[2021-03-18T08:04:59.646+0000][24612][gc,heap] Heap region size: 1M
[2021-03-18T08:04:59.647+0000][24612][gc,heap,coops] Heap address: 0x00000000c0000000, size: 1024 MB, Compressed Oops mode: 32-bit
[2021-03-18T08:05:00.327+0000][24612][gc           ] Using G1
[2021-03-18T08:05:00.349+0000][24612][gc           ] Periodic GC disabled
[2021-03-18T08:05:00.818+0000][24612][safepoint    ] Safepoint "ICBufferFull", Time since last: 480088500 ns, Reaching safepoint: 148300 ns, At safepoint: 21900 ns, Total: 170200 ns
[2021-03-18T08:05:01.490+0000][24612][safepoint    ] Safepoint "ICBufferFull", Time since last: 671625000 ns, Reaching safepoint: 227300 ns, At safepoint: 56400 ns, Total: 283700 ns
[2021-03-18T08:05:01.679+0000][24612][gc,start     ] GC(0) Pause Young (Normal) (G1 Evacuation Pause)
[2021-03-18T08:05:01.680+0000][24612][gc,task      ] GC(0) Using 8 workers of 8 for evacuation
[2021-03-18T08:05:01.680+0000][24612][gc,age       ] GC(0) Desired survivor size 3670016 bytes, new threshold 15 (max threshold 15)
[2021-03-18T08:05:01.685+0000][24612][gc,age       ] GC(0) Age table with threshold 15 (max threshold 15)
[2021-03-18T08:05:01.685+0000][24612][gc,age       ] GC(0) - age   1:    5128584 bytes,    5128584 total
[2021-03-18T08:05:01.685+0000][24612][gc,phases    ] GC(0)   Pre Evacuate Collection Set: 0.1ms
[2021-03-18T08:05:01.685+0000][24612][gc,phases    ] GC(0)   Merge Heap Roots: 0.1ms
[2021-03-18T08:05:01.685+0000][24612][gc,phases    ] GC(0)   Evacuate Collection Set: 3.8ms
[2021-03-18T08:05:01.685+0000][24612][gc,phases    ] GC(0)   Post Evacuate Collection Set: 0.9ms
[2021-03-18T08:05:01.685+0000][24612][gc,phases    ] GC(0)   Other: 1.3ms
[2021-03-18T08:05:01.685+0000][24612][gc,heap      ] GC(0) Eden regions: 51->0(57)
[2021-03-18T08:05:01.685+0000][24612][gc,heap      ] GC(0) Survivor regions: 0->6(7)
[2021-03-18T08:05:01.685+0000][24612][gc,heap      ] GC(0) Old regions: 0->0
[2021-03-18T08:05:01.685+0000][24612][gc,heap      ] GC(0) Archive regions: 0->0
[2021-03-18T08:05:01.685+0000][24612][gc,heap      ] GC(0) Humongous regions: 1->1
[2021-03-18T08:05:01.685+0000][24612][gc,metaspace ] GC(0) Metaspace: 12502K(13056K)->12502K(13056K) NonClass: 10970K(11264K)->10970K(11264K) Class: 1531K(1792K)->1531K(1792K)
[2021-03-18T08:05:01.686+0000][24612][gc           ] GC(0) Pause Young (Normal) (G1 Evacuation Pause) 52M->6M(1024M) 6.452ms
[2021-03-18T08:05:01.686+0000][24612][gc,cpu       ] GC(0) User=0.00s Sys=0.02s Real=0.01s
[2021-03-18T08:05:01.686+0000][24612][safepoint    ] Safepoint "G1CollectForAllocation", Time since last: 189189100 ns, Reaching safepoint: 110500 ns, At safepoint: 6622400 ns, Total: 6732900 ns
[2021-03-18T08:05:02.363+0000][24612][gc,start     ] GC(1) Pause Young (Normal) (G1 Evacuation Pause)
[2021-03-18T08:05:02.364+0000][24612][gc,task      ] GC(1) Using 8 workers of 8 for evacuation
[2021-03-18T08:05:02.364+0000][24612][gc,age       ] GC(1) Desired survivor size 4194304 bytes, new threshold 1 (max threshold 15)
[2021-03-18T08:05:02.369+0000][24612][gc,age       ] GC(1) Age table with threshold 1 (max threshold 15)
[2021-03-18T08:05:02.369+0000][24612][gc,age       ] GC(1) - age   1:    1078376 bytes,    1078376 total
[2021-03-18T08:05:02.369+0000][24612][gc,phases    ] GC(1)   Pre Evacuate Collection Set: 0.2ms
[2021-03-18T08:05:02.369+0000][24612][gc,phases    ] GC(1)   Merge Heap Roots: 0.1ms
[2021-03-18T08:05:02.369+0000][24612][gc,phases    ] GC(1)   Evacuate Collection Set: 4.6ms
[2021-03-18T08:05:02.369+0000][24612][gc,phases    ] GC(1)   Post Evacuate Collection Set: 0.8ms
[2021-03-18T08:05:02.369+0000][24612][gc,phases    ] GC(1)   Other: 0.3ms
[2021-03-18T08:05:02.369+0000][24612][gc,heap      ] GC(1) Eden regions: 57->0(612)
[2021-03-18T08:05:02.370+0000][24612][gc,heap      ] GC(1) Survivor regions: 6->2(8)
[2021-03-18T08:05:02.370+0000][24612][gc,heap      ] GC(1) Old regions: 0->5
[2021-03-18T08:05:02.370+0000][24612][gc,heap      ] GC(1) Archive regions: 0->0
[2021-03-18T08:05:02.370+0000][24612][gc,heap      ] GC(1) Humongous regions: 1->1
[2021-03-18T08:05:02.370+0000][24612][gc,metaspace ] GC(1) Metaspace: 14266K(14976K)->14266K(14976K) NonClass: 12551K(13056K)->12551K(13056K) Class: 1715K(1920K)->1715K(1920K)
[2021-03-18T08:05:02.370+0000][24612][gc           ] GC(1) Pause Young (Normal) (G1 Evacuation Pause) 63M->7M(1024M) 6.200ms
[2021-03-18T08:05:02.370+0000][24612][gc,cpu       ] GC(1) User=0.00s Sys=0.00s Real=0.01s
[2021-03-18T08:05:02.370+0000][24612][safepoint    ] Safepoint "G1CollectForAllocation", Time since last: 677478200 ns, Reaching safepoint: 185300 ns, At safepoint: 6351900 ns, Total: 6537200 ns
[2021-03-18T08:05:02.370+0000][24612][safepoint    ] Safepoint "BulkRevokeBias", Time since last: 233800 ns, Reaching safepoint: 174800 ns, At safepoint: 136100 ns, Total: 310900 ns
[2021-03-18T08:05:02.837+0000][24612][safepoint    ] Safepoint "ICBufferFull", Time since last: 466416300 ns, Reaching safepoint: 149100 ns, At safepoint: 13100 ns, Total: 162200 ns
[2021-03-18T08:05:03.327+0000][24612][gc,start     ] GC(2) Pause Young (Concurrent Start) (Metadata GC Threshold)
[2021-03-18T08:05:03.327+0000][24612][gc,task      ] GC(2) Using 8 workers of 8 for evacuation
[2021-03-18T08:05:03.327+0000][24612][gc,age       ] GC(2) Desired survivor size 40370176 bytes, new threshold 15 (max threshold 15)
[2021-03-18T08:05:03.332+0000][24612][gc,age       ] GC(2) Age table with threshold 15 (max threshold 15)
[2021-03-18T08:05:03.332+0000][24612][gc,age       ] GC(2) - age   1:    6447176 bytes,    6447176 total
[2021-03-18T08:05:03.332+0000][24612][gc,age       ] GC(2) - age   2:    1064568 bytes,    7511744 total
[2021-03-18T08:05:03.332+0000][24612][gc,phases    ] GC(2)   Pre Evacuate Collection Set: 0.1ms
[2021-03-18T08:05:03.332+0000][24612][gc,phases    ] GC(2)   Merge Heap Roots: 0.1ms
[2021-03-18T08:05:03.332+0000][24612][gc,phases    ] GC(2)   Evacuate Collection Set: 3.3ms
[2021-03-18T08:05:03.332+0000][24612][gc,phases    ] GC(2)   Post Evacuate Collection Set: 0.7ms
[2021-03-18T08:05:03.332+0000][24612][gc,phases    ] GC(2)   Other: 0.5ms
[2021-03-18T08:05:03.332+0000][24612][gc,heap      ] GC(2) Eden regions: 355->0(606)
[2021-03-18T08:05:03.332+0000][24612][gc,heap      ] GC(2) Survivor regions: 2->8(77)
[2021-03-18T08:05:03.332+0000][24612][gc,heap      ] GC(2) Old regions: 5->5
[2021-03-18T08:05:03.332+0000][24612][gc,heap      ] GC(2) Archive regions: 0->0
[2021-03-18T08:05:03.332+0000][24612][gc,heap      ] GC(2) Humongous regions: 1->1
[2021-03-18T08:05:03.332+0000][24612][gc,metaspace ] GC(2) Metaspace: 20143K(21296K)->20143K(21296K) NonClass: 17749K(18608K)->17749K(18608K) Class: 2393K(2688K)->2393K(2688K)
[2021-03-18T08:05:03.332+0000][24612][gc           ] GC(2) Pause Young (Concurrent Start) (Metadata GC Threshold) 362M->13M(1024M) 4.964ms
[2021-03-18T08:05:03.332+0000][24612][gc,cpu       ] GC(2) User=0.00s Sys=0.00s Real=0.01s
[2021-03-18T08:05:03.332+0000][24612][gc           ] GC(3) Concurrent Cycle
[2021-03-18T08:05:03.332+0000][24612][gc,marking   ] GC(3) Concurrent Clear Claimed Marks
[2021-03-18T08:05:03.332+0000][24612][safepoint    ] Safepoint "CollectForMetadataAllocation", Time since last: 490369200 ns, Reaching safepoint: 110300 ns, At safepoint: 5169700 ns, Total: 5280000 ns
[2021-03-18T08:05:03.332+0000][24612][gc,marking   ] GC(3) Concurrent Clear Claimed Marks 0.061ms
[2021-03-18T08:05:03.332+0000][24612][gc,marking   ] GC(3) Concurrent Scan Root Regions
[2021-03-18T08:05:03.334+0000][24612][safepoint    ] Safepoint "BulkRevokeBias", Time since last: 455000 ns, Reaching safepoint: 371100 ns, At safepoint: 417100 ns, Total: 788200 ns
[2021-03-18T08:05:03.335+0000][24612][safepoint    ] Safepoint "BulkRevokeBias", Time since last: 568600 ns, Reaching safepoint: 236200 ns, At safepoint: 987800 ns, Total: 1224000 ns
[2021-03-18T08:05:03.336+0000][24612][gc,marking   ] GC(3) Concurrent Scan Root Regions 3.337ms
[2021-03-18T08:05:03.336+0000][24612][gc,marking   ] GC(3) Concurrent Mark (3.714s)
[2021-03-18T08:05:03.336+0000][24612][safepoint    ] Safepoint "BulkRevokeBias", Time since last: 139500 ns, Reaching safepoint: 138400 ns, At safepoint: 136900 ns, Total: 275300 ns
[2021-03-18T08:05:03.336+0000][24612][gc,marking   ] GC(3) Concurrent Mark From Roots
[2021-03-18T08:05:03.336+0000][24612][gc,task      ] GC(3) Using 2 workers of 2 for marking
[2021-03-18T08:05:03.340+0000][24612][safepoint    ] Safepoint "BulkRevokeBias", Time since last: 3996700 ns, Reaching safepoint: 180400 ns, At safepoint: 454600 ns, Total: 635000 ns
[2021-03-18T08:05:03.345+0000][24612][gc,marking   ] GC(3) Concurrent Mark From Roots 8.799ms
[2021-03-18T08:05:03.345+0000][24612][gc,marking   ] GC(3) Concurrent Preclean
[2021-03-18T08:05:03.345+0000][24612][gc,marking   ] GC(3) Concurrent Preclean 0.418ms
[2021-03-18T08:05:03.345+0000][24612][gc,marking   ] GC(3) Concurrent Mark (3.714s, 3.723s) 9.383ms
[2021-03-18T08:05:03.345+0000][24612][gc,start     ] GC(3) Pause Remark
[2021-03-18T08:05:03.347+0000][24612][gc           ] GC(3) Pause Remark 15M->15M(1024M) 1.367ms
[2021-03-18T08:05:03.347+0000][24612][gc,cpu       ] GC(3) User=0.00s Sys=0.00s Real=0.00s
[2021-03-18T08:05:03.347+0000][24612][safepoint    ] Safepoint "G1Concurrent", Time since last: 4820400 ns, Reaching safepoint: 71800 ns, At safepoint: 1480700 ns, Total: 1552500 ns
[2021-03-18T08:05:03.347+0000][24612][gc,marking   ] GC(3) Concurrent Rebuild Remembered Sets
[2021-03-18T08:05:03.350+0000][24612][gc,marking   ] GC(3) Concurrent Rebuild Remembered Sets 3.404ms
[2021-03-18T08:05:03.351+0000][24612][gc,start     ] GC(3) Pause Cleanup
[2021-03-18T08:05:03.351+0000][24612][gc           ] GC(3) Pause Cleanup 16M->16M(1024M) 0.229ms
[2021-03-18T08:05:03.351+0000][24612][gc,cpu       ] GC(3) User=0.00s Sys=0.00s Real=0.00s
[2021-03-18T08:05:03.351+0000][24612][safepoint    ] Safepoint "G1Concurrent", Time since last: 3594400 ns, Reaching safepoint: 542800 ns, At safepoint: 347400 ns, Total: 890200 ns
[2021-03-18T08:05:03.351+0000][24612][gc,marking   ] GC(3) Concurrent Cleanup for Next Mark
[2021-03-18T08:05:03.353+0000][24612][gc,marking   ] GC(3) Concurrent Cleanup for Next Mark 2.138ms
[2021-03-18T08:05:03.354+0000][24612][gc           ] GC(3) Concurrent Cycle 21.462ms
[2021-03-18T08:05:04.812+0000][24612][safepoint    ] Safepoint "Cleanup", Time since last: 1460266800 ns, Reaching safepoint: 105300 ns, At safepoint: 1600 ns, Total: 106900 ns
[2021-03-18T08:05:05.965+0000][24612][gc,start     ] GC(4) Pause Young (Normal) (G1 Evacuation Pause)
[2021-03-18T08:05:05.965+0000][24612][gc,task      ] GC(4) Using 8 workers of 8 for evacuation
[2021-03-18T08:05:05.965+0000][24612][gc,age       ] GC(4) Desired survivor size 40370176 bytes, new threshold 15 (max threshold 15)
[2021-03-18T08:05:05.990+0000][24612][gc,age       ] GC(4) Age table with threshold 15 (max threshold 15)
[2021-03-18T08:05:05.991+0000][24612][gc,age       ] GC(4) - age   1:   24581680 bytes,   24581680 total
[2021-03-18T08:05:05.991+0000][24612][gc,age       ] GC(4) - age   2:    6326944 bytes,   30908624 total
[2021-03-18T08:05:05.991+0000][24612][gc,age       ] GC(4) - age   3:    1020576 bytes,   31929200 total
[2021-03-18T08:05:05.991+0000][24612][gc,phases    ] GC(4)   Pre Evacuate Collection Set: 0.1ms
[2021-03-18T08:05:05.991+0000][24612][gc,phases    ] GC(4)   Merge Heap Roots: 0.1ms
[2021-03-18T08:05:05.991+0000][24612][gc,phases    ] GC(4)   Evacuate Collection Set: 22.9ms
[2021-03-18T08:05:05.991+0000][24612][gc,phases    ] GC(4)   Post Evacuate Collection Set: 1.9ms
[2021-03-18T08:05:05.991+0000][24612][gc,phases    ] GC(4)   Other: 0.5ms
[2021-03-18T08:05:05.991+0000][24612][gc,heap      ] GC(4) Eden regions: 606->0(583)
[2021-03-18T08:05:05.991+0000][24612][gc,heap      ] GC(4) Survivor regions: 8->31(77)
[2021-03-18T08:05:05.991+0000][24612][gc,heap      ] GC(4) Old regions: 5->5
[2021-03-18T08:05:05.991+0000][24612][gc,heap      ] GC(4) Archive regions: 0->0
[2021-03-18T08:05:05.991+0000][24612][gc,heap      ] GC(4) Humongous regions: 2->1
[2021-03-18T08:05:05.991+0000][24612][gc,metaspace ] GC(4) Metaspace: 28330K(30384K)->28330K(30384K) NonClass: 24870K(26288K)->24870K(26288K) Class: 3459K(4096K)->3459K(4096K)
[2021-03-18T08:05:05.991+0000][24612][gc           ] GC(4) Pause Young (Normal) (G1 Evacuation Pause) 620M->36M(1024M) 25.891ms
[2021-03-18T08:05:05.991+0000][24612][gc,cpu       ] GC(4) User=0.23s Sys=0.00s Real=0.03s
[2021-03-18T08:05:05.991+0000][24612][safepoint    ] Safepoint "G1CollectForAllocation", Time since last: 1153221200 ns, Reaching safepoint: 288400 ns, At safepoint: 26038900 ns, Total: 26327300 ns
[2021-03-18T08:05:05.998+0000][24612][safepoint    ] Safepoint "BulkRevokeBias", Time since last: 3349600 ns, Reaching safepoint: 3118500 ns, At safepoint: 155700 ns, Total: 3274200 ns
[2021-03-18T08:05:05.999+0000][24612][safepoint    ] Safepoint "BulkRevokeBias", Time since last: 580500 ns, Reaching safepoint: 268700 ns, At safepoint: 74400 ns, Total: 343100 ns
[2021-03-18T08:05:06.931+0000][24612][safepoint    ] Safepoint "ICBufferFull", Time since last: 931636500 ns, Reaching safepoint: 144800 ns, At safepoint: 18800 ns, Total: 163600 ns
[2021-03-18T08:05:07.196+0000][24612][gc,start     ] GC(5) Pause Young (Concurrent Start) (Metadata GC Threshold)
[2021-03-18T08:05:07.196+0000][24612][gc,task      ] GC(5) Using 8 workers of 8 for evacuation
[2021-03-18T08:05:07.196+0000][24612][gc,age       ] GC(5) Desired survivor size 40370176 bytes, new threshold 15 (max threshold 15)
[2021-03-18T08:05:07.229+0000][24612][gc,age       ] GC(5) Age table with threshold 15 (max threshold 15)
[2021-03-18T08:05:07.229+0000][24612][gc,age       ] GC(5) - age   1:   14746072 bytes,   14746072 total
[2021-03-18T08:05:07.229+0000][24612][gc,age       ] GC(5) - age   2:   24453368 bytes,   39199440 total
[2021-03-18T08:05:07.229+0000][24612][gc,age       ] GC(5) - age   3:    6282112 bytes,   45481552 total
[2021-03-18T08:05:07.229+0000][24612][gc,age       ] GC(5) - age   4:    1018080 bytes,   46499632 total
[2021-03-18T08:05:07.229+0000][24612][gc,phases    ] GC(5)   Pre Evacuate Collection Set: 0.3ms
[2021-03-18T08:05:07.229+0000][24612][gc,phases    ] GC(5)   Merge Heap Roots: 0.1ms
[2021-03-18T08:05:07.229+0000][24612][gc,phases    ] GC(5)   Evacuate Collection Set: 30.5ms
[2021-03-18T08:05:07.229+0000][24612][gc,phases    ] GC(5)   Post Evacuate Collection Set: 1.5ms
[2021-03-18T08:05:07.229+0000][24612][gc,phases    ] GC(5)   Other: 0.7ms
[2021-03-18T08:05:07.229+0000][24612][gc,heap      ] GC(5) Eden regions: 107->0(220)
[2021-03-18T08:05:07.230+0000][24612][gc,heap      ] GC(5) Survivor regions: 31->47(77)
[2021-03-18T08:05:07.230+0000][24612][gc,heap      ] GC(5) Old regions: 5->5
[2021-03-18T08:05:07.230+0000][24612][gc,heap      ] GC(5) Archive regions: 0->0
[2021-03-18T08:05:07.230+0000][24612][gc,heap      ] GC(5) Humongous regions: 1->1
[2021-03-18T08:05:07.230+0000][24612][gc,metaspace ] GC(5) Metaspace: 33382K(35708K)->33382K(35708K) NonClass: 29125K(30588K)->29125K(30588K) Class: 4256K(5120K)->4256K(5120K)
[2021-03-18T08:05:07.230+0000][24612][gc           ] GC(5) Pause Young (Concurrent Start) (Metadata GC Threshold) 143M->52M(1024M) 33.605ms
[2021-03-18T08:05:07.230+0000][24612][gc,cpu       ] GC(5) User=0.25s Sys=0.00s Real=0.03s
[2021-03-18T08:05:07.230+0000][24612][gc           ] GC(6) Concurrent Cycle
[2021-03-18T08:05:07.230+0000][24612][gc,marking   ] GC(6) Concurrent Clear Claimed Marks
[2021-03-18T08:05:07.230+0000][24612][gc,marking   ] GC(6) Concurrent Clear Claimed Marks 0.159ms
[2021-03-18T08:05:07.230+0000][24612][gc,marking   ] GC(6) Concurrent Scan Root Regions
[2021-03-18T08:05:07.230+0000][24612][safepoint    ] Safepoint "CollectForMetadataAllocation", Time since last: 264755900 ns, Reaching safepoint: 256900 ns, At safepoint: 34037300 ns, Total: 34294200 ns
[2021-03-18T08:05:07.252+0000][24612][gc,marking   ] GC(6) Concurrent Scan Root Regions 22.248ms
[2021-03-18T08:05:07.252+0000][24612][gc,marking   ] GC(6) Concurrent Mark (7.630s)
[2021-03-18T08:05:07.252+0000][24612][gc,marking   ] GC(6) Concurrent Mark From Roots
[2021-03-18T08:05:07.252+0000][24612][gc,task      ] GC(6) Using 2 workers of 2 for marking
[2021-03-18T08:05:07.253+0000][24612][safepoint    ] Safepoint "CollectForMetadataAllocation", Time since last: 23050900 ns, Reaching safepoint: 93200 ns, At safepoint: 210100 ns, Total: 303300 ns
[2021-03-18T08:05:07.254+0000][24612][safepoint    ] Safepoint "CollectForMetadataAllocation", Time since last: 109700 ns, Reaching safepoint: 86600 ns, At safepoint: 19200 ns, Total: 105800 ns
[2021-03-18T08:05:07.262+0000][24612][gc,marking   ] GC(6) Concurrent Mark From Roots 9.964ms
[2021-03-18T08:05:07.262+0000][24612][gc,marking   ] GC(6) Concurrent Preclean
[2021-03-18T08:05:07.263+0000][24612][gc,marking   ] GC(6) Concurrent Preclean 0.405ms
[2021-03-18T08:05:07.263+0000][24612][gc,marking   ] GC(6) Concurrent Mark (7.630s, 7.640s) 10.526ms
[2021-03-18T08:05:07.263+0000][24612][gc,start     ] GC(6) Pause Remark
[2021-03-18T08:05:07.265+0000][24612][gc           ] GC(6) Pause Remark 55M->55M(1024M) 1.983ms
[2021-03-18T08:05:07.265+0000][24612][gc,cpu       ] GC(6) User=0.05s Sys=0.00s Real=0.00s
[2021-03-18T08:05:07.265+0000][24612][safepoint    ] Safepoint "G1Concurrent", Time since last: 9333500 ns, Reaching safepoint: 96100 ns, At safepoint: 2123800 ns, Total: 2219900 ns
[2021-03-18T08:05:07.265+0000][24612][gc,marking   ] GC(6) Concurrent Rebuild Remembered Sets
[2021-03-18T08:05:07.269+0000][24612][gc,marking   ] GC(6) Concurrent Rebuild Remembered Sets 3.490ms
[2021-03-18T08:05:07.269+0000][24612][gc,start     ] GC(6) Pause Cleanup
[2021-03-18T08:05:07.269+0000][24612][gc           ] GC(6) Pause Cleanup 57M->57M(1024M) 0.170ms
[2021-03-18T08:05:07.269+0000][24612][gc,cpu       ] GC(6) User=0.00s Sys=0.00s Real=0.00s
[2021-03-18T08:05:07.269+0000][24612][safepoint    ] Safepoint "G1Concurrent", Time since last: 3626100 ns, Reaching safepoint: 310600 ns, At safepoint: 288400 ns, Total: 599000 ns
[2021-03-18T08:05:07.269+0000][24612][gc,marking   ] GC(6) Concurrent Cleanup for Next Mark
[2021-03-18T08:05:07.271+0000][24612][gc,marking   ] GC(6) Concurrent Cleanup for Next Mark 1.968ms
[2021-03-18T08:05:07.272+0000][24612][gc           ] GC(6) Concurrent Cycle 41.802ms
[2021-03-18T08:05:08.352+0000][24612][safepoint    ] Safepoint "ICBufferFull", Time since last: 1080532300 ns, Reaching safepoint: 2500700 ns, At safepoint: 15000 ns, Total: 2515700 ns
[2021-03-18T08:05:08.851+0000][24612][safepoint    ] Safepoint "ICBufferFull", Time since last: 498222800 ns, Reaching safepoint: 202700 ns, At safepoint: 20100 ns, Total: 222800 ns
[2021-03-18T08:05:09.221+0000][24612][safepoint    ] Safepoint "BulkRevokeBias", Time since last: 370482900 ns, Reaching safepoint: 493100 ns, At safepoint: 161100 ns, Total: 654200 ns
[2021-03-18T08:05:09.366+0000][24612][safepoint    ] Safepoint "BulkRevokeBias", Time since last: 143795900 ns, Reaching safepoint: 117700 ns, At safepoint: 105600 ns, Total: 223300 ns
[2021-03-18T08:05:09.369+0000][24612][safepoint    ] Safepoint "BulkRevokeBias", Time since last: 3005500 ns, Reaching safepoint: 47800 ns, At safepoint: 162300 ns, Total: 210100 ns
[2021-03-18T08:05:09.372+0000][24612][safepoint    ] Safepoint "BulkRevokeBias", Time since last: 2856300 ns, Reaching safepoint: 58300 ns, At safepoint: 108000 ns, Total: 166300 ns
[2021-03-18T08:05:10.200+0000][24612][gc,start     ] GC(7) Pause Young (Concurrent Start) (Metadata GC Threshold)
[2021-03-18T08:05:10.200+0000][24612][gc,task      ] GC(7) Using 8 workers of 8 for evacuation
[2021-03-18T08:05:10.200+0000][24612][gc,age       ] GC(7) Desired survivor size 25690112 bytes, new threshold 2 (max threshold 15)
[2021-03-18T08:05:10.236+0000][24612][gc,age       ] GC(7) Age table with threshold 2 (max threshold 15)
[2021-03-18T08:05:10.236+0000][24612][gc,age       ] GC(7) - age   1:    8837328 bytes,    8837328 total
[2021-03-18T08:05:10.237+0000][24612][gc,age       ] GC(7) - age   2:   14524224 bytes,   23361552 total
[2021-03-18T08:05:10.237+0000][24612][gc,phases    ] GC(7)   Pre Evacuate Collection Set: 0.2ms
[2021-03-18T08:05:10.237+0000][24612][gc,phases    ] GC(7)   Merge Heap Roots: 0.1ms
[2021-03-18T08:05:10.237+0000][24612][gc,phases    ] GC(7)   Evacuate Collection Set: 34.3ms
[2021-03-18T08:05:10.237+0000][24612][gc,phases    ] GC(7)   Post Evacuate Collection Set: 1.6ms
[2021-03-18T08:05:10.237+0000][24612][gc,phases    ] GC(7)   Other: 0.5ms
[2021-03-18T08:05:10.237+0000][24612][gc,heap      ] GC(7) Eden regions: 249->0(565)
[2021-03-18T08:05:10.237+0000][24612][gc,heap      ] GC(7) Survivor regions: 47->24(49)
[2021-03-18T08:05:10.237+0000][24612][gc,heap      ] GC(7) Old regions: 5->36
[2021-03-18T08:05:10.237+0000][24612][gc,heap      ] GC(7) Archive regions: 0->0
[2021-03-18T08:05:10.237+0000][24612][gc,heap      ] GC(7) Humongous regions: 1->1
[2021-03-18T08:05:10.237+0000][24612][gc,metaspace ] GC(7) Metaspace: 56148K(60368K)->56148K(60368K) NonClass: 48470K(50896K)->48470K(50896K) Class: 7677K(9472K)->7677K(9472K)
[2021-03-18T08:05:10.237+0000][24612][gc           ] GC(7) Pause Young (Concurrent Start) (Metadata GC Threshold) 301M->60M(1024M) 37.289ms
[2021-03-18T08:05:10.237+0000][24612][gc,cpu       ] GC(7) User=0.38s Sys=0.00s Real=0.04s
[2021-03-18T08:05:10.237+0000][24612][gc           ] GC(8) Concurrent Cycle
[2021-03-18T08:05:10.237+0000][24612][gc,marking   ] GC(8) Concurrent Clear Claimed Marks
[2021-03-18T08:05:10.238+0000][24612][safepoint    ] Safepoint "CollectForMetadataAllocation", Time since last: 827671000 ns, Reaching safepoint: 293600 ns, At safepoint: 37646600 ns, Total: 37940200 ns
[2021-03-18T08:05:10.238+0000][24612][gc,marking   ] GC(8) Concurrent Clear Claimed Marks 0.208ms
[2021-03-18T08:05:10.238+0000][24612][gc,marking   ] GC(8) Concurrent Scan Root Regions
[2021-03-18T08:05:10.266+0000][24612][gc,marking   ] GC(8) Concurrent Scan Root Regions 28.948ms
[2021-03-18T08:05:10.266+0000][24612][gc,marking   ] GC(8) Concurrent Mark (10.644s)
[2021-03-18T08:05:10.266+0000][24612][gc,marking   ] GC(8) Concurrent Mark From Roots
[2021-03-18T08:05:10.266+0000][24612][gc,task      ] GC(8) Using 2 workers of 2 for marking
[2021-03-18T08:05:10.273+0000][24612][gc,marking   ] GC(8) Concurrent Mark From Roots 6.675ms
[2021-03-18T08:05:10.273+0000][24612][gc,marking   ] GC(8) Concurrent Preclean
[2021-03-18T08:05:10.273+0000][24612][gc,marking   ] GC(8) Concurrent Preclean 0.335ms
[2021-03-18T08:05:10.273+0000][24612][gc,marking   ] GC(8) Concurrent Mark (10.644s, 10.652s) 7.148ms
[2021-03-18T08:05:10.273+0000][24612][gc,start     ] GC(8) Pause Remark
[2021-03-18T08:05:10.276+0000][24612][gc           ] GC(8) Pause Remark 63M->63M(1024M) 2.307ms
[2021-03-18T08:05:10.276+0000][24612][gc,cpu       ] GC(8) User=0.00s Sys=0.00s Real=0.00s
[2021-03-18T08:05:10.276+0000][24612][safepoint    ] Safepoint "G1Concurrent", Time since last: 36353700 ns, Reaching safepoint: 91200 ns, At safepoint: 2472000 ns, Total: 2563200 ns
[2021-03-18T08:05:10.276+0000][24612][gc,marking   ] GC(8) Concurrent Rebuild Remembered Sets
[2021-03-18T08:05:10.299+0000][24612][gc,marking   ] GC(8) Concurrent Rebuild Remembered Sets 23.313ms
[2021-03-18T08:05:10.300+0000][24612][gc,start     ] GC(8) Pause Cleanup
[2021-03-18T08:05:10.300+0000][24612][gc           ] GC(8) Pause Cleanup 64M->64M(1024M) 0.232ms
[2021-03-18T08:05:10.300+0000][24612][gc,cpu       ] GC(8) User=0.00s Sys=0.00s Real=0.00s
[2021-03-18T08:05:10.300+0000][24612][safepoint    ] Safepoint "G1Concurrent", Time since last: 23468900 ns, Reaching safepoint: 718900 ns, At safepoint: 351400 ns, Total: 1070300 ns
[2021-03-18T08:05:10.300+0000][24612][gc,marking   ] GC(8) Concurrent Cleanup for Next Mark
[2021-03-18T08:05:10.302+0000][24612][gc,marking   ] GC(8) Concurrent Cleanup for Next Mark 1.749ms
[2021-03-18T08:05:10.302+0000][24612][gc           ] GC(8) Concurrent Cycle 65.605ms
[2021-03-18T08:05:11.051+0000][24612][safepoint    ] Safepoint "ICBufferFull", Time since last: 749397200 ns, Reaching safepoint: 801600 ns, At safepoint: 14000 ns, Total: 815600 ns
[2021-03-18T08:05:11.580+0000][24612][safepoint    ] Safepoint "BulkRevokeBias", Time since last: 525405400 ns, Reaching safepoint: 2402600 ns, At safepoint: 1309600 ns, Total: 3712200 ns
[2021-03-18T08:05:13.556+0000][24612][safepoint    ] Safepoint "Cleanup", Time since last: 1975198300 ns, Reaching safepoint: 157800 ns, At safepoint: 11800 ns, Total: 169600 ns
[2021-03-18T08:05:14.561+0000][24612][safepoint    ] Safepoint "Cleanup", Time since last: 1004788800 ns, Reaching safepoint: 179500 ns, At safepoint: 3300 ns, Total: 182800 ns
[2021-03-18T08:05:14.642+0000][24612][safepoint    ] Safepoint "BulkRevokeBias", Time since last: 81196700 ns, Reaching safepoint: 231400 ns, At safepoint: 794900 ns, Total: 1026300 ns
[2021-03-18T08:05:14.643+0000][24612][safepoint    ] Safepoint "BulkRevokeBias", Time since last: 277400 ns, Reaching safepoint: 101500 ns, At safepoint: 890800 ns, Total: 992300 ns
[2021-03-18T08:05:14.645+0000][24612][safepoint    ] Safepoint "BulkRevokeBias", Time since last: 234300 ns, Reaching safepoint: 106300 ns, At safepoint: 907700 ns, Total: 1014000 ns
[2021-03-18T08:05:14.682+0000][24612][safepoint    ] Safepoint "BulkRevokeBias", Time since last: 35911500 ns, Reaching safepoint: 102700 ns, At safepoint: 831700 ns, Total: 934400 ns
[2021-03-18T08:05:14.781+0000][24612][safepoint    ] Safepoint "BulkRevokeBias", Time since last: 98400500 ns, Reaching safepoint: 140500 ns, At safepoint: 672500 ns, Total: 813000 ns
[2021-03-18T08:05:14.825+0000][24612][safepoint    ] Safepoint "BulkRevokeBias", Time since last: 43177900 ns, Reaching safepoint: 172800 ns, At safepoint: 709800 ns, Total: 882600 ns
[2021-03-18T08:05:14.967+0000][24612][safepoint    ] Safepoint "BulkRevokeBias", Time since last: 129314200 ns, Reaching safepoint: 366300 ns, At safepoint: 12163000 ns, Total: 12529300 ns
[2021-03-18T08:05:15.248+0000][24612][safepoint    ] Safepoint "ICBufferFull", Time since last: 280982800 ns, Reaching safepoint: 256300 ns, At safepoint: 8700 ns, Total: 265000 ns
[2021-03-18T08:05:15.332+0000][24612][safepoint    ] Safepoint "BulkRevokeBias", Time since last: 82079500 ns, Reaching safepoint: 135300 ns, At safepoint: 1229100 ns, Total: 1364400 ns
[2021-03-18T08:05:15.599+0000][24612][safepoint    ] Safepoint "BulkRevokeBias", Time since last: 264040200 ns, Reaching safepoint: 166700 ns, At safepoint: 2774500 ns, Total: 2941200 ns
[2021-03-18T08:05:15.787+0000][24612][safepoint    ] Safepoint "BulkRevokeBias", Time since last: 186243800 ns, Reaching safepoint: 239500 ns, At safepoint: 1176900 ns, Total: 1416400 ns
[2021-03-18T08:05:16.165+0000][24612][safepoint    ] Safepoint "ICBufferFull", Time since last: 378092200 ns, Reaching safepoint: 232800 ns, At safepoint: 662500 ns, Total: 895300 ns
[2021-03-18T08:05:16.349+0000][24612][safepoint    ] Safepoint "BulkRevokeBias", Time since last: 182847600 ns, Reaching safepoint: 154000 ns, At safepoint: 960400 ns, Total: 1114400 ns
[2021-03-18T08:05:16.352+0000][24612][safepoint    ] Safepoint "BulkRevokeBias", Time since last: 1697600 ns, Reaching safepoint: 85700 ns, At safepoint: 890300 ns, Total: 976000 ns
[2021-03-18T08:05:16.356+0000][24612][safepoint    ] Safepoint "BulkRevokeBias", Time since last: 2954300 ns, Reaching safepoint: 130300 ns, At safepoint: 867000 ns, Total: 997300 ns
[2021-03-18T08:05:17.072+0000][24612][safepoint    ] Safepoint "BulkRevokeBias", Time since last: 714883700 ns, Reaching safepoint: 238400 ns, At safepoint: 1202600 ns, Total: 1441000 ns
[2021-03-18T08:05:17.073+0000][24612][safepoint    ] Safepoint "BulkRevokeBias", Time since last: 195400 ns, Reaching safepoint: 149000 ns, At safepoint: 738600 ns, Total: 887600 ns
[2021-03-18T08:05:18.126+0000][24612][safepoint    ] Safepoint "Cleanup", Time since last: 1053047800 ns, Reaching safepoint: 194700 ns, At safepoint: 81900 ns, Total: 276600 ns
[2021-03-18T08:05:18.132+0000][24612][safepoint    ] Safepoint "BulkRevokeBias", Time since last: 4188400 ns, Reaching safepoint: 144600 ns, At safepoint: 1162900 ns, Total: 1307500 ns
[2021-03-18T08:05:19.133+0000][24612][safepoint    ] Safepoint "Cleanup", Time since last: 1000208400 ns, Reaching safepoint: 142400 ns, At safepoint: 6200 ns, Total: 148600 ns
[2021-03-18T08:05:20.133+0000][24612][safepoint    ] Safepoint "Cleanup", Time since last: 1000564800 ns, Reaching safepoint: 117300 ns, At safepoint: 8100 ns, Total: 125400 ns
[2021-03-18T08:05:21.134+0000][24612][safepoint    ] Safepoint "Cleanup", Time since last: 1000807100 ns, Reaching safepoint: 115800 ns, At safepoint: 10900 ns, Total: 126700 ns
[2021-03-18T08:05:22.134+0000][24612][safepoint    ] Safepoint "Cleanup", Time since last: 1000209700 ns, Reaching safepoint: 119000 ns, At safepoint: 6200 ns, Total: 125200 ns
[2021-03-18T08:05:23.135+0000][24612][safepoint    ] Safepoint "Cleanup", Time since last: 1000854000 ns, Reaching safepoint: 123500 ns, At safepoint: 4400 ns, Total: 127900 ns
[2021-03-18T08:05:24.135+0000][24612][safepoint    ] Safepoint "Cleanup", Time since last: 1000069000 ns, Reaching safepoint: 266200 ns, At safepoint: 13100 ns, Total: 279300 ns
[2021-03-18T08:05:26.136+0000][24612][safepoint    ] Safepoint "Cleanup", Time since last: 1999890100 ns, Reaching safepoint: 172400 ns, At safepoint: 5000 ns, Total: 177400 ns
[2021-03-18T08:05:27.136+0000][24612][safepoint    ] Safepoint "Cleanup", Time since last: 1000675400 ns, Reaching safepoint: 150200 ns, At safepoint: 9700 ns, Total: 159900 ns
[2021-03-18T08:05:28.137+0000][24612][safepoint    ] Safepoint "Cleanup", Time since last: 1000760900 ns, Reaching safepoint: 440500 ns, At safepoint: 26700 ns, Total: 467200 ns
[2021-03-18T08:05:30.138+0000][24612][safepoint    ] Safepoint "Cleanup", Time since last: 2000060000 ns, Reaching safepoint: 155000 ns, At safepoint: 5200 ns, Total: 160200 ns
[2021-03-18T08:05:31.138+0000][24612][safepoint    ] Safepoint "Cleanup", Time since last: 1000075300 ns, Reaching safepoint: 189300 ns, At safepoint: 13900 ns, Total: 203200 ns
[2021-03-18T08:05:32.138+0000][24612][safepoint    ] Safepoint "Cleanup", Time since last: 1000026600 ns, Reaching safepoint: 176800 ns, At safepoint: 5100 ns, Total: 181900 ns
[2021-03-18T08:05:34.139+0000][24612][safepoint    ] Safepoint "Cleanup", Time since last: 2000822400 ns, Reaching safepoint: 134600 ns, At safepoint: 3500 ns, Total: 138100 ns
[2021-03-18T08:05:35.140+0000][24612][safepoint    ] Safepoint "Cleanup", Time since last: 1000683300 ns, Reaching safepoint: 127000 ns, At safepoint: 4100 ns, Total: 131100 ns
[2021-03-18T08:05:36.140+0000][24612][safepoint    ] Safepoint "Cleanup", Time since last: 1000280900 ns, Reaching safepoint: 137800 ns, At safepoint: 3100 ns, Total: 140900 ns
[2021-03-18T08:05:37.140+0000][24612][safepoint    ] Safepoint "Cleanup", Time since last: 1000318900 ns, Reaching safepoint: 100100 ns, At safepoint: 5800 ns, Total: 105900 ns
[2021-03-18T08:05:38.141+0000][24612][safepoint    ] Safepoint "Cleanup", Time since last: 1000825700 ns, Reaching safepoint: 143800 ns, At safepoint: 7600 ns, Total: 151400 ns
[2021-03-18T08:05:39.142+0000][24612][safepoint    ] Safepoint "Cleanup", Time since last: 1001025300 ns, Reaching safepoint: 133200 ns, At safepoint: 7300 ns, Total: 140500 ns
[2021-03-18T08:05:40.143+0000][24612][safepoint    ] Safepoint "Cleanup", Time since last: 1001046500 ns, Reaching safepoint: 161000 ns, At safepoint: 84200 ns, Total: 245200 ns
[2021-03-18T08:05:41.144+0000][24612][safepoint    ] Safepoint "Cleanup", Time since last: 1000286800 ns, Reaching safepoint: 162100 ns, At safepoint: 8400 ns, Total: 170500 ns
[2021-03-18T08:05:42.145+0000][24612][safepoint    ] Safepoint "Cleanup", Time since last: 1000773300 ns, Reaching safepoint: 194200 ns, At safepoint: 7800 ns, Total: 202000 ns
[2021-03-18T08:05:44.146+0000][24612][safepoint    ] Safepoint "Cleanup", Time since last: 2000491100 ns, Reaching safepoint: 161800 ns, At safepoint: 6900 ns, Total: 168700 ns
[2021-03-18T08:05:45.146+0000][24612][safepoint    ] Safepoint "Cleanup", Time since last: 1000509400 ns, Reaching safepoint: 157600 ns, At safepoint: 9600 ns, Total: 167200 ns
[2021-03-18T08:05:46.078+0000][24612][safepoint    ] Safepoint "BulkRevokeBias", Time since last: 922912200 ns, Reaching safepoint: 376900 ns, At safepoint: 8831300 ns, Total: 9208200 ns
[2021-03-18T08:05:47.315+0000][24612][safepoint    ] Safepoint "Cleanup", Time since last: 1236975300 ns, Reaching safepoint: 202300 ns, At safepoint: 10300 ns, Total: 212600 ns
[2021-03-18T08:05:48.316+0000][24612][safepoint    ] Safepoint "Cleanup", Time since last: 1000449300 ns, Reaching safepoint: 242400 ns, At safepoint: 13200 ns, Total: 255600 ns
[2021-03-18T08:05:50.317+0000][24612][safepoint    ] Safepoint "Cleanup", Time since last: 2000464800 ns, Reaching safepoint: 105300 ns, At safepoint: 4900 ns, Total: 110200 ns
[2021-03-18T08:05:51.317+0000][24612][safepoint    ] Safepoint "Cleanup", Time since last: 1000818600 ns, Reaching safepoint: 89400 ns, At safepoint: 6200 ns, Total: 95600 ns
[2021-03-18T08:05:52.318+0000][24612][safepoint    ] Safepoint "Cleanup", Time since last: 1000448900 ns, Reaching safepoint: 187900 ns, At safepoint: 4300 ns, Total: 192200 ns
[2021-03-18T08:05:53.319+0000][24612][safepoint    ] Safepoint "Cleanup", Time since last: 1000443600 ns, Reaching safepoint: 83500 ns, At safepoint: 5000 ns, Total: 88500 ns
[2021-03-18T08:05:54.319+0000][24612][safepoint    ] Safepoint "Cleanup", Time since last: 1000741900 ns, Reaching safepoint: 154500 ns, At safepoint: 4400 ns, Total: 158900 ns
[2021-03-18T08:05:56.320+0000][24612][safepoint    ] Safepoint "Cleanup", Time since last: 2000430200 ns, Reaching safepoint: 117600 ns, At safepoint: 7200 ns, Total: 124800 ns
[2021-03-18T08:05:57.320+0000][24612][safepoint    ] Safepoint "Cleanup", Time since last: 1000346600 ns, Reaching safepoint: 117100 ns, At safepoint: 4000 ns, Total: 121100 ns
[2021-03-18T08:05:58.321+0000][24612][safepoint    ] Safepoint "Cleanup", Time since last: 1000434700 ns, Reaching safepoint: 120500 ns, At safepoint: 2300 ns, Total: 122800 ns
[2021-03-18T08:05:59.321+0000][24612][safepoint    ] Safepoint "Cleanup", Time since last: 1000423200 ns, Reaching safepoint: 102000 ns, At safepoint: 6000 ns, Total: 108000 ns
[2021-03-18T08:06:01.322+0000][24612][safepoint    ] Safepoint "Cleanup", Time since last: 2000330500 ns, Reaching safepoint: 160500 ns, At safepoint: 4800 ns, Total: 165300 ns
[2021-03-18T08:06:02.322+0000][24612][safepoint    ] Safepoint "Cleanup", Time since last: 1000664300 ns, Reaching safepoint: 137400 ns, At safepoint: 4700 ns, Total: 142100 ns
[2021-03-18T08:06:03.978+0000][24612][safepoint    ] Safepoint "Cleanup", Time since last: 1656037600 ns, Reaching safepoint: 99400 ns, At safepoint: 5400 ns, Total: 104800 ns
[2021-03-18T08:06:04.262+0000][24612][safepoint    ] Safepoint "BulkRevokeBias", Time since last: 282167000 ns, Reaching safepoint: 163200 ns, At safepoint: 1875300 ns, Total: 2038500 ns
[2021-03-18T08:06:04.337+0000][24612][safepoint    ] Safepoint "BulkRevokeBias", Time since last: 74086500 ns, Reaching safepoint: 264700 ns, At safepoint: 924100 ns, Total: 1188800 ns
[2021-03-18T08:06:05.360+0000][24612][safepoint    ] Safepoint "Cleanup", Time since last: 1022087900 ns, Reaching safepoint: 166400 ns, At safepoint: 59400 ns, Total: 225800 ns
[2021-03-18T08:06:05.943+0000][24612][safepoint    ] Safepoint "ICBufferFull", Time since last: 583203800 ns, Reaching safepoint: 356300 ns, At safepoint: 36100 ns, Total: 392400 ns
[2021-03-18T08:06:05.989+0000][24612][safepoint    ] Safepoint "BulkRevokeBias", Time since last: 44541100 ns, Reaching safepoint: 118700 ns, At safepoint: 1525400 ns, Total: 1644100 ns
[2021-03-18T08:06:07.416+0000][24612][safepoint    ] Safepoint "Cleanup", Time since last: 1425791400 ns, Reaching safepoint: 692500 ns, At safepoint: 134900 ns, Total: 827400 ns
[2021-03-18T08:06:08.413+0000][24612][safepoint    ] Safepoint "BulkRevokeBias", Time since last: 991870700 ns, Reaching safepoint: 432500 ns, At safepoint: 5175200 ns, Total: 5607700 ns
[2021-03-18T08:06:08.504+0000][24612][safepoint    ] Safepoint "BulkRevokeBias", Time since last: 89105700 ns, Reaching safepoint: 208100 ns, At safepoint: 1184600 ns, Total: 1392700 ns
[2021-03-18T08:06:10.418+0000][24612][safepoint    ] Safepoint "Cleanup", Time since last: 1914061900 ns, Reaching safepoint: 184600 ns, At safepoint: 59500 ns, Total: 244100 ns
[2021-03-18T08:06:11.482+0000][24612][safepoint    ] Safepoint "Cleanup", Time since last: 1063099100 ns, Reaching safepoint: 327900 ns, At safepoint: 8800 ns, Total: 336700 ns
[2021-03-18T08:06:12.485+0000][24612][safepoint    ] Safepoint "Cleanup", Time since last: 1003042000 ns, Reaching safepoint: 104900 ns, At safepoint: 7100 ns, Total: 112000 ns
[2021-03-18T08:06:13.485+0000][24612][safepoint    ] Safepoint "Cleanup", Time since last: 1000169900 ns, Reaching safepoint: 331100 ns, At safepoint: 37000 ns, Total: 368100 ns
[2021-03-18T08:06:14.528+0000][24612][safepoint    ] Safepoint "Cleanup", Time since last: 1042674800 ns, Reaching safepoint: 172000 ns, At safepoint: 61600 ns, Total: 233600 ns
[2021-03-18T08:06:14.662+0000][24612][safepoint    ] Safepoint "BulkRevokeBias", Time since last: 120875100 ns, Reaching safepoint: 519700 ns, At safepoint: 12275900 ns, Total: 12795600 ns
[2021-03-18T08:06:16.315+0000][24612][safepoint    ] Safepoint "Cleanup", Time since last: 1652835000 ns, Reaching safepoint: 146300 ns, At safepoint: 6400 ns, Total: 152700 ns
[2021-03-18T08:06:17.316+0000][24612][safepoint    ] Safepoint "Cleanup", Time since last: 1001286700 ns, Reaching safepoint: 496000 ns, At safepoint: 14100 ns, Total: 510100 ns
[2021-03-18T08:06:20.317+0000][24612][safepoint    ] Safepoint "Cleanup", Time since last: 3000380400 ns, Reaching safepoint: 207700 ns, At safepoint: 5900 ns, Total: 213600 ns
[2021-03-18T08:06:21.950+0000][24612][safepoint    ] Safepoint "Cleanup", Time since last: 1632758100 ns, Reaching safepoint: 223600 ns, At safepoint: 9200 ns, Total: 232800 ns
[2021-03-18T08:06:23.950+0000][24612][safepoint    ] Safepoint "Cleanup", Time since last: 2000350500 ns, Reaching safepoint: 170400 ns, At safepoint: 3800 ns, Total: 174200 ns
[2021-03-18T08:06:25.324+0000][24612][safepoint    ] Safepoint "Cleanup", Time since last: 1373818400 ns, Reaching safepoint: 104500 ns, At safepoint: 7700 ns, Total: 112200 ns
[2021-03-18T08:06:26.325+0000][24612][safepoint    ] Safepoint "Cleanup", Time since last: 1000339400 ns, Reaching safepoint: 151700 ns, At safepoint: 10300 ns, Total: 162000 ns
[2021-03-18T08:06:27.326+0000][24612][safepoint    ] Safepoint "Cleanup", Time since last: 1000718700 ns, Reaching safepoint: 131600 ns, At safepoint: 9100 ns, Total: 140700 ns
[2021-03-18T08:06:28.326+0000][24612][safepoint    ] Safepoint "Cleanup", Time since last: 1000040200 ns, Reaching safepoint: 165700 ns, At safepoint: 10800 ns, Total: 176500 ns
[2021-03-18T08:06:29.326+0000][24612][safepoint    ] Safepoint "Cleanup", Time since last: 1000521400 ns, Reaching safepoint: 153100 ns, At safepoint: 7100 ns, Total: 160200 ns
[2021-03-18T08:06:30.327+0000][24612][safepoint    ] Safepoint "Cleanup", Time since last: 1000631900 ns, Reaching safepoint: 194500 ns, At safepoint: 8500 ns, Total: 203000 ns
[2021-03-18T08:06:31.328+0000][24612][safepoint    ] Safepoint "Cleanup", Time since last: 1000615800 ns, Reaching safepoint: 107200 ns, At safepoint: 6200 ns, Total: 113400 ns
[2021-03-18T08:06:33.329+0000][24612][safepoint    ] Safepoint "Cleanup", Time since last: 2001536400 ns, Reaching safepoint: 240200 ns, At safepoint: 14000 ns, Total: 254200 ns
[2021-03-18T08:06:34.330+0000][24612][safepoint    ] Safepoint "Cleanup", Time since last: 1000525900 ns, Reaching safepoint: 162600 ns, At safepoint: 8800 ns, Total: 171400 ns
[2021-03-18T08:06:35.331+0000][24612][safepoint    ] Safepoint "Cleanup", Time since last: 1000703200 ns, Reaching safepoint: 170800 ns, At safepoint: 5900 ns, Total: 176700 ns
[2021-03-18T08:06:36.767+0000][24612][safepoint    ] Safepoint "Cleanup", Time since last: 1435654000 ns, Reaching safepoint: 144600 ns, At safepoint: 71900 ns, Total: 216500 ns
[2021-03-18T08:06:38.768+0000][24612][safepoint    ] Safepoint "Cleanup", Time since last: 2001593600 ns, Reaching safepoint: 297400 ns, At safepoint: 12000 ns, Total: 309400 ns
[2021-03-18T08:06:40.769+0000][24612][safepoint    ] Safepoint "Cleanup", Time since last: 1999988000 ns, Reaching safepoint: 199700 ns, At safepoint: 7500 ns, Total: 207200 ns
[2021-03-18T08:06:41.769+0000][24612][safepoint    ] Safepoint "Cleanup", Time since last: 1000061300 ns, Reaching safepoint: 141900 ns, At safepoint: 6500 ns, Total: 148400 ns
[2021-03-18T08:06:42.769+0000][24612][safepoint    ] Safepoint "Cleanup", Time since last: 1000271900 ns, Reaching safepoint: 290500 ns, At safepoint: 13400 ns, Total: 303900 ns
[2021-03-18T08:06:44.682+0000][24612][safepoint    ] Safepoint "Cleanup", Time since last: 1912000600 ns, Reaching safepoint: 366300 ns, At safepoint: 21400 ns, Total: 387700 ns
[2021-03-18T08:06:45.685+0000][24612][safepoint    ] Safepoint "Cleanup", Time since last: 1003327000 ns, Reaching safepoint: 186100 ns, At safepoint: 6000 ns, Total: 192100 ns
[2021-03-18T08:06:47.686+0000][24612][safepoint    ] Safepoint "Cleanup", Time since last: 2000616900 ns, Reaching safepoint: 216900 ns, At safepoint: 10600 ns, Total: 227500 ns
[2021-03-18T08:06:49.686+0000][24612][safepoint    ] Safepoint "Cleanup", Time since last: 1999969700 ns, Reaching safepoint: 222200 ns, At safepoint: 12500 ns, Total: 234700 ns
[2021-03-18T08:06:51.686+0000][24612][safepoint    ] Safepoint "Cleanup", Time since last: 1999916700 ns, Reaching safepoint: 129100 ns, At safepoint: 5700 ns, Total: 134800 ns
[2021-03-18T08:06:52.687+0000][24612][safepoint    ] Safepoint "Cleanup", Time since last: 1000888900 ns, Reaching safepoint: 346300 ns, At safepoint: 21300 ns, Total: 367600 ns
[2021-03-18T08:06:54.688+0000][24612][safepoint    ] Safepoint "Cleanup", Time since last: 2000603000 ns, Reaching safepoint: 370300 ns, At safepoint: 14800 ns, Total: 385100 ns
[2021-03-18T08:06:56.000+0000][24612][safepoint    ] Safepoint "Cleanup", Time since last: 1312827800 ns, Reaching safepoint: 149800 ns, At safepoint: 29800 ns, Total: 179600 ns
[2021-03-18T08:06:57.006+0000][24612][safepoint    ] Safepoint "Cleanup", Time since last: 1004551400 ns, Reaching safepoint: 290900 ns, At safepoint: 64200 ns, Total: 355100 ns
[2021-03-18T08:07:00.006+0000][24612][safepoint    ] Safepoint "Cleanup", Time since last: 3000101800 ns, Reaching safepoint: 212600 ns, At safepoint: 54500 ns, Total: 267100 ns
[2021-03-18T08:07:02.007+0000][24612][safepoint    ] Safepoint "Cleanup", Time since last: 2000476300 ns, Reaching safepoint: 269100 ns, At safepoint: 94100 ns, Total: 363200 ns
[2021-03-18T08:07:03.007+0000][24612][safepoint    ] Safepoint "Cleanup", Time since last: 1000347000 ns, Reaching safepoint: 174900 ns, At safepoint: 61900 ns, Total: 236800 ns
[2021-03-18T08:07:05.008+0000][24612][safepoint    ] Safepoint "Cleanup", Time since last: 2000758600 ns, Reaching safepoint: 201100 ns, At safepoint: 89100 ns, Total: 290200 ns
[2021-03-18T08:07:07.009+0000][24612][safepoint    ] Safepoint "Cleanup", Time since last: 2000087300 ns, Reaching safepoint: 246600 ns, At safepoint: 70900 ns, Total: 317500 ns
[2021-03-18T08:07:09.009+0000][24612][safepoint    ] Safepoint "Cleanup", Time since last: 1999896100 ns, Reaching safepoint: 250300 ns, At safepoint: 81300 ns, Total: 331600 ns
[2021-03-18T08:07:10.937+0000][24612][safepoint    ] Safepoint "Cleanup", Time since last: 1927526200 ns, Reaching safepoint: 213500 ns, At safepoint: 6300 ns, Total: 219800 ns
[2021-03-18T08:07:11.938+0000][24612][safepoint    ] Safepoint "Cleanup", Time since last: 1000842600 ns, Reaching safepoint: 223500 ns, At safepoint: 31400 ns, Total: 254900 ns
[2021-03-18T08:07:12.938+0000][24612][safepoint    ] Safepoint "Cleanup", Time since last: 1000342200 ns, Reaching safepoint: 322100 ns, At safepoint: 71600 ns, Total: 393700 ns
[2021-03-18T08:07:14.339+0000][24612][safepoint    ] Safepoint "Cleanup", Time since last: 1400097700 ns, Reaching safepoint: 232000 ns, At safepoint: 110700 ns, Total: 342700 ns
[2021-03-18T08:07:14.690+0000][24612][gc,start     ] GC(9) Pause Young (Normal) (G1 Evacuation Pause)
[2021-03-18T08:07:14.690+0000][24612][gc,task      ] GC(9) Using 8 workers of 8 for evacuation
[2021-03-18T08:07:14.690+0000][24612][gc,age       ] GC(9) Desired survivor size 40370176 bytes, new threshold 15 (max threshold 15)
[2021-03-18T08:07:14.714+0000][24612][gc,age       ] GC(9) Age table with threshold 15 (max threshold 15)
[2021-03-18T08:07:14.714+0000][24612][gc,age       ] GC(9) - age   1:   17071192 bytes,   17071192 total
[2021-03-18T08:07:14.714+0000][24612][gc,age       ] GC(9) - age   2:    8323616 bytes,   25394808 total
[2021-03-18T08:07:14.714+0000][24612][gc,age       ] GC(9) - age   3:   14472712 bytes,   39867520 total
[2021-03-18T08:07:14.714+0000][24612][gc,phases    ] GC(9)   Pre Evacuate Collection Set: 0.1ms
[2021-03-18T08:07:14.714+0000][24612][gc,phases    ] GC(9)   Merge Heap Roots: 0.1ms
[2021-03-18T08:07:14.714+0000][24612][gc,phases    ] GC(9)   Evacuate Collection Set: 21.0ms
[2021-03-18T08:07:14.714+0000][24612][gc,phases    ] GC(9)   Post Evacuate Collection Set: 2.3ms
[2021-03-18T08:07:14.714+0000][24612][gc,phases    ] GC(9)   Other: 0.5ms
[2021-03-18T08:07:14.714+0000][24612][gc,heap      ] GC(9) Eden regions: 590->0(460)
[2021-03-18T08:07:14.714+0000][24612][gc,heap      ] GC(9) Survivor regions: 24->40(77)
[2021-03-18T08:07:14.714+0000][24612][gc,heap      ] GC(9) Old regions: 36->36
[2021-03-18T08:07:14.714+0000][24612][gc,heap      ] GC(9) Archive regions: 0->0
[2021-03-18T08:07:14.714+0000][24612][gc,heap      ] GC(9) Humongous regions: 234->174
[2021-03-18T08:07:14.714+0000][24612][gc,metaspace ] GC(9) Metaspace: 81463K(87324K)->81463K(87324K) NonClass: 70544K(74012K)->70544K(74012K) Class: 10918K(13312K)->10918K(13312K)
[2021-03-18T08:07:14.714+0000][24612][gc           ] GC(9) Pause Young (Normal) (G1 Evacuation Pause) 883M->249M(1024M) 24.218ms
[2021-03-18T08:07:14.714+0000][24612][gc,cpu       ] GC(9) User=0.25s Sys=0.00s Real=0.02s
[2021-03-18T08:07:14.714+0000][24612][safepoint    ] Safepoint "G1CollectForAllocation", Time since last: 350918900 ns, Reaching safepoint: 200000 ns, At safepoint: 24431400 ns, Total: 24631400 ns
[2021-03-18T08:07:15.835+0000][24612][safepoint    ] Safepoint "Cleanup", Time since last: 1121043600 ns, Reaching safepoint: 127000 ns, At safepoint: 7500 ns, Total: 134500 ns
[2021-03-18T08:07:15.838+0000][24612][safepoint    ] Safepoint "BulkRevokeBias", Time since last: 456700 ns, Reaching safepoint: 86400 ns, At safepoint: 2332400 ns, Total: 2418800 ns
[2021-03-18T08:07:17.840+0000][24612][safepoint    ] Safepoint "Cleanup", Time since last: 2001308300 ns, Reaching safepoint: 157200 ns, At safepoint: 5900 ns, Total: 163100 ns
[2021-03-18T08:07:18.841+0000][24612][safepoint    ] Safepoint "Cleanup", Time since last: 1000755300 ns, Reaching safepoint: 182500 ns, At safepoint: 6000 ns, Total: 188500 ns
[2021-03-18T08:07:20.661+0000][24612][safepoint    ] Safepoint "Cleanup", Time since last: 1820436000 ns, Reaching safepoint: 394500 ns, At safepoint: 14700 ns, Total: 409200 ns
[2021-03-18T08:07:22.662+0000][24612][safepoint    ] Safepoint "Cleanup", Time since last: 2000152800 ns, Reaching safepoint: 203200 ns, At safepoint: 10300 ns, Total: 213500 ns
[2021-03-18T08:07:23.662+0000][24612][safepoint    ] Safepoint "Cleanup", Time since last: 1000538600 ns, Reaching safepoint: 286700 ns, At safepoint: 11300 ns, Total: 298000 ns
[2021-03-18T08:07:24.340+0000][24612][safepoint    ] Safepoint "BulkRevokeBias", Time since last: 674899100 ns, Reaching safepoint: 105900 ns, At safepoint: 2768900 ns, Total: 2874800 ns
[2021-03-18T08:07:25.341+0000][24612][safepoint    ] Safepoint "Cleanup", Time since last: 1000315400 ns, Reaching safepoint: 162100 ns, At safepoint: 6900 ns, Total: 169000 ns
[2021-03-18T08:07:27.342+0000][24612][safepoint    ] Safepoint "Cleanup", Time since last: 2000719700 ns, Reaching safepoint: 211500 ns, At safepoint: 8700 ns, Total: 220200 ns
[2021-03-18T08:07:32.344+0000][24612][safepoint    ] Safepoint "Cleanup", Time since last: 5002616200 ns, Reaching safepoint: 175800 ns, At safepoint: 11800 ns, Total: 187600 ns
[2021-03-18T08:07:34.344+0000][24612][safepoint    ] Safepoint "Cleanup", Time since last: 1999925700 ns, Reaching safepoint: 155100 ns, At safepoint: 6200 ns, Total: 161300 ns
[2021-03-18T08:07:36.345+0000][24612][safepoint    ] Safepoint "Cleanup", Time since last: 2000830100 ns, Reaching safepoint: 354100 ns, At safepoint: 14800 ns, Total: 368900 ns
[2021-03-18T08:07:37.346+0000][24612][safepoint    ] Safepoint "Cleanup", Time since last: 1000178400 ns, Reaching safepoint: 244800 ns, At safepoint: 7600 ns, Total: 252400 ns
[2021-03-18T08:07:39.346+0000][24612][safepoint    ] Safepoint "Cleanup", Time since last: 2000235700 ns, Reaching safepoint: 410600 ns, At safepoint: 106600 ns, Total: 517200 ns
[2021-03-18T08:07:42.348+0000][24612][safepoint    ] Safepoint "Cleanup", Time since last: 3001250400 ns, Reaching safepoint: 120600 ns, At safepoint: 19200 ns, Total: 139800 ns
[2021-03-18T08:07:45.349+0000][24612][safepoint    ] Safepoint "Cleanup", Time since last: 3001044100 ns, Reaching safepoint: 202600 ns, At safepoint: 8800 ns, Total: 211400 ns
[2021-03-18T08:07:46.349+0000][24612][safepoint    ] Safepoint "Cleanup", Time since last: 1000231400 ns, Reaching safepoint: 209100 ns, At safepoint: 15600 ns, Total: 224700 ns
[2021-03-18T08:07:47.350+0000][24612][safepoint    ] Safepoint "Cleanup", Time since last: 1000172100 ns, Reaching safepoint: 170800 ns, At safepoint: 8300 ns, Total: 179100 ns
[2021-03-18T08:07:48.350+0000][24612][safepoint    ] Safepoint "Cleanup", Time since last: 1000246200 ns, Reaching safepoint: 437200 ns, At safepoint: 25700 ns, Total: 462900 ns
[2021-03-18T08:07:49.351+0000][24612][safepoint    ] Safepoint "Cleanup", Time since last: 1000529500 ns, Reaching safepoint: 219900 ns, At safepoint: 11800 ns, Total: 231700 ns
[2021-03-18T08:07:51.352+0000][24612][safepoint    ] Safepoint "Cleanup", Time since last: 2000988900 ns, Reaching safepoint: 395200 ns, At safepoint: 17500 ns, Total: 412700 ns
[2021-03-18T08:07:52.353+0000][24612][safepoint    ] Safepoint "Cleanup", Time since last: 1000284500 ns, Reaching safepoint: 456000 ns, At safepoint: 144800 ns, Total: 600800 ns
[2021-03-18T08:07:54.354+0000][24612][safepoint    ] Safepoint "Cleanup", Time since last: 2000660000 ns, Reaching safepoint: 306300 ns, At safepoint: 98500 ns, Total: 404800 ns
[2021-03-18T08:07:56.355+0000][24612][safepoint    ] Safepoint "Cleanup", Time since last: 2000950300 ns, Reaching safepoint: 482000 ns, At safepoint: 33100 ns, Total: 515100 ns
[2021-03-18T08:07:57.356+0000][24612][safepoint    ] Safepoint "Cleanup", Time since last: 1000463200 ns, Reaching safepoint: 206200 ns, At safepoint: 8800 ns, Total: 215000 ns
[2021-03-18T08:07:58.356+0000][24612][safepoint    ] Safepoint "Cleanup", Time since last: 1000028700 ns, Reaching safepoint: 319600 ns, At safepoint: 17100 ns, Total: 336700 ns
[2021-03-18T08:08:00.357+0000][24612][safepoint    ] Safepoint "Cleanup", Time since last: 2000324400 ns, Reaching safepoint: 388500 ns, At safepoint: 15800 ns, Total: 404300 ns
[2021-03-18T08:08:03.358+0000][24612][safepoint    ] Safepoint "Cleanup", Time since last: 3000579100 ns, Reaching safepoint: 287300 ns, At safepoint: 11800 ns, Total: 299100 ns
[2021-03-18T08:08:05.358+0000][24612][safepoint    ] Safepoint "Cleanup", Time since last: 2000150200 ns, Reaching safepoint: 489500 ns, At safepoint: 32600 ns, Total: 522100 ns
[2021-03-18T08:08:06.359+0000][24612][safepoint    ] Safepoint "Cleanup", Time since last: 1000272300 ns, Reaching safepoint: 211500 ns, At safepoint: 23800 ns, Total: 235300 ns
[2021-03-18T08:08:08.360+0000][24612][safepoint    ] Safepoint "Cleanup", Time since last: 2000703300 ns, Reaching safepoint: 201000 ns, At safepoint: 10500 ns, Total: 211500 ns
[2021-03-18T08:08:09.360+0000][24612][safepoint    ] Safepoint "Cleanup", Time since last: 1000171200 ns, Reaching safepoint: 423700 ns, At safepoint: 26800 ns, Total: 450500 ns
[2021-03-18T08:08:11.361+0000][24612][safepoint    ] Safepoint "Cleanup", Time since last: 2000059600 ns, Reaching safepoint: 132800 ns, At safepoint: 22000 ns, Total: 154800 ns
[2021-03-18T08:08:15.362+0000][24612][safepoint    ] Safepoint "Cleanup", Time since last: 4001112000 ns, Reaching safepoint: 389600 ns, At safepoint: 23700 ns, Total: 413300 ns
[2021-03-18T08:08:18.363+0000][24612][safepoint    ] Safepoint "Cleanup", Time since last: 3000855700 ns, Reaching safepoint: 314500 ns, At safepoint: 12100 ns, Total: 326600 ns
[2021-03-18T08:08:19.458+0000][24612][safepoint    ] Safepoint "Cleanup", Time since last: 1095097000 ns, Reaching safepoint: 118800 ns, At safepoint: 60000 ns, Total: 178800 ns
[2021-03-18T08:08:20.458+0000][24612][safepoint    ] Safepoint "Cleanup", Time since last: 1000089500 ns, Reaching safepoint: 271800 ns, At safepoint: 41800 ns, Total: 313600 ns
[2021-03-18T08:08:21.459+0000][24612][safepoint    ] Safepoint "Cleanup", Time since last: 1000258000 ns, Reaching safepoint: 134700 ns, At safepoint: 23200 ns, Total: 157900 ns
[2021-03-18T08:08:22.459+0000][24612][safepoint    ] Safepoint "Cleanup", Time since last: 1000195300 ns, Reaching safepoint: 117300 ns, At safepoint: 69200 ns, Total: 186500 ns
[2021-03-18T08:08:23.460+0000][24612][safepoint    ] Safepoint "Cleanup", Time since last: 1000350300 ns, Reaching safepoint: 185700 ns, At safepoint: 9000 ns, Total: 194700 ns
[2021-03-18T08:08:24.460+0000][24612][safepoint    ] Safepoint "Cleanup", Time since last: 1000069000 ns, Reaching safepoint: 520400 ns, At safepoint: 88300 ns, Total: 608700 ns
[2021-03-18T08:08:25.461+0000][24612][safepoint    ] Safepoint "Cleanup", Time since last: 1000731400 ns, Reaching safepoint: 146500 ns, At safepoint: 7000 ns, Total: 153500 ns
[2021-03-18T08:08:26.462+0000][24612][safepoint    ] Safepoint "Cleanup", Time since last: 1000028100 ns, Reaching safepoint: 126700 ns, At safepoint: 7100 ns, Total: 133800 ns
[2021-03-18T08:08:27.462+0000][24612][safepoint    ] Safepoint "Cleanup", Time since last: 1000457200 ns, Reaching safepoint: 120800 ns, At safepoint: 6800 ns, Total: 127600 ns
[2021-03-18T08:08:28.462+0000][24612][safepoint    ] Safepoint "Cleanup", Time since last: 1000298600 ns, Reaching safepoint: 179600 ns, At safepoint: 8600 ns, Total: 188200 ns
[2021-03-18T08:08:29.463+0000][24612][safepoint    ] Safepoint "Cleanup", Time since last: 1000129100 ns, Reaching safepoint: 120400 ns, At safepoint: 7100 ns, Total: 127500 ns
[2021-03-18T08:08:30.463+0000][24612][safepoint    ] Safepoint "Cleanup", Time since last: 1000665700 ns, Reaching safepoint: 178000 ns, At safepoint: 19600 ns, Total: 197600 ns
[2021-03-18T08:08:32.464+0000][24612][safepoint    ] Safepoint "Cleanup", Time since last: 2000325400 ns, Reaching safepoint: 145700 ns, At safepoint: 4700 ns, Total: 150400 ns
[2021-03-18T08:08:33.465+0000][24612][safepoint    ] Safepoint "Cleanup", Time since last: 1000618400 ns, Reaching safepoint: 111400 ns, At safepoint: 8000 ns, Total: 119400 ns
[2021-03-18T08:08:34.465+0000][24612][safepoint    ] Safepoint "Cleanup", Time since last: 1000453200 ns, Reaching safepoint: 191400 ns, At safepoint: 11500 ns, Total: 202900 ns
[2021-03-18T08:08:35.466+0000][24612][safepoint    ] Safepoint "Cleanup", Time since last: 1000898200 ns, Reaching safepoint: 411300 ns, At safepoint: 27800 ns, Total: 439100 ns
[2021-03-18T08:08:36.467+0000][24612][safepoint    ] Safepoint "Cleanup", Time since last: 1000594900 ns, Reaching safepoint: 272700 ns, At safepoint: 8700 ns, Total: 281400 ns
[2021-03-18T08:08:37.468+0000][24612][safepoint    ] Safepoint "Cleanup", Time since last: 1000630900 ns, Reaching safepoint: 117200 ns, At safepoint: 2900 ns, Total: 120100 ns
[2021-03-18T08:08:38.469+0000][24612][safepoint    ] Safepoint "Cleanup", Time since last: 1000482000 ns, Reaching safepoint: 124300 ns, At safepoint: 8500 ns, Total: 132800 ns
[2021-03-18T08:08:39.469+0000][24612][safepoint    ] Safepoint "Cleanup", Time since last: 1000242500 ns, Reaching safepoint: 138600 ns, At safepoint: 11000 ns, Total: 149600 ns
[2021-03-18T08:08:40.469+0000][24612][safepoint    ] Safepoint "Cleanup", Time since last: 1000121200 ns, Reaching safepoint: 253100 ns, At safepoint: 14300 ns, Total: 267400 ns
[2021-03-18T08:08:41.470+0000][24612][safepoint    ] Safepoint "Cleanup", Time since last: 1000530500 ns, Reaching safepoint: 157600 ns, At safepoint: 4100 ns, Total: 161700 ns
[2021-03-18T08:08:42.470+0000][24612][safepoint    ] Safepoint "Cleanup", Time since last: 1000208200 ns, Reaching safepoint: 216000 ns, At safepoint: 6000 ns, Total: 222000 ns
[2021-03-18T08:08:43.471+0000][24612][safepoint    ] Safepoint "Cleanup", Time since last: 1000828600 ns, Reaching safepoint: 215800 ns, At safepoint: 7000 ns, Total: 222800 ns
[2021-03-18T08:08:44.472+0000][24612][safepoint    ] Safepoint "Cleanup", Time since last: 1000653100 ns, Reaching safepoint: 225300 ns, At safepoint: 5900 ns, Total: 231200 ns
[2021-03-18T08:08:45.473+0000][24612][safepoint    ] Safepoint "Cleanup", Time since last: 1000452200 ns, Reaching safepoint: 183800 ns, At safepoint: 6600 ns, Total: 190400 ns
[2021-03-18T08:08:46.473+0000][24612][safepoint    ] Safepoint "Cleanup", Time since last: 1000337500 ns, Reaching safepoint: 139400 ns, At safepoint: 11500 ns, Total: 150900 ns
[2021-03-18T08:08:48.475+0000][24612][safepoint    ] Safepoint "Cleanup", Time since last: 2001101400 ns, Reaching safepoint: 170400 ns, At safepoint: 6400 ns, Total: 176800 ns
[2021-03-18T08:08:50.476+0000][24612][safepoint    ] Safepoint "Cleanup", Time since last: 2001636100 ns, Reaching safepoint: 115400 ns, At safepoint: 6300 ns, Total: 121700 ns
[2021-03-18T08:08:51.477+0000][24612][safepoint    ] Safepoint "Cleanup", Time since last: 1000520500 ns, Reaching safepoint: 115100 ns, At safepoint: 3800 ns, Total: 118900 ns
[2021-03-18T08:08:52.477+0000][24612][safepoint    ] Safepoint "Cleanup", Time since last: 1000281900 ns, Reaching safepoint: 166200 ns, At safepoint: 8900 ns, Total: 175100 ns
[2021-03-18T08:08:53.478+0000][24612][safepoint    ] Safepoint "Cleanup", Time since last: 1000518700 ns, Reaching safepoint: 139600 ns, At safepoint: 3900 ns, Total: 143500 ns
[2021-03-18T08:08:54.479+0000][24612][safepoint    ] Safepoint "Cleanup", Time since last: 1000680900 ns, Reaching safepoint: 117900 ns, At safepoint: 9100 ns, Total: 127000 ns
[2021-03-18T08:08:55.479+0000][24612][safepoint    ] Safepoint "Cleanup", Time since last: 1000571900 ns, Reaching safepoint: 94400 ns, At safepoint: 4300 ns, Total: 98700 ns
[2021-03-18T08:08:56.480+0000][24612][safepoint    ] Safepoint "Cleanup", Time since last: 1000219500 ns, Reaching safepoint: 116000 ns, At safepoint: 7700 ns, Total: 123700 ns
[2021-03-18T08:08:57.481+0000][24612][safepoint    ] Safepoint "Cleanup", Time since last: 1000773900 ns, Reaching safepoint: 144800 ns, At safepoint: 7100 ns, Total: 151900 ns
[2021-03-18T08:08:58.481+0000][24612][safepoint    ] Safepoint "Cleanup", Time since last: 1000106600 ns, Reaching safepoint: 125400 ns, At safepoint: 8800 ns, Total: 134200 ns
[2021-03-18T08:08:59.481+0000][24612][safepoint    ] Safepoint "Cleanup", Time since last: 1000544800 ns, Reaching safepoint: 153300 ns, At safepoint: 8700 ns, Total: 162000 ns
[2021-03-18T08:09:00.482+0000][24612][safepoint    ] Safepoint "Cleanup", Time since last: 1000699500 ns, Reaching safepoint: 156100 ns, At safepoint: 25600 ns, Total: 181700 ns
[2021-03-18T08:09:01.483+0000][24612][safepoint    ] Safepoint "Cleanup", Time since last: 1000283900 ns, Reaching safepoint: 318100 ns, At safepoint: 23600 ns, Total: 341700 ns
[2021-03-18T08:09:02.483+0000][24612][safepoint    ] Safepoint "Cleanup", Time since last: 1000153900 ns, Reaching safepoint: 111200 ns, At safepoint: 9100 ns, Total: 120300 ns
[2021-03-18T08:09:03.484+0000][24612][safepoint    ] Safepoint "Cleanup", Time since last: 1000584600 ns, Reaching safepoint: 461200 ns, At safepoint: 25100 ns, Total: 486300 ns
[2021-03-18T08:09:05.485+0000][24612][safepoint    ] Safepoint "Cleanup", Time since last: 1999950600 ns, Reaching safepoint: 537600 ns, At safepoint: 77400 ns, Total: 615000 ns
[2021-03-18T08:09:06.486+0000][24612][safepoint    ] Safepoint "Cleanup", Time since last: 1000708200 ns, Reaching safepoint: 175100 ns, At safepoint: 8100 ns, Total: 183200 ns
[2021-03-18T08:09:07.486+0000][24612][safepoint    ] Safepoint "Cleanup", Time since last: 1000343000 ns, Reaching safepoint: 114100 ns, At safepoint: 9700 ns, Total: 123800 ns
[2021-03-18T08:09:08.487+0000][24612][safepoint    ] Safepoint "Cleanup", Time since last: 1000804400 ns, Reaching safepoint: 113100 ns, At safepoint: 7600 ns, Total: 120700 ns
[2021-03-18T08:09:09.488+0000][24612][safepoint    ] Safepoint "Cleanup", Time since last: 1000952900 ns, Reaching safepoint: 454800 ns, At safepoint: 32000 ns, Total: 486800 ns
[2021-03-18T08:09:10.489+0000][24612][safepoint    ] Safepoint "Cleanup", Time since last: 1000244300 ns, Reaching safepoint: 137500 ns, At safepoint: 5600 ns, Total: 143100 ns
[2021-03-18T08:09:11.489+0000][24612][safepoint    ] Safepoint "Cleanup", Time since last: 1000269300 ns, Reaching safepoint: 133400 ns, At safepoint: 7400 ns, Total: 140800 ns
[2021-03-18T08:09:12.489+0000][24612][safepoint    ] Safepoint "Cleanup", Time since last: 1000163800 ns, Reaching safepoint: 128800 ns, At safepoint: 5600 ns, Total: 134400 ns
[2021-03-18T08:09:13.490+0000][24612][safepoint    ] Safepoint "Cleanup", Time since last: 1000501700 ns, Reaching safepoint: 117400 ns, At safepoint: 7100 ns, Total: 124500 ns
[2021-03-18T08:09:14.490+0000][24612][safepoint    ] Safepoint "Cleanup", Time since last: 1000333900 ns, Reaching safepoint: 158000 ns, At safepoint: 22600 ns, Total: 180600 ns
[2021-03-18T08:09:15.491+0000][24612][safepoint    ] Safepoint "Cleanup", Time since last: 1000536900 ns, Reaching safepoint: 199900 ns, At safepoint: 6400 ns, Total: 206300 ns
[2021-03-18T08:09:16.492+0000][24612][safepoint    ] Safepoint "Cleanup", Time since last: 1000689000 ns, Reaching safepoint: 134100 ns, At safepoint: 22200 ns, Total: 156300 ns
[2021-03-18T08:09:17.492+0000][24612][safepoint    ] Safepoint "Cleanup", Time since last: 1000187700 ns, Reaching safepoint: 209400 ns, At safepoint: 7400 ns, Total: 216800 ns
[2021-03-18T08:09:18.493+0000][24612][safepoint    ] Safepoint "Cleanup", Time since last: 1000368600 ns, Reaching safepoint: 118400 ns, At safepoint: 7000 ns, Total: 125400 ns
[2021-03-18T08:09:19.459+0000][24612][safepoint    ] Safepoint "BulkRevokeBias", Time since last: 965371600 ns, Reaching safepoint: 203800 ns, At safepoint: 1528600 ns, Total: 1732400 ns
[2021-03-18T08:09:20.461+0000][24612][safepoint    ] Safepoint "Cleanup", Time since last: 1001427800 ns, Reaching safepoint: 518200 ns, At safepoint: 24300 ns, Total: 542500 ns
[2021-03-18T08:09:22.462+0000][24612][safepoint    ] Safepoint "Cleanup", Time since last: 2000256300 ns, Reaching safepoint: 159300 ns, At safepoint: 9400 ns, Total: 168700 ns
[2021-03-18T08:09:24.462+0000][24612][safepoint    ] Safepoint "Cleanup", Time since last: 2000077000 ns, Reaching safepoint: 126800 ns, At safepoint: 6800 ns, Total: 133600 ns
[2021-03-18T08:09:25.462+0000][24612][safepoint    ] Safepoint "Cleanup", Time since last: 1000146800 ns, Reaching safepoint: 128700 ns, At safepoint: 7000 ns, Total: 135700 ns
[2021-03-18T08:09:26.463+0000][24612][safepoint    ] Safepoint "Cleanup", Time since last: 1000728600 ns, Reaching safepoint: 297900 ns, At safepoint: 8500 ns, Total: 306400 ns
[2021-03-18T08:09:28.464+0000][24612][safepoint    ] Safepoint "Cleanup", Time since last: 2000468900 ns, Reaching safepoint: 213500 ns, At safepoint: 12000 ns, Total: 225500 ns
[2021-03-18T08:09:30.066+0000][24612][safepoint    ] Safepoint "Cleanup", Time since last: 1601544900 ns, Reaching safepoint: 182100 ns, At safepoint: 23800 ns, Total: 205900 ns
[2021-03-18T08:09:33.066+0000][24612][safepoint    ] Safepoint "Cleanup", Time since last: 3000802300 ns, Reaching safepoint: 135300 ns, At safepoint: 21500 ns, Total: 156800 ns
[2021-03-18T08:09:36.067+0000][24612][safepoint    ] Safepoint "Cleanup", Time since last: 3000848100 ns, Reaching safepoint: 133700 ns, At safepoint: 33200 ns, Total: 166900 ns
[2021-03-18T08:09:38.083+0000][24612][safepoint    ] Safepoint "Cleanup", Time since last: 2015463100 ns, Reaching safepoint: 563200 ns, At safepoint: 32200 ns, Total: 595400 ns
[2021-03-18T08:09:40.083+0000][24612][safepoint    ] Safepoint "Cleanup", Time since last: 1999913700 ns, Reaching safepoint: 185000 ns, At safepoint: 12800 ns, Total: 197800 ns
[2021-03-18T08:09:43.086+0000][24612][safepoint    ] Safepoint "Cleanup", Time since last: 3002260800 ns, Reaching safepoint: 122500 ns, At safepoint: 9100 ns, Total: 131600 ns
[2021-03-18T08:09:45.086+0000][24612][safepoint    ] Safepoint "Cleanup", Time since last: 2000464500 ns, Reaching safepoint: 139300 ns, At safepoint: 8800 ns, Total: 148100 ns
[2021-03-18T08:09:46.840+0000][24612][safepoint    ] Safepoint "Cleanup", Time since last: 1753803900 ns, Reaching safepoint: 147200 ns, At safepoint: 9700 ns, Total: 156900 ns
[2021-03-18T08:09:55.844+0000][24612][safepoint    ] Safepoint "Cleanup", Time since last: 9003887600 ns, Reaching safepoint: 145000 ns, At safepoint: 25100 ns, Total: 170100 ns
[2021-03-18T08:09:58.844+0000][24612][safepoint    ] Safepoint "Cleanup", Time since last: 3000566600 ns, Reaching safepoint: 132300 ns, At safepoint: 5600 ns, Total: 137900 ns
[2021-03-18T08:09:59.845+0000][24612][safepoint    ] Safepoint "Cleanup", Time since last: 1000811400 ns, Reaching safepoint: 163600 ns, At safepoint: 8000 ns, Total: 171600 ns
[2021-03-18T08:10:00.846+0000][24612][safepoint    ] Safepoint "Cleanup", Time since last: 1000534700 ns, Reaching safepoint: 120600 ns, At safepoint: 4200 ns, Total: 124800 ns
[2021-03-18T08:10:02.847+0000][24612][safepoint    ] Safepoint "Cleanup", Time since last: 2000442100 ns, Reaching safepoint: 206100 ns, At safepoint: 12200 ns, Total: 218300 ns
[2021-03-18T08:10:05.848+0000][24612][safepoint    ] Safepoint "Cleanup", Time since last: 3000936100 ns, Reaching safepoint: 214900 ns, At safepoint: 7100 ns, Total: 222000 ns
[2021-03-18T08:10:11.851+0000][24612][safepoint    ] Safepoint "Cleanup", Time since last: 6003230400 ns, Reaching safepoint: 177700 ns, At safepoint: 21600 ns, Total: 199300 ns
[2021-03-18T08:10:12.852+0000][24612][safepoint    ] Safepoint "Cleanup", Time since last: 1000668400 ns, Reaching safepoint: 141000 ns, At safepoint: 9500 ns, Total: 150500 ns
[2021-03-18T08:10:14.853+0000][24612][safepoint    ] Safepoint "Cleanup", Time since last: 2001254700 ns, Reaching safepoint: 174200 ns, At safepoint: 10100 ns, Total: 184300 ns
[2021-03-18T08:10:15.854+0000][24612][safepoint    ] Safepoint "Cleanup", Time since last: 1000393000 ns, Reaching safepoint: 186500 ns, At safepoint: 11300 ns, Total: 197800 ns
[2021-03-18T08:10:18.199+0000][24612][safepoint    ] Safepoint "Cleanup", Time since last: 2346200300 ns, Reaching safepoint: 133300 ns, At safepoint: 76400 ns, Total: 209700 ns
[2021-03-18T08:10:18.205+0000][24612][safepoint    ] Safepoint "BulkRevokeBias", Time since last: 4277900 ns, Reaching safepoint: 114100 ns, At safepoint: 1450100 ns, Total: 1564200 ns
[2021-03-18T08:10:18.207+0000][24612][safepoint    ] Safepoint "BulkRevokeBias", Time since last: 645500 ns, Reaching safepoint: 126000 ns, At safepoint: 1110200 ns, Total: 1236200 ns
[2021-03-18T08:10:18.208+0000][24612][safepoint    ] Safepoint "BulkRevokeBias", Time since last: 132600 ns, Reaching safepoint: 69200 ns, At safepoint: 1135000 ns, Total: 1204200 ns
[2021-03-18T08:10:20.464+0000][24612][safepoint    ] Safepoint "Cleanup", Time since last: 2255005100 ns, Reaching safepoint: 587900 ns, At safepoint: 146900 ns, Total: 734800 ns
[2021-03-18T08:10:21.465+0000][24612][safepoint    ] Safepoint "Cleanup", Time since last: 1000496000 ns, Reaching safepoint: 156900 ns, At safepoint: 58600 ns, Total: 215500 ns
[2021-03-18T08:10:24.467+0000][24612][safepoint    ] Safepoint "Cleanup", Time since last: 3001748200 ns, Reaching safepoint: 457900 ns, At safepoint: 145700 ns, Total: 603600 ns
[2021-03-18T08:10:27.469+0000][24612][safepoint    ] Safepoint "Cleanup", Time since last: 3001608100 ns, Reaching safepoint: 179300 ns, At safepoint: 68300 ns, Total: 247600 ns
[2021-03-18T08:10:30.471+0000][24612][safepoint    ] Safepoint "Cleanup", Time since last: 3001273200 ns, Reaching safepoint: 194300 ns, At safepoint: 97700 ns, Total: 292000 ns
[2021-03-18T08:10:33.472+0000][24612][safepoint    ] Safepoint "Cleanup", Time since last: 3001523300 ns, Reaching safepoint: 437200 ns, At safepoint: 162500 ns, Total: 599700 ns
[2021-03-18T08:10:34.474+0000][24612][safepoint    ] Safepoint "Cleanup", Time since last: 1000514500 ns, Reaching safepoint: 479600 ns, At safepoint: 137200 ns, Total: 616800 ns
[2021-03-18T08:10:36.476+0000][24612][safepoint    ] Safepoint "Cleanup", Time since last: 2001703300 ns, Reaching safepoint: 256600 ns, At safepoint: 66500 ns, Total: 323100 ns
[2021-03-18T08:10:38.476+0000][24612][safepoint    ] Safepoint "Cleanup", Time since last: 1999878100 ns, Reaching safepoint: 138600 ns, At safepoint: 64500 ns, Total: 203100 ns
[2021-03-18T08:10:41.477+0000][24612][safepoint    ] Safepoint "Cleanup", Time since last: 3001402500 ns, Reaching safepoint: 264600 ns, At safepoint: 113400 ns, Total: 378000 ns
[2021-03-18T08:10:44.478+0000][24612][safepoint    ] Safepoint "Cleanup", Time since last: 3000921800 ns, Reaching safepoint: 143300 ns, At safepoint: 87200 ns, Total: 230500 ns
[2021-03-18T08:10:45.479+0000][24612][safepoint    ] Safepoint "Cleanup", Time since last: 1000018900 ns, Reaching safepoint: 220500 ns, At safepoint: 82200 ns, Total: 302700 ns
[2021-03-18T08:10:46.479+0000][24612][safepoint    ] Safepoint "Cleanup", Time since last: 1000169900 ns, Reaching safepoint: 121300 ns, At safepoint: 69700 ns, Total: 191000 ns
[2021-03-18T08:10:48.481+0000][24612][safepoint    ] Safepoint "Cleanup", Time since last: 2001271700 ns, Reaching safepoint: 178800 ns, At safepoint: 7700 ns, Total: 186500 ns
[2021-03-18T08:10:51.242+0000][24612][safepoint    ] Safepoint "Cleanup", Time since last: 2762428800 ns, Reaching safepoint: 153300 ns, At safepoint: 9800 ns, Total: 163100 ns
[2021-03-18T08:10:52.064+0000][24612][safepoint    ] Safepoint "ICBufferFull", Time since last: 821313700 ns, Reaching safepoint: 293600 ns, At safepoint: 199000 ns, Total: 492600 ns
[2021-03-18T08:10:52.240+0000][24612][safepoint    ] Safepoint "BulkRevokeBias", Time since last: 174170000 ns, Reaching safepoint: 121300 ns, At safepoint: 1100900 ns, Total: 1222200 ns
[2021-03-18T08:10:53.241+0000][24612][safepoint    ] Safepoint "Cleanup", Time since last: 1000595700 ns, Reaching safepoint: 113200 ns, At safepoint: 24900 ns, Total: 138100 ns
[2021-03-18T08:10:54.242+0000][24612][safepoint    ] Safepoint "Cleanup", Time since last: 1000594300 ns, Reaching safepoint: 237800 ns, At safepoint: 45400 ns, Total: 283200 ns
[2021-03-18T08:10:56.242+0000][24612][safepoint    ] Safepoint "Cleanup", Time since last: 2000192800 ns, Reaching safepoint: 143600 ns, At safepoint: 19000 ns, Total: 162600 ns
[2021-03-18T08:10:57.242+0000][24612][safepoint    ] Safepoint "Cleanup", Time since last: 1000188000 ns, Reaching safepoint: 111200 ns, At safepoint: 7200 ns, Total: 118400 ns
[2021-03-18T08:11:00.244+0000][24612][safepoint    ] Safepoint "Cleanup", Time since last: 3001801600 ns, Reaching safepoint: 185900 ns, At safepoint: 67600 ns, Total: 253500 ns
[2021-03-18T08:11:03.245+0000][24612][safepoint    ] Safepoint "Cleanup", Time since last: 3000342700 ns, Reaching safepoint: 157900 ns, At safepoint: 9700 ns, Total: 167600 ns
[2021-03-18T08:11:05.246+0000][24612][safepoint    ] Safepoint "Cleanup", Time since last: 2001647100 ns, Reaching safepoint: 140500 ns, At safepoint: 21600 ns, Total: 162100 ns
[2021-03-18T08:11:06.247+0000][24612][safepoint    ] Safepoint "Cleanup", Time since last: 1000665600 ns, Reaching safepoint: 161900 ns, At safepoint: 7300 ns, Total: 169200 ns
[2021-03-18T08:11:08.248+0000][24612][safepoint    ] Safepoint "Cleanup", Time since last: 2000968600 ns, Reaching safepoint: 129900 ns, At safepoint: 7600 ns, Total: 137500 ns
[2021-03-18T08:11:12.250+0000][24612][safepoint    ] Safepoint "Cleanup", Time since last: 4001459100 ns, Reaching safepoint: 121700 ns, At safepoint: 8000 ns, Total: 129700 ns
[2021-03-18T08:11:14.239+0000][24612][safepoint    ] Safepoint "Cleanup", Time since last: 1989131600 ns, Reaching safepoint: 148600 ns, At safepoint: 24500 ns, Total: 173100 ns
[2021-03-18T08:11:16.081+0000][24612][safepoint    ] Safepoint "Cleanup", Time since last: 1842281400 ns, Reaching safepoint: 121100 ns, At safepoint: 6400 ns, Total: 127500 ns
[2021-03-18T08:11:19.165+0000][24612][safepoint    ] Safepoint "Cleanup", Time since last: 3084385800 ns, Reaching safepoint: 148500 ns, At safepoint: 27700 ns, Total: 176200 ns
[2021-03-18T08:11:20.466+0000][24612][safepoint    ] Safepoint "Cleanup", Time since last: 1300110800 ns, Reaching safepoint: 135000 ns, At safepoint: 22700 ns, Total: 157700 ns
[2021-03-18T08:11:21.467+0000][24612][safepoint    ] Safepoint "Cleanup", Time since last: 1000630000 ns, Reaching safepoint: 116000 ns, At safepoint: 6500 ns, Total: 122500 ns
[2021-03-18T08:11:24.469+0000][24612][safepoint    ] Safepoint "Cleanup", Time since last: 3002096800 ns, Reaching safepoint: 144900 ns, At safepoint: 5600 ns, Total: 150500 ns
[2021-03-18T08:11:27.471+0000][24612][safepoint    ] Safepoint "Cleanup", Time since last: 3001972000 ns, Reaching safepoint: 119500 ns, At safepoint: 6300 ns, Total: 125800 ns
[2021-03-18T08:11:30.471+0000][24612][safepoint    ] Safepoint "Cleanup", Time since last: 3000733900 ns, Reaching safepoint: 116700 ns, At safepoint: 7500 ns, Total: 124200 ns
[2021-03-18T08:11:33.473+0000][24612][safepoint    ] Safepoint "Cleanup", Time since last: 3001575300 ns, Reaching safepoint: 145900 ns, At safepoint: 6700 ns, Total: 152600 ns
[2021-03-18T08:11:36.474+0000][24612][safepoint    ] Safepoint "Cleanup", Time since last: 3001337600 ns, Reaching safepoint: 132300 ns, At safepoint: 7800 ns, Total: 140100 ns
[2021-03-18T08:11:39.476+0000][24612][safepoint    ] Safepoint "Cleanup", Time since last: 3001531700 ns, Reaching safepoint: 126600 ns, At safepoint: 15900 ns, Total: 142500 ns
[2021-03-18T08:11:41.476+0000][24612][safepoint    ] Safepoint "Cleanup", Time since last: 2000270200 ns, Reaching safepoint: 107600 ns, At safepoint: 5600 ns, Total: 113200 ns
[2021-03-18T08:11:42.477+0000][24612][safepoint    ] Safepoint "Cleanup", Time since last: 1000277500 ns, Reaching safepoint: 153700 ns, At safepoint: 7300 ns, Total: 161000 ns
[2021-03-18T08:11:45.478+0000][24612][safepoint    ] Safepoint "Cleanup", Time since last: 3001348700 ns, Reaching safepoint: 146500 ns, At safepoint: 6700 ns, Total: 153200 ns
[2021-03-18T08:11:46.478+0000][24612][safepoint    ] Safepoint "Cleanup", Time since last: 1000172200 ns, Reaching safepoint: 151200 ns, At safepoint: 3500 ns, Total: 154700 ns
[2021-03-18T08:11:48.479+0000][24612][safepoint    ] Safepoint "Cleanup", Time since last: 2000131100 ns, Reaching safepoint: 112400 ns, At safepoint: 4700 ns, Total: 117100 ns
[2021-03-18T08:11:51.481+0000][24612][safepoint    ] Safepoint "Cleanup", Time since last: 3002204600 ns, Reaching safepoint: 135900 ns, At safepoint: 62000 ns, Total: 197900 ns
[2021-03-18T08:11:54.482+0000][24612][safepoint    ] Safepoint "Cleanup", Time since last: 3000609900 ns, Reaching safepoint: 191900 ns, At safepoint: 60700 ns, Total: 252600 ns
[2021-03-18T08:11:56.483+0000][24612][safepoint    ] Safepoint "Cleanup", Time since last: 2000749500 ns, Reaching safepoint: 141600 ns, At safepoint: 60200 ns, Total: 201800 ns
[2021-03-18T08:12:03.485+0000][24612][safepoint    ] Safepoint "Cleanup", Time since last: 7002380000 ns, Reaching safepoint: 136700 ns, At safepoint: 55800 ns, Total: 192500 ns
[2021-03-18T08:12:04.486+0000][24612][safepoint    ] Safepoint "Cleanup", Time since last: 1000382100 ns, Reaching safepoint: 104700 ns, At safepoint: 44700 ns, Total: 149400 ns
[2021-03-18T08:12:05.486+0000][24612][safepoint    ] Safepoint "Cleanup", Time since last: 1000098600 ns, Reaching safepoint: 134300 ns, At safepoint: 6700 ns, Total: 141000 ns
[2021-03-18T08:12:06.486+0000][24612][safepoint    ] Safepoint "Cleanup", Time since last: 1000555600 ns, Reaching safepoint: 206500 ns, At safepoint: 53500 ns, Total: 260000 ns
[2021-03-18T08:12:09.488+0000][24612][safepoint    ] Safepoint "Cleanup", Time since last: 3001250300 ns, Reaching safepoint: 123800 ns, At safepoint: 5700 ns, Total: 129500 ns
[2021-03-18T08:12:13.241+0000][24612][safepoint    ] Safepoint "Cleanup", Time since last: 3752778300 ns, Reaching safepoint: 106100 ns, At safepoint: 4900 ns, Total: 111000 ns
[2021-03-18T08:12:14.245+0000][24612][safepoint    ] Safepoint "Cleanup", Time since last: 1004185300 ns, Reaching safepoint: 200000 ns, At safepoint: 5500 ns, Total: 205500 ns
[2021-03-18T08:12:15.338+0000][24612][safepoint    ] Safepoint "Cleanup", Time since last: 1092764200 ns, Reaching safepoint: 183700 ns, At safepoint: 66700 ns, Total: 250400 ns
[2021-03-18T08:12:19.340+0000][24612][safepoint    ] Safepoint "Cleanup", Time since last: 4002279900 ns, Reaching safepoint: 120400 ns, At safepoint: 10300 ns, Total: 130700 ns
[2021-03-18T08:12:24.149+0000][24612][safepoint    ] Safepoint "Cleanup", Time since last: 4808818200 ns, Reaching safepoint: 128200 ns, At safepoint: 20800 ns, Total: 149000 ns
[2021-03-18T08:12:25.336+0000][24612][safepoint    ] Safepoint "Cleanup", Time since last: 1186745200 ns, Reaching safepoint: 125800 ns, At safepoint: 6400 ns, Total: 132200 ns
[2021-03-18T08:12:30.338+0000][24612][safepoint    ] Safepoint "Cleanup", Time since last: 5002216900 ns, Reaching safepoint: 157200 ns, At safepoint: 6000 ns, Total: 163200 ns
[2021-03-18T08:12:33.339+0000][24612][safepoint    ] Safepoint "Cleanup", Time since last: 3001206200 ns, Reaching safepoint: 130800 ns, At safepoint: 3700 ns, Total: 134500 ns
[2021-03-18T08:12:34.340+0000][24612][safepoint    ] Safepoint "Cleanup", Time since last: 1000084800 ns, Reaching safepoint: 110800 ns, At safepoint: 8500 ns, Total: 119300 ns
[2021-03-18T08:12:35.340+0000][24612][safepoint    ] Safepoint "Cleanup", Time since last: 1000289500 ns, Reaching safepoint: 166100 ns, At safepoint: 5100 ns, Total: 171200 ns
[2021-03-18T08:12:36.341+0000][24612][safepoint    ] Safepoint "Cleanup", Time since last: 1000813900 ns, Reaching safepoint: 155800 ns, At safepoint: 15300 ns, Total: 171100 ns
[2021-03-18T08:12:42.343+0000][24612][safepoint    ] Safepoint "Cleanup", Time since last: 6001737700 ns, Reaching safepoint: 161700 ns, At safepoint: 5400 ns, Total: 167100 ns
[2021-03-18T08:12:44.344+0000][24612][safepoint    ] Safepoint "Cleanup", Time since last: 2000746500 ns, Reaching safepoint: 101600 ns, At safepoint: 5300 ns, Total: 106900 ns
[2021-03-18T08:12:54.348+0000][24612][safepoint    ] Safepoint "Cleanup", Time since last: 10004944100 ns, Reaching safepoint: 108500 ns, At safepoint: 6700 ns, Total: 115200 ns
[2021-03-18T08:12:55.349+0000][24612][safepoint    ] Safepoint "Cleanup", Time since last: 1000772500 ns, Reaching safepoint: 147800 ns, At safepoint: 9800 ns, Total: 157600 ns
[2021-03-18T08:12:56.350+0000][24612][safepoint    ] Safepoint "Cleanup", Time since last: 1000703000 ns, Reaching safepoint: 434000 ns, At safepoint: 53700 ns, Total: 487700 ns
[2021-03-18T08:12:57.351+0000][24612][safepoint    ] Safepoint "Cleanup", Time since last: 1000443800 ns, Reaching safepoint: 109700 ns, At safepoint: 57300 ns, Total: 167000 ns
[2021-03-18T08:12:58.351+0000][24612][safepoint    ] Safepoint "Cleanup", Time since last: 1000011000 ns, Reaching safepoint: 112900 ns, At safepoint: 56600 ns, Total: 169500 ns
[2021-03-18T08:12:59.351+0000][24612][safepoint    ] Safepoint "Cleanup", Time since last: 1000080500 ns, Reaching safepoint: 124700 ns, At safepoint: 6500 ns, Total: 131200 ns
[2021-03-18T08:13:00.352+0000][24612][safepoint    ] Safepoint "Cleanup", Time since last: 1000501400 ns, Reaching safepoint: 126200 ns, At safepoint: 2900 ns, Total: 129100 ns
[2021-03-18T08:13:02.353+0000][24612][safepoint    ] Safepoint "Cleanup", Time since last: 2000780500 ns, Reaching safepoint: 123700 ns, At safepoint: 8700 ns, Total: 132400 ns
[2021-03-18T08:13:03.353+0000][24612][safepoint    ] Safepoint "Cleanup", Time since last: 1000111100 ns, Reaching safepoint: 110100 ns, At safepoint: 3400 ns, Total: 113500 ns
[2021-03-18T08:13:04.354+0000][24612][safepoint    ] Safepoint "Cleanup", Time since last: 1000505800 ns, Reaching safepoint: 161400 ns, At safepoint: 9000 ns, Total: 170400 ns
[2021-03-18T08:13:05.354+0000][24612][safepoint    ] Safepoint "Cleanup", Time since last: 1000113600 ns, Reaching safepoint: 156200 ns, At safepoint: 15700 ns, Total: 171900 ns
[2021-03-18T08:13:07.355+0000][24612][safepoint    ] Safepoint "Cleanup", Time since last: 2000826100 ns, Reaching safepoint: 113800 ns, At safepoint: 4300 ns, Total: 118100 ns
[2021-03-18T08:13:08.355+0000][24612][safepoint    ] Safepoint "Cleanup", Time since last: 1000037100 ns, Reaching safepoint: 152100 ns, At safepoint: 9500 ns, Total: 161600 ns
[2021-03-18T08:13:09.356+0000][24612][safepoint    ] Safepoint "Cleanup", Time since last: 1000393300 ns, Reaching safepoint: 104100 ns, At safepoint: 9600 ns, Total: 113700 ns
[2021-03-18T08:13:10.356+0000][24612][safepoint    ] Safepoint "Cleanup", Time since last: 1000193500 ns, Reaching safepoint: 141500 ns, At safepoint: 10100 ns, Total: 151600 ns
[2021-03-18T08:13:12.357+0000][24612][safepoint    ] Safepoint "Cleanup", Time since last: 2000847200 ns, Reaching safepoint: 119600 ns, At safepoint: 5100 ns, Total: 124700 ns
[2021-03-18T08:13:13.357+0000][24612][safepoint    ] Safepoint "Cleanup", Time since last: 1000053900 ns, Reaching safepoint: 124500 ns, At safepoint: 7300 ns, Total: 131800 ns
[2021-03-18T08:13:14.357+0000][24612][safepoint    ] Safepoint "Cleanup", Time since last: 1000478500 ns, Reaching safepoint: 123400 ns, At safepoint: 2800 ns, Total: 126200 ns
[2021-03-18T08:13:15.358+0000][24612][safepoint    ] Safepoint "Cleanup", Time since last: 1000274100 ns, Reaching safepoint: 127200 ns, At safepoint: 7300 ns, Total: 134500 ns
[2021-03-18T08:13:17.359+0000][24612][safepoint    ] Safepoint "Cleanup", Time since last: 2000692400 ns, Reaching safepoint: 118700 ns, At safepoint: 3700 ns, Total: 122400 ns
[2021-03-18T08:13:18.359+0000][24612][safepoint    ] Safepoint "Cleanup", Time since last: 1000056000 ns, Reaching safepoint: 141200 ns, At safepoint: 6200 ns, Total: 147400 ns
[2021-03-18T08:13:19.839+0000][24612][safepoint    ] Safepoint "Cleanup", Time since last: 1480476400 ns, Reaching safepoint: 144500 ns, At safepoint: 6600 ns, Total: 151100 ns
[2021-03-18T08:13:20.153+0000][24612][safepoint    ] Safepoint "BulkRevokeBias", Time since last: 312381600 ns, Reaching safepoint: 130800 ns, At safepoint: 1610000 ns, Total: 1740800 ns
[2021-03-18T08:13:22.154+0000][24612][safepoint    ] Safepoint "Cleanup", Time since last: 2000751500 ns, Reaching safepoint: 518400 ns, At safepoint: 16600 ns, Total: 535000 ns
[2021-03-18T08:13:24.155+0000][24612][safepoint    ] Safepoint "Cleanup", Time since last: 2000270100 ns, Reaching safepoint: 121400 ns, At safepoint: 7500 ns, Total: 128900 ns
[2021-03-18T08:13:25.155+0000][24612][safepoint    ] Safepoint "Cleanup", Time since last: 1000164300 ns, Reaching safepoint: 150600 ns, At safepoint: 19400 ns, Total: 170000 ns
[2021-03-18T08:13:26.156+0000][24612][safepoint    ] Safepoint "Cleanup", Time since last: 1000771900 ns, Reaching safepoint: 137000 ns, At safepoint: 4600 ns, Total: 141600 ns
[2021-03-18T08:13:27.156+0000][24612][safepoint    ] Safepoint "Cleanup", Time since last: 1000069600 ns, Reaching safepoint: 212900 ns, At safepoint: 15100 ns, Total: 228000 ns
[2021-03-18T08:13:28.157+0000][24612][safepoint    ] Safepoint "Cleanup", Time since last: 1000719800 ns, Reaching safepoint: 203500 ns, At safepoint: 6400 ns, Total: 209900 ns
[2021-03-18T08:13:30.158+0000][24612][safepoint    ] Safepoint "Cleanup", Time since last: 2000167900 ns, Reaching safepoint: 157200 ns, At safepoint: 6900 ns, Total: 164100 ns
[2021-03-18T08:13:31.159+0000][24612][safepoint    ] Safepoint "Cleanup", Time since last: 1000795200 ns, Reaching safepoint: 157400 ns, At safepoint: 8900 ns, Total: 166300 ns
[2021-03-18T08:13:32.159+0000][24612][safepoint    ] Safepoint "Cleanup", Time since last: 1000460300 ns, Reaching safepoint: 105200 ns, At safepoint: 7100 ns, Total: 112300 ns
[2021-03-18T08:13:33.160+0000][24612][safepoint    ] Safepoint "Cleanup", Time since last: 1000778700 ns, Reaching safepoint: 128900 ns, At safepoint: 5000 ns, Total: 133900 ns
[2021-03-18T08:13:34.161+0000][24612][safepoint    ] Safepoint "Cleanup", Time since last: 1000747500 ns, Reaching safepoint: 117000 ns, At safepoint: 7700 ns, Total: 124700 ns
[2021-03-18T08:13:35.161+0000][24612][safepoint    ] Safepoint "Cleanup", Time since last: 1000177200 ns, Reaching safepoint: 127300 ns, At safepoint: 5600 ns, Total: 132900 ns
[2021-03-18T08:13:36.162+0000][24612][safepoint    ] Safepoint "Cleanup", Time since last: 1000266700 ns, Reaching safepoint: 133800 ns, At safepoint: 5200 ns, Total: 139000 ns
[2021-03-18T08:13:37.162+0000][24612][safepoint    ] Safepoint "Cleanup", Time since last: 1000694800 ns, Reaching safepoint: 128100 ns, At safepoint: 6900 ns, Total: 135000 ns
[2021-03-18T08:13:38.163+0000][24612][safepoint    ] Safepoint "Cleanup", Time since last: 1000097100 ns, Reaching safepoint: 122300 ns, At safepoint: 4400 ns, Total: 126700 ns
[2021-03-18T08:13:39.163+0000][24612][safepoint    ] Safepoint "Cleanup", Time since last: 1000523400 ns, Reaching safepoint: 118500 ns, At safepoint: 6100 ns, Total: 124600 ns
[2021-03-18T08:13:40.164+0000][24612][safepoint    ] Safepoint "Cleanup", Time since last: 1000862800 ns, Reaching safepoint: 129200 ns, At safepoint: 6700 ns, Total: 135900 ns
[2021-03-18T08:13:41.165+0000][24612][safepoint    ] Safepoint "Cleanup", Time since last: 1000413200 ns, Reaching safepoint: 112100 ns, At safepoint: 5200 ns, Total: 117300 ns
[2021-03-18T08:13:42.166+0000][24612][safepoint    ] Safepoint "Cleanup", Time since last: 1000839900 ns, Reaching safepoint: 134200 ns, At safepoint: 5700 ns, Total: 139900 ns
[2021-03-18T08:13:44.167+0000][24612][safepoint    ] Safepoint "Cleanup", Time since last: 2000775300 ns, Reaching safepoint: 95800 ns, At safepoint: 6900 ns, Total: 102700 ns
[2021-03-18T08:13:45.167+0000][24612][safepoint    ] Safepoint "Cleanup", Time since last: 1000610500 ns, Reaching safepoint: 109400 ns, At safepoint: 7800 ns, Total: 117200 ns
[2021-03-18T08:13:47.168+0000][24612][safepoint    ] Safepoint "Cleanup", Time since last: 2000611400 ns, Reaching safepoint: 148700 ns, At safepoint: 11600 ns, Total: 160300 ns
[2021-03-18T08:13:48.168+0000][24612][safepoint    ] Safepoint "Cleanup", Time since last: 1000367100 ns, Reaching safepoint: 180200 ns, At safepoint: 9700 ns, Total: 189900 ns
[2021-03-18T08:13:50.169+0000][24612][safepoint    ] Safepoint "Cleanup", Time since last: 2000323600 ns, Reaching safepoint: 123200 ns, At safepoint: 3400 ns, Total: 126600 ns
[2021-03-18T08:13:52.169+0000][24612][safepoint    ] Safepoint "Cleanup", Time since last: 2000170300 ns, Reaching safepoint: 116000 ns, At safepoint: 4200 ns, Total: 120200 ns
[2021-03-18T08:13:53.169+0000][24612][safepoint    ] Safepoint "Cleanup", Time since last: 1000156100 ns, Reaching safepoint: 93700 ns, At safepoint: 4200 ns, Total: 97900 ns
[2021-03-18T08:13:54.170+0000][24612][safepoint    ] Safepoint "Cleanup", Time since last: 1000213200 ns, Reaching safepoint: 126200 ns, At safepoint: 17700 ns, Total: 143900 ns
[2021-03-18T08:13:55.170+0000][24612][safepoint    ] Safepoint "Cleanup", Time since last: 1000195600 ns, Reaching safepoint: 140300 ns, At safepoint: 8800 ns, Total: 149100 ns
[2021-03-18T08:13:56.170+0000][24612][safepoint    ] Safepoint "Cleanup", Time since last: 1000191300 ns, Reaching safepoint: 136400 ns, At safepoint: 9300 ns, Total: 145700 ns
[2021-03-18T08:13:57.171+0000][24612][safepoint    ] Safepoint "Cleanup", Time since last: 1000508600 ns, Reaching safepoint: 104100 ns, At safepoint: 4600 ns, Total: 108700 ns
[2021-03-18T08:13:58.171+0000][24612][safepoint    ] Safepoint "Cleanup", Time since last: 1000485500 ns, Reaching safepoint: 119300 ns, At safepoint: 8400 ns, Total: 127700 ns
[2021-03-18T08:13:59.172+0000][24612][safepoint    ] Safepoint "Cleanup", Time since last: 1000868300 ns, Reaching safepoint: 139000 ns, At safepoint: 3400 ns, Total: 142400 ns
[2021-03-18T08:14:01.172+0000][24612][safepoint    ] Safepoint "Cleanup", Time since last: 1999873300 ns, Reaching safepoint: 157100 ns, At safepoint: 12500 ns, Total: 169600 ns
[2021-03-18T08:14:02.173+0000][24612][safepoint    ] Safepoint "Cleanup", Time since last: 1000827100 ns, Reaching safepoint: 130900 ns, At safepoint: 12100 ns, Total: 143000 ns
[2021-03-18T08:14:03.174+0000][24612][safepoint    ] Safepoint "Cleanup", Time since last: 1000807000 ns, Reaching safepoint: 150500 ns, At safepoint: 10000 ns, Total: 160500 ns
[2021-03-18T08:14:04.175+0000][24612][safepoint    ] Safepoint "Cleanup", Time since last: 1000822400 ns, Reaching safepoint: 110400 ns, At safepoint: 8700 ns, Total: 119100 ns
[2021-03-18T08:14:05.175+0000][24612][safepoint    ] Safepoint "Cleanup", Time since last: 1000190900 ns, Reaching safepoint: 109900 ns, At safepoint: 3800 ns, Total: 113700 ns
[2021-03-18T08:14:07.176+0000][24612][safepoint    ] Safepoint "Cleanup", Time since last: 2000508000 ns, Reaching safepoint: 118000 ns, At safepoint: 8400 ns, Total: 126400 ns
[2021-03-18T08:14:08.177+0000][24612][safepoint    ] Safepoint "Cleanup", Time since last: 1000455000 ns, Reaching safepoint: 92000 ns, At safepoint: 3800 ns, Total: 95800 ns
[2021-03-18T08:14:09.177+0000][24612][safepoint    ] Safepoint "Cleanup", Time since last: 1000128000 ns, Reaching safepoint: 98600 ns, At safepoint: 7500 ns, Total: 106100 ns
[2021-03-18T08:14:11.177+0000][24612][safepoint    ] Safepoint "Cleanup", Time since last: 2000528000 ns, Reaching safepoint: 106300 ns, At safepoint: 8300 ns, Total: 114600 ns
[2021-03-18T08:14:12.178+0000][24612][safepoint    ] Safepoint "Cleanup", Time since last: 1000161000 ns, Reaching safepoint: 124000 ns, At safepoint: 3500 ns, Total: 127500 ns
[2021-03-18T08:14:13.178+0000][24612][safepoint    ] Safepoint "Cleanup", Time since last: 1000342900 ns, Reaching safepoint: 128200 ns, At safepoint: 10600 ns, Total: 138800 ns
[2021-03-18T08:14:15.179+0000][24612][safepoint    ] Safepoint "Cleanup", Time since last: 2000435600 ns, Reaching safepoint: 105900 ns, At safepoint: 7400 ns, Total: 113300 ns
[2021-03-18T08:14:17.179+0000][24612][safepoint    ] Safepoint "Cleanup", Time since last: 2000542900 ns, Reaching safepoint: 127000 ns, At safepoint: 12000 ns, Total: 139000 ns
[2021-03-18T08:14:19.180+0000][24612][safepoint    ] Safepoint "Cleanup", Time since last: 2000228600 ns, Reaching safepoint: 121400 ns, At safepoint: 24000 ns, Total: 145400 ns
[2021-03-18T08:14:21.147+0000][24612][safepoint    ] Safepoint "Cleanup", Time since last: 1967534500 ns, Reaching safepoint: 119600 ns, At safepoint: 18300 ns, Total: 137900 ns
[2021-03-18T08:14:23.148+0000][24612][safepoint    ] Safepoint "Cleanup", Time since last: 2000829600 ns, Reaching safepoint: 97000 ns, At safepoint: 15900 ns, Total: 112900 ns
[2021-03-18T08:14:25.149+0000][24612][safepoint    ] Safepoint "Cleanup", Time since last: 2000620900 ns, Reaching safepoint: 129800 ns, At safepoint: 20400 ns, Total: 150200 ns
[2021-03-18T08:14:27.150+0000][24612][safepoint    ] Safepoint "Cleanup", Time since last: 2000732300 ns, Reaching safepoint: 110600 ns, At safepoint: 60100 ns, Total: 170700 ns
[2021-03-18T08:14:28.151+0000][24612][safepoint    ] Safepoint "Cleanup", Time since last: 1000796000 ns, Reaching safepoint: 133600 ns, At safepoint: 22800 ns, Total: 156400 ns
[2021-03-18T08:14:30.151+0000][24612][safepoint    ] Safepoint "Cleanup", Time since last: 2000372500 ns, Reaching safepoint: 100300 ns, At safepoint: 11900 ns, Total: 112200 ns
[2021-03-18T08:14:32.152+0000][24612][safepoint    ] Safepoint "Cleanup", Time since last: 2000781300 ns, Reaching safepoint: 114900 ns, At safepoint: 18700 ns, Total: 133600 ns
[2021-03-18T08:14:33.152+0000][24612][safepoint    ] Safepoint "Cleanup", Time since last: 1000190900 ns, Reaching safepoint: 101500 ns, At safepoint: 19200 ns, Total: 120700 ns
[2021-03-18T08:14:34.153+0000][24612][safepoint    ] Safepoint "Cleanup", Time since last: 1000390100 ns, Reaching safepoint: 142000 ns, At safepoint: 19900 ns, Total: 161900 ns
[2021-03-18T08:14:35.153+0000][24612][safepoint    ] Safepoint "Cleanup", Time since last: 1000491000 ns, Reaching safepoint: 126200 ns, At safepoint: 20700 ns, Total: 146900 ns
[2021-03-18T08:14:37.154+0000][24612][safepoint    ] Safepoint "Cleanup", Time since last: 2000308400 ns, Reaching safepoint: 137700 ns, At safepoint: 22000 ns, Total: 159700 ns
[2021-03-18T08:14:38.154+0000][24612][safepoint    ] Safepoint "Cleanup", Time since last: 1000528300 ns, Reaching safepoint: 100900 ns, At safepoint: 13300 ns, Total: 114200 ns
[2021-03-18T08:14:39.155+0000][24612][safepoint    ] Safepoint "Cleanup", Time since last: 1000471300 ns, Reaching safepoint: 86800 ns, At safepoint: 13000 ns, Total: 99800 ns
[2021-03-18T08:14:41.155+0000][24612][safepoint    ] Safepoint "Cleanup", Time since last: 2000470500 ns, Reaching safepoint: 104400 ns, At safepoint: 18200 ns, Total: 122600 ns
[2021-03-18T08:14:43.156+0000][24612][safepoint    ] Safepoint "Cleanup", Time since last: 2000636100 ns, Reaching safepoint: 106000 ns, At safepoint: 18900 ns, Total: 124900 ns
[2021-03-18T08:14:44.156+0000][24612][safepoint    ] Safepoint "Cleanup", Time since last: 1000162700 ns, Reaching safepoint: 102200 ns, At safepoint: 14100 ns, Total: 116300 ns
[2021-03-18T08:14:45.157+0000][24612][safepoint    ] Safepoint "Cleanup", Time since last: 1000796900 ns, Reaching safepoint: 123500 ns, At safepoint: 13600 ns, Total: 137100 ns
[2021-03-18T08:14:46.158+0000][24612][safepoint    ] Safepoint "Cleanup", Time since last: 1000850900 ns, Reaching safepoint: 104800 ns, At safepoint: 20700 ns, Total: 125500 ns
[2021-03-18T08:14:47.159+0000][24612][safepoint    ] Safepoint "Cleanup", Time since last: 1000249600 ns, Reaching safepoint: 110400 ns, At safepoint: 19500 ns, Total: 129900 ns
[2021-03-18T08:14:49.159+0000][24612][safepoint    ] Safepoint "Cleanup", Time since last: 2000862800 ns, Reaching safepoint: 107600 ns, At safepoint: 31400 ns, Total: 139000 ns
[2021-03-18T08:14:51.160+0000][24612][safepoint    ] Safepoint "Cleanup", Time since last: 1999981400 ns, Reaching safepoint: 99000 ns, At safepoint: 16400 ns, Total: 115400 ns
[2021-03-18T08:14:52.160+0000][24612][safepoint    ] Safepoint "Cleanup", Time since last: 1000511000 ns, Reaching safepoint: 87100 ns, At safepoint: 14800 ns, Total: 101900 ns
[2021-03-18T08:14:53.160+0000][24612][safepoint    ] Safepoint "Cleanup", Time since last: 1000205000 ns, Reaching safepoint: 124600 ns, At safepoint: 16100 ns, Total: 140700 ns
[2021-03-18T08:14:55.161+0000][24612][safepoint    ] Safepoint "Cleanup", Time since last: 2000008900 ns, Reaching safepoint: 125600 ns, At safepoint: 17700 ns, Total: 143300 ns
[2021-03-18T08:14:56.161+0000][24612][safepoint    ] Safepoint "Cleanup", Time since last: 1000421700 ns, Reaching safepoint: 137600 ns, At safepoint: 23500 ns, Total: 161100 ns
[2021-03-18T08:14:57.162+0000][24612][safepoint    ] Safepoint "Cleanup", Time since last: 1000765700 ns, Reaching safepoint: 133400 ns, At safepoint: 56400 ns, Total: 189800 ns
[2021-03-18T08:14:59.162+0000][24612][safepoint    ] Safepoint "Cleanup", Time since last: 1999961200 ns, Reaching safepoint: 99200 ns, At safepoint: 15200 ns, Total: 114400 ns
[2021-03-18T08:15:00.162+0000][24612][safepoint    ] Safepoint "Cleanup", Time since last: 1000051300 ns, Reaching safepoint: 101000 ns, At safepoint: 18700 ns, Total: 119700 ns
[2021-03-18T08:15:01.162+0000][24612][safepoint    ] Safepoint "Cleanup", Time since last: 1000084300 ns, Reaching safepoint: 117800 ns, At safepoint: 15700 ns, Total: 133500 ns
[2021-03-18T08:15:02.163+0000][24612][safepoint    ] Safepoint "Cleanup", Time since last: 1000452000 ns, Reaching safepoint: 108500 ns, At safepoint: 24200 ns, Total: 132700 ns
[2021-03-18T08:15:03.163+0000][24612][safepoint    ] Safepoint "Cleanup", Time since last: 1000091300 ns, Reaching safepoint: 147200 ns, At safepoint: 7200 ns, Total: 154400 ns
[2021-03-18T08:15:04.163+0000][24612][safepoint    ] Safepoint "Cleanup", Time since last: 1000121500 ns, Reaching safepoint: 124100 ns, At safepoint: 17800 ns, Total: 141900 ns
[2021-03-18T08:15:06.164+0000][24612][safepoint    ] Safepoint "Cleanup", Time since last: 2000668300 ns, Reaching safepoint: 109600 ns, At safepoint: 14500 ns, Total: 124100 ns
[2021-03-18T08:15:07.165+0000][24612][safepoint    ] Safepoint "Cleanup", Time since last: 1000348800 ns, Reaching safepoint: 108900 ns, At safepoint: 18900 ns, Total: 127800 ns
[2021-03-18T08:15:08.165+0000][24612][safepoint    ] Safepoint "Cleanup", Time since last: 1000302300 ns, Reaching safepoint: 113400 ns, At safepoint: 8300 ns, Total: 121700 ns
[2021-03-18T08:15:10.166+0000][24612][safepoint    ] Safepoint "Cleanup", Time since last: 2000546300 ns, Reaching safepoint: 130500 ns, At safepoint: 25200 ns, Total: 155700 ns
[2021-03-18T08:15:12.166+0000][24612][safepoint    ] Safepoint "Cleanup", Time since last: 2000469300 ns, Reaching safepoint: 104300 ns, At safepoint: 62200 ns, Total: 166500 ns
[2021-03-18T08:15:14.167+0000][24612][safepoint    ] Safepoint "Cleanup", Time since last: 2000566300 ns, Reaching safepoint: 109600 ns, At safepoint: 13800 ns, Total: 123400 ns
[2021-03-18T08:15:16.297+0000][24612][safepoint    ] Safepoint "BulkRevokeBias", Time since last: 2128316300 ns, Reaching safepoint: 91800 ns, At safepoint: 1223100 ns, Total: 1314900 ns
[2021-03-18T08:15:18.298+0000][24612][safepoint    ] Safepoint "Cleanup", Time since last: 2001931800 ns, Reaching safepoint: 136400 ns, At safepoint: 18400 ns, Total: 154800 ns
[2021-03-18T08:15:19.844+0000][24612][safepoint    ] Safepoint "BulkRevokeBias", Time since last: 1544170000 ns, Reaching safepoint: 110200 ns, At safepoint: 1342700 ns, Total: 1452900 ns
[2021-03-18T08:15:21.156+0000][24612][safepoint    ] Safepoint "Cleanup", Time since last: 1311534800 ns, Reaching safepoint: 135600 ns, At safepoint: 24700 ns, Total: 160300 ns
[2021-03-18T08:15:22.157+0000][24612][safepoint    ] Safepoint "Cleanup", Time since last: 1000846700 ns, Reaching safepoint: 135200 ns, At safepoint: 4100 ns, Total: 139300 ns
[2021-03-18T08:15:25.158+0000][24612][safepoint    ] Safepoint "Cleanup", Time since last: 3000948800 ns, Reaching safepoint: 139700 ns, At safepoint: 7900 ns, Total: 147600 ns
[2021-03-18T08:15:27.159+0000][24612][safepoint    ] Safepoint "Cleanup", Time since last: 2000854700 ns, Reaching safepoint: 153700 ns, At safepoint: 18100 ns, Total: 171800 ns
[2021-03-18T08:15:28.159+0000][24612][safepoint    ] Safepoint "Cleanup", Time since last: 1000407400 ns, Reaching safepoint: 129700 ns, At safepoint: 9200 ns, Total: 138900 ns
[2021-03-18T08:15:33.160+0000][24612][safepoint    ] Safepoint "Cleanup", Time since last: 5000977900 ns, Reaching safepoint: 144500 ns, At safepoint: 10900 ns, Total: 155400 ns
[2021-03-18T08:15:35.161+0000][24612][safepoint    ] Safepoint "Cleanup", Time since last: 2000450800 ns, Reaching safepoint: 158500 ns, At safepoint: 10800 ns, Total: 169300 ns
[2021-03-18T08:15:39.163+0000][24612][safepoint    ] Safepoint "Cleanup", Time since last: 4002518600 ns, Reaching safepoint: 129700 ns, At safepoint: 11500 ns, Total: 141200 ns
[2021-03-18T08:15:49.168+0000][24612][safepoint    ] Safepoint "Cleanup", Time since last: 10004542100 ns, Reaching safepoint: 134200 ns, At safepoint: 9400 ns, Total: 143600 ns
[2021-03-18T08:15:53.279+0000][24612][safepoint    ] Safepoint "Cleanup", Time since last: 4112440300 ns, Reaching safepoint: 118200 ns, At safepoint: 59800 ns, Total: 178000 ns
[2021-03-18T08:15:53.289+0000][24612][safepoint    ] Safepoint "BulkRevokeBias", Time since last: 8210600 ns, Reaching safepoint: 101200 ns, At safepoint: 1232700 ns, Total: 1333900 ns
[2021-03-18T08:15:53.295+0000][24612][safepoint    ] Safepoint "BulkRevokeBias", Time since last: 3238100 ns, Reaching safepoint: 127300 ns, At safepoint: 1240800 ns, Total: 1368100 ns
[2021-03-18T08:15:53.302+0000][24612][safepoint    ] Safepoint "BulkRevokeBias", Time since last: 6637900 ns, Reaching safepoint: 142500 ns, At safepoint: 1329900 ns, Total: 1472400 ns
[2021-03-18T08:15:53.328+0000][24612][safepoint    ] Safepoint "BulkRevokeBias", Time since last: 24984200 ns, Reaching safepoint: 97200 ns, At safepoint: 1162500 ns, Total: 1259700 ns
[2021-03-18T08:15:54.501+0000][24612][safepoint    ] Safepoint "Cleanup", Time since last: 1172644100 ns, Reaching safepoint: 119000 ns, At safepoint: 22100 ns, Total: 141100 ns
[2021-03-18T08:16:04.508+0000][24612][safepoint    ] Safepoint "Cleanup", Time since last: 10006566500 ns, Reaching safepoint: 144600 ns, At safepoint: 9400 ns, Total: 154000 ns
[2021-03-18T08:16:06.749+0000][24612][safepoint    ] Safepoint "Cleanup", Time since last: 2241221700 ns, Reaching safepoint: 104200 ns, At safepoint: 8600 ns, Total: 112800 ns
[2021-03-18T08:16:15.753+0000][24612][safepoint    ] Safepoint "Cleanup", Time since last: 9003626400 ns, Reaching safepoint: 169600 ns, At safepoint: 13600 ns, Total: 183200 ns
[2021-03-18T08:16:17.754+0000][24612][safepoint    ] Safepoint "Cleanup", Time since last: 2000800600 ns, Reaching safepoint: 171100 ns, At safepoint: 11800 ns, Total: 182900 ns
[2021-03-18T08:16:19.754+0000][24612][safepoint    ] Safepoint "Cleanup", Time since last: 2000232400 ns, Reaching safepoint: 540100 ns, At safepoint: 14800 ns, Total: 554900 ns
[2021-03-18T08:16:21.165+0000][24612][safepoint    ] Safepoint "Cleanup", Time since last: 1410825700 ns, Reaching safepoint: 564800 ns, At safepoint: 41000 ns, Total: 605800 ns
[2021-03-18T08:16:23.166+0000][24612][safepoint    ] Safepoint "Cleanup", Time since last: 1999646500 ns, Reaching safepoint: 146200 ns, At safepoint: 5100 ns, Total: 151300 ns
[2021-03-18T08:16:25.166+0000][24612][safepoint    ] Safepoint "Cleanup", Time since last: 2000108100 ns, Reaching safepoint: 138900 ns, At safepoint: 8400 ns, Total: 147300 ns
[2021-03-18T08:16:35.169+0000][24612][safepoint    ] Safepoint "Cleanup", Time since last: 10003314700 ns, Reaching safepoint: 146900 ns, At safepoint: 27500 ns, Total: 174400 ns
[2021-03-18T08:16:36.169+0000][24612][safepoint    ] Safepoint "Cleanup", Time since last: 1000217400 ns, Reaching safepoint: 104700 ns, At safepoint: 6600 ns, Total: 111300 ns
[2021-03-18T08:16:37.170+0000][24612][safepoint    ] Safepoint "Cleanup", Time since last: 1000391500 ns, Reaching safepoint: 128700 ns, At safepoint: 14800 ns, Total: 143500 ns
[2021-03-18T08:16:39.328+0000][24612][safepoint    ] Safepoint "Cleanup", Time since last: 2158519500 ns, Reaching safepoint: 137100 ns, At safepoint: 8700 ns, Total: 145800 ns
[2021-03-18T08:16:40.329+0000][24612][safepoint    ] Safepoint "Cleanup", Time since last: 1000181400 ns, Reaching safepoint: 150200 ns, At safepoint: 65300 ns, Total: 215500 ns
[2021-03-18T08:16:41.329+0000][24612][safepoint    ] Safepoint "Cleanup", Time since last: 1000030100 ns, Reaching safepoint: 114600 ns, At safepoint: 21200 ns, Total: 135800 ns
[2021-03-18T08:16:43.329+0000][24612][safepoint    ] Safepoint "Cleanup", Time since last: 2000001000 ns, Reaching safepoint: 248100 ns, At safepoint: 100100 ns, Total: 348200 ns
[2021-03-18T08:16:45.330+0000][24612][safepoint    ] Safepoint "Cleanup", Time since last: 2000208100 ns, Reaching safepoint: 181300 ns, At safepoint: 17700 ns, Total: 199000 ns
[2021-03-18T08:16:46.330+0000][24612][safepoint    ] Safepoint "Cleanup", Time since last: 1000216000 ns, Reaching safepoint: 114000 ns, At safepoint: 24300 ns, Total: 138300 ns
[2021-03-18T08:16:47.331+0000][24612][safepoint    ] Safepoint "Cleanup", Time since last: 1000757200 ns, Reaching safepoint: 131900 ns, At safepoint: 22800 ns, Total: 154700 ns
[2021-03-18T08:16:48.332+0000][24612][safepoint    ] Safepoint "Cleanup", Time since last: 1000751000 ns, Reaching safepoint: 126800 ns, At safepoint: 18100 ns, Total: 144900 ns
[2021-03-18T08:16:49.332+0000][24612][safepoint    ] Safepoint "Cleanup", Time since last: 1000368500 ns, Reaching safepoint: 135600 ns, At safepoint: 20700 ns, Total: 156300 ns
[2021-03-18T08:16:50.333+0000][24612][safepoint    ] Safepoint "Cleanup", Time since last: 1000927600 ns, Reaching safepoint: 495800 ns, At safepoint: 98900 ns, Total: 594700 ns
[2021-03-18T08:16:52.334+0000][24612][safepoint    ] Safepoint "Cleanup", Time since last: 2000695800 ns, Reaching safepoint: 115000 ns, At safepoint: 24900 ns, Total: 139900 ns
[2021-03-18T08:16:53.335+0000][24612][safepoint    ] Safepoint "Cleanup", Time since last: 1000122900 ns, Reaching safepoint: 153200 ns, At safepoint: 6000 ns, Total: 159200 ns
[2021-03-18T08:16:54.335+0000][24612][safepoint    ] Safepoint "Cleanup", Time since last: 1000160300 ns, Reaching safepoint: 117800 ns, At safepoint: 4500 ns, Total: 122300 ns
[2021-03-18T08:16:55.336+0000][24612][safepoint    ] Safepoint "Cleanup", Time since last: 1000656900 ns, Reaching safepoint: 243400 ns, At safepoint: 47500 ns, Total: 290900 ns
[2021-03-18T08:16:56.337+0000][24612][safepoint    ] Safepoint "Cleanup", Time since last: 1000560000 ns, Reaching safepoint: 95500 ns, At safepoint: 46600 ns, Total: 142100 ns
[2021-03-18T08:16:58.337+0000][24612][safepoint    ] Safepoint "Cleanup", Time since last: 2000123900 ns, Reaching safepoint: 168100 ns, At safepoint: 69100 ns, Total: 237200 ns
[2021-03-18T08:17:00.337+0000][24612][safepoint    ] Safepoint "Cleanup", Time since last: 1999926800 ns, Reaching safepoint: 112500 ns, At safepoint: 22200 ns, Total: 134700 ns
[2021-03-18T08:17:02.337+0000][24612][safepoint    ] Safepoint "Cleanup", Time since last: 2000138200 ns, Reaching safepoint: 161600 ns, At safepoint: 97900 ns, Total: 259500 ns
[2021-03-18T08:17:03.338+0000][24612][safepoint    ] Safepoint "Cleanup", Time since last: 1000487900 ns, Reaching safepoint: 221600 ns, At safepoint: 8500 ns, Total: 230100 ns
[2021-03-18T08:17:04.339+0000][24612][safepoint    ] Safepoint "Cleanup", Time since last: 1000356600 ns, Reaching safepoint: 164000 ns, At safepoint: 63300 ns, Total: 227300 ns
[2021-03-18T08:17:05.339+0000][24612][safepoint    ] Safepoint "Cleanup", Time since last: 1000725500 ns, Reaching safepoint: 124500 ns, At safepoint: 63900 ns, Total: 188400 ns
[2021-03-18T08:17:06.340+0000][24612][safepoint    ] Safepoint "Cleanup", Time since last: 1000272300 ns, Reaching safepoint: 473800 ns, At safepoint: 77900 ns, Total: 551700 ns
[2021-03-18T08:17:07.341+0000][24612][safepoint    ] Safepoint "Cleanup", Time since last: 1000165000 ns, Reaching safepoint: 150600 ns, At safepoint: 7500 ns, Total: 158100 ns
[2021-03-18T08:17:08.341+0000][24612][safepoint    ] Safepoint "Cleanup", Time since last: 1000065400 ns, Reaching safepoint: 236200 ns, At safepoint: 10400 ns, Total: 246600 ns
[2021-03-18T08:17:10.341+0000][24612][safepoint    ] Safepoint "Cleanup", Time since last: 1999875800 ns, Reaching safepoint: 117200 ns, At safepoint: 58600 ns, Total: 175800 ns
[2021-03-18T08:17:11.341+0000][24612][safepoint    ] Safepoint "Cleanup", Time since last: 1000324400 ns, Reaching safepoint: 124600 ns, At safepoint: 71300 ns, Total: 195900 ns
[2021-03-18T08:17:12.342+0000][24612][safepoint    ] Safepoint "Cleanup", Time since last: 1000640900 ns, Reaching safepoint: 112600 ns, At safepoint: 12200 ns, Total: 124800 ns
[2021-03-18T08:17:13.343+0000][24612][safepoint    ] Safepoint "Cleanup", Time since last: 1001158500 ns, Reaching safepoint: 131700 ns, At safepoint: 65200 ns, Total: 196900 ns
[2021-03-18T08:17:15.345+0000][24612][safepoint    ] Safepoint "Cleanup", Time since last: 2001267900 ns, Reaching safepoint: 127500 ns, At safepoint: 5900 ns, Total: 133400 ns
[2021-03-18T08:17:16.346+0000][24612][safepoint    ] Safepoint "Cleanup", Time since last: 1001119200 ns, Reaching safepoint: 139500 ns, At safepoint: 26600 ns, Total: 166100 ns
[2021-03-18T08:17:17.346+0000][24612][safepoint    ] Safepoint "Cleanup", Time since last: 1000238700 ns, Reaching safepoint: 192500 ns, At safepoint: 8300 ns, Total: 200800 ns
[2021-03-18T08:17:19.347+0000][24612][safepoint    ] Safepoint "Cleanup", Time since last: 2000829200 ns, Reaching safepoint: 117300 ns, At safepoint: 6800 ns, Total: 124100 ns
[2021-03-18T08:17:21.138+0000][24612][safepoint    ] Safepoint "Cleanup", Time since last: 1790128500 ns, Reaching safepoint: 215300 ns, At safepoint: 68100 ns, Total: 283400 ns
[2021-03-18T08:17:22.139+0000][24612][safepoint    ] Safepoint "Cleanup", Time since last: 1001472300 ns, Reaching safepoint: 163900 ns, At safepoint: 9600 ns, Total: 173500 ns
[2021-03-18T08:17:23.140+0000][24612][safepoint    ] Safepoint "Cleanup", Time since last: 1000800500 ns, Reaching safepoint: 411800 ns, At safepoint: 30200 ns, Total: 442000 ns
[2021-03-18T08:17:25.141+0000][24612][safepoint    ] Safepoint "Cleanup", Time since last: 2000689500 ns, Reaching safepoint: 371400 ns, At safepoint: 22300 ns, Total: 393700 ns
[2021-03-18T08:17:26.142+0000][24612][safepoint    ] Safepoint "Cleanup", Time since last: 1000433800 ns, Reaching safepoint: 187100 ns, At safepoint: 64900 ns, Total: 252000 ns
[2021-03-18T08:17:27.143+0000][24612][safepoint    ] Safepoint "Cleanup", Time since last: 1000100100 ns, Reaching safepoint: 349600 ns, At safepoint: 131400 ns, Total: 481000 ns
[2021-03-18T08:17:28.144+0000][24612][safepoint    ] Safepoint "Cleanup", Time since last: 1001188400 ns, Reaching safepoint: 431400 ns, At safepoint: 81600 ns, Total: 513000 ns
[2021-03-18T08:17:29.145+0000][24612][safepoint    ] Safepoint "Cleanup", Time since last: 1000242100 ns, Reaching safepoint: 135300 ns, At safepoint: 3000 ns, Total: 138300 ns
[2021-03-18T08:17:30.146+0000][24612][safepoint    ] Safepoint "Cleanup", Time since last: 1000524800 ns, Reaching safepoint: 253000 ns, At safepoint: 11600 ns, Total: 264600 ns
[2021-03-18T08:17:31.146+0000][24612][safepoint    ] Safepoint "Cleanup", Time since last: 1000158300 ns, Reaching safepoint: 269700 ns, At safepoint: 16600 ns, Total: 286300 ns
[2021-03-18T08:17:32.147+0000][24612][safepoint    ] Safepoint "Cleanup", Time since last: 1000686700 ns, Reaching safepoint: 394700 ns, At safepoint: 133300 ns, Total: 528000 ns
[2021-03-18T08:17:33.148+0000][24612][safepoint    ] Safepoint "Cleanup", Time since last: 1000344100 ns, Reaching safepoint: 125300 ns, At safepoint: 59000 ns, Total: 184300 ns
[2021-03-18T08:17:34.149+0000][24612][safepoint    ] Safepoint "Cleanup", Time since last: 1000597400 ns, Reaching safepoint: 117400 ns, At safepoint: 6900 ns, Total: 124300 ns
[2021-03-18T08:17:36.149+0000][24612][safepoint    ] Safepoint "Cleanup", Time since last: 2000374800 ns, Reaching safepoint: 289000 ns, At safepoint: 33700 ns, Total: 322700 ns
[2021-03-18T08:17:37.149+0000][24612][safepoint    ] Safepoint "Cleanup", Time since last: 1000104700 ns, Reaching safepoint: 541800 ns, At safepoint: 184500 ns, Total: 726300 ns
[2021-03-18T08:17:38.152+0000][24612][safepoint    ] Safepoint "Cleanup", Time since last: 1001131400 ns, Reaching safepoint: 562600 ns, At safepoint: 22300 ns, Total: 584900 ns
[2021-03-18T08:17:39.152+0000][24612][safepoint    ] Safepoint "Cleanup", Time since last: 1000352800 ns, Reaching safepoint: 121600 ns, At safepoint: 21600 ns, Total: 143200 ns
[2021-03-18T08:17:40.153+0000][24612][safepoint    ] Safepoint "Cleanup", Time since last: 1000336700 ns, Reaching safepoint: 397100 ns, At safepoint: 23000 ns, Total: 420100 ns
[2021-03-18T08:17:42.153+0000][24612][safepoint    ] Safepoint "Cleanup", Time since last: 2000178400 ns, Reaching safepoint: 383900 ns, At safepoint: 21200 ns, Total: 405100 ns
[2021-03-18T08:17:44.154+0000][24612][safepoint    ] Safepoint "Cleanup", Time since last: 2000571700 ns, Reaching safepoint: 129000 ns, At safepoint: 5300 ns, Total: 134300 ns
[2021-03-18T08:17:45.155+0000][24612][safepoint    ] Safepoint "Cleanup", Time since last: 1000482400 ns, Reaching safepoint: 391500 ns, At safepoint: 24300 ns, Total: 415800 ns
[2021-03-18T08:17:46.156+0000][24612][safepoint    ] Safepoint "Cleanup", Time since last: 1000559800 ns, Reaching safepoint: 386100 ns, At safepoint: 20500 ns, Total: 406600 ns
[2021-03-18T08:17:47.157+0000][24612][safepoint    ] Safepoint "Cleanup", Time since last: 1000859100 ns, Reaching safepoint: 133700 ns, At safepoint: 4600 ns, Total: 138300 ns
[2021-03-18T08:17:48.157+0000][24612][safepoint    ] Safepoint "Cleanup", Time since last: 1000008100 ns, Reaching safepoint: 362800 ns, At safepoint: 22800 ns, Total: 385600 ns
[2021-03-18T08:17:49.158+0000][24612][safepoint    ] Safepoint "Cleanup", Time since last: 1000354000 ns, Reaching safepoint: 139800 ns, At safepoint: 6700 ns, Total: 146500 ns
[2021-03-18T08:17:50.158+0000][24612][safepoint    ] Safepoint "Cleanup", Time since last: 1000205900 ns, Reaching safepoint: 168600 ns, At safepoint: 5300 ns, Total: 173900 ns
[2021-03-18T08:17:51.159+0000][24612][safepoint    ] Safepoint "Cleanup", Time since last: 1000351900 ns, Reaching safepoint: 140400 ns, At safepoint: 31900 ns, Total: 172300 ns
[2021-03-18T08:17:52.159+0000][24612][safepoint    ] Safepoint "Cleanup", Time since last: 1000687200 ns, Reaching safepoint: 129300 ns, At safepoint: 8800 ns, Total: 138100 ns
[2021-03-18T08:17:53.160+0000][24612][safepoint    ] Safepoint "Cleanup", Time since last: 1000509200 ns, Reaching safepoint: 174500 ns, At safepoint: 9400 ns, Total: 183900 ns
[2021-03-18T08:17:54.161+0000][24612][safepoint    ] Safepoint "Cleanup", Time since last: 1000213600 ns, Reaching safepoint: 121300 ns, At safepoint: 6100 ns, Total: 127400 ns
[2021-03-18T08:17:55.161+0000][24612][safepoint    ] Safepoint "Cleanup", Time since last: 1000507500 ns, Reaching safepoint: 87800 ns, At safepoint: 3100 ns, Total: 90900 ns
[2021-03-18T08:17:56.162+0000][24612][safepoint    ] Safepoint "Cleanup", Time since last: 1000388900 ns, Reaching safepoint: 112300 ns, At safepoint: 5600 ns, Total: 117900 ns
[2021-03-18T08:17:57.162+0000][24612][safepoint    ] Safepoint "Cleanup", Time since last: 1000197400 ns, Reaching safepoint: 349500 ns, At safepoint: 15000 ns, Total: 364500 ns
[2021-03-18T08:17:58.162+0000][24612][safepoint    ] Safepoint "Cleanup", Time since last: 1000214000 ns, Reaching safepoint: 378700 ns, At safepoint: 16900 ns, Total: 395600 ns
[2021-03-18T08:17:59.164+0000][24612][safepoint    ] Safepoint "Cleanup", Time since last: 1001143400 ns, Reaching safepoint: 125500 ns, At safepoint: 3000 ns, Total: 128500 ns
[2021-03-18T08:18:00.164+0000][24612][safepoint    ] Safepoint "Cleanup", Time since last: 1000069000 ns, Reaching safepoint: 176000 ns, At safepoint: 5200 ns, Total: 181200 ns
[2021-03-18T08:18:01.164+0000][24612][safepoint    ] Safepoint "Cleanup", Time since last: 1000285100 ns, Reaching safepoint: 329700 ns, At safepoint: 17800 ns, Total: 347500 ns
[2021-03-18T08:18:02.165+0000][24612][safepoint    ] Safepoint "Cleanup", Time since last: 1000527200 ns, Reaching safepoint: 200900 ns, At safepoint: 10500 ns, Total: 211400 ns
[2021-03-18T08:18:03.166+0000][24612][safepoint    ] Safepoint "Cleanup", Time since last: 1000260300 ns, Reaching safepoint: 186600 ns, At safepoint: 14200 ns, Total: 200800 ns
[2021-03-18T08:18:04.166+0000][24612][safepoint    ] Safepoint "Cleanup", Time since last: 1000302000 ns, Reaching safepoint: 106500 ns, At safepoint: 6200 ns, Total: 112700 ns
[2021-03-18T08:18:05.166+0000][24612][safepoint    ] Safepoint "Cleanup", Time since last: 1000048400 ns, Reaching safepoint: 230600 ns, At safepoint: 10100 ns, Total: 240700 ns
[2021-03-18T08:18:06.167+0000][24612][safepoint    ] Safepoint "Cleanup", Time since last: 1000661100 ns, Reaching safepoint: 170700 ns, At safepoint: 7200 ns, Total: 177900 ns
[2021-03-18T08:18:07.168+0000][24612][safepoint    ] Safepoint "Cleanup", Time since last: 1000255000 ns, Reaching safepoint: 135700 ns, At safepoint: 6300 ns, Total: 142000 ns
[2021-03-18T08:18:08.169+0000][24612][safepoint    ] Safepoint "Cleanup", Time since last: 1000737700 ns, Reaching safepoint: 334100 ns, At safepoint: 18200 ns, Total: 352300 ns
[2021-03-18T08:18:09.169+0000][24612][safepoint    ] Safepoint "Cleanup", Time since last: 1000139500 ns, Reaching safepoint: 157900 ns, At safepoint: 5500 ns, Total: 163400 ns
[2021-03-18T08:18:10.169+0000][24612][safepoint    ] Safepoint "Cleanup", Time since last: 1000218700 ns, Reaching safepoint: 157000 ns, At safepoint: 12700 ns, Total: 169700 ns
[2021-03-18T08:18:11.170+0000][24612][safepoint    ] Safepoint "Cleanup", Time since last: 1000371300 ns, Reaching safepoint: 212400 ns, At safepoint: 6700 ns, Total: 219100 ns
[2021-03-18T08:18:12.171+0000][24612][safepoint    ] Safepoint "Cleanup", Time since last: 1000477100 ns, Reaching safepoint: 143700 ns, At safepoint: 6000 ns, Total: 149700 ns
[2021-03-18T08:18:13.171+0000][24612][safepoint    ] Safepoint "Cleanup", Time since last: 1000541900 ns, Reaching safepoint: 107100 ns, At safepoint: 3000 ns, Total: 110100 ns
[2021-03-18T08:18:15.172+0000][24612][safepoint    ] Safepoint "Cleanup", Time since last: 2000125500 ns, Reaching safepoint: 123400 ns, At safepoint: 9400 ns, Total: 132800 ns
[2021-03-18T08:18:16.172+0000][24612][safepoint    ] Safepoint "Cleanup", Time since last: 1000609800 ns, Reaching safepoint: 242600 ns, At safepoint: 11000 ns, Total: 253600 ns
[2021-03-18T08:18:17.173+0000][24612][safepoint    ] Safepoint "Cleanup", Time since last: 1000340700 ns, Reaching safepoint: 123100 ns, At safepoint: 6700 ns, Total: 129800 ns
[2021-03-18T08:18:18.174+0000][24612][safepoint    ] Safepoint "Cleanup", Time since last: 1000927000 ns, Reaching safepoint: 185200 ns, At safepoint: 6600 ns, Total: 191800 ns
[2021-03-18T08:18:19.175+0000][24612][safepoint    ] Safepoint "Cleanup", Time since last: 1000606800 ns, Reaching safepoint: 124300 ns, At safepoint: 20500 ns, Total: 144800 ns
[2021-03-18T08:18:20.175+0000][24612][safepoint    ] Safepoint "Cleanup", Time since last: 1000362600 ns, Reaching safepoint: 142500 ns, At safepoint: 12000 ns, Total: 154500 ns
[2021-03-18T08:18:21.176+0000][24612][safepoint    ] Safepoint "Cleanup", Time since last: 1000304600 ns, Reaching safepoint: 254800 ns, At safepoint: 11900 ns, Total: 266700 ns
[2021-03-18T08:18:23.132+0000][24612][safepoint    ] Safepoint "Cleanup", Time since last: 1956003600 ns, Reaching safepoint: 162700 ns, At safepoint: 43400 ns, Total: 206100 ns
[2021-03-18T08:18:24.132+0000][24612][safepoint    ] Safepoint "Cleanup", Time since last: 1000293800 ns, Reaching safepoint: 123000 ns, At safepoint: 72700 ns, Total: 195700 ns
[2021-03-18T08:18:25.133+0000][24612][safepoint    ] Safepoint "Cleanup", Time since last: 1000630200 ns, Reaching safepoint: 156900 ns, At safepoint: 5100 ns, Total: 162000 ns
[2021-03-18T08:18:26.134+0000][24612][safepoint    ] Safepoint "Cleanup", Time since last: 1000344900 ns, Reaching safepoint: 321200 ns, At safepoint: 19000 ns, Total: 340200 ns
[2021-03-18T08:18:27.134+0000][24612][safepoint    ] Safepoint "Cleanup", Time since last: 1000340700 ns, Reaching safepoint: 156400 ns, At safepoint: 22100 ns, Total: 178500 ns
[2021-03-18T08:18:28.135+0000][24612][safepoint    ] Safepoint "Cleanup", Time since last: 1000652000 ns, Reaching safepoint: 127800 ns, At safepoint: 60800 ns, Total: 188600 ns
[2021-03-18T08:18:30.136+0000][24612][safepoint    ] Safepoint "Cleanup", Time since last: 2001183100 ns, Reaching safepoint: 104700 ns, At safepoint: 3600 ns, Total: 108300 ns
[2021-03-18T08:18:31.137+0000][24612][safepoint    ] Safepoint "Cleanup", Time since last: 1000050100 ns, Reaching safepoint: 151000 ns, At safepoint: 61800 ns, Total: 212800 ns
[2021-03-18T08:18:32.137+0000][24612][safepoint    ] Safepoint "Cleanup", Time since last: 1000043900 ns, Reaching safepoint: 105000 ns, At safepoint: 20100 ns, Total: 125100 ns
[2021-03-18T08:18:33.137+0000][24612][safepoint    ] Safepoint "Cleanup", Time since last: 1000569200 ns, Reaching safepoint: 120400 ns, At safepoint: 6600 ns, Total: 127000 ns
[2021-03-18T08:18:34.138+0000][24612][safepoint    ] Safepoint "Cleanup", Time since last: 1000193300 ns, Reaching safepoint: 183200 ns, At safepoint: 11200 ns, Total: 194400 ns
[2021-03-18T08:18:35.139+0000][24612][safepoint    ] Safepoint "Cleanup", Time since last: 1000697300 ns, Reaching safepoint: 127700 ns, At safepoint: 6300 ns, Total: 134000 ns
[2021-03-18T08:18:37.139+0000][24612][safepoint    ] Safepoint "Cleanup", Time since last: 2000390300 ns, Reaching safepoint: 179300 ns, At safepoint: 8100 ns, Total: 187400 ns
[2021-03-18T08:18:38.140+0000][24612][safepoint    ] Safepoint "Cleanup", Time since last: 1000346300 ns, Reaching safepoint: 274100 ns, At safepoint: 9100 ns, Total: 283200 ns
[2021-03-18T08:18:39.140+0000][24612][safepoint    ] Safepoint "Cleanup", Time since last: 1000461200 ns, Reaching safepoint: 350000 ns, At safepoint: 15900 ns, Total: 365900 ns
[2021-03-18T08:18:41.141+0000][24612][safepoint    ] Safepoint "Cleanup", Time since last: 1999968500 ns, Reaching safepoint: 154600 ns, At safepoint: 5300 ns, Total: 159900 ns
[2021-03-18T08:18:42.142+0000][24612][safepoint    ] Safepoint "Cleanup", Time since last: 1000751700 ns, Reaching safepoint: 295400 ns, At safepoint: 112700 ns, Total: 408100 ns
[2021-03-18T08:18:44.142+0000][24612][safepoint    ] Safepoint "Cleanup", Time since last: 2000052900 ns, Reaching safepoint: 183000 ns, At safepoint: 74900 ns, Total: 257900 ns
[2021-03-18T08:18:46.142+0000][24612][safepoint    ] Safepoint "Cleanup", Time since last: 2000324900 ns, Reaching safepoint: 409200 ns, At safepoint: 25800 ns, Total: 435000 ns
[2021-03-18T08:18:47.144+0000][24612][safepoint    ] Safepoint "Cleanup", Time since last: 1000802600 ns, Reaching safepoint: 115100 ns, At safepoint: 6900 ns, Total: 122000 ns
[2021-03-18T08:18:49.144+0000][24612][safepoint    ] Safepoint "Cleanup", Time since last: 2000032100 ns, Reaching safepoint: 135700 ns, At safepoint: 59700 ns, Total: 195400 ns
[2021-03-18T08:18:50.145+0000][24612][safepoint    ] Safepoint "Cleanup", Time since last: 1000661900 ns, Reaching safepoint: 103600 ns, At safepoint: 59900 ns, Total: 163500 ns
[2021-03-18T08:18:51.145+0000][24612][safepoint    ] Safepoint "Cleanup", Time since last: 1000351900 ns, Reaching safepoint: 429600 ns, At safepoint: 32200 ns, Total: 461800 ns
[2021-03-18T08:18:52.146+0000][24612][safepoint    ] Safepoint "Cleanup", Time since last: 1000004500 ns, Reaching safepoint: 176000 ns, At safepoint: 40700 ns, Total: 216700 ns
[2021-03-18T08:18:53.146+0000][24612][safepoint    ] Safepoint "Cleanup", Time since last: 1000013600 ns, Reaching safepoint: 188000 ns, At safepoint: 11800 ns, Total: 199800 ns
[2021-03-18T08:18:54.146+0000][24612][safepoint    ] Safepoint "Cleanup", Time since last: 1000152600 ns, Reaching safepoint: 252000 ns, At safepoint: 56700 ns, Total: 308700 ns
[2021-03-18T08:18:55.147+0000][24612][safepoint    ] Safepoint "Cleanup", Time since last: 1000556500 ns, Reaching safepoint: 195600 ns, At safepoint: 56900 ns, Total: 252500 ns
[2021-03-18T08:18:56.147+0000][24612][safepoint    ] Safepoint "Cleanup", Time since last: 1000247900 ns, Reaching safepoint: 174300 ns, At safepoint: 63300 ns, Total: 237600 ns
[2021-03-18T08:18:57.148+0000][24612][safepoint    ] Safepoint "Cleanup", Time since last: 1000431700 ns, Reaching safepoint: 126500 ns, At safepoint: 18500 ns, Total: 145000 ns
[2021-03-18T08:18:58.149+0000][24612][safepoint    ] Safepoint "Cleanup", Time since last: 1000274600 ns, Reaching safepoint: 113400 ns, At safepoint: 53000 ns, Total: 166400 ns
[2021-03-18T08:18:59.149+0000][24612][safepoint    ] Safepoint "Cleanup", Time since last: 1000443100 ns, Reaching safepoint: 103600 ns, At safepoint: 17500 ns, Total: 121100 ns
[2021-03-18T08:19:00.150+0000][24612][safepoint    ] Safepoint "Cleanup", Time since last: 1000249300 ns, Reaching safepoint: 87900 ns, At safepoint: 17500 ns, Total: 105400 ns
[2021-03-18T08:19:01.151+0000][24612][safepoint    ] Safepoint "Cleanup", Time since last: 1001007100 ns, Reaching safepoint: 126500 ns, At safepoint: 5500 ns, Total: 132000 ns
[2021-03-18T08:19:02.151+0000][24612][safepoint    ] Safepoint "Cleanup", Time since last: 1000739500 ns, Reaching safepoint: 394100 ns, At safepoint: 129500 ns, Total: 523600 ns
[2021-03-18T08:19:04.152+0000][24612][safepoint    ] Safepoint "Cleanup", Time since last: 1999927000 ns, Reaching safepoint: 340700 ns, At safepoint: 21800 ns, Total: 362500 ns
[2021-03-18T08:19:06.152+0000][24612][safepoint    ] Safepoint "Cleanup", Time since last: 2000205300 ns, Reaching safepoint: 209400 ns, At safepoint: 64900 ns, Total: 274300 ns
[2021-03-18T08:19:07.153+0000][24612][safepoint    ] Safepoint "Cleanup", Time since last: 1000224500 ns, Reaching safepoint: 114600 ns, At safepoint: 5300 ns, Total: 119900 ns
[2021-03-18T08:19:08.153+0000][24612][safepoint    ] Safepoint "Cleanup", Time since last: 1000082300 ns, Reaching safepoint: 109600 ns, At safepoint: 6300 ns, Total: 115900 ns
[2021-03-18T08:19:09.154+0000][24612][safepoint    ] Safepoint "Cleanup", Time since last: 1000591500 ns, Reaching safepoint: 111400 ns, At safepoint: 4800 ns, Total: 116200 ns
[2021-03-18T08:19:10.154+0000][24612][safepoint    ] Safepoint "Cleanup", Time since last: 1000363700 ns, Reaching safepoint: 154100 ns, At safepoint: 16200 ns, Total: 170300 ns
[2021-03-18T08:19:11.155+0000][24612][safepoint    ] Safepoint "Cleanup", Time since last: 1000813000 ns, Reaching safepoint: 393200 ns, At safepoint: 129900 ns, Total: 523100 ns
[2021-03-18T08:19:12.156+0000][24612][safepoint    ] Safepoint "Cleanup", Time since last: 1000765300 ns, Reaching safepoint: 197300 ns, At safepoint: 7300 ns, Total: 204600 ns
[2021-03-18T08:19:13.157+0000][24612][safepoint    ] Safepoint "Cleanup", Time since last: 1000257100 ns, Reaching safepoint: 195400 ns, At safepoint: 18400 ns, Total: 213800 ns
[2021-03-18T08:19:14.157+0000][24612][safepoint    ] Safepoint "Cleanup", Time since last: 1000158300 ns, Reaching safepoint: 257600 ns, At safepoint: 20900 ns, Total: 278500 ns
[2021-03-18T08:19:15.158+0000][24612][safepoint    ] Safepoint "Cleanup", Time since last: 1000547600 ns, Reaching safepoint: 96100 ns, At safepoint: 4200 ns, Total: 100300 ns
[2021-03-18T08:19:16.159+0000][24612][safepoint    ] Safepoint "Cleanup", Time since last: 1000894000 ns, Reaching safepoint: 288800 ns, At safepoint: 10400 ns, Total: 299200 ns
[2021-03-18T08:19:17.160+0000][24612][safepoint    ] Safepoint "Cleanup", Time since last: 1000406600 ns, Reaching safepoint: 131700 ns, At safepoint: 14500 ns, Total: 146200 ns
[2021-03-18T08:19:18.105+0000][24612][gc,start     ] GC(10) Pause Young (Normal) (G1 Evacuation Pause)
[2021-03-18T08:19:18.105+0000][24612][gc,task      ] GC(10) Using 8 workers of 8 for evacuation
[2021-03-18T08:19:18.105+0000][24612][gc,age       ] GC(10) Desired survivor size 33030144 bytes, new threshold 3 (max threshold 15)
[2021-03-18T08:19:18.129+0000][24612][gc,age       ] GC(10) Age table with threshold 3 (max threshold 15)
[2021-03-18T08:19:18.129+0000][24612][gc,age       ] GC(10) - age   1:    2699424 bytes,    2699424 total
[2021-03-18T08:19:18.129+0000][24612][gc,age       ] GC(10) - age   2:   15996040 bytes,   18695464 total
[2021-03-18T08:19:18.129+0000][24612][gc,age       ] GC(10) - age   3:    8322616 bytes,   27018080 total
[2021-03-18T08:19:18.130+0000][24612][gc,phases    ] GC(10)   Pre Evacuate Collection Set: 0.2ms
[2021-03-18T08:19:18.130+0000][24612][gc,phases    ] GC(10)   Merge Heap Roots: 0.1ms
[2021-03-18T08:19:18.130+0000][24612][gc,phases    ] GC(10)   Evacuate Collection Set: 21.2ms
[2021-03-18T08:19:18.130+0000][24612][gc,phases    ] GC(10)   Post Evacuate Collection Set: 2.6ms
[2021-03-18T08:19:18.130+0000][24612][gc,phases    ] GC(10)   Other: 0.5ms
[2021-03-18T08:19:18.130+0000][24612][gc,heap      ] GC(10) Eden regions: 460->0(469)
[2021-03-18T08:19:18.130+0000][24612][gc,heap      ] GC(10) Survivor regions: 40->27(63)
[2021-03-18T08:19:18.130+0000][24612][gc,heap      ] GC(10) Old regions: 36->50
[2021-03-18T08:19:18.130+0000][24612][gc,heap      ] GC(10) Archive regions: 0->0
[2021-03-18T08:19:18.130+0000][24612][gc,heap      ] GC(10) Humongous regions: 204->174
[2021-03-18T08:19:18.130+0000][24612][gc,metaspace ] GC(10) Metaspace: 83884K(89756K)->83884K(89756K) NonClass: 72870K(76316K)->72870K(76316K) Class: 11013K(13440K)->11013K(13440K)
[2021-03-18T08:19:18.130+0000][24612][gc           ] GC(10) Pause Young (Normal) (G1 Evacuation Pause) 739M->250M(1024M) 24.998ms
[2021-03-18T08:19:18.130+0000][24612][gc,cpu       ] GC(10) User=0.16s Sys=0.03s Real=0.03s
[2021-03-18T08:19:18.130+0000][24612][safepoint    ] Safepoint "G1CollectForAllocation", Time since last: 944833600 ns, Reaching safepoint: 154500 ns, At safepoint: 25203600 ns, Total: 25358100 ns
[2021-03-18T08:19:20.130+0000][24612][safepoint    ] Safepoint "Cleanup", Time since last: 1999738900 ns, Reaching safepoint: 96300 ns, At safepoint: 3000 ns, Total: 99300 ns
[2021-03-18T08:19:21.130+0000][24612][safepoint    ] Safepoint "Cleanup", Time since last: 1000068600 ns, Reaching safepoint: 254900 ns, At safepoint: 14300 ns, Total: 269200 ns
[2021-03-18T08:19:22.133+0000][24612][safepoint    ] Safepoint "Cleanup", Time since last: 1003031700 ns, Reaching safepoint: 288700 ns, At safepoint: 75200 ns, Total: 363900 ns
[2021-03-18T08:19:23.135+0000][24612][safepoint    ] Safepoint "Cleanup", Time since last: 1001150100 ns, Reaching safepoint: 231300 ns, At safepoint: 78800 ns, Total: 310100 ns
[2021-03-18T08:19:24.135+0000][24612][safepoint    ] Safepoint "Cleanup", Time since last: 1000397400 ns, Reaching safepoint: 440700 ns, At safepoint: 74900 ns, Total: 515600 ns
[2021-03-18T08:19:26.136+0000][24612][safepoint    ] Safepoint "Cleanup", Time since last: 1999903300 ns, Reaching safepoint: 161000 ns, At safepoint: 58100 ns, Total: 219100 ns
[2021-03-18T08:19:27.136+0000][24612][safepoint    ] Safepoint "Cleanup", Time since last: 1000696100 ns, Reaching safepoint: 490700 ns, At safepoint: 106600 ns, Total: 597300 ns
[2021-03-18T08:19:28.137+0000][24612][safepoint    ] Safepoint "Cleanup", Time since last: 1000011600 ns, Reaching safepoint: 434900 ns, At safepoint: 24700 ns, Total: 459600 ns
[2021-03-18T08:19:30.138+0000][24612][safepoint    ] Safepoint "Cleanup", Time since last: 2000615200 ns, Reaching safepoint: 113800 ns, At safepoint: 5200 ns, Total: 119000 ns
[2021-03-18T08:19:31.139+0000][24612][safepoint    ] Safepoint "Cleanup", Time since last: 1000803000 ns, Reaching safepoint: 152700 ns, At safepoint: 6300 ns, Total: 159000 ns
[2021-03-18T08:19:33.139+0000][24612][safepoint    ] Safepoint "Cleanup", Time since last: 2000089600 ns, Reaching safepoint: 236800 ns, At safepoint: 12100 ns, Total: 248900 ns
[2021-03-18T08:19:34.140+0000][24612][safepoint    ] Safepoint "Cleanup", Time since last: 1000280900 ns, Reaching safepoint: 132300 ns, At safepoint: 21600 ns, Total: 153900 ns
[2021-03-18T08:19:35.140+0000][24612][safepoint    ] Safepoint "Cleanup", Time since last: 1000450300 ns, Reaching safepoint: 127200 ns, At safepoint: 18600 ns, Total: 145800 ns
[2021-03-18T08:19:36.141+0000][24612][safepoint    ] Safepoint "Cleanup", Time since last: 1000534200 ns, Reaching safepoint: 151200 ns, At safepoint: 63600 ns, Total: 214800 ns
[2021-03-18T08:19:38.141+0000][24612][safepoint    ] Safepoint "Cleanup", Time since last: 2000265800 ns, Reaching safepoint: 301400 ns, At safepoint: 101700 ns, Total: 403100 ns
[2021-03-18T08:19:39.142+0000][24612][safepoint    ] Safepoint "Cleanup", Time since last: 1000196700 ns, Reaching safepoint: 120000 ns, At safepoint: 58700 ns, Total: 178700 ns
[2021-03-18T08:19:40.142+0000][24612][safepoint    ] Safepoint "Cleanup", Time since last: 1000036000 ns, Reaching safepoint: 191900 ns, At safepoint: 19500 ns, Total: 211400 ns
[2021-03-18T08:19:41.143+0000][24612][safepoint    ] Safepoint "Cleanup", Time since last: 1000359100 ns, Reaching safepoint: 488000 ns, At safepoint: 32200 ns, Total: 520200 ns
[2021-03-18T08:19:43.144+0000][24612][safepoint    ] Safepoint "Cleanup", Time since last: 1999819900 ns, Reaching safepoint: 465700 ns, At safepoint: 215400 ns, Total: 681100 ns
[2021-03-18T08:19:44.144+0000][24612][safepoint    ] Safepoint "Cleanup", Time since last: 1000302700 ns, Reaching safepoint: 178100 ns, At safepoint: 59000 ns, Total: 237100 ns
[2021-03-18T08:19:45.145+0000][24612][safepoint    ] Safepoint "Cleanup", Time since last: 1000449000 ns, Reaching safepoint: 147700 ns, At safepoint: 17400 ns, Total: 165100 ns
[2021-03-18T08:19:46.146+0000][24612][safepoint    ] Safepoint "Cleanup", Time since last: 1000770900 ns, Reaching safepoint: 268800 ns, At safepoint: 18100 ns, Total: 286900 ns
[2021-03-18T08:19:47.146+0000][24612][safepoint    ] Safepoint "Cleanup", Time since last: 1000577200 ns, Reaching safepoint: 221800 ns, At safepoint: 10600 ns, Total: 232400 ns
[2021-03-18T08:19:49.147+0000][24612][safepoint    ] Safepoint "Cleanup", Time since last: 2000398300 ns, Reaching safepoint: 296800 ns, At safepoint: 24500 ns, Total: 321300 ns
[2021-03-18T08:19:50.148+0000][24612][safepoint    ] Safepoint "Cleanup", Time since last: 1000162900 ns, Reaching safepoint: 218800 ns, At safepoint: 48600 ns, Total: 267400 ns
[2021-03-18T08:19:51.148+0000][24612][safepoint    ] Safepoint "Cleanup", Time since last: 1000206500 ns, Reaching safepoint: 530300 ns, At safepoint: 156800 ns, Total: 687100 ns
[2021-03-18T08:19:52.150+0000][24612][safepoint    ] Safepoint "Cleanup", Time since last: 1000877600 ns, Reaching safepoint: 361400 ns, At safepoint: 12600 ns, Total: 374000 ns
[2021-03-18T08:19:53.151+0000][24612][safepoint    ] Safepoint "Cleanup", Time since last: 1000592200 ns, Reaching safepoint: 133300 ns, At safepoint: 3700 ns, Total: 137000 ns
[2021-03-18T08:19:54.151+0000][24612][safepoint    ] Safepoint "Cleanup", Time since last: 1000323200 ns, Reaching safepoint: 129600 ns, At safepoint: 7100 ns, Total: 136700 ns
[2021-03-18T08:19:55.152+0000][24612][safepoint    ] Safepoint "Cleanup", Time since last: 1000678500 ns, Reaching safepoint: 115100 ns, At safepoint: 2800 ns, Total: 117900 ns
[2021-03-18T08:19:57.153+0000][24612][safepoint    ] Safepoint "Cleanup", Time since last: 2000797000 ns, Reaching safepoint: 218300 ns, At safepoint: 85400 ns, Total: 303700 ns
[2021-03-18T08:19:58.153+0000][24612][safepoint    ] Safepoint "Cleanup", Time since last: 1000043200 ns, Reaching safepoint: 199900 ns, At safepoint: 58000 ns, Total: 257900 ns
[2021-03-18T08:19:59.154+0000][24612][safepoint    ] Safepoint "Cleanup", Time since last: 1000414200 ns, Reaching safepoint: 336500 ns, At safepoint: 69100 ns, Total: 405600 ns
[2021-03-18T08:20:01.154+0000][24612][safepoint    ] Safepoint "Cleanup", Time since last: 2000095700 ns, Reaching safepoint: 276500 ns, At safepoint: 70500 ns, Total: 347000 ns
[2021-03-18T08:20:02.154+0000][24612][safepoint    ] Safepoint "Cleanup", Time since last: 1000037600 ns, Reaching safepoint: 284700 ns, At safepoint: 77600 ns, Total: 362300 ns
[2021-03-18T08:20:04.155+0000][24612][safepoint    ] Safepoint "Cleanup", Time since last: 2000519600 ns, Reaching safepoint: 221100 ns, At safepoint: 17800 ns, Total: 238900 ns
[2021-03-18T08:20:06.155+0000][24612][safepoint    ] Safepoint "Cleanup", Time since last: 1999764800 ns, Reaching safepoint: 134500 ns, At safepoint: 34500 ns, Total: 169000 ns
[2021-03-18T08:20:07.156+0000][24612][safepoint    ] Safepoint "Cleanup", Time since last: 1000140900 ns, Reaching safepoint: 145000 ns, At safepoint: 5100 ns, Total: 150100 ns
[2021-03-18T08:20:08.156+0000][24612][safepoint    ] Safepoint "Cleanup", Time since last: 1000182800 ns, Reaching safepoint: 186000 ns, At safepoint: 42300 ns, Total: 228300 ns
[2021-03-18T08:20:10.157+0000][24612][safepoint    ] Safepoint "Cleanup", Time since last: 2000452200 ns, Reaching safepoint: 110100 ns, At safepoint: 18500 ns, Total: 128600 ns
[2021-03-18T08:20:11.157+0000][24612][safepoint    ] Safepoint "Cleanup", Time since last: 1000754900 ns, Reaching safepoint: 168300 ns, At safepoint: 60800 ns, Total: 229100 ns
[2021-03-18T08:20:12.158+0000][24612][safepoint    ] Safepoint "Cleanup", Time since last: 1000516500 ns, Reaching safepoint: 107700 ns, At safepoint: 61500 ns, Total: 169200 ns
[2021-03-18T08:20:13.159+0000][24612][safepoint    ] Safepoint "Cleanup", Time since last: 1000596800 ns, Reaching safepoint: 840900 ns, At safepoint: 21100 ns, Total: 862000 ns
[2021-03-18T08:20:15.160+0000][24612][safepoint    ] Safepoint "Cleanup", Time since last: 2000313700 ns, Reaching safepoint: 128600 ns, At safepoint: 9400 ns, Total: 138000 ns
[2021-03-18T08:20:17.161+0000][24612][safepoint    ] Safepoint "Cleanup", Time since last: 2000767800 ns, Reaching safepoint: 158100 ns, At safepoint: 57800 ns, Total: 215900 ns
[2021-03-18T08:20:19.162+0000][24612][safepoint    ] Safepoint "Cleanup", Time since last: 2000672200 ns, Reaching safepoint: 170600 ns, At safepoint: 7500 ns, Total: 178100 ns
[2021-03-18T08:20:20.162+0000][24612][safepoint    ] Safepoint "Cleanup", Time since last: 1000417700 ns, Reaching safepoint: 104200 ns, At safepoint: 18300 ns, Total: 122500 ns
[2021-03-18T08:20:21.163+0000][24612][safepoint    ] Safepoint "Cleanup", Time since last: 1000862300 ns, Reaching safepoint: 132000 ns, At safepoint: 71600 ns, Total: 203600 ns
[2021-03-18T08:20:23.133+0000][24612][safepoint    ] Safepoint "Cleanup", Time since last: 1969934900 ns, Reaching safepoint: 144700 ns, At safepoint: 22600 ns, Total: 167300 ns
[2021-03-18T08:20:25.134+0000][24612][safepoint    ] Safepoint "Cleanup", Time since last: 2000019400 ns, Reaching safepoint: 145600 ns, At safepoint: 35000 ns, Total: 180600 ns
[2021-03-18T08:20:26.134+0000][24612][safepoint    ] Safepoint "Cleanup", Time since last: 1000640400 ns, Reaching safepoint: 145900 ns, At safepoint: 86700 ns, Total: 232600 ns
[2021-03-18T08:20:27.135+0000][24612][safepoint    ] Safepoint "Cleanup", Time since last: 1000183500 ns, Reaching safepoint: 158600 ns, At safepoint: 6500 ns, Total: 165100 ns
[2021-03-18T08:20:29.136+0000][24612][safepoint    ] Safepoint "Cleanup", Time since last: 2000928700 ns, Reaching safepoint: 152100 ns, At safepoint: 21200 ns, Total: 173300 ns
[2021-03-18T08:20:30.136+0000][24612][safepoint    ] Safepoint "Cleanup", Time since last: 1000271200 ns, Reaching safepoint: 146000 ns, At safepoint: 14200 ns, Total: 160200 ns
[2021-03-18T08:20:31.137+0000][24612][safepoint    ] Safepoint "Cleanup", Time since last: 1000454700 ns, Reaching safepoint: 123800 ns, At safepoint: 24500 ns, Total: 148300 ns
[2021-03-18T08:20:32.138+0000][24612][safepoint    ] Safepoint "Cleanup", Time since last: 1000063200 ns, Reaching safepoint: 1156400 ns, At safepoint: 23200 ns, Total: 1179600 ns
[2021-03-18T08:20:33.139+0000][24612][safepoint    ] Safepoint "Cleanup", Time since last: 1000535100 ns, Reaching safepoint: 96800 ns, At safepoint: 12800 ns, Total: 109600 ns
[2021-03-18T08:20:34.139+0000][24612][safepoint    ] Safepoint "Cleanup", Time since last: 1000461000 ns, Reaching safepoint: 160100 ns, At safepoint: 22700 ns, Total: 182800 ns
[2021-03-18T08:20:36.141+0000][24612][safepoint    ] Safepoint "Cleanup", Time since last: 2000611100 ns, Reaching safepoint: 1082600 ns, At safepoint: 27900 ns, Total: 1110500 ns
[2021-03-18T08:20:38.142+0000][24612][safepoint    ] Safepoint "Cleanup", Time since last: 2000754900 ns, Reaching safepoint: 159200 ns, At safepoint: 88500 ns, Total: 247700 ns
[2021-03-18T08:20:39.143+0000][24612][safepoint    ] Safepoint "Cleanup", Time since last: 1000751600 ns, Reaching safepoint: 268500 ns, At safepoint: 105000 ns, Total: 373500 ns
[2021-03-18T08:20:40.144+0000][24612][safepoint    ] Safepoint "Cleanup", Time since last: 1000544300 ns, Reaching safepoint: 171700 ns, At safepoint: 77100 ns, Total: 248800 ns
[2021-03-18T08:20:42.144+0000][24612][safepoint    ] Safepoint "Cleanup", Time since last: 2000059200 ns, Reaching safepoint: 138300 ns, At safepoint: 87700 ns, Total: 226000 ns
[2021-03-18T08:20:43.145+0000][24612][safepoint    ] Safepoint "Cleanup", Time since last: 1000778500 ns, Reaching safepoint: 181900 ns, At safepoint: 72400 ns, Total: 254300 ns
[2021-03-18T08:20:44.146+0000][24612][safepoint    ] Safepoint "Cleanup", Time since last: 1000462200 ns, Reaching safepoint: 121700 ns, At safepoint: 5900 ns, Total: 127600 ns
[2021-03-18T08:20:45.146+0000][24612][safepoint    ] Safepoint "Cleanup", Time since last: 1000610400 ns, Reaching safepoint: 220600 ns, At safepoint: 81900 ns, Total: 302500 ns
[2021-03-18T08:20:46.147+0000][24612][safepoint    ] Safepoint "Cleanup", Time since last: 1000223300 ns, Reaching safepoint: 202400 ns, At safepoint: 78900 ns, Total: 281300 ns
[2021-03-18T08:20:48.147+0000][24612][safepoint    ] Safepoint "Cleanup", Time since last: 2000342100 ns, Reaching safepoint: 130800 ns, At safepoint: 65300 ns, Total: 196100 ns
[2021-03-18T08:20:49.148+0000][24612][safepoint    ] Safepoint "Cleanup", Time since last: 1000277400 ns, Reaching safepoint: 106500 ns, At safepoint: 79300 ns, Total: 185800 ns
[2021-03-18T08:20:50.149+0000][24612][safepoint    ] Safepoint "Cleanup", Time since last: 1000583900 ns, Reaching safepoint: 179900 ns, At safepoint: 30800 ns, Total: 210700 ns
[2021-03-18T08:20:52.149+0000][24612][safepoint    ] Safepoint "Cleanup", Time since last: 2000641800 ns, Reaching safepoint: 167200 ns, At safepoint: 94200 ns, Total: 261400 ns
[2021-03-18T08:20:53.150+0000][24612][safepoint    ] Safepoint "Cleanup", Time since last: 1000013600 ns, Reaching safepoint: 385300 ns, At safepoint: 133500 ns, Total: 518800 ns
[2021-03-18T08:20:55.150+0000][24612][safepoint    ] Safepoint "Cleanup", Time since last: 2000069200 ns, Reaching safepoint: 92300 ns, At safepoint: 73900 ns, Total: 166200 ns
[2021-03-18T08:20:56.151+0000][24612][safepoint    ] Safepoint "Cleanup", Time since last: 1000133300 ns, Reaching safepoint: 121300 ns, At safepoint: 2900 ns, Total: 124200 ns
[2021-03-18T08:20:57.151+0000][24612][safepoint    ] Safepoint "Cleanup", Time since last: 1000727700 ns, Reaching safepoint: 194000 ns, At safepoint: 68900 ns, Total: 262900 ns
[2021-03-18T08:20:58.152+0000][24612][safepoint    ] Safepoint "Cleanup", Time since last: 1000587200 ns, Reaching safepoint: 159700 ns, At safepoint: 50600 ns, Total: 210300 ns
[2021-03-18T08:20:59.153+0000][24612][safepoint    ] Safepoint "Cleanup", Time since last: 1000532000 ns, Reaching safepoint: 149600 ns, At safepoint: 72100 ns, Total: 221700 ns
[2021-03-18T08:21:00.154+0000][24612][safepoint    ] Safepoint "Cleanup", Time since last: 1000425000 ns, Reaching safepoint: 458500 ns, At safepoint: 449500 ns, Total: 908000 ns
[2021-03-18T08:21:01.155+0000][24612][safepoint    ] Safepoint "Cleanup", Time since last: 1000829200 ns, Reaching safepoint: 171900 ns, At safepoint: 73900 ns, Total: 245800 ns
[2021-03-18T08:21:02.156+0000][24612][safepoint    ] Safepoint "Cleanup", Time since last: 1000450600 ns, Reaching safepoint: 94900 ns, At safepoint: 60200 ns, Total: 155100 ns
[2021-03-18T08:21:03.156+0000][24612][safepoint    ] Safepoint "Cleanup", Time since last: 1000055200 ns, Reaching safepoint: 130000 ns, At safepoint: 23400 ns, Total: 153400 ns
[2021-03-18T08:21:04.156+0000][24612][safepoint    ] Safepoint "Cleanup", Time since last: 1000039600 ns, Reaching safepoint: 133900 ns, At safepoint: 7700 ns, Total: 141600 ns
[2021-03-18T08:21:06.157+0000][24612][safepoint    ] Safepoint "Cleanup", Time since last: 2000274900 ns, Reaching safepoint: 138100 ns, At safepoint: 9000 ns, Total: 147100 ns
[2021-03-18T08:21:07.157+0000][24612][safepoint    ] Safepoint "Cleanup", Time since last: 1000379000 ns, Reaching safepoint: 147100 ns, At safepoint: 9700 ns, Total: 156800 ns
[2021-03-18T08:21:08.158+0000][24612][safepoint    ] Safepoint "Cleanup", Time since last: 1000404700 ns, Reaching safepoint: 122000 ns, At safepoint: 15900 ns, Total: 137900 ns
[2021-03-18T08:21:09.158+0000][24612][safepoint    ] Safepoint "Cleanup", Time since last: 1000374000 ns, Reaching safepoint: 104200 ns, At safepoint: 6800 ns, Total: 111000 ns
[2021-03-18T08:21:10.159+0000][24612][safepoint    ] Safepoint "Cleanup", Time since last: 1000296600 ns, Reaching safepoint: 308200 ns, At safepoint: 112100 ns, Total: 420300 ns
[2021-03-18T08:21:11.159+0000][24612][safepoint    ] Safepoint "Cleanup", Time since last: 1000175700 ns, Reaching safepoint: 175600 ns, At safepoint: 5500 ns, Total: 181100 ns
[2021-03-18T08:21:12.160+0000][24612][safepoint    ] Safepoint "Cleanup", Time since last: 1000520300 ns, Reaching safepoint: 320700 ns, At safepoint: 79900 ns, Total: 400600 ns
[2021-03-18T08:21:14.161+0000][24612][safepoint    ] Safepoint "Cleanup", Time since last: 2000632800 ns, Reaching safepoint: 168600 ns, At safepoint: 53300 ns, Total: 221900 ns
[2021-03-18T08:21:15.162+0000][24612][safepoint    ] Safepoint "Cleanup", Time since last: 1000646900 ns, Reaching safepoint: 147700 ns, At safepoint: 31900 ns, Total: 179600 ns
[2021-03-18T08:21:16.162+0000][24612][safepoint    ] Safepoint "Cleanup", Time since last: 1000115000 ns, Reaching safepoint: 124500 ns, At safepoint: 5400 ns, Total: 129900 ns
[2021-03-18T08:21:17.163+0000][24612][safepoint    ] Safepoint "Cleanup", Time since last: 1000525600 ns, Reaching safepoint: 134400 ns, At safepoint: 63000 ns, Total: 197400 ns
[2021-03-18T08:21:18.163+0000][24612][safepoint    ] Safepoint "Cleanup", Time since last: 1000151600 ns, Reaching safepoint: 165700 ns, At safepoint: 30400 ns, Total: 196100 ns
[2021-03-18T08:21:19.164+0000][24612][safepoint    ] Safepoint "Cleanup", Time since last: 1000381000 ns, Reaching safepoint: 108900 ns, At safepoint: 22800 ns, Total: 131700 ns
[2021-03-18T08:21:20.164+0000][24612][safepoint    ] Safepoint "Cleanup", Time since last: 1000120900 ns, Reaching safepoint: 143700 ns, At safepoint: 67000 ns, Total: 210700 ns
[2021-03-18T08:21:21.835+0000][24612][safepoint    ] Safepoint "Cleanup", Time since last: 1671701600 ns, Reaching safepoint: 116700 ns, At safepoint: 4600 ns, Total: 121300 ns
[2021-03-18T08:21:23.147+0000][24612][safepoint    ] Safepoint "Cleanup", Time since last: 1311324800 ns, Reaching safepoint: 253200 ns, At safepoint: 15800 ns, Total: 269000 ns
[2021-03-18T08:21:24.148+0000][24612][safepoint    ] Safepoint "Cleanup", Time since last: 1000284700 ns, Reaching safepoint: 170200 ns, At safepoint: 8300 ns, Total: 178500 ns
[2021-03-18T08:21:25.148+0000][24612][safepoint    ] Safepoint "Cleanup", Time since last: 1000321700 ns, Reaching safepoint: 140700 ns, At safepoint: 6900 ns, Total: 147600 ns
[2021-03-18T08:21:26.148+0000][24612][safepoint    ] Safepoint "Cleanup", Time since last: 1000135100 ns, Reaching safepoint: 178300 ns, At safepoint: 11600 ns, Total: 189900 ns
[2021-03-18T08:21:27.149+0000][24612][safepoint    ] Safepoint "Cleanup", Time since last: 1000814600 ns, Reaching safepoint: 401400 ns, At safepoint: 22900 ns, Total: 424300 ns
[2021-03-18T08:21:29.150+0000][24612][safepoint    ] Safepoint "Cleanup", Time since last: 2000437900 ns, Reaching safepoint: 145800 ns, At safepoint: 10200 ns, Total: 156000 ns
[2021-03-18T08:21:30.151+0000][24612][safepoint    ] Safepoint "Cleanup", Time since last: 1000311000 ns, Reaching safepoint: 175000 ns, At safepoint: 7700 ns, Total: 182700 ns
[2021-03-18T08:21:31.151+0000][24612][safepoint    ] Safepoint "Cleanup", Time since last: 1000152500 ns, Reaching safepoint: 133000 ns, At safepoint: 4100 ns, Total: 137100 ns
[2021-03-18T08:21:32.151+0000][24612][safepoint    ] Safepoint "Cleanup", Time since last: 1000406100 ns, Reaching safepoint: 349400 ns, At safepoint: 21600 ns, Total: 371000 ns
[2021-03-18T08:21:34.152+0000][24612][safepoint    ] Safepoint "Cleanup", Time since last: 2000483200 ns, Reaching safepoint: 130500 ns, At safepoint: 5200 ns, Total: 135700 ns
[2021-03-18T08:21:35.153+0000][24612][safepoint    ] Safepoint "Cleanup", Time since last: 1000379800 ns, Reaching safepoint: 105400 ns, At safepoint: 5400 ns, Total: 110800 ns
[2021-03-18T08:21:36.154+0000][24612][safepoint    ] Safepoint "Cleanup", Time since last: 1000863600 ns, Reaching safepoint: 133100 ns, At safepoint: 7900 ns, Total: 141000 ns
[2021-03-18T08:21:37.155+0000][24612][safepoint    ] Safepoint "Cleanup", Time since last: 1000746400 ns, Reaching safepoint: 242200 ns, At safepoint: 12300 ns, Total: 254500 ns
[2021-03-18T08:21:38.155+0000][24612][safepoint    ] Safepoint "Cleanup", Time since last: 1000246100 ns, Reaching safepoint: 133300 ns, At safepoint: 13800 ns, Total: 147100 ns
[2021-03-18T08:21:39.155+0000][24612][safepoint    ] Safepoint "Cleanup", Time since last: 1000229900 ns, Reaching safepoint: 113000 ns, At safepoint: 24900 ns, Total: 137900 ns
[2021-03-18T08:21:40.156+0000][24612][safepoint    ] Safepoint "Cleanup", Time since last: 1000307600 ns, Reaching safepoint: 483800 ns, At safepoint: 143100 ns, Total: 626900 ns
[2021-03-18T08:21:42.156+0000][24612][safepoint    ] Safepoint "Cleanup", Time since last: 1999908100 ns, Reaching safepoint: 347000 ns, At safepoint: 13300 ns, Total: 360300 ns
[2021-03-18T08:21:44.157+0000][24612][safepoint    ] Safepoint "Cleanup", Time since last: 2000866900 ns, Reaching safepoint: 125900 ns, At safepoint: 5500 ns, Total: 131400 ns
[2021-03-18T08:21:45.158+0000][24612][safepoint    ] Safepoint "Cleanup", Time since last: 1000023700 ns, Reaching safepoint: 144800 ns, At safepoint: 7500 ns, Total: 152300 ns
[2021-03-18T08:21:46.158+0000][24612][safepoint    ] Safepoint "Cleanup", Time since last: 1000266900 ns, Reaching safepoint: 150900 ns, At safepoint: 9400 ns, Total: 160300 ns
[2021-03-18T08:21:47.158+0000][24612][safepoint    ] Safepoint "Cleanup", Time since last: 1000268700 ns, Reaching safepoint: 363200 ns, At safepoint: 25500 ns, Total: 388700 ns
[2021-03-18T08:21:48.159+0000][24612][safepoint    ] Safepoint "Cleanup", Time since last: 1000436500 ns, Reaching safepoint: 272800 ns, At safepoint: 15900 ns, Total: 288700 ns
[2021-03-18T08:21:50.159+0000][24612][safepoint    ] Safepoint "Cleanup", Time since last: 1999922800 ns, Reaching safepoint: 424200 ns, At safepoint: 24900 ns, Total: 449100 ns
[2021-03-18T08:21:51.160+0000][24612][safepoint    ] Safepoint "Cleanup", Time since last: 1000409000 ns, Reaching safepoint: 120600 ns, At safepoint: 3200 ns, Total: 123800 ns
[2021-03-18T08:21:52.161+0000][24612][safepoint    ] Safepoint "Cleanup", Time since last: 1000881000 ns, Reaching safepoint: 289500 ns, At safepoint: 14900 ns, Total: 304400 ns
[2021-03-18T08:21:53.162+0000][24612][safepoint    ] Safepoint "Cleanup", Time since last: 1000336500 ns, Reaching safepoint: 139600 ns, At safepoint: 3800 ns, Total: 143400 ns
[2021-03-18T08:21:55.162+0000][24612][safepoint    ] Safepoint "Cleanup", Time since last: 2000390600 ns, Reaching safepoint: 217200 ns, At safepoint: 15700 ns, Total: 232900 ns
[2021-03-18T08:21:56.163+0000][24612][safepoint    ] Safepoint "Cleanup", Time since last: 1000577000 ns, Reaching safepoint: 163900 ns, At safepoint: 15100 ns, Total: 179000 ns
[2021-03-18T08:21:57.164+0000][24612][safepoint    ] Safepoint "Cleanup", Time since last: 1000643600 ns, Reaching safepoint: 136800 ns, At safepoint: 7200 ns, Total: 144000 ns
[2021-03-18T08:21:59.165+0000][24612][safepoint    ] Safepoint "Cleanup", Time since last: 2001053600 ns, Reaching safepoint: 112300 ns, At safepoint: 60400 ns, Total: 172700 ns
[2021-03-18T08:22:00.167+0000][24612][safepoint    ] Safepoint "Cleanup", Time since last: 1001146100 ns, Reaching safepoint: 156500 ns, At safepoint: 76800 ns, Total: 233300 ns
[2021-03-18T08:22:01.167+0000][24612][safepoint    ] Safepoint "Cleanup", Time since last: 1000286300 ns, Reaching safepoint: 148400 ns, At safepoint: 6600 ns, Total: 155000 ns
[2021-03-18T08:22:02.167+0000][24612][safepoint    ] Safepoint "Cleanup", Time since last: 1000159400 ns, Reaching safepoint: 189900 ns, At safepoint: 35200 ns, Total: 225100 ns
[2021-03-18T08:22:04.168+0000][24612][safepoint    ] Safepoint "Cleanup", Time since last: 2000625900 ns, Reaching safepoint: 168100 ns, At safepoint: 52400 ns, Total: 220500 ns
[2021-03-18T08:22:05.169+0000][24612][safepoint    ] Safepoint "Cleanup", Time since last: 1000655100 ns, Reaching safepoint: 111300 ns, At safepoint: 55900 ns, Total: 167200 ns
[2021-03-18T08:22:06.170+0000][24612][safepoint    ] Safepoint "Cleanup", Time since last: 1000841000 ns, Reaching safepoint: 105700 ns, At safepoint: 36200 ns, Total: 141900 ns
[2021-03-18T08:22:08.171+0000][24612][safepoint    ] Safepoint "Cleanup", Time since last: 2000906500 ns, Reaching safepoint: 216100 ns, At safepoint: 45900 ns, Total: 262000 ns
[2021-03-18T08:22:09.171+0000][24612][safepoint    ] Safepoint "Cleanup", Time since last: 1000269400 ns, Reaching safepoint: 381800 ns, At safepoint: 14300 ns, Total: 396100 ns
[2021-03-18T08:22:11.172+0000][24612][safepoint    ] Safepoint "Cleanup", Time since last: 2000328400 ns, Reaching safepoint: 93000 ns, At safepoint: 18300 ns, Total: 111300 ns
[2021-03-18T08:22:12.173+0000][24612][safepoint    ] Safepoint "Cleanup", Time since last: 1000727500 ns, Reaching safepoint: 136700 ns, At safepoint: 62100 ns, Total: 198800 ns
[2021-03-18T08:22:13.174+0000][24612][safepoint    ] Safepoint "Cleanup", Time since last: 1000482100 ns, Reaching safepoint: 196700 ns, At safepoint: 14600 ns, Total: 211300 ns
[2021-03-18T08:22:14.174+0000][24612][safepoint    ] Safepoint "Cleanup", Time since last: 1000318000 ns, Reaching safepoint: 142400 ns, At safepoint: 22300 ns, Total: 164700 ns
[2021-03-18T08:22:15.174+0000][24612][safepoint    ] Safepoint "Cleanup", Time since last: 1000015800 ns, Reaching safepoint: 156000 ns, At safepoint: 10300 ns, Total: 166300 ns
[2021-03-18T08:22:16.175+0000][24612][safepoint    ] Safepoint "Cleanup", Time since last: 1000272200 ns, Reaching safepoint: 221600 ns, At safepoint: 110400 ns, Total: 332000 ns
[2021-03-18T08:22:17.175+0000][24612][safepoint    ] Safepoint "Cleanup", Time since last: 1000388900 ns, Reaching safepoint: 156900 ns, At safepoint: 104100 ns, Total: 261000 ns
[2021-03-18T08:22:18.176+0000][24612][safepoint    ] Safepoint "Cleanup", Time since last: 1000227900 ns, Reaching safepoint: 509800 ns, At safepoint: 66500 ns, Total: 576300 ns
[2021-03-18T08:22:19.177+0000][24612][safepoint    ] Safepoint "Cleanup", Time since last: 1000185300 ns, Reaching safepoint: 145600 ns, At safepoint: 54900 ns, Total: 200500 ns
[2021-03-18T08:22:20.177+0000][24612][safepoint    ] Safepoint "Cleanup", Time since last: 1000585600 ns, Reaching safepoint: 365200 ns, At safepoint: 148600 ns, Total: 513800 ns
[2021-03-18T08:22:21.178+0000][24612][safepoint    ] Safepoint "Cleanup", Time since last: 1000055800 ns, Reaching safepoint: 132900 ns, At safepoint: 54200 ns, Total: 187100 ns
[2021-03-18T08:22:22.153+0000][24612][safepoint    ] Safepoint "BulkRevokeBias", Time since last: 973169800 ns, Reaching safepoint: 126100 ns, At safepoint: 1931600 ns, Total: 2057700 ns
[2021-03-18T08:22:24.154+0000][24612][safepoint    ] Safepoint "Cleanup", Time since last: 2000252100 ns, Reaching safepoint: 124400 ns, At safepoint: 5200 ns, Total: 129600 ns
[2021-03-18T08:22:25.155+0000][24612][safepoint    ] Safepoint "Cleanup", Time since last: 1001155600 ns, Reaching safepoint: 145300 ns, At safepoint: 52500 ns, Total: 197800 ns
[2021-03-18T08:22:26.155+0000][24612][safepoint    ] Safepoint "Cleanup", Time since last: 1000359800 ns, Reaching safepoint: 199400 ns, At safepoint: 67200 ns, Total: 266600 ns
[2021-03-18T08:22:28.156+0000][24612][safepoint    ] Safepoint "Cleanup", Time since last: 2000552400 ns, Reaching safepoint: 186300 ns, At safepoint: 8900 ns, Total: 195200 ns
[2021-03-18T08:22:29.157+0000][24612][safepoint    ] Safepoint "Cleanup", Time since last: 1000696500 ns, Reaching safepoint: 169000 ns, At safepoint: 30400 ns, Total: 199400 ns
[2021-03-18T08:22:30.157+0000][24612][safepoint    ] Safepoint "Cleanup", Time since last: 1000245700 ns, Reaching safepoint: 394300 ns, At safepoint: 78000 ns, Total: 472300 ns
[2021-03-18T08:22:32.159+0000][24612][safepoint    ] Safepoint "Cleanup", Time since last: 2000619800 ns, Reaching safepoint: 165800 ns, At safepoint: 69900 ns, Total: 235700 ns
[2021-03-18T08:22:33.159+0000][24612][safepoint    ] Safepoint "Cleanup", Time since last: 1000133800 ns, Reaching safepoint: 155500 ns, At safepoint: 3100 ns, Total: 158600 ns
[2021-03-18T08:22:34.160+0000][24612][safepoint    ] Safepoint "Cleanup", Time since last: 1000604200 ns, Reaching safepoint: 199200 ns, At safepoint: 45600 ns, Total: 244800 ns
[2021-03-18T08:22:36.161+0000][24612][safepoint    ] Safepoint "Cleanup", Time since last: 2000791600 ns, Reaching safepoint: 196300 ns, At safepoint: 8700 ns, Total: 205000 ns
[2021-03-18T08:22:37.161+0000][24612][safepoint    ] Safepoint "Cleanup", Time since last: 1000204000 ns, Reaching safepoint: 156900 ns, At safepoint: 8100 ns, Total: 165000 ns
[2021-03-18T08:22:38.161+0000][24612][safepoint    ] Safepoint "Cleanup", Time since last: 1000027200 ns, Reaching safepoint: 161700 ns, At safepoint: 13700 ns, Total: 175400 ns
[2021-03-18T08:22:39.162+0000][24612][safepoint    ] Safepoint "Cleanup", Time since last: 1000838900 ns, Reaching safepoint: 220000 ns, At safepoint: 8600 ns, Total: 228600 ns
[2021-03-18T08:22:41.163+0000][24612][safepoint    ] Safepoint "Cleanup", Time since last: 2000048200 ns, Reaching safepoint: 125100 ns, At safepoint: 6300 ns, Total: 131400 ns
[2021-03-18T08:22:42.164+0000][24612][safepoint    ] Safepoint "Cleanup", Time since last: 1000887100 ns, Reaching safepoint: 150700 ns, At safepoint: 7500 ns, Total: 158200 ns
[2021-03-18T08:22:43.164+0000][24612][safepoint    ] Safepoint "Cleanup", Time since last: 1000499500 ns, Reaching safepoint: 167400 ns, At safepoint: 10500 ns, Total: 177900 ns
[2021-03-18T08:22:45.165+0000][24612][safepoint    ] Safepoint "Cleanup", Time since last: 2000285500 ns, Reaching safepoint: 189200 ns, At safepoint: 12800 ns, Total: 202000 ns
[2021-03-18T08:22:47.166+0000][24612][safepoint    ] Safepoint "Cleanup", Time since last: 2000767900 ns, Reaching safepoint: 181300 ns, At safepoint: 12100 ns, Total: 193400 ns
[2021-03-18T08:22:48.166+0000][24612][safepoint    ] Safepoint "Cleanup", Time since last: 1000192100 ns, Reaching safepoint: 143000 ns, At safepoint: 5700 ns, Total: 148700 ns
[2021-03-18T08:22:49.167+0000][24612][safepoint    ] Safepoint "Cleanup", Time since last: 1000647100 ns, Reaching safepoint: 136900 ns, At safepoint: 7700 ns, Total: 144600 ns
[2021-03-18T08:22:50.167+0000][24612][safepoint    ] Safepoint "Cleanup", Time since last: 1000498000 ns, Reaching safepoint: 289500 ns, At safepoint: 14700 ns, Total: 304200 ns
[2021-03-18T08:22:51.169+0000][24612][safepoint    ] Safepoint "Cleanup", Time since last: 1000890100 ns, Reaching safepoint: 156800 ns, At safepoint: 9500 ns, Total: 166300 ns
[2021-03-18T08:22:53.169+0000][24612][safepoint    ] Safepoint "Cleanup", Time since last: 2000817000 ns, Reaching safepoint: 125600 ns, At safepoint: 7000 ns, Total: 132600 ns
[2021-03-18T08:22:54.171+0000][24612][safepoint    ] Safepoint "Cleanup", Time since last: 1000902100 ns, Reaching safepoint: 209800 ns, At safepoint: 8500 ns, Total: 218300 ns
[2021-03-18T08:22:55.171+0000][24612][safepoint    ] Safepoint "Cleanup", Time since last: 1000048200 ns, Reaching safepoint: 403900 ns, At safepoint: 9200 ns, Total: 413100 ns
[2021-03-18T08:22:56.172+0000][24612][safepoint    ] Safepoint "Cleanup", Time since last: 1000341400 ns, Reaching safepoint: 425900 ns, At safepoint: 24700 ns, Total: 450600 ns
[2021-03-18T08:22:57.172+0000][24612][safepoint    ] Safepoint "Cleanup", Time since last: 1000525200 ns, Reaching safepoint: 338200 ns, At safepoint: 14900 ns, Total: 353100 ns
[2021-03-18T08:22:58.173+0000][24612][safepoint    ] Safepoint "Cleanup", Time since last: 1000489700 ns, Reaching safepoint: 226600 ns, At safepoint: 51800 ns, Total: 278400 ns
[2021-03-18T08:22:59.174+0000][24612][safepoint    ] Safepoint "Cleanup", Time since last: 1000027100 ns, Reaching safepoint: 469700 ns, At safepoint: 30200 ns, Total: 499900 ns
[2021-03-18T08:23:00.175+0000][24612][safepoint    ] Safepoint "Cleanup", Time since last: 1000595700 ns, Reaching safepoint: 119000 ns, At safepoint: 49400 ns, Total: 168400 ns
[2021-03-18T08:23:01.175+0000][24612][safepoint    ] Safepoint "Cleanup", Time since last: 1000653500 ns, Reaching safepoint: 108400 ns, At safepoint: 7700 ns, Total: 116100 ns
[2021-03-18T08:23:02.176+0000][24612][safepoint    ] Safepoint "Cleanup", Time since last: 1000574800 ns, Reaching safepoint: 145600 ns, At safepoint: 5700 ns, Total: 151300 ns
[2021-03-18T08:23:03.177+0000][24612][safepoint    ] Safepoint "Cleanup", Time since last: 1000347700 ns, Reaching safepoint: 142400 ns, At safepoint: 52200 ns, Total: 194600 ns
[2021-03-18T08:23:04.177+0000][24612][safepoint    ] Safepoint "Cleanup", Time since last: 1000324000 ns, Reaching safepoint: 127600 ns, At safepoint: 22300 ns, Total: 149900 ns
[2021-03-18T08:23:05.178+0000][24612][safepoint    ] Safepoint "Cleanup", Time since last: 1000507900 ns, Reaching safepoint: 378700 ns, At safepoint: 31400 ns, Total: 410100 ns
[2021-03-18T08:23:06.178+0000][24612][safepoint    ] Safepoint "Cleanup", Time since last: 1000098000 ns, Reaching safepoint: 111000 ns, At safepoint: 19800 ns, Total: 130800 ns
[2021-03-18T08:23:07.178+0000][24612][safepoint    ] Safepoint "Cleanup", Time since last: 1000060300 ns, Reaching safepoint: 350400 ns, At safepoint: 14700 ns, Total: 365100 ns
[2021-03-18T08:23:08.179+0000][24612][safepoint    ] Safepoint "Cleanup", Time since last: 1000598600 ns, Reaching safepoint: 405800 ns, At safepoint: 23500 ns, Total: 429300 ns
[2021-03-18T08:23:10.180+0000][24612][safepoint    ] Safepoint "Cleanup", Time since last: 2000098400 ns, Reaching safepoint: 336900 ns, At safepoint: 17900 ns, Total: 354800 ns
[2021-03-18T08:23:11.181+0000][24612][safepoint    ] Safepoint "Cleanup", Time since last: 1000491700 ns, Reaching safepoint: 327700 ns, At safepoint: 13200 ns, Total: 340900 ns
[2021-03-18T08:23:13.182+0000][24612][safepoint    ] Safepoint "Cleanup", Time since last: 2000722200 ns, Reaching safepoint: 161600 ns, At safepoint: 7900 ns, Total: 169500 ns
[2021-03-18T08:23:14.182+0000][24612][safepoint    ] Safepoint "Cleanup", Time since last: 1000390700 ns, Reaching safepoint: 153500 ns, At safepoint: 5300 ns, Total: 158800 ns
[2021-03-18T08:23:15.183+0000][24612][safepoint    ] Safepoint "Cleanup", Time since last: 1000443600 ns, Reaching safepoint: 150700 ns, At safepoint: 6600 ns, Total: 157300 ns
[2021-03-18T08:23:16.184+0000][24612][safepoint    ] Safepoint "Cleanup", Time since last: 1001073200 ns, Reaching safepoint: 375100 ns, At safepoint: 20500 ns, Total: 395600 ns
[2021-03-18T08:23:17.185+0000][24612][safepoint    ] Safepoint "Cleanup", Time since last: 1000595000 ns, Reaching safepoint: 275700 ns, At safepoint: 16700 ns, Total: 292400 ns
[2021-03-18T08:23:18.186+0000][24612][safepoint    ] Safepoint "Cleanup", Time since last: 1000343200 ns, Reaching safepoint: 195500 ns, At safepoint: 6700 ns, Total: 202200 ns
[2021-03-18T08:23:19.186+0000][24612][safepoint    ] Safepoint "Cleanup", Time since last: 1000253900 ns, Reaching safepoint: 117200 ns, At safepoint: 5000 ns, Total: 122200 ns
[2021-03-18T08:23:20.928+0000][24612][safepoint    ] Safepoint "Cleanup", Time since last: 1742227900 ns, Reaching safepoint: 157600 ns, At safepoint: 29200 ns, Total: 186800 ns
[2021-03-18T08:23:21.929+0000][24612][safepoint    ] Safepoint "Cleanup", Time since last: 1000092600 ns, Reaching safepoint: 348400 ns, At safepoint: 127800 ns, Total: 476200 ns
[2021-03-18T08:23:23.707+0000][24612][safepoint    ] Safepoint "Cleanup", Time since last: 1777423600 ns, Reaching safepoint: 159200 ns, At safepoint: 52100 ns, Total: 211300 ns
[2021-03-18T08:23:25.382+0000][24612][safepoint    ] Safepoint "Cleanup", Time since last: 1674851400 ns, Reaching safepoint: 415900 ns, At safepoint: 120900 ns, Total: 536800 ns
[2021-03-18T08:23:27.382+0000][24612][safepoint    ] Safepoint "Cleanup", Time since last: 1999875500 ns, Reaching safepoint: 149400 ns, At safepoint: 21100 ns, Total: 170500 ns
[2021-03-18T08:23:28.382+0000][24612][safepoint    ] Safepoint "Cleanup", Time since last: 1000248800 ns, Reaching safepoint: 156600 ns, At safepoint: 29400 ns, Total: 186000 ns
[2021-03-18T08:23:29.383+0000][24612][safepoint    ] Safepoint "Cleanup", Time since last: 1000272800 ns, Reaching safepoint: 137700 ns, At safepoint: 22400 ns, Total: 160100 ns
[2021-03-18T08:23:31.383+0000][24612][safepoint    ] Safepoint "Cleanup", Time since last: 2000376300 ns, Reaching safepoint: 423400 ns, At safepoint: 64700 ns, Total: 488100 ns
[2021-03-18T08:23:33.384+0000][24612][safepoint    ] Safepoint "Cleanup", Time since last: 2000021500 ns, Reaching safepoint: 153300 ns, At safepoint: 7400 ns, Total: 160700 ns
[2021-03-18T08:23:34.385+0000][24612][safepoint    ] Safepoint "Cleanup", Time since last: 1000775100 ns, Reaching safepoint: 151800 ns, At safepoint: 6500 ns, Total: 158300 ns
[2021-03-18T08:23:35.386+0000][24612][safepoint    ] Safepoint "Cleanup", Time since last: 1001115500 ns, Reaching safepoint: 150700 ns, At safepoint: 4600 ns, Total: 155300 ns
[2021-03-18T08:23:36.386+0000][24612][safepoint    ] Safepoint "Cleanup", Time since last: 1000209000 ns, Reaching safepoint: 174800 ns, At safepoint: 6000 ns, Total: 180800 ns
[2021-03-18T08:23:37.387+0000][24612][safepoint    ] Safepoint "Cleanup", Time since last: 1000736100 ns, Reaching safepoint: 124200 ns, At safepoint: 6500 ns, Total: 130700 ns
[2021-03-18T08:23:38.387+0000][24612][safepoint    ] Safepoint "Cleanup", Time since last: 1000004200 ns, Reaching safepoint: 135900 ns, At safepoint: 6800 ns, Total: 142700 ns
[2021-03-18T08:23:39.388+0000][24612][safepoint    ] Safepoint "Cleanup", Time since last: 1000851800 ns, Reaching safepoint: 129300 ns, At safepoint: 7300 ns, Total: 136600 ns
[2021-03-18T08:23:40.389+0000][24612][safepoint    ] Safepoint "Cleanup", Time since last: 1000517800 ns, Reaching safepoint: 147700 ns, At safepoint: 9000 ns, Total: 156700 ns
[2021-03-18T08:23:41.389+0000][24612][safepoint    ] Safepoint "Cleanup", Time since last: 1000120200 ns, Reaching safepoint: 127900 ns, At safepoint: 8300 ns, Total: 136200 ns
[2021-03-18T08:23:42.390+0000][24612][safepoint    ] Safepoint "Cleanup", Time since last: 1000556900 ns, Reaching safepoint: 132300 ns, At safepoint: 2800 ns, Total: 135100 ns
[2021-03-18T08:23:43.391+0000][24612][safepoint    ] Safepoint "Cleanup", Time since last: 1000458200 ns, Reaching safepoint: 282900 ns, At safepoint: 10900 ns, Total: 293800 ns
[2021-03-18T08:23:44.391+0000][24612][safepoint    ] Safepoint "Cleanup", Time since last: 1000335200 ns, Reaching safepoint: 135100 ns, At safepoint: 3900 ns, Total: 139000 ns
[2021-03-18T08:23:45.392+0000][24612][safepoint    ] Safepoint "Cleanup", Time since last: 1000186000 ns, Reaching safepoint: 110600 ns, At safepoint: 4800 ns, Total: 115400 ns
[2021-03-18T08:23:46.392+0000][24612][safepoint    ] Safepoint "Cleanup", Time since last: 1000755800 ns, Reaching safepoint: 258700 ns, At safepoint: 13000 ns, Total: 271700 ns
[2021-03-18T08:23:47.393+0000][24612][safepoint    ] Safepoint "Cleanup", Time since last: 1000032900 ns, Reaching safepoint: 162500 ns, At safepoint: 11300 ns, Total: 173800 ns
[2021-03-18T08:23:48.394+0000][24612][safepoint    ] Safepoint "Cleanup", Time since last: 1000815500 ns, Reaching safepoint: 145400 ns, At safepoint: 9600 ns, Total: 155000 ns
[2021-03-18T08:23:50.395+0000][24612][safepoint    ] Safepoint "Cleanup", Time since last: 2000644000 ns, Reaching safepoint: 164300 ns, At safepoint: 4800 ns, Total: 169100 ns
[2021-03-18T08:23:52.395+0000][24612][safepoint    ] Safepoint "Cleanup", Time since last: 2000037500 ns, Reaching safepoint: 95000 ns, At safepoint: 7600 ns, Total: 102600 ns
[2021-03-18T08:23:53.395+0000][24612][safepoint    ] Safepoint "Cleanup", Time since last: 1000264700 ns, Reaching safepoint: 430300 ns, At safepoint: 20100 ns, Total: 450400 ns
[2021-03-18T08:23:54.396+0000][24612][safepoint    ] Safepoint "Cleanup", Time since last: 1000151300 ns, Reaching safepoint: 102600 ns, At safepoint: 8000 ns, Total: 110600 ns
[2021-03-18T08:23:56.396+0000][24612][safepoint    ] Safepoint "Cleanup", Time since last: 2000487800 ns, Reaching safepoint: 112000 ns, At safepoint: 8500 ns, Total: 120500 ns
[2021-03-18T08:23:57.397+0000][24612][safepoint    ] Safepoint "Cleanup", Time since last: 1000805400 ns, Reaching safepoint: 99700 ns, At safepoint: 4300 ns, Total: 104000 ns
[2021-03-18T08:23:58.397+0000][24612][safepoint    ] Safepoint "Cleanup", Time since last: 1000057000 ns, Reaching safepoint: 154200 ns, At safepoint: 4400 ns, Total: 158600 ns
[2021-03-18T08:23:59.398+0000][24612][safepoint    ] Safepoint "Cleanup", Time since last: 1000656100 ns, Reaching safepoint: 113900 ns, At safepoint: 7000 ns, Total: 120900 ns
[2021-03-18T08:24:00.398+0000][24612][safepoint    ] Safepoint "Cleanup", Time since last: 1000119400 ns, Reaching safepoint: 445200 ns, At safepoint: 36000 ns, Total: 481200 ns
[2021-03-18T08:24:02.398+0000][24612][safepoint    ] Safepoint "Cleanup", Time since last: 1999571700 ns, Reaching safepoint: 140600 ns, At safepoint: 2800 ns, Total: 143400 ns
[2021-03-18T08:24:03.398+0000][24612][safepoint    ] Safepoint "Cleanup", Time since last: 1000085000 ns, Reaching safepoint: 149200 ns, At safepoint: 4600 ns, Total: 153800 ns
[2021-03-18T08:24:05.399+0000][24612][safepoint    ] Safepoint "Cleanup", Time since last: 2000800600 ns, Reaching safepoint: 147000 ns, At safepoint: 10500 ns, Total: 157500 ns
[2021-03-18T08:24:06.400+0000][24612][safepoint    ] Safepoint "Cleanup", Time since last: 1000510200 ns, Reaching safepoint: 144100 ns, At safepoint: 6000 ns, Total: 150100 ns
[2021-03-18T08:24:07.400+0000][24612][safepoint    ] Safepoint "Cleanup", Time since last: 1000113900 ns, Reaching safepoint: 128300 ns, At safepoint: 6100 ns, Total: 134400 ns
[2021-03-18T08:24:08.401+0000][24612][safepoint    ] Safepoint "Cleanup", Time since last: 1000688600 ns, Reaching safepoint: 116300 ns, At safepoint: 6800 ns, Total: 123100 ns
[2021-03-18T08:24:09.401+0000][24612][safepoint    ] Safepoint "Cleanup", Time since last: 1000049200 ns, Reaching safepoint: 142500 ns, At safepoint: 6400 ns, Total: 148900 ns
[2021-03-18T08:24:10.402+0000][24612][safepoint    ] Safepoint "Cleanup", Time since last: 1000216700 ns, Reaching safepoint: 202200 ns, At safepoint: 6700 ns, Total: 208900 ns
[2021-03-18T08:24:11.402+0000][24612][safepoint    ] Safepoint "Cleanup", Time since last: 1000225300 ns, Reaching safepoint: 250000 ns, At safepoint: 11900 ns, Total: 261900 ns
[2021-03-18T08:24:12.403+0000][24612][safepoint    ] Safepoint "Cleanup", Time since last: 1000362500 ns, Reaching safepoint: 254700 ns, At safepoint: 18000 ns, Total: 272700 ns
[2021-03-18T08:24:13.403+0000][24612][safepoint    ] Safepoint "Cleanup", Time since last: 1000032100 ns, Reaching safepoint: 143700 ns, At safepoint: 13900 ns, Total: 157600 ns
[2021-03-18T08:24:14.403+0000][24612][safepoint    ] Safepoint "Cleanup", Time since last: 1000178400 ns, Reaching safepoint: 135500 ns, At safepoint: 3000 ns, Total: 138500 ns
[2021-03-18T08:24:15.404+0000][24612][safepoint    ] Safepoint "Cleanup", Time since last: 1000632100 ns, Reaching safepoint: 151600 ns, At safepoint: 11300 ns, Total: 162900 ns
[2021-03-18T08:24:16.404+0000][24612][safepoint    ] Safepoint "Cleanup", Time since last: 1000150700 ns, Reaching safepoint: 238500 ns, At safepoint: 11400 ns, Total: 249900 ns
[2021-03-18T08:24:17.405+0000][24612][safepoint    ] Safepoint "Cleanup", Time since last: 1000426600 ns, Reaching safepoint: 184900 ns, At safepoint: 11600 ns, Total: 196500 ns
[2021-03-18T08:24:19.405+0000][24612][safepoint    ] Safepoint "Cleanup", Time since last: 2000227200 ns, Reaching safepoint: 133000 ns, At safepoint: 7700 ns, Total: 140700 ns
[2021-03-18T08:24:20.406+0000][24612][safepoint    ] Safepoint "Cleanup", Time since last: 1000287900 ns, Reaching safepoint: 196000 ns, At safepoint: 16500 ns, Total: 212500 ns
[2021-03-18T08:24:21.406+0000][24612][safepoint    ] Safepoint "Cleanup", Time since last: 1000510000 ns, Reaching safepoint: 424100 ns, At safepoint: 23600 ns, Total: 447700 ns
[2021-03-18T08:24:22.407+0000][24612][safepoint    ] Safepoint "Cleanup", Time since last: 1000109600 ns, Reaching safepoint: 110900 ns, At safepoint: 9500 ns, Total: 120400 ns
[2021-03-18T08:24:24.127+0000][24612][safepoint    ] Safepoint "Cleanup", Time since last: 1719871000 ns, Reaching safepoint: 179200 ns, At safepoint: 12700 ns, Total: 191900 ns
[2021-03-18T08:24:25.128+0000][24612][safepoint    ] Safepoint "Cleanup", Time since last: 1000758300 ns, Reaching safepoint: 154600 ns, At safepoint: 61000 ns, Total: 215600 ns
[2021-03-18T08:24:27.128+0000][24612][safepoint    ] Safepoint "Cleanup", Time since last: 2000264400 ns, Reaching safepoint: 268000 ns, At safepoint: 14800 ns, Total: 282800 ns
[2021-03-18T08:24:28.129+0000][24612][safepoint    ] Safepoint "Cleanup", Time since last: 1000575100 ns, Reaching safepoint: 387800 ns, At safepoint: 25900 ns, Total: 413700 ns
[2021-03-18T08:24:29.130+0000][24612][safepoint    ] Safepoint "Cleanup", Time since last: 1000903600 ns, Reaching safepoint: 216800 ns, At safepoint: 12300 ns, Total: 229100 ns
[2021-03-18T08:24:30.131+0000][24612][safepoint    ] Safepoint "Cleanup", Time since last: 1000720100 ns, Reaching safepoint: 143800 ns, At safepoint: 5800 ns, Total: 149600 ns
[2021-03-18T08:24:31.132+0000][24612][safepoint    ] Safepoint "Cleanup", Time since last: 1000518400 ns, Reaching safepoint: 161000 ns, At safepoint: 5800 ns, Total: 166800 ns
[2021-03-18T08:24:32.133+0000][24612][safepoint    ] Safepoint "Cleanup", Time since last: 1000659900 ns, Reaching safepoint: 284800 ns, At safepoint: 19200 ns, Total: 304000 ns
[2021-03-18T08:24:33.134+0000][24612][safepoint    ] Safepoint "Cleanup", Time since last: 1001398000 ns, Reaching safepoint: 219800 ns, At safepoint: 10200 ns, Total: 230000 ns
[2021-03-18T08:24:34.135+0000][24612][safepoint    ] Safepoint "Cleanup", Time since last: 1000082700 ns, Reaching safepoint: 109200 ns, At safepoint: 4800 ns, Total: 114000 ns
[2021-03-18T08:24:35.135+0000][24612][safepoint    ] Safepoint "Cleanup", Time since last: 1000007500 ns, Reaching safepoint: 189300 ns, At safepoint: 61400 ns, Total: 250700 ns
[2021-03-18T08:24:37.136+0000][24612][safepoint    ] Safepoint "Cleanup", Time since last: 2000725000 ns, Reaching safepoint: 305000 ns, At safepoint: 16300 ns, Total: 321300 ns
[2021-03-18T08:24:39.136+0000][24612][safepoint    ] Safepoint "Cleanup", Time since last: 1999835800 ns, Reaching safepoint: 260300 ns, At safepoint: 8600 ns, Total: 268900 ns
[2021-03-18T08:24:40.136+0000][24612][safepoint    ] Safepoint "Cleanup", Time since last: 1000047300 ns, Reaching safepoint: 184600 ns, At safepoint: 71600 ns, Total: 256200 ns
[2021-03-18T08:24:42.137+0000][24612][safepoint    ] Safepoint "Cleanup", Time since last: 2000364700 ns, Reaching safepoint: 103400 ns, At safepoint: 61700 ns, Total: 165100 ns
[2021-03-18T08:24:43.137+0000][24612][safepoint    ] Safepoint "Cleanup", Time since last: 1000516400 ns, Reaching safepoint: 383900 ns, At safepoint: 87800 ns, Total: 471700 ns
[2021-03-18T08:24:45.138+0000][24612][safepoint    ] Safepoint "Cleanup", Time since last: 1999969400 ns, Reaching safepoint: 228100 ns, At safepoint: 28500 ns, Total: 256600 ns
[2021-03-18T08:24:46.138+0000][24612][safepoint    ] Safepoint "Cleanup", Time since last: 1000206800 ns, Reaching safepoint: 358100 ns, At safepoint: 23000 ns, Total: 381100 ns
[2021-03-18T08:24:48.139+0000][24612][safepoint    ] Safepoint "Cleanup", Time since last: 1999686500 ns, Reaching safepoint: 117600 ns, At safepoint: 61000 ns, Total: 178600 ns
[2021-03-18T08:24:49.139+0000][24612][safepoint    ] Safepoint "Cleanup", Time since last: 1000100000 ns, Reaching safepoint: 416700 ns, At safepoint: 142800 ns, Total: 559500 ns
[2021-03-18T08:24:51.140+0000][24612][safepoint    ] Safepoint "Cleanup", Time since last: 2000908800 ns, Reaching safepoint: 416800 ns, At safepoint: 87300 ns, Total: 504100 ns
[2021-03-18T08:24:52.141+0000][24612][safepoint    ] Safepoint "Cleanup", Time since last: 1000109500 ns, Reaching safepoint: 139600 ns, At safepoint: 5900 ns, Total: 145500 ns
[2021-03-18T08:24:53.141+0000][24612][safepoint    ] Safepoint "Cleanup", Time since last: 1000017600 ns, Reaching safepoint: 153300 ns, At safepoint: 11700 ns, Total: 165000 ns
[2021-03-18T08:24:54.141+0000][24612][safepoint    ] Safepoint "Cleanup", Time since last: 1000229100 ns, Reaching safepoint: 170300 ns, At safepoint: 35500 ns, Total: 205800 ns
[2021-03-18T08:24:55.142+0000][24612][safepoint    ] Safepoint "Cleanup", Time since last: 1000293800 ns, Reaching safepoint: 143200 ns, At safepoint: 6100 ns, Total: 149300 ns
[2021-03-18T08:24:56.142+0000][24612][safepoint    ] Safepoint "Cleanup", Time since last: 1000398900 ns, Reaching safepoint: 96200 ns, At safepoint: 15000 ns, Total: 111200 ns
[2021-03-18T08:24:57.145+0000][24612][safepoint    ] Safepoint "Cleanup", Time since last: 1000565100 ns, Reaching safepoint: 2067900 ns, At safepoint: 16900 ns, Total: 2084800 ns
[2021-03-18T08:24:58.146+0000][24612][safepoint    ] Safepoint "Cleanup", Time since last: 1000427800 ns, Reaching safepoint: 103400 ns, At safepoint: 17000 ns, Total: 120400 ns
[2021-03-18T08:24:59.146+0000][24612][safepoint    ] Safepoint "Cleanup", Time since last: 1000044100 ns, Reaching safepoint: 120500 ns, At safepoint: 17100 ns, Total: 137600 ns
[2021-03-18T08:25:00.146+0000][24612][safepoint    ] Safepoint "Cleanup", Time since last: 1000420500 ns, Reaching safepoint: 126100 ns, At safepoint: 20600 ns, Total: 146700 ns
[2021-03-18T08:25:02.147+0000][24612][safepoint    ] Safepoint "Cleanup", Time since last: 2000668400 ns, Reaching safepoint: 119100 ns, At safepoint: 18700 ns, Total: 137800 ns
[2021-03-18T08:25:03.147+0000][24612][safepoint    ] Safepoint "Cleanup", Time since last: 1000056400 ns, Reaching safepoint: 116700 ns, At safepoint: 16600 ns, Total: 133300 ns
[2021-03-18T08:25:05.147+0000][24612][safepoint    ] Safepoint "Cleanup", Time since last: 2000063400 ns, Reaching safepoint: 107800 ns, At safepoint: 17800 ns, Total: 125600 ns
[2021-03-18T08:25:07.148+0000][24612][safepoint    ] Safepoint "Cleanup", Time since last: 2000199500 ns, Reaching safepoint: 131700 ns, At safepoint: 56400 ns, Total: 188100 ns
[2021-03-18T08:25:08.148+0000][24612][safepoint    ] Safepoint "Cleanup", Time since last: 1000626600 ns, Reaching safepoint: 518500 ns, At safepoint: 29200 ns, Total: 547700 ns
[2021-03-18T08:25:09.149+0000][24612][safepoint    ] Safepoint "Cleanup", Time since last: 1000485400 ns, Reaching safepoint: 437800 ns, At safepoint: 26900 ns, Total: 464700 ns
[2021-03-18T08:25:10.150+0000][24612][safepoint    ] Safepoint "Cleanup", Time since last: 1000176100 ns, Reaching safepoint: 241600 ns, At safepoint: 9900 ns, Total: 251500 ns
[2021-03-18T08:25:11.150+0000][24612][safepoint    ] Safepoint "Cleanup", Time since last: 1000061800 ns, Reaching safepoint: 383400 ns, At safepoint: 7600 ns, Total: 391000 ns
[2021-03-18T08:25:12.151+0000][24612][safepoint    ] Safepoint "Cleanup", Time since last: 1000217700 ns, Reaching safepoint: 391600 ns, At safepoint: 24700 ns, Total: 416300 ns
[2021-03-18T08:25:14.152+0000][24612][safepoint    ] Safepoint "Cleanup", Time since last: 2000584800 ns, Reaching safepoint: 174400 ns, At safepoint: 7100 ns, Total: 181500 ns
[2021-03-18T08:25:15.153+0000][24612][safepoint    ] Safepoint "Cleanup", Time since last: 1000424600 ns, Reaching safepoint: 175300 ns, At safepoint: 8700 ns, Total: 184000 ns
[2021-03-18T08:25:16.153+0000][24612][safepoint    ] Safepoint "Cleanup", Time since last: 1000258200 ns, Reaching safepoint: 124800 ns, At safepoint: 5700 ns, Total: 130500 ns
[2021-03-18T08:25:17.154+0000][24612][safepoint    ] Safepoint "Cleanup", Time since last: 1000529700 ns, Reaching safepoint: 117100 ns, At safepoint: 6500 ns, Total: 123600 ns
[2021-03-18T08:25:18.155+0000][24612][safepoint    ] Safepoint "Cleanup", Time since last: 1000838800 ns, Reaching safepoint: 396200 ns, At safepoint: 28600 ns, Total: 424800 ns
[2021-03-18T08:25:19.155+0000][24612][safepoint    ] Safepoint "Cleanup", Time since last: 1000263300 ns, Reaching safepoint: 327500 ns, At safepoint: 15400 ns, Total: 342900 ns
[2021-03-18T08:25:20.156+0000][24612][safepoint    ] Safepoint "Cleanup", Time since last: 1000297000 ns, Reaching safepoint: 136300 ns, At safepoint: 9000 ns, Total: 145300 ns
[2021-03-18T08:25:21.157+0000][24612][safepoint    ] Safepoint "Cleanup", Time since last: 1000567400 ns, Reaching safepoint: 125700 ns, At safepoint: 3700 ns, Total: 129400 ns
[2021-03-18T08:25:22.157+0000][24612][safepoint    ] Safepoint "Cleanup", Time since last: 1000788200 ns, Reaching safepoint: 346200 ns, At safepoint: 16000 ns, Total: 362200 ns
[2021-03-18T08:25:24.132+0000][24612][safepoint    ] Safepoint "Cleanup", Time since last: 1973431600 ns, Reaching safepoint: 483100 ns, At safepoint: 159800 ns, Total: 642900 ns
[2021-03-18T08:25:25.133+0000][24612][safepoint    ] Safepoint "Cleanup", Time since last: 1001024400 ns, Reaching safepoint: 364500 ns, At safepoint: 85400 ns, Total: 449900 ns
[2021-03-18T08:25:26.134+0000][24612][safepoint    ] Safepoint "Cleanup", Time since last: 1000354400 ns, Reaching safepoint: 187200 ns, At safepoint: 41300 ns, Total: 228500 ns
[2021-03-18T08:25:28.135+0000][24612][safepoint    ] Safepoint "Cleanup", Time since last: 2000697900 ns, Reaching safepoint: 181400 ns, At safepoint: 78600 ns, Total: 260000 ns
[2021-03-18T08:25:29.135+0000][24612][safepoint    ] Safepoint "Cleanup", Time since last: 1000549600 ns, Reaching safepoint: 370600 ns, At safepoint: 150400 ns, Total: 521000 ns
[2021-03-18T08:25:30.136+0000][24612][safepoint    ] Safepoint "Cleanup", Time since last: 1000223700 ns, Reaching safepoint: 441200 ns, At safepoint: 136000 ns, Total: 577200 ns
[2021-03-18T08:25:32.137+0000][24612][safepoint    ] Safepoint "Cleanup", Time since last: 2000540500 ns, Reaching safepoint: 367000 ns, At safepoint: 20300 ns, Total: 387300 ns
[2021-03-18T08:25:33.138+0000][24612][safepoint    ] Safepoint "Cleanup", Time since last: 1000377600 ns, Reaching safepoint: 139500 ns, At safepoint: 4900 ns, Total: 144400 ns
[2021-03-18T08:25:34.138+0000][24612][safepoint    ] Safepoint "Cleanup", Time since last: 1000010600 ns, Reaching safepoint: 103200 ns, At safepoint: 62600 ns, Total: 165800 ns
[2021-03-18T08:25:35.139+0000][24612][safepoint    ] Safepoint "Cleanup", Time since last: 1000366700 ns, Reaching safepoint: 98600 ns, At safepoint: 38700 ns, Total: 137300 ns
[2021-03-18T08:25:36.139+0000][24612][safepoint    ] Safepoint "Cleanup", Time since last: 1000565300 ns, Reaching safepoint: 159900 ns, At safepoint: 5100 ns, Total: 165000 ns
[2021-03-18T08:25:37.140+0000][24612][safepoint    ] Safepoint "Cleanup", Time since last: 1000765500 ns, Reaching safepoint: 97700 ns, At safepoint: 5200 ns, Total: 102900 ns
[2021-03-18T08:25:38.141+0000][24612][safepoint    ] Safepoint "Cleanup", Time since last: 1000513200 ns, Reaching safepoint: 113700 ns, At safepoint: 18400 ns, Total: 132100 ns
[2021-03-18T08:25:39.141+0000][24612][safepoint    ] Safepoint "Cleanup", Time since last: 1000107700 ns, Reaching safepoint: 269200 ns, At safepoint: 16100 ns, Total: 285300 ns
[2021-03-18T08:25:40.142+0000][24612][safepoint    ] Safepoint "Cleanup", Time since last: 1000480300 ns, Reaching safepoint: 190800 ns, At safepoint: 6700 ns, Total: 197500 ns
[2021-03-18T08:25:42.142+0000][24612][safepoint    ] Safepoint "Cleanup", Time since last: 2000019000 ns, Reaching safepoint: 274000 ns, At safepoint: 63500 ns, Total: 337500 ns
[2021-03-18T08:25:43.142+0000][24612][safepoint    ] Safepoint "Cleanup", Time since last: 1000015400 ns, Reaching safepoint: 161000 ns, At safepoint: 32800 ns, Total: 193800 ns
[2021-03-18T08:25:44.143+0000][24612][safepoint    ] Safepoint "Cleanup", Time since last: 1000458900 ns, Reaching safepoint: 106500 ns, At safepoint: 3800 ns, Total: 110300 ns
[2021-03-18T08:25:45.144+0000][24612][safepoint    ] Safepoint "Cleanup", Time since last: 1000898700 ns, Reaching safepoint: 384900 ns, At safepoint: 23600 ns, Total: 408500 ns
[2021-03-18T08:25:46.144+0000][24612][safepoint    ] Safepoint "Cleanup", Time since last: 1000110100 ns, Reaching safepoint: 383800 ns, At safepoint: 119800 ns, Total: 503600 ns
[2021-03-18T08:25:47.145+0000][24612][safepoint    ] Safepoint "Cleanup", Time since last: 1000164200 ns, Reaching safepoint: 243500 ns, At safepoint: 15800 ns, Total: 259300 ns
[2021-03-18T08:25:48.146+0000][24612][safepoint    ] Safepoint "Cleanup", Time since last: 1000701900 ns, Reaching safepoint: 363300 ns, At safepoint: 10700 ns, Total: 374000 ns
[2021-03-18T08:25:49.146+0000][24612][safepoint    ] Safepoint "Cleanup", Time since last: 1000053200 ns, Reaching safepoint: 153400 ns, At safepoint: 75600 ns, Total: 229000 ns
[2021-03-18T08:25:50.147+0000][24612][safepoint    ] Safepoint "Cleanup", Time since last: 1000595000 ns, Reaching safepoint: 167800 ns, At safepoint: 5800 ns, Total: 173600 ns
[2021-03-18T08:25:51.147+0000][24612][safepoint    ] Safepoint "Cleanup", Time since last: 1000030900 ns, Reaching safepoint: 191100 ns, At safepoint: 9000 ns, Total: 200100 ns
[2021-03-18T08:25:52.149+0000][24612][safepoint    ] Safepoint "Cleanup", Time since last: 1001112000 ns, Reaching safepoint: 155900 ns, At safepoint: 7800 ns, Total: 163700 ns
[2021-03-18T08:25:53.150+0000][24612][safepoint    ] Safepoint "Cleanup", Time since last: 1000803500 ns, Reaching safepoint: 256500 ns, At safepoint: 98000 ns, Total: 354500 ns
[2021-03-18T08:25:54.150+0000][24612][safepoint    ] Safepoint "Cleanup", Time since last: 1000198900 ns, Reaching safepoint: 402000 ns, At safepoint: 140100 ns, Total: 542100 ns
[2021-03-18T08:25:55.151+0000][24612][safepoint    ] Safepoint "Cleanup", Time since last: 1000673600 ns, Reaching safepoint: 400500 ns, At safepoint: 150300 ns, Total: 550800 ns
[2021-03-18T08:25:57.152+0000][24612][safepoint    ] Safepoint "Cleanup", Time since last: 1999853400 ns, Reaching safepoint: 440800 ns, At safepoint: 140000 ns, Total: 580800 ns
[2021-03-18T08:25:58.153+0000][24612][safepoint    ] Safepoint "Cleanup", Time since last: 1000173200 ns, Reaching safepoint: 103900 ns, At safepoint: 4000 ns, Total: 107900 ns
[2021-03-18T08:25:59.153+0000][24612][safepoint    ] Safepoint "Cleanup", Time since last: 1000574000 ns, Reaching safepoint: 143200 ns, At safepoint: 74300 ns, Total: 217500 ns
[2021-03-18T08:26:00.154+0000][24612][safepoint    ] Safepoint "Cleanup", Time since last: 1000351300 ns, Reaching safepoint: 348300 ns, At safepoint: 149800 ns, Total: 498100 ns
[2021-03-18T08:26:02.155+0000][24612][safepoint    ] Safepoint "Cleanup", Time since last: 2000998400 ns, Reaching safepoint: 115200 ns, At safepoint: 4500 ns, Total: 119700 ns
[2021-03-18T08:26:03.155+0000][24612][safepoint    ] Safepoint "Cleanup", Time since last: 1000028800 ns, Reaching safepoint: 100900 ns, At safepoint: 2600 ns, Total: 103500 ns
[2021-03-18T08:26:04.155+0000][24612][safepoint    ] Safepoint "Cleanup", Time since last: 1000020000 ns, Reaching safepoint: 239500 ns, At safepoint: 11400 ns, Total: 250900 ns
[2021-03-18T08:26:06.156+0000][24612][safepoint    ] Safepoint "Cleanup", Time since last: 2000670100 ns, Reaching safepoint: 106200 ns, At safepoint: 75600 ns, Total: 181800 ns
[2021-03-18T08:26:07.157+0000][24612][safepoint    ] Safepoint "Cleanup", Time since last: 1000636600 ns, Reaching safepoint: 148500 ns, At safepoint: 62600 ns, Total: 211100 ns
[2021-03-18T08:26:08.158+0000][24612][safepoint    ] Safepoint "Cleanup", Time since last: 1000302900 ns, Reaching safepoint: 332400 ns, At safepoint: 145200 ns, Total: 477600 ns
[2021-03-18T08:26:10.159+0000][24612][safepoint    ] Safepoint "Cleanup", Time since last: 2000338400 ns, Reaching safepoint: 575200 ns, At safepoint: 188400 ns, Total: 763600 ns
[2021-03-18T08:26:11.160+0000][24612][safepoint    ] Safepoint "Cleanup", Time since last: 1000554700 ns, Reaching safepoint: 113300 ns, At safepoint: 4500 ns, Total: 117800 ns
[2021-03-18T08:26:12.161+0000][24612][safepoint    ] Safepoint "Cleanup", Time since last: 1000763100 ns, Reaching safepoint: 430900 ns, At safepoint: 124700 ns, Total: 555600 ns
[2021-03-18T08:26:13.162+0000][24612][safepoint    ] Safepoint "Cleanup", Time since last: 1000518100 ns, Reaching safepoint: 185700 ns, At safepoint: 82700 ns, Total: 268400 ns
[2021-03-18T08:26:14.162+0000][24612][safepoint    ] Safepoint "Cleanup", Time since last: 1000127200 ns, Reaching safepoint: 191600 ns, At safepoint: 72500 ns, Total: 264100 ns
[2021-03-18T08:26:15.162+0000][24612][safepoint    ] Safepoint "Cleanup", Time since last: 1000102500 ns, Reaching safepoint: 172500 ns, At safepoint: 77000 ns, Total: 249500 ns
[2021-03-18T08:26:16.163+0000][24612][safepoint    ] Safepoint "Cleanup", Time since last: 1000394000 ns, Reaching safepoint: 397100 ns, At safepoint: 161000 ns, Total: 558100 ns
[2021-03-18T08:26:18.164+0000][24612][safepoint    ] Safepoint "Cleanup", Time since last: 2000482500 ns, Reaching safepoint: 158600 ns, At safepoint: 88200 ns, Total: 246800 ns
[2021-03-18T08:26:19.164+0000][24612][safepoint    ] Safepoint "Cleanup", Time since last: 1000177100 ns, Reaching safepoint: 158400 ns, At safepoint: 6900 ns, Total: 165300 ns
[2021-03-18T08:26:20.166+0000][24612][safepoint    ] Safepoint "Cleanup", Time since last: 1000796300 ns, Reaching safepoint: 418600 ns, At safepoint: 150000 ns, Total: 568600 ns
[2021-03-18T08:26:21.166+0000][24612][safepoint    ] Safepoint "Cleanup", Time since last: 1000178800 ns, Reaching safepoint: 120600 ns, At safepoint: 18600 ns, Total: 139200 ns
[2021-03-18T08:26:22.167+0000][24612][safepoint    ] Safepoint "Cleanup", Time since last: 1000362400 ns, Reaching safepoint: 202400 ns, At safepoint: 52200 ns, Total: 254600 ns
[2021-03-18T08:26:23.167+0000][24612][safepoint    ] Safepoint "Cleanup", Time since last: 1000052600 ns, Reaching safepoint: 165300 ns, At safepoint: 56200 ns, Total: 221500 ns
[2021-03-18T08:26:25.129+0000][24612][safepoint    ] Safepoint "Cleanup", Time since last: 1961917200 ns, Reaching safepoint: 136800 ns, At safepoint: 53700 ns, Total: 190500 ns
[2021-03-18T08:26:26.129+0000][24612][safepoint    ] Safepoint "Cleanup", Time since last: 1000218900 ns, Reaching safepoint: 240200 ns, At safepoint: 102400 ns, Total: 342600 ns
[2021-03-18T08:26:28.130+0000][24612][safepoint    ] Safepoint "Cleanup", Time since last: 1999920100 ns, Reaching safepoint: 139400 ns, At safepoint: 10700 ns, Total: 150100 ns
[2021-03-18T08:26:29.130+0000][24612][safepoint    ] Safepoint "Cleanup", Time since last: 1000030600 ns, Reaching safepoint: 136700 ns, At safepoint: 17800 ns, Total: 154500 ns
[2021-03-18T08:26:30.131+0000][24612][safepoint    ] Safepoint "Cleanup", Time since last: 1000926000 ns, Reaching safepoint: 275000 ns, At safepoint: 121200 ns, Total: 396200 ns
[2021-03-18T08:26:31.132+0000][24612][safepoint    ] Safepoint "Cleanup", Time since last: 1000579300 ns, Reaching safepoint: 135400 ns, At safepoint: 4200 ns, Total: 139600 ns
[2021-03-18T08:26:32.133+0000][24612][safepoint    ] Safepoint "Cleanup", Time since last: 1000676200 ns, Reaching safepoint: 140600 ns, At safepoint: 7800 ns, Total: 148400 ns
[2021-03-18T08:26:33.133+0000][24612][safepoint    ] Safepoint "Cleanup", Time since last: 1000328900 ns, Reaching safepoint: 243900 ns, At safepoint: 74500 ns, Total: 318400 ns
[2021-03-18T08:26:34.133+0000][24612][safepoint    ] Safepoint "Cleanup", Time since last: 1000091900 ns, Reaching safepoint: 107200 ns, At safepoint: 4900 ns, Total: 112100 ns
[2021-03-18T08:26:35.134+0000][24612][safepoint    ] Safepoint "Cleanup", Time since last: 1000422300 ns, Reaching safepoint: 182900 ns, At safepoint: 71100 ns, Total: 254000 ns
[2021-03-18T08:26:36.134+0000][24612][safepoint    ] Safepoint "Cleanup", Time since last: 1000206700 ns, Reaching safepoint: 155900 ns, At safepoint: 12900 ns, Total: 168800 ns
[2021-03-18T08:26:37.135+0000][24612][safepoint    ] Safepoint "Cleanup", Time since last: 1000655200 ns, Reaching safepoint: 151400 ns, At safepoint: 60800 ns, Total: 212200 ns
[2021-03-18T08:26:38.136+0000][24612][safepoint    ] Safepoint "Cleanup", Time since last: 1000747800 ns, Reaching safepoint: 169100 ns, At safepoint: 60300 ns, Total: 229400 ns
[2021-03-18T08:26:39.137+0000][24612][safepoint    ] Safepoint "Cleanup", Time since last: 1000416200 ns, Reaching safepoint: 363800 ns, At safepoint: 131300 ns, Total: 495100 ns
[2021-03-18T08:26:41.137+0000][24612][safepoint    ] Safepoint "Cleanup", Time since last: 2000013500 ns, Reaching safepoint: 341100 ns, At safepoint: 29700 ns, Total: 370800 ns
[2021-03-18T08:26:43.138+0000][24612][safepoint    ] Safepoint "Cleanup", Time since last: 2000244100 ns, Reaching safepoint: 190800 ns, At safepoint: 78800 ns, Total: 269600 ns
[2021-03-18T08:26:44.138+0000][24612][safepoint    ] Safepoint "Cleanup", Time since last: 1000042200 ns, Reaching safepoint: 120000 ns, At safepoint: 62200 ns, Total: 182200 ns
[2021-03-18T08:26:45.139+0000][24612][safepoint    ] Safepoint "Cleanup", Time since last: 1000267600 ns, Reaching safepoint: 124400 ns, At safepoint: 58500 ns, Total: 182900 ns
[2021-03-18T08:26:46.139+0000][24612][safepoint    ] Safepoint "Cleanup", Time since last: 1000003500 ns, Reaching safepoint: 132800 ns, At safepoint: 18000 ns, Total: 150800 ns
[2021-03-18T08:26:47.139+0000][24612][safepoint    ] Safepoint "Cleanup", Time since last: 1000297600 ns, Reaching safepoint: 153300 ns, At safepoint: 5600 ns, Total: 158900 ns
[2021-03-18T08:26:49.140+0000][24612][safepoint    ] Safepoint "Cleanup", Time since last: 2000811500 ns, Reaching safepoint: 374300 ns, At safepoint: 93200 ns, Total: 467500 ns
[2021-03-18T08:26:50.142+0000][24612][safepoint    ] Safepoint "Cleanup", Time since last: 1000775300 ns, Reaching safepoint: 136100 ns, At safepoint: 4100 ns, Total: 140200 ns
[2021-03-18T08:26:51.142+0000][24612][safepoint    ] Safepoint "Cleanup", Time since last: 1000533800 ns, Reaching safepoint: 146500 ns, At safepoint: 4300 ns, Total: 150800 ns
[2021-03-18T08:26:52.142+0000][24612][safepoint    ] Safepoint "Cleanup", Time since last: 1000240800 ns, Reaching safepoint: 164900 ns, At safepoint: 7200 ns, Total: 172100 ns
[2021-03-18T08:26:54.143+0000][24612][safepoint    ] Safepoint "Cleanup", Time since last: 2000873000 ns, Reaching safepoint: 145700 ns, At safepoint: 21900 ns, Total: 167600 ns
[2021-03-18T08:26:55.144+0000][24612][safepoint    ] Safepoint "Cleanup", Time since last: 1000608000 ns, Reaching safepoint: 131400 ns, At safepoint: 7900 ns, Total: 139300 ns
[2021-03-18T08:26:56.145+0000][24612][safepoint    ] Safepoint "Cleanup", Time since last: 1000133900 ns, Reaching safepoint: 164400 ns, At safepoint: 8800 ns, Total: 173200 ns
[2021-03-18T08:26:57.145+0000][24612][safepoint    ] Safepoint "Cleanup", Time since last: 1000120200 ns, Reaching safepoint: 114100 ns, At safepoint: 3200 ns, Total: 117300 ns
[2021-03-18T08:26:58.145+0000][24612][safepoint    ] Safepoint "Cleanup", Time since last: 1000027800 ns, Reaching safepoint: 444100 ns, At safepoint: 24900 ns, Total: 469000 ns
[2021-03-18T08:27:00.146+0000][24612][safepoint    ] Safepoint "Cleanup", Time since last: 2000800000 ns, Reaching safepoint: 279900 ns, At safepoint: 11600 ns, Total: 291500 ns
[2021-03-18T08:27:01.146+0000][24612][safepoint    ] Safepoint "Cleanup", Time since last: 1000016700 ns, Reaching safepoint: 234900 ns, At safepoint: 6700 ns, Total: 241600 ns
[2021-03-18T08:27:02.147+0000][24612][safepoint    ] Safepoint "Cleanup", Time since last: 1000604800 ns, Reaching safepoint: 160000 ns, At safepoint: 6300 ns, Total: 166300 ns
[2021-03-18T08:27:04.148+0000][24612][safepoint    ] Safepoint "Cleanup", Time since last: 2000055600 ns, Reaching safepoint: 155900 ns, At safepoint: 8500 ns, Total: 164400 ns
[2021-03-18T08:27:05.148+0000][24612][safepoint    ] Safepoint "Cleanup", Time since last: 1000069600 ns, Reaching safepoint: 219100 ns, At safepoint: 8400 ns, Total: 227500 ns
[2021-03-18T08:27:07.148+0000][24612][safepoint    ] Safepoint "Cleanup", Time since last: 2000165000 ns, Reaching safepoint: 157200 ns, At safepoint: 9700 ns, Total: 166900 ns
[2021-03-18T08:27:08.149+0000][24612][safepoint    ] Safepoint "Cleanup", Time since last: 1000728800 ns, Reaching safepoint: 580200 ns, At safepoint: 58200 ns, Total: 638400 ns
[2021-03-18T08:27:09.151+0000][24612][safepoint    ] Safepoint "Cleanup", Time since last: 1001287900 ns, Reaching safepoint: 184300 ns, At safepoint: 5700 ns, Total: 190000 ns
[2021-03-18T08:27:10.152+0000][24612][safepoint    ] Safepoint "Cleanup", Time since last: 1000575100 ns, Reaching safepoint: 113500 ns, At safepoint: 3200 ns, Total: 116700 ns
[2021-03-18T08:27:11.152+0000][24612][safepoint    ] Safepoint "Cleanup", Time since last: 1000440700 ns, Reaching safepoint: 241400 ns, At safepoint: 14300 ns, Total: 255700 ns
[2021-03-18T08:27:13.153+0000][24612][safepoint    ] Safepoint "Cleanup", Time since last: 2000616700 ns, Reaching safepoint: 134400 ns, At safepoint: 7400 ns, Total: 141800 ns
[2021-03-18T08:27:14.154+0000][24612][safepoint    ] Safepoint "Cleanup", Time since last: 1000319000 ns, Reaching safepoint: 384300 ns, At safepoint: 16100 ns, Total: 400400 ns
[2021-03-18T08:27:15.154+0000][24612][safepoint    ] Safepoint "Cleanup", Time since last: 1000003800 ns, Reaching safepoint: 326600 ns, At safepoint: 28000 ns, Total: 354600 ns
[2021-03-18T08:27:17.155+0000][24612][safepoint    ] Safepoint "Cleanup", Time since last: 2000489900 ns, Reaching safepoint: 119200 ns, At safepoint: 2600 ns, Total: 121800 ns
[2021-03-18T08:27:18.156+0000][24612][safepoint    ] Safepoint "Cleanup", Time since last: 1000775300 ns, Reaching safepoint: 120300 ns, At safepoint: 20100 ns, Total: 140400 ns
[2021-03-18T08:27:19.156+0000][24612][safepoint    ] Safepoint "Cleanup", Time since last: 1000532800 ns, Reaching safepoint: 151000 ns, At safepoint: 5400 ns, Total: 156400 ns
[2021-03-18T08:27:24.158+0000][24612][safepoint    ] Safepoint "Cleanup", Time since last: 5001892700 ns, Reaching safepoint: 190700 ns, At safepoint: 12100 ns, Total: 202800 ns
[2021-03-18T08:27:26.131+0000][24612][safepoint    ] Safepoint "Cleanup", Time since last: 1972369500 ns, Reaching safepoint: 240700 ns, At safepoint: 75700 ns, Total: 316400 ns
[2021-03-18T08:27:33.134+0000][24612][safepoint    ] Safepoint "Cleanup", Time since last: 7002766300 ns, Reaching safepoint: 547700 ns, At safepoint: 22600 ns, Total: 570300 ns
[2021-03-18T08:27:37.135+0000][24612][safepoint    ] Safepoint "Cleanup", Time since last: 4000801200 ns, Reaching safepoint: 105800 ns, At safepoint: 16500 ns, Total: 122300 ns
[2021-03-18T08:27:41.137+0000][24612][safepoint    ] Safepoint "Cleanup", Time since last: 4002245500 ns, Reaching safepoint: 105000 ns, At safepoint: 66200 ns, Total: 171200 ns
[2021-03-18T08:27:44.140+0000][24612][safepoint    ] Safepoint "Cleanup", Time since last: 3002803700 ns, Reaching safepoint: 257600 ns, At safepoint: 106200 ns, Total: 363800 ns
[2021-03-18T08:27:47.142+0000][24612][safepoint    ] Safepoint "Cleanup", Time since last: 3001068500 ns, Reaching safepoint: 98400 ns, At safepoint: 17700 ns, Total: 116100 ns
[2021-03-18T08:27:50.143+0000][24612][safepoint    ] Safepoint "Cleanup", Time since last: 3001232900 ns, Reaching safepoint: 111700 ns, At safepoint: 60500 ns, Total: 172200 ns
[2021-03-18T08:27:56.146+0000][24612][safepoint    ] Safepoint "Cleanup", Time since last: 6002959800 ns, Reaching safepoint: 125800 ns, At safepoint: 16100 ns, Total: 141900 ns
[2021-03-18T08:28:07.151+0000][24612][safepoint    ] Safepoint "Cleanup", Time since last: 11004920900 ns, Reaching safepoint: 121900 ns, At safepoint: 21300 ns, Total: 143200 ns
[2021-03-18T08:28:09.153+0000][24612][safepoint    ] Safepoint "Cleanup", Time since last: 2001225800 ns, Reaching safepoint: 200500 ns, At safepoint: 29400 ns, Total: 229900 ns
[2021-03-18T08:28:10.153+0000][24612][safepoint    ] Safepoint "Cleanup", Time since last: 1000493100 ns, Reaching safepoint: 164300 ns, At safepoint: 46300 ns, Total: 210600 ns
[2021-03-18T08:28:11.154+0000][24612][safepoint    ] Safepoint "Cleanup", Time since last: 1000401300 ns, Reaching safepoint: 125900 ns, At safepoint: 24200 ns, Total: 150100 ns
[2021-03-18T08:28:12.154+0000][24612][safepoint    ] Safepoint "Cleanup", Time since last: 1000332600 ns, Reaching safepoint: 167800 ns, At safepoint: 19200 ns, Total: 187000 ns
[2021-03-18T08:28:13.155+0000][24612][safepoint    ] Safepoint "Cleanup", Time since last: 1000436500 ns, Reaching safepoint: 125000 ns, At safepoint: 5400 ns, Total: 130400 ns
[2021-03-18T08:28:14.155+0000][24612][safepoint    ] Safepoint "Cleanup", Time since last: 1000342900 ns, Reaching safepoint: 127100 ns, At safepoint: 6400 ns, Total: 133500 ns
[2021-03-18T08:28:15.156+0000][24612][safepoint    ] Safepoint "Cleanup", Time since last: 1000795300 ns, Reaching safepoint: 183500 ns, At safepoint: 18700 ns, Total: 202200 ns
[2021-03-18T08:28:16.157+0000][24612][safepoint    ] Safepoint "Cleanup", Time since last: 1000204800 ns, Reaching safepoint: 106300 ns, At safepoint: 3500 ns, Total: 109800 ns
[2021-03-18T08:28:17.157+0000][24612][safepoint    ] Safepoint "Cleanup", Time since last: 1000412300 ns, Reaching safepoint: 157400 ns, At safepoint: 23600 ns, Total: 181000 ns
[2021-03-18T08:28:18.158+0000][24612][safepoint    ] Safepoint "Cleanup", Time since last: 1000694000 ns, Reaching safepoint: 132100 ns, At safepoint: 42500 ns, Total: 174600 ns
[2021-03-18T08:28:20.159+0000][24612][safepoint    ] Safepoint "Cleanup", Time since last: 2000331700 ns, Reaching safepoint: 179300 ns, At safepoint: 24000 ns, Total: 203300 ns
[2021-03-18T08:28:21.159+0000][24612][safepoint    ] Safepoint "Cleanup", Time since last: 1000372700 ns, Reaching safepoint: 143300 ns, At safepoint: 20700 ns, Total: 164000 ns
[2021-03-18T08:28:22.159+0000][24612][safepoint    ] Safepoint "Cleanup", Time since last: 1000154900 ns, Reaching safepoint: 136700 ns, At safepoint: 9300 ns, Total: 146000 ns
[2021-03-18T08:28:23.160+0000][24612][safepoint    ] Safepoint "Cleanup", Time since last: 1000058700 ns, Reaching safepoint: 138000 ns, At safepoint: 67000 ns, Total: 205000 ns
[2021-03-18T08:28:24.161+0000][24612][safepoint    ] Safepoint "Cleanup", Time since last: 1000835100 ns, Reaching safepoint: 192800 ns, At safepoint: 71400 ns, Total: 264200 ns
[2021-03-18T08:28:25.162+0000][24612][safepoint    ] Safepoint "Cleanup", Time since last: 1000664500 ns, Reaching safepoint: 142000 ns, At safepoint: 70800 ns, Total: 212800 ns
[2021-03-18T08:28:26.128+0000][24612][safepoint    ] Safepoint "BulkRevokeBias", Time since last: 964272200 ns, Reaching safepoint: 135900 ns, At safepoint: 1831400 ns, Total: 1967300 ns
[2021-03-18T08:28:27.128+0000][24612][safepoint    ] Safepoint "Cleanup", Time since last: 1000141300 ns, Reaching safepoint: 178200 ns, At safepoint: 34800 ns, Total: 213000 ns
[2021-03-18T08:28:28.129+0000][24612][safepoint    ] Safepoint "Cleanup", Time since last: 1000661800 ns, Reaching safepoint: 257700 ns, At safepoint: 87400 ns, Total: 345100 ns
[2021-03-18T08:28:29.130+0000][24612][safepoint    ] Safepoint "Cleanup", Time since last: 1000286500 ns, Reaching safepoint: 165000 ns, At safepoint: 72400 ns, Total: 237400 ns
[2021-03-18T08:28:31.130+0000][24612][safepoint    ] Safepoint "Cleanup", Time since last: 2000124000 ns, Reaching safepoint: 185500 ns, At safepoint: 70200 ns, Total: 255700 ns
[2021-03-18T08:28:32.130+0000][24612][safepoint    ] Safepoint "Cleanup", Time since last: 1000148900 ns, Reaching safepoint: 336600 ns, At safepoint: 29700 ns, Total: 366300 ns
[2021-03-18T08:28:33.131+0000][24612][safepoint    ] Safepoint "Cleanup", Time since last: 1000395900 ns, Reaching safepoint: 164600 ns, At safepoint: 4800 ns, Total: 169400 ns
[2021-03-18T08:28:35.132+0000][24612][safepoint    ] Safepoint "Cleanup", Time since last: 2000519200 ns, Reaching safepoint: 218900 ns, At safepoint: 88800 ns, Total: 307700 ns
[2021-03-18T08:28:36.132+0000][24612][safepoint    ] Safepoint "Cleanup", Time since last: 1000414700 ns, Reaching safepoint: 169900 ns, At safepoint: 7400 ns, Total: 177300 ns
[2021-03-18T08:28:37.133+0000][24612][safepoint    ] Safepoint "Cleanup", Time since last: 1000181000 ns, Reaching safepoint: 118400 ns, At safepoint: 62400 ns, Total: 180800 ns
[2021-03-18T08:28:38.133+0000][24612][safepoint    ] Safepoint "Cleanup", Time since last: 1000292300 ns, Reaching safepoint: 142200 ns, At safepoint: 3300 ns, Total: 145500 ns
[2021-03-18T08:28:39.134+0000][24612][safepoint    ] Safepoint "Cleanup", Time since last: 1000180300 ns, Reaching safepoint: 209200 ns, At safepoint: 43600 ns, Total: 252800 ns
[2021-03-18T08:28:40.134+0000][24612][safepoint    ] Safepoint "Cleanup", Time since last: 1000240800 ns, Reaching safepoint: 414500 ns, At safepoint: 301300 ns, Total: 715800 ns
[2021-03-18T08:28:41.135+0000][24612][safepoint    ] Safepoint "Cleanup", Time since last: 1000510700 ns, Reaching safepoint: 132200 ns, At safepoint: 4100 ns, Total: 136300 ns
[2021-03-18T08:28:42.136+0000][24612][safepoint    ] Safepoint "Cleanup", Time since last: 1000566200 ns, Reaching safepoint: 138000 ns, At safepoint: 5000 ns, Total: 143000 ns
[2021-03-18T08:28:43.136+0000][24612][safepoint    ] Safepoint "Cleanup", Time since last: 1000359600 ns, Reaching safepoint: 350300 ns, At safepoint: 17100 ns, Total: 367400 ns
[2021-03-18T08:28:44.137+0000][24612][safepoint    ] Safepoint "Cleanup", Time since last: 1000442500 ns, Reaching safepoint: 358900 ns, At safepoint: 20300 ns, Total: 379200 ns
[2021-03-18T08:28:46.138+0000][24612][safepoint    ] Safepoint "Cleanup", Time since last: 2000701400 ns, Reaching safepoint: 264500 ns, At safepoint: 15700 ns, Total: 280200 ns
[2021-03-18T08:28:47.139+0000][24612][safepoint    ] Safepoint "Cleanup", Time since last: 1000048100 ns, Reaching safepoint: 117300 ns, At safepoint: 4400 ns, Total: 121700 ns
[2021-03-18T08:28:48.140+0000][24612][safepoint    ] Safepoint "Cleanup", Time since last: 1000865200 ns, Reaching safepoint: 101800 ns, At safepoint: 8800 ns, Total: 110600 ns
[2021-03-18T08:28:49.140+0000][24612][safepoint    ] Safepoint "Cleanup", Time since last: 1000404900 ns, Reaching safepoint: 335900 ns, At safepoint: 18800 ns, Total: 354700 ns
[2021-03-18T08:28:50.141+0000][24612][safepoint    ] Safepoint "Cleanup", Time since last: 1000114200 ns, Reaching safepoint: 174100 ns, At safepoint: 11300 ns, Total: 185400 ns
[2021-03-18T08:28:51.141+0000][24612][safepoint    ] Safepoint "Cleanup", Time since last: 1000641000 ns, Reaching safepoint: 143700 ns, At safepoint: 4100 ns, Total: 147800 ns
[2021-03-18T08:28:52.142+0000][24612][safepoint    ] Safepoint "Cleanup", Time since last: 1000415100 ns, Reaching safepoint: 164500 ns, At safepoint: 64000 ns, Total: 228500 ns
[2021-03-18T08:28:53.143+0000][24612][safepoint    ] Safepoint "Cleanup", Time since last: 1000580700 ns, Reaching safepoint: 120000 ns, At safepoint: 5100 ns, Total: 125100 ns
[2021-03-18T08:28:54.144+0000][24612][safepoint    ] Safepoint "Cleanup", Time since last: 1001105500 ns, Reaching safepoint: 182300 ns, At safepoint: 9200 ns, Total: 191500 ns
[2021-03-18T08:28:56.144+0000][24612][safepoint    ] Safepoint "Cleanup", Time since last: 1999868700 ns, Reaching safepoint: 115800 ns, At safepoint: 2400 ns, Total: 118200 ns
[2021-03-18T08:28:57.144+0000][24612][safepoint    ] Safepoint "Cleanup", Time since last: 1000380200 ns, Reaching safepoint: 162300 ns, At safepoint: 3600 ns, Total: 165900 ns
[2021-03-18T08:28:58.145+0000][24612][safepoint    ] Safepoint "Cleanup", Time since last: 1000448800 ns, Reaching safepoint: 152400 ns, At safepoint: 5800 ns, Total: 158200 ns
[2021-03-18T08:28:59.146+0000][24612][safepoint    ] Safepoint "Cleanup", Time since last: 1001066500 ns, Reaching safepoint: 360900 ns, At safepoint: 21200 ns, Total: 382100 ns
[2021-03-18T08:29:00.147+0000][24612][safepoint    ] Safepoint "Cleanup", Time since last: 1000531800 ns, Reaching safepoint: 108200 ns, At safepoint: 8500 ns, Total: 116700 ns
[2021-03-18T08:29:01.148+0000][24612][safepoint    ] Safepoint "Cleanup", Time since last: 1000422500 ns, Reaching safepoint: 129700 ns, At safepoint: 8300 ns, Total: 138000 ns
[2021-03-18T08:29:02.148+0000][24612][safepoint    ] Safepoint "Cleanup", Time since last: 1000448000 ns, Reaching safepoint: 138300 ns, At safepoint: 9600 ns, Total: 147900 ns
[2021-03-18T08:29:04.149+0000][24612][safepoint    ] Safepoint "Cleanup", Time since last: 2000587400 ns, Reaching safepoint: 120700 ns, At safepoint: 8300 ns, Total: 129000 ns
[2021-03-18T08:29:05.150+0000][24612][safepoint    ] Safepoint "Cleanup", Time since last: 1000513300 ns, Reaching safepoint: 285500 ns, At safepoint: 23400 ns, Total: 308900 ns
[2021-03-18T08:29:07.150+0000][24612][safepoint    ] Safepoint "Cleanup", Time since last: 2000008100 ns, Reaching safepoint: 170700 ns, At safepoint: 3300 ns, Total: 174000 ns
[2021-03-18T08:29:08.151+0000][24612][safepoint    ] Safepoint "Cleanup", Time since last: 1000597600 ns, Reaching safepoint: 124100 ns, At safepoint: 6200 ns, Total: 130300 ns
[2021-03-18T08:29:09.151+0000][24612][safepoint    ] Safepoint "Cleanup", Time since last: 1000159600 ns, Reaching safepoint: 164200 ns, At safepoint: 20000 ns, Total: 184200 ns
[2021-03-18T08:29:10.152+0000][24612][safepoint    ] Safepoint "Cleanup", Time since last: 1000354100 ns, Reaching safepoint: 156500 ns, At safepoint: 3400 ns, Total: 159900 ns
[2021-03-18T08:29:12.152+0000][24612][safepoint    ] Safepoint "Cleanup", Time since last: 2000433000 ns, Reaching safepoint: 183900 ns, At safepoint: 9800 ns, Total: 193700 ns
[2021-03-18T08:29:13.152+0000][24612][safepoint    ] Safepoint "Cleanup", Time since last: 1000282300 ns, Reaching safepoint: 184600 ns, At safepoint: 6800 ns, Total: 191400 ns
[2021-03-18T08:29:14.153+0000][24612][safepoint    ] Safepoint "Cleanup", Time since last: 1000366800 ns, Reaching safepoint: 80600 ns, At safepoint: 2300 ns, Total: 82900 ns
[2021-03-18T08:29:15.154+0000][24612][safepoint    ] Safepoint "Cleanup", Time since last: 1000913600 ns, Reaching safepoint: 147400 ns, At safepoint: 8100 ns, Total: 155500 ns
[2021-03-18T08:29:16.155+0000][24612][safepoint    ] Safepoint "Cleanup", Time since last: 1000498000 ns, Reaching safepoint: 184700 ns, At safepoint: 5400 ns, Total: 190100 ns
[2021-03-18T08:29:17.155+0000][24612][safepoint    ] Safepoint "Cleanup", Time since last: 1000305300 ns, Reaching safepoint: 403400 ns, At safepoint: 20600 ns, Total: 424000 ns
[2021-03-18T08:29:18.156+0000][24612][safepoint    ] Safepoint "Cleanup", Time since last: 1000401600 ns, Reaching safepoint: 112300 ns, At safepoint: 6000 ns, Total: 118300 ns
[2021-03-18T08:29:19.156+0000][24612][safepoint    ] Safepoint "Cleanup", Time since last: 1000332100 ns, Reaching safepoint: 136100 ns, At safepoint: 3800 ns, Total: 139900 ns
[2021-03-18T08:29:20.157+0000][24612][safepoint    ] Safepoint "Cleanup", Time since last: 1000594500 ns, Reaching safepoint: 171400 ns, At safepoint: 8900 ns, Total: 180300 ns
[2021-03-18T08:29:21.158+0000][24612][safepoint    ] Safepoint "Cleanup", Time since last: 1000211300 ns, Reaching safepoint: 139500 ns, At safepoint: 3900 ns, Total: 143400 ns
[2021-03-18T08:29:22.158+0000][24612][safepoint    ] Safepoint "Cleanup", Time since last: 1000669500 ns, Reaching safepoint: 142300 ns, At safepoint: 3300 ns, Total: 145600 ns
[2021-03-18T08:29:23.159+0000][24612][safepoint    ] Safepoint "Cleanup", Time since last: 1000354500 ns, Reaching safepoint: 131000 ns, At safepoint: 3700 ns, Total: 134700 ns
[2021-03-18T08:29:24.160+0000][24612][safepoint    ] Safepoint "Cleanup", Time since last: 1000691800 ns, Reaching safepoint: 131300 ns, At safepoint: 10200 ns, Total: 141500 ns
[2021-03-18T08:29:25.160+0000][24612][safepoint    ] Safepoint "Cleanup", Time since last: 1000090400 ns, Reaching safepoint: 211100 ns, At safepoint: 5700 ns, Total: 216800 ns
[2021-03-18T08:29:26.161+0000][24612][safepoint    ] Safepoint "Cleanup", Time since last: 1000692100 ns, Reaching safepoint: 132500 ns, At safepoint: 8700 ns, Total: 141200 ns
[2021-03-18T08:29:28.123+0000][24612][safepoint    ] Safepoint "Cleanup", Time since last: 1962043100 ns, Reaching safepoint: 535000 ns, At safepoint: 18400 ns, Total: 553400 ns
[2021-03-18T08:29:30.123+0000][24612][safepoint    ] Safepoint "Cleanup", Time since last: 1999700200 ns, Reaching safepoint: 127900 ns, At safepoint: 18100 ns, Total: 146000 ns
[2021-03-18T08:29:31.124+0000][24612][safepoint    ] Safepoint "Cleanup", Time since last: 1000250000 ns, Reaching safepoint: 190000 ns, At safepoint: 54600 ns, Total: 244600 ns
[2021-03-18T08:29:32.124+0000][24612][safepoint    ] Safepoint "Cleanup", Time since last: 1000361300 ns, Reaching safepoint: 134600 ns, At safepoint: 60400 ns, Total: 195000 ns
[2021-03-18T08:29:33.124+0000][24612][safepoint    ] Safepoint "Cleanup", Time since last: 1000135400 ns, Reaching safepoint: 146400 ns, At safepoint: 42200 ns, Total: 188600 ns
[2021-03-18T08:29:34.125+0000][24612][safepoint    ] Safepoint "Cleanup", Time since last: 1000548300 ns, Reaching safepoint: 185400 ns, At safepoint: 72900 ns, Total: 258300 ns
[2021-03-18T08:29:36.126+0000][24612][safepoint    ] Safepoint "Cleanup", Time since last: 2000323300 ns, Reaching safepoint: 157400 ns, At safepoint: 4700 ns, Total: 162100 ns
[2021-03-18T08:29:37.127+0000][24612][safepoint    ] Safepoint "Cleanup", Time since last: 1000674100 ns, Reaching safepoint: 234000 ns, At safepoint: 58700 ns, Total: 292700 ns
[2021-03-18T08:29:38.127+0000][24612][safepoint    ] Safepoint "Cleanup", Time since last: 1000278600 ns, Reaching safepoint: 425700 ns, At safepoint: 170800 ns, Total: 596500 ns
[2021-03-18T08:29:39.129+0000][24612][safepoint    ] Safepoint "Cleanup", Time since last: 1000955400 ns, Reaching safepoint: 347200 ns, At safepoint: 13500 ns, Total: 360700 ns
[2021-03-18T08:29:40.130+0000][24612][safepoint    ] Safepoint "Cleanup", Time since last: 1000919500 ns, Reaching safepoint: 169700 ns, At safepoint: 8500 ns, Total: 178200 ns
[2021-03-18T08:29:41.131+0000][24612][safepoint    ] Safepoint "Cleanup", Time since last: 1000524900 ns, Reaching safepoint: 96900 ns, At safepoint: 6700 ns, Total: 103600 ns
[2021-03-18T08:29:42.131+0000][24612][safepoint    ] Safepoint "Cleanup", Time since last: 1000091200 ns, Reaching safepoint: 115100 ns, At safepoint: 7600 ns, Total: 122700 ns
[2021-03-18T08:29:44.131+0000][24612][safepoint    ] Safepoint "Cleanup", Time since last: 2000414500 ns, Reaching safepoint: 170900 ns, At safepoint: 8800 ns, Total: 179700 ns
[2021-03-18T08:29:45.132+0000][24612][safepoint    ] Safepoint "Cleanup", Time since last: 1000575000 ns, Reaching safepoint: 182500 ns, At safepoint: 8500 ns, Total: 191000 ns
[2021-03-18T08:29:46.133+0000][24612][safepoint    ] Safepoint "Cleanup", Time since last: 1000824100 ns, Reaching safepoint: 110800 ns, At safepoint: 5800 ns, Total: 116600 ns
[2021-03-18T08:29:47.134+0000][24612][safepoint    ] Safepoint "Cleanup", Time since last: 1000525600 ns, Reaching safepoint: 135000 ns, At safepoint: 4800 ns, Total: 139800 ns
[2021-03-18T08:29:48.134+0000][24612][safepoint    ] Safepoint "Cleanup", Time since last: 1000203600 ns, Reaching safepoint: 121700 ns, At safepoint: 6800 ns, Total: 128500 ns
[2021-03-18T08:29:50.135+0000][24612][safepoint    ] Safepoint "Cleanup", Time since last: 2000697600 ns, Reaching safepoint: 100900 ns, At safepoint: 7400 ns, Total: 108300 ns
[2021-03-18T08:29:51.135+0000][24612][safepoint    ] Safepoint "Cleanup", Time since last: 1000236400 ns, Reaching safepoint: 94800 ns, At safepoint: 3500 ns, Total: 98300 ns
[2021-03-18T08:29:52.135+0000][24612][safepoint    ] Safepoint "Cleanup", Time since last: 1000102400 ns, Reaching safepoint: 167700 ns, At safepoint: 3200 ns, Total: 170900 ns
[2021-03-18T08:29:53.136+0000][24612][safepoint    ] Safepoint "Cleanup", Time since last: 1000095500 ns, Reaching safepoint: 168400 ns, At safepoint: 72200 ns, Total: 240600 ns
[2021-03-18T08:29:54.136+0000][24612][safepoint    ] Safepoint "Cleanup", Time since last: 1000162100 ns, Reaching safepoint: 411400 ns, At safepoint: 160100 ns, Total: 571500 ns
[2021-03-18T08:29:56.136+0000][24612][safepoint    ] Safepoint "Cleanup", Time since last: 1999750900 ns, Reaching safepoint: 128100 ns, At safepoint: 4500 ns, Total: 132600 ns
[2021-03-18T08:29:57.137+0000][24612][safepoint    ] Safepoint "Cleanup", Time since last: 1000230100 ns, Reaching safepoint: 190400 ns, At safepoint: 7800 ns, Total: 198200 ns
[2021-03-18T08:29:58.137+0000][24612][safepoint    ] Safepoint "Cleanup", Time since last: 1000344600 ns, Reaching safepoint: 157600 ns, At safepoint: 7300 ns, Total: 164900 ns
[2021-03-18T08:29:59.138+0000][24612][safepoint    ] Safepoint "Cleanup", Time since last: 1000572800 ns, Reaching safepoint: 183200 ns, At safepoint: 7000 ns, Total: 190200 ns
[2021-03-18T08:30:00.787+0000][24612][safepoint    ] Safepoint "Cleanup", Time since last: 1650086100 ns, Reaching safepoint: 116100 ns, At safepoint: 20100 ns, Total: 136200 ns
[2021-03-18T08:30:01.790+0000][24612][safepoint    ] Safepoint "Cleanup", Time since last: 1001191200 ns, Reaching safepoint: 197900 ns, At safepoint: 8300 ns, Total: 206200 ns
[2021-03-18T08:30:02.790+0000][24612][safepoint    ] Safepoint "Cleanup", Time since last: 1000537600 ns, Reaching safepoint: 125200 ns, At safepoint: 8200 ns, Total: 133400 ns
[2021-03-18T08:30:03.791+0000][24612][safepoint    ] Safepoint "Cleanup", Time since last: 1000272800 ns, Reaching safepoint: 109600 ns, At safepoint: 5400 ns, Total: 115000 ns
[2021-03-18T08:30:05.363+0000][24612][safepoint    ] Safepoint "Cleanup", Time since last: 1571932500 ns, Reaching safepoint: 185200 ns, At safepoint: 10400 ns, Total: 195600 ns
[2021-03-18T08:30:06.363+0000][24612][safepoint    ] Safepoint "Cleanup", Time since last: 1000436100 ns, Reaching safepoint: 126400 ns, At safepoint: 5500 ns, Total: 131900 ns
[2021-03-18T08:30:07.364+0000][24612][safepoint    ] Safepoint "Cleanup", Time since last: 1000093500 ns, Reaching safepoint: 124800 ns, At safepoint: 5200 ns, Total: 130000 ns
[2021-03-18T08:30:08.364+0000][24612][safepoint    ] Safepoint "Cleanup", Time since last: 1000783900 ns, Reaching safepoint: 155200 ns, At safepoint: 5200 ns, Total: 160400 ns
[2021-03-18T08:30:09.365+0000][24612][safepoint    ] Safepoint "Cleanup", Time since last: 1000763800 ns, Reaching safepoint: 152500 ns, At safepoint: 3900 ns, Total: 156400 ns
[2021-03-18T08:30:11.366+0000][24612][safepoint    ] Safepoint "Cleanup", Time since last: 2000586400 ns, Reaching safepoint: 117500 ns, At safepoint: 4800 ns, Total: 122300 ns
[2021-03-18T08:30:12.367+0000][24612][safepoint    ] Safepoint "Cleanup", Time since last: 1000446100 ns, Reaching safepoint: 129200 ns, At safepoint: 7300 ns, Total: 136500 ns
[2021-03-18T08:30:13.367+0000][24612][safepoint    ] Safepoint "Cleanup", Time since last: 1000085200 ns, Reaching safepoint: 121200 ns, At safepoint: 5000 ns, Total: 126200 ns
[2021-03-18T08:30:14.368+0000][24612][safepoint    ] Safepoint "Cleanup", Time since last: 1000672900 ns, Reaching safepoint: 117900 ns, At safepoint: 7700 ns, Total: 125600 ns
[2021-03-18T08:30:15.368+0000][24612][safepoint    ] Safepoint "Cleanup", Time since last: 1000250100 ns, Reaching safepoint: 111600 ns, At safepoint: 3300 ns, Total: 114900 ns
[2021-03-18T08:30:16.369+0000][24612][safepoint    ] Safepoint "Cleanup", Time since last: 1000412100 ns, Reaching safepoint: 108600 ns, At safepoint: 13500 ns, Total: 122100 ns
[2021-03-18T08:30:17.369+0000][24612][safepoint    ] Safepoint "Cleanup", Time since last: 1000596900 ns, Reaching safepoint: 143200 ns, At safepoint: 4900 ns, Total: 148100 ns
[2021-03-18T08:30:19.370+0000][24612][safepoint    ] Safepoint "Cleanup", Time since last: 2000360500 ns, Reaching safepoint: 140200 ns, At safepoint: 7500 ns, Total: 147700 ns
[2021-03-18T08:30:21.371+0000][24612][safepoint    ] Safepoint "Cleanup", Time since last: 2000774300 ns, Reaching safepoint: 99400 ns, At safepoint: 25200 ns, Total: 124600 ns
[2021-03-18T08:30:22.371+0000][24612][safepoint    ] Safepoint "Cleanup", Time since last: 1000164500 ns, Reaching safepoint: 141900 ns, At safepoint: 28500 ns, Total: 170400 ns
[2021-03-18T08:30:24.372+0000][24612][safepoint    ] Safepoint "Cleanup", Time since last: 2000859600 ns, Reaching safepoint: 263300 ns, At safepoint: 9200 ns, Total: 272500 ns
[2021-03-18T08:30:26.372+0000][24612][safepoint    ] Safepoint "Cleanup", Time since last: 1999864600 ns, Reaching safepoint: 134500 ns, At safepoint: 50400 ns, Total: 184900 ns
[2021-03-18T08:30:28.124+0000][24612][safepoint    ] Safepoint "Cleanup", Time since last: 1751381600 ns, Reaching safepoint: 127300 ns, At safepoint: 62600 ns, Total: 189900 ns
[2021-03-18T08:30:29.124+0000][24612][safepoint    ] Safepoint "Cleanup", Time since last: 1000181800 ns, Reaching safepoint: 154300 ns, At safepoint: 26900 ns, Total: 181200 ns
[2021-03-18T08:30:30.124+0000][24612][safepoint    ] Safepoint "Cleanup", Time since last: 1000072400 ns, Reaching safepoint: 130400 ns, At safepoint: 66000 ns, Total: 196400 ns
[2021-03-18T08:30:31.124+0000][24612][safepoint    ] Safepoint "Cleanup", Time since last: 1000111200 ns, Reaching safepoint: 144300 ns, At safepoint: 8800 ns, Total: 153100 ns
[2021-03-18T08:30:32.125+0000][24612][safepoint    ] Safepoint "Cleanup", Time since last: 1000696000 ns, Reaching safepoint: 130400 ns, At safepoint: 51900 ns, Total: 182300 ns
[2021-03-18T08:30:33.126+0000][24612][safepoint    ] Safepoint "Cleanup", Time since last: 1000566600 ns, Reaching safepoint: 142300 ns, At safepoint: 20200 ns, Total: 162500 ns
[2021-03-18T08:30:34.126+0000][24612][safepoint    ] Safepoint "Cleanup", Time since last: 1000204900 ns, Reaching safepoint: 155400 ns, At safepoint: 75000 ns, Total: 230400 ns
[2021-03-18T08:30:35.127+0000][24612][safepoint    ] Safepoint "Cleanup", Time since last: 1000215800 ns, Reaching safepoint: 153600 ns, At safepoint: 57200 ns, Total: 210800 ns
[2021-03-18T08:30:36.127+0000][24612][safepoint    ] Safepoint "Cleanup", Time since last: 1000519900 ns, Reaching safepoint: 165500 ns, At safepoint: 6100 ns, Total: 171600 ns
[2021-03-18T08:30:37.128+0000][24612][safepoint    ] Safepoint "Cleanup", Time since last: 1000483800 ns, Reaching safepoint: 171100 ns, At safepoint: 10800 ns, Total: 181900 ns
[2021-03-18T08:30:38.129+0000][24612][safepoint    ] Safepoint "Cleanup", Time since last: 1000729800 ns, Reaching safepoint: 207900 ns, At safepoint: 88400 ns, Total: 296300 ns
[2021-03-18T08:30:40.129+0000][24612][safepoint    ] Safepoint "Cleanup", Time since last: 1999890500 ns, Reaching safepoint: 90100 ns, At safepoint: 17100 ns, Total: 107200 ns
[2021-03-18T08:30:41.130+0000][24612][safepoint    ] Safepoint "Cleanup", Time since last: 1000290500 ns, Reaching safepoint: 144300 ns, At safepoint: 4200 ns, Total: 148500 ns
[2021-03-18T08:30:42.130+0000][24612][safepoint    ] Safepoint "Cleanup", Time since last: 1000090500 ns, Reaching safepoint: 141700 ns, At safepoint: 55800 ns, Total: 197500 ns
[2021-03-18T08:30:43.131+0000][24612][safepoint    ] Safepoint "Cleanup", Time since last: 1000750900 ns, Reaching safepoint: 334000 ns, At safepoint: 113900 ns, Total: 447900 ns
[2021-03-18T08:30:44.132+0000][24612][safepoint    ] Safepoint "Cleanup", Time since last: 1001245700 ns, Reaching safepoint: 186100 ns, At safepoint: 7100 ns, Total: 193200 ns
[2021-03-18T08:30:45.133+0000][24612][safepoint    ] Safepoint "Cleanup", Time since last: 1000609000 ns, Reaching safepoint: 120000 ns, At safepoint: 2400 ns, Total: 122400 ns
[2021-03-18T08:30:46.133+0000][24612][safepoint    ] Safepoint "Cleanup", Time since last: 1000059800 ns, Reaching safepoint: 137700 ns, At safepoint: 3900 ns, Total: 141600 ns
[2021-03-18T08:30:47.134+0000][24612][safepoint    ] Safepoint "Cleanup", Time since last: 1000315000 ns, Reaching safepoint: 357000 ns, At safepoint: 38400 ns, Total: 395400 ns
[2021-03-18T08:30:48.135+0000][24612][safepoint    ] Safepoint "Cleanup", Time since last: 1000480000 ns, Reaching safepoint: 283500 ns, At safepoint: 10900 ns, Total: 294400 ns
[2021-03-18T08:30:50.135+0000][24612][safepoint    ] Safepoint "Cleanup", Time since last: 1999934700 ns, Reaching safepoint: 200200 ns, At safepoint: 9100 ns, Total: 209300 ns
[2021-03-18T08:30:51.135+0000][24612][safepoint    ] Safepoint "Cleanup", Time since last: 1000279700 ns, Reaching safepoint: 196500 ns, At safepoint: 10100 ns, Total: 206600 ns
[2021-03-18T08:30:53.136+0000][24612][safepoint    ] Safepoint "Cleanup", Time since last: 2000620100 ns, Reaching safepoint: 123300 ns, At safepoint: 7200 ns, Total: 130500 ns
[2021-03-18T08:30:54.137+0000][24612][safepoint    ] Safepoint "Cleanup", Time since last: 1000264500 ns, Reaching safepoint: 223200 ns, At safepoint: 8200 ns, Total: 231400 ns
[2021-03-18T08:30:55.137+0000][24612][safepoint    ] Safepoint "Cleanup", Time since last: 1000144400 ns, Reaching safepoint: 282200 ns, At safepoint: 9500 ns, Total: 291700 ns
[2021-03-18T08:30:56.137+0000][24612][safepoint    ] Safepoint "Cleanup", Time since last: 1000123700 ns, Reaching safepoint: 129900 ns, At safepoint: 6300 ns, Total: 136200 ns
[2021-03-18T08:30:57.138+0000][24612][safepoint    ] Safepoint "Cleanup", Time since last: 1000765200 ns, Reaching safepoint: 147300 ns, At safepoint: 6900 ns, Total: 154200 ns
[2021-03-18T08:30:58.139+0000][24612][safepoint    ] Safepoint "Cleanup", Time since last: 1000185400 ns, Reaching safepoint: 372300 ns, At safepoint: 26100 ns, Total: 398400 ns
[2021-03-18T08:31:00.140+0000][24612][safepoint    ] Safepoint "Cleanup", Time since last: 2000788500 ns, Reaching safepoint: 123800 ns, At safepoint: 9600 ns, Total: 133400 ns
[2021-03-18T08:31:01.140+0000][24612][safepoint    ] Safepoint "Cleanup", Time since last: 1000115700 ns, Reaching safepoint: 142800 ns, At safepoint: 5000 ns, Total: 147800 ns
[2021-03-18T08:31:03.140+0000][24612][safepoint    ] Safepoint "Cleanup", Time since last: 2000302400 ns, Reaching safepoint: 524300 ns, At safepoint: 13700 ns, Total: 538000 ns
[2021-03-18T08:31:04.141+0000][24612][safepoint    ] Safepoint "Cleanup", Time since last: 1000129300 ns, Reaching safepoint: 100200 ns, At safepoint: 6300 ns, Total: 106500 ns
[2021-03-18T08:31:05.142+0000][24612][safepoint    ] Safepoint "Cleanup", Time since last: 1000680900 ns, Reaching safepoint: 184700 ns, At safepoint: 5700 ns, Total: 190400 ns
[2021-03-18T08:31:06.142+0000][24612][safepoint    ] Safepoint "Cleanup", Time since last: 1000269000 ns, Reaching safepoint: 376300 ns, At safepoint: 14000 ns, Total: 390300 ns
[2021-03-18T08:31:08.143+0000][24612][safepoint    ] Safepoint "Cleanup", Time since last: 2000528600 ns, Reaching safepoint: 114000 ns, At safepoint: 3800 ns, Total: 117800 ns
[2021-03-18T08:31:09.144+0000][24612][safepoint    ] Safepoint "Cleanup", Time since last: 1000634300 ns, Reaching safepoint: 145200 ns, At safepoint: 5300 ns, Total: 150500 ns
[2021-03-18T08:31:10.144+0000][24612][safepoint    ] Safepoint "Cleanup", Time since last: 1000351000 ns, Reaching safepoint: 134600 ns, At safepoint: 3700 ns, Total: 138300 ns
[2021-03-18T08:31:11.145+0000][24612][safepoint    ] Safepoint "Cleanup", Time since last: 1000096600 ns, Reaching safepoint: 128100 ns, At safepoint: 4400 ns, Total: 132500 ns
[2021-03-18T08:31:12.145+0000][24612][safepoint    ] Safepoint "Cleanup", Time since last: 1000627400 ns, Reaching safepoint: 171500 ns, At safepoint: 9000 ns, Total: 180500 ns
[2021-03-18T08:31:13.146+0000][24612][safepoint    ] Safepoint "Cleanup", Time since last: 1000087900 ns, Reaching safepoint: 131900 ns, At safepoint: 5500 ns, Total: 137400 ns
[2021-03-18T08:31:14.146+0000][24612][safepoint    ] Safepoint "Cleanup", Time since last: 1000579600 ns, Reaching safepoint: 155900 ns, At safepoint: 12400 ns, Total: 168300 ns
[2021-03-18T08:31:15.147+0000][24612][safepoint    ] Safepoint "Cleanup", Time since last: 1000907000 ns, Reaching safepoint: 140000 ns, At safepoint: 6600 ns, Total: 146600 ns
[2021-03-18T08:31:16.148+0000][24612][safepoint    ] Safepoint "Cleanup", Time since last: 1000018500 ns, Reaching safepoint: 170500 ns, At safepoint: 4200 ns, Total: 174700 ns
[2021-03-18T08:31:17.148+0000][24612][safepoint    ] Safepoint "Cleanup", Time since last: 1000675100 ns, Reaching safepoint: 172800 ns, At safepoint: 9300 ns, Total: 182100 ns
[2021-03-18T08:31:18.149+0000][24612][safepoint    ] Safepoint "Cleanup", Time since last: 1000062800 ns, Reaching safepoint: 163200 ns, At safepoint: 9700 ns, Total: 172900 ns
[2021-03-18T08:31:20.150+0000][24612][safepoint    ] Safepoint "Cleanup", Time since last: 2000853700 ns, Reaching safepoint: 136900 ns, At safepoint: 20200 ns, Total: 157100 ns
[2021-03-18T08:31:21.151+0000][24612][safepoint    ] Safepoint "Cleanup", Time since last: 1000830600 ns, Reaching safepoint: 236800 ns, At safepoint: 13000 ns, Total: 249800 ns
[2021-03-18T08:31:22.151+0000][24612][safepoint    ] Safepoint "Cleanup", Time since last: 1000222200 ns, Reaching safepoint: 194900 ns, At safepoint: 5600 ns, Total: 200500 ns
[2021-03-18T08:31:23.152+0000][24612][safepoint    ] Safepoint "Cleanup", Time since last: 1000361000 ns, Reaching safepoint: 562500 ns, At safepoint: 50500 ns, Total: 613000 ns
[2021-03-18T08:31:24.153+0000][24612][safepoint    ] Safepoint "Cleanup", Time since last: 1000359100 ns, Reaching safepoint: 152200 ns, At safepoint: 6000 ns, Total: 158200 ns
[2021-03-18T08:31:25.153+0000][24612][safepoint    ] Safepoint "Cleanup", Time since last: 1000412700 ns, Reaching safepoint: 114800 ns, At safepoint: 5500 ns, Total: 120300 ns
[2021-03-18T08:31:27.153+0000][24612][safepoint    ] Safepoint "Cleanup", Time since last: 2000027900 ns, Reaching safepoint: 105600 ns, At safepoint: 6600 ns, Total: 112200 ns
[2021-03-18T08:31:29.154+0000][24612][safepoint    ] Safepoint "Cleanup", Time since last: 2000655300 ns, Reaching safepoint: 135900 ns, At safepoint: 4500 ns, Total: 140400 ns
[2021-03-18T08:31:30.154+0000][24612][safepoint    ] Safepoint "Cleanup", Time since last: 1000246700 ns, Reaching safepoint: 166400 ns, At safepoint: 20500 ns, Total: 186900 ns
[2021-03-18T08:31:31.155+0000][24612][safepoint    ] Safepoint "Cleanup", Time since last: 1000657300 ns, Reaching safepoint: 142600 ns, At safepoint: 3400 ns, Total: 146000 ns
[2021-03-18T08:31:32.156+0000][24612][safepoint    ] Safepoint "Cleanup", Time since last: 1000461300 ns, Reaching safepoint: 128000 ns, At safepoint: 6000 ns, Total: 134000 ns
[2021-03-18T08:31:33.156+0000][24612][safepoint    ] Safepoint "Cleanup", Time since last: 1000460600 ns, Reaching safepoint: 160200 ns, At safepoint: 5800 ns, Total: 166000 ns
[2021-03-18T08:31:34.157+0000][24612][safepoint    ] Safepoint "Cleanup", Time since last: 1000143900 ns, Reaching safepoint: 142900 ns, At safepoint: 12600 ns, Total: 155500 ns
[2021-03-18T08:31:35.158+0000][24612][safepoint    ] Safepoint "Cleanup", Time since last: 1000711600 ns, Reaching safepoint: 148000 ns, At safepoint: 5700 ns, Total: 153700 ns
[2021-03-18T08:31:36.158+0000][24612][safepoint    ] Safepoint "Cleanup", Time since last: 1000038300 ns, Reaching safepoint: 122900 ns, At safepoint: 7200 ns, Total: 130100 ns
[2021-03-18T08:31:37.158+0000][24612][safepoint    ] Safepoint "Cleanup", Time since last: 1000297800 ns, Reaching safepoint: 162900 ns, At safepoint: 6200 ns, Total: 169100 ns
[2021-03-18T08:31:39.159+0000][24612][safepoint    ] Safepoint "Cleanup", Time since last: 2000259100 ns, Reaching safepoint: 120500 ns, At safepoint: 8500 ns, Total: 129000 ns
[2021-03-18T08:31:41.159+0000][24612][safepoint    ] Safepoint "Cleanup", Time since last: 2000012800 ns, Reaching safepoint: 229900 ns, At safepoint: 6700 ns, Total: 236600 ns
[2021-03-18T08:31:42.159+0000][24612][safepoint    ] Safepoint "Cleanup", Time since last: 1000187500 ns, Reaching safepoint: 155200 ns, At safepoint: 6100 ns, Total: 161300 ns
[2021-03-18T08:31:43.159+0000][24612][safepoint    ] Safepoint "Cleanup", Time since last: 1000089900 ns, Reaching safepoint: 117600 ns, At safepoint: 6900 ns, Total: 124500 ns
[2021-03-18T08:31:45.160+0000][24612][safepoint    ] Safepoint "Cleanup", Time since last: 2000646100 ns, Reaching safepoint: 108100 ns, At safepoint: 5300 ns, Total: 113400 ns
[2021-03-18T08:31:46.160+0000][24612][safepoint    ] Safepoint "Cleanup", Time since last: 1000165200 ns, Reaching safepoint: 113600 ns, At safepoint: 4600 ns, Total: 118200 ns
[2021-03-18T08:31:48.161+0000][24612][safepoint    ] Safepoint "Cleanup", Time since last: 2000270700 ns, Reaching safepoint: 165800 ns, At safepoint: 25900 ns, Total: 191700 ns
[2021-03-18T08:31:50.162+0000][24612][safepoint    ] Safepoint "Cleanup", Time since last: 2001278200 ns, Reaching safepoint: 170500 ns, At safepoint: 4200 ns, Total: 174700 ns
[2021-03-18T08:31:51.162+0000][24612][safepoint    ] Safepoint "Cleanup", Time since last: 1000135600 ns, Reaching safepoint: 141900 ns, At safepoint: 6100 ns, Total: 148000 ns
[2021-03-18T08:31:52.163+0000][24612][safepoint    ] Safepoint "Cleanup", Time since last: 1000919900 ns, Reaching safepoint: 132900 ns, At safepoint: 6300 ns, Total: 139200 ns
[2021-03-18T08:31:53.164+0000][24612][safepoint    ] Safepoint "Cleanup", Time since last: 1000762300 ns, Reaching safepoint: 121500 ns, At safepoint: 4300 ns, Total: 125800 ns
[2021-03-18T08:31:54.165+0000][24612][safepoint    ] Safepoint "Cleanup", Time since last: 1000237200 ns, Reaching safepoint: 123900 ns, At safepoint: 14300 ns, Total: 138200 ns
[2021-03-18T08:31:55.166+0000][24612][safepoint    ] Safepoint "Cleanup", Time since last: 1000643700 ns, Reaching safepoint: 381500 ns, At safepoint: 131400 ns, Total: 512900 ns
[2021-03-18T08:31:56.166+0000][24612][safepoint    ] Safepoint "Cleanup", Time since last: 1000132800 ns, Reaching safepoint: 176500 ns, At safepoint: 57000 ns, Total: 233500 ns
[2021-03-18T08:31:57.167+0000][24612][safepoint    ] Safepoint "Cleanup", Time since last: 1000518000 ns, Reaching safepoint: 125300 ns, At safepoint: 56100 ns, Total: 181400 ns
[2021-03-18T08:31:58.168+0000][24612][safepoint    ] Safepoint "Cleanup", Time since last: 1000896000 ns, Reaching safepoint: 382600 ns, At safepoint: 120000 ns, Total: 502600 ns
[2021-03-18T08:31:59.170+0000][24612][safepoint    ] Safepoint "Cleanup", Time since last: 1001117900 ns, Reaching safepoint: 344900 ns, At safepoint: 12800 ns, Total: 357700 ns
[2021-03-18T08:32:00.170+0000][24612][safepoint    ] Safepoint "Cleanup", Time since last: 1000559400 ns, Reaching safepoint: 370800 ns, At safepoint: 26100 ns, Total: 396900 ns
[2021-03-18T08:32:01.172+0000][24612][safepoint    ] Safepoint "Cleanup", Time since last: 1000777100 ns, Reaching safepoint: 365300 ns, At safepoint: 16900 ns, Total: 382200 ns
[2021-03-18T08:32:02.172+0000][24612][safepoint    ] Safepoint "Cleanup", Time since last: 1000010900 ns, Reaching safepoint: 159500 ns, At safepoint: 3700 ns, Total: 163200 ns
[2021-03-18T08:32:03.172+0000][24612][safepoint    ] Safepoint "Cleanup", Time since last: 1000333500 ns, Reaching safepoint: 356000 ns, At safepoint: 22400 ns, Total: 378400 ns
[2021-03-18T08:32:05.173+0000][24612][safepoint    ] Safepoint "Cleanup", Time since last: 1999606000 ns, Reaching safepoint: 210000 ns, At safepoint: 10300 ns, Total: 220300 ns
[2021-03-18T08:32:06.174+0000][24612][safepoint    ] Safepoint "Cleanup", Time since last: 1000869600 ns, Reaching safepoint: 364100 ns, At safepoint: 14000 ns, Total: 378100 ns
[2021-03-18T08:32:08.175+0000][24612][safepoint    ] Safepoint "Cleanup", Time since last: 2000748500 ns, Reaching safepoint: 220600 ns, At safepoint: 23400 ns, Total: 244000 ns
[2021-03-18T08:32:09.176+0000][24612][safepoint    ] Safepoint "Cleanup", Time since last: 1000822400 ns, Reaching safepoint: 144900 ns, At safepoint: 3400 ns, Total: 148300 ns
[2021-03-18T08:32:10.176+0000][24612][safepoint    ] Safepoint "Cleanup", Time since last: 1000203200 ns, Reaching safepoint: 325800 ns, At safepoint: 12100 ns, Total: 337900 ns
[2021-03-18T08:32:11.177+0000][24612][safepoint    ] Safepoint "Cleanup", Time since last: 1000098100 ns, Reaching safepoint: 370900 ns, At safepoint: 15200 ns, Total: 386100 ns
[2021-03-18T08:32:13.178+0000][24612][safepoint    ] Safepoint "Cleanup", Time since last: 2001100600 ns, Reaching safepoint: 155000 ns, At safepoint: 4900 ns, Total: 159900 ns
[2021-03-18T08:32:14.179+0000][24612][safepoint    ] Safepoint "Cleanup", Time since last: 1000714000 ns, Reaching safepoint: 393500 ns, At safepoint: 24200 ns, Total: 417700 ns
[2021-03-18T08:32:16.180+0000][24612][safepoint    ] Safepoint "Cleanup", Time since last: 2000703900 ns, Reaching safepoint: 116800 ns, At safepoint: 5100 ns, Total: 121900 ns
[2021-03-18T08:32:17.181+0000][24612][safepoint    ] Safepoint "Cleanup", Time since last: 1000620400 ns, Reaching safepoint: 116900 ns, At safepoint: 5900 ns, Total: 122800 ns
[2021-03-18T08:32:18.181+0000][24612][safepoint    ] Safepoint "Cleanup", Time since last: 1000138500 ns, Reaching safepoint: 150800 ns, At safepoint: 5900 ns, Total: 156700 ns
[2021-03-18T08:32:19.182+0000][24612][safepoint    ] Safepoint "Cleanup", Time since last: 1000419800 ns, Reaching safepoint: 149200 ns, At safepoint: 5200 ns, Total: 154400 ns
[2021-03-18T08:32:20.184+0000][24612][safepoint    ] Safepoint "Cleanup", Time since last: 1002144900 ns, Reaching safepoint: 141600 ns, At safepoint: 3600 ns, Total: 145200 ns
[2021-03-18T08:32:21.185+0000][24612][safepoint    ] Safepoint "Cleanup", Time since last: 1000719800 ns, Reaching safepoint: 127700 ns, At safepoint: 5000 ns, Total: 132700 ns
[2021-03-18T08:32:22.185+0000][24612][safepoint    ] Safepoint "Cleanup", Time since last: 1000284500 ns, Reaching safepoint: 135500 ns, At safepoint: 3300 ns, Total: 138800 ns
[2021-03-18T08:32:23.186+0000][24612][safepoint    ] Safepoint "Cleanup", Time since last: 1000303900 ns, Reaching safepoint: 92300 ns, At safepoint: 4000 ns, Total: 96300 ns
[2021-03-18T08:32:24.186+0000][24612][safepoint    ] Safepoint "Cleanup", Time since last: 1000406900 ns, Reaching safepoint: 248500 ns, At safepoint: 10400 ns, Total: 258900 ns
[2021-03-18T08:32:26.187+0000][24612][safepoint    ] Safepoint "Cleanup", Time since last: 2000233400 ns, Reaching safepoint: 113800 ns, At safepoint: 8900 ns, Total: 122700 ns
[2021-03-18T08:32:28.129+0000][24612][safepoint    ] Safepoint "Cleanup", Time since last: 1942351000 ns, Reaching safepoint: 449900 ns, At safepoint: 25400 ns, Total: 475300 ns
[2021-03-18T08:32:29.130+0000][24612][safepoint    ] Safepoint "Cleanup", Time since last: 1000696000 ns, Reaching safepoint: 148900 ns, At safepoint: 46000 ns, Total: 194900 ns
[2021-03-18T08:32:30.130+0000][24612][safepoint    ] Safepoint "Cleanup", Time since last: 1000122900 ns, Reaching safepoint: 242000 ns, At safepoint: 117600 ns, Total: 359600 ns
[2021-03-18T08:32:31.131+0000][24612][safepoint    ] Safepoint "Cleanup", Time since last: 1000560000 ns, Reaching safepoint: 87200 ns, At safepoint: 2400 ns, Total: 89600 ns
[2021-03-18T08:32:32.132+0000][24612][safepoint    ] Safepoint "Cleanup", Time since last: 1000680600 ns, Reaching safepoint: 152700 ns, At safepoint: 72900 ns, Total: 225600 ns
[2021-03-18T08:32:34.133+0000][24612][safepoint    ] Safepoint "Cleanup", Time since last: 2000584400 ns, Reaching safepoint: 139500 ns, At safepoint: 6000 ns, Total: 145500 ns
[2021-03-18T08:32:36.134+0000][24612][safepoint    ] Safepoint "Cleanup", Time since last: 2000861300 ns, Reaching safepoint: 121200 ns, At safepoint: 19500 ns, Total: 140700 ns
[2021-03-18T08:32:37.135+0000][24612][safepoint    ] Safepoint "Cleanup", Time since last: 1000606200 ns, Reaching safepoint: 194600 ns, At safepoint: 11100 ns, Total: 205700 ns
[2021-03-18T08:32:38.136+0000][24612][safepoint    ] Safepoint "Cleanup", Time since last: 1001112400 ns, Reaching safepoint: 129100 ns, At safepoint: 47900 ns, Total: 177000 ns
[2021-03-18T08:32:39.136+0000][24612][safepoint    ] Safepoint "Cleanup", Time since last: 1000062600 ns, Reaching safepoint: 137200 ns, At safepoint: 57000 ns, Total: 194200 ns
[2021-03-18T08:32:40.137+0000][24612][safepoint    ] Safepoint "Cleanup", Time since last: 1000992800 ns, Reaching safepoint: 135700 ns, At safepoint: 56800 ns, Total: 192500 ns
[2021-03-18T08:32:42.138+0000][24612][safepoint    ] Safepoint "Cleanup", Time since last: 2000857200 ns, Reaching safepoint: 124700 ns, At safepoint: 3500 ns, Total: 128200 ns
[2021-03-18T08:32:43.139+0000][24612][safepoint    ] Safepoint "Cleanup", Time since last: 1000252200 ns, Reaching safepoint: 139300 ns, At safepoint: 8300 ns, Total: 147600 ns
[2021-03-18T08:32:44.139+0000][24612][safepoint    ] Safepoint "Cleanup", Time since last: 1000140600 ns, Reaching safepoint: 123100 ns, At safepoint: 3000 ns, Total: 126100 ns
[2021-03-18T08:32:45.139+0000][24612][safepoint    ] Safepoint "Cleanup", Time since last: 1000176500 ns, Reaching safepoint: 195300 ns, At safepoint: 77000 ns, Total: 272300 ns
[2021-03-18T08:32:46.141+0000][24612][safepoint    ] Safepoint "Cleanup", Time since last: 1000982800 ns, Reaching safepoint: 122000 ns, At safepoint: 71700 ns, Total: 193700 ns
[2021-03-18T08:32:47.141+0000][24612][safepoint    ] Safepoint "Cleanup", Time since last: 1000020700 ns, Reaching safepoint: 223700 ns, At safepoint: 55100 ns, Total: 278800 ns
[2021-03-18T08:32:48.142+0000][24612][safepoint    ] Safepoint "Cleanup", Time since last: 1000692200 ns, Reaching safepoint: 152800 ns, At safepoint: 72300 ns, Total: 225100 ns
[2021-03-18T08:32:49.143+0000][24612][safepoint    ] Safepoint "Cleanup", Time since last: 1000551400 ns, Reaching safepoint: 113200 ns, At safepoint: 22700 ns, Total: 135900 ns
[2021-03-18T08:32:50.143+0000][24612][safepoint    ] Safepoint "Cleanup", Time since last: 1000503800 ns, Reaching safepoint: 128100 ns, At safepoint: 3200 ns, Total: 131300 ns
[2021-03-18T08:32:51.143+0000][24612][safepoint    ] Safepoint "Cleanup", Time since last: 1000184300 ns, Reaching safepoint: 151100 ns, At safepoint: 96800 ns, Total: 247900 ns
[2021-03-18T08:32:52.145+0000][24612][safepoint    ] Safepoint "Cleanup", Time since last: 1000939700 ns, Reaching safepoint: 372000 ns, At safepoint: 136300 ns, Total: 508300 ns
[2021-03-18T08:32:53.146+0000][24612][safepoint    ] Safepoint "Cleanup", Time since last: 1000408700 ns, Reaching safepoint: 158700 ns, At safepoint: 82900 ns, Total: 241600 ns
[2021-03-18T08:32:54.146+0000][24612][safepoint    ] Safepoint "Cleanup", Time since last: 1000115300 ns, Reaching safepoint: 173200 ns, At safepoint: 58800 ns, Total: 232000 ns
[2021-03-18T08:32:55.147+0000][24612][safepoint    ] Safepoint "Cleanup", Time since last: 1000603100 ns, Reaching safepoint: 385000 ns, At safepoint: 164100 ns, Total: 549100 ns
[2021-03-18T08:32:57.147+0000][24612][safepoint    ] Safepoint "Cleanup", Time since last: 1999990500 ns, Reaching safepoint: 201500 ns, At safepoint: 95500 ns, Total: 297000 ns
[2021-03-18T08:32:59.148+0000][24612][safepoint    ] Safepoint "Cleanup", Time since last: 2000441400 ns, Reaching safepoint: 111800 ns, At safepoint: 65300 ns, Total: 177100 ns
[2021-03-18T08:33:00.148+0000][24612][safepoint    ] Safepoint "Cleanup", Time since last: 1000229200 ns, Reaching safepoint: 391700 ns, At safepoint: 131900 ns, Total: 523600 ns
[2021-03-18T08:33:01.149+0000][24612][safepoint    ] Safepoint "Cleanup", Time since last: 1000057800 ns, Reaching safepoint: 189500 ns, At safepoint: 108000 ns, Total: 297500 ns
[2021-03-18T08:33:02.150+0000][24612][safepoint    ] Safepoint "Cleanup", Time since last: 1000464800 ns, Reaching safepoint: 356900 ns, At safepoint: 157100 ns, Total: 514000 ns
[2021-03-18T08:33:04.151+0000][24612][safepoint    ] Safepoint "Cleanup", Time since last: 2000574000 ns, Reaching safepoint: 330300 ns, At safepoint: 84600 ns, Total: 414900 ns
[2021-03-18T08:33:05.153+0000][24612][safepoint    ] Safepoint "Cleanup", Time since last: 1000700000 ns, Reaching safepoint: 485800 ns, At safepoint: 155700 ns, Total: 641500 ns
[2021-03-18T08:33:06.154+0000][24612][safepoint    ] Safepoint "Cleanup", Time since last: 1001129600 ns, Reaching safepoint: 365600 ns, At safepoint: 166800 ns, Total: 532400 ns
[2021-03-18T08:33:07.154+0000][24612][safepoint    ] Safepoint "Cleanup", Time since last: 1000344100 ns, Reaching safepoint: 387000 ns, At safepoint: 151200 ns, Total: 538200 ns
[2021-03-18T08:33:08.156+0000][24612][safepoint    ] Safepoint "Cleanup", Time since last: 1001035300 ns, Reaching safepoint: 220000 ns, At safepoint: 6200 ns, Total: 226200 ns
[2021-03-18T08:33:09.157+0000][24612][safepoint    ] Safepoint "Cleanup", Time since last: 1000663600 ns, Reaching safepoint: 320900 ns, At safepoint: 12900 ns, Total: 333800 ns
[2021-03-18T08:33:10.158+0000][24612][safepoint    ] Safepoint "Cleanup", Time since last: 1000357800 ns, Reaching safepoint: 378500 ns, At safepoint: 15600 ns, Total: 394100 ns
[2021-03-18T08:33:12.159+0000][24612][safepoint    ] Safepoint "Cleanup", Time since last: 2000599500 ns, Reaching safepoint: 394000 ns, At safepoint: 13700 ns, Total: 407700 ns
[2021-03-18T08:33:13.159+0000][24612][safepoint    ] Safepoint "Cleanup", Time since last: 1000324300 ns, Reaching safepoint: 223800 ns, At safepoint: 9200 ns, Total: 233000 ns
[2021-03-18T08:33:14.160+0000][24612][safepoint    ] Safepoint "Cleanup", Time since last: 1000128500 ns, Reaching safepoint: 437900 ns, At safepoint: 24100 ns, Total: 462000 ns
[2021-03-18T08:33:16.160+0000][24612][safepoint    ] Safepoint "Cleanup", Time since last: 1999740800 ns, Reaching safepoint: 340600 ns, At safepoint: 14200 ns, Total: 354800 ns
[2021-03-18T08:33:17.161+0000][24612][safepoint    ] Safepoint "Cleanup", Time since last: 1000562500 ns, Reaching safepoint: 382200 ns, At safepoint: 24500 ns, Total: 406700 ns
[2021-03-18T08:33:18.161+0000][24612][safepoint    ] Safepoint "Cleanup", Time since last: 1000124500 ns, Reaching safepoint: 157900 ns, At safepoint: 21400 ns, Total: 179300 ns
[2021-03-18T08:33:19.162+0000][24612][safepoint    ] Safepoint "Cleanup", Time since last: 1000072600 ns, Reaching safepoint: 118700 ns, At safepoint: 3900 ns, Total: 122600 ns
[2021-03-18T08:33:20.162+0000][24612][safepoint    ] Safepoint "Cleanup", Time since last: 1000623700 ns, Reaching safepoint: 244200 ns, At safepoint: 19800 ns, Total: 264000 ns
[2021-03-18T08:33:21.163+0000][24612][safepoint    ] Safepoint "Cleanup", Time since last: 1000050200 ns, Reaching safepoint: 141200 ns, At safepoint: 4600 ns, Total: 145800 ns
[2021-03-18T08:33:22.163+0000][24612][safepoint    ] Safepoint "Cleanup", Time since last: 1000399100 ns, Reaching safepoint: 384600 ns, At safepoint: 13200 ns, Total: 397800 ns
[2021-03-18T08:33:23.164+0000][24612][safepoint    ] Safepoint "Cleanup", Time since last: 1000078300 ns, Reaching safepoint: 186900 ns, At safepoint: 7700 ns, Total: 194600 ns
[2021-03-18T08:33:24.164+0000][24612][safepoint    ] Safepoint "Cleanup", Time since last: 1000623900 ns, Reaching safepoint: 203700 ns, At safepoint: 6100 ns, Total: 209800 ns
[2021-03-18T08:33:25.165+0000][24612][safepoint    ] Safepoint "Cleanup", Time since last: 1000238300 ns, Reaching safepoint: 112500 ns, At safepoint: 2600 ns, Total: 115100 ns
[2021-03-18T08:33:26.165+0000][24612][safepoint    ] Safepoint "Cleanup", Time since last: 1000214300 ns, Reaching safepoint: 147200 ns, At safepoint: 4800 ns, Total: 152000 ns
[2021-03-18T08:33:28.121+0000][24612][safepoint    ] Safepoint "Cleanup", Time since last: 1955917400 ns, Reaching safepoint: 155500 ns, At safepoint: 37100 ns, Total: 192600 ns
[2021-03-18T08:33:29.121+0000][24612][safepoint    ] Safepoint "Cleanup", Time since last: 1000169700 ns, Reaching safepoint: 375700 ns, At safepoint: 146000 ns, Total: 521700 ns
[2021-03-18T08:33:30.123+0000][24612][safepoint    ] Safepoint "Cleanup", Time since last: 1001145600 ns, Reaching safepoint: 233400 ns, At safepoint: 50200 ns, Total: 283600 ns
[2021-03-18T08:33:31.124+0000][24612][safepoint    ] Safepoint "Cleanup", Time since last: 1000359300 ns, Reaching safepoint: 146100 ns, At safepoint: 5500 ns, Total: 151600 ns
[2021-03-18T08:33:32.124+0000][24612][safepoint    ] Safepoint "Cleanup", Time since last: 1000179900 ns, Reaching safepoint: 433300 ns, At safepoint: 29400 ns, Total: 462700 ns
[2021-03-18T08:33:33.126+0000][24612][safepoint    ] Safepoint "Cleanup", Time since last: 1001127900 ns, Reaching safepoint: 142500 ns, At safepoint: 3100 ns, Total: 145600 ns
[2021-03-18T08:33:34.126+0000][24612][safepoint    ] Safepoint "Cleanup", Time since last: 1000176800 ns, Reaching safepoint: 338000 ns, At safepoint: 27700 ns, Total: 365700 ns
[2021-03-18T08:33:35.127+0000][24612][safepoint    ] Safepoint "Cleanup", Time since last: 1000061800 ns, Reaching safepoint: 181300 ns, At safepoint: 10000 ns, Total: 191300 ns
[2021-03-18T08:33:36.127+0000][24612][safepoint    ] Safepoint "Cleanup", Time since last: 1000504800 ns, Reaching safepoint: 79100 ns, At safepoint: 2300 ns, Total: 81400 ns
[2021-03-18T08:33:37.128+0000][24612][safepoint    ] Safepoint "Cleanup", Time since last: 1000422300 ns, Reaching safepoint: 92600 ns, At safepoint: 6900 ns, Total: 99500 ns
[2021-03-18T08:33:38.128+0000][24612][safepoint    ] Safepoint "Cleanup", Time since last: 1000590100 ns, Reaching safepoint: 188400 ns, At safepoint: 11200 ns, Total: 199600 ns
[2021-03-18T08:33:40.129+0000][24612][safepoint    ] Safepoint "Cleanup", Time since last: 2000188300 ns, Reaching safepoint: 85900 ns, At safepoint: 17000 ns, Total: 102900 ns
[2021-03-18T08:33:41.129+0000][24612][safepoint    ] Safepoint "Cleanup", Time since last: 1000016300 ns, Reaching safepoint: 116800 ns, At safepoint: 18700 ns, Total: 135500 ns
[2021-03-18T08:33:42.129+0000][24612][safepoint    ] Safepoint "Cleanup", Time since last: 1000529400 ns, Reaching safepoint: 152500 ns, At safepoint: 67400 ns, Total: 219900 ns
[2021-03-18T08:33:43.130+0000][24612][safepoint    ] Safepoint "Cleanup", Time since last: 1000782000 ns, Reaching safepoint: 154200 ns, At safepoint: 6300 ns, Total: 160500 ns
[2021-03-18T08:33:44.131+0000][24612][safepoint    ] Safepoint "Cleanup", Time since last: 1000484400 ns, Reaching safepoint: 375500 ns, At safepoint: 126000 ns, Total: 501500 ns
[2021-03-18T08:33:46.131+0000][24612][safepoint    ] Safepoint "Cleanup", Time since last: 1999624600 ns, Reaching safepoint: 188400 ns, At safepoint: 6200 ns, Total: 194600 ns
[2021-03-18T08:33:47.132+0000][24612][safepoint    ] Safepoint "Cleanup", Time since last: 1000562800 ns, Reaching safepoint: 116200 ns, At safepoint: 6300 ns, Total: 122500 ns
[2021-03-18T08:33:48.132+0000][24612][safepoint    ] Safepoint "Cleanup", Time since last: 1000033900 ns, Reaching safepoint: 157300 ns, At safepoint: 3300 ns, Total: 160600 ns
[2021-03-18T08:33:49.133+0000][24612][safepoint    ] Safepoint "Cleanup", Time since last: 1000825300 ns, Reaching safepoint: 309400 ns, At safepoint: 16700 ns, Total: 326100 ns
[2021-03-18T08:33:50.134+0000][24612][safepoint    ] Safepoint "Cleanup", Time since last: 1000716300 ns, Reaching safepoint: 120400 ns, At safepoint: 18600 ns, Total: 139000 ns
[2021-03-18T08:33:51.135+0000][24612][safepoint    ] Safepoint "Cleanup", Time since last: 1000583500 ns, Reaching safepoint: 99200 ns, At safepoint: 84000 ns, Total: 183200 ns
[2021-03-18T08:33:52.136+0000][24612][safepoint    ] Safepoint "Cleanup", Time since last: 1000840800 ns, Reaching safepoint: 422300 ns, At safepoint: 20000 ns, Total: 442300 ns
[2021-03-18T08:33:53.137+0000][24612][safepoint    ] Safepoint "Cleanup", Time since last: 1000672100 ns, Reaching safepoint: 224300 ns, At safepoint: 55200 ns, Total: 279500 ns
[2021-03-18T08:33:54.138+0000][24612][safepoint    ] Safepoint "Cleanup", Time since last: 1000335400 ns, Reaching safepoint: 149700 ns, At safepoint: 60300 ns, Total: 210000 ns
[2021-03-18T08:33:55.138+0000][24612][safepoint    ] Safepoint "Cleanup", Time since last: 1000476300 ns, Reaching safepoint: 115000 ns, At safepoint: 6200 ns, Total: 121200 ns
[2021-03-18T08:33:56.139+0000][24612][safepoint    ] Safepoint "Cleanup", Time since last: 1000644300 ns, Reaching safepoint: 182700 ns, At safepoint: 67800 ns, Total: 250500 ns
[2021-03-18T08:33:58.139+0000][24612][safepoint    ] Safepoint "Cleanup", Time since last: 2000087300 ns, Reaching safepoint: 161100 ns, At safepoint: 76200 ns, Total: 237300 ns
[2021-03-18T08:33:59.140+0000][24612][safepoint    ] Safepoint "Cleanup", Time since last: 1000208100 ns, Reaching safepoint: 178900 ns, At safepoint: 53400 ns, Total: 232300 ns
[2021-03-18T08:34:00.141+0000][24612][safepoint    ] Safepoint "Cleanup", Time since last: 1000544000 ns, Reaching safepoint: 108500 ns, At safepoint: 54000 ns, Total: 162500 ns
[2021-03-18T08:34:02.141+0000][24612][safepoint    ] Safepoint "Cleanup", Time since last: 2000012400 ns, Reaching safepoint: 117000 ns, At safepoint: 17200 ns, Total: 134200 ns
[2021-03-18T08:34:04.142+0000][24612][safepoint    ] Safepoint "Cleanup", Time since last: 2000953800 ns, Reaching safepoint: 99200 ns, At safepoint: 13100 ns, Total: 112300 ns
[2021-03-18T08:34:06.142+0000][24612][safepoint    ] Safepoint "Cleanup", Time since last: 1999984600 ns, Reaching safepoint: 125500 ns, At safepoint: 16900 ns, Total: 142400 ns
[2021-03-18T08:34:08.143+0000][24612][safepoint    ] Safepoint "Cleanup", Time since last: 2000705500 ns, Reaching safepoint: 113300 ns, At safepoint: 6000 ns, Total: 119300 ns
[2021-03-18T08:34:09.143+0000][24612][safepoint    ] Safepoint "Cleanup", Time since last: 1000263800 ns, Reaching safepoint: 396600 ns, At safepoint: 113400 ns, Total: 510000 ns
[2021-03-18T08:34:10.144+0000][24612][safepoint    ] Safepoint "Cleanup", Time since last: 1000233100 ns, Reaching safepoint: 437100 ns, At safepoint: 157300 ns, Total: 594400 ns
[2021-03-18T08:34:11.144+0000][24612][safepoint    ] Safepoint "Cleanup", Time since last: 1000126700 ns, Reaching safepoint: 122900 ns, At safepoint: 58600 ns, Total: 181500 ns
[2021-03-18T08:34:12.145+0000][24612][safepoint    ] Safepoint "Cleanup", Time since last: 1000568800 ns, Reaching safepoint: 151000 ns, At safepoint: 6800 ns, Total: 157800 ns
[2021-03-18T08:34:13.146+0000][24612][safepoint    ] Safepoint "Cleanup", Time since last: 1000714500 ns, Reaching safepoint: 169300 ns, At safepoint: 73000 ns, Total: 242300 ns
[2021-03-18T08:34:14.147+0000][24612][safepoint    ] Safepoint "Cleanup", Time since last: 1000192100 ns, Reaching safepoint: 443900 ns, At safepoint: 127000 ns, Total: 570900 ns
[2021-03-18T08:34:15.147+0000][24612][safepoint    ] Safepoint "Cleanup", Time since last: 1000122100 ns, Reaching safepoint: 269100 ns, At safepoint: 13700 ns, Total: 282800 ns
[2021-03-18T08:34:17.147+0000][24612][safepoint    ] Safepoint "Cleanup", Time since last: 2000131200 ns, Reaching safepoint: 350400 ns, At safepoint: 14400 ns, Total: 364800 ns
[2021-03-18T08:34:18.149+0000][24612][safepoint    ] Safepoint "Cleanup", Time since last: 1000750900 ns, Reaching safepoint: 130400 ns, At safepoint: 6500 ns, Total: 136900 ns
[2021-03-18T08:34:19.149+0000][24612][safepoint    ] Safepoint "Cleanup", Time since last: 1000125100 ns, Reaching safepoint: 290900 ns, At safepoint: 104200 ns, Total: 395100 ns
[2021-03-18T08:34:21.149+0000][24612][safepoint    ] Safepoint "Cleanup", Time since last: 1999984000 ns, Reaching safepoint: 143600 ns, At safepoint: 5400 ns, Total: 149000 ns
[2021-03-18T08:34:22.150+0000][24612][safepoint    ] Safepoint "Cleanup", Time since last: 1000335700 ns, Reaching safepoint: 412300 ns, At safepoint: 22700 ns, Total: 435000 ns
[2021-03-18T08:34:23.150+0000][24612][safepoint    ] Safepoint "Cleanup", Time since last: 1000246500 ns, Reaching safepoint: 239600 ns, At safepoint: 38900 ns, Total: 278500 ns
[2021-03-18T08:34:25.152+0000][24612][safepoint    ] Safepoint "Cleanup", Time since last: 2000849900 ns, Reaching safepoint: 128700 ns, At safepoint: 4800 ns, Total: 133500 ns
[2021-03-18T08:34:26.152+0000][24612][safepoint    ] Safepoint "Cleanup", Time since last: 1000279200 ns, Reaching safepoint: 148500 ns, At safepoint: 8300 ns, Total: 156800 ns
[2021-03-18T08:34:27.152+0000][24612][safepoint    ] Safepoint "Cleanup", Time since last: 1000404000 ns, Reaching safepoint: 242400 ns, At safepoint: 100000 ns, Total: 342400 ns
[2021-03-18T08:34:29.126+0000][24612][safepoint    ] Safepoint "Cleanup", Time since last: 1973580700 ns, Reaching safepoint: 155300 ns, At safepoint: 6700 ns, Total: 162000 ns
[2021-03-18T08:34:30.127+0000][24612][safepoint    ] Safepoint "Cleanup", Time since last: 1000364900 ns, Reaching safepoint: 410900 ns, At safepoint: 78700 ns, Total: 489600 ns
[2021-03-18T08:34:31.128+0000][24612][safepoint    ] Safepoint "Cleanup", Time since last: 1000481500 ns, Reaching safepoint: 136400 ns, At safepoint: 27200 ns, Total: 163600 ns
[2021-03-18T08:34:32.129+0000][24612][safepoint    ] Safepoint "Cleanup", Time since last: 1000384900 ns, Reaching safepoint: 148500 ns, At safepoint: 74500 ns, Total: 223000 ns
[2021-03-18T08:34:33.129+0000][24612][safepoint    ] Safepoint "Cleanup", Time since last: 1000268000 ns, Reaching safepoint: 155200 ns, At safepoint: 63800 ns, Total: 219000 ns
[2021-03-18T08:34:34.129+0000][24612][safepoint    ] Safepoint "Cleanup", Time since last: 1000486100 ns, Reaching safepoint: 480600 ns, At safepoint: 31600 ns, Total: 512200 ns
[2021-03-18T08:34:35.131+0000][24612][safepoint    ] Safepoint "Cleanup", Time since last: 1001054500 ns, Reaching safepoint: 365800 ns, At safepoint: 15900 ns, Total: 381700 ns
[2021-03-18T08:34:36.132+0000][24612][safepoint    ] Safepoint "Cleanup", Time since last: 1000343300 ns, Reaching safepoint: 137300 ns, At safepoint: 11100 ns, Total: 148400 ns
[2021-03-18T08:34:38.132+0000][24612][safepoint    ] Safepoint "Cleanup", Time since last: 2000128800 ns, Reaching safepoint: 465800 ns, At safepoint: 28100 ns, Total: 493900 ns
[2021-03-18T08:34:40.133+0000][24612][safepoint    ] Safepoint "Cleanup", Time since last: 1999902200 ns, Reaching safepoint: 395000 ns, At safepoint: 23500 ns, Total: 418500 ns
[2021-03-18T08:34:41.134+0000][24612][safepoint    ] Safepoint "Cleanup", Time since last: 1000513300 ns, Reaching safepoint: 193600 ns, At safepoint: 9200 ns, Total: 202800 ns
[2021-03-18T08:34:42.134+0000][24612][safepoint    ] Safepoint "Cleanup", Time since last: 1000757200 ns, Reaching safepoint: 115000 ns, At safepoint: 5500 ns, Total: 120500 ns
[2021-03-18T08:34:43.135+0000][24612][safepoint    ] Safepoint "Cleanup", Time since last: 1000397900 ns, Reaching safepoint: 137700 ns, At safepoint: 3100 ns, Total: 140800 ns
[2021-03-18T08:34:44.135+0000][24612][safepoint    ] Safepoint "Cleanup", Time since last: 1000386400 ns, Reaching safepoint: 151000 ns, At safepoint: 3200 ns, Total: 154200 ns
[2021-03-18T08:34:45.136+0000][24612][safepoint    ] Safepoint "Cleanup", Time since last: 1000005200 ns, Reaching safepoint: 279500 ns, At safepoint: 20300 ns, Total: 299800 ns
[2021-03-18T08:34:46.136+0000][24612][safepoint    ] Safepoint "Cleanup", Time since last: 1000447800 ns, Reaching safepoint: 132600 ns, At safepoint: 3500 ns, Total: 136100 ns
[2021-03-18T08:34:47.138+0000][24612][safepoint    ] Safepoint "Cleanup", Time since last: 1001056000 ns, Reaching safepoint: 126800 ns, At safepoint: 6000 ns, Total: 132800 ns
[2021-03-18T08:34:48.138+0000][24612][safepoint    ] Safepoint "Cleanup", Time since last: 1000748400 ns, Reaching safepoint: 157000 ns, At safepoint: 4500 ns, Total: 161500 ns
[2021-03-18T08:34:49.139+0000][24612][safepoint    ] Safepoint "Cleanup", Time since last: 1000482900 ns, Reaching safepoint: 350300 ns, At safepoint: 21300 ns, Total: 371600 ns
[2021-03-18T08:34:50.140+0000][24612][safepoint    ] Safepoint "Cleanup", Time since last: 1000109200 ns, Reaching safepoint: 113600 ns, At safepoint: 6400 ns, Total: 120000 ns
[2021-03-18T08:34:51.140+0000][24612][safepoint    ] Safepoint "Cleanup", Time since last: 1000351200 ns, Reaching safepoint: 140500 ns, At safepoint: 9300 ns, Total: 149800 ns
[2021-03-18T08:34:52.141+0000][24612][safepoint    ] Safepoint "Cleanup", Time since last: 1001141800 ns, Reaching safepoint: 160600 ns, At safepoint: 8600 ns, Total: 169200 ns
[2021-03-18T08:34:53.142+0000][24612][safepoint    ] Safepoint "Cleanup", Time since last: 1000349900 ns, Reaching safepoint: 123700 ns, At safepoint: 4300 ns, Total: 128000 ns
[2021-03-18T08:34:54.142+0000][24612][safepoint    ] Safepoint "Cleanup", Time since last: 1000484500 ns, Reaching safepoint: 158000 ns, At safepoint: 5200 ns, Total: 163200 ns
[2021-03-18T08:34:55.143+0000][24612][safepoint    ] Safepoint "Cleanup", Time since last: 1000395000 ns, Reaching safepoint: 175300 ns, At safepoint: 5400 ns, Total: 180700 ns
[2021-03-18T08:34:56.144+0000][24612][safepoint    ] Safepoint "Cleanup", Time since last: 1001001400 ns, Reaching safepoint: 154600 ns, At safepoint: 8300 ns, Total: 162900 ns
[2021-03-18T08:34:57.145+0000][24612][safepoint    ] Safepoint "Cleanup", Time since last: 1000431100 ns, Reaching safepoint: 98100 ns, At safepoint: 16000 ns, Total: 114100 ns
[2021-03-18T08:34:58.145+0000][24612][safepoint    ] Safepoint "Cleanup", Time since last: 1000507700 ns, Reaching safepoint: 429800 ns, At safepoint: 146900 ns, Total: 576700 ns
[2021-03-18T08:34:59.146+0000][24612][safepoint    ] Safepoint "Cleanup", Time since last: 1000225100 ns, Reaching safepoint: 378000 ns, At safepoint: 78100 ns, Total: 456100 ns
[2021-03-18T08:35:00.147+0000][24612][safepoint    ] Safepoint "Cleanup", Time since last: 1000882800 ns, Reaching safepoint: 366300 ns, At safepoint: 137200 ns, Total: 503500 ns
[2021-03-18T08:35:01.149+0000][24612][safepoint    ] Safepoint "Cleanup", Time since last: 1000695000 ns, Reaching safepoint: 191100 ns, At safepoint: 69700 ns, Total: 260800 ns
[2021-03-18T08:35:02.150+0000][24612][safepoint    ] Safepoint "Cleanup", Time since last: 1000870300 ns, Reaching safepoint: 218800 ns, At safepoint: 92300 ns, Total: 311100 ns
[2021-03-18T08:35:03.151+0000][24612][safepoint    ] Safepoint "Cleanup", Time since last: 1000486500 ns, Reaching safepoint: 200800 ns, At safepoint: 103000 ns, Total: 303800 ns
[2021-03-18T08:35:04.151+0000][24612][safepoint    ] Safepoint "Cleanup", Time since last: 1000147600 ns, Reaching safepoint: 364400 ns, At safepoint: 20900 ns, Total: 385300 ns
[2021-03-18T08:35:05.153+0000][24612][safepoint    ] Safepoint "Cleanup", Time since last: 1000792800 ns, Reaching safepoint: 483200 ns, At safepoint: 176800 ns, Total: 660000 ns
[2021-03-18T08:35:06.153+0000][24612][safepoint    ] Safepoint "Cleanup", Time since last: 1000662800 ns, Reaching safepoint: 343500 ns, At safepoint: 88100 ns, Total: 431600 ns
[2021-03-18T08:35:07.154+0000][24612][safepoint    ] Safepoint "Cleanup", Time since last: 1000269700 ns, Reaching safepoint: 228400 ns, At safepoint: 85900 ns, Total: 314300 ns
[2021-03-18T08:35:08.155+0000][24612][safepoint    ] Safepoint "Cleanup", Time since last: 1000240500 ns, Reaching safepoint: 367000 ns, At safepoint: 146900 ns, Total: 513900 ns
[2021-03-18T08:35:10.155+0000][24612][safepoint    ] Safepoint "Cleanup", Time since last: 2000254900 ns, Reaching safepoint: 412400 ns, At safepoint: 143600 ns, Total: 556000 ns
[2021-03-18T08:35:12.157+0000][24612][safepoint    ] Safepoint "Cleanup", Time since last: 2000754600 ns, Reaching safepoint: 355400 ns, At safepoint: 79700 ns, Total: 435100 ns
[2021-03-18T08:35:14.157+0000][24612][safepoint    ] Safepoint "Cleanup", Time since last: 2000340000 ns, Reaching safepoint: 138500 ns, At safepoint: 50700 ns, Total: 189200 ns
[2021-03-18T08:35:15.158+0000][24612][safepoint    ] Safepoint "Cleanup", Time since last: 1000090200 ns, Reaching safepoint: 144200 ns, At safepoint: 60500 ns, Total: 204700 ns
[2021-03-18T08:35:16.282+0000][24612][safepoint    ] Safepoint "Cleanup", Time since last: 1124347200 ns, Reaching safepoint: 223000 ns, At safepoint: 10700 ns, Total: 233700 ns
[2021-03-18T08:35:17.283+0000][24612][safepoint    ] Safepoint "Cleanup", Time since last: 1000646000 ns, Reaching safepoint: 176300 ns, At safepoint: 9300 ns, Total: 185600 ns
[2021-03-18T08:35:18.284+0000][24612][safepoint    ] Safepoint "Cleanup", Time since last: 1000854100 ns, Reaching safepoint: 368700 ns, At safepoint: 13600 ns, Total: 382300 ns
[2021-03-18T08:35:19.285+0000][24612][safepoint    ] Safepoint "Cleanup", Time since last: 1000851800 ns, Reaching safepoint: 371800 ns, At safepoint: 13700 ns, Total: 385500 ns
[2021-03-18T08:35:21.286+0000][24612][safepoint    ] Safepoint "Cleanup", Time since last: 1999805500 ns, Reaching safepoint: 142000 ns, At safepoint: 6400 ns, Total: 148400 ns
[2021-03-18T08:35:22.286+0000][24612][safepoint    ] Safepoint "Cleanup", Time since last: 1000200300 ns, Reaching safepoint: 212800 ns, At safepoint: 6600 ns, Total: 219400 ns
[2021-03-18T08:35:23.286+0000][24612][safepoint    ] Safepoint "Cleanup", Time since last: 1000251600 ns, Reaching safepoint: 370900 ns, At safepoint: 22000 ns, Total: 392900 ns
[2021-03-18T08:35:24.287+0000][24612][safepoint    ] Safepoint "Cleanup", Time since last: 1000180200 ns, Reaching safepoint: 162800 ns, At safepoint: 15200 ns, Total: 178000 ns
[2021-03-18T08:35:25.287+0000][24612][safepoint    ] Safepoint "Cleanup", Time since last: 1000347300 ns, Reaching safepoint: 394900 ns, At safepoint: 25200 ns, Total: 420100 ns
[2021-03-18T08:35:27.289+0000][24612][safepoint    ] Safepoint "Cleanup", Time since last: 2000656900 ns, Reaching safepoint: 162100 ns, At safepoint: 8500 ns, Total: 170600 ns
[2021-03-18T08:35:28.289+0000][24612][safepoint    ] Safepoint "Cleanup", Time since last: 1000854900 ns, Reaching safepoint: 341500 ns, At safepoint: 17300 ns, Total: 358800 ns
[2021-03-18T08:35:29.595+0000][24612][gc,start     ] GC(11) Pause Young (Normal) (G1 Evacuation Pause)
[2021-03-18T08:35:29.595+0000][24612][gc,task      ] GC(11) Using 8 workers of 8 for evacuation
[2021-03-18T08:35:29.595+0000][24612][gc,age       ] GC(11) Desired survivor size 32505856 bytes, new threshold 15 (max threshold 15)
[2021-03-18T08:35:29.610+0000][24612][gc,age       ] GC(11) Age table with threshold 15 (max threshold 15)
[2021-03-18T08:35:29.610+0000][24612][gc,age       ] GC(11) - age   1:     531416 bytes,     531416 total
[2021-03-18T08:35:29.610+0000][24612][gc,age       ] GC(11) - age   2:    2636984 bytes,    3168400 total
[2021-03-18T08:35:29.610+0000][24612][gc,age       ] GC(11) - age   3:   15013336 bytes,   18181736 total
[2021-03-18T08:35:29.610+0000][24612][gc,age       ] GC(11) - age   4:    7956336 bytes,   26138072 total
[2021-03-18T08:35:29.610+0000][24612][gc,phases    ] GC(11)   Pre Evacuate Collection Set: 0.1ms
[2021-03-18T08:35:29.610+0000][24612][gc,phases    ] GC(11)   Merge Heap Roots: 0.1ms
[2021-03-18T08:35:29.610+0000][24612][gc,phases    ] GC(11)   Evacuate Collection Set: 12.2ms
[2021-03-18T08:35:29.610+0000][24612][gc,phases    ] GC(11)   Post Evacuate Collection Set: 2.3ms
[2021-03-18T08:35:29.610+0000][24612][gc,phases    ] GC(11)   Other: 0.4ms
[2021-03-18T08:35:29.610+0000][24612][gc,heap      ] GC(11) Eden regions: 469->0(478)
[2021-03-18T08:35:29.610+0000][24612][gc,heap      ] GC(11) Survivor regions: 27->28(62)
[2021-03-18T08:35:29.610+0000][24612][gc,heap      ] GC(11) Old regions: 50->50
[2021-03-18T08:35:29.610+0000][24612][gc,heap      ] GC(11) Archive regions: 0->0
[2021-03-18T08:35:29.610+0000][24612][gc,heap      ] GC(11) Humongous regions: 174->174
[2021-03-18T08:35:29.610+0000][24612][gc,metaspace ] GC(11) Metaspace: 84398K(90268K)->84398K(90268K) NonClass: 73381K(76828K)->73381K(76828K) Class: 11017K(13440K)->11017K(13440K)
[2021-03-18T08:35:29.610+0000][24612][gc           ] GC(11) Pause Young (Normal) (G1 Evacuation Pause) 719M->251M(1024M) 15.436ms
[2021-03-18T08:35:29.610+0000][24612][gc,cpu       ] GC(11) User=0.13s Sys=0.00s Real=0.01s
[2021-03-18T08:35:29.610+0000][24612][safepoint    ] Safepoint "G1CollectForAllocation", Time since last: 1305491300 ns, Reaching safepoint: 134600 ns, At safepoint: 15572000 ns, Total: 15706600 ns
[2021-03-18T08:35:31.611+0000][24612][safepoint    ] Safepoint "Cleanup", Time since last: 1999820600 ns, Reaching safepoint: 422200 ns, At safepoint: 24300 ns, Total: 446500 ns
[2021-03-18T08:35:32.904+0000][24612][safepoint    ] Safepoint "Cleanup", Time since last: 1292595700 ns, Reaching safepoint: 110300 ns, At safepoint: 3400 ns, Total: 113700 ns
[2021-03-18T08:35:33.905+0000][24612][safepoint    ] Safepoint "Cleanup", Time since last: 1000843700 ns, Reaching safepoint: 186900 ns, At safepoint: 7600 ns, Total: 194500 ns
[2021-03-18T08:35:35.364+0000][24612][safepoint    ] Safepoint "Cleanup", Time since last: 1459077700 ns, Reaching safepoint: 239100 ns, At safepoint: 13200 ns, Total: 252300 ns
[2021-03-18T08:35:36.364+0000][24612][safepoint    ] Safepoint "Cleanup", Time since last: 1000010100 ns, Reaching safepoint: 167600 ns, At safepoint: 8900 ns, Total: 176500 ns
[2021-03-18T08:35:37.365+0000][24612][safepoint    ] Safepoint "Cleanup", Time since last: 1000442800 ns, Reaching safepoint: 149300 ns, At safepoint: 9500 ns, Total: 158800 ns
[2021-03-18T08:35:39.366+0000][24612][safepoint    ] Safepoint "Cleanup", Time since last: 2000737600 ns, Reaching safepoint: 175100 ns, At safepoint: 5100 ns, Total: 180200 ns
[2021-03-18T08:35:40.366+0000][24612][safepoint    ] Safepoint "Cleanup", Time since last: 1000113900 ns, Reaching safepoint: 208200 ns, At safepoint: 10100 ns, Total: 218300 ns
[2021-03-18T08:35:41.367+0000][24612][safepoint    ] Safepoint "Cleanup", Time since last: 1000972600 ns, Reaching safepoint: 115800 ns, At safepoint: 6300 ns, Total: 122100 ns
[2021-03-18T08:35:42.368+0000][24612][safepoint    ] Safepoint "Cleanup", Time since last: 1000363500 ns, Reaching safepoint: 85200 ns, At safepoint: 2100 ns, Total: 87300 ns
[2021-03-18T08:35:43.368+0000][24612][safepoint    ] Safepoint "Cleanup", Time since last: 1000306800 ns, Reaching safepoint: 409500 ns, At safepoint: 27400 ns, Total: 436900 ns
[2021-03-18T08:35:44.369+0000][24612][safepoint    ] Safepoint "Cleanup", Time since last: 1000276300 ns, Reaching safepoint: 184400 ns, At safepoint: 13200 ns, Total: 197600 ns
[2021-03-18T08:35:45.370+0000][24612][safepoint    ] Safepoint "Cleanup", Time since last: 1001045200 ns, Reaching safepoint: 463200 ns, At safepoint: 39500 ns, Total: 502700 ns
[2021-03-18T08:35:46.372+0000][24612][safepoint    ] Safepoint "Cleanup", Time since last: 1001121800 ns, Reaching safepoint: 138400 ns, At safepoint: 5800 ns, Total: 144200 ns
[2021-03-18T08:35:47.372+0000][24612][safepoint    ] Safepoint "Cleanup", Time since last: 1000470200 ns, Reaching safepoint: 158700 ns, At safepoint: 4700 ns, Total: 163400 ns
[2021-03-18T08:35:49.373+0000][24612][safepoint    ] Safepoint "Cleanup", Time since last: 2000310000 ns, Reaching safepoint: 363200 ns, At safepoint: 21000 ns, Total: 384200 ns
[2021-03-18T08:35:50.374+0000][24612][safepoint    ] Safepoint "Cleanup", Time since last: 1000254400 ns, Reaching safepoint: 103000 ns, At safepoint: 9000 ns, Total: 112000 ns
[2021-03-18T08:35:51.374+0000][24612][safepoint    ] Safepoint "Cleanup", Time since last: 1000374000 ns, Reaching safepoint: 137000 ns, At safepoint: 4300 ns, Total: 141300 ns
[2021-03-18T08:35:53.375+0000][24612][safepoint    ] Safepoint "Cleanup", Time since last: 2001015000 ns, Reaching safepoint: 137900 ns, At safepoint: 4600 ns, Total: 142500 ns
[2021-03-18T08:35:54.375+0000][24612][safepoint    ] Safepoint "Cleanup", Time since last: 1000084900 ns, Reaching safepoint: 191900 ns, At safepoint: 11900 ns, Total: 203800 ns
[2021-03-18T08:35:56.376+0000][24612][safepoint    ] Safepoint "Cleanup", Time since last: 2000775200 ns, Reaching safepoint: 157400 ns, At safepoint: 7900 ns, Total: 165300 ns
[2021-03-18T08:35:57.377+0000][24612][safepoint    ] Safepoint "Cleanup", Time since last: 1000570400 ns, Reaching safepoint: 127200 ns, At safepoint: 5000 ns, Total: 132200 ns
[2021-03-18T08:35:58.377+0000][24612][safepoint    ] Safepoint "Cleanup", Time since last: 1000362700 ns, Reaching safepoint: 483700 ns, At safepoint: 28900 ns, Total: 512600 ns
[2021-03-18T08:36:00.378+0000][24612][safepoint    ] Safepoint "Cleanup", Time since last: 2000576800 ns, Reaching safepoint: 449400 ns, At safepoint: 32900 ns, Total: 482300 ns
[2021-03-18T08:36:01.380+0000][24612][safepoint    ] Safepoint "Cleanup", Time since last: 1000954100 ns, Reaching safepoint: 158900 ns, At safepoint: 7700 ns, Total: 166600 ns
[2021-03-18T08:36:02.381+0000][24612][safepoint    ] Safepoint "Cleanup", Time since last: 1000532800 ns, Reaching safepoint: 142700 ns, At safepoint: 22100 ns, Total: 164800 ns
[2021-03-18T08:36:03.381+0000][24612][safepoint    ] Safepoint "Cleanup", Time since last: 1000264900 ns, Reaching safepoint: 401400 ns, At safepoint: 22300 ns, Total: 423700 ns
[2021-03-18T08:36:05.382+0000][24612][safepoint    ] Safepoint "Cleanup", Time since last: 2000457200 ns, Reaching safepoint: 422300 ns, At safepoint: 17600 ns, Total: 439900 ns
[2021-03-18T08:36:06.384+0000][24612][safepoint    ] Safepoint "Cleanup", Time since last: 1001248100 ns, Reaching safepoint: 167500 ns, At safepoint: 11300 ns, Total: 178800 ns
[2021-03-18T08:36:07.384+0000][24612][safepoint    ] Safepoint "Cleanup", Time since last: 1000596900 ns, Reaching safepoint: 165400 ns, At safepoint: 5100 ns, Total: 170500 ns
[2021-03-18T08:36:08.385+0000][24612][safepoint    ] Safepoint "Cleanup", Time since last: 1000611600 ns, Reaching safepoint: 392300 ns, At safepoint: 24700 ns, Total: 417000 ns
[2021-03-18T08:36:10.386+0000][24612][safepoint    ] Safepoint "Cleanup", Time since last: 2000106900 ns, Reaching safepoint: 430900 ns, At safepoint: 24300 ns, Total: 455200 ns
[2021-03-18T08:36:12.386+0000][24612][safepoint    ] Safepoint "Cleanup", Time since last: 2000351300 ns, Reaching safepoint: 199400 ns, At safepoint: 9300 ns, Total: 208700 ns
[2021-03-18T08:36:13.387+0000][24612][safepoint    ] Safepoint "Cleanup", Time since last: 1000497900 ns, Reaching safepoint: 592000 ns, At safepoint: 25100 ns, Total: 617100 ns
[2021-03-18T08:36:14.389+0000][24612][safepoint    ] Safepoint "Cleanup", Time since last: 1000746000 ns, Reaching safepoint: 141800 ns, At safepoint: 6800 ns, Total: 148600 ns
[2021-03-18T08:36:15.389+0000][24612][safepoint    ] Safepoint "Cleanup", Time since last: 1000803500 ns, Reaching safepoint: 372800 ns, At safepoint: 14400 ns, Total: 387200 ns
[2021-03-18T08:36:17.390+0000][24612][safepoint    ] Safepoint "Cleanup", Time since last: 2000016400 ns, Reaching safepoint: 137800 ns, At safepoint: 7500 ns, Total: 145300 ns
[2021-03-18T08:36:19.390+0000][24612][safepoint    ] Safepoint "Cleanup", Time since last: 2000503400 ns, Reaching safepoint: 256400 ns, At safepoint: 13300 ns, Total: 269700 ns
[2021-03-18T08:36:20.391+0000][24612][safepoint    ] Safepoint "Cleanup", Time since last: 1000268600 ns, Reaching safepoint: 427400 ns, At safepoint: 25400 ns, Total: 452800 ns
[2021-03-18T08:36:21.392+0000][24612][safepoint    ] Safepoint "Cleanup", Time since last: 1000167700 ns, Reaching safepoint: 119000 ns, At safepoint: 7300 ns, Total: 126300 ns
[2021-03-18T08:36:23.392+0000][24612][safepoint    ] Safepoint "Cleanup", Time since last: 2000501200 ns, Reaching safepoint: 304500 ns, At safepoint: 12300 ns, Total: 316800 ns
[2021-03-18T08:36:25.393+0000][24612][safepoint    ] Safepoint "Cleanup", Time since last: 2000462400 ns, Reaching safepoint: 346100 ns, At safepoint: 16400 ns, Total: 362500 ns
[2021-03-18T08:36:26.394+0000][24612][safepoint    ] Safepoint "Cleanup", Time since last: 1000279200 ns, Reaching safepoint: 387000 ns, At safepoint: 22200 ns, Total: 409200 ns
[2021-03-18T08:36:27.395+0000][24612][safepoint    ] Safepoint "Cleanup", Time since last: 1000549200 ns, Reaching safepoint: 140600 ns, At safepoint: 7000 ns, Total: 147600 ns
[2021-03-18T08:36:28.395+0000][24612][safepoint    ] Safepoint "Cleanup", Time since last: 1000640900 ns, Reaching safepoint: 134800 ns, At safepoint: 6800 ns, Total: 141600 ns
[2021-03-18T08:36:30.120+0000][24612][safepoint    ] Safepoint "Cleanup", Time since last: 1724848500 ns, Reaching safepoint: 153700 ns, At safepoint: 53000 ns, Total: 206700 ns
[2021-03-18T08:36:30.122+0000][24612][safepoint    ] Safepoint "BulkRevokeBias", Time since last: 988900 ns, Reaching safepoint: 186500 ns, At safepoint: 1320200 ns, Total: 1506700 ns
[2021-03-18T08:36:32.123+0000][24612][safepoint    ] Safepoint "Cleanup", Time since last: 1999813500 ns, Reaching safepoint: 157400 ns, At safepoint: 16200 ns, Total: 173600 ns
[2021-03-18T08:36:33.124+0000][24612][safepoint    ] Safepoint "Cleanup", Time since last: 1000613600 ns, Reaching safepoint: 273100 ns, At safepoint: 9400 ns, Total: 282500 ns
[2021-03-18T08:36:35.124+0000][24612][safepoint    ] Safepoint "Cleanup", Time since last: 2000004100 ns, Reaching safepoint: 141500 ns, At safepoint: 6400 ns, Total: 147900 ns
[2021-03-18T08:36:36.125+0000][24612][safepoint    ] Safepoint "Cleanup", Time since last: 1000677200 ns, Reaching safepoint: 119300 ns, At safepoint: 3600 ns, Total: 122900 ns
[2021-03-18T08:36:37.125+0000][24612][safepoint    ] Safepoint "Cleanup", Time since last: 1000178600 ns, Reaching safepoint: 203400 ns, At safepoint: 9900 ns, Total: 213300 ns
[2021-03-18T08:36:38.125+0000][24612][safepoint    ] Safepoint "Cleanup", Time since last: 1000135700 ns, Reaching safepoint: 169000 ns, At safepoint: 9200 ns, Total: 178200 ns
[2021-03-18T08:36:39.126+0000][24612][safepoint    ] Safepoint "Cleanup", Time since last: 1000410100 ns, Reaching safepoint: 402000 ns, At safepoint: 27600 ns, Total: 429600 ns
[2021-03-18T08:36:40.128+0000][24612][safepoint    ] Safepoint "Cleanup", Time since last: 1000920100 ns, Reaching safepoint: 464300 ns, At safepoint: 151300 ns, Total: 615600 ns
[2021-03-18T08:36:41.129+0000][24612][safepoint    ] Safepoint "Cleanup", Time since last: 1001200700 ns, Reaching safepoint: 219200 ns, At safepoint: 100100 ns, Total: 319300 ns
[2021-03-18T08:36:43.130+0000][24612][safepoint    ] Safepoint "Cleanup", Time since last: 2000492900 ns, Reaching safepoint: 112000 ns, At safepoint: 3200 ns, Total: 115200 ns
[2021-03-18T08:36:45.130+0000][24612][safepoint    ] Safepoint "Cleanup", Time since last: 2000390400 ns, Reaching safepoint: 432900 ns, At safepoint: 28800 ns, Total: 461700 ns
[2021-03-18T08:36:47.131+0000][24612][safepoint    ] Safepoint "Cleanup", Time since last: 1999916900 ns, Reaching safepoint: 148500 ns, At safepoint: 76400 ns, Total: 224900 ns
[2021-03-18T08:36:48.131+0000][24612][safepoint    ] Safepoint "Cleanup", Time since last: 1000181300 ns, Reaching safepoint: 153800 ns, At safepoint: 73300 ns, Total: 227100 ns
[2021-03-18T08:36:49.132+0000][24612][safepoint    ] Safepoint "Cleanup", Time since last: 1000251100 ns, Reaching safepoint: 283200 ns, At safepoint: 134400 ns, Total: 417600 ns
[2021-03-18T08:36:51.132+0000][24612][safepoint    ] Safepoint "Cleanup", Time since last: 2000138100 ns, Reaching safepoint: 323400 ns, At safepoint: 62800 ns, Total: 386200 ns
[2021-03-18T08:36:53.132+0000][24612][safepoint    ] Safepoint "Cleanup", Time since last: 1999983300 ns, Reaching safepoint: 128200 ns, At safepoint: 6400 ns, Total: 134600 ns
[2021-03-18T08:36:54.133+0000][24612][safepoint    ] Safepoint "Cleanup", Time since last: 1000324300 ns, Reaching safepoint: 163900 ns, At safepoint: 53400 ns, Total: 217300 ns
[2021-03-18T08:36:55.134+0000][24612][safepoint    ] Safepoint "Cleanup", Time since last: 1000499000 ns, Reaching safepoint: 107500 ns, At safepoint: 28600 ns, Total: 136100 ns
[2021-03-18T08:36:56.134+0000][24612][safepoint    ] Safepoint "Cleanup", Time since last: 1000464400 ns, Reaching safepoint: 156500 ns, At safepoint: 58300 ns, Total: 214800 ns
[2021-03-18T08:36:58.135+0000][24612][safepoint    ] Safepoint "Cleanup", Time since last: 2000574700 ns, Reaching safepoint: 154500 ns, At safepoint: 9600 ns, Total: 164100 ns
[2021-03-18T08:36:59.136+0000][24612][safepoint    ] Safepoint "Cleanup", Time since last: 1000641500 ns, Reaching safepoint: 159400 ns, At safepoint: 6200 ns, Total: 165600 ns
[2021-03-18T08:37:00.136+0000][24612][safepoint    ] Safepoint "Cleanup", Time since last: 1000190600 ns, Reaching safepoint: 164800 ns, At safepoint: 89200 ns, Total: 254000 ns
[2021-03-18T08:37:01.137+0000][24612][safepoint    ] Safepoint "Cleanup", Time since last: 1000354400 ns, Reaching safepoint: 152300 ns, At safepoint: 72800 ns, Total: 225100 ns
[2021-03-18T08:37:02.138+0000][24612][safepoint    ] Safepoint "Cleanup", Time since last: 1000939300 ns, Reaching safepoint: 182800 ns, At safepoint: 68700 ns, Total: 251500 ns
[2021-03-18T08:37:04.138+0000][24612][safepoint    ] Safepoint "Cleanup", Time since last: 2000177600 ns, Reaching safepoint: 111200 ns, At safepoint: 74400 ns, Total: 185600 ns
[2021-03-18T08:37:05.139+0000][24612][safepoint    ] Safepoint "Cleanup", Time since last: 1000332600 ns, Reaching safepoint: 152400 ns, At safepoint: 61600 ns, Total: 214000 ns
[2021-03-18T08:37:06.139+0000][24612][safepoint    ] Safepoint "Cleanup", Time since last: 1000345900 ns, Reaching safepoint: 202100 ns, At safepoint: 105300 ns, Total: 307400 ns
[2021-03-18T08:37:07.140+0000][24612][safepoint    ] Safepoint "Cleanup", Time since last: 1000641100 ns, Reaching safepoint: 133900 ns, At safepoint: 27400 ns, Total: 161300 ns
[2021-03-18T08:37:09.141+0000][24612][safepoint    ] Safepoint "Cleanup", Time since last: 2000150600 ns, Reaching safepoint: 130600 ns, At safepoint: 70200 ns, Total: 200800 ns
[2021-03-18T08:37:10.141+0000][24612][safepoint    ] Safepoint "Cleanup", Time since last: 1000422600 ns, Reaching safepoint: 396100 ns, At safepoint: 135000 ns, Total: 531100 ns
[2021-03-18T08:37:12.143+0000][24612][safepoint    ] Safepoint "Cleanup", Time since last: 2000860300 ns, Reaching safepoint: 418300 ns, At safepoint: 97600 ns, Total: 515900 ns
[2021-03-18T08:37:14.143+0000][24612][safepoint    ] Safepoint "Cleanup", Time since last: 2000345500 ns, Reaching safepoint: 392100 ns, At safepoint: 176000 ns, Total: 568100 ns
[2021-03-18T08:37:15.145+0000][24612][safepoint    ] Safepoint "Cleanup", Time since last: 1000566900 ns, Reaching safepoint: 344500 ns, At safepoint: 22300 ns, Total: 366800 ns
[2021-03-18T08:37:16.146+0000][24612][safepoint    ] Safepoint "Cleanup", Time since last: 1001204400 ns, Reaching safepoint: 196300 ns, At safepoint: 6100 ns, Total: 202400 ns
[2021-03-18T08:37:17.147+0000][24612][safepoint    ] Safepoint "Cleanup", Time since last: 1000818200 ns, Reaching safepoint: 110700 ns, At safepoint: 4900 ns, Total: 115600 ns
[2021-03-18T08:37:18.148+0000][24612][safepoint    ] Safepoint "Cleanup", Time since last: 1000569500 ns, Reaching safepoint: 444100 ns, At safepoint: 32500 ns, Total: 476600 ns
[2021-03-18T08:37:19.149+0000][24612][safepoint    ] Safepoint "Cleanup", Time since last: 1000476700 ns, Reaching safepoint: 255200 ns, At safepoint: 16900 ns, Total: 272100 ns
[2021-03-18T08:37:21.150+0000][24612][safepoint    ] Safepoint "Cleanup", Time since last: 2000219800 ns, Reaching safepoint: 994200 ns, At safepoint: 20200 ns, Total: 1014400 ns
[2021-03-18T08:37:22.152+0000][24612][safepoint    ] Safepoint "Cleanup", Time since last: 1000655700 ns, Reaching safepoint: 870600 ns, At safepoint: 27800 ns, Total: 898400 ns
[2021-03-18T08:37:23.152+0000][24612][safepoint    ] Safepoint "Cleanup", Time since last: 1000494700 ns, Reaching safepoint: 365600 ns, At safepoint: 13900 ns, Total: 379500 ns
[2021-03-18T08:37:24.153+0000][24612][safepoint    ] Safepoint "Cleanup", Time since last: 1000046500 ns, Reaching safepoint: 385300 ns, At safepoint: 24200 ns, Total: 409500 ns
[2021-03-18T08:37:26.154+0000][24612][safepoint    ] Safepoint "Cleanup", Time since last: 2000704200 ns, Reaching safepoint: 104800 ns, At safepoint: 4400 ns, Total: 109200 ns
[2021-03-18T08:37:27.155+0000][24612][safepoint    ] Safepoint "Cleanup", Time since last: 1000804400 ns, Reaching safepoint: 161200 ns, At safepoint: 4800 ns, Total: 166000 ns
[2021-03-18T08:37:28.155+0000][24612][safepoint    ] Safepoint "Cleanup", Time since last: 1000157800 ns, Reaching safepoint: 110200 ns, At safepoint: 6700 ns, Total: 116900 ns
[2021-03-18T08:37:29.813+0000][24612][safepoint    ] Safepoint "Cleanup", Time since last: 1658052500 ns, Reaching safepoint: 103200 ns, At safepoint: 23800 ns, Total: 127000 ns
[2021-03-18T08:37:31.117+0000][24612][safepoint    ] Safepoint "Cleanup", Time since last: 1303730200 ns, Reaching safepoint: 127100 ns, At safepoint: 6300 ns, Total: 133400 ns
[2021-03-18T08:37:33.117+0000][24612][safepoint    ] Safepoint "Cleanup", Time since last: 1999876700 ns, Reaching safepoint: 162700 ns, At safepoint: 7400 ns, Total: 170100 ns
[2021-03-18T08:37:34.118+0000][24612][safepoint    ] Safepoint "Cleanup", Time since last: 1000817900 ns, Reaching safepoint: 144300 ns, At safepoint: 10100 ns, Total: 154400 ns
[2021-03-18T08:37:36.118+0000][24612][safepoint    ] Safepoint "Cleanup", Time since last: 1999919100 ns, Reaching safepoint: 130400 ns, At safepoint: 9400 ns, Total: 139800 ns
[2021-03-18T08:37:38.118+0000][24612][safepoint    ] Safepoint "Cleanup", Time since last: 1999861500 ns, Reaching safepoint: 123100 ns, At safepoint: 8600 ns, Total: 131700 ns
[2021-03-18T08:37:39.119+0000][24612][safepoint    ] Safepoint "Cleanup", Time since last: 1000841900 ns, Reaching safepoint: 125900 ns, At safepoint: 7000 ns, Total: 132900 ns
[2021-03-18T08:37:41.120+0000][24612][safepoint    ] Safepoint "Cleanup", Time since last: 2000877000 ns, Reaching safepoint: 157800 ns, At safepoint: 9400 ns, Total: 167200 ns
[2021-03-18T08:37:42.121+0000][24612][safepoint    ] Safepoint "Cleanup", Time since last: 1000831400 ns, Reaching safepoint: 121900 ns, At safepoint: 7900 ns, Total: 129800 ns
[2021-03-18T08:37:43.122+0000][24612][safepoint    ] Safepoint "Cleanup", Time since last: 1000876500 ns, Reaching safepoint: 125500 ns, At safepoint: 8800 ns, Total: 134300 ns
[2021-03-18T08:37:45.123+0000][24612][safepoint    ] Safepoint "Cleanup", Time since last: 2000856400 ns, Reaching safepoint: 111700 ns, At safepoint: 3100 ns, Total: 114800 ns
[2021-03-18T08:37:46.124+0000][24612][safepoint    ] Safepoint "Cleanup", Time since last: 1000877600 ns, Reaching safepoint: 125400 ns, At safepoint: 8900 ns, Total: 134300 ns
[2021-03-18T08:37:48.125+0000][24612][safepoint    ] Safepoint "Cleanup", Time since last: 2000882600 ns, Reaching safepoint: 138800 ns, At safepoint: 8100 ns, Total: 146900 ns
[2021-03-18T08:37:49.126+0000][24612][safepoint    ] Safepoint "Cleanup", Time since last: 1000851000 ns, Reaching safepoint: 139200 ns, At safepoint: 8300 ns, Total: 147500 ns
[2021-03-18T08:37:50.127+0000][24612][safepoint    ] Safepoint "Cleanup", Time since last: 1000842800 ns, Reaching safepoint: 123000 ns, At safepoint: 3700 ns, Total: 126700 ns
[2021-03-18T08:37:52.127+0000][24612][safepoint    ] Safepoint "Cleanup", Time since last: 1999880000 ns, Reaching safepoint: 178100 ns, At safepoint: 13200 ns, Total: 191300 ns
[2021-03-18T08:37:54.128+0000][24612][safepoint    ] Safepoint "Cleanup", Time since last: 2000810000 ns, Reaching safepoint: 149700 ns, At safepoint: 3900 ns, Total: 153600 ns
[2021-03-18T08:37:55.129+0000][24612][safepoint    ] Safepoint "Cleanup", Time since last: 1000856800 ns, Reaching safepoint: 123700 ns, At safepoint: 11000 ns, Total: 134700 ns
[2021-03-18T08:37:56.130+0000][24612][safepoint    ] Safepoint "Cleanup", Time since last: 1000872000 ns, Reaching safepoint: 128400 ns, At safepoint: 4100 ns, Total: 132500 ns
[2021-03-18T08:37:58.131+0000][24612][safepoint    ] Safepoint "Cleanup", Time since last: 2000855700 ns, Reaching safepoint: 185600 ns, At safepoint: 14600 ns, Total: 200200 ns
[2021-03-18T08:37:59.132+0000][24612][safepoint    ] Safepoint "Cleanup", Time since last: 1000791200 ns, Reaching safepoint: 153300 ns, At safepoint: 35600 ns, Total: 188900 ns
[2021-03-18T08:38:01.132+0000][24612][safepoint    ] Safepoint "Cleanup", Time since last: 1999815700 ns, Reaching safepoint: 216800 ns, At safepoint: 11500 ns, Total: 228300 ns
[2021-03-18T08:38:02.133+0000][24612][safepoint    ] Safepoint "Cleanup", Time since last: 1000775300 ns, Reaching safepoint: 171500 ns, At safepoint: 11800 ns, Total: 183300 ns
[2021-03-18T08:38:03.134+0000][24612][safepoint    ] Safepoint "Cleanup", Time since last: 1000801300 ns, Reaching safepoint: 104800 ns, At safepoint: 9100 ns, Total: 113900 ns
[2021-03-18T08:38:05.135+0000][24612][safepoint    ] Safepoint "Cleanup", Time since last: 2001171300 ns, Reaching safepoint: 347200 ns, At safepoint: 20300 ns, Total: 367500 ns
[2021-03-18T08:38:06.136+0000][24612][safepoint    ] Safepoint "Cleanup", Time since last: 1000462100 ns, Reaching safepoint: 128400 ns, At safepoint: 3200 ns, Total: 131600 ns
[2021-03-18T08:38:07.137+0000][24612][safepoint    ] Safepoint "Cleanup", Time since last: 1000412500 ns, Reaching safepoint: 205000 ns, At safepoint: 9500 ns, Total: 214500 ns
[2021-03-18T08:38:08.138+0000][24612][safepoint    ] Safepoint "Cleanup", Time since last: 1000743600 ns, Reaching safepoint: 157400 ns, At safepoint: 6100 ns, Total: 163500 ns
[2021-03-18T08:38:09.138+0000][24612][safepoint    ] Safepoint "Cleanup", Time since last: 1000263900 ns, Reaching safepoint: 153700 ns, At safepoint: 6600 ns, Total: 160300 ns
[2021-03-18T08:38:10.139+0000][24612][safepoint    ] Safepoint "Cleanup", Time since last: 1000702900 ns, Reaching safepoint: 197300 ns, At safepoint: 15100 ns, Total: 212400 ns
[2021-03-18T08:38:12.140+0000][24612][safepoint    ] Safepoint "Cleanup", Time since last: 2000622500 ns, Reaching safepoint: 142700 ns, At safepoint: 6400 ns, Total: 149100 ns
[2021-03-18T08:38:14.140+0000][24612][safepoint    ] Safepoint "Cleanup", Time since last: 2000340400 ns, Reaching safepoint: 123500 ns, At safepoint: 17000 ns, Total: 140500 ns
[2021-03-18T08:38:15.141+0000][24612][safepoint    ] Safepoint "Cleanup", Time since last: 1000328400 ns, Reaching safepoint: 140900 ns, At safepoint: 45900 ns, Total: 186800 ns
[2021-03-18T08:38:16.141+0000][24612][safepoint    ] Safepoint "Cleanup", Time since last: 1000423300 ns, Reaching safepoint: 125000 ns, At safepoint: 14400 ns, Total: 139400 ns
[2021-03-18T08:38:17.142+0000][24612][safepoint    ] Safepoint "Cleanup", Time since last: 1000377000 ns, Reaching safepoint: 212300 ns, At safepoint: 43700 ns, Total: 256000 ns
[2021-03-18T08:38:18.143+0000][24612][safepoint    ] Safepoint "Cleanup", Time since last: 1000847100 ns, Reaching safepoint: 422400 ns, At safepoint: 133200 ns, Total: 555600 ns
[2021-03-18T08:38:19.144+0000][24612][safepoint    ] Safepoint "Cleanup", Time since last: 1000238200 ns, Reaching safepoint: 107200 ns, At safepoint: 13300 ns, Total: 120500 ns
[2021-03-18T08:38:20.145+0000][24612][safepoint    ] Safepoint "Cleanup", Time since last: 1001063900 ns, Reaching safepoint: 138800 ns, At safepoint: 81700 ns, Total: 220500 ns
[2021-03-18T08:38:21.145+0000][24612][safepoint    ] Safepoint "Cleanup", Time since last: 1000111400 ns, Reaching safepoint: 207700 ns, At safepoint: 23600 ns, Total: 231300 ns
[2021-03-18T08:38:23.146+0000][24612][safepoint    ] Safepoint "Cleanup", Time since last: 2000660000 ns, Reaching safepoint: 188800 ns, At safepoint: 9900 ns, Total: 198700 ns
[2021-03-18T08:38:24.146+0000][24612][safepoint    ] Safepoint "Cleanup", Time since last: 1000027100 ns, Reaching safepoint: 119500 ns, At safepoint: 7000 ns, Total: 126500 ns
[2021-03-18T08:38:25.147+0000][24612][safepoint    ] Safepoint "Cleanup", Time since last: 1000281600 ns, Reaching safepoint: 193800 ns, At safepoint: 5500 ns, Total: 199300 ns
[2021-03-18T08:38:26.147+0000][24612][safepoint    ] Safepoint "Cleanup", Time since last: 1000658700 ns, Reaching safepoint: 185600 ns, At safepoint: 8900 ns, Total: 194500 ns
[2021-03-18T08:38:27.148+0000][24612][safepoint    ] Safepoint "Cleanup", Time since last: 1000332100 ns, Reaching safepoint: 231100 ns, At safepoint: 12000 ns, Total: 243100 ns
[2021-03-18T08:38:28.149+0000][24612][safepoint    ] Safepoint "Cleanup", Time since last: 1000626800 ns, Reaching safepoint: 97700 ns, At safepoint: 4400 ns, Total: 102100 ns
[2021-03-18T08:38:29.149+0000][24612][safepoint    ] Safepoint "Cleanup", Time since last: 1000091700 ns, Reaching safepoint: 120600 ns, At safepoint: 7500 ns, Total: 128100 ns
[2021-03-18T08:38:31.150+0000][24612][safepoint    ] Safepoint "Cleanup", Time since last: 2000599400 ns, Reaching safepoint: 99300 ns, At safepoint: 8500 ns, Total: 107800 ns
[2021-03-18T08:38:32.150+0000][24612][safepoint    ] Safepoint "Cleanup", Time since last: 1000755100 ns, Reaching safepoint: 224500 ns, At safepoint: 13400 ns, Total: 237900 ns
[2021-03-18T08:38:34.151+0000][24612][safepoint    ] Safepoint "Cleanup", Time since last: 2000606200 ns, Reaching safepoint: 155500 ns, At safepoint: 9800 ns, Total: 165300 ns
[2021-03-18T08:38:35.152+0000][24612][safepoint    ] Safepoint "Cleanup", Time since last: 1000544700 ns, Reaching safepoint: 195200 ns, At safepoint: 11200 ns, Total: 206400 ns
[2021-03-18T08:38:36.152+0000][24612][safepoint    ] Safepoint "Cleanup", Time since last: 1000005400 ns, Reaching safepoint: 145100 ns, At safepoint: 52100 ns, Total: 197200 ns
[2021-03-18T08:38:37.153+0000][24612][safepoint    ] Safepoint "Cleanup", Time since last: 1000537200 ns, Reaching safepoint: 166000 ns, At safepoint: 57200 ns, Total: 223200 ns
[2021-03-18T08:38:38.154+0000][24612][safepoint    ] Safepoint "Cleanup", Time since last: 1000738400 ns, Reaching safepoint: 140900 ns, At safepoint: 69100 ns, Total: 210000 ns
[2021-03-18T08:38:39.154+0000][24612][safepoint    ] Safepoint "Cleanup", Time since last: 1000214200 ns, Reaching safepoint: 161500 ns, At safepoint: 60400 ns, Total: 221900 ns
[2021-03-18T08:38:40.155+0000][24612][safepoint    ] Safepoint "Cleanup", Time since last: 1000695400 ns, Reaching safepoint: 498000 ns, At safepoint: 31600 ns, Total: 529600 ns
[2021-03-18T08:38:41.156+0000][24612][safepoint    ] Safepoint "Cleanup", Time since last: 1000443700 ns, Reaching safepoint: 114700 ns, At safepoint: 4500 ns, Total: 119200 ns
[2021-03-18T08:38:42.156+0000][24612][safepoint    ] Safepoint "Cleanup", Time since last: 1000068500 ns, Reaching safepoint: 132900 ns, At safepoint: 6300 ns, Total: 139200 ns
[2021-03-18T08:38:43.157+0000][24612][safepoint    ] Safepoint "Cleanup", Time since last: 1000310900 ns, Reaching safepoint: 130300 ns, At safepoint: 9100 ns, Total: 139400 ns
[2021-03-18T08:38:44.158+0000][24612][safepoint    ] Safepoint "Cleanup", Time since last: 1000549000 ns, Reaching safepoint: 124800 ns, At safepoint: 7300 ns, Total: 132100 ns
[2021-03-18T08:38:45.158+0000][24612][safepoint    ] Safepoint "Cleanup", Time since last: 1000161500 ns, Reaching safepoint: 124500 ns, At safepoint: 3700 ns, Total: 128200 ns
[2021-03-18T08:38:46.159+0000][24612][safepoint    ] Safepoint "Cleanup", Time since last: 1000621600 ns, Reaching safepoint: 166300 ns, At safepoint: 52500 ns, Total: 218800 ns
[2021-03-18T08:38:47.159+0000][24612][safepoint    ] Safepoint "Cleanup", Time since last: 1000278500 ns, Reaching safepoint: 231800 ns, At safepoint: 11500 ns, Total: 243300 ns
[2021-03-18T08:38:48.160+0000][24612][safepoint    ] Safepoint "Cleanup", Time since last: 1000329600 ns, Reaching safepoint: 116800 ns, At safepoint: 3200 ns, Total: 120000 ns
[2021-03-18T08:38:49.160+0000][24612][safepoint    ] Safepoint "Cleanup", Time since last: 1000121200 ns, Reaching safepoint: 116200 ns, At safepoint: 4900 ns, Total: 121100 ns
[2021-03-18T08:38:50.160+0000][24612][safepoint    ] Safepoint "Cleanup", Time since last: 1000416800 ns, Reaching safepoint: 236700 ns, At safepoint: 8700 ns, Total: 245400 ns
[2021-03-18T08:38:51.161+0000][24612][safepoint    ] Safepoint "Cleanup", Time since last: 1000356500 ns, Reaching safepoint: 162300 ns, At safepoint: 6400 ns, Total: 168700 ns
[2021-03-18T08:38:52.162+0000][24612][safepoint    ] Safepoint "Cleanup", Time since last: 1000593200 ns, Reaching safepoint: 90000 ns, At safepoint: 2300 ns, Total: 92300 ns
[2021-03-18T08:38:53.163+0000][24612][safepoint    ] Safepoint "Cleanup", Time since last: 1000873300 ns, Reaching safepoint: 135400 ns, At safepoint: 6400 ns, Total: 141800 ns
[2021-03-18T08:38:54.163+0000][24612][safepoint    ] Safepoint "Cleanup", Time since last: 1000612500 ns, Reaching safepoint: 318500 ns, At safepoint: 15700 ns, Total: 334200 ns
[2021-03-18T08:38:55.164+0000][24612][safepoint    ] Safepoint "Cleanup", Time since last: 1000005600 ns, Reaching safepoint: 115300 ns, At safepoint: 3900 ns, Total: 119200 ns
[2021-03-18T08:38:56.165+0000][24612][safepoint    ] Safepoint "Cleanup", Time since last: 1000898300 ns, Reaching safepoint: 510500 ns, At safepoint: 31200 ns, Total: 541700 ns
[2021-03-18T08:38:57.166+0000][24612][safepoint    ] Safepoint "Cleanup", Time since last: 1000322800 ns, Reaching safepoint: 120400 ns, At safepoint: 9400 ns, Total: 129800 ns
[2021-03-18T08:38:58.166+0000][24612][safepoint    ] Safepoint "Cleanup", Time since last: 1000287000 ns, Reaching safepoint: 119800 ns, At safepoint: 7300 ns, Total: 127100 ns
[2021-03-18T08:38:59.166+0000][24612][safepoint    ] Safepoint "Cleanup", Time since last: 1000088000 ns, Reaching safepoint: 202700 ns, At safepoint: 5800 ns, Total: 208500 ns
[2021-03-18T08:39:00.167+0000][24612][safepoint    ] Safepoint "Cleanup", Time since last: 1000200700 ns, Reaching safepoint: 223400 ns, At safepoint: 18300 ns, Total: 241700 ns
[2021-03-18T08:39:02.167+0000][24612][safepoint    ] Safepoint "Cleanup", Time since last: 2000192000 ns, Reaching safepoint: 116900 ns, At safepoint: 6700 ns, Total: 123600 ns
[2021-03-18T08:39:03.168+0000][24612][safepoint    ] Safepoint "Cleanup", Time since last: 1000723100 ns, Reaching safepoint: 112100 ns, At safepoint: 6000 ns, Total: 118100 ns
[2021-03-18T08:39:04.169+0000][24612][safepoint    ] Safepoint "Cleanup", Time since last: 1000796900 ns, Reaching safepoint: 146300 ns, At safepoint: 5700 ns, Total: 152000 ns
[2021-03-18T08:39:05.169+0000][24612][safepoint    ] Safepoint "Cleanup", Time since last: 1000155900 ns, Reaching safepoint: 121500 ns, At safepoint: 6100 ns, Total: 127600 ns
[2021-03-18T08:39:06.169+0000][24612][safepoint    ] Safepoint "Cleanup", Time since last: 1000018400 ns, Reaching safepoint: 311700 ns, At safepoint: 18700 ns, Total: 330400 ns
[2021-03-18T08:39:07.170+0000][24612][safepoint    ] Safepoint "Cleanup", Time since last: 1000149500 ns, Reaching safepoint: 161600 ns, At safepoint: 13100 ns, Total: 174700 ns
[2021-03-18T08:39:09.170+0000][24612][safepoint    ] Safepoint "Cleanup", Time since last: 2000384900 ns, Reaching safepoint: 124100 ns, At safepoint: 53700 ns, Total: 177800 ns
[2021-03-18T08:39:10.171+0000][24612][safepoint    ] Safepoint "Cleanup", Time since last: 1000458700 ns, Reaching safepoint: 418800 ns, At safepoint: 24200 ns, Total: 443000 ns
[2021-03-18T08:39:12.171+0000][24612][safepoint    ] Safepoint "Cleanup", Time since last: 2000004800 ns, Reaching safepoint: 306100 ns, At safepoint: 17900 ns, Total: 324000 ns
[2021-03-18T08:39:14.172+0000][24612][safepoint    ] Safepoint "Cleanup", Time since last: 2000649100 ns, Reaching safepoint: 202500 ns, At safepoint: 6300 ns, Total: 208800 ns
[2021-03-18T08:39:15.173+0000][24612][safepoint    ] Safepoint "Cleanup", Time since last: 1000512000 ns, Reaching safepoint: 357700 ns, At safepoint: 17200 ns, Total: 374900 ns
[2021-03-18T08:39:17.173+0000][24612][safepoint    ] Safepoint "Cleanup", Time since last: 1999895900 ns, Reaching safepoint: 326500 ns, At safepoint: 17800 ns, Total: 344300 ns
[2021-03-18T08:39:19.174+0000][24612][safepoint    ] Safepoint "Cleanup", Time since last: 2000911800 ns, Reaching safepoint: 114400 ns, At safepoint: 4900 ns, Total: 119300 ns
[2021-03-18T08:39:20.175+0000][24612][safepoint    ] Safepoint "Cleanup", Time since last: 1000028300 ns, Reaching safepoint: 137500 ns, At safepoint: 3400 ns, Total: 140900 ns
[2021-03-18T08:39:21.175+0000][24612][safepoint    ] Safepoint "Cleanup", Time since last: 1000639800 ns, Reaching safepoint: 172700 ns, At safepoint: 9400 ns, Total: 182100 ns
[2021-03-18T08:39:22.176+0000][24612][safepoint    ] Safepoint "Cleanup", Time since last: 1000508500 ns, Reaching safepoint: 185800 ns, At safepoint: 5800 ns, Total: 191600 ns
[2021-03-18T08:39:23.177+0000][24612][safepoint    ] Safepoint "Cleanup", Time since last: 1000424400 ns, Reaching safepoint: 116700 ns, At safepoint: 3200 ns, Total: 119900 ns
[2021-03-18T08:39:24.726+0000][24612][safepoint    ] Safepoint "Cleanup", Time since last: 1549325100 ns, Reaching safepoint: 164500 ns, At safepoint: 28000 ns, Total: 192500 ns
[2021-03-18T08:39:26.727+0000][24612][safepoint    ] Safepoint "Cleanup", Time since last: 2000219900 ns, Reaching safepoint: 169400 ns, At safepoint: 9300 ns, Total: 178700 ns
[2021-03-18T08:39:28.116+0000][24612][safepoint    ] Safepoint "Cleanup", Time since last: 1388784300 ns, Reaching safepoint: 176700 ns, At safepoint: 23300 ns, Total: 200000 ns
[2021-03-18T08:39:30.116+0000][24612][safepoint    ] Safepoint "Cleanup", Time since last: 2000752100 ns, Reaching safepoint: 161100 ns, At safepoint: 34500 ns, Total: 195600 ns
[2021-03-18T08:39:31.117+0000][24612][safepoint    ] Safepoint "Cleanup", Time since last: 1000174000 ns, Reaching safepoint: 114500 ns, At safepoint: 64200 ns, Total: 178700 ns
[2021-03-18T08:39:32.117+0000][24612][safepoint    ] Safepoint "Cleanup", Time since last: 1000271400 ns, Reaching safepoint: 123600 ns, At safepoint: 5400 ns, Total: 129000 ns
[2021-03-18T08:39:33.118+0000][24612][safepoint    ] Safepoint "Cleanup", Time since last: 1000219100 ns, Reaching safepoint: 117900 ns, At safepoint: 51800 ns, Total: 169700 ns
[2021-03-18T08:39:34.119+0000][24612][safepoint    ] Safepoint "Cleanup", Time since last: 1000729000 ns, Reaching safepoint: 141100 ns, At safepoint: 17100 ns, Total: 158200 ns
[2021-03-18T08:39:35.119+0000][24612][safepoint    ] Safepoint "Cleanup", Time since last: 1000048900 ns, Reaching safepoint: 140400 ns, At safepoint: 26400 ns, Total: 166800 ns
[2021-03-18T08:39:36.119+0000][24612][safepoint    ] Safepoint "Cleanup", Time since last: 1000168000 ns, Reaching safepoint: 117200 ns, At safepoint: 8100 ns, Total: 125300 ns
[2021-03-18T08:39:37.119+0000][24612][safepoint    ] Safepoint "Cleanup", Time since last: 1000005100 ns, Reaching safepoint: 150800 ns, At safepoint: 10400 ns, Total: 161200 ns
[2021-03-18T08:39:38.120+0000][24612][safepoint    ] Safepoint "Cleanup", Time since last: 1000494800 ns, Reaching safepoint: 99500 ns, At safepoint: 7400 ns, Total: 106900 ns
[2021-03-18T08:39:39.120+0000][24612][safepoint    ] Safepoint "Cleanup", Time since last: 1000006500 ns, Reaching safepoint: 97500 ns, At safepoint: 7100 ns, Total: 104600 ns
[2021-03-18T08:39:40.121+0000][24612][safepoint    ] Safepoint "Cleanup", Time since last: 1000486300 ns, Reaching safepoint: 103600 ns, At safepoint: 7900 ns, Total: 111500 ns
[2021-03-18T08:39:42.121+0000][24612][safepoint    ] Safepoint "Cleanup", Time since last: 1999935500 ns, Reaching safepoint: 105600 ns, At safepoint: 8200 ns, Total: 113800 ns
[2021-03-18T08:39:43.121+0000][24612][safepoint    ] Safepoint "Cleanup", Time since last: 1000464800 ns, Reaching safepoint: 107900 ns, At safepoint: 8200 ns, Total: 116100 ns
[2021-03-18T08:39:45.122+0000][24612][safepoint    ] Safepoint "Cleanup", Time since last: 2000570000 ns, Reaching safepoint: 108200 ns, At safepoint: 8200 ns, Total: 116400 ns
[2021-03-18T08:39:47.122+0000][24612][safepoint    ] Safepoint "Cleanup", Time since last: 1999986100 ns, Reaching safepoint: 110000 ns, At safepoint: 8700 ns, Total: 118700 ns
[2021-03-18T08:39:48.122+0000][24612][safepoint    ] Safepoint "Cleanup", Time since last: 1000519200 ns, Reaching safepoint: 132700 ns, At safepoint: 4900 ns, Total: 137600 ns
[2021-03-18T08:39:49.123+0000][24612][safepoint    ] Safepoint "Cleanup", Time since last: 1000196800 ns, Reaching safepoint: 100300 ns, At safepoint: 2700 ns, Total: 103000 ns
[2021-03-18T08:39:51.123+0000][24612][safepoint    ] Safepoint "Cleanup", Time since last: 2000031300 ns, Reaching safepoint: 147200 ns, At safepoint: 6000 ns, Total: 153200 ns
[2021-03-18T08:39:52.124+0000][24612][safepoint    ] Safepoint "Cleanup", Time since last: 1000422900 ns, Reaching safepoint: 156000 ns, At safepoint: 8600 ns, Total: 164600 ns
[2021-03-18T08:39:53.124+0000][24612][safepoint    ] Safepoint "Cleanup", Time since last: 1000435100 ns, Reaching safepoint: 170500 ns, At safepoint: 9300 ns, Total: 179800 ns
[2021-03-18T08:39:54.125+0000][24612][safepoint    ] Safepoint "Cleanup", Time since last: 1000381600 ns, Reaching safepoint: 133400 ns, At safepoint: 3500 ns, Total: 136900 ns
[2021-03-18T08:39:56.126+0000][24612][safepoint    ] Safepoint "Cleanup", Time since last: 2000744100 ns, Reaching safepoint: 708700 ns, At safepoint: 24500 ns, Total: 733200 ns
[2021-03-18T08:39:58.126+0000][24612][safepoint    ] Safepoint "Cleanup", Time since last: 1999579500 ns, Reaching safepoint: 136400 ns, At safepoint: 18800 ns, Total: 155200 ns
[2021-03-18T08:39:59.126+0000][24612][safepoint    ] Safepoint "Cleanup", Time since last: 1000299200 ns, Reaching safepoint: 137300 ns, At safepoint: 4300 ns, Total: 141600 ns
[2021-03-18T08:40:00.127+0000][24612][safepoint    ] Safepoint "Cleanup", Time since last: 1000586900 ns, Reaching safepoint: 109300 ns, At safepoint: 3500 ns, Total: 112800 ns
[2021-03-18T08:40:01.128+0000][24612][safepoint    ] Safepoint "Cleanup", Time since last: 1000435000 ns, Reaching safepoint: 137100 ns, At safepoint: 8300 ns, Total: 145400 ns
[2021-03-18T08:40:02.128+0000][24612][safepoint    ] Safepoint "Cleanup", Time since last: 1000025600 ns, Reaching safepoint: 105600 ns, At safepoint: 4600 ns, Total: 110200 ns
[2021-03-18T08:40:03.129+0000][24612][safepoint    ] Safepoint "Cleanup", Time since last: 1000837600 ns, Reaching safepoint: 122000 ns, At safepoint: 3100 ns, Total: 125100 ns
[2021-03-18T08:40:04.129+0000][24612][safepoint    ] Safepoint "Cleanup", Time since last: 1000281400 ns, Reaching safepoint: 91600 ns, At safepoint: 2600 ns, Total: 94200 ns
[2021-03-18T08:40:06.129+0000][24612][safepoint    ] Safepoint "Cleanup", Time since last: 2000040400 ns, Reaching safepoint: 106200 ns, At safepoint: 73000 ns, Total: 179200 ns
[2021-03-18T08:40:08.130+0000][24612][safepoint    ] Safepoint "Cleanup", Time since last: 2000319000 ns, Reaching safepoint: 115700 ns, At safepoint: 21700 ns, Total: 137400 ns
[2021-03-18T08:40:10.130+0000][24612][safepoint    ] Safepoint "Cleanup", Time since last: 2000563400 ns, Reaching safepoint: 110500 ns, At safepoint: 22400 ns, Total: 132900 ns
[2021-03-18T08:40:12.131+0000][24612][safepoint    ] Safepoint "Cleanup", Time since last: 2000561500 ns, Reaching safepoint: 138600 ns, At safepoint: 6700 ns, Total: 145300 ns
[2021-03-18T08:40:14.132+0000][24612][safepoint    ] Safepoint "Cleanup", Time since last: 2000757200 ns, Reaching safepoint: 109200 ns, At safepoint: 55000 ns, Total: 164200 ns
[2021-03-18T08:40:15.133+0000][24612][safepoint    ] Safepoint "Cleanup", Time since last: 1000450700 ns, Reaching safepoint: 121700 ns, At safepoint: 6000 ns, Total: 127700 ns
[2021-03-18T08:40:16.133+0000][24612][safepoint    ] Safepoint "Cleanup", Time since last: 1000029900 ns, Reaching safepoint: 140800 ns, At safepoint: 55200 ns, Total: 196000 ns
[2021-03-18T08:40:17.133+0000][24612][safepoint    ] Safepoint "Cleanup", Time since last: 1000265200 ns, Reaching safepoint: 146900 ns, At safepoint: 25200 ns, Total: 172100 ns
[2021-03-18T08:40:18.134+0000][24612][safepoint    ] Safepoint "Cleanup", Time since last: 1000286300 ns, Reaching safepoint: 145000 ns, At safepoint: 3900 ns, Total: 148900 ns
[2021-03-18T08:40:19.134+0000][24612][safepoint    ] Safepoint "Cleanup", Time since last: 1000427000 ns, Reaching safepoint: 85600 ns, At safepoint: 16100 ns, Total: 101700 ns
[2021-03-18T08:40:20.135+0000][24612][safepoint    ] Safepoint "Cleanup", Time since last: 1000703000 ns, Reaching safepoint: 210800 ns, At safepoint: 36900 ns, Total: 247700 ns
[2021-03-18T08:40:21.136+0000][24612][safepoint    ] Safepoint "Cleanup", Time since last: 1000470700 ns, Reaching safepoint: 146600 ns, At safepoint: 24100 ns, Total: 170700 ns
[2021-03-18T08:40:22.136+0000][24612][safepoint    ] Safepoint "Cleanup", Time since last: 1000598300 ns, Reaching safepoint: 213900 ns, At safepoint: 22500 ns, Total: 236400 ns
[2021-03-18T08:40:23.137+0000][24612][safepoint    ] Safepoint "Cleanup", Time since last: 1000168800 ns, Reaching safepoint: 131100 ns, At safepoint: 59200 ns, Total: 190300 ns
[2021-03-18T08:40:24.138+0000][24612][safepoint    ] Safepoint "Cleanup", Time since last: 1000553600 ns, Reaching safepoint: 111200 ns, At safepoint: 51800 ns, Total: 163000 ns
[2021-03-18T08:40:25.138+0000][24612][safepoint    ] Safepoint "Cleanup", Time since last: 1000484200 ns, Reaching safepoint: 139000 ns, At safepoint: 53800 ns, Total: 192800 ns
[2021-03-18T08:40:26.139+0000][24612][safepoint    ] Safepoint "Cleanup", Time since last: 1000967200 ns, Reaching safepoint: 357300 ns, At safepoint: 119400 ns, Total: 476700 ns
[2021-03-18T08:40:28.126+0000][24612][safepoint    ] Safepoint "Cleanup", Time since last: 1985758900 ns, Reaching safepoint: 180600 ns, At safepoint: 7200 ns, Total: 187800 ns
[2021-03-18T08:40:30.126+0000][24612][safepoint    ] Safepoint "Cleanup", Time since last: 2000455100 ns, Reaching safepoint: 137700 ns, At safepoint: 17900 ns, Total: 155600 ns
[2021-03-18T08:40:31.126+0000][24612][safepoint    ] Safepoint "Cleanup", Time since last: 1000067000 ns, Reaching safepoint: 191500 ns, At safepoint: 10700 ns, Total: 202200 ns
[2021-03-18T08:40:33.127+0000][24612][safepoint    ] Safepoint "Cleanup", Time since last: 2000243700 ns, Reaching safepoint: 164500 ns, At safepoint: 32400 ns, Total: 196900 ns
[2021-03-18T08:40:34.128+0000][24612][safepoint    ] Safepoint "Cleanup", Time since last: 1000738000 ns, Reaching safepoint: 118200 ns, At safepoint: 16500 ns, Total: 134700 ns
[2021-03-18T08:40:36.128+0000][24612][safepoint    ] Safepoint "Cleanup", Time since last: 2000027600 ns, Reaching safepoint: 278400 ns, At safepoint: 35800 ns, Total: 314200 ns
[2021-03-18T08:40:37.129+0000][24612][safepoint    ] Safepoint "Cleanup", Time since last: 1000195100 ns, Reaching safepoint: 1055300 ns, At safepoint: 23700 ns, Total: 1079000 ns
[2021-03-18T08:40:38.130+0000][24612][safepoint    ] Safepoint "Cleanup", Time since last: 1000461500 ns, Reaching safepoint: 231300 ns, At safepoint: 22900 ns, Total: 254200 ns
[2021-03-18T08:40:39.130+0000][24612][safepoint    ] Safepoint "Cleanup", Time since last: 1000271800 ns, Reaching safepoint: 191700 ns, At safepoint: 38000 ns, Total: 229700 ns
[2021-03-18T08:40:40.131+0000][24612][safepoint    ] Safepoint "Cleanup", Time since last: 1000421900 ns, Reaching safepoint: 108200 ns, At safepoint: 16600 ns, Total: 124800 ns
[2021-03-18T08:40:41.132+0000][24612][safepoint    ] Safepoint "Cleanup", Time since last: 1000637400 ns, Reaching safepoint: 150200 ns, At safepoint: 25500 ns, Total: 175700 ns
[2021-03-18T08:40:42.132+0000][24612][safepoint    ] Safepoint "Cleanup", Time since last: 1000114900 ns, Reaching safepoint: 119800 ns, At safepoint: 56300 ns, Total: 176100 ns
[2021-03-18T08:40:43.133+0000][24612][safepoint    ] Safepoint "Cleanup", Time since last: 1000302600 ns, Reaching safepoint: 130800 ns, At safepoint: 62600 ns, Total: 193400 ns
[2021-03-18T08:40:44.133+0000][24612][safepoint    ] Safepoint "Cleanup", Time since last: 1000238400 ns, Reaching safepoint: 162400 ns, At safepoint: 18700 ns, Total: 181100 ns
[2021-03-18T08:40:45.134+0000][24612][safepoint    ] Safepoint "Cleanup", Time since last: 1000604300 ns, Reaching safepoint: 125600 ns, At safepoint: 23400 ns, Total: 149000 ns
[2021-03-18T08:40:46.134+0000][24612][safepoint    ] Safepoint "Cleanup", Time since last: 1000027100 ns, Reaching safepoint: 113300 ns, At safepoint: 16700 ns, Total: 130000 ns
[2021-03-18T08:40:48.137+0000][24612][safepoint    ] Safepoint "Cleanup", Time since last: 2000091800 ns, Reaching safepoint: 3151200 ns, At safepoint: 19300 ns, Total: 3170500 ns
[2021-03-18T08:40:50.137+0000][24612][safepoint    ] Safepoint "Cleanup", Time since last: 1999988900 ns, Reaching safepoint: 116300 ns, At safepoint: 20100 ns, Total: 136400 ns
[2021-03-18T08:40:52.138+0000][24612][safepoint    ] Safepoint "Cleanup", Time since last: 1999958100 ns, Reaching safepoint: 1077000 ns, At safepoint: 33100 ns, Total: 1110100 ns
[2021-03-18T08:40:54.139+0000][24612][safepoint    ] Safepoint "Cleanup", Time since last: 2000087200 ns, Reaching safepoint: 164900 ns, At safepoint: 23000 ns, Total: 187900 ns
[2021-03-18T08:40:56.139+0000][24612][safepoint    ] Safepoint "Cleanup", Time since last: 2000489500 ns, Reaching safepoint: 103800 ns, At safepoint: 16700 ns, Total: 120500 ns
[2021-03-18T08:40:57.140+0000][24612][safepoint    ] Safepoint "Cleanup", Time since last: 1000458400 ns, Reaching safepoint: 183900 ns, At safepoint: 56100 ns, Total: 240000 ns
[2021-03-18T08:40:58.140+0000][24612][safepoint    ] Safepoint "Cleanup", Time since last: 1000164700 ns, Reaching safepoint: 145700 ns, At safepoint: 32500 ns, Total: 178200 ns
[2021-03-18T08:40:59.141+0000][24612][safepoint    ] Safepoint "Cleanup", Time since last: 1000421700 ns, Reaching safepoint: 126700 ns, At safepoint: 5400 ns, Total: 132100 ns
[2021-03-18T08:41:00.142+0000][24612][safepoint    ] Safepoint "Cleanup", Time since last: 1000818200 ns, Reaching safepoint: 145200 ns, At safepoint: 57300 ns, Total: 202500 ns
[2021-03-18T08:41:01.142+0000][24612][safepoint    ] Safepoint "Cleanup", Time since last: 1000017100 ns, Reaching safepoint: 193100 ns, At safepoint: 62400 ns, Total: 255500 ns
[2021-03-18T08:41:02.143+0000][24612][safepoint    ] Safepoint "Cleanup", Time since last: 1000401500 ns, Reaching safepoint: 124900 ns, At safepoint: 4900 ns, Total: 129800 ns
[2021-03-18T08:41:03.144+0000][24612][safepoint    ] Safepoint "Cleanup", Time since last: 1000864500 ns, Reaching safepoint: 173200 ns, At safepoint: 62300 ns, Total: 235500 ns
[2021-03-18T08:41:04.145+0000][24612][safepoint    ] Safepoint "Cleanup", Time since last: 1001039300 ns, Reaching safepoint: 159900 ns, At safepoint: 4000 ns, Total: 163900 ns
[2021-03-18T08:41:05.145+0000][24612][safepoint    ] Safepoint "Cleanup", Time since last: 1000190800 ns, Reaching safepoint: 316800 ns, At safepoint: 16600 ns, Total: 333400 ns
[2021-03-18T08:41:06.146+0000][24612][safepoint    ] Safepoint "Cleanup", Time since last: 1000455100 ns, Reaching safepoint: 174000 ns, At safepoint: 4800 ns, Total: 178800 ns
[2021-03-18T08:41:07.146+0000][24612][safepoint    ] Safepoint "Cleanup", Time since last: 1000215400 ns, Reaching safepoint: 391100 ns, At safepoint: 86400 ns, Total: 477500 ns
[2021-03-18T08:41:09.147+0000][24612][safepoint    ] Safepoint "Cleanup", Time since last: 2000129900 ns, Reaching safepoint: 141200 ns, At safepoint: 5000 ns, Total: 146200 ns
[2021-03-18T08:41:10.147+0000][24612][safepoint    ] Safepoint "Cleanup", Time since last: 1000011700 ns, Reaching safepoint: 238300 ns, At safepoint: 25900 ns, Total: 264200 ns
[2021-03-18T08:41:11.148+0000][24612][safepoint    ] Safepoint "Cleanup", Time since last: 1000388700 ns, Reaching safepoint: 112800 ns, At safepoint: 18800 ns, Total: 131600 ns
[2021-03-18T08:41:13.148+0000][24612][safepoint    ] Safepoint "Cleanup", Time since last: 2000428400 ns, Reaching safepoint: 128900 ns, At safepoint: 19100 ns, Total: 148000 ns
[2021-03-18T08:41:14.149+0000][24612][safepoint    ] Safepoint "Cleanup", Time since last: 1000001900 ns, Reaching safepoint: 103300 ns, At safepoint: 33700 ns, Total: 137000 ns
[2021-03-18T08:41:15.150+0000][24612][safepoint    ] Safepoint "Cleanup", Time since last: 1000845700 ns, Reaching safepoint: 89900 ns, At safepoint: 16300 ns, Total: 106200 ns
[2021-03-18T08:41:16.150+0000][24612][safepoint    ] Safepoint "Cleanup", Time since last: 1000267700 ns, Reaching safepoint: 155000 ns, At safepoint: 64800 ns, Total: 219800 ns
[2021-03-18T08:41:18.151+0000][24612][safepoint    ] Safepoint "Cleanup", Time since last: 2000465400 ns, Reaching safepoint: 122600 ns, At safepoint: 21200 ns, Total: 143800 ns
[2021-03-18T08:41:19.151+0000][24612][safepoint    ] Safepoint "Cleanup", Time since last: 1000040000 ns, Reaching safepoint: 328300 ns, At safepoint: 18600 ns, Total: 346900 ns
[2021-03-18T08:41:20.151+0000][24612][safepoint    ] Safepoint "Cleanup", Time since last: 1000348400 ns, Reaching safepoint: 163200 ns, At safepoint: 23800 ns, Total: 187000 ns
[2021-03-18T08:41:21.152+0000][24612][safepoint    ] Safepoint "Cleanup", Time since last: 1000405000 ns, Reaching safepoint: 151100 ns, At safepoint: 24100 ns, Total: 175200 ns
[2021-03-18T08:41:22.153+0000][24612][safepoint    ] Safepoint "Cleanup", Time since last: 1000326200 ns, Reaching safepoint: 122400 ns, At safepoint: 23800 ns, Total: 146200 ns
[2021-03-18T08:41:23.153+0000][24612][safepoint    ] Safepoint "Cleanup", Time since last: 1000370300 ns, Reaching safepoint: 142600 ns, At safepoint: 21800 ns, Total: 164400 ns
[2021-03-18T08:41:25.155+0000][24612][safepoint    ] Safepoint "Cleanup", Time since last: 2000631700 ns, Reaching safepoint: 1087800 ns, At safepoint: 21800 ns, Total: 1109600 ns
[2021-03-18T08:41:26.155+0000][24612][safepoint    ] Safepoint "Cleanup", Time since last: 1000437700 ns, Reaching safepoint: 129900 ns, At safepoint: 21100 ns, Total: 151000 ns
[2021-03-18T08:41:28.135+0000][24612][safepoint    ] Safepoint "Cleanup", Time since last: 1978952200 ns, Reaching safepoint: 1102400 ns, At safepoint: 27400 ns, Total: 1129800 ns
[2021-03-18T08:41:29.136+0000][24612][safepoint    ] Safepoint "Cleanup", Time since last: 1000667700 ns, Reaching safepoint: 386500 ns, At safepoint: 149100 ns, Total: 535600 ns
[2021-03-18T08:41:30.137+0000][24612][safepoint    ] Safepoint "Cleanup", Time since last: 1000325200 ns, Reaching safepoint: 205500 ns, At safepoint: 75200 ns, Total: 280700 ns
[2021-03-18T08:41:31.137+0000][24612][safepoint    ] Safepoint "Cleanup", Time since last: 1000024700 ns, Reaching safepoint: 170700 ns, At safepoint: 63500 ns, Total: 234200 ns
[2021-03-18T08:41:32.138+0000][24612][safepoint    ] Safepoint "Cleanup", Time since last: 1000292800 ns, Reaching safepoint: 471600 ns, At safepoint: 139400 ns, Total: 611000 ns
[2021-03-18T08:41:33.139+0000][24612][safepoint    ] Safepoint "Cleanup", Time since last: 1000427600 ns, Reaching safepoint: 326800 ns, At safepoint: 69900 ns, Total: 396700 ns
[2021-03-18T08:41:34.139+0000][24612][safepoint    ] Safepoint "Cleanup", Time since last: 1000163600 ns, Reaching safepoint: 385500 ns, At safepoint: 133700 ns, Total: 519200 ns
[2021-03-18T08:41:36.141+0000][24612][safepoint    ] Safepoint "Cleanup", Time since last: 2000586300 ns, Reaching safepoint: 517900 ns, At safepoint: 151700 ns, Total: 669600 ns
[2021-03-18T08:41:37.142+0000][24612][safepoint    ] Safepoint "Cleanup", Time since last: 1000342800 ns, Reaching safepoint: 524800 ns, At safepoint: 140900 ns, Total: 665700 ns
[2021-03-18T08:41:38.143+0000][24612][safepoint    ] Safepoint "Cleanup", Time since last: 1000376500 ns, Reaching safepoint: 533900 ns, At safepoint: 149000 ns, Total: 682900 ns
[2021-03-18T08:41:39.145+0000][24612][safepoint    ] Safepoint "Cleanup", Time since last: 1000859400 ns, Reaching safepoint: 534600 ns, At safepoint: 74000 ns, Total: 608600 ns
[2021-03-18T08:41:40.145+0000][24612][safepoint    ] Safepoint "Cleanup", Time since last: 1000270700 ns, Reaching safepoint: 293300 ns, At safepoint: 20600 ns, Total: 313900 ns
[2021-03-18T08:41:41.146+0000][24612][safepoint    ] Safepoint "Cleanup", Time since last: 1000279800 ns, Reaching safepoint: 197400 ns, At safepoint: 5500 ns, Total: 202900 ns
[2021-03-18T08:41:42.146+0000][24612][safepoint    ] Safepoint "Cleanup", Time since last: 1000089200 ns, Reaching safepoint: 432100 ns, At safepoint: 189100 ns, Total: 621200 ns
[2021-03-18T08:41:43.147+0000][24612][safepoint    ] Safepoint "Cleanup", Time since last: 1000279000 ns, Reaching safepoint: 228300 ns, At safepoint: 95800 ns, Total: 324100 ns
[2021-03-18T08:41:45.148+0000][24612][safepoint    ] Safepoint "Cleanup", Time since last: 2000887300 ns, Reaching safepoint: 299200 ns, At safepoint: 75100 ns, Total: 374300 ns
[2021-03-18T08:41:46.148+0000][24612][safepoint    ] Safepoint "Cleanup", Time since last: 1000051800 ns, Reaching safepoint: 431400 ns, At safepoint: 109500 ns, Total: 540900 ns
[2021-03-18T08:41:48.150+0000][24612][safepoint    ] Safepoint "Cleanup", Time since last: 2000690300 ns, Reaching safepoint: 301600 ns, At safepoint: 88900 ns, Total: 390500 ns
[2021-03-18T08:41:50.151+0000][24612][safepoint    ] Safepoint "Cleanup", Time since last: 2000585000 ns, Reaching safepoint: 135400 ns, At safepoint: 28100 ns, Total: 163500 ns
[2021-03-18T08:41:51.151+0000][24612][safepoint    ] Safepoint "Cleanup", Time since last: 1000537500 ns, Reaching safepoint: 245100 ns, At safepoint: 81300 ns, Total: 326400 ns
[2021-03-18T08:41:53.152+0000][24612][safepoint    ] Safepoint "Cleanup", Time since last: 2000732200 ns, Reaching safepoint: 235800 ns, At safepoint: 28200 ns, Total: 264000 ns
[2021-03-18T08:41:54.153+0000][24612][safepoint    ] Safepoint "Cleanup", Time since last: 1000409000 ns, Reaching safepoint: 213000 ns, At safepoint: 76800 ns, Total: 289800 ns
[2021-03-18T08:41:55.154+0000][24612][safepoint    ] Safepoint "Cleanup", Time since last: 1000493500 ns, Reaching safepoint: 315800 ns, At safepoint: 104100 ns, Total: 419900 ns
[2021-03-18T08:41:57.155+0000][24612][safepoint    ] Safepoint "Cleanup", Time since last: 2000353800 ns, Reaching safepoint: 170100 ns, At safepoint: 77800 ns, Total: 247900 ns
[2021-03-18T08:41:58.155+0000][24612][safepoint    ] Safepoint "Cleanup", Time since last: 1000538700 ns, Reaching safepoint: 302900 ns, At safepoint: 43500 ns, Total: 346400 ns
[2021-03-18T08:42:00.156+0000][24612][safepoint    ] Safepoint "Cleanup", Time since last: 2000035700 ns, Reaching safepoint: 196700 ns, At safepoint: 47400 ns, Total: 244100 ns
[2021-03-18T08:42:02.156+0000][24612][safepoint    ] Safepoint "Cleanup", Time since last: 1999965500 ns, Reaching safepoint: 232900 ns, At safepoint: 81500 ns, Total: 314400 ns
[2021-03-18T08:42:04.157+0000][24612][safepoint    ] Safepoint "Cleanup", Time since last: 2000707000 ns, Reaching safepoint: 168100 ns, At safepoint: 4500 ns, Total: 172600 ns
[2021-03-18T08:42:05.158+0000][24612][safepoint    ] Safepoint "Cleanup", Time since last: 1000779000 ns, Reaching safepoint: 375900 ns, At safepoint: 144000 ns, Total: 519900 ns
[2021-03-18T08:42:07.158+0000][24612][safepoint    ] Safepoint "Cleanup", Time since last: 2000048700 ns, Reaching safepoint: 416100 ns, At safepoint: 151100 ns, Total: 567200 ns
[2021-03-18T08:42:09.159+0000][24612][safepoint    ] Safepoint "Cleanup", Time since last: 2000169900 ns, Reaching safepoint: 157100 ns, At safepoint: 64500 ns, Total: 221600 ns
[2021-03-18T08:42:10.160+0000][24612][safepoint    ] Safepoint "Cleanup", Time since last: 1000571200 ns, Reaching safepoint: 429200 ns, At safepoint: 163900 ns, Total: 593100 ns
[2021-03-18T08:42:11.322+0000][24612][safepoint    ] Safepoint "Cleanup", Time since last: 1161723100 ns, Reaching safepoint: 158000 ns, At safepoint: 7800 ns, Total: 165800 ns
[2021-03-18T08:42:12.323+0000][24612][safepoint    ] Safepoint "Cleanup", Time since last: 1000627400 ns, Reaching safepoint: 155500 ns, At safepoint: 10600 ns, Total: 166100 ns
[2021-03-18T08:42:13.323+0000][24612][safepoint    ] Safepoint "Cleanup", Time since last: 1000013300 ns, Reaching safepoint: 116100 ns, At safepoint: 3700 ns, Total: 119800 ns
[2021-03-18T08:42:14.324+0000][24612][safepoint    ] Safepoint "Cleanup", Time since last: 1001014100 ns, Reaching safepoint: 124800 ns, At safepoint: 3200 ns, Total: 128000 ns
[2021-03-18T08:42:15.326+0000][24612][safepoint    ] Safepoint "Cleanup", Time since last: 1001082600 ns, Reaching safepoint: 140900 ns, At safepoint: 3600 ns, Total: 144500 ns
[2021-03-18T08:42:16.326+0000][24612][safepoint    ] Safepoint "Cleanup", Time since last: 1000840500 ns, Reaching safepoint: 124400 ns, At safepoint: 2600 ns, Total: 127000 ns
[2021-03-18T08:42:17.327+0000][24612][safepoint    ] Safepoint "Cleanup", Time since last: 1000166400 ns, Reaching safepoint: 142300 ns, At safepoint: 4900 ns, Total: 147200 ns
[2021-03-18T08:42:18.328+0000][24612][safepoint    ] Safepoint "Cleanup", Time since last: 1001080300 ns, Reaching safepoint: 149900 ns, At safepoint: 5100 ns, Total: 155000 ns
[2021-03-18T08:42:19.328+0000][24612][safepoint    ] Safepoint "Cleanup", Time since last: 1000266100 ns, Reaching safepoint: 99500 ns, At safepoint: 6300 ns, Total: 105800 ns
[2021-03-18T08:42:20.329+0000][24612][safepoint    ] Safepoint "Cleanup", Time since last: 1000154900 ns, Reaching safepoint: 128200 ns, At safepoint: 6900 ns, Total: 135100 ns
[2021-03-18T08:42:21.329+0000][24612][safepoint    ] Safepoint "Cleanup", Time since last: 1000495300 ns, Reaching safepoint: 110900 ns, At safepoint: 5400 ns, Total: 116300 ns
[2021-03-18T08:42:22.330+0000][24612][safepoint    ] Safepoint "Cleanup", Time since last: 1000522400 ns, Reaching safepoint: 116800 ns, At safepoint: 6800 ns, Total: 123600 ns
[2021-03-18T08:42:23.331+0000][24612][safepoint    ] Safepoint "Cleanup", Time since last: 1000708400 ns, Reaching safepoint: 139100 ns, At safepoint: 10800 ns, Total: 149900 ns
[2021-03-18T08:42:24.331+0000][24612][safepoint    ] Safepoint "Cleanup", Time since last: 1000330500 ns, Reaching safepoint: 132500 ns, At safepoint: 8900 ns, Total: 141400 ns
[2021-03-18T08:42:25.332+0000][24612][safepoint    ] Safepoint "Cleanup", Time since last: 1000658200 ns, Reaching safepoint: 138300 ns, At safepoint: 4700 ns, Total: 143000 ns
[2021-03-18T08:42:26.333+0000][24612][safepoint    ] Safepoint "Cleanup", Time since last: 1000680000 ns, Reaching safepoint: 201600 ns, At safepoint: 10000 ns, Total: 211600 ns
[2021-03-18T08:42:27.333+0000][24612][safepoint    ] Safepoint "Cleanup", Time since last: 1000204400 ns, Reaching safepoint: 143400 ns, At safepoint: 8100 ns, Total: 151500 ns
[2021-03-18T08:42:29.334+0000][24612][safepoint    ] Safepoint "Cleanup", Time since last: 2001099700 ns, Reaching safepoint: 160100 ns, At safepoint: 8100 ns, Total: 168200 ns
[2021-03-18T08:42:31.335+0000][24612][safepoint    ] Safepoint "Cleanup", Time since last: 2000130300 ns, Reaching safepoint: 121700 ns, At safepoint: 8200 ns, Total: 129900 ns
[2021-03-18T08:42:32.335+0000][24612][safepoint    ] Safepoint "Cleanup", Time since last: 1000242300 ns, Reaching safepoint: 229500 ns, At safepoint: 15800 ns, Total: 245300 ns
[2021-03-18T08:42:33.335+0000][24612][safepoint    ] Safepoint "Cleanup", Time since last: 1000036500 ns, Reaching safepoint: 158200 ns, At safepoint: 10200 ns, Total: 168400 ns
[2021-03-18T08:42:34.336+0000][24612][safepoint    ] Safepoint "Cleanup", Time since last: 1000450000 ns, Reaching safepoint: 172000 ns, At safepoint: 7800 ns, Total: 179800 ns
[2021-03-18T08:42:35.336+0000][24612][safepoint    ] Safepoint "Cleanup", Time since last: 1000209600 ns, Reaching safepoint: 165300 ns, At safepoint: 11600 ns, Total: 176900 ns
[2021-03-18T08:42:36.861+0000][24612][safepoint    ] Safepoint "Cleanup", Time since last: 1524162100 ns, Reaching safepoint: 179800 ns, At safepoint: 6100 ns, Total: 185900 ns
[2021-03-18T08:42:37.862+0000][24612][safepoint    ] Safepoint "Cleanup", Time since last: 1000727000 ns, Reaching safepoint: 157500 ns, At safepoint: 9500 ns, Total: 167000 ns
[2021-03-18T08:42:38.862+0000][24612][safepoint    ] Safepoint "Cleanup", Time since last: 1000150700 ns, Reaching safepoint: 151200 ns, At safepoint: 4200 ns, Total: 155400 ns
[2021-03-18T08:42:40.863+0000][24612][safepoint    ] Safepoint "Cleanup", Time since last: 2000621500 ns, Reaching safepoint: 358100 ns, At safepoint: 19700 ns, Total: 377800 ns
[2021-03-18T08:42:42.863+0000][24612][safepoint    ] Safepoint "Cleanup", Time since last: 1999882900 ns, Reaching safepoint: 131600 ns, At safepoint: 9100 ns, Total: 140700 ns
[2021-03-18T08:42:43.864+0000][24612][safepoint    ] Safepoint "Cleanup", Time since last: 1000521100 ns, Reaching safepoint: 142500 ns, At safepoint: 10900 ns, Total: 153400 ns
[2021-03-18T08:42:45.864+0000][24612][safepoint    ] Safepoint "Cleanup", Time since last: 1999995200 ns, Reaching safepoint: 144700 ns, At safepoint: 9000 ns, Total: 153700 ns
[2021-03-18T08:42:46.864+0000][24612][safepoint    ] Safepoint "Cleanup", Time since last: 1000413700 ns, Reaching safepoint: 118700 ns, At safepoint: 8200 ns, Total: 126900 ns
[2021-03-18T08:42:47.865+0000][24612][safepoint    ] Safepoint "Cleanup", Time since last: 1000477300 ns, Reaching safepoint: 99100 ns, At safepoint: 7800 ns, Total: 106900 ns
[2021-03-18T08:42:49.865+0000][24612][safepoint    ] Safepoint "Cleanup", Time since last: 2000452200 ns, Reaching safepoint: 115300 ns, At safepoint: 8200 ns, Total: 123500 ns
[2021-03-18T08:42:50.866+0000][24612][safepoint    ] Safepoint "Cleanup", Time since last: 1000147300 ns, Reaching safepoint: 412400 ns, At safepoint: 29200 ns, Total: 441600 ns
[2021-03-18T08:42:52.867+0000][24612][safepoint    ] Safepoint "Cleanup", Time since last: 2000596100 ns, Reaching safepoint: 314000 ns, At safepoint: 24500 ns, Total: 338500 ns
[2021-03-18T08:42:54.868+0000][24612][safepoint    ] Safepoint "Cleanup", Time since last: 2000536600 ns, Reaching safepoint: 134500 ns, At safepoint: 9300 ns, Total: 143800 ns
[2021-03-18T08:42:55.868+0000][24612][safepoint    ] Safepoint "Cleanup", Time since last: 1000424300 ns, Reaching safepoint: 102100 ns, At safepoint: 8400 ns, Total: 110500 ns
[2021-03-18T08:42:56.869+0000][24612][safepoint    ] Safepoint "Cleanup", Time since last: 1000620100 ns, Reaching safepoint: 189200 ns, At safepoint: 14600 ns, Total: 203800 ns
[2021-03-18T08:42:57.870+0000][24612][safepoint    ] Safepoint "Cleanup", Time since last: 1000718500 ns, Reaching safepoint: 227800 ns, At safepoint: 18600 ns, Total: 246400 ns
[2021-03-18T08:42:59.870+0000][24612][safepoint    ] Safepoint "Cleanup", Time since last: 1999926300 ns, Reaching safepoint: 103400 ns, At safepoint: 7800 ns, Total: 111200 ns
[2021-03-18T08:43:00.871+0000][24612][safepoint    ] Safepoint "Cleanup", Time since last: 1000757600 ns, Reaching safepoint: 123800 ns, At safepoint: 7400 ns, Total: 131200 ns
[2021-03-18T08:43:01.871+0000][24612][safepoint    ] Safepoint "Cleanup", Time since last: 1000281200 ns, Reaching safepoint: 178800 ns, At safepoint: 75100 ns, Total: 253900 ns
[2021-03-18T08:43:02.871+0000][24612][safepoint    ] Safepoint "Cleanup", Time since last: 1000009700 ns, Reaching safepoint: 125900 ns, At safepoint: 17300 ns, Total: 143200 ns
[2021-03-18T08:43:03.872+0000][24612][safepoint    ] Safepoint "Cleanup", Time since last: 1000437900 ns, Reaching safepoint: 329400 ns, At safepoint: 13600 ns, Total: 343000 ns
[2021-03-18T08:43:04.873+0000][24612][safepoint    ] Safepoint "Cleanup", Time since last: 1000155300 ns, Reaching safepoint: 135900 ns, At safepoint: 4900 ns, Total: 140800 ns
[2021-03-18T08:43:05.873+0000][24612][safepoint    ] Safepoint "Cleanup", Time since last: 1000533500 ns, Reaching safepoint: 102300 ns, At safepoint: 5900 ns, Total: 108200 ns
[2021-03-18T08:43:06.874+0000][24612][safepoint    ] Safepoint "Cleanup", Time since last: 1000186400 ns, Reaching safepoint: 152600 ns, At safepoint: 4500 ns, Total: 157100 ns
[2021-03-18T08:43:08.874+0000][24612][safepoint    ] Safepoint "Cleanup", Time since last: 2000488100 ns, Reaching safepoint: 179400 ns, At safepoint: 5600 ns, Total: 185000 ns
[2021-03-18T08:43:10.875+0000][24612][safepoint    ] Safepoint "Cleanup", Time since last: 2000324800 ns, Reaching safepoint: 249100 ns, At safepoint: 7500 ns, Total: 256600 ns
[2021-03-18T08:43:11.875+0000][24612][safepoint    ] Safepoint "Cleanup", Time since last: 1000022900 ns, Reaching safepoint: 188300 ns, At safepoint: 6000 ns, Total: 194300 ns
[2021-03-18T08:43:13.876+0000][24612][safepoint    ] Safepoint "Cleanup", Time since last: 2000780600 ns, Reaching safepoint: 139400 ns, At safepoint: 4600 ns, Total: 144000 ns
[2021-03-18T08:43:14.876+0000][24612][safepoint    ] Safepoint "Cleanup", Time since last: 1000155700 ns, Reaching safepoint: 304200 ns, At safepoint: 19300 ns, Total: 323500 ns
[2021-03-18T08:43:16.877+0000][24612][safepoint    ] Safepoint "Cleanup", Time since last: 2000247000 ns, Reaching safepoint: 148600 ns, At safepoint: 4200 ns, Total: 152800 ns
[2021-03-18T08:43:17.877+0000][24612][safepoint    ] Safepoint "Cleanup", Time since last: 1000248000 ns, Reaching safepoint: 150700 ns, At safepoint: 5800 ns, Total: 156500 ns
[2021-03-18T08:43:18.877+0000][24612][safepoint    ] Safepoint "Cleanup", Time since last: 1000253200 ns, Reaching safepoint: 368900 ns, At safepoint: 16200 ns, Total: 385100 ns
[2021-03-18T08:43:20.878+0000][24612][safepoint    ] Safepoint "Cleanup", Time since last: 1999947600 ns, Reaching safepoint: 165400 ns, At safepoint: 4900 ns, Total: 170300 ns
[2021-03-18T08:43:21.878+0000][24612][safepoint    ] Safepoint "Cleanup", Time since last: 1000316700 ns, Reaching safepoint: 228100 ns, At safepoint: 14000 ns, Total: 242100 ns
[2021-03-18T08:43:22.879+0000][24612][safepoint    ] Safepoint "Cleanup", Time since last: 1000052300 ns, Reaching safepoint: 152500 ns, At safepoint: 9700 ns, Total: 162200 ns
[2021-03-18T08:43:23.879+0000][24612][safepoint    ] Safepoint "Cleanup", Time since last: 1000672300 ns, Reaching safepoint: 375900 ns, At safepoint: 19200 ns, Total: 395100 ns
[2021-03-18T08:43:24.880+0000][24612][safepoint    ] Safepoint "Cleanup", Time since last: 1000504000 ns, Reaching safepoint: 114000 ns, At safepoint: 7200 ns, Total: 121200 ns
[2021-03-18T08:43:25.881+0000][24612][safepoint    ] Safepoint "Cleanup", Time since last: 1000180600 ns, Reaching safepoint: 128200 ns, At safepoint: 5600 ns, Total: 133800 ns
[2021-03-18T08:43:27.114+0000][24612][safepoint    ] Safepoint "Cleanup", Time since last: 1234011300 ns, Reaching safepoint: 112900 ns, At safepoint: 22000 ns, Total: 134900 ns
[2021-03-18T08:43:28.119+0000][24612][safepoint    ] Safepoint "Cleanup", Time since last: 1004087400 ns, Reaching safepoint: 119500 ns, At safepoint: 87400 ns, Total: 206900 ns
[2021-03-18T08:43:29.119+0000][24612][safepoint    ] Safepoint "Cleanup", Time since last: 1000119100 ns, Reaching safepoint: 120400 ns, At safepoint: 72000 ns, Total: 192400 ns
[2021-03-18T08:43:30.120+0000][24612][safepoint    ] Safepoint "Cleanup", Time since last: 1000030100 ns, Reaching safepoint: 109200 ns, At safepoint: 21700 ns, Total: 130900 ns
[2021-03-18T08:43:31.120+0000][24612][safepoint    ] Safepoint "Cleanup", Time since last: 1000336900 ns, Reaching safepoint: 154600 ns, At safepoint: 92300 ns, Total: 246900 ns
[2021-03-18T08:43:32.121+0000][24612][safepoint    ] Safepoint "Cleanup", Time since last: 1000388800 ns, Reaching safepoint: 157600 ns, At safepoint: 10000 ns, Total: 167600 ns
[2021-03-18T08:43:33.122+0000][24612][safepoint    ] Safepoint "Cleanup", Time since last: 1000724000 ns, Reaching safepoint: 151200 ns, At safepoint: 57200 ns, Total: 208400 ns
[2021-03-18T08:43:34.122+0000][24612][safepoint    ] Safepoint "Cleanup", Time since last: 1000230800 ns, Reaching safepoint: 193700 ns, At safepoint: 80700 ns, Total: 274400 ns
[2021-03-18T08:43:35.123+0000][24612][safepoint    ] Safepoint "Cleanup", Time since last: 1000643200 ns, Reaching safepoint: 176300 ns, At safepoint: 61300 ns, Total: 237600 ns
[2021-03-18T08:43:36.124+0000][24612][safepoint    ] Safepoint "Cleanup", Time since last: 1000626900 ns, Reaching safepoint: 369000 ns, At safepoint: 144200 ns, Total: 513200 ns
[2021-03-18T08:43:37.125+0000][24612][safepoint    ] Safepoint "Cleanup", Time since last: 1000828300 ns, Reaching safepoint: 192300 ns, At safepoint: 10100 ns, Total: 202400 ns
[2021-03-18T08:43:38.126+0000][24612][safepoint    ] Safepoint "Cleanup", Time since last: 1000665000 ns, Reaching safepoint: 416300 ns, At safepoint: 24100 ns, Total: 440400 ns
[2021-03-18T08:43:40.127+0000][24612][safepoint    ] Safepoint "Cleanup", Time since last: 2000679800 ns, Reaching safepoint: 125200 ns, At safepoint: 8800 ns, Total: 134000 ns
[2021-03-18T08:43:41.128+0000][24612][safepoint    ] Safepoint "Cleanup", Time since last: 1000231400 ns, Reaching safepoint: 389400 ns, At safepoint: 185000 ns, Total: 574400 ns
[2021-03-18T08:43:42.128+0000][24612][safepoint    ] Safepoint "Cleanup", Time since last: 1000269200 ns, Reaching safepoint: 144600 ns, At safepoint: 64700 ns, Total: 209300 ns
[2021-03-18T08:43:43.129+0000][24612][safepoint    ] Safepoint "Cleanup", Time since last: 1000117200 ns, Reaching safepoint: 239000 ns, At safepoint: 73300 ns, Total: 312300 ns
[2021-03-18T08:43:45.129+0000][24612][safepoint    ] Safepoint "Cleanup", Time since last: 2000347900 ns, Reaching safepoint: 150800 ns, At safepoint: 63800 ns, Total: 214600 ns
[2021-03-18T08:43:47.130+0000][24612][safepoint    ] Safepoint "Cleanup", Time since last: 2000458400 ns, Reaching safepoint: 181200 ns, At safepoint: 25700 ns, Total: 206900 ns
[2021-03-18T08:43:49.130+0000][24612][safepoint    ] Safepoint "Cleanup", Time since last: 1999991500 ns, Reaching safepoint: 100300 ns, At safepoint: 24100 ns, Total: 124400 ns
[2021-03-18T08:43:50.131+0000][24612][safepoint    ] Safepoint "Cleanup", Time since last: 1000690900 ns, Reaching safepoint: 112400 ns, At safepoint: 25200 ns, Total: 137600 ns
[2021-03-18T08:43:51.131+0000][24612][safepoint    ] Safepoint "Cleanup", Time since last: 1000173500 ns, Reaching safepoint: 150800 ns, At safepoint: 79100 ns, Total: 229900 ns
[2021-03-18T08:43:52.132+0000][24612][safepoint    ] Safepoint "Cleanup", Time since last: 1000840300 ns, Reaching safepoint: 103300 ns, At safepoint: 52800 ns, Total: 156100 ns
[2021-03-18T08:43:53.132+0000][24612][safepoint    ] Safepoint "Cleanup", Time since last: 1000072500 ns, Reaching safepoint: 117300 ns, At safepoint: 75900 ns, Total: 193200 ns
[2021-03-18T08:43:54.134+0000][24612][safepoint    ] Safepoint "Cleanup", Time since last: 1000979100 ns, Reaching safepoint: 120000 ns, At safepoint: 5700 ns, Total: 125700 ns
[2021-03-18T08:43:55.134+0000][24612][safepoint    ] Safepoint "Cleanup", Time since last: 1000413100 ns, Reaching safepoint: 96800 ns, At safepoint: 20700 ns, Total: 117500 ns
[2021-03-18T08:43:56.135+0000][24612][safepoint    ] Safepoint "Cleanup", Time since last: 1000798000 ns, Reaching safepoint: 167800 ns, At safepoint: 10600 ns, Total: 178400 ns
[2021-03-18T08:43:57.136+0000][24612][safepoint    ] Safepoint "Cleanup", Time since last: 1000981900 ns, Reaching safepoint: 332000 ns, At safepoint: 141400 ns, Total: 473400 ns
[2021-03-18T08:43:58.137+0000][24612][safepoint    ] Safepoint "Cleanup", Time since last: 1000352700 ns, Reaching safepoint: 166100 ns, At safepoint: 63100 ns, Total: 229200 ns
[2021-03-18T08:43:59.137+0000][24612][safepoint    ] Safepoint "Cleanup", Time since last: 1000042000 ns, Reaching safepoint: 110100 ns, At safepoint: 78200 ns, Total: 188300 ns
[2021-03-18T08:44:01.138+0000][24612][safepoint    ] Safepoint "Cleanup", Time since last: 2000687700 ns, Reaching safepoint: 180500 ns, At safepoint: 8700 ns, Total: 189200 ns
[2021-03-18T08:44:03.138+0000][24612][safepoint    ] Safepoint "Cleanup", Time since last: 2000058500 ns, Reaching safepoint: 182100 ns, At safepoint: 89700 ns, Total: 271800 ns
[2021-03-18T08:44:04.139+0000][24612][safepoint    ] Safepoint "Cleanup", Time since last: 1000503900 ns, Reaching safepoint: 153200 ns, At safepoint: 61200 ns, Total: 214400 ns
[2021-03-18T08:44:05.140+0000][24612][safepoint    ] Safepoint "Cleanup", Time since last: 1000219500 ns, Reaching safepoint: 250600 ns, At safepoint: 112800 ns, Total: 363400 ns
[2021-03-18T08:44:06.140+0000][24612][safepoint    ] Safepoint "Cleanup", Time since last: 1000383000 ns, Reaching safepoint: 244800 ns, At safepoint: 62900 ns, Total: 307700 ns
[2021-03-18T08:44:07.141+0000][24612][safepoint    ] Safepoint "Cleanup", Time since last: 1000035200 ns, Reaching safepoint: 254000 ns, At safepoint: 117500 ns, Total: 371500 ns
[2021-03-18T08:44:09.142+0000][24612][safepoint    ] Safepoint "Cleanup", Time since last: 2000583900 ns, Reaching safepoint: 151000 ns, At safepoint: 55500 ns, Total: 206500 ns
[2021-03-18T08:44:10.142+0000][24612][safepoint    ] Safepoint "Cleanup", Time since last: 1000214100 ns, Reaching safepoint: 150800 ns, At safepoint: 58100 ns, Total: 208900 ns
[2021-03-18T08:44:11.143+0000][24612][safepoint    ] Safepoint "Cleanup", Time since last: 1000762800 ns, Reaching safepoint: 366700 ns, At safepoint: 159600 ns, Total: 526300 ns
[2021-03-18T08:44:12.145+0000][24612][safepoint    ] Safepoint "Cleanup", Time since last: 1001099000 ns, Reaching safepoint: 147400 ns, At safepoint: 7200 ns, Total: 154600 ns
[2021-03-18T08:44:14.145+0000][24612][safepoint    ] Safepoint "Cleanup", Time since last: 2000605200 ns, Reaching safepoint: 144400 ns, At safepoint: 5500 ns, Total: 149900 ns
[2021-03-18T08:44:15.146+0000][24612][safepoint    ] Safepoint "Cleanup", Time since last: 1000543900 ns, Reaching safepoint: 182200 ns, At safepoint: 10000 ns, Total: 192200 ns
[2021-03-18T08:44:16.147+0000][24612][safepoint    ] Safepoint "Cleanup", Time since last: 1000823700 ns, Reaching safepoint: 316300 ns, At safepoint: 12500 ns, Total: 328800 ns
[2021-03-18T08:44:17.147+0000][24612][safepoint    ] Safepoint "Cleanup", Time since last: 1000058400 ns, Reaching safepoint: 213300 ns, At safepoint: 10500 ns, Total: 223800 ns
[2021-03-18T08:44:18.148+0000][24612][safepoint    ] Safepoint "Cleanup", Time since last: 1000028500 ns, Reaching safepoint: 370800 ns, At safepoint: 26200 ns, Total: 397000 ns
[2021-03-18T08:44:20.148+0000][24612][safepoint    ] Safepoint "Cleanup", Time since last: 1999872900 ns, Reaching safepoint: 269900 ns, At safepoint: 16300 ns, Total: 286200 ns
[2021-03-18T08:44:22.148+0000][24612][safepoint    ] Safepoint "Cleanup", Time since last: 2000146300 ns, Reaching safepoint: 122900 ns, At safepoint: 4700 ns, Total: 127600 ns
[2021-03-18T08:44:24.149+0000][24612][safepoint    ] Safepoint "Cleanup", Time since last: 2000361000 ns, Reaching safepoint: 110100 ns, At safepoint: 7000 ns, Total: 117100 ns
[2021-03-18T08:44:25.149+0000][24612][safepoint    ] Safepoint "Cleanup", Time since last: 1000226400 ns, Reaching safepoint: 85000 ns, At safepoint: 3500 ns, Total: 88500 ns
[2021-03-18T08:44:26.150+0000][24612][safepoint    ] Safepoint "Cleanup", Time since last: 1000656600 ns, Reaching safepoint: 112800 ns, At safepoint: 5100 ns, Total: 117900 ns
[2021-03-18T08:44:27.151+0000][24612][safepoint    ] Safepoint "Cleanup", Time since last: 1000764100 ns, Reaching safepoint: 113800 ns, At safepoint: 5500 ns, Total: 119300 ns
[2021-03-18T08:44:28.152+0000][24612][safepoint    ] Safepoint "Cleanup", Time since last: 1000667700 ns, Reaching safepoint: 366200 ns, At safepoint: 24900 ns, Total: 391100 ns
[2021-03-18T08:44:29.152+0000][24612][safepoint    ] Safepoint "Cleanup", Time since last: 1000440300 ns, Reaching safepoint: 472900 ns, At safepoint: 33200 ns, Total: 506100 ns
[2021-03-18T08:44:31.153+0000][24612][safepoint    ] Safepoint "Cleanup", Time since last: 2000264500 ns, Reaching safepoint: 122900 ns, At safepoint: 5800 ns, Total: 128700 ns
[2021-03-18T08:44:32.154+0000][24612][safepoint    ] Safepoint "Cleanup", Time since last: 1000455500 ns, Reaching safepoint: 450200 ns, At safepoint: 14400 ns, Total: 464600 ns
[2021-03-18T08:44:34.154+0000][24612][safepoint    ] Safepoint "Cleanup", Time since last: 2000018700 ns, Reaching safepoint: 105400 ns, At safepoint: 6500 ns, Total: 111900 ns
[2021-03-18T08:44:35.155+0000][24612][safepoint    ] Safepoint "Cleanup", Time since last: 1000187800 ns, Reaching safepoint: 162800 ns, At safepoint: 12200 ns, Total: 175000 ns
[2021-03-18T08:44:39.156+0000][24612][safepoint    ] Safepoint "Cleanup", Time since last: 4001656600 ns, Reaching safepoint: 391600 ns, At safepoint: 25000 ns, Total: 416600 ns
[2021-03-18T08:44:40.157+0000][24612][safepoint    ] Safepoint "Cleanup", Time since last: 1000139400 ns, Reaching safepoint: 175200 ns, At safepoint: 8000 ns, Total: 183200 ns
[2021-03-18T08:44:41.158+0000][24612][safepoint    ] Safepoint "Cleanup", Time since last: 1000646600 ns, Reaching safepoint: 396200 ns, At safepoint: 26400 ns, Total: 422600 ns
[2021-03-18T08:44:42.158+0000][24612][safepoint    ] Safepoint "Cleanup", Time since last: 1000391900 ns, Reaching safepoint: 417800 ns, At safepoint: 14700 ns, Total: 432500 ns
[2021-03-18T08:44:44.159+0000][24612][safepoint    ] Safepoint "Cleanup", Time since last: 1999951500 ns, Reaching safepoint: 103300 ns, At safepoint: 3400 ns, Total: 106700 ns
[2021-03-18T08:44:45.159+0000][24612][safepoint    ] Safepoint "Cleanup", Time since last: 1000379000 ns, Reaching safepoint: 132300 ns, At safepoint: 5200 ns, Total: 137500 ns
[2021-03-18T08:44:46.160+0000][24612][safepoint    ] Safepoint "Cleanup", Time since last: 1000270600 ns, Reaching safepoint: 349500 ns, At safepoint: 17000 ns, Total: 366500 ns
[2021-03-18T08:44:47.160+0000][24612][safepoint    ] Safepoint "Cleanup", Time since last: 1000196000 ns, Reaching safepoint: 212100 ns, At safepoint: 12000 ns, Total: 224100 ns
[2021-03-18T08:44:48.161+0000][24612][safepoint    ] Safepoint "Cleanup", Time since last: 1000657000 ns, Reaching safepoint: 82800 ns, At safepoint: 3400 ns, Total: 86200 ns
[2021-03-18T08:44:49.162+0000][24612][safepoint    ] Safepoint "Cleanup", Time since last: 1000450800 ns, Reaching safepoint: 138600 ns, At safepoint: 3700 ns, Total: 142300 ns
[2021-03-18T08:44:50.162+0000][24612][safepoint    ] Safepoint "Cleanup", Time since last: 1000569600 ns, Reaching safepoint: 456200 ns, At safepoint: 32300 ns, Total: 488500 ns
[2021-03-18T08:44:51.164+0000][24612][safepoint    ] Safepoint "Cleanup", Time since last: 1000755600 ns, Reaching safepoint: 175900 ns, At safepoint: 13200 ns, Total: 189100 ns
[2021-03-18T08:44:52.164+0000][24612][safepoint    ] Safepoint "Cleanup", Time since last: 1000360400 ns, Reaching safepoint: 218200 ns, At safepoint: 8000 ns, Total: 226200 ns
[2021-03-18T08:44:54.165+0000][24612][safepoint    ] Safepoint "Cleanup", Time since last: 2000412000 ns, Reaching safepoint: 392900 ns, At safepoint: 29300 ns, Total: 422200 ns
[2021-03-18T08:44:55.166+0000][24612][safepoint    ] Safepoint "Cleanup", Time since last: 1000505500 ns, Reaching safepoint: 458400 ns, At safepoint: 38600 ns, Total: 497000 ns
[2021-03-18T08:44:56.167+0000][24612][safepoint    ] Safepoint "Cleanup", Time since last: 1000672100 ns, Reaching safepoint: 386100 ns, At safepoint: 23500 ns, Total: 409600 ns
[2021-03-18T08:44:57.168+0000][24612][safepoint    ] Safepoint "Cleanup", Time since last: 1000565400 ns, Reaching safepoint: 292800 ns, At safepoint: 13600 ns, Total: 306400 ns
[2021-03-18T08:44:58.168+0000][24612][safepoint    ] Safepoint "Cleanup", Time since last: 1000332600 ns, Reaching safepoint: 142100 ns, At safepoint: 6200 ns, Total: 148300 ns
[2021-03-18T08:44:59.169+0000][24612][safepoint    ] Safepoint "Cleanup", Time since last: 1000198700 ns, Reaching safepoint: 148600 ns, At safepoint: 6800 ns, Total: 155400 ns
[2021-03-18T08:45:00.170+0000][24612][safepoint    ] Safepoint "Cleanup", Time since last: 1000558900 ns, Reaching safepoint: 118800 ns, At safepoint: 4400 ns, Total: 123200 ns
[2021-03-18T08:45:01.170+0000][24612][safepoint    ] Safepoint "Cleanup", Time since last: 1000005700 ns, Reaching safepoint: 189300 ns, At safepoint: 13500 ns, Total: 202800 ns
[2021-03-18T08:45:02.171+0000][24612][safepoint    ] Safepoint "Cleanup", Time since last: 1000949000 ns, Reaching safepoint: 149500 ns, At safepoint: 4000 ns, Total: 153500 ns
[2021-03-18T08:45:03.171+0000][24612][safepoint    ] Safepoint "Cleanup", Time since last: 1000306900 ns, Reaching safepoint: 112500 ns, At safepoint: 4400 ns, Total: 116900 ns
[2021-03-18T08:45:04.172+0000][24612][safepoint    ] Safepoint "Cleanup", Time since last: 1000778500 ns, Reaching safepoint: 315500 ns, At safepoint: 19400 ns, Total: 334900 ns
[2021-03-18T08:45:06.173+0000][24612][safepoint    ] Safepoint "Cleanup", Time since last: 2000076100 ns, Reaching safepoint: 143100 ns, At safepoint: 5800 ns, Total: 148900 ns
[2021-03-18T08:45:07.173+0000][24612][safepoint    ] Safepoint "Cleanup", Time since last: 1000230200 ns, Reaching safepoint: 197600 ns, At safepoint: 20700 ns, Total: 218300 ns
[2021-03-18T08:45:09.173+0000][24612][safepoint    ] Safepoint "Cleanup", Time since last: 1999859600 ns, Reaching safepoint: 182800 ns, At safepoint: 9700 ns, Total: 192500 ns
[2021-03-18T08:45:10.173+0000][24612][safepoint    ] Safepoint "Cleanup", Time since last: 1000046500 ns, Reaching safepoint: 134600 ns, At safepoint: 10100 ns, Total: 144700 ns
[2021-03-18T08:45:11.174+0000][24612][safepoint    ] Safepoint "Cleanup", Time since last: 1000729000 ns, Reaching safepoint: 166600 ns, At safepoint: 23400 ns, Total: 190000 ns
[2021-03-18T08:45:12.175+0000][24612][safepoint    ] Safepoint "Cleanup", Time since last: 1000503000 ns, Reaching safepoint: 118400 ns, At safepoint: 3200 ns, Total: 121600 ns
[2021-03-18T08:45:13.175+0000][24612][safepoint    ] Safepoint "Cleanup", Time since last: 1000306800 ns, Reaching safepoint: 135500 ns, At safepoint: 5100 ns, Total: 140600 ns
[2021-03-18T08:45:14.176+0000][24612][safepoint    ] Safepoint "Cleanup", Time since last: 1000965400 ns, Reaching safepoint: 175700 ns, At safepoint: 8600 ns, Total: 184300 ns
[2021-03-18T08:45:15.177+0000][24612][safepoint    ] Safepoint "Cleanup", Time since last: 1000587500 ns, Reaching safepoint: 333300 ns, At safepoint: 13700 ns, Total: 347000 ns
[2021-03-18T08:45:17.178+0000][24612][safepoint    ] Safepoint "Cleanup", Time since last: 2000584000 ns, Reaching safepoint: 128500 ns, At safepoint: 4900 ns, Total: 133400 ns
[2021-03-18T08:45:18.179+0000][24612][safepoint    ] Safepoint "Cleanup", Time since last: 1000574900 ns, Reaching safepoint: 153600 ns, At safepoint: 6500 ns, Total: 160100 ns
[2021-03-18T08:45:20.179+0000][24612][safepoint    ] Safepoint "Cleanup", Time since last: 1999985500 ns, Reaching safepoint: 344900 ns, At safepoint: 27900 ns, Total: 372800 ns
[2021-03-18T08:45:22.180+0000][24612][safepoint    ] Safepoint "Cleanup", Time since last: 2000318200 ns, Reaching safepoint: 125700 ns, At safepoint: 5200 ns, Total: 130900 ns
[2021-03-18T08:45:23.180+0000][24612][safepoint    ] Safepoint "Cleanup", Time since last: 1000677500 ns, Reaching safepoint: 214300 ns, At safepoint: 10700 ns, Total: 225000 ns
[2021-03-18T08:45:25.181+0000][24612][safepoint    ] Safepoint "Cleanup", Time since last: 2000878200 ns, Reaching safepoint: 152200 ns, At safepoint: 8300 ns, Total: 160500 ns
[2021-03-18T08:45:26.182+0000][24612][safepoint    ] Safepoint "Cleanup", Time since last: 1000810600 ns, Reaching safepoint: 93000 ns, At safepoint: 4100 ns, Total: 97100 ns
[2021-03-18T08:45:28.123+0000][24612][safepoint    ] Safepoint "Cleanup", Time since last: 1940427300 ns, Reaching safepoint: 131000 ns, At safepoint: 8400 ns, Total: 139400 ns
[2021-03-18T08:45:29.124+0000][24612][safepoint    ] Safepoint "Cleanup", Time since last: 1000519500 ns, Reaching safepoint: 145800 ns, At safepoint: 13200 ns, Total: 159000 ns
[2021-03-18T08:45:30.124+0000][24612][safepoint    ] Safepoint "Cleanup", Time since last: 1000107400 ns, Reaching safepoint: 142600 ns, At safepoint: 6800 ns, Total: 149400 ns
[2021-03-18T08:45:31.125+0000][24612][safepoint    ] Safepoint "Cleanup", Time since last: 1000549300 ns, Reaching safepoint: 131600 ns, At safepoint: 4300 ns, Total: 135900 ns
[2021-03-18T08:45:32.126+0000][24612][safepoint    ] Safepoint "Cleanup", Time since last: 1000854100 ns, Reaching safepoint: 107000 ns, At safepoint: 5700 ns, Total: 112700 ns
[2021-03-18T08:45:33.126+0000][24612][safepoint    ] Safepoint "Cleanup", Time since last: 1000809400 ns, Reaching safepoint: 154400 ns, At safepoint: 6100 ns, Total: 160500 ns
[2021-03-18T08:45:34.127+0000][24612][safepoint    ] Safepoint "Cleanup", Time since last: 1000245000 ns, Reaching safepoint: 123500 ns, At safepoint: 6400 ns, Total: 129900 ns
[2021-03-18T08:45:35.127+0000][24612][safepoint    ] Safepoint "Cleanup", Time since last: 1000394300 ns, Reaching safepoint: 155900 ns, At safepoint: 6100 ns, Total: 162000 ns
[2021-03-18T08:45:36.128+0000][24612][safepoint    ] Safepoint "Cleanup", Time since last: 1000035200 ns, Reaching safepoint: 217900 ns, At safepoint: 5400 ns, Total: 223300 ns
[2021-03-18T08:45:37.128+0000][24612][safepoint    ] Safepoint "Cleanup", Time since last: 1000190400 ns, Reaching safepoint: 190500 ns, At safepoint: 5900 ns, Total: 196400 ns
[2021-03-18T08:45:38.129+0000][24612][safepoint    ] Safepoint "Cleanup", Time since last: 1000543600 ns, Reaching safepoint: 380400 ns, At safepoint: 18300 ns, Total: 398700 ns
[2021-03-18T08:45:39.129+0000][24612][safepoint    ] Safepoint "Cleanup", Time since last: 1000087100 ns, Reaching safepoint: 111600 ns, At safepoint: 14200 ns, Total: 125800 ns
[2021-03-18T08:45:40.130+0000][24612][safepoint    ] Safepoint "Cleanup", Time since last: 1000720900 ns, Reaching safepoint: 133800 ns, At safepoint: 8900 ns, Total: 142700 ns
[2021-03-18T08:45:41.131+0000][24612][safepoint    ] Safepoint "Cleanup", Time since last: 1000614300 ns, Reaching safepoint: 275000 ns, At safepoint: 14300 ns, Total: 289300 ns
[2021-03-18T08:45:42.132+0000][24612][safepoint    ] Safepoint "Cleanup", Time since last: 1000456200 ns, Reaching safepoint: 93900 ns, At safepoint: 7100 ns, Total: 101000 ns
[2021-03-18T08:45:43.132+0000][24612][safepoint    ] Safepoint "Cleanup", Time since last: 1000658600 ns, Reaching safepoint: 175200 ns, At safepoint: 8100 ns, Total: 183300 ns
[2021-03-18T08:45:44.133+0000][24612][safepoint    ] Safepoint "Cleanup", Time since last: 1000251200 ns, Reaching safepoint: 108400 ns, At safepoint: 4300 ns, Total: 112700 ns
[2021-03-18T08:45:45.133+0000][24612][safepoint    ] Safepoint "Cleanup", Time since last: 1000813400 ns, Reaching safepoint: 367800 ns, At safepoint: 23100 ns, Total: 390900 ns
[2021-03-18T08:45:46.134+0000][24612][safepoint    ] Safepoint "Cleanup", Time since last: 1000069100 ns, Reaching safepoint: 140100 ns, At safepoint: 4000 ns, Total: 144100 ns
[2021-03-18T08:45:47.134+0000][24612][safepoint    ] Safepoint "Cleanup", Time since last: 1000255300 ns, Reaching safepoint: 97400 ns, At safepoint: 6800 ns, Total: 104200 ns
[2021-03-18T08:45:48.135+0000][24612][safepoint    ] Safepoint "Cleanup", Time since last: 1000531400 ns, Reaching safepoint: 141800 ns, At safepoint: 5500 ns, Total: 147300 ns
[2021-03-18T08:45:49.135+0000][24612][safepoint    ] Safepoint "Cleanup", Time since last: 1000229800 ns, Reaching safepoint: 107600 ns, At safepoint: 4700 ns, Total: 112300 ns
[2021-03-18T08:45:50.136+0000][24612][safepoint    ] Safepoint "Cleanup", Time since last: 1000066700 ns, Reaching safepoint: 131500 ns, At safepoint: 2800 ns, Total: 134300 ns
[2021-03-18T08:45:51.137+0000][24612][safepoint    ] Safepoint "Cleanup", Time since last: 1000819300 ns, Reaching safepoint: 383300 ns, At safepoint: 22500 ns, Total: 405800 ns
[2021-03-18T08:45:53.137+0000][24612][safepoint    ] Safepoint "Cleanup", Time since last: 2000380600 ns, Reaching safepoint: 137100 ns, At safepoint: 8000 ns, Total: 145100 ns
[2021-03-18T08:45:54.138+0000][24612][safepoint    ] Safepoint "Cleanup", Time since last: 1000542300 ns, Reaching safepoint: 118800 ns, At safepoint: 6800 ns, Total: 125600 ns
[2021-03-18T08:45:55.138+0000][24612][safepoint    ] Safepoint "Cleanup", Time since last: 1000301000 ns, Reaching safepoint: 153600 ns, At safepoint: 4900 ns, Total: 158500 ns
[2021-03-18T08:45:57.139+0000][24612][safepoint    ] Safepoint "Cleanup", Time since last: 2000213900 ns, Reaching safepoint: 99800 ns, At safepoint: 3300 ns, Total: 103100 ns
[2021-03-18T08:45:58.139+0000][24612][safepoint    ] Safepoint "Cleanup", Time since last: 1000023400 ns, Reaching safepoint: 350700 ns, At safepoint: 18700 ns, Total: 369400 ns
[2021-03-18T08:46:00.140+0000][24612][safepoint    ] Safepoint "Cleanup", Time since last: 2000555100 ns, Reaching safepoint: 110300 ns, At safepoint: 2500 ns, Total: 112800 ns
[2021-03-18T08:46:01.140+0000][24612][safepoint    ] Safepoint "Cleanup", Time since last: 1000195900 ns, Reaching safepoint: 424500 ns, At safepoint: 22700 ns, Total: 447200 ns
[2021-03-18T08:46:02.141+0000][24612][safepoint    ] Safepoint "Cleanup", Time since last: 1000300300 ns, Reaching safepoint: 166800 ns, At safepoint: 5600 ns, Total: 172400 ns
[2021-03-18T08:46:03.142+0000][24612][safepoint    ] Safepoint "Cleanup", Time since last: 1000772900 ns, Reaching safepoint: 181200 ns, At safepoint: 14700 ns, Total: 195900 ns
[2021-03-18T08:46:05.142+0000][24612][safepoint    ] Safepoint "Cleanup", Time since last: 1999983000 ns, Reaching safepoint: 178400 ns, At safepoint: 5700 ns, Total: 184100 ns
[2021-03-18T08:46:07.143+0000][24612][safepoint    ] Safepoint "Cleanup", Time since last: 2000777700 ns, Reaching safepoint: 449300 ns, At safepoint: 30700 ns, Total: 480000 ns
[2021-03-18T08:46:08.144+0000][24612][safepoint    ] Safepoint "Cleanup", Time since last: 1000741400 ns, Reaching safepoint: 333300 ns, At safepoint: 25900 ns, Total: 359200 ns
[2021-03-18T08:46:10.144+0000][24612][safepoint    ] Safepoint "Cleanup", Time since last: 1999916000 ns, Reaching safepoint: 159200 ns, At safepoint: 9500 ns, Total: 168700 ns
[2021-03-18T08:46:11.145+0000][24612][safepoint    ] Safepoint "Cleanup", Time since last: 1000271800 ns, Reaching safepoint: 373300 ns, At safepoint: 21400 ns, Total: 394700 ns
[2021-03-18T08:46:12.146+0000][24612][safepoint    ] Safepoint "Cleanup", Time since last: 1000319900 ns, Reaching safepoint: 103300 ns, At safepoint: 3000 ns, Total: 106300 ns
[2021-03-18T08:46:13.146+0000][24612][safepoint    ] Safepoint "Cleanup", Time since last: 1000179400 ns, Reaching safepoint: 227800 ns, At safepoint: 11300 ns, Total: 239100 ns
[2021-03-18T08:46:15.147+0000][24612][safepoint    ] Safepoint "Cleanup", Time since last: 2000720800 ns, Reaching safepoint: 242400 ns, At safepoint: 85000 ns, Total: 327400 ns
[2021-03-18T08:46:16.147+0000][24612][safepoint    ] Safepoint "Cleanup", Time since last: 1000237500 ns, Reaching safepoint: 195600 ns, At safepoint: 101800 ns, Total: 297400 ns
[2021-03-18T08:46:17.148+0000][24612][safepoint    ] Safepoint "Cleanup", Time since last: 1000164300 ns, Reaching safepoint: 116700 ns, At safepoint: 20800 ns, Total: 137500 ns
[2021-03-18T08:46:18.148+0000][24612][safepoint    ] Safepoint "Cleanup", Time since last: 1000527200 ns, Reaching safepoint: 119100 ns, At safepoint: 6800 ns, Total: 125900 ns
[2021-03-18T08:46:19.149+0000][24612][safepoint    ] Safepoint "Cleanup", Time since last: 1000894700 ns, Reaching safepoint: 112200 ns, At safepoint: 3400 ns, Total: 115600 ns
[2021-03-18T08:46:20.150+0000][24612][safepoint    ] Safepoint "Cleanup", Time since last: 1000247800 ns, Reaching safepoint: 162300 ns, At safepoint: 48900 ns, Total: 211200 ns
[2021-03-18T08:46:21.151+0000][24612][safepoint    ] Safepoint "Cleanup", Time since last: 1000735100 ns, Reaching safepoint: 128700 ns, At safepoint: 2900 ns, Total: 131600 ns
[2021-03-18T08:46:22.151+0000][24612][safepoint    ] Safepoint "Cleanup", Time since last: 1000536100 ns, Reaching safepoint: 165400 ns, At safepoint: 10800 ns, Total: 176200 ns
[2021-03-18T08:46:23.152+0000][24612][safepoint    ] Safepoint "Cleanup", Time since last: 1000729100 ns, Reaching safepoint: 354700 ns, At safepoint: 168500 ns, Total: 523200 ns
[2021-03-18T08:46:24.153+0000][24612][safepoint    ] Safepoint "Cleanup", Time since last: 1000356800 ns, Reaching safepoint: 129300 ns, At safepoint: 23900 ns, Total: 153200 ns
[2021-03-18T08:46:25.154+0000][24612][safepoint    ] Safepoint "Cleanup", Time since last: 1000406600 ns, Reaching safepoint: 175300 ns, At safepoint: 74800 ns, Total: 250100 ns
[2021-03-18T08:46:27.155+0000][24612][safepoint    ] Safepoint "Cleanup", Time since last: 2000581600 ns, Reaching safepoint: 250200 ns, At safepoint: 65200 ns, Total: 315400 ns
[2021-03-18T08:46:28.155+0000][24612][safepoint    ] Safepoint "Cleanup", Time since last: 1000507500 ns, Reaching safepoint: 158600 ns, At safepoint: 33300 ns, Total: 191900 ns
[2021-03-18T08:46:29.156+0000][24612][safepoint    ] Safepoint "Cleanup", Time since last: 1000446200 ns, Reaching safepoint: 136500 ns, At safepoint: 76400 ns, Total: 212900 ns
[2021-03-18T08:46:30.157+0000][24612][safepoint    ] Safepoint "Cleanup", Time since last: 1000774400 ns, Reaching safepoint: 327800 ns, At safepoint: 112000 ns, Total: 439800 ns
[2021-03-18T08:46:31.158+0000][24612][safepoint    ] Safepoint "Cleanup", Time since last: 1000159900 ns, Reaching safepoint: 265100 ns, At safepoint: 107600 ns, Total: 372700 ns
[2021-03-18T08:46:32.159+0000][24612][safepoint    ] Safepoint "Cleanup", Time since last: 1000696900 ns, Reaching safepoint: 314600 ns, At safepoint: 14300 ns, Total: 328900 ns
[2021-03-18T08:46:34.159+0000][24612][safepoint    ] Safepoint "Cleanup", Time since last: 2000138000 ns, Reaching safepoint: 142000 ns, At safepoint: 90900 ns, Total: 232900 ns
[2021-03-18T08:46:35.159+0000][24612][safepoint    ] Safepoint "Cleanup", Time since last: 1000084600 ns, Reaching safepoint: 265400 ns, At safepoint: 16300 ns, Total: 281700 ns
[2021-03-18T08:46:37.160+0000][24612][safepoint    ] Safepoint "Cleanup", Time since last: 2000221900 ns, Reaching safepoint: 178000 ns, At safepoint: 9200 ns, Total: 187200 ns
[2021-03-18T08:46:38.160+0000][24612][safepoint    ] Safepoint "Cleanup", Time since last: 1000177400 ns, Reaching safepoint: 238200 ns, At safepoint: 61100 ns, Total: 299300 ns
[2021-03-18T08:46:39.161+0000][24612][safepoint    ] Safepoint "Cleanup", Time since last: 1000014600 ns, Reaching safepoint: 361800 ns, At safepoint: 17500 ns, Total: 379300 ns
[2021-03-18T08:46:41.162+0000][24612][safepoint    ] Safepoint "Cleanup", Time since last: 2000894200 ns, Reaching safepoint: 201200 ns, At safepoint: 37500 ns, Total: 238700 ns
[2021-03-18T08:46:42.163+0000][24612][safepoint    ] Safepoint "Cleanup", Time since last: 1000510300 ns, Reaching safepoint: 115800 ns, At safepoint: 31600 ns, Total: 147400 ns
[2021-03-18T08:46:44.164+0000][24612][safepoint    ] Safepoint "Cleanup", Time since last: 2000925400 ns, Reaching safepoint: 136300 ns, At safepoint: 18700 ns, Total: 155000 ns
[2021-03-18T08:46:45.165+0000][24612][safepoint    ] Safepoint "Cleanup", Time since last: 1000765000 ns, Reaching safepoint: 121900 ns, At safepoint: 35200 ns, Total: 157100 ns
[2021-03-18T08:46:46.165+0000][24612][safepoint    ] Safepoint "Cleanup", Time since last: 1000561600 ns, Reaching safepoint: 111200 ns, At safepoint: 3400 ns, Total: 114600 ns
[2021-03-18T08:46:47.165+0000][24612][safepoint    ] Safepoint "Cleanup", Time since last: 1000087000 ns, Reaching safepoint: 142300 ns, At safepoint: 4500 ns, Total: 146800 ns
[2021-03-18T08:46:49.167+0000][24612][safepoint    ] Safepoint "Cleanup", Time since last: 2000952500 ns, Reaching safepoint: 217900 ns, At safepoint: 28900 ns, Total: 246800 ns
[2021-03-18T08:46:50.167+0000][24612][safepoint    ] Safepoint "Cleanup", Time since last: 1000253900 ns, Reaching safepoint: 124900 ns, At safepoint: 63600 ns, Total: 188500 ns
[2021-03-18T08:46:52.168+0000][24612][safepoint    ] Safepoint "Cleanup", Time since last: 2000464200 ns, Reaching safepoint: 186200 ns, At safepoint: 36600 ns, Total: 222800 ns
[2021-03-18T08:46:53.168+0000][24612][safepoint    ] Safepoint "Cleanup", Time since last: 1000066100 ns, Reaching safepoint: 148600 ns, At safepoint: 20800 ns, Total: 169400 ns
[2021-03-18T08:46:55.169+0000][24612][safepoint    ] Safepoint "Cleanup", Time since last: 2000440100 ns, Reaching safepoint: 339600 ns, At safepoint: 136800 ns, Total: 476400 ns
[2021-03-18T08:46:56.171+0000][24612][safepoint    ] Safepoint "Cleanup", Time since last: 1001534200 ns, Reaching safepoint: 120700 ns, At safepoint: 8200 ns, Total: 128900 ns
[2021-03-18T08:46:57.171+0000][24612][safepoint    ] Safepoint "Cleanup", Time since last: 1000307900 ns, Reaching safepoint: 383800 ns, At safepoint: 27700 ns, Total: 411500 ns
[2021-03-18T08:46:58.172+0000][24612][safepoint    ] Safepoint "Cleanup", Time since last: 1000947200 ns, Reaching safepoint: 340000 ns, At safepoint: 21600 ns, Total: 361600 ns
[2021-03-18T08:46:59.173+0000][24612][safepoint    ] Safepoint "Cleanup", Time since last: 1000247000 ns, Reaching safepoint: 115200 ns, At safepoint: 6200 ns, Total: 121400 ns
[2021-03-18T08:47:00.173+0000][24612][safepoint    ] Safepoint "Cleanup", Time since last: 1000063000 ns, Reaching safepoint: 318100 ns, At safepoint: 17700 ns, Total: 335800 ns
[2021-03-18T08:47:02.173+0000][24612][safepoint    ] Safepoint "Cleanup", Time since last: 1999917500 ns, Reaching safepoint: 150100 ns, At safepoint: 6100 ns, Total: 156200 ns
[2021-03-18T08:47:03.174+0000][24612][safepoint    ] Safepoint "Cleanup", Time since last: 1000370900 ns, Reaching safepoint: 144300 ns, At safepoint: 9100 ns, Total: 153400 ns
[2021-03-18T08:47:05.175+0000][24612][safepoint    ] Safepoint "Cleanup", Time since last: 2000541700 ns, Reaching safepoint: 737100 ns, At safepoint: 91000 ns, Total: 828100 ns
[2021-03-18T08:47:06.176+0000][24612][safepoint    ] Safepoint "Cleanup", Time since last: 1000636500 ns, Reaching safepoint: 132300 ns, At safepoint: 5000 ns, Total: 137300 ns
[2021-03-18T08:47:07.177+0000][24612][safepoint    ] Safepoint "Cleanup", Time since last: 1000718200 ns, Reaching safepoint: 191000 ns, At safepoint: 51500 ns, Total: 242500 ns
[2021-03-18T08:47:08.178+0000][24612][safepoint    ] Safepoint "Cleanup", Time since last: 1000700100 ns, Reaching safepoint: 452800 ns, At safepoint: 26600 ns, Total: 479400 ns
[2021-03-18T08:47:09.178+0000][24612][safepoint    ] Safepoint "Cleanup", Time since last: 1000025900 ns, Reaching safepoint: 201600 ns, At safepoint: 10400 ns, Total: 212000 ns
[2021-03-18T08:47:10.179+0000][24612][safepoint    ] Safepoint "Cleanup", Time since last: 1000215000 ns, Reaching safepoint: 437400 ns, At safepoint: 24900 ns, Total: 462300 ns
[2021-03-18T08:47:11.179+0000][24612][safepoint    ] Safepoint "Cleanup", Time since last: 1000043900 ns, Reaching safepoint: 168100 ns, At safepoint: 6500 ns, Total: 174600 ns
[2021-03-18T08:47:12.180+0000][24612][safepoint    ] Safepoint "Cleanup", Time since last: 1000273600 ns, Reaching safepoint: 458100 ns, At safepoint: 26400 ns, Total: 484500 ns
[2021-03-18T08:47:13.180+0000][24612][safepoint    ] Safepoint "Cleanup", Time since last: 1000088200 ns, Reaching safepoint: 133500 ns, At safepoint: 5900 ns, Total: 139400 ns
[2021-03-18T08:47:14.181+0000][24612][safepoint    ] Safepoint "Cleanup", Time since last: 1000764100 ns, Reaching safepoint: 166300 ns, At safepoint: 8200 ns, Total: 174500 ns
[2021-03-18T08:47:16.181+0000][24612][safepoint    ] Safepoint "Cleanup", Time since last: 2000024200 ns, Reaching safepoint: 117800 ns, At safepoint: 7400 ns, Total: 125200 ns
[2021-03-18T08:47:17.182+0000][24612][safepoint    ] Safepoint "Cleanup", Time since last: 1000476200 ns, Reaching safepoint: 340400 ns, At safepoint: 21000 ns, Total: 361400 ns
[2021-03-18T08:47:19.182+0000][24612][safepoint    ] Safepoint "Cleanup", Time since last: 1999834100 ns, Reaching safepoint: 330300 ns, At safepoint: 14700 ns, Total: 345000 ns
[2021-03-18T08:47:21.183+0000][24612][safepoint    ] Safepoint "Cleanup", Time since last: 2000419400 ns, Reaching safepoint: 159900 ns, At safepoint: 24400 ns, Total: 184300 ns
[2021-03-18T08:47:22.184+0000][24612][safepoint    ] Safepoint "Cleanup", Time since last: 1000723300 ns, Reaching safepoint: 140600 ns, At safepoint: 2900 ns, Total: 143500 ns
[2021-03-18T08:47:23.185+0000][24612][safepoint    ] Safepoint "Cleanup", Time since last: 1001115400 ns, Reaching safepoint: 366300 ns, At safepoint: 16200 ns, Total: 382500 ns
[2021-03-18T08:47:24.186+0000][24612][safepoint    ] Safepoint "Cleanup", Time since last: 1000315500 ns, Reaching safepoint: 440900 ns, At safepoint: 31400 ns, Total: 472300 ns
[2021-03-18T08:47:26.186+0000][24612][safepoint    ] Safepoint "Cleanup", Time since last: 1999905900 ns, Reaching safepoint: 149400 ns, At safepoint: 4100 ns, Total: 153500 ns
[2021-03-18T08:47:28.126+0000][24612][safepoint    ] Safepoint "Cleanup", Time since last: 1939604300 ns, Reaching safepoint: 368100 ns, At safepoint: 122600 ns, Total: 490700 ns
[2021-03-18T08:47:30.126+0000][24612][safepoint    ] Safepoint "Cleanup", Time since last: 1999999500 ns, Reaching safepoint: 395500 ns, At safepoint: 79100 ns, Total: 474600 ns
[2021-03-18T08:47:31.127+0000][24612][safepoint    ] Safepoint "Cleanup", Time since last: 1000559500 ns, Reaching safepoint: 188100 ns, At safepoint: 55200 ns, Total: 243300 ns
[2021-03-18T08:47:33.128+0000][24612][safepoint    ] Safepoint "Cleanup", Time since last: 1999942400 ns, Reaching safepoint: 86000 ns, At safepoint: 49800 ns, Total: 135800 ns
[2021-03-18T08:47:34.128+0000][24612][safepoint    ] Safepoint "Cleanup", Time since last: 1000269000 ns, Reaching safepoint: 198100 ns, At safepoint: 29900 ns, Total: 228000 ns
[2021-03-18T08:47:35.128+0000][24612][safepoint    ] Safepoint "Cleanup", Time since last: 1000264000 ns, Reaching safepoint: 441000 ns, At safepoint: 170200 ns, Total: 611200 ns
[2021-03-18T08:47:36.130+0000][24612][safepoint    ] Safepoint "Cleanup", Time since last: 1000691100 ns, Reaching safepoint: 217800 ns, At safepoint: 5100 ns, Total: 222900 ns
[2021-03-18T08:47:37.131+0000][24612][safepoint    ] Safepoint "Cleanup", Time since last: 1000527100 ns, Reaching safepoint: 144100 ns, At safepoint: 6900 ns, Total: 151000 ns
[2021-03-18T08:47:38.131+0000][24612][safepoint    ] Safepoint "Cleanup", Time since last: 1000004600 ns, Reaching safepoint: 160000 ns, At safepoint: 11800 ns, Total: 171800 ns
[2021-03-18T08:47:40.131+0000][24612][safepoint    ] Safepoint "Cleanup", Time since last: 2000230100 ns, Reaching safepoint: 173700 ns, At safepoint: 8800 ns, Total: 182500 ns
[2021-03-18T08:47:41.132+0000][24612][safepoint    ] Safepoint "Cleanup", Time since last: 1001053700 ns, Reaching safepoint: 141300 ns, At safepoint: 58800 ns, Total: 200100 ns
[2021-03-18T08:47:42.133+0000][24612][safepoint    ] Safepoint "Cleanup", Time since last: 1000162600 ns, Reaching safepoint: 205600 ns, At safepoint: 32400 ns, Total: 238000 ns
[2021-03-18T08:47:43.133+0000][24612][safepoint    ] Safepoint "Cleanup", Time since last: 1000443800 ns, Reaching safepoint: 325000 ns, At safepoint: 125200 ns, Total: 450200 ns
[2021-03-18T08:47:44.134+0000][24612][safepoint    ] Safepoint "Cleanup", Time since last: 1000465500 ns, Reaching safepoint: 127400 ns, At safepoint: 69600 ns, Total: 197000 ns
[2021-03-18T08:47:45.134+0000][24612][safepoint    ] Safepoint "Cleanup", Time since last: 1000068200 ns, Reaching safepoint: 435200 ns, At safepoint: 140700 ns, Total: 575900 ns
[2021-03-18T08:47:46.135+0000][24612][safepoint    ] Safepoint "Cleanup", Time since last: 1000386800 ns, Reaching safepoint: 197100 ns, At safepoint: 8600 ns, Total: 205700 ns
[2021-03-18T08:47:47.136+0000][24612][safepoint    ] Safepoint "Cleanup", Time since last: 1000756000 ns, Reaching safepoint: 333300 ns, At safepoint: 15800 ns, Total: 349100 ns
[2021-03-18T08:47:48.137+0000][24612][safepoint    ] Safepoint "Cleanup", Time since last: 1000291600 ns, Reaching safepoint: 371600 ns, At safepoint: 21600 ns, Total: 393200 ns
[2021-03-18T08:47:49.138+0000][24612][safepoint    ] Safepoint "Cleanup", Time since last: 1000108200 ns, Reaching safepoint: 164500 ns, At safepoint: 6600 ns, Total: 171100 ns
[2021-03-18T08:47:50.138+0000][24612][safepoint    ] Safepoint "Cleanup", Time since last: 1000176200 ns, Reaching safepoint: 158900 ns, At safepoint: 5800 ns, Total: 164700 ns
[2021-03-18T08:47:51.138+0000][24612][safepoint    ] Safepoint "Cleanup", Time since last: 1000037500 ns, Reaching safepoint: 91400 ns, At safepoint: 2800 ns, Total: 94200 ns
[2021-03-18T08:47:53.139+0000][24612][safepoint    ] Safepoint "Cleanup", Time since last: 2000650700 ns, Reaching safepoint: 160700 ns, At safepoint: 28800 ns, Total: 189500 ns
[2021-03-18T08:47:54.139+0000][24612][safepoint    ] Safepoint "Cleanup", Time since last: 1000260200 ns, Reaching safepoint: 223400 ns, At safepoint: 17200 ns, Total: 240600 ns
[2021-03-18T08:47:55.140+0000][24612][safepoint    ] Safepoint "Cleanup", Time since last: 1000416400 ns, Reaching safepoint: 139300 ns, At safepoint: 10400 ns, Total: 149700 ns
[2021-03-18T08:47:56.141+0000][24612][safepoint    ] Safepoint "Cleanup", Time since last: 1000396400 ns, Reaching safepoint: 152500 ns, At safepoint: 6000 ns, Total: 158500 ns
[2021-03-18T08:47:57.141+0000][24612][safepoint    ] Safepoint "Cleanup", Time since last: 1000236200 ns, Reaching safepoint: 383900 ns, At safepoint: 33900 ns, Total: 417800 ns
[2021-03-18T08:47:58.142+0000][24612][safepoint    ] Safepoint "Cleanup", Time since last: 1000320000 ns, Reaching safepoint: 160100 ns, At safepoint: 10900 ns, Total: 171000 ns
[2021-03-18T08:47:59.142+0000][24612][safepoint    ] Safepoint "Cleanup", Time since last: 1000160100 ns, Reaching safepoint: 256600 ns, At safepoint: 5400 ns, Total: 262000 ns
[2021-03-18T08:48:00.143+0000][24612][safepoint    ] Safepoint "Cleanup", Time since last: 1000615400 ns, Reaching safepoint: 438100 ns, At safepoint: 27700 ns, Total: 465800 ns
[2021-03-18T08:48:01.144+0000][24612][safepoint    ] Safepoint "Cleanup", Time since last: 1000414500 ns, Reaching safepoint: 119400 ns, At safepoint: 8200 ns, Total: 127600 ns
[2021-03-18T08:48:02.145+0000][24612][safepoint    ] Safepoint "Cleanup", Time since last: 1001087500 ns, Reaching safepoint: 162600 ns, At safepoint: 7700 ns, Total: 170300 ns
[2021-03-18T08:48:03.146+0000][24612][safepoint    ] Safepoint "Cleanup", Time since last: 1000933100 ns, Reaching safepoint: 453900 ns, At safepoint: 27000 ns, Total: 480900 ns
[2021-03-18T08:48:04.147+0000][24612][safepoint    ] Safepoint "Cleanup", Time since last: 1000697600 ns, Reaching safepoint: 250200 ns, At safepoint: 12200 ns, Total: 262400 ns
[2021-03-18T08:48:06.148+0000][24612][safepoint    ] Safepoint "Cleanup", Time since last: 2000823800 ns, Reaching safepoint: 122400 ns, At safepoint: 3800 ns, Total: 126200 ns
[2021-03-18T08:48:07.148+0000][24612][safepoint    ] Safepoint "Cleanup", Time since last: 1000128000 ns, Reaching safepoint: 132800 ns, At safepoint: 5500 ns, Total: 138300 ns
[2021-03-18T08:48:08.149+0000][24612][safepoint    ] Safepoint "Cleanup", Time since last: 1000090900 ns, Reaching safepoint: 98900 ns, At safepoint: 6500 ns, Total: 105400 ns
[2021-03-18T08:48:09.150+0000][24612][safepoint    ] Safepoint "Cleanup", Time since last: 1000993600 ns, Reaching safepoint: 363500 ns, At safepoint: 19200 ns, Total: 382700 ns
[2021-03-18T08:48:10.150+0000][24612][safepoint    ] Safepoint "Cleanup", Time since last: 1000406900 ns, Reaching safepoint: 338300 ns, At safepoint: 21500 ns, Total: 359800 ns
[2021-03-18T08:48:12.151+0000][24612][safepoint    ] Safepoint "Cleanup", Time since last: 2000513400 ns, Reaching safepoint: 325400 ns, At safepoint: 23600 ns, Total: 349000 ns
[2021-03-18T08:48:14.152+0000][24612][safepoint    ] Safepoint "Cleanup", Time since last: 2000506300 ns, Reaching safepoint: 143400 ns, At safepoint: 4800 ns, Total: 148200 ns
[2021-03-18T08:48:15.152+0000][24612][safepoint    ] Safepoint "Cleanup", Time since last: 1000065600 ns, Reaching safepoint: 145800 ns, At safepoint: 3100 ns, Total: 148900 ns
[2021-03-18T08:48:16.153+0000][24612][safepoint    ] Safepoint "Cleanup", Time since last: 1000585900 ns, Reaching safepoint: 433300 ns, At safepoint: 29100 ns, Total: 462400 ns
[2021-03-18T08:48:17.154+0000][24612][safepoint    ] Safepoint "Cleanup", Time since last: 1000283100 ns, Reaching safepoint: 148900 ns, At safepoint: 8300 ns, Total: 157200 ns
[2021-03-18T08:48:18.154+0000][24612][safepoint    ] Safepoint "Cleanup", Time since last: 1000326900 ns, Reaching safepoint: 462400 ns, At safepoint: 32100 ns, Total: 494500 ns
[2021-03-18T08:48:19.155+0000][24612][safepoint    ] Safepoint "Cleanup", Time since last: 1000013300 ns, Reaching safepoint: 122700 ns, At safepoint: 6100 ns, Total: 128800 ns
[2021-03-18T08:48:20.156+0000][24612][safepoint    ] Safepoint "Cleanup", Time since last: 1000493500 ns, Reaching safepoint: 139000 ns, At safepoint: 6100 ns, Total: 145100 ns
[2021-03-18T08:48:21.156+0000][24612][safepoint    ] Safepoint "Cleanup", Time since last: 1000091800 ns, Reaching safepoint: 250500 ns, At safepoint: 21700 ns, Total: 272200 ns
[2021-03-18T08:48:23.156+0000][24612][safepoint    ] Safepoint "Cleanup", Time since last: 2000416500 ns, Reaching safepoint: 372600 ns, At safepoint: 15200 ns, Total: 387800 ns
[2021-03-18T08:48:24.157+0000][24612][safepoint    ] Safepoint "Cleanup", Time since last: 1000144200 ns, Reaching safepoint: 102200 ns, At safepoint: 2800 ns, Total: 105000 ns
[2021-03-18T08:48:25.158+0000][24612][safepoint    ] Safepoint "Cleanup", Time since last: 1000457900 ns, Reaching safepoint: 141000 ns, At safepoint: 3500 ns, Total: 144500 ns
[2021-03-18T08:48:26.158+0000][24612][safepoint    ] Safepoint "Cleanup", Time since last: 1000447800 ns, Reaching safepoint: 238000 ns, At safepoint: 10600 ns, Total: 248600 ns
[2021-03-18T08:48:27.159+0000][24612][safepoint    ] Safepoint "Cleanup", Time since last: 1000461100 ns, Reaching safepoint: 101400 ns, At safepoint: 2400 ns, Total: 103800 ns
[2021-03-18T08:48:28.160+0000][24612][safepoint    ] Safepoint "Cleanup", Time since last: 1000943000 ns, Reaching safepoint: 126600 ns, At safepoint: 13400 ns, Total: 140000 ns
[2021-03-18T08:48:29.161+0000][24612][safepoint    ] Safepoint "Cleanup", Time since last: 1001025400 ns, Reaching safepoint: 129700 ns, At safepoint: 7200 ns, Total: 136900 ns
[2021-03-18T08:48:30.161+0000][24612][safepoint    ] Safepoint "Cleanup", Time since last: 1000158300 ns, Reaching safepoint: 153700 ns, At safepoint: 5700 ns, Total: 159400 ns
[2021-03-18T08:48:31.162+0000][24612][safepoint    ] Safepoint "Cleanup", Time since last: 1000873600 ns, Reaching safepoint: 127200 ns, At safepoint: 4600 ns, Total: 131800 ns
[2021-03-18T08:48:32.163+0000][24612][safepoint    ] Safepoint "Cleanup", Time since last: 1000398500 ns, Reaching safepoint: 114600 ns, At safepoint: 2800 ns, Total: 117400 ns
[2021-03-18T08:48:33.163+0000][24612][safepoint    ] Safepoint "Cleanup", Time since last: 1000288400 ns, Reaching safepoint: 360700 ns, At safepoint: 18300 ns, Total: 379000 ns
[2021-03-18T08:48:34.164+0000][24612][safepoint    ] Safepoint "Cleanup", Time since last: 1000061900 ns, Reaching safepoint: 114100 ns, At safepoint: 6500 ns, Total: 120600 ns
[2021-03-18T08:48:35.164+0000][24612][safepoint    ] Safepoint "Cleanup", Time since last: 1000422300 ns, Reaching safepoint: 142200 ns, At safepoint: 7200 ns, Total: 149400 ns
[2021-03-18T08:48:36.165+0000][24612][safepoint    ] Safepoint "Cleanup", Time since last: 1000321500 ns, Reaching safepoint: 128700 ns, At safepoint: 4000 ns, Total: 132700 ns
[2021-03-18T08:48:37.165+0000][24612][safepoint    ] Safepoint "Cleanup", Time since last: 1000604500 ns, Reaching safepoint: 138800 ns, At safepoint: 8700 ns, Total: 147500 ns
[2021-03-18T08:48:38.166+0000][24612][safepoint    ] Safepoint "Cleanup", Time since last: 1000225100 ns, Reaching safepoint: 207500 ns, At safepoint: 4600 ns, Total: 212100 ns
[2021-03-18T08:48:39.166+0000][24612][safepoint    ] Safepoint "Cleanup", Time since last: 1000402400 ns, Reaching safepoint: 147600 ns, At safepoint: 3300 ns, Total: 150900 ns
[2021-03-18T08:48:40.167+0000][24612][safepoint    ] Safepoint "Cleanup", Time since last: 1000750300 ns, Reaching safepoint: 119100 ns, At safepoint: 3400 ns, Total: 122500 ns
[2021-03-18T08:48:41.168+0000][24612][safepoint    ] Safepoint "Cleanup", Time since last: 1000480300 ns, Reaching safepoint: 282100 ns, At safepoint: 16800 ns, Total: 298900 ns
[2021-03-18T08:48:43.169+0000][24612][safepoint    ] Safepoint "Cleanup", Time since last: 2000382400 ns, Reaching safepoint: 199500 ns, At safepoint: 6900 ns, Total: 206400 ns
[2021-03-18T08:48:44.169+0000][24612][safepoint    ] Safepoint "Cleanup", Time since last: 1000315700 ns, Reaching safepoint: 169500 ns, At safepoint: 8400 ns, Total: 177900 ns
[2021-03-18T08:48:45.170+0000][24612][safepoint    ] Safepoint "Cleanup", Time since last: 1000585500 ns, Reaching safepoint: 234300 ns, At safepoint: 12400 ns, Total: 246700 ns
[2021-03-18T08:48:46.171+0000][24612][safepoint    ] Safepoint "Cleanup", Time since last: 1000622900 ns, Reaching safepoint: 133200 ns, At safepoint: 4900 ns, Total: 138100 ns
[2021-03-18T08:48:47.172+0000][24612][safepoint    ] Safepoint "Cleanup", Time since last: 1000815800 ns, Reaching safepoint: 138800 ns, At safepoint: 5100 ns, Total: 143900 ns
[2021-03-18T08:48:48.172+0000][24612][safepoint    ] Safepoint "Cleanup", Time since last: 1000270400 ns, Reaching safepoint: 124600 ns, At safepoint: 4600 ns, Total: 129200 ns
[2021-03-18T08:48:49.172+0000][24612][safepoint    ] Safepoint "Cleanup", Time since last: 1000211200 ns, Reaching safepoint: 221600 ns, At safepoint: 12400 ns, Total: 234000 ns
[2021-03-18T08:48:50.173+0000][24612][safepoint    ] Safepoint "Cleanup", Time since last: 1000166800 ns, Reaching safepoint: 237700 ns, At safepoint: 14500 ns, Total: 252200 ns
[2021-03-18T08:48:51.173+0000][24612][safepoint    ] Safepoint "Cleanup", Time since last: 1000066500 ns, Reaching safepoint: 157600 ns, At safepoint: 5700 ns, Total: 163300 ns
[2021-03-18T08:48:52.174+0000][24612][safepoint    ] Safepoint "Cleanup", Time since last: 1000491200 ns, Reaching safepoint: 223300 ns, At safepoint: 7400 ns, Total: 230700 ns
[2021-03-18T08:48:53.175+0000][24612][safepoint    ] Safepoint "Cleanup", Time since last: 1000740300 ns, Reaching safepoint: 300800 ns, At safepoint: 11800 ns, Total: 312600 ns
[2021-03-18T08:48:54.175+0000][24612][safepoint    ] Safepoint "Cleanup", Time since last: 1000203600 ns, Reaching safepoint: 96000 ns, At safepoint: 3600 ns, Total: 99600 ns
[2021-03-18T08:48:55.175+0000][24612][safepoint    ] Safepoint "Cleanup", Time since last: 1000047700 ns, Reaching safepoint: 89800 ns, At safepoint: 6700 ns, Total: 96500 ns
[2021-03-18T08:48:56.176+0000][24612][safepoint    ] Safepoint "Cleanup", Time since last: 1000550100 ns, Reaching safepoint: 95000 ns, At safepoint: 7600 ns, Total: 102600 ns
[2021-03-18T08:48:57.177+0000][24612][safepoint    ] Safepoint "Cleanup", Time since last: 1000728500 ns, Reaching safepoint: 195800 ns, At safepoint: 10900 ns, Total: 206700 ns
[2021-03-18T08:48:58.177+0000][24612][safepoint    ] Safepoint "Cleanup", Time since last: 1000148800 ns, Reaching safepoint: 101700 ns, At safepoint: 9500 ns, Total: 111200 ns
[2021-03-18T08:48:59.177+0000][24612][safepoint    ] Safepoint "Cleanup", Time since last: 1000081800 ns, Reaching safepoint: 150600 ns, At safepoint: 6100 ns, Total: 156700 ns
[2021-03-18T08:49:00.178+0000][24612][safepoint    ] Safepoint "Cleanup", Time since last: 1000690000 ns, Reaching safepoint: 235200 ns, At safepoint: 13800 ns, Total: 249000 ns
[2021-03-18T08:49:01.179+0000][24612][safepoint    ] Safepoint "Cleanup", Time since last: 1000046200 ns, Reaching safepoint: 161500 ns, At safepoint: 4600 ns, Total: 166100 ns
[2021-03-18T08:49:02.179+0000][24612][safepoint    ] Safepoint "Cleanup", Time since last: 1000712600 ns, Reaching safepoint: 153500 ns, At safepoint: 8500 ns, Total: 162000 ns
[2021-03-18T08:49:03.180+0000][24612][safepoint    ] Safepoint "Cleanup", Time since last: 1000701600 ns, Reaching safepoint: 140400 ns, At safepoint: 5800 ns, Total: 146200 ns
[2021-03-18T08:49:05.181+0000][24612][safepoint    ] Safepoint "Cleanup", Time since last: 2000802500 ns, Reaching safepoint: 416100 ns, At safepoint: 24000 ns, Total: 440100 ns
[2021-03-18T08:49:06.182+0000][24612][safepoint    ] Safepoint "Cleanup", Time since last: 1000165500 ns, Reaching safepoint: 546400 ns, At safepoint: 62400 ns, Total: 608800 ns
[2021-03-18T08:49:07.183+0000][24612][safepoint    ] Safepoint "Cleanup", Time since last: 1000576600 ns, Reaching safepoint: 186400 ns, At safepoint: 8700 ns, Total: 195100 ns
[2021-03-18T08:49:08.183+0000][24612][safepoint    ] Safepoint "Cleanup", Time since last: 1000033400 ns, Reaching safepoint: 239600 ns, At safepoint: 6700 ns, Total: 246300 ns
[2021-03-18T08:49:09.184+0000][24612][safepoint    ] Safepoint "Cleanup", Time since last: 1000595100 ns, Reaching safepoint: 171700 ns, At safepoint: 10500 ns, Total: 182200 ns
[2021-03-18T08:49:10.184+0000][24612][safepoint    ] Safepoint "Cleanup", Time since last: 1000069100 ns, Reaching safepoint: 284800 ns, At safepoint: 8500 ns, Total: 293300 ns
[2021-03-18T08:49:11.185+0000][24612][safepoint    ] Safepoint "Cleanup", Time since last: 1000643100 ns, Reaching safepoint: 117200 ns, At safepoint: 3800 ns, Total: 121000 ns
[2021-03-18T08:49:12.186+0000][24612][safepoint    ] Safepoint "Cleanup", Time since last: 1000840200 ns, Reaching safepoint: 107400 ns, At safepoint: 9500 ns, Total: 116900 ns
[2021-03-18T08:49:13.870+0000][24612][safepoint    ] Safepoint "Cleanup", Time since last: 1684109700 ns, Reaching safepoint: 124400 ns, At safepoint: 16600 ns, Total: 141000 ns
[2021-03-18T08:49:14.872+0000][24612][safepoint    ] Safepoint "Cleanup", Time since last: 1000958000 ns, Reaching safepoint: 150900 ns, At safepoint: 8800 ns, Total: 159700 ns
[2021-03-18T08:49:15.873+0000][24612][safepoint    ] Safepoint "Cleanup", Time since last: 1001009800 ns, Reaching safepoint: 129400 ns, At safepoint: 5700 ns, Total: 135100 ns
[2021-03-18T08:49:16.873+0000][24612][safepoint    ] Safepoint "Cleanup", Time since last: 1000532000 ns, Reaching safepoint: 90000 ns, At safepoint: 4200 ns, Total: 94200 ns
[2021-03-18T08:49:17.874+0000][24612][safepoint    ] Safepoint "Cleanup", Time since last: 1000580600 ns, Reaching safepoint: 181900 ns, At safepoint: 23000 ns, Total: 204900 ns
[2021-03-18T08:49:18.875+0000][24612][safepoint    ] Safepoint "Cleanup", Time since last: 1000671100 ns, Reaching safepoint: 159300 ns, At safepoint: 5700 ns, Total: 165000 ns
[2021-03-18T08:49:19.875+0000][24612][safepoint    ] Safepoint "Cleanup", Time since last: 1000233900 ns, Reaching safepoint: 138200 ns, At safepoint: 8500 ns, Total: 146700 ns
[2021-03-18T08:49:20.876+0000][24612][safepoint    ] Safepoint "Cleanup", Time since last: 1000437300 ns, Reaching safepoint: 123800 ns, At safepoint: 3700 ns, Total: 127500 ns
[2021-03-18T08:49:21.876+0000][24612][safepoint    ] Safepoint "Cleanup", Time since last: 1000066600 ns, Reaching safepoint: 120400 ns, At safepoint: 4100 ns, Total: 124500 ns
[2021-03-18T08:49:22.877+0000][24612][safepoint    ] Safepoint "Cleanup", Time since last: 1000530000 ns, Reaching safepoint: 113200 ns, At safepoint: 2800 ns, Total: 116000 ns
[2021-03-18T08:49:23.877+0000][24612][safepoint    ] Safepoint "Cleanup", Time since last: 1000268000 ns, Reaching safepoint: 177700 ns, At safepoint: 7900 ns, Total: 185600 ns
[2021-03-18T08:49:24.878+0000][24612][safepoint    ] Safepoint "Cleanup", Time since last: 1000696600 ns, Reaching safepoint: 149000 ns, At safepoint: 4300 ns, Total: 153300 ns
[2021-03-18T08:49:25.879+0000][24612][safepoint    ] Safepoint "Cleanup", Time since last: 1000404900 ns, Reaching safepoint: 190200 ns, At safepoint: 12500 ns, Total: 202700 ns
[2021-03-18T08:49:26.879+0000][24612][safepoint    ] Safepoint "Cleanup", Time since last: 1000344200 ns, Reaching safepoint: 136600 ns, At safepoint: 5000 ns, Total: 141600 ns
[2021-03-18T08:49:27.113+0000][24612][safepoint    ] Safepoint "BulkRevokeBias", Time since last: 232381100 ns, Reaching safepoint: 142500 ns, At safepoint: 1426200 ns, Total: 1568700 ns
[2021-03-18T08:49:28.114+0000][24612][safepoint    ] Safepoint "Cleanup", Time since last: 1000427500 ns, Reaching safepoint: 513600 ns, At safepoint: 49600 ns, Total: 563200 ns
[2021-03-18T08:49:29.114+0000][24612][safepoint    ] Safepoint "Cleanup", Time since last: 1000147900 ns, Reaching safepoint: 206800 ns, At safepoint: 91100 ns, Total: 297900 ns
[2021-03-18T08:49:30.115+0000][24612][safepoint    ] Safepoint "Cleanup", Time since last: 1000378300 ns, Reaching safepoint: 365200 ns, At safepoint: 132700 ns, Total: 497900 ns
[2021-03-18T08:49:32.116+0000][24612][safepoint    ] Safepoint "Cleanup", Time since last: 2000104700 ns, Reaching safepoint: 324000 ns, At safepoint: 22200 ns, Total: 346200 ns
[2021-03-18T08:49:33.116+0000][24612][safepoint    ] Safepoint "Cleanup", Time since last: 1000521700 ns, Reaching safepoint: 272000 ns, At safepoint: 120300 ns, Total: 392300 ns
[2021-03-18T08:49:35.117+0000][24612][safepoint    ] Safepoint "Cleanup", Time since last: 2000014300 ns, Reaching safepoint: 174300 ns, At safepoint: 70600 ns, Total: 244900 ns
[2021-03-18T08:49:36.117+0000][24612][safepoint    ] Safepoint "Cleanup", Time since last: 1000358400 ns, Reaching safepoint: 199900 ns, At safepoint: 71600 ns, Total: 271500 ns
[2021-03-18T08:49:37.118+0000][24612][safepoint    ] Safepoint "Cleanup", Time since last: 1000079100 ns, Reaching safepoint: 475100 ns, At safepoint: 133400 ns, Total: 608500 ns
[2021-03-18T08:49:38.119+0000][24612][safepoint    ] Safepoint "Cleanup", Time since last: 1000527200 ns, Reaching safepoint: 175300 ns, At safepoint: 4700 ns, Total: 180000 ns
[2021-03-18T08:49:39.120+0000][24612][safepoint    ] Safepoint "Cleanup", Time since last: 1000471800 ns, Reaching safepoint: 211900 ns, At safepoint: 12200 ns, Total: 224100 ns
[2021-03-18T08:49:41.121+0000][24612][safepoint    ] Safepoint "Cleanup", Time since last: 2000802000 ns, Reaching safepoint: 130400 ns, At safepoint: 33600 ns, Total: 164000 ns
[2021-03-18T08:49:42.121+0000][24612][safepoint    ] Safepoint "Cleanup", Time since last: 1000666700 ns, Reaching safepoint: 159800 ns, At safepoint: 60100 ns, Total: 219900 ns
[2021-03-18T08:49:43.122+0000][24612][safepoint    ] Safepoint "Cleanup", Time since last: 1000835200 ns, Reaching safepoint: 316300 ns, At safepoint: 71300 ns, Total: 387600 ns
[2021-03-18T08:49:44.123+0000][24612][safepoint    ] Safepoint "Cleanup", Time since last: 1000510200 ns, Reaching safepoint: 144600 ns, At safepoint: 4000 ns, Total: 148600 ns
[2021-03-18T08:49:45.427+0000][24612][safepoint    ] Safepoint "Cleanup", Time since last: 1303479500 ns, Reaching safepoint: 426300 ns, At safepoint: 26700 ns, Total: 453000 ns
[2021-03-18T08:49:47.428+0000][24612][safepoint    ] Safepoint "Cleanup", Time since last: 2000312900 ns, Reaching safepoint: 203700 ns, At safepoint: 7200 ns, Total: 210900 ns
[2021-03-18T08:49:48.429+0000][24612][safepoint    ] Safepoint "Cleanup", Time since last: 1000837900 ns, Reaching safepoint: 382100 ns, At safepoint: 14400 ns, Total: 396500 ns
[2021-03-18T08:49:49.429+0000][24612][safepoint    ] Safepoint "Cleanup", Time since last: 1000257700 ns, Reaching safepoint: 107300 ns, At safepoint: 8000 ns, Total: 115300 ns
[2021-03-18T08:49:50.430+0000][24612][safepoint    ] Safepoint "Cleanup", Time since last: 1000116200 ns, Reaching safepoint: 199900 ns, At safepoint: 13600 ns, Total: 213500 ns
[2021-03-18T08:49:51.430+0000][24612][safepoint    ] Safepoint "Cleanup", Time since last: 1000377200 ns, Reaching safepoint: 144400 ns, At safepoint: 53300 ns, Total: 197700 ns
[2021-03-18T08:49:52.430+0000][24612][safepoint    ] Safepoint "Cleanup", Time since last: 1000037900 ns, Reaching safepoint: 177800 ns, At safepoint: 9400 ns, Total: 187200 ns
[2021-03-18T08:49:53.431+0000][24612][safepoint    ] Safepoint "Cleanup", Time since last: 1000013900 ns, Reaching safepoint: 370600 ns, At safepoint: 27000 ns, Total: 397600 ns
[2021-03-18T08:49:54.432+0000][24612][safepoint    ] Safepoint "Cleanup", Time since last: 1000823700 ns, Reaching safepoint: 186500 ns, At safepoint: 8700 ns, Total: 195200 ns
[2021-03-18T08:49:56.432+0000][24612][safepoint    ] Safepoint "Cleanup", Time since last: 2000277500 ns, Reaching safepoint: 338100 ns, At safepoint: 44600 ns, Total: 382700 ns
[2021-03-18T08:49:58.433+0000][24612][safepoint    ] Safepoint "Cleanup", Time since last: 2000036900 ns, Reaching safepoint: 150400 ns, At safepoint: 2400 ns, Total: 152800 ns
[2021-03-18T08:49:59.433+0000][24612][safepoint    ] Safepoint "Cleanup", Time since last: 1000511100 ns, Reaching safepoint: 134800 ns, At safepoint: 5400 ns, Total: 140200 ns
[2021-03-18T08:50:00.434+0000][24612][safepoint    ] Safepoint "Cleanup", Time since last: 1000650300 ns, Reaching safepoint: 128100 ns, At safepoint: 6100 ns, Total: 134200 ns
[2021-03-18T08:50:01.435+0000][24612][safepoint    ] Safepoint "Cleanup", Time since last: 1000146900 ns, Reaching safepoint: 85300 ns, At safepoint: 6500 ns, Total: 91800 ns
[2021-03-18T08:50:02.435+0000][24612][safepoint    ] Safepoint "Cleanup", Time since last: 1000788100 ns, Reaching safepoint: 158800 ns, At safepoint: 5900 ns, Total: 164700 ns
[2021-03-18T08:50:03.436+0000][24612][safepoint    ] Safepoint "Cleanup", Time since last: 1000620700 ns, Reaching safepoint: 137200 ns, At safepoint: 3100 ns, Total: 140300 ns
[2021-03-18T08:50:04.437+0000][24612][safepoint    ] Safepoint "Cleanup", Time since last: 1000643700 ns, Reaching safepoint: 107500 ns, At safepoint: 3200 ns, Total: 110700 ns
[2021-03-18T08:50:05.437+0000][24612][safepoint    ] Safepoint "Cleanup", Time since last: 1000306500 ns, Reaching safepoint: 239800 ns, At safepoint: 10600 ns, Total: 250400 ns
[2021-03-18T08:50:07.438+0000][24612][safepoint    ] Safepoint "Cleanup", Time since last: 2000663800 ns, Reaching safepoint: 117900 ns, At safepoint: 7000 ns, Total: 124900 ns
[2021-03-18T08:50:08.439+0000][24612][safepoint    ] Safepoint "Cleanup", Time since last: 1000391000 ns, Reaching safepoint: 149700 ns, At safepoint: 20000 ns, Total: 169700 ns
[2021-03-18T08:50:09.439+0000][24612][safepoint    ] Safepoint "Cleanup", Time since last: 1000359300 ns, Reaching safepoint: 207600 ns, At safepoint: 10900 ns, Total: 218500 ns
[2021-03-18T08:50:10.440+0000][24612][safepoint    ] Safepoint "Cleanup", Time since last: 1000095900 ns, Reaching safepoint: 149900 ns, At safepoint: 8800 ns, Total: 158700 ns
[2021-03-18T08:50:11.441+0000][24612][safepoint    ] Safepoint "Cleanup", Time since last: 1000950200 ns, Reaching safepoint: 138800 ns, At safepoint: 6000 ns, Total: 144800 ns
[2021-03-18T08:50:13.441+0000][24612][safepoint    ] Safepoint "Cleanup", Time since last: 2000217700 ns, Reaching safepoint: 329200 ns, At safepoint: 15800 ns, Total: 345000 ns
[2021-03-18T08:50:14.442+0000][24612][safepoint    ] Safepoint "Cleanup", Time since last: 1000995300 ns, Reaching safepoint: 143000 ns, At safepoint: 6100 ns, Total: 149100 ns
[2021-03-18T08:50:15.443+0000][24612][safepoint    ] Safepoint "Cleanup", Time since last: 1001006300 ns, Reaching safepoint: 241600 ns, At safepoint: 12900 ns, Total: 254500 ns
[2021-03-18T08:50:16.444+0000][24612][safepoint    ] Safepoint "Cleanup", Time since last: 1000136500 ns, Reaching safepoint: 139500 ns, At safepoint: 6000 ns, Total: 145500 ns
[2021-03-18T08:50:17.445+0000][24612][safepoint    ] Safepoint "Cleanup", Time since last: 1000637000 ns, Reaching safepoint: 129800 ns, At safepoint: 7300 ns, Total: 137100 ns
[2021-03-18T08:50:18.445+0000][24612][safepoint    ] Safepoint "Cleanup", Time since last: 1000569300 ns, Reaching safepoint: 360200 ns, At safepoint: 17000 ns, Total: 377200 ns
[2021-03-18T08:50:20.446+0000][24612][safepoint    ] Safepoint "Cleanup", Time since last: 2000748400 ns, Reaching safepoint: 355100 ns, At safepoint: 26700 ns, Total: 381800 ns
[2021-03-18T08:50:21.447+0000][24612][safepoint    ] Safepoint "Cleanup", Time since last: 1000252800 ns, Reaching safepoint: 128200 ns, At safepoint: 4000 ns, Total: 132200 ns
[2021-03-18T08:50:22.448+0000][24612][safepoint    ] Safepoint "Cleanup", Time since last: 1000544700 ns, Reaching safepoint: 203000 ns, At safepoint: 6100 ns, Total: 209100 ns
[2021-03-18T08:50:23.448+0000][24612][safepoint    ] Safepoint "Cleanup", Time since last: 1000069700 ns, Reaching safepoint: 383200 ns, At safepoint: 23500 ns, Total: 406700 ns
[2021-03-18T08:50:24.449+0000][24612][safepoint    ] Safepoint "Cleanup", Time since last: 1000507200 ns, Reaching safepoint: 168700 ns, At safepoint: 6000 ns, Total: 174700 ns
[2021-03-18T08:50:25.450+0000][24612][safepoint    ] Safepoint "Cleanup", Time since last: 1000639600 ns, Reaching safepoint: 580700 ns, At safepoint: 63300 ns, Total: 644000 ns
[2021-03-18T08:50:27.450+0000][24612][safepoint    ] Safepoint "Cleanup", Time since last: 2000058700 ns, Reaching safepoint: 100800 ns, At safepoint: 5200 ns, Total: 106000 ns
[2021-03-18T08:50:28.451+0000][24612][safepoint    ] Safepoint "Cleanup", Time since last: 1000291100 ns, Reaching safepoint: 249800 ns, At safepoint: 14600 ns, Total: 264400 ns
[2021-03-18T08:50:29.452+0000][24612][safepoint    ] Safepoint "Cleanup", Time since last: 1000659900 ns, Reaching safepoint: 110100 ns, At safepoint: 6600 ns, Total: 116700 ns
[2021-03-18T08:50:30.452+0000][24612][safepoint    ] Safepoint "Cleanup", Time since last: 1000504800 ns, Reaching safepoint: 161500 ns, At safepoint: 5300 ns, Total: 166800 ns
[2021-03-18T08:50:31.453+0000][24612][safepoint    ] Safepoint "Cleanup", Time since last: 1000116900 ns, Reaching safepoint: 121500 ns, At safepoint: 6300 ns, Total: 127800 ns
[2021-03-18T08:50:32.453+0000][24612][safepoint    ] Safepoint "Cleanup", Time since last: 1000261400 ns, Reaching safepoint: 395400 ns, At safepoint: 47800 ns, Total: 443200 ns
[2021-03-18T08:50:33.454+0000][24612][safepoint    ] Safepoint "Cleanup", Time since last: 1000491100 ns, Reaching safepoint: 227000 ns, At safepoint: 7700 ns, Total: 234700 ns
[2021-03-18T08:50:34.454+0000][24612][safepoint    ] Safepoint "Cleanup", Time since last: 1000122700 ns, Reaching safepoint: 138700 ns, At safepoint: 3900 ns, Total: 142600 ns
[2021-03-18T08:50:35.455+0000][24612][safepoint    ] Safepoint "Cleanup", Time since last: 1000715800 ns, Reaching safepoint: 153600 ns, At safepoint: 8400 ns, Total: 162000 ns
[2021-03-18T08:50:37.455+0000][24612][safepoint    ] Safepoint "Cleanup", Time since last: 2000058100 ns, Reaching safepoint: 478100 ns, At safepoint: 24000 ns, Total: 502100 ns
[2021-03-18T08:50:38.456+0000][24612][safepoint    ] Safepoint "Cleanup", Time since last: 1000249100 ns, Reaching safepoint: 186800 ns, At safepoint: 8400 ns, Total: 195200 ns
[2021-03-18T08:50:39.456+0000][24612][safepoint    ] Safepoint "Cleanup", Time since last: 1000091600 ns, Reaching safepoint: 127500 ns, At safepoint: 6200 ns, Total: 133700 ns
[2021-03-18T08:50:40.457+0000][24612][safepoint    ] Safepoint "Cleanup", Time since last: 1000835400 ns, Reaching safepoint: 192400 ns, At safepoint: 11100 ns, Total: 203500 ns
[2021-03-18T08:50:41.458+0000][24612][safepoint    ] Safepoint "Cleanup", Time since last: 1000455400 ns, Reaching safepoint: 149100 ns, At safepoint: 8700 ns, Total: 157800 ns
[2021-03-18T08:50:42.458+0000][24612][safepoint    ] Safepoint "Cleanup", Time since last: 1000010500 ns, Reaching safepoint: 397600 ns, At safepoint: 20200 ns, Total: 417800 ns
[2021-03-18T08:50:43.459+0000][24612][safepoint    ] Safepoint "Cleanup", Time since last: 1000530600 ns, Reaching safepoint: 118200 ns, At safepoint: 7200 ns, Total: 125400 ns
[2021-03-18T08:50:44.459+0000][24612][safepoint    ] Safepoint "Cleanup", Time since last: 1000049300 ns, Reaching safepoint: 110000 ns, At safepoint: 8200 ns, Total: 118200 ns
[2021-03-18T08:50:45.460+0000][24612][safepoint    ] Safepoint "Cleanup", Time since last: 1000457600 ns, Reaching safepoint: 140200 ns, At safepoint: 20900 ns, Total: 161100 ns
[2021-03-18T08:50:46.460+0000][24612][safepoint    ] Safepoint "Cleanup", Time since last: 1000184500 ns, Reaching safepoint: 137600 ns, At safepoint: 4300 ns, Total: 141900 ns
[2021-03-18T08:50:48.461+0000][24612][safepoint    ] Safepoint "Cleanup", Time since last: 2000840700 ns, Reaching safepoint: 201000 ns, At safepoint: 5000 ns, Total: 206000 ns
[2021-03-18T08:50:49.461+0000][24612][safepoint    ] Safepoint "Cleanup", Time since last: 1000005600 ns, Reaching safepoint: 149000 ns, At safepoint: 4800 ns, Total: 153800 ns
[2021-03-18T08:50:50.462+0000][24612][safepoint    ] Safepoint "Cleanup", Time since last: 1000218000 ns, Reaching safepoint: 136100 ns, At safepoint: 3900 ns, Total: 140000 ns
[2021-03-18T08:50:52.462+0000][24612][safepoint    ] Safepoint "Cleanup", Time since last: 2000406300 ns, Reaching safepoint: 366000 ns, At safepoint: 17000 ns, Total: 383000 ns
[2021-03-18T08:50:53.464+0000][24612][safepoint    ] Safepoint "Cleanup", Time since last: 1000950900 ns, Reaching safepoint: 141500 ns, At safepoint: 6100 ns, Total: 147600 ns
[2021-03-18T08:50:54.464+0000][24612][safepoint    ] Safepoint "Cleanup", Time since last: 1000603600 ns, Reaching safepoint: 367600 ns, At safepoint: 15900 ns, Total: 383500 ns
[2021-03-18T08:50:56.465+0000][24612][safepoint    ] Safepoint "Cleanup", Time since last: 2000423500 ns, Reaching safepoint: 166900 ns, At safepoint: 7700 ns, Total: 174600 ns
[2021-03-18T08:50:57.466+0000][24612][safepoint    ] Safepoint "Cleanup", Time since last: 1000328500 ns, Reaching safepoint: 357400 ns, At safepoint: 24600 ns, Total: 382000 ns
[2021-03-18T08:50:58.467+0000][24612][safepoint    ] Safepoint "Cleanup", Time since last: 1000544400 ns, Reaching safepoint: 386900 ns, At safepoint: 29600 ns, Total: 416500 ns
[2021-03-18T08:50:59.468+0000][24612][safepoint    ] Safepoint "Cleanup", Time since last: 1000615900 ns, Reaching safepoint: 428900 ns, At safepoint: 23700 ns, Total: 452600 ns
[2021-03-18T08:51:00.469+0000][24612][safepoint    ] Safepoint "Cleanup", Time since last: 1000603800 ns, Reaching safepoint: 229400 ns, At safepoint: 16100 ns, Total: 245500 ns
[2021-03-18T08:51:02.469+0000][24612][safepoint    ] Safepoint "Cleanup", Time since last: 2000212200 ns, Reaching safepoint: 361500 ns, At safepoint: 14400 ns, Total: 375900 ns
[2021-03-18T08:51:04.470+0000][24612][safepoint    ] Safepoint "Cleanup", Time since last: 2000441300 ns, Reaching safepoint: 217800 ns, At safepoint: 11900 ns, Total: 229700 ns
[2021-03-18T08:51:05.962+0000][24612][safepoint    ] Safepoint "Cleanup", Time since last: 1492190600 ns, Reaching safepoint: 211700 ns, At safepoint: 12100 ns, Total: 223800 ns
[2021-03-18T08:51:06.963+0000][24612][safepoint    ] Safepoint "Cleanup", Time since last: 1000331900 ns, Reaching safepoint: 158100 ns, At safepoint: 6600 ns, Total: 164700 ns
[2021-03-18T08:51:07.964+0000][24612][safepoint    ] Safepoint "Cleanup", Time since last: 1000644200 ns, Reaching safepoint: 192200 ns, At safepoint: 13700 ns, Total: 205900 ns
[2021-03-18T08:51:08.964+0000][24612][safepoint    ] Safepoint "Cleanup", Time since last: 1000324300 ns, Reaching safepoint: 113700 ns, At safepoint: 8200 ns, Total: 121900 ns
[2021-03-18T08:51:09.965+0000][24612][safepoint    ] Safepoint "Cleanup", Time since last: 1000732600 ns, Reaching safepoint: 136500 ns, At safepoint: 5100 ns, Total: 141600 ns
[2021-03-18T08:51:11.965+0000][24612][safepoint    ] Safepoint "Cleanup", Time since last: 1999944600 ns, Reaching safepoint: 113500 ns, At safepoint: 3100 ns, Total: 116600 ns
[2021-03-18T08:51:12.966+0000][24612][safepoint    ] Safepoint "Cleanup", Time since last: 1000502200 ns, Reaching safepoint: 224600 ns, At safepoint: 11900 ns, Total: 236500 ns
[2021-03-18T08:51:13.966+0000][24612][safepoint    ] Safepoint "Cleanup", Time since last: 1000551200 ns, Reaching safepoint: 330400 ns, At safepoint: 18200 ns, Total: 348600 ns
[2021-03-18T08:51:14.967+0000][24612][safepoint    ] Safepoint "Cleanup", Time since last: 1000078500 ns, Reaching safepoint: 150000 ns, At safepoint: 6300 ns, Total: 156300 ns
[2021-03-18T08:51:15.968+0000][24612][safepoint    ] Safepoint "Cleanup", Time since last: 1000458500 ns, Reaching safepoint: 295800 ns, At safepoint: 16300 ns, Total: 312100 ns
[2021-03-18T08:51:16.968+0000][24612][safepoint    ] Safepoint "Cleanup", Time since last: 1000047400 ns, Reaching safepoint: 159300 ns, At safepoint: 59800 ns, Total: 219100 ns
[2021-03-18T08:51:17.969+0000][24612][safepoint    ] Safepoint "Cleanup", Time since last: 1000493500 ns, Reaching safepoint: 385100 ns, At safepoint: 80600 ns, Total: 465700 ns
[2021-03-18T08:51:19.969+0000][24612][safepoint    ] Safepoint "Cleanup", Time since last: 1999946300 ns, Reaching safepoint: 155500 ns, At safepoint: 6200 ns, Total: 161700 ns
[2021-03-18T08:51:20.970+0000][24612][safepoint    ] Safepoint "Cleanup", Time since last: 1000434700 ns, Reaching safepoint: 151300 ns, At safepoint: 5200 ns, Total: 156500 ns
[2021-03-18T08:51:22.970+0000][24612][safepoint    ] Safepoint "Cleanup", Time since last: 2000217000 ns, Reaching safepoint: 200400 ns, At safepoint: 11300 ns, Total: 211700 ns
[2021-03-18T08:51:23.970+0000][24612][safepoint    ] Safepoint "Cleanup", Time since last: 1000040800 ns, Reaching safepoint: 254700 ns, At safepoint: 13600 ns, Total: 268300 ns
[2021-03-18T08:51:24.971+0000][24612][safepoint    ] Safepoint "Cleanup", Time since last: 1000160200 ns, Reaching safepoint: 175300 ns, At safepoint: 6300 ns, Total: 181600 ns
[2021-03-18T08:51:25.971+0000][24612][safepoint    ] Safepoint "Cleanup", Time since last: 1000255300 ns, Reaching safepoint: 127800 ns, At safepoint: 4700 ns, Total: 132500 ns
[2021-03-18T08:51:26.972+0000][24612][safepoint    ] Safepoint "Cleanup", Time since last: 1000588800 ns, Reaching safepoint: 163800 ns, At safepoint: 5300 ns, Total: 169100 ns
[2021-03-18T08:51:28.129+0000][24612][safepoint    ] Safepoint "Cleanup", Time since last: 1157341800 ns, Reaching safepoint: 113500 ns, At safepoint: 16400 ns, Total: 129900 ns
[2021-03-18T08:51:29.130+0000][24612][safepoint    ] Safepoint "Cleanup", Time since last: 1000356300 ns, Reaching safepoint: 349000 ns, At safepoint: 13900 ns, Total: 362900 ns
[2021-03-18T08:51:31.131+0000][24612][safepoint    ] Safepoint "Cleanup", Time since last: 2000248500 ns, Reaching safepoint: 504200 ns, At safepoint: 145600 ns, Total: 649800 ns
[2021-03-18T08:51:32.131+0000][24612][safepoint    ] Safepoint "Cleanup", Time since last: 1000323300 ns, Reaching safepoint: 254200 ns, At safepoint: 69800 ns, Total: 324000 ns
[2021-03-18T08:51:33.132+0000][24612][safepoint    ] Safepoint "Cleanup", Time since last: 1000668400 ns, Reaching safepoint: 261600 ns, At safepoint: 96300 ns, Total: 357900 ns
[2021-03-18T08:51:34.133+0000][24612][safepoint    ] Safepoint "Cleanup", Time since last: 1000569200 ns, Reaching safepoint: 401800 ns, At safepoint: 88400 ns, Total: 490200 ns
[2021-03-18T08:51:35.134+0000][24612][safepoint    ] Safepoint "Cleanup", Time since last: 1000061100 ns, Reaching safepoint: 298300 ns, At safepoint: 53200 ns, Total: 351500 ns
[2021-03-18T08:51:36.134+0000][24612][safepoint    ] Safepoint "Cleanup", Time since last: 1000226500 ns, Reaching safepoint: 341100 ns, At safepoint: 109000 ns, Total: 450100 ns
[2021-03-18T08:51:37.135+0000][24612][safepoint    ] Safepoint "Cleanup", Time since last: 1000200900 ns, Reaching safepoint: 267000 ns, At safepoint: 93100 ns, Total: 360100 ns
[2021-03-18T08:51:38.135+0000][24612][safepoint    ] Safepoint "Cleanup", Time since last: 1000065400 ns, Reaching safepoint: 249400 ns, At safepoint: 105200 ns, Total: 354600 ns
[2021-03-18T08:51:39.136+0000][24612][safepoint    ] Safepoint "Cleanup", Time since last: 1000114900 ns, Reaching safepoint: 285800 ns, At safepoint: 76800 ns, Total: 362600 ns
[2021-03-18T08:51:40.137+0000][24612][safepoint    ] Safepoint "Cleanup", Time since last: 1000373100 ns, Reaching safepoint: 194400 ns, At safepoint: 66800 ns, Total: 261200 ns
[2021-03-18T08:51:41.137+0000][24612][safepoint    ] Safepoint "Cleanup", Time since last: 1000282200 ns, Reaching safepoint: 131500 ns, At safepoint: 86900 ns, Total: 218400 ns
[2021-03-18T08:51:43.137+0000][24612][safepoint    ] Safepoint "Cleanup", Time since last: 1999846400 ns, Reaching safepoint: 276600 ns, At safepoint: 59500 ns, Total: 336100 ns
[2021-03-18T08:51:44.138+0000][24612][safepoint    ] Safepoint "Cleanup", Time since last: 1000230200 ns, Reaching safepoint: 211700 ns, At safepoint: 68800 ns, Total: 280500 ns
[2021-03-18T08:51:45.138+0000][24612][safepoint    ] Safepoint "Cleanup", Time since last: 1000167800 ns, Reaching safepoint: 251400 ns, At safepoint: 46000 ns, Total: 297400 ns
[2021-03-18T08:51:47.139+0000][24612][safepoint    ] Safepoint "Cleanup", Time since last: 2000624300 ns, Reaching safepoint: 231700 ns, At safepoint: 78900 ns, Total: 310600 ns
[2021-03-18T08:51:48.140+0000][24612][safepoint    ] Safepoint "Cleanup", Time since last: 1000265000 ns, Reaching safepoint: 170800 ns, At safepoint: 48000 ns, Total: 218800 ns
[2021-03-18T08:51:49.140+0000][24612][safepoint    ] Safepoint "Cleanup", Time since last: 1000003000 ns, Reaching safepoint: 152100 ns, At safepoint: 5200 ns, Total: 157300 ns
[2021-03-18T08:51:51.141+0000][24612][safepoint    ] Safepoint "Cleanup", Time since last: 2000685500 ns, Reaching safepoint: 141800 ns, At safepoint: 6500 ns, Total: 148300 ns
[2021-03-18T08:51:53.141+0000][24612][safepoint    ] Safepoint "Cleanup", Time since last: 2000278400 ns, Reaching safepoint: 130100 ns, At safepoint: 69400 ns, Total: 199500 ns
[2021-03-18T08:51:54.141+0000][24612][safepoint    ] Safepoint "Cleanup", Time since last: 1000022400 ns, Reaching safepoint: 147200 ns, At safepoint: 126900 ns, Total: 274100 ns
[2021-03-18T08:51:55.142+0000][24612][safepoint    ] Safepoint "Cleanup", Time since last: 1000270400 ns, Reaching safepoint: 229700 ns, At safepoint: 46300 ns, Total: 276000 ns
[2021-03-18T08:51:56.143+0000][24612][safepoint    ] Safepoint "Cleanup", Time since last: 1000594700 ns, Reaching safepoint: 125100 ns, At safepoint: 74700 ns, Total: 199800 ns
[2021-03-18T08:51:57.144+0000][24612][safepoint    ] Safepoint "Cleanup", Time since last: 1000484400 ns, Reaching safepoint: 142200 ns, At safepoint: 65300 ns, Total: 207500 ns
[2021-03-18T08:51:58.144+0000][24612][safepoint    ] Safepoint "Cleanup", Time since last: 1000151100 ns, Reaching safepoint: 154600 ns, At safepoint: 73300 ns, Total: 227900 ns
[2021-03-18T08:51:59.144+0000][24612][safepoint    ] Safepoint "Cleanup", Time since last: 1000025100 ns, Reaching safepoint: 136400 ns, At safepoint: 4600 ns, Total: 141000 ns
[2021-03-18T08:52:00.145+0000][24612][safepoint    ] Safepoint "Cleanup", Time since last: 1000469400 ns, Reaching safepoint: 167400 ns, At safepoint: 95400 ns, Total: 262800 ns
[2021-03-18T08:52:01.145+0000][24612][safepoint    ] Safepoint "Cleanup", Time since last: 1000256900 ns, Reaching safepoint: 345700 ns, At safepoint: 76000 ns, Total: 421700 ns
[2021-03-18T08:52:02.146+0000][24612][safepoint    ] Safepoint "Cleanup", Time since last: 1000072800 ns, Reaching safepoint: 161000 ns, At safepoint: 67400 ns, Total: 228400 ns
[2021-03-18T08:52:04.147+0000][24612][safepoint    ] Safepoint "Cleanup", Time since last: 2001021000 ns, Reaching safepoint: 148400 ns, At safepoint: 5600 ns, Total: 154000 ns
[2021-03-18T08:52:05.148+0000][24612][safepoint    ] Safepoint "Cleanup", Time since last: 1000494500 ns, Reaching safepoint: 172300 ns, At safepoint: 69400 ns, Total: 241700 ns
[2021-03-18T08:52:06.148+0000][24612][safepoint    ] Safepoint "Cleanup", Time since last: 1000584300 ns, Reaching safepoint: 182000 ns, At safepoint: 6400 ns, Total: 188400 ns
[2021-03-18T08:52:07.293+0000][24612][safepoint    ] Safepoint "Cleanup", Time since last: 1144532700 ns, Reaching safepoint: 355500 ns, At safepoint: 80900 ns, Total: 436400 ns
[2021-03-18T08:52:09.294+0000][24612][safepoint    ] Safepoint "Cleanup", Time since last: 2000278100 ns, Reaching safepoint: 135500 ns, At safepoint: 59500 ns, Total: 195000 ns
[2021-03-18T08:52:10.294+0000][24612][safepoint    ] Safepoint "Cleanup", Time since last: 1000041500 ns, Reaching safepoint: 120000 ns, At safepoint: 88900 ns, Total: 208900 ns
[2021-03-18T08:52:11.295+0000][24612][safepoint    ] Safepoint "Cleanup", Time since last: 1000694200 ns, Reaching safepoint: 106000 ns, At safepoint: 13400 ns, Total: 119400 ns
[2021-03-18T08:52:12.296+0000][24612][safepoint    ] Safepoint "Cleanup", Time since last: 1000720100 ns, Reaching safepoint: 158600 ns, At safepoint: 70700 ns, Total: 229300 ns
[2021-03-18T08:52:13.296+0000][24612][safepoint    ] Safepoint "Cleanup", Time since last: 1000392700 ns, Reaching safepoint: 310000 ns, At safepoint: 90200 ns, Total: 400200 ns
[2021-03-18T08:52:15.297+0000][24612][safepoint    ] Safepoint "Cleanup", Time since last: 2000010600 ns, Reaching safepoint: 114700 ns, At safepoint: 21400 ns, Total: 136100 ns
[2021-03-18T08:52:16.297+0000][24612][safepoint    ] Safepoint "Cleanup", Time since last: 1000131000 ns, Reaching safepoint: 135200 ns, At safepoint: 57600 ns, Total: 192800 ns
[2021-03-18T08:52:17.298+0000][24612][safepoint    ] Safepoint "Cleanup", Time since last: 1000427300 ns, Reaching safepoint: 135700 ns, At safepoint: 5600 ns, Total: 141300 ns
[2021-03-18T08:52:18.298+0000][24612][safepoint    ] Safepoint "Cleanup", Time since last: 1000127100 ns, Reaching safepoint: 133300 ns, At safepoint: 19600 ns, Total: 152900 ns
[2021-03-18T08:52:19.298+0000][24612][safepoint    ] Safepoint "Cleanup", Time since last: 1000285600 ns, Reaching safepoint: 397300 ns, At safepoint: 144400 ns, Total: 541700 ns
[2021-03-18T08:52:20.300+0000][24612][safepoint    ] Safepoint "Cleanup", Time since last: 1000596200 ns, Reaching safepoint: 144200 ns, At safepoint: 12200 ns, Total: 156400 ns
[2021-03-18T08:52:21.300+0000][24612][safepoint    ] Safepoint "Cleanup", Time since last: 1000452900 ns, Reaching safepoint: 157100 ns, At safepoint: 6500 ns, Total: 163600 ns
[2021-03-18T08:52:23.301+0000][24612][safepoint    ] Safepoint "Cleanup", Time since last: 2000758300 ns, Reaching safepoint: 140500 ns, At safepoint: 3300 ns, Total: 143800 ns
[2021-03-18T08:52:24.302+0000][24612][safepoint    ] Safepoint "Cleanup", Time since last: 1000414300 ns, Reaching safepoint: 210500 ns, At safepoint: 7200 ns, Total: 217700 ns
[2021-03-18T08:52:26.302+0000][24612][safepoint    ] Safepoint "Cleanup", Time since last: 1999935600 ns, Reaching safepoint: 208600 ns, At safepoint: 6800 ns, Total: 215400 ns
[2021-03-18T08:52:27.302+0000][24612][safepoint    ] Safepoint "Cleanup", Time since last: 1000039000 ns, Reaching safepoint: 240400 ns, At safepoint: 12200 ns, Total: 252600 ns
[2021-03-18T08:52:28.302+0000][24612][safepoint    ] Safepoint "Cleanup", Time since last: 1000175600 ns, Reaching safepoint: 236300 ns, At safepoint: 20900 ns, Total: 257200 ns
[2021-03-18T08:52:29.303+0000][24612][safepoint    ] Safepoint "Cleanup", Time since last: 1000095600 ns, Reaching safepoint: 92200 ns, At safepoint: 8400 ns, Total: 100600 ns
[2021-03-18T08:52:29.655+0000][24612][gc,start     ] GC(12) Pause Young (Normal) (G1 Evacuation Pause)
[2021-03-18T08:52:29.655+0000][24612][gc,task      ] GC(12) Using 8 workers of 8 for evacuation
[2021-03-18T08:52:29.655+0000][24612][gc,age       ] GC(12) Desired survivor size 33554432 bytes, new threshold 15 (max threshold 15)
[2021-03-18T08:52:29.673+0000][24612][gc,age       ] GC(12) Age table with threshold 15 (max threshold 15)
[2021-03-18T08:52:29.673+0000][24612][gc,age       ] GC(12) - age   1:     108280 bytes,     108280 total
[2021-03-18T08:52:29.673+0000][24612][gc,age       ] GC(12) - age   2:     460440 bytes,     568720 total
[2021-03-18T08:52:29.673+0000][24612][gc,age       ] GC(12) - age   3:    2600872 bytes,    3169592 total
[2021-03-18T08:52:29.673+0000][24612][gc,age       ] GC(12) - age   4:   14769920 bytes,   17939512 total
[2021-03-18T08:52:29.673+0000][24612][gc,age       ] GC(12) - age   5:    7897592 bytes,   25837104 total
[2021-03-18T08:52:29.673+0000][24612][gc,phases    ] GC(12)   Pre Evacuate Collection Set: 0.2ms
[2021-03-18T08:52:29.673+0000][24612][gc,phases    ] GC(12)   Merge Heap Roots: 0.2ms
[2021-03-18T08:52:29.674+0000][24612][gc,phases    ] GC(12)   Evacuate Collection Set: 15.3ms
[2021-03-18T08:52:29.674+0000][24612][gc,phases    ] GC(12)   Post Evacuate Collection Set: 2.4ms
[2021-03-18T08:52:29.674+0000][24612][gc,phases    ] GC(12)   Other: 0.5ms
[2021-03-18T08:52:29.674+0000][24612][gc,heap      ] GC(12) Eden regions: 478->0(486)
[2021-03-18T08:52:29.674+0000][24612][gc,heap      ] GC(12) Survivor regions: 28->27(64)
[2021-03-18T08:52:29.674+0000][24612][gc,heap      ] GC(12) Old regions: 50->50
[2021-03-18T08:52:29.674+0000][24612][gc,heap      ] GC(12) Archive regions: 0->0
[2021-03-18T08:52:29.674+0000][24612][gc,heap      ] GC(12) Humongous regions: 174->174
[2021-03-18T08:52:29.674+0000][24612][gc,metaspace ] GC(12) Metaspace: 84662K(90524K)->84662K(90524K) NonClass: 73640K(77084K)->73640K(77084K) Class: 11021K(13440K)->11021K(13440K)
[2021-03-18T08:52:29.674+0000][24612][gc           ] GC(12) Pause Young (Normal) (G1 Evacuation Pause) 729M->250M(1024M) 18.792ms
[2021-03-18T08:52:29.674+0000][24612][gc,cpu       ] GC(12) User=0.00s Sys=0.00s Real=0.02s
[2021-03-18T08:52:29.674+0000][24612][safepoint    ] Safepoint "G1CollectForAllocation", Time since last: 352132600 ns, Reaching safepoint: 151600 ns, At safepoint: 18986000 ns, Total: 19137600 ns
[2021-03-18T08:52:30.675+0000][24612][safepoint    ] Safepoint "Cleanup", Time since last: 1000419400 ns, Reaching safepoint: 144600 ns, At safepoint: 6900 ns, Total: 151500 ns
[2021-03-18T08:52:31.675+0000][24612][safepoint    ] Safepoint "Cleanup", Time since last: 1000228800 ns, Reaching safepoint: 305800 ns, At safepoint: 21600 ns, Total: 327400 ns
[2021-03-18T08:52:33.675+0000][24612][safepoint    ] Safepoint "Cleanup", Time since last: 2000049500 ns, Reaching safepoint: 239000 ns, At safepoint: 15500 ns, Total: 254500 ns
[2021-03-18T08:52:35.677+0000][24612][safepoint    ] Safepoint "Cleanup", Time since last: 2000913600 ns, Reaching safepoint: 115400 ns, At safepoint: 5500 ns, Total: 120900 ns
[2021-03-18T08:52:37.677+0000][24612][safepoint    ] Safepoint "Cleanup", Time since last: 2000370100 ns, Reaching safepoint: 171100 ns, At safepoint: 3200 ns, Total: 174300 ns
[2021-03-18T08:52:38.677+0000][24612][safepoint    ] Safepoint "Cleanup", Time since last: 1000045300 ns, Reaching safepoint: 169700 ns, At safepoint: 5500 ns, Total: 175200 ns
[2021-03-18T08:52:40.678+0000][24612][safepoint    ] Safepoint "Cleanup", Time since last: 2000262400 ns, Reaching safepoint: 438900 ns, At safepoint: 24700 ns, Total: 463600 ns
[2021-03-18T08:52:41.678+0000][24612][safepoint    ] Safepoint "Cleanup", Time since last: 1000296900 ns, Reaching safepoint: 410800 ns, At safepoint: 26700 ns, Total: 437500 ns
[2021-03-18T08:52:43.679+0000][24612][safepoint    ] Safepoint "Cleanup", Time since last: 2000459600 ns, Reaching safepoint: 362400 ns, At safepoint: 139700 ns, Total: 502100 ns
[2021-03-18T08:52:45.680+0000][24612][safepoint    ] Safepoint "Cleanup", Time since last: 2000365600 ns, Reaching safepoint: 250500 ns, At safepoint: 12400 ns, Total: 262900 ns
[2021-03-18T08:52:46.680+0000][24612][safepoint    ] Safepoint "Cleanup", Time since last: 1000059800 ns, Reaching safepoint: 168300 ns, At safepoint: 5500 ns, Total: 173800 ns
[2021-03-18T08:52:47.681+0000][24612][safepoint    ] Safepoint "Cleanup", Time since last: 1000014600 ns, Reaching safepoint: 235600 ns, At safepoint: 7700 ns, Total: 243300 ns
[2021-03-18T08:52:48.681+0000][24612][safepoint    ] Safepoint "Cleanup", Time since last: 1000158200 ns, Reaching safepoint: 241700 ns, At safepoint: 11800 ns, Total: 253500 ns
[2021-03-18T08:52:49.682+0000][24612][safepoint    ] Safepoint "Cleanup", Time since last: 1000525600 ns, Reaching safepoint: 154900 ns, At safepoint: 6600 ns, Total: 161500 ns
[2021-03-18T08:52:50.683+0000][24612][safepoint    ] Safepoint "Cleanup", Time since last: 1000654400 ns, Reaching safepoint: 262600 ns, At safepoint: 14200 ns, Total: 276800 ns
[2021-03-18T08:52:51.683+0000][24612][safepoint    ] Safepoint "Cleanup", Time since last: 1000372700 ns, Reaching safepoint: 108800 ns, At safepoint: 3500 ns, Total: 112300 ns
[2021-03-18T08:52:52.684+0000][24612][safepoint    ] Safepoint "Cleanup", Time since last: 1000656000 ns, Reaching safepoint: 143200 ns, At safepoint: 12300 ns, Total: 155500 ns
[2021-03-18T08:52:53.685+0000][24612][safepoint    ] Safepoint "Cleanup", Time since last: 1000455200 ns, Reaching safepoint: 173700 ns, At safepoint: 9200 ns, Total: 182900 ns
[2021-03-18T08:52:54.685+0000][24612][safepoint    ] Safepoint "Cleanup", Time since last: 1000519700 ns, Reaching safepoint: 252000 ns, At safepoint: 13100 ns, Total: 265100 ns
[2021-03-18T08:52:55.686+0000][24612][safepoint    ] Safepoint "Cleanup", Time since last: 1000554300 ns, Reaching safepoint: 249000 ns, At safepoint: 5400 ns, Total: 254400 ns
[2021-03-18T08:52:57.686+0000][24612][safepoint    ] Safepoint "Cleanup", Time since last: 2000077400 ns, Reaching safepoint: 374000 ns, At safepoint: 14400 ns, Total: 388400 ns
[2021-03-18T08:52:59.687+0000][24612][safepoint    ] Safepoint "Cleanup", Time since last: 2000321000 ns, Reaching safepoint: 115000 ns, At safepoint: 8500 ns, Total: 123500 ns
[2021-03-18T08:53:00.687+0000][24612][safepoint    ] Safepoint "Cleanup", Time since last: 1000183600 ns, Reaching safepoint: 360700 ns, At safepoint: 24300 ns, Total: 385000 ns
[2021-03-18T08:53:01.688+0000][24612][safepoint    ] Safepoint "Cleanup", Time since last: 1000078500 ns, Reaching safepoint: 126800 ns, At safepoint: 18800 ns, Total: 145600 ns
[2021-03-18T08:53:02.688+0000][24612][safepoint    ] Safepoint "Cleanup", Time since last: 1000213100 ns, Reaching safepoint: 186100 ns, At safepoint: 5600 ns, Total: 191700 ns
[2021-03-18T08:53:03.688+0000][24612][safepoint    ] Safepoint "Cleanup", Time since last: 1000032200 ns, Reaching safepoint: 389900 ns, At safepoint: 20400 ns, Total: 410300 ns
[2021-03-18T08:53:04.689+0000][24612][safepoint    ] Safepoint "Cleanup", Time since last: 1000050300 ns, Reaching safepoint: 140900 ns, At safepoint: 3200 ns, Total: 144100 ns
[2021-03-18T08:53:05.689+0000][24612][safepoint    ] Safepoint "Cleanup", Time since last: 1000285100 ns, Reaching safepoint: 367400 ns, At safepoint: 16000 ns, Total: 383400 ns
[2021-03-18T08:53:07.325+0000][24612][safepoint    ] Safepoint "Cleanup", Time since last: 1635499300 ns, Reaching safepoint: 136800 ns, At safepoint: 5600 ns, Total: 142400 ns
[2021-03-18T08:53:09.326+0000][24612][safepoint    ] Safepoint "Cleanup", Time since last: 2000832100 ns, Reaching safepoint: 132000 ns, At safepoint: 6100 ns, Total: 138100 ns
[2021-03-18T08:53:10.326+0000][24612][safepoint    ] Safepoint "Cleanup", Time since last: 1000105300 ns, Reaching safepoint: 195300 ns, At safepoint: 9700 ns, Total: 205000 ns
[2021-03-18T08:53:11.327+0000][24612][safepoint    ] Safepoint "Cleanup", Time since last: 1000344600 ns, Reaching safepoint: 130500 ns, At safepoint: 4800 ns, Total: 135300 ns
[2021-03-18T08:53:12.328+0000][24612][safepoint    ] Safepoint "Cleanup", Time since last: 1000450500 ns, Reaching safepoint: 91500 ns, At safepoint: 3300 ns, Total: 94800 ns
[2021-03-18T08:53:13.328+0000][24612][safepoint    ] Safepoint "Cleanup", Time since last: 1000225300 ns, Reaching safepoint: 358500 ns, At safepoint: 13400 ns, Total: 371900 ns
[2021-03-18T08:53:14.329+0000][24612][safepoint    ] Safepoint "Cleanup", Time since last: 1000488700 ns, Reaching safepoint: 258600 ns, At safepoint: 15800 ns, Total: 274400 ns
[2021-03-18T08:53:15.329+0000][24612][safepoint    ] Safepoint "Cleanup", Time since last: 1000087700 ns, Reaching safepoint: 129700 ns, At safepoint: 5400 ns, Total: 135100 ns
[2021-03-18T08:53:16.330+0000][24612][safepoint    ] Safepoint "Cleanup", Time since last: 1000538800 ns, Reaching safepoint: 191000 ns, At safepoint: 13900 ns, Total: 204900 ns
[2021-03-18T08:53:17.330+0000][24612][safepoint    ] Safepoint "Cleanup", Time since last: 1000258800 ns, Reaching safepoint: 203400 ns, At safepoint: 12600 ns, Total: 216000 ns
[2021-03-18T08:53:19.330+0000][24612][safepoint    ] Safepoint "Cleanup", Time since last: 1999903900 ns, Reaching safepoint: 208200 ns, At safepoint: 74900 ns, Total: 283100 ns
[2021-03-18T08:53:20.331+0000][24612][safepoint    ] Safepoint "Cleanup", Time since last: 1000561300 ns, Reaching safepoint: 112400 ns, At safepoint: 17300 ns, Total: 129700 ns
[2021-03-18T08:53:22.331+0000][24612][safepoint    ] Safepoint "Cleanup", Time since last: 2000023900 ns, Reaching safepoint: 153500 ns, At safepoint: 71400 ns, Total: 224900 ns
[2021-03-18T08:53:23.332+0000][24612][safepoint    ] Safepoint "Cleanup", Time since last: 1000261000 ns, Reaching safepoint: 134000 ns, At safepoint: 67000 ns, Total: 201000 ns
[2021-03-18T08:53:24.332+0000][24612][safepoint    ] Safepoint "Cleanup", Time since last: 1000050000 ns, Reaching safepoint: 370400 ns, At safepoint: 139200 ns, Total: 509600 ns
[2021-03-18T08:53:26.334+0000][24612][safepoint    ] Safepoint "Cleanup", Time since last: 2000951600 ns, Reaching safepoint: 206100 ns, At safepoint: 97900 ns, Total: 304000 ns
[2021-03-18T08:53:28.114+0000][24612][safepoint    ] Safepoint "Cleanup", Time since last: 1779750200 ns, Reaching safepoint: 447400 ns, At safepoint: 23700 ns, Total: 471100 ns
[2021-03-18T08:53:29.115+0000][24612][safepoint    ] Safepoint "Cleanup", Time since last: 1001292800 ns, Reaching safepoint: 404000 ns, At safepoint: 129900 ns, Total: 533900 ns
[2021-03-18T08:53:30.116+0000][24612][safepoint    ] Safepoint "Cleanup", Time since last: 1000544500 ns, Reaching safepoint: 421000 ns, At safepoint: 24500 ns, Total: 445500 ns
[2021-03-18T08:53:31.118+0000][24612][safepoint    ] Safepoint "Cleanup", Time since last: 1001123900 ns, Reaching safepoint: 276400 ns, At safepoint: 14700 ns, Total: 291100 ns
[2021-03-18T08:53:33.118+0000][24612][safepoint    ] Safepoint "Cleanup", Time since last: 2000220000 ns, Reaching safepoint: 201700 ns, At safepoint: 9900 ns, Total: 211600 ns
[2021-03-18T08:53:34.119+0000][24612][safepoint    ] Safepoint "Cleanup", Time since last: 1000209100 ns, Reaching safepoint: 289200 ns, At safepoint: 17100 ns, Total: 306300 ns
[2021-03-18T08:53:35.120+0000][24612][safepoint    ] Safepoint "Cleanup", Time since last: 1000752700 ns, Reaching safepoint: 446100 ns, At safepoint: 34600 ns, Total: 480700 ns
[2021-03-18T08:53:36.121+0000][24612][safepoint    ] Safepoint "Cleanup", Time since last: 1000951500 ns, Reaching safepoint: 173200 ns, At safepoint: 8200 ns, Total: 181400 ns
[2021-03-18T08:53:37.122+0000][24612][safepoint    ] Safepoint "Cleanup", Time since last: 1000179000 ns, Reaching safepoint: 174000 ns, At safepoint: 5400 ns, Total: 179400 ns
[2021-03-18T08:53:38.122+0000][24612][safepoint    ] Safepoint "Cleanup", Time since last: 1000213800 ns, Reaching safepoint: 141800 ns, At safepoint: 5300 ns, Total: 147100 ns
[2021-03-18T08:53:39.123+0000][24612][safepoint    ] Safepoint "Cleanup", Time since last: 1000278800 ns, Reaching safepoint: 378800 ns, At safepoint: 24300 ns, Total: 403100 ns
[2021-03-18T08:53:41.123+0000][24612][safepoint    ] Safepoint "Cleanup", Time since last: 2000327500 ns, Reaching safepoint: 159700 ns, At safepoint: 5900 ns, Total: 165600 ns
[2021-03-18T08:53:42.124+0000][24612][safepoint    ] Safepoint "Cleanup", Time since last: 1000160500 ns, Reaching safepoint: 174400 ns, At safepoint: 8900 ns, Total: 183300 ns
[2021-03-18T08:53:44.124+0000][24612][safepoint    ] Safepoint "Cleanup", Time since last: 1999862500 ns, Reaching safepoint: 195300 ns, At safepoint: 6200 ns, Total: 201500 ns
[2021-03-18T08:53:45.124+0000][24612][safepoint    ] Safepoint "Cleanup", Time since last: 1000139000 ns, Reaching safepoint: 119800 ns, At safepoint: 3500 ns, Total: 123300 ns
[2021-03-18T08:53:46.125+0000][24612][safepoint    ] Safepoint "Cleanup", Time since last: 1000525200 ns, Reaching safepoint: 148800 ns, At safepoint: 10700 ns, Total: 159500 ns
[2021-03-18T08:53:47.126+0000][24612][safepoint    ] Safepoint "Cleanup", Time since last: 1000861600 ns, Reaching safepoint: 179200 ns, At safepoint: 6100 ns, Total: 185300 ns
[2021-03-18T08:53:49.126+0000][24612][safepoint    ] Safepoint "Cleanup", Time since last: 2000160900 ns, Reaching safepoint: 122400 ns, At safepoint: 5600 ns, Total: 128000 ns
[2021-03-18T08:53:50.127+0000][24612][safepoint    ] Safepoint "Cleanup", Time since last: 1000818700 ns, Reaching safepoint: 287100 ns, At safepoint: 30400 ns, Total: 317500 ns
[2021-03-18T08:53:52.127+0000][24612][safepoint    ] Safepoint "Cleanup", Time since last: 2000150900 ns, Reaching safepoint: 138100 ns, At safepoint: 5200 ns, Total: 143300 ns
[2021-03-18T08:53:53.128+0000][24612][safepoint    ] Safepoint "Cleanup", Time since last: 1000262400 ns, Reaching safepoint: 136100 ns, At safepoint: 5400 ns, Total: 141500 ns
[2021-03-18T08:53:55.128+0000][24612][safepoint    ] Safepoint "Cleanup", Time since last: 2000151500 ns, Reaching safepoint: 89600 ns, At safepoint: 2900 ns, Total: 92500 ns
[2021-03-18T08:53:56.128+0000][24612][safepoint    ] Safepoint "Cleanup", Time since last: 1000296700 ns, Reaching safepoint: 124600 ns, At safepoint: 5200 ns, Total: 129800 ns
[2021-03-18T08:53:57.129+0000][24612][safepoint    ] Safepoint "Cleanup", Time since last: 1000358500 ns, Reaching safepoint: 90900 ns, At safepoint: 3100 ns, Total: 94000 ns
[2021-03-18T08:53:58.129+0000][24612][safepoint    ] Safepoint "Cleanup", Time since last: 1000392600 ns, Reaching safepoint: 136600 ns, At safepoint: 4800 ns, Total: 141400 ns
[2021-03-18T08:53:59.130+0000][24612][safepoint    ] Safepoint "Cleanup", Time since last: 1000641500 ns, Reaching safepoint: 167700 ns, At safepoint: 7500 ns, Total: 175200 ns
[2021-03-18T08:54:00.131+0000][24612][safepoint    ] Safepoint "Cleanup", Time since last: 1000363400 ns, Reaching safepoint: 101100 ns, At safepoint: 2100 ns, Total: 103200 ns
[2021-03-18T08:54:01.131+0000][24612][safepoint    ] Safepoint "Cleanup", Time since last: 1000377700 ns, Reaching safepoint: 155800 ns, At safepoint: 10000 ns, Total: 165800 ns
[2021-03-18T08:54:02.133+0000][24612][safepoint    ] Safepoint "Cleanup", Time since last: 1001176600 ns, Reaching safepoint: 137600 ns, At safepoint: 13600 ns, Total: 151200 ns
[2021-03-18T08:54:03.133+0000][24612][safepoint    ] Safepoint "Cleanup", Time since last: 1000256200 ns, Reaching safepoint: 139400 ns, At safepoint: 5100 ns, Total: 144500 ns
[2021-03-18T08:54:04.133+0000][24612][safepoint    ] Safepoint "Cleanup", Time since last: 1000264100 ns, Reaching safepoint: 152600 ns, At safepoint: 5500 ns, Total: 158100 ns
[2021-03-18T08:54:05.134+0000][24612][safepoint    ] Safepoint "Cleanup", Time since last: 1000647100 ns, Reaching safepoint: 147300 ns, At safepoint: 4500 ns, Total: 151800 ns
[2021-03-18T08:54:06.135+0000][24612][safepoint    ] Safepoint "Cleanup", Time since last: 1001076300 ns, Reaching safepoint: 161600 ns, At safepoint: 7200 ns, Total: 168800 ns
[2021-03-18T08:54:08.136+0000][24612][safepoint    ] Safepoint "Cleanup", Time since last: 2000122000 ns, Reaching safepoint: 122400 ns, At safepoint: 3600 ns, Total: 126000 ns
[2021-03-18T08:54:09.136+0000][24612][safepoint    ] Safepoint "Cleanup", Time since last: 1000140100 ns, Reaching safepoint: 160600 ns, At safepoint: 6800 ns, Total: 167400 ns
[2021-03-18T08:54:10.136+0000][24612][safepoint    ] Safepoint "Cleanup", Time since last: 1000196700 ns, Reaching safepoint: 148000 ns, At safepoint: 4000 ns, Total: 152000 ns
[2021-03-18T08:54:11.137+0000][24612][safepoint    ] Safepoint "Cleanup", Time since last: 1000382300 ns, Reaching safepoint: 145900 ns, At safepoint: 6100 ns, Total: 152000 ns
[2021-03-18T08:54:12.137+0000][24612][safepoint    ] Safepoint "Cleanup", Time since last: 1000423000 ns, Reaching safepoint: 123900 ns, At safepoint: 4800 ns, Total: 128700 ns
[2021-03-18T08:54:13.138+0000][24612][safepoint    ] Safepoint "Cleanup", Time since last: 1000396200 ns, Reaching safepoint: 130400 ns, At safepoint: 5700 ns, Total: 136100 ns
[2021-03-18T08:54:14.139+0000][24612][safepoint    ] Safepoint "Cleanup", Time since last: 1001007900 ns, Reaching safepoint: 204400 ns, At safepoint: 11700 ns, Total: 216100 ns
[2021-03-18T08:54:15.140+0000][24612][safepoint    ] Safepoint "Cleanup", Time since last: 1000626300 ns, Reaching safepoint: 164500 ns, At safepoint: 6400 ns, Total: 170900 ns
[2021-03-18T08:54:16.140+0000][24612][safepoint    ] Safepoint "Cleanup", Time since last: 1000189800 ns, Reaching safepoint: 272000 ns, At safepoint: 34000 ns, Total: 306000 ns
[2021-03-18T08:54:18.141+0000][24612][safepoint    ] Safepoint "Cleanup", Time since last: 2000545200 ns, Reaching safepoint: 149900 ns, At safepoint: 7900 ns, Total: 157800 ns
[2021-03-18T08:54:19.141+0000][24612][safepoint    ] Safepoint "Cleanup", Time since last: 1000162800 ns, Reaching safepoint: 269400 ns, At safepoint: 13200 ns, Total: 282600 ns
[2021-03-18T08:54:20.142+0000][24612][safepoint    ] Safepoint "Cleanup", Time since last: 1000111900 ns, Reaching safepoint: 125200 ns, At safepoint: 4900 ns, Total: 130100 ns
[2021-03-18T08:54:21.142+0000][24612][safepoint    ] Safepoint "Cleanup", Time since last: 1000358600 ns, Reaching safepoint: 140900 ns, At safepoint: 3700 ns, Total: 144600 ns
[2021-03-18T08:54:22.143+0000][24612][safepoint    ] Safepoint "Cleanup", Time since last: 1000476500 ns, Reaching safepoint: 98400 ns, At safepoint: 7200 ns, Total: 105600 ns
[2021-03-18T08:54:23.144+0000][24612][safepoint    ] Safepoint "Cleanup", Time since last: 1000739300 ns, Reaching safepoint: 118900 ns, At safepoint: 7000 ns, Total: 125900 ns
[2021-03-18T08:54:25.144+0000][24612][safepoint    ] Safepoint "Cleanup", Time since last: 2000430400 ns, Reaching safepoint: 126600 ns, At safepoint: 8600 ns, Total: 135200 ns
[2021-03-18T08:54:26.145+0000][24612][safepoint    ] Safepoint "Cleanup", Time since last: 1000820100 ns, Reaching safepoint: 107900 ns, At safepoint: 7000 ns, Total: 114900 ns
[2021-03-18T08:54:28.146+0000][24612][safepoint    ] Safepoint "Cleanup", Time since last: 2000531400 ns, Reaching safepoint: 440500 ns, At safepoint: 25300 ns, Total: 465800 ns
[2021-03-18T08:54:29.147+0000][24612][safepoint    ] Safepoint "Cleanup", Time since last: 1001131100 ns, Reaching safepoint: 160800 ns, At safepoint: 6300 ns, Total: 167100 ns
[2021-03-18T08:54:30.148+0000][24612][safepoint    ] Safepoint "Cleanup", Time since last: 1000232700 ns, Reaching safepoint: 103200 ns, At safepoint: 3500 ns, Total: 106700 ns
[2021-03-18T08:54:31.148+0000][24612][safepoint    ] Safepoint "Cleanup", Time since last: 1000487600 ns, Reaching safepoint: 163000 ns, At safepoint: 6000 ns, Total: 169000 ns
[2021-03-18T08:54:32.150+0000][24612][safepoint    ] Safepoint "Cleanup", Time since last: 1001110600 ns, Reaching safepoint: 184900 ns, At safepoint: 37200 ns, Total: 222100 ns
[2021-03-18T08:54:34.151+0000][24612][safepoint    ] Safepoint "Cleanup", Time since last: 2000665700 ns, Reaching safepoint: 391600 ns, At safepoint: 133100 ns, Total: 524700 ns
[2021-03-18T08:54:35.152+0000][24612][safepoint    ] Safepoint "Cleanup", Time since last: 1000553200 ns, Reaching safepoint: 408500 ns, At safepoint: 24700 ns, Total: 433200 ns
[2021-03-18T08:54:36.153+0000][24612][safepoint    ] Safepoint "Cleanup", Time since last: 1000870700 ns, Reaching safepoint: 224900 ns, At safepoint: 14000 ns, Total: 238900 ns
[2021-03-18T08:54:37.154+0000][24612][safepoint    ] Safepoint "Cleanup", Time since last: 1000467800 ns, Reaching safepoint: 209200 ns, At safepoint: 11800 ns, Total: 221000 ns
[2021-03-18T08:54:39.155+0000][24612][safepoint    ] Safepoint "Cleanup", Time since last: 2000802500 ns, Reaching safepoint: 265300 ns, At safepoint: 9800 ns, Total: 275100 ns
[2021-03-18T08:54:40.155+0000][24612][safepoint    ] Safepoint "Cleanup", Time since last: 1000152200 ns, Reaching safepoint: 176000 ns, At safepoint: 63900 ns, Total: 239900 ns
[2021-03-18T08:54:41.156+0000][24612][safepoint    ] Safepoint "Cleanup", Time since last: 1000206200 ns, Reaching safepoint: 169700 ns, At safepoint: 10800 ns, Total: 180500 ns
[2021-03-18T08:54:42.156+0000][24612][safepoint    ] Safepoint "Cleanup", Time since last: 1000541100 ns, Reaching safepoint: 242300 ns, At safepoint: 13300 ns, Total: 255600 ns
[2021-03-18T08:54:43.157+0000][24612][safepoint    ] Safepoint "Cleanup", Time since last: 1000854200 ns, Reaching safepoint: 134600 ns, At safepoint: 5000 ns, Total: 139600 ns
[2021-03-18T08:54:44.158+0000][24612][safepoint    ] Safepoint "Cleanup", Time since last: 1000721700 ns, Reaching safepoint: 117700 ns, At safepoint: 2900 ns, Total: 120600 ns
[2021-03-18T08:54:45.159+0000][24612][safepoint    ] Safepoint "Cleanup", Time since last: 1000191100 ns, Reaching safepoint: 143500 ns, At safepoint: 4200 ns, Total: 147700 ns
[2021-03-18T08:54:46.159+0000][24612][safepoint    ] Safepoint "Cleanup", Time since last: 1000189500 ns, Reaching safepoint: 133200 ns, At safepoint: 4100 ns, Total: 137300 ns
[2021-03-18T08:54:47.159+0000][24612][safepoint    ] Safepoint "Cleanup", Time since last: 1000350100 ns, Reaching safepoint: 153600 ns, At safepoint: 50100 ns, Total: 203700 ns
[2021-03-18T08:54:48.160+0000][24612][safepoint    ] Safepoint "Cleanup", Time since last: 1000708200 ns, Reaching safepoint: 145000 ns, At safepoint: 11000 ns, Total: 156000 ns
[2021-03-18T08:54:49.161+0000][24612][safepoint    ] Safepoint "Cleanup", Time since last: 1000229300 ns, Reaching safepoint: 369400 ns, At safepoint: 19400 ns, Total: 388800 ns
[2021-03-18T08:54:50.821+0000][24612][safepoint    ] Safepoint "Cleanup", Time since last: 1659646400 ns, Reaching safepoint: 428100 ns, At safepoint: 8900 ns, Total: 437000 ns
[2021-03-18T08:54:52.821+0000][24612][safepoint    ] Safepoint "Cleanup", Time since last: 1999814500 ns, Reaching safepoint: 153900 ns, At safepoint: 3500 ns, Total: 157400 ns
[2021-03-18T08:54:53.822+0000][24612][safepoint    ] Safepoint "Cleanup", Time since last: 1000574700 ns, Reaching safepoint: 162000 ns, At safepoint: 98100 ns, Total: 260100 ns
[2021-03-18T08:54:55.823+0000][24612][safepoint    ] Safepoint "Cleanup", Time since last: 2000967600 ns, Reaching safepoint: 296900 ns, At safepoint: 15600 ns, Total: 312500 ns
[2021-03-18T08:54:57.824+0000][24612][safepoint    ] Safepoint "Cleanup", Time since last: 2000749300 ns, Reaching safepoint: 158500 ns, At safepoint: 3700 ns, Total: 162200 ns
[2021-03-18T08:54:58.824+0000][24612][safepoint    ] Safepoint "Cleanup", Time since last: 1000158500 ns, Reaching safepoint: 132100 ns, At safepoint: 4500 ns, Total: 136600 ns
[2021-03-18T08:55:00.825+0000][24612][safepoint    ] Safepoint "Cleanup", Time since last: 2000393000 ns, Reaching safepoint: 147100 ns, At safepoint: 24500 ns, Total: 171600 ns
[2021-03-18T08:55:01.826+0000][24612][safepoint    ] Safepoint "Cleanup", Time since last: 1000750600 ns, Reaching safepoint: 147000 ns, At safepoint: 5800 ns, Total: 152800 ns
[2021-03-18T08:55:02.826+0000][24612][safepoint    ] Safepoint "Cleanup", Time since last: 1000369500 ns, Reaching safepoint: 122800 ns, At safepoint: 3200 ns, Total: 126000 ns
[2021-03-18T08:55:03.827+0000][24612][safepoint    ] Safepoint "Cleanup", Time since last: 1000379700 ns, Reaching safepoint: 122600 ns, At safepoint: 3000 ns, Total: 125600 ns
[2021-03-18T08:55:04.827+0000][24612][safepoint    ] Safepoint "Cleanup", Time since last: 1000314600 ns, Reaching safepoint: 205900 ns, At safepoint: 7700 ns, Total: 213600 ns
[2021-03-18T08:55:05.828+0000][24612][safepoint    ] Safepoint "Cleanup", Time since last: 1000535300 ns, Reaching safepoint: 168200 ns, At safepoint: 16600 ns, Total: 184800 ns
[2021-03-18T08:55:06.828+0000][24612][safepoint    ] Safepoint "Cleanup", Time since last: 1000356400 ns, Reaching safepoint: 110400 ns, At safepoint: 10500 ns, Total: 120900 ns
[2021-03-18T08:55:07.829+0000][24612][safepoint    ] Safepoint "Cleanup", Time since last: 1000051100 ns, Reaching safepoint: 125100 ns, At safepoint: 3800 ns, Total: 128900 ns
[2021-03-18T08:55:08.829+0000][24612][safepoint    ] Safepoint "Cleanup", Time since last: 1000410700 ns, Reaching safepoint: 377500 ns, At safepoint: 22800 ns, Total: 400300 ns
[2021-03-18T08:55:10.830+0000][24612][safepoint    ] Safepoint "Cleanup", Time since last: 2000373400 ns, Reaching safepoint: 108800 ns, At safepoint: 5000 ns, Total: 113800 ns
[2021-03-18T08:55:11.831+0000][24612][safepoint    ] Safepoint "Cleanup", Time since last: 1000668000 ns, Reaching safepoint: 128700 ns, At safepoint: 3500 ns, Total: 132200 ns
[2021-03-18T08:55:12.831+0000][24612][safepoint    ] Safepoint "Cleanup", Time since last: 1000422200 ns, Reaching safepoint: 124600 ns, At safepoint: 4600 ns, Total: 129200 ns
[2021-03-18T08:55:13.832+0000][24612][safepoint    ] Safepoint "Cleanup", Time since last: 1000679200 ns, Reaching safepoint: 344600 ns, At safepoint: 16500 ns, Total: 361100 ns
[2021-03-18T08:55:14.832+0000][24612][safepoint    ] Safepoint "Cleanup", Time since last: 1000079000 ns, Reaching safepoint: 357300 ns, At safepoint: 18900 ns, Total: 376200 ns
[2021-03-18T08:55:15.833+0000][24612][safepoint    ] Safepoint "Cleanup", Time since last: 1000356100 ns, Reaching safepoint: 121000 ns, At safepoint: 6200 ns, Total: 127200 ns
[2021-03-18T08:55:16.834+0000][24612][safepoint    ] Safepoint "Cleanup", Time since last: 1000386400 ns, Reaching safepoint: 93800 ns, At safepoint: 3400 ns, Total: 97200 ns
[2021-03-18T08:55:17.834+0000][24612][safepoint    ] Safepoint "Cleanup", Time since last: 1000261800 ns, Reaching safepoint: 366900 ns, At safepoint: 15500 ns, Total: 382400 ns
[2021-03-18T08:55:19.834+0000][24612][safepoint    ] Safepoint "Cleanup", Time since last: 1999695800 ns, Reaching safepoint: 131200 ns, At safepoint: 4300 ns, Total: 135500 ns
[2021-03-18T08:55:20.834+0000][24612][safepoint    ] Safepoint "Cleanup", Time since last: 1000062800 ns, Reaching safepoint: 103100 ns, At safepoint: 4800 ns, Total: 107900 ns
[2021-03-18T08:55:21.835+0000][24612][safepoint    ] Safepoint "Cleanup", Time since last: 1000283600 ns, Reaching safepoint: 123900 ns, At safepoint: 3700 ns, Total: 127600 ns
[2021-03-18T08:55:22.836+0000][24612][safepoint    ] Safepoint "Cleanup", Time since last: 1000762100 ns, Reaching safepoint: 140600 ns, At safepoint: 6200 ns, Total: 146800 ns
[2021-03-18T08:55:23.836+0000][24612][safepoint    ] Safepoint "Cleanup", Time since last: 1000283400 ns, Reaching safepoint: 399600 ns, At safepoint: 25400 ns, Total: 425000 ns
[2021-03-18T08:55:24.837+0000][24612][safepoint    ] Safepoint "Cleanup", Time since last: 1000800300 ns, Reaching safepoint: 132600 ns, At safepoint: 8600 ns, Total: 141200 ns
[2021-03-18T08:55:25.838+0000][24612][safepoint    ] Safepoint "Cleanup", Time since last: 1000716900 ns, Reaching safepoint: 150100 ns, At safepoint: 4100 ns, Total: 154200 ns
[2021-03-18T08:55:26.839+0000][24612][safepoint    ] Safepoint "Cleanup", Time since last: 1000749800 ns, Reaching safepoint: 132000 ns, At safepoint: 4200 ns, Total: 136200 ns
[2021-03-18T08:55:28.108+0000][24612][safepoint    ] Safepoint "Cleanup", Time since last: 1269108600 ns, Reaching safepoint: 121800 ns, At safepoint: 63700 ns, Total: 185500 ns
[2021-03-18T08:55:29.109+0000][24612][safepoint    ] Safepoint "Cleanup", Time since last: 1000535800 ns, Reaching safepoint: 102500 ns, At safepoint: 72700 ns, Total: 175200 ns
[2021-03-18T08:55:30.109+0000][24612][safepoint    ] Safepoint "Cleanup", Time since last: 1000274500 ns, Reaching safepoint: 111000 ns, At safepoint: 82100 ns, Total: 193100 ns
[2021-03-18T08:55:32.110+0000][24612][safepoint    ] Safepoint "Cleanup", Time since last: 2000237200 ns, Reaching safepoint: 160900 ns, At safepoint: 68500 ns, Total: 229400 ns
[2021-03-18T08:55:33.110+0000][24612][safepoint    ] Safepoint "Cleanup", Time since last: 1000209700 ns, Reaching safepoint: 432900 ns, At safepoint: 26000 ns, Total: 458900 ns
[2021-03-18T08:55:34.111+0000][24612][safepoint    ] Safepoint "Cleanup", Time since last: 1000140300 ns, Reaching safepoint: 116600 ns, At safepoint: 79100 ns, Total: 195700 ns
[2021-03-18T08:55:36.111+0000][24612][safepoint    ] Safepoint "Cleanup", Time since last: 1999974000 ns, Reaching safepoint: 373800 ns, At safepoint: 22900 ns, Total: 396700 ns
[2021-03-18T08:55:38.112+0000][24612][safepoint    ] Safepoint "Cleanup", Time since last: 2000355000 ns, Reaching safepoint: 434300 ns, At safepoint: 169000 ns, Total: 603300 ns
[2021-03-18T08:55:39.113+0000][24612][safepoint    ] Safepoint "Cleanup", Time since last: 1000560900 ns, Reaching safepoint: 115400 ns, At safepoint: 4700 ns, Total: 120100 ns
[2021-03-18T08:55:40.113+0000][24612][safepoint    ] Safepoint "Cleanup", Time since last: 1000304800 ns, Reaching safepoint: 147200 ns, At safepoint: 5400 ns, Total: 152600 ns
[2021-03-18T08:55:41.114+0000][24612][safepoint    ] Safepoint "Cleanup", Time since last: 1000508600 ns, Reaching safepoint: 164200 ns, At safepoint: 13100 ns, Total: 177300 ns
[2021-03-18T08:55:42.115+0000][24612][safepoint    ] Safepoint "Cleanup", Time since last: 1000378200 ns, Reaching safepoint: 135700 ns, At safepoint: 6600 ns, Total: 142300 ns
[2021-03-18T08:55:44.115+0000][24612][safepoint    ] Safepoint "Cleanup", Time since last: 2000140100 ns, Reaching safepoint: 106800 ns, At safepoint: 54100 ns, Total: 160900 ns
[2021-03-18T08:55:45.115+0000][24612][safepoint    ] Safepoint "Cleanup", Time since last: 1000211600 ns, Reaching safepoint: 182800 ns, At safepoint: 89000 ns, Total: 271800 ns
[2021-03-18T08:55:46.116+0000][24612][safepoint    ] Safepoint "Cleanup", Time since last: 1001011000 ns, Reaching safepoint: 189600 ns, At safepoint: 81100 ns, Total: 270700 ns
[2021-03-18T08:55:47.117+0000][24612][safepoint    ] Safepoint "Cleanup", Time since last: 1000379400 ns, Reaching safepoint: 149200 ns, At safepoint: 7000 ns, Total: 156200 ns
[2021-03-18T08:55:48.118+0000][24612][safepoint    ] Safepoint "Cleanup", Time since last: 1000469300 ns, Reaching safepoint: 126400 ns, At safepoint: 59200 ns, Total: 185600 ns
[2021-03-18T08:55:49.118+0000][24612][safepoint    ] Safepoint "Cleanup", Time since last: 1000096000 ns, Reaching safepoint: 160300 ns, At safepoint: 79400 ns, Total: 239700 ns
[2021-03-18T08:55:50.119+0000][24612][safepoint    ] Safepoint "Cleanup", Time since last: 1000720000 ns, Reaching safepoint: 146600 ns, At safepoint: 6700 ns, Total: 153300 ns
[2021-03-18T08:55:51.120+0000][24612][safepoint    ] Safepoint "Cleanup", Time since last: 1000531100 ns, Reaching safepoint: 150900 ns, At safepoint: 3400 ns, Total: 154300 ns
[2021-03-18T08:55:52.120+0000][24612][safepoint    ] Safepoint "Cleanup", Time since last: 1000468000 ns, Reaching safepoint: 111200 ns, At safepoint: 6800 ns, Total: 118000 ns
[2021-03-18T08:55:53.121+0000][24612][safepoint    ] Safepoint "Cleanup", Time since last: 1000582700 ns, Reaching safepoint: 178300 ns, At safepoint: 73100 ns, Total: 251400 ns
[2021-03-18T08:55:54.121+0000][24612][safepoint    ] Safepoint "Cleanup", Time since last: 1000037500 ns, Reaching safepoint: 155300 ns, At safepoint: 70900 ns, Total: 226200 ns
[2021-03-18T08:55:55.122+0000][24612][safepoint    ] Safepoint "Cleanup", Time since last: 1000365900 ns, Reaching safepoint: 187300 ns, At safepoint: 42800 ns, Total: 230100 ns
[2021-03-18T08:55:56.122+0000][24612][safepoint    ] Safepoint "Cleanup", Time since last: 1000238500 ns, Reaching safepoint: 121200 ns, At safepoint: 3200 ns, Total: 124400 ns
[2021-03-18T08:55:57.122+0000][24612][safepoint    ] Safepoint "Cleanup", Time since last: 1000019300 ns, Reaching safepoint: 209500 ns, At safepoint: 61000 ns, Total: 270500 ns
[2021-03-18T08:55:58.123+0000][24612][safepoint    ] Safepoint "Cleanup", Time since last: 1000389900 ns, Reaching safepoint: 130600 ns, At safepoint: 4100 ns, Total: 134700 ns
[2021-03-18T08:55:59.124+0000][24612][safepoint    ] Safepoint "Cleanup", Time since last: 1000598600 ns, Reaching safepoint: 179200 ns, At safepoint: 69200 ns, Total: 248400 ns
[2021-03-18T08:56:00.125+0000][24612][safepoint    ] Safepoint "Cleanup", Time since last: 1000612500 ns, Reaching safepoint: 145700 ns, At safepoint: 49800 ns, Total: 195500 ns
[2021-03-18T08:56:01.126+0000][24612][safepoint    ] Safepoint "Cleanup", Time since last: 1000715700 ns, Reaching safepoint: 118400 ns, At safepoint: 68700 ns, Total: 187100 ns
[2021-03-18T08:56:02.126+0000][24612][safepoint    ] Safepoint "Cleanup", Time since last: 1000176900 ns, Reaching safepoint: 334300 ns, At safepoint: 76300 ns, Total: 410600 ns
[2021-03-18T08:56:03.126+0000][24612][safepoint    ] Safepoint "Cleanup", Time since last: 1000087200 ns, Reaching safepoint: 133100 ns, At safepoint: 3800 ns, Total: 136900 ns
[2021-03-18T08:56:04.127+0000][24612][safepoint    ] Safepoint "Cleanup", Time since last: 1000605000 ns, Reaching safepoint: 165300 ns, At safepoint: 79700 ns, Total: 245000 ns
[2021-03-18T08:56:05.128+0000][24612][safepoint    ] Safepoint "Cleanup", Time since last: 1000449700 ns, Reaching safepoint: 434200 ns, At safepoint: 128400 ns, Total: 562600 ns
[2021-03-18T08:56:06.129+0000][24612][safepoint    ] Safepoint "Cleanup", Time since last: 1000533700 ns, Reaching safepoint: 121400 ns, At safepoint: 63500 ns, Total: 184900 ns
[2021-03-18T08:56:08.130+0000][24612][safepoint    ] Safepoint "Cleanup", Time since last: 2000764200 ns, Reaching safepoint: 224200 ns, At safepoint: 12900 ns, Total: 237100 ns
[2021-03-18T08:56:10.131+0000][24612][safepoint    ] Safepoint "Cleanup", Time since last: 2000930300 ns, Reaching safepoint: 152700 ns, At safepoint: 76300 ns, Total: 229000 ns
[2021-03-18T08:56:11.132+0000][24612][safepoint    ] Safepoint "Cleanup", Time since last: 1000429400 ns, Reaching safepoint: 153500 ns, At safepoint: 75800 ns, Total: 229300 ns
[2021-03-18T08:56:12.132+0000][24612][safepoint    ] Safepoint "Cleanup", Time since last: 1000110400 ns, Reaching safepoint: 165200 ns, At safepoint: 84400 ns, Total: 249600 ns
[2021-03-18T08:56:13.133+0000][24612][safepoint    ] Safepoint "Cleanup", Time since last: 1000411200 ns, Reaching safepoint: 247200 ns, At safepoint: 79100 ns, Total: 326300 ns
[2021-03-18T08:56:14.133+0000][24612][safepoint    ] Safepoint "Cleanup", Time since last: 1000216500 ns, Reaching safepoint: 163700 ns, At safepoint: 5500 ns, Total: 169200 ns
[2021-03-18T08:56:15.134+0000][24612][safepoint    ] Safepoint "Cleanup", Time since last: 1000926900 ns, Reaching safepoint: 393400 ns, At safepoint: 151900 ns, Total: 545300 ns
[2021-03-18T08:56:16.135+0000][24612][safepoint    ] Safepoint "Cleanup", Time since last: 1000152800 ns, Reaching safepoint: 140100 ns, At safepoint: 26800 ns, Total: 166900 ns
[2021-03-18T08:56:17.135+0000][24612][safepoint    ] Safepoint "Cleanup", Time since last: 1000098100 ns, Reaching safepoint: 183200 ns, At safepoint: 65300 ns, Total: 248500 ns
[2021-03-18T08:56:18.136+0000][24612][safepoint    ] Safepoint "Cleanup", Time since last: 1000616000 ns, Reaching safepoint: 173900 ns, At safepoint: 80100 ns, Total: 254000 ns
[2021-03-18T08:56:19.137+0000][24612][safepoint    ] Safepoint "Cleanup", Time since last: 1000111400 ns, Reaching safepoint: 140600 ns, At safepoint: 71700 ns, Total: 212300 ns
[2021-03-18T08:56:20.137+0000][24612][safepoint    ] Safepoint "Cleanup", Time since last: 1000354500 ns, Reaching safepoint: 328300 ns, At safepoint: 126600 ns, Total: 454900 ns
[2021-03-18T08:56:22.138+0000][24612][safepoint    ] Safepoint "Cleanup", Time since last: 2000129200 ns, Reaching safepoint: 107600 ns, At safepoint: 66400 ns, Total: 174000 ns
[2021-03-18T08:56:23.138+0000][24612][safepoint    ] Safepoint "Cleanup", Time since last: 1000348000 ns, Reaching safepoint: 474700 ns, At safepoint: 152900 ns, Total: 627600 ns
[2021-03-18T08:56:24.140+0000][24612][safepoint    ] Safepoint "Cleanup", Time since last: 1001515600 ns, Reaching safepoint: 397700 ns, At safepoint: 126700 ns, Total: 524400 ns
[2021-03-18T08:56:26.141+0000][24612][safepoint    ] Safepoint "Cleanup", Time since last: 2000011700 ns, Reaching safepoint: 159900 ns, At safepoint: 7300 ns, Total: 167200 ns
[2021-03-18T08:56:28.123+0000][24612][safepoint    ] Safepoint "Cleanup", Time since last: 1982362400 ns, Reaching safepoint: 295100 ns, At safepoint: 111200 ns, Total: 406300 ns
[2021-03-18T08:56:29.124+0000][24612][safepoint    ] Safepoint "Cleanup", Time since last: 1000483100 ns, Reaching safepoint: 135900 ns, At safepoint: 62700 ns, Total: 198600 ns
[2021-03-18T08:56:30.125+0000][24612][safepoint    ] Safepoint "Cleanup", Time since last: 1000719900 ns, Reaching safepoint: 369400 ns, At safepoint: 14900 ns, Total: 384300 ns
[2021-03-18T08:56:32.126+0000][24612][safepoint    ] Safepoint "Cleanup", Time since last: 2000479300 ns, Reaching safepoint: 171100 ns, At safepoint: 18900 ns, Total: 190000 ns
[2021-03-18T08:56:34.126+0000][24612][safepoint    ] Safepoint "Cleanup", Time since last: 2000035400 ns, Reaching safepoint: 149800 ns, At safepoint: 62800 ns, Total: 212600 ns
[2021-03-18T08:56:35.127+0000][24612][safepoint    ] Safepoint "Cleanup", Time since last: 1000761700 ns, Reaching safepoint: 390000 ns, At safepoint: 129200 ns, Total: 519200 ns
[2021-03-18T08:56:36.128+0000][24612][safepoint    ] Safepoint "Cleanup", Time since last: 1000620800 ns, Reaching safepoint: 158800 ns, At safepoint: 8000 ns, Total: 166800 ns
[2021-03-18T08:56:37.129+0000][24612][safepoint    ] Safepoint "Cleanup", Time since last: 1000713900 ns, Reaching safepoint: 223300 ns, At safepoint: 14000 ns, Total: 237300 ns
[2021-03-18T08:56:38.130+0000][24612][safepoint    ] Safepoint "Cleanup", Time since last: 1000108500 ns, Reaching safepoint: 130800 ns, At safepoint: 7000 ns, Total: 137800 ns
[2021-03-18T08:56:39.130+0000][24612][safepoint    ] Safepoint "Cleanup", Time since last: 1000624600 ns, Reaching safepoint: 159700 ns, At safepoint: 6000 ns, Total: 165700 ns
[2021-03-18T08:56:40.131+0000][24612][safepoint    ] Safepoint "Cleanup", Time since last: 1000637700 ns, Reaching safepoint: 372500 ns, At safepoint: 161100 ns, Total: 533600 ns
[2021-03-18T08:56:41.132+0000][24612][safepoint    ] Safepoint "Cleanup", Time since last: 1000577800 ns, Reaching safepoint: 116200 ns, At safepoint: 51900 ns, Total: 168100 ns
[2021-03-18T08:56:42.133+0000][24612][safepoint    ] Safepoint "Cleanup", Time since last: 1000272500 ns, Reaching safepoint: 312700 ns, At safepoint: 97600 ns, Total: 410300 ns
[2021-03-18T08:56:44.134+0000][24612][safepoint    ] Safepoint "Cleanup", Time since last: 2001037800 ns, Reaching safepoint: 403600 ns, At safepoint: 123200 ns, Total: 526800 ns
[2021-03-18T08:56:45.136+0000][24612][safepoint    ] Safepoint "Cleanup", Time since last: 1001030400 ns, Reaching safepoint: 397800 ns, At safepoint: 23700 ns, Total: 421500 ns
[2021-03-18T08:56:46.136+0000][24612][safepoint    ] Safepoint "Cleanup", Time since last: 1000076700 ns, Reaching safepoint: 140900 ns, At safepoint: 6700 ns, Total: 147600 ns
[2021-03-18T08:56:47.137+0000][24612][safepoint    ] Safepoint "Cleanup", Time since last: 1000944100 ns, Reaching safepoint: 279300 ns, At safepoint: 11600 ns, Total: 290900 ns
[2021-03-18T08:56:48.138+0000][24612][safepoint    ] Safepoint "Cleanup", Time since last: 1000553700 ns, Reaching safepoint: 163800 ns, At safepoint: 64600 ns, Total: 228400 ns
[2021-03-18T08:56:49.139+0000][24612][safepoint    ] Safepoint "Cleanup", Time since last: 1000279800 ns, Reaching safepoint: 117900 ns, At safepoint: 66800 ns, Total: 184700 ns
[2021-03-18T08:56:50.139+0000][24612][safepoint    ] Safepoint "Cleanup", Time since last: 1000507700 ns, Reaching safepoint: 415700 ns, At safepoint: 125200 ns, Total: 540900 ns
[2021-03-18T08:56:52.140+0000][24612][safepoint    ] Safepoint "Cleanup", Time since last: 2000361100 ns, Reaching safepoint: 131400 ns, At safepoint: 19500 ns, Total: 150900 ns
[2021-03-18T08:56:53.141+0000][24612][safepoint    ] Safepoint "Cleanup", Time since last: 1000795600 ns, Reaching safepoint: 138100 ns, At safepoint: 7700 ns, Total: 145800 ns
[2021-03-18T08:56:54.141+0000][24612][safepoint    ] Safepoint "Cleanup", Time since last: 1000176600 ns, Reaching safepoint: 157800 ns, At safepoint: 21800 ns, Total: 179600 ns
[2021-03-18T08:56:55.142+0000][24612][safepoint    ] Safepoint "Cleanup", Time since last: 1000117000 ns, Reaching safepoint: 117300 ns, At safepoint: 18200 ns, Total: 135500 ns
[2021-03-18T08:56:56.142+0000][24612][safepoint    ] Safepoint "Cleanup", Time since last: 1000549600 ns, Reaching safepoint: 124600 ns, At safepoint: 4100 ns, Total: 128700 ns
[2021-03-18T08:56:57.143+0000][24612][safepoint    ] Safepoint "Cleanup", Time since last: 1000070200 ns, Reaching safepoint: 128000 ns, At safepoint: 8000 ns, Total: 136000 ns
[2021-03-18T08:56:58.143+0000][24612][safepoint    ] Safepoint "Cleanup", Time since last: 1000574900 ns, Reaching safepoint: 191600 ns, At safepoint: 30900 ns, Total: 222500 ns
[2021-03-18T08:56:59.144+0000][24612][safepoint    ] Safepoint "Cleanup", Time since last: 1000253000 ns, Reaching safepoint: 224900 ns, At safepoint: 6600 ns, Total: 231500 ns
[2021-03-18T08:57:00.145+0000][24612][safepoint    ] Safepoint "Cleanup", Time since last: 1000796900 ns, Reaching safepoint: 107900 ns, At safepoint: 7100 ns, Total: 115000 ns
[2021-03-18T08:57:01.145+0000][24612][safepoint    ] Safepoint "Cleanup", Time since last: 1000004900 ns, Reaching safepoint: 100500 ns, At safepoint: 7500 ns, Total: 108000 ns
[2021-03-18T08:57:03.145+0000][24612][safepoint    ] Safepoint "Cleanup", Time since last: 2000382100 ns, Reaching safepoint: 107800 ns, At safepoint: 7300 ns, Total: 115100 ns
[2021-03-18T08:57:04.146+0000][24612][safepoint    ] Safepoint "Cleanup", Time since last: 1000050600 ns, Reaching safepoint: 134500 ns, At safepoint: 6700 ns, Total: 141200 ns
[2021-03-18T08:57:05.146+0000][24612][safepoint    ] Safepoint "Cleanup", Time since last: 1000259900 ns, Reaching safepoint: 329800 ns, At safepoint: 21500 ns, Total: 351300 ns
[2021-03-18T08:57:06.147+0000][24612][safepoint    ] Safepoint "Cleanup", Time since last: 1000351700 ns, Reaching safepoint: 150200 ns, At safepoint: 3900 ns, Total: 154100 ns
[2021-03-18T08:57:07.147+0000][24612][safepoint    ] Safepoint "Cleanup", Time since last: 1000035200 ns, Reaching safepoint: 378500 ns, At safepoint: 12800 ns, Total: 391300 ns
[2021-03-18T08:57:09.148+0000][24612][safepoint    ] Safepoint "Cleanup", Time since last: 2000582200 ns, Reaching safepoint: 289200 ns, At safepoint: 15100 ns, Total: 304300 ns
[2021-03-18T08:57:10.148+0000][24612][safepoint    ] Safepoint "Cleanup", Time since last: 1000041200 ns, Reaching safepoint: 140000 ns, At safepoint: 6700 ns, Total: 146700 ns
[2021-03-18T08:57:12.148+0000][24612][safepoint    ] Safepoint "Cleanup", Time since last: 2000080000 ns, Reaching safepoint: 106000 ns, At safepoint: 41600 ns, Total: 147600 ns
[2021-03-18T08:57:14.149+0000][24612][safepoint    ] Safepoint "Cleanup", Time since last: 2000096700 ns, Reaching safepoint: 218000 ns, At safepoint: 76200 ns, Total: 294200 ns
[2021-03-18T08:57:15.150+0000][24612][safepoint    ] Safepoint "Cleanup", Time since last: 1000931000 ns, Reaching safepoint: 161900 ns, At safepoint: 35100 ns, Total: 197000 ns
[2021-03-18T08:57:16.151+0000][24612][safepoint    ] Safepoint "Cleanup", Time since last: 1000540500 ns, Reaching safepoint: 226200 ns, At safepoint: 77100 ns, Total: 303300 ns
[2021-03-18T08:57:17.151+0000][24612][safepoint    ] Safepoint "Cleanup", Time since last: 1000208100 ns, Reaching safepoint: 592500 ns, At safepoint: 130000 ns, Total: 722500 ns
[2021-03-18T08:57:18.153+0000][24612][safepoint    ] Safepoint "Cleanup", Time since last: 1001184900 ns, Reaching safepoint: 154600 ns, At safepoint: 3000 ns, Total: 157600 ns
[2021-03-18T08:57:19.154+0000][24612][safepoint    ] Safepoint "Cleanup", Time since last: 1000801500 ns, Reaching safepoint: 129800 ns, At safepoint: 6700 ns, Total: 136500 ns
[2021-03-18T08:57:21.155+0000][24612][safepoint    ] Safepoint "Cleanup", Time since last: 2000867500 ns, Reaching safepoint: 144200 ns, At safepoint: 61700 ns, Total: 205900 ns
[2021-03-18T08:57:22.156+0000][24612][safepoint    ] Safepoint "Cleanup", Time since last: 1000777400 ns, Reaching safepoint: 342700 ns, At safepoint: 117200 ns, Total: 459900 ns
[2021-03-18T08:57:23.156+0000][24612][safepoint    ] Safepoint "Cleanup", Time since last: 1000032500 ns, Reaching safepoint: 225300 ns, At safepoint: 43700 ns, Total: 269000 ns
[2021-03-18T08:57:24.157+0000][24612][safepoint    ] Safepoint "Cleanup", Time since last: 1000389600 ns, Reaching safepoint: 117800 ns, At safepoint: 74300 ns, Total: 192100 ns
[2021-03-18T08:57:25.157+0000][24612][safepoint    ] Safepoint "Cleanup", Time since last: 1000083900 ns, Reaching safepoint: 139900 ns, At safepoint: 65200 ns, Total: 205100 ns
[2021-03-18T08:57:26.158+0000][24612][safepoint    ] Safepoint "Cleanup", Time since last: 1000773500 ns, Reaching safepoint: 361200 ns, At safepoint: 80300 ns, Total: 441500 ns
[2021-03-18T08:57:27.160+0000][24612][safepoint    ] Safepoint "Cleanup", Time since last: 1001196100 ns, Reaching safepoint: 147200 ns, At safepoint: 3400 ns, Total: 150600 ns
[2021-03-18T08:57:28.160+0000][24612][safepoint    ] Safepoint "Cleanup", Time since last: 1000105300 ns, Reaching safepoint: 272000 ns, At safepoint: 11500 ns, Total: 283500 ns
[2021-03-18T08:57:29.161+0000][24612][safepoint    ] Safepoint "Cleanup", Time since last: 1000129800 ns, Reaching safepoint: 154900 ns, At safepoint: 5400 ns, Total: 160300 ns
[2021-03-18T08:57:30.161+0000][24612][safepoint    ] Safepoint "Cleanup", Time since last: 1000159200 ns, Reaching safepoint: 164000 ns, At safepoint: 7200 ns, Total: 171200 ns
[2021-03-18T08:57:31.162+0000][24612][safepoint    ] Safepoint "Cleanup", Time since last: 1000736700 ns, Reaching safepoint: 206400 ns, At safepoint: 10500 ns, Total: 216900 ns
[2021-03-18T08:57:32.162+0000][24612][safepoint    ] Safepoint "Cleanup", Time since last: 1000341300 ns, Reaching safepoint: 215600 ns, At safepoint: 8500 ns, Total: 224100 ns
[2021-03-18T08:57:33.163+0000][24612][safepoint    ] Safepoint "Cleanup", Time since last: 1000540600 ns, Reaching safepoint: 207400 ns, At safepoint: 6100 ns, Total: 213500 ns
[2021-03-18T08:57:34.164+0000][24612][safepoint    ] Safepoint "Cleanup", Time since last: 1000618300 ns, Reaching safepoint: 159400 ns, At safepoint: 11600 ns, Total: 171000 ns
[2021-03-18T08:57:35.165+0000][24612][safepoint    ] Safepoint "Cleanup", Time since last: 1000643800 ns, Reaching safepoint: 168100 ns, At safepoint: 7400 ns, Total: 175500 ns
[2021-03-18T08:57:36.165+0000][24612][safepoint    ] Safepoint "Cleanup", Time since last: 1000493800 ns, Reaching safepoint: 120500 ns, At safepoint: 6800 ns, Total: 127300 ns
[2021-03-18T08:57:37.166+0000][24612][safepoint    ] Safepoint "Cleanup", Time since last: 1000804200 ns, Reaching safepoint: 136700 ns, At safepoint: 4800 ns, Total: 141500 ns
[2021-03-18T08:57:38.167+0000][24612][safepoint    ] Safepoint "Cleanup", Time since last: 1000266300 ns, Reaching safepoint: 195300 ns, At safepoint: 12300 ns, Total: 207600 ns
[2021-03-18T08:57:39.167+0000][24612][safepoint    ] Safepoint "Cleanup", Time since last: 1000184100 ns, Reaching safepoint: 89900 ns, At safepoint: 2600 ns, Total: 92500 ns
[2021-03-18T08:57:40.168+0000][24612][safepoint    ] Safepoint "Cleanup", Time since last: 1000717900 ns, Reaching safepoint: 148200 ns, At safepoint: 27300 ns, Total: 175500 ns
[2021-03-18T08:57:41.168+0000][24612][safepoint    ] Safepoint "Cleanup", Time since last: 1000188700 ns, Reaching safepoint: 156800 ns, At safepoint: 11100 ns, Total: 167900 ns
[2021-03-18T08:57:42.169+0000][24612][safepoint    ] Safepoint "Cleanup", Time since last: 1000674200 ns, Reaching safepoint: 134000 ns, At safepoint: 9900 ns, Total: 143900 ns
[2021-03-18T08:57:43.170+0000][24612][safepoint    ] Safepoint "Cleanup", Time since last: 1000442100 ns, Reaching safepoint: 151100 ns, At safepoint: 5000 ns, Total: 156100 ns
[2021-03-18T08:57:44.170+0000][24612][safepoint    ] Safepoint "Cleanup", Time since last: 1000023300 ns, Reaching safepoint: 381700 ns, At safepoint: 31200 ns, Total: 412900 ns
[2021-03-18T08:57:45.171+0000][24612][safepoint    ] Safepoint "Cleanup", Time since last: 1000574200 ns, Reaching safepoint: 131400 ns, At safepoint: 7000 ns, Total: 138400 ns
[2021-03-18T08:57:46.171+0000][24612][safepoint    ] Safepoint "Cleanup", Time since last: 1000021900 ns, Reaching safepoint: 216400 ns, At safepoint: 68600 ns, Total: 285000 ns
[2021-03-18T08:57:47.172+0000][24612][safepoint    ] Safepoint "Cleanup", Time since last: 1000598600 ns, Reaching safepoint: 153800 ns, At safepoint: 8300 ns, Total: 162100 ns
[2021-03-18T08:57:48.173+0000][24612][safepoint    ] Safepoint "Cleanup", Time since last: 1000773300 ns, Reaching safepoint: 141400 ns, At safepoint: 69800 ns, Total: 211200 ns
[2021-03-18T08:57:49.174+0000][24612][safepoint    ] Safepoint "Cleanup", Time since last: 1000882200 ns, Reaching safepoint: 354800 ns, At safepoint: 23400 ns, Total: 378200 ns
[2021-03-18T08:57:50.175+0000][24612][safepoint    ] Safepoint "Cleanup", Time since last: 1000369300 ns, Reaching safepoint: 159800 ns, At safepoint: 21700 ns, Total: 181500 ns
[2021-03-18T08:57:51.175+0000][24612][safepoint    ] Safepoint "Cleanup", Time since last: 1000062700 ns, Reaching safepoint: 389200 ns, At safepoint: 22200 ns, Total: 411400 ns
[2021-03-18T08:57:53.175+0000][24612][safepoint    ] Safepoint "Cleanup", Time since last: 1999905900 ns, Reaching safepoint: 93100 ns, At safepoint: 13500 ns, Total: 106600 ns
[2021-03-18T08:57:54.175+0000][24612][safepoint    ] Safepoint "Cleanup", Time since last: 1000075900 ns, Reaching safepoint: 236300 ns, At safepoint: 12200 ns, Total: 248500 ns
[2021-03-18T08:57:55.261+0000][24612][safepoint    ] Safepoint "Cleanup", Time since last: 1085639700 ns, Reaching safepoint: 442700 ns, At safepoint: 24100 ns, Total: 466800 ns
[2021-03-18T08:57:56.262+0000][24612][safepoint    ] Safepoint "Cleanup", Time since last: 1000464900 ns, Reaching safepoint: 147100 ns, At safepoint: 3300 ns, Total: 150400 ns
[2021-03-18T08:57:58.263+0000][24612][safepoint    ] Safepoint "Cleanup", Time since last: 2000148600 ns, Reaching safepoint: 177900 ns, At safepoint: 86900 ns, Total: 264800 ns
[2021-03-18T08:57:59.263+0000][24612][safepoint    ] Safepoint "Cleanup", Time since last: 1000251400 ns, Reaching safepoint: 144100 ns, At safepoint: 8400 ns, Total: 152500 ns
[2021-03-18T08:58:01.263+0000][24612][safepoint    ] Safepoint "Cleanup", Time since last: 2000143600 ns, Reaching safepoint: 133400 ns, At safepoint: 3600 ns, Total: 137000 ns
[2021-03-18T08:58:02.264+0000][24612][safepoint    ] Safepoint "Cleanup", Time since last: 1000416900 ns, Reaching safepoint: 137800 ns, At safepoint: 7300 ns, Total: 145100 ns
[2021-03-18T08:58:03.264+0000][24612][safepoint    ] Safepoint "Cleanup", Time since last: 1000211900 ns, Reaching safepoint: 136400 ns, At safepoint: 7600 ns, Total: 144000 ns
[2021-03-18T08:58:04.265+0000][24612][safepoint    ] Safepoint "Cleanup", Time since last: 1000767700 ns, Reaching safepoint: 134300 ns, At safepoint: 4600 ns, Total: 138900 ns
[2021-03-18T08:58:05.266+0000][24612][safepoint    ] Safepoint "Cleanup", Time since last: 1000205500 ns, Reaching safepoint: 240800 ns, At safepoint: 14000 ns, Total: 254800 ns
[2021-03-18T08:58:06.266+0000][24612][safepoint    ] Safepoint "Cleanup", Time since last: 1000341500 ns, Reaching safepoint: 134700 ns, At safepoint: 6300 ns, Total: 141000 ns
[2021-03-18T08:58:07.267+0000][24612][safepoint    ] Safepoint "Cleanup", Time since last: 1000518200 ns, Reaching safepoint: 152300 ns, At safepoint: 9700 ns, Total: 162000 ns
[2021-03-18T08:58:08.268+0000][24612][safepoint    ] Safepoint "Cleanup", Time since last: 1000674500 ns, Reaching safepoint: 169800 ns, At safepoint: 9400 ns, Total: 179200 ns
[2021-03-18T08:58:09.268+0000][24612][safepoint    ] Safepoint "Cleanup", Time since last: 1000057000 ns, Reaching safepoint: 141700 ns, At safepoint: 5700 ns, Total: 147400 ns
[2021-03-18T08:58:11.269+0000][24612][safepoint    ] Safepoint "Cleanup", Time since last: 2000686700 ns, Reaching safepoint: 233400 ns, At safepoint: 8400 ns, Total: 241800 ns
[2021-03-18T08:58:12.269+0000][24612][safepoint    ] Safepoint "Cleanup", Time since last: 1000491800 ns, Reaching safepoint: 112300 ns, At safepoint: 5700 ns, Total: 118000 ns
[2021-03-18T08:58:14.270+0000][24612][safepoint    ] Safepoint "Cleanup", Time since last: 2000604200 ns, Reaching safepoint: 141700 ns, At safepoint: 5800 ns, Total: 147500 ns
[2021-03-18T08:58:15.271+0000][24612][safepoint    ] Safepoint "Cleanup", Time since last: 1000588300 ns, Reaching safepoint: 158100 ns, At safepoint: 5300 ns, Total: 163400 ns
[2021-03-18T08:58:16.272+0000][24612][safepoint    ] Safepoint "Cleanup", Time since last: 1000936700 ns, Reaching safepoint: 110500 ns, At safepoint: 5400 ns, Total: 115900 ns
[2021-03-18T08:58:17.273+0000][24612][safepoint    ] Safepoint "Cleanup", Time since last: 1000896900 ns, Reaching safepoint: 236100 ns, At safepoint: 13300 ns, Total: 249400 ns
[2021-03-18T08:58:18.274+0000][24612][safepoint    ] Safepoint "Cleanup", Time since last: 1000476900 ns, Reaching safepoint: 175800 ns, At safepoint: 11300 ns, Total: 187100 ns
[2021-03-18T08:58:19.274+0000][24612][safepoint    ] Safepoint "Cleanup", Time since last: 1000153200 ns, Reaching safepoint: 345700 ns, At safepoint: 30200 ns, Total: 375900 ns
[2021-03-18T08:58:21.274+0000][24612][safepoint    ] Safepoint "Cleanup", Time since last: 1999658800 ns, Reaching safepoint: 108700 ns, At safepoint: 5800 ns, Total: 114500 ns
[2021-03-18T08:58:23.274+0000][24612][safepoint    ] Safepoint "Cleanup", Time since last: 2000096100 ns, Reaching safepoint: 155100 ns, At safepoint: 8100 ns, Total: 163200 ns
[2021-03-18T08:58:24.274+0000][24612][safepoint    ] Safepoint "Cleanup", Time since last: 1000014400 ns, Reaching safepoint: 267500 ns, At safepoint: 16200 ns, Total: 283700 ns
[2021-03-18T08:58:25.275+0000][24612][safepoint    ] Safepoint "Cleanup", Time since last: 1000116500 ns, Reaching safepoint: 179600 ns, At safepoint: 10200 ns, Total: 189800 ns
[2021-03-18T08:58:26.275+0000][24612][safepoint    ] Safepoint "Cleanup", Time since last: 1000429900 ns, Reaching safepoint: 201900 ns, At safepoint: 11500 ns, Total: 213400 ns
[2021-03-18T08:58:28.121+0000][24612][safepoint    ] Safepoint "Cleanup", Time since last: 1845264100 ns, Reaching safepoint: 103800 ns, At safepoint: 56800 ns, Total: 160600 ns
[2021-03-18T08:58:30.122+0000][24612][safepoint    ] Safepoint "Cleanup", Time since last: 2000616800 ns, Reaching safepoint: 126700 ns, At safepoint: 24700 ns, Total: 151400 ns
[2021-03-18T08:58:31.122+0000][24612][safepoint    ] Safepoint "Cleanup", Time since last: 1000677700 ns, Reaching safepoint: 151800 ns, At safepoint: 25900 ns, Total: 177700 ns
[2021-03-18T08:58:32.123+0000][24612][safepoint    ] Safepoint "Cleanup", Time since last: 1000539500 ns, Reaching safepoint: 646100 ns, At safepoint: 147600 ns, Total: 793700 ns
[2021-03-18T08:58:33.125+0000][24612][safepoint    ] Safepoint "Cleanup", Time since last: 1001099200 ns, Reaching safepoint: 309100 ns, At safepoint: 112900 ns, Total: 422000 ns
[2021-03-18T08:58:34.126+0000][24612][safepoint    ] Safepoint "Cleanup", Time since last: 1000494700 ns, Reaching safepoint: 198100 ns, At safepoint: 49800 ns, Total: 247900 ns
[2021-03-18T08:58:35.127+0000][24612][safepoint    ] Safepoint "Cleanup", Time since last: 1000531600 ns, Reaching safepoint: 100800 ns, At safepoint: 68500 ns, Total: 169300 ns
[2021-03-18T08:58:36.128+0000][24612][safepoint    ] Safepoint "Cleanup", Time since last: 1000778600 ns, Reaching safepoint: 156100 ns, At safepoint: 65200 ns, Total: 221300 ns
[2021-03-18T08:58:37.129+0000][24612][safepoint    ] Safepoint "Cleanup", Time since last: 1000866600 ns, Reaching safepoint: 148700 ns, At safepoint: 5700 ns, Total: 154400 ns
[2021-03-18T08:58:38.129+0000][24612][safepoint    ] Safepoint "Cleanup", Time since last: 1000325800 ns, Reaching safepoint: 157700 ns, At safepoint: 3200 ns, Total: 160900 ns
[2021-03-18T08:58:39.130+0000][24612][safepoint    ] Safepoint "Cleanup", Time since last: 1000413000 ns, Reaching safepoint: 152600 ns, At safepoint: 5100 ns, Total: 157700 ns
[2021-03-18T08:58:40.130+0000][24612][safepoint    ] Safepoint "Cleanup", Time since last: 1000188600 ns, Reaching safepoint: 155600 ns, At safepoint: 3500 ns, Total: 159100 ns
[2021-03-18T08:58:42.131+0000][24612][safepoint    ] Safepoint "Cleanup", Time since last: 2000378100 ns, Reaching safepoint: 151600 ns, At safepoint: 3300 ns, Total: 154900 ns
[2021-03-18T08:58:44.131+0000][24612][safepoint    ] Safepoint "Cleanup", Time since last: 2000165400 ns, Reaching safepoint: 240500 ns, At safepoint: 12100 ns, Total: 252600 ns
[2021-03-18T08:58:46.131+0000][24612][safepoint    ] Safepoint "Cleanup", Time since last: 1999828100 ns, Reaching safepoint: 128800 ns, At safepoint: 3900 ns, Total: 132700 ns
[2021-03-18T08:58:47.132+0000][24612][safepoint    ] Safepoint "Cleanup", Time since last: 1000493400 ns, Reaching safepoint: 156400 ns, At safepoint: 4200 ns, Total: 160600 ns
[2021-03-18T08:58:49.133+0000][24612][safepoint    ] Safepoint "Cleanup", Time since last: 2001279600 ns, Reaching safepoint: 137000 ns, At safepoint: 3000 ns, Total: 140000 ns
[2021-03-18T08:58:51.133+0000][24612][safepoint    ] Safepoint "Cleanup", Time since last: 1999936100 ns, Reaching safepoint: 130100 ns, At safepoint: 3700 ns, Total: 133800 ns
[2021-03-18T08:58:52.134+0000][24612][safepoint    ] Safepoint "Cleanup", Time since last: 1000396800 ns, Reaching safepoint: 350700 ns, At safepoint: 23100 ns, Total: 373800 ns
[2021-03-18T08:58:53.134+0000][24612][safepoint    ] Safepoint "Cleanup", Time since last: 1000262300 ns, Reaching safepoint: 178800 ns, At safepoint: 8400 ns, Total: 187200 ns
[2021-03-18T08:58:54.135+0000][24612][safepoint    ] Safepoint "Cleanup", Time since last: 1000098400 ns, Reaching safepoint: 191300 ns, At safepoint: 9800 ns, Total: 201100 ns
[2021-03-18T08:58:55.135+0000][24612][safepoint    ] Safepoint "Cleanup", Time since last: 1000499700 ns, Reaching safepoint: 461300 ns, At safepoint: 47700 ns, Total: 509000 ns
[2021-03-18T08:58:57.136+0000][24612][safepoint    ] Safepoint "Cleanup", Time since last: 2000297500 ns, Reaching safepoint: 163100 ns, At safepoint: 5200 ns, Total: 168300 ns
[2021-03-18T08:58:58.137+0000][24612][safepoint    ] Safepoint "Cleanup", Time since last: 1000562900 ns, Reaching safepoint: 543900 ns, At safepoint: 15500 ns, Total: 559400 ns
[2021-03-18T08:58:59.138+0000][24612][safepoint    ] Safepoint "Cleanup", Time since last: 1000072500 ns, Reaching safepoint: 96300 ns, At safepoint: 4900 ns, Total: 101200 ns
[2021-03-18T08:59:00.138+0000][24612][safepoint    ] Safepoint "Cleanup", Time since last: 1000640100 ns, Reaching safepoint: 129100 ns, At safepoint: 3900 ns, Total: 133000 ns
[2021-03-18T08:59:01.139+0000][24612][safepoint    ] Safepoint "Cleanup", Time since last: 1000837000 ns, Reaching safepoint: 107400 ns, At safepoint: 2800 ns, Total: 110200 ns
[2021-03-18T08:59:02.139+0000][24612][safepoint    ] Safepoint "Cleanup", Time since last: 1000018100 ns, Reaching safepoint: 100000 ns, At safepoint: 3600 ns, Total: 103600 ns
[2021-03-18T08:59:03.140+0000][24612][safepoint    ] Safepoint "Cleanup", Time since last: 1000599200 ns, Reaching safepoint: 115300 ns, At safepoint: 3400 ns, Total: 118700 ns
[2021-03-18T08:59:04.140+0000][24612][safepoint    ] Safepoint "Cleanup", Time since last: 1000074700 ns, Reaching safepoint: 205800 ns, At safepoint: 11100 ns, Total: 216900 ns
[2021-03-18T08:59:06.141+0000][24612][safepoint    ] Safepoint "Cleanup", Time since last: 2000665500 ns, Reaching safepoint: 177100 ns, At safepoint: 6100 ns, Total: 183200 ns
[2021-03-18T08:59:07.141+0000][24612][safepoint    ] Safepoint "Cleanup", Time since last: 1000080300 ns, Reaching safepoint: 322700 ns, At safepoint: 18400 ns, Total: 341100 ns
[2021-03-18T08:59:08.142+0000][24612][safepoint    ] Safepoint "Cleanup", Time since last: 1000496900 ns, Reaching safepoint: 167800 ns, At safepoint: 9700 ns, Total: 177500 ns
[2021-03-18T08:59:10.143+0000][24612][safepoint    ] Safepoint "Cleanup", Time since last: 2000405000 ns, Reaching safepoint: 145200 ns, At safepoint: 5100 ns, Total: 150300 ns
[2021-03-18T08:59:11.143+0000][24612][safepoint    ] Safepoint "Cleanup", Time since last: 1000363200 ns, Reaching safepoint: 144400 ns, At safepoint: 8900 ns, Total: 153300 ns
[2021-03-18T08:59:12.144+0000][24612][safepoint    ] Safepoint "Cleanup", Time since last: 1000711700 ns, Reaching safepoint: 104700 ns, At safepoint: 5700 ns, Total: 110400 ns
[2021-03-18T08:59:13.144+0000][24612][safepoint    ] Safepoint "Cleanup", Time since last: 1000108700 ns, Reaching safepoint: 142200 ns, At safepoint: 4000 ns, Total: 146200 ns
[2021-03-18T08:59:14.145+0000][24612][safepoint    ] Safepoint "Cleanup", Time since last: 1000304900 ns, Reaching safepoint: 112900 ns, At safepoint: 5600 ns, Total: 118500 ns
[2021-03-18T08:59:16.145+0000][24612][safepoint    ] Safepoint "Cleanup", Time since last: 2000272100 ns, Reaching safepoint: 512500 ns, At safepoint: 81300 ns, Total: 593800 ns
[2021-03-18T08:59:17.147+0000][24612][safepoint    ] Safepoint "Cleanup", Time since last: 1001074900 ns, Reaching safepoint: 152000 ns, At safepoint: 8600 ns, Total: 160600 ns
[2021-03-18T08:59:18.147+0000][24612][safepoint    ] Safepoint "Cleanup", Time since last: 1000323500 ns, Reaching safepoint: 149100 ns, At safepoint: 6200 ns, Total: 155300 ns
[2021-03-18T08:59:19.148+0000][24612][safepoint    ] Safepoint "Cleanup", Time since last: 1000398300 ns, Reaching safepoint: 181400 ns, At safepoint: 14900 ns, Total: 196300 ns
[2021-03-18T08:59:21.148+0000][24612][safepoint    ] Safepoint "Cleanup", Time since last: 1999944700 ns, Reaching safepoint: 133700 ns, At safepoint: 2600 ns, Total: 136300 ns
[2021-03-18T08:59:22.149+0000][24612][safepoint    ] Safepoint "Cleanup", Time since last: 1000630900 ns, Reaching safepoint: 203100 ns, At safepoint: 6800 ns, Total: 209900 ns
[2021-03-18T08:59:23.149+0000][24612][safepoint    ] Safepoint "Cleanup", Time since last: 1000157600 ns, Reaching safepoint: 106200 ns, At safepoint: 5300 ns, Total: 111500 ns
[2021-03-18T08:59:24.149+0000][24612][safepoint    ] Safepoint "Cleanup", Time since last: 1000236200 ns, Reaching safepoint: 166100 ns, At safepoint: 5300 ns, Total: 171400 ns
[2021-03-18T08:59:25.150+0000][24612][safepoint    ] Safepoint "Cleanup", Time since last: 1000572400 ns, Reaching safepoint: 165200 ns, At safepoint: 14200 ns, Total: 179400 ns
[2021-03-18T08:59:26.151+0000][24612][safepoint    ] Safepoint "Cleanup", Time since last: 1000368800 ns, Reaching safepoint: 142900 ns, At safepoint: 2600 ns, Total: 145500 ns
[2021-03-18T08:59:27.152+0000][24612][safepoint    ] Safepoint "Cleanup", Time since last: 1000735100 ns, Reaching safepoint: 154500 ns, At safepoint: 22300 ns, Total: 176800 ns
[2021-03-18T08:59:28.152+0000][24612][safepoint    ] Safepoint "Cleanup", Time since last: 1000382900 ns, Reaching safepoint: 126000 ns, At safepoint: 8200 ns, Total: 134200 ns
[2021-03-18T08:59:29.153+0000][24612][safepoint    ] Safepoint "Cleanup", Time since last: 1000287500 ns, Reaching safepoint: 161500 ns, At safepoint: 9400 ns, Total: 170900 ns
[2021-03-18T08:59:30.153+0000][24612][safepoint    ] Safepoint "Cleanup", Time since last: 1000417600 ns, Reaching safepoint: 180000 ns, At safepoint: 9200 ns, Total: 189200 ns
[2021-03-18T08:59:31.154+0000][24612][safepoint    ] Safepoint "Cleanup", Time since last: 1000577200 ns, Reaching safepoint: 101200 ns, At safepoint: 6400 ns, Total: 107600 ns
[2021-03-18T08:59:32.155+0000][24612][safepoint    ] Safepoint "Cleanup", Time since last: 1000858500 ns, Reaching safepoint: 116300 ns, At safepoint: 5600 ns, Total: 121900 ns
[2021-03-18T08:59:33.609+0000][24612][safepoint    ] Safepoint "Cleanup", Time since last: 1453991900 ns, Reaching safepoint: 386600 ns, At safepoint: 25400 ns, Total: 412000 ns
[2021-03-18T08:59:35.610+0000][24612][safepoint    ] Safepoint "Cleanup", Time since last: 2000437600 ns, Reaching safepoint: 188700 ns, At safepoint: 7500 ns, Total: 196200 ns
[2021-03-18T08:59:36.611+0000][24612][safepoint    ] Safepoint "Cleanup", Time since last: 1000501800 ns, Reaching safepoint: 145500 ns, At safepoint: 6200 ns, Total: 151700 ns
[2021-03-18T08:59:37.611+0000][24612][safepoint    ] Safepoint "Cleanup", Time since last: 1000584500 ns, Reaching safepoint: 156100 ns, At safepoint: 7800 ns, Total: 163900 ns
[2021-03-18T08:59:38.612+0000][24612][safepoint    ] Safepoint "Cleanup", Time since last: 1000413400 ns, Reaching safepoint: 279800 ns, At safepoint: 17200 ns, Total: 297000 ns
[2021-03-18T08:59:39.612+0000][24612][safepoint    ] Safepoint "Cleanup", Time since last: 1000277900 ns, Reaching safepoint: 136200 ns, At safepoint: 7900 ns, Total: 144100 ns
[2021-03-18T08:59:40.613+0000][24612][safepoint    ] Safepoint "Cleanup", Time since last: 1000297900 ns, Reaching safepoint: 284000 ns, At safepoint: 26700 ns, Total: 310700 ns
[2021-03-18T08:59:42.614+0000][24612][safepoint    ] Safepoint "Cleanup", Time since last: 2000406700 ns, Reaching safepoint: 139500 ns, At safepoint: 6000 ns, Total: 145500 ns
[2021-03-18T08:59:43.614+0000][24612][safepoint    ] Safepoint "Cleanup", Time since last: 1000250900 ns, Reaching safepoint: 173700 ns, At safepoint: 8300 ns, Total: 182000 ns
[2021-03-18T08:59:44.615+0000][24612][safepoint    ] Safepoint "Cleanup", Time since last: 1001017900 ns, Reaching safepoint: 135400 ns, At safepoint: 6700 ns, Total: 142100 ns
[2021-03-18T08:59:45.616+0000][24612][safepoint    ] Safepoint "Cleanup", Time since last: 1000354300 ns, Reaching safepoint: 187500 ns, At safepoint: 9800 ns, Total: 197300 ns
[2021-03-18T08:59:46.616+0000][24612][safepoint    ] Safepoint "Cleanup", Time since last: 1000370800 ns, Reaching safepoint: 118300 ns, At safepoint: 4200 ns, Total: 122500 ns
[2021-03-18T08:59:47.617+0000][24612][safepoint    ] Safepoint "Cleanup", Time since last: 1000462900 ns, Reaching safepoint: 151900 ns, At safepoint: 11700 ns, Total: 163600 ns
[2021-03-18T08:59:48.618+0000][24612][safepoint    ] Safepoint "Cleanup", Time since last: 1000631100 ns, Reaching safepoint: 151600 ns, At safepoint: 6900 ns, Total: 158500 ns
[2021-03-18T08:59:49.618+0000][24612][safepoint    ] Safepoint "Cleanup", Time since last: 1000745900 ns, Reaching safepoint: 146500 ns, At safepoint: 5400 ns, Total: 151900 ns
[2021-03-18T08:59:50.619+0000][24612][safepoint    ] Safepoint "Cleanup", Time since last: 1000639200 ns, Reaching safepoint: 122800 ns, At safepoint: 3600 ns, Total: 126400 ns
[2021-03-18T08:59:51.620+0000][24612][safepoint    ] Safepoint "Cleanup", Time since last: 1000320900 ns, Reaching safepoint: 153800 ns, At safepoint: 5200 ns, Total: 159000 ns
[2021-03-18T08:59:53.620+0000][24612][safepoint    ] Safepoint "Cleanup", Time since last: 2000527300 ns, Reaching safepoint: 116100 ns, At safepoint: 7900 ns, Total: 124000 ns
[2021-03-18T08:59:54.621+0000][24612][safepoint    ] Safepoint "Cleanup", Time since last: 1000296900 ns, Reaching safepoint: 122000 ns, At safepoint: 8400 ns, Total: 130400 ns
[2021-03-18T08:59:55.621+0000][24612][safepoint    ] Safepoint "Cleanup", Time since last: 1000223200 ns, Reaching safepoint: 131200 ns, At safepoint: 7900 ns, Total: 139100 ns
[2021-03-18T08:59:56.622+0000][24612][safepoint    ] Safepoint "Cleanup", Time since last: 1001097000 ns, Reaching safepoint: 206900 ns, At safepoint: 11300 ns, Total: 218200 ns
[2021-03-18T08:59:57.623+0000][24612][safepoint    ] Safepoint "Cleanup", Time since last: 1000376200 ns, Reaching safepoint: 149300 ns, At safepoint: 7900 ns, Total: 157200 ns
[2021-03-18T08:59:58.623+0000][24612][safepoint    ] Safepoint "Cleanup", Time since last: 1000033200 ns, Reaching safepoint: 222000 ns, At safepoint: 12600 ns, Total: 234600 ns
[2021-03-18T08:59:59.624+0000][24612][safepoint    ] Safepoint "Cleanup", Time since last: 1000411200 ns, Reaching safepoint: 275200 ns, At safepoint: 18700 ns, Total: 293900 ns
[2021-03-18T09:00:01.625+0000][24612][safepoint    ] Safepoint "Cleanup", Time since last: 2000757000 ns, Reaching safepoint: 152100 ns, At safepoint: 5300 ns, Total: 157400 ns
[2021-03-18T09:00:02.625+0000][24612][safepoint    ] Safepoint "Cleanup", Time since last: 1000300200 ns, Reaching safepoint: 188200 ns, At safepoint: 13600 ns, Total: 201800 ns
[2021-03-18T09:00:04.627+0000][24612][safepoint    ] Safepoint "Cleanup", Time since last: 2000978000 ns, Reaching safepoint: 128700 ns, At safepoint: 7600 ns, Total: 136300 ns
[2021-03-18T09:00:05.627+0000][24612][safepoint    ] Safepoint "Cleanup", Time since last: 1000664600 ns, Reaching safepoint: 142300 ns, At safepoint: 5800 ns, Total: 148100 ns
[2021-03-18T09:00:06.628+0000][24612][safepoint    ] Safepoint "Cleanup", Time since last: 1000627700 ns, Reaching safepoint: 148400 ns, At safepoint: 6800 ns, Total: 155200 ns
[2021-03-18T09:00:07.629+0000][24612][safepoint    ] Safepoint "Cleanup", Time since last: 1000537500 ns, Reaching safepoint: 489400 ns, At safepoint: 30000 ns, Total: 519400 ns
[2021-03-18T09:00:08.630+0000][24612][safepoint    ] Safepoint "Cleanup", Time since last: 1000615100 ns, Reaching safepoint: 499400 ns, At safepoint: 29900 ns, Total: 529300 ns
[2021-03-18T09:00:10.631+0000][24612][safepoint    ] Safepoint "Cleanup", Time since last: 2000221700 ns, Reaching safepoint: 196600 ns, At safepoint: 12100 ns, Total: 208700 ns
[2021-03-18T09:00:12.632+0000][24612][safepoint    ] Safepoint "Cleanup", Time since last: 2000872300 ns, Reaching safepoint: 118700 ns, At safepoint: 13100 ns, Total: 131800 ns
[2021-03-18T09:00:13.632+0000][24612][safepoint    ] Safepoint "Cleanup", Time since last: 1000356800 ns, Reaching safepoint: 165100 ns, At safepoint: 6000 ns, Total: 171100 ns
[2021-03-18T09:00:14.633+0000][24612][safepoint    ] Safepoint "Cleanup", Time since last: 1000079800 ns, Reaching safepoint: 109900 ns, At safepoint: 5300 ns, Total: 115200 ns
[2021-03-18T09:00:15.633+0000][24612][safepoint    ] Safepoint "Cleanup", Time since last: 1000331100 ns, Reaching safepoint: 201800 ns, At safepoint: 5500 ns, Total: 207300 ns
[2021-03-18T09:00:16.633+0000][24612][safepoint    ] Safepoint "Cleanup", Time since last: 1000255500 ns, Reaching safepoint: 253400 ns, At safepoint: 14200 ns, Total: 267600 ns
[2021-03-18T09:00:17.634+0000][24612][safepoint    ] Safepoint "Cleanup", Time since last: 1000213900 ns, Reaching safepoint: 156800 ns, At safepoint: 25100 ns, Total: 181900 ns
[2021-03-18T09:00:18.635+0000][24612][safepoint    ] Safepoint "Cleanup", Time since last: 1000830100 ns, Reaching safepoint: 146700 ns, At safepoint: 10900 ns, Total: 157600 ns
[2021-03-18T09:00:19.636+0000][24612][safepoint    ] Safepoint "Cleanup", Time since last: 1000687800 ns, Reaching safepoint: 133300 ns, At safepoint: 4800 ns, Total: 138100 ns
[2021-03-18T09:00:21.636+0000][24612][safepoint    ] Safepoint "Cleanup", Time since last: 2000614900 ns, Reaching safepoint: 144200 ns, At safepoint: 4400 ns, Total: 148600 ns
[2021-03-18T09:00:22.637+0000][24612][safepoint    ] Safepoint "Cleanup", Time since last: 1000043900 ns, Reaching safepoint: 121300 ns, At safepoint: 5100 ns, Total: 126400 ns
[2021-03-18T09:00:23.638+0000][24612][safepoint    ] Safepoint "Cleanup", Time since last: 1000859900 ns, Reaching safepoint: 130700 ns, At safepoint: 66400 ns, Total: 197100 ns
[2021-03-18T09:00:24.638+0000][24612][safepoint    ] Safepoint "Cleanup", Time since last: 1000306800 ns, Reaching safepoint: 101600 ns, At safepoint: 5200 ns, Total: 106800 ns
[2021-03-18T09:00:25.639+0000][24612][safepoint    ] Safepoint "Cleanup", Time since last: 1000509100 ns, Reaching safepoint: 234900 ns, At safepoint: 71100 ns, Total: 306000 ns
[2021-03-18T09:00:27.110+0000][24612][safepoint    ] Safepoint "Cleanup", Time since last: 1470873000 ns, Reaching safepoint: 145300 ns, At safepoint: 12700 ns, Total: 158000 ns
[2021-03-18T09:00:28.114+0000][24612][safepoint    ] Safepoint "Cleanup", Time since last: 1004264100 ns, Reaching safepoint: 200400 ns, At safepoint: 12400 ns, Total: 212800 ns
[2021-03-18T09:00:29.115+0000][24612][safepoint    ] Safepoint "Cleanup", Time since last: 1000094200 ns, Reaching safepoint: 152900 ns, At safepoint: 5800 ns, Total: 158700 ns
[2021-03-18T09:00:30.115+0000][24612][safepoint    ] Safepoint "Cleanup", Time since last: 1000236100 ns, Reaching safepoint: 130700 ns, At safepoint: 6600 ns, Total: 137300 ns
[2021-03-18T09:00:31.115+0000][24612][safepoint    ] Safepoint "Cleanup", Time since last: 1000049500 ns, Reaching safepoint: 97300 ns, At safepoint: 3400 ns, Total: 100700 ns
[2021-03-18T09:00:32.116+0000][24612][safepoint    ] Safepoint "Cleanup", Time since last: 1000639500 ns, Reaching safepoint: 178400 ns, At safepoint: 13900 ns, Total: 192300 ns
[2021-03-18T09:00:34.117+0000][24612][safepoint    ] Safepoint "Cleanup", Time since last: 2000856800 ns, Reaching safepoint: 151500 ns, At safepoint: 7100 ns, Total: 158600 ns
[2021-03-18T09:00:35.117+0000][24612][safepoint    ] Safepoint "Cleanup", Time since last: 1000276600 ns, Reaching safepoint: 110700 ns, At safepoint: 6700 ns, Total: 117400 ns
[2021-03-18T09:00:36.118+0000][24612][safepoint    ] Safepoint "Cleanup", Time since last: 1000245900 ns, Reaching safepoint: 124900 ns, At safepoint: 4500 ns, Total: 129400 ns
[2021-03-18T09:00:37.119+0000][24612][safepoint    ] Safepoint "Cleanup", Time since last: 1000654000 ns, Reaching safepoint: 130900 ns, At safepoint: 4800 ns, Total: 135700 ns
[2021-03-18T09:00:38.119+0000][24612][safepoint    ] Safepoint "Cleanup", Time since last: 1000654600 ns, Reaching safepoint: 404100 ns, At safepoint: 23700 ns, Total: 427800 ns
[2021-03-18T09:00:39.120+0000][24612][safepoint    ] Safepoint "Cleanup", Time since last: 1000004800 ns, Reaching safepoint: 153700 ns, At safepoint: 8300 ns, Total: 162000 ns
[2021-03-18T09:00:41.121+0000][24612][safepoint    ] Safepoint "Cleanup", Time since last: 2000645600 ns, Reaching safepoint: 123400 ns, At safepoint: 7800 ns, Total: 131200 ns
[2021-03-18T09:00:42.121+0000][24612][safepoint    ] Safepoint "Cleanup", Time since last: 1000784700 ns, Reaching safepoint: 162200 ns, At safepoint: 4700 ns, Total: 166900 ns
[2021-03-18T09:00:43.122+0000][24612][safepoint    ] Safepoint "Cleanup", Time since last: 1000317200 ns, Reaching safepoint: 319000 ns, At safepoint: 3400 ns, Total: 322400 ns
[2021-03-18T09:00:44.123+0000][24612][safepoint    ] Safepoint "Cleanup", Time since last: 1000365600 ns, Reaching safepoint: 158600 ns, At safepoint: 6800 ns, Total: 165400 ns
[2021-03-18T09:00:45.124+0000][24612][safepoint    ] Safepoint "Cleanup", Time since last: 1000734100 ns, Reaching safepoint: 130100 ns, At safepoint: 7700 ns, Total: 137800 ns
[2021-03-18T09:00:46.124+0000][24612][safepoint    ] Safepoint "Cleanup", Time since last: 1000134000 ns, Reaching safepoint: 116700 ns, At safepoint: 5300 ns, Total: 122000 ns
[2021-03-18T09:00:47.124+0000][24612][safepoint    ] Safepoint "Cleanup", Time since last: 1000164200 ns, Reaching safepoint: 127500 ns, At safepoint: 3400 ns, Total: 130900 ns
[2021-03-18T09:00:48.125+0000][24612][safepoint    ] Safepoint "Cleanup", Time since last: 1000915300 ns, Reaching safepoint: 144400 ns, At safepoint: 6700 ns, Total: 151100 ns
[2021-03-18T09:00:49.125+0000][24612][safepoint    ] Safepoint "Cleanup", Time since last: 1000100100 ns, Reaching safepoint: 748100 ns, At safepoint: 18700 ns, Total: 766800 ns
[2021-03-18T09:00:50.127+0000][24612][safepoint    ] Safepoint "Cleanup", Time since last: 1000599000 ns, Reaching safepoint: 110800 ns, At safepoint: 3800 ns, Total: 114600 ns
[2021-03-18T09:00:51.127+0000][24612][safepoint    ] Safepoint "Cleanup", Time since last: 1000208000 ns, Reaching safepoint: 131800 ns, At safepoint: 18700 ns, Total: 150500 ns
[2021-03-18T09:00:52.128+0000][24612][safepoint    ] Safepoint "Cleanup", Time since last: 1000390500 ns, Reaching safepoint: 134800 ns, At safepoint: 6600 ns, Total: 141400 ns
[2021-03-18T09:00:53.128+0000][24612][safepoint    ] Safepoint "Cleanup", Time since last: 1000285000 ns, Reaching safepoint: 200300 ns, At safepoint: 7000 ns, Total: 207300 ns
[2021-03-18T09:00:54.129+0000][24612][safepoint    ] Safepoint "Cleanup", Time since last: 1000431300 ns, Reaching safepoint: 156500 ns, At safepoint: 11600 ns, Total: 168100 ns
[2021-03-18T09:00:55.130+0000][24612][safepoint    ] Safepoint "Cleanup", Time since last: 1000731100 ns, Reaching safepoint: 152400 ns, At safepoint: 6700 ns, Total: 159100 ns
[2021-03-18T09:00:56.130+0000][24612][safepoint    ] Safepoint "Cleanup", Time since last: 1000703900 ns, Reaching safepoint: 98200 ns, At safepoint: 2600 ns, Total: 100800 ns
[2021-03-18T09:00:57.131+0000][24612][safepoint    ] Safepoint "Cleanup", Time since last: 1000818200 ns, Reaching safepoint: 113900 ns, At safepoint: 5800 ns, Total: 119700 ns
[2021-03-18T09:00:58.132+0000][24612][safepoint    ] Safepoint "Cleanup", Time since last: 1000704700 ns, Reaching safepoint: 158400 ns, At safepoint: 6000 ns, Total: 164400 ns
[2021-03-18T09:00:59.133+0000][24612][safepoint    ] Safepoint "Cleanup", Time since last: 1000322100 ns, Reaching safepoint: 130700 ns, At safepoint: 6400 ns, Total: 137100 ns
[2021-03-18T09:01:00.133+0000][24612][safepoint    ] Safepoint "Cleanup", Time since last: 1000224800 ns, Reaching safepoint: 155100 ns, At safepoint: 7700 ns, Total: 162800 ns
[2021-03-18T09:01:01.133+0000][24612][safepoint    ] Safepoint "Cleanup", Time since last: 1000025200 ns, Reaching safepoint: 166300 ns, At safepoint: 3600 ns, Total: 169900 ns
[2021-03-18T09:01:02.133+0000][24612][safepoint    ] Safepoint "Cleanup", Time since last: 1000033100 ns, Reaching safepoint: 135200 ns, At safepoint: 7800 ns, Total: 143000 ns
[2021-03-18T09:01:03.134+0000][24612][safepoint    ] Safepoint "Cleanup", Time since last: 1000582800 ns, Reaching safepoint: 234200 ns, At safepoint: 10400 ns, Total: 244600 ns
[2021-03-18T09:01:04.135+0000][24612][safepoint    ] Safepoint "Cleanup", Time since last: 1000176000 ns, Reaching safepoint: 169000 ns, At safepoint: 8000 ns, Total: 177000 ns
[2021-03-18T09:01:05.135+0000][24612][safepoint    ] Safepoint "Cleanup", Time since last: 1000662800 ns, Reaching safepoint: 132700 ns, At safepoint: 6200 ns, Total: 138900 ns
[2021-03-18T09:01:06.411+0000][24612][safepoint    ] Safepoint "Cleanup", Time since last: 1275548300 ns, Reaching safepoint: 94300 ns, At safepoint: 18300 ns, Total: 112600 ns
[2021-03-18T09:01:07.412+0000][24612][safepoint    ] Safepoint "Cleanup", Time since last: 1000671800 ns, Reaching safepoint: 202100 ns, At safepoint: 11100 ns, Total: 213200 ns
[2021-03-18T09:01:08.412+0000][24612][safepoint    ] Safepoint "Cleanup", Time since last: 1000366900 ns, Reaching safepoint: 202400 ns, At safepoint: 9500 ns, Total: 211900 ns
[2021-03-18T09:01:09.413+0000][24612][safepoint    ] Safepoint "Cleanup", Time since last: 1000583600 ns, Reaching safepoint: 153600 ns, At safepoint: 23500 ns, Total: 177100 ns
[2021-03-18T09:01:11.414+0000][24612][safepoint    ] Safepoint "Cleanup", Time since last: 2000310600 ns, Reaching safepoint: 136800 ns, At safepoint: 22200 ns, Total: 159000 ns
[2021-03-18T09:01:12.414+0000][24612][safepoint    ] Safepoint "Cleanup", Time since last: 1000558200 ns, Reaching safepoint: 237400 ns, At safepoint: 10200 ns, Total: 247600 ns
[2021-03-18T09:01:13.415+0000][24612][safepoint    ] Safepoint "Cleanup", Time since last: 1000160800 ns, Reaching safepoint: 123300 ns, At safepoint: 4600 ns, Total: 127900 ns
[2021-03-18T09:01:14.415+0000][24612][safepoint    ] Safepoint "Cleanup", Time since last: 1000353200 ns, Reaching safepoint: 172100 ns, At safepoint: 5200 ns, Total: 177300 ns
[2021-03-18T09:01:15.415+0000][24612][safepoint    ] Safepoint "Cleanup", Time since last: 1000105300 ns, Reaching safepoint: 406600 ns, At safepoint: 23100 ns, Total: 429700 ns
[2021-03-18T09:01:16.416+0000][24612][safepoint    ] Safepoint "Cleanup", Time since last: 1000274700 ns, Reaching safepoint: 490800 ns, At safepoint: 45000 ns, Total: 535800 ns
[2021-03-18T09:01:17.417+0000][24612][safepoint    ] Safepoint "Cleanup", Time since last: 1000401800 ns, Reaching safepoint: 115400 ns, At safepoint: 4400 ns, Total: 119800 ns
[2021-03-18T09:01:18.418+0000][24612][safepoint    ] Safepoint "Cleanup", Time since last: 1000470900 ns, Reaching safepoint: 121600 ns, At safepoint: 2900 ns, Total: 124500 ns
[2021-03-18T09:01:19.418+0000][24612][safepoint    ] Safepoint "Cleanup", Time since last: 1000121000 ns, Reaching safepoint: 135100 ns, At safepoint: 4500 ns, Total: 139600 ns
[2021-03-18T09:01:20.418+0000][24612][safepoint    ] Safepoint "Cleanup", Time since last: 1000217700 ns, Reaching safepoint: 287200 ns, At safepoint: 13700 ns, Total: 300900 ns
[2021-03-18T09:01:21.419+0000][24612][safepoint    ] Safepoint "Cleanup", Time since last: 1000462400 ns, Reaching safepoint: 198100 ns, At safepoint: 13200 ns, Total: 211300 ns
[2021-03-18T09:01:22.419+0000][24612][safepoint    ] Safepoint "Cleanup", Time since last: 1000105500 ns, Reaching safepoint: 179900 ns, At safepoint: 9100 ns, Total: 189000 ns
[2021-03-18T09:01:23.420+0000][24612][safepoint    ] Safepoint "Cleanup", Time since last: 1000294500 ns, Reaching safepoint: 210600 ns, At safepoint: 8200 ns, Total: 218800 ns
[2021-03-18T09:01:24.420+0000][24612][safepoint    ] Safepoint "Cleanup", Time since last: 1000152100 ns, Reaching safepoint: 195400 ns, At safepoint: 17000 ns, Total: 212400 ns
[2021-03-18T09:01:25.421+0000][24612][safepoint    ] Safepoint "Cleanup", Time since last: 1000768300 ns, Reaching safepoint: 141100 ns, At safepoint: 4900 ns, Total: 146000 ns
[2021-03-18T09:01:26.422+0000][24612][safepoint    ] Safepoint "Cleanup", Time since last: 1000721100 ns, Reaching safepoint: 218400 ns, At safepoint: 11200 ns, Total: 229600 ns
[2021-03-18T09:01:27.422+0000][24612][safepoint    ] Safepoint "Cleanup", Time since last: 1000039000 ns, Reaching safepoint: 195400 ns, At safepoint: 6000 ns, Total: 201400 ns
[2021-03-18T09:01:29.423+0000][24612][safepoint    ] Safepoint "Cleanup", Time since last: 2000473200 ns, Reaching safepoint: 116400 ns, At safepoint: 6700 ns, Total: 123100 ns
[2021-03-18T09:01:30.423+0000][24612][safepoint    ] Safepoint "Cleanup", Time since last: 1000082600 ns, Reaching safepoint: 367200 ns, At safepoint: 21100 ns, Total: 388300 ns
[2021-03-18T09:01:32.423+0000][24612][safepoint    ] Safepoint "Cleanup", Time since last: 1999591000 ns, Reaching safepoint: 108600 ns, At safepoint: 6600 ns, Total: 115200 ns
[2021-03-18T09:01:33.424+0000][24612][safepoint    ] Safepoint "Cleanup", Time since last: 1001071700 ns, Reaching safepoint: 138000 ns, At safepoint: 3500 ns, Total: 141500 ns
[2021-03-18T09:01:34.425+0000][24612][safepoint    ] Safepoint "Cleanup", Time since last: 1000540800 ns, Reaching safepoint: 111300 ns, At safepoint: 7200 ns, Total: 118500 ns
[2021-03-18T09:01:35.426+0000][24612][safepoint    ] Safepoint "Cleanup", Time since last: 1000347900 ns, Reaching safepoint: 153400 ns, At safepoint: 3100 ns, Total: 156500 ns
[2021-03-18T09:01:36.426+0000][24612][safepoint    ] Safepoint "Cleanup", Time since last: 1000295800 ns, Reaching safepoint: 125800 ns, At safepoint: 3200 ns, Total: 129000 ns
[2021-03-18T09:01:37.426+0000][24612][safepoint    ] Safepoint "Cleanup", Time since last: 1000159800 ns, Reaching safepoint: 140300 ns, At safepoint: 3400 ns, Total: 143700 ns
[2021-03-18T09:01:38.427+0000][24612][safepoint    ] Safepoint "Cleanup", Time since last: 1000250800 ns, Reaching safepoint: 165600 ns, At safepoint: 5000 ns, Total: 170600 ns
[2021-03-18T09:01:40.427+0000][24612][safepoint    ] Safepoint "Cleanup", Time since last: 2000049400 ns, Reaching safepoint: 145500 ns, At safepoint: 9500 ns, Total: 155000 ns
[2021-03-18T09:01:41.427+0000][24612][safepoint    ] Safepoint "Cleanup", Time since last: 1000206000 ns, Reaching safepoint: 119900 ns, At safepoint: 7700 ns, Total: 127600 ns
[2021-03-18T09:01:43.427+0000][24612][safepoint    ] Safepoint "Cleanup", Time since last: 1999933000 ns, Reaching safepoint: 196500 ns, At safepoint: 5500 ns, Total: 202000 ns
[2021-03-18T09:01:44.428+0000][24612][safepoint    ] Safepoint "Cleanup", Time since last: 1000200500 ns, Reaching safepoint: 161800 ns, At safepoint: 7100 ns, Total: 168900 ns
[2021-03-18T09:01:45.428+0000][24612][safepoint    ] Safepoint "Cleanup", Time since last: 1000277300 ns, Reaching safepoint: 113200 ns, At safepoint: 7000 ns, Total: 120200 ns
[2021-03-18T09:01:47.429+0000][24612][safepoint    ] Safepoint "Cleanup", Time since last: 2000355600 ns, Reaching safepoint: 163200 ns, At safepoint: 10300 ns, Total: 173500 ns
[2021-03-18T09:01:49.429+0000][24612][safepoint    ] Safepoint "Cleanup", Time since last: 2000466400 ns, Reaching safepoint: 333300 ns, At safepoint: 22200 ns, Total: 355500 ns
[2021-03-18T09:01:50.430+0000][24612][safepoint    ] Safepoint "Cleanup", Time since last: 1000399400 ns, Reaching safepoint: 351800 ns, At safepoint: 7700 ns, Total: 359500 ns
[2021-03-18T09:01:51.431+0000][24612][safepoint    ] Safepoint "Cleanup", Time since last: 1000617600 ns, Reaching safepoint: 115900 ns, At safepoint: 8100 ns, Total: 124000 ns
[2021-03-18T09:01:52.432+0000][24612][safepoint    ] Safepoint "Cleanup", Time since last: 1000679400 ns, Reaching safepoint: 166000 ns, At safepoint: 9300 ns, Total: 175300 ns
[2021-03-18T09:01:54.432+0000][24612][safepoint    ] Safepoint "Cleanup", Time since last: 2000226500 ns, Reaching safepoint: 152800 ns, At safepoint: 6300 ns, Total: 159100 ns
[2021-03-18T09:01:55.433+0000][24612][safepoint    ] Safepoint "Cleanup", Time since last: 1000693600 ns, Reaching safepoint: 129700 ns, At safepoint: 3800 ns, Total: 133500 ns
[2021-03-18T09:01:57.433+0000][24612][safepoint    ] Safepoint "Cleanup", Time since last: 2000224000 ns, Reaching safepoint: 344000 ns, At safepoint: 114200 ns, Total: 458200 ns
[2021-03-18T09:01:58.719+0000][24612][safepoint    ] Safepoint "Cleanup", Time since last: 1285363200 ns, Reaching safepoint: 210500 ns, At safepoint: 55600 ns, Total: 266100 ns
[2021-03-18T09:02:00.720+0000][24612][safepoint    ] Safepoint "Cleanup", Time since last: 2000328700 ns, Reaching safepoint: 159900 ns, At safepoint: 10000 ns, Total: 169900 ns
[2021-03-18T09:02:01.720+0000][24612][safepoint    ] Safepoint "Cleanup", Time since last: 1000039900 ns, Reaching safepoint: 112800 ns, At safepoint: 3800 ns, Total: 116600 ns
[2021-03-18T09:02:02.720+0000][24612][safepoint    ] Safepoint "Cleanup", Time since last: 1000006800 ns, Reaching safepoint: 126700 ns, At safepoint: 5300 ns, Total: 132000 ns
[2021-03-18T09:02:04.720+0000][24612][safepoint    ] Safepoint "Cleanup", Time since last: 2000251900 ns, Reaching safepoint: 139200 ns, At safepoint: 8800 ns, Total: 148000 ns
[2021-03-18T09:02:06.721+0000][24612][safepoint    ] Safepoint "Cleanup", Time since last: 2000322800 ns, Reaching safepoint: 123600 ns, At safepoint: 6200 ns, Total: 129800 ns
[2021-03-18T09:02:07.722+0000][24612][safepoint    ] Safepoint "Cleanup", Time since last: 1000828200 ns, Reaching safepoint: 134900 ns, At safepoint: 3500 ns, Total: 138400 ns
[2021-03-18T09:02:08.722+0000][24612][safepoint    ] Safepoint "Cleanup", Time since last: 1000447700 ns, Reaching safepoint: 176200 ns, At safepoint: 8000 ns, Total: 184200 ns
[2021-03-18T09:02:09.723+0000][24612][safepoint    ] Safepoint "Cleanup", Time since last: 1000245600 ns, Reaching safepoint: 244700 ns, At safepoint: 11100 ns, Total: 255800 ns
[2021-03-18T09:02:11.724+0000][24612][safepoint    ] Safepoint "Cleanup", Time since last: 2000947400 ns, Reaching safepoint: 123900 ns, At safepoint: 3700 ns, Total: 127600 ns
[2021-03-18T09:02:12.725+0000][24612][safepoint    ] Safepoint "Cleanup", Time since last: 1000513400 ns, Reaching safepoint: 151400 ns, At safepoint: 12900 ns, Total: 164300 ns
[2021-03-18T09:02:13.725+0000][24612][safepoint    ] Safepoint "Cleanup", Time since last: 1000003300 ns, Reaching safepoint: 115000 ns, At safepoint: 6200 ns, Total: 121200 ns
[2021-03-18T09:02:14.726+0000][24612][safepoint    ] Safepoint "Cleanup", Time since last: 1000488400 ns, Reaching safepoint: 254200 ns, At safepoint: 14200 ns, Total: 268400 ns
[2021-03-18T09:02:16.726+0000][24612][safepoint    ] Safepoint "Cleanup", Time since last: 2000416800 ns, Reaching safepoint: 136200 ns, At safepoint: 7100 ns, Total: 143300 ns
[2021-03-18T09:02:18.727+0000][24612][safepoint    ] Safepoint "Cleanup", Time since last: 2000698700 ns, Reaching safepoint: 157200 ns, At safepoint: 4400 ns, Total: 161600 ns
[2021-03-18T09:02:19.727+0000][24612][safepoint    ] Safepoint "Cleanup", Time since last: 1000172700 ns, Reaching safepoint: 214400 ns, At safepoint: 7500 ns, Total: 221900 ns
[2021-03-18T09:02:21.728+0000][24612][safepoint    ] Safepoint "Cleanup", Time since last: 2000257800 ns, Reaching safepoint: 307100 ns, At safepoint: 12600 ns, Total: 319700 ns
[2021-03-18T09:02:22.729+0000][24612][safepoint    ] Safepoint "Cleanup", Time since last: 1000480800 ns, Reaching safepoint: 283200 ns, At safepoint: 16500 ns, Total: 299700 ns
[2021-03-18T09:02:23.729+0000][24612][safepoint    ] Safepoint "Cleanup", Time since last: 1000368000 ns, Reaching safepoint: 148200 ns, At safepoint: 4100 ns, Total: 152300 ns
[2021-03-18T09:02:24.730+0000][24612][safepoint    ] Safepoint "Cleanup", Time since last: 1000827300 ns, Reaching safepoint: 119600 ns, At safepoint: 6900 ns, Total: 126500 ns
[2021-03-18T09:02:25.731+0000][24612][safepoint    ] Safepoint "Cleanup", Time since last: 1000294600 ns, Reaching safepoint: 381100 ns, At safepoint: 17100 ns, Total: 398200 ns
[2021-03-18T09:02:26.732+0000][24612][safepoint    ] Safepoint "Cleanup", Time since last: 1000755400 ns, Reaching safepoint: 180100 ns, At safepoint: 9300 ns, Total: 189400 ns
[2021-03-18T09:02:27.113+0000][24612][safepoint    ] Safepoint "BulkRevokeBias", Time since last: 379843600 ns, Reaching safepoint: 115500 ns, At safepoint: 1433400 ns, Total: 1548900 ns
[2021-03-18T09:02:29.113+0000][24612][safepoint    ] Safepoint "Cleanup", Time since last: 2000117800 ns, Reaching safepoint: 274000 ns, At safepoint: 15600 ns, Total: 289600 ns
[2021-03-18T09:02:30.114+0000][24612][safepoint    ] Safepoint "Cleanup", Time since last: 1000642700 ns, Reaching safepoint: 92800 ns, At safepoint: 3100 ns, Total: 95900 ns
[2021-03-18T09:02:31.115+0000][24612][safepoint    ] Safepoint "Cleanup", Time since last: 1000671900 ns, Reaching safepoint: 151600 ns, At safepoint: 4100 ns, Total: 155700 ns
[2021-03-18T09:02:32.115+0000][24612][safepoint    ] Safepoint "Cleanup", Time since last: 1000049300 ns, Reaching safepoint: 122700 ns, At safepoint: 5400 ns, Total: 128100 ns
[2021-03-18T09:02:33.116+0000][24612][safepoint    ] Safepoint "Cleanup", Time since last: 1000379600 ns, Reaching safepoint: 124000 ns, At safepoint: 5300 ns, Total: 129300 ns
[2021-03-18T09:02:34.117+0000][24612][safepoint    ] Safepoint "Cleanup", Time since last: 1000629000 ns, Reaching safepoint: 132000 ns, At safepoint: 5400 ns, Total: 137400 ns
[2021-03-18T09:02:35.117+0000][24612][safepoint    ] Safepoint "Cleanup", Time since last: 1000250300 ns, Reaching safepoint: 136300 ns, At safepoint: 4200 ns, Total: 140500 ns
[2021-03-18T09:02:36.118+0000][24612][safepoint    ] Safepoint "Cleanup", Time since last: 1000384100 ns, Reaching safepoint: 138200 ns, At safepoint: 4800 ns, Total: 143000 ns
[2021-03-18T09:02:38.118+0000][24612][safepoint    ] Safepoint "Cleanup", Time since last: 2000684500 ns, Reaching safepoint: 116600 ns, At safepoint: 4800 ns, Total: 121400 ns
[2021-03-18T09:02:39.119+0000][24612][safepoint    ] Safepoint "Cleanup", Time since last: 1000529500 ns, Reaching safepoint: 188700 ns, At safepoint: 6000 ns, Total: 194700 ns
[2021-03-18T09:02:40.120+0000][24612][safepoint    ] Safepoint "Cleanup", Time since last: 1000486700 ns, Reaching safepoint: 128800 ns, At safepoint: 4200 ns, Total: 133000 ns
[2021-03-18T09:02:41.120+0000][24612][safepoint    ] Safepoint "Cleanup", Time since last: 1000243700 ns, Reaching safepoint: 136900 ns, At safepoint: 12700 ns, Total: 149600 ns
[2021-03-18T09:02:42.121+0000][24612][safepoint    ] Safepoint "Cleanup", Time since last: 1000613000 ns, Reaching safepoint: 257100 ns, At safepoint: 18200 ns, Total: 275300 ns
[2021-03-18T09:02:43.121+0000][24612][safepoint    ] Safepoint "Cleanup", Time since last: 1000235100 ns, Reaching safepoint: 109300 ns, At safepoint: 14700 ns, Total: 124000 ns
[2021-03-18T09:02:44.122+0000][24612][safepoint    ] Safepoint "Cleanup", Time since last: 1000336300 ns, Reaching safepoint: 144500 ns, At safepoint: 9700 ns, Total: 154200 ns
[2021-03-18T09:02:45.123+0000][24612][safepoint    ] Safepoint "Cleanup", Time since last: 1000740000 ns, Reaching safepoint: 142500 ns, At safepoint: 4600 ns, Total: 147100 ns
[2021-03-18T09:02:46.124+0000][24612][safepoint    ] Safepoint "Cleanup", Time since last: 1000635200 ns, Reaching safepoint: 101700 ns, At safepoint: 4300 ns, Total: 106000 ns
[2021-03-18T09:02:47.124+0000][24612][safepoint    ] Safepoint "Cleanup", Time since last: 1000441400 ns, Reaching safepoint: 359000 ns, At safepoint: 16200 ns, Total: 375200 ns
[2021-03-18T09:02:48.125+0000][24612][safepoint    ] Safepoint "Cleanup", Time since last: 1000284500 ns, Reaching safepoint: 393000 ns, At safepoint: 26400 ns, Total: 419400 ns
[2021-03-18T09:02:49.126+0000][24612][safepoint    ] Safepoint "Cleanup", Time since last: 1000780100 ns, Reaching safepoint: 197800 ns, At safepoint: 10000 ns, Total: 207800 ns
[2021-03-18T09:02:50.127+0000][24612][safepoint    ] Safepoint "Cleanup", Time since last: 1000615100 ns, Reaching safepoint: 369200 ns, At safepoint: 95300 ns, Total: 464500 ns
[2021-03-18T09:02:51.128+0000][24612][safepoint    ] Safepoint "Cleanup", Time since last: 1000761000 ns, Reaching safepoint: 142100 ns, At safepoint: 3000 ns, Total: 145100 ns
[2021-03-18T09:02:52.129+0000][24612][safepoint    ] Safepoint "Cleanup", Time since last: 1000605600 ns, Reaching safepoint: 357700 ns, At safepoint: 17300 ns, Total: 375000 ns
[2021-03-18T09:02:53.130+0000][24612][safepoint    ] Safepoint "Cleanup", Time since last: 1000666100 ns, Reaching safepoint: 174200 ns, At safepoint: 3600 ns, Total: 177800 ns
[2021-03-18T09:02:54.131+0000][24612][safepoint    ] Safepoint "Cleanup", Time since last: 1000801600 ns, Reaching safepoint: 145600 ns, At safepoint: 2500 ns, Total: 148100 ns
[2021-03-18T09:02:55.131+0000][24612][safepoint    ] Safepoint "Cleanup", Time since last: 1000665900 ns, Reaching safepoint: 138700 ns, At safepoint: 5600 ns, Total: 144300 ns
[2021-03-18T09:02:56.132+0000][24612][safepoint    ] Safepoint "Cleanup", Time since last: 1000656300 ns, Reaching safepoint: 126300 ns, At safepoint: 7900 ns, Total: 134200 ns
[2021-03-18T09:02:57.132+0000][24612][safepoint    ] Safepoint "Cleanup", Time since last: 1000018700 ns, Reaching safepoint: 194100 ns, At safepoint: 12800 ns, Total: 206900 ns
[2021-03-18T09:02:58.543+0000][24612][safepoint    ] Safepoint "Cleanup", Time since last: 1409975700 ns, Reaching safepoint: 109000 ns, At safepoint: 5800 ns, Total: 114800 ns
[2021-03-18T09:02:59.543+0000][24612][safepoint    ] Safepoint "Cleanup", Time since last: 1000435900 ns, Reaching safepoint: 204600 ns, At safepoint: 5800 ns, Total: 210400 ns
[2021-03-18T09:03:00.544+0000][24612][safepoint    ] Safepoint "Cleanup", Time since last: 1000570800 ns, Reaching safepoint: 218900 ns, At safepoint: 65900 ns, Total: 284800 ns
[2021-03-18T09:03:01.544+0000][24612][safepoint    ] Safepoint "Cleanup", Time since last: 1000030900 ns, Reaching safepoint: 152900 ns, At safepoint: 5600 ns, Total: 158500 ns
[2021-03-18T09:03:02.545+0000][24612][safepoint    ] Safepoint "Cleanup", Time since last: 1000688100 ns, Reaching safepoint: 196500 ns, At safepoint: 56800 ns, Total: 253300 ns
[2021-03-18T09:03:03.545+0000][24612][safepoint    ] Safepoint "Cleanup", Time since last: 1000104400 ns, Reaching safepoint: 129000 ns, At safepoint: 6400 ns, Total: 135400 ns
[2021-03-18T09:03:04.546+0000][24612][safepoint    ] Safepoint "Cleanup", Time since last: 1000517900 ns, Reaching safepoint: 117400 ns, At safepoint: 3400 ns, Total: 120800 ns
[2021-03-18T09:03:05.547+0000][24612][safepoint    ] Safepoint "Cleanup", Time since last: 1000494000 ns, Reaching safepoint: 124000 ns, At safepoint: 5700 ns, Total: 129700 ns
[2021-03-18T09:03:06.548+0000][24612][safepoint    ] Safepoint "Cleanup", Time since last: 1000682900 ns, Reaching safepoint: 120700 ns, At safepoint: 10200 ns, Total: 130900 ns
[2021-03-18T09:03:07.548+0000][24612][safepoint    ] Safepoint "Cleanup", Time since last: 1000849700 ns, Reaching safepoint: 279400 ns, At safepoint: 9300 ns, Total: 288700 ns
[2021-03-18T09:03:08.549+0000][24612][safepoint    ] Safepoint "Cleanup", Time since last: 1000356600 ns, Reaching safepoint: 138600 ns, At safepoint: 5800 ns, Total: 144400 ns
[2021-03-18T09:03:09.549+0000][24612][safepoint    ] Safepoint "Cleanup", Time since last: 1000069500 ns, Reaching safepoint: 151200 ns, At safepoint: 11400 ns, Total: 162600 ns
[2021-03-18T09:03:10.550+0000][24612][safepoint    ] Safepoint "Cleanup", Time since last: 1000678400 ns, Reaching safepoint: 125600 ns, At safepoint: 8800 ns, Total: 134400 ns
[2021-03-18T09:03:11.551+0000][24612][safepoint    ] Safepoint "Cleanup", Time since last: 1000657200 ns, Reaching safepoint: 115200 ns, At safepoint: 9600 ns, Total: 124800 ns
[2021-03-18T09:03:12.551+0000][24612][safepoint    ] Safepoint "Cleanup", Time since last: 1000408100 ns, Reaching safepoint: 126100 ns, At safepoint: 6400 ns, Total: 132500 ns
[2021-03-18T09:03:13.552+0000][24612][safepoint    ] Safepoint "Cleanup", Time since last: 1000507100 ns, Reaching safepoint: 135400 ns, At safepoint: 5900 ns, Total: 141300 ns
[2021-03-18T09:03:14.552+0000][24612][safepoint    ] Safepoint "Cleanup", Time since last: 1000124500 ns, Reaching safepoint: 143400 ns, At safepoint: 61600 ns, Total: 205000 ns
[2021-03-18T09:03:16.553+0000][24612][safepoint    ] Safepoint "Cleanup", Time since last: 2000747200 ns, Reaching safepoint: 123100 ns, At safepoint: 6300 ns, Total: 129400 ns
[2021-03-18T09:03:17.554+0000][24612][safepoint    ] Safepoint "Cleanup", Time since last: 1000626300 ns, Reaching safepoint: 115200 ns, At safepoint: 6200 ns, Total: 121400 ns
[2021-03-18T09:03:18.555+0000][24612][safepoint    ] Safepoint "Cleanup", Time since last: 1000505800 ns, Reaching safepoint: 133800 ns, At safepoint: 8800 ns, Total: 142600 ns
[2021-03-18T09:03:19.555+0000][24612][safepoint    ] Safepoint "Cleanup", Time since last: 1000169500 ns, Reaching safepoint: 153500 ns, At safepoint: 3700 ns, Total: 157200 ns
[2021-03-18T09:03:20.556+0000][24612][safepoint    ] Safepoint "Cleanup", Time since last: 1000293800 ns, Reaching safepoint: 155200 ns, At safepoint: 9500 ns, Total: 164700 ns
[2021-03-18T09:03:36.112+0000][24612][safepoint    ] Safepoint "Cleanup", Time since last: 15556334000 ns, Reaching safepoint: 188600 ns, At safepoint: 13000 ns, Total: 201600 ns
[2021-03-18T09:03:37.112+0000][24612][safepoint    ] Safepoint "Cleanup", Time since last: 1000108100 ns, Reaching safepoint: 173500 ns, At safepoint: 67900 ns, Total: 241400 ns
[2021-03-18T09:04:25.138+0000][24612][safepoint    ] Safepoint "Cleanup", Time since last: 48025696400 ns, Reaching safepoint: 121900 ns, At safepoint: 7700 ns, Total: 129600 ns
[2021-03-18T09:05:15.161+0000][24612][safepoint    ] Safepoint "Cleanup", Time since last: 50023996100 ns, Reaching safepoint: 147000 ns, At safepoint: 70000 ns, Total: 217000 ns
[2021-03-18T09:05:35.110+0000][24612][safepoint    ] Safepoint "Cleanup", Time since last: 19950180900 ns, Reaching safepoint: 173800 ns, At safepoint: 6500 ns, Total: 180300 ns
[2021-03-18T09:05:36.110+0000][24612][safepoint    ] Safepoint "Cleanup", Time since last: 1000025500 ns, Reaching safepoint: 216400 ns, At safepoint: 11500 ns, Total: 227900 ns
[2021-03-18T09:05:37.111+0000][24612][safepoint    ] Safepoint "Cleanup", Time since last: 1000823600 ns, Reaching safepoint: 124800 ns, At safepoint: 6000 ns, Total: 130800 ns
[2021-03-18T09:05:38.112+0000][24612][safepoint    ] Safepoint "Cleanup", Time since last: 1000546400 ns, Reaching safepoint: 270600 ns, At safepoint: 14200 ns, Total: 284800 ns
[2021-03-18T09:05:39.112+0000][24612][safepoint    ] Safepoint "Cleanup", Time since last: 1000412100 ns, Reaching safepoint: 297900 ns, At safepoint: 12000 ns, Total: 309900 ns
[2021-03-18T09:05:40.113+0000][24612][safepoint    ] Safepoint "Cleanup", Time since last: 1000621500 ns, Reaching safepoint: 330900 ns, At safepoint: 12300 ns, Total: 343200 ns
[2021-03-18T09:05:41.114+0000][24612][safepoint    ] Safepoint "Cleanup", Time since last: 1000596400 ns, Reaching safepoint: 379300 ns, At safepoint: 13700 ns, Total: 393000 ns
[2021-03-18T09:05:43.115+0000][24612][safepoint    ] Safepoint "Cleanup", Time since last: 2000181800 ns, Reaching safepoint: 148900 ns, At safepoint: 66300 ns, Total: 215200 ns
[2021-03-18T09:05:44.115+0000][24612][safepoint    ] Safepoint "Cleanup", Time since last: 1000112500 ns, Reaching safepoint: 133200 ns, At safepoint: 5800 ns, Total: 139000 ns
[2021-03-18T09:05:45.115+0000][24612][safepoint    ] Safepoint "Cleanup", Time since last: 1000098200 ns, Reaching safepoint: 205400 ns, At safepoint: 87800 ns, Total: 293200 ns
[2021-03-18T09:05:46.116+0000][24612][safepoint    ] Safepoint "Cleanup", Time since last: 1000336200 ns, Reaching safepoint: 288600 ns, At safepoint: 125000 ns, Total: 413600 ns
[2021-03-18T09:05:48.116+0000][24612][safepoint    ] Safepoint "Cleanup", Time since last: 1999698100 ns, Reaching safepoint: 181800 ns, At safepoint: 64800 ns, Total: 246600 ns
[2021-03-18T09:05:50.116+0000][24612][safepoint    ] Safepoint "Cleanup", Time since last: 2000637000 ns, Reaching safepoint: 277700 ns, At safepoint: 16100 ns, Total: 293800 ns
[2021-03-18T09:05:51.117+0000][24612][safepoint    ] Safepoint "Cleanup", Time since last: 1000833600 ns, Reaching safepoint: 364300 ns, At safepoint: 230800 ns, Total: 595100 ns
[2021-03-18T09:05:52.118+0000][24612][safepoint    ] Safepoint "Cleanup", Time since last: 1000508200 ns, Reaching safepoint: 158300 ns, At safepoint: 64300 ns, Total: 222600 ns
[2021-03-18T09:05:53.119+0000][24612][safepoint    ] Safepoint "Cleanup", Time since last: 1000033300 ns, Reaching safepoint: 148400 ns, At safepoint: 74300 ns, Total: 222700 ns
[2021-03-18T09:05:54.120+0000][24612][safepoint    ] Safepoint "Cleanup", Time since last: 1000802900 ns, Reaching safepoint: 167700 ns, At safepoint: 8000 ns, Total: 175700 ns
[2021-03-18T09:05:55.120+0000][24612][safepoint    ] Safepoint "Cleanup", Time since last: 1000213300 ns, Reaching safepoint: 154900 ns, At safepoint: 75500 ns, Total: 230400 ns
[2021-03-18T09:05:56.120+0000][24612][safepoint    ] Safepoint "Cleanup", Time since last: 1000270000 ns, Reaching safepoint: 135500 ns, At safepoint: 6300 ns, Total: 141800 ns
[2021-03-18T09:05:57.121+0000][24612][safepoint    ] Safepoint "Cleanup", Time since last: 1000483000 ns, Reaching safepoint: 109600 ns, At safepoint: 10700 ns, Total: 120300 ns
[2021-03-18T09:05:58.121+0000][24612][safepoint    ] Safepoint "Cleanup", Time since last: 1000504600 ns, Reaching safepoint: 150700 ns, At safepoint: 5100 ns, Total: 155800 ns
[2021-03-18T09:05:59.122+0000][24612][safepoint    ] Safepoint "Cleanup", Time since last: 1000261200 ns, Reaching safepoint: 125300 ns, At safepoint: 3900 ns, Total: 129200 ns
[2021-03-18T09:06:00.122+0000][24612][safepoint    ] Safepoint "Cleanup", Time since last: 1000514000 ns, Reaching safepoint: 197700 ns, At safepoint: 76300 ns, Total: 274000 ns
[2021-03-18T09:06:01.741+0000][24612][safepoint    ] Safepoint "Cleanup", Time since last: 1618493400 ns, Reaching safepoint: 330300 ns, At safepoint: 16600 ns, Total: 346900 ns
[2021-03-18T09:06:03.741+0000][24612][safepoint    ] Safepoint "Cleanup", Time since last: 2000085500 ns, Reaching safepoint: 139200 ns, At safepoint: 6200 ns, Total: 145400 ns
[2021-03-18T09:06:05.742+0000][24612][safepoint    ] Safepoint "Cleanup", Time since last: 2000823700 ns, Reaching safepoint: 374100 ns, At safepoint: 22400 ns, Total: 396500 ns
[2021-03-18T09:06:06.743+0000][24612][safepoint    ] Safepoint "Cleanup", Time since last: 1000752400 ns, Reaching safepoint: 343600 ns, At safepoint: 12600 ns, Total: 356200 ns
[2021-03-18T09:06:07.744+0000][24612][safepoint    ] Safepoint "Cleanup", Time since last: 1000583400 ns, Reaching safepoint: 234900 ns, At safepoint: 14200 ns, Total: 249100 ns
[2021-03-18T09:06:08.745+0000][24612][safepoint    ] Safepoint "Cleanup", Time since last: 1000826800 ns, Reaching safepoint: 148400 ns, At safepoint: 4000 ns, Total: 152400 ns
[2021-03-18T09:06:09.745+0000][24612][safepoint    ] Safepoint "Cleanup", Time since last: 1000249200 ns, Reaching safepoint: 151800 ns, At safepoint: 6700 ns, Total: 158500 ns
[2021-03-18T09:06:10.746+0000][24612][safepoint    ] Safepoint "Cleanup", Time since last: 1000261200 ns, Reaching safepoint: 255700 ns, At safepoint: 8800 ns, Total: 264500 ns
[2021-03-18T09:06:11.746+0000][24612][safepoint    ] Safepoint "Cleanup", Time since last: 1000140400 ns, Reaching safepoint: 133500 ns, At safepoint: 7300 ns, Total: 140800 ns
[2021-03-18T09:06:12.746+0000][24612][safepoint    ] Safepoint "Cleanup", Time since last: 1000290800 ns, Reaching safepoint: 184000 ns, At safepoint: 10900 ns, Total: 194900 ns
[2021-03-18T09:06:14.747+0000][24612][safepoint    ] Safepoint "Cleanup", Time since last: 2000292800 ns, Reaching safepoint: 164100 ns, At safepoint: 13100 ns, Total: 177200 ns
[2021-03-18T09:06:15.747+0000][24612][safepoint    ] Safepoint "Cleanup", Time since last: 1000540700 ns, Reaching safepoint: 191100 ns, At safepoint: 9100 ns, Total: 200200 ns
[2021-03-18T09:06:16.748+0000][24612][safepoint    ] Safepoint "Cleanup", Time since last: 1000244500 ns, Reaching safepoint: 257700 ns, At safepoint: 16000 ns, Total: 273700 ns
[2021-03-18T09:06:17.749+0000][24612][safepoint    ] Safepoint "Cleanup", Time since last: 1000597800 ns, Reaching safepoint: 158500 ns, At safepoint: 6000 ns, Total: 164500 ns
[2021-03-18T09:06:19.749+0000][24612][safepoint    ] Safepoint "Cleanup", Time since last: 2000508600 ns, Reaching safepoint: 166900 ns, At safepoint: 9500 ns, Total: 176400 ns
[2021-03-18T09:06:20.750+0000][24612][safepoint    ] Safepoint "Cleanup", Time since last: 1000649300 ns, Reaching safepoint: 241200 ns, At safepoint: 12000 ns, Total: 253200 ns
[2021-03-18T09:06:21.751+0000][24612][safepoint    ] Safepoint "Cleanup", Time since last: 1000535500 ns, Reaching safepoint: 204700 ns, At safepoint: 10200 ns, Total: 214900 ns
[2021-03-18T09:06:22.751+0000][24612][safepoint    ] Safepoint "Cleanup", Time since last: 1000750600 ns, Reaching safepoint: 366200 ns, At safepoint: 19900 ns, Total: 386100 ns
[2021-03-18T09:06:24.752+0000][24612][safepoint    ] Safepoint "Cleanup", Time since last: 2000088100 ns, Reaching safepoint: 105800 ns, At safepoint: 11600 ns, Total: 117400 ns
[2021-03-18T09:06:25.752+0000][24612][safepoint    ] Safepoint "Cleanup", Time since last: 1000433600 ns, Reaching safepoint: 135200 ns, At safepoint: 8100 ns, Total: 143300 ns
[2021-03-18T09:06:26.753+0000][24612][safepoint    ] Safepoint "Cleanup", Time since last: 1000201300 ns, Reaching safepoint: 184300 ns, At safepoint: 12000 ns, Total: 196300 ns
[2021-03-18T09:06:27.753+0000][24612][safepoint    ] Safepoint "Cleanup", Time since last: 1000025600 ns, Reaching safepoint: 222400 ns, At safepoint: 15300 ns, Total: 237700 ns
[2021-03-18T09:06:28.753+0000][24612][safepoint    ] Safepoint "Cleanup", Time since last: 1000393000 ns, Reaching safepoint: 323100 ns, At safepoint: 19800 ns, Total: 342900 ns
[2021-03-18T09:06:29.754+0000][24612][safepoint    ] Safepoint "Cleanup", Time since last: 1000163300 ns, Reaching safepoint: 197800 ns, At safepoint: 10600 ns, Total: 208400 ns
[2021-03-18T09:06:30.754+0000][24612][safepoint    ] Safepoint "Cleanup", Time since last: 1000441200 ns, Reaching safepoint: 245800 ns, At safepoint: 9400 ns, Total: 255200 ns
[2021-03-18T09:06:32.754+0000][24612][safepoint    ] Safepoint "Cleanup", Time since last: 1999875500 ns, Reaching safepoint: 243300 ns, At safepoint: 9300 ns, Total: 252600 ns
[2021-03-18T09:06:33.755+0000][24612][safepoint    ] Safepoint "Cleanup", Time since last: 1000295600 ns, Reaching safepoint: 391900 ns, At safepoint: 22500 ns, Total: 414400 ns
[2021-03-18T09:06:34.755+0000][24612][safepoint    ] Safepoint "Cleanup", Time since last: 1000054900 ns, Reaching safepoint: 187800 ns, At safepoint: 8500 ns, Total: 196300 ns
[2021-03-18T09:06:35.756+0000][24612][safepoint    ] Safepoint "Cleanup", Time since last: 1000709000 ns, Reaching safepoint: 396000 ns, At safepoint: 89200 ns, Total: 485200 ns
[2021-03-18T09:06:37.757+0000][24612][safepoint    ] Safepoint "Cleanup", Time since last: 2000567600 ns, Reaching safepoint: 112100 ns, At safepoint: 5100 ns, Total: 117200 ns
[2021-03-18T09:06:38.758+0000][24612][safepoint    ] Safepoint "Cleanup", Time since last: 1000702100 ns, Reaching safepoint: 135300 ns, At safepoint: 6500 ns, Total: 141800 ns
[2021-03-18T09:06:39.758+0000][24612][safepoint    ] Safepoint "Cleanup", Time since last: 1000235600 ns, Reaching safepoint: 137400 ns, At safepoint: 5800 ns, Total: 143200 ns
[2021-03-18T09:06:40.759+0000][24612][safepoint    ] Safepoint "Cleanup", Time since last: 1000549800 ns, Reaching safepoint: 174200 ns, At safepoint: 5000 ns, Total: 179200 ns
[2021-03-18T09:06:41.759+0000][24612][safepoint    ] Safepoint "Cleanup", Time since last: 1000030200 ns, Reaching safepoint: 140800 ns, At safepoint: 3600 ns, Total: 144400 ns
[2021-03-18T09:06:42.759+0000][24612][safepoint    ] Safepoint "Cleanup", Time since last: 1000532900 ns, Reaching safepoint: 247000 ns, At safepoint: 8200 ns, Total: 255200 ns
[2021-03-18T09:06:43.760+0000][24612][safepoint    ] Safepoint "Cleanup", Time since last: 1000808700 ns, Reaching safepoint: 309500 ns, At safepoint: 10500 ns, Total: 320000 ns
[2021-03-18T09:06:44.761+0000][24612][safepoint    ] Safepoint "Cleanup", Time since last: 1000213900 ns, Reaching safepoint: 133500 ns, At safepoint: 3900 ns, Total: 137400 ns
[2021-03-18T09:06:45.761+0000][24612][safepoint    ] Safepoint "Cleanup", Time since last: 1000028500 ns, Reaching safepoint: 319400 ns, At safepoint: 13700 ns, Total: 333100 ns
[2021-03-18T09:06:47.761+0000][24612][safepoint    ] Safepoint "Cleanup", Time since last: 1999968800 ns, Reaching safepoint: 144000 ns, At safepoint: 5100 ns, Total: 149100 ns
[2021-03-18T09:06:48.761+0000][24612][safepoint    ] Safepoint "Cleanup", Time since last: 1000146700 ns, Reaching safepoint: 294200 ns, At safepoint: 21100 ns, Total: 315300 ns
[2021-03-18T09:06:49.794+0000][24612][safepoint    ] Safepoint "Cleanup", Time since last: 1032391900 ns, Reaching safepoint: 178600 ns, At safepoint: 5300 ns, Total: 183900 ns
[2021-03-18T09:06:50.794+0000][24612][safepoint    ] Safepoint "Cleanup", Time since last: 1000175400 ns, Reaching safepoint: 231900 ns, At safepoint: 13400 ns, Total: 245300 ns
[2021-03-18T09:06:51.795+0000][24612][safepoint    ] Safepoint "Cleanup", Time since last: 1000397400 ns, Reaching safepoint: 143700 ns, At safepoint: 6700 ns, Total: 150400 ns
[2021-03-18T09:06:52.796+0000][24612][safepoint    ] Safepoint "Cleanup", Time since last: 1000846200 ns, Reaching safepoint: 126400 ns, At safepoint: 6500 ns, Total: 132900 ns
[2021-03-18T09:06:53.796+0000][24612][safepoint    ] Safepoint "Cleanup", Time since last: 1000193200 ns, Reaching safepoint: 372200 ns, At safepoint: 16800 ns, Total: 389000 ns
[2021-03-18T09:06:55.797+0000][24612][safepoint    ] Safepoint "Cleanup", Time since last: 2000392600 ns, Reaching safepoint: 156100 ns, At safepoint: 19500 ns, Total: 175600 ns
[2021-03-18T09:06:57.795+0000][24612][safepoint    ] Safepoint "Cleanup", Time since last: 1999008000 ns, Reaching safepoint: 139700 ns, At safepoint: 23500 ns, Total: 163200 ns
[2021-03-18T09:06:58.797+0000][24612][safepoint    ] Safepoint "Cleanup", Time since last: 1001392200 ns, Reaching safepoint: 525300 ns, At safepoint: 36900 ns, Total: 562200 ns
[2021-03-18T09:06:59.798+0000][24612][safepoint    ] Safepoint "Cleanup", Time since last: 1000384100 ns, Reaching safepoint: 112500 ns, At safepoint: 7500 ns, Total: 120000 ns
[2021-03-18T09:07:00.798+0000][24612][safepoint    ] Safepoint "Cleanup", Time since last: 1000272500 ns, Reaching safepoint: 154800 ns, At safepoint: 7500 ns, Total: 162300 ns
[2021-03-18T09:07:02.799+0000][24612][safepoint    ] Safepoint "Cleanup", Time since last: 2000258400 ns, Reaching safepoint: 187100 ns, At safepoint: 12600 ns, Total: 199700 ns
[2021-03-18T09:07:04.799+0000][24612][safepoint    ] Safepoint "Cleanup", Time since last: 2000715200 ns, Reaching safepoint: 106600 ns, At safepoint: 6800 ns, Total: 113400 ns
[2021-03-18T09:07:05.800+0000][24612][safepoint    ] Safepoint "Cleanup", Time since last: 1000134900 ns, Reaching safepoint: 157400 ns, At safepoint: 7500 ns, Total: 164900 ns
[2021-03-18T09:07:06.800+0000][24612][safepoint    ] Safepoint "Cleanup", Time since last: 1000614100 ns, Reaching safepoint: 104600 ns, At safepoint: 28400 ns, Total: 133000 ns
[2021-03-18T09:07:08.801+0000][24612][safepoint    ] Safepoint "Cleanup", Time since last: 2000845500 ns, Reaching safepoint: 126300 ns, At safepoint: 6800 ns, Total: 133100 ns
[2021-03-18T09:07:10.801+0000][24612][safepoint    ] Safepoint "Cleanup", Time since last: 2000253600 ns, Reaching safepoint: 115900 ns, At safepoint: 22300 ns, Total: 138200 ns
[2021-03-18T09:07:12.802+0000][24612][safepoint    ] Safepoint "Cleanup", Time since last: 2000567200 ns, Reaching safepoint: 311300 ns, At safepoint: 106200 ns, Total: 417500 ns
[2021-03-18T09:07:14.803+0000][24612][safepoint    ] Safepoint "Cleanup", Time since last: 2000287300 ns, Reaching safepoint: 121600 ns, At safepoint: 7200 ns, Total: 128800 ns
[2021-03-18T09:07:15.803+0000][24612][safepoint    ] Safepoint "Cleanup", Time since last: 1000544400 ns, Reaching safepoint: 126000 ns, At safepoint: 4200 ns, Total: 130200 ns
[2021-03-18T09:07:16.803+0000][24612][safepoint    ] Safepoint "Cleanup", Time since last: 1000150500 ns, Reaching safepoint: 120500 ns, At safepoint: 4700 ns, Total: 125200 ns
[2021-03-18T09:07:17.804+0000][24612][safepoint    ] Safepoint "Cleanup", Time since last: 1000132900 ns, Reaching safepoint: 130000 ns, At safepoint: 3200 ns, Total: 133200 ns
[2021-03-18T09:07:18.804+0000][24612][safepoint    ] Safepoint "Cleanup", Time since last: 1000235600 ns, Reaching safepoint: 204300 ns, At safepoint: 11600 ns, Total: 215900 ns
[2021-03-18T09:07:19.805+0000][24612][safepoint    ] Safepoint "Cleanup", Time since last: 1000565400 ns, Reaching safepoint: 151800 ns, At safepoint: 7700 ns, Total: 159500 ns
[2021-03-18T09:07:20.805+0000][24612][safepoint    ] Safepoint "Cleanup", Time since last: 1000326600 ns, Reaching safepoint: 101500 ns, At safepoint: 6000 ns, Total: 107500 ns
[2021-03-18T09:07:21.805+0000][24612][safepoint    ] Safepoint "Cleanup", Time since last: 1000388800 ns, Reaching safepoint: 171800 ns, At safepoint: 7200 ns, Total: 179000 ns
[2021-03-18T09:07:23.806+0000][24612][safepoint    ] Safepoint "Cleanup", Time since last: 2000127800 ns, Reaching safepoint: 180700 ns, At safepoint: 10300 ns, Total: 191000 ns
[2021-03-18T09:07:24.806+0000][24612][safepoint    ] Safepoint "Cleanup", Time since last: 1000751700 ns, Reaching safepoint: 290900 ns, At safepoint: 19900 ns, Total: 310800 ns
[2021-03-18T09:07:26.807+0000][24612][safepoint    ] Safepoint "Cleanup", Time since last: 2000468100 ns, Reaching safepoint: 114800 ns, At safepoint: 8200 ns, Total: 123000 ns
[2021-03-18T09:07:28.118+0000][24612][safepoint    ] Safepoint "Cleanup", Time since last: 1310661000 ns, Reaching safepoint: 305900 ns, At safepoint: 13000 ns, Total: 318900 ns
[2021-03-18T09:07:29.118+0000][24612][safepoint    ] Safepoint "Cleanup", Time since last: 1000143500 ns, Reaching safepoint: 106600 ns, At safepoint: 13000 ns, Total: 119600 ns
[2021-03-18T09:07:30.119+0000][24612][safepoint    ] Safepoint "Cleanup", Time since last: 1000554900 ns, Reaching safepoint: 353200 ns, At safepoint: 125300 ns, Total: 478500 ns
[2021-03-18T09:07:32.119+0000][24612][safepoint    ] Safepoint "Cleanup", Time since last: 2000000200 ns, Reaching safepoint: 387700 ns, At safepoint: 23700 ns, Total: 411400 ns
[2021-03-18T09:07:33.120+0000][24612][safepoint    ] Safepoint "Cleanup", Time since last: 1000471900 ns, Reaching safepoint: 171700 ns, At safepoint: 54300 ns, Total: 226000 ns
[2021-03-18T09:07:35.121+0000][24612][safepoint    ] Safepoint "Cleanup", Time since last: 2000776700 ns, Reaching safepoint: 162900 ns, At safepoint: 19300 ns, Total: 182200 ns
[2021-03-18T09:07:37.122+0000][24612][safepoint    ] Safepoint "Cleanup", Time since last: 2001017400 ns, Reaching safepoint: 357000 ns, At safepoint: 17500 ns, Total: 374500 ns
[2021-03-18T09:07:38.123+0000][24612][safepoint    ] Safepoint "Cleanup", Time since last: 1000466600 ns, Reaching safepoint: 435300 ns, At safepoint: 139800 ns, Total: 575100 ns
[2021-03-18T09:07:39.124+0000][24612][safepoint    ] Safepoint "Cleanup", Time since last: 1000471600 ns, Reaching safepoint: 337200 ns, At safepoint: 74500 ns, Total: 411700 ns
[2021-03-18T09:07:40.124+0000][24612][safepoint    ] Safepoint "Cleanup", Time since last: 1000304900 ns, Reaching safepoint: 365100 ns, At safepoint: 140300 ns, Total: 505400 ns
[2021-03-18T09:07:42.125+0000][24612][safepoint    ] Safepoint "Cleanup", Time since last: 2000718500 ns, Reaching safepoint: 271200 ns, At safepoint: 9200 ns, Total: 280400 ns
[2021-03-18T09:07:44.126+0000][24612][safepoint    ] Safepoint "Cleanup", Time since last: 2000583100 ns, Reaching safepoint: 137200 ns, At safepoint: 6600 ns, Total: 143800 ns
[2021-03-18T09:07:45.127+0000][24612][safepoint    ] Safepoint "Cleanup", Time since last: 1000411500 ns, Reaching safepoint: 116700 ns, At safepoint: 6400 ns, Total: 123100 ns
[2021-03-18T09:07:46.127+0000][24612][safepoint    ] Safepoint "Cleanup", Time since last: 1000261200 ns, Reaching safepoint: 177200 ns, At safepoint: 5300 ns, Total: 182500 ns
[2021-03-18T09:07:47.128+0000][24612][safepoint    ] Safepoint "Cleanup", Time since last: 1001019400 ns, Reaching safepoint: 372400 ns, At safepoint: 140800 ns, Total: 513200 ns
[2021-03-18T09:07:48.129+0000][24612][safepoint    ] Safepoint "Cleanup", Time since last: 1000504400 ns, Reaching safepoint: 138300 ns, At safepoint: 4500 ns, Total: 142800 ns
[2021-03-18T09:07:49.130+0000][24612][safepoint    ] Safepoint "Cleanup", Time since last: 1000596400 ns, Reaching safepoint: 251800 ns, At safepoint: 20900 ns, Total: 272700 ns
[2021-03-18T09:07:50.130+0000][24612][safepoint    ] Safepoint "Cleanup", Time since last: 1000134300 ns, Reaching safepoint: 232700 ns, At safepoint: 11600 ns, Total: 244300 ns
[2021-03-18T09:07:51.131+0000][24612][safepoint    ] Safepoint "Cleanup", Time since last: 1000656800 ns, Reaching safepoint: 400300 ns, At safepoint: 35300 ns, Total: 435600 ns
[2021-03-18T09:07:52.131+0000][24612][safepoint    ] Safepoint "Cleanup", Time since last: 1000391400 ns, Reaching safepoint: 143500 ns, At safepoint: 4000 ns, Total: 147500 ns
[2021-03-18T09:07:53.132+0000][24612][safepoint    ] Safepoint "Cleanup", Time since last: 1000152200 ns, Reaching safepoint: 139500 ns, At safepoint: 4700 ns, Total: 144200 ns
[2021-03-18T09:07:54.581+0000][24612][safepoint    ] Safepoint "Cleanup", Time since last: 1448777100 ns, Reaching safepoint: 174200 ns, At safepoint: 76100 ns, Total: 250300 ns
[2021-03-18T09:07:56.581+0000][24612][safepoint    ] Safepoint "Cleanup", Time since last: 1999974400 ns, Reaching safepoint: 377900 ns, At safepoint: 15800 ns, Total: 393700 ns
[2021-03-18T09:07:57.581+0000][24612][safepoint    ] Safepoint "Cleanup", Time since last: 1000113700 ns, Reaching safepoint: 364800 ns, At safepoint: 14400 ns, Total: 379200 ns
[2021-03-18T09:07:59.582+0000][24612][safepoint    ] Safepoint "Cleanup", Time since last: 2000532300 ns, Reaching safepoint: 128800 ns, At safepoint: 3700 ns, Total: 132500 ns
[2021-03-18T09:08:00.583+0000][24612][safepoint    ] Safepoint "Cleanup", Time since last: 1000807400 ns, Reaching safepoint: 204800 ns, At safepoint: 13000 ns, Total: 217800 ns
[2021-03-18T09:08:01.583+0000][24612][safepoint    ] Safepoint "Cleanup", Time since last: 1000463700 ns, Reaching safepoint: 147200 ns, At safepoint: 9200 ns, Total: 156400 ns
[2021-03-18T09:08:02.584+0000][24612][safepoint    ] Safepoint "Cleanup", Time since last: 1000485400 ns, Reaching safepoint: 456400 ns, At safepoint: 11600 ns, Total: 468000 ns
[2021-03-18T09:08:04.584+0000][24612][safepoint    ] Safepoint "Cleanup", Time since last: 2000146700 ns, Reaching safepoint: 167800 ns, At safepoint: 11900 ns, Total: 179700 ns
[2021-03-18T09:08:05.585+0000][24612][safepoint    ] Safepoint "Cleanup", Time since last: 1000277900 ns, Reaching safepoint: 400100 ns, At safepoint: 24600 ns, Total: 424700 ns
[2021-03-18T09:08:07.586+0000][24612][safepoint    ] Safepoint "Cleanup", Time since last: 2001238000 ns, Reaching safepoint: 140500 ns, At safepoint: 6100 ns, Total: 146600 ns
[2021-03-18T09:08:08.588+0000][24612][safepoint    ] Safepoint "Cleanup", Time since last: 1001169100 ns, Reaching safepoint: 151200 ns, At safepoint: 6000 ns, Total: 157200 ns
[2021-03-18T09:08:09.588+0000][24612][safepoint    ] Safepoint "Cleanup", Time since last: 1000724300 ns, Reaching safepoint: 193500 ns, At safepoint: 12800 ns, Total: 206300 ns
[2021-03-18T09:08:11.589+0000][24612][safepoint    ] Safepoint "Cleanup", Time since last: 2000832100 ns, Reaching safepoint: 103800 ns, At safepoint: 6200 ns, Total: 110000 ns
[2021-03-18T09:08:12.590+0000][24612][safepoint    ] Safepoint "Cleanup", Time since last: 1000247600 ns, Reaching safepoint: 185500 ns, At safepoint: 5800 ns, Total: 191300 ns
[2021-03-18T09:08:13.590+0000][24612][safepoint    ] Safepoint "Cleanup", Time since last: 1000334300 ns, Reaching safepoint: 106200 ns, At safepoint: 7100 ns, Total: 113300 ns
[2021-03-18T09:08:14.591+0000][24612][safepoint    ] Safepoint "Cleanup", Time since last: 1000624200 ns, Reaching safepoint: 128700 ns, At safepoint: 20900 ns, Total: 149600 ns
[2021-03-18T09:08:15.592+0000][24612][safepoint    ] Safepoint "Cleanup", Time since last: 1000751000 ns, Reaching safepoint: 103000 ns, At safepoint: 13000 ns, Total: 116000 ns
[2021-03-18T09:08:16.592+0000][24612][safepoint    ] Safepoint "Cleanup", Time since last: 1000598200 ns, Reaching safepoint: 109100 ns, At safepoint: 4000 ns, Total: 113100 ns
[2021-03-18T09:08:17.593+0000][24612][safepoint    ] Safepoint "Cleanup", Time since last: 1000495300 ns, Reaching safepoint: 133200 ns, At safepoint: 7900 ns, Total: 141100 ns
[2021-03-18T09:08:18.593+0000][24612][safepoint    ] Safepoint "Cleanup", Time since last: 1000315400 ns, Reaching safepoint: 125500 ns, At safepoint: 5100 ns, Total: 130600 ns
[2021-03-18T09:08:19.594+0000][24612][safepoint    ] Safepoint "Cleanup", Time since last: 1000687500 ns, Reaching safepoint: 110300 ns, At safepoint: 3500 ns, Total: 113800 ns
[2021-03-18T09:08:21.594+0000][24612][safepoint    ] Safepoint "Cleanup", Time since last: 2000060900 ns, Reaching safepoint: 143700 ns, At safepoint: 7700 ns, Total: 151400 ns
[2021-03-18T09:08:23.594+0000][24612][safepoint    ] Safepoint "Cleanup", Time since last: 2000641800 ns, Reaching safepoint: 141800 ns, At safepoint: 6500 ns, Total: 148300 ns
[2021-03-18T09:08:24.596+0000][24612][safepoint    ] Safepoint "Cleanup", Time since last: 1000950400 ns, Reaching safepoint: 112100 ns, At safepoint: 6900 ns, Total: 119000 ns
[2021-03-18T09:08:25.596+0000][24612][safepoint    ] Safepoint "Cleanup", Time since last: 1000354300 ns, Reaching safepoint: 346200 ns, At safepoint: 12200 ns, Total: 358400 ns
[2021-03-18T09:08:27.597+0000][24612][safepoint    ] Safepoint "Cleanup", Time since last: 2000750900 ns, Reaching safepoint: 149800 ns, At safepoint: 7400 ns, Total: 157200 ns
[2021-03-18T09:08:29.597+0000][24612][safepoint    ] Safepoint "Cleanup", Time since last: 2000063100 ns, Reaching safepoint: 145800 ns, At safepoint: 5000 ns, Total: 150800 ns
[2021-03-18T09:08:30.598+0000][24612][safepoint    ] Safepoint "Cleanup", Time since last: 1000436400 ns, Reaching safepoint: 117000 ns, At safepoint: 5300 ns, Total: 122300 ns
[2021-03-18T09:08:31.598+0000][24612][safepoint    ] Safepoint "Cleanup", Time since last: 1000102200 ns, Reaching safepoint: 127100 ns, At safepoint: 5200 ns, Total: 132300 ns
[2021-03-18T09:08:32.599+0000][24612][safepoint    ] Safepoint "Cleanup", Time since last: 1000888100 ns, Reaching safepoint: 152600 ns, At safepoint: 9900 ns, Total: 162500 ns
[2021-03-18T09:08:33.599+0000][24612][safepoint    ] Safepoint "Cleanup", Time since last: 1000789700 ns, Reaching safepoint: 165500 ns, At safepoint: 5400 ns, Total: 170900 ns
[2021-03-18T09:08:34.600+0000][24612][safepoint    ] Safepoint "Cleanup", Time since last: 1000085200 ns, Reaching safepoint: 83900 ns, At safepoint: 2500 ns, Total: 86400 ns
[2021-03-18T09:08:35.600+0000][24612][safepoint    ] Safepoint "Cleanup", Time since last: 1000602900 ns, Reaching safepoint: 146100 ns, At safepoint: 15100 ns, Total: 161200 ns
[2021-03-18T09:08:36.601+0000][24612][safepoint    ] Safepoint "Cleanup", Time since last: 1000560900 ns, Reaching safepoint: 120600 ns, At safepoint: 4300 ns, Total: 124900 ns
[2021-03-18T09:08:37.601+0000][24612][safepoint    ] Safepoint "Cleanup", Time since last: 1000299800 ns, Reaching safepoint: 110400 ns, At safepoint: 7000 ns, Total: 117400 ns
[2021-03-18T09:08:38.602+0000][24612][safepoint    ] Safepoint "Cleanup", Time since last: 1000681900 ns, Reaching safepoint: 108900 ns, At safepoint: 3900 ns, Total: 112800 ns
[2021-03-18T09:08:39.602+0000][24612][safepoint    ] Safepoint "Cleanup", Time since last: 1000071000 ns, Reaching safepoint: 155400 ns, At safepoint: 5900 ns, Total: 161300 ns
[2021-03-18T09:08:41.602+0000][24612][safepoint    ] Safepoint "Cleanup", Time since last: 2000216000 ns, Reaching safepoint: 131900 ns, At safepoint: 5900 ns, Total: 137800 ns
[2021-03-18T09:08:42.603+0000][24612][safepoint    ] Safepoint "Cleanup", Time since last: 1000265300 ns, Reaching safepoint: 171600 ns, At safepoint: 9100 ns, Total: 180700 ns
[2021-03-18T09:08:44.604+0000][24612][safepoint    ] Safepoint "Cleanup", Time since last: 2000828400 ns, Reaching safepoint: 176700 ns, At safepoint: 6700 ns, Total: 183400 ns
[2021-03-18T09:08:46.604+0000][24612][safepoint    ] Safepoint "Cleanup", Time since last: 1999990200 ns, Reaching safepoint: 114600 ns, At safepoint: 5500 ns, Total: 120100 ns
[2021-03-18T09:08:47.604+0000][24612][safepoint    ] Safepoint "Cleanup", Time since last: 1000635600 ns, Reaching safepoint: 244300 ns, At safepoint: 10700 ns, Total: 255000 ns
[2021-03-18T09:08:49.605+0000][24612][safepoint    ] Safepoint "Cleanup", Time since last: 2000787500 ns, Reaching safepoint: 113200 ns, At safepoint: 6800 ns, Total: 120000 ns
[2021-03-18T09:08:50.606+0000][24612][safepoint    ] Safepoint "Cleanup", Time since last: 1000398100 ns, Reaching safepoint: 189400 ns, At safepoint: 7500 ns, Total: 196900 ns
[2021-03-18T09:08:51.606+0000][24612][safepoint    ] Safepoint "Cleanup", Time since last: 1000590500 ns, Reaching safepoint: 95600 ns, At safepoint: 5200 ns, Total: 100800 ns
[2021-03-18T09:08:52.607+0000][24612][safepoint    ] Safepoint "Cleanup", Time since last: 1000587700 ns, Reaching safepoint: 119400 ns, At safepoint: 8000 ns, Total: 127400 ns
[2021-03-18T09:08:53.608+0000][24612][safepoint    ] Safepoint "Cleanup", Time since last: 1000643100 ns, Reaching safepoint: 117500 ns, At safepoint: 5500 ns, Total: 123000 ns
[2021-03-18T09:08:55.608+0000][24612][safepoint    ] Safepoint "Cleanup", Time since last: 2000104900 ns, Reaching safepoint: 140500 ns, At safepoint: 3700 ns, Total: 144200 ns
[2021-03-18T09:08:56.608+0000][24612][safepoint    ] Safepoint "Cleanup", Time since last: 1000078500 ns, Reaching safepoint: 128900 ns, At safepoint: 20400 ns, Total: 149300 ns
[2021-03-18T09:08:57.609+0000][24612][safepoint    ] Safepoint "Cleanup", Time since last: 1000593600 ns, Reaching safepoint: 139800 ns, At safepoint: 5700 ns, Total: 145500 ns
[2021-03-18T09:08:59.609+0000][24612][safepoint    ] Safepoint "Cleanup", Time since last: 1999987100 ns, Reaching safepoint: 154000 ns, At safepoint: 4400 ns, Total: 158400 ns
[2021-03-18T09:09:00.609+0000][24612][safepoint    ] Safepoint "Cleanup", Time since last: 1000786400 ns, Reaching safepoint: 116700 ns, At safepoint: 7000 ns, Total: 123700 ns
[2021-03-18T09:09:01.610+0000][24612][safepoint    ] Safepoint "Cleanup", Time since last: 1000147400 ns, Reaching safepoint: 169100 ns, At safepoint: 5800 ns, Total: 174900 ns
[2021-03-18T09:09:02.610+0000][24612][safepoint    ] Safepoint "Cleanup", Time since last: 1000358700 ns, Reaching safepoint: 146200 ns, At safepoint: 8600 ns, Total: 154800 ns
[2021-03-18T09:09:03.610+0000][24612][safepoint    ] Safepoint "Cleanup", Time since last: 1000140200 ns, Reaching safepoint: 135700 ns, At safepoint: 22600 ns, Total: 158300 ns
[2021-03-18T09:09:04.610+0000][24612][safepoint    ] Safepoint "Cleanup", Time since last: 1000014900 ns, Reaching safepoint: 142400 ns, At safepoint: 3800 ns, Total: 146200 ns
[2021-03-18T09:09:05.611+0000][24612][safepoint    ] Safepoint "Cleanup", Time since last: 1000070100 ns, Reaching safepoint: 119500 ns, At safepoint: 5100 ns, Total: 124600 ns
[2021-03-18T09:09:06.925+0000][24612][safepoint    ] Safepoint "Cleanup", Time since last: 1314486400 ns, Reaching safepoint: 126000 ns, At safepoint: 76900 ns, Total: 202900 ns
[2021-03-18T09:09:07.927+0000][24612][safepoint    ] Safepoint "Cleanup", Time since last: 1001262600 ns, Reaching safepoint: 183600 ns, At safepoint: 4600 ns, Total: 188200 ns
[2021-03-18T09:09:09.927+0000][24612][safepoint    ] Safepoint "Cleanup", Time since last: 2000686500 ns, Reaching safepoint: 155700 ns, At safepoint: 6000 ns, Total: 161700 ns
[2021-03-18T09:09:10.927+0000][24612][safepoint    ] Safepoint "Cleanup", Time since last: 1000095800 ns, Reaching safepoint: 184700 ns, At safepoint: 9000 ns, Total: 193700 ns
[2021-03-18T09:09:11.928+0000][24612][safepoint    ] Safepoint "Cleanup", Time since last: 1000641400 ns, Reaching safepoint: 150200 ns, At safepoint: 5900 ns, Total: 156100 ns
[2021-03-18T09:09:12.929+0000][24612][safepoint    ] Safepoint "Cleanup", Time since last: 1000770200 ns, Reaching safepoint: 208900 ns, At safepoint: 10100 ns, Total: 219000 ns
[2021-03-18T09:09:14.929+0000][24612][safepoint    ] Safepoint "Cleanup", Time since last: 2000225300 ns, Reaching safepoint: 139500 ns, At safepoint: 10300 ns, Total: 149800 ns
[2021-03-18T09:09:15.930+0000][24612][safepoint    ] Safepoint "Cleanup", Time since last: 1000150900 ns, Reaching safepoint: 121400 ns, At safepoint: 6800 ns, Total: 128200 ns
[2021-03-18T09:09:17.930+0000][24612][safepoint    ] Safepoint "Cleanup", Time since last: 2000442900 ns, Reaching safepoint: 148300 ns, At safepoint: 5600 ns, Total: 153900 ns
[2021-03-18T09:09:18.930+0000][24612][safepoint    ] Safepoint "Cleanup", Time since last: 1000293900 ns, Reaching safepoint: 115600 ns, At safepoint: 2900 ns, Total: 118500 ns
[2021-03-18T09:09:20.931+0000][24612][safepoint    ] Safepoint "Cleanup", Time since last: 2000195700 ns, Reaching safepoint: 146800 ns, At safepoint: 5200 ns, Total: 152000 ns
[2021-03-18T09:09:21.931+0000][24612][safepoint    ] Safepoint "Cleanup", Time since last: 1000865400 ns, Reaching safepoint: 115300 ns, At safepoint: 5400 ns, Total: 120700 ns
[2021-03-18T09:09:22.932+0000][24612][safepoint    ] Safepoint "Cleanup", Time since last: 1000872700 ns, Reaching safepoint: 353100 ns, At safepoint: 39900 ns, Total: 393000 ns
[2021-03-18T09:09:24.933+0000][24612][safepoint    ] Safepoint "Cleanup", Time since last: 2000354900 ns, Reaching safepoint: 122700 ns, At safepoint: 5900 ns, Total: 128600 ns
[2021-03-18T09:09:25.933+0000][24612][safepoint    ] Safepoint "Cleanup", Time since last: 1000096000 ns, Reaching safepoint: 241000 ns, At safepoint: 10400 ns, Total: 251400 ns
[2021-03-18T09:09:26.934+0000][24612][safepoint    ] Safepoint "Cleanup", Time since last: 1000690000 ns, Reaching safepoint: 106500 ns, At safepoint: 6500 ns, Total: 113000 ns
[2021-03-18T09:09:28.093+0000][24612][safepoint    ] Safepoint "Cleanup", Time since last: 1158717100 ns, Reaching safepoint: 171400 ns, At safepoint: 7900 ns, Total: 179300 ns
[2021-03-18T09:09:29.093+0000][24612][safepoint    ] Safepoint "Cleanup", Time since last: 1000238700 ns, Reaching safepoint: 162500 ns, At safepoint: 9000 ns, Total: 171500 ns
[2021-03-18T09:09:31.094+0000][24612][safepoint    ] Safepoint "Cleanup", Time since last: 2000850200 ns, Reaching safepoint: 107700 ns, At safepoint: 5000 ns, Total: 112700 ns
[2021-03-18T09:09:32.094+0000][24612][safepoint    ] Safepoint "Cleanup", Time since last: 1000379500 ns, Reaching safepoint: 143300 ns, At safepoint: 4500 ns, Total: 147800 ns
[2021-03-18T09:09:33.095+0000][24612][safepoint    ] Safepoint "Cleanup", Time since last: 1000383300 ns, Reaching safepoint: 126700 ns, At safepoint: 11300 ns, Total: 138000 ns
[2021-03-18T09:09:34.096+0000][24612][safepoint    ] Safepoint "Cleanup", Time since last: 1000584000 ns, Reaching safepoint: 384600 ns, At safepoint: 17500 ns, Total: 402100 ns
[2021-03-18T09:09:36.097+0000][24612][safepoint    ] Safepoint "Cleanup", Time since last: 2000920300 ns, Reaching safepoint: 383200 ns, At safepoint: 20800 ns, Total: 404000 ns
[2021-03-18T09:09:38.097+0000][24612][safepoint    ] Safepoint "Cleanup", Time since last: 1999940300 ns, Reaching safepoint: 245100 ns, At safepoint: 12000 ns, Total: 257100 ns
[2021-03-18T09:09:39.098+0000][24612][safepoint    ] Safepoint "Cleanup", Time since last: 1000741300 ns, Reaching safepoint: 378100 ns, At safepoint: 85700 ns, Total: 463800 ns
[2021-03-18T09:09:40.099+0000][24612][safepoint    ] Safepoint "Cleanup", Time since last: 1000585800 ns, Reaching safepoint: 83500 ns, At safepoint: 2500 ns, Total: 86000 ns
[2021-03-18T09:09:42.099+0000][24612][safepoint    ] Safepoint "Cleanup", Time since last: 2000091600 ns, Reaching safepoint: 144600 ns, At safepoint: 6100 ns, Total: 150700 ns
[2021-03-18T09:09:44.099+0000][24612][safepoint    ] Safepoint "Cleanup", Time since last: 1999965800 ns, Reaching safepoint: 111500 ns, At safepoint: 5500 ns, Total: 117000 ns
[2021-03-18T09:09:44.219+0000][24612][gc,start     ] GC(13) Pause Young (Normal) (G1 Evacuation Pause)
[2021-03-18T09:09:44.219+0000][24612][gc,task      ] GC(13) Using 8 workers of 8 for evacuation
[2021-03-18T09:09:44.219+0000][24612][gc,age       ] GC(13) Desired survivor size 34078720 bytes, new threshold 15 (max threshold 15)
[2021-03-18T09:09:44.239+0000][24612][gc,age       ] GC(13) Age table with threshold 15 (max threshold 15)
[2021-03-18T09:09:44.239+0000][24612][gc,age       ] GC(13) - age   1:      85584 bytes,      85584 total
[2021-03-18T09:09:44.239+0000][24612][gc,age       ] GC(13) - age   2:      17312 bytes,     102896 total
[2021-03-18T09:09:44.239+0000][24612][gc,age       ] GC(13) - age   3:     460152 bytes,     563048 total
[2021-03-18T09:09:44.239+0000][24612][gc,age       ] GC(13) - age   4:    2600872 bytes,    3163920 total
[2021-03-18T09:09:44.239+0000][24612][gc,age       ] GC(13) - age   5:   14769920 bytes,   17933840 total
[2021-03-18T09:09:44.239+0000][24612][gc,age       ] GC(13) - age   6:    7897592 bytes,   25831432 total
[2021-03-18T09:09:44.239+0000][24612][gc,phases    ] GC(13)   Pre Evacuate Collection Set: 0.1ms
[2021-03-18T09:09:44.239+0000][24612][gc,phases    ] GC(13)   Merge Heap Roots: 0.1ms
[2021-03-18T09:09:44.240+0000][24612][gc,phases    ] GC(13)   Evacuate Collection Set: 16.8ms
[2021-03-18T09:09:44.240+0000][24612][gc,phases    ] GC(13)   Post Evacuate Collection Set: 2.8ms
[2021-03-18T09:09:44.240+0000][24612][gc,phases    ] GC(13)   Other: 0.6ms
[2021-03-18T09:09:44.240+0000][24612][gc,heap      ] GC(13) Eden regions: 486->0(490)
[2021-03-18T09:09:44.240+0000][24612][gc,heap      ] GC(13) Survivor regions: 27->27(65)
[2021-03-18T09:09:44.240+0000][24612][gc,heap      ] GC(13) Old regions: 50->50
[2021-03-18T09:09:44.240+0000][24612][gc,heap      ] GC(13) Archive regions: 0->0
[2021-03-18T09:09:44.240+0000][24612][gc,heap      ] GC(13) Humongous regions: 174->174
[2021-03-18T09:09:44.240+0000][24612][gc,metaspace ] GC(13) Metaspace: 84824K(90780K)->84824K(90780K) NonClass: 73801K(77340K)->73801K(77340K) Class: 11022K(13440K)->11022K(13440K)
[2021-03-18T09:09:44.240+0000][24612][gc           ] GC(13) Pause Young (Normal) (G1 Evacuation Pause) 736M->250M(1024M) 21.126ms
[2021-03-18T09:09:44.240+0000][24612][gc,cpu       ] GC(13) User=0.13s Sys=0.00s Real=0.02s
[2021-03-18T09:09:44.240+0000][24612][safepoint    ] Safepoint "G1CollectForAllocation", Time since last: 119845400 ns, Reaching safepoint: 127000 ns, At safepoint: 21314000 ns, Total: 21441000 ns
[2021-03-18T09:09:46.240+0000][24612][safepoint    ] Safepoint "Cleanup", Time since last: 1999835200 ns, Reaching safepoint: 116200 ns, At safepoint: 9200 ns, Total: 125400 ns
[2021-03-18T09:09:47.240+0000][24612][safepoint    ] Safepoint "Cleanup", Time since last: 1000388800 ns, Reaching safepoint: 144600 ns, At safepoint: 3700 ns, Total: 148300 ns
[2021-03-18T09:09:48.241+0000][24612][safepoint    ] Safepoint "Cleanup", Time since last: 1000466500 ns, Reaching safepoint: 168400 ns, At safepoint: 21000 ns, Total: 189400 ns
[2021-03-18T09:09:49.241+0000][24612][safepoint    ] Safepoint "Cleanup", Time since last: 1000127000 ns, Reaching safepoint: 116400 ns, At safepoint: 2400 ns, Total: 118800 ns
[2021-03-18T09:09:50.241+0000][24612][safepoint    ] Safepoint "Cleanup", Time since last: 1000061100 ns, Reaching safepoint: 145000 ns, At safepoint: 9300 ns, Total: 154300 ns
[2021-03-18T09:09:51.242+0000][24612][safepoint    ] Safepoint "Cleanup", Time since last: 1000744100 ns, Reaching safepoint: 110300 ns, At safepoint: 3300 ns, Total: 113600 ns
[2021-03-18T09:09:52.243+0000][24612][safepoint    ] Safepoint "Cleanup", Time since last: 1000466700 ns, Reaching safepoint: 123400 ns, At safepoint: 7900 ns, Total: 131300 ns
[2021-03-18T09:09:53.243+0000][24612][safepoint    ] Safepoint "Cleanup", Time since last: 1000208900 ns, Reaching safepoint: 181500 ns, At safepoint: 23500 ns, Total: 205000 ns
[2021-03-18T09:09:54.244+0000][24612][safepoint    ] Safepoint "Cleanup", Time since last: 1000633000 ns, Reaching safepoint: 133300 ns, At safepoint: 7300 ns, Total: 140600 ns
[2021-03-18T09:09:55.244+0000][24612][safepoint    ] Safepoint "Cleanup", Time since last: 1000120200 ns, Reaching safepoint: 111200 ns, At safepoint: 3000 ns, Total: 114200 ns
[2021-03-18T09:09:56.245+0000][24612][safepoint    ] Safepoint "Cleanup", Time since last: 1000968600 ns, Reaching safepoint: 427600 ns, At safepoint: 36800 ns, Total: 464400 ns
[2021-03-18T09:09:57.246+0000][24612][safepoint    ] Safepoint "Cleanup", Time since last: 1000695400 ns, Reaching safepoint: 490600 ns, At safepoint: 36800 ns, Total: 527400 ns
[2021-03-18T09:09:58.247+0000][24612][safepoint    ] Safepoint "Cleanup", Time since last: 1000505100 ns, Reaching safepoint: 101300 ns, At safepoint: 5100 ns, Total: 106400 ns
[2021-03-18T09:09:59.247+0000][24612][safepoint    ] Safepoint "Cleanup", Time since last: 1000243900 ns, Reaching safepoint: 274600 ns, At safepoint: 9200 ns, Total: 283800 ns
[2021-03-18T09:10:00.248+0000][24612][safepoint    ] Safepoint "Cleanup", Time since last: 1000203200 ns, Reaching safepoint: 349600 ns, At safepoint: 15700 ns, Total: 365300 ns
[2021-03-18T09:10:02.249+0000][24612][safepoint    ] Safepoint "Cleanup", Time since last: 2000776100 ns, Reaching safepoint: 186900 ns, At safepoint: 9200 ns, Total: 196100 ns
[2021-03-18T09:10:03.249+0000][24612][safepoint    ] Safepoint "Cleanup", Time since last: 1000109500 ns, Reaching safepoint: 149100 ns, At safepoint: 6800 ns, Total: 155900 ns
[2021-03-18T09:10:04.250+0000][24612][safepoint    ] Safepoint "Cleanup", Time since last: 1000578300 ns, Reaching safepoint: 242600 ns, At safepoint: 10800 ns, Total: 253400 ns
[2021-03-18T09:10:05.250+0000][24612][safepoint    ] Safepoint "Cleanup", Time since last: 1000574600 ns, Reaching safepoint: 142400 ns, At safepoint: 3600 ns, Total: 146000 ns
[2021-03-18T09:10:06.251+0000][24612][safepoint    ] Safepoint "Cleanup", Time since last: 1000540200 ns, Reaching safepoint: 127300 ns, At safepoint: 6100 ns, Total: 133400 ns
[2021-03-18T09:10:07.252+0000][24612][safepoint    ] Safepoint "Cleanup", Time since last: 1000492100 ns, Reaching safepoint: 113500 ns, At safepoint: 5400 ns, Total: 118900 ns
[2021-03-18T09:10:08.252+0000][24612][safepoint    ] Safepoint "Cleanup", Time since last: 1000129900 ns, Reaching safepoint: 103400 ns, At safepoint: 3000 ns, Total: 106400 ns
[2021-03-18T09:10:09.253+0000][24612][safepoint    ] Safepoint "Cleanup", Time since last: 1000776900 ns, Reaching safepoint: 162000 ns, At safepoint: 5800 ns, Total: 167800 ns
[2021-03-18T09:10:10.254+0000][24612][safepoint    ] Safepoint "Cleanup", Time since last: 1000721400 ns, Reaching safepoint: 139100 ns, At safepoint: 2600 ns, Total: 141700 ns
[2021-03-18T09:10:11.254+0000][24612][safepoint    ] Safepoint "Cleanup", Time since last: 1000772300 ns, Reaching safepoint: 142600 ns, At safepoint: 2600 ns, Total: 145200 ns
[2021-03-18T09:10:12.255+0000][24612][safepoint    ] Safepoint "Cleanup", Time since last: 1000472300 ns, Reaching safepoint: 120800 ns, At safepoint: 4800 ns, Total: 125600 ns
[2021-03-18T09:10:14.255+0000][24612][safepoint    ] Safepoint "Cleanup", Time since last: 2000511600 ns, Reaching safepoint: 200100 ns, At safepoint: 13400 ns, Total: 213500 ns
[2021-03-18T09:10:15.256+0000][24612][safepoint    ] Safepoint "Cleanup", Time since last: 1000683300 ns, Reaching safepoint: 137600 ns, At safepoint: 3700 ns, Total: 141300 ns
[2021-03-18T09:10:16.257+0000][24612][safepoint    ] Safepoint "Cleanup", Time since last: 1000188400 ns, Reaching safepoint: 387300 ns, At safepoint: 35500 ns, Total: 422800 ns
[2021-03-18T09:10:17.257+0000][24612][safepoint    ] Safepoint "Cleanup", Time since last: 1000016800 ns, Reaching safepoint: 143100 ns, At safepoint: 4000 ns, Total: 147100 ns
[2021-03-18T09:10:18.257+0000][24612][safepoint    ] Safepoint "Cleanup", Time since last: 1000205100 ns, Reaching safepoint: 124500 ns, At safepoint: 4900 ns, Total: 129400 ns
[2021-03-18T09:10:20.257+0000][24612][safepoint    ] Safepoint "Cleanup", Time since last: 2000158300 ns, Reaching safepoint: 118300 ns, At safepoint: 8000 ns, Total: 126300 ns
[2021-03-18T09:10:21.258+0000][24612][safepoint    ] Safepoint "Cleanup", Time since last: 1000455600 ns, Reaching safepoint: 113200 ns, At safepoint: 3200 ns, Total: 116400 ns
[2021-03-18T09:10:22.259+0000][24612][safepoint    ] Safepoint "Cleanup", Time since last: 1000568600 ns, Reaching safepoint: 204500 ns, At safepoint: 9700 ns, Total: 214200 ns
[2021-03-18T09:10:23.259+0000][24612][safepoint    ] Safepoint "Cleanup", Time since last: 1000032100 ns, Reaching safepoint: 160500 ns, At safepoint: 6400 ns, Total: 166900 ns
[2021-03-18T09:10:24.259+0000][24612][safepoint    ] Safepoint "Cleanup", Time since last: 1000423700 ns, Reaching safepoint: 220700 ns, At safepoint: 8300 ns, Total: 229000 ns
[2021-03-18T09:10:25.260+0000][24612][safepoint    ] Safepoint "Cleanup", Time since last: 1000640500 ns, Reaching safepoint: 153200 ns, At safepoint: 10000 ns, Total: 163200 ns
[2021-03-18T09:10:27.260+0000][24612][safepoint    ] Safepoint "Cleanup", Time since last: 1999973900 ns, Reaching safepoint: 191700 ns, At safepoint: 22900 ns, Total: 214600 ns
[2021-03-18T09:10:28.261+0000][24612][safepoint    ] Safepoint "Cleanup", Time since last: 1000617300 ns, Reaching safepoint: 187500 ns, At safepoint: 8000 ns, Total: 195500 ns
[2021-03-18T09:10:29.261+0000][24612][safepoint    ] Safepoint "Cleanup", Time since last: 1000297400 ns, Reaching safepoint: 141500 ns, At safepoint: 4900 ns, Total: 146400 ns
[2021-03-18T09:10:31.262+0000][24612][safepoint    ] Safepoint "Cleanup", Time since last: 2000256600 ns, Reaching safepoint: 315300 ns, At safepoint: 13700 ns, Total: 329000 ns
[2021-03-18T09:10:33.263+0000][24612][safepoint    ] Safepoint "Cleanup", Time since last: 2000800200 ns, Reaching safepoint: 131400 ns, At safepoint: 4400 ns, Total: 135800 ns
[2021-03-18T09:10:34.263+0000][24612][safepoint    ] Safepoint "Cleanup", Time since last: 1000556100 ns, Reaching safepoint: 798500 ns, At safepoint: 25400 ns, Total: 823900 ns
[2021-03-18T09:10:35.265+0000][24612][safepoint    ] Safepoint "Cleanup", Time since last: 1001091000 ns, Reaching safepoint: 156100 ns, At safepoint: 5000 ns, Total: 161100 ns
[2021-03-18T09:10:36.266+0000][24612][safepoint    ] Safepoint "Cleanup", Time since last: 1000676700 ns, Reaching safepoint: 154500 ns, At safepoint: 5400 ns, Total: 159900 ns
[2021-03-18T09:10:38.267+0000][24612][safepoint    ] Safepoint "Cleanup", Time since last: 2000520100 ns, Reaching safepoint: 134900 ns, At safepoint: 8300 ns, Total: 143200 ns
[2021-03-18T09:10:40.267+0000][24612][safepoint    ] Safepoint "Cleanup", Time since last: 1999950400 ns, Reaching safepoint: 179900 ns, At safepoint: 8200 ns, Total: 188100 ns
[2021-03-18T09:10:41.267+0000][24612][safepoint    ] Safepoint "Cleanup", Time since last: 1000485200 ns, Reaching safepoint: 258300 ns, At safepoint: 36600 ns, Total: 294900 ns
[2021-03-18T09:10:43.268+0000][24612][safepoint    ] Safepoint "Cleanup", Time since last: 2000809500 ns, Reaching safepoint: 173300 ns, At safepoint: 13900 ns, Total: 187200 ns
[2021-03-18T09:10:44.269+0000][24612][safepoint    ] Safepoint "Cleanup", Time since last: 1000348700 ns, Reaching safepoint: 176300 ns, At safepoint: 8400 ns, Total: 184700 ns
[2021-03-18T09:10:45.269+0000][24612][safepoint    ] Safepoint "Cleanup", Time since last: 1000115100 ns, Reaching safepoint: 150200 ns, At safepoint: 8400 ns, Total: 158600 ns
[2021-03-18T09:10:46.269+0000][24612][safepoint    ] Safepoint "Cleanup", Time since last: 1000110400 ns, Reaching safepoint: 108900 ns, At safepoint: 7800 ns, Total: 116700 ns
[2021-03-18T09:10:47.270+0000][24612][safepoint    ] Safepoint "Cleanup", Time since last: 1000546800 ns, Reaching safepoint: 184400 ns, At safepoint: 10500 ns, Total: 194900 ns
[2021-03-18T09:10:48.270+0000][24612][safepoint    ] Safepoint "Cleanup", Time since last: 1000513700 ns, Reaching safepoint: 128200 ns, At safepoint: 5600 ns, Total: 133800 ns
[2021-03-18T09:10:49.271+0000][24612][safepoint    ] Safepoint "Cleanup", Time since last: 1000884300 ns, Reaching safepoint: 124900 ns, At safepoint: 2400 ns, Total: 127300 ns
[2021-03-18T09:10:50.272+0000][24612][safepoint    ] Safepoint "Cleanup", Time since last: 1000660800 ns, Reaching safepoint: 96400 ns, At safepoint: 5900 ns, Total: 102300 ns
[2021-03-18T09:10:51.273+0000][24612][safepoint    ] Safepoint "Cleanup", Time since last: 1000927300 ns, Reaching safepoint: 336800 ns, At safepoint: 18100 ns, Total: 354900 ns
[2021-03-18T09:10:52.274+0000][24612][safepoint    ] Safepoint "Cleanup", Time since last: 1000501100 ns, Reaching safepoint: 129500 ns, At safepoint: 6600 ns, Total: 136100 ns
[2021-03-18T09:10:54.274+0000][24612][safepoint    ] Safepoint "Cleanup", Time since last: 2000412100 ns, Reaching safepoint: 423800 ns, At safepoint: 29700 ns, Total: 453500 ns
[2021-03-18T09:10:55.275+0000][24612][safepoint    ] Safepoint "Cleanup", Time since last: 1000068800 ns, Reaching safepoint: 127200 ns, At safepoint: 4400 ns, Total: 131600 ns
[2021-03-18T09:10:56.275+0000][24612][safepoint    ] Safepoint "Cleanup", Time since last: 1000205100 ns, Reaching safepoint: 176300 ns, At safepoint: 8000 ns, Total: 184300 ns
[2021-03-18T09:10:57.276+0000][24612][safepoint    ] Safepoint "Cleanup", Time since last: 1000403200 ns, Reaching safepoint: 131700 ns, At safepoint: 4700 ns, Total: 136400 ns
[2021-03-18T09:10:58.276+0000][24612][safepoint    ] Safepoint "Cleanup", Time since last: 1000335600 ns, Reaching safepoint: 141900 ns, At safepoint: 5400 ns, Total: 147300 ns
[2021-03-18T09:10:59.276+0000][24612][safepoint    ] Safepoint "Cleanup", Time since last: 1000139100 ns, Reaching safepoint: 142800 ns, At safepoint: 6100 ns, Total: 148900 ns
[2021-03-18T09:11:00.277+0000][24612][safepoint    ] Safepoint "Cleanup", Time since last: 1000733700 ns, Reaching safepoint: 626100 ns, At safepoint: 40900 ns, Total: 667000 ns
[2021-03-18T09:11:01.279+0000][24612][safepoint    ] Safepoint "Cleanup", Time since last: 1001333700 ns, Reaching safepoint: 171800 ns, At safepoint: 11000 ns, Total: 182800 ns
[2021-03-18T09:11:02.280+0000][24612][safepoint    ] Safepoint "Cleanup", Time since last: 1000992600 ns, Reaching safepoint: 177400 ns, At safepoint: 11900 ns, Total: 189300 ns
[2021-03-18T09:11:03.281+0000][24612][safepoint    ] Safepoint "Cleanup", Time since last: 1000381400 ns, Reaching safepoint: 97000 ns, At safepoint: 3300 ns, Total: 100300 ns
[2021-03-18T09:11:04.282+0000][24612][safepoint    ] Safepoint "Cleanup", Time since last: 1001006400 ns, Reaching safepoint: 167500 ns, At safepoint: 11500 ns, Total: 179000 ns
[2021-03-18T09:11:05.282+0000][24612][safepoint    ] Safepoint "Cleanup", Time since last: 1000109100 ns, Reaching safepoint: 241000 ns, At safepoint: 16900 ns, Total: 257900 ns
[2021-03-18T09:11:06.283+0000][24612][safepoint    ] Safepoint "Cleanup", Time since last: 1000203800 ns, Reaching safepoint: 139900 ns, At safepoint: 3400 ns, Total: 143300 ns
[2021-03-18T09:11:08.039+0000][24612][safepoint    ] Safepoint "Cleanup", Time since last: 1756034800 ns, Reaching safepoint: 240800 ns, At safepoint: 11900 ns, Total: 252700 ns
[2021-03-18T09:11:09.040+0000][24612][safepoint    ] Safepoint "Cleanup", Time since last: 1000905200 ns, Reaching safepoint: 129600 ns, At safepoint: 6300 ns, Total: 135900 ns
[2021-03-18T09:11:10.041+0000][24612][safepoint    ] Safepoint "Cleanup", Time since last: 1000824300 ns, Reaching safepoint: 144300 ns, At safepoint: 9700 ns, Total: 154000 ns
[2021-03-18T09:11:11.042+0000][24612][safepoint    ] Safepoint "Cleanup", Time since last: 1000616500 ns, Reaching safepoint: 1054600 ns, At safepoint: 20100 ns, Total: 1074700 ns
[2021-03-18T09:11:13.043+0000][24612][safepoint    ] Safepoint "Cleanup", Time since last: 2000575700 ns, Reaching safepoint: 100200 ns, At safepoint: 5200 ns, Total: 105400 ns
[2021-03-18T09:11:14.043+0000][24612][safepoint    ] Safepoint "Cleanup", Time since last: 1000100700 ns, Reaching safepoint: 140600 ns, At safepoint: 4100 ns, Total: 144700 ns
[2021-03-18T09:11:15.044+0000][24612][safepoint    ] Safepoint "Cleanup", Time since last: 1000799800 ns, Reaching safepoint: 217100 ns, At safepoint: 7100 ns, Total: 224200 ns
[2021-03-18T09:11:16.044+0000][24612][safepoint    ] Safepoint "Cleanup", Time since last: 1000336200 ns, Reaching safepoint: 186500 ns, At safepoint: 36800 ns, Total: 223300 ns
[2021-03-18T09:11:17.045+0000][24612][safepoint    ] Safepoint "Cleanup", Time since last: 1000379000 ns, Reaching safepoint: 406000 ns, At safepoint: 121900 ns, Total: 527900 ns
[2021-03-18T09:11:19.045+0000][24612][safepoint    ] Safepoint "Cleanup", Time since last: 1999930900 ns, Reaching safepoint: 183900 ns, At safepoint: 62300 ns, Total: 246200 ns
[2021-03-18T09:11:20.046+0000][24612][safepoint    ] Safepoint "Cleanup", Time since last: 1000327600 ns, Reaching safepoint: 196800 ns, At safepoint: 28000 ns, Total: 224800 ns
[2021-03-18T09:11:21.047+0000][24612][safepoint    ] Safepoint "Cleanup", Time since last: 1000965500 ns, Reaching safepoint: 210300 ns, At safepoint: 12700 ns, Total: 223000 ns
[2021-03-18T09:11:22.047+0000][24612][safepoint    ] Safepoint "Cleanup", Time since last: 1000079600 ns, Reaching safepoint: 405600 ns, At safepoint: 121300 ns, Total: 526900 ns
[2021-03-18T09:11:24.048+0000][24612][safepoint    ] Safepoint "Cleanup", Time since last: 2000166200 ns, Reaching safepoint: 110900 ns, At safepoint: 3900 ns, Total: 114800 ns
[2021-03-18T09:11:25.048+0000][24612][safepoint    ] Safepoint "Cleanup", Time since last: 1000128300 ns, Reaching safepoint: 155700 ns, At safepoint: 5800 ns, Total: 161500 ns
[2021-03-18T09:11:26.048+0000][24612][safepoint    ] Safepoint "Cleanup", Time since last: 1000138900 ns, Reaching safepoint: 386200 ns, At safepoint: 26900 ns, Total: 413100 ns
[2021-03-18T09:11:27.049+0000][24612][safepoint    ] Safepoint "Cleanup", Time since last: 1000069800 ns, Reaching safepoint: 333200 ns, At safepoint: 19300 ns, Total: 352500 ns
[2021-03-18T09:11:28.084+0000][24612][safepoint    ] Safepoint "Cleanup", Time since last: 1034849200 ns, Reaching safepoint: 361900 ns, At safepoint: 155900 ns, Total: 517800 ns
[2021-03-18T09:11:29.085+0000][24612][safepoint    ] Safepoint "Cleanup", Time since last: 1000158800 ns, Reaching safepoint: 140100 ns, At safepoint: 66300 ns, Total: 206400 ns
[2021-03-18T09:11:30.085+0000][24612][safepoint    ] Safepoint "Cleanup", Time since last: 1000318800 ns, Reaching safepoint: 139600 ns, At safepoint: 71400 ns, Total: 211000 ns
[2021-03-18T09:11:31.085+0000][24612][safepoint    ] Safepoint "Cleanup", Time since last: 1000325700 ns, Reaching safepoint: 156200 ns, At safepoint: 62000 ns, Total: 218200 ns
[2021-03-18T09:11:32.086+0000][24612][safepoint    ] Safepoint "Cleanup", Time since last: 1000450400 ns, Reaching safepoint: 222000 ns, At safepoint: 12800 ns, Total: 234800 ns
[2021-03-18T09:11:33.086+0000][24612][safepoint    ] Safepoint "Cleanup", Time since last: 1000160700 ns, Reaching safepoint: 448400 ns, At safepoint: 129600 ns, Total: 578000 ns
[2021-03-18T09:11:34.087+0000][24612][safepoint    ] Safepoint "Cleanup", Time since last: 1000317200 ns, Reaching safepoint: 127500 ns, At safepoint: 57400 ns, Total: 184900 ns
[2021-03-18T09:11:35.088+0000][24612][safepoint    ] Safepoint "Cleanup", Time since last: 1000754400 ns, Reaching safepoint: 264200 ns, At safepoint: 112100 ns, Total: 376300 ns
[2021-03-18T09:11:36.089+0000][24612][safepoint    ] Safepoint "Cleanup", Time since last: 1000502100 ns, Reaching safepoint: 359200 ns, At safepoint: 20300 ns, Total: 379500 ns
[2021-03-18T09:11:37.090+0000][24612][safepoint    ] Safepoint "Cleanup", Time since last: 1001156000 ns, Reaching safepoint: 198400 ns, At safepoint: 88400 ns, Total: 286800 ns
[2021-03-18T09:11:39.091+0000][24612][safepoint    ] Safepoint "Cleanup", Time since last: 2000234100 ns, Reaching safepoint: 127900 ns, At safepoint: 6600 ns, Total: 134500 ns
[2021-03-18T09:11:40.091+0000][24612][safepoint    ] Safepoint "Cleanup", Time since last: 1000154600 ns, Reaching safepoint: 381700 ns, At safepoint: 22400 ns, Total: 404100 ns
[2021-03-18T09:11:42.092+0000][24612][safepoint    ] Safepoint "Cleanup", Time since last: 2000226800 ns, Reaching safepoint: 333900 ns, At safepoint: 19300 ns, Total: 353200 ns
[2021-03-18T09:11:43.093+0000][24612][safepoint    ] Safepoint "Cleanup", Time since last: 1000921500 ns, Reaching safepoint: 381200 ns, At safepoint: 16500 ns, Total: 397700 ns
[2021-03-18T09:11:44.094+0000][24612][safepoint    ] Safepoint "Cleanup", Time since last: 1001192600 ns, Reaching safepoint: 135000 ns, At safepoint: 7200 ns, Total: 142200 ns
[2021-03-18T09:11:45.095+0000][24612][safepoint    ] Safepoint "Cleanup", Time since last: 1000248200 ns, Reaching safepoint: 144800 ns, At safepoint: 4500 ns, Total: 149300 ns
[2021-03-18T09:11:46.096+0000][24612][safepoint    ] Safepoint "Cleanup", Time since last: 1000802100 ns, Reaching safepoint: 189300 ns, At safepoint: 10100 ns, Total: 199400 ns
[2021-03-18T09:11:48.096+0000][24612][safepoint    ] Safepoint "Cleanup", Time since last: 2000323100 ns, Reaching safepoint: 133800 ns, At safepoint: 6100 ns, Total: 139900 ns
[2021-03-18T09:11:49.097+0000][24612][safepoint    ] Safepoint "Cleanup", Time since last: 1000661300 ns, Reaching safepoint: 128900 ns, At safepoint: 3500 ns, Total: 132400 ns
[2021-03-18T09:11:50.097+0000][24612][safepoint    ] Safepoint "Cleanup", Time since last: 1000330500 ns, Reaching safepoint: 360700 ns, At safepoint: 26100 ns, Total: 386800 ns
[2021-03-18T09:11:51.544+0000][24612][safepoint    ] Safepoint "Cleanup", Time since last: 1445974500 ns, Reaching safepoint: 159100 ns, At safepoint: 47200 ns, Total: 206300 ns
[2021-03-18T09:11:52.544+0000][24612][safepoint    ] Safepoint "Cleanup", Time since last: 1000005000 ns, Reaching safepoint: 97700 ns, At safepoint: 3200 ns, Total: 100900 ns
[2021-03-18T09:11:53.545+0000][24612][safepoint    ] Safepoint "Cleanup", Time since last: 1001018300 ns, Reaching safepoint: 296500 ns, At safepoint: 15300 ns, Total: 311800 ns
[2021-03-18T09:11:54.546+0000][24612][safepoint    ] Safepoint "Cleanup", Time since last: 1000448800 ns, Reaching safepoint: 85300 ns, At safepoint: 2400 ns, Total: 87700 ns
[2021-03-18T09:11:55.546+0000][24612][safepoint    ] Safepoint "Cleanup", Time since last: 1000718700 ns, Reaching safepoint: 109100 ns, At safepoint: 2800 ns, Total: 111900 ns
[2021-03-18T09:11:56.547+0000][24612][safepoint    ] Safepoint "Cleanup", Time since last: 1000534800 ns, Reaching safepoint: 176200 ns, At safepoint: 4700 ns, Total: 180900 ns
[2021-03-18T09:11:57.547+0000][24612][safepoint    ] Safepoint "Cleanup", Time since last: 1000014200 ns, Reaching safepoint: 412300 ns, At safepoint: 22600 ns, Total: 434900 ns
[2021-03-18T09:11:59.548+0000][24612][safepoint    ] Safepoint "Cleanup", Time since last: 2000356700 ns, Reaching safepoint: 346300 ns, At safepoint: 19000 ns, Total: 365300 ns
[2021-03-18T09:12:01.549+0000][24612][safepoint    ] Safepoint "Cleanup", Time since last: 2000710500 ns, Reaching safepoint: 168200 ns, At safepoint: 11700 ns, Total: 179900 ns
[2021-03-18T09:12:02.549+0000][24612][safepoint    ] Safepoint "Cleanup", Time since last: 1000216600 ns, Reaching safepoint: 381000 ns, At safepoint: 20900 ns, Total: 401900 ns
[2021-03-18T09:12:04.550+0000][24612][safepoint    ] Safepoint "Cleanup", Time since last: 2000243300 ns, Reaching safepoint: 199300 ns, At safepoint: 13800 ns, Total: 213100 ns
[2021-03-18T09:12:06.550+0000][24612][safepoint    ] Safepoint "Cleanup", Time since last: 2000410800 ns, Reaching safepoint: 153000 ns, At safepoint: 7500 ns, Total: 160500 ns
[2021-03-18T09:12:08.551+0000][24612][safepoint    ] Safepoint "Cleanup", Time since last: 2000626400 ns, Reaching safepoint: 324700 ns, At safepoint: 13000 ns, Total: 337700 ns
[2021-03-18T09:12:09.551+0000][24612][safepoint    ] Safepoint "Cleanup", Time since last: 1000155700 ns, Reaching safepoint: 381200 ns, At safepoint: 20600 ns, Total: 401800 ns
[2021-03-18T09:12:10.552+0000][24612][safepoint    ] Safepoint "Cleanup", Time since last: 1000746400 ns, Reaching safepoint: 164900 ns, At safepoint: 6100 ns, Total: 171000 ns
[2021-03-18T09:12:11.553+0000][24612][safepoint    ] Safepoint "Cleanup", Time since last: 1000812300 ns, Reaching safepoint: 189200 ns, At safepoint: 7200 ns, Total: 196400 ns
[2021-03-18T09:12:12.554+0000][24612][safepoint    ] Safepoint "Cleanup", Time since last: 1000211600 ns, Reaching safepoint: 128600 ns, At safepoint: 3500 ns, Total: 132100 ns
[2021-03-18T09:12:13.554+0000][24612][safepoint    ] Safepoint "Cleanup", Time since last: 1000516700 ns, Reaching safepoint: 323600 ns, At safepoint: 23500 ns, Total: 347100 ns
[2021-03-18T09:12:15.556+0000][24612][safepoint    ] Safepoint "Cleanup", Time since last: 2001106700 ns, Reaching safepoint: 148000 ns, At safepoint: 5900 ns, Total: 153900 ns
[2021-03-18T09:12:16.556+0000][24612][safepoint    ] Safepoint "Cleanup", Time since last: 1000121200 ns, Reaching safepoint: 522600 ns, At safepoint: 29200 ns, Total: 551800 ns
[2021-03-18T09:12:18.556+0000][24612][safepoint    ] Safepoint "Cleanup", Time since last: 2000253900 ns, Reaching safepoint: 485200 ns, At safepoint: 29900 ns, Total: 515100 ns
[2021-03-18T09:12:20.557+0000][24612][safepoint    ] Safepoint "Cleanup", Time since last: 2000605400 ns, Reaching safepoint: 152600 ns, At safepoint: 7300 ns, Total: 159900 ns
[2021-03-18T09:12:21.559+0000][24612][safepoint    ] Safepoint "Cleanup", Time since last: 1001032100 ns, Reaching safepoint: 207400 ns, At safepoint: 12500 ns, Total: 219900 ns
[2021-03-18T09:12:22.559+0000][24612][safepoint    ] Safepoint "Cleanup", Time since last: 1000227600 ns, Reaching safepoint: 415300 ns, At safepoint: 25100 ns, Total: 440400 ns
[2021-03-18T09:12:23.560+0000][24612][safepoint    ] Safepoint "Cleanup", Time since last: 1000408100 ns, Reaching safepoint: 148300 ns, At safepoint: 6000 ns, Total: 154300 ns
[2021-03-18T09:12:24.560+0000][24612][safepoint    ] Safepoint "Cleanup", Time since last: 1000202600 ns, Reaching safepoint: 317900 ns, At safepoint: 18300 ns, Total: 336200 ns
[2021-03-18T09:12:25.561+0000][24612][safepoint    ] Safepoint "Cleanup", Time since last: 1000781100 ns, Reaching safepoint: 192200 ns, At safepoint: 9300 ns, Total: 201500 ns
[2021-03-18T09:12:26.562+0000][24612][safepoint    ] Safepoint "Cleanup", Time since last: 1000459000 ns, Reaching safepoint: 435200 ns, At safepoint: 23900 ns, Total: 459100 ns
[2021-03-18T09:12:27.562+0000][24612][safepoint    ] Safepoint "Cleanup", Time since last: 1000136400 ns, Reaching safepoint: 440600 ns, At safepoint: 31900 ns, Total: 472500 ns
[2021-03-18T09:12:28.564+0000][24612][safepoint    ] Safepoint "Cleanup", Time since last: 1000880900 ns, Reaching safepoint: 432600 ns, At safepoint: 26200 ns, Total: 458800 ns
[2021-03-18T09:12:30.564+0000][24612][safepoint    ] Safepoint "Cleanup", Time since last: 1999796200 ns, Reaching safepoint: 216000 ns, At safepoint: 13700 ns, Total: 229700 ns
[2021-03-18T09:12:32.565+0000][24612][safepoint    ] Safepoint "Cleanup", Time since last: 2000940600 ns, Reaching safepoint: 377500 ns, At safepoint: 13600 ns, Total: 391100 ns
[2021-03-18T09:12:33.565+0000][24612][safepoint    ] Safepoint "Cleanup", Time since last: 1000187100 ns, Reaching safepoint: 346700 ns, At safepoint: 19100 ns, Total: 365800 ns
[2021-03-18T09:12:34.566+0000][24612][safepoint    ] Safepoint "Cleanup", Time since last: 1000749900 ns, Reaching safepoint: 198400 ns, At safepoint: 5900 ns, Total: 204300 ns
[2021-03-18T09:12:35.567+0000][24612][safepoint    ] Safepoint "Cleanup", Time since last: 1000607000 ns, Reaching safepoint: 342800 ns, At safepoint: 13600 ns, Total: 356400 ns
[2021-03-18T09:12:36.568+0000][24612][safepoint    ] Safepoint "Cleanup", Time since last: 1000301900 ns, Reaching safepoint: 145900 ns, At safepoint: 4300 ns, Total: 150200 ns
[2021-03-18T09:12:38.127+0000][24612][safepoint    ] Safepoint "Cleanup", Time since last: 1559056600 ns, Reaching safepoint: 123000 ns, At safepoint: 6900 ns, Total: 129900 ns
[2021-03-18T09:12:39.127+0000][24612][safepoint    ] Safepoint "Cleanup", Time since last: 1000153400 ns, Reaching safepoint: 91600 ns, At safepoint: 5900 ns, Total: 97500 ns
[2021-03-18T09:12:40.127+0000][24612][safepoint    ] Safepoint "Cleanup", Time since last: 1000219900 ns, Reaching safepoint: 186000 ns, At safepoint: 7400 ns, Total: 193400 ns
[2021-03-18T09:12:41.128+0000][24612][safepoint    ] Safepoint "Cleanup", Time since last: 1000593800 ns, Reaching safepoint: 583100 ns, At safepoint: 25100 ns, Total: 608200 ns
[2021-03-18T09:12:42.129+0000][24612][safepoint    ] Safepoint "Cleanup", Time since last: 1000091300 ns, Reaching safepoint: 367400 ns, At safepoint: 18100 ns, Total: 385500 ns
[2021-03-18T09:12:43.130+0000][24612][safepoint    ] Safepoint "Cleanup", Time since last: 1000562100 ns, Reaching safepoint: 341600 ns, At safepoint: 21300 ns, Total: 362900 ns
[2021-03-18T09:12:44.130+0000][24612][safepoint    ] Safepoint "Cleanup", Time since last: 1000052500 ns, Reaching safepoint: 112400 ns, At safepoint: 5600 ns, Total: 118000 ns
[2021-03-18T09:12:45.130+0000][24612][safepoint    ] Safepoint "Cleanup", Time since last: 1000142400 ns, Reaching safepoint: 215200 ns, At safepoint: 6800 ns, Total: 222000 ns
[2021-03-18T09:12:46.131+0000][24612][safepoint    ] Safepoint "Cleanup", Time since last: 1000504300 ns, Reaching safepoint: 376900 ns, At safepoint: 19700 ns, Total: 396600 ns
[2021-03-18T09:12:48.132+0000][24612][safepoint    ] Safepoint "Cleanup", Time since last: 2000314600 ns, Reaching safepoint: 326300 ns, At safepoint: 18800 ns, Total: 345100 ns
[2021-03-18T09:12:50.132+0000][24612][safepoint    ] Safepoint "Cleanup", Time since last: 1999975100 ns, Reaching safepoint: 209100 ns, At safepoint: 8300 ns, Total: 217400 ns
[2021-03-18T09:12:51.132+0000][24612][safepoint    ] Safepoint "Cleanup", Time since last: 1000541400 ns, Reaching safepoint: 244100 ns, At safepoint: 8900 ns, Total: 253000 ns
[2021-03-18T09:12:52.133+0000][24612][safepoint    ] Safepoint "Cleanup", Time since last: 1000486600 ns, Reaching safepoint: 109400 ns, At safepoint: 3600 ns, Total: 113000 ns
[2021-03-18T09:12:53.134+0000][24612][safepoint    ] Safepoint "Cleanup", Time since last: 1000387000 ns, Reaching safepoint: 131900 ns, At safepoint: 5900 ns, Total: 137800 ns
[2021-03-18T09:12:54.134+0000][24612][safepoint    ] Safepoint "Cleanup", Time since last: 1000157400 ns, Reaching safepoint: 276000 ns, At safepoint: 15500 ns, Total: 291500 ns
[2021-03-18T09:12:56.135+0000][24612][safepoint    ] Safepoint "Cleanup", Time since last: 2000705800 ns, Reaching safepoint: 120300 ns, At safepoint: 5100 ns, Total: 125400 ns
[2021-03-18T09:12:57.135+0000][24612][safepoint    ] Safepoint "Cleanup", Time since last: 1000155700 ns, Reaching safepoint: 113900 ns, At safepoint: 7300 ns, Total: 121200 ns
[2021-03-18T09:12:58.135+0000][24612][safepoint    ] Safepoint "Cleanup", Time since last: 1000222600 ns, Reaching safepoint: 361200 ns, At safepoint: 15500 ns, Total: 376700 ns
[2021-03-18T09:13:00.136+0000][24612][safepoint    ] Safepoint "Cleanup", Time since last: 2000334500 ns, Reaching safepoint: 185500 ns, At safepoint: 9500 ns, Total: 195000 ns
[2021-03-18T09:13:01.137+0000][24612][safepoint    ] Safepoint "Cleanup", Time since last: 1000509100 ns, Reaching safepoint: 183600 ns, At safepoint: 11800 ns, Total: 195400 ns
[2021-03-18T09:13:02.137+0000][24612][safepoint    ] Safepoint "Cleanup", Time since last: 1000479200 ns, Reaching safepoint: 148000 ns, At safepoint: 7300 ns, Total: 155300 ns
[2021-03-18T09:13:03.138+0000][24612][safepoint    ] Safepoint "Cleanup", Time since last: 1000606200 ns, Reaching safepoint: 214600 ns, At safepoint: 12300 ns, Total: 226900 ns
[2021-03-18T09:13:05.138+0000][24612][safepoint    ] Safepoint "Cleanup", Time since last: 1999847500 ns, Reaching safepoint: 349800 ns, At safepoint: 15100 ns, Total: 364900 ns
[2021-03-18T09:13:06.139+0000][24612][safepoint    ] Safepoint "Cleanup", Time since last: 1000834400 ns, Reaching safepoint: 355700 ns, At safepoint: 18200 ns, Total: 373900 ns
[2021-03-18T09:13:07.141+0000][24612][safepoint    ] Safepoint "Cleanup", Time since last: 1001299100 ns, Reaching safepoint: 404800 ns, At safepoint: 24600 ns, Total: 429400 ns
[2021-03-18T09:13:08.141+0000][24612][safepoint    ] Safepoint "Cleanup", Time since last: 1000222500 ns, Reaching safepoint: 138300 ns, At safepoint: 4200 ns, Total: 142500 ns
[2021-03-18T09:13:10.142+0000][24612][safepoint    ] Safepoint "Cleanup", Time since last: 2000663500 ns, Reaching safepoint: 368500 ns, At safepoint: 14000 ns, Total: 382500 ns
[2021-03-18T09:13:12.143+0000][24612][safepoint    ] Safepoint "Cleanup", Time since last: 2000303000 ns, Reaching safepoint: 121700 ns, At safepoint: 7000 ns, Total: 128700 ns
[2021-03-18T09:13:13.143+0000][24612][safepoint    ] Safepoint "Cleanup", Time since last: 1000228900 ns, Reaching safepoint: 273800 ns, At safepoint: 10500 ns, Total: 284300 ns
[2021-03-18T09:13:15.143+0000][24612][safepoint    ] Safepoint "Cleanup", Time since last: 2000320600 ns, Reaching safepoint: 303600 ns, At safepoint: 10800 ns, Total: 314400 ns
[2021-03-18T09:13:16.144+0000][24612][safepoint    ] Safepoint "Cleanup", Time since last: 1000606400 ns, Reaching safepoint: 259200 ns, At safepoint: 14800 ns, Total: 274000 ns
[2021-03-18T09:13:17.145+0000][24612][safepoint    ] Safepoint "Cleanup", Time since last: 1000892000 ns, Reaching safepoint: 260600 ns, At safepoint: 14400 ns, Total: 275000 ns
[2021-03-18T09:13:18.146+0000][24612][safepoint    ] Safepoint "Cleanup", Time since last: 1000082700 ns, Reaching safepoint: 146500 ns, At safepoint: 7100 ns, Total: 153600 ns
[2021-03-18T09:13:19.147+0000][24612][safepoint    ] Safepoint "Cleanup", Time since last: 1000894700 ns, Reaching safepoint: 129100 ns, At safepoint: 6700 ns, Total: 135800 ns
[2021-03-18T09:13:20.148+0000][24612][safepoint    ] Safepoint "Cleanup", Time since last: 1001010300 ns, Reaching safepoint: 136300 ns, At safepoint: 5300 ns, Total: 141600 ns
[2021-03-18T09:13:21.149+0000][24612][safepoint    ] Safepoint "Cleanup", Time since last: 1000731100 ns, Reaching safepoint: 340100 ns, At safepoint: 23200 ns, Total: 363300 ns
[2021-03-18T09:13:22.149+0000][24612][safepoint    ] Safepoint "Cleanup", Time since last: 1000409800 ns, Reaching safepoint: 430000 ns, At safepoint: 24500 ns, Total: 454500 ns
[2021-03-18T09:13:23.150+0000][24612][safepoint    ] Safepoint "Cleanup", Time since last: 1000088300 ns, Reaching safepoint: 243300 ns, At safepoint: 8800 ns, Total: 252100 ns
[2021-03-18T09:13:24.151+0000][24612][safepoint    ] Safepoint "Cleanup", Time since last: 1000834800 ns, Reaching safepoint: 142500 ns, At safepoint: 5900 ns, Total: 148400 ns
[2021-03-18T09:13:25.151+0000][24612][safepoint    ] Safepoint "Cleanup", Time since last: 1000536800 ns, Reaching safepoint: 153700 ns, At safepoint: 13500 ns, Total: 167200 ns
[2021-03-18T09:13:26.152+0000][24612][safepoint    ] Safepoint "Cleanup", Time since last: 1000016500 ns, Reaching safepoint: 126400 ns, At safepoint: 3400 ns, Total: 129800 ns
[2021-03-18T09:13:28.079+0000][24612][safepoint    ] Safepoint "Cleanup", Time since last: 1927947200 ns, Reaching safepoint: 445700 ns, At safepoint: 46500 ns, Total: 492200 ns
[2021-03-18T09:13:30.080+0000][24612][safepoint    ] Safepoint "Cleanup", Time since last: 1999949900 ns, Reaching safepoint: 265000 ns, At safepoint: 14700 ns, Total: 279700 ns
[2021-03-18T09:13:32.081+0000][24612][safepoint    ] Safepoint "Cleanup", Time since last: 2000838300 ns, Reaching safepoint: 350800 ns, At safepoint: 144700 ns, Total: 495500 ns
[2021-03-18T09:13:33.083+0000][24612][safepoint    ] Safepoint "Cleanup", Time since last: 1001201700 ns, Reaching safepoint: 393400 ns, At safepoint: 23800 ns, Total: 417200 ns
[2021-03-18T09:13:35.083+0000][24612][safepoint    ] Safepoint "Cleanup", Time since last: 2000368000 ns, Reaching safepoint: 380400 ns, At safepoint: 14600 ns, Total: 395000 ns
[2021-03-18T09:13:37.084+0000][24612][safepoint    ] Safepoint "Cleanup", Time since last: 2000661500 ns, Reaching safepoint: 438900 ns, At safepoint: 28200 ns, Total: 467100 ns
[2021-03-18T09:13:38.085+0000][24612][safepoint    ] Safepoint "Cleanup", Time since last: 1000778900 ns, Reaching safepoint: 392100 ns, At safepoint: 154600 ns, Total: 546700 ns
[2021-03-18T09:13:40.086+0000][24612][safepoint    ] Safepoint "Cleanup", Time since last: 1999989400 ns, Reaching safepoint: 271800 ns, At safepoint: 103200 ns, Total: 375000 ns
[2021-03-18T09:13:42.086+0000][24612][safepoint    ] Safepoint "Cleanup", Time since last: 2000059400 ns, Reaching safepoint: 394900 ns, At safepoint: 80500 ns, Total: 475400 ns
[2021-03-18T09:13:43.087+0000][24612][safepoint    ] Safepoint "Cleanup", Time since last: 1000822100 ns, Reaching safepoint: 383700 ns, At safepoint: 20300 ns, Total: 404000 ns
[2021-03-18T09:13:45.088+0000][24612][safepoint    ] Safepoint "Cleanup", Time since last: 2000180400 ns, Reaching safepoint: 447900 ns, At safepoint: 24500 ns, Total: 472400 ns
[2021-03-18T09:13:46.089+0000][24612][safepoint    ] Safepoint "Cleanup", Time since last: 1000465300 ns, Reaching safepoint: 133100 ns, At safepoint: 4600 ns, Total: 137700 ns
[2021-03-18T09:13:47.089+0000][24612][safepoint    ] Safepoint "Cleanup", Time since last: 1000352300 ns, Reaching safepoint: 378100 ns, At safepoint: 22900 ns, Total: 401000 ns
[2021-03-18T09:13:48.090+0000][24612][safepoint    ] Safepoint "Cleanup", Time since last: 1000491600 ns, Reaching safepoint: 203200 ns, At safepoint: 10100 ns, Total: 213300 ns
[2021-03-18T09:13:49.090+0000][24612][safepoint    ] Safepoint "Cleanup", Time since last: 1000217400 ns, Reaching safepoint: 415700 ns, At safepoint: 24400 ns, Total: 440100 ns
[2021-03-18T09:13:50.091+0000][24612][safepoint    ] Safepoint "Cleanup", Time since last: 1000207300 ns, Reaching safepoint: 141700 ns, At safepoint: 3400 ns, Total: 145100 ns
[2021-03-18T09:13:51.091+0000][24612][safepoint    ] Safepoint "Cleanup", Time since last: 1000041100 ns, Reaching safepoint: 224000 ns, At safepoint: 11200 ns, Total: 235200 ns
[2021-03-18T09:13:52.092+0000][24612][safepoint    ] Safepoint "Cleanup", Time since last: 1000161100 ns, Reaching safepoint: 219500 ns, At safepoint: 10100 ns, Total: 229600 ns
[2021-03-18T09:13:53.092+0000][24612][safepoint    ] Safepoint "Cleanup", Time since last: 1000121800 ns, Reaching safepoint: 133900 ns, At safepoint: 9300 ns, Total: 143200 ns
[2021-03-18T09:13:54.092+0000][24612][safepoint    ] Safepoint "Cleanup", Time since last: 1000292200 ns, Reaching safepoint: 127600 ns, At safepoint: 3800 ns, Total: 131400 ns
[2021-03-18T09:13:55.093+0000][24612][safepoint    ] Safepoint "Cleanup", Time since last: 1000644900 ns, Reaching safepoint: 177900 ns, At safepoint: 5700 ns, Total: 183600 ns
[2021-03-18T09:13:57.094+0000][24612][safepoint    ] Safepoint "Cleanup", Time since last: 2000823900 ns, Reaching safepoint: 366500 ns, At safepoint: 14800 ns, Total: 381300 ns
[2021-03-18T09:13:58.095+0000][24612][safepoint    ] Safepoint "Cleanup", Time since last: 1000441700 ns, Reaching safepoint: 177200 ns, At safepoint: 7500 ns, Total: 184700 ns
[2021-03-18T09:13:59.095+0000][24612][safepoint    ] Safepoint "Cleanup", Time since last: 1000449400 ns, Reaching safepoint: 401100 ns, At safepoint: 36100 ns, Total: 437200 ns
[2021-03-18T09:14:01.096+0000][24612][safepoint    ] Safepoint "Cleanup", Time since last: 2000189000 ns, Reaching safepoint: 242200 ns, At safepoint: 19600 ns, Total: 261800 ns
[2021-03-18T09:14:02.096+0000][24612][safepoint    ] Safepoint "Cleanup", Time since last: 1000193400 ns, Reaching safepoint: 122800 ns, At safepoint: 6700 ns, Total: 129500 ns
[2021-03-18T09:14:03.097+0000][24612][safepoint    ] Safepoint "Cleanup", Time since last: 1000729400 ns, Reaching safepoint: 121800 ns, At safepoint: 7100 ns, Total: 128900 ns
[2021-03-18T09:14:04.097+0000][24612][safepoint    ] Safepoint "Cleanup", Time since last: 1000087300 ns, Reaching safepoint: 128700 ns, At safepoint: 4300 ns, Total: 133000 ns
[2021-03-18T09:14:05.097+0000][24612][safepoint    ] Safepoint "Cleanup", Time since last: 1000163100 ns, Reaching safepoint: 98700 ns, At safepoint: 6700 ns, Total: 105400 ns
[2021-03-18T09:14:06.098+0000][24612][safepoint    ] Safepoint "Cleanup", Time since last: 1000368300 ns, Reaching safepoint: 151300 ns, At safepoint: 5900 ns, Total: 157200 ns
[2021-03-18T09:14:07.099+0000][24612][safepoint    ] Safepoint "Cleanup", Time since last: 1000846800 ns, Reaching safepoint: 167800 ns, At safepoint: 6900 ns, Total: 174700 ns
[2021-03-18T09:14:08.099+0000][24612][safepoint    ] Safepoint "Cleanup", Time since last: 1000359600 ns, Reaching safepoint: 375400 ns, At safepoint: 23800 ns, Total: 399200 ns
[2021-03-18T09:14:09.100+0000][24612][safepoint    ] Safepoint "Cleanup", Time since last: 1000036400 ns, Reaching safepoint: 556200 ns, At safepoint: 27000 ns, Total: 583200 ns
[2021-03-18T09:14:10.101+0000][24612][safepoint    ] Safepoint "Cleanup", Time since last: 1001281100 ns, Reaching safepoint: 165700 ns, At safepoint: 21800 ns, Total: 187500 ns
[2021-03-18T09:14:11.102+0000][24612][safepoint    ] Safepoint "Cleanup", Time since last: 1000620700 ns, Reaching safepoint: 256000 ns, At safepoint: 9400 ns, Total: 265400 ns
[2021-03-18T09:14:12.103+0000][24612][safepoint    ] Safepoint "Cleanup", Time since last: 1000394700 ns, Reaching safepoint: 384400 ns, At safepoint: 15800 ns, Total: 400200 ns
[2021-03-18T09:14:13.103+0000][24612][safepoint    ] Safepoint "Cleanup", Time since last: 1000287100 ns, Reaching safepoint: 366000 ns, At safepoint: 28400 ns, Total: 394400 ns
[2021-03-18T09:14:15.104+0000][24612][safepoint    ] Safepoint "Cleanup", Time since last: 2000677100 ns, Reaching safepoint: 147300 ns, At safepoint: 24000 ns, Total: 171300 ns
[2021-03-18T09:14:16.105+0000][24612][safepoint    ] Safepoint "Cleanup", Time since last: 1000274700 ns, Reaching safepoint: 113500 ns, At safepoint: 4800 ns, Total: 118300 ns
[2021-03-18T09:14:17.106+0000][24612][safepoint    ] Safepoint "Cleanup", Time since last: 1000972800 ns, Reaching safepoint: 250300 ns, At safepoint: 14400 ns, Total: 264700 ns
[2021-03-18T09:14:18.107+0000][24612][safepoint    ] Safepoint "Cleanup", Time since last: 1000814800 ns, Reaching safepoint: 389400 ns, At safepoint: 26700 ns, Total: 416100 ns
[2021-03-18T09:14:19.108+0000][24612][safepoint    ] Safepoint "Cleanup", Time since last: 1000406300 ns, Reaching safepoint: 162300 ns, At safepoint: 6400 ns, Total: 168700 ns
[2021-03-18T09:14:21.108+0000][24612][safepoint    ] Safepoint "Cleanup", Time since last: 2000431600 ns, Reaching safepoint: 171000 ns, At safepoint: 8900 ns, Total: 179900 ns
[2021-03-18T09:14:22.109+0000][24612][safepoint    ] Safepoint "Cleanup", Time since last: 1000439900 ns, Reaching safepoint: 218700 ns, At safepoint: 7100 ns, Total: 225800 ns
[2021-03-18T09:14:23.109+0000][24612][safepoint    ] Safepoint "Cleanup", Time since last: 1000244500 ns, Reaching safepoint: 177300 ns, At safepoint: 12600 ns, Total: 189900 ns
[2021-03-18T09:14:24.109+0000][24612][safepoint    ] Safepoint "Cleanup", Time since last: 1000104600 ns, Reaching safepoint: 186800 ns, At safepoint: 51900 ns, Total: 238700 ns
[2021-03-18T09:14:25.110+0000][24612][safepoint    ] Safepoint "Cleanup", Time since last: 1000870700 ns, Reaching safepoint: 174600 ns, At safepoint: 5700 ns, Total: 180300 ns
[2021-03-18T09:14:26.111+0000][24612][safepoint    ] Safepoint "Cleanup", Time since last: 1000385100 ns, Reaching safepoint: 372600 ns, At safepoint: 24600 ns, Total: 397200 ns
[2021-03-18T09:14:27.077+0000][24612][safepoint    ] Safepoint "BulkRevokeBias", Time since last: 965064000 ns, Reaching safepoint: 169100 ns, At safepoint: 1210800 ns, Total: 1379900 ns
[2021-03-18T09:14:28.078+0000][24612][safepoint    ] Safepoint "Cleanup", Time since last: 1000319700 ns, Reaching safepoint: 379000 ns, At safepoint: 25300 ns, Total: 404300 ns
[2021-03-18T09:14:30.079+0000][24612][safepoint    ] Safepoint "Cleanup", Time since last: 2000250800 ns, Reaching safepoint: 177100 ns, At safepoint: 55500 ns, Total: 232600 ns
[2021-03-18T09:14:31.079+0000][24612][safepoint    ] Safepoint "Cleanup", Time since last: 1000626900 ns, Reaching safepoint: 380500 ns, At safepoint: 80100 ns, Total: 460600 ns
[2021-03-18T09:14:33.080+0000][24612][safepoint    ] Safepoint "Cleanup", Time since last: 1999894300 ns, Reaching safepoint: 372000 ns, At safepoint: 146400 ns, Total: 518400 ns
[2021-03-18T09:14:34.081+0000][24612][safepoint    ] Safepoint "Cleanup", Time since last: 1001094800 ns, Reaching safepoint: 195400 ns, At safepoint: 11100 ns, Total: 206500 ns
[2021-03-18T09:14:35.082+0000][24612][safepoint    ] Safepoint "Cleanup", Time since last: 1000462800 ns, Reaching safepoint: 168200 ns, At safepoint: 18700 ns, Total: 186900 ns
[2021-03-18T09:14:36.082+0000][24612][safepoint    ] Safepoint "Cleanup", Time since last: 1000216900 ns, Reaching safepoint: 400800 ns, At safepoint: 24900 ns, Total: 425700 ns
[2021-03-18T09:14:37.083+0000][24612][safepoint    ] Safepoint "Cleanup", Time since last: 1000237500 ns, Reaching safepoint: 104100 ns, At safepoint: 6800 ns, Total: 110900 ns
[2021-03-18T09:14:38.083+0000][24612][safepoint    ] Safepoint "Cleanup", Time since last: 1000228600 ns, Reaching safepoint: 371000 ns, At safepoint: 20500 ns, Total: 391500 ns
[2021-03-18T09:14:39.084+0000][24612][safepoint    ] Safepoint "Cleanup", Time since last: 1000329200 ns, Reaching safepoint: 102900 ns, At safepoint: 5200 ns, Total: 108100 ns
[2021-03-18T09:14:40.084+0000][24612][safepoint    ] Safepoint "Cleanup", Time since last: 1000187000 ns, Reaching safepoint: 133200 ns, At safepoint: 5100 ns, Total: 138300 ns
[2021-03-18T09:14:41.084+0000][24612][safepoint    ] Safepoint "Cleanup", Time since last: 1000073400 ns, Reaching safepoint: 101400 ns, At safepoint: 6200 ns, Total: 107600 ns
[2021-03-18T09:14:42.085+0000][24612][safepoint    ] Safepoint "Cleanup", Time since last: 1000914500 ns, Reaching safepoint: 137500 ns, At safepoint: 12700 ns, Total: 150200 ns
[2021-03-18T09:14:43.086+0000][24612][safepoint    ] Safepoint "Cleanup", Time since last: 1000608300 ns, Reaching safepoint: 449600 ns, At safepoint: 29500 ns, Total: 479100 ns
[2021-03-18T09:14:45.087+0000][24612][safepoint    ] Safepoint "Cleanup", Time since last: 2000468900 ns, Reaching safepoint: 190000 ns, At safepoint: 5100 ns, Total: 195100 ns
[2021-03-18T09:14:46.087+0000][24612][safepoint    ] Safepoint "Cleanup", Time since last: 1000346700 ns, Reaching safepoint: 351700 ns, At safepoint: 22100 ns, Total: 373800 ns
[2021-03-18T09:14:48.087+0000][24612][safepoint    ] Safepoint "Cleanup", Time since last: 2000068500 ns, Reaching safepoint: 381800 ns, At safepoint: 24100 ns, Total: 405900 ns
[2021-03-18T09:14:49.089+0000][24612][safepoint    ] Safepoint "Cleanup", Time since last: 1000991600 ns, Reaching safepoint: 153500 ns, At safepoint: 6200 ns, Total: 159700 ns
[2021-03-18T09:14:50.090+0000][24612][safepoint    ] Safepoint "Cleanup", Time since last: 1000717400 ns, Reaching safepoint: 144400 ns, At safepoint: 4000 ns, Total: 148400 ns
[2021-03-18T09:14:51.090+0000][24612][safepoint    ] Safepoint "Cleanup", Time since last: 1000719300 ns, Reaching safepoint: 361900 ns, At safepoint: 21600 ns, Total: 383500 ns
[2021-03-18T09:14:52.091+0000][24612][safepoint    ] Safepoint "Cleanup", Time since last: 1000085000 ns, Reaching safepoint: 238300 ns, At safepoint: 12600 ns, Total: 250900 ns
[2021-03-18T09:14:54.092+0000][24612][safepoint    ] Safepoint "Cleanup", Time since last: 2000941500 ns, Reaching safepoint: 205500 ns, At safepoint: 7100 ns, Total: 212600 ns
[2021-03-18T09:14:56.093+0000][24612][safepoint    ] Safepoint "Cleanup", Time since last: 2000501000 ns, Reaching safepoint: 163800 ns, At safepoint: 10100 ns, Total: 173900 ns
[2021-03-18T09:14:57.094+0000][24612][safepoint    ] Safepoint "Cleanup", Time since last: 1000780800 ns, Reaching safepoint: 389600 ns, At safepoint: 22800 ns, Total: 412400 ns
[2021-03-18T09:14:58.094+0000][24612][safepoint    ] Safepoint "Cleanup", Time since last: 1000282600 ns, Reaching safepoint: 378800 ns, At safepoint: 13900 ns, Total: 392700 ns
[2021-03-18T09:15:00.095+0000][24612][safepoint    ] Safepoint "Cleanup", Time since last: 2000787000 ns, Reaching safepoint: 226400 ns, At safepoint: 12200 ns, Total: 238600 ns
[2021-03-18T09:15:01.096+0000][24612][safepoint    ] Safepoint "Cleanup", Time since last: 1000730400 ns, Reaching safepoint: 148300 ns, At safepoint: 5900 ns, Total: 154200 ns
[2021-03-18T09:15:02.097+0000][24612][safepoint    ] Safepoint "Cleanup", Time since last: 1000635500 ns, Reaching safepoint: 147900 ns, At safepoint: 5800 ns, Total: 153700 ns
[2021-03-18T09:15:03.097+0000][24612][safepoint    ] Safepoint "Cleanup", Time since last: 1000245700 ns, Reaching safepoint: 452600 ns, At safepoint: 29000 ns, Total: 481600 ns
[2021-03-18T09:15:05.097+0000][24612][safepoint    ] Safepoint "Cleanup", Time since last: 1999589000 ns, Reaching safepoint: 150000 ns, At safepoint: 9800 ns, Total: 159800 ns
[2021-03-18T09:15:07.098+0000][24612][safepoint    ] Safepoint "Cleanup", Time since last: 2000681900 ns, Reaching safepoint: 147800 ns, At safepoint: 4100 ns, Total: 151900 ns
[2021-03-18T09:15:08.099+0000][24612][safepoint    ] Safepoint "Cleanup", Time since last: 1000798300 ns, Reaching safepoint: 90800 ns, At safepoint: 2900 ns, Total: 93700 ns
[2021-03-18T09:15:09.099+0000][24612][safepoint    ] Safepoint "Cleanup", Time since last: 1000452300 ns, Reaching safepoint: 147400 ns, At safepoint: 5700 ns, Total: 153100 ns
[2021-03-18T09:15:10.100+0000][24612][safepoint    ] Safepoint "Cleanup", Time since last: 1000568400 ns, Reaching safepoint: 107500 ns, At safepoint: 2700 ns, Total: 110200 ns
[2021-03-18T09:15:11.101+0000][24612][safepoint    ] Safepoint "Cleanup", Time since last: 1000581100 ns, Reaching safepoint: 84100 ns, At safepoint: 1800 ns, Total: 85900 ns
[2021-03-18T09:15:12.101+0000][24612][safepoint    ] Safepoint "Cleanup", Time since last: 1000595700 ns, Reaching safepoint: 116800 ns, At safepoint: 6800 ns, Total: 123600 ns
[2021-03-18T09:15:13.102+0000][24612][safepoint    ] Safepoint "Cleanup", Time since last: 1000574000 ns, Reaching safepoint: 319500 ns, At safepoint: 16100 ns, Total: 335600 ns
[2021-03-18T09:15:14.102+0000][24612][safepoint    ] Safepoint "Cleanup", Time since last: 1000065500 ns, Reaching safepoint: 301300 ns, At safepoint: 22600 ns, Total: 323900 ns
[2021-03-18T09:15:16.103+0000][24612][safepoint    ] Safepoint "Cleanup", Time since last: 1999922100 ns, Reaching safepoint: 182300 ns, At safepoint: 10200 ns, Total: 192500 ns
[2021-03-18T09:15:17.103+0000][24612][safepoint    ] Safepoint "Cleanup", Time since last: 1000319000 ns, Reaching safepoint: 222400 ns, At safepoint: 7600 ns, Total: 230000 ns
[2021-03-18T09:15:19.103+0000][24612][safepoint    ] Safepoint "Cleanup", Time since last: 2000079900 ns, Reaching safepoint: 210900 ns, At safepoint: 10000 ns, Total: 220900 ns
[2021-03-18T09:15:20.104+0000][24612][safepoint    ] Safepoint "Cleanup", Time since last: 1000093400 ns, Reaching safepoint: 122400 ns, At safepoint: 5600 ns, Total: 128000 ns
[2021-03-18T09:15:21.104+0000][24612][safepoint    ] Safepoint "Cleanup", Time since last: 1000459400 ns, Reaching safepoint: 173700 ns, At safepoint: 5500 ns, Total: 179200 ns
[2021-03-18T09:15:22.105+0000][24612][safepoint    ] Safepoint "Cleanup", Time since last: 1000498200 ns, Reaching safepoint: 243000 ns, At safepoint: 8300 ns, Total: 251300 ns
[2021-03-18T09:15:23.105+0000][24612][safepoint    ] Safepoint "Cleanup", Time since last: 1000162500 ns, Reaching safepoint: 280200 ns, At safepoint: 18000 ns, Total: 298200 ns
[2021-03-18T09:15:24.106+0000][24612][safepoint    ] Safepoint "Cleanup", Time since last: 1000510200 ns, Reaching safepoint: 116000 ns, At safepoint: 6200 ns, Total: 122200 ns
[2021-03-18T09:15:25.106+0000][24612][safepoint    ] Safepoint "Cleanup", Time since last: 1000043100 ns, Reaching safepoint: 100700 ns, At safepoint: 5200 ns, Total: 105900 ns
[2021-03-18T09:15:26.107+0000][24612][safepoint    ] Safepoint "Cleanup", Time since last: 1000726600 ns, Reaching safepoint: 91900 ns, At safepoint: 5100 ns, Total: 97000 ns
[2021-03-18T09:15:28.108+0000][24612][safepoint    ] Safepoint "Cleanup", Time since last: 2000791100 ns, Reaching safepoint: 124200 ns, At safepoint: 2800 ns, Total: 127000 ns
[2021-03-18T09:15:29.108+0000][24612][safepoint    ] Safepoint "Cleanup", Time since last: 1000297200 ns, Reaching safepoint: 125100 ns, At safepoint: 4600 ns, Total: 129700 ns
[2021-03-18T09:15:31.109+0000][24612][safepoint    ] Safepoint "Cleanup", Time since last: 2000606900 ns, Reaching safepoint: 105300 ns, At safepoint: 4200 ns, Total: 109500 ns
[2021-03-18T09:15:32.110+0000][24612][safepoint    ] Safepoint "Cleanup", Time since last: 1000662900 ns, Reaching safepoint: 113500 ns, At safepoint: 3900 ns, Total: 117400 ns
[2021-03-18T09:15:34.110+0000][24612][safepoint    ] Safepoint "Cleanup", Time since last: 2000751100 ns, Reaching safepoint: 226600 ns, At safepoint: 5200 ns, Total: 231800 ns
[2021-03-18T09:15:36.111+0000][24612][safepoint    ] Safepoint "Cleanup", Time since last: 2000553500 ns, Reaching safepoint: 108700 ns, At safepoint: 4900 ns, Total: 113600 ns
[2021-03-18T09:15:37.229+0000][24612][safepoint    ] Safepoint "Cleanup", Time since last: 1118086400 ns, Reaching safepoint: 136700 ns, At safepoint: 65400 ns, Total: 202100 ns
[2021-03-18T09:15:38.230+0000][24612][safepoint    ] Safepoint "Cleanup", Time since last: 1000306100 ns, Reaching safepoint: 139600 ns, At safepoint: 6100 ns, Total: 145700 ns
[2021-03-18T09:15:40.230+0000][24612][safepoint    ] Safepoint "Cleanup", Time since last: 2000150200 ns, Reaching safepoint: 104300 ns, At safepoint: 2700 ns, Total: 107000 ns
[2021-03-18T09:15:41.231+0000][24612][safepoint    ] Safepoint "Cleanup", Time since last: 1000896700 ns, Reaching safepoint: 130100 ns, At safepoint: 5400 ns, Total: 135500 ns
[2021-03-18T09:15:42.231+0000][24612][safepoint    ] Safepoint "Cleanup", Time since last: 1000084300 ns, Reaching safepoint: 122800 ns, At safepoint: 3900 ns, Total: 126700 ns
[2021-03-18T09:15:43.232+0000][24612][safepoint    ] Safepoint "Cleanup", Time since last: 1000748500 ns, Reaching safepoint: 133000 ns, At safepoint: 3200 ns, Total: 136200 ns
[2021-03-18T09:15:44.232+0000][24612][safepoint    ] Safepoint "Cleanup", Time since last: 1000338800 ns, Reaching safepoint: 95700 ns, At safepoint: 6600 ns, Total: 102300 ns
[2021-03-18T09:15:45.233+0000][24612][safepoint    ] Safepoint "Cleanup", Time since last: 1000559600 ns, Reaching safepoint: 118000 ns, At safepoint: 5100 ns, Total: 123100 ns
[2021-03-18T09:15:46.233+0000][24612][safepoint    ] Safepoint "Cleanup", Time since last: 1000391100 ns, Reaching safepoint: 110100 ns, At safepoint: 5400 ns, Total: 115500 ns
[2021-03-18T09:15:47.234+0000][24612][safepoint    ] Safepoint "Cleanup", Time since last: 1000151100 ns, Reaching safepoint: 141300 ns, At safepoint: 6300 ns, Total: 147600 ns
[2021-03-18T09:15:48.234+0000][24612][safepoint    ] Safepoint "Cleanup", Time since last: 1000360400 ns, Reaching safepoint: 149200 ns, At safepoint: 5100 ns, Total: 154300 ns
[2021-03-18T09:15:49.234+0000][24612][safepoint    ] Safepoint "Cleanup", Time since last: 1000068900 ns, Reaching safepoint: 91500 ns, At safepoint: 4400 ns, Total: 95900 ns
[2021-03-18T09:15:50.235+0000][24612][safepoint    ] Safepoint "Cleanup", Time since last: 1000330000 ns, Reaching safepoint: 113600 ns, At safepoint: 3200 ns, Total: 116800 ns
[2021-03-18T09:15:52.235+0000][24612][safepoint    ] Safepoint "Cleanup", Time since last: 1999997300 ns, Reaching safepoint: 142300 ns, At safepoint: 5400 ns, Total: 147700 ns
[2021-03-18T09:15:53.242+0000][24612][safepoint    ] Safepoint "Cleanup", Time since last: 1006755200 ns, Reaching safepoint: 120000 ns, At safepoint: 5000 ns, Total: 125000 ns
[2021-03-18T09:15:55.242+0000][24612][safepoint    ] Safepoint "Cleanup", Time since last: 2000003100 ns, Reaching safepoint: 136300 ns, At safepoint: 5000 ns, Total: 141300 ns
[2021-03-18T09:15:56.242+0000][24612][safepoint    ] Safepoint "Cleanup", Time since last: 1000406700 ns, Reaching safepoint: 135900 ns, At safepoint: 19700 ns, Total: 155600 ns
[2021-03-18T09:15:58.243+0000][24612][safepoint    ] Safepoint "Cleanup", Time since last: 2000396200 ns, Reaching safepoint: 94100 ns, At safepoint: 6600 ns, Total: 100700 ns
[2021-03-18T09:16:00.243+0000][24612][safepoint    ] Safepoint "Cleanup", Time since last: 2000550400 ns, Reaching safepoint: 136900 ns, At safepoint: 4500 ns, Total: 141400 ns
[2021-03-18T09:16:01.244+0000][24612][safepoint    ] Safepoint "Cleanup", Time since last: 1000455300 ns, Reaching safepoint: 132200 ns, At safepoint: 5600 ns, Total: 137800 ns
[2021-03-18T09:16:02.245+0000][24612][safepoint    ] Safepoint "Cleanup", Time since last: 1000712200 ns, Reaching safepoint: 142800 ns, At safepoint: 4700 ns, Total: 147500 ns
[2021-03-18T09:16:03.245+0000][24612][safepoint    ] Safepoint "Cleanup", Time since last: 1000563300 ns, Reaching safepoint: 112400 ns, At safepoint: 6500 ns, Total: 118900 ns
[2021-03-18T09:16:04.246+0000][24612][safepoint    ] Safepoint "Cleanup", Time since last: 1000199100 ns, Reaching safepoint: 104900 ns, At safepoint: 4400 ns, Total: 109300 ns
[2021-03-18T09:16:06.246+0000][24612][safepoint    ] Safepoint "Cleanup", Time since last: 2000571300 ns, Reaching safepoint: 138800 ns, At safepoint: 3500 ns, Total: 142300 ns
[2021-03-18T09:16:07.246+0000][24612][safepoint    ] Safepoint "Cleanup", Time since last: 1000013300 ns, Reaching safepoint: 131300 ns, At safepoint: 24100 ns, Total: 155400 ns
[2021-03-18T09:16:08.246+0000][24612][safepoint    ] Safepoint "Cleanup", Time since last: 1000008700 ns, Reaching safepoint: 157300 ns, At safepoint: 20000 ns, Total: 177300 ns
[2021-03-18T09:16:09.247+0000][24612][safepoint    ] Safepoint "Cleanup", Time since last: 1000349800 ns, Reaching safepoint: 131800 ns, At safepoint: 20200 ns, Total: 152000 ns
[2021-03-18T09:16:11.248+0000][24612][safepoint    ] Safepoint "Cleanup", Time since last: 2000545500 ns, Reaching safepoint: 138600 ns, At safepoint: 5300 ns, Total: 143900 ns
[2021-03-18T09:16:12.885+0000][24612][safepoint    ] Safepoint "Cleanup", Time since last: 1637853400 ns, Reaching safepoint: 153200 ns, At safepoint: 19200 ns, Total: 172400 ns
[2021-03-18T09:16:13.887+0000][24612][safepoint    ] Safepoint "Cleanup", Time since last: 1001215700 ns, Reaching safepoint: 114000 ns, At safepoint: 20500 ns, Total: 134500 ns
[2021-03-18T09:16:14.887+0000][24612][safepoint    ] Safepoint "Cleanup", Time since last: 1000448900 ns, Reaching safepoint: 92700 ns, At safepoint: 19200 ns, Total: 111900 ns
[2021-03-18T09:16:15.888+0000][24612][safepoint    ] Safepoint "Cleanup", Time since last: 1000388100 ns, Reaching safepoint: 83300 ns, At safepoint: 3900 ns, Total: 87200 ns
[2021-03-18T09:16:16.888+0000][24612][safepoint    ] Safepoint "Cleanup", Time since last: 1000084600 ns, Reaching safepoint: 110700 ns, At safepoint: 5400 ns, Total: 116100 ns
[2021-03-18T09:16:17.889+0000][24612][safepoint    ] Safepoint "Cleanup", Time since last: 1000688900 ns, Reaching safepoint: 128900 ns, At safepoint: 2700 ns, Total: 131600 ns
[2021-03-18T09:16:19.889+0000][24612][safepoint    ] Safepoint "Cleanup", Time since last: 2000353000 ns, Reaching safepoint: 150600 ns, At safepoint: 4700 ns, Total: 155300 ns
[2021-03-18T09:16:20.889+0000][24612][safepoint    ] Safepoint "Cleanup", Time since last: 1000288200 ns, Reaching safepoint: 345600 ns, At safepoint: 14300 ns, Total: 359900 ns
[2021-03-18T09:16:22.890+0000][24612][safepoint    ] Safepoint "Cleanup", Time since last: 2000015900 ns, Reaching safepoint: 392000 ns, At safepoint: 17000 ns, Total: 409000 ns
[2021-03-18T09:16:24.891+0000][24612][safepoint    ] Safepoint "Cleanup", Time since last: 2000999400 ns, Reaching safepoint: 204200 ns, At safepoint: 12500 ns, Total: 216700 ns
[2021-03-18T09:16:25.891+0000][24612][safepoint    ] Safepoint "Cleanup", Time since last: 1000130000 ns, Reaching safepoint: 274000 ns, At safepoint: 10900 ns, Total: 284900 ns
[2021-03-18T09:16:26.892+0000][24612][safepoint    ] Safepoint "Cleanup", Time since last: 1000247300 ns, Reaching safepoint: 372100 ns, At safepoint: 20600 ns, Total: 392700 ns
[2021-03-18T09:16:28.088+0000][24612][safepoint    ] Safepoint "Cleanup", Time since last: 1195471000 ns, Reaching safepoint: 120400 ns, At safepoint: 5000 ns, Total: 125400 ns
[2021-03-18T09:16:29.088+0000][24612][safepoint    ] Safepoint "Cleanup", Time since last: 1000121100 ns, Reaching safepoint: 129600 ns, At safepoint: 25000 ns, Total: 154600 ns
[2021-03-18T09:16:30.088+0000][24612][safepoint    ] Safepoint "Cleanup", Time since last: 1000089900 ns, Reaching safepoint: 131300 ns, At safepoint: 6500 ns, Total: 137800 ns
[2021-03-18T09:16:31.089+0000][24612][safepoint    ] Safepoint "Cleanup", Time since last: 1000450800 ns, Reaching safepoint: 124300 ns, At safepoint: 3400 ns, Total: 127700 ns
[2021-03-18T09:16:32.089+0000][24612][safepoint    ] Safepoint "Cleanup", Time since last: 1000482000 ns, Reaching safepoint: 454900 ns, At safepoint: 131000 ns, Total: 585900 ns
[2021-03-18T09:16:33.090+0000][24612][safepoint    ] Safepoint "Cleanup", Time since last: 1000169100 ns, Reaching safepoint: 146300 ns, At safepoint: 86100 ns, Total: 232400 ns
[2021-03-18T09:16:34.090+0000][24612][safepoint    ] Safepoint "Cleanup", Time since last: 1000216900 ns, Reaching safepoint: 151000 ns, At safepoint: 6900 ns, Total: 157900 ns
[2021-03-18T09:16:35.091+0000][24612][safepoint    ] Safepoint "Cleanup", Time since last: 1000878200 ns, Reaching safepoint: 172300 ns, At safepoint: 9100 ns, Total: 181400 ns
[2021-03-18T09:16:36.092+0000][24612][safepoint    ] Safepoint "Cleanup", Time since last: 1000002200 ns, Reaching safepoint: 117000 ns, At safepoint: 25500 ns, Total: 142500 ns
[2021-03-18T09:16:37.093+0000][24612][safepoint    ] Safepoint "Cleanup", Time since last: 1000882900 ns, Reaching safepoint: 401300 ns, At safepoint: 131900 ns, Total: 533200 ns
[2021-03-18T09:16:38.094+0000][24612][safepoint    ] Safepoint "Cleanup", Time since last: 1000471000 ns, Reaching safepoint: 150500 ns, At safepoint: 5800 ns, Total: 156300 ns
[2021-03-18T09:16:39.095+0000][24612][safepoint    ] Safepoint "Cleanup", Time since last: 1000886500 ns, Reaching safepoint: 165700 ns, At safepoint: 7000 ns, Total: 172700 ns
[2021-03-18T09:16:40.095+0000][24612][safepoint    ] Safepoint "Cleanup", Time since last: 1000158500 ns, Reaching safepoint: 136000 ns, At safepoint: 6100 ns, Total: 142100 ns
[2021-03-18T09:16:41.096+0000][24612][safepoint    ] Safepoint "Cleanup", Time since last: 1000876200 ns, Reaching safepoint: 219800 ns, At safepoint: 8900 ns, Total: 228700 ns
[2021-03-18T09:16:42.096+0000][24612][safepoint    ] Safepoint "Cleanup", Time since last: 1000289200 ns, Reaching safepoint: 377500 ns, At safepoint: 135700 ns, Total: 513200 ns
[2021-03-18T09:16:43.097+0000][24612][safepoint    ] Safepoint "Cleanup", Time since last: 1000043500 ns, Reaching safepoint: 381300 ns, At safepoint: 122100 ns, Total: 503400 ns
[2021-03-18T09:16:44.098+0000][24612][safepoint    ] Safepoint "Cleanup", Time since last: 1000527800 ns, Reaching safepoint: 190400 ns, At safepoint: 67000 ns, Total: 257400 ns
[2021-03-18T09:16:45.099+0000][24612][safepoint    ] Safepoint "Cleanup", Time since last: 1000501200 ns, Reaching safepoint: 109500 ns, At safepoint: 4300 ns, Total: 113800 ns
[2021-03-18T09:16:46.099+0000][24612][safepoint    ] Safepoint "Cleanup", Time since last: 1000818900 ns, Reaching safepoint: 184900 ns, At safepoint: 102200 ns, Total: 287100 ns
[2021-03-18T09:16:47.100+0000][24612][safepoint    ] Safepoint "Cleanup", Time since last: 1000203900 ns, Reaching safepoint: 408600 ns, At safepoint: 135900 ns, Total: 544500 ns
[2021-03-18T09:16:49.101+0000][24612][safepoint    ] Safepoint "Cleanup", Time since last: 2000224900 ns, Reaching safepoint: 253600 ns, At safepoint: 45200 ns, Total: 298800 ns
[2021-03-18T09:16:51.101+0000][24612][safepoint    ] Safepoint "Cleanup", Time since last: 2000413200 ns, Reaching safepoint: 292200 ns, At safepoint: 80100 ns, Total: 372300 ns
[2021-03-18T09:16:53.103+0000][24612][safepoint    ] Safepoint "Cleanup", Time since last: 2001026100 ns, Reaching safepoint: 136900 ns, At safepoint: 4100 ns, Total: 141000 ns
[2021-03-18T09:16:54.103+0000][24612][safepoint    ] Safepoint "Cleanup", Time since last: 1000651200 ns, Reaching safepoint: 177900 ns, At safepoint: 10400 ns, Total: 188300 ns
[2021-03-18T09:16:55.104+0000][24612][safepoint    ] Safepoint "Cleanup", Time since last: 1000513900 ns, Reaching safepoint: 176200 ns, At safepoint: 9000 ns, Total: 185200 ns
[2021-03-18T09:16:56.105+0000][24612][safepoint    ] Safepoint "Cleanup", Time since last: 1000985900 ns, Reaching safepoint: 125100 ns, At safepoint: 6200 ns, Total: 131300 ns
[2021-03-18T09:16:57.106+0000][24612][safepoint    ] Safepoint "Cleanup", Time since last: 1000859400 ns, Reaching safepoint: 391000 ns, At safepoint: 130600 ns, Total: 521600 ns
[2021-03-18T09:16:58.107+0000][24612][safepoint    ] Safepoint "Cleanup", Time since last: 1000435500 ns, Reaching safepoint: 118900 ns, At safepoint: 12100 ns, Total: 131000 ns
[2021-03-18T09:16:59.108+0000][24612][safepoint    ] Safepoint "Cleanup", Time since last: 1000603400 ns, Reaching safepoint: 397900 ns, At safepoint: 24300 ns, Total: 422200 ns
[2021-03-18T09:17:00.108+0000][24612][safepoint    ] Safepoint "Cleanup", Time since last: 1000391100 ns, Reaching safepoint: 105800 ns, At safepoint: 51300 ns, Total: 157100 ns
[2021-03-18T09:17:01.109+0000][24612][safepoint    ] Safepoint "Cleanup", Time since last: 1000078100 ns, Reaching safepoint: 173000 ns, At safepoint: 74500 ns, Total: 247500 ns
[2021-03-18T09:17:02.109+0000][24612][safepoint    ] Safepoint "Cleanup", Time since last: 1000340600 ns, Reaching safepoint: 360800 ns, At safepoint: 22900 ns, Total: 383700 ns
[2021-03-18T09:17:03.110+0000][24612][safepoint    ] Safepoint "Cleanup", Time since last: 1000104300 ns, Reaching safepoint: 94500 ns, At safepoint: 14000 ns, Total: 108500 ns
[2021-03-18T09:17:04.110+0000][24612][safepoint    ] Safepoint "Cleanup", Time since last: 1000212100 ns, Reaching safepoint: 258600 ns, At safepoint: 8700 ns, Total: 267300 ns
[2021-03-18T09:17:06.110+0000][24612][safepoint    ] Safepoint "Cleanup", Time since last: 2000187000 ns, Reaching safepoint: 341800 ns, At safepoint: 21600 ns, Total: 363400 ns
[2021-03-18T09:17:07.111+0000][24612][safepoint    ] Safepoint "Cleanup", Time since last: 1000523200 ns, Reaching safepoint: 364900 ns, At safepoint: 90100 ns, Total: 455000 ns
[2021-03-18T09:17:08.113+0000][24612][safepoint    ] Safepoint "Cleanup", Time since last: 1001182500 ns, Reaching safepoint: 100700 ns, At safepoint: 6300 ns, Total: 107000 ns
[2021-03-18T09:17:09.113+0000][24612][safepoint    ] Safepoint "Cleanup", Time since last: 1000391000 ns, Reaching safepoint: 373800 ns, At safepoint: 15500 ns, Total: 389300 ns
[2021-03-18T09:17:10.114+0000][24612][safepoint    ] Safepoint "Cleanup", Time since last: 1000558100 ns, Reaching safepoint: 258700 ns, At safepoint: 19200 ns, Total: 277900 ns
[2021-03-18T09:17:11.115+0000][24612][safepoint    ] Safepoint "Cleanup", Time since last: 1000058000 ns, Reaching safepoint: 183700 ns, At safepoint: 7500 ns, Total: 191200 ns
[2021-03-18T09:17:12.115+0000][24612][safepoint    ] Safepoint "Cleanup", Time since last: 1000183300 ns, Reaching safepoint: 359600 ns, At safepoint: 18700 ns, Total: 378300 ns
[2021-03-18T09:17:13.116+0000][24612][safepoint    ] Safepoint "Cleanup", Time since last: 1000834400 ns, Reaching safepoint: 390600 ns, At safepoint: 21300 ns, Total: 411900 ns
[2021-03-18T09:17:15.117+0000][24612][safepoint    ] Safepoint "Cleanup", Time since last: 2000430100 ns, Reaching safepoint: 129400 ns, At safepoint: 5800 ns, Total: 135200 ns
[2021-03-18T09:17:16.117+0000][24612][safepoint    ] Safepoint "Cleanup", Time since last: 1000206000 ns, Reaching safepoint: 369300 ns, At safepoint: 15800 ns, Total: 385100 ns
[2021-03-18T09:17:17.118+0000][24612][safepoint    ] Safepoint "Cleanup", Time since last: 1000269800 ns, Reaching safepoint: 372800 ns, At safepoint: 13300 ns, Total: 386100 ns
[2021-03-18T09:17:18.119+0000][24612][safepoint    ] Safepoint "Cleanup", Time since last: 1000536700 ns, Reaching safepoint: 326100 ns, At safepoint: 20800 ns, Total: 346900 ns
[2021-03-18T09:17:19.119+0000][24612][safepoint    ] Safepoint "Cleanup", Time since last: 1000435600 ns, Reaching safepoint: 108300 ns, At safepoint: 2200 ns, Total: 110500 ns
[2021-03-18T09:17:20.120+0000][24612][safepoint    ] Safepoint "Cleanup", Time since last: 1000914000 ns, Reaching safepoint: 211300 ns, At safepoint: 10900 ns, Total: 222200 ns
[2021-03-18T09:17:21.121+0000][24612][safepoint    ] Safepoint "Cleanup", Time since last: 1000266300 ns, Reaching safepoint: 302800 ns, At safepoint: 13500 ns, Total: 316300 ns
[2021-03-18T09:17:22.122+0000][24612][safepoint    ] Safepoint "Cleanup", Time since last: 1000530400 ns, Reaching safepoint: 106700 ns, At safepoint: 5000 ns, Total: 111700 ns
[2021-03-18T09:17:23.122+0000][24612][safepoint    ] Safepoint "Cleanup", Time since last: 1000155400 ns, Reaching safepoint: 101100 ns, At safepoint: 3900 ns, Total: 105000 ns
[2021-03-18T09:17:24.173+0000][24612][safepoint    ] Safepoint "Cleanup", Time since last: 1050972500 ns, Reaching safepoint: 146200 ns, At safepoint: 7500 ns, Total: 153700 ns
[2021-03-18T09:17:25.173+0000][24612][safepoint    ] Safepoint "Cleanup", Time since last: 1000351300 ns, Reaching safepoint: 152900 ns, At safepoint: 4100 ns, Total: 157000 ns
[2021-03-18T09:17:26.174+0000][24612][safepoint    ] Safepoint "Cleanup", Time since last: 1000934900 ns, Reaching safepoint: 562200 ns, At safepoint: 27100 ns, Total: 589300 ns
[2021-03-18T09:17:28.175+0000][24612][safepoint    ] Safepoint "Cleanup", Time since last: 1999929300 ns, Reaching safepoint: 184700 ns, At safepoint: 91600 ns, Total: 276300 ns
[2021-03-18T09:17:29.175+0000][24612][safepoint    ] Safepoint "Cleanup", Time since last: 1000259200 ns, Reaching safepoint: 452600 ns, At safepoint: 25600 ns, Total: 478200 ns
[2021-03-18T09:17:30.176+0000][24612][safepoint    ] Safepoint "Cleanup", Time since last: 1000761000 ns, Reaching safepoint: 281600 ns, At safepoint: 16200 ns, Total: 297800 ns
[2021-03-18T09:17:31.178+0000][24612][safepoint    ] Safepoint "Cleanup", Time since last: 1000748600 ns, Reaching safepoint: 571200 ns, At safepoint: 27800 ns, Total: 599000 ns
[2021-03-18T09:17:32.179+0000][24612][safepoint    ] Safepoint "Cleanup", Time since last: 1001424500 ns, Reaching safepoint: 400400 ns, At safepoint: 25400 ns, Total: 425800 ns
[2021-03-18T09:17:33.180+0000][24612][safepoint    ] Safepoint "Cleanup", Time since last: 1000354800 ns, Reaching safepoint: 404400 ns, At safepoint: 24200 ns, Total: 428600 ns
[2021-03-18T09:17:55.189+0000][24612][safepoint    ] Safepoint "Cleanup", Time since last: 22008814600 ns, Reaching safepoint: 138200 ns, At safepoint: 5900 ns, Total: 144100 ns
[2021-03-18T09:18:38.076+0000][24612][safepoint    ] Safepoint "Cleanup", Time since last: 42889133200 ns, Reaching safepoint: 229700 ns, At safepoint: 10300 ns, Total: 240000 ns
[2021-03-18T09:19:28.066+0000][24612][safepoint    ] Safepoint "Cleanup", Time since last: 49991199800 ns, Reaching safepoint: 406600 ns, At safepoint: 128300 ns, Total: 534900 ns
[2021-03-18T09:20:55.108+0000][24612][safepoint    ] Safepoint "Cleanup", Time since last: 87044253400 ns, Reaching safepoint: 424400 ns, At safepoint: 139000 ns, Total: 563400 ns
[2021-03-18T09:21:21.541+0000][24612][safepoint    ] Safepoint "Cleanup", Time since last: 26432843500 ns, Reaching safepoint: 371500 ns, At safepoint: 14800 ns, Total: 386300 ns
[2021-03-18T09:21:38.066+0000][24612][safepoint    ] Safepoint "Cleanup", Time since last: 16525389900 ns, Reaching safepoint: 384400 ns, At safepoint: 129000 ns, Total: 513400 ns
[2021-03-18T09:22:10.084+0000][24612][safepoint    ] Safepoint "Cleanup", Time since last: 32018462100 ns, Reaching safepoint: 301500 ns, At safepoint: 121100 ns, Total: 422600 ns
[2021-03-18T09:22:11.085+0000][24612][safepoint    ] Safepoint "Cleanup", Time since last: 1000178600 ns, Reaching safepoint: 170200 ns, At safepoint: 76100 ns, Total: 246300 ns
[2021-03-18T09:22:12.086+0000][24612][safepoint    ] Safepoint "Cleanup", Time since last: 1001049700 ns, Reaching safepoint: 179200 ns, At safepoint: 69000 ns, Total: 248200 ns
[2021-03-18T09:22:13.086+0000][24612][safepoint    ] Safepoint "Cleanup", Time since last: 1000062000 ns, Reaching safepoint: 201400 ns, At safepoint: 91200 ns, Total: 292600 ns
[2021-03-18T09:22:14.087+0000][24612][safepoint    ] Safepoint "Cleanup", Time since last: 1000076900 ns, Reaching safepoint: 185500 ns, At safepoint: 98100 ns, Total: 283600 ns
[2021-03-18T09:22:15.088+0000][24612][safepoint    ] Safepoint "Cleanup", Time since last: 1000574600 ns, Reaching safepoint: 135400 ns, At safepoint: 56600 ns, Total: 192000 ns
[2021-03-18T09:22:16.089+0000][24612][safepoint    ] Safepoint "Cleanup", Time since last: 1000984200 ns, Reaching safepoint: 150400 ns, At safepoint: 71200 ns, Total: 221600 ns
[2021-03-18T09:22:18.098+0000][24612][safepoint    ] Safepoint "Cleanup", Time since last: 2000720100 ns, Reaching safepoint: 8063400 ns, At safepoint: 144700 ns, Total: 8208100 ns
[2021-03-18T09:22:20.098+0000][24612][safepoint    ] Safepoint "Cleanup", Time since last: 2000018300 ns, Reaching safepoint: 411100 ns, At safepoint: 203000 ns, Total: 614100 ns
[2021-03-18T09:22:21.099+0000][24612][safepoint    ] Safepoint "Cleanup", Time since last: 1000611300 ns, Reaching safepoint: 276300 ns, At safepoint: 8900 ns, Total: 285200 ns
[2021-03-18T09:22:23.099+0000][24612][safepoint    ] Safepoint "Cleanup", Time since last: 2000166600 ns, Reaching safepoint: 173700 ns, At safepoint: 5200 ns, Total: 178900 ns
[2021-03-18T09:22:24.100+0000][24612][safepoint    ] Safepoint "Cleanup", Time since last: 1000594400 ns, Reaching safepoint: 124700 ns, At safepoint: 6400 ns, Total: 131100 ns
[2021-03-18T09:22:25.101+0000][24612][safepoint    ] Safepoint "Cleanup", Time since last: 1000201900 ns, Reaching safepoint: 175200 ns, At safepoint: 5600 ns, Total: 180800 ns
[2021-03-18T09:22:26.101+0000][24612][safepoint    ] Safepoint "Cleanup", Time since last: 1000387500 ns, Reaching safepoint: 137900 ns, At safepoint: 3300 ns, Total: 141200 ns
[2021-03-18T09:22:27.101+0000][24612][safepoint    ] Safepoint "Cleanup", Time since last: 1000093600 ns, Reaching safepoint: 377800 ns, At safepoint: 23300 ns, Total: 401100 ns
[2021-03-18T09:22:28.102+0000][24612][safepoint    ] Safepoint "Cleanup", Time since last: 1000196500 ns, Reaching safepoint: 126300 ns, At safepoint: 16800 ns, Total: 143100 ns
[2021-03-18T09:22:29.102+0000][24612][safepoint    ] Safepoint "Cleanup", Time since last: 1000049600 ns, Reaching safepoint: 148900 ns, At safepoint: 20200 ns, Total: 169100 ns
[2021-03-18T09:22:30.103+0000][24612][safepoint    ] Safepoint "Cleanup", Time since last: 1000587400 ns, Reaching safepoint: 354300 ns, At safepoint: 14200 ns, Total: 368500 ns
[2021-03-18T09:22:31.103+0000][24612][safepoint    ] Safepoint "Cleanup", Time since last: 1000125800 ns, Reaching safepoint: 118100 ns, At safepoint: 5400 ns, Total: 123500 ns
[2021-03-18T09:22:32.103+0000][24612][safepoint    ] Safepoint "Cleanup", Time since last: 1000134300 ns, Reaching safepoint: 145200 ns, At safepoint: 7000 ns, Total: 152200 ns
[2021-03-18T09:22:33.104+0000][24612][safepoint    ] Safepoint "Cleanup", Time since last: 1000504500 ns, Reaching safepoint: 175400 ns, At safepoint: 9400 ns, Total: 184800 ns
[2021-03-18T09:22:34.105+0000][24612][safepoint    ] Safepoint "Cleanup", Time since last: 1000843800 ns, Reaching safepoint: 265000 ns, At safepoint: 21000 ns, Total: 286000 ns
[2021-03-18T09:22:35.106+0000][24612][safepoint    ] Safepoint "Cleanup", Time since last: 1000412200 ns, Reaching safepoint: 173200 ns, At safepoint: 22300 ns, Total: 195500 ns
[2021-03-18T09:22:36.106+0000][24612][safepoint    ] Safepoint "Cleanup", Time since last: 1000128300 ns, Reaching safepoint: 138600 ns, At safepoint: 4800 ns, Total: 143400 ns
[2021-03-18T09:22:37.107+0000][24612][safepoint    ] Safepoint "Cleanup", Time since last: 1000730100 ns, Reaching safepoint: 136600 ns, At safepoint: 5000 ns, Total: 141600 ns
[2021-03-18T09:22:38.504+0000][24612][safepoint    ] Safepoint "Cleanup", Time since last: 1396671300 ns, Reaching safepoint: 154400 ns, At safepoint: 4900 ns, Total: 159300 ns
[2021-03-18T09:22:39.504+0000][24612][safepoint    ] Safepoint "Cleanup", Time since last: 1000160100 ns, Reaching safepoint: 141900 ns, At safepoint: 3900 ns, Total: 145800 ns
[2021-03-18T09:22:40.505+0000][24612][safepoint    ] Safepoint "Cleanup", Time since last: 1001052000 ns, Reaching safepoint: 181900 ns, At safepoint: 9400 ns, Total: 191300 ns
[2021-03-18T09:22:41.506+0000][24612][safepoint    ] Safepoint "Cleanup", Time since last: 1000431800 ns, Reaching safepoint: 157100 ns, At safepoint: 4800 ns, Total: 161900 ns
[2021-03-18T09:22:43.506+0000][24612][safepoint    ] Safepoint "Cleanup", Time since last: 2000433800 ns, Reaching safepoint: 205800 ns, At safepoint: 12400 ns, Total: 218200 ns
[2021-03-18T09:22:45.507+0000][24612][safepoint    ] Safepoint "Cleanup", Time since last: 2000458400 ns, Reaching safepoint: 147200 ns, At safepoint: 5500 ns, Total: 152700 ns
[2021-03-18T09:22:46.508+0000][24612][safepoint    ] Safepoint "Cleanup", Time since last: 1000938600 ns, Reaching safepoint: 128700 ns, At safepoint: 7800 ns, Total: 136500 ns
[2021-03-18T09:22:47.509+0000][24612][safepoint    ] Safepoint "Cleanup", Time since last: 1000575500 ns, Reaching safepoint: 127900 ns, At safepoint: 8000 ns, Total: 135900 ns
[2021-03-18T09:22:49.509+0000][24612][safepoint    ] Safepoint "Cleanup", Time since last: 2000257700 ns, Reaching safepoint: 369300 ns, At safepoint: 13400 ns, Total: 382700 ns
[2021-03-18T09:22:51.509+0000][24612][safepoint    ] Safepoint "Cleanup", Time since last: 2000080700 ns, Reaching safepoint: 205100 ns, At safepoint: 11900 ns, Total: 217000 ns
[2021-03-18T09:22:52.510+0000][24612][safepoint    ] Safepoint "Cleanup", Time since last: 1000186700 ns, Reaching safepoint: 170900 ns, At safepoint: 18700 ns, Total: 189600 ns
[2021-03-18T09:22:53.510+0000][24612][safepoint    ] Safepoint "Cleanup", Time since last: 1000097400 ns, Reaching safepoint: 126300 ns, At safepoint: 5800 ns, Total: 132100 ns
[2021-03-18T09:22:54.511+0000][24612][safepoint    ] Safepoint "Cleanup", Time since last: 1000880200 ns, Reaching safepoint: 503700 ns, At safepoint: 32600 ns, Total: 536300 ns
[2021-03-18T09:22:56.512+0000][24612][safepoint    ] Safepoint "Cleanup", Time since last: 2000181600 ns, Reaching safepoint: 149600 ns, At safepoint: 3600 ns, Total: 153200 ns
[2021-03-18T09:22:57.512+0000][24612][safepoint    ] Safepoint "Cleanup", Time since last: 1000061100 ns, Reaching safepoint: 138500 ns, At safepoint: 7000 ns, Total: 145500 ns
[2021-03-18T09:22:58.512+0000][24612][safepoint    ] Safepoint "Cleanup", Time since last: 1000080300 ns, Reaching safepoint: 347000 ns, At safepoint: 12000 ns, Total: 359000 ns
[2021-03-18T09:22:59.512+0000][24612][safepoint    ] Safepoint "Cleanup", Time since last: 1000156200 ns, Reaching safepoint: 423400 ns, At safepoint: 25300 ns, Total: 448700 ns
[2021-03-18T09:23:01.513+0000][24612][safepoint    ] Safepoint "Cleanup", Time since last: 1999925700 ns, Reaching safepoint: 125900 ns, At safepoint: 6900 ns, Total: 132800 ns
[2021-03-18T09:23:02.513+0000][24612][safepoint    ] Safepoint "Cleanup", Time since last: 1000124600 ns, Reaching safepoint: 126900 ns, At safepoint: 5000 ns, Total: 131900 ns
[2021-03-18T09:23:03.513+0000][24612][safepoint    ] Safepoint "Cleanup", Time since last: 1000253700 ns, Reaching safepoint: 253600 ns, At safepoint: 10800 ns, Total: 264400 ns
[2021-03-18T09:23:04.514+0000][24612][safepoint    ] Safepoint "Cleanup", Time since last: 1000847800 ns, Reaching safepoint: 141000 ns, At safepoint: 3300 ns, Total: 144300 ns
[2021-03-18T09:23:05.515+0000][24612][safepoint    ] Safepoint "Cleanup", Time since last: 1000302300 ns, Reaching safepoint: 403100 ns, At safepoint: 23500 ns, Total: 426600 ns
[2021-03-18T09:23:06.516+0000][24612][safepoint    ] Safepoint "Cleanup", Time since last: 1000242700 ns, Reaching safepoint: 348900 ns, At safepoint: 54400 ns, Total: 403300 ns
[2021-03-18T09:23:07.516+0000][24612][safepoint    ] Safepoint "Cleanup", Time since last: 1000527300 ns, Reaching safepoint: 125300 ns, At safepoint: 7700 ns, Total: 133000 ns
[2021-03-18T09:23:09.517+0000][24612][safepoint    ] Safepoint "Cleanup", Time since last: 2000685700 ns, Reaching safepoint: 134200 ns, At safepoint: 5200 ns, Total: 139400 ns
[2021-03-18T09:23:10.518+0000][24612][safepoint    ] Safepoint "Cleanup", Time since last: 1000177500 ns, Reaching safepoint: 171200 ns, At safepoint: 6700 ns, Total: 177900 ns
[2021-03-18T09:23:11.518+0000][24612][safepoint    ] Safepoint "Cleanup", Time since last: 1000411500 ns, Reaching safepoint: 168900 ns, At safepoint: 3200 ns, Total: 172100 ns
[2021-03-18T09:23:12.519+0000][24612][safepoint    ] Safepoint "Cleanup", Time since last: 1000156200 ns, Reaching safepoint: 204300 ns, At safepoint: 3700 ns, Total: 208000 ns
[2021-03-18T09:23:14.519+0000][24612][safepoint    ] Safepoint "Cleanup", Time since last: 2000120200 ns, Reaching safepoint: 141400 ns, At safepoint: 4400 ns, Total: 145800 ns
[2021-03-18T09:23:15.519+0000][24612][safepoint    ] Safepoint "Cleanup", Time since last: 1000389400 ns, Reaching safepoint: 441600 ns, At safepoint: 24600 ns, Total: 466200 ns
[2021-03-18T09:23:17.520+0000][24612][safepoint    ] Safepoint "Cleanup", Time since last: 2000490400 ns, Reaching safepoint: 117600 ns, At safepoint: 5400 ns, Total: 123000 ns
[2021-03-18T09:23:18.520+0000][24612][safepoint    ] Safepoint "Cleanup", Time since last: 1000075900 ns, Reaching safepoint: 412600 ns, At safepoint: 30400 ns, Total: 443000 ns
[2021-03-18T09:23:19.526+0000][24612][safepoint    ] Safepoint "Cleanup", Time since last: 1005898100 ns, Reaching safepoint: 118400 ns, At safepoint: 5900 ns, Total: 124300 ns
[2021-03-18T09:23:20.527+0000][24612][safepoint    ] Safepoint "Cleanup", Time since last: 1000723600 ns, Reaching safepoint: 366000 ns, At safepoint: 17600 ns, Total: 383600 ns
[2021-03-18T09:23:21.528+0000][24612][safepoint    ] Safepoint "Cleanup", Time since last: 1000100200 ns, Reaching safepoint: 176300 ns, At safepoint: 8100 ns, Total: 184400 ns
[2021-03-18T09:23:22.528+0000][24612][safepoint    ] Safepoint "Cleanup", Time since last: 1000380600 ns, Reaching safepoint: 122300 ns, At safepoint: 4500 ns, Total: 126800 ns
[2021-03-18T09:23:23.529+0000][24612][safepoint    ] Safepoint "Cleanup", Time since last: 1000273900 ns, Reaching safepoint: 136000 ns, At safepoint: 3300 ns, Total: 139300 ns
[2021-03-18T09:23:25.529+0000][24612][safepoint    ] Safepoint "Cleanup", Time since last: 2000483300 ns, Reaching safepoint: 150100 ns, At safepoint: 3800 ns, Total: 153900 ns
[2021-03-18T09:23:26.531+0000][24612][safepoint    ] Safepoint "Cleanup", Time since last: 1001151500 ns, Reaching safepoint: 117100 ns, At safepoint: 6900 ns, Total: 124000 ns
[2021-03-18T09:23:28.060+0000][24612][safepoint    ] Safepoint "Cleanup", Time since last: 1529577000 ns, Reaching safepoint: 155600 ns, At safepoint: 86700 ns, Total: 242300 ns
[2021-03-18T09:23:29.061+0000][24612][safepoint    ] Safepoint "Cleanup", Time since last: 1000448400 ns, Reaching safepoint: 112700 ns, At safepoint: 70100 ns, Total: 182800 ns
[2021-03-18T09:23:30.061+0000][24612][safepoint    ] Safepoint "Cleanup", Time since last: 1000190800 ns, Reaching safepoint: 139100 ns, At safepoint: 5800 ns, Total: 144900 ns
[2021-03-18T09:23:31.062+0000][24612][safepoint    ] Safepoint "Cleanup", Time since last: 1000271600 ns, Reaching safepoint: 260900 ns, At safepoint: 107100 ns, Total: 368000 ns
[2021-03-18T09:23:32.062+0000][24612][safepoint    ] Safepoint "Cleanup", Time since last: 1000423500 ns, Reaching safepoint: 191500 ns, At safepoint: 10200 ns, Total: 201700 ns
[2021-03-18T09:23:33.063+0000][24612][safepoint    ] Safepoint "Cleanup", Time since last: 1000264300 ns, Reaching safepoint: 197600 ns, At safepoint: 9800 ns, Total: 207400 ns
[2021-03-18T09:23:35.063+0000][24612][safepoint    ] Safepoint "Cleanup", Time since last: 2000309300 ns, Reaching safepoint: 142600 ns, At safepoint: 82300 ns, Total: 224900 ns
[2021-03-18T09:23:36.064+0000][24612][safepoint    ] Safepoint "Cleanup", Time since last: 1000569700 ns, Reaching safepoint: 201000 ns, At safepoint: 7800 ns, Total: 208800 ns
[2021-03-18T09:23:37.065+0000][24612][safepoint    ] Safepoint "Cleanup", Time since last: 1000377400 ns, Reaching safepoint: 294100 ns, At safepoint: 74400 ns, Total: 368500 ns
[2021-03-18T09:23:38.066+0000][24612][safepoint    ] Safepoint "Cleanup", Time since last: 1000736700 ns, Reaching safepoint: 444600 ns, At safepoint: 26700 ns, Total: 471300 ns
[2021-03-18T09:23:39.067+0000][24612][safepoint    ] Safepoint "Cleanup", Time since last: 1000506000 ns, Reaching safepoint: 392100 ns, At safepoint: 22800 ns, Total: 414900 ns
[2021-03-18T09:23:40.068+0000][24612][safepoint    ] Safepoint "Cleanup", Time since last: 1000917200 ns, Reaching safepoint: 174700 ns, At safepoint: 14800 ns, Total: 189500 ns
[2021-03-18T09:23:42.069+0000][24612][safepoint    ] Safepoint "Cleanup", Time since last: 2000423600 ns, Reaching safepoint: 179800 ns, At safepoint: 69200 ns, Total: 249000 ns
[2021-03-18T09:23:43.069+0000][24612][safepoint    ] Safepoint "Cleanup", Time since last: 1000200900 ns, Reaching safepoint: 358700 ns, At safepoint: 13900 ns, Total: 372600 ns
[2021-03-18T09:23:45.051+0000][24612][safepoint    ] Safepoint "Cleanup", Time since last: 1981744100 ns, Reaching safepoint: 268400 ns, At safepoint: 50600 ns, Total: 319000 ns
[2021-03-18T09:23:46.054+0000][24612][safepoint    ] Safepoint "Cleanup", Time since last: 1002421300 ns, Reaching safepoint: 473600 ns, At safepoint: 61100 ns, Total: 534700 ns
[2021-03-18T09:23:47.054+0000][24612][safepoint    ] Safepoint "Cleanup", Time since last: 1000080900 ns, Reaching safepoint: 448700 ns, At safepoint: 33600 ns, Total: 482300 ns
[2021-03-18T09:23:48.055+0000][24612][safepoint    ] Safepoint "Cleanup", Time since last: 1000354600 ns, Reaching safepoint: 216100 ns, At safepoint: 11300 ns, Total: 227400 ns
[2021-03-18T09:23:49.056+0000][24612][safepoint    ] Safepoint "Cleanup", Time since last: 1000574900 ns, Reaching safepoint: 228000 ns, At safepoint: 11500 ns, Total: 239500 ns
[2021-03-18T09:23:50.057+0000][24612][safepoint    ] Safepoint "Cleanup", Time since last: 1000634100 ns, Reaching safepoint: 143800 ns, At safepoint: 5900 ns, Total: 149700 ns
[2021-03-18T09:23:51.057+0000][24612][safepoint    ] Safepoint "Cleanup", Time since last: 1000521400 ns, Reaching safepoint: 135000 ns, At safepoint: 6000 ns, Total: 141000 ns
[2021-03-18T09:23:53.058+0000][24612][safepoint    ] Safepoint "Cleanup", Time since last: 2000848900 ns, Reaching safepoint: 108700 ns, At safepoint: 3300 ns, Total: 112000 ns
[2021-03-18T09:23:54.059+0000][24612][safepoint    ] Safepoint "Cleanup", Time since last: 1000006000 ns, Reaching safepoint: 226700 ns, At safepoint: 9300 ns, Total: 236000 ns
[2021-03-18T09:23:55.059+0000][24612][safepoint    ] Safepoint "Cleanup", Time since last: 1000504300 ns, Reaching safepoint: 145600 ns, At safepoint: 8900 ns, Total: 154500 ns
[2021-03-18T09:23:57.060+0000][24612][safepoint    ] Safepoint "Cleanup", Time since last: 2000383600 ns, Reaching safepoint: 103500 ns, At safepoint: 6600 ns, Total: 110100 ns
[2021-03-18T09:23:58.060+0000][24612][safepoint    ] Safepoint "Cleanup", Time since last: 1000484300 ns, Reaching safepoint: 119900 ns, At safepoint: 3200 ns, Total: 123100 ns
[2021-03-18T09:24:00.061+0000][24612][safepoint    ] Safepoint "Cleanup", Time since last: 2000255900 ns, Reaching safepoint: 119200 ns, At safepoint: 4500 ns, Total: 123700 ns
[2021-03-18T09:24:01.061+0000][24612][safepoint    ] Safepoint "Cleanup", Time since last: 1000478400 ns, Reaching safepoint: 140500 ns, At safepoint: 6700 ns, Total: 147200 ns
[2021-03-18T09:24:02.061+0000][24612][safepoint    ] Safepoint "Cleanup", Time since last: 1000261500 ns, Reaching safepoint: 262200 ns, At safepoint: 19400 ns, Total: 281600 ns
[2021-03-18T09:24:03.062+0000][24612][safepoint    ] Safepoint "Cleanup", Time since last: 1000447600 ns, Reaching safepoint: 181200 ns, At safepoint: 10600 ns, Total: 191800 ns
[2021-03-18T09:24:05.063+0000][24612][safepoint    ] Safepoint "Cleanup", Time since last: 2000535200 ns, Reaching safepoint: 151500 ns, At safepoint: 9900 ns, Total: 161400 ns
[2021-03-18T09:24:06.063+0000][24612][safepoint    ] Safepoint "Cleanup", Time since last: 1000094800 ns, Reaching safepoint: 164600 ns, At safepoint: 13700 ns, Total: 178300 ns
[2021-03-18T09:24:07.063+0000][24612][safepoint    ] Safepoint "Cleanup", Time since last: 1000018900 ns, Reaching safepoint: 353900 ns, At safepoint: 21800 ns, Total: 375700 ns
[2021-03-18T09:24:09.064+0000][24612][safepoint    ] Safepoint "Cleanup", Time since last: 2000098900 ns, Reaching safepoint: 174900 ns, At safepoint: 14200 ns, Total: 189100 ns
[2021-03-18T09:24:10.065+0000][24612][safepoint    ] Safepoint "Cleanup", Time since last: 1000876100 ns, Reaching safepoint: 143500 ns, At safepoint: 6000 ns, Total: 149500 ns
[2021-03-18T09:24:11.065+0000][24612][safepoint    ] Safepoint "Cleanup", Time since last: 1000105600 ns, Reaching safepoint: 165500 ns, At safepoint: 7800 ns, Total: 173300 ns
[2021-03-18T09:24:12.065+0000][24612][safepoint    ] Safepoint "Cleanup", Time since last: 1000384900 ns, Reaching safepoint: 257900 ns, At safepoint: 9100 ns, Total: 267000 ns
[2021-03-18T09:24:13.066+0000][24612][safepoint    ] Safepoint "Cleanup", Time since last: 1000169600 ns, Reaching safepoint: 151200 ns, At safepoint: 3800 ns, Total: 155000 ns
[2021-03-18T09:24:14.067+0000][24612][safepoint    ] Safepoint "Cleanup", Time since last: 1000446300 ns, Reaching safepoint: 371800 ns, At safepoint: 21200 ns, Total: 393000 ns
[2021-03-18T09:24:15.068+0000][24612][safepoint    ] Safepoint "Cleanup", Time since last: 1000724100 ns, Reaching safepoint: 154600 ns, At safepoint: 22900 ns, Total: 177500 ns
[2021-03-18T09:24:16.068+0000][24612][safepoint    ] Safepoint "Cleanup", Time since last: 1000202000 ns, Reaching safepoint: 373100 ns, At safepoint: 19500 ns, Total: 392600 ns
[2021-03-18T09:24:18.068+0000][24612][safepoint    ] Safepoint "Cleanup", Time since last: 2000117300 ns, Reaching safepoint: 242800 ns, At safepoint: 13800 ns, Total: 256600 ns
[2021-03-18T09:24:20.069+0000][24612][safepoint    ] Safepoint "Cleanup", Time since last: 2000271300 ns, Reaching safepoint: 108600 ns, At safepoint: 2800 ns, Total: 111400 ns
[2021-03-18T09:24:21.069+0000][24612][safepoint    ] Safepoint "Cleanup", Time since last: 1000049900 ns, Reaching safepoint: 147500 ns, At safepoint: 3000 ns, Total: 150500 ns
[2021-03-18T09:24:22.069+0000][24612][safepoint    ] Safepoint "Cleanup", Time since last: 1000046100 ns, Reaching safepoint: 131700 ns, At safepoint: 4100 ns, Total: 135800 ns
[2021-03-18T09:24:23.070+0000][24612][safepoint    ] Safepoint "Cleanup", Time since last: 1000648100 ns, Reaching safepoint: 192300 ns, At safepoint: 10200 ns, Total: 202500 ns
[2021-03-18T09:24:24.071+0000][24612][safepoint    ] Safepoint "Cleanup", Time since last: 1000804000 ns, Reaching safepoint: 262700 ns, At safepoint: 14000 ns, Total: 276700 ns
[2021-03-18T09:24:25.071+0000][24612][safepoint    ] Safepoint "Cleanup", Time since last: 1000098000 ns, Reaching safepoint: 140200 ns, At safepoint: 3800 ns, Total: 144000 ns
[2021-03-18T09:24:26.071+0000][24612][safepoint    ] Safepoint "Cleanup", Time since last: 1000061300 ns, Reaching safepoint: 133000 ns, At safepoint: 3900 ns, Total: 136900 ns
[2021-03-18T09:24:27.072+0000][24612][safepoint    ] Safepoint "Cleanup", Time since last: 1000187400 ns, Reaching safepoint: 392000 ns, At safepoint: 19400 ns, Total: 411400 ns
[2021-03-18T09:24:28.073+0000][24612][safepoint    ] Safepoint "Cleanup", Time since last: 1000914900 ns, Reaching safepoint: 430500 ns, At safepoint: 25200 ns, Total: 455700 ns
[2021-03-18T09:24:30.074+0000][24612][safepoint    ] Safepoint "Cleanup", Time since last: 2000187700 ns, Reaching safepoint: 246100 ns, At safepoint: 14700 ns, Total: 260800 ns
[2021-03-18T09:24:32.074+0000][24612][safepoint    ] Safepoint "Cleanup", Time since last: 2000087100 ns, Reaching safepoint: 257000 ns, At safepoint: 17400 ns, Total: 274400 ns
[2021-03-18T09:24:34.074+0000][24612][safepoint    ] Safepoint "Cleanup", Time since last: 2000141700 ns, Reaching safepoint: 356800 ns, At safepoint: 16300 ns, Total: 373100 ns
[2021-03-18T09:24:35.075+0000][24612][safepoint    ] Safepoint "Cleanup", Time since last: 1000300500 ns, Reaching safepoint: 173800 ns, At safepoint: 8500 ns, Total: 182300 ns
[2021-03-18T09:24:36.075+0000][24612][safepoint    ] Safepoint "Cleanup", Time since last: 1000247100 ns, Reaching safepoint: 113600 ns, At safepoint: 5300 ns, Total: 118900 ns
[2021-03-18T09:24:37.076+0000][24612][safepoint    ] Safepoint "Cleanup", Time since last: 1000327000 ns, Reaching safepoint: 177600 ns, At safepoint: 11500 ns, Total: 189100 ns
[2021-03-18T09:24:38.076+0000][24612][safepoint    ] Safepoint "Cleanup", Time since last: 1000520000 ns, Reaching safepoint: 195100 ns, At safepoint: 9300 ns, Total: 204400 ns
[2021-03-18T09:24:39.077+0000][24612][safepoint    ] Safepoint "Cleanup", Time since last: 1000276100 ns, Reaching safepoint: 421700 ns, At safepoint: 33900 ns, Total: 455600 ns
[2021-03-18T09:24:41.077+0000][24612][safepoint    ] Safepoint "Cleanup", Time since last: 1999799700 ns, Reaching safepoint: 102800 ns, At safepoint: 7100 ns, Total: 109900 ns
[2021-03-18T09:24:43.078+0000][24612][safepoint    ] Safepoint "Cleanup", Time since last: 2000519800 ns, Reaching safepoint: 92100 ns, At safepoint: 3600 ns, Total: 95700 ns
[2021-03-18T09:24:44.079+0000][24612][safepoint    ] Safepoint "Cleanup", Time since last: 1000784500 ns, Reaching safepoint: 211000 ns, At safepoint: 10400 ns, Total: 221400 ns
[2021-03-18T09:24:45.079+0000][24612][safepoint    ] Safepoint "Cleanup", Time since last: 1000531000 ns, Reaching safepoint: 133900 ns, At safepoint: 20600 ns, Total: 154500 ns
[2021-03-18T09:24:46.942+0000][24612][safepoint    ] Safepoint "Cleanup", Time since last: 1862736400 ns, Reaching safepoint: 140100 ns, At safepoint: 6100 ns, Total: 146200 ns
[2021-03-18T09:24:47.943+0000][24612][safepoint    ] Safepoint "Cleanup", Time since last: 1000371100 ns, Reaching safepoint: 225800 ns, At safepoint: 8100 ns, Total: 233900 ns
[2021-03-18T09:24:49.943+0000][24612][safepoint    ] Safepoint "Cleanup", Time since last: 2000409700 ns, Reaching safepoint: 224000 ns, At safepoint: 11000 ns, Total: 235000 ns
[2021-03-18T09:24:51.944+0000][24612][safepoint    ] Safepoint "Cleanup", Time since last: 2000806300 ns, Reaching safepoint: 129900 ns, At safepoint: 9100 ns, Total: 139000 ns
[2021-03-18T09:24:52.945+0000][24612][safepoint    ] Safepoint "Cleanup", Time since last: 1000347900 ns, Reaching safepoint: 106000 ns, At safepoint: 3600 ns, Total: 109600 ns
[2021-03-18T09:24:53.945+0000][24612][safepoint    ] Safepoint "Cleanup", Time since last: 1000322400 ns, Reaching safepoint: 208900 ns, At safepoint: 6400 ns, Total: 215300 ns
[2021-03-18T09:24:54.946+0000][24612][safepoint    ] Safepoint "Cleanup", Time since last: 1000494500 ns, Reaching safepoint: 231100 ns, At safepoint: 11600 ns, Total: 242700 ns
[2021-03-18T09:24:55.947+0000][24612][safepoint    ] Safepoint "Cleanup", Time since last: 1000717100 ns, Reaching safepoint: 130800 ns, At safepoint: 6100 ns, Total: 136900 ns
[2021-03-18T09:24:56.948+0000][24612][safepoint    ] Safepoint "Cleanup", Time since last: 1000831900 ns, Reaching safepoint: 195500 ns, At safepoint: 6500 ns, Total: 202000 ns
[2021-03-18T09:24:58.948+0000][24612][safepoint    ] Safepoint "Cleanup", Time since last: 2000699600 ns, Reaching safepoint: 105900 ns, At safepoint: 7200 ns, Total: 113100 ns
[2021-03-18T09:24:59.949+0000][24612][safepoint    ] Safepoint "Cleanup", Time since last: 1000430000 ns, Reaching safepoint: 112900 ns, At safepoint: 4000 ns, Total: 116900 ns
[2021-03-18T09:25:00.949+0000][24612][safepoint    ] Safepoint "Cleanup", Time since last: 1000057700 ns, Reaching safepoint: 109100 ns, At safepoint: 7400 ns, Total: 116500 ns
[2021-03-18T09:25:01.949+0000][24612][safepoint    ] Safepoint "Cleanup", Time since last: 1000017600 ns, Reaching safepoint: 130700 ns, At safepoint: 8600 ns, Total: 139300 ns
[2021-03-18T09:25:02.950+0000][24612][safepoint    ] Safepoint "Cleanup", Time since last: 1000522900 ns, Reaching safepoint: 131900 ns, At safepoint: 5100 ns, Total: 137000 ns
[2021-03-18T09:25:03.950+0000][24612][safepoint    ] Safepoint "Cleanup", Time since last: 1000443100 ns, Reaching safepoint: 393700 ns, At safepoint: 26800 ns, Total: 420500 ns
[2021-03-18T09:25:04.951+0000][24612][safepoint    ] Safepoint "Cleanup", Time since last: 1000239300 ns, Reaching safepoint: 152000 ns, At safepoint: 5500 ns, Total: 157500 ns
[2021-03-18T09:25:05.951+0000][24612][safepoint    ] Safepoint "Cleanup", Time since last: 1000159100 ns, Reaching safepoint: 185200 ns, At safepoint: 10800 ns, Total: 196000 ns
[2021-03-18T09:25:06.952+0000][24612][safepoint    ] Safepoint "Cleanup", Time since last: 1000341200 ns, Reaching safepoint: 123400 ns, At safepoint: 3900 ns, Total: 127300 ns
[2021-03-18T09:25:07.953+0000][24612][safepoint    ] Safepoint "Cleanup", Time since last: 1000838700 ns, Reaching safepoint: 128100 ns, At safepoint: 5800 ns, Total: 133900 ns
[2021-03-18T09:25:08.954+0000][24612][safepoint    ] Safepoint "Cleanup", Time since last: 1000831700 ns, Reaching safepoint: 173300 ns, At safepoint: 68900 ns, Total: 242200 ns
[2021-03-18T09:25:10.955+0000][24612][safepoint    ] Safepoint "Cleanup", Time since last: 2000807400 ns, Reaching safepoint: 268800 ns, At safepoint: 16200 ns, Total: 285000 ns
[2021-03-18T09:25:12.956+0000][24612][safepoint    ] Safepoint "Cleanup", Time since last: 2000540300 ns, Reaching safepoint: 140200 ns, At safepoint: 20800 ns, Total: 161000 ns
[2021-03-18T09:25:13.956+0000][24612][safepoint    ] Safepoint "Cleanup", Time since last: 1000064200 ns, Reaching safepoint: 279200 ns, At safepoint: 14900 ns, Total: 294100 ns
[2021-03-18T09:25:14.956+0000][24612][safepoint    ] Safepoint "Cleanup", Time since last: 1000298600 ns, Reaching safepoint: 272800 ns, At safepoint: 15500 ns, Total: 288300 ns
[2021-03-18T09:25:16.957+0000][24612][safepoint    ] Safepoint "Cleanup", Time since last: 2000776600 ns, Reaching safepoint: 196100 ns, At safepoint: 11800 ns, Total: 207900 ns
[2021-03-18T09:25:17.958+0000][24612][safepoint    ] Safepoint "Cleanup", Time since last: 1000362900 ns, Reaching safepoint: 117400 ns, At safepoint: 6300 ns, Total: 123700 ns
[2021-03-18T09:25:18.959+0000][24612][safepoint    ] Safepoint "Cleanup", Time since last: 1000836500 ns, Reaching safepoint: 112100 ns, At safepoint: 7500 ns, Total: 119600 ns
[2021-03-18T09:25:19.959+0000][24612][safepoint    ] Safepoint "Cleanup", Time since last: 1000136800 ns, Reaching safepoint: 121200 ns, At safepoint: 5500 ns, Total: 126700 ns
[2021-03-18T09:25:20.960+0000][24612][safepoint    ] Safepoint "Cleanup", Time since last: 1000323300 ns, Reaching safepoint: 114500 ns, At safepoint: 4300 ns, Total: 118800 ns
[2021-03-18T09:25:22.960+0000][24612][safepoint    ] Safepoint "Cleanup", Time since last: 2000167900 ns, Reaching safepoint: 176100 ns, At safepoint: 10200 ns, Total: 186300 ns
[2021-03-18T09:25:23.960+0000][24612][safepoint    ] Safepoint "Cleanup", Time since last: 1000436900 ns, Reaching safepoint: 162800 ns, At safepoint: 6000 ns, Total: 168800 ns
[2021-03-18T09:25:24.961+0000][24612][safepoint    ] Safepoint "Cleanup", Time since last: 1000525100 ns, Reaching safepoint: 101700 ns, At safepoint: 5600 ns, Total: 107300 ns
[2021-03-18T09:25:25.961+0000][24612][safepoint    ] Safepoint "Cleanup", Time since last: 1000269900 ns, Reaching safepoint: 142700 ns, At safepoint: 4100 ns, Total: 146800 ns
[2021-03-18T09:25:26.962+0000][24612][safepoint    ] Safepoint "Cleanup", Time since last: 1000101900 ns, Reaching safepoint: 131600 ns, At safepoint: 7100 ns, Total: 138700 ns
[2021-03-18T09:25:28.063+0000][24612][safepoint    ] Safepoint "Cleanup", Time since last: 1101611800 ns, Reaching safepoint: 139500 ns, At safepoint: 10200 ns, Total: 149700 ns
[2021-03-18T09:25:29.064+0000][24612][safepoint    ] Safepoint "Cleanup", Time since last: 1000553000 ns, Reaching safepoint: 114600 ns, At safepoint: 6800 ns, Total: 121400 ns
[2021-03-18T09:25:31.065+0000][24612][safepoint    ] Safepoint "Cleanup", Time since last: 2000904300 ns, Reaching safepoint: 89800 ns, At safepoint: 4000 ns, Total: 93800 ns
[2021-03-18T09:25:32.065+0000][24612][safepoint    ] Safepoint "Cleanup", Time since last: 1000219200 ns, Reaching safepoint: 169700 ns, At safepoint: 9100 ns, Total: 178800 ns
[2021-03-18T09:25:33.066+0000][24612][safepoint    ] Safepoint "Cleanup", Time since last: 1000599800 ns, Reaching safepoint: 129100 ns, At safepoint: 5700 ns, Total: 134800 ns
[2021-03-18T09:25:34.067+0000][24612][safepoint    ] Safepoint "Cleanup", Time since last: 1000836000 ns, Reaching safepoint: 141400 ns, At safepoint: 7000 ns, Total: 148400 ns
[2021-03-18T09:25:36.067+0000][24612][safepoint    ] Safepoint "Cleanup", Time since last: 2000183700 ns, Reaching safepoint: 148700 ns, At safepoint: 17600 ns, Total: 166300 ns
[2021-03-18T09:25:37.068+0000][24612][safepoint    ] Safepoint "Cleanup", Time since last: 1000631300 ns, Reaching safepoint: 109300 ns, At safepoint: 2100 ns, Total: 111400 ns
[2021-03-18T09:25:38.069+0000][24612][safepoint    ] Safepoint "Cleanup", Time since last: 1000338100 ns, Reaching safepoint: 118700 ns, At safepoint: 5700 ns, Total: 124400 ns
[2021-03-18T09:25:39.069+0000][24612][safepoint    ] Safepoint "Cleanup", Time since last: 1000675600 ns, Reaching safepoint: 95300 ns, At safepoint: 2900 ns, Total: 98200 ns
[2021-03-18T09:25:40.070+0000][24612][safepoint    ] Safepoint "Cleanup", Time since last: 1000707500 ns, Reaching safepoint: 298000 ns, At safepoint: 24500 ns, Total: 322500 ns
[2021-03-18T09:25:41.071+0000][24612][safepoint    ] Safepoint "Cleanup", Time since last: 1000076900 ns, Reaching safepoint: 93200 ns, At safepoint: 3900 ns, Total: 97100 ns
[2021-03-18T09:25:42.071+0000][24612][safepoint    ] Safepoint "Cleanup", Time since last: 1000489500 ns, Reaching safepoint: 375100 ns, At safepoint: 23700 ns, Total: 398800 ns
[2021-03-18T09:25:44.072+0000][24612][safepoint    ] Safepoint "Cleanup", Time since last: 2000147400 ns, Reaching safepoint: 159600 ns, At safepoint: 6900 ns, Total: 166500 ns
[2021-03-18T09:25:45.073+0000][24612][safepoint    ] Safepoint "Cleanup", Time since last: 1000827800 ns, Reaching safepoint: 167900 ns, At safepoint: 59800 ns, Total: 227700 ns
[2021-03-18T09:25:46.073+0000][24612][safepoint    ] Safepoint "Cleanup", Time since last: 1000293400 ns, Reaching safepoint: 107500 ns, At safepoint: 57700 ns, Total: 165200 ns
[2021-03-18T09:25:47.074+0000][24612][safepoint    ] Safepoint "Cleanup", Time since last: 1001163000 ns, Reaching safepoint: 120100 ns, At safepoint: 68700 ns, Total: 188800 ns
[2021-03-18T09:25:48.075+0000][24612][safepoint    ] Safepoint "Cleanup", Time since last: 1000692400 ns, Reaching safepoint: 174300 ns, At safepoint: 63900 ns, Total: 238200 ns
[2021-03-18T09:25:49.076+0000][24612][safepoint    ] Safepoint "Cleanup", Time since last: 1000433500 ns, Reaching safepoint: 148900 ns, At safepoint: 65800 ns, Total: 214700 ns
[2021-03-18T09:25:50.076+0000][24612][safepoint    ] Safepoint "Cleanup", Time since last: 1000153500 ns, Reaching safepoint: 133200 ns, At safepoint: 55900 ns, Total: 189100 ns
[2021-03-18T09:25:51.077+0000][24612][safepoint    ] Safepoint "Cleanup", Time since last: 1000399600 ns, Reaching safepoint: 134100 ns, At safepoint: 61100 ns, Total: 195200 ns
[2021-03-18T09:25:52.077+0000][24612][safepoint    ] Safepoint "Cleanup", Time since last: 1000039300 ns, Reaching safepoint: 131900 ns, At safepoint: 75600 ns, Total: 207500 ns
[2021-03-18T09:25:54.078+0000][24612][safepoint    ] Safepoint "Cleanup", Time since last: 2000692500 ns, Reaching safepoint: 382300 ns, At safepoint: 34200 ns, Total: 416500 ns
[2021-03-18T09:25:56.078+0000][24612][safepoint    ] Safepoint "Cleanup", Time since last: 2000171300 ns, Reaching safepoint: 178100 ns, At safepoint: 7600 ns, Total: 185700 ns
[2021-03-18T09:25:57.079+0000][24612][safepoint    ] Safepoint "Cleanup", Time since last: 1000846900 ns, Reaching safepoint: 172400 ns, At safepoint: 63900 ns, Total: 236300 ns
[2021-03-18T09:25:58.080+0000][24612][safepoint    ] Safepoint "Cleanup", Time since last: 1000624800 ns, Reaching safepoint: 207600 ns, At safepoint: 12900 ns, Total: 220500 ns
[2021-03-18T09:25:59.082+0000][24612][safepoint    ] Safepoint "Cleanup", Time since last: 1001022800 ns, Reaching safepoint: 223500 ns, At safepoint: 81100 ns, Total: 304600 ns
[2021-03-18T09:26:01.082+0000][24612][safepoint    ] Safepoint "Cleanup", Time since last: 2000550300 ns, Reaching safepoint: 129600 ns, At safepoint: 23600 ns, Total: 153200 ns
[2021-03-18T09:26:02.083+0000][24612][safepoint    ] Safepoint "Cleanup", Time since last: 1000391600 ns, Reaching safepoint: 105400 ns, At safepoint: 22400 ns, Total: 127800 ns
[2021-03-18T09:26:03.083+0000][24612][safepoint    ] Safepoint "Cleanup", Time since last: 1000416900 ns, Reaching safepoint: 129000 ns, At safepoint: 8000 ns, Total: 137000 ns
[2021-03-18T09:26:04.508+0000][24612][safepoint    ] Safepoint "Cleanup", Time since last: 1424705100 ns, Reaching safepoint: 94300 ns, At safepoint: 19500 ns, Total: 113800 ns
[2021-03-18T09:26:05.509+0000][24612][safepoint    ] Safepoint "Cleanup", Time since last: 1000790900 ns, Reaching safepoint: 140400 ns, At safepoint: 8300 ns, Total: 148700 ns
[2021-03-18T09:26:06.509+0000][24612][safepoint    ] Safepoint "Cleanup", Time since last: 1000167300 ns, Reaching safepoint: 82900 ns, At safepoint: 2500 ns, Total: 85400 ns
[2021-03-18T09:26:07.510+0000][24612][safepoint    ] Safepoint "Cleanup", Time since last: 1000380600 ns, Reaching safepoint: 359800 ns, At safepoint: 23400 ns, Total: 383200 ns
[2021-03-18T09:26:08.510+0000][24612][safepoint    ] Safepoint "Cleanup", Time since last: 1000057500 ns, Reaching safepoint: 117400 ns, At safepoint: 5700 ns, Total: 123100 ns
[2021-03-18T09:26:09.511+0000][24612][safepoint    ] Safepoint "Cleanup", Time since last: 1000546500 ns, Reaching safepoint: 254600 ns, At safepoint: 10400 ns, Total: 265000 ns
[2021-03-18T09:26:11.511+0000][24612][safepoint    ] Safepoint "Cleanup", Time since last: 1999929300 ns, Reaching safepoint: 116200 ns, At safepoint: 3700 ns, Total: 119900 ns
[2021-03-18T09:26:13.512+0000][24612][safepoint    ] Safepoint "Cleanup", Time since last: 2000486100 ns, Reaching safepoint: 163200 ns, At safepoint: 8700 ns, Total: 171900 ns
[2021-03-18T09:26:14.512+0000][24612][safepoint    ] Safepoint "Cleanup", Time since last: 1000386900 ns, Reaching safepoint: 107000 ns, At safepoint: 6200 ns, Total: 113200 ns
[2021-03-18T09:26:15.512+0000][24612][safepoint    ] Safepoint "Cleanup", Time since last: 1000145400 ns, Reaching safepoint: 352500 ns, At safepoint: 19300 ns, Total: 371800 ns
[2021-03-18T09:26:17.513+0000][24612][safepoint    ] Safepoint "Cleanup", Time since last: 1999914100 ns, Reaching safepoint: 129100 ns, At safepoint: 5000 ns, Total: 134100 ns
[2021-03-18T09:26:18.514+0000][24612][safepoint    ] Safepoint "Cleanup", Time since last: 1000788100 ns, Reaching safepoint: 176500 ns, At safepoint: 7200 ns, Total: 183700 ns
[2021-03-18T09:26:20.514+0000][24612][safepoint    ] Safepoint "Cleanup", Time since last: 2000273200 ns, Reaching safepoint: 152600 ns, At safepoint: 6800 ns, Total: 159400 ns
[2021-03-18T09:26:21.514+0000][24612][safepoint    ] Safepoint "Cleanup", Time since last: 1000396200 ns, Reaching safepoint: 153700 ns, At safepoint: 4600 ns, Total: 158300 ns
[2021-03-18T09:26:22.515+0000][24612][safepoint    ] Safepoint "Cleanup", Time since last: 1000391000 ns, Reaching safepoint: 111000 ns, At safepoint: 8800 ns, Total: 119800 ns
[2021-03-18T09:26:24.516+0000][24612][safepoint    ] Safepoint "Cleanup", Time since last: 2000417300 ns, Reaching safepoint: 120300 ns, At safepoint: 8900 ns, Total: 129200 ns
[2021-03-18T09:26:26.516+0000][24612][safepoint    ] Safepoint "Cleanup", Time since last: 2000486800 ns, Reaching safepoint: 111800 ns, At safepoint: 7500 ns, Total: 119300 ns
[2021-03-18T09:26:28.108+0000][24612][safepoint    ] Safepoint "Cleanup", Time since last: 1591595800 ns, Reaching safepoint: 189400 ns, At safepoint: 19800 ns, Total: 209200 ns
[2021-03-18T09:26:30.109+0000][24612][safepoint    ] Safepoint "Cleanup", Time since last: 2000859600 ns, Reaching safepoint: 130600 ns, At safepoint: 18200 ns, Total: 148800 ns
[2021-03-18T09:26:31.109+0000][24612][safepoint    ] Safepoint "Cleanup", Time since last: 1000516600 ns, Reaching safepoint: 117100 ns, At safepoint: 17300 ns, Total: 134400 ns
[2021-03-18T09:26:32.110+0000][24612][safepoint    ] Safepoint "Cleanup", Time since last: 1000438200 ns, Reaching safepoint: 122300 ns, At safepoint: 17000 ns, Total: 139300 ns
[2021-03-18T09:26:33.111+0000][24612][safepoint    ] Safepoint "Cleanup", Time since last: 1000422000 ns, Reaching safepoint: 103800 ns, At safepoint: 21000 ns, Total: 124800 ns
[2021-03-18T09:26:34.111+0000][24612][safepoint    ] Safepoint "Cleanup", Time since last: 1000489200 ns, Reaching safepoint: 248900 ns, At safepoint: 18000 ns, Total: 266900 ns
[2021-03-18T09:26:36.112+0000][24612][safepoint    ] Safepoint "Cleanup", Time since last: 2000290800 ns, Reaching safepoint: 314700 ns, At safepoint: 131500 ns, Total: 446200 ns
[2021-03-18T09:26:37.113+0000][24612][safepoint    ] Safepoint "Cleanup", Time since last: 1000578700 ns, Reaching safepoint: 136200 ns, At safepoint: 4400 ns, Total: 140600 ns
[2021-03-18T09:26:38.113+0000][24612][safepoint    ] Safepoint "Cleanup", Time since last: 1000207600 ns, Reaching safepoint: 285800 ns, At safepoint: 16000 ns, Total: 301800 ns
[2021-03-18T09:26:39.114+0000][24612][safepoint    ] Safepoint "Cleanup", Time since last: 1000753700 ns, Reaching safepoint: 166800 ns, At safepoint: 4300 ns, Total: 171100 ns
[2021-03-18T09:26:40.115+0000][24612][safepoint    ] Safepoint "Cleanup", Time since last: 1000649400 ns, Reaching safepoint: 400800 ns, At safepoint: 25900 ns, Total: 426700 ns
[2021-03-18T09:26:41.115+0000][24612][safepoint    ] Safepoint "Cleanup", Time since last: 1000352700 ns, Reaching safepoint: 441500 ns, At safepoint: 29200 ns, Total: 470700 ns
[2021-03-18T09:26:42.117+0000][24612][safepoint    ] Safepoint "Cleanup", Time since last: 1001339900 ns, Reaching safepoint: 213800 ns, At safepoint: 12300 ns, Total: 226100 ns
[2021-03-18T09:26:43.118+0000][24612][safepoint    ] Safepoint "Cleanup", Time since last: 1000417600 ns, Reaching safepoint: 174300 ns, At safepoint: 5700 ns, Total: 180000 ns
[2021-03-18T09:26:44.119+0000][24612][safepoint    ] Safepoint "Cleanup", Time since last: 1000628000 ns, Reaching safepoint: 105900 ns, At safepoint: 5800 ns, Total: 111700 ns
[2021-03-18T09:26:45.119+0000][24612][safepoint    ] Safepoint "Cleanup", Time since last: 1000438300 ns, Reaching safepoint: 161500 ns, At safepoint: 21600 ns, Total: 183100 ns
[2021-03-18T09:26:46.120+0000][24612][safepoint    ] Safepoint "Cleanup", Time since last: 1000700300 ns, Reaching safepoint: 392700 ns, At safepoint: 24100 ns, Total: 416800 ns
[2021-03-18T09:26:47.121+0000][24612][safepoint    ] Safepoint "Cleanup", Time since last: 1000394400 ns, Reaching safepoint: 385500 ns, At safepoint: 22400 ns, Total: 407900 ns
[2021-03-18T09:26:48.122+0000][24612][safepoint    ] Safepoint "Cleanup", Time since last: 1000238400 ns, Reaching safepoint: 151700 ns, At safepoint: 6700 ns, Total: 158400 ns
[2021-03-18T09:26:49.122+0000][24612][safepoint    ] Safepoint "Cleanup", Time since last: 1000059700 ns, Reaching safepoint: 299000 ns, At safepoint: 18300 ns, Total: 317300 ns
[2021-03-18T09:26:50.123+0000][24612][safepoint    ] Safepoint "Cleanup", Time since last: 1000489100 ns, Reaching safepoint: 351500 ns, At safepoint: 26900 ns, Total: 378400 ns
[2021-03-18T09:26:51.123+0000][24612][safepoint    ] Safepoint "Cleanup", Time since last: 1000380400 ns, Reaching safepoint: 403900 ns, At safepoint: 24500 ns, Total: 428400 ns
[2021-03-18T09:26:52.124+0000][24612][safepoint    ] Safepoint "Cleanup", Time since last: 1000172000 ns, Reaching safepoint: 379000 ns, At safepoint: 22800 ns, Total: 401800 ns
[2021-03-18T09:26:53.125+0000][24612][safepoint    ] Safepoint "Cleanup", Time since last: 1000679800 ns, Reaching safepoint: 140100 ns, At safepoint: 4000 ns, Total: 144100 ns
[2021-03-18T09:26:54.126+0000][24612][safepoint    ] Safepoint "Cleanup", Time since last: 1000535500 ns, Reaching safepoint: 141900 ns, At safepoint: 7600 ns, Total: 149500 ns
[2021-03-18T09:26:55.127+0000][24612][safepoint    ] Safepoint "Cleanup", Time since last: 1001162400 ns, Reaching safepoint: 113700 ns, At safepoint: 3300 ns, Total: 117000 ns
[2021-03-18T09:26:56.127+0000][24612][safepoint    ] Safepoint "Cleanup", Time since last: 1000043400 ns, Reaching safepoint: 125600 ns, At safepoint: 24400 ns, Total: 150000 ns
[2021-03-18T09:26:57.127+0000][24612][safepoint    ] Safepoint "Cleanup", Time since last: 1000030700 ns, Reaching safepoint: 145100 ns, At safepoint: 3800 ns, Total: 148900 ns
[2021-03-18T09:26:58.128+0000][24612][safepoint    ] Safepoint "Cleanup", Time since last: 1000580200 ns, Reaching safepoint: 248800 ns, At safepoint: 8500 ns, Total: 257300 ns
[2021-03-18T09:26:59.128+0000][24612][safepoint    ] Safepoint "Cleanup", Time since last: 1000339200 ns, Reaching safepoint: 231300 ns, At safepoint: 9400 ns, Total: 240700 ns
[2021-03-18T09:27:00.129+0000][24612][safepoint    ] Safepoint "Cleanup", Time since last: 1000579200 ns, Reaching safepoint: 131500 ns, At safepoint: 11800 ns, Total: 143300 ns
[2021-03-18T09:27:02.130+0000][24612][safepoint    ] Safepoint "Cleanup", Time since last: 2000391200 ns, Reaching safepoint: 91300 ns, At safepoint: 3700 ns, Total: 95000 ns
[2021-03-18T09:27:03.130+0000][24612][safepoint    ] Safepoint "Cleanup", Time since last: 1000512500 ns, Reaching safepoint: 107500 ns, At safepoint: 7000 ns, Total: 114500 ns
[2021-03-18T09:27:04.131+0000][24612][safepoint    ] Safepoint "Cleanup", Time since last: 1000413800 ns, Reaching safepoint: 144700 ns, At safepoint: 2900 ns, Total: 147600 ns
[2021-03-18T09:27:05.132+0000][24612][safepoint    ] Safepoint "Cleanup", Time since last: 1000469800 ns, Reaching safepoint: 127200 ns, At safepoint: 6600 ns, Total: 133800 ns
[2021-03-18T09:27:06.132+0000][24612][safepoint    ] Safepoint "Cleanup", Time since last: 1000249300 ns, Reaching safepoint: 149100 ns, At safepoint: 6800 ns, Total: 155900 ns
[2021-03-18T09:27:07.132+0000][24612][safepoint    ] Safepoint "Cleanup", Time since last: 1000071600 ns, Reaching safepoint: 103600 ns, At safepoint: 7400 ns, Total: 111000 ns
[2021-03-18T09:27:08.133+0000][24612][safepoint    ] Safepoint "Cleanup", Time since last: 1000475600 ns, Reaching safepoint: 94500 ns, At safepoint: 7100 ns, Total: 101600 ns
[2021-03-18T09:27:09.133+0000][24612][safepoint    ] Safepoint "Cleanup", Time since last: 1000348700 ns, Reaching safepoint: 136700 ns, At safepoint: 4500 ns, Total: 141200 ns
[2021-03-18T09:27:10.134+0000][24612][safepoint    ] Safepoint "Cleanup", Time since last: 1000484500 ns, Reaching safepoint: 107000 ns, At safepoint: 7100 ns, Total: 114100 ns
[2021-03-18T09:27:11.134+0000][24612][safepoint    ] Safepoint "Cleanup", Time since last: 1000506600 ns, Reaching safepoint: 121600 ns, At safepoint: 7300 ns, Total: 128900 ns
[2021-03-18T09:27:12.135+0000][24612][safepoint    ] Safepoint "Cleanup", Time since last: 1000273500 ns, Reaching safepoint: 113300 ns, At safepoint: 7600 ns, Total: 120900 ns
[2021-03-18T09:27:12.714+0000][24612][gc,start     ] GC(14) Pause Young (Normal) (G1 Evacuation Pause)
[2021-03-18T09:27:12.714+0000][24612][gc,task      ] GC(14) Using 8 workers of 8 for evacuation
[2021-03-18T09:27:12.714+0000][24612][gc,age       ] GC(14) Desired survivor size 34078720 bytes, new threshold 15 (max threshold 15)
[2021-03-18T09:27:12.735+0000][24612][gc,age       ] GC(14) Age table with threshold 15 (max threshold 15)
[2021-03-18T09:27:12.735+0000][24612][gc,age       ] GC(14) - age   1:      90832 bytes,      90832 total
[2021-03-18T09:27:12.735+0000][24612][gc,age       ] GC(14) - age   2:      11328 bytes,     102160 total
[2021-03-18T09:27:12.735+0000][24612][gc,age       ] GC(14) - age   3:      16904 bytes,     119064 total
[2021-03-18T09:27:12.735+0000][24612][gc,age       ] GC(14) - age   4:     460152 bytes,     579216 total
[2021-03-18T09:27:12.735+0000][24612][gc,age       ] GC(14) - age   5:    2600840 bytes,    3180056 total
[2021-03-18T09:27:12.735+0000][24612][gc,age       ] GC(14) - age   6:   14765536 bytes,   17945592 total
[2021-03-18T09:27:12.735+0000][24612][gc,age       ] GC(14) - age   7:    7897592 bytes,   25843184 total
[2021-03-18T09:27:12.735+0000][24612][gc,phases    ] GC(14)   Pre Evacuate Collection Set: 0.1ms
[2021-03-18T09:27:12.735+0000][24612][gc,phases    ] GC(14)   Merge Heap Roots: 0.1ms
[2021-03-18T09:27:12.736+0000][24612][gc,phases    ] GC(14)   Evacuate Collection Set: 17.7ms
[2021-03-18T09:27:12.736+0000][24612][gc,phases    ] GC(14)   Post Evacuate Collection Set: 3.0ms
[2021-03-18T09:27:12.736+0000][24612][gc,phases    ] GC(14)   Other: 0.8ms
[2021-03-18T09:27:12.736+0000][24612][gc,heap      ] GC(14) Eden regions: 490->0(492)
[2021-03-18T09:27:12.736+0000][24612][gc,heap      ] GC(14) Survivor regions: 27->26(65)
[2021-03-18T09:27:12.736+0000][24612][gc,heap      ] GC(14) Old regions: 50->50
[2021-03-18T09:27:12.736+0000][24612][gc,heap      ] GC(14) Archive regions: 0->0
[2021-03-18T09:27:12.736+0000][24612][gc,heap      ] GC(14) Humongous regions: 174->174
[2021-03-18T09:27:12.736+0000][24612][gc,metaspace ] GC(14) Metaspace: 84897K(90780K)->84897K(90780K) NonClass: 73872K(77340K)->73872K(77340K) Class: 11024K(13440K)->11024K(13440K)
[2021-03-18T09:27:12.736+0000][24612][gc           ] GC(14) Pause Young (Normal) (G1 Evacuation Pause) 740M->249M(1024M) 22.158ms
[2021-03-18T09:27:12.736+0000][24612][gc,cpu       ] GC(14) User=0.11s Sys=0.00s Real=0.02s
[2021-03-18T09:27:12.736+0000][24612][safepoint    ] Safepoint "G1CollectForAllocation", Time since last: 578915100 ns, Reaching safepoint: 151700 ns, At safepoint: 22373300 ns, Total: 22525000 ns
[2021-03-18T09:27:14.736+0000][24612][safepoint    ] Safepoint "Cleanup", Time since last: 1999825500 ns, Reaching safepoint: 125300 ns, At safepoint: 3700 ns, Total: 129000 ns
[2021-03-18T09:27:15.737+0000][24612][safepoint    ] Safepoint "Cleanup", Time since last: 1000574500 ns, Reaching safepoint: 223300 ns, At safepoint: 2700 ns, Total: 226000 ns
[2021-03-18T09:27:17.737+0000][24612][safepoint    ] Safepoint "Cleanup", Time since last: 2000338300 ns, Reaching safepoint: 144300 ns, At safepoint: 4000 ns, Total: 148300 ns
[2021-03-18T09:27:19.738+0000][24612][safepoint    ] Safepoint "Cleanup", Time since last: 2000596200 ns, Reaching safepoint: 121000 ns, At safepoint: 21700 ns, Total: 142700 ns
[2021-03-18T09:27:21.032+0000][24612][safepoint    ] Safepoint "Cleanup", Time since last: 1293492200 ns, Reaching safepoint: 155900 ns, At safepoint: 8400 ns, Total: 164300 ns
[2021-03-18T09:27:22.032+0000][24612][safepoint    ] Safepoint "Cleanup", Time since last: 1000647000 ns, Reaching safepoint: 106900 ns, At safepoint: 7400 ns, Total: 114300 ns
[2021-03-18T09:27:24.033+0000][24612][safepoint    ] Safepoint "Cleanup", Time since last: 2000218000 ns, Reaching safepoint: 114900 ns, At safepoint: 4700 ns, Total: 119600 ns
[2021-03-18T09:27:25.033+0000][24612][safepoint    ] Safepoint "Cleanup", Time since last: 1000448200 ns, Reaching safepoint: 103900 ns, At safepoint: 3000 ns, Total: 106900 ns
[2021-03-18T09:27:26.034+0000][24612][safepoint    ] Safepoint "Cleanup", Time since last: 1000680400 ns, Reaching safepoint: 143400 ns, At safepoint: 7500 ns, Total: 150900 ns
[2021-03-18T09:27:27.035+0000][24612][safepoint    ] Safepoint "Cleanup", Time since last: 1000680700 ns, Reaching safepoint: 143800 ns, At safepoint: 4300 ns, Total: 148100 ns
[2021-03-18T09:27:28.035+0000][24612][safepoint    ] Safepoint "Cleanup", Time since last: 1000551300 ns, Reaching safepoint: 119700 ns, At safepoint: 6800 ns, Total: 126500 ns
[2021-03-18T09:27:29.036+0000][24612][safepoint    ] Safepoint "Cleanup", Time since last: 1000036900 ns, Reaching safepoint: 147500 ns, At safepoint: 8900 ns, Total: 156400 ns
[2021-03-18T09:27:31.037+0000][24612][safepoint    ] Safepoint "Cleanup", Time since last: 2000990700 ns, Reaching safepoint: 151200 ns, At safepoint: 7300 ns, Total: 158500 ns
[2021-03-18T09:27:32.037+0000][24612][safepoint    ] Safepoint "Cleanup", Time since last: 1000225900 ns, Reaching safepoint: 201000 ns, At safepoint: 15700 ns, Total: 216700 ns
[2021-03-18T09:27:34.038+0000][24612][safepoint    ] Safepoint "Cleanup", Time since last: 2000509700 ns, Reaching safepoint: 148500 ns, At safepoint: 9100 ns, Total: 157600 ns
[2021-03-18T09:27:36.038+0000][24612][safepoint    ] Safepoint "Cleanup", Time since last: 2000093600 ns, Reaching safepoint: 148100 ns, At safepoint: 8300 ns, Total: 156400 ns
[2021-03-18T09:27:37.039+0000][24612][safepoint    ] Safepoint "Cleanup", Time since last: 1000536400 ns, Reaching safepoint: 136200 ns, At safepoint: 7900 ns, Total: 144100 ns
[2021-03-18T09:27:38.039+0000][24612][safepoint    ] Safepoint "Cleanup", Time since last: 1000196800 ns, Reaching safepoint: 119400 ns, At safepoint: 6300 ns, Total: 125700 ns
[2021-03-18T09:27:39.039+0000][24612][safepoint    ] Safepoint "Cleanup", Time since last: 1000196300 ns, Reaching safepoint: 160600 ns, At safepoint: 12600 ns, Total: 173200 ns
[2021-03-18T09:27:40.047+0000][24612][safepoint    ] Safepoint "Cleanup", Time since last: 1007532500 ns, Reaching safepoint: 322100 ns, At safepoint: 9900 ns, Total: 332000 ns
[2021-03-18T09:27:41.047+0000][24612][safepoint    ] Safepoint "Cleanup", Time since last: 1000089100 ns, Reaching safepoint: 129500 ns, At safepoint: 7900 ns, Total: 137400 ns
[2021-03-18T09:27:42.048+0000][24612][safepoint    ] Safepoint "Cleanup", Time since last: 1000447300 ns, Reaching safepoint: 145700 ns, At safepoint: 10000 ns, Total: 155700 ns
[2021-03-18T09:27:43.048+0000][24612][safepoint    ] Safepoint "Cleanup", Time since last: 1000405000 ns, Reaching safepoint: 342600 ns, At safepoint: 14100 ns, Total: 356700 ns
[2021-03-18T09:27:45.049+0000][24612][safepoint    ] Safepoint "Cleanup", Time since last: 2000505200 ns, Reaching safepoint: 180600 ns, At safepoint: 14600 ns, Total: 195200 ns
[2021-03-18T09:27:47.050+0000][24612][safepoint    ] Safepoint "Cleanup", Time since last: 2000388300 ns, Reaching safepoint: 136400 ns, At safepoint: 9500 ns, Total: 145900 ns
[2021-03-18T09:27:49.050+0000][24612][safepoint    ] Safepoint "Cleanup", Time since last: 1999958300 ns, Reaching safepoint: 115100 ns, At safepoint: 9200 ns, Total: 124300 ns
[2021-03-18T09:27:50.051+0000][24612][safepoint    ] Safepoint "Cleanup", Time since last: 1000788600 ns, Reaching safepoint: 123500 ns, At safepoint: 8300 ns, Total: 131800 ns
[2021-03-18T09:27:51.052+0000][24612][safepoint    ] Safepoint "Cleanup", Time since last: 1000836500 ns, Reaching safepoint: 316900 ns, At safepoint: 16800 ns, Total: 333700 ns
[2021-03-18T09:27:52.053+0000][24612][safepoint    ] Safepoint "Cleanup", Time since last: 1000556700 ns, Reaching safepoint: 130700 ns, At safepoint: 5000 ns, Total: 135700 ns
[2021-03-18T09:27:54.053+0000][24612][safepoint    ] Safepoint "Cleanup", Time since last: 1999913400 ns, Reaching safepoint: 124800 ns, At safepoint: 10900 ns, Total: 135700 ns
[2021-03-18T09:27:55.053+0000][24612][safepoint    ] Safepoint "Cleanup", Time since last: 1000249000 ns, Reaching safepoint: 123600 ns, At safepoint: 3800 ns, Total: 127400 ns
[2021-03-18T09:27:56.053+0000][24612][safepoint    ] Safepoint "Cleanup", Time since last: 1000006900 ns, Reaching safepoint: 154700 ns, At safepoint: 9800 ns, Total: 164500 ns
[2021-03-18T09:27:57.054+0000][24612][safepoint    ] Safepoint "Cleanup", Time since last: 1000524000 ns, Reaching safepoint: 121900 ns, At safepoint: 8400 ns, Total: 130300 ns
[2021-03-18T09:27:58.054+0000][24612][safepoint    ] Safepoint "Cleanup", Time since last: 1000505400 ns, Reaching safepoint: 133400 ns, At safepoint: 6000 ns, Total: 139400 ns
[2021-03-18T09:27:59.055+0000][24612][safepoint    ] Safepoint "Cleanup", Time since last: 1000781100 ns, Reaching safepoint: 125700 ns, At safepoint: 4500 ns, Total: 130200 ns
[2021-03-18T09:28:01.056+0000][24612][safepoint    ] Safepoint "Cleanup", Time since last: 2000647400 ns, Reaching safepoint: 126400 ns, At safepoint: 10700 ns, Total: 137100 ns
[2021-03-18T09:28:03.056+0000][24612][safepoint    ] Safepoint "Cleanup", Time since last: 2000034300 ns, Reaching safepoint: 130400 ns, At safepoint: 8700 ns, Total: 139100 ns
[2021-03-18T09:28:04.057+0000][24612][safepoint    ] Safepoint "Cleanup", Time since last: 1000565500 ns, Reaching safepoint: 150600 ns, At safepoint: 8100 ns, Total: 158700 ns
[2021-03-18T09:28:05.058+0000][24612][safepoint    ] Safepoint "Cleanup", Time since last: 1000647600 ns, Reaching safepoint: 131200 ns, At safepoint: 6000 ns, Total: 137200 ns
[2021-03-18T09:28:06.058+0000][24612][safepoint    ] Safepoint "Cleanup", Time since last: 1000658800 ns, Reaching safepoint: 92800 ns, At safepoint: 3400 ns, Total: 96200 ns
[2021-03-18T09:28:07.059+0000][24612][safepoint    ] Safepoint "Cleanup", Time since last: 1000131200 ns, Reaching safepoint: 180500 ns, At safepoint: 9500 ns, Total: 190000 ns
[2021-03-18T09:28:08.059+0000][24612][safepoint    ] Safepoint "Cleanup", Time since last: 1000635400 ns, Reaching safepoint: 319100 ns, At safepoint: 15500 ns, Total: 334600 ns
[2021-03-18T09:28:10.060+0000][24612][safepoint    ] Safepoint "Cleanup", Time since last: 2000290600 ns, Reaching safepoint: 643100 ns, At safepoint: 32900 ns, Total: 676000 ns
[2021-03-18T09:28:11.062+0000][24612][safepoint    ] Safepoint "Cleanup", Time since last: 1001204300 ns, Reaching safepoint: 148800 ns, At safepoint: 4600 ns, Total: 153400 ns
[2021-03-18T09:28:13.062+0000][24612][safepoint    ] Safepoint "Cleanup", Time since last: 2000231900 ns, Reaching safepoint: 104100 ns, At safepoint: 5600 ns, Total: 109700 ns
[2021-03-18T09:28:14.062+0000][24612][safepoint    ] Safepoint "Cleanup", Time since last: 1000343400 ns, Reaching safepoint: 367900 ns, At safepoint: 15100 ns, Total: 383000 ns
[2021-03-18T09:28:15.063+0000][24612][safepoint    ] Safepoint "Cleanup", Time since last: 1000248100 ns, Reaching safepoint: 125200 ns, At safepoint: 9400 ns, Total: 134600 ns
[2021-03-18T09:28:17.064+0000][24612][safepoint    ] Safepoint "Cleanup", Time since last: 2000306800 ns, Reaching safepoint: 128400 ns, At safepoint: 10900 ns, Total: 139300 ns
[2021-03-18T09:28:18.064+0000][24612][safepoint    ] Safepoint "Cleanup", Time since last: 1000480400 ns, Reaching safepoint: 156000 ns, At safepoint: 5100 ns, Total: 161100 ns
[2021-03-18T09:28:19.065+0000][24612][safepoint    ] Safepoint "Cleanup", Time since last: 1000205800 ns, Reaching safepoint: 113900 ns, At safepoint: 6100 ns, Total: 120000 ns
[2021-03-18T09:28:21.066+0000][24612][safepoint    ] Safepoint "Cleanup", Time since last: 2000937300 ns, Reaching safepoint: 125300 ns, At safepoint: 4900 ns, Total: 130200 ns
[2021-03-18T09:28:22.066+0000][24612][safepoint    ] Safepoint "Cleanup", Time since last: 1000591200 ns, Reaching safepoint: 118800 ns, At safepoint: 7100 ns, Total: 125900 ns
[2021-03-18T09:28:23.067+0000][24612][safepoint    ] Safepoint "Cleanup", Time since last: 1000133000 ns, Reaching safepoint: 114400 ns, At safepoint: 9900 ns, Total: 124300 ns
[2021-03-18T09:28:24.067+0000][24612][safepoint    ] Safepoint "Cleanup", Time since last: 1000752800 ns, Reaching safepoint: 143300 ns, At safepoint: 6800 ns, Total: 150100 ns
[2021-03-18T09:28:25.068+0000][24612][safepoint    ] Safepoint "Cleanup", Time since last: 1000946200 ns, Reaching safepoint: 112400 ns, At safepoint: 6300 ns, Total: 118700 ns
[2021-03-18T09:28:27.057+0000][24612][safepoint    ] Safepoint "BulkRevokeBias", Time since last: 1987316800 ns, Reaching safepoint: 125900 ns, At safepoint: 1424000 ns, Total: 1549900 ns
[2021-03-18T09:28:28.061+0000][24612][safepoint    ] Safepoint "Cleanup", Time since last: 1003477200 ns, Reaching safepoint: 113000 ns, At safepoint: 9300 ns, Total: 122300 ns
[2021-03-18T09:28:29.061+0000][24612][safepoint    ] Safepoint "Cleanup", Time since last: 1000083300 ns, Reaching safepoint: 163600 ns, At safepoint: 5200 ns, Total: 168800 ns
[2021-03-18T09:28:30.062+0000][24612][safepoint    ] Safepoint "Cleanup", Time since last: 1000378200 ns, Reaching safepoint: 106300 ns, At safepoint: 8700 ns, Total: 115000 ns
[2021-03-18T09:28:31.062+0000][24612][safepoint    ] Safepoint "Cleanup", Time since last: 1000799100 ns, Reaching safepoint: 146600 ns, At safepoint: 7400 ns, Total: 154000 ns
[2021-03-18T09:28:33.063+0000][24612][safepoint    ] Safepoint "Cleanup", Time since last: 1999998200 ns, Reaching safepoint: 131400 ns, At safepoint: 9300 ns, Total: 140700 ns
[2021-03-18T09:28:34.064+0000][24612][safepoint    ] Safepoint "Cleanup", Time since last: 1001168800 ns, Reaching safepoint: 125300 ns, At safepoint: 3400 ns, Total: 128700 ns
[2021-03-18T09:28:35.064+0000][24612][safepoint    ] Safepoint "Cleanup", Time since last: 1000493200 ns, Reaching safepoint: 194100 ns, At safepoint: 6700 ns, Total: 200800 ns
[2021-03-18T09:28:36.065+0000][24612][safepoint    ] Safepoint "Cleanup", Time since last: 1000414500 ns, Reaching safepoint: 236300 ns, At safepoint: 11700 ns, Total: 248000 ns
[2021-03-18T09:28:37.066+0000][24612][safepoint    ] Safepoint "Cleanup", Time since last: 1000386900 ns, Reaching safepoint: 109800 ns, At safepoint: 2400 ns, Total: 112200 ns
[2021-03-18T09:28:39.066+0000][24612][safepoint    ] Safepoint "Cleanup", Time since last: 2000096900 ns, Reaching safepoint: 113100 ns, At safepoint: 9100 ns, Total: 122200 ns
[2021-03-18T09:28:40.067+0000][24612][safepoint    ] Safepoint "Cleanup", Time since last: 1000786300 ns, Reaching safepoint: 117100 ns, At safepoint: 5400 ns, Total: 122500 ns
[2021-03-18T09:28:41.067+0000][24612][safepoint    ] Safepoint "Cleanup", Time since last: 1000435300 ns, Reaching safepoint: 113600 ns, At safepoint: 21400 ns, Total: 135000 ns
[2021-03-18T09:28:42.068+0000][24612][safepoint    ] Safepoint "Cleanup", Time since last: 1000231300 ns, Reaching safepoint: 124200 ns, At safepoint: 8500 ns, Total: 132700 ns
[2021-03-18T09:28:43.068+0000][24612][safepoint    ] Safepoint "Cleanup", Time since last: 1000553400 ns, Reaching safepoint: 124200 ns, At safepoint: 11500 ns, Total: 135700 ns
[2021-03-18T09:28:44.068+0000][24612][safepoint    ] Safepoint "Cleanup", Time since last: 1000123600 ns, Reaching safepoint: 273300 ns, At safepoint: 9500 ns, Total: 282800 ns
[2021-03-18T09:28:45.069+0000][24612][safepoint    ] Safepoint "Cleanup", Time since last: 1000661400 ns, Reaching safepoint: 139300 ns, At safepoint: 6800 ns, Total: 146100 ns
[2021-03-18T09:28:46.070+0000][24612][safepoint    ] Safepoint "Cleanup", Time since last: 1000716400 ns, Reaching safepoint: 395200 ns, At safepoint: 25200 ns, Total: 420400 ns
[2021-03-18T09:28:47.071+0000][24612][safepoint    ] Safepoint "Cleanup", Time since last: 1000315900 ns, Reaching safepoint: 150500 ns, At safepoint: 6600 ns, Total: 157100 ns
[2021-03-18T09:28:48.072+0000][24612][safepoint    ] Safepoint "Cleanup", Time since last: 1000629200 ns, Reaching safepoint: 192000 ns, At safepoint: 11400 ns, Total: 203400 ns
[2021-03-18T09:28:49.072+0000][24612][safepoint    ] Safepoint "Cleanup", Time since last: 1000289000 ns, Reaching safepoint: 214600 ns, At safepoint: 6600 ns, Total: 221200 ns
[2021-03-18T09:28:50.073+0000][24612][safepoint    ] Safepoint "Cleanup", Time since last: 1000352300 ns, Reaching safepoint: 124000 ns, At safepoint: 4300 ns, Total: 128300 ns
[2021-03-18T09:28:51.073+0000][24612][safepoint    ] Safepoint "Cleanup", Time since last: 1000367100 ns, Reaching safepoint: 172800 ns, At safepoint: 3500 ns, Total: 176300 ns
[2021-03-18T09:28:52.074+0000][24612][safepoint    ] Safepoint "Cleanup", Time since last: 1000811900 ns, Reaching safepoint: 111600 ns, At safepoint: 7900 ns, Total: 119500 ns
[2021-03-18T09:28:53.075+0000][24612][safepoint    ] Safepoint "Cleanup", Time since last: 1000300800 ns, Reaching safepoint: 107400 ns, At safepoint: 6000 ns, Total: 113400 ns
[2021-03-18T09:28:54.075+0000][24612][safepoint    ] Safepoint "Cleanup", Time since last: 1000504100 ns, Reaching safepoint: 113000 ns, At safepoint: 8800 ns, Total: 121800 ns
[2021-03-18T09:28:55.519+0000][24612][safepoint    ] Safepoint "Cleanup", Time since last: 1443941000 ns, Reaching safepoint: 138900 ns, At safepoint: 6200 ns, Total: 145100 ns
[2021-03-18T09:28:56.520+0000][24612][safepoint    ] Safepoint "Cleanup", Time since last: 1000595300 ns, Reaching safepoint: 129800 ns, At safepoint: 68100 ns, Total: 197900 ns
[2021-03-18T09:28:57.520+0000][24612][safepoint    ] Safepoint "Cleanup", Time since last: 1000065700 ns, Reaching safepoint: 179500 ns, At safepoint: 26800 ns, Total: 206300 ns
[2021-03-18T09:28:59.521+0000][24612][safepoint    ] Safepoint "Cleanup", Time since last: 2000288400 ns, Reaching safepoint: 121000 ns, At safepoint: 16500 ns, Total: 137500 ns
[2021-03-18T09:29:00.522+0000][24612][safepoint    ] Safepoint "Cleanup", Time since last: 1000797000 ns, Reaching safepoint: 116500 ns, At safepoint: 3600 ns, Total: 120100 ns
[2021-03-18T09:29:01.523+0000][24612][safepoint    ] Safepoint "Cleanup", Time since last: 1000872700 ns, Reaching safepoint: 168400 ns, At safepoint: 14900 ns, Total: 183300 ns
[2021-03-18T09:29:02.523+0000][24612][safepoint    ] Safepoint "Cleanup", Time since last: 1000377900 ns, Reaching safepoint: 230000 ns, At safepoint: 4600 ns, Total: 234600 ns
[2021-03-18T09:29:04.523+0000][24612][safepoint    ] Safepoint "Cleanup", Time since last: 2000153000 ns, Reaching safepoint: 166800 ns, At safepoint: 11000 ns, Total: 177800 ns
[2021-03-18T09:29:06.524+0000][24612][safepoint    ] Safepoint "Cleanup", Time since last: 2000565600 ns, Reaching safepoint: 165800 ns, At safepoint: 5500 ns, Total: 171300 ns
[2021-03-18T09:29:07.525+0000][24612][safepoint    ] Safepoint "Cleanup", Time since last: 1000498800 ns, Reaching safepoint: 136700 ns, At safepoint: 9600 ns, Total: 146300 ns
[2021-03-18T09:29:08.526+0000][24612][safepoint    ] Safepoint "Cleanup", Time since last: 1000631000 ns, Reaching safepoint: 128500 ns, At safepoint: 3800 ns, Total: 132300 ns
[2021-03-18T09:29:10.526+0000][24612][safepoint    ] Safepoint "Cleanup", Time since last: 2000494800 ns, Reaching safepoint: 144000 ns, At safepoint: 10400 ns, Total: 154400 ns
[2021-03-18T09:29:11.527+0000][24612][safepoint    ] Safepoint "Cleanup", Time since last: 1000278400 ns, Reaching safepoint: 225100 ns, At safepoint: 9600 ns, Total: 234700 ns
[2021-03-18T09:29:12.527+0000][24612][safepoint    ] Safepoint "Cleanup", Time since last: 1000214600 ns, Reaching safepoint: 133400 ns, At safepoint: 9700 ns, Total: 143100 ns
[2021-03-18T09:29:13.527+0000][24612][safepoint    ] Safepoint "Cleanup", Time since last: 1000150800 ns, Reaching safepoint: 153100 ns, At safepoint: 9900 ns, Total: 163000 ns
[2021-03-18T09:29:15.527+0000][24612][safepoint    ] Safepoint "Cleanup", Time since last: 1999927200 ns, Reaching safepoint: 126000 ns, At safepoint: 9600 ns, Total: 135600 ns
[2021-03-18T09:29:17.528+0000][24612][safepoint    ] Safepoint "Cleanup", Time since last: 2000718900 ns, Reaching safepoint: 189700 ns, At safepoint: 11300 ns, Total: 201000 ns
[2021-03-18T09:29:18.528+0000][24612][safepoint    ] Safepoint "Cleanup", Time since last: 1000023800 ns, Reaching safepoint: 131600 ns, At safepoint: 10200 ns, Total: 141800 ns
[2021-03-18T09:29:19.529+0000][24612][safepoint    ] Safepoint "Cleanup", Time since last: 1000184600 ns, Reaching safepoint: 185300 ns, At safepoint: 10000 ns, Total: 195300 ns
[2021-03-18T09:29:20.529+0000][24612][safepoint    ] Safepoint "Cleanup", Time since last: 1000233400 ns, Reaching safepoint: 107900 ns, At safepoint: 2900 ns, Total: 110800 ns
[2021-03-18T09:29:22.529+0000][24612][safepoint    ] Safepoint "Cleanup", Time since last: 1999948200 ns, Reaching safepoint: 126300 ns, At safepoint: 9900 ns, Total: 136200 ns
[2021-03-18T09:29:24.530+0000][24612][safepoint    ] Safepoint "Cleanup", Time since last: 2000851300 ns, Reaching safepoint: 134800 ns, At safepoint: 11500 ns, Total: 146300 ns
[2021-03-18T09:29:25.531+0000][24612][safepoint    ] Safepoint "Cleanup", Time since last: 1000425100 ns, Reaching safepoint: 145700 ns, At safepoint: 11300 ns, Total: 157000 ns
[2021-03-18T09:29:26.531+0000][24612][safepoint    ] Safepoint "Cleanup", Time since last: 1000061700 ns, Reaching safepoint: 132700 ns, At safepoint: 6300 ns, Total: 139000 ns
[2021-03-18T09:29:28.057+0000][24612][safepoint    ] Safepoint "Cleanup", Time since last: 1526118400 ns, Reaching safepoint: 192800 ns, At safepoint: 12700 ns, Total: 205500 ns
[2021-03-18T09:29:30.057+0000][24612][safepoint    ] Safepoint "Cleanup", Time since last: 2000023200 ns, Reaching safepoint: 184900 ns, At safepoint: 21300 ns, Total: 206200 ns
[2021-03-18T09:29:31.058+0000][24612][safepoint    ] Safepoint "Cleanup", Time since last: 1000573200 ns, Reaching safepoint: 132700 ns, At safepoint: 55900 ns, Total: 188600 ns
[2021-03-18T09:29:33.059+0000][24612][safepoint    ] Safepoint "Cleanup", Time since last: 2000571800 ns, Reaching safepoint: 131900 ns, At safepoint: 6300 ns, Total: 138200 ns
[2021-03-18T09:29:34.059+0000][24612][safepoint    ] Safepoint "Cleanup", Time since last: 1000218300 ns, Reaching safepoint: 126100 ns, At safepoint: 2700 ns, Total: 128800 ns
[2021-03-18T09:29:35.060+0000][24612][safepoint    ] Safepoint "Cleanup", Time since last: 1000668100 ns, Reaching safepoint: 267300 ns, At safepoint: 14300 ns, Total: 281600 ns
[2021-03-18T09:29:36.061+0000][24612][safepoint    ] Safepoint "Cleanup", Time since last: 1000505700 ns, Reaching safepoint: 91700 ns, At safepoint: 20800 ns, Total: 112500 ns
[2021-03-18T09:29:37.061+0000][24612][safepoint    ] Safepoint "Cleanup", Time since last: 1000387600 ns, Reaching safepoint: 124400 ns, At safepoint: 7500 ns, Total: 131900 ns
[2021-03-18T09:29:38.062+0000][24612][safepoint    ] Safepoint "Cleanup", Time since last: 1000391200 ns, Reaching safepoint: 375900 ns, At safepoint: 22600 ns, Total: 398500 ns
[2021-03-18T09:29:40.062+0000][24612][safepoint    ] Safepoint "Cleanup", Time since last: 1999720700 ns, Reaching safepoint: 126100 ns, At safepoint: 6600 ns, Total: 132700 ns
[2021-03-18T09:29:41.062+0000][24612][safepoint    ] Safepoint "Cleanup", Time since last: 1000021400 ns, Reaching safepoint: 155700 ns, At safepoint: 5900 ns, Total: 161600 ns
[2021-03-18T09:29:42.063+0000][24612][safepoint    ] Safepoint "Cleanup", Time since last: 1000785100 ns, Reaching safepoint: 197000 ns, At safepoint: 9400 ns, Total: 206400 ns
[2021-03-18T09:29:43.063+0000][24612][safepoint    ] Safepoint "Cleanup", Time since last: 1000021000 ns, Reaching safepoint: 283600 ns, At safepoint: 24400 ns, Total: 308000 ns
[2021-03-18T09:29:44.063+0000][24612][safepoint    ] Safepoint "Cleanup", Time since last: 1000198700 ns, Reaching safepoint: 150900 ns, At safepoint: 6800 ns, Total: 157700 ns
[2021-03-18T09:29:45.064+0000][24612][safepoint    ] Safepoint "Cleanup", Time since last: 1000011000 ns, Reaching safepoint: 202000 ns, At safepoint: 8200 ns, Total: 210200 ns
[2021-03-18T09:31:28.066+0000][24612][safepoint    ] Safepoint "Cleanup", Time since last: 103004108200 ns, Reaching safepoint: 294900 ns, At safepoint: 14000 ns, Total: 308900 ns
[2021-03-18T09:33:49.056+0000][24612][safepoint    ] Safepoint "Cleanup", Time since last: 140991394200 ns, Reaching safepoint: 463900 ns, At safepoint: 128300 ns, Total: 592200 ns
[2021-03-18T09:34:08.064+0000][24612][safepoint    ] Safepoint "Cleanup", Time since last: 19007668200 ns, Reaching safepoint: 200100 ns, At safepoint: 80400 ns, Total: 280500 ns
[2021-03-18T09:34:39.079+0000][24612][safepoint    ] Safepoint "Cleanup", Time since last: 31014907400 ns, Reaching safepoint: 192500 ns, At safepoint: 72500 ns, Total: 265000 ns
[2021-03-18T09:34:45.081+0000][24612][safepoint    ] Safepoint "Cleanup", Time since last: 6001977800 ns, Reaching safepoint: 202900 ns, At safepoint: 91600 ns, Total: 294500 ns
[2021-03-18T09:35:11.097+0000][24612][safepoint    ] Safepoint "Cleanup", Time since last: 26016131100 ns, Reaching safepoint: 385800 ns, At safepoint: 108600 ns, Total: 494400 ns
[2021-03-18T09:35:24.104+0000][24612][safepoint    ] Safepoint "Cleanup", Time since last: 13007217000 ns, Reaching safepoint: 566500 ns, At safepoint: 182700 ns, Total: 749200 ns
[2021-03-18T09:36:14.540+0000][24612][safepoint    ] Safepoint "Cleanup", Time since last: 50435439000 ns, Reaching safepoint: 198000 ns, At safepoint: 7100 ns, Total: 205100 ns
[2021-03-18T09:36:45.557+0000][24612][safepoint    ] Safepoint "Cleanup", Time since last: 31016833000 ns, Reaching safepoint: 145000 ns, At safepoint: 4600 ns, Total: 149600 ns
[2021-03-18T09:37:07.567+0000][24612][safepoint    ] Safepoint "Cleanup", Time since last: 22010770200 ns, Reaching safepoint: 137700 ns, At safepoint: 5100 ns, Total: 142800 ns
[2021-03-18T09:37:28.042+0000][24612][safepoint    ] Safepoint "Cleanup", Time since last: 20474524100 ns, Reaching safepoint: 153300 ns, At safepoint: 6200 ns, Total: 159500 ns
[2021-03-18T09:38:37.077+0000][24612][safepoint    ] Safepoint "Cleanup", Time since last: 69035391300 ns, Reaching safepoint: 139200 ns, At safepoint: 67400 ns, Total: 206600 ns
[2021-03-18T09:39:06.090+0000][24612][safepoint    ] Safepoint "Cleanup", Time since last: 29013838200 ns, Reaching safepoint: 105200 ns, At safepoint: 7400 ns, Total: 112600 ns
[2021-03-18T09:39:16.094+0000][24612][safepoint    ] Safepoint "Cleanup", Time since last: 10003767800 ns, Reaching safepoint: 143900 ns, At safepoint: 5800 ns, Total: 149700 ns
[2021-03-18T09:39:25.098+0000][24612][safepoint    ] Safepoint "Cleanup", Time since last: 9003964300 ns, Reaching safepoint: 125100 ns, At safepoint: 19100 ns, Total: 144200 ns
[2021-03-18T09:41:27.038+0000][24612][safepoint    ] Safepoint "BulkRevokeBias", Time since last: 121940166600 ns, Reaching safepoint: 196700 ns, At safepoint: 1531100 ns, Total: 1727800 ns
[2021-03-18T09:41:46.048+0000][24612][safepoint    ] Safepoint "Cleanup", Time since last: 19009574500 ns, Reaching safepoint: 163500 ns, At safepoint: 21200 ns, Total: 184700 ns
[2021-03-18T09:42:07.059+0000][24612][safepoint    ] Safepoint "Cleanup", Time since last: 21011025200 ns, Reaching safepoint: 445100 ns, At safepoint: 156800 ns, Total: 601900 ns
[2021-03-18T09:42:09.061+0000][24612][safepoint    ] Safepoint "Cleanup", Time since last: 2001498200 ns, Reaching safepoint: 389400 ns, At safepoint: 22200 ns, Total: 411600 ns
[2021-03-18T09:42:27.058+0000][24612][safepoint    ] Safepoint "Cleanup", Time since last: 17996866600 ns, Reaching safepoint: 94800 ns, At safepoint: 6800 ns, Total: 101600 ns
[2021-03-18T09:42:39.067+0000][24612][safepoint    ] Safepoint "Cleanup", Time since last: 12008646900 ns, Reaching safepoint: 499500 ns, At safepoint: 148800 ns, Total: 648300 ns
[2021-03-18T09:44:09.110+0000][24612][safepoint    ] Safepoint "Cleanup", Time since last: 90043313700 ns, Reaching safepoint: 184200 ns, At safepoint: 8100 ns, Total: 192300 ns
[2021-03-18T09:44:28.061+0000][24612][safepoint    ] Safepoint "Cleanup", Time since last: 18950809400 ns, Reaching safepoint: 170700 ns, At safepoint: 5600 ns, Total: 176300 ns
[2021-03-18T09:44:29.062+0000][24612][safepoint    ] Safepoint "Cleanup", Time since last: 1000685400 ns, Reaching safepoint: 376200 ns, At safepoint: 23400 ns, Total: 399600 ns
[2021-03-18T09:44:31.062+0000][24612][safepoint    ] Safepoint "Cleanup", Time since last: 1999939800 ns, Reaching safepoint: 161600 ns, At safepoint: 6200 ns, Total: 167800 ns
[2021-03-18T09:44:32.063+0000][24612][safepoint    ] Safepoint "Cleanup", Time since last: 1000197300 ns, Reaching safepoint: 416400 ns, At safepoint: 25900 ns, Total: 442300 ns
[2021-03-18T09:44:34.064+0000][24612][safepoint    ] Safepoint "Cleanup", Time since last: 2000505200 ns, Reaching safepoint: 430500 ns, At safepoint: 34800 ns, Total: 465300 ns
[2021-03-18T09:44:35.065+0000][24612][safepoint    ] Safepoint "Cleanup", Time since last: 1000503200 ns, Reaching safepoint: 130400 ns, At safepoint: 3700 ns, Total: 134100 ns
[2021-03-18T09:44:36.065+0000][24612][safepoint    ] Safepoint "Cleanup", Time since last: 1000166200 ns, Reaching safepoint: 356200 ns, At safepoint: 15800 ns, Total: 372000 ns
[2021-03-18T09:44:37.066+0000][24612][safepoint    ] Safepoint "Cleanup", Time since last: 1000793200 ns, Reaching safepoint: 529200 ns, At safepoint: 34200 ns, Total: 563400 ns
[2021-03-18T09:44:39.067+0000][24612][safepoint    ] Safepoint "Cleanup", Time since last: 2000502600 ns, Reaching safepoint: 111200 ns, At safepoint: 18100 ns, Total: 129300 ns
[2021-03-18T09:44:40.068+0000][24612][safepoint    ] Safepoint "Cleanup", Time since last: 1001014000 ns, Reaching safepoint: 183200 ns, At safepoint: 8900 ns, Total: 192100 ns
[2021-03-18T09:44:41.069+0000][24612][safepoint    ] Safepoint "Cleanup", Time since last: 1000455300 ns, Reaching safepoint: 91400 ns, At safepoint: 3500 ns, Total: 94900 ns
[2021-03-18T09:44:43.069+0000][24612][safepoint    ] Safepoint "Cleanup", Time since last: 2000605700 ns, Reaching safepoint: 375500 ns, At safepoint: 16300 ns, Total: 391800 ns
[2021-03-18T09:44:44.071+0000][24612][safepoint    ] Safepoint "Cleanup", Time since last: 1000694100 ns, Reaching safepoint: 368800 ns, At safepoint: 14600 ns, Total: 383400 ns
[2021-03-18T09:44:45.071+0000][24612][safepoint    ] Safepoint "Cleanup", Time since last: 1000391300 ns, Reaching safepoint: 370500 ns, At safepoint: 15900 ns, Total: 386400 ns
[2021-03-18T09:44:47.072+0000][24612][safepoint    ] Safepoint "Cleanup", Time since last: 2000413800 ns, Reaching safepoint: 378700 ns, At safepoint: 14100 ns, Total: 392800 ns
[2021-03-18T09:44:48.073+0000][24612][safepoint    ] Safepoint "Cleanup", Time since last: 1000025400 ns, Reaching safepoint: 235600 ns, At safepoint: 8500 ns, Total: 244100 ns
[2021-03-18T09:44:49.073+0000][24612][safepoint    ] Safepoint "Cleanup", Time since last: 1000508500 ns, Reaching safepoint: 178300 ns, At safepoint: 6800 ns, Total: 185100 ns
[2021-03-18T09:44:50.074+0000][24612][safepoint    ] Safepoint "Cleanup", Time since last: 1000093700 ns, Reaching safepoint: 356000 ns, At safepoint: 12900 ns, Total: 368900 ns
[2021-03-18T09:44:52.074+0000][24612][safepoint    ] Safepoint "Cleanup", Time since last: 2000353100 ns, Reaching safepoint: 134100 ns, At safepoint: 9800 ns, Total: 143900 ns
[2021-03-18T09:44:53.075+0000][24612][safepoint    ] Safepoint "Cleanup", Time since last: 1000175200 ns, Reaching safepoint: 108700 ns, At safepoint: 3300 ns, Total: 112000 ns
[2021-03-18T09:44:53.216+0000][24612][gc,start     ] GC(15) Pause Young (Normal) (G1 Evacuation Pause)
[2021-03-18T09:44:53.216+0000][24612][gc,task      ] GC(15) Using 8 workers of 8 for evacuation
[2021-03-18T09:44:53.216+0000][24612][gc,age       ] GC(15) Desired survivor size 34078720 bytes, new threshold 15 (max threshold 15)
[2021-03-18T09:44:53.236+0000][24612][gc,age       ] GC(15) Age table with threshold 15 (max threshold 15)
[2021-03-18T09:44:53.236+0000][24612][gc,age       ] GC(15) - age   1:      83080 bytes,      83080 total
[2021-03-18T09:44:53.236+0000][24612][gc,age       ] GC(15) - age   2:      12744 bytes,      95824 total
[2021-03-18T09:44:53.236+0000][24612][gc,age       ] GC(15) - age   3:      11136 bytes,     106960 total
[2021-03-18T09:44:53.236+0000][24612][gc,age       ] GC(15) - age   4:      16904 bytes,     123864 total
[2021-03-18T09:44:53.236+0000][24612][gc,age       ] GC(15) - age   5:     460152 bytes,     584016 total
[2021-03-18T09:44:53.236+0000][24612][gc,age       ] GC(15) - age   6:    2600840 bytes,    3184856 total
[2021-03-18T09:44:53.236+0000][24612][gc,age       ] GC(15) - age   7:   14765536 bytes,   17950392 total
[2021-03-18T09:44:53.236+0000][24612][gc,age       ] GC(15) - age   8:    7897592 bytes,   25847984 total
[2021-03-18T09:44:53.236+0000][24612][gc,phases    ] GC(15)   Pre Evacuate Collection Set: 0.5ms
[2021-03-18T09:44:53.236+0000][24612][gc,phases    ] GC(15)   Merge Heap Roots: 0.5ms
[2021-03-18T09:44:53.236+0000][24612][gc,phases    ] GC(15)   Evacuate Collection Set: 15.4ms
[2021-03-18T09:44:53.237+0000][24612][gc,phases    ] GC(15)   Post Evacuate Collection Set: 2.5ms
[2021-03-18T09:44:53.237+0000][24612][gc,phases    ] GC(15)   Other: 1.1ms
[2021-03-18T09:44:53.237+0000][24612][gc,heap      ] GC(15) Eden regions: 492->0(490)
[2021-03-18T09:44:53.237+0000][24612][gc,heap      ] GC(15) Survivor regions: 26->27(65)
[2021-03-18T09:44:53.237+0000][24612][gc,heap      ] GC(15) Old regions: 50->50
[2021-03-18T09:44:53.237+0000][24612][gc,heap      ] GC(15) Archive regions: 0->0
[2021-03-18T09:44:53.237+0000][24612][gc,heap      ] GC(15) Humongous regions: 174->174
[2021-03-18T09:44:53.237+0000][24612][gc,metaspace ] GC(15) Metaspace: 84996K(90780K)->84996K(90780K) NonClass: 73972K(77340K)->73972K(77340K) Class: 11024K(13440K)->11024K(13440K)
[2021-03-18T09:44:53.237+0000][24612][gc           ] GC(15) Pause Young (Normal) (G1 Evacuation Pause) 741M->250M(1024M) 20.205ms
[2021-03-18T09:44:53.237+0000][24612][gc,cpu       ] GC(15) User=0.13s Sys=0.00s Real=0.02s
[2021-03-18T09:44:53.237+0000][24612][safepoint    ] Safepoint "G1CollectForAllocation", Time since last: 141108600 ns, Reaching safepoint: 581200 ns, At safepoint: 20532900 ns, Total: 21114100 ns
[2021-03-18T09:44:54.237+0000][24612][safepoint    ] Safepoint "Cleanup", Time since last: 1000490700 ns, Reaching safepoint: 122300 ns, At safepoint: 3300 ns, Total: 125600 ns
[2021-03-18T09:44:55.238+0000][24612][safepoint    ] Safepoint "Cleanup", Time since last: 1000576500 ns, Reaching safepoint: 148300 ns, At safepoint: 5100 ns, Total: 153400 ns
[2021-03-18T09:44:56.238+0000][24612][safepoint    ] Safepoint "Cleanup", Time since last: 1000100600 ns, Reaching safepoint: 433700 ns, At safepoint: 24300 ns, Total: 458000 ns
[2021-03-18T09:44:58.239+0000][24612][safepoint    ] Safepoint "Cleanup", Time since last: 2000053500 ns, Reaching safepoint: 82000 ns, At safepoint: 18500 ns, Total: 100500 ns
[2021-03-18T09:44:59.239+0000][24612][safepoint    ] Safepoint "Cleanup", Time since last: 1000190600 ns, Reaching safepoint: 98600 ns, At safepoint: 4300 ns, Total: 102900 ns
[2021-03-18T09:45:01.239+0000][24612][safepoint    ] Safepoint "Cleanup", Time since last: 2000147000 ns, Reaching safepoint: 108400 ns, At safepoint: 2700 ns, Total: 111100 ns
[2021-03-18T09:45:02.240+0000][24612][safepoint    ] Safepoint "Cleanup", Time since last: 1000128300 ns, Reaching safepoint: 155000 ns, At safepoint: 5000 ns, Total: 160000 ns
[2021-03-18T09:45:03.240+0000][24612][safepoint    ] Safepoint "Cleanup", Time since last: 1000009400 ns, Reaching safepoint: 128800 ns, At safepoint: 4700 ns, Total: 133500 ns
[2021-03-18T09:45:04.240+0000][24612][safepoint    ] Safepoint "Cleanup", Time since last: 1000211600 ns, Reaching safepoint: 107600 ns, At safepoint: 2900 ns, Total: 110500 ns
[2021-03-18T09:45:05.240+0000][24612][safepoint    ] Safepoint "Cleanup", Time since last: 1000215800 ns, Reaching safepoint: 101600 ns, At safepoint: 4100 ns, Total: 105700 ns
[2021-03-18T09:45:06.241+0000][24612][safepoint    ] Safepoint "Cleanup", Time since last: 1000538300 ns, Reaching safepoint: 110000 ns, At safepoint: 5500 ns, Total: 115500 ns
[2021-03-18T09:45:07.242+0000][24612][safepoint    ] Safepoint "Cleanup", Time since last: 1000639300 ns, Reaching safepoint: 109600 ns, At safepoint: 7000 ns, Total: 116600 ns
[2021-03-18T09:45:08.242+0000][24612][safepoint    ] Safepoint "Cleanup", Time since last: 1000047500 ns, Reaching safepoint: 94600 ns, At safepoint: 3600 ns, Total: 98200 ns
[2021-03-18T09:45:09.243+0000][24612][safepoint    ] Safepoint "Cleanup", Time since last: 1000675800 ns, Reaching safepoint: 109800 ns, At safepoint: 2700 ns, Total: 112500 ns
[2021-03-18T09:45:10.244+0000][24612][safepoint    ] Safepoint "Cleanup", Time since last: 1000867700 ns, Reaching safepoint: 97200 ns, At safepoint: 5300 ns, Total: 102500 ns
[2021-03-18T09:45:11.245+0000][24612][safepoint    ] Safepoint "Cleanup", Time since last: 1000888300 ns, Reaching safepoint: 145200 ns, At safepoint: 17400 ns, Total: 162600 ns
[2021-03-18T09:45:12.245+0000][24612][safepoint    ] Safepoint "Cleanup", Time since last: 1000592500 ns, Reaching safepoint: 128400 ns, At safepoint: 3000 ns, Total: 131400 ns
[2021-03-18T09:45:13.246+0000][24612][safepoint    ] Safepoint "Cleanup", Time since last: 1000271200 ns, Reaching safepoint: 106100 ns, At safepoint: 5400 ns, Total: 111500 ns
[2021-03-18T09:45:14.246+0000][24612][safepoint    ] Safepoint "Cleanup", Time since last: 1000379700 ns, Reaching safepoint: 146400 ns, At safepoint: 3400 ns, Total: 149800 ns
[2021-03-18T09:45:15.247+0000][24612][safepoint    ] Safepoint "Cleanup", Time since last: 1000083000 ns, Reaching safepoint: 122100 ns, At safepoint: 5500 ns, Total: 127600 ns
[2021-03-18T09:45:16.247+0000][24612][safepoint    ] Safepoint "Cleanup", Time since last: 1000338200 ns, Reaching safepoint: 109300 ns, At safepoint: 3200 ns, Total: 112500 ns
[2021-03-18T09:45:17.248+0000][24612][safepoint    ] Safepoint "Cleanup", Time since last: 1000662700 ns, Reaching safepoint: 127100 ns, At safepoint: 8900 ns, Total: 136000 ns
[2021-03-18T09:45:18.248+0000][24612][safepoint    ] Safepoint "Cleanup", Time since last: 1000155200 ns, Reaching safepoint: 123100 ns, At safepoint: 7000 ns, Total: 130100 ns
[2021-03-18T09:45:19.249+0000][24612][safepoint    ] Safepoint "Cleanup", Time since last: 1000625800 ns, Reaching safepoint: 97900 ns, At safepoint: 3400 ns, Total: 101300 ns
[2021-03-18T09:45:20.249+0000][24612][safepoint    ] Safepoint "Cleanup", Time since last: 1000094800 ns, Reaching safepoint: 107400 ns, At safepoint: 7800 ns, Total: 115200 ns
[2021-03-18T09:45:21.249+0000][24612][safepoint    ] Safepoint "Cleanup", Time since last: 1000345400 ns, Reaching safepoint: 88900 ns, At safepoint: 2900 ns, Total: 91800 ns
[2021-03-18T09:45:22.250+0000][24612][safepoint    ] Safepoint "Cleanup", Time since last: 1000736200 ns, Reaching safepoint: 121700 ns, At safepoint: 5000 ns, Total: 126700 ns
[2021-03-18T09:45:23.250+0000][24612][safepoint    ] Safepoint "Cleanup", Time since last: 1000020800 ns, Reaching safepoint: 139900 ns, At safepoint: 5300 ns, Total: 145200 ns
[2021-03-18T09:45:25.251+0000][24612][safepoint    ] Safepoint "Cleanup", Time since last: 2000143200 ns, Reaching safepoint: 125200 ns, At safepoint: 5900 ns, Total: 131100 ns
[2021-03-18T09:45:26.251+0000][24612][safepoint    ] Safepoint "Cleanup", Time since last: 1000084300 ns, Reaching safepoint: 161600 ns, At safepoint: 20500 ns, Total: 182100 ns
[2021-03-18T09:45:28.251+0000][24612][safepoint    ] Safepoint "Cleanup", Time since last: 2000050900 ns, Reaching safepoint: 210700 ns, At safepoint: 5900 ns, Total: 216600 ns
[2021-03-18T09:45:30.251+0000][24612][safepoint    ] Safepoint "Cleanup", Time since last: 2000109100 ns, Reaching safepoint: 165900 ns, At safepoint: 5100 ns, Total: 171000 ns
[2021-03-18T09:45:31.252+0000][24612][safepoint    ] Safepoint "Cleanup", Time since last: 1000074500 ns, Reaching safepoint: 126500 ns, At safepoint: 4100 ns, Total: 130600 ns
[2021-03-18T09:45:32.253+0000][24612][safepoint    ] Safepoint "Cleanup", Time since last: 1000734300 ns, Reaching safepoint: 150700 ns, At safepoint: 4800 ns, Total: 155500 ns
[2021-03-18T09:45:33.253+0000][24612][safepoint    ] Safepoint "Cleanup", Time since last: 1000011100 ns, Reaching safepoint: 135200 ns, At safepoint: 2700 ns, Total: 137900 ns
[2021-03-18T09:45:34.253+0000][24612][safepoint    ] Safepoint "Cleanup", Time since last: 1000167900 ns, Reaching safepoint: 126600 ns, At safepoint: 5000 ns, Total: 131600 ns
[2021-03-18T09:45:35.253+0000][24612][safepoint    ] Safepoint "Cleanup", Time since last: 1000084400 ns, Reaching safepoint: 95900 ns, At safepoint: 11900 ns, Total: 107800 ns
[2021-03-18T09:45:36.254+0000][24612][safepoint    ] Safepoint "Cleanup", Time since last: 1000598600 ns, Reaching safepoint: 89300 ns, At safepoint: 2800 ns, Total: 92100 ns
[2021-03-18T09:45:38.254+0000][24612][safepoint    ] Safepoint "Cleanup", Time since last: 2000229800 ns, Reaching safepoint: 114700 ns, At safepoint: 6500 ns, Total: 121200 ns
[2021-03-18T09:45:39.255+0000][24612][safepoint    ] Safepoint "Cleanup", Time since last: 1000204700 ns, Reaching safepoint: 131200 ns, At safepoint: 5300 ns, Total: 136500 ns
[2021-03-18T09:45:40.256+0000][24612][safepoint    ] Safepoint "Cleanup", Time since last: 1000882700 ns, Reaching safepoint: 128200 ns, At safepoint: 2700 ns, Total: 130900 ns
[2021-03-18T09:45:41.256+0000][24612][safepoint    ] Safepoint "Cleanup", Time since last: 1000680400 ns, Reaching safepoint: 125000 ns, At safepoint: 5400 ns, Total: 130400 ns
[2021-03-18T09:45:42.257+0000][24612][safepoint    ] Safepoint "Cleanup", Time since last: 1000292300 ns, Reaching safepoint: 116700 ns, At safepoint: 4900 ns, Total: 121600 ns
[2021-03-18T09:45:43.258+0000][24612][safepoint    ] Safepoint "Cleanup", Time since last: 1000873000 ns, Reaching safepoint: 93200 ns, At safepoint: 2800 ns, Total: 96000 ns
[2021-03-18T09:45:44.259+0000][24612][safepoint    ] Safepoint "Cleanup", Time since last: 1000781900 ns, Reaching safepoint: 91400 ns, At safepoint: 4200 ns, Total: 95600 ns
[2021-03-18T09:45:45.259+0000][24612][safepoint    ] Safepoint "Cleanup", Time since last: 1000283800 ns, Reaching safepoint: 147800 ns, At safepoint: 5500 ns, Total: 153300 ns
[2021-03-18T09:45:46.260+0000][24612][safepoint    ] Safepoint "Cleanup", Time since last: 1000771000 ns, Reaching safepoint: 107500 ns, At safepoint: 4700 ns, Total: 112200 ns
[2021-03-18T09:45:47.260+0000][24612][safepoint    ] Safepoint "Cleanup", Time since last: 1000116300 ns, Reaching safepoint: 110000 ns, At safepoint: 6600 ns, Total: 116600 ns
[2021-03-18T09:45:48.261+0000][24612][safepoint    ] Safepoint "Cleanup", Time since last: 1000349500 ns, Reaching safepoint: 95400 ns, At safepoint: 4600 ns, Total: 100000 ns
[2021-03-18T09:45:49.261+0000][24612][safepoint    ] Safepoint "Cleanup", Time since last: 1000064400 ns, Reaching safepoint: 168900 ns, At safepoint: 5900 ns, Total: 174800 ns
[2021-03-18T09:45:51.261+0000][24612][safepoint    ] Safepoint "Cleanup", Time since last: 2000579200 ns, Reaching safepoint: 408800 ns, At safepoint: 22600 ns, Total: 431400 ns
[2021-03-18T09:45:52.262+0000][24612][safepoint    ] Safepoint "Cleanup", Time since last: 1000451600 ns, Reaching safepoint: 159000 ns, At safepoint: 3800 ns, Total: 162800 ns
[2021-03-18T09:45:53.263+0000][24612][safepoint    ] Safepoint "Cleanup", Time since last: 1000818100 ns, Reaching safepoint: 408200 ns, At safepoint: 25000 ns, Total: 433200 ns
[2021-03-18T09:45:55.264+0000][24612][safepoint    ] Safepoint "Cleanup", Time since last: 2000728500 ns, Reaching safepoint: 127000 ns, At safepoint: 3000 ns, Total: 130000 ns
[2021-03-18T09:45:57.265+0000][24612][safepoint    ] Safepoint "Cleanup", Time since last: 2000200500 ns, Reaching safepoint: 149200 ns, At safepoint: 6700 ns, Total: 155900 ns
[2021-03-18T09:45:58.266+0000][24612][safepoint    ] Safepoint "Cleanup", Time since last: 1000997400 ns, Reaching safepoint: 123700 ns, At safepoint: 6000 ns, Total: 129700 ns
[2021-03-18T09:45:59.266+0000][24612][safepoint    ] Safepoint "Cleanup", Time since last: 1000362800 ns, Reaching safepoint: 249000 ns, At safepoint: 9000 ns, Total: 258000 ns
[2021-03-18T09:46:00.268+0000][24612][safepoint    ] Safepoint "Cleanup", Time since last: 1001026700 ns, Reaching safepoint: 413900 ns, At safepoint: 25500 ns, Total: 439400 ns
[2021-03-18T09:46:02.268+0000][24612][safepoint    ] Safepoint "Cleanup", Time since last: 2000325200 ns, Reaching safepoint: 150000 ns, At safepoint: 3400 ns, Total: 153400 ns
[2021-03-18T09:46:03.270+0000][24612][safepoint    ] Safepoint "Cleanup", Time since last: 1001073800 ns, Reaching safepoint: 240400 ns, At safepoint: 14900 ns, Total: 255300 ns
[2021-03-18T09:46:04.270+0000][24612][safepoint    ] Safepoint "Cleanup", Time since last: 1000272800 ns, Reaching safepoint: 185600 ns, At safepoint: 12000 ns, Total: 197600 ns
[2021-03-18T09:46:05.271+0000][24612][safepoint    ] Safepoint "Cleanup", Time since last: 1000343300 ns, Reaching safepoint: 170400 ns, At safepoint: 4900 ns, Total: 175300 ns
[2021-03-18T09:46:06.271+0000][24612][safepoint    ] Safepoint "Cleanup", Time since last: 1000278700 ns, Reaching safepoint: 151300 ns, At safepoint: 2700 ns, Total: 154000 ns
[2021-03-18T09:46:07.668+0000][24612][safepoint    ] Safepoint "Cleanup", Time since last: 1396964100 ns, Reaching safepoint: 214000 ns, At safepoint: 11200 ns, Total: 225200 ns
[2021-03-18T09:46:09.668+0000][24612][safepoint    ] Safepoint "Cleanup", Time since last: 2000079200 ns, Reaching safepoint: 436100 ns, At safepoint: 26500 ns, Total: 462600 ns
[2021-03-18T09:46:10.670+0000][24612][safepoint    ] Safepoint "Cleanup", Time since last: 1000549000 ns, Reaching safepoint: 164900 ns, At safepoint: 8200 ns, Total: 173100 ns
[2021-03-18T09:46:11.670+0000][24612][safepoint    ] Safepoint "Cleanup", Time since last: 1000584300 ns, Reaching safepoint: 372700 ns, At safepoint: 14000 ns, Total: 386700 ns
[2021-03-18T09:46:13.671+0000][24612][safepoint    ] Safepoint "Cleanup", Time since last: 2000458200 ns, Reaching safepoint: 113100 ns, At safepoint: 6400 ns, Total: 119500 ns
[2021-03-18T09:46:15.672+0000][24612][safepoint    ] Safepoint "Cleanup", Time since last: 2000523900 ns, Reaching safepoint: 138500 ns, At safepoint: 6400 ns, Total: 144900 ns
[2021-03-18T09:46:16.672+0000][24612][safepoint    ] Safepoint "Cleanup", Time since last: 1000143300 ns, Reaching safepoint: 181600 ns, At safepoint: 22500 ns, Total: 204100 ns
[2021-03-18T09:46:17.672+0000][24612][safepoint    ] Safepoint "Cleanup", Time since last: 1000108400 ns, Reaching safepoint: 93700 ns, At safepoint: 3400 ns, Total: 97100 ns
[2021-03-18T09:46:18.673+0000][24612][safepoint    ] Safepoint "Cleanup", Time since last: 1000599300 ns, Reaching safepoint: 144500 ns, At safepoint: 3200 ns, Total: 147700 ns
[2021-03-18T09:46:19.673+0000][24612][safepoint    ] Safepoint "Cleanup", Time since last: 1000295000 ns, Reaching safepoint: 298000 ns, At safepoint: 13000 ns, Total: 311000 ns
[2021-03-18T09:46:20.674+0000][24612][safepoint    ] Safepoint "Cleanup", Time since last: 1000010800 ns, Reaching safepoint: 160800 ns, At safepoint: 7800 ns, Total: 168600 ns
[2021-03-18T09:46:21.674+0000][24612][safepoint    ] Safepoint "Cleanup", Time since last: 1000350700 ns, Reaching safepoint: 352300 ns, At safepoint: 26800 ns, Total: 379100 ns
[2021-03-18T09:46:23.675+0000][24612][safepoint    ] Safepoint "Cleanup", Time since last: 2000401100 ns, Reaching safepoint: 147400 ns, At safepoint: 5300 ns, Total: 152700 ns
[2021-03-18T09:46:24.675+0000][24612][safepoint    ] Safepoint "Cleanup", Time since last: 1000239200 ns, Reaching safepoint: 160900 ns, At safepoint: 26300 ns, Total: 187200 ns
[2021-03-18T09:46:25.676+0000][24612][safepoint    ] Safepoint "Cleanup", Time since last: 1000229600 ns, Reaching safepoint: 157800 ns, At safepoint: 7900 ns, Total: 165700 ns
[2021-03-18T09:46:26.676+0000][24612][safepoint    ] Safepoint "Cleanup", Time since last: 1000095500 ns, Reaching safepoint: 378800 ns, At safepoint: 21200 ns, Total: 400000 ns
[2021-03-18T09:46:28.047+0000][24612][safepoint    ] Safepoint "Cleanup", Time since last: 1370397600 ns, Reaching safepoint: 227400 ns, At safepoint: 11900 ns, Total: 239300 ns
[2021-03-18T09:46:29.048+0000][24612][safepoint    ] Safepoint "Cleanup", Time since last: 1000587700 ns, Reaching safepoint: 213300 ns, At safepoint: 11600 ns, Total: 224900 ns
[2021-03-18T09:46:30.048+0000][24612][safepoint    ] Safepoint "Cleanup", Time since last: 1000255300 ns, Reaching safepoint: 127600 ns, At safepoint: 3400 ns, Total: 131000 ns
[2021-03-18T09:46:31.049+0000][24612][safepoint    ] Safepoint "Cleanup", Time since last: 1000308700 ns, Reaching safepoint: 166900 ns, At safepoint: 6000 ns, Total: 172900 ns
[2021-03-18T09:46:32.050+0000][24612][safepoint    ] Safepoint "Cleanup", Time since last: 1000873400 ns, Reaching safepoint: 380200 ns, At safepoint: 19000 ns, Total: 399200 ns
[2021-03-18T09:46:33.050+0000][24612][safepoint    ] Safepoint "Cleanup", Time since last: 1000065700 ns, Reaching safepoint: 209700 ns, At safepoint: 7600 ns, Total: 217300 ns
[2021-03-18T09:46:34.050+0000][24612][safepoint    ] Safepoint "Cleanup", Time since last: 1000046900 ns, Reaching safepoint: 161400 ns, At safepoint: 7300 ns, Total: 168700 ns
[2021-03-18T09:46:35.051+0000][24612][safepoint    ] Safepoint "Cleanup", Time since last: 1000675000 ns, Reaching safepoint: 124300 ns, At safepoint: 4000 ns, Total: 128300 ns
[2021-03-18T09:46:36.052+0000][24612][safepoint    ] Safepoint "Cleanup", Time since last: 1000150200 ns, Reaching safepoint: 139300 ns, At safepoint: 4500 ns, Total: 143800 ns
[2021-03-18T09:46:37.052+0000][24612][safepoint    ] Safepoint "Cleanup", Time since last: 1000396000 ns, Reaching safepoint: 246800 ns, At safepoint: 8400 ns, Total: 255200 ns
[2021-03-18T09:46:38.053+0000][24612][safepoint    ] Safepoint "Cleanup", Time since last: 1000221300 ns, Reaching safepoint: 147200 ns, At safepoint: 5700 ns, Total: 152900 ns
[2021-03-18T09:46:39.054+0000][24612][safepoint    ] Safepoint "Cleanup", Time since last: 1000902300 ns, Reaching safepoint: 139100 ns, At safepoint: 4700 ns, Total: 143800 ns
[2021-03-18T09:46:40.055+0000][24612][safepoint    ] Safepoint "Cleanup", Time since last: 1001018200 ns, Reaching safepoint: 194000 ns, At safepoint: 14200 ns, Total: 208200 ns
[2021-03-18T09:46:42.055+0000][24612][safepoint    ] Safepoint "Cleanup", Time since last: 2000193900 ns, Reaching safepoint: 300300 ns, At safepoint: 12500 ns, Total: 312800 ns
[2021-03-18T09:46:43.055+0000][24612][safepoint    ] Safepoint "Cleanup", Time since last: 1000094000 ns, Reaching safepoint: 297200 ns, At safepoint: 16200 ns, Total: 313400 ns
[2021-03-18T09:46:45.056+0000][24612][safepoint    ] Safepoint "Cleanup", Time since last: 2000114900 ns, Reaching safepoint: 109300 ns, At safepoint: 3400 ns, Total: 112700 ns
[2021-03-18T09:46:46.057+0000][24612][safepoint    ] Safepoint "Cleanup", Time since last: 1000633400 ns, Reaching safepoint: 126000 ns, At safepoint: 3300 ns, Total: 129300 ns
[2021-03-18T09:46:47.057+0000][24612][safepoint    ] Safepoint "Cleanup", Time since last: 1000553900 ns, Reaching safepoint: 196800 ns, At safepoint: 6400 ns, Total: 203200 ns
[2021-03-18T09:46:48.058+0000][24612][safepoint    ] Safepoint "Cleanup", Time since last: 1000338100 ns, Reaching safepoint: 400600 ns, At safepoint: 24100 ns, Total: 424700 ns
[2021-03-18T09:46:49.059+0000][24612][safepoint    ] Safepoint "Cleanup", Time since last: 1000402000 ns, Reaching safepoint: 373100 ns, At safepoint: 15300 ns, Total: 388400 ns
[2021-03-18T09:46:50.059+0000][24612][safepoint    ] Safepoint "Cleanup", Time since last: 1000142700 ns, Reaching safepoint: 81300 ns, At safepoint: 2100 ns, Total: 83400 ns
[2021-03-18T09:46:51.060+0000][24612][safepoint    ] Safepoint "Cleanup", Time since last: 1000883000 ns, Reaching safepoint: 97600 ns, At safepoint: 6900 ns, Total: 104500 ns
[2021-03-18T09:46:52.061+0000][24612][safepoint    ] Safepoint "Cleanup", Time since last: 1000850700 ns, Reaching safepoint: 114200 ns, At safepoint: 6600 ns, Total: 120800 ns
[2021-03-18T09:46:53.062+0000][24612][safepoint    ] Safepoint "Cleanup", Time since last: 1000898900 ns, Reaching safepoint: 162400 ns, At safepoint: 5700 ns, Total: 168100 ns
[2021-03-18T09:46:54.062+0000][24612][safepoint    ] Safepoint "Cleanup", Time since last: 1000234600 ns, Reaching safepoint: 392400 ns, At safepoint: 24500 ns, Total: 416900 ns
[2021-03-18T09:46:56.064+0000][24612][safepoint    ] Safepoint "Cleanup", Time since last: 2000982100 ns, Reaching safepoint: 206600 ns, At safepoint: 12400 ns, Total: 219000 ns
[2021-03-18T09:46:57.064+0000][24612][safepoint    ] Safepoint "Cleanup", Time since last: 1000173900 ns, Reaching safepoint: 133500 ns, At safepoint: 6600 ns, Total: 140100 ns
[2021-03-18T09:46:58.065+0000][24612][safepoint    ] Safepoint "Cleanup", Time since last: 1000429400 ns, Reaching safepoint: 154500 ns, At safepoint: 6600 ns, Total: 161100 ns
[2021-03-18T09:46:59.066+0000][24612][safepoint    ] Safepoint "Cleanup", Time since last: 1001008300 ns, Reaching safepoint: 171700 ns, At safepoint: 7500 ns, Total: 179200 ns
[2021-03-18T09:47:01.067+0000][24612][safepoint    ] Safepoint "Cleanup", Time since last: 2000943600 ns, Reaching safepoint: 168500 ns, At safepoint: 11500 ns, Total: 180000 ns
[2021-03-18T09:47:02.068+0000][24612][safepoint    ] Safepoint "Cleanup", Time since last: 1000559700 ns, Reaching safepoint: 151700 ns, At safepoint: 5700 ns, Total: 157400 ns
[2021-03-18T09:47:03.069+0000][24612][safepoint    ] Safepoint "Cleanup", Time since last: 1000784300 ns, Reaching safepoint: 341300 ns, At safepoint: 21100 ns, Total: 362400 ns
[2021-03-18T09:47:04.069+0000][24612][safepoint    ] Safepoint "Cleanup", Time since last: 1000250200 ns, Reaching safepoint: 160100 ns, At safepoint: 4100 ns, Total: 164200 ns
[2021-03-18T09:47:05.070+0000][24612][safepoint    ] Safepoint "Cleanup", Time since last: 1000170500 ns, Reaching safepoint: 141600 ns, At safepoint: 5900 ns, Total: 147500 ns
[2021-03-18T09:47:06.071+0000][24612][safepoint    ] Safepoint "Cleanup", Time since last: 1000816300 ns, Reaching safepoint: 149100 ns, At safepoint: 8300 ns, Total: 157400 ns
[2021-03-18T09:47:07.071+0000][24612][safepoint    ] Safepoint "Cleanup", Time since last: 1000279500 ns, Reaching safepoint: 106300 ns, At safepoint: 4100 ns, Total: 110400 ns
[2021-03-18T09:47:08.072+0000][24612][safepoint    ] Safepoint "Cleanup", Time since last: 1000562400 ns, Reaching safepoint: 111600 ns, At safepoint: 3700 ns, Total: 115300 ns
[2021-03-18T09:47:09.073+0000][24612][safepoint    ] Safepoint "Cleanup", Time since last: 1000814200 ns, Reaching safepoint: 241600 ns, At safepoint: 15900 ns, Total: 257500 ns
[2021-03-18T09:47:10.255+0000][24612][safepoint    ] Safepoint "Cleanup", Time since last: 1181849000 ns, Reaching safepoint: 264400 ns, At safepoint: 15900 ns, Total: 280300 ns
[2021-03-18T09:47:11.255+0000][24612][safepoint    ] Safepoint "Cleanup", Time since last: 1000266600 ns, Reaching safepoint: 210900 ns, At safepoint: 11700 ns, Total: 222600 ns
[2021-03-18T09:47:12.256+0000][24612][safepoint    ] Safepoint "Cleanup", Time since last: 1000219000 ns, Reaching safepoint: 616500 ns, At safepoint: 85400 ns, Total: 701900 ns
[2021-03-18T09:47:13.257+0000][24612][safepoint    ] Safepoint "Cleanup", Time since last: 1000574600 ns, Reaching safepoint: 133700 ns, At safepoint: 4800 ns, Total: 138500 ns
[2021-03-18T09:47:14.258+0000][24612][safepoint    ] Safepoint "Cleanup", Time since last: 1000584500 ns, Reaching safepoint: 368800 ns, At safepoint: 14900 ns, Total: 383700 ns
[2021-03-18T09:47:15.258+0000][24612][safepoint    ] Safepoint "Cleanup", Time since last: 1000265800 ns, Reaching safepoint: 153000 ns, At safepoint: 20200 ns, Total: 173200 ns
[2021-03-18T09:47:16.259+0000][24612][safepoint    ] Safepoint "Cleanup", Time since last: 1000703900 ns, Reaching safepoint: 255400 ns, At safepoint: 7500 ns, Total: 262900 ns
[2021-03-18T09:47:18.260+0000][24612][safepoint    ] Safepoint "Cleanup", Time since last: 2000130700 ns, Reaching safepoint: 102700 ns, At safepoint: 6300 ns, Total: 109000 ns
[2021-03-18T09:47:19.261+0000][24612][safepoint    ] Safepoint "Cleanup", Time since last: 1001048500 ns, Reaching safepoint: 447500 ns, At safepoint: 26400 ns, Total: 473900 ns
[2021-03-18T09:47:20.261+0000][24612][safepoint    ] Safepoint "Cleanup", Time since last: 1000040200 ns, Reaching safepoint: 484000 ns, At safepoint: 26500 ns, Total: 510500 ns
[2021-03-18T09:47:22.262+0000][24612][safepoint    ] Safepoint "Cleanup", Time since last: 2000382400 ns, Reaching safepoint: 365500 ns, At safepoint: 15700 ns, Total: 381200 ns
[2021-03-18T09:47:24.263+0000][24612][safepoint    ] Safepoint "Cleanup", Time since last: 2000428500 ns, Reaching safepoint: 351000 ns, At safepoint: 20300 ns, Total: 371300 ns
[2021-03-18T09:47:25.264+0000][24612][safepoint    ] Safepoint "Cleanup", Time since last: 1000471800 ns, Reaching safepoint: 238500 ns, At safepoint: 8000 ns, Total: 246500 ns
[2021-03-18T09:47:27.264+0000][24612][safepoint    ] Safepoint "Cleanup", Time since last: 2000418800 ns, Reaching safepoint: 185900 ns, At safepoint: 5500 ns, Total: 191400 ns
[2021-03-18T09:47:28.265+0000][24612][safepoint    ] Safepoint "Cleanup", Time since last: 1000339200 ns, Reaching safepoint: 234300 ns, At safepoint: 12400 ns, Total: 246700 ns
[2021-03-18T09:47:29.265+0000][24612][safepoint    ] Safepoint "Cleanup", Time since last: 1000143600 ns, Reaching safepoint: 94700 ns, At safepoint: 4400 ns, Total: 99100 ns
[2021-03-18T09:47:30.266+0000][24612][safepoint    ] Safepoint "Cleanup", Time since last: 1000769300 ns, Reaching safepoint: 142700 ns, At safepoint: 4900 ns, Total: 147600 ns
[2021-03-18T09:47:32.267+0000][24612][safepoint    ] Safepoint "Cleanup", Time since last: 2000442700 ns, Reaching safepoint: 371800 ns, At safepoint: 13400 ns, Total: 385200 ns
[2021-03-18T09:47:33.267+0000][24612][safepoint    ] Safepoint "Cleanup", Time since last: 1000099300 ns, Reaching safepoint: 371200 ns, At safepoint: 15400 ns, Total: 386600 ns
[2021-03-18T09:47:35.268+0000][24612][safepoint    ] Safepoint "Cleanup", Time since last: 2000576900 ns, Reaching safepoint: 152700 ns, At safepoint: 4900 ns, Total: 157600 ns
[2021-03-18T09:47:36.269+0000][24612][safepoint    ] Safepoint "Cleanup", Time since last: 1000101000 ns, Reaching safepoint: 291300 ns, At safepoint: 12200 ns, Total: 303500 ns
[2021-03-18T09:47:37.269+0000][24612][safepoint    ] Safepoint "Cleanup", Time since last: 1000165900 ns, Reaching safepoint: 473300 ns, At safepoint: 24600 ns, Total: 497900 ns
[2021-03-18T09:47:39.269+0000][24612][safepoint    ] Safepoint "Cleanup", Time since last: 1999932000 ns, Reaching safepoint: 336500 ns, At safepoint: 12300 ns, Total: 348800 ns
[2021-03-18T09:47:40.270+0000][24612][safepoint    ] Safepoint "Cleanup", Time since last: 1000451600 ns, Reaching safepoint: 152200 ns, At safepoint: 4600 ns, Total: 156800 ns
[2021-03-18T09:47:41.271+0000][24612][safepoint    ] Safepoint "Cleanup", Time since last: 1000551500 ns, Reaching safepoint: 131800 ns, At safepoint: 4400 ns, Total: 136200 ns
[2021-03-18T09:47:42.272+0000][24612][safepoint    ] Safepoint "Cleanup", Time since last: 1000593700 ns, Reaching safepoint: 129500 ns, At safepoint: 6800 ns, Total: 136300 ns
[2021-03-18T09:47:43.273+0000][24612][safepoint    ] Safepoint "Cleanup", Time since last: 1000853200 ns, Reaching safepoint: 136400 ns, At safepoint: 8900 ns, Total: 145300 ns
[2021-03-18T09:47:45.273+0000][24612][safepoint    ] Safepoint "Cleanup", Time since last: 2000241700 ns, Reaching safepoint: 180900 ns, At safepoint: 5300 ns, Total: 186200 ns
[2021-03-18T09:47:47.273+0000][24612][safepoint    ] Safepoint "Cleanup", Time since last: 2000275500 ns, Reaching safepoint: 175500 ns, At safepoint: 4700 ns, Total: 180200 ns
[2021-03-18T09:47:48.274+0000][24612][safepoint    ] Safepoint "Cleanup", Time since last: 1000226400 ns, Reaching safepoint: 155500 ns, At safepoint: 3600 ns, Total: 159100 ns
[2021-03-18T09:47:49.275+0000][24612][safepoint    ] Safepoint "Cleanup", Time since last: 1000772900 ns, Reaching safepoint: 381200 ns, At safepoint: 21100 ns, Total: 402300 ns
[2021-03-18T09:47:50.275+0000][24612][safepoint    ] Safepoint "Cleanup", Time since last: 1000180600 ns, Reaching safepoint: 153100 ns, At safepoint: 5700 ns, Total: 158800 ns
[2021-03-18T09:47:51.276+0000][24612][safepoint    ] Safepoint "Cleanup", Time since last: 1000337900 ns, Reaching safepoint: 136400 ns, At safepoint: 10700 ns, Total: 147100 ns
[2021-03-18T09:47:52.276+0000][24612][safepoint    ] Safepoint "Cleanup", Time since last: 1000352400 ns, Reaching safepoint: 248500 ns, At safepoint: 8100 ns, Total: 256600 ns
[2021-03-18T09:47:53.277+0000][24612][safepoint    ] Safepoint "Cleanup", Time since last: 1000729200 ns, Reaching safepoint: 400500 ns, At safepoint: 25700 ns, Total: 426200 ns
[2021-03-18T09:47:54.278+0000][24612][safepoint    ] Safepoint "Cleanup", Time since last: 1000050800 ns, Reaching safepoint: 113900 ns, At safepoint: 8200 ns, Total: 122100 ns
[2021-03-18T09:47:55.279+0000][24612][safepoint    ] Safepoint "Cleanup", Time since last: 1000776100 ns, Reaching safepoint: 103400 ns, At safepoint: 7900 ns, Total: 111300 ns
[2021-03-18T09:47:56.279+0000][24612][safepoint    ] Safepoint "Cleanup", Time since last: 1000231400 ns, Reaching safepoint: 108600 ns, At safepoint: 8100 ns, Total: 116700 ns
[2021-03-18T09:47:57.280+0000][24612][safepoint    ] Safepoint "Cleanup", Time since last: 1000474000 ns, Reaching safepoint: 187400 ns, At safepoint: 7800 ns, Total: 195200 ns
[2021-03-18T09:47:58.280+0000][24612][safepoint    ] Safepoint "Cleanup", Time since last: 1000464400 ns, Reaching safepoint: 150000 ns, At safepoint: 6300 ns, Total: 156300 ns
[2021-03-18T09:47:59.281+0000][24612][safepoint    ] Safepoint "Cleanup", Time since last: 1000290500 ns, Reaching safepoint: 367200 ns, At safepoint: 15500 ns, Total: 382700 ns
[2021-03-18T09:48:01.281+0000][24612][safepoint    ] Safepoint "Cleanup", Time since last: 2000362800 ns, Reaching safepoint: 382200 ns, At safepoint: 17000 ns, Total: 399200 ns
[2021-03-18T09:48:02.282+0000][24612][safepoint    ] Safepoint "Cleanup", Time since last: 1000297200 ns, Reaching safepoint: 114400 ns, At safepoint: 4500 ns, Total: 118900 ns
[2021-03-18T09:48:04.282+0000][24612][safepoint    ] Safepoint "Cleanup", Time since last: 2000182500 ns, Reaching safepoint: 438800 ns, At safepoint: 22900 ns, Total: 461700 ns
[2021-03-18T09:48:05.283+0000][24612][safepoint    ] Safepoint "Cleanup", Time since last: 1000493800 ns, Reaching safepoint: 165600 ns, At safepoint: 10900 ns, Total: 176500 ns
[2021-03-18T09:48:06.284+0000][24612][safepoint    ] Safepoint "Cleanup", Time since last: 1000190500 ns, Reaching safepoint: 138400 ns, At safepoint: 5700 ns, Total: 144100 ns
[2021-03-18T09:48:07.284+0000][24612][safepoint    ] Safepoint "Cleanup", Time since last: 1000416100 ns, Reaching safepoint: 174200 ns, At safepoint: 22900 ns, Total: 197100 ns
[2021-03-18T09:48:08.285+0000][24612][safepoint    ] Safepoint "Cleanup", Time since last: 1000465800 ns, Reaching safepoint: 360500 ns, At safepoint: 15600 ns, Total: 376100 ns
[2021-03-18T09:48:10.285+0000][24612][safepoint    ] Safepoint "Cleanup", Time since last: 2000012900 ns, Reaching safepoint: 138700 ns, At safepoint: 4300 ns, Total: 143000 ns
[2021-03-18T09:48:11.286+0000][24612][safepoint    ] Safepoint "Cleanup", Time since last: 1000357200 ns, Reaching safepoint: 143600 ns, At safepoint: 5100 ns, Total: 148700 ns
[2021-03-18T09:48:12.286+0000][24612][safepoint    ] Safepoint "Cleanup", Time since last: 1000035400 ns, Reaching safepoint: 142600 ns, At safepoint: 6000 ns, Total: 148600 ns
[2021-03-18T09:48:13.287+0000][24612][safepoint    ] Safepoint "Cleanup", Time since last: 1001033100 ns, Reaching safepoint: 378400 ns, At safepoint: 25100 ns, Total: 403500 ns
[2021-03-18T09:48:15.287+0000][24612][safepoint    ] Safepoint "Cleanup", Time since last: 1999738500 ns, Reaching safepoint: 196500 ns, At safepoint: 10700 ns, Total: 207200 ns
[2021-03-18T09:48:16.288+0000][24612][safepoint    ] Safepoint "Cleanup", Time since last: 1000813000 ns, Reaching safepoint: 160900 ns, At safepoint: 7100 ns, Total: 168000 ns
[2021-03-18T09:48:18.288+0000][24612][safepoint    ] Safepoint "Cleanup", Time since last: 2000019600 ns, Reaching safepoint: 135300 ns, At safepoint: 9100 ns, Total: 144400 ns
[2021-03-18T09:48:19.289+0000][24612][safepoint    ] Safepoint "Cleanup", Time since last: 1000722900 ns, Reaching safepoint: 100000 ns, At safepoint: 4000 ns, Total: 104000 ns
[2021-03-18T09:48:20.290+0000][24612][safepoint    ] Safepoint "Cleanup", Time since last: 1000478600 ns, Reaching safepoint: 345900 ns, At safepoint: 23200 ns, Total: 369100 ns
[2021-03-18T09:48:21.290+0000][24612][safepoint    ] Safepoint "Cleanup", Time since last: 1000124400 ns, Reaching safepoint: 119900 ns, At safepoint: 4700 ns, Total: 124600 ns
[2021-03-18T09:48:22.291+0000][24612][safepoint    ] Safepoint "Cleanup", Time since last: 1000516400 ns, Reaching safepoint: 137700 ns, At safepoint: 8200 ns, Total: 145900 ns
[2021-03-18T09:48:23.291+0000][24612][safepoint    ] Safepoint "Cleanup", Time since last: 1000132700 ns, Reaching safepoint: 135600 ns, At safepoint: 7000 ns, Total: 142600 ns
[2021-03-18T09:48:25.292+0000][24612][safepoint    ] Safepoint "Cleanup", Time since last: 2000491100 ns, Reaching safepoint: 295500 ns, At safepoint: 19600 ns, Total: 315100 ns
[2021-03-18T09:48:27.053+0000][24612][safepoint    ] Safepoint "Cleanup", Time since last: 1761015500 ns, Reaching safepoint: 176900 ns, At safepoint: 49500 ns, Total: 226400 ns
[2021-03-18T09:48:28.061+0000][24612][safepoint    ] Safepoint "Cleanup", Time since last: 1007735900 ns, Reaching safepoint: 159800 ns, At safepoint: 5400 ns, Total: 165200 ns
[2021-03-18T09:48:29.062+0000][24612][safepoint    ] Safepoint "Cleanup", Time since last: 1000295100 ns, Reaching safepoint: 250000 ns, At safepoint: 11200 ns, Total: 261200 ns
[2021-03-18T09:48:31.062+0000][24612][safepoint    ] Safepoint "Cleanup", Time since last: 2000559500 ns, Reaching safepoint: 143300 ns, At safepoint: 5400 ns, Total: 148700 ns
[2021-03-18T09:48:32.063+0000][24612][safepoint    ] Safepoint "Cleanup", Time since last: 1000737900 ns, Reaching safepoint: 395400 ns, At safepoint: 26200 ns, Total: 421600 ns
[2021-03-18T09:48:33.064+0000][24612][safepoint    ] Safepoint "Cleanup", Time since last: 1000327600 ns, Reaching safepoint: 229100 ns, At safepoint: 8000 ns, Total: 237100 ns
[2021-03-18T09:48:34.064+0000][24612][safepoint    ] Safepoint "Cleanup", Time since last: 1000253100 ns, Reaching safepoint: 367000 ns, At safepoint: 14000 ns, Total: 381000 ns
[2021-03-18T09:48:35.065+0000][24612][safepoint    ] Safepoint "Cleanup", Time since last: 1000164700 ns, Reaching safepoint: 131500 ns, At safepoint: 9900 ns, Total: 141400 ns
[2021-03-18T09:48:37.066+0000][24612][safepoint    ] Safepoint "Cleanup", Time since last: 2000790500 ns, Reaching safepoint: 220200 ns, At safepoint: 14300 ns, Total: 234500 ns
[2021-03-18T09:48:39.066+0000][24612][safepoint    ] Safepoint "Cleanup", Time since last: 2000023900 ns, Reaching safepoint: 110500 ns, At safepoint: 10000 ns, Total: 120500 ns
[2021-03-18T09:48:41.067+0000][24612][safepoint    ] Safepoint "Cleanup", Time since last: 2000285800 ns, Reaching safepoint: 138600 ns, At safepoint: 8400 ns, Total: 147000 ns
[2021-03-18T09:48:42.067+0000][24612][safepoint    ] Safepoint "Cleanup", Time since last: 1000766500 ns, Reaching safepoint: 382000 ns, At safepoint: 27000 ns, Total: 409000 ns
[2021-03-18T09:48:44.068+0000][24612][safepoint    ] Safepoint "Cleanup", Time since last: 2000553700 ns, Reaching safepoint: 156500 ns, At safepoint: 5900 ns, Total: 162400 ns
[2021-03-18T09:48:45.069+0000][24612][safepoint    ] Safepoint "Cleanup", Time since last: 1000375200 ns, Reaching safepoint: 124800 ns, At safepoint: 3800 ns, Total: 128600 ns
[2021-03-18T09:48:46.070+0000][24612][safepoint    ] Safepoint "Cleanup", Time since last: 1000805000 ns, Reaching safepoint: 119700 ns, At safepoint: 6100 ns, Total: 125800 ns
[2021-03-18T09:48:47.070+0000][24612][safepoint    ] Safepoint "Cleanup", Time since last: 1000044700 ns, Reaching safepoint: 266000 ns, At safepoint: 17600 ns, Total: 283600 ns
[2021-03-18T09:48:49.071+0000][24612][safepoint    ] Safepoint "Cleanup", Time since last: 2000953600 ns, Reaching safepoint: 373400 ns, At safepoint: 16000 ns, Total: 389400 ns
[2021-03-18T09:48:50.072+0000][24612][safepoint    ] Safepoint "Cleanup", Time since last: 1000183400 ns, Reaching safepoint: 155000 ns, At safepoint: 6300 ns, Total: 161300 ns
[2021-03-18T09:48:51.073+0000][24612][safepoint    ] Safepoint "Cleanup", Time since last: 1000553700 ns, Reaching safepoint: 146400 ns, At safepoint: 7200 ns, Total: 153600 ns
[2021-03-18T09:48:52.073+0000][24612][safepoint    ] Safepoint "Cleanup", Time since last: 1000246100 ns, Reaching safepoint: 405800 ns, At safepoint: 26000 ns, Total: 431800 ns
[2021-03-18T09:48:54.074+0000][24612][safepoint    ] Safepoint "Cleanup", Time since last: 2000580300 ns, Reaching safepoint: 104000 ns, At safepoint: 3700 ns, Total: 107700 ns
[2021-03-18T09:48:55.075+0000][24612][safepoint    ] Safepoint "Cleanup", Time since last: 1001001900 ns, Reaching safepoint: 184000 ns, At safepoint: 6500 ns, Total: 190500 ns
[2021-03-18T09:48:56.075+0000][24612][safepoint    ] Safepoint "Cleanup", Time since last: 1000050900 ns, Reaching safepoint: 153800 ns, At safepoint: 5000 ns, Total: 158800 ns
[2021-03-18T09:48:57.076+0000][24612][safepoint    ] Safepoint "Cleanup", Time since last: 1000266500 ns, Reaching safepoint: 175300 ns, At safepoint: 6500 ns, Total: 181800 ns
[2021-03-18T09:48:58.076+0000][24612][safepoint    ] Safepoint "Cleanup", Time since last: 1000310000 ns, Reaching safepoint: 89300 ns, At safepoint: 3100 ns, Total: 92400 ns
[2021-03-18T09:48:59.077+0000][24612][safepoint    ] Safepoint "Cleanup", Time since last: 1000379900 ns, Reaching safepoint: 367100 ns, At safepoint: 23500 ns, Total: 390600 ns
[2021-03-18T09:49:01.078+0000][24612][safepoint    ] Safepoint "Cleanup", Time since last: 2001111600 ns, Reaching safepoint: 136200 ns, At safepoint: 16200 ns, Total: 152400 ns
[2021-03-18T09:49:02.079+0000][24612][safepoint    ] Safepoint "Cleanup", Time since last: 1000439700 ns, Reaching safepoint: 103400 ns, At safepoint: 6700 ns, Total: 110100 ns
[2021-03-18T09:49:03.079+0000][24612][safepoint    ] Safepoint "Cleanup", Time since last: 1000393300 ns, Reaching safepoint: 437200 ns, At safepoint: 17200 ns, Total: 454400 ns
[2021-03-18T09:49:05.080+0000][24612][safepoint    ] Safepoint "Cleanup", Time since last: 2000530300 ns, Reaching safepoint: 360800 ns, At safepoint: 19800 ns, Total: 380600 ns
[2021-03-18T09:49:06.081+0000][24612][safepoint    ] Safepoint "Cleanup", Time since last: 1000324500 ns, Reaching safepoint: 153700 ns, At safepoint: 7400 ns, Total: 161100 ns
[2021-03-18T09:49:07.082+0000][24612][safepoint    ] Safepoint "Cleanup", Time since last: 1000611800 ns, Reaching safepoint: 382800 ns, At safepoint: 14100 ns, Total: 396900 ns
[2021-03-18T09:49:08.083+0000][24612][safepoint    ] Safepoint "Cleanup", Time since last: 1000636500 ns, Reaching safepoint: 245100 ns, At safepoint: 7200 ns, Total: 252300 ns
[2021-03-18T09:49:09.576+0000][24612][safepoint    ] Safepoint "Cleanup", Time since last: 1492669700 ns, Reaching safepoint: 152000 ns, At safepoint: 7500 ns, Total: 159500 ns
[2021-03-18T09:49:10.576+0000][24612][safepoint    ] Safepoint "Cleanup", Time since last: 1000540600 ns, Reaching safepoint: 184400 ns, At safepoint: 6300 ns, Total: 190700 ns
[2021-03-18T09:49:11.582+0000][24612][safepoint    ] Safepoint "Cleanup", Time since last: 1005720000 ns, Reaching safepoint: 183100 ns, At safepoint: 5600 ns, Total: 188700 ns
[2021-03-18T09:49:12.583+0000][24612][safepoint    ] Safepoint "Cleanup", Time since last: 1000204100 ns, Reaching safepoint: 157900 ns, At safepoint: 3900 ns, Total: 161800 ns
[2021-03-18T09:49:13.583+0000][24612][safepoint    ] Safepoint "Cleanup", Time since last: 1000258300 ns, Reaching safepoint: 141100 ns, At safepoint: 7800 ns, Total: 148900 ns
[2021-03-18T09:49:14.583+0000][24612][safepoint    ] Safepoint "Cleanup", Time since last: 1000022900 ns, Reaching safepoint: 269100 ns, At safepoint: 55200 ns, Total: 324300 ns
[2021-03-18T09:49:15.584+0000][24612][safepoint    ] Safepoint "Cleanup", Time since last: 1000293700 ns, Reaching safepoint: 154300 ns, At safepoint: 6200 ns, Total: 160500 ns
[2021-03-18T09:49:17.585+0000][24612][safepoint    ] Safepoint "Cleanup", Time since last: 2000867700 ns, Reaching safepoint: 132000 ns, At safepoint: 7800 ns, Total: 139800 ns
[2021-03-18T09:49:18.585+0000][24612][safepoint    ] Safepoint "Cleanup", Time since last: 1000007100 ns, Reaching safepoint: 179600 ns, At safepoint: 6100 ns, Total: 185700 ns
[2021-03-18T09:49:20.586+0000][24612][safepoint    ] Safepoint "Cleanup", Time since last: 2000584100 ns, Reaching safepoint: 133800 ns, At safepoint: 6300 ns, Total: 140100 ns
[2021-03-18T09:49:21.586+0000][24612][safepoint    ] Safepoint "Cleanup", Time since last: 1000412300 ns, Reaching safepoint: 140300 ns, At safepoint: 7900 ns, Total: 148200 ns
[2021-03-18T09:49:23.586+0000][24612][safepoint    ] Safepoint "Cleanup", Time since last: 1999899100 ns, Reaching safepoint: 153700 ns, At safepoint: 5100 ns, Total: 158800 ns
[2021-03-18T09:49:25.587+0000][24612][safepoint    ] Safepoint "Cleanup", Time since last: 2000814700 ns, Reaching safepoint: 140400 ns, At safepoint: 6000 ns, Total: 146400 ns
[2021-03-18T09:49:26.588+0000][24612][safepoint    ] Safepoint "Cleanup", Time since last: 1000305000 ns, Reaching safepoint: 116700 ns, At safepoint: 7500 ns, Total: 124200 ns
[2021-03-18T09:49:27.588+0000][24612][safepoint    ] Safepoint "Cleanup", Time since last: 1000043800 ns, Reaching safepoint: 134000 ns, At safepoint: 5600 ns, Total: 139600 ns
[2021-03-18T09:49:28.588+0000][24612][safepoint    ] Safepoint "Cleanup", Time since last: 1000124200 ns, Reaching safepoint: 210800 ns, At safepoint: 11400 ns, Total: 222200 ns
[2021-03-18T09:49:29.589+0000][24612][safepoint    ] Safepoint "Cleanup", Time since last: 1000481600 ns, Reaching safepoint: 137600 ns, At safepoint: 4200 ns, Total: 141800 ns
[2021-03-18T09:49:30.590+0000][24612][safepoint    ] Safepoint "Cleanup", Time since last: 1000695400 ns, Reaching safepoint: 171800 ns, At safepoint: 5400 ns, Total: 177200 ns
[2021-03-18T09:49:31.591+0000][24612][safepoint    ] Safepoint "Cleanup", Time since last: 1000906000 ns, Reaching safepoint: 168100 ns, At safepoint: 8100 ns, Total: 176200 ns
[2021-03-18T09:49:32.591+0000][24612][safepoint    ] Safepoint "Cleanup", Time since last: 1000015100 ns, Reaching safepoint: 210200 ns, At safepoint: 7500 ns, Total: 217700 ns
[2021-03-18T09:49:33.591+0000][24612][safepoint    ] Safepoint "Cleanup", Time since last: 1000021300 ns, Reaching safepoint: 126300 ns, At safepoint: 15000 ns, Total: 141300 ns
[2021-03-18T09:49:34.592+0000][24612][safepoint    ] Safepoint "Cleanup", Time since last: 1000423900 ns, Reaching safepoint: 204700 ns, At safepoint: 13000 ns, Total: 217700 ns
[2021-03-18T09:49:35.593+0000][24612][safepoint    ] Safepoint "Cleanup", Time since last: 1000815000 ns, Reaching safepoint: 210500 ns, At safepoint: 11400 ns, Total: 221900 ns
[2021-03-18T09:49:36.594+0000][24612][safepoint    ] Safepoint "Cleanup", Time since last: 1000777300 ns, Reaching safepoint: 148400 ns, At safepoint: 59400 ns, Total: 207800 ns
[2021-03-18T09:49:37.595+0000][24612][safepoint    ] Safepoint "Cleanup", Time since last: 1000991800 ns, Reaching safepoint: 135000 ns, At safepoint: 7400 ns, Total: 142400 ns
[2021-03-18T09:49:39.595+0000][24612][safepoint    ] Safepoint "Cleanup", Time since last: 2000398900 ns, Reaching safepoint: 224500 ns, At safepoint: 11200 ns, Total: 235700 ns
[2021-03-18T09:49:40.596+0000][24612][safepoint    ] Safepoint "Cleanup", Time since last: 1000133600 ns, Reaching safepoint: 274300 ns, At safepoint: 54200 ns, Total: 328500 ns
[2021-03-18T09:49:41.596+0000][24612][safepoint    ] Safepoint "Cleanup", Time since last: 1000349800 ns, Reaching safepoint: 193900 ns, At safepoint: 39700 ns, Total: 233600 ns
[2021-03-18T09:49:42.597+0000][24612][safepoint    ] Safepoint "Cleanup", Time since last: 1000201700 ns, Reaching safepoint: 173800 ns, At safepoint: 69800 ns, Total: 243600 ns
[2021-03-18T09:49:43.598+0000][24612][safepoint    ] Safepoint "Cleanup", Time since last: 1000714800 ns, Reaching safepoint: 320400 ns, At safepoint: 12100 ns, Total: 332500 ns
[2021-03-18T09:49:45.598+0000][24612][safepoint    ] Safepoint "Cleanup", Time since last: 1999827000 ns, Reaching safepoint: 435500 ns, At safepoint: 25300 ns, Total: 460800 ns
[2021-03-18T09:49:46.599+0000][24612][safepoint    ] Safepoint "Cleanup", Time since last: 1000436100 ns, Reaching safepoint: 129000 ns, At safepoint: 6600 ns, Total: 135600 ns
[2021-03-18T09:49:47.599+0000][24612][safepoint    ] Safepoint "Cleanup", Time since last: 1000163500 ns, Reaching safepoint: 115100 ns, At safepoint: 3900 ns, Total: 119000 ns
[2021-03-18T09:49:48.600+0000][24612][safepoint    ] Safepoint "Cleanup", Time since last: 1000458800 ns, Reaching safepoint: 171600 ns, At safepoint: 8400 ns, Total: 180000 ns
[2021-03-18T09:49:49.601+0000][24612][safepoint    ] Safepoint "Cleanup", Time since last: 1000791800 ns, Reaching safepoint: 112900 ns, At safepoint: 6400 ns, Total: 119300 ns
[2021-03-18T09:49:50.602+0000][24612][safepoint    ] Safepoint "Cleanup", Time since last: 1000709400 ns, Reaching safepoint: 137800 ns, At safepoint: 4000 ns, Total: 141800 ns
[2021-03-18T09:49:51.602+0000][24612][safepoint    ] Safepoint "Cleanup", Time since last: 1000476200 ns, Reaching safepoint: 105600 ns, At safepoint: 6700 ns, Total: 112300 ns
[2021-03-18T09:49:52.603+0000][24612][safepoint    ] Safepoint "Cleanup", Time since last: 1000737800 ns, Reaching safepoint: 125600 ns, At safepoint: 5100 ns, Total: 130700 ns
[2021-03-18T09:49:53.603+0000][24612][safepoint    ] Safepoint "Cleanup", Time since last: 1000149700 ns, Reaching safepoint: 130700 ns, At safepoint: 4600 ns, Total: 135300 ns
[2021-03-18T09:49:54.604+0000][24612][safepoint    ] Safepoint "Cleanup", Time since last: 1000924100 ns, Reaching safepoint: 118800 ns, At safepoint: 7200 ns, Total: 126000 ns
[2021-03-18T09:49:55.605+0000][24612][safepoint    ] Safepoint "Cleanup", Time since last: 1000190400 ns, Reaching safepoint: 108000 ns, At safepoint: 5600 ns, Total: 113600 ns
[2021-03-18T09:49:56.605+0000][24612][safepoint    ] Safepoint "Cleanup", Time since last: 1000430000 ns, Reaching safepoint: 104700 ns, At safepoint: 2500 ns, Total: 107200 ns
[2021-03-18T09:49:58.605+0000][24612][safepoint    ] Safepoint "Cleanup", Time since last: 2000210200 ns, Reaching safepoint: 89000 ns, At safepoint: 2800 ns, Total: 91800 ns
[2021-03-18T09:49:59.606+0000][24612][safepoint    ] Safepoint "Cleanup", Time since last: 1000710500 ns, Reaching safepoint: 91300 ns, At safepoint: 3400 ns, Total: 94700 ns
[2021-03-18T09:50:00.607+0000][24612][safepoint    ] Safepoint "Cleanup", Time since last: 1000529800 ns, Reaching safepoint: 123700 ns, At safepoint: 3400 ns, Total: 127100 ns
[2021-03-18T09:50:01.608+0000][24612][safepoint    ] Safepoint "Cleanup", Time since last: 1000852800 ns, Reaching safepoint: 115000 ns, At safepoint: 3000 ns, Total: 118000 ns
[2021-03-18T09:50:02.608+0000][24612][safepoint    ] Safepoint "Cleanup", Time since last: 1000135000 ns, Reaching safepoint: 94900 ns, At safepoint: 6200 ns, Total: 101100 ns
[2021-03-18T09:50:03.609+0000][24612][safepoint    ] Safepoint "Cleanup", Time since last: 1000518900 ns, Reaching safepoint: 117900 ns, At safepoint: 3200 ns, Total: 121100 ns
[2021-03-18T09:50:04.609+0000][24612][safepoint    ] Safepoint "Cleanup", Time since last: 1000667600 ns, Reaching safepoint: 155500 ns, At safepoint: 25400 ns, Total: 180900 ns
[2021-03-18T09:50:05.610+0000][24612][safepoint    ] Safepoint "Cleanup", Time since last: 1000765300 ns, Reaching safepoint: 98600 ns, At safepoint: 2400 ns, Total: 101000 ns
[2021-03-18T09:50:07.611+0000][24612][safepoint    ] Safepoint "Cleanup", Time since last: 2000554700 ns, Reaching safepoint: 128000 ns, At safepoint: 4600 ns, Total: 132600 ns
[2021-03-18T09:50:08.612+0000][24612][safepoint    ] Safepoint "Cleanup", Time since last: 1000626400 ns, Reaching safepoint: 143900 ns, At safepoint: 4900 ns, Total: 148800 ns
[2021-03-18T09:50:10.612+0000][24612][safepoint    ] Safepoint "Cleanup", Time since last: 2000165500 ns, Reaching safepoint: 118400 ns, At safepoint: 7100 ns, Total: 125500 ns
[2021-03-18T09:50:11.612+0000][24612][safepoint    ] Safepoint "Cleanup", Time since last: 1000069200 ns, Reaching safepoint: 110700 ns, At safepoint: 6600 ns, Total: 117300 ns
[2021-03-18T09:50:12.612+0000][24612][safepoint    ] Safepoint "Cleanup", Time since last: 1000145600 ns, Reaching safepoint: 112300 ns, At safepoint: 6000 ns, Total: 118300 ns
[2021-03-18T09:50:13.613+0000][24612][safepoint    ] Safepoint "Cleanup", Time since last: 1000541400 ns, Reaching safepoint: 170600 ns, At safepoint: 5000 ns, Total: 175600 ns
[2021-03-18T09:50:15.614+0000][24612][safepoint    ] Safepoint "Cleanup", Time since last: 2000416500 ns, Reaching safepoint: 118200 ns, At safepoint: 5200 ns, Total: 123400 ns
[2021-03-18T09:50:17.614+0000][24612][safepoint    ] Safepoint "Cleanup", Time since last: 2000473400 ns, Reaching safepoint: 134000 ns, At safepoint: 3500 ns, Total: 137500 ns
[2021-03-18T09:50:18.615+0000][24612][safepoint    ] Safepoint "Cleanup", Time since last: 1000547000 ns, Reaching safepoint: 117800 ns, At safepoint: 5500 ns, Total: 123300 ns
[2021-03-18T09:50:19.616+0000][24612][safepoint    ] Safepoint "Cleanup", Time since last: 1000355400 ns, Reaching safepoint: 119800 ns, At safepoint: 3200 ns, Total: 123000 ns
[2021-03-18T09:50:20.616+0000][24612][safepoint    ] Safepoint "Cleanup", Time since last: 1000801500 ns, Reaching safepoint: 94700 ns, At safepoint: 2400 ns, Total: 97100 ns
[2021-03-18T09:50:21.617+0000][24612][safepoint    ] Safepoint "Cleanup", Time since last: 1000568400 ns, Reaching safepoint: 88100 ns, At safepoint: 3200 ns, Total: 91300 ns
[2021-03-18T09:50:22.618+0000][24612][safepoint    ] Safepoint "Cleanup", Time since last: 1000528500 ns, Reaching safepoint: 123600 ns, At safepoint: 6700 ns, Total: 130300 ns
[2021-03-18T09:50:23.619+0000][24612][safepoint    ] Safepoint "Cleanup", Time since last: 1000783200 ns, Reaching safepoint: 142700 ns, At safepoint: 2800 ns, Total: 145500 ns
[2021-03-18T09:50:24.927+0000][24612][safepoint    ] Safepoint "Cleanup", Time since last: 1308055500 ns, Reaching safepoint: 109400 ns, At safepoint: 2800 ns, Total: 112200 ns
[2021-03-18T09:50:26.927+0000][24612][safepoint    ] Safepoint "Cleanup", Time since last: 2000108100 ns, Reaching safepoint: 229600 ns, At safepoint: 53700 ns, Total: 283300 ns
[2021-03-18T09:50:28.034+0000][24612][safepoint    ] Safepoint "Cleanup", Time since last: 1107093300 ns, Reaching safepoint: 112200 ns, At safepoint: 91800 ns, Total: 204000 ns
[2021-03-18T09:50:30.035+0000][24612][safepoint    ] Safepoint "Cleanup", Time since last: 2000470000 ns, Reaching safepoint: 165800 ns, At safepoint: 5300 ns, Total: 171100 ns
[2021-03-18T09:50:32.036+0000][24612][safepoint    ] Safepoint "Cleanup", Time since last: 2000578700 ns, Reaching safepoint: 145700 ns, At safepoint: 80900 ns, Total: 226600 ns
[2021-03-18T09:50:33.036+0000][24612][safepoint    ] Safepoint "Cleanup", Time since last: 1000364400 ns, Reaching safepoint: 99500 ns, At safepoint: 4900 ns, Total: 104400 ns
[2021-03-18T09:50:35.037+0000][24612][safepoint    ] Safepoint "Cleanup", Time since last: 2000385300 ns, Reaching safepoint: 131200 ns, At safepoint: 28600 ns, Total: 159800 ns
[2021-03-18T09:50:36.038+0000][24612][safepoint    ] Safepoint "Cleanup", Time since last: 1000685000 ns, Reaching safepoint: 107100 ns, At safepoint: 57300 ns, Total: 164400 ns
[2021-03-18T09:50:37.038+0000][24612][safepoint    ] Safepoint "Cleanup", Time since last: 1000024200 ns, Reaching safepoint: 132200 ns, At safepoint: 63500 ns, Total: 195700 ns
[2021-03-18T09:50:38.038+0000][24612][safepoint    ] Safepoint "Cleanup", Time since last: 1000322100 ns, Reaching safepoint: 89600 ns, At safepoint: 66100 ns, Total: 155700 ns
[2021-03-18T09:50:40.039+0000][24612][safepoint    ] Safepoint "Cleanup", Time since last: 2000130200 ns, Reaching safepoint: 107100 ns, At safepoint: 62600 ns, Total: 169700 ns
[2021-03-18T09:50:41.040+0000][24612][safepoint    ] Safepoint "Cleanup", Time since last: 1000705000 ns, Reaching safepoint: 96300 ns, At safepoint: 2500 ns, Total: 98800 ns
[2021-03-18T09:50:42.040+0000][24612][safepoint    ] Safepoint "Cleanup", Time since last: 1000093700 ns, Reaching safepoint: 85400 ns, At safepoint: 71300 ns, Total: 156700 ns
[2021-03-18T09:50:43.041+0000][24612][safepoint    ] Safepoint "Cleanup", Time since last: 1000735200 ns, Reaching safepoint: 107100 ns, At safepoint: 71200 ns, Total: 178300 ns
[2021-03-18T09:50:44.041+0000][24612][safepoint    ] Safepoint "Cleanup", Time since last: 1000347700 ns, Reaching safepoint: 116400 ns, At safepoint: 56000 ns, Total: 172400 ns
[2021-03-18T09:50:45.042+0000][24612][safepoint    ] Safepoint "Cleanup", Time since last: 1000516600 ns, Reaching safepoint: 145600 ns, At safepoint: 67900 ns, Total: 213500 ns
[2021-03-18T09:50:46.042+0000][24612][safepoint    ] Safepoint "Cleanup", Time since last: 1000284900 ns, Reaching safepoint: 150800 ns, At safepoint: 69200 ns, Total: 220000 ns
[2021-03-18T09:50:48.043+0000][24612][safepoint    ] Safepoint "Cleanup", Time since last: 2000517000 ns, Reaching safepoint: 149800 ns, At safepoint: 21700 ns, Total: 171500 ns
[2021-03-18T09:50:49.043+0000][24612][safepoint    ] Safepoint "Cleanup", Time since last: 1000276300 ns, Reaching safepoint: 169800 ns, At safepoint: 45400 ns, Total: 215200 ns
[2021-03-18T09:50:50.044+0000][24612][safepoint    ] Safepoint "Cleanup", Time since last: 1000837000 ns, Reaching safepoint: 142300 ns, At safepoint: 70100 ns, Total: 212400 ns
[2021-03-18T09:50:51.045+0000][24612][safepoint    ] Safepoint "Cleanup", Time since last: 1000332200 ns, Reaching safepoint: 180000 ns, At safepoint: 63400 ns, Total: 243400 ns
[2021-03-18T09:50:53.046+0000][24612][safepoint    ] Safepoint "Cleanup", Time since last: 2000611800 ns, Reaching safepoint: 106000 ns, At safepoint: 70200 ns, Total: 176200 ns
[2021-03-18T09:50:54.047+0000][24612][safepoint    ] Safepoint "Cleanup", Time since last: 1000765700 ns, Reaching safepoint: 115800 ns, At safepoint: 58600 ns, Total: 174400 ns
[2021-03-18T09:50:56.047+0000][24612][safepoint    ] Safepoint "Cleanup", Time since last: 2000452900 ns, Reaching safepoint: 121800 ns, At safepoint: 6600 ns, Total: 128400 ns
[2021-03-18T09:50:57.048+0000][24612][safepoint    ] Safepoint "Cleanup", Time since last: 1000493900 ns, Reaching safepoint: 117500 ns, At safepoint: 84500 ns, Total: 202000 ns
[2021-03-18T09:50:58.048+0000][24612][safepoint    ] Safepoint "Cleanup", Time since last: 1000115700 ns, Reaching safepoint: 139700 ns, At safepoint: 56500 ns, Total: 196200 ns
[2021-03-18T09:50:59.049+0000][24612][safepoint    ] Safepoint "Cleanup", Time since last: 1000004100 ns, Reaching safepoint: 111800 ns, At safepoint: 69800 ns, Total: 181600 ns
[2021-03-18T09:51:00.049+0000][24612][safepoint    ] Safepoint "Cleanup", Time since last: 1000740400 ns, Reaching safepoint: 113800 ns, At safepoint: 62900 ns, Total: 176700 ns
[2021-03-18T09:51:01.050+0000][24612][safepoint    ] Safepoint "Cleanup", Time since last: 1000536700 ns, Reaching safepoint: 107000 ns, At safepoint: 87900 ns, Total: 194900 ns
[2021-03-18T09:51:02.051+0000][24612][safepoint    ] Safepoint "Cleanup", Time since last: 1000413000 ns, Reaching safepoint: 120900 ns, At safepoint: 5400 ns, Total: 126300 ns
[2021-03-18T09:51:03.051+0000][24612][safepoint    ] Safepoint "Cleanup", Time since last: 1000464500 ns, Reaching safepoint: 90000 ns, At safepoint: 62300 ns, Total: 152300 ns
[2021-03-18T09:51:04.052+0000][24612][safepoint    ] Safepoint "Cleanup", Time since last: 1000532000 ns, Reaching safepoint: 109100 ns, At safepoint: 77600 ns, Total: 186700 ns
[2021-03-18T09:51:06.053+0000][24612][safepoint    ] Safepoint "Cleanup", Time since last: 2000615200 ns, Reaching safepoint: 178000 ns, At safepoint: 65000 ns, Total: 243000 ns
[2021-03-18T09:51:07.053+0000][24612][safepoint    ] Safepoint "Cleanup", Time since last: 1000092200 ns, Reaching safepoint: 114400 ns, At safepoint: 56800 ns, Total: 171200 ns
[2021-03-18T09:51:08.053+0000][24612][safepoint    ] Safepoint "Cleanup", Time since last: 1000099900 ns, Reaching safepoint: 116200 ns, At safepoint: 6100 ns, Total: 122300 ns
[2021-03-18T09:51:10.054+0000][24612][safepoint    ] Safepoint "Cleanup", Time since last: 1999954900 ns, Reaching safepoint: 111500 ns, At safepoint: 65800 ns, Total: 177300 ns
[2021-03-18T09:51:12.054+0000][24612][safepoint    ] Safepoint "Cleanup", Time since last: 2000169800 ns, Reaching safepoint: 108900 ns, At safepoint: 22500 ns, Total: 131400 ns
[2021-03-18T09:51:14.054+0000][24612][safepoint    ] Safepoint "Cleanup", Time since last: 2000080400 ns, Reaching safepoint: 115500 ns, At safepoint: 59400 ns, Total: 174900 ns
[2021-03-18T09:51:15.055+0000][24612][safepoint    ] Safepoint "Cleanup", Time since last: 1000528200 ns, Reaching safepoint: 115700 ns, At safepoint: 21700 ns, Total: 137400 ns
[2021-03-18T09:51:16.055+0000][24612][safepoint    ] Safepoint "Cleanup", Time since last: 1000622400 ns, Reaching safepoint: 111500 ns, At safepoint: 8000 ns, Total: 119500 ns
[2021-03-18T09:51:17.056+0000][24612][safepoint    ] Safepoint "Cleanup", Time since last: 1000134200 ns, Reaching safepoint: 96300 ns, At safepoint: 81000 ns, Total: 177300 ns
[2021-03-18T09:51:18.056+0000][24612][safepoint    ] Safepoint "Cleanup", Time since last: 1000014900 ns, Reaching safepoint: 110200 ns, At safepoint: 82000 ns, Total: 192200 ns
[2021-03-18T09:51:20.057+0000][24612][safepoint    ] Safepoint "Cleanup", Time since last: 2000899800 ns, Reaching safepoint: 144100 ns, At safepoint: 22600 ns, Total: 166700 ns
[2021-03-18T09:51:22.058+0000][24612][safepoint    ] Safepoint "Cleanup", Time since last: 2000653100 ns, Reaching safepoint: 95000 ns, At safepoint: 3000 ns, Total: 98000 ns
[2021-03-18T09:51:23.059+0000][24612][safepoint    ] Safepoint "Cleanup", Time since last: 1000759700 ns, Reaching safepoint: 100700 ns, At safepoint: 6700 ns, Total: 107400 ns
[2021-03-18T09:51:24.059+0000][24612][safepoint    ] Safepoint "Cleanup", Time since last: 1000001200 ns, Reaching safepoint: 91100 ns, At safepoint: 59400 ns, Total: 150500 ns
[2021-03-18T09:51:25.059+0000][24612][safepoint    ] Safepoint "Cleanup", Time since last: 1000039400 ns, Reaching safepoint: 122500 ns, At safepoint: 77300 ns, Total: 199800 ns
[2021-03-18T09:51:26.059+0000][24612][safepoint    ] Safepoint "Cleanup", Time since last: 1000161500 ns, Reaching safepoint: 162100 ns, At safepoint: 75300 ns, Total: 237400 ns
[2021-03-18T09:51:27.060+0000][24612][safepoint    ] Safepoint "Cleanup", Time since last: 1000187700 ns, Reaching safepoint: 101400 ns, At safepoint: 5100 ns, Total: 106500 ns
[2021-03-18T09:51:28.060+0000][24612][safepoint    ] Safepoint "Cleanup", Time since last: 1000467800 ns, Reaching safepoint: 106200 ns, At safepoint: 28100 ns, Total: 134300 ns
[2021-03-18T09:51:29.061+0000][24612][safepoint    ] Safepoint "Cleanup", Time since last: 1000576100 ns, Reaching safepoint: 128100 ns, At safepoint: 3800 ns, Total: 131900 ns
[2021-03-18T09:51:31.061+0000][24612][safepoint    ] Safepoint "Cleanup", Time since last: 2000222200 ns, Reaching safepoint: 114600 ns, At safepoint: 18500 ns, Total: 133100 ns
[2021-03-18T09:51:33.062+0000][24612][safepoint    ] Safepoint "Cleanup", Time since last: 2000112900 ns, Reaching safepoint: 106000 ns, At safepoint: 75100 ns, Total: 181100 ns
[2021-03-18T09:51:34.063+0000][24612][safepoint    ] Safepoint "Cleanup", Time since last: 1000841500 ns, Reaching safepoint: 187300 ns, At safepoint: 55700 ns, Total: 243000 ns
[2021-03-18T09:51:36.063+0000][24612][safepoint    ] Safepoint "Cleanup", Time since last: 2000223300 ns, Reaching safepoint: 143800 ns, At safepoint: 5100 ns, Total: 148900 ns
[2021-03-18T09:51:37.710+0000][24612][safepoint    ] Safepoint "Cleanup", Time since last: 1647152700 ns, Reaching safepoint: 180600 ns, At safepoint: 5400 ns, Total: 186000 ns
[2021-03-18T09:51:38.711+0000][24612][safepoint    ] Safepoint "Cleanup", Time since last: 1000156500 ns, Reaching safepoint: 135300 ns, At safepoint: 3900 ns, Total: 139200 ns
[2021-03-18T09:51:39.711+0000][24612][safepoint    ] Safepoint "Cleanup", Time since last: 1000156300 ns, Reaching safepoint: 152000 ns, At safepoint: 4900 ns, Total: 156900 ns
[2021-03-18T09:51:40.712+0000][24612][safepoint    ] Safepoint "Cleanup", Time since last: 1000611300 ns, Reaching safepoint: 161800 ns, At safepoint: 20800 ns, Total: 182600 ns
[2021-03-18T09:51:41.713+0000][24612][safepoint    ] Safepoint "Cleanup", Time since last: 1000765200 ns, Reaching safepoint: 107400 ns, At safepoint: 5200 ns, Total: 112600 ns
[2021-03-18T09:51:42.713+0000][24612][safepoint    ] Safepoint "Cleanup", Time since last: 1000744700 ns, Reaching safepoint: 88800 ns, At safepoint: 2900 ns, Total: 91700 ns
[2021-03-18T09:51:44.714+0000][24612][safepoint    ] Safepoint "Cleanup", Time since last: 2000171900 ns, Reaching safepoint: 109500 ns, At safepoint: 6300 ns, Total: 115800 ns
[2021-03-18T09:51:46.714+0000][24612][safepoint    ] Safepoint "Cleanup", Time since last: 2000096200 ns, Reaching safepoint: 127600 ns, At safepoint: 2900 ns, Total: 130500 ns
[2021-03-18T09:51:47.715+0000][24612][safepoint    ] Safepoint "Cleanup", Time since last: 1000492400 ns, Reaching safepoint: 147400 ns, At safepoint: 3300 ns, Total: 150700 ns
[2021-03-18T09:51:48.715+0000][24612][safepoint    ] Safepoint "Cleanup", Time since last: 1000634200 ns, Reaching safepoint: 148400 ns, At safepoint: 4700 ns, Total: 153100 ns
[2021-03-18T09:51:49.716+0000][24612][safepoint    ] Safepoint "Cleanup", Time since last: 1000272100 ns, Reaching safepoint: 131900 ns, At safepoint: 3100 ns, Total: 135000 ns
[2021-03-18T09:51:50.717+0000][24612][safepoint    ] Safepoint "Cleanup", Time since last: 1000804200 ns, Reaching safepoint: 82300 ns, At safepoint: 3500 ns, Total: 85800 ns
[2021-03-18T09:51:51.717+0000][24612][safepoint    ] Safepoint "Cleanup", Time since last: 1000596300 ns, Reaching safepoint: 133900 ns, At safepoint: 3000 ns, Total: 136900 ns
[2021-03-18T09:51:52.718+0000][24612][safepoint    ] Safepoint "Cleanup", Time since last: 1000852900 ns, Reaching safepoint: 117800 ns, At safepoint: 5800 ns, Total: 123600 ns
[2021-03-18T09:51:53.719+0000][24612][safepoint    ] Safepoint "Cleanup", Time since last: 1000309500 ns, Reaching safepoint: 145300 ns, At safepoint: 6500 ns, Total: 151800 ns
[2021-03-18T09:51:54.720+0000][24612][safepoint    ] Safepoint "Cleanup", Time since last: 1000878000 ns, Reaching safepoint: 132800 ns, At safepoint: 5000 ns, Total: 137800 ns
[2021-03-18T09:51:55.721+0000][24612][safepoint    ] Safepoint "Cleanup", Time since last: 1000580900 ns, Reaching safepoint: 129900 ns, At safepoint: 5200 ns, Total: 135100 ns
[2021-03-18T09:51:57.721+0000][24612][safepoint    ] Safepoint "Cleanup", Time since last: 2000649800 ns, Reaching safepoint: 150000 ns, At safepoint: 6200 ns, Total: 156200 ns
[2021-03-18T09:51:58.722+0000][24612][safepoint    ] Safepoint "Cleanup", Time since last: 1000188600 ns, Reaching safepoint: 107200 ns, At safepoint: 3600 ns, Total: 110800 ns
[2021-03-18T09:51:59.722+0000][24612][safepoint    ] Safepoint "Cleanup", Time since last: 1000554700 ns, Reaching safepoint: 151900 ns, At safepoint: 7700 ns, Total: 159600 ns
[2021-03-18T09:52:00.723+0000][24612][safepoint    ] Safepoint "Cleanup", Time since last: 1000468600 ns, Reaching safepoint: 106300 ns, At safepoint: 6500 ns, Total: 112800 ns
[2021-03-18T09:52:02.723+0000][24612][safepoint    ] Safepoint "Cleanup", Time since last: 2000216700 ns, Reaching safepoint: 104800 ns, At safepoint: 3800 ns, Total: 108600 ns
[2021-03-18T09:52:03.724+0000][24612][safepoint    ] Safepoint "Cleanup", Time since last: 1000273000 ns, Reaching safepoint: 109300 ns, At safepoint: 2800 ns, Total: 112100 ns
[2021-03-18T09:52:05.060+0000][24612][safepoint    ] Safepoint "Cleanup", Time since last: 1336440600 ns, Reaching safepoint: 114400 ns, At safepoint: 6500 ns, Total: 120900 ns
[2021-03-18T09:52:06.060+0000][24612][safepoint    ] Safepoint "Cleanup", Time since last: 1000176500 ns, Reaching safepoint: 87300 ns, At safepoint: 6600 ns, Total: 93900 ns
[2021-03-18T09:52:07.061+0000][24612][safepoint    ] Safepoint "Cleanup", Time since last: 1000886200 ns, Reaching safepoint: 156300 ns, At safepoint: 5100 ns, Total: 161400 ns
[2021-03-18T09:52:08.062+0000][24612][safepoint    ] Safepoint "Cleanup", Time since last: 1000677700 ns, Reaching safepoint: 105900 ns, At safepoint: 4100 ns, Total: 110000 ns
[2021-03-18T09:52:09.063+0000][24612][safepoint    ] Safepoint "Cleanup", Time since last: 1000837000 ns, Reaching safepoint: 123700 ns, At safepoint: 5000 ns, Total: 128700 ns
[2021-03-18T09:52:11.064+0000][24612][safepoint    ] Safepoint "Cleanup", Time since last: 2000750600 ns, Reaching safepoint: 106600 ns, At safepoint: 4100 ns, Total: 110700 ns
[2021-03-18T09:52:13.064+0000][24612][safepoint    ] Safepoint "Cleanup", Time since last: 1999956900 ns, Reaching safepoint: 107200 ns, At safepoint: 2900 ns, Total: 110100 ns
[2021-03-18T09:52:14.065+0000][24612][safepoint    ] Safepoint "Cleanup", Time since last: 1000379100 ns, Reaching safepoint: 84700 ns, At safepoint: 3700 ns, Total: 88400 ns
[2021-03-18T09:52:15.065+0000][24612][safepoint    ] Safepoint "Cleanup", Time since last: 1000073900 ns, Reaching safepoint: 123800 ns, At safepoint: 20400 ns, Total: 144200 ns
[2021-03-18T09:52:16.065+0000][24612][safepoint    ] Safepoint "Cleanup", Time since last: 1000028300 ns, Reaching safepoint: 85100 ns, At safepoint: 6000 ns, Total: 91100 ns
[2021-03-18T09:52:17.065+0000][24612][safepoint    ] Safepoint "Cleanup", Time since last: 1000467200 ns, Reaching safepoint: 120100 ns, At safepoint: 23700 ns, Total: 143800 ns
[2021-03-18T09:52:19.066+0000][24612][safepoint    ] Safepoint "Cleanup", Time since last: 2000242100 ns, Reaching safepoint: 86700 ns, At safepoint: 2800 ns, Total: 89500 ns
[2021-03-18T09:52:20.066+0000][24612][safepoint    ] Safepoint "Cleanup", Time since last: 1000471100 ns, Reaching safepoint: 127200 ns, At safepoint: 26500 ns, Total: 153700 ns
[2021-03-18T09:52:21.067+0000][24612][safepoint    ] Safepoint "Cleanup", Time since last: 1000554600 ns, Reaching safepoint: 138000 ns, At safepoint: 5400 ns, Total: 143400 ns
[2021-03-18T09:52:22.068+0000][24612][safepoint    ] Safepoint "Cleanup", Time since last: 1000405700 ns, Reaching safepoint: 107000 ns, At safepoint: 4200 ns, Total: 111200 ns
[2021-03-18T09:52:23.068+0000][24612][safepoint    ] Safepoint "Cleanup", Time since last: 1000144800 ns, Reaching safepoint: 89700 ns, At safepoint: 3300 ns, Total: 93000 ns
[2021-03-18T09:52:24.069+0000][24612][safepoint    ] Safepoint "Cleanup", Time since last: 1000835800 ns, Reaching safepoint: 94000 ns, At safepoint: 17600 ns, Total: 111600 ns
[2021-03-18T09:52:25.069+0000][24612][safepoint    ] Safepoint "Cleanup", Time since last: 1000070500 ns, Reaching safepoint: 101000 ns, At safepoint: 5600 ns, Total: 106600 ns
[2021-03-18T09:52:26.069+0000][24612][safepoint    ] Safepoint "Cleanup", Time since last: 1000012200 ns, Reaching safepoint: 139700 ns, At safepoint: 5600 ns, Total: 145300 ns
[2021-03-18T09:52:28.034+0000][24612][safepoint    ] Safepoint "Cleanup", Time since last: 1964456000 ns, Reaching safepoint: 148800 ns, At safepoint: 17400 ns, Total: 166200 ns
[2021-03-18T09:52:29.035+0000][24612][safepoint    ] Safepoint "Cleanup", Time since last: 1000710600 ns, Reaching safepoint: 147800 ns, At safepoint: 63600 ns, Total: 211400 ns
[2021-03-18T09:52:30.035+0000][24612][safepoint    ] Safepoint "Cleanup", Time since last: 1000228000 ns, Reaching safepoint: 153500 ns, At safepoint: 4800 ns, Total: 158300 ns
[2021-03-18T09:52:31.035+0000][24612][safepoint    ] Safepoint "Cleanup", Time since last: 1000028700 ns, Reaching safepoint: 173200 ns, At safepoint: 54200 ns, Total: 227400 ns
[2021-03-18T09:52:32.036+0000][24612][safepoint    ] Safepoint "Cleanup", Time since last: 1000140000 ns, Reaching safepoint: 101900 ns, At safepoint: 77400 ns, Total: 179300 ns
[2021-03-18T09:52:34.036+0000][24612][safepoint    ] Safepoint "Cleanup", Time since last: 2000381300 ns, Reaching safepoint: 104800 ns, At safepoint: 29300 ns, Total: 134100 ns
[2021-03-18T09:52:35.037+0000][24612][safepoint    ] Safepoint "Cleanup", Time since last: 1000895100 ns, Reaching safepoint: 161900 ns, At safepoint: 21200 ns, Total: 183100 ns
[2021-03-18T09:52:36.038+0000][24612][safepoint    ] Safepoint "Cleanup", Time since last: 1000338500 ns, Reaching safepoint: 183000 ns, At safepoint: 74200 ns, Total: 257200 ns
[2021-03-18T09:52:37.038+0000][24612][safepoint    ] Safepoint "Cleanup", Time since last: 1000523000 ns, Reaching safepoint: 179600 ns, At safepoint: 55700 ns, Total: 235300 ns
[2021-03-18T09:52:38.039+0000][24612][safepoint    ] Safepoint "Cleanup", Time since last: 1000418900 ns, Reaching safepoint: 135000 ns, At safepoint: 86200 ns, Total: 221200 ns
[2021-03-18T09:52:39.040+0000][24612][safepoint    ] Safepoint "Cleanup", Time since last: 1000298400 ns, Reaching safepoint: 166400 ns, At safepoint: 79700 ns, Total: 246100 ns
[2021-03-18T09:52:40.040+0000][24612][safepoint    ] Safepoint "Cleanup", Time since last: 1000434200 ns, Reaching safepoint: 144100 ns, At safepoint: 2800 ns, Total: 146900 ns
[2021-03-18T09:52:41.041+0000][24612][safepoint    ] Safepoint "Cleanup", Time since last: 1000617400 ns, Reaching safepoint: 194400 ns, At safepoint: 70800 ns, Total: 265200 ns
[2021-03-18T09:52:43.042+0000][24612][safepoint    ] Safepoint "Cleanup", Time since last: 2000639200 ns, Reaching safepoint: 131300 ns, At safepoint: 71200 ns, Total: 202500 ns
[2021-03-18T09:52:45.042+0000][24612][safepoint    ] Safepoint "Cleanup", Time since last: 1999972900 ns, Reaching safepoint: 143100 ns, At safepoint: 57300 ns, Total: 200400 ns
[2021-03-18T09:52:46.043+0000][24612][safepoint    ] Safepoint "Cleanup", Time since last: 1000762900 ns, Reaching safepoint: 117500 ns, At safepoint: 54000 ns, Total: 171500 ns
[2021-03-18T09:52:47.044+0000][24612][safepoint    ] Safepoint "Cleanup", Time since last: 1000433500 ns, Reaching safepoint: 175800 ns, At safepoint: 92900 ns, Total: 268700 ns
[2021-03-18T09:52:48.044+0000][24612][safepoint    ] Safepoint "Cleanup", Time since last: 1000422800 ns, Reaching safepoint: 174600 ns, At safepoint: 54400 ns, Total: 229000 ns
[2021-03-18T09:52:50.044+0000][24612][safepoint    ] Safepoint "Cleanup", Time since last: 1999867100 ns, Reaching safepoint: 148700 ns, At safepoint: 77000 ns, Total: 225700 ns
[2021-03-18T09:52:51.045+0000][24612][safepoint    ] Safepoint "Cleanup", Time since last: 1000013200 ns, Reaching safepoint: 157100 ns, At safepoint: 74900 ns, Total: 232000 ns
[2021-03-18T09:52:52.045+0000][24612][safepoint    ] Safepoint "Cleanup", Time since last: 1000051400 ns, Reaching safepoint: 132200 ns, At safepoint: 2800 ns, Total: 135000 ns
[2021-03-18T09:52:53.045+0000][24612][safepoint    ] Safepoint "Cleanup", Time since last: 1000402000 ns, Reaching safepoint: 157800 ns, At safepoint: 91300 ns, Total: 249100 ns
[2021-03-18T09:52:54.046+0000][24612][safepoint    ] Safepoint "Cleanup", Time since last: 1000750900 ns, Reaching safepoint: 124300 ns, At safepoint: 56100 ns, Total: 180400 ns
[2021-03-18T09:52:55.047+0000][24612][safepoint    ] Safepoint "Cleanup", Time since last: 1000711200 ns, Reaching safepoint: 159400 ns, At safepoint: 67100 ns, Total: 226500 ns
[2021-03-18T09:52:56.048+0000][24612][safepoint    ] Safepoint "Cleanup", Time since last: 1000315700 ns, Reaching safepoint: 151100 ns, At safepoint: 58900 ns, Total: 210000 ns
[2021-03-18T09:52:57.049+0000][24612][safepoint    ] Safepoint "Cleanup", Time since last: 1000592900 ns, Reaching safepoint: 142800 ns, At safepoint: 83300 ns, Total: 226100 ns
[2021-03-18T09:52:59.049+0000][24612][safepoint    ] Safepoint "Cleanup", Time since last: 2000201900 ns, Reaching safepoint: 151200 ns, At safepoint: 59700 ns, Total: 210900 ns
[2021-03-18T09:53:00.049+0000][24612][safepoint    ] Safepoint "Cleanup", Time since last: 1000083600 ns, Reaching safepoint: 240400 ns, At safepoint: 82700 ns, Total: 323100 ns
[2021-03-18T09:53:01.050+0000][24612][safepoint    ] Safepoint "Cleanup", Time since last: 1000546700 ns, Reaching safepoint: 142100 ns, At safepoint: 58300 ns, Total: 200400 ns
[2021-03-18T09:53:02.051+0000][24612][safepoint    ] Safepoint "Cleanup", Time since last: 1000325700 ns, Reaching safepoint: 128900 ns, At safepoint: 57500 ns, Total: 186400 ns
[2021-03-18T09:53:03.051+0000][24612][safepoint    ] Safepoint "Cleanup", Time since last: 1000456700 ns, Reaching safepoint: 162400 ns, At safepoint: 60700 ns, Total: 223100 ns
[2021-03-18T09:53:04.052+0000][24612][safepoint    ] Safepoint "Cleanup", Time since last: 1000562400 ns, Reaching safepoint: 135100 ns, At safepoint: 65700 ns, Total: 200800 ns
[2021-03-18T09:53:05.052+0000][24612][safepoint    ] Safepoint "Cleanup", Time since last: 1000017200 ns, Reaching safepoint: 97200 ns, At safepoint: 2800 ns, Total: 100000 ns
[2021-03-18T09:53:06.053+0000][24612][safepoint    ] Safepoint "Cleanup", Time since last: 1000490200 ns, Reaching safepoint: 113600 ns, At safepoint: 25400 ns, Total: 139000 ns
[2021-03-18T09:53:07.717+0000][24612][safepoint    ] Safepoint "Cleanup", Time since last: 1664120100 ns, Reaching safepoint: 143400 ns, At safepoint: 6400 ns, Total: 149800 ns
[2021-03-18T09:53:08.718+0000][24612][safepoint    ] Safepoint "Cleanup", Time since last: 1000457400 ns, Reaching safepoint: 120700 ns, At safepoint: 3800 ns, Total: 124500 ns
[2021-03-18T09:53:09.719+0000][24612][safepoint    ] Safepoint "Cleanup", Time since last: 1000592100 ns, Reaching safepoint: 125800 ns, At safepoint: 3400 ns, Total: 129200 ns
[2021-03-18T09:53:10.719+0000][24612][safepoint    ] Safepoint "Cleanup", Time since last: 1000083600 ns, Reaching safepoint: 134400 ns, At safepoint: 5300 ns, Total: 139700 ns
[2021-03-18T09:53:11.719+0000][24612][safepoint    ] Safepoint "Cleanup", Time since last: 1000175400 ns, Reaching safepoint: 85800 ns, At safepoint: 4800 ns, Total: 90600 ns
[2021-03-18T09:53:12.720+0000][24612][safepoint    ] Safepoint "Cleanup", Time since last: 1000448800 ns, Reaching safepoint: 98300 ns, At safepoint: 5800 ns, Total: 104100 ns
[2021-03-18T09:53:13.721+0000][24612][safepoint    ] Safepoint "Cleanup", Time since last: 1000869300 ns, Reaching safepoint: 123700 ns, At safepoint: 8400 ns, Total: 132100 ns
[2021-03-18T09:53:14.721+0000][24612][safepoint    ] Safepoint "Cleanup", Time since last: 1000346800 ns, Reaching safepoint: 111500 ns, At safepoint: 5600 ns, Total: 117100 ns
[2021-03-18T09:53:15.721+0000][24612][safepoint    ] Safepoint "Cleanup", Time since last: 1000150800 ns, Reaching safepoint: 138500 ns, At safepoint: 7100 ns, Total: 145600 ns
[2021-03-18T09:53:16.722+0000][24612][safepoint    ] Safepoint "Cleanup", Time since last: 1000326400 ns, Reaching safepoint: 112600 ns, At safepoint: 6100 ns, Total: 118700 ns
[2021-03-18T09:53:17.722+0000][24612][safepoint    ] Safepoint "Cleanup", Time since last: 1000505200 ns, Reaching safepoint: 112100 ns, At safepoint: 18100 ns, Total: 130200 ns
[2021-03-18T09:53:18.723+0000][24612][safepoint    ] Safepoint "Cleanup", Time since last: 1000143600 ns, Reaching safepoint: 114400 ns, At safepoint: 5600 ns, Total: 120000 ns
[2021-03-18T09:53:19.723+0000][24612][safepoint    ] Safepoint "Cleanup", Time since last: 1000550700 ns, Reaching safepoint: 144600 ns, At safepoint: 3900 ns, Total: 148500 ns
[2021-03-18T09:53:21.724+0000][24612][safepoint    ] Safepoint "Cleanup", Time since last: 2000826400 ns, Reaching safepoint: 169900 ns, At safepoint: 8700 ns, Total: 178600 ns
[2021-03-18T09:53:22.724+0000][24612][safepoint    ] Safepoint "Cleanup", Time since last: 1000010900 ns, Reaching safepoint: 117200 ns, At safepoint: 7300 ns, Total: 124500 ns
[2021-03-18T09:53:23.725+0000][24612][safepoint    ] Safepoint "Cleanup", Time since last: 1000069100 ns, Reaching safepoint: 104900 ns, At safepoint: 5400 ns, Total: 110300 ns
[2021-03-18T09:53:24.725+0000][24612][safepoint    ] Safepoint "Cleanup", Time since last: 1000308400 ns, Reaching safepoint: 122900 ns, At safepoint: 8700 ns, Total: 131600 ns
[2021-03-18T09:53:25.726+0000][24612][safepoint    ] Safepoint "Cleanup", Time since last: 1000597800 ns, Reaching safepoint: 110800 ns, At safepoint: 6900 ns, Total: 117700 ns
[2021-03-18T09:53:27.727+0000][24612][safepoint    ] Safepoint "Cleanup", Time since last: 2000794700 ns, Reaching safepoint: 126800 ns, At safepoint: 2800 ns, Total: 129600 ns
[2021-03-18T09:53:28.727+0000][24612][safepoint    ] Safepoint "Cleanup", Time since last: 1000120600 ns, Reaching safepoint: 131600 ns, At safepoint: 22200 ns, Total: 153800 ns
[2021-03-18T09:53:29.727+0000][24612][safepoint    ] Safepoint "Cleanup", Time since last: 1000007400 ns, Reaching safepoint: 118000 ns, At safepoint: 6600 ns, Total: 124600 ns
[2021-03-18T09:53:31.728+0000][24612][safepoint    ] Safepoint "Cleanup", Time since last: 2000433600 ns, Reaching safepoint: 114000 ns, At safepoint: 5900 ns, Total: 119900 ns
[2021-03-18T09:53:32.728+0000][24612][safepoint    ] Safepoint "Cleanup", Time since last: 1000181400 ns, Reaching safepoint: 99900 ns, At safepoint: 3200 ns, Total: 103100 ns
[2021-03-18T09:53:34.728+0000][24612][safepoint    ] Safepoint "Cleanup", Time since last: 2000301000 ns, Reaching safepoint: 133900 ns, At safepoint: 4700 ns, Total: 138600 ns
[2021-03-18T09:53:35.728+0000][24612][safepoint    ] Safepoint "Cleanup", Time since last: 1000113700 ns, Reaching safepoint: 147500 ns, At safepoint: 4800 ns, Total: 152300 ns
[2021-03-18T09:53:36.729+0000][24612][safepoint    ] Safepoint "Cleanup", Time since last: 1000047400 ns, Reaching safepoint: 131300 ns, At safepoint: 6200 ns, Total: 137500 ns
[2021-03-18T09:53:38.729+0000][24612][safepoint    ] Safepoint "Cleanup", Time since last: 2000542300 ns, Reaching safepoint: 94900 ns, At safepoint: 3700 ns, Total: 98600 ns
[2021-03-18T09:53:39.730+0000][24612][safepoint    ] Safepoint "Cleanup", Time since last: 1000047400 ns, Reaching safepoint: 142400 ns, At safepoint: 68800 ns, Total: 211200 ns
[2021-03-18T09:53:40.730+0000][24612][safepoint    ] Safepoint "Cleanup", Time since last: 1000765900 ns, Reaching safepoint: 108700 ns, At safepoint: 3200 ns, Total: 111900 ns
[2021-03-18T09:53:41.731+0000][24612][safepoint    ] Safepoint "Cleanup", Time since last: 1000356000 ns, Reaching safepoint: 134400 ns, At safepoint: 5600 ns, Total: 140000 ns
[2021-03-18T09:53:42.731+0000][24612][safepoint    ] Safepoint "Cleanup", Time since last: 1000041400 ns, Reaching safepoint: 125100 ns, At safepoint: 2800 ns, Total: 127900 ns
[2021-03-18T09:53:43.732+0000][24612][safepoint    ] Safepoint "Cleanup", Time since last: 1000866400 ns, Reaching safepoint: 116700 ns, At safepoint: 4100 ns, Total: 120800 ns
[2021-03-18T09:53:44.733+0000][24612][safepoint    ] Safepoint "Cleanup", Time since last: 1000856900 ns, Reaching safepoint: 140200 ns, At safepoint: 3700 ns, Total: 143900 ns
[2021-03-18T09:53:46.734+0000][24612][safepoint    ] Safepoint "Cleanup", Time since last: 2000833400 ns, Reaching safepoint: 151900 ns, At safepoint: 5500 ns, Total: 157400 ns
[2021-03-18T09:53:47.735+0000][24612][safepoint    ] Safepoint "Cleanup", Time since last: 1000321900 ns, Reaching safepoint: 140700 ns, At safepoint: 21900 ns, Total: 162600 ns
[2021-03-18T09:53:48.735+0000][24612][safepoint    ] Safepoint "Cleanup", Time since last: 1000435800 ns, Reaching safepoint: 146800 ns, At safepoint: 4600 ns, Total: 151400 ns
[2021-03-18T09:53:49.736+0000][24612][safepoint    ] Safepoint "Cleanup", Time since last: 1000819400 ns, Reaching safepoint: 144100 ns, At safepoint: 6900 ns, Total: 151000 ns
[2021-03-18T09:53:50.737+0000][24612][safepoint    ] Safepoint "Cleanup", Time since last: 1000852700 ns, Reaching safepoint: 116100 ns, At safepoint: 5100 ns, Total: 121200 ns
[2021-03-18T09:53:52.738+0000][24612][safepoint    ] Safepoint "Cleanup", Time since last: 2000389900 ns, Reaching safepoint: 147000 ns, At safepoint: 5900 ns, Total: 152900 ns
[2021-03-18T09:53:53.738+0000][24612][safepoint    ] Safepoint "Cleanup", Time since last: 1000172900 ns, Reaching safepoint: 86600 ns, At safepoint: 2900 ns, Total: 89500 ns
[2021-03-18T09:53:54.738+0000][24612][safepoint    ] Safepoint "Cleanup", Time since last: 1000219800 ns, Reaching safepoint: 97600 ns, At safepoint: 5700 ns, Total: 103300 ns
[2021-03-18T09:53:55.739+0000][24612][safepoint    ] Safepoint "Cleanup", Time since last: 1000609200 ns, Reaching safepoint: 193500 ns, At safepoint: 5300 ns, Total: 198800 ns
[2021-03-18T09:53:57.739+0000][24612][safepoint    ] Safepoint "Cleanup", Time since last: 2000324400 ns, Reaching safepoint: 114700 ns, At safepoint: 9900 ns, Total: 124600 ns
[2021-03-18T09:53:58.740+0000][24612][safepoint    ] Safepoint "Cleanup", Time since last: 1000782200 ns, Reaching safepoint: 106800 ns, At safepoint: 7400 ns, Total: 114200 ns
[2021-03-18T09:53:59.741+0000][24612][safepoint    ] Safepoint "Cleanup", Time since last: 1000054100 ns, Reaching safepoint: 141700 ns, At safepoint: 7600 ns, Total: 149300 ns
[2021-03-18T09:54:01.741+0000][24612][safepoint    ] Safepoint "Cleanup", Time since last: 2000899800 ns, Reaching safepoint: 159600 ns, At safepoint: 2900 ns, Total: 162500 ns
[2021-03-18T09:54:03.743+0000][24612][safepoint    ] Safepoint "Cleanup", Time since last: 2000827700 ns, Reaching safepoint: 132600 ns, At safepoint: 4100 ns, Total: 136700 ns
[2021-03-18T09:54:05.743+0000][24612][safepoint    ] Safepoint "Cleanup", Time since last: 2000117700 ns, Reaching safepoint: 131700 ns, At safepoint: 3800 ns, Total: 135500 ns
[2021-03-18T09:54:06.743+0000][24612][safepoint    ] Safepoint "Cleanup", Time since last: 1000025100 ns, Reaching safepoint: 132200 ns, At safepoint: 4200 ns, Total: 136400 ns
[2021-03-18T09:54:07.744+0000][24612][safepoint    ] Safepoint "Cleanup", Time since last: 1000641400 ns, Reaching safepoint: 128400 ns, At safepoint: 6100 ns, Total: 134500 ns
[2021-03-18T09:54:08.744+0000][24612][safepoint    ] Safepoint "Cleanup", Time since last: 1000096300 ns, Reaching safepoint: 111400 ns, At safepoint: 2900 ns, Total: 114300 ns
[2021-03-18T09:54:09.745+0000][24612][safepoint    ] Safepoint "Cleanup", Time since last: 1000786200 ns, Reaching safepoint: 134900 ns, At safepoint: 3900 ns, Total: 138800 ns
[2021-03-18T09:54:11.204+0000][24612][safepoint    ] Safepoint "Cleanup", Time since last: 1458936300 ns, Reaching safepoint: 129100 ns, At safepoint: 58800 ns, Total: 187900 ns
[2021-03-18T09:54:12.204+0000][24612][safepoint    ] Safepoint "Cleanup", Time since last: 1000026900 ns, Reaching safepoint: 122100 ns, At safepoint: 18100 ns, Total: 140200 ns
[2021-03-18T09:54:14.205+0000][24612][safepoint    ] Safepoint "Cleanup", Time since last: 2000432600 ns, Reaching safepoint: 156600 ns, At safepoint: 22000 ns, Total: 178600 ns
[2021-03-18T09:54:15.205+0000][24612][safepoint    ] Safepoint "Cleanup", Time since last: 1000158700 ns, Reaching safepoint: 141300 ns, At safepoint: 4600 ns, Total: 145900 ns
[2021-03-18T09:54:16.206+0000][24612][safepoint    ] Safepoint "Cleanup", Time since last: 1000613800 ns, Reaching safepoint: 132100 ns, At safepoint: 6600 ns, Total: 138700 ns
[2021-03-18T09:54:17.206+0000][24612][safepoint    ] Safepoint "Cleanup", Time since last: 1000100800 ns, Reaching safepoint: 336300 ns, At safepoint: 27100 ns, Total: 363400 ns
[2021-03-18T09:54:18.207+0000][24612][safepoint    ] Safepoint "Cleanup", Time since last: 1000266800 ns, Reaching safepoint: 130300 ns, At safepoint: 4700 ns, Total: 135000 ns
[2021-03-18T09:54:19.207+0000][24612][safepoint    ] Safepoint "Cleanup", Time since last: 1000066500 ns, Reaching safepoint: 116100 ns, At safepoint: 12500 ns, Total: 128600 ns
[2021-03-18T09:54:20.207+0000][24612][safepoint    ] Safepoint "Cleanup", Time since last: 1000208400 ns, Reaching safepoint: 110400 ns, At safepoint: 5100 ns, Total: 115500 ns
[2021-03-18T09:54:21.208+0000][24612][safepoint    ] Safepoint "Cleanup", Time since last: 1000499800 ns, Reaching safepoint: 142700 ns, At safepoint: 3800 ns, Total: 146500 ns
[2021-03-18T09:54:22.208+0000][24612][safepoint    ] Safepoint "Cleanup", Time since last: 1000223800 ns, Reaching safepoint: 96900 ns, At safepoint: 2400 ns, Total: 99300 ns
[2021-03-18T09:54:23.209+0000][24612][safepoint    ] Safepoint "Cleanup", Time since last: 1000800900 ns, Reaching safepoint: 110300 ns, At safepoint: 10100 ns, Total: 120400 ns
[2021-03-18T09:54:24.209+0000][24612][safepoint    ] Safepoint "Cleanup", Time since last: 1000206500 ns, Reaching safepoint: 165200 ns, At safepoint: 9600 ns, Total: 174800 ns
[2021-03-18T09:54:25.210+0000][24612][safepoint    ] Safepoint "Cleanup", Time since last: 1000386900 ns, Reaching safepoint: 133500 ns, At safepoint: 2500 ns, Total: 136000 ns
[2021-03-18T09:54:27.033+0000][24612][safepoint    ] Safepoint "Cleanup", Time since last: 1823320000 ns, Reaching safepoint: 110200 ns, At safepoint: 56500 ns, Total: 166700 ns
[2021-03-18T09:54:28.035+0000][24612][safepoint    ] Safepoint "Cleanup", Time since last: 1001537400 ns, Reaching safepoint: 137200 ns, At safepoint: 18300 ns, Total: 155500 ns
[2021-03-18T09:54:29.035+0000][24612][safepoint    ] Safepoint "Cleanup", Time since last: 1000298500 ns, Reaching safepoint: 104300 ns, At safepoint: 6700 ns, Total: 111000 ns
[2021-03-18T09:54:30.036+0000][24612][safepoint    ] Safepoint "Cleanup", Time since last: 1000387000 ns, Reaching safepoint: 122400 ns, At safepoint: 4500 ns, Total: 126900 ns
[2021-03-18T09:54:31.036+0000][24612][safepoint    ] Safepoint "Cleanup", Time since last: 1000389100 ns, Reaching safepoint: 121600 ns, At safepoint: 5000 ns, Total: 126600 ns
[2021-03-18T09:54:33.037+0000][24612][safepoint    ] Safepoint "Cleanup", Time since last: 2000767900 ns, Reaching safepoint: 99600 ns, At safepoint: 24700 ns, Total: 124300 ns
[2021-03-18T09:54:34.038+0000][24612][safepoint    ] Safepoint "Cleanup", Time since last: 1000159700 ns, Reaching safepoint: 141100 ns, At safepoint: 6600 ns, Total: 147700 ns
[2021-03-18T09:54:35.039+0000][24612][safepoint    ] Safepoint "Cleanup", Time since last: 1000835100 ns, Reaching safepoint: 141000 ns, At safepoint: 79300 ns, Total: 220300 ns
[2021-03-18T09:54:36.039+0000][24612][safepoint    ] Safepoint "Cleanup", Time since last: 1000155000 ns, Reaching safepoint: 126800 ns, At safepoint: 77400 ns, Total: 204200 ns
[2021-03-18T09:54:37.040+0000][24612][safepoint    ] Safepoint "Cleanup", Time since last: 1000714900 ns, Reaching safepoint: 120900 ns, At safepoint: 16600 ns, Total: 137500 ns
[2021-03-18T09:54:38.040+0000][24612][safepoint    ] Safepoint "Cleanup", Time since last: 1000169400 ns, Reaching safepoint: 122500 ns, At safepoint: 6400 ns, Total: 128900 ns
[2021-03-18T09:54:39.041+0000][24612][safepoint    ] Safepoint "Cleanup", Time since last: 1000854500 ns, Reaching safepoint: 147500 ns, At safepoint: 2100 ns, Total: 149600 ns
[2021-03-18T09:54:41.042+0000][24612][safepoint    ] Safepoint "Cleanup", Time since last: 2000415800 ns, Reaching safepoint: 134100 ns, At safepoint: 45500 ns, Total: 179600 ns
[2021-03-18T09:54:42.042+0000][24612][safepoint    ] Safepoint "Cleanup", Time since last: 1000198500 ns, Reaching safepoint: 193600 ns, At safepoint: 70800 ns, Total: 264400 ns
[2021-03-18T09:54:44.042+0000][24612][safepoint    ] Safepoint "Cleanup", Time since last: 2000115000 ns, Reaching safepoint: 176700 ns, At safepoint: 78200 ns, Total: 254900 ns
[2021-03-18T09:54:45.043+0000][24612][safepoint    ] Safepoint "Cleanup", Time since last: 1000060300 ns, Reaching safepoint: 91600 ns, At safepoint: 18600 ns, Total: 110200 ns
[2021-03-18T09:54:46.440+0000][24612][safepoint    ] Safepoint "Cleanup", Time since last: 1397197400 ns, Reaching safepoint: 136400 ns, At safepoint: 4800 ns, Total: 141200 ns
[2021-03-18T09:54:47.441+0000][24612][safepoint    ] Safepoint "Cleanup", Time since last: 1000530600 ns, Reaching safepoint: 115000 ns, At safepoint: 3300 ns, Total: 118300 ns
[2021-03-18T09:54:48.441+0000][24612][safepoint    ] Safepoint "Cleanup", Time since last: 1000474800 ns, Reaching safepoint: 121500 ns, At safepoint: 3600 ns, Total: 125100 ns
[2021-03-18T09:54:49.442+0000][24612][safepoint    ] Safepoint "Cleanup", Time since last: 1000413800 ns, Reaching safepoint: 144600 ns, At safepoint: 3900 ns, Total: 148500 ns
[2021-03-18T09:54:50.442+0000][24612][safepoint    ] Safepoint "Cleanup", Time since last: 1000190700 ns, Reaching safepoint: 141900 ns, At safepoint: 5300 ns, Total: 147200 ns
[2021-03-18T09:54:51.443+0000][24612][safepoint    ] Safepoint "Cleanup", Time since last: 1000752600 ns, Reaching safepoint: 120000 ns, At safepoint: 2600 ns, Total: 122600 ns
[2021-03-18T09:54:52.444+0000][24612][safepoint    ] Safepoint "Cleanup", Time since last: 1000832000 ns, Reaching safepoint: 102200 ns, At safepoint: 5700 ns, Total: 107900 ns
[2021-03-18T09:54:53.444+0000][24612][safepoint    ] Safepoint "Cleanup", Time since last: 1000076500 ns, Reaching safepoint: 122200 ns, At safepoint: 5300 ns, Total: 127500 ns
[2021-03-18T09:54:54.444+0000][24612][safepoint    ] Safepoint "Cleanup", Time since last: 1000089100 ns, Reaching safepoint: 140800 ns, At safepoint: 20400 ns, Total: 161200 ns
[2021-03-18T09:54:56.445+0000][24612][safepoint    ] Safepoint "Cleanup", Time since last: 2000404400 ns, Reaching safepoint: 102400 ns, At safepoint: 2900 ns, Total: 105300 ns
[2021-03-18T09:54:57.446+0000][24612][safepoint    ] Safepoint "Cleanup", Time since last: 1000715000 ns, Reaching safepoint: 140400 ns, At safepoint: 20400 ns, Total: 160800 ns
[2021-03-18T09:54:59.446+0000][24612][safepoint    ] Safepoint "Cleanup", Time since last: 1999852000 ns, Reaching safepoint: 110000 ns, At safepoint: 3100 ns, Total: 113100 ns
[2021-03-18T09:55:00.447+0000][24612][safepoint    ] Safepoint "Cleanup", Time since last: 1000760000 ns, Reaching safepoint: 130600 ns, At safepoint: 21500 ns, Total: 152100 ns
[2021-03-18T09:55:01.447+0000][24612][safepoint    ] Safepoint "Cleanup", Time since last: 1000053200 ns, Reaching safepoint: 138400 ns, At safepoint: 20900 ns, Total: 159300 ns
[2021-03-18T09:55:02.447+0000][24612][safepoint    ] Safepoint "Cleanup", Time since last: 1000413500 ns, Reaching safepoint: 125500 ns, At safepoint: 2600 ns, Total: 128100 ns
[2021-03-18T09:55:03.448+0000][24612][safepoint    ] Safepoint "Cleanup", Time since last: 1000844800 ns, Reaching safepoint: 110400 ns, At safepoint: 5400 ns, Total: 115800 ns
[2021-03-18T09:55:04.449+0000][24612][safepoint    ] Safepoint "Cleanup", Time since last: 1000562000 ns, Reaching safepoint: 117700 ns, At safepoint: 4900 ns, Total: 122600 ns
[2021-03-18T09:55:05.450+0000][24612][safepoint    ] Safepoint "Cleanup", Time since last: 1000514000 ns, Reaching safepoint: 123700 ns, At safepoint: 20700 ns, Total: 144400 ns
[2021-03-18T09:55:06.450+0000][24612][safepoint    ] Safepoint "Cleanup", Time since last: 1000055100 ns, Reaching safepoint: 140000 ns, At safepoint: 3100 ns, Total: 143100 ns
[2021-03-18T09:55:07.450+0000][24612][safepoint    ] Safepoint "Cleanup", Time since last: 1000395700 ns, Reaching safepoint: 113200 ns, At safepoint: 6900 ns, Total: 120100 ns
[2021-03-18T09:55:08.451+0000][24612][safepoint    ] Safepoint "Cleanup", Time since last: 1000246400 ns, Reaching safepoint: 129300 ns, At safepoint: 20200 ns, Total: 149500 ns
[2021-03-18T09:55:09.451+0000][24612][safepoint    ] Safepoint "Cleanup", Time since last: 1000338400 ns, Reaching safepoint: 147800 ns, At safepoint: 2700 ns, Total: 150500 ns
[2021-03-18T09:55:10.451+0000][24612][safepoint    ] Safepoint "Cleanup", Time since last: 1000023400 ns, Reaching safepoint: 166600 ns, At safepoint: 5200 ns, Total: 171800 ns
[2021-03-18T09:55:11.452+0000][24612][safepoint    ] Safepoint "Cleanup", Time since last: 1000420700 ns, Reaching safepoint: 161800 ns, At safepoint: 22100 ns, Total: 183900 ns
[2021-03-18T09:55:12.453+0000][24612][safepoint    ] Safepoint "Cleanup", Time since last: 1000651400 ns, Reaching safepoint: 99400 ns, At safepoint: 6500 ns, Total: 105900 ns
[2021-03-18T09:55:13.453+0000][24612][safepoint    ] Safepoint "Cleanup", Time since last: 1000196700 ns, Reaching safepoint: 122700 ns, At safepoint: 2700 ns, Total: 125400 ns
[2021-03-18T09:55:14.454+0000][24612][safepoint    ] Safepoint "Cleanup", Time since last: 1000816200 ns, Reaching safepoint: 129800 ns, At safepoint: 5000 ns, Total: 134800 ns
[2021-03-18T09:55:16.166+0000][24612][safepoint    ] Safepoint "Cleanup", Time since last: 1712016500 ns, Reaching safepoint: 135000 ns, At safepoint: 4500 ns, Total: 139500 ns
[2021-03-18T09:55:18.167+0000][24612][safepoint    ] Safepoint "Cleanup", Time since last: 2000737000 ns, Reaching safepoint: 124800 ns, At safepoint: 5200 ns, Total: 130000 ns
[2021-03-18T09:55:19.168+0000][24612][safepoint    ] Safepoint "Cleanup", Time since last: 1000475200 ns, Reaching safepoint: 111100 ns, At safepoint: 5100 ns, Total: 116200 ns
[2021-03-18T09:55:20.168+0000][24612][safepoint    ] Safepoint "Cleanup", Time since last: 1000204400 ns, Reaching safepoint: 139400 ns, At safepoint: 4800 ns, Total: 144200 ns
[2021-03-18T09:55:21.169+0000][24612][safepoint    ] Safepoint "Cleanup", Time since last: 1000802800 ns, Reaching safepoint: 137100 ns, At safepoint: 5200 ns, Total: 142300 ns
[2021-03-18T09:55:22.170+0000][24612][safepoint    ] Safepoint "Cleanup", Time since last: 1000776300 ns, Reaching safepoint: 129800 ns, At safepoint: 4400 ns, Total: 134200 ns
[2021-03-18T09:55:23.171+0000][24612][safepoint    ] Safepoint "Cleanup", Time since last: 1000693800 ns, Reaching safepoint: 98400 ns, At safepoint: 3200 ns, Total: 101600 ns
[2021-03-18T09:55:25.171+0000][24612][safepoint    ] Safepoint "Cleanup", Time since last: 1999984000 ns, Reaching safepoint: 95600 ns, At safepoint: 2900 ns, Total: 98500 ns
[2021-03-18T09:55:27.171+0000][24612][safepoint    ] Safepoint "Cleanup", Time since last: 2000425500 ns, Reaching safepoint: 125900 ns, At safepoint: 7600 ns, Total: 133500 ns
[2021-03-18T09:55:28.172+0000][24612][safepoint    ] Safepoint "Cleanup", Time since last: 1000159100 ns, Reaching safepoint: 91400 ns, At safepoint: 3200 ns, Total: 94600 ns
[2021-03-18T09:55:29.173+0000][24612][safepoint    ] Safepoint "Cleanup", Time since last: 1000937900 ns, Reaching safepoint: 114000 ns, At safepoint: 2800 ns, Total: 116800 ns
[2021-03-18T09:55:30.173+0000][24612][safepoint    ] Safepoint "Cleanup", Time since last: 1000623000 ns, Reaching safepoint: 138900 ns, At safepoint: 6400 ns, Total: 145300 ns
[2021-03-18T09:55:31.174+0000][24612][safepoint    ] Safepoint "Cleanup", Time since last: 1000681900 ns, Reaching safepoint: 140300 ns, At safepoint: 4900 ns, Total: 145200 ns
[2021-03-18T09:55:32.175+0000][24612][safepoint    ] Safepoint "Cleanup", Time since last: 1000827700 ns, Reaching safepoint: 112200 ns, At safepoint: 4900 ns, Total: 117100 ns
[2021-03-18T09:55:33.175+0000][24612][safepoint    ] Safepoint "Cleanup", Time since last: 1000097900 ns, Reaching safepoint: 105600 ns, At safepoint: 9400 ns, Total: 115000 ns
[2021-03-18T09:55:34.176+0000][24612][safepoint    ] Safepoint "Cleanup", Time since last: 1000152400 ns, Reaching safepoint: 93000 ns, At safepoint: 4900 ns, Total: 97900 ns
[2021-03-18T09:55:35.176+0000][24612][safepoint    ] Safepoint "Cleanup", Time since last: 1000421200 ns, Reaching safepoint: 131100 ns, At safepoint: 4600 ns, Total: 135700 ns
[2021-03-18T09:55:36.177+0000][24612][safepoint    ] Safepoint "Cleanup", Time since last: 1000409500 ns, Reaching safepoint: 129500 ns, At safepoint: 6200 ns, Total: 135700 ns
[2021-03-18T09:55:38.178+0000][24612][safepoint    ] Safepoint "Cleanup", Time since last: 2000819300 ns, Reaching safepoint: 115000 ns, At safepoint: 7600 ns, Total: 122600 ns
[2021-03-18T09:55:39.178+0000][24612][safepoint    ] Safepoint "Cleanup", Time since last: 1000244000 ns, Reaching safepoint: 115400 ns, At safepoint: 7100 ns, Total: 122500 ns
[2021-03-18T09:55:40.179+0000][24612][safepoint    ] Safepoint "Cleanup", Time since last: 1000900500 ns, Reaching safepoint: 111700 ns, At safepoint: 6300 ns, Total: 118000 ns
[2021-03-18T09:55:41.180+0000][24612][safepoint    ] Safepoint "Cleanup", Time since last: 1000572500 ns, Reaching safepoint: 167700 ns, At safepoint: 7000 ns, Total: 174700 ns
[2021-03-18T09:55:43.180+0000][24612][safepoint    ] Safepoint "Cleanup", Time since last: 2000594600 ns, Reaching safepoint: 108400 ns, At safepoint: 4700 ns, Total: 113100 ns
[2021-03-18T09:55:44.181+0000][24612][safepoint    ] Safepoint "Cleanup", Time since last: 1000632700 ns, Reaching safepoint: 91700 ns, At safepoint: 3400 ns, Total: 95100 ns
[2021-03-18T09:55:45.182+0000][24612][safepoint    ] Safepoint "Cleanup", Time since last: 1000922400 ns, Reaching safepoint: 103300 ns, At safepoint: 4600 ns, Total: 107900 ns
[2021-03-18T09:55:46.182+0000][24612][safepoint    ] Safepoint "Cleanup", Time since last: 1000178200 ns, Reaching safepoint: 117800 ns, At safepoint: 5900 ns, Total: 123700 ns
[2021-03-18T09:55:47.183+0000][24612][safepoint    ] Safepoint "Cleanup", Time since last: 1000068200 ns, Reaching safepoint: 139500 ns, At safepoint: 5400 ns, Total: 144900 ns
[2021-03-18T09:55:48.183+0000][24612][safepoint    ] Safepoint "Cleanup", Time since last: 1000208100 ns, Reaching safepoint: 93900 ns, At safepoint: 3600 ns, Total: 97500 ns
[2021-03-18T09:55:49.184+0000][24612][safepoint    ] Safepoint "Cleanup", Time since last: 1000956500 ns, Reaching safepoint: 100700 ns, At safepoint: 5200 ns, Total: 105900 ns
[2021-03-18T09:55:50.185+0000][24612][safepoint    ] Safepoint "Cleanup", Time since last: 1000443300 ns, Reaching safepoint: 98400 ns, At safepoint: 5900 ns, Total: 104300 ns
[2021-03-18T09:55:51.185+0000][24612][safepoint    ] Safepoint "Cleanup", Time since last: 1000527200 ns, Reaching safepoint: 106700 ns, At safepoint: 3000 ns, Total: 109700 ns
[2021-03-18T09:55:52.185+0000][24612][safepoint    ] Safepoint "Cleanup", Time since last: 1000081200 ns, Reaching safepoint: 107800 ns, At safepoint: 2700 ns, Total: 110500 ns
[2021-03-18T09:55:53.186+0000][24612][safepoint    ] Safepoint "Cleanup", Time since last: 1000590300 ns, Reaching safepoint: 132800 ns, At safepoint: 5000 ns, Total: 137800 ns
[2021-03-18T09:55:54.187+0000][24612][safepoint    ] Safepoint "Cleanup", Time since last: 1000707900 ns, Reaching safepoint: 132600 ns, At safepoint: 8900 ns, Total: 141500 ns
[2021-03-18T09:55:55.583+0000][24612][safepoint    ] Safepoint "Cleanup", Time since last: 1396204700 ns, Reaching safepoint: 137200 ns, At safepoint: 22300 ns, Total: 159500 ns
[2021-03-18T09:55:56.583+0000][24612][safepoint    ] Safepoint "Cleanup", Time since last: 1000027300 ns, Reaching safepoint: 115000 ns, At safepoint: 3900 ns, Total: 118900 ns
[2021-03-18T09:55:57.584+0000][24612][safepoint    ] Safepoint "Cleanup", Time since last: 1000321100 ns, Reaching safepoint: 113100 ns, At safepoint: 3200 ns, Total: 116300 ns
[2021-03-18T09:55:58.584+0000][24612][safepoint    ] Safepoint "Cleanup", Time since last: 1000193500 ns, Reaching safepoint: 153800 ns, At safepoint: 20900 ns, Total: 174700 ns
[2021-03-18T09:55:59.584+0000][24612][safepoint    ] Safepoint "Cleanup", Time since last: 1000134500 ns, Reaching safepoint: 93500 ns, At safepoint: 2800 ns, Total: 96300 ns
[2021-03-18T09:56:00.585+0000][24612][safepoint    ] Safepoint "Cleanup", Time since last: 1000608900 ns, Reaching safepoint: 110900 ns, At safepoint: 6000 ns, Total: 116900 ns
[2021-03-18T09:56:01.585+0000][24612][safepoint    ] Safepoint "Cleanup", Time since last: 1000225300 ns, Reaching safepoint: 128100 ns, At safepoint: 4100 ns, Total: 132200 ns
[2021-03-18T09:56:03.586+0000][24612][safepoint    ] Safepoint "Cleanup", Time since last: 2000722800 ns, Reaching safepoint: 110900 ns, At safepoint: 6500 ns, Total: 117400 ns
[2021-03-18T09:56:04.587+0000][24612][safepoint    ] Safepoint "Cleanup", Time since last: 1000621400 ns, Reaching safepoint: 112900 ns, At safepoint: 6800 ns, Total: 119700 ns
[2021-03-18T09:56:05.588+0000][24612][safepoint    ] Safepoint "Cleanup", Time since last: 1000737100 ns, Reaching safepoint: 129200 ns, At safepoint: 4100 ns, Total: 133300 ns
[2021-03-18T09:56:06.589+0000][24612][safepoint    ] Safepoint "Cleanup", Time since last: 1000744200 ns, Reaching safepoint: 168700 ns, At safepoint: 5900 ns, Total: 174600 ns
[2021-03-18T09:56:07.589+0000][24612][safepoint    ] Safepoint "Cleanup", Time since last: 1000344900 ns, Reaching safepoint: 126500 ns, At safepoint: 2700 ns, Total: 129200 ns
[2021-03-18T09:56:08.590+0000][24612][safepoint    ] Safepoint "Cleanup", Time since last: 1000808900 ns, Reaching safepoint: 143300 ns, At safepoint: 5100 ns, Total: 148400 ns
[2021-03-18T09:56:09.591+0000][24612][safepoint    ] Safepoint "Cleanup", Time since last: 1000227000 ns, Reaching safepoint: 123600 ns, At safepoint: 3200 ns, Total: 126800 ns
[2021-03-18T09:56:10.591+0000][24612][safepoint    ] Safepoint "Cleanup", Time since last: 1000117700 ns, Reaching safepoint: 125900 ns, At safepoint: 3500 ns, Total: 129400 ns
[2021-03-18T09:56:11.591+0000][24612][safepoint    ] Safepoint "Cleanup", Time since last: 1000411200 ns, Reaching safepoint: 87100 ns, At safepoint: 2900 ns, Total: 90000 ns
[2021-03-18T09:56:12.592+0000][24612][safepoint    ] Safepoint "Cleanup", Time since last: 1000469000 ns, Reaching safepoint: 128700 ns, At safepoint: 21800 ns, Total: 150500 ns
[2021-03-18T09:56:13.593+0000][24612][safepoint    ] Safepoint "Cleanup", Time since last: 1000554400 ns, Reaching safepoint: 128100 ns, At safepoint: 5800 ns, Total: 133900 ns
[2021-03-18T09:56:14.593+0000][24612][safepoint    ] Safepoint "Cleanup", Time since last: 1000514700 ns, Reaching safepoint: 97800 ns, At safepoint: 2700 ns, Total: 100500 ns
[2021-03-18T09:56:15.593+0000][24612][safepoint    ] Safepoint "Cleanup", Time since last: 1000001900 ns, Reaching safepoint: 105400 ns, At safepoint: 5500 ns, Total: 110900 ns
[2021-03-18T09:56:17.593+0000][24612][safepoint    ] Safepoint "Cleanup", Time since last: 1999989200 ns, Reaching safepoint: 116600 ns, At safepoint: 6600 ns, Total: 123200 ns
[2021-03-18T09:56:18.594+0000][24612][safepoint    ] Safepoint "Cleanup", Time since last: 1000756500 ns, Reaching safepoint: 93500 ns, At safepoint: 3400 ns, Total: 96900 ns
[2021-03-18T09:56:19.595+0000][24612][safepoint    ] Safepoint "Cleanup", Time since last: 1000254700 ns, Reaching safepoint: 113300 ns, At safepoint: 6900 ns, Total: 120200 ns
[2021-03-18T09:56:20.595+0000][24612][safepoint    ] Safepoint "Cleanup", Time since last: 1000092800 ns, Reaching safepoint: 119200 ns, At safepoint: 17200 ns, Total: 136400 ns
[2021-03-18T09:56:21.596+0000][24612][safepoint    ] Safepoint "Cleanup", Time since last: 1000652000 ns, Reaching safepoint: 139200 ns, At safepoint: 10200 ns, Total: 149400 ns
[2021-03-18T09:56:23.596+0000][24612][safepoint    ] Safepoint "Cleanup", Time since last: 2000482300 ns, Reaching safepoint: 139700 ns, At safepoint: 5200 ns, Total: 144900 ns
[2021-03-18T09:56:24.597+0000][24612][safepoint    ] Safepoint "Cleanup", Time since last: 1000365500 ns, Reaching safepoint: 151600 ns, At safepoint: 5300 ns, Total: 156900 ns
[2021-03-18T09:56:25.637+0000][24612][safepoint    ] Safepoint "Cleanup", Time since last: 1040364700 ns, Reaching safepoint: 133800 ns, At safepoint: 69200 ns, Total: 203000 ns
[2021-03-18T09:56:27.035+0000][24612][safepoint    ] Safepoint "BulkRevokeBias", Time since last: 1397163600 ns, Reaching safepoint: 119500 ns, At safepoint: 1055200 ns, Total: 1174700 ns
[2021-03-18T09:56:28.036+0000][24612][safepoint    ] Safepoint "Cleanup", Time since last: 1000461300 ns, Reaching safepoint: 136300 ns, At safepoint: 56000 ns, Total: 192300 ns
[2021-03-18T09:56:30.037+0000][24612][safepoint    ] Safepoint "Cleanup", Time since last: 2000770900 ns, Reaching safepoint: 127600 ns, At safepoint: 67000 ns, Total: 194600 ns
[2021-03-18T09:56:31.038+0000][24612][safepoint    ] Safepoint "Cleanup", Time since last: 1000157400 ns, Reaching safepoint: 108800 ns, At safepoint: 68700 ns, Total: 177500 ns
[2021-03-18T09:56:32.038+0000][24612][safepoint    ] Safepoint "Cleanup", Time since last: 1000097200 ns, Reaching safepoint: 97400 ns, At safepoint: 5300 ns, Total: 102700 ns
[2021-03-18T09:56:33.039+0000][24612][safepoint    ] Safepoint "Cleanup", Time since last: 1000559300 ns, Reaching safepoint: 127300 ns, At safepoint: 68300 ns, Total: 195600 ns
[2021-03-18T09:56:34.039+0000][24612][safepoint    ] Safepoint "Cleanup", Time since last: 1000577800 ns, Reaching safepoint: 124800 ns, At safepoint: 18900 ns, Total: 143700 ns
[2021-03-18T09:56:35.040+0000][24612][safepoint    ] Safepoint "Cleanup", Time since last: 1000444800 ns, Reaching safepoint: 141100 ns, At safepoint: 17400 ns, Total: 158500 ns
[2021-03-18T09:56:36.041+0000][24612][safepoint    ] Safepoint "Cleanup", Time since last: 1000579600 ns, Reaching safepoint: 149100 ns, At safepoint: 72200 ns, Total: 221300 ns
[2021-03-18T09:56:38.041+0000][24612][safepoint    ] Safepoint "Cleanup", Time since last: 2000595200 ns, Reaching safepoint: 141600 ns, At safepoint: 44800 ns, Total: 186400 ns
[2021-03-18T09:56:39.042+0000][24612][safepoint    ] Safepoint "Cleanup", Time since last: 1000235400 ns, Reaching safepoint: 178900 ns, At safepoint: 16800 ns, Total: 195700 ns
[2021-03-18T09:56:40.042+0000][24612][safepoint    ] Safepoint "Cleanup", Time since last: 1000088500 ns, Reaching safepoint: 114000 ns, At safepoint: 20600 ns, Total: 134600 ns
[2021-03-18T09:56:41.043+0000][24612][safepoint    ] Safepoint "Cleanup", Time since last: 1000619800 ns, Reaching safepoint: 102100 ns, At safepoint: 17400 ns, Total: 119500 ns
[2021-03-18T09:56:42.043+0000][24612][safepoint    ] Safepoint "Cleanup", Time since last: 1000424800 ns, Reaching safepoint: 128400 ns, At safepoint: 65800 ns, Total: 194200 ns
[2021-03-18T09:56:44.044+0000][24612][safepoint    ] Safepoint "Cleanup", Time since last: 2000372200 ns, Reaching safepoint: 96700 ns, At safepoint: 8300 ns, Total: 105000 ns
[2021-03-18T09:56:45.045+0000][24612][safepoint    ] Safepoint "Cleanup", Time since last: 1000735600 ns, Reaching safepoint: 119300 ns, At safepoint: 19100 ns, Total: 138400 ns
[2021-03-18T09:56:46.046+0000][24612][safepoint    ] Safepoint "Cleanup", Time since last: 1000654200 ns, Reaching safepoint: 87000 ns, At safepoint: 17000 ns, Total: 104000 ns
[2021-03-18T09:56:47.047+0000][24612][safepoint    ] Safepoint "Cleanup", Time since last: 1000881300 ns, Reaching safepoint: 133900 ns, At safepoint: 61100 ns, Total: 195000 ns
[2021-03-18T09:56:49.047+0000][24612][safepoint    ] Safepoint "Cleanup", Time since last: 2000665200 ns, Reaching safepoint: 125100 ns, At safepoint: 4300 ns, Total: 129400 ns
[2021-03-18T09:56:50.048+0000][24612][safepoint    ] Safepoint "Cleanup", Time since last: 1000469200 ns, Reaching safepoint: 103800 ns, At safepoint: 64000 ns, Total: 167800 ns
[2021-03-18T09:56:52.049+0000][24612][safepoint    ] Safepoint "Cleanup", Time since last: 2000781600 ns, Reaching safepoint: 145600 ns, At safepoint: 12800 ns, Total: 158400 ns
[2021-03-18T09:56:53.049+0000][24612][safepoint    ] Safepoint "Cleanup", Time since last: 1000008500 ns, Reaching safepoint: 95300 ns, At safepoint: 48400 ns, Total: 143700 ns
[2021-03-18T09:56:54.050+0000][24612][safepoint    ] Safepoint "Cleanup", Time since last: 1000892800 ns, Reaching safepoint: 138700 ns, At safepoint: 6700 ns, Total: 145400 ns
[2021-03-18T09:56:55.050+0000][24612][safepoint    ] Safepoint "Cleanup", Time since last: 1000152300 ns, Reaching safepoint: 156400 ns, At safepoint: 17500 ns, Total: 173900 ns
[2021-03-18T09:56:56.051+0000][24612][safepoint    ] Safepoint "Cleanup", Time since last: 1000585500 ns, Reaching safepoint: 141000 ns, At safepoint: 5000 ns, Total: 146000 ns
[2021-03-18T09:56:58.052+0000][24612][safepoint    ] Safepoint "Cleanup", Time since last: 2000942600 ns, Reaching safepoint: 150300 ns, At safepoint: 4600 ns, Total: 154900 ns
[2021-03-18T09:57:00.053+0000][24612][safepoint    ] Safepoint "Cleanup", Time since last: 2000131800 ns, Reaching safepoint: 143900 ns, At safepoint: 67300 ns, Total: 211200 ns
[2021-03-18T09:57:01.053+0000][24612][safepoint    ] Safepoint "Cleanup", Time since last: 1000005700 ns, Reaching safepoint: 175700 ns, At safepoint: 62900 ns, Total: 238600 ns
[2021-03-18T09:57:02.053+0000][24612][safepoint    ] Safepoint "Cleanup", Time since last: 1000255800 ns, Reaching safepoint: 148900 ns, At safepoint: 71300 ns, Total: 220200 ns
[2021-03-18T09:57:04.054+0000][24612][safepoint    ] Safepoint "Cleanup", Time since last: 2000711900 ns, Reaching safepoint: 129500 ns, At safepoint: 16600 ns, Total: 146100 ns
[2021-03-18T09:57:06.054+0000][24612][safepoint    ] Safepoint "Cleanup", Time since last: 1999912100 ns, Reaching safepoint: 120300 ns, At safepoint: 68300 ns, Total: 188600 ns
[2021-03-18T09:57:07.054+0000][24612][safepoint    ] Safepoint "Cleanup", Time since last: 1000038800 ns, Reaching safepoint: 188900 ns, At safepoint: 6400 ns, Total: 195300 ns
[2021-03-18T09:57:09.055+0000][24612][safepoint    ] Safepoint "Cleanup", Time since last: 2000676000 ns, Reaching safepoint: 147100 ns, At safepoint: 85800 ns, Total: 232900 ns
[2021-03-18T09:57:10.056+0000][24612][safepoint    ] Safepoint "Cleanup", Time since last: 1000739700 ns, Reaching safepoint: 107100 ns, At safepoint: 19300 ns, Total: 126400 ns
[2021-03-18T09:57:11.057+0000][24612][safepoint    ] Safepoint "Cleanup", Time since last: 1000387500 ns, Reaching safepoint: 129900 ns, At safepoint: 64300 ns, Total: 194200 ns
[2021-03-18T09:57:12.058+0000][24612][safepoint    ] Safepoint "Cleanup", Time since last: 1000591500 ns, Reaching safepoint: 162500 ns, At safepoint: 43400 ns, Total: 205900 ns
[2021-03-18T09:57:13.059+0000][24612][safepoint    ] Safepoint "Cleanup", Time since last: 1000739000 ns, Reaching safepoint: 230000 ns, At safepoint: 43000 ns, Total: 273000 ns
[2021-03-18T09:57:14.059+0000][24612][safepoint    ] Safepoint "Cleanup", Time since last: 1000026000 ns, Reaching safepoint: 125100 ns, At safepoint: 16800 ns, Total: 141900 ns
[2021-03-18T09:57:16.059+0000][24612][safepoint    ] Safepoint "Cleanup", Time since last: 1999932300 ns, Reaching safepoint: 156400 ns, At safepoint: 63800 ns, Total: 220200 ns
[2021-03-18T09:57:17.059+0000][24612][safepoint    ] Safepoint "Cleanup", Time since last: 1000369600 ns, Reaching safepoint: 118800 ns, At safepoint: 72800 ns, Total: 191600 ns
[2021-03-18T09:57:18.060+0000][24612][safepoint    ] Safepoint "Cleanup", Time since last: 1000050400 ns, Reaching safepoint: 123800 ns, At safepoint: 18500 ns, Total: 142300 ns
[2021-03-18T09:57:19.060+0000][24612][safepoint    ] Safepoint "Cleanup", Time since last: 1000365900 ns, Reaching safepoint: 163700 ns, At safepoint: 56600 ns, Total: 220300 ns
[2021-03-18T09:57:20.061+0000][24612][safepoint    ] Safepoint "Cleanup", Time since last: 1000258200 ns, Reaching safepoint: 95500 ns, At safepoint: 4200 ns, Total: 99700 ns
[2021-03-18T09:57:21.062+0000][24612][safepoint    ] Safepoint "Cleanup", Time since last: 1000817100 ns, Reaching safepoint: 109400 ns, At safepoint: 6000 ns, Total: 115400 ns
[2021-03-18T09:57:22.062+0000][24612][safepoint    ] Safepoint "Cleanup", Time since last: 1000626500 ns, Reaching safepoint: 101900 ns, At safepoint: 3500 ns, Total: 105400 ns
[2021-03-18T09:57:23.063+0000][24612][safepoint    ] Safepoint "Cleanup", Time since last: 1000123200 ns, Reaching safepoint: 99600 ns, At safepoint: 27000 ns, Total: 126600 ns
[2021-03-18T09:57:25.063+0000][24612][safepoint    ] Safepoint "Cleanup", Time since last: 2000059000 ns, Reaching safepoint: 142200 ns, At safepoint: 20900 ns, Total: 163100 ns
[2021-03-18T09:57:26.063+0000][24612][safepoint    ] Safepoint "Cleanup", Time since last: 1000286700 ns, Reaching safepoint: 124600 ns, At safepoint: 67600 ns, Total: 192200 ns
[2021-03-18T09:57:28.036+0000][24612][safepoint    ] Safepoint "Cleanup", Time since last: 1972496700 ns, Reaching safepoint: 125700 ns, At safepoint: 4900 ns, Total: 130600 ns
[2021-03-18T09:57:29.036+0000][24612][safepoint    ] Safepoint "Cleanup", Time since last: 1000030400 ns, Reaching safepoint: 129300 ns, At safepoint: 18800 ns, Total: 148100 ns
[2021-03-18T09:57:30.037+0000][24612][safepoint    ] Safepoint "Cleanup", Time since last: 1000578400 ns, Reaching safepoint: 84500 ns, At safepoint: 18300 ns, Total: 102800 ns
[2021-03-18T09:57:31.037+0000][24612][safepoint    ] Safepoint "Cleanup", Time since last: 1000655700 ns, Reaching safepoint: 126400 ns, At safepoint: 64600 ns, Total: 191000 ns
[2021-03-18T09:57:32.038+0000][24612][safepoint    ] Safepoint "Cleanup", Time since last: 1000694800 ns, Reaching safepoint: 143400 ns, At safepoint: 17900 ns, Total: 161300 ns
[2021-03-18T09:57:33.039+0000][24612][safepoint    ] Safepoint "Cleanup", Time since last: 1000012500 ns, Reaching safepoint: 183800 ns, At safepoint: 60100 ns, Total: 243900 ns
[2021-03-18T09:57:35.039+0000][24612][safepoint    ] Safepoint "Cleanup", Time since last: 2000069100 ns, Reaching safepoint: 152700 ns, At safepoint: 5100 ns, Total: 157800 ns
[2021-03-18T09:57:36.039+0000][24612][safepoint    ] Safepoint "Cleanup", Time since last: 1000155600 ns, Reaching safepoint: 146100 ns, At safepoint: 61700 ns, Total: 207800 ns
[2021-03-18T09:57:37.039+0000][24612][safepoint    ] Safepoint "Cleanup", Time since last: 1000124900 ns, Reaching safepoint: 104600 ns, At safepoint: 16900 ns, Total: 121500 ns
[2021-03-18T09:57:38.040+0000][24612][safepoint    ] Safepoint "Cleanup", Time since last: 1000748700 ns, Reaching safepoint: 106800 ns, At safepoint: 76700 ns, Total: 183500 ns
[2021-03-18T09:57:40.041+0000][24612][safepoint    ] Safepoint "Cleanup", Time since last: 2000491700 ns, Reaching safepoint: 155700 ns, At safepoint: 21400 ns, Total: 177100 ns
[2021-03-18T09:57:42.042+0000][24612][safepoint    ] Safepoint "Cleanup", Time since last: 2000636900 ns, Reaching safepoint: 129600 ns, At safepoint: 17900 ns, Total: 147500 ns
[2021-03-18T09:57:43.042+0000][24612][safepoint    ] Safepoint "Cleanup", Time since last: 1000432700 ns, Reaching safepoint: 163300 ns, At safepoint: 61900 ns, Total: 225200 ns
[2021-03-18T09:57:44.043+0000][24612][safepoint    ] Safepoint "Cleanup", Time since last: 1000663500 ns, Reaching safepoint: 150900 ns, At safepoint: 58100 ns, Total: 209000 ns
[2021-03-18T09:57:45.781+0000][24612][safepoint    ] Safepoint "Cleanup", Time since last: 1737387300 ns, Reaching safepoint: 119700 ns, At safepoint: 7300 ns, Total: 127000 ns
[2021-03-18T09:57:46.781+0000][24612][safepoint    ] Safepoint "Cleanup", Time since last: 1000269700 ns, Reaching safepoint: 138000 ns, At safepoint: 6300 ns, Total: 144300 ns
[2021-03-18T09:57:47.782+0000][24612][safepoint    ] Safepoint "Cleanup", Time since last: 1000474400 ns, Reaching safepoint: 103500 ns, At safepoint: 6100 ns, Total: 109600 ns
[2021-03-18T09:57:48.782+0000][24612][safepoint    ] Safepoint "Cleanup", Time since last: 1000056800 ns, Reaching safepoint: 122300 ns, At safepoint: 3700 ns, Total: 126000 ns
[2021-03-18T09:57:49.783+0000][24612][safepoint    ] Safepoint "Cleanup", Time since last: 1000653700 ns, Reaching safepoint: 112400 ns, At safepoint: 8300 ns, Total: 120700 ns
[2021-03-18T09:57:51.783+0000][24612][safepoint    ] Safepoint "Cleanup", Time since last: 2000084500 ns, Reaching safepoint: 92300 ns, At safepoint: 3300 ns, Total: 95600 ns
[2021-03-18T09:57:52.784+0000][24612][safepoint    ] Safepoint "Cleanup", Time since last: 1000726100 ns, Reaching safepoint: 86500 ns, At safepoint: 3600 ns, Total: 90100 ns
[2021-03-18T09:57:53.784+0000][24612][safepoint    ] Safepoint "Cleanup", Time since last: 1000373300 ns, Reaching safepoint: 129200 ns, At safepoint: 3700 ns, Total: 132900 ns
[2021-03-18T09:57:54.785+0000][24612][safepoint    ] Safepoint "Cleanup", Time since last: 1000350000 ns, Reaching safepoint: 140200 ns, At safepoint: 6900 ns, Total: 147100 ns
[2021-03-18T09:57:55.786+0000][24612][safepoint    ] Safepoint "Cleanup", Time since last: 1000706300 ns, Reaching safepoint: 211200 ns, At safepoint: 5000 ns, Total: 216200 ns
[2021-03-18T09:57:56.786+0000][24612][safepoint    ] Safepoint "Cleanup", Time since last: 1000189500 ns, Reaching safepoint: 119000 ns, At safepoint: 4400 ns, Total: 123400 ns
[2021-03-18T09:57:57.787+0000][24612][safepoint    ] Safepoint "Cleanup", Time since last: 1000485700 ns, Reaching safepoint: 127200 ns, At safepoint: 6100 ns, Total: 133300 ns
[2021-03-18T09:57:58.787+0000][24612][safepoint    ] Safepoint "Cleanup", Time since last: 1000207300 ns, Reaching safepoint: 121900 ns, At safepoint: 6600 ns, Total: 128500 ns
[2021-03-18T09:57:59.788+0000][24612][safepoint    ] Safepoint "Cleanup", Time since last: 1000891200 ns, Reaching safepoint: 143700 ns, At safepoint: 5400 ns, Total: 149100 ns
[2021-03-18T09:58:00.789+0000][24612][safepoint    ] Safepoint "Cleanup", Time since last: 1000842200 ns, Reaching safepoint: 113400 ns, At safepoint: 4300 ns, Total: 117700 ns
[2021-03-18T09:58:01.789+0000][24612][safepoint    ] Safepoint "Cleanup", Time since last: 1000260900 ns, Reaching safepoint: 111100 ns, At safepoint: 4700 ns, Total: 115800 ns
[2021-03-18T09:58:02.790+0000][24612][safepoint    ] Safepoint "Cleanup", Time since last: 1000482600 ns, Reaching safepoint: 117500 ns, At safepoint: 5500 ns, Total: 123000 ns
[2021-03-18T09:58:03.791+0000][24612][safepoint    ] Safepoint "Cleanup", Time since last: 1000732100 ns, Reaching safepoint: 127600 ns, At safepoint: 4100 ns, Total: 131700 ns
[2021-03-18T09:58:04.791+0000][24612][safepoint    ] Safepoint "Cleanup", Time since last: 1000536200 ns, Reaching safepoint: 91900 ns, At safepoint: 3400 ns, Total: 95300 ns
[2021-03-18T09:58:05.792+0000][24612][safepoint    ] Safepoint "Cleanup", Time since last: 1000878700 ns, Reaching safepoint: 141000 ns, At safepoint: 20800 ns, Total: 161800 ns
[2021-03-18T09:58:07.740+0000][24612][safepoint    ] Safepoint "Cleanup", Time since last: 1947931300 ns, Reaching safepoint: 158200 ns, At safepoint: 5200 ns, Total: 163400 ns
[2021-03-18T09:58:09.741+0000][24612][safepoint    ] Safepoint "Cleanup", Time since last: 2000183200 ns, Reaching safepoint: 114000 ns, At safepoint: 5400 ns, Total: 119400 ns
[2021-03-18T09:58:10.742+0000][24612][safepoint    ] Safepoint "Cleanup", Time since last: 1000808400 ns, Reaching safepoint: 107500 ns, At safepoint: 5800 ns, Total: 113300 ns
[2021-03-18T09:58:12.743+0000][24612][safepoint    ] Safepoint "Cleanup", Time since last: 2000750400 ns, Reaching safepoint: 132400 ns, At safepoint: 3300 ns, Total: 135700 ns
[2021-03-18T09:58:13.743+0000][24612][safepoint    ] Safepoint "Cleanup", Time since last: 1000074000 ns, Reaching safepoint: 138800 ns, At safepoint: 2600 ns, Total: 141400 ns
[2021-03-18T09:58:14.743+0000][24612][safepoint    ] Safepoint "Cleanup", Time since last: 1000189800 ns, Reaching safepoint: 113800 ns, At safepoint: 5100 ns, Total: 118900 ns
[2021-03-18T09:58:15.744+0000][24612][safepoint    ] Safepoint "Cleanup", Time since last: 1000860600 ns, Reaching safepoint: 136700 ns, At safepoint: 25900 ns, Total: 162600 ns
[2021-03-18T09:58:16.745+0000][24612][safepoint    ] Safepoint "Cleanup", Time since last: 1000440000 ns, Reaching safepoint: 248000 ns, At safepoint: 4800 ns, Total: 252800 ns
[2021-03-18T09:58:17.745+0000][24612][safepoint    ] Safepoint "Cleanup", Time since last: 1000400900 ns, Reaching safepoint: 136700 ns, At safepoint: 11000 ns, Total: 147700 ns
[2021-03-18T09:58:18.746+0000][24612][safepoint    ] Safepoint "Cleanup", Time since last: 1000176500 ns, Reaching safepoint: 104300 ns, At safepoint: 6500 ns, Total: 110800 ns
[2021-03-18T09:58:19.746+0000][24612][safepoint    ] Safepoint "Cleanup", Time since last: 1000483300 ns, Reaching safepoint: 130100 ns, At safepoint: 4700 ns, Total: 134800 ns
[2021-03-18T09:58:20.747+0000][24612][safepoint    ] Safepoint "Cleanup", Time since last: 1000410300 ns, Reaching safepoint: 124800 ns, At safepoint: 3100 ns, Total: 127900 ns
[2021-03-18T09:58:21.747+0000][24612][safepoint    ] Safepoint "Cleanup", Time since last: 1000168800 ns, Reaching safepoint: 119200 ns, At safepoint: 5000 ns, Total: 124200 ns
[2021-03-18T09:58:22.747+0000][24612][safepoint    ] Safepoint "Cleanup", Time since last: 1000233900 ns, Reaching safepoint: 128700 ns, At safepoint: 3200 ns, Total: 131900 ns
[2021-03-18T09:58:23.748+0000][24612][safepoint    ] Safepoint "Cleanup", Time since last: 1000817100 ns, Reaching safepoint: 110800 ns, At safepoint: 5200 ns, Total: 116000 ns
[2021-03-18T09:58:24.749+0000][24612][safepoint    ] Safepoint "Cleanup", Time since last: 1000618600 ns, Reaching safepoint: 126000 ns, At safepoint: 3500 ns, Total: 129500 ns
[2021-03-18T09:58:25.750+0000][24612][safepoint    ] Safepoint "Cleanup", Time since last: 1000566100 ns, Reaching safepoint: 113800 ns, At safepoint: 2800 ns, Total: 116600 ns
[2021-03-18T09:58:26.751+0000][24612][safepoint    ] Safepoint "Cleanup", Time since last: 1000698400 ns, Reaching safepoint: 165200 ns, At safepoint: 5800 ns, Total: 171000 ns
[2021-03-18T09:58:28.751+0000][24612][safepoint    ] Safepoint "Cleanup", Time since last: 2000000300 ns, Reaching safepoint: 129300 ns, At safepoint: 5400 ns, Total: 134700 ns
[2021-03-18T09:58:29.751+0000][24612][safepoint    ] Safepoint "Cleanup", Time since last: 1000162900 ns, Reaching safepoint: 145800 ns, At safepoint: 5400 ns, Total: 151200 ns
[2021-03-18T09:58:30.752+0000][24612][safepoint    ] Safepoint "Cleanup", Time since last: 1000708800 ns, Reaching safepoint: 111600 ns, At safepoint: 3000 ns, Total: 114600 ns
[2021-03-18T09:58:31.753+0000][24612][safepoint    ] Safepoint "Cleanup", Time since last: 1000565300 ns, Reaching safepoint: 127400 ns, At safepoint: 6600 ns, Total: 134000 ns
[2021-03-18T09:58:32.753+0000][24612][safepoint    ] Safepoint "Cleanup", Time since last: 1000541200 ns, Reaching safepoint: 127700 ns, At safepoint: 6600 ns, Total: 134300 ns
[2021-03-18T09:58:33.753+0000][24612][safepoint    ] Safepoint "Cleanup", Time since last: 1000040400 ns, Reaching safepoint: 102500 ns, At safepoint: 6000 ns, Total: 108500 ns
[2021-03-18T09:58:34.754+0000][24612][safepoint    ] Safepoint "Cleanup", Time since last: 1000349100 ns, Reaching safepoint: 94600 ns, At safepoint: 4000 ns, Total: 98600 ns
[2021-03-18T09:58:36.755+0000][24612][safepoint    ] Safepoint "Cleanup", Time since last: 2000874400 ns, Reaching safepoint: 91000 ns, At safepoint: 3800 ns, Total: 94800 ns
[2021-03-18T09:58:37.756+0000][24612][safepoint    ] Safepoint "Cleanup", Time since last: 1000734700 ns, Reaching safepoint: 124800 ns, At safepoint: 4300 ns, Total: 129100 ns
[2021-03-18T09:58:38.756+0000][24612][safepoint    ] Safepoint "Cleanup", Time since last: 1000496700 ns, Reaching safepoint: 114500 ns, At safepoint: 6100 ns, Total: 120600 ns
[2021-03-18T09:58:39.757+0000][24612][safepoint    ] Safepoint "Cleanup", Time since last: 1000455000 ns, Reaching safepoint: 111700 ns, At safepoint: 16300 ns, Total: 128000 ns
[2021-03-18T09:58:40.757+0000][24612][safepoint    ] Safepoint "Cleanup", Time since last: 1000512600 ns, Reaching safepoint: 125600 ns, At safepoint: 2500 ns, Total: 128100 ns
[2021-03-18T09:58:41.758+0000][24612][safepoint    ] Safepoint "Cleanup", Time since last: 1000146100 ns, Reaching safepoint: 126600 ns, At safepoint: 3800 ns, Total: 130400 ns
[2021-03-18T09:58:42.758+0000][24612][safepoint    ] Safepoint "Cleanup", Time since last: 1000048700 ns, Reaching safepoint: 105900 ns, At safepoint: 5300 ns, Total: 111200 ns
[2021-03-18T09:58:43.759+0000][24612][safepoint    ] Safepoint "Cleanup", Time since last: 1000650500 ns, Reaching safepoint: 129900 ns, At safepoint: 5000 ns, Total: 134900 ns
[2021-03-18T09:58:44.760+0000][24612][safepoint    ] Safepoint "Cleanup", Time since last: 1000843000 ns, Reaching safepoint: 129800 ns, At safepoint: 5600 ns, Total: 135400 ns
[2021-03-18T09:58:46.761+0000][24612][safepoint    ] Safepoint "Cleanup", Time since last: 2000864200 ns, Reaching safepoint: 156700 ns, At safepoint: 6300 ns, Total: 163000 ns
[2021-03-18T09:58:47.761+0000][24612][safepoint    ] Safepoint "Cleanup", Time since last: 1000039100 ns, Reaching safepoint: 120600 ns, At safepoint: 12800 ns, Total: 133400 ns
[2021-03-18T09:58:48.761+0000][24612][safepoint    ] Safepoint "Cleanup", Time since last: 1000362700 ns, Reaching safepoint: 118200 ns, At safepoint: 7500 ns, Total: 125700 ns
[2021-03-18T09:58:49.762+0000][24612][safepoint    ] Safepoint "Cleanup", Time since last: 1000217500 ns, Reaching safepoint: 89800 ns, At safepoint: 2600 ns, Total: 92400 ns
[2021-03-18T09:58:50.762+0000][24612][safepoint    ] Safepoint "Cleanup", Time since last: 1000087400 ns, Reaching safepoint: 170200 ns, At safepoint: 5900 ns, Total: 176100 ns
[2021-03-18T09:58:52.762+0000][24612][safepoint    ] Safepoint "Cleanup", Time since last: 1999993600 ns, Reaching safepoint: 122600 ns, At safepoint: 3300 ns, Total: 125900 ns
[2021-03-18T09:58:53.762+0000][24612][safepoint    ] Safepoint "Cleanup", Time since last: 1000169600 ns, Reaching safepoint: 127900 ns, At safepoint: 5300 ns, Total: 133200 ns
[2021-03-18T09:58:54.763+0000][24612][safepoint    ] Safepoint "Cleanup", Time since last: 1000800000 ns, Reaching safepoint: 144500 ns, At safepoint: 75600 ns, Total: 220100 ns
[2021-03-18T09:58:55.764+0000][24612][safepoint    ] Safepoint "Cleanup", Time since last: 1000732500 ns, Reaching safepoint: 87800 ns, At safepoint: 3100 ns, Total: 90900 ns
[2021-03-18T09:58:56.765+0000][24612][safepoint    ] Safepoint "Cleanup", Time since last: 1000549800 ns, Reaching safepoint: 129800 ns, At safepoint: 5000 ns, Total: 134800 ns
[2021-03-18T09:58:57.766+0000][24612][safepoint    ] Safepoint "Cleanup", Time since last: 1000772300 ns, Reaching safepoint: 156000 ns, At safepoint: 18400 ns, Total: 174400 ns
[2021-03-18T09:58:58.767+0000][24612][safepoint    ] Safepoint "Cleanup", Time since last: 1000613600 ns, Reaching safepoint: 106000 ns, At safepoint: 46000 ns, Total: 152000 ns
[2021-03-18T09:58:59.767+0000][24612][safepoint    ] Safepoint "Cleanup", Time since last: 1000398200 ns, Reaching safepoint: 134600 ns, At safepoint: 45700 ns, Total: 180300 ns
[2021-03-18T09:59:00.768+0000][24612][safepoint    ] Safepoint "Cleanup", Time since last: 1000843700 ns, Reaching safepoint: 134200 ns, At safepoint: 5700 ns, Total: 139900 ns
[2021-03-18T09:59:01.769+0000][24612][safepoint    ] Safepoint "Cleanup", Time since last: 1000503500 ns, Reaching safepoint: 86500 ns, At safepoint: 2900 ns, Total: 89400 ns
[2021-03-18T09:59:02.769+0000][24612][safepoint    ] Safepoint "Cleanup", Time since last: 1000595300 ns, Reaching safepoint: 108100 ns, At safepoint: 4700 ns, Total: 112800 ns
[2021-03-18T09:59:03.770+0000][24612][safepoint    ] Safepoint "Cleanup", Time since last: 1000291300 ns, Reaching safepoint: 137300 ns, At safepoint: 3200 ns, Total: 140500 ns
[2021-03-18T09:59:05.569+0000][24612][safepoint    ] Safepoint "Cleanup", Time since last: 1799403800 ns, Reaching safepoint: 111800 ns, At safepoint: 4800 ns, Total: 116600 ns
[2021-03-18T09:59:06.570+0000][24612][safepoint    ] Safepoint "Cleanup", Time since last: 1000751000 ns, Reaching safepoint: 119200 ns, At safepoint: 3500 ns, Total: 122700 ns
[2021-03-18T09:59:08.570+0000][24612][safepoint    ] Safepoint "Cleanup", Time since last: 2000026300 ns, Reaching safepoint: 96000 ns, At safepoint: 2800 ns, Total: 98800 ns
[2021-03-18T09:59:09.571+0000][24612][safepoint    ] Safepoint "Cleanup", Time since last: 1000324200 ns, Reaching safepoint: 101200 ns, At safepoint: 6400 ns, Total: 107600 ns
[2021-03-18T09:59:11.572+0000][24612][safepoint    ] Safepoint "Cleanup", Time since last: 2000964500 ns, Reaching safepoint: 105200 ns, At safepoint: 21300 ns, Total: 126500 ns
[2021-03-18T09:59:12.572+0000][24612][safepoint    ] Safepoint "Cleanup", Time since last: 1000248500 ns, Reaching safepoint: 144800 ns, At safepoint: 5400 ns, Total: 150200 ns
[2021-03-18T09:59:13.573+0000][24612][safepoint    ] Safepoint "Cleanup", Time since last: 1000226500 ns, Reaching safepoint: 129600 ns, At safepoint: 14600 ns, Total: 144200 ns
[2021-03-18T09:59:14.573+0000][24612][safepoint    ] Safepoint "Cleanup", Time since last: 1000030900 ns, Reaching safepoint: 90700 ns, At safepoint: 13800 ns, Total: 104500 ns
[2021-03-18T09:59:15.573+0000][24612][safepoint    ] Safepoint "Cleanup", Time since last: 1000362400 ns, Reaching safepoint: 143800 ns, At safepoint: 5600 ns, Total: 149400 ns
[2021-03-18T09:59:16.574+0000][24612][safepoint    ] Safepoint "Cleanup", Time since last: 1000335300 ns, Reaching safepoint: 123200 ns, At safepoint: 3500 ns, Total: 126700 ns
[2021-03-18T09:59:17.574+0000][24612][safepoint    ] Safepoint "Cleanup", Time since last: 1000696300 ns, Reaching safepoint: 151700 ns, At safepoint: 4800 ns, Total: 156500 ns
[2021-03-18T09:59:18.575+0000][24612][safepoint    ] Safepoint "Cleanup", Time since last: 1000066500 ns, Reaching safepoint: 211400 ns, At safepoint: 5300 ns, Total: 216700 ns
[2021-03-18T09:59:19.575+0000][24612][safepoint    ] Safepoint "Cleanup", Time since last: 1000473200 ns, Reaching safepoint: 165100 ns, At safepoint: 59600 ns, Total: 224700 ns
[2021-03-18T09:59:20.576+0000][24612][safepoint    ] Safepoint "Cleanup", Time since last: 1000211900 ns, Reaching safepoint: 141200 ns, At safepoint: 8300 ns, Total: 149500 ns
[2021-03-18T09:59:21.577+0000][24612][safepoint    ] Safepoint "Cleanup", Time since last: 1000857900 ns, Reaching safepoint: 125200 ns, At safepoint: 4200 ns, Total: 129400 ns
[2021-03-18T09:59:23.577+0000][24612][safepoint    ] Safepoint "Cleanup", Time since last: 2000205200 ns, Reaching safepoint: 128100 ns, At safepoint: 3000 ns, Total: 131100 ns
[2021-03-18T09:59:24.577+0000][24612][safepoint    ] Safepoint "Cleanup", Time since last: 1000112000 ns, Reaching safepoint: 113900 ns, At safepoint: 3200 ns, Total: 117100 ns
[2021-03-18T09:59:25.578+0000][24612][safepoint    ] Safepoint "Cleanup", Time since last: 1000386400 ns, Reaching safepoint: 87700 ns, At safepoint: 2200 ns, Total: 89900 ns
[2021-03-18T09:59:26.578+0000][24612][safepoint    ] Safepoint "Cleanup", Time since last: 1000175600 ns, Reaching safepoint: 162700 ns, At safepoint: 5000 ns, Total: 167700 ns
[2021-03-18T09:59:28.035+0000][24612][safepoint    ] Safepoint "Cleanup", Time since last: 1456382100 ns, Reaching safepoint: 212400 ns, At safepoint: 52200 ns, Total: 264600 ns
[2021-03-18T09:59:30.035+0000][24612][safepoint    ] Safepoint "Cleanup", Time since last: 2000277500 ns, Reaching safepoint: 139400 ns, At safepoint: 71400 ns, Total: 210800 ns
[2021-03-18T09:59:31.036+0000][24612][safepoint    ] Safepoint "Cleanup", Time since last: 1000256300 ns, Reaching safepoint: 127300 ns, At safepoint: 67000 ns, Total: 194300 ns
[2021-03-18T09:59:32.036+0000][24612][safepoint    ] Safepoint "Cleanup", Time since last: 1000451700 ns, Reaching safepoint: 145400 ns, At safepoint: 56100 ns, Total: 201500 ns
[2021-03-18T09:59:33.037+0000][24612][safepoint    ] Safepoint "Cleanup", Time since last: 1000532200 ns, Reaching safepoint: 134400 ns, At safepoint: 49300 ns, Total: 183700 ns
[2021-03-18T09:59:34.823+0000][24612][safepoint    ] Safepoint "Cleanup", Time since last: 1786116300 ns, Reaching safepoint: 143700 ns, At safepoint: 4600 ns, Total: 148300 ns
[2021-03-18T09:59:35.824+0000][24612][safepoint    ] Safepoint "Cleanup", Time since last: 1000788400 ns, Reaching safepoint: 96100 ns, At safepoint: 4200 ns, Total: 100300 ns
[2021-03-18T09:59:36.825+0000][24612][safepoint    ] Safepoint "Cleanup", Time since last: 1000364100 ns, Reaching safepoint: 129700 ns, At safepoint: 3800 ns, Total: 133500 ns
[2021-03-18T09:59:37.826+0000][24612][safepoint    ] Safepoint "Cleanup", Time since last: 1000813600 ns, Reaching safepoint: 106200 ns, At safepoint: 3000 ns, Total: 109200 ns
[2021-03-18T09:59:38.826+0000][24612][safepoint    ] Safepoint "Cleanup", Time since last: 1000323300 ns, Reaching safepoint: 102000 ns, At safepoint: 3500 ns, Total: 105500 ns
[2021-03-18T09:59:39.827+0000][24612][safepoint    ] Safepoint "Cleanup", Time since last: 1000448300 ns, Reaching safepoint: 114000 ns, At safepoint: 20700 ns, Total: 134700 ns
[2021-03-18T09:59:41.827+0000][24612][safepoint    ] Safepoint "Cleanup", Time since last: 2000175400 ns, Reaching safepoint: 126400 ns, At safepoint: 4000 ns, Total: 130400 ns
[2021-03-18T09:59:43.828+0000][24612][safepoint    ] Safepoint "Cleanup", Time since last: 2000914000 ns, Reaching safepoint: 114500 ns, At safepoint: 2600 ns, Total: 117100 ns
[2021-03-18T09:59:44.829+0000][24612][safepoint    ] Safepoint "Cleanup", Time since last: 1000728200 ns, Reaching safepoint: 136300 ns, At safepoint: 2400 ns, Total: 138700 ns
[2021-03-18T09:59:45.829+0000][24612][safepoint    ] Safepoint "Cleanup", Time since last: 1000521500 ns, Reaching safepoint: 100100 ns, At safepoint: 4000 ns, Total: 104100 ns
[2021-03-18T09:59:46.830+0000][24612][safepoint    ] Safepoint "Cleanup", Time since last: 1000507200 ns, Reaching safepoint: 124300 ns, At safepoint: 3400 ns, Total: 127700 ns
[2021-03-18T09:59:47.831+0000][24612][safepoint    ] Safepoint "Cleanup", Time since last: 1000665100 ns, Reaching safepoint: 98000 ns, At safepoint: 4700 ns, Total: 102700 ns
[2021-03-18T09:59:48.831+0000][24612][safepoint    ] Safepoint "Cleanup", Time since last: 1000110200 ns, Reaching safepoint: 109900 ns, At safepoint: 3300 ns, Total: 113200 ns
[2021-03-18T09:59:49.832+0000][24612][safepoint    ] Safepoint "Cleanup", Time since last: 1000528100 ns, Reaching safepoint: 145900 ns, At safepoint: 4500 ns, Total: 150400 ns
[2021-03-18T09:59:50.832+0000][24612][safepoint    ] Safepoint "Cleanup", Time since last: 1000443800 ns, Reaching safepoint: 125300 ns, At safepoint: 20400 ns, Total: 145700 ns
[2021-03-18T09:59:51.833+0000][24612][safepoint    ] Safepoint "Cleanup", Time since last: 1000311200 ns, Reaching safepoint: 94700 ns, At safepoint: 2800 ns, Total: 97500 ns
[2021-03-18T09:59:52.833+0000][24612][safepoint    ] Safepoint "Cleanup", Time since last: 1000598200 ns, Reaching safepoint: 92700 ns, At safepoint: 4800 ns, Total: 97500 ns
[2021-03-18T09:59:53.834+0000][24612][safepoint    ] Safepoint "Cleanup", Time since last: 1000197300 ns, Reaching safepoint: 126300 ns, At safepoint: 2600 ns, Total: 128900 ns
[2021-03-18T09:59:54.834+0000][24612][safepoint    ] Safepoint "Cleanup", Time since last: 1000487500 ns, Reaching safepoint: 138000 ns, At safepoint: 4800 ns, Total: 142800 ns
[2021-03-18T09:59:55.835+0000][24612][safepoint    ] Safepoint "Cleanup", Time since last: 1000361500 ns, Reaching safepoint: 127800 ns, At safepoint: 7700 ns, Total: 135500 ns
[2021-03-18T09:59:56.835+0000][24612][safepoint    ] Safepoint "Cleanup", Time since last: 1000325800 ns, Reaching safepoint: 126800 ns, At safepoint: 2900 ns, Total: 129700 ns
[2021-03-18T09:59:57.836+0000][24612][safepoint    ] Safepoint "Cleanup", Time since last: 1000329200 ns, Reaching safepoint: 115300 ns, At safepoint: 7100 ns, Total: 122400 ns
[2021-03-18T09:59:58.836+0000][24612][safepoint    ] Safepoint "Cleanup", Time since last: 1000034900 ns, Reaching safepoint: 97400 ns, At safepoint: 6700 ns, Total: 104100 ns
[2021-03-18T09:59:59.837+0000][24612][safepoint    ] Safepoint "Cleanup", Time since last: 1000582100 ns, Reaching safepoint: 111600 ns, At safepoint: 5300 ns, Total: 116900 ns
[2021-03-18T10:00:00.837+0000][24612][safepoint    ] Safepoint "Cleanup", Time since last: 1000100100 ns, Reaching safepoint: 106100 ns, At safepoint: 2500 ns, Total: 108600 ns
[2021-03-18T10:00:02.838+0000][24612][safepoint    ] Safepoint "Cleanup", Time since last: 2000730200 ns, Reaching safepoint: 147200 ns, At safepoint: 21500 ns, Total: 168700 ns
[2021-03-18T10:00:03.838+0000][24612][safepoint    ] Safepoint "Cleanup", Time since last: 1000183500 ns, Reaching safepoint: 106900 ns, At safepoint: 6700 ns, Total: 113600 ns
[2021-03-18T10:00:04.838+0000][24612][safepoint    ] Safepoint "Cleanup", Time since last: 1000457900 ns, Reaching safepoint: 131000 ns, At safepoint: 22100 ns, Total: 153100 ns
[2021-03-18T10:00:06.744+0000][24612][safepoint    ] Safepoint "Cleanup", Time since last: 1906273900 ns, Reaching safepoint: 149600 ns, At safepoint: 64600 ns, Total: 214200 ns
[2021-03-18T10:00:07.748+0000][24612][safepoint    ] Safepoint "Cleanup", Time since last: 1002364800 ns, Reaching safepoint: 122700 ns, At safepoint: 2500 ns, Total: 125200 ns
[2021-03-18T10:00:08.748+0000][24612][safepoint    ] Safepoint "Cleanup", Time since last: 1000584100 ns, Reaching safepoint: 116200 ns, At safepoint: 7100 ns, Total: 123300 ns
[2021-03-18T10:00:09.749+0000][24612][safepoint    ] Safepoint "Cleanup", Time since last: 1000476200 ns, Reaching safepoint: 84400 ns, At safepoint: 2800 ns, Total: 87200 ns
[2021-03-18T10:00:10.749+0000][24612][safepoint    ] Safepoint "Cleanup", Time since last: 1000411600 ns, Reaching safepoint: 103200 ns, At safepoint: 5500 ns, Total: 108700 ns
[2021-03-18T10:00:11.750+0000][24612][safepoint    ] Safepoint "Cleanup", Time since last: 1000463600 ns, Reaching safepoint: 124300 ns, At safepoint: 2800 ns, Total: 127100 ns
[2021-03-18T10:00:12.750+0000][24612][safepoint    ] Safepoint "Cleanup", Time since last: 1000481900 ns, Reaching safepoint: 89700 ns, At safepoint: 2900 ns, Total: 92600 ns
[2021-03-18T10:00:13.751+0000][24612][safepoint    ] Safepoint "Cleanup", Time since last: 1000319200 ns, Reaching safepoint: 140500 ns, At safepoint: 5000 ns, Total: 145500 ns
[2021-03-18T10:00:15.751+0000][24612][safepoint    ] Safepoint "Cleanup", Time since last: 2000272900 ns, Reaching safepoint: 136400 ns, At safepoint: 20800 ns, Total: 157200 ns
[2021-03-18T10:00:16.752+0000][24612][safepoint    ] Safepoint "Cleanup", Time since last: 1000861800 ns, Reaching safepoint: 119000 ns, At safepoint: 4900 ns, Total: 123900 ns
[2021-03-18T10:00:18.753+0000][24612][safepoint    ] Safepoint "Cleanup", Time since last: 2000980000 ns, Reaching safepoint: 106400 ns, At safepoint: 4600 ns, Total: 111000 ns
[2021-03-18T10:00:19.754+0000][24612][safepoint    ] Safepoint "Cleanup", Time since last: 1000538300 ns, Reaching safepoint: 127400 ns, At safepoint: 5200 ns, Total: 132600 ns
[2021-03-18T10:00:20.754+0000][24612][safepoint    ] Safepoint "Cleanup", Time since last: 1000234700 ns, Reaching safepoint: 174100 ns, At safepoint: 2900 ns, Total: 177000 ns
[2021-03-18T10:00:21.755+0000][24612][safepoint    ] Safepoint "Cleanup", Time since last: 1000141200 ns, Reaching safepoint: 113700 ns, At safepoint: 6200 ns, Total: 119900 ns
[2021-03-18T10:00:23.755+0000][24612][safepoint    ] Safepoint "Cleanup", Time since last: 2000335300 ns, Reaching safepoint: 146200 ns, At safepoint: 8900 ns, Total: 155100 ns
[2021-03-18T10:00:24.756+0000][24612][safepoint    ] Safepoint "Cleanup", Time since last: 1000395300 ns, Reaching safepoint: 128700 ns, At safepoint: 21400 ns, Total: 150100 ns
[2021-03-18T10:00:25.756+0000][24612][safepoint    ] Safepoint "Cleanup", Time since last: 1000381600 ns, Reaching safepoint: 109400 ns, At safepoint: 16000 ns, Total: 125400 ns
[2021-03-18T10:00:27.030+0000][24612][safepoint    ] Safepoint "Cleanup", Time since last: 1273850900 ns, Reaching safepoint: 105900 ns, At safepoint: 67800 ns, Total: 173700 ns
[2021-03-18T10:00:28.031+0000][24612][safepoint    ] Safepoint "Cleanup", Time since last: 1000586000 ns, Reaching safepoint: 126300 ns, At safepoint: 6900 ns, Total: 133200 ns
[2021-03-18T10:00:29.032+0000][24612][safepoint    ] Safepoint "Cleanup", Time since last: 1000512000 ns, Reaching safepoint: 156300 ns, At safepoint: 20600 ns, Total: 176900 ns
[2021-03-18T10:00:31.032+0000][24612][safepoint    ] Safepoint "Cleanup", Time since last: 2000195100 ns, Reaching safepoint: 100900 ns, At safepoint: 59900 ns, Total: 160800 ns
[2021-03-18T10:00:32.033+0000][24612][safepoint    ] Safepoint "Cleanup", Time since last: 1000851500 ns, Reaching safepoint: 174700 ns, At safepoint: 82800 ns, Total: 257500 ns
[2021-03-18T10:00:33.034+0000][24612][safepoint    ] Safepoint "Cleanup", Time since last: 1000368200 ns, Reaching safepoint: 157600 ns, At safepoint: 78700 ns, Total: 236300 ns
[2021-03-18T10:00:35.034+0000][24612][safepoint    ] Safepoint "Cleanup", Time since last: 2000078600 ns, Reaching safepoint: 198200 ns, At safepoint: 55100 ns, Total: 253300 ns
[2021-03-18T10:00:36.034+0000][24612][safepoint    ] Safepoint "Cleanup", Time since last: 1000342000 ns, Reaching safepoint: 188900 ns, At safepoint: 8500 ns, Total: 197400 ns
[2021-03-18T10:00:37.035+0000][24612][safepoint    ] Safepoint "Cleanup", Time since last: 1000788500 ns, Reaching safepoint: 163000 ns, At safepoint: 77100 ns, Total: 240100 ns
[2021-03-18T10:00:39.036+0000][24612][safepoint    ] Safepoint "Cleanup", Time since last: 2000026900 ns, Reaching safepoint: 149500 ns, At safepoint: 57700 ns, Total: 207200 ns
[2021-03-18T10:00:41.036+0000][24612][safepoint    ] Safepoint "Cleanup", Time since last: 2000433000 ns, Reaching safepoint: 115800 ns, At safepoint: 22700 ns, Total: 138500 ns
[2021-03-18T10:00:42.037+0000][24612][safepoint    ] Safepoint "Cleanup", Time since last: 1000269600 ns, Reaching safepoint: 125100 ns, At safepoint: 3800 ns, Total: 128900 ns
[2021-03-18T10:00:43.038+0000][24612][safepoint    ] Safepoint "Cleanup", Time since last: 1000836700 ns, Reaching safepoint: 136300 ns, At safepoint: 81800 ns, Total: 218100 ns
[2021-03-18T10:00:44.039+0000][24612][safepoint    ] Safepoint "Cleanup", Time since last: 1000767100 ns, Reaching safepoint: 122300 ns, At safepoint: 37400 ns, Total: 159700 ns
[2021-03-18T10:00:45.039+0000][24612][safepoint    ] Safepoint "Cleanup", Time since last: 1000037100 ns, Reaching safepoint: 181700 ns, At safepoint: 80200 ns, Total: 261900 ns
[2021-03-18T10:00:46.840+0000][24612][safepoint    ] Safepoint "Cleanup", Time since last: 1800549400 ns, Reaching safepoint: 132300 ns, At safepoint: 4200 ns, Total: 136500 ns
[2021-03-18T10:00:47.840+0000][24612][safepoint    ] Safepoint "Cleanup", Time since last: 1000438800 ns, Reaching safepoint: 149100 ns, At safepoint: 5800 ns, Total: 154900 ns
[2021-03-18T10:00:48.841+0000][24612][safepoint    ] Safepoint "Cleanup", Time since last: 1000224600 ns, Reaching safepoint: 289700 ns, At safepoint: 43700 ns, Total: 333400 ns
[2021-03-18T10:00:49.841+0000][24612][safepoint    ] Safepoint "Cleanup", Time since last: 1000309600 ns, Reaching safepoint: 110500 ns, At safepoint: 15900 ns, Total: 126400 ns
[2021-03-18T10:00:50.842+0000][24612][safepoint    ] Safepoint "Cleanup", Time since last: 1000404200 ns, Reaching safepoint: 101100 ns, At safepoint: 6700 ns, Total: 107800 ns
[2021-03-18T10:00:51.842+0000][24612][safepoint    ] Safepoint "Cleanup", Time since last: 1000014300 ns, Reaching safepoint: 121800 ns, At safepoint: 6700 ns, Total: 128500 ns
[2021-03-18T10:00:52.843+0000][24612][safepoint    ] Safepoint "Cleanup", Time since last: 1000496900 ns, Reaching safepoint: 128700 ns, At safepoint: 7400 ns, Total: 136100 ns
[2021-03-18T10:00:54.843+0000][24612][safepoint    ] Safepoint "Cleanup", Time since last: 2000309100 ns, Reaching safepoint: 129900 ns, At safepoint: 5400 ns, Total: 135300 ns
[2021-03-18T10:00:55.843+0000][24612][safepoint    ] Safepoint "Cleanup", Time since last: 1000306700 ns, Reaching safepoint: 111600 ns, At safepoint: 22800 ns, Total: 134400 ns
[2021-03-18T10:00:56.844+0000][24612][safepoint    ] Safepoint "Cleanup", Time since last: 1000458700 ns, Reaching safepoint: 156200 ns, At safepoint: 4900 ns, Total: 161100 ns
[2021-03-18T10:00:57.845+0000][24612][safepoint    ] Safepoint "Cleanup", Time since last: 1000505600 ns, Reaching safepoint: 109400 ns, At safepoint: 5300 ns, Total: 114700 ns
[2021-03-18T10:00:58.845+0000][24612][safepoint    ] Safepoint "Cleanup", Time since last: 1000189800 ns, Reaching safepoint: 110500 ns, At safepoint: 6700 ns, Total: 117200 ns
[2021-03-18T10:00:59.845+0000][24612][safepoint    ] Safepoint "Cleanup", Time since last: 1000291800 ns, Reaching safepoint: 112500 ns, At safepoint: 2600 ns, Total: 115100 ns
[2021-03-18T10:01:00.846+0000][24612][safepoint    ] Safepoint "Cleanup", Time since last: 1000062200 ns, Reaching safepoint: 138800 ns, At safepoint: 4600 ns, Total: 143400 ns
[2021-03-18T10:01:01.846+0000][24612][safepoint    ] Safepoint "Cleanup", Time since last: 1000716700 ns, Reaching safepoint: 114600 ns, At safepoint: 5100 ns, Total: 119700 ns
[2021-03-18T10:01:03.583+0000][24612][safepoint    ] Safepoint "Cleanup", Time since last: 1736341400 ns, Reaching safepoint: 99500 ns, At safepoint: 5200 ns, Total: 104700 ns
[2021-03-18T10:01:04.583+0000][24612][safepoint    ] Safepoint "Cleanup", Time since last: 1000462500 ns, Reaching safepoint: 160300 ns, At safepoint: 5400 ns, Total: 165700 ns
[2021-03-18T10:01:05.584+0000][24612][safepoint    ] Safepoint "Cleanup", Time since last: 1000353600 ns, Reaching safepoint: 152300 ns, At safepoint: 4600 ns, Total: 156900 ns
[2021-03-18T10:01:06.585+0000][24612][safepoint    ] Safepoint "Cleanup", Time since last: 1000451700 ns, Reaching safepoint: 90200 ns, At safepoint: 4300 ns, Total: 94500 ns
[2021-03-18T10:01:07.585+0000][24612][safepoint    ] Safepoint "Cleanup", Time since last: 1000623200 ns, Reaching safepoint: 127600 ns, At safepoint: 69300 ns, Total: 196900 ns
[2021-03-18T10:01:09.586+0000][24612][safepoint    ] Safepoint "Cleanup", Time since last: 2000131400 ns, Reaching safepoint: 126800 ns, At safepoint: 7100 ns, Total: 133900 ns
[2021-03-18T10:01:10.586+0000][24612][safepoint    ] Safepoint "Cleanup", Time since last: 1000642400 ns, Reaching safepoint: 115400 ns, At safepoint: 3300 ns, Total: 118700 ns
[2021-03-18T10:01:11.587+0000][24612][safepoint    ] Safepoint "Cleanup", Time since last: 1000687800 ns, Reaching safepoint: 123800 ns, At safepoint: 6900 ns, Total: 130700 ns
[2021-03-18T10:01:12.587+0000][24612][safepoint    ] Safepoint "Cleanup", Time since last: 1000102000 ns, Reaching safepoint: 121400 ns, At safepoint: 3400 ns, Total: 124800 ns
[2021-03-18T10:01:13.588+0000][24612][safepoint    ] Safepoint "Cleanup", Time since last: 1000745800 ns, Reaching safepoint: 104000 ns, At safepoint: 5100 ns, Total: 109100 ns
[2021-03-18T10:01:14.588+0000][24612][safepoint    ] Safepoint "Cleanup", Time since last: 1000010300 ns, Reaching safepoint: 97100 ns, At safepoint: 7000 ns, Total: 104100 ns
[2021-03-18T10:01:15.589+0000][24612][safepoint    ] Safepoint "Cleanup", Time since last: 1000787800 ns, Reaching safepoint: 98600 ns, At safepoint: 8800 ns, Total: 107400 ns
[2021-03-18T10:01:16.590+0000][24612][safepoint    ] Safepoint "Cleanup", Time since last: 1000237800 ns, Reaching safepoint: 137300 ns, At safepoint: 2800 ns, Total: 140100 ns
[2021-03-18T10:01:17.590+0000][24612][safepoint    ] Safepoint "Cleanup", Time since last: 1000293900 ns, Reaching safepoint: 140500 ns, At safepoint: 6300 ns, Total: 146800 ns
[2021-03-18T10:01:18.590+0000][24612][safepoint    ] Safepoint "Cleanup", Time since last: 1000011100 ns, Reaching safepoint: 113200 ns, At safepoint: 4500 ns, Total: 117700 ns
[2021-03-18T10:01:19.591+0000][24612][safepoint    ] Safepoint "Cleanup", Time since last: 1000462300 ns, Reaching safepoint: 130400 ns, At safepoint: 4900 ns, Total: 135300 ns
[2021-03-18T10:01:20.591+0000][24612][safepoint    ] Safepoint "Cleanup", Time since last: 1000515300 ns, Reaching safepoint: 110500 ns, At safepoint: 3100 ns, Total: 113600 ns
[2021-03-18T10:01:21.592+0000][24612][safepoint    ] Safepoint "Cleanup", Time since last: 1000300500 ns, Reaching safepoint: 128400 ns, At safepoint: 4500 ns, Total: 132900 ns
[2021-03-18T10:01:22.593+0000][24612][safepoint    ] Safepoint "Cleanup", Time since last: 1000802200 ns, Reaching safepoint: 125100 ns, At safepoint: 5700 ns, Total: 130800 ns
[2021-03-18T10:01:24.593+0000][24612][safepoint    ] Safepoint "Cleanup", Time since last: 2000078500 ns, Reaching safepoint: 101100 ns, At safepoint: 7000 ns, Total: 108100 ns
[2021-03-18T10:01:25.593+0000][24612][safepoint    ] Safepoint "Cleanup", Time since last: 1000279500 ns, Reaching safepoint: 124300 ns, At safepoint: 3200 ns, Total: 127500 ns
[2021-03-18T10:01:26.594+0000][24612][safepoint    ] Safepoint "Cleanup", Time since last: 1000258500 ns, Reaching safepoint: 141500 ns, At safepoint: 4700 ns, Total: 146200 ns
[2021-03-18T10:01:27.594+0000][24612][safepoint    ] Safepoint "Cleanup", Time since last: 1000183900 ns, Reaching safepoint: 111100 ns, At safepoint: 7000 ns, Total: 118100 ns
[2021-03-18T10:01:28.595+0000][24612][safepoint    ] Safepoint "Cleanup", Time since last: 1000608200 ns, Reaching safepoint: 104600 ns, At safepoint: 6800 ns, Total: 111400 ns
[2021-03-18T10:01:29.596+0000][24612][safepoint    ] Safepoint "Cleanup", Time since last: 1000803500 ns, Reaching safepoint: 99100 ns, At safepoint: 3400 ns, Total: 102500 ns
[2021-03-18T10:01:31.596+0000][24612][safepoint    ] Safepoint "Cleanup", Time since last: 2000072200 ns, Reaching safepoint: 129800 ns, At safepoint: 4900 ns, Total: 134700 ns
[2021-03-18T10:01:32.597+0000][24612][safepoint    ] Safepoint "Cleanup", Time since last: 1000625900 ns, Reaching safepoint: 112000 ns, At safepoint: 4100 ns, Total: 116100 ns
[2021-03-18T10:01:34.597+0000][24612][safepoint    ] Safepoint "Cleanup", Time since last: 2000254000 ns, Reaching safepoint: 137200 ns, At safepoint: 4500 ns, Total: 141700 ns
[2021-03-18T10:01:35.597+0000][24612][safepoint    ] Safepoint "Cleanup", Time since last: 1000235400 ns, Reaching safepoint: 104800 ns, At safepoint: 2900 ns, Total: 107700 ns
[2021-03-18T10:01:36.598+0000][24612][safepoint    ] Safepoint "Cleanup", Time since last: 1000803100 ns, Reaching safepoint: 145900 ns, At safepoint: 6900 ns, Total: 152800 ns
[2021-03-18T10:01:37.599+0000][24612][safepoint    ] Safepoint "Cleanup", Time since last: 1000710200 ns, Reaching safepoint: 114900 ns, At safepoint: 3800 ns, Total: 118700 ns
[2021-03-18T10:01:38.600+0000][24612][safepoint    ] Safepoint "Cleanup", Time since last: 1000712800 ns, Reaching safepoint: 94900 ns, At safepoint: 2900 ns, Total: 97800 ns
[2021-03-18T10:01:39.601+0000][24612][safepoint    ] Safepoint "Cleanup", Time since last: 1000802100 ns, Reaching safepoint: 98400 ns, At safepoint: 3300 ns, Total: 101700 ns
[2021-03-18T10:01:40.601+0000][24612][safepoint    ] Safepoint "Cleanup", Time since last: 1000204200 ns, Reaching safepoint: 115900 ns, At safepoint: 3900 ns, Total: 119800 ns
[2021-03-18T10:01:41.602+0000][24612][safepoint    ] Safepoint "Cleanup", Time since last: 1000878900 ns, Reaching safepoint: 97400 ns, At safepoint: 6100 ns, Total: 103500 ns
[2021-03-18T10:01:42.602+0000][24612][safepoint    ] Safepoint "Cleanup", Time since last: 1000274100 ns, Reaching safepoint: 120200 ns, At safepoint: 5300 ns, Total: 125500 ns
[2021-03-18T10:01:44.603+0000][24612][safepoint    ] Safepoint "Cleanup", Time since last: 2000065200 ns, Reaching safepoint: 171000 ns, At safepoint: 6200 ns, Total: 177200 ns
[2021-03-18T10:01:46.187+0000][24612][safepoint    ] Safepoint "Cleanup", Time since last: 1584378500 ns, Reaching safepoint: 111700 ns, At safepoint: 4700 ns, Total: 116400 ns
[2021-03-18T10:01:47.188+0000][24612][safepoint    ] Safepoint "Cleanup", Time since last: 1000844500 ns, Reaching safepoint: 132800 ns, At safepoint: 5400 ns, Total: 138200 ns
[2021-03-18T10:01:49.189+0000][24612][safepoint    ] Safepoint "Cleanup", Time since last: 2000701100 ns, Reaching safepoint: 114600 ns, At safepoint: 4300 ns, Total: 118900 ns
[2021-03-18T10:01:50.190+0000][24612][safepoint    ] Safepoint "Cleanup", Time since last: 1000553400 ns, Reaching safepoint: 138700 ns, At safepoint: 20900 ns, Total: 159600 ns
[2021-03-18T10:01:51.191+0000][24612][safepoint    ] Safepoint "Cleanup", Time since last: 1000830600 ns, Reaching safepoint: 106900 ns, At safepoint: 5600 ns, Total: 112500 ns
[2021-03-18T10:01:52.192+0000][24612][safepoint    ] Safepoint "Cleanup", Time since last: 1000778800 ns, Reaching safepoint: 138400 ns, At safepoint: 5800 ns, Total: 144200 ns
[2021-03-18T10:01:53.192+0000][24612][safepoint    ] Safepoint "Cleanup", Time since last: 1000022600 ns, Reaching safepoint: 120400 ns, At safepoint: 7200 ns, Total: 127600 ns
[2021-03-18T10:01:54.193+0000][24612][safepoint    ] Safepoint "Cleanup", Time since last: 1000896600 ns, Reaching safepoint: 92700 ns, At safepoint: 6900 ns, Total: 99600 ns
[2021-03-18T10:01:55.193+0000][24612][safepoint    ] Safepoint "Cleanup", Time since last: 1000014700 ns, Reaching safepoint: 158900 ns, At safepoint: 3300 ns, Total: 162200 ns
[2021-03-18T10:01:56.193+0000][24612][safepoint    ] Safepoint "Cleanup", Time since last: 1000291300 ns, Reaching safepoint: 116700 ns, At safepoint: 2900 ns, Total: 119600 ns
[2021-03-18T10:01:57.194+0000][24612][safepoint    ] Safepoint "Cleanup", Time since last: 1000297000 ns, Reaching safepoint: 120200 ns, At safepoint: 4900 ns, Total: 125100 ns
[2021-03-18T10:01:58.194+0000][24612][safepoint    ] Safepoint "Cleanup", Time since last: 1000364200 ns, Reaching safepoint: 125400 ns, At safepoint: 4200 ns, Total: 129600 ns
[2021-03-18T10:01:59.195+0000][24612][safepoint    ] Safepoint "Cleanup", Time since last: 1000379500 ns, Reaching safepoint: 163800 ns, At safepoint: 11100 ns, Total: 174900 ns
[2021-03-18T10:02:00.195+0000][24612][safepoint    ] Safepoint "Cleanup", Time since last: 1000289900 ns, Reaching safepoint: 118000 ns, At safepoint: 2600 ns, Total: 120600 ns
[2021-03-18T10:02:02.195+0000][24612][safepoint    ] Safepoint "Cleanup", Time since last: 2000119700 ns, Reaching safepoint: 114600 ns, At safepoint: 4200 ns, Total: 118800 ns
[2021-03-18T10:02:04.196+0000][24612][safepoint    ] Safepoint "Cleanup", Time since last: 2000241300 ns, Reaching safepoint: 147900 ns, At safepoint: 4100 ns, Total: 152000 ns
[2021-03-18T10:02:05.196+0000][24612][safepoint    ] Safepoint "Cleanup", Time since last: 1000115700 ns, Reaching safepoint: 106700 ns, At safepoint: 3400 ns, Total: 110100 ns
[2021-03-18T10:02:06.752+0000][24612][safepoint    ] Safepoint "Cleanup", Time since last: 1556026700 ns, Reaching safepoint: 98200 ns, At safepoint: 3900 ns, Total: 102100 ns
[2021-03-18T10:02:07.753+0000][24612][safepoint    ] Safepoint "Cleanup", Time since last: 1000548400 ns, Reaching safepoint: 88900 ns, At safepoint: 2800 ns, Total: 91700 ns
[2021-03-18T10:02:09.754+0000][24612][safepoint    ] Safepoint "Cleanup", Time since last: 2000690800 ns, Reaching safepoint: 138400 ns, At safepoint: 8600 ns, Total: 147000 ns
[2021-03-18T10:02:10.754+0000][24612][safepoint    ] Safepoint "Cleanup", Time since last: 1000060900 ns, Reaching safepoint: 130600 ns, At safepoint: 3000 ns, Total: 133600 ns
[2021-03-18T10:02:11.754+0000][24612][safepoint    ] Safepoint "Cleanup", Time since last: 1000392300 ns, Reaching safepoint: 109000 ns, At safepoint: 3000 ns, Total: 112000 ns
[2021-03-18T10:02:12.755+0000][24612][safepoint    ] Safepoint "Cleanup", Time since last: 1000155100 ns, Reaching safepoint: 109100 ns, At safepoint: 15600 ns, Total: 124700 ns
[2021-03-18T10:02:13.755+0000][24612][safepoint    ] Safepoint "Cleanup", Time since last: 1000650100 ns, Reaching safepoint: 169900 ns, At safepoint: 5500 ns, Total: 175400 ns
[2021-03-18T10:02:15.756+0000][24612][safepoint    ] Safepoint "Cleanup", Time since last: 2000226200 ns, Reaching safepoint: 117200 ns, At safepoint: 3800 ns, Total: 121000 ns
[2021-03-18T10:02:16.757+0000][24612][safepoint    ] Safepoint "Cleanup", Time since last: 1000806400 ns, Reaching safepoint: 152700 ns, At safepoint: 21300 ns, Total: 174000 ns
[2021-03-18T10:02:17.757+0000][24612][safepoint    ] Safepoint "Cleanup", Time since last: 1000322300 ns, Reaching safepoint: 130600 ns, At safepoint: 6200 ns, Total: 136800 ns
[2021-03-18T10:02:18.758+0000][24612][safepoint    ] Safepoint "Cleanup", Time since last: 1000407300 ns, Reaching safepoint: 140400 ns, At safepoint: 3200 ns, Total: 143600 ns
[2021-03-18T10:02:19.759+0000][24612][safepoint    ] Safepoint "Cleanup", Time since last: 1000811400 ns, Reaching safepoint: 99100 ns, At safepoint: 5500 ns, Total: 104600 ns
[2021-03-18T10:02:21.759+0000][24612][safepoint    ] Safepoint "Cleanup", Time since last: 2000477600 ns, Reaching safepoint: 162200 ns, At safepoint: 6600 ns, Total: 168800 ns
[2021-03-18T10:02:22.760+0000][24612][safepoint    ] Safepoint "Cleanup", Time since last: 1000288500 ns, Reaching safepoint: 128000 ns, At safepoint: 3200 ns, Total: 131200 ns
[2021-03-18T10:02:23.761+0000][24612][safepoint    ] Safepoint "Cleanup", Time since last: 1000706700 ns, Reaching safepoint: 139200 ns, At safepoint: 5000 ns, Total: 144200 ns
[2021-03-18T10:02:24.761+0000][24612][safepoint    ] Safepoint "Cleanup", Time since last: 1000248500 ns, Reaching safepoint: 137900 ns, At safepoint: 5200 ns, Total: 143100 ns
[2021-03-18T10:02:25.762+0000][24612][safepoint    ] Safepoint "Cleanup", Time since last: 1000638800 ns, Reaching safepoint: 122500 ns, At safepoint: 3300 ns, Total: 125800 ns
[2021-03-18T10:02:26.762+0000][24612][safepoint    ] Safepoint "Cleanup", Time since last: 1000107500 ns, Reaching safepoint: 124000 ns, At safepoint: 2800 ns, Total: 126800 ns
[2021-03-18T10:02:27.032+0000][24612][safepoint    ] Safepoint "G1CollectForAllocation", Time since last: 269655700 ns, Reaching safepoint: 260600 ns, At safepoint: 76500 ns, Total: 337100 ns
[2021-03-18T10:02:27.032+0000][24612][gc,start     ] GC(16) Pause Young (Normal) (GCLocker Initiated GC)
[2021-03-18T10:02:27.032+0000][24612][gc,task      ] GC(16) Using 8 workers of 8 for evacuation
[2021-03-18T10:02:27.032+0000][24612][gc,age       ] GC(16) Desired survivor size 34078720 bytes, new threshold 15 (max threshold 15)
[2021-03-18T10:02:27.048+0000][24612][gc,age       ] GC(16) Age table with threshold 15 (max threshold 15)
[2021-03-18T10:02:27.048+0000][24612][gc,age       ] GC(16) - age   1:     179504 bytes,     179504 total
[2021-03-18T10:02:27.049+0000][24612][gc,age       ] GC(16) - age   2:       8080 bytes,     187584 total
[2021-03-18T10:02:27.049+0000][24612][gc,age       ] GC(16) - age   3:      12352 bytes,     199936 total
[2021-03-18T10:02:27.049+0000][24612][gc,age       ] GC(16) - age   4:      11136 bytes,     211072 total
[2021-03-18T10:02:27.049+0000][24612][gc,age       ] GC(16) - age   5:      16904 bytes,     227976 total
[2021-03-18T10:02:27.049+0000][24612][gc,age       ] GC(16) - age   6:     460152 bytes,     688128 total
[2021-03-18T10:02:27.049+0000][24612][gc,age       ] GC(16) - age   7:    2600744 bytes,    3288872 total
[2021-03-18T10:02:27.049+0000][24612][gc,age       ] GC(16) - age   8:   14765536 bytes,   18054408 total
[2021-03-18T10:02:27.049+0000][24612][gc,age       ] GC(16) - age   9:    7897592 bytes,   25952000 total
[2021-03-18T10:02:27.049+0000][24612][gc,phases    ] GC(16)   Pre Evacuate Collection Set: 0.1ms
[2021-03-18T10:02:27.049+0000][24612][gc,phases    ] GC(16)   Merge Heap Roots: 0.1ms
[2021-03-18T10:02:27.049+0000][24612][gc,phases    ] GC(16)   Evacuate Collection Set: 12.9ms
[2021-03-18T10:02:27.049+0000][24612][gc,phases    ] GC(16)   Post Evacuate Collection Set: 2.9ms
[2021-03-18T10:02:27.049+0000][24612][gc,phases    ] GC(16)   Other: 0.6ms
[2021-03-18T10:02:27.049+0000][24612][gc,heap      ] GC(16) Eden regions: 490->0(490)
[2021-03-18T10:02:27.049+0000][24612][gc,heap      ] GC(16) Survivor regions: 27->27(65)
[2021-03-18T10:02:27.049+0000][24612][gc,heap      ] GC(16) Old regions: 50->50
[2021-03-18T10:02:27.049+0000][24612][gc,heap      ] GC(16) Archive regions: 0->0
[2021-03-18T10:02:27.049+0000][24612][gc,heap      ] GC(16) Humongous regions: 174->174
[2021-03-18T10:02:27.049+0000][24612][gc,metaspace ] GC(16) Metaspace: 85075K(91036K)->85075K(91036K) NonClass: 74049K(77596K)->74049K(77596K) Class: 11025K(13440K)->11025K(13440K)
[2021-03-18T10:02:27.049+0000][24612][gc           ] GC(16) Pause Young (Normal) (GCLocker Initiated GC) 740M->250M(1024M) 16.886ms
[2021-03-18T10:02:27.049+0000][24612][gc,cpu       ] GC(16) User=0.11s Sys=0.00s Real=0.02s
[2021-03-18T10:02:27.049+0000][24612][safepoint    ] Safepoint "G1CollectForAllocation", Time since last: 147700 ns, Reaching safepoint: 247000 ns, At safepoint: 17087800 ns, Total: 17334800 ns
[2021-03-18T10:02:28.050+0000][24612][safepoint    ] Safepoint "Cleanup", Time since last: 1000168900 ns, Reaching safepoint: 123000 ns, At safepoint: 3100 ns, Total: 126100 ns
[2021-03-18T10:02:29.050+0000][24612][safepoint    ] Safepoint "Cleanup", Time since last: 1000259400 ns, Reaching safepoint: 126200 ns, At safepoint: 4000 ns, Total: 130200 ns
[2021-03-18T10:02:30.051+0000][24612][safepoint    ] Safepoint "Cleanup", Time since last: 1000817400 ns, Reaching safepoint: 108100 ns, At safepoint: 6300 ns, Total: 114400 ns
[2021-03-18T10:02:31.051+0000][24612][safepoint    ] Safepoint "Cleanup", Time since last: 1000234300 ns, Reaching safepoint: 147600 ns, At safepoint: 4700 ns, Total: 152300 ns
[2021-03-18T10:02:32.052+0000][24612][safepoint    ] Safepoint "Cleanup", Time since last: 1000672000 ns, Reaching safepoint: 107400 ns, At safepoint: 6600 ns, Total: 114000 ns
[2021-03-18T10:02:33.053+0000][24612][safepoint    ] Safepoint "Cleanup", Time since last: 1000853800 ns, Reaching safepoint: 127400 ns, At safepoint: 5500 ns, Total: 132900 ns
[2021-03-18T10:02:35.053+0000][24612][safepoint    ] Safepoint "Cleanup", Time since last: 1999934800 ns, Reaching safepoint: 116500 ns, At safepoint: 5000 ns, Total: 121500 ns
[2021-03-18T10:02:36.054+0000][24612][safepoint    ] Safepoint "Cleanup", Time since last: 1000719800 ns, Reaching safepoint: 126500 ns, At safepoint: 2700 ns, Total: 129200 ns
[2021-03-18T10:02:37.055+0000][24612][safepoint    ] Safepoint "Cleanup", Time since last: 1000577200 ns, Reaching safepoint: 120600 ns, At safepoint: 4700 ns, Total: 125300 ns
[2021-03-18T10:02:38.055+0000][24612][safepoint    ] Safepoint "Cleanup", Time since last: 1000199700 ns, Reaching safepoint: 125900 ns, At safepoint: 2800 ns, Total: 128700 ns
[2021-03-18T10:02:39.056+0000][24612][safepoint    ] Safepoint "Cleanup", Time since last: 1000568100 ns, Reaching safepoint: 171300 ns, At safepoint: 5600 ns, Total: 176900 ns
[2021-03-18T10:02:40.056+0000][24612][safepoint    ] Safepoint "Cleanup", Time since last: 1000120600 ns, Reaching safepoint: 113800 ns, At safepoint: 6300 ns, Total: 120100 ns
[2021-03-18T10:02:41.056+0000][24612][safepoint    ] Safepoint "Cleanup", Time since last: 1000112400 ns, Reaching safepoint: 128700 ns, At safepoint: 6800 ns, Total: 135500 ns
[2021-03-18T10:02:42.056+0000][24612][safepoint    ] Safepoint "Cleanup", Time since last: 1000006600 ns, Reaching safepoint: 139400 ns, At safepoint: 4600 ns, Total: 144000 ns
[2021-03-18T10:02:43.057+0000][24612][safepoint    ] Safepoint "Cleanup", Time since last: 1000249100 ns, Reaching safepoint: 113700 ns, At safepoint: 6000 ns, Total: 119700 ns
[2021-03-18T10:02:44.057+0000][24612][safepoint    ] Safepoint "Cleanup", Time since last: 1000442600 ns, Reaching safepoint: 99600 ns, At safepoint: 3900 ns, Total: 103500 ns
[2021-03-18T10:02:45.058+0000][24612][safepoint    ] Safepoint "Cleanup", Time since last: 1000684800 ns, Reaching safepoint: 138100 ns, At safepoint: 4000 ns, Total: 142100 ns
[2021-03-18T10:02:47.059+0000][24612][safepoint    ] Safepoint "Cleanup", Time since last: 2000888900 ns, Reaching safepoint: 140400 ns, At safepoint: 4000 ns, Total: 144400 ns
[2021-03-18T10:02:48.059+0000][24612][safepoint    ] Safepoint "Cleanup", Time since last: 1000064700 ns, Reaching safepoint: 109900 ns, At safepoint: 8500 ns, Total: 118400 ns
[2021-03-18T10:02:49.060+0000][24612][safepoint    ] Safepoint "Cleanup", Time since last: 1000281900 ns, Reaching safepoint: 109300 ns, At safepoint: 18600 ns, Total: 127900 ns
[2021-03-18T10:02:51.060+0000][24612][safepoint    ] Safepoint "Cleanup", Time since last: 2000633000 ns, Reaching safepoint: 114700 ns, At safepoint: 5500 ns, Total: 120200 ns
[2021-03-18T10:02:52.061+0000][24612][safepoint    ] Safepoint "Cleanup", Time since last: 1000122300 ns, Reaching safepoint: 112700 ns, At safepoint: 4400 ns, Total: 117100 ns
[2021-03-18T10:02:53.061+0000][24612][safepoint    ] Safepoint "Cleanup", Time since last: 1000025400 ns, Reaching safepoint: 117600 ns, At safepoint: 5300 ns, Total: 122900 ns
[2021-03-18T10:02:54.062+0000][24612][safepoint    ] Safepoint "Cleanup", Time since last: 1000723900 ns, Reaching safepoint: 151000 ns, At safepoint: 2400 ns, Total: 153400 ns
[2021-03-18T10:02:55.835+0000][24612][safepoint    ] Safepoint "Cleanup", Time since last: 1773565000 ns, Reaching safepoint: 105100 ns, At safepoint: 23000 ns, Total: 128100 ns
[2021-03-18T10:02:56.836+0000][24612][safepoint    ] Safepoint "Cleanup", Time since last: 1000156600 ns, Reaching safepoint: 102500 ns, At safepoint: 6000 ns, Total: 108500 ns
[2021-03-18T10:02:57.837+0000][24612][safepoint    ] Safepoint "Cleanup", Time since last: 1000840100 ns, Reaching safepoint: 157900 ns, At safepoint: 22300 ns, Total: 180200 ns
[2021-03-18T10:02:58.838+0000][24612][safepoint    ] Safepoint "Cleanup", Time since last: 1000784800 ns, Reaching safepoint: 108400 ns, At safepoint: 67100 ns, Total: 175500 ns
[2021-03-18T10:02:59.838+0000][24612][safepoint    ] Safepoint "Cleanup", Time since last: 1000096100 ns, Reaching safepoint: 107100 ns, At safepoint: 4200 ns, Total: 111300 ns
[2021-03-18T10:03:00.839+0000][24612][safepoint    ] Safepoint "Cleanup", Time since last: 1000629200 ns, Reaching safepoint: 126000 ns, At safepoint: 3200 ns, Total: 129200 ns
[2021-03-18T10:03:02.839+0000][24612][safepoint    ] Safepoint "Cleanup", Time since last: 2000535200 ns, Reaching safepoint: 97100 ns, At safepoint: 3600 ns, Total: 100700 ns
[2021-03-18T10:03:04.840+0000][24612][safepoint    ] Safepoint "Cleanup", Time since last: 2000631700 ns, Reaching safepoint: 139100 ns, At safepoint: 20700 ns, Total: 159800 ns
[2021-03-18T10:03:06.840+0000][24612][safepoint    ] Safepoint "Cleanup", Time since last: 1999963500 ns, Reaching safepoint: 130900 ns, At safepoint: 4900 ns, Total: 135800 ns
[2021-03-18T10:03:07.841+0000][24612][safepoint    ] Safepoint "Cleanup", Time since last: 1000458100 ns, Reaching safepoint: 116800 ns, At safepoint: 3300 ns, Total: 120100 ns
[2021-03-18T10:03:08.841+0000][24612][safepoint    ] Safepoint "Cleanup", Time since last: 1000066600 ns, Reaching safepoint: 131900 ns, At safepoint: 5900 ns, Total: 137800 ns
[2021-03-18T10:03:09.841+0000][24612][safepoint    ] Safepoint "Cleanup", Time since last: 1000080700 ns, Reaching safepoint: 140000 ns, At safepoint: 7200 ns, Total: 147200 ns
[2021-03-18T10:03:10.842+0000][24612][safepoint    ] Safepoint "Cleanup", Time since last: 1000481400 ns, Reaching safepoint: 111700 ns, At safepoint: 5100 ns, Total: 116800 ns
[2021-03-18T10:03:11.842+0000][24612][safepoint    ] Safepoint "Cleanup", Time since last: 1000364300 ns, Reaching safepoint: 137400 ns, At safepoint: 4800 ns, Total: 142200 ns
[2021-03-18T10:03:12.842+0000][24612][safepoint    ] Safepoint "Cleanup", Time since last: 1000027300 ns, Reaching safepoint: 115100 ns, At safepoint: 3100 ns, Total: 118200 ns
[2021-03-18T10:03:13.843+0000][24612][safepoint    ] Safepoint "Cleanup", Time since last: 1000534900 ns, Reaching safepoint: 110100 ns, At safepoint: 6500 ns, Total: 116600 ns
[2021-03-18T10:03:14.843+0000][24612][safepoint    ] Safepoint "Cleanup", Time since last: 1000168300 ns, Reaching safepoint: 86100 ns, At safepoint: 2200 ns, Total: 88300 ns
[2021-03-18T10:03:15.844+0000][24612][safepoint    ] Safepoint "Cleanup", Time since last: 1000723500 ns, Reaching safepoint: 102000 ns, At safepoint: 6900 ns, Total: 108900 ns
[2021-03-18T10:03:17.845+0000][24612][safepoint    ] Safepoint "Cleanup", Time since last: 2000732600 ns, Reaching safepoint: 87100 ns, At safepoint: 3500 ns, Total: 90600 ns
[2021-03-18T10:03:18.846+0000][24612][safepoint    ] Safepoint "Cleanup", Time since last: 1000914700 ns, Reaching safepoint: 99900 ns, At safepoint: 3800 ns, Total: 103700 ns
[2021-03-18T10:03:19.847+0000][24612][safepoint    ] Safepoint "Cleanup", Time since last: 1001222200 ns, Reaching safepoint: 125600 ns, At safepoint: 3900 ns, Total: 129500 ns
[2021-03-18T10:03:21.848+0000][24612][safepoint    ] Safepoint "Cleanup", Time since last: 2000425400 ns, Reaching safepoint: 104300 ns, At safepoint: 6400 ns, Total: 110700 ns
[2021-03-18T10:03:22.848+0000][24612][safepoint    ] Safepoint "Cleanup", Time since last: 1000324900 ns, Reaching safepoint: 102600 ns, At safepoint: 5400 ns, Total: 108000 ns
[2021-03-18T10:03:23.849+0000][24612][safepoint    ] Safepoint "Cleanup", Time since last: 1000851900 ns, Reaching safepoint: 144900 ns, At safepoint: 5400 ns, Total: 150300 ns
[2021-03-18T10:03:24.850+0000][24612][safepoint    ] Safepoint "Cleanup", Time since last: 1000644300 ns, Reaching safepoint: 174300 ns, At safepoint: 5300 ns, Total: 179600 ns
[2021-03-18T10:03:25.850+0000][24612][safepoint    ] Safepoint "Cleanup", Time since last: 1000130800 ns, Reaching safepoint: 121300 ns, At safepoint: 2500 ns, Total: 123800 ns
[2021-03-18T10:03:27.028+0000][24612][safepoint    ] Safepoint "Cleanup", Time since last: 1177843900 ns, Reaching safepoint: 100500 ns, At safepoint: 72700 ns, Total: 173200 ns
[2021-03-18T10:03:28.028+0000][24612][safepoint    ] Safepoint "Cleanup", Time since last: 1000043500 ns, Reaching safepoint: 192600 ns, At safepoint: 50400 ns, Total: 243000 ns
[2021-03-18T10:03:29.029+0000][24612][safepoint    ] Safepoint "Cleanup", Time since last: 1000570000 ns, Reaching safepoint: 95000 ns, At safepoint: 17400 ns, Total: 112400 ns
[2021-03-18T10:03:30.030+0000][24612][safepoint    ] Safepoint "Cleanup", Time since last: 1000286700 ns, Reaching safepoint: 206600 ns, At safepoint: 44700 ns, Total: 251300 ns
[2021-03-18T10:03:31.030+0000][24612][safepoint    ] Safepoint "Cleanup", Time since last: 1000527800 ns, Reaching safepoint: 148500 ns, At safepoint: 19300 ns, Total: 167800 ns
[2021-03-18T10:03:33.031+0000][24612][safepoint    ] Safepoint "Cleanup", Time since last: 2000329900 ns, Reaching safepoint: 153800 ns, At safepoint: 5000 ns, Total: 158800 ns
[2021-03-18T10:03:34.032+0000][24612][safepoint    ] Safepoint "Cleanup", Time since last: 1000507500 ns, Reaching safepoint: 138300 ns, At safepoint: 17300 ns, Total: 155600 ns
[2021-03-18T10:03:35.032+0000][24612][safepoint    ] Safepoint "Cleanup", Time since last: 1000659000 ns, Reaching safepoint: 133800 ns, At safepoint: 71400 ns, Total: 205200 ns
[2021-03-18T10:03:37.033+0000][24612][safepoint    ] Safepoint "Cleanup", Time since last: 2000511800 ns, Reaching safepoint: 147200 ns, At safepoint: 75800 ns, Total: 223000 ns
[2021-03-18T10:03:38.033+0000][24612][safepoint    ] Safepoint "Cleanup", Time since last: 1000117800 ns, Reaching safepoint: 98500 ns, At safepoint: 54500 ns, Total: 153000 ns
[2021-03-18T10:03:39.034+0000][24612][safepoint    ] Safepoint "Cleanup", Time since last: 1000501800 ns, Reaching safepoint: 130500 ns, At safepoint: 17400 ns, Total: 147900 ns
[2021-03-18T10:03:40.035+0000][24612][safepoint    ] Safepoint "Cleanup", Time since last: 1000716900 ns, Reaching safepoint: 117300 ns, At safepoint: 82000 ns, Total: 199300 ns
[2021-03-18T10:03:42.036+0000][24612][safepoint    ] Safepoint "Cleanup", Time since last: 2000888800 ns, Reaching safepoint: 141700 ns, At safepoint: 63000 ns, Total: 204700 ns
[2021-03-18T10:03:44.037+0000][24612][safepoint    ] Safepoint "Cleanup", Time since last: 2000581400 ns, Reaching safepoint: 146300 ns, At safepoint: 58300 ns, Total: 204600 ns
[2021-03-18T10:03:45.037+0000][24612][safepoint    ] Safepoint "Cleanup", Time since last: 1000229900 ns, Reaching safepoint: 88700 ns, At safepoint: 17400 ns, Total: 106100 ns
[2021-03-18T10:03:46.038+0000][24612][safepoint    ] Safepoint "Cleanup", Time since last: 1000392100 ns, Reaching safepoint: 133600 ns, At safepoint: 74900 ns, Total: 208500 ns
[2021-03-18T10:03:47.038+0000][24612][safepoint    ] Safepoint "Cleanup", Time since last: 1000510100 ns, Reaching safepoint: 191400 ns, At safepoint: 5500 ns, Total: 196900 ns
[2021-03-18T10:03:48.039+0000][24612][safepoint    ] Safepoint "Cleanup", Time since last: 1000479700 ns, Reaching safepoint: 121000 ns, At safepoint: 24100 ns, Total: 145100 ns
[2021-03-18T10:03:49.040+0000][24612][safepoint    ] Safepoint "Cleanup", Time since last: 1000307200 ns, Reaching safepoint: 147400 ns, At safepoint: 5100 ns, Total: 152500 ns
[2021-03-18T10:03:51.040+0000][24612][safepoint    ] Safepoint "Cleanup", Time since last: 2000626500 ns, Reaching safepoint: 134400 ns, At safepoint: 46900 ns, Total: 181300 ns
[2021-03-18T10:03:53.041+0000][24612][safepoint    ] Safepoint "Cleanup", Time since last: 2000417900 ns, Reaching safepoint: 89600 ns, At safepoint: 3300 ns, Total: 92900 ns
[2021-03-18T10:03:54.042+0000][24612][safepoint    ] Safepoint "Cleanup", Time since last: 1000814200 ns, Reaching safepoint: 156600 ns, At safepoint: 15900 ns, Total: 172500 ns
[2021-03-18T10:03:56.043+0000][24612][safepoint    ] Safepoint "Cleanup", Time since last: 2000498800 ns, Reaching safepoint: 157700 ns, At safepoint: 74900 ns, Total: 232600 ns
[2021-03-18T10:03:57.043+0000][24612][safepoint    ] Safepoint "Cleanup", Time since last: 1000377800 ns, Reaching safepoint: 113100 ns, At safepoint: 5300 ns, Total: 118400 ns
[2021-03-18T10:03:58.044+0000][24612][safepoint    ] Safepoint "Cleanup", Time since last: 1000379700 ns, Reaching safepoint: 105300 ns, At safepoint: 54500 ns, Total: 159800 ns
[2021-03-18T10:03:59.044+0000][24612][safepoint    ] Safepoint "Cleanup", Time since last: 1000427400 ns, Reaching safepoint: 128700 ns, At safepoint: 21600 ns, Total: 150300 ns
[2021-03-18T10:04:00.044+0000][24612][safepoint    ] Safepoint "Cleanup", Time since last: 1000065000 ns, Reaching safepoint: 119700 ns, At safepoint: 57600 ns, Total: 177300 ns
[2021-03-18T10:04:01.045+0000][24612][safepoint    ] Safepoint "Cleanup", Time since last: 1000041600 ns, Reaching safepoint: 134400 ns, At safepoint: 18100 ns, Total: 152500 ns
[2021-03-18T10:04:02.046+0000][24612][safepoint    ] Safepoint "Cleanup", Time since last: 1000806800 ns, Reaching safepoint: 147900 ns, At safepoint: 19800 ns, Total: 167700 ns
[2021-03-18T10:04:04.046+0000][24612][safepoint    ] Safepoint "Cleanup", Time since last: 2000492000 ns, Reaching safepoint: 100900 ns, At safepoint: 16000 ns, Total: 116900 ns
[2021-03-18T10:04:05.047+0000][24612][safepoint    ] Safepoint "Cleanup", Time since last: 1000234800 ns, Reaching safepoint: 146200 ns, At safepoint: 4900 ns, Total: 151100 ns
[2021-03-18T10:04:06.047+0000][24612][safepoint    ] Safepoint "Cleanup", Time since last: 1000629400 ns, Reaching safepoint: 209300 ns, At safepoint: 18600 ns, Total: 227900 ns
[2021-03-18T10:04:07.761+0000][24612][safepoint    ] Safepoint "Cleanup", Time since last: 1713150300 ns, Reaching safepoint: 131600 ns, At safepoint: 88200 ns, Total: 219800 ns
[2021-03-18T10:04:08.762+0000][24612][safepoint    ] Safepoint "Cleanup", Time since last: 1000734100 ns, Reaching safepoint: 151100 ns, At safepoint: 77600 ns, Total: 228700 ns
[2021-03-18T10:04:09.762+0000][24612][safepoint    ] Safepoint "Cleanup", Time since last: 1000261500 ns, Reaching safepoint: 124400 ns, At safepoint: 57700 ns, Total: 182100 ns
[2021-03-18T10:04:10.763+0000][24612][safepoint    ] Safepoint "Cleanup", Time since last: 1000189800 ns, Reaching safepoint: 122300 ns, At safepoint: 3100 ns, Total: 125400 ns
[2021-03-18T10:04:11.763+0000][24612][safepoint    ] Safepoint "Cleanup", Time since last: 1000465300 ns, Reaching safepoint: 107800 ns, At safepoint: 12700 ns, Total: 120500 ns
[2021-03-18T10:04:12.763+0000][24612][safepoint    ] Safepoint "Cleanup", Time since last: 1000100300 ns, Reaching safepoint: 100500 ns, At safepoint: 4200 ns, Total: 104700 ns
[2021-03-18T10:04:14.764+0000][24612][safepoint    ] Safepoint "Cleanup", Time since last: 2000699100 ns, Reaching safepoint: 139600 ns, At safepoint: 9400 ns, Total: 149000 ns
[2021-03-18T10:04:15.764+0000][24612][safepoint    ] Safepoint "Cleanup", Time since last: 1000082400 ns, Reaching safepoint: 129600 ns, At safepoint: 9800 ns, Total: 139400 ns
[2021-03-18T10:04:17.765+0000][24612][safepoint    ] Safepoint "Cleanup", Time since last: 2000383700 ns, Reaching safepoint: 107100 ns, At safepoint: 3900 ns, Total: 111000 ns
[2021-03-18T10:04:18.766+0000][24612][safepoint    ] Safepoint "Cleanup", Time since last: 1000534800 ns, Reaching safepoint: 203400 ns, At safepoint: 5000 ns, Total: 208400 ns
[2021-03-18T10:04:20.766+0000][24612][safepoint    ] Safepoint "Cleanup", Time since last: 2000140600 ns, Reaching safepoint: 109200 ns, At safepoint: 5000 ns, Total: 114200 ns
[2021-03-18T10:04:21.766+0000][24612][safepoint    ] Safepoint "Cleanup", Time since last: 1000356900 ns, Reaching safepoint: 115000 ns, At safepoint: 7700 ns, Total: 122700 ns
[2021-03-18T10:04:22.767+0000][24612][safepoint    ] Safepoint "Cleanup", Time since last: 1000489800 ns, Reaching safepoint: 128500 ns, At safepoint: 2900 ns, Total: 131400 ns
[2021-03-18T10:04:23.768+0000][24612][safepoint    ] Safepoint "Cleanup", Time since last: 1000822200 ns, Reaching safepoint: 109300 ns, At safepoint: 4900 ns, Total: 114200 ns
[2021-03-18T10:04:24.769+0000][24612][safepoint    ] Safepoint "Cleanup", Time since last: 1000708800 ns, Reaching safepoint: 143900 ns, At safepoint: 20600 ns, Total: 164500 ns
[2021-03-18T10:04:26.770+0000][24612][safepoint    ] Safepoint "Cleanup", Time since last: 2000657300 ns, Reaching safepoint: 165400 ns, At safepoint: 20800 ns, Total: 186200 ns
[2021-03-18T10:04:27.770+0000][24612][safepoint    ] Safepoint "Cleanup", Time since last: 1000769300 ns, Reaching safepoint: 146100 ns, At safepoint: 4800 ns, Total: 150900 ns
[2021-03-18T10:04:28.771+0000][24612][safepoint    ] Safepoint "Cleanup", Time since last: 1000131100 ns, Reaching safepoint: 139300 ns, At safepoint: 7200 ns, Total: 146500 ns
[2021-03-18T10:04:30.772+0000][24612][safepoint    ] Safepoint "Cleanup", Time since last: 2000890200 ns, Reaching safepoint: 144400 ns, At safepoint: 4900 ns, Total: 149300 ns
[2021-03-18T10:04:31.772+0000][24612][safepoint    ] Safepoint "Cleanup", Time since last: 1000439400 ns, Reaching safepoint: 139700 ns, At safepoint: 6700 ns, Total: 146400 ns
[2021-03-18T10:04:32.773+0000][24612][safepoint    ] Safepoint "Cleanup", Time since last: 1000358300 ns, Reaching safepoint: 124900 ns, At safepoint: 6000 ns, Total: 130900 ns
[2021-03-18T10:04:33.773+0000][24612][safepoint    ] Safepoint "Cleanup", Time since last: 1000323000 ns, Reaching safepoint: 138100 ns, At safepoint: 5400 ns, Total: 143500 ns
[2021-03-18T10:04:34.774+0000][24612][safepoint    ] Safepoint "Cleanup", Time since last: 1000815800 ns, Reaching safepoint: 130200 ns, At safepoint: 2600 ns, Total: 132800 ns
[2021-03-18T10:04:36.775+0000][24612][safepoint    ] Safepoint "Cleanup", Time since last: 2000130600 ns, Reaching safepoint: 114400 ns, At safepoint: 3500 ns, Total: 117900 ns
[2021-03-18T10:04:37.775+0000][24612][safepoint    ] Safepoint "Cleanup", Time since last: 1000453500 ns, Reaching safepoint: 109500 ns, At safepoint: 2600 ns, Total: 112100 ns
[2021-03-18T10:04:39.775+0000][24612][safepoint    ] Safepoint "Cleanup", Time since last: 2000241500 ns, Reaching safepoint: 143400 ns, At safepoint: 5300 ns, Total: 148700 ns
[2021-03-18T10:04:40.776+0000][24612][safepoint    ] Safepoint "Cleanup", Time since last: 1000147100 ns, Reaching safepoint: 119100 ns, At safepoint: 7800 ns, Total: 126900 ns
[2021-03-18T10:04:41.776+0000][24612][safepoint    ] Safepoint "Cleanup", Time since last: 1000026800 ns, Reaching safepoint: 115600 ns, At safepoint: 4000 ns, Total: 119600 ns
[2021-03-18T10:04:42.776+0000][24612][safepoint    ] Safepoint "Cleanup", Time since last: 1000492900 ns, Reaching safepoint: 128500 ns, At safepoint: 4900 ns, Total: 133400 ns
[2021-03-18T10:04:43.777+0000][24612][safepoint    ] Safepoint "Cleanup", Time since last: 1000011100 ns, Reaching safepoint: 117800 ns, At safepoint: 4400 ns, Total: 122200 ns
[2021-03-18T10:04:44.777+0000][24612][safepoint    ] Safepoint "Cleanup", Time since last: 1000087400 ns, Reaching safepoint: 108900 ns, At safepoint: 8900 ns, Total: 117800 ns
[2021-03-18T10:04:45.778+0000][24612][safepoint    ] Safepoint "Cleanup", Time since last: 1000889900 ns, Reaching safepoint: 208100 ns, At safepoint: 4900 ns, Total: 213000 ns
[2021-03-18T10:04:47.779+0000][24612][safepoint    ] Safepoint "Cleanup", Time since last: 2000988100 ns, Reaching safepoint: 119800 ns, At safepoint: 4600 ns, Total: 124400 ns
[2021-03-18T10:04:48.780+0000][24612][safepoint    ] Safepoint "Cleanup", Time since last: 1000622100 ns, Reaching safepoint: 110200 ns, At safepoint: 6900 ns, Total: 117100 ns
[2021-03-18T10:04:49.781+0000][24612][safepoint    ] Safepoint "Cleanup", Time since last: 1000884700 ns, Reaching safepoint: 114400 ns, At safepoint: 10500 ns, Total: 124900 ns
[2021-03-18T10:04:50.782+0000][24612][safepoint    ] Safepoint "Cleanup", Time since last: 1000777100 ns, Reaching safepoint: 132000 ns, At safepoint: 6100 ns, Total: 138100 ns
[2021-03-18T10:04:51.783+0000][24612][safepoint    ] Safepoint "Cleanup", Time since last: 1000749500 ns, Reaching safepoint: 120200 ns, At safepoint: 5400 ns, Total: 125600 ns
[2021-03-18T10:04:52.783+0000][24612][safepoint    ] Safepoint "Cleanup", Time since last: 1000113200 ns, Reaching safepoint: 121600 ns, At safepoint: 3500 ns, Total: 125100 ns
[2021-03-18T10:04:53.783+0000][24612][safepoint    ] Safepoint "Cleanup", Time since last: 1000242900 ns, Reaching safepoint: 125300 ns, At safepoint: 5000 ns, Total: 130300 ns
[2021-03-18T10:04:54.784+0000][24612][safepoint    ] Safepoint "Cleanup", Time since last: 1000600600 ns, Reaching safepoint: 140500 ns, At safepoint: 9100 ns, Total: 149600 ns
[2021-03-18T10:04:55.784+0000][24612][safepoint    ] Safepoint "Cleanup", Time since last: 1000132400 ns, Reaching safepoint: 122600 ns, At safepoint: 4000 ns, Total: 126600 ns
[2021-03-18T10:04:57.785+0000][24612][safepoint    ] Safepoint "Cleanup", Time since last: 2000864400 ns, Reaching safepoint: 105900 ns, At safepoint: 5000 ns, Total: 110900 ns
[2021-03-18T10:04:58.786+0000][24612][safepoint    ] Safepoint "Cleanup", Time since last: 1000883000 ns, Reaching safepoint: 142000 ns, At safepoint: 5700 ns, Total: 147700 ns
[2021-03-18T10:04:59.787+0000][24612][safepoint    ] Safepoint "Cleanup", Time since last: 1000622900 ns, Reaching safepoint: 90800 ns, At safepoint: 2700 ns, Total: 93500 ns
[2021-03-18T10:05:00.788+0000][24612][safepoint    ] Safepoint "Cleanup", Time since last: 1000783400 ns, Reaching safepoint: 119800 ns, At safepoint: 6700 ns, Total: 126500 ns
[2021-03-18T10:05:01.788+0000][24612][safepoint    ] Safepoint "Cleanup", Time since last: 1000063700 ns, Reaching safepoint: 86700 ns, At safepoint: 3300 ns, Total: 90000 ns
[2021-03-18T10:05:02.789+0000][24612][safepoint    ] Safepoint "Cleanup", Time since last: 1000872400 ns, Reaching safepoint: 132900 ns, At safepoint: 4100 ns, Total: 137000 ns
[2021-03-18T10:05:03.790+0000][24612][safepoint    ] Safepoint "Cleanup", Time since last: 1000426100 ns, Reaching safepoint: 87700 ns, At safepoint: 2700 ns, Total: 90400 ns
[2021-03-18T10:05:04.999+0000][24612][safepoint    ] Safepoint "Cleanup", Time since last: 1209321700 ns, Reaching safepoint: 127100 ns, At safepoint: 7400 ns, Total: 134500 ns
[2021-03-18T10:05:06.000+0000][24612][safepoint    ] Safepoint "Cleanup", Time since last: 1000698100 ns, Reaching safepoint: 171400 ns, At safepoint: 4700 ns, Total: 176100 ns
[2021-03-18T10:05:08.000+0000][24612][safepoint    ] Safepoint "Cleanup", Time since last: 2000465000 ns, Reaching safepoint: 133200 ns, At safepoint: 6400 ns, Total: 139600 ns
[2021-03-18T10:05:09.001+0000][24612][safepoint    ] Safepoint "Cleanup", Time since last: 1000060600 ns, Reaching safepoint: 143100 ns, At safepoint: 5000 ns, Total: 148100 ns
[2021-03-18T10:05:10.002+0000][24612][safepoint    ] Safepoint "Cleanup", Time since last: 1000893500 ns, Reaching safepoint: 145300 ns, At safepoint: 22200 ns, Total: 167500 ns
[2021-03-18T10:05:11.002+0000][24612][safepoint    ] Safepoint "Cleanup", Time since last: 1000187300 ns, Reaching safepoint: 105300 ns, At safepoint: 3000 ns, Total: 108300 ns
[2021-03-18T10:05:12.002+0000][24612][safepoint    ] Safepoint "Cleanup", Time since last: 1000187400 ns, Reaching safepoint: 106800 ns, At safepoint: 5300 ns, Total: 112100 ns
[2021-03-18T10:05:13.002+0000][24612][safepoint    ] Safepoint "Cleanup", Time since last: 1000033200 ns, Reaching safepoint: 78400 ns, At safepoint: 2400 ns, Total: 80800 ns
[2021-03-18T10:05:14.003+0000][24612][safepoint    ] Safepoint "Cleanup", Time since last: 1000509900 ns, Reaching safepoint: 80700 ns, At safepoint: 3100 ns, Total: 83800 ns
[2021-03-18T10:05:15.003+0000][24612][safepoint    ] Safepoint "Cleanup", Time since last: 1000389600 ns, Reaching safepoint: 99900 ns, At safepoint: 5100 ns, Total: 105000 ns
[2021-03-18T10:05:16.004+0000][24612][safepoint    ] Safepoint "Cleanup", Time since last: 1000782300 ns, Reaching safepoint: 107500 ns, At safepoint: 65300 ns, Total: 172800 ns
[2021-03-18T10:05:18.005+0000][24612][safepoint    ] Safepoint "Cleanup", Time since last: 2000308100 ns, Reaching safepoint: 165200 ns, At safepoint: 5100 ns, Total: 170300 ns
[2021-03-18T10:05:19.005+0000][24612][safepoint    ] Safepoint "Cleanup", Time since last: 1000401900 ns, Reaching safepoint: 117400 ns, At safepoint: 7100 ns, Total: 124500 ns
[2021-03-18T10:05:20.006+0000][24612][safepoint    ] Safepoint "Cleanup", Time since last: 1000207000 ns, Reaching safepoint: 111500 ns, At safepoint: 6200 ns, Total: 117700 ns
[2021-03-18T10:05:21.006+0000][24612][safepoint    ] Safepoint "Cleanup", Time since last: 1000065500 ns, Reaching safepoint: 132500 ns, At safepoint: 69500 ns, Total: 202000 ns
[2021-03-18T10:05:22.007+0000][24612][safepoint    ] Safepoint "Cleanup", Time since last: 1000469800 ns, Reaching safepoint: 196800 ns, At safepoint: 20700 ns, Total: 217500 ns
[2021-03-18T10:05:24.008+0000][24612][safepoint    ] Safepoint "Cleanup", Time since last: 2000832500 ns, Reaching safepoint: 110800 ns, At safepoint: 5600 ns, Total: 116400 ns
[2021-03-18T10:05:25.009+0000][24612][safepoint    ] Safepoint "Cleanup", Time since last: 1000846600 ns, Reaching safepoint: 113800 ns, At safepoint: 47700 ns, Total: 161500 ns
[2021-03-18T10:05:26.009+0000][24612][safepoint    ] Safepoint "Cleanup", Time since last: 1000554600 ns, Reaching safepoint: 109100 ns, At safepoint: 17400 ns, Total: 126500 ns
[2021-03-18T10:05:27.010+0000][24612][safepoint    ] Safepoint "Cleanup", Time since last: 1000379500 ns, Reaching safepoint: 149500 ns, At safepoint: 5100 ns, Total: 154600 ns
[2021-03-18T10:05:28.031+0000][24612][safepoint    ] Safepoint "Cleanup", Time since last: 1021434800 ns, Reaching safepoint: 155300 ns, At safepoint: 6400 ns, Total: 161700 ns
[2021-03-18T10:05:30.032+0000][24612][safepoint    ] Safepoint "Cleanup", Time since last: 2000727300 ns, Reaching safepoint: 137700 ns, At safepoint: 17300 ns, Total: 155000 ns
[2021-03-18T10:05:31.033+0000][24612][safepoint    ] Safepoint "Cleanup", Time since last: 1000144700 ns, Reaching safepoint: 137600 ns, At safepoint: 59600 ns, Total: 197200 ns
[2021-03-18T10:05:32.033+0000][24612][safepoint    ] Safepoint "Cleanup", Time since last: 1000212700 ns, Reaching safepoint: 146500 ns, At safepoint: 5000 ns, Total: 151500 ns
[2021-03-18T10:05:33.033+0000][24612][safepoint    ] Safepoint "Cleanup", Time since last: 1000302800 ns, Reaching safepoint: 143200 ns, At safepoint: 17700 ns, Total: 160900 ns
[2021-03-18T10:05:34.034+0000][24612][safepoint    ] Safepoint "Cleanup", Time since last: 1000064200 ns, Reaching safepoint: 141900 ns, At safepoint: 62200 ns, Total: 204100 ns
[2021-03-18T10:05:35.034+0000][24612][safepoint    ] Safepoint "Cleanup", Time since last: 1000625900 ns, Reaching safepoint: 106400 ns, At safepoint: 68300 ns, Total: 174700 ns
[2021-03-18T10:05:37.035+0000][24612][safepoint    ] Safepoint "Cleanup", Time since last: 2000331900 ns, Reaching safepoint: 83100 ns, At safepoint: 18900 ns, Total: 102000 ns
[2021-03-18T10:05:38.035+0000][24612][safepoint    ] Safepoint "Cleanup", Time since last: 1000008800 ns, Reaching safepoint: 90300 ns, At safepoint: 16700 ns, Total: 107000 ns
[2021-03-18T10:05:39.035+0000][24612][safepoint    ] Safepoint "Cleanup", Time since last: 1000170600 ns, Reaching safepoint: 143700 ns, At safepoint: 63200 ns, Total: 206900 ns
[2021-03-18T10:05:40.036+0000][24612][safepoint    ] Safepoint "Cleanup", Time since last: 1000387100 ns, Reaching safepoint: 160600 ns, At safepoint: 55100 ns, Total: 215700 ns
[2021-03-18T10:05:41.037+0000][24612][safepoint    ] Safepoint "Cleanup", Time since last: 1000745100 ns, Reaching safepoint: 152800 ns, At safepoint: 5200 ns, Total: 158000 ns
[2021-03-18T10:05:42.038+0000][24612][safepoint    ] Safepoint "Cleanup", Time since last: 1000497700 ns, Reaching safepoint: 121200 ns, At safepoint: 16800 ns, Total: 138000 ns
[2021-03-18T10:05:43.038+0000][24612][safepoint    ] Safepoint "Cleanup", Time since last: 1000468600 ns, Reaching safepoint: 95000 ns, At safepoint: 74000 ns, Total: 169000 ns
[2021-03-18T10:05:44.039+0000][24612][safepoint    ] Safepoint "Cleanup", Time since last: 1000586300 ns, Reaching safepoint: 124500 ns, At safepoint: 2500 ns, Total: 127000 ns
[2021-03-18T10:05:45.039+0000][24612][safepoint    ] Safepoint "Cleanup", Time since last: 1000108700 ns, Reaching safepoint: 121600 ns, At safepoint: 18600 ns, Total: 140200 ns
[2021-03-18T10:05:46.040+0000][24612][safepoint    ] Safepoint "Cleanup", Time since last: 1000443800 ns, Reaching safepoint: 87600 ns, At safepoint: 17200 ns, Total: 104800 ns
[2021-03-18T10:05:48.040+0000][24612][safepoint    ] Safepoint "Cleanup", Time since last: 2000542500 ns, Reaching safepoint: 122300 ns, At safepoint: 3600 ns, Total: 125900 ns
[2021-03-18T10:05:49.041+0000][24612][safepoint    ] Safepoint "Cleanup", Time since last: 1000305300 ns, Reaching safepoint: 94000 ns, At safepoint: 72500 ns, Total: 166500 ns
[2021-03-18T10:05:50.041+0000][24612][safepoint    ] Safepoint "Cleanup", Time since last: 1000040700 ns, Reaching safepoint: 86200 ns, At safepoint: 67200 ns, Total: 153400 ns
[2021-03-18T10:05:51.041+0000][24612][safepoint    ] Safepoint "Cleanup", Time since last: 1000082700 ns, Reaching safepoint: 122800 ns, At safepoint: 2900 ns, Total: 125700 ns
[2021-03-18T10:05:53.042+0000][24612][safepoint    ] Safepoint "Cleanup", Time since last: 2000585500 ns, Reaching safepoint: 111300 ns, At safepoint: 70100 ns, Total: 181400 ns
[2021-03-18T10:05:54.043+0000][24612][safepoint    ] Safepoint "Cleanup", Time since last: 1000604000 ns, Reaching safepoint: 100200 ns, At safepoint: 10300 ns, Total: 110500 ns
[2021-03-18T10:05:55.043+0000][24612][safepoint    ] Safepoint "Cleanup", Time since last: 1000526700 ns, Reaching safepoint: 90500 ns, At safepoint: 16900 ns, Total: 107400 ns
[2021-03-18T10:05:56.043+0000][24612][safepoint    ] Safepoint "Cleanup", Time since last: 1000094900 ns, Reaching safepoint: 102500 ns, At safepoint: 3800 ns, Total: 106300 ns
[2021-03-18T10:05:57.044+0000][24612][safepoint    ] Safepoint "Cleanup", Time since last: 1000349500 ns, Reaching safepoint: 114000 ns, At safepoint: 73000 ns, Total: 187000 ns
[2021-03-18T10:05:58.045+0000][24612][safepoint    ] Safepoint "Cleanup", Time since last: 1000631700 ns, Reaching safepoint: 126300 ns, At safepoint: 5400 ns, Total: 131700 ns
[2021-03-18T10:05:59.046+0000][24612][safepoint    ] Safepoint "Cleanup", Time since last: 1000771300 ns, Reaching safepoint: 94200 ns, At safepoint: 4500 ns, Total: 98700 ns
[2021-03-18T10:06:00.046+0000][24612][safepoint    ] Safepoint "Cleanup", Time since last: 1000688000 ns, Reaching safepoint: 145500 ns, At safepoint: 106600 ns, Total: 252100 ns
[2021-03-18T10:06:01.047+0000][24612][safepoint    ] Safepoint "Cleanup", Time since last: 1000435400 ns, Reaching safepoint: 146000 ns, At safepoint: 18600 ns, Total: 164600 ns
[2021-03-18T10:06:02.048+0000][24612][safepoint    ] Safepoint "Cleanup", Time since last: 1000567600 ns, Reaching safepoint: 137300 ns, At safepoint: 20500 ns, Total: 157800 ns
[2021-03-18T10:06:03.049+0000][24612][safepoint    ] Safepoint "Cleanup", Time since last: 1000639800 ns, Reaching safepoint: 150000 ns, At safepoint: 69800 ns, Total: 219800 ns
[2021-03-18T10:06:04.049+0000][24612][safepoint    ] Safepoint "Cleanup", Time since last: 1000129100 ns, Reaching safepoint: 151300 ns, At safepoint: 59700 ns, Total: 211000 ns
[2021-03-18T10:06:05.049+0000][24612][safepoint    ] Safepoint "Cleanup", Time since last: 1000026800 ns, Reaching safepoint: 125500 ns, At safepoint: 16400 ns, Total: 141900 ns
[2021-03-18T10:06:06.660+0000][24612][safepoint    ] Safepoint "Cleanup", Time since last: 1610822000 ns, Reaching safepoint: 103300 ns, At safepoint: 4100 ns, Total: 107400 ns
[2021-03-18T10:06:08.661+0000][24612][safepoint    ] Safepoint "Cleanup", Time since last: 2000590800 ns, Reaching safepoint: 99500 ns, At safepoint: 5100 ns, Total: 104600 ns
[2021-03-18T10:06:09.661+0000][24612][safepoint    ] Safepoint "Cleanup", Time since last: 1000208400 ns, Reaching safepoint: 102100 ns, At safepoint: 6200 ns, Total: 108300 ns
[2021-03-18T10:06:10.661+0000][24612][safepoint    ] Safepoint "Cleanup", Time since last: 1000094000 ns, Reaching safepoint: 88200 ns, At safepoint: 2700 ns, Total: 90900 ns
[2021-03-18T10:06:11.662+0000][24612][safepoint    ] Safepoint "Cleanup", Time since last: 1000839900 ns, Reaching safepoint: 115500 ns, At safepoint: 9900 ns, Total: 125400 ns
[2021-03-18T10:06:12.663+0000][24612][safepoint    ] Safepoint "Cleanup", Time since last: 1000802300 ns, Reaching safepoint: 124000 ns, At safepoint: 3800 ns, Total: 127800 ns
[2021-03-18T10:06:13.664+0000][24612][safepoint    ] Safepoint "Cleanup", Time since last: 1000181300 ns, Reaching safepoint: 100700 ns, At safepoint: 6100 ns, Total: 106800 ns
[2021-03-18T10:06:14.664+0000][24612][safepoint    ] Safepoint "Cleanup", Time since last: 1000094800 ns, Reaching safepoint: 111800 ns, At safepoint: 3900 ns, Total: 115700 ns
[2021-03-18T10:06:15.664+0000][24612][safepoint    ] Safepoint "Cleanup", Time since last: 1000439500 ns, Reaching safepoint: 87300 ns, At safepoint: 3100 ns, Total: 90400 ns
[2021-03-18T10:06:16.664+0000][24612][safepoint    ] Safepoint "Cleanup", Time since last: 1000064000 ns, Reaching safepoint: 127900 ns, At safepoint: 5600 ns, Total: 133500 ns
[2021-03-18T10:06:17.665+0000][24612][safepoint    ] Safepoint "Cleanup", Time since last: 1000287500 ns, Reaching safepoint: 126600 ns, At safepoint: 7200 ns, Total: 133800 ns
[2021-03-18T10:06:18.666+0000][24612][safepoint    ] Safepoint "Cleanup", Time since last: 1000480200 ns, Reaching safepoint: 104000 ns, At safepoint: 2900 ns, Total: 106900 ns
[2021-03-18T10:06:20.666+0000][24612][safepoint    ] Safepoint "Cleanup", Time since last: 2000842800 ns, Reaching safepoint: 139000 ns, At safepoint: 5000 ns, Total: 144000 ns
[2021-03-18T10:06:21.667+0000][24612][safepoint    ] Safepoint "Cleanup", Time since last: 1000228300 ns, Reaching safepoint: 148500 ns, At safepoint: 5200 ns, Total: 153700 ns
[2021-03-18T10:06:23.667+0000][24612][safepoint    ] Safepoint "Cleanup", Time since last: 2000441600 ns, Reaching safepoint: 103900 ns, At safepoint: 5700 ns, Total: 109600 ns
[2021-03-18T10:06:24.668+0000][24612][safepoint    ] Safepoint "Cleanup", Time since last: 1000738800 ns, Reaching safepoint: 146300 ns, At safepoint: 5300 ns, Total: 151600 ns
[2021-03-18T10:06:25.669+0000][24612][safepoint    ] Safepoint "Cleanup", Time since last: 1000362600 ns, Reaching safepoint: 149000 ns, At safepoint: 22900 ns, Total: 171900 ns
[2021-03-18T10:06:26.669+0000][24612][safepoint    ] Safepoint "Cleanup", Time since last: 1000153300 ns, Reaching safepoint: 92900 ns, At safepoint: 3700 ns, Total: 96600 ns
[2021-03-18T10:06:27.032+0000][24612][safepoint    ] Safepoint "BulkRevokeBias", Time since last: 361530500 ns, Reaching safepoint: 121400 ns, At safepoint: 1184600 ns, Total: 1306000 ns
[2021-03-18T10:06:28.033+0000][24612][safepoint    ] Safepoint "Cleanup", Time since last: 1000805800 ns, Reaching safepoint: 138500 ns, At safepoint: 9800 ns, Total: 148300 ns
[2021-03-18T10:06:29.033+0000][24612][safepoint    ] Safepoint "Cleanup", Time since last: 1000255700 ns, Reaching safepoint: 137200 ns, At safepoint: 5200 ns, Total: 142400 ns
[2021-03-18T10:06:30.033+0000][24612][safepoint    ] Safepoint "Cleanup", Time since last: 1000074200 ns, Reaching safepoint: 118100 ns, At safepoint: 52300 ns, Total: 170400 ns
[2021-03-18T10:06:31.034+0000][24612][safepoint    ] Safepoint "Cleanup", Time since last: 1000094400 ns, Reaching safepoint: 104900 ns, At safepoint: 16800 ns, Total: 121700 ns
[2021-03-18T10:06:33.034+0000][24612][safepoint    ] Safepoint "Cleanup", Time since last: 2000151300 ns, Reaching safepoint: 117800 ns, At safepoint: 2500 ns, Total: 120300 ns
[2021-03-18T10:06:34.035+0000][24612][safepoint    ] Safepoint "Cleanup", Time since last: 1000877300 ns, Reaching safepoint: 125300 ns, At safepoint: 71300 ns, Total: 196600 ns
[2021-03-18T10:06:35.035+0000][24612][safepoint    ] Safepoint "Cleanup", Time since last: 1000183000 ns, Reaching safepoint: 161200 ns, At safepoint: 22300 ns, Total: 183500 ns
[2021-03-18T10:06:37.036+0000][24612][safepoint    ] Safepoint "Cleanup", Time since last: 2000763600 ns, Reaching safepoint: 118500 ns, At safepoint: 5700 ns, Total: 124200 ns
[2021-03-18T10:06:38.037+0000][24612][safepoint    ] Safepoint "Cleanup", Time since last: 1000350300 ns, Reaching safepoint: 130500 ns, At safepoint: 5400 ns, Total: 135900 ns
[2021-03-18T10:06:39.038+0000][24612][safepoint    ] Safepoint "Cleanup", Time since last: 1000762800 ns, Reaching safepoint: 130700 ns, At safepoint: 107500 ns, Total: 238200 ns
[2021-03-18T10:06:40.038+0000][24612][safepoint    ] Safepoint "Cleanup", Time since last: 1000385200 ns, Reaching safepoint: 146900 ns, At safepoint: 66900 ns, Total: 213800 ns
[2021-03-18T10:06:41.039+0000][24612][safepoint    ] Safepoint "Cleanup", Time since last: 1000613600 ns, Reaching safepoint: 109600 ns, At safepoint: 66900 ns, Total: 176500 ns
[2021-03-18T10:06:42.039+0000][24612][safepoint    ] Safepoint "Cleanup", Time since last: 1000140900 ns, Reaching safepoint: 133800 ns, At safepoint: 72500 ns, Total: 206300 ns
[2021-03-18T10:06:44.040+0000][24612][safepoint    ] Safepoint "Cleanup", Time since last: 2000545300 ns, Reaching safepoint: 130100 ns, At safepoint: 4900 ns, Total: 135000 ns
[2021-03-18T10:06:45.040+0000][24612][safepoint    ] Safepoint "Cleanup", Time since last: 1000109000 ns, Reaching safepoint: 161300 ns, At safepoint: 5500 ns, Total: 166800 ns
[2021-03-18T10:06:46.041+0000][24612][safepoint    ] Safepoint "Cleanup", Time since last: 1000060300 ns, Reaching safepoint: 129600 ns, At safepoint: 66600 ns, Total: 196200 ns
[2021-03-18T10:06:48.041+0000][24612][safepoint    ] Safepoint "Cleanup", Time since last: 2000505000 ns, Reaching safepoint: 145500 ns, At safepoint: 6300 ns, Total: 151800 ns
[2021-03-18T10:06:50.041+0000][24612][safepoint    ] Safepoint "Cleanup", Time since last: 1999934300 ns, Reaching safepoint: 127900 ns, At safepoint: 60500 ns, Total: 188400 ns
[2021-03-18T10:06:51.042+0000][24612][safepoint    ] Safepoint "Cleanup", Time since last: 1000443300 ns, Reaching safepoint: 121300 ns, At safepoint: 2300 ns, Total: 123600 ns
[2021-03-18T10:06:52.043+0000][24612][safepoint    ] Safepoint "Cleanup", Time since last: 1000748900 ns, Reaching safepoint: 148700 ns, At safepoint: 12600 ns, Total: 161300 ns
[2021-03-18T10:06:54.044+0000][24612][safepoint    ] Safepoint "Cleanup", Time since last: 2000630700 ns, Reaching safepoint: 128400 ns, At safepoint: 17000 ns, Total: 145400 ns
[2021-03-18T10:06:55.045+0000][24612][safepoint    ] Safepoint "Cleanup", Time since last: 1000729500 ns, Reaching safepoint: 102300 ns, At safepoint: 6300 ns, Total: 108600 ns
[2021-03-18T10:06:57.045+0000][24612][safepoint    ] Safepoint "Cleanup", Time since last: 2000663600 ns, Reaching safepoint: 123700 ns, At safepoint: 12500 ns, Total: 136200 ns
[2021-03-18T10:06:58.046+0000][24612][safepoint    ] Safepoint "Cleanup", Time since last: 1000417500 ns, Reaching safepoint: 90800 ns, At safepoint: 2600 ns, Total: 93400 ns
[2021-03-18T10:06:59.047+0000][24612][safepoint    ] Safepoint "Cleanup", Time since last: 1000820300 ns, Reaching safepoint: 132400 ns, At safepoint: 17800 ns, Total: 150200 ns
[2021-03-18T10:07:00.047+0000][24612][safepoint    ] Safepoint "Cleanup", Time since last: 1000211600 ns, Reaching safepoint: 131000 ns, At safepoint: 53600 ns, Total: 184600 ns
[2021-03-18T10:07:02.048+0000][24612][safepoint    ] Safepoint "Cleanup", Time since last: 2000662200 ns, Reaching safepoint: 97700 ns, At safepoint: 17300 ns, Total: 115000 ns
[2021-03-18T10:07:03.049+0000][24612][safepoint    ] Safepoint "Cleanup", Time since last: 1000853200 ns, Reaching safepoint: 140900 ns, At safepoint: 4600 ns, Total: 145500 ns
[2021-03-18T10:07:04.049+0000][24612][safepoint    ] Safepoint "Cleanup", Time since last: 1000093700 ns, Reaching safepoint: 115500 ns, At safepoint: 30800 ns, Total: 146300 ns
[2021-03-18T10:07:06.049+0000][24612][safepoint    ] Safepoint "Cleanup", Time since last: 2000023800 ns, Reaching safepoint: 170100 ns, At safepoint: 24100 ns, Total: 194200 ns
[2021-03-18T10:07:07.050+0000][24612][safepoint    ] Safepoint "Cleanup", Time since last: 1000041500 ns, Reaching safepoint: 108700 ns, At safepoint: 17300 ns, Total: 126000 ns
[2021-03-18T10:07:08.050+0000][24612][safepoint    ] Safepoint "Cleanup", Time since last: 1000410100 ns, Reaching safepoint: 116500 ns, At safepoint: 10000 ns, Total: 126500 ns
[2021-03-18T10:07:09.050+0000][24612][safepoint    ] Safepoint "Cleanup", Time since last: 1000004900 ns, Reaching safepoint: 87000 ns, At safepoint: 54900 ns, Total: 141900 ns
[2021-03-18T10:07:10.051+0000][24612][safepoint    ] Safepoint "Cleanup", Time since last: 1000854600 ns, Reaching safepoint: 176300 ns, At safepoint: 58000 ns, Total: 234300 ns
[2021-03-18T10:07:11.052+0000][24612][safepoint    ] Safepoint "Cleanup", Time since last: 1000534500 ns, Reaching safepoint: 134300 ns, At safepoint: 3900 ns, Total: 138200 ns
[2021-03-18T10:07:12.053+0000][24612][safepoint    ] Safepoint "Cleanup", Time since last: 1000767000 ns, Reaching safepoint: 90800 ns, At safepoint: 48300 ns, Total: 139100 ns
[2021-03-18T10:07:13.053+0000][24612][safepoint    ] Safepoint "Cleanup", Time since last: 1000353300 ns, Reaching safepoint: 131500 ns, At safepoint: 58600 ns, Total: 190100 ns
[2021-03-18T10:07:14.054+0000][24612][safepoint    ] Safepoint "Cleanup", Time since last: 1000032100 ns, Reaching safepoint: 132000 ns, At safepoint: 20500 ns, Total: 152500 ns
[2021-03-18T10:07:16.054+0000][24612][safepoint    ] Safepoint "Cleanup", Time since last: 2000114400 ns, Reaching safepoint: 211100 ns, At safepoint: 43900 ns, Total: 255000 ns
[2021-03-18T10:07:18.055+0000][24612][safepoint    ] Safepoint "Cleanup", Time since last: 2000960200 ns, Reaching safepoint: 127100 ns, At safepoint: 5500 ns, Total: 132600 ns
[2021-03-18T10:07:19.056+0000][24612][safepoint    ] Safepoint "Cleanup", Time since last: 1000662300 ns, Reaching safepoint: 124200 ns, At safepoint: 51100 ns, Total: 175300 ns
[2021-03-18T10:07:20.056+0000][24612][safepoint    ] Safepoint "Cleanup", Time since last: 1000102600 ns, Reaching safepoint: 143200 ns, At safepoint: 2700 ns, Total: 145900 ns
[2021-03-18T10:07:22.056+0000][24612][safepoint    ] Safepoint "Cleanup", Time since last: 2000236500 ns, Reaching safepoint: 92400 ns, At safepoint: 17900 ns, Total: 110300 ns
[2021-03-18T10:07:23.057+0000][24612][safepoint    ] Safepoint "Cleanup", Time since last: 1000580900 ns, Reaching safepoint: 138900 ns, At safepoint: 19500 ns, Total: 158400 ns
[2021-03-18T10:07:24.058+0000][24612][safepoint    ] Safepoint "Cleanup", Time since last: 1000809900 ns, Reaching safepoint: 163300 ns, At safepoint: 60800 ns, Total: 224100 ns
[2021-03-18T10:07:25.059+0000][24612][safepoint    ] Safepoint "Cleanup", Time since last: 1000741500 ns, Reaching safepoint: 155100 ns, At safepoint: 54200 ns, Total: 209300 ns
[2021-03-18T10:07:27.060+0000][24612][safepoint    ] Safepoint "Cleanup", Time since last: 2000379800 ns, Reaching safepoint: 126000 ns, At safepoint: 2600 ns, Total: 128600 ns
[2021-03-18T10:07:28.061+0000][24612][safepoint    ] Safepoint "Cleanup", Time since last: 1000757700 ns, Reaching safepoint: 107600 ns, At safepoint: 67300 ns, Total: 174900 ns
[2021-03-18T10:07:30.061+0000][24612][safepoint    ] Safepoint "Cleanup", Time since last: 2000261100 ns, Reaching safepoint: 99200 ns, At safepoint: 13800 ns, Total: 113000 ns
[2021-03-18T10:07:31.061+0000][24612][safepoint    ] Safepoint "Cleanup", Time since last: 1000382100 ns, Reaching safepoint: 147200 ns, At safepoint: 3500 ns, Total: 150700 ns
[2021-03-18T10:07:32.062+0000][24612][safepoint    ] Safepoint "Cleanup", Time since last: 1000462700 ns, Reaching safepoint: 136500 ns, At safepoint: 33500 ns, Total: 170000 ns
[2021-03-18T10:07:33.062+0000][24612][safepoint    ] Safepoint "Cleanup", Time since last: 1000047000 ns, Reaching safepoint: 107400 ns, At safepoint: 16000 ns, Total: 123400 ns
[2021-03-18T10:07:34.063+0000][24612][safepoint    ] Safepoint "Cleanup", Time since last: 1000715300 ns, Reaching safepoint: 146500 ns, At safepoint: 77500 ns, Total: 224000 ns
[2021-03-18T10:07:35.063+0000][24612][safepoint    ] Safepoint "Cleanup", Time since last: 1000082500 ns, Reaching safepoint: 141300 ns, At safepoint: 4700 ns, Total: 146000 ns
[2021-03-18T10:07:36.064+0000][24612][safepoint    ] Safepoint "Cleanup", Time since last: 1000083400 ns, Reaching safepoint: 145900 ns, At safepoint: 5500 ns, Total: 151400 ns
[2021-03-18T10:07:37.065+0000][24612][safepoint    ] Safepoint "Cleanup", Time since last: 1000785400 ns, Reaching safepoint: 122900 ns, At safepoint: 20800 ns, Total: 143700 ns
[2021-03-18T10:07:38.065+0000][24612][safepoint    ] Safepoint "Cleanup", Time since last: 1000298300 ns, Reaching safepoint: 104100 ns, At safepoint: 6900 ns, Total: 111000 ns
[2021-03-18T10:07:40.066+0000][24612][safepoint    ] Safepoint "Cleanup", Time since last: 2000932900 ns, Reaching safepoint: 108000 ns, At safepoint: 9900 ns, Total: 117900 ns
[2021-03-18T10:07:41.066+0000][24612][safepoint    ] Safepoint "Cleanup", Time since last: 1000046800 ns, Reaching safepoint: 137400 ns, At safepoint: 32300 ns, Total: 169700 ns
[2021-03-18T10:07:42.067+0000][24612][safepoint    ] Safepoint "Cleanup", Time since last: 1000692100 ns, Reaching safepoint: 103800 ns, At safepoint: 78100 ns, Total: 181900 ns
[2021-03-18T10:07:44.068+0000][24612][safepoint    ] Safepoint "Cleanup", Time since last: 2000390900 ns, Reaching safepoint: 134200 ns, At safepoint: 3700 ns, Total: 137900 ns
[2021-03-18T10:07:45.068+0000][24612][safepoint    ] Safepoint "Cleanup", Time since last: 1000583300 ns, Reaching safepoint: 125900 ns, At safepoint: 18600 ns, Total: 144500 ns
[2021-03-18T10:07:46.069+0000][24612][safepoint    ] Safepoint "Cleanup", Time since last: 1000314400 ns, Reaching safepoint: 135500 ns, At safepoint: 22400 ns, Total: 157900 ns
[2021-03-18T10:07:48.069+0000][24612][safepoint    ] Safepoint "Cleanup", Time since last: 1999987400 ns, Reaching safepoint: 161600 ns, At safepoint: 4400 ns, Total: 166000 ns
[2021-03-18T10:07:49.070+0000][24612][safepoint    ] Safepoint "Cleanup", Time since last: 1000740400 ns, Reaching safepoint: 123100 ns, At safepoint: 17300 ns, Total: 140400 ns
[2021-03-18T10:07:50.071+0000][24612][safepoint    ] Safepoint "Cleanup", Time since last: 1000707900 ns, Reaching safepoint: 154800 ns, At safepoint: 5100 ns, Total: 159900 ns
[2021-03-18T10:07:51.071+0000][24612][safepoint    ] Safepoint "Cleanup", Time since last: 1000532600 ns, Reaching safepoint: 146000 ns, At safepoint: 83200 ns, Total: 229200 ns
[2021-03-18T10:07:52.072+0000][24612][safepoint    ] Safepoint "Cleanup", Time since last: 1000437300 ns, Reaching safepoint: 123000 ns, At safepoint: 5000 ns, Total: 128000 ns
[2021-03-18T10:07:53.072+0000][24612][safepoint    ] Safepoint "Cleanup", Time since last: 1000099400 ns, Reaching safepoint: 143500 ns, At safepoint: 76900 ns, Total: 220400 ns
[2021-03-18T10:07:54.073+0000][24612][safepoint    ] Safepoint "Cleanup", Time since last: 1000258000 ns, Reaching safepoint: 139900 ns, At safepoint: 5100 ns, Total: 145000 ns
[2021-03-18T10:07:55.074+0000][24612][safepoint    ] Safepoint "Cleanup", Time since last: 1000817300 ns, Reaching safepoint: 151700 ns, At safepoint: 22600 ns, Total: 174300 ns
[2021-03-18T10:07:56.074+0000][24612][safepoint    ] Safepoint "Cleanup", Time since last: 1000250400 ns, Reaching safepoint: 107700 ns, At safepoint: 7100 ns, Total: 114800 ns
[2021-03-18T10:07:58.075+0000][24612][safepoint    ] Safepoint "Cleanup", Time since last: 2000679900 ns, Reaching safepoint: 124000 ns, At safepoint: 5600 ns, Total: 129600 ns
[2021-03-18T10:08:00.076+0000][24612][safepoint    ] Safepoint "Cleanup", Time since last: 2000492700 ns, Reaching safepoint: 128600 ns, At safepoint: 22000 ns, Total: 150600 ns
[2021-03-18T10:08:01.076+0000][24612][safepoint    ] Safepoint "Cleanup", Time since last: 1000490700 ns, Reaching safepoint: 109800 ns, At safepoint: 18800 ns, Total: 128600 ns
[2021-03-18T10:08:02.077+0000][24612][safepoint    ] Safepoint "Cleanup", Time since last: 1000857200 ns, Reaching safepoint: 143900 ns, At safepoint: 65400 ns, Total: 209300 ns
[2021-03-18T10:08:03.077+0000][24612][safepoint    ] Safepoint "Cleanup", Time since last: 1000066700 ns, Reaching safepoint: 140000 ns, At safepoint: 5500 ns, Total: 145500 ns
[2021-03-18T10:08:04.078+0000][24612][safepoint    ] Safepoint "Cleanup", Time since last: 1000362900 ns, Reaching safepoint: 115000 ns, At safepoint: 18000 ns, Total: 133000 ns
[2021-03-18T10:08:06.079+0000][24612][safepoint    ] Safepoint "Cleanup", Time since last: 2000864300 ns, Reaching safepoint: 134200 ns, At safepoint: 18800 ns, Total: 153000 ns
[2021-03-18T10:08:07.782+0000][24612][safepoint    ] Safepoint "Cleanup", Time since last: 1702845800 ns, Reaching safepoint: 137500 ns, At safepoint: 20800 ns, Total: 158300 ns
[2021-03-18T10:08:08.783+0000][24612][safepoint    ] Safepoint "Cleanup", Time since last: 1000847000 ns, Reaching safepoint: 115400 ns, At safepoint: 4200 ns, Total: 119600 ns
[2021-03-18T10:08:10.784+0000][24612][safepoint    ] Safepoint "Cleanup", Time since last: 2000853100 ns, Reaching safepoint: 122500 ns, At safepoint: 2700 ns, Total: 125200 ns
[2021-03-18T10:08:12.784+0000][24612][safepoint    ] Safepoint "Cleanup", Time since last: 2000027100 ns, Reaching safepoint: 232500 ns, At safepoint: 12000 ns, Total: 244500 ns
[2021-03-18T10:08:14.785+0000][24612][safepoint    ] Safepoint "Cleanup", Time since last: 2000766300 ns, Reaching safepoint: 149700 ns, At safepoint: 20300 ns, Total: 170000 ns
[2021-03-18T10:08:16.786+0000][24612][safepoint    ] Safepoint "Cleanup", Time since last: 2000841400 ns, Reaching safepoint: 143000 ns, At safepoint: 10800 ns, Total: 153800 ns
[2021-03-18T10:08:18.787+0000][24612][safepoint    ] Safepoint "Cleanup", Time since last: 2000829000 ns, Reaching safepoint: 159900 ns, At safepoint: 9400 ns, Total: 169300 ns
[2021-03-18T10:08:19.788+0000][24612][safepoint    ] Safepoint "Cleanup", Time since last: 1000826400 ns, Reaching safepoint: 146300 ns, At safepoint: 10800 ns, Total: 157100 ns
[2021-03-18T10:08:21.788+0000][24612][safepoint    ] Safepoint "Cleanup", Time since last: 1999848700 ns, Reaching safepoint: 169100 ns, At safepoint: 11300 ns, Total: 180400 ns
[2021-03-18T10:08:23.789+0000][24612][safepoint    ] Safepoint "Cleanup", Time since last: 2000816400 ns, Reaching safepoint: 183200 ns, At safepoint: 11400 ns, Total: 194600 ns
[2021-03-18T10:08:24.790+0000][24612][safepoint    ] Safepoint "Cleanup", Time since last: 1000790000 ns, Reaching safepoint: 102800 ns, At safepoint: 3200 ns, Total: 106000 ns
[2021-03-18T10:08:25.791+0000][24612][safepoint    ] Safepoint "Cleanup", Time since last: 1000434100 ns, Reaching safepoint: 136500 ns, At safepoint: 8700 ns, Total: 145200 ns
[2021-03-18T10:08:27.036+0000][24612][safepoint    ] Safepoint "Cleanup", Time since last: 1246116800 ns, Reaching safepoint: 137600 ns, At safepoint: 30100 ns, Total: 167700 ns
[2021-03-18T10:08:28.039+0000][24612][safepoint    ] Safepoint "Cleanup", Time since last: 1001881200 ns, Reaching safepoint: 147600 ns, At safepoint: 19900 ns, Total: 167500 ns
[2021-03-18T10:08:30.039+0000][24612][safepoint    ] Safepoint "Cleanup", Time since last: 2000103900 ns, Reaching safepoint: 140300 ns, At safepoint: 19700 ns, Total: 160000 ns
[2021-03-18T10:08:31.039+0000][24612][safepoint    ] Safepoint "Cleanup", Time since last: 1000011100 ns, Reaching safepoint: 117900 ns, At safepoint: 17100 ns, Total: 135000 ns
[2021-03-18T10:08:32.040+0000][24612][safepoint    ] Safepoint "Cleanup", Time since last: 1000172200 ns, Reaching safepoint: 121800 ns, At safepoint: 2800 ns, Total: 124600 ns
[2021-03-18T10:08:33.040+0000][24612][safepoint    ] Safepoint "Cleanup", Time since last: 1000772400 ns, Reaching safepoint: 89100 ns, At safepoint: 18200 ns, Total: 107300 ns
[2021-03-18T10:08:34.041+0000][24612][safepoint    ] Safepoint "Cleanup", Time since last: 1000780700 ns, Reaching safepoint: 129000 ns, At safepoint: 17900 ns, Total: 146900 ns
[2021-03-18T10:08:35.042+0000][24612][safepoint    ] Safepoint "Cleanup", Time since last: 1000687000 ns, Reaching safepoint: 109200 ns, At safepoint: 81300 ns, Total: 190500 ns
[2021-03-18T10:08:36.043+0000][24612][safepoint    ] Safepoint "Cleanup", Time since last: 1000358700 ns, Reaching safepoint: 133000 ns, At safepoint: 26000 ns, Total: 159000 ns
[2021-03-18T10:08:37.043+0000][24612][safepoint    ] Safepoint "Cleanup", Time since last: 1000424600 ns, Reaching safepoint: 109500 ns, At safepoint: 66600 ns, Total: 176100 ns
[2021-03-18T10:08:39.044+0000][24612][safepoint    ] Safepoint "Cleanup", Time since last: 2000160000 ns, Reaching safepoint: 87000 ns, At safepoint: 18200 ns, Total: 105200 ns
[2021-03-18T10:08:41.044+0000][24612][safepoint    ] Safepoint "Cleanup", Time since last: 2000507300 ns, Reaching safepoint: 136100 ns, At safepoint: 9300 ns, Total: 145400 ns
[2021-03-18T10:08:42.045+0000][24612][safepoint    ] Safepoint "Cleanup", Time since last: 1000519600 ns, Reaching safepoint: 112600 ns, At safepoint: 7700 ns, Total: 120300 ns
[2021-03-18T10:08:44.045+0000][24612][safepoint    ] Safepoint "Cleanup", Time since last: 2000370000 ns, Reaching safepoint: 101000 ns, At safepoint: 24800 ns, Total: 125800 ns
[2021-03-18T10:08:45.046+0000][24612][safepoint    ] Safepoint "Cleanup", Time since last: 1000077800 ns, Reaching safepoint: 237900 ns, At safepoint: 28100 ns, Total: 266000 ns
[2021-03-18T10:08:46.047+0000][24612][safepoint    ] Safepoint "Cleanup", Time since last: 1000737800 ns, Reaching safepoint: 147300 ns, At safepoint: 4600 ns, Total: 151900 ns
[2021-03-18T10:08:47.047+0000][24612][safepoint    ] Safepoint "Cleanup", Time since last: 1000676100 ns, Reaching safepoint: 144700 ns, At safepoint: 7100 ns, Total: 151800 ns
[2021-03-18T10:08:48.048+0000][24612][safepoint    ] Safepoint "Cleanup", Time since last: 1000240800 ns, Reaching safepoint: 108700 ns, At safepoint: 15700 ns, Total: 124400 ns
[2021-03-18T10:08:49.048+0000][24612][safepoint    ] Safepoint "Cleanup", Time since last: 1000384100 ns, Reaching safepoint: 127300 ns, At safepoint: 6000 ns, Total: 133300 ns
[2021-03-18T10:08:50.049+0000][24612][safepoint    ] Safepoint "Cleanup", Time since last: 1000757600 ns, Reaching safepoint: 101400 ns, At safepoint: 3600 ns, Total: 105000 ns
[2021-03-18T10:08:52.050+0000][24612][safepoint    ] Safepoint "Cleanup", Time since last: 2000830700 ns, Reaching safepoint: 107200 ns, At safepoint: 5200 ns, Total: 112400 ns
[2021-03-18T10:08:54.050+0000][24612][safepoint    ] Safepoint "Cleanup", Time since last: 2000074900 ns, Reaching safepoint: 128700 ns, At safepoint: 9000 ns, Total: 137700 ns
[2021-03-18T10:08:55.051+0000][24612][safepoint    ] Safepoint "Cleanup", Time since last: 1000428600 ns, Reaching safepoint: 151500 ns, At safepoint: 82400 ns, Total: 233900 ns
[2021-03-18T10:08:56.051+0000][24612][safepoint    ] Safepoint "Cleanup", Time since last: 1000036700 ns, Reaching safepoint: 106600 ns, At safepoint: 69500 ns, Total: 176100 ns
[2021-03-18T10:08:58.052+0000][24612][safepoint    ] Safepoint "Cleanup", Time since last: 2000781700 ns, Reaching safepoint: 110200 ns, At safepoint: 76300 ns, Total: 186500 ns
[2021-03-18T10:09:00.052+0000][24612][safepoint    ] Safepoint "Cleanup", Time since last: 2000090200 ns, Reaching safepoint: 139000 ns, At safepoint: 3900 ns, Total: 142900 ns
[2021-03-18T10:09:01.053+0000][24612][safepoint    ] Safepoint "Cleanup", Time since last: 1000379000 ns, Reaching safepoint: 164300 ns, At safepoint: 5000 ns, Total: 169300 ns
[2021-03-18T10:09:02.054+0000][24612][safepoint    ] Safepoint "Cleanup", Time since last: 1000521400 ns, Reaching safepoint: 126100 ns, At safepoint: 17400 ns, Total: 143500 ns
[2021-03-18T10:09:03.054+0000][24612][safepoint    ] Safepoint "Cleanup", Time since last: 1000742400 ns, Reaching safepoint: 81800 ns, At safepoint: 11200 ns, Total: 93000 ns
[2021-03-18T10:09:04.055+0000][24612][safepoint    ] Safepoint "Cleanup", Time since last: 1000144400 ns, Reaching safepoint: 125700 ns, At safepoint: 73100 ns, Total: 198800 ns
[2021-03-18T10:09:05.055+0000][24612][safepoint    ] Safepoint "Cleanup", Time since last: 1000545600 ns, Reaching safepoint: 92100 ns, At safepoint: 63500 ns, Total: 155600 ns
[2021-03-18T10:09:06.056+0000][24612][safepoint    ] Safepoint "Cleanup", Time since last: 1000195200 ns, Reaching safepoint: 150100 ns, At safepoint: 20600 ns, Total: 170700 ns
[2021-03-18T10:09:07.056+0000][24612][safepoint    ] Safepoint "Cleanup", Time since last: 1000054800 ns, Reaching safepoint: 133200 ns, At safepoint: 17700 ns, Total: 150900 ns
[2021-03-18T10:09:08.056+0000][24612][safepoint    ] Safepoint "Cleanup", Time since last: 1000045000 ns, Reaching safepoint: 123000 ns, At safepoint: 3200 ns, Total: 126200 ns
[2021-03-18T10:09:10.057+0000][24612][safepoint    ] Safepoint "Cleanup", Time since last: 2001003900 ns, Reaching safepoint: 148400 ns, At safepoint: 5100 ns, Total: 153500 ns
[2021-03-18T10:09:11.058+0000][24612][safepoint    ] Safepoint "Cleanup", Time since last: 1000441400 ns, Reaching safepoint: 139100 ns, At safepoint: 59800 ns, Total: 198900 ns
[2021-03-18T10:09:13.058+0000][24612][safepoint    ] Safepoint "Cleanup", Time since last: 2000085700 ns, Reaching safepoint: 116500 ns, At safepoint: 70300 ns, Total: 186800 ns
[2021-03-18T10:09:14.059+0000][24612][safepoint    ] Safepoint "Cleanup", Time since last: 1000319300 ns, Reaching safepoint: 141000 ns, At safepoint: 5000 ns, Total: 146000 ns
[2021-03-18T10:09:15.059+0000][24612][safepoint    ] Safepoint "Cleanup", Time since last: 1000635900 ns, Reaching safepoint: 87700 ns, At safepoint: 18500 ns, Total: 106200 ns
[2021-03-18T10:09:16.060+0000][24612][safepoint    ] Safepoint "Cleanup", Time since last: 1000361800 ns, Reaching safepoint: 84300 ns, At safepoint: 13700 ns, Total: 98000 ns
[2021-03-18T10:09:17.060+0000][24612][safepoint    ] Safepoint "Cleanup", Time since last: 1000447600 ns, Reaching safepoint: 159700 ns, At safepoint: 14800 ns, Total: 174500 ns
[2021-03-18T10:09:18.061+0000][24612][safepoint    ] Safepoint "Cleanup", Time since last: 1000039000 ns, Reaching safepoint: 114600 ns, At safepoint: 13900 ns, Total: 128500 ns
[2021-03-18T10:09:19.061+0000][24612][safepoint    ] Safepoint "Cleanup", Time since last: 1000459800 ns, Reaching safepoint: 108700 ns, At safepoint: 82800 ns, Total: 191500 ns
[2021-03-18T10:09:20.062+0000][24612][safepoint    ] Safepoint "Cleanup", Time since last: 1000506100 ns, Reaching safepoint: 110000 ns, At safepoint: 69800 ns, Total: 179800 ns
[2021-03-18T10:09:21.062+0000][24612][safepoint    ] Safepoint "Cleanup", Time since last: 1000071400 ns, Reaching safepoint: 126000 ns, At safepoint: 17600 ns, Total: 143600 ns
[2021-03-18T10:09:22.062+0000][24612][safepoint    ] Safepoint "Cleanup", Time since last: 1000110100 ns, Reaching safepoint: 128400 ns, At safepoint: 3100 ns, Total: 131500 ns
[2021-03-18T10:09:23.063+0000][24612][safepoint    ] Safepoint "Cleanup", Time since last: 1000763800 ns, Reaching safepoint: 124300 ns, At safepoint: 2800 ns, Total: 127100 ns
[2021-03-18T10:09:24.064+0000][24612][safepoint    ] Safepoint "Cleanup", Time since last: 1000455100 ns, Reaching safepoint: 130700 ns, At safepoint: 115500 ns, Total: 246200 ns
[2021-03-18T10:09:26.065+0000][24612][safepoint    ] Safepoint "Cleanup", Time since last: 2000484000 ns, Reaching safepoint: 99400 ns, At safepoint: 29400 ns, Total: 128800 ns
[2021-03-18T10:09:27.065+0000][24612][safepoint    ] Safepoint "Cleanup", Time since last: 1000741700 ns, Reaching safepoint: 128300 ns, At safepoint: 63800 ns, Total: 192100 ns
[2021-03-18T10:09:29.066+0000][24612][safepoint    ] Safepoint "Cleanup", Time since last: 2000064600 ns, Reaching safepoint: 135200 ns, At safepoint: 64900 ns, Total: 200100 ns
[2021-03-18T10:09:30.066+0000][24612][safepoint    ] Safepoint "Cleanup", Time since last: 1000394000 ns, Reaching safepoint: 166600 ns, At safepoint: 20900 ns, Total: 187500 ns
[2021-03-18T10:09:31.067+0000][24612][safepoint    ] Safepoint "Cleanup", Time since last: 1000120200 ns, Reaching safepoint: 121800 ns, At safepoint: 83800 ns, Total: 205600 ns
[2021-03-18T10:09:32.180+0000][24612][safepoint    ] Safepoint "Cleanup", Time since last: 1112934100 ns, Reaching safepoint: 94100 ns, At safepoint: 3200 ns, Total: 97300 ns
[2021-03-18T10:09:33.180+0000][24612][safepoint    ] Safepoint "Cleanup", Time since last: 1000156200 ns, Reaching safepoint: 112300 ns, At safepoint: 3500 ns, Total: 115800 ns
[2021-03-18T10:09:34.181+0000][24612][safepoint    ] Safepoint "Cleanup", Time since last: 1000577900 ns, Reaching safepoint: 118400 ns, At safepoint: 2800 ns, Total: 121200 ns
[2021-03-18T10:09:35.181+0000][24612][safepoint    ] Safepoint "Cleanup", Time since last: 1000305600 ns, Reaching safepoint: 130400 ns, At safepoint: 6700 ns, Total: 137100 ns
[2021-03-18T10:09:36.182+0000][24612][safepoint    ] Safepoint "Cleanup", Time since last: 1000633700 ns, Reaching safepoint: 122700 ns, At safepoint: 5400 ns, Total: 128100 ns
[2021-03-18T10:09:37.182+0000][24612][safepoint    ] Safepoint "Cleanup", Time since last: 1000130900 ns, Reaching safepoint: 97900 ns, At safepoint: 5100 ns, Total: 103000 ns
[2021-03-18T10:09:38.183+0000][24612][safepoint    ] Safepoint "Cleanup", Time since last: 1000605100 ns, Reaching safepoint: 220900 ns, At safepoint: 6000 ns, Total: 226900 ns
[2021-03-18T10:09:39.183+0000][24612][safepoint    ] Safepoint "Cleanup", Time since last: 1000301200 ns, Reaching safepoint: 148900 ns, At safepoint: 18200 ns, Total: 167100 ns
[2021-03-18T10:09:40.184+0000][24612][safepoint    ] Safepoint "Cleanup", Time since last: 1000699600 ns, Reaching safepoint: 142400 ns, At safepoint: 4200 ns, Total: 146600 ns
[2021-03-18T10:09:41.185+0000][24612][safepoint    ] Safepoint "Cleanup", Time since last: 1000428200 ns, Reaching safepoint: 104300 ns, At safepoint: 5500 ns, Total: 109800 ns
[2021-03-18T10:09:42.185+0000][24612][safepoint    ] Safepoint "Cleanup", Time since last: 1000016700 ns, Reaching safepoint: 109200 ns, At safepoint: 4300 ns, Total: 113500 ns
[2021-03-18T10:09:43.185+0000][24612][safepoint    ] Safepoint "Cleanup", Time since last: 1000202700 ns, Reaching safepoint: 170300 ns, At safepoint: 56000 ns, Total: 226300 ns
[2021-03-18T10:09:45.186+0000][24612][safepoint    ] Safepoint "Cleanup", Time since last: 2000074000 ns, Reaching safepoint: 154200 ns, At safepoint: 5300 ns, Total: 159500 ns
[2021-03-18T10:09:46.186+0000][24612][safepoint    ] Safepoint "Cleanup", Time since last: 1000336800 ns, Reaching safepoint: 94400 ns, At safepoint: 3000 ns, Total: 97400 ns
[2021-03-18T10:09:47.186+0000][24612][safepoint    ] Safepoint "Cleanup", Time since last: 1000088700 ns, Reaching safepoint: 146800 ns, At safepoint: 5500 ns, Total: 152300 ns
[2021-03-18T10:09:48.187+0000][24612][safepoint    ] Safepoint "Cleanup", Time since last: 1000207900 ns, Reaching safepoint: 81500 ns, At safepoint: 1900 ns, Total: 83400 ns
[2021-03-18T10:09:49.188+0000][24612][safepoint    ] Safepoint "Cleanup", Time since last: 1000918800 ns, Reaching safepoint: 97100 ns, At safepoint: 7200 ns, Total: 104300 ns
[2021-03-18T10:09:50.189+0000][24612][safepoint    ] Safepoint "Cleanup", Time since last: 1000920900 ns, Reaching safepoint: 123600 ns, At safepoint: 5400 ns, Total: 129000 ns
[2021-03-18T10:09:52.189+0000][24612][safepoint    ] Safepoint "Cleanup", Time since last: 2000247100 ns, Reaching safepoint: 137600 ns, At safepoint: 3700 ns, Total: 141300 ns
[2021-03-18T10:09:54.190+0000][24612][safepoint    ] Safepoint "Cleanup", Time since last: 2000734400 ns, Reaching safepoint: 145800 ns, At safepoint: 26400 ns, Total: 172200 ns
[2021-03-18T10:09:55.190+0000][24612][safepoint    ] Safepoint "Cleanup", Time since last: 1000452100 ns, Reaching safepoint: 91200 ns, At safepoint: 2800 ns, Total: 94000 ns
[2021-03-18T10:09:57.191+0000][24612][safepoint    ] Safepoint "Cleanup", Time since last: 2000039900 ns, Reaching safepoint: 99800 ns, At safepoint: 7000 ns, Total: 106800 ns
[2021-03-18T10:09:58.192+0000][24612][safepoint    ] Safepoint "Cleanup", Time since last: 1000830800 ns, Reaching safepoint: 112500 ns, At safepoint: 4400 ns, Total: 116900 ns
[2021-03-18T10:09:59.192+0000][24612][safepoint    ] Safepoint "Cleanup", Time since last: 1000857800 ns, Reaching safepoint: 135100 ns, At safepoint: 5500 ns, Total: 140600 ns
[2021-03-18T10:10:00.193+0000][24612][safepoint    ] Safepoint "Cleanup", Time since last: 1000541500 ns, Reaching safepoint: 189900 ns, At safepoint: 5200 ns, Total: 195100 ns
[2021-03-18T10:10:01.194+0000][24612][safepoint    ] Safepoint "Cleanup", Time since last: 1000321700 ns, Reaching safepoint: 134300 ns, At safepoint: 5500 ns, Total: 139800 ns
[2021-03-18T10:10:02.195+0000][24612][safepoint    ] Safepoint "Cleanup", Time since last: 1000754200 ns, Reaching safepoint: 93000 ns, At safepoint: 1900 ns, Total: 94900 ns
[2021-03-18T10:10:03.196+0000][24612][safepoint    ] Safepoint "Cleanup", Time since last: 1000874600 ns, Reaching safepoint: 129900 ns, At safepoint: 3200 ns, Total: 133100 ns
[2021-03-18T10:10:04.196+0000][24612][safepoint    ] Safepoint "Cleanup", Time since last: 1000164000 ns, Reaching safepoint: 110200 ns, At safepoint: 6900 ns, Total: 117100 ns
[2021-03-18T10:10:05.197+0000][24612][safepoint    ] Safepoint "Cleanup", Time since last: 1000871300 ns, Reaching safepoint: 116000 ns, At safepoint: 4600 ns, Total: 120600 ns
[2021-03-18T10:10:06.197+0000][24612][safepoint    ] Safepoint "Cleanup", Time since last: 1000334900 ns, Reaching safepoint: 106500 ns, At safepoint: 6400 ns, Total: 112900 ns
[2021-03-18T10:10:07.796+0000][24612][safepoint    ] Safepoint "Cleanup", Time since last: 1598275100 ns, Reaching safepoint: 119800 ns, At safepoint: 5600 ns, Total: 125400 ns
[2021-03-18T10:10:08.797+0000][24612][safepoint    ] Safepoint "Cleanup", Time since last: 1000865300 ns, Reaching safepoint: 118100 ns, At safepoint: 5400 ns, Total: 123500 ns
[2021-03-18T10:10:09.797+0000][24612][safepoint    ] Safepoint "Cleanup", Time since last: 1000172200 ns, Reaching safepoint: 104700 ns, At safepoint: 4700 ns, Total: 109400 ns
[2021-03-18T10:10:10.798+0000][24612][safepoint    ] Safepoint "Cleanup", Time since last: 1000784900 ns, Reaching safepoint: 104000 ns, At safepoint: 6800 ns, Total: 110800 ns
[2021-03-18T10:10:11.799+0000][24612][safepoint    ] Safepoint "Cleanup", Time since last: 1000794500 ns, Reaching safepoint: 161400 ns, At safepoint: 2500 ns, Total: 163900 ns
[2021-03-18T10:10:13.799+0000][24612][safepoint    ] Safepoint "Cleanup", Time since last: 2000140600 ns, Reaching safepoint: 117400 ns, At safepoint: 5900 ns, Total: 123300 ns
[2021-03-18T10:10:14.800+0000][24612][safepoint    ] Safepoint "Cleanup", Time since last: 1000687600 ns, Reaching safepoint: 144200 ns, At safepoint: 4600 ns, Total: 148800 ns
[2021-03-18T10:10:15.801+0000][24612][safepoint    ] Safepoint "Cleanup", Time since last: 1000706200 ns, Reaching safepoint: 119100 ns, At safepoint: 2900 ns, Total: 122000 ns
[2021-03-18T10:10:16.802+0000][24612][safepoint    ] Safepoint "Cleanup", Time since last: 1000867800 ns, Reaching safepoint: 109300 ns, At safepoint: 3200 ns, Total: 112500 ns
[2021-03-18T10:10:17.802+0000][24612][safepoint    ] Safepoint "Cleanup", Time since last: 1000357600 ns, Reaching safepoint: 129400 ns, At safepoint: 20100 ns, Total: 149500 ns
[2021-03-18T10:10:18.803+0000][24612][safepoint    ] Safepoint "Cleanup", Time since last: 1000525700 ns, Reaching safepoint: 90500 ns, At safepoint: 3000 ns, Total: 93500 ns
[2021-03-18T10:10:19.803+0000][24612][safepoint    ] Safepoint "Cleanup", Time since last: 1000084800 ns, Reaching safepoint: 121200 ns, At safepoint: 2600 ns, Total: 123800 ns
[2021-03-18T10:10:20.804+0000][24612][safepoint    ] Safepoint "Cleanup", Time since last: 1000767800 ns, Reaching safepoint: 114500 ns, At safepoint: 5900 ns, Total: 120400 ns
[2021-03-18T10:10:21.805+0000][24612][safepoint    ] Safepoint "Cleanup", Time since last: 1000640900 ns, Reaching safepoint: 163600 ns, At safepoint: 5300 ns, Total: 168900 ns
[2021-03-18T10:10:23.805+0000][24612][safepoint    ] Safepoint "Cleanup", Time since last: 2000328700 ns, Reaching safepoint: 138000 ns, At safepoint: 2700 ns, Total: 140700 ns
[2021-03-18T10:10:24.806+0000][24612][safepoint    ] Safepoint "Cleanup", Time since last: 1000609000 ns, Reaching safepoint: 133600 ns, At safepoint: 3000 ns, Total: 136600 ns
[2021-03-18T10:10:25.806+0000][24612][safepoint    ] Safepoint "Cleanup", Time since last: 1000342800 ns, Reaching safepoint: 112900 ns, At safepoint: 5700 ns, Total: 118600 ns
[2021-03-18T10:10:26.807+0000][24612][safepoint    ] Safepoint "Cleanup", Time since last: 1000292300 ns, Reaching safepoint: 132600 ns, At safepoint: 7100 ns, Total: 139700 ns
[2021-03-18T10:10:28.030+0000][24612][safepoint    ] Safepoint "Cleanup", Time since last: 1222985100 ns, Reaching safepoint: 108500 ns, At safepoint: 7000 ns, Total: 115500 ns
[2021-03-18T10:10:29.030+0000][24612][safepoint    ] Safepoint "Cleanup", Time since last: 1000135000 ns, Reaching safepoint: 140800 ns, At safepoint: 19800 ns, Total: 160600 ns
[2021-03-18T10:10:30.031+0000][24612][safepoint    ] Safepoint "Cleanup", Time since last: 1000504900 ns, Reaching safepoint: 92800 ns, At safepoint: 22800 ns, Total: 115600 ns
[2021-03-18T10:10:31.031+0000][24612][safepoint    ] Safepoint "Cleanup", Time since last: 1000342200 ns, Reaching safepoint: 117200 ns, At safepoint: 2400 ns, Total: 119600 ns
[2021-03-18T10:10:32.032+0000][24612][safepoint    ] Safepoint "Cleanup", Time since last: 1000466000 ns, Reaching safepoint: 121500 ns, At safepoint: 58900 ns, Total: 180400 ns
[2021-03-18T10:10:33.032+0000][24612][safepoint    ] Safepoint "Cleanup", Time since last: 1000065400 ns, Reaching safepoint: 91900 ns, At safepoint: 14400 ns, Total: 106300 ns
[2021-03-18T10:10:34.033+0000][24612][safepoint    ] Safepoint "Cleanup", Time since last: 1000730800 ns, Reaching safepoint: 105900 ns, At safepoint: 65500 ns, Total: 171400 ns
[2021-03-18T10:10:35.033+0000][24612][safepoint    ] Safepoint "Cleanup", Time since last: 1000163400 ns, Reaching safepoint: 149900 ns, At safepoint: 5000 ns, Total: 154900 ns
[2021-03-18T10:10:36.034+0000][24612][safepoint    ] Safepoint "Cleanup", Time since last: 1000631500 ns, Reaching safepoint: 104000 ns, At safepoint: 73800 ns, Total: 177800 ns
[2021-03-18T10:10:37.034+0000][24612][safepoint    ] Safepoint "Cleanup", Time since last: 1000288600 ns, Reaching safepoint: 119500 ns, At safepoint: 19800 ns, Total: 139300 ns
[2021-03-18T10:10:38.035+0000][24612][safepoint    ] Safepoint "Cleanup", Time since last: 1000593100 ns, Reaching safepoint: 91800 ns, At safepoint: 46500 ns, Total: 138300 ns
[2021-03-18T10:10:39.036+0000][24612][safepoint    ] Safepoint "Cleanup", Time since last: 1000612300 ns, Reaching safepoint: 105600 ns, At safepoint: 77900 ns, Total: 183500 ns
[2021-03-18T10:10:40.036+0000][24612][safepoint    ] Safepoint "Cleanup", Time since last: 1000221400 ns, Reaching safepoint: 110500 ns, At safepoint: 82700 ns, Total: 193200 ns
[2021-03-18T10:10:41.037+0000][24612][safepoint    ] Safepoint "Cleanup", Time since last: 1000058400 ns, Reaching safepoint: 101800 ns, At safepoint: 7500 ns, Total: 109300 ns
[2021-03-18T10:10:42.037+0000][24612][safepoint    ] Safepoint "Cleanup", Time since last: 1000039400 ns, Reaching safepoint: 158100 ns, At safepoint: 7500 ns, Total: 165600 ns
[2021-03-18T10:10:44.037+0000][24612][safepoint    ] Safepoint "Cleanup", Time since last: 2000524900 ns, Reaching safepoint: 105000 ns, At safepoint: 52500 ns, Total: 157500 ns
[2021-03-18T10:10:45.038+0000][24612][safepoint    ] Safepoint "Cleanup", Time since last: 1000472100 ns, Reaching safepoint: 101700 ns, At safepoint: 90700 ns, Total: 192400 ns
[2021-03-18T10:10:46.039+0000][24612][safepoint    ] Safepoint "Cleanup", Time since last: 1000392500 ns, Reaching safepoint: 147000 ns, At safepoint: 69600 ns, Total: 216600 ns
[2021-03-18T10:10:47.039+0000][24612][safepoint    ] Safepoint "Cleanup", Time since last: 1000400700 ns, Reaching safepoint: 153600 ns, At safepoint: 63900 ns, Total: 217500 ns
[2021-03-18T10:10:48.039+0000][24612][safepoint    ] Safepoint "Cleanup", Time since last: 1000031100 ns, Reaching safepoint: 120800 ns, At safepoint: 58000 ns, Total: 178800 ns
[2021-03-18T10:10:49.040+0000][24612][safepoint    ] Safepoint "Cleanup", Time since last: 1000158100 ns, Reaching safepoint: 124500 ns, At safepoint: 3500 ns, Total: 128000 ns
[2021-03-18T10:10:50.040+0000][24612][safepoint    ] Safepoint "Cleanup", Time since last: 1000542300 ns, Reaching safepoint: 128300 ns, At safepoint: 17400 ns, Total: 145700 ns
[2021-03-18T10:10:51.041+0000][24612][safepoint    ] Safepoint "Cleanup", Time since last: 1000049700 ns, Reaching safepoint: 108400 ns, At safepoint: 74900 ns, Total: 183300 ns
[2021-03-18T10:10:52.042+0000][24612][safepoint    ] Safepoint "Cleanup", Time since last: 1000784900 ns, Reaching safepoint: 101100 ns, At safepoint: 4300 ns, Total: 105400 ns
[2021-03-18T10:10:53.042+0000][24612][safepoint    ] Safepoint "Cleanup", Time since last: 1000615400 ns, Reaching safepoint: 138500 ns, At safepoint: 63300 ns, Total: 201800 ns
[2021-03-18T10:10:54.043+0000][24612][safepoint    ] Safepoint "Cleanup", Time since last: 1000779100 ns, Reaching safepoint: 344300 ns, At safepoint: 13600 ns, Total: 357900 ns
[2021-03-18T10:10:55.044+0000][24612][safepoint    ] Safepoint "Cleanup", Time since last: 1000584200 ns, Reaching safepoint: 142500 ns, At safepoint: 4800 ns, Total: 147300 ns
[2021-03-18T10:10:56.045+0000][24612][safepoint    ] Safepoint "Cleanup", Time since last: 1000471300 ns, Reaching safepoint: 510200 ns, At safepoint: 136900 ns, Total: 647100 ns
[2021-03-18T10:10:58.045+0000][24612][safepoint    ] Safepoint "Cleanup", Time since last: 1999957400 ns, Reaching safepoint: 181100 ns, At safepoint: 35100 ns, Total: 216200 ns
[2021-03-18T10:10:59.046+0000][24612][safepoint    ] Safepoint "Cleanup", Time since last: 1000020400 ns, Reaching safepoint: 363700 ns, At safepoint: 24100 ns, Total: 387800 ns
[2021-03-18T10:11:01.046+0000][24612][safepoint    ] Safepoint "Cleanup", Time since last: 2000186000 ns, Reaching safepoint: 361400 ns, At safepoint: 21400 ns, Total: 382800 ns
[2021-03-18T10:11:02.047+0000][24612][safepoint    ] Safepoint "Cleanup", Time since last: 1000098700 ns, Reaching safepoint: 137200 ns, At safepoint: 5300 ns, Total: 142500 ns
[2021-03-18T10:11:03.047+0000][24612][safepoint    ] Safepoint "Cleanup", Time since last: 1000593800 ns, Reaching safepoint: 123800 ns, At safepoint: 14200 ns, Total: 138000 ns
[2021-03-18T10:11:04.048+0000][24612][safepoint    ] Safepoint "Cleanup", Time since last: 1000323600 ns, Reaching safepoint: 352400 ns, At safepoint: 84300 ns, Total: 436700 ns
[2021-03-18T10:11:06.048+0000][24612][safepoint    ] Safepoint "Cleanup", Time since last: 2000052400 ns, Reaching safepoint: 252800 ns, At safepoint: 113800 ns, Total: 366600 ns
[2021-03-18T10:11:07.800+0000][24612][safepoint    ] Safepoint "Cleanup", Time since last: 1750799900 ns, Reaching safepoint: 456400 ns, At safepoint: 31700 ns, Total: 488100 ns
[2021-03-18T10:11:09.800+0000][24612][safepoint    ] Safepoint "Cleanup", Time since last: 2000130500 ns, Reaching safepoint: 188100 ns, At safepoint: 10700 ns, Total: 198800 ns
[2021-03-18T10:11:10.801+0000][24612][safepoint    ] Safepoint "Cleanup", Time since last: 1000577000 ns, Reaching safepoint: 83600 ns, At safepoint: 4700 ns, Total: 88300 ns
[2021-03-18T10:11:11.801+0000][24612][safepoint    ] Safepoint "Cleanup", Time since last: 1000088600 ns, Reaching safepoint: 131200 ns, At safepoint: 75500 ns, Total: 206700 ns
[2021-03-18T10:11:13.801+0000][24612][safepoint    ] Safepoint "Cleanup", Time since last: 2000139700 ns, Reaching safepoint: 503200 ns, At safepoint: 26600 ns, Total: 529800 ns
[2021-03-18T10:11:14.803+0000][24612][safepoint    ] Safepoint "Cleanup", Time since last: 1000502300 ns, Reaching safepoint: 158800 ns, At safepoint: 4400 ns, Total: 163200 ns
[2021-03-18T10:11:15.803+0000][24612][safepoint    ] Safepoint "Cleanup", Time since last: 1000387500 ns, Reaching safepoint: 121800 ns, At safepoint: 5500 ns, Total: 127300 ns
[2021-03-18T10:11:17.804+0000][24612][safepoint    ] Safepoint "Cleanup", Time since last: 2000352900 ns, Reaching safepoint: 152100 ns, At safepoint: 4500 ns, Total: 156600 ns
[2021-03-18T10:11:18.804+0000][24612][safepoint    ] Safepoint "Cleanup", Time since last: 1000361800 ns, Reaching safepoint: 387500 ns, At safepoint: 24400 ns, Total: 411900 ns
[2021-03-18T10:11:19.805+0000][24612][safepoint    ] Safepoint "Cleanup", Time since last: 1000293100 ns, Reaching safepoint: 167100 ns, At safepoint: 6300 ns, Total: 173400 ns
[2021-03-18T10:11:20.805+0000][24612][safepoint    ] Safepoint "Cleanup", Time since last: 1000041900 ns, Reaching safepoint: 101900 ns, At safepoint: 4300 ns, Total: 106200 ns
[2021-03-18T10:11:21.805+0000][24612][safepoint    ] Safepoint "Cleanup", Time since last: 1000270400 ns, Reaching safepoint: 163500 ns, At safepoint: 4500 ns, Total: 168000 ns
[2021-03-18T10:11:22.806+0000][24612][safepoint    ] Safepoint "Cleanup", Time since last: 1000339200 ns, Reaching safepoint: 257300 ns, At safepoint: 12700 ns, Total: 270000 ns
[2021-03-18T10:11:24.806+0000][24612][safepoint    ] Safepoint "Cleanup", Time since last: 2000367900 ns, Reaching safepoint: 482100 ns, At safepoint: 32000 ns, Total: 514100 ns
[2021-03-18T10:11:25.808+0000][24612][safepoint    ] Safepoint "Cleanup", Time since last: 1000743300 ns, Reaching safepoint: 293000 ns, At safepoint: 26600 ns, Total: 319600 ns
[2021-03-18T10:11:26.809+0000][24612][safepoint    ] Safepoint "Cleanup", Time since last: 1000576600 ns, Reaching safepoint: 234700 ns, At safepoint: 19300 ns, Total: 254000 ns
[2021-03-18T10:11:28.030+0000][24612][safepoint    ] Safepoint "Cleanup", Time since last: 1221159600 ns, Reaching safepoint: 255100 ns, At safepoint: 14700 ns, Total: 269800 ns
[2021-03-18T10:11:29.031+0000][24612][safepoint    ] Safepoint "Cleanup", Time since last: 1000594000 ns, Reaching safepoint: 464300 ns, At safepoint: 27500 ns, Total: 491800 ns
[2021-03-18T10:11:30.032+0000][24612][safepoint    ] Safepoint "Cleanup", Time since last: 1000567800 ns, Reaching safepoint: 181000 ns, At safepoint: 40600 ns, Total: 221600 ns
[2021-03-18T10:11:31.032+0000][24612][safepoint    ] Safepoint "Cleanup", Time since last: 1000132500 ns, Reaching safepoint: 132900 ns, At safepoint: 50800 ns, Total: 183700 ns
[2021-03-18T10:11:32.033+0000][24612][safepoint    ] Safepoint "Cleanup", Time since last: 1000553400 ns, Reaching safepoint: 367300 ns, At safepoint: 14400 ns, Total: 381700 ns
[2021-03-18T10:11:34.034+0000][24612][safepoint    ] Safepoint "Cleanup", Time since last: 2000591100 ns, Reaching safepoint: 375400 ns, At safepoint: 12000 ns, Total: 387400 ns
[2021-03-18T10:11:36.035+0000][24612][safepoint    ] Safepoint "Cleanup", Time since last: 2000488400 ns, Reaching safepoint: 372100 ns, At safepoint: 12900 ns, Total: 385000 ns
[2021-03-18T10:11:38.035+0000][24612][safepoint    ] Safepoint "Cleanup", Time since last: 1999884400 ns, Reaching safepoint: 256500 ns, At safepoint: 59400 ns, Total: 315900 ns
[2021-03-18T10:11:39.036+0000][24612][safepoint    ] Safepoint "Cleanup", Time since last: 1000980800 ns, Reaching safepoint: 413200 ns, At safepoint: 139000 ns, Total: 552200 ns
[2021-03-18T10:11:41.038+0000][24612][safepoint    ] Safepoint "Cleanup", Time since last: 2000620900 ns, Reaching safepoint: 111500 ns, At safepoint: 5400 ns, Total: 116900 ns
[2021-03-18T10:11:42.038+0000][24612][safepoint    ] Safepoint "Cleanup", Time since last: 1000565700 ns, Reaching safepoint: 157700 ns, At safepoint: 37100 ns, Total: 194800 ns
[2021-03-18T10:11:43.039+0000][24612][safepoint    ] Safepoint "Cleanup", Time since last: 1000626100 ns, Reaching safepoint: 355200 ns, At safepoint: 13200 ns, Total: 368400 ns
[2021-03-18T10:11:44.040+0000][24612][safepoint    ] Safepoint "Cleanup", Time since last: 1000302900 ns, Reaching safepoint: 154000 ns, At safepoint: 7700 ns, Total: 161700 ns
[2021-03-18T10:11:46.040+0000][24612][safepoint    ] Safepoint "Cleanup", Time since last: 2000285400 ns, Reaching safepoint: 297000 ns, At safepoint: 18500 ns, Total: 315500 ns
[2021-03-18T10:11:47.041+0000][24612][safepoint    ] Safepoint "Cleanup", Time since last: 1000373800 ns, Reaching safepoint: 178700 ns, At safepoint: 61400 ns, Total: 240100 ns
[2021-03-18T10:11:48.041+0000][24612][safepoint    ] Safepoint "Cleanup", Time since last: 1000114900 ns, Reaching safepoint: 145200 ns, At safepoint: 5300 ns, Total: 150500 ns
[2021-03-18T10:11:49.042+0000][24612][safepoint    ] Safepoint "Cleanup", Time since last: 1000329300 ns, Reaching safepoint: 294600 ns, At safepoint: 20200 ns, Total: 314800 ns
[2021-03-18T10:11:51.043+0000][24612][safepoint    ] Safepoint "Cleanup", Time since last: 2000633700 ns, Reaching safepoint: 134400 ns, At safepoint: 64600 ns, Total: 199000 ns
[2021-03-18T10:11:52.044+0000][24612][safepoint    ] Safepoint "Cleanup", Time since last: 1000847600 ns, Reaching safepoint: 172200 ns, At safepoint: 6200 ns, Total: 178400 ns
[2021-03-18T10:11:53.044+0000][24612][safepoint    ] Safepoint "Cleanup", Time since last: 1000532800 ns, Reaching safepoint: 117600 ns, At safepoint: 55400 ns, Total: 173000 ns
[2021-03-18T10:11:54.045+0000][24612][safepoint    ] Safepoint "Cleanup", Time since last: 1000718800 ns, Reaching safepoint: 133300 ns, At safepoint: 4500 ns, Total: 137800 ns
[2021-03-18T10:11:55.046+0000][24612][safepoint    ] Safepoint "Cleanup", Time since last: 1000473800 ns, Reaching safepoint: 103400 ns, At safepoint: 58400 ns, Total: 161800 ns
[2021-03-18T10:11:56.046+0000][24612][safepoint    ] Safepoint "Cleanup", Time since last: 1000109700 ns, Reaching safepoint: 140300 ns, At safepoint: 9400 ns, Total: 149700 ns
[2021-03-18T10:11:57.046+0000][24612][safepoint    ] Safepoint "Cleanup", Time since last: 1000071500 ns, Reaching safepoint: 84000 ns, At safepoint: 2900 ns, Total: 86900 ns
[2021-03-18T10:11:58.047+0000][24612][safepoint    ] Safepoint "Cleanup", Time since last: 1000525800 ns, Reaching safepoint: 378700 ns, At safepoint: 130700 ns, Total: 509400 ns
[2021-03-18T10:11:59.048+0000][24612][safepoint    ] Safepoint "Cleanup", Time since last: 1000819900 ns, Reaching safepoint: 128600 ns, At safepoint: 7100 ns, Total: 135700 ns
[2021-03-18T10:12:00.049+0000][24612][safepoint    ] Safepoint "Cleanup", Time since last: 1000785700 ns, Reaching safepoint: 111600 ns, At safepoint: 5400 ns, Total: 117000 ns
[2021-03-18T10:12:01.050+0000][24612][safepoint    ] Safepoint "Cleanup", Time since last: 1000766200 ns, Reaching safepoint: 116400 ns, At safepoint: 5800 ns, Total: 122200 ns
[2021-03-18T10:12:02.050+0000][24612][safepoint    ] Safepoint "Cleanup", Time since last: 1000257900 ns, Reaching safepoint: 98700 ns, At safepoint: 6600 ns, Total: 105300 ns
[2021-03-18T10:12:03.051+0000][24612][safepoint    ] Safepoint "Cleanup", Time since last: 1000866900 ns, Reaching safepoint: 215600 ns, At safepoint: 17400 ns, Total: 233000 ns
[2021-03-18T10:12:04.052+0000][24612][safepoint    ] Safepoint "Cleanup", Time since last: 1000116300 ns, Reaching safepoint: 137700 ns, At safepoint: 5200 ns, Total: 142900 ns
[2021-03-18T10:12:06.052+0000][24612][safepoint    ] Safepoint "Cleanup", Time since last: 2000296100 ns, Reaching safepoint: 113300 ns, At safepoint: 60900 ns, Total: 174200 ns
[2021-03-18T10:12:07.052+0000][24612][safepoint    ] Safepoint "Cleanup", Time since last: 1000098800 ns, Reaching safepoint: 88100 ns, At safepoint: 3700 ns, Total: 91800 ns
[2021-03-18T10:12:08.318+0000][24612][safepoint    ] Safepoint "Cleanup", Time since last: 1265081700 ns, Reaching safepoint: 278500 ns, At safepoint: 16700 ns, Total: 295200 ns
[2021-03-18T10:12:10.319+0000][24612][safepoint    ] Safepoint "Cleanup", Time since last: 2000800200 ns, Reaching safepoint: 255900 ns, At safepoint: 17700 ns, Total: 273600 ns
[2021-03-18T10:12:11.319+0000][24612][safepoint    ] Safepoint "Cleanup", Time since last: 1000528200 ns, Reaching safepoint: 454900 ns, At safepoint: 31100 ns, Total: 486000 ns
[2021-03-18T10:12:12.322+0000][24612][safepoint    ] Safepoint "Cleanup", Time since last: 1001545200 ns, Reaching safepoint: 363400 ns, At safepoint: 18300 ns, Total: 381700 ns
[2021-03-18T10:12:14.322+0000][24612][safepoint    ] Safepoint "Cleanup", Time since last: 2000129000 ns, Reaching safepoint: 379800 ns, At safepoint: 24500 ns, Total: 404300 ns
[2021-03-18T10:12:16.323+0000][24612][safepoint    ] Safepoint "Cleanup", Time since last: 2000067400 ns, Reaching safepoint: 305800 ns, At safepoint: 18900 ns, Total: 324700 ns
[2021-03-18T10:12:17.323+0000][24612][safepoint    ] Safepoint "Cleanup", Time since last: 1000144100 ns, Reaching safepoint: 377300 ns, At safepoint: 20800 ns, Total: 398100 ns
[2021-03-18T10:12:18.324+0000][24612][safepoint    ] Safepoint "Cleanup", Time since last: 1000534000 ns, Reaching safepoint: 419400 ns, At safepoint: 27300 ns, Total: 446700 ns
[2021-03-18T10:12:20.324+0000][24612][safepoint    ] Safepoint "Cleanup", Time since last: 1999876800 ns, Reaching safepoint: 193400 ns, At safepoint: 9600 ns, Total: 203000 ns
[2021-03-18T10:12:21.325+0000][24612][safepoint    ] Safepoint "Cleanup", Time since last: 1000737300 ns, Reaching safepoint: 364900 ns, At safepoint: 22000 ns, Total: 386900 ns
[2021-03-18T10:12:23.325+0000][24612][safepoint    ] Safepoint "Cleanup", Time since last: 1999743400 ns, Reaching safepoint: 207500 ns, At safepoint: 10300 ns, Total: 217800 ns
[2021-03-18T10:12:24.326+0000][24612][safepoint    ] Safepoint "Cleanup", Time since last: 1000106300 ns, Reaching safepoint: 391800 ns, At safepoint: 27400 ns, Total: 419200 ns
[2021-03-18T10:12:26.326+0000][24612][safepoint    ] Safepoint "Cleanup", Time since last: 1999852100 ns, Reaching safepoint: 153300 ns, At safepoint: 6500 ns, Total: 159800 ns
[2021-03-18T10:12:27.326+0000][24612][safepoint    ] Safepoint "Cleanup", Time since last: 1000460500 ns, Reaching safepoint: 211800 ns, At safepoint: 6900 ns, Total: 218700 ns
[2021-03-18T10:12:28.327+0000][24612][safepoint    ] Safepoint "Cleanup", Time since last: 1000181800 ns, Reaching safepoint: 194200 ns, At safepoint: 12900 ns, Total: 207100 ns
[2021-03-18T10:12:29.327+0000][24612][safepoint    ] Safepoint "Cleanup", Time since last: 1000206200 ns, Reaching safepoint: 361800 ns, At safepoint: 24600 ns, Total: 386400 ns
[2021-03-18T10:12:31.328+0000][24612][safepoint    ] Safepoint "Cleanup", Time since last: 2000601100 ns, Reaching safepoint: 146800 ns, At safepoint: 5800 ns, Total: 152600 ns
[2021-03-18T10:12:32.329+0000][24612][safepoint    ] Safepoint "Cleanup", Time since last: 1000147100 ns, Reaching safepoint: 95200 ns, At safepoint: 2500 ns, Total: 97700 ns
[2021-03-18T10:12:33.329+0000][24612][safepoint    ] Safepoint "Cleanup", Time since last: 1000119900 ns, Reaching safepoint: 391100 ns, At safepoint: 21000 ns, Total: 412100 ns
[2021-03-18T10:12:34.330+0000][24612][safepoint    ] Safepoint "Cleanup", Time since last: 1000799300 ns, Reaching safepoint: 396800 ns, At safepoint: 23400 ns, Total: 420200 ns
[2021-03-18T10:12:36.330+0000][24612][safepoint    ] Safepoint "Cleanup", Time since last: 1999714500 ns, Reaching safepoint: 156300 ns, At safepoint: 9900 ns, Total: 166200 ns
[2021-03-18T10:12:37.331+0000][24612][safepoint    ] Safepoint "Cleanup", Time since last: 1000354300 ns, Reaching safepoint: 404300 ns, At safepoint: 26900 ns, Total: 431200 ns
[2021-03-18T10:12:38.355+0000][24612][safepoint    ] Safepoint "Cleanup", Time since last: 1024151200 ns, Reaching safepoint: 354800 ns, At safepoint: 17200 ns, Total: 372000 ns
[2021-03-18T10:12:40.356+0000][24612][safepoint    ] Safepoint "Cleanup", Time since last: 2000464800 ns, Reaching safepoint: 207800 ns, At safepoint: 79300 ns, Total: 287100 ns
[2021-03-18T10:12:42.357+0000][24612][safepoint    ] Safepoint "Cleanup", Time since last: 2000637400 ns, Reaching safepoint: 408600 ns, At safepoint: 23600 ns, Total: 432200 ns
[2021-03-18T10:12:43.358+0000][24612][safepoint    ] Safepoint "Cleanup", Time since last: 1000224100 ns, Reaching safepoint: 486900 ns, At safepoint: 131000 ns, Total: 617900 ns
[2021-03-18T10:12:44.358+0000][24612][safepoint    ] Safepoint "Cleanup", Time since last: 1000072700 ns, Reaching safepoint: 228500 ns, At safepoint: 8000 ns, Total: 236500 ns
[2021-03-18T10:12:46.360+0000][24612][safepoint    ] Safepoint "Cleanup", Time since last: 2001046300 ns, Reaching safepoint: 141700 ns, At safepoint: 23200 ns, Total: 164900 ns
[2021-03-18T10:12:47.360+0000][24612][safepoint    ] Safepoint "Cleanup", Time since last: 1000272600 ns, Reaching safepoint: 91400 ns, At safepoint: 3500 ns, Total: 94900 ns
[2021-03-18T10:12:48.360+0000][24612][safepoint    ] Safepoint "Cleanup", Time since last: 1000153400 ns, Reaching safepoint: 166100 ns, At safepoint: 6400 ns, Total: 172500 ns
[2021-03-18T10:12:49.361+0000][24612][safepoint    ] Safepoint "Cleanup", Time since last: 1000588000 ns, Reaching safepoint: 251700 ns, At safepoint: 14700 ns, Total: 266400 ns
[2021-03-18T10:12:50.362+0000][24612][safepoint    ] Safepoint "Cleanup", Time since last: 1000348900 ns, Reaching safepoint: 233200 ns, At safepoint: 14200 ns, Total: 247400 ns
[2021-03-18T10:12:51.363+0000][24612][safepoint    ] Safepoint "Cleanup", Time since last: 1000655300 ns, Reaching safepoint: 383900 ns, At safepoint: 15500 ns, Total: 399400 ns
[2021-03-18T10:12:52.363+0000][24612][safepoint    ] Safepoint "Cleanup", Time since last: 1000037900 ns, Reaching safepoint: 429800 ns, At safepoint: 23200 ns, Total: 453000 ns
[2021-03-18T10:12:54.364+0000][24612][safepoint    ] Safepoint "Cleanup", Time since last: 2000254400 ns, Reaching safepoint: 180500 ns, At safepoint: 6000 ns, Total: 186500 ns
[2021-03-18T10:12:56.364+0000][24612][safepoint    ] Safepoint "Cleanup", Time since last: 2000123600 ns, Reaching safepoint: 422600 ns, At safepoint: 24400 ns, Total: 447000 ns
[2021-03-18T10:12:58.365+0000][24612][safepoint    ] Safepoint "Cleanup", Time since last: 2000334600 ns, Reaching safepoint: 246000 ns, At safepoint: 9700 ns, Total: 255700 ns
[2021-03-18T10:13:00.365+0000][24612][safepoint    ] Safepoint "Cleanup", Time since last: 2000115400 ns, Reaching safepoint: 234000 ns, At safepoint: 13000 ns, Total: 247000 ns
[2021-03-18T10:13:02.366+0000][24612][safepoint    ] Safepoint "Cleanup", Time since last: 2000670000 ns, Reaching safepoint: 399900 ns, At safepoint: 33300 ns, Total: 433200 ns
[2021-03-18T10:13:03.367+0000][24612][safepoint    ] Safepoint "Cleanup", Time since last: 1000298700 ns, Reaching safepoint: 113200 ns, At safepoint: 8500 ns, Total: 121700 ns
[2021-03-18T10:13:04.367+0000][24612][safepoint    ] Safepoint "Cleanup", Time since last: 1000145000 ns, Reaching safepoint: 126500 ns, At safepoint: 7400 ns, Total: 133900 ns
[2021-03-18T10:13:05.368+0000][24612][safepoint    ] Safepoint "Cleanup", Time since last: 1000780300 ns, Reaching safepoint: 110700 ns, At safepoint: 6300 ns, Total: 117000 ns
[2021-03-18T10:13:06.368+0000][24612][safepoint    ] Safepoint "Cleanup", Time since last: 1000107100 ns, Reaching safepoint: 172800 ns, At safepoint: 4400 ns, Total: 177200 ns
[2021-03-18T10:13:07.369+0000][24612][safepoint    ] Safepoint "Cleanup", Time since last: 1000520700 ns, Reaching safepoint: 90800 ns, At safepoint: 3000 ns, Total: 93800 ns
[2021-03-18T10:13:08.369+0000][24612][safepoint    ] Safepoint "Cleanup", Time since last: 1000350000 ns, Reaching safepoint: 291100 ns, At safepoint: 19400 ns, Total: 310500 ns
[2021-03-18T10:13:09.370+0000][24612][safepoint    ] Safepoint "Cleanup", Time since last: 1000097000 ns, Reaching safepoint: 150400 ns, At safepoint: 5200 ns, Total: 155600 ns
[2021-03-18T10:13:10.370+0000][24612][safepoint    ] Safepoint "Cleanup", Time since last: 1000125900 ns, Reaching safepoint: 192400 ns, At safepoint: 11700 ns, Total: 204100 ns
[2021-03-18T10:13:11.371+0000][24612][safepoint    ] Safepoint "Cleanup", Time since last: 1000483900 ns, Reaching safepoint: 207100 ns, At safepoint: 13600 ns, Total: 220700 ns
[2021-03-18T10:13:12.371+0000][24612][safepoint    ] Safepoint "Cleanup", Time since last: 1000646700 ns, Reaching safepoint: 365800 ns, At safepoint: 29300 ns, Total: 395100 ns
[2021-03-18T10:13:14.373+0000][24612][safepoint    ] Safepoint "Cleanup", Time since last: 2000922200 ns, Reaching safepoint: 166900 ns, At safepoint: 5400 ns, Total: 172300 ns
[2021-03-18T10:13:15.374+0000][24612][safepoint    ] Safepoint "Cleanup", Time since last: 1000692100 ns, Reaching safepoint: 138400 ns, At safepoint: 5800 ns, Total: 144200 ns
[2021-03-18T10:13:16.375+0000][24612][safepoint    ] Safepoint "Cleanup", Time since last: 1000901000 ns, Reaching safepoint: 247000 ns, At safepoint: 17100 ns, Total: 264100 ns
[2021-03-18T10:13:17.375+0000][24612][safepoint    ] Safepoint "Cleanup", Time since last: 1000270800 ns, Reaching safepoint: 151800 ns, At safepoint: 5400 ns, Total: 157200 ns
[2021-03-18T10:13:18.376+0000][24612][safepoint    ] Safepoint "Cleanup", Time since last: 1000198600 ns, Reaching safepoint: 149600 ns, At safepoint: 6900 ns, Total: 156500 ns
[2021-03-18T10:13:19.377+0000][24612][safepoint    ] Safepoint "Cleanup", Time since last: 1000796400 ns, Reaching safepoint: 142600 ns, At safepoint: 3200 ns, Total: 145800 ns
[2021-03-18T10:13:20.377+0000][24612][safepoint    ] Safepoint "Cleanup", Time since last: 1000120100 ns, Reaching safepoint: 121100 ns, At safepoint: 7100 ns, Total: 128200 ns
[2021-03-18T10:13:21.377+0000][24612][safepoint    ] Safepoint "Cleanup", Time since last: 1000576800 ns, Reaching safepoint: 164900 ns, At safepoint: 9600 ns, Total: 174500 ns
[2021-03-18T10:13:22.378+0000][24612][safepoint    ] Safepoint "Cleanup", Time since last: 1000316400 ns, Reaching safepoint: 133500 ns, At safepoint: 14900 ns, Total: 148400 ns
[2021-03-18T10:13:23.378+0000][24612][safepoint    ] Safepoint "Cleanup", Time since last: 1000165000 ns, Reaching safepoint: 104800 ns, At safepoint: 3300 ns, Total: 108100 ns
[2021-03-18T10:13:24.378+0000][24612][safepoint    ] Safepoint "Cleanup", Time since last: 1000024900 ns, Reaching safepoint: 167400 ns, At safepoint: 5100 ns, Total: 172500 ns
[2021-03-18T10:13:25.378+0000][24612][safepoint    ] Safepoint "Cleanup", Time since last: 1000010400 ns, Reaching safepoint: 153300 ns, At safepoint: 4100 ns, Total: 157400 ns
[2021-03-18T10:13:26.379+0000][24612][safepoint    ] Safepoint "Cleanup", Time since last: 1000065700 ns, Reaching safepoint: 144500 ns, At safepoint: 8900 ns, Total: 153400 ns
[2021-03-18T10:13:28.031+0000][24612][safepoint    ] Safepoint "Cleanup", Time since last: 1652547900 ns, Reaching safepoint: 147000 ns, At safepoint: 67000 ns, Total: 214000 ns
[2021-03-18T10:13:29.032+0000][24612][safepoint    ] Safepoint "Cleanup", Time since last: 1000230500 ns, Reaching safepoint: 107900 ns, At safepoint: 2100 ns, Total: 110000 ns
[2021-03-18T10:13:30.032+0000][24612][safepoint    ] Safepoint "Cleanup", Time since last: 1000435700 ns, Reaching safepoint: 268500 ns, At safepoint: 15000 ns, Total: 283500 ns
[2021-03-18T10:13:31.033+0000][24612][safepoint    ] Safepoint "Cleanup", Time since last: 1000393600 ns, Reaching safepoint: 119000 ns, At safepoint: 65700 ns, Total: 184700 ns
[2021-03-18T10:13:33.034+0000][24612][safepoint    ] Safepoint "Cleanup", Time since last: 2000594900 ns, Reaching safepoint: 172500 ns, At safepoint: 58000 ns, Total: 230500 ns
[2021-03-18T10:13:34.034+0000][24612][safepoint    ] Safepoint "Cleanup", Time since last: 1000034900 ns, Reaching safepoint: 362700 ns, At safepoint: 32100 ns, Total: 394800 ns
[2021-03-18T10:13:36.035+0000][24612][safepoint    ] Safepoint "Cleanup", Time since last: 2000621400 ns, Reaching safepoint: 371200 ns, At safepoint: 18500 ns, Total: 389700 ns
[2021-03-18T10:13:37.036+0000][24612][safepoint    ] Safepoint "Cleanup", Time since last: 1000518700 ns, Reaching safepoint: 191600 ns, At safepoint: 77200 ns, Total: 268800 ns
[2021-03-18T10:13:38.036+0000][24612][safepoint    ] Safepoint "Cleanup", Time since last: 1000168800 ns, Reaching safepoint: 231500 ns, At safepoint: 8600 ns, Total: 240100 ns
[2021-03-18T10:13:39.036+0000][24612][safepoint    ] Safepoint "Cleanup", Time since last: 1000101700 ns, Reaching safepoint: 133100 ns, At safepoint: 68100 ns, Total: 201200 ns
[2021-03-18T10:13:40.037+0000][24612][safepoint    ] Safepoint "Cleanup", Time since last: 1000083600 ns, Reaching safepoint: 151000 ns, At safepoint: 5500 ns, Total: 156500 ns
[2021-03-18T10:13:41.037+0000][24612][safepoint    ] Safepoint "Cleanup", Time since last: 1000279200 ns, Reaching safepoint: 195100 ns, At safepoint: 88400 ns, Total: 283500 ns
[2021-03-18T10:13:42.037+0000][24612][safepoint    ] Safepoint "Cleanup", Time since last: 1000121300 ns, Reaching safepoint: 152400 ns, At safepoint: 5700 ns, Total: 158100 ns
[2021-03-18T10:13:43.038+0000][24612][safepoint    ] Safepoint "Cleanup", Time since last: 1000239000 ns, Reaching safepoint: 136100 ns, At safepoint: 51800 ns, Total: 187900 ns
[2021-03-18T10:13:44.038+0000][24612][safepoint    ] Safepoint "Cleanup", Time since last: 1000447000 ns, Reaching safepoint: 346500 ns, At safepoint: 14300 ns, Total: 360800 ns
[2021-03-18T10:13:45.039+0000][24612][safepoint    ] Safepoint "Cleanup", Time since last: 1000219400 ns, Reaching safepoint: 399700 ns, At safepoint: 73000 ns, Total: 472700 ns
[2021-03-18T10:13:47.039+0000][24612][safepoint    ] Safepoint "Cleanup", Time since last: 1999950200 ns, Reaching safepoint: 343700 ns, At safepoint: 35500 ns, Total: 379200 ns
[2021-03-18T10:13:48.039+0000][24612][safepoint    ] Safepoint "Cleanup", Time since last: 1000084800 ns, Reaching safepoint: 510100 ns, At safepoint: 163000 ns, Total: 673100 ns
[2021-03-18T10:13:49.041+0000][24612][safepoint    ] Safepoint "Cleanup", Time since last: 1001359700 ns, Reaching safepoint: 353300 ns, At safepoint: 22700 ns, Total: 376000 ns
[2021-03-18T10:13:50.043+0000][24612][safepoint    ] Safepoint "Cleanup", Time since last: 1000888300 ns, Reaching safepoint: 505500 ns, At safepoint: 30100 ns, Total: 535600 ns
[2021-03-18T10:13:51.044+0000][24612][safepoint    ] Safepoint "Cleanup", Time since last: 1000674700 ns, Reaching safepoint: 236900 ns, At safepoint: 18600 ns, Total: 255500 ns
[2021-03-18T10:13:52.045+0000][24612][safepoint    ] Safepoint "Cleanup", Time since last: 1000716500 ns, Reaching safepoint: 148200 ns, At safepoint: 5800 ns, Total: 154000 ns
[2021-03-18T10:13:53.045+0000][24612][safepoint    ] Safepoint "Cleanup", Time since last: 1000252600 ns, Reaching safepoint: 392700 ns, At safepoint: 26600 ns, Total: 419300 ns
[2021-03-18T10:13:54.047+0000][24612][safepoint    ] Safepoint "Cleanup", Time since last: 1001047500 ns, Reaching safepoint: 339800 ns, At safepoint: 18300 ns, Total: 358100 ns
[2021-03-18T10:13:55.047+0000][24612][safepoint    ] Safepoint "Cleanup", Time since last: 1000357300 ns, Reaching safepoint: 166500 ns, At safepoint: 10400 ns, Total: 176900 ns
[2021-03-18T10:13:56.048+0000][24612][safepoint    ] Safepoint "Cleanup", Time since last: 1000017200 ns, Reaching safepoint: 107600 ns, At safepoint: 2000 ns, Total: 109600 ns
[2021-03-18T10:13:57.048+0000][24612][safepoint    ] Safepoint "Cleanup", Time since last: 1000731700 ns, Reaching safepoint: 137600 ns, At safepoint: 6500 ns, Total: 144100 ns
[2021-03-18T10:13:58.049+0000][24612][safepoint    ] Safepoint "Cleanup", Time since last: 1000253800 ns, Reaching safepoint: 236600 ns, At safepoint: 14900 ns, Total: 251500 ns
[2021-03-18T10:13:59.049+0000][24612][safepoint    ] Safepoint "Cleanup", Time since last: 1000172900 ns, Reaching safepoint: 377200 ns, At safepoint: 17400 ns, Total: 394600 ns
[2021-03-18T10:14:00.050+0000][24612][safepoint    ] Safepoint "Cleanup", Time since last: 1000372800 ns, Reaching safepoint: 120100 ns, At safepoint: 5200 ns, Total: 125300 ns
[2021-03-18T10:14:01.050+0000][24612][safepoint    ] Safepoint "Cleanup", Time since last: 1000244500 ns, Reaching safepoint: 242000 ns, At safepoint: 12600 ns, Total: 254600 ns
[2021-03-18T10:14:02.051+0000][24612][safepoint    ] Safepoint "Cleanup", Time since last: 1000777000 ns, Reaching safepoint: 165000 ns, At safepoint: 16500 ns, Total: 181500 ns
[2021-03-18T10:14:03.052+0000][24612][safepoint    ] Safepoint "Cleanup", Time since last: 1000229200 ns, Reaching safepoint: 164000 ns, At safepoint: 5000 ns, Total: 169000 ns
[2021-03-18T10:14:05.052+0000][24612][safepoint    ] Safepoint "Cleanup", Time since last: 2000590200 ns, Reaching safepoint: 162300 ns, At safepoint: 11700 ns, Total: 174000 ns
[2021-03-18T10:14:06.053+0000][24612][safepoint    ] Safepoint "Cleanup", Time since last: 1000443100 ns, Reaching safepoint: 167000 ns, At safepoint: 6100 ns, Total: 173100 ns
[2021-03-18T10:14:07.054+0000][24612][safepoint    ] Safepoint "Cleanup", Time since last: 1000890500 ns, Reaching safepoint: 161900 ns, At safepoint: 3500 ns, Total: 165400 ns
[2021-03-18T10:14:08.054+0000][24612][safepoint    ] Safepoint "Cleanup", Time since last: 1000121300 ns, Reaching safepoint: 160100 ns, At safepoint: 4100 ns, Total: 164200 ns
[2021-03-18T10:14:09.055+0000][24612][safepoint    ] Safepoint "Cleanup", Time since last: 1000459500 ns, Reaching safepoint: 96800 ns, At safepoint: 7100 ns, Total: 103900 ns
[2021-03-18T10:14:10.362+0000][24612][safepoint    ] Safepoint "Cleanup", Time since last: 1307504700 ns, Reaching safepoint: 487600 ns, At safepoint: 32600 ns, Total: 520200 ns
[2021-03-18T10:14:12.363+0000][24612][safepoint    ] Safepoint "Cleanup", Time since last: 2000530100 ns, Reaching safepoint: 137900 ns, At safepoint: 6400 ns, Total: 144300 ns
[2021-03-18T10:14:13.363+0000][24612][safepoint    ] Safepoint "Cleanup", Time since last: 1000008800 ns, Reaching safepoint: 87400 ns, At safepoint: 2300 ns, Total: 89700 ns
[2021-03-18T10:14:14.364+0000][24612][safepoint    ] Safepoint "Cleanup", Time since last: 1000663100 ns, Reaching safepoint: 470800 ns, At safepoint: 27900 ns, Total: 498700 ns
[2021-03-18T10:14:15.365+0000][24612][safepoint    ] Safepoint "Cleanup", Time since last: 1000649700 ns, Reaching safepoint: 384900 ns, At safepoint: 14500 ns, Total: 399400 ns
[2021-03-18T10:14:16.366+0000][24612][safepoint    ] Safepoint "Cleanup", Time since last: 1000583200 ns, Reaching safepoint: 225500 ns, At safepoint: 12300 ns, Total: 237800 ns
[2021-03-18T10:14:17.367+0000][24612][safepoint    ] Safepoint "Cleanup", Time since last: 1000552100 ns, Reaching safepoint: 429300 ns, At safepoint: 55300 ns, Total: 484600 ns
[2021-03-18T10:14:19.368+0000][24612][safepoint    ] Safepoint "Cleanup", Time since last: 2000659200 ns, Reaching safepoint: 377500 ns, At safepoint: 24400 ns, Total: 401900 ns
[2021-03-18T10:14:20.369+0000][24612][safepoint    ] Safepoint "Cleanup", Time since last: 1000592100 ns, Reaching safepoint: 357100 ns, At safepoint: 18500 ns, Total: 375600 ns
[2021-03-18T10:14:21.371+0000][24612][safepoint    ] Safepoint "Cleanup", Time since last: 1001445800 ns, Reaching safepoint: 423100 ns, At safepoint: 25900 ns, Total: 449000 ns
[2021-03-18T10:14:22.372+0000][24612][safepoint    ] Safepoint "Cleanup", Time since last: 1000548500 ns, Reaching safepoint: 350600 ns, At safepoint: 20800 ns, Total: 371400 ns
[2021-03-18T10:14:23.372+0000][24612][safepoint    ] Safepoint "Cleanup", Time since last: 1000059900 ns, Reaching safepoint: 128300 ns, At safepoint: 8800 ns, Total: 137100 ns
[2021-03-18T10:14:25.373+0000][24612][safepoint    ] Safepoint "Cleanup", Time since last: 2000536600 ns, Reaching safepoint: 180600 ns, At safepoint: 7100 ns, Total: 187700 ns
[2021-03-18T10:14:27.373+0000][24612][safepoint    ] Safepoint "Cleanup", Time since last: 2000139600 ns, Reaching safepoint: 372400 ns, At safepoint: 17300 ns, Total: 389700 ns
[2021-03-18T10:14:28.374+0000][24612][safepoint    ] Safepoint "Cleanup", Time since last: 1000760400 ns, Reaching safepoint: 149900 ns, At safepoint: 5400 ns, Total: 155300 ns
[2021-03-18T10:14:29.374+0000][24612][safepoint    ] Safepoint "Cleanup", Time since last: 1000164500 ns, Reaching safepoint: 107200 ns, At safepoint: 8300 ns, Total: 115500 ns
[2021-03-18T10:14:30.375+0000][24612][safepoint    ] Safepoint "Cleanup", Time since last: 1000777900 ns, Reaching safepoint: 357400 ns, At safepoint: 33600 ns, Total: 391000 ns
[2021-03-18T10:14:32.376+0000][24612][safepoint    ] Safepoint "Cleanup", Time since last: 2000464800 ns, Reaching safepoint: 131600 ns, At safepoint: 4300 ns, Total: 135900 ns
[2021-03-18T10:14:33.376+0000][24612][safepoint    ] Safepoint "Cleanup", Time since last: 1000336000 ns, Reaching safepoint: 193000 ns, At safepoint: 8800 ns, Total: 201800 ns
[2021-03-18T10:14:34.378+0000][24612][safepoint    ] Safepoint "Cleanup", Time since last: 1001118100 ns, Reaching safepoint: 460200 ns, At safepoint: 29700 ns, Total: 489900 ns
[2021-03-18T10:14:35.379+0000][24612][safepoint    ] Safepoint "Cleanup", Time since last: 1001200400 ns, Reaching safepoint: 400100 ns, At safepoint: 25300 ns, Total: 425400 ns
[2021-03-18T10:14:36.380+0000][24612][safepoint    ] Safepoint "Cleanup", Time since last: 1000394500 ns, Reaching safepoint: 347700 ns, At safepoint: 14800 ns, Total: 362500 ns
[2021-03-18T10:14:38.381+0000][24612][safepoint    ] Safepoint "Cleanup", Time since last: 2000823800 ns, Reaching safepoint: 164400 ns, At safepoint: 3900 ns, Total: 168300 ns
[2021-03-18T10:14:39.382+0000][24612][safepoint    ] Safepoint "Cleanup", Time since last: 1000505400 ns, Reaching safepoint: 435400 ns, At safepoint: 25800 ns, Total: 461200 ns
[2021-03-18T10:14:40.383+0000][24612][safepoint    ] Safepoint "Cleanup", Time since last: 1000615800 ns, Reaching safepoint: 172600 ns, At safepoint: 7700 ns, Total: 180300 ns
[2021-03-18T10:14:41.383+0000][24612][safepoint    ] Safepoint "Cleanup", Time since last: 1000455600 ns, Reaching safepoint: 382800 ns, At safepoint: 28700 ns, Total: 411500 ns
[2021-03-18T10:14:42.385+0000][24612][safepoint    ] Safepoint "Cleanup", Time since last: 1000734800 ns, Reaching safepoint: 207400 ns, At safepoint: 9100 ns, Total: 216500 ns
[2021-03-18T10:14:44.385+0000][24612][safepoint    ] Safepoint "Cleanup", Time since last: 2000604800 ns, Reaching safepoint: 460300 ns, At safepoint: 30500 ns, Total: 490800 ns
[2021-03-18T10:14:46.386+0000][24612][safepoint    ] Safepoint "Cleanup", Time since last: 2000054500 ns, Reaching safepoint: 150500 ns, At safepoint: 4300 ns, Total: 154800 ns
[2021-03-18T10:14:47.387+0000][24612][safepoint    ] Safepoint "Cleanup", Time since last: 1000625100 ns, Reaching safepoint: 224000 ns, At safepoint: 9900 ns, Total: 233900 ns
[2021-03-18T10:14:48.387+0000][24612][safepoint    ] Safepoint "Cleanup", Time since last: 1000774200 ns, Reaching safepoint: 143200 ns, At safepoint: 3300 ns, Total: 146500 ns
[2021-03-18T10:14:49.388+0000][24612][safepoint    ] Safepoint "Cleanup", Time since last: 1000080700 ns, Reaching safepoint: 363800 ns, At safepoint: 15800 ns, Total: 379600 ns
[2021-03-18T10:14:51.389+0000][24612][safepoint    ] Safepoint "Cleanup", Time since last: 2000546600 ns, Reaching safepoint: 207600 ns, At safepoint: 10100 ns, Total: 217700 ns
[2021-03-18T10:14:52.389+0000][24612][safepoint    ] Safepoint "Cleanup", Time since last: 1000605400 ns, Reaching safepoint: 162700 ns, At safepoint: 9100 ns, Total: 171800 ns
[2021-03-18T10:14:53.390+0000][24612][safepoint    ] Safepoint "Cleanup", Time since last: 1000256500 ns, Reaching safepoint: 147000 ns, At safepoint: 6200 ns, Total: 153200 ns
[2021-03-18T10:14:54.390+0000][24612][safepoint    ] Safepoint "Cleanup", Time since last: 1000375400 ns, Reaching safepoint: 281800 ns, At safepoint: 14300 ns, Total: 296100 ns
[2021-03-18T10:14:55.391+0000][24612][safepoint    ] Safepoint "Cleanup", Time since last: 1000256700 ns, Reaching safepoint: 208400 ns, At safepoint: 12000 ns, Total: 220400 ns
[2021-03-18T10:14:57.391+0000][24612][safepoint    ] Safepoint "Cleanup", Time since last: 2000295300 ns, Reaching safepoint: 186700 ns, At safepoint: 10200 ns, Total: 196900 ns
[2021-03-18T10:14:58.392+0000][24612][safepoint    ] Safepoint "Cleanup", Time since last: 1000219900 ns, Reaching safepoint: 103500 ns, At safepoint: 6900 ns, Total: 110400 ns
[2021-03-18T10:14:59.392+0000][24612][safepoint    ] Safepoint "Cleanup", Time since last: 1000550700 ns, Reaching safepoint: 203500 ns, At safepoint: 11200 ns, Total: 214700 ns
[2021-03-18T10:15:01.392+0000][24612][safepoint    ] Safepoint "Cleanup", Time since last: 1999994400 ns, Reaching safepoint: 143400 ns, At safepoint: 5700 ns, Total: 149100 ns
[2021-03-18T10:15:02.393+0000][24612][safepoint    ] Safepoint "Cleanup", Time since last: 1000332000 ns, Reaching safepoint: 105100 ns, At safepoint: 4400 ns, Total: 109500 ns
[2021-03-18T10:15:03.393+0000][24612][safepoint    ] Safepoint "Cleanup", Time since last: 1000514500 ns, Reaching safepoint: 168300 ns, At safepoint: 6000 ns, Total: 174300 ns
[2021-03-18T10:15:05.394+0000][24612][safepoint    ] Safepoint "Cleanup", Time since last: 2000251200 ns, Reaching safepoint: 142100 ns, At safepoint: 5900 ns, Total: 148000 ns
[2021-03-18T10:15:06.394+0000][24612][safepoint    ] Safepoint "Cleanup", Time since last: 1000235900 ns, Reaching safepoint: 198900 ns, At safepoint: 11100 ns, Total: 210000 ns
[2021-03-18T10:15:07.395+0000][24612][safepoint    ] Safepoint "Cleanup", Time since last: 1000414700 ns, Reaching safepoint: 144200 ns, At safepoint: 9300 ns, Total: 153500 ns
[2021-03-18T10:15:08.395+0000][24612][safepoint    ] Safepoint "Cleanup", Time since last: 1000530700 ns, Reaching safepoint: 141900 ns, At safepoint: 3500 ns, Total: 145400 ns
[2021-03-18T10:15:09.396+0000][24612][safepoint    ] Safepoint "Cleanup", Time since last: 1000530000 ns, Reaching safepoint: 437600 ns, At safepoint: 21400 ns, Total: 459000 ns
[2021-03-18T10:15:10.397+0000][24612][safepoint    ] Safepoint "Cleanup", Time since last: 1000687400 ns, Reaching safepoint: 151800 ns, At safepoint: 10100 ns, Total: 161900 ns
[2021-03-18T10:15:11.398+0000][24612][safepoint    ] Safepoint "Cleanup", Time since last: 1001096100 ns, Reaching safepoint: 179800 ns, At safepoint: 8000 ns, Total: 187800 ns
[2021-03-18T10:15:12.399+0000][24612][safepoint    ] Safepoint "Cleanup", Time since last: 1000680600 ns, Reaching safepoint: 181400 ns, At safepoint: 10500 ns, Total: 191900 ns
[2021-03-18T10:15:13.400+0000][24612][safepoint    ] Safepoint "Cleanup", Time since last: 1000612100 ns, Reaching safepoint: 120700 ns, At safepoint: 7000 ns, Total: 127700 ns
[2021-03-18T10:15:14.400+0000][24612][safepoint    ] Safepoint "Cleanup", Time since last: 1000177300 ns, Reaching safepoint: 133300 ns, At safepoint: 8000 ns, Total: 141300 ns
[2021-03-18T10:15:15.401+0000][24612][safepoint    ] Safepoint "Cleanup", Time since last: 1000464700 ns, Reaching safepoint: 146400 ns, At safepoint: 5300 ns, Total: 151700 ns
[2021-03-18T10:15:16.401+0000][24612][safepoint    ] Safepoint "Cleanup", Time since last: 1000576600 ns, Reaching safepoint: 114300 ns, At safepoint: 7500 ns, Total: 121800 ns
[2021-03-18T10:15:17.402+0000][24612][safepoint    ] Safepoint "Cleanup", Time since last: 1000131100 ns, Reaching safepoint: 121800 ns, At safepoint: 7500 ns, Total: 129300 ns
[2021-03-18T10:15:18.402+0000][24612][safepoint    ] Safepoint "Cleanup", Time since last: 1000462900 ns, Reaching safepoint: 113500 ns, At safepoint: 6500 ns, Total: 120000 ns
[2021-03-18T10:15:19.403+0000][24612][safepoint    ] Safepoint "Cleanup", Time since last: 1000900300 ns, Reaching safepoint: 145600 ns, At safepoint: 6200 ns, Total: 151800 ns
[2021-03-18T10:15:20.404+0000][24612][safepoint    ] Safepoint "Cleanup", Time since last: 1000343300 ns, Reaching safepoint: 262400 ns, At safepoint: 9000 ns, Total: 271400 ns
[2021-03-18T10:15:21.404+0000][24612][safepoint    ] Safepoint "Cleanup", Time since last: 1000005200 ns, Reaching safepoint: 158200 ns, At safepoint: 3900 ns, Total: 162100 ns
[2021-03-18T10:15:22.405+0000][24612][safepoint    ] Safepoint "Cleanup", Time since last: 1000586000 ns, Reaching safepoint: 137900 ns, At safepoint: 6000 ns, Total: 143900 ns
[2021-03-18T10:15:23.405+0000][24612][safepoint    ] Safepoint "Cleanup", Time since last: 1000088900 ns, Reaching safepoint: 146700 ns, At safepoint: 21600 ns, Total: 168300 ns
[2021-03-18T10:15:24.405+0000][24612][safepoint    ] Safepoint "Cleanup", Time since last: 1000141400 ns, Reaching safepoint: 91800 ns, At safepoint: 3100 ns, Total: 94900 ns
[2021-03-18T10:15:25.405+0000][24612][safepoint    ] Safepoint "Cleanup", Time since last: 1000121000 ns, Reaching safepoint: 332200 ns, At safepoint: 15500 ns, Total: 347700 ns
[2021-03-18T10:15:26.406+0000][24612][safepoint    ] Safepoint "Cleanup", Time since last: 1000227600 ns, Reaching safepoint: 335000 ns, At safepoint: 16600 ns, Total: 351600 ns
[2021-03-18T10:15:28.043+0000][24612][safepoint    ] Safepoint "Cleanup", Time since last: 1636624300 ns, Reaching safepoint: 377900 ns, At safepoint: 27400 ns, Total: 405300 ns
[2021-03-18T10:15:29.043+0000][24612][safepoint    ] Safepoint "Cleanup", Time since last: 1000241600 ns, Reaching safepoint: 384900 ns, At safepoint: 26500 ns, Total: 411400 ns
[2021-03-18T10:15:30.044+0000][24612][safepoint    ] Safepoint "Cleanup", Time since last: 1000723200 ns, Reaching safepoint: 295900 ns, At safepoint: 16800 ns, Total: 312700 ns
[2021-03-18T10:15:31.045+0000][24612][safepoint    ] Safepoint "Cleanup", Time since last: 1000439500 ns, Reaching safepoint: 139200 ns, At safepoint: 21000 ns, Total: 160200 ns
[2021-03-18T10:15:32.046+0000][24612][safepoint    ] Safepoint "Cleanup", Time since last: 1000802700 ns, Reaching safepoint: 208600 ns, At safepoint: 13100 ns, Total: 221700 ns
[2021-03-18T10:15:33.046+0000][24612][safepoint    ] Safepoint "Cleanup", Time since last: 1000163200 ns, Reaching safepoint: 148600 ns, At safepoint: 6000 ns, Total: 154600 ns
[2021-03-18T10:15:34.047+0000][24612][safepoint    ] Safepoint "Cleanup", Time since last: 1000395700 ns, Reaching safepoint: 212000 ns, At safepoint: 9800 ns, Total: 221800 ns
[2021-03-18T10:15:35.047+0000][24612][safepoint    ] Safepoint "Cleanup", Time since last: 1000099600 ns, Reaching safepoint: 255400 ns, At safepoint: 14900 ns, Total: 270300 ns
[2021-03-18T10:15:37.049+0000][24612][safepoint    ] Safepoint "Cleanup", Time since last: 2001167500 ns, Reaching safepoint: 148500 ns, At safepoint: 6400 ns, Total: 154900 ns
[2021-03-18T10:15:39.049+0000][24612][safepoint    ] Safepoint "Cleanup", Time since last: 2000300400 ns, Reaching safepoint: 268000 ns, At safepoint: 85100 ns, Total: 353100 ns
[2021-03-18T10:15:40.049+0000][24612][safepoint    ] Safepoint "Cleanup", Time since last: 1000025300 ns, Reaching safepoint: 132200 ns, At safepoint: 9000 ns, Total: 141200 ns
[2021-03-18T10:15:41.050+0000][24612][safepoint    ] Safepoint "Cleanup", Time since last: 1000221100 ns, Reaching safepoint: 185600 ns, At safepoint: 8300 ns, Total: 193900 ns
[2021-03-18T10:15:42.050+0000][24612][safepoint    ] Safepoint "Cleanup", Time since last: 1000507100 ns, Reaching safepoint: 104000 ns, At safepoint: 6800 ns, Total: 110800 ns
[2021-03-18T10:15:43.051+0000][24612][safepoint    ] Safepoint "Cleanup", Time since last: 1000664900 ns, Reaching safepoint: 166000 ns, At safepoint: 8700 ns, Total: 174700 ns
[2021-03-18T10:15:44.051+0000][24612][safepoint    ] Safepoint "Cleanup", Time since last: 1000251300 ns, Reaching safepoint: 129000 ns, At safepoint: 6700 ns, Total: 135700 ns
[2021-03-18T10:15:45.052+0000][24612][safepoint    ] Safepoint "Cleanup", Time since last: 1000318400 ns, Reaching safepoint: 394100 ns, At safepoint: 25600 ns, Total: 419700 ns
[2021-03-18T10:15:46.247+0000][24612][safepoint    ] Safepoint "Cleanup", Time since last: 1195018800 ns, Reaching safepoint: 137300 ns, At safepoint: 6600 ns, Total: 143900 ns
[2021-03-18T10:15:47.247+0000][24612][safepoint    ] Safepoint "Cleanup", Time since last: 1000096500 ns, Reaching safepoint: 295100 ns, At safepoint: 11100 ns, Total: 306200 ns
[2021-03-18T10:15:49.248+0000][24612][safepoint    ] Safepoint "Cleanup", Time since last: 2000396800 ns, Reaching safepoint: 323400 ns, At safepoint: 23100 ns, Total: 346500 ns
[2021-03-18T10:15:51.248+0000][24612][safepoint    ] Safepoint "Cleanup", Time since last: 2000056000 ns, Reaching safepoint: 123000 ns, At safepoint: 6500 ns, Total: 129500 ns
[2021-03-18T10:15:53.249+0000][24612][safepoint    ] Safepoint "Cleanup", Time since last: 2000970500 ns, Reaching safepoint: 266300 ns, At safepoint: 16400 ns, Total: 282700 ns
[2021-03-18T10:15:55.250+0000][24612][safepoint    ] Safepoint "Cleanup", Time since last: 2000097300 ns, Reaching safepoint: 260000 ns, At safepoint: 9400 ns, Total: 269400 ns
[2021-03-18T10:15:56.251+0000][24612][safepoint    ] Safepoint "Cleanup", Time since last: 1000795800 ns, Reaching safepoint: 133600 ns, At safepoint: 5800 ns, Total: 139400 ns
[2021-03-18T10:15:57.251+0000][24612][safepoint    ] Safepoint "Cleanup", Time since last: 1000237500 ns, Reaching safepoint: 140600 ns, At safepoint: 5800 ns, Total: 146400 ns
[2021-03-18T10:15:58.251+0000][24612][safepoint    ] Safepoint "Cleanup", Time since last: 1000107600 ns, Reaching safepoint: 248200 ns, At safepoint: 14500 ns, Total: 262700 ns
[2021-03-18T10:15:59.252+0000][24612][safepoint    ] Safepoint "Cleanup", Time since last: 1000240100 ns, Reaching safepoint: 145500 ns, At safepoint: 5700 ns, Total: 151200 ns
[2021-03-18T10:16:00.253+0000][24612][safepoint    ] Safepoint "Cleanup", Time since last: 1000624100 ns, Reaching safepoint: 144000 ns, At safepoint: 5200 ns, Total: 149200 ns
[2021-03-18T10:16:01.253+0000][24612][safepoint    ] Safepoint "Cleanup", Time since last: 1000629300 ns, Reaching safepoint: 145000 ns, At safepoint: 7700 ns, Total: 152700 ns
[2021-03-18T10:16:03.254+0000][24612][safepoint    ] Safepoint "Cleanup", Time since last: 2000409700 ns, Reaching safepoint: 381300 ns, At safepoint: 23100 ns, Total: 404400 ns
[2021-03-18T10:16:05.254+0000][24612][safepoint    ] Safepoint "Cleanup", Time since last: 2000290500 ns, Reaching safepoint: 141800 ns, At safepoint: 6100 ns, Total: 147900 ns
[2021-03-18T10:16:06.255+0000][24612][safepoint    ] Safepoint "Cleanup", Time since last: 1000177500 ns, Reaching safepoint: 137400 ns, At safepoint: 8500 ns, Total: 145900 ns
[2021-03-18T10:16:07.255+0000][24612][safepoint    ] Safepoint "Cleanup", Time since last: 1000149200 ns, Reaching safepoint: 432200 ns, At safepoint: 38300 ns, Total: 470500 ns
[2021-03-18T10:16:08.256+0000][24612][safepoint    ] Safepoint "Cleanup", Time since last: 1000302600 ns, Reaching safepoint: 183800 ns, At safepoint: 11100 ns, Total: 194900 ns
[2021-03-18T10:16:09.256+0000][24612][safepoint    ] Safepoint "Cleanup", Time since last: 1000585300 ns, Reaching safepoint: 452900 ns, At safepoint: 38800 ns, Total: 491700 ns
[2021-03-18T10:16:10.258+0000][24612][safepoint    ] Safepoint "Cleanup", Time since last: 1001304000 ns, Reaching safepoint: 148500 ns, At safepoint: 7100 ns, Total: 155600 ns
[2021-03-18T10:16:12.259+0000][24612][safepoint    ] Safepoint "Cleanup", Time since last: 2000790100 ns, Reaching safepoint: 495700 ns, At safepoint: 30700 ns, Total: 526400 ns
[2021-03-18T10:16:13.260+0000][24612][safepoint    ] Safepoint "Cleanup", Time since last: 1000383800 ns, Reaching safepoint: 139400 ns, At safepoint: 4800 ns, Total: 144200 ns
[2021-03-18T10:16:14.260+0000][24612][safepoint    ] Safepoint "Cleanup", Time since last: 1000408000 ns, Reaching safepoint: 324900 ns, At safepoint: 12000 ns, Total: 336900 ns
[2021-03-18T10:16:16.261+0000][24612][safepoint    ] Safepoint "Cleanup", Time since last: 1999971000 ns, Reaching safepoint: 136400 ns, At safepoint: 4300 ns, Total: 140700 ns
[2021-03-18T10:16:17.262+0000][24612][safepoint    ] Safepoint "Cleanup", Time since last: 1000847100 ns, Reaching safepoint: 164000 ns, At safepoint: 4900 ns, Total: 168900 ns
[2021-03-18T10:16:18.262+0000][24612][safepoint    ] Safepoint "Cleanup", Time since last: 1000709500 ns, Reaching safepoint: 172300 ns, At safepoint: 10000 ns, Total: 182300 ns
[2021-03-18T10:16:19.263+0000][24612][safepoint    ] Safepoint "Cleanup", Time since last: 1000202100 ns, Reaching safepoint: 309800 ns, At safepoint: 16200 ns, Total: 326000 ns
[2021-03-18T10:16:21.264+0000][24612][safepoint    ] Safepoint "Cleanup", Time since last: 2000738600 ns, Reaching safepoint: 118200 ns, At safepoint: 6200 ns, Total: 124400 ns
[2021-03-18T10:16:22.265+0000][24612][safepoint    ] Safepoint "Cleanup", Time since last: 1000811600 ns, Reaching safepoint: 112200 ns, At safepoint: 6500 ns, Total: 118700 ns
[2021-03-18T10:16:24.266+0000][24612][safepoint    ] Safepoint "Cleanup", Time since last: 2001023800 ns, Reaching safepoint: 259600 ns, At safepoint: 14300 ns, Total: 273900 ns
[2021-03-18T10:16:25.266+0000][24612][safepoint    ] Safepoint "Cleanup", Time since last: 1000343400 ns, Reaching safepoint: 259900 ns, At safepoint: 9900 ns, Total: 269800 ns
[2021-03-18T10:16:26.267+0000][24612][safepoint    ] Safepoint "Cleanup", Time since last: 1000624600 ns, Reaching safepoint: 125500 ns, At safepoint: 5800 ns, Total: 131300 ns
[2021-03-18T10:16:27.267+0000][24612][safepoint    ] Safepoint "Cleanup", Time since last: 1000068200 ns, Reaching safepoint: 244400 ns, At safepoint: 16700 ns, Total: 261100 ns
[2021-03-18T10:16:29.267+0000][24612][safepoint    ] Safepoint "Cleanup", Time since last: 1999704500 ns, Reaching safepoint: 298800 ns, At safepoint: 14800 ns, Total: 313600 ns
[2021-03-18T10:16:31.268+0000][24612][safepoint    ] Safepoint "Cleanup", Time since last: 2000358500 ns, Reaching safepoint: 120900 ns, At safepoint: 7100 ns, Total: 128000 ns
[2021-03-18T10:16:32.269+0000][24612][safepoint    ] Safepoint "Cleanup", Time since last: 1000571400 ns, Reaching safepoint: 156000 ns, At safepoint: 9900 ns, Total: 165900 ns
[2021-03-18T10:16:33.269+0000][24612][safepoint    ] Safepoint "Cleanup", Time since last: 1000184300 ns, Reaching safepoint: 286700 ns, At safepoint: 15500 ns, Total: 302200 ns
[2021-03-18T10:16:34.270+0000][24612][safepoint    ] Safepoint "Cleanup", Time since last: 1000419500 ns, Reaching safepoint: 122600 ns, At safepoint: 11100 ns, Total: 133700 ns
[2021-03-18T10:16:35.270+0000][24612][safepoint    ] Safepoint "Cleanup", Time since last: 1000586600 ns, Reaching safepoint: 242500 ns, At safepoint: 8800 ns, Total: 251300 ns
[2021-03-18T10:16:36.271+0000][24612][safepoint    ] Safepoint "Cleanup", Time since last: 1000768600 ns, Reaching safepoint: 167000 ns, At safepoint: 16600 ns, Total: 183600 ns
[2021-03-18T10:16:37.272+0000][24612][safepoint    ] Safepoint "Cleanup", Time since last: 1000230900 ns, Reaching safepoint: 241700 ns, At safepoint: 10000 ns, Total: 251700 ns
[2021-03-18T10:16:38.272+0000][24612][safepoint    ] Safepoint "Cleanup", Time since last: 1000643500 ns, Reaching safepoint: 372100 ns, At safepoint: 13200 ns, Total: 385300 ns
[2021-03-18T10:16:40.273+0000][24612][safepoint    ] Safepoint "Cleanup", Time since last: 1999862900 ns, Reaching safepoint: 353000 ns, At safepoint: 17800 ns, Total: 370800 ns
[2021-03-18T10:16:41.274+0000][24612][safepoint    ] Safepoint "Cleanup", Time since last: 1000505400 ns, Reaching safepoint: 142800 ns, At safepoint: 9600 ns, Total: 152400 ns
[2021-03-18T10:16:42.274+0000][24612][safepoint    ] Safepoint "Cleanup", Time since last: 1000809200 ns, Reaching safepoint: 251900 ns, At safepoint: 12900 ns, Total: 264800 ns
[2021-03-18T10:16:43.275+0000][24612][safepoint    ] Safepoint "Cleanup", Time since last: 1000425000 ns, Reaching safepoint: 345400 ns, At safepoint: 21500 ns, Total: 366900 ns
[2021-03-18T10:16:44.276+0000][24612][safepoint    ] Safepoint "Cleanup", Time since last: 1000595500 ns, Reaching safepoint: 292300 ns, At safepoint: 13300 ns, Total: 305600 ns
[2021-03-18T10:16:46.251+0000][24612][safepoint    ] Safepoint "Cleanup", Time since last: 1974570200 ns, Reaching safepoint: 425500 ns, At safepoint: 27700 ns, Total: 453200 ns
[2021-03-18T10:16:48.251+0000][24612][safepoint    ] Safepoint "Cleanup", Time since last: 1999987700 ns, Reaching safepoint: 163100 ns, At safepoint: 5000 ns, Total: 168100 ns
[2021-03-18T10:16:49.251+0000][24612][safepoint    ] Safepoint "Cleanup", Time since last: 1000195300 ns, Reaching safepoint: 296100 ns, At safepoint: 12000 ns, Total: 308100 ns
[2021-03-18T10:16:50.252+0000][24612][safepoint    ] Safepoint "Cleanup", Time since last: 1000564100 ns, Reaching safepoint: 303100 ns, At safepoint: 10000 ns, Total: 313100 ns
[2021-03-18T10:16:51.253+0000][24612][safepoint    ] Safepoint "Cleanup", Time since last: 1000347200 ns, Reaching safepoint: 110900 ns, At safepoint: 5400 ns, Total: 116300 ns
[2021-03-18T10:16:52.253+0000][24612][safepoint    ] Safepoint "Cleanup", Time since last: 1000493800 ns, Reaching safepoint: 152600 ns, At safepoint: 7700 ns, Total: 160300 ns
[2021-03-18T10:16:53.254+0000][24612][safepoint    ] Safepoint "Cleanup", Time since last: 1000587800 ns, Reaching safepoint: 132200 ns, At safepoint: 9600 ns, Total: 141800 ns
[2021-03-18T10:16:54.255+0000][24612][safepoint    ] Safepoint "Cleanup", Time since last: 1000466200 ns, Reaching safepoint: 365700 ns, At safepoint: 23400 ns, Total: 389100 ns
[2021-03-18T10:16:56.256+0000][24612][safepoint    ] Safepoint "Cleanup", Time since last: 2000699900 ns, Reaching safepoint: 306100 ns, At safepoint: 15800 ns, Total: 321900 ns
[2021-03-18T10:16:57.257+0000][24612][safepoint    ] Safepoint "Cleanup", Time since last: 1000534400 ns, Reaching safepoint: 125000 ns, At safepoint: 5100 ns, Total: 130100 ns
[2021-03-18T10:16:58.257+0000][24612][safepoint    ] Safepoint "Cleanup", Time since last: 1000058500 ns, Reaching safepoint: 241100 ns, At safepoint: 76200 ns, Total: 317300 ns
[2021-03-18T10:16:59.257+0000][24612][safepoint    ] Safepoint "Cleanup", Time since last: 1000258200 ns, Reaching safepoint: 141200 ns, At safepoint: 6700 ns, Total: 147900 ns
[2021-03-18T10:17:00.258+0000][24612][safepoint    ] Safepoint "Cleanup", Time since last: 1000050500 ns, Reaching safepoint: 113500 ns, At safepoint: 8700 ns, Total: 122200 ns
[2021-03-18T10:17:01.258+0000][24612][safepoint    ] Safepoint "Cleanup", Time since last: 1000254800 ns, Reaching safepoint: 224900 ns, At safepoint: 13100 ns, Total: 238000 ns
[2021-03-18T10:17:03.258+0000][24612][safepoint    ] Safepoint "Cleanup", Time since last: 2000015600 ns, Reaching safepoint: 266700 ns, At safepoint: 18100 ns, Total: 284800 ns
[2021-03-18T10:17:04.258+0000][24612][safepoint    ] Safepoint "Cleanup", Time since last: 1000107600 ns, Reaching safepoint: 168700 ns, At safepoint: 4100 ns, Total: 172800 ns
[2021-03-18T10:17:05.259+0000][24612][safepoint    ] Safepoint "Cleanup", Time since last: 1000496100 ns, Reaching safepoint: 153800 ns, At safepoint: 6500 ns, Total: 160300 ns
[2021-03-18T10:17:06.259+0000][24612][safepoint    ] Safepoint "Cleanup", Time since last: 1000175000 ns, Reaching safepoint: 203100 ns, At safepoint: 7200 ns, Total: 210300 ns
[2021-03-18T10:17:07.260+0000][24612][safepoint    ] Safepoint "Cleanup", Time since last: 1000050200 ns, Reaching safepoint: 226300 ns, At safepoint: 71900 ns, Total: 298200 ns
[2021-03-18T10:17:08.261+0000][24612][safepoint    ] Safepoint "Cleanup", Time since last: 1000987700 ns, Reaching safepoint: 386200 ns, At safepoint: 18300 ns, Total: 404500 ns
[2021-03-18T10:17:09.261+0000][24612][safepoint    ] Safepoint "Cleanup", Time since last: 1000300000 ns, Reaching safepoint: 130800 ns, At safepoint: 6500 ns, Total: 137300 ns
[2021-03-18T10:17:11.262+0000][24612][safepoint    ] Safepoint "Cleanup", Time since last: 2000437200 ns, Reaching safepoint: 253000 ns, At safepoint: 8000 ns, Total: 261000 ns
[2021-03-18T10:17:12.262+0000][24612][safepoint    ] Safepoint "Cleanup", Time since last: 1000105800 ns, Reaching safepoint: 260400 ns, At safepoint: 8900 ns, Total: 269300 ns
[2021-03-18T10:17:13.263+0000][24612][safepoint    ] Safepoint "Cleanup", Time since last: 1000708400 ns, Reaching safepoint: 139000 ns, At safepoint: 8300 ns, Total: 147300 ns
[2021-03-18T10:17:14.264+0000][24612][safepoint    ] Safepoint "Cleanup", Time since last: 1000801500 ns, Reaching safepoint: 130100 ns, At safepoint: 4800 ns, Total: 134900 ns
[2021-03-18T10:17:16.247+0000][24612][safepoint    ] Safepoint "Cleanup", Time since last: 1982347300 ns, Reaching safepoint: 160900 ns, At safepoint: 4400 ns, Total: 165300 ns
[2021-03-18T10:17:17.247+0000][24612][safepoint    ] Safepoint "Cleanup", Time since last: 1000557500 ns, Reaching safepoint: 145200 ns, At safepoint: 3500 ns, Total: 148700 ns
[2021-03-18T10:17:18.247+0000][24612][safepoint    ] Safepoint "Cleanup", Time since last: 1000244700 ns, Reaching safepoint: 500900 ns, At safepoint: 28500 ns, Total: 529400 ns
[2021-03-18T10:17:19.248+0000][24612][safepoint    ] Safepoint "Cleanup", Time since last: 1000037700 ns, Reaching safepoint: 144200 ns, At safepoint: 10600 ns, Total: 154800 ns
[2021-03-18T10:17:20.248+0000][24612][safepoint    ] Safepoint "Cleanup", Time since last: 1000037300 ns, Reaching safepoint: 421500 ns, At safepoint: 28400 ns, Total: 449900 ns
[2021-03-18T10:17:21.249+0000][24612][safepoint    ] Safepoint "Cleanup", Time since last: 1000369600 ns, Reaching safepoint: 164700 ns, At safepoint: 4100 ns, Total: 168800 ns
[2021-03-18T10:17:22.250+0000][24612][safepoint    ] Safepoint "Cleanup", Time since last: 1000960900 ns, Reaching safepoint: 382600 ns, At safepoint: 14700 ns, Total: 397300 ns
[2021-03-18T10:17:23.251+0000][24612][safepoint    ] Safepoint "Cleanup", Time since last: 1000794200 ns, Reaching safepoint: 192000 ns, At safepoint: 5800 ns, Total: 197800 ns
[2021-03-18T10:17:24.252+0000][24612][safepoint    ] Safepoint "Cleanup", Time since last: 1000257000 ns, Reaching safepoint: 145600 ns, At safepoint: 5200 ns, Total: 150800 ns
[2021-03-18T10:17:26.252+0000][24612][safepoint    ] Safepoint "Cleanup", Time since last: 2000023300 ns, Reaching safepoint: 173600 ns, At safepoint: 5500 ns, Total: 179100 ns
[2021-03-18T10:17:28.020+0000][24612][safepoint    ] Safepoint "Cleanup", Time since last: 1768559800 ns, Reaching safepoint: 309200 ns, At safepoint: 119200 ns, Total: 428400 ns
[2021-03-18T10:17:30.021+0000][24612][safepoint    ] Safepoint "Cleanup", Time since last: 2000010700 ns, Reaching safepoint: 155700 ns, At safepoint: 7300 ns, Total: 163000 ns
[2021-03-18T10:17:31.022+0000][24612][safepoint    ] Safepoint "Cleanup", Time since last: 1000885300 ns, Reaching safepoint: 459400 ns, At safepoint: 122300 ns, Total: 581700 ns
[2021-03-18T10:17:32.023+0000][24612][safepoint    ] Safepoint "Cleanup", Time since last: 1000521100 ns, Reaching safepoint: 594600 ns, At safepoint: 120600 ns, Total: 715200 ns
[2021-03-18T10:17:33.024+0000][24612][safepoint    ] Safepoint "Cleanup", Time since last: 1000891800 ns, Reaching safepoint: 372200 ns, At safepoint: 25300 ns, Total: 397500 ns
[2021-03-18T10:17:34.025+0000][24612][safepoint    ] Safepoint "Cleanup", Time since last: 1000052500 ns, Reaching safepoint: 157800 ns, At safepoint: 3600 ns, Total: 161400 ns
[2021-03-18T10:17:35.025+0000][24612][safepoint    ] Safepoint "Cleanup", Time since last: 1000304600 ns, Reaching safepoint: 342600 ns, At safepoint: 18300 ns, Total: 360900 ns
[2021-03-18T10:17:36.026+0000][24612][safepoint    ] Safepoint "Cleanup", Time since last: 1000669400 ns, Reaching safepoint: 372000 ns, At safepoint: 14500 ns, Total: 386500 ns
[2021-03-18T10:17:38.027+0000][24612][safepoint    ] Safepoint "Cleanup", Time since last: 2000265300 ns, Reaching safepoint: 336300 ns, At safepoint: 13400 ns, Total: 349700 ns
[2021-03-18T10:17:40.027+0000][24612][safepoint    ] Safepoint "Cleanup", Time since last: 1999939800 ns, Reaching safepoint: 567500 ns, At safepoint: 25800 ns, Total: 593300 ns
[2021-03-18T10:17:41.029+0000][24612][safepoint    ] Safepoint "Cleanup", Time since last: 1001049100 ns, Reaching safepoint: 457800 ns, At safepoint: 23000 ns, Total: 480800 ns
[2021-03-18T10:17:42.029+0000][24612][safepoint    ] Safepoint "Cleanup", Time since last: 1000234700 ns, Reaching safepoint: 443700 ns, At safepoint: 26000 ns, Total: 469700 ns
[2021-03-18T10:17:44.030+0000][24612][safepoint    ] Safepoint "Cleanup", Time since last: 2000112900 ns, Reaching safepoint: 204700 ns, At safepoint: 8600 ns, Total: 213300 ns
[2021-03-18T10:17:46.031+0000][24612][safepoint    ] Safepoint "Cleanup", Time since last: 2000689100 ns, Reaching safepoint: 365800 ns, At safepoint: 23700 ns, Total: 389500 ns
[2021-03-18T10:17:47.031+0000][24612][safepoint    ] Safepoint "Cleanup", Time since last: 1000284600 ns, Reaching safepoint: 255200 ns, At safepoint: 18300 ns, Total: 273500 ns
[2021-03-18T10:17:48.032+0000][24612][safepoint    ] Safepoint "Cleanup", Time since last: 1000658300 ns, Reaching safepoint: 289000 ns, At safepoint: 21900 ns, Total: 310900 ns
[2021-03-18T10:17:49.033+0000][24612][safepoint    ] Safepoint "Cleanup", Time since last: 1000057400 ns, Reaching safepoint: 245200 ns, At safepoint: 16100 ns, Total: 261300 ns
[2021-03-18T10:17:50.033+0000][24612][safepoint    ] Safepoint "Cleanup", Time since last: 1000378400 ns, Reaching safepoint: 271000 ns, At safepoint: 9000 ns, Total: 280000 ns
[2021-03-18T10:17:51.034+0000][24612][safepoint    ] Safepoint "Cleanup", Time since last: 1000139400 ns, Reaching safepoint: 243800 ns, At safepoint: 15400 ns, Total: 259200 ns
[2021-03-18T10:17:52.034+0000][24612][safepoint    ] Safepoint "Cleanup", Time since last: 1000607700 ns, Reaching safepoint: 273400 ns, At safepoint: 19200 ns, Total: 292600 ns
[2021-03-18T10:17:53.035+0000][24612][safepoint    ] Safepoint "Cleanup", Time since last: 1000845200 ns, Reaching safepoint: 501600 ns, At safepoint: 30300 ns, Total: 531900 ns
[2021-03-18T10:17:54.036+0000][24612][safepoint    ] Safepoint "Cleanup", Time since last: 1000374300 ns, Reaching safepoint: 443700 ns, At safepoint: 26000 ns, Total: 469700 ns
[2021-03-18T10:17:55.037+0000][24612][safepoint    ] Safepoint "Cleanup", Time since last: 1000128500 ns, Reaching safepoint: 439700 ns, At safepoint: 37300 ns, Total: 477000 ns
[2021-03-18T10:17:56.039+0000][24612][safepoint    ] Safepoint "Cleanup", Time since last: 1001441200 ns, Reaching safepoint: 486600 ns, At safepoint: 30500 ns, Total: 517100 ns
[2021-03-18T10:17:57.040+0000][24612][safepoint    ] Safepoint "Cleanup", Time since last: 1000429100 ns, Reaching safepoint: 448300 ns, At safepoint: 144600 ns, Total: 592900 ns
[2021-03-18T10:17:58.041+0000][24612][safepoint    ] Safepoint "Cleanup", Time since last: 1000702700 ns, Reaching safepoint: 262900 ns, At safepoint: 60300 ns, Total: 323200 ns
[2021-03-18T10:17:59.041+0000][24612][safepoint    ] Safepoint "Cleanup", Time since last: 1000061700 ns, Reaching safepoint: 414700 ns, At safepoint: 78900 ns, Total: 493600 ns
[2021-03-18T10:18:00.042+0000][24612][safepoint    ] Safepoint "Cleanup", Time since last: 1000323500 ns, Reaching safepoint: 221100 ns, At safepoint: 13100 ns, Total: 234200 ns
[2021-03-18T10:18:02.042+0000][24612][safepoint    ] Safepoint "Cleanup", Time since last: 2000067000 ns, Reaching safepoint: 244500 ns, At safepoint: 77400 ns, Total: 321900 ns
[2021-03-18T10:18:03.043+0000][24612][safepoint    ] Safepoint "Cleanup", Time since last: 1000793200 ns, Reaching safepoint: 254800 ns, At safepoint: 76800 ns, Total: 331600 ns
[2021-03-18T10:18:05.044+0000][24612][safepoint    ] Safepoint "Cleanup", Time since last: 2000027000 ns, Reaching safepoint: 174400 ns, At safepoint: 89800 ns, Total: 264200 ns
[2021-03-18T10:18:06.044+0000][24612][safepoint    ] Safepoint "Cleanup", Time since last: 1000505300 ns, Reaching safepoint: 250200 ns, At safepoint: 21700 ns, Total: 271900 ns
[2021-03-18T10:18:08.045+0000][24612][safepoint    ] Safepoint "Cleanup", Time since last: 2000661000 ns, Reaching safepoint: 125000 ns, At safepoint: 22300 ns, Total: 147300 ns
[2021-03-18T10:18:09.046+0000][24612][safepoint    ] Safepoint "Cleanup", Time since last: 1000331100 ns, Reaching safepoint: 246500 ns, At safepoint: 96400 ns, Total: 342900 ns
[2021-03-18T10:18:10.046+0000][24612][safepoint    ] Safepoint "Cleanup", Time since last: 1000315000 ns, Reaching safepoint: 312900 ns, At safepoint: 24600 ns, Total: 337500 ns
[2021-03-18T10:18:11.173+0000][24612][safepoint    ] Safepoint "Cleanup", Time since last: 1126283900 ns, Reaching safepoint: 470800 ns, At safepoint: 41700 ns, Total: 512500 ns
[2021-03-18T10:18:12.178+0000][24612][safepoint    ] Safepoint "Cleanup", Time since last: 1004709200 ns, Reaching safepoint: 343400 ns, At safepoint: 19600 ns, Total: 363000 ns
[2021-03-18T10:18:14.179+0000][24612][safepoint    ] Safepoint "Cleanup", Time since last: 2000476600 ns, Reaching safepoint: 583200 ns, At safepoint: 26300 ns, Total: 609500 ns
[2021-03-18T10:18:15.180+0000][24612][safepoint    ] Safepoint "Cleanup", Time since last: 1000267400 ns, Reaching safepoint: 360400 ns, At safepoint: 26900 ns, Total: 387300 ns
[2021-03-18T10:18:17.180+0000][24612][safepoint    ] Safepoint "Cleanup", Time since last: 1999853400 ns, Reaching safepoint: 132600 ns, At safepoint: 6000 ns, Total: 138600 ns
[2021-03-18T10:18:18.180+0000][24612][safepoint    ] Safepoint "Cleanup", Time since last: 1000362600 ns, Reaching safepoint: 171300 ns, At safepoint: 5500 ns, Total: 176800 ns
[2021-03-18T10:18:19.181+0000][24612][safepoint    ] Safepoint "Cleanup", Time since last: 1000670000 ns, Reaching safepoint: 87600 ns, At safepoint: 3800 ns, Total: 91400 ns
[2021-03-18T10:18:20.181+0000][24612][safepoint    ] Safepoint "Cleanup", Time since last: 1000191100 ns, Reaching safepoint: 264700 ns, At safepoint: 14700 ns, Total: 279400 ns
[2021-03-18T10:18:21.182+0000][24612][safepoint    ] Safepoint "Cleanup", Time since last: 1000660700 ns, Reaching safepoint: 432700 ns, At safepoint: 34400 ns, Total: 467100 ns
[2021-03-18T10:18:22.183+0000][24612][safepoint    ] Safepoint "Cleanup", Time since last: 1000314600 ns, Reaching safepoint: 243400 ns, At safepoint: 12600 ns, Total: 256000 ns
[2021-03-18T10:18:23.184+0000][24612][safepoint    ] Safepoint "Cleanup", Time since last: 1000360200 ns, Reaching safepoint: 138600 ns, At safepoint: 4200 ns, Total: 142800 ns
[2021-03-18T10:18:24.185+0000][24612][safepoint    ] Safepoint "Cleanup", Time since last: 1000991000 ns, Reaching safepoint: 479800 ns, At safepoint: 38600 ns, Total: 518400 ns
[2021-03-18T10:18:25.186+0000][24612][safepoint    ] Safepoint "Cleanup", Time since last: 1000356200 ns, Reaching safepoint: 163800 ns, At safepoint: 5200 ns, Total: 169000 ns
[2021-03-18T10:18:26.186+0000][24612][safepoint    ] Safepoint "Cleanup", Time since last: 1000134300 ns, Reaching safepoint: 196400 ns, At safepoint: 6200 ns, Total: 202600 ns
[2021-03-18T10:18:27.186+0000][24612][safepoint    ] Safepoint "Cleanup", Time since last: 1000039000 ns, Reaching safepoint: 147600 ns, At safepoint: 3500 ns, Total: 151100 ns
[2021-03-18T10:18:28.187+0000][24612][safepoint    ] Safepoint "Cleanup", Time since last: 1000405000 ns, Reaching safepoint: 158600 ns, At safepoint: 4900 ns, Total: 163500 ns
[2021-03-18T10:18:29.187+0000][24612][safepoint    ] Safepoint "Cleanup", Time since last: 1000118700 ns, Reaching safepoint: 325000 ns, At safepoint: 18800 ns, Total: 343800 ns
[2021-03-18T10:18:31.188+0000][24612][safepoint    ] Safepoint "Cleanup", Time since last: 2000571700 ns, Reaching safepoint: 100400 ns, At safepoint: 7100 ns, Total: 107500 ns
[2021-03-18T10:18:32.188+0000][24612][safepoint    ] Safepoint "Cleanup", Time since last: 1000077400 ns, Reaching safepoint: 95900 ns, At safepoint: 2700 ns, Total: 98600 ns
[2021-03-18T10:18:33.189+0000][24612][safepoint    ] Safepoint "Cleanup", Time since last: 1000665700 ns, Reaching safepoint: 155800 ns, At safepoint: 10700 ns, Total: 166500 ns
[2021-03-18T10:18:34.189+0000][24612][safepoint    ] Safepoint "Cleanup", Time since last: 1000708000 ns, Reaching safepoint: 334900 ns, At safepoint: 14800 ns, Total: 349700 ns
[2021-03-18T10:18:35.190+0000][24612][safepoint    ] Safepoint "Cleanup", Time since last: 1000202900 ns, Reaching safepoint: 99900 ns, At safepoint: 5900 ns, Total: 105800 ns
[2021-03-18T10:18:36.190+0000][24612][safepoint    ] Safepoint "Cleanup", Time since last: 1000195300 ns, Reaching safepoint: 384300 ns, At safepoint: 27600 ns, Total: 411900 ns
[2021-03-18T10:18:37.836+0000][24612][safepoint    ] Safepoint "Cleanup", Time since last: 1645532700 ns, Reaching safepoint: 167600 ns, At safepoint: 9200 ns, Total: 176800 ns
[2021-03-18T10:18:38.837+0000][24612][safepoint    ] Safepoint "Cleanup", Time since last: 1000272800 ns, Reaching safepoint: 215400 ns, At safepoint: 6700 ns, Total: 222100 ns
[2021-03-18T10:18:39.837+0000][24612][safepoint    ] Safepoint "Cleanup", Time since last: 1000264700 ns, Reaching safepoint: 435900 ns, At safepoint: 33700 ns, Total: 469600 ns
[2021-03-18T10:18:40.838+0000][24612][safepoint    ] Safepoint "Cleanup", Time since last: 1000415200 ns, Reaching safepoint: 117400 ns, At safepoint: 2900 ns, Total: 120300 ns
[2021-03-18T10:18:41.839+0000][24612][safepoint    ] Safepoint "Cleanup", Time since last: 1000610900 ns, Reaching safepoint: 141100 ns, At safepoint: 20200 ns, Total: 161300 ns
[2021-03-18T10:18:43.839+0000][24612][safepoint    ] Safepoint "Cleanup", Time since last: 2000444200 ns, Reaching safepoint: 141900 ns, At safepoint: 4900 ns, Total: 146800 ns
[2021-03-18T10:18:44.840+0000][24612][safepoint    ] Safepoint "Cleanup", Time since last: 1000186500 ns, Reaching safepoint: 209800 ns, At safepoint: 5600 ns, Total: 215400 ns
[2021-03-18T10:18:45.840+0000][24612][safepoint    ] Safepoint "Cleanup", Time since last: 1000104500 ns, Reaching safepoint: 309600 ns, At safepoint: 13700 ns, Total: 323300 ns
[2021-03-18T10:18:46.840+0000][24612][safepoint    ] Safepoint "Cleanup", Time since last: 1000117900 ns, Reaching safepoint: 258100 ns, At safepoint: 14300 ns, Total: 272400 ns
[2021-03-18T10:18:47.841+0000][24612][safepoint    ] Safepoint "Cleanup", Time since last: 1000608800 ns, Reaching safepoint: 254700 ns, At safepoint: 12600 ns, Total: 267300 ns
[2021-03-18T10:18:49.842+0000][24612][safepoint    ] Safepoint "Cleanup", Time since last: 2000833400 ns, Reaching safepoint: 399100 ns, At safepoint: 18800 ns, Total: 417900 ns
[2021-03-18T10:18:51.843+0000][24612][safepoint    ] Safepoint "Cleanup", Time since last: 2000183200 ns, Reaching safepoint: 159700 ns, At safepoint: 6900 ns, Total: 166600 ns
[2021-03-18T10:18:52.843+0000][24612][safepoint    ] Safepoint "Cleanup", Time since last: 1000486500 ns, Reaching safepoint: 244800 ns, At safepoint: 17100 ns, Total: 261900 ns
[2021-03-18T10:18:53.844+0000][24612][safepoint    ] Safepoint "Cleanup", Time since last: 1000161000 ns, Reaching safepoint: 126800 ns, At safepoint: 9600 ns, Total: 136400 ns
[2021-03-18T10:18:55.844+0000][24612][safepoint    ] Safepoint "Cleanup", Time since last: 2000247500 ns, Reaching safepoint: 328800 ns, At safepoint: 24900 ns, Total: 353700 ns
[2021-03-18T10:18:56.845+0000][24612][safepoint    ] Safepoint "Cleanup", Time since last: 1000498600 ns, Reaching safepoint: 135000 ns, At safepoint: 5200 ns, Total: 140200 ns
[2021-03-18T10:18:57.845+0000][24612][safepoint    ] Safepoint "Cleanup", Time since last: 1000012400 ns, Reaching safepoint: 202000 ns, At safepoint: 12300 ns, Total: 214300 ns
[2021-03-18T10:18:59.845+0000][24612][safepoint    ] Safepoint "Cleanup", Time since last: 1999877900 ns, Reaching safepoint: 168300 ns, At safepoint: 15000 ns, Total: 183300 ns
[2021-03-18T10:19:00.846+0000][24612][safepoint    ] Safepoint "Cleanup", Time since last: 1000433300 ns, Reaching safepoint: 210700 ns, At safepoint: 5600 ns, Total: 216300 ns
[2021-03-18T10:19:01.846+0000][24612][safepoint    ] Safepoint "Cleanup", Time since last: 1000094800 ns, Reaching safepoint: 125400 ns, At safepoint: 4600 ns, Total: 130000 ns
[2021-03-18T10:19:03.846+0000][24612][safepoint    ] Safepoint "Cleanup", Time since last: 2000320500 ns, Reaching safepoint: 378700 ns, At safepoint: 28500 ns, Total: 407200 ns
[2021-03-18T10:19:05.847+0000][24612][safepoint    ] Safepoint "Cleanup", Time since last: 2000682800 ns, Reaching safepoint: 164100 ns, At safepoint: 3800 ns, Total: 167900 ns
[2021-03-18T10:19:06.848+0000][24612][safepoint    ] Safepoint "Cleanup", Time since last: 1000732700 ns, Reaching safepoint: 179300 ns, At safepoint: 10400 ns, Total: 189700 ns
[2021-03-18T10:19:07.848+0000][24612][safepoint    ] Safepoint "Cleanup", Time since last: 1000133700 ns, Reaching safepoint: 287700 ns, At safepoint: 15800 ns, Total: 303500 ns
[2021-03-18T10:19:08.849+0000][24612][safepoint    ] Safepoint "Cleanup", Time since last: 1000672300 ns, Reaching safepoint: 392000 ns, At safepoint: 24300 ns, Total: 416300 ns
[2021-03-18T10:19:10.576+0000][24612][safepoint    ] Safepoint "Cleanup", Time since last: 1726827800 ns, Reaching safepoint: 373100 ns, At safepoint: 29100 ns, Total: 402200 ns
[2021-03-18T10:19:11.577+0000][24612][safepoint    ] Safepoint "Cleanup", Time since last: 1000509500 ns, Reaching safepoint: 171500 ns, At safepoint: 11500 ns, Total: 183000 ns
[2021-03-18T10:19:12.578+0000][24612][safepoint    ] Safepoint "Cleanup", Time since last: 1000745800 ns, Reaching safepoint: 389000 ns, At safepoint: 21600 ns, Total: 410600 ns
[2021-03-18T10:19:13.579+0000][24612][safepoint    ] Safepoint "Cleanup", Time since last: 1000605000 ns, Reaching safepoint: 445200 ns, At safepoint: 31200 ns, Total: 476400 ns
[2021-03-18T10:19:14.580+0000][24612][safepoint    ] Safepoint "Cleanup", Time since last: 1000117000 ns, Reaching safepoint: 354800 ns, At safepoint: 14500 ns, Total: 369300 ns
[2021-03-18T10:19:15.580+0000][24612][safepoint    ] Safepoint "Cleanup", Time since last: 1000150600 ns, Reaching safepoint: 388600 ns, At safepoint: 14800 ns, Total: 403400 ns
[2021-03-18T10:19:16.581+0000][24612][safepoint    ] Safepoint "Cleanup", Time since last: 1000520600 ns, Reaching safepoint: 181900 ns, At safepoint: 9200 ns, Total: 191100 ns
[2021-03-18T10:19:17.582+0000][24612][safepoint    ] Safepoint "Cleanup", Time since last: 1000578000 ns, Reaching safepoint: 368600 ns, At safepoint: 15700 ns, Total: 384300 ns
[2021-03-18T10:19:19.583+0000][24612][safepoint    ] Safepoint "Cleanup", Time since last: 2000406400 ns, Reaching safepoint: 369000 ns, At safepoint: 23400 ns, Total: 392400 ns
[2021-03-18T10:19:21.583+0000][24612][safepoint    ] Safepoint "Cleanup", Time since last: 2000003100 ns, Reaching safepoint: 206400 ns, At safepoint: 10500 ns, Total: 216900 ns
[2021-03-18T10:19:22.584+0000][24612][safepoint    ] Safepoint "Cleanup", Time since last: 1000949400 ns, Reaching safepoint: 280500 ns, At safepoint: 16100 ns, Total: 296600 ns
[2021-03-18T10:19:23.585+0000][24612][safepoint    ] Safepoint "Cleanup", Time since last: 1000181500 ns, Reaching safepoint: 198000 ns, At safepoint: 7600 ns, Total: 205600 ns
[2021-03-18T10:19:24.585+0000][24612][safepoint    ] Safepoint "Cleanup", Time since last: 1000325100 ns, Reaching safepoint: 444600 ns, At safepoint: 29300 ns, Total: 473900 ns
[2021-03-18T10:19:25.586+0000][24612][safepoint    ] Safepoint "Cleanup", Time since last: 1000096400 ns, Reaching safepoint: 114400 ns, At safepoint: 6000 ns, Total: 120400 ns
[2021-03-18T10:19:26.586+0000][24612][safepoint    ] Safepoint "Cleanup", Time since last: 1000327600 ns, Reaching safepoint: 104400 ns, At safepoint: 3400 ns, Total: 107800 ns
[2021-03-18T10:19:27.020+0000][24612][safepoint    ] Safepoint "BulkRevokeBias", Time since last: 432501700 ns, Reaching safepoint: 220300 ns, At safepoint: 1438200 ns, Total: 1658500 ns
[2021-03-18T10:19:28.022+0000][24612][safepoint    ] Safepoint "Cleanup", Time since last: 1001940300 ns, Reaching safepoint: 123600 ns, At safepoint: 59200 ns, Total: 182800 ns
[2021-03-18T10:19:29.023+0000][24612][safepoint    ] Safepoint "Cleanup", Time since last: 1000722300 ns, Reaching safepoint: 298400 ns, At safepoint: 18500 ns, Total: 316900 ns
[2021-03-18T10:19:31.023+0000][24612][safepoint    ] Safepoint "Cleanup", Time since last: 1999677400 ns, Reaching safepoint: 108200 ns, At safepoint: 3000 ns, Total: 111200 ns
[2021-03-18T10:19:32.024+0000][24612][safepoint    ] Safepoint "Cleanup", Time since last: 1000940700 ns, Reaching safepoint: 321100 ns, At safepoint: 110700 ns, Total: 431800 ns
[2021-03-18T10:19:33.025+0000][24612][safepoint    ] Safepoint "Cleanup", Time since last: 1000818000 ns, Reaching safepoint: 216400 ns, At safepoint: 12300 ns, Total: 228700 ns
[2021-03-18T10:19:34.026+0000][24612][safepoint    ] Safepoint "Cleanup", Time since last: 1000402900 ns, Reaching safepoint: 373400 ns, At safepoint: 19700 ns, Total: 393100 ns
[2021-03-18T10:19:36.026+0000][24612][safepoint    ] Safepoint "Cleanup", Time since last: 1999832500 ns, Reaching safepoint: 140400 ns, At safepoint: 5000 ns, Total: 145400 ns
[2021-03-18T10:19:37.027+0000][24612][safepoint    ] Safepoint "Cleanup", Time since last: 1000519300 ns, Reaching safepoint: 149600 ns, At safepoint: 22000 ns, Total: 171600 ns
[2021-03-18T10:19:38.027+0000][24612][safepoint    ] Safepoint "Cleanup", Time since last: 1000377700 ns, Reaching safepoint: 206400 ns, At safepoint: 6300 ns, Total: 212700 ns
[2021-03-18T10:19:39.028+0000][24612][safepoint    ] Safepoint "Cleanup", Time since last: 1000282700 ns, Reaching safepoint: 370900 ns, At safepoint: 14300 ns, Total: 385200 ns
[2021-03-18T10:19:40.028+0000][24612][safepoint    ] Safepoint "Cleanup", Time since last: 1000389800 ns, Reaching safepoint: 128500 ns, At safepoint: 5500 ns, Total: 134000 ns
[2021-03-18T10:19:42.029+0000][24612][safepoint    ] Safepoint "Cleanup", Time since last: 2000408000 ns, Reaching safepoint: 253000 ns, At safepoint: 8700 ns, Total: 261700 ns
[2021-03-18T10:19:44.030+0000][24612][safepoint    ] Safepoint "Cleanup", Time since last: 2000964000 ns, Reaching safepoint: 145400 ns, At safepoint: 6700 ns, Total: 152100 ns
[2021-03-18T10:19:45.030+0000][24612][safepoint    ] Safepoint "Cleanup", Time since last: 1000230700 ns, Reaching safepoint: 400000 ns, At safepoint: 28200 ns, Total: 428200 ns
[2021-03-18T10:19:47.031+0000][24612][safepoint    ] Safepoint "Cleanup", Time since last: 2000515000 ns, Reaching safepoint: 256500 ns, At safepoint: 9400 ns, Total: 265900 ns
[2021-03-18T10:19:48.032+0000][24612][safepoint    ] Safepoint "Cleanup", Time since last: 1000154100 ns, Reaching safepoint: 318000 ns, At safepoint: 16500 ns, Total: 334500 ns
[2021-03-18T10:19:49.033+0000][24612][safepoint    ] Safepoint "Cleanup", Time since last: 1000335900 ns, Reaching safepoint: 476300 ns, At safepoint: 163100 ns, Total: 639400 ns
[2021-03-18T10:19:50.033+0000][24612][safepoint    ] Safepoint "Cleanup", Time since last: 1000369900 ns, Reaching safepoint: 197200 ns, At safepoint: 7300 ns, Total: 204500 ns
[2021-03-18T10:19:51.034+0000][24612][safepoint    ] Safepoint "Cleanup", Time since last: 1000463800 ns, Reaching safepoint: 343300 ns, At safepoint: 96800 ns, Total: 440100 ns
[2021-03-18T10:19:53.035+0000][24612][safepoint    ] Safepoint "Cleanup", Time since last: 2000393700 ns, Reaching safepoint: 186200 ns, At safepoint: 20100 ns, Total: 206300 ns
[2021-03-18T10:19:54.035+0000][24612][safepoint    ] Safepoint "Cleanup", Time since last: 1000420400 ns, Reaching safepoint: 523400 ns, At safepoint: 25000 ns, Total: 548400 ns
[2021-03-18T10:19:54.683+0000][24612][gc,start     ] GC(17) Pause Young (Normal) (G1 Evacuation Pause)
[2021-03-18T10:19:54.683+0000][24612][gc,task      ] GC(17) Using 8 workers of 8 for evacuation
[2021-03-18T10:19:54.684+0000][24612][gc,age       ] GC(17) Desired survivor size 34078720 bytes, new threshold 15 (max threshold 15)
[2021-03-18T10:19:54.702+0000][24612][gc,age       ] GC(17) Age table with threshold 15 (max threshold 15)
[2021-03-18T10:19:54.702+0000][24612][gc,age       ] GC(17) - age   1:      83808 bytes,      83808 total
[2021-03-18T10:19:54.702+0000][24612][gc,age       ] GC(17) - age   2:      21928 bytes,     105736 total
[2021-03-18T10:19:54.702+0000][24612][gc,age       ] GC(17) - age   3:       7664 bytes,     113400 total
[2021-03-18T10:19:54.702+0000][24612][gc,age       ] GC(17) - age   4:      12352 bytes,     125752 total
[2021-03-18T10:19:54.702+0000][24612][gc,age       ] GC(17) - age   5:      11136 bytes,     136888 total
[2021-03-18T10:19:54.702+0000][24612][gc,age       ] GC(17) - age   6:      16904 bytes,     153792 total
[2021-03-18T10:19:54.702+0000][24612][gc,age       ] GC(17) - age   7:     460152 bytes,     613944 total
[2021-03-18T10:19:54.702+0000][24612][gc,age       ] GC(17) - age   8:    2600744 bytes,    3214688 total
[2021-03-18T10:19:54.702+0000][24612][gc,age       ] GC(17) - age   9:   14765536 bytes,   17980224 total
[2021-03-18T10:19:54.702+0000][24612][gc,age       ] GC(17) - age  10:    7897592 bytes,   25877816 total
[2021-03-18T10:19:54.702+0000][24612][gc,phases    ] GC(17)   Pre Evacuate Collection Set: 0.3ms
[2021-03-18T10:19:54.702+0000][24612][gc,phases    ] GC(17)   Merge Heap Roots: 0.3ms
[2021-03-18T10:19:54.702+0000][24612][gc,phases    ] GC(17)   Evacuate Collection Set: 14.6ms
[2021-03-18T10:19:54.702+0000][24612][gc,phases    ] GC(17)   Post Evacuate Collection Set: 2.8ms
[2021-03-18T10:19:54.702+0000][24612][gc,phases    ] GC(17)   Other: 1.1ms
[2021-03-18T10:19:54.702+0000][24612][gc,heap      ] GC(17) Eden regions: 490->0(490)
[2021-03-18T10:19:54.702+0000][24612][gc,heap      ] GC(17) Survivor regions: 27->27(65)
[2021-03-18T10:19:54.702+0000][24612][gc,heap      ] GC(17) Old regions: 50->50
[2021-03-18T10:19:54.702+0000][24612][gc,heap      ] GC(17) Archive regions: 0->0
[2021-03-18T10:19:54.702+0000][24612][gc,heap      ] GC(17) Humongous regions: 174->174
[2021-03-18T10:19:54.702+0000][24612][gc,metaspace ] GC(17) Metaspace: 85168K(91036K)->85168K(91036K) NonClass: 74142K(77596K)->74142K(77596K) Class: 11025K(13440K)->11025K(13440K)
[2021-03-18T10:19:54.702+0000][24612][gc           ] GC(17) Pause Young (Normal) (G1 Evacuation Pause) 740M->250M(1024M) 19.168ms
[2021-03-18T10:19:54.702+0000][24612][gc,cpu       ] GC(17) User=0.11s Sys=0.03s Real=0.02s
[2021-03-18T10:19:54.702+0000][24612][safepoint    ] Safepoint "G1CollectForAllocation", Time since last: 646941600 ns, Reaching safepoint: 656100 ns, At safepoint: 19466500 ns, Total: 20122600 ns
[2021-03-18T10:19:55.704+0000][24612][safepoint    ] Safepoint "Cleanup", Time since last: 1000853600 ns, Reaching safepoint: 114400 ns, At safepoint: 5900 ns, Total: 120300 ns
[2021-03-18T10:19:57.704+0000][24612][safepoint    ] Safepoint "Cleanup", Time since last: 2000599000 ns, Reaching safepoint: 146100 ns, At safepoint: 2400 ns, Total: 148500 ns
[2021-03-18T10:19:58.705+0000][24612][safepoint    ] Safepoint "Cleanup", Time since last: 1000491200 ns, Reaching safepoint: 93000 ns, At safepoint: 2500 ns, Total: 95500 ns
[2021-03-18T10:19:59.863+0000][24612][safepoint    ] Safepoint "Cleanup", Time since last: 1158450900 ns, Reaching safepoint: 379500 ns, At safepoint: 21400 ns, Total: 400900 ns
[2021-03-18T10:20:01.864+0000][24612][safepoint    ] Safepoint "Cleanup", Time since last: 2000296700 ns, Reaching safepoint: 385600 ns, At safepoint: 26000 ns, Total: 411600 ns
[2021-03-18T10:20:03.864+0000][24612][safepoint    ] Safepoint "Cleanup", Time since last: 1999951800 ns, Reaching safepoint: 352800 ns, At safepoint: 16400 ns, Total: 369200 ns
[2021-03-18T10:20:04.865+0000][24612][safepoint    ] Safepoint "Cleanup", Time since last: 1000387100 ns, Reaching safepoint: 393500 ns, At safepoint: 124100 ns, Total: 517600 ns
[2021-03-18T10:20:06.866+0000][24612][safepoint    ] Safepoint "Cleanup", Time since last: 1999957800 ns, Reaching safepoint: 109700 ns, At safepoint: 3300 ns, Total: 113000 ns
[2021-03-18T10:20:07.866+0000][24612][safepoint    ] Safepoint "Cleanup", Time since last: 1000551600 ns, Reaching safepoint: 204100 ns, At safepoint: 11700 ns, Total: 215800 ns
[2021-03-18T10:20:08.866+0000][24612][safepoint    ] Safepoint "Cleanup", Time since last: 1000002900 ns, Reaching safepoint: 163500 ns, At safepoint: 6800 ns, Total: 170300 ns
[2021-03-18T10:20:09.867+0000][24612][safepoint    ] Safepoint "Cleanup", Time since last: 1000405500 ns, Reaching safepoint: 391500 ns, At safepoint: 24400 ns, Total: 415900 ns
[2021-03-18T10:20:10.868+0000][24612][safepoint    ] Safepoint "Cleanup", Time since last: 1000452000 ns, Reaching safepoint: 134500 ns, At safepoint: 20600 ns, Total: 155100 ns
[2021-03-18T10:20:11.868+0000][24612][safepoint    ] Safepoint "Cleanup", Time since last: 1000625100 ns, Reaching safepoint: 369400 ns, At safepoint: 15300 ns, Total: 384700 ns
[2021-03-18T10:20:12.869+0000][24612][safepoint    ] Safepoint "Cleanup", Time since last: 1000021000 ns, Reaching safepoint: 97700 ns, At safepoint: 2900 ns, Total: 100600 ns
[2021-03-18T10:20:13.869+0000][24612][safepoint    ] Safepoint "Cleanup", Time since last: 1000503100 ns, Reaching safepoint: 384200 ns, At safepoint: 25400 ns, Total: 409600 ns
[2021-03-18T10:20:14.870+0000][24612][safepoint    ] Safepoint "Cleanup", Time since last: 1000014000 ns, Reaching safepoint: 337300 ns, At safepoint: 12000 ns, Total: 349300 ns
[2021-03-18T10:20:16.870+0000][24612][safepoint    ] Safepoint "Cleanup", Time since last: 2000261900 ns, Reaching safepoint: 370400 ns, At safepoint: 15900 ns, Total: 386300 ns
[2021-03-18T10:20:18.871+0000][24612][safepoint    ] Safepoint "Cleanup", Time since last: 2000145100 ns, Reaching safepoint: 207400 ns, At safepoint: 11100 ns, Total: 218500 ns
[2021-03-18T10:20:19.871+0000][24612][safepoint    ] Safepoint "Cleanup", Time since last: 1000275300 ns, Reaching safepoint: 349600 ns, At safepoint: 22300 ns, Total: 371900 ns
[2021-03-18T10:20:20.872+0000][24612][safepoint    ] Safepoint "Cleanup", Time since last: 1000110300 ns, Reaching safepoint: 114400 ns, At safepoint: 3900 ns, Total: 118300 ns
[2021-03-18T10:20:21.872+0000][24612][safepoint    ] Safepoint "Cleanup", Time since last: 1000552800 ns, Reaching safepoint: 318000 ns, At safepoint: 16700 ns, Total: 334700 ns
[2021-03-18T10:20:23.873+0000][24612][safepoint    ] Safepoint "Cleanup", Time since last: 2000400700 ns, Reaching safepoint: 394100 ns, At safepoint: 26800 ns, Total: 420900 ns
[2021-03-18T10:20:25.874+0000][24612][safepoint    ] Safepoint "Cleanup", Time since last: 2000361000 ns, Reaching safepoint: 124700 ns, At safepoint: 5500 ns, Total: 130200 ns
[2021-03-18T10:20:26.875+0000][24612][safepoint    ] Safepoint "Cleanup", Time since last: 1000674100 ns, Reaching safepoint: 231600 ns, At safepoint: 6700 ns, Total: 238300 ns
[2021-03-18T10:20:27.875+0000][24612][safepoint    ] Safepoint "Cleanup", Time since last: 1000481500 ns, Reaching safepoint: 240100 ns, At safepoint: 9000 ns, Total: 249100 ns
[2021-03-18T10:20:29.876+0000][24612][safepoint    ] Safepoint "Cleanup", Time since last: 2000929100 ns, Reaching safepoint: 395500 ns, At safepoint: 13500 ns, Total: 409000 ns
[2021-03-18T10:20:30.877+0000][24612][safepoint    ] Safepoint "Cleanup", Time since last: 1000050200 ns, Reaching safepoint: 116200 ns, At safepoint: 6900 ns, Total: 123100 ns
[2021-03-18T10:20:31.877+0000][24612][safepoint    ] Safepoint "Cleanup", Time since last: 1000555100 ns, Reaching safepoint: 97400 ns, At safepoint: 3700 ns, Total: 101100 ns
[2021-03-18T10:20:32.879+0000][24612][safepoint    ] Safepoint "Cleanup", Time since last: 1001086900 ns, Reaching safepoint: 127600 ns, At safepoint: 4300 ns, Total: 131900 ns
[2021-03-18T10:20:33.880+0000][24612][safepoint    ] Safepoint "Cleanup", Time since last: 1000856500 ns, Reaching safepoint: 269000 ns, At safepoint: 14800 ns, Total: 283800 ns
[2021-03-18T10:20:34.880+0000][24612][safepoint    ] Safepoint "Cleanup", Time since last: 1000592600 ns, Reaching safepoint: 453900 ns, At safepoint: 25800 ns, Total: 479700 ns
[2021-03-18T10:20:35.881+0000][24612][safepoint    ] Safepoint "Cleanup", Time since last: 1000482800 ns, Reaching safepoint: 118500 ns, At safepoint: 3200 ns, Total: 121700 ns
[2021-03-18T10:20:36.882+0000][24612][safepoint    ] Safepoint "Cleanup", Time since last: 1000341000 ns, Reaching safepoint: 204100 ns, At safepoint: 12600 ns, Total: 216700 ns
[2021-03-18T10:20:37.882+0000][24612][safepoint    ] Safepoint "Cleanup", Time since last: 1000519200 ns, Reaching safepoint: 213100 ns, At safepoint: 13600 ns, Total: 226700 ns
[2021-03-18T10:20:38.883+0000][24612][safepoint    ] Safepoint "Cleanup", Time since last: 1000037100 ns, Reaching safepoint: 99100 ns, At safepoint: 4100 ns, Total: 103200 ns
[2021-03-18T10:20:39.883+0000][24612][safepoint    ] Safepoint "Cleanup", Time since last: 1000591800 ns, Reaching safepoint: 460500 ns, At safepoint: 26200 ns, Total: 486700 ns
[2021-03-18T10:20:41.884+0000][24612][safepoint    ] Safepoint "Cleanup", Time since last: 2000192900 ns, Reaching safepoint: 158600 ns, At safepoint: 5900 ns, Total: 164500 ns
[2021-03-18T10:20:42.884+0000][24612][safepoint    ] Safepoint "Cleanup", Time since last: 1000167700 ns, Reaching safepoint: 129300 ns, At safepoint: 5900 ns, Total: 135200 ns
[2021-03-18T10:20:43.885+0000][24612][safepoint    ] Safepoint "Cleanup", Time since last: 1000600000 ns, Reaching safepoint: 106300 ns, At safepoint: 6000 ns, Total: 112300 ns
[2021-03-18T10:20:44.886+0000][24612][safepoint    ] Safepoint "Cleanup", Time since last: 1000487600 ns, Reaching safepoint: 85400 ns, At safepoint: 4500 ns, Total: 89900 ns
[2021-03-18T10:20:45.887+0000][24612][safepoint    ] Safepoint "Cleanup", Time since last: 1000757300 ns, Reaching safepoint: 528100 ns, At safepoint: 37700 ns, Total: 565800 ns
[2021-03-18T10:20:46.888+0000][24612][safepoint    ] Safepoint "Cleanup", Time since last: 1000908800 ns, Reaching safepoint: 91600 ns, At safepoint: 3500 ns, Total: 95100 ns
[2021-03-18T10:20:47.889+0000][24612][safepoint    ] Safepoint "Cleanup", Time since last: 1000980200 ns, Reaching safepoint: 251300 ns, At safepoint: 13500 ns, Total: 264800 ns
[2021-03-18T10:20:48.890+0000][24612][safepoint    ] Safepoint "Cleanup", Time since last: 1000581400 ns, Reaching safepoint: 146400 ns, At safepoint: 5200 ns, Total: 151600 ns
[2021-03-18T10:20:49.890+0000][24612][safepoint    ] Safepoint "Cleanup", Time since last: 1000592500 ns, Reaching safepoint: 402800 ns, At safepoint: 159300 ns, Total: 562100 ns
[2021-03-18T10:20:50.891+0000][24612][safepoint    ] Safepoint "Cleanup", Time since last: 1000284100 ns, Reaching safepoint: 108800 ns, At safepoint: 3100 ns, Total: 111900 ns
[2021-03-18T10:20:51.891+0000][24612][safepoint    ] Safepoint "Cleanup", Time since last: 1000141100 ns, Reaching safepoint: 131800 ns, At safepoint: 3900 ns, Total: 135700 ns
[2021-03-18T10:20:52.892+0000][24612][safepoint    ] Safepoint "Cleanup", Time since last: 1000226300 ns, Reaching safepoint: 303400 ns, At safepoint: 16200 ns, Total: 319600 ns
[2021-03-18T10:20:53.893+0000][24612][safepoint    ] Safepoint "Cleanup", Time since last: 1000508400 ns, Reaching safepoint: 270200 ns, At safepoint: 8500 ns, Total: 278700 ns
[2021-03-18T10:20:55.893+0000][24612][safepoint    ] Safepoint "Cleanup", Time since last: 2000708500 ns, Reaching safepoint: 102100 ns, At safepoint: 3400 ns, Total: 105500 ns
[2021-03-18T10:20:57.894+0000][24612][safepoint    ] Safepoint "Cleanup", Time since last: 2000390100 ns, Reaching safepoint: 180600 ns, At safepoint: 11100 ns, Total: 191700 ns
[2021-03-18T10:20:58.894+0000][24612][safepoint    ] Safepoint "Cleanup", Time since last: 1000074600 ns, Reaching safepoint: 227300 ns, At safepoint: 11700 ns, Total: 239000 ns
[2021-03-18T10:20:59.895+0000][24612][safepoint    ] Safepoint "Cleanup", Time since last: 1000306100 ns, Reaching safepoint: 410000 ns, At safepoint: 23400 ns, Total: 433400 ns
[2021-03-18T10:21:01.896+0000][24612][safepoint    ] Safepoint "Cleanup", Time since last: 2000537900 ns, Reaching safepoint: 101900 ns, At safepoint: 3200 ns, Total: 105100 ns
[2021-03-18T10:21:02.896+0000][24612][safepoint    ] Safepoint "Cleanup", Time since last: 1000335000 ns, Reaching safepoint: 290700 ns, At safepoint: 17500 ns, Total: 308200 ns
[2021-03-18T10:21:03.897+0000][24612][safepoint    ] Safepoint "Cleanup", Time since last: 1000425700 ns, Reaching safepoint: 499900 ns, At safepoint: 26500 ns, Total: 526400 ns
[2021-03-18T10:21:04.898+0000][24612][safepoint    ] Safepoint "Cleanup", Time since last: 1001348700 ns, Reaching safepoint: 367000 ns, At safepoint: 15700 ns, Total: 382700 ns
[2021-03-18T10:21:05.900+0000][24612][safepoint    ] Safepoint "Cleanup", Time since last: 1001059500 ns, Reaching safepoint: 200300 ns, At safepoint: 9600 ns, Total: 209900 ns
[2021-03-18T10:21:06.900+0000][24612][safepoint    ] Safepoint "Cleanup", Time since last: 1000225000 ns, Reaching safepoint: 93400 ns, At safepoint: 2700 ns, Total: 96100 ns
[2021-03-18T10:21:08.901+0000][24612][safepoint    ] Safepoint "Cleanup", Time since last: 2000453500 ns, Reaching safepoint: 127400 ns, At safepoint: 7300 ns, Total: 134700 ns
[2021-03-18T10:21:10.632+0000][24612][safepoint    ] Safepoint "Cleanup", Time since last: 1731047100 ns, Reaching safepoint: 104100 ns, At safepoint: 5200 ns, Total: 109300 ns
[2021-03-18T10:21:11.632+0000][24612][safepoint    ] Safepoint "Cleanup", Time since last: 1000003200 ns, Reaching safepoint: 174200 ns, At safepoint: 5600 ns, Total: 179800 ns
[2021-03-18T10:21:12.632+0000][24612][safepoint    ] Safepoint "Cleanup", Time since last: 1000303400 ns, Reaching safepoint: 193700 ns, At safepoint: 7500 ns, Total: 201200 ns
[2021-03-18T10:21:13.634+0000][24612][safepoint    ] Safepoint "Cleanup", Time since last: 1001026700 ns, Reaching safepoint: 371900 ns, At safepoint: 21100 ns, Total: 393000 ns
[2021-03-18T10:21:14.634+0000][24612][safepoint    ] Safepoint "Cleanup", Time since last: 1000105600 ns, Reaching safepoint: 216100 ns, At safepoint: 10300 ns, Total: 226400 ns
[2021-03-18T10:21:15.635+0000][24612][safepoint    ] Safepoint "Cleanup", Time since last: 1000439600 ns, Reaching safepoint: 396400 ns, At safepoint: 26100 ns, Total: 422500 ns
[2021-03-18T10:21:16.636+0000][24612][safepoint    ] Safepoint "Cleanup", Time since last: 1000560400 ns, Reaching safepoint: 388500 ns, At safepoint: 24200 ns, Total: 412700 ns
[2021-03-18T10:21:17.636+0000][24612][safepoint    ] Safepoint "Cleanup", Time since last: 1000066200 ns, Reaching safepoint: 273600 ns, At safepoint: 13900 ns, Total: 287500 ns
[2021-03-18T10:21:18.637+0000][24612][safepoint    ] Safepoint "Cleanup", Time since last: 1000346000 ns, Reaching safepoint: 321600 ns, At safepoint: 12400 ns, Total: 334000 ns
[2021-03-18T10:21:19.638+0000][24612][safepoint    ] Safepoint "Cleanup", Time since last: 1000404200 ns, Reaching safepoint: 201900 ns, At safepoint: 77700 ns, Total: 279600 ns
[2021-03-18T10:21:20.638+0000][24612][safepoint    ] Safepoint "Cleanup", Time since last: 1000777500 ns, Reaching safepoint: 380300 ns, At safepoint: 20900 ns, Total: 401200 ns
[2021-03-18T10:21:21.640+0000][24612][safepoint    ] Safepoint "Cleanup", Time since last: 1000724000 ns, Reaching safepoint: 160400 ns, At safepoint: 3500 ns, Total: 163900 ns
[2021-03-18T10:21:22.640+0000][24612][safepoint    ] Safepoint "Cleanup", Time since last: 1000161200 ns, Reaching safepoint: 148900 ns, At safepoint: 3500 ns, Total: 152400 ns
[2021-03-18T10:21:24.640+0000][24612][safepoint    ] Safepoint "Cleanup", Time since last: 2000065100 ns, Reaching safepoint: 154800 ns, At safepoint: 4000 ns, Total: 158800 ns
[2021-03-18T10:21:25.641+0000][24612][safepoint    ] Safepoint "Cleanup", Time since last: 1000867800 ns, Reaching safepoint: 382200 ns, At safepoint: 21000 ns, Total: 403200 ns
[2021-03-18T10:21:26.642+0000][24612][safepoint    ] Safepoint "Cleanup", Time since last: 1000241400 ns, Reaching safepoint: 437700 ns, At safepoint: 28900 ns, Total: 466600 ns
[2021-03-18T10:21:28.018+0000][24612][safepoint    ] Safepoint "Cleanup", Time since last: 1375900100 ns, Reaching safepoint: 408700 ns, At safepoint: 25600 ns, Total: 434300 ns
[2021-03-18T10:21:30.019+0000][24612][safepoint    ] Safepoint "Cleanup", Time since last: 2000940700 ns, Reaching safepoint: 388800 ns, At safepoint: 21200 ns, Total: 410000 ns
[2021-03-18T10:21:32.020+0000][24612][safepoint    ] Safepoint "Cleanup", Time since last: 2000417700 ns, Reaching safepoint: 140800 ns, At safepoint: 3100 ns, Total: 143900 ns
[2021-03-18T10:21:33.021+0000][24612][safepoint    ] Safepoint "Cleanup", Time since last: 1000603700 ns, Reaching safepoint: 247800 ns, At safepoint: 8200 ns, Total: 256000 ns
[2021-03-18T10:21:34.021+0000][24612][safepoint    ] Safepoint "Cleanup", Time since last: 1000318300 ns, Reaching safepoint: 333100 ns, At safepoint: 12000 ns, Total: 345100 ns
[2021-03-18T10:21:35.022+0000][24612][safepoint    ] Safepoint "Cleanup", Time since last: 1000213900 ns, Reaching safepoint: 256700 ns, At safepoint: 13600 ns, Total: 270300 ns
[2021-03-18T10:21:36.022+0000][24612][safepoint    ] Safepoint "Cleanup", Time since last: 1000109700 ns, Reaching safepoint: 346800 ns, At safepoint: 22200 ns, Total: 369000 ns
[2021-03-18T10:21:37.023+0000][24612][safepoint    ] Safepoint "Cleanup", Time since last: 1000459100 ns, Reaching safepoint: 82700 ns, At safepoint: 2600 ns, Total: 85300 ns
[2021-03-18T10:21:38.024+0000][24612][safepoint    ] Safepoint "Cleanup", Time since last: 1000965100 ns, Reaching safepoint: 433700 ns, At safepoint: 23600 ns, Total: 457300 ns
[2021-03-18T10:21:40.025+0000][24612][safepoint    ] Safepoint "Cleanup", Time since last: 2000545800 ns, Reaching safepoint: 431000 ns, At safepoint: 23100 ns, Total: 454100 ns
[2021-03-18T10:21:41.025+0000][24612][safepoint    ] Safepoint "Cleanup", Time since last: 1000152400 ns, Reaching safepoint: 413300 ns, At safepoint: 27500 ns, Total: 440800 ns
[2021-03-18T10:21:42.027+0000][24612][safepoint    ] Safepoint "Cleanup", Time since last: 1000492500 ns, Reaching safepoint: 108300 ns, At safepoint: 7000 ns, Total: 115300 ns
[2021-03-18T10:21:43.027+0000][24612][safepoint    ] Safepoint "Cleanup", Time since last: 1000383300 ns, Reaching safepoint: 304200 ns, At safepoint: 16400 ns, Total: 320600 ns
[2021-03-18T10:21:44.028+0000][24612][safepoint    ] Safepoint "Cleanup", Time since last: 1000376300 ns, Reaching safepoint: 386100 ns, At safepoint: 14100 ns, Total: 400200 ns
[2021-03-18T10:21:45.028+0000][24612][safepoint    ] Safepoint "Cleanup", Time since last: 1000519200 ns, Reaching safepoint: 354400 ns, At safepoint: 21900 ns, Total: 376300 ns
[2021-03-18T10:21:46.029+0000][24612][safepoint    ] Safepoint "Cleanup", Time since last: 1000359900 ns, Reaching safepoint: 239100 ns, At safepoint: 7400 ns, Total: 246500 ns
[2021-03-18T10:21:47.029+0000][24612][safepoint    ] Safepoint "Cleanup", Time since last: 1000068600 ns, Reaching safepoint: 106600 ns, At safepoint: 3300 ns, Total: 109900 ns
[2021-03-18T10:21:48.030+0000][24612][safepoint    ] Safepoint "Cleanup", Time since last: 1000046700 ns, Reaching safepoint: 102400 ns, At safepoint: 3700 ns, Total: 106100 ns
[2021-03-18T10:21:49.030+0000][24612][safepoint    ] Safepoint "Cleanup", Time since last: 1000057600 ns, Reaching safepoint: 153200 ns, At safepoint: 8300 ns, Total: 161500 ns
[2021-03-18T10:21:50.030+0000][24612][safepoint    ] Safepoint "Cleanup", Time since last: 1000079500 ns, Reaching safepoint: 358300 ns, At safepoint: 20200 ns, Total: 378500 ns
[2021-03-18T10:21:51.031+0000][24612][safepoint    ] Safepoint "Cleanup", Time since last: 1000503300 ns, Reaching safepoint: 263800 ns, At safepoint: 20900 ns, Total: 284700 ns
[2021-03-18T10:21:52.032+0000][24612][safepoint    ] Safepoint "Cleanup", Time since last: 1000554300 ns, Reaching safepoint: 84400 ns, At safepoint: 2000 ns, Total: 86400 ns
[2021-03-18T10:21:53.032+0000][24612][safepoint    ] Safepoint "Cleanup", Time since last: 1000359000 ns, Reaching safepoint: 261300 ns, At safepoint: 12700 ns, Total: 274000 ns
[2021-03-18T10:21:54.033+0000][24612][safepoint    ] Safepoint "Cleanup", Time since last: 1000536700 ns, Reaching safepoint: 356000 ns, At safepoint: 29600 ns, Total: 385600 ns
[2021-03-18T10:21:56.034+0000][24612][safepoint    ] Safepoint "Cleanup", Time since last: 2000752300 ns, Reaching safepoint: 197900 ns, At safepoint: 6400 ns, Total: 204300 ns
[2021-03-18T10:21:58.035+0000][24612][safepoint    ] Safepoint "Cleanup", Time since last: 2000836900 ns, Reaching safepoint: 157000 ns, At safepoint: 3300 ns, Total: 160300 ns
[2021-03-18T10:21:59.035+0000][24612][safepoint    ] Safepoint "Cleanup", Time since last: 1000276500 ns, Reaching safepoint: 382400 ns, At safepoint: 15700 ns, Total: 398100 ns
[2021-03-18T10:22:01.036+0000][24612][safepoint    ] Safepoint "Cleanup", Time since last: 2000424300 ns, Reaching safepoint: 191100 ns, At safepoint: 9300 ns, Total: 200400 ns
[2021-03-18T10:22:02.037+0000][24612][safepoint    ] Safepoint "Cleanup", Time since last: 1000703400 ns, Reaching safepoint: 128600 ns, At safepoint: 20700 ns, Total: 149300 ns
[2021-03-18T10:22:03.038+0000][24612][safepoint    ] Safepoint "Cleanup", Time since last: 1000609700 ns, Reaching safepoint: 359100 ns, At safepoint: 23200 ns, Total: 382300 ns
[2021-03-18T10:22:04.038+0000][24612][safepoint    ] Safepoint "Cleanup", Time since last: 1000419000 ns, Reaching safepoint: 377100 ns, At safepoint: 22900 ns, Total: 400000 ns
[2021-03-18T10:22:06.039+0000][24612][safepoint    ] Safepoint "Cleanup", Time since last: 1999997100 ns, Reaching safepoint: 182000 ns, At safepoint: 20500 ns, Total: 202500 ns
[2021-03-18T10:22:07.039+0000][24612][safepoint    ] Safepoint "Cleanup", Time since last: 1000176400 ns, Reaching safepoint: 136300 ns, At safepoint: 4800 ns, Total: 141100 ns
[2021-03-18T10:22:08.040+0000][24612][safepoint    ] Safepoint "Cleanup", Time since last: 1000749300 ns, Reaching safepoint: 115400 ns, At safepoint: 6900 ns, Total: 122300 ns
[2021-03-18T10:22:10.040+0000][24612][safepoint    ] Safepoint "Cleanup", Time since last: 1999946400 ns, Reaching safepoint: 220700 ns, At safepoint: 12500 ns, Total: 233200 ns
[2021-03-18T10:22:11.040+0000][24612][safepoint    ] Safepoint "Cleanup", Time since last: 1000202300 ns, Reaching safepoint: 157600 ns, At safepoint: 8300 ns, Total: 165900 ns
[2021-03-18T10:22:13.041+0000][24612][safepoint    ] Safepoint "Cleanup", Time since last: 2000342000 ns, Reaching safepoint: 293400 ns, At safepoint: 12400 ns, Total: 305800 ns
[2021-03-18T10:22:14.042+0000][24612][safepoint    ] Safepoint "Cleanup", Time since last: 1000507100 ns, Reaching safepoint: 337800 ns, At safepoint: 18600 ns, Total: 356400 ns
[2021-03-18T10:22:15.042+0000][24612][safepoint    ] Safepoint "Cleanup", Time since last: 1000556900 ns, Reaching safepoint: 374700 ns, At safepoint: 23900 ns, Total: 398600 ns
[2021-03-18T10:22:16.043+0000][24612][safepoint    ] Safepoint "Cleanup", Time since last: 1000213500 ns, Reaching safepoint: 142400 ns, At safepoint: 6900 ns, Total: 149300 ns
[2021-03-18T10:22:17.991+0000][24612][safepoint    ] Safepoint "Cleanup", Time since last: 1948135900 ns, Reaching safepoint: 229800 ns, At safepoint: 15200 ns, Total: 245000 ns
[2021-03-18T10:22:18.992+0000][24612][safepoint    ] Safepoint "Cleanup", Time since last: 1000545100 ns, Reaching safepoint: 104000 ns, At safepoint: 3700 ns, Total: 107700 ns
[2021-03-18T10:22:20.992+0000][24612][safepoint    ] Safepoint "Cleanup", Time since last: 2000463900 ns, Reaching safepoint: 396900 ns, At safepoint: 13200 ns, Total: 410100 ns
[2021-03-18T10:22:21.994+0000][24612][safepoint    ] Safepoint "Cleanup", Time since last: 1000822100 ns, Reaching safepoint: 99700 ns, At safepoint: 5300 ns, Total: 105000 ns
[2021-03-18T10:22:22.994+0000][24612][safepoint    ] Safepoint "Cleanup", Time since last: 1000062700 ns, Reaching safepoint: 348100 ns, At safepoint: 13000 ns, Total: 361100 ns
[2021-03-18T10:22:23.994+0000][24612][safepoint    ] Safepoint "Cleanup", Time since last: 1000115300 ns, Reaching safepoint: 185700 ns, At safepoint: 6600 ns, Total: 192300 ns
[2021-03-18T10:22:24.995+0000][24612][safepoint    ] Safepoint "Cleanup", Time since last: 1000493300 ns, Reaching safepoint: 245900 ns, At safepoint: 11600 ns, Total: 257500 ns
[2021-03-18T10:22:25.996+0000][24612][safepoint    ] Safepoint "Cleanup", Time since last: 1000435200 ns, Reaching safepoint: 149700 ns, At safepoint: 5900 ns, Total: 155600 ns
[2021-03-18T10:22:26.996+0000][24612][safepoint    ] Safepoint "Cleanup", Time since last: 1000380500 ns, Reaching safepoint: 99700 ns, At safepoint: 3000 ns, Total: 102700 ns
[2021-03-18T10:22:28.997+0000][24612][safepoint    ] Safepoint "Cleanup", Time since last: 2000465100 ns, Reaching safepoint: 145600 ns, At safepoint: 4000 ns, Total: 149600 ns
[2021-03-18T10:22:29.997+0000][24612][safepoint    ] Safepoint "Cleanup", Time since last: 1000330600 ns, Reaching safepoint: 132600 ns, At safepoint: 4300 ns, Total: 136900 ns
[2021-03-18T10:22:30.998+0000][24612][safepoint    ] Safepoint "Cleanup", Time since last: 1000390300 ns, Reaching safepoint: 270500 ns, At safepoint: 9200 ns, Total: 279700 ns
[2021-03-18T10:22:31.998+0000][24612][safepoint    ] Safepoint "Cleanup", Time since last: 1000124600 ns, Reaching safepoint: 115500 ns, At safepoint: 21600 ns, Total: 137100 ns
[2021-03-18T10:22:32.998+0000][24612][safepoint    ] Safepoint "Cleanup", Time since last: 1000027900 ns, Reaching safepoint: 169600 ns, At safepoint: 6400 ns, Total: 176000 ns
[2021-03-18T10:22:33.999+0000][24612][safepoint    ] Safepoint "Cleanup", Time since last: 1000502100 ns, Reaching safepoint: 149300 ns, At safepoint: 9000 ns, Total: 158300 ns
[2021-03-18T10:22:34.999+0000][24612][safepoint    ] Safepoint "Cleanup", Time since last: 1000314800 ns, Reaching safepoint: 432400 ns, At safepoint: 35500 ns, Total: 467900 ns
[2021-03-18T10:22:36.000+0000][24612][safepoint    ] Safepoint "Cleanup", Time since last: 1000383800 ns, Reaching safepoint: 359200 ns, At safepoint: 10600 ns, Total: 369800 ns
[2021-03-18T10:22:37.001+0000][24612][safepoint    ] Safepoint "Cleanup", Time since last: 1000212000 ns, Reaching safepoint: 279300 ns, At safepoint: 11600 ns, Total: 290900 ns
[2021-03-18T10:22:38.001+0000][24612][safepoint    ] Safepoint "Cleanup", Time since last: 1000195700 ns, Reaching safepoint: 477400 ns, At safepoint: 30800 ns, Total: 508200 ns
[2021-03-18T10:22:40.002+0000][24612][safepoint    ] Safepoint "Cleanup", Time since last: 2000689600 ns, Reaching safepoint: 147000 ns, At safepoint: 5700 ns, Total: 152700 ns
[2021-03-18T10:22:41.002+0000][24612][safepoint    ] Safepoint "Cleanup", Time since last: 1000190900 ns, Reaching safepoint: 222900 ns, At safepoint: 13700 ns, Total: 236600 ns
[2021-03-18T10:22:42.003+0000][24612][safepoint    ] Safepoint "Cleanup", Time since last: 1000543000 ns, Reaching safepoint: 242000 ns, At safepoint: 10600 ns, Total: 252600 ns
[2021-03-18T10:22:43.004+0000][24612][safepoint    ] Safepoint "Cleanup", Time since last: 1000280700 ns, Reaching safepoint: 151100 ns, At safepoint: 4200 ns, Total: 155300 ns
[2021-03-18T10:22:44.005+0000][24612][safepoint    ] Safepoint "Cleanup", Time since last: 1000789500 ns, Reaching safepoint: 134600 ns, At safepoint: 4400 ns, Total: 139000 ns
[2021-03-18T10:22:45.005+0000][24612][safepoint    ] Safepoint "Cleanup", Time since last: 1000091000 ns, Reaching safepoint: 156300 ns, At safepoint: 5200 ns, Total: 161500 ns
[2021-03-18T10:22:46.005+0000][24612][safepoint    ] Safepoint "Cleanup", Time since last: 1000116700 ns, Reaching safepoint: 162200 ns, At safepoint: 7400 ns, Total: 169600 ns
[2021-03-18T10:22:48.005+0000][24612][safepoint    ] Safepoint "Cleanup", Time since last: 2000022500 ns, Reaching safepoint: 441200 ns, At safepoint: 32300 ns, Total: 473500 ns
[2021-03-18T10:22:49.007+0000][24612][safepoint    ] Safepoint "Cleanup", Time since last: 1001076100 ns, Reaching safepoint: 133200 ns, At safepoint: 4600 ns, Total: 137800 ns
[2021-03-18T10:22:50.008+0000][24612][safepoint    ] Safepoint "Cleanup", Time since last: 1000902600 ns, Reaching safepoint: 428000 ns, At safepoint: 31500 ns, Total: 459500 ns
[2021-03-18T10:22:51.009+0000][24612][safepoint    ] Safepoint "Cleanup", Time since last: 1000973000 ns, Reaching safepoint: 365200 ns, At safepoint: 23400 ns, Total: 388600 ns
[2021-03-18T10:22:52.010+0000][24612][safepoint    ] Safepoint "Cleanup", Time since last: 1000214600 ns, Reaching safepoint: 192100 ns, At safepoint: 16600 ns, Total: 208700 ns
[2021-03-18T10:22:53.010+0000][24612][safepoint    ] Safepoint "Cleanup", Time since last: 1000420800 ns, Reaching safepoint: 397900 ns, At safepoint: 66400 ns, Total: 464300 ns
[2021-03-18T10:22:54.012+0000][24612][safepoint    ] Safepoint "Cleanup", Time since last: 1000964800 ns, Reaching safepoint: 262900 ns, At safepoint: 14300 ns, Total: 277200 ns
[2021-03-18T10:22:56.013+0000][24612][safepoint    ] Safepoint "Cleanup", Time since last: 2000824400 ns, Reaching safepoint: 163100 ns, At safepoint: 4100 ns, Total: 167200 ns
[2021-03-18T10:22:58.013+0000][24612][safepoint    ] Safepoint "Cleanup", Time since last: 2000544100 ns, Reaching safepoint: 346200 ns, At safepoint: 23500 ns, Total: 369700 ns
[2021-03-18T10:22:59.014+0000][24612][safepoint    ] Safepoint "Cleanup", Time since last: 1000459800 ns, Reaching safepoint: 462000 ns, At safepoint: 23500 ns, Total: 485500 ns
[2021-03-18T10:23:01.015+0000][24612][safepoint    ] Safepoint "Cleanup", Time since last: 1999996500 ns, Reaching safepoint: 174600 ns, At safepoint: 60800 ns, Total: 235400 ns
[2021-03-18T10:23:02.015+0000][24612][safepoint    ] Safepoint "Cleanup", Time since last: 1000660100 ns, Reaching safepoint: 290000 ns, At safepoint: 19600 ns, Total: 309600 ns
[2021-03-18T10:23:04.016+0000][24612][safepoint    ] Safepoint "Cleanup", Time since last: 2000356600 ns, Reaching safepoint: 477200 ns, At safepoint: 27000 ns, Total: 504200 ns
[2021-03-18T10:23:06.016+0000][24612][safepoint    ] Safepoint "Cleanup", Time since last: 2000035200 ns, Reaching safepoint: 384600 ns, At safepoint: 22500 ns, Total: 407100 ns
[2021-03-18T10:23:07.018+0000][24612][safepoint    ] Safepoint "Cleanup", Time since last: 1000839400 ns, Reaching safepoint: 132800 ns, At safepoint: 4900 ns, Total: 137700 ns
[2021-03-18T10:23:09.019+0000][24612][safepoint    ] Safepoint "Cleanup", Time since last: 2000883700 ns, Reaching safepoint: 433300 ns, At safepoint: 26800 ns, Total: 460100 ns
[2021-03-18T10:23:10.020+0000][24612][safepoint    ] Safepoint "Cleanup", Time since last: 1000474400 ns, Reaching safepoint: 374400 ns, At safepoint: 26800 ns, Total: 401200 ns
[2021-03-18T10:23:11.020+0000][24612][safepoint    ] Safepoint "Cleanup", Time since last: 1000511000 ns, Reaching safepoint: 395600 ns, At safepoint: 14100 ns, Total: 409700 ns
[2021-03-18T10:23:12.022+0000][24612][safepoint    ] Safepoint "Cleanup", Time since last: 1000720800 ns, Reaching safepoint: 158100 ns, At safepoint: 5300 ns, Total: 163400 ns
[2021-03-18T10:23:13.022+0000][24612][safepoint    ] Safepoint "Cleanup", Time since last: 1000037600 ns, Reaching safepoint: 202000 ns, At safepoint: 5500 ns, Total: 207500 ns
[2021-03-18T10:23:14.022+0000][24612][safepoint    ] Safepoint "Cleanup", Time since last: 1000248200 ns, Reaching safepoint: 204700 ns, At safepoint: 9100 ns, Total: 213800 ns
[2021-03-18T10:23:15.022+0000][24612][safepoint    ] Safepoint "Cleanup", Time since last: 1000026800 ns, Reaching safepoint: 156000 ns, At safepoint: 8400 ns, Total: 164400 ns
[2021-03-18T10:23:16.023+0000][24612][safepoint    ] Safepoint "Cleanup", Time since last: 1000624000 ns, Reaching safepoint: 338800 ns, At safepoint: 18700 ns, Total: 357500 ns
[2021-03-18T10:23:18.024+0000][24612][safepoint    ] Safepoint "Cleanup", Time since last: 2000154400 ns, Reaching safepoint: 266900 ns, At safepoint: 16700 ns, Total: 283600 ns
[2021-03-18T10:23:19.024+0000][24612][safepoint    ] Safepoint "Cleanup", Time since last: 1000519600 ns, Reaching safepoint: 145000 ns, At safepoint: 5300 ns, Total: 150300 ns
[2021-03-18T10:23:20.025+0000][24612][safepoint    ] Safepoint "Cleanup", Time since last: 1000543300 ns, Reaching safepoint: 239900 ns, At safepoint: 15900 ns, Total: 255800 ns
[2021-03-18T10:23:21.025+0000][24612][safepoint    ] Safepoint "Cleanup", Time since last: 1000334100 ns, Reaching safepoint: 389100 ns, At safepoint: 20400 ns, Total: 409500 ns
[2021-03-18T10:23:22.026+0000][24612][safepoint    ] Safepoint "Cleanup", Time since last: 1000295900 ns, Reaching safepoint: 106600 ns, At safepoint: 3600 ns, Total: 110200 ns
[2021-03-18T10:23:23.027+0000][24612][safepoint    ] Safepoint "Cleanup", Time since last: 1000322100 ns, Reaching safepoint: 254100 ns, At safepoint: 10400 ns, Total: 264500 ns
[2021-03-18T10:23:24.027+0000][24612][safepoint    ] Safepoint "Cleanup", Time since last: 1000135600 ns, Reaching safepoint: 371400 ns, At safepoint: 14800 ns, Total: 386200 ns
[2021-03-18T10:23:25.028+0000][24612][safepoint    ] Safepoint "Cleanup", Time since last: 1000462300 ns, Reaching safepoint: 202100 ns, At safepoint: 12200 ns, Total: 214300 ns
[2021-03-18T10:23:26.029+0000][24612][safepoint    ] Safepoint "Cleanup", Time since last: 1001105200 ns, Reaching safepoint: 500400 ns, At safepoint: 37500 ns, Total: 537900 ns
[2021-03-18T10:23:28.012+0000][24612][safepoint    ] Safepoint "Cleanup", Time since last: 1981896800 ns, Reaching safepoint: 218000 ns, At safepoint: 11400 ns, Total: 229400 ns
[2021-03-18T10:23:29.013+0000][24612][safepoint    ] Safepoint "Cleanup", Time since last: 1000832100 ns, Reaching safepoint: 189500 ns, At safepoint: 70400 ns, Total: 259900 ns
[2021-03-18T10:23:30.013+0000][24612][safepoint    ] Safepoint "Cleanup", Time since last: 1000097400 ns, Reaching safepoint: 147100 ns, At safepoint: 4400 ns, Total: 151500 ns
[2021-03-18T10:23:31.014+0000][24612][safepoint    ] Safepoint "Cleanup", Time since last: 1000653700 ns, Reaching safepoint: 159900 ns, At safepoint: 3600 ns, Total: 163500 ns
[2021-03-18T10:23:32.014+0000][24612][safepoint    ] Safepoint "Cleanup", Time since last: 1000255100 ns, Reaching safepoint: 108700 ns, At safepoint: 5800 ns, Total: 114500 ns
[2021-03-18T10:23:33.015+0000][24612][safepoint    ] Safepoint "Cleanup", Time since last: 1000507200 ns, Reaching safepoint: 109500 ns, At safepoint: 67900 ns, Total: 177400 ns
[2021-03-18T10:23:35.015+0000][24612][safepoint    ] Safepoint "Cleanup", Time since last: 2000177500 ns, Reaching safepoint: 135700 ns, At safepoint: 72500 ns, Total: 208200 ns
[2021-03-18T10:23:36.016+0000][24612][safepoint    ] Safepoint "Cleanup", Time since last: 1000692500 ns, Reaching safepoint: 137300 ns, At safepoint: 61400 ns, Total: 198700 ns
[2021-03-18T10:23:37.016+0000][24612][safepoint    ] Safepoint "Cleanup", Time since last: 1000169100 ns, Reaching safepoint: 167400 ns, At safepoint: 74400 ns, Total: 241800 ns
[2021-03-18T10:23:38.017+0000][24612][safepoint    ] Safepoint "Cleanup", Time since last: 1000345700 ns, Reaching safepoint: 176000 ns, At safepoint: 6400 ns, Total: 182400 ns
[2021-03-18T10:23:39.017+0000][24612][safepoint    ] Safepoint "Cleanup", Time since last: 1000165800 ns, Reaching safepoint: 141500 ns, At safepoint: 6600 ns, Total: 148100 ns
[2021-03-18T10:23:40.018+0000][24612][safepoint    ] Safepoint "Cleanup", Time since last: 1001034800 ns, Reaching safepoint: 171900 ns, At safepoint: 8400 ns, Total: 180300 ns
[2021-03-18T10:23:41.019+0000][24612][safepoint    ] Safepoint "Cleanup", Time since last: 1000317400 ns, Reaching safepoint: 308400 ns, At safepoint: 85300 ns, Total: 393700 ns
[2021-03-18T10:23:42.019+0000][24612][safepoint    ] Safepoint "Cleanup", Time since last: 1000123500 ns, Reaching safepoint: 136900 ns, At safepoint: 5400 ns, Total: 142300 ns
[2021-03-18T10:23:43.020+0000][24612][safepoint    ] Safepoint "Cleanup", Time since last: 1000234500 ns, Reaching safepoint: 98500 ns, At safepoint: 5700 ns, Total: 104200 ns
[2021-03-18T10:23:44.020+0000][24612][safepoint    ] Safepoint "Cleanup", Time since last: 1000551100 ns, Reaching safepoint: 170000 ns, At safepoint: 7100 ns, Total: 177100 ns
[2021-03-18T10:23:45.021+0000][24612][safepoint    ] Safepoint "Cleanup", Time since last: 1000289900 ns, Reaching safepoint: 199300 ns, At safepoint: 10800 ns, Total: 210100 ns
[2021-03-18T10:23:47.021+0000][24612][safepoint    ] Safepoint "Cleanup", Time since last: 2000499700 ns, Reaching safepoint: 133700 ns, At safepoint: 5800 ns, Total: 139500 ns
[2021-03-18T10:23:48.022+0000][24612][safepoint    ] Safepoint "Cleanup", Time since last: 1001096000 ns, Reaching safepoint: 138000 ns, At safepoint: 5200 ns, Total: 143200 ns
[2021-03-18T10:23:49.023+0000][24612][safepoint    ] Safepoint "Cleanup", Time since last: 1000215200 ns, Reaching safepoint: 169000 ns, At safepoint: 6600 ns, Total: 175600 ns
[2021-03-18T10:23:51.023+0000][24612][safepoint    ] Safepoint "Cleanup", Time since last: 2000210800 ns, Reaching safepoint: 186000 ns, At safepoint: 10900 ns, Total: 196900 ns
[2021-03-18T10:23:53.024+0000][24612][safepoint    ] Safepoint "Cleanup", Time since last: 2000354900 ns, Reaching safepoint: 127100 ns, At safepoint: 3800 ns, Total: 130900 ns
[2021-03-18T10:23:54.024+0000][24612][safepoint    ] Safepoint "Cleanup", Time since last: 1000675000 ns, Reaching safepoint: 138400 ns, At safepoint: 9800 ns, Total: 148200 ns
[2021-03-18T10:23:55.025+0000][24612][safepoint    ] Safepoint "Cleanup", Time since last: 1000190300 ns, Reaching safepoint: 300100 ns, At safepoint: 15200 ns, Total: 315300 ns
[2021-03-18T10:23:57.025+0000][24612][safepoint    ] Safepoint "Cleanup", Time since last: 2000313000 ns, Reaching safepoint: 140200 ns, At safepoint: 3900 ns, Total: 144100 ns
[2021-03-18T10:23:58.026+0000][24612][safepoint    ] Safepoint "Cleanup", Time since last: 1000305800 ns, Reaching safepoint: 146600 ns, At safepoint: 64700 ns, Total: 211300 ns
[2021-03-18T10:23:59.026+0000][24612][safepoint    ] Safepoint "Cleanup", Time since last: 1000571100 ns, Reaching safepoint: 155300 ns, At safepoint: 5700 ns, Total: 161000 ns
[2021-03-18T10:24:00.027+0000][24612][safepoint    ] Safepoint "Cleanup", Time since last: 1000550600 ns, Reaching safepoint: 130100 ns, At safepoint: 17000 ns, Total: 147100 ns
[2021-03-18T10:24:01.028+0000][24612][safepoint    ] Safepoint "Cleanup", Time since last: 1000698600 ns, Reaching safepoint: 83500 ns, At safepoint: 13500 ns, Total: 97000 ns
[2021-03-18T10:24:02.029+0000][24612][safepoint    ] Safepoint "Cleanup", Time since last: 1000634800 ns, Reaching safepoint: 178700 ns, At safepoint: 9200 ns, Total: 187900 ns
[2021-03-18T10:24:04.029+0000][24612][safepoint    ] Safepoint "Cleanup", Time since last: 2000038200 ns, Reaching safepoint: 445300 ns, At safepoint: 55600 ns, Total: 500900 ns
[2021-03-18T10:24:06.029+0000][24612][safepoint    ] Safepoint "Cleanup", Time since last: 1999962700 ns, Reaching safepoint: 383400 ns, At safepoint: 89600 ns, Total: 473000 ns
[2021-03-18T10:24:08.031+0000][24612][safepoint    ] Safepoint "Cleanup", Time since last: 2000931500 ns, Reaching safepoint: 257400 ns, At safepoint: 18200 ns, Total: 275600 ns
[2021-03-18T10:24:09.032+0000][24612][safepoint    ] Safepoint "Cleanup", Time since last: 1000655700 ns, Reaching safepoint: 141200 ns, At safepoint: 65900 ns, Total: 207100 ns
[2021-03-18T10:24:10.032+0000][24612][safepoint    ] Safepoint "Cleanup", Time since last: 1000757000 ns, Reaching safepoint: 428700 ns, At safepoint: 22600 ns, Total: 451300 ns
[2021-03-18T10:24:12.033+0000][24612][safepoint    ] Safepoint "Cleanup", Time since last: 2000675600 ns, Reaching safepoint: 435500 ns, At safepoint: 27300 ns, Total: 462800 ns
[2021-03-18T10:24:13.035+0000][24612][safepoint    ] Safepoint "Cleanup", Time since last: 1001049300 ns, Reaching safepoint: 371400 ns, At safepoint: 16300 ns, Total: 387700 ns
[2021-03-18T10:24:14.037+0000][24612][safepoint    ] Safepoint "Cleanup", Time since last: 1001550400 ns, Reaching safepoint: 187700 ns, At safepoint: 11500 ns, Total: 199200 ns
[2021-03-18T10:24:15.037+0000][24612][safepoint    ] Safepoint "Cleanup", Time since last: 1000114900 ns, Reaching safepoint: 122300 ns, At safepoint: 6600 ns, Total: 128900 ns
[2021-03-18T10:24:16.038+0000][24612][safepoint    ] Safepoint "Cleanup", Time since last: 1000751500 ns, Reaching safepoint: 309100 ns, At safepoint: 17800 ns, Total: 326900 ns
[2021-03-18T10:24:18.039+0000][24612][safepoint    ] Safepoint "Cleanup", Time since last: 2000156600 ns, Reaching safepoint: 148400 ns, At safepoint: 11800 ns, Total: 160200 ns
[2021-03-18T10:24:19.039+0000][24612][safepoint    ] Safepoint "Cleanup", Time since last: 1000165700 ns, Reaching safepoint: 135900 ns, At safepoint: 5100 ns, Total: 141000 ns
[2021-03-18T10:24:20.040+0000][24612][safepoint    ] Safepoint "Cleanup", Time since last: 1000708200 ns, Reaching safepoint: 143500 ns, At safepoint: 4600 ns, Total: 148100 ns
[2021-03-18T10:24:21.040+0000][24612][safepoint    ] Safepoint "Cleanup", Time since last: 1000524700 ns, Reaching safepoint: 270300 ns, At safepoint: 20200 ns, Total: 290500 ns
[2021-03-18T10:24:22.041+0000][24612][safepoint    ] Safepoint "Cleanup", Time since last: 1000294900 ns, Reaching safepoint: 346000 ns, At safepoint: 19100 ns, Total: 365100 ns
[2021-03-18T10:24:24.041+0000][24612][safepoint    ] Safepoint "Cleanup", Time since last: 1999866200 ns, Reaching safepoint: 178500 ns, At safepoint: 7500 ns, Total: 186000 ns
[2021-03-18T10:24:25.042+0000][24612][safepoint    ] Safepoint "Cleanup", Time since last: 1000436700 ns, Reaching safepoint: 254800 ns, At safepoint: 10900 ns, Total: 265700 ns
[2021-03-18T10:24:26.042+0000][24612][safepoint    ] Safepoint "Cleanup", Time since last: 1000457100 ns, Reaching safepoint: 399100 ns, At safepoint: 31200 ns, Total: 430300 ns
[2021-03-18T10:24:28.025+0000][24612][safepoint    ] Safepoint "Cleanup", Time since last: 1982679500 ns, Reaching safepoint: 424000 ns, At safepoint: 27100 ns, Total: 451100 ns
[2021-03-18T10:24:29.026+0000][24612][safepoint    ] Safepoint "Cleanup", Time since last: 1000009600 ns, Reaching safepoint: 364400 ns, At safepoint: 15500 ns, Total: 379900 ns
[2021-03-18T10:24:30.027+0000][24612][safepoint    ] Safepoint "Cleanup", Time since last: 1001241100 ns, Reaching safepoint: 354900 ns, At safepoint: 21700 ns, Total: 376600 ns
[2021-03-18T10:24:32.028+0000][24612][safepoint    ] Safepoint "Cleanup", Time since last: 2000724100 ns, Reaching safepoint: 371300 ns, At safepoint: 19300 ns, Total: 390600 ns
[2021-03-18T10:24:33.029+0000][24612][safepoint    ] Safepoint "Cleanup", Time since last: 1000503000 ns, Reaching safepoint: 130300 ns, At safepoint: 9300 ns, Total: 139600 ns
[2021-03-18T10:24:35.030+0000][24612][safepoint    ] Safepoint "Cleanup", Time since last: 2000600100 ns, Reaching safepoint: 370700 ns, At safepoint: 16100 ns, Total: 386800 ns
[2021-03-18T10:24:37.031+0000][24612][safepoint    ] Safepoint "Cleanup", Time since last: 2000707400 ns, Reaching safepoint: 203100 ns, At safepoint: 9700 ns, Total: 212800 ns
[2021-03-18T10:24:38.031+0000][24612][safepoint    ] Safepoint "Cleanup", Time since last: 1000186000 ns, Reaching safepoint: 196800 ns, At safepoint: 6700 ns, Total: 203500 ns
[2021-03-18T10:24:39.032+0000][24612][safepoint    ] Safepoint "Cleanup", Time since last: 1000615800 ns, Reaching safepoint: 183400 ns, At safepoint: 6600 ns, Total: 190000 ns
[2021-03-18T10:24:40.032+0000][24612][safepoint    ] Safepoint "Cleanup", Time since last: 1000056400 ns, Reaching safepoint: 346900 ns, At safepoint: 11300 ns, Total: 358200 ns
[2021-03-18T10:24:42.033+0000][24612][safepoint    ] Safepoint "Cleanup", Time since last: 2000004600 ns, Reaching safepoint: 321200 ns, At safepoint: 13100 ns, Total: 334300 ns
[2021-03-18T10:24:43.033+0000][24612][safepoint    ] Safepoint "Cleanup", Time since last: 1000519900 ns, Reaching safepoint: 410200 ns, At safepoint: 24700 ns, Total: 434900 ns
[2021-03-18T10:24:44.034+0000][24612][safepoint    ] Safepoint "Cleanup", Time since last: 1000453800 ns, Reaching safepoint: 181600 ns, At safepoint: 8800 ns, Total: 190400 ns
[2021-03-18T10:24:45.035+0000][24612][safepoint    ] Safepoint "Cleanup", Time since last: 1000400500 ns, Reaching safepoint: 374800 ns, At safepoint: 15100 ns, Total: 389900 ns
[2021-03-18T10:24:47.036+0000][24612][safepoint    ] Safepoint "Cleanup", Time since last: 2000597200 ns, Reaching safepoint: 300500 ns, At safepoint: 15700 ns, Total: 316200 ns
[2021-03-18T10:24:48.036+0000][24612][safepoint    ] Safepoint "Cleanup", Time since last: 1000316000 ns, Reaching safepoint: 446000 ns, At safepoint: 28700 ns, Total: 474700 ns
[2021-03-18T10:24:49.037+0000][24612][safepoint    ] Safepoint "Cleanup", Time since last: 1000064400 ns, Reaching safepoint: 185900 ns, At safepoint: 9500 ns, Total: 195400 ns
[2021-03-18T10:24:51.037+0000][24612][safepoint    ] Safepoint "Cleanup", Time since last: 2000188000 ns, Reaching safepoint: 454500 ns, At safepoint: 29700 ns, Total: 484200 ns
[2021-03-18T10:24:52.038+0000][24612][safepoint    ] Safepoint "Cleanup", Time since last: 1000583400 ns, Reaching safepoint: 373200 ns, At safepoint: 21700 ns, Total: 394900 ns
[2021-03-18T10:24:54.040+0000][24612][safepoint    ] Safepoint "Cleanup", Time since last: 2000733800 ns, Reaching safepoint: 150600 ns, At safepoint: 5400 ns, Total: 156000 ns
[2021-03-18T10:24:55.040+0000][24612][safepoint    ] Safepoint "Cleanup", Time since last: 1000624800 ns, Reaching safepoint: 276800 ns, At safepoint: 21400 ns, Total: 298200 ns
[2021-03-18T10:24:56.041+0000][24612][safepoint    ] Safepoint "Cleanup", Time since last: 1000210400 ns, Reaching safepoint: 121300 ns, At safepoint: 6000 ns, Total: 127300 ns
[2021-03-18T10:24:57.041+0000][24612][safepoint    ] Safepoint "Cleanup", Time since last: 1000553500 ns, Reaching safepoint: 385400 ns, At safepoint: 21900 ns, Total: 407300 ns
[2021-03-18T10:24:59.042+0000][24612][safepoint    ] Safepoint "Cleanup", Time since last: 2000622400 ns, Reaching safepoint: 193100 ns, At safepoint: 12800 ns, Total: 205900 ns
[2021-03-18T10:25:00.043+0000][24612][safepoint    ] Safepoint "Cleanup", Time since last: 1000107900 ns, Reaching safepoint: 147700 ns, At safepoint: 27400 ns, Total: 175100 ns
[2021-03-18T10:25:01.043+0000][24612][safepoint    ] Safepoint "Cleanup", Time since last: 1000370900 ns, Reaching safepoint: 441300 ns, At safepoint: 28600 ns, Total: 469900 ns
[2021-03-18T10:25:02.044+0000][24612][safepoint    ] Safepoint "Cleanup", Time since last: 1000449100 ns, Reaching safepoint: 185000 ns, At safepoint: 8900 ns, Total: 193900 ns
[2021-03-18T10:25:03.044+0000][24612][safepoint    ] Safepoint "Cleanup", Time since last: 1000162900 ns, Reaching safepoint: 185500 ns, At safepoint: 6200 ns, Total: 191700 ns
[2021-03-18T10:25:04.045+0000][24612][safepoint    ] Safepoint "Cleanup", Time since last: 1000463900 ns, Reaching safepoint: 152300 ns, At safepoint: 7100 ns, Total: 159400 ns
[2021-03-18T10:25:06.045+0000][24612][safepoint    ] Safepoint "Cleanup", Time since last: 2000275000 ns, Reaching safepoint: 158500 ns, At safepoint: 3300 ns, Total: 161800 ns
[2021-03-18T10:25:07.282+0000][24612][safepoint    ] Safepoint "Cleanup", Time since last: 1236761400 ns, Reaching safepoint: 120500 ns, At safepoint: 4700 ns, Total: 125200 ns
[2021-03-18T10:25:08.282+0000][24612][safepoint    ] Safepoint "Cleanup", Time since last: 1000130400 ns, Reaching safepoint: 139900 ns, At safepoint: 5200 ns, Total: 145100 ns
[2021-03-18T10:25:10.284+0000][24612][safepoint    ] Safepoint "Cleanup", Time since last: 2000987700 ns, Reaching safepoint: 135200 ns, At safepoint: 8100 ns, Total: 143300 ns
[2021-03-18T10:25:11.285+0000][24612][safepoint    ] Safepoint "Cleanup", Time since last: 1000295500 ns, Reaching safepoint: 701800 ns, At safepoint: 150800 ns, Total: 852600 ns
[2021-03-18T10:25:12.286+0000][24612][safepoint    ] Safepoint "Cleanup", Time since last: 1000936200 ns, Reaching safepoint: 113700 ns, At safepoint: 16900 ns, Total: 130600 ns
[2021-03-18T10:25:13.286+0000][24612][safepoint    ] Safepoint "Cleanup", Time since last: 1000287600 ns, Reaching safepoint: 149500 ns, At safepoint: 8900 ns, Total: 158400 ns
[2021-03-18T10:25:15.287+0000][24612][safepoint    ] Safepoint "Cleanup", Time since last: 2000577100 ns, Reaching safepoint: 133800 ns, At safepoint: 6500 ns, Total: 140300 ns
[2021-03-18T10:25:16.287+0000][24612][safepoint    ] Safepoint "Cleanup", Time since last: 1000038000 ns, Reaching safepoint: 110600 ns, At safepoint: 5800 ns, Total: 116400 ns
[2021-03-18T10:25:17.287+0000][24612][safepoint    ] Safepoint "Cleanup", Time since last: 1000148700 ns, Reaching safepoint: 160900 ns, At safepoint: 23900 ns, Total: 184800 ns
[2021-03-18T10:25:18.288+0000][24612][safepoint    ] Safepoint "Cleanup", Time since last: 1000762400 ns, Reaching safepoint: 141100 ns, At safepoint: 5800 ns, Total: 146900 ns
[2021-03-18T10:25:19.289+0000][24612][safepoint    ] Safepoint "Cleanup", Time since last: 1000588000 ns, Reaching safepoint: 125700 ns, At safepoint: 4900 ns, Total: 130600 ns
[2021-03-18T10:25:20.290+0000][24612][safepoint    ] Safepoint "Cleanup", Time since last: 1000796400 ns, Reaching safepoint: 224400 ns, At safepoint: 16100 ns, Total: 240500 ns
[2021-03-18T10:25:21.290+0000][24612][safepoint    ] Safepoint "Cleanup", Time since last: 1000483300 ns, Reaching safepoint: 145200 ns, At safepoint: 3900 ns, Total: 149100 ns
[2021-03-18T10:25:22.291+0000][24612][safepoint    ] Safepoint "Cleanup", Time since last: 1000450600 ns, Reaching safepoint: 151600 ns, At safepoint: 4100 ns, Total: 155700 ns
[2021-03-18T10:25:23.291+0000][24612][safepoint    ] Safepoint "Cleanup", Time since last: 1000219600 ns, Reaching safepoint: 158700 ns, At safepoint: 3200 ns, Total: 161900 ns
[2021-03-18T10:25:24.292+0000][24612][safepoint    ] Safepoint "Cleanup", Time since last: 1000828400 ns, Reaching safepoint: 123500 ns, At safepoint: 2800 ns, Total: 126300 ns
[2021-03-18T10:25:25.293+0000][24612][safepoint    ] Safepoint "Cleanup", Time since last: 1000999800 ns, Reaching safepoint: 119400 ns, At safepoint: 3900 ns, Total: 123300 ns
[2021-03-18T10:25:26.294+0000][24612][safepoint    ] Safepoint "Cleanup", Time since last: 1000319800 ns, Reaching safepoint: 374600 ns, At safepoint: 22800 ns, Total: 397400 ns
[2021-03-18T10:25:27.478+0000][24612][safepoint    ] Safepoint "Cleanup", Time since last: 1184306300 ns, Reaching safepoint: 488900 ns, At safepoint: 26900 ns, Total: 515800 ns
[2021-03-18T10:25:28.479+0000][24612][safepoint    ] Safepoint "Cleanup", Time since last: 1000073500 ns, Reaching safepoint: 135300 ns, At safepoint: 8200 ns, Total: 143500 ns
[2021-03-18T10:25:29.480+0000][24612][safepoint    ] Safepoint "Cleanup", Time since last: 1000637800 ns, Reaching safepoint: 362000 ns, At safepoint: 25200 ns, Total: 387200 ns
[2021-03-18T10:25:31.480+0000][24612][safepoint    ] Safepoint "Cleanup", Time since last: 1999738400 ns, Reaching safepoint: 462500 ns, At safepoint: 28000 ns, Total: 490500 ns
[2021-03-18T10:25:33.481+0000][24612][safepoint    ] Safepoint "Cleanup", Time since last: 2000377500 ns, Reaching safepoint: 150200 ns, At safepoint: 20400 ns, Total: 170600 ns
[2021-03-18T10:25:35.481+0000][24612][safepoint    ] Safepoint "Cleanup", Time since last: 2000305200 ns, Reaching safepoint: 377400 ns, At safepoint: 15500 ns, Total: 392900 ns
[2021-03-18T10:25:37.482+0000][24612][safepoint    ] Safepoint "Cleanup", Time since last: 2000333500 ns, Reaching safepoint: 522200 ns, At safepoint: 28800 ns, Total: 551000 ns
[2021-03-18T10:25:39.482+0000][24612][safepoint    ] Safepoint "Cleanup", Time since last: 2000039700 ns, Reaching safepoint: 433800 ns, At safepoint: 25600 ns, Total: 459400 ns
[2021-03-18T10:25:40.483+0000][24612][safepoint    ] Safepoint "Cleanup", Time since last: 1000626200 ns, Reaching safepoint: 406200 ns, At safepoint: 25200 ns, Total: 431400 ns
[2021-03-18T10:25:42.484+0000][24612][safepoint    ] Safepoint "Cleanup", Time since last: 2000518300 ns, Reaching safepoint: 378500 ns, At safepoint: 14900 ns, Total: 393400 ns
[2021-03-18T10:25:43.485+0000][24612][safepoint    ] Safepoint "Cleanup", Time since last: 1000518300 ns, Reaching safepoint: 405200 ns, At safepoint: 23700 ns, Total: 428900 ns
[2021-03-18T10:25:45.486+0000][24612][safepoint    ] Safepoint "Cleanup", Time since last: 2000550500 ns, Reaching safepoint: 369800 ns, At safepoint: 12600 ns, Total: 382400 ns
[2021-03-18T10:25:46.487+0000][24612][safepoint    ] Safepoint "Cleanup", Time since last: 1000719500 ns, Reaching safepoint: 435300 ns, At safepoint: 24600 ns, Total: 459900 ns
[2021-03-18T10:25:48.488+0000][24612][safepoint    ] Safepoint "Cleanup", Time since last: 2000084700 ns, Reaching safepoint: 215700 ns, At safepoint: 23100 ns, Total: 238800 ns
[2021-03-18T10:25:50.489+0000][24612][safepoint    ] Safepoint "Cleanup", Time since last: 2000777300 ns, Reaching safepoint: 251400 ns, At safepoint: 18600 ns, Total: 270000 ns
[2021-03-18T10:25:51.489+0000][24612][safepoint    ] Safepoint "Cleanup", Time since last: 1000180900 ns, Reaching safepoint: 378500 ns, At safepoint: 22000 ns, Total: 400500 ns
[2021-03-18T10:25:52.490+0000][24612][safepoint    ] Safepoint "Cleanup", Time since last: 1000333600 ns, Reaching safepoint: 184400 ns, At safepoint: 12200 ns, Total: 196600 ns
[2021-03-18T10:25:53.490+0000][24612][safepoint    ] Safepoint "Cleanup", Time since last: 1000157100 ns, Reaching safepoint: 162600 ns, At safepoint: 12000 ns, Total: 174600 ns
[2021-03-18T10:25:54.491+0000][24612][safepoint    ] Safepoint "Cleanup", Time since last: 1000419100 ns, Reaching safepoint: 127200 ns, At safepoint: 3700 ns, Total: 130900 ns
[2021-03-18T10:25:55.492+0000][24612][safepoint    ] Safepoint "Cleanup", Time since last: 1000891800 ns, Reaching safepoint: 200400 ns, At safepoint: 19500 ns, Total: 219900 ns
[2021-03-18T10:25:56.493+0000][24612][safepoint    ] Safepoint "Cleanup", Time since last: 1000824700 ns, Reaching safepoint: 413200 ns, At safepoint: 27400 ns, Total: 440600 ns
[2021-03-18T10:25:57.493+0000][24612][safepoint    ] Safepoint "Cleanup", Time since last: 1000024500 ns, Reaching safepoint: 411400 ns, At safepoint: 24300 ns, Total: 435700 ns
[2021-03-18T10:25:58.494+0000][24612][safepoint    ] Safepoint "Cleanup", Time since last: 1000460700 ns, Reaching safepoint: 169000 ns, At safepoint: 5100 ns, Total: 174100 ns
[2021-03-18T10:25:59.494+0000][24612][safepoint    ] Safepoint "Cleanup", Time since last: 1000129000 ns, Reaching safepoint: 144500 ns, At safepoint: 5400 ns, Total: 149900 ns
[2021-03-18T10:26:00.494+0000][24612][safepoint    ] Safepoint "Cleanup", Time since last: 1000090700 ns, Reaching safepoint: 167000 ns, At safepoint: 5500 ns, Total: 172500 ns
[2021-03-18T10:26:01.495+0000][24612][safepoint    ] Safepoint "Cleanup", Time since last: 1000675500 ns, Reaching safepoint: 258600 ns, At safepoint: 8800 ns, Total: 267400 ns
[2021-03-18T10:26:02.496+0000][24612][safepoint    ] Safepoint "Cleanup", Time since last: 1000363100 ns, Reaching safepoint: 172300 ns, At safepoint: 3800 ns, Total: 176100 ns
[2021-03-18T10:26:03.497+0000][24612][safepoint    ] Safepoint "Cleanup", Time since last: 1000624000 ns, Reaching safepoint: 113000 ns, At safepoint: 7400 ns, Total: 120400 ns
[2021-03-18T10:26:04.497+0000][24612][safepoint    ] Safepoint "Cleanup", Time since last: 1000198400 ns, Reaching safepoint: 167300 ns, At safepoint: 3100 ns, Total: 170400 ns
[2021-03-18T10:26:05.497+0000][24612][safepoint    ] Safepoint "Cleanup", Time since last: 1000172000 ns, Reaching safepoint: 151100 ns, At safepoint: 9400 ns, Total: 160500 ns
[2021-03-18T10:26:06.498+0000][24612][safepoint    ] Safepoint "Cleanup", Time since last: 1000498700 ns, Reaching safepoint: 350200 ns, At safepoint: 21200 ns, Total: 371400 ns
[2021-03-18T10:26:07.499+0000][24612][safepoint    ] Safepoint "Cleanup", Time since last: 1000515900 ns, Reaching safepoint: 172800 ns, At safepoint: 4000 ns, Total: 176800 ns
[2021-03-18T10:26:09.500+0000][24612][safepoint    ] Safepoint "Cleanup", Time since last: 2000888800 ns, Reaching safepoint: 119400 ns, At safepoint: 6600 ns, Total: 126000 ns
[2021-03-18T10:26:10.500+0000][24612][safepoint    ] Safepoint "Cleanup", Time since last: 1000018300 ns, Reaching safepoint: 130100 ns, At safepoint: 3500 ns, Total: 133600 ns
[2021-03-18T10:26:11.500+0000][24612][safepoint    ] Safepoint "Cleanup", Time since last: 1000497500 ns, Reaching safepoint: 147900 ns, At safepoint: 3600 ns, Total: 151500 ns
[2021-03-18T10:26:12.501+0000][24612][safepoint    ] Safepoint "Cleanup", Time since last: 1000736900 ns, Reaching safepoint: 150700 ns, At safepoint: 3300 ns, Total: 154000 ns
[2021-03-18T10:26:13.502+0000][24612][safepoint    ] Safepoint "Cleanup", Time since last: 1000451700 ns, Reaching safepoint: 154900 ns, At safepoint: 7400 ns, Total: 162300 ns
[2021-03-18T10:26:15.503+0000][24612][safepoint    ] Safepoint "Cleanup", Time since last: 2000791300 ns, Reaching safepoint: 82800 ns, At safepoint: 2400 ns, Total: 85200 ns
[2021-03-18T10:26:16.503+0000][24612][safepoint    ] Safepoint "Cleanup", Time since last: 1000466900 ns, Reaching safepoint: 365900 ns, At safepoint: 15100 ns, Total: 381000 ns
[2021-03-18T10:26:18.504+0000][24612][safepoint    ] Safepoint "Cleanup", Time since last: 2000502700 ns, Reaching safepoint: 149400 ns, At safepoint: 4200 ns, Total: 153600 ns
[2021-03-18T10:26:19.505+0000][24612][safepoint    ] Safepoint "Cleanup", Time since last: 1000556600 ns, Reaching safepoint: 122200 ns, At safepoint: 7400 ns, Total: 129600 ns
[2021-03-18T10:26:20.506+0000][24612][safepoint    ] Safepoint "Cleanup", Time since last: 1001029500 ns, Reaching safepoint: 175200 ns, At safepoint: 5800 ns, Total: 181000 ns
[2021-03-18T10:26:21.507+0000][24612][safepoint    ] Safepoint "Cleanup", Time since last: 1000635400 ns, Reaching safepoint: 295600 ns, At safepoint: 11300 ns, Total: 306900 ns
[2021-03-18T10:26:22.507+0000][24612][safepoint    ] Safepoint "Cleanup", Time since last: 1000171700 ns, Reaching safepoint: 149700 ns, At safepoint: 16100 ns, Total: 165800 ns
[2021-03-18T10:26:23.508+0000][24612][safepoint    ] Safepoint "Cleanup", Time since last: 1000453400 ns, Reaching safepoint: 287200 ns, At safepoint: 12300 ns, Total: 299500 ns
[2021-03-18T10:26:25.508+0000][24612][safepoint    ] Safepoint "Cleanup", Time since last: 2000347400 ns, Reaching safepoint: 211500 ns, At safepoint: 12900 ns, Total: 224400 ns
[2021-03-18T10:26:26.510+0000][24612][safepoint    ] Safepoint "Cleanup", Time since last: 1001016300 ns, Reaching safepoint: 196200 ns, At safepoint: 7200 ns, Total: 203400 ns
[2021-03-18T10:26:28.008+0000][24612][safepoint    ] Safepoint "Cleanup", Time since last: 1498574700 ns, Reaching safepoint: 153400 ns, At safepoint: 5200 ns, Total: 158600 ns
[2021-03-18T10:26:29.009+0000][24612][safepoint    ] Safepoint "Cleanup", Time since last: 1000969100 ns, Reaching safepoint: 139900 ns, At safepoint: 68700 ns, Total: 208600 ns
[2021-03-18T10:26:30.010+0000][24612][safepoint    ] Safepoint "Cleanup", Time since last: 1000117200 ns, Reaching safepoint: 237100 ns, At safepoint: 90100 ns, Total: 327200 ns
[2021-03-18T10:26:32.011+0000][24612][safepoint    ] Safepoint "Cleanup", Time since last: 2000706400 ns, Reaching safepoint: 490300 ns, At safepoint: 31900 ns, Total: 522200 ns
[2021-03-18T10:26:33.012+0000][24612][safepoint    ] Safepoint "Cleanup", Time since last: 1000461700 ns, Reaching safepoint: 290600 ns, At safepoint: 16200 ns, Total: 306800 ns
[2021-03-18T10:26:34.013+0000][24612][safepoint    ] Safepoint "Cleanup", Time since last: 1000667300 ns, Reaching safepoint: 369700 ns, At safepoint: 107000 ns, Total: 476700 ns
[2021-03-18T10:26:36.014+0000][24612][safepoint    ] Safepoint "Cleanup", Time since last: 2000952600 ns, Reaching safepoint: 389900 ns, At safepoint: 17600 ns, Total: 407500 ns
[2021-03-18T10:26:37.015+0000][24612][safepoint    ] Safepoint "Cleanup", Time since last: 1000443600 ns, Reaching safepoint: 129300 ns, At safepoint: 75800 ns, Total: 205100 ns
[2021-03-18T10:26:38.015+0000][24612][safepoint    ] Safepoint "Cleanup", Time since last: 1000387100 ns, Reaching safepoint: 264100 ns, At safepoint: 98900 ns, Total: 363000 ns
[2021-03-18T10:26:39.016+0000][24612][safepoint    ] Safepoint "Cleanup", Time since last: 1000513800 ns, Reaching safepoint: 397400 ns, At safepoint: 136700 ns, Total: 534100 ns
[2021-03-18T10:26:41.017+0000][24612][safepoint    ] Safepoint "Cleanup", Time since last: 2000212400 ns, Reaching safepoint: 182600 ns, At safepoint: 72700 ns, Total: 255300 ns
[2021-03-18T10:26:42.018+0000][24612][safepoint    ] Safepoint "Cleanup", Time since last: 1000508700 ns, Reaching safepoint: 479100 ns, At safepoint: 95800 ns, Total: 574900 ns
[2021-03-18T10:26:43.019+0000][24612][safepoint    ] Safepoint "Cleanup", Time since last: 1000302200 ns, Reaching safepoint: 173400 ns, At safepoint: 7700 ns, Total: 181100 ns
[2021-03-18T10:26:44.019+0000][24612][safepoint    ] Safepoint "Cleanup", Time since last: 1000450000 ns, Reaching safepoint: 380300 ns, At safepoint: 78400 ns, Total: 458700 ns
[2021-03-18T10:26:45.021+0000][24612][safepoint    ] Safepoint "Cleanup", Time since last: 1001298600 ns, Reaching safepoint: 393400 ns, At safepoint: 30800 ns, Total: 424200 ns
[2021-03-18T10:26:47.022+0000][24612][safepoint    ] Safepoint "Cleanup", Time since last: 2000576800 ns, Reaching safepoint: 340800 ns, At safepoint: 88300 ns, Total: 429100 ns
[2021-03-18T10:26:48.022+0000][24612][safepoint    ] Safepoint "Cleanup", Time since last: 1000197000 ns, Reaching safepoint: 258600 ns, At safepoint: 88000 ns, Total: 346600 ns
[2021-03-18T10:26:49.023+0000][24612][safepoint    ] Safepoint "Cleanup", Time since last: 1000700700 ns, Reaching safepoint: 437000 ns, At safepoint: 32500 ns, Total: 469500 ns
[2021-03-18T10:26:50.024+0000][24612][safepoint    ] Safepoint "Cleanup", Time since last: 1000697000 ns, Reaching safepoint: 418700 ns, At safepoint: 22900 ns, Total: 441600 ns
[2021-03-18T10:26:52.025+0000][24612][safepoint    ] Safepoint "Cleanup", Time since last: 2000414300 ns, Reaching safepoint: 368100 ns, At safepoint: 14700 ns, Total: 382800 ns
[2021-03-18T10:26:54.026+0000][24612][safepoint    ] Safepoint "Cleanup", Time since last: 2000764600 ns, Reaching safepoint: 455600 ns, At safepoint: 30700 ns, Total: 486300 ns
[2021-03-18T10:26:55.028+0000][24612][safepoint    ] Safepoint "Cleanup", Time since last: 1000995600 ns, Reaching safepoint: 421400 ns, At safepoint: 18600 ns, Total: 440000 ns
[2021-03-18T10:26:56.030+0000][24612][safepoint    ] Safepoint "Cleanup", Time since last: 1001271900 ns, Reaching safepoint: 429700 ns, At safepoint: 23400 ns, Total: 453100 ns
[2021-03-18T10:26:58.031+0000][24612][safepoint    ] Safepoint "Cleanup", Time since last: 2000531700 ns, Reaching safepoint: 163300 ns, At safepoint: 21500 ns, Total: 184800 ns
[2021-03-18T10:26:59.031+0000][24612][safepoint    ] Safepoint "Cleanup", Time since last: 1000149300 ns, Reaching safepoint: 231800 ns, At safepoint: 8600 ns, Total: 240400 ns
[2021-03-18T10:27:00.032+0000][24612][safepoint    ] Safepoint "Cleanup", Time since last: 1000562100 ns, Reaching safepoint: 137700 ns, At safepoint: 4500 ns, Total: 142200 ns
[2021-03-18T10:27:01.032+0000][24612][safepoint    ] Safepoint "Cleanup", Time since last: 1000519100 ns, Reaching safepoint: 445300 ns, At safepoint: 26700 ns, Total: 472000 ns
[2021-03-18T10:27:03.033+0000][24612][safepoint    ] Safepoint "Cleanup", Time since last: 2000264000 ns, Reaching safepoint: 130500 ns, At safepoint: 7300 ns, Total: 137800 ns
[2021-03-18T10:27:04.034+0000][24612][safepoint    ] Safepoint "Cleanup", Time since last: 1000522600 ns, Reaching safepoint: 154300 ns, At safepoint: 7800 ns, Total: 162100 ns
[2021-03-18T10:27:05.034+0000][24612][safepoint    ] Safepoint "Cleanup", Time since last: 1000109000 ns, Reaching safepoint: 457400 ns, At safepoint: 24900 ns, Total: 482300 ns
[2021-03-18T10:27:07.035+0000][24612][safepoint    ] Safepoint "Cleanup", Time since last: 2000227200 ns, Reaching safepoint: 160900 ns, At safepoint: 4900 ns, Total: 165800 ns
[2021-03-18T10:27:08.035+0000][24612][safepoint    ] Safepoint "Cleanup", Time since last: 1000167400 ns, Reaching safepoint: 155900 ns, At safepoint: 5700 ns, Total: 161600 ns
[2021-03-18T10:27:10.035+0000][24612][safepoint    ] Safepoint "Cleanup", Time since last: 2000202700 ns, Reaching safepoint: 115800 ns, At safepoint: 2500 ns, Total: 118300 ns
[2021-03-18T10:27:11.036+0000][24612][safepoint    ] Safepoint "Cleanup", Time since last: 1000661300 ns, Reaching safepoint: 132400 ns, At safepoint: 5100 ns, Total: 137500 ns
[2021-03-18T10:27:12.036+0000][24612][safepoint    ] Safepoint "Cleanup", Time since last: 1000595400 ns, Reaching safepoint: 371600 ns, At safepoint: 15100 ns, Total: 386700 ns
[2021-03-18T10:27:14.037+0000][24612][safepoint    ] Safepoint "Cleanup", Time since last: 2000476700 ns, Reaching safepoint: 351500 ns, At safepoint: 15000 ns, Total: 366500 ns
[2021-03-18T10:27:15.038+0000][24612][safepoint    ] Safepoint "Cleanup", Time since last: 1000288700 ns, Reaching safepoint: 112600 ns, At safepoint: 11300 ns, Total: 123900 ns
[2021-03-18T10:27:16.038+0000][24612][safepoint    ] Safepoint "Cleanup", Time since last: 1000288200 ns, Reaching safepoint: 110800 ns, At safepoint: 17900 ns, Total: 128700 ns
[2021-03-18T10:27:17.039+0000][24612][safepoint    ] Safepoint "Cleanup", Time since last: 1000199700 ns, Reaching safepoint: 126600 ns, At safepoint: 5400 ns, Total: 132000 ns
[2021-03-18T10:27:18.039+0000][24612][safepoint    ] Safepoint "Cleanup", Time since last: 1000161100 ns, Reaching safepoint: 128300 ns, At safepoint: 4100 ns, Total: 132400 ns
[2021-03-18T10:27:19.040+0000][24612][safepoint    ] Safepoint "Cleanup", Time since last: 1000745700 ns, Reaching safepoint: 123500 ns, At safepoint: 5000 ns, Total: 128500 ns
[2021-03-18T10:27:20.041+0000][24612][safepoint    ] Safepoint "Cleanup", Time since last: 1000660800 ns, Reaching safepoint: 115800 ns, At safepoint: 19800 ns, Total: 135600 ns
[2021-03-18T10:27:21.041+0000][24612][safepoint    ] Safepoint "Cleanup", Time since last: 1000183800 ns, Reaching safepoint: 137900 ns, At safepoint: 8400 ns, Total: 146300 ns
[2021-03-18T10:27:22.041+0000][24612][safepoint    ] Safepoint "Cleanup", Time since last: 1000304500 ns, Reaching safepoint: 413300 ns, At safepoint: 23700 ns, Total: 437000 ns
[2021-03-18T10:27:23.042+0000][24612][safepoint    ] Safepoint "Cleanup", Time since last: 1000289000 ns, Reaching safepoint: 137900 ns, At safepoint: 6000 ns, Total: 143900 ns
[2021-03-18T10:27:25.043+0000][24612][safepoint    ] Safepoint "Cleanup", Time since last: 2000960600 ns, Reaching safepoint: 388800 ns, At safepoint: 29100 ns, Total: 417900 ns
[2021-03-18T10:27:26.044+0000][24612][safepoint    ] Safepoint "Cleanup", Time since last: 1000492200 ns, Reaching safepoint: 139200 ns, At safepoint: 3500 ns, Total: 142700 ns
[2021-03-18T10:27:27.045+0000][24612][safepoint    ] Safepoint "Cleanup", Time since last: 1000743900 ns, Reaching safepoint: 155900 ns, At safepoint: 6600 ns, Total: 162500 ns
[2021-03-18T10:27:28.045+0000][24612][safepoint    ] Safepoint "Cleanup", Time since last: 1000550100 ns, Reaching safepoint: 159700 ns, At safepoint: 6700 ns, Total: 166400 ns
[2021-03-18T10:27:30.046+0000][24612][safepoint    ] Safepoint "Cleanup", Time since last: 1999907300 ns, Reaching safepoint: 270700 ns, At safepoint: 11400 ns, Total: 282100 ns
[2021-03-18T10:27:32.046+0000][24612][safepoint    ] Safepoint "Cleanup", Time since last: 2000181100 ns, Reaching safepoint: 117800 ns, At safepoint: 5000 ns, Total: 122800 ns
[2021-03-18T10:27:33.046+0000][24612][safepoint    ] Safepoint "Cleanup", Time since last: 1000154600 ns, Reaching safepoint: 118600 ns, At safepoint: 3400 ns, Total: 122000 ns
[2021-03-18T10:27:34.047+0000][24612][safepoint    ] Safepoint "Cleanup", Time since last: 1000737800 ns, Reaching safepoint: 391400 ns, At safepoint: 38700 ns, Total: 430100 ns
[2021-03-18T10:27:35.047+0000][24612][safepoint    ] Safepoint "Cleanup", Time since last: 1000010300 ns, Reaching safepoint: 202500 ns, At safepoint: 6200 ns, Total: 208700 ns
[2021-03-18T10:27:36.048+0000][24612][safepoint    ] Safepoint "Cleanup", Time since last: 1000302600 ns, Reaching safepoint: 105500 ns, At safepoint: 4200 ns, Total: 109700 ns
[2021-03-18T10:27:37.049+0000][24612][safepoint    ] Safepoint "Cleanup", Time since last: 1000639300 ns, Reaching safepoint: 273600 ns, At safepoint: 22700 ns, Total: 296300 ns
[2021-03-18T10:27:39.049+0000][24612][safepoint    ] Safepoint "Cleanup", Time since last: 2000021300 ns, Reaching safepoint: 128100 ns, At safepoint: 3000 ns, Total: 131100 ns
[2021-03-18T10:27:40.049+0000][24612][safepoint    ] Safepoint "Cleanup", Time since last: 1000022200 ns, Reaching safepoint: 130500 ns, At safepoint: 20100 ns, Total: 150600 ns
[2021-03-18T10:27:41.050+0000][24612][safepoint    ] Safepoint "Cleanup", Time since last: 1000770600 ns, Reaching safepoint: 88200 ns, At safepoint: 3800 ns, Total: 92000 ns
[2021-03-18T10:27:42.051+0000][24612][safepoint    ] Safepoint "Cleanup", Time since last: 1000740500 ns, Reaching safepoint: 217800 ns, At safepoint: 7100 ns, Total: 224900 ns
[2021-03-18T10:27:43.052+0000][24612][safepoint    ] Safepoint "Cleanup", Time since last: 1000787500 ns, Reaching safepoint: 124400 ns, At safepoint: 5400 ns, Total: 129800 ns
[2021-03-18T10:27:44.052+0000][24612][safepoint    ] Safepoint "Cleanup", Time since last: 1000041000 ns, Reaching safepoint: 117100 ns, At safepoint: 4200 ns, Total: 121300 ns
[2021-03-18T10:27:45.053+0000][24612][safepoint    ] Safepoint "Cleanup", Time since last: 1000619700 ns, Reaching safepoint: 126500 ns, At safepoint: 3200 ns, Total: 129700 ns
[2021-03-18T10:27:46.053+0000][24612][safepoint    ] Safepoint "Cleanup", Time since last: 1000544400 ns, Reaching safepoint: 118700 ns, At safepoint: 5500 ns, Total: 124200 ns
[2021-03-18T10:27:47.054+0000][24612][safepoint    ] Safepoint "Cleanup", Time since last: 1000691900 ns, Reaching safepoint: 114200 ns, At safepoint: 5200 ns, Total: 119400 ns
[2021-03-18T10:27:48.055+0000][24612][safepoint    ] Safepoint "Cleanup", Time since last: 1000606200 ns, Reaching safepoint: 185300 ns, At safepoint: 10300 ns, Total: 195600 ns
[2021-03-18T10:27:50.055+0000][24612][safepoint    ] Safepoint "Cleanup", Time since last: 2000070000 ns, Reaching safepoint: 187100 ns, At safepoint: 15600 ns, Total: 202700 ns
[2021-03-18T10:27:52.056+0000][24612][safepoint    ] Safepoint "Cleanup", Time since last: 2000604500 ns, Reaching safepoint: 392300 ns, At safepoint: 24700 ns, Total: 417000 ns
[2021-03-18T10:27:53.057+0000][24612][safepoint    ] Safepoint "Cleanup", Time since last: 1000526700 ns, Reaching safepoint: 146400 ns, At safepoint: 6000 ns, Total: 152400 ns
[2021-03-18T10:27:54.057+0000][24612][safepoint    ] Safepoint "Cleanup", Time since last: 1000226100 ns, Reaching safepoint: 131000 ns, At safepoint: 5200 ns, Total: 136200 ns
[2021-03-18T10:27:55.058+0000][24612][safepoint    ] Safepoint "Cleanup", Time since last: 1000342900 ns, Reaching safepoint: 532800 ns, At safepoint: 23500 ns, Total: 556300 ns
[2021-03-18T10:27:56.059+0000][24612][safepoint    ] Safepoint "Cleanup", Time since last: 1001257400 ns, Reaching safepoint: 169600 ns, At safepoint: 13400 ns, Total: 183000 ns
[2021-03-18T10:27:57.060+0000][24612][safepoint    ] Safepoint "Cleanup", Time since last: 1000714300 ns, Reaching safepoint: 265900 ns, At safepoint: 18100 ns, Total: 284000 ns
[2021-03-18T10:27:59.060+0000][24612][safepoint    ] Safepoint "Cleanup", Time since last: 1999835300 ns, Reaching safepoint: 455300 ns, At safepoint: 28700 ns, Total: 484000 ns
[2021-03-18T10:28:01.061+0000][24612][safepoint    ] Safepoint "Cleanup", Time since last: 2000548900 ns, Reaching safepoint: 120800 ns, At safepoint: 4600 ns, Total: 125400 ns
[2021-03-18T10:28:02.062+0000][24612][safepoint    ] Safepoint "Cleanup", Time since last: 1000555000 ns, Reaching safepoint: 282000 ns, At safepoint: 16100 ns, Total: 298100 ns
[2021-03-18T10:28:03.564+0000][24612][safepoint    ] Safepoint "Cleanup", Time since last: 1502343100 ns, Reaching safepoint: 185400 ns, At safepoint: 10500 ns, Total: 195900 ns
[2021-03-18T10:28:04.565+0000][24612][safepoint    ] Safepoint "Cleanup", Time since last: 1000173900 ns, Reaching safepoint: 102800 ns, At safepoint: 4400 ns, Total: 107200 ns
[2021-03-18T10:28:05.565+0000][24612][safepoint    ] Safepoint "Cleanup", Time since last: 1000292100 ns, Reaching safepoint: 421800 ns, At safepoint: 28300 ns, Total: 450100 ns
[2021-03-18T10:28:06.566+0000][24612][safepoint    ] Safepoint "Cleanup", Time since last: 1000333600 ns, Reaching safepoint: 200600 ns, At safepoint: 9700 ns, Total: 210300 ns
[2021-03-18T10:28:07.566+0000][24612][safepoint    ] Safepoint "Cleanup", Time since last: 1000303100 ns, Reaching safepoint: 175600 ns, At safepoint: 11500 ns, Total: 187100 ns
[2021-03-18T10:28:08.566+0000][24612][safepoint    ] Safepoint "Cleanup", Time since last: 1000006100 ns, Reaching safepoint: 508200 ns, At safepoint: 25700 ns, Total: 533900 ns
[2021-03-18T10:28:10.568+0000][24612][safepoint    ] Safepoint "Cleanup", Time since last: 2000867000 ns, Reaching safepoint: 105900 ns, At safepoint: 4300 ns, Total: 110200 ns
[2021-03-18T10:28:12.569+0000][24612][safepoint    ] Safepoint "Cleanup", Time since last: 2000851700 ns, Reaching safepoint: 373100 ns, At safepoint: 15300 ns, Total: 388400 ns
[2021-03-18T10:28:14.570+0000][24612][safepoint    ] Safepoint "Cleanup", Time since last: 2000811800 ns, Reaching safepoint: 142900 ns, At safepoint: 8600 ns, Total: 151500 ns
[2021-03-18T10:28:15.570+0000][24612][safepoint    ] Safepoint "Cleanup", Time since last: 1000096900 ns, Reaching safepoint: 159000 ns, At safepoint: 9200 ns, Total: 168200 ns
[2021-03-18T10:28:16.570+0000][24612][safepoint    ] Safepoint "Cleanup", Time since last: 1000185900 ns, Reaching safepoint: 129000 ns, At safepoint: 4500 ns, Total: 133500 ns
[2021-03-18T10:28:17.571+0000][24612][safepoint    ] Safepoint "Cleanup", Time since last: 1000758000 ns, Reaching safepoint: 155600 ns, At safepoint: 8000 ns, Total: 163600 ns
[2021-03-18T10:28:18.572+0000][24612][safepoint    ] Safepoint "Cleanup", Time since last: 1000218700 ns, Reaching safepoint: 113500 ns, At safepoint: 5800 ns, Total: 119300 ns
[2021-03-18T10:28:20.573+0000][24612][safepoint    ] Safepoint "Cleanup", Time since last: 2000842200 ns, Reaching safepoint: 120300 ns, At safepoint: 7400 ns, Total: 127700 ns
[2021-03-18T10:28:21.573+0000][24612][safepoint    ] Safepoint "Cleanup", Time since last: 1000695400 ns, Reaching safepoint: 156300 ns, At safepoint: 6900 ns, Total: 163200 ns
[2021-03-18T10:28:22.574+0000][24612][safepoint    ] Safepoint "Cleanup", Time since last: 1000663900 ns, Reaching safepoint: 394200 ns, At safepoint: 16500 ns, Total: 410700 ns
[2021-03-18T10:28:23.575+0000][24612][safepoint    ] Safepoint "Cleanup", Time since last: 1000340300 ns, Reaching safepoint: 88000 ns, At safepoint: 6600 ns, Total: 94600 ns
[2021-03-18T10:28:24.575+0000][24612][safepoint    ] Safepoint "Cleanup", Time since last: 1000213200 ns, Reaching safepoint: 82600 ns, At safepoint: 3800 ns, Total: 86400 ns
[2021-03-18T10:28:25.575+0000][24612][safepoint    ] Safepoint "Cleanup", Time since last: 1000064100 ns, Reaching safepoint: 222000 ns, At safepoint: 11600 ns, Total: 233600 ns
[2021-03-18T10:28:26.994+0000][24612][safepoint    ] Safepoint "Cleanup", Time since last: 1418905400 ns, Reaching safepoint: 107700 ns, At safepoint: 2700 ns, Total: 110400 ns
[2021-03-18T10:28:28.001+0000][24612][safepoint    ] Safepoint "Cleanup", Time since last: 1006807300 ns, Reaching safepoint: 233300 ns, At safepoint: 30600 ns, Total: 263900 ns
[2021-03-18T10:28:30.002+0000][24612][safepoint    ] Safepoint "Cleanup", Time since last: 2000749600 ns, Reaching safepoint: 117400 ns, At safepoint: 3400 ns, Total: 120800 ns
[2021-03-18T10:28:31.002+0000][24612][safepoint    ] Safepoint "Cleanup", Time since last: 1000077300 ns, Reaching safepoint: 123500 ns, At safepoint: 7800 ns, Total: 131300 ns
[2021-03-18T10:28:32.003+0000][24612][safepoint    ] Safepoint "Cleanup", Time since last: 1000602000 ns, Reaching safepoint: 186400 ns, At safepoint: 9100 ns, Total: 195500 ns
[2021-03-18T10:28:33.003+0000][24612][safepoint    ] Safepoint "Cleanup", Time since last: 1000046500 ns, Reaching safepoint: 153700 ns, At safepoint: 19700 ns, Total: 173400 ns
[2021-03-18T10:28:34.004+0000][24612][safepoint    ] Safepoint "Cleanup", Time since last: 1000413600 ns, Reaching safepoint: 116100 ns, At safepoint: 9100 ns, Total: 125200 ns
[2021-03-18T10:28:35.005+0000][24612][safepoint    ] Safepoint "Cleanup", Time since last: 1000674600 ns, Reaching safepoint: 163800 ns, At safepoint: 61300 ns, Total: 225100 ns
[2021-03-18T10:28:36.005+0000][24612][safepoint    ] Safepoint "Cleanup", Time since last: 1000301300 ns, Reaching safepoint: 149500 ns, At safepoint: 4400 ns, Total: 153900 ns
[2021-03-18T10:28:37.006+0000][24612][safepoint    ] Safepoint "Cleanup", Time since last: 1000671800 ns, Reaching safepoint: 138000 ns, At safepoint: 6400 ns, Total: 144400 ns
[2021-03-18T10:28:38.007+0000][24612][safepoint    ] Safepoint "Cleanup", Time since last: 1000632300 ns, Reaching safepoint: 160900 ns, At safepoint: 57400 ns, Total: 218300 ns
[2021-03-18T10:28:39.007+0000][24612][safepoint    ] Safepoint "Cleanup", Time since last: 1000206100 ns, Reaching safepoint: 123400 ns, At safepoint: 4400 ns, Total: 127800 ns
[2021-03-18T10:28:40.008+0000][24612][safepoint    ] Safepoint "Cleanup", Time since last: 1000624900 ns, Reaching safepoint: 137000 ns, At safepoint: 65700 ns, Total: 202700 ns
[2021-03-18T10:28:41.009+0000][24612][safepoint    ] Safepoint "Cleanup", Time since last: 1000900000 ns, Reaching safepoint: 222200 ns, At safepoint: 75400 ns, Total: 297600 ns
[2021-03-18T10:28:42.010+0000][24612][safepoint    ] Safepoint "Cleanup", Time since last: 1000619400 ns, Reaching safepoint: 134300 ns, At safepoint: 51800 ns, Total: 186100 ns
[2021-03-18T10:28:43.011+0000][24612][safepoint    ] Safepoint "Cleanup", Time since last: 1000628300 ns, Reaching safepoint: 133400 ns, At safepoint: 6400 ns, Total: 139800 ns
[2021-03-18T10:28:44.011+0000][24612][safepoint    ] Safepoint "Cleanup", Time since last: 1000368900 ns, Reaching safepoint: 145300 ns, At safepoint: 9000 ns, Total: 154300 ns
[2021-03-18T10:28:45.012+0000][24612][safepoint    ] Safepoint "Cleanup", Time since last: 1000319900 ns, Reaching safepoint: 191200 ns, At safepoint: 8100 ns, Total: 199300 ns
[2021-03-18T10:28:46.012+0000][24612][safepoint    ] Safepoint "Cleanup", Time since last: 1000388200 ns, Reaching safepoint: 112800 ns, At safepoint: 44800 ns, Total: 157600 ns
[2021-03-18T10:28:47.013+0000][24612][safepoint    ] Safepoint "Cleanup", Time since last: 1000406200 ns, Reaching safepoint: 189900 ns, At safepoint: 12600 ns, Total: 202500 ns
[2021-03-18T10:28:48.013+0000][24612][safepoint    ] Safepoint "Cleanup", Time since last: 1000467600 ns, Reaching safepoint: 178600 ns, At safepoint: 33800 ns, Total: 212400 ns
[2021-03-18T10:28:49.014+0000][24612][safepoint    ] Safepoint "Cleanup", Time since last: 1000765900 ns, Reaching safepoint: 171600 ns, At safepoint: 7600 ns, Total: 179200 ns
[2021-03-18T10:28:50.015+0000][24612][safepoint    ] Safepoint "Cleanup", Time since last: 1000646200 ns, Reaching safepoint: 128100 ns, At safepoint: 18500 ns, Total: 146600 ns
[2021-03-18T10:28:51.015+0000][24612][safepoint    ] Safepoint "Cleanup", Time since last: 1000138200 ns, Reaching safepoint: 181200 ns, At safepoint: 30300 ns, Total: 211500 ns
[2021-03-18T10:28:52.016+0000][24612][safepoint    ] Safepoint "Cleanup", Time since last: 1000757300 ns, Reaching safepoint: 120300 ns, At safepoint: 39600 ns, Total: 159900 ns
[2021-03-18T10:28:53.017+0000][24612][safepoint    ] Safepoint "Cleanup", Time since last: 1000252700 ns, Reaching safepoint: 633300 ns, At safepoint: 63900 ns, Total: 697200 ns
[2021-03-18T10:28:54.018+0000][24612][safepoint    ] Safepoint "Cleanup", Time since last: 1000375200 ns, Reaching safepoint: 93400 ns, At safepoint: 5500 ns, Total: 98900 ns
[2021-03-18T10:28:55.018+0000][24612][safepoint    ] Safepoint "Cleanup", Time since last: 1000132300 ns, Reaching safepoint: 124100 ns, At safepoint: 3700 ns, Total: 127800 ns
[2021-03-18T10:28:56.018+0000][24612][safepoint    ] Safepoint "Cleanup", Time since last: 1000023300 ns, Reaching safepoint: 133000 ns, At safepoint: 7600 ns, Total: 140600 ns
[2021-03-18T10:28:57.019+0000][24612][safepoint    ] Safepoint "Cleanup", Time since last: 1000851300 ns, Reaching safepoint: 257900 ns, At safepoint: 44900 ns, Total: 302800 ns
[2021-03-18T10:28:58.020+0000][24612][safepoint    ] Safepoint "Cleanup", Time since last: 1000440600 ns, Reaching safepoint: 273900 ns, At safepoint: 16400 ns, Total: 290300 ns
[2021-03-18T10:29:00.021+0000][24612][safepoint    ] Safepoint "Cleanup", Time since last: 2000557900 ns, Reaching safepoint: 193200 ns, At safepoint: 5300 ns, Total: 198500 ns
[2021-03-18T10:29:01.021+0000][24612][safepoint    ] Safepoint "Cleanup", Time since last: 1000682500 ns, Reaching safepoint: 276400 ns, At safepoint: 72600 ns, Total: 349000 ns
[2021-03-18T10:29:02.022+0000][24612][safepoint    ] Safepoint "Cleanup", Time since last: 1000482800 ns, Reaching safepoint: 99300 ns, At safepoint: 2000 ns, Total: 101300 ns
[2021-03-18T10:29:03.023+0000][24612][safepoint    ] Safepoint "Cleanup", Time since last: 1000537500 ns, Reaching safepoint: 187100 ns, At safepoint: 81000 ns, Total: 268100 ns
[2021-03-18T10:29:04.024+0000][24612][safepoint    ] Safepoint "Cleanup", Time since last: 1000595800 ns, Reaching safepoint: 126300 ns, At safepoint: 5000 ns, Total: 131300 ns
[2021-03-18T10:29:05.024+0000][24612][safepoint    ] Safepoint "Cleanup", Time since last: 1000473100 ns, Reaching safepoint: 121600 ns, At safepoint: 5100 ns, Total: 126700 ns
[2021-03-18T10:29:06.025+0000][24612][safepoint    ] Safepoint "Cleanup", Time since last: 1000386200 ns, Reaching safepoint: 476300 ns, At safepoint: 126900 ns, Total: 603200 ns
[2021-03-18T10:29:07.026+0000][24612][safepoint    ] Safepoint "Cleanup", Time since last: 1000456500 ns, Reaching safepoint: 244700 ns, At safepoint: 13300 ns, Total: 258000 ns
[2021-03-18T10:29:09.026+0000][24612][safepoint    ] Safepoint "Cleanup", Time since last: 2000168200 ns, Reaching safepoint: 146000 ns, At safepoint: 4900 ns, Total: 150900 ns
[2021-03-18T10:29:10.026+0000][24612][safepoint    ] Safepoint "Cleanup", Time since last: 1000113200 ns, Reaching safepoint: 134200 ns, At safepoint: 2900 ns, Total: 137100 ns
[2021-03-18T10:29:11.027+0000][24612][safepoint    ] Safepoint "Cleanup", Time since last: 1000096800 ns, Reaching safepoint: 121600 ns, At safepoint: 19200 ns, Total: 140800 ns
[2021-03-18T10:29:12.027+0000][24612][safepoint    ] Safepoint "Cleanup", Time since last: 1000290700 ns, Reaching safepoint: 88500 ns, At safepoint: 14600 ns, Total: 103100 ns
[2021-03-18T10:29:13.028+0000][24612][safepoint    ] Safepoint "Cleanup", Time since last: 1000590700 ns, Reaching safepoint: 120800 ns, At safepoint: 8500 ns, Total: 129300 ns
[2021-03-18T10:29:14.029+0000][24612][safepoint    ] Safepoint "Cleanup", Time since last: 1000842200 ns, Reaching safepoint: 142800 ns, At safepoint: 73800 ns, Total: 216600 ns
[2021-03-18T10:29:16.029+0000][24612][safepoint    ] Safepoint "Cleanup", Time since last: 1999859800 ns, Reaching safepoint: 135800 ns, At safepoint: 6600 ns, Total: 142400 ns
[2021-03-18T10:29:17.029+0000][24612][safepoint    ] Safepoint "Cleanup", Time since last: 1000638300 ns, Reaching safepoint: 352200 ns, At safepoint: 14000 ns, Total: 366200 ns
[2021-03-18T10:29:19.030+0000][24612][safepoint    ] Safepoint "Cleanup", Time since last: 2000483400 ns, Reaching safepoint: 166200 ns, At safepoint: 5400 ns, Total: 171600 ns
[2021-03-18T10:29:21.031+0000][24612][safepoint    ] Safepoint "Cleanup", Time since last: 2000196500 ns, Reaching safepoint: 370200 ns, At safepoint: 13900 ns, Total: 384100 ns
[2021-03-18T10:29:22.031+0000][24612][safepoint    ] Safepoint "Cleanup", Time since last: 1000119200 ns, Reaching safepoint: 239700 ns, At safepoint: 10600 ns, Total: 250300 ns
[2021-03-18T10:29:24.031+0000][24612][safepoint    ] Safepoint "Cleanup", Time since last: 2000067700 ns, Reaching safepoint: 181300 ns, At safepoint: 22600 ns, Total: 203900 ns
[2021-03-18T10:29:26.031+0000][24612][safepoint    ] Safepoint "Cleanup", Time since last: 1999996300 ns, Reaching safepoint: 135000 ns, At safepoint: 66200 ns, Total: 201200 ns
[2021-03-18T10:29:27.032+0000][24612][safepoint    ] Safepoint "Cleanup", Time since last: 1000730000 ns, Reaching safepoint: 219200 ns, At safepoint: 12000 ns, Total: 231200 ns
[2021-03-18T10:29:28.033+0000][24612][safepoint    ] Safepoint "Cleanup", Time since last: 1000255300 ns, Reaching safepoint: 387400 ns, At safepoint: 70600 ns, Total: 458000 ns
[2021-03-18T10:29:30.033+0000][24612][safepoint    ] Safepoint "Cleanup", Time since last: 1999425600 ns, Reaching safepoint: 230600 ns, At safepoint: 45900 ns, Total: 276500 ns
[2021-03-18T10:29:32.034+0000][24612][safepoint    ] Safepoint "Cleanup", Time since last: 2000582000 ns, Reaching safepoint: 151700 ns, At safepoint: 29000 ns, Total: 180700 ns
[2021-03-18T10:29:33.034+0000][24612][safepoint    ] Safepoint "Cleanup", Time since last: 1000793500 ns, Reaching safepoint: 115500 ns, At safepoint: 7300 ns, Total: 122800 ns
[2021-03-18T10:29:34.035+0000][24612][safepoint    ] Safepoint "Cleanup", Time since last: 1000809700 ns, Reaching safepoint: 154000 ns, At safepoint: 28500 ns, Total: 182500 ns
[2021-03-18T10:29:35.036+0000][24612][safepoint    ] Safepoint "Cleanup", Time since last: 1000662900 ns, Reaching safepoint: 155600 ns, At safepoint: 64100 ns, Total: 219700 ns
[2021-03-18T10:29:36.037+0000][24612][safepoint    ] Safepoint "Cleanup", Time since last: 1000559400 ns, Reaching safepoint: 144500 ns, At safepoint: 6500 ns, Total: 151000 ns
[2021-03-18T10:29:37.038+0000][24612][safepoint    ] Safepoint "Cleanup", Time since last: 1001056500 ns, Reaching safepoint: 219100 ns, At safepoint: 12600 ns, Total: 231700 ns
[2021-03-18T10:29:39.039+0000][24612][safepoint    ] Safepoint "Cleanup", Time since last: 2000679900 ns, Reaching safepoint: 144600 ns, At safepoint: 59100 ns, Total: 203700 ns
[2021-03-18T10:29:40.039+0000][24612][safepoint    ] Safepoint "Cleanup", Time since last: 1000041300 ns, Reaching safepoint: 142300 ns, At safepoint: 34400 ns, Total: 176700 ns
[2021-03-18T10:29:41.040+0000][24612][safepoint    ] Safepoint "Cleanup", Time since last: 1000078000 ns, Reaching safepoint: 507300 ns, At safepoint: 33500 ns, Total: 540800 ns
[2021-03-18T10:29:42.040+0000][24612][safepoint    ] Safepoint "Cleanup", Time since last: 1000201500 ns, Reaching safepoint: 499500 ns, At safepoint: 244700 ns, Total: 744200 ns
[2021-03-18T10:29:43.041+0000][24612][safepoint    ] Safepoint "Cleanup", Time since last: 1000260500 ns, Reaching safepoint: 398800 ns, At safepoint: 27300 ns, Total: 426100 ns
[2021-03-18T10:29:44.041+0000][24612][safepoint    ] Safepoint "Cleanup", Time since last: 1000014200 ns, Reaching safepoint: 333300 ns, At safepoint: 22200 ns, Total: 355500 ns
[2021-03-18T10:29:45.290+0000][24612][safepoint    ] Safepoint "Cleanup", Time since last: 1248511100 ns, Reaching safepoint: 129600 ns, At safepoint: 20100 ns, Total: 149700 ns
[2021-03-18T10:29:46.291+0000][24612][safepoint    ] Safepoint "Cleanup", Time since last: 1000868300 ns, Reaching safepoint: 178900 ns, At safepoint: 8500 ns, Total: 187400 ns
[2021-03-18T10:29:47.292+0000][24612][safepoint    ] Safepoint "Cleanup", Time since last: 1000791200 ns, Reaching safepoint: 335000 ns, At safepoint: 13400 ns, Total: 348400 ns
[2021-03-18T10:29:48.293+0000][24612][safepoint    ] Safepoint "Cleanup", Time since last: 1000241800 ns, Reaching safepoint: 380400 ns, At safepoint: 22600 ns, Total: 403000 ns
[2021-03-18T10:29:49.294+0000][24612][safepoint    ] Safepoint "Cleanup", Time since last: 1000377200 ns, Reaching safepoint: 254100 ns, At safepoint: 11800 ns, Total: 265900 ns
[2021-03-18T10:29:50.295+0000][24612][safepoint    ] Safepoint "Cleanup", Time since last: 1000759500 ns, Reaching safepoint: 227200 ns, At safepoint: 14000 ns, Total: 241200 ns
[2021-03-18T10:29:51.295+0000][24612][safepoint    ] Safepoint "Cleanup", Time since last: 1000369600 ns, Reaching safepoint: 115700 ns, At safepoint: 4200 ns, Total: 119900 ns
[2021-03-18T10:29:52.296+0000][24612][safepoint    ] Safepoint "Cleanup", Time since last: 1000616400 ns, Reaching safepoint: 130000 ns, At safepoint: 6500 ns, Total: 136500 ns
[2021-03-18T10:29:53.296+0000][24612][safepoint    ] Safepoint "Cleanup", Time since last: 1000241600 ns, Reaching safepoint: 161400 ns, At safepoint: 8600 ns, Total: 170000 ns
[2021-03-18T10:29:54.297+0000][24612][safepoint    ] Safepoint "Cleanup", Time since last: 1000301400 ns, Reaching safepoint: 182000 ns, At safepoint: 6300 ns, Total: 188300 ns
[2021-03-18T10:29:55.297+0000][24612][safepoint    ] Safepoint "Cleanup", Time since last: 1000414400 ns, Reaching safepoint: 129500 ns, At safepoint: 5300 ns, Total: 134800 ns
[2021-03-18T10:29:56.298+0000][24612][safepoint    ] Safepoint "Cleanup", Time since last: 1000209100 ns, Reaching safepoint: 131700 ns, At safepoint: 2200 ns, Total: 133900 ns
[2021-03-18T10:29:57.298+0000][24612][safepoint    ] Safepoint "Cleanup", Time since last: 1000027600 ns, Reaching safepoint: 195500 ns, At safepoint: 4400 ns, Total: 199900 ns
[2021-03-18T10:29:58.299+0000][24612][safepoint    ] Safepoint "Cleanup", Time since last: 1000682400 ns, Reaching safepoint: 141000 ns, At safepoint: 7200 ns, Total: 148200 ns
[2021-03-18T10:29:59.299+0000][24612][safepoint    ] Safepoint "Cleanup", Time since last: 1000652700 ns, Reaching safepoint: 106700 ns, At safepoint: 3700 ns, Total: 110400 ns
[2021-03-18T10:30:00.300+0000][24612][safepoint    ] Safepoint "Cleanup", Time since last: 1000787100 ns, Reaching safepoint: 481100 ns, At safepoint: 45100 ns, Total: 526200 ns
[2021-03-18T10:30:02.301+0000][24612][safepoint    ] Safepoint "Cleanup", Time since last: 2000580800 ns, Reaching safepoint: 175200 ns, At safepoint: 6500 ns, Total: 181700 ns
[2021-03-18T10:30:03.302+0000][24612][safepoint    ] Safepoint "Cleanup", Time since last: 1000196800 ns, Reaching safepoint: 373400 ns, At safepoint: 21000 ns, Total: 394400 ns
[2021-03-18T10:30:04.302+0000][24612][safepoint    ] Safepoint "Cleanup", Time since last: 1000138100 ns, Reaching safepoint: 116200 ns, At safepoint: 6400 ns, Total: 122600 ns
[2021-03-18T10:30:06.303+0000][24612][safepoint    ] Safepoint "Cleanup", Time since last: 2000244500 ns, Reaching safepoint: 209900 ns, At safepoint: 12600 ns, Total: 222500 ns
[2021-03-18T10:30:07.890+0000][24612][safepoint    ] Safepoint "Cleanup", Time since last: 1587033000 ns, Reaching safepoint: 111300 ns, At safepoint: 68500 ns, Total: 179800 ns
[2021-03-18T10:30:08.890+0000][24612][safepoint    ] Safepoint "Cleanup", Time since last: 1000262700 ns, Reaching safepoint: 173100 ns, At safepoint: 11100 ns, Total: 184200 ns
[2021-03-18T10:30:10.891+0000][24612][safepoint    ] Safepoint "Cleanup", Time since last: 2000377400 ns, Reaching safepoint: 181700 ns, At safepoint: 22100 ns, Total: 203800 ns
[2021-03-18T10:30:11.892+0000][24612][safepoint    ] Safepoint "Cleanup", Time since last: 1000686900 ns, Reaching safepoint: 134900 ns, At safepoint: 6200 ns, Total: 141100 ns
[2021-03-18T10:30:12.892+0000][24612][safepoint    ] Safepoint "Cleanup", Time since last: 1000383300 ns, Reaching safepoint: 182300 ns, At safepoint: 8300 ns, Total: 190600 ns
[2021-03-18T10:30:14.893+0000][24612][safepoint    ] Safepoint "Cleanup", Time since last: 2000318200 ns, Reaching safepoint: 183700 ns, At safepoint: 27000 ns, Total: 210700 ns
[2021-03-18T10:30:15.893+0000][24612][safepoint    ] Safepoint "Cleanup", Time since last: 1000613900 ns, Reaching safepoint: 147400 ns, At safepoint: 8600 ns, Total: 156000 ns
[2021-03-18T10:30:16.894+0000][24612][safepoint    ] Safepoint "Cleanup", Time since last: 1000815800 ns, Reaching safepoint: 119300 ns, At safepoint: 5500 ns, Total: 124800 ns
[2021-03-18T10:30:17.895+0000][24612][safepoint    ] Safepoint "Cleanup", Time since last: 1000344700 ns, Reaching safepoint: 110200 ns, At safepoint: 22500 ns, Total: 132700 ns
[2021-03-18T10:30:18.896+0000][24612][safepoint    ] Safepoint "Cleanup", Time since last: 1001180900 ns, Reaching safepoint: 166900 ns, At safepoint: 7300 ns, Total: 174200 ns
[2021-03-18T10:30:20.896+0000][24612][safepoint    ] Safepoint "Cleanup", Time since last: 1999973200 ns, Reaching safepoint: 200800 ns, At safepoint: 11100 ns, Total: 211900 ns
[2021-03-18T10:30:21.897+0000][24612][safepoint    ] Safepoint "Cleanup", Time since last: 1000206700 ns, Reaching safepoint: 117900 ns, At safepoint: 6300 ns, Total: 124200 ns
[2021-03-18T10:30:22.898+0000][24612][safepoint    ] Safepoint "Cleanup", Time since last: 1000918500 ns, Reaching safepoint: 149600 ns, At safepoint: 7000 ns, Total: 156600 ns
[2021-03-18T10:30:24.898+0000][24612][safepoint    ] Safepoint "Cleanup", Time since last: 2000152500 ns, Reaching safepoint: 279100 ns, At safepoint: 8800 ns, Total: 287900 ns
[2021-03-18T10:30:25.898+0000][24612][safepoint    ] Safepoint "Cleanup", Time since last: 1000150600 ns, Reaching safepoint: 155000 ns, At safepoint: 8700 ns, Total: 163700 ns
[2021-03-18T10:30:26.898+0000][24612][safepoint    ] Safepoint "Cleanup", Time since last: 1000067900 ns, Reaching safepoint: 107400 ns, At safepoint: 4200 ns, Total: 111600 ns
[2021-03-18T10:30:28.001+0000][24612][safepoint    ] Safepoint "Cleanup", Time since last: 1102296800 ns, Reaching safepoint: 217900 ns, At safepoint: 17200 ns, Total: 235100 ns
[2021-03-18T10:30:29.002+0000][24612][safepoint    ] Safepoint "Cleanup", Time since last: 1000690100 ns, Reaching safepoint: 252200 ns, At safepoint: 25700 ns, Total: 277900 ns
[2021-03-18T10:30:31.003+0000][24612][safepoint    ] Safepoint "Cleanup", Time since last: 2000686500 ns, Reaching safepoint: 234700 ns, At safepoint: 26300 ns, Total: 261000 ns
[2021-03-18T10:30:32.003+0000][24612][safepoint    ] Safepoint "Cleanup", Time since last: 1000639200 ns, Reaching safepoint: 285500 ns, At safepoint: 33300 ns, Total: 318800 ns
[2021-03-18T10:30:34.004+0000][24612][safepoint    ] Safepoint "Cleanup", Time since last: 2000335100 ns, Reaching safepoint: 241800 ns, At safepoint: 17200 ns, Total: 259000 ns
[2021-03-18T10:30:35.005+0000][24612][safepoint    ] Safepoint "Cleanup", Time since last: 1000436400 ns, Reaching safepoint: 175400 ns, At safepoint: 11700 ns, Total: 187100 ns
[2021-03-18T10:30:36.006+0000][24612][safepoint    ] Safepoint "Cleanup", Time since last: 1000480000 ns, Reaching safepoint: 622800 ns, At safepoint: 31500 ns, Total: 654300 ns
[2021-03-18T10:30:38.006+0000][24612][safepoint    ] Safepoint "Cleanup", Time since last: 2000510200 ns, Reaching safepoint: 408500 ns, At safepoint: 20700 ns, Total: 429200 ns
[2021-03-18T10:30:39.008+0000][24612][safepoint    ] Safepoint "Cleanup", Time since last: 1000633600 ns, Reaching safepoint: 251900 ns, At safepoint: 14600 ns, Total: 266500 ns
[2021-03-18T10:30:40.008+0000][24612][safepoint    ] Safepoint "Cleanup", Time since last: 1000609200 ns, Reaching safepoint: 520400 ns, At safepoint: 27300 ns, Total: 547700 ns
[2021-03-18T10:30:41.009+0000][24612][safepoint    ] Safepoint "Cleanup", Time since last: 1000473800 ns, Reaching safepoint: 247800 ns, At safepoint: 17800 ns, Total: 265600 ns
[2021-03-18T10:30:42.010+0000][24612][safepoint    ] Safepoint "Cleanup", Time since last: 1000548300 ns, Reaching safepoint: 182400 ns, At safepoint: 17000 ns, Total: 199400 ns
[2021-03-18T10:30:43.011+0000][24612][safepoint    ] Safepoint "Cleanup", Time since last: 1000309000 ns, Reaching safepoint: 474800 ns, At safepoint: 45000 ns, Total: 519800 ns
[2021-03-18T10:30:44.012+0000][24612][safepoint    ] Safepoint "Cleanup", Time since last: 1000438100 ns, Reaching safepoint: 251900 ns, At safepoint: 21400 ns, Total: 273300 ns
[2021-03-18T10:30:45.012+0000][24612][safepoint    ] Safepoint "Cleanup", Time since last: 1000504400 ns, Reaching safepoint: 538400 ns, At safepoint: 38300 ns, Total: 576700 ns
[2021-03-18T10:30:46.014+0000][24612][safepoint    ] Safepoint "Cleanup", Time since last: 1001345000 ns, Reaching safepoint: 463100 ns, At safepoint: 30700 ns, Total: 493800 ns
[2021-03-18T10:30:47.015+0000][24612][safepoint    ] Safepoint "Cleanup", Time since last: 1000380800 ns, Reaching safepoint: 209400 ns, At safepoint: 12800 ns, Total: 222200 ns
[2021-03-18T10:30:48.016+0000][24612][safepoint    ] Safepoint "Cleanup", Time since last: 1000308600 ns, Reaching safepoint: 255200 ns, At safepoint: 21200 ns, Total: 276400 ns
[2021-03-18T10:30:49.016+0000][24612][safepoint    ] Safepoint "Cleanup", Time since last: 1000374400 ns, Reaching safepoint: 237100 ns, At safepoint: 20200 ns, Total: 257300 ns
[2021-03-18T10:30:50.017+0000][24612][safepoint    ] Safepoint "Cleanup", Time since last: 1000308100 ns, Reaching safepoint: 420400 ns, At safepoint: 41900 ns, Total: 462300 ns
[2021-03-18T10:30:51.018+0000][24612][safepoint    ] Safepoint "Cleanup", Time since last: 1001002400 ns, Reaching safepoint: 251000 ns, At safepoint: 14700 ns, Total: 265700 ns
[2021-03-18T10:30:53.018+0000][24612][safepoint    ] Safepoint "Cleanup", Time since last: 2000069800 ns, Reaching safepoint: 502400 ns, At safepoint: 94700 ns, Total: 597100 ns
[2021-03-18T10:30:54.019+0000][24612][safepoint    ] Safepoint "Cleanup", Time since last: 1000319100 ns, Reaching safepoint: 324000 ns, At safepoint: 26000 ns, Total: 350000 ns
[2021-03-18T10:30:56.020+0000][24612][safepoint    ] Safepoint "Cleanup", Time since last: 2000798900 ns, Reaching safepoint: 292200 ns, At safepoint: 20600 ns, Total: 312800 ns
[2021-03-18T10:30:58.021+0000][24612][safepoint    ] Safepoint "Cleanup", Time since last: 2000593200 ns, Reaching safepoint: 280000 ns, At safepoint: 34200 ns, Total: 314200 ns
[2021-03-18T10:30:59.022+0000][24612][safepoint    ] Safepoint "Cleanup", Time since last: 1000321400 ns, Reaching safepoint: 186600 ns, At safepoint: 15200 ns, Total: 201800 ns
[2021-03-18T10:31:01.022+0000][24612][safepoint    ] Safepoint "Cleanup", Time since last: 2000028500 ns, Reaching safepoint: 442200 ns, At safepoint: 25800 ns, Total: 468000 ns
[2021-03-18T10:31:02.023+0000][24612][safepoint    ] Safepoint "Cleanup", Time since last: 1000120200 ns, Reaching safepoint: 194200 ns, At safepoint: 68600 ns, Total: 262800 ns
[2021-03-18T10:31:03.024+0000][24612][safepoint    ] Safepoint "Cleanup", Time since last: 1000749100 ns, Reaching safepoint: 610200 ns, At safepoint: 207100 ns, Total: 817300 ns
[2021-03-18T10:31:04.026+0000][24612][safepoint    ] Safepoint "Cleanup", Time since last: 1000997400 ns, Reaching safepoint: 222600 ns, At safepoint: 25100 ns, Total: 247700 ns
[2021-03-18T10:31:05.026+0000][24612][safepoint    ] Safepoint "Cleanup", Time since last: 1000673600 ns, Reaching safepoint: 255800 ns, At safepoint: 14700 ns, Total: 270500 ns
[2021-03-18T10:31:06.028+0000][24612][safepoint    ] Safepoint "Cleanup", Time since last: 1000492700 ns, Reaching safepoint: 787200 ns, At safepoint: 104600 ns, Total: 891800 ns
[2021-03-18T10:31:07.029+0000][24612][safepoint    ] Safepoint "Cleanup", Time since last: 1000996300 ns, Reaching safepoint: 130700 ns, At safepoint: 3900 ns, Total: 134600 ns
[2021-03-18T10:31:08.030+0000][24612][safepoint    ] Safepoint "Cleanup", Time since last: 1000465700 ns, Reaching safepoint: 445200 ns, At safepoint: 25100 ns, Total: 470300 ns
[2021-03-18T10:31:09.030+0000][24612][safepoint    ] Safepoint "Cleanup", Time since last: 1000143300 ns, Reaching safepoint: 177000 ns, At safepoint: 4800 ns, Total: 181800 ns
[2021-03-18T10:31:11.031+0000][24612][safepoint    ] Safepoint "Cleanup", Time since last: 2000723100 ns, Reaching safepoint: 260700 ns, At safepoint: 70200 ns, Total: 330900 ns
[2021-03-18T10:31:13.032+0000][24612][safepoint    ] Safepoint "Cleanup", Time since last: 2000473400 ns, Reaching safepoint: 188700 ns, At safepoint: 5000 ns, Total: 193700 ns
[2021-03-18T10:31:14.032+0000][24612][safepoint    ] Safepoint "Cleanup", Time since last: 1000465200 ns, Reaching safepoint: 141600 ns, At safepoint: 71300 ns, Total: 212900 ns
[2021-03-18T10:31:15.033+0000][24612][safepoint    ] Safepoint "Cleanup", Time since last: 1000103900 ns, Reaching safepoint: 260700 ns, At safepoint: 81600 ns, Total: 342300 ns
[2021-03-18T10:31:16.033+0000][24612][safepoint    ] Safepoint "Cleanup", Time since last: 1000193400 ns, Reaching safepoint: 207500 ns, At safepoint: 18200 ns, Total: 225700 ns
[2021-03-18T10:31:17.034+0000][24612][safepoint    ] Safepoint "Cleanup", Time since last: 1000742300 ns, Reaching safepoint: 190300 ns, At safepoint: 5400 ns, Total: 195700 ns
[2021-03-18T10:31:18.036+0000][24612][safepoint    ] Safepoint "Cleanup", Time since last: 1000989000 ns, Reaching safepoint: 515600 ns, At safepoint: 183400 ns, Total: 699000 ns
[2021-03-18T10:31:19.037+0000][24612][safepoint    ] Safepoint "Cleanup", Time since last: 1000675100 ns, Reaching safepoint: 179100 ns, At safepoint: 35400 ns, Total: 214500 ns
[2021-03-18T10:31:20.037+0000][24612][safepoint    ] Safepoint "Cleanup", Time since last: 1000637300 ns, Reaching safepoint: 437100 ns, At safepoint: 151000 ns, Total: 588100 ns
[2021-03-18T10:31:21.039+0000][24612][safepoint    ] Safepoint "Cleanup", Time since last: 1000773800 ns, Reaching safepoint: 482200 ns, At safepoint: 23800 ns, Total: 506000 ns
[2021-03-18T10:31:23.040+0000][24612][safepoint    ] Safepoint "Cleanup", Time since last: 2000654100 ns, Reaching safepoint: 221700 ns, At safepoint: 12300 ns, Total: 234000 ns
[2021-03-18T10:31:24.041+0000][24612][safepoint    ] Safepoint "Cleanup", Time since last: 1000705000 ns, Reaching safepoint: 506000 ns, At safepoint: 40300 ns, Total: 546300 ns
[2021-03-18T10:31:26.042+0000][24612][safepoint    ] Safepoint "Cleanup", Time since last: 2000235500 ns, Reaching safepoint: 398800 ns, At safepoint: 24600 ns, Total: 423400 ns
[2021-03-18T10:31:28.010+0000][24612][safepoint    ] Safepoint "Cleanup", Time since last: 1967968900 ns, Reaching safepoint: 159000 ns, At safepoint: 23400 ns, Total: 182400 ns
[2021-03-18T10:31:29.011+0000][24612][safepoint    ] Safepoint "Cleanup", Time since last: 1000755200 ns, Reaching safepoint: 146100 ns, At safepoint: 6100 ns, Total: 152200 ns
[2021-03-18T10:31:30.012+0000][24612][safepoint    ] Safepoint "Cleanup", Time since last: 1000702400 ns, Reaching safepoint: 135200 ns, At safepoint: 4800 ns, Total: 140000 ns
[2021-03-18T10:31:31.012+0000][24612][safepoint    ] Safepoint "Cleanup", Time since last: 1000152200 ns, Reaching safepoint: 116100 ns, At safepoint: 6200 ns, Total: 122300 ns
[2021-03-18T10:31:32.012+0000][24612][safepoint    ] Safepoint "Cleanup", Time since last: 1000205900 ns, Reaching safepoint: 117900 ns, At safepoint: 6400 ns, Total: 124300 ns
[2021-03-18T10:31:33.013+0000][24612][safepoint    ] Safepoint "Cleanup", Time since last: 1000438200 ns, Reaching safepoint: 145100 ns, At safepoint: 65000 ns, Total: 210100 ns
[2021-03-18T10:31:34.014+0000][24612][safepoint    ] Safepoint "Cleanup", Time since last: 1000543800 ns, Reaching safepoint: 104700 ns, At safepoint: 5700 ns, Total: 110400 ns
[2021-03-18T10:31:36.014+0000][24612][safepoint    ] Safepoint "Cleanup", Time since last: 2000026300 ns, Reaching safepoint: 122400 ns, At safepoint: 7500 ns, Total: 129900 ns
[2021-03-18T10:31:37.014+0000][24612][safepoint    ] Safepoint "Cleanup", Time since last: 1000474000 ns, Reaching safepoint: 108100 ns, At safepoint: 4700 ns, Total: 112800 ns
[2021-03-18T10:31:38.015+0000][24612][safepoint    ] Safepoint "Cleanup", Time since last: 1000281800 ns, Reaching safepoint: 199700 ns, At safepoint: 8700 ns, Total: 208400 ns
[2021-03-18T10:31:40.015+0000][24612][safepoint    ] Safepoint "Cleanup", Time since last: 2000306300 ns, Reaching safepoint: 83000 ns, At safepoint: 2800 ns, Total: 85800 ns
[2021-03-18T10:31:41.016+0000][24612][safepoint    ] Safepoint "Cleanup", Time since last: 1000795800 ns, Reaching safepoint: 103800 ns, At safepoint: 3900 ns, Total: 107700 ns
[2021-03-18T10:31:42.016+0000][24612][safepoint    ] Safepoint "Cleanup", Time since last: 1000134800 ns, Reaching safepoint: 98700 ns, At safepoint: 7200 ns, Total: 105900 ns
[2021-03-18T10:31:43.017+0000][24612][safepoint    ] Safepoint "Cleanup", Time since last: 1000363100 ns, Reaching safepoint: 150800 ns, At safepoint: 4400 ns, Total: 155200 ns
[2021-03-18T10:31:44.017+0000][24612][safepoint    ] Safepoint "Cleanup", Time since last: 1000217200 ns, Reaching safepoint: 136500 ns, At safepoint: 3400 ns, Total: 139900 ns
[2021-03-18T10:31:46.017+0000][24612][safepoint    ] Safepoint "Cleanup", Time since last: 1999955700 ns, Reaching safepoint: 111700 ns, At safepoint: 6400 ns, Total: 118100 ns
[2021-03-18T10:31:48.018+0000][24612][safepoint    ] Safepoint "Cleanup", Time since last: 2000654200 ns, Reaching safepoint: 149100 ns, At safepoint: 3500 ns, Total: 152600 ns
[2021-03-18T10:31:49.018+0000][24612][safepoint    ] Safepoint "Cleanup", Time since last: 1000184500 ns, Reaching safepoint: 156100 ns, At safepoint: 8600 ns, Total: 164700 ns
[2021-03-18T10:31:51.018+0000][24612][safepoint    ] Safepoint "Cleanup", Time since last: 2000097100 ns, Reaching safepoint: 401000 ns, At safepoint: 39000 ns, Total: 440000 ns
[2021-03-18T10:31:53.018+0000][24612][safepoint    ] Safepoint "Cleanup", Time since last: 1999780100 ns, Reaching safepoint: 149100 ns, At safepoint: 7500 ns, Total: 156600 ns
[2021-03-18T10:31:54.019+0000][24612][safepoint    ] Safepoint "Cleanup", Time since last: 1000151300 ns, Reaching safepoint: 150500 ns, At safepoint: 7600 ns, Total: 158100 ns
[2021-03-18T10:31:55.019+0000][24612][safepoint    ] Safepoint "Cleanup", Time since last: 1000495200 ns, Reaching safepoint: 133000 ns, At safepoint: 10200 ns, Total: 143200 ns
[2021-03-18T10:31:57.020+0000][24612][safepoint    ] Safepoint "Cleanup", Time since last: 2000412600 ns, Reaching safepoint: 107100 ns, At safepoint: 5800 ns, Total: 112900 ns
[2021-03-18T10:31:58.021+0000][24612][safepoint    ] Safepoint "Cleanup", Time since last: 1000675300 ns, Reaching safepoint: 156600 ns, At safepoint: 5000 ns, Total: 161600 ns
[2021-03-18T10:31:59.021+0000][24612][safepoint    ] Safepoint "Cleanup", Time since last: 1000566900 ns, Reaching safepoint: 542600 ns, At safepoint: 35700 ns, Total: 578300 ns
[2021-03-18T10:32:00.022+0000][24612][safepoint    ] Safepoint "Cleanup", Time since last: 1000189900 ns, Reaching safepoint: 150300 ns, At safepoint: 13400 ns, Total: 163700 ns
[2021-03-18T10:32:01.023+0000][24612][safepoint    ] Safepoint "Cleanup", Time since last: 1000243300 ns, Reaching safepoint: 150000 ns, At safepoint: 3200 ns, Total: 153200 ns
[2021-03-18T10:32:02.023+0000][24612][safepoint    ] Safepoint "Cleanup", Time since last: 1000144800 ns, Reaching safepoint: 140200 ns, At safepoint: 3200 ns, Total: 143400 ns
[2021-03-18T10:32:03.023+0000][24612][safepoint    ] Safepoint "Cleanup", Time since last: 1000113600 ns, Reaching safepoint: 137200 ns, At safepoint: 70700 ns, Total: 207900 ns
[2021-03-18T10:32:05.024+0000][24612][safepoint    ] Safepoint "Cleanup", Time since last: 2000846000 ns, Reaching safepoint: 442500 ns, At safepoint: 24100 ns, Total: 466600 ns
[2021-03-18T10:32:07.025+0000][24612][safepoint    ] Safepoint "Cleanup", Time since last: 2000337000 ns, Reaching safepoint: 120200 ns, At safepoint: 6800 ns, Total: 127000 ns
[2021-03-18T10:32:08.025+0000][24612][safepoint    ] Safepoint "Cleanup", Time since last: 1000355100 ns, Reaching safepoint: 313200 ns, At safepoint: 76900 ns, Total: 390100 ns
[2021-03-18T10:32:10.026+0000][24612][safepoint    ] Safepoint "Cleanup", Time since last: 2000401600 ns, Reaching safepoint: 175100 ns, At safepoint: 8800 ns, Total: 183900 ns
[2021-03-18T10:32:11.027+0000][24612][safepoint    ] Safepoint "Cleanup", Time since last: 1000517700 ns, Reaching safepoint: 156500 ns, At safepoint: 5400 ns, Total: 161900 ns
[2021-03-18T10:32:12.027+0000][24612][safepoint    ] Safepoint "Cleanup", Time since last: 1000518200 ns, Reaching safepoint: 129300 ns, At safepoint: 9000 ns, Total: 138300 ns
[2021-03-18T10:32:13.028+0000][24612][safepoint    ] Safepoint "Cleanup", Time since last: 1000364700 ns, Reaching safepoint: 239100 ns, At safepoint: 15200 ns, Total: 254300 ns
[2021-03-18T10:32:14.029+0000][24612][safepoint    ] Safepoint "Cleanup", Time since last: 1000766600 ns, Reaching safepoint: 237300 ns, At safepoint: 5700 ns, Total: 243000 ns
[2021-03-18T10:32:16.029+0000][24612][safepoint    ] Safepoint "Cleanup", Time since last: 1999892100 ns, Reaching safepoint: 176500 ns, At safepoint: 6600 ns, Total: 183100 ns
[2021-03-18T10:32:17.029+0000][24612][safepoint    ] Safepoint "Cleanup", Time since last: 1000011200 ns, Reaching safepoint: 113200 ns, At safepoint: 6500 ns, Total: 119700 ns
[2021-03-18T10:32:18.030+0000][24612][safepoint    ] Safepoint "Cleanup", Time since last: 1000797000 ns, Reaching safepoint: 117000 ns, At safepoint: 3200 ns, Total: 120200 ns
[2021-03-18T10:32:19.030+0000][24612][safepoint    ] Safepoint "Cleanup", Time since last: 1000207400 ns, Reaching safepoint: 147200 ns, At safepoint: 4900 ns, Total: 152100 ns
[2021-03-18T10:32:20.031+0000][24612][safepoint    ] Safepoint "Cleanup", Time since last: 1000546200 ns, Reaching safepoint: 155800 ns, At safepoint: 6900 ns, Total: 162700 ns
[2021-03-18T10:32:21.031+0000][24612][safepoint    ] Safepoint "Cleanup", Time since last: 1000157000 ns, Reaching safepoint: 151400 ns, At safepoint: 5400 ns, Total: 156800 ns
[2021-03-18T10:32:22.032+0000][24612][safepoint    ] Safepoint "Cleanup", Time since last: 1000788500 ns, Reaching safepoint: 161800 ns, At safepoint: 10700 ns, Total: 172500 ns
[2021-03-18T10:32:23.033+0000][24612][safepoint    ] Safepoint "Cleanup", Time since last: 1000657000 ns, Reaching safepoint: 154200 ns, At safepoint: 8100 ns, Total: 162300 ns
[2021-03-18T10:32:24.033+0000][24612][safepoint    ] Safepoint "Cleanup", Time since last: 1000311300 ns, Reaching safepoint: 110600 ns, At safepoint: 3100 ns, Total: 113700 ns
[2021-03-18T10:32:25.034+0000][24612][safepoint    ] Safepoint "Cleanup", Time since last: 1000278500 ns, Reaching safepoint: 537100 ns, At safepoint: 55500 ns, Total: 592600 ns
[2021-03-18T10:32:26.036+0000][24612][safepoint    ] Safepoint "Cleanup", Time since last: 1001410500 ns, Reaching safepoint: 277900 ns, At safepoint: 21000 ns, Total: 298900 ns
[2021-03-18T10:32:27.036+0000][24612][safepoint    ] Safepoint "Cleanup", Time since last: 1000288300 ns, Reaching safepoint: 144700 ns, At safepoint: 7200 ns, Total: 151900 ns
[2021-03-18T10:32:28.037+0000][24612][safepoint    ] Safepoint "Cleanup", Time since last: 1000233000 ns, Reaching safepoint: 301300 ns, At safepoint: 15600 ns, Total: 316900 ns
[2021-03-18T10:32:30.037+0000][24612][safepoint    ] Safepoint "Cleanup", Time since last: 1999957800 ns, Reaching safepoint: 170000 ns, At safepoint: 5600 ns, Total: 175600 ns
[2021-03-18T10:32:31.037+0000][24612][safepoint    ] Safepoint "Cleanup", Time since last: 1000009500 ns, Reaching safepoint: 144800 ns, At safepoint: 6200 ns, Total: 151000 ns
[2021-03-18T10:32:32.038+0000][24612][safepoint    ] Safepoint "Cleanup", Time since last: 1000911900 ns, Reaching safepoint: 163400 ns, At safepoint: 5700 ns, Total: 169100 ns
[2021-03-18T10:32:33.039+0000][24612][safepoint    ] Safepoint "Cleanup", Time since last: 1000637000 ns, Reaching safepoint: 139300 ns, At safepoint: 15000 ns, Total: 154300 ns
[2021-03-18T10:32:34.039+0000][24612][safepoint    ] Safepoint "Cleanup", Time since last: 1000427500 ns, Reaching safepoint: 257500 ns, At safepoint: 11700 ns, Total: 269200 ns
[2021-03-18T10:32:35.040+0000][24612][safepoint    ] Safepoint "Cleanup", Time since last: 1000442900 ns, Reaching safepoint: 172300 ns, At safepoint: 12800 ns, Total: 185100 ns
[2021-03-18T10:32:36.040+0000][24612][safepoint    ] Safepoint "Cleanup", Time since last: 1000041500 ns, Reaching safepoint: 350200 ns, At safepoint: 15400 ns, Total: 365600 ns
[2021-03-18T10:32:37.041+0000][24612][safepoint    ] Safepoint "Cleanup", Time since last: 1000040600 ns, Reaching safepoint: 142100 ns, At safepoint: 10700 ns, Total: 152800 ns
[2021-03-18T10:32:38.041+0000][24612][safepoint    ] Safepoint "Cleanup", Time since last: 1000219500 ns, Reaching safepoint: 335100 ns, At safepoint: 19500 ns, Total: 354600 ns
[2021-03-18T10:32:39.042+0000][24612][safepoint    ] Safepoint "Cleanup", Time since last: 1000460600 ns, Reaching safepoint: 126400 ns, At safepoint: 6400 ns, Total: 132800 ns
[2021-03-18T10:32:40.042+0000][24612][safepoint    ] Safepoint "Cleanup", Time since last: 1000293200 ns, Reaching safepoint: 132600 ns, At safepoint: 9300 ns, Total: 141900 ns
[2021-03-18T10:32:41.043+0000][24612][safepoint    ] Safepoint "Cleanup", Time since last: 1000452500 ns, Reaching safepoint: 149800 ns, At safepoint: 6500 ns, Total: 156300 ns
[2021-03-18T10:32:42.044+0000][24612][safepoint    ] Safepoint "Cleanup", Time since last: 1000623000 ns, Reaching safepoint: 90500 ns, At safepoint: 2200 ns, Total: 92700 ns
[2021-03-18T10:32:43.044+0000][24612][safepoint    ] Safepoint "Cleanup", Time since last: 1000429900 ns, Reaching safepoint: 193000 ns, At safepoint: 5900 ns, Total: 198900 ns
[2021-03-18T10:32:44.045+0000][24612][safepoint    ] Safepoint "Cleanup", Time since last: 1000816000 ns, Reaching safepoint: 173800 ns, At safepoint: 12700 ns, Total: 186500 ns
[2021-03-18T10:32:45.045+0000][24612][safepoint    ] Safepoint "Cleanup", Time since last: 1000192300 ns, Reaching safepoint: 111200 ns, At safepoint: 3500 ns, Total: 114700 ns
[2021-03-18T10:32:46.046+0000][24612][safepoint    ] Safepoint "Cleanup", Time since last: 1000118300 ns, Reaching safepoint: 94300 ns, At safepoint: 6400 ns, Total: 100700 ns
[2021-03-18T10:32:47.046+0000][24612][safepoint    ] Safepoint "Cleanup", Time since last: 1000561200 ns, Reaching safepoint: 87000 ns, At safepoint: 2200 ns, Total: 89200 ns
[2021-03-18T10:32:48.047+0000][24612][safepoint    ] Safepoint "Cleanup", Time since last: 1000630800 ns, Reaching safepoint: 150500 ns, At safepoint: 4300 ns, Total: 154800 ns
[2021-03-18T10:32:49.047+0000][24612][safepoint    ] Safepoint "Cleanup", Time since last: 1000085800 ns, Reaching safepoint: 127100 ns, At safepoint: 5000 ns, Total: 132100 ns
[2021-03-18T10:32:50.048+0000][24612][safepoint    ] Safepoint "Cleanup", Time since last: 1000342800 ns, Reaching safepoint: 105800 ns, At safepoint: 6200 ns, Total: 112000 ns
[2021-03-18T10:32:51.048+0000][24612][safepoint    ] Safepoint "Cleanup", Time since last: 1000038900 ns, Reaching safepoint: 222500 ns, At safepoint: 7400 ns, Total: 229900 ns
[2021-03-18T10:32:52.048+0000][24612][safepoint    ] Safepoint "Cleanup", Time since last: 1000102600 ns, Reaching safepoint: 172000 ns, At safepoint: 20700 ns, Total: 192700 ns
[2021-03-18T10:32:54.048+0000][24612][safepoint    ] Safepoint "Cleanup", Time since last: 2000134100 ns, Reaching safepoint: 173500 ns, At safepoint: 11200 ns, Total: 184700 ns
[2021-03-18T10:32:55.049+0000][24612][safepoint    ] Safepoint "Cleanup", Time since last: 1000238100 ns, Reaching safepoint: 146800 ns, At safepoint: 25700 ns, Total: 172500 ns
[2021-03-18T10:32:57.050+0000][24612][safepoint    ] Safepoint "Cleanup", Time since last: 2000737400 ns, Reaching safepoint: 235800 ns, At safepoint: 14200 ns, Total: 250000 ns
[2021-03-18T10:32:58.050+0000][24612][safepoint    ] Safepoint "Cleanup", Time since last: 1000557800 ns, Reaching safepoint: 143800 ns, At safepoint: 6000 ns, Total: 149800 ns
[2021-03-18T10:32:59.051+0000][24612][safepoint    ] Safepoint "Cleanup", Time since last: 1000298500 ns, Reaching safepoint: 157100 ns, At safepoint: 7400 ns, Total: 164500 ns
[2021-03-18T10:33:00.052+0000][24612][safepoint    ] Safepoint "Cleanup", Time since last: 1000598500 ns, Reaching safepoint: 157400 ns, At safepoint: 6300 ns, Total: 163700 ns
[2021-03-18T10:33:01.052+0000][24612][safepoint    ] Safepoint "Cleanup", Time since last: 1000093000 ns, Reaching safepoint: 459300 ns, At safepoint: 25900 ns, Total: 485200 ns
[2021-03-18T10:33:02.052+0000][24612][safepoint    ] Safepoint "Cleanup", Time since last: 1000132500 ns, Reaching safepoint: 180200 ns, At safepoint: 10000 ns, Total: 190200 ns
[2021-03-18T10:33:03.053+0000][24612][safepoint    ] Safepoint "Cleanup", Time since last: 1000498400 ns, Reaching safepoint: 311600 ns, At safepoint: 12700 ns, Total: 324300 ns
[2021-03-18T10:33:04.054+0000][24612][safepoint    ] Safepoint "Cleanup", Time since last: 1000354900 ns, Reaching safepoint: 135700 ns, At safepoint: 4000 ns, Total: 139700 ns
[2021-03-18T10:33:05.054+0000][24612][safepoint    ] Safepoint "Cleanup", Time since last: 1000488000 ns, Reaching safepoint: 124600 ns, At safepoint: 6400 ns, Total: 131000 ns
[2021-03-18T10:33:06.055+0000][24612][safepoint    ] Safepoint "Cleanup", Time since last: 1000737500 ns, Reaching safepoint: 465400 ns, At safepoint: 26600 ns, Total: 492000 ns
[2021-03-18T10:33:07.056+0000][24612][safepoint    ] Safepoint "Cleanup", Time since last: 1000750700 ns, Reaching safepoint: 137000 ns, At safepoint: 16300 ns, Total: 153300 ns
[2021-03-18T10:33:08.057+0000][24612][safepoint    ] Safepoint "Cleanup", Time since last: 1000474000 ns, Reaching safepoint: 151100 ns, At safepoint: 5200 ns, Total: 156300 ns
[2021-03-18T10:33:09.057+0000][24612][safepoint    ] Safepoint "Cleanup", Time since last: 1000163100 ns, Reaching safepoint: 300800 ns, At safepoint: 14300 ns, Total: 315100 ns
[2021-03-18T10:33:10.058+0000][24612][safepoint    ] Safepoint "Cleanup", Time since last: 1000540900 ns, Reaching safepoint: 152700 ns, At safepoint: 5100 ns, Total: 157800 ns
[2021-03-18T10:33:12.058+0000][24612][safepoint    ] Safepoint "Cleanup", Time since last: 1999923300 ns, Reaching safepoint: 138600 ns, At safepoint: 7100 ns, Total: 145700 ns
[2021-03-18T10:33:14.058+0000][24612][safepoint    ] Safepoint "Cleanup", Time since last: 1999954200 ns, Reaching safepoint: 159800 ns, At safepoint: 8400 ns, Total: 168200 ns
[2021-03-18T10:33:15.058+0000][24612][safepoint    ] Safepoint "Cleanup", Time since last: 1000061500 ns, Reaching safepoint: 231800 ns, At safepoint: 12500 ns, Total: 244300 ns
[2021-03-18T10:33:16.059+0000][24612][safepoint    ] Safepoint "Cleanup", Time since last: 1000180400 ns, Reaching safepoint: 150600 ns, At safepoint: 5800 ns, Total: 156400 ns
[2021-03-18T10:33:18.060+0000][24612][safepoint    ] Safepoint "Cleanup", Time since last: 2000794200 ns, Reaching safepoint: 173900 ns, At safepoint: 6000 ns, Total: 179900 ns
[2021-03-18T10:33:19.060+0000][24612][safepoint    ] Safepoint "Cleanup", Time since last: 1000024400 ns, Reaching safepoint: 165400 ns, At safepoint: 9300 ns, Total: 174700 ns
[2021-03-18T10:33:20.061+0000][24612][safepoint    ] Safepoint "Cleanup", Time since last: 1000691300 ns, Reaching safepoint: 246200 ns, At safepoint: 18400 ns, Total: 264600 ns
[2021-03-18T10:33:22.061+0000][24612][safepoint    ] Safepoint "Cleanup", Time since last: 2000575300 ns, Reaching safepoint: 134600 ns, At safepoint: 12600 ns, Total: 147200 ns
[2021-03-18T10:33:23.062+0000][24612][safepoint    ] Safepoint "Cleanup", Time since last: 1000440500 ns, Reaching safepoint: 249100 ns, At safepoint: 16100 ns, Total: 265200 ns
[2021-03-18T10:33:24.063+0000][24612][safepoint    ] Safepoint "Cleanup", Time since last: 1000205400 ns, Reaching safepoint: 183700 ns, At safepoint: 7100 ns, Total: 190800 ns
[2021-03-18T10:33:25.063+0000][24612][safepoint    ] Safepoint "Cleanup", Time since last: 1000460300 ns, Reaching safepoint: 178700 ns, At safepoint: 4500 ns, Total: 183200 ns
[2021-03-18T10:33:26.064+0000][24612][safepoint    ] Safepoint "Cleanup", Time since last: 1000772800 ns, Reaching safepoint: 169300 ns, At safepoint: 4500 ns, Total: 173800 ns
[2021-03-18T10:33:26.998+0000][24612][safepoint    ] Safepoint "BulkRevokeBias", Time since last: 932493300 ns, Reaching safepoint: 285700 ns, At safepoint: 1864000 ns, Total: 2149700 ns
[2021-03-18T10:33:28.000+0000][24612][safepoint    ] Safepoint "Cleanup", Time since last: 1000712800 ns, Reaching safepoint: 118900 ns, At safepoint: 29500 ns, Total: 148400 ns
[2021-03-18T10:33:29.000+0000][24612][safepoint    ] Safepoint "Cleanup", Time since last: 1000646700 ns, Reaching safepoint: 178000 ns, At safepoint: 70300 ns, Total: 248300 ns
[2021-03-18T10:33:31.001+0000][24612][safepoint    ] Safepoint "Cleanup", Time since last: 2000107700 ns, Reaching safepoint: 183600 ns, At safepoint: 54500 ns, Total: 238100 ns
[2021-03-18T10:33:32.001+0000][24612][safepoint    ] Safepoint "Cleanup", Time since last: 1000091200 ns, Reaching safepoint: 468900 ns, At safepoint: 26000 ns, Total: 494900 ns
[2021-03-18T10:33:33.002+0000][24612][safepoint    ] Safepoint "Cleanup", Time since last: 1000976000 ns, Reaching safepoint: 122500 ns, At safepoint: 2400 ns, Total: 124900 ns
[2021-03-18T10:33:34.003+0000][24612][safepoint    ] Safepoint "Cleanup", Time since last: 1000234900 ns, Reaching safepoint: 198500 ns, At safepoint: 5700 ns, Total: 204200 ns
[2021-03-18T10:33:36.004+0000][24612][safepoint    ] Safepoint "Cleanup", Time since last: 2000613400 ns, Reaching safepoint: 277700 ns, At safepoint: 45400 ns, Total: 323100 ns
[2021-03-18T10:33:38.004+0000][24612][safepoint    ] Safepoint "Cleanup", Time since last: 2000569100 ns, Reaching safepoint: 139500 ns, At safepoint: 64600 ns, Total: 204100 ns
[2021-03-18T10:33:39.005+0000][24612][safepoint    ] Safepoint "Cleanup", Time since last: 1000330200 ns, Reaching safepoint: 433400 ns, At safepoint: 163100 ns, Total: 596500 ns
[2021-03-18T10:33:40.006+0000][24612][safepoint    ] Safepoint "Cleanup", Time since last: 1000860100 ns, Reaching safepoint: 227600 ns, At safepoint: 21800 ns, Total: 249400 ns
[2021-03-18T10:33:41.007+0000][24612][safepoint    ] Safepoint "Cleanup", Time since last: 1000672700 ns, Reaching safepoint: 327100 ns, At safepoint: 20900 ns, Total: 348000 ns
[2021-03-18T10:33:42.008+0000][24612][safepoint    ] Safepoint "Cleanup", Time since last: 1000012600 ns, Reaching safepoint: 364200 ns, At safepoint: 20500 ns, Total: 384700 ns
[2021-03-18T10:33:44.008+0000][24612][safepoint    ] Safepoint "Cleanup", Time since last: 1999921000 ns, Reaching safepoint: 143200 ns, At safepoint: 4900 ns, Total: 148100 ns
[2021-03-18T10:33:45.008+0000][24612][safepoint    ] Safepoint "Cleanup", Time since last: 1000235500 ns, Reaching safepoint: 134800 ns, At safepoint: 7400 ns, Total: 142200 ns
[2021-03-18T10:33:46.009+0000][24612][safepoint    ] Safepoint "Cleanup", Time since last: 1000615100 ns, Reaching safepoint: 199000 ns, At safepoint: 6400 ns, Total: 205400 ns
[2021-03-18T10:33:47.009+0000][24612][safepoint    ] Safepoint "Cleanup", Time since last: 1000224200 ns, Reaching safepoint: 205500 ns, At safepoint: 11700 ns, Total: 217200 ns
[2021-03-18T10:33:48.010+0000][24612][safepoint    ] Safepoint "Cleanup", Time since last: 1000210300 ns, Reaching safepoint: 87000 ns, At safepoint: 2700 ns, Total: 89700 ns
[2021-03-18T10:33:49.011+0000][24612][safepoint    ] Safepoint "Cleanup", Time since last: 1000779900 ns, Reaching safepoint: 169300 ns, At safepoint: 6200 ns, Total: 175500 ns
[2021-03-18T10:33:51.011+0000][24612][safepoint    ] Safepoint "Cleanup", Time since last: 2000094700 ns, Reaching safepoint: 200500 ns, At safepoint: 6900 ns, Total: 207400 ns
[2021-03-18T10:33:52.012+0000][24612][safepoint    ] Safepoint "Cleanup", Time since last: 1000473100 ns, Reaching safepoint: 124100 ns, At safepoint: 10900 ns, Total: 135000 ns
[2021-03-18T10:33:54.012+0000][24612][safepoint    ] Safepoint "Cleanup", Time since last: 2000693300 ns, Reaching safepoint: 108000 ns, At safepoint: 6900 ns, Total: 114900 ns
[2021-03-18T10:33:55.013+0000][24612][safepoint    ] Safepoint "Cleanup", Time since last: 1000423200 ns, Reaching safepoint: 131000 ns, At safepoint: 6000 ns, Total: 137000 ns
[2021-03-18T10:33:56.014+0000][24612][safepoint    ] Safepoint "Cleanup", Time since last: 1000838400 ns, Reaching safepoint: 199000 ns, At safepoint: 7400 ns, Total: 206400 ns
[2021-03-18T10:33:57.014+0000][24612][safepoint    ] Safepoint "Cleanup", Time since last: 1000285300 ns, Reaching safepoint: 343700 ns, At safepoint: 19100 ns, Total: 362800 ns
[2021-03-18T10:33:58.015+0000][24612][safepoint    ] Safepoint "Cleanup", Time since last: 1000514200 ns, Reaching safepoint: 138300 ns, At safepoint: 3000 ns, Total: 141300 ns
[2021-03-18T10:34:00.016+0000][24612][safepoint    ] Safepoint "Cleanup", Time since last: 2000343200 ns, Reaching safepoint: 189900 ns, At safepoint: 13800 ns, Total: 203700 ns
[2021-03-18T10:34:01.016+0000][24612][safepoint    ] Safepoint "Cleanup", Time since last: 1000651700 ns, Reaching safepoint: 137600 ns, At safepoint: 6200 ns, Total: 143800 ns
[2021-03-18T10:34:03.016+0000][24612][safepoint    ] Safepoint "Cleanup", Time since last: 1999936700 ns, Reaching safepoint: 130600 ns, At safepoint: 21600 ns, Total: 152200 ns
[2021-03-18T10:34:04.017+0000][24612][safepoint    ] Safepoint "Cleanup", Time since last: 1000706400 ns, Reaching safepoint: 427200 ns, At safepoint: 26200 ns, Total: 453400 ns
[2021-03-18T10:34:05.018+0000][24612][safepoint    ] Safepoint "Cleanup", Time since last: 1000035200 ns, Reaching safepoint: 403800 ns, At safepoint: 26800 ns, Total: 430600 ns
[2021-03-18T10:34:07.018+0000][24612][safepoint    ] Safepoint "Cleanup", Time since last: 2000257100 ns, Reaching safepoint: 140900 ns, At safepoint: 6400 ns, Total: 147300 ns
[2021-03-18T10:34:08.018+0000][24612][safepoint    ] Safepoint "Cleanup", Time since last: 1000021100 ns, Reaching safepoint: 147000 ns, At safepoint: 4800 ns, Total: 151800 ns
[2021-03-18T10:34:09.019+0000][24612][safepoint    ] Safepoint "Cleanup", Time since last: 1000235700 ns, Reaching safepoint: 118400 ns, At safepoint: 2800 ns, Total: 121200 ns
[2021-03-18T10:34:10.019+0000][24612][safepoint    ] Safepoint "Cleanup", Time since last: 1000309800 ns, Reaching safepoint: 136300 ns, At safepoint: 6300 ns, Total: 142600 ns
[2021-03-18T10:34:11.020+0000][24612][safepoint    ] Safepoint "Cleanup", Time since last: 1000349100 ns, Reaching safepoint: 189200 ns, At safepoint: 6000 ns, Total: 195200 ns
[2021-03-18T10:34:12.020+0000][24612][safepoint    ] Safepoint "Cleanup", Time since last: 1000484600 ns, Reaching safepoint: 347000 ns, At safepoint: 15900 ns, Total: 362900 ns
[2021-03-18T10:34:14.021+0000][24612][safepoint    ] Safepoint "Cleanup", Time since last: 1999810100 ns, Reaching safepoint: 144800 ns, At safepoint: 3700 ns, Total: 148500 ns
[2021-03-18T10:34:15.022+0000][24612][safepoint    ] Safepoint "Cleanup", Time since last: 1000965600 ns, Reaching safepoint: 178800 ns, At safepoint: 7300 ns, Total: 186100 ns
[2021-03-18T10:34:16.023+0000][24612][safepoint    ] Safepoint "Cleanup", Time since last: 1000743200 ns, Reaching safepoint: 128900 ns, At safepoint: 8700 ns, Total: 137600 ns
[2021-03-18T10:34:17.023+0000][24612][safepoint    ] Safepoint "Cleanup", Time since last: 1000590500 ns, Reaching safepoint: 116100 ns, At safepoint: 8600 ns, Total: 124700 ns
[2021-03-18T10:34:19.024+0000][24612][safepoint    ] Safepoint "Cleanup", Time since last: 2000121200 ns, Reaching safepoint: 175400 ns, At safepoint: 9000 ns, Total: 184400 ns
[2021-03-18T10:34:20.024+0000][24612][safepoint    ] Safepoint "Cleanup", Time since last: 1000348000 ns, Reaching safepoint: 154700 ns, At safepoint: 3800 ns, Total: 158500 ns
[2021-03-18T10:34:21.025+0000][24612][safepoint    ] Safepoint "Cleanup", Time since last: 1000479100 ns, Reaching safepoint: 113400 ns, At safepoint: 8700 ns, Total: 122100 ns
[2021-03-18T10:34:22.025+0000][24612][safepoint    ] Safepoint "Cleanup", Time since last: 1000500700 ns, Reaching safepoint: 143100 ns, At safepoint: 3200 ns, Total: 146300 ns
[2021-03-18T10:34:23.026+0000][24612][safepoint    ] Safepoint "Cleanup", Time since last: 1000282000 ns, Reaching safepoint: 219300 ns, At safepoint: 16400 ns, Total: 235700 ns
[2021-03-18T10:34:24.026+0000][24612][safepoint    ] Safepoint "Cleanup", Time since last: 1000200300 ns, Reaching safepoint: 135300 ns, At safepoint: 5700 ns, Total: 141000 ns
[2021-03-18T10:34:25.027+0000][24612][safepoint    ] Safepoint "Cleanup", Time since last: 1000847900 ns, Reaching safepoint: 145000 ns, At safepoint: 8100 ns, Total: 153100 ns
[2021-03-18T10:34:26.027+0000][24612][safepoint    ] Safepoint "Cleanup", Time since last: 1000346200 ns, Reaching safepoint: 187800 ns, At safepoint: 6200 ns, Total: 194000 ns
[2021-03-18T10:34:28.028+0000][24612][safepoint    ] Safepoint "Cleanup", Time since last: 2000494700 ns, Reaching safepoint: 268300 ns, At safepoint: 8800 ns, Total: 277100 ns
[2021-03-18T10:34:29.028+0000][24612][safepoint    ] Safepoint "Cleanup", Time since last: 1000075500 ns, Reaching safepoint: 183900 ns, At safepoint: 5500 ns, Total: 189400 ns
[2021-03-18T10:34:30.029+0000][24612][safepoint    ] Safepoint "Cleanup", Time since last: 1000688300 ns, Reaching safepoint: 157200 ns, At safepoint: 5700 ns, Total: 162900 ns
[2021-03-18T10:34:31.030+0000][24612][safepoint    ] Safepoint "Cleanup", Time since last: 1000206500 ns, Reaching safepoint: 244300 ns, At safepoint: 19000 ns, Total: 263300 ns
[2021-03-18T10:34:32.031+0000][24612][safepoint    ] Safepoint "Cleanup", Time since last: 1000796400 ns, Reaching safepoint: 301000 ns, At safepoint: 11400 ns, Total: 312400 ns
[2021-03-18T10:34:33.032+0000][24612][safepoint    ] Safepoint "Cleanup", Time since last: 1000619200 ns, Reaching safepoint: 122800 ns, At safepoint: 6600 ns, Total: 129400 ns
[2021-03-18T10:34:34.032+0000][24612][safepoint    ] Safepoint "Cleanup", Time since last: 1000007200 ns, Reaching safepoint: 174100 ns, At safepoint: 5600 ns, Total: 179700 ns
[2021-03-18T10:34:36.032+0000][24612][safepoint    ] Safepoint "Cleanup", Time since last: 1999939400 ns, Reaching safepoint: 223300 ns, At safepoint: 6700 ns, Total: 230000 ns
[2021-03-18T10:34:37.033+0000][24612][safepoint    ] Safepoint "Cleanup", Time since last: 1000970400 ns, Reaching safepoint: 135900 ns, At safepoint: 4300 ns, Total: 140200 ns
[2021-03-18T10:34:38.033+0000][24612][safepoint    ] Safepoint "Cleanup", Time since last: 1000173300 ns, Reaching safepoint: 333100 ns, At safepoint: 36300 ns, Total: 369400 ns
[2021-03-18T10:34:39.034+0000][24612][safepoint    ] Safepoint "Cleanup", Time since last: 1000523400 ns, Reaching safepoint: 95300 ns, At safepoint: 13600 ns, Total: 108900 ns
[2021-03-18T10:34:40.035+0000][24612][safepoint    ] Safepoint "Cleanup", Time since last: 1000368300 ns, Reaching safepoint: 96900 ns, At safepoint: 3000 ns, Total: 99900 ns
[2021-03-18T10:34:41.264+0000][24612][safepoint    ] Safepoint "Cleanup", Time since last: 1229074100 ns, Reaching safepoint: 142800 ns, At safepoint: 6900 ns, Total: 149700 ns
[2021-03-18T10:34:42.264+0000][24612][safepoint    ] Safepoint "Cleanup", Time since last: 1000387500 ns, Reaching safepoint: 133600 ns, At safepoint: 4600 ns, Total: 138200 ns
[2021-03-18T10:34:43.265+0000][24612][safepoint    ] Safepoint "Cleanup", Time since last: 1000936800 ns, Reaching safepoint: 382900 ns, At safepoint: 15300 ns, Total: 398200 ns
[2021-03-18T10:34:44.266+0000][24612][safepoint    ] Safepoint "Cleanup", Time since last: 1000652600 ns, Reaching safepoint: 298700 ns, At safepoint: 12800 ns, Total: 311500 ns
[2021-03-18T10:34:45.267+0000][24612][safepoint    ] Safepoint "Cleanup", Time since last: 1000575000 ns, Reaching safepoint: 130500 ns, At safepoint: 4200 ns, Total: 134700 ns
[2021-03-18T10:34:46.268+0000][24612][safepoint    ] Safepoint "Cleanup", Time since last: 1000912600 ns, Reaching safepoint: 133600 ns, At safepoint: 6000 ns, Total: 139600 ns
[2021-03-18T10:34:47.269+0000][24612][safepoint    ] Safepoint "Cleanup", Time since last: 1000564600 ns, Reaching safepoint: 252600 ns, At safepoint: 15500 ns, Total: 268100 ns
[2021-03-18T10:34:48.269+0000][24612][safepoint    ] Safepoint "Cleanup", Time since last: 1000235400 ns, Reaching safepoint: 133700 ns, At safepoint: 20500 ns, Total: 154200 ns
[2021-03-18T10:34:49.270+0000][24612][safepoint    ] Safepoint "Cleanup", Time since last: 1000277900 ns, Reaching safepoint: 146500 ns, At safepoint: 5400 ns, Total: 151900 ns
[2021-03-18T10:34:50.270+0000][24612][safepoint    ] Safepoint "Cleanup", Time since last: 1000518500 ns, Reaching safepoint: 333200 ns, At safepoint: 26000 ns, Total: 359200 ns
[2021-03-18T10:34:51.271+0000][24612][safepoint    ] Safepoint "Cleanup", Time since last: 1000188400 ns, Reaching safepoint: 109700 ns, At safepoint: 7200 ns, Total: 116900 ns
[2021-03-18T10:34:52.271+0000][24612][safepoint    ] Safepoint "Cleanup", Time since last: 1000321200 ns, Reaching safepoint: 146300 ns, At safepoint: 13500 ns, Total: 159800 ns
[2021-03-18T10:34:53.272+0000][24612][safepoint    ] Safepoint "Cleanup", Time since last: 1000280500 ns, Reaching safepoint: 178500 ns, At safepoint: 9600 ns, Total: 188100 ns
[2021-03-18T10:34:54.273+0000][24612][safepoint    ] Safepoint "Cleanup", Time since last: 1000645400 ns, Reaching safepoint: 97000 ns, At safepoint: 3600 ns, Total: 100600 ns
[2021-03-18T10:34:55.273+0000][24612][safepoint    ] Safepoint "Cleanup", Time since last: 1000063600 ns, Reaching safepoint: 413500 ns, At safepoint: 43600 ns, Total: 457100 ns
[2021-03-18T10:34:57.274+0000][24612][safepoint    ] Safepoint "Cleanup", Time since last: 2000503800 ns, Reaching safepoint: 144900 ns, At safepoint: 8800 ns, Total: 153700 ns
[2021-03-18T10:34:58.274+0000][24612][safepoint    ] Safepoint "Cleanup", Time since last: 1000605100 ns, Reaching safepoint: 448700 ns, At safepoint: 26500 ns, Total: 475200 ns
[2021-03-18T10:34:59.275+0000][24612][safepoint    ] Safepoint "Cleanup", Time since last: 1000570200 ns, Reaching safepoint: 125500 ns, At safepoint: 7300 ns, Total: 132800 ns
[2021-03-18T10:35:01.276+0000][24612][safepoint    ] Safepoint "Cleanup", Time since last: 2000638000 ns, Reaching safepoint: 212000 ns, At safepoint: 11300 ns, Total: 223300 ns
[2021-03-18T10:35:02.277+0000][24612][safepoint    ] Safepoint "Cleanup", Time since last: 1000470600 ns, Reaching safepoint: 489100 ns, At safepoint: 37700 ns, Total: 526800 ns
[2021-03-18T10:35:03.278+0000][24612][safepoint    ] Safepoint "Cleanup", Time since last: 1000905000 ns, Reaching safepoint: 334200 ns, At safepoint: 12400 ns, Total: 346600 ns
[2021-03-18T10:35:05.279+0000][24612][safepoint    ] Safepoint "Cleanup", Time since last: 2000149600 ns, Reaching safepoint: 426600 ns, At safepoint: 15400 ns, Total: 442000 ns
[2021-03-18T10:35:07.279+0000][24612][safepoint    ] Safepoint "Cleanup", Time since last: 2000005600 ns, Reaching safepoint: 136600 ns, At safepoint: 4800 ns, Total: 141400 ns
[2021-03-18T10:35:08.279+0000][24612][safepoint    ] Safepoint "Cleanup", Time since last: 1000056400 ns, Reaching safepoint: 158800 ns, At safepoint: 6500 ns, Total: 165300 ns
[2021-03-18T10:35:09.280+0000][24612][safepoint    ] Safepoint "Cleanup", Time since last: 1000405900 ns, Reaching safepoint: 197100 ns, At safepoint: 5900 ns, Total: 203000 ns
[2021-03-18T10:35:10.280+0000][24612][safepoint    ] Safepoint "Cleanup", Time since last: 1000261900 ns, Reaching safepoint: 117900 ns, At safepoint: 4900 ns, Total: 122800 ns
[2021-03-18T10:35:11.281+0000][24612][safepoint    ] Safepoint "Cleanup", Time since last: 1000412600 ns, Reaching safepoint: 205800 ns, At safepoint: 15400 ns, Total: 221200 ns
[2021-03-18T10:35:12.281+0000][24612][safepoint    ] Safepoint "Cleanup", Time since last: 1000428200 ns, Reaching safepoint: 156200 ns, At safepoint: 4400 ns, Total: 160600 ns
[2021-03-18T10:35:13.282+0000][24612][safepoint    ] Safepoint "Cleanup", Time since last: 1000784700 ns, Reaching safepoint: 132200 ns, At safepoint: 5900 ns, Total: 138100 ns
[2021-03-18T10:35:14.283+0000][24612][safepoint    ] Safepoint "Cleanup", Time since last: 1000194000 ns, Reaching safepoint: 141700 ns, At safepoint: 3800 ns, Total: 145500 ns
[2021-03-18T10:35:15.283+0000][24612][safepoint    ] Safepoint "Cleanup", Time since last: 1000007900 ns, Reaching safepoint: 157300 ns, At safepoint: 3700 ns, Total: 161000 ns
[2021-03-18T10:35:16.508+0000][24612][safepoint    ] Safepoint "Cleanup", Time since last: 1225134700 ns, Reaching safepoint: 136100 ns, At safepoint: 8000 ns, Total: 144100 ns
[2021-03-18T10:35:17.509+0000][24612][safepoint    ] Safepoint "Cleanup", Time since last: 1001210900 ns, Reaching safepoint: 137800 ns, At safepoint: 15200 ns, Total: 153000 ns
[2021-03-18T10:35:18.510+0000][24612][safepoint    ] Safepoint "Cleanup", Time since last: 1000835700 ns, Reaching safepoint: 136400 ns, At safepoint: 5800 ns, Total: 142200 ns
[2021-03-18T10:35:19.511+0000][24612][safepoint    ] Safepoint "Cleanup", Time since last: 1000321400 ns, Reaching safepoint: 123300 ns, At safepoint: 4200 ns, Total: 127500 ns
[2021-03-18T10:35:20.511+0000][24612][safepoint    ] Safepoint "Cleanup", Time since last: 1000304500 ns, Reaching safepoint: 252500 ns, At safepoint: 13300 ns, Total: 265800 ns
[2021-03-18T10:35:21.512+0000][24612][safepoint    ] Safepoint "Cleanup", Time since last: 1000126500 ns, Reaching safepoint: 141300 ns, At safepoint: 8300 ns, Total: 149600 ns
[2021-03-18T10:35:22.512+0000][24612][safepoint    ] Safepoint "Cleanup", Time since last: 1000198900 ns, Reaching safepoint: 248600 ns, At safepoint: 19700 ns, Total: 268300 ns
[2021-03-18T10:35:23.512+0000][24612][safepoint    ] Safepoint "Cleanup", Time since last: 1000262000 ns, Reaching safepoint: 177400 ns, At safepoint: 14400 ns, Total: 191800 ns
[2021-03-18T10:35:25.513+0000][24612][safepoint    ] Safepoint "Cleanup", Time since last: 2000074700 ns, Reaching safepoint: 252400 ns, At safepoint: 25300 ns, Total: 277700 ns
[2021-03-18T10:35:26.993+0000][24612][safepoint    ] Safepoint "Cleanup", Time since last: 1479844900 ns, Reaching safepoint: 132100 ns, At safepoint: 47300 ns, Total: 179400 ns
[2021-03-18T10:35:27.994+0000][24612][safepoint    ] Safepoint "Cleanup", Time since last: 1000607300 ns, Reaching safepoint: 132800 ns, At safepoint: 26600 ns, Total: 159400 ns
[2021-03-18T10:35:28.994+0000][24612][safepoint    ] Safepoint "Cleanup", Time since last: 1000380300 ns, Reaching safepoint: 123500 ns, At safepoint: 5800 ns, Total: 129300 ns
[2021-03-18T10:35:29.995+0000][24612][safepoint    ] Safepoint "Cleanup", Time since last: 1000832900 ns, Reaching safepoint: 146900 ns, At safepoint: 5900 ns, Total: 152800 ns
[2021-03-18T10:35:31.995+0000][24612][safepoint    ] Safepoint "Cleanup", Time since last: 2000206400 ns, Reaching safepoint: 148500 ns, At safepoint: 2500 ns, Total: 151000 ns
[2021-03-18T10:35:32.996+0000][24612][safepoint    ] Safepoint "Cleanup", Time since last: 1000166100 ns, Reaching safepoint: 178400 ns, At safepoint: 68000 ns, Total: 246400 ns
[2021-03-18T10:35:33.996+0000][24612][safepoint    ] Safepoint "Cleanup", Time since last: 1000588500 ns, Reaching safepoint: 103500 ns, At safepoint: 61800 ns, Total: 165300 ns
[2021-03-18T10:35:34.997+0000][24612][safepoint    ] Safepoint "Cleanup", Time since last: 1000291200 ns, Reaching safepoint: 377600 ns, At safepoint: 25600 ns, Total: 403200 ns
[2021-03-18T10:35:35.998+0000][24612][safepoint    ] Safepoint "Cleanup", Time since last: 1000459300 ns, Reaching safepoint: 194500 ns, At safepoint: 7500 ns, Total: 202000 ns
[2021-03-18T10:35:36.998+0000][24612][safepoint    ] Safepoint "Cleanup", Time since last: 1000223800 ns, Reaching safepoint: 171100 ns, At safepoint: 65700 ns, Total: 236800 ns
[2021-03-18T10:35:37.999+0000][24612][safepoint    ] Safepoint "Cleanup", Time since last: 1000162100 ns, Reaching safepoint: 324300 ns, At safepoint: 135800 ns, Total: 460100 ns
[2021-03-18T10:35:38.999+0000][24612][safepoint    ] Safepoint "Cleanup", Time since last: 1000192500 ns, Reaching safepoint: 146600 ns, At safepoint: 4900 ns, Total: 151500 ns
[2021-03-18T10:35:40.000+0000][24612][safepoint    ] Safepoint "Cleanup", Time since last: 1000535600 ns, Reaching safepoint: 173200 ns, At safepoint: 83300 ns, Total: 256500 ns
[2021-03-18T10:35:41.000+0000][24612][safepoint    ] Safepoint "Cleanup", Time since last: 1000171100 ns, Reaching safepoint: 130400 ns, At safepoint: 73500 ns, Total: 203900 ns
[2021-03-18T10:35:42.001+0000][24612][safepoint    ] Safepoint "Cleanup", Time since last: 1000648400 ns, Reaching safepoint: 123500 ns, At safepoint: 24800 ns, Total: 148300 ns
[2021-03-18T10:35:44.001+0000][24612][safepoint    ] Safepoint "Cleanup", Time since last: 2000062000 ns, Reaching safepoint: 248500 ns, At safepoint: 83400 ns, Total: 331900 ns
[2021-03-18T10:35:46.002+0000][24612][safepoint    ] Safepoint "Cleanup", Time since last: 2000639900 ns, Reaching safepoint: 206600 ns, At safepoint: 84900 ns, Total: 291500 ns
[2021-03-18T10:35:48.003+0000][24612][safepoint    ] Safepoint "Cleanup", Time since last: 2000149200 ns, Reaching safepoint: 222100 ns, At safepoint: 92600 ns, Total: 314700 ns
[2021-03-18T10:35:49.003+0000][24612][safepoint    ] Safepoint "Cleanup", Time since last: 1000157900 ns, Reaching safepoint: 162900 ns, At safepoint: 29600 ns, Total: 192500 ns
[2021-03-18T10:35:50.003+0000][24612][safepoint    ] Safepoint "Cleanup", Time since last: 1000237100 ns, Reaching safepoint: 143900 ns, At safepoint: 4500 ns, Total: 148400 ns
[2021-03-18T10:35:51.004+0000][24612][safepoint    ] Safepoint "Cleanup", Time since last: 1000347700 ns, Reaching safepoint: 502100 ns, At safepoint: 146400 ns, Total: 648500 ns
[2021-03-18T10:35:52.005+0000][24612][safepoint    ] Safepoint "Cleanup", Time since last: 1000751000 ns, Reaching safepoint: 135000 ns, At safepoint: 4900 ns, Total: 139900 ns
[2021-03-18T10:35:53.006+0000][24612][safepoint    ] Safepoint "Cleanup", Time since last: 1000524500 ns, Reaching safepoint: 130800 ns, At safepoint: 5800 ns, Total: 136600 ns
[2021-03-18T10:35:55.007+0000][24612][safepoint    ] Safepoint "Cleanup", Time since last: 2000780800 ns, Reaching safepoint: 129800 ns, At safepoint: 6300 ns, Total: 136100 ns
[2021-03-18T10:35:56.007+0000][24612][safepoint    ] Safepoint "Cleanup", Time since last: 1000200300 ns, Reaching safepoint: 130900 ns, At safepoint: 9100 ns, Total: 140000 ns
[2021-03-18T10:35:57.007+0000][24612][safepoint    ] Safepoint "Cleanup", Time since last: 1000151000 ns, Reaching safepoint: 439700 ns, At safepoint: 105300 ns, Total: 545000 ns
[2021-03-18T10:35:58.008+0000][24612][safepoint    ] Safepoint "Cleanup", Time since last: 1000520200 ns, Reaching safepoint: 119900 ns, At safepoint: 10500 ns, Total: 130400 ns
[2021-03-18T10:35:59.009+0000][24612][safepoint    ] Safepoint "Cleanup", Time since last: 1000178400 ns, Reaching safepoint: 130000 ns, At safepoint: 47500 ns, Total: 177500 ns
[2021-03-18T10:36:00.009+0000][24612][safepoint    ] Safepoint "Cleanup", Time since last: 1000450400 ns, Reaching safepoint: 133300 ns, At safepoint: 15700 ns, Total: 149000 ns
[2021-03-18T10:36:02.010+0000][24612][safepoint    ] Safepoint "Cleanup", Time since last: 2000528700 ns, Reaching safepoint: 128100 ns, At safepoint: 62400 ns, Total: 190500 ns
[2021-03-18T10:36:03.010+0000][24612][safepoint    ] Safepoint "Cleanup", Time since last: 1000056800 ns, Reaching safepoint: 92900 ns, At safepoint: 16500 ns, Total: 109400 ns
[2021-03-18T10:36:04.011+0000][24612][safepoint    ] Safepoint "Cleanup", Time since last: 1000734800 ns, Reaching safepoint: 102300 ns, At safepoint: 6600 ns, Total: 108900 ns
[2021-03-18T10:36:06.012+0000][24612][safepoint    ] Safepoint "Cleanup", Time since last: 2000527800 ns, Reaching safepoint: 235200 ns, At safepoint: 132300 ns, Total: 367500 ns
[2021-03-18T10:36:07.922+0000][24612][safepoint    ] Safepoint "Cleanup", Time since last: 1910016000 ns, Reaching safepoint: 200800 ns, At safepoint: 11500 ns, Total: 212300 ns
[2021-03-18T10:36:09.922+0000][24612][safepoint    ] Safepoint "Cleanup", Time since last: 2000073900 ns, Reaching safepoint: 103100 ns, At safepoint: 6700 ns, Total: 109800 ns
[2021-03-18T10:36:10.923+0000][24612][safepoint    ] Safepoint "Cleanup", Time since last: 1000959000 ns, Reaching safepoint: 373600 ns, At safepoint: 17000 ns, Total: 390600 ns
[2021-03-18T10:36:12.924+0000][24612][safepoint    ] Safepoint "Cleanup", Time since last: 2000181200 ns, Reaching safepoint: 216100 ns, At safepoint: 6500 ns, Total: 222600 ns
[2021-03-18T10:36:13.925+0000][24612][safepoint    ] Safepoint "Cleanup", Time since last: 1000550200 ns, Reaching safepoint: 106100 ns, At safepoint: 5800 ns, Total: 111900 ns
[2021-03-18T10:36:14.925+0000][24612][safepoint    ] Safepoint "Cleanup", Time since last: 1000196600 ns, Reaching safepoint: 128400 ns, At safepoint: 7300 ns, Total: 135700 ns
[2021-03-18T10:36:15.926+0000][24612][safepoint    ] Safepoint "Cleanup", Time since last: 1000894800 ns, Reaching safepoint: 399200 ns, At safepoint: 25900 ns, Total: 425100 ns
[2021-03-18T10:36:16.927+0000][24612][safepoint    ] Safepoint "Cleanup", Time since last: 1000362300 ns, Reaching safepoint: 133000 ns, At safepoint: 5500 ns, Total: 138500 ns
[2021-03-18T10:36:17.927+0000][24612][safepoint    ] Safepoint "Cleanup", Time since last: 1000325800 ns, Reaching safepoint: 154400 ns, At safepoint: 14800 ns, Total: 169200 ns
[2021-03-18T10:36:19.928+0000][24612][safepoint    ] Safepoint "Cleanup", Time since last: 2001067800 ns, Reaching safepoint: 205300 ns, At safepoint: 9700 ns, Total: 215000 ns
[2021-03-18T10:36:20.929+0000][24612][safepoint    ] Safepoint "Cleanup", Time since last: 1000368100 ns, Reaching safepoint: 110300 ns, At safepoint: 8000 ns, Total: 118300 ns
[2021-03-18T10:36:22.929+0000][24612][safepoint    ] Safepoint "Cleanup", Time since last: 2000535500 ns, Reaching safepoint: 212700 ns, At safepoint: 8400 ns, Total: 221100 ns
[2021-03-18T10:36:23.930+0000][24612][safepoint    ] Safepoint "Cleanup", Time since last: 1000146700 ns, Reaching safepoint: 345000 ns, At safepoint: 12400 ns, Total: 357400 ns
[2021-03-18T10:36:25.930+0000][24612][safepoint    ] Safepoint "Cleanup", Time since last: 2000302900 ns, Reaching safepoint: 152700 ns, At safepoint: 20900 ns, Total: 173600 ns
[2021-03-18T10:36:26.931+0000][24612][safepoint    ] Safepoint "Cleanup", Time since last: 1000340400 ns, Reaching safepoint: 114900 ns, At safepoint: 3600 ns, Total: 118500 ns
[2021-03-18T10:36:28.931+0000][24612][safepoint    ] Safepoint "Cleanup", Time since last: 2000110300 ns, Reaching safepoint: 412200 ns, At safepoint: 10200 ns, Total: 422400 ns
[2021-03-18T10:36:30.932+0000][24612][safepoint    ] Safepoint "Cleanup", Time since last: 2000800500 ns, Reaching safepoint: 190100 ns, At safepoint: 11100 ns, Total: 201200 ns
[2021-03-18T10:36:31.933+0000][24612][safepoint    ] Safepoint "Cleanup", Time since last: 1000479900 ns, Reaching safepoint: 199700 ns, At safepoint: 52600 ns, Total: 252300 ns
[2021-03-18T10:36:32.933+0000][24612][safepoint    ] Safepoint "Cleanup", Time since last: 1000284300 ns, Reaching safepoint: 163500 ns, At safepoint: 10600 ns, Total: 174100 ns
[2021-03-18T10:36:34.934+0000][24612][safepoint    ] Safepoint "Cleanup", Time since last: 2000118000 ns, Reaching safepoint: 223800 ns, At safepoint: 10700 ns, Total: 234500 ns
[2021-03-18T10:36:35.935+0000][24612][safepoint    ] Safepoint "Cleanup", Time since last: 1000750200 ns, Reaching safepoint: 236400 ns, At safepoint: 17400 ns, Total: 253800 ns
[2021-03-18T10:36:36.935+0000][24612][safepoint    ] Safepoint "Cleanup", Time since last: 1000454500 ns, Reaching safepoint: 93600 ns, At safepoint: 3300 ns, Total: 96900 ns
[2021-03-18T10:36:37.936+0000][24612][safepoint    ] Safepoint "Cleanup", Time since last: 1000645300 ns, Reaching safepoint: 220400 ns, At safepoint: 8300 ns, Total: 228700 ns
[2021-03-18T10:36:38.937+0000][24612][safepoint    ] Safepoint "Cleanup", Time since last: 1000482800 ns, Reaching safepoint: 156100 ns, At safepoint: 3600 ns, Total: 159700 ns
[2021-03-18T10:36:39.938+0000][24612][safepoint    ] Safepoint "Cleanup", Time since last: 1000777300 ns, Reaching safepoint: 112900 ns, At safepoint: 5000 ns, Total: 117900 ns
[2021-03-18T10:36:40.938+0000][24612][safepoint    ] Safepoint "Cleanup", Time since last: 1000063900 ns, Reaching safepoint: 181900 ns, At safepoint: 6800 ns, Total: 188700 ns
[2021-03-18T10:36:41.938+0000][24612][safepoint    ] Safepoint "Cleanup", Time since last: 1000503000 ns, Reaching safepoint: 166200 ns, At safepoint: 25000 ns, Total: 191200 ns
[2021-03-18T10:36:42.939+0000][24612][safepoint    ] Safepoint "Cleanup", Time since last: 1000753100 ns, Reaching safepoint: 151800 ns, At safepoint: 6200 ns, Total: 158000 ns
[2021-03-18T10:36:43.940+0000][24612][safepoint    ] Safepoint "Cleanup", Time since last: 1000111400 ns, Reaching safepoint: 133200 ns, At safepoint: 7700 ns, Total: 140900 ns
[2021-03-18T10:36:44.940+0000][24612][safepoint    ] Safepoint "Cleanup", Time since last: 1000582100 ns, Reaching safepoint: 237600 ns, At safepoint: 11400 ns, Total: 249000 ns
[2021-03-18T10:36:46.941+0000][24612][safepoint    ] Safepoint "Cleanup", Time since last: 2000652700 ns, Reaching safepoint: 195300 ns, At safepoint: 12400 ns, Total: 207700 ns
[2021-03-18T10:36:47.942+0000][24612][safepoint    ] Safepoint "Cleanup", Time since last: 1000256400 ns, Reaching safepoint: 141600 ns, At safepoint: 8800 ns, Total: 150400 ns
[2021-03-18T10:36:48.942+0000][24612][safepoint    ] Safepoint "Cleanup", Time since last: 1000715400 ns, Reaching safepoint: 222900 ns, At safepoint: 13100 ns, Total: 236000 ns
[2021-03-18T10:36:49.943+0000][24612][safepoint    ] Safepoint "Cleanup", Time since last: 1000164700 ns, Reaching safepoint: 154100 ns, At safepoint: 8700 ns, Total: 162800 ns
[2021-03-18T10:36:50.944+0000][24612][safepoint    ] Safepoint "Cleanup", Time since last: 1000578000 ns, Reaching safepoint: 185700 ns, At safepoint: 9700 ns, Total: 195400 ns
[2021-03-18T10:36:51.944+0000][24612][safepoint    ] Safepoint "Cleanup", Time since last: 1000311400 ns, Reaching safepoint: 277800 ns, At safepoint: 16400 ns, Total: 294200 ns
[2021-03-18T10:36:53.944+0000][24612][safepoint    ] Safepoint "Cleanup", Time since last: 2000085100 ns, Reaching safepoint: 150200 ns, At safepoint: 3900 ns, Total: 154100 ns
[2021-03-18T10:36:54.945+0000][24612][safepoint    ] Safepoint "Cleanup", Time since last: 1000623000 ns, Reaching safepoint: 144200 ns, At safepoint: 13400 ns, Total: 157600 ns
[2021-03-18T10:36:56.946+0000][24612][safepoint    ] Safepoint "Cleanup", Time since last: 2000244100 ns, Reaching safepoint: 145700 ns, At safepoint: 5900 ns, Total: 151600 ns
[2021-03-18T10:36:57.946+0000][24612][safepoint    ] Safepoint "Cleanup", Time since last: 1000691800 ns, Reaching safepoint: 177300 ns, At safepoint: 7200 ns, Total: 184500 ns
[2021-03-18T10:36:58.947+0000][24612][safepoint    ] Safepoint "Cleanup", Time since last: 1000266800 ns, Reaching safepoint: 148600 ns, At safepoint: 6500 ns, Total: 155100 ns
[2021-03-18T10:36:59.947+0000][24612][safepoint    ] Safepoint "Cleanup", Time since last: 1000383500 ns, Reaching safepoint: 122900 ns, At safepoint: 6400 ns, Total: 129300 ns
[2021-03-18T10:37:01.948+0000][24612][safepoint    ] Safepoint "Cleanup", Time since last: 2000734900 ns, Reaching safepoint: 289900 ns, At safepoint: 10900 ns, Total: 300800 ns
[2021-03-18T10:37:03.949+0000][24612][safepoint    ] Safepoint "Cleanup", Time since last: 2000285700 ns, Reaching safepoint: 175700 ns, At safepoint: 6000 ns, Total: 181700 ns
[2021-03-18T10:37:04.949+0000][24612][safepoint    ] Safepoint "Cleanup", Time since last: 1000435600 ns, Reaching safepoint: 150000 ns, At safepoint: 4700 ns, Total: 154700 ns
[2021-03-18T10:37:05.950+0000][24612][safepoint    ] Safepoint "Cleanup", Time since last: 1000437400 ns, Reaching safepoint: 254700 ns, At safepoint: 45500 ns, Total: 300200 ns
[2021-03-18T10:37:06.951+0000][24612][safepoint    ] Safepoint "Cleanup", Time since last: 1000691800 ns, Reaching safepoint: 87100 ns, At safepoint: 4500 ns, Total: 91600 ns
[2021-03-18T10:37:07.952+0000][24612][safepoint    ] Safepoint "Cleanup", Time since last: 1000490800 ns, Reaching safepoint: 564700 ns, At safepoint: 5100 ns, Total: 569800 ns
[2021-03-18T10:37:08.953+0000][24612][safepoint    ] Safepoint "Cleanup", Time since last: 1000746100 ns, Reaching safepoint: 160800 ns, At safepoint: 9900 ns, Total: 170700 ns
[2021-03-18T10:37:09.953+0000][24612][safepoint    ] Safepoint "Cleanup", Time since last: 1000022100 ns, Reaching safepoint: 81500 ns, At safepoint: 2600 ns, Total: 84100 ns
[2021-03-18T10:37:10.953+0000][24612][safepoint    ] Safepoint "Cleanup", Time since last: 1000081600 ns, Reaching safepoint: 135400 ns, At safepoint: 8400 ns, Total: 143800 ns
[2021-03-18T10:37:11.954+0000][24612][safepoint    ] Safepoint "Cleanup", Time since last: 1000612100 ns, Reaching safepoint: 209200 ns, At safepoint: 8100 ns, Total: 217300 ns
[2021-03-18T10:37:12.954+0000][24612][safepoint    ] Safepoint "Cleanup", Time since last: 1000380000 ns, Reaching safepoint: 115300 ns, At safepoint: 4200 ns, Total: 119500 ns
[2021-03-18T10:37:13.955+0000][24612][safepoint    ] Safepoint "Cleanup", Time since last: 1000385300 ns, Reaching safepoint: 191600 ns, At safepoint: 11800 ns, Total: 203400 ns
[2021-03-18T10:37:14.956+0000][24612][safepoint    ] Safepoint "Cleanup", Time since last: 1000713500 ns, Reaching safepoint: 454000 ns, At safepoint: 7800 ns, Total: 461800 ns
[2021-03-18T10:37:15.957+0000][24612][safepoint    ] Safepoint "Cleanup", Time since last: 1000723200 ns, Reaching safepoint: 125800 ns, At safepoint: 5700 ns, Total: 131500 ns
[2021-03-18T10:37:16.957+0000][24612][safepoint    ] Safepoint "Cleanup", Time since last: 1000093300 ns, Reaching safepoint: 129500 ns, At safepoint: 7400 ns, Total: 136900 ns
[2021-03-18T10:37:17.957+0000][24612][safepoint    ] Safepoint "Cleanup", Time since last: 1000186200 ns, Reaching safepoint: 138000 ns, At safepoint: 9800 ns, Total: 147800 ns
[2021-03-18T10:37:18.958+0000][24612][safepoint    ] Safepoint "Cleanup", Time since last: 1000171400 ns, Reaching safepoint: 127400 ns, At safepoint: 5300 ns, Total: 132700 ns
[2021-03-18T10:37:19.958+0000][24612][safepoint    ] Safepoint "Cleanup", Time since last: 1000050100 ns, Reaching safepoint: 170800 ns, At safepoint: 7500 ns, Total: 178300 ns
[2021-03-18T10:37:21.874+0000][24612][safepoint    ] Safepoint "Cleanup", Time since last: 1916511500 ns, Reaching safepoint: 210100 ns, At safepoint: 14100 ns, Total: 224200 ns
[2021-03-18T10:37:22.875+0000][24612][safepoint    ] Safepoint "Cleanup", Time since last: 1000646700 ns, Reaching safepoint: 156400 ns, At safepoint: 4900 ns, Total: 161300 ns
[2021-03-18T10:37:23.876+0000][24612][safepoint    ] Safepoint "Cleanup", Time since last: 1000866100 ns, Reaching safepoint: 182400 ns, At safepoint: 7000 ns, Total: 189400 ns
[2021-03-18T10:37:24.877+0000][24612][safepoint    ] Safepoint "Cleanup", Time since last: 1000811700 ns, Reaching safepoint: 155900 ns, At safepoint: 13200 ns, Total: 169100 ns
[2021-03-18T10:37:25.878+0000][24612][safepoint    ] Safepoint "Cleanup", Time since last: 1000319800 ns, Reaching safepoint: 229200 ns, At safepoint: 8800 ns, Total: 238000 ns
[2021-03-18T10:37:26.878+0000][24612][safepoint    ] Safepoint "Cleanup", Time since last: 1000333600 ns, Reaching safepoint: 381100 ns, At safepoint: 133200 ns, Total: 514300 ns
[2021-03-18T10:37:26.998+0000][24612][gc,start     ] GC(18) Pause Young (Normal) (G1 Evacuation Pause)
[2021-03-18T10:37:26.998+0000][24612][gc,task      ] GC(18) Using 8 workers of 8 for evacuation
[2021-03-18T10:37:26.998+0000][24612][gc,age       ] GC(18) Desired survivor size 34078720 bytes, new threshold 15 (max threshold 15)
[2021-03-18T10:37:27.014+0000][24612][gc,age       ] GC(18) Age table with threshold 15 (max threshold 15)
[2021-03-18T10:37:27.014+0000][24612][gc,age       ] GC(18) - age   1:     103264 bytes,     103264 total
[2021-03-18T10:37:27.014+0000][24612][gc,age       ] GC(18) - age   2:       4760 bytes,     108024 total
[2021-03-18T10:37:27.014+0000][24612][gc,age       ] GC(18) - age   3:      21736 bytes,     129760 total
[2021-03-18T10:37:27.014+0000][24612][gc,age       ] GC(18) - age   4:       7632 bytes,     137392 total
[2021-03-18T10:37:27.014+0000][24612][gc,age       ] GC(18) - age   5:      12352 bytes,     149744 total
[2021-03-18T10:37:27.014+0000][24612][gc,age       ] GC(18) - age   6:      11136 bytes,     160880 total
[2021-03-18T10:37:27.014+0000][24612][gc,age       ] GC(18) - age   7:      16904 bytes,     177784 total
[2021-03-18T10:37:27.014+0000][24612][gc,age       ] GC(18) - age   8:     460056 bytes,     637840 total
[2021-03-18T10:37:27.014+0000][24612][gc,age       ] GC(18) - age   9:    2600744 bytes,    3238584 total
[2021-03-18T10:37:27.014+0000][24612][gc,age       ] GC(18) - age  10:   14765536 bytes,   18004120 total
[2021-03-18T10:37:27.014+0000][24612][gc,age       ] GC(18) - age  11:    7897592 bytes,   25901712 total
[2021-03-18T10:37:27.014+0000][24612][gc,phases    ] GC(18)   Pre Evacuate Collection Set: 0.2ms
[2021-03-18T10:37:27.014+0000][24612][gc,phases    ] GC(18)   Merge Heap Roots: 0.1ms
[2021-03-18T10:37:27.014+0000][24612][gc,phases    ] GC(18)   Evacuate Collection Set: 13.0ms
[2021-03-18T10:37:27.014+0000][24612][gc,phases    ] GC(18)   Post Evacuate Collection Set: 2.3ms
[2021-03-18T10:37:27.014+0000][24612][gc,phases    ] GC(18)   Other: 0.7ms
[2021-03-18T10:37:27.014+0000][24612][gc,heap      ] GC(18) Eden regions: 490->0(490)
[2021-03-18T10:37:27.014+0000][24612][gc,heap      ] GC(18) Survivor regions: 27->27(65)
[2021-03-18T10:37:27.014+0000][24612][gc,heap      ] GC(18) Old regions: 50->50
[2021-03-18T10:37:27.014+0000][24612][gc,heap      ] GC(18) Archive regions: 0->0
[2021-03-18T10:37:27.014+0000][24612][gc,heap      ] GC(18) Humongous regions: 174->174
[2021-03-18T10:37:27.014+0000][24612][gc,metaspace ] GC(18) Metaspace: 85176K(91036K)->85176K(91036K) NonClass: 74149K(77596K)->74149K(77596K) Class: 11026K(13440K)->11026K(13440K)
[2021-03-18T10:37:27.014+0000][24612][gc           ] GC(18) Pause Young (Normal) (G1 Evacuation Pause) 740M->250M(1024M) 16.503ms
[2021-03-18T10:37:27.014+0000][24612][gc,cpu       ] GC(18) User=0.08s Sys=0.00s Real=0.02s
[2021-03-18T10:37:27.014+0000][24612][safepoint    ] Safepoint "G1CollectForAllocation", Time since last: 118625900 ns, Reaching safepoint: 219900 ns, At safepoint: 16674900 ns, Total: 16894800 ns
[2021-03-18T10:37:29.015+0000][24612][safepoint    ] Safepoint "Cleanup", Time since last: 2000204400 ns, Reaching safepoint: 126000 ns, At safepoint: 3700 ns, Total: 129700 ns
[2021-03-18T10:37:31.015+0000][24612][safepoint    ] Safepoint "Cleanup", Time since last: 2000222900 ns, Reaching safepoint: 130000 ns, At safepoint: 3300 ns, Total: 133300 ns
[2021-03-18T10:37:32.015+0000][24612][safepoint    ] Safepoint "Cleanup", Time since last: 1000219400 ns, Reaching safepoint: 123500 ns, At safepoint: 2800 ns, Total: 126300 ns
[2021-03-18T10:37:33.015+0000][24612][safepoint    ] Safepoint "Cleanup", Time since last: 1000183600 ns, Reaching safepoint: 224800 ns, At safepoint: 6900 ns, Total: 231700 ns
[2021-03-18T10:37:34.016+0000][24612][safepoint    ] Safepoint "Cleanup", Time since last: 1000155500 ns, Reaching safepoint: 176400 ns, At safepoint: 6100 ns, Total: 182500 ns
[2021-03-18T10:37:35.017+0000][24612][safepoint    ] Safepoint "Cleanup", Time since last: 1000735300 ns, Reaching safepoint: 134100 ns, At safepoint: 21200 ns, Total: 155300 ns
[2021-03-18T10:37:36.017+0000][24612][safepoint    ] Safepoint "Cleanup", Time since last: 1000385600 ns, Reaching safepoint: 230700 ns, At safepoint: 15800 ns, Total: 246500 ns
[2021-03-18T10:37:37.018+0000][24612][safepoint    ] Safepoint "Cleanup", Time since last: 1000521300 ns, Reaching safepoint: 155800 ns, At safepoint: 7900 ns, Total: 163700 ns
[2021-03-18T10:37:38.019+0000][24612][safepoint    ] Safepoint "Cleanup", Time since last: 1000384000 ns, Reaching safepoint: 161400 ns, At safepoint: 7700 ns, Total: 169100 ns
[2021-03-18T10:37:39.019+0000][24612][safepoint    ] Safepoint "Cleanup", Time since last: 1000535200 ns, Reaching safepoint: 111000 ns, At safepoint: 6200 ns, Total: 117200 ns
[2021-03-18T10:37:40.020+0000][24612][safepoint    ] Safepoint "Cleanup", Time since last: 1000271400 ns, Reaching safepoint: 104600 ns, At safepoint: 3100 ns, Total: 107700 ns
[2021-03-18T10:37:41.021+0000][24612][safepoint    ] Safepoint "Cleanup", Time since last: 1001010600 ns, Reaching safepoint: 263200 ns, At safepoint: 53000 ns, Total: 316200 ns
[2021-03-18T10:37:42.021+0000][24612][safepoint    ] Safepoint "Cleanup", Time since last: 1000274000 ns, Reaching safepoint: 252500 ns, At safepoint: 14900 ns, Total: 267400 ns
[2021-03-18T10:37:43.022+0000][24612][safepoint    ] Safepoint "Cleanup", Time since last: 1000366700 ns, Reaching safepoint: 445100 ns, At safepoint: 89800 ns, Total: 534900 ns
[2021-03-18T10:37:44.023+0000][24612][safepoint    ] Safepoint "Cleanup", Time since last: 1000305400 ns, Reaching safepoint: 177000 ns, At safepoint: 4700 ns, Total: 181700 ns
[2021-03-18T10:37:45.023+0000][24612][safepoint    ] Safepoint "Cleanup", Time since last: 1000255100 ns, Reaching safepoint: 152500 ns, At safepoint: 73800 ns, Total: 226300 ns
[2021-03-18T10:37:47.024+0000][24612][safepoint    ] Safepoint "Cleanup", Time since last: 2000362800 ns, Reaching safepoint: 364600 ns, At safepoint: 90500 ns, Total: 455100 ns
[2021-03-18T10:37:48.024+0000][24612][safepoint    ] Safepoint "Cleanup", Time since last: 1000079200 ns, Reaching safepoint: 410600 ns, At safepoint: 291700 ns, Total: 702300 ns
[2021-03-18T10:37:49.025+0000][24612][safepoint    ] Safepoint "Cleanup", Time since last: 1000498800 ns, Reaching safepoint: 156500 ns, At safepoint: 6100 ns, Total: 162600 ns
[2021-03-18T10:37:50.026+0000][24612][safepoint    ] Safepoint "Cleanup", Time since last: 1000154900 ns, Reaching safepoint: 125300 ns, At safepoint: 6000 ns, Total: 131300 ns
[2021-03-18T10:37:51.026+0000][24612][safepoint    ] Safepoint "Cleanup", Time since last: 1000166800 ns, Reaching safepoint: 110600 ns, At safepoint: 6600 ns, Total: 117200 ns
[2021-03-18T10:37:52.027+0000][24612][safepoint    ] Safepoint "Cleanup", Time since last: 1000977700 ns, Reaching safepoint: 217900 ns, At safepoint: 12500 ns, Total: 230400 ns
[2021-03-18T10:37:53.028+0000][24612][safepoint    ] Safepoint "Cleanup", Time since last: 1000691600 ns, Reaching safepoint: 154100 ns, At safepoint: 5300 ns, Total: 159400 ns
[2021-03-18T10:37:54.029+0000][24612][safepoint    ] Safepoint "Cleanup", Time since last: 1000491300 ns, Reaching safepoint: 197700 ns, At safepoint: 15100 ns, Total: 212800 ns
[2021-03-18T10:37:55.029+0000][24612][safepoint    ] Safepoint "Cleanup", Time since last: 1000248800 ns, Reaching safepoint: 166800 ns, At safepoint: 8200 ns, Total: 175000 ns
[2021-03-18T10:37:56.030+0000][24612][safepoint    ] Safepoint "Cleanup", Time since last: 1000735800 ns, Reaching safepoint: 261800 ns, At safepoint: 15000 ns, Total: 276800 ns
[2021-03-18T10:37:58.030+0000][24612][safepoint    ] Safepoint "Cleanup", Time since last: 1999933300 ns, Reaching safepoint: 180100 ns, At safepoint: 8400 ns, Total: 188500 ns
[2021-03-18T10:37:59.030+0000][24612][safepoint    ] Safepoint "Cleanup", Time since last: 1000035800 ns, Reaching safepoint: 110200 ns, At safepoint: 5300 ns, Total: 115500 ns
[2021-03-18T10:38:00.031+0000][24612][safepoint    ] Safepoint "Cleanup", Time since last: 1000587200 ns, Reaching safepoint: 115000 ns, At safepoint: 11400 ns, Total: 126400 ns
[2021-03-18T10:38:01.032+0000][24612][safepoint    ] Safepoint "Cleanup", Time since last: 1000784000 ns, Reaching safepoint: 108400 ns, At safepoint: 4800 ns, Total: 113200 ns
[2021-03-18T10:38:02.032+0000][24612][safepoint    ] Safepoint "Cleanup", Time since last: 1000065400 ns, Reaching safepoint: 123900 ns, At safepoint: 4500 ns, Total: 128400 ns
[2021-03-18T10:38:03.032+0000][24612][safepoint    ] Safepoint "Cleanup", Time since last: 1000179400 ns, Reaching safepoint: 131800 ns, At safepoint: 4700 ns, Total: 136500 ns
[2021-03-18T10:38:04.032+0000][24612][safepoint    ] Safepoint "Cleanup", Time since last: 1000006100 ns, Reaching safepoint: 120200 ns, At safepoint: 5000 ns, Total: 125200 ns
[2021-03-18T10:38:05.033+0000][24612][safepoint    ] Safepoint "Cleanup", Time since last: 1000150900 ns, Reaching safepoint: 113700 ns, At safepoint: 10200 ns, Total: 123900 ns
[2021-03-18T10:38:06.033+0000][24612][safepoint    ] Safepoint "Cleanup", Time since last: 1000667800 ns, Reaching safepoint: 120000 ns, At safepoint: 6400 ns, Total: 126400 ns
[2021-03-18T10:38:07.034+0000][24612][safepoint    ] Safepoint "Cleanup", Time since last: 1000078600 ns, Reaching safepoint: 331700 ns, At safepoint: 11600 ns, Total: 343300 ns
[2021-03-18T10:38:08.035+0000][24612][safepoint    ] Safepoint "Cleanup", Time since last: 1000542800 ns, Reaching safepoint: 117500 ns, At safepoint: 2800 ns, Total: 120300 ns
[2021-03-18T10:38:09.035+0000][24612][safepoint    ] Safepoint "Cleanup", Time since last: 1000776200 ns, Reaching safepoint: 142900 ns, At safepoint: 5200 ns, Total: 148100 ns
[2021-03-18T10:38:10.338+0000][24612][safepoint    ] Safepoint "Cleanup", Time since last: 1302556400 ns, Reaching safepoint: 152200 ns, At safepoint: 43200 ns, Total: 195400 ns
[2021-03-18T10:38:11.340+0000][24612][safepoint    ] Safepoint "Cleanup", Time since last: 1001463200 ns, Reaching safepoint: 129900 ns, At safepoint: 26000 ns, Total: 155900 ns
[2021-03-18T10:38:12.340+0000][24612][safepoint    ] Safepoint "Cleanup", Time since last: 1000193500 ns, Reaching safepoint: 109700 ns, At safepoint: 3200 ns, Total: 112900 ns
[2021-03-18T10:38:13.341+0000][24612][safepoint    ] Safepoint "Cleanup", Time since last: 1000491900 ns, Reaching safepoint: 86400 ns, At safepoint: 2600 ns, Total: 89000 ns
[2021-03-18T10:38:14.341+0000][24612][safepoint    ] Safepoint "Cleanup", Time since last: 1000090900 ns, Reaching safepoint: 111500 ns, At safepoint: 11300 ns, Total: 122800 ns
[2021-03-18T10:38:15.341+0000][24612][safepoint    ] Safepoint "Cleanup", Time since last: 1000285500 ns, Reaching safepoint: 199600 ns, At safepoint: 12600 ns, Total: 212200 ns
[2021-03-18T10:38:16.341+0000][24612][safepoint    ] Safepoint "Cleanup", Time since last: 1000008800 ns, Reaching safepoint: 409500 ns, At safepoint: 15800 ns, Total: 425300 ns
[2021-03-18T10:38:17.342+0000][24612][safepoint    ] Safepoint "Cleanup", Time since last: 1000432700 ns, Reaching safepoint: 131900 ns, At safepoint: 5000 ns, Total: 136900 ns
[2021-03-18T10:38:18.343+0000][24612][safepoint    ] Safepoint "Cleanup", Time since last: 1000383900 ns, Reaching safepoint: 209700 ns, At safepoint: 4700 ns, Total: 214400 ns
[2021-03-18T10:38:19.343+0000][24612][safepoint    ] Safepoint "Cleanup", Time since last: 1000041100 ns, Reaching safepoint: 131300 ns, At safepoint: 10900 ns, Total: 142200 ns
[2021-03-18T10:38:20.343+0000][24612][safepoint    ] Safepoint "Cleanup", Time since last: 1000084500 ns, Reaching safepoint: 129100 ns, At safepoint: 6200 ns, Total: 135300 ns
[2021-03-18T10:38:21.344+0000][24612][safepoint    ] Safepoint "Cleanup", Time since last: 1000865800 ns, Reaching safepoint: 125400 ns, At safepoint: 7200 ns, Total: 132600 ns
[2021-03-18T10:38:23.344+0000][24612][safepoint    ] Safepoint "Cleanup", Time since last: 2000249100 ns, Reaching safepoint: 133200 ns, At safepoint: 7200 ns, Total: 140400 ns
[2021-03-18T10:38:24.345+0000][24612][safepoint    ] Safepoint "Cleanup", Time since last: 1000402300 ns, Reaching safepoint: 103700 ns, At safepoint: 6600 ns, Total: 110300 ns
[2021-03-18T10:38:25.345+0000][24612][safepoint    ] Safepoint "Cleanup", Time since last: 1000257300 ns, Reaching safepoint: 290400 ns, At safepoint: 13100 ns, Total: 303500 ns
[2021-03-18T10:38:26.346+0000][24612][safepoint    ] Safepoint "Cleanup", Time since last: 1000366700 ns, Reaching safepoint: 124700 ns, At safepoint: 6800 ns, Total: 131500 ns
[2021-03-18T10:38:27.346+0000][24612][safepoint    ] Safepoint "Cleanup", Time since last: 1000200200 ns, Reaching safepoint: 107400 ns, At safepoint: 6200 ns, Total: 113600 ns
[2021-03-18T10:38:28.347+0000][24612][safepoint    ] Safepoint "Cleanup", Time since last: 1000185900 ns, Reaching safepoint: 230300 ns, At safepoint: 19500 ns, Total: 249800 ns
[2021-03-18T10:38:29.347+0000][24612][safepoint    ] Safepoint "Cleanup", Time since last: 1000375400 ns, Reaching safepoint: 377800 ns, At safepoint: 20300 ns, Total: 398100 ns
[2021-03-18T10:38:31.347+0000][24612][safepoint    ] Safepoint "Cleanup", Time since last: 1999865900 ns, Reaching safepoint: 134600 ns, At safepoint: 20400 ns, Total: 155000 ns
[2021-03-18T10:38:32.348+0000][24612][safepoint    ] Safepoint "Cleanup", Time since last: 1000382100 ns, Reaching safepoint: 161700 ns, At safepoint: 11400 ns, Total: 173100 ns
[2021-03-18T10:38:33.349+0000][24612][safepoint    ] Safepoint "Cleanup", Time since last: 1000861100 ns, Reaching safepoint: 345800 ns, At safepoint: 18500 ns, Total: 364300 ns
[2021-03-18T10:38:35.349+0000][24612][safepoint    ] Safepoint "Cleanup", Time since last: 2000028900 ns, Reaching safepoint: 168400 ns, At safepoint: 8700 ns, Total: 177100 ns
[2021-03-18T10:38:36.350+0000][24612][safepoint    ] Safepoint "Cleanup", Time since last: 1000317300 ns, Reaching safepoint: 118800 ns, At safepoint: 6200 ns, Total: 125000 ns
[2021-03-18T10:38:37.350+0000][24612][safepoint    ] Safepoint "Cleanup", Time since last: 1000016300 ns, Reaching safepoint: 195900 ns, At safepoint: 12300 ns, Total: 208200 ns
[2021-03-18T10:38:38.351+0000][24612][safepoint    ] Safepoint "Cleanup", Time since last: 1000680700 ns, Reaching safepoint: 122700 ns, At safepoint: 3800 ns, Total: 126500 ns
[2021-03-18T10:38:39.351+0000][24612][safepoint    ] Safepoint "Cleanup", Time since last: 1000595600 ns, Reaching safepoint: 161500 ns, At safepoint: 5700 ns, Total: 167200 ns
[2021-03-18T10:38:40.352+0000][24612][safepoint    ] Safepoint "Cleanup", Time since last: 1000191800 ns, Reaching safepoint: 174800 ns, At safepoint: 62100 ns, Total: 236900 ns
[2021-03-18T10:38:41.353+0000][24612][safepoint    ] Safepoint "Cleanup", Time since last: 1000586800 ns, Reaching safepoint: 470500 ns, At safepoint: 24800 ns, Total: 495300 ns
[2021-03-18T10:38:42.354+0000][24612][safepoint    ] Safepoint "Cleanup", Time since last: 1000671300 ns, Reaching safepoint: 352600 ns, At safepoint: 23000 ns, Total: 375600 ns
[2021-03-18T10:38:43.354+0000][24612][safepoint    ] Safepoint "Cleanup", Time since last: 1000002900 ns, Reaching safepoint: 137800 ns, At safepoint: 5300 ns, Total: 143100 ns
[2021-03-18T10:38:44.354+0000][24612][safepoint    ] Safepoint "Cleanup", Time since last: 1000183400 ns, Reaching safepoint: 146600 ns, At safepoint: 6500 ns, Total: 153100 ns
[2021-03-18T10:38:45.355+0000][24612][safepoint    ] Safepoint "Cleanup", Time since last: 1000686500 ns, Reaching safepoint: 123700 ns, At safepoint: 3800 ns, Total: 127500 ns
[2021-03-18T10:38:46.356+0000][24612][safepoint    ] Safepoint "Cleanup", Time since last: 1000344400 ns, Reaching safepoint: 181500 ns, At safepoint: 8100 ns, Total: 189600 ns
[2021-03-18T10:38:47.356+0000][24612][safepoint    ] Safepoint "Cleanup", Time since last: 1000514400 ns, Reaching safepoint: 195600 ns, At safepoint: 14500 ns, Total: 210100 ns
[2021-03-18T10:38:48.357+0000][24612][safepoint    ] Safepoint "Cleanup", Time since last: 1000458200 ns, Reaching safepoint: 233000 ns, At safepoint: 17900 ns, Total: 250900 ns
[2021-03-18T10:38:49.357+0000][24612][safepoint    ] Safepoint "Cleanup", Time since last: 1000055800 ns, Reaching safepoint: 166600 ns, At safepoint: 6800 ns, Total: 173400 ns
[2021-03-18T10:38:50.357+0000][24612][safepoint    ] Safepoint "Cleanup", Time since last: 1000042400 ns, Reaching safepoint: 134800 ns, At safepoint: 8900 ns, Total: 143700 ns
[2021-03-18T10:38:51.358+0000][24612][safepoint    ] Safepoint "Cleanup", Time since last: 1000187100 ns, Reaching safepoint: 128100 ns, At safepoint: 6400 ns, Total: 134500 ns
[2021-03-18T10:38:52.359+0000][24612][safepoint    ] Safepoint "Cleanup", Time since last: 1000596400 ns, Reaching safepoint: 119000 ns, At safepoint: 7700 ns, Total: 126700 ns
[2021-03-18T10:38:53.359+0000][24612][safepoint    ] Safepoint "Cleanup", Time since last: 1000701800 ns, Reaching safepoint: 163200 ns, At safepoint: 21500 ns, Total: 184700 ns
[2021-03-18T10:38:54.360+0000][24612][safepoint    ] Safepoint "Cleanup", Time since last: 1000297600 ns, Reaching safepoint: 204400 ns, At safepoint: 10900 ns, Total: 215300 ns
[2021-03-18T10:38:55.361+0000][24612][safepoint    ] Safepoint "Cleanup", Time since last: 1000544000 ns, Reaching safepoint: 137100 ns, At safepoint: 4100 ns, Total: 141200 ns
[2021-03-18T10:38:56.361+0000][24612][safepoint    ] Safepoint "Cleanup", Time since last: 1000327100 ns, Reaching safepoint: 252000 ns, At safepoint: 14700 ns, Total: 266700 ns
[2021-03-18T10:38:57.361+0000][24612][safepoint    ] Safepoint "Cleanup", Time since last: 1000221800 ns, Reaching safepoint: 114900 ns, At safepoint: 3500 ns, Total: 118400 ns
[2021-03-18T10:38:58.362+0000][24612][safepoint    ] Safepoint "Cleanup", Time since last: 1000245000 ns, Reaching safepoint: 388600 ns, At safepoint: 15100 ns, Total: 403700 ns
[2021-03-18T10:39:00.363+0000][24612][safepoint    ] Safepoint "Cleanup", Time since last: 2000514100 ns, Reaching safepoint: 136000 ns, At safepoint: 8000 ns, Total: 144000 ns
[2021-03-18T10:39:01.363+0000][24612][safepoint    ] Safepoint "Cleanup", Time since last: 1000228700 ns, Reaching safepoint: 203900 ns, At safepoint: 9300 ns, Total: 213200 ns
[2021-03-18T10:39:02.364+0000][24612][safepoint    ] Safepoint "Cleanup", Time since last: 1000366800 ns, Reaching safepoint: 246500 ns, At safepoint: 9900 ns, Total: 256400 ns
[2021-03-18T10:39:03.364+0000][24612][safepoint    ] Safepoint "Cleanup", Time since last: 1000043000 ns, Reaching safepoint: 474100 ns, At safepoint: 25600 ns, Total: 499700 ns
[2021-03-18T10:39:04.365+0000][24612][safepoint    ] Safepoint "Cleanup", Time since last: 1000916200 ns, Reaching safepoint: 151700 ns, At safepoint: 4800 ns, Total: 156500 ns
[2021-03-18T10:39:05.366+0000][24612][safepoint    ] Safepoint "Cleanup", Time since last: 1000371400 ns, Reaching safepoint: 139500 ns, At safepoint: 4900 ns, Total: 144400 ns
[2021-03-18T10:39:06.367+0000][24612][safepoint    ] Safepoint "Cleanup", Time since last: 1000719000 ns, Reaching safepoint: 155800 ns, At safepoint: 5200 ns, Total: 161000 ns
[2021-03-18T10:39:07.367+0000][24612][safepoint    ] Safepoint "Cleanup", Time since last: 1000021300 ns, Reaching safepoint: 167600 ns, At safepoint: 8300 ns, Total: 175900 ns
[2021-03-18T10:39:09.368+0000][24612][safepoint    ] Safepoint "Cleanup", Time since last: 2000568400 ns, Reaching safepoint: 144800 ns, At safepoint: 6500 ns, Total: 151300 ns
[2021-03-18T10:39:10.368+0000][24612][safepoint    ] Safepoint "Cleanup", Time since last: 1000474300 ns, Reaching safepoint: 158200 ns, At safepoint: 5500 ns, Total: 163700 ns
[2021-03-18T10:39:11.369+0000][24612][safepoint    ] Safepoint "Cleanup", Time since last: 1000525600 ns, Reaching safepoint: 140100 ns, At safepoint: 4900 ns, Total: 145000 ns
[2021-03-18T10:39:12.369+0000][24612][safepoint    ] Safepoint "Cleanup", Time since last: 1000514100 ns, Reaching safepoint: 150600 ns, At safepoint: 8000 ns, Total: 158600 ns
[2021-03-18T10:39:13.370+0000][24612][safepoint    ] Safepoint "Cleanup", Time since last: 1000144800 ns, Reaching safepoint: 420200 ns, At safepoint: 23100 ns, Total: 443300 ns
[2021-03-18T10:39:15.317+0000][24612][safepoint    ] Safepoint "Cleanup", Time since last: 1946937500 ns, Reaching safepoint: 144600 ns, At safepoint: 18000 ns, Total: 162600 ns
[2021-03-18T10:39:16.318+0000][24612][safepoint    ] Safepoint "Cleanup", Time since last: 1001080500 ns, Reaching safepoint: 192800 ns, At safepoint: 10600 ns, Total: 203400 ns
[2021-03-18T10:39:18.319+0000][24612][safepoint    ] Safepoint "Cleanup", Time since last: 2000445000 ns, Reaching safepoint: 132600 ns, At safepoint: 4600 ns, Total: 137200 ns
[2021-03-18T10:39:19.320+0000][24612][safepoint    ] Safepoint "Cleanup", Time since last: 1000707900 ns, Reaching safepoint: 357200 ns, At safepoint: 34900 ns, Total: 392100 ns
[2021-03-18T10:39:20.321+0000][24612][safepoint    ] Safepoint "Cleanup", Time since last: 1000379000 ns, Reaching safepoint: 159700 ns, At safepoint: 19500 ns, Total: 179200 ns
[2021-03-18T10:39:22.321+0000][24612][safepoint    ] Safepoint "Cleanup", Time since last: 2000364800 ns, Reaching safepoint: 368500 ns, At safepoint: 38100 ns, Total: 406600 ns
[2021-03-18T10:39:23.322+0000][24612][safepoint    ] Safepoint "Cleanup", Time since last: 1000358200 ns, Reaching safepoint: 132800 ns, At safepoint: 2800 ns, Total: 135600 ns
[2021-03-18T10:39:24.322+0000][24612][safepoint    ] Safepoint "Cleanup", Time since last: 1000640000 ns, Reaching safepoint: 145700 ns, At safepoint: 4600 ns, Total: 150300 ns
[2021-03-18T10:39:25.323+0000][24612][safepoint    ] Safepoint "Cleanup", Time since last: 1000067400 ns, Reaching safepoint: 282700 ns, At safepoint: 15400 ns, Total: 298100 ns
[2021-03-18T10:39:26.981+0000][24612][safepoint    ] Safepoint "Cleanup", Time since last: 1657968500 ns, Reaching safepoint: 150900 ns, At safepoint: 20700 ns, Total: 171600 ns
[2021-03-18T10:39:27.986+0000][24612][safepoint    ] Safepoint "Cleanup", Time since last: 1005375500 ns, Reaching safepoint: 179300 ns, At safepoint: 53300 ns, Total: 232600 ns
[2021-03-18T10:39:29.987+0000][24612][safepoint    ] Safepoint "Cleanup", Time since last: 2000602900 ns, Reaching safepoint: 132500 ns, At safepoint: 53900 ns, Total: 186400 ns
[2021-03-18T10:39:30.988+0000][24612][safepoint    ] Safepoint "Cleanup", Time since last: 1000509100 ns, Reaching safepoint: 162400 ns, At safepoint: 68400 ns, Total: 230800 ns
[2021-03-18T10:39:31.989+0000][24612][safepoint    ] Safepoint "Cleanup", Time since last: 1000540700 ns, Reaching safepoint: 103100 ns, At safepoint: 5200 ns, Total: 108300 ns
[2021-03-18T10:39:32.989+0000][24612][safepoint    ] Safepoint "Cleanup", Time since last: 1000659900 ns, Reaching safepoint: 127600 ns, At safepoint: 3200 ns, Total: 130800 ns
[2021-03-18T10:39:33.990+0000][24612][safepoint    ] Safepoint "Cleanup", Time since last: 1000194200 ns, Reaching safepoint: 150300 ns, At safepoint: 20300 ns, Total: 170600 ns
[2021-03-18T10:39:34.990+0000][24612][safepoint    ] Safepoint "Cleanup", Time since last: 1000166200 ns, Reaching safepoint: 121400 ns, At safepoint: 6800 ns, Total: 128200 ns
[2021-03-18T10:39:35.991+0000][24612][safepoint    ] Safepoint "Cleanup", Time since last: 1000329500 ns, Reaching safepoint: 155900 ns, At safepoint: 48500 ns, Total: 204400 ns
[2021-03-18T10:39:36.991+0000][24612][safepoint    ] Safepoint "Cleanup", Time since last: 1000135200 ns, Reaching safepoint: 156300 ns, At safepoint: 63000 ns, Total: 219300 ns
[2021-03-18T10:39:37.992+0000][24612][safepoint    ] Safepoint "Cleanup", Time since last: 1000483500 ns, Reaching safepoint: 87700 ns, At safepoint: 3100 ns, Total: 90800 ns
[2021-03-18T10:39:38.992+0000][24612][safepoint    ] Safepoint "Cleanup", Time since last: 1000381100 ns, Reaching safepoint: 230600 ns, At safepoint: 98700 ns, Total: 329300 ns
[2021-03-18T10:39:39.992+0000][24612][safepoint    ] Safepoint "Cleanup", Time since last: 1000054900 ns, Reaching safepoint: 100700 ns, At safepoint: 33100 ns, Total: 133800 ns
[2021-03-18T10:39:40.993+0000][24612][safepoint    ] Safepoint "Cleanup", Time since last: 1000377800 ns, Reaching safepoint: 200300 ns, At safepoint: 75400 ns, Total: 275700 ns
[2021-03-18T10:39:41.994+0000][24612][safepoint    ] Safepoint "Cleanup", Time since last: 1000592100 ns, Reaching safepoint: 148700 ns, At safepoint: 6500 ns, Total: 155200 ns
[2021-03-18T10:39:42.994+0000][24612][safepoint    ] Safepoint "Cleanup", Time since last: 1000169200 ns, Reaching safepoint: 133900 ns, At safepoint: 4500 ns, Total: 138400 ns
[2021-03-18T10:39:43.994+0000][24612][safepoint    ] Safepoint "Cleanup", Time since last: 1000230600 ns, Reaching safepoint: 382500 ns, At safepoint: 13700 ns, Total: 396200 ns
[2021-03-18T10:39:45.995+0000][24612][safepoint    ] Safepoint "Cleanup", Time since last: 1999988800 ns, Reaching safepoint: 125000 ns, At safepoint: 48600 ns, Total: 173600 ns
[2021-03-18T10:39:46.995+0000][24612][safepoint    ] Safepoint "Cleanup", Time since last: 1000522500 ns, Reaching safepoint: 138700 ns, At safepoint: 5100 ns, Total: 143800 ns
[2021-03-18T10:39:47.996+0000][24612][safepoint    ] Safepoint "Cleanup", Time since last: 1000158000 ns, Reaching safepoint: 246900 ns, At safepoint: 98600 ns, Total: 345500 ns
[2021-03-18T10:39:49.997+0000][24612][safepoint    ] Safepoint "Cleanup", Time since last: 2000655900 ns, Reaching safepoint: 133300 ns, At safepoint: 35700 ns, Total: 169000 ns
[2021-03-18T10:39:51.997+0000][24612][safepoint    ] Safepoint "Cleanup", Time since last: 2000355600 ns, Reaching safepoint: 136400 ns, At safepoint: 18400 ns, Total: 154800 ns
[2021-03-18T10:39:52.998+0000][24612][safepoint    ] Safepoint "Cleanup", Time since last: 1000750500 ns, Reaching safepoint: 458100 ns, At safepoint: 23600 ns, Total: 481700 ns
[2021-03-18T10:39:53.999+0000][24612][safepoint    ] Safepoint "Cleanup", Time since last: 1000390000 ns, Reaching safepoint: 132800 ns, At safepoint: 77600 ns, Total: 210400 ns
[2021-03-18T10:39:54.999+0000][24612][safepoint    ] Safepoint "Cleanup", Time since last: 1000458200 ns, Reaching safepoint: 161600 ns, At safepoint: 59500 ns, Total: 221100 ns
[2021-03-18T10:39:57.000+0000][24612][safepoint    ] Safepoint "Cleanup", Time since last: 2000688600 ns, Reaching safepoint: 122100 ns, At safepoint: 2600 ns, Total: 124700 ns
[2021-03-18T10:39:58.001+0000][24612][safepoint    ] Safepoint "Cleanup", Time since last: 1000300700 ns, Reaching safepoint: 371200 ns, At safepoint: 129400 ns, Total: 500600 ns
[2021-03-18T10:39:59.001+0000][24612][safepoint    ] Safepoint "Cleanup", Time since last: 1000299300 ns, Reaching safepoint: 367900 ns, At safepoint: 14500 ns, Total: 382400 ns
[2021-03-18T10:40:00.003+0000][24612][safepoint    ] Safepoint "Cleanup", Time since last: 1001127400 ns, Reaching safepoint: 172400 ns, At safepoint: 14400 ns, Total: 186800 ns
[2021-03-18T10:40:01.004+0000][24612][safepoint    ] Safepoint "Cleanup", Time since last: 1000777200 ns, Reaching safepoint: 412800 ns, At safepoint: 24400 ns, Total: 437200 ns
[2021-03-18T10:40:03.004+0000][24612][safepoint    ] Safepoint "Cleanup", Time since last: 2000086900 ns, Reaching safepoint: 382700 ns, At safepoint: 28300 ns, Total: 411000 ns
[2021-03-18T10:40:04.005+0000][24612][safepoint    ] Safepoint "Cleanup", Time since last: 1000196700 ns, Reaching safepoint: 211300 ns, At safepoint: 8600 ns, Total: 219900 ns
[2021-03-18T10:40:05.006+0000][24612][safepoint    ] Safepoint "Cleanup", Time since last: 1000636300 ns, Reaching safepoint: 187800 ns, At safepoint: 7000 ns, Total: 194800 ns
[2021-03-18T10:40:06.006+0000][24612][safepoint    ] Safepoint "Cleanup", Time since last: 1000199900 ns, Reaching safepoint: 327200 ns, At safepoint: 23900 ns, Total: 351100 ns
[2021-03-18T10:40:07.007+0000][24612][safepoint    ] Safepoint "Cleanup", Time since last: 1000250800 ns, Reaching safepoint: 113900 ns, At safepoint: 2700 ns, Total: 116600 ns
[2021-03-18T10:40:08.007+0000][24612][safepoint    ] Safepoint "Cleanup", Time since last: 1000011400 ns, Reaching safepoint: 478000 ns, At safepoint: 25600 ns, Total: 503600 ns
[2021-03-18T10:40:09.008+0000][24612][safepoint    ] Safepoint "Cleanup", Time since last: 1000203600 ns, Reaching safepoint: 186800 ns, At safepoint: 5800 ns, Total: 192600 ns
[2021-03-18T10:40:10.008+0000][24612][safepoint    ] Safepoint "Cleanup", Time since last: 1000296600 ns, Reaching safepoint: 341900 ns, At safepoint: 21200 ns, Total: 363100 ns
[2021-03-18T10:40:11.009+0000][24612][safepoint    ] Safepoint "Cleanup", Time since last: 1000007100 ns, Reaching safepoint: 205100 ns, At safepoint: 7500 ns, Total: 212600 ns
[2021-03-18T10:40:12.009+0000][24612][safepoint    ] Safepoint "Cleanup", Time since last: 1000141200 ns, Reaching safepoint: 113200 ns, At safepoint: 3400 ns, Total: 116600 ns
[2021-03-18T10:40:13.010+0000][24612][safepoint    ] Safepoint "Cleanup", Time since last: 1000913500 ns, Reaching safepoint: 516400 ns, At safepoint: 33700 ns, Total: 550100 ns
[2021-03-18T10:40:14.011+0000][24612][safepoint    ] Safepoint "Cleanup", Time since last: 1000535800 ns, Reaching safepoint: 232900 ns, At safepoint: 14000 ns, Total: 246900 ns
[2021-03-18T10:40:15.011+0000][24612][safepoint    ] Safepoint "Cleanup", Time since last: 1000183900 ns, Reaching safepoint: 118200 ns, At safepoint: 6000 ns, Total: 124200 ns
[2021-03-18T10:40:16.012+0000][24612][safepoint    ] Safepoint "Cleanup", Time since last: 1000243300 ns, Reaching safepoint: 106000 ns, At safepoint: 5800 ns, Total: 111800 ns
[2021-03-18T10:40:17.013+0000][24612][safepoint    ] Safepoint "Cleanup", Time since last: 1000774500 ns, Reaching safepoint: 111500 ns, At safepoint: 4700 ns, Total: 116200 ns
[2021-03-18T10:40:18.013+0000][24612][safepoint    ] Safepoint "Cleanup", Time since last: 1000629900 ns, Reaching safepoint: 259900 ns, At safepoint: 21900 ns, Total: 281800 ns
[2021-03-18T10:40:19.014+0000][24612][safepoint    ] Safepoint "Cleanup", Time since last: 1000428300 ns, Reaching safepoint: 147800 ns, At safepoint: 6000 ns, Total: 153800 ns
[2021-03-18T10:40:20.014+0000][24612][safepoint    ] Safepoint "Cleanup", Time since last: 1000166600 ns, Reaching safepoint: 412200 ns, At safepoint: 27400 ns, Total: 439600 ns
[2021-03-18T10:40:22.015+0000][24612][safepoint    ] Safepoint "Cleanup", Time since last: 2000294200 ns, Reaching safepoint: 140500 ns, At safepoint: 6400 ns, Total: 146900 ns
[2021-03-18T10:40:23.016+0000][24612][safepoint    ] Safepoint "Cleanup", Time since last: 1000821200 ns, Reaching safepoint: 391700 ns, At safepoint: 26000 ns, Total: 417700 ns
[2021-03-18T10:40:24.016+0000][24612][safepoint    ] Safepoint "Cleanup", Time since last: 1000110300 ns, Reaching safepoint: 395400 ns, At safepoint: 19900 ns, Total: 415300 ns
[2021-03-18T10:40:26.017+0000][24612][safepoint    ] Safepoint "Cleanup", Time since last: 1999727400 ns, Reaching safepoint: 96600 ns, At safepoint: 9800 ns, Total: 106400 ns
[2021-03-18T10:40:27.017+0000][24612][safepoint    ] Safepoint "Cleanup", Time since last: 1000684300 ns, Reaching safepoint: 156800 ns, At safepoint: 5200 ns, Total: 162000 ns
[2021-03-18T10:40:28.018+0000][24612][safepoint    ] Safepoint "Cleanup", Time since last: 1000133300 ns, Reaching safepoint: 239500 ns, At safepoint: 12800 ns, Total: 252300 ns
[2021-03-18T10:40:30.018+0000][24612][safepoint    ] Safepoint "Cleanup", Time since last: 2000519600 ns, Reaching safepoint: 401300 ns, At safepoint: 26800 ns, Total: 428100 ns
[2021-03-18T10:40:31.019+0000][24612][safepoint    ] Safepoint "Cleanup", Time since last: 1000711700 ns, Reaching safepoint: 145600 ns, At safepoint: 61100 ns, Total: 206700 ns
[2021-03-18T10:40:32.020+0000][24612][safepoint    ] Safepoint "Cleanup", Time since last: 1000316300 ns, Reaching safepoint: 90700 ns, At safepoint: 3000 ns, Total: 93700 ns
[2021-03-18T10:40:33.020+0000][24612][safepoint    ] Safepoint "Cleanup", Time since last: 1000400000 ns, Reaching safepoint: 419900 ns, At safepoint: 24500 ns, Total: 444400 ns
[2021-03-18T10:40:34.021+0000][24612][safepoint    ] Safepoint "Cleanup", Time since last: 1000563800 ns, Reaching safepoint: 165200 ns, At safepoint: 6100 ns, Total: 171300 ns
[2021-03-18T10:40:35.022+0000][24612][safepoint    ] Safepoint "Cleanup", Time since last: 1000516700 ns, Reaching safepoint: 162200 ns, At safepoint: 54700 ns, Total: 216900 ns
[2021-03-18T10:40:36.023+0000][24612][safepoint    ] Safepoint "Cleanup", Time since last: 1000665200 ns, Reaching safepoint: 321100 ns, At safepoint: 25400 ns, Total: 346500 ns
[2021-03-18T10:40:38.023+0000][24612][safepoint    ] Safepoint "Cleanup", Time since last: 2000094400 ns, Reaching safepoint: 420100 ns, At safepoint: 134200 ns, Total: 554300 ns
[2021-03-18T10:40:40.024+0000][24612][safepoint    ] Safepoint "Cleanup", Time since last: 2000171700 ns, Reaching safepoint: 364000 ns, At safepoint: 21000 ns, Total: 385000 ns
[2021-03-18T10:40:41.442+0000][24612][safepoint    ] Safepoint "Cleanup", Time since last: 1417198700 ns, Reaching safepoint: 296900 ns, At safepoint: 19500 ns, Total: 316400 ns
[2021-03-18T10:40:42.442+0000][24612][safepoint    ] Safepoint "Cleanup", Time since last: 1000359300 ns, Reaching safepoint: 100000 ns, At safepoint: 3600 ns, Total: 103600 ns
[2021-03-18T10:40:43.443+0000][24612][safepoint    ] Safepoint "Cleanup", Time since last: 1000309200 ns, Reaching safepoint: 153800 ns, At safepoint: 10000 ns, Total: 163800 ns
[2021-03-18T10:40:44.443+0000][24612][safepoint    ] Safepoint "Cleanup", Time since last: 1000349100 ns, Reaching safepoint: 133800 ns, At safepoint: 5800 ns, Total: 139600 ns
[2021-03-18T10:40:45.444+0000][24612][safepoint    ] Safepoint "Cleanup", Time since last: 1000757900 ns, Reaching safepoint: 128200 ns, At safepoint: 7600 ns, Total: 135800 ns
[2021-03-18T10:40:46.445+0000][24612][safepoint    ] Safepoint "Cleanup", Time since last: 1000388200 ns, Reaching safepoint: 162000 ns, At safepoint: 5200 ns, Total: 167200 ns
[2021-03-18T10:40:47.445+0000][24612][safepoint    ] Safepoint "Cleanup", Time since last: 1000173600 ns, Reaching safepoint: 377800 ns, At safepoint: 24200 ns, Total: 402000 ns
[2021-03-18T10:40:49.445+0000][24612][safepoint    ] Safepoint "Cleanup", Time since last: 2000256900 ns, Reaching safepoint: 179500 ns, At safepoint: 6000 ns, Total: 185500 ns
[2021-03-18T10:40:50.446+0000][24612][safepoint    ] Safepoint "Cleanup", Time since last: 1000246400 ns, Reaching safepoint: 295900 ns, At safepoint: 17300 ns, Total: 313200 ns
[2021-03-18T10:40:51.446+0000][24612][safepoint    ] Safepoint "Cleanup", Time since last: 1000108900 ns, Reaching safepoint: 113600 ns, At safepoint: 3000 ns, Total: 116600 ns
[2021-03-18T10:40:52.447+0000][24612][safepoint    ] Safepoint "Cleanup", Time since last: 1000115200 ns, Reaching safepoint: 128700 ns, At safepoint: 3400 ns, Total: 132100 ns
[2021-03-18T10:40:53.447+0000][24612][safepoint    ] Safepoint "Cleanup", Time since last: 1000404600 ns, Reaching safepoint: 103500 ns, At safepoint: 7300 ns, Total: 110800 ns
[2021-03-18T10:40:54.448+0000][24612][safepoint    ] Safepoint "Cleanup", Time since last: 1000399600 ns, Reaching safepoint: 144500 ns, At safepoint: 5300 ns, Total: 149800 ns
[2021-03-18T10:40:55.448+0000][24612][safepoint    ] Safepoint "Cleanup", Time since last: 1000574300 ns, Reaching safepoint: 173800 ns, At safepoint: 8300 ns, Total: 182100 ns
[2021-03-18T10:40:56.449+0000][24612][safepoint    ] Safepoint "Cleanup", Time since last: 1000212400 ns, Reaching safepoint: 137800 ns, At safepoint: 5900 ns, Total: 143700 ns
[2021-03-18T10:40:57.449+0000][24612][safepoint    ] Safepoint "Cleanup", Time since last: 1000268900 ns, Reaching safepoint: 150400 ns, At safepoint: 6100 ns, Total: 156500 ns
[2021-03-18T10:40:58.449+0000][24612][safepoint    ] Safepoint "Cleanup", Time since last: 1000068500 ns, Reaching safepoint: 242300 ns, At safepoint: 16700 ns, Total: 259000 ns
[2021-03-18T10:41:00.450+0000][24612][safepoint    ] Safepoint "Cleanup", Time since last: 2000145000 ns, Reaching safepoint: 107100 ns, At safepoint: 2400 ns, Total: 109500 ns
[2021-03-18T10:41:01.450+0000][24612][safepoint    ] Safepoint "Cleanup", Time since last: 1000428800 ns, Reaching safepoint: 139500 ns, At safepoint: 5000 ns, Total: 144500 ns
[2021-03-18T10:41:02.451+0000][24612][safepoint    ] Safepoint "Cleanup", Time since last: 1000982700 ns, Reaching safepoint: 135400 ns, At safepoint: 7500 ns, Total: 142900 ns
[2021-03-18T10:41:03.451+0000][24612][safepoint    ] Safepoint "Cleanup", Time since last: 1000019000 ns, Reaching safepoint: 134900 ns, At safepoint: 9700 ns, Total: 144600 ns
[2021-03-18T10:41:04.452+0000][24612][safepoint    ] Safepoint "Cleanup", Time since last: 1000544000 ns, Reaching safepoint: 515600 ns, At safepoint: 46000 ns, Total: 561600 ns
[2021-03-18T10:41:05.453+0000][24612][safepoint    ] Safepoint "Cleanup", Time since last: 1000405200 ns, Reaching safepoint: 223000 ns, At safepoint: 9700 ns, Total: 232700 ns
[2021-03-18T10:41:06.454+0000][24612][safepoint    ] Safepoint "Cleanup", Time since last: 1000500100 ns, Reaching safepoint: 365100 ns, At safepoint: 23100 ns, Total: 388200 ns
[2021-03-18T10:41:07.454+0000][24612][safepoint    ] Safepoint "Cleanup", Time since last: 1000388400 ns, Reaching safepoint: 217200 ns, At safepoint: 10500 ns, Total: 227700 ns
[2021-03-18T10:41:09.455+0000][24612][safepoint    ] Safepoint "Cleanup", Time since last: 2000159700 ns, Reaching safepoint: 370800 ns, At safepoint: 15200 ns, Total: 386000 ns
[2021-03-18T10:41:11.455+0000][24612][safepoint    ] Safepoint "Cleanup", Time since last: 1999648000 ns, Reaching safepoint: 247400 ns, At safepoint: 8900 ns, Total: 256300 ns
[2021-03-18T10:41:13.455+0000][24612][safepoint    ] Safepoint "Cleanup", Time since last: 2000394700 ns, Reaching safepoint: 273300 ns, At safepoint: 14700 ns, Total: 288000 ns
[2021-03-18T10:41:14.456+0000][24612][safepoint    ] Safepoint "Cleanup", Time since last: 1000039300 ns, Reaching safepoint: 219300 ns, At safepoint: 8600 ns, Total: 227900 ns
[2021-03-18T10:41:15.457+0000][24612][safepoint    ] Safepoint "Cleanup", Time since last: 1000717000 ns, Reaching safepoint: 358300 ns, At safepoint: 135100 ns, Total: 493400 ns
[2021-03-18T10:41:16.458+0000][24612][safepoint    ] Safepoint "Cleanup", Time since last: 1000516500 ns, Reaching safepoint: 87200 ns, At safepoint: 2600 ns, Total: 89800 ns
[2021-03-18T10:41:17.458+0000][24612][safepoint    ] Safepoint "Cleanup", Time since last: 1000222800 ns, Reaching safepoint: 126400 ns, At safepoint: 8800 ns, Total: 135200 ns
[2021-03-18T10:41:18.458+0000][24612][safepoint    ] Safepoint "Cleanup", Time since last: 1000254700 ns, Reaching safepoint: 424000 ns, At safepoint: 25100 ns, Total: 449100 ns
[2021-03-18T10:41:19.459+0000][24612][safepoint    ] Safepoint "Cleanup", Time since last: 1000326100 ns, Reaching safepoint: 212800 ns, At safepoint: 6200 ns, Total: 219000 ns
[2021-03-18T10:41:20.459+0000][24612][safepoint    ] Safepoint "Cleanup", Time since last: 1000191700 ns, Reaching safepoint: 400400 ns, At safepoint: 18400 ns, Total: 418800 ns
[2021-03-18T10:41:22.461+0000][24612][safepoint    ] Safepoint "Cleanup", Time since last: 2000731800 ns, Reaching safepoint: 301400 ns, At safepoint: 16400 ns, Total: 317800 ns
[2021-03-18T10:41:24.461+0000][24612][safepoint    ] Safepoint "Cleanup", Time since last: 2000178700 ns, Reaching safepoint: 126300 ns, At safepoint: 4700 ns, Total: 131000 ns
[2021-03-18T10:41:25.461+0000][24612][safepoint    ] Safepoint "Cleanup", Time since last: 1000237800 ns, Reaching safepoint: 128500 ns, At safepoint: 5800 ns, Total: 134300 ns
[2021-03-18T10:41:26.461+0000][24612][safepoint    ] Safepoint "Cleanup", Time since last: 1000028400 ns, Reaching safepoint: 368900 ns, At safepoint: 23600 ns, Total: 392500 ns
[2021-03-18T10:41:27.990+0000][24612][safepoint    ] Safepoint "Cleanup", Time since last: 1528184100 ns, Reaching safepoint: 243200 ns, At safepoint: 63900 ns, Total: 307100 ns
[2021-03-18T10:41:29.990+0000][24612][safepoint    ] Safepoint "Cleanup", Time since last: 1999983700 ns, Reaching safepoint: 82000 ns, At safepoint: 14300 ns, Total: 96300 ns
[2021-03-18T10:41:30.991+0000][24612][safepoint    ] Safepoint "Cleanup", Time since last: 1000170300 ns, Reaching safepoint: 156500 ns, At safepoint: 10400 ns, Total: 166900 ns
[2021-03-18T10:41:31.991+0000][24612][safepoint    ] Safepoint "Cleanup", Time since last: 1000525800 ns, Reaching safepoint: 125500 ns, At safepoint: 5400 ns, Total: 130900 ns
[2021-03-18T10:41:32.992+0000][24612][safepoint    ] Safepoint "Cleanup", Time since last: 1000427500 ns, Reaching safepoint: 250800 ns, At safepoint: 95100 ns, Total: 345900 ns
[2021-03-18T10:41:33.993+0000][24612][safepoint    ] Safepoint "Cleanup", Time since last: 1000543700 ns, Reaching safepoint: 202500 ns, At safepoint: 6200 ns, Total: 208700 ns
[2021-03-18T10:41:34.994+0000][24612][safepoint    ] Safepoint "Cleanup", Time since last: 1000721100 ns, Reaching safepoint: 142500 ns, At safepoint: 4000 ns, Total: 146500 ns
[2021-03-18T10:41:35.994+0000][24612][safepoint    ] Safepoint "Cleanup", Time since last: 1000782000 ns, Reaching safepoint: 415900 ns, At safepoint: 28600 ns, Total: 444500 ns
[2021-03-18T10:41:36.995+0000][24612][safepoint    ] Safepoint "Cleanup", Time since last: 1000012400 ns, Reaching safepoint: 137300 ns, At safepoint: 4600 ns, Total: 141900 ns
[2021-03-18T10:41:37.995+0000][24612][safepoint    ] Safepoint "Cleanup", Time since last: 1000163900 ns, Reaching safepoint: 193100 ns, At safepoint: 8100 ns, Total: 201200 ns
[2021-03-18T10:41:39.996+0000][24612][safepoint    ] Safepoint "Cleanup", Time since last: 2000440000 ns, Reaching safepoint: 352200 ns, At safepoint: 18700 ns, Total: 370900 ns
[2021-03-18T10:41:40.996+0000][24612][safepoint    ] Safepoint "Cleanup", Time since last: 1000028800 ns, Reaching safepoint: 354300 ns, At safepoint: 24000 ns, Total: 378300 ns
[2021-03-18T10:41:41.997+0000][24612][safepoint    ] Safepoint "Cleanup", Time since last: 1000349000 ns, Reaching safepoint: 206200 ns, At safepoint: 66600 ns, Total: 272800 ns
[2021-03-18T10:41:42.998+0000][24612][safepoint    ] Safepoint "Cleanup", Time since last: 1000888100 ns, Reaching safepoint: 345300 ns, At safepoint: 18000 ns, Total: 363300 ns
[2021-03-18T10:41:44.999+0000][24612][safepoint    ] Safepoint "Cleanup", Time since last: 2000182800 ns, Reaching safepoint: 360700 ns, At safepoint: 17300 ns, Total: 378000 ns
[2021-03-18T10:41:45.999+0000][24612][safepoint    ] Safepoint "Cleanup", Time since last: 1000280700 ns, Reaching safepoint: 388300 ns, At safepoint: 27300 ns, Total: 415600 ns
[2021-03-18T10:41:47.000+0000][24612][safepoint    ] Safepoint "Cleanup", Time since last: 1000426800 ns, Reaching safepoint: 388400 ns, At safepoint: 28800 ns, Total: 417200 ns
[2021-03-18T10:41:48.001+0000][24612][safepoint    ] Safepoint "Cleanup", Time since last: 1000082300 ns, Reaching safepoint: 210100 ns, At safepoint: 10300 ns, Total: 220400 ns
[2021-03-18T10:41:49.001+0000][24612][safepoint    ] Safepoint "Cleanup", Time since last: 1000676300 ns, Reaching safepoint: 317200 ns, At safepoint: 14600 ns, Total: 331800 ns
[2021-03-18T10:41:50.002+0000][24612][safepoint    ] Safepoint "Cleanup", Time since last: 1000629900 ns, Reaching safepoint: 389900 ns, At safepoint: 24900 ns, Total: 414800 ns
[2021-03-18T10:41:52.003+0000][24612][safepoint    ] Safepoint "Cleanup", Time since last: 2000516800 ns, Reaching safepoint: 293000 ns, At safepoint: 15800 ns, Total: 308800 ns
[2021-03-18T10:41:53.003+0000][24612][safepoint    ] Safepoint "Cleanup", Time since last: 1000022300 ns, Reaching safepoint: 404400 ns, At safepoint: 25500 ns, Total: 429900 ns
[2021-03-18T10:41:54.004+0000][24612][safepoint    ] Safepoint "Cleanup", Time since last: 1000181600 ns, Reaching safepoint: 374000 ns, At safepoint: 13900 ns, Total: 387900 ns
[2021-03-18T10:41:56.005+0000][24612][safepoint    ] Safepoint "Cleanup", Time since last: 2000643300 ns, Reaching safepoint: 168100 ns, At safepoint: 5900 ns, Total: 174000 ns
[2021-03-18T10:41:57.005+0000][24612][safepoint    ] Safepoint "Cleanup", Time since last: 1000222900 ns, Reaching safepoint: 460300 ns, At safepoint: 47400 ns, Total: 507700 ns
[2021-03-18T10:41:59.006+0000][24612][safepoint    ] Safepoint "Cleanup", Time since last: 2000056300 ns, Reaching safepoint: 378200 ns, At safepoint: 16400 ns, Total: 394600 ns
[2021-03-18T10:42:00.007+0000][24612][safepoint    ] Safepoint "Cleanup", Time since last: 1000135100 ns, Reaching safepoint: 108700 ns, At safepoint: 3800 ns, Total: 112500 ns
[2021-03-18T10:42:01.007+0000][24612][safepoint    ] Safepoint "Cleanup", Time since last: 1000040800 ns, Reaching safepoint: 385000 ns, At safepoint: 25300 ns, Total: 410300 ns
[2021-03-18T10:42:02.008+0000][24612][safepoint    ] Safepoint "Cleanup", Time since last: 1000653600 ns, Reaching safepoint: 299500 ns, At safepoint: 22800 ns, Total: 322300 ns
[2021-03-18T10:42:04.008+0000][24612][safepoint    ] Safepoint "Cleanup", Time since last: 2000095600 ns, Reaching safepoint: 160100 ns, At safepoint: 6600 ns, Total: 166700 ns
[2021-03-18T10:42:06.009+0000][24612][safepoint    ] Safepoint "Cleanup", Time since last: 2000299900 ns, Reaching safepoint: 164100 ns, At safepoint: 3500 ns, Total: 167600 ns
[2021-03-18T10:42:07.009+0000][24612][safepoint    ] Safepoint "Cleanup", Time since last: 1000283300 ns, Reaching safepoint: 407000 ns, At safepoint: 24400 ns, Total: 431400 ns
[2021-03-18T10:42:09.009+0000][24612][safepoint    ] Safepoint "Cleanup", Time since last: 1999960000 ns, Reaching safepoint: 392800 ns, At safepoint: 132500 ns, Total: 525300 ns
[2021-03-18T10:42:10.011+0000][24612][safepoint    ] Safepoint "Cleanup", Time since last: 1000838800 ns, Reaching safepoint: 367400 ns, At safepoint: 14700 ns, Total: 382100 ns
[2021-03-18T10:42:11.012+0000][24612][safepoint    ] Safepoint "Cleanup", Time since last: 1001050700 ns, Reaching safepoint: 388900 ns, At safepoint: 23800 ns, Total: 412700 ns
[2021-03-18T10:42:13.013+0000][24612][safepoint    ] Safepoint "Cleanup", Time since last: 2000362200 ns, Reaching safepoint: 397700 ns, At safepoint: 20900 ns, Total: 418600 ns
[2021-03-18T10:42:14.743+0000][24612][safepoint    ] Safepoint "Cleanup", Time since last: 1730403200 ns, Reaching safepoint: 138400 ns, At safepoint: 55600 ns, Total: 194000 ns
[2021-03-18T10:42:15.746+0000][24612][safepoint    ] Safepoint "Cleanup", Time since last: 1001782600 ns, Reaching safepoint: 144600 ns, At safepoint: 5800 ns, Total: 150400 ns
[2021-03-18T10:42:16.746+0000][24612][safepoint    ] Safepoint "Cleanup", Time since last: 1000764200 ns, Reaching safepoint: 113100 ns, At safepoint: 3300 ns, Total: 116400 ns
[2021-03-18T10:42:17.747+0000][24612][safepoint    ] Safepoint "Cleanup", Time since last: 1000449600 ns, Reaching safepoint: 112700 ns, At safepoint: 5800 ns, Total: 118500 ns
[2021-03-18T10:42:19.748+0000][24612][safepoint    ] Safepoint "Cleanup", Time since last: 2000545300 ns, Reaching safepoint: 220000 ns, At safepoint: 12200 ns, Total: 232200 ns
[2021-03-18T10:42:20.748+0000][24612][safepoint    ] Safepoint "Cleanup", Time since last: 1000606300 ns, Reaching safepoint: 150200 ns, At safepoint: 7300 ns, Total: 157500 ns
[2021-03-18T10:42:21.749+0000][24612][safepoint    ] Safepoint "Cleanup", Time since last: 1000420000 ns, Reaching safepoint: 138200 ns, At safepoint: 5900 ns, Total: 144100 ns
[2021-03-18T10:42:22.750+0000][24612][safepoint    ] Safepoint "Cleanup", Time since last: 1000279700 ns, Reaching safepoint: 100100 ns, At safepoint: 3500 ns, Total: 103600 ns
[2021-03-18T10:42:23.750+0000][24612][safepoint    ] Safepoint "Cleanup", Time since last: 1000439100 ns, Reaching safepoint: 142600 ns, At safepoint: 5200 ns, Total: 147800 ns
[2021-03-18T10:42:25.750+0000][24612][safepoint    ] Safepoint "Cleanup", Time since last: 2000374000 ns, Reaching safepoint: 183900 ns, At safepoint: 6700 ns, Total: 190600 ns
[2021-03-18T10:42:26.751+0000][24612][safepoint    ] Safepoint "Cleanup", Time since last: 1000525700 ns, Reaching safepoint: 123600 ns, At safepoint: 5200 ns, Total: 128800 ns
[2021-03-18T10:42:28.752+0000][24612][safepoint    ] Safepoint "Cleanup", Time since last: 2000368300 ns, Reaching safepoint: 346700 ns, At safepoint: 16100 ns, Total: 362800 ns
[2021-03-18T10:42:29.753+0000][24612][safepoint    ] Safepoint "Cleanup", Time since last: 1000552600 ns, Reaching safepoint: 133000 ns, At safepoint: 4800 ns, Total: 137800 ns
[2021-03-18T10:42:30.753+0000][24612][safepoint    ] Safepoint "Cleanup", Time since last: 1000639300 ns, Reaching safepoint: 136400 ns, At safepoint: 4100 ns, Total: 140500 ns
[2021-03-18T10:42:31.754+0000][24612][safepoint    ] Safepoint "Cleanup", Time since last: 1000483100 ns, Reaching safepoint: 165800 ns, At safepoint: 5500 ns, Total: 171300 ns
[2021-03-18T10:42:32.755+0000][24612][safepoint    ] Safepoint "Cleanup", Time since last: 1000649700 ns, Reaching safepoint: 212100 ns, At safepoint: 7200 ns, Total: 219300 ns
[2021-03-18T10:42:33.755+0000][24612][safepoint    ] Safepoint "Cleanup", Time since last: 1000388300 ns, Reaching safepoint: 494100 ns, At safepoint: 37400 ns, Total: 531500 ns
[2021-03-18T10:42:34.756+0000][24612][safepoint    ] Safepoint "Cleanup", Time since last: 1000310900 ns, Reaching safepoint: 271800 ns, At safepoint: 35000 ns, Total: 306800 ns
[2021-03-18T10:42:35.756+0000][24612][safepoint    ] Safepoint "Cleanup", Time since last: 1000033900 ns, Reaching safepoint: 162900 ns, At safepoint: 6700 ns, Total: 169600 ns
[2021-03-18T10:42:36.757+0000][24612][safepoint    ] Safepoint "Cleanup", Time since last: 1000274400 ns, Reaching safepoint: 107200 ns, At safepoint: 6500 ns, Total: 113700 ns
[2021-03-18T10:42:37.757+0000][24612][safepoint    ] Safepoint "Cleanup", Time since last: 1000106700 ns, Reaching safepoint: 158600 ns, At safepoint: 45700 ns, Total: 204300 ns
[2021-03-18T10:42:38.757+0000][24612][safepoint    ] Safepoint "Cleanup", Time since last: 1000126000 ns, Reaching safepoint: 135800 ns, At safepoint: 33300 ns, Total: 169100 ns
[2021-03-18T10:42:39.758+0000][24612][safepoint    ] Safepoint "Cleanup", Time since last: 1000089700 ns, Reaching safepoint: 124200 ns, At safepoint: 59500 ns, Total: 183700 ns
[2021-03-18T10:42:40.758+0000][24612][safepoint    ] Safepoint "Cleanup", Time since last: 1000378800 ns, Reaching safepoint: 389200 ns, At safepoint: 124400 ns, Total: 513600 ns
[2021-03-18T10:42:41.760+0000][24612][safepoint    ] Safepoint "Cleanup", Time since last: 1001177400 ns, Reaching safepoint: 157600 ns, At safepoint: 4500 ns, Total: 162100 ns
[2021-03-18T10:42:42.760+0000][24612][safepoint    ] Safepoint "Cleanup", Time since last: 1000430700 ns, Reaching safepoint: 162700 ns, At safepoint: 87800 ns, Total: 250500 ns
[2021-03-18T10:42:43.761+0000][24612][safepoint    ] Safepoint "Cleanup", Time since last: 1000137300 ns, Reaching safepoint: 368900 ns, At safepoint: 15800 ns, Total: 384700 ns
[2021-03-18T10:42:44.761+0000][24612][safepoint    ] Safepoint "Cleanup", Time since last: 1000021100 ns, Reaching safepoint: 149800 ns, At safepoint: 6600 ns, Total: 156400 ns
[2021-03-18T10:42:45.762+0000][24612][safepoint    ] Safepoint "Cleanup", Time since last: 1000792600 ns, Reaching safepoint: 129200 ns, At safepoint: 3700 ns, Total: 132900 ns
[2021-03-18T10:42:46.762+0000][24612][safepoint    ] Safepoint "Cleanup", Time since last: 1000027100 ns, Reaching safepoint: 292900 ns, At safepoint: 15700 ns, Total: 308600 ns
[2021-03-18T10:42:48.763+0000][24612][safepoint    ] Safepoint "Cleanup", Time since last: 2000581800 ns, Reaching safepoint: 239600 ns, At safepoint: 13400 ns, Total: 253000 ns
[2021-03-18T10:42:49.763+0000][24612][safepoint    ] Safepoint "Cleanup", Time since last: 1000094200 ns, Reaching safepoint: 190800 ns, At safepoint: 10500 ns, Total: 201300 ns
[2021-03-18T10:42:50.764+0000][24612][safepoint    ] Safepoint "Cleanup", Time since last: 1000325700 ns, Reaching safepoint: 407300 ns, At safepoint: 26100 ns, Total: 433400 ns
[2021-03-18T10:42:51.765+0000][24612][safepoint    ] Safepoint "Cleanup", Time since last: 1000216300 ns, Reaching safepoint: 123900 ns, At safepoint: 7800 ns, Total: 131700 ns
[2021-03-18T10:42:52.766+0000][24612][safepoint    ] Safepoint "Cleanup", Time since last: 1000854400 ns, Reaching safepoint: 285400 ns, At safepoint: 20200 ns, Total: 305600 ns
[2021-03-18T10:42:54.767+0000][24612][safepoint    ] Safepoint "Cleanup", Time since last: 2001087100 ns, Reaching safepoint: 140300 ns, At safepoint: 5900 ns, Total: 146200 ns
[2021-03-18T10:42:55.767+0000][24612][safepoint    ] Safepoint "Cleanup", Time since last: 1000202600 ns, Reaching safepoint: 145900 ns, At safepoint: 7700 ns, Total: 153600 ns
[2021-03-18T10:42:56.767+0000][24612][safepoint    ] Safepoint "Cleanup", Time since last: 1000150800 ns, Reaching safepoint: 156100 ns, At safepoint: 3700 ns, Total: 159800 ns
[2021-03-18T10:42:57.768+0000][24612][safepoint    ] Safepoint "Cleanup", Time since last: 1000745700 ns, Reaching safepoint: 359100 ns, At safepoint: 16500 ns, Total: 375600 ns
[2021-03-18T10:42:59.769+0000][24612][safepoint    ] Safepoint "Cleanup", Time since last: 2000151400 ns, Reaching safepoint: 457500 ns, At safepoint: 28400 ns, Total: 485900 ns
[2021-03-18T10:43:00.770+0000][24612][safepoint    ] Safepoint "Cleanup", Time since last: 1000491400 ns, Reaching safepoint: 198900 ns, At safepoint: 6800 ns, Total: 205700 ns
[2021-03-18T10:43:02.771+0000][24612][safepoint    ] Safepoint "Cleanup", Time since last: 2000774200 ns, Reaching safepoint: 360500 ns, At safepoint: 16500 ns, Total: 377000 ns
[2021-03-18T10:43:03.771+0000][24612][safepoint    ] Safepoint "Cleanup", Time since last: 1000464900 ns, Reaching safepoint: 363100 ns, At safepoint: 18400 ns, Total: 381500 ns
[2021-03-18T10:43:04.773+0000][24612][safepoint    ] Safepoint "Cleanup", Time since last: 1001290500 ns, Reaching safepoint: 150800 ns, At safepoint: 5600 ns, Total: 156400 ns
[2021-03-18T10:43:05.774+0000][24612][safepoint    ] Safepoint "Cleanup", Time since last: 1000568600 ns, Reaching safepoint: 136100 ns, At safepoint: 4700 ns, Total: 140800 ns
[2021-03-18T10:43:06.774+0000][24612][safepoint    ] Safepoint "Cleanup", Time since last: 1000347400 ns, Reaching safepoint: 138400 ns, At safepoint: 5000 ns, Total: 143400 ns
[2021-03-18T10:43:07.775+0000][24612][safepoint    ] Safepoint "Cleanup", Time since last: 1000639100 ns, Reaching safepoint: 227400 ns, At safepoint: 11800 ns, Total: 239200 ns
[2021-03-18T10:43:08.776+0000][24612][safepoint    ] Safepoint "Cleanup", Time since last: 1000243900 ns, Reaching safepoint: 146000 ns, At safepoint: 3600 ns, Total: 149600 ns
[2021-03-18T10:43:09.776+0000][24612][safepoint    ] Safepoint "Cleanup", Time since last: 1000244800 ns, Reaching safepoint: 178300 ns, At safepoint: 4400 ns, Total: 182700 ns
[2021-03-18T10:43:10.777+0000][24612][safepoint    ] Safepoint "Cleanup", Time since last: 1000430600 ns, Reaching safepoint: 133800 ns, At safepoint: 4800 ns, Total: 138600 ns
[2021-03-18T10:43:11.777+0000][24612][safepoint    ] Safepoint "Cleanup", Time since last: 1000527700 ns, Reaching safepoint: 176500 ns, At safepoint: 5100 ns, Total: 181600 ns
[2021-03-18T10:43:12.777+0000][24612][safepoint    ] Safepoint "Cleanup", Time since last: 1000003700 ns, Reaching safepoint: 374000 ns, At safepoint: 16700 ns, Total: 390700 ns
[2021-03-18T10:43:14.778+0000][24612][safepoint    ] Safepoint "Cleanup", Time since last: 2000519900 ns, Reaching safepoint: 145500 ns, At safepoint: 8000 ns, Total: 153500 ns
[2021-03-18T10:43:15.779+0000][24612][safepoint    ] Safepoint "Cleanup", Time since last: 1000120900 ns, Reaching safepoint: 156200 ns, At safepoint: 5200 ns, Total: 161400 ns
[2021-03-18T10:43:16.779+0000][24612][safepoint    ] Safepoint "Cleanup", Time since last: 1000093000 ns, Reaching safepoint: 165800 ns, At safepoint: 12400 ns, Total: 178200 ns
[2021-03-18T10:43:17.780+0000][24612][safepoint    ] Safepoint "Cleanup", Time since last: 1000758200 ns, Reaching safepoint: 162300 ns, At safepoint: 5600 ns, Total: 167900 ns
[2021-03-18T10:43:18.781+0000][24612][safepoint    ] Safepoint "Cleanup", Time since last: 1000607800 ns, Reaching safepoint: 216800 ns, At safepoint: 11600 ns, Total: 228400 ns
[2021-03-18T10:43:19.781+0000][24612][safepoint    ] Safepoint "Cleanup", Time since last: 1000022400 ns, Reaching safepoint: 255900 ns, At safepoint: 9000 ns, Total: 264900 ns
[2021-03-18T10:43:21.782+0000][24612][safepoint    ] Safepoint "Cleanup", Time since last: 2001090900 ns, Reaching safepoint: 163800 ns, At safepoint: 9700 ns, Total: 173500 ns
[2021-03-18T10:43:22.783+0000][24612][safepoint    ] Safepoint "Cleanup", Time since last: 1000784600 ns, Reaching safepoint: 308600 ns, At safepoint: 16300 ns, Total: 324900 ns
[2021-03-18T10:43:23.784+0000][24612][safepoint    ] Safepoint "Cleanup", Time since last: 1000635900 ns, Reaching safepoint: 419000 ns, At safepoint: 23200 ns, Total: 442200 ns
[2021-03-18T10:43:25.785+0000][24612][safepoint    ] Safepoint "Cleanup", Time since last: 2000701900 ns, Reaching safepoint: 140600 ns, At safepoint: 3800 ns, Total: 144400 ns
[2021-03-18T10:43:26.980+0000][24612][safepoint    ] Safepoint "Cleanup", Time since last: 1194750400 ns, Reaching safepoint: 180800 ns, At safepoint: 43100 ns, Total: 223900 ns
[2021-03-18T10:43:27.981+0000][24612][safepoint    ] Safepoint "Cleanup", Time since last: 1000825800 ns, Reaching safepoint: 168100 ns, At safepoint: 15500 ns, Total: 183600 ns
[2021-03-18T10:43:29.982+0000][24612][safepoint    ] Safepoint "Cleanup", Time since last: 2001140700 ns, Reaching safepoint: 144400 ns, At safepoint: 3700 ns, Total: 148100 ns
[2021-03-18T10:43:30.983+0000][24612][safepoint    ] Safepoint "Cleanup", Time since last: 1000437700 ns, Reaching safepoint: 137800 ns, At safepoint: 69800 ns, Total: 207600 ns
[2021-03-18T10:43:31.984+0000][24612][safepoint    ] Safepoint "Cleanup", Time since last: 1000637200 ns, Reaching safepoint: 200100 ns, At safepoint: 12400 ns, Total: 212500 ns
[2021-03-18T10:43:32.984+0000][24612][safepoint    ] Safepoint "Cleanup", Time since last: 1000466500 ns, Reaching safepoint: 161300 ns, At safepoint: 63900 ns, Total: 225200 ns
[2021-03-18T10:43:33.985+0000][24612][safepoint    ] Safepoint "Cleanup", Time since last: 1000142300 ns, Reaching safepoint: 184200 ns, At safepoint: 7700 ns, Total: 191900 ns
[2021-03-18T10:43:34.985+0000][24612][safepoint    ] Safepoint "Cleanup", Time since last: 1000627800 ns, Reaching safepoint: 112100 ns, At safepoint: 23800 ns, Total: 135900 ns
[2021-03-18T10:43:35.986+0000][24612][safepoint    ] Safepoint "Cleanup", Time since last: 1000309500 ns, Reaching safepoint: 217000 ns, At safepoint: 16900 ns, Total: 233900 ns
[2021-03-18T10:43:36.987+0000][24612][safepoint    ] Safepoint "Cleanup", Time since last: 1000725700 ns, Reaching safepoint: 205900 ns, At safepoint: 10800 ns, Total: 216700 ns
[2021-03-18T10:43:37.987+0000][24612][safepoint    ] Safepoint "Cleanup", Time since last: 1000258300 ns, Reaching safepoint: 172900 ns, At safepoint: 9200 ns, Total: 182100 ns
[2021-03-18T10:43:38.988+0000][24612][safepoint    ] Safepoint "Cleanup", Time since last: 1000377000 ns, Reaching safepoint: 372100 ns, At safepoint: 134800 ns, Total: 506900 ns
[2021-03-18T10:43:40.989+0000][24612][safepoint    ] Safepoint "Cleanup", Time since last: 2000926300 ns, Reaching safepoint: 147600 ns, At safepoint: 3000 ns, Total: 150600 ns
[2021-03-18T10:43:41.990+0000][24612][safepoint    ] Safepoint "Cleanup", Time since last: 1000824200 ns, Reaching safepoint: 183600 ns, At safepoint: 5400 ns, Total: 189000 ns
[2021-03-18T10:43:42.991+0000][24612][safepoint    ] Safepoint "Cleanup", Time since last: 1000413100 ns, Reaching safepoint: 224100 ns, At safepoint: 9000 ns, Total: 233100 ns
[2021-03-18T10:43:44.992+0000][24612][safepoint    ] Safepoint "Cleanup", Time since last: 2000615700 ns, Reaching safepoint: 116200 ns, At safepoint: 4800 ns, Total: 121000 ns
[2021-03-18T10:43:46.273+0000][24612][safepoint    ] Safepoint "Cleanup", Time since last: 1281611400 ns, Reaching safepoint: 348600 ns, At safepoint: 14300 ns, Total: 362900 ns
[2021-03-18T10:43:48.274+0000][24612][safepoint    ] Safepoint "Cleanup", Time since last: 2000033100 ns, Reaching safepoint: 276500 ns, At safepoint: 14200 ns, Total: 290700 ns
[2021-03-18T10:43:50.274+0000][24612][safepoint    ] Safepoint "Cleanup", Time since last: 1999983800 ns, Reaching safepoint: 145800 ns, At safepoint: 3400 ns, Total: 149200 ns
[2021-03-18T10:43:51.274+0000][24612][safepoint    ] Safepoint "Cleanup", Time since last: 1000382800 ns, Reaching safepoint: 147300 ns, At safepoint: 67400 ns, Total: 214700 ns
[2021-03-18T10:43:52.275+0000][24612][safepoint    ] Safepoint "Cleanup", Time since last: 1000637400 ns, Reaching safepoint: 148300 ns, At safepoint: 5600 ns, Total: 153900 ns
[2021-03-18T10:43:53.276+0000][24612][safepoint    ] Safepoint "Cleanup", Time since last: 1001087500 ns, Reaching safepoint: 191000 ns, At safepoint: 8400 ns, Total: 199400 ns
[2021-03-18T10:43:55.277+0000][24612][safepoint    ] Safepoint "Cleanup", Time since last: 2000480300 ns, Reaching safepoint: 166800 ns, At safepoint: 11900 ns, Total: 178700 ns
[2021-03-18T10:43:57.278+0000][24612][safepoint    ] Safepoint "Cleanup", Time since last: 2000548400 ns, Reaching safepoint: 150200 ns, At safepoint: 6300 ns, Total: 156500 ns
[2021-03-18T10:43:59.279+0000][24612][safepoint    ] Safepoint "Cleanup", Time since last: 2000734500 ns, Reaching safepoint: 127800 ns, At safepoint: 6900 ns, Total: 134700 ns
[2021-03-18T10:44:00.280+0000][24612][safepoint    ] Safepoint "Cleanup", Time since last: 1000837300 ns, Reaching safepoint: 217900 ns, At safepoint: 6900 ns, Total: 224800 ns
[2021-03-18T10:44:02.280+0000][24612][safepoint    ] Safepoint "Cleanup", Time since last: 2000553200 ns, Reaching safepoint: 163200 ns, At safepoint: 4000 ns, Total: 167200 ns
[2021-03-18T10:44:03.281+0000][24612][safepoint    ] Safepoint "Cleanup", Time since last: 1000337600 ns, Reaching safepoint: 279400 ns, At safepoint: 19900 ns, Total: 299300 ns
[2021-03-18T10:44:04.282+0000][24612][safepoint    ] Safepoint "Cleanup", Time since last: 1000444700 ns, Reaching safepoint: 286200 ns, At safepoint: 15300 ns, Total: 301500 ns
[2021-03-18T10:44:06.282+0000][24612][safepoint    ] Safepoint "Cleanup", Time since last: 2000504700 ns, Reaching safepoint: 462000 ns, At safepoint: 36300 ns, Total: 498300 ns
[2021-03-18T10:44:08.283+0000][24612][safepoint    ] Safepoint "Cleanup", Time since last: 2000019300 ns, Reaching safepoint: 409300 ns, At safepoint: 27800 ns, Total: 437100 ns
[2021-03-18T10:44:09.285+0000][24612][safepoint    ] Safepoint "Cleanup", Time since last: 1001365800 ns, Reaching safepoint: 358100 ns, At safepoint: 19600 ns, Total: 377700 ns
[2021-03-18T10:44:10.285+0000][24612][safepoint    ] Safepoint "Cleanup", Time since last: 1000023200 ns, Reaching safepoint: 141800 ns, At safepoint: 7800 ns, Total: 149600 ns
[2021-03-18T10:44:11.286+0000][24612][safepoint    ] Safepoint "Cleanup", Time since last: 1001026300 ns, Reaching safepoint: 404100 ns, At safepoint: 27000 ns, Total: 431100 ns
[2021-03-18T10:44:12.288+0000][24612][safepoint    ] Safepoint "Cleanup", Time since last: 1001208200 ns, Reaching safepoint: 140800 ns, At safepoint: 6700 ns, Total: 147500 ns
[2021-03-18T10:44:13.288+0000][24612][safepoint    ] Safepoint "Cleanup", Time since last: 1000175100 ns, Reaching safepoint: 283200 ns, At safepoint: 16800 ns, Total: 300000 ns
[2021-03-18T10:44:14.289+0000][24612][safepoint    ] Safepoint "Cleanup", Time since last: 1000242600 ns, Reaching safepoint: 388000 ns, At safepoint: 25600 ns, Total: 413600 ns
[2021-03-18T10:44:16.289+0000][24612][safepoint    ] Safepoint "Cleanup", Time since last: 1999676100 ns, Reaching safepoint: 145500 ns, At safepoint: 7000 ns, Total: 152500 ns
[2021-03-18T10:44:17.289+0000][24612][safepoint    ] Safepoint "Cleanup", Time since last: 1000277600 ns, Reaching safepoint: 118400 ns, At safepoint: 7800 ns, Total: 126200 ns
[2021-03-18T10:44:18.290+0000][24612][safepoint    ] Safepoint "Cleanup", Time since last: 1000375600 ns, Reaching safepoint: 96800 ns, At safepoint: 4100 ns, Total: 100900 ns
[2021-03-18T10:44:19.290+0000][24612][safepoint    ] Safepoint "Cleanup", Time since last: 1000461200 ns, Reaching safepoint: 227700 ns, At safepoint: 14000 ns, Total: 241700 ns
[2021-03-18T10:44:21.291+0000][24612][safepoint    ] Safepoint "Cleanup", Time since last: 2000816700 ns, Reaching safepoint: 99500 ns, At safepoint: 3100 ns, Total: 102600 ns
[2021-03-18T10:44:22.292+0000][24612][safepoint    ] Safepoint "Cleanup", Time since last: 1000472600 ns, Reaching safepoint: 164200 ns, At safepoint: 11600 ns, Total: 175800 ns
[2021-03-18T10:44:23.293+0000][24612][safepoint    ] Safepoint "Cleanup", Time since last: 1000054700 ns, Reaching safepoint: 766300 ns, At safepoint: 56700 ns, Total: 823000 ns
[2021-03-18T10:44:24.293+0000][24612][safepoint    ] Safepoint "Cleanup", Time since last: 1000267200 ns, Reaching safepoint: 136700 ns, At safepoint: 4800 ns, Total: 141500 ns
[2021-03-18T10:44:25.294+0000][24612][safepoint    ] Safepoint "Cleanup", Time since last: 1000386200 ns, Reaching safepoint: 139900 ns, At safepoint: 6100 ns, Total: 146000 ns
[2021-03-18T10:44:26.295+0000][24612][safepoint    ] Safepoint "Cleanup", Time since last: 1000978800 ns, Reaching safepoint: 132500 ns, At safepoint: 7000 ns, Total: 139500 ns
[2021-03-18T10:44:27.994+0000][24612][safepoint    ] Safepoint "Cleanup", Time since last: 1699692700 ns, Reaching safepoint: 130900 ns, At safepoint: 7200 ns, Total: 138100 ns
[2021-03-18T10:44:28.995+0000][24612][safepoint    ] Safepoint "Cleanup", Time since last: 1000415800 ns, Reaching safepoint: 160200 ns, At safepoint: 7600 ns, Total: 167800 ns
[2021-03-18T10:44:29.996+0000][24612][safepoint    ] Safepoint "Cleanup", Time since last: 1000422800 ns, Reaching safepoint: 241200 ns, At safepoint: 13800 ns, Total: 255000 ns
[2021-03-18T10:44:30.997+0000][24612][safepoint    ] Safepoint "Cleanup", Time since last: 1000739500 ns, Reaching safepoint: 385200 ns, At safepoint: 13600 ns, Total: 398800 ns
[2021-03-18T10:44:31.997+0000][24612][safepoint    ] Safepoint "Cleanup", Time since last: 1000119200 ns, Reaching safepoint: 219000 ns, At safepoint: 10200 ns, Total: 229200 ns
[2021-03-18T10:44:32.998+0000][24612][safepoint    ] Safepoint "Cleanup", Time since last: 1000600800 ns, Reaching safepoint: 432500 ns, At safepoint: 24200 ns, Total: 456700 ns
[2021-03-18T10:44:34.999+0000][24612][safepoint    ] Safepoint "Cleanup", Time since last: 2000336200 ns, Reaching safepoint: 494600 ns, At safepoint: 29100 ns, Total: 523700 ns
[2021-03-18T10:44:37.000+0000][24612][safepoint    ] Safepoint "Cleanup", Time since last: 2000725400 ns, Reaching safepoint: 201800 ns, At safepoint: 7900 ns, Total: 209700 ns
[2021-03-18T10:44:38.001+0000][24612][safepoint    ] Safepoint "Cleanup", Time since last: 1000718300 ns, Reaching safepoint: 181200 ns, At safepoint: 9300 ns, Total: 190500 ns
[2021-03-18T10:44:39.001+0000][24612][safepoint    ] Safepoint "Cleanup", Time since last: 1000398900 ns, Reaching safepoint: 428000 ns, At safepoint: 40700 ns, Total: 468700 ns
[2021-03-18T10:44:41.002+0000][24612][safepoint    ] Safepoint "Cleanup", Time since last: 2000209100 ns, Reaching safepoint: 404700 ns, At safepoint: 23500 ns, Total: 428200 ns
[2021-03-18T10:44:42.003+0000][24612][safepoint    ] Safepoint "Cleanup", Time since last: 1000525500 ns, Reaching safepoint: 135800 ns, At safepoint: 8600 ns, Total: 144400 ns
[2021-03-18T10:44:43.003+0000][24612][safepoint    ] Safepoint "Cleanup", Time since last: 1000171500 ns, Reaching safepoint: 220800 ns, At safepoint: 15500 ns, Total: 236300 ns
[2021-03-18T10:44:44.004+0000][24612][safepoint    ] Safepoint "Cleanup", Time since last: 1000448200 ns, Reaching safepoint: 396300 ns, At safepoint: 27100 ns, Total: 423400 ns
[2021-03-18T10:44:46.004+0000][24612][safepoint    ] Safepoint "Cleanup", Time since last: 1999982300 ns, Reaching safepoint: 84700 ns, At safepoint: 2900 ns, Total: 87600 ns
[2021-03-18T10:44:47.005+0000][24612][safepoint    ] Safepoint "Cleanup", Time since last: 1000856600 ns, Reaching safepoint: 138400 ns, At safepoint: 4500 ns, Total: 142900 ns
[2021-03-18T10:44:49.006+0000][24612][safepoint    ] Safepoint "Cleanup", Time since last: 2000291800 ns, Reaching safepoint: 104400 ns, At safepoint: 6200 ns, Total: 110600 ns
[2021-03-18T10:44:50.006+0000][24612][safepoint    ] Safepoint "Cleanup", Time since last: 1000007200 ns, Reaching safepoint: 95000 ns, At safepoint: 3500 ns, Total: 98500 ns
[2021-03-18T10:44:51.006+0000][24612][safepoint    ] Safepoint "Cleanup", Time since last: 1000379800 ns, Reaching safepoint: 252000 ns, At safepoint: 13100 ns, Total: 265100 ns
[2021-03-18T10:44:52.007+0000][24612][safepoint    ] Safepoint "Cleanup", Time since last: 1000251900 ns, Reaching safepoint: 139900 ns, At safepoint: 8600 ns, Total: 148500 ns
[2021-03-18T10:44:53.008+0000][24612][safepoint    ] Safepoint "Cleanup", Time since last: 1000749400 ns, Reaching safepoint: 167500 ns, At safepoint: 9000 ns, Total: 176500 ns
[2021-03-18T10:44:54.009+0000][24612][safepoint    ] Safepoint "Cleanup", Time since last: 1000759400 ns, Reaching safepoint: 297900 ns, At safepoint: 10600 ns, Total: 308500 ns
[2021-03-18T10:44:55.009+0000][24612][safepoint    ] Safepoint "Cleanup", Time since last: 1000323500 ns, Reaching safepoint: 137500 ns, At safepoint: 6600 ns, Total: 144100 ns
[2021-03-18T10:44:56.010+0000][24612][safepoint    ] Safepoint "Cleanup", Time since last: 1000309300 ns, Reaching safepoint: 133800 ns, At safepoint: 4900 ns, Total: 138700 ns
[2021-03-18T10:44:58.010+0000][24612][safepoint    ] Safepoint "Cleanup", Time since last: 2000045200 ns, Reaching safepoint: 178900 ns, At safepoint: 13400 ns, Total: 192300 ns
[2021-03-18T10:44:59.011+0000][24612][safepoint    ] Safepoint "Cleanup", Time since last: 1000666800 ns, Reaching safepoint: 127000 ns, At safepoint: 4600 ns, Total: 131600 ns
[2021-03-18T10:45:00.011+0000][24612][safepoint    ] Safepoint "Cleanup", Time since last: 1000827000 ns, Reaching safepoint: 138300 ns, At safepoint: 6800 ns, Total: 145100 ns
[2021-03-18T10:45:01.013+0000][24612][safepoint    ] Safepoint "Cleanup", Time since last: 1001026200 ns, Reaching safepoint: 128000 ns, At safepoint: 4200 ns, Total: 132200 ns
[2021-03-18T10:45:02.013+0000][24612][safepoint    ] Safepoint "Cleanup", Time since last: 1000610400 ns, Reaching safepoint: 127100 ns, At safepoint: 6500 ns, Total: 133600 ns
[2021-03-18T10:45:03.015+0000][24612][safepoint    ] Safepoint "Cleanup", Time since last: 1001218100 ns, Reaching safepoint: 134900 ns, At safepoint: 6600 ns, Total: 141500 ns
[2021-03-18T10:45:04.015+0000][24612][safepoint    ] Safepoint "Cleanup", Time since last: 1000581100 ns, Reaching safepoint: 198900 ns, At safepoint: 12700 ns, Total: 211600 ns
[2021-03-18T10:45:05.016+0000][24612][safepoint    ] Safepoint "Cleanup", Time since last: 1000257700 ns, Reaching safepoint: 165900 ns, At safepoint: 8500 ns, Total: 174400 ns
[2021-03-18T10:45:07.017+0000][24612][safepoint    ] Safepoint "Cleanup", Time since last: 2000620600 ns, Reaching safepoint: 132400 ns, At safepoint: 7800 ns, Total: 140200 ns
[2021-03-18T10:45:08.017+0000][24612][safepoint    ] Safepoint "Cleanup", Time since last: 1000008300 ns, Reaching safepoint: 121400 ns, At safepoint: 8800 ns, Total: 130200 ns
[2021-03-18T10:45:09.017+0000][24612][safepoint    ] Safepoint "Cleanup", Time since last: 1000290500 ns, Reaching safepoint: 413200 ns, At safepoint: 25200 ns, Total: 438400 ns
[2021-03-18T10:45:10.018+0000][24612][safepoint    ] Safepoint "Cleanup", Time since last: 1000751500 ns, Reaching safepoint: 213700 ns, At safepoint: 11600 ns, Total: 225300 ns
[2021-03-18T10:45:11.019+0000][24612][safepoint    ] Safepoint "Cleanup", Time since last: 1000297100 ns, Reaching safepoint: 159400 ns, At safepoint: 8200 ns, Total: 167600 ns
[2021-03-18T10:45:13.019+0000][24612][safepoint    ] Safepoint "Cleanup", Time since last: 2000346900 ns, Reaching safepoint: 317700 ns, At safepoint: 15900 ns, Total: 333600 ns
[2021-03-18T10:45:15.019+0000][24612][safepoint    ] Safepoint "Cleanup", Time since last: 1999821700 ns, Reaching safepoint: 145100 ns, At safepoint: 6400 ns, Total: 151500 ns
[2021-03-18T10:45:16.490+0000][24612][safepoint    ] Safepoint "Cleanup", Time since last: 1470684800 ns, Reaching safepoint: 161000 ns, At safepoint: 6300 ns, Total: 167300 ns
[2021-03-18T10:45:17.491+0000][24612][safepoint    ] Safepoint "Cleanup", Time since last: 1000503000 ns, Reaching safepoint: 255300 ns, At safepoint: 14000 ns, Total: 269300 ns
[2021-03-18T10:45:18.491+0000][24612][safepoint    ] Safepoint "Cleanup", Time since last: 1000079600 ns, Reaching safepoint: 207400 ns, At safepoint: 10700 ns, Total: 218100 ns
[2021-03-18T10:45:19.492+0000][24612][safepoint    ] Safepoint "Cleanup", Time since last: 1000136300 ns, Reaching safepoint: 150600 ns, At safepoint: 4200 ns, Total: 154800 ns
[2021-03-18T10:45:20.492+0000][24612][safepoint    ] Safepoint "Cleanup", Time since last: 1000186500 ns, Reaching safepoint: 177900 ns, At safepoint: 4900 ns, Total: 182800 ns
[2021-03-18T10:45:21.493+0000][24612][safepoint    ] Safepoint "Cleanup", Time since last: 1000645200 ns, Reaching safepoint: 126300 ns, At safepoint: 3500 ns, Total: 129800 ns
[2021-03-18T10:45:23.493+0000][24612][safepoint    ] Safepoint "Cleanup", Time since last: 2000244100 ns, Reaching safepoint: 135600 ns, At safepoint: 5000 ns, Total: 140600 ns
[2021-03-18T10:45:24.494+0000][24612][safepoint    ] Safepoint "Cleanup", Time since last: 1000662000 ns, Reaching safepoint: 103300 ns, At safepoint: 4200 ns, Total: 107500 ns
[2021-03-18T10:45:25.494+0000][24612][safepoint    ] Safepoint "Cleanup", Time since last: 1000424100 ns, Reaching safepoint: 104000 ns, At safepoint: 7200 ns, Total: 111200 ns
[2021-03-18T10:45:26.495+0000][24612][safepoint    ] Safepoint "Cleanup", Time since last: 1000783200 ns, Reaching safepoint: 102100 ns, At safepoint: 60900 ns, Total: 163000 ns
[2021-03-18T10:45:27.496+0000][24612][safepoint    ] Safepoint "Cleanup", Time since last: 1001090300 ns, Reaching safepoint: 222800 ns, At safepoint: 34800 ns, Total: 257600 ns
[2021-03-18T10:45:28.497+0000][24612][safepoint    ] Safepoint "Cleanup", Time since last: 1000094200 ns, Reaching safepoint: 147600 ns, At safepoint: 4100 ns, Total: 151700 ns
[2021-03-18T10:45:29.498+0000][24612][safepoint    ] Safepoint "Cleanup", Time since last: 1000564800 ns, Reaching safepoint: 124500 ns, At safepoint: 2800 ns, Total: 127300 ns
[2021-03-18T10:45:30.498+0000][24612][safepoint    ] Safepoint "Cleanup", Time since last: 1000135800 ns, Reaching safepoint: 95000 ns, At safepoint: 2500 ns, Total: 97500 ns
[2021-03-18T10:45:31.498+0000][24612][safepoint    ] Safepoint "Cleanup", Time since last: 1000276200 ns, Reaching safepoint: 215300 ns, At safepoint: 8900 ns, Total: 224200 ns
[2021-03-18T10:45:32.499+0000][24612][safepoint    ] Safepoint "Cleanup", Time since last: 1000333900 ns, Reaching safepoint: 128400 ns, At safepoint: 4600 ns, Total: 133000 ns
[2021-03-18T10:45:33.499+0000][24612][safepoint    ] Safepoint "Cleanup", Time since last: 1000456500 ns, Reaching safepoint: 102900 ns, At safepoint: 3000 ns, Total: 105900 ns
[2021-03-18T10:45:34.500+0000][24612][safepoint    ] Safepoint "Cleanup", Time since last: 1000813300 ns, Reaching safepoint: 257700 ns, At safepoint: 29100 ns, Total: 286800 ns
[2021-03-18T10:45:35.501+0000][24612][safepoint    ] Safepoint "Cleanup", Time since last: 1000551500 ns, Reaching safepoint: 125000 ns, At safepoint: 5500 ns, Total: 130500 ns
[2021-03-18T10:45:37.389+0000][24612][safepoint    ] Safepoint "Cleanup", Time since last: 1887523100 ns, Reaching safepoint: 135500 ns, At safepoint: 3900 ns, Total: 139400 ns
[2021-03-18T10:45:38.389+0000][24612][safepoint    ] Safepoint "Cleanup", Time since last: 1000559900 ns, Reaching safepoint: 121300 ns, At safepoint: 7500 ns, Total: 128800 ns
[2021-03-18T10:45:39.390+0000][24612][safepoint    ] Safepoint "Cleanup", Time since last: 1000085700 ns, Reaching safepoint: 167400 ns, At safepoint: 9200 ns, Total: 176600 ns
[2021-03-18T10:45:41.390+0000][24612][safepoint    ] Safepoint "Cleanup", Time since last: 2000780200 ns, Reaching safepoint: 140900 ns, At safepoint: 5800 ns, Total: 146700 ns
[2021-03-18T10:45:42.391+0000][24612][safepoint    ] Safepoint "Cleanup", Time since last: 1000518400 ns, Reaching safepoint: 112900 ns, At safepoint: 7400 ns, Total: 120300 ns
[2021-03-18T10:45:43.392+0000][24612][safepoint    ] Safepoint "Cleanup", Time since last: 1000741100 ns, Reaching safepoint: 151100 ns, At safepoint: 3100 ns, Total: 154200 ns
[2021-03-18T10:45:44.393+0000][24612][safepoint    ] Safepoint "Cleanup", Time since last: 1000642200 ns, Reaching safepoint: 103800 ns, At safepoint: 5600 ns, Total: 109400 ns
[2021-03-18T10:45:45.393+0000][24612][safepoint    ] Safepoint "Cleanup", Time since last: 1000507300 ns, Reaching safepoint: 586700 ns, At safepoint: 141500 ns, Total: 728200 ns
[2021-03-18T10:45:46.394+0000][24612][safepoint    ] Safepoint "Cleanup", Time since last: 1000360800 ns, Reaching safepoint: 141800 ns, At safepoint: 10300 ns, Total: 152100 ns
[2021-03-18T10:45:48.395+0000][24612][safepoint    ] Safepoint "Cleanup", Time since last: 2000591000 ns, Reaching safepoint: 143100 ns, At safepoint: 5900 ns, Total: 149000 ns
[2021-03-18T10:45:49.396+0000][24612][safepoint    ] Safepoint "Cleanup", Time since last: 1000363200 ns, Reaching safepoint: 136300 ns, At safepoint: 6800 ns, Total: 143100 ns
[2021-03-18T10:45:50.396+0000][24612][safepoint    ] Safepoint "Cleanup", Time since last: 1000747800 ns, Reaching safepoint: 156500 ns, At safepoint: 5800 ns, Total: 162300 ns
[2021-03-18T10:45:51.397+0000][24612][safepoint    ] Safepoint "Cleanup", Time since last: 1000143300 ns, Reaching safepoint: 130100 ns, At safepoint: 6600 ns, Total: 136700 ns
[2021-03-18T10:45:52.397+0000][24612][safepoint    ] Safepoint "Cleanup", Time since last: 1000176300 ns, Reaching safepoint: 98800 ns, At safepoint: 2600 ns, Total: 101400 ns
[2021-03-18T10:45:53.398+0000][24612][safepoint    ] Safepoint "Cleanup", Time since last: 1000542500 ns, Reaching safepoint: 118000 ns, At safepoint: 5500 ns, Total: 123500 ns
[2021-03-18T10:45:54.398+0000][24612][safepoint    ] Safepoint "Cleanup", Time since last: 1000119800 ns, Reaching safepoint: 101400 ns, At safepoint: 8500 ns, Total: 109900 ns
[2021-03-18T10:45:56.398+0000][24612][safepoint    ] Safepoint "Cleanup", Time since last: 1999946100 ns, Reaching safepoint: 141600 ns, At safepoint: 6000 ns, Total: 147600 ns
[2021-03-18T10:45:57.399+0000][24612][safepoint    ] Safepoint "Cleanup", Time since last: 1000774500 ns, Reaching safepoint: 252700 ns, At safepoint: 18200 ns, Total: 270900 ns
[2021-03-18T10:45:58.400+0000][24612][safepoint    ] Safepoint "Cleanup", Time since last: 1000447400 ns, Reaching safepoint: 178400 ns, At safepoint: 10200 ns, Total: 188600 ns
[2021-03-18T10:46:00.400+0000][24612][safepoint    ] Safepoint "Cleanup", Time since last: 2000166100 ns, Reaching safepoint: 418300 ns, At safepoint: 26100 ns, Total: 444400 ns
[2021-03-18T10:46:01.401+0000][24612][safepoint    ] Safepoint "Cleanup", Time since last: 1000621700 ns, Reaching safepoint: 204700 ns, At safepoint: 7200 ns, Total: 211900 ns
[2021-03-18T10:46:02.401+0000][24612][safepoint    ] Safepoint "Cleanup", Time since last: 1000315700 ns, Reaching safepoint: 97000 ns, At safepoint: 2900 ns, Total: 99900 ns
[2021-03-18T10:46:03.402+0000][24612][safepoint    ] Safepoint "Cleanup", Time since last: 1000763000 ns, Reaching safepoint: 222400 ns, At safepoint: 17100 ns, Total: 239500 ns
[2021-03-18T10:46:04.403+0000][24612][safepoint    ] Safepoint "Cleanup", Time since last: 1000623600 ns, Reaching safepoint: 227100 ns, At safepoint: 5500 ns, Total: 232600 ns
[2021-03-18T10:46:05.404+0000][24612][safepoint    ] Safepoint "Cleanup", Time since last: 1000794700 ns, Reaching safepoint: 239100 ns, At safepoint: 9800 ns, Total: 248900 ns
[2021-03-18T10:46:06.405+0000][24612][safepoint    ] Safepoint "Cleanup", Time since last: 1000246600 ns, Reaching safepoint: 240400 ns, At safepoint: 9900 ns, Total: 250300 ns
[2021-03-18T10:46:07.405+0000][24612][safepoint    ] Safepoint "Cleanup", Time since last: 1000422000 ns, Reaching safepoint: 132900 ns, At safepoint: 10300 ns, Total: 143200 ns
[2021-03-18T10:46:08.406+0000][24612][safepoint    ] Safepoint "Cleanup", Time since last: 1000344700 ns, Reaching safepoint: 111700 ns, At safepoint: 6600 ns, Total: 118300 ns
[2021-03-18T10:46:10.407+0000][24612][safepoint    ] Safepoint "Cleanup", Time since last: 2000811800 ns, Reaching safepoint: 119400 ns, At safepoint: 5900 ns, Total: 125300 ns
[2021-03-18T10:46:11.408+0000][24612][safepoint    ] Safepoint "Cleanup", Time since last: 1000772700 ns, Reaching safepoint: 152600 ns, At safepoint: 10100 ns, Total: 162700 ns
[2021-03-18T10:46:12.408+0000][24612][safepoint    ] Safepoint "Cleanup", Time since last: 1000139300 ns, Reaching safepoint: 219300 ns, At safepoint: 5700 ns, Total: 225000 ns
[2021-03-18T10:46:13.408+0000][24612][safepoint    ] Safepoint "Cleanup", Time since last: 1000104900 ns, Reaching safepoint: 147800 ns, At safepoint: 4400 ns, Total: 152200 ns
[2021-03-18T10:46:14.409+0000][24612][safepoint    ] Safepoint "Cleanup", Time since last: 1000681000 ns, Reaching safepoint: 449900 ns, At safepoint: 26600 ns, Total: 476500 ns
[2021-03-18T10:46:16.410+0000][24612][safepoint    ] Safepoint "Cleanup", Time since last: 2000312700 ns, Reaching safepoint: 177900 ns, At safepoint: 9800 ns, Total: 187700 ns
[2021-03-18T10:46:17.410+0000][24612][safepoint    ] Safepoint "Cleanup", Time since last: 1000309600 ns, Reaching safepoint: 140000 ns, At safepoint: 6600 ns, Total: 146600 ns
[2021-03-18T10:46:18.410+0000][24612][safepoint    ] Safepoint "Cleanup", Time since last: 1000132900 ns, Reaching safepoint: 122300 ns, At safepoint: 3300 ns, Total: 125600 ns
[2021-03-18T10:46:19.411+0000][24612][safepoint    ] Safepoint "Cleanup", Time since last: 1000548100 ns, Reaching safepoint: 87600 ns, At safepoint: 3000 ns, Total: 90600 ns
[2021-03-18T10:46:20.412+0000][24612][safepoint    ] Safepoint "Cleanup", Time since last: 1000694500 ns, Reaching safepoint: 360100 ns, At safepoint: 20300 ns, Total: 380400 ns
[2021-03-18T10:46:22.412+0000][24612][safepoint    ] Safepoint "Cleanup", Time since last: 1999788100 ns, Reaching safepoint: 97100 ns, At safepoint: 3100 ns, Total: 100200 ns
[2021-03-18T10:46:23.413+0000][24612][safepoint    ] Safepoint "Cleanup", Time since last: 1000624000 ns, Reaching safepoint: 119300 ns, At safepoint: 5300 ns, Total: 124600 ns
[2021-03-18T10:46:24.414+0000][24612][safepoint    ] Safepoint "Cleanup", Time since last: 1000853900 ns, Reaching safepoint: 102000 ns, At safepoint: 2400 ns, Total: 104400 ns
[2021-03-18T10:46:26.414+0000][24612][safepoint    ] Safepoint "Cleanup", Time since last: 2000366800 ns, Reaching safepoint: 152700 ns, At safepoint: 21900 ns, Total: 174600 ns
[2021-03-18T10:46:28.414+0000][24612][safepoint    ] Safepoint "Cleanup", Time since last: 2000187800 ns, Reaching safepoint: 88700 ns, At safepoint: 3300 ns, Total: 92000 ns
[2021-03-18T10:46:29.415+0000][24612][safepoint    ] Safepoint "Cleanup", Time since last: 1000417700 ns, Reaching safepoint: 140900 ns, At safepoint: 9700 ns, Total: 150600 ns
[2021-03-18T10:46:30.416+0000][24612][safepoint    ] Safepoint "Cleanup", Time since last: 1000684000 ns, Reaching safepoint: 126500 ns, At safepoint: 6400 ns, Total: 132900 ns
[2021-03-18T10:46:31.416+0000][24612][safepoint    ] Safepoint "Cleanup", Time since last: 1000632500 ns, Reaching safepoint: 190800 ns, At safepoint: 5400 ns, Total: 196200 ns
[2021-03-18T10:46:32.417+0000][24612][safepoint    ] Safepoint "Cleanup", Time since last: 1000522000 ns, Reaching safepoint: 104300 ns, At safepoint: 6500 ns, Total: 110800 ns
[2021-03-18T10:46:33.418+0000][24612][safepoint    ] Safepoint "Cleanup", Time since last: 1000237000 ns, Reaching safepoint: 127100 ns, At safepoint: 5500 ns, Total: 132600 ns
[2021-03-18T10:46:35.418+0000][24612][safepoint    ] Safepoint "Cleanup", Time since last: 2000032300 ns, Reaching safepoint: 152700 ns, At safepoint: 4000 ns, Total: 156700 ns
[2021-03-18T10:46:36.418+0000][24612][safepoint    ] Safepoint "Cleanup", Time since last: 1000265400 ns, Reaching safepoint: 108200 ns, At safepoint: 7100 ns, Total: 115300 ns
[2021-03-18T10:46:37.418+0000][24612][safepoint    ] Safepoint "Cleanup", Time since last: 1000217700 ns, Reaching safepoint: 120700 ns, At safepoint: 4200 ns, Total: 124900 ns
[2021-03-18T10:46:38.419+0000][24612][safepoint    ] Safepoint "Cleanup", Time since last: 1000252600 ns, Reaching safepoint: 155500 ns, At safepoint: 3900 ns, Total: 159400 ns
[2021-03-18T10:46:39.419+0000][24612][safepoint    ] Safepoint "Cleanup", Time since last: 1000224600 ns, Reaching safepoint: 342200 ns, At safepoint: 23300 ns, Total: 365500 ns
[2021-03-18T10:46:40.420+0000][24612][safepoint    ] Safepoint "Cleanup", Time since last: 1000476900 ns, Reaching safepoint: 122600 ns, At safepoint: 5900 ns, Total: 128500 ns
[2021-03-18T10:46:41.420+0000][24612][safepoint    ] Safepoint "Cleanup", Time since last: 1000242100 ns, Reaching safepoint: 154200 ns, At safepoint: 7200 ns, Total: 161400 ns
[2021-03-18T10:46:42.421+0000][24612][safepoint    ] Safepoint "Cleanup", Time since last: 1000804700 ns, Reaching safepoint: 168400 ns, At safepoint: 8200 ns, Total: 176600 ns
[2021-03-18T10:46:43.422+0000][24612][safepoint    ] Safepoint "Cleanup", Time since last: 1000896500 ns, Reaching safepoint: 147500 ns, At safepoint: 5800 ns, Total: 153300 ns
[2021-03-18T10:46:44.423+0000][24612][safepoint    ] Safepoint "Cleanup", Time since last: 1000111400 ns, Reaching safepoint: 149000 ns, At safepoint: 5100 ns, Total: 154100 ns
[2021-03-18T10:46:45.423+0000][24612][safepoint    ] Safepoint "Cleanup", Time since last: 1000601500 ns, Reaching safepoint: 119100 ns, At safepoint: 4200 ns, Total: 123300 ns
[2021-03-18T10:46:46.424+0000][24612][safepoint    ] Safepoint "Cleanup", Time since last: 1000579300 ns, Reaching safepoint: 117300 ns, At safepoint: 6700 ns, Total: 124000 ns
[2021-03-18T10:46:47.425+0000][24612][safepoint    ] Safepoint "Cleanup", Time since last: 1001061100 ns, Reaching safepoint: 146700 ns, At safepoint: 6300 ns, Total: 153000 ns
[2021-03-18T10:46:48.426+0000][24612][safepoint    ] Safepoint "Cleanup", Time since last: 1000659100 ns, Reaching safepoint: 99100 ns, At safepoint: 5800 ns, Total: 104900 ns
[2021-03-18T10:46:49.427+0000][24612][safepoint    ] Safepoint "Cleanup", Time since last: 1000699000 ns, Reaching safepoint: 203800 ns, At safepoint: 7800 ns, Total: 211600 ns
[2021-03-18T10:46:50.427+0000][24612][safepoint    ] Safepoint "Cleanup", Time since last: 1000457400 ns, Reaching safepoint: 355300 ns, At safepoint: 17800 ns, Total: 373100 ns
[2021-03-18T10:46:51.428+0000][24612][safepoint    ] Safepoint "Cleanup", Time since last: 1000441900 ns, Reaching safepoint: 93200 ns, At safepoint: 2300 ns, Total: 95500 ns
[2021-03-18T10:46:52.428+0000][24612][safepoint    ] Safepoint "Cleanup", Time since last: 1000043400 ns, Reaching safepoint: 185900 ns, At safepoint: 17300 ns, Total: 203200 ns
[2021-03-18T10:46:53.429+0000][24612][safepoint    ] Safepoint "Cleanup", Time since last: 1000633200 ns, Reaching safepoint: 390100 ns, At safepoint: 16200 ns, Total: 406300 ns
[2021-03-18T10:46:54.431+0000][24612][safepoint    ] Safepoint "Cleanup", Time since last: 1000994000 ns, Reaching safepoint: 135100 ns, At safepoint: 10400 ns, Total: 145500 ns
[2021-03-18T10:46:55.431+0000][24612][safepoint    ] Safepoint "Cleanup", Time since last: 1000145200 ns, Reaching safepoint: 407100 ns, At safepoint: 25300 ns, Total: 432400 ns
[2021-03-18T10:46:56.432+0000][24612][safepoint    ] Safepoint "Cleanup", Time since last: 1000709800 ns, Reaching safepoint: 409400 ns, At safepoint: 26900 ns, Total: 436300 ns
[2021-03-18T10:46:57.433+0000][24612][safepoint    ] Safepoint "Cleanup", Time since last: 1000359200 ns, Reaching safepoint: 87400 ns, At safepoint: 2700 ns, Total: 90100 ns
[2021-03-18T10:46:58.433+0000][24612][safepoint    ] Safepoint "Cleanup", Time since last: 1000681500 ns, Reaching safepoint: 104800 ns, At safepoint: 5400 ns, Total: 110200 ns
[2021-03-18T10:46:59.434+0000][24612][safepoint    ] Safepoint "Cleanup", Time since last: 1000184000 ns, Reaching safepoint: 407100 ns, At safepoint: 27500 ns, Total: 434600 ns
[2021-03-18T10:47:01.435+0000][24612][safepoint    ] Safepoint "Cleanup", Time since last: 2000676400 ns, Reaching safepoint: 173500 ns, At safepoint: 5900 ns, Total: 179400 ns
[2021-03-18T10:47:02.435+0000][24612][safepoint    ] Safepoint "Cleanup", Time since last: 1000338000 ns, Reaching safepoint: 162600 ns, At safepoint: 8700 ns, Total: 171300 ns
[2021-03-18T10:47:03.436+0000][24612][safepoint    ] Safepoint "Cleanup", Time since last: 1000215700 ns, Reaching safepoint: 148900 ns, At safepoint: 9300 ns, Total: 158200 ns
[2021-03-18T10:47:04.436+0000][24612][safepoint    ] Safepoint "Cleanup", Time since last: 1000156100 ns, Reaching safepoint: 169800 ns, At safepoint: 4000 ns, Total: 173800 ns
[2021-03-18T10:47:05.436+0000][24612][safepoint    ] Safepoint "Cleanup", Time since last: 1000321200 ns, Reaching safepoint: 382500 ns, At safepoint: 20900 ns, Total: 403400 ns
[2021-03-18T10:47:06.437+0000][24612][safepoint    ] Safepoint "Cleanup", Time since last: 1000325200 ns, Reaching safepoint: 110600 ns, At safepoint: 3000 ns, Total: 113600 ns
[2021-03-18T10:47:07.438+0000][24612][safepoint    ] Safepoint "Cleanup", Time since last: 1000479400 ns, Reaching safepoint: 155000 ns, At safepoint: 8500 ns, Total: 163500 ns
[2021-03-18T10:47:08.438+0000][24612][safepoint    ] Safepoint "Cleanup", Time since last: 1000455900 ns, Reaching safepoint: 140400 ns, At safepoint: 3500 ns, Total: 143900 ns
[2021-03-18T10:47:10.439+0000][24612][safepoint    ] Safepoint "Cleanup", Time since last: 2000403200 ns, Reaching safepoint: 185300 ns, At safepoint: 5800 ns, Total: 191100 ns
[2021-03-18T10:47:11.439+0000][24612][safepoint    ] Safepoint "Cleanup", Time since last: 1000217100 ns, Reaching safepoint: 154700 ns, At safepoint: 4700 ns, Total: 159400 ns
[2021-03-18T10:47:13.411+0000][24612][safepoint    ] Safepoint "Cleanup", Time since last: 1971882300 ns, Reaching safepoint: 161100 ns, At safepoint: 12800 ns, Total: 173900 ns
[2021-03-18T10:47:14.412+0000][24612][safepoint    ] Safepoint "Cleanup", Time since last: 1000514100 ns, Reaching safepoint: 176300 ns, At safepoint: 8600 ns, Total: 184900 ns
[2021-03-18T10:47:15.412+0000][24612][safepoint    ] Safepoint "Cleanup", Time since last: 1000114300 ns, Reaching safepoint: 135700 ns, At safepoint: 4000 ns, Total: 139700 ns
[2021-03-18T10:47:17.413+0000][24612][safepoint    ] Safepoint "Cleanup", Time since last: 2000260300 ns, Reaching safepoint: 128100 ns, At safepoint: 3200 ns, Total: 131300 ns
[2021-03-18T10:47:19.413+0000][24612][safepoint    ] Safepoint "Cleanup", Time since last: 2000687000 ns, Reaching safepoint: 585100 ns, At safepoint: 42200 ns, Total: 627300 ns
[2021-03-18T10:47:20.414+0000][24612][safepoint    ] Safepoint "Cleanup", Time since last: 1000449100 ns, Reaching safepoint: 109200 ns, At safepoint: 3900 ns, Total: 113100 ns
[2021-03-18T10:47:21.415+0000][24612][safepoint    ] Safepoint "Cleanup", Time since last: 1000605800 ns, Reaching safepoint: 109300 ns, At safepoint: 6400 ns, Total: 115700 ns
[2021-03-18T10:47:22.415+0000][24612][safepoint    ] Safepoint "Cleanup", Time since last: 1000177500 ns, Reaching safepoint: 176800 ns, At safepoint: 7900 ns, Total: 184700 ns
[2021-03-18T10:47:24.415+0000][24612][safepoint    ] Safepoint "Cleanup", Time since last: 1999903200 ns, Reaching safepoint: 140500 ns, At safepoint: 5400 ns, Total: 145900 ns
[2021-03-18T10:47:25.416+0000][24612][safepoint    ] Safepoint "Cleanup", Time since last: 1000164900 ns, Reaching safepoint: 99300 ns, At safepoint: 16800 ns, Total: 116100 ns
[2021-03-18T10:47:26.416+0000][24612][safepoint    ] Safepoint "Cleanup", Time since last: 1000577400 ns, Reaching safepoint: 163600 ns, At safepoint: 12200 ns, Total: 175800 ns
[2021-03-18T10:47:28.417+0000][24612][safepoint    ] Safepoint "Cleanup", Time since last: 2000135000 ns, Reaching safepoint: 447200 ns, At safepoint: 27300 ns, Total: 474500 ns
[2021-03-18T10:47:30.418+0000][24612][safepoint    ] Safepoint "Cleanup", Time since last: 2000432900 ns, Reaching safepoint: 110600 ns, At safepoint: 3300 ns, Total: 113900 ns
[2021-03-18T10:47:31.418+0000][24612][safepoint    ] Safepoint "Cleanup", Time since last: 1000682800 ns, Reaching safepoint: 328800 ns, At safepoint: 15700 ns, Total: 344500 ns
[2021-03-18T10:47:32.419+0000][24612][safepoint    ] Safepoint "Cleanup", Time since last: 1000709200 ns, Reaching safepoint: 161600 ns, At safepoint: 5700 ns, Total: 167300 ns
[2021-03-18T10:47:33.420+0000][24612][safepoint    ] Safepoint "Cleanup", Time since last: 1000315000 ns, Reaching safepoint: 424900 ns, At safepoint: 24500 ns, Total: 449400 ns
[2021-03-18T10:47:34.734+0000][24612][safepoint    ] Safepoint "Cleanup", Time since last: 1314018800 ns, Reaching safepoint: 113800 ns, At safepoint: 6400 ns, Total: 120200 ns
[2021-03-18T10:47:35.736+0000][24612][safepoint    ] Safepoint "Cleanup", Time since last: 1001330900 ns, Reaching safepoint: 121300 ns, At safepoint: 5800 ns, Total: 127100 ns
[2021-03-18T10:47:36.736+0000][24612][safepoint    ] Safepoint "Cleanup", Time since last: 1000460200 ns, Reaching safepoint: 113400 ns, At safepoint: 3000 ns, Total: 116400 ns
[2021-03-18T10:47:37.737+0000][24612][safepoint    ] Safepoint "Cleanup", Time since last: 1000275400 ns, Reaching safepoint: 205400 ns, At safepoint: 8100 ns, Total: 213500 ns
[2021-03-18T10:47:38.737+0000][24612][safepoint    ] Safepoint "Cleanup", Time since last: 1000528100 ns, Reaching safepoint: 200100 ns, At safepoint: 9100 ns, Total: 209200 ns
[2021-03-18T10:47:39.738+0000][24612][safepoint    ] Safepoint "Cleanup", Time since last: 1000723100 ns, Reaching safepoint: 364900 ns, At safepoint: 16500 ns, Total: 381400 ns
[2021-03-18T10:47:40.739+0000][24612][safepoint    ] Safepoint "Cleanup", Time since last: 1000221200 ns, Reaching safepoint: 221900 ns, At safepoint: 8100 ns, Total: 230000 ns
[2021-03-18T10:47:41.740+0000][24612][safepoint    ] Safepoint "Cleanup", Time since last: 1000646800 ns, Reaching safepoint: 442000 ns, At safepoint: 23500 ns, Total: 465500 ns
[2021-03-18T10:47:42.740+0000][24612][safepoint    ] Safepoint "Cleanup", Time since last: 1000009000 ns, Reaching safepoint: 402300 ns, At safepoint: 24800 ns, Total: 427100 ns
[2021-03-18T10:47:43.741+0000][24612][safepoint    ] Safepoint "Cleanup", Time since last: 1000729200 ns, Reaching safepoint: 165900 ns, At safepoint: 9200 ns, Total: 175100 ns
[2021-03-18T10:47:44.742+0000][24612][safepoint    ] Safepoint "Cleanup", Time since last: 1000237900 ns, Reaching safepoint: 152000 ns, At safepoint: 6900 ns, Total: 158900 ns
[2021-03-18T10:47:45.743+0000][24612][safepoint    ] Safepoint "Cleanup", Time since last: 1001190400 ns, Reaching safepoint: 471700 ns, At safepoint: 28200 ns, Total: 499900 ns
[2021-03-18T10:47:46.744+0000][24612][safepoint    ] Safepoint "Cleanup", Time since last: 1000583000 ns, Reaching safepoint: 387100 ns, At safepoint: 28100 ns, Total: 415200 ns
[2021-03-18T10:47:47.745+0000][24612][safepoint    ] Safepoint "Cleanup", Time since last: 1000547800 ns, Reaching safepoint: 458200 ns, At safepoint: 35600 ns, Total: 493800 ns
[2021-03-18T10:47:49.746+0000][24612][safepoint    ] Safepoint "Cleanup", Time since last: 2000753700 ns, Reaching safepoint: 384800 ns, At safepoint: 15100 ns, Total: 399900 ns
[2021-03-18T10:47:51.747+0000][24612][safepoint    ] Safepoint "Cleanup", Time since last: 2000193400 ns, Reaching safepoint: 104200 ns, At safepoint: 6600 ns, Total: 110800 ns
[2021-03-18T10:47:52.748+0000][24612][safepoint    ] Safepoint "Cleanup", Time since last: 1000532200 ns, Reaching safepoint: 347100 ns, At safepoint: 13100 ns, Total: 360200 ns
[2021-03-18T10:47:53.748+0000][24612][safepoint    ] Safepoint "Cleanup", Time since last: 1000004600 ns, Reaching safepoint: 153200 ns, At safepoint: 4300 ns, Total: 157500 ns
[2021-03-18T10:47:54.748+0000][24612][safepoint    ] Safepoint "Cleanup", Time since last: 1000034100 ns, Reaching safepoint: 114500 ns, At safepoint: 2500 ns, Total: 117000 ns
[2021-03-18T10:47:55.749+0000][24612][safepoint    ] Safepoint "Cleanup", Time since last: 1000405100 ns, Reaching safepoint: 167700 ns, At safepoint: 5400 ns, Total: 173100 ns
[2021-03-18T10:47:56.749+0000][24612][safepoint    ] Safepoint "Cleanup", Time since last: 1000656300 ns, Reaching safepoint: 193100 ns, At safepoint: 9000 ns, Total: 202100 ns
[2021-03-18T10:47:57.750+0000][24612][safepoint    ] Safepoint "Cleanup", Time since last: 1000357500 ns, Reaching safepoint: 138500 ns, At safepoint: 7800 ns, Total: 146300 ns
[2021-03-18T10:47:58.751+0000][24612][safepoint    ] Safepoint "Cleanup", Time since last: 1001007900 ns, Reaching safepoint: 144200 ns, At safepoint: 3300 ns, Total: 147500 ns
[2021-03-18T10:48:00.751+0000][24612][safepoint    ] Safepoint "Cleanup", Time since last: 2000224100 ns, Reaching safepoint: 277900 ns, At safepoint: 9500 ns, Total: 287400 ns
[2021-03-18T10:48:01.752+0000][24612][safepoint    ] Safepoint "Cleanup", Time since last: 1000463100 ns, Reaching safepoint: 145400 ns, At safepoint: 6000 ns, Total: 151400 ns
[2021-03-18T10:48:02.753+0000][24612][safepoint    ] Safepoint "Cleanup", Time since last: 1000189000 ns, Reaching safepoint: 134200 ns, At safepoint: 4800 ns, Total: 139000 ns
[2021-03-18T10:48:04.754+0000][24612][safepoint    ] Safepoint "Cleanup", Time since last: 2000877700 ns, Reaching safepoint: 105900 ns, At safepoint: 6500 ns, Total: 112400 ns
[2021-03-18T10:48:05.754+0000][24612][safepoint    ] Safepoint "Cleanup", Time since last: 1000228100 ns, Reaching safepoint: 89000 ns, At safepoint: 3100 ns, Total: 92100 ns
[2021-03-18T10:48:06.754+0000][24612][safepoint    ] Safepoint "Cleanup", Time since last: 1000237300 ns, Reaching safepoint: 94800 ns, At safepoint: 6900 ns, Total: 101700 ns
[2021-03-18T10:48:07.755+0000][24612][safepoint    ] Safepoint "Cleanup", Time since last: 1000875900 ns, Reaching safepoint: 287300 ns, At safepoint: 16300 ns, Total: 303600 ns
[2021-03-18T10:48:08.755+0000][24612][safepoint    ] Safepoint "Cleanup", Time since last: 1000011400 ns, Reaching safepoint: 176100 ns, At safepoint: 14000 ns, Total: 190100 ns
[2021-03-18T10:48:09.756+0000][24612][safepoint    ] Safepoint "Cleanup", Time since last: 1000788900 ns, Reaching safepoint: 436100 ns, At safepoint: 31600 ns, Total: 467700 ns
[2021-03-18T10:48:11.757+0000][24612][safepoint    ] Safepoint "Cleanup", Time since last: 2000619900 ns, Reaching safepoint: 128300 ns, At safepoint: 2900 ns, Total: 131200 ns
[2021-03-18T10:48:12.758+0000][24612][safepoint    ] Safepoint "Cleanup", Time since last: 1000785900 ns, Reaching safepoint: 94900 ns, At safepoint: 4000 ns, Total: 98900 ns
[2021-03-18T10:48:13.759+0000][24612][safepoint    ] Safepoint "Cleanup", Time since last: 1000441900 ns, Reaching safepoint: 376400 ns, At safepoint: 34200 ns, Total: 410600 ns
[2021-03-18T10:48:14.759+0000][24612][safepoint    ] Safepoint "Cleanup", Time since last: 1000137800 ns, Reaching safepoint: 145900 ns, At safepoint: 8000 ns, Total: 153900 ns
[2021-03-18T10:48:15.760+0000][24612][safepoint    ] Safepoint "Cleanup", Time since last: 1000932700 ns, Reaching safepoint: 379400 ns, At safepoint: 22700 ns, Total: 402100 ns
[2021-03-18T10:48:16.762+0000][24612][safepoint    ] Safepoint "Cleanup", Time since last: 1001167400 ns, Reaching safepoint: 400700 ns, At safepoint: 24500 ns, Total: 425200 ns
[2021-03-18T10:48:18.763+0000][24612][safepoint    ] Safepoint "Cleanup", Time since last: 2000738300 ns, Reaching safepoint: 382300 ns, At safepoint: 24400 ns, Total: 406700 ns
[2021-03-18T10:48:20.764+0000][24612][safepoint    ] Safepoint "Cleanup", Time since last: 2000404900 ns, Reaching safepoint: 396400 ns, At safepoint: 30700 ns, Total: 427100 ns
[2021-03-18T10:48:21.764+0000][24612][safepoint    ] Safepoint "Cleanup", Time since last: 1000028200 ns, Reaching safepoint: 162300 ns, At safepoint: 7600 ns, Total: 169900 ns
[2021-03-18T10:48:23.765+0000][24612][safepoint    ] Safepoint "Cleanup", Time since last: 2000227100 ns, Reaching safepoint: 169400 ns, At safepoint: 7200 ns, Total: 176600 ns
[2021-03-18T10:48:24.765+0000][24612][safepoint    ] Safepoint "Cleanup", Time since last: 1000188400 ns, Reaching safepoint: 105100 ns, At safepoint: 6100 ns, Total: 111200 ns
[2021-03-18T10:48:25.766+0000][24612][safepoint    ] Safepoint "Cleanup", Time since last: 1000839700 ns, Reaching safepoint: 276800 ns, At safepoint: 117700 ns, Total: 394500 ns
[2021-03-18T10:48:26.767+0000][24612][safepoint    ] Safepoint "Cleanup", Time since last: 1000187100 ns, Reaching safepoint: 155600 ns, At safepoint: 5600 ns, Total: 161200 ns
[2021-03-18T10:48:27.767+0000][24612][safepoint    ] Safepoint "Cleanup", Time since last: 1000735300 ns, Reaching safepoint: 119800 ns, At safepoint: 19600 ns, Total: 139400 ns
[2021-03-18T10:48:28.768+0000][24612][safepoint    ] Safepoint "Cleanup", Time since last: 1000155000 ns, Reaching safepoint: 322000 ns, At safepoint: 21600 ns, Total: 343600 ns
[2021-03-18T10:48:30.770+0000][24612][safepoint    ] Safepoint "Cleanup", Time since last: 2000919600 ns, Reaching safepoint: 457700 ns, At safepoint: 108000 ns, Total: 565700 ns
[2021-03-18T10:48:31.770+0000][24612][safepoint    ] Safepoint "Cleanup", Time since last: 1000284500 ns, Reaching safepoint: 694100 ns, At safepoint: 47600 ns, Total: 741700 ns
[2021-03-18T10:48:32.771+0000][24612][safepoint    ] Safepoint "Cleanup", Time since last: 1000306000 ns, Reaching safepoint: 359200 ns, At safepoint: 20200 ns, Total: 379400 ns
[2021-03-18T10:48:33.772+0000][24612][safepoint    ] Safepoint "Cleanup", Time since last: 1000417200 ns, Reaching safepoint: 272900 ns, At safepoint: 20300 ns, Total: 293200 ns
[2021-03-18T10:48:35.772+0000][24612][safepoint    ] Safepoint "Cleanup", Time since last: 2000510000 ns, Reaching safepoint: 477300 ns, At safepoint: 40800 ns, Total: 518100 ns
[2021-03-18T10:48:36.774+0000][24612][safepoint    ] Safepoint "Cleanup", Time since last: 1001186800 ns, Reaching safepoint: 460400 ns, At safepoint: 32900 ns, Total: 493300 ns
[2021-03-18T10:48:37.774+0000][24612][safepoint    ] Safepoint "Cleanup", Time since last: 1000007400 ns, Reaching safepoint: 113000 ns, At safepoint: 4500 ns, Total: 117500 ns
[2021-03-18T10:48:38.775+0000][24612][safepoint    ] Safepoint "Cleanup", Time since last: 1000132500 ns, Reaching safepoint: 304200 ns, At safepoint: 11200 ns, Total: 315400 ns
[2021-03-18T10:48:40.775+0000][24612][safepoint    ] Safepoint "Cleanup", Time since last: 2000340600 ns, Reaching safepoint: 160000 ns, At safepoint: 6200 ns, Total: 166200 ns
[2021-03-18T10:48:41.776+0000][24612][safepoint    ] Safepoint "Cleanup", Time since last: 1000460700 ns, Reaching safepoint: 404100 ns, At safepoint: 24700 ns, Total: 428800 ns
[2021-03-18T10:48:42.777+0000][24612][safepoint    ] Safepoint "Cleanup", Time since last: 1000657100 ns, Reaching safepoint: 173700 ns, At safepoint: 4100 ns, Total: 177800 ns
[2021-03-18T10:48:43.777+0000][24612][safepoint    ] Safepoint "Cleanup", Time since last: 1000181800 ns, Reaching safepoint: 134800 ns, At safepoint: 3300 ns, Total: 138100 ns
[2021-03-18T10:48:44.778+0000][24612][safepoint    ] Safepoint "Cleanup", Time since last: 1000201300 ns, Reaching safepoint: 135000 ns, At safepoint: 3200 ns, Total: 138200 ns
[2021-03-18T10:48:45.778+0000][24612][safepoint    ] Safepoint "Cleanup", Time since last: 1000414100 ns, Reaching safepoint: 130100 ns, At safepoint: 21100 ns, Total: 151200 ns
[2021-03-18T10:48:46.779+0000][24612][safepoint    ] Safepoint "Cleanup", Time since last: 1000358100 ns, Reaching safepoint: 453000 ns, At safepoint: 24400 ns, Total: 477400 ns
[2021-03-18T10:48:47.780+0000][24612][safepoint    ] Safepoint "Cleanup", Time since last: 1000447600 ns, Reaching safepoint: 138400 ns, At safepoint: 7700 ns, Total: 146100 ns
[2021-03-18T10:48:48.780+0000][24612][safepoint    ] Safepoint "Cleanup", Time since last: 1000011100 ns, Reaching safepoint: 118300 ns, At safepoint: 8500 ns, Total: 126800 ns
[2021-03-18T10:48:49.780+0000][24612][safepoint    ] Safepoint "Cleanup", Time since last: 1000280500 ns, Reaching safepoint: 139300 ns, At safepoint: 20800 ns, Total: 160100 ns
[2021-03-18T10:48:51.781+0000][24612][safepoint    ] Safepoint "Cleanup", Time since last: 2000418000 ns, Reaching safepoint: 176600 ns, At safepoint: 4000 ns, Total: 180600 ns
[2021-03-18T10:48:53.781+0000][24612][safepoint    ] Safepoint "Cleanup", Time since last: 2000436500 ns, Reaching safepoint: 181800 ns, At safepoint: 6000 ns, Total: 187800 ns
[2021-03-18T10:48:54.782+0000][24612][safepoint    ] Safepoint "Cleanup", Time since last: 1000213600 ns, Reaching safepoint: 151700 ns, At safepoint: 7000 ns, Total: 158700 ns
[2021-03-18T10:48:55.783+0000][24612][safepoint    ] Safepoint "Cleanup", Time since last: 1000854000 ns, Reaching safepoint: 162000 ns, At safepoint: 7900 ns, Total: 169900 ns
[2021-03-18T10:48:56.784+0000][24612][safepoint    ] Safepoint "Cleanup", Time since last: 1000737800 ns, Reaching safepoint: 321500 ns, At safepoint: 18300 ns, Total: 339800 ns
[2021-03-18T10:48:57.785+0000][24612][safepoint    ] Safepoint "Cleanup", Time since last: 1000891300 ns, Reaching safepoint: 147500 ns, At safepoint: 8000 ns, Total: 155500 ns
[2021-03-18T10:48:58.786+0000][24612][safepoint    ] Safepoint "Cleanup", Time since last: 1000818100 ns, Reaching safepoint: 169100 ns, At safepoint: 7600 ns, Total: 176700 ns
[2021-03-18T10:48:59.787+0000][24612][safepoint    ] Safepoint "Cleanup", Time since last: 1000612000 ns, Reaching safepoint: 139600 ns, At safepoint: 3600 ns, Total: 143200 ns
[2021-03-18T10:49:00.788+0000][24612][safepoint    ] Safepoint "Cleanup", Time since last: 1000787000 ns, Reaching safepoint: 131000 ns, At safepoint: 5400 ns, Total: 136400 ns
[2021-03-18T10:49:01.788+0000][24612][safepoint    ] Safepoint "Cleanup", Time since last: 1000303600 ns, Reaching safepoint: 181100 ns, At safepoint: 8800 ns, Total: 189900 ns
[2021-03-18T10:49:02.789+0000][24612][safepoint    ] Safepoint "Cleanup", Time since last: 1000722600 ns, Reaching safepoint: 144600 ns, At safepoint: 4200 ns, Total: 148800 ns
[2021-03-18T10:49:03.790+0000][24612][safepoint    ] Safepoint "Cleanup", Time since last: 1000872300 ns, Reaching safepoint: 140400 ns, At safepoint: 6000 ns, Total: 146400 ns
[2021-03-18T10:49:04.790+0000][24612][safepoint    ] Safepoint "Cleanup", Time since last: 1000239100 ns, Reaching safepoint: 150700 ns, At safepoint: 3500 ns, Total: 154200 ns
[2021-03-18T10:49:05.791+0000][24612][safepoint    ] Safepoint "Cleanup", Time since last: 1000283400 ns, Reaching safepoint: 183500 ns, At safepoint: 5100 ns, Total: 188600 ns
[2021-03-18T10:49:06.791+0000][24612][safepoint    ] Safepoint "Cleanup", Time since last: 1000208700 ns, Reaching safepoint: 137700 ns, At safepoint: 4600 ns, Total: 142300 ns
[2021-03-18T10:49:07.792+0000][24612][safepoint    ] Safepoint "Cleanup", Time since last: 1000473300 ns, Reaching safepoint: 149500 ns, At safepoint: 8700 ns, Total: 158200 ns
[2021-03-18T10:49:08.792+0000][24612][safepoint    ] Safepoint "Cleanup", Time since last: 1000200200 ns, Reaching safepoint: 149700 ns, At safepoint: 4300 ns, Total: 154000 ns
[2021-03-18T10:49:10.792+0000][24612][safepoint    ] Safepoint "Cleanup", Time since last: 2000001600 ns, Reaching safepoint: 121800 ns, At safepoint: 19600 ns, Total: 141400 ns
[2021-03-18T10:49:11.792+0000][24612][safepoint    ] Safepoint "Cleanup", Time since last: 1000099400 ns, Reaching safepoint: 88100 ns, At safepoint: 2700 ns, Total: 90800 ns
[2021-03-18T10:49:12.793+0000][24612][safepoint    ] Safepoint "Cleanup", Time since last: 1000863600 ns, Reaching safepoint: 137400 ns, At safepoint: 5400 ns, Total: 142800 ns
[2021-03-18T10:49:13.794+0000][24612][safepoint    ] Safepoint "Cleanup", Time since last: 1000281500 ns, Reaching safepoint: 248700 ns, At safepoint: 12200 ns, Total: 260900 ns
[2021-03-18T10:49:14.794+0000][24612][safepoint    ] Safepoint "Cleanup", Time since last: 1000142100 ns, Reaching safepoint: 161000 ns, At safepoint: 6000 ns, Total: 167000 ns
[2021-03-18T10:49:15.794+0000][24612][safepoint    ] Safepoint "Cleanup", Time since last: 1000070000 ns, Reaching safepoint: 261400 ns, At safepoint: 13300 ns, Total: 274700 ns
[2021-03-18T10:49:16.795+0000][24612][safepoint    ] Safepoint "Cleanup", Time since last: 1000535400 ns, Reaching safepoint: 87800 ns, At safepoint: 3100 ns, Total: 90900 ns
[2021-03-18T10:49:17.795+0000][24612][safepoint    ] Safepoint "Cleanup", Time since last: 1000273700 ns, Reaching safepoint: 147900 ns, At safepoint: 4800 ns, Total: 152700 ns
[2021-03-18T10:49:18.796+0000][24612][safepoint    ] Safepoint "Cleanup", Time since last: 1000281100 ns, Reaching safepoint: 565600 ns, At safepoint: 35600 ns, Total: 601200 ns
[2021-03-18T10:49:19.807+0000][24612][safepoint    ] Safepoint "Cleanup", Time since last: 1010067400 ns, Reaching safepoint: 135200 ns, At safepoint: 8000 ns, Total: 143200 ns
[2021-03-18T10:49:20.807+0000][24612][safepoint    ] Safepoint "Cleanup", Time since last: 1000473200 ns, Reaching safepoint: 124600 ns, At safepoint: 9400 ns, Total: 134000 ns
[2021-03-18T10:49:21.807+0000][24612][safepoint    ] Safepoint "Cleanup", Time since last: 1000066000 ns, Reaching safepoint: 148600 ns, At safepoint: 5300 ns, Total: 153900 ns
[2021-03-18T10:49:22.808+0000][24612][safepoint    ] Safepoint "Cleanup", Time since last: 1000270000 ns, Reaching safepoint: 156600 ns, At safepoint: 4600 ns, Total: 161200 ns
[2021-03-18T10:49:23.808+0000][24612][safepoint    ] Safepoint "Cleanup", Time since last: 1000512600 ns, Reaching safepoint: 241000 ns, At safepoint: 8400 ns, Total: 249400 ns
[2021-03-18T10:49:24.809+0000][24612][safepoint    ] Safepoint "Cleanup", Time since last: 1000169000 ns, Reaching safepoint: 166400 ns, At safepoint: 5700 ns, Total: 172100 ns
[2021-03-18T10:49:25.809+0000][24612][safepoint    ] Safepoint "Cleanup", Time since last: 1000068600 ns, Reaching safepoint: 162800 ns, At safepoint: 5800 ns, Total: 168600 ns
[2021-03-18T10:49:26.810+0000][24612][safepoint    ] Safepoint "Cleanup", Time since last: 1000346700 ns, Reaching safepoint: 125900 ns, At safepoint: 4000 ns, Total: 129900 ns
[2021-03-18T10:49:28.810+0000][24612][safepoint    ] Safepoint "Cleanup", Time since last: 2000277100 ns, Reaching safepoint: 340700 ns, At safepoint: 19000 ns, Total: 359700 ns
[2021-03-18T10:49:29.810+0000][24612][safepoint    ] Safepoint "Cleanup", Time since last: 1000086600 ns, Reaching safepoint: 351100 ns, At safepoint: 48500 ns, Total: 399600 ns
[2021-03-18T10:49:31.811+0000][24612][safepoint    ] Safepoint "Cleanup", Time since last: 2000769900 ns, Reaching safepoint: 319000 ns, At safepoint: 13200 ns, Total: 332200 ns
[2021-03-18T10:49:33.812+0000][24612][safepoint    ] Safepoint "Cleanup", Time since last: 2000615600 ns, Reaching safepoint: 223100 ns, At safepoint: 8400 ns, Total: 231500 ns
[2021-03-18T10:49:34.813+0000][24612][safepoint    ] Safepoint "Cleanup", Time since last: 1000370700 ns, Reaching safepoint: 183100 ns, At safepoint: 11800 ns, Total: 194900 ns
[2021-03-18T10:49:35.814+0000][24612][safepoint    ] Safepoint "Cleanup", Time since last: 1000324300 ns, Reaching safepoint: 126900 ns, At safepoint: 3900 ns, Total: 130800 ns
[2021-03-18T10:49:36.814+0000][24612][safepoint    ] Safepoint "Cleanup", Time since last: 1000251100 ns, Reaching safepoint: 323200 ns, At safepoint: 9900 ns, Total: 333100 ns
[2021-03-18T10:49:38.815+0000][24612][safepoint    ] Safepoint "Cleanup", Time since last: 2000600900 ns, Reaching safepoint: 150900 ns, At safepoint: 3700 ns, Total: 154600 ns
[2021-03-18T10:49:39.815+0000][24612][safepoint    ] Safepoint "Cleanup", Time since last: 1000272100 ns, Reaching safepoint: 206200 ns, At safepoint: 11900 ns, Total: 218100 ns
[2021-03-18T10:49:41.815+0000][24612][safepoint    ] Safepoint "Cleanup", Time since last: 1999916000 ns, Reaching safepoint: 130700 ns, At safepoint: 6500 ns, Total: 137200 ns
[2021-03-18T10:49:42.816+0000][24612][safepoint    ] Safepoint "Cleanup", Time since last: 1000410500 ns, Reaching safepoint: 175800 ns, At safepoint: 7900 ns, Total: 183700 ns
[2021-03-18T10:49:43.816+0000][24612][safepoint    ] Safepoint "Cleanup", Time since last: 1000240600 ns, Reaching safepoint: 373800 ns, At safepoint: 13900 ns, Total: 387700 ns
[2021-03-18T10:49:44.817+0000][24612][safepoint    ] Safepoint "Cleanup", Time since last: 1000316800 ns, Reaching safepoint: 415500 ns, At safepoint: 25400 ns, Total: 440900 ns
[2021-03-18T10:49:46.818+0000][24612][safepoint    ] Safepoint "Cleanup", Time since last: 2000276800 ns, Reaching safepoint: 156400 ns, At safepoint: 5400 ns, Total: 161800 ns
[2021-03-18T10:49:47.818+0000][24612][safepoint    ] Safepoint "Cleanup", Time since last: 1000580400 ns, Reaching safepoint: 342100 ns, At safepoint: 17300 ns, Total: 359400 ns
[2021-03-18T10:49:48.819+0000][24612][safepoint    ] Safepoint "Cleanup", Time since last: 1000513700 ns, Reaching safepoint: 129900 ns, At safepoint: 3900 ns, Total: 133800 ns
[2021-03-18T10:49:49.820+0000][24612][safepoint    ] Safepoint "Cleanup", Time since last: 1000276800 ns, Reaching safepoint: 146800 ns, At safepoint: 5600 ns, Total: 152400 ns
[2021-03-18T10:49:50.820+0000][24612][safepoint    ] Safepoint "Cleanup", Time since last: 1000369400 ns, Reaching safepoint: 372400 ns, At safepoint: 14600 ns, Total: 387000 ns
[2021-03-18T10:49:52.821+0000][24612][safepoint    ] Safepoint "Cleanup", Time since last: 2000190400 ns, Reaching safepoint: 152200 ns, At safepoint: 5200 ns, Total: 157400 ns
[2021-03-18T10:49:53.822+0000][24612][safepoint    ] Safepoint "Cleanup", Time since last: 1001071200 ns, Reaching safepoint: 137700 ns, At safepoint: 3000 ns, Total: 140700 ns
[2021-03-18T10:49:54.822+0000][24612][safepoint    ] Safepoint "Cleanup", Time since last: 1000404900 ns, Reaching safepoint: 258000 ns, At safepoint: 15900 ns, Total: 273900 ns
[2021-03-18T10:49:55.823+0000][24612][safepoint    ] Safepoint "Cleanup", Time since last: 1000008500 ns, Reaching safepoint: 354800 ns, At safepoint: 20900 ns, Total: 375700 ns
[2021-03-18T10:49:57.823+0000][24612][safepoint    ] Safepoint "Cleanup", Time since last: 2000152500 ns, Reaching safepoint: 583400 ns, At safepoint: 32400 ns, Total: 615800 ns
[2021-03-18T10:49:58.824+0000][24612][safepoint    ] Safepoint "Cleanup", Time since last: 1000497600 ns, Reaching safepoint: 434700 ns, At safepoint: 27800 ns, Total: 462500 ns
[2021-03-18T10:49:59.825+0000][24612][safepoint    ] Safepoint "Cleanup", Time since last: 1000510800 ns, Reaching safepoint: 129200 ns, At safepoint: 3900 ns, Total: 133100 ns
[2021-03-18T10:50:00.826+0000][24612][safepoint    ] Safepoint "Cleanup", Time since last: 1000487700 ns, Reaching safepoint: 191300 ns, At safepoint: 9300 ns, Total: 200600 ns
[2021-03-18T10:50:02.826+0000][24612][safepoint    ] Safepoint "Cleanup", Time since last: 2000058300 ns, Reaching safepoint: 195200 ns, At safepoint: 8800 ns, Total: 204000 ns
[2021-03-18T10:50:03.827+0000][24612][safepoint    ] Safepoint "Cleanup", Time since last: 1000607600 ns, Reaching safepoint: 251800 ns, At safepoint: 13000 ns, Total: 264800 ns
[2021-03-18T10:50:04.827+0000][24612][safepoint    ] Safepoint "Cleanup", Time since last: 1000078700 ns, Reaching safepoint: 196200 ns, At safepoint: 19800 ns, Total: 216000 ns
[2021-03-18T10:50:05.828+0000][24612][safepoint    ] Safepoint "Cleanup", Time since last: 1000464100 ns, Reaching safepoint: 163400 ns, At safepoint: 13300 ns, Total: 176700 ns
[2021-03-18T10:50:06.828+0000][24612][safepoint    ] Safepoint "Cleanup", Time since last: 1000036600 ns, Reaching safepoint: 145300 ns, At safepoint: 3000 ns, Total: 148300 ns
[2021-03-18T10:50:07.987+0000][24612][safepoint    ] Safepoint "Cleanup", Time since last: 1159099400 ns, Reaching safepoint: 199000 ns, At safepoint: 6700 ns, Total: 205700 ns
[2021-03-18T10:50:08.988+0000][24612][safepoint    ] Safepoint "Cleanup", Time since last: 1000286700 ns, Reaching safepoint: 156600 ns, At safepoint: 3400 ns, Total: 160000 ns
[2021-03-18T10:50:09.988+0000][24612][safepoint    ] Safepoint "Cleanup", Time since last: 1000299300 ns, Reaching safepoint: 206300 ns, At safepoint: 9500 ns, Total: 215800 ns
[2021-03-18T10:50:10.989+0000][24612][safepoint    ] Safepoint "Cleanup", Time since last: 1000463500 ns, Reaching safepoint: 194300 ns, At safepoint: 12200 ns, Total: 206500 ns
[2021-03-18T10:50:11.989+0000][24612][safepoint    ] Safepoint "Cleanup", Time since last: 1000222400 ns, Reaching safepoint: 133900 ns, At safepoint: 14900 ns, Total: 148800 ns
[2021-03-18T10:50:12.990+0000][24612][safepoint    ] Safepoint "Cleanup", Time since last: 1000827200 ns, Reaching safepoint: 148000 ns, At safepoint: 4500 ns, Total: 152500 ns
[2021-03-18T10:50:13.990+0000][24612][safepoint    ] Safepoint "Cleanup", Time since last: 1000003100 ns, Reaching safepoint: 127400 ns, At safepoint: 11200 ns, Total: 138600 ns
[2021-03-18T10:50:14.991+0000][24612][safepoint    ] Safepoint "Cleanup", Time since last: 1000811100 ns, Reaching safepoint: 115200 ns, At safepoint: 3700 ns, Total: 118900 ns
[2021-03-18T10:50:15.992+0000][24612][safepoint    ] Safepoint "Cleanup", Time since last: 1000547600 ns, Reaching safepoint: 152300 ns, At safepoint: 10200 ns, Total: 162500 ns
[2021-03-18T10:50:16.992+0000][24612][safepoint    ] Safepoint "Cleanup", Time since last: 1000282600 ns, Reaching safepoint: 140600 ns, At safepoint: 4000 ns, Total: 144600 ns
[2021-03-18T10:50:17.993+0000][24612][safepoint    ] Safepoint "Cleanup", Time since last: 1000850700 ns, Reaching safepoint: 126100 ns, At safepoint: 3300 ns, Total: 129400 ns
[2021-03-18T10:50:18.330+0000][24612][safepoint    ] Safepoint "BulkRevokeBias", Time since last: 335077700 ns, Reaching safepoint: 247500 ns, At safepoint: 1510400 ns, Total: 1757900 ns
[2021-03-18T10:50:18.641+0000][24612][safepoint    ] Safepoint "BulkRevokeBias", Time since last: 309603700 ns, Reaching safepoint: 338000 ns, At safepoint: 1038900 ns, Total: 1376900 ns
[2021-03-18T10:50:18.642+0000][24612][safepoint    ] Safepoint "BulkRevokeBias", Time since last: 137700 ns, Reaching safepoint: 148400 ns, At safepoint: 874300 ns, Total: 1022700 ns
[2021-03-18T10:50:18.643+0000][24612][safepoint    ] Safepoint "BulkRevokeBias", Time since last: 61700 ns, Reaching safepoint: 87500 ns, At safepoint: 813400 ns, Total: 900900 ns
[2021-03-18T10:50:18.645+0000][24612][safepoint    ] Safepoint "BulkRevokeBias", Time since last: 625800 ns, Reaching safepoint: 251500 ns, At safepoint: 878900 ns, Total: 1130400 ns
[2021-03-18T10:50:18.646+0000][24612][safepoint    ] Safepoint "BulkRevokeBias", Time since last: 80300 ns, Reaching safepoint: 143200 ns, At safepoint: 802100 ns, Total: 945300 ns
[2021-03-18T10:50:18.648+0000][24612][safepoint    ] Safepoint "BulkRevokeBias", Time since last: 404400 ns, Reaching safepoint: 161800 ns, At safepoint: 740900 ns, Total: 902700 ns
[2021-03-18T10:50:18.650+0000][24612][safepoint    ] Safepoint "BulkRevokeBias", Time since last: 1480200 ns, Reaching safepoint: 181200 ns, At safepoint: 886200 ns, Total: 1067400 ns
