[2020-09-03T11:14:11.015+0000][23984][gc,heap] Heap region size: 1M
[2020-09-03T11:14:11.016+0000][23984][gc,heap,coops] Heap address: 0x00000000c0000000, size: 1024 MB, Compressed Oops mode: 32-bit
[2020-09-03T11:14:11.462+0000][23984][gc           ] Using G1
[2020-09-03T11:14:11.481+0000][23984][gc           ] Periodic GC disabled
[2020-09-03T11:14:12.216+0000][23984][safepoint    ] Safepoint "ICBufferFull", Time since last: 744669300 ns, Reaching safepoint: 180200 ns, At safepoint: 48800 ns, Total: 229000 ns
[2020-09-03T11:14:12.942+0000][23984][safepoint    ] Safepoint "ICBufferFull", Time since last: 724628000 ns, Reaching safepoint: 148800 ns, At safepoint: 64000 ns, Total: 212800 ns
[2020-09-03T11:14:13.346+0000][23984][gc,start     ] GC(0) Pause Young (Normal) (G1 Evacuation Pause)
[2020-09-03T11:14:13.347+0000][23984][gc,task      ] GC(0) Using 8 workers of 8 for evacuation
[2020-09-03T11:14:13.347+0000][23984][gc,age       ] GC(0) Desired survivor size 3670016 bytes, new threshold 15 (max threshold 15)
[2020-09-03T11:14:13.351+0000][23984][gc,age       ] GC(0) Age table with threshold 15 (max threshold 15)
[2020-09-03T11:14:13.352+0000][23984][gc,age       ] GC(0) - age   1:    5162776 bytes,    5162776 total
[2020-09-03T11:14:13.352+0000][23984][gc,phases    ] GC(0)   Pre Evacuate Collection Set: 0.1ms
[2020-09-03T11:14:13.352+0000][23984][gc,phases    ] GC(0)   Merge Heap Roots: 0.1ms
[2020-09-03T11:14:13.352+0000][23984][gc,phases    ] GC(0)   Evacuate Collection Set: 3.7ms
[2020-09-03T11:14:13.352+0000][23984][gc,phases    ] GC(0)   Post Evacuate Collection Set: 0.8ms
[2020-09-03T11:14:13.352+0000][23984][gc,phases    ] GC(0)   Other: 0.9ms
[2020-09-03T11:14:13.352+0000][23984][gc,heap      ] GC(0) Eden regions: 51->0(56)
[2020-09-03T11:14:13.352+0000][23984][gc,heap      ] GC(0) Survivor regions: 0->6(7)
[2020-09-03T11:14:13.352+0000][23984][gc,heap      ] GC(0) Old regions: 0->0
[2020-09-03T11:14:13.352+0000][23984][gc,heap      ] GC(0) Archive regions: 0->0
[2020-09-03T11:14:13.352+0000][23984][gc,heap      ] GC(0) Humongous regions: 1->1
[2020-09-03T11:14:13.352+0000][23984][gc,metaspace ] GC(0) Metaspace: 12570K(13056K)->12570K(13056K) NonClass: 11032K(11264K)->11032K(11264K) Class: 1537K(1792K)->1537K(1792K)
[2020-09-03T11:14:13.352+0000][23984][gc           ] GC(0) Pause Young (Normal) (G1 Evacuation Pause) 52M->6M(1024M) 5.831ms
[2020-09-03T11:14:13.352+0000][23984][gc,cpu       ] GC(0) User=0.00s Sys=0.00s Real=0.01s
[2020-09-03T11:14:13.352+0000][23984][safepoint    ] Safepoint "G1CollectForAllocation", Time since last: 404605900 ns, Reaching safepoint: 124400 ns, At safepoint: 5969800 ns, Total: 6094200 ns
[2020-09-03T11:14:13.763+0000][23984][safepoint    ] Safepoint "BulkRevokeBias", Time since last: 411191100 ns, Reaching safepoint: 127400 ns, At safepoint: 152500 ns, Total: 279900 ns
[2020-09-03T11:14:13.931+0000][23984][gc,start     ] GC(1) Pause Young (Normal) (G1 Evacuation Pause)
[2020-09-03T11:14:13.931+0000][23984][gc,task      ] GC(1) Using 8 workers of 8 for evacuation
[2020-09-03T11:14:13.931+0000][23984][gc,age       ] GC(1) Desired survivor size 4194304 bytes, new threshold 1 (max threshold 15)
[2020-09-03T11:14:13.936+0000][23984][gc,age       ] GC(1) Age table with threshold 1 (max threshold 15)
[2020-09-03T11:14:13.936+0000][23984][gc,age       ] GC(1) - age   1:    1216072 bytes,    1216072 total
[2020-09-03T11:14:13.936+0000][23984][gc,phases    ] GC(1)   Pre Evacuate Collection Set: 0.1ms
[2020-09-03T11:14:13.936+0000][23984][gc,phases    ] GC(1)   Merge Heap Roots: 0.1ms
[2020-09-03T11:14:13.936+0000][23984][gc,phases    ] GC(1)   Evacuate Collection Set: 3.8ms
[2020-09-03T11:14:13.936+0000][23984][gc,phases    ] GC(1)   Post Evacuate Collection Set: 0.5ms
[2020-09-03T11:14:13.936+0000][23984][gc,phases    ] GC(1)   Other: 0.2ms
[2020-09-03T11:14:13.936+0000][23984][gc,heap      ] GC(1) Eden regions: 56->0(612)
[2020-09-03T11:14:13.936+0000][23984][gc,heap      ] GC(1) Survivor regions: 6->2(8)
[2020-09-03T11:14:13.936+0000][23984][gc,heap      ] GC(1) Old regions: 0->5
[2020-09-03T11:14:13.936+0000][23984][gc,heap      ] GC(1) Archive regions: 0->0
[2020-09-03T11:14:13.936+0000][23984][gc,heap      ] GC(1) Humongous regions: 1->1
[2020-09-03T11:14:13.936+0000][23984][gc,metaspace ] GC(1) Metaspace: 15007K(15616K)->15007K(15616K) NonClass: 13210K(13568K)->13210K(13568K) Class: 1797K(2048K)->1797K(2048K)
[2020-09-03T11:14:13.936+0000][23984][gc           ] GC(1) Pause Young (Normal) (G1 Evacuation Pause) 62M->7M(1024M) 4.930ms
[2020-09-03T11:14:13.936+0000][23984][gc,cpu       ] GC(1) User=0.13s Sys=0.00s Real=0.01s
[2020-09-03T11:14:13.936+0000][23984][safepoint    ] Safepoint "G1CollectForAllocation", Time since last: 167855900 ns, Reaching safepoint: 83400 ns, At safepoint: 5015200 ns, Total: 5098600 ns
[2020-09-03T11:14:13.937+0000][23984][safepoint    ] Safepoint "BulkRevokeBias", Time since last: 215400 ns, Reaching safepoint: 48100 ns, At safepoint: 70400 ns, Total: 118500 ns
[2020-09-03T11:14:13.937+0000][23984][safepoint    ] Safepoint "BulkRevokeBias", Time since last: 414900 ns, Reaching safepoint: 39300 ns, At safepoint: 75800 ns, Total: 115100 ns
[2020-09-03T11:14:13.937+0000][23984][safepoint    ] Safepoint "BulkRevokeBias", Time since last: 82200 ns, Reaching safepoint: 42100 ns, At safepoint: 54200 ns, Total: 96300 ns
[2020-09-03T11:14:14.697+0000][23984][safepoint    ] Safepoint "ICBufferFull", Time since last: 759313500 ns, Reaching safepoint: 169200 ns, At safepoint: 19600 ns, Total: 188800 ns
[2020-09-03T11:14:15.737+0000][23984][safepoint    ] Safepoint "Cleanup", Time since last: 1040535600 ns, Reaching safepoint: 77400 ns, At safepoint: 1600 ns, Total: 79000 ns
[2020-09-03T11:14:15.972+0000][23984][gc,start     ] GC(2) Pause Young (Concurrent Start) (Metadata GC Threshold)
[2020-09-03T11:14:15.972+0000][23984][gc,task      ] GC(2) Using 8 workers of 8 for evacuation
[2020-09-03T11:14:15.972+0000][23984][gc,age       ] GC(2) Desired survivor size 40370176 bytes, new threshold 15 (max threshold 15)
[2020-09-03T11:14:15.977+0000][23984][gc,age       ] GC(2) Age table with threshold 15 (max threshold 15)
[2020-09-03T11:14:15.977+0000][23984][gc,age       ] GC(2) - age   1:    6399296 bytes,    6399296 total
[2020-09-03T11:14:15.977+0000][23984][gc,age       ] GC(2) - age   2:    1188448 bytes,    7587744 total
[2020-09-03T11:14:15.977+0000][23984][gc,phases    ] GC(2)   Pre Evacuate Collection Set: 0.1ms
[2020-09-03T11:14:15.977+0000][23984][gc,phases    ] GC(2)   Merge Heap Roots: 0.1ms
[2020-09-03T11:14:15.977+0000][23984][gc,phases    ] GC(2)   Evacuate Collection Set: 3.8ms
[2020-09-03T11:14:15.977+0000][23984][gc,phases    ] GC(2)   Post Evacuate Collection Set: 0.8ms
[2020-09-03T11:14:15.978+0000][23984][gc,phases    ] GC(2)   Other: 0.8ms
[2020-09-03T11:14:15.978+0000][23984][gc,heap      ] GC(2) Eden regions: 348->0(479)
[2020-09-03T11:14:15.978+0000][23984][gc,heap      ] GC(2) Survivor regions: 2->8(77)
[2020-09-03T11:14:15.978+0000][23984][gc,heap      ] GC(2) Old regions: 5->5
[2020-09-03T11:14:15.978+0000][23984][gc,heap      ] GC(2) Archive regions: 0->0
[2020-09-03T11:14:15.978+0000][23984][gc,heap      ] GC(2) Humongous regions: 1->1
[2020-09-03T11:14:15.978+0000][23984][gc,metaspace ] GC(2) Metaspace: 20183K(21248K)->20183K(21248K) NonClass: 17783K(18432K)->17783K(18432K) Class: 2400K(2816K)->2400K(2816K)
[2020-09-03T11:14:15.978+0000][23984][gc           ] GC(2) Pause Young (Concurrent Start) (Metadata GC Threshold) 355M->13M(1024M) 5.795ms
[2020-09-03T11:14:15.978+0000][23984][gc,cpu       ] GC(2) User=0.00s Sys=0.00s Real=0.01s
[2020-09-03T11:14:15.978+0000][23984][gc           ] GC(3) Concurrent Cycle
[2020-09-03T11:14:15.978+0000][23984][gc,marking   ] GC(3) Concurrent Clear Claimed Marks
[2020-09-03T11:14:15.978+0000][23984][gc,marking   ] GC(3) Concurrent Clear Claimed Marks 0.051ms
[2020-09-03T11:14:15.978+0000][23984][gc,marking   ] GC(3) Concurrent Scan Root Regions
[2020-09-03T11:14:15.978+0000][23984][safepoint    ] Safepoint "CollectForMetadataAllocation", Time since last: 234283600 ns, Reaching safepoint: 119100 ns, At safepoint: 6064300 ns, Total: 6183400 ns
[2020-09-03T11:14:15.979+0000][23984][safepoint    ] Safepoint "BulkRevokeBias", Time since last: 1096900 ns, Reaching safepoint: 283700 ns, At safepoint: 122100 ns, Total: 405800 ns
[2020-09-03T11:14:15.981+0000][23984][gc,marking   ] GC(3) Concurrent Scan Root Regions 2.597ms
[2020-09-03T11:14:15.981+0000][23984][gc,marking   ] GC(3) Concurrent Mark (4.982s)
[2020-09-03T11:14:15.981+0000][23984][gc,marking   ] GC(3) Concurrent Mark From Roots
[2020-09-03T11:14:15.981+0000][23984][gc,task      ] GC(3) Using 2 workers of 2 for marking
[2020-09-03T11:14:15.982+0000][23984][safepoint    ] Safepoint "BulkRevokeBias", Time since last: 2772800 ns, Reaching safepoint: 220400 ns, At safepoint: 63500 ns, Total: 283900 ns
[2020-09-03T11:14:15.983+0000][23984][safepoint    ] Safepoint "BulkRevokeBias", Time since last: 64800 ns, Reaching safepoint: 193800 ns, At safepoint: 60900 ns, Total: 254700 ns
[2020-09-03T11:14:15.984+0000][23984][safepoint    ] Safepoint "BulkRevokeBias", Time since last: 1096900 ns, Reaching safepoint: 196900 ns, At safepoint: 110700 ns, Total: 307600 ns
[2020-09-03T11:14:15.989+0000][23984][gc,marking   ] GC(3) Concurrent Mark From Roots 7.964ms
[2020-09-03T11:14:15.989+0000][23984][gc,marking   ] GC(3) Concurrent Preclean
[2020-09-03T11:14:15.989+0000][23984][gc,marking   ] GC(3) Concurrent Preclean 0.129ms
[2020-09-03T11:14:15.989+0000][23984][gc,marking   ] GC(3) Concurrent Mark (4.982s, 4.991s) 8.178ms
[2020-09-03T11:14:15.989+0000][23984][gc,start     ] GC(3) Pause Remark
[2020-09-03T11:14:15.991+0000][23984][gc           ] GC(3) Pause Remark 15M->15M(1024M) 1.746ms
[2020-09-03T11:14:15.991+0000][23984][gc,cpu       ] GC(3) User=0.00s Sys=0.00s Real=0.00s
[2020-09-03T11:14:15.991+0000][23984][safepoint    ] Safepoint "G1Concurrent", Time since last: 4575000 ns, Reaching safepoint: 43700 ns, At safepoint: 1835200 ns, Total: 1878900 ns
[2020-09-03T11:14:15.991+0000][23984][gc,marking   ] GC(3) Concurrent Rebuild Remembered Sets
[2020-09-03T11:14:15.994+0000][23984][gc,marking   ] GC(3) Concurrent Rebuild Remembered Sets 3.094ms
[2020-09-03T11:14:15.994+0000][23984][gc,start     ] GC(3) Pause Cleanup
[2020-09-03T11:14:15.994+0000][23984][gc           ] GC(3) Pause Cleanup 15M->15M(1024M) 0.152ms
[2020-09-03T11:14:15.995+0000][23984][gc,cpu       ] GC(3) User=0.00s Sys=0.00s Real=0.00s
[2020-09-03T11:14:15.995+0000][23984][safepoint    ] Safepoint "G1Concurrent", Time since last: 3250400 ns, Reaching safepoint: 381300 ns, At safepoint: 242500 ns, Total: 623800 ns
[2020-09-03T11:14:15.995+0000][23984][gc,marking   ] GC(3) Concurrent Cleanup for Next Mark
[2020-09-03T11:14:15.996+0000][23984][gc,marking   ] GC(3) Concurrent Cleanup for Next Mark 1.296ms
[2020-09-03T11:14:15.996+0000][23984][gc           ] GC(3) Concurrent Cycle 18.237ms
[2020-09-03T11:14:16.995+0000][23984][safepoint    ] Safepoint "Cleanup", Time since last: 1000185000 ns, Reaching safepoint: 105100 ns, At safepoint: 2300 ns, Total: 107400 ns
[2020-09-03T11:14:18.495+0000][23984][safepoint    ] Safepoint "Cleanup", Time since last: 1500604300 ns, Reaching safepoint: 70400 ns, At safepoint: 1800 ns, Total: 72200 ns
[2020-09-03T11:14:19.385+0000][23984][gc,start     ] GC(4) Pause Young (Normal) (G1 Evacuation Pause)
[2020-09-03T11:14:19.385+0000][23984][gc,task      ] GC(4) Using 8 workers of 8 for evacuation
[2020-09-03T11:14:19.386+0000][23984][gc,age       ] GC(4) Desired survivor size 34603008 bytes, new threshold 15 (max threshold 15)
[2020-09-03T11:14:19.394+0000][23984][gc,age       ] GC(4) Age table with threshold 15 (max threshold 15)
[2020-09-03T11:14:19.394+0000][23984][gc,age       ] GC(4) - age   1:    7060368 bytes,    7060368 total
[2020-09-03T11:14:19.394+0000][23984][gc,age       ] GC(4) - age   2:    6186512 bytes,   13246880 total
[2020-09-03T11:14:19.394+0000][23984][gc,age       ] GC(4) - age   3:    1141280 bytes,   14388160 total
[2020-09-03T11:14:19.394+0000][23984][gc,phases    ] GC(4)   Pre Evacuate Collection Set: 0.1ms
[2020-09-03T11:14:19.394+0000][23984][gc,phases    ] GC(4)   Merge Heap Roots: 0.1ms
[2020-09-03T11:14:19.394+0000][23984][gc,phases    ] GC(4)   Evacuate Collection Set: 6.7ms
[2020-09-03T11:14:19.394+0000][23984][gc,phases    ] GC(4)   Post Evacuate Collection Set: 1.3ms
[2020-09-03T11:14:19.394+0000][23984][gc,phases    ] GC(4)   Other: 0.4ms
[2020-09-03T11:14:19.394+0000][23984][gc,heap      ] GC(4) Eden regions: 513->0(599)
[2020-09-03T11:14:19.394+0000][23984][gc,heap      ] GC(4) Survivor regions: 8->15(66)
[2020-09-03T11:14:19.394+0000][23984][gc,heap      ] GC(4) Old regions: 5->5
[2020-09-03T11:14:19.394+0000][23984][gc,heap      ] GC(4) Archive regions: 0->0
[2020-09-03T11:14:19.394+0000][23984][gc,heap      ] GC(4) Humongous regions: 2->1
[2020-09-03T11:14:19.394+0000][23984][gc,metaspace ] GC(4) Metaspace: 27896K(29824K)->27896K(29824K) NonClass: 24481K(25856K)->24481K(25856K) Class: 3414K(3968K)->3414K(3968K)
[2020-09-03T11:14:19.394+0000][23984][gc           ] GC(4) Pause Young (Normal) (G1 Evacuation Pause) 527M->20M(1024M) 8.759ms
[2020-09-03T11:14:19.394+0000][23984][gc,cpu       ] GC(4) User=0.13s Sys=0.00s Real=0.01s
[2020-09-03T11:14:19.394+0000][23984][safepoint    ] Safepoint "G1CollectForAllocation", Time since last: 889551800 ns, Reaching safepoint: 195700 ns, At safepoint: 8883600 ns, Total: 9079300 ns
[2020-09-03T11:14:21.395+0000][23984][safepoint    ] Safepoint "Cleanup", Time since last: 1999928200 ns, Reaching safepoint: 178700 ns, At safepoint: 19100 ns, Total: 197800 ns
[2020-09-03T11:14:22.118+0000][23984][gc,start     ] GC(5) Pause Young (Concurrent Start) (Metadata GC Threshold)
[2020-09-03T11:14:22.118+0000][23984][gc,task      ] GC(5) Using 8 workers of 8 for evacuation
[2020-09-03T11:14:22.118+0000][23984][gc,age       ] GC(5) Desired survivor size 40370176 bytes, new threshold 15 (max threshold 15)
[2020-09-03T11:14:22.144+0000][23984][gc,age       ] GC(5) Age table with threshold 15 (max threshold 15)
[2020-09-03T11:14:22.144+0000][23984][gc,age       ] GC(5) - age   1:   32226040 bytes,   32226040 total
[2020-09-03T11:14:22.144+0000][23984][gc,age       ] GC(5) - age   2:    6919720 bytes,   39145760 total
[2020-09-03T11:14:22.144+0000][23984][gc,age       ] GC(5) - age   3:    6153872 bytes,   45299632 total
[2020-09-03T11:14:22.144+0000][23984][gc,age       ] GC(5) - age   4:    1125776 bytes,   46425408 total
[2020-09-03T11:14:22.144+0000][23984][gc,phases    ] GC(5)   Pre Evacuate Collection Set: 0.2ms
[2020-09-03T11:14:22.144+0000][23984][gc,phases    ] GC(5)   Merge Heap Roots: 0.1ms
[2020-09-03T11:14:22.144+0000][23984][gc,phases    ] GC(5)   Evacuate Collection Set: 23.7ms
[2020-09-03T11:14:22.144+0000][23984][gc,phases    ] GC(5)   Post Evacuate Collection Set: 1.6ms
[2020-09-03T11:14:22.144+0000][23984][gc,phases    ] GC(5)   Other: 0.5ms
[2020-09-03T11:14:22.144+0000][23984][gc,heap      ] GC(5) Eden regions: 198->0(330)
[2020-09-03T11:14:22.144+0000][23984][gc,heap      ] GC(5) Survivor regions: 15->46(77)
[2020-09-03T11:14:22.144+0000][23984][gc,heap      ] GC(5) Old regions: 5->5
[2020-09-03T11:14:22.144+0000][23984][gc,heap      ] GC(5) Archive regions: 0->0
[2020-09-03T11:14:22.144+0000][23984][gc,heap      ] GC(5) Humongous regions: 1->1
[2020-09-03T11:14:22.144+0000][23984][gc,metaspace ] GC(5) Metaspace: 33549K(35840K)->33549K(35840K) NonClass: 29278K(30720K)->29278K(30720K) Class: 4271K(5120K)->4271K(5120K)
[2020-09-03T11:14:22.144+0000][23984][gc           ] GC(5) Pause Young (Concurrent Start) (Metadata GC Threshold) 217M->51M(1024M) 26.237ms
[2020-09-03T11:14:22.144+0000][23984][gc,cpu       ] GC(5) User=0.25s Sys=0.00s Real=0.03s
[2020-09-03T11:14:22.144+0000][23984][gc           ] GC(6) Concurrent Cycle
[2020-09-03T11:14:22.144+0000][23984][gc,marking   ] GC(6) Concurrent Clear Claimed Marks
[2020-09-03T11:14:22.145+0000][23984][gc,marking   ] GC(6) Concurrent Clear Claimed Marks 0.128ms
[2020-09-03T11:14:22.145+0000][23984][gc,marking   ] GC(6) Concurrent Scan Root Regions
[2020-09-03T11:14:22.145+0000][23984][safepoint    ] Safepoint "CollectForMetadataAllocation", Time since last: 723197500 ns, Reaching safepoint: 112300 ns, At safepoint: 26587900 ns, Total: 26700200 ns
[2020-09-03T11:14:22.162+0000][23984][gc,marking   ] GC(6) Concurrent Scan Root Regions 17.304ms
[2020-09-03T11:14:22.162+0000][23984][gc,marking   ] GC(6) Concurrent Mark (11.163s)
[2020-09-03T11:14:22.162+0000][23984][gc,marking   ] GC(6) Concurrent Mark From Roots
[2020-09-03T11:14:22.162+0000][23984][gc,task      ] GC(6) Using 2 workers of 2 for marking
[2020-09-03T11:14:22.169+0000][23984][gc,marking   ] GC(6) Concurrent Mark From Roots 6.894ms
[2020-09-03T11:14:22.169+0000][23984][gc,marking   ] GC(6) Concurrent Preclean
[2020-09-03T11:14:22.169+0000][23984][gc,marking   ] GC(6) Concurrent Preclean 0.210ms
[2020-09-03T11:14:22.169+0000][23984][gc,marking   ] GC(6) Concurrent Mark (11.163s, 11.171s) 7.238ms
[2020-09-03T11:14:22.169+0000][23984][gc,start     ] GC(6) Pause Remark
[2020-09-03T11:14:22.171+0000][23984][gc           ] GC(6) Pause Remark 53M->53M(1024M) 1.429ms
[2020-09-03T11:14:22.171+0000][23984][gc,cpu       ] GC(6) User=0.05s Sys=0.00s Real=0.00s
[2020-09-03T11:14:22.171+0000][23984][safepoint    ] Safepoint "G1Concurrent", Time since last: 24635100 ns, Reaching safepoint: 94000 ns, At safepoint: 1541300 ns, Total: 1635300 ns
[2020-09-03T11:14:22.171+0000][23984][gc,marking   ] GC(6) Concurrent Rebuild Remembered Sets
[2020-09-03T11:14:22.175+0000][23984][gc,marking   ] GC(6) Concurrent Rebuild Remembered Sets 3.690ms
[2020-09-03T11:14:22.175+0000][23984][gc,start     ] GC(6) Pause Cleanup
[2020-09-03T11:14:22.175+0000][23984][gc           ] GC(6) Pause Cleanup 55M->55M(1024M) 0.163ms
[2020-09-03T11:14:22.175+0000][23984][gc,cpu       ] GC(6) User=0.00s Sys=0.00s Real=0.00s
[2020-09-03T11:14:22.175+0000][23984][safepoint    ] Safepoint "G1Concurrent", Time since last: 3837300 ns, Reaching safepoint: 300800 ns, At safepoint: 283700 ns, Total: 584500 ns
[2020-09-03T11:14:22.175+0000][23984][gc,marking   ] GC(6) Concurrent Cleanup for Next Mark
[2020-09-03T11:14:22.177+0000][23984][gc,marking   ] GC(6) Concurrent Cleanup for Next Mark 1.905ms
[2020-09-03T11:14:22.177+0000][23984][gc           ] GC(6) Concurrent Cycle 33.056ms
[2020-09-03T11:14:22.924+0000][23984][safepoint    ] Safepoint "ICBufferFull", Time since last: 748307800 ns, Reaching safepoint: 120500 ns, At safepoint: 65300 ns, Total: 185800 ns
[2020-09-03T11:14:23.726+0000][23984][safepoint    ] Safepoint "ICBufferFull", Time since last: 801770000 ns, Reaching safepoint: 179600 ns, At safepoint: 22300 ns, Total: 201900 ns
[2020-09-03T11:14:24.095+0000][23984][safepoint    ] Safepoint "ICBufferFull", Time since last: 369036400 ns, Reaching safepoint: 266400 ns, At safepoint: 25200 ns, Total: 291600 ns
[2020-09-03T11:14:24.108+0000][23984][safepoint    ] Safepoint "BulkRevokeBias", Time since last: 12123000 ns, Reaching safepoint: 167800 ns, At safepoint: 103300 ns, Total: 271100 ns
[2020-09-03T11:14:24.269+0000][23984][safepoint    ] Safepoint "BulkRevokeBias", Time since last: 161845200 ns, Reaching safepoint: 158800 ns, At safepoint: 347200 ns, Total: 506000 ns
[2020-09-03T11:14:24.279+0000][23984][safepoint    ] Safepoint "BulkRevokeBias", Time since last: 9362300 ns, Reaching safepoint: 201500 ns, At safepoint: 293200 ns, Total: 494700 ns
[2020-09-03T11:14:25.163+0000][23984][gc,start     ] GC(7) Pause Young (Concurrent Start) (Metadata GC Threshold)
[2020-09-03T11:14:25.163+0000][23984][gc,task      ] GC(7) Using 8 workers of 8 for evacuation
[2020-09-03T11:14:25.163+0000][23984][gc,age       ] GC(7) Desired survivor size 27262976 bytes, new threshold 1 (max threshold 15)
[2020-09-03T11:14:25.202+0000][23984][gc,age       ] GC(7) Age table with threshold 1 (max threshold 15)
[2020-09-03T11:14:25.202+0000][23984][gc,age       ] GC(7) - age   1:    8766480 bytes,    8766480 total
[2020-09-03T11:14:25.202+0000][23984][gc,phases    ] GC(7)   Pre Evacuate Collection Set: 0.3ms
[2020-09-03T11:14:25.202+0000][23984][gc,phases    ] GC(7)   Merge Heap Roots: 0.1ms
[2020-09-03T11:14:25.202+0000][23984][gc,phases    ] GC(7)   Evacuate Collection Set: 35.9ms
[2020-09-03T11:14:25.202+0000][23984][gc,phases    ] GC(7)   Post Evacuate Collection Set: 1.8ms
[2020-09-03T11:14:25.202+0000][23984][gc,phases    ] GC(7)   Other: 0.5ms
[2020-09-03T11:14:25.202+0000][23984][gc,heap      ] GC(7) Eden regions: 245->0(482)
[2020-09-03T11:14:25.202+0000][23984][gc,heap      ] GC(7) Survivor regions: 46->10(52)
[2020-09-03T11:14:25.202+0000][23984][gc,heap      ] GC(7) Old regions: 5->50
[2020-09-03T11:14:25.202+0000][23984][gc,heap      ] GC(7) Archive regions: 0->0
[2020-09-03T11:14:25.202+0000][23984][gc,heap      ] GC(7) Humongous regions: 1->1
[2020-09-03T11:14:25.202+0000][23984][gc,metaspace ] GC(7) Metaspace: 55943K(60160K)->55943K(60160K) NonClass: 48284K(50816K)->48284K(50816K) Class: 7659K(9344K)->7659K(9344K)
[2020-09-03T11:14:25.202+0000][23984][gc           ] GC(7) Pause Young (Concurrent Start) (Metadata GC Threshold) 295M->60M(1024M) 38.948ms
[2020-09-03T11:14:25.202+0000][23984][gc,cpu       ] GC(7) User=0.30s Sys=0.00s Real=0.04s
[2020-09-03T11:14:25.202+0000][23984][gc           ] GC(8) Concurrent Cycle
[2020-09-03T11:14:25.202+0000][23984][gc,marking   ] GC(8) Concurrent Clear Claimed Marks
[2020-09-03T11:14:25.202+0000][23984][safepoint    ] Safepoint "CollectForMetadataAllocation", Time since last: 883534800 ns, Reaching safepoint: 402500 ns, At safepoint: 39247000 ns, Total: 39649500 ns
[2020-09-03T11:14:25.203+0000][23984][gc,marking   ] GC(8) Concurrent Clear Claimed Marks 0.260ms
[2020-09-03T11:14:25.203+0000][23984][gc,marking   ] GC(8) Concurrent Scan Root Regions
[2020-09-03T11:14:25.235+0000][23984][gc,marking   ] GC(8) Concurrent Scan Root Regions 32.439ms
[2020-09-03T11:14:25.235+0000][23984][gc,marking   ] GC(8) Concurrent Mark (14.237s)
[2020-09-03T11:14:25.235+0000][23984][gc,marking   ] GC(8) Concurrent Mark From Roots
[2020-09-03T11:14:25.235+0000][23984][gc,task      ] GC(8) Using 2 workers of 2 for marking
[2020-09-03T11:14:25.244+0000][23984][gc,marking   ] GC(8) Concurrent Mark From Roots 8.950ms
[2020-09-03T11:14:25.244+0000][23984][gc,marking   ] GC(8) Concurrent Preclean
[2020-09-03T11:14:25.244+0000][23984][gc,marking   ] GC(8) Concurrent Preclean 0.223ms
[2020-09-03T11:14:25.244+0000][23984][gc,marking   ] GC(8) Concurrent Mark (14.237s, 14.246s) 9.311ms
[2020-09-03T11:14:25.245+0000][23984][gc,start     ] GC(8) Pause Remark
[2020-09-03T11:14:25.247+0000][23984][gc           ] GC(8) Pause Remark 63M->63M(1024M) 2.474ms
[2020-09-03T11:14:25.247+0000][23984][gc,cpu       ] GC(8) User=0.00s Sys=0.00s Real=0.00s
[2020-09-03T11:14:25.247+0000][23984][safepoint    ] Safepoint "G1Concurrent", Time since last: 42138000 ns, Reaching safepoint: 172700 ns, At safepoint: 2669200 ns, Total: 2841900 ns
[2020-09-03T11:14:25.247+0000][23984][gc,marking   ] GC(8) Concurrent Rebuild Remembered Sets
[2020-09-03T11:14:25.288+0000][23984][gc,marking   ] GC(8) Concurrent Rebuild Remembered Sets 40.492ms
[2020-09-03T11:14:25.289+0000][23984][gc,start     ] GC(8) Pause Cleanup
[2020-09-03T11:14:25.289+0000][23984][gc           ] GC(8) Pause Cleanup 64M->64M(1024M) 0.256ms
[2020-09-03T11:14:25.289+0000][23984][gc,cpu       ] GC(8) User=0.00s Sys=0.00s Real=0.00s
[2020-09-03T11:14:25.289+0000][23984][safepoint    ] Safepoint "G1Concurrent", Time since last: 40673300 ns, Reaching safepoint: 874900 ns, At safepoint: 379100 ns, Total: 1254000 ns
[2020-09-03T11:14:25.289+0000][23984][gc,marking   ] GC(8) Concurrent Cleanup for Next Mark
[2020-09-03T11:14:25.291+0000][23984][gc,marking   ] GC(8) Concurrent Cleanup for Next Mark 1.797ms
[2020-09-03T11:14:25.291+0000][23984][gc           ] GC(8) Concurrent Cycle 88.999ms
[2020-09-03T11:14:26.293+0000][23984][safepoint    ] Safepoint "Cleanup", Time since last: 1002731900 ns, Reaching safepoint: 779600 ns, At safepoint: 21600 ns, Total: 801200 ns
[2020-09-03T11:14:26.921+0000][23984][safepoint    ] Safepoint "BulkRevokeBias", Time since last: 627613600 ns, Reaching safepoint: 182500 ns, At safepoint: 504900 ns, Total: 687400 ns
[2020-09-03T11:14:27.953+0000][23984][safepoint    ] Safepoint "Cleanup", Time since last: 1030781900 ns, Reaching safepoint: 251800 ns, At safepoint: 54600 ns, Total: 306400 ns
[2020-09-03T11:14:28.958+0000][23984][safepoint    ] Safepoint "Cleanup", Time since last: 1005615600 ns, Reaching safepoint: 127900 ns, At safepoint: 17500 ns, Total: 145400 ns
[2020-09-03T11:14:28.960+0000][23984][safepoint    ] Safepoint "BulkRevokeBias", Time since last: 1263700 ns, Reaching safepoint: 180000 ns, At safepoint: 700400 ns, Total: 880400 ns
[2020-09-03T11:14:28.961+0000][23984][safepoint    ] Safepoint "BulkRevokeBias", Time since last: 93800 ns, Reaching safepoint: 160100 ns, At safepoint: 676200 ns, Total: 836300 ns
[2020-09-03T11:14:28.962+0000][23984][safepoint    ] Safepoint "BulkRevokeBias", Time since last: 310100 ns, Reaching safepoint: 68500 ns, At safepoint: 658700 ns, Total: 727200 ns
[2020-09-03T11:14:29.966+0000][23984][safepoint    ] Safepoint "BulkRevokeBias", Time since last: 1001759100 ns, Reaching safepoint: 192300 ns, At safepoint: 1364300 ns, Total: 1556600 ns
[2020-09-03T11:14:29.968+0000][23984][safepoint    ] Safepoint "BulkRevokeBias", Time since last: 969300 ns, Reaching safepoint: 77500 ns, At safepoint: 744300 ns, Total: 821800 ns
[2020-09-03T11:14:29.969+0000][23984][safepoint    ] Safepoint "BulkRevokeBias", Time since last: 105200 ns, Reaching safepoint: 95400 ns, At safepoint: 572900 ns, Total: 668300 ns
[2020-09-03T11:14:29.969+0000][23984][safepoint    ] Safepoint "BulkRevokeBias", Time since last: 77200 ns, Reaching safepoint: 48200 ns, At safepoint: 642800 ns, Total: 691000 ns
[2020-09-03T11:14:29.985+0000][23984][safepoint    ] Safepoint "BulkRevokeBias", Time since last: 15036700 ns, Reaching safepoint: 263000 ns, At safepoint: 534800 ns, Total: 797800 ns
[2020-09-03T11:14:30.071+0000][23984][safepoint    ] Safepoint "BulkRevokeBias", Time since last: 85509000 ns, Reaching safepoint: 136200 ns, At safepoint: 387500 ns, Total: 523700 ns
[2020-09-03T11:14:30.199+0000][23984][safepoint    ] Safepoint "BulkRevokeBias", Time since last: 127701600 ns, Reaching safepoint: 139000 ns, At safepoint: 458600 ns, Total: 597600 ns
[2020-09-03T11:14:31.287+0000][23984][safepoint    ] Safepoint "Cleanup", Time since last: 1087429900 ns, Reaching safepoint: 254200 ns, At safepoint: 7200 ns, Total: 261400 ns
[2020-09-03T11:14:32.288+0000][23984][safepoint    ] Safepoint "Cleanup", Time since last: 1000392400 ns, Reaching safepoint: 163300 ns, At safepoint: 3600 ns, Total: 166900 ns
[2020-09-03T11:14:33.288+0000][23984][safepoint    ] Safepoint "Cleanup", Time since last: 1000047000 ns, Reaching safepoint: 96900 ns, At safepoint: 4700 ns, Total: 101600 ns
[2020-09-03T11:14:34.289+0000][23984][safepoint    ] Safepoint "Cleanup", Time since last: 1000842800 ns, Reaching safepoint: 294100 ns, At safepoint: 14800 ns, Total: 308900 ns
[2020-09-03T11:14:35.290+0000][23984][safepoint    ] Safepoint "Cleanup", Time since last: 1000481300 ns, Reaching safepoint: 256400 ns, At safepoint: 14600 ns, Total: 271000 ns
[2020-09-03T11:14:37.291+0000][23984][safepoint    ] Safepoint "Cleanup", Time since last: 2000808600 ns, Reaching safepoint: 171000 ns, At safepoint: 3700 ns, Total: 174700 ns
[2020-09-03T11:14:38.291+0000][23984][safepoint    ] Safepoint "Cleanup", Time since last: 1000359100 ns, Reaching safepoint: 175600 ns, At safepoint: 6000 ns, Total: 181600 ns
[2020-09-03T11:14:39.291+0000][23984][safepoint    ] Safepoint "Cleanup", Time since last: 1000083400 ns, Reaching safepoint: 271200 ns, At safepoint: 11400 ns, Total: 282600 ns
[2020-09-03T11:14:41.292+0000][23984][safepoint    ] Safepoint "Cleanup", Time since last: 2000536900 ns, Reaching safepoint: 113100 ns, At safepoint: 4600 ns, Total: 117700 ns
[2020-09-03T11:14:43.293+0000][23984][safepoint    ] Safepoint "Cleanup", Time since last: 2000541100 ns, Reaching safepoint: 102800 ns, At safepoint: 5000 ns, Total: 107800 ns
[2020-09-03T11:14:45.294+0000][23984][safepoint    ] Safepoint "Cleanup", Time since last: 2000718300 ns, Reaching safepoint: 98800 ns, At safepoint: 5000 ns, Total: 103800 ns
[2020-09-03T11:14:46.294+0000][23984][safepoint    ] Safepoint "Cleanup", Time since last: 1000133200 ns, Reaching safepoint: 111000 ns, At safepoint: 5500 ns, Total: 116500 ns
[2020-09-03T11:14:47.295+0000][23984][safepoint    ] Safepoint "Cleanup", Time since last: 1000483300 ns, Reaching safepoint: 129500 ns, At safepoint: 7000 ns, Total: 136500 ns
[2020-09-03T11:14:48.296+0000][23984][safepoint    ] Safepoint "Cleanup", Time since last: 1000686800 ns, Reaching safepoint: 118800 ns, At safepoint: 4000 ns, Total: 122800 ns
[2020-09-03T11:14:49.296+0000][23984][safepoint    ] Safepoint "Cleanup", Time since last: 1000081600 ns, Reaching safepoint: 315700 ns, At safepoint: 13300 ns, Total: 329000 ns
[2020-09-03T11:14:51.296+0000][23984][safepoint    ] Safepoint "Cleanup", Time since last: 2000229400 ns, Reaching safepoint: 222700 ns, At safepoint: 6000 ns, Total: 228700 ns
[2020-09-03T11:14:52.297+0000][23984][safepoint    ] Safepoint "Cleanup", Time since last: 1000421000 ns, Reaching safepoint: 88600 ns, At safepoint: 3000 ns, Total: 91600 ns
[2020-09-03T11:14:53.298+0000][23984][safepoint    ] Safepoint "Cleanup", Time since last: 1000438500 ns, Reaching safepoint: 98900 ns, At safepoint: 4600 ns, Total: 103500 ns
[2020-09-03T11:14:54.298+0000][23984][safepoint    ] Safepoint "Cleanup", Time since last: 1000540000 ns, Reaching safepoint: 253800 ns, At safepoint: 17700 ns, Total: 271500 ns
[2020-09-03T11:14:55.299+0000][23984][safepoint    ] Safepoint "Cleanup", Time since last: 1000083600 ns, Reaching safepoint: 141500 ns, At safepoint: 4000 ns, Total: 145500 ns
[2020-09-03T11:14:56.299+0000][23984][safepoint    ] Safepoint "Cleanup", Time since last: 1000517900 ns, Reaching safepoint: 136100 ns, At safepoint: 6800 ns, Total: 142900 ns
[2020-09-03T11:14:57.300+0000][23984][safepoint    ] Safepoint "Cleanup", Time since last: 1000257300 ns, Reaching safepoint: 124700 ns, At safepoint: 3600 ns, Total: 128300 ns
[2020-09-03T11:14:58.300+0000][23984][safepoint    ] Safepoint "Cleanup", Time since last: 1000028100 ns, Reaching safepoint: 159400 ns, At safepoint: 3600 ns, Total: 163000 ns
[2020-09-03T11:14:59.300+0000][23984][safepoint    ] Safepoint "Cleanup", Time since last: 1000615400 ns, Reaching safepoint: 251900 ns, At safepoint: 11300 ns, Total: 263200 ns
[2020-09-03T11:15:00.987+0000][23984][safepoint    ] Safepoint "Cleanup", Time since last: 1685862800 ns, Reaching safepoint: 152100 ns, At safepoint: 71000 ns, Total: 223100 ns
[2020-09-03T11:15:01.987+0000][23984][safepoint    ] Safepoint "Cleanup", Time since last: 1000343500 ns, Reaching safepoint: 129100 ns, At safepoint: 93800 ns, Total: 222900 ns
[2020-09-03T11:15:02.988+0000][23984][safepoint    ] Safepoint "Cleanup", Time since last: 1000435800 ns, Reaching safepoint: 110600 ns, At safepoint: 18100 ns, Total: 128700 ns
[2020-09-03T11:15:03.988+0000][23984][safepoint    ] Safepoint "Cleanup", Time since last: 1000090700 ns, Reaching safepoint: 224100 ns, At safepoint: 98600 ns, Total: 322700 ns
[2020-09-03T11:15:05.988+0000][23984][safepoint    ] Safepoint "Cleanup", Time since last: 2000102600 ns, Reaching safepoint: 257900 ns, At safepoint: 95400 ns, Total: 353300 ns
[2020-09-03T11:15:06.990+0000][23984][safepoint    ] Safepoint "Cleanup", Time since last: 1000747300 ns, Reaching safepoint: 183300 ns, At safepoint: 106300 ns, Total: 289600 ns
[2020-09-03T11:15:07.991+0000][23984][safepoint    ] Safepoint "Cleanup", Time since last: 1001424700 ns, Reaching safepoint: 297600 ns, At safepoint: 11400 ns, Total: 309000 ns
[2020-09-03T11:15:08.992+0000][23984][safepoint    ] Safepoint "Cleanup", Time since last: 1000598400 ns, Reaching safepoint: 352200 ns, At safepoint: 28200 ns, Total: 380400 ns
[2020-09-03T11:15:09.993+0000][23984][safepoint    ] Safepoint "Cleanup", Time since last: 1000715600 ns, Reaching safepoint: 168600 ns, At safepoint: 7700 ns, Total: 176300 ns
[2020-09-03T11:15:10.994+0000][23984][safepoint    ] Safepoint "Cleanup", Time since last: 1000291500 ns, Reaching safepoint: 186800 ns, At safepoint: 7000 ns, Total: 193800 ns
[2020-09-03T11:15:11.994+0000][23984][safepoint    ] Safepoint "Cleanup", Time since last: 1000272900 ns, Reaching safepoint: 205900 ns, At safepoint: 10400 ns, Total: 216300 ns
[2020-09-03T11:15:12.994+0000][23984][safepoint    ] Safepoint "Cleanup", Time since last: 1000123600 ns, Reaching safepoint: 228500 ns, At safepoint: 11300 ns, Total: 239800 ns
[2020-09-03T11:15:13.995+0000][23984][safepoint    ] Safepoint "Cleanup", Time since last: 1000472000 ns, Reaching safepoint: 176300 ns, At safepoint: 7800 ns, Total: 184100 ns
[2020-09-03T11:15:14.996+0000][23984][safepoint    ] Safepoint "Cleanup", Time since last: 1000389500 ns, Reaching safepoint: 141700 ns, At safepoint: 3100 ns, Total: 144800 ns
[2020-09-03T11:15:15.996+0000][23984][safepoint    ] Safepoint "Cleanup", Time since last: 1000327400 ns, Reaching safepoint: 154200 ns, At safepoint: 6900 ns, Total: 161100 ns
[2020-09-03T11:15:16.997+0000][23984][safepoint    ] Safepoint "Cleanup", Time since last: 1001130200 ns, Reaching safepoint: 313600 ns, At safepoint: 15400 ns, Total: 329000 ns
[2020-09-03T11:15:17.998+0000][23984][safepoint    ] Safepoint "Cleanup", Time since last: 1000401000 ns, Reaching safepoint: 82900 ns, At safepoint: 3400 ns, Total: 86300 ns
[2020-09-03T11:15:19.000+0000][23984][safepoint    ] Safepoint "Cleanup", Time since last: 1001427200 ns, Reaching safepoint: 161700 ns, At safepoint: 5700 ns, Total: 167400 ns
[2020-09-03T11:15:20.000+0000][23984][safepoint    ] Safepoint "Cleanup", Time since last: 1000205100 ns, Reaching safepoint: 79900 ns, At safepoint: 3600 ns, Total: 83500 ns
[2020-09-03T11:15:21.001+0000][23984][safepoint    ] Safepoint "Cleanup", Time since last: 1000919300 ns, Reaching safepoint: 161100 ns, At safepoint: 4800 ns, Total: 165900 ns
[2020-09-03T11:15:22.550+0000][23984][safepoint    ] Safepoint "Cleanup", Time since last: 1548648500 ns, Reaching safepoint: 77700 ns, At safepoint: 3900 ns, Total: 81600 ns
[2020-09-03T11:15:23.551+0000][23984][safepoint    ] Safepoint "Cleanup", Time since last: 1000759500 ns, Reaching safepoint: 97100 ns, At safepoint: 3800 ns, Total: 100900 ns
[2020-09-03T11:15:24.551+0000][23984][safepoint    ] Safepoint "Cleanup", Time since last: 1000251700 ns, Reaching safepoint: 129600 ns, At safepoint: 22200 ns, Total: 151800 ns
[2020-09-03T11:15:25.552+0000][23984][safepoint    ] Safepoint "Cleanup", Time since last: 1000413400 ns, Reaching safepoint: 99800 ns, At safepoint: 4400 ns, Total: 104200 ns
[2020-09-03T11:15:27.552+0000][23984][safepoint    ] Safepoint "Cleanup", Time since last: 1999995700 ns, Reaching safepoint: 100900 ns, At safepoint: 5600 ns, Total: 106500 ns
[2020-09-03T11:15:28.553+0000][23984][safepoint    ] Safepoint "Cleanup", Time since last: 1000749000 ns, Reaching safepoint: 104900 ns, At safepoint: 6900 ns, Total: 111800 ns
[2020-09-03T11:15:29.553+0000][23984][safepoint    ] Safepoint "Cleanup", Time since last: 1000085400 ns, Reaching safepoint: 97600 ns, At safepoint: 5300 ns, Total: 102900 ns
[2020-09-03T11:15:30.554+0000][23984][safepoint    ] Safepoint "Cleanup", Time since last: 1000587900 ns, Reaching safepoint: 168000 ns, At safepoint: 14700 ns, Total: 182700 ns
[2020-09-03T11:15:32.555+0000][23984][safepoint    ] Safepoint "Cleanup", Time since last: 2000720900 ns, Reaching safepoint: 98700 ns, At safepoint: 4200 ns, Total: 102900 ns
[2020-09-03T11:15:40.558+0000][23984][safepoint    ] Safepoint "Cleanup", Time since last: 8003036400 ns, Reaching safepoint: 112100 ns, At safepoint: 4000 ns, Total: 116100 ns
[2020-09-03T11:15:41.558+0000][23984][safepoint    ] Safepoint "Cleanup", Time since last: 1000142600 ns, Reaching safepoint: 87300 ns, At safepoint: 3900 ns, Total: 91200 ns
[2020-09-03T11:15:43.559+0000][23984][safepoint    ] Safepoint "Cleanup", Time since last: 2000792500 ns, Reaching safepoint: 76300 ns, At safepoint: 3100 ns, Total: 79400 ns
[2020-09-03T11:15:44.559+0000][23984][safepoint    ] Safepoint "Cleanup", Time since last: 1000401600 ns, Reaching safepoint: 103200 ns, At safepoint: 5000 ns, Total: 108200 ns
[2020-09-03T11:15:47.560+0000][23984][safepoint    ] Safepoint "Cleanup", Time since last: 3000857200 ns, Reaching safepoint: 146700 ns, At safepoint: 3200 ns, Total: 149900 ns
[2020-09-03T11:16:00.567+0000][23984][safepoint    ] Safepoint "Cleanup", Time since last: 13006187800 ns, Reaching safepoint: 104900 ns, At safepoint: 4900 ns, Total: 109800 ns
[2020-09-03T11:16:04.569+0000][23984][safepoint    ] Safepoint "Cleanup", Time since last: 4001926500 ns, Reaching safepoint: 240300 ns, At safepoint: 5400 ns, Total: 245700 ns
[2020-09-03T11:16:05.589+0000][23984][safepoint    ] Safepoint "Cleanup", Time since last: 1020476500 ns, Reaching safepoint: 145700 ns, At safepoint: 3500 ns, Total: 149200 ns
[2020-09-03T11:16:06.277+0000][23984][safepoint    ] Safepoint "BulkRevokeBias", Time since last: 686210000 ns, Reaching safepoint: 159500 ns, At safepoint: 1404800 ns, Total: 1564300 ns
[2020-09-03T11:16:06.552+0000][23984][safepoint    ] Safepoint "BulkRevokeBias", Time since last: 274820600 ns, Reaching safepoint: 122600 ns, At safepoint: 463200 ns, Total: 585800 ns
[2020-09-03T11:16:06.676+0000][23984][safepoint    ] Safepoint "BulkRevokeBias", Time since last: 122967700 ns, Reaching safepoint: 229900 ns, At safepoint: 762100 ns, Total: 992000 ns
[2020-09-03T11:16:06.729+0000][23984][safepoint    ] Safepoint "BulkRevokeBias", Time since last: 52291000 ns, Reaching safepoint: 82700 ns, At safepoint: 408200 ns, Total: 490900 ns
[2020-09-03T11:16:06.813+0000][23984][safepoint    ] Safepoint "BulkRevokeBias", Time since last: 83573300 ns, Reaching safepoint: 120400 ns, At safepoint: 542500 ns, Total: 662900 ns
[2020-09-03T11:16:07.036+0000][23984][safepoint    ] Safepoint "BulkRevokeBias", Time since last: 218878700 ns, Reaching safepoint: 1699400 ns, At safepoint: 2457800 ns, Total: 4157200 ns
[2020-09-03T11:16:07.292+0000][23984][safepoint    ] Safepoint "BulkRevokeBias", Time since last: 255014200 ns, Reaching safepoint: 173300 ns, At safepoint: 516600 ns, Total: 689900 ns
[2020-09-03T11:16:07.500+0000][23984][safepoint    ] Safepoint "BulkRevokeBias", Time since last: 206749500 ns, Reaching safepoint: 227100 ns, At safepoint: 819600 ns, Total: 1046700 ns
[2020-09-03T11:16:07.544+0000][23984][safepoint    ] Safepoint "BulkRevokeBias", Time since last: 42997300 ns, Reaching safepoint: 129400 ns, At safepoint: 632900 ns, Total: 762300 ns
[2020-09-03T11:16:07.591+0000][23984][safepoint    ] Safepoint "BulkRevokeBias", Time since last: 46196500 ns, Reaching safepoint: 127400 ns, At safepoint: 615400 ns, Total: 742800 ns
[2020-09-03T11:16:07.621+0000][23984][safepoint    ] Safepoint "BulkRevokeBias", Time since last: 29359300 ns, Reaching safepoint: 139600 ns, At safepoint: 781400 ns, Total: 921000 ns
[2020-09-03T11:16:07.944+0000][23984][safepoint    ] Safepoint "BulkRevokeBias", Time since last: 320924300 ns, Reaching safepoint: 349800 ns, At safepoint: 2269000 ns, Total: 2618800 ns
[2020-09-03T11:16:07.992+0000][23984][safepoint    ] Safepoint "BulkRevokeBias", Time since last: 44307800 ns, Reaching safepoint: 99900 ns, At safepoint: 2737900 ns, Total: 2837800 ns
[2020-09-03T11:16:08.171+0000][23984][safepoint    ] Safepoint "ICBufferFull", Time since last: 178617000 ns, Reaching safepoint: 377200 ns, At safepoint: 191100 ns, Total: 568300 ns
[2020-09-03T11:16:08.445+0000][23984][safepoint    ] Safepoint "BulkRevokeBias", Time since last: 272711600 ns, Reaching safepoint: 245700 ns, At safepoint: 889900 ns, Total: 1135600 ns
[2020-09-03T11:16:08.819+0000][23984][safepoint    ] Safepoint "BulkRevokeBias", Time since last: 373980300 ns, Reaching safepoint: 148100 ns, At safepoint: 617000 ns, Total: 765100 ns
[2020-09-03T11:16:09.036+0000][23984][safepoint    ] Safepoint "BulkRevokeBias", Time since last: 215643700 ns, Reaching safepoint: 179000 ns, At safepoint: 627100 ns, Total: 806100 ns
[2020-09-03T11:16:09.904+0000][23984][safepoint    ] Safepoint "BulkRevokeBias", Time since last: 866637200 ns, Reaching safepoint: 221600 ns, At safepoint: 784500 ns, Total: 1006100 ns
[2020-09-03T11:16:09.940+0000][23984][safepoint    ] Safepoint "BulkRevokeBias", Time since last: 35186400 ns, Reaching safepoint: 102800 ns, At safepoint: 762400 ns, Total: 865200 ns
[2020-09-03T11:16:10.025+0000][23984][gc,start     ] GC(9) Pause Young (Concurrent Start) (G1 Humongous Allocation)
[2020-09-03T11:16:10.025+0000][23984][gc,task      ] GC(9) Using 8 workers of 8 for evacuation
[2020-09-03T11:16:10.025+0000][23984][gc,age       ] GC(9) Desired survivor size 35127296 bytes, new threshold 15 (max threshold 15)
[2020-09-03T11:16:10.044+0000][23984][gc,age       ] GC(9) Age table with threshold 15 (max threshold 15)
[2020-09-03T11:16:10.045+0000][23984][gc,age       ] GC(9) - age   1:   14226480 bytes,   14226480 total
[2020-09-03T11:16:10.045+0000][23984][gc,age       ] GC(9) - age   2:    8327912 bytes,   22554392 total
[2020-09-03T11:16:10.045+0000][23984][gc,phases    ] GC(9)   Pre Evacuate Collection Set: 0.6ms
[2020-09-03T11:16:10.045+0000][23984][gc,phases    ] GC(9)   Merge Heap Roots: 0.2ms
[2020-09-03T11:16:10.045+0000][23984][gc,phases    ] GC(9)   Evacuate Collection Set: 16.0ms
[2020-09-03T11:16:10.045+0000][23984][gc,phases    ] GC(9)   Post Evacuate Collection Set: 2.5ms
[2020-09-03T11:16:10.045+0000][23984][gc,phases    ] GC(9)   Other: 0.6ms
[2020-09-03T11:16:10.045+0000][23984][gc,heap      ] GC(9) Eden regions: 516->0(505)
[2020-09-03T11:16:10.045+0000][23984][gc,heap      ] GC(9) Survivor regions: 10->23(67)
[2020-09-03T11:16:10.045+0000][23984][gc,heap      ] GC(9) Old regions: 50->50
[2020-09-03T11:16:10.045+0000][23984][gc,heap      ] GC(9) Archive regions: 0->0
[2020-09-03T11:16:10.045+0000][23984][gc,heap      ] GC(9) Humongous regions: 257->89
[2020-09-03T11:16:10.045+0000][23984][gc,metaspace ] GC(9) Metaspace: 80551K(86528K)->80551K(86528K) NonClass: 69624K(73216K)->69624K(73216K) Class: 10927K(13312K)->10927K(13312K)
[2020-09-03T11:16:10.045+0000][23984][gc           ] GC(9) Pause Young (Concurrent Start) (G1 Humongous Allocation) 832M->161M(1024M) 20.209ms
[2020-09-03T11:16:10.045+0000][23984][gc,cpu       ] GC(9) User=0.16s Sys=0.00s Real=0.02s
[2020-09-03T11:16:10.045+0000][23984][gc           ] GC(10) Concurrent Cycle
[2020-09-03T11:16:10.045+0000][23984][gc,marking   ] GC(10) Concurrent Clear Claimed Marks
[2020-09-03T11:16:10.046+0000][23984][gc,marking   ] GC(10) Concurrent Clear Claimed Marks 0.360ms
[2020-09-03T11:16:10.046+0000][23984][gc,marking   ] GC(10) Concurrent Scan Root Regions
[2020-09-03T11:16:10.049+0000][23984][safepoint    ] Safepoint "G1TryInitiateConcMark", Time since last: 84901500 ns, Reaching safepoint: 302400 ns, At safepoint: 24130600 ns, Total: 24433000 ns
[2020-09-03T11:16:10.061+0000][23984][gc,marking   ] GC(10) Concurrent Scan Root Regions 15.220ms
[2020-09-03T11:16:10.061+0000][23984][gc,marking   ] GC(10) Concurrent Mark (119.062s)
[2020-09-03T11:16:10.061+0000][23984][gc,marking   ] GC(10) Concurrent Mark From Roots
[2020-09-03T11:16:10.061+0000][23984][gc,task      ] GC(10) Using 2 workers of 2 for marking
[2020-09-03T11:16:10.153+0000][23984][gc,marking   ] GC(10) Concurrent Mark From Roots 92.045ms
[2020-09-03T11:16:10.153+0000][23984][gc,marking   ] GC(10) Concurrent Preclean
[2020-09-03T11:16:10.153+0000][23984][gc,marking   ] GC(10) Concurrent Preclean 0.288ms
[2020-09-03T11:16:10.153+0000][23984][gc,marking   ] GC(10) Concurrent Mark (119.062s, 119.155s) 92.455ms
[2020-09-03T11:16:10.154+0000][23984][gc,start     ] GC(10) Pause Remark
[2020-09-03T11:16:10.157+0000][23984][gc           ] GC(10) Pause Remark 190M->190M(1024M) 2.968ms
[2020-09-03T11:16:10.157+0000][23984][gc,cpu       ] GC(10) User=0.13s Sys=0.00s Real=0.00s
[2020-09-03T11:16:10.157+0000][23984][safepoint    ] Safepoint "G1Concurrent", Time since last: 104544800 ns, Reaching safepoint: 171500 ns, At safepoint: 3179100 ns, Total: 3350600 ns
[2020-09-03T11:16:10.157+0000][23984][gc,marking   ] GC(10) Concurrent Rebuild Remembered Sets
[2020-09-03T11:16:10.206+0000][23984][gc,marking   ] GC(10) Concurrent Rebuild Remembered Sets 49.009ms
[2020-09-03T11:16:10.206+0000][23984][gc,start     ] GC(10) Pause Cleanup
[2020-09-03T11:16:10.207+0000][23984][gc           ] GC(10) Pause Cleanup 192M->192M(1024M) 0.276ms
[2020-09-03T11:16:10.207+0000][23984][gc,cpu       ] GC(10) User=0.00s Sys=0.00s Real=0.00s
[2020-09-03T11:16:10.207+0000][23984][safepoint    ] Safepoint "G1Concurrent", Time since last: 49170800 ns, Reaching safepoint: 478900 ns, At safepoint: 395700 ns, Total: 874600 ns
[2020-09-03T11:16:10.207+0000][23984][gc,marking   ] GC(10) Concurrent Cleanup for Next Mark
[2020-09-03T11:16:10.209+0000][23984][gc,marking   ] GC(10) Concurrent Cleanup for Next Mark 1.643ms
[2020-09-03T11:16:10.209+0000][23984][gc           ] GC(10) Concurrent Cycle 163.499ms
[2020-09-03T11:16:10.555+0000][23984][safepoint    ] Safepoint "BulkRevokeBias", Time since last: 346750000 ns, Reaching safepoint: 157100 ns, At safepoint: 795300 ns, Total: 952400 ns
[2020-09-03T11:16:10.662+0000][23984][safepoint    ] Safepoint "BulkRevokeBias", Time since last: 106490200 ns, Reaching safepoint: 141600 ns, At safepoint: 877600 ns, Total: 1019200 ns
[2020-09-03T11:16:10.668+0000][23984][safepoint    ] Safepoint "BulkRevokeBias", Time since last: 4909600 ns, Reaching safepoint: 130800 ns, At safepoint: 906200 ns, Total: 1037000 ns
[2020-09-03T11:16:11.709+0000][23984][safepoint    ] Safepoint "Cleanup", Time since last: 1041204700 ns, Reaching safepoint: 186100 ns, At safepoint: 27700 ns, Total: 213800 ns
[2020-09-03T11:16:11.778+0000][23984][gc,start     ] GC(11) Pause Young (Concurrent Start) (G1 Humongous Allocation)
[2020-09-03T11:16:11.778+0000][23984][gc,task      ] GC(11) Using 8 workers of 8 for evacuation
[2020-09-03T11:16:11.778+0000][23984][gc,age       ] GC(11) Desired survivor size 34603008 bytes, new threshold 15 (max threshold 15)
[2020-09-03T11:16:11.797+0000][23984][gc,age       ] GC(11) Age table with threshold 15 (max threshold 15)
[2020-09-03T11:16:11.797+0000][23984][gc,age       ] GC(11) - age   1:    2952008 bytes,    2952008 total
[2020-09-03T11:16:11.797+0000][23984][gc,age       ] GC(11) - age   2:   12322592 bytes,   15274600 total
[2020-09-03T11:16:11.797+0000][23984][gc,age       ] GC(11) - age   3:    8318552 bytes,   23593152 total
[2020-09-03T11:16:11.797+0000][23984][gc,phases    ] GC(11)   Pre Evacuate Collection Set: 0.5ms
[2020-09-03T11:16:11.797+0000][23984][gc,phases    ] GC(11)   Merge Heap Roots: 0.1ms
[2020-09-03T11:16:11.797+0000][23984][gc,phases    ] GC(11)   Evacuate Collection Set: 16.5ms
[2020-09-03T11:16:11.797+0000][23984][gc,phases    ] GC(11)   Post Evacuate Collection Set: 1.7ms
[2020-09-03T11:16:11.797+0000][23984][gc,phases    ] GC(11)   Other: 0.6ms
[2020-09-03T11:16:11.797+0000][23984][gc,heap      ] GC(11) Eden regions: 89->0(522)
[2020-09-03T11:16:11.797+0000][23984][gc,heap      ] GC(11) Survivor regions: 23->25(66)
[2020-09-03T11:16:11.797+0000][23984][gc,heap      ] GC(11) Old regions: 50->50
[2020-09-03T11:16:11.797+0000][23984][gc,heap      ] GC(11) Archive regions: 0->0
[2020-09-03T11:16:11.797+0000][23984][gc,heap      ] GC(11) Humongous regions: 257->89
[2020-09-03T11:16:11.798+0000][23984][gc,metaspace ] GC(11) Metaspace: 80941K(86912K)->80941K(86912K) NonClass: 69969K(73472K)->69969K(73472K) Class: 10971K(13440K)->10971K(13440K)
[2020-09-03T11:16:11.798+0000][23984][gc           ] GC(11) Pause Young (Concurrent Start) (G1 Humongous Allocation) 418M->163M(1024M) 19.921ms
[2020-09-03T11:16:11.798+0000][23984][gc,cpu       ] GC(11) User=0.14s Sys=0.02s Real=0.02s
[2020-09-03T11:16:11.798+0000][23984][gc           ] GC(12) Concurrent Cycle
[2020-09-03T11:16:11.798+0000][23984][safepoint    ] Safepoint "G1TryInitiateConcMark", Time since last: 68042700 ns, Reaching safepoint: 140300 ns, At safepoint: 20131700 ns, Total: 20272000 ns
[2020-09-03T11:16:11.798+0000][23984][gc,marking   ] GC(12) Concurrent Clear Claimed Marks
[2020-09-03T11:16:11.798+0000][23984][gc,marking   ] GC(12) Concurrent Clear Claimed Marks 0.434ms
[2020-09-03T11:16:11.798+0000][23984][gc,marking   ] GC(12) Concurrent Scan Root Regions
[2020-09-03T11:16:11.818+0000][23984][gc,marking   ] GC(12) Concurrent Scan Root Regions 20.153ms
[2020-09-03T11:16:11.819+0000][23984][gc,marking   ] GC(12) Concurrent Mark (120.820s)
[2020-09-03T11:16:11.819+0000][23984][gc,marking   ] GC(12) Concurrent Mark From Roots
[2020-09-03T11:16:11.819+0000][23984][gc,task      ] GC(12) Using 2 workers of 2 for marking
[2020-09-03T11:16:11.922+0000][23984][gc,marking   ] GC(12) Concurrent Mark From Roots 102.934ms
[2020-09-03T11:16:11.922+0000][23984][gc,marking   ] GC(12) Concurrent Preclean
[2020-09-03T11:16:11.922+0000][23984][gc,marking   ] GC(12) Concurrent Preclean 0.386ms
[2020-09-03T11:16:11.922+0000][23984][gc,marking   ] GC(12) Concurrent Mark (120.820s, 120.923s) 103.559ms
[2020-09-03T11:16:11.922+0000][23984][gc,start     ] GC(12) Pause Remark
[2020-09-03T11:16:11.926+0000][23984][gc           ] GC(12) Pause Remark 221M->221M(1024M) 3.302ms
[2020-09-03T11:16:11.926+0000][23984][gc,cpu       ] GC(12) User=0.00s Sys=0.00s Real=0.00s
[2020-09-03T11:16:11.926+0000][23984][safepoint    ] Safepoint "G1Concurrent", Time since last: 124511300 ns, Reaching safepoint: 148500 ns, At safepoint: 3644300 ns, Total: 3792800 ns
[2020-09-03T11:16:11.926+0000][23984][gc,marking   ] GC(12) Concurrent Rebuild Remembered Sets
[2020-09-03T11:16:11.987+0000][23984][gc,marking   ] GC(12) Concurrent Rebuild Remembered Sets 60.831ms
[2020-09-03T11:16:11.988+0000][23984][gc,start     ] GC(12) Pause Cleanup
[2020-09-03T11:16:11.988+0000][23984][gc           ] GC(12) Pause Cleanup 223M->223M(1024M) 0.316ms
[2020-09-03T11:16:11.988+0000][23984][gc,cpu       ] GC(12) User=0.00s Sys=0.00s Real=0.00s
[2020-09-03T11:16:11.988+0000][23984][safepoint    ] Safepoint "G1Concurrent", Time since last: 61004400 ns, Reaching safepoint: 421700 ns, At safepoint: 462700 ns, Total: 884400 ns
[2020-09-03T11:16:11.988+0000][23984][gc,marking   ] GC(12) Concurrent Cleanup for Next Mark
[2020-09-03T11:16:11.989+0000][23984][gc,marking   ] GC(12) Concurrent Cleanup for Next Mark 1.457ms
[2020-09-03T11:16:11.990+0000][23984][gc           ] GC(12) Concurrent Cycle 191.899ms
[2020-09-03T11:16:12.714+0000][23984][gc,start     ] GC(13) Pause Young (Concurrent Start) (G1 Humongous Allocation)
[2020-09-03T11:16:12.714+0000][23984][gc,task      ] GC(13) Using 8 workers of 8 for evacuation
[2020-09-03T11:16:12.714+0000][23984][gc,age       ] GC(13) Desired survivor size 36175872 bytes, new threshold 15 (max threshold 15)
[2020-09-03T11:16:12.729+0000][23984][gc,age       ] GC(13) Age table with threshold 15 (max threshold 15)
[2020-09-03T11:16:12.729+0000][23984][gc,age       ] GC(13) - age   1:    2587232 bytes,    2587232 total
[2020-09-03T11:16:12.729+0000][23984][gc,age       ] GC(13) - age   2:     349136 bytes,    2936368 total
[2020-09-03T11:16:12.730+0000][23984][gc,age       ] GC(13) - age   3:   12299928 bytes,   15236296 total
[2020-09-03T11:16:12.730+0000][23984][gc,age       ] GC(13) - age   4:    8318536 bytes,   23554832 total
[2020-09-03T11:16:12.730+0000][23984][gc,phases    ] GC(13)   Pre Evacuate Collection Set: 0.4ms
[2020-09-03T11:16:12.730+0000][23984][gc,phases    ] GC(13)   Merge Heap Roots: 0.1ms
[2020-09-03T11:16:12.730+0000][23984][gc,phases    ] GC(13)   Evacuate Collection Set: 13.1ms
[2020-09-03T11:16:12.730+0000][23984][gc,phases    ] GC(13)   Post Evacuate Collection Set: 1.8ms
[2020-09-03T11:16:12.730+0000][23984][gc,phases    ] GC(13)   Other: 0.5ms
[2020-09-03T11:16:12.730+0000][23984][gc,heap      ] GC(13) Eden regions: 64->0(539)
[2020-09-03T11:16:12.730+0000][23984][gc,heap      ] GC(13) Survivor regions: 25->25(69)
[2020-09-03T11:16:12.730+0000][23984][gc,heap      ] GC(13) Old regions: 50->50
[2020-09-03T11:16:12.730+0000][23984][gc,heap      ] GC(13) Archive regions: 0->0
[2020-09-03T11:16:12.730+0000][23984][gc,heap      ] GC(13) Humongous regions: 257->89
[2020-09-03T11:16:12.730+0000][23984][gc,metaspace ] GC(13) Metaspace: 81046K(87168K)->81046K(87168K) NonClass: 70075K(73728K)->70075K(73728K) Class: 10971K(13440K)->10971K(13440K)
[2020-09-03T11:16:12.730+0000][23984][gc           ] GC(13) Pause Young (Concurrent Start) (G1 Humongous Allocation) 395M->163M(1024M) 16.322ms
[2020-09-03T11:16:12.730+0000][23984][gc,cpu       ] GC(13) User=0.11s Sys=0.00s Real=0.02s
[2020-09-03T11:16:12.730+0000][23984][gc           ] GC(14) Concurrent Cycle
[2020-09-03T11:16:12.730+0000][23984][safepoint    ] Safepoint "G1TryInitiateConcMark", Time since last: 725502800 ns, Reaching safepoint: 240800 ns, At safepoint: 16518300 ns, Total: 16759100 ns
[2020-09-03T11:16:12.730+0000][23984][gc,marking   ] GC(14) Concurrent Clear Claimed Marks
[2020-09-03T11:16:12.731+0000][23984][gc,marking   ] GC(14) Concurrent Clear Claimed Marks 0.441ms
[2020-09-03T11:16:12.731+0000][23984][gc,marking   ] GC(14) Concurrent Scan Root Regions
[2020-09-03T11:16:12.747+0000][23984][gc,marking   ] GC(14) Concurrent Scan Root Regions 16.467ms
[2020-09-03T11:16:12.747+0000][23984][gc,marking   ] GC(14) Concurrent Mark (121.749s)
[2020-09-03T11:16:12.747+0000][23984][gc,marking   ] GC(14) Concurrent Mark From Roots
[2020-09-03T11:16:12.747+0000][23984][gc,task      ] GC(14) Using 2 workers of 2 for marking
[2020-09-03T11:16:12.835+0000][23984][gc,marking   ] GC(14) Concurrent Mark From Roots 87.583ms
[2020-09-03T11:16:12.835+0000][23984][gc,marking   ] GC(14) Concurrent Preclean
[2020-09-03T11:16:12.835+0000][23984][gc,marking   ] GC(14) Concurrent Preclean 0.425ms
[2020-09-03T11:16:12.836+0000][23984][gc,marking   ] GC(14) Concurrent Mark (121.749s, 121.837s) 88.224ms
[2020-09-03T11:16:12.836+0000][23984][gc,start     ] GC(14) Pause Remark
[2020-09-03T11:16:12.839+0000][23984][gc           ] GC(14) Pause Remark 196M->196M(1024M) 3.193ms
[2020-09-03T11:16:12.839+0000][23984][gc,cpu       ] GC(14) User=0.00s Sys=0.00s Real=0.00s
[2020-09-03T11:16:12.839+0000][23984][safepoint    ] Safepoint "G1Concurrent", Time since last: 105373000 ns, Reaching safepoint: 151400 ns, At safepoint: 3378000 ns, Total: 3529400 ns
[2020-09-03T11:16:12.839+0000][23984][gc,marking   ] GC(14) Concurrent Rebuild Remembered Sets
[2020-09-03T11:16:12.892+0000][23984][gc,marking   ] GC(14) Concurrent Rebuild Remembered Sets 52.721ms
[2020-09-03T11:16:12.892+0000][23984][gc,start     ] GC(14) Pause Cleanup
[2020-09-03T11:16:12.892+0000][23984][gc           ] GC(14) Pause Cleanup 196M->196M(1024M) 0.233ms
[2020-09-03T11:16:12.892+0000][23984][gc,cpu       ] GC(14) User=0.00s Sys=0.00s Real=0.00s
[2020-09-03T11:16:12.893+0000][23984][safepoint    ] Safepoint "G1Concurrent", Time since last: 52928300 ns, Reaching safepoint: 102300 ns, At safepoint: 370000 ns, Total: 472300 ns
[2020-09-03T11:16:12.893+0000][23984][gc,marking   ] GC(14) Concurrent Cleanup for Next Mark
[2020-09-03T11:16:12.894+0000][23984][gc,marking   ] GC(14) Concurrent Cleanup for Next Mark 1.214ms
[2020-09-03T11:16:12.894+0000][23984][gc           ] GC(14) Concurrent Cycle 163.724ms
[2020-09-03T11:16:13.037+0000][23984][safepoint    ] Safepoint "BulkRevokeBias", Time since last: 141123200 ns, Reaching safepoint: 139800 ns, At safepoint: 2781100 ns, Total: 2920900 ns
[2020-09-03T11:16:13.169+0000][23984][safepoint    ] Safepoint "BulkRevokeBias", Time since last: 131572900 ns, Reaching safepoint: 115400 ns, At safepoint: 894800 ns, Total: 1010200 ns
[2020-09-03T11:16:13.453+0000][23984][gc,start     ] GC(15) Pause Young (Concurrent Start) (G1 Humongous Allocation)
[2020-09-03T11:16:13.453+0000][23984][gc,task      ] GC(15) Using 8 workers of 8 for evacuation
[2020-09-03T11:16:13.453+0000][23984][gc,age       ] GC(15) Desired survivor size 37224448 bytes, new threshold 15 (max threshold 15)
[2020-09-03T11:16:13.467+0000][23984][gc,age       ] GC(15) Age table with threshold 15 (max threshold 15)
[2020-09-03T11:16:13.467+0000][23984][gc,age       ] GC(15) - age   1:    3478120 bytes,    3478120 total
[2020-09-03T11:16:13.467+0000][23984][gc,age       ] GC(15) - age   2:     330064 bytes,    3808184 total
[2020-09-03T11:16:13.467+0000][23984][gc,age       ] GC(15) - age   3:     347712 bytes,    4155896 total
[2020-09-03T11:16:13.467+0000][23984][gc,age       ] GC(15) - age   4:   12290984 bytes,   16446880 total
[2020-09-03T11:16:13.467+0000][23984][gc,age       ] GC(15) - age   5:    8318536 bytes,   24765416 total
[2020-09-03T11:16:13.467+0000][23984][gc,phases    ] GC(15)   Pre Evacuate Collection Set: 0.4ms
[2020-09-03T11:16:13.467+0000][23984][gc,phases    ] GC(15)   Merge Heap Roots: 0.1ms
[2020-09-03T11:16:13.467+0000][23984][gc,phases    ] GC(15)   Evacuate Collection Set: 11.5ms
[2020-09-03T11:16:13.467+0000][23984][gc,phases    ] GC(15)   Post Evacuate Collection Set: 1.8ms
[2020-09-03T11:16:13.467+0000][23984][gc,phases    ] GC(15)   Other: 0.5ms
[2020-09-03T11:16:13.467+0000][23984][gc,heap      ] GC(15) Eden regions: 79->0(549)
[2020-09-03T11:16:13.467+0000][23984][gc,heap      ] GC(15) Survivor regions: 25->26(71)
[2020-09-03T11:16:13.467+0000][23984][gc,heap      ] GC(15) Old regions: 50->50
[2020-09-03T11:16:13.467+0000][23984][gc,heap      ] GC(15) Archive regions: 0->0
[2020-09-03T11:16:13.467+0000][23984][gc,heap      ] GC(15) Humongous regions: 257->89
[2020-09-03T11:16:13.468+0000][23984][gc,metaspace ] GC(15) Metaspace: 81184K(87168K)->81184K(87168K) NonClass: 70213K(73728K)->70213K(73728K) Class: 10971K(13440K)->10971K(13440K)
[2020-09-03T11:16:13.468+0000][23984][gc           ] GC(15) Pause Young (Concurrent Start) (G1 Humongous Allocation) 410M->164M(1024M) 14.398ms
[2020-09-03T11:16:13.468+0000][23984][gc,cpu       ] GC(15) User=0.08s Sys=0.02s Real=0.01s
[2020-09-03T11:16:13.468+0000][23984][safepoint    ] Safepoint "G1TryInitiateConcMark", Time since last: 283746500 ns, Reaching safepoint: 140400 ns, At safepoint: 14530000 ns, Total: 14670400 ns
[2020-09-03T11:16:13.468+0000][23984][gc           ] GC(16) Concurrent Cycle
[2020-09-03T11:16:13.468+0000][23984][gc,marking   ] GC(16) Concurrent Clear Claimed Marks
[2020-09-03T11:16:13.468+0000][23984][gc,marking   ] GC(16) Concurrent Clear Claimed Marks 0.377ms
[2020-09-03T11:16:13.468+0000][23984][gc,marking   ] GC(16) Concurrent Scan Root Regions
[2020-09-03T11:16:13.483+0000][23984][gc,marking   ] GC(16) Concurrent Scan Root Regions 14.919ms
[2020-09-03T11:16:13.483+0000][23984][gc,marking   ] GC(16) Concurrent Mark (122.484s)
[2020-09-03T11:16:13.483+0000][23984][gc,marking   ] GC(16) Concurrent Mark From Roots
[2020-09-03T11:16:13.483+0000][23984][gc,task      ] GC(16) Using 2 workers of 2 for marking
[2020-09-03T11:16:13.559+0000][23984][gc,marking   ] GC(16) Concurrent Mark From Roots 75.509ms
[2020-09-03T11:16:13.559+0000][23984][gc,marking   ] GC(16) Concurrent Preclean
[2020-09-03T11:16:13.559+0000][23984][gc,marking   ] GC(16) Concurrent Preclean 0.287ms
[2020-09-03T11:16:13.559+0000][23984][gc,marking   ] GC(16) Concurrent Mark (122.484s, 122.560s) 75.957ms
[2020-09-03T11:16:13.559+0000][23984][gc,start     ] GC(16) Pause Remark
[2020-09-03T11:16:13.562+0000][23984][gc           ] GC(16) Pause Remark 222M->222M(1024M) 2.838ms
[2020-09-03T11:16:13.562+0000][23984][gc,cpu       ] GC(16) User=0.13s Sys=0.00s Real=0.00s
[2020-09-03T11:16:13.562+0000][23984][safepoint    ] Safepoint "G1Concurrent", Time since last: 91497800 ns, Reaching safepoint: 153700 ns, At safepoint: 3041500 ns, Total: 3195200 ns
[2020-09-03T11:16:13.562+0000][23984][gc,marking   ] GC(16) Concurrent Rebuild Remembered Sets
[2020-09-03T11:16:13.607+0000][23984][gc,marking   ] GC(16) Concurrent Rebuild Remembered Sets 44.894ms
[2020-09-03T11:16:13.608+0000][23984][gc,start     ] GC(16) Pause Cleanup
[2020-09-03T11:16:13.608+0000][23984][gc           ] GC(16) Pause Cleanup 224M->224M(1024M) 0.309ms
[2020-09-03T11:16:13.608+0000][23984][gc,cpu       ] GC(16) User=0.00s Sys=0.00s Real=0.00s
[2020-09-03T11:16:13.608+0000][23984][safepoint    ] Safepoint "G1Concurrent", Time since last: 45095800 ns, Reaching safepoint: 135700 ns, At safepoint: 444500 ns, Total: 580200 ns
[2020-09-03T11:16:13.608+0000][23984][gc,marking   ] GC(16) Concurrent Cleanup for Next Mark
[2020-09-03T11:16:13.610+0000][23984][gc,marking   ] GC(16) Concurrent Cleanup for Next Mark 1.694ms
[2020-09-03T11:16:13.610+0000][23984][gc           ] GC(16) Concurrent Cycle 142.272ms
[2020-09-03T11:16:13.685+0000][23984][safepoint    ] Safepoint "BulkRevokeBias", Time since last: 75808300 ns, Reaching safepoint: 113000 ns, At safepoint: 1249800 ns, Total: 1362800 ns
[2020-09-03T11:16:13.972+0000][23984][gc,start     ] GC(17) Pause Young (Concurrent Start) (G1 Humongous Allocation)
[2020-09-03T11:16:13.973+0000][23984][gc,task      ] GC(17) Using 8 workers of 8 for evacuation
[2020-09-03T11:16:13.973+0000][23984][gc,age       ] GC(17) Desired survivor size 37748736 bytes, new threshold 15 (max threshold 15)
[2020-09-03T11:16:13.990+0000][23984][gc,age       ] GC(17) Age table with threshold 15 (max threshold 15)
[2020-09-03T11:16:13.990+0000][23984][gc,age       ] GC(17) - age   1:    2276080 bytes,    2276080 total
[2020-09-03T11:16:13.990+0000][23984][gc,age       ] GC(17) - age   2:     476728 bytes,    2752808 total
[2020-09-03T11:16:13.990+0000][23984][gc,age       ] GC(17) - age   3:     327648 bytes,    3080456 total
[2020-09-03T11:16:13.990+0000][23984][gc,age       ] GC(17) - age   4:     346480 bytes,    3426936 total
[2020-09-03T11:16:13.991+0000][23984][gc,age       ] GC(17) - age   5:   12287656 bytes,   15714592 total
[2020-09-03T11:16:13.991+0000][23984][gc,age       ] GC(17) - age   6:    8318536 bytes,   24033128 total
[2020-09-03T11:16:13.991+0000][23984][gc,phases    ] GC(17)   Pre Evacuate Collection Set: 0.3ms
[2020-09-03T11:16:13.991+0000][23984][gc,phases    ] GC(17)   Merge Heap Roots: 0.1ms
[2020-09-03T11:16:13.991+0000][23984][gc,phases    ] GC(17)   Evacuate Collection Set: 15.2ms
[2020-09-03T11:16:13.991+0000][23984][gc,phases    ] GC(17)   Post Evacuate Collection Set: 1.9ms
[2020-09-03T11:16:13.991+0000][23984][gc,phases    ] GC(17)   Other: 0.7ms
[2020-09-03T11:16:13.991+0000][23984][gc,heap      ] GC(17) Eden regions: 60->0(560)
[2020-09-03T11:16:13.991+0000][23984][gc,heap      ] GC(17) Survivor regions: 26->25(72)
[2020-09-03T11:16:13.991+0000][23984][gc,heap      ] GC(17) Old regions: 50->50
[2020-09-03T11:16:13.991+0000][23984][gc,heap      ] GC(17) Archive regions: 0->0
[2020-09-03T11:16:13.991+0000][23984][gc,heap      ] GC(17) Humongous regions: 257->89
[2020-09-03T11:16:13.991+0000][23984][gc,metaspace ] GC(17) Metaspace: 81254K(87168K)->81254K(87168K) NonClass: 70283K(73728K)->70283K(73728K) Class: 10971K(13440K)->10971K(13440K)
[2020-09-03T11:16:13.991+0000][23984][gc           ] GC(17) Pause Young (Concurrent Start) (G1 Humongous Allocation) 392M->163M(1024M) 18.588ms
[2020-09-03T11:16:13.991+0000][23984][gc,cpu       ] GC(17) User=0.11s Sys=0.00s Real=0.02s
[2020-09-03T11:16:13.991+0000][23984][gc           ] GC(18) Concurrent Cycle
[2020-09-03T11:16:13.991+0000][23984][safepoint    ] Safepoint "G1TryInitiateConcMark", Time since last: 287057000 ns, Reaching safepoint: 206600 ns, At safepoint: 18777300 ns, Total: 18983900 ns
[2020-09-03T11:16:13.991+0000][23984][gc,marking   ] GC(18) Concurrent Clear Claimed Marks
[2020-09-03T11:16:13.992+0000][23984][gc,marking   ] GC(18) Concurrent Clear Claimed Marks 0.343ms
[2020-09-03T11:16:13.992+0000][23984][gc,marking   ] GC(18) Concurrent Scan Root Regions
[2020-09-03T11:16:14.008+0000][23984][gc,marking   ] GC(18) Concurrent Scan Root Regions 16.501ms
[2020-09-03T11:16:14.008+0000][23984][gc,marking   ] GC(18) Concurrent Mark (123.009s)
[2020-09-03T11:16:14.008+0000][23984][gc,marking   ] GC(18) Concurrent Mark From Roots
[2020-09-03T11:16:14.008+0000][23984][gc,task      ] GC(18) Using 2 workers of 2 for marking
[2020-09-03T11:16:14.099+0000][23984][gc,marking   ] GC(18) Concurrent Mark From Roots 90.462ms
[2020-09-03T11:16:14.099+0000][23984][gc,marking   ] GC(18) Concurrent Preclean
[2020-09-03T11:16:14.099+0000][23984][gc,marking   ] GC(18) Concurrent Preclean 0.367ms
[2020-09-03T11:16:14.099+0000][23984][gc,marking   ] GC(18) Concurrent Mark (123.009s, 123.100s) 91.017ms
[2020-09-03T11:16:14.099+0000][23984][gc,start     ] GC(18) Pause Remark
[2020-09-03T11:16:14.103+0000][23984][gc           ] GC(18) Pause Remark 199M->199M(1024M) 3.470ms
[2020-09-03T11:16:14.103+0000][23984][gc,cpu       ] GC(18) User=0.00s Sys=0.00s Real=0.00s
[2020-09-03T11:16:14.103+0000][23984][safepoint    ] Safepoint "G1Concurrent", Time since last: 108077300 ns, Reaching safepoint: 123200 ns, At safepoint: 3660400 ns, Total: 3783600 ns
[2020-09-03T11:16:14.103+0000][23984][gc,marking   ] GC(18) Concurrent Rebuild Remembered Sets
[2020-09-03T11:16:14.160+0000][23984][gc,marking   ] GC(18) Concurrent Rebuild Remembered Sets 56.414ms
[2020-09-03T11:16:14.160+0000][23984][gc,start     ] GC(18) Pause Cleanup
[2020-09-03T11:16:14.160+0000][23984][gc           ] GC(18) Pause Cleanup 201M->201M(1024M) 0.240ms
[2020-09-03T11:16:14.160+0000][23984][gc,cpu       ] GC(18) User=0.00s Sys=0.00s Real=0.00s
[2020-09-03T11:16:14.160+0000][23984][safepoint    ] Safepoint "G1Concurrent", Time since last: 56572700 ns, Reaching safepoint: 124200 ns, At safepoint: 378600 ns, Total: 502800 ns
[2020-09-03T11:16:14.160+0000][23984][gc,marking   ] GC(18) Concurrent Cleanup for Next Mark
[2020-09-03T11:16:14.162+0000][23984][gc,marking   ] GC(18) Concurrent Cleanup for Next Mark 1.621ms
[2020-09-03T11:16:14.162+0000][23984][gc           ] GC(18) Concurrent Cycle 170.875ms
[2020-09-03T11:16:14.188+0000][23984][safepoint    ] Safepoint "BulkRevokeBias", Time since last: 26748200 ns, Reaching safepoint: 168600 ns, At safepoint: 1077400 ns, Total: 1246000 ns
[2020-09-03T11:16:14.686+0000][23984][gc,start     ] GC(19) Pause Young (Concurrent Start) (G1 Humongous Allocation)
[2020-09-03T11:16:14.686+0000][23984][gc,task      ] GC(19) Using 8 workers of 8 for evacuation
[2020-09-03T11:16:14.686+0000][23984][gc,age       ] GC(19) Desired survivor size 38797312 bytes, new threshold 15 (max threshold 15)
[2020-09-03T11:16:14.701+0000][23984][gc,age       ] GC(19) Age table with threshold 15 (max threshold 15)
[2020-09-03T11:16:14.701+0000][23984][gc,age       ] GC(19) - age   1:    2999792 bytes,    2999792 total
[2020-09-03T11:16:14.701+0000][23984][gc,age       ] GC(19) - age   2:     412656 bytes,    3412448 total
[2020-09-03T11:16:14.701+0000][23984][gc,age       ] GC(19) - age   3:     475224 bytes,    3887672 total
[2020-09-03T11:16:14.701+0000][23984][gc,age       ] GC(19) - age   4:     324056 bytes,    4211728 total
[2020-09-03T11:16:14.701+0000][23984][gc,age       ] GC(19) - age   5:     346192 bytes,    4557920 total
[2020-09-03T11:16:14.701+0000][23984][gc,age       ] GC(19) - age   6:   12287400 bytes,   16845320 total
[2020-09-03T11:16:14.701+0000][23984][gc,age       ] GC(19) - age   7:    8318536 bytes,   25163856 total
[2020-09-03T11:16:14.701+0000][23984][gc,phases    ] GC(19)   Pre Evacuate Collection Set: 0.4ms
[2020-09-03T11:16:14.701+0000][23984][gc,phases    ] GC(19)   Merge Heap Roots: 0.1ms
[2020-09-03T11:16:14.701+0000][23984][gc,phases    ] GC(19)   Evacuate Collection Set: 12.3ms
[2020-09-03T11:16:14.701+0000][23984][gc,phases    ] GC(19)   Post Evacuate Collection Set: 1.8ms
[2020-09-03T11:16:14.701+0000][23984][gc,phases    ] GC(19)   Other: 0.5ms
[2020-09-03T11:16:14.701+0000][23984][gc,heap      ] GC(19) Eden regions: 80->0(567)
[2020-09-03T11:16:14.701+0000][23984][gc,heap      ] GC(19) Survivor regions: 25->26(74)
[2020-09-03T11:16:14.701+0000][23984][gc,heap      ] GC(19) Old regions: 50->50
[2020-09-03T11:16:14.701+0000][23984][gc,heap      ] GC(19) Archive regions: 0->0
[2020-09-03T11:16:14.701+0000][23984][gc,heap      ] GC(19) Humongous regions: 257->89
[2020-09-03T11:16:14.701+0000][23984][gc,metaspace ] GC(19) Metaspace: 81332K(87424K)->81332K(87424K) NonClass: 70361K(73984K)->70361K(73984K) Class: 10971K(13440K)->10971K(13440K)
[2020-09-03T11:16:14.701+0000][23984][gc           ] GC(19) Pause Young (Concurrent Start) (G1 Humongous Allocation) 411M->164M(1024M) 15.208ms
[2020-09-03T11:16:14.701+0000][23984][gc,cpu       ] GC(19) User=0.00s Sys=0.00s Real=0.01s
[2020-09-03T11:16:14.701+0000][23984][safepoint    ] Safepoint "G1TryInitiateConcMark", Time since last: 497677400 ns, Reaching safepoint: 169900 ns, At safepoint: 15367000 ns, Total: 15536900 ns
[2020-09-03T11:16:14.701+0000][23984][gc           ] GC(20) Concurrent Cycle
[2020-09-03T11:16:14.701+0000][23984][gc,marking   ] GC(20) Concurrent Clear Claimed Marks
[2020-09-03T11:16:14.702+0000][23984][gc,marking   ] GC(20) Concurrent Clear Claimed Marks 0.599ms
[2020-09-03T11:16:14.702+0000][23984][gc,marking   ] GC(20) Concurrent Scan Root Regions
[2020-09-03T11:16:14.717+0000][23984][gc,marking   ] GC(20) Concurrent Scan Root Regions 14.599ms
[2020-09-03T11:16:14.717+0000][23984][gc,marking   ] GC(20) Concurrent Mark (123.718s)
[2020-09-03T11:16:14.717+0000][23984][gc,marking   ] GC(20) Concurrent Mark From Roots
[2020-09-03T11:16:14.717+0000][23984][gc,task      ] GC(20) Using 2 workers of 2 for marking
[2020-09-03T11:16:14.786+0000][23984][gc,marking   ] GC(20) Concurrent Mark From Roots 69.573ms
[2020-09-03T11:16:14.786+0000][23984][gc,marking   ] GC(20) Concurrent Preclean
[2020-09-03T11:16:14.787+0000][23984][gc,marking   ] GC(20) Concurrent Preclean 0.256ms
[2020-09-03T11:16:14.787+0000][23984][gc,marking   ] GC(20) Concurrent Mark (123.718s, 123.788s) 69.934ms
[2020-09-03T11:16:14.787+0000][23984][gc,start     ] GC(20) Pause Remark
[2020-09-03T11:16:14.790+0000][23984][gc           ] GC(20) Pause Remark 222M->222M(1024M) 3.038ms
[2020-09-03T11:16:14.790+0000][23984][gc,cpu       ] GC(20) User=0.00s Sys=0.00s Real=0.00s
[2020-09-03T11:16:14.790+0000][23984][safepoint    ] Safepoint "G1Concurrent", Time since last: 85442700 ns, Reaching safepoint: 139900 ns, At safepoint: 3244200 ns, Total: 3384100 ns
[2020-09-03T11:16:14.790+0000][23984][gc,marking   ] GC(20) Concurrent Rebuild Remembered Sets
[2020-09-03T11:16:14.849+0000][23984][gc,marking   ] GC(20) Concurrent Rebuild Remembered Sets 58.763ms
[2020-09-03T11:16:14.849+0000][23984][gc,start     ] GC(20) Pause Cleanup
[2020-09-03T11:16:14.850+0000][23984][gc           ] GC(20) Pause Cleanup 223M->223M(1024M) 0.308ms
[2020-09-03T11:16:14.850+0000][23984][gc,cpu       ] GC(20) User=0.00s Sys=0.00s Real=0.00s
[2020-09-03T11:16:14.850+0000][23984][safepoint    ] Safepoint "G1Concurrent", Time since last: 58930600 ns, Reaching safepoint: 156200 ns, At safepoint: 562900 ns, Total: 719100 ns
[2020-09-03T11:16:14.850+0000][23984][gc,marking   ] GC(20) Concurrent Cleanup for Next Mark
[2020-09-03T11:16:14.853+0000][23984][gc,marking   ] GC(20) Concurrent Cleanup for Next Mark 3.099ms
[2020-09-03T11:16:14.853+0000][23984][gc           ] GC(20) Concurrent Cycle 151.776ms
[2020-09-03T11:16:15.335+0000][23984][gc,start     ] GC(21) Pause Young (Concurrent Start) (G1 Humongous Allocation)
[2020-09-03T11:16:15.335+0000][23984][gc,task      ] GC(21) Using 8 workers of 8 for evacuation
[2020-09-03T11:16:15.335+0000][23984][gc,age       ] GC(21) Desired survivor size 39321600 bytes, new threshold 15 (max threshold 15)
[2020-09-03T11:16:15.352+0000][23984][gc,age       ] GC(21) Age table with threshold 15 (max threshold 15)
[2020-09-03T11:16:15.352+0000][23984][gc,age       ] GC(21) - age   1:    2449816 bytes,    2449816 total
[2020-09-03T11:16:15.352+0000][23984][gc,age       ] GC(21) - age   2:     415160 bytes,    2864976 total
[2020-09-03T11:16:15.352+0000][23984][gc,age       ] GC(21) - age   3:     411368 bytes,    3276344 total
[2020-09-03T11:16:15.352+0000][23984][gc,age       ] GC(21) - age   4:     471200 bytes,    3747544 total
[2020-09-03T11:16:15.352+0000][23984][gc,age       ] GC(21) - age   5:     323768 bytes,    4071312 total
[2020-09-03T11:16:15.352+0000][23984][gc,age       ] GC(21) - age   6:     346032 bytes,    4417344 total
[2020-09-03T11:16:15.352+0000][23984][gc,age       ] GC(21) - age   7:   12287200 bytes,   16704544 total
[2020-09-03T11:16:15.352+0000][23984][gc,age       ] GC(21) - age   8:    8318536 bytes,   25023080 total
[2020-09-03T11:16:15.352+0000][23984][gc,phases    ] GC(21)   Pre Evacuate Collection Set: 0.4ms
[2020-09-03T11:16:15.352+0000][23984][gc,phases    ] GC(21)   Merge Heap Roots: 0.1ms
[2020-09-03T11:16:15.352+0000][23984][gc,phases    ] GC(21)   Evacuate Collection Set: 14.1ms
[2020-09-03T11:16:15.352+0000][23984][gc,phases    ] GC(21)   Post Evacuate Collection Set: 2.1ms
[2020-09-03T11:16:15.353+0000][23984][gc,phases    ] GC(21)   Other: 0.7ms
[2020-09-03T11:16:15.353+0000][23984][gc,heap      ] GC(21) Eden regions: 63->0(573)
[2020-09-03T11:16:15.353+0000][23984][gc,heap      ] GC(21) Survivor regions: 26->26(75)
[2020-09-03T11:16:15.353+0000][23984][gc,heap      ] GC(21) Old regions: 50->50
[2020-09-03T11:16:15.353+0000][23984][gc,heap      ] GC(21) Archive regions: 0->0
[2020-09-03T11:16:15.353+0000][23984][gc,heap      ] GC(21) Humongous regions: 257->89
[2020-09-03T11:16:15.353+0000][23984][gc,metaspace ] GC(21) Metaspace: 81390K(87424K)->81390K(87424K) NonClass: 70419K(73984K)->70419K(73984K) Class: 10971K(13440K)->10971K(13440K)
[2020-09-03T11:16:15.353+0000][23984][gc           ] GC(21) Pause Young (Concurrent Start) (G1 Humongous Allocation) 395M->164M(1024M) 17.809ms
[2020-09-03T11:16:15.353+0000][23984][gc,cpu       ] GC(21) User=0.11s Sys=0.02s Real=0.02s
[2020-09-03T11:16:15.353+0000][23984][gc           ] GC(22) Concurrent Cycle
[2020-09-03T11:16:15.353+0000][23984][safepoint    ] Safepoint "G1TryInitiateConcMark", Time since last: 484875500 ns, Reaching safepoint: 222800 ns, At safepoint: 17979800 ns, Total: 18202600 ns
[2020-09-03T11:16:15.353+0000][23984][gc,marking   ] GC(22) Concurrent Clear Claimed Marks
[2020-09-03T11:16:15.353+0000][23984][gc,marking   ] GC(22) Concurrent Clear Claimed Marks 0.379ms
[2020-09-03T11:16:15.353+0000][23984][gc,marking   ] GC(22) Concurrent Scan Root Regions
[2020-09-03T11:16:15.370+0000][23984][gc,marking   ] GC(22) Concurrent Scan Root Regions 17.007ms
[2020-09-03T11:16:15.370+0000][23984][gc,marking   ] GC(22) Concurrent Mark (124.372s)
[2020-09-03T11:16:15.371+0000][23984][gc,marking   ] GC(22) Concurrent Mark From Roots
[2020-09-03T11:16:15.371+0000][23984][gc,task      ] GC(22) Using 2 workers of 2 for marking
[2020-09-03T11:16:15.437+0000][23984][gc,marking   ] GC(22) Concurrent Mark From Roots 66.018ms
[2020-09-03T11:16:15.437+0000][23984][gc,marking   ] GC(22) Concurrent Preclean
[2020-09-03T11:16:15.437+0000][23984][gc,marking   ] GC(22) Concurrent Preclean 0.374ms
[2020-09-03T11:16:15.437+0000][23984][gc,marking   ] GC(22) Concurrent Mark (124.372s, 124.438s) 66.546ms
[2020-09-03T11:16:15.437+0000][23984][gc,start     ] GC(22) Pause Remark
[2020-09-03T11:16:15.441+0000][23984][gc           ] GC(22) Pause Remark 197M->197M(1024M) 3.345ms
[2020-09-03T11:16:15.441+0000][23984][gc,cpu       ] GC(22) User=0.00s Sys=0.00s Real=0.00s
[2020-09-03T11:16:15.441+0000][23984][safepoint    ] Safepoint "G1Concurrent", Time since last: 84162800 ns, Reaching safepoint: 130100 ns, At safepoint: 3501300 ns, Total: 3631400 ns
[2020-09-03T11:16:15.441+0000][23984][gc,marking   ] GC(22) Concurrent Rebuild Remembered Sets
[2020-09-03T11:16:15.494+0000][23984][gc,marking   ] GC(22) Concurrent Rebuild Remembered Sets 53.685ms
[2020-09-03T11:16:15.495+0000][23984][gc,start     ] GC(22) Pause Cleanup
[2020-09-03T11:16:15.495+0000][23984][gc           ] GC(22) Pause Cleanup 198M->198M(1024M) 0.227ms
[2020-09-03T11:16:15.495+0000][23984][gc,cpu       ] GC(22) User=0.00s Sys=0.00s Real=0.00s
[2020-09-03T11:16:15.495+0000][23984][safepoint    ] Safepoint "G1Concurrent", Time since last: 53838900 ns, Reaching safepoint: 117600 ns, At safepoint: 389300 ns, Total: 506900 ns
[2020-09-03T11:16:15.495+0000][23984][gc,marking   ] GC(22) Concurrent Cleanup for Next Mark
[2020-09-03T11:16:15.497+0000][23984][gc,marking   ] GC(22) Concurrent Cleanup for Next Mark 1.835ms
[2020-09-03T11:16:15.497+0000][23984][gc           ] GC(22) Concurrent Cycle 144.209ms
[2020-09-03T11:16:15.949+0000][23984][gc,start     ] GC(23) Pause Young (Concurrent Start) (G1 Humongous Allocation)
[2020-09-03T11:16:15.949+0000][23984][gc,task      ] GC(23) Using 8 workers of 8 for evacuation
[2020-09-03T11:16:15.949+0000][23984][gc,age       ] GC(23) Desired survivor size 39321600 bytes, new threshold 15 (max threshold 15)
[2020-09-03T11:16:15.964+0000][23984][gc,age       ] GC(23) Age table with threshold 15 (max threshold 15)
[2020-09-03T11:16:15.964+0000][23984][gc,age       ] GC(23) - age   1:    3400008 bytes,    3400008 total
[2020-09-03T11:16:15.964+0000][23984][gc,age       ] GC(23) - age   2:     208080 bytes,    3608088 total
[2020-09-03T11:16:15.964+0000][23984][gc,age       ] GC(23) - age   3:     413272 bytes,    4021360 total
[2020-09-03T11:16:15.964+0000][23984][gc,age       ] GC(23) - age   4:     407888 bytes,    4429248 total
[2020-09-03T11:16:15.964+0000][23984][gc,age       ] GC(23) - age   5:     469488 bytes,    4898736 total
[2020-09-03T11:16:15.964+0000][23984][gc,age       ] GC(23) - age   6:     323424 bytes,    5222160 total
[2020-09-03T11:16:15.964+0000][23984][gc,age       ] GC(23) - age   7:     345944 bytes,    5568104 total
[2020-09-03T11:16:15.964+0000][23984][gc,age       ] GC(23) - age   8:   12287120 bytes,   17855224 total
[2020-09-03T11:16:15.964+0000][23984][gc,age       ] GC(23) - age   9:    8318536 bytes,   26173760 total
[2020-09-03T11:16:15.964+0000][23984][gc,phases    ] GC(23)   Pre Evacuate Collection Set: 0.5ms
[2020-09-03T11:16:15.964+0000][23984][gc,phases    ] GC(23)   Merge Heap Roots: 0.1ms
[2020-09-03T11:16:15.964+0000][23984][gc,phases    ] GC(23)   Evacuate Collection Set: 12.5ms
[2020-09-03T11:16:15.964+0000][23984][gc,phases    ] GC(23)   Post Evacuate Collection Set: 1.6ms
[2020-09-03T11:16:15.964+0000][23984][gc,phases    ] GC(23)   Other: 0.6ms
[2020-09-03T11:16:15.964+0000][23984][gc,heap      ] GC(23) Eden regions: 76->0(573)
[2020-09-03T11:16:15.964+0000][23984][gc,heap      ] GC(23) Survivor regions: 26->28(75)
[2020-09-03T11:16:15.964+0000][23984][gc,heap      ] GC(23) Old regions: 50->50
[2020-09-03T11:16:15.964+0000][23984][gc,heap      ] GC(23) Archive regions: 0->0
[2020-09-03T11:16:15.964+0000][23984][gc,heap      ] GC(23) Humongous regions: 257->89
[2020-09-03T11:16:15.964+0000][23984][gc,metaspace ] GC(23) Metaspace: 81465K(87424K)->81465K(87424K) NonClass: 70494K(73984K)->70494K(73984K) Class: 10971K(13440K)->10971K(13440K)
[2020-09-03T11:16:15.964+0000][23984][gc           ] GC(23) Pause Young (Concurrent Start) (G1 Humongous Allocation) 408M->166M(1024M) 15.633ms
[2020-09-03T11:16:15.964+0000][23984][gc,cpu       ] GC(23) User=0.13s Sys=0.00s Real=0.02s
[2020-09-03T11:16:15.964+0000][23984][gc           ] GC(24) Concurrent Cycle
[2020-09-03T11:16:15.964+0000][23984][gc,marking   ] GC(24) Concurrent Clear Claimed Marks
[2020-09-03T11:16:15.964+0000][23984][safepoint    ] Safepoint "G1TryInitiateConcMark", Time since last: 453309600 ns, Reaching safepoint: 185100 ns, At safepoint: 15877400 ns, Total: 16062500 ns
[2020-09-03T11:16:15.965+0000][23984][gc,marking   ] GC(24) Concurrent Clear Claimed Marks 0.501ms
[2020-09-03T11:16:15.965+0000][23984][gc,marking   ] GC(24) Concurrent Scan Root Regions
[2020-09-03T11:16:15.979+0000][23984][gc,marking   ] GC(24) Concurrent Scan Root Regions 13.982ms
[2020-09-03T11:16:15.979+0000][23984][gc,marking   ] GC(24) Concurrent Mark (124.980s)
[2020-09-03T11:16:15.979+0000][23984][gc,marking   ] GC(24) Concurrent Mark From Roots
[2020-09-03T11:16:15.979+0000][23984][gc,task      ] GC(24) Using 2 workers of 2 for marking
[2020-09-03T11:16:16.043+0000][23984][gc,marking   ] GC(24) Concurrent Mark From Roots 63.945ms
[2020-09-03T11:16:16.043+0000][23984][gc,marking   ] GC(24) Concurrent Preclean
[2020-09-03T11:16:16.043+0000][23984][gc,marking   ] GC(24) Concurrent Preclean 0.278ms
[2020-09-03T11:16:16.043+0000][23984][gc,marking   ] GC(24) Concurrent Mark (124.980s, 125.045s) 64.337ms
[2020-09-03T11:16:16.044+0000][23984][gc,start     ] GC(24) Pause Remark
[2020-09-03T11:16:16.047+0000][23984][gc           ] GC(24) Pause Remark 226M->226M(1024M) 3.189ms
[2020-09-03T11:16:16.047+0000][23984][gc,cpu       ] GC(24) User=0.11s Sys=0.00s Real=0.00s
[2020-09-03T11:16:16.047+0000][23984][safepoint    ] Safepoint "G1Concurrent", Time since last: 79027800 ns, Reaching safepoint: 116000 ns, At safepoint: 3342400 ns, Total: 3458400 ns
[2020-09-03T11:16:16.047+0000][23984][gc,marking   ] GC(24) Concurrent Rebuild Remembered Sets
[2020-09-03T11:16:16.091+0000][23984][gc,marking   ] GC(24) Concurrent Rebuild Remembered Sets 43.701ms
[2020-09-03T11:16:16.091+0000][23984][gc,start     ] GC(24) Pause Cleanup
[2020-09-03T11:16:16.091+0000][23984][gc           ] GC(24) Pause Cleanup 231M->231M(1024M) 0.223ms
[2020-09-03T11:16:16.091+0000][23984][gc,cpu       ] GC(24) User=0.00s Sys=0.00s Real=0.00s
[2020-09-03T11:16:16.091+0000][23984][safepoint    ] Safepoint "G1Concurrent", Time since last: 43843400 ns, Reaching safepoint: 123500 ns, At safepoint: 340200 ns, Total: 463700 ns
[2020-09-03T11:16:16.091+0000][23984][gc,marking   ] GC(24) Concurrent Cleanup for Next Mark
[2020-09-03T11:16:16.093+0000][23984][gc,marking   ] GC(24) Concurrent Cleanup for Next Mark 1.466ms
[2020-09-03T11:16:16.093+0000][23984][gc           ] GC(24) Concurrent Cycle 128.563ms
[2020-09-03T11:16:16.376+0000][23984][safepoint    ] Safepoint "BulkRevokeBias", Time since last: 283861500 ns, Reaching safepoint: 155300 ns, At safepoint: 1217300 ns, Total: 1372600 ns
[2020-09-03T11:16:16.378+0000][23984][safepoint    ] Safepoint "BulkRevokeBias", Time since last: 346700 ns, Reaching safepoint: 84700 ns, At safepoint: 861900 ns, Total: 946600 ns
[2020-09-03T11:16:16.397+0000][23984][gc,start     ] GC(25) Pause Young (Concurrent Start) (G1 Humongous Allocation)
[2020-09-03T11:16:16.397+0000][23984][gc,task      ] GC(25) Using 8 workers of 8 for evacuation
[2020-09-03T11:16:16.397+0000][23984][gc,age       ] GC(25) Desired survivor size 39845888 bytes, new threshold 15 (max threshold 15)
[2020-09-03T11:16:16.412+0000][23984][gc,age       ] GC(25) Age table with threshold 15 (max threshold 15)
[2020-09-03T11:16:16.412+0000][23984][gc,age       ] GC(25) - age   1:    2292152 bytes,    2292152 total
[2020-09-03T11:16:16.412+0000][23984][gc,age       ] GC(25) - age   2:     408304 bytes,    2700456 total
[2020-09-03T11:16:16.412+0000][23984][gc,age       ] GC(25) - age   3:     206880 bytes,    2907336 total
[2020-09-03T11:16:16.412+0000][23984][gc,age       ] GC(25) - age   4:     413112 bytes,    3320448 total
[2020-09-03T11:16:16.412+0000][23984][gc,age       ] GC(25) - age   5:     407640 bytes,    3728088 total
[2020-09-03T11:16:16.412+0000][23984][gc,age       ] GC(25) - age   6:     469072 bytes,    4197160 total
[2020-09-03T11:16:16.412+0000][23984][gc,age       ] GC(25) - age   7:     323424 bytes,    4520584 total
[2020-09-03T11:16:16.412+0000][23984][gc,age       ] GC(25) - age   8:     345856 bytes,    4866440 total
[2020-09-03T11:16:16.412+0000][23984][gc,age       ] GC(25) - age   9:   12287008 bytes,   17153448 total
[2020-09-03T11:16:16.412+0000][23984][gc,age       ] GC(25) - age  10:    8318536 bytes,   25471984 total
[2020-09-03T11:16:16.412+0000][23984][gc,phases    ] GC(25)   Pre Evacuate Collection Set: 0.3ms
[2020-09-03T11:16:16.412+0000][23984][gc,phases    ] GC(25)   Merge Heap Roots: 0.1ms
[2020-09-03T11:16:16.412+0000][23984][gc,phases    ] GC(25)   Evacuate Collection Set: 12.2ms
[2020-09-03T11:16:16.412+0000][23984][gc,phases    ] GC(25)   Post Evacuate Collection Set: 2.0ms
[2020-09-03T11:16:16.412+0000][23984][gc,phases    ] GC(25)   Other: 0.6ms
[2020-09-03T11:16:16.412+0000][23984][gc,heap      ] GC(25) Eden regions: 63->0(575)
[2020-09-03T11:16:16.412+0000][23984][gc,heap      ] GC(25) Survivor regions: 28->27(76)
[2020-09-03T11:16:16.412+0000][23984][gc,heap      ] GC(25) Old regions: 50->50
[2020-09-03T11:16:16.412+0000][23984][gc,heap      ] GC(25) Archive regions: 0->0
[2020-09-03T11:16:16.412+0000][23984][gc,heap      ] GC(25) Humongous regions: 257->89
[2020-09-03T11:16:16.412+0000][23984][gc,metaspace ] GC(25) Metaspace: 81528K(87424K)->81528K(87424K) NonClass: 70555K(73984K)->70555K(73984K) Class: 10972K(13440K)->10972K(13440K)
[2020-09-03T11:16:16.412+0000][23984][gc           ] GC(25) Pause Young (Concurrent Start) (G1 Humongous Allocation) 396M->165M(1024M) 15.462ms
[2020-09-03T11:16:16.412+0000][23984][gc,cpu       ] GC(25) User=0.13s Sys=0.00s Real=0.01s
[2020-09-03T11:16:16.412+0000][23984][safepoint    ] Safepoint "G1TryInitiateConcMark", Time since last: 18738500 ns, Reaching safepoint: 220500 ns, At safepoint: 15596200 ns, Total: 15816700 ns
[2020-09-03T11:16:16.412+0000][23984][gc           ] GC(26) Concurrent Cycle
[2020-09-03T11:16:16.412+0000][23984][gc,marking   ] GC(26) Concurrent Clear Claimed Marks
[2020-09-03T11:16:16.413+0000][23984][gc,marking   ] GC(26) Concurrent Clear Claimed Marks 0.296ms
[2020-09-03T11:16:16.413+0000][23984][gc,marking   ] GC(26) Concurrent Scan Root Regions
[2020-09-03T11:16:16.429+0000][23984][gc,marking   ] GC(26) Concurrent Scan Root Regions 15.893ms
[2020-09-03T11:16:16.429+0000][23984][gc,marking   ] GC(26) Concurrent Mark (125.430s)
[2020-09-03T11:16:16.429+0000][23984][gc,marking   ] GC(26) Concurrent Mark From Roots
[2020-09-03T11:16:16.429+0000][23984][gc,task      ] GC(26) Using 2 workers of 2 for marking
[2020-09-03T11:16:16.486+0000][23984][gc,marking   ] GC(26) Concurrent Mark From Roots 56.897ms
[2020-09-03T11:16:16.486+0000][23984][gc,marking   ] GC(26) Concurrent Preclean
[2020-09-03T11:16:16.486+0000][23984][gc,marking   ] GC(26) Concurrent Preclean 0.241ms
[2020-09-03T11:16:16.486+0000][23984][gc,marking   ] GC(26) Concurrent Mark (125.430s, 125.487s) 57.248ms
[2020-09-03T11:16:16.486+0000][23984][gc,start     ] GC(26) Pause Remark
[2020-09-03T11:16:16.490+0000][23984][gc           ] GC(26) Pause Remark 197M->197M(1024M) 3.478ms
[2020-09-03T11:16:16.490+0000][23984][gc,cpu       ] GC(26) User=0.00s Sys=0.00s Real=0.00s
[2020-09-03T11:16:16.490+0000][23984][safepoint    ] Safepoint "G1Concurrent", Time since last: 73670700 ns, Reaching safepoint: 111000 ns, At safepoint: 3626700 ns, Total: 3737700 ns
[2020-09-03T11:16:16.490+0000][23984][gc,marking   ] GC(26) Concurrent Rebuild Remembered Sets
[2020-09-03T11:16:16.536+0000][23984][gc,marking   ] GC(26) Concurrent Rebuild Remembered Sets 46.674ms
[2020-09-03T11:16:16.537+0000][23984][gc,start     ] GC(26) Pause Cleanup
[2020-09-03T11:16:16.537+0000][23984][gc           ] GC(26) Pause Cleanup 203M->203M(1024M) 0.200ms
[2020-09-03T11:16:16.537+0000][23984][gc,cpu       ] GC(26) User=0.00s Sys=0.00s Real=0.00s
[2020-09-03T11:16:16.537+0000][23984][safepoint    ] Safepoint "G1Concurrent", Time since last: 46810300 ns, Reaching safepoint: 128700 ns, At safepoint: 322700 ns, Total: 451400 ns
[2020-09-03T11:16:16.537+0000][23984][gc,marking   ] GC(26) Concurrent Cleanup for Next Mark
[2020-09-03T11:16:16.538+0000][23984][gc,marking   ] GC(26) Concurrent Cleanup for Next Mark 1.253ms
[2020-09-03T11:16:16.538+0000][23984][gc           ] GC(26) Concurrent Cycle 126.148ms
[2020-09-03T11:16:16.919+0000][23984][gc,start     ] GC(27) Pause Young (Concurrent Start) (G1 Humongous Allocation)
[2020-09-03T11:16:16.919+0000][23984][gc,task      ] GC(27) Using 8 workers of 8 for evacuation
[2020-09-03T11:16:16.919+0000][23984][gc,age       ] GC(27) Desired survivor size 39845888 bytes, new threshold 15 (max threshold 15)
[2020-09-03T11:16:16.933+0000][23984][gc,age       ] GC(27) Age table with threshold 15 (max threshold 15)
[2020-09-03T11:16:16.934+0000][23984][gc,age       ] GC(27) - age   1:    3019896 bytes,    3019896 total
[2020-09-03T11:16:16.934+0000][23984][gc,age       ] GC(27) - age   2:     400560 bytes,    3420456 total
[2020-09-03T11:16:16.934+0000][23984][gc,age       ] GC(27) - age   3:     400456 bytes,    3820912 total
[2020-09-03T11:16:16.934+0000][23984][gc,age       ] GC(27) - age   4:     206640 bytes,    4027552 total
[2020-09-03T11:16:16.934+0000][23984][gc,age       ] GC(27) - age   5:     412760 bytes,    4440312 total
[2020-09-03T11:16:16.934+0000][23984][gc,age       ] GC(27) - age   6:     407256 bytes,    4847568 total
[2020-09-03T11:16:16.934+0000][23984][gc,age       ] GC(27) - age   7:     469040 bytes,    5316608 total
[2020-09-03T11:16:16.934+0000][23984][gc,age       ] GC(27) - age   8:     323392 bytes,    5640000 total
[2020-09-03T11:16:16.934+0000][23984][gc,age       ] GC(27) - age   9:     345584 bytes,    5985584 total
[2020-09-03T11:16:16.934+0000][23984][gc,age       ] GC(27) - age  10:   12286808 bytes,   18272392 total
[2020-09-03T11:16:16.934+0000][23984][gc,age       ] GC(27) - age  11:    8318536 bytes,   26590928 total
[2020-09-03T11:16:16.934+0000][23984][gc,phases    ] GC(27)   Pre Evacuate Collection Set: 0.4ms
[2020-09-03T11:16:16.934+0000][23984][gc,phases    ] GC(27)   Merge Heap Roots: 0.1ms
[2020-09-03T11:16:16.934+0000][23984][gc,phases    ] GC(27)   Evacuate Collection Set: 11.6ms
[2020-09-03T11:16:16.934+0000][23984][gc,phases    ] GC(27)   Post Evacuate Collection Set: 1.8ms
[2020-09-03T11:16:16.934+0000][23984][gc,phases    ] GC(27)   Other: 0.7ms
[2020-09-03T11:16:16.934+0000][23984][gc,heap      ] GC(27) Eden regions: 78->0(575)
[2020-09-03T11:16:16.934+0000][23984][gc,heap      ] GC(27) Survivor regions: 27->27(76)
[2020-09-03T11:16:16.934+0000][23984][gc,heap      ] GC(27) Old regions: 50->50
[2020-09-03T11:16:16.934+0000][23984][gc,heap      ] GC(27) Archive regions: 0->0
[2020-09-03T11:16:16.934+0000][23984][gc,heap      ] GC(27) Humongous regions: 257->89
[2020-09-03T11:16:16.934+0000][23984][gc,metaspace ] GC(27) Metaspace: 81582K(87680K)->81582K(87680K) NonClass: 70609K(74240K)->70609K(74240K) Class: 10972K(13440K)->10972K(13440K)
[2020-09-03T11:16:16.934+0000][23984][gc           ] GC(27) Pause Young (Concurrent Start) (G1 Humongous Allocation) 410M->165M(1024M) 14.822ms
[2020-09-03T11:16:16.934+0000][23984][gc,cpu       ] GC(27) User=0.02s Sys=0.00s Real=0.02s
[2020-09-03T11:16:16.934+0000][23984][safepoint    ] Safepoint "G1TryInitiateConcMark", Time since last: 382256400 ns, Reaching safepoint: 151900 ns, At safepoint: 14951400 ns, Total: 15103300 ns
[2020-09-03T11:16:16.934+0000][23984][gc           ] GC(28) Concurrent Cycle
[2020-09-03T11:16:16.934+0000][23984][gc,marking   ] GC(28) Concurrent Clear Claimed Marks
[2020-09-03T11:16:16.935+0000][23984][gc,marking   ] GC(28) Concurrent Clear Claimed Marks 0.488ms
[2020-09-03T11:16:16.935+0000][23984][gc,marking   ] GC(28) Concurrent Scan Root Regions
[2020-09-03T11:16:16.951+0000][23984][gc,marking   ] GC(28) Concurrent Scan Root Regions 16.418ms
[2020-09-03T11:16:16.951+0000][23984][gc,marking   ] GC(28) Concurrent Mark (125.953s)
[2020-09-03T11:16:16.952+0000][23984][gc,marking   ] GC(28) Concurrent Mark From Roots
[2020-09-03T11:16:16.952+0000][23984][gc,task      ] GC(28) Using 2 workers of 2 for marking
[2020-09-03T11:16:17.023+0000][23984][gc,marking   ] GC(28) Concurrent Mark From Roots 71.314ms
[2020-09-03T11:16:17.023+0000][23984][gc,marking   ] GC(28) Concurrent Preclean
[2020-09-03T11:16:17.023+0000][23984][gc,marking   ] GC(28) Concurrent Preclean 0.240ms
[2020-09-03T11:16:17.023+0000][23984][gc,marking   ] GC(28) Concurrent Mark (125.953s, 126.024s) 71.663ms
[2020-09-03T11:16:17.023+0000][23984][gc,start     ] GC(28) Pause Remark
[2020-09-03T11:16:17.026+0000][23984][gc           ] GC(28) Pause Remark 225M->225M(1024M) 3.020ms
[2020-09-03T11:16:17.026+0000][23984][gc,cpu       ] GC(28) User=0.00s Sys=0.00s Real=0.00s
[2020-09-03T11:16:17.027+0000][23984][safepoint    ] Safepoint "G1Concurrent", Time since last: 88908700 ns, Reaching safepoint: 112100 ns, At safepoint: 3189600 ns, Total: 3301700 ns
[2020-09-03T11:16:17.027+0000][23984][gc,marking   ] GC(28) Concurrent Rebuild Remembered Sets
[2020-09-03T11:16:17.047+0000][23984][safepoint    ] Safepoint "BulkRevokeBias", Time since last: 18853700 ns, Reaching safepoint: 773000 ns, At safepoint: 1116300 ns, Total: 1889300 ns
[2020-09-03T11:16:17.071+0000][23984][gc,marking   ] GC(28) Concurrent Rebuild Remembered Sets 44.601ms
[2020-09-03T11:16:17.071+0000][23984][gc,start     ] GC(28) Pause Cleanup
[2020-09-03T11:16:17.072+0000][23984][gc           ] GC(28) Pause Cleanup 233M->233M(1024M) 0.237ms
[2020-09-03T11:16:17.072+0000][23984][gc,cpu       ] GC(28) User=0.00s Sys=0.00s Real=0.00s
[2020-09-03T11:16:17.072+0000][23984][safepoint    ] Safepoint "G1Concurrent", Time since last: 24019900 ns, Reaching safepoint: 122900 ns, At safepoint: 380600 ns, Total: 503500 ns
[2020-09-03T11:16:17.072+0000][23984][gc,marking   ] GC(28) Concurrent Cleanup for Next Mark
[2020-09-03T11:16:17.074+0000][23984][gc,marking   ] GC(28) Concurrent Cleanup for Next Mark 1.664ms
[2020-09-03T11:16:17.074+0000][23984][gc           ] GC(28) Concurrent Cycle 139.357ms
[2020-09-03T11:16:18.448+0000][23984][safepoint    ] Safepoint "Cleanup", Time since last: 1376288600 ns, Reaching safepoint: 251400 ns, At safepoint: 7100 ns, Total: 258500 ns
[2020-09-03T11:16:18.462+0000][23984][gc,start     ] GC(29) Pause Young (Concurrent Start) (G1 Humongous Allocation)
[2020-09-03T11:16:18.462+0000][23984][gc,task      ] GC(29) Using 8 workers of 8 for evacuation
[2020-09-03T11:16:18.462+0000][23984][gc,age       ] GC(29) Desired survivor size 39845888 bytes, new threshold 15 (max threshold 15)
[2020-09-03T11:16:18.476+0000][23984][gc,age       ] GC(29) Age table with threshold 15 (max threshold 15)
[2020-09-03T11:16:18.476+0000][23984][gc,age       ] GC(29) - age   1:    1422416 bytes,    1422416 total
[2020-09-03T11:16:18.476+0000][23984][gc,age       ] GC(29) - age   2:     203576 bytes,    1625992 total
[2020-09-03T11:16:18.476+0000][23984][gc,age       ] GC(29) - age   3:     399008 bytes,    2025000 total
[2020-09-03T11:16:18.476+0000][23984][gc,age       ] GC(29) - age   4:     202600 bytes,    2227600 total
[2020-09-03T11:16:18.476+0000][23984][gc,age       ] GC(29) - age   5:       3648 bytes,    2231248 total
[2020-09-03T11:16:18.476+0000][23984][gc,age       ] GC(29) - age   6:     214672 bytes,    2445920 total
[2020-09-03T11:16:18.476+0000][23984][gc,age       ] GC(29) - age   7:     284736 bytes,    2730656 total
[2020-09-03T11:16:18.476+0000][23984][gc,age       ] GC(29) - age   8:     468688 bytes,    3199344 total
[2020-09-03T11:16:18.476+0000][23984][gc,age       ] GC(29) - age   9:     323280 bytes,    3522624 total
[2020-09-03T11:16:18.476+0000][23984][gc,age       ] GC(29) - age  10:     295768 bytes,    3818392 total
[2020-09-03T11:16:18.476+0000][23984][gc,age       ] GC(29) - age  11:   12285120 bytes,   16103512 total
[2020-09-03T11:16:18.476+0000][23984][gc,age       ] GC(29) - age  12:    8318168 bytes,   24421680 total
[2020-09-03T11:16:18.476+0000][23984][gc,phases    ] GC(29)   Pre Evacuate Collection Set: 0.4ms
[2020-09-03T11:16:18.476+0000][23984][gc,phases    ] GC(29)   Merge Heap Roots: 0.1ms
[2020-09-03T11:16:18.476+0000][23984][gc,phases    ] GC(29)   Evacuate Collection Set: 11.9ms
[2020-09-03T11:16:18.476+0000][23984][gc,phases    ] GC(29)   Post Evacuate Collection Set: 1.6ms
[2020-09-03T11:16:18.477+0000][23984][gc,phases    ] GC(29)   Other: 0.7ms
[2020-09-03T11:16:18.477+0000][23984][gc,heap      ] GC(29) Eden regions: 59->0(511)
[2020-09-03T11:16:18.477+0000][23984][gc,heap      ] GC(29) Survivor regions: 27->25(76)
[2020-09-03T11:16:18.477+0000][23984][gc,heap      ] GC(29) Old regions: 50->50
[2020-09-03T11:16:18.477+0000][23984][gc,heap      ] GC(29) Archive regions: 0->0
[2020-09-03T11:16:18.477+0000][23984][gc,heap      ] GC(29) Humongous regions: 253->157
[2020-09-03T11:16:18.477+0000][23984][gc,metaspace ] GC(29) Metaspace: 82392K(88576K)->82392K(88576K) NonClass: 71328K(75008K)->71328K(75008K) Class: 11064K(13568K)->11064K(13568K)
[2020-09-03T11:16:18.477+0000][23984][gc           ] GC(29) Pause Young (Concurrent Start) (G1 Humongous Allocation) 387M->231M(1024M) 14.982ms
[2020-09-03T11:16:18.477+0000][23984][gc,cpu       ] GC(29) User=0.13s Sys=0.00s Real=0.02s
[2020-09-03T11:16:18.477+0000][23984][gc           ] GC(30) Concurrent Cycle
[2020-09-03T11:16:18.477+0000][23984][gc,marking   ] GC(30) Concurrent Clear Claimed Marks
[2020-09-03T11:16:18.477+0000][23984][gc,marking   ] GC(30) Concurrent Clear Claimed Marks 0.254ms
[2020-09-03T11:16:18.477+0000][23984][safepoint    ] Safepoint "G1TryInitiateConcMark", Time since last: 10840600 ns, Reaching safepoint: 3164300 ns, At safepoint: 15477200 ns, Total: 18641500 ns
[2020-09-03T11:16:18.477+0000][23984][gc,marking   ] GC(30) Concurrent Scan Root Regions
[2020-09-03T11:16:18.494+0000][23984][gc,marking   ] GC(30) Concurrent Scan Root Regions 16.636ms
[2020-09-03T11:16:18.494+0000][23984][gc,marking   ] GC(30) Concurrent Mark (127.496s)
[2020-09-03T11:16:18.494+0000][23984][gc,marking   ] GC(30) Concurrent Mark From Roots
[2020-09-03T11:16:18.494+0000][23984][gc,task      ] GC(30) Using 2 workers of 2 for marking
[2020-09-03T11:16:18.563+0000][23984][gc,marking   ] GC(30) Concurrent Mark From Roots 68.823ms
[2020-09-03T11:16:18.563+0000][23984][gc,marking   ] GC(30) Concurrent Preclean
[2020-09-03T11:16:18.563+0000][23984][gc,marking   ] GC(30) Concurrent Preclean 0.207ms
[2020-09-03T11:16:18.563+0000][23984][gc,marking   ] GC(30) Concurrent Mark (127.496s, 127.565s) 69.134ms
[2020-09-03T11:16:18.563+0000][23984][gc,start     ] GC(30) Pause Remark
[2020-09-03T11:16:18.567+0000][23984][gc           ] GC(30) Pause Remark 323M->323M(1024M) 3.535ms
[2020-09-03T11:16:18.567+0000][23984][gc,cpu       ] GC(30) User=0.00s Sys=0.00s Real=0.00s
[2020-09-03T11:16:18.567+0000][23984][safepoint    ] Safepoint "G1Concurrent", Time since last: 85913200 ns, Reaching safepoint: 158100 ns, At safepoint: 3669600 ns, Total: 3827700 ns
[2020-09-03T11:16:18.567+0000][23984][gc,marking   ] GC(30) Concurrent Rebuild Remembered Sets
[2020-09-03T11:16:18.609+0000][23984][gc,marking   ] GC(30) Concurrent Rebuild Remembered Sets 41.856ms
[2020-09-03T11:16:18.609+0000][23984][gc,start     ] GC(30) Pause Cleanup
[2020-09-03T11:16:18.609+0000][23984][gc           ] GC(30) Pause Cleanup 328M->328M(1024M) 0.244ms
[2020-09-03T11:16:18.609+0000][23984][gc,cpu       ] GC(30) User=0.00s Sys=0.00s Real=0.00s
[2020-09-03T11:16:18.610+0000][23984][safepoint    ] Safepoint "G1Concurrent", Time since last: 42012900 ns, Reaching safepoint: 169700 ns, At safepoint: 394000 ns, Total: 563700 ns
[2020-09-03T11:16:18.610+0000][23984][gc,marking   ] GC(30) Concurrent Cleanup for Next Mark
[2020-09-03T11:16:18.611+0000][23984][gc,marking   ] GC(30) Concurrent Cleanup for Next Mark 1.597ms
[2020-09-03T11:16:18.611+0000][23984][gc           ] GC(30) Concurrent Cycle 134.375ms
[2020-09-03T11:16:18.684+0000][23984][gc,start     ] GC(31) Pause Young (Concurrent Start) (G1 Humongous Allocation)
[2020-09-03T11:16:18.684+0000][23984][gc,task      ] GC(31) Using 8 workers of 8 for evacuation
[2020-09-03T11:16:18.685+0000][23984][gc,age       ] GC(31) Desired survivor size 35127296 bytes, new threshold 15 (max threshold 15)
[2020-09-03T11:16:18.698+0000][23984][gc,age       ] GC(31) Age table with threshold 15 (max threshold 15)
[2020-09-03T11:16:18.698+0000][23984][gc,age       ] GC(31) - age   1:    3571320 bytes,    3571320 total
[2020-09-03T11:16:18.698+0000][23984][gc,age       ] GC(31) - age   2:    1332224 bytes,    4903544 total
[2020-09-03T11:16:18.698+0000][23984][gc,age       ] GC(31) - age   3:       5176 bytes,    4908720 total
[2020-09-03T11:16:18.698+0000][23984][gc,age       ] GC(31) - age   4:       4064 bytes,    4912784 total
[2020-09-03T11:16:18.698+0000][23984][gc,age       ] GC(31) - age   5:       4648 bytes,    4917432 total
[2020-09-03T11:16:18.698+0000][23984][gc,age       ] GC(31) - age   6:       3184 bytes,    4920616 total
[2020-09-03T11:16:18.698+0000][23984][gc,age       ] GC(31) - age   7:      12864 bytes,    4933480 total
[2020-09-03T11:16:18.699+0000][23984][gc,age       ] GC(31) - age   8:      12224 bytes,    4945704 total
[2020-09-03T11:16:18.699+0000][23984][gc,age       ] GC(31) - age   9:      73824 bytes,    5019528 total
[2020-09-03T11:16:18.699+0000][23984][gc,age       ] GC(31) - age  10:     125472 bytes,    5145000 total
[2020-09-03T11:16:18.699+0000][23984][gc,age       ] GC(31) - age  11:     295640 bytes,    5440640 total
[2020-09-03T11:16:18.699+0000][23984][gc,age       ] GC(31) - age  12:   12281800 bytes,   17722440 total
[2020-09-03T11:16:18.699+0000][23984][gc,age       ] GC(31) - age  13:    8318168 bytes,   26040608 total
[2020-09-03T11:16:18.699+0000][23984][gc,phases    ] GC(31)   Pre Evacuate Collection Set: 0.3ms
[2020-09-03T11:16:18.699+0000][23984][gc,phases    ] GC(31)   Merge Heap Roots: 0.1ms
[2020-09-03T11:16:18.699+0000][23984][gc,phases    ] GC(31)   Evacuate Collection Set: 12.0ms
[2020-09-03T11:16:18.699+0000][23984][gc,phases    ] GC(31)   Post Evacuate Collection Set: 1.4ms
[2020-09-03T11:16:18.699+0000][23984][gc,phases    ] GC(31)   Other: 0.5ms
[2020-09-03T11:16:18.699+0000][23984][gc,heap      ] GC(31) Eden regions: 38->0(427)
[2020-09-03T11:16:18.699+0000][23984][gc,heap      ] GC(31) Survivor regions: 25->27(67)
[2020-09-03T11:16:18.699+0000][23984][gc,heap      ] GC(31) Old regions: 50->50
[2020-09-03T11:16:18.699+0000][23984][gc,heap      ] GC(31) Archive regions: 0->0
[2020-09-03T11:16:18.699+0000][23984][gc,heap      ] GC(31) Humongous regions: 257->174
[2020-09-03T11:16:18.699+0000][23984][gc,metaspace ] GC(31) Metaspace: 82459K(88576K)->82459K(88576K) NonClass: 71394K(75008K)->71394K(75008K) Class: 11064K(13568K)->11064K(13568K)
[2020-09-03T11:16:18.699+0000][23984][gc           ] GC(31) Pause Young (Concurrent Start) (G1 Humongous Allocation) 369M->250M(1024M) 14.456ms
[2020-09-03T11:16:18.699+0000][23984][gc,cpu       ] GC(31) User=0.02s Sys=0.00s Real=0.01s
[2020-09-03T11:16:18.699+0000][23984][safepoint    ] Safepoint "G1TryInitiateConcMark", Time since last: 74673900 ns, Reaching safepoint: 185800 ns, At safepoint: 14558400 ns, Total: 14744200 ns
[2020-09-03T11:16:18.699+0000][23984][gc           ] GC(32) Concurrent Cycle
[2020-09-03T11:16:18.699+0000][23984][gc,marking   ] GC(32) Concurrent Clear Claimed Marks
[2020-09-03T11:16:18.699+0000][23984][gc,marking   ] GC(32) Concurrent Clear Claimed Marks 0.334ms
[2020-09-03T11:16:18.699+0000][23984][gc,marking   ] GC(32) Concurrent Scan Root Regions
[2020-09-03T11:16:18.711+0000][23984][gc,marking   ] GC(32) Concurrent Scan Root Regions 11.484ms
[2020-09-03T11:16:18.711+0000][23984][gc,marking   ] GC(32) Concurrent Mark (127.713s)
[2020-09-03T11:16:18.711+0000][23984][gc,marking   ] GC(32) Concurrent Mark From Roots
[2020-09-03T11:16:18.711+0000][23984][gc,task      ] GC(32) Using 2 workers of 2 for marking
[2020-09-03T11:16:18.761+0000][23984][gc,marking   ] GC(32) Concurrent Mark From Roots 50.160ms
[2020-09-03T11:16:18.761+0000][23984][gc,marking   ] GC(32) Concurrent Preclean
[2020-09-03T11:16:18.761+0000][23984][gc,marking   ] GC(32) Concurrent Preclean 0.204ms
[2020-09-03T11:16:18.761+0000][23984][gc,marking   ] GC(32) Concurrent Mark (127.713s, 127.763s) 50.452ms
[2020-09-03T11:16:18.762+0000][23984][gc,start     ] GC(32) Pause Remark
[2020-09-03T11:16:18.764+0000][23984][gc           ] GC(32) Pause Remark 285M->285M(1024M) 2.874ms
[2020-09-03T11:16:18.765+0000][23984][gc,cpu       ] GC(32) User=0.09s Sys=0.02s Real=0.00s
[2020-09-03T11:16:18.765+0000][23984][safepoint    ] Safepoint "G1Concurrent", Time since last: 62443500 ns, Reaching safepoint: 141900 ns, At safepoint: 3051400 ns, Total: 3193300 ns
[2020-09-03T11:16:18.765+0000][23984][gc,marking   ] GC(32) Concurrent Rebuild Remembered Sets
[2020-09-03T11:16:18.796+0000][23984][gc,marking   ] GC(32) Concurrent Rebuild Remembered Sets 31.456ms
[2020-09-03T11:16:18.796+0000][23984][gc,start     ] GC(32) Pause Cleanup
[2020-09-03T11:16:18.796+0000][23984][gc           ] GC(32) Pause Cleanup 285M->285M(1024M) 0.171ms
[2020-09-03T11:16:18.796+0000][23984][gc,cpu       ] GC(32) User=0.00s Sys=0.00s Real=0.00s
[2020-09-03T11:16:18.797+0000][23984][safepoint    ] Safepoint "G1Concurrent", Time since last: 31580900 ns, Reaching safepoint: 89400 ns, At safepoint: 275800 ns, Total: 365200 ns
[2020-09-03T11:16:18.797+0000][23984][gc,marking   ] GC(32) Concurrent Cleanup for Next Mark
[2020-09-03T11:16:18.798+0000][23984][gc,marking   ] GC(32) Concurrent Cleanup for Next Mark 1.476ms
[2020-09-03T11:16:18.798+0000][23984][gc           ] GC(32) Concurrent Cycle 99.196ms
[2020-09-03T11:16:18.947+0000][23984][gc,start     ] GC(33) Pause Young (Concurrent Start) (G1 Humongous Allocation)
[2020-09-03T11:16:18.947+0000][23984][gc,task      ] GC(33) Using 8 workers of 8 for evacuation
[2020-09-03T11:16:18.947+0000][23984][gc,age       ] GC(33) Desired survivor size 29884416 bytes, new threshold 15 (max threshold 15)
[2020-09-03T11:16:18.965+0000][23984][gc,age       ] GC(33) Age table with threshold 15 (max threshold 15)
[2020-09-03T11:16:18.966+0000][23984][gc,age       ] GC(33) - age   1:   11989200 bytes,   11989200 total
[2020-09-03T11:16:18.966+0000][23984][gc,age       ] GC(33) - age   2:    1235312 bytes,   13224512 total
[2020-09-03T11:16:18.966+0000][23984][gc,age       ] GC(33) - age   3:    1331640 bytes,   14556152 total
[2020-09-03T11:16:18.966+0000][23984][gc,age       ] GC(33) - age   4:       4528 bytes,   14560680 total
[2020-09-03T11:16:18.966+0000][23984][gc,age       ] GC(33) - age   5:       3872 bytes,   14564552 total
[2020-09-03T11:16:18.966+0000][23984][gc,age       ] GC(33) - age   6:       4368 bytes,   14568920 total
[2020-09-03T11:16:18.966+0000][23984][gc,age       ] GC(33) - age   7:       2824 bytes,   14571744 total
[2020-09-03T11:16:18.966+0000][23984][gc,age       ] GC(33) - age   8:      12504 bytes,   14584248 total
[2020-09-03T11:16:18.966+0000][23984][gc,age       ] GC(33) - age   9:      12224 bytes,   14596472 total
[2020-09-03T11:16:18.966+0000][23984][gc,age       ] GC(33) - age  10:      73552 bytes,   14670024 total
[2020-09-03T11:16:18.966+0000][23984][gc,age       ] GC(33) - age  11:     125472 bytes,   14795496 total
[2020-09-03T11:16:18.966+0000][23984][gc,age       ] GC(33) - age  12:     295640 bytes,   15091136 total
[2020-09-03T11:16:18.966+0000][23984][gc,age       ] GC(33) - age  13:   12281648 bytes,   27372784 total
[2020-09-03T11:16:18.966+0000][23984][gc,age       ] GC(33) - age  14:    8318168 bytes,   35690952 total
[2020-09-03T11:16:18.966+0000][23984][gc,phases    ] GC(33)   Pre Evacuate Collection Set: 0.7ms
[2020-09-03T11:16:18.966+0000][23984][gc,phases    ] GC(33)   Merge Heap Roots: 0.2ms
[2020-09-03T11:16:18.966+0000][23984][gc,phases    ] GC(33)   Evacuate Collection Set: 14.9ms
[2020-09-03T11:16:18.966+0000][23984][gc,phases    ] GC(33)   Post Evacuate Collection Set: 2.2ms
[2020-09-03T11:16:18.966+0000][23984][gc,phases    ] GC(33)   Other: 1.2ms
[2020-09-03T11:16:18.966+0000][23984][gc,heap      ] GC(33) Eden regions: 42->0(425)
[2020-09-03T11:16:18.966+0000][23984][gc,heap      ] GC(33) Survivor regions: 27->38(57)
[2020-09-03T11:16:18.966+0000][23984][gc,heap      ] GC(33) Old regions: 50->50
[2020-09-03T11:16:18.966+0000][23984][gc,heap      ] GC(33) Archive regions: 0->0
[2020-09-03T11:16:18.966+0000][23984][gc,heap      ] GC(33) Humongous regions: 257->174
[2020-09-03T11:16:18.966+0000][23984][gc,metaspace ] GC(33) Metaspace: 82474K(88576K)->82474K(88576K) NonClass: 71410K(75008K)->71410K(75008K) Class: 11064K(13568K)->11064K(13568K)
[2020-09-03T11:16:18.966+0000][23984][gc           ] GC(33) Pause Young (Concurrent Start) (G1 Humongous Allocation) 375M->261M(1024M) 19.339ms
[2020-09-03T11:16:18.966+0000][23984][gc,cpu       ] GC(33) User=0.13s Sys=0.00s Real=0.02s
[2020-09-03T11:16:18.966+0000][23984][gc           ] GC(34) Concurrent Cycle
[2020-09-03T11:16:18.966+0000][23984][gc,marking   ] GC(34) Concurrent Clear Claimed Marks
[2020-09-03T11:16:18.967+0000][23984][safepoint    ] Safepoint "G1TryInitiateConcMark", Time since last: 149853100 ns, Reaching safepoint: 473400 ns, At safepoint: 19804200 ns, Total: 20277600 ns
[2020-09-03T11:16:18.967+0000][23984][gc,marking   ] GC(34) Concurrent Clear Claimed Marks 0.461ms
[2020-09-03T11:16:18.967+0000][23984][gc,marking   ] GC(34) Concurrent Scan Root Regions
[2020-09-03T11:16:18.980+0000][23984][safepoint    ] Safepoint "G1TryInitiateConcMark", Time since last: 12097600 ns, Reaching safepoint: 180100 ns, At safepoint: 849000 ns, Total: 1029100 ns
[2020-09-03T11:16:18.985+0000][23984][gc,marking   ] GC(34) Concurrent Scan Root Regions 18.170ms
[2020-09-03T11:16:18.985+0000][23984][gc,marking   ] GC(34) Concurrent Mark (127.987s)
[2020-09-03T11:16:18.985+0000][23984][gc,marking   ] GC(34) Concurrent Mark From Roots
[2020-09-03T11:16:18.985+0000][23984][gc,task      ] GC(34) Using 2 workers of 2 for marking
[2020-09-03T11:16:19.000+0000][23984][safepoint    ] Safepoint "G1TryInitiateConcMark", Time since last: 20457700 ns, Reaching safepoint: 141600 ns, At safepoint: 16600 ns, Total: 158200 ns
[2020-09-03T11:16:19.088+0000][23984][gc,marking   ] GC(34) Concurrent Mark From Roots 102.495ms
[2020-09-03T11:16:19.088+0000][23984][gc,marking   ] GC(34) Concurrent Preclean
[2020-09-03T11:16:19.088+0000][23984][gc,marking   ] GC(34) Concurrent Preclean 0.361ms
[2020-09-03T11:16:19.088+0000][23984][gc,marking   ] GC(34) Concurrent Mark (127.987s, 128.090s) 103.025ms
[2020-09-03T11:16:19.089+0000][23984][gc,start     ] GC(34) Pause Remark
[2020-09-03T11:16:19.092+0000][23984][gc           ] GC(34) Pause Remark 505M->505M(1024M) 3.565ms
[2020-09-03T11:16:19.092+0000][23984][gc,cpu       ] GC(34) User=0.13s Sys=0.00s Real=0.00s
[2020-09-03T11:16:19.092+0000][23984][safepoint    ] Safepoint "G1Concurrent", Time since last: 87939200 ns, Reaching safepoint: 128100 ns, At safepoint: 3764800 ns, Total: 3892900 ns
[2020-09-03T11:16:19.092+0000][23984][gc,marking   ] GC(34) Concurrent Rebuild Remembered Sets
[2020-09-03T11:16:19.144+0000][23984][gc,marking   ] GC(34) Concurrent Rebuild Remembered Sets 51.729ms
[2020-09-03T11:16:19.144+0000][23984][gc,start     ] GC(34) Pause Cleanup
[2020-09-03T11:16:19.145+0000][23984][gc           ] GC(34) Pause Cleanup 506M->506M(1024M) 0.328ms
[2020-09-03T11:16:19.145+0000][23984][gc,cpu       ] GC(34) User=0.00s Sys=0.00s Real=0.00s
[2020-09-03T11:16:19.145+0000][23984][safepoint    ] Safepoint "G1Concurrent", Time since last: 51916500 ns, Reaching safepoint: 134600 ns, At safepoint: 494000 ns, Total: 628600 ns
[2020-09-03T11:16:19.145+0000][23984][gc,marking   ] GC(34) Concurrent Cleanup for Next Mark
[2020-09-03T11:16:19.147+0000][23984][gc,marking   ] GC(34) Concurrent Cleanup for Next Mark 2.067ms
[2020-09-03T11:16:19.147+0000][23984][gc           ] GC(34) Concurrent Cycle 180.587ms
[2020-09-03T11:16:19.412+0000][23984][safepoint    ] Safepoint "BulkRevokeBias", Time since last: 266112100 ns, Reaching safepoint: 170100 ns, At safepoint: 1402700 ns, Total: 1572800 ns
[2020-09-03T11:16:19.438+0000][23984][gc,start     ] GC(35) Pause Young (Concurrent Start) (G1 Humongous Allocation)
[2020-09-03T11:16:19.438+0000][23984][gc,task      ] GC(35) Using 8 workers of 8 for evacuation
[2020-09-03T11:16:19.438+0000][23984][gc,age       ] GC(35) Desired survivor size 30408704 bytes, new threshold 14 (max threshold 15)
[2020-09-03T11:16:19.456+0000][23984][gc,age       ] GC(35) Age table with threshold 14 (max threshold 15)
[2020-09-03T11:16:19.456+0000][23984][gc,age       ] GC(35) - age   1:   13661048 bytes,   13661048 total
[2020-09-03T11:16:19.456+0000][23984][gc,age       ] GC(35) - age   2:     114872 bytes,   13775920 total
[2020-09-03T11:16:19.456+0000][23984][gc,age       ] GC(35) - age   3:    1227200 bytes,   15003120 total
[2020-09-03T11:16:19.456+0000][23984][gc,age       ] GC(35) - age   4:    1330336 bytes,   16333456 total
[2020-09-03T11:16:19.456+0000][23984][gc,age       ] GC(35) - age   5:       4464 bytes,   16337920 total
[2020-09-03T11:16:19.456+0000][23984][gc,age       ] GC(35) - age   6:       3872 bytes,   16341792 total
[2020-09-03T11:16:19.456+0000][23984][gc,age       ] GC(35) - age   7:       4368 bytes,   16346160 total
[2020-09-03T11:16:19.456+0000][23984][gc,age       ] GC(35) - age   8:       2728 bytes,   16348888 total
[2020-09-03T11:16:19.456+0000][23984][gc,age       ] GC(35) - age   9:      12376 bytes,   16361264 total
[2020-09-03T11:16:19.456+0000][23984][gc,age       ] GC(35) - age  10:      12224 bytes,   16373488 total
[2020-09-03T11:16:19.456+0000][23984][gc,age       ] GC(35) - age  11:      73456 bytes,   16446944 total
[2020-09-03T11:16:19.456+0000][23984][gc,age       ] GC(35) - age  12:     125472 bytes,   16572416 total
[2020-09-03T11:16:19.456+0000][23984][gc,age       ] GC(35) - age  13:     295416 bytes,   16867832 total
[2020-09-03T11:16:19.456+0000][23984][gc,age       ] GC(35) - age  14:   12280840 bytes,   29148672 total
[2020-09-03T11:16:19.456+0000][23984][gc,phases    ] GC(35)   Pre Evacuate Collection Set: 0.5ms
[2020-09-03T11:16:19.456+0000][23984][gc,phases    ] GC(35)   Merge Heap Roots: 0.1ms
[2020-09-03T11:16:19.456+0000][23984][gc,phases    ] GC(35)   Evacuate Collection Set: 15.8ms
[2020-09-03T11:16:19.456+0000][23984][gc,phases    ] GC(35)   Post Evacuate Collection Set: 1.6ms
[2020-09-03T11:16:19.457+0000][23984][gc,phases    ] GC(35)   Other: 0.9ms
[2020-09-03T11:16:19.457+0000][23984][gc,heap      ] GC(35) Eden regions: 96->0(431)
[2020-09-03T11:16:19.457+0000][23984][gc,heap      ] GC(35) Survivor regions: 38->31(58)
[2020-09-03T11:16:19.457+0000][23984][gc,heap      ] GC(35) Old regions: 50->58
[2020-09-03T11:16:19.457+0000][23984][gc,heap      ] GC(35) Archive regions: 0->0
[2020-09-03T11:16:19.457+0000][23984][gc,heap      ] GC(35) Humongous regions: 372->174
[2020-09-03T11:16:19.457+0000][23984][gc,metaspace ] GC(35) Metaspace: 82612K(88576K)->82612K(88576K) NonClass: 71538K(75008K)->71538K(75008K) Class: 11074K(13568K)->11074K(13568K)
[2020-09-03T11:16:19.457+0000][23984][gc           ] GC(35) Pause Young (Concurrent Start) (G1 Humongous Allocation) 554M->262M(1024M) 19.215ms
[2020-09-03T11:16:19.457+0000][23984][gc,cpu       ] GC(35) User=0.11s Sys=0.00s Real=0.02s
[2020-09-03T11:16:19.457+0000][23984][gc           ] GC(36) Concurrent Cycle
[2020-09-03T11:16:19.457+0000][23984][gc,marking   ] GC(36) Concurrent Clear Claimed Marks
[2020-09-03T11:16:19.457+0000][23984][gc,marking   ] GC(36) Concurrent Clear Claimed Marks 0.341ms
[2020-09-03T11:16:19.457+0000][23984][safepoint    ] Safepoint "G1TryInitiateConcMark", Time since last: 24868600 ns, Reaching safepoint: 175200 ns, At safepoint: 19829900 ns, Total: 20005100 ns
[2020-09-03T11:16:19.457+0000][23984][gc,marking   ] GC(36) Concurrent Scan Root Regions
[2020-09-03T11:16:19.483+0000][23984][gc,marking   ] GC(36) Concurrent Scan Root Regions 25.619ms
[2020-09-03T11:16:19.483+0000][23984][gc,marking   ] GC(36) Concurrent Mark (128.485s)
[2020-09-03T11:16:19.483+0000][23984][gc,marking   ] GC(36) Concurrent Mark From Roots
[2020-09-03T11:16:19.483+0000][23984][gc,task      ] GC(36) Using 2 workers of 2 for marking
[2020-09-03T11:16:19.583+0000][23984][gc,marking   ] GC(36) Concurrent Mark From Roots 100.302ms
[2020-09-03T11:16:19.583+0000][23984][gc,marking   ] GC(36) Concurrent Preclean
[2020-09-03T11:16:19.584+0000][23984][gc,marking   ] GC(36) Concurrent Preclean 0.365ms
[2020-09-03T11:16:19.584+0000][23984][gc,marking   ] GC(36) Concurrent Mark (128.485s, 128.586s) 100.837ms
[2020-09-03T11:16:19.584+0000][23984][gc,start     ] GC(36) Pause Remark
[2020-09-03T11:16:19.588+0000][23984][gc           ] GC(36) Pause Remark 508M->508M(1024M) 3.798ms
[2020-09-03T11:16:19.588+0000][23984][gc,cpu       ] GC(36) User=0.00s Sys=0.00s Real=0.00s
[2020-09-03T11:16:19.588+0000][23984][safepoint    ] Safepoint "G1Concurrent", Time since last: 126643800 ns, Reaching safepoint: 141200 ns, At safepoint: 4014500 ns, Total: 4155700 ns
[2020-09-03T11:16:19.588+0000][23984][gc,marking   ] GC(36) Concurrent Rebuild Remembered Sets
[2020-09-03T11:16:19.660+0000][23984][gc,marking   ] GC(36) Concurrent Rebuild Remembered Sets 72.097ms
[2020-09-03T11:16:19.661+0000][23984][gc,start     ] GC(36) Pause Cleanup
[2020-09-03T11:16:19.661+0000][23984][gc           ] GC(36) Pause Cleanup 580M->580M(1024M) 0.287ms
[2020-09-03T11:16:19.661+0000][23984][gc,cpu       ] GC(36) User=0.00s Sys=0.00s Real=0.00s
[2020-09-03T11:16:19.661+0000][23984][safepoint    ] Safepoint "G1Concurrent", Time since last: 72274500 ns, Reaching safepoint: 185600 ns, At safepoint: 443600 ns, Total: 629200 ns
[2020-09-03T11:16:19.661+0000][23984][gc,marking   ] GC(36) Concurrent Cleanup for Next Mark
[2020-09-03T11:16:19.663+0000][23984][gc,marking   ] GC(36) Concurrent Cleanup for Next Mark 1.754ms
[2020-09-03T11:16:19.663+0000][23984][gc           ] GC(36) Concurrent Cycle 206.084ms
[2020-09-03T11:16:19.804+0000][23984][gc,start     ] GC(37) Pause Young (Concurrent Start) (G1 Humongous Allocation)
[2020-09-03T11:16:19.804+0000][23984][gc,task      ] GC(37) Using 8 workers of 8 for evacuation
[2020-09-03T11:16:19.804+0000][23984][gc,age       ] GC(37) Desired survivor size 30408704 bytes, new threshold 15 (max threshold 15)
[2020-09-03T11:16:19.816+0000][23984][gc,age       ] GC(37) Age table with threshold 15 (max threshold 15)
[2020-09-03T11:16:19.816+0000][23984][gc,age       ] GC(37) - age   1:    3924720 bytes,    3924720 total
[2020-09-03T11:16:19.816+0000][23984][gc,age       ] GC(37) - age   2:      20520 bytes,    3945240 total
[2020-09-03T11:16:19.816+0000][23984][gc,age       ] GC(37) - age   3:     114608 bytes,    4059848 total
[2020-09-03T11:16:19.816+0000][23984][gc,age       ] GC(37) - age   4:    1226240 bytes,    5286088 total
[2020-09-03T11:16:19.816+0000][23984][gc,age       ] GC(37) - age   5:    1330336 bytes,    6616424 total
[2020-09-03T11:16:19.816+0000][23984][gc,age       ] GC(37) - age   6:       4400 bytes,    6620824 total
[2020-09-03T11:16:19.816+0000][23984][gc,age       ] GC(37) - age   7:       3872 bytes,    6624696 total
[2020-09-03T11:16:19.816+0000][23984][gc,age       ] GC(37) - age   8:       4304 bytes,    6629000 total
[2020-09-03T11:16:19.816+0000][23984][gc,age       ] GC(37) - age   9:       2440 bytes,    6631440 total
[2020-09-03T11:16:19.816+0000][23984][gc,age       ] GC(37) - age  10:      12280 bytes,    6643720 total
[2020-09-03T11:16:19.816+0000][23984][gc,age       ] GC(37) - age  11:      12072 bytes,    6655792 total
[2020-09-03T11:16:19.816+0000][23984][gc,age       ] GC(37) - age  12:      73456 bytes,    6729248 total
[2020-09-03T11:16:19.816+0000][23984][gc,age       ] GC(37) - age  13:     125472 bytes,    6854720 total
[2020-09-03T11:16:19.816+0000][23984][gc,age       ] GC(37) - age  14:     295416 bytes,    7150136 total
[2020-09-03T11:16:19.816+0000][23984][gc,age       ] GC(37) - age  15:   12280520 bytes,   19430656 total
[2020-09-03T11:16:19.816+0000][23984][gc,phases    ] GC(37)   Pre Evacuate Collection Set: 0.4ms
[2020-09-03T11:16:19.816+0000][23984][gc,phases    ] GC(37)   Merge Heap Roots: 0.1ms
[2020-09-03T11:16:19.816+0000][23984][gc,phases    ] GC(37)   Evacuate Collection Set: 8.8ms
[2020-09-03T11:16:19.816+0000][23984][gc,phases    ] GC(37)   Post Evacuate Collection Set: 2.3ms
[2020-09-03T11:16:19.816+0000][23984][gc,phases    ] GC(37)   Other: 0.7ms
[2020-09-03T11:16:19.816+0000][23984][gc,heap      ] GC(37) Eden regions: 79->0(453)
[2020-09-03T11:16:19.816+0000][23984][gc,heap      ] GC(37) Survivor regions: 31->21(58)
[2020-09-03T11:16:19.816+0000][23984][gc,heap      ] GC(37) Old regions: 58->58
[2020-09-03T11:16:19.816+0000][23984][gc,heap      ] GC(37) Archive regions: 0->0
[2020-09-03T11:16:19.816+0000][23984][gc,heap      ] GC(37) Humongous regions: 430->174
[2020-09-03T11:16:19.816+0000][23984][gc,metaspace ] GC(37) Metaspace: 82639K(88576K)->82639K(88576K) NonClass: 71565K(75008K)->71565K(75008K) Class: 11074K(13568K)->11074K(13568K)
[2020-09-03T11:16:19.816+0000][23984][gc           ] GC(37) Pause Young (Concurrent Start) (G1 Humongous Allocation) 596M->252M(1024M) 12.504ms
[2020-09-03T11:16:19.816+0000][23984][gc,cpu       ] GC(37) User=0.13s Sys=0.00s Real=0.01s
[2020-09-03T11:16:19.817+0000][23984][gc           ] GC(38) Concurrent Cycle
[2020-09-03T11:16:19.817+0000][23984][safepoint    ] Safepoint "G1TryInitiateConcMark", Time since last: 142612400 ns, Reaching safepoint: 159800 ns, At safepoint: 12701500 ns, Total: 12861300 ns
[2020-09-03T11:16:19.817+0000][23984][gc,marking   ] GC(38) Concurrent Clear Claimed Marks
[2020-09-03T11:16:19.817+0000][23984][gc,marking   ] GC(38) Concurrent Clear Claimed Marks 0.427ms
[2020-09-03T11:16:19.817+0000][23984][gc,marking   ] GC(38) Concurrent Scan Root Regions
[2020-09-03T11:16:19.827+0000][23984][gc,marking   ] GC(38) Concurrent Scan Root Regions 9.672ms
[2020-09-03T11:16:19.827+0000][23984][gc,marking   ] GC(38) Concurrent Mark (128.829s)
[2020-09-03T11:16:19.827+0000][23984][gc,marking   ] GC(38) Concurrent Mark From Roots
[2020-09-03T11:16:19.827+0000][23984][gc,task      ] GC(38) Using 2 workers of 2 for marking
[2020-09-03T11:16:19.909+0000][23984][gc,marking   ] GC(38) Concurrent Mark From Roots 81.653ms
[2020-09-03T11:16:19.909+0000][23984][gc,marking   ] GC(38) Concurrent Preclean
[2020-09-03T11:16:19.909+0000][23984][gc,marking   ] GC(38) Concurrent Preclean 0.481ms
[2020-09-03T11:16:19.909+0000][23984][gc,marking   ] GC(38) Concurrent Mark (128.829s, 128.911s) 82.300ms
[2020-09-03T11:16:19.909+0000][23984][gc,start     ] GC(38) Pause Remark
[2020-09-03T11:16:19.912+0000][23984][gc           ] GC(38) Pause Remark 314M->314M(1024M) 3.118ms
[2020-09-03T11:16:19.913+0000][23984][gc,cpu       ] GC(38) User=0.00s Sys=0.00s Real=0.00s
[2020-09-03T11:16:19.913+0000][23984][safepoint    ] Safepoint "G1Concurrent", Time since last: 92635300 ns, Reaching safepoint: 111800 ns, At safepoint: 3278700 ns, Total: 3390500 ns
[2020-09-03T11:16:19.913+0000][23984][gc,marking   ] GC(38) Concurrent Rebuild Remembered Sets
[2020-09-03T11:16:19.950+0000][23984][safepoint    ] Safepoint "BulkRevokeBias", Time since last: 34845800 ns, Reaching safepoint: 500000 ns, At safepoint: 1808500 ns, Total: 2308500 ns
[2020-09-03T11:16:19.969+0000][23984][gc,marking   ] GC(38) Concurrent Rebuild Remembered Sets 56.661ms
[2020-09-03T11:16:19.970+0000][23984][gc,start     ] GC(38) Pause Cleanup
[2020-09-03T11:16:19.970+0000][23984][gc           ] GC(38) Pause Cleanup 323M->323M(1024M) 0.227ms
[2020-09-03T11:16:19.970+0000][23984][gc,cpu       ] GC(38) User=0.00s Sys=0.00s Real=0.00s
[2020-09-03T11:16:19.970+0000][23984][safepoint    ] Safepoint "G1Concurrent", Time since last: 19645000 ns, Reaching safepoint: 141200 ns, At safepoint: 363400 ns, Total: 504600 ns
[2020-09-03T11:16:19.970+0000][23984][gc,marking   ] GC(38) Concurrent Cleanup for Next Mark
[2020-09-03T11:16:19.972+0000][23984][gc,marking   ] GC(38) Concurrent Cleanup for Next Mark 1.798ms
[2020-09-03T11:16:19.972+0000][23984][gc           ] GC(38) Concurrent Cycle 155.263ms
[2020-09-03T11:16:19.975+0000][23984][gc,start     ] GC(39) Pause Young (Concurrent Start) (G1 Humongous Allocation)
[2020-09-03T11:16:19.975+0000][23984][gc,task      ] GC(39) Using 8 workers of 8 for evacuation
[2020-09-03T11:16:19.975+0000][23984][gc,age       ] GC(39) Desired survivor size 31457280 bytes, new threshold 15 (max threshold 15)
[2020-09-03T11:16:19.986+0000][23984][gc,age       ] GC(39) Age table with threshold 15 (max threshold 15)
[2020-09-03T11:16:19.986+0000][23984][gc,age       ] GC(39) - age   1:    2485816 bytes,    2485816 total
[2020-09-03T11:16:19.986+0000][23984][gc,age       ] GC(39) - age   2:     828064 bytes,    3313880 total
[2020-09-03T11:16:19.986+0000][23984][gc,age       ] GC(39) - age   3:      18960 bytes,    3332840 total
[2020-09-03T11:16:19.986+0000][23984][gc,age       ] GC(39) - age   4:     114544 bytes,    3447384 total
[2020-09-03T11:16:19.986+0000][23984][gc,age       ] GC(39) - age   5:    1226112 bytes,    4673496 total
[2020-09-03T11:16:19.986+0000][23984][gc,age       ] GC(39) - age   6:    1330336 bytes,    6003832 total
[2020-09-03T11:16:19.986+0000][23984][gc,age       ] GC(39) - age   7:       4400 bytes,    6008232 total
[2020-09-03T11:16:19.986+0000][23984][gc,age       ] GC(39) - age   8:       3872 bytes,    6012104 total
[2020-09-03T11:16:19.986+0000][23984][gc,age       ] GC(39) - age   9:       4144 bytes,    6016248 total
[2020-09-03T11:16:19.986+0000][23984][gc,age       ] GC(39) - age  10:       2408 bytes,    6018656 total
[2020-09-03T11:16:19.986+0000][23984][gc,age       ] GC(39) - age  11:      12280 bytes,    6030936 total
[2020-09-03T11:16:19.986+0000][23984][gc,age       ] GC(39) - age  12:      12072 bytes,    6043008 total
[2020-09-03T11:16:19.986+0000][23984][gc,age       ] GC(39) - age  13:      73456 bytes,    6116464 total
[2020-09-03T11:16:19.986+0000][23984][gc,age       ] GC(39) - age  14:     125408 bytes,    6241872 total
[2020-09-03T11:16:19.986+0000][23984][gc,age       ] GC(39) - age  15:     295416 bytes,    6537288 total
[2020-09-03T11:16:19.986+0000][23984][gc,phases    ] GC(39)   Pre Evacuate Collection Set: 0.4ms
[2020-09-03T11:16:19.986+0000][23984][gc,phases    ] GC(39)   Merge Heap Roots: 0.1ms
[2020-09-03T11:16:19.986+0000][23984][gc,phases    ] GC(39)   Evacuate Collection Set: 8.8ms
[2020-09-03T11:16:19.986+0000][23984][gc,phases    ] GC(39)   Post Evacuate Collection Set: 1.2ms
[2020-09-03T11:16:19.986+0000][23984][gc,phases    ] GC(39)   Other: 0.7ms
[2020-09-03T11:16:19.986+0000][23984][gc,heap      ] GC(39) Eden regions: 22->0(465)
[2020-09-03T11:16:19.986+0000][23984][gc,heap      ] GC(39) Survivor regions: 21->8(60)
[2020-09-03T11:16:19.986+0000][23984][gc,heap      ] GC(39) Old regions: 58->70
[2020-09-03T11:16:19.986+0000][23984][gc,heap      ] GC(39) Archive regions: 0->0
[2020-09-03T11:16:19.986+0000][23984][gc,heap      ] GC(39) Humongous regions: 249->174
[2020-09-03T11:16:19.986+0000][23984][gc,metaspace ] GC(39) Metaspace: 82645K(88576K)->82645K(88576K) NonClass: 71571K(75008K)->71571K(75008K) Class: 11074K(13568K)->11074K(13568K)
[2020-09-03T11:16:19.986+0000][23984][gc           ] GC(39) Pause Young (Concurrent Start) (G1 Humongous Allocation) 348M->251M(1024M) 11.506ms
[2020-09-03T11:16:19.986+0000][23984][gc,cpu       ] GC(39) User=0.13s Sys=0.00s Real=0.01s
[2020-09-03T11:16:19.986+0000][23984][safepoint    ] Safepoint "G1TryInitiateConcMark", Time since last: 4679700 ns, Reaching safepoint: 206400 ns, At safepoint: 11679200 ns, Total: 11885600 ns
[2020-09-03T11:16:19.986+0000][23984][gc           ] GC(40) Concurrent Cycle
[2020-09-03T11:16:19.987+0000][23984][gc,marking   ] GC(40) Concurrent Clear Claimed Marks
[2020-09-03T11:16:19.987+0000][23984][gc,marking   ] GC(40) Concurrent Clear Claimed Marks 0.298ms
[2020-09-03T11:16:19.987+0000][23984][gc,marking   ] GC(40) Concurrent Scan Root Regions
[2020-09-03T11:16:19.996+0000][23984][gc,marking   ] GC(40) Concurrent Scan Root Regions 9.598ms
[2020-09-03T11:16:19.997+0000][23984][gc,marking   ] GC(40) Concurrent Mark (128.998s)
[2020-09-03T11:16:19.997+0000][23984][gc,marking   ] GC(40) Concurrent Mark From Roots
[2020-09-03T11:16:19.997+0000][23984][gc,task      ] GC(40) Using 2 workers of 2 for marking
[2020-09-03T11:16:20.079+0000][23984][gc,marking   ] GC(40) Concurrent Mark From Roots 82.788ms
[2020-09-03T11:16:20.079+0000][23984][gc,marking   ] GC(40) Concurrent Preclean
[2020-09-03T11:16:20.080+0000][23984][gc,marking   ] GC(40) Concurrent Preclean 0.513ms
[2020-09-03T11:16:20.080+0000][23984][gc,marking   ] GC(40) Concurrent Mark (128.998s, 129.082s) 83.447ms
[2020-09-03T11:16:20.080+0000][23984][gc,start     ] GC(40) Pause Remark
[2020-09-03T11:16:20.084+0000][23984][gc           ] GC(40) Pause Remark 291M->291M(1024M) 3.945ms
[2020-09-03T11:16:20.084+0000][23984][gc,cpu       ] GC(40) User=0.00s Sys=0.00s Real=0.00s
[2020-09-03T11:16:20.084+0000][23984][safepoint    ] Safepoint "G1Concurrent", Time since last: 93659600 ns, Reaching safepoint: 131200 ns, At safepoint: 4103900 ns, Total: 4235100 ns
[2020-09-03T11:16:20.084+0000][23984][gc,marking   ] GC(40) Concurrent Rebuild Remembered Sets
[2020-09-03T11:16:20.150+0000][23984][gc,marking   ] GC(40) Concurrent Rebuild Remembered Sets 65.657ms
[2020-09-03T11:16:20.150+0000][23984][gc,start     ] GC(40) Pause Cleanup
[2020-09-03T11:16:20.151+0000][23984][gc           ] GC(40) Pause Cleanup 361M->361M(1024M) 0.245ms
[2020-09-03T11:16:20.151+0000][23984][gc,cpu       ] GC(40) User=0.00s Sys=0.00s Real=0.00s
[2020-09-03T11:16:20.151+0000][23984][safepoint    ] Safepoint "G1Concurrent", Time since last: 65800200 ns, Reaching safepoint: 143400 ns, At safepoint: 395400 ns, Total: 538800 ns
[2020-09-03T11:16:20.151+0000][23984][gc,marking   ] GC(40) Concurrent Cleanup for Next Mark
[2020-09-03T11:16:20.152+0000][23984][gc,marking   ] GC(40) Concurrent Cleanup for Next Mark 1.674ms
[2020-09-03T11:16:20.153+0000][23984][gc           ] GC(40) Concurrent Cycle 166.211ms
[2020-09-03T11:16:20.276+0000][23984][gc,start     ] GC(41) Pause Young (Concurrent Start) (G1 Humongous Allocation)
[2020-09-03T11:16:20.276+0000][23984][gc,task      ] GC(41) Using 8 workers of 8 for evacuation
[2020-09-03T11:16:20.276+0000][23984][gc,age       ] GC(41) Desired survivor size 31457280 bytes, new threshold 15 (max threshold 15)
[2020-09-03T11:16:20.280+0000][23984][gc,age       ] GC(41) Age table with threshold 15 (max threshold 15)
[2020-09-03T11:16:20.280+0000][23984][gc,age       ] GC(41) - age   1:    3349936 bytes,    3349936 total
[2020-09-03T11:16:20.280+0000][23984][gc,age       ] GC(41) - age   2:     204552 bytes,    3554488 total
[2020-09-03T11:16:20.280+0000][23984][gc,age       ] GC(41) - age   3:     427344 bytes,    3981832 total
[2020-09-03T11:16:20.280+0000][23984][gc,age       ] GC(41) - age   4:      16072 bytes,    3997904 total
[2020-09-03T11:16:20.280+0000][23984][gc,age       ] GC(41) - age   5:     114384 bytes,    4112288 total
[2020-09-03T11:16:20.280+0000][23984][gc,age       ] GC(41) - age   6:    1226112 bytes,    5338400 total
[2020-09-03T11:16:20.280+0000][23984][gc,age       ] GC(41) - age   7:    1330336 bytes,    6668736 total
[2020-09-03T11:16:20.280+0000][23984][gc,age       ] GC(41) - age   8:       4304 bytes,    6673040 total
[2020-09-03T11:16:20.280+0000][23984][gc,age       ] GC(41) - age   9:       3808 bytes,    6676848 total
[2020-09-03T11:16:20.280+0000][23984][gc,age       ] GC(41) - age  10:       3856 bytes,    6680704 total
[2020-09-03T11:16:20.280+0000][23984][gc,age       ] GC(41) - age  11:       2376 bytes,    6683080 total
[2020-09-03T11:16:20.281+0000][23984][gc,age       ] GC(41) - age  12:      12280 bytes,    6695360 total
[2020-09-03T11:16:20.281+0000][23984][gc,age       ] GC(41) - age  13:      12072 bytes,    6707432 total
[2020-09-03T11:16:20.281+0000][23984][gc,age       ] GC(41) - age  14:      73456 bytes,    6780888 total
[2020-09-03T11:16:20.281+0000][23984][gc,age       ] GC(41) - age  15:     125408 bytes,    6906296 total
[2020-09-03T11:16:20.281+0000][23984][gc,phases    ] GC(41)   Pre Evacuate Collection Set: 0.5ms
[2020-09-03T11:16:20.281+0000][23984][gc,phases    ] GC(41)   Merge Heap Roots: 0.1ms
[2020-09-03T11:16:20.281+0000][23984][gc,phases    ] GC(41)   Evacuate Collection Set: 2.7ms
[2020-09-03T11:16:20.281+0000][23984][gc,phases    ] GC(41)   Post Evacuate Collection Set: 0.9ms
[2020-09-03T11:16:20.281+0000][23984][gc,phases    ] GC(41)   Other: 0.8ms
[2020-09-03T11:16:20.281+0000][23984][gc,heap      ] GC(41) Eden regions: 42->0(471)
[2020-09-03T11:16:20.281+0000][23984][gc,heap      ] GC(41) Survivor regions: 8->8(60)
[2020-09-03T11:16:20.281+0000][23984][gc,heap      ] GC(41) Old regions: 70->72
[2020-09-03T11:16:20.281+0000][23984][gc,heap      ] GC(41) Archive regions: 0->0
[2020-09-03T11:16:20.281+0000][23984][gc,heap      ] GC(41) Humongous regions: 255->174
[2020-09-03T11:16:20.281+0000][23984][gc,metaspace ] GC(41) Metaspace: 82655K(88832K)->82655K(88832K) NonClass: 71581K(75264K)->71581K(75264K) Class: 11074K(13568K)->11074K(13568K)
[2020-09-03T11:16:20.281+0000][23984][gc           ] GC(41) Pause Young (Concurrent Start) (G1 Humongous Allocation) 374M->252M(1024M) 5.344ms
[2020-09-03T11:16:20.281+0000][23984][gc,cpu       ] GC(41) User=0.13s Sys=0.00s Real=0.00s
[2020-09-03T11:16:20.281+0000][23984][gc           ] GC(42) Concurrent Cycle
[2020-09-03T11:16:20.281+0000][23984][safepoint    ] Safepoint "G1TryInitiateConcMark", Time since last: 124822500 ns, Reaching safepoint: 141100 ns, At safepoint: 5520000 ns, Total: 5661100 ns
[2020-09-03T11:16:20.281+0000][23984][gc,marking   ] GC(42) Concurrent Clear Claimed Marks
[2020-09-03T11:16:20.282+0000][23984][gc,marking   ] GC(42) Concurrent Clear Claimed Marks 0.845ms
[2020-09-03T11:16:20.282+0000][23984][gc,marking   ] GC(42) Concurrent Scan Root Regions
[2020-09-03T11:16:20.286+0000][23984][gc,marking   ] GC(42) Concurrent Scan Root Regions 3.635ms
[2020-09-03T11:16:20.286+0000][23984][gc,marking   ] GC(42) Concurrent Mark (129.288s)
[2020-09-03T11:16:20.286+0000][23984][gc,marking   ] GC(42) Concurrent Mark From Roots
[2020-09-03T11:16:20.286+0000][23984][gc,task      ] GC(42) Using 2 workers of 2 for marking
[2020-09-03T11:16:20.403+0000][23984][gc,marking   ] GC(42) Concurrent Mark From Roots 116.634ms
[2020-09-03T11:16:20.403+0000][23984][gc,marking   ] GC(42) Concurrent Preclean
[2020-09-03T11:16:20.403+0000][23984][gc,marking   ] GC(42) Concurrent Preclean 0.416ms
[2020-09-03T11:16:20.403+0000][23984][gc,marking   ] GC(42) Concurrent Mark (129.288s, 129.405s) 117.204ms
[2020-09-03T11:16:20.403+0000][23984][gc,start     ] GC(42) Pause Remark
[2020-09-03T11:16:20.418+0000][23984][gc           ] GC(42) Pause Remark 315M->315M(1024M) 14.088ms
[2020-09-03T11:16:20.418+0000][23984][gc,cpu       ] GC(42) User=0.02s Sys=0.02s Real=0.01s
[2020-09-03T11:16:20.418+0000][23984][safepoint    ] Safepoint "G1Concurrent", Time since last: 122168600 ns, Reaching safepoint: 144000 ns, At safepoint: 14664900 ns, Total: 14808900 ns
[2020-09-03T11:16:20.418+0000][23984][gc,marking   ] GC(42) Concurrent Rebuild Remembered Sets
[2020-09-03T11:16:20.469+0000][23984][safepoint    ] Safepoint "ICBufferFull", Time since last: 50369200 ns, Reaching safepoint: 626600 ns, At safepoint: 40200 ns, Total: 666800 ns
[2020-09-03T11:16:20.503+0000][23984][gc,marking   ] GC(42) Concurrent Rebuild Remembered Sets 84.898ms
[2020-09-03T11:16:20.503+0000][23984][gc,start     ] GC(42) Pause Cleanup
[2020-09-03T11:16:20.504+0000][23984][gc           ] GC(42) Pause Cleanup 383M->383M(1024M) 0.280ms
[2020-09-03T11:16:20.504+0000][23984][gc,cpu       ] GC(42) User=0.00s Sys=0.00s Real=0.00s
[2020-09-03T11:16:20.504+0000][23984][safepoint    ] Safepoint "G1Concurrent", Time since last: 34048800 ns, Reaching safepoint: 254200 ns, At safepoint: 472100 ns, Total: 726300 ns
[2020-09-03T11:16:20.504+0000][23984][gc,marking   ] GC(42) Concurrent Cleanup for Next Mark
[2020-09-03T11:16:20.506+0000][23984][gc,marking   ] GC(42) Concurrent Cleanup for Next Mark 1.876ms
[2020-09-03T11:16:20.506+0000][23984][gc           ] GC(42) Concurrent Cycle 224.891ms
[2020-09-03T11:16:20.655+0000][23984][safepoint    ] Safepoint "BulkRevokeBias", Time since last: 149451800 ns, Reaching safepoint: 149100 ns, At safepoint: 1178400 ns, Total: 1327500 ns
[2020-09-03T11:16:20.691+0000][23984][gc,start     ] GC(43) Pause Young (Concurrent Start) (G1 Humongous Allocation)
[2020-09-03T11:16:20.692+0000][23984][gc,task      ] GC(43) Using 8 workers of 8 for evacuation
[2020-09-03T11:16:20.692+0000][23984][gc,age       ] GC(43) Desired survivor size 31457280 bytes, new threshold 15 (max threshold 15)
[2020-09-03T11:16:20.695+0000][23984][gc,age       ] GC(43) Age table with threshold 15 (max threshold 15)
[2020-09-03T11:16:20.695+0000][23984][gc,age       ] GC(43) - age   1:    2685448 bytes,    2685448 total
[2020-09-03T11:16:20.695+0000][23984][gc,age       ] GC(43) - age   2:      29168 bytes,    2714616 total
[2020-09-03T11:16:20.695+0000][23984][gc,age       ] GC(43) - age   3:       1000 bytes,    2715616 total
[2020-09-03T11:16:20.695+0000][23984][gc,age       ] GC(43) - age   4:      29760 bytes,    2745376 total
[2020-09-03T11:16:20.695+0000][23984][gc,age       ] GC(43) - age   5:      13552 bytes,    2758928 total
[2020-09-03T11:16:20.695+0000][23984][gc,age       ] GC(43) - age   6:     114384 bytes,    2873312 total
[2020-09-03T11:16:20.695+0000][23984][gc,age       ] GC(43) - age   7:    1226048 bytes,    4099360 total
[2020-09-03T11:16:20.695+0000][23984][gc,age       ] GC(43) - age   8:    1330336 bytes,    5429696 total
[2020-09-03T11:16:20.695+0000][23984][gc,age       ] GC(43) - age   9:       4144 bytes,    5433840 total
[2020-09-03T11:16:20.695+0000][23984][gc,age       ] GC(43) - age  10:       3712 bytes,    5437552 total
[2020-09-03T11:16:20.695+0000][23984][gc,age       ] GC(43) - age  11:       3856 bytes,    5441408 total
[2020-09-03T11:16:20.695+0000][23984][gc,age       ] GC(43) - age  12:       2312 bytes,    5443720 total
[2020-09-03T11:16:20.695+0000][23984][gc,age       ] GC(43) - age  13:      12184 bytes,    5455904 total
[2020-09-03T11:16:20.695+0000][23984][gc,age       ] GC(43) - age  14:      12072 bytes,    5467976 total
[2020-09-03T11:16:20.695+0000][23984][gc,age       ] GC(43) - age  15:      73424 bytes,    5541400 total
[2020-09-03T11:16:20.696+0000][23984][gc,phases    ] GC(43)   Pre Evacuate Collection Set: 0.3ms
[2020-09-03T11:16:20.696+0000][23984][gc,phases    ] GC(43)   Merge Heap Roots: 0.1ms
[2020-09-03T11:16:20.696+0000][23984][gc,phases    ] GC(43)   Evacuate Collection Set: 2.1ms
[2020-09-03T11:16:20.696+0000][23984][gc,phases    ] GC(43)   Post Evacuate Collection Set: 0.8ms
[2020-09-03T11:16:20.696+0000][23984][gc,phases    ] GC(43)   Other: 0.7ms
[2020-09-03T11:16:20.696+0000][23984][gc,heap      ] GC(43) Eden regions: 48->0(480)
[2020-09-03T11:16:20.696+0000][23984][gc,heap      ] GC(43) Survivor regions: 8->6(60)
[2020-09-03T11:16:20.696+0000][23984][gc,heap      ] GC(43) Old regions: 72->72
[2020-09-03T11:16:20.696+0000][23984][gc,heap      ] GC(43) Archive regions: 0->0
[2020-09-03T11:16:20.696+0000][23984][gc,heap      ] GC(43) Humongous regions: 274->174
[2020-09-03T11:16:20.696+0000][23984][gc,metaspace ] GC(43) Metaspace: 82025K(88832K)->82025K(88832K) NonClass: 71186K(75264K)->71186K(75264K) Class: 10838K(13568K)->10838K(13568K)
[2020-09-03T11:16:20.696+0000][23984][gc           ] GC(43) Pause Young (Concurrent Start) (G1 Humongous Allocation) 400M->251M(1024M) 4.329ms
[2020-09-03T11:16:20.696+0000][23984][gc,cpu       ] GC(43) User=0.00s Sys=0.00s Real=0.01s
[2020-09-03T11:16:20.696+0000][23984][safepoint    ] Safepoint "G1TryInitiateConcMark", Time since last: 36602200 ns, Reaching safepoint: 128600 ns, At safepoint: 4453100 ns, Total: 4581700 ns
[2020-09-03T11:16:20.696+0000][23984][gc           ] GC(44) Concurrent Cycle
[2020-09-03T11:16:20.696+0000][23984][gc,marking   ] GC(44) Concurrent Clear Claimed Marks
[2020-09-03T11:16:20.696+0000][23984][gc,marking   ] GC(44) Concurrent Clear Claimed Marks 0.319ms
[2020-09-03T11:16:20.696+0000][23984][gc,marking   ] GC(44) Concurrent Scan Root Regions
[2020-09-03T11:16:20.699+0000][23984][gc,marking   ] GC(44) Concurrent Scan Root Regions 2.826ms
[2020-09-03T11:16:20.699+0000][23984][gc,marking   ] GC(44) Concurrent Mark (129.701s)
[2020-09-03T11:16:20.699+0000][23984][gc,marking   ] GC(44) Concurrent Mark From Roots
[2020-09-03T11:16:20.699+0000][23984][gc,task      ] GC(44) Using 2 workers of 2 for marking
[2020-09-03T11:16:20.805+0000][23984][gc,marking   ] GC(44) Concurrent Mark From Roots 105.361ms
[2020-09-03T11:16:20.805+0000][23984][gc,marking   ] GC(44) Concurrent Preclean
[2020-09-03T11:16:20.805+0000][23984][gc,marking   ] GC(44) Concurrent Preclean 0.372ms
[2020-09-03T11:16:20.805+0000][23984][gc,marking   ] GC(44) Concurrent Mark (129.701s, 129.807s) 105.841ms
[2020-09-03T11:16:20.805+0000][23984][gc,start     ] GC(44) Pause Remark
[2020-09-03T11:16:20.813+0000][23984][gc           ] GC(44) Pause Remark 312M->312M(1024M) 7.829ms
[2020-09-03T11:16:20.813+0000][23984][gc,cpu       ] GC(44) User=0.13s Sys=0.00s Real=0.01s
[2020-09-03T11:16:20.814+0000][23984][safepoint    ] Safepoint "G1Concurrent", Time since last: 109277500 ns, Reaching safepoint: 137500 ns, At safepoint: 8358100 ns, Total: 8495600 ns
[2020-09-03T11:16:20.814+0000][23984][gc,marking   ] GC(44) Concurrent Rebuild Remembered Sets
[2020-09-03T11:16:20.866+0000][23984][safepoint    ] Safepoint "ICBufferFull", Time since last: 51843800 ns, Reaching safepoint: 370700 ns, At safepoint: 35900 ns, Total: 406600 ns
[2020-09-03T11:16:20.889+0000][23984][gc,marking   ] GC(44) Concurrent Rebuild Remembered Sets 75.257ms
[2020-09-03T11:16:20.889+0000][23984][gc,start     ] GC(44) Pause Cleanup
[2020-09-03T11:16:20.890+0000][23984][gc           ] GC(44) Pause Cleanup 376M->376M(1024M) 0.359ms
[2020-09-03T11:16:20.890+0000][23984][gc,cpu       ] GC(44) User=0.00s Sys=0.00s Real=0.00s
[2020-09-03T11:16:20.890+0000][23984][safepoint    ] Safepoint "G1Concurrent", Time since last: 23307400 ns, Reaching safepoint: 250800 ns, At safepoint: 662000 ns, Total: 912800 ns
[2020-09-03T11:16:20.890+0000][23984][gc,marking   ] GC(44) Concurrent Cleanup for Next Mark
[2020-09-03T11:16:20.892+0000][23984][gc,marking   ] GC(44) Concurrent Cleanup for Next Mark 1.400ms
[2020-09-03T11:16:20.892+0000][23984][gc           ] GC(44) Concurrent Cycle 195.886ms
[2020-09-03T11:16:21.090+0000][23984][gc,start     ] GC(45) Pause Young (Concurrent Start) (G1 Humongous Allocation)
[2020-09-03T11:16:21.090+0000][23984][gc,task      ] GC(45) Using 8 workers of 8 for evacuation
[2020-09-03T11:16:21.090+0000][23984][gc,age       ] GC(45) Desired survivor size 31981568 bytes, new threshold 15 (max threshold 15)
[2020-09-03T11:16:21.095+0000][23984][gc,age       ] GC(45) Age table with threshold 15 (max threshold 15)
[2020-09-03T11:16:21.095+0000][23984][gc,age       ] GC(45) - age   1:   13224968 bytes,   13224968 total
[2020-09-03T11:16:21.095+0000][23984][gc,age       ] GC(45) - age   2:      36168 bytes,   13261136 total
[2020-09-03T11:16:21.095+0000][23984][gc,age       ] GC(45) - age   3:      28024 bytes,   13289160 total
[2020-09-03T11:16:21.095+0000][23984][gc,age       ] GC(45) - age   4:        816 bytes,   13289976 total
[2020-09-03T11:16:21.095+0000][23984][gc,age       ] GC(45) - age   5:      29072 bytes,   13319048 total
[2020-09-03T11:16:21.095+0000][23984][gc,age       ] GC(45) - age   6:      13392 bytes,   13332440 total
[2020-09-03T11:16:21.095+0000][23984][gc,age       ] GC(45) - age   7:     114384 bytes,   13446824 total
[2020-09-03T11:16:21.095+0000][23984][gc,age       ] GC(45) - age   8:    1225952 bytes,   14672776 total
[2020-09-03T11:16:21.095+0000][23984][gc,age       ] GC(45) - age   9:    1330336 bytes,   16003112 total
[2020-09-03T11:16:21.095+0000][23984][gc,age       ] GC(45) - age  10:       3952 bytes,   16007064 total
[2020-09-03T11:16:21.095+0000][23984][gc,age       ] GC(45) - age  11:       3712 bytes,   16010776 total
[2020-09-03T11:16:21.095+0000][23984][gc,age       ] GC(45) - age  12:       3856 bytes,   16014632 total
[2020-09-03T11:16:21.095+0000][23984][gc,age       ] GC(45) - age  13:       2312 bytes,   16016944 total
[2020-09-03T11:16:21.095+0000][23984][gc,age       ] GC(45) - age  14:      12184 bytes,   16029128 total
[2020-09-03T11:16:21.095+0000][23984][gc,age       ] GC(45) - age  15:      12072 bytes,   16041200 total
[2020-09-03T11:16:21.095+0000][23984][gc,phases    ] GC(45)   Pre Evacuate Collection Set: 0.4ms
[2020-09-03T11:16:21.095+0000][23984][gc,phases    ] GC(45)   Merge Heap Roots: 0.1ms
[2020-09-03T11:16:21.095+0000][23984][gc,phases    ] GC(45)   Evacuate Collection Set: 3.5ms
[2020-09-03T11:16:21.096+0000][23984][gc,phases    ] GC(45)   Post Evacuate Collection Set: 0.9ms
[2020-09-03T11:16:21.096+0000][23984][gc,phases    ] GC(45)   Other: 0.6ms
[2020-09-03T11:16:21.096+0000][23984][gc,heap      ] GC(45) Eden regions: 60->0(467)
[2020-09-03T11:16:21.096+0000][23984][gc,heap      ] GC(45) Survivor regions: 6->17(61)
[2020-09-03T11:16:21.096+0000][23984][gc,heap      ] GC(45) Old regions: 72->72
[2020-09-03T11:16:21.096+0000][23984][gc,heap      ] GC(45) Archive regions: 0->0
[2020-09-03T11:16:21.096+0000][23984][gc,heap      ] GC(45) Humongous regions: 274->174
[2020-09-03T11:16:21.096+0000][23984][gc,metaspace ] GC(45) Metaspace: 82076K(88832K)->82076K(88832K) NonClass: 71242K(75264K)->71242K(75264K) Class: 10834K(13568K)->10834K(13568K)
[2020-09-03T11:16:21.096+0000][23984][gc           ] GC(45) Pause Young (Concurrent Start) (G1 Humongous Allocation) 411M->261M(1024M) 5.627ms
[2020-09-03T11:16:21.096+0000][23984][gc,cpu       ] GC(45) User=0.13s Sys=0.00s Real=0.01s
[2020-09-03T11:16:21.096+0000][23984][gc           ] GC(46) Concurrent Cycle
[2020-09-03T11:16:21.096+0000][23984][gc,marking   ] GC(46) Concurrent Clear Claimed Marks
[2020-09-03T11:16:21.096+0000][23984][safepoint    ] Safepoint "G1TryInitiateConcMark", Time since last: 199698100 ns, Reaching safepoint: 186400 ns, At safepoint: 5908800 ns, Total: 6095200 ns
[2020-09-03T11:16:21.096+0000][23984][gc,marking   ] GC(46) Concurrent Clear Claimed Marks 0.472ms
[2020-09-03T11:16:21.097+0000][23984][gc,marking   ] GC(46) Concurrent Scan Root Regions
[2020-09-03T11:16:21.101+0000][23984][gc,marking   ] GC(46) Concurrent Scan Root Regions 4.167ms
[2020-09-03T11:16:21.101+0000][23984][gc,marking   ] GC(46) Concurrent Mark (130.103s)
[2020-09-03T11:16:21.101+0000][23984][gc,marking   ] GC(46) Concurrent Mark From Roots
[2020-09-03T11:16:21.101+0000][23984][gc,task      ] GC(46) Using 2 workers of 2 for marking
[2020-09-03T11:16:21.252+0000][23984][gc,marking   ] GC(46) Concurrent Mark From Roots 150.755ms
[2020-09-03T11:16:21.252+0000][23984][gc,marking   ] GC(46) Concurrent Preclean
[2020-09-03T11:16:21.253+0000][23984][gc,marking   ] GC(46) Concurrent Preclean 0.703ms
[2020-09-03T11:16:21.253+0000][23984][gc,marking   ] GC(46) Concurrent Mark (130.103s, 130.254s) 151.647ms
[2020-09-03T11:16:21.253+0000][23984][gc,start     ] GC(46) Pause Remark
[2020-09-03T11:16:21.257+0000][23984][gc           ] GC(46) Pause Remark 506M->506M(1024M) 4.263ms
[2020-09-03T11:16:21.257+0000][23984][gc,cpu       ] GC(46) User=0.00s Sys=0.00s Real=0.00s
[2020-09-03T11:16:21.257+0000][23984][safepoint    ] Safepoint "G1Concurrent", Time since last: 156789000 ns, Reaching safepoint: 148300 ns, At safepoint: 4503900 ns, Total: 4652200 ns
[2020-09-03T11:16:21.257+0000][23984][gc,marking   ] GC(46) Concurrent Rebuild Remembered Sets
[2020-09-03T11:16:21.349+0000][23984][gc,marking   ] GC(46) Concurrent Rebuild Remembered Sets 91.720ms
[2020-09-03T11:16:21.349+0000][23984][gc,start     ] GC(46) Pause Cleanup
[2020-09-03T11:16:21.350+0000][23984][gc           ] GC(46) Pause Cleanup 571M->571M(1024M) 0.404ms
[2020-09-03T11:16:21.350+0000][23984][gc,cpu       ] GC(46) User=0.00s Sys=0.00s Real=0.00s
[2020-09-03T11:16:21.352+0000][23984][safepoint    ] Safepoint "G1Concurrent", Time since last: 91902500 ns, Reaching safepoint: 157000 ns, At safepoint: 2722800 ns, Total: 2879800 ns
[2020-09-03T11:16:21.352+0000][23984][gc,marking   ] GC(46) Concurrent Cleanup for Next Mark
[2020-09-03T11:16:21.354+0000][23984][gc,marking   ] GC(46) Concurrent Cleanup for Next Mark 1.845ms
[2020-09-03T11:16:21.354+0000][23984][gc           ] GC(46) Concurrent Cycle 258.480ms
[2020-09-03T11:16:21.558+0000][23984][gc,start     ] GC(47) Pause Young (Concurrent Start) (G1 Humongous Allocation)
[2020-09-03T11:16:21.558+0000][23984][gc,task      ] GC(47) Using 8 workers of 8 for evacuation
[2020-09-03T11:16:21.558+0000][23984][gc,age       ] GC(47) Desired survivor size 31981568 bytes, new threshold 15 (max threshold 15)
[2020-09-03T11:16:21.562+0000][23984][gc,age       ] GC(47) Age table with threshold 15 (max threshold 15)
[2020-09-03T11:16:21.562+0000][23984][gc,age       ] GC(47) - age   1:    3898664 bytes,    3898664 total
[2020-09-03T11:16:21.562+0000][23984][gc,age       ] GC(47) - age   2:      33320 bytes,    3931984 total
[2020-09-03T11:16:21.562+0000][23984][gc,age       ] GC(47) - age   3:      27632 bytes,    3959616 total
[2020-09-03T11:16:21.562+0000][23984][gc,age       ] GC(47) - age   4:      27720 bytes,    3987336 total
[2020-09-03T11:16:21.562+0000][23984][gc,age       ] GC(47) - age   5:        760 bytes,    3988096 total
[2020-09-03T11:16:21.562+0000][23984][gc,age       ] GC(47) - age   6:      28848 bytes,    4016944 total
[2020-09-03T11:16:21.562+0000][23984][gc,age       ] GC(47) - age   7:      13232 bytes,    4030176 total
[2020-09-03T11:16:21.562+0000][23984][gc,age       ] GC(47) - age   8:     114352 bytes,    4144528 total
[2020-09-03T11:16:21.563+0000][23984][gc,age       ] GC(47) - age   9:    1225824 bytes,    5370352 total
[2020-09-03T11:16:21.563+0000][23984][gc,age       ] GC(47) - age  10:    1330240 bytes,    6700592 total
[2020-09-03T11:16:21.563+0000][23984][gc,age       ] GC(47) - age  11:       3888 bytes,    6704480 total
[2020-09-03T11:16:21.563+0000][23984][gc,age       ] GC(47) - age  12:       3680 bytes,    6708160 total
[2020-09-03T11:16:21.563+0000][23984][gc,age       ] GC(47) - age  13:       3856 bytes,    6712016 total
[2020-09-03T11:16:21.563+0000][23984][gc,age       ] GC(47) - age  14:       2312 bytes,    6714328 total
[2020-09-03T11:16:21.563+0000][23984][gc,age       ] GC(47) - age  15:      12120 bytes,    6726448 total
[2020-09-03T11:16:21.563+0000][23984][gc,phases    ] GC(47)   Pre Evacuate Collection Set: 0.4ms
[2020-09-03T11:16:21.563+0000][23984][gc,phases    ] GC(47)   Merge Heap Roots: 0.1ms
[2020-09-03T11:16:21.563+0000][23984][gc,phases    ] GC(47)   Evacuate Collection Set: 2.5ms
[2020-09-03T11:16:21.563+0000][23984][gc,phases    ] GC(47)   Post Evacuate Collection Set: 1.1ms
[2020-09-03T11:16:21.563+0000][23984][gc,phases    ] GC(47)   Other: 0.9ms
[2020-09-03T11:16:21.563+0000][23984][gc,heap      ] GC(47) Eden regions: 82->0(483)
[2020-09-03T11:16:21.563+0000][23984][gc,heap      ] GC(47) Survivor regions: 17->7(61)
[2020-09-03T11:16:21.563+0000][23984][gc,heap      ] GC(47) Old regions: 72->72
[2020-09-03T11:16:21.563+0000][23984][gc,heap      ] GC(47) Archive regions: 0->0
[2020-09-03T11:16:21.563+0000][23984][gc,heap      ] GC(47) Humongous regions: 430->174
[2020-09-03T11:16:21.563+0000][23984][gc,metaspace ] GC(47) Metaspace: 82099K(88832K)->82099K(88832K) NonClass: 71265K(75264K)->71265K(75264K) Class: 10834K(13568K)->10834K(13568K)
[2020-09-03T11:16:21.563+0000][23984][gc           ] GC(47) Pause Young (Concurrent Start) (G1 Humongous Allocation) 599M->252M(1024M) 5.207ms
[2020-09-03T11:16:21.563+0000][23984][gc,cpu       ] GC(47) User=0.13s Sys=0.00s Real=0.00s
[2020-09-03T11:16:21.563+0000][23984][safepoint    ] Safepoint "G1TryInitiateConcMark", Time since last: 205430600 ns, Reaching safepoint: 170000 ns, At safepoint: 5388100 ns, Total: 5558100 ns
[2020-09-03T11:16:21.563+0000][23984][gc           ] GC(48) Concurrent Cycle
[2020-09-03T11:16:21.563+0000][23984][gc,marking   ] GC(48) Concurrent Clear Claimed Marks
[2020-09-03T11:16:21.564+0000][23984][gc,marking   ] GC(48) Concurrent Clear Claimed Marks 0.443ms
[2020-09-03T11:16:21.564+0000][23984][gc,marking   ] GC(48) Concurrent Scan Root Regions
[2020-09-03T11:16:21.567+0000][23984][gc,marking   ] GC(48) Concurrent Scan Root Regions 3.423ms
[2020-09-03T11:16:21.567+0000][23984][gc,marking   ] GC(48) Concurrent Mark (130.569s)
[2020-09-03T11:16:21.567+0000][23984][gc,marking   ] GC(48) Concurrent Mark From Roots
[2020-09-03T11:16:21.567+0000][23984][gc,task      ] GC(48) Using 2 workers of 2 for marking
[2020-09-03T11:16:21.678+0000][23984][gc,marking   ] GC(48) Concurrent Mark From Roots 111.057ms
[2020-09-03T11:16:21.679+0000][23984][gc,marking   ] GC(48) Concurrent Preclean
[2020-09-03T11:16:21.679+0000][23984][gc,marking   ] GC(48) Concurrent Preclean 0.712ms
[2020-09-03T11:16:21.679+0000][23984][gc,marking   ] GC(48) Concurrent Mark (130.569s, 130.681s) 111.990ms
[2020-09-03T11:16:21.682+0000][23984][gc,start     ] GC(48) Pause Remark
[2020-09-03T11:16:21.686+0000][23984][gc           ] GC(48) Pause Remark 316M->316M(1024M) 3.880ms
[2020-09-03T11:16:21.686+0000][23984][gc,cpu       ] GC(48) User=0.11s Sys=0.00s Real=0.00s
[2020-09-03T11:16:21.686+0000][23984][safepoint    ] Safepoint "G1Concurrent", Time since last: 116208600 ns, Reaching safepoint: 2290000 ns, At safepoint: 4066900 ns, Total: 6356900 ns
[2020-09-03T11:16:21.686+0000][23984][gc,marking   ] GC(48) Concurrent Rebuild Remembered Sets
[2020-09-03T11:16:21.757+0000][23984][gc,marking   ] GC(48) Concurrent Rebuild Remembered Sets 71.355ms
[2020-09-03T11:16:21.757+0000][23984][gc,start     ] GC(48) Pause Cleanup
[2020-09-03T11:16:21.758+0000][23984][gc           ] GC(48) Pause Cleanup 385M->385M(1024M) 0.313ms
[2020-09-03T11:16:21.758+0000][23984][gc,cpu       ] GC(48) User=0.00s Sys=0.00s Real=0.00s
[2020-09-03T11:16:21.758+0000][23984][safepoint    ] Safepoint "G1Concurrent", Time since last: 71533700 ns, Reaching safepoint: 163100 ns, At safepoint: 483600 ns, Total: 646700 ns
[2020-09-03T11:16:21.758+0000][23984][gc,marking   ] GC(48) Concurrent Cleanup for Next Mark
[2020-09-03T11:16:21.760+0000][23984][gc,marking   ] GC(48) Concurrent Cleanup for Next Mark 1.870ms
[2020-09-03T11:16:21.760+0000][23984][gc           ] GC(48) Concurrent Cycle 196.800ms
[2020-09-03T11:16:21.874+0000][23984][gc,start     ] GC(49) Pause Young (Concurrent Start) (G1 Humongous Allocation)
[2020-09-03T11:16:21.874+0000][23984][gc,task      ] GC(49) Using 8 workers of 8 for evacuation
[2020-09-03T11:16:21.874+0000][23984][gc,age       ] GC(49) Desired survivor size 32505856 bytes, new threshold 15 (max threshold 15)
[2020-09-03T11:16:21.877+0000][23984][gc,age       ] GC(49) Age table with threshold 15 (max threshold 15)
[2020-09-03T11:16:21.877+0000][23984][gc,age       ] GC(49) - age   1:    3310864 bytes,    3310864 total
[2020-09-03T11:16:21.878+0000][23984][gc,age       ] GC(49) - age   2:     600968 bytes,    3911832 total
[2020-09-03T11:16:21.878+0000][23984][gc,age       ] GC(49) - age   3:      30072 bytes,    3941904 total
[2020-09-03T11:16:21.878+0000][23984][gc,age       ] GC(49) - age   4:      26680 bytes,    3968584 total
[2020-09-03T11:16:21.878+0000][23984][gc,age       ] GC(49) - age   5:      27528 bytes,    3996112 total
[2020-09-03T11:16:21.878+0000][23984][gc,age       ] GC(49) - age   6:        760 bytes,    3996872 total
[2020-09-03T11:16:21.878+0000][23984][gc,age       ] GC(49) - age   7:      28816 bytes,    4025688 total
[2020-09-03T11:16:21.878+0000][23984][gc,age       ] GC(49) - age   8:      13232 bytes,    4038920 total
[2020-09-03T11:16:21.878+0000][23984][gc,age       ] GC(49) - age   9:     114352 bytes,    4153272 total
[2020-09-03T11:16:21.878+0000][23984][gc,age       ] GC(49) - age  10:    1225696 bytes,    5378968 total
[2020-09-03T11:16:21.878+0000][23984][gc,age       ] GC(49) - age  11:    1330208 bytes,    6709176 total
[2020-09-03T11:16:21.878+0000][23984][gc,age       ] GC(49) - age  12:       3648 bytes,    6712824 total
[2020-09-03T11:16:21.878+0000][23984][gc,age       ] GC(49) - age  13:       3616 bytes,    6716440 total
[2020-09-03T11:16:21.878+0000][23984][gc,age       ] GC(49) - age  14:       3792 bytes,    6720232 total
[2020-09-03T11:16:21.878+0000][23984][gc,age       ] GC(49) - age  15:       2248 bytes,    6722480 total
[2020-09-03T11:16:21.878+0000][23984][gc,phases    ] GC(49)   Pre Evacuate Collection Set: 0.3ms
[2020-09-03T11:16:21.878+0000][23984][gc,phases    ] GC(49)   Merge Heap Roots: 0.1ms
[2020-09-03T11:16:21.878+0000][23984][gc,phases    ] GC(49)   Evacuate Collection Set: 2.4ms
[2020-09-03T11:16:21.878+0000][23984][gc,phases    ] GC(49)   Post Evacuate Collection Set: 0.8ms
[2020-09-03T11:16:21.878+0000][23984][gc,phases    ] GC(49)   Other: 0.8ms
[2020-09-03T11:16:21.878+0000][23984][gc,heap      ] GC(49) Eden regions: 41->0(487)
[2020-09-03T11:16:21.878+0000][23984][gc,heap      ] GC(49) Survivor regions: 7->7(62)
[2020-09-03T11:16:21.878+0000][23984][gc,heap      ] GC(49) Old regions: 72->72
[2020-09-03T11:16:21.878+0000][23984][gc,heap      ] GC(49) Archive regions: 0->0
[2020-09-03T11:16:21.878+0000][23984][gc,heap      ] GC(49) Humongous regions: 278->174
[2020-09-03T11:16:21.878+0000][23984][gc,metaspace ] GC(49) Metaspace: 82119K(88832K)->82119K(88832K) NonClass: 71285K(75264K)->71285K(75264K) Class: 10834K(13568K)->10834K(13568K)
[2020-09-03T11:16:21.878+0000][23984][gc           ] GC(49) Pause Young (Concurrent Start) (G1 Humongous Allocation) 397M->252M(1024M) 4.823ms
[2020-09-03T11:16:21.878+0000][23984][gc,cpu       ] GC(49) User=0.00s Sys=0.00s Real=0.00s
[2020-09-03T11:16:21.878+0000][23984][gc           ] GC(50) Concurrent Cycle
[2020-09-03T11:16:21.879+0000][23984][gc,marking   ] GC(50) Concurrent Clear Claimed Marks
[2020-09-03T11:16:21.879+0000][23984][safepoint    ] Safepoint "G1TryInitiateConcMark", Time since last: 115455900 ns, Reaching safepoint: 141600 ns, At safepoint: 5031600 ns, Total: 5173200 ns
[2020-09-03T11:16:21.879+0000][23984][gc,marking   ] GC(50) Concurrent Clear Claimed Marks 0.293ms
[2020-09-03T11:16:21.879+0000][23984][gc,marking   ] GC(50) Concurrent Scan Root Regions
[2020-09-03T11:16:21.881+0000][23984][gc,marking   ] GC(50) Concurrent Scan Root Regions 2.505ms
[2020-09-03T11:16:21.881+0000][23984][gc,marking   ] GC(50) Concurrent Mark (130.883s)
[2020-09-03T11:16:21.882+0000][23984][gc,marking   ] GC(50) Concurrent Mark From Roots
[2020-09-03T11:16:21.882+0000][23984][gc,task      ] GC(50) Using 2 workers of 2 for marking
[2020-09-03T11:16:21.974+0000][23984][gc,marking   ] GC(50) Concurrent Mark From Roots 92.448ms
[2020-09-03T11:16:21.974+0000][23984][gc,marking   ] GC(50) Concurrent Preclean
[2020-09-03T11:16:21.975+0000][23984][gc,marking   ] GC(50) Concurrent Preclean 0.596ms
[2020-09-03T11:16:21.975+0000][23984][gc,marking   ] GC(50) Concurrent Mark (130.883s, 130.977s) 93.199ms
[2020-09-03T11:16:21.975+0000][23984][gc,start     ] GC(50) Pause Remark
[2020-09-03T11:16:21.979+0000][23984][gc           ] GC(50) Pause Remark 315M->315M(1024M) 3.772ms
[2020-09-03T11:16:21.979+0000][23984][gc,cpu       ] GC(50) User=0.00s Sys=0.00s Real=0.00s
[2020-09-03T11:16:21.979+0000][23984][safepoint    ] Safepoint "G1Concurrent", Time since last: 96223100 ns, Reaching safepoint: 120500 ns, At safepoint: 3958800 ns, Total: 4079300 ns
[2020-09-03T11:16:21.979+0000][23984][gc,marking   ] GC(50) Concurrent Rebuild Remembered Sets
[2020-09-03T11:16:22.051+0000][23984][gc,marking   ] GC(50) Concurrent Rebuild Remembered Sets 72.358ms
[2020-09-03T11:16:22.051+0000][23984][gc,start     ] GC(50) Pause Cleanup
[2020-09-03T11:16:22.052+0000][23984][gc           ] GC(50) Pause Cleanup 387M->387M(1024M) 0.293ms
[2020-09-03T11:16:22.052+0000][23984][gc,cpu       ] GC(50) User=0.00s Sys=0.00s Real=0.00s
[2020-09-03T11:16:22.052+0000][23984][safepoint    ] Safepoint "G1Concurrent", Time since last: 72526100 ns, Reaching safepoint: 124500 ns, At safepoint: 452800 ns, Total: 577300 ns
[2020-09-03T11:16:22.052+0000][23984][gc,marking   ] GC(50) Concurrent Cleanup for Next Mark
[2020-09-03T11:16:22.054+0000][23984][gc,marking   ] GC(50) Concurrent Cleanup for Next Mark 1.583ms
[2020-09-03T11:16:22.054+0000][23984][gc           ] GC(50) Concurrent Cycle 175.254ms
[2020-09-03T11:16:22.152+0000][23984][gc,start     ] GC(51) Pause Young (Concurrent Start) (G1 Humongous Allocation)
[2020-09-03T11:16:22.152+0000][23984][gc,task      ] GC(51) Using 8 workers of 8 for evacuation
[2020-09-03T11:16:22.152+0000][23984][gc,age       ] GC(51) Desired survivor size 32505856 bytes, new threshold 15 (max threshold 15)
[2020-09-03T11:16:22.156+0000][23984][gc,age       ] GC(51) Age table with threshold 15 (max threshold 15)
[2020-09-03T11:16:22.156+0000][23984][gc,age       ] GC(51) - age   1:    3185744 bytes,    3185744 total
[2020-09-03T11:16:22.156+0000][23984][gc,age       ] GC(51) - age   2:     408568 bytes,    3594312 total
[2020-09-03T11:16:22.156+0000][23984][gc,age       ] GC(51) - age   3:     203288 bytes,    3797600 total
[2020-09-03T11:16:22.156+0000][23984][gc,age       ] GC(51) - age   4:      28096 bytes,    3825696 total
[2020-09-03T11:16:22.156+0000][23984][gc,age       ] GC(51) - age   5:      26680 bytes,    3852376 total
[2020-09-03T11:16:22.156+0000][23984][gc,age       ] GC(51) - age   6:      27368 bytes,    3879744 total
[2020-09-03T11:16:22.156+0000][23984][gc,age       ] GC(51) - age   7:        696 bytes,    3880440 total
[2020-09-03T11:16:22.156+0000][23984][gc,age       ] GC(51) - age   8:      28656 bytes,    3909096 total
[2020-09-03T11:16:22.156+0000][23984][gc,age       ] GC(51) - age   9:      13232 bytes,    3922328 total
[2020-09-03T11:16:22.156+0000][23984][gc,age       ] GC(51) - age  10:     114352 bytes,    4036680 total
[2020-09-03T11:16:22.156+0000][23984][gc,age       ] GC(51) - age  11:    1225696 bytes,    5262376 total
[2020-09-03T11:16:22.156+0000][23984][gc,age       ] GC(51) - age  12:    1330176 bytes,    6592552 total
[2020-09-03T11:16:22.156+0000][23984][gc,age       ] GC(51) - age  13:       3616 bytes,    6596168 total
[2020-09-03T11:16:22.156+0000][23984][gc,age       ] GC(51) - age  14:       3616 bytes,    6599784 total
[2020-09-03T11:16:22.156+0000][23984][gc,age       ] GC(51) - age  15:       3664 bytes,    6603448 total
[2020-09-03T11:16:22.156+0000][23984][gc,phases    ] GC(51)   Pre Evacuate Collection Set: 0.3ms
[2020-09-03T11:16:22.156+0000][23984][gc,phases    ] GC(51)   Merge Heap Roots: 0.1ms
[2020-09-03T11:16:22.156+0000][23984][gc,phases    ] GC(51)   Evacuate Collection Set: 2.3ms
[2020-09-03T11:16:22.157+0000][23984][gc,phases    ] GC(51)   Post Evacuate Collection Set: 0.8ms
[2020-09-03T11:16:22.157+0000][23984][gc,phases    ] GC(51)   Other: 0.6ms
[2020-09-03T11:16:22.157+0000][23984][gc,heap      ] GC(51) Eden regions: 43->0(491)
[2020-09-03T11:16:22.157+0000][23984][gc,heap      ] GC(51) Survivor regions: 7->7(62)
[2020-09-03T11:16:22.157+0000][23984][gc,heap      ] GC(51) Old regions: 72->72
[2020-09-03T11:16:22.157+0000][23984][gc,heap      ] GC(51) Archive regions: 0->0
[2020-09-03T11:16:22.157+0000][23984][gc,heap      ] GC(51) Humongous regions: 278->174
[2020-09-03T11:16:22.157+0000][23984][gc,metaspace ] GC(51) Metaspace: 82132K(88832K)->82132K(88832K) NonClass: 71298K(75264K)->71298K(75264K) Class: 10834K(13568K)->10834K(13568K)
[2020-09-03T11:16:22.157+0000][23984][gc           ] GC(51) Pause Young (Concurrent Start) (G1 Humongous Allocation) 399M->252M(1024M) 4.501ms
[2020-09-03T11:16:22.157+0000][23984][gc,cpu       ] GC(51) User=0.11s Sys=0.00s Real=0.01s
[2020-09-03T11:16:22.157+0000][23984][gc           ] GC(52) Concurrent Cycle
[2020-09-03T11:16:22.157+0000][23984][safepoint    ] Safepoint "G1TryInitiateConcMark", Time since last: 100177700 ns, Reaching safepoint: 130800 ns, At safepoint: 4711600 ns, Total: 4842400 ns
[2020-09-03T11:16:22.157+0000][23984][gc,marking   ] GC(52) Concurrent Clear Claimed Marks
[2020-09-03T11:16:22.158+0000][23984][gc,marking   ] GC(52) Concurrent Clear Claimed Marks 0.654ms
[2020-09-03T11:16:22.158+0000][23984][gc,marking   ] GC(52) Concurrent Scan Root Regions
[2020-09-03T11:16:22.160+0000][23984][gc,marking   ] GC(52) Concurrent Scan Root Regions 2.431ms
[2020-09-03T11:16:22.160+0000][23984][gc,marking   ] GC(52) Concurrent Mark (131.162s)
[2020-09-03T11:16:22.160+0000][23984][gc,marking   ] GC(52) Concurrent Mark From Roots
[2020-09-03T11:16:22.160+0000][23984][gc,task      ] GC(52) Using 2 workers of 2 for marking
[2020-09-03T11:16:22.255+0000][23984][gc,marking   ] GC(52) Concurrent Mark From Roots 94.797ms
[2020-09-03T11:16:22.255+0000][23984][gc,marking   ] GC(52) Concurrent Preclean
[2020-09-03T11:16:22.256+0000][23984][gc,marking   ] GC(52) Concurrent Preclean 0.398ms
[2020-09-03T11:16:22.256+0000][23984][gc,marking   ] GC(52) Concurrent Mark (131.162s, 131.257s) 95.314ms
[2020-09-03T11:16:22.256+0000][23984][gc,start     ] GC(52) Pause Remark
[2020-09-03T11:16:22.259+0000][23984][gc           ] GC(52) Pause Remark 310M->310M(1024M) 3.157ms
[2020-09-03T11:16:22.259+0000][23984][gc,cpu       ] GC(52) User=0.00s Sys=0.00s Real=0.00s
[2020-09-03T11:16:22.259+0000][23984][safepoint    ] Safepoint "G1Concurrent", Time since last: 98742300 ns, Reaching safepoint: 109300 ns, At safepoint: 3329600 ns, Total: 3438900 ns
[2020-09-03T11:16:22.259+0000][23984][gc,marking   ] GC(52) Concurrent Rebuild Remembered Sets
[2020-09-03T11:16:22.336+0000][23984][gc,marking   ] GC(52) Concurrent Rebuild Remembered Sets 77.213ms
[2020-09-03T11:16:22.337+0000][23984][gc,start     ] GC(52) Pause Cleanup
[2020-09-03T11:16:22.337+0000][23984][gc           ] GC(52) Pause Cleanup 321M->321M(1024M) 0.297ms
[2020-09-03T11:16:22.337+0000][23984][gc,cpu       ] GC(52) User=0.00s Sys=0.00s Real=0.00s
[2020-09-03T11:16:22.338+0000][23984][safepoint    ] Safepoint "G1Concurrent", Time since last: 77417700 ns, Reaching safepoint: 437100 ns, At safepoint: 1149800 ns, Total: 1586900 ns
[2020-09-03T11:16:22.338+0000][23984][gc,marking   ] GC(52) Concurrent Cleanup for Next Mark
[2020-09-03T11:16:22.340+0000][23984][gc,marking   ] GC(52) Concurrent Cleanup for Next Mark 1.876ms
[2020-09-03T11:16:22.340+0000][23984][gc           ] GC(52) Concurrent Cycle 183.397ms
[2020-09-03T11:16:22.353+0000][23984][gc,start     ] GC(53) Pause Young (Concurrent Start) (G1 Humongous Allocation)
[2020-09-03T11:16:22.353+0000][23984][gc,task      ] GC(53) Using 8 workers of 8 for evacuation
[2020-09-03T11:16:22.353+0000][23984][gc,age       ] GC(53) Desired survivor size 33030144 bytes, new threshold 15 (max threshold 15)
[2020-09-03T11:16:22.359+0000][23984][gc,age       ] GC(53) Age table with threshold 15 (max threshold 15)
[2020-09-03T11:16:22.359+0000][23984][gc,age       ] GC(53) - age   1:   13109856 bytes,   13109856 total
[2020-09-03T11:16:22.359+0000][23984][gc,age       ] GC(53) - age   2:       2560 bytes,   13112416 total
[2020-09-03T11:16:22.359+0000][23984][gc,age       ] GC(53) - age   3:       3968 bytes,   13116384 total
[2020-09-03T11:16:22.359+0000][23984][gc,age       ] GC(53) - age   4:       2840 bytes,   13119224 total
[2020-09-03T11:16:22.359+0000][23984][gc,age       ] GC(53) - age   5:      27296 bytes,   13146520 total
[2020-09-03T11:16:22.359+0000][23984][gc,age       ] GC(53) - age   6:      26496 bytes,   13173016 total
[2020-09-03T11:16:22.359+0000][23984][gc,age       ] GC(53) - age   7:      27368 bytes,   13200384 total
[2020-09-03T11:16:22.359+0000][23984][gc,age       ] GC(53) - age   8:        696 bytes,   13201080 total
[2020-09-03T11:16:22.359+0000][23984][gc,age       ] GC(53) - age   9:      28656 bytes,   13229736 total
[2020-09-03T11:16:22.359+0000][23984][gc,age       ] GC(53) - age  10:      13200 bytes,   13242936 total
[2020-09-03T11:16:22.359+0000][23984][gc,age       ] GC(53) - age  11:     114352 bytes,   13357288 total
[2020-09-03T11:16:22.359+0000][23984][gc,age       ] GC(53) - age  12:    1225696 bytes,   14582984 total
[2020-09-03T11:16:22.359+0000][23984][gc,age       ] GC(53) - age  13:    1330176 bytes,   15913160 total
[2020-09-03T11:16:22.359+0000][23984][gc,age       ] GC(53) - age  14:       3616 bytes,   15916776 total
[2020-09-03T11:16:22.359+0000][23984][gc,age       ] GC(53) - age  15:       3616 bytes,   15920392 total
[2020-09-03T11:16:22.359+0000][23984][gc,phases    ] GC(53)   Pre Evacuate Collection Set: 0.4ms
[2020-09-03T11:16:22.359+0000][23984][gc,phases    ] GC(53)   Merge Heap Roots: 0.1ms
[2020-09-03T11:16:22.360+0000][23984][gc,phases    ] GC(53)   Evacuate Collection Set: 4.0ms
[2020-09-03T11:16:22.360+0000][23984][gc,phases    ] GC(53)   Post Evacuate Collection Set: 0.8ms
[2020-09-03T11:16:22.360+0000][23984][gc,phases    ] GC(53)   Other: 0.9ms
[2020-09-03T11:16:22.360+0000][23984][gc,heap      ] GC(53) Eden regions: 43->0(475)
[2020-09-03T11:16:22.360+0000][23984][gc,heap      ] GC(53) Survivor regions: 7->16(63)
[2020-09-03T11:16:22.360+0000][23984][gc,heap      ] GC(53) Old regions: 72->72
[2020-09-03T11:16:22.360+0000][23984][gc,heap      ] GC(53) Archive regions: 0->0
[2020-09-03T11:16:22.360+0000][23984][gc,heap      ] GC(53) Humongous regions: 235->175
[2020-09-03T11:16:22.360+0000][23984][gc,metaspace ] GC(53) Metaspace: 82161K(89088K)->82161K(89088K) NonClass: 71327K(75520K)->71327K(75520K) Class: 10834K(13568K)->10834K(13568K)
[2020-09-03T11:16:22.360+0000][23984][gc           ] GC(53) Pause Young (Concurrent Start) (G1 Humongous Allocation) 356M->262M(1024M) 6.567ms
[2020-09-03T11:16:22.360+0000][23984][gc,cpu       ] GC(53) User=0.11s Sys=0.00s Real=0.01s
[2020-09-03T11:16:22.360+0000][23984][gc           ] GC(54) Concurrent Cycle
[2020-09-03T11:16:22.360+0000][23984][gc,marking   ] GC(54) Concurrent Clear Claimed Marks
[2020-09-03T11:16:22.360+0000][23984][safepoint    ] Safepoint "G1TryInitiateConcMark", Time since last: 14781600 ns, Reaching safepoint: 307600 ns, At safepoint: 6949700 ns, Total: 7257300 ns
[2020-09-03T11:16:22.360+0000][23984][gc,marking   ] GC(54) Concurrent Clear Claimed Marks 0.409ms
[2020-09-03T11:16:22.361+0000][23984][gc,marking   ] GC(54) Concurrent Scan Root Regions
[2020-09-03T11:16:22.365+0000][23984][gc,marking   ] GC(54) Concurrent Scan Root Regions 4.611ms
[2020-09-03T11:16:22.365+0000][23984][gc,marking   ] GC(54) Concurrent Mark (131.367s)
[2020-09-03T11:16:22.365+0000][23984][gc,marking   ] GC(54) Concurrent Mark From Roots
[2020-09-03T11:16:22.365+0000][23984][gc,task      ] GC(54) Using 2 workers of 2 for marking
[2020-09-03T11:16:22.520+0000][23984][gc,marking   ] GC(54) Concurrent Mark From Roots 154.265ms
[2020-09-03T11:16:22.520+0000][23984][gc,marking   ] GC(54) Concurrent Preclean
[2020-09-03T11:16:22.520+0000][23984][gc,marking   ] GC(54) Concurrent Preclean 0.576ms
[2020-09-03T11:16:22.520+0000][23984][gc,marking   ] GC(54) Concurrent Mark (131.367s, 131.522s) 155.042ms
[2020-09-03T11:16:22.521+0000][23984][gc,start     ] GC(54) Pause Remark
[2020-09-03T11:16:22.525+0000][23984][gc           ] GC(54) Pause Remark 495M->495M(1024M) 4.097ms
[2020-09-03T11:16:22.525+0000][23984][gc,cpu       ] GC(54) User=0.00s Sys=0.00s Real=0.00s
[2020-09-03T11:16:22.525+0000][23984][safepoint    ] Safepoint "G1Concurrent", Time since last: 160308600 ns, Reaching safepoint: 171300 ns, At safepoint: 4304500 ns, Total: 4475800 ns
[2020-09-03T11:16:22.525+0000][23984][gc,marking   ] GC(54) Concurrent Rebuild Remembered Sets
[2020-09-03T11:16:22.622+0000][23984][gc,marking   ] GC(54) Concurrent Rebuild Remembered Sets 96.744ms
[2020-09-03T11:16:22.622+0000][23984][gc,start     ] GC(54) Pause Cleanup
[2020-09-03T11:16:22.622+0000][23984][gc           ] GC(54) Pause Cleanup 569M->569M(1024M) 0.286ms
[2020-09-03T11:16:22.622+0000][23984][gc,cpu       ] GC(54) User=0.00s Sys=0.00s Real=0.00s
[2020-09-03T11:16:22.622+0000][23984][safepoint    ] Safepoint "G1Concurrent", Time since last: 96958100 ns, Reaching safepoint: 134600 ns, At safepoint: 435500 ns, Total: 570100 ns
[2020-09-03T11:16:22.623+0000][23984][gc,marking   ] GC(54) Concurrent Cleanup for Next Mark
[2020-09-03T11:16:22.624+0000][23984][gc,marking   ] GC(54) Concurrent Cleanup for Next Mark 1.722ms
[2020-09-03T11:16:22.624+0000][23984][gc           ] GC(54) Concurrent Cycle 264.466ms
[2020-09-03T11:16:22.750+0000][23984][gc,start     ] GC(55) Pause Young (Concurrent Start) (G1 Humongous Allocation)
[2020-09-03T11:16:22.750+0000][23984][gc,task      ] GC(55) Using 8 workers of 8 for evacuation
[2020-09-03T11:16:22.750+0000][23984][gc,age       ] GC(55) Desired survivor size 32505856 bytes, new threshold 15 (max threshold 15)
[2020-09-03T11:16:22.754+0000][23984][gc,age       ] GC(55) Age table with threshold 15 (max threshold 15)
[2020-09-03T11:16:22.754+0000][23984][gc,age       ] GC(55) - age   1:    3899888 bytes,    3899888 total
[2020-09-03T11:16:22.754+0000][23984][gc,age       ] GC(55) - age   2:      11288 bytes,    3911176 total
[2020-09-03T11:16:22.754+0000][23984][gc,age       ] GC(55) - age   3:       2280 bytes,    3913456 total
[2020-09-03T11:16:22.754+0000][23984][gc,age       ] GC(55) - age   4:       3056 bytes,    3916512 total
[2020-09-03T11:16:22.754+0000][23984][gc,age       ] GC(55) - age   5:       2184 bytes,    3918696 total
[2020-09-03T11:16:22.754+0000][23984][gc,age       ] GC(55) - age   6:      27296 bytes,    3945992 total
[2020-09-03T11:16:22.754+0000][23984][gc,age       ] GC(55) - age   7:      26368 bytes,    3972360 total
[2020-09-03T11:16:22.754+0000][23984][gc,age       ] GC(55) - age   8:      27144 bytes,    3999504 total
[2020-09-03T11:16:22.754+0000][23984][gc,age       ] GC(55) - age   9:        696 bytes,    4000200 total
[2020-09-03T11:16:22.754+0000][23984][gc,age       ] GC(55) - age  10:      28560 bytes,    4028760 total
[2020-09-03T11:16:22.754+0000][23984][gc,age       ] GC(55) - age  11:      13144 bytes,    4041904 total
[2020-09-03T11:16:22.754+0000][23984][gc,age       ] GC(55) - age  12:     114352 bytes,    4156256 total
[2020-09-03T11:16:22.754+0000][23984][gc,age       ] GC(55) - age  13:    1225664 bytes,    5381920 total
[2020-09-03T11:16:22.754+0000][23984][gc,age       ] GC(55) - age  14:    1330176 bytes,    6712096 total
[2020-09-03T11:16:22.754+0000][23984][gc,age       ] GC(55) - age  15:       3616 bytes,    6715712 total
[2020-09-03T11:16:22.754+0000][23984][gc,phases    ] GC(55)   Pre Evacuate Collection Set: 0.3ms
[2020-09-03T11:16:22.754+0000][23984][gc,phases    ] GC(55)   Merge Heap Roots: 0.1ms
[2020-09-03T11:16:22.754+0000][23984][gc,phases    ] GC(55)   Evacuate Collection Set: 2.3ms
[2020-09-03T11:16:22.755+0000][23984][gc,phases    ] GC(55)   Post Evacuate Collection Set: 0.9ms
[2020-09-03T11:16:22.755+0000][23984][gc,phases    ] GC(55)   Other: 0.7ms
[2020-09-03T11:16:22.755+0000][23984][gc,heap      ] GC(55) Eden regions: 78->0(488)
[2020-09-03T11:16:22.755+0000][23984][gc,heap      ] GC(55) Survivor regions: 16->8(62)
[2020-09-03T11:16:22.755+0000][23984][gc,heap      ] GC(55) Old regions: 72->72
[2020-09-03T11:16:22.755+0000][23984][gc,heap      ] GC(55) Archive regions: 0->0
[2020-09-03T11:16:22.755+0000][23984][gc,heap      ] GC(55) Humongous regions: 418->174
[2020-09-03T11:16:22.755+0000][23984][gc,metaspace ] GC(55) Metaspace: 82176K(89088K)->82176K(89088K) NonClass: 71341K(75520K)->71341K(75520K) Class: 10834K(13568K)->10834K(13568K)
[2020-09-03T11:16:22.755+0000][23984][gc           ] GC(55) Pause Young (Concurrent Start) (G1 Humongous Allocation) 583M->252M(1024M) 4.501ms
[2020-09-03T11:16:22.755+0000][23984][gc,cpu       ] GC(55) User=0.00s Sys=0.00s Real=0.01s
[2020-09-03T11:16:22.755+0000][23984][gc           ] GC(56) Concurrent Cycle
[2020-09-03T11:16:22.755+0000][23984][safepoint    ] Safepoint "G1TryInitiateConcMark", Time since last: 127565900 ns, Reaching safepoint: 129600 ns, At safepoint: 4701700 ns, Total: 4831300 ns
[2020-09-03T11:16:22.755+0000][23984][gc,marking   ] GC(56) Concurrent Clear Claimed Marks
[2020-09-03T11:16:22.755+0000][23984][gc,marking   ] GC(56) Concurrent Clear Claimed Marks 0.461ms
[2020-09-03T11:16:22.755+0000][23984][gc,marking   ] GC(56) Concurrent Scan Root Regions
[2020-09-03T11:16:22.758+0000][23984][gc,marking   ] GC(56) Concurrent Scan Root Regions 2.696ms
[2020-09-03T11:16:22.758+0000][23984][gc,marking   ] GC(56) Concurrent Mark (131.760s)
[2020-09-03T11:16:22.758+0000][23984][gc,marking   ] GC(56) Concurrent Mark From Roots
[2020-09-03T11:16:22.758+0000][23984][gc,task      ] GC(56) Using 2 workers of 2 for marking
[2020-09-03T11:16:22.861+0000][23984][gc,marking   ] GC(56) Concurrent Mark From Roots 102.511ms
[2020-09-03T11:16:22.861+0000][23984][gc,marking   ] GC(56) Concurrent Preclean
[2020-09-03T11:16:22.861+0000][23984][gc,marking   ] GC(56) Concurrent Preclean 0.507ms
[2020-09-03T11:16:22.861+0000][23984][gc,marking   ] GC(56) Concurrent Mark (131.760s, 131.863s) 103.158ms
[2020-09-03T11:16:22.862+0000][23984][gc,start     ] GC(56) Pause Remark
[2020-09-03T11:16:22.866+0000][23984][gc           ] GC(56) Pause Remark 315M->315M(1024M) 4.083ms
[2020-09-03T11:16:22.866+0000][23984][gc,cpu       ] GC(56) User=0.00s Sys=0.00s Real=0.00s
[2020-09-03T11:16:22.866+0000][23984][safepoint    ] Safepoint "G1Concurrent", Time since last: 106550300 ns, Reaching safepoint: 153600 ns, At safepoint: 4305800 ns, Total: 4459400 ns
[2020-09-03T11:16:22.866+0000][23984][gc,marking   ] GC(56) Concurrent Rebuild Remembered Sets
[2020-09-03T11:16:22.938+0000][23984][gc,marking   ] GC(56) Concurrent Rebuild Remembered Sets 72.352ms
[2020-09-03T11:16:22.939+0000][23984][gc,start     ] GC(56) Pause Cleanup
[2020-09-03T11:16:22.939+0000][23984][gc           ] GC(56) Pause Cleanup 386M->386M(1024M) 0.297ms
[2020-09-03T11:16:22.939+0000][23984][gc,cpu       ] GC(56) User=0.00s Sys=0.00s Real=0.00s
[2020-09-03T11:16:22.939+0000][23984][safepoint    ] Safepoint "G1Concurrent", Time since last: 72529600 ns, Reaching safepoint: 178600 ns, At safepoint: 464800 ns, Total: 643400 ns
[2020-09-03T11:16:22.939+0000][23984][gc,marking   ] GC(56) Concurrent Cleanup for Next Mark
[2020-09-03T11:16:22.940+0000][23984][gc,marking   ] GC(56) Concurrent Cleanup for Next Mark 1.230ms
[2020-09-03T11:16:22.940+0000][23984][gc           ] GC(56) Concurrent Cycle 185.641ms
[2020-09-03T11:16:23.034+0000][23984][gc,start     ] GC(57) Pause Young (Concurrent Start) (G1 Humongous Allocation)
[2020-09-03T11:16:23.034+0000][23984][gc,task      ] GC(57) Using 8 workers of 8 for evacuation
[2020-09-03T11:16:23.034+0000][23984][gc,age       ] GC(57) Desired survivor size 32505856 bytes, new threshold 15 (max threshold 15)
[2020-09-03T11:16:23.038+0000][23984][gc,age       ] GC(57) Age table with threshold 15 (max threshold 15)
[2020-09-03T11:16:23.038+0000][23984][gc,age       ] GC(57) - age   1:    3308896 bytes,    3308896 total
[2020-09-03T11:16:23.038+0000][23984][gc,age       ] GC(57) - age   2:     602208 bytes,    3911104 total
[2020-09-03T11:16:23.038+0000][23984][gc,age       ] GC(57) - age   3:       8320 bytes,    3919424 total
[2020-09-03T11:16:23.038+0000][23984][gc,age       ] GC(57) - age   4:       1728 bytes,    3921152 total
[2020-09-03T11:16:23.038+0000][23984][gc,age       ] GC(57) - age   5:       2792 bytes,    3923944 total
[2020-09-03T11:16:23.038+0000][23984][gc,age       ] GC(57) - age   6:       2184 bytes,    3926128 total
[2020-09-03T11:16:23.038+0000][23984][gc,age       ] GC(57) - age   7:      27136 bytes,    3953264 total
[2020-09-03T11:16:23.038+0000][23984][gc,age       ] GC(57) - age   8:      26176 bytes,    3979440 total
[2020-09-03T11:16:23.038+0000][23984][gc,age       ] GC(57) - age   9:      27112 bytes,    4006552 total
[2020-09-03T11:16:23.038+0000][23984][gc,age       ] GC(57) - age  10:        696 bytes,    4007248 total
[2020-09-03T11:16:23.038+0000][23984][gc,age       ] GC(57) - age  11:      28528 bytes,    4035776 total
[2020-09-03T11:16:23.038+0000][23984][gc,age       ] GC(57) - age  12:      13144 bytes,    4048920 total
[2020-09-03T11:16:23.038+0000][23984][gc,age       ] GC(57) - age  13:     114352 bytes,    4163272 total
[2020-09-03T11:16:23.038+0000][23984][gc,age       ] GC(57) - age  14:    1225664 bytes,    5388936 total
[2020-09-03T11:16:23.038+0000][23984][gc,age       ] GC(57) - age  15:    1330080 bytes,    6719016 total
[2020-09-03T11:16:23.039+0000][23984][gc,phases    ] GC(57)   Pre Evacuate Collection Set: 0.3ms
[2020-09-03T11:16:23.039+0000][23984][gc,phases    ] GC(57)   Merge Heap Roots: 0.1ms
[2020-09-03T11:16:23.039+0000][23984][gc,phases    ] GC(57)   Evacuate Collection Set: 2.7ms
[2020-09-03T11:16:23.039+0000][23984][gc,phases    ] GC(57)   Post Evacuate Collection Set: 0.8ms
[2020-09-03T11:16:23.039+0000][23984][gc,phases    ] GC(57)   Other: 0.7ms
[2020-09-03T11:16:23.039+0000][23984][gc,heap      ] GC(57) Eden regions: 42->0(492)
[2020-09-03T11:16:23.039+0000][23984][gc,heap      ] GC(57) Survivor regions: 8->8(62)
[2020-09-03T11:16:23.039+0000][23984][gc,heap      ] GC(57) Old regions: 72->72
[2020-09-03T11:16:23.039+0000][23984][gc,heap      ] GC(57) Archive regions: 0->0
[2020-09-03T11:16:23.039+0000][23984][gc,heap      ] GC(57) Humongous regions: 278->174
[2020-09-03T11:16:23.039+0000][23984][gc,metaspace ] GC(57) Metaspace: 82195K(89088K)->82195K(89088K) NonClass: 71361K(75520K)->71361K(75520K) Class: 10834K(13568K)->10834K(13568K)
[2020-09-03T11:16:23.039+0000][23984][gc           ] GC(57) Pause Young (Concurrent Start) (G1 Humongous Allocation) 398M->252M(1024M) 4.773ms
[2020-09-03T11:16:23.039+0000][23984][gc,cpu       ] GC(57) User=0.00s Sys=0.00s Real=0.01s
[2020-09-03T11:16:23.039+0000][23984][safepoint    ] Safepoint "G1TryInitiateConcMark", Time since last: 94783800 ns, Reaching safepoint: 153500 ns, At safepoint: 4893000 ns, Total: 5046500 ns
[2020-09-03T11:16:23.039+0000][23984][gc           ] GC(58) Concurrent Cycle
[2020-09-03T11:16:23.039+0000][23984][gc,marking   ] GC(58) Concurrent Clear Claimed Marks
[2020-09-03T11:16:23.039+0000][23984][gc,marking   ] GC(58) Concurrent Clear Claimed Marks 0.373ms
[2020-09-03T11:16:23.039+0000][23984][gc,marking   ] GC(58) Concurrent Scan Root Regions
[2020-09-03T11:16:23.042+0000][23984][gc,marking   ] GC(58) Concurrent Scan Root Regions 2.969ms
[2020-09-03T11:16:23.042+0000][23984][gc,marking   ] GC(58) Concurrent Mark (132.044s)
[2020-09-03T11:16:23.042+0000][23984][gc,marking   ] GC(58) Concurrent Mark From Roots
[2020-09-03T11:16:23.043+0000][23984][gc,task      ] GC(58) Using 2 workers of 2 for marking
[2020-09-03T11:16:23.125+0000][23984][gc,marking   ] GC(58) Concurrent Mark From Roots 82.805ms
[2020-09-03T11:16:23.125+0000][23984][gc,marking   ] GC(58) Concurrent Preclean
[2020-09-03T11:16:23.126+0000][23984][gc,marking   ] GC(58) Concurrent Preclean 0.361ms
[2020-09-03T11:16:23.126+0000][23984][gc,marking   ] GC(58) Concurrent Mark (132.044s, 132.128s) 83.275ms
[2020-09-03T11:16:23.126+0000][23984][gc,start     ] GC(58) Pause Remark
[2020-09-03T11:16:23.129+0000][23984][gc           ] GC(58) Pause Remark 316M->316M(1024M) 3.225ms
[2020-09-03T11:16:23.129+0000][23984][gc,cpu       ] GC(58) User=0.00s Sys=0.00s Real=0.00s
[2020-09-03T11:16:23.129+0000][23984][safepoint    ] Safepoint "G1Concurrent", Time since last: 86932000 ns, Reaching safepoint: 146600 ns, At safepoint: 3415100 ns, Total: 3561700 ns
[2020-09-03T11:16:23.130+0000][23984][gc,marking   ] GC(58) Concurrent Rebuild Remembered Sets
[2020-09-03T11:16:23.198+0000][23984][gc,marking   ] GC(58) Concurrent Rebuild Remembered Sets 67.996ms
[2020-09-03T11:16:23.198+0000][23984][gc,start     ] GC(58) Pause Cleanup
[2020-09-03T11:16:23.198+0000][23984][gc           ] GC(58) Pause Cleanup 388M->388M(1024M) 0.364ms
[2020-09-03T11:16:23.198+0000][23984][gc,cpu       ] GC(58) User=0.00s Sys=0.00s Real=0.00s
[2020-09-03T11:16:23.198+0000][23984][safepoint    ] Safepoint "G1Concurrent", Time since last: 68359300 ns, Reaching safepoint: 165700 ns, At safepoint: 544600 ns, Total: 710300 ns
[2020-09-03T11:16:23.198+0000][23984][gc,marking   ] GC(58) Concurrent Cleanup for Next Mark
[2020-09-03T11:16:23.200+0000][23984][gc,marking   ] GC(58) Concurrent Cleanup for Next Mark 1.270ms
[2020-09-03T11:16:23.200+0000][23984][gc           ] GC(58) Concurrent Cycle 160.962ms
[2020-09-03T11:16:23.307+0000][23984][gc,start     ] GC(59) Pause Young (Concurrent Start) (G1 Humongous Allocation)
[2020-09-03T11:16:23.307+0000][23984][gc,task      ] GC(59) Using 8 workers of 8 for evacuation
[2020-09-03T11:16:23.307+0000][23984][gc,age       ] GC(59) Desired survivor size 33030144 bytes, new threshold 15 (max threshold 15)
[2020-09-03T11:16:23.311+0000][23984][gc,age       ] GC(59) Age table with threshold 15 (max threshold 15)
[2020-09-03T11:16:23.311+0000][23984][gc,age       ] GC(59) - age   1:    3185888 bytes,    3185888 total
[2020-09-03T11:16:23.311+0000][23984][gc,age       ] GC(59) - age   2:     406544 bytes,    3592432 total
[2020-09-03T11:16:23.311+0000][23984][gc,age       ] GC(59) - age   3:     204600 bytes,    3797032 total
[2020-09-03T11:16:23.311+0000][23984][gc,age       ] GC(59) - age   4:       6424 bytes,    3803456 total
[2020-09-03T11:16:23.311+0000][23984][gc,age       ] GC(59) - age   5:       1416 bytes,    3804872 total
[2020-09-03T11:16:23.311+0000][23984][gc,age       ] GC(59) - age   6:       2632 bytes,    3807504 total
[2020-09-03T11:16:23.311+0000][23984][gc,age       ] GC(59) - age   7:       2024 bytes,    3809528 total
[2020-09-03T11:16:23.311+0000][23984][gc,age       ] GC(59) - age   8:      27104 bytes,    3836632 total
[2020-09-03T11:16:23.311+0000][23984][gc,age       ] GC(59) - age   9:      26176 bytes,    3862808 total
[2020-09-03T11:16:23.311+0000][23984][gc,age       ] GC(59) - age  10:      27112 bytes,    3889920 total
[2020-09-03T11:16:23.311+0000][23984][gc,age       ] GC(59) - age  11:        568 bytes,    3890488 total
[2020-09-03T11:16:23.311+0000][23984][gc,age       ] GC(59) - age  12:      28528 bytes,    3919016 total
[2020-09-03T11:16:23.311+0000][23984][gc,age       ] GC(59) - age  13:      13016 bytes,    3932032 total
[2020-09-03T11:16:23.311+0000][23984][gc,age       ] GC(59) - age  14:     114288 bytes,    4046320 total
[2020-09-03T11:16:23.311+0000][23984][gc,age       ] GC(59) - age  15:    1225536 bytes,    5271856 total
[2020-09-03T11:16:23.311+0000][23984][gc,phases    ] GC(59)   Pre Evacuate Collection Set: 0.3ms
[2020-09-03T11:16:23.311+0000][23984][gc,phases    ] GC(59)   Merge Heap Roots: 0.1ms
[2020-09-03T11:16:23.311+0000][23984][gc,phases    ] GC(59)   Evacuate Collection Set: 2.2ms
[2020-09-03T11:16:23.311+0000][23984][gc,phases    ] GC(59)   Post Evacuate Collection Set: 0.9ms
[2020-09-03T11:16:23.311+0000][23984][gc,phases    ] GC(59)   Other: 0.8ms
[2020-09-03T11:16:23.311+0000][23984][gc,heap      ] GC(59) Eden regions: 43->0(495)
[2020-09-03T11:16:23.311+0000][23984][gc,heap      ] GC(59) Survivor regions: 8->6(63)
[2020-09-03T11:16:23.312+0000][23984][gc,heap      ] GC(59) Old regions: 72->74
[2020-09-03T11:16:23.312+0000][23984][gc,heap      ] GC(59) Archive regions: 0->0
[2020-09-03T11:16:23.312+0000][23984][gc,heap      ] GC(59) Humongous regions: 278->174
[2020-09-03T11:16:23.312+0000][23984][gc,metaspace ] GC(59) Metaspace: 82207K(89088K)->82207K(89088K) NonClass: 71372K(75520K)->71372K(75520K) Class: 10834K(13568K)->10834K(13568K)
[2020-09-03T11:16:23.312+0000][23984][gc           ] GC(59) Pause Young (Concurrent Start) (G1 Humongous Allocation) 398M->252M(1024M) 4.644ms
[2020-09-03T11:16:23.312+0000][23984][gc,cpu       ] GC(59) User=0.13s Sys=0.00s Real=0.01s
[2020-09-03T11:16:23.312+0000][23984][safepoint    ] Safepoint "G1TryInitiateConcMark", Time since last: 108446400 ns, Reaching safepoint: 122400 ns, At safepoint: 4773800 ns, Total: 4896200 ns
[2020-09-03T11:16:23.312+0000][23984][gc           ] GC(60) Concurrent Cycle
[2020-09-03T11:16:23.312+0000][23984][gc,marking   ] GC(60) Concurrent Clear Claimed Marks
[2020-09-03T11:16:23.312+0000][23984][gc,marking   ] GC(60) Concurrent Clear Claimed Marks 0.328ms
[2020-09-03T11:16:23.312+0000][23984][gc,marking   ] GC(60) Concurrent Scan Root Regions
[2020-09-03T11:16:23.316+0000][23984][gc,marking   ] GC(60) Concurrent Scan Root Regions 3.366ms
[2020-09-03T11:16:23.316+0000][23984][gc,marking   ] GC(60) Concurrent Mark (132.318s)
[2020-09-03T11:16:23.316+0000][23984][gc,marking   ] GC(60) Concurrent Mark From Roots
[2020-09-03T11:16:23.316+0000][23984][gc,task      ] GC(60) Using 2 workers of 2 for marking
[2020-09-03T11:16:23.403+0000][23984][gc,marking   ] GC(60) Concurrent Mark From Roots 87.249ms
[2020-09-03T11:16:23.403+0000][23984][gc,marking   ] GC(60) Concurrent Preclean
[2020-09-03T11:16:23.404+0000][23984][gc,marking   ] GC(60) Concurrent Preclean 0.433ms
[2020-09-03T11:16:23.404+0000][23984][gc,marking   ] GC(60) Concurrent Mark (132.318s, 132.405s) 87.831ms
[2020-09-03T11:16:23.404+0000][23984][gc,start     ] GC(60) Pause Remark
[2020-09-03T11:16:23.407+0000][23984][gc           ] GC(60) Pause Remark 310M->310M(1024M) 3.108ms
[2020-09-03T11:16:23.407+0000][23984][gc,cpu       ] GC(60) User=0.00s Sys=0.00s Real=0.00s
[2020-09-03T11:16:23.407+0000][23984][safepoint    ] Safepoint "G1Concurrent", Time since last: 91846500 ns, Reaching safepoint: 124700 ns, At safepoint: 3281600 ns, Total: 3406300 ns
[2020-09-03T11:16:23.407+0000][23984][gc,marking   ] GC(60) Concurrent Rebuild Remembered Sets
[2020-09-03T11:16:23.465+0000][23984][gc,marking   ] GC(60) Concurrent Rebuild Remembered Sets 57.853ms
[2020-09-03T11:16:23.465+0000][23984][gc,start     ] GC(60) Pause Cleanup
[2020-09-03T11:16:23.465+0000][23984][gc           ] GC(60) Pause Cleanup 315M->315M(1024M) 0.246ms
[2020-09-03T11:16:23.466+0000][23984][gc,cpu       ] GC(60) User=0.00s Sys=0.00s Real=0.00s
[2020-09-03T11:16:23.466+0000][23984][safepoint    ] Safepoint "G1Concurrent", Time since last: 58002200 ns, Reaching safepoint: 162200 ns, At safepoint: 391900 ns, Total: 554100 ns
[2020-09-03T11:16:23.466+0000][23984][gc,marking   ] GC(60) Concurrent Cleanup for Next Mark
[2020-09-03T11:16:23.467+0000][23984][gc,marking   ] GC(60) Concurrent Cleanup for Next Mark 1.112ms
[2020-09-03T11:16:23.467+0000][23984][gc           ] GC(60) Concurrent Cycle 155.034ms
[2020-09-03T11:16:23.759+0000][23984][safepoint    ] Safepoint "ICBufferFull", Time since last: 293251100 ns, Reaching safepoint: 264500 ns, At safepoint: 161800 ns, Total: 426300 ns
[2020-09-03T11:16:23.792+0000][23984][gc,start     ] GC(61) Pause Young (Concurrent Start) (G1 Humongous Allocation)
[2020-09-03T11:16:23.792+0000][23984][gc,task      ] GC(61) Using 8 workers of 8 for evacuation
[2020-09-03T11:16:23.792+0000][23984][gc,age       ] GC(61) Desired survivor size 33030144 bytes, new threshold 15 (max threshold 15)
[2020-09-03T11:16:23.797+0000][23984][gc,age       ] GC(61) Age table with threshold 15 (max threshold 15)
[2020-09-03T11:16:23.797+0000][23984][gc,age       ] GC(61) - age   1:   10933176 bytes,   10933176 total
[2020-09-03T11:16:23.797+0000][23984][gc,age       ] GC(61) - age   2:       2616 bytes,   10935792 total
[2020-09-03T11:16:23.797+0000][23984][gc,age       ] GC(61) - age   3:       1728 bytes,   10937520 total
[2020-09-03T11:16:23.797+0000][23984][gc,age       ] GC(61) - age   4:       4016 bytes,   10941536 total
[2020-09-03T11:16:23.797+0000][23984][gc,age       ] GC(61) - age   5:       4800 bytes,   10946336 total
[2020-09-03T11:16:23.797+0000][23984][gc,age       ] GC(61) - age   6:       1384 bytes,   10947720 total
[2020-09-03T11:16:23.797+0000][23984][gc,age       ] GC(61) - age   7:       2632 bytes,   10950352 total
[2020-09-03T11:16:23.797+0000][23984][gc,age       ] GC(61) - age   8:       2024 bytes,   10952376 total
[2020-09-03T11:16:23.797+0000][23984][gc,age       ] GC(61) - age   9:      27072 bytes,   10979448 total
[2020-09-03T11:16:23.797+0000][23984][gc,age       ] GC(61) - age  10:      26176 bytes,   11005624 total
[2020-09-03T11:16:23.797+0000][23984][gc,age       ] GC(61) - age  11:      27112 bytes,   11032736 total
[2020-09-03T11:16:23.797+0000][23984][gc,age       ] GC(61) - age  12:        568 bytes,   11033304 total
[2020-09-03T11:16:23.797+0000][23984][gc,age       ] GC(61) - age  13:      28528 bytes,   11061832 total
[2020-09-03T11:16:23.798+0000][23984][gc,age       ] GC(61) - age  14:      12920 bytes,   11074752 total
[2020-09-03T11:16:23.798+0000][23984][gc,age       ] GC(61) - age  15:     114288 bytes,   11189040 total
[2020-09-03T11:16:23.798+0000][23984][gc,phases    ] GC(61)   Pre Evacuate Collection Set: 0.5ms
[2020-09-03T11:16:23.798+0000][23984][gc,phases    ] GC(61)   Merge Heap Roots: 0.1ms
[2020-09-03T11:16:23.798+0000][23984][gc,phases    ] GC(61)   Evacuate Collection Set: 3.1ms
[2020-09-03T11:16:23.798+0000][23984][gc,phases    ] GC(61)   Post Evacuate Collection Set: 0.9ms
[2020-09-03T11:16:23.798+0000][23984][gc,phases    ] GC(61)   Other: 1.0ms
[2020-09-03T11:16:23.798+0000][23984][gc,heap      ] GC(61) Eden regions: 45->0(483)
[2020-09-03T11:16:23.798+0000][23984][gc,heap      ] GC(61) Survivor regions: 6->12(63)
[2020-09-03T11:16:23.798+0000][23984][gc,heap      ] GC(61) Old regions: 74->75
[2020-09-03T11:16:23.798+0000][23984][gc,heap      ] GC(61) Archive regions: 0->0
[2020-09-03T11:16:23.798+0000][23984][gc,heap      ] GC(61) Humongous regions: 233->174
[2020-09-03T11:16:23.798+0000][23984][gc,metaspace ] GC(61) Metaspace: 82592K(89344K)->82592K(89344K) NonClass: 71696K(75776K)->71696K(75776K) Class: 10895K(13568K)->10895K(13568K)
[2020-09-03T11:16:23.798+0000][23984][gc           ] GC(61) Pause Young (Concurrent Start) (G1 Humongous Allocation) 356M->259M(1024M) 5.672ms
[2020-09-03T11:16:23.798+0000][23984][gc,cpu       ] GC(61) User=0.13s Sys=0.00s Real=0.01s
[2020-09-03T11:16:23.798+0000][23984][gc           ] GC(62) Concurrent Cycle
[2020-09-03T11:16:23.798+0000][23984][gc,marking   ] GC(62) Concurrent Clear Claimed Marks
[2020-09-03T11:16:23.798+0000][23984][gc,marking   ] GC(62) Concurrent Clear Claimed Marks 0.316ms
[2020-09-03T11:16:23.798+0000][23984][gc,marking   ] GC(62) Concurrent Scan Root Regions
[2020-09-03T11:16:23.798+0000][23984][safepoint    ] Safepoint "G1TryInitiateConcMark", Time since last: 32615500 ns, Reaching safepoint: 241700 ns, At safepoint: 6293800 ns, Total: 6535500 ns
[2020-09-03T11:16:23.802+0000][23984][gc,marking   ] GC(62) Concurrent Scan Root Regions 3.365ms
[2020-09-03T11:16:23.802+0000][23984][gc,marking   ] GC(62) Concurrent Mark (132.804s)
[2020-09-03T11:16:23.802+0000][23984][gc,marking   ] GC(62) Concurrent Mark From Roots
[2020-09-03T11:16:23.802+0000][23984][gc,task      ] GC(62) Using 2 workers of 2 for marking
[2020-09-03T11:16:23.945+0000][23984][gc,marking   ] GC(62) Concurrent Mark From Roots 143.390ms
[2020-09-03T11:16:23.945+0000][23984][gc,marking   ] GC(62) Concurrent Preclean
[2020-09-03T11:16:23.946+0000][23984][gc,marking   ] GC(62) Concurrent Preclean 0.685ms
[2020-09-03T11:16:23.946+0000][23984][gc,marking   ] GC(62) Concurrent Mark (132.804s, 132.948s) 144.261ms
[2020-09-03T11:16:23.946+0000][23984][gc,start     ] GC(62) Pause Remark
[2020-09-03T11:16:23.956+0000][23984][gc           ] GC(62) Pause Remark 494M->494M(1024M) 9.747ms
[2020-09-03T11:16:23.956+0000][23984][gc,cpu       ] GC(62) User=0.13s Sys=0.00s Real=0.01s
[2020-09-03T11:16:23.957+0000][23984][safepoint    ] Safepoint "G1Concurrent", Time since last: 147828900 ns, Reaching safepoint: 161800 ns, At safepoint: 11059500 ns, Total: 11221300 ns
[2020-09-03T11:16:23.958+0000][23984][gc,marking   ] GC(62) Concurrent Rebuild Remembered Sets
[2020-09-03T11:16:24.044+0000][23984][gc,marking   ] GC(62) Concurrent Rebuild Remembered Sets 86.761ms
[2020-09-03T11:16:24.045+0000][23984][gc,start     ] GC(62) Pause Cleanup
[2020-09-03T11:16:24.045+0000][23984][gc           ] GC(62) Pause Cleanup 562M->562M(1024M) 0.269ms
[2020-09-03T11:16:24.045+0000][23984][gc,cpu       ] GC(62) User=0.00s Sys=0.00s Real=0.00s
[2020-09-03T11:16:24.045+0000][23984][safepoint    ] Safepoint "G1Concurrent", Time since last: 86981200 ns, Reaching safepoint: 569600 ns, At safepoint: 395500 ns, Total: 965100 ns
[2020-09-03T11:16:24.046+0000][23984][gc,marking   ] GC(62) Concurrent Cleanup for Next Mark
[2020-09-03T11:16:24.047+0000][23984][gc,marking   ] GC(62) Concurrent Cleanup for Next Mark 1.898ms
[2020-09-03T11:16:24.048+0000][23984][gc           ] GC(62) Concurrent Cycle 249.532ms
[2020-09-03T11:16:24.206+0000][23984][safepoint    ] Safepoint "ICBufferFull", Time since last: 160255300 ns, Reaching safepoint: 290900 ns, At safepoint: 13500 ns, Total: 304400 ns
[2020-09-03T11:16:24.212+0000][23984][gc,start     ] GC(63) Pause Young (Concurrent Start) (G1 Humongous Allocation)
[2020-09-03T11:16:24.212+0000][23984][gc,task      ] GC(63) Using 8 workers of 8 for evacuation
[2020-09-03T11:16:24.212+0000][23984][gc,age       ] GC(63) Desired survivor size 32505856 bytes, new threshold 15 (max threshold 15)
[2020-09-03T11:16:24.216+0000][23984][gc,age       ] GC(63) Age table with threshold 15 (max threshold 15)
[2020-09-03T11:16:24.216+0000][23984][gc,age       ] GC(63) - age   1:    2677208 bytes,    2677208 total
[2020-09-03T11:16:24.216+0000][23984][gc,age       ] GC(63) - age   2:     226600 bytes,    2903808 total
[2020-09-03T11:16:24.216+0000][23984][gc,age       ] GC(63) - age   3:       2344 bytes,    2906152 total
[2020-09-03T11:16:24.216+0000][23984][gc,age       ] GC(63) - age   4:       1472 bytes,    2907624 total
[2020-09-03T11:16:24.216+0000][23984][gc,age       ] GC(63) - age   5:       3600 bytes,    2911224 total
[2020-09-03T11:16:24.216+0000][23984][gc,age       ] GC(63) - age   6:       4744 bytes,    2915968 total
[2020-09-03T11:16:24.216+0000][23984][gc,age       ] GC(63) - age   7:       1384 bytes,    2917352 total
[2020-09-03T11:16:24.216+0000][23984][gc,age       ] GC(63) - age   8:       2600 bytes,    2919952 total
[2020-09-03T11:16:24.216+0000][23984][gc,age       ] GC(63) - age   9:       2024 bytes,    2921976 total
[2020-09-03T11:16:24.216+0000][23984][gc,age       ] GC(63) - age  10:      27072 bytes,    2949048 total
[2020-09-03T11:16:24.216+0000][23984][gc,age       ] GC(63) - age  11:      26176 bytes,    2975224 total
[2020-09-03T11:16:24.216+0000][23984][gc,age       ] GC(63) - age  12:      27112 bytes,    3002336 total
[2020-09-03T11:16:24.216+0000][23984][gc,age       ] GC(63) - age  13:        568 bytes,    3002904 total
[2020-09-03T11:16:24.216+0000][23984][gc,age       ] GC(63) - age  14:      28464 bytes,    3031368 total
[2020-09-03T11:16:24.216+0000][23984][gc,age       ] GC(63) - age  15:      12440 bytes,    3043808 total
[2020-09-03T11:16:24.216+0000][23984][gc,phases    ] GC(63)   Pre Evacuate Collection Set: 0.4ms
[2020-09-03T11:16:24.216+0000][23984][gc,phases    ] GC(63)   Merge Heap Roots: 0.2ms
[2020-09-03T11:16:24.216+0000][23984][gc,phases    ] GC(63)   Evacuate Collection Set: 2.0ms
[2020-09-03T11:16:24.216+0000][23984][gc,phases    ] GC(63)   Post Evacuate Collection Set: 0.9ms
[2020-09-03T11:16:24.216+0000][23984][gc,phases    ] GC(63)   Other: 0.6ms
[2020-09-03T11:16:24.216+0000][23984][gc,heap      ] GC(63) Eden regions: 86->0(495)
[2020-09-03T11:16:24.216+0000][23984][gc,heap      ] GC(63) Survivor regions: 12->4(62)
[2020-09-03T11:16:24.216+0000][23984][gc,heap      ] GC(63) Old regions: 75->75
[2020-09-03T11:16:24.216+0000][23984][gc,heap      ] GC(63) Archive regions: 0->0
[2020-09-03T11:16:24.216+0000][23984][gc,heap      ] GC(63) Humongous regions: 419->174
[2020-09-03T11:16:24.216+0000][23984][gc,metaspace ] GC(63) Metaspace: 82612K(89344K)->82612K(89344K) NonClass: 71718K(75776K)->71718K(75776K) Class: 10893K(13568K)->10893K(13568K)
[2020-09-03T11:16:24.216+0000][23984][gc           ] GC(63) Pause Young (Concurrent Start) (G1 Humongous Allocation) 590M->252M(1024M) 4.313ms
[2020-09-03T11:16:24.216+0000][23984][gc,cpu       ] GC(63) User=0.00s Sys=0.00s Real=0.00s
[2020-09-03T11:16:24.216+0000][23984][safepoint    ] Safepoint "G1TryInitiateConcMark", Time since last: 5848300 ns, Reaching safepoint: 136600 ns, At safepoint: 4432200 ns, Total: 4568800 ns
[2020-09-03T11:16:24.216+0000][23984][gc           ] GC(64) Concurrent Cycle
[2020-09-03T11:16:24.216+0000][23984][gc,marking   ] GC(64) Concurrent Clear Claimed Marks
[2020-09-03T11:16:24.217+0000][23984][gc,marking   ] GC(64) Concurrent Clear Claimed Marks 0.330ms
[2020-09-03T11:16:24.217+0000][23984][gc,marking   ] GC(64) Concurrent Scan Root Regions
[2020-09-03T11:16:24.218+0000][23984][gc,marking   ] GC(64) Concurrent Scan Root Regions 1.361ms
[2020-09-03T11:16:24.218+0000][23984][gc,marking   ] GC(64) Concurrent Mark (133.220s)
[2020-09-03T11:16:24.218+0000][23984][gc,marking   ] GC(64) Concurrent Mark From Roots
[2020-09-03T11:16:24.218+0000][23984][gc,task      ] GC(64) Using 2 workers of 2 for marking
[2020-09-03T11:16:24.300+0000][23984][gc,marking   ] GC(64) Concurrent Mark From Roots 81.906ms
[2020-09-03T11:16:24.300+0000][23984][gc,marking   ] GC(64) Concurrent Preclean
[2020-09-03T11:16:24.301+0000][23984][gc,marking   ] GC(64) Concurrent Preclean 0.382ms
[2020-09-03T11:16:24.301+0000][23984][gc,marking   ] GC(64) Concurrent Mark (133.220s, 133.303s) 82.401ms
[2020-09-03T11:16:24.301+0000][23984][gc,start     ] GC(64) Pause Remark
[2020-09-03T11:16:24.304+0000][23984][gc           ] GC(64) Pause Remark 312M->312M(1024M) 3.393ms
[2020-09-03T11:16:24.304+0000][23984][gc,cpu       ] GC(64) User=0.00s Sys=0.00s Real=0.00s
[2020-09-03T11:16:24.304+0000][23984][safepoint    ] Safepoint "G1Concurrent", Time since last: 84329800 ns, Reaching safepoint: 163300 ns, At safepoint: 3562300 ns, Total: 3725600 ns
[2020-09-03T11:16:24.305+0000][23984][gc,marking   ] GC(64) Concurrent Rebuild Remembered Sets
[2020-09-03T11:16:24.365+0000][23984][gc,marking   ] GC(64) Concurrent Rebuild Remembered Sets 59.984ms
[2020-09-03T11:16:24.365+0000][23984][gc,start     ] GC(64) Pause Cleanup
[2020-09-03T11:16:24.365+0000][23984][gc           ] GC(64) Pause Cleanup 377M->377M(1024M) 0.317ms
[2020-09-03T11:16:24.365+0000][23984][gc,cpu       ] GC(64) User=0.00s Sys=0.00s Real=0.00s
[2020-09-03T11:16:24.365+0000][23984][safepoint    ] Safepoint "G1Concurrent", Time since last: 60171300 ns, Reaching safepoint: 206300 ns, At safepoint: 542000 ns, Total: 748300 ns
[2020-09-03T11:16:24.365+0000][23984][gc,marking   ] GC(64) Concurrent Cleanup for Next Mark
[2020-09-03T11:16:24.367+0000][23984][gc,marking   ] GC(64) Concurrent Cleanup for Next Mark 1.819ms
[2020-09-03T11:16:24.367+0000][23984][gc           ] GC(64) Concurrent Cycle 150.973ms
[2020-09-03T11:16:24.589+0000][23984][gc,start     ] GC(65) Pause Young (Concurrent Start) (G1 Humongous Allocation)
[2020-09-03T11:16:24.590+0000][23984][gc,task      ] GC(65) Using 8 workers of 8 for evacuation
[2020-09-03T11:16:24.590+0000][23984][gc,age       ] GC(65) Desired survivor size 33030144 bytes, new threshold 15 (max threshold 15)
[2020-09-03T11:16:24.594+0000][23984][gc,age       ] GC(65) Age table with threshold 15 (max threshold 15)
[2020-09-03T11:16:24.594+0000][23984][gc,age       ] GC(65) - age   1:    8277848 bytes,    8277848 total
[2020-09-03T11:16:24.594+0000][23984][gc,age       ] GC(65) - age   2:      27688 bytes,    8305536 total
[2020-09-03T11:16:24.594+0000][23984][gc,age       ] GC(65) - age   3:     225312 bytes,    8530848 total
[2020-09-03T11:16:24.594+0000][23984][gc,age       ] GC(65) - age   4:       1824 bytes,    8532672 total
[2020-09-03T11:16:24.594+0000][23984][gc,age       ] GC(65) - age   5:       1440 bytes,    8534112 total
[2020-09-03T11:16:24.594+0000][23984][gc,age       ] GC(65) - age   6:       3568 bytes,    8537680 total
[2020-09-03T11:16:24.594+0000][23984][gc,age       ] GC(65) - age   7:       4744 bytes,    8542424 total
[2020-09-03T11:16:24.594+0000][23984][gc,age       ] GC(65) - age   8:       1384 bytes,    8543808 total
[2020-09-03T11:16:24.594+0000][23984][gc,age       ] GC(65) - age   9:       2408 bytes,    8546216 total
[2020-09-03T11:16:24.594+0000][23984][gc,age       ] GC(65) - age  10:       2024 bytes,    8548240 total
[2020-09-03T11:16:24.594+0000][23984][gc,age       ] GC(65) - age  11:      27072 bytes,    8575312 total
[2020-09-03T11:16:24.594+0000][23984][gc,age       ] GC(65) - age  12:      26176 bytes,    8601488 total
[2020-09-03T11:16:24.594+0000][23984][gc,age       ] GC(65) - age  13:      27112 bytes,    8628600 total
[2020-09-03T11:16:24.594+0000][23984][gc,age       ] GC(65) - age  14:        536 bytes,    8629136 total
[2020-09-03T11:16:24.594+0000][23984][gc,age       ] GC(65) - age  15:      28336 bytes,    8657472 total
[2020-09-03T11:16:24.594+0000][23984][gc,phases    ] GC(65)   Pre Evacuate Collection Set: 0.4ms
[2020-09-03T11:16:24.594+0000][23984][gc,phases    ] GC(65)   Merge Heap Roots: 0.1ms
[2020-09-03T11:16:24.594+0000][23984][gc,phases    ] GC(65)   Evacuate Collection Set: 2.7ms
[2020-09-03T11:16:24.594+0000][23984][gc,phases    ] GC(65)   Post Evacuate Collection Set: 0.8ms
[2020-09-03T11:16:24.595+0000][23984][gc,phases    ] GC(65)   Other: 1.0ms
[2020-09-03T11:16:24.595+0000][23984][gc,heap      ] GC(65) Eden regions: 55->0(489)
[2020-09-03T11:16:24.595+0000][23984][gc,heap      ] GC(65) Survivor regions: 4->9(63)
[2020-09-03T11:16:24.595+0000][23984][gc,heap      ] GC(65) Old regions: 75->75
[2020-09-03T11:16:24.595+0000][23984][gc,heap      ] GC(65) Archive regions: 0->0
[2020-09-03T11:16:24.595+0000][23984][gc,heap      ] GC(65) Humongous regions: 274->174
[2020-09-03T11:16:24.595+0000][23984][gc,metaspace ] GC(65) Metaspace: 82635K(89344K)->82635K(89344K) NonClass: 71741K(75776K)->71741K(75776K) Class: 10893K(13568K)->10893K(13568K)
[2020-09-03T11:16:24.595+0000][23984][gc           ] GC(65) Pause Young (Concurrent Start) (G1 Humongous Allocation) 406M->257M(1024M) 5.348ms
[2020-09-03T11:16:24.595+0000][23984][gc,cpu       ] GC(65) User=0.13s Sys=0.00s Real=0.01s
[2020-09-03T11:16:24.595+0000][23984][gc           ] GC(66) Concurrent Cycle
[2020-09-03T11:16:24.595+0000][23984][safepoint    ] Safepoint "G1TryInitiateConcMark", Time since last: 223788600 ns, Reaching safepoint: 193400 ns, At safepoint: 5560900 ns, Total: 5754300 ns
[2020-09-03T11:16:24.595+0000][23984][gc,marking   ] GC(66) Concurrent Clear Claimed Marks
[2020-09-03T11:16:24.596+0000][23984][gc,marking   ] GC(66) Concurrent Clear Claimed Marks 0.598ms
[2020-09-03T11:16:24.596+0000][23984][gc,marking   ] GC(66) Concurrent Scan Root Regions
[2020-09-03T11:16:24.600+0000][23984][gc,marking   ] GC(66) Concurrent Scan Root Regions 4.512ms
[2020-09-03T11:16:24.600+0000][23984][gc,marking   ] GC(66) Concurrent Mark (133.602s)
[2020-09-03T11:16:24.600+0000][23984][gc,marking   ] GC(66) Concurrent Mark From Roots
[2020-09-03T11:16:24.600+0000][23984][gc,task      ] GC(66) Using 2 workers of 2 for marking
[2020-09-03T11:16:24.753+0000][23984][gc,marking   ] GC(66) Concurrent Mark From Roots 152.850ms
[2020-09-03T11:16:24.753+0000][23984][gc,marking   ] GC(66) Concurrent Preclean
[2020-09-03T11:16:24.754+0000][23984][gc,marking   ] GC(66) Concurrent Preclean 0.680ms
[2020-09-03T11:16:24.754+0000][23984][gc,marking   ] GC(66) Concurrent Mark (133.602s, 133.756s) 153.799ms
[2020-09-03T11:16:24.754+0000][23984][gc,start     ] GC(66) Pause Remark
[2020-09-03T11:16:24.759+0000][23984][gc           ] GC(66) Pause Remark 507M->507M(1024M) 4.215ms
[2020-09-03T11:16:24.759+0000][23984][gc,cpu       ] GC(66) User=0.00s Sys=0.00s Real=0.01s
[2020-09-03T11:16:24.759+0000][23984][safepoint    ] Safepoint "G1Concurrent", Time since last: 159256500 ns, Reaching safepoint: 151600 ns, At safepoint: 4418400 ns, Total: 4570000 ns
[2020-09-03T11:16:24.759+0000][23984][gc,marking   ] GC(66) Concurrent Rebuild Remembered Sets
[2020-09-03T11:16:24.857+0000][23984][gc,marking   ] GC(66) Concurrent Rebuild Remembered Sets 98.635ms
[2020-09-03T11:16:24.858+0000][23984][gc,start     ] GC(66) Pause Cleanup
[2020-09-03T11:16:24.858+0000][23984][gc           ] GC(66) Pause Cleanup 567M->567M(1024M) 0.316ms
[2020-09-03T11:16:24.858+0000][23984][gc,cpu       ] GC(66) User=0.00s Sys=0.00s Real=0.00s
[2020-09-03T11:16:24.858+0000][23984][safepoint    ] Safepoint "G1Concurrent", Time since last: 98814300 ns, Reaching safepoint: 190400 ns, At safepoint: 506600 ns, Total: 697000 ns
[2020-09-03T11:16:24.858+0000][23984][gc,marking   ] GC(66) Concurrent Cleanup for Next Mark
[2020-09-03T11:16:24.861+0000][23984][gc,marking   ] GC(66) Concurrent Cleanup for Next Mark 2.387ms
[2020-09-03T11:16:24.861+0000][23984][gc           ] GC(66) Concurrent Cycle 266.018ms
[2020-09-03T11:16:25.169+0000][23984][gc,start     ] GC(67) Pause Young (Concurrent Start) (G1 Humongous Allocation)
[2020-09-03T11:16:25.169+0000][23984][gc,task      ] GC(67) Using 8 workers of 8 for evacuation
[2020-09-03T11:16:25.169+0000][23984][gc,age       ] GC(67) Desired survivor size 33030144 bytes, new threshold 15 (max threshold 15)
[2020-09-03T11:16:25.172+0000][23984][gc,age       ] GC(67) Age table with threshold 15 (max threshold 15)
[2020-09-03T11:16:25.172+0000][23984][gc,age       ] GC(67) - age   1:    2704912 bytes,    2704912 total
[2020-09-03T11:16:25.172+0000][23984][gc,age       ] GC(67) - age   2:       3432 bytes,    2708344 total
[2020-09-03T11:16:25.172+0000][23984][gc,age       ] GC(67) - age   3:      18592 bytes,    2726936 total
[2020-09-03T11:16:25.172+0000][23984][gc,age       ] GC(67) - age   4:     223832 bytes,    2950768 total
[2020-09-03T11:16:25.172+0000][23984][gc,age       ] GC(67) - age   5:       1728 bytes,    2952496 total
[2020-09-03T11:16:25.172+0000][23984][gc,age       ] GC(67) - age   6:       1280 bytes,    2953776 total
[2020-09-03T11:16:25.172+0000][23984][gc,age       ] GC(67) - age   7:       3376 bytes,    2957152 total
[2020-09-03T11:16:25.172+0000][23984][gc,age       ] GC(67) - age   8:       4744 bytes,    2961896 total
[2020-09-03T11:16:25.173+0000][23984][gc,age       ] GC(67) - age   9:       1384 bytes,    2963280 total
[2020-09-03T11:16:25.173+0000][23984][gc,age       ] GC(67) - age  10:       2408 bytes,    2965688 total
[2020-09-03T11:16:25.173+0000][23984][gc,age       ] GC(67) - age  11:       1928 bytes,    2967616 total
[2020-09-03T11:16:25.173+0000][23984][gc,age       ] GC(67) - age  12:      27040 bytes,    2994656 total
[2020-09-03T11:16:25.173+0000][23984][gc,age       ] GC(67) - age  13:      26176 bytes,    3020832 total
[2020-09-03T11:16:25.173+0000][23984][gc,age       ] GC(67) - age  14:      27080 bytes,    3047912 total
[2020-09-03T11:16:25.173+0000][23984][gc,age       ] GC(67) - age  15:        536 bytes,    3048448 total
[2020-09-03T11:16:25.173+0000][23984][gc,phases    ] GC(67)   Pre Evacuate Collection Set: 0.3ms
[2020-09-03T11:16:25.173+0000][23984][gc,phases    ] GC(67)   Merge Heap Roots: 0.1ms
[2020-09-03T11:16:25.173+0000][23984][gc,phases    ] GC(67)   Evacuate Collection Set: 1.8ms
[2020-09-03T11:16:25.173+0000][23984][gc,phases    ] GC(67)   Post Evacuate Collection Set: 0.8ms
[2020-09-03T11:16:25.173+0000][23984][gc,phases    ] GC(67)   Other: 0.8ms
[2020-09-03T11:16:25.173+0000][23984][gc,heap      ] GC(67) Eden regions: 92->0(497)
[2020-09-03T11:16:25.173+0000][23984][gc,heap      ] GC(67) Survivor regions: 9->4(63)
[2020-09-03T11:16:25.173+0000][23984][gc,heap      ] GC(67) Old regions: 75->75
[2020-09-03T11:16:25.173+0000][23984][gc,heap      ] GC(67) Archive regions: 0->0
[2020-09-03T11:16:25.173+0000][23984][gc,heap      ] GC(67) Humongous regions: 430->174
[2020-09-03T11:16:25.173+0000][23984][gc,metaspace ] GC(67) Metaspace: 82686K(89344K)->82686K(89344K) NonClass: 71792K(75776K)->71792K(75776K) Class: 10893K(13568K)->10893K(13568K)
[2020-09-03T11:16:25.173+0000][23984][gc           ] GC(67) Pause Young (Concurrent Start) (G1 Humongous Allocation) 604M->252M(1024M) 4.218ms
[2020-09-03T11:16:25.173+0000][23984][gc,cpu       ] GC(67) User=0.06s Sys=0.03s Real=0.00s
[2020-09-03T11:16:25.173+0000][23984][gc           ] GC(68) Concurrent Cycle
[2020-09-03T11:16:25.173+0000][23984][safepoint    ] Safepoint "G1TryInitiateConcMark", Time since last: 310400800 ns, Reaching safepoint: 190600 ns, At safepoint: 4360000 ns, Total: 4550600 ns
[2020-09-03T11:16:25.173+0000][23984][gc,marking   ] GC(68) Concurrent Clear Claimed Marks
[2020-09-03T11:16:25.174+0000][23984][gc,marking   ] GC(68) Concurrent Clear Claimed Marks 0.407ms
[2020-09-03T11:16:25.174+0000][23984][gc,marking   ] GC(68) Concurrent Scan Root Regions
[2020-09-03T11:16:25.175+0000][23984][gc,marking   ] GC(68) Concurrent Scan Root Regions 1.540ms
[2020-09-03T11:16:25.175+0000][23984][gc,marking   ] GC(68) Concurrent Mark (134.177s)
[2020-09-03T11:16:25.175+0000][23984][gc,marking   ] GC(68) Concurrent Mark From Roots
[2020-09-03T11:16:25.175+0000][23984][gc,task      ] GC(68) Using 2 workers of 2 for marking
[2020-09-03T11:16:25.281+0000][23984][gc,marking   ] GC(68) Concurrent Mark From Roots 106.026ms
[2020-09-03T11:16:25.281+0000][23984][gc,marking   ] GC(68) Concurrent Preclean
[2020-09-03T11:16:25.282+0000][23984][gc,marking   ] GC(68) Concurrent Preclean 0.543ms
[2020-09-03T11:16:25.282+0000][23984][gc,marking   ] GC(68) Concurrent Mark (134.177s, 134.284s) 106.712ms
[2020-09-03T11:16:25.282+0000][23984][gc,start     ] GC(68) Pause Remark
[2020-09-03T11:16:25.287+0000][23984][gc           ] GC(68) Pause Remark 310M->310M(1024M) 4.332ms
[2020-09-03T11:16:25.287+0000][23984][gc,cpu       ] GC(68) User=0.00s Sys=0.00s Real=0.00s
[2020-09-03T11:16:25.287+0000][23984][safepoint    ] Safepoint "G1Concurrent", Time since last: 108904300 ns, Reaching safepoint: 134200 ns, At safepoint: 4512400 ns, Total: 4646600 ns
[2020-09-03T11:16:25.287+0000][23984][gc,marking   ] GC(68) Concurrent Rebuild Remembered Sets
[2020-09-03T11:16:25.355+0000][23984][gc,marking   ] GC(68) Concurrent Rebuild Remembered Sets 68.284ms
[2020-09-03T11:16:25.355+0000][23984][gc,start     ] GC(68) Pause Cleanup
[2020-09-03T11:16:25.356+0000][23984][gc           ] GC(68) Pause Cleanup 378M->378M(1024M) 0.246ms
[2020-09-03T11:16:25.356+0000][23984][gc,cpu       ] GC(68) User=0.00s Sys=0.00s Real=0.00s
[2020-09-03T11:16:25.356+0000][23984][safepoint    ] Safepoint "G1Concurrent", Time since last: 68425800 ns, Reaching safepoint: 136900 ns, At safepoint: 383500 ns, Total: 520400 ns
[2020-09-03T11:16:25.356+0000][23984][gc,marking   ] GC(68) Concurrent Cleanup for Next Mark
[2020-09-03T11:16:25.357+0000][23984][gc,marking   ] GC(68) Concurrent Cleanup for Next Mark 1.206ms
[2020-09-03T11:16:25.357+0000][23984][gc           ] GC(68) Concurrent Cycle 183.867ms
[2020-09-03T11:16:25.454+0000][23984][gc,start     ] GC(69) Pause Young (Concurrent Start) (G1 Humongous Allocation)
[2020-09-03T11:16:25.454+0000][23984][gc,task      ] GC(69) Using 8 workers of 8 for evacuation
[2020-09-03T11:16:25.454+0000][23984][gc,age       ] GC(69) Desired survivor size 33030144 bytes, new threshold 15 (max threshold 15)
[2020-09-03T11:16:25.457+0000][23984][gc,age       ] GC(69) Age table with threshold 15 (max threshold 15)
[2020-09-03T11:16:25.457+0000][23984][gc,age       ] GC(69) - age   1:    2778352 bytes,    2778352 total
[2020-09-03T11:16:25.457+0000][23984][gc,age       ] GC(69) - age   2:     126848 bytes,    2905200 total
[2020-09-03T11:16:25.457+0000][23984][gc,age       ] GC(69) - age   3:       2440 bytes,    2907640 total
[2020-09-03T11:16:25.457+0000][23984][gc,age       ] GC(69) - age   4:      18440 bytes,    2926080 total
[2020-09-03T11:16:25.457+0000][23984][gc,age       ] GC(69) - age   5:     223768 bytes,    3149848 total
[2020-09-03T11:16:25.457+0000][23984][gc,age       ] GC(69) - age   6:       1600 bytes,    3151448 total
[2020-09-03T11:16:25.457+0000][23984][gc,age       ] GC(69) - age   7:       1152 bytes,    3152600 total
[2020-09-03T11:16:25.457+0000][23984][gc,age       ] GC(69) - age   8:       3376 bytes,    3155976 total
[2020-09-03T11:16:25.457+0000][23984][gc,age       ] GC(69) - age   9:       4744 bytes,    3160720 total
[2020-09-03T11:16:25.457+0000][23984][gc,age       ] GC(69) - age  10:       1288 bytes,    3162008 total
[2020-09-03T11:16:25.457+0000][23984][gc,age       ] GC(69) - age  11:       2376 bytes,    3164384 total
[2020-09-03T11:16:25.457+0000][23984][gc,age       ] GC(69) - age  12:       1928 bytes,    3166312 total
[2020-09-03T11:16:25.457+0000][23984][gc,age       ] GC(69) - age  13:      27040 bytes,    3193352 total
[2020-09-03T11:16:25.457+0000][23984][gc,age       ] GC(69) - age  14:      26176 bytes,    3219528 total
[2020-09-03T11:16:25.458+0000][23984][gc,age       ] GC(69) - age  15:      27080 bytes,    3246608 total
[2020-09-03T11:16:25.458+0000][23984][gc,phases    ] GC(69)   Pre Evacuate Collection Set: 0.4ms
[2020-09-03T11:16:25.458+0000][23984][gc,phases    ] GC(69)   Merge Heap Roots: 0.1ms
[2020-09-03T11:16:25.458+0000][23984][gc,phases    ] GC(69)   Evacuate Collection Set: 1.9ms
[2020-09-03T11:16:25.458+0000][23984][gc,phases    ] GC(69)   Post Evacuate Collection Set: 0.8ms
[2020-09-03T11:16:25.458+0000][23984][gc,phases    ] GC(69)   Other: 0.6ms
[2020-09-03T11:16:25.458+0000][23984][gc,heap      ] GC(69) Eden regions: 40->0(499)
[2020-09-03T11:16:25.458+0000][23984][gc,heap      ] GC(69) Survivor regions: 4->4(63)
[2020-09-03T11:16:25.458+0000][23984][gc,heap      ] GC(69) Old regions: 75->75
[2020-09-03T11:16:25.458+0000][23984][gc,heap      ] GC(69) Archive regions: 0->0
[2020-09-03T11:16:25.458+0000][23984][gc,heap      ] GC(69) Humongous regions: 270->174
[2020-09-03T11:16:25.458+0000][23984][gc,metaspace ] GC(69) Metaspace: 82700K(89344K)->82700K(89344K) NonClass: 71806K(75776K)->71806K(75776K) Class: 10893K(13568K)->10893K(13568K)
[2020-09-03T11:16:25.458+0000][23984][gc           ] GC(69) Pause Young (Concurrent Start) (G1 Humongous Allocation) 388M->252M(1024M) 4.070ms
[2020-09-03T11:16:25.458+0000][23984][gc,cpu       ] GC(69) User=0.00s Sys=0.00s Real=0.00s
[2020-09-03T11:16:25.458+0000][23984][safepoint    ] Safepoint "G1TryInitiateConcMark", Time since last: 97912000 ns, Reaching safepoint: 133500 ns, At safepoint: 4192300 ns, Total: 4325800 ns
[2020-09-03T11:16:25.458+0000][23984][gc           ] GC(70) Concurrent Cycle
[2020-09-03T11:16:25.458+0000][23984][gc,marking   ] GC(70) Concurrent Clear Claimed Marks
[2020-09-03T11:16:25.458+0000][23984][gc,marking   ] GC(70) Concurrent Clear Claimed Marks 0.340ms
[2020-09-03T11:16:25.458+0000][23984][gc,marking   ] GC(70) Concurrent Scan Root Regions
[2020-09-03T11:16:25.460+0000][23984][gc,marking   ] GC(70) Concurrent Scan Root Regions 1.452ms
[2020-09-03T11:16:25.460+0000][23984][gc,marking   ] GC(70) Concurrent Mark (134.462s)
[2020-09-03T11:16:25.460+0000][23984][gc,marking   ] GC(70) Concurrent Mark From Roots
[2020-09-03T11:16:25.460+0000][23984][gc,task      ] GC(70) Using 2 workers of 2 for marking
[2020-09-03T11:16:25.542+0000][23984][gc,marking   ] GC(70) Concurrent Mark From Roots 82.417ms
[2020-09-03T11:16:25.542+0000][23984][gc,marking   ] GC(70) Concurrent Preclean
[2020-09-03T11:16:25.543+0000][23984][gc,marking   ] GC(70) Concurrent Preclean 0.366ms
[2020-09-03T11:16:25.543+0000][23984][gc,marking   ] GC(70) Concurrent Mark (134.462s, 134.545s) 82.896ms
[2020-09-03T11:16:25.543+0000][23984][gc,start     ] GC(70) Pause Remark
[2020-09-03T11:16:25.547+0000][23984][gc           ] GC(70) Pause Remark 313M->313M(1024M) 3.661ms
[2020-09-03T11:16:25.547+0000][23984][gc,cpu       ] GC(70) User=0.11s Sys=0.00s Real=0.00s
[2020-09-03T11:16:25.547+0000][23984][safepoint    ] Safepoint "G1Concurrent", Time since last: 84965200 ns, Reaching safepoint: 104400 ns, At safepoint: 3823700 ns, Total: 3928100 ns
[2020-09-03T11:16:25.547+0000][23984][gc,marking   ] GC(70) Concurrent Rebuild Remembered Sets
[2020-09-03T11:16:25.611+0000][23984][gc,marking   ] GC(70) Concurrent Rebuild Remembered Sets 63.879ms
[2020-09-03T11:16:25.611+0000][23984][gc,start     ] GC(70) Pause Cleanup
[2020-09-03T11:16:25.611+0000][23984][gc           ] GC(70) Pause Cleanup 380M->380M(1024M) 0.243ms
[2020-09-03T11:16:25.611+0000][23984][gc,cpu       ] GC(70) User=0.00s Sys=0.00s Real=0.00s
[2020-09-03T11:16:25.611+0000][23984][safepoint    ] Safepoint "G1Concurrent", Time since last: 64051300 ns, Reaching safepoint: 145300 ns, At safepoint: 419300 ns, Total: 564600 ns
[2020-09-03T11:16:25.612+0000][23984][gc,marking   ] GC(70) Concurrent Cleanup for Next Mark
[2020-09-03T11:16:25.613+0000][23984][gc,marking   ] GC(70) Concurrent Cleanup for Next Mark 1.395ms
[2020-09-03T11:16:25.613+0000][23984][gc           ] GC(70) Concurrent Cycle 155.122ms
[2020-09-03T11:16:25.719+0000][23984][gc,start     ] GC(71) Pause Young (Concurrent Start) (G1 Humongous Allocation)
[2020-09-03T11:16:25.719+0000][23984][gc,task      ] GC(71) Using 8 workers of 8 for evacuation
[2020-09-03T11:16:25.719+0000][23984][gc,age       ] GC(71) Desired survivor size 33030144 bytes, new threshold 15 (max threshold 15)
[2020-09-03T11:16:25.722+0000][23984][gc,age       ] GC(71) Age table with threshold 15 (max threshold 15)
[2020-09-03T11:16:25.722+0000][23984][gc,age       ] GC(71) - age   1:    2779536 bytes,    2779536 total
[2020-09-03T11:16:25.722+0000][23984][gc,age       ] GC(71) - age   2:     203048 bytes,    2982584 total
[2020-09-03T11:16:25.722+0000][23984][gc,age       ] GC(71) - age   3:     122680 bytes,    3105264 total
[2020-09-03T11:16:25.722+0000][23984][gc,age       ] GC(71) - age   4:       2176 bytes,    3107440 total
[2020-09-03T11:16:25.722+0000][23984][gc,age       ] GC(71) - age   5:      18440 bytes,    3125880 total
[2020-09-03T11:16:25.722+0000][23984][gc,age       ] GC(71) - age   6:     223768 bytes,    3349648 total
[2020-09-03T11:16:25.722+0000][23984][gc,age       ] GC(71) - age   7:       1472 bytes,    3351120 total
[2020-09-03T11:16:25.722+0000][23984][gc,age       ] GC(71) - age   8:       1152 bytes,    3352272 total
[2020-09-03T11:16:25.722+0000][23984][gc,age       ] GC(71) - age   9:       3280 bytes,    3355552 total
[2020-09-03T11:16:25.722+0000][23984][gc,age       ] GC(71) - age  10:       4744 bytes,    3360296 total
[2020-09-03T11:16:25.722+0000][23984][gc,age       ] GC(71) - age  11:       1160 bytes,    3361456 total
[2020-09-03T11:16:25.722+0000][23984][gc,age       ] GC(71) - age  12:       2376 bytes,    3363832 total
[2020-09-03T11:16:25.722+0000][23984][gc,age       ] GC(71) - age  13:       1928 bytes,    3365760 total
[2020-09-03T11:16:25.722+0000][23984][gc,age       ] GC(71) - age  14:      27040 bytes,    3392800 total
[2020-09-03T11:16:25.722+0000][23984][gc,age       ] GC(71) - age  15:      26176 bytes,    3418976 total
[2020-09-03T11:16:25.722+0000][23984][gc,phases    ] GC(71)   Pre Evacuate Collection Set: 0.4ms
[2020-09-03T11:16:25.723+0000][23984][gc,phases    ] GC(71)   Merge Heap Roots: 0.1ms
[2020-09-03T11:16:25.723+0000][23984][gc,phases    ] GC(71)   Evacuate Collection Set: 1.9ms
[2020-09-03T11:16:25.723+0000][23984][gc,phases    ] GC(71)   Post Evacuate Collection Set: 0.7ms
[2020-09-03T11:16:25.723+0000][23984][gc,phases    ] GC(71)   Other: 0.7ms
[2020-09-03T11:16:25.723+0000][23984][gc,heap      ] GC(71) Eden regions: 42->0(501)
[2020-09-03T11:16:25.723+0000][23984][gc,heap      ] GC(71) Survivor regions: 4->4(63)
[2020-09-03T11:16:25.723+0000][23984][gc,heap      ] GC(71) Old regions: 75->75
[2020-09-03T11:16:25.723+0000][23984][gc,heap      ] GC(71) Archive regions: 0->0
[2020-09-03T11:16:25.723+0000][23984][gc,heap      ] GC(71) Humongous regions: 270->174
[2020-09-03T11:16:25.723+0000][23984][gc,metaspace ] GC(71) Metaspace: 82718K(89344K)->82718K(89344K) NonClass: 71824K(75776K)->71824K(75776K) Class: 10893K(13568K)->10893K(13568K)
[2020-09-03T11:16:25.723+0000][23984][gc           ] GC(71) Pause Young (Concurrent Start) (G1 Humongous Allocation) 389M->251M(1024M) 4.140ms
[2020-09-03T11:16:25.723+0000][23984][gc,cpu       ] GC(71) User=0.00s Sys=0.00s Real=0.00s
[2020-09-03T11:16:25.723+0000][23984][safepoint    ] Safepoint "G1TryInitiateConcMark", Time since last: 107032400 ns, Reaching safepoint: 152700 ns, At safepoint: 4268200 ns, Total: 4420900 ns
[2020-09-03T11:16:25.723+0000][23984][gc           ] GC(72) Concurrent Cycle
[2020-09-03T11:16:25.723+0000][23984][gc,marking   ] GC(72) Concurrent Clear Claimed Marks
[2020-09-03T11:16:25.723+0000][23984][gc,marking   ] GC(72) Concurrent Clear Claimed Marks 0.414ms
[2020-09-03T11:16:25.724+0000][23984][gc,marking   ] GC(72) Concurrent Scan Root Regions
[2020-09-03T11:16:25.726+0000][23984][gc,marking   ] GC(72) Concurrent Scan Root Regions 2.136ms
[2020-09-03T11:16:25.726+0000][23984][gc,marking   ] GC(72) Concurrent Mark (134.728s)
[2020-09-03T11:16:25.726+0000][23984][gc,marking   ] GC(72) Concurrent Mark From Roots
[2020-09-03T11:16:25.726+0000][23984][gc,task      ] GC(72) Using 2 workers of 2 for marking
[2020-09-03T11:16:25.816+0000][23984][gc,marking   ] GC(72) Concurrent Mark From Roots 89.816ms
[2020-09-03T11:16:25.816+0000][23984][gc,marking   ] GC(72) Concurrent Preclean
[2020-09-03T11:16:25.816+0000][23984][gc,marking   ] GC(72) Concurrent Preclean 0.358ms
[2020-09-03T11:16:25.816+0000][23984][gc,marking   ] GC(72) Concurrent Mark (134.728s, 134.818s) 90.316ms
[2020-09-03T11:16:25.816+0000][23984][gc,start     ] GC(72) Pause Remark
[2020-09-03T11:16:25.820+0000][23984][gc           ] GC(72) Pause Remark 310M->310M(1024M) 3.400ms
[2020-09-03T11:16:25.820+0000][23984][gc,cpu       ] GC(72) User=0.00s Sys=0.00s Real=0.00s
[2020-09-03T11:16:25.820+0000][23984][safepoint    ] Safepoint "G1Concurrent", Time since last: 93221800 ns, Reaching safepoint: 105700 ns, At safepoint: 3567500 ns, Total: 3673200 ns
[2020-09-03T11:16:25.820+0000][23984][gc,marking   ] GC(72) Concurrent Rebuild Remembered Sets
[2020-09-03T11:16:25.882+0000][23984][gc,marking   ] GC(72) Concurrent Rebuild Remembered Sets 61.835ms
[2020-09-03T11:16:25.882+0000][23984][gc,start     ] GC(72) Pause Cleanup
[2020-09-03T11:16:25.882+0000][23984][gc           ] GC(72) Pause Cleanup 378M->378M(1024M) 0.279ms
[2020-09-03T11:16:25.882+0000][23984][gc,cpu       ] GC(72) User=0.00s Sys=0.00s Real=0.00s
[2020-09-03T11:16:25.882+0000][23984][safepoint    ] Safepoint "G1Concurrent", Time since last: 62010400 ns, Reaching safepoint: 131300 ns, At safepoint: 433400 ns, Total: 564700 ns
[2020-09-03T11:16:25.882+0000][23984][gc,marking   ] GC(72) Concurrent Cleanup for Next Mark
[2020-09-03T11:16:25.884+0000][23984][gc,marking   ] GC(72) Concurrent Cleanup for Next Mark 1.635ms
[2020-09-03T11:16:25.884+0000][23984][gc           ] GC(72) Concurrent Cycle 161.255ms
[2020-09-03T11:16:25.982+0000][23984][gc,start     ] GC(73) Pause Young (Concurrent Start) (G1 Humongous Allocation)
[2020-09-03T11:16:25.983+0000][23984][gc,task      ] GC(73) Using 8 workers of 8 for evacuation
[2020-09-03T11:16:25.983+0000][23984][gc,age       ] GC(73) Desired survivor size 33554432 bytes, new threshold 15 (max threshold 15)
[2020-09-03T11:16:25.986+0000][23984][gc,age       ] GC(73) Age table with threshold 15 (max threshold 15)
[2020-09-03T11:16:25.986+0000][23984][gc,age       ] GC(73) - age   1:    2778960 bytes,    2778960 total
[2020-09-03T11:16:25.986+0000][23984][gc,age       ] GC(73) - age   2:     204272 bytes,    2983232 total
[2020-09-03T11:16:25.986+0000][23984][gc,age       ] GC(73) - age   3:     203016 bytes,    3186248 total
[2020-09-03T11:16:25.986+0000][23984][gc,age       ] GC(73) - age   4:     119672 bytes,    3305920 total
[2020-09-03T11:16:25.986+0000][23984][gc,age       ] GC(73) - age   5:       2048 bytes,    3307968 total
[2020-09-03T11:16:25.986+0000][23984][gc,age       ] GC(73) - age   6:      18440 bytes,    3326408 total
[2020-09-03T11:16:25.986+0000][23984][gc,age       ] GC(73) - age   7:     223744 bytes,    3550152 total
[2020-09-03T11:16:25.986+0000][23984][gc,age       ] GC(73) - age   8:       1344 bytes,    3551496 total
[2020-09-03T11:16:25.986+0000][23984][gc,age       ] GC(73) - age   9:       1152 bytes,    3552648 total
[2020-09-03T11:16:25.986+0000][23984][gc,age       ] GC(73) - age  10:       3120 bytes,    3555768 total
[2020-09-03T11:16:25.986+0000][23984][gc,age       ] GC(73) - age  11:       4744 bytes,    3560512 total
[2020-09-03T11:16:25.986+0000][23984][gc,age       ] GC(73) - age  12:       1128 bytes,    3561640 total
[2020-09-03T11:16:25.986+0000][23984][gc,age       ] GC(73) - age  13:       2248 bytes,    3563888 total
[2020-09-03T11:16:25.986+0000][23984][gc,age       ] GC(73) - age  14:       1928 bytes,    3565816 total
[2020-09-03T11:16:25.986+0000][23984][gc,age       ] GC(73) - age  15:      27040 bytes,    3592856 total
[2020-09-03T11:16:25.986+0000][23984][gc,phases    ] GC(73)   Pre Evacuate Collection Set: 0.4ms
[2020-09-03T11:16:25.986+0000][23984][gc,phases    ] GC(73)   Merge Heap Roots: 0.1ms
[2020-09-03T11:16:25.986+0000][23984][gc,phases    ] GC(73)   Evacuate Collection Set: 1.9ms
[2020-09-03T11:16:25.986+0000][23984][gc,phases    ] GC(73)   Post Evacuate Collection Set: 0.8ms
[2020-09-03T11:16:25.987+0000][23984][gc,phases    ] GC(73)   Other: 0.8ms
[2020-09-03T11:16:25.987+0000][23984][gc,heap      ] GC(73) Eden regions: 41->0(502)
[2020-09-03T11:16:25.987+0000][23984][gc,heap      ] GC(73) Survivor regions: 4->4(64)
[2020-09-03T11:16:25.987+0000][23984][gc,heap      ] GC(73) Old regions: 75->75
[2020-09-03T11:16:25.987+0000][23984][gc,heap      ] GC(73) Archive regions: 0->0
[2020-09-03T11:16:25.987+0000][23984][gc,heap      ] GC(73) Humongous regions: 270->174
[2020-09-03T11:16:25.987+0000][23984][gc,metaspace ] GC(73) Metaspace: 82738K(89344K)->82738K(89344K) NonClass: 71844K(75776K)->71844K(75776K) Class: 10893K(13568K)->10893K(13568K)
[2020-09-03T11:16:25.987+0000][23984][gc           ] GC(73) Pause Young (Concurrent Start) (G1 Humongous Allocation) 388M->252M(1024M) 4.239ms
[2020-09-03T11:16:25.987+0000][23984][gc,cpu       ] GC(73) User=0.00s Sys=0.00s Real=0.00s
[2020-09-03T11:16:25.987+0000][23984][safepoint    ] Safepoint "G1TryInitiateConcMark", Time since last: 99881400 ns, Reaching safepoint: 163100 ns, At safepoint: 4364800 ns, Total: 4527900 ns
[2020-09-03T11:16:25.987+0000][23984][gc           ] GC(74) Concurrent Cycle
[2020-09-03T11:16:25.987+0000][23984][gc,marking   ] GC(74) Concurrent Clear Claimed Marks
[2020-09-03T11:16:25.987+0000][23984][gc,marking   ] GC(74) Concurrent Clear Claimed Marks 0.310ms
[2020-09-03T11:16:25.987+0000][23984][gc,marking   ] GC(74) Concurrent Scan Root Regions
[2020-09-03T11:16:25.989+0000][23984][gc,marking   ] GC(74) Concurrent Scan Root Regions 2.239ms
[2020-09-03T11:16:25.990+0000][23984][gc,marking   ] GC(74) Concurrent Mark (134.991s)
[2020-09-03T11:16:25.990+0000][23984][gc,marking   ] GC(74) Concurrent Mark From Roots
[2020-09-03T11:16:25.990+0000][23984][gc,task      ] GC(74) Using 2 workers of 2 for marking
[2020-09-03T11:16:26.072+0000][23984][gc,marking   ] GC(74) Concurrent Mark From Roots 82.740ms
[2020-09-03T11:16:26.072+0000][23984][gc,marking   ] GC(74) Concurrent Preclean
[2020-09-03T11:16:26.073+0000][23984][gc,marking   ] GC(74) Concurrent Preclean 0.360ms
[2020-09-03T11:16:26.073+0000][23984][gc,marking   ] GC(74) Concurrent Mark (134.991s, 135.075s) 83.223ms
[2020-09-03T11:16:26.073+0000][23984][gc,start     ] GC(74) Pause Remark
[2020-09-03T11:16:26.077+0000][23984][gc           ] GC(74) Pause Remark 313M->313M(1024M) 3.669ms
[2020-09-03T11:16:26.077+0000][23984][gc,cpu       ] GC(74) User=0.13s Sys=0.00s Real=0.00s
[2020-09-03T11:16:26.077+0000][23984][safepoint    ] Safepoint "G1Concurrent", Time since last: 86120700 ns, Reaching safepoint: 151300 ns, At safepoint: 3807400 ns, Total: 3958700 ns
[2020-09-03T11:16:26.077+0000][23984][gc,marking   ] GC(74) Concurrent Rebuild Remembered Sets
[2020-09-03T11:16:26.138+0000][23984][gc,marking   ] GC(74) Concurrent Rebuild Remembered Sets 61.404ms
[2020-09-03T11:16:26.139+0000][23984][gc,start     ] GC(74) Pause Cleanup
[2020-09-03T11:16:26.139+0000][23984][gc           ] GC(74) Pause Cleanup 379M->379M(1024M) 0.207ms
[2020-09-03T11:16:26.139+0000][23984][gc,cpu       ] GC(74) User=0.00s Sys=0.00s Real=0.00s
[2020-09-03T11:16:26.139+0000][23984][safepoint    ] Safepoint "G1Concurrent", Time since last: 61566700 ns, Reaching safepoint: 161100 ns, At safepoint: 374400 ns, Total: 535500 ns
[2020-09-03T11:16:26.139+0000][23984][gc,marking   ] GC(74) Concurrent Cleanup for Next Mark
[2020-09-03T11:16:26.141+0000][23984][gc,marking   ] GC(74) Concurrent Cleanup for Next Mark 1.588ms
[2020-09-03T11:16:26.141+0000][23984][gc           ] GC(74) Concurrent Cycle 153.901ms
[2020-09-03T11:16:26.240+0000][23984][gc,start     ] GC(75) Pause Young (Concurrent Start) (G1 Humongous Allocation)
[2020-09-03T11:16:26.240+0000][23984][gc,task      ] GC(75) Using 8 workers of 8 for evacuation
[2020-09-03T11:16:26.240+0000][23984][gc,age       ] GC(75) Desired survivor size 33554432 bytes, new threshold 15 (max threshold 15)
[2020-09-03T11:16:26.243+0000][23984][gc,age       ] GC(75) Age table with threshold 15 (max threshold 15)
[2020-09-03T11:16:26.243+0000][23984][gc,age       ] GC(75) - age   1:    2788264 bytes,    2788264 total
[2020-09-03T11:16:26.243+0000][23984][gc,age       ] GC(75) - age   2:     203912 bytes,    2992176 total
[2020-09-03T11:16:26.244+0000][23984][gc,age       ] GC(75) - age   3:     203808 bytes,    3195984 total
[2020-09-03T11:16:26.244+0000][23984][gc,age       ] GC(75) - age   4:     202832 bytes,    3398816 total
[2020-09-03T11:16:26.244+0000][23984][gc,age       ] GC(75) - age   5:     118888 bytes,    3517704 total
[2020-09-03T11:16:26.244+0000][23984][gc,age       ] GC(75) - age   6:       1952 bytes,    3519656 total
[2020-09-03T11:16:26.244+0000][23984][gc,age       ] GC(75) - age   7:      18440 bytes,    3538096 total
[2020-09-03T11:16:26.244+0000][23984][gc,age       ] GC(75) - age   8:     223712 bytes,    3761808 total
[2020-09-03T11:16:26.244+0000][23984][gc,age       ] GC(75) - age   9:       1344 bytes,    3763152 total
[2020-09-03T11:16:26.244+0000][23984][gc,age       ] GC(75) - age  10:        928 bytes,    3764080 total
[2020-09-03T11:16:26.244+0000][23984][gc,age       ] GC(75) - age  11:       2960 bytes,    3767040 total
[2020-09-03T11:16:26.244+0000][23984][gc,age       ] GC(75) - age  12:       4744 bytes,    3771784 total
[2020-09-03T11:16:26.244+0000][23984][gc,age       ] GC(75) - age  13:       1128 bytes,    3772912 total
[2020-09-03T11:16:26.244+0000][23984][gc,age       ] GC(75) - age  14:       2120 bytes,    3775032 total
[2020-09-03T11:16:26.244+0000][23984][gc,age       ] GC(75) - age  15:       1896 bytes,    3776928 total
[2020-09-03T11:16:26.244+0000][23984][gc,phases    ] GC(75)   Pre Evacuate Collection Set: 0.3ms
[2020-09-03T11:16:26.244+0000][23984][gc,phases    ] GC(75)   Merge Heap Roots: 0.1ms
[2020-09-03T11:16:26.244+0000][23984][gc,phases    ] GC(75)   Evacuate Collection Set: 2.1ms
[2020-09-03T11:16:26.244+0000][23984][gc,phases    ] GC(75)   Post Evacuate Collection Set: 0.7ms
[2020-09-03T11:16:26.244+0000][23984][gc,phases    ] GC(75)   Other: 0.6ms
[2020-09-03T11:16:26.244+0000][23984][gc,heap      ] GC(75) Eden regions: 44->0(503)
[2020-09-03T11:16:26.244+0000][23984][gc,heap      ] GC(75) Survivor regions: 4->4(64)
[2020-09-03T11:16:26.244+0000][23984][gc,heap      ] GC(75) Old regions: 75->75
[2020-09-03T11:16:26.244+0000][23984][gc,heap      ] GC(75) Archive regions: 0->0
[2020-09-03T11:16:26.244+0000][23984][gc,heap      ] GC(75) Humongous regions: 270->174
[2020-09-03T11:16:26.244+0000][23984][gc,metaspace ] GC(75) Metaspace: 82757K(89600K)->82757K(89600K) NonClass: 71863K(76032K)->71863K(76032K) Class: 10893K(13568K)->10893K(13568K)
[2020-09-03T11:16:26.244+0000][23984][gc           ] GC(75) Pause Young (Concurrent Start) (G1 Humongous Allocation) 391M->252M(1024M) 4.104ms
[2020-09-03T11:16:26.244+0000][23984][gc,cpu       ] GC(75) User=0.00s Sys=0.00s Real=0.00s
[2020-09-03T11:16:26.244+0000][23984][safepoint    ] Safepoint "G1TryInitiateConcMark", Time since last: 100816100 ns, Reaching safepoint: 144000 ns, At safepoint: 4238500 ns, Total: 4382500 ns
[2020-09-03T11:16:26.244+0000][23984][gc           ] GC(76) Concurrent Cycle
[2020-09-03T11:16:26.244+0000][23984][gc,marking   ] GC(76) Concurrent Clear Claimed Marks
[2020-09-03T11:16:26.245+0000][23984][gc,marking   ] GC(76) Concurrent Clear Claimed Marks 0.457ms
[2020-09-03T11:16:26.245+0000][23984][gc,marking   ] GC(76) Concurrent Scan Root Regions
[2020-09-03T11:16:26.247+0000][23984][gc,marking   ] GC(76) Concurrent Scan Root Regions 1.834ms
[2020-09-03T11:16:26.247+0000][23984][gc,marking   ] GC(76) Concurrent Mark (135.249s)
[2020-09-03T11:16:26.247+0000][23984][gc,marking   ] GC(76) Concurrent Mark From Roots
[2020-09-03T11:16:26.247+0000][23984][gc,task      ] GC(76) Using 2 workers of 2 for marking
[2020-09-03T11:16:26.357+0000][23984][gc,marking   ] GC(76) Concurrent Mark From Roots 109.729ms
[2020-09-03T11:16:26.357+0000][23984][gc,marking   ] GC(76) Concurrent Preclean
[2020-09-03T11:16:26.357+0000][23984][gc,marking   ] GC(76) Concurrent Preclean 0.721ms
[2020-09-03T11:16:26.357+0000][23984][gc,marking   ] GC(76) Concurrent Mark (135.249s, 135.359s) 110.667ms
[2020-09-03T11:16:26.358+0000][23984][gc,start     ] GC(76) Pause Remark
[2020-09-03T11:16:26.361+0000][23984][gc           ] GC(76) Pause Remark 315M->315M(1024M) 3.683ms
[2020-09-03T11:16:26.361+0000][23984][gc,cpu       ] GC(76) User=0.00s Sys=0.00s Real=0.00s
[2020-09-03T11:16:26.362+0000][23984][safepoint    ] Safepoint "G1Concurrent", Time since last: 113285800 ns, Reaching safepoint: 139500 ns, At safepoint: 3939900 ns, Total: 4079400 ns
[2020-09-03T11:16:26.362+0000][23984][gc,marking   ] GC(76) Concurrent Rebuild Remembered Sets
[2020-09-03T11:16:26.428+0000][23984][gc,marking   ] GC(76) Concurrent Rebuild Remembered Sets 65.963ms
[2020-09-03T11:16:26.428+0000][23984][gc,start     ] GC(76) Pause Cleanup
[2020-09-03T11:16:26.428+0000][23984][gc           ] GC(76) Pause Cleanup 379M->379M(1024M) 0.269ms
[2020-09-03T11:16:26.428+0000][23984][gc,cpu       ] GC(76) User=0.00s Sys=0.00s Real=0.00s
[2020-09-03T11:16:26.428+0000][23984][safepoint    ] Safepoint "G1Concurrent", Time since last: 66133900 ns, Reaching safepoint: 135100 ns, At safepoint: 409100 ns, Total: 544200 ns
[2020-09-03T11:16:26.428+0000][23984][gc,marking   ] GC(76) Concurrent Cleanup for Next Mark
[2020-09-03T11:16:26.430+0000][23984][gc,marking   ] GC(76) Concurrent Cleanup for Next Mark 1.432ms
[2020-09-03T11:16:26.430+0000][23984][gc           ] GC(76) Concurrent Cycle 185.626ms
[2020-09-03T11:16:26.501+0000][23984][gc,start     ] GC(77) Pause Young (Concurrent Start) (G1 Humongous Allocation)
[2020-09-03T11:16:26.501+0000][23984][gc,task      ] GC(77) Using 8 workers of 8 for evacuation
[2020-09-03T11:16:26.501+0000][23984][gc,age       ] GC(77) Desired survivor size 33554432 bytes, new threshold 15 (max threshold 15)
[2020-09-03T11:16:26.504+0000][23984][gc,age       ] GC(77) Age table with threshold 15 (max threshold 15)
[2020-09-03T11:16:26.504+0000][23984][gc,age       ] GC(77) - age   1:    2790784 bytes,    2790784 total
[2020-09-03T11:16:26.504+0000][23984][gc,age       ] GC(77) - age   2:     204016 bytes,    2994800 total
[2020-09-03T11:16:26.504+0000][23984][gc,age       ] GC(77) - age   3:     203128 bytes,    3197928 total
[2020-09-03T11:16:26.504+0000][23984][gc,age       ] GC(77) - age   4:     200336 bytes,    3398264 total
[2020-09-03T11:16:26.504+0000][23984][gc,age       ] GC(77) - age   5:     202192 bytes,    3600456 total
[2020-09-03T11:16:26.504+0000][23984][gc,age       ] GC(77) - age   6:     118856 bytes,    3719312 total
[2020-09-03T11:16:26.504+0000][23984][gc,age       ] GC(77) - age   7:       1952 bytes,    3721264 total
[2020-09-03T11:16:26.504+0000][23984][gc,age       ] GC(77) - age   8:      18440 bytes,    3739704 total
[2020-09-03T11:16:26.504+0000][23984][gc,age       ] GC(77) - age   9:     163728 bytes,    3903432 total
[2020-09-03T11:16:26.504+0000][23984][gc,age       ] GC(77) - age  10:       1312 bytes,    3904744 total
[2020-09-03T11:16:26.504+0000][23984][gc,age       ] GC(77) - age  11:        848 bytes,    3905592 total
[2020-09-03T11:16:26.504+0000][23984][gc,age       ] GC(77) - age  12:       2896 bytes,    3908488 total
[2020-09-03T11:16:26.504+0000][23984][gc,age       ] GC(77) - age  13:       4744 bytes,    3913232 total
[2020-09-03T11:16:26.504+0000][23984][gc,age       ] GC(77) - age  14:       1096 bytes,    3914328 total
[2020-09-03T11:16:26.504+0000][23984][gc,age       ] GC(77) - age  15:       2120 bytes,    3916448 total
[2020-09-03T11:16:26.505+0000][23984][gc,phases    ] GC(77)   Pre Evacuate Collection Set: 0.4ms
[2020-09-03T11:16:26.505+0000][23984][gc,phases    ] GC(77)   Merge Heap Roots: 0.1ms
[2020-09-03T11:16:26.505+0000][23984][gc,phases    ] GC(77)   Evacuate Collection Set: 2.2ms
[2020-09-03T11:16:26.505+0000][23984][gc,phases    ] GC(77)   Post Evacuate Collection Set: 0.6ms
[2020-09-03T11:16:26.505+0000][23984][gc,phases    ] GC(77)   Other: 0.6ms
[2020-09-03T11:16:26.505+0000][23984][gc,heap      ] GC(77) Eden regions: 42->0(504)
[2020-09-03T11:16:26.505+0000][23984][gc,heap      ] GC(77) Survivor regions: 4->4(64)
[2020-09-03T11:16:26.505+0000][23984][gc,heap      ] GC(77) Old regions: 75->75
[2020-09-03T11:16:26.505+0000][23984][gc,heap      ] GC(77) Archive regions: 0->0
[2020-09-03T11:16:26.505+0000][23984][gc,heap      ] GC(77) Humongous regions: 270->174
[2020-09-03T11:16:26.505+0000][23984][gc,metaspace ] GC(77) Metaspace: 82787K(89600K)->82787K(89600K) NonClass: 71893K(76032K)->71893K(76032K) Class: 10894K(13568K)->10894K(13568K)
[2020-09-03T11:16:26.505+0000][23984][gc           ] GC(77) Pause Young (Concurrent Start) (G1 Humongous Allocation) 389M->252M(1024M) 4.075ms
[2020-09-03T11:16:26.505+0000][23984][gc,cpu       ] GC(77) User=0.00s Sys=0.00s Real=0.00s
[2020-09-03T11:16:26.505+0000][23984][gc           ] GC(78) Concurrent Cycle
[2020-09-03T11:16:26.505+0000][23984][safepoint    ] Safepoint "G1TryInitiateConcMark", Time since last: 72235800 ns, Reaching safepoint: 207200 ns, At safepoint: 4251900 ns, Total: 4459100 ns
[2020-09-03T11:16:26.505+0000][23984][gc,marking   ] GC(78) Concurrent Clear Claimed Marks
[2020-09-03T11:16:26.505+0000][23984][gc,marking   ] GC(78) Concurrent Clear Claimed Marks 0.502ms
[2020-09-03T11:16:26.506+0000][23984][gc,marking   ] GC(78) Concurrent Scan Root Regions
[2020-09-03T11:16:26.508+0000][23984][gc,marking   ] GC(78) Concurrent Scan Root Regions 2.051ms
[2020-09-03T11:16:26.508+0000][23984][gc,marking   ] GC(78) Concurrent Mark (135.510s)
[2020-09-03T11:16:26.508+0000][23984][gc,marking   ] GC(78) Concurrent Mark From Roots
[2020-09-03T11:16:26.508+0000][23984][gc,task      ] GC(78) Using 2 workers of 2 for marking
[2020-09-03T11:16:26.613+0000][23984][gc,marking   ] GC(78) Concurrent Mark From Roots 104.891ms
[2020-09-03T11:16:26.613+0000][23984][gc,marking   ] GC(78) Concurrent Preclean
[2020-09-03T11:16:26.613+0000][23984][gc,marking   ] GC(78) Concurrent Preclean 0.461ms
[2020-09-03T11:16:26.613+0000][23984][gc,marking   ] GC(78) Concurrent Mark (135.510s, 135.615s) 105.490ms
[2020-09-03T11:16:26.614+0000][23984][gc,start     ] GC(78) Pause Remark
[2020-09-03T11:16:26.618+0000][23984][gc           ] GC(78) Pause Remark 312M->312M(1024M) 4.246ms
[2020-09-03T11:16:26.618+0000][23984][gc,cpu       ] GC(78) User=0.00s Sys=0.00s Real=0.01s
[2020-09-03T11:16:26.618+0000][23984][safepoint    ] Safepoint "G1Concurrent", Time since last: 108367000 ns, Reaching safepoint: 164600 ns, At safepoint: 4420700 ns, Total: 4585300 ns
[2020-09-03T11:16:26.618+0000][23984][gc,marking   ] GC(78) Concurrent Rebuild Remembered Sets
[2020-09-03T11:16:26.683+0000][23984][gc,marking   ] GC(78) Concurrent Rebuild Remembered Sets 64.701ms
[2020-09-03T11:16:26.683+0000][23984][gc,start     ] GC(78) Pause Cleanup
[2020-09-03T11:16:26.683+0000][23984][gc           ] GC(78) Pause Cleanup 380M->380M(1024M) 0.265ms
[2020-09-03T11:16:26.683+0000][23984][gc,cpu       ] GC(78) User=0.00s Sys=0.00s Real=0.00s
[2020-09-03T11:16:26.683+0000][23984][safepoint    ] Safepoint "G1Concurrent", Time since last: 64847700 ns, Reaching safepoint: 129900 ns, At safepoint: 386900 ns, Total: 516800 ns
[2020-09-03T11:16:26.683+0000][23984][gc,marking   ] GC(78) Concurrent Cleanup for Next Mark
[2020-09-03T11:16:26.685+0000][23984][gc,marking   ] GC(78) Concurrent Cleanup for Next Mark 1.232ms
[2020-09-03T11:16:26.685+0000][23984][gc           ] GC(78) Concurrent Cycle 179.704ms
[2020-09-03T11:16:26.792+0000][23984][gc,start     ] GC(79) Pause Young (Concurrent Start) (G1 Humongous Allocation)
[2020-09-03T11:16:26.792+0000][23984][gc,task      ] GC(79) Using 8 workers of 8 for evacuation
[2020-09-03T11:16:26.792+0000][23984][gc,age       ] GC(79) Desired survivor size 33554432 bytes, new threshold 15 (max threshold 15)
[2020-09-03T11:16:26.795+0000][23984][gc,age       ] GC(79) Age table with threshold 15 (max threshold 15)
[2020-09-03T11:16:26.795+0000][23984][gc,age       ] GC(79) - age   1:    2789568 bytes,    2789568 total
[2020-09-03T11:16:26.795+0000][23984][gc,age       ] GC(79) - age   2:     206304 bytes,    2995872 total
[2020-09-03T11:16:26.795+0000][23984][gc,age       ] GC(79) - age   3:     203520 bytes,    3199392 total
[2020-09-03T11:16:26.795+0000][23984][gc,age       ] GC(79) - age   4:     199496 bytes,    3398888 total
[2020-09-03T11:16:26.795+0000][23984][gc,age       ] GC(79) - age   5:     199032 bytes,    3597920 total
[2020-09-03T11:16:26.795+0000][23984][gc,age       ] GC(79) - age   6:     202160 bytes,    3800080 total
[2020-09-03T11:16:26.795+0000][23984][gc,age       ] GC(79) - age   7:     118856 bytes,    3918936 total
[2020-09-03T11:16:26.795+0000][23984][gc,age       ] GC(79) - age   8:       1952 bytes,    3920888 total
[2020-09-03T11:16:26.795+0000][23984][gc,age       ] GC(79) - age   9:      18440 bytes,    3939328 total
[2020-09-03T11:16:26.795+0000][23984][gc,age       ] GC(79) - age  10:     163728 bytes,    4103056 total
[2020-09-03T11:16:26.795+0000][23984][gc,age       ] GC(79) - age  11:       1152 bytes,    4104208 total
[2020-09-03T11:16:26.795+0000][23984][gc,age       ] GC(79) - age  12:        816 bytes,    4105024 total
[2020-09-03T11:16:26.795+0000][23984][gc,age       ] GC(79) - age  13:       2896 bytes,    4107920 total
[2020-09-03T11:16:26.795+0000][23984][gc,age       ] GC(79) - age  14:       4744 bytes,    4112664 total
[2020-09-03T11:16:26.795+0000][23984][gc,age       ] GC(79) - age  15:       1096 bytes,    4113760 total
[2020-09-03T11:16:26.795+0000][23984][gc,phases    ] GC(79)   Pre Evacuate Collection Set: 0.3ms
[2020-09-03T11:16:26.796+0000][23984][gc,phases    ] GC(79)   Merge Heap Roots: 0.1ms
[2020-09-03T11:16:26.796+0000][23984][gc,phases    ] GC(79)   Evacuate Collection Set: 1.8ms
[2020-09-03T11:16:26.796+0000][23984][gc,phases    ] GC(79)   Post Evacuate Collection Set: 0.8ms
[2020-09-03T11:16:26.796+0000][23984][gc,phases    ] GC(79)   Other: 0.6ms
[2020-09-03T11:16:26.796+0000][23984][gc,heap      ] GC(79) Eden regions: 43->0(504)
[2020-09-03T11:16:26.796+0000][23984][gc,heap      ] GC(79) Survivor regions: 4->5(64)
[2020-09-03T11:16:26.796+0000][23984][gc,heap      ] GC(79) Old regions: 75->75
[2020-09-03T11:16:26.796+0000][23984][gc,heap      ] GC(79) Archive regions: 0->0
[2020-09-03T11:16:26.796+0000][23984][gc,heap      ] GC(79) Humongous regions: 270->174
[2020-09-03T11:16:26.796+0000][23984][gc,metaspace ] GC(79) Metaspace: 82800K(89600K)->82800K(89600K) NonClass: 71905K(76032K)->71905K(76032K) Class: 10894K(13568K)->10894K(13568K)
[2020-09-03T11:16:26.796+0000][23984][gc           ] GC(79) Pause Young (Concurrent Start) (G1 Humongous Allocation) 390M->252M(1024M) 3.985ms
[2020-09-03T11:16:26.796+0000][23984][gc,cpu       ] GC(79) User=0.13s Sys=0.00s Real=0.00s
[2020-09-03T11:16:26.796+0000][23984][safepoint    ] Safepoint "G1TryInitiateConcMark", Time since last: 108497000 ns, Reaching safepoint: 111200 ns, At safepoint: 4102900 ns, Total: 4214100 ns
[2020-09-03T11:16:26.796+0000][23984][gc           ] GC(80) Concurrent Cycle
[2020-09-03T11:16:26.796+0000][23984][gc,marking   ] GC(80) Concurrent Clear Claimed Marks
[2020-09-03T11:16:26.796+0000][23984][gc,marking   ] GC(80) Concurrent Clear Claimed Marks 0.303ms
[2020-09-03T11:16:26.796+0000][23984][gc,marking   ] GC(80) Concurrent Scan Root Regions
[2020-09-03T11:16:26.799+0000][23984][gc,marking   ] GC(80) Concurrent Scan Root Regions 3.006ms
[2020-09-03T11:16:26.800+0000][23984][gc,marking   ] GC(80) Concurrent Mark (135.801s)
[2020-09-03T11:16:26.800+0000][23984][gc,marking   ] GC(80) Concurrent Mark From Roots
[2020-09-03T11:16:26.800+0000][23984][gc,task      ] GC(80) Using 2 workers of 2 for marking
[2020-09-03T11:16:26.902+0000][23984][gc,marking   ] GC(80) Concurrent Mark From Roots 101.986ms
[2020-09-03T11:16:26.902+0000][23984][gc,marking   ] GC(80) Concurrent Preclean
[2020-09-03T11:16:26.902+0000][23984][gc,marking   ] GC(80) Concurrent Preclean 0.400ms
[2020-09-03T11:16:26.902+0000][23984][gc,marking   ] GC(80) Concurrent Mark (135.801s, 135.904s) 102.541ms
[2020-09-03T11:16:26.902+0000][23984][gc,start     ] GC(80) Pause Remark
[2020-09-03T11:16:26.906+0000][23984][gc           ] GC(80) Pause Remark 313M->313M(1024M) 3.829ms
[2020-09-03T11:16:26.906+0000][23984][gc,cpu       ] GC(80) User=0.13s Sys=0.00s Real=0.00s
[2020-09-03T11:16:26.906+0000][23984][safepoint    ] Safepoint "G1Concurrent", Time since last: 106144800 ns, Reaching safepoint: 142500 ns, At safepoint: 4070900 ns, Total: 4213400 ns
[2020-09-03T11:16:26.906+0000][23984][gc,marking   ] GC(80) Concurrent Rebuild Remembered Sets
[2020-09-03T11:16:26.974+0000][23984][gc,marking   ] GC(80) Concurrent Rebuild Remembered Sets 67.359ms
[2020-09-03T11:16:26.974+0000][23984][gc,start     ] GC(80) Pause Cleanup
[2020-09-03T11:16:26.974+0000][23984][gc           ] GC(80) Pause Cleanup 378M->378M(1024M) 0.248ms
[2020-09-03T11:16:26.974+0000][23984][gc,cpu       ] GC(80) User=0.00s Sys=0.00s Real=0.00s
[2020-09-03T11:16:26.974+0000][23984][safepoint    ] Safepoint "G1Concurrent", Time since last: 67556000 ns, Reaching safepoint: 137300 ns, At safepoint: 381100 ns, Total: 518400 ns
[2020-09-03T11:16:26.974+0000][23984][gc,marking   ] GC(80) Concurrent Cleanup for Next Mark
[2020-09-03T11:16:26.976+0000][23984][gc,marking   ] GC(80) Concurrent Cleanup for Next Mark 1.563ms
[2020-09-03T11:16:26.976+0000][23984][gc           ] GC(80) Concurrent Cycle 180.135ms
[2020-09-03T11:16:27.064+0000][23984][gc,start     ] GC(81) Pause Young (Concurrent Start) (G1 Humongous Allocation)
[2020-09-03T11:16:27.064+0000][23984][gc,task      ] GC(81) Using 8 workers of 8 for evacuation
[2020-09-03T11:16:27.064+0000][23984][gc,age       ] GC(81) Desired survivor size 33554432 bytes, new threshold 15 (max threshold 15)
[2020-09-03T11:16:27.068+0000][23984][gc,age       ] GC(81) Age table with threshold 15 (max threshold 15)
[2020-09-03T11:16:27.068+0000][23984][gc,age       ] GC(81) - age   1:    2789496 bytes,    2789496 total
[2020-09-03T11:16:27.068+0000][23984][gc,age       ] GC(81) - age   2:     205352 bytes,    2994848 total
[2020-09-03T11:16:27.068+0000][23984][gc,age       ] GC(81) - age   3:     206272 bytes,    3201120 total
[2020-09-03T11:16:27.068+0000][23984][gc,age       ] GC(81) - age   4:     199856 bytes,    3400976 total
[2020-09-03T11:16:27.068+0000][23984][gc,age       ] GC(81) - age   5:     199120 bytes,    3600096 total
[2020-09-03T11:16:27.068+0000][23984][gc,age       ] GC(81) - age   6:     199000 bytes,    3799096 total
[2020-09-03T11:16:27.068+0000][23984][gc,age       ] GC(81) - age   7:     201760 bytes,    4000856 total
[2020-09-03T11:16:27.068+0000][23984][gc,age       ] GC(81) - age   8:     118856 bytes,    4119712 total
[2020-09-03T11:16:27.068+0000][23984][gc,age       ] GC(81) - age   9:       1952 bytes,    4121664 total
[2020-09-03T11:16:27.068+0000][23984][gc,age       ] GC(81) - age  10:      18440 bytes,    4140104 total
[2020-09-03T11:16:27.068+0000][23984][gc,age       ] GC(81) - age  11:     163728 bytes,    4303832 total
[2020-09-03T11:16:27.068+0000][23984][gc,age       ] GC(81) - age  12:        960 bytes,    4304792 total
[2020-09-03T11:16:27.068+0000][23984][gc,age       ] GC(81) - age  13:        816 bytes,    4305608 total
[2020-09-03T11:16:27.068+0000][23984][gc,age       ] GC(81) - age  14:       2896 bytes,    4308504 total
[2020-09-03T11:16:27.068+0000][23984][gc,age       ] GC(81) - age  15:       4744 bytes,    4313248 total
[2020-09-03T11:16:27.068+0000][23984][gc,phases    ] GC(81)   Pre Evacuate Collection Set: 0.4ms
[2020-09-03T11:16:27.068+0000][23984][gc,phases    ] GC(81)   Merge Heap Roots: 0.1ms
[2020-09-03T11:16:27.068+0000][23984][gc,phases    ] GC(81)   Evacuate Collection Set: 2.3ms
[2020-09-03T11:16:27.068+0000][23984][gc,phases    ] GC(81)   Post Evacuate Collection Set: 0.7ms
[2020-09-03T11:16:27.068+0000][23984][gc,phases    ] GC(81)   Other: 0.6ms
[2020-09-03T11:16:27.068+0000][23984][gc,heap      ] GC(81) Eden regions: 41->0(505)
[2020-09-03T11:16:27.068+0000][23984][gc,heap      ] GC(81) Survivor regions: 5->5(64)
[2020-09-03T11:16:27.068+0000][23984][gc,heap      ] GC(81) Old regions: 75->75
[2020-09-03T11:16:27.068+0000][23984][gc,heap      ] GC(81) Archive regions: 0->0
[2020-09-03T11:16:27.068+0000][23984][gc,heap      ] GC(81) Humongous regions: 270->174
[2020-09-03T11:16:27.068+0000][23984][gc,metaspace ] GC(81) Metaspace: 82814K(89600K)->82814K(89600K) NonClass: 71919K(76032K)->71919K(76032K) Class: 10894K(13568K)->10894K(13568K)
[2020-09-03T11:16:27.068+0000][23984][gc           ] GC(81) Pause Young (Concurrent Start) (G1 Humongous Allocation) 389M->252M(1024M) 4.362ms
[2020-09-03T11:16:27.068+0000][23984][gc,cpu       ] GC(81) User=0.00s Sys=0.00s Real=0.00s
[2020-09-03T11:16:27.068+0000][23984][gc           ] GC(82) Concurrent Cycle
[2020-09-03T11:16:27.068+0000][23984][safepoint    ] Safepoint "G1TryInitiateConcMark", Time since last: 89259400 ns, Reaching safepoint: 124600 ns, At safepoint: 4533100 ns, Total: 4657700 ns
[2020-09-03T11:16:27.068+0000][23984][gc,marking   ] GC(82) Concurrent Clear Claimed Marks
[2020-09-03T11:16:27.069+0000][23984][gc,marking   ] GC(82) Concurrent Clear Claimed Marks 0.424ms
[2020-09-03T11:16:27.069+0000][23984][gc,marking   ] GC(82) Concurrent Scan Root Regions
[2020-09-03T11:16:27.071+0000][23984][gc,marking   ] GC(82) Concurrent Scan Root Regions 1.898ms
[2020-09-03T11:16:27.071+0000][23984][gc,marking   ] GC(82) Concurrent Mark (136.073s)
[2020-09-03T11:16:27.071+0000][23984][gc,marking   ] GC(82) Concurrent Mark From Roots
[2020-09-03T11:16:27.071+0000][23984][gc,task      ] GC(82) Using 2 workers of 2 for marking
[2020-09-03T11:16:27.157+0000][23984][gc,marking   ] GC(82) Concurrent Mark From Roots 86.461ms
[2020-09-03T11:16:27.157+0000][23984][gc,marking   ] GC(82) Concurrent Preclean
[2020-09-03T11:16:27.158+0000][23984][gc,marking   ] GC(82) Concurrent Preclean 0.417ms
[2020-09-03T11:16:27.158+0000][23984][gc,marking   ] GC(82) Concurrent Mark (136.073s, 136.160s) 86.993ms
[2020-09-03T11:16:27.158+0000][23984][gc,start     ] GC(82) Pause Remark
[2020-09-03T11:16:27.162+0000][23984][gc           ] GC(82) Pause Remark 314M->314M(1024M) 3.759ms
[2020-09-03T11:16:27.162+0000][23984][gc,cpu       ] GC(82) User=0.00s Sys=0.00s Real=0.00s
[2020-09-03T11:16:27.162+0000][23984][safepoint    ] Safepoint "G1Concurrent", Time since last: 89601600 ns, Reaching safepoint: 133800 ns, At safepoint: 3974400 ns, Total: 4108200 ns
[2020-09-03T11:16:27.162+0000][23984][gc,marking   ] GC(82) Concurrent Rebuild Remembered Sets
[2020-09-03T11:16:27.232+0000][23984][gc,marking   ] GC(82) Concurrent Rebuild Remembered Sets 70.123ms
[2020-09-03T11:16:27.233+0000][23984][gc,start     ] GC(82) Pause Cleanup
[2020-09-03T11:16:27.233+0000][23984][gc           ] GC(82) Pause Cleanup 380M->380M(1024M) 0.316ms
[2020-09-03T11:16:27.233+0000][23984][gc,cpu       ] GC(82) User=0.00s Sys=0.00s Real=0.00s
[2020-09-03T11:16:27.233+0000][23984][safepoint    ] Safepoint "G1Concurrent", Time since last: 70291200 ns, Reaching safepoint: 179800 ns, At safepoint: 513000 ns, Total: 692800 ns
[2020-09-03T11:16:27.233+0000][23984][gc,marking   ] GC(82) Concurrent Cleanup for Next Mark
[2020-09-03T11:16:27.235+0000][23984][gc,marking   ] GC(82) Concurrent Cleanup for Next Mark 1.509ms
[2020-09-03T11:16:27.235+0000][23984][gc           ] GC(82) Concurrent Cycle 166.446ms
[2020-09-03T11:16:27.340+0000][23984][gc,start     ] GC(83) Pause Young (Concurrent Start) (G1 Humongous Allocation)
[2020-09-03T11:16:27.341+0000][23984][gc,task      ] GC(83) Using 8 workers of 8 for evacuation
[2020-09-03T11:16:27.341+0000][23984][gc,age       ] GC(83) Desired survivor size 33554432 bytes, new threshold 15 (max threshold 15)
[2020-09-03T11:16:27.344+0000][23984][gc,age       ] GC(83) Age table with threshold 15 (max threshold 15)
[2020-09-03T11:16:27.344+0000][23984][gc,age       ] GC(83) - age   1:    2780072 bytes,    2780072 total
[2020-09-03T11:16:27.344+0000][23984][gc,age       ] GC(83) - age   2:     205208 bytes,    2985280 total
[2020-09-03T11:16:27.344+0000][23984][gc,age       ] GC(83) - age   3:     205224 bytes,    3190504 total
[2020-09-03T11:16:27.344+0000][23984][gc,age       ] GC(83) - age   4:     205856 bytes,    3396360 total
[2020-09-03T11:16:27.344+0000][23984][gc,age       ] GC(83) - age   5:     199224 bytes,    3595584 total
[2020-09-03T11:16:27.344+0000][23984][gc,age       ] GC(83) - age   6:     199088 bytes,    3794672 total
[2020-09-03T11:16:27.344+0000][23984][gc,age       ] GC(83) - age   7:     199000 bytes,    3993672 total
[2020-09-03T11:16:27.344+0000][23984][gc,age       ] GC(83) - age   8:     198440 bytes,    4192112 total
[2020-09-03T11:16:27.344+0000][23984][gc,age       ] GC(83) - age   9:     118728 bytes,    4310840 total
[2020-09-03T11:16:27.344+0000][23984][gc,age       ] GC(83) - age  10:       1560 bytes,    4312400 total
[2020-09-03T11:16:27.344+0000][23984][gc,age       ] GC(83) - age  11:      18440 bytes,    4330840 total
[2020-09-03T11:16:27.344+0000][23984][gc,age       ] GC(83) - age  12:     163728 bytes,    4494568 total
[2020-09-03T11:16:27.344+0000][23984][gc,age       ] GC(83) - age  13:        896 bytes,    4495464 total
[2020-09-03T11:16:27.344+0000][23984][gc,age       ] GC(83) - age  14:        816 bytes,    4496280 total
[2020-09-03T11:16:27.344+0000][23984][gc,age       ] GC(83) - age  15:       2896 bytes,    4499176 total
[2020-09-03T11:16:27.344+0000][23984][gc,phases    ] GC(83)   Pre Evacuate Collection Set: 0.3ms
[2020-09-03T11:16:27.344+0000][23984][gc,phases    ] GC(83)   Merge Heap Roots: 0.1ms
[2020-09-03T11:16:27.344+0000][23984][gc,phases    ] GC(83)   Evacuate Collection Set: 2.4ms
[2020-09-03T11:16:27.344+0000][23984][gc,phases    ] GC(83)   Post Evacuate Collection Set: 0.6ms
[2020-09-03T11:16:27.345+0000][23984][gc,phases    ] GC(83)   Other: 0.6ms
[2020-09-03T11:16:27.345+0000][23984][gc,heap      ] GC(83) Eden regions: 43->0(505)
[2020-09-03T11:16:27.345+0000][23984][gc,heap      ] GC(83) Survivor regions: 5->5(64)
[2020-09-03T11:16:27.345+0000][23984][gc,heap      ] GC(83) Old regions: 75->75
[2020-09-03T11:16:27.345+0000][23984][gc,heap      ] GC(83) Archive regions: 0->0
[2020-09-03T11:16:27.345+0000][23984][gc,heap      ] GC(83) Humongous regions: 270->174
[2020-09-03T11:16:27.345+0000][23984][gc,metaspace ] GC(83) Metaspace: 82869K(89600K)->82869K(89600K) NonClass: 71974K(76032K)->71974K(76032K) Class: 10894K(13568K)->10894K(13568K)
[2020-09-03T11:16:27.345+0000][23984][gc           ] GC(83) Pause Young (Concurrent Start) (G1 Humongous Allocation) 391M->252M(1024M) 4.348ms
[2020-09-03T11:16:27.345+0000][23984][gc,cpu       ] GC(83) User=0.11s Sys=0.00s Real=0.01s
[2020-09-03T11:16:27.345+0000][23984][safepoint    ] Safepoint "G1TryInitiateConcMark", Time since last: 107240400 ns, Reaching safepoint: 147700 ns, At safepoint: 4472500 ns, Total: 4620200 ns
[2020-09-03T11:16:27.345+0000][23984][gc           ] GC(84) Concurrent Cycle
[2020-09-03T11:16:27.345+0000][23984][gc,marking   ] GC(84) Concurrent Clear Claimed Marks
[2020-09-03T11:16:27.345+0000][23984][gc,marking   ] GC(84) Concurrent Clear Claimed Marks 0.290ms
[2020-09-03T11:16:27.345+0000][23984][gc,marking   ] GC(84) Concurrent Scan Root Regions
[2020-09-03T11:16:27.348+0000][23984][gc,marking   ] GC(84) Concurrent Scan Root Regions 2.279ms
[2020-09-03T11:16:27.348+0000][23984][gc,marking   ] GC(84) Concurrent Mark (136.349s)
[2020-09-03T11:16:27.348+0000][23984][gc,marking   ] GC(84) Concurrent Mark From Roots
[2020-09-03T11:16:27.348+0000][23984][gc,task      ] GC(84) Using 2 workers of 2 for marking
[2020-09-03T11:16:27.428+0000][23984][gc,marking   ] GC(84) Concurrent Mark From Roots 80.461ms
[2020-09-03T11:16:27.428+0000][23984][gc,marking   ] GC(84) Concurrent Preclean
[2020-09-03T11:16:27.429+0000][23984][gc,marking   ] GC(84) Concurrent Preclean 0.362ms
[2020-09-03T11:16:27.429+0000][23984][gc,marking   ] GC(84) Concurrent Mark (136.349s, 136.430s) 80.930ms
[2020-09-03T11:16:27.429+0000][23984][gc,start     ] GC(84) Pause Remark
[2020-09-03T11:16:27.433+0000][23984][gc           ] GC(84) Pause Remark 311M->311M(1024M) 3.760ms
[2020-09-03T11:16:27.433+0000][23984][gc,cpu       ] GC(84) User=0.00s Sys=0.00s Real=0.00s
[2020-09-03T11:16:27.433+0000][23984][safepoint    ] Safepoint "G1Concurrent", Time since last: 83828300 ns, Reaching safepoint: 185900 ns, At safepoint: 3929700 ns, Total: 4115600 ns
[2020-09-03T11:16:27.433+0000][23984][gc,marking   ] GC(84) Concurrent Rebuild Remembered Sets
[2020-09-03T11:16:27.489+0000][23984][gc,marking   ] GC(84) Concurrent Rebuild Remembered Sets 56.577ms
[2020-09-03T11:16:27.490+0000][23984][gc,start     ] GC(84) Pause Cleanup
[2020-09-03T11:16:27.490+0000][23984][gc           ] GC(84) Pause Cleanup 378M->378M(1024M) 0.203ms
[2020-09-03T11:16:27.490+0000][23984][gc,cpu       ] GC(84) User=0.00s Sys=0.00s Real=0.00s
[2020-09-03T11:16:27.490+0000][23984][safepoint    ] Safepoint "G1Concurrent", Time since last: 56759200 ns, Reaching safepoint: 129500 ns, At safepoint: 299500 ns, Total: 429000 ns
[2020-09-03T11:16:27.490+0000][23984][gc,marking   ] GC(84) Concurrent Cleanup for Next Mark
[2020-09-03T11:16:27.492+0000][23984][gc,marking   ] GC(84) Concurrent Cleanup for Next Mark 1.654ms
[2020-09-03T11:16:27.492+0000][23984][gc           ] GC(84) Concurrent Cycle 146.863ms
[2020-09-03T11:16:27.590+0000][23984][gc,start     ] GC(85) Pause Young (Concurrent Start) (G1 Humongous Allocation)
[2020-09-03T11:16:27.590+0000][23984][gc,task      ] GC(85) Using 8 workers of 8 for evacuation
[2020-09-03T11:16:27.590+0000][23984][gc,age       ] GC(85) Desired survivor size 33554432 bytes, new threshold 15 (max threshold 15)
[2020-09-03T11:16:27.593+0000][23984][gc,age       ] GC(85) Age table with threshold 15 (max threshold 15)
[2020-09-03T11:16:27.594+0000][23984][gc,age       ] GC(85) - age   1:    2796440 bytes,    2796440 total
[2020-09-03T11:16:27.594+0000][23984][gc,age       ] GC(85) - age   2:     204720 bytes,    3001160 total
[2020-09-03T11:16:27.594+0000][23984][gc,age       ] GC(85) - age   3:     205176 bytes,    3206336 total
[2020-09-03T11:16:27.594+0000][23984][gc,age       ] GC(85) - age   4:     204904 bytes,    3411240 total
[2020-09-03T11:16:27.594+0000][23984][gc,age       ] GC(85) - age   5:     204952 bytes,    3616192 total
[2020-09-03T11:16:27.594+0000][23984][gc,age       ] GC(85) - age   6:     199192 bytes,    3815384 total
[2020-09-03T11:16:27.594+0000][23984][gc,age       ] GC(85) - age   7:     199088 bytes,    4014472 total
[2020-09-03T11:16:27.594+0000][23984][gc,age       ] GC(85) - age   8:     199000 bytes,    4213472 total
[2020-09-03T11:16:27.594+0000][23984][gc,age       ] GC(85) - age   9:     198088 bytes,    4411560 total
[2020-09-03T11:16:27.594+0000][23984][gc,age       ] GC(85) - age  10:     116280 bytes,    4527840 total
[2020-09-03T11:16:27.594+0000][23984][gc,age       ] GC(85) - age  11:       1528 bytes,    4529368 total
[2020-09-03T11:16:27.594+0000][23984][gc,age       ] GC(85) - age  12:      18440 bytes,    4547808 total
[2020-09-03T11:16:27.594+0000][23984][gc,age       ] GC(85) - age  13:     163728 bytes,    4711536 total
[2020-09-03T11:16:27.594+0000][23984][gc,age       ] GC(85) - age  14:        896 bytes,    4712432 total
[2020-09-03T11:16:27.594+0000][23984][gc,age       ] GC(85) - age  15:        720 bytes,    4713152 total
[2020-09-03T11:16:27.594+0000][23984][gc,phases    ] GC(85)   Pre Evacuate Collection Set: 0.3ms
[2020-09-03T11:16:27.594+0000][23984][gc,phases    ] GC(85)   Merge Heap Roots: 0.1ms
[2020-09-03T11:16:27.594+0000][23984][gc,phases    ] GC(85)   Evacuate Collection Set: 2.1ms
[2020-09-03T11:16:27.594+0000][23984][gc,phases    ] GC(85)   Post Evacuate Collection Set: 0.6ms
[2020-09-03T11:16:27.594+0000][23984][gc,phases    ] GC(85)   Other: 0.6ms
[2020-09-03T11:16:27.594+0000][23984][gc,heap      ] GC(85) Eden regions: 42->0(506)
[2020-09-03T11:16:27.594+0000][23984][gc,heap      ] GC(85) Survivor regions: 5->5(64)
[2020-09-03T11:16:27.594+0000][23984][gc,heap      ] GC(85) Old regions: 75->75
[2020-09-03T11:16:27.594+0000][23984][gc,heap      ] GC(85) Archive regions: 0->0
[2020-09-03T11:16:27.594+0000][23984][gc,heap      ] GC(85) Humongous regions: 270->174
[2020-09-03T11:16:27.594+0000][23984][gc,metaspace ] GC(85) Metaspace: 82883K(89600K)->82883K(89600K) NonClass: 71988K(76032K)->71988K(76032K) Class: 10894K(13568K)->10894K(13568K)
[2020-09-03T11:16:27.594+0000][23984][gc           ] GC(85) Pause Young (Concurrent Start) (G1 Humongous Allocation) 390M->253M(1024M) 4.025ms
[2020-09-03T11:16:27.594+0000][23984][gc,cpu       ] GC(85) User=0.13s Sys=0.00s Real=0.00s
[2020-09-03T11:16:27.594+0000][23984][safepoint    ] Safepoint "G1TryInitiateConcMark", Time since last: 99957800 ns, Reaching safepoint: 112500 ns, At safepoint: 4134900 ns, Total: 4247400 ns
[2020-09-03T11:16:27.594+0000][23984][gc           ] GC(86) Concurrent Cycle
[2020-09-03T11:16:27.594+0000][23984][gc,marking   ] GC(86) Concurrent Clear Claimed Marks
[2020-09-03T11:16:27.595+0000][23984][gc,marking   ] GC(86) Concurrent Clear Claimed Marks 0.354ms
[2020-09-03T11:16:27.595+0000][23984][gc,marking   ] GC(86) Concurrent Scan Root Regions
[2020-09-03T11:16:27.597+0000][23984][gc,marking   ] GC(86) Concurrent Scan Root Regions 1.946ms
[2020-09-03T11:16:27.597+0000][23984][gc,marking   ] GC(86) Concurrent Mark (136.599s)
[2020-09-03T11:16:27.597+0000][23984][gc,marking   ] GC(86) Concurrent Mark From Roots
[2020-09-03T11:16:27.597+0000][23984][gc,task      ] GC(86) Using 2 workers of 2 for marking
[2020-09-03T11:16:27.674+0000][23984][gc,marking   ] GC(86) Concurrent Mark From Roots 77.153ms
[2020-09-03T11:16:27.674+0000][23984][gc,marking   ] GC(86) Concurrent Preclean
[2020-09-03T11:16:27.674+0000][23984][gc,marking   ] GC(86) Concurrent Preclean 0.371ms
[2020-09-03T11:16:27.674+0000][23984][gc,marking   ] GC(86) Concurrent Mark (136.599s, 136.676s) 77.659ms
[2020-09-03T11:16:27.675+0000][23984][gc,start     ] GC(86) Pause Remark
[2020-09-03T11:16:27.679+0000][23984][gc           ] GC(86) Pause Remark 311M->311M(1024M) 3.771ms
[2020-09-03T11:16:27.679+0000][23984][gc,cpu       ] GC(86) User=0.00s Sys=0.00s Real=0.00s
[2020-09-03T11:16:27.679+0000][23984][safepoint    ] Safepoint "G1Concurrent", Time since last: 80271600 ns, Reaching safepoint: 243300 ns, At safepoint: 3916700 ns, Total: 4160000 ns
[2020-09-03T11:16:27.679+0000][23984][gc,marking   ] GC(86) Concurrent Rebuild Remembered Sets
[2020-09-03T11:16:27.739+0000][23984][gc,marking   ] GC(86) Concurrent Rebuild Remembered Sets 59.834ms
[2020-09-03T11:16:27.739+0000][23984][gc,start     ] GC(86) Pause Cleanup
[2020-09-03T11:16:27.739+0000][23984][gc           ] GC(86) Pause Cleanup 377M->377M(1024M) 0.224ms
[2020-09-03T11:16:27.739+0000][23984][gc,cpu       ] GC(86) User=0.00s Sys=0.00s Real=0.00s
[2020-09-03T11:16:27.739+0000][23984][safepoint    ] Safepoint "G1Concurrent", Time since last: 60011500 ns, Reaching safepoint: 173200 ns, At safepoint: 350300 ns, Total: 523500 ns
[2020-09-03T11:16:27.739+0000][23984][gc,marking   ] GC(86) Concurrent Cleanup for Next Mark
[2020-09-03T11:16:27.741+0000][23984][gc,marking   ] GC(86) Concurrent Cleanup for Next Mark 1.817ms
[2020-09-03T11:16:27.741+0000][23984][gc           ] GC(86) Concurrent Cycle 146.963ms
[2020-09-03T11:16:27.937+0000][23984][safepoint    ] Safepoint "BulkRevokeBias", Time since last: 196285700 ns, Reaching safepoint: 213700 ns, At safepoint: 1094100 ns, Total: 1307800 ns
[2020-09-03T11:16:28.051+0000][23984][gc,start     ] GC(87) Pause Young (Concurrent Start) (G1 Humongous Allocation)
[2020-09-03T11:16:28.051+0000][23984][gc,task      ] GC(87) Using 8 workers of 8 for evacuation
[2020-09-03T11:16:28.051+0000][23984][gc,age       ] GC(87) Desired survivor size 33554432 bytes, new threshold 15 (max threshold 15)
[2020-09-03T11:16:28.054+0000][23984][gc,age       ] GC(87) Age table with threshold 15 (max threshold 15)
[2020-09-03T11:16:28.054+0000][23984][gc,age       ] GC(87) - age   1:    2736056 bytes,    2736056 total
[2020-09-03T11:16:28.054+0000][23984][gc,age       ] GC(87) - age   2:       1960 bytes,    2738016 total
[2020-09-03T11:16:28.054+0000][23984][gc,age       ] GC(87) - age   3:       2232 bytes,    2740248 total
[2020-09-03T11:16:28.054+0000][23984][gc,age       ] GC(87) - age   4:       2800 bytes,    2743048 total
[2020-09-03T11:16:28.054+0000][23984][gc,age       ] GC(87) - age   5:       1304 bytes,    2744352 total
[2020-09-03T11:16:28.054+0000][23984][gc,age       ] GC(87) - age   6:       2952 bytes,    2747304 total
[2020-09-03T11:16:28.054+0000][23984][gc,age       ] GC(87) - age   7:       1328 bytes,    2748632 total
[2020-09-03T11:16:28.054+0000][23984][gc,age       ] GC(87) - age   8:       1424 bytes,    2750056 total
[2020-09-03T11:16:28.055+0000][23984][gc,age       ] GC(87) - age   9:       1016 bytes,    2751072 total
[2020-09-03T11:16:28.055+0000][23984][gc,age       ] GC(87) - age  10:        400 bytes,    2751472 total
[2020-09-03T11:16:28.055+0000][23984][gc,age       ] GC(87) - age  11:     115016 bytes,    2866488 total
[2020-09-03T11:16:28.055+0000][23984][gc,age       ] GC(87) - age  12:       1528 bytes,    2868016 total
[2020-09-03T11:16:28.055+0000][23984][gc,age       ] GC(87) - age  13:      18216 bytes,    2886232 total
[2020-09-03T11:16:28.055+0000][23984][gc,age       ] GC(87) - age  14:     114480 bytes,    3000712 total
[2020-09-03T11:16:28.055+0000][23984][gc,age       ] GC(87) - age  15:        896 bytes,    3001608 total
[2020-09-03T11:16:28.055+0000][23984][gc,phases    ] GC(87)   Pre Evacuate Collection Set: 0.4ms
[2020-09-03T11:16:28.055+0000][23984][gc,phases    ] GC(87)   Merge Heap Roots: 0.1ms
[2020-09-03T11:16:28.055+0000][23984][gc,phases    ] GC(87)   Evacuate Collection Set: 1.8ms
[2020-09-03T11:16:28.055+0000][23984][gc,phases    ] GC(87)   Post Evacuate Collection Set: 0.6ms
[2020-09-03T11:16:28.055+0000][23984][gc,phases    ] GC(87)   Other: 0.7ms
[2020-09-03T11:16:28.055+0000][23984][gc,heap      ] GC(87) Eden regions: 55->0(506)
[2020-09-03T11:16:28.055+0000][23984][gc,heap      ] GC(87) Survivor regions: 5->4(64)
[2020-09-03T11:16:28.055+0000][23984][gc,heap      ] GC(87) Old regions: 75->75
[2020-09-03T11:16:28.055+0000][23984][gc,heap      ] GC(87) Archive regions: 0->0
[2020-09-03T11:16:28.055+0000][23984][gc,heap      ] GC(87) Humongous regions: 270->174
[2020-09-03T11:16:28.055+0000][23984][gc,metaspace ] GC(87) Metaspace: 83389K(89984K)->83389K(89984K) NonClass: 72425K(76288K)->72425K(76288K) Class: 10963K(13696K)->10963K(13696K)
[2020-09-03T11:16:28.055+0000][23984][gc           ] GC(87) Pause Young (Concurrent Start) (G1 Humongous Allocation) 404M->251M(1024M) 3.690ms
[2020-09-03T11:16:28.055+0000][23984][gc,cpu       ] GC(87) User=0.00s Sys=0.00s Real=0.00s
[2020-09-03T11:16:28.055+0000][23984][safepoint    ] Safepoint "G1TryInitiateConcMark", Time since last: 114267400 ns, Reaching safepoint: 184700 ns, At safepoint: 3798800 ns, Total: 3983500 ns
[2020-09-03T11:16:28.055+0000][23984][gc           ] GC(88) Concurrent Cycle
[2020-09-03T11:16:28.055+0000][23984][gc,marking   ] GC(88) Concurrent Clear Claimed Marks
[2020-09-03T11:16:28.055+0000][23984][gc,marking   ] GC(88) Concurrent Clear Claimed Marks 0.399ms
[2020-09-03T11:16:28.056+0000][23984][gc,marking   ] GC(88) Concurrent Scan Root Regions
[2020-09-03T11:16:28.058+0000][23984][gc,marking   ] GC(88) Concurrent Scan Root Regions 2.305ms
[2020-09-03T11:16:28.058+0000][23984][gc,marking   ] GC(88) Concurrent Mark (137.060s)
[2020-09-03T11:16:28.058+0000][23984][gc,marking   ] GC(88) Concurrent Mark From Roots
[2020-09-03T11:16:28.058+0000][23984][gc,task      ] GC(88) Using 2 workers of 2 for marking
[2020-09-03T11:16:28.154+0000][23984][gc,marking   ] GC(88) Concurrent Mark From Roots 96.271ms
[2020-09-03T11:16:28.154+0000][23984][gc,marking   ] GC(88) Concurrent Preclean
[2020-09-03T11:16:28.155+0000][23984][gc,marking   ] GC(88) Concurrent Preclean 0.331ms
[2020-09-03T11:16:28.155+0000][23984][gc,marking   ] GC(88) Concurrent Mark (137.060s, 137.157s) 96.766ms
[2020-09-03T11:16:28.155+0000][23984][gc,start     ] GC(88) Pause Remark
[2020-09-03T11:16:28.159+0000][23984][gc           ] GC(88) Pause Remark 310M->310M(1024M) 3.667ms
[2020-09-03T11:16:28.159+0000][23984][gc,cpu       ] GC(88) User=0.00s Sys=0.00s Real=0.00s
[2020-09-03T11:16:28.159+0000][23984][safepoint    ] Safepoint "G1Concurrent", Time since last: 99899300 ns, Reaching safepoint: 113400 ns, At safepoint: 3840100 ns, Total: 3953500 ns
[2020-09-03T11:16:28.159+0000][23984][gc,marking   ] GC(88) Concurrent Rebuild Remembered Sets
[2020-09-03T11:16:28.240+0000][23984][gc,marking   ] GC(88) Concurrent Rebuild Remembered Sets 81.051ms
[2020-09-03T11:16:28.240+0000][23984][gc,start     ] GC(88) Pause Cleanup
[2020-09-03T11:16:28.241+0000][23984][gc           ] GC(88) Pause Cleanup 311M->311M(1024M) 0.304ms
[2020-09-03T11:16:28.241+0000][23984][gc,cpu       ] GC(88) User=0.00s Sys=0.00s Real=0.00s
[2020-09-03T11:16:28.241+0000][23984][safepoint    ] Safepoint "G1Concurrent", Time since last: 81243000 ns, Reaching safepoint: 117000 ns, At safepoint: 476400 ns, Total: 593400 ns
[2020-09-03T11:16:28.241+0000][23984][gc,marking   ] GC(88) Concurrent Cleanup for Next Mark
[2020-09-03T11:16:28.243+0000][23984][gc,marking   ] GC(88) Concurrent Cleanup for Next Mark 1.838ms
[2020-09-03T11:16:28.243+0000][23984][gc           ] GC(88) Concurrent Cycle 187.748ms
[2020-09-03T11:16:28.312+0000][23984][gc,start     ] GC(89) Pause Young (Concurrent Start) (G1 Humongous Allocation)
[2020-09-03T11:16:28.312+0000][23984][gc,task      ] GC(89) Using 8 workers of 8 for evacuation
[2020-09-03T11:16:28.312+0000][23984][gc,age       ] GC(89) Desired survivor size 33554432 bytes, new threshold 15 (max threshold 15)
[2020-09-03T11:16:28.316+0000][23984][gc,age       ] GC(89) Age table with threshold 15 (max threshold 15)
[2020-09-03T11:16:28.317+0000][23984][gc,age       ] GC(89) - age   1:    2657208 bytes,    2657208 total
[2020-09-03T11:16:28.317+0000][23984][gc,age       ] GC(89) - age   2:     198360 bytes,    2855568 total
[2020-09-03T11:16:28.317+0000][23984][gc,age       ] GC(89) - age   3:       1928 bytes,    2857496 total
[2020-09-03T11:16:28.317+0000][23984][gc,age       ] GC(89) - age   4:       1712 bytes,    2859208 total
[2020-09-03T11:16:28.317+0000][23984][gc,age       ] GC(89) - age   5:       2640 bytes,    2861848 total
[2020-09-03T11:16:28.317+0000][23984][gc,age       ] GC(89) - age   6:       1176 bytes,    2863024 total
[2020-09-03T11:16:28.317+0000][23984][gc,age       ] GC(89) - age   7:       2952 bytes,    2865976 total
[2020-09-03T11:16:28.317+0000][23984][gc,age       ] GC(89) - age   8:       1328 bytes,    2867304 total
[2020-09-03T11:16:28.317+0000][23984][gc,age       ] GC(89) - age   9:       1392 bytes,    2868696 total
[2020-09-03T11:16:28.317+0000][23984][gc,age       ] GC(89) - age  10:        984 bytes,    2869680 total
[2020-09-03T11:16:28.317+0000][23984][gc,age       ] GC(89) - age  11:        400 bytes,    2870080 total
[2020-09-03T11:16:28.317+0000][23984][gc,age       ] GC(89) - age  12:     115016 bytes,    2985096 total
[2020-09-03T11:16:28.317+0000][23984][gc,age       ] GC(89) - age  13:       1528 bytes,    2986624 total
[2020-09-03T11:16:28.317+0000][23984][gc,age       ] GC(89) - age  14:      18184 bytes,    3004808 total
[2020-09-03T11:16:28.317+0000][23984][gc,age       ] GC(89) - age  15:     114480 bytes,    3119288 total
[2020-09-03T11:16:28.317+0000][23984][gc,phases    ] GC(89)   Pre Evacuate Collection Set: 0.5ms
[2020-09-03T11:16:28.317+0000][23984][gc,phases    ] GC(89)   Merge Heap Roots: 0.1ms
[2020-09-03T11:16:28.317+0000][23984][gc,phases    ] GC(89)   Evacuate Collection Set: 2.6ms
[2020-09-03T11:16:28.317+0000][23984][gc,phases    ] GC(89)   Post Evacuate Collection Set: 0.7ms
[2020-09-03T11:16:28.317+0000][23984][gc,phases    ] GC(89)   Other: 1.0ms
[2020-09-03T11:16:28.317+0000][23984][gc,heap      ] GC(89) Eden regions: 22->0(507)
[2020-09-03T11:16:28.317+0000][23984][gc,heap      ] GC(89) Survivor regions: 4->4(64)
[2020-09-03T11:16:28.317+0000][23984][gc,heap      ] GC(89) Old regions: 75->75
[2020-09-03T11:16:28.317+0000][23984][gc,heap      ] GC(89) Archive regions: 0->0
[2020-09-03T11:16:28.317+0000][23984][gc,heap      ] GC(89) Humongous regions: 232->174
[2020-09-03T11:16:28.317+0000][23984][gc,metaspace ] GC(89) Metaspace: 83393K(89984K)->83393K(89984K) NonClass: 72429K(76288K)->72429K(76288K) Class: 10963K(13696K)->10963K(13696K)
[2020-09-03T11:16:28.318+0000][23984][gc           ] GC(89) Pause Young (Concurrent Start) (G1 Humongous Allocation) 331M->251M(1024M) 5.321ms
[2020-09-03T11:16:28.318+0000][23984][gc,cpu       ] GC(89) User=0.00s Sys=0.00s Real=0.01s
[2020-09-03T11:16:28.318+0000][23984][gc           ] GC(90) Concurrent Cycle
[2020-09-03T11:16:28.318+0000][23984][safepoint    ] Safepoint "G1TryInitiateConcMark", Time since last: 70824500 ns, Reaching safepoint: 206000 ns, At safepoint: 5508600 ns, Total: 5714600 ns
[2020-09-03T11:16:28.318+0000][23984][gc,marking   ] GC(90) Concurrent Clear Claimed Marks
[2020-09-03T11:16:28.318+0000][23984][gc,marking   ] GC(90) Concurrent Clear Claimed Marks 0.431ms
[2020-09-03T11:16:28.318+0000][23984][gc,marking   ] GC(90) Concurrent Scan Root Regions
[2020-09-03T11:16:28.321+0000][23984][gc,marking   ] GC(90) Concurrent Scan Root Regions 2.732ms
[2020-09-03T11:16:28.321+0000][23984][gc,marking   ] GC(90) Concurrent Mark (137.322s)
[2020-09-03T11:16:28.321+0000][23984][gc,marking   ] GC(90) Concurrent Mark From Roots
[2020-09-03T11:16:28.321+0000][23984][gc,task      ] GC(90) Using 2 workers of 2 for marking
[2020-09-03T11:16:28.453+0000][23984][gc,marking   ] GC(90) Concurrent Mark From Roots 131.421ms
[2020-09-03T11:16:28.453+0000][23984][gc,marking   ] GC(90) Concurrent Preclean
[2020-09-03T11:16:28.453+0000][23984][gc,marking   ] GC(90) Concurrent Preclean 0.418ms
[2020-09-03T11:16:28.453+0000][23984][gc,marking   ] GC(90) Concurrent Mark (137.322s, 137.454s) 132.030ms
[2020-09-03T11:16:28.453+0000][23984][gc,start     ] GC(90) Pause Remark
[2020-09-03T11:16:28.458+0000][23984][gc           ] GC(90) Pause Remark 298M->298M(1024M) 4.580ms
[2020-09-03T11:16:28.458+0000][23984][gc,cpu       ] GC(90) User=0.00s Sys=0.00s Real=0.00s
[2020-09-03T11:16:28.458+0000][23984][safepoint    ] Safepoint "G1Concurrent", Time since last: 135474800 ns, Reaching safepoint: 158000 ns, At safepoint: 4781800 ns, Total: 4939800 ns
[2020-09-03T11:16:28.458+0000][23984][gc,marking   ] GC(90) Concurrent Rebuild Remembered Sets
[2020-09-03T11:16:28.540+0000][23984][gc,marking   ] GC(90) Concurrent Rebuild Remembered Sets 81.923ms
[2020-09-03T11:16:28.540+0000][23984][gc,start     ] GC(90) Pause Cleanup
[2020-09-03T11:16:28.540+0000][23984][gc           ] GC(90) Pause Cleanup 300M->300M(1024M) 0.257ms
[2020-09-03T11:16:28.540+0000][23984][gc,cpu       ] GC(90) User=0.00s Sys=0.00s Real=0.00s
[2020-09-03T11:16:28.540+0000][23984][safepoint    ] Safepoint "G1Concurrent", Time since last: 82099500 ns, Reaching safepoint: 126900 ns, At safepoint: 386200 ns, Total: 513100 ns
[2020-09-03T11:16:28.540+0000][23984][gc,marking   ] GC(90) Concurrent Cleanup for Next Mark
[2020-09-03T11:16:28.542+0000][23984][gc,marking   ] GC(90) Concurrent Cleanup for Next Mark 1.337ms
[2020-09-03T11:16:28.542+0000][23984][gc           ] GC(90) Concurrent Cycle 224.539ms
[2020-09-03T11:16:28.603+0000][23984][gc,start     ] GC(91) Pause Young (Concurrent Start) (G1 Humongous Allocation)
[2020-09-03T11:16:28.603+0000][23984][gc,task      ] GC(91) Using 8 workers of 8 for evacuation
[2020-09-03T11:16:28.603+0000][23984][gc,age       ] GC(91) Desired survivor size 33554432 bytes, new threshold 15 (max threshold 15)
[2020-09-03T11:16:28.606+0000][23984][gc,age       ] GC(91) Age table with threshold 15 (max threshold 15)
[2020-09-03T11:16:28.606+0000][23984][gc,age       ] GC(91) - age   1:    2193576 bytes,    2193576 total
[2020-09-03T11:16:28.606+0000][23984][gc,age       ] GC(91) - age   2:       3448 bytes,    2197024 total
[2020-09-03T11:16:28.606+0000][23984][gc,age       ] GC(91) - age   3:     197184 bytes,    2394208 total
[2020-09-03T11:16:28.606+0000][23984][gc,age       ] GC(91) - age   4:       1792 bytes,    2396000 total
[2020-09-03T11:16:28.606+0000][23984][gc,age       ] GC(91) - age   5:       1712 bytes,    2397712 total
[2020-09-03T11:16:28.606+0000][23984][gc,age       ] GC(91) - age   6:       2512 bytes,    2400224 total
[2020-09-03T11:16:28.606+0000][23984][gc,age       ] GC(91) - age   7:       1176 bytes,    2401400 total
[2020-09-03T11:16:28.606+0000][23984][gc,age       ] GC(91) - age   8:       2952 bytes,    2404352 total
[2020-09-03T11:16:28.606+0000][23984][gc,age       ] GC(91) - age   9:       1328 bytes,    2405680 total
[2020-09-03T11:16:28.606+0000][23984][gc,age       ] GC(91) - age  10:       1392 bytes,    2407072 total
[2020-09-03T11:16:28.606+0000][23984][gc,age       ] GC(91) - age  11:        984 bytes,    2408056 total
[2020-09-03T11:16:28.606+0000][23984][gc,age       ] GC(91) - age  12:        400 bytes,    2408456 total
[2020-09-03T11:16:28.606+0000][23984][gc,age       ] GC(91) - age  13:     115016 bytes,    2523472 total
[2020-09-03T11:16:28.606+0000][23984][gc,age       ] GC(91) - age  14:       1528 bytes,    2525000 total
[2020-09-03T11:16:28.606+0000][23984][gc,age       ] GC(91) - age  15:      18184 bytes,    2543184 total
[2020-09-03T11:16:28.606+0000][23984][gc,phases    ] GC(91)   Pre Evacuate Collection Set: 0.4ms
[2020-09-03T11:16:28.606+0000][23984][gc,phases    ] GC(91)   Merge Heap Roots: 0.1ms
[2020-09-03T11:16:28.606+0000][23984][gc,phases    ] GC(91)   Evacuate Collection Set: 1.8ms
[2020-09-03T11:16:28.606+0000][23984][gc,phases    ] GC(91)   Post Evacuate Collection Set: 0.6ms
[2020-09-03T11:16:28.606+0000][23984][gc,phases    ] GC(91)   Other: 0.9ms
[2020-09-03T11:16:28.606+0000][23984][gc,heap      ] GC(91) Eden regions: 21->0(508)
[2020-09-03T11:16:28.606+0000][23984][gc,heap      ] GC(91) Survivor regions: 4->3(64)
[2020-09-03T11:16:28.606+0000][23984][gc,heap      ] GC(91) Old regions: 75->75
[2020-09-03T11:16:28.606+0000][23984][gc,heap      ] GC(91) Archive regions: 0->0
[2020-09-03T11:16:28.606+0000][23984][gc,heap      ] GC(91) Humongous regions: 232->174
[2020-09-03T11:16:28.606+0000][23984][gc,metaspace ] GC(91) Metaspace: 83406K(89984K)->83406K(89984K) NonClass: 72443K(76288K)->72443K(76288K) Class: 10963K(13696K)->10963K(13696K)
[2020-09-03T11:16:28.606+0000][23984][gc           ] GC(91) Pause Young (Concurrent Start) (G1 Humongous Allocation) 330M->251M(1024M) 4.095ms
[2020-09-03T11:16:28.606+0000][23984][gc,cpu       ] GC(91) User=0.00s Sys=0.00s Real=0.00s
[2020-09-03T11:16:28.606+0000][23984][gc           ] GC(92) Concurrent Cycle
[2020-09-03T11:16:28.606+0000][23984][safepoint    ] Safepoint "G1TryInitiateConcMark", Time since last: 61891100 ns, Reaching safepoint: 166500 ns, At safepoint: 4261800 ns, Total: 4428300 ns
[2020-09-03T11:16:28.606+0000][23984][gc,marking   ] GC(92) Concurrent Clear Claimed Marks
[2020-09-03T11:16:28.607+0000][23984][gc,marking   ] GC(92) Concurrent Clear Claimed Marks 0.462ms
[2020-09-03T11:16:28.607+0000][23984][gc,marking   ] GC(92) Concurrent Scan Root Regions
[2020-09-03T11:16:28.610+0000][23984][gc,marking   ] GC(92) Concurrent Scan Root Regions 2.497ms
[2020-09-03T11:16:28.610+0000][23984][gc,marking   ] GC(92) Concurrent Mark (137.612s)
[2020-09-03T11:16:28.610+0000][23984][gc,marking   ] GC(92) Concurrent Mark From Roots
[2020-09-03T11:16:28.610+0000][23984][gc,task      ] GC(92) Using 2 workers of 2 for marking
[2020-09-03T11:16:28.739+0000][23984][gc,marking   ] GC(92) Concurrent Mark From Roots 129.720ms
[2020-09-03T11:16:28.739+0000][23984][gc,marking   ] GC(92) Concurrent Preclean
[2020-09-03T11:16:28.740+0000][23984][gc,marking   ] GC(92) Concurrent Preclean 0.488ms
[2020-09-03T11:16:28.740+0000][23984][gc,marking   ] GC(92) Concurrent Mark (137.612s, 137.742s) 130.364ms
[2020-09-03T11:16:28.740+0000][23984][gc,start     ] GC(92) Pause Remark
[2020-09-03T11:16:28.744+0000][23984][gc           ] GC(92) Pause Remark 289M->289M(1024M) 4.177ms
[2020-09-03T11:16:28.744+0000][23984][gc,cpu       ] GC(92) User=0.00s Sys=0.00s Real=0.00s
[2020-09-03T11:16:28.744+0000][23984][safepoint    ] Safepoint "G1Concurrent", Time since last: 133570300 ns, Reaching safepoint: 182500 ns, At safepoint: 4324900 ns, Total: 4507400 ns
[2020-09-03T11:16:28.745+0000][23984][gc,marking   ] GC(92) Concurrent Rebuild Remembered Sets
[2020-09-03T11:16:28.820+0000][23984][gc,marking   ] GC(92) Concurrent Rebuild Remembered Sets 75.349ms
[2020-09-03T11:16:28.820+0000][23984][gc,start     ] GC(92) Pause Cleanup
[2020-09-03T11:16:28.820+0000][23984][gc           ] GC(92) Pause Cleanup 354M->354M(1024M) 0.243ms
[2020-09-03T11:16:28.820+0000][23984][gc,cpu       ] GC(92) User=0.00s Sys=0.00s Real=0.00s
[2020-09-03T11:16:28.820+0000][23984][safepoint    ] Safepoint "G1Concurrent", Time since last: 75492500 ns, Reaching safepoint: 164200 ns, At safepoint: 358400 ns, Total: 522600 ns
[2020-09-03T11:16:28.821+0000][23984][gc,marking   ] GC(92) Concurrent Cleanup for Next Mark
[2020-09-03T11:16:28.823+0000][23984][gc,marking   ] GC(92) Concurrent Cleanup for Next Mark 1.108ms
[2020-09-03T11:16:28.823+0000][23984][gc           ] GC(92) Concurrent Cycle 215.416ms
[2020-09-03T11:16:28.896+0000][23984][gc,start     ] GC(93) Pause Young (Concurrent Start) (G1 Humongous Allocation)
[2020-09-03T11:16:28.896+0000][23984][gc,task      ] GC(93) Using 8 workers of 8 for evacuation
[2020-09-03T11:16:28.896+0000][23984][gc,age       ] GC(93) Desired survivor size 33554432 bytes, new threshold 15 (max threshold 15)
[2020-09-03T11:16:28.900+0000][23984][gc,age       ] GC(93) Age table with threshold 15 (max threshold 15)
[2020-09-03T11:16:28.900+0000][23984][gc,age       ] GC(93) - age   1:    2740248 bytes,    2740248 total
[2020-09-03T11:16:28.900+0000][23984][gc,age       ] GC(93) - age   2:     198072 bytes,    2938320 total
[2020-09-03T11:16:28.900+0000][23984][gc,age       ] GC(93) - age   3:       2440 bytes,    2940760 total
[2020-09-03T11:16:28.900+0000][23984][gc,age       ] GC(93) - age   4:     195448 bytes,    3136208 total
[2020-09-03T11:16:28.900+0000][23984][gc,age       ] GC(93) - age   5:       1792 bytes,    3138000 total
[2020-09-03T11:16:28.900+0000][23984][gc,age       ] GC(93) - age   6:       1360 bytes,    3139360 total
[2020-09-03T11:16:28.900+0000][23984][gc,age       ] GC(93) - age   7:       2480 bytes,    3141840 total
[2020-09-03T11:16:28.900+0000][23984][gc,age       ] GC(93) - age   8:       1176 bytes,    3143016 total
[2020-09-03T11:16:28.900+0000][23984][gc,age       ] GC(93) - age   9:       2952 bytes,    3145968 total
[2020-09-03T11:16:28.900+0000][23984][gc,age       ] GC(93) - age  10:       1168 bytes,    3147136 total
[2020-09-03T11:16:28.900+0000][23984][gc,age       ] GC(93) - age  11:       1360 bytes,    3148496 total
[2020-09-03T11:16:28.900+0000][23984][gc,age       ] GC(93) - age  12:        984 bytes,    3149480 total
[2020-09-03T11:16:28.900+0000][23984][gc,age       ] GC(93) - age  13:        400 bytes,    3149880 total
[2020-09-03T11:16:28.900+0000][23984][gc,age       ] GC(93) - age  14:     115016 bytes,    3264896 total
[2020-09-03T11:16:28.900+0000][23984][gc,age       ] GC(93) - age  15:       1528 bytes,    3266424 total
[2020-09-03T11:16:28.900+0000][23984][gc,phases    ] GC(93)   Pre Evacuate Collection Set: 0.5ms
[2020-09-03T11:16:28.900+0000][23984][gc,phases    ] GC(93)   Merge Heap Roots: 0.1ms
[2020-09-03T11:16:28.900+0000][23984][gc,phases    ] GC(93)   Evacuate Collection Set: 2.0ms
[2020-09-03T11:16:28.900+0000][23984][gc,phases    ] GC(93)   Post Evacuate Collection Set: 0.8ms
[2020-09-03T11:16:28.900+0000][23984][gc,phases    ] GC(93)   Other: 0.7ms
[2020-09-03T11:16:28.900+0000][23984][gc,heap      ] GC(93) Eden regions: 36->0(507)
[2020-09-03T11:16:28.900+0000][23984][gc,heap      ] GC(93) Survivor regions: 3->4(64)
[2020-09-03T11:16:28.900+0000][23984][gc,heap      ] GC(93) Old regions: 75->75
[2020-09-03T11:16:28.900+0000][23984][gc,heap      ] GC(93) Archive regions: 0->0
[2020-09-03T11:16:28.900+0000][23984][gc,heap      ] GC(93) Humongous regions: 250->174
[2020-09-03T11:16:28.900+0000][23984][gc,metaspace ] GC(93) Metaspace: 83422K(90240K)->83422K(90240K) NonClass: 72459K(76544K)->72459K(76544K) Class: 10963K(13696K)->10963K(13696K)
[2020-09-03T11:16:28.900+0000][23984][gc           ] GC(93) Pause Young (Concurrent Start) (G1 Humongous Allocation) 363M->252M(1024M) 4.293ms
[2020-09-03T11:16:28.900+0000][23984][gc,cpu       ] GC(93) User=0.00s Sys=0.00s Real=0.00s
[2020-09-03T11:16:28.901+0000][23984][gc           ] GC(94) Concurrent Cycle
[2020-09-03T11:16:28.901+0000][23984][safepoint    ] Safepoint "G1TryInitiateConcMark", Time since last: 75448100 ns, Reaching safepoint: 159400 ns, At safepoint: 4467700 ns, Total: 4627100 ns
[2020-09-03T11:16:28.901+0000][23984][gc,marking   ] GC(94) Concurrent Clear Claimed Marks
[2020-09-03T11:16:28.901+0000][23984][gc,marking   ] GC(94) Concurrent Clear Claimed Marks 0.396ms
[2020-09-03T11:16:28.901+0000][23984][gc,marking   ] GC(94) Concurrent Scan Root Regions
[2020-09-03T11:16:28.903+0000][23984][gc,marking   ] GC(94) Concurrent Scan Root Regions 1.532ms
[2020-09-03T11:16:28.903+0000][23984][gc,marking   ] GC(94) Concurrent Mark (137.905s)
[2020-09-03T11:16:28.903+0000][23984][gc,marking   ] GC(94) Concurrent Mark From Roots
[2020-09-03T11:16:28.903+0000][23984][gc,task      ] GC(94) Using 2 workers of 2 for marking
[2020-09-03T11:16:28.996+0000][23984][gc,marking   ] GC(94) Concurrent Mark From Roots 93.631ms
[2020-09-03T11:16:28.996+0000][23984][gc,marking   ] GC(94) Concurrent Preclean
[2020-09-03T11:16:28.997+0000][23984][gc,marking   ] GC(94) Concurrent Preclean 0.420ms
[2020-09-03T11:16:28.997+0000][23984][gc,marking   ] GC(94) Concurrent Mark (137.905s, 137.999s) 94.188ms
[2020-09-03T11:16:28.997+0000][23984][gc,start     ] GC(94) Pause Remark
[2020-09-03T11:16:29.006+0000][23984][gc           ] GC(94) Pause Remark 309M->309M(1024M) 8.511ms
[2020-09-03T11:16:29.006+0000][23984][gc,cpu       ] GC(94) User=0.11s Sys=0.00s Real=0.01s
[2020-09-03T11:16:29.006+0000][23984][safepoint    ] Safepoint "G1Concurrent", Time since last: 96325400 ns, Reaching safepoint: 136100 ns, At safepoint: 8729100 ns, Total: 8865200 ns
[2020-09-03T11:16:29.006+0000][23984][gc,marking   ] GC(94) Concurrent Rebuild Remembered Sets
[2020-09-03T11:16:29.039+0000][23984][safepoint    ] Safepoint "ICBufferFull", Time since last: 31711000 ns, Reaching safepoint: 811000 ns, At safepoint: 18400 ns, Total: 829400 ns
[2020-09-03T11:16:29.076+0000][23984][gc,marking   ] GC(94) Concurrent Rebuild Remembered Sets 69.790ms
[2020-09-03T11:16:29.076+0000][23984][gc,start     ] GC(94) Pause Cleanup
[2020-09-03T11:16:29.076+0000][23984][gc           ] GC(94) Pause Cleanup 379M->379M(1024M) 0.234ms
[2020-09-03T11:16:29.076+0000][23984][gc,cpu       ] GC(94) User=0.00s Sys=0.00s Real=0.00s
[2020-09-03T11:16:29.076+0000][23984][safepoint    ] Safepoint "G1Concurrent", Time since last: 37453700 ns, Reaching safepoint: 279200 ns, At safepoint: 361600 ns, Total: 640800 ns
[2020-09-03T11:16:29.076+0000][23984][gc,marking   ] GC(94) Concurrent Cleanup for Next Mark
[2020-09-03T11:16:29.079+0000][23984][gc,marking   ] GC(94) Concurrent Cleanup for Next Mark 1.189ms
[2020-09-03T11:16:29.079+0000][23984][gc           ] GC(94) Concurrent Cycle 177.227ms
[2020-09-03T11:16:29.172+0000][23984][gc,start     ] GC(95) Pause Young (Concurrent Start) (G1 Humongous Allocation)
[2020-09-03T11:16:29.172+0000][23984][gc,task      ] GC(95) Using 8 workers of 8 for evacuation
[2020-09-03T11:16:29.172+0000][23984][gc,age       ] GC(95) Desired survivor size 33554432 bytes, new threshold 15 (max threshold 15)
[2020-09-03T11:16:29.175+0000][23984][gc,age       ] GC(95) Age table with threshold 15 (max threshold 15)
[2020-09-03T11:16:29.175+0000][23984][gc,age       ] GC(95) - age   1:    2755848 bytes,    2755848 total
[2020-09-03T11:16:29.176+0000][23984][gc,age       ] GC(95) - age   2:     204960 bytes,    2960808 total
[2020-09-03T11:16:29.176+0000][23984][gc,age       ] GC(95) - age   3:     198040 bytes,    3158848 total
[2020-09-03T11:16:29.176+0000][23984][gc,age       ] GC(95) - age   4:       2288 bytes,    3161136 total
[2020-09-03T11:16:29.176+0000][23984][gc,age       ] GC(95) - age   5:     192384 bytes,    3353520 total
[2020-09-03T11:16:29.176+0000][23984][gc,age       ] GC(95) - age   6:       1504 bytes,    3355024 total
[2020-09-03T11:16:29.176+0000][23984][gc,age       ] GC(95) - age   7:       1328 bytes,    3356352 total
[2020-09-03T11:16:29.176+0000][23984][gc,age       ] GC(95) - age   8:       2480 bytes,    3358832 total
[2020-09-03T11:16:29.176+0000][23984][gc,age       ] GC(95) - age   9:       1112 bytes,    3359944 total
[2020-09-03T11:16:29.176+0000][23984][gc,age       ] GC(95) - age  10:       2792 bytes,    3362736 total
[2020-09-03T11:16:29.176+0000][23984][gc,age       ] GC(95) - age  11:       1136 bytes,    3363872 total
[2020-09-03T11:16:29.176+0000][23984][gc,age       ] GC(95) - age  12:       1360 bytes,    3365232 total
[2020-09-03T11:16:29.176+0000][23984][gc,age       ] GC(95) - age  13:        888 bytes,    3366120 total
[2020-09-03T11:16:29.176+0000][23984][gc,age       ] GC(95) - age  14:        400 bytes,    3366520 total
[2020-09-03T11:16:29.176+0000][23984][gc,age       ] GC(95) - age  15:     114920 bytes,    3481440 total
[2020-09-03T11:16:29.176+0000][23984][gc,phases    ] GC(95)   Pre Evacuate Collection Set: 0.5ms
[2020-09-03T11:16:29.176+0000][23984][gc,phases    ] GC(95)   Merge Heap Roots: 0.1ms
[2020-09-03T11:16:29.176+0000][23984][gc,phases    ] GC(95)   Evacuate Collection Set: 1.9ms
[2020-09-03T11:16:29.176+0000][23984][gc,phases    ] GC(95)   Post Evacuate Collection Set: 0.7ms
[2020-09-03T11:16:29.176+0000][23984][gc,phases    ] GC(95)   Other: 0.8ms
[2020-09-03T11:16:29.176+0000][23984][gc,heap      ] GC(95) Eden regions: 41->0(507)
[2020-09-03T11:16:29.176+0000][23984][gc,heap      ] GC(95) Survivor regions: 4->4(64)
[2020-09-03T11:16:29.176+0000][23984][gc,heap      ] GC(95) Old regions: 75->75
[2020-09-03T11:16:29.176+0000][23984][gc,heap      ] GC(95) Archive regions: 0->0
[2020-09-03T11:16:29.176+0000][23984][gc,heap      ] GC(95) Humongous regions: 270->174
[2020-09-03T11:16:29.176+0000][23984][gc,metaspace ] GC(95) Metaspace: 83395K(90240K)->83395K(90240K) NonClass: 72447K(76544K)->72447K(76544K) Class: 10948K(13696K)->10948K(13696K)
[2020-09-03T11:16:29.176+0000][23984][gc           ] GC(95) Pause Young (Concurrent Start) (G1 Humongous Allocation) 388M->252M(1024M) 4.310ms
[2020-09-03T11:16:29.176+0000][23984][gc,cpu       ] GC(95) User=0.00s Sys=0.00s Real=0.00s
[2020-09-03T11:16:29.176+0000][23984][gc           ] GC(96) Concurrent Cycle
[2020-09-03T11:16:29.176+0000][23984][safepoint    ] Safepoint "G1TryInitiateConcMark", Time since last: 95280500 ns, Reaching safepoint: 174200 ns, At safepoint: 4476100 ns, Total: 4650300 ns
[2020-09-03T11:16:29.176+0000][23984][gc,marking   ] GC(96) Concurrent Clear Claimed Marks
[2020-09-03T11:16:29.177+0000][23984][gc,marking   ] GC(96) Concurrent Clear Claimed Marks 0.476ms
[2020-09-03T11:16:29.177+0000][23984][gc,marking   ] GC(96) Concurrent Scan Root Regions
[2020-09-03T11:16:29.180+0000][23984][gc,marking   ] GC(96) Concurrent Scan Root Regions 2.137ms
[2020-09-03T11:16:29.180+0000][23984][gc,marking   ] GC(96) Concurrent Mark (138.181s)
[2020-09-03T11:16:29.180+0000][23984][gc,marking   ] GC(96) Concurrent Mark From Roots
[2020-09-03T11:16:29.180+0000][23984][gc,task      ] GC(96) Using 2 workers of 2 for marking
[2020-09-03T11:16:29.284+0000][23984][gc,marking   ] GC(96) Concurrent Mark From Roots 104.255ms
[2020-09-03T11:16:29.284+0000][23984][gc,marking   ] GC(96) Concurrent Preclean
[2020-09-03T11:16:29.285+0000][23984][gc,marking   ] GC(96) Concurrent Preclean 0.381ms
[2020-09-03T11:16:29.285+0000][23984][gc,marking   ] GC(96) Concurrent Mark (138.181s, 138.286s) 104.754ms
[2020-09-03T11:16:29.285+0000][23984][gc,start     ] GC(96) Pause Remark
[2020-09-03T11:16:29.288+0000][23984][gc           ] GC(96) Pause Remark 309M->309M(1024M) 3.542ms
[2020-09-03T11:16:29.288+0000][23984][gc,cpu       ] GC(96) User=0.00s Sys=0.00s Real=0.00s
[2020-09-03T11:16:29.288+0000][23984][safepoint    ] Safepoint "G1Concurrent", Time since last: 107643100 ns, Reaching safepoint: 109300 ns, At safepoint: 3737100 ns, Total: 3846400 ns
[2020-09-03T11:16:29.288+0000][23984][gc,marking   ] GC(96) Concurrent Rebuild Remembered Sets
[2020-09-03T11:16:29.352+0000][23984][gc,marking   ] GC(96) Concurrent Rebuild Remembered Sets 63.992ms
[2020-09-03T11:16:29.352+0000][23984][gc,start     ] GC(96) Pause Cleanup
[2020-09-03T11:16:29.352+0000][23984][gc           ] GC(96) Pause Cleanup 375M->375M(1024M) 0.227ms
[2020-09-03T11:16:29.352+0000][23984][gc,cpu       ] GC(96) User=0.00s Sys=0.00s Real=0.00s
[2020-09-03T11:16:29.352+0000][23984][safepoint    ] Safepoint "G1Concurrent", Time since last: 64130200 ns, Reaching safepoint: 137600 ns, At safepoint: 332100 ns, Total: 469700 ns
[2020-09-03T11:16:29.352+0000][23984][gc,marking   ] GC(96) Concurrent Cleanup for Next Mark
[2020-09-03T11:16:29.355+0000][23984][gc,marking   ] GC(96) Concurrent Cleanup for Next Mark 1.160ms
[2020-09-03T11:16:29.355+0000][23984][gc           ] GC(96) Concurrent Cycle 177.454ms
[2020-09-03T11:16:29.453+0000][23984][gc,start     ] GC(97) Pause Young (Concurrent Start) (G1 Humongous Allocation)
[2020-09-03T11:16:29.453+0000][23984][gc,task      ] GC(97) Using 8 workers of 8 for evacuation
[2020-09-03T11:16:29.453+0000][23984][gc,age       ] GC(97) Desired survivor size 33554432 bytes, new threshold 15 (max threshold 15)
[2020-09-03T11:16:29.458+0000][23984][gc,age       ] GC(97) Age table with threshold 15 (max threshold 15)
[2020-09-03T11:16:29.458+0000][23984][gc,age       ] GC(97) - age   1:    2740672 bytes,    2740672 total
[2020-09-03T11:16:29.458+0000][23984][gc,age       ] GC(97) - age   2:     203032 bytes,    2943704 total
[2020-09-03T11:16:29.459+0000][23984][gc,age       ] GC(97) - age   3:     200752 bytes,    3144456 total
[2020-09-03T11:16:29.459+0000][23984][gc,age       ] GC(97) - age   4:     197896 bytes,    3342352 total
[2020-09-03T11:16:29.459+0000][23984][gc,age       ] GC(97) - age   5:       1656 bytes,    3344008 total
[2020-09-03T11:16:29.459+0000][23984][gc,age       ] GC(97) - age   6:     191752 bytes,    3535760 total
[2020-09-03T11:16:29.459+0000][23984][gc,age       ] GC(97) - age   7:       1112 bytes,    3536872 total
[2020-09-03T11:16:29.459+0000][23984][gc,age       ] GC(97) - age   8:       1328 bytes,    3538200 total
[2020-09-03T11:16:29.459+0000][23984][gc,age       ] GC(97) - age   9:       2480 bytes,    3540680 total
[2020-09-03T11:16:29.459+0000][23984][gc,age       ] GC(97) - age  10:       1080 bytes,    3541760 total
[2020-09-03T11:16:29.459+0000][23984][gc,age       ] GC(97) - age  11:       2760 bytes,    3544520 total
[2020-09-03T11:16:29.459+0000][23984][gc,age       ] GC(97) - age  12:       1136 bytes,    3545656 total
[2020-09-03T11:16:29.459+0000][23984][gc,age       ] GC(97) - age  13:       1360 bytes,    3547016 total
[2020-09-03T11:16:29.459+0000][23984][gc,age       ] GC(97) - age  14:        824 bytes,    3547840 total
[2020-09-03T11:16:29.459+0000][23984][gc,age       ] GC(97) - age  15:        400 bytes,    3548240 total
[2020-09-03T11:16:29.459+0000][23984][gc,phases    ] GC(97)   Pre Evacuate Collection Set: 0.6ms
[2020-09-03T11:16:29.459+0000][23984][gc,phases    ] GC(97)   Merge Heap Roots: 0.2ms
[2020-09-03T11:16:29.459+0000][23984][gc,phases    ] GC(97)   Evacuate Collection Set: 3.4ms
[2020-09-03T11:16:29.459+0000][23984][gc,phases    ] GC(97)   Post Evacuate Collection Set: 1.1ms
[2020-09-03T11:16:29.459+0000][23984][gc,phases    ] GC(97)   Other: 1.2ms
[2020-09-03T11:16:29.459+0000][23984][gc,heap      ] GC(97) Eden regions: 37->0(507)
[2020-09-03T11:16:29.459+0000][23984][gc,heap      ] GC(97) Survivor regions: 4->4(64)
[2020-09-03T11:16:29.459+0000][23984][gc,heap      ] GC(97) Old regions: 75->75
[2020-09-03T11:16:29.459+0000][23984][gc,heap      ] GC(97) Archive regions: 0->0
[2020-09-03T11:16:29.459+0000][23984][gc,heap      ] GC(97) Humongous regions: 270->174
[2020-09-03T11:16:29.459+0000][23984][gc,metaspace ] GC(97) Metaspace: 83410K(90240K)->83410K(90240K) NonClass: 72462K(76544K)->72462K(76544K) Class: 10948K(13696K)->10948K(13696K)
[2020-09-03T11:16:29.459+0000][23984][gc           ] GC(97) Pause Young (Concurrent Start) (G1 Humongous Allocation) 385M->252M(1024M) 6.805ms
[2020-09-03T11:16:29.459+0000][23984][gc,cpu       ] GC(97) User=0.00s Sys=0.00s Real=0.01s
[2020-09-03T11:16:29.460+0000][23984][gc           ] GC(98) Concurrent Cycle
[2020-09-03T11:16:29.459+0000][23984][safepoint    ] Safepoint "G1TryInitiateConcMark", Time since last: 99778800 ns, Reaching safepoint: 246700 ns, At safepoint: 7046100 ns, Total: 7292800 ns
[2020-09-03T11:16:29.460+0000][23984][gc,marking   ] GC(98) Concurrent Clear Claimed Marks
[2020-09-03T11:16:29.460+0000][23984][gc,marking   ] GC(98) Concurrent Clear Claimed Marks 0.485ms
[2020-09-03T11:16:29.460+0000][23984][gc,marking   ] GC(98) Concurrent Scan Root Regions
[2020-09-03T11:16:29.463+0000][23984][gc,marking   ] GC(98) Concurrent Scan Root Regions 2.756ms
[2020-09-03T11:16:29.463+0000][23984][gc,marking   ] GC(98) Concurrent Mark (138.465s)
[2020-09-03T11:16:29.463+0000][23984][gc,marking   ] GC(98) Concurrent Mark From Roots
[2020-09-03T11:16:29.463+0000][23984][gc,task      ] GC(98) Using 2 workers of 2 for marking
[2020-09-03T11:16:29.554+0000][23984][gc,marking   ] GC(98) Concurrent Mark From Roots 90.527ms
[2020-09-03T11:16:29.554+0000][23984][gc,marking   ] GC(98) Concurrent Preclean
[2020-09-03T11:16:29.554+0000][23984][gc,marking   ] GC(98) Concurrent Preclean 0.295ms
[2020-09-03T11:16:29.554+0000][23984][gc,marking   ] GC(98) Concurrent Mark (138.465s, 138.556s) 90.941ms
[2020-09-03T11:16:29.554+0000][23984][gc,start     ] GC(98) Pause Remark
[2020-09-03T11:16:29.558+0000][23984][gc           ] GC(98) Pause Remark 312M->312M(1024M) 3.803ms
[2020-09-03T11:16:29.558+0000][23984][gc,cpu       ] GC(98) User=0.00s Sys=0.00s Real=0.00s
[2020-09-03T11:16:29.558+0000][23984][safepoint    ] Safepoint "G1Concurrent", Time since last: 94499800 ns, Reaching safepoint: 114300 ns, At safepoint: 3963400 ns, Total: 4077700 ns
[2020-09-03T11:16:29.558+0000][23984][gc,marking   ] GC(98) Concurrent Rebuild Remembered Sets
[2020-09-03T11:16:29.613+0000][23984][gc,marking   ] GC(98) Concurrent Rebuild Remembered Sets 54.643ms
[2020-09-03T11:16:29.613+0000][23984][gc,start     ] GC(98) Pause Cleanup
[2020-09-03T11:16:29.613+0000][23984][gc           ] GC(98) Pause Cleanup 376M->376M(1024M) 0.268ms
[2020-09-03T11:16:29.613+0000][23984][gc,cpu       ] GC(98) User=0.00s Sys=0.00s Real=0.00s
[2020-09-03T11:16:29.613+0000][23984][safepoint    ] Safepoint "G1Concurrent", Time since last: 54807200 ns, Reaching safepoint: 151500 ns, At safepoint: 415900 ns, Total: 567400 ns
[2020-09-03T11:16:29.613+0000][23984][gc,marking   ] GC(98) Concurrent Cleanup for Next Mark
[2020-09-03T11:16:29.615+0000][23984][gc,marking   ] GC(98) Concurrent Cleanup for Next Mark 1.594ms
[2020-09-03T11:16:29.615+0000][23984][gc           ] GC(98) Concurrent Cycle 155.656ms
[2020-09-03T11:16:29.696+0000][23984][gc,start     ] GC(99) Pause Young (Concurrent Start) (G1 Humongous Allocation)
[2020-09-03T11:16:29.696+0000][23984][gc,task      ] GC(99) Using 8 workers of 8 for evacuation
[2020-09-03T11:16:29.696+0000][23984][gc,age       ] GC(99) Desired survivor size 33554432 bytes, new threshold 15 (max threshold 15)
[2020-09-03T11:16:29.700+0000][23984][gc,age       ] GC(99) Age table with threshold 15 (max threshold 15)
[2020-09-03T11:16:29.700+0000][23984][gc,age       ] GC(99) - age   1:    2740584 bytes,    2740584 total
[2020-09-03T11:16:29.700+0000][23984][gc,age       ] GC(99) - age   2:     205728 bytes,    2946312 total
[2020-09-03T11:16:29.700+0000][23984][gc,age       ] GC(99) - age   3:     203000 bytes,    3149312 total
[2020-09-03T11:16:29.700+0000][23984][gc,age       ] GC(99) - age   4:     199808 bytes,    3349120 total
[2020-09-03T11:16:29.700+0000][23984][gc,age       ] GC(99) - age   5:     197512 bytes,    3546632 total
[2020-09-03T11:16:29.700+0000][23984][gc,age       ] GC(99) - age   6:       1528 bytes,    3548160 total
[2020-09-03T11:16:29.700+0000][23984][gc,age       ] GC(99) - age   7:     189288 bytes,    3737448 total
[2020-09-03T11:16:29.700+0000][23984][gc,age       ] GC(99) - age   8:        992 bytes,    3738440 total
[2020-09-03T11:16:29.700+0000][23984][gc,age       ] GC(99) - age   9:        968 bytes,    3739408 total
[2020-09-03T11:16:29.700+0000][23984][gc,age       ] GC(99) - age  10:       2448 bytes,    3741856 total
[2020-09-03T11:16:29.700+0000][23984][gc,age       ] GC(99) - age  11:       1048 bytes,    3742904 total
[2020-09-03T11:16:29.700+0000][23984][gc,age       ] GC(99) - age  12:       2760 bytes,    3745664 total
[2020-09-03T11:16:29.700+0000][23984][gc,age       ] GC(99) - age  13:       1104 bytes,    3746768 total
[2020-09-03T11:16:29.700+0000][23984][gc,age       ] GC(99) - age  14:       1168 bytes,    3747936 total
[2020-09-03T11:16:29.700+0000][23984][gc,age       ] GC(99) - age  15:        824 bytes,    3748760 total
[2020-09-03T11:16:29.700+0000][23984][gc,phases    ] GC(99)   Pre Evacuate Collection Set: 0.4ms
[2020-09-03T11:16:29.700+0000][23984][gc,phases    ] GC(99)   Merge Heap Roots: 0.1ms
[2020-09-03T11:16:29.700+0000][23984][gc,phases    ] GC(99)   Evacuate Collection Set: 2.5ms
[2020-09-03T11:16:29.700+0000][23984][gc,phases    ] GC(99)   Post Evacuate Collection Set: 0.8ms
[2020-09-03T11:16:29.700+0000][23984][gc,phases    ] GC(99)   Other: 0.8ms
[2020-09-03T11:16:29.700+0000][23984][gc,heap      ] GC(99) Eden regions: 38->0(507)
[2020-09-03T11:16:29.700+0000][23984][gc,heap      ] GC(99) Survivor regions: 4->4(64)
[2020-09-03T11:16:29.700+0000][23984][gc,heap      ] GC(99) Old regions: 75->75
[2020-09-03T11:16:29.700+0000][23984][gc,heap      ] GC(99) Archive regions: 0->0
[2020-09-03T11:16:29.700+0000][23984][gc,heap      ] GC(99) Humongous regions: 270->174
[2020-09-03T11:16:29.700+0000][23984][gc,metaspace ] GC(99) Metaspace: 83441K(90240K)->83441K(90240K) NonClass: 72493K(76544K)->72493K(76544K) Class: 10948K(13696K)->10948K(13696K)
[2020-09-03T11:16:29.700+0000][23984][gc           ] GC(99) Pause Young (Concurrent Start) (G1 Humongous Allocation) 385M->252M(1024M) 4.948ms
[2020-09-03T11:16:29.701+0000][23984][gc,cpu       ] GC(99) User=0.02s Sys=0.02s Real=0.00s
[2020-09-03T11:16:29.701+0000][23984][safepoint    ] Safepoint "G1TryInitiateConcMark", Time since last: 81895800 ns, Reaching safepoint: 153000 ns, At safepoint: 5126900 ns, Total: 5279900 ns
[2020-09-03T11:16:29.701+0000][23984][gc           ] GC(100) Concurrent Cycle
[2020-09-03T11:16:29.701+0000][23984][gc,marking   ] GC(100) Concurrent Clear Claimed Marks
[2020-09-03T11:16:29.701+0000][23984][gc,marking   ] GC(100) Concurrent Clear Claimed Marks 0.315ms
[2020-09-03T11:16:29.701+0000][23984][gc,marking   ] GC(100) Concurrent Scan Root Regions
[2020-09-03T11:16:29.704+0000][23984][gc,marking   ] GC(100) Concurrent Scan Root Regions 2.462ms
[2020-09-03T11:16:29.704+0000][23984][gc,marking   ] GC(100) Concurrent Mark (138.706s)
[2020-09-03T11:16:29.704+0000][23984][gc,marking   ] GC(100) Concurrent Mark From Roots
[2020-09-03T11:16:29.704+0000][23984][gc,task      ] GC(100) Using 2 workers of 2 for marking
[2020-09-03T11:16:29.815+0000][23984][gc,marking   ] GC(100) Concurrent Mark From Roots 111.086ms
[2020-09-03T11:16:29.815+0000][23984][gc,marking   ] GC(100) Concurrent Preclean
[2020-09-03T11:16:29.815+0000][23984][gc,marking   ] GC(100) Concurrent Preclean 0.449ms
[2020-09-03T11:16:29.815+0000][23984][gc,marking   ] GC(100) Concurrent Mark (138.706s, 138.817s) 111.649ms
[2020-09-03T11:16:29.816+0000][23984][gc,start     ] GC(100) Pause Remark
[2020-09-03T11:16:29.819+0000][23984][gc           ] GC(100) Pause Remark 310M->310M(1024M) 3.878ms
[2020-09-03T11:16:29.820+0000][23984][gc,cpu       ] GC(100) User=0.00s Sys=0.00s Real=0.00s
[2020-09-03T11:16:29.820+0000][23984][safepoint    ] Safepoint "G1Concurrent", Time since last: 114741700 ns, Reaching safepoint: 136000 ns, At safepoint: 4086700 ns, Total: 4222700 ns
[2020-09-03T11:16:29.820+0000][23984][gc,marking   ] GC(100) Concurrent Rebuild Remembered Sets
[2020-09-03T11:16:29.899+0000][23984][gc,marking   ] GC(100) Concurrent Rebuild Remembered Sets 79.296ms
[2020-09-03T11:16:29.899+0000][23984][gc,start     ] GC(100) Pause Cleanup
[2020-09-03T11:16:29.899+0000][23984][gc           ] GC(100) Pause Cleanup 375M->375M(1024M) 0.237ms
[2020-09-03T11:16:29.900+0000][23984][gc,cpu       ] GC(100) User=0.00s Sys=0.00s Real=0.00s
[2020-09-03T11:16:29.900+0000][23984][safepoint    ] Safepoint "G1Concurrent", Time since last: 79463500 ns, Reaching safepoint: 162600 ns, At safepoint: 362900 ns, Total: 525500 ns
[2020-09-03T11:16:29.900+0000][23984][gc,marking   ] GC(100) Concurrent Cleanup for Next Mark
[2020-09-03T11:16:29.902+0000][23984][gc,marking   ] GC(100) Concurrent Cleanup for Next Mark 1.113ms
[2020-09-03T11:16:29.902+0000][23984][gc           ] GC(100) Concurrent Cycle 200.197ms
[2020-09-03T11:16:29.990+0000][23984][gc,start     ] GC(101) Pause Young (Concurrent Start) (G1 Humongous Allocation)
[2020-09-03T11:16:29.990+0000][23984][gc,task      ] GC(101) Using 8 workers of 8 for evacuation
[2020-09-03T11:16:29.990+0000][23984][gc,age       ] GC(101) Desired survivor size 33554432 bytes, new threshold 15 (max threshold 15)
[2020-09-03T11:16:29.993+0000][23984][gc,age       ] GC(101) Age table with threshold 15 (max threshold 15)
[2020-09-03T11:16:29.994+0000][23984][gc,age       ] GC(101) - age   1:    2746776 bytes,    2746776 total
[2020-09-03T11:16:29.994+0000][23984][gc,age       ] GC(101) - age   2:     205192 bytes,    2951968 total
[2020-09-03T11:16:29.994+0000][23984][gc,age       ] GC(101) - age   3:     205664 bytes,    3157632 total
[2020-09-03T11:16:29.994+0000][23984][gc,age       ] GC(101) - age   4:     202848 bytes,    3360480 total
[2020-09-03T11:16:29.994+0000][23984][gc,age       ] GC(101) - age   5:     199296 bytes,    3559776 total
[2020-09-03T11:16:29.994+0000][23984][gc,age       ] GC(101) - age   6:     197480 bytes,    3757256 total
[2020-09-03T11:16:29.994+0000][23984][gc,age       ] GC(101) - age   7:       1528 bytes,    3758784 total
[2020-09-03T11:16:29.994+0000][23984][gc,age       ] GC(101) - age   8:     186872 bytes,    3945656 total
[2020-09-03T11:16:29.994+0000][23984][gc,age       ] GC(101) - age   9:        992 bytes,    3946648 total
[2020-09-03T11:16:29.994+0000][23984][gc,age       ] GC(101) - age  10:        808 bytes,    3947456 total
[2020-09-03T11:16:29.994+0000][23984][gc,age       ] GC(101) - age  11:       2416 bytes,    3949872 total
[2020-09-03T11:16:29.994+0000][23984][gc,age       ] GC(101) - age  12:       1048 bytes,    3950920 total
[2020-09-03T11:16:29.994+0000][23984][gc,age       ] GC(101) - age  13:       2760 bytes,    3953680 total
[2020-09-03T11:16:29.994+0000][23984][gc,age       ] GC(101) - age  14:        912 bytes,    3954592 total
[2020-09-03T11:16:29.994+0000][23984][gc,age       ] GC(101) - age  15:       1168 bytes,    3955760 total
[2020-09-03T11:16:29.994+0000][23984][gc,phases    ] GC(101)   Pre Evacuate Collection Set: 0.4ms
[2020-09-03T11:16:29.994+0000][23984][gc,phases    ] GC(101)   Merge Heap Roots: 0.1ms
[2020-09-03T11:16:29.994+0000][23984][gc,phases    ] GC(101)   Evacuate Collection Set: 1.9ms
[2020-09-03T11:16:29.994+0000][23984][gc,phases    ] GC(101)   Post Evacuate Collection Set: 0.8ms
[2020-09-03T11:16:29.994+0000][23984][gc,phases    ] GC(101)   Other: 0.7ms
[2020-09-03T11:16:29.994+0000][23984][gc,heap      ] GC(101) Eden regions: 36->0(507)
[2020-09-03T11:16:29.994+0000][23984][gc,heap      ] GC(101) Survivor regions: 4->4(64)
[2020-09-03T11:16:29.994+0000][23984][gc,heap      ] GC(101) Old regions: 75->75
[2020-09-03T11:16:29.994+0000][23984][gc,heap      ] GC(101) Archive regions: 0->0
[2020-09-03T11:16:29.994+0000][23984][gc,heap      ] GC(101) Humongous regions: 270->174
[2020-09-03T11:16:29.994+0000][23984][gc,metaspace ] GC(101) Metaspace: 83458K(90240K)->83458K(90240K) NonClass: 72509K(76544K)->72509K(76544K) Class: 10948K(13696K)->10948K(13696K)
[2020-09-03T11:16:29.994+0000][23984][gc           ] GC(101) Pause Young (Concurrent Start) (G1 Humongous Allocation) 384M->252M(1024M) 4.029ms
[2020-09-03T11:16:29.994+0000][23984][gc,cpu       ] GC(101) User=0.00s Sys=0.00s Real=0.00s
[2020-09-03T11:16:29.994+0000][23984][safepoint    ] Safepoint "G1TryInitiateConcMark", Time since last: 90368100 ns, Reaching safepoint: 147900 ns, At safepoint: 4167100 ns, Total: 4315000 ns
[2020-09-03T11:16:29.994+0000][23984][gc           ] GC(102) Concurrent Cycle
[2020-09-03T11:16:29.994+0000][23984][gc,marking   ] GC(102) Concurrent Clear Claimed Marks
[2020-09-03T11:16:29.995+0000][23984][gc,marking   ] GC(102) Concurrent Clear Claimed Marks 0.530ms
[2020-09-03T11:16:29.995+0000][23984][gc,marking   ] GC(102) Concurrent Scan Root Regions
[2020-09-03T11:16:29.998+0000][23984][gc,marking   ] GC(102) Concurrent Scan Root Regions 3.164ms
[2020-09-03T11:16:29.998+0000][23984][gc,marking   ] GC(102) Concurrent Mark (139.000s)
[2020-09-03T11:16:29.998+0000][23984][gc,marking   ] GC(102) Concurrent Mark From Roots
[2020-09-03T11:16:29.998+0000][23984][gc,task      ] GC(102) Using 2 workers of 2 for marking
[2020-09-03T11:16:30.112+0000][23984][gc,marking   ] GC(102) Concurrent Mark From Roots 113.472ms
[2020-09-03T11:16:30.112+0000][23984][gc,marking   ] GC(102) Concurrent Preclean
[2020-09-03T11:16:30.112+0000][23984][gc,marking   ] GC(102) Concurrent Preclean 0.527ms
[2020-09-03T11:16:30.112+0000][23984][gc,marking   ] GC(102) Concurrent Mark (139.000s, 139.114s) 114.212ms
[2020-09-03T11:16:30.113+0000][23984][gc,start     ] GC(102) Pause Remark
[2020-09-03T11:16:30.117+0000][23984][gc           ] GC(102) Pause Remark 322M->322M(1024M) 4.413ms
[2020-09-03T11:16:30.117+0000][23984][gc,cpu       ] GC(102) User=0.00s Sys=0.00s Real=0.00s
[2020-09-03T11:16:30.117+0000][23984][safepoint    ] Safepoint "G1Concurrent", Time since last: 118280600 ns, Reaching safepoint: 168400 ns, At safepoint: 4618800 ns, Total: 4787200 ns
[2020-09-03T11:16:30.117+0000][23984][gc,marking   ] GC(102) Concurrent Rebuild Remembered Sets
[2020-09-03T11:16:30.196+0000][23984][gc,marking   ] GC(102) Concurrent Rebuild Remembered Sets 78.835ms
[2020-09-03T11:16:30.197+0000][23984][gc,start     ] GC(102) Pause Cleanup
[2020-09-03T11:16:30.197+0000][23984][gc           ] GC(102) Pause Cleanup 386M->386M(1024M) 0.335ms
[2020-09-03T11:16:30.197+0000][23984][gc,cpu       ] GC(102) User=0.00s Sys=0.00s Real=0.00s
[2020-09-03T11:16:30.197+0000][23984][safepoint    ] Safepoint "G1Concurrent", Time since last: 79009300 ns, Reaching safepoint: 231800 ns, At safepoint: 552800 ns, Total: 784600 ns
[2020-09-03T11:16:30.197+0000][23984][gc,marking   ] GC(102) Concurrent Cleanup for Next Mark
[2020-09-03T11:16:30.199+0000][23984][gc,marking   ] GC(102) Concurrent Cleanup for Next Mark 1.513ms
[2020-09-03T11:16:30.199+0000][23984][gc           ] GC(102) Concurrent Cycle 204.520ms
[2020-09-03T11:16:30.304+0000][23984][gc,start     ] GC(103) Pause Young (Concurrent Start) (G1 Humongous Allocation)
[2020-09-03T11:16:30.304+0000][23984][gc,task      ] GC(103) Using 8 workers of 8 for evacuation
[2020-09-03T11:16:30.304+0000][23984][gc,age       ] GC(103) Desired survivor size 33554432 bytes, new threshold 15 (max threshold 15)
[2020-09-03T11:16:30.308+0000][23984][gc,age       ] GC(103) Age table with threshold 15 (max threshold 15)
[2020-09-03T11:16:30.308+0000][23984][gc,age       ] GC(103) - age   1:    2777232 bytes,    2777232 total
[2020-09-03T11:16:30.308+0000][23984][gc,age       ] GC(103) - age   2:     202944 bytes,    2980176 total
[2020-09-03T11:16:30.308+0000][23984][gc,age       ] GC(103) - age   3:     201840 bytes,    3182016 total
[2020-09-03T11:16:30.308+0000][23984][gc,age       ] GC(103) - age   4:     204952 bytes,    3386968 total
[2020-09-03T11:16:30.308+0000][23984][gc,age       ] GC(103) - age   5:     202216 bytes,    3589184 total
[2020-09-03T11:16:30.308+0000][23984][gc,age       ] GC(103) - age   6:     199264 bytes,    3788448 total
[2020-09-03T11:16:30.308+0000][23984][gc,age       ] GC(103) - age   7:     197480 bytes,    3985928 total
[2020-09-03T11:16:30.308+0000][23984][gc,age       ] GC(103) - age   8:       1528 bytes,    3987456 total
[2020-09-03T11:16:30.308+0000][23984][gc,age       ] GC(103) - age   9:     186736 bytes,    4174192 total
[2020-09-03T11:16:30.308+0000][23984][gc,age       ] GC(103) - age  10:        960 bytes,    4175152 total
[2020-09-03T11:16:30.308+0000][23984][gc,age       ] GC(103) - age  11:        776 bytes,    4175928 total
[2020-09-03T11:16:30.308+0000][23984][gc,age       ] GC(103) - age  12:       2416 bytes,    4178344 total
[2020-09-03T11:16:30.308+0000][23984][gc,age       ] GC(103) - age  13:       1048 bytes,    4179392 total
[2020-09-03T11:16:30.308+0000][23984][gc,age       ] GC(103) - age  14:       2696 bytes,    4182088 total
[2020-09-03T11:16:30.308+0000][23984][gc,age       ] GC(103) - age  15:        880 bytes,    4182968 total
[2020-09-03T11:16:30.308+0000][23984][gc,phases    ] GC(103)   Pre Evacuate Collection Set: 0.4ms
[2020-09-03T11:16:30.308+0000][23984][gc,phases    ] GC(103)   Merge Heap Roots: 0.1ms
[2020-09-03T11:16:30.308+0000][23984][gc,phases    ] GC(103)   Evacuate Collection Set: 2.5ms
[2020-09-03T11:16:30.308+0000][23984][gc,phases    ] GC(103)   Post Evacuate Collection Set: 0.7ms
[2020-09-03T11:16:30.308+0000][23984][gc,phases    ] GC(103)   Other: 0.9ms
[2020-09-03T11:16:30.308+0000][23984][gc,heap      ] GC(103) Eden regions: 47->0(505)
[2020-09-03T11:16:30.309+0000][23984][gc,heap      ] GC(103) Survivor regions: 4->5(64)
[2020-09-03T11:16:30.309+0000][23984][gc,heap      ] GC(103) Old regions: 75->75
[2020-09-03T11:16:30.309+0000][23984][gc,heap      ] GC(103) Archive regions: 0->0
[2020-09-03T11:16:30.309+0000][23984][gc,heap      ] GC(103) Humongous regions: 270->174
[2020-09-03T11:16:30.309+0000][23984][gc,metaspace ] GC(103) Metaspace: 83545K(90240K)->83545K(90240K) NonClass: 72593K(76544K)->72593K(76544K) Class: 10951K(13696K)->10951K(13696K)
[2020-09-03T11:16:30.309+0000][23984][gc           ] GC(103) Pause Young (Concurrent Start) (G1 Humongous Allocation) 395M->253M(1024M) 4.945ms
[2020-09-03T11:16:30.309+0000][23984][gc,cpu       ] GC(103) User=0.00s Sys=0.00s Real=0.01s
[2020-09-03T11:16:30.309+0000][23984][gc           ] GC(104) Concurrent Cycle
[2020-09-03T11:16:30.309+0000][23984][safepoint    ] Safepoint "G1TryInitiateConcMark", Time since last: 106473200 ns, Reaching safepoint: 137600 ns, At safepoint: 5113900 ns, Total: 5251500 ns
[2020-09-03T11:16:30.309+0000][23984][gc,marking   ] GC(104) Concurrent Clear Claimed Marks
[2020-09-03T11:16:30.309+0000][23984][gc,marking   ] GC(104) Concurrent Clear Claimed Marks 0.438ms
[2020-09-03T11:16:30.309+0000][23984][gc,marking   ] GC(104) Concurrent Scan Root Regions
[2020-09-03T11:16:30.312+0000][23984][gc,marking   ] GC(104) Concurrent Scan Root Regions 2.906ms
[2020-09-03T11:16:30.312+0000][23984][gc,marking   ] GC(104) Concurrent Mark (139.314s)
[2020-09-03T11:16:30.312+0000][23984][gc,marking   ] GC(104) Concurrent Mark From Roots
[2020-09-03T11:16:30.312+0000][23984][gc,task      ] GC(104) Using 2 workers of 2 for marking
[2020-09-03T11:16:30.448+0000][23984][gc,marking   ] GC(104) Concurrent Mark From Roots 135.266ms
[2020-09-03T11:16:30.448+0000][23984][gc,marking   ] GC(104) Concurrent Preclean
[2020-09-03T11:16:30.448+0000][23984][gc,marking   ] GC(104) Concurrent Preclean 0.364ms
[2020-09-03T11:16:30.448+0000][23984][gc,marking   ] GC(104) Concurrent Mark (139.314s, 139.450s) 135.757ms
[2020-09-03T11:16:30.448+0000][23984][gc,start     ] GC(104) Pause Remark
[2020-09-03T11:16:30.453+0000][23984][gc           ] GC(104) Pause Remark 312M->312M(1024M) 4.393ms
[2020-09-03T11:16:30.453+0000][23984][gc,cpu       ] GC(104) User=0.11s Sys=0.00s Real=0.01s
[2020-09-03T11:16:30.453+0000][23984][safepoint    ] Safepoint "G1Concurrent", Time since last: 139411500 ns, Reaching safepoint: 123800 ns, At safepoint: 4575900 ns, Total: 4699700 ns
[2020-09-03T11:16:30.453+0000][23984][gc,marking   ] GC(104) Concurrent Rebuild Remembered Sets
[2020-09-03T11:16:30.527+0000][23984][gc,marking   ] GC(104) Concurrent Rebuild Remembered Sets 74.452ms
[2020-09-03T11:16:30.528+0000][23984][gc,start     ] GC(104) Pause Cleanup
[2020-09-03T11:16:30.528+0000][23984][gc           ] GC(104) Pause Cleanup 377M->377M(1024M) 0.271ms
[2020-09-03T11:16:30.528+0000][23984][gc,cpu       ] GC(104) User=0.00s Sys=0.00s Real=0.00s
[2020-09-03T11:16:30.528+0000][23984][safepoint    ] Safepoint "G1Concurrent", Time since last: 74629000 ns, Reaching safepoint: 141200 ns, At safepoint: 402300 ns, Total: 543500 ns
[2020-09-03T11:16:30.528+0000][23984][gc,marking   ] GC(104) Concurrent Cleanup for Next Mark
[2020-09-03T11:16:30.531+0000][23984][gc,marking   ] GC(104) Concurrent Cleanup for Next Mark 1.480ms
[2020-09-03T11:16:30.531+0000][23984][gc           ] GC(104) Concurrent Cycle 220.968ms
[2020-09-03T11:16:30.685+0000][23984][gc,start     ] GC(105) Pause Young (Concurrent Start) (G1 Humongous Allocation)
[2020-09-03T11:16:30.685+0000][23984][gc,task      ] GC(105) Using 8 workers of 8 for evacuation
[2020-09-03T11:16:30.685+0000][23984][gc,age       ] GC(105) Desired survivor size 33554432 bytes, new threshold 15 (max threshold 15)
[2020-09-03T11:16:30.688+0000][23984][gc,age       ] GC(105) Age table with threshold 15 (max threshold 15)
[2020-09-03T11:16:30.688+0000][23984][gc,age       ] GC(105) - age   1:    2622568 bytes,    2622568 total
[2020-09-03T11:16:30.688+0000][23984][gc,age       ] GC(105) - age   2:      13064 bytes,    2635632 total
[2020-09-03T11:16:30.688+0000][23984][gc,age       ] GC(105) - age   3:       2056 bytes,    2637688 total
[2020-09-03T11:16:30.688+0000][23984][gc,age       ] GC(105) - age   4:       2952 bytes,    2640640 total
[2020-09-03T11:16:30.688+0000][23984][gc,age       ] GC(105) - age   5:       1528 bytes,    2642168 total
[2020-09-03T11:16:30.688+0000][23984][gc,age       ] GC(105) - age   6:       1296 bytes,    2643464 total
[2020-09-03T11:16:30.688+0000][23984][gc,age       ] GC(105) - age   7:       1672 bytes,    2645136 total
[2020-09-03T11:16:30.688+0000][23984][gc,age       ] GC(105) - age   8:        416 bytes,    2645552 total
[2020-09-03T11:16:30.688+0000][23984][gc,age       ] GC(105) - age   9:       1224 bytes,    2646776 total
[2020-09-03T11:16:30.688+0000][23984][gc,age       ] GC(105) - age  10:     185176 bytes,    2831952 total
[2020-09-03T11:16:30.688+0000][23984][gc,age       ] GC(105) - age  11:        928 bytes,    2832880 total
[2020-09-03T11:16:30.689+0000][23984][gc,age       ] GC(105) - age  12:        776 bytes,    2833656 total
[2020-09-03T11:16:30.689+0000][23984][gc,age       ] GC(105) - age  13:       2416 bytes,    2836072 total
[2020-09-03T11:16:30.689+0000][23984][gc,age       ] GC(105) - age  14:        824 bytes,    2836896 total
[2020-09-03T11:16:30.689+0000][23984][gc,age       ] GC(105) - age  15:       2696 bytes,    2839592 total
[2020-09-03T11:16:30.689+0000][23984][gc,phases    ] GC(105)   Pre Evacuate Collection Set: 0.4ms
[2020-09-03T11:16:30.689+0000][23984][gc,phases    ] GC(105)   Merge Heap Roots: 0.1ms
[2020-09-03T11:16:30.689+0000][23984][gc,phases    ] GC(105)   Evacuate Collection Set: 1.9ms
[2020-09-03T11:16:30.689+0000][23984][gc,phases    ] GC(105)   Post Evacuate Collection Set: 0.8ms
[2020-09-03T11:16:30.689+0000][23984][gc,phases    ] GC(105)   Other: 1.0ms
[2020-09-03T11:16:30.689+0000][23984][gc,heap      ] GC(105) Eden regions: 50->0(507)
[2020-09-03T11:16:30.689+0000][23984][gc,heap      ] GC(105) Survivor regions: 5->3(64)
[2020-09-03T11:16:30.689+0000][23984][gc,heap      ] GC(105) Old regions: 75->75
[2020-09-03T11:16:30.689+0000][23984][gc,heap      ] GC(105) Archive regions: 0->0
[2020-09-03T11:16:30.689+0000][23984][gc,heap      ] GC(105) Humongous regions: 270->174
[2020-09-03T11:16:30.689+0000][23984][gc,metaspace ] GC(105) Metaspace: 83622K(90496K)->83622K(90496K) NonClass: 72671K(76800K)->72671K(76800K) Class: 10951K(13696K)->10951K(13696K)
[2020-09-03T11:16:30.689+0000][23984][gc           ] GC(105) Pause Young (Concurrent Start) (G1 Humongous Allocation) 398M->251M(1024M) 4.318ms
[2020-09-03T11:16:30.689+0000][23984][gc,cpu       ] GC(105) User=0.00s Sys=0.00s Real=0.00s
[2020-09-03T11:16:30.689+0000][23984][gc           ] GC(106) Concurrent Cycle
[2020-09-03T11:16:30.689+0000][23984][safepoint    ] Safepoint "G1TryInitiateConcMark", Time since last: 156125800 ns, Reaching safepoint: 221900 ns, At safepoint: 4447300 ns, Total: 4669200 ns
[2020-09-03T11:16:30.689+0000][23984][gc,marking   ] GC(106) Concurrent Clear Claimed Marks
[2020-09-03T11:16:30.689+0000][23984][gc,marking   ] GC(106) Concurrent Clear Claimed Marks 0.376ms
[2020-09-03T11:16:30.690+0000][23984][gc,marking   ] GC(106) Concurrent Scan Root Regions
[2020-09-03T11:16:30.692+0000][23984][gc,marking   ] GC(106) Concurrent Scan Root Regions 2.165ms
[2020-09-03T11:16:30.692+0000][23984][gc,marking   ] GC(106) Concurrent Mark (139.694s)
[2020-09-03T11:16:30.692+0000][23984][gc,marking   ] GC(106) Concurrent Mark From Roots
[2020-09-03T11:16:30.692+0000][23984][gc,task      ] GC(106) Using 2 workers of 2 for marking
[2020-09-03T11:16:30.797+0000][23984][gc,marking   ] GC(106) Concurrent Mark From Roots 104.864ms
[2020-09-03T11:16:30.797+0000][23984][gc,marking   ] GC(106) Concurrent Preclean
[2020-09-03T11:16:30.797+0000][23984][gc,marking   ] GC(106) Concurrent Preclean 0.579ms
[2020-09-03T11:16:30.797+0000][23984][gc,marking   ] GC(106) Concurrent Mark (139.694s, 139.799s) 105.609ms
[2020-09-03T11:16:30.798+0000][23984][gc,start     ] GC(106) Pause Remark
[2020-09-03T11:16:30.802+0000][23984][gc           ] GC(106) Pause Remark 310M->310M(1024M) 4.451ms
[2020-09-03T11:16:30.802+0000][23984][gc,cpu       ] GC(106) User=0.00s Sys=0.00s Real=0.00s
[2020-09-03T11:16:30.802+0000][23984][safepoint    ] Safepoint "G1Concurrent", Time since last: 108440100 ns, Reaching safepoint: 174700 ns, At safepoint: 4624200 ns, Total: 4798900 ns
[2020-09-03T11:16:30.802+0000][23984][gc,marking   ] GC(106) Concurrent Rebuild Remembered Sets
[2020-09-03T11:16:30.882+0000][23984][gc,marking   ] GC(106) Concurrent Rebuild Remembered Sets 79.536ms
[2020-09-03T11:16:30.882+0000][23984][gc,start     ] GC(106) Pause Cleanup
[2020-09-03T11:16:30.883+0000][23984][gc           ] GC(106) Pause Cleanup 377M->377M(1024M) 0.324ms
[2020-09-03T11:16:30.883+0000][23984][gc,cpu       ] GC(106) User=0.00s Sys=0.00s Real=0.00s
[2020-09-03T11:16:30.883+0000][23984][safepoint    ] Safepoint "G1Concurrent", Time since last: 79745800 ns, Reaching safepoint: 153000 ns, At safepoint: 500300 ns, Total: 653300 ns
[2020-09-03T11:16:30.883+0000][23984][gc,marking   ] GC(106) Concurrent Cleanup for Next Mark
[2020-09-03T11:16:30.884+0000][23984][gc,marking   ] GC(106) Concurrent Cleanup for Next Mark 1.733ms
[2020-09-03T11:16:30.885+0000][23984][gc           ] GC(106) Concurrent Cycle 195.612ms
[2020-09-03T11:16:31.017+0000][23984][gc,start     ] GC(107) Pause Young (Concurrent Start) (G1 Humongous Allocation)
[2020-09-03T11:16:31.018+0000][23984][gc,task      ] GC(107) Using 8 workers of 8 for evacuation
[2020-09-03T11:16:31.018+0000][23984][gc,age       ] GC(107) Desired survivor size 33554432 bytes, new threshold 15 (max threshold 15)
[2020-09-03T11:16:31.021+0000][23984][gc,age       ] GC(107) Age table with threshold 15 (max threshold 15)
[2020-09-03T11:16:31.021+0000][23984][gc,age       ] GC(107) - age   1:    2787544 bytes,    2787544 total
[2020-09-03T11:16:31.021+0000][23984][gc,age       ] GC(107) - age   2:      44592 bytes,    2832136 total
[2020-09-03T11:16:31.021+0000][23984][gc,age       ] GC(107) - age   3:      12968 bytes,    2845104 total
[2020-09-03T11:16:31.021+0000][23984][gc,age       ] GC(107) - age   4:       1920 bytes,    2847024 total
[2020-09-03T11:16:31.021+0000][23984][gc,age       ] GC(107) - age   5:       2824 bytes,    2849848 total
[2020-09-03T11:16:31.021+0000][23984][gc,age       ] GC(107) - age   6:       1496 bytes,    2851344 total
[2020-09-03T11:16:31.021+0000][23984][gc,age       ] GC(107) - age   7:       1296 bytes,    2852640 total
[2020-09-03T11:16:31.021+0000][23984][gc,age       ] GC(107) - age   8:       1672 bytes,    2854312 total
[2020-09-03T11:16:31.021+0000][23984][gc,age       ] GC(107) - age   9:        416 bytes,    2854728 total
[2020-09-03T11:16:31.021+0000][23984][gc,age       ] GC(107) - age  10:        936 bytes,    2855664 total
[2020-09-03T11:16:31.021+0000][23984][gc,age       ] GC(107) - age  11:     185048 bytes,    3040712 total
[2020-09-03T11:16:31.021+0000][23984][gc,age       ] GC(107) - age  12:        896 bytes,    3041608 total
[2020-09-03T11:16:31.021+0000][23984][gc,age       ] GC(107) - age  13:        776 bytes,    3042384 total
[2020-09-03T11:16:31.021+0000][23984][gc,age       ] GC(107) - age  14:       2416 bytes,    3044800 total
[2020-09-03T11:16:31.021+0000][23984][gc,age       ] GC(107) - age  15:        824 bytes,    3045624 total
[2020-09-03T11:16:31.021+0000][23984][gc,phases    ] GC(107)   Pre Evacuate Collection Set: 0.3ms
[2020-09-03T11:16:31.021+0000][23984][gc,phases    ] GC(107)   Merge Heap Roots: 0.1ms
[2020-09-03T11:16:31.021+0000][23984][gc,phases    ] GC(107)   Evacuate Collection Set: 1.9ms
[2020-09-03T11:16:31.021+0000][23984][gc,phases    ] GC(107)   Post Evacuate Collection Set: 0.6ms
[2020-09-03T11:16:31.021+0000][23984][gc,phases    ] GC(107)   Other: 0.7ms
[2020-09-03T11:16:31.021+0000][23984][gc,heap      ] GC(107) Eden regions: 40->0(507)
[2020-09-03T11:16:31.021+0000][23984][gc,heap      ] GC(107) Survivor regions: 3->4(64)
[2020-09-03T11:16:31.021+0000][23984][gc,heap      ] GC(107) Old regions: 75->75
[2020-09-03T11:16:31.021+0000][23984][gc,heap      ] GC(107) Archive regions: 0->0
[2020-09-03T11:16:31.021+0000][23984][gc,heap      ] GC(107) Humongous regions: 270->174
[2020-09-03T11:16:31.021+0000][23984][gc,metaspace ] GC(107) Metaspace: 83654K(90496K)->83654K(90496K) NonClass: 72703K(76800K)->72703K(76800K) Class: 10951K(13696K)->10951K(13696K)
[2020-09-03T11:16:31.021+0000][23984][gc           ] GC(107) Pause Young (Concurrent Start) (G1 Humongous Allocation) 387M->252M(1024M) 3.986ms
[2020-09-03T11:16:31.022+0000][23984][gc,cpu       ] GC(107) User=0.00s Sys=0.00s Real=0.01s
[2020-09-03T11:16:31.022+0000][23984][gc           ] GC(108) Concurrent Cycle
[2020-09-03T11:16:31.022+0000][23984][safepoint    ] Safepoint "G1TryInitiateConcMark", Time since last: 134587600 ns, Reaching safepoint: 171200 ns, At safepoint: 4147500 ns, Total: 4318700 ns
[2020-09-03T11:16:31.022+0000][23984][gc,marking   ] GC(108) Concurrent Clear Claimed Marks
[2020-09-03T11:16:31.022+0000][23984][gc,marking   ] GC(108) Concurrent Clear Claimed Marks 0.404ms
[2020-09-03T11:16:31.022+0000][23984][gc,marking   ] GC(108) Concurrent Scan Root Regions
[2020-09-03T11:16:31.025+0000][23984][gc,marking   ] GC(108) Concurrent Scan Root Regions 2.482ms
[2020-09-03T11:16:31.025+0000][23984][gc,marking   ] GC(108) Concurrent Mark (140.027s)
[2020-09-03T11:16:31.025+0000][23984][gc,marking   ] GC(108) Concurrent Mark From Roots
[2020-09-03T11:16:31.025+0000][23984][gc,task      ] GC(108) Using 2 workers of 2 for marking
[2020-09-03T11:16:31.155+0000][23984][gc,marking   ] GC(108) Concurrent Mark From Roots 130.749ms
[2020-09-03T11:16:31.156+0000][23984][gc,marking   ] GC(108) Concurrent Preclean
[2020-09-03T11:16:31.156+0000][23984][gc,marking   ] GC(108) Concurrent Preclean 0.576ms
[2020-09-03T11:16:31.156+0000][23984][gc,marking   ] GC(108) Concurrent Mark (140.027s, 140.158s) 131.489ms
[2020-09-03T11:16:31.156+0000][23984][gc,start     ] GC(108) Pause Remark
[2020-09-03T11:16:31.161+0000][23984][gc           ] GC(108) Pause Remark 315M->315M(1024M) 4.498ms
[2020-09-03T11:16:31.161+0000][23984][gc,cpu       ] GC(108) User=0.00s Sys=0.00s Real=0.01s
[2020-09-03T11:16:31.161+0000][23984][safepoint    ] Safepoint "G1Concurrent", Time since last: 134632800 ns, Reaching safepoint: 121700 ns, At safepoint: 4652300 ns, Total: 4774000 ns
[2020-09-03T11:16:31.161+0000][23984][gc,marking   ] GC(108) Concurrent Rebuild Remembered Sets
[2020-09-03T11:16:31.244+0000][23984][gc,marking   ] GC(108) Concurrent Rebuild Remembered Sets 82.791ms
[2020-09-03T11:16:31.244+0000][23984][gc,start     ] GC(108) Pause Cleanup
[2020-09-03T11:16:31.244+0000][23984][gc           ] GC(108) Pause Cleanup 381M->381M(1024M) 0.293ms
[2020-09-03T11:16:31.245+0000][23984][gc,cpu       ] GC(108) User=0.00s Sys=0.00s Real=0.00s
[2020-09-03T11:16:31.245+0000][23984][safepoint    ] Safepoint "G1Concurrent", Time since last: 83034700 ns, Reaching safepoint: 134100 ns, At safepoint: 474500 ns, Total: 608600 ns
[2020-09-03T11:16:31.245+0000][23984][gc,marking   ] GC(108) Concurrent Cleanup for Next Mark
[2020-09-03T11:16:31.246+0000][23984][gc,marking   ] GC(108) Concurrent Cleanup for Next Mark 1.687ms
[2020-09-03T11:16:31.247+0000][23984][gc           ] GC(108) Concurrent Cycle 225.045ms
[2020-09-03T11:16:31.349+0000][23984][gc,start     ] GC(109) Pause Young (Concurrent Start) (G1 Humongous Allocation)
[2020-09-03T11:16:31.349+0000][23984][gc,task      ] GC(109) Using 8 workers of 8 for evacuation
[2020-09-03T11:16:31.349+0000][23984][gc,age       ] GC(109) Desired survivor size 33554432 bytes, new threshold 15 (max threshold 15)
[2020-09-03T11:16:31.353+0000][23984][gc,age       ] GC(109) Age table with threshold 15 (max threshold 15)
[2020-09-03T11:16:31.353+0000][23984][gc,age       ] GC(109) - age   1:    2780400 bytes,    2780400 total
[2020-09-03T11:16:31.353+0000][23984][gc,age       ] GC(109) - age   2:     200088 bytes,    2980488 total
[2020-09-03T11:16:31.353+0000][23984][gc,age       ] GC(109) - age   3:      43864 bytes,    3024352 total
[2020-09-03T11:16:31.353+0000][23984][gc,age       ] GC(109) - age   4:      12584 bytes,    3036936 total
[2020-09-03T11:16:31.353+0000][23984][gc,age       ] GC(109) - age   5:       1464 bytes,    3038400 total
[2020-09-03T11:16:31.353+0000][23984][gc,age       ] GC(109) - age   6:       2792 bytes,    3041192 total
[2020-09-03T11:16:31.353+0000][23984][gc,age       ] GC(109) - age   7:       1432 bytes,    3042624 total
[2020-09-03T11:16:31.353+0000][23984][gc,age       ] GC(109) - age   8:       1296 bytes,    3043920 total
[2020-09-03T11:16:31.353+0000][23984][gc,age       ] GC(109) - age   9:       1384 bytes,    3045304 total
[2020-09-03T11:16:31.353+0000][23984][gc,age       ] GC(109) - age  10:        416 bytes,    3045720 total
[2020-09-03T11:16:31.353+0000][23984][gc,age       ] GC(109) - age  11:        904 bytes,    3046624 total
[2020-09-03T11:16:31.353+0000][23984][gc,age       ] GC(109) - age  12:     185048 bytes,    3231672 total
[2020-09-03T11:16:31.353+0000][23984][gc,age       ] GC(109) - age  13:        896 bytes,    3232568 total
[2020-09-03T11:16:31.353+0000][23984][gc,age       ] GC(109) - age  14:        776 bytes,    3233344 total
[2020-09-03T11:16:31.353+0000][23984][gc,age       ] GC(109) - age  15:       2416 bytes,    3235760 total
[2020-09-03T11:16:31.353+0000][23984][gc,phases    ] GC(109)   Pre Evacuate Collection Set: 0.4ms
[2020-09-03T11:16:31.353+0000][23984][gc,phases    ] GC(109)   Merge Heap Roots: 0.1ms
[2020-09-03T11:16:31.353+0000][23984][gc,phases    ] GC(109)   Evacuate Collection Set: 2.3ms
[2020-09-03T11:16:31.354+0000][23984][gc,phases    ] GC(109)   Post Evacuate Collection Set: 0.7ms
[2020-09-03T11:16:31.354+0000][23984][gc,phases    ] GC(109)   Other: 0.9ms
[2020-09-03T11:16:31.354+0000][23984][gc,heap      ] GC(109) Eden regions: 44->0(507)
[2020-09-03T11:16:31.354+0000][23984][gc,heap      ] GC(109) Survivor regions: 4->4(64)
[2020-09-03T11:16:31.354+0000][23984][gc,heap      ] GC(109) Old regions: 75->75
[2020-09-03T11:16:31.354+0000][23984][gc,heap      ] GC(109) Archive regions: 0->0
[2020-09-03T11:16:31.354+0000][23984][gc,heap      ] GC(109) Humongous regions: 270->174
[2020-09-03T11:16:31.354+0000][23984][gc,metaspace ] GC(109) Metaspace: 83674K(90496K)->83674K(90496K) NonClass: 72723K(76800K)->72723K(76800K) Class: 10951K(13696K)->10951K(13696K)
[2020-09-03T11:16:31.354+0000][23984][gc           ] GC(109) Pause Young (Concurrent Start) (G1 Humongous Allocation) 391M->252M(1024M) 4.733ms
[2020-09-03T11:16:31.354+0000][23984][gc,cpu       ] GC(109) User=0.00s Sys=0.00s Real=0.01s
[2020-09-03T11:16:31.354+0000][23984][gc           ] GC(110) Concurrent Cycle
[2020-09-03T11:16:31.354+0000][23984][safepoint    ] Safepoint "G1TryInitiateConcMark", Time since last: 104242000 ns, Reaching safepoint: 139800 ns, At safepoint: 4921800 ns, Total: 5061600 ns
[2020-09-03T11:16:31.354+0000][23984][gc,marking   ] GC(110) Concurrent Clear Claimed Marks
[2020-09-03T11:16:31.354+0000][23984][gc,marking   ] GC(110) Concurrent Clear Claimed Marks 0.373ms
[2020-09-03T11:16:31.354+0000][23984][gc,marking   ] GC(110) Concurrent Scan Root Regions
[2020-09-03T11:16:31.357+0000][23984][gc,marking   ] GC(110) Concurrent Scan Root Regions 2.448ms
[2020-09-03T11:16:31.357+0000][23984][gc,marking   ] GC(110) Concurrent Mark (140.359s)
[2020-09-03T11:16:31.357+0000][23984][gc,marking   ] GC(110) Concurrent Mark From Roots
[2020-09-03T11:16:31.357+0000][23984][gc,task      ] GC(110) Using 2 workers of 2 for marking
[2020-09-03T11:16:31.475+0000][23984][gc,marking   ] GC(110) Concurrent Mark From Roots 117.968ms
[2020-09-03T11:16:31.475+0000][23984][gc,marking   ] GC(110) Concurrent Preclean
[2020-09-03T11:16:31.475+0000][23984][gc,marking   ] GC(110) Concurrent Preclean 0.368ms
[2020-09-03T11:16:31.475+0000][23984][gc,marking   ] GC(110) Concurrent Mark (140.359s, 140.477s) 118.470ms
[2020-09-03T11:16:31.476+0000][23984][gc,start     ] GC(110) Pause Remark
[2020-09-03T11:16:31.480+0000][23984][gc           ] GC(110) Pause Remark 311M->311M(1024M) 4.124ms
[2020-09-03T11:16:31.480+0000][23984][gc,cpu       ] GC(110) User=0.00s Sys=0.00s Real=0.00s
[2020-09-03T11:16:31.480+0000][23984][safepoint    ] Safepoint "G1Concurrent", Time since last: 121541200 ns, Reaching safepoint: 171200 ns, At safepoint: 4337200 ns, Total: 4508400 ns
[2020-09-03T11:16:31.480+0000][23984][gc,marking   ] GC(110) Concurrent Rebuild Remembered Sets
[2020-09-03T11:16:31.547+0000][23984][gc,marking   ] GC(110) Concurrent Rebuild Remembered Sets 67.437ms
[2020-09-03T11:16:31.548+0000][23984][gc,start     ] GC(110) Pause Cleanup
[2020-09-03T11:16:31.548+0000][23984][gc           ] GC(110) Pause Cleanup 379M->379M(1024M) 0.267ms
[2020-09-03T11:16:31.548+0000][23984][gc,cpu       ] GC(110) User=0.00s Sys=0.00s Real=0.00s
[2020-09-03T11:16:31.548+0000][23984][safepoint    ] Safepoint "G1Concurrent", Time since last: 67605100 ns, Reaching safepoint: 123000 ns, At safepoint: 396700 ns, Total: 519700 ns
[2020-09-03T11:16:31.548+0000][23984][gc,marking   ] GC(110) Concurrent Cleanup for Next Mark
[2020-09-03T11:16:31.550+0000][23984][gc,marking   ] GC(110) Concurrent Cleanup for Next Mark 1.557ms
[2020-09-03T11:16:31.550+0000][23984][gc           ] GC(110) Concurrent Cycle 195.980ms
[2020-09-03T11:16:31.648+0000][23984][gc,start     ] GC(111) Pause Young (Concurrent Start) (G1 Humongous Allocation)
[2020-09-03T11:16:31.648+0000][23984][gc,task      ] GC(111) Using 8 workers of 8 for evacuation
[2020-09-03T11:16:31.648+0000][23984][gc,age       ] GC(111) Desired survivor size 33554432 bytes, new threshold 15 (max threshold 15)
[2020-09-03T11:16:31.651+0000][23984][gc,age       ] GC(111) Age table with threshold 15 (max threshold 15)
[2020-09-03T11:16:31.651+0000][23984][gc,age       ] GC(111) - age   1:    2787408 bytes,    2787408 total
[2020-09-03T11:16:31.651+0000][23984][gc,age       ] GC(111) - age   2:     205072 bytes,    2992480 total
[2020-09-03T11:16:31.651+0000][23984][gc,age       ] GC(111) - age   3:     200056 bytes,    3192536 total
[2020-09-03T11:16:31.651+0000][23984][gc,age       ] GC(111) - age   4:      40984 bytes,    3233520 total
[2020-09-03T11:16:31.651+0000][23984][gc,age       ] GC(111) - age   5:      12360 bytes,    3245880 total
[2020-09-03T11:16:31.651+0000][23984][gc,age       ] GC(111) - age   6:        976 bytes,    3246856 total
[2020-09-03T11:16:31.651+0000][23984][gc,age       ] GC(111) - age   7:       2792 bytes,    3249648 total
[2020-09-03T11:16:31.651+0000][23984][gc,age       ] GC(111) - age   8:       1432 bytes,    3251080 total
[2020-09-03T11:16:31.651+0000][23984][gc,age       ] GC(111) - age   9:       1008 bytes,    3252088 total
[2020-09-03T11:16:31.652+0000][23984][gc,age       ] GC(111) - age  10:       1320 bytes,    3253408 total
[2020-09-03T11:16:31.652+0000][23984][gc,age       ] GC(111) - age  11:        416 bytes,    3253824 total
[2020-09-03T11:16:31.652+0000][23984][gc,age       ] GC(111) - age  12:        904 bytes,    3254728 total
[2020-09-03T11:16:31.652+0000][23984][gc,age       ] GC(111) - age  13:     185024 bytes,    3439752 total
[2020-09-03T11:16:31.652+0000][23984][gc,age       ] GC(111) - age  14:        896 bytes,    3440648 total
[2020-09-03T11:16:31.652+0000][23984][gc,age       ] GC(111) - age  15:        744 bytes,    3441392 total
[2020-09-03T11:16:31.652+0000][23984][gc,phases    ] GC(111)   Pre Evacuate Collection Set: 0.4ms
[2020-09-03T11:16:31.652+0000][23984][gc,phases    ] GC(111)   Merge Heap Roots: 0.1ms
[2020-09-03T11:16:31.652+0000][23984][gc,phases    ] GC(111)   Evacuate Collection Set: 2.0ms
[2020-09-03T11:16:31.652+0000][23984][gc,phases    ] GC(111)   Post Evacuate Collection Set: 0.8ms
[2020-09-03T11:16:31.652+0000][23984][gc,phases    ] GC(111)   Other: 0.6ms
[2020-09-03T11:16:31.652+0000][23984][gc,heap      ] GC(111) Eden regions: 42->0(507)
[2020-09-03T11:16:31.652+0000][23984][gc,heap      ] GC(111) Survivor regions: 4->4(64)
[2020-09-03T11:16:31.652+0000][23984][gc,heap      ] GC(111) Old regions: 75->75
[2020-09-03T11:16:31.652+0000][23984][gc,heap      ] GC(111) Archive regions: 0->0
[2020-09-03T11:16:31.652+0000][23984][gc,heap      ] GC(111) Humongous regions: 270->174
[2020-09-03T11:16:31.652+0000][23984][gc,metaspace ] GC(111) Metaspace: 83685K(90496K)->83685K(90496K) NonClass: 72733K(76800K)->72733K(76800K) Class: 10951K(13696K)->10951K(13696K)
[2020-09-03T11:16:31.652+0000][23984][gc           ] GC(111) Pause Young (Concurrent Start) (G1 Humongous Allocation) 390M->252M(1024M) 4.207ms
[2020-09-03T11:16:31.652+0000][23984][gc,cpu       ] GC(111) User=0.00s Sys=0.00s Real=0.00s
[2020-09-03T11:16:31.652+0000][23984][safepoint    ] Safepoint "G1TryInitiateConcMark", Time since last: 99480600 ns, Reaching safepoint: 145300 ns, At safepoint: 4320300 ns, Total: 4465600 ns
[2020-09-03T11:16:31.652+0000][23984][gc           ] GC(112) Concurrent Cycle
[2020-09-03T11:16:31.652+0000][23984][gc,marking   ] GC(112) Concurrent Clear Claimed Marks
[2020-09-03T11:16:31.653+0000][23984][gc,marking   ] GC(112) Concurrent Clear Claimed Marks 0.389ms
[2020-09-03T11:16:31.653+0000][23984][gc,marking   ] GC(112) Concurrent Scan Root Regions
[2020-09-03T11:16:31.655+0000][23984][gc,marking   ] GC(112) Concurrent Scan Root Regions 2.259ms
[2020-09-03T11:16:31.655+0000][23984][gc,marking   ] GC(112) Concurrent Mark (140.657s)
[2020-09-03T11:16:31.655+0000][23984][gc,marking   ] GC(112) Concurrent Mark From Roots
[2020-09-03T11:16:31.655+0000][23984][gc,task      ] GC(112) Using 2 workers of 2 for marking
[2020-09-03T11:16:31.754+0000][23984][gc,marking   ] GC(112) Concurrent Mark From Roots 99.317ms
[2020-09-03T11:16:31.754+0000][23984][gc,marking   ] GC(112) Concurrent Preclean
[2020-09-03T11:16:31.755+0000][23984][gc,marking   ] GC(112) Concurrent Preclean 0.440ms
[2020-09-03T11:16:31.755+0000][23984][gc,marking   ] GC(112) Concurrent Mark (140.657s, 140.757s) 99.868ms
[2020-09-03T11:16:31.755+0000][23984][gc,start     ] GC(112) Pause Remark
[2020-09-03T11:16:31.759+0000][23984][gc           ] GC(112) Pause Remark 311M->311M(1024M) 3.777ms
[2020-09-03T11:16:31.759+0000][23984][gc,cpu       ] GC(112) User=0.00s Sys=0.00s Real=0.00s
[2020-09-03T11:16:31.759+0000][23984][safepoint    ] Safepoint "G1Concurrent", Time since last: 102845500 ns, Reaching safepoint: 135800 ns, At safepoint: 4007500 ns, Total: 4143300 ns
[2020-09-03T11:16:31.759+0000][23984][gc,marking   ] GC(112) Concurrent Rebuild Remembered Sets
[2020-09-03T11:16:31.826+0000][23984][gc,marking   ] GC(112) Concurrent Rebuild Remembered Sets 67.284ms
[2020-09-03T11:16:31.827+0000][23984][gc,start     ] GC(112) Pause Cleanup
[2020-09-03T11:16:31.827+0000][23984][gc           ] GC(112) Pause Cleanup 379M->379M(1024M) 0.237ms
[2020-09-03T11:16:31.827+0000][23984][gc,cpu       ] GC(112) User=0.00s Sys=0.00s Real=0.00s
[2020-09-03T11:16:31.827+0000][23984][safepoint    ] Safepoint "G1Concurrent", Time since last: 67472400 ns, Reaching safepoint: 144600 ns, At safepoint: 387600 ns, Total: 532200 ns
[2020-09-03T11:16:31.827+0000][23984][gc,marking   ] GC(112) Concurrent Cleanup for Next Mark
[2020-09-03T11:16:31.829+0000][23984][gc,marking   ] GC(112) Concurrent Cleanup for Next Mark 1.655ms
[2020-09-03T11:16:31.829+0000][23984][gc           ] GC(112) Concurrent Cycle 176.829ms
[2020-09-03T11:16:31.921+0000][23984][gc,start     ] GC(113) Pause Young (Concurrent Start) (G1 Humongous Allocation)
[2020-09-03T11:16:31.921+0000][23984][gc,task      ] GC(113) Using 8 workers of 8 for evacuation
[2020-09-03T11:16:31.921+0000][23984][gc,age       ] GC(113) Desired survivor size 33554432 bytes, new threshold 15 (max threshold 15)
[2020-09-03T11:16:31.924+0000][23984][gc,age       ] GC(113) Age table with threshold 15 (max threshold 15)
[2020-09-03T11:16:31.924+0000][23984][gc,age       ] GC(113) - age   1:    2779872 bytes,    2779872 total
[2020-09-03T11:16:31.924+0000][23984][gc,age       ] GC(113) - age   2:     199904 bytes,    2979776 total
[2020-09-03T11:16:31.924+0000][23984][gc,age       ] GC(113) - age   3:     205008 bytes,    3184784 total
[2020-09-03T11:16:31.924+0000][23984][gc,age       ] GC(113) - age   4:     199768 bytes,    3384552 total
[2020-09-03T11:16:31.924+0000][23984][gc,age       ] GC(113) - age   5:      39688 bytes,    3424240 total
[2020-09-03T11:16:31.924+0000][23984][gc,age       ] GC(113) - age   6:      12328 bytes,    3436568 total
[2020-09-03T11:16:31.924+0000][23984][gc,age       ] GC(113) - age   7:        912 bytes,    3437480 total
[2020-09-03T11:16:31.924+0000][23984][gc,age       ] GC(113) - age   8:       2792 bytes,    3440272 total
[2020-09-03T11:16:31.924+0000][23984][gc,age       ] GC(113) - age   9:       1080 bytes,    3441352 total
[2020-09-03T11:16:31.924+0000][23984][gc,age       ] GC(113) - age  10:        616 bytes,    3441968 total
[2020-09-03T11:16:31.924+0000][23984][gc,age       ] GC(113) - age  11:       1320 bytes,    3443288 total
[2020-09-03T11:16:31.924+0000][23984][gc,age       ] GC(113) - age  12:        416 bytes,    3443704 total
[2020-09-03T11:16:31.924+0000][23984][gc,age       ] GC(113) - age  13:        904 bytes,    3444608 total
[2020-09-03T11:16:31.924+0000][23984][gc,age       ] GC(113) - age  14:     184960 bytes,    3629568 total
[2020-09-03T11:16:31.924+0000][23984][gc,age       ] GC(113) - age  15:        896 bytes,    3630464 total
[2020-09-03T11:16:31.924+0000][23984][gc,phases    ] GC(113)   Pre Evacuate Collection Set: 0.3ms
[2020-09-03T11:16:31.924+0000][23984][gc,phases    ] GC(113)   Merge Heap Roots: 0.1ms
[2020-09-03T11:16:31.924+0000][23984][gc,phases    ] GC(113)   Evacuate Collection Set: 1.9ms
[2020-09-03T11:16:31.924+0000][23984][gc,phases    ] GC(113)   Post Evacuate Collection Set: 0.8ms
[2020-09-03T11:16:31.924+0000][23984][gc,phases    ] GC(113)   Other: 0.6ms
[2020-09-03T11:16:31.924+0000][23984][gc,heap      ] GC(113) Eden regions: 41->0(506)
[2020-09-03T11:16:31.925+0000][23984][gc,heap      ] GC(113) Survivor regions: 4->4(64)
[2020-09-03T11:16:31.925+0000][23984][gc,heap      ] GC(113) Old regions: 75->76
[2020-09-03T11:16:31.925+0000][23984][gc,heap      ] GC(113) Archive regions: 0->0
[2020-09-03T11:16:31.925+0000][23984][gc,heap      ] GC(113) Humongous regions: 270->174
[2020-09-03T11:16:31.925+0000][23984][gc,metaspace ] GC(113) Metaspace: 83689K(90496K)->83689K(90496K) NonClass: 72738K(76800K)->72738K(76800K) Class: 10951K(13696K)->10951K(13696K)
[2020-09-03T11:16:31.925+0000][23984][gc           ] GC(113) Pause Young (Concurrent Start) (G1 Humongous Allocation) 389M->252M(1024M) 4.029ms
[2020-09-03T11:16:31.925+0000][23984][gc,cpu       ] GC(113) User=0.00s Sys=0.00s Real=0.00s
[2020-09-03T11:16:31.925+0000][23984][safepoint    ] Safepoint "G1TryInitiateConcMark", Time since last: 92841700 ns, Reaching safepoint: 144000 ns, At safepoint: 4132500 ns, Total: 4276500 ns
[2020-09-03T11:16:31.925+0000][23984][gc           ] GC(114) Concurrent Cycle
[2020-09-03T11:16:31.925+0000][23984][gc,marking   ] GC(114) Concurrent Clear Claimed Marks
[2020-09-03T11:16:31.925+0000][23984][gc,marking   ] GC(114) Concurrent Clear Claimed Marks 0.270ms
[2020-09-03T11:16:31.925+0000][23984][gc,marking   ] GC(114) Concurrent Scan Root Regions
[2020-09-03T11:16:31.927+0000][23984][gc,marking   ] GC(114) Concurrent Scan Root Regions 1.793ms
[2020-09-03T11:16:31.927+0000][23984][gc,marking   ] GC(114) Concurrent Mark (140.928s)
[2020-09-03T11:16:31.927+0000][23984][gc,marking   ] GC(114) Concurrent Mark From Roots
[2020-09-03T11:16:31.927+0000][23984][gc,task      ] GC(114) Using 2 workers of 2 for marking
[2020-09-03T11:16:32.008+0000][23984][gc,marking   ] GC(114) Concurrent Mark From Roots 81.093ms
[2020-09-03T11:16:32.008+0000][23984][gc,marking   ] GC(114) Concurrent Preclean
[2020-09-03T11:16:32.009+0000][23984][gc,marking   ] GC(114) Concurrent Preclean 0.474ms
[2020-09-03T11:16:32.009+0000][23984][gc,marking   ] GC(114) Concurrent Mark (140.928s, 141.010s) 81.702ms
[2020-09-03T11:16:32.009+0000][23984][gc,start     ] GC(114) Pause Remark
[2020-09-03T11:16:32.013+0000][23984][gc           ] GC(114) Pause Remark 310M->310M(1024M) 3.942ms
[2020-09-03T11:16:32.013+0000][23984][gc,cpu       ] GC(114) User=0.00s Sys=0.00s Real=0.00s
[2020-09-03T11:16:32.013+0000][23984][safepoint    ] Safepoint "G1Concurrent", Time since last: 84055900 ns, Reaching safepoint: 115500 ns, At safepoint: 4127000 ns, Total: 4242500 ns
[2020-09-03T11:16:32.013+0000][23984][gc,marking   ] GC(114) Concurrent Rebuild Remembered Sets
[2020-09-03T11:16:32.084+0000][23984][gc,marking   ] GC(114) Concurrent Rebuild Remembered Sets 70.600ms
[2020-09-03T11:16:32.084+0000][23984][gc,start     ] GC(114) Pause Cleanup
[2020-09-03T11:16:32.084+0000][23984][gc           ] GC(114) Pause Cleanup 381M->381M(1024M) 0.263ms
[2020-09-03T11:16:32.084+0000][23984][gc,cpu       ] GC(114) User=0.00s Sys=0.00s Real=0.00s
[2020-09-03T11:16:32.084+0000][23984][safepoint    ] Safepoint "G1Concurrent", Time since last: 70780700 ns, Reaching safepoint: 129300 ns, At safepoint: 394200 ns, Total: 523500 ns
[2020-09-03T11:16:32.084+0000][23984][gc,marking   ] GC(114) Concurrent Cleanup for Next Mark
[2020-09-03T11:16:32.086+0000][23984][gc,marking   ] GC(114) Concurrent Cleanup for Next Mark 1.493ms
[2020-09-03T11:16:32.086+0000][23984][gc           ] GC(114) Concurrent Cycle 161.279ms
[2020-09-03T11:16:32.202+0000][23984][safepoint    ] Safepoint "BulkRevokeBias", Time since last: 116670300 ns, Reaching safepoint: 142800 ns, At safepoint: 1289200 ns, Total: 1432000 ns
[2020-09-03T11:16:32.605+0000][23984][safepoint    ] Safepoint "ICBufferFull", Time since last: 402076800 ns, Reaching safepoint: 246600 ns, At safepoint: 44900 ns, Total: 291500 ns
[2020-09-03T11:16:32.670+0000][23984][gc,start     ] GC(115) Pause Young (Concurrent Start) (G1 Humongous Allocation)
[2020-09-03T11:16:32.671+0000][23984][gc,task      ] GC(115) Using 8 workers of 8 for evacuation
[2020-09-03T11:16:32.671+0000][23984][gc,age       ] GC(115) Desired survivor size 33554432 bytes, new threshold 15 (max threshold 15)
[2020-09-03T11:16:32.674+0000][23984][gc,age       ] GC(115) Age table with threshold 15 (max threshold 15)
[2020-09-03T11:16:32.674+0000][23984][gc,age       ] GC(115) - age   1:    3205424 bytes,    3205424 total
[2020-09-03T11:16:32.674+0000][23984][gc,age       ] GC(115) - age   2:       2432 bytes,    3207856 total
[2020-09-03T11:16:32.674+0000][23984][gc,age       ] GC(115) - age   3:       1408 bytes,    3209264 total
[2020-09-03T11:16:32.674+0000][23984][gc,age       ] GC(115) - age   4:       2432 bytes,    3211696 total
[2020-09-03T11:16:32.674+0000][23984][gc,age       ] GC(115) - age   5:       1584 bytes,    3213280 total
[2020-09-03T11:16:32.674+0000][23984][gc,age       ] GC(115) - age   6:      35320 bytes,    3248600 total
[2020-09-03T11:16:32.674+0000][23984][gc,age       ] GC(115) - age   7:      12160 bytes,    3260760 total
[2020-09-03T11:16:32.674+0000][23984][gc,age       ] GC(115) - age   8:        912 bytes,    3261672 total
[2020-09-03T11:16:32.674+0000][23984][gc,age       ] GC(115) - age   9:       2504 bytes,    3264176 total
[2020-09-03T11:16:32.674+0000][23984][gc,age       ] GC(115) - age  10:       1016 bytes,    3265192 total
[2020-09-03T11:16:32.674+0000][23984][gc,age       ] GC(115) - age  11:        520 bytes,    3265712 total
[2020-09-03T11:16:32.674+0000][23984][gc,age       ] GC(115) - age  12:       1256 bytes,    3266968 total
[2020-09-03T11:16:32.675+0000][23984][gc,age       ] GC(115) - age  13:        320 bytes,    3267288 total
[2020-09-03T11:16:32.675+0000][23984][gc,age       ] GC(115) - age  14:        904 bytes,    3268192 total
[2020-09-03T11:16:32.675+0000][23984][gc,age       ] GC(115) - age  15:     135352 bytes,    3403544 total
[2020-09-03T11:16:32.675+0000][23984][gc,phases    ] GC(115)   Pre Evacuate Collection Set: 0.4ms
[2020-09-03T11:16:32.675+0000][23984][gc,phases    ] GC(115)   Merge Heap Roots: 0.1ms
[2020-09-03T11:16:32.675+0000][23984][gc,phases    ] GC(115)   Evacuate Collection Set: 2.0ms
[2020-09-03T11:16:32.675+0000][23984][gc,phases    ] GC(115)   Post Evacuate Collection Set: 0.8ms
[2020-09-03T11:16:32.675+0000][23984][gc,phases    ] GC(115)   Other: 0.9ms
[2020-09-03T11:16:32.675+0000][23984][gc,heap      ] GC(115) Eden regions: 77->0(506)
[2020-09-03T11:16:32.675+0000][23984][gc,heap      ] GC(115) Survivor regions: 4->4(64)
[2020-09-03T11:16:32.675+0000][23984][gc,heap      ] GC(115) Old regions: 76->76
[2020-09-03T11:16:32.675+0000][23984][gc,heap      ] GC(115) Archive regions: 0->0
[2020-09-03T11:16:32.675+0000][23984][gc,heap      ] GC(115) Humongous regions: 270->174
[2020-09-03T11:16:32.675+0000][23984][gc,metaspace ] GC(115) Metaspace: 84348K(91008K)->84348K(91008K) NonClass: 73342K(77312K)->73342K(77312K) Class: 11006K(13696K)->11006K(13696K)
[2020-09-03T11:16:32.675+0000][23984][gc           ] GC(115) Pause Young (Concurrent Start) (G1 Humongous Allocation) 424M->252M(1024M) 4.431ms
[2020-09-03T11:16:32.675+0000][23984][gc,cpu       ] GC(115) User=0.00s Sys=0.00s Real=0.00s
[2020-09-03T11:16:32.675+0000][23984][gc           ] GC(116) Concurrent Cycle
[2020-09-03T11:16:32.675+0000][23984][safepoint    ] Safepoint "G1TryInitiateConcMark", Time since last: 65822400 ns, Reaching safepoint: 143800 ns, At safepoint: 4587800 ns, Total: 4731600 ns
[2020-09-03T11:16:32.675+0000][23984][gc,marking   ] GC(116) Concurrent Clear Claimed Marks
[2020-09-03T11:16:32.675+0000][23984][gc,marking   ] GC(116) Concurrent Clear Claimed Marks 0.421ms
[2020-09-03T11:16:32.676+0000][23984][gc,marking   ] GC(116) Concurrent Scan Root Regions
[2020-09-03T11:16:32.678+0000][23984][gc,marking   ] GC(116) Concurrent Scan Root Regions 2.212ms
[2020-09-03T11:16:32.678+0000][23984][gc,marking   ] GC(116) Concurrent Mark (141.680s)
[2020-09-03T11:16:32.678+0000][23984][gc,marking   ] GC(116) Concurrent Mark From Roots
[2020-09-03T11:16:32.678+0000][23984][gc,task      ] GC(116) Using 2 workers of 2 for marking
[2020-09-03T11:16:32.776+0000][23984][gc,marking   ] GC(116) Concurrent Mark From Roots 97.999ms
[2020-09-03T11:16:32.776+0000][23984][gc,marking   ] GC(116) Concurrent Preclean
[2020-09-03T11:16:32.776+0000][23984][gc,marking   ] GC(116) Concurrent Preclean 0.376ms
[2020-09-03T11:16:32.776+0000][23984][gc,marking   ] GC(116) Concurrent Mark (141.680s, 141.778s) 98.510ms
[2020-09-03T11:16:32.777+0000][23984][gc,start     ] GC(116) Pause Remark
[2020-09-03T11:16:32.781+0000][23984][gc           ] GC(116) Pause Remark 317M->317M(1024M) 4.372ms
[2020-09-03T11:16:32.781+0000][23984][gc,cpu       ] GC(116) User=0.13s Sys=0.00s Real=0.00s
[2020-09-03T11:16:32.781+0000][23984][safepoint    ] Safepoint "G1Concurrent", Time since last: 101490300 ns, Reaching safepoint: 126000 ns, At safepoint: 4577700 ns, Total: 4703700 ns
[2020-09-03T11:16:32.781+0000][23984][gc,marking   ] GC(116) Concurrent Rebuild Remembered Sets
[2020-09-03T11:16:32.850+0000][23984][gc,marking   ] GC(116) Concurrent Rebuild Remembered Sets 69.011ms
[2020-09-03T11:16:32.851+0000][23984][gc,start     ] GC(116) Pause Cleanup
[2020-09-03T11:16:32.851+0000][23984][gc           ] GC(116) Pause Cleanup 323M->323M(1024M) 0.217ms
[2020-09-03T11:16:32.851+0000][23984][gc,cpu       ] GC(116) User=0.00s Sys=0.00s Real=0.00s
[2020-09-03T11:16:32.851+0000][23984][safepoint    ] Safepoint "G1Concurrent", Time since last: 69187800 ns, Reaching safepoint: 148700 ns, At safepoint: 363100 ns, Total: 511800 ns
[2020-09-03T11:16:32.851+0000][23984][gc,marking   ] GC(116) Concurrent Cleanup for Next Mark
[2020-09-03T11:16:32.852+0000][23984][gc,marking   ] GC(116) Concurrent Cleanup for Next Mark 1.295ms
[2020-09-03T11:16:32.852+0000][23984][gc           ] GC(116) Concurrent Cycle 177.351ms
[2020-09-03T11:16:33.315+0000][23984][safepoint    ] Safepoint "ICBufferFull", Time since last: 464119400 ns, Reaching safepoint: 254000 ns, At safepoint: 26600 ns, Total: 280600 ns
[2020-09-03T11:16:33.656+0000][23984][gc,start     ] GC(117) Pause Young (Concurrent Start) (G1 Humongous Allocation)
[2020-09-03T11:16:33.656+0000][23984][gc,task      ] GC(117) Using 8 workers of 8 for evacuation
[2020-09-03T11:16:33.656+0000][23984][gc,age       ] GC(117) Desired survivor size 33554432 bytes, new threshold 15 (max threshold 15)
[2020-09-03T11:16:33.660+0000][23984][gc,age       ] GC(117) Age table with threshold 15 (max threshold 15)
[2020-09-03T11:16:33.660+0000][23984][gc,age       ] GC(117) - age   1:    3450560 bytes,    3450560 total
[2020-09-03T11:16:33.660+0000][23984][gc,age       ] GC(117) - age   2:     406992 bytes,    3857552 total
[2020-09-03T11:16:33.660+0000][23984][gc,age       ] GC(117) - age   3:       1160 bytes,    3858712 total
[2020-09-03T11:16:33.660+0000][23984][gc,age       ] GC(117) - age   4:       1216 bytes,    3859928 total
[2020-09-03T11:16:33.660+0000][23984][gc,age       ] GC(117) - age   5:       2024 bytes,    3861952 total
[2020-09-03T11:16:33.660+0000][23984][gc,age       ] GC(117) - age   6:       1552 bytes,    3863504 total
[2020-09-03T11:16:33.660+0000][23984][gc,age       ] GC(117) - age   7:      32808 bytes,    3896312 total
[2020-09-03T11:16:33.660+0000][23984][gc,age       ] GC(117) - age   8:      12064 bytes,    3908376 total
[2020-09-03T11:16:33.660+0000][23984][gc,age       ] GC(117) - age   9:        912 bytes,    3909288 total
[2020-09-03T11:16:33.660+0000][23984][gc,age       ] GC(117) - age  10:       2504 bytes,    3911792 total
[2020-09-03T11:16:33.661+0000][23984][gc,age       ] GC(117) - age  11:       1016 bytes,    3912808 total
[2020-09-03T11:16:33.661+0000][23984][gc,age       ] GC(117) - age  12:        456 bytes,    3913264 total
[2020-09-03T11:16:33.661+0000][23984][gc,age       ] GC(117) - age  13:       1192 bytes,    3914456 total
[2020-09-03T11:16:33.661+0000][23984][gc,age       ] GC(117) - age  14:        320 bytes,    3914776 total
[2020-09-03T11:16:33.661+0000][23984][gc,age       ] GC(117) - age  15:        872 bytes,    3915648 total
[2020-09-03T11:16:33.661+0000][23984][gc,phases    ] GC(117)   Pre Evacuate Collection Set: 0.4ms
[2020-09-03T11:16:33.661+0000][23984][gc,phases    ] GC(117)   Merge Heap Roots: 0.1ms
[2020-09-03T11:16:33.661+0000][23984][gc,phases    ] GC(117)   Evacuate Collection Set: 2.4ms
[2020-09-03T11:16:33.661+0000][23984][gc,phases    ] GC(117)   Post Evacuate Collection Set: 1.0ms
[2020-09-03T11:16:33.661+0000][23984][gc,phases    ] GC(117)   Other: 1.0ms
[2020-09-03T11:16:33.661+0000][23984][gc,heap      ] GC(117) Eden regions: 66->0(505)
[2020-09-03T11:16:33.661+0000][23984][gc,heap      ] GC(117) Survivor regions: 4->4(64)
[2020-09-03T11:16:33.661+0000][23984][gc,heap      ] GC(117) Old regions: 76->76
[2020-09-03T11:16:33.661+0000][23984][gc,heap      ] GC(117) Archive regions: 0->0
[2020-09-03T11:16:33.661+0000][23984][gc,heap      ] GC(117) Humongous regions: 231->174
[2020-09-03T11:16:33.661+0000][23984][gc,metaspace ] GC(117) Metaspace: 84888K(91520K)->84888K(91520K) NonClass: 73880K(77824K)->73880K(77824K) Class: 11007K(13696K)->11007K(13696K)
[2020-09-03T11:16:33.661+0000][23984][gc           ] GC(117) Pause Young (Concurrent Start) (G1 Humongous Allocation) 374M->253M(1024M) 5.036ms
[2020-09-03T11:16:33.661+0000][23984][gc,cpu       ] GC(117) User=0.00s Sys=0.00s Real=0.01s
[2020-09-03T11:16:33.661+0000][23984][gc           ] GC(118) Concurrent Cycle
[2020-09-03T11:16:33.661+0000][23984][gc,marking   ] GC(118) Concurrent Clear Claimed Marks
[2020-09-03T11:16:33.662+0000][23984][gc,marking   ] GC(118) Concurrent Clear Claimed Marks 0.380ms
[2020-09-03T11:16:33.662+0000][23984][gc,marking   ] GC(118) Concurrent Scan Root Regions
[2020-09-03T11:16:33.664+0000][23984][safepoint    ] Safepoint "G1TryInitiateConcMark", Time since last: 340322700 ns, Reaching safepoint: 438900 ns, At safepoint: 7636100 ns, Total: 8075000 ns
[2020-09-03T11:16:33.664+0000][23984][gc,marking   ] GC(118) Concurrent Scan Root Regions 2.077ms
[2020-09-03T11:16:33.664+0000][23984][gc,marking   ] GC(118) Concurrent Mark (142.666s)
[2020-09-03T11:16:33.664+0000][23984][gc,marking   ] GC(118) Concurrent Mark From Roots
[2020-09-03T11:16:33.664+0000][23984][gc,task      ] GC(118) Using 2 workers of 2 for marking
[2020-09-03T11:16:33.814+0000][23984][gc,marking   ] GC(118) Concurrent Mark From Roots 149.754ms
[2020-09-03T11:16:33.814+0000][23984][gc,marking   ] GC(118) Concurrent Preclean
[2020-09-03T11:16:33.814+0000][23984][gc,marking   ] GC(118) Concurrent Preclean 0.571ms
[2020-09-03T11:16:33.814+0000][23984][gc,marking   ] GC(118) Concurrent Mark (142.666s, 142.816s) 150.509ms
[2020-09-03T11:16:33.814+0000][23984][gc,start     ] GC(118) Pause Remark
[2020-09-03T11:16:33.820+0000][23984][gc           ] GC(118) Pause Remark 326M->326M(1024M) 5.025ms
[2020-09-03T11:16:33.820+0000][23984][gc,cpu       ] GC(118) User=0.00s Sys=0.00s Real=0.01s
[2020-09-03T11:16:33.822+0000][23984][safepoint    ] Safepoint "G1Concurrent", Time since last: 150753900 ns, Reaching safepoint: 160200 ns, At safepoint: 7880200 ns, Total: 8040400 ns
[2020-09-03T11:16:33.822+0000][23984][gc,marking   ] GC(118) Concurrent Rebuild Remembered Sets
[2020-09-03T11:16:33.910+0000][23984][gc,marking   ] GC(118) Concurrent Rebuild Remembered Sets 87.162ms
[2020-09-03T11:16:33.910+0000][23984][gc,start     ] GC(118) Pause Cleanup
[2020-09-03T11:16:33.910+0000][23984][gc           ] GC(118) Pause Cleanup 334M->334M(1024M) 0.228ms
[2020-09-03T11:16:33.910+0000][23984][gc,cpu       ] GC(118) User=0.00s Sys=0.00s Real=0.00s
[2020-09-03T11:16:33.910+0000][23984][safepoint    ] Safepoint "G1Concurrent", Time since last: 87375000 ns, Reaching safepoint: 140200 ns, At safepoint: 368500 ns, Total: 508700 ns
[2020-09-03T11:16:33.910+0000][23984][gc,marking   ] GC(118) Concurrent Cleanup for Next Mark
[2020-09-03T11:16:33.912+0000][23984][gc,marking   ] GC(118) Concurrent Cleanup for Next Mark 1.289ms
[2020-09-03T11:16:33.912+0000][23984][gc           ] GC(118) Concurrent Cycle 250.541ms
[2020-09-03T11:16:34.064+0000][23984][safepoint    ] Safepoint "ICBufferFull", Time since last: 153142300 ns, Reaching safepoint: 312900 ns, At safepoint: 82200 ns, Total: 395100 ns
[2020-09-03T11:16:34.155+0000][23984][safepoint    ] Safepoint "BulkRevokeBias", Time since last: 89936700 ns, Reaching safepoint: 197500 ns, At safepoint: 1285800 ns, Total: 1483300 ns
[2020-09-03T11:16:34.160+0000][23984][gc,start     ] GC(119) Pause Young (Concurrent Start) (G1 Humongous Allocation)
[2020-09-03T11:16:34.160+0000][23984][gc,task      ] GC(119) Using 8 workers of 8 for evacuation
[2020-09-03T11:16:34.160+0000][23984][gc,age       ] GC(119) Desired survivor size 33554432 bytes, new threshold 15 (max threshold 15)
[2020-09-03T11:16:34.164+0000][23984][gc,age       ] GC(119) Age table with threshold 15 (max threshold 15)
[2020-09-03T11:16:34.164+0000][23984][gc,age       ] GC(119) - age   1:    3083024 bytes,    3083024 total
[2020-09-03T11:16:34.164+0000][23984][gc,age       ] GC(119) - age   2:     352288 bytes,    3435312 total
[2020-09-03T11:16:34.164+0000][23984][gc,age       ] GC(119) - age   3:     356944 bytes,    3792256 total
[2020-09-03T11:16:34.164+0000][23984][gc,age       ] GC(119) - age   4:       1000 bytes,    3793256 total
[2020-09-03T11:16:34.164+0000][23984][gc,age       ] GC(119) - age   5:       1216 bytes,    3794472 total
[2020-09-03T11:16:34.164+0000][23984][gc,age       ] GC(119) - age   6:       2024 bytes,    3796496 total
[2020-09-03T11:16:34.164+0000][23984][gc,age       ] GC(119) - age   7:       1488 bytes,    3797984 total
[2020-09-03T11:16:34.164+0000][23984][gc,age       ] GC(119) - age   8:      32808 bytes,    3830792 total
[2020-09-03T11:16:34.164+0000][23984][gc,age       ] GC(119) - age   9:      12064 bytes,    3842856 total
[2020-09-03T11:16:34.164+0000][23984][gc,age       ] GC(119) - age  10:        912 bytes,    3843768 total
[2020-09-03T11:16:34.164+0000][23984][gc,age       ] GC(119) - age  11:       2504 bytes,    3846272 total
[2020-09-03T11:16:34.164+0000][23984][gc,age       ] GC(119) - age  12:       1016 bytes,    3847288 total
[2020-09-03T11:16:34.164+0000][23984][gc,age       ] GC(119) - age  13:        424 bytes,    3847712 total
[2020-09-03T11:16:34.164+0000][23984][gc,age       ] GC(119) - age  14:       1192 bytes,    3848904 total
[2020-09-03T11:16:34.164+0000][23984][gc,age       ] GC(119) - age  15:        320 bytes,    3849224 total
[2020-09-03T11:16:34.164+0000][23984][gc,phases    ] GC(119)   Pre Evacuate Collection Set: 0.4ms
[2020-09-03T11:16:34.164+0000][23984][gc,phases    ] GC(119)   Merge Heap Roots: 0.1ms
[2020-09-03T11:16:34.164+0000][23984][gc,phases    ] GC(119)   Evacuate Collection Set: 2.3ms
[2020-09-03T11:16:34.164+0000][23984][gc,phases    ] GC(119)   Post Evacuate Collection Set: 0.9ms
[2020-09-03T11:16:34.164+0000][23984][gc,phases    ] GC(119)   Other: 0.7ms
[2020-09-03T11:16:34.164+0000][23984][gc,heap      ] GC(119) Eden regions: 58->0(505)
[2020-09-03T11:16:34.164+0000][23984][gc,heap      ] GC(119) Survivor regions: 4->4(64)
[2020-09-03T11:16:34.164+0000][23984][gc,heap      ] GC(119) Old regions: 76->76
[2020-09-03T11:16:34.164+0000][23984][gc,heap      ] GC(119) Archive regions: 0->0
[2020-09-03T11:16:34.164+0000][23984][gc,heap      ] GC(119) Humongous regions: 231->174
[2020-09-03T11:16:34.164+0000][23984][gc,metaspace ] GC(119) Metaspace: 84938K(91520K)->84938K(91520K) NonClass: 73925K(77824K)->73925K(77824K) Class: 11013K(13696K)->11013K(13696K)
[2020-09-03T11:16:34.164+0000][23984][gc           ] GC(119) Pause Young (Concurrent Start) (G1 Humongous Allocation) 368M->253M(1024M) 4.541ms
[2020-09-03T11:16:34.164+0000][23984][gc,cpu       ] GC(119) User=0.00s Sys=0.00s Real=0.00s
[2020-09-03T11:16:34.164+0000][23984][safepoint    ] Safepoint "G1TryInitiateConcMark", Time since last: 4249600 ns, Reaching safepoint: 162400 ns, At safepoint: 4667200 ns, Total: 4829600 ns
[2020-09-03T11:16:34.164+0000][23984][gc           ] GC(120) Concurrent Cycle
[2020-09-03T11:16:34.164+0000][23984][gc,marking   ] GC(120) Concurrent Clear Claimed Marks
[2020-09-03T11:16:34.165+0000][23984][safepoint    ] Safepoint "G1TryInitiateConcMark", Time since last: 83500 ns, Reaching safepoint: 146400 ns, At safepoint: 35700 ns, Total: 182100 ns
[2020-09-03T11:16:34.165+0000][23984][gc,marking   ] GC(120) Concurrent Clear Claimed Marks 0.344ms
[2020-09-03T11:16:34.165+0000][23984][gc,marking   ] GC(120) Concurrent Scan Root Regions
[2020-09-03T11:16:34.165+0000][23984][safepoint    ] Safepoint "G1TryInitiateConcMark", Time since last: 129300 ns, Reaching safepoint: 119100 ns, At safepoint: 28000 ns, Total: 147100 ns
[2020-09-03T11:16:34.165+0000][23984][safepoint    ] Safepoint "G1TryInitiateConcMark", Time since last: 97300 ns, Reaching safepoint: 109800 ns, At safepoint: 93900 ns, Total: 203700 ns
[2020-09-03T11:16:34.168+0000][23984][gc,marking   ] GC(120) Concurrent Scan Root Regions 2.921ms
[2020-09-03T11:16:34.168+0000][23984][gc,marking   ] GC(120) Concurrent Mark (143.170s)
[2020-09-03T11:16:34.168+0000][23984][gc,marking   ] GC(120) Concurrent Mark From Roots
[2020-09-03T11:16:34.168+0000][23984][gc,task      ] GC(120) Using 2 workers of 2 for marking
[2020-09-03T11:16:34.293+0000][23984][gc,marking   ] GC(120) Concurrent Mark From Roots 125.466ms
[2020-09-03T11:16:34.293+0000][23984][gc,marking   ] GC(120) Concurrent Preclean
[2020-09-03T11:16:34.294+0000][23984][gc,marking   ] GC(120) Concurrent Preclean 0.640ms
[2020-09-03T11:16:34.294+0000][23984][gc,marking   ] GC(120) Concurrent Mark (143.170s, 143.296s) 126.271ms
[2020-09-03T11:16:34.294+0000][23984][gc,start     ] GC(120) Pause Remark
[2020-09-03T11:16:34.303+0000][23984][gc           ] GC(120) Pause Remark 317M->317M(1024M) 9.203ms
[2020-09-03T11:16:34.304+0000][23984][gc,cpu       ] GC(120) User=0.03s Sys=0.02s Real=0.01s
[2020-09-03T11:16:34.304+0000][23984][safepoint    ] Safepoint "G1Concurrent", Time since last: 128986200 ns, Reaching safepoint: 156300 ns, At safepoint: 9424100 ns, Total: 9580400 ns
[2020-09-03T11:16:34.304+0000][23984][gc,marking   ] GC(120) Concurrent Rebuild Remembered Sets
[2020-09-03T11:16:34.379+0000][23984][gc,marking   ] GC(120) Concurrent Rebuild Remembered Sets 75.651ms
[2020-09-03T11:16:34.380+0000][23984][gc,start     ] GC(120) Pause Cleanup
[2020-09-03T11:16:34.380+0000][23984][gc           ] GC(120) Pause Cleanup 325M->325M(1024M) 0.263ms
[2020-09-03T11:16:34.380+0000][23984][gc,cpu       ] GC(120) User=0.00s Sys=0.00s Real=0.00s
[2020-09-03T11:16:34.380+0000][23984][safepoint    ] Safepoint "G1Concurrent", Time since last: 75837700 ns, Reaching safepoint: 254400 ns, At safepoint: 409800 ns, Total: 664200 ns
[2020-09-03T11:16:34.380+0000][23984][gc,marking   ] GC(120) Concurrent Cleanup for Next Mark
[2020-09-03T11:16:34.381+0000][23984][gc,marking   ] GC(120) Concurrent Cleanup for Next Mark 1.213ms
[2020-09-03T11:16:34.382+0000][23984][gc           ] GC(120) Concurrent Cycle 217.265ms
[2020-09-03T11:16:34.482+0000][23984][safepoint    ] Safepoint "ICBufferFull", Time since last: 101812900 ns, Reaching safepoint: 323800 ns, At safepoint: 47600 ns, Total: 371400 ns
[2020-09-03T11:16:34.487+0000][23984][gc,start     ] GC(121) Pause Young (Concurrent Start) (G1 Humongous Allocation)
[2020-09-03T11:16:34.488+0000][23984][gc,task      ] GC(121) Using 8 workers of 8 for evacuation
[2020-09-03T11:16:34.488+0000][23984][gc,age       ] GC(121) Desired survivor size 33554432 bytes, new threshold 15 (max threshold 15)
[2020-09-03T11:16:34.491+0000][23984][gc,age       ] GC(121) Age table with threshold 15 (max threshold 15)
[2020-09-03T11:16:34.491+0000][23984][gc,age       ] GC(121) - age   1:    2755424 bytes,    2755424 total
[2020-09-03T11:16:34.491+0000][23984][gc,age       ] GC(121) - age   2:      64408 bytes,    2819832 total
[2020-09-03T11:16:34.491+0000][23984][gc,age       ] GC(121) - age   3:     349944 bytes,    3169776 total
[2020-09-03T11:16:34.491+0000][23984][gc,age       ] GC(121) - age   4:     356784 bytes,    3526560 total
[2020-09-03T11:16:34.491+0000][23984][gc,age       ] GC(121) - age   5:       1000 bytes,    3527560 total
[2020-09-03T11:16:34.491+0000][23984][gc,age       ] GC(121) - age   6:       1184 bytes,    3528744 total
[2020-09-03T11:16:34.491+0000][23984][gc,age       ] GC(121) - age   7:       1992 bytes,    3530736 total
[2020-09-03T11:16:34.491+0000][23984][gc,age       ] GC(121) - age   8:       1456 bytes,    3532192 total
[2020-09-03T11:16:34.491+0000][23984][gc,age       ] GC(121) - age   9:      32808 bytes,    3565000 total
[2020-09-03T11:16:34.491+0000][23984][gc,age       ] GC(121) - age  10:      12000 bytes,    3577000 total
[2020-09-03T11:16:34.491+0000][23984][gc,age       ] GC(121) - age  11:        912 bytes,    3577912 total
[2020-09-03T11:16:34.491+0000][23984][gc,age       ] GC(121) - age  12:       2504 bytes,    3580416 total
[2020-09-03T11:16:34.491+0000][23984][gc,age       ] GC(121) - age  13:       1016 bytes,    3581432 total
[2020-09-03T11:16:34.491+0000][23984][gc,age       ] GC(121) - age  14:        424 bytes,    3581856 total
[2020-09-03T11:16:34.491+0000][23984][gc,age       ] GC(121) - age  15:       1192 bytes,    3583048 total
[2020-09-03T11:16:34.491+0000][23984][gc,phases    ] GC(121)   Pre Evacuate Collection Set: 0.4ms
[2020-09-03T11:16:34.491+0000][23984][gc,phases    ] GC(121)   Merge Heap Roots: 0.1ms
[2020-09-03T11:16:34.491+0000][23984][gc,phases    ] GC(121)   Evacuate Collection Set: 1.9ms
[2020-09-03T11:16:34.491+0000][23984][gc,phases    ] GC(121)   Post Evacuate Collection Set: 0.7ms
[2020-09-03T11:16:34.492+0000][23984][gc,phases    ] GC(121)   Other: 0.9ms
[2020-09-03T11:16:34.492+0000][23984][gc,heap      ] GC(121) Eden regions: 52->0(505)
[2020-09-03T11:16:34.492+0000][23984][gc,heap      ] GC(121) Survivor regions: 4->4(64)
[2020-09-03T11:16:34.492+0000][23984][gc,heap      ] GC(121) Old regions: 76->76
[2020-09-03T11:16:34.492+0000][23984][gc,heap      ] GC(121) Archive regions: 0->0
[2020-09-03T11:16:34.492+0000][23984][gc,heap      ] GC(121) Humongous regions: 232->174
[2020-09-03T11:16:34.492+0000][23984][gc,metaspace ] GC(121) Metaspace: 84971K(91520K)->84971K(91520K) NonClass: 73962K(77824K)->73962K(77824K) Class: 11009K(13696K)->11009K(13696K)
[2020-09-03T11:16:34.492+0000][23984][gc           ] GC(121) Pause Young (Concurrent Start) (G1 Humongous Allocation) 362M->252M(1024M) 4.220ms
[2020-09-03T11:16:34.492+0000][23984][gc,cpu       ] GC(121) User=0.00s Sys=0.00s Real=0.01s
[2020-09-03T11:16:34.492+0000][23984][gc           ] GC(122) Concurrent Cycle
[2020-09-03T11:16:34.492+0000][23984][safepoint    ] Safepoint "G1TryInitiateConcMark", Time since last: 4806000 ns, Reaching safepoint: 264100 ns, At safepoint: 4387400 ns, Total: 4651500 ns
[2020-09-03T11:16:34.492+0000][23984][gc,marking   ] GC(122) Concurrent Clear Claimed Marks
[2020-09-03T11:16:34.492+0000][23984][safepoint    ] Safepoint "G1TryInitiateConcMark", Time since last: 137300 ns, Reaching safepoint: 139000 ns, At safepoint: 36700 ns, Total: 175700 ns
[2020-09-03T11:16:34.492+0000][23984][gc,marking   ] GC(122) Concurrent Clear Claimed Marks 0.371ms
[2020-09-03T11:16:34.492+0000][23984][gc,marking   ] GC(122) Concurrent Scan Root Regions
[2020-09-03T11:16:34.492+0000][23984][safepoint    ] Safepoint "G1TryInitiateConcMark", Time since last: 117900 ns, Reaching safepoint: 112500 ns, At safepoint: 19300 ns, Total: 131800 ns
[2020-09-03T11:16:34.495+0000][23984][gc,marking   ] GC(122) Concurrent Scan Root Regions 2.582ms
[2020-09-03T11:16:34.495+0000][23984][gc,marking   ] GC(122) Concurrent Mark (143.497s)
[2020-09-03T11:16:34.495+0000][23984][gc,marking   ] GC(122) Concurrent Mark From Roots
[2020-09-03T11:16:34.495+0000][23984][gc,task      ] GC(122) Using 2 workers of 2 for marking
[2020-09-03T11:16:34.623+0000][23984][safepoint    ] Safepoint "BulkRevokeBias", Time since last: 128472300 ns, Reaching safepoint: 223700 ns, At safepoint: 1882100 ns, Total: 2105800 ns
[2020-09-03T11:16:34.636+0000][23984][gc,marking   ] GC(122) Concurrent Mark From Roots 140.903ms
[2020-09-03T11:16:34.636+0000][23984][gc,marking   ] GC(122) Concurrent Preclean
[2020-09-03T11:16:34.636+0000][23984][gc,marking   ] GC(122) Concurrent Preclean 0.534ms
[2020-09-03T11:16:34.637+0000][23984][gc,marking   ] GC(122) Concurrent Mark (143.497s, 143.638s) 141.624ms
[2020-09-03T11:16:34.637+0000][23984][gc,start     ] GC(122) Pause Remark
[2020-09-03T11:16:34.641+0000][23984][gc           ] GC(122) Pause Remark 314M->314M(1024M) 4.441ms
[2020-09-03T11:16:34.641+0000][23984][gc,cpu       ] GC(122) User=0.02s Sys=0.00s Real=0.00s
[2020-09-03T11:16:34.641+0000][23984][safepoint    ] Safepoint "G1Concurrent", Time since last: 13656600 ns, Reaching safepoint: 137300 ns, At safepoint: 4637000 ns, Total: 4774300 ns
[2020-09-03T11:16:34.641+0000][23984][gc,marking   ] GC(122) Concurrent Rebuild Remembered Sets
[2020-09-03T11:16:34.719+0000][23984][gc,marking   ] GC(122) Concurrent Rebuild Remembered Sets 77.998ms
[2020-09-03T11:16:34.720+0000][23984][gc,start     ] GC(122) Pause Cleanup
[2020-09-03T11:16:34.720+0000][23984][gc           ] GC(122) Pause Cleanup 317M->317M(1024M) 0.262ms
[2020-09-03T11:16:34.720+0000][23984][gc,cpu       ] GC(122) User=0.00s Sys=0.00s Real=0.00s
[2020-09-03T11:16:34.720+0000][23984][safepoint    ] Safepoint "G1Concurrent", Time since last: 78159500 ns, Reaching safepoint: 133600 ns, At safepoint: 384400 ns, Total: 518000 ns
[2020-09-03T11:16:34.720+0000][23984][gc,marking   ] GC(122) Concurrent Cleanup for Next Mark
[2020-09-03T11:16:34.721+0000][23984][gc,marking   ] GC(122) Concurrent Cleanup for Next Mark 1.131ms
[2020-09-03T11:16:34.721+0000][23984][gc           ] GC(122) Concurrent Cycle 229.526ms
[2020-09-03T11:16:34.860+0000][23984][gc,start     ] GC(123) Pause Young (Concurrent Start) (G1 Humongous Allocation)
[2020-09-03T11:16:34.860+0000][23984][gc,task      ] GC(123) Using 8 workers of 8 for evacuation
[2020-09-03T11:16:34.860+0000][23984][gc,age       ] GC(123) Desired survivor size 33554432 bytes, new threshold 15 (max threshold 15)
[2020-09-03T11:16:34.865+0000][23984][gc,age       ] GC(123) Age table with threshold 15 (max threshold 15)
[2020-09-03T11:16:34.865+0000][23984][gc,age       ] GC(123) - age   1:    2158192 bytes,    2158192 total
[2020-09-03T11:16:34.865+0000][23984][gc,age       ] GC(123) - age   2:       4512 bytes,    2162704 total
[2020-09-03T11:16:34.865+0000][23984][gc,age       ] GC(123) - age   3:      62624 bytes,    2225328 total
[2020-09-03T11:16:34.865+0000][23984][gc,age       ] GC(123) - age   4:     349160 bytes,    2574488 total
[2020-09-03T11:16:34.865+0000][23984][gc,age       ] GC(123) - age   5:     356752 bytes,    2931240 total
[2020-09-03T11:16:34.865+0000][23984][gc,age       ] GC(123) - age   6:       1000 bytes,    2932240 total
[2020-09-03T11:16:34.865+0000][23984][gc,age       ] GC(123) - age   7:       1184 bytes,    2933424 total
[2020-09-03T11:16:34.865+0000][23984][gc,age       ] GC(123) - age   8:       1960 bytes,    2935384 total
[2020-09-03T11:16:34.865+0000][23984][gc,age       ] GC(123) - age   9:       1456 bytes,    2936840 total
[2020-09-03T11:16:34.865+0000][23984][gc,age       ] GC(123) - age  10:      32712 bytes,    2969552 total
[2020-09-03T11:16:34.865+0000][23984][gc,age       ] GC(123) - age  11:      12000 bytes,    2981552 total
[2020-09-03T11:16:34.865+0000][23984][gc,age       ] GC(123) - age  12:        912 bytes,    2982464 total
[2020-09-03T11:16:34.865+0000][23984][gc,age       ] GC(123) - age  13:       2504 bytes,    2984968 total
[2020-09-03T11:16:34.865+0000][23984][gc,age       ] GC(123) - age  14:       1016 bytes,    2985984 total
[2020-09-03T11:16:34.865+0000][23984][gc,age       ] GC(123) - age  15:        424 bytes,    2986408 total
[2020-09-03T11:16:34.866+0000][23984][gc,phases    ] GC(123)   Pre Evacuate Collection Set: 0.6ms
[2020-09-03T11:16:34.866+0000][23984][gc,phases    ] GC(123)   Merge Heap Roots: 0.1ms
[2020-09-03T11:16:34.866+0000][23984][gc,phases    ] GC(123)   Evacuate Collection Set: 2.8ms
[2020-09-03T11:16:34.866+0000][23984][gc,phases    ] GC(123)   Post Evacuate Collection Set: 0.7ms
[2020-09-03T11:16:34.866+0000][23984][gc,phases    ] GC(123)   Other: 1.2ms
[2020-09-03T11:16:34.866+0000][23984][gc,heap      ] GC(123) Eden regions: 59->0(506)
[2020-09-03T11:16:34.866+0000][23984][gc,heap      ] GC(123) Survivor regions: 4->3(64)
[2020-09-03T11:16:34.866+0000][23984][gc,heap      ] GC(123) Old regions: 76->76
[2020-09-03T11:16:34.866+0000][23984][gc,heap      ] GC(123) Archive regions: 0->0
[2020-09-03T11:16:34.866+0000][23984][gc,heap      ] GC(123) Humongous regions: 231->174
[2020-09-03T11:16:34.866+0000][23984][gc,metaspace ] GC(123) Metaspace: 85030K(91520K)->85030K(91520K) NonClass: 74021K(77824K)->74021K(77824K) Class: 11009K(13696K)->11009K(13696K)
[2020-09-03T11:16:34.866+0000][23984][gc           ] GC(123) Pause Young (Concurrent Start) (G1 Humongous Allocation) 368M->252M(1024M) 5.779ms
[2020-09-03T11:16:34.866+0000][23984][gc,cpu       ] GC(123) User=0.00s Sys=0.00s Real=0.01s
[2020-09-03T11:16:34.866+0000][23984][gc           ] GC(124) Concurrent Cycle
[2020-09-03T11:16:34.866+0000][23984][gc,marking   ] GC(124) Concurrent Clear Claimed Marks
[2020-09-03T11:16:34.867+0000][23984][gc,marking   ] GC(124) Concurrent Clear Claimed Marks 0.351ms
[2020-09-03T11:16:34.867+0000][23984][gc,marking   ] GC(124) Concurrent Scan Root Regions
[2020-09-03T11:16:34.868+0000][23984][gc,marking   ] GC(124) Concurrent Scan Root Regions 1.691ms
[2020-09-03T11:16:34.868+0000][23984][gc,marking   ] GC(124) Concurrent Mark (143.870s)
[2020-09-03T11:16:34.868+0000][23984][gc,marking   ] GC(124) Concurrent Mark From Roots
[2020-09-03T11:16:34.868+0000][23984][gc,task      ] GC(124) Using 2 workers of 2 for marking
[2020-09-03T11:16:34.869+0000][23984][safepoint    ] Safepoint "G1TryInitiateConcMark", Time since last: 139867800 ns, Reaching safepoint: 227200 ns, At safepoint: 8372200 ns, Total: 8599400 ns
[2020-09-03T11:16:35.011+0000][23984][gc,marking   ] GC(124) Concurrent Mark From Roots 142.547ms
[2020-09-03T11:16:35.011+0000][23984][gc,marking   ] GC(124) Concurrent Preclean
[2020-09-03T11:16:35.012+0000][23984][gc,marking   ] GC(124) Concurrent Preclean 0.657ms
[2020-09-03T11:16:35.012+0000][23984][gc,marking   ] GC(124) Concurrent Mark (143.870s, 144.014s) 143.368ms
[2020-09-03T11:16:35.012+0000][23984][gc,start     ] GC(124) Pause Remark
[2020-09-03T11:16:35.018+0000][23984][gc           ] GC(124) Pause Remark 292M->292M(1024M) 5.805ms
[2020-09-03T11:16:35.018+0000][23984][gc,cpu       ] GC(124) User=0.05s Sys=0.02s Real=0.01s
[2020-09-03T11:16:35.018+0000][23984][safepoint    ] Safepoint "G1Concurrent", Time since last: 143309500 ns, Reaching safepoint: 179600 ns, At safepoint: 5971300 ns, Total: 6150900 ns
[2020-09-03T11:16:35.018+0000][23984][gc,marking   ] GC(124) Concurrent Rebuild Remembered Sets
[2020-09-03T11:16:35.095+0000][23984][gc,marking   ] GC(124) Concurrent Rebuild Remembered Sets 76.882ms
[2020-09-03T11:16:35.095+0000][23984][gc,start     ] GC(124) Pause Cleanup
[2020-09-03T11:16:35.095+0000][23984][gc           ] GC(124) Pause Cleanup 305M->305M(1024M) 0.263ms
[2020-09-03T11:16:35.096+0000][23984][gc,cpu       ] GC(124) User=0.00s Sys=0.00s Real=0.00s
[2020-09-03T11:16:35.096+0000][23984][safepoint    ] Safepoint "G1Concurrent", Time since last: 77043700 ns, Reaching safepoint: 160800 ns, At safepoint: 406600 ns, Total: 567400 ns
[2020-09-03T11:16:35.096+0000][23984][gc,marking   ] GC(124) Concurrent Cleanup for Next Mark
[2020-09-03T11:16:35.097+0000][23984][gc,marking   ] GC(124) Concurrent Cleanup for Next Mark 1.672ms
[2020-09-03T11:16:35.097+0000][23984][gc           ] GC(124) Concurrent Cycle 231.225ms
[2020-09-03T11:16:35.206+0000][23984][gc,start     ] GC(125) Pause Young (Concurrent Start) (G1 Humongous Allocation)
[2020-09-03T11:16:35.206+0000][23984][gc,task      ] GC(125) Using 8 workers of 8 for evacuation
[2020-09-03T11:16:35.206+0000][23984][gc,age       ] GC(125) Desired survivor size 33554432 bytes, new threshold 15 (max threshold 15)
[2020-09-03T11:16:35.210+0000][23984][gc,age       ] GC(125) Age table with threshold 15 (max threshold 15)
[2020-09-03T11:16:35.210+0000][23984][gc,age       ] GC(125) - age   1:    2183320 bytes,    2183320 total
[2020-09-03T11:16:35.210+0000][23984][gc,age       ] GC(125) - age   2:       4832 bytes,    2188152 total
[2020-09-03T11:16:35.210+0000][23984][gc,age       ] GC(125) - age   3:       3688 bytes,    2191840 total
[2020-09-03T11:16:35.210+0000][23984][gc,age       ] GC(125) - age   4:      62368 bytes,    2254208 total
[2020-09-03T11:16:35.210+0000][23984][gc,age       ] GC(125) - age   5:     348936 bytes,    2603144 total
[2020-09-03T11:16:35.210+0000][23984][gc,age       ] GC(125) - age   6:     356752 bytes,    2959896 total
[2020-09-03T11:16:35.210+0000][23984][gc,age       ] GC(125) - age   7:       1000 bytes,    2960896 total
[2020-09-03T11:16:35.210+0000][23984][gc,age       ] GC(125) - age   8:       1152 bytes,    2962048 total
[2020-09-03T11:16:35.210+0000][23984][gc,age       ] GC(125) - age   9:       1896 bytes,    2963944 total
[2020-09-03T11:16:35.210+0000][23984][gc,age       ] GC(125) - age  10:       1456 bytes,    2965400 total
[2020-09-03T11:16:35.210+0000][23984][gc,age       ] GC(125) - age  11:      32712 bytes,    2998112 total
[2020-09-03T11:16:35.210+0000][23984][gc,age       ] GC(125) - age  12:      11968 bytes,    3010080 total
[2020-09-03T11:16:35.210+0000][23984][gc,age       ] GC(125) - age  13:        912 bytes,    3010992 total
[2020-09-03T11:16:35.210+0000][23984][gc,age       ] GC(125) - age  14:       2504 bytes,    3013496 total
[2020-09-03T11:16:35.210+0000][23984][gc,age       ] GC(125) - age  15:        984 bytes,    3014480 total
[2020-09-03T11:16:35.210+0000][23984][gc,phases    ] GC(125)   Pre Evacuate Collection Set: 0.4ms
[2020-09-03T11:16:35.210+0000][23984][gc,phases    ] GC(125)   Merge Heap Roots: 0.1ms
[2020-09-03T11:16:35.210+0000][23984][gc,phases    ] GC(125)   Evacuate Collection Set: 2.2ms
[2020-09-03T11:16:35.210+0000][23984][gc,phases    ] GC(125)   Post Evacuate Collection Set: 0.7ms
[2020-09-03T11:16:35.210+0000][23984][gc,phases    ] GC(125)   Other: 0.7ms
[2020-09-03T11:16:35.210+0000][23984][gc,heap      ] GC(125) Eden regions: 48->0(505)
[2020-09-03T11:16:35.210+0000][23984][gc,heap      ] GC(125) Survivor regions: 3->4(64)
[2020-09-03T11:16:35.210+0000][23984][gc,heap      ] GC(125) Old regions: 76->76
[2020-09-03T11:16:35.210+0000][23984][gc,heap      ] GC(125) Archive regions: 0->0
[2020-09-03T11:16:35.210+0000][23984][gc,heap      ] GC(125) Humongous regions: 231->174
[2020-09-03T11:16:35.210+0000][23984][gc,metaspace ] GC(125) Metaspace: 85075K(91776K)->85075K(91776K) NonClass: 74066K(78080K)->74066K(78080K) Class: 11009K(13696K)->11009K(13696K)
[2020-09-03T11:16:35.210+0000][23984][gc           ] GC(125) Pause Young (Concurrent Start) (G1 Humongous Allocation) 357M->252M(1024M) 4.373ms
[2020-09-03T11:16:35.210+0000][23984][gc,cpu       ] GC(125) User=0.00s Sys=0.00s Real=0.00s
[2020-09-03T11:16:35.211+0000][23984][gc           ] GC(126) Concurrent Cycle
[2020-09-03T11:16:35.211+0000][23984][safepoint    ] Safepoint "G1TryInitiateConcMark", Time since last: 110101700 ns, Reaching safepoint: 288600 ns, At safepoint: 4601400 ns, Total: 4890000 ns
[2020-09-03T11:16:35.211+0000][23984][gc,marking   ] GC(126) Concurrent Clear Claimed Marks
[2020-09-03T11:16:35.211+0000][23984][safepoint    ] Safepoint "G1TryInitiateConcMark", Time since last: 279400 ns, Reaching safepoint: 141900 ns, At safepoint: 11300 ns, Total: 153200 ns
[2020-09-03T11:16:35.211+0000][23984][gc,marking   ] GC(126) Concurrent Clear Claimed Marks 0.463ms
[2020-09-03T11:16:35.211+0000][23984][gc,marking   ] GC(126) Concurrent Scan Root Regions
[2020-09-03T11:16:35.213+0000][23984][gc,marking   ] GC(126) Concurrent Scan Root Regions 2.283ms
[2020-09-03T11:16:35.213+0000][23984][gc,marking   ] GC(126) Concurrent Mark (144.215s)
[2020-09-03T11:16:35.214+0000][23984][gc,marking   ] GC(126) Concurrent Mark From Roots
[2020-09-03T11:16:35.214+0000][23984][gc,task      ] GC(126) Using 2 workers of 2 for marking
[2020-09-03T11:16:35.360+0000][23984][gc,marking   ] GC(126) Concurrent Mark From Roots 146.403ms
[2020-09-03T11:16:35.360+0000][23984][gc,marking   ] GC(126) Concurrent Preclean
[2020-09-03T11:16:35.361+0000][23984][gc,marking   ] GC(126) Concurrent Preclean 0.536ms
[2020-09-03T11:16:35.361+0000][23984][gc,marking   ] GC(126) Concurrent Mark (144.215s, 144.362s) 147.093ms
[2020-09-03T11:16:35.361+0000][23984][gc,start     ] GC(126) Pause Remark
[2020-09-03T11:16:35.367+0000][23984][gc           ] GC(126) Pause Remark 280M->280M(1024M) 5.821ms
[2020-09-03T11:16:35.367+0000][23984][gc,cpu       ] GC(126) User=0.00s Sys=0.00s Real=0.01s
[2020-09-03T11:16:35.367+0000][23984][safepoint    ] Safepoint "G1Concurrent", Time since last: 149630100 ns, Reaching safepoint: 133900 ns, At safepoint: 5978700 ns, Total: 6112600 ns
[2020-09-03T11:16:35.367+0000][23984][gc,marking   ] GC(126) Concurrent Rebuild Remembered Sets
[2020-09-03T11:16:35.444+0000][23984][gc,marking   ] GC(126) Concurrent Rebuild Remembered Sets 77.101ms
[2020-09-03T11:16:35.444+0000][23984][gc,start     ] GC(126) Pause Cleanup
[2020-09-03T11:16:35.444+0000][23984][gc           ] GC(126) Pause Cleanup 301M->301M(1024M) 0.241ms
[2020-09-03T11:16:35.444+0000][23984][gc,cpu       ] GC(126) User=0.00s Sys=0.00s Real=0.00s
[2020-09-03T11:16:35.444+0000][23984][safepoint    ] Safepoint "G1Concurrent", Time since last: 77246600 ns, Reaching safepoint: 121800 ns, At safepoint: 360900 ns, Total: 482700 ns
[2020-09-03T11:16:35.445+0000][23984][gc,marking   ] GC(126) Concurrent Cleanup for Next Mark
[2020-09-03T11:16:35.446+0000][23984][gc,marking   ] GC(126) Concurrent Cleanup for Next Mark 1.180ms
[2020-09-03T11:16:35.446+0000][23984][gc           ] GC(126) Concurrent Cycle 235.267ms
[2020-09-03T11:16:35.568+0000][23984][gc,start     ] GC(127) Pause Young (Concurrent Start) (G1 Humongous Allocation)
[2020-09-03T11:16:35.568+0000][23984][gc,task      ] GC(127) Using 8 workers of 8 for evacuation
[2020-09-03T11:16:35.568+0000][23984][gc,age       ] GC(127) Desired survivor size 33554432 bytes, new threshold 15 (max threshold 15)
[2020-09-03T11:16:35.572+0000][23984][gc,age       ] GC(127) Age table with threshold 15 (max threshold 15)
[2020-09-03T11:16:35.572+0000][23984][gc,age       ] GC(127) - age   1:    1678008 bytes,    1678008 total
[2020-09-03T11:16:35.572+0000][23984][gc,age       ] GC(127) - age   2:       2592 bytes,    1680600 total
[2020-09-03T11:16:35.572+0000][23984][gc,age       ] GC(127) - age   3:       3672 bytes,    1684272 total
[2020-09-03T11:16:35.572+0000][23984][gc,age       ] GC(127) - age   4:       3296 bytes,    1687568 total
[2020-09-03T11:16:35.572+0000][23984][gc,age       ] GC(127) - age   5:      62144 bytes,    1749712 total
[2020-09-03T11:16:35.572+0000][23984][gc,age       ] GC(127) - age   6:     348808 bytes,    2098520 total
[2020-09-03T11:16:35.572+0000][23984][gc,age       ] GC(127) - age   7:     356752 bytes,    2455272 total
[2020-09-03T11:16:35.572+0000][23984][gc,age       ] GC(127) - age   8:       1000 bytes,    2456272 total
[2020-09-03T11:16:35.572+0000][23984][gc,age       ] GC(127) - age   9:       1152 bytes,    2457424 total
[2020-09-03T11:16:35.572+0000][23984][gc,age       ] GC(127) - age  10:       1896 bytes,    2459320 total
[2020-09-03T11:16:35.572+0000][23984][gc,age       ] GC(127) - age  11:       1456 bytes,    2460776 total
[2020-09-03T11:16:35.572+0000][23984][gc,age       ] GC(127) - age  12:      32712 bytes,    2493488 total
[2020-09-03T11:16:35.572+0000][23984][gc,age       ] GC(127) - age  13:      11968 bytes,    2505456 total
[2020-09-03T11:16:35.572+0000][23984][gc,age       ] GC(127) - age  14:        912 bytes,    2506368 total
[2020-09-03T11:16:35.572+0000][23984][gc,age       ] GC(127) - age  15:       2504 bytes,    2508872 total
[2020-09-03T11:16:35.572+0000][23984][gc,phases    ] GC(127)   Pre Evacuate Collection Set: 0.4ms
[2020-09-03T11:16:35.572+0000][23984][gc,phases    ] GC(127)   Merge Heap Roots: 0.1ms
[2020-09-03T11:16:35.572+0000][23984][gc,phases    ] GC(127)   Evacuate Collection Set: 2.1ms
[2020-09-03T11:16:35.572+0000][23984][gc,phases    ] GC(127)   Post Evacuate Collection Set: 0.8ms
[2020-09-03T11:16:35.572+0000][23984][gc,phases    ] GC(127)   Other: 0.7ms
[2020-09-03T11:16:35.572+0000][23984][gc,heap      ] GC(127) Eden regions: 53->0(507)
[2020-09-03T11:16:35.572+0000][23984][gc,heap      ] GC(127) Survivor regions: 4->3(64)
[2020-09-03T11:16:35.572+0000][23984][gc,heap      ] GC(127) Old regions: 76->76
[2020-09-03T11:16:35.572+0000][23984][gc,heap      ] GC(127) Archive regions: 0->0
[2020-09-03T11:16:35.572+0000][23984][gc,heap      ] GC(127) Humongous regions: 231->174
[2020-09-03T11:16:35.572+0000][23984][gc,metaspace ] GC(127) Metaspace: 85147K(91776K)->85147K(91776K) NonClass: 74136K(78080K)->74136K(78080K) Class: 11010K(13696K)->11010K(13696K)
[2020-09-03T11:16:35.572+0000][23984][gc           ] GC(127) Pause Young (Concurrent Start) (G1 Humongous Allocation) 362M->251M(1024M) 4.281ms
[2020-09-03T11:16:35.573+0000][23984][gc,cpu       ] GC(127) User=0.00s Sys=0.00s Real=0.00s
[2020-09-03T11:16:35.573+0000][23984][gc           ] GC(128) Concurrent Cycle
[2020-09-03T11:16:35.573+0000][23984][safepoint    ] Safepoint "G1TryInitiateConcMark", Time since last: 123532900 ns, Reaching safepoint: 217200 ns, At safepoint: 4445500 ns, Total: 4662700 ns
[2020-09-03T11:16:35.573+0000][23984][gc,marking   ] GC(128) Concurrent Clear Claimed Marks
[2020-09-03T11:16:35.573+0000][23984][gc,marking   ] GC(128) Concurrent Clear Claimed Marks 0.458ms
[2020-09-03T11:16:35.573+0000][23984][gc,marking   ] GC(128) Concurrent Scan Root Regions
[2020-09-03T11:16:35.575+0000][23984][gc,marking   ] GC(128) Concurrent Scan Root Regions 1.675ms
[2020-09-03T11:16:35.575+0000][23984][gc,marking   ] GC(128) Concurrent Mark (144.577s)
[2020-09-03T11:16:35.575+0000][23984][gc,marking   ] GC(128) Concurrent Mark From Roots
[2020-09-03T11:16:35.575+0000][23984][gc,task      ] GC(128) Using 2 workers of 2 for marking
[2020-09-03T11:16:35.729+0000][23984][gc,marking   ] GC(128) Concurrent Mark From Roots 154.431ms
[2020-09-03T11:16:35.729+0000][23984][gc,marking   ] GC(128) Concurrent Preclean
[2020-09-03T11:16:35.730+0000][23984][gc,marking   ] GC(128) Concurrent Preclean 0.620ms
[2020-09-03T11:16:35.730+0000][23984][gc,marking   ] GC(128) Concurrent Mark (144.577s, 144.732s) 155.271ms
[2020-09-03T11:16:35.731+0000][23984][gc,start     ] GC(128) Pause Remark
[2020-09-03T11:16:35.735+0000][23984][gc           ] GC(128) Pause Remark 289M->289M(1024M) 4.229ms
[2020-09-03T11:16:35.735+0000][23984][gc,cpu       ] GC(128) User=0.09s Sys=0.02s Real=0.00s
[2020-09-03T11:16:35.735+0000][23984][safepoint    ] Safepoint "G1Concurrent", Time since last: 157633000 ns, Reaching safepoint: 261700 ns, At safepoint: 4514500 ns, Total: 4776200 ns
[2020-09-03T11:16:35.735+0000][23984][gc,marking   ] GC(128) Concurrent Rebuild Remembered Sets
[2020-09-03T11:16:35.809+0000][23984][gc,marking   ] GC(128) Concurrent Rebuild Remembered Sets 74.212ms
[2020-09-03T11:16:35.810+0000][23984][gc,start     ] GC(128) Pause Cleanup
[2020-09-03T11:16:35.810+0000][23984][gc           ] GC(128) Pause Cleanup 292M->292M(1024M) 0.255ms
[2020-09-03T11:16:35.810+0000][23984][gc,cpu       ] GC(128) User=0.00s Sys=0.00s Real=0.00s
[2020-09-03T11:16:35.810+0000][23984][safepoint    ] Safepoint "G1Concurrent", Time since last: 74426500 ns, Reaching safepoint: 147600 ns, At safepoint: 420800 ns, Total: 568400 ns
[2020-09-03T11:16:35.810+0000][23984][gc,marking   ] GC(128) Concurrent Cleanup for Next Mark
[2020-09-03T11:16:35.811+0000][23984][gc,marking   ] GC(128) Concurrent Cleanup for Next Mark 1.157ms
[2020-09-03T11:16:35.811+0000][23984][gc           ] GC(128) Concurrent Cycle 238.780ms
[2020-09-03T11:16:36.191+0000][23984][gc,start     ] GC(129) Pause Young (Concurrent Start) (G1 Humongous Allocation)
[2020-09-03T11:16:36.191+0000][23984][gc,task      ] GC(129) Using 8 workers of 8 for evacuation
[2020-09-03T11:16:36.191+0000][23984][gc,age       ] GC(129) Desired survivor size 33554432 bytes, new threshold 15 (max threshold 15)
[2020-09-03T11:16:36.194+0000][23984][gc,age       ] GC(129) Age table with threshold 15 (max threshold 15)
[2020-09-03T11:16:36.194+0000][23984][gc,age       ] GC(129) - age   1:    1082152 bytes,    1082152 total
[2020-09-03T11:16:36.194+0000][23984][gc,age       ] GC(129) - age   2:       3696 bytes,    1085848 total
[2020-09-03T11:16:36.194+0000][23984][gc,age       ] GC(129) - age   3:       1416 bytes,    1087264 total
[2020-09-03T11:16:36.194+0000][23984][gc,age       ] GC(129) - age   4:       2616 bytes,    1089880 total
[2020-09-03T11:16:36.194+0000][23984][gc,age       ] GC(129) - age   5:       3200 bytes,    1093080 total
[2020-09-03T11:16:36.194+0000][23984][gc,age       ] GC(129) - age   6:      62048 bytes,    1155128 total
[2020-09-03T11:16:36.194+0000][23984][gc,age       ] GC(129) - age   7:     348168 bytes,    1503296 total
[2020-09-03T11:16:36.194+0000][23984][gc,age       ] GC(129) - age   8:     356752 bytes,    1860048 total
[2020-09-03T11:16:36.194+0000][23984][gc,age       ] GC(129) - age   9:       1000 bytes,    1861048 total
[2020-09-03T11:16:36.194+0000][23984][gc,age       ] GC(129) - age  10:       1152 bytes,    1862200 total
[2020-09-03T11:16:36.194+0000][23984][gc,age       ] GC(129) - age  11:       1864 bytes,    1864064 total
[2020-09-03T11:16:36.194+0000][23984][gc,age       ] GC(129) - age  12:       1424 bytes,    1865488 total
[2020-09-03T11:16:36.194+0000][23984][gc,age       ] GC(129) - age  13:      32680 bytes,    1898168 total
[2020-09-03T11:16:36.194+0000][23984][gc,age       ] GC(129) - age  14:      11936 bytes,    1910104 total
[2020-09-03T11:16:36.194+0000][23984][gc,age       ] GC(129) - age  15:        912 bytes,    1911016 total
[2020-09-03T11:16:36.194+0000][23984][gc,phases    ] GC(129)   Pre Evacuate Collection Set: 0.5ms
[2020-09-03T11:16:36.194+0000][23984][gc,phases    ] GC(129)   Merge Heap Roots: 0.1ms
[2020-09-03T11:16:36.194+0000][23984][gc,phases    ] GC(129)   Evacuate Collection Set: 1.8ms
[2020-09-03T11:16:36.194+0000][23984][gc,phases    ] GC(129)   Post Evacuate Collection Set: 0.6ms
[2020-09-03T11:16:36.194+0000][23984][gc,phases    ] GC(129)   Other: 0.7ms
[2020-09-03T11:16:36.194+0000][23984][gc,heap      ] GC(129) Eden regions: 85->0(509)
[2020-09-03T11:16:36.194+0000][23984][gc,heap      ] GC(129) Survivor regions: 3->2(64)
[2020-09-03T11:16:36.194+0000][23984][gc,heap      ] GC(129) Old regions: 76->76
[2020-09-03T11:16:36.194+0000][23984][gc,heap      ] GC(129) Archive regions: 0->0
[2020-09-03T11:16:36.194+0000][23984][gc,heap      ] GC(129) Humongous regions: 231->174
[2020-09-03T11:16:36.194+0000][23984][gc,metaspace ] GC(129) Metaspace: 85193K(91776K)->85193K(91776K) NonClass: 74182K(78080K)->74182K(78080K) Class: 11010K(13696K)->11010K(13696K)
[2020-09-03T11:16:36.195+0000][23984][gc           ] GC(129) Pause Young (Concurrent Start) (G1 Humongous Allocation) 393M->251M(1024M) 3.919ms
[2020-09-03T11:16:36.195+0000][23984][gc,cpu       ] GC(129) User=0.00s Sys=0.00s Real=0.00s
[2020-09-03T11:16:36.195+0000][23984][safepoint    ] Safepoint "G1TryInitiateConcMark", Time since last: 380005000 ns, Reaching safepoint: 192700 ns, At safepoint: 4057400 ns, Total: 4250100 ns
[2020-09-03T11:16:36.195+0000][23984][gc           ] GC(130) Concurrent Cycle
[2020-09-03T11:16:36.195+0000][23984][gc,marking   ] GC(130) Concurrent Clear Claimed Marks
[2020-09-03T11:16:36.195+0000][23984][gc,marking   ] GC(130) Concurrent Clear Claimed Marks 0.618ms
[2020-09-03T11:16:36.196+0000][23984][gc,marking   ] GC(130) Concurrent Scan Root Regions
[2020-09-03T11:16:36.198+0000][23984][gc,marking   ] GC(130) Concurrent Scan Root Regions 2.178ms
[2020-09-03T11:16:36.198+0000][23984][gc,marking   ] GC(130) Concurrent Mark (145.199s)
[2020-09-03T11:16:36.198+0000][23984][gc,marking   ] GC(130) Concurrent Mark From Roots
[2020-09-03T11:16:36.198+0000][23984][gc,task      ] GC(130) Using 2 workers of 2 for marking
[2020-09-03T11:16:36.298+0000][23984][gc,marking   ] GC(130) Concurrent Mark From Roots 99.992ms
[2020-09-03T11:16:36.298+0000][23984][gc,marking   ] GC(130) Concurrent Preclean
[2020-09-03T11:16:36.298+0000][23984][gc,marking   ] GC(130) Concurrent Preclean 0.363ms
[2020-09-03T11:16:36.298+0000][23984][gc,marking   ] GC(130) Concurrent Mark (145.199s, 145.300s) 100.509ms
[2020-09-03T11:16:36.299+0000][23984][gc,start     ] GC(130) Pause Remark
[2020-09-03T11:16:36.303+0000][23984][gc           ] GC(130) Pause Remark 279M->279M(1024M) 4.513ms
[2020-09-03T11:16:36.303+0000][23984][gc,cpu       ] GC(130) User=0.00s Sys=0.00s Real=0.00s
[2020-09-03T11:16:36.303+0000][23984][safepoint    ] Safepoint "G1Concurrent", Time since last: 103747800 ns, Reaching safepoint: 160800 ns, At safepoint: 4661700 ns, Total: 4822500 ns
[2020-09-03T11:16:36.303+0000][23984][gc,marking   ] GC(130) Concurrent Rebuild Remembered Sets
[2020-09-03T11:16:36.385+0000][23984][gc,marking   ] GC(130) Concurrent Rebuild Remembered Sets 81.314ms
[2020-09-03T11:16:36.385+0000][23984][gc,start     ] GC(130) Pause Cleanup
[2020-09-03T11:16:36.385+0000][23984][gc           ] GC(130) Pause Cleanup 347M->347M(1024M) 0.281ms
[2020-09-03T11:16:36.385+0000][23984][gc,cpu       ] GC(130) User=0.00s Sys=0.00s Real=0.00s
[2020-09-03T11:16:36.385+0000][23984][safepoint    ] Safepoint "G1Concurrent", Time since last: 81486600 ns, Reaching safepoint: 183500 ns, At safepoint: 428200 ns, Total: 611700 ns
[2020-09-03T11:16:36.385+0000][23984][gc,marking   ] GC(130) Concurrent Cleanup for Next Mark
[2020-09-03T11:16:36.387+0000][23984][gc,marking   ] GC(130) Concurrent Cleanup for Next Mark 1.914ms
[2020-09-03T11:16:36.387+0000][23984][gc           ] GC(130) Concurrent Cycle 192.756ms
[2020-09-03T11:16:36.472+0000][23984][gc,start     ] GC(131) Pause Young (Concurrent Start) (G1 Humongous Allocation)
[2020-09-03T11:16:36.472+0000][23984][gc,task      ] GC(131) Using 8 workers of 8 for evacuation
[2020-09-03T11:16:36.472+0000][23984][gc,age       ] GC(131) Desired survivor size 33554432 bytes, new threshold 15 (max threshold 15)
[2020-09-03T11:16:36.476+0000][23984][gc,age       ] GC(131) Age table with threshold 15 (max threshold 15)
[2020-09-03T11:16:36.476+0000][23984][gc,age       ] GC(131) - age   1:     658160 bytes,     658160 total
[2020-09-03T11:16:36.476+0000][23984][gc,age       ] GC(131) - age   2:       8848 bytes,     667008 total
[2020-09-03T11:16:36.476+0000][23984][gc,age       ] GC(131) - age   3:       2968 bytes,     669976 total
[2020-09-03T11:16:36.476+0000][23984][gc,age       ] GC(131) - age   4:       1416 bytes,     671392 total
[2020-09-03T11:16:36.476+0000][23984][gc,age       ] GC(131) - age   5:       2616 bytes,     674008 total
[2020-09-03T11:16:36.476+0000][23984][gc,age       ] GC(131) - age   6:       3200 bytes,     677208 total
[2020-09-03T11:16:36.476+0000][23984][gc,age       ] GC(131) - age   7:      61920 bytes,     739128 total
[2020-09-03T11:16:36.476+0000][23984][gc,age       ] GC(131) - age   8:     347496 bytes,    1086624 total
[2020-09-03T11:16:36.476+0000][23984][gc,age       ] GC(131) - age   9:     356592 bytes,    1443216 total
[2020-09-03T11:16:36.476+0000][23984][gc,age       ] GC(131) - age  10:       1000 bytes,    1444216 total
[2020-09-03T11:16:36.476+0000][23984][gc,age       ] GC(131) - age  11:       1152 bytes,    1445368 total
[2020-09-03T11:16:36.476+0000][23984][gc,age       ] GC(131) - age  12:       1832 bytes,    1447200 total
[2020-09-03T11:16:36.476+0000][23984][gc,age       ] GC(131) - age  13:       1424 bytes,    1448624 total
[2020-09-03T11:16:36.477+0000][23984][gc,age       ] GC(131) - age  14:      32680 bytes,    1481304 total
[2020-09-03T11:16:36.477+0000][23984][gc,age       ] GC(131) - age  15:      11872 bytes,    1493176 total
[2020-09-03T11:16:36.477+0000][23984][gc,phases    ] GC(131)   Pre Evacuate Collection Set: 0.4ms
[2020-09-03T11:16:36.477+0000][23984][gc,phases    ] GC(131)   Merge Heap Roots: 0.1ms
[2020-09-03T11:16:36.477+0000][23984][gc,phases    ] GC(131)   Evacuate Collection Set: 2.4ms
[2020-09-03T11:16:36.477+0000][23984][gc,phases    ] GC(131)   Post Evacuate Collection Set: 0.8ms
[2020-09-03T11:16:36.477+0000][23984][gc,phases    ] GC(131)   Other: 0.9ms
[2020-09-03T11:16:36.477+0000][23984][gc,heap      ] GC(131) Eden regions: 53->0(510)
[2020-09-03T11:16:36.477+0000][23984][gc,heap      ] GC(131) Survivor regions: 2->2(64)
[2020-09-03T11:16:36.477+0000][23984][gc,heap      ] GC(131) Old regions: 76->76
[2020-09-03T11:16:36.477+0000][23984][gc,heap      ] GC(131) Archive regions: 0->0
[2020-09-03T11:16:36.477+0000][23984][gc,heap      ] GC(131) Humongous regions: 231->174
[2020-09-03T11:16:36.477+0000][23984][gc,metaspace ] GC(131) Metaspace: 85236K(91776K)->85236K(91776K) NonClass: 74223K(78080K)->74223K(78080K) Class: 11013K(13696K)->11013K(13696K)
[2020-09-03T11:16:36.477+0000][23984][gc           ] GC(131) Pause Young (Concurrent Start) (G1 Humongous Allocation) 361M->250M(1024M) 4.930ms
[2020-09-03T11:16:36.477+0000][23984][gc,cpu       ] GC(131) User=0.00s Sys=0.00s Real=0.01s
[2020-09-03T11:16:36.477+0000][23984][gc           ] GC(132) Concurrent Cycle
[2020-09-03T11:16:36.477+0000][23984][safepoint    ] Safepoint "G1TryInitiateConcMark", Time since last: 86613300 ns, Reaching safepoint: 167500 ns, At safepoint: 5100600 ns, Total: 5268100 ns
[2020-09-03T11:16:36.477+0000][23984][gc,marking   ] GC(132) Concurrent Clear Claimed Marks
[2020-09-03T11:16:36.478+0000][23984][gc,marking   ] GC(132) Concurrent Clear Claimed Marks 0.506ms
[2020-09-03T11:16:36.478+0000][23984][gc,marking   ] GC(132) Concurrent Scan Root Regions
[2020-09-03T11:16:36.480+0000][23984][gc,marking   ] GC(132) Concurrent Scan Root Regions 2.066ms
[2020-09-03T11:16:36.480+0000][23984][gc,marking   ] GC(132) Concurrent Mark (145.482s)
[2020-09-03T11:16:36.480+0000][23984][gc,marking   ] GC(132) Concurrent Mark From Roots
[2020-09-03T11:16:36.480+0000][23984][gc,task      ] GC(132) Using 2 workers of 2 for marking
[2020-09-03T11:16:36.570+0000][23984][gc,marking   ] GC(132) Concurrent Mark From Roots 90.064ms
[2020-09-03T11:16:36.570+0000][23984][gc,marking   ] GC(132) Concurrent Preclean
[2020-09-03T11:16:36.571+0000][23984][gc,marking   ] GC(132) Concurrent Preclean 0.435ms
[2020-09-03T11:16:36.571+0000][23984][gc,marking   ] GC(132) Concurrent Mark (145.482s, 145.572s) 90.634ms
[2020-09-03T11:16:36.571+0000][23984][gc,start     ] GC(132) Pause Remark
[2020-09-03T11:16:36.575+0000][23984][gc           ] GC(132) Pause Remark 267M->267M(1024M) 3.981ms
[2020-09-03T11:16:36.575+0000][23984][gc,cpu       ] GC(132) User=0.00s Sys=0.00s Real=0.00s
[2020-09-03T11:16:36.575+0000][23984][safepoint    ] Safepoint "G1Concurrent", Time since last: 93464500 ns, Reaching safepoint: 127500 ns, At safepoint: 4157800 ns, Total: 4285300 ns
[2020-09-03T11:16:36.575+0000][23984][gc,marking   ] GC(132) Concurrent Rebuild Remembered Sets
[2020-09-03T11:16:36.637+0000][23984][gc,marking   ] GC(132) Concurrent Rebuild Remembered Sets 61.801ms
[2020-09-03T11:16:36.637+0000][23984][gc,start     ] GC(132) Pause Cleanup
[2020-09-03T11:16:36.637+0000][23984][gc           ] GC(132) Pause Cleanup 273M->273M(1024M) 0.232ms
[2020-09-03T11:16:36.637+0000][23984][gc,cpu       ] GC(132) User=0.00s Sys=0.00s Real=0.00s
[2020-09-03T11:16:36.637+0000][23984][safepoint    ] Safepoint "G1Concurrent", Time since last: 61939900 ns, Reaching safepoint: 142400 ns, At safepoint: 356400 ns, Total: 498800 ns
[2020-09-03T11:16:36.637+0000][23984][gc,marking   ] GC(132) Concurrent Cleanup for Next Mark
[2020-09-03T11:16:36.638+0000][23984][gc,marking   ] GC(132) Concurrent Cleanup for Next Mark 1.042ms
[2020-09-03T11:16:36.639+0000][23984][gc           ] GC(132) Concurrent Cycle 161.486ms
[2020-09-03T11:16:36.941+0000][23984][safepoint    ] Safepoint "BulkRevokeBias", Time since last: 302485200 ns, Reaching safepoint: 146900 ns, At safepoint: 1132900 ns, Total: 1279800 ns
[2020-09-03T11:16:36.971+0000][23984][gc,start     ] GC(133) Pause Young (Concurrent Start) (G1 Humongous Allocation)
[2020-09-03T11:16:36.971+0000][23984][gc,task      ] GC(133) Using 8 workers of 8 for evacuation
[2020-09-03T11:16:36.971+0000][23984][gc,age       ] GC(133) Desired survivor size 33554432 bytes, new threshold 15 (max threshold 15)
[2020-09-03T11:16:36.974+0000][23984][gc,age       ] GC(133) Age table with threshold 15 (max threshold 15)
[2020-09-03T11:16:36.974+0000][23984][gc,age       ] GC(133) - age   1:     949296 bytes,     949296 total
[2020-09-03T11:16:36.974+0000][23984][gc,age       ] GC(133) - age   2:       6800 bytes,     956096 total
[2020-09-03T11:16:36.974+0000][23984][gc,age       ] GC(133) - age   3:       2592 bytes,     958688 total
[2020-09-03T11:16:36.974+0000][23984][gc,age       ] GC(133) - age   4:       2632 bytes,     961320 total
[2020-09-03T11:16:36.974+0000][23984][gc,age       ] GC(133) - age   5:       1320 bytes,     962640 total
[2020-09-03T11:16:36.974+0000][23984][gc,age       ] GC(133) - age   6:       2520 bytes,     965160 total
[2020-09-03T11:16:36.974+0000][23984][gc,age       ] GC(133) - age   7:       3136 bytes,     968296 total
[2020-09-03T11:16:36.974+0000][23984][gc,age       ] GC(133) - age   8:      61760 bytes,    1030056 total
[2020-09-03T11:16:36.974+0000][23984][gc,age       ] GC(133) - age   9:     343208 bytes,    1373264 total
[2020-09-03T11:16:36.974+0000][23984][gc,age       ] GC(133) - age  10:     356560 bytes,    1729824 total
[2020-09-03T11:16:36.974+0000][23984][gc,age       ] GC(133) - age  11:       1000 bytes,    1730824 total
[2020-09-03T11:16:36.974+0000][23984][gc,age       ] GC(133) - age  12:        880 bytes,    1731704 total
[2020-09-03T11:16:36.974+0000][23984][gc,age       ] GC(133) - age  13:       1832 bytes,    1733536 total
[2020-09-03T11:16:36.974+0000][23984][gc,age       ] GC(133) - age  14:       1360 bytes,    1734896 total
[2020-09-03T11:16:36.974+0000][23984][gc,age       ] GC(133) - age  15:      32680 bytes,    1767576 total
[2020-09-03T11:16:36.974+0000][23984][gc,phases    ] GC(133)   Pre Evacuate Collection Set: 0.3ms
[2020-09-03T11:16:36.974+0000][23984][gc,phases    ] GC(133)   Merge Heap Roots: 0.1ms
[2020-09-03T11:16:36.974+0000][23984][gc,phases    ] GC(133)   Evacuate Collection Set: 1.9ms
[2020-09-03T11:16:36.974+0000][23984][gc,phases    ] GC(133)   Post Evacuate Collection Set: 0.6ms
[2020-09-03T11:16:36.974+0000][23984][gc,phases    ] GC(133)   Other: 0.7ms
[2020-09-03T11:16:36.974+0000][23984][gc,heap      ] GC(133) Eden regions: 64->0(510)
[2020-09-03T11:16:36.974+0000][23984][gc,heap      ] GC(133) Survivor regions: 2->2(64)
[2020-09-03T11:16:36.974+0000][23984][gc,heap      ] GC(133) Old regions: 76->76
[2020-09-03T11:16:36.974+0000][23984][gc,heap      ] GC(133) Archive regions: 0->0
[2020-09-03T11:16:36.974+0000][23984][gc,heap      ] GC(133) Humongous regions: 231->174
[2020-09-03T11:16:36.974+0000][23984][gc,metaspace ] GC(133) Metaspace: 85269K(91776K)->85269K(91776K) NonClass: 74255K(78080K)->74255K(78080K) Class: 11013K(13696K)->11013K(13696K)
[2020-09-03T11:16:36.974+0000][23984][gc           ] GC(133) Pause Young (Concurrent Start) (G1 Humongous Allocation) 371M->250M(1024M) 3.874ms
[2020-09-03T11:16:36.974+0000][23984][gc,cpu       ] GC(133) User=0.00s Sys=0.00s Real=0.00s
[2020-09-03T11:16:36.974+0000][23984][safepoint    ] Safepoint "G1TryInitiateConcMark", Time since last: 29158800 ns, Reaching safepoint: 167700 ns, At safepoint: 4032900 ns, Total: 4200600 ns
[2020-09-03T11:16:36.975+0000][23984][gc           ] GC(134) Concurrent Cycle
[2020-09-03T11:16:36.975+0000][23984][gc,marking   ] GC(134) Concurrent Clear Claimed Marks
[2020-09-03T11:16:36.975+0000][23984][gc,marking   ] GC(134) Concurrent Clear Claimed Marks 0.498ms
[2020-09-03T11:16:36.975+0000][23984][gc,marking   ] GC(134) Concurrent Scan Root Regions
[2020-09-03T11:16:36.977+0000][23984][gc,marking   ] GC(134) Concurrent Scan Root Regions 1.637ms
[2020-09-03T11:16:36.977+0000][23984][gc,marking   ] GC(134) Concurrent Mark (145.978s)
[2020-09-03T11:16:36.977+0000][23984][gc,marking   ] GC(134) Concurrent Mark From Roots
[2020-09-03T11:16:36.977+0000][23984][gc,task      ] GC(134) Using 2 workers of 2 for marking
[2020-09-03T11:16:37.077+0000][23984][gc,marking   ] GC(134) Concurrent Mark From Roots 99.685ms
[2020-09-03T11:16:37.077+0000][23984][gc,marking   ] GC(134) Concurrent Preclean
[2020-09-03T11:16:37.077+0000][23984][gc,marking   ] GC(134) Concurrent Preclean 0.604ms
[2020-09-03T11:16:37.077+0000][23984][gc,marking   ] GC(134) Concurrent Mark (145.978s, 146.079s) 100.437ms
[2020-09-03T11:16:37.078+0000][23984][gc,start     ] GC(134) Pause Remark
[2020-09-03T11:16:37.082+0000][23984][gc           ] GC(134) Pause Remark 274M->274M(1024M) 4.741ms
[2020-09-03T11:16:37.082+0000][23984][gc,cpu       ] GC(134) User=0.00s Sys=0.00s Real=0.00s
[2020-09-03T11:16:37.082+0000][23984][safepoint    ] Safepoint "G1Concurrent", Time since last: 102888100 ns, Reaching safepoint: 137100 ns, At safepoint: 4899200 ns, Total: 5036300 ns
[2020-09-03T11:16:37.082+0000][23984][gc,marking   ] GC(134) Concurrent Rebuild Remembered Sets
[2020-09-03T11:16:37.144+0000][23984][gc,marking   ] GC(134) Concurrent Rebuild Remembered Sets 61.516ms
[2020-09-03T11:16:37.144+0000][23984][gc,start     ] GC(134) Pause Cleanup
[2020-09-03T11:16:37.145+0000][23984][gc           ] GC(134) Pause Cleanup 280M->280M(1024M) 0.231ms
[2020-09-03T11:16:37.145+0000][23984][gc,cpu       ] GC(134) User=0.00s Sys=0.00s Real=0.00s
[2020-09-03T11:16:37.145+0000][23984][safepoint    ] Safepoint "G1Concurrent", Time since last: 61672600 ns, Reaching safepoint: 148600 ns, At safepoint: 456800 ns, Total: 605400 ns
[2020-09-03T11:16:37.145+0000][23984][gc,marking   ] GC(134) Concurrent Cleanup for Next Mark
[2020-09-03T11:16:37.147+0000][23984][gc,marking   ] GC(134) Concurrent Cleanup for Next Mark 1.881ms
[2020-09-03T11:16:37.147+0000][23984][gc           ] GC(134) Concurrent Cycle 172.291ms
[2020-09-03T11:16:37.332+0000][23984][gc,start     ] GC(135) Pause Young (Concurrent Start) (G1 Humongous Allocation)
[2020-09-03T11:16:37.332+0000][23984][gc,task      ] GC(135) Using 8 workers of 8 for evacuation
[2020-09-03T11:16:37.332+0000][23984][gc,age       ] GC(135) Desired survivor size 33554432 bytes, new threshold 15 (max threshold 15)
[2020-09-03T11:16:37.337+0000][23984][gc,age       ] GC(135) Age table with threshold 15 (max threshold 15)
[2020-09-03T11:16:37.337+0000][23984][gc,age       ] GC(135) - age   1:     712520 bytes,     712520 total
[2020-09-03T11:16:37.337+0000][23984][gc,age       ] GC(135) - age   2:      11296 bytes,     723816 total
[2020-09-03T11:16:37.337+0000][23984][gc,age       ] GC(135) - age   3:       6000 bytes,     729816 total
[2020-09-03T11:16:37.337+0000][23984][gc,age       ] GC(135) - age   4:       2240 bytes,     732056 total
[2020-09-03T11:16:37.337+0000][23984][gc,age       ] GC(135) - age   5:       2600 bytes,     734656 total
[2020-09-03T11:16:37.337+0000][23984][gc,age       ] GC(135) - age   6:       1288 bytes,     735944 total
[2020-09-03T11:16:37.337+0000][23984][gc,age       ] GC(135) - age   7:       2488 bytes,     738432 total
[2020-09-03T11:16:37.337+0000][23984][gc,age       ] GC(135) - age   8:       3136 bytes,     741568 total
[2020-09-03T11:16:37.338+0000][23984][gc,age       ] GC(135) - age   9:      61760 bytes,     803328 total
[2020-09-03T11:16:37.338+0000][23984][gc,age       ] GC(135) - age  10:     342504 bytes,    1145832 total
[2020-09-03T11:16:37.338+0000][23984][gc,age       ] GC(135) - age  11:     356560 bytes,    1502392 total
[2020-09-03T11:16:37.338+0000][23984][gc,age       ] GC(135) - age  12:       1000 bytes,    1503392 total
[2020-09-03T11:16:37.338+0000][23984][gc,age       ] GC(135) - age  13:        880 bytes,    1504272 total
[2020-09-03T11:16:37.338+0000][23984][gc,age       ] GC(135) - age  14:       1832 bytes,    1506104 total
[2020-09-03T11:16:37.338+0000][23984][gc,age       ] GC(135) - age  15:       1360 bytes,    1507464 total
[2020-09-03T11:16:37.338+0000][23984][gc,phases    ] GC(135)   Pre Evacuate Collection Set: 0.7ms
[2020-09-03T11:16:37.338+0000][23984][gc,phases    ] GC(135)   Merge Heap Roots: 0.1ms
[2020-09-03T11:16:37.338+0000][23984][gc,phases    ] GC(135)   Evacuate Collection Set: 3.0ms
[2020-09-03T11:16:37.338+0000][23984][gc,phases    ] GC(135)   Post Evacuate Collection Set: 0.8ms
[2020-09-03T11:16:37.338+0000][23984][gc,phases    ] GC(135)   Other: 0.9ms
[2020-09-03T11:16:37.338+0000][23984][gc,heap      ] GC(135) Eden regions: 54->0(511)
[2020-09-03T11:16:37.338+0000][23984][gc,heap      ] GC(135) Survivor regions: 2->2(64)
[2020-09-03T11:16:37.338+0000][23984][gc,heap      ] GC(135) Old regions: 76->76
[2020-09-03T11:16:37.338+0000][23984][gc,heap      ] GC(135) Archive regions: 0->0
[2020-09-03T11:16:37.338+0000][23984][gc,heap      ] GC(135) Humongous regions: 231->174
[2020-09-03T11:16:37.338+0000][23984][gc,metaspace ] GC(135) Metaspace: 85356K(92032K)->85356K(92032K) NonClass: 74343K(78336K)->74343K(78336K) Class: 11013K(13696K)->11013K(13696K)
[2020-09-03T11:16:37.338+0000][23984][gc           ] GC(135) Pause Young (Concurrent Start) (G1 Humongous Allocation) 361M->250M(1024M) 5.753ms
[2020-09-03T11:16:37.338+0000][23984][gc,cpu       ] GC(135) User=0.00s Sys=0.00s Real=0.01s
[2020-09-03T11:16:37.338+0000][23984][gc           ] GC(136) Concurrent Cycle
[2020-09-03T11:16:37.338+0000][23984][safepoint    ] Safepoint "G1TryInitiateConcMark", Time since last: 187413800 ns, Reaching safepoint: 153400 ns, At safepoint: 5906500 ns, Total: 6059900 ns
[2020-09-03T11:16:37.338+0000][23984][gc,marking   ] GC(136) Concurrent Clear Claimed Marks
[2020-09-03T11:16:37.339+0000][23984][gc,marking   ] GC(136) Concurrent Clear Claimed Marks 0.759ms
[2020-09-03T11:16:37.339+0000][23984][gc,marking   ] GC(136) Concurrent Scan Root Regions
[2020-09-03T11:16:37.341+0000][23984][gc,marking   ] GC(136) Concurrent Scan Root Regions 2.174ms
[2020-09-03T11:16:37.341+0000][23984][gc,marking   ] GC(136) Concurrent Mark (146.343s)
[2020-09-03T11:16:37.341+0000][23984][gc,marking   ] GC(136) Concurrent Mark From Roots
[2020-09-03T11:16:37.341+0000][23984][gc,task      ] GC(136) Using 2 workers of 2 for marking
[2020-09-03T11:16:37.470+0000][23984][gc,marking   ] GC(136) Concurrent Mark From Roots 128.446ms
[2020-09-03T11:16:37.470+0000][23984][gc,marking   ] GC(136) Concurrent Preclean
[2020-09-03T11:16:37.470+0000][23984][gc,marking   ] GC(136) Concurrent Preclean 0.518ms
[2020-09-03T11:16:37.470+0000][23984][gc,marking   ] GC(136) Concurrent Mark (146.343s, 146.472s) 129.108ms
[2020-09-03T11:16:37.471+0000][23984][gc,start     ] GC(136) Pause Remark
[2020-09-03T11:16:37.475+0000][23984][gc           ] GC(136) Pause Remark 269M->269M(1024M) 4.565ms
[2020-09-03T11:16:37.475+0000][23984][gc,cpu       ] GC(136) User=0.00s Sys=0.00s Real=0.00s
[2020-09-03T11:16:37.475+0000][23984][safepoint    ] Safepoint "G1Concurrent", Time since last: 132276000 ns, Reaching safepoint: 156100 ns, At safepoint: 4766800 ns, Total: 4922900 ns
[2020-09-03T11:16:37.475+0000][23984][gc,marking   ] GC(136) Concurrent Rebuild Remembered Sets
[2020-09-03T11:16:37.555+0000][23984][gc,marking   ] GC(136) Concurrent Rebuild Remembered Sets 79.944ms
[2020-09-03T11:16:37.556+0000][23984][gc,start     ] GC(136) Pause Cleanup
[2020-09-03T11:16:37.556+0000][23984][gc           ] GC(136) Pause Cleanup 302M->302M(1024M) 0.252ms
[2020-09-03T11:16:37.556+0000][23984][gc,cpu       ] GC(136) User=0.00s Sys=0.00s Real=0.00s
[2020-09-03T11:16:37.556+0000][23984][safepoint    ] Safepoint "G1Concurrent", Time since last: 80116700 ns, Reaching safepoint: 155600 ns, At safepoint: 494400 ns, Total: 650000 ns
[2020-09-03T11:16:37.556+0000][23984][gc,marking   ] GC(136) Concurrent Cleanup for Next Mark
[2020-09-03T11:16:37.558+0000][23984][gc,marking   ] GC(136) Concurrent Cleanup for Next Mark 1.792ms
[2020-09-03T11:16:37.558+0000][23984][gc           ] GC(136) Concurrent Cycle 219.933ms
[2020-09-03T11:16:37.812+0000][23984][gc,start     ] GC(137) Pause Young (Concurrent Start) (G1 Humongous Allocation)
[2020-09-03T11:16:37.812+0000][23984][gc,task      ] GC(137) Using 8 workers of 8 for evacuation
[2020-09-03T11:16:37.812+0000][23984][gc,age       ] GC(137) Desired survivor size 34078720 bytes, new threshold 15 (max threshold 15)
[2020-09-03T11:16:37.817+0000][23984][gc,age       ] GC(137) Age table with threshold 15 (max threshold 15)
[2020-09-03T11:16:37.817+0000][23984][gc,age       ] GC(137) - age   1:    2515568 bytes,    2515568 total
[2020-09-03T11:16:37.817+0000][23984][gc,age       ] GC(137) - age   2:       2704 bytes,    2518272 total
[2020-09-03T11:16:37.817+0000][23984][gc,age       ] GC(137) - age   3:       4856 bytes,    2523128 total
[2020-09-03T11:16:37.817+0000][23984][gc,age       ] GC(137) - age   4:       5872 bytes,    2529000 total
[2020-09-03T11:16:37.817+0000][23984][gc,age       ] GC(137) - age   5:       2144 bytes,    2531144 total
[2020-09-03T11:16:37.817+0000][23984][gc,age       ] GC(137) - age   6:       2568 bytes,    2533712 total
[2020-09-03T11:16:37.817+0000][23984][gc,age       ] GC(137) - age   7:       1288 bytes,    2535000 total
[2020-09-03T11:16:37.817+0000][23984][gc,age       ] GC(137) - age   8:       2456 bytes,    2537456 total
[2020-09-03T11:16:37.817+0000][23984][gc,age       ] GC(137) - age   9:       3136 bytes,    2540592 total
[2020-09-03T11:16:37.817+0000][23984][gc,age       ] GC(137) - age  10:      61568 bytes,    2602160 total
[2020-09-03T11:16:37.817+0000][23984][gc,age       ] GC(137) - age  11:     342440 bytes,    2944600 total
[2020-09-03T11:16:37.817+0000][23984][gc,age       ] GC(137) - age  12:     356528 bytes,    3301128 total
[2020-09-03T11:16:37.817+0000][23984][gc,age       ] GC(137) - age  13:        776 bytes,    3301904 total
[2020-09-03T11:16:37.817+0000][23984][gc,age       ] GC(137) - age  14:        624 bytes,    3302528 total
[2020-09-03T11:16:37.817+0000][23984][gc,age       ] GC(137) - age  15:       1640 bytes,    3304168 total
[2020-09-03T11:16:37.817+0000][23984][gc,phases    ] GC(137)   Pre Evacuate Collection Set: 0.5ms
[2020-09-03T11:16:37.817+0000][23984][gc,phases    ] GC(137)   Merge Heap Roots: 0.1ms
[2020-09-03T11:16:37.817+0000][23984][gc,phases    ] GC(137)   Evacuate Collection Set: 2.7ms
[2020-09-03T11:16:37.817+0000][23984][gc,phases    ] GC(137)   Post Evacuate Collection Set: 0.9ms
[2020-09-03T11:16:37.817+0000][23984][gc,phases    ] GC(137)   Other: 0.7ms
[2020-09-03T11:16:37.817+0000][23984][gc,heap      ] GC(137) Eden regions: 61->0(507)
[2020-09-03T11:16:37.817+0000][23984][gc,heap      ] GC(137) Survivor regions: 2->4(65)
[2020-09-03T11:16:37.817+0000][23984][gc,heap      ] GC(137) Old regions: 76->76
[2020-09-03T11:16:37.817+0000][23984][gc,heap      ] GC(137) Archive regions: 0->0
[2020-09-03T11:16:37.817+0000][23984][gc,heap      ] GC(137) Humongous regions: 231->175
[2020-09-03T11:16:37.817+0000][23984][gc,metaspace ] GC(137) Metaspace: 85403K(92032K)->85403K(92032K) NonClass: 74389K(78336K)->74389K(78336K) Class: 11013K(13696K)->11013K(13696K)
[2020-09-03T11:16:37.817+0000][23984][gc           ] GC(137) Pause Young (Concurrent Start) (G1 Humongous Allocation) 368M->253M(1024M) 5.135ms
[2020-09-03T11:16:37.817+0000][23984][gc,cpu       ] GC(137) User=0.00s Sys=0.00s Real=0.00s
[2020-09-03T11:16:37.818+0000][23984][gc           ] GC(138) Concurrent Cycle
[2020-09-03T11:16:37.818+0000][23984][safepoint    ] Safepoint "G1TryInitiateConcMark", Time since last: 255945100 ns, Reaching safepoint: 250100 ns, At safepoint: 5328500 ns, Total: 5578600 ns
[2020-09-03T11:16:37.818+0000][23984][gc,marking   ] GC(138) Concurrent Clear Claimed Marks
[2020-09-03T11:16:37.818+0000][23984][safepoint    ] Safepoint "G1TryInitiateConcMark", Time since last: 136500 ns, Reaching safepoint: 144600 ns, At safepoint: 35700 ns, Total: 180300 ns
[2020-09-03T11:16:37.818+0000][23984][gc,marking   ] GC(138) Concurrent Clear Claimed Marks 0.466ms
[2020-09-03T11:16:37.818+0000][23984][gc,marking   ] GC(138) Concurrent Scan Root Regions
[2020-09-03T11:16:37.820+0000][23984][gc,marking   ] GC(138) Concurrent Scan Root Regions 2.171ms
[2020-09-03T11:16:37.820+0000][23984][gc,marking   ] GC(138) Concurrent Mark (146.822s)
[2020-09-03T11:16:37.820+0000][23984][gc,marking   ] GC(138) Concurrent Mark From Roots
[2020-09-03T11:16:37.820+0000][23984][gc,task      ] GC(138) Using 2 workers of 2 for marking
[2020-09-03T11:16:37.965+0000][23984][gc,marking   ] GC(138) Concurrent Mark From Roots 144.266ms
[2020-09-03T11:16:37.965+0000][23984][gc,marking   ] GC(138) Concurrent Preclean
[2020-09-03T11:16:37.965+0000][23984][gc,marking   ] GC(138) Concurrent Preclean 0.678ms
[2020-09-03T11:16:37.966+0000][23984][gc,marking   ] GC(138) Concurrent Mark (146.822s, 146.967s) 145.145ms
[2020-09-03T11:16:37.966+0000][23984][gc,start     ] GC(138) Pause Remark
[2020-09-03T11:16:37.971+0000][23984][gc           ] GC(138) Pause Remark 289M->289M(1024M) 4.754ms
[2020-09-03T11:16:37.971+0000][23984][gc,cpu       ] GC(138) User=0.03s Sys=0.00s Real=0.00s
[2020-09-03T11:16:37.971+0000][23984][safepoint    ] Safepoint "G1Concurrent", Time since last: 147690700 ns, Reaching safepoint: 163200 ns, At safepoint: 4977000 ns, Total: 5140200 ns
[2020-09-03T11:16:37.971+0000][23984][gc,marking   ] GC(138) Concurrent Rebuild Remembered Sets
[2020-09-03T11:16:38.060+0000][23984][gc,marking   ] GC(138) Concurrent Rebuild Remembered Sets 89.255ms
[2020-09-03T11:16:38.060+0000][23984][gc,start     ] GC(138) Pause Cleanup
[2020-09-03T11:16:38.061+0000][23984][gc           ] GC(138) Pause Cleanup 312M->312M(1024M) 0.255ms
[2020-09-03T11:16:38.061+0000][23984][gc,cpu       ] GC(138) User=0.11s Sys=0.00s Real=0.00s
[2020-09-03T11:16:38.061+0000][23984][safepoint    ] Safepoint "G1Concurrent", Time since last: 89433100 ns, Reaching safepoint: 128200 ns, At safepoint: 420500 ns, Total: 548700 ns
[2020-09-03T11:16:38.061+0000][23984][gc,marking   ] GC(138) Concurrent Cleanup for Next Mark
[2020-09-03T11:16:38.062+0000][23984][gc,marking   ] GC(138) Concurrent Cleanup for Next Mark 1.655ms
[2020-09-03T11:16:38.063+0000][23984][gc           ] GC(138) Concurrent Cycle 245.108ms
[2020-09-03T11:16:38.200+0000][23984][gc,start     ] GC(139) Pause Young (Concurrent Start) (G1 Humongous Allocation)
[2020-09-03T11:16:38.200+0000][23984][gc,task      ] GC(139) Using 8 workers of 8 for evacuation
[2020-09-03T11:16:38.200+0000][23984][gc,age       ] GC(139) Desired survivor size 33554432 bytes, new threshold 15 (max threshold 15)
[2020-09-03T11:16:38.203+0000][23984][gc,age       ] GC(139) Age table with threshold 15 (max threshold 15)
[2020-09-03T11:16:38.203+0000][23984][gc,age       ] GC(139) - age   1:    1636472 bytes,    1636472 total
[2020-09-03T11:16:38.203+0000][23984][gc,age       ] GC(139) - age   2:      14160 bytes,    1650632 total
[2020-09-03T11:16:38.203+0000][23984][gc,age       ] GC(139) - age   3:       2112 bytes,    1652744 total
[2020-09-03T11:16:38.203+0000][23984][gc,age       ] GC(139) - age   4:       4736 bytes,    1657480 total
[2020-09-03T11:16:38.203+0000][23984][gc,age       ] GC(139) - age   5:       5808 bytes,    1663288 total
[2020-09-03T11:16:38.203+0000][23984][gc,age       ] GC(139) - age   6:       2080 bytes,    1665368 total
[2020-09-03T11:16:38.203+0000][23984][gc,age       ] GC(139) - age   7:       2504 bytes,    1667872 total
[2020-09-03T11:16:38.203+0000][23984][gc,age       ] GC(139) - age   8:       1288 bytes,    1669160 total
[2020-09-03T11:16:38.203+0000][23984][gc,age       ] GC(139) - age   9:       2456 bytes,    1671616 total
[2020-09-03T11:16:38.203+0000][23984][gc,age       ] GC(139) - age  10:       3104 bytes,    1674720 total
[2020-09-03T11:16:38.203+0000][23984][gc,age       ] GC(139) - age  11:      61568 bytes,    1736288 total
[2020-09-03T11:16:38.203+0000][23984][gc,age       ] GC(139) - age  12:     340304 bytes,    2076592 total
[2020-09-03T11:16:38.204+0000][23984][gc,age       ] GC(139) - age  13:     356016 bytes,    2432608 total
[2020-09-03T11:16:38.204+0000][23984][gc,age       ] GC(139) - age  14:        776 bytes,    2433384 total
[2020-09-03T11:16:38.204+0000][23984][gc,age       ] GC(139) - age  15:        560 bytes,    2433944 total
[2020-09-03T11:16:38.204+0000][23984][gc,phases    ] GC(139)   Pre Evacuate Collection Set: 0.4ms
[2020-09-03T11:16:38.204+0000][23984][gc,phases    ] GC(139)   Merge Heap Roots: 0.1ms
[2020-09-03T11:16:38.204+0000][23984][gc,phases    ] GC(139)   Evacuate Collection Set: 2.1ms
[2020-09-03T11:16:38.204+0000][23984][gc,phases    ] GC(139)   Post Evacuate Collection Set: 0.6ms
[2020-09-03T11:16:38.204+0000][23984][gc,phases    ] GC(139)   Other: 0.8ms
[2020-09-03T11:16:38.204+0000][23984][gc,heap      ] GC(139) Eden regions: 52->0(509)
[2020-09-03T11:16:38.204+0000][23984][gc,heap      ] GC(139) Survivor regions: 4->3(64)
[2020-09-03T11:16:38.204+0000][23984][gc,heap      ] GC(139) Old regions: 76->76
[2020-09-03T11:16:38.204+0000][23984][gc,heap      ] GC(139) Archive regions: 0->0
[2020-09-03T11:16:38.204+0000][23984][gc,heap      ] GC(139) Humongous regions: 231->174
[2020-09-03T11:16:38.204+0000][23984][gc,metaspace ] GC(139) Metaspace: 85409K(92032K)->85409K(92032K) NonClass: 74396K(78336K)->74396K(78336K) Class: 11013K(13696K)->11013K(13696K)
[2020-09-03T11:16:38.204+0000][23984][gc           ] GC(139) Pause Young (Concurrent Start) (G1 Humongous Allocation) 361M->251M(1024M) 4.280ms
[2020-09-03T11:16:38.204+0000][23984][gc,cpu       ] GC(139) User=0.13s Sys=0.00s Real=0.00s
[2020-09-03T11:16:38.204+0000][23984][safepoint    ] Safepoint "G1TryInitiateConcMark", Time since last: 138634400 ns, Reaching safepoint: 200200 ns, At safepoint: 4407200 ns, Total: 4607400 ns
[2020-09-03T11:16:38.204+0000][23984][gc           ] GC(140) Concurrent Cycle
[2020-09-03T11:16:38.204+0000][23984][gc,marking   ] GC(140) Concurrent Clear Claimed Marks
[2020-09-03T11:16:38.204+0000][23984][gc,marking   ] GC(140) Concurrent Clear Claimed Marks 0.369ms
[2020-09-03T11:16:38.204+0000][23984][gc,marking   ] GC(140) Concurrent Scan Root Regions
[2020-09-03T11:16:38.206+0000][23984][gc,marking   ] GC(140) Concurrent Scan Root Regions 1.888ms
[2020-09-03T11:16:38.206+0000][23984][gc,marking   ] GC(140) Concurrent Mark (147.208s)
[2020-09-03T11:16:38.206+0000][23984][gc,marking   ] GC(140) Concurrent Mark From Roots
[2020-09-03T11:16:38.206+0000][23984][gc,task      ] GC(140) Using 2 workers of 2 for marking
[2020-09-03T11:16:38.323+0000][23984][gc,marking   ] GC(140) Concurrent Mark From Roots 116.163ms
[2020-09-03T11:16:38.323+0000][23984][gc,marking   ] GC(140) Concurrent Preclean
[2020-09-03T11:16:38.323+0000][23984][gc,marking   ] GC(140) Concurrent Preclean 0.541ms
[2020-09-03T11:16:38.323+0000][23984][gc,marking   ] GC(140) Concurrent Mark (147.208s, 147.325s) 116.876ms
[2020-09-03T11:16:38.324+0000][23984][gc,start     ] GC(140) Pause Remark
[2020-09-03T11:16:38.329+0000][23984][gc           ] GC(140) Pause Remark 278M->278M(1024M) 5.154ms
[2020-09-03T11:16:38.329+0000][23984][gc,cpu       ] GC(140) User=0.09s Sys=0.00s Real=0.01s
[2020-09-03T11:16:38.329+0000][23984][safepoint    ] Safepoint "G1Concurrent", Time since last: 119389500 ns, Reaching safepoint: 169000 ns, At safepoint: 5372200 ns, Total: 5541200 ns
[2020-09-03T11:16:38.329+0000][23984][gc,marking   ] GC(140) Concurrent Rebuild Remembered Sets
[2020-09-03T11:16:38.398+0000][23984][gc,marking   ] GC(140) Concurrent Rebuild Remembered Sets 68.720ms
[2020-09-03T11:16:38.398+0000][23984][gc,start     ] GC(140) Pause Cleanup
[2020-09-03T11:16:38.398+0000][23984][gc           ] GC(140) Pause Cleanup 285M->285M(1024M) 0.234ms
[2020-09-03T11:16:38.398+0000][23984][gc,cpu       ] GC(140) User=0.00s Sys=0.00s Real=0.00s
[2020-09-03T11:16:38.398+0000][23984][safepoint    ] Safepoint "G1Concurrent", Time since last: 68890900 ns, Reaching safepoint: 155000 ns, At safepoint: 366100 ns, Total: 521100 ns
[2020-09-03T11:16:38.398+0000][23984][gc,marking   ] GC(140) Concurrent Cleanup for Next Mark
[2020-09-03T11:16:38.400+0000][23984][gc,marking   ] GC(140) Concurrent Cleanup for Next Mark 1.342ms
[2020-09-03T11:16:38.400+0000][23984][gc           ] GC(140) Concurrent Cycle 195.809ms
[2020-09-03T11:16:38.416+0000][23984][gc,start     ] GC(141) Pause Young (Concurrent Start) (G1 Humongous Allocation)
[2020-09-03T11:16:38.416+0000][23984][gc,task      ] GC(141) Using 8 workers of 8 for evacuation
[2020-09-03T11:16:38.416+0000][23984][gc,age       ] GC(141) Desired survivor size 33554432 bytes, new threshold 15 (max threshold 15)
[2020-09-03T11:16:38.421+0000][23984][gc,age       ] GC(141) Age table with threshold 15 (max threshold 15)
[2020-09-03T11:16:38.421+0000][23984][gc,age       ] GC(141) - age   1:   12321544 bytes,   12321544 total
[2020-09-03T11:16:38.421+0000][23984][gc,age       ] GC(141) - age   2:      16080 bytes,   12337624 total
[2020-09-03T11:16:38.421+0000][23984][gc,age       ] GC(141) - age   3:      13160 bytes,   12350784 total
[2020-09-03T11:16:38.421+0000][23984][gc,age       ] GC(141) - age   4:       1816 bytes,   12352600 total
[2020-09-03T11:16:38.421+0000][23984][gc,age       ] GC(141) - age   5:       4704 bytes,   12357304 total
[2020-09-03T11:16:38.421+0000][23984][gc,age       ] GC(141) - age   6:       5808 bytes,   12363112 total
[2020-09-03T11:16:38.421+0000][23984][gc,age       ] GC(141) - age   7:       2080 bytes,   12365192 total
[2020-09-03T11:16:38.421+0000][23984][gc,age       ] GC(141) - age   8:       2504 bytes,   12367696 total
[2020-09-03T11:16:38.421+0000][23984][gc,age       ] GC(141) - age   9:       1288 bytes,   12368984 total
[2020-09-03T11:16:38.421+0000][23984][gc,age       ] GC(141) - age  10:       2456 bytes,   12371440 total
[2020-09-03T11:16:38.421+0000][23984][gc,age       ] GC(141) - age  11:       3104 bytes,   12374544 total
[2020-09-03T11:16:38.421+0000][23984][gc,age       ] GC(141) - age  12:      61568 bytes,   12436112 total
[2020-09-03T11:16:38.421+0000][23984][gc,age       ] GC(141) - age  13:     332872 bytes,   12768984 total
[2020-09-03T11:16:38.421+0000][23984][gc,age       ] GC(141) - age  14:     354624 bytes,   13123608 total
[2020-09-03T11:16:38.421+0000][23984][gc,age       ] GC(141) - age  15:        384 bytes,   13123992 total
[2020-09-03T11:16:38.421+0000][23984][gc,phases    ] GC(141)   Pre Evacuate Collection Set: 0.4ms
[2020-09-03T11:16:38.421+0000][23984][gc,phases    ] GC(141)   Merge Heap Roots: 0.1ms
[2020-09-03T11:16:38.421+0000][23984][gc,phases    ] GC(141)   Evacuate Collection Set: 3.3ms
[2020-09-03T11:16:38.421+0000][23984][gc,phases    ] GC(141)   Post Evacuate Collection Set: 0.7ms
[2020-09-03T11:16:38.421+0000][23984][gc,phases    ] GC(141)   Other: 0.8ms
[2020-09-03T11:16:38.421+0000][23984][gc,heap      ] GC(141) Eden regions: 41->0(489)
[2020-09-03T11:16:38.421+0000][23984][gc,heap      ] GC(141) Survivor regions: 3->13(64)
[2020-09-03T11:16:38.421+0000][23984][gc,heap      ] GC(141) Old regions: 76->76
[2020-09-03T11:16:38.421+0000][23984][gc,heap      ] GC(141) Archive regions: 0->0
[2020-09-03T11:16:38.421+0000][23984][gc,heap      ] GC(141) Humongous regions: 231->174
[2020-09-03T11:16:38.421+0000][23984][gc,metaspace ] GC(141) Metaspace: 85426K(92032K)->85426K(92032K) NonClass: 74412K(78336K)->74412K(78336K) Class: 11013K(13696K)->11013K(13696K)
[2020-09-03T11:16:38.422+0000][23984][gc           ] GC(141) Pause Young (Concurrent Start) (G1 Humongous Allocation) 349M->262M(1024M) 5.388ms
[2020-09-03T11:16:38.422+0000][23984][gc,cpu       ] GC(141) User=0.13s Sys=0.00s Real=0.01s
[2020-09-03T11:16:38.422+0000][23984][gc           ] GC(142) Concurrent Cycle
[2020-09-03T11:16:38.422+0000][23984][safepoint    ] Safepoint "G1TryInitiateConcMark", Time since last: 17446600 ns, Reaching safepoint: 255600 ns, At safepoint: 5640000 ns, Total: 5895600 ns
[2020-09-03T11:16:38.422+0000][23984][gc,marking   ] GC(142) Concurrent Clear Claimed Marks
[2020-09-03T11:16:38.422+0000][23984][gc,marking   ] GC(142) Concurrent Clear Claimed Marks 0.487ms
[2020-09-03T11:16:38.422+0000][23984][gc,marking   ] GC(142) Concurrent Scan Root Regions
[2020-09-03T11:16:38.422+0000][23984][safepoint    ] Safepoint "G1TryInitiateConcMark", Time since last: 450200 ns, Reaching safepoint: 157000 ns, At safepoint: 10000 ns, Total: 167000 ns
[2020-09-03T11:16:38.427+0000][23984][gc,marking   ] GC(142) Concurrent Scan Root Regions 4.414ms
[2020-09-03T11:16:38.427+0000][23984][gc,marking   ] GC(142) Concurrent Mark (147.428s)
[2020-09-03T11:16:38.427+0000][23984][gc,marking   ] GC(142) Concurrent Mark From Roots
[2020-09-03T11:16:38.427+0000][23984][gc,task      ] GC(142) Using 2 workers of 2 for marking
[2020-09-03T11:16:38.571+0000][23984][gc,marking   ] GC(142) Concurrent Mark From Roots 144.467ms
[2020-09-03T11:16:38.572+0000][23984][gc,marking   ] GC(142) Concurrent Preclean
[2020-09-03T11:16:38.572+0000][23984][gc,marking   ] GC(142) Concurrent Preclean 0.679ms
[2020-09-03T11:16:38.572+0000][23984][gc,marking   ] GC(142) Concurrent Mark (147.428s, 147.574s) 145.391ms
[2020-09-03T11:16:38.573+0000][23984][gc,start     ] GC(142) Pause Remark
[2020-09-03T11:16:38.577+0000][23984][gc           ] GC(142) Pause Remark 466M->466M(1024M) 4.364ms
[2020-09-03T11:16:38.577+0000][23984][gc,cpu       ] GC(142) User=0.13s Sys=0.00s Real=0.00s
[2020-09-03T11:16:38.577+0000][23984][safepoint    ] Safepoint "G1Concurrent", Time since last: 150084500 ns, Reaching safepoint: 223800 ns, At safepoint: 4582500 ns, Total: 4806300 ns
[2020-09-03T11:16:38.577+0000][23984][gc,marking   ] GC(142) Concurrent Rebuild Remembered Sets
[2020-09-03T11:16:38.664+0000][23984][gc,marking   ] GC(142) Concurrent Rebuild Remembered Sets 86.646ms
[2020-09-03T11:16:38.664+0000][23984][gc,start     ] GC(142) Pause Cleanup
[2020-09-03T11:16:38.664+0000][23984][gc           ] GC(142) Pause Cleanup 540M->540M(1024M) 0.307ms
[2020-09-03T11:16:38.665+0000][23984][gc,cpu       ] GC(142) User=0.00s Sys=0.00s Real=0.00s
[2020-09-03T11:16:38.665+0000][23984][safepoint    ] Safepoint "G1Concurrent", Time since last: 86811800 ns, Reaching safepoint: 148700 ns, At safepoint: 452800 ns, Total: 601500 ns
[2020-09-03T11:16:38.665+0000][23984][gc,marking   ] GC(142) Concurrent Cleanup for Next Mark
[2020-09-03T11:16:38.666+0000][23984][gc,marking   ] GC(142) Concurrent Cleanup for Next Mark 1.348ms
[2020-09-03T11:16:38.666+0000][23984][gc           ] GC(142) Concurrent Cycle 244.436ms
[2020-09-03T11:16:38.867+0000][23984][gc,start     ] GC(143) Pause Young (Concurrent Start) (G1 Humongous Allocation)
[2020-09-03T11:16:38.867+0000][23984][gc,task      ] GC(143) Using 8 workers of 8 for evacuation
[2020-09-03T11:16:38.867+0000][23984][gc,age       ] GC(143) Desired survivor size 33030144 bytes, new threshold 15 (max threshold 15)
[2020-09-03T11:16:38.870+0000][23984][gc,age       ] GC(143) Age table with threshold 15 (max threshold 15)
[2020-09-03T11:16:38.870+0000][23984][gc,age       ] GC(143) - age   1:    2564640 bytes,    2564640 total
[2020-09-03T11:16:38.870+0000][23984][gc,age       ] GC(143) - age   2:      16472 bytes,    2581112 total
[2020-09-03T11:16:38.870+0000][23984][gc,age       ] GC(143) - age   3:      15128 bytes,    2596240 total
[2020-09-03T11:16:38.870+0000][23984][gc,age       ] GC(143) - age   4:      11312 bytes,    2607552 total
[2020-09-03T11:16:38.870+0000][23984][gc,age       ] GC(143) - age   5:       1784 bytes,    2609336 total
[2020-09-03T11:16:38.870+0000][23984][gc,age       ] GC(143) - age   6:       4672 bytes,    2614008 total
[2020-09-03T11:16:38.870+0000][23984][gc,age       ] GC(143) - age   7:       5808 bytes,    2619816 total
[2020-09-03T11:16:38.870+0000][23984][gc,age       ] GC(143) - age   8:       2048 bytes,    2621864 total
[2020-09-03T11:16:38.870+0000][23984][gc,age       ] GC(143) - age   9:       2472 bytes,    2624336 total
[2020-09-03T11:16:38.870+0000][23984][gc,age       ] GC(143) - age  10:       1192 bytes,    2625528 total
[2020-09-03T11:16:38.870+0000][23984][gc,age       ] GC(143) - age  11:       2456 bytes,    2627984 total
[2020-09-03T11:16:38.870+0000][23984][gc,age       ] GC(143) - age  12:       3072 bytes,    2631056 total
[2020-09-03T11:16:38.870+0000][23984][gc,age       ] GC(143) - age  13:      61568 bytes,    2692624 total
[2020-09-03T11:16:38.870+0000][23984][gc,age       ] GC(143) - age  14:     332760 bytes,    3025384 total
[2020-09-03T11:16:38.870+0000][23984][gc,age       ] GC(143) - age  15:     347416 bytes,    3372800 total
[2020-09-03T11:16:38.871+0000][23984][gc,phases    ] GC(143)   Pre Evacuate Collection Set: 0.3ms
[2020-09-03T11:16:38.871+0000][23984][gc,phases    ] GC(143)   Merge Heap Roots: 0.1ms
[2020-09-03T11:16:38.871+0000][23984][gc,phases    ] GC(143)   Evacuate Collection Set: 2.0ms
[2020-09-03T11:16:38.871+0000][23984][gc,phases    ] GC(143)   Post Evacuate Collection Set: 1.0ms
[2020-09-03T11:16:38.871+0000][23984][gc,phases    ] GC(143)   Other: 0.6ms
[2020-09-03T11:16:38.871+0000][23984][gc,heap      ] GC(143) Eden regions: 79->0(499)
[2020-09-03T11:16:38.871+0000][23984][gc,heap      ] GC(143) Survivor regions: 13->4(63)
[2020-09-03T11:16:38.871+0000][23984][gc,heap      ] GC(143) Old regions: 76->76
[2020-09-03T11:16:38.871+0000][23984][gc,heap      ] GC(143) Archive regions: 0->0
[2020-09-03T11:16:38.871+0000][23984][gc,heap      ] GC(143) Humongous regions: 391->174
[2020-09-03T11:16:38.871+0000][23984][gc,metaspace ] GC(143) Metaspace: 85431K(92032K)->85431K(92032K) NonClass: 74417K(78336K)->74417K(78336K) Class: 11013K(13696K)->11013K(13696K)
[2020-09-03T11:16:38.871+0000][23984][gc           ] GC(143) Pause Young (Concurrent Start) (G1 Humongous Allocation) 557M->252M(1024M) 4.307ms
[2020-09-03T11:16:38.871+0000][23984][gc,cpu       ] GC(143) User=0.00s Sys=0.00s Real=0.00s
[2020-09-03T11:16:38.871+0000][23984][safepoint    ] Safepoint "G1TryInitiateConcMark", Time since last: 201754400 ns, Reaching safepoint: 131700 ns, At safepoint: 4423300 ns, Total: 4555000 ns
[2020-09-03T11:16:38.871+0000][23984][gc           ] GC(144) Concurrent Cycle
[2020-09-03T11:16:38.871+0000][23984][gc,marking   ] GC(144) Concurrent Clear Claimed Marks
[2020-09-03T11:16:38.871+0000][23984][gc,marking   ] GC(144) Concurrent Clear Claimed Marks 0.311ms
[2020-09-03T11:16:38.871+0000][23984][gc,marking   ] GC(144) Concurrent Scan Root Regions
[2020-09-03T11:16:38.874+0000][23984][gc,marking   ] GC(144) Concurrent Scan Root Regions 2.861ms
[2020-09-03T11:16:38.874+0000][23984][gc,marking   ] GC(144) Concurrent Mark (147.876s)
[2020-09-03T11:16:38.874+0000][23984][gc,marking   ] GC(144) Concurrent Mark From Roots
[2020-09-03T11:16:38.874+0000][23984][gc,task      ] GC(144) Using 2 workers of 2 for marking
[2020-09-03T11:16:38.962+0000][23984][gc,marking   ] GC(144) Concurrent Mark From Roots 87.466ms
[2020-09-03T11:16:38.962+0000][23984][gc,marking   ] GC(144) Concurrent Preclean
[2020-09-03T11:16:38.963+0000][23984][gc,marking   ] GC(144) Concurrent Preclean 0.788ms
[2020-09-03T11:16:38.963+0000][23984][gc,marking   ] GC(144) Concurrent Mark (147.876s, 147.964s) 88.448ms
[2020-09-03T11:16:38.963+0000][23984][gc,start     ] GC(144) Pause Remark
[2020-09-03T11:16:38.968+0000][23984][gc           ] GC(144) Pause Remark 310M->310M(1024M) 4.624ms
[2020-09-03T11:16:38.968+0000][23984][gc,cpu       ] GC(144) User=0.11s Sys=0.00s Real=0.00s
[2020-09-03T11:16:38.968+0000][23984][safepoint    ] Safepoint "G1Concurrent", Time since last: 91895100 ns, Reaching safepoint: 175300 ns, At safepoint: 4859600 ns, Total: 5034900 ns
[2020-09-03T11:16:38.968+0000][23984][gc,marking   ] GC(144) Concurrent Rebuild Remembered Sets
[2020-09-03T11:16:39.056+0000][23984][gc,marking   ] GC(144) Concurrent Rebuild Remembered Sets 88.442ms
[2020-09-03T11:16:39.057+0000][23984][gc,start     ] GC(144) Pause Cleanup
[2020-09-03T11:16:39.057+0000][23984][gc           ] GC(144) Pause Cleanup 452M->452M(1024M) 0.318ms
[2020-09-03T11:16:39.057+0000][23984][gc,cpu       ] GC(144) User=0.00s Sys=0.00s Real=0.00s
[2020-09-03T11:16:39.058+0000][23984][safepoint    ] Safepoint "G1Concurrent", Time since last: 88652900 ns, Reaching safepoint: 200200 ns, At safepoint: 1741900 ns, Total: 1942100 ns
[2020-09-03T11:16:39.059+0000][23984][gc,marking   ] GC(144) Concurrent Cleanup for Next Mark
[2020-09-03T11:16:39.061+0000][23984][gc,marking   ] GC(144) Concurrent Cleanup for Next Mark 2.110ms
[2020-09-03T11:16:39.061+0000][23984][gc           ] GC(144) Concurrent Cycle 189.836ms
[2020-09-03T11:16:39.062+0000][23984][gc,start     ] GC(145) Pause Young (Concurrent Start) (G1 Humongous Allocation)
[2020-09-03T11:16:39.062+0000][23984][gc,task      ] GC(145) Using 8 workers of 8 for evacuation
[2020-09-03T11:16:39.062+0000][23984][gc,age       ] GC(145) Desired survivor size 33030144 bytes, new threshold 15 (max threshold 15)
[2020-09-03T11:16:39.067+0000][23984][gc,age       ] GC(145) Age table with threshold 15 (max threshold 15)
[2020-09-03T11:16:39.067+0000][23984][gc,age       ] GC(145) - age   1:    9151880 bytes,    9151880 total
[2020-09-03T11:16:39.067+0000][23984][gc,age       ] GC(145) - age   2:      11984 bytes,    9163864 total
[2020-09-03T11:16:39.067+0000][23984][gc,age       ] GC(145) - age   3:      14712 bytes,    9178576 total
[2020-09-03T11:16:39.067+0000][23984][gc,age       ] GC(145) - age   4:      14944 bytes,    9193520 total
[2020-09-03T11:16:39.068+0000][23984][gc,age       ] GC(145) - age   5:      11184 bytes,    9204704 total
[2020-09-03T11:16:39.068+0000][23984][gc,age       ] GC(145) - age   6:       1688 bytes,    9206392 total
[2020-09-03T11:16:39.068+0000][23984][gc,age       ] GC(145) - age   7:       4672 bytes,    9211064 total
[2020-09-03T11:16:39.068+0000][23984][gc,age       ] GC(145) - age   8:       5808 bytes,    9216872 total
[2020-09-03T11:16:39.068+0000][23984][gc,age       ] GC(145) - age   9:       2048 bytes,    9218920 total
[2020-09-03T11:16:39.068+0000][23984][gc,age       ] GC(145) - age  10:       2440 bytes,    9221360 total
[2020-09-03T11:16:39.068+0000][23984][gc,age       ] GC(145) - age  11:       1192 bytes,    9222552 total
[2020-09-03T11:16:39.068+0000][23984][gc,age       ] GC(145) - age  12:       2456 bytes,    9225008 total
[2020-09-03T11:16:39.068+0000][23984][gc,age       ] GC(145) - age  13:       3072 bytes,    9228080 total
[2020-09-03T11:16:39.068+0000][23984][gc,age       ] GC(145) - age  14:      61568 bytes,    9289648 total
[2020-09-03T11:16:39.068+0000][23984][gc,age       ] GC(145) - age  15:     332760 bytes,    9622408 total
[2020-09-03T11:16:39.068+0000][23984][gc,phases    ] GC(145)   Pre Evacuate Collection Set: 0.6ms
[2020-09-03T11:16:39.068+0000][23984][gc,phases    ] GC(145)   Merge Heap Roots: 0.1ms
[2020-09-03T11:16:39.068+0000][23984][gc,phases    ] GC(145)   Evacuate Collection Set: 3.5ms
[2020-09-03T11:16:39.068+0000][23984][gc,phases    ] GC(145)   Post Evacuate Collection Set: 0.9ms
[2020-09-03T11:16:39.068+0000][23984][gc,phases    ] GC(145)   Other: 0.9ms
[2020-09-03T11:16:39.068+0000][23984][gc,heap      ] GC(145) Eden regions: 53->0(489)
[2020-09-03T11:16:39.068+0000][23984][gc,heap      ] GC(145) Survivor regions: 4->10(63)
[2020-09-03T11:16:39.068+0000][23984][gc,heap      ] GC(145) Old regions: 76->76
[2020-09-03T11:16:39.068+0000][23984][gc,heap      ] GC(145) Archive regions: 0->0
[2020-09-03T11:16:39.068+0000][23984][gc,heap      ] GC(145) Humongous regions: 326->174
[2020-09-03T11:16:39.068+0000][23984][gc,metaspace ] GC(145) Metaspace: 85447K(92032K)->85447K(92032K) NonClass: 74433K(78336K)->74433K(78336K) Class: 11014K(13696K)->11014K(13696K)
[2020-09-03T11:16:39.068+0000][23984][gc           ] GC(145) Pause Young (Concurrent Start) (G1 Humongous Allocation) 457M->258M(1024M) 6.231ms
[2020-09-03T11:16:39.068+0000][23984][gc,cpu       ] GC(145) User=0.00s Sys=0.00s Real=0.01s
[2020-09-03T11:16:39.068+0000][23984][gc           ] GC(146) Concurrent Cycle
[2020-09-03T11:16:39.068+0000][23984][gc,marking   ] GC(146) Concurrent Clear Claimed Marks
[2020-09-03T11:16:39.068+0000][23984][safepoint    ] Safepoint "G1TryInitiateConcMark", Time since last: 3311300 ns, Reaching safepoint: 139100 ns, At safepoint: 6567300 ns, Total: 6706400 ns
[2020-09-03T11:16:39.069+0000][23984][gc,marking   ] GC(146) Concurrent Clear Claimed Marks 0.342ms
[2020-09-03T11:16:39.069+0000][23984][gc,marking   ] GC(146) Concurrent Scan Root Regions
[2020-09-03T11:16:39.074+0000][23984][gc,marking   ] GC(146) Concurrent Scan Root Regions 5.475ms
[2020-09-03T11:16:39.074+0000][23984][gc,marking   ] GC(146) Concurrent Mark (148.076s)
[2020-09-03T11:16:39.074+0000][23984][gc,marking   ] GC(146) Concurrent Mark From Roots
[2020-09-03T11:16:39.074+0000][23984][gc,task      ] GC(146) Using 2 workers of 2 for marking
[2020-09-03T11:16:39.227+0000][23984][gc,marking   ] GC(146) Concurrent Mark From Roots 152.660ms
[2020-09-03T11:16:39.227+0000][23984][gc,marking   ] GC(146) Concurrent Preclean
[2020-09-03T11:16:39.228+0000][23984][gc,marking   ] GC(146) Concurrent Preclean 0.639ms
[2020-09-03T11:16:39.228+0000][23984][gc,marking   ] GC(146) Concurrent Mark (148.076s, 148.229s) 153.495ms
[2020-09-03T11:16:39.228+0000][23984][gc,start     ] GC(146) Pause Remark
[2020-09-03T11:16:39.234+0000][23984][gc           ] GC(146) Pause Remark 387M->387M(1024M) 5.644ms
[2020-09-03T11:16:39.234+0000][23984][gc,cpu       ] GC(146) User=0.11s Sys=0.00s Real=0.01s
[2020-09-03T11:16:39.234+0000][23984][safepoint    ] Safepoint "G1Concurrent", Time since last: 159446700 ns, Reaching safepoint: 155800 ns, At safepoint: 5836500 ns, Total: 5992300 ns
[2020-09-03T11:16:39.234+0000][23984][gc,marking   ] GC(146) Concurrent Rebuild Remembered Sets
[2020-09-03T11:16:39.335+0000][23984][gc,marking   ] GC(146) Concurrent Rebuild Remembered Sets 101.534ms
[2020-09-03T11:16:39.336+0000][23984][gc,start     ] GC(146) Pause Cleanup
[2020-09-03T11:16:39.336+0000][23984][gc           ] GC(146) Pause Cleanup 454M->454M(1024M) 0.355ms
[2020-09-03T11:16:39.336+0000][23984][gc,cpu       ] GC(146) User=0.00s Sys=0.00s Real=0.00s
[2020-09-03T11:16:39.336+0000][23984][safepoint    ] Safepoint "G1Concurrent", Time since last: 101716600 ns, Reaching safepoint: 168600 ns, At safepoint: 566600 ns, Total: 735200 ns
[2020-09-03T11:16:39.336+0000][23984][gc,marking   ] GC(146) Concurrent Cleanup for Next Mark
[2020-09-03T11:16:39.338+0000][23984][gc,marking   ] GC(146) Concurrent Cleanup for Next Mark 1.814ms
[2020-09-03T11:16:39.338+0000][23984][gc           ] GC(146) Concurrent Cycle 270.111ms
[2020-09-03T11:16:39.497+0000][23984][gc,start     ] GC(147) Pause Young (Concurrent Start) (G1 Humongous Allocation)
[2020-09-03T11:16:39.497+0000][23984][gc,task      ] GC(147) Using 8 workers of 8 for evacuation
[2020-09-03T11:16:39.497+0000][23984][gc,age       ] GC(147) Desired survivor size 33030144 bytes, new threshold 15 (max threshold 15)
[2020-09-03T11:16:39.501+0000][23984][gc,age       ] GC(147) Age table with threshold 15 (max threshold 15)
[2020-09-03T11:16:39.501+0000][23984][gc,age       ] GC(147) - age   1:    3897248 bytes,    3897248 total
[2020-09-03T11:16:39.501+0000][23984][gc,age       ] GC(147) - age   2:      17496 bytes,    3914744 total
[2020-09-03T11:16:39.501+0000][23984][gc,age       ] GC(147) - age   3:       3672 bytes,    3918416 total
[2020-09-03T11:16:39.501+0000][23984][gc,age       ] GC(147) - age   4:      14320 bytes,    3932736 total
[2020-09-03T11:16:39.501+0000][23984][gc,age       ] GC(147) - age   5:      14600 bytes,    3947336 total
[2020-09-03T11:16:39.501+0000][23984][gc,age       ] GC(147) - age   6:      11088 bytes,    3958424 total
[2020-09-03T11:16:39.501+0000][23984][gc,age       ] GC(147) - age   7:       1656 bytes,    3960080 total
[2020-09-03T11:16:39.501+0000][23984][gc,age       ] GC(147) - age   8:       4608 bytes,    3964688 total
[2020-09-03T11:16:39.501+0000][23984][gc,age       ] GC(147) - age   9:       5808 bytes,    3970496 total
[2020-09-03T11:16:39.501+0000][23984][gc,age       ] GC(147) - age  10:       2048 bytes,    3972544 total
[2020-09-03T11:16:39.501+0000][23984][gc,age       ] GC(147) - age  11:       2440 bytes,    3974984 total
[2020-09-03T11:16:39.501+0000][23984][gc,age       ] GC(147) - age  12:       1192 bytes,    3976176 total
[2020-09-03T11:16:39.501+0000][23984][gc,age       ] GC(147) - age  13:       2456 bytes,    3978632 total
[2020-09-03T11:16:39.501+0000][23984][gc,age       ] GC(147) - age  14:       3072 bytes,    3981704 total
[2020-09-03T11:16:39.501+0000][23984][gc,age       ] GC(147) - age  15:      61568 bytes,    4043272 total
[2020-09-03T11:16:39.501+0000][23984][gc,phases    ] GC(147)   Pre Evacuate Collection Set: 0.4ms
[2020-09-03T11:16:39.501+0000][23984][gc,phases    ] GC(147)   Merge Heap Roots: 0.1ms
[2020-09-03T11:16:39.501+0000][23984][gc,phases    ] GC(147)   Evacuate Collection Set: 2.3ms
[2020-09-03T11:16:39.501+0000][23984][gc,phases    ] GC(147)   Post Evacuate Collection Set: 0.8ms
[2020-09-03T11:16:39.502+0000][23984][gc,phases    ] GC(147)   Other: 1.0ms
[2020-09-03T11:16:39.502+0000][23984][gc,heap      ] GC(147) Eden regions: 68->0(495)
[2020-09-03T11:16:39.502+0000][23984][gc,heap      ] GC(147) Survivor regions: 10->5(63)
[2020-09-03T11:16:39.502+0000][23984][gc,heap      ] GC(147) Old regions: 76->76
[2020-09-03T11:16:39.502+0000][23984][gc,heap      ] GC(147) Archive regions: 0->0
[2020-09-03T11:16:39.502+0000][23984][gc,heap      ] GC(147) Humongous regions: 326->174
[2020-09-03T11:16:39.502+0000][23984][gc,metaspace ] GC(147) Metaspace: 85455K(92032K)->85455K(92032K) NonClass: 74441K(78336K)->74441K(78336K) Class: 11014K(13696K)->11014K(13696K)
[2020-09-03T11:16:39.502+0000][23984][gc           ] GC(147) Pause Young (Concurrent Start) (G1 Humongous Allocation) 478M->254M(1024M) 5.000ms
[2020-09-03T11:16:39.502+0000][23984][gc,cpu       ] GC(147) User=0.03s Sys=0.00s Real=0.01s
[2020-09-03T11:16:39.502+0000][23984][gc           ] GC(148) Concurrent Cycle
[2020-09-03T11:16:39.502+0000][23984][gc,marking   ] GC(148) Concurrent Clear Claimed Marks
[2020-09-03T11:16:39.502+0000][23984][safepoint    ] Safepoint "G1TryInitiateConcMark", Time since last: 160226900 ns, Reaching safepoint: 216300 ns, At safepoint: 5221800 ns, Total: 5438100 ns
[2020-09-03T11:16:39.502+0000][23984][gc,marking   ] GC(148) Concurrent Clear Claimed Marks 0.380ms
[2020-09-03T11:16:39.502+0000][23984][gc,marking   ] GC(148) Concurrent Scan Root Regions
[2020-09-03T11:16:39.505+0000][23984][gc,marking   ] GC(148) Concurrent Scan Root Regions 2.290ms
[2020-09-03T11:16:39.505+0000][23984][gc,marking   ] GC(148) Concurrent Mark (148.506s)
[2020-09-03T11:16:39.505+0000][23984][gc,marking   ] GC(148) Concurrent Mark From Roots
[2020-09-03T11:16:39.505+0000][23984][gc,task      ] GC(148) Using 2 workers of 2 for marking
[2020-09-03T11:16:39.601+0000][23984][gc,marking   ] GC(148) Concurrent Mark From Roots 95.838ms
[2020-09-03T11:16:39.601+0000][23984][gc,marking   ] GC(148) Concurrent Preclean
[2020-09-03T11:16:39.601+0000][23984][gc,marking   ] GC(148) Concurrent Preclean 0.537ms
[2020-09-03T11:16:39.601+0000][23984][gc,marking   ] GC(148) Concurrent Mark (148.506s, 148.603s) 96.529ms
[2020-09-03T11:16:39.602+0000][23984][gc,start     ] GC(148) Pause Remark
[2020-09-03T11:16:39.612+0000][23984][gc           ] GC(148) Pause Remark 318M->318M(1024M) 10.370ms
[2020-09-03T11:16:39.612+0000][23984][gc,cpu       ] GC(148) User=0.11s Sys=0.02s Real=0.01s
[2020-09-03T11:16:39.612+0000][23984][safepoint    ] Safepoint "G1Concurrent", Time since last: 99523400 ns, Reaching safepoint: 179700 ns, At safepoint: 10627200 ns, Total: 10806900 ns
[2020-09-03T11:16:39.612+0000][23984][gc,marking   ] GC(148) Concurrent Rebuild Remembered Sets
[2020-09-03T11:16:39.655+0000][23984][safepoint    ] Safepoint "ICBufferFull", Time since last: 42235500 ns, Reaching safepoint: 690300 ns, At safepoint: 19900 ns, Total: 710200 ns
[2020-09-03T11:16:39.690+0000][23984][gc,marking   ] GC(148) Concurrent Rebuild Remembered Sets 78.045ms
[2020-09-03T11:16:39.691+0000][23984][gc,start     ] GC(148) Pause Cleanup
[2020-09-03T11:16:39.691+0000][23984][gc           ] GC(148) Pause Cleanup 389M->389M(1024M) 0.298ms
[2020-09-03T11:16:39.691+0000][23984][gc,cpu       ] GC(148) User=0.00s Sys=0.00s Real=0.00s
[2020-09-03T11:16:39.691+0000][23984][safepoint    ] Safepoint "G1Concurrent", Time since last: 35372600 ns, Reaching safepoint: 252600 ns, At safepoint: 460000 ns, Total: 712600 ns
[2020-09-03T11:16:39.691+0000][23984][gc,marking   ] GC(148) Concurrent Cleanup for Next Mark
[2020-09-03T11:16:39.693+0000][23984][gc,marking   ] GC(148) Concurrent Cleanup for Next Mark 1.363ms
[2020-09-03T11:16:39.693+0000][23984][gc           ] GC(148) Concurrent Cycle 190.951ms
[2020-09-03T11:16:39.804+0000][23984][gc,start     ] GC(149) Pause Young (Concurrent Start) (G1 Humongous Allocation)
[2020-09-03T11:16:39.805+0000][23984][gc,task      ] GC(149) Using 8 workers of 8 for evacuation
[2020-09-03T11:16:39.805+0000][23984][gc,age       ] GC(149) Desired survivor size 33030144 bytes, new threshold 15 (max threshold 15)
[2020-09-03T11:16:39.808+0000][23984][gc,age       ] GC(149) Age table with threshold 15 (max threshold 15)
[2020-09-03T11:16:39.808+0000][23984][gc,age       ] GC(149) - age   1:    3310744 bytes,    3310744 total
[2020-09-03T11:16:39.808+0000][23984][gc,age       ] GC(149) - age   2:     598856 bytes,    3909600 total
[2020-09-03T11:16:39.808+0000][23984][gc,age       ] GC(149) - age   3:      14368 bytes,    3923968 total
[2020-09-03T11:16:39.808+0000][23984][gc,age       ] GC(149) - age   4:       2152 bytes,    3926120 total
[2020-09-03T11:16:39.808+0000][23984][gc,age       ] GC(149) - age   5:      14224 bytes,    3940344 total
[2020-09-03T11:16:39.808+0000][23984][gc,age       ] GC(149) - age   6:      14600 bytes,    3954944 total
[2020-09-03T11:16:39.808+0000][23984][gc,age       ] GC(149) - age   7:      10736 bytes,    3965680 total
[2020-09-03T11:16:39.808+0000][23984][gc,age       ] GC(149) - age   8:       1656 bytes,    3967336 total
[2020-09-03T11:16:39.808+0000][23984][gc,age       ] GC(149) - age   9:       4608 bytes,    3971944 total
[2020-09-03T11:16:39.808+0000][23984][gc,age       ] GC(149) - age  10:       5808 bytes,    3977752 total
[2020-09-03T11:16:39.809+0000][23984][gc,age       ] GC(149) - age  11:       2016 bytes,    3979768 total
[2020-09-03T11:16:39.809+0000][23984][gc,age       ] GC(149) - age  12:       2376 bytes,    3982144 total
[2020-09-03T11:16:39.809+0000][23984][gc,age       ] GC(149) - age  13:       1192 bytes,    3983336 total
[2020-09-03T11:16:39.809+0000][23984][gc,age       ] GC(149) - age  14:       2456 bytes,    3985792 total
[2020-09-03T11:16:39.809+0000][23984][gc,age       ] GC(149) - age  15:       3072 bytes,    3988864 total
[2020-09-03T11:16:39.809+0000][23984][gc,phases    ] GC(149)   Pre Evacuate Collection Set: 0.4ms
[2020-09-03T11:16:39.809+0000][23984][gc,phases    ] GC(149)   Merge Heap Roots: 0.1ms
[2020-09-03T11:16:39.809+0000][23984][gc,phases    ] GC(149)   Evacuate Collection Set: 2.1ms
[2020-09-03T11:16:39.809+0000][23984][gc,phases    ] GC(149)   Post Evacuate Collection Set: 0.7ms
[2020-09-03T11:16:39.809+0000][23984][gc,phases    ] GC(149)   Other: 0.9ms
[2020-09-03T11:16:39.809+0000][23984][gc,heap      ] GC(149) Eden regions: 42->0(496)
[2020-09-03T11:16:39.809+0000][23984][gc,heap      ] GC(149) Survivor regions: 5->5(63)
[2020-09-03T11:16:39.809+0000][23984][gc,heap      ] GC(149) Old regions: 76->77
[2020-09-03T11:16:39.809+0000][23984][gc,heap      ] GC(149) Archive regions: 0->0
[2020-09-03T11:16:39.809+0000][23984][gc,heap      ] GC(149) Humongous regions: 278->174
[2020-09-03T11:16:39.809+0000][23984][gc,metaspace ] GC(149) Metaspace: 85435K(92032K)->85435K(92032K) NonClass: 74428K(78336K)->74428K(78336K) Class: 11006K(13696K)->11006K(13696K)
[2020-09-03T11:16:39.809+0000][23984][gc           ] GC(149) Pause Young (Concurrent Start) (G1 Humongous Allocation) 399M->254M(1024M) 4.605ms
[2020-09-03T11:16:39.809+0000][23984][gc,cpu       ] GC(149) User=0.00s Sys=0.00s Real=0.01s
[2020-09-03T11:16:39.809+0000][23984][safepoint    ] Safepoint "G1TryInitiateConcMark", Time since last: 112943100 ns, Reaching safepoint: 137600 ns, At safepoint: 4754200 ns, Total: 4891800 ns
[2020-09-03T11:16:39.809+0000][23984][gc           ] GC(150) Concurrent Cycle
[2020-09-03T11:16:39.809+0000][23984][gc,marking   ] GC(150) Concurrent Clear Claimed Marks
[2020-09-03T11:16:39.810+0000][23984][gc,marking   ] GC(150) Concurrent Clear Claimed Marks 0.370ms
[2020-09-03T11:16:39.810+0000][23984][gc,marking   ] GC(150) Concurrent Scan Root Regions
[2020-09-03T11:16:39.813+0000][23984][gc,marking   ] GC(150) Concurrent Scan Root Regions 2.991ms
[2020-09-03T11:16:39.813+0000][23984][gc,marking   ] GC(150) Concurrent Mark (148.814s)
[2020-09-03T11:16:39.813+0000][23984][gc,marking   ] GC(150) Concurrent Mark From Roots
[2020-09-03T11:16:39.813+0000][23984][gc,task      ] GC(150) Using 2 workers of 2 for marking
[2020-09-03T11:16:39.919+0000][23984][gc,marking   ] GC(150) Concurrent Mark From Roots 106.344ms
[2020-09-03T11:16:39.919+0000][23984][gc,marking   ] GC(150) Concurrent Preclean
[2020-09-03T11:16:39.920+0000][23984][gc,marking   ] GC(150) Concurrent Preclean 0.466ms
[2020-09-03T11:16:39.920+0000][23984][gc,marking   ] GC(150) Concurrent Mark (148.814s, 148.921s) 106.944ms
[2020-09-03T11:16:39.920+0000][23984][gc,start     ] GC(150) Pause Remark
[2020-09-03T11:16:39.925+0000][23984][gc           ] GC(150) Pause Remark 318M->318M(1024M) 4.892ms
[2020-09-03T11:16:39.925+0000][23984][gc,cpu       ] GC(150) User=0.00s Sys=0.00s Real=0.00s
[2020-09-03T11:16:39.925+0000][23984][safepoint    ] Safepoint "G1Concurrent", Time since last: 110668400 ns, Reaching safepoint: 125700 ns, At safepoint: 5045800 ns, Total: 5171500 ns
[2020-09-03T11:16:39.925+0000][23984][gc,marking   ] GC(150) Concurrent Rebuild Remembered Sets
[2020-09-03T11:16:39.994+0000][23984][gc,marking   ] GC(150) Concurrent Rebuild Remembered Sets 68.534ms
[2020-09-03T11:16:39.994+0000][23984][gc,start     ] GC(150) Pause Cleanup
[2020-09-03T11:16:39.994+0000][23984][gc           ] GC(150) Pause Cleanup 387M->387M(1024M) 0.326ms
[2020-09-03T11:16:39.994+0000][23984][gc,cpu       ] GC(150) User=0.00s Sys=0.00s Real=0.00s
[2020-09-03T11:16:39.994+0000][23984][safepoint    ] Safepoint "G1Concurrent", Time since last: 68702700 ns, Reaching safepoint: 129600 ns, At safepoint: 460400 ns, Total: 590000 ns
[2020-09-03T11:16:39.994+0000][23984][gc,marking   ] GC(150) Concurrent Cleanup for Next Mark
[2020-09-03T11:16:39.996+0000][23984][gc,marking   ] GC(150) Concurrent Cleanup for Next Mark 1.601ms
[2020-09-03T11:16:39.996+0000][23984][gc           ] GC(150) Concurrent Cycle 186.865ms
[2020-09-03T11:16:40.085+0000][23984][gc,start     ] GC(151) Pause Young (Concurrent Start) (G1 Humongous Allocation)
[2020-09-03T11:16:40.085+0000][23984][gc,task      ] GC(151) Using 8 workers of 8 for evacuation
[2020-09-03T11:16:40.085+0000][23984][gc,age       ] GC(151) Desired survivor size 33030144 bytes, new threshold 15 (max threshold 15)
[2020-09-03T11:16:40.088+0000][23984][gc,age       ] GC(151) Age table with threshold 15 (max threshold 15)
[2020-09-03T11:16:40.088+0000][23984][gc,age       ] GC(151) - age   1:    3186056 bytes,    3186056 total
[2020-09-03T11:16:40.088+0000][23984][gc,age       ] GC(151) - age   2:     407616 bytes,    3593672 total
[2020-09-03T11:16:40.088+0000][23984][gc,age       ] GC(151) - age   3:     201448 bytes,    3795120 total
[2020-09-03T11:16:40.088+0000][23984][gc,age       ] GC(151) - age   4:      12560 bytes,    3807680 total
[2020-09-03T11:16:40.088+0000][23984][gc,age       ] GC(151) - age   5:       2120 bytes,    3809800 total
[2020-09-03T11:16:40.088+0000][23984][gc,age       ] GC(151) - age   6:      14224 bytes,    3824024 total
[2020-09-03T11:16:40.088+0000][23984][gc,age       ] GC(151) - age   7:      14600 bytes,    3838624 total
[2020-09-03T11:16:40.088+0000][23984][gc,age       ] GC(151) - age   8:      10352 bytes,    3848976 total
[2020-09-03T11:16:40.088+0000][23984][gc,age       ] GC(151) - age   9:       1656 bytes,    3850632 total
[2020-09-03T11:16:40.088+0000][23984][gc,age       ] GC(151) - age  10:       4608 bytes,    3855240 total
[2020-09-03T11:16:40.088+0000][23984][gc,age       ] GC(151) - age  11:       5808 bytes,    3861048 total
[2020-09-03T11:16:40.088+0000][23984][gc,age       ] GC(151) - age  12:       2016 bytes,    3863064 total
[2020-09-03T11:16:40.088+0000][23984][gc,age       ] GC(151) - age  13:       2376 bytes,    3865440 total
[2020-09-03T11:16:40.088+0000][23984][gc,age       ] GC(151) - age  14:       1192 bytes,    3866632 total
[2020-09-03T11:16:40.088+0000][23984][gc,age       ] GC(151) - age  15:       2456 bytes,    3869088 total
[2020-09-03T11:16:40.089+0000][23984][gc,phases    ] GC(151)   Pre Evacuate Collection Set: 0.3ms
[2020-09-03T11:16:40.089+0000][23984][gc,phases    ] GC(151)   Merge Heap Roots: 0.1ms
[2020-09-03T11:16:40.089+0000][23984][gc,phases    ] GC(151)   Evacuate Collection Set: 1.9ms
[2020-09-03T11:16:40.089+0000][23984][gc,phases    ] GC(151)   Post Evacuate Collection Set: 0.7ms
[2020-09-03T11:16:40.089+0000][23984][gc,phases    ] GC(151)   Other: 0.7ms
[2020-09-03T11:16:40.089+0000][23984][gc,heap      ] GC(151) Eden regions: 42->0(497)
[2020-09-03T11:16:40.089+0000][23984][gc,heap      ] GC(151) Survivor regions: 5->5(63)
[2020-09-03T11:16:40.089+0000][23984][gc,heap      ] GC(151) Old regions: 77->77
[2020-09-03T11:16:40.089+0000][23984][gc,heap      ] GC(151) Archive regions: 0->0
[2020-09-03T11:16:40.089+0000][23984][gc,heap      ] GC(151) Humongous regions: 278->174
[2020-09-03T11:16:40.089+0000][23984][gc,metaspace ] GC(151) Metaspace: 85454K(92032K)->85454K(92032K) NonClass: 74447K(78336K)->74447K(78336K) Class: 11006K(13696K)->11006K(13696K)
[2020-09-03T11:16:40.089+0000][23984][gc           ] GC(151) Pause Young (Concurrent Start) (G1 Humongous Allocation) 399M->254M(1024M) 4.005ms
[2020-09-03T11:16:40.089+0000][23984][gc,cpu       ] GC(151) User=0.00s Sys=0.00s Real=0.00s
[2020-09-03T11:16:40.089+0000][23984][safepoint    ] Safepoint "G1TryInitiateConcMark", Time since last: 90345900 ns, Reaching safepoint: 144200 ns, At safepoint: 4173000 ns, Total: 4317200 ns
[2020-09-03T11:16:40.089+0000][23984][gc           ] GC(152) Concurrent Cycle
[2020-09-03T11:16:40.089+0000][23984][gc,marking   ] GC(152) Concurrent Clear Claimed Marks
[2020-09-03T11:16:40.089+0000][23984][gc,marking   ] GC(152) Concurrent Clear Claimed Marks 0.327ms
[2020-09-03T11:16:40.089+0000][23984][gc,marking   ] GC(152) Concurrent Scan Root Regions
[2020-09-03T11:16:40.091+0000][23984][gc,marking   ] GC(152) Concurrent Scan Root Regions 1.769ms
[2020-09-03T11:16:40.091+0000][23984][gc,marking   ] GC(152) Concurrent Mark (149.093s)
[2020-09-03T11:16:40.091+0000][23984][gc,marking   ] GC(152) Concurrent Mark From Roots
[2020-09-03T11:16:40.091+0000][23984][gc,task      ] GC(152) Using 2 workers of 2 for marking
[2020-09-03T11:16:40.173+0000][23984][gc,marking   ] GC(152) Concurrent Mark From Roots 81.169ms
[2020-09-03T11:16:40.173+0000][23984][gc,marking   ] GC(152) Concurrent Preclean
[2020-09-03T11:16:40.173+0000][23984][gc,marking   ] GC(152) Concurrent Preclean 0.352ms
[2020-09-03T11:16:40.173+0000][23984][gc,marking   ] GC(152) Concurrent Mark (149.093s, 149.175s) 81.634ms
[2020-09-03T11:16:40.173+0000][23984][gc,start     ] GC(152) Pause Remark
[2020-09-03T11:16:40.177+0000][23984][gc           ] GC(152) Pause Remark 312M->312M(1024M) 3.968ms
[2020-09-03T11:16:40.177+0000][23984][gc,cpu       ] GC(152) User=0.00s Sys=0.00s Real=0.00s
[2020-09-03T11:16:40.177+0000][23984][safepoint    ] Safepoint "G1Concurrent", Time since last: 84004700 ns, Reaching safepoint: 155900 ns, At safepoint: 4113100 ns, Total: 4269000 ns
[2020-09-03T11:16:40.177+0000][23984][gc,marking   ] GC(152) Concurrent Rebuild Remembered Sets
[2020-09-03T11:16:40.230+0000][23984][safepoint    ] Safepoint "ICBufferFull", Time since last: 51147200 ns, Reaching safepoint: 741800 ns, At safepoint: 421000 ns, Total: 1162800 ns
[2020-09-03T11:16:40.243+0000][23984][gc,marking   ] GC(152) Concurrent Rebuild Remembered Sets 65.894ms
[2020-09-03T11:16:40.243+0000][23984][gc,start     ] GC(152) Pause Cleanup
[2020-09-03T11:16:40.244+0000][23984][gc           ] GC(152) Pause Cleanup 324M->324M(1024M) 0.309ms
[2020-09-03T11:16:40.244+0000][23984][gc,cpu       ] GC(152) User=0.00s Sys=0.00s Real=0.00s
[2020-09-03T11:16:40.244+0000][23984][safepoint    ] Safepoint "G1Concurrent", Time since last: 13712500 ns, Reaching safepoint: 143100 ns, At safepoint: 462500 ns, Total: 605600 ns
[2020-09-03T11:16:40.244+0000][23984][gc,marking   ] GC(152) Concurrent Cleanup for Next Mark
[2020-09-03T11:16:40.246+0000][23984][gc,marking   ] GC(152) Concurrent Cleanup for Next Mark 1.997ms
[2020-09-03T11:16:40.246+0000][23984][gc           ] GC(152) Concurrent Cycle 157.113ms
[2020-09-03T11:16:40.265+0000][23984][gc,start     ] GC(153) Pause Young (Concurrent Start) (G1 Humongous Allocation)
[2020-09-03T11:16:40.265+0000][23984][gc,task      ] GC(153) Using 8 workers of 8 for evacuation
[2020-09-03T11:16:40.265+0000][23984][gc,age       ] GC(153) Desired survivor size 33030144 bytes, new threshold 15 (max threshold 15)
[2020-09-03T11:16:40.269+0000][23984][gc,age       ] GC(153) Age table with threshold 15 (max threshold 15)
[2020-09-03T11:16:40.269+0000][23984][gc,age       ] GC(153) - age   1:   13301696 bytes,   13301696 total
[2020-09-03T11:16:40.269+0000][23984][gc,age       ] GC(153) - age   2:       1992 bytes,   13303688 total
[2020-09-03T11:16:40.269+0000][23984][gc,age       ] GC(153) - age   3:       2800 bytes,   13306488 total
[2020-09-03T11:16:40.269+0000][23984][gc,age       ] GC(153) - age   4:       1752 bytes,   13308240 total
[2020-09-03T11:16:40.269+0000][23984][gc,age       ] GC(153) - age   5:      10928 bytes,   13319168 total
[2020-09-03T11:16:40.269+0000][23984][gc,age       ] GC(153) - age   6:       1496 bytes,   13320664 total
[2020-09-03T11:16:40.269+0000][23984][gc,age       ] GC(153) - age   7:      14064 bytes,   13334728 total
[2020-09-03T11:16:40.269+0000][23984][gc,age       ] GC(153) - age   8:      14600 bytes,   13349328 total
[2020-09-03T11:16:40.269+0000][23984][gc,age       ] GC(153) - age   9:      10320 bytes,   13359648 total
[2020-09-03T11:16:40.269+0000][23984][gc,age       ] GC(153) - age  10:       1624 bytes,   13361272 total
[2020-09-03T11:16:40.269+0000][23984][gc,age       ] GC(153) - age  11:       4576 bytes,   13365848 total
[2020-09-03T11:16:40.269+0000][23984][gc,age       ] GC(153) - age  12:       5808 bytes,   13371656 total
[2020-09-03T11:16:40.269+0000][23984][gc,age       ] GC(153) - age  13:       1952 bytes,   13373608 total
[2020-09-03T11:16:40.270+0000][23984][gc,age       ] GC(153) - age  14:       2376 bytes,   13375984 total
[2020-09-03T11:16:40.270+0000][23984][gc,age       ] GC(153) - age  15:       1192 bytes,   13377176 total
[2020-09-03T11:16:40.270+0000][23984][gc,phases    ] GC(153)   Pre Evacuate Collection Set: 0.3ms
[2020-09-03T11:16:40.270+0000][23984][gc,phases    ] GC(153)   Merge Heap Roots: 0.1ms
[2020-09-03T11:16:40.270+0000][23984][gc,phases    ] GC(153)   Evacuate Collection Set: 3.2ms
[2020-09-03T11:16:40.270+0000][23984][gc,phases    ] GC(153)   Post Evacuate Collection Set: 0.6ms
[2020-09-03T11:16:40.270+0000][23984][gc,phases    ] GC(153)   Other: 0.7ms
[2020-09-03T11:16:40.270+0000][23984][gc,heap      ] GC(153) Eden regions: 44->0(481)
[2020-09-03T11:16:40.270+0000][23984][gc,heap      ] GC(153) Survivor regions: 5->14(63)
[2020-09-03T11:16:40.270+0000][23984][gc,heap      ] GC(153) Old regions: 77->77
[2020-09-03T11:16:40.270+0000][23984][gc,heap      ] GC(153) Archive regions: 0->0
[2020-09-03T11:16:40.270+0000][23984][gc,heap      ] GC(153) Humongous regions: 230->174
[2020-09-03T11:16:40.270+0000][23984][gc,metaspace ] GC(153) Metaspace: 85491K(92032K)->85491K(92032K) NonClass: 74484K(78336K)->74484K(78336K) Class: 11007K(13696K)->11007K(13696K)
[2020-09-03T11:16:40.270+0000][23984][gc           ] GC(153) Pause Young (Concurrent Start) (G1 Humongous Allocation) 354M->263M(1024M) 5.212ms
[2020-09-03T11:16:40.270+0000][23984][gc,cpu       ] GC(153) User=0.00s Sys=0.00s Real=0.00s
[2020-09-03T11:16:40.270+0000][23984][gc           ] GC(154) Concurrent Cycle
[2020-09-03T11:16:40.270+0000][23984][gc,marking   ] GC(154) Concurrent Clear Claimed Marks
[2020-09-03T11:16:40.270+0000][23984][safepoint    ] Safepoint "G1TryInitiateConcMark", Time since last: 20507700 ns, Reaching safepoint: 205700 ns, At safepoint: 5452300 ns, Total: 5658000 ns
[2020-09-03T11:16:40.270+0000][23984][gc,marking   ] GC(154) Concurrent Clear Claimed Marks 0.486ms
[2020-09-03T11:16:40.271+0000][23984][gc,marking   ] GC(154) Concurrent Scan Root Regions
[2020-09-03T11:16:40.274+0000][23984][gc,marking   ] GC(154) Concurrent Scan Root Regions 3.185ms
[2020-09-03T11:16:40.274+0000][23984][gc,marking   ] GC(154) Concurrent Mark (149.276s)
[2020-09-03T11:16:40.274+0000][23984][gc,marking   ] GC(154) Concurrent Mark From Roots
[2020-09-03T11:16:40.274+0000][23984][gc,task      ] GC(154) Using 2 workers of 2 for marking
[2020-09-03T11:16:40.441+0000][23984][gc,marking   ] GC(154) Concurrent Mark From Roots 166.517ms
[2020-09-03T11:16:40.441+0000][23984][gc,marking   ] GC(154) Concurrent Preclean
[2020-09-03T11:16:40.441+0000][23984][gc,marking   ] GC(154) Concurrent Preclean 0.585ms
[2020-09-03T11:16:40.441+0000][23984][gc,marking   ] GC(154) Concurrent Mark (149.276s, 149.443s) 167.281ms
[2020-09-03T11:16:40.442+0000][23984][gc,start     ] GC(154) Pause Remark
[2020-09-03T11:16:40.448+0000][23984][gc           ] GC(154) Pause Remark 499M->499M(1024M) 6.085ms
[2020-09-03T11:16:40.448+0000][23984][gc,cpu       ] GC(154) User=0.00s Sys=0.00s Real=0.01s
[2020-09-03T11:16:40.448+0000][23984][safepoint    ] Safepoint "G1Concurrent", Time since last: 171339000 ns, Reaching safepoint: 145400 ns, At safepoint: 6306700 ns, Total: 6452100 ns
[2020-09-03T11:16:40.448+0000][23984][gc,marking   ] GC(154) Concurrent Rebuild Remembered Sets
[2020-09-03T11:16:40.479+0000][23984][safepoint    ] Safepoint "BulkRevokeBias", Time since last: 28041900 ns, Reaching safepoint: 707000 ns, At safepoint: 2314900 ns, Total: 3021900 ns
[2020-09-03T11:16:40.551+0000][23984][gc,marking   ] GC(154) Concurrent Rebuild Remembered Sets 102.796ms
[2020-09-03T11:16:40.551+0000][23984][gc,start     ] GC(154) Pause Cleanup
[2020-09-03T11:16:40.551+0000][23984][gc           ] GC(154) Pause Cleanup 574M->574M(1024M) 0.242ms
[2020-09-03T11:16:40.551+0000][23984][gc,cpu       ] GC(154) User=0.00s Sys=0.00s Real=0.00s
[2020-09-03T11:16:40.551+0000][23984][safepoint    ] Safepoint "G1Concurrent", Time since last: 71919800 ns, Reaching safepoint: 170800 ns, At safepoint: 377000 ns, Total: 547800 ns
[2020-09-03T11:16:40.551+0000][23984][gc,marking   ] GC(154) Concurrent Cleanup for Next Mark
[2020-09-03T11:16:40.553+0000][23984][gc,marking   ] GC(154) Concurrent Cleanup for Next Mark 1.809ms
[2020-09-03T11:16:40.553+0000][23984][gc           ] GC(154) Concurrent Cycle 283.479ms
[2020-09-03T11:16:40.688+0000][23984][gc,start     ] GC(155) Pause Young (Concurrent Start) (G1 Humongous Allocation)
[2020-09-03T11:16:40.689+0000][23984][gc,task      ] GC(155) Using 8 workers of 8 for evacuation
[2020-09-03T11:16:40.689+0000][23984][gc,age       ] GC(155) Desired survivor size 32505856 bytes, new threshold 15 (max threshold 15)
[2020-09-03T11:16:40.693+0000][23984][gc,age       ] GC(155) Age table with threshold 15 (max threshold 15)
[2020-09-03T11:16:40.693+0000][23984][gc,age       ] GC(155) - age   1:    8226144 bytes,    8226144 total
[2020-09-03T11:16:40.693+0000][23984][gc,age       ] GC(155) - age   2:      30016 bytes,    8256160 total
[2020-09-03T11:16:40.693+0000][23984][gc,age       ] GC(155) - age   3:       1656 bytes,    8257816 total
[2020-09-03T11:16:40.693+0000][23984][gc,age       ] GC(155) - age   4:       2248 bytes,    8260064 total
[2020-09-03T11:16:40.693+0000][23984][gc,age       ] GC(155) - age   5:       1072 bytes,    8261136 total
[2020-09-03T11:16:40.693+0000][23984][gc,age       ] GC(155) - age   6:      10640 bytes,    8271776 total
[2020-09-03T11:16:40.693+0000][23984][gc,age       ] GC(155) - age   7:       1464 bytes,    8273240 total
[2020-09-03T11:16:40.693+0000][23984][gc,age       ] GC(155) - age   8:      14000 bytes,    8287240 total
[2020-09-03T11:16:40.693+0000][23984][gc,age       ] GC(155) - age   9:      14600 bytes,    8301840 total
[2020-09-03T11:16:40.693+0000][23984][gc,age       ] GC(155) - age  10:      10320 bytes,    8312160 total
[2020-09-03T11:16:40.693+0000][23984][gc,age       ] GC(155) - age  11:       1624 bytes,    8313784 total
[2020-09-03T11:16:40.693+0000][23984][gc,age       ] GC(155) - age  12:       4576 bytes,    8318360 total
[2020-09-03T11:16:40.693+0000][23984][gc,age       ] GC(155) - age  13:       5808 bytes,    8324168 total
[2020-09-03T11:16:40.693+0000][23984][gc,age       ] GC(155) - age  14:       1952 bytes,    8326120 total
[2020-09-03T11:16:40.693+0000][23984][gc,age       ] GC(155) - age  15:       2376 bytes,    8328496 total
[2020-09-03T11:16:40.693+0000][23984][gc,phases    ] GC(155)   Pre Evacuate Collection Set: 0.4ms
[2020-09-03T11:16:40.693+0000][23984][gc,phases    ] GC(155)   Merge Heap Roots: 0.1ms
[2020-09-03T11:16:40.693+0000][23984][gc,phases    ] GC(155)   Evacuate Collection Set: 2.7ms
[2020-09-03T11:16:40.693+0000][23984][gc,phases    ] GC(155)   Post Evacuate Collection Set: 1.0ms
[2020-09-03T11:16:40.693+0000][23984][gc,phases    ] GC(155)   Other: 0.7ms
[2020-09-03T11:16:40.694+0000][23984][gc,heap      ] GC(155) Eden regions: 90->0(485)
[2020-09-03T11:16:40.694+0000][23984][gc,heap      ] GC(155) Survivor regions: 14->9(62)
[2020-09-03T11:16:40.694+0000][23984][gc,heap      ] GC(155) Old regions: 77->77
[2020-09-03T11:16:40.694+0000][23984][gc,heap      ] GC(155) Archive regions: 0->0
[2020-09-03T11:16:40.694+0000][23984][gc,heap      ] GC(155) Humongous regions: 422->174
[2020-09-03T11:16:40.694+0000][23984][gc,metaspace ] GC(155) Metaspace: 85510K(92032K)->85510K(92032K) NonClass: 74503K(78336K)->74503K(78336K) Class: 11007K(13696K)->11007K(13696K)
[2020-09-03T11:16:40.694+0000][23984][gc           ] GC(155) Pause Young (Concurrent Start) (G1 Humongous Allocation) 600M->258M(1024M) 5.201ms
[2020-09-03T11:16:40.694+0000][23984][gc,cpu       ] GC(155) User=0.00s Sys=0.00s Real=0.01s
[2020-09-03T11:16:40.694+0000][23984][gc           ] GC(156) Concurrent Cycle
[2020-09-03T11:16:40.694+0000][23984][safepoint    ] Safepoint "G1TryInitiateConcMark", Time since last: 136871600 ns, Reaching safepoint: 176300 ns, At safepoint: 5399000 ns, Total: 5575300 ns
[2020-09-03T11:16:40.694+0000][23984][gc,marking   ] GC(156) Concurrent Clear Claimed Marks
[2020-09-03T11:16:40.695+0000][23984][gc,marking   ] GC(156) Concurrent Clear Claimed Marks 0.885ms
[2020-09-03T11:16:40.695+0000][23984][gc,marking   ] GC(156) Concurrent Scan Root Regions
[2020-09-03T11:16:40.699+0000][23984][gc,marking   ] GC(156) Concurrent Scan Root Regions 3.701ms
[2020-09-03T11:16:40.699+0000][23984][gc,marking   ] GC(156) Concurrent Mark (149.700s)
[2020-09-03T11:16:40.699+0000][23984][gc,marking   ] GC(156) Concurrent Mark From Roots
[2020-09-03T11:16:40.699+0000][23984][gc,task      ] GC(156) Using 2 workers of 2 for marking
[2020-09-03T11:16:40.855+0000][23984][gc,marking   ] GC(156) Concurrent Mark From Roots 156.528ms
[2020-09-03T11:16:40.855+0000][23984][gc,marking   ] GC(156) Concurrent Preclean
[2020-09-03T11:16:40.856+0000][23984][gc,marking   ] GC(156) Concurrent Preclean 0.633ms
[2020-09-03T11:16:40.856+0000][23984][gc,marking   ] GC(156) Concurrent Mark (149.700s, 149.858s) 157.340ms
[2020-09-03T11:16:40.856+0000][23984][gc,start     ] GC(156) Pause Remark
[2020-09-03T11:16:40.861+0000][23984][gc           ] GC(156) Pause Remark 512M->512M(1024M) 5.131ms
[2020-09-03T11:16:40.862+0000][23984][gc,cpu       ] GC(156) User=0.09s Sys=0.00s Real=0.01s
[2020-09-03T11:16:40.862+0000][23984][safepoint    ] Safepoint "G1Concurrent", Time since last: 162290500 ns, Reaching safepoint: 172400 ns, At safepoint: 5562100 ns, Total: 5734500 ns
[2020-09-03T11:16:40.862+0000][23984][gc,marking   ] GC(156) Concurrent Rebuild Remembered Sets
[2020-09-03T11:16:40.954+0000][23984][gc,marking   ] GC(156) Concurrent Rebuild Remembered Sets 92.078ms
[2020-09-03T11:16:40.954+0000][23984][gc,start     ] GC(156) Pause Cleanup
[2020-09-03T11:16:40.955+0000][23984][gc           ] GC(156) Pause Cleanup 589M->589M(1024M) 0.296ms
[2020-09-03T11:16:40.955+0000][23984][gc,cpu       ] GC(156) User=0.00s Sys=0.00s Real=0.00s
[2020-09-03T11:16:40.955+0000][23984][safepoint    ] Safepoint "G1Concurrent", Time since last: 92251100 ns, Reaching safepoint: 139100 ns, At safepoint: 453000 ns, Total: 592100 ns
[2020-09-03T11:16:40.955+0000][23984][gc,marking   ] GC(156) Concurrent Cleanup for Next Mark
[2020-09-03T11:16:40.956+0000][23984][gc,marking   ] GC(156) Concurrent Cleanup for Next Mark 1.633ms
[2020-09-03T11:16:40.957+0000][23984][gc           ] GC(156) Concurrent Cycle 262.758ms
[2020-09-03T11:16:41.086+0000][23984][gc,start     ] GC(157) Pause Young (Concurrent Start) (G1 Humongous Allocation)
[2020-09-03T11:16:41.086+0000][23984][gc,task      ] GC(157) Using 8 workers of 8 for evacuation
[2020-09-03T11:16:41.086+0000][23984][gc,age       ] GC(157) Desired survivor size 32505856 bytes, new threshold 15 (max threshold 15)
[2020-09-03T11:16:41.091+0000][23984][gc,age       ] GC(157) Age table with threshold 15 (max threshold 15)
[2020-09-03T11:16:41.091+0000][23984][gc,age       ] GC(157) - age   1:   13437976 bytes,   13437976 total
[2020-09-03T11:16:41.091+0000][23984][gc,age       ] GC(157) - age   2:       3040 bytes,   13441016 total
[2020-09-03T11:16:41.091+0000][23984][gc,age       ] GC(157) - age   3:      28856 bytes,   13469872 total
[2020-09-03T11:16:41.092+0000][23984][gc,age       ] GC(157) - age   4:       1560 bytes,   13471432 total
[2020-09-03T11:16:41.092+0000][23984][gc,age       ] GC(157) - age   5:       1152 bytes,   13472584 total
[2020-09-03T11:16:41.092+0000][23984][gc,age       ] GC(157) - age   6:       1008 bytes,   13473592 total
[2020-09-03T11:16:41.092+0000][23984][gc,age       ] GC(157) - age   7:      10544 bytes,   13484136 total
[2020-09-03T11:16:41.092+0000][23984][gc,age       ] GC(157) - age   8:       1432 bytes,   13485568 total
[2020-09-03T11:16:41.092+0000][23984][gc,age       ] GC(157) - age   9:      14000 bytes,   13499568 total
[2020-09-03T11:16:41.092+0000][23984][gc,age       ] GC(157) - age  10:      14600 bytes,   13514168 total
[2020-09-03T11:16:41.092+0000][23984][gc,age       ] GC(157) - age  11:      10320 bytes,   13524488 total
[2020-09-03T11:16:41.092+0000][23984][gc,age       ] GC(157) - age  12:       1624 bytes,   13526112 total
[2020-09-03T11:16:41.092+0000][23984][gc,age       ] GC(157) - age  13:       4576 bytes,   13530688 total
[2020-09-03T11:16:41.092+0000][23984][gc,age       ] GC(157) - age  14:       5744 bytes,   13536432 total
[2020-09-03T11:16:41.092+0000][23984][gc,age       ] GC(157) - age  15:       1952 bytes,   13538384 total
[2020-09-03T11:16:41.092+0000][23984][gc,phases    ] GC(157)   Pre Evacuate Collection Set: 0.4ms
[2020-09-03T11:16:41.092+0000][23984][gc,phases    ] GC(157)   Merge Heap Roots: 0.2ms
[2020-09-03T11:16:41.092+0000][23984][gc,phases    ] GC(157)   Evacuate Collection Set: 3.7ms
[2020-09-03T11:16:41.092+0000][23984][gc,phases    ] GC(157)   Post Evacuate Collection Set: 1.1ms
[2020-09-03T11:16:41.092+0000][23984][gc,phases    ] GC(157)   Other: 0.7ms
[2020-09-03T11:16:41.092+0000][23984][gc,heap      ] GC(157) Eden regions: 109->0(465)
[2020-09-03T11:16:41.092+0000][23984][gc,heap      ] GC(157) Survivor regions: 9->14(62)
[2020-09-03T11:16:41.092+0000][23984][gc,heap      ] GC(157) Old regions: 77->77
[2020-09-03T11:16:41.092+0000][23984][gc,heap      ] GC(157) Archive regions: 0->0
[2020-09-03T11:16:41.092+0000][23984][gc,heap      ] GC(157) Humongous regions: 430->174
[2020-09-03T11:16:41.092+0000][23984][gc,metaspace ] GC(157) Metaspace: 85568K(92032K)->85568K(92032K) NonClass: 74560K(78336K)->74560K(78336K) Class: 11007K(13696K)->11007K(13696K)
[2020-09-03T11:16:41.092+0000][23984][gc           ] GC(157) Pause Young (Concurrent Start) (G1 Humongous Allocation) 623M->263M(1024M) 6.366ms
[2020-09-03T11:16:41.092+0000][23984][gc,cpu       ] GC(157) User=0.02s Sys=0.02s Real=0.01s
[2020-09-03T11:16:41.092+0000][23984][gc           ] GC(158) Concurrent Cycle
[2020-09-03T11:16:41.092+0000][23984][safepoint    ] Safepoint "G1TryInitiateConcMark", Time since last: 130470900 ns, Reaching safepoint: 550700 ns, At safepoint: 6526800 ns, Total: 7077500 ns
[2020-09-03T11:16:41.092+0000][23984][gc,marking   ] GC(158) Concurrent Clear Claimed Marks
[2020-09-03T11:16:41.093+0000][23984][gc,marking   ] GC(158) Concurrent Clear Claimed Marks 1.006ms
[2020-09-03T11:16:41.093+0000][23984][gc,marking   ] GC(158) Concurrent Scan Root Regions
[2020-09-03T11:16:41.098+0000][23984][gc,marking   ] GC(158) Concurrent Scan Root Regions 4.264ms
[2020-09-03T11:16:41.098+0000][23984][gc,marking   ] GC(158) Concurrent Mark (150.099s)
[2020-09-03T11:16:41.098+0000][23984][gc,marking   ] GC(158) Concurrent Mark From Roots
[2020-09-03T11:16:41.098+0000][23984][gc,task      ] GC(158) Using 2 workers of 2 for marking
[2020-09-03T11:16:41.247+0000][23984][gc,marking   ] GC(158) Concurrent Mark From Roots 149.500ms
[2020-09-03T11:16:41.247+0000][23984][gc,marking   ] GC(158) Concurrent Preclean
[2020-09-03T11:16:41.248+0000][23984][gc,marking   ] GC(158) Concurrent Preclean 0.704ms
[2020-09-03T11:16:41.248+0000][23984][gc,marking   ] GC(158) Concurrent Mark (150.099s, 150.250s) 150.405ms
[2020-09-03T11:16:41.248+0000][23984][gc,start     ] GC(158) Pause Remark
[2020-09-03T11:16:41.254+0000][23984][gc           ] GC(158) Pause Remark 509M->509M(1024M) 5.156ms
[2020-09-03T11:16:41.254+0000][23984][gc,cpu       ] GC(158) User=0.00s Sys=0.00s Real=0.01s
[2020-09-03T11:16:41.254+0000][23984][safepoint    ] Safepoint "G1Concurrent", Time since last: 156060800 ns, Reaching safepoint: 156900 ns, At safepoint: 5392600 ns, Total: 5549500 ns
[2020-09-03T11:16:41.254+0000][23984][gc,marking   ] GC(158) Concurrent Rebuild Remembered Sets
[2020-09-03T11:16:41.334+0000][23984][gc,marking   ] GC(158) Concurrent Rebuild Remembered Sets 80.323ms
[2020-09-03T11:16:41.335+0000][23984][gc,start     ] GC(158) Pause Cleanup
[2020-09-03T11:16:41.335+0000][23984][gc           ] GC(158) Pause Cleanup 578M->578M(1024M) 0.298ms
[2020-09-03T11:16:41.335+0000][23984][gc,cpu       ] GC(158) User=0.00s Sys=0.00s Real=0.00s
[2020-09-03T11:16:41.335+0000][23984][safepoint    ] Safepoint "G1Concurrent", Time since last: 80485200 ns, Reaching safepoint: 150300 ns, At safepoint: 449600 ns, Total: 599900 ns
[2020-09-03T11:16:41.335+0000][23984][gc,marking   ] GC(158) Concurrent Cleanup for Next Mark
[2020-09-03T11:16:41.336+0000][23984][gc,marking   ] GC(158) Concurrent Cleanup for Next Mark 1.139ms
[2020-09-03T11:16:41.336+0000][23984][gc           ] GC(158) Concurrent Cycle 244.028ms
[2020-09-03T11:16:41.438+0000][23984][gc,start     ] GC(159) Pause Young (Concurrent Start) (G1 Humongous Allocation)
[2020-09-03T11:16:41.439+0000][23984][gc,task      ] GC(159) Using 8 workers of 8 for evacuation
[2020-09-03T11:16:41.439+0000][23984][gc,age       ] GC(159) Desired survivor size 31457280 bytes, new threshold 15 (max threshold 15)
[2020-09-03T11:16:41.442+0000][23984][gc,age       ] GC(159) Age table with threshold 15 (max threshold 15)
[2020-09-03T11:16:41.442+0000][23984][gc,age       ] GC(159) - age   1:    3873656 bytes,    3873656 total
[2020-09-03T11:16:41.442+0000][23984][gc,age       ] GC(159) - age   2:      10600 bytes,    3884256 total
[2020-09-03T11:16:41.442+0000][23984][gc,age       ] GC(159) - age   3:       2600 bytes,    3886856 total
[2020-09-03T11:16:41.442+0000][23984][gc,age       ] GC(159) - age   4:      28736 bytes,    3915592 total
[2020-09-03T11:16:41.442+0000][23984][gc,age       ] GC(159) - age   5:       1496 bytes,    3917088 total
[2020-09-03T11:16:41.442+0000][23984][gc,age       ] GC(159) - age   6:       1120 bytes,    3918208 total
[2020-09-03T11:16:41.442+0000][23984][gc,age       ] GC(159) - age   7:        912 bytes,    3919120 total
[2020-09-03T11:16:41.442+0000][23984][gc,age       ] GC(159) - age   8:      10544 bytes,    3929664 total
[2020-09-03T11:16:41.442+0000][23984][gc,age       ] GC(159) - age   9:       1400 bytes,    3931064 total
[2020-09-03T11:16:41.442+0000][23984][gc,age       ] GC(159) - age  10:      13968 bytes,    3945032 total
[2020-09-03T11:16:41.442+0000][23984][gc,age       ] GC(159) - age  11:      14600 bytes,    3959632 total
[2020-09-03T11:16:41.442+0000][23984][gc,age       ] GC(159) - age  12:      10256 bytes,    3969888 total
[2020-09-03T11:16:41.442+0000][23984][gc,age       ] GC(159) - age  13:       1560 bytes,    3971448 total
[2020-09-03T11:16:41.442+0000][23984][gc,age       ] GC(159) - age  14:       4576 bytes,    3976024 total
[2020-09-03T11:16:41.442+0000][23984][gc,age       ] GC(159) - age  15:       5744 bytes,    3981768 total
[2020-09-03T11:16:41.442+0000][23984][gc,phases    ] GC(159)   Pre Evacuate Collection Set: 0.4ms
[2020-09-03T11:16:41.442+0000][23984][gc,phases    ] GC(159)   Merge Heap Roots: 0.1ms
[2020-09-03T11:16:41.442+0000][23984][gc,phases    ] GC(159)   Evacuate Collection Set: 2.0ms
[2020-09-03T11:16:41.442+0000][23984][gc,phases    ] GC(159)   Post Evacuate Collection Set: 0.8ms
[2020-09-03T11:16:41.442+0000][23984][gc,phases    ] GC(159)   Other: 0.7ms
[2020-09-03T11:16:41.442+0000][23984][gc,heap      ] GC(159) Eden regions: 79->0(479)
[2020-09-03T11:16:41.443+0000][23984][gc,heap      ] GC(159) Survivor regions: 14->5(60)
[2020-09-03T11:16:41.443+0000][23984][gc,heap      ] GC(159) Old regions: 77->77
[2020-09-03T11:16:41.443+0000][23984][gc,heap      ] GC(159) Archive regions: 0->0
[2020-09-03T11:16:41.443+0000][23984][gc,heap      ] GC(159) Humongous regions: 424->174
[2020-09-03T11:16:41.443+0000][23984][gc,metaspace ] GC(159) Metaspace: 85581K(92032K)->85581K(92032K) NonClass: 74573K(78336K)->74573K(78336K) Class: 11007K(13696K)->11007K(13696K)
[2020-09-03T11:16:41.443+0000][23984][gc           ] GC(159) Pause Young (Concurrent Start) (G1 Humongous Allocation) 592M->254M(1024M) 4.201ms
[2020-09-03T11:16:41.443+0000][23984][gc,cpu       ] GC(159) User=0.00s Sys=0.00s Real=0.01s
[2020-09-03T11:16:41.443+0000][23984][safepoint    ] Safepoint "G1TryInitiateConcMark", Time since last: 103349400 ns, Reaching safepoint: 134100 ns, At safepoint: 4314400 ns, Total: 4448500 ns
[2020-09-03T11:16:41.443+0000][23984][gc           ] GC(160) Concurrent Cycle
[2020-09-03T11:16:41.443+0000][23984][gc,marking   ] GC(160) Concurrent Clear Claimed Marks
[2020-09-03T11:16:41.443+0000][23984][gc,marking   ] GC(160) Concurrent Clear Claimed Marks 0.352ms
[2020-09-03T11:16:41.443+0000][23984][gc,marking   ] GC(160) Concurrent Scan Root Regions
[2020-09-03T11:16:41.445+0000][23984][gc,marking   ] GC(160) Concurrent Scan Root Regions 2.269ms
[2020-09-03T11:16:41.446+0000][23984][gc,marking   ] GC(160) Concurrent Mark (150.447s)
[2020-09-03T11:16:41.446+0000][23984][gc,marking   ] GC(160) Concurrent Mark From Roots
[2020-09-03T11:16:41.446+0000][23984][gc,task      ] GC(160) Using 2 workers of 2 for marking
[2020-09-03T11:16:41.546+0000][23984][gc,marking   ] GC(160) Concurrent Mark From Roots 100.804ms
[2020-09-03T11:16:41.547+0000][23984][gc,marking   ] GC(160) Concurrent Preclean
[2020-09-03T11:16:41.547+0000][23984][gc,marking   ] GC(160) Concurrent Preclean 0.419ms
[2020-09-03T11:16:41.547+0000][23984][gc,marking   ] GC(160) Concurrent Mark (150.447s, 150.549s) 101.383ms
[2020-09-03T11:16:41.547+0000][23984][gc,start     ] GC(160) Pause Remark
[2020-09-03T11:16:41.552+0000][23984][gc           ] GC(160) Pause Remark 317M->317M(1024M) 4.322ms
[2020-09-03T11:16:41.552+0000][23984][gc,cpu       ] GC(160) User=0.00s Sys=0.00s Real=0.01s
[2020-09-03T11:16:41.552+0000][23984][safepoint    ] Safepoint "G1Concurrent", Time since last: 104368600 ns, Reaching safepoint: 160700 ns, At safepoint: 4533800 ns, Total: 4694500 ns
[2020-09-03T11:16:41.552+0000][23984][gc,marking   ] GC(160) Concurrent Rebuild Remembered Sets
[2020-09-03T11:16:41.628+0000][23984][gc,marking   ] GC(160) Concurrent Rebuild Remembered Sets 76.484ms
[2020-09-03T11:16:41.629+0000][23984][gc,start     ] GC(160) Pause Cleanup
[2020-09-03T11:16:41.629+0000][23984][gc           ] GC(160) Pause Cleanup 386M->386M(1024M) 0.316ms
[2020-09-03T11:16:41.629+0000][23984][gc,cpu       ] GC(160) User=0.00s Sys=0.00s Real=0.00s
[2020-09-03T11:16:41.629+0000][23984][safepoint    ] Safepoint "G1Concurrent", Time since last: 76635800 ns, Reaching safepoint: 149000 ns, At safepoint: 459700 ns, Total: 608700 ns
[2020-09-03T11:16:41.629+0000][23984][gc,marking   ] GC(160) Concurrent Cleanup for Next Mark
[2020-09-03T11:16:41.630+0000][23984][gc,marking   ] GC(160) Concurrent Cleanup for Next Mark 1.312ms
[2020-09-03T11:16:41.630+0000][23984][gc           ] GC(160) Concurrent Cycle 187.785ms
[2020-09-03T11:16:41.730+0000][23984][gc,start     ] GC(161) Pause Young (Concurrent Start) (G1 Humongous Allocation)
[2020-09-03T11:16:41.730+0000][23984][gc,task      ] GC(161) Using 8 workers of 8 for evacuation
[2020-09-03T11:16:41.730+0000][23984][gc,age       ] GC(161) Desired survivor size 31981568 bytes, new threshold 15 (max threshold 15)
[2020-09-03T11:16:41.733+0000][23984][gc,age       ] GC(161) Age table with threshold 15 (max threshold 15)
[2020-09-03T11:16:41.733+0000][23984][gc,age       ] GC(161) - age   1:    3281168 bytes,    3281168 total
[2020-09-03T11:16:41.733+0000][23984][gc,age       ] GC(161) - age   2:     604224 bytes,    3885392 total
[2020-09-03T11:16:41.733+0000][23984][gc,age       ] GC(161) - age   3:       6632 bytes,    3892024 total
[2020-09-03T11:16:41.733+0000][23984][gc,age       ] GC(161) - age   4:       2232 bytes,    3894256 total
[2020-09-03T11:16:41.733+0000][23984][gc,age       ] GC(161) - age   5:      28736 bytes,    3922992 total
[2020-09-03T11:16:41.733+0000][23984][gc,age       ] GC(161) - age   6:       1368 bytes,    3924360 total
[2020-09-03T11:16:41.733+0000][23984][gc,age       ] GC(161) - age   7:        992 bytes,    3925352 total
[2020-09-03T11:16:41.733+0000][23984][gc,age       ] GC(161) - age   8:        816 bytes,    3926168 total
[2020-09-03T11:16:41.733+0000][23984][gc,age       ] GC(161) - age   9:      10480 bytes,    3936648 total
[2020-09-03T11:16:41.733+0000][23984][gc,age       ] GC(161) - age  10:       1400 bytes,    3938048 total
[2020-09-03T11:16:41.733+0000][23984][gc,age       ] GC(161) - age  11:      13936 bytes,    3951984 total
[2020-09-03T11:16:41.733+0000][23984][gc,age       ] GC(161) - age  12:      14600 bytes,    3966584 total
[2020-09-03T11:16:41.733+0000][23984][gc,age       ] GC(161) - age  13:      10128 bytes,    3976712 total
[2020-09-03T11:16:41.733+0000][23984][gc,age       ] GC(161) - age  14:       1560 bytes,    3978272 total
[2020-09-03T11:16:41.733+0000][23984][gc,age       ] GC(161) - age  15:       4336 bytes,    3982608 total
[2020-09-03T11:16:41.733+0000][23984][gc,phases    ] GC(161)   Pre Evacuate Collection Set: 0.4ms
[2020-09-03T11:16:41.733+0000][23984][gc,phases    ] GC(161)   Merge Heap Roots: 0.1ms
[2020-09-03T11:16:41.733+0000][23984][gc,phases    ] GC(161)   Evacuate Collection Set: 1.9ms
[2020-09-03T11:16:41.734+0000][23984][gc,phases    ] GC(161)   Post Evacuate Collection Set: 0.8ms
[2020-09-03T11:16:41.734+0000][23984][gc,phases    ] GC(161)   Other: 0.7ms
[2020-09-03T11:16:41.734+0000][23984][gc,heap      ] GC(161) Eden regions: 44->0(485)
[2020-09-03T11:16:41.734+0000][23984][gc,heap      ] GC(161) Survivor regions: 5->5(61)
[2020-09-03T11:16:41.734+0000][23984][gc,heap      ] GC(161) Old regions: 77->77
[2020-09-03T11:16:41.734+0000][23984][gc,heap      ] GC(161) Archive regions: 0->0
[2020-09-03T11:16:41.734+0000][23984][gc,heap      ] GC(161) Humongous regions: 274->174
[2020-09-03T11:16:41.734+0000][23984][gc,metaspace ] GC(161) Metaspace: 85610K(92288K)->85610K(92288K) NonClass: 74603K(78592K)->74603K(78592K) Class: 11007K(13696K)->11007K(13696K)
[2020-09-03T11:16:41.734+0000][23984][gc           ] GC(161) Pause Young (Concurrent Start) (G1 Humongous Allocation) 398M->254M(1024M) 4.034ms
[2020-09-03T11:16:41.734+0000][23984][gc,cpu       ] GC(161) User=0.13s Sys=0.00s Real=0.00s
[2020-09-03T11:16:41.734+0000][23984][safepoint    ] Safepoint "G1TryInitiateConcMark", Time since last: 100428400 ns, Reaching safepoint: 142700 ns, At safepoint: 4191200 ns, Total: 4333900 ns
[2020-09-03T11:16:41.734+0000][23984][gc           ] GC(162) Concurrent Cycle
[2020-09-03T11:16:41.734+0000][23984][gc,marking   ] GC(162) Concurrent Clear Claimed Marks
[2020-09-03T11:16:41.734+0000][23984][gc,marking   ] GC(162) Concurrent Clear Claimed Marks 0.424ms
[2020-09-03T11:16:41.734+0000][23984][gc,marking   ] GC(162) Concurrent Scan Root Regions
[2020-09-03T11:16:41.736+0000][23984][gc,marking   ] GC(162) Concurrent Scan Root Regions 1.760ms
[2020-09-03T11:16:41.736+0000][23984][gc,marking   ] GC(162) Concurrent Mark (150.738s)
[2020-09-03T11:16:41.736+0000][23984][gc,marking   ] GC(162) Concurrent Mark From Roots
[2020-09-03T11:16:41.736+0000][23984][gc,task      ] GC(162) Using 2 workers of 2 for marking
[2020-09-03T11:16:41.833+0000][23984][gc,marking   ] GC(162) Concurrent Mark From Roots 96.472ms
[2020-09-03T11:16:41.833+0000][23984][gc,marking   ] GC(162) Concurrent Preclean
[2020-09-03T11:16:41.833+0000][23984][gc,marking   ] GC(162) Concurrent Preclean 0.406ms
[2020-09-03T11:16:41.833+0000][23984][gc,marking   ] GC(162) Concurrent Mark (150.738s, 150.835s) 96.997ms
[2020-09-03T11:16:41.833+0000][23984][gc,start     ] GC(162) Pause Remark
[2020-09-03T11:16:41.838+0000][23984][gc           ] GC(162) Pause Remark 315M->315M(1024M) 4.189ms
[2020-09-03T11:16:41.838+0000][23984][gc,cpu       ] GC(162) User=0.00s Sys=0.00s Real=0.01s
[2020-09-03T11:16:41.838+0000][23984][safepoint    ] Safepoint "G1Concurrent", Time since last: 99468100 ns, Reaching safepoint: 136000 ns, At safepoint: 4355500 ns, Total: 4491500 ns
[2020-09-03T11:16:41.838+0000][23984][gc,marking   ] GC(162) Concurrent Rebuild Remembered Sets
[2020-09-03T11:16:41.910+0000][23984][gc,marking   ] GC(162) Concurrent Rebuild Remembered Sets 71.890ms
[2020-09-03T11:16:41.910+0000][23984][gc,start     ] GC(162) Pause Cleanup
[2020-09-03T11:16:41.910+0000][23984][gc           ] GC(162) Pause Cleanup 385M->385M(1024M) 0.225ms
[2020-09-03T11:16:41.910+0000][23984][gc,cpu       ] GC(162) User=0.00s Sys=0.00s Real=0.00s
[2020-09-03T11:16:41.910+0000][23984][safepoint    ] Safepoint "G1Concurrent", Time since last: 72070200 ns, Reaching safepoint: 131800 ns, At safepoint: 348800 ns, Total: 480600 ns
[2020-09-03T11:16:41.910+0000][23984][gc,marking   ] GC(162) Concurrent Cleanup for Next Mark
[2020-09-03T11:16:41.912+0000][23984][gc,marking   ] GC(162) Concurrent Cleanup for Next Mark 1.524ms
[2020-09-03T11:16:41.912+0000][23984][gc           ] GC(162) Concurrent Cycle 178.179ms
[2020-09-03T11:16:42.010+0000][23984][gc,start     ] GC(163) Pause Young (Concurrent Start) (G1 Humongous Allocation)
[2020-09-03T11:16:42.010+0000][23984][gc,task      ] GC(163) Using 8 workers of 8 for evacuation
[2020-09-03T11:16:42.010+0000][23984][gc,age       ] GC(163) Desired survivor size 32505856 bytes, new threshold 15 (max threshold 15)
[2020-09-03T11:16:42.013+0000][23984][gc,age       ] GC(163) Age table with threshold 15 (max threshold 15)
[2020-09-03T11:16:42.013+0000][23984][gc,age       ] GC(163) - age   1:    3279648 bytes,    3279648 total
[2020-09-03T11:16:42.013+0000][23984][gc,age       ] GC(163) - age   2:     409392 bytes,    3689040 total
[2020-09-03T11:16:42.013+0000][23984][gc,age       ] GC(163) - age   3:     205008 bytes,    3894048 total
[2020-09-03T11:16:42.013+0000][23984][gc,age       ] GC(163) - age   4:       4592 bytes,    3898640 total
[2020-09-03T11:16:42.014+0000][23984][gc,age       ] GC(163) - age   5:       2232 bytes,    3900872 total
[2020-09-03T11:16:42.014+0000][23984][gc,age       ] GC(163) - age   6:      28608 bytes,    3929480 total
[2020-09-03T11:16:42.014+0000][23984][gc,age       ] GC(163) - age   7:       1272 bytes,    3930752 total
[2020-09-03T11:16:42.014+0000][23984][gc,age       ] GC(163) - age   8:        768 bytes,    3931520 total
[2020-09-03T11:16:42.014+0000][23984][gc,age       ] GC(163) - age   9:        720 bytes,    3932240 total
[2020-09-03T11:16:42.014+0000][23984][gc,age       ] GC(163) - age  10:      10480 bytes,    3942720 total
[2020-09-03T11:16:42.014+0000][23984][gc,age       ] GC(163) - age  11:       1400 bytes,    3944120 total
[2020-09-03T11:16:42.014+0000][23984][gc,age       ] GC(163) - age  12:      13936 bytes,    3958056 total
[2020-09-03T11:16:42.014+0000][23984][gc,age       ] GC(163) - age  13:      14600 bytes,    3972656 total
[2020-09-03T11:16:42.014+0000][23984][gc,age       ] GC(163) - age  14:      10000 bytes,    3982656 total
[2020-09-03T11:16:42.014+0000][23984][gc,age       ] GC(163) - age  15:       1560 bytes,    3984216 total
[2020-09-03T11:16:42.014+0000][23984][gc,phases    ] GC(163)   Pre Evacuate Collection Set: 0.3ms
[2020-09-03T11:16:42.014+0000][23984][gc,phases    ] GC(163)   Merge Heap Roots: 0.1ms
[2020-09-03T11:16:42.014+0000][23984][gc,phases    ] GC(163)   Evacuate Collection Set: 2.2ms
[2020-09-03T11:16:42.014+0000][23984][gc,phases    ] GC(163)   Post Evacuate Collection Set: 0.8ms
[2020-09-03T11:16:42.014+0000][23984][gc,phases    ] GC(163)   Other: 0.7ms
[2020-09-03T11:16:42.014+0000][23984][gc,heap      ] GC(163) Eden regions: 42->0(489)
[2020-09-03T11:16:42.014+0000][23984][gc,heap      ] GC(163) Survivor regions: 5->5(62)
[2020-09-03T11:16:42.014+0000][23984][gc,heap      ] GC(163) Old regions: 77->77
[2020-09-03T11:16:42.014+0000][23984][gc,heap      ] GC(163) Archive regions: 0->0
[2020-09-03T11:16:42.014+0000][23984][gc,heap      ] GC(163) Humongous regions: 274->174
[2020-09-03T11:16:42.014+0000][23984][gc,metaspace ] GC(163) Metaspace: 85622K(92288K)->85622K(92288K) NonClass: 74615K(78592K)->74615K(78592K) Class: 11007K(13696K)->11007K(13696K)
[2020-09-03T11:16:42.014+0000][23984][gc           ] GC(163) Pause Young (Concurrent Start) (G1 Humongous Allocation) 396M->254M(1024M) 4.281ms
[2020-09-03T11:16:42.014+0000][23984][gc,cpu       ] GC(163) User=0.00s Sys=0.02s Real=0.00s
[2020-09-03T11:16:42.014+0000][23984][safepoint    ] Safepoint "G1TryInitiateConcMark", Time since last: 99292200 ns, Reaching safepoint: 135500 ns, At safepoint: 4397700 ns, Total: 4533200 ns
[2020-09-03T11:16:42.014+0000][23984][gc           ] GC(164) Concurrent Cycle
[2020-09-03T11:16:42.014+0000][23984][gc,marking   ] GC(164) Concurrent Clear Claimed Marks
[2020-09-03T11:16:42.014+0000][23984][gc,marking   ] GC(164) Concurrent Clear Claimed Marks 0.278ms
[2020-09-03T11:16:42.015+0000][23984][gc,marking   ] GC(164) Concurrent Scan Root Regions
[2020-09-03T11:16:42.016+0000][23984][gc,marking   ] GC(164) Concurrent Scan Root Regions 1.493ms
[2020-09-03T11:16:42.016+0000][23984][gc,marking   ] GC(164) Concurrent Mark (151.018s)
[2020-09-03T11:16:42.016+0000][23984][gc,marking   ] GC(164) Concurrent Mark From Roots
[2020-09-03T11:16:42.016+0000][23984][gc,task      ] GC(164) Using 2 workers of 2 for marking
[2020-09-03T11:16:42.102+0000][23984][gc,marking   ] GC(164) Concurrent Mark From Roots 85.414ms
[2020-09-03T11:16:42.102+0000][23984][gc,marking   ] GC(164) Concurrent Preclean
[2020-09-03T11:16:42.102+0000][23984][gc,marking   ] GC(164) Concurrent Preclean 0.403ms
[2020-09-03T11:16:42.102+0000][23984][gc,marking   ] GC(164) Concurrent Mark (151.018s, 151.104s) 85.980ms
[2020-09-03T11:16:42.102+0000][23984][gc,start     ] GC(164) Pause Remark
[2020-09-03T11:16:42.106+0000][23984][gc           ] GC(164) Pause Remark 317M->317M(1024M) 4.131ms
[2020-09-03T11:16:42.107+0000][23984][gc,cpu       ] GC(164) User=0.00s Sys=0.00s Real=0.01s
[2020-09-03T11:16:42.107+0000][23984][safepoint    ] Safepoint "G1Concurrent", Time since last: 87993700 ns, Reaching safepoint: 140800 ns, At safepoint: 4323700 ns, Total: 4464500 ns
[2020-09-03T11:16:42.107+0000][23984][gc,marking   ] GC(164) Concurrent Rebuild Remembered Sets
[2020-09-03T11:16:42.177+0000][23984][gc,marking   ] GC(164) Concurrent Rebuild Remembered Sets 69.857ms
[2020-09-03T11:16:42.177+0000][23984][gc,start     ] GC(164) Pause Cleanup
[2020-09-03T11:16:42.177+0000][23984][gc           ] GC(164) Pause Cleanup 329M->329M(1024M) 0.299ms
[2020-09-03T11:16:42.177+0000][23984][gc,cpu       ] GC(164) User=0.00s Sys=0.00s Real=0.00s
[2020-09-03T11:16:42.177+0000][23984][safepoint    ] Safepoint "G1Concurrent", Time since last: 70029900 ns, Reaching safepoint: 203000 ns, At safepoint: 509700 ns, Total: 712700 ns
[2020-09-03T11:16:42.177+0000][23984][gc,marking   ] GC(164) Concurrent Cleanup for Next Mark
[2020-09-03T11:16:42.179+0000][23984][gc,marking   ] GC(164) Concurrent Cleanup for Next Mark 1.926ms
[2020-09-03T11:16:42.179+0000][23984][gc           ] GC(164) Concurrent Cycle 165.346ms
[2020-09-03T11:16:42.195+0000][23984][gc,start     ] GC(165) Pause Young (Concurrent Start) (G1 Humongous Allocation)
[2020-09-03T11:16:42.195+0000][23984][gc,task      ] GC(165) Using 8 workers of 8 for evacuation
[2020-09-03T11:16:42.195+0000][23984][gc,age       ] GC(165) Desired survivor size 32505856 bytes, new threshold 15 (max threshold 15)
[2020-09-03T11:16:42.198+0000][23984][gc,age       ] GC(165) Age table with threshold 15 (max threshold 15)
[2020-09-03T11:16:42.198+0000][23984][gc,age       ] GC(165) - age   1:    2470160 bytes,    2470160 total
[2020-09-03T11:16:42.198+0000][23984][gc,age       ] GC(165) - age   2:       2392 bytes,    2472552 total
[2020-09-03T11:16:42.198+0000][23984][gc,age       ] GC(165) - age   3:       3384 bytes,    2475936 total
[2020-09-03T11:16:42.198+0000][23984][gc,age       ] GC(165) - age   4:       2544 bytes,    2478480 total
[2020-09-03T11:16:42.198+0000][23984][gc,age       ] GC(165) - age   5:       2520 bytes,    2481000 total
[2020-09-03T11:16:42.199+0000][23984][gc,age       ] GC(165) - age   6:       1848 bytes,    2482848 total
[2020-09-03T11:16:42.199+0000][23984][gc,age       ] GC(165) - age   7:      28384 bytes,    2511232 total
[2020-09-03T11:16:42.199+0000][23984][gc,age       ] GC(165) - age   8:       1176 bytes,    2512408 total
[2020-09-03T11:16:42.199+0000][23984][gc,age       ] GC(165) - age   9:        736 bytes,    2513144 total
[2020-09-03T11:16:42.199+0000][23984][gc,age       ] GC(165) - age  10:        720 bytes,    2513864 total
[2020-09-03T11:16:42.199+0000][23984][gc,age       ] GC(165) - age  11:      10480 bytes,    2524344 total
[2020-09-03T11:16:42.199+0000][23984][gc,age       ] GC(165) - age  12:       1400 bytes,    2525744 total
[2020-09-03T11:16:42.199+0000][23984][gc,age       ] GC(165) - age  13:      13936 bytes,    2539680 total
[2020-09-03T11:16:42.199+0000][23984][gc,age       ] GC(165) - age  14:      14600 bytes,    2554280 total
[2020-09-03T11:16:42.199+0000][23984][gc,age       ] GC(165) - age  15:       9968 bytes,    2564248 total
[2020-09-03T11:16:42.199+0000][23984][gc,phases    ] GC(165)   Pre Evacuate Collection Set: 0.5ms
[2020-09-03T11:16:42.199+0000][23984][gc,phases    ] GC(165)   Merge Heap Roots: 0.1ms
[2020-09-03T11:16:42.199+0000][23984][gc,phases    ] GC(165)   Evacuate Collection Set: 1.8ms
[2020-09-03T11:16:42.199+0000][23984][gc,phases    ] GC(165)   Post Evacuate Collection Set: 0.5ms
[2020-09-03T11:16:42.199+0000][23984][gc,phases    ] GC(165)   Other: 1.0ms
[2020-09-03T11:16:42.199+0000][23984][gc,heap      ] GC(165) Eden regions: 31->0(495)
[2020-09-03T11:16:42.199+0000][23984][gc,heap      ] GC(165) Survivor regions: 5->3(62)
[2020-09-03T11:16:42.199+0000][23984][gc,heap      ] GC(165) Old regions: 77->77
[2020-09-03T11:16:42.199+0000][23984][gc,heap      ] GC(165) Archive regions: 0->0
[2020-09-03T11:16:42.199+0000][23984][gc,heap      ] GC(165) Humongous regions: 230->174
[2020-09-03T11:16:42.199+0000][23984][gc,metaspace ] GC(165) Metaspace: 85642K(92288K)->85642K(92288K) NonClass: 74634K(78592K)->74634K(78592K) Class: 11007K(13696K)->11007K(13696K)
[2020-09-03T11:16:42.199+0000][23984][gc           ] GC(165) Pause Young (Concurrent Start) (G1 Humongous Allocation) 341M->252M(1024M) 4.176ms
[2020-09-03T11:16:42.199+0000][23984][gc,cpu       ] GC(165) User=0.00s Sys=0.00s Real=0.00s
[2020-09-03T11:16:42.199+0000][23984][gc           ] GC(166) Concurrent Cycle
[2020-09-03T11:16:42.199+0000][23984][safepoint    ] Safepoint "G1TryInitiateConcMark", Time since last: 17262300 ns, Reaching safepoint: 218600 ns, At safepoint: 4336200 ns, Total: 4554800 ns
[2020-09-03T11:16:42.199+0000][23984][gc,marking   ] GC(166) Concurrent Clear Claimed Marks
[2020-09-03T11:16:42.200+0000][23984][gc,marking   ] GC(166) Concurrent Clear Claimed Marks 0.348ms
[2020-09-03T11:16:42.200+0000][23984][gc,marking   ] GC(166) Concurrent Scan Root Regions
[2020-09-03T11:16:42.201+0000][23984][gc,marking   ] GC(166) Concurrent Scan Root Regions 1.191ms
[2020-09-03T11:16:42.201+0000][23984][gc,marking   ] GC(166) Concurrent Mark (151.202s)
[2020-09-03T11:16:42.201+0000][23984][gc,marking   ] GC(166) Concurrent Mark From Roots
[2020-09-03T11:16:42.201+0000][23984][gc,task      ] GC(166) Using 2 workers of 2 for marking
[2020-09-03T11:16:42.300+0000][23984][gc,marking   ] GC(166) Concurrent Mark From Roots 99.419ms
[2020-09-03T11:16:42.300+0000][23984][gc,marking   ] GC(166) Concurrent Preclean
[2020-09-03T11:16:42.301+0000][23984][gc,marking   ] GC(166) Concurrent Preclean 0.411ms
[2020-09-03T11:16:42.301+0000][23984][gc,marking   ] GC(166) Concurrent Mark (151.202s, 151.302s) 99.966ms
[2020-09-03T11:16:42.301+0000][23984][gc,start     ] GC(166) Pause Remark
[2020-09-03T11:16:42.305+0000][23984][gc           ] GC(166) Pause Remark 304M->304M(1024M) 4.428ms
[2020-09-03T11:16:42.306+0000][23984][gc,cpu       ] GC(166) User=0.00s Sys=0.00s Real=0.00s
[2020-09-03T11:16:42.306+0000][23984][safepoint    ] Safepoint "G1Concurrent", Time since last: 101742800 ns, Reaching safepoint: 113300 ns, At safepoint: 4612000 ns, Total: 4725300 ns
[2020-09-03T11:16:42.306+0000][23984][gc,marking   ] GC(166) Concurrent Rebuild Remembered Sets
[2020-09-03T11:16:42.373+0000][23984][gc,marking   ] GC(166) Concurrent Rebuild Remembered Sets 67.577ms
[2020-09-03T11:16:42.373+0000][23984][gc,start     ] GC(166) Pause Cleanup
[2020-09-03T11:16:42.374+0000][23984][gc           ] GC(166) Pause Cleanup 372M->372M(1024M) 0.261ms
[2020-09-03T11:16:42.374+0000][23984][gc,cpu       ] GC(166) User=0.00s Sys=0.00s Real=0.00s
[2020-09-03T11:16:42.374+0000][23984][safepoint    ] Safepoint "G1Concurrent", Time since last: 67717600 ns, Reaching safepoint: 125100 ns, At safepoint: 380000 ns, Total: 505100 ns
[2020-09-03T11:16:42.374+0000][23984][gc,marking   ] GC(166) Concurrent Cleanup for Next Mark
[2020-09-03T11:16:42.375+0000][23984][gc,marking   ] GC(166) Concurrent Cleanup for Next Mark 1.086ms
[2020-09-03T11:16:42.375+0000][23984][gc           ] GC(166) Concurrent Cycle 175.964ms
[2020-09-03T11:16:42.481+0000][23984][gc,start     ] GC(167) Pause Young (Concurrent Start) (G1 Humongous Allocation)
[2020-09-03T11:16:42.481+0000][23984][gc,task      ] GC(167) Using 8 workers of 8 for evacuation
[2020-09-03T11:16:42.481+0000][23984][gc,age       ] GC(167) Desired survivor size 33030144 bytes, new threshold 15 (max threshold 15)
[2020-09-03T11:16:42.485+0000][23984][gc,age       ] GC(167) Age table with threshold 15 (max threshold 15)
[2020-09-03T11:16:42.485+0000][23984][gc,age       ] GC(167) - age   1:   13692816 bytes,   13692816 total
[2020-09-03T11:16:42.485+0000][23984][gc,age       ] GC(167) - age   2:      70432 bytes,   13763248 total
[2020-09-03T11:16:42.485+0000][23984][gc,age       ] GC(167) - age   3:       1592 bytes,   13764840 total
[2020-09-03T11:16:42.485+0000][23984][gc,age       ] GC(167) - age   4:       2736 bytes,   13767576 total
[2020-09-03T11:16:42.485+0000][23984][gc,age       ] GC(167) - age   5:       1696 bytes,   13769272 total
[2020-09-03T11:16:42.485+0000][23984][gc,age       ] GC(167) - age   6:       2136 bytes,   13771408 total
[2020-09-03T11:16:42.485+0000][23984][gc,age       ] GC(167) - age   7:       1816 bytes,   13773224 total
[2020-09-03T11:16:42.485+0000][23984][gc,age       ] GC(167) - age   8:      28320 bytes,   13801544 total
[2020-09-03T11:16:42.485+0000][23984][gc,age       ] GC(167) - age   9:       1048 bytes,   13802592 total
[2020-09-03T11:16:42.485+0000][23984][gc,age       ] GC(167) - age  10:        736 bytes,   13803328 total
[2020-09-03T11:16:42.485+0000][23984][gc,age       ] GC(167) - age  11:        720 bytes,   13804048 total
[2020-09-03T11:16:42.485+0000][23984][gc,age       ] GC(167) - age  12:      10480 bytes,   13814528 total
[2020-09-03T11:16:42.486+0000][23984][gc,age       ] GC(167) - age  13:       1400 bytes,   13815928 total
[2020-09-03T11:16:42.486+0000][23984][gc,age       ] GC(167) - age  14:      13936 bytes,   13829864 total
[2020-09-03T11:16:42.486+0000][23984][gc,age       ] GC(167) - age  15:      14600 bytes,   13844464 total
[2020-09-03T11:16:42.486+0000][23984][gc,phases    ] GC(167)   Pre Evacuate Collection Set: 0.4ms
[2020-09-03T11:16:42.486+0000][23984][gc,phases    ] GC(167)   Merge Heap Roots: 0.1ms
[2020-09-03T11:16:42.486+0000][23984][gc,phases    ] GC(167)   Evacuate Collection Set: 3.2ms
[2020-09-03T11:16:42.486+0000][23984][gc,phases    ] GC(167)   Post Evacuate Collection Set: 0.7ms
[2020-09-03T11:16:42.486+0000][23984][gc,phases    ] GC(167)   Other: 0.7ms
[2020-09-03T11:16:42.486+0000][23984][gc,heap      ] GC(167) Eden regions: 59->0(478)
[2020-09-03T11:16:42.486+0000][23984][gc,heap      ] GC(167) Survivor regions: 3->14(63)
[2020-09-03T11:16:42.486+0000][23984][gc,heap      ] GC(167) Old regions: 77->77
[2020-09-03T11:16:42.486+0000][23984][gc,heap      ] GC(167) Archive regions: 0->0
[2020-09-03T11:16:42.486+0000][23984][gc,heap      ] GC(167) Humongous regions: 264->174
[2020-09-03T11:16:42.486+0000][23984][gc,metaspace ] GC(167) Metaspace: 85660K(92288K)->85660K(92288K) NonClass: 74653K(78592K)->74653K(78592K) Class: 11007K(13696K)->11007K(13696K)
[2020-09-03T11:16:42.486+0000][23984][gc           ] GC(167) Pause Young (Concurrent Start) (G1 Humongous Allocation) 401M->263M(1024M) 5.321ms
[2020-09-03T11:16:42.486+0000][23984][gc,cpu       ] GC(167) User=0.11s Sys=0.00s Real=0.01s
[2020-09-03T11:16:42.486+0000][23984][gc           ] GC(168) Concurrent Cycle
[2020-09-03T11:16:42.486+0000][23984][gc,marking   ] GC(168) Concurrent Clear Claimed Marks
[2020-09-03T11:16:42.486+0000][23984][safepoint    ] Safepoint "G1TryInitiateConcMark", Time since last: 106275400 ns, Reaching safepoint: 371600 ns, At safepoint: 5605600 ns, Total: 5977200 ns
[2020-09-03T11:16:42.487+0000][23984][gc,marking   ] GC(168) Concurrent Clear Claimed Marks 0.529ms
[2020-09-03T11:16:42.487+0000][23984][gc,marking   ] GC(168) Concurrent Scan Root Regions
[2020-09-03T11:16:42.489+0000][23984][gc,marking   ] GC(168) Concurrent Scan Root Regions 1.917ms
[2020-09-03T11:16:42.489+0000][23984][gc,marking   ] GC(168) Concurrent Mark (151.490s)
[2020-09-03T11:16:42.489+0000][23984][gc,marking   ] GC(168) Concurrent Mark From Roots
[2020-09-03T11:16:42.489+0000][23984][gc,task      ] GC(168) Using 2 workers of 2 for marking
[2020-09-03T11:16:42.635+0000][23984][gc,marking   ] GC(168) Concurrent Mark From Roots 145.826ms
[2020-09-03T11:16:42.635+0000][23984][gc,marking   ] GC(168) Concurrent Preclean
[2020-09-03T11:16:42.635+0000][23984][gc,marking   ] GC(168) Concurrent Preclean 0.588ms
[2020-09-03T11:16:42.635+0000][23984][gc,marking   ] GC(168) Concurrent Mark (151.490s, 151.637s) 146.608ms
[2020-09-03T11:16:42.636+0000][23984][gc,start     ] GC(168) Pause Remark
[2020-09-03T11:16:42.640+0000][23984][gc           ] GC(168) Pause Remark 514M->514M(1024M) 4.635ms
[2020-09-03T11:16:42.640+0000][23984][gc,cpu       ] GC(168) User=0.13s Sys=0.00s Real=0.00s
[2020-09-03T11:16:42.641+0000][23984][safepoint    ] Safepoint "G1Concurrent", Time since last: 149304400 ns, Reaching safepoint: 226700 ns, At safepoint: 5058100 ns, Total: 5284800 ns
[2020-09-03T11:16:42.641+0000][23984][gc,marking   ] GC(168) Concurrent Rebuild Remembered Sets
[2020-09-03T11:16:42.717+0000][23984][gc,marking   ] GC(168) Concurrent Rebuild Remembered Sets 75.774ms
[2020-09-03T11:16:42.717+0000][23984][gc,start     ] GC(168) Pause Cleanup
[2020-09-03T11:16:42.717+0000][23984][gc           ] GC(168) Pause Cleanup 584M->584M(1024M) 0.250ms
[2020-09-03T11:16:42.717+0000][23984][gc,cpu       ] GC(168) User=0.00s Sys=0.00s Real=0.00s
[2020-09-03T11:16:42.717+0000][23984][safepoint    ] Safepoint "G1Concurrent", Time since last: 75932800 ns, Reaching safepoint: 131600 ns, At safepoint: 364700 ns, Total: 496300 ns
[2020-09-03T11:16:42.717+0000][23984][gc,marking   ] GC(168) Concurrent Cleanup for Next Mark
[2020-09-03T11:16:42.719+0000][23984][gc,marking   ] GC(168) Concurrent Cleanup for Next Mark 1.377ms
[2020-09-03T11:16:42.719+0000][23984][gc           ] GC(168) Concurrent Cycle 232.688ms
[2020-09-03T11:16:42.848+0000][23984][safepoint    ] Safepoint "BulkRevokeBias", Time since last: 129145100 ns, Reaching safepoint: 174800 ns, At safepoint: 1233000 ns, Total: 1407800 ns
[2020-09-03T11:16:42.863+0000][23984][gc,start     ] GC(169) Pause Young (Concurrent Start) (G1 Humongous Allocation)
[2020-09-03T11:16:42.864+0000][23984][gc,task      ] GC(169) Using 8 workers of 8 for evacuation
[2020-09-03T11:16:42.864+0000][23984][gc,age       ] GC(169) Desired survivor size 32505856 bytes, new threshold 15 (max threshold 15)
[2020-09-03T11:16:42.868+0000][23984][gc,age       ] GC(169) Age table with threshold 15 (max threshold 15)
[2020-09-03T11:16:42.869+0000][23984][gc,age       ] GC(169) - age   1:   13335864 bytes,   13335864 total
[2020-09-03T11:16:42.869+0000][23984][gc,age       ] GC(169) - age   2:      13184 bytes,   13349048 total
[2020-09-03T11:16:42.869+0000][23984][gc,age       ] GC(169) - age   3:      60952 bytes,   13410000 total
[2020-09-03T11:16:42.869+0000][23984][gc,age       ] GC(169) - age   4:       1248 bytes,   13411248 total
[2020-09-03T11:16:42.869+0000][23984][gc,age       ] GC(169) - age   5:       1648 bytes,   13412896 total
[2020-09-03T11:16:42.869+0000][23984][gc,age       ] GC(169) - age   6:       1248 bytes,   13414144 total
[2020-09-03T11:16:42.869+0000][23984][gc,age       ] GC(169) - age   7:       1952 bytes,   13416096 total
[2020-09-03T11:16:42.869+0000][23984][gc,age       ] GC(169) - age   8:       1816 bytes,   13417912 total
[2020-09-03T11:16:42.869+0000][23984][gc,age       ] GC(169) - age   9:      28320 bytes,   13446232 total
[2020-09-03T11:16:42.869+0000][23984][gc,age       ] GC(169) - age  10:       1048 bytes,   13447280 total
[2020-09-03T11:16:42.869+0000][23984][gc,age       ] GC(169) - age  11:        736 bytes,   13448016 total
[2020-09-03T11:16:42.869+0000][23984][gc,age       ] GC(169) - age  12:        720 bytes,   13448736 total
[2020-09-03T11:16:42.869+0000][23984][gc,age       ] GC(169) - age  13:      10480 bytes,   13459216 total
[2020-09-03T11:16:42.869+0000][23984][gc,age       ] GC(169) - age  14:       1400 bytes,   13460616 total
[2020-09-03T11:16:42.869+0000][23984][gc,age       ] GC(169) - age  15:      13936 bytes,   13474552 total
[2020-09-03T11:16:42.869+0000][23984][gc,phases    ] GC(169)   Pre Evacuate Collection Set: 0.4ms
[2020-09-03T11:16:42.869+0000][23984][gc,phases    ] GC(169)   Merge Heap Roots: 0.1ms
[2020-09-03T11:16:42.869+0000][23984][gc,phases    ] GC(169)   Evacuate Collection Set: 3.2ms
[2020-09-03T11:16:42.869+0000][23984][gc,phases    ] GC(169)   Post Evacuate Collection Set: 1.0ms
[2020-09-03T11:16:42.869+0000][23984][gc,phases    ] GC(169)   Other: 0.8ms
[2020-09-03T11:16:42.869+0000][23984][gc,heap      ] GC(169) Eden regions: 101->0(474)
[2020-09-03T11:16:42.869+0000][23984][gc,heap      ] GC(169) Survivor regions: 14->14(62)
[2020-09-03T11:16:42.869+0000][23984][gc,heap      ] GC(169) Old regions: 77->77
[2020-09-03T11:16:42.869+0000][23984][gc,heap      ] GC(169) Archive regions: 0->0
[2020-09-03T11:16:42.869+0000][23984][gc,heap      ] GC(169) Humongous regions: 430->174
[2020-09-03T11:16:42.869+0000][23984][gc,metaspace ] GC(169) Metaspace: 85699K(92288K)->85699K(92288K) NonClass: 74692K(78592K)->74692K(78592K) Class: 11007K(13696K)->11007K(13696K)
[2020-09-03T11:16:42.869+0000][23984][gc           ] GC(169) Pause Young (Concurrent Start) (G1 Humongous Allocation) 619M->263M(1024M) 5.684ms
[2020-09-03T11:16:42.869+0000][23984][gc,cpu       ] GC(169) User=0.00s Sys=0.00s Real=0.01s
[2020-09-03T11:16:42.869+0000][23984][safepoint    ] Safepoint "G1TryInitiateConcMark", Time since last: 15619800 ns, Reaching safepoint: 152100 ns, At safepoint: 5848200 ns, Total: 6000300 ns
[2020-09-03T11:16:42.869+0000][23984][gc           ] GC(170) Concurrent Cycle
[2020-09-03T11:16:42.869+0000][23984][gc,marking   ] GC(170) Concurrent Clear Claimed Marks
[2020-09-03T11:16:42.870+0000][23984][gc,marking   ] GC(170) Concurrent Clear Claimed Marks 0.622ms
[2020-09-03T11:16:42.870+0000][23984][gc,marking   ] GC(170) Concurrent Scan Root Regions
[2020-09-03T11:16:42.874+0000][23984][gc,marking   ] GC(170) Concurrent Scan Root Regions 3.900ms
[2020-09-03T11:16:42.874+0000][23984][gc,marking   ] GC(170) Concurrent Mark (151.876s)
[2020-09-03T11:16:42.874+0000][23984][gc,marking   ] GC(170) Concurrent Mark From Roots
[2020-09-03T11:16:42.874+0000][23984][gc,task      ] GC(170) Using 2 workers of 2 for marking
[2020-09-03T11:16:43.021+0000][23984][gc,marking   ] GC(170) Concurrent Mark From Roots 146.641ms
[2020-09-03T11:16:43.021+0000][23984][gc,marking   ] GC(170) Concurrent Preclean
[2020-09-03T11:16:43.022+0000][23984][gc,marking   ] GC(170) Concurrent Preclean 0.744ms
[2020-09-03T11:16:43.022+0000][23984][gc,marking   ] GC(170) Concurrent Mark (151.876s, 152.023s) 147.615ms
[2020-09-03T11:16:43.022+0000][23984][gc,start     ] GC(170) Pause Remark
[2020-09-03T11:16:43.027+0000][23984][gc           ] GC(170) Pause Remark 508M->508M(1024M) 4.660ms
[2020-09-03T11:16:43.027+0000][23984][gc,cpu       ] GC(170) User=0.00s Sys=0.00s Real=0.00s
[2020-09-03T11:16:43.027+0000][23984][safepoint    ] Safepoint "G1Concurrent", Time since last: 152636400 ns, Reaching safepoint: 156800 ns, At safepoint: 4866900 ns, Total: 5023700 ns
[2020-09-03T11:16:43.027+0000][23984][gc,marking   ] GC(170) Concurrent Rebuild Remembered Sets
[2020-09-03T11:16:43.118+0000][23984][gc,marking   ] GC(170) Concurrent Rebuild Remembered Sets 91.070ms
[2020-09-03T11:16:43.118+0000][23984][gc,start     ] GC(170) Pause Cleanup
[2020-09-03T11:16:43.119+0000][23984][gc           ] GC(170) Pause Cleanup 584M->584M(1024M) 0.297ms
[2020-09-03T11:16:43.119+0000][23984][gc,cpu       ] GC(170) User=0.00s Sys=0.00s Real=0.00s
[2020-09-03T11:16:43.119+0000][23984][safepoint    ] Safepoint "G1Concurrent", Time since last: 91229900 ns, Reaching safepoint: 142100 ns, At safepoint: 444300 ns, Total: 586400 ns
[2020-09-03T11:16:43.119+0000][23984][gc,marking   ] GC(170) Concurrent Cleanup for Next Mark
[2020-09-03T11:16:43.120+0000][23984][gc,marking   ] GC(170) Concurrent Cleanup for Next Mark 1.590ms
[2020-09-03T11:16:43.120+0000][23984][gc           ] GC(170) Concurrent Cycle 251.194ms
[2020-09-03T11:16:43.257+0000][23984][gc,start     ] GC(171) Pause Young (Concurrent Start) (G1 Humongous Allocation)
[2020-09-03T11:16:43.257+0000][23984][gc,task      ] GC(171) Using 8 workers of 8 for evacuation
[2020-09-03T11:16:43.257+0000][23984][gc,age       ] GC(171) Desired survivor size 31981568 bytes, new threshold 15 (max threshold 15)
[2020-09-03T11:16:43.262+0000][23984][gc,age       ] GC(171) Age table with threshold 15 (max threshold 15)
[2020-09-03T11:16:43.262+0000][23984][gc,age       ] GC(171) - age   1:   13690960 bytes,   13690960 total
[2020-09-03T11:16:43.262+0000][23984][gc,age       ] GC(171) - age   2:       7416 bytes,   13698376 total
[2020-09-03T11:16:43.262+0000][23984][gc,age       ] GC(171) - age   3:      12672 bytes,   13711048 total
[2020-09-03T11:16:43.263+0000][23984][gc,age       ] GC(171) - age   4:      60592 bytes,   13771640 total
[2020-09-03T11:16:43.263+0000][23984][gc,age       ] GC(171) - age   5:       1152 bytes,   13772792 total
[2020-09-03T11:16:43.263+0000][23984][gc,age       ] GC(171) - age   6:       1624 bytes,   13774416 total
[2020-09-03T11:16:43.263+0000][23984][gc,age       ] GC(171) - age   7:       1152 bytes,   13775568 total
[2020-09-03T11:16:43.263+0000][23984][gc,age       ] GC(171) - age   8:       1952 bytes,   13777520 total
[2020-09-03T11:16:43.263+0000][23984][gc,age       ] GC(171) - age   9:       1816 bytes,   13779336 total
[2020-09-03T11:16:43.263+0000][23984][gc,age       ] GC(171) - age  10:      28320 bytes,   13807656 total
[2020-09-03T11:16:43.263+0000][23984][gc,age       ] GC(171) - age  11:       1048 bytes,   13808704 total
[2020-09-03T11:16:43.263+0000][23984][gc,age       ] GC(171) - age  12:        672 bytes,   13809376 total
[2020-09-03T11:16:43.263+0000][23984][gc,age       ] GC(171) - age  13:        720 bytes,   13810096 total
[2020-09-03T11:16:43.263+0000][23984][gc,age       ] GC(171) - age  14:      10448 bytes,   13820544 total
[2020-09-03T11:16:43.263+0000][23984][gc,age       ] GC(171) - age  15:       1400 bytes,   13821944 total
[2020-09-03T11:16:43.263+0000][23984][gc,phases    ] GC(171)   Pre Evacuate Collection Set: 0.4ms
[2020-09-03T11:16:43.263+0000][23984][gc,phases    ] GC(171)   Merge Heap Roots: 0.1ms
[2020-09-03T11:16:43.263+0000][23984][gc,phases    ] GC(171)   Evacuate Collection Set: 3.4ms
[2020-09-03T11:16:43.263+0000][23984][gc,phases    ] GC(171)   Post Evacuate Collection Set: 1.3ms
[2020-09-03T11:16:43.263+0000][23984][gc,phases    ] GC(171)   Other: 1.0ms
[2020-09-03T11:16:43.263+0000][23984][gc,heap      ] GC(171) Eden regions: 98->0(471)
[2020-09-03T11:16:43.263+0000][23984][gc,heap      ] GC(171) Survivor regions: 14->15(61)
[2020-09-03T11:16:43.263+0000][23984][gc,heap      ] GC(171) Old regions: 77->77
[2020-09-03T11:16:43.263+0000][23984][gc,heap      ] GC(171) Archive regions: 0->0
[2020-09-03T11:16:43.263+0000][23984][gc,heap      ] GC(171) Humongous regions: 430->174
[2020-09-03T11:16:43.263+0000][23984][gc,metaspace ] GC(171) Metaspace: 85707K(92288K)->85707K(92288K) NonClass: 74699K(78592K)->74699K(78592K) Class: 11007K(13696K)->11007K(13696K)
[2020-09-03T11:16:43.263+0000][23984][gc           ] GC(171) Pause Young (Concurrent Start) (G1 Humongous Allocation) 617M->264M(1024M) 6.594ms
[2020-09-03T11:16:43.264+0000][23984][gc,cpu       ] GC(171) User=0.02s Sys=0.02s Real=0.01s
[2020-09-03T11:16:43.264+0000][23984][gc           ] GC(172) Concurrent Cycle
[2020-09-03T11:16:43.264+0000][23984][gc,marking   ] GC(172) Concurrent Clear Claimed Marks
[2020-09-03T11:16:43.264+0000][23984][safepoint    ] Safepoint "G1TryInitiateConcMark", Time since last: 137832600 ns, Reaching safepoint: 190000 ns, At safepoint: 7038400 ns, Total: 7228400 ns
[2020-09-03T11:16:43.264+0000][23984][gc,marking   ] GC(172) Concurrent Clear Claimed Marks 0.293ms
[2020-09-03T11:16:43.264+0000][23984][gc,marking   ] GC(172) Concurrent Scan Root Regions
[2020-09-03T11:16:43.267+0000][23984][gc,marking   ] GC(172) Concurrent Scan Root Regions 3.373ms
[2020-09-03T11:16:43.268+0000][23984][gc,marking   ] GC(172) Concurrent Mark (152.269s)
[2020-09-03T11:16:43.268+0000][23984][gc,marking   ] GC(172) Concurrent Mark From Roots
[2020-09-03T11:16:43.268+0000][23984][gc,task      ] GC(172) Using 2 workers of 2 for marking
[2020-09-03T11:16:43.419+0000][23984][gc,marking   ] GC(172) Concurrent Mark From Roots 151.208ms
[2020-09-03T11:16:43.419+0000][23984][gc,marking   ] GC(172) Concurrent Preclean
[2020-09-03T11:16:43.419+0000][23984][gc,marking   ] GC(172) Concurrent Preclean 0.521ms
[2020-09-03T11:16:43.420+0000][23984][gc,marking   ] GC(172) Concurrent Mark (152.269s, 152.421s) 151.915ms
[2020-09-03T11:16:43.420+0000][23984][gc,start     ] GC(172) Pause Remark
[2020-09-03T11:16:43.425+0000][23984][gc           ] GC(172) Pause Remark 510M->510M(1024M) 5.011ms
[2020-09-03T11:16:43.425+0000][23984][gc,cpu       ] GC(172) User=0.00s Sys=0.00s Real=0.00s
[2020-09-03T11:16:43.425+0000][23984][safepoint    ] Safepoint "G1Concurrent", Time since last: 155775200 ns, Reaching safepoint: 143300 ns, At safepoint: 5202100 ns, Total: 5345400 ns
[2020-09-03T11:16:43.425+0000][23984][gc,marking   ] GC(172) Concurrent Rebuild Remembered Sets
[2020-09-03T11:16:43.515+0000][23984][gc,marking   ] GC(172) Concurrent Rebuild Remembered Sets 90.313ms
[2020-09-03T11:16:43.516+0000][23984][gc,start     ] GC(172) Pause Cleanup
[2020-09-03T11:16:43.516+0000][23984][gc           ] GC(172) Pause Cleanup 585M->585M(1024M) 0.318ms
[2020-09-03T11:16:43.516+0000][23984][gc,cpu       ] GC(172) User=0.00s Sys=0.00s Real=0.00s
[2020-09-03T11:16:43.516+0000][23984][safepoint    ] Safepoint "G1Concurrent", Time since last: 90490300 ns, Reaching safepoint: 144100 ns, At safepoint: 493600 ns, Total: 637700 ns
[2020-09-03T11:16:43.516+0000][23984][gc,marking   ] GC(172) Concurrent Cleanup for Next Mark
[2020-09-03T11:16:43.517+0000][23984][gc,marking   ] GC(172) Concurrent Cleanup for Next Mark 1.314ms
[2020-09-03T11:16:43.518+0000][23984][gc           ] GC(172) Concurrent Cycle 253.951ms
[2020-09-03T11:16:43.618+0000][23984][gc,start     ] GC(173) Pause Young (Concurrent Start) (G1 Humongous Allocation)
[2020-09-03T11:16:43.618+0000][23984][gc,task      ] GC(173) Using 8 workers of 8 for evacuation
[2020-09-03T11:16:43.618+0000][23984][gc,age       ] GC(173) Desired survivor size 31981568 bytes, new threshold 15 (max threshold 15)
[2020-09-03T11:16:43.622+0000][23984][gc,age       ] GC(173) Age table with threshold 15 (max threshold 15)
[2020-09-03T11:16:43.622+0000][23984][gc,age       ] GC(173) - age   1:    3897792 bytes,    3897792 total
[2020-09-03T11:16:43.622+0000][23984][gc,age       ] GC(173) - age   2:       8448 bytes,    3906240 total
[2020-09-03T11:16:43.622+0000][23984][gc,age       ] GC(173) - age   3:       6840 bytes,    3913080 total
[2020-09-03T11:16:43.622+0000][23984][gc,age       ] GC(173) - age   4:      12224 bytes,    3925304 total
[2020-09-03T11:16:43.622+0000][23984][gc,age       ] GC(173) - age   5:      60592 bytes,    3985896 total
[2020-09-03T11:16:43.622+0000][23984][gc,age       ] GC(173) - age   6:       1152 bytes,    3987048 total
[2020-09-03T11:16:43.622+0000][23984][gc,age       ] GC(173) - age   7:       1624 bytes,    3988672 total
[2020-09-03T11:16:43.622+0000][23984][gc,age       ] GC(173) - age   8:        896 bytes,    3989568 total
[2020-09-03T11:16:43.622+0000][23984][gc,age       ] GC(173) - age   9:       1952 bytes,    3991520 total
[2020-09-03T11:16:43.622+0000][23984][gc,age       ] GC(173) - age  10:       1816 bytes,    3993336 total
[2020-09-03T11:16:43.622+0000][23984][gc,age       ] GC(173) - age  11:      28288 bytes,    4021624 total
[2020-09-03T11:16:43.622+0000][23984][gc,age       ] GC(173) - age  12:       1048 bytes,    4022672 total
[2020-09-03T11:16:43.622+0000][23984][gc,age       ] GC(173) - age  13:        544 bytes,    4023216 total
[2020-09-03T11:16:43.622+0000][23984][gc,age       ] GC(173) - age  14:        720 bytes,    4023936 total
[2020-09-03T11:16:43.622+0000][23984][gc,age       ] GC(173) - age  15:      10448 bytes,    4034384 total
[2020-09-03T11:16:43.622+0000][23984][gc,phases    ] GC(173)   Pre Evacuate Collection Set: 0.4ms
[2020-09-03T11:16:43.622+0000][23984][gc,phases    ] GC(173)   Merge Heap Roots: 0.1ms
[2020-09-03T11:16:43.622+0000][23984][gc,phases    ] GC(173)   Evacuate Collection Set: 2.4ms
[2020-09-03T11:16:43.622+0000][23984][gc,phases    ] GC(173)   Post Evacuate Collection Set: 0.9ms
[2020-09-03T11:16:43.622+0000][23984][gc,phases    ] GC(173)   Other: 0.7ms
[2020-09-03T11:16:43.622+0000][23984][gc,heap      ] GC(173) Eden regions: 79->0(485)
[2020-09-03T11:16:43.622+0000][23984][gc,heap      ] GC(173) Survivor regions: 15->5(61)
[2020-09-03T11:16:43.622+0000][23984][gc,heap      ] GC(173) Old regions: 77->77
[2020-09-03T11:16:43.622+0000][23984][gc,heap      ] GC(173) Archive regions: 0->0
[2020-09-03T11:16:43.622+0000][23984][gc,heap      ] GC(173) Humongous regions: 430->174
[2020-09-03T11:16:43.622+0000][23984][gc,metaspace ] GC(173) Metaspace: 85737K(92288K)->85737K(92288K) NonClass: 74730K(78592K)->74730K(78592K) Class: 11007K(13696K)->11007K(13696K)
[2020-09-03T11:16:43.622+0000][23984][gc           ] GC(173) Pause Young (Concurrent Start) (G1 Humongous Allocation) 598M->255M(1024M) 4.742ms
[2020-09-03T11:16:43.623+0000][23984][gc,cpu       ] GC(173) User=0.02s Sys=0.00s Real=0.00s
[2020-09-03T11:16:43.623+0000][23984][gc           ] GC(174) Concurrent Cycle
[2020-09-03T11:16:43.623+0000][23984][safepoint    ] Safepoint "G1TryInitiateConcMark", Time since last: 101429200 ns, Reaching safepoint: 183000 ns, At safepoint: 4914200 ns, Total: 5097200 ns
[2020-09-03T11:16:43.623+0000][23984][gc,marking   ] GC(174) Concurrent Clear Claimed Marks
[2020-09-03T11:16:43.623+0000][23984][gc,marking   ] GC(174) Concurrent Clear Claimed Marks 0.399ms
[2020-09-03T11:16:43.623+0000][23984][gc,marking   ] GC(174) Concurrent Scan Root Regions
[2020-09-03T11:16:43.626+0000][23984][gc,marking   ] GC(174) Concurrent Scan Root Regions 2.598ms
[2020-09-03T11:16:43.626+0000][23984][gc,marking   ] GC(174) Concurrent Mark (152.627s)
[2020-09-03T11:16:43.626+0000][23984][gc,marking   ] GC(174) Concurrent Mark From Roots
[2020-09-03T11:16:43.626+0000][23984][gc,task      ] GC(174) Using 2 workers of 2 for marking
[2020-09-03T11:16:43.730+0000][23984][gc,marking   ] GC(174) Concurrent Mark From Roots 104.627ms
[2020-09-03T11:16:43.731+0000][23984][gc,marking   ] GC(174) Concurrent Preclean
[2020-09-03T11:16:43.731+0000][23984][gc,marking   ] GC(174) Concurrent Preclean 0.601ms
[2020-09-03T11:16:43.731+0000][23984][gc,marking   ] GC(174) Concurrent Mark (152.627s, 152.733s) 105.373ms
[2020-09-03T11:16:43.731+0000][23984][gc,start     ] GC(174) Pause Remark
[2020-09-03T11:16:43.736+0000][23984][gc           ] GC(174) Pause Remark 318M->318M(1024M) 4.618ms
[2020-09-03T11:16:43.736+0000][23984][gc,cpu       ] GC(174) User=0.11s Sys=0.00s Real=0.01s
[2020-09-03T11:16:43.736+0000][23984][safepoint    ] Safepoint "G1Concurrent", Time since last: 108634200 ns, Reaching safepoint: 142600 ns, At safepoint: 4769700 ns, Total: 4912300 ns
[2020-09-03T11:16:43.736+0000][23984][gc,marking   ] GC(174) Concurrent Rebuild Remembered Sets
[2020-09-03T11:16:43.807+0000][23984][gc,marking   ] GC(174) Concurrent Rebuild Remembered Sets 70.703ms
[2020-09-03T11:16:43.807+0000][23984][gc,start     ] GC(174) Pause Cleanup
[2020-09-03T11:16:43.807+0000][23984][gc           ] GC(174) Pause Cleanup 389M->389M(1024M) 0.245ms
[2020-09-03T11:16:43.808+0000][23984][gc,cpu       ] GC(174) User=0.00s Sys=0.00s Real=0.00s
[2020-09-03T11:16:43.808+0000][23984][safepoint    ] Safepoint "G1Concurrent", Time since last: 70869700 ns, Reaching safepoint: 142000 ns, At safepoint: 468500 ns, Total: 610500 ns
[2020-09-03T11:16:43.808+0000][23984][gc,marking   ] GC(174) Concurrent Cleanup for Next Mark
[2020-09-03T11:16:43.809+0000][23984][gc,marking   ] GC(174) Concurrent Cleanup for Next Mark 1.199ms
[2020-09-03T11:16:43.809+0000][23984][gc           ] GC(174) Concurrent Cycle 186.413ms
[2020-09-03T11:16:43.903+0000][23984][gc,start     ] GC(175) Pause Young (Concurrent Start) (G1 Humongous Allocation)
[2020-09-03T11:16:43.903+0000][23984][gc,task      ] GC(175) Using 8 workers of 8 for evacuation
[2020-09-03T11:16:43.903+0000][23984][gc,age       ] GC(175) Desired survivor size 32505856 bytes, new threshold 15 (max threshold 15)
[2020-09-03T11:16:43.906+0000][23984][gc,age       ] GC(175) Age table with threshold 15 (max threshold 15)
[2020-09-03T11:16:43.906+0000][23984][gc,age       ] GC(175) - age   1:    3312280 bytes,    3312280 total
[2020-09-03T11:16:43.906+0000][23984][gc,age       ] GC(175) - age   2:     599352 bytes,    3911632 total
[2020-09-03T11:16:43.906+0000][23984][gc,age       ] GC(175) - age   3:       5424 bytes,    3917056 total
[2020-09-03T11:16:43.906+0000][23984][gc,age       ] GC(175) - age   4:       5688 bytes,    3922744 total
[2020-09-03T11:16:43.906+0000][23984][gc,age       ] GC(175) - age   5:      12224 bytes,    3934968 total
[2020-09-03T11:16:43.906+0000][23984][gc,age       ] GC(175) - age   6:      60592 bytes,    3995560 total
[2020-09-03T11:16:43.906+0000][23984][gc,age       ] GC(175) - age   7:       1024 bytes,    3996584 total
[2020-09-03T11:16:43.906+0000][23984][gc,age       ] GC(175) - age   8:       1304 bytes,    3997888 total
[2020-09-03T11:16:43.906+0000][23984][gc,age       ] GC(175) - age   9:        800 bytes,    3998688 total
[2020-09-03T11:16:43.906+0000][23984][gc,age       ] GC(175) - age  10:       1952 bytes,    4000640 total
[2020-09-03T11:16:43.906+0000][23984][gc,age       ] GC(175) - age  11:       1816 bytes,    4002456 total
[2020-09-03T11:16:43.906+0000][23984][gc,age       ] GC(175) - age  12:      28288 bytes,    4030744 total
[2020-09-03T11:16:43.906+0000][23984][gc,age       ] GC(175) - age  13:        920 bytes,    4031664 total
[2020-09-03T11:16:43.906+0000][23984][gc,age       ] GC(175) - age  14:        544 bytes,    4032208 total
[2020-09-03T11:16:43.906+0000][23984][gc,age       ] GC(175) - age  15:        656 bytes,    4032864 total
[2020-09-03T11:16:43.906+0000][23984][gc,phases    ] GC(175)   Pre Evacuate Collection Set: 0.3ms
[2020-09-03T11:16:43.906+0000][23984][gc,phases    ] GC(175)   Merge Heap Roots: 0.1ms
[2020-09-03T11:16:43.906+0000][23984][gc,phases    ] GC(175)   Evacuate Collection Set: 1.8ms
[2020-09-03T11:16:43.906+0000][23984][gc,phases    ] GC(175)   Post Evacuate Collection Set: 0.7ms
[2020-09-03T11:16:43.907+0000][23984][gc,phases    ] GC(175)   Other: 0.6ms
[2020-09-03T11:16:43.907+0000][23984][gc,heap      ] GC(175) Eden regions: 41->0(489)
[2020-09-03T11:16:43.907+0000][23984][gc,heap      ] GC(175) Survivor regions: 5->5(62)
[2020-09-03T11:16:43.907+0000][23984][gc,heap      ] GC(175) Old regions: 77->77
[2020-09-03T11:16:43.907+0000][23984][gc,heap      ] GC(175) Archive regions: 0->0
[2020-09-03T11:16:43.907+0000][23984][gc,heap      ] GC(175) Humongous regions: 278->174
[2020-09-03T11:16:43.907+0000][23984][gc,metaspace ] GC(175) Metaspace: 85807K(92288K)->85807K(92288K) NonClass: 74800K(78592K)->74800K(78592K) Class: 11007K(13696K)->11007K(13696K)
[2020-09-03T11:16:43.907+0000][23984][gc           ] GC(175) Pause Young (Concurrent Start) (G1 Humongous Allocation) 399M->254M(1024M) 3.805ms
[2020-09-03T11:16:43.907+0000][23984][gc,cpu       ] GC(175) User=0.09s Sys=0.00s Real=0.00s
[2020-09-03T11:16:43.907+0000][23984][safepoint    ] Safepoint "G1TryInitiateConcMark", Time since last: 95091600 ns, Reaching safepoint: 144700 ns, At safepoint: 3915700 ns, Total: 4060400 ns
[2020-09-03T11:16:43.907+0000][23984][gc           ] GC(176) Concurrent Cycle
[2020-09-03T11:16:43.907+0000][23984][gc,marking   ] GC(176) Concurrent Clear Claimed Marks
[2020-09-03T11:16:43.907+0000][23984][gc,marking   ] GC(176) Concurrent Clear Claimed Marks 0.278ms
[2020-09-03T11:16:43.907+0000][23984][gc,marking   ] GC(176) Concurrent Scan Root Regions
[2020-09-03T11:16:43.909+0000][23984][gc,marking   ] GC(176) Concurrent Scan Root Regions 1.962ms
[2020-09-03T11:16:43.909+0000][23984][gc,marking   ] GC(176) Concurrent Mark (152.911s)
[2020-09-03T11:16:43.909+0000][23984][gc,marking   ] GC(176) Concurrent Mark From Roots
[2020-09-03T11:16:43.909+0000][23984][gc,task      ] GC(176) Using 2 workers of 2 for marking
[2020-09-03T11:16:43.993+0000][23984][gc,marking   ] GC(176) Concurrent Mark From Roots 84.124ms
[2020-09-03T11:16:43.993+0000][23984][gc,marking   ] GC(176) Concurrent Preclean
[2020-09-03T11:16:43.994+0000][23984][gc,marking   ] GC(176) Concurrent Preclean 0.541ms
[2020-09-03T11:16:43.994+0000][23984][gc,marking   ] GC(176) Concurrent Mark (152.911s, 152.996s) 84.801ms
[2020-09-03T11:16:43.994+0000][23984][gc,start     ] GC(176) Pause Remark
[2020-09-03T11:16:43.999+0000][23984][gc           ] GC(176) Pause Remark 317M->317M(1024M) 4.502ms
[2020-09-03T11:16:43.999+0000][23984][gc,cpu       ] GC(176) User=0.13s Sys=0.00s Real=0.01s
[2020-09-03T11:16:43.999+0000][23984][safepoint    ] Safepoint "G1Concurrent", Time since last: 87348400 ns, Reaching safepoint: 132200 ns, At safepoint: 4695300 ns, Total: 4827500 ns
[2020-09-03T11:16:43.999+0000][23984][gc,marking   ] GC(176) Concurrent Rebuild Remembered Sets
[2020-09-03T11:16:44.061+0000][23984][gc,marking   ] GC(176) Concurrent Rebuild Remembered Sets 62.265ms
[2020-09-03T11:16:44.062+0000][23984][gc,start     ] GC(176) Pause Cleanup
[2020-09-03T11:16:44.062+0000][23984][gc           ] GC(176) Pause Cleanup 390M->390M(1024M) 0.307ms
[2020-09-03T11:16:44.062+0000][23984][gc,cpu       ] GC(176) User=0.00s Sys=0.00s Real=0.00s
[2020-09-03T11:16:44.062+0000][23984][safepoint    ] Safepoint "G1Concurrent", Time since last: 62441700 ns, Reaching safepoint: 179500 ns, At safepoint: 440800 ns, Total: 620300 ns
[2020-09-03T11:16:44.062+0000][23984][gc,marking   ] GC(176) Concurrent Cleanup for Next Mark
[2020-09-03T11:16:44.064+0000][23984][gc,marking   ] GC(176) Concurrent Cleanup for Next Mark 1.698ms
[2020-09-03T11:16:44.064+0000][23984][gc           ] GC(176) Concurrent Cycle 157.029ms
[2020-09-03T11:16:44.158+0000][23984][gc,start     ] GC(177) Pause Young (Concurrent Start) (G1 Humongous Allocation)
[2020-09-03T11:16:44.158+0000][23984][gc,task      ] GC(177) Using 8 workers of 8 for evacuation
[2020-09-03T11:16:44.158+0000][23984][gc,age       ] GC(177) Desired survivor size 32505856 bytes, new threshold 15 (max threshold 15)
[2020-09-03T11:16:44.161+0000][23984][gc,age       ] GC(177) Age table with threshold 15 (max threshold 15)
[2020-09-03T11:16:44.161+0000][23984][gc,age       ] GC(177) - age   1:    3185872 bytes,    3185872 total
[2020-09-03T11:16:44.161+0000][23984][gc,age       ] GC(177) - age   2:     409152 bytes,    3595024 total
[2020-09-03T11:16:44.162+0000][23984][gc,age       ] GC(177) - age   3:     201912 bytes,    3796936 total
[2020-09-03T11:16:44.162+0000][23984][gc,age       ] GC(177) - age   4:       3496 bytes,    3800432 total
[2020-09-03T11:16:44.162+0000][23984][gc,age       ] GC(177) - age   5:       5656 bytes,    3806088 total
[2020-09-03T11:16:44.162+0000][23984][gc,age       ] GC(177) - age   6:      12128 bytes,    3818216 total
[2020-09-03T11:16:44.162+0000][23984][gc,age       ] GC(177) - age   7:      60560 bytes,    3878776 total
[2020-09-03T11:16:44.162+0000][23984][gc,age       ] GC(177) - age   8:        736 bytes,    3879512 total
[2020-09-03T11:16:44.162+0000][23984][gc,age       ] GC(177) - age   9:       1208 bytes,    3880720 total
[2020-09-03T11:16:44.162+0000][23984][gc,age       ] GC(177) - age  10:        800 bytes,    3881520 total
[2020-09-03T11:16:44.162+0000][23984][gc,age       ] GC(177) - age  11:       1952 bytes,    3883472 total
[2020-09-03T11:16:44.162+0000][23984][gc,age       ] GC(177) - age  12:       1816 bytes,    3885288 total
[2020-09-03T11:16:44.162+0000][23984][gc,age       ] GC(177) - age  13:      28288 bytes,    3913576 total
[2020-09-03T11:16:44.162+0000][23984][gc,age       ] GC(177) - age  14:        920 bytes,    3914496 total
[2020-09-03T11:16:44.162+0000][23984][gc,age       ] GC(177) - age  15:        480 bytes,    3914976 total
[2020-09-03T11:16:44.162+0000][23984][gc,phases    ] GC(177)   Pre Evacuate Collection Set: 0.4ms
[2020-09-03T11:16:44.162+0000][23984][gc,phases    ] GC(177)   Merge Heap Roots: 0.1ms
[2020-09-03T11:16:44.162+0000][23984][gc,phases    ] GC(177)   Evacuate Collection Set: 2.2ms
[2020-09-03T11:16:44.162+0000][23984][gc,phases    ] GC(177)   Post Evacuate Collection Set: 0.7ms
[2020-09-03T11:16:44.162+0000][23984][gc,phases    ] GC(177)   Other: 0.7ms
[2020-09-03T11:16:44.162+0000][23984][gc,heap      ] GC(177) Eden regions: 44->0(493)
[2020-09-03T11:16:44.162+0000][23984][gc,heap      ] GC(177) Survivor regions: 5->4(62)
[2020-09-03T11:16:44.162+0000][23984][gc,heap      ] GC(177) Old regions: 77->77
[2020-09-03T11:16:44.162+0000][23984][gc,heap      ] GC(177) Archive regions: 0->0
[2020-09-03T11:16:44.162+0000][23984][gc,heap      ] GC(177) Humongous regions: 278->174
[2020-09-03T11:16:44.162+0000][23984][gc,metaspace ] GC(177) Metaspace: 85823K(92288K)->85823K(92288K) NonClass: 74816K(78592K)->74816K(78592K) Class: 11007K(13696K)->11007K(13696K)
[2020-09-03T11:16:44.162+0000][23984][gc           ] GC(177) Pause Young (Concurrent Start) (G1 Humongous Allocation) 402M->254M(1024M) 4.208ms
[2020-09-03T11:16:44.162+0000][23984][gc,cpu       ] GC(177) User=0.00s Sys=0.00s Real=0.00s
[2020-09-03T11:16:44.162+0000][23984][gc           ] GC(178) Concurrent Cycle
[2020-09-03T11:16:44.162+0000][23984][safepoint    ] Safepoint "G1TryInitiateConcMark", Time since last: 95827600 ns, Reaching safepoint: 121500 ns, At safepoint: 4379600 ns, Total: 4501100 ns
[2020-09-03T11:16:44.162+0000][23984][gc,marking   ] GC(178) Concurrent Clear Claimed Marks
[2020-09-03T11:16:44.163+0000][23984][gc,marking   ] GC(178) Concurrent Clear Claimed Marks 0.554ms
[2020-09-03T11:16:44.163+0000][23984][gc,marking   ] GC(178) Concurrent Scan Root Regions
[2020-09-03T11:16:44.164+0000][23984][gc,marking   ] GC(178) Concurrent Scan Root Regions 1.556ms
[2020-09-03T11:16:44.164+0000][23984][gc,marking   ] GC(178) Concurrent Mark (153.166s)
[2020-09-03T11:16:44.165+0000][23984][gc,marking   ] GC(178) Concurrent Mark From Roots
[2020-09-03T11:16:44.165+0000][23984][gc,task      ] GC(178) Using 2 workers of 2 for marking
[2020-09-03T11:16:44.256+0000][23984][gc,marking   ] GC(178) Concurrent Mark From Roots 91.116ms
[2020-09-03T11:16:44.256+0000][23984][gc,marking   ] GC(178) Concurrent Preclean
[2020-09-03T11:16:44.256+0000][23984][gc,marking   ] GC(178) Concurrent Preclean 0.386ms
[2020-09-03T11:16:44.256+0000][23984][gc,marking   ] GC(178) Concurrent Mark (153.166s, 153.258s) 91.615ms
[2020-09-03T11:16:44.256+0000][23984][gc,start     ] GC(178) Pause Remark
[2020-09-03T11:16:44.261+0000][23984][gc           ] GC(178) Pause Remark 312M->312M(1024M) 4.675ms
[2020-09-03T11:16:44.261+0000][23984][gc,cpu       ] GC(178) User=0.00s Sys=0.00s Real=0.00s
[2020-09-03T11:16:44.261+0000][23984][safepoint    ] Safepoint "G1Concurrent", Time since last: 93982300 ns, Reaching safepoint: 133700 ns, At safepoint: 4864600 ns, Total: 4998300 ns
[2020-09-03T11:16:44.261+0000][23984][gc,marking   ] GC(178) Concurrent Rebuild Remembered Sets
[2020-09-03T11:16:44.325+0000][23984][gc,marking   ] GC(178) Concurrent Rebuild Remembered Sets 63.559ms
[2020-09-03T11:16:44.325+0000][23984][gc,start     ] GC(178) Pause Cleanup
[2020-09-03T11:16:44.325+0000][23984][gc           ] GC(178) Pause Cleanup 323M->323M(1024M) 0.240ms
[2020-09-03T11:16:44.325+0000][23984][gc,cpu       ] GC(178) User=0.00s Sys=0.00s Real=0.00s
[2020-09-03T11:16:44.325+0000][23984][safepoint    ] Safepoint "G1Concurrent", Time since last: 63772600 ns, Reaching safepoint: 126600 ns, At safepoint: 338600 ns, Total: 465200 ns
[2020-09-03T11:16:44.325+0000][23984][gc,marking   ] GC(178) Concurrent Cleanup for Next Mark
[2020-09-03T11:16:44.327+0000][23984][gc,marking   ] GC(178) Concurrent Cleanup for Next Mark 1.714ms
[2020-09-03T11:16:44.327+0000][23984][gc           ] GC(178) Concurrent Cycle 165.148ms
[2020-09-03T11:16:44.338+0000][23984][gc,start     ] GC(179) Pause Young (Concurrent Start) (G1 Humongous Allocation)
[2020-09-03T11:16:44.338+0000][23984][gc,task      ] GC(179) Using 8 workers of 8 for evacuation
[2020-09-03T11:16:44.338+0000][23984][gc,age       ] GC(179) Desired survivor size 33030144 bytes, new threshold 15 (max threshold 15)
[2020-09-03T11:16:44.341+0000][23984][gc,age       ] GC(179) Age table with threshold 15 (max threshold 15)
[2020-09-03T11:16:44.341+0000][23984][gc,age       ] GC(179) - age   1:    2361832 bytes,    2361832 total
[2020-09-03T11:16:44.341+0000][23984][gc,age       ] GC(179) - age   2:       2712 bytes,    2364544 total
[2020-09-03T11:16:44.341+0000][23984][gc,age       ] GC(179) - age   3:       4312 bytes,    2368856 total
[2020-09-03T11:16:44.341+0000][23984][gc,age       ] GC(179) - age   4:       2720 bytes,    2371576 total
[2020-09-03T11:16:44.341+0000][23984][gc,age       ] GC(179) - age   5:       1720 bytes,    2373296 total
[2020-09-03T11:16:44.341+0000][23984][gc,age       ] GC(179) - age   6:       5272 bytes,    2378568 total
[2020-09-03T11:16:44.341+0000][23984][gc,age       ] GC(179) - age   7:      12064 bytes,    2390632 total
[2020-09-03T11:16:44.342+0000][23984][gc,age       ] GC(179) - age   8:      60496 bytes,    2451128 total
[2020-09-03T11:16:44.342+0000][23984][gc,age       ] GC(179) - age   9:        640 bytes,    2451768 total
[2020-09-03T11:16:44.342+0000][23984][gc,age       ] GC(179) - age  10:       1208 bytes,    2452976 total
[2020-09-03T11:16:44.342+0000][23984][gc,age       ] GC(179) - age  11:        800 bytes,    2453776 total
[2020-09-03T11:16:44.342+0000][23984][gc,age       ] GC(179) - age  12:       1952 bytes,    2455728 total
[2020-09-03T11:16:44.342+0000][23984][gc,age       ] GC(179) - age  13:       1816 bytes,    2457544 total
[2020-09-03T11:16:44.342+0000][23984][gc,age       ] GC(179) - age  14:      28248 bytes,    2485792 total
[2020-09-03T11:16:44.342+0000][23984][gc,age       ] GC(179) - age  15:        856 bytes,    2486648 total
[2020-09-03T11:16:44.342+0000][23984][gc,phases    ] GC(179)   Pre Evacuate Collection Set: 0.4ms
[2020-09-03T11:16:44.342+0000][23984][gc,phases    ] GC(179)   Merge Heap Roots: 0.1ms
[2020-09-03T11:16:44.342+0000][23984][gc,phases    ] GC(179)   Evacuate Collection Set: 1.7ms
[2020-09-03T11:16:44.342+0000][23984][gc,phases    ] GC(179)   Post Evacuate Collection Set: 0.8ms
[2020-09-03T11:16:44.342+0000][23984][gc,phases    ] GC(179)   Other: 0.7ms
[2020-09-03T11:16:44.342+0000][23984][gc,heap      ] GC(179) Eden regions: 27->0(497)
[2020-09-03T11:16:44.342+0000][23984][gc,heap      ] GC(179) Survivor regions: 4->3(63)
[2020-09-03T11:16:44.342+0000][23984][gc,heap      ] GC(179) Old regions: 77->77
[2020-09-03T11:16:44.342+0000][23984][gc,heap      ] GC(179) Archive regions: 0->0
[2020-09-03T11:16:44.342+0000][23984][gc,heap      ] GC(179) Humongous regions: 230->174
[2020-09-03T11:16:44.342+0000][23984][gc,metaspace ] GC(179) Metaspace: 85838K(92288K)->85838K(92288K) NonClass: 74830K(78592K)->74830K(78592K) Class: 11007K(13696K)->11007K(13696K)
[2020-09-03T11:16:44.342+0000][23984][gc           ] GC(179) Pause Young (Concurrent Start) (G1 Humongous Allocation) 337M->253M(1024M) 3.909ms
[2020-09-03T11:16:44.342+0000][23984][gc,cpu       ] GC(179) User=0.02s Sys=0.00s Real=0.00s
[2020-09-03T11:16:44.342+0000][23984][gc           ] GC(180) Concurrent Cycle
[2020-09-03T11:16:44.342+0000][23984][gc,marking   ] GC(180) Concurrent Clear Claimed Marks
[2020-09-03T11:16:44.342+0000][23984][safepoint    ] Safepoint "G1TryInitiateConcMark", Time since last: 12387400 ns, Reaching safepoint: 204000 ns, At safepoint: 4083500 ns, Total: 4287500 ns
[2020-09-03T11:16:44.342+0000][23984][gc,marking   ] GC(180) Concurrent Clear Claimed Marks 0.319ms
[2020-09-03T11:16:44.342+0000][23984][gc,marking   ] GC(180) Concurrent Scan Root Regions
[2020-09-03T11:16:44.344+0000][23984][gc,marking   ] GC(180) Concurrent Scan Root Regions 1.438ms
[2020-09-03T11:16:44.344+0000][23984][gc,marking   ] GC(180) Concurrent Mark (153.346s)
[2020-09-03T11:16:44.344+0000][23984][gc,marking   ] GC(180) Concurrent Mark From Roots
[2020-09-03T11:16:44.344+0000][23984][gc,task      ] GC(180) Using 2 workers of 2 for marking
[2020-09-03T11:16:44.426+0000][23984][gc,marking   ] GC(180) Concurrent Mark From Roots 82.230ms
[2020-09-03T11:16:44.426+0000][23984][gc,marking   ] GC(180) Concurrent Preclean
[2020-09-03T11:16:44.427+0000][23984][gc,marking   ] GC(180) Concurrent Preclean 0.399ms
[2020-09-03T11:16:44.427+0000][23984][gc,marking   ] GC(180) Concurrent Mark (153.346s, 153.429s) 82.767ms
[2020-09-03T11:16:44.427+0000][23984][gc,start     ] GC(180) Pause Remark
[2020-09-03T11:16:44.432+0000][23984][gc           ] GC(180) Pause Remark 303M->303M(1024M) 4.504ms
[2020-09-03T11:16:44.432+0000][23984][gc,cpu       ] GC(180) User=0.00s Sys=0.00s Real=0.00s
[2020-09-03T11:16:44.432+0000][23984][safepoint    ] Safepoint "G1Concurrent", Time since last: 84791100 ns, Reaching safepoint: 142000 ns, At safepoint: 4778200 ns, Total: 4920200 ns
[2020-09-03T11:16:44.432+0000][23984][gc,marking   ] GC(180) Concurrent Rebuild Remembered Sets
[2020-09-03T11:16:44.501+0000][23984][safepoint    ] Safepoint "BulkRevokeBias", Time since last: 64355600 ns, Reaching safepoint: 871500 ns, At safepoint: 4280600 ns, Total: 5152100 ns
[2020-09-03T11:16:44.505+0000][23984][gc,marking   ] GC(180) Concurrent Rebuild Remembered Sets 72.985ms
[2020-09-03T11:16:44.505+0000][23984][gc,start     ] GC(180) Pause Cleanup
[2020-09-03T11:16:44.506+0000][23984][gc           ] GC(180) Pause Cleanup 419M->419M(1024M) 0.368ms
[2020-09-03T11:16:44.506+0000][23984][gc,cpu       ] GC(180) User=0.00s Sys=0.00s Real=0.00s
[2020-09-03T11:16:44.506+0000][23984][safepoint    ] Safepoint "G1Concurrent", Time since last: 3776600 ns, Reaching safepoint: 318000 ns, At safepoint: 686700 ns, Total: 1004700 ns
[2020-09-03T11:16:44.506+0000][23984][gc,marking   ] GC(180) Concurrent Cleanup for Next Mark
[2020-09-03T11:16:44.509+0000][23984][gc,marking   ] GC(180) Concurrent Cleanup for Next Mark 3.104ms
[2020-09-03T11:16:44.509+0000][23984][gc           ] GC(180) Concurrent Cycle 167.390ms
[2020-09-03T11:16:44.510+0000][23984][gc,start     ] GC(181) Pause Young (Concurrent Start) (G1 Humongous Allocation)
[2020-09-03T11:16:44.510+0000][23984][gc,task      ] GC(181) Using 8 workers of 8 for evacuation
[2020-09-03T11:16:44.510+0000][23984][gc,age       ] GC(181) Desired survivor size 33030144 bytes, new threshold 15 (max threshold 15)
[2020-09-03T11:16:44.515+0000][23984][gc,age       ] GC(181) Age table with threshold 15 (max threshold 15)
[2020-09-03T11:16:44.515+0000][23984][gc,age       ] GC(181) - age   1:    9537472 bytes,    9537472 total
[2020-09-03T11:16:44.515+0000][23984][gc,age       ] GC(181) - age   2:      20144 bytes,    9557616 total
[2020-09-03T11:16:44.515+0000][23984][gc,age       ] GC(181) - age   3:       1712 bytes,    9559328 total
[2020-09-03T11:16:44.515+0000][23984][gc,age       ] GC(181) - age   4:       4184 bytes,    9563512 total
[2020-09-03T11:16:44.515+0000][23984][gc,age       ] GC(181) - age   5:       2032 bytes,    9565544 total
[2020-09-03T11:16:44.515+0000][23984][gc,age       ] GC(181) - age   6:       1272 bytes,    9566816 total
[2020-09-03T11:16:44.515+0000][23984][gc,age       ] GC(181) - age   7:       5144 bytes,    9571960 total
[2020-09-03T11:16:44.515+0000][23984][gc,age       ] GC(181) - age   8:      11968 bytes,    9583928 total
[2020-09-03T11:16:44.515+0000][23984][gc,age       ] GC(181) - age   9:      60424 bytes,    9644352 total
[2020-09-03T11:16:44.515+0000][23984][gc,age       ] GC(181) - age  10:        640 bytes,    9644992 total
[2020-09-03T11:16:44.515+0000][23984][gc,age       ] GC(181) - age  11:       1208 bytes,    9646200 total
[2020-09-03T11:16:44.515+0000][23984][gc,age       ] GC(181) - age  12:        800 bytes,    9647000 total
[2020-09-03T11:16:44.515+0000][23984][gc,age       ] GC(181) - age  13:       1952 bytes,    9648952 total
[2020-09-03T11:16:44.515+0000][23984][gc,age       ] GC(181) - age  14:       1816 bytes,    9650768 total
[2020-09-03T11:16:44.515+0000][23984][gc,age       ] GC(181) - age  15:      28248 bytes,    9679016 total
[2020-09-03T11:16:44.515+0000][23984][gc,phases    ] GC(181)   Pre Evacuate Collection Set: 0.5ms
[2020-09-03T11:16:44.515+0000][23984][gc,phases    ] GC(181)   Merge Heap Roots: 0.1ms
[2020-09-03T11:16:44.515+0000][23984][gc,phases    ] GC(181)   Evacuate Collection Set: 3.1ms
[2020-09-03T11:16:44.515+0000][23984][gc,phases    ] GC(181)   Post Evacuate Collection Set: 0.9ms
[2020-09-03T11:16:44.515+0000][23984][gc,phases    ] GC(181)   Other: 0.8ms
[2020-09-03T11:16:44.515+0000][23984][gc,heap      ] GC(181) Eden regions: 49->0(486)
[2020-09-03T11:16:44.515+0000][23984][gc,heap      ] GC(181) Survivor regions: 3->10(63)
[2020-09-03T11:16:44.515+0000][23984][gc,heap      ] GC(181) Old regions: 77->77
[2020-09-03T11:16:44.515+0000][23984][gc,heap      ] GC(181) Archive regions: 0->0
[2020-09-03T11:16:44.515+0000][23984][gc,heap      ] GC(181) Humongous regions: 323->174
[2020-09-03T11:16:44.516+0000][23984][gc,metaspace ] GC(181) Metaspace: 85863K(92544K)->85863K(92544K) NonClass: 74856K(78848K)->74856K(78848K) Class: 11007K(13696K)->11007K(13696K)
[2020-09-03T11:16:44.516+0000][23984][gc           ] GC(181) Pause Young (Concurrent Start) (G1 Humongous Allocation) 451M->259M(1024M) 5.776ms
[2020-09-03T11:16:44.516+0000][23984][gc,cpu       ] GC(181) User=0.09s Sys=0.00s Real=0.01s
[2020-09-03T11:16:44.516+0000][23984][safepoint    ] Safepoint "G1TryInitiateConcMark", Time since last: 3465700 ns, Reaching safepoint: 228300 ns, At safepoint: 5971000 ns, Total: 6199300 ns
[2020-09-03T11:16:44.516+0000][23984][gc           ] GC(182) Concurrent Cycle
[2020-09-03T11:16:44.516+0000][23984][gc,marking   ] GC(182) Concurrent Clear Claimed Marks
[2020-09-03T11:16:44.516+0000][23984][gc,marking   ] GC(182) Concurrent Clear Claimed Marks 0.587ms
[2020-09-03T11:16:44.517+0000][23984][gc,marking   ] GC(182) Concurrent Scan Root Regions
[2020-09-03T11:16:44.520+0000][23984][gc,marking   ] GC(182) Concurrent Scan Root Regions 3.620ms
[2020-09-03T11:16:44.520+0000][23984][gc,marking   ] GC(182) Concurrent Mark (153.522s)
[2020-09-03T11:16:44.520+0000][23984][gc,marking   ] GC(182) Concurrent Mark From Roots
[2020-09-03T11:16:44.520+0000][23984][gc,task      ] GC(182) Using 2 workers of 2 for marking
[2020-09-03T11:16:44.674+0000][23984][gc,marking   ] GC(182) Concurrent Mark From Roots 153.159ms
[2020-09-03T11:16:44.674+0000][23984][gc,marking   ] GC(182) Concurrent Preclean
[2020-09-03T11:16:44.674+0000][23984][gc,marking   ] GC(182) Concurrent Preclean 0.687ms
[2020-09-03T11:16:44.674+0000][23984][gc,marking   ] GC(182) Concurrent Mark (153.522s, 153.676s) 154.048ms
[2020-09-03T11:16:44.675+0000][23984][gc,start     ] GC(182) Pause Remark
[2020-09-03T11:16:44.680+0000][23984][gc           ] GC(182) Pause Remark 390M->390M(1024M) 5.558ms
[2020-09-03T11:16:44.680+0000][23984][gc,cpu       ] GC(182) User=0.00s Sys=0.00s Real=0.01s
[2020-09-03T11:16:44.681+0000][23984][safepoint    ] Safepoint "G1Concurrent", Time since last: 158746000 ns, Reaching safepoint: 140500 ns, At safepoint: 6415700 ns, Total: 6556200 ns
[2020-09-03T11:16:44.681+0000][23984][gc,marking   ] GC(182) Concurrent Rebuild Remembered Sets
[2020-09-03T11:16:44.771+0000][23984][gc,marking   ] GC(182) Concurrent Rebuild Remembered Sets 90.068ms
[2020-09-03T11:16:44.771+0000][23984][gc,start     ] GC(182) Pause Cleanup
[2020-09-03T11:16:44.772+0000][23984][gc           ] GC(182) Pause Cleanup 462M->462M(1024M) 0.318ms
[2020-09-03T11:16:44.772+0000][23984][gc,cpu       ] GC(182) User=0.00s Sys=0.00s Real=0.00s
[2020-09-03T11:16:44.772+0000][23984][safepoint    ] Safepoint "G1Concurrent", Time since last: 90275700 ns, Reaching safepoint: 130800 ns, At safepoint: 445400 ns, Total: 576200 ns
[2020-09-03T11:16:44.772+0000][23984][gc,marking   ] GC(182) Concurrent Cleanup for Next Mark
[2020-09-03T11:16:44.773+0000][23984][gc,marking   ] GC(182) Concurrent Cleanup for Next Mark 1.285ms
[2020-09-03T11:16:44.773+0000][23984][gc           ] GC(182) Concurrent Cycle 257.619ms
[2020-09-03T11:16:44.902+0000][23984][gc,start     ] GC(183) Pause Young (Concurrent Start) (G1 Humongous Allocation)
[2020-09-03T11:16:44.902+0000][23984][gc,task      ] GC(183) Using 8 workers of 8 for evacuation
[2020-09-03T11:16:44.902+0000][23984][gc,age       ] GC(183) Desired survivor size 32505856 bytes, new threshold 15 (max threshold 15)
[2020-09-03T11:16:44.907+0000][23984][gc,age       ] GC(183) Age table with threshold 15 (max threshold 15)
[2020-09-03T11:16:44.907+0000][23984][gc,age       ] GC(183) - age   1:   13649264 bytes,   13649264 total
[2020-09-03T11:16:44.907+0000][23984][gc,age       ] GC(183) - age   2:      12760 bytes,   13662024 total
[2020-09-03T11:16:44.907+0000][23984][gc,age       ] GC(183) - age   3:      10608 bytes,   13672632 total
[2020-09-03T11:16:44.907+0000][23984][gc,age       ] GC(183) - age   4:       1472 bytes,   13674104 total
[2020-09-03T11:16:44.907+0000][23984][gc,age       ] GC(183) - age   5:       3136 bytes,   13677240 total
[2020-09-03T11:16:44.907+0000][23984][gc,age       ] GC(183) - age   6:       1216 bytes,   13678456 total
[2020-09-03T11:16:44.907+0000][23984][gc,age       ] GC(183) - age   7:       1048 bytes,   13679504 total
[2020-09-03T11:16:44.907+0000][23984][gc,age       ] GC(183) - age   8:       5144 bytes,   13684648 total
[2020-09-03T11:16:44.907+0000][23984][gc,age       ] GC(183) - age   9:      11968 bytes,   13696616 total
[2020-09-03T11:16:44.907+0000][23984][gc,age       ] GC(183) - age  10:      60424 bytes,   13757040 total
[2020-09-03T11:16:44.907+0000][23984][gc,age       ] GC(183) - age  11:        640 bytes,   13757680 total
[2020-09-03T11:16:44.907+0000][23984][gc,age       ] GC(183) - age  12:       1208 bytes,   13758888 total
[2020-09-03T11:16:44.908+0000][23984][gc,age       ] GC(183) - age  13:        800 bytes,   13759688 total
[2020-09-03T11:16:44.908+0000][23984][gc,age       ] GC(183) - age  14:       1952 bytes,   13761640 total
[2020-09-03T11:16:44.908+0000][23984][gc,age       ] GC(183) - age  15:       1816 bytes,   13763456 total
[2020-09-03T11:16:44.908+0000][23984][gc,phases    ] GC(183)   Pre Evacuate Collection Set: 0.4ms
[2020-09-03T11:16:44.908+0000][23984][gc,phases    ] GC(183)   Merge Heap Roots: 0.1ms
[2020-09-03T11:16:44.908+0000][23984][gc,phases    ] GC(183)   Evacuate Collection Set: 3.3ms
[2020-09-03T11:16:44.908+0000][23984][gc,phases    ] GC(183)   Post Evacuate Collection Set: 1.0ms
[2020-09-03T11:16:44.908+0000][23984][gc,phases    ] GC(183)   Other: 0.9ms
[2020-09-03T11:16:44.908+0000][23984][gc,heap      ] GC(183) Eden regions: 88->0(476)
[2020-09-03T11:16:44.908+0000][23984][gc,heap      ] GC(183) Survivor regions: 10->14(62)
[2020-09-03T11:16:44.908+0000][23984][gc,heap      ] GC(183) Old regions: 77->77
[2020-09-03T11:16:44.908+0000][23984][gc,heap      ] GC(183) Archive regions: 0->0
[2020-09-03T11:16:44.908+0000][23984][gc,heap      ] GC(183) Humongous regions: 321->174
[2020-09-03T11:16:44.908+0000][23984][gc,metaspace ] GC(183) Metaspace: 85876K(92544K)->85876K(92544K) NonClass: 74869K(78848K)->74869K(78848K) Class: 11007K(13696K)->11007K(13696K)
[2020-09-03T11:16:44.908+0000][23984][gc           ] GC(183) Pause Young (Concurrent Start) (G1 Humongous Allocation) 494M->264M(1024M) 5.962ms
[2020-09-03T11:16:44.908+0000][23984][gc,cpu       ] GC(183) User=0.13s Sys=0.00s Real=0.01s
[2020-09-03T11:16:44.908+0000][23984][gc           ] GC(184) Concurrent Cycle
[2020-09-03T11:16:44.908+0000][23984][safepoint    ] Safepoint "G1TryInitiateConcMark", Time since last: 129941600 ns, Reaching safepoint: 202300 ns, At safepoint: 6135100 ns, Total: 6337400 ns
[2020-09-03T11:16:44.908+0000][23984][gc,marking   ] GC(184) Concurrent Clear Claimed Marks
[2020-09-03T11:16:44.909+0000][23984][gc,marking   ] GC(184) Concurrent Clear Claimed Marks 0.534ms
[2020-09-03T11:16:44.909+0000][23984][gc,marking   ] GC(184) Concurrent Scan Root Regions
[2020-09-03T11:16:44.912+0000][23984][gc,marking   ] GC(184) Concurrent Scan Root Regions 3.479ms
[2020-09-03T11:16:44.912+0000][23984][gc,marking   ] GC(184) Concurrent Mark (153.914s)
[2020-09-03T11:16:44.913+0000][23984][gc,marking   ] GC(184) Concurrent Mark From Roots
[2020-09-03T11:16:44.913+0000][23984][gc,task      ] GC(184) Using 2 workers of 2 for marking
[2020-09-03T11:16:45.066+0000][23984][gc,marking   ] GC(184) Concurrent Mark From Roots 153.485ms
[2020-09-03T11:16:45.066+0000][23984][gc,marking   ] GC(184) Concurrent Preclean
[2020-09-03T11:16:45.067+0000][23984][gc,marking   ] GC(184) Concurrent Preclean 0.694ms
[2020-09-03T11:16:45.067+0000][23984][gc,marking   ] GC(184) Concurrent Mark (153.914s, 154.069s) 154.381ms
[2020-09-03T11:16:45.067+0000][23984][gc,start     ] GC(184) Pause Remark
[2020-09-03T11:16:45.073+0000][23984][gc           ] GC(184) Pause Remark 510M->510M(1024M) 5.330ms
[2020-09-03T11:16:45.073+0000][23984][gc,cpu       ] GC(184) User=0.00s Sys=0.00s Real=0.01s
[2020-09-03T11:16:45.073+0000][23984][safepoint    ] Safepoint "G1Concurrent", Time since last: 158747500 ns, Reaching safepoint: 237900 ns, At safepoint: 5713700 ns, Total: 5951600 ns
[2020-09-03T11:16:45.073+0000][23984][gc,marking   ] GC(184) Concurrent Rebuild Remembered Sets
[2020-09-03T11:16:45.164+0000][23984][gc,marking   ] GC(184) Concurrent Rebuild Remembered Sets 90.528ms
[2020-09-03T11:16:45.164+0000][23984][gc,start     ] GC(184) Pause Cleanup
[2020-09-03T11:16:45.164+0000][23984][gc           ] GC(184) Pause Cleanup 587M->587M(1024M) 0.256ms
[2020-09-03T11:16:45.164+0000][23984][gc,cpu       ] GC(184) User=0.00s Sys=0.00s Real=0.00s
[2020-09-03T11:16:45.164+0000][23984][safepoint    ] Safepoint "G1Concurrent", Time since last: 90747600 ns, Reaching safepoint: 133400 ns, At safepoint: 408600 ns, Total: 542000 ns
[2020-09-03T11:16:45.164+0000][23984][gc,marking   ] GC(184) Concurrent Cleanup for Next Mark
[2020-09-03T11:16:45.166+0000][23984][gc,marking   ] GC(184) Concurrent Cleanup for Next Mark 1.494ms
[2020-09-03T11:16:45.166+0000][23984][gc           ] GC(184) Concurrent Cycle 257.676ms
[2020-09-03T11:16:45.290+0000][23984][gc,start     ] GC(185) Pause Young (Concurrent Start) (G1 Humongous Allocation)
[2020-09-03T11:16:45.290+0000][23984][gc,task      ] GC(185) Using 8 workers of 8 for evacuation
[2020-09-03T11:16:45.290+0000][23984][gc,age       ] GC(185) Desired survivor size 32505856 bytes, new threshold 15 (max threshold 15)
[2020-09-03T11:16:45.295+0000][23984][gc,age       ] GC(185) Age table with threshold 15 (max threshold 15)
[2020-09-03T11:16:45.295+0000][23984][gc,age       ] GC(185) - age   1:   13509600 bytes,   13509600 total
[2020-09-03T11:16:45.295+0000][23984][gc,age       ] GC(185) - age   2:       3560 bytes,   13513160 total
[2020-09-03T11:16:45.295+0000][23984][gc,age       ] GC(185) - age   3:      12088 bytes,   13525248 total
[2020-09-03T11:16:45.295+0000][23984][gc,age       ] GC(185) - age   4:      10472 bytes,   13535720 total
[2020-09-03T11:16:45.295+0000][23984][gc,age       ] GC(185) - age   5:       1352 bytes,   13537072 total
[2020-09-03T11:16:45.295+0000][23984][gc,age       ] GC(185) - age   6:       3104 bytes,   13540176 total
[2020-09-03T11:16:45.295+0000][23984][gc,age       ] GC(185) - age   7:       1152 bytes,   13541328 total
[2020-09-03T11:16:45.295+0000][23984][gc,age       ] GC(185) - age   8:       1048 bytes,   13542376 total
[2020-09-03T11:16:45.296+0000][23984][gc,age       ] GC(185) - age   9:       5080 bytes,   13547456 total
[2020-09-03T11:16:45.296+0000][23984][gc,age       ] GC(185) - age  10:      11968 bytes,   13559424 total
[2020-09-03T11:16:45.296+0000][23984][gc,age       ] GC(185) - age  11:      60424 bytes,   13619848 total
[2020-09-03T11:16:45.296+0000][23984][gc,age       ] GC(185) - age  12:        608 bytes,   13620456 total
[2020-09-03T11:16:45.296+0000][23984][gc,age       ] GC(185) - age  13:       1208 bytes,   13621664 total
[2020-09-03T11:16:45.296+0000][23984][gc,age       ] GC(185) - age  14:        800 bytes,   13622464 total
[2020-09-03T11:16:45.296+0000][23984][gc,age       ] GC(185) - age  15:       1952 bytes,   13624416 total
[2020-09-03T11:16:45.296+0000][23984][gc,phases    ] GC(185)   Pre Evacuate Collection Set: 0.4ms
[2020-09-03T11:16:45.296+0000][23984][gc,phases    ] GC(185)   Merge Heap Roots: 0.1ms
[2020-09-03T11:16:45.296+0000][23984][gc,phases    ] GC(185)   Evacuate Collection Set: 3.3ms
[2020-09-03T11:16:45.296+0000][23984][gc,phases    ] GC(185)   Post Evacuate Collection Set: 1.0ms
[2020-09-03T11:16:45.296+0000][23984][gc,phases    ] GC(185)   Other: 0.7ms
[2020-09-03T11:16:45.296+0000][23984][gc,heap      ] GC(185) Eden regions: 100->0(472)
[2020-09-03T11:16:45.296+0000][23984][gc,heap      ] GC(185) Survivor regions: 14->15(62)
[2020-09-03T11:16:45.296+0000][23984][gc,heap      ] GC(185) Old regions: 77->77
[2020-09-03T11:16:45.296+0000][23984][gc,heap      ] GC(185) Archive regions: 0->0
[2020-09-03T11:16:45.296+0000][23984][gc,heap      ] GC(185) Humongous regions: 430->174
[2020-09-03T11:16:45.296+0000][23984][gc,metaspace ] GC(185) Metaspace: 85882K(92544K)->85882K(92544K) NonClass: 74875K(78848K)->74875K(78848K) Class: 11007K(13696K)->11007K(13696K)
[2020-09-03T11:16:45.296+0000][23984][gc           ] GC(185) Pause Young (Concurrent Start) (G1 Humongous Allocation) 619M->264M(1024M) 5.961ms
[2020-09-03T11:16:45.296+0000][23984][gc,cpu       ] GC(185) User=0.11s Sys=0.00s Real=0.01s
[2020-09-03T11:16:45.296+0000][23984][gc           ] GC(186) Concurrent Cycle
[2020-09-03T11:16:45.296+0000][23984][gc,marking   ] GC(186) Concurrent Clear Claimed Marks
[2020-09-03T11:16:45.296+0000][23984][safepoint    ] Safepoint "G1TryInitiateConcMark", Time since last: 125810300 ns, Reaching safepoint: 180600 ns, At safepoint: 6291600 ns, Total: 6472200 ns
[2020-09-03T11:16:45.297+0000][23984][gc,marking   ] GC(186) Concurrent Clear Claimed Marks 0.350ms
[2020-09-03T11:16:45.297+0000][23984][gc,marking   ] GC(186) Concurrent Scan Root Regions
[2020-09-03T11:16:45.300+0000][23984][gc,marking   ] GC(186) Concurrent Scan Root Regions 3.274ms
[2020-09-03T11:16:45.300+0000][23984][gc,marking   ] GC(186) Concurrent Mark (154.302s)
[2020-09-03T11:16:45.300+0000][23984][gc,marking   ] GC(186) Concurrent Mark From Roots
[2020-09-03T11:16:45.300+0000][23984][gc,task      ] GC(186) Using 2 workers of 2 for marking
[2020-09-03T11:16:45.457+0000][23984][gc,marking   ] GC(186) Concurrent Mark From Roots 156.760ms
[2020-09-03T11:16:45.457+0000][23984][gc,marking   ] GC(186) Concurrent Preclean
[2020-09-03T11:16:45.458+0000][23984][gc,marking   ] GC(186) Concurrent Preclean 0.562ms
[2020-09-03T11:16:45.458+0000][23984][gc,marking   ] GC(186) Concurrent Mark (154.302s, 154.459s) 157.488ms
[2020-09-03T11:16:45.458+0000][23984][gc,start     ] GC(186) Pause Remark
[2020-09-03T11:16:45.464+0000][23984][gc           ] GC(186) Pause Remark 509M->509M(1024M) 5.691ms
[2020-09-03T11:16:45.464+0000][23984][gc,cpu       ] GC(186) User=0.00s Sys=0.00s Real=0.01s
[2020-09-03T11:16:45.464+0000][23984][safepoint    ] Safepoint "G1Concurrent", Time since last: 161222400 ns, Reaching safepoint: 129100 ns, At safepoint: 5930800 ns, Total: 6059900 ns
[2020-09-03T11:16:45.464+0000][23984][gc,marking   ] GC(186) Concurrent Rebuild Remembered Sets
[2020-09-03T11:16:45.555+0000][23984][gc,marking   ] GC(186) Concurrent Rebuild Remembered Sets 90.714ms
[2020-09-03T11:16:45.555+0000][23984][gc,start     ] GC(186) Pause Cleanup
[2020-09-03T11:16:45.555+0000][23984][gc           ] GC(186) Pause Cleanup 584M->584M(1024M) 0.258ms
[2020-09-03T11:16:45.555+0000][23984][gc,cpu       ] GC(186) User=0.00s Sys=0.00s Real=0.00s
[2020-09-03T11:16:45.555+0000][23984][safepoint    ] Safepoint "G1Concurrent", Time since last: 90893300 ns, Reaching safepoint: 165800 ns, At safepoint: 391600 ns, Total: 557400 ns
[2020-09-03T11:16:45.555+0000][23984][gc,marking   ] GC(186) Concurrent Cleanup for Next Mark
[2020-09-03T11:16:45.557+0000][23984][gc,marking   ] GC(186) Concurrent Cleanup for Next Mark 1.413ms
[2020-09-03T11:16:45.557+0000][23984][gc           ] GC(186) Concurrent Cycle 260.473ms
[2020-09-03T11:16:45.673+0000][23984][gc,start     ] GC(187) Pause Young (Concurrent Start) (G1 Humongous Allocation)
[2020-09-03T11:16:45.673+0000][23984][gc,task      ] GC(187) Using 8 workers of 8 for evacuation
[2020-09-03T11:16:45.673+0000][23984][gc,age       ] GC(187) Desired survivor size 31981568 bytes, new threshold 15 (max threshold 15)
[2020-09-03T11:16:45.678+0000][23984][gc,age       ] GC(187) Age table with threshold 15 (max threshold 15)
[2020-09-03T11:16:45.678+0000][23984][gc,age       ] GC(187) - age   1:    8432680 bytes,    8432680 total
[2020-09-03T11:16:45.678+0000][23984][gc,age       ] GC(187) - age   2:       2120 bytes,    8434800 total
[2020-09-03T11:16:45.678+0000][23984][gc,age       ] GC(187) - age   3:       2192 bytes,    8436992 total
[2020-09-03T11:16:45.678+0000][23984][gc,age       ] GC(187) - age   4:      11952 bytes,    8448944 total
[2020-09-03T11:16:45.678+0000][23984][gc,age       ] GC(187) - age   5:      10208 bytes,    8459152 total
[2020-09-03T11:16:45.678+0000][23984][gc,age       ] GC(187) - age   6:       1288 bytes,    8460440 total
[2020-09-03T11:16:45.678+0000][23984][gc,age       ] GC(187) - age   7:       3104 bytes,    8463544 total
[2020-09-03T11:16:45.678+0000][23984][gc,age       ] GC(187) - age   8:       1152 bytes,    8464696 total
[2020-09-03T11:16:45.678+0000][23984][gc,age       ] GC(187) - age   9:       1048 bytes,    8465744 total
[2020-09-03T11:16:45.678+0000][23984][gc,age       ] GC(187) - age  10:       4920 bytes,    8470664 total
[2020-09-03T11:16:45.678+0000][23984][gc,age       ] GC(187) - age  11:      11968 bytes,    8482632 total
[2020-09-03T11:16:45.678+0000][23984][gc,age       ] GC(187) - age  12:      60424 bytes,    8543056 total
[2020-09-03T11:16:45.678+0000][23984][gc,age       ] GC(187) - age  13:        608 bytes,    8543664 total
[2020-09-03T11:16:45.678+0000][23984][gc,age       ] GC(187) - age  14:       1208 bytes,    8544872 total
[2020-09-03T11:16:45.678+0000][23984][gc,age       ] GC(187) - age  15:        800 bytes,    8545672 total
[2020-09-03T11:16:45.678+0000][23984][gc,phases    ] GC(187)   Pre Evacuate Collection Set: 0.5ms
[2020-09-03T11:16:45.678+0000][23984][gc,phases    ] GC(187)   Merge Heap Roots: 0.1ms
[2020-09-03T11:16:45.678+0000][23984][gc,phases    ] GC(187)   Evacuate Collection Set: 2.8ms
[2020-09-03T11:16:45.679+0000][23984][gc,phases    ] GC(187)   Post Evacuate Collection Set: 1.0ms
[2020-09-03T11:16:45.679+0000][23984][gc,phases    ] GC(187)   Other: 1.1ms
[2020-09-03T11:16:45.679+0000][23984][gc,heap      ] GC(187) Eden regions: 90->0(480)
[2020-09-03T11:16:45.679+0000][23984][gc,heap      ] GC(187) Survivor regions: 15->9(61)
[2020-09-03T11:16:45.679+0000][23984][gc,heap      ] GC(187) Old regions: 77->77
[2020-09-03T11:16:45.679+0000][23984][gc,heap      ] GC(187) Archive regions: 0->0
[2020-09-03T11:16:45.679+0000][23984][gc,heap      ] GC(187) Humongous regions: 430->174
[2020-09-03T11:16:45.679+0000][23984][gc,metaspace ] GC(187) Metaspace: 85893K(92544K)->85893K(92544K) NonClass: 74886K(78848K)->74886K(78848K) Class: 11007K(13696K)->11007K(13696K)
[2020-09-03T11:16:45.679+0000][23984][gc           ] GC(187) Pause Young (Concurrent Start) (G1 Humongous Allocation) 609M->259M(1024M) 5.901ms
[2020-09-03T11:16:45.679+0000][23984][gc,cpu       ] GC(187) User=0.00s Sys=0.00s Real=0.01s
[2020-09-03T11:16:45.679+0000][23984][gc           ] GC(188) Concurrent Cycle
[2020-09-03T11:16:45.679+0000][23984][gc,marking   ] GC(188) Concurrent Clear Claimed Marks
[2020-09-03T11:16:45.679+0000][23984][gc,marking   ] GC(188) Concurrent Clear Claimed Marks 0.290ms
[2020-09-03T11:16:45.679+0000][23984][safepoint    ] Safepoint "G1TryInitiateConcMark", Time since last: 117520800 ns, Reaching safepoint: 173200 ns, At safepoint: 6449300 ns, Total: 6622500 ns
[2020-09-03T11:16:45.679+0000][23984][gc,marking   ] GC(188) Concurrent Scan Root Regions
[2020-09-03T11:16:45.682+0000][23984][gc,marking   ] GC(188) Concurrent Scan Root Regions 2.481ms
[2020-09-03T11:16:45.682+0000][23984][gc,marking   ] GC(188) Concurrent Mark (154.684s)
[2020-09-03T11:16:45.682+0000][23984][gc,marking   ] GC(188) Concurrent Mark From Roots
[2020-09-03T11:16:45.682+0000][23984][gc,task      ] GC(188) Using 2 workers of 2 for marking
[2020-09-03T11:16:45.836+0000][23984][gc,marking   ] GC(188) Concurrent Mark From Roots 154.010ms
[2020-09-03T11:16:45.836+0000][23984][gc,marking   ] GC(188) Concurrent Preclean
[2020-09-03T11:16:45.837+0000][23984][gc,marking   ] GC(188) Concurrent Preclean 0.688ms
[2020-09-03T11:16:45.837+0000][23984][gc,marking   ] GC(188) Concurrent Mark (154.684s, 154.839s) 154.903ms
[2020-09-03T11:16:45.837+0000][23984][gc,start     ] GC(188) Pause Remark
[2020-09-03T11:16:45.842+0000][23984][gc           ] GC(188) Pause Remark 512M->512M(1024M) 4.928ms
[2020-09-03T11:16:45.842+0000][23984][gc,cpu       ] GC(188) User=0.13s Sys=0.00s Real=0.01s
[2020-09-03T11:16:45.842+0000][23984][safepoint    ] Safepoint "G1Concurrent", Time since last: 157615700 ns, Reaching safepoint: 158800 ns, At safepoint: 5168800 ns, Total: 5327600 ns
[2020-09-03T11:16:45.842+0000][23984][gc,marking   ] GC(188) Concurrent Rebuild Remembered Sets
[2020-09-03T11:16:45.927+0000][23984][gc,marking   ] GC(188) Concurrent Rebuild Remembered Sets 84.672ms
[2020-09-03T11:16:45.927+0000][23984][gc,start     ] GC(188) Pause Cleanup
[2020-09-03T11:16:45.928+0000][23984][gc           ] GC(188) Pause Cleanup 589M->589M(1024M) 0.283ms
[2020-09-03T11:16:45.928+0000][23984][gc,cpu       ] GC(188) User=0.00s Sys=0.00s Real=0.00s
[2020-09-03T11:16:45.928+0000][23984][safepoint    ] Safepoint "G1Concurrent", Time since last: 84848000 ns, Reaching safepoint: 156800 ns, At safepoint: 427000 ns, Total: 583800 ns
[2020-09-03T11:16:45.928+0000][23984][gc,marking   ] GC(188) Concurrent Cleanup for Next Mark
[2020-09-03T11:16:45.929+0000][23984][gc,marking   ] GC(188) Concurrent Cleanup for Next Mark 1.474ms
[2020-09-03T11:16:45.929+0000][23984][gc           ] GC(188) Concurrent Cycle 250.419ms
[2020-09-03T11:16:46.041+0000][23984][gc,start     ] GC(189) Pause Young (Concurrent Start) (G1 Humongous Allocation)
[2020-09-03T11:16:46.041+0000][23984][gc,task      ] GC(189) Using 8 workers of 8 for evacuation
[2020-09-03T11:16:46.041+0000][23984][gc,age       ] GC(189) Desired survivor size 32505856 bytes, new threshold 15 (max threshold 15)
[2020-09-03T11:16:46.047+0000][23984][gc,age       ] GC(189) Age table with threshold 15 (max threshold 15)
[2020-09-03T11:16:46.047+0000][23984][gc,age       ] GC(189) - age   1:   13667728 bytes,   13667728 total
[2020-09-03T11:16:46.047+0000][23984][gc,age       ] GC(189) - age   2:       2792 bytes,   13670520 total
[2020-09-03T11:16:46.047+0000][23984][gc,age       ] GC(189) - age   3:        912 bytes,   13671432 total
[2020-09-03T11:16:46.047+0000][23984][gc,age       ] GC(189) - age   4:       1152 bytes,   13672584 total
[2020-09-03T11:16:46.047+0000][23984][gc,age       ] GC(189) - age   5:      11952 bytes,   13684536 total
[2020-09-03T11:16:46.047+0000][23984][gc,age       ] GC(189) - age   6:      10208 bytes,   13694744 total
[2020-09-03T11:16:46.047+0000][23984][gc,age       ] GC(189) - age   7:       1288 bytes,   13696032 total
[2020-09-03T11:16:46.047+0000][23984][gc,age       ] GC(189) - age   8:       3104 bytes,   13699136 total
[2020-09-03T11:16:46.047+0000][23984][gc,age       ] GC(189) - age   9:       1152 bytes,   13700288 total
[2020-09-03T11:16:46.047+0000][23984][gc,age       ] GC(189) - age  10:       1024 bytes,   13701312 total
[2020-09-03T11:16:46.047+0000][23984][gc,age       ] GC(189) - age  11:       4920 bytes,   13706232 total
[2020-09-03T11:16:46.047+0000][23984][gc,age       ] GC(189) - age  12:      11968 bytes,   13718200 total
[2020-09-03T11:16:46.047+0000][23984][gc,age       ] GC(189) - age  13:      60424 bytes,   13778624 total
[2020-09-03T11:16:46.047+0000][23984][gc,age       ] GC(189) - age  14:        608 bytes,   13779232 total
[2020-09-03T11:16:46.047+0000][23984][gc,age       ] GC(189) - age  15:       1208 bytes,   13780440 total
[2020-09-03T11:16:46.047+0000][23984][gc,phases    ] GC(189)   Pre Evacuate Collection Set: 0.4ms
[2020-09-03T11:16:46.047+0000][23984][gc,phases    ] GC(189)   Merge Heap Roots: 0.1ms
[2020-09-03T11:16:46.047+0000][23984][gc,phases    ] GC(189)   Evacuate Collection Set: 3.9ms
[2020-09-03T11:16:46.047+0000][23984][gc,phases    ] GC(189)   Post Evacuate Collection Set: 1.1ms
[2020-09-03T11:16:46.047+0000][23984][gc,phases    ] GC(189)   Other: 0.7ms
[2020-09-03T11:16:46.047+0000][23984][gc,heap      ] GC(189) Eden regions: 106->0(473)
[2020-09-03T11:16:46.047+0000][23984][gc,heap      ] GC(189) Survivor regions: 9->14(62)
[2020-09-03T11:16:46.047+0000][23984][gc,heap      ] GC(189) Old regions: 77->77
[2020-09-03T11:16:46.048+0000][23984][gc,heap      ] GC(189) Archive regions: 0->0
[2020-09-03T11:16:46.048+0000][23984][gc,heap      ] GC(189) Humongous regions: 430->174
[2020-09-03T11:16:46.048+0000][23984][gc,metaspace ] GC(189) Metaspace: 85906K(92544K)->85906K(92544K) NonClass: 74898K(78848K)->74898K(78848K) Class: 11007K(13696K)->11007K(13696K)
[2020-09-03T11:16:46.048+0000][23984][gc           ] GC(189) Pause Young (Concurrent Start) (G1 Humongous Allocation) 621M->263M(1024M) 6.392ms
[2020-09-03T11:16:46.048+0000][23984][gc,cpu       ] GC(189) User=0.11s Sys=0.00s Real=0.01s
[2020-09-03T11:16:46.048+0000][23984][gc           ] GC(190) Concurrent Cycle
[2020-09-03T11:16:46.048+0000][23984][gc,marking   ] GC(190) Concurrent Clear Claimed Marks
[2020-09-03T11:16:46.048+0000][23984][safepoint    ] Safepoint "G1TryInitiateConcMark", Time since last: 113196300 ns, Reaching safepoint: 296300 ns, At safepoint: 6824600 ns, Total: 7120900 ns
[2020-09-03T11:16:46.048+0000][23984][gc,marking   ] GC(190) Concurrent Clear Claimed Marks 0.342ms
[2020-09-03T11:16:46.048+0000][23984][gc,marking   ] GC(190) Concurrent Scan Root Regions
[2020-09-03T11:16:46.052+0000][23984][gc,marking   ] GC(190) Concurrent Scan Root Regions 3.642ms
[2020-09-03T11:16:46.052+0000][23984][gc,marking   ] GC(190) Concurrent Mark (155.054s)
[2020-09-03T11:16:46.052+0000][23984][gc,marking   ] GC(190) Concurrent Mark From Roots
[2020-09-03T11:16:46.052+0000][23984][gc,task      ] GC(190) Using 2 workers of 2 for marking
[2020-09-03T11:16:46.189+0000][23984][gc,marking   ] GC(190) Concurrent Mark From Roots 136.411ms
[2020-09-03T11:16:46.189+0000][23984][gc,marking   ] GC(190) Concurrent Preclean
[2020-09-03T11:16:46.189+0000][23984][gc,marking   ] GC(190) Concurrent Preclean 0.681ms
[2020-09-03T11:16:46.189+0000][23984][gc,marking   ] GC(190) Concurrent Mark (155.054s, 155.191s) 137.271ms
[2020-09-03T11:16:46.190+0000][23984][gc,start     ] GC(190) Pause Remark
[2020-09-03T11:16:46.195+0000][23984][gc           ] GC(190) Pause Remark 512M->512M(1024M) 5.275ms
[2020-09-03T11:16:46.195+0000][23984][gc,cpu       ] GC(190) User=0.00s Sys=0.00s Real=0.00s
[2020-09-03T11:16:46.195+0000][23984][safepoint    ] Safepoint "G1Concurrent", Time since last: 141416300 ns, Reaching safepoint: 170800 ns, At safepoint: 5549300 ns, Total: 5720100 ns
[2020-09-03T11:16:46.195+0000][23984][gc,marking   ] GC(190) Concurrent Rebuild Remembered Sets
[2020-09-03T11:16:46.276+0000][23984][gc,marking   ] GC(190) Concurrent Rebuild Remembered Sets 80.436ms
[2020-09-03T11:16:46.276+0000][23984][gc,start     ] GC(190) Pause Cleanup
[2020-09-03T11:16:46.276+0000][23984][gc           ] GC(190) Pause Cleanup 586M->586M(1024M) 0.276ms
[2020-09-03T11:16:46.276+0000][23984][gc,cpu       ] GC(190) User=0.00s Sys=0.00s Real=0.00s
[2020-09-03T11:16:46.276+0000][23984][safepoint    ] Safepoint "G1Concurrent", Time since last: 80662700 ns, Reaching safepoint: 130700 ns, At safepoint: 392400 ns, Total: 523100 ns
[2020-09-03T11:16:46.276+0000][23984][gc,marking   ] GC(190) Concurrent Cleanup for Next Mark
[2020-09-03T11:16:46.278+0000][23984][gc,marking   ] GC(190) Concurrent Cleanup for Next Mark 1.387ms
[2020-09-03T11:16:46.278+0000][23984][gc           ] GC(190) Concurrent Cycle 230.050ms
[2020-09-03T11:16:46.379+0000][23984][gc,start     ] GC(191) Pause Young (Concurrent Start) (G1 Humongous Allocation)
[2020-09-03T11:16:46.379+0000][23984][gc,task      ] GC(191) Using 8 workers of 8 for evacuation
[2020-09-03T11:16:46.380+0000][23984][gc,age       ] GC(191) Desired survivor size 31981568 bytes, new threshold 15 (max threshold 15)
[2020-09-03T11:16:46.384+0000][23984][gc,age       ] GC(191) Age table with threshold 15 (max threshold 15)
[2020-09-03T11:16:46.384+0000][23984][gc,age       ] GC(191) - age   1:   13657688 bytes,   13657688 total
[2020-09-03T11:16:46.385+0000][23984][gc,age       ] GC(191) - age   2:       3272 bytes,   13660960 total
[2020-09-03T11:16:46.385+0000][23984][gc,age       ] GC(191) - age   3:       1648 bytes,   13662608 total
[2020-09-03T11:16:46.385+0000][23984][gc,age       ] GC(191) - age   4:        664 bytes,   13663272 total
[2020-09-03T11:16:46.385+0000][23984][gc,age       ] GC(191) - age   5:       1088 bytes,   13664360 total
[2020-09-03T11:16:46.385+0000][23984][gc,age       ] GC(191) - age   6:      11888 bytes,   13676248 total
[2020-09-03T11:16:46.385+0000][23984][gc,age       ] GC(191) - age   7:      10208 bytes,   13686456 total
[2020-09-03T11:16:46.385+0000][23984][gc,age       ] GC(191) - age   8:       1288 bytes,   13687744 total
[2020-09-03T11:16:46.385+0000][23984][gc,age       ] GC(191) - age   9:       3040 bytes,   13690784 total
[2020-09-03T11:16:46.385+0000][23984][gc,age       ] GC(191) - age  10:       1152 bytes,   13691936 total
[2020-09-03T11:16:46.385+0000][23984][gc,age       ] GC(191) - age  11:        992 bytes,   13692928 total
[2020-09-03T11:16:46.385+0000][23984][gc,age       ] GC(191) - age  12:       4920 bytes,   13697848 total
[2020-09-03T11:16:46.385+0000][23984][gc,age       ] GC(191) - age  13:      11936 bytes,   13709784 total
[2020-09-03T11:16:46.385+0000][23984][gc,age       ] GC(191) - age  14:      60424 bytes,   13770208 total
[2020-09-03T11:16:46.385+0000][23984][gc,age       ] GC(191) - age  15:        608 bytes,   13770816 total
[2020-09-03T11:16:46.385+0000][23984][gc,phases    ] GC(191)   Pre Evacuate Collection Set: 0.4ms
[2020-09-03T11:16:46.385+0000][23984][gc,phases    ] GC(191)   Merge Heap Roots: 0.1ms
[2020-09-03T11:16:46.385+0000][23984][gc,phases    ] GC(191)   Evacuate Collection Set: 3.3ms
[2020-09-03T11:16:46.385+0000][23984][gc,phases    ] GC(191)   Post Evacuate Collection Set: 1.0ms
[2020-09-03T11:16:46.385+0000][23984][gc,phases    ] GC(191)   Other: 0.7ms
[2020-09-03T11:16:46.385+0000][23984][gc,heap      ] GC(191) Eden regions: 99->0(472)
[2020-09-03T11:16:46.385+0000][23984][gc,heap      ] GC(191) Survivor regions: 14->14(61)
[2020-09-03T11:16:46.385+0000][23984][gc,heap      ] GC(191) Old regions: 77->77
[2020-09-03T11:16:46.385+0000][23984][gc,heap      ] GC(191) Archive regions: 0->0
[2020-09-03T11:16:46.385+0000][23984][gc,heap      ] GC(191) Humongous regions: 430->174
[2020-09-03T11:16:46.385+0000][23984][gc,metaspace ] GC(191) Metaspace: 85920K(92544K)->85920K(92544K) NonClass: 74912K(78848K)->74912K(78848K) Class: 11007K(13696K)->11007K(13696K)
[2020-09-03T11:16:46.385+0000][23984][gc           ] GC(191) Pause Young (Concurrent Start) (G1 Humongous Allocation) 618M->264M(1024M) 5.724ms
[2020-09-03T11:16:46.385+0000][23984][gc,cpu       ] GC(191) User=0.00s Sys=0.00s Real=0.01s
[2020-09-03T11:16:46.385+0000][23984][gc           ] GC(192) Concurrent Cycle
[2020-09-03T11:16:46.385+0000][23984][safepoint    ] Safepoint "G1TryInitiateConcMark", Time since last: 102801600 ns, Reaching safepoint: 218700 ns, At safepoint: 5916000 ns, Total: 6134700 ns
[2020-09-03T11:16:46.385+0000][23984][gc,marking   ] GC(192) Concurrent Clear Claimed Marks
[2020-09-03T11:16:46.386+0000][23984][gc,marking   ] GC(192) Concurrent Clear Claimed Marks 0.718ms
[2020-09-03T11:16:46.386+0000][23984][gc,marking   ] GC(192) Concurrent Scan Root Regions
[2020-09-03T11:16:46.390+0000][23984][gc,marking   ] GC(192) Concurrent Scan Root Regions 3.842ms
[2020-09-03T11:16:46.390+0000][23984][gc,marking   ] GC(192) Concurrent Mark (155.392s)
[2020-09-03T11:16:46.390+0000][23984][gc,marking   ] GC(192) Concurrent Mark From Roots
[2020-09-03T11:16:46.390+0000][23984][gc,task      ] GC(192) Using 2 workers of 2 for marking
[2020-09-03T11:16:46.542+0000][23984][gc,marking   ] GC(192) Concurrent Mark From Roots 151.939ms
[2020-09-03T11:16:46.542+0000][23984][gc,marking   ] GC(192) Concurrent Preclean
[2020-09-03T11:16:46.543+0000][23984][gc,marking   ] GC(192) Concurrent Preclean 0.563ms
[2020-09-03T11:16:46.543+0000][23984][gc,marking   ] GC(192) Concurrent Mark (155.392s, 155.545s) 152.677ms
[2020-09-03T11:16:46.543+0000][23984][gc,start     ] GC(192) Pause Remark
[2020-09-03T11:16:46.549+0000][23984][gc           ] GC(192) Pause Remark 514M->514M(1024M) 5.669ms
[2020-09-03T11:16:46.549+0000][23984][gc,cpu       ] GC(192) User=0.11s Sys=0.00s Real=0.01s
[2020-09-03T11:16:46.549+0000][23984][safepoint    ] Safepoint "G1Concurrent", Time since last: 157575800 ns, Reaching safepoint: 164600 ns, At safepoint: 5943000 ns, Total: 6107600 ns
[2020-09-03T11:16:46.549+0000][23984][gc,marking   ] GC(192) Concurrent Rebuild Remembered Sets
[2020-09-03T11:16:46.635+0000][23984][gc,marking   ] GC(192) Concurrent Rebuild Remembered Sets 86.063ms
[2020-09-03T11:16:46.635+0000][23984][gc,start     ] GC(192) Pause Cleanup
[2020-09-03T11:16:46.636+0000][23984][gc           ] GC(192) Pause Cleanup 585M->585M(1024M) 0.284ms
[2020-09-03T11:16:46.636+0000][23984][gc,cpu       ] GC(192) User=0.00s Sys=0.00s Real=0.00s
[2020-09-03T11:16:46.636+0000][23984][safepoint    ] Safepoint "G1Concurrent", Time since last: 86226900 ns, Reaching safepoint: 132900 ns, At safepoint: 408700 ns, Total: 541600 ns
[2020-09-03T11:16:46.636+0000][23984][gc,marking   ] GC(192) Concurrent Cleanup for Next Mark
[2020-09-03T11:16:46.637+0000][23984][gc,marking   ] GC(192) Concurrent Cleanup for Next Mark 1.390ms
[2020-09-03T11:16:46.637+0000][23984][gc           ] GC(192) Concurrent Cycle 252.069ms
[2020-09-03T11:16:46.747+0000][23984][gc,start     ] GC(193) Pause Young (Concurrent Start) (G1 Humongous Allocation)
[2020-09-03T11:16:46.748+0000][23984][gc,task      ] GC(193) Using 8 workers of 8 for evacuation
[2020-09-03T11:16:46.748+0000][23984][gc,age       ] GC(193) Desired survivor size 31981568 bytes, new threshold 15 (max threshold 15)
[2020-09-03T11:16:46.751+0000][23984][gc,age       ] GC(193) Age table with threshold 15 (max threshold 15)
[2020-09-03T11:16:46.751+0000][23984][gc,age       ] GC(193) - age   1:    2596896 bytes,    2596896 total
[2020-09-03T11:16:46.751+0000][23984][gc,age       ] GC(193) - age   2:       3432 bytes,    2600328 total
[2020-09-03T11:16:46.751+0000][23984][gc,age       ] GC(193) - age   3:       1672 bytes,    2602000 total
[2020-09-03T11:16:46.751+0000][23984][gc,age       ] GC(193) - age   4:       1176 bytes,    2603176 total
[2020-09-03T11:16:46.751+0000][23984][gc,age       ] GC(193) - age   5:        632 bytes,    2603808 total
[2020-09-03T11:16:46.751+0000][23984][gc,age       ] GC(193) - age   6:       1088 bytes,    2604896 total
[2020-09-03T11:16:46.751+0000][23984][gc,age       ] GC(193) - age   7:      11888 bytes,    2616784 total
[2020-09-03T11:16:46.751+0000][23984][gc,age       ] GC(193) - age   8:      10208 bytes,    2626992 total
[2020-09-03T11:16:46.751+0000][23984][gc,age       ] GC(193) - age   9:       1224 bytes,    2628216 total
[2020-09-03T11:16:46.751+0000][23984][gc,age       ] GC(193) - age  10:       3040 bytes,    2631256 total
[2020-09-03T11:16:46.751+0000][23984][gc,age       ] GC(193) - age  11:       1152 bytes,    2632408 total
[2020-09-03T11:16:46.751+0000][23984][gc,age       ] GC(193) - age  12:        992 bytes,    2633400 total
[2020-09-03T11:16:46.751+0000][23984][gc,age       ] GC(193) - age  13:       4920 bytes,    2638320 total
[2020-09-03T11:16:46.751+0000][23984][gc,age       ] GC(193) - age  14:      11936 bytes,    2650256 total
[2020-09-03T11:16:46.751+0000][23984][gc,age       ] GC(193) - age  15:      60328 bytes,    2710584 total
[2020-09-03T11:16:46.751+0000][23984][gc,phases    ] GC(193)   Pre Evacuate Collection Set: 0.4ms
[2020-09-03T11:16:46.751+0000][23984][gc,phases    ] GC(193)   Merge Heap Roots: 0.1ms
[2020-09-03T11:16:46.751+0000][23984][gc,phases    ] GC(193)   Evacuate Collection Set: 1.8ms
[2020-09-03T11:16:46.751+0000][23984][gc,phases    ] GC(193)   Post Evacuate Collection Set: 0.8ms
[2020-09-03T11:16:46.751+0000][23984][gc,phases    ] GC(193)   Other: 0.7ms
[2020-09-03T11:16:46.751+0000][23984][gc,heap      ] GC(193) Eden regions: 84->0(486)
[2020-09-03T11:16:46.751+0000][23984][gc,heap      ] GC(193) Survivor regions: 14->4(61)
[2020-09-03T11:16:46.751+0000][23984][gc,heap      ] GC(193) Old regions: 77->77
[2020-09-03T11:16:46.751+0000][23984][gc,heap      ] GC(193) Archive regions: 0->0
[2020-09-03T11:16:46.751+0000][23984][gc,heap      ] GC(193) Humongous regions: 430->174
[2020-09-03T11:16:46.751+0000][23984][gc,metaspace ] GC(193) Metaspace: 85926K(92544K)->85926K(92544K) NonClass: 74918K(78848K)->74918K(78848K) Class: 11007K(13696K)->11007K(13696K)
[2020-09-03T11:16:46.751+0000][23984][gc           ] GC(193) Pause Young (Concurrent Start) (G1 Humongous Allocation) 604M->253M(1024M) 4.000ms
[2020-09-03T11:16:46.752+0000][23984][gc,cpu       ] GC(193) User=0.02s Sys=0.00s Real=0.00s
[2020-09-03T11:16:46.752+0000][23984][gc           ] GC(194) Concurrent Cycle
[2020-09-03T11:16:46.752+0000][23984][safepoint    ] Safepoint "G1TryInitiateConcMark", Time since last: 111552800 ns, Reaching safepoint: 146200 ns, At safepoint: 4204700 ns, Total: 4350900 ns
[2020-09-03T11:16:46.752+0000][23984][gc,marking   ] GC(194) Concurrent Clear Claimed Marks
[2020-09-03T11:16:46.752+0000][23984][gc,marking   ] GC(194) Concurrent Clear Claimed Marks 0.565ms
[2020-09-03T11:16:46.752+0000][23984][gc,marking   ] GC(194) Concurrent Scan Root Regions
[2020-09-03T11:16:46.755+0000][23984][gc,marking   ] GC(194) Concurrent Scan Root Regions 2.471ms
[2020-09-03T11:16:46.755+0000][23984][gc,marking   ] GC(194) Concurrent Mark (155.757s)
[2020-09-03T11:16:46.755+0000][23984][gc,marking   ] GC(194) Concurrent Mark From Roots
[2020-09-03T11:16:46.755+0000][23984][gc,task      ] GC(194) Using 2 workers of 2 for marking
[2020-09-03T11:16:46.860+0000][23984][gc,marking   ] GC(194) Concurrent Mark From Roots 105.177ms
[2020-09-03T11:16:46.860+0000][23984][gc,marking   ] GC(194) Concurrent Preclean
[2020-09-03T11:16:46.861+0000][23984][gc,marking   ] GC(194) Concurrent Preclean 0.408ms
[2020-09-03T11:16:46.861+0000][23984][gc,marking   ] GC(194) Concurrent Mark (155.757s, 155.862s) 105.710ms
[2020-09-03T11:16:46.861+0000][23984][gc,start     ] GC(194) Pause Remark
[2020-09-03T11:16:46.866+0000][23984][gc           ] GC(194) Pause Remark 314M->314M(1024M) 4.992ms
[2020-09-03T11:16:46.866+0000][23984][gc,cpu       ] GC(194) User=0.00s Sys=0.00s Real=0.00s
[2020-09-03T11:16:46.866+0000][23984][safepoint    ] Safepoint "G1Concurrent", Time since last: 108978500 ns, Reaching safepoint: 161600 ns, At safepoint: 5190200 ns, Total: 5351800 ns
[2020-09-03T11:16:46.866+0000][23984][gc,marking   ] GC(194) Concurrent Rebuild Remembered Sets
[2020-09-03T11:16:46.932+0000][23984][gc,marking   ] GC(194) Concurrent Rebuild Remembered Sets 65.794ms
[2020-09-03T11:16:46.932+0000][23984][gc,start     ] GC(194) Pause Cleanup
[2020-09-03T11:16:46.932+0000][23984][gc           ] GC(194) Pause Cleanup 379M->379M(1024M) 0.244ms
[2020-09-03T11:16:46.932+0000][23984][gc,cpu       ] GC(194) User=0.00s Sys=0.00s Real=0.00s
[2020-09-03T11:16:46.932+0000][23984][safepoint    ] Safepoint "G1Concurrent", Time since last: 65960300 ns, Reaching safepoint: 134300 ns, At safepoint: 352500 ns, Total: 486800 ns
[2020-09-03T11:16:46.932+0000][23984][gc,marking   ] GC(194) Concurrent Cleanup for Next Mark
[2020-09-03T11:16:46.934+0000][23984][gc,marking   ] GC(194) Concurrent Cleanup for Next Mark 1.243ms
[2020-09-03T11:16:46.934+0000][23984][gc           ] GC(194) Concurrent Cycle 182.219ms
[2020-09-03T11:16:47.040+0000][23984][gc,start     ] GC(195) Pause Young (Concurrent Start) (G1 Humongous Allocation)
[2020-09-03T11:16:47.041+0000][23984][gc,task      ] GC(195) Using 8 workers of 8 for evacuation
[2020-09-03T11:16:47.041+0000][23984][gc,age       ] GC(195) Desired survivor size 32505856 bytes, new threshold 15 (max threshold 15)
[2020-09-03T11:16:47.044+0000][23984][gc,age       ] GC(195) Age table with threshold 15 (max threshold 15)
[2020-09-03T11:16:47.044+0000][23984][gc,age       ] GC(195) - age   1:    2588120 bytes,    2588120 total
[2020-09-03T11:16:47.044+0000][23984][gc,age       ] GC(195) - age   2:      13352 bytes,    2601472 total
[2020-09-03T11:16:47.044+0000][23984][gc,age       ] GC(195) - age   3:       2440 bytes,    2603912 total
[2020-09-03T11:16:47.044+0000][23984][gc,age       ] GC(195) - age   4:       1352 bytes,    2605264 total
[2020-09-03T11:16:47.044+0000][23984][gc,age       ] GC(195) - age   5:       1176 bytes,    2606440 total
[2020-09-03T11:16:47.044+0000][23984][gc,age       ] GC(195) - age   6:        632 bytes,    2607072 total
[2020-09-03T11:16:47.044+0000][23984][gc,age       ] GC(195) - age   7:       1088 bytes,    2608160 total
[2020-09-03T11:16:47.044+0000][23984][gc,age       ] GC(195) - age   8:      11848 bytes,    2620008 total
[2020-09-03T11:16:47.044+0000][23984][gc,age       ] GC(195) - age   9:      10144 bytes,    2630152 total
[2020-09-03T11:16:47.044+0000][23984][gc,age       ] GC(195) - age  10:       1128 bytes,    2631280 total
[2020-09-03T11:16:47.044+0000][23984][gc,age       ] GC(195) - age  11:       3040 bytes,    2634320 total
[2020-09-03T11:16:47.044+0000][23984][gc,age       ] GC(195) - age  12:       1056 bytes,    2635376 total
[2020-09-03T11:16:47.044+0000][23984][gc,age       ] GC(195) - age  13:        960 bytes,    2636336 total
[2020-09-03T11:16:47.044+0000][23984][gc,age       ] GC(195) - age  14:       4920 bytes,    2641256 total
[2020-09-03T11:16:47.044+0000][23984][gc,age       ] GC(195) - age  15:      11840 bytes,    2653096 total
[2020-09-03T11:16:47.045+0000][23984][gc,phases    ] GC(195)   Pre Evacuate Collection Set: 0.4ms
[2020-09-03T11:16:47.045+0000][23984][gc,phases    ] GC(195)   Merge Heap Roots: 0.1ms
[2020-09-03T11:16:47.045+0000][23984][gc,phases    ] GC(195)   Evacuate Collection Set: 1.7ms
[2020-09-03T11:16:47.045+0000][23984][gc,phases    ] GC(195)   Post Evacuate Collection Set: 0.7ms
[2020-09-03T11:16:47.045+0000][23984][gc,phases    ] GC(195)   Other: 1.1ms
[2020-09-03T11:16:47.045+0000][23984][gc,heap      ] GC(195) Eden regions: 43->0(492)
[2020-09-03T11:16:47.045+0000][23984][gc,heap      ] GC(195) Survivor regions: 4->3(62)
[2020-09-03T11:16:47.045+0000][23984][gc,heap      ] GC(195) Old regions: 77->77
[2020-09-03T11:16:47.045+0000][23984][gc,heap      ] GC(195) Archive regions: 0->0
[2020-09-03T11:16:47.045+0000][23984][gc,heap      ] GC(195) Humongous regions: 270->174
[2020-09-03T11:16:47.045+0000][23984][gc,metaspace ] GC(195) Metaspace: 85943K(92544K)->85943K(92544K) NonClass: 74935K(78848K)->74935K(78848K) Class: 11007K(13696K)->11007K(13696K)
[2020-09-03T11:16:47.045+0000][23984][gc           ] GC(195) Pause Young (Concurrent Start) (G1 Humongous Allocation) 392M->253M(1024M) 4.457ms
[2020-09-03T11:16:47.045+0000][23984][gc,cpu       ] GC(195) User=0.03s Sys=0.00s Real=0.01s
[2020-09-03T11:16:47.045+0000][23984][safepoint    ] Safepoint "G1TryInitiateConcMark", Time since last: 107862400 ns, Reaching safepoint: 181900 ns, At safepoint: 4605100 ns, Total: 4787000 ns
[2020-09-03T11:16:47.045+0000][23984][gc           ] GC(196) Concurrent Cycle
[2020-09-03T11:16:47.045+0000][23984][gc,marking   ] GC(196) Concurrent Clear Claimed Marks
[2020-09-03T11:16:47.046+0000][23984][gc,marking   ] GC(196) Concurrent Clear Claimed Marks 0.483ms
[2020-09-03T11:16:47.046+0000][23984][gc,marking   ] GC(196) Concurrent Scan Root Regions
[2020-09-03T11:16:47.047+0000][23984][gc,marking   ] GC(196) Concurrent Scan Root Regions 1.742ms
[2020-09-03T11:16:47.048+0000][23984][gc,marking   ] GC(196) Concurrent Mark (156.049s)
[2020-09-03T11:16:47.048+0000][23984][gc,marking   ] GC(196) Concurrent Mark From Roots
[2020-09-03T11:16:47.048+0000][23984][gc,task      ] GC(196) Using 2 workers of 2 for marking
[2020-09-03T11:16:47.130+0000][23984][gc,marking   ] GC(196) Concurrent Mark From Roots 82.479ms
[2020-09-03T11:16:47.130+0000][23984][gc,marking   ] GC(196) Concurrent Preclean
[2020-09-03T11:16:47.131+0000][23984][gc,marking   ] GC(196) Concurrent Preclean 0.445ms
[2020-09-03T11:16:47.131+0000][23984][gc,marking   ] GC(196) Concurrent Mark (156.049s, 156.132s) 83.069ms
[2020-09-03T11:16:47.131+0000][23984][gc,start     ] GC(196) Pause Remark
[2020-09-03T11:16:47.136+0000][23984][gc           ] GC(196) Pause Remark 313M->313M(1024M) 4.864ms
[2020-09-03T11:16:47.136+0000][23984][gc,cpu       ] GC(196) User=0.00s Sys=0.00s Real=0.00s
[2020-09-03T11:16:47.136+0000][23984][safepoint    ] Safepoint "G1Concurrent", Time since last: 85623800 ns, Reaching safepoint: 152400 ns, At safepoint: 5020900 ns, Total: 5173300 ns
[2020-09-03T11:16:47.136+0000][23984][gc,marking   ] GC(196) Concurrent Rebuild Remembered Sets
[2020-09-03T11:16:47.192+0000][23984][gc,marking   ] GC(196) Concurrent Rebuild Remembered Sets 55.656ms
[2020-09-03T11:16:47.192+0000][23984][gc,start     ] GC(196) Pause Cleanup
[2020-09-03T11:16:47.192+0000][23984][gc           ] GC(196) Pause Cleanup 322M->322M(1024M) 0.260ms
[2020-09-03T11:16:47.192+0000][23984][gc,cpu       ] GC(196) User=0.00s Sys=0.00s Real=0.00s
[2020-09-03T11:16:47.192+0000][23984][safepoint    ] Safepoint "G1Concurrent", Time since last: 55841800 ns, Reaching safepoint: 119500 ns, At safepoint: 387700 ns, Total: 507200 ns
[2020-09-03T11:16:47.192+0000][23984][gc,marking   ] GC(196) Concurrent Cleanup for Next Mark
[2020-09-03T11:16:47.194+0000][23984][gc,marking   ] GC(196) Concurrent Cleanup for Next Mark 1.401ms
[2020-09-03T11:16:47.194+0000][23984][gc           ] GC(196) Concurrent Cycle 148.695ms
[2020-09-03T11:16:47.197+0000][23984][gc,start     ] GC(197) Pause Young (Concurrent Start) (G1 Humongous Allocation)
[2020-09-03T11:16:47.197+0000][23984][gc,task      ] GC(197) Using 8 workers of 8 for evacuation
[2020-09-03T11:16:47.197+0000][23984][gc,age       ] GC(197) Desired survivor size 32505856 bytes, new threshold 15 (max threshold 15)
[2020-09-03T11:16:47.200+0000][23984][gc,age       ] GC(197) Age table with threshold 15 (max threshold 15)
[2020-09-03T11:16:47.200+0000][23984][gc,age       ] GC(197) - age   1:    2741512 bytes,    2741512 total
[2020-09-03T11:16:47.200+0000][23984][gc,age       ] GC(197) - age   2:      18592 bytes,    2760104 total
[2020-09-03T11:16:47.200+0000][23984][gc,age       ] GC(197) - age   3:      10720 bytes,    2770824 total
[2020-09-03T11:16:47.200+0000][23984][gc,age       ] GC(197) - age   4:       2288 bytes,    2773112 total
[2020-09-03T11:16:47.200+0000][23984][gc,age       ] GC(197) - age   5:       1320 bytes,    2774432 total
[2020-09-03T11:16:47.200+0000][23984][gc,age       ] GC(197) - age   6:       1176 bytes,    2775608 total
[2020-09-03T11:16:47.200+0000][23984][gc,age       ] GC(197) - age   7:        568 bytes,    2776176 total
[2020-09-03T11:16:47.200+0000][23984][gc,age       ] GC(197) - age   8:       1088 bytes,    2777264 total
[2020-09-03T11:16:47.200+0000][23984][gc,age       ] GC(197) - age   9:      11848 bytes,    2789112 total
[2020-09-03T11:16:47.200+0000][23984][gc,age       ] GC(197) - age  10:      10144 bytes,    2799256 total
[2020-09-03T11:16:47.200+0000][23984][gc,age       ] GC(197) - age  11:       1128 bytes,    2800384 total
[2020-09-03T11:16:47.200+0000][23984][gc,age       ] GC(197) - age  12:       2784 bytes,    2803168 total
[2020-09-03T11:16:47.200+0000][23984][gc,age       ] GC(197) - age  13:       1024 bytes,    2804192 total
[2020-09-03T11:16:47.200+0000][23984][gc,age       ] GC(197) - age  14:        928 bytes,    2805120 total
[2020-09-03T11:16:47.200+0000][23984][gc,age       ] GC(197) - age  15:       4920 bytes,    2810040 total
[2020-09-03T11:16:47.200+0000][23984][gc,phases    ] GC(197)   Pre Evacuate Collection Set: 0.4ms
[2020-09-03T11:16:47.200+0000][23984][gc,phases    ] GC(197)   Merge Heap Roots: 0.1ms
[2020-09-03T11:16:47.200+0000][23984][gc,phases    ] GC(197)   Evacuate Collection Set: 1.7ms
[2020-09-03T11:16:47.200+0000][23984][gc,phases    ] GC(197)   Post Evacuate Collection Set: 0.6ms
[2020-09-03T11:16:47.200+0000][23984][gc,phases    ] GC(197)   Other: 0.6ms
[2020-09-03T11:16:47.200+0000][23984][gc,heap      ] GC(197) Eden regions: 23->0(495)
[2020-09-03T11:16:47.200+0000][23984][gc,heap      ] GC(197) Survivor regions: 3->3(62)
[2020-09-03T11:16:47.200+0000][23984][gc,heap      ] GC(197) Old regions: 77->77
[2020-09-03T11:16:47.200+0000][23984][gc,heap      ] GC(197) Archive regions: 0->0
[2020-09-03T11:16:47.200+0000][23984][gc,heap      ] GC(197) Humongous regions: 230->174
[2020-09-03T11:16:47.200+0000][23984][gc,metaspace ] GC(197) Metaspace: 85943K(92544K)->85943K(92544K) NonClass: 74935K(78848K)->74935K(78848K) Class: 11007K(13696K)->11007K(13696K)
[2020-09-03T11:16:47.200+0000][23984][gc           ] GC(197) Pause Young (Concurrent Start) (G1 Humongous Allocation) 331M->253M(1024M) 3.585ms
[2020-09-03T11:16:47.200+0000][23984][gc,cpu       ] GC(197) User=0.00s Sys=0.00s Real=0.00s
[2020-09-03T11:16:47.200+0000][23984][safepoint    ] Safepoint "G1TryInitiateConcMark", Time since last: 4400100 ns, Reaching safepoint: 176600 ns, At safepoint: 3703300 ns, Total: 3879900 ns
[2020-09-03T11:16:47.200+0000][23984][gc           ] GC(198) Concurrent Cycle
[2020-09-03T11:16:47.201+0000][23984][gc,marking   ] GC(198) Concurrent Clear Claimed Marks
[2020-09-03T11:16:47.201+0000][23984][gc,marking   ] GC(198) Concurrent Clear Claimed Marks 0.315ms
[2020-09-03T11:16:47.201+0000][23984][gc,marking   ] GC(198) Concurrent Scan Root Regions
[2020-09-03T11:16:47.202+0000][23984][gc,marking   ] GC(198) Concurrent Scan Root Regions 1.607ms
[2020-09-03T11:16:47.203+0000][23984][gc,marking   ] GC(198) Concurrent Mark (156.204s)
[2020-09-03T11:16:47.203+0000][23984][gc,marking   ] GC(198) Concurrent Mark From Roots
[2020-09-03T11:16:47.203+0000][23984][gc,task      ] GC(198) Using 2 workers of 2 for marking
[2020-09-03T11:16:47.296+0000][23984][gc,marking   ] GC(198) Concurrent Mark From Roots 93.693ms
[2020-09-03T11:16:47.296+0000][23984][gc,marking   ] GC(198) Concurrent Preclean
[2020-09-03T11:16:47.297+0000][23984][gc,marking   ] GC(198) Concurrent Preclean 0.398ms
[2020-09-03T11:16:47.297+0000][23984][gc,marking   ] GC(198) Concurrent Mark (156.204s, 156.299s) 94.204ms
[2020-09-03T11:16:47.297+0000][23984][gc,start     ] GC(198) Pause Remark
[2020-09-03T11:16:47.301+0000][23984][gc           ] GC(198) Pause Remark 304M->304M(1024M) 4.343ms
[2020-09-03T11:16:47.301+0000][23984][gc,cpu       ] GC(198) User=0.00s Sys=0.00s Real=0.00s
[2020-09-03T11:16:47.302+0000][23984][safepoint    ] Safepoint "G1Concurrent", Time since last: 96427900 ns, Reaching safepoint: 137900 ns, At safepoint: 4508100 ns, Total: 4646000 ns
[2020-09-03T11:16:47.302+0000][23984][gc,marking   ] GC(198) Concurrent Rebuild Remembered Sets
[2020-09-03T11:16:47.371+0000][23984][gc,marking   ] GC(198) Concurrent Rebuild Remembered Sets 69.614ms
[2020-09-03T11:16:47.371+0000][23984][gc,start     ] GC(198) Pause Cleanup
[2020-09-03T11:16:47.372+0000][23984][gc           ] GC(198) Pause Cleanup 315M->315M(1024M) 0.276ms
[2020-09-03T11:16:47.372+0000][23984][gc,cpu       ] GC(198) User=0.00s Sys=0.00s Real=0.00s
[2020-09-03T11:16:47.372+0000][23984][safepoint    ] Safepoint "G1Concurrent", Time since last: 69755500 ns, Reaching safepoint: 174600 ns, At safepoint: 430700 ns, Total: 605300 ns
[2020-09-03T11:16:47.372+0000][23984][gc,marking   ] GC(198) Concurrent Cleanup for Next Mark
[2020-09-03T11:16:47.373+0000][23984][gc,marking   ] GC(198) Concurrent Cleanup for Next Mark 1.422ms
[2020-09-03T11:16:47.373+0000][23984][gc           ] GC(198) Concurrent Cycle 173.016ms
[2020-09-03T11:16:47.376+0000][23984][gc,start     ] GC(199) Pause Young (Concurrent Start) (G1 Humongous Allocation)
[2020-09-03T11:16:47.376+0000][23984][gc,task      ] GC(199) Using 8 workers of 8 for evacuation
[2020-09-03T11:16:47.376+0000][23984][gc,age       ] GC(199) Desired survivor size 33030144 bytes, new threshold 15 (max threshold 15)
[2020-09-03T11:16:47.379+0000][23984][gc,age       ] GC(199) Age table with threshold 15 (max threshold 15)
[2020-09-03T11:16:47.379+0000][23984][gc,age       ] GC(199) - age   1:    2143464 bytes,    2143464 total
[2020-09-03T11:16:47.379+0000][23984][gc,age       ] GC(199) - age   2:       1672 bytes,    2145136 total
[2020-09-03T11:16:47.379+0000][23984][gc,age       ] GC(199) - age   3:      16992 bytes,    2162128 total
[2020-09-03T11:16:47.379+0000][23984][gc,age       ] GC(199) - age   4:       9856 bytes,    2171984 total
[2020-09-03T11:16:47.379+0000][23984][gc,age       ] GC(199) - age   5:       1960 bytes,    2173944 total
[2020-09-03T11:16:47.379+0000][23984][gc,age       ] GC(199) - age   6:       1320 bytes,    2175264 total
[2020-09-03T11:16:47.379+0000][23984][gc,age       ] GC(199) - age   7:       1176 bytes,    2176440 total
[2020-09-03T11:16:47.379+0000][23984][gc,age       ] GC(199) - age   8:        568 bytes,    2177008 total
[2020-09-03T11:16:47.379+0000][23984][gc,age       ] GC(199) - age   9:       1088 bytes,    2178096 total
[2020-09-03T11:16:47.379+0000][23984][gc,age       ] GC(199) - age  10:      11848 bytes,    2189944 total
[2020-09-03T11:16:47.379+0000][23984][gc,age       ] GC(199) - age  11:      10144 bytes,    2200088 total
[2020-09-03T11:16:47.379+0000][23984][gc,age       ] GC(199) - age  12:       1128 bytes,    2201216 total
[2020-09-03T11:16:47.379+0000][23984][gc,age       ] GC(199) - age  13:       2592 bytes,    2203808 total
[2020-09-03T11:16:47.379+0000][23984][gc,age       ] GC(199) - age  14:       1024 bytes,    2204832 total
[2020-09-03T11:16:47.379+0000][23984][gc,age       ] GC(199) - age  15:        896 bytes,    2205728 total
[2020-09-03T11:16:47.379+0000][23984][gc,phases    ] GC(199)   Pre Evacuate Collection Set: 0.4ms
[2020-09-03T11:16:47.379+0000][23984][gc,phases    ] GC(199)   Merge Heap Roots: 0.1ms
[2020-09-03T11:16:47.379+0000][23984][gc,phases    ] GC(199)   Evacuate Collection Set: 1.9ms
[2020-09-03T11:16:47.379+0000][23984][gc,phases    ] GC(199)   Post Evacuate Collection Set: 0.7ms
[2020-09-03T11:16:47.379+0000][23984][gc,phases    ] GC(199)   Other: 0.7ms
[2020-09-03T11:16:47.379+0000][23984][gc,heap      ] GC(199) Eden regions: 24->0(498)
[2020-09-03T11:16:47.379+0000][23984][gc,heap      ] GC(199) Survivor regions: 3->3(63)
[2020-09-03T11:16:47.379+0000][23984][gc,heap      ] GC(199) Old regions: 77->77
[2020-09-03T11:16:47.379+0000][23984][gc,heap      ] GC(199) Archive regions: 0->0
[2020-09-03T11:16:47.379+0000][23984][gc,heap      ] GC(199) Humongous regions: 230->174
[2020-09-03T11:16:47.379+0000][23984][gc,metaspace ] GC(199) Metaspace: 85955K(92544K)->85955K(92544K) NonClass: 74947K(78848K)->74947K(78848K) Class: 11007K(13696K)->11007K(13696K)
[2020-09-03T11:16:47.380+0000][23984][gc           ] GC(199) Pause Young (Concurrent Start) (G1 Humongous Allocation) 332M->252M(1024M) 3.897ms
[2020-09-03T11:16:47.380+0000][23984][gc,cpu       ] GC(199) User=0.00s Sys=0.00s Real=0.00s
[2020-09-03T11:16:47.380+0000][23984][safepoint    ] Safepoint "G1TryInitiateConcMark", Time since last: 3464400 ns, Reaching safepoint: 215500 ns, At safepoint: 4048300 ns, Total: 4263800 ns
[2020-09-03T11:16:47.380+0000][23984][gc           ] GC(200) Concurrent Cycle
[2020-09-03T11:16:47.380+0000][23984][gc,marking   ] GC(200) Concurrent Clear Claimed Marks
[2020-09-03T11:16:47.380+0000][23984][gc,marking   ] GC(200) Concurrent Clear Claimed Marks 0.287ms
[2020-09-03T11:16:47.380+0000][23984][gc,marking   ] GC(200) Concurrent Scan Root Regions
[2020-09-03T11:16:47.382+0000][23984][gc,marking   ] GC(200) Concurrent Scan Root Regions 2.038ms
[2020-09-03T11:16:47.382+0000][23984][gc,marking   ] GC(200) Concurrent Mark (156.384s)
[2020-09-03T11:16:47.382+0000][23984][gc,marking   ] GC(200) Concurrent Mark From Roots
[2020-09-03T11:16:47.382+0000][23984][gc,task      ] GC(200) Using 2 workers of 2 for marking
[2020-09-03T11:16:47.495+0000][23984][gc,marking   ] GC(200) Concurrent Mark From Roots 113.274ms
[2020-09-03T11:16:47.496+0000][23984][gc,marking   ] GC(200) Concurrent Preclean
[2020-09-03T11:16:47.496+0000][23984][gc,marking   ] GC(200) Concurrent Preclean 0.557ms
[2020-09-03T11:16:47.496+0000][23984][gc,marking   ] GC(200) Concurrent Mark (156.384s, 156.498s) 114.032ms
[2020-09-03T11:16:47.496+0000][23984][gc,start     ] GC(200) Pause Remark
[2020-09-03T11:16:47.501+0000][23984][gc           ] GC(200) Pause Remark 299M->299M(1024M) 4.535ms
[2020-09-03T11:16:47.501+0000][23984][gc,cpu       ] GC(200) User=0.08s Sys=0.02s Real=0.00s
[2020-09-03T11:16:47.501+0000][23984][safepoint    ] Safepoint "G1Concurrent", Time since last: 116620900 ns, Reaching safepoint: 192600 ns, At safepoint: 4753000 ns, Total: 4945600 ns
[2020-09-03T11:16:47.501+0000][23984][gc,marking   ] GC(200) Concurrent Rebuild Remembered Sets
[2020-09-03T11:16:47.570+0000][23984][gc,marking   ] GC(200) Concurrent Rebuild Remembered Sets 68.256ms
[2020-09-03T11:16:47.570+0000][23984][gc,start     ] GC(200) Pause Cleanup
[2020-09-03T11:16:47.570+0000][23984][gc           ] GC(200) Pause Cleanup 363M->363M(1024M) 0.250ms
[2020-09-03T11:16:47.570+0000][23984][gc,cpu       ] GC(200) User=0.00s Sys=0.00s Real=0.00s
[2020-09-03T11:16:47.570+0000][23984][safepoint    ] Safepoint "G1Concurrent", Time since last: 68416200 ns, Reaching safepoint: 129700 ns, At safepoint: 367500 ns, Total: 497200 ns
[2020-09-03T11:16:47.570+0000][23984][gc,marking   ] GC(200) Concurrent Cleanup for Next Mark
[2020-09-03T11:16:47.572+0000][23984][gc,marking   ] GC(200) Concurrent Cleanup for Next Mark 1.380ms
[2020-09-03T11:16:47.572+0000][23984][gc           ] GC(200) Concurrent Cycle 192.019ms
[2020-09-03T11:16:47.657+0000][23984][gc,start     ] GC(201) Pause Young (Concurrent Start) (G1 Humongous Allocation)
[2020-09-03T11:16:47.658+0000][23984][gc,task      ] GC(201) Using 8 workers of 8 for evacuation
[2020-09-03T11:16:47.658+0000][23984][gc,age       ] GC(201) Desired survivor size 33030144 bytes, new threshold 15 (max threshold 15)
[2020-09-03T11:16:47.661+0000][23984][gc,age       ] GC(201) Age table with threshold 15 (max threshold 15)
[2020-09-03T11:16:47.661+0000][23984][gc,age       ] GC(201) - age   1:    5119200 bytes,    5119200 total
[2020-09-03T11:16:47.661+0000][23984][gc,age       ] GC(201) - age   2:      14704 bytes,    5133904 total
[2020-09-03T11:16:47.661+0000][23984][gc,age       ] GC(201) - age   3:       1512 bytes,    5135416 total
[2020-09-03T11:16:47.661+0000][23984][gc,age       ] GC(201) - age   4:      12200 bytes,    5147616 total
[2020-09-03T11:16:47.661+0000][23984][gc,age       ] GC(201) - age   5:       8816 bytes,    5156432 total
[2020-09-03T11:16:47.661+0000][23984][gc,age       ] GC(201) - age   6:       1408 bytes,    5157840 total
[2020-09-03T11:16:47.662+0000][23984][gc,age       ] GC(201) - age   7:       1256 bytes,    5159096 total
[2020-09-03T11:16:47.662+0000][23984][gc,age       ] GC(201) - age   8:       1176 bytes,    5160272 total
[2020-09-03T11:16:47.662+0000][23984][gc,age       ] GC(201) - age   9:        568 bytes,    5160840 total
[2020-09-03T11:16:47.662+0000][23984][gc,age       ] GC(201) - age  10:       1088 bytes,    5161928 total
[2020-09-03T11:16:47.662+0000][23984][gc,age       ] GC(201) - age  11:      11848 bytes,    5173776 total
[2020-09-03T11:16:47.662+0000][23984][gc,age       ] GC(201) - age  12:      10144 bytes,    5183920 total
[2020-09-03T11:16:47.662+0000][23984][gc,age       ] GC(201) - age  13:        840 bytes,    5184760 total
[2020-09-03T11:16:47.662+0000][23984][gc,age       ] GC(201) - age  14:       2560 bytes,    5187320 total
[2020-09-03T11:16:47.662+0000][23984][gc,age       ] GC(201) - age  15:       1024 bytes,    5188344 total
[2020-09-03T11:16:47.662+0000][23984][gc,phases    ] GC(201)   Pre Evacuate Collection Set: 0.4ms
[2020-09-03T11:16:47.662+0000][23984][gc,phases    ] GC(201)   Merge Heap Roots: 0.1ms
[2020-09-03T11:16:47.662+0000][23984][gc,phases    ] GC(201)   Evacuate Collection Set: 2.2ms
[2020-09-03T11:16:47.662+0000][23984][gc,phases    ] GC(201)   Post Evacuate Collection Set: 0.8ms
[2020-09-03T11:16:47.662+0000][23984][gc,phases    ] GC(201)   Other: 0.9ms
[2020-09-03T11:16:47.662+0000][23984][gc,heap      ] GC(201) Eden regions: 48->0(495)
[2020-09-03T11:16:47.662+0000][23984][gc,heap      ] GC(201) Survivor regions: 3->6(63)
[2020-09-03T11:16:47.662+0000][23984][gc,heap      ] GC(201) Old regions: 77->77
[2020-09-03T11:16:47.662+0000][23984][gc,heap      ] GC(201) Archive regions: 0->0
[2020-09-03T11:16:47.662+0000][23984][gc,heap      ] GC(201) Humongous regions: 254->174
[2020-09-03T11:16:47.662+0000][23984][gc,metaspace ] GC(201) Metaspace: 85979K(92544K)->85979K(92544K) NonClass: 74971K(78848K)->74971K(78848K) Class: 11007K(13696K)->11007K(13696K)
[2020-09-03T11:16:47.662+0000][23984][gc           ] GC(201) Pause Young (Concurrent Start) (G1 Humongous Allocation) 379M->255M(1024M) 4.620ms
[2020-09-03T11:16:47.662+0000][23984][gc,cpu       ] GC(201) User=0.00s Sys=0.00s Real=0.00s
[2020-09-03T11:16:47.662+0000][23984][gc           ] GC(202) Concurrent Cycle
[2020-09-03T11:16:47.662+0000][23984][safepoint    ] Safepoint "G1TryInitiateConcMark", Time since last: 87160500 ns, Reaching safepoint: 157300 ns, At safepoint: 4790300 ns, Total: 4947600 ns
[2020-09-03T11:16:47.662+0000][23984][gc,marking   ] GC(202) Concurrent Clear Claimed Marks
[2020-09-03T11:16:47.663+0000][23984][gc,marking   ] GC(202) Concurrent Clear Claimed Marks 0.642ms
[2020-09-03T11:16:47.663+0000][23984][gc,marking   ] GC(202) Concurrent Scan Root Regions
[2020-09-03T11:16:47.665+0000][23984][gc,marking   ] GC(202) Concurrent Scan Root Regions 2.257ms
[2020-09-03T11:16:47.665+0000][23984][gc,marking   ] GC(202) Concurrent Mark (156.667s)
[2020-09-03T11:16:47.665+0000][23984][gc,marking   ] GC(202) Concurrent Mark From Roots
[2020-09-03T11:16:47.665+0000][23984][gc,task      ] GC(202) Using 2 workers of 2 for marking
[2020-09-03T11:16:47.775+0000][23984][gc,marking   ] GC(202) Concurrent Mark From Roots 109.889ms
[2020-09-03T11:16:47.775+0000][23984][gc,marking   ] GC(202) Concurrent Preclean
[2020-09-03T11:16:47.776+0000][23984][gc,marking   ] GC(202) Concurrent Preclean 0.421ms
[2020-09-03T11:16:47.776+0000][23984][gc,marking   ] GC(202) Concurrent Mark (156.667s, 156.778s) 110.438ms
[2020-09-03T11:16:47.776+0000][23984][gc,start     ] GC(202) Pause Remark
[2020-09-03T11:16:47.781+0000][23984][gc           ] GC(202) Pause Remark 372M->372M(1024M) 5.393ms
[2020-09-03T11:16:47.782+0000][23984][gc,cpu       ] GC(202) User=0.09s Sys=0.00s Real=0.01s
[2020-09-03T11:16:47.782+0000][23984][safepoint    ] Safepoint "G1Concurrent", Time since last: 113668800 ns, Reaching safepoint: 141200 ns, At safepoint: 5548700 ns, Total: 5689900 ns
[2020-09-03T11:16:47.782+0000][23984][gc,marking   ] GC(202) Concurrent Rebuild Remembered Sets
[2020-09-03T11:16:47.855+0000][23984][gc,marking   ] GC(202) Concurrent Rebuild Remembered Sets 73.770ms
[2020-09-03T11:16:47.856+0000][23984][gc,start     ] GC(202) Pause Cleanup
[2020-09-03T11:16:47.856+0000][23984][gc           ] GC(202) Pause Cleanup 476M->476M(1024M) 0.410ms
[2020-09-03T11:16:47.856+0000][23984][gc,cpu       ] GC(202) User=0.00s Sys=0.00s Real=0.00s
[2020-09-03T11:16:47.856+0000][23984][safepoint    ] Safepoint "G1Concurrent", Time since last: 74021300 ns, Reaching safepoint: 218100 ns, At safepoint: 584800 ns, Total: 802900 ns
[2020-09-03T11:16:47.856+0000][23984][gc,marking   ] GC(202) Concurrent Cleanup for Next Mark
[2020-09-03T11:16:47.859+0000][23984][gc,marking   ] GC(202) Concurrent Cleanup for Next Mark 2.282ms
[2020-09-03T11:16:47.859+0000][23984][gc           ] GC(202) Concurrent Cycle 196.685ms
[2020-09-03T11:16:47.859+0000][23984][gc,start     ] GC(203) Pause Young (Concurrent Start) (G1 Humongous Allocation)
[2020-09-03T11:16:47.859+0000][23984][gc,task      ] GC(203) Using 8 workers of 8 for evacuation
[2020-09-03T11:16:47.859+0000][23984][gc,age       ] GC(203) Desired survivor size 33030144 bytes, new threshold 15 (max threshold 15)
[2020-09-03T11:16:47.862+0000][23984][gc,age       ] GC(203) Age table with threshold 15 (max threshold 15)
[2020-09-03T11:16:47.862+0000][23984][gc,age       ] GC(203) - age   1:    1683080 bytes,    1683080 total
[2020-09-03T11:16:47.862+0000][23984][gc,age       ] GC(203) - age   2:      13504 bytes,    1696584 total
[2020-09-03T11:16:47.862+0000][23984][gc,age       ] GC(203) - age   3:      13888 bytes,    1710472 total
[2020-09-03T11:16:47.862+0000][23984][gc,age       ] GC(203) - age   4:       1264 bytes,    1711736 total
[2020-09-03T11:16:47.862+0000][23984][gc,age       ] GC(203) - age   5:      11768 bytes,    1723504 total
[2020-09-03T11:16:47.862+0000][23984][gc,age       ] GC(203) - age   6:       5056 bytes,    1728560 total
[2020-09-03T11:16:47.863+0000][23984][gc,age       ] GC(203) - age   7:       1376 bytes,    1729936 total
[2020-09-03T11:16:47.863+0000][23984][gc,age       ] GC(203) - age   8:       1192 bytes,    1731128 total
[2020-09-03T11:16:47.863+0000][23984][gc,age       ] GC(203) - age   9:       1176 bytes,    1732304 total
[2020-09-03T11:16:47.863+0000][23984][gc,age       ] GC(203) - age  10:        568 bytes,    1732872 total
[2020-09-03T11:16:47.863+0000][23984][gc,age       ] GC(203) - age  11:       1088 bytes,    1733960 total
[2020-09-03T11:16:47.863+0000][23984][gc,age       ] GC(203) - age  12:      11848 bytes,    1745808 total
[2020-09-03T11:16:47.863+0000][23984][gc,age       ] GC(203) - age  13:      10144 bytes,    1755952 total
[2020-09-03T11:16:47.863+0000][23984][gc,age       ] GC(203) - age  14:        840 bytes,    1756792 total
[2020-09-03T11:16:47.863+0000][23984][gc,age       ] GC(203) - age  15:       2560 bytes,    1759352 total
[2020-09-03T11:16:47.863+0000][23984][gc,phases    ] GC(203)   Pre Evacuate Collection Set: 0.4ms
[2020-09-03T11:16:47.863+0000][23984][gc,phases    ] GC(203)   Merge Heap Roots: 0.1ms
[2020-09-03T11:16:47.863+0000][23984][gc,phases    ] GC(203)   Evacuate Collection Set: 1.8ms
[2020-09-03T11:16:47.863+0000][23984][gc,phases    ] GC(203)   Post Evacuate Collection Set: 0.7ms
[2020-09-03T11:16:47.863+0000][23984][gc,phases    ] GC(203)   Other: 0.8ms
[2020-09-03T11:16:47.863+0000][23984][gc,heap      ] GC(203) Eden regions: 48->0(501)
[2020-09-03T11:16:47.863+0000][23984][gc,heap      ] GC(203) Survivor regions: 6->2(63)
[2020-09-03T11:16:47.863+0000][23984][gc,heap      ] GC(203) Old regions: 77->77
[2020-09-03T11:16:47.863+0000][23984][gc,heap      ] GC(203) Archive regions: 0->0
[2020-09-03T11:16:47.863+0000][23984][gc,heap      ] GC(203) Humongous regions: 364->174
[2020-09-03T11:16:47.863+0000][23984][gc,metaspace ] GC(203) Metaspace: 85992K(92544K)->85992K(92544K) NonClass: 74984K(78848K)->74984K(78848K) Class: 11007K(13696K)->11007K(13696K)
[2020-09-03T11:16:47.863+0000][23984][gc           ] GC(203) Pause Young (Concurrent Start) (G1 Humongous Allocation) 493M->252M(1024M) 4.187ms
[2020-09-03T11:16:47.863+0000][23984][gc,cpu       ] GC(203) User=0.00s Sys=0.00s Real=0.00s
[2020-09-03T11:16:47.863+0000][23984][gc           ] GC(204) Concurrent Cycle
[2020-09-03T11:16:47.864+0000][23984][gc,marking   ] GC(204) Concurrent Clear Claimed Marks
[2020-09-03T11:16:47.864+0000][23984][safepoint    ] Safepoint "G1TryInitiateConcMark", Time since last: 2537200 ns, Reaching safepoint: 185500 ns, At safepoint: 4660200 ns, Total: 4845700 ns
[2020-09-03T11:16:47.864+0000][23984][gc,marking   ] GC(204) Concurrent Clear Claimed Marks 0.395ms
[2020-09-03T11:16:47.864+0000][23984][gc,marking   ] GC(204) Concurrent Scan Root Regions
[2020-09-03T11:16:47.866+0000][23984][gc,marking   ] GC(204) Concurrent Scan Root Regions 1.619ms
[2020-09-03T11:16:47.866+0000][23984][gc,marking   ] GC(204) Concurrent Mark (156.867s)
[2020-09-03T11:16:47.866+0000][23984][gc,marking   ] GC(204) Concurrent Mark From Roots
[2020-09-03T11:16:47.866+0000][23984][gc,task      ] GC(204) Using 2 workers of 2 for marking
[2020-09-03T11:16:47.988+0000][23984][gc,marking   ] GC(204) Concurrent Mark From Roots 122.304ms
[2020-09-03T11:16:47.988+0000][23984][gc,marking   ] GC(204) Concurrent Preclean
[2020-09-03T11:16:47.989+0000][23984][gc,marking   ] GC(204) Concurrent Preclean 0.593ms
[2020-09-03T11:16:47.989+0000][23984][gc,marking   ] GC(204) Concurrent Mark (156.867s, 156.991s) 123.052ms
[2020-09-03T11:16:47.989+0000][23984][gc,start     ] GC(204) Pause Remark
[2020-09-03T11:16:47.994+0000][23984][gc           ] GC(204) Pause Remark 269M->269M(1024M) 5.335ms
[2020-09-03T11:16:47.994+0000][23984][gc,cpu       ] GC(204) User=0.00s Sys=0.00s Real=0.00s
[2020-09-03T11:16:47.995+0000][23984][safepoint    ] Safepoint "G1Concurrent", Time since last: 125014800 ns, Reaching safepoint: 133300 ns, At safepoint: 5633900 ns, Total: 5767200 ns
[2020-09-03T11:16:47.995+0000][23984][gc,marking   ] GC(204) Concurrent Rebuild Remembered Sets
[2020-09-03T11:16:48.079+0000][23984][gc,marking   ] GC(204) Concurrent Rebuild Remembered Sets 84.100ms
[2020-09-03T11:16:48.079+0000][23984][gc,start     ] GC(204) Pause Cleanup
[2020-09-03T11:16:48.079+0000][23984][gc           ] GC(204) Pause Cleanup 403M->403M(1024M) 0.279ms
[2020-09-03T11:16:48.079+0000][23984][gc,cpu       ] GC(204) User=0.00s Sys=0.00s Real=0.00s
[2020-09-03T11:16:48.079+0000][23984][safepoint    ] Safepoint "G1Concurrent", Time since last: 84302000 ns, Reaching safepoint: 140900 ns, At safepoint: 476100 ns, Total: 617000 ns
[2020-09-03T11:16:48.080+0000][23984][gc,marking   ] GC(204) Concurrent Cleanup for Next Mark
[2020-09-03T11:16:48.081+0000][23984][gc,marking   ] GC(204) Concurrent Cleanup for Next Mark 1.739ms
[2020-09-03T11:16:48.081+0000][23984][gc           ] GC(204) Concurrent Cycle 217.963ms
[2020-09-03T11:16:48.225+0000][23984][gc,start     ] GC(205) Pause Young (Concurrent Start) (G1 Humongous Allocation)
[2020-09-03T11:16:48.225+0000][23984][gc,task      ] GC(205) Using 8 workers of 8 for evacuation
[2020-09-03T11:16:48.225+0000][23984][gc,age       ] GC(205) Desired survivor size 33030144 bytes, new threshold 15 (max threshold 15)
[2020-09-03T11:16:48.230+0000][23984][gc,age       ] GC(205) Age table with threshold 15 (max threshold 15)
[2020-09-03T11:16:48.230+0000][23984][gc,age       ] GC(205) - age   1:   13811512 bytes,   13811512 total
[2020-09-03T11:16:48.230+0000][23984][gc,age       ] GC(205) - age   2:       2256 bytes,   13813768 total
[2020-09-03T11:16:48.230+0000][23984][gc,age       ] GC(205) - age   3:      12232 bytes,   13826000 total
[2020-09-03T11:16:48.230+0000][23984][gc,age       ] GC(205) - age   4:      13712 bytes,   13839712 total
[2020-09-03T11:16:48.230+0000][23984][gc,age       ] GC(205) - age   5:        720 bytes,   13840432 total
[2020-09-03T11:16:48.230+0000][23984][gc,age       ] GC(205) - age   6:      11672 bytes,   13852104 total
[2020-09-03T11:16:48.230+0000][23984][gc,age       ] GC(205) - age   7:       4352 bytes,   13856456 total
[2020-09-03T11:16:48.231+0000][23984][gc,age       ] GC(205) - age   8:       1016 bytes,   13857472 total
[2020-09-03T11:16:48.231+0000][23984][gc,age       ] GC(205) - age   9:       1160 bytes,   13858632 total
[2020-09-03T11:16:48.231+0000][23984][gc,age       ] GC(205) - age  10:       1176 bytes,   13859808 total
[2020-09-03T11:16:48.231+0000][23984][gc,age       ] GC(205) - age  11:        568 bytes,   13860376 total
[2020-09-03T11:16:48.231+0000][23984][gc,age       ] GC(205) - age  12:       1024 bytes,   13861400 total
[2020-09-03T11:16:48.231+0000][23984][gc,age       ] GC(205) - age  13:      11848 bytes,   13873248 total
[2020-09-03T11:16:48.231+0000][23984][gc,age       ] GC(205) - age  14:      10144 bytes,   13883392 total
[2020-09-03T11:16:48.231+0000][23984][gc,age       ] GC(205) - age  15:        808 bytes,   13884200 total
[2020-09-03T11:16:48.231+0000][23984][gc,phases    ] GC(205)   Pre Evacuate Collection Set: 0.4ms
[2020-09-03T11:16:48.231+0000][23984][gc,phases    ] GC(205)   Merge Heap Roots: 0.1ms
[2020-09-03T11:16:48.231+0000][23984][gc,phases    ] GC(205)   Evacuate Collection Set: 3.8ms
[2020-09-03T11:16:48.231+0000][23984][gc,phases    ] GC(205)   Post Evacuate Collection Set: 0.8ms
[2020-09-03T11:16:48.231+0000][23984][gc,phases    ] GC(205)   Other: 0.9ms
[2020-09-03T11:16:48.231+0000][23984][gc,heap      ] GC(205) Eden regions: 86->0(482)
[2020-09-03T11:16:48.231+0000][23984][gc,heap      ] GC(205) Survivor regions: 2->14(63)
[2020-09-03T11:16:48.231+0000][23984][gc,heap      ] GC(205) Old regions: 77->77
[2020-09-03T11:16:48.231+0000][23984][gc,heap      ] GC(205) Archive regions: 0->0
[2020-09-03T11:16:48.231+0000][23984][gc,heap      ] GC(205) Humongous regions: 272->174
[2020-09-03T11:16:48.231+0000][23984][gc,metaspace ] GC(205) Metaspace: 86052K(92544K)->86052K(92544K) NonClass: 75044K(78848K)->75044K(78848K) Class: 11007K(13696K)->11007K(13696K)
[2020-09-03T11:16:48.231+0000][23984][gc           ] GC(205) Pause Young (Concurrent Start) (G1 Humongous Allocation) 436M->263M(1024M) 6.237ms
[2020-09-03T11:16:48.231+0000][23984][gc,cpu       ] GC(205) User=0.00s Sys=0.00s Real=0.01s
[2020-09-03T11:16:48.231+0000][23984][gc           ] GC(206) Concurrent Cycle
[2020-09-03T11:16:48.231+0000][23984][safepoint    ] Safepoint "G1TryInitiateConcMark", Time since last: 145067000 ns, Reaching safepoint: 187600 ns, At safepoint: 6423800 ns, Total: 6611400 ns
[2020-09-03T11:16:48.231+0000][23984][gc,marking   ] GC(206) Concurrent Clear Claimed Marks
[2020-09-03T11:16:48.232+0000][23984][gc,marking   ] GC(206) Concurrent Clear Claimed Marks 0.590ms
[2020-09-03T11:16:48.232+0000][23984][gc,marking   ] GC(206) Concurrent Scan Root Regions
[2020-09-03T11:16:48.235+0000][23984][gc,marking   ] GC(206) Concurrent Scan Root Regions 2.755ms
[2020-09-03T11:16:48.235+0000][23984][gc,marking   ] GC(206) Concurrent Mark (157.237s)
[2020-09-03T11:16:48.235+0000][23984][gc,marking   ] GC(206) Concurrent Mark From Roots
[2020-09-03T11:16:48.235+0000][23984][gc,task      ] GC(206) Using 2 workers of 2 for marking
[2020-09-03T11:16:48.395+0000][23984][gc,marking   ] GC(206) Concurrent Mark From Roots 160.019ms
[2020-09-03T11:16:48.395+0000][23984][gc,marking   ] GC(206) Concurrent Preclean
[2020-09-03T11:16:48.396+0000][23984][gc,marking   ] GC(206) Concurrent Preclean 0.798ms
[2020-09-03T11:16:48.396+0000][23984][gc,marking   ] GC(206) Concurrent Mark (157.237s, 157.398s) 161.039ms
[2020-09-03T11:16:48.396+0000][23984][gc,start     ] GC(206) Pause Remark
[2020-09-03T11:16:48.402+0000][23984][gc           ] GC(206) Pause Remark 510M->510M(1024M) 5.933ms
[2020-09-03T11:16:48.402+0000][23984][gc,cpu       ] GC(206) User=0.00s Sys=0.00s Real=0.01s
[2020-09-03T11:16:48.402+0000][23984][safepoint    ] Safepoint "G1Concurrent", Time since last: 164805800 ns, Reaching safepoint: 209800 ns, At safepoint: 6134600 ns, Total: 6344400 ns
[2020-09-03T11:16:48.402+0000][23984][gc,marking   ] GC(206) Concurrent Rebuild Remembered Sets
[2020-09-03T11:16:48.488+0000][23984][gc,marking   ] GC(206) Concurrent Rebuild Remembered Sets 85.189ms
[2020-09-03T11:16:48.488+0000][23984][gc,start     ] GC(206) Pause Cleanup
[2020-09-03T11:16:48.488+0000][23984][gc           ] GC(206) Pause Cleanup 584M->584M(1024M) 0.241ms
[2020-09-03T11:16:48.488+0000][23984][gc,cpu       ] GC(206) User=0.00s Sys=0.00s Real=0.00s
[2020-09-03T11:16:48.488+0000][23984][safepoint    ] Safepoint "G1Concurrent", Time since last: 85379400 ns, Reaching safepoint: 128000 ns, At safepoint: 378100 ns, Total: 506100 ns
[2020-09-03T11:16:48.488+0000][23984][gc,marking   ] GC(206) Concurrent Cleanup for Next Mark
[2020-09-03T11:16:48.490+0000][23984][gc,marking   ] GC(206) Concurrent Cleanup for Next Mark 1.656ms
[2020-09-03T11:16:48.490+0000][23984][gc           ] GC(206) Concurrent Cycle 258.881ms
[2020-09-03T11:16:48.590+0000][23984][gc,start     ] GC(207) Pause Young (Concurrent Start) (G1 Humongous Allocation)
[2020-09-03T11:16:48.590+0000][23984][gc,task      ] GC(207) Using 8 workers of 8 for evacuation
[2020-09-03T11:16:48.590+0000][23984][gc,age       ] GC(207) Desired survivor size 32505856 bytes, new threshold 15 (max threshold 15)
[2020-09-03T11:16:48.594+0000][23984][gc,age       ] GC(207) Age table with threshold 15 (max threshold 15)
[2020-09-03T11:16:48.594+0000][23984][gc,age       ] GC(207) - age   1:    3897704 bytes,    3897704 total
[2020-09-03T11:16:48.594+0000][23984][gc,age       ] GC(207) - age   2:      10200 bytes,    3907904 total
[2020-09-03T11:16:48.594+0000][23984][gc,age       ] GC(207) - age   3:       1928 bytes,    3909832 total
[2020-09-03T11:16:48.594+0000][23984][gc,age       ] GC(207) - age   4:      11928 bytes,    3921760 total
[2020-09-03T11:16:48.594+0000][23984][gc,age       ] GC(207) - age   5:      11016 bytes,    3932776 total
[2020-09-03T11:16:48.594+0000][23984][gc,age       ] GC(207) - age   6:        720 bytes,    3933496 total
[2020-09-03T11:16:48.594+0000][23984][gc,age       ] GC(207) - age   7:      11584 bytes,    3945080 total
[2020-09-03T11:16:48.594+0000][23984][gc,age       ] GC(207) - age   8:       1536 bytes,    3946616 total
[2020-09-03T11:16:48.594+0000][23984][gc,age       ] GC(207) - age   9:       1016 bytes,    3947632 total
[2020-09-03T11:16:48.594+0000][23984][gc,age       ] GC(207) - age  10:       1160 bytes,    3948792 total
[2020-09-03T11:16:48.594+0000][23984][gc,age       ] GC(207) - age  11:       1176 bytes,    3949968 total
[2020-09-03T11:16:48.594+0000][23984][gc,age       ] GC(207) - age  12:        568 bytes,    3950536 total
[2020-09-03T11:16:48.594+0000][23984][gc,age       ] GC(207) - age  13:       1024 bytes,    3951560 total
[2020-09-03T11:16:48.594+0000][23984][gc,age       ] GC(207) - age  14:      11848 bytes,    3963408 total
[2020-09-03T11:16:48.594+0000][23984][gc,age       ] GC(207) - age  15:      10112 bytes,    3973520 total
[2020-09-03T11:16:48.594+0000][23984][gc,phases    ] GC(207)   Pre Evacuate Collection Set: 0.4ms
[2020-09-03T11:16:48.594+0000][23984][gc,phases    ] GC(207)   Merge Heap Roots: 0.1ms
[2020-09-03T11:16:48.594+0000][23984][gc,phases    ] GC(207)   Evacuate Collection Set: 2.1ms
[2020-09-03T11:16:48.595+0000][23984][gc,phases    ] GC(207)   Post Evacuate Collection Set: 1.0ms
[2020-09-03T11:16:48.595+0000][23984][gc,phases    ] GC(207)   Other: 0.9ms
[2020-09-03T11:16:48.595+0000][23984][gc,heap      ] GC(207) Eden regions: 79->0(494)
[2020-09-03T11:16:48.595+0000][23984][gc,heap      ] GC(207) Survivor regions: 14->4(62)
[2020-09-03T11:16:48.595+0000][23984][gc,heap      ] GC(207) Old regions: 77->77
[2020-09-03T11:16:48.595+0000][23984][gc,heap      ] GC(207) Archive regions: 0->0
[2020-09-03T11:16:48.595+0000][23984][gc,heap      ] GC(207) Humongous regions: 430->174
[2020-09-03T11:16:48.595+0000][23984][gc,metaspace ] GC(207) Metaspace: 86059K(92544K)->86059K(92544K) NonClass: 75051K(78848K)->75051K(78848K) Class: 11007K(13696K)->11007K(13696K)
[2020-09-03T11:16:48.595+0000][23984][gc           ] GC(207) Pause Young (Concurrent Start) (G1 Humongous Allocation) 598M->254M(1024M) 4.886ms
[2020-09-03T11:16:48.595+0000][23984][gc,cpu       ] GC(207) User=0.13s Sys=0.00s Real=0.01s
[2020-09-03T11:16:48.595+0000][23984][gc           ] GC(208) Concurrent Cycle
[2020-09-03T11:16:48.595+0000][23984][safepoint    ] Safepoint "G1TryInitiateConcMark", Time since last: 101578800 ns, Reaching safepoint: 141300 ns, At safepoint: 5042000 ns, Total: 5183300 ns
[2020-09-03T11:16:48.595+0000][23984][gc,marking   ] GC(208) Concurrent Clear Claimed Marks
[2020-09-03T11:16:48.596+0000][23984][gc,marking   ] GC(208) Concurrent Clear Claimed Marks 0.559ms
[2020-09-03T11:16:48.596+0000][23984][gc,marking   ] GC(208) Concurrent Scan Root Regions
[2020-09-03T11:16:48.598+0000][23984][gc,marking   ] GC(208) Concurrent Scan Root Regions 2.450ms
[2020-09-03T11:16:48.598+0000][23984][gc,marking   ] GC(208) Concurrent Mark (157.600s)
[2020-09-03T11:16:48.598+0000][23984][gc,marking   ] GC(208) Concurrent Mark From Roots
[2020-09-03T11:16:48.598+0000][23984][gc,task      ] GC(208) Using 2 workers of 2 for marking
[2020-09-03T11:16:48.719+0000][23984][gc,marking   ] GC(208) Concurrent Mark From Roots 120.974ms
[2020-09-03T11:16:48.719+0000][23984][gc,marking   ] GC(208) Concurrent Preclean
[2020-09-03T11:16:48.720+0000][23984][gc,marking   ] GC(208) Concurrent Preclean 0.693ms
[2020-09-03T11:16:48.720+0000][23984][gc,marking   ] GC(208) Concurrent Mark (157.600s, 157.722s) 121.929ms
[2020-09-03T11:16:48.721+0000][23984][gc,start     ] GC(208) Pause Remark
[2020-09-03T11:16:48.725+0000][23984][gc           ] GC(208) Pause Remark 316M->316M(1024M) 4.855ms
[2020-09-03T11:16:48.726+0000][23984][gc,cpu       ] GC(208) User=0.00s Sys=0.00s Real=0.01s
[2020-09-03T11:16:48.726+0000][23984][safepoint    ] Safepoint "G1Concurrent", Time since last: 125288800 ns, Reaching safepoint: 351700 ns, At safepoint: 5102800 ns, Total: 5454500 ns
[2020-09-03T11:16:48.726+0000][23984][gc,marking   ] GC(208) Concurrent Rebuild Remembered Sets
[2020-09-03T11:16:48.812+0000][23984][gc,marking   ] GC(208) Concurrent Rebuild Remembered Sets 85.976ms
[2020-09-03T11:16:48.812+0000][23984][gc,start     ] GC(208) Pause Cleanup
[2020-09-03T11:16:48.812+0000][23984][gc           ] GC(208) Pause Cleanup 388M->388M(1024M) 0.302ms
[2020-09-03T11:16:48.812+0000][23984][gc,cpu       ] GC(208) User=0.00s Sys=0.00s Real=0.00s
[2020-09-03T11:16:48.813+0000][23984][safepoint    ] Safepoint "G1Concurrent", Time since last: 86160900 ns, Reaching safepoint: 175500 ns, At safepoint: 478000 ns, Total: 653500 ns
[2020-09-03T11:16:48.813+0000][23984][gc,marking   ] GC(208) Concurrent Cleanup for Next Mark
[2020-09-03T11:16:48.814+0000][23984][gc,marking   ] GC(208) Concurrent Cleanup for Next Mark 1.550ms
[2020-09-03T11:16:48.814+0000][23984][gc           ] GC(208) Concurrent Cycle 219.372ms
[2020-09-03T11:16:48.934+0000][23984][gc,start     ] GC(209) Pause Young (Concurrent Start) (G1 Humongous Allocation)
[2020-09-03T11:16:48.934+0000][23984][gc,task      ] GC(209) Using 8 workers of 8 for evacuation
[2020-09-03T11:16:48.934+0000][23984][gc,age       ] GC(209) Desired survivor size 33030144 bytes, new threshold 15 (max threshold 15)
[2020-09-03T11:16:48.938+0000][23984][gc,age       ] GC(209) Age table with threshold 15 (max threshold 15)
[2020-09-03T11:16:48.938+0000][23984][gc,age       ] GC(209) - age   1:    3311768 bytes,    3311768 total
[2020-09-03T11:16:48.938+0000][23984][gc,age       ] GC(209) - age   2:     599256 bytes,    3911024 total
[2020-09-03T11:16:48.938+0000][23984][gc,age       ] GC(209) - age   3:       6952 bytes,    3917976 total
[2020-09-03T11:16:48.938+0000][23984][gc,age       ] GC(209) - age   4:        832 bytes,    3918808 total
[2020-09-03T11:16:48.938+0000][23984][gc,age       ] GC(209) - age   5:      11768 bytes,    3930576 total
[2020-09-03T11:16:48.938+0000][23984][gc,age       ] GC(209) - age   6:      11016 bytes,    3941592 total
[2020-09-03T11:16:48.938+0000][23984][gc,age       ] GC(209) - age   7:        624 bytes,    3942216 total
[2020-09-03T11:16:48.938+0000][23984][gc,age       ] GC(209) - age   8:      11392 bytes,    3953608 total
[2020-09-03T11:16:48.938+0000][23984][gc,age       ] GC(209) - age   9:       1536 bytes,    3955144 total
[2020-09-03T11:16:48.938+0000][23984][gc,age       ] GC(209) - age  10:       1016 bytes,    3956160 total
[2020-09-03T11:16:48.938+0000][23984][gc,age       ] GC(209) - age  11:       1160 bytes,    3957320 total
[2020-09-03T11:16:48.938+0000][23984][gc,age       ] GC(209) - age  12:       1176 bytes,    3958496 total
[2020-09-03T11:16:48.938+0000][23984][gc,age       ] GC(209) - age  13:        568 bytes,    3959064 total
[2020-09-03T11:16:48.938+0000][23984][gc,age       ] GC(209) - age  14:       1024 bytes,    3960088 total
[2020-09-03T11:16:48.938+0000][23984][gc,age       ] GC(209) - age  15:      11784 bytes,    3971872 total
[2020-09-03T11:16:48.938+0000][23984][gc,phases    ] GC(209)   Pre Evacuate Collection Set: 0.4ms
[2020-09-03T11:16:48.939+0000][23984][gc,phases    ] GC(209)   Merge Heap Roots: 0.1ms
[2020-09-03T11:16:48.939+0000][23984][gc,phases    ] GC(209)   Evacuate Collection Set: 2.1ms
[2020-09-03T11:16:48.939+0000][23984][gc,phases    ] GC(209)   Post Evacuate Collection Set: 0.8ms
[2020-09-03T11:16:48.939+0000][23984][gc,phases    ] GC(209)   Other: 1.0ms
[2020-09-03T11:16:48.939+0000][23984][gc,heap      ] GC(209) Eden regions: 41->0(496)
[2020-09-03T11:16:48.939+0000][23984][gc,heap      ] GC(209) Survivor regions: 4->4(63)
[2020-09-03T11:16:48.939+0000][23984][gc,heap      ] GC(209) Old regions: 77->77
[2020-09-03T11:16:48.939+0000][23984][gc,heap      ] GC(209) Archive regions: 0->0
[2020-09-03T11:16:48.939+0000][23984][gc,heap      ] GC(209) Humongous regions: 278->174
[2020-09-03T11:16:48.939+0000][23984][gc,metaspace ] GC(209) Metaspace: 86068K(92544K)->86068K(92544K) NonClass: 75061K(78848K)->75061K(78848K) Class: 11007K(13696K)->11007K(13696K)
[2020-09-03T11:16:48.939+0000][23984][gc           ] GC(209) Pause Young (Concurrent Start) (G1 Humongous Allocation) 399M->254M(1024M) 4.727ms
[2020-09-03T11:16:48.939+0000][23984][gc,cpu       ] GC(209) User=0.11s Sys=0.00s Real=0.00s
[2020-09-03T11:16:48.939+0000][23984][gc           ] GC(210) Concurrent Cycle
[2020-09-03T11:16:48.939+0000][23984][safepoint    ] Safepoint "G1TryInitiateConcMark", Time since last: 121507100 ns, Reaching safepoint: 146400 ns, At safepoint: 4918900 ns, Total: 5065300 ns
[2020-09-03T11:16:48.939+0000][23984][gc,marking   ] GC(210) Concurrent Clear Claimed Marks
[2020-09-03T11:16:48.940+0000][23984][gc,marking   ] GC(210) Concurrent Clear Claimed Marks 0.473ms
[2020-09-03T11:16:48.940+0000][23984][gc,marking   ] GC(210) Concurrent Scan Root Regions
[2020-09-03T11:16:48.942+0000][23984][gc,marking   ] GC(210) Concurrent Scan Root Regions 2.268ms
[2020-09-03T11:16:48.942+0000][23984][gc,marking   ] GC(210) Concurrent Mark (157.944s)
[2020-09-03T11:16:48.942+0000][23984][gc,marking   ] GC(210) Concurrent Mark From Roots
[2020-09-03T11:16:48.942+0000][23984][gc,task      ] GC(210) Using 2 workers of 2 for marking
[2020-09-03T11:16:49.062+0000][23984][gc,marking   ] GC(210) Concurrent Mark From Roots 120.254ms
[2020-09-03T11:16:49.062+0000][23984][gc,marking   ] GC(210) Concurrent Preclean
[2020-09-03T11:16:49.063+0000][23984][gc,marking   ] GC(210) Concurrent Preclean 0.603ms
[2020-09-03T11:16:49.063+0000][23984][gc,marking   ] GC(210) Concurrent Mark (157.944s, 158.065s) 121.032ms
[2020-09-03T11:16:49.063+0000][23984][gc,start     ] GC(210) Pause Remark
[2020-09-03T11:16:49.069+0000][23984][gc           ] GC(210) Pause Remark 317M->317M(1024M) 5.560ms
[2020-09-03T11:16:49.069+0000][23984][gc,cpu       ] GC(210) User=0.00s Sys=0.00s Real=0.01s
[2020-09-03T11:16:49.069+0000][23984][safepoint    ] Safepoint "G1Concurrent", Time since last: 124064800 ns, Reaching safepoint: 158000 ns, At safepoint: 5765700 ns, Total: 5923700 ns
[2020-09-03T11:16:49.069+0000][23984][gc,marking   ] GC(210) Concurrent Rebuild Remembered Sets
[2020-09-03T11:16:49.149+0000][23984][gc,marking   ] GC(210) Concurrent Rebuild Remembered Sets 79.915ms
[2020-09-03T11:16:49.149+0000][23984][gc,start     ] GC(210) Pause Cleanup
[2020-09-03T11:16:49.150+0000][23984][gc           ] GC(210) Pause Cleanup 390M->390M(1024M) 0.286ms
[2020-09-03T11:16:49.150+0000][23984][gc,cpu       ] GC(210) User=0.00s Sys=0.00s Real=0.00s
[2020-09-03T11:16:49.150+0000][23984][safepoint    ] Safepoint "G1Concurrent", Time since last: 80067800 ns, Reaching safepoint: 186700 ns, At safepoint: 433100 ns, Total: 619800 ns
[2020-09-03T11:16:49.150+0000][23984][gc,marking   ] GC(210) Concurrent Cleanup for Next Mark
[2020-09-03T11:16:49.152+0000][23984][gc,marking   ] GC(210) Concurrent Cleanup for Next Mark 1.674ms
[2020-09-03T11:16:49.152+0000][23984][gc           ] GC(210) Concurrent Cycle 212.552ms
[2020-09-03T11:16:49.304+0000][23984][gc,start     ] GC(211) Pause Young (Concurrent Start) (G1 Humongous Allocation)
[2020-09-03T11:16:49.304+0000][23984][gc,task      ] GC(211) Using 8 workers of 8 for evacuation
[2020-09-03T11:16:49.304+0000][23984][gc,age       ] GC(211) Desired survivor size 33030144 bytes, new threshold 15 (max threshold 15)
[2020-09-03T11:16:49.308+0000][23984][gc,age       ] GC(211) Age table with threshold 15 (max threshold 15)
[2020-09-03T11:16:49.308+0000][23984][gc,age       ] GC(211) - age   1:    3185408 bytes,    3185408 total
[2020-09-03T11:16:49.308+0000][23984][gc,age       ] GC(211) - age   2:     407312 bytes,    3592720 total
[2020-09-03T11:16:49.308+0000][23984][gc,age       ] GC(211) - age   3:     201824 bytes,    3794544 total
[2020-09-03T11:16:49.308+0000][23984][gc,age       ] GC(211) - age   4:       4928 bytes,    3799472 total
[2020-09-03T11:16:49.308+0000][23984][gc,age       ] GC(211) - age   5:        832 bytes,    3800304 total
[2020-09-03T11:16:49.308+0000][23984][gc,age       ] GC(211) - age   6:      11640 bytes,    3811944 total
[2020-09-03T11:16:49.308+0000][23984][gc,age       ] GC(211) - age   7:      11016 bytes,    3822960 total
[2020-09-03T11:16:49.308+0000][23984][gc,age       ] GC(211) - age   8:        592 bytes,    3823552 total
[2020-09-03T11:16:49.308+0000][23984][gc,age       ] GC(211) - age   9:      11296 bytes,    3834848 total
[2020-09-03T11:16:49.308+0000][23984][gc,age       ] GC(211) - age  10:       1536 bytes,    3836384 total
[2020-09-03T11:16:49.308+0000][23984][gc,age       ] GC(211) - age  11:       1016 bytes,    3837400 total
[2020-09-03T11:16:49.308+0000][23984][gc,age       ] GC(211) - age  12:       1160 bytes,    3838560 total
[2020-09-03T11:16:49.309+0000][23984][gc,age       ] GC(211) - age  13:       1176 bytes,    3839736 total
[2020-09-03T11:16:49.309+0000][23984][gc,age       ] GC(211) - age  14:        536 bytes,    3840272 total
[2020-09-03T11:16:49.309+0000][23984][gc,age       ] GC(211) - age  15:        960 bytes,    3841232 total
[2020-09-03T11:16:49.309+0000][23984][gc,phases    ] GC(211)   Pre Evacuate Collection Set: 0.5ms
[2020-09-03T11:16:49.309+0000][23984][gc,phases    ] GC(211)   Merge Heap Roots: 0.1ms
[2020-09-03T11:16:49.309+0000][23984][gc,phases    ] GC(211)   Evacuate Collection Set: 2.2ms
[2020-09-03T11:16:49.309+0000][23984][gc,phases    ] GC(211)   Post Evacuate Collection Set: 0.9ms
[2020-09-03T11:16:49.309+0000][23984][gc,phases    ] GC(211)   Other: 1.1ms
[2020-09-03T11:16:49.309+0000][23984][gc,heap      ] GC(211) Eden regions: 43->0(498)
[2020-09-03T11:16:49.309+0000][23984][gc,heap      ] GC(211) Survivor regions: 4->4(63)
[2020-09-03T11:16:49.309+0000][23984][gc,heap      ] GC(211) Old regions: 77->77
[2020-09-03T11:16:49.309+0000][23984][gc,heap      ] GC(211) Archive regions: 0->0
[2020-09-03T11:16:49.309+0000][23984][gc,heap      ] GC(211) Humongous regions: 278->174
[2020-09-03T11:16:49.309+0000][23984][gc,metaspace ] GC(211) Metaspace: 86073K(92544K)->86073K(92544K) NonClass: 75065K(78848K)->75065K(78848K) Class: 11007K(13696K)->11007K(13696K)
[2020-09-03T11:16:49.309+0000][23984][gc           ] GC(211) Pause Young (Concurrent Start) (G1 Humongous Allocation) 400M->254M(1024M) 5.186ms
[2020-09-03T11:16:49.309+0000][23984][gc,cpu       ] GC(211) User=0.00s Sys=0.00s Real=0.01s
[2020-09-03T11:16:49.309+0000][23984][gc           ] GC(212) Concurrent Cycle
[2020-09-03T11:16:49.309+0000][23984][safepoint    ] Safepoint "G1TryInitiateConcMark", Time since last: 153909300 ns, Reaching safepoint: 151300 ns, At safepoint: 5384300 ns, Total: 5535600 ns
[2020-09-03T11:16:49.309+0000][23984][gc,marking   ] GC(212) Concurrent Clear Claimed Marks
[2020-09-03T11:16:49.310+0000][23984][gc,marking   ] GC(212) Concurrent Clear Claimed Marks 0.725ms
[2020-09-03T11:16:49.310+0000][23984][gc,marking   ] GC(212) Concurrent Scan Root Regions
[2020-09-03T11:16:49.313+0000][23984][gc,marking   ] GC(212) Concurrent Scan Root Regions 2.785ms
[2020-09-03T11:16:49.313+0000][23984][gc,marking   ] GC(212) Concurrent Mark (158.315s)
[2020-09-03T11:16:49.313+0000][23984][gc,marking   ] GC(212) Concurrent Mark From Roots
[2020-09-03T11:16:49.313+0000][23984][gc,task      ] GC(212) Using 2 workers of 2 for marking
[2020-09-03T11:16:49.459+0000][23984][gc,marking   ] GC(212) Concurrent Mark From Roots 145.669ms
[2020-09-03T11:16:49.459+0000][23984][gc,marking   ] GC(212) Concurrent Preclean
[2020-09-03T11:16:49.459+0000][23984][gc,marking   ] GC(212) Concurrent Preclean 0.592ms
[2020-09-03T11:16:49.459+0000][23984][gc,marking   ] GC(212) Concurrent Mark (158.315s, 158.461s) 146.468ms
[2020-09-03T11:16:49.460+0000][23984][gc,start     ] GC(212) Pause Remark
[2020-09-03T11:16:49.465+0000][23984][gc           ] GC(212) Pause Remark 313M->313M(1024M) 5.623ms
[2020-09-03T11:16:49.465+0000][23984][gc,cpu       ] GC(212) User=0.00s Sys=0.00s Real=0.00s
[2020-09-03T11:16:49.466+0000][23984][safepoint    ] Safepoint "G1Concurrent", Time since last: 150344500 ns, Reaching safepoint: 152300 ns, At safepoint: 5841500 ns, Total: 5993800 ns
[2020-09-03T11:16:49.466+0000][23984][gc,marking   ] GC(212) Concurrent Rebuild Remembered Sets
[2020-09-03T11:16:49.562+0000][23984][gc,marking   ] GC(212) Concurrent Rebuild Remembered Sets 96.845ms
[2020-09-03T11:16:49.563+0000][23984][gc,start     ] GC(212) Pause Cleanup
[2020-09-03T11:16:49.563+0000][23984][gc           ] GC(212) Pause Cleanup 326M->326M(1024M) 0.291ms
[2020-09-03T11:16:49.563+0000][23984][gc,cpu       ] GC(212) User=0.00s Sys=0.00s Real=0.00s
[2020-09-03T11:16:49.563+0000][23984][safepoint    ] Safepoint "G1Concurrent", Time since last: 97093100 ns, Reaching safepoint: 154200 ns, At safepoint: 459600 ns, Total: 613800 ns
[2020-09-03T11:16:49.563+0000][23984][gc,marking   ] GC(212) Concurrent Cleanup for Next Mark
[2020-09-03T11:16:49.565+0000][23984][gc,marking   ] GC(212) Concurrent Cleanup for Next Mark 1.814ms
[2020-09-03T11:16:49.565+0000][23984][gc           ] GC(212) Concurrent Cycle 256.059ms
[2020-09-03T11:16:49.607+0000][23984][gc,start     ] GC(213) Pause Young (Concurrent Start) (G1 Humongous Allocation)
[2020-09-03T11:16:49.607+0000][23984][gc,task      ] GC(213) Using 8 workers of 8 for evacuation
[2020-09-03T11:16:49.607+0000][23984][gc,age       ] GC(213) Desired survivor size 33030144 bytes, new threshold 15 (max threshold 15)
[2020-09-03T11:16:49.611+0000][23984][gc,age       ] GC(213) Age table with threshold 15 (max threshold 15)
[2020-09-03T11:16:49.611+0000][23984][gc,age       ] GC(213) - age   1:    5194960 bytes,    5194960 total
[2020-09-03T11:16:49.611+0000][23984][gc,age       ] GC(213) - age   2:       2048 bytes,    5197008 total
[2020-09-03T11:16:49.611+0000][23984][gc,age       ] GC(213) - age   3:       2776 bytes,    5199784 total
[2020-09-03T11:16:49.612+0000][23984][gc,age       ] GC(213) - age   4:       1928 bytes,    5201712 total
[2020-09-03T11:16:49.612+0000][23984][gc,age       ] GC(213) - age   5:       2960 bytes,    5204672 total
[2020-09-03T11:16:49.612+0000][23984][gc,age       ] GC(213) - age   6:        736 bytes,    5205408 total
[2020-09-03T11:16:49.612+0000][23984][gc,age       ] GC(213) - age   7:      11512 bytes,    5216920 total
[2020-09-03T11:16:49.612+0000][23984][gc,age       ] GC(213) - age   8:      10952 bytes,    5227872 total
[2020-09-03T11:16:49.612+0000][23984][gc,age       ] GC(213) - age   9:        560 bytes,    5228432 total
[2020-09-03T11:16:49.612+0000][23984][gc,age       ] GC(213) - age  10:      11296 bytes,    5239728 total
[2020-09-03T11:16:49.612+0000][23984][gc,age       ] GC(213) - age  11:       1376 bytes,    5241104 total
[2020-09-03T11:16:49.612+0000][23984][gc,age       ] GC(213) - age  12:       1016 bytes,    5242120 total
[2020-09-03T11:16:49.612+0000][23984][gc,age       ] GC(213) - age  13:       1160 bytes,    5243280 total
[2020-09-03T11:16:49.612+0000][23984][gc,age       ] GC(213) - age  14:       1176 bytes,    5244456 total
[2020-09-03T11:16:49.612+0000][23984][gc,age       ] GC(213) - age  15:        536 bytes,    5244992 total
[2020-09-03T11:16:49.612+0000][23984][gc,phases    ] GC(213)   Pre Evacuate Collection Set: 0.5ms
[2020-09-03T11:16:49.612+0000][23984][gc,phases    ] GC(213)   Merge Heap Roots: 0.1ms
[2020-09-03T11:16:49.612+0000][23984][gc,phases    ] GC(213)   Evacuate Collection Set: 2.3ms
[2020-09-03T11:16:49.612+0000][23984][gc,phases    ] GC(213)   Post Evacuate Collection Set: 0.9ms
[2020-09-03T11:16:49.612+0000][23984][gc,phases    ] GC(213)   Other: 1.2ms
[2020-09-03T11:16:49.612+0000][23984][gc,heap      ] GC(213) Eden regions: 34->0(495)
[2020-09-03T11:16:49.612+0000][23984][gc,heap      ] GC(213) Survivor regions: 4->6(63)
[2020-09-03T11:16:49.612+0000][23984][gc,heap      ] GC(213) Old regions: 77->77
[2020-09-03T11:16:49.612+0000][23984][gc,heap      ] GC(213) Archive regions: 0->0
[2020-09-03T11:16:49.612+0000][23984][gc,heap      ] GC(213) Humongous regions: 230->175
[2020-09-03T11:16:49.612+0000][23984][gc,metaspace ] GC(213) Metaspace: 86081K(92544K)->86081K(92544K) NonClass: 75073K(78848K)->75073K(78848K) Class: 11007K(13696K)->11007K(13696K)
[2020-09-03T11:16:49.613+0000][23984][gc           ] GC(213) Pause Young (Concurrent Start) (G1 Humongous Allocation) 344M->256M(1024M) 5.454ms
[2020-09-03T11:16:49.613+0000][23984][gc,cpu       ] GC(213) User=0.00s Sys=0.00s Real=0.01s
[2020-09-03T11:16:49.613+0000][23984][gc           ] GC(214) Concurrent Cycle
[2020-09-03T11:16:49.613+0000][23984][gc,marking   ] GC(214) Concurrent Clear Claimed Marks
[2020-09-03T11:16:49.613+0000][23984][gc,marking   ] GC(214) Concurrent Clear Claimed Marks 0.378ms
[2020-09-03T11:16:49.613+0000][23984][gc,marking   ] GC(214) Concurrent Scan Root Regions
[2020-09-03T11:16:49.614+0000][23984][safepoint    ] Safepoint "G1TryInitiateConcMark", Time since last: 43671200 ns, Reaching safepoint: 186200 ns, At safepoint: 6753700 ns, Total: 6939900 ns
[2020-09-03T11:16:49.615+0000][23984][gc,marking   ] GC(214) Concurrent Scan Root Regions 1.428ms
[2020-09-03T11:16:49.615+0000][23984][gc,marking   ] GC(214) Concurrent Mark (158.617s)
[2020-09-03T11:16:49.615+0000][23984][gc,marking   ] GC(214) Concurrent Mark From Roots
[2020-09-03T11:16:49.615+0000][23984][gc,task      ] GC(214) Using 2 workers of 2 for marking
[2020-09-03T11:16:49.784+0000][23984][gc,marking   ] GC(214) Concurrent Mark From Roots 169.156ms
[2020-09-03T11:16:49.784+0000][23984][gc,marking   ] GC(214) Concurrent Preclean
[2020-09-03T11:16:49.785+0000][23984][gc,marking   ] GC(214) Concurrent Preclean 0.707ms
[2020-09-03T11:16:49.785+0000][23984][gc,marking   ] GC(214) Concurrent Mark (158.617s, 158.787s) 170.067ms
[2020-09-03T11:16:49.786+0000][23984][gc,start     ] GC(214) Pause Remark
[2020-09-03T11:16:49.791+0000][23984][gc           ] GC(214) Pause Remark 503M->503M(1024M) 5.674ms
[2020-09-03T11:16:49.791+0000][23984][gc,cpu       ] GC(214) User=0.00s Sys=0.00s Real=0.00s
[2020-09-03T11:16:49.791+0000][23984][safepoint    ] Safepoint "G1Concurrent", Time since last: 171110300 ns, Reaching safepoint: 563700 ns, At safepoint: 5919500 ns, Total: 6483200 ns
[2020-09-03T11:16:49.792+0000][23984][gc,marking   ] GC(214) Concurrent Rebuild Remembered Sets
[2020-09-03T11:16:49.892+0000][23984][gc,marking   ] GC(214) Concurrent Rebuild Remembered Sets 100.894ms
[2020-09-03T11:16:49.893+0000][23984][gc,start     ] GC(214) Pause Cleanup
[2020-09-03T11:16:49.893+0000][23984][gc           ] GC(214) Pause Cleanup 511M->511M(1024M) 0.334ms
[2020-09-03T11:16:49.893+0000][23984][gc,cpu       ] GC(214) User=0.00s Sys=0.00s Real=0.00s
[2020-09-03T11:16:49.893+0000][23984][safepoint    ] Safepoint "G1Concurrent", Time since last: 101124100 ns, Reaching safepoint: 189200 ns, At safepoint: 512200 ns, Total: 701400 ns
[2020-09-03T11:16:49.893+0000][23984][gc,marking   ] GC(214) Concurrent Cleanup for Next Mark
[2020-09-03T11:16:49.895+0000][23984][gc,marking   ] GC(214) Concurrent Cleanup for Next Mark 1.925ms
[2020-09-03T11:16:49.895+0000][23984][gc           ] GC(214) Concurrent Cycle 282.613ms
[2020-09-03T11:16:49.925+0000][23984][gc,start     ] GC(215) Pause Young (Concurrent Start) (G1 Humongous Allocation)
[2020-09-03T11:16:49.925+0000][23984][gc,task      ] GC(215) Using 8 workers of 8 for evacuation
[2020-09-03T11:16:49.925+0000][23984][gc,age       ] GC(215) Desired survivor size 33030144 bytes, new threshold 15 (max threshold 15)
[2020-09-03T11:16:49.929+0000][23984][gc,age       ] GC(215) Age table with threshold 15 (max threshold 15)
[2020-09-03T11:16:49.929+0000][23984][gc,age       ] GC(215) - age   1:    4176744 bytes,    4176744 total
[2020-09-03T11:16:49.929+0000][23984][gc,age       ] GC(215) - age   2:      20192 bytes,    4196936 total
[2020-09-03T11:16:49.929+0000][23984][gc,age       ] GC(215) - age   3:       1512 bytes,    4198448 total
[2020-09-03T11:16:49.929+0000][23984][gc,age       ] GC(215) - age   4:       1296 bytes,    4199744 total
[2020-09-03T11:16:49.930+0000][23984][gc,age       ] GC(215) - age   5:       1672 bytes,    4201416 total
[2020-09-03T11:16:49.930+0000][23984][gc,age       ] GC(215) - age   6:       2864 bytes,    4204280 total
[2020-09-03T11:16:49.930+0000][23984][gc,age       ] GC(215) - age   7:        736 bytes,    4205016 total
[2020-09-03T11:16:49.930+0000][23984][gc,age       ] GC(215) - age   8:      11512 bytes,    4216528 total
[2020-09-03T11:16:49.930+0000][23984][gc,age       ] GC(215) - age   9:      10952 bytes,    4227480 total
[2020-09-03T11:16:49.930+0000][23984][gc,age       ] GC(215) - age  10:        560 bytes,    4228040 total
[2020-09-03T11:16:49.930+0000][23984][gc,age       ] GC(215) - age  11:      11296 bytes,    4239336 total
[2020-09-03T11:16:49.930+0000][23984][gc,age       ] GC(215) - age  12:       1376 bytes,    4240712 total
[2020-09-03T11:16:49.930+0000][23984][gc,age       ] GC(215) - age  13:       1016 bytes,    4241728 total
[2020-09-03T11:16:49.930+0000][23984][gc,age       ] GC(215) - age  14:       1160 bytes,    4242888 total
[2020-09-03T11:16:49.930+0000][23984][gc,age       ] GC(215) - age  15:       1176 bytes,    4244064 total
[2020-09-03T11:16:49.930+0000][23984][gc,phases    ] GC(215)   Pre Evacuate Collection Set: 0.5ms
[2020-09-03T11:16:49.930+0000][23984][gc,phases    ] GC(215)   Merge Heap Roots: 0.1ms
[2020-09-03T11:16:49.930+0000][23984][gc,phases    ] GC(215)   Evacuate Collection Set: 2.4ms
[2020-09-03T11:16:49.930+0000][23984][gc,phases    ] GC(215)   Post Evacuate Collection Set: 1.3ms
[2020-09-03T11:16:49.930+0000][23984][gc,phases    ] GC(215)   Other: 1.1ms
[2020-09-03T11:16:49.930+0000][23984][gc,heap      ] GC(215) Eden regions: 63->0(475)
[2020-09-03T11:16:49.930+0000][23984][gc,heap      ] GC(215) Survivor regions: 6->5(63)
[2020-09-03T11:16:49.930+0000][23984][gc,heap      ] GC(215) Old regions: 77->77
[2020-09-03T11:16:49.930+0000][23984][gc,heap      ] GC(215) Archive regions: 0->0
[2020-09-03T11:16:49.930+0000][23984][gc,heap      ] GC(215) Humongous regions: 371->174
[2020-09-03T11:16:49.930+0000][23984][gc,metaspace ] GC(215) Metaspace: 86081K(92544K)->86081K(92544K) NonClass: 75073K(78848K)->75073K(78848K) Class: 11007K(13696K)->11007K(13696K)
[2020-09-03T11:16:49.930+0000][23984][gc           ] GC(215) Pause Young (Concurrent Start) (G1 Humongous Allocation) 515M->254M(1024M) 5.845ms
[2020-09-03T11:16:49.930+0000][23984][gc,cpu       ] GC(215) User=0.00s Sys=0.00s Real=0.01s
[2020-09-03T11:16:49.931+0000][23984][gc           ] GC(216) Concurrent Cycle
[2020-09-03T11:16:49.931+0000][23984][safepoint    ] Safepoint "G1TryInitiateConcMark", Time since last: 31038900 ns, Reaching safepoint: 162400 ns, At safepoint: 6066600 ns, Total: 6229000 ns
[2020-09-03T11:16:49.931+0000][23984][gc,marking   ] GC(216) Concurrent Clear Claimed Marks
[2020-09-03T11:16:49.931+0000][23984][gc,marking   ] GC(216) Concurrent Clear Claimed Marks 0.437ms
[2020-09-03T11:16:49.931+0000][23984][gc,marking   ] GC(216) Concurrent Scan Root Regions
[2020-09-03T11:16:49.934+0000][23984][gc,marking   ] GC(216) Concurrent Scan Root Regions 2.560ms
[2020-09-03T11:16:49.934+0000][23984][gc,marking   ] GC(216) Concurrent Mark (158.936s)
[2020-09-03T11:16:49.934+0000][23984][gc,marking   ] GC(216) Concurrent Mark From Roots
[2020-09-03T11:16:49.934+0000][23984][gc,task      ] GC(216) Using 2 workers of 2 for marking
[2020-09-03T11:16:50.087+0000][23984][gc,marking   ] GC(216) Concurrent Mark From Roots 152.846ms
[2020-09-03T11:16:50.087+0000][23984][gc,marking   ] GC(216) Concurrent Preclean
[2020-09-03T11:16:50.087+0000][23984][gc,marking   ] GC(216) Concurrent Preclean 0.656ms
[2020-09-03T11:16:50.088+0000][23984][gc,marking   ] GC(216) Concurrent Mark (158.936s, 159.089s) 153.714ms
[2020-09-03T11:16:50.088+0000][23984][gc,start     ] GC(216) Pause Remark
[2020-09-03T11:16:50.093+0000][23984][gc           ] GC(216) Pause Remark 330M->330M(1024M) 5.613ms
[2020-09-03T11:16:50.093+0000][23984][gc,cpu       ] GC(216) User=0.13s Sys=0.00s Real=0.00s
[2020-09-03T11:16:50.094+0000][23984][safepoint    ] Safepoint "G1Concurrent", Time since last: 157011400 ns, Reaching safepoint: 139500 ns, At safepoint: 5831800 ns, Total: 5971300 ns
[2020-09-03T11:16:50.094+0000][23984][gc,marking   ] GC(216) Concurrent Rebuild Remembered Sets
[2020-09-03T11:16:50.184+0000][23984][gc,marking   ] GC(216) Concurrent Rebuild Remembered Sets 90.783ms
[2020-09-03T11:16:50.185+0000][23984][gc,start     ] GC(216) Pause Cleanup
[2020-09-03T11:16:50.185+0000][23984][gc           ] GC(216) Pause Cleanup 532M->532M(1024M) 0.396ms
[2020-09-03T11:16:50.185+0000][23984][gc,cpu       ] GC(216) User=0.00s Sys=0.00s Real=0.00s
[2020-09-03T11:16:50.189+0000][23984][safepoint    ] Safepoint "G1Concurrent", Time since last: 90963400 ns, Reaching safepoint: 291600 ns, At safepoint: 4415700 ns, Total: 4707300 ns
[2020-09-03T11:16:50.189+0000][23984][gc,marking   ] GC(216) Concurrent Cleanup for Next Mark
[2020-09-03T11:16:50.191+0000][23984][gc,marking   ] GC(216) Concurrent Cleanup for Next Mark 1.784ms
[2020-09-03T11:16:50.191+0000][23984][gc           ] GC(216) Concurrent Cycle 260.706ms
[2020-09-03T11:16:50.200+0000][23984][gc,start     ] GC(217) Pause Young (Concurrent Start) (G1 Humongous Allocation)
[2020-09-03T11:16:50.200+0000][23984][gc,task      ] GC(217) Using 8 workers of 8 for evacuation
[2020-09-03T11:16:50.200+0000][23984][gc,age       ] GC(217) Desired survivor size 31457280 bytes, new threshold 15 (max threshold 15)
[2020-09-03T11:16:50.204+0000][23984][gc,age       ] GC(217) Age table with threshold 15 (max threshold 15)
[2020-09-03T11:16:50.204+0000][23984][gc,age       ] GC(217) - age   1:    7010256 bytes,    7010256 total
[2020-09-03T11:16:50.204+0000][23984][gc,age       ] GC(217) - age   2:       1736 bytes,    7011992 total
[2020-09-03T11:16:50.204+0000][23984][gc,age       ] GC(217) - age   3:      11616 bytes,    7023608 total
[2020-09-03T11:16:50.204+0000][23984][gc,age       ] GC(217) - age   4:       1144 bytes,    7024752 total
[2020-09-03T11:16:50.204+0000][23984][gc,age       ] GC(217) - age   5:       1200 bytes,    7025952 total
[2020-09-03T11:16:50.204+0000][23984][gc,age       ] GC(217) - age   6:       1360 bytes,    7027312 total
[2020-09-03T11:16:50.204+0000][23984][gc,age       ] GC(217) - age   7:       2480 bytes,    7029792 total
[2020-09-03T11:16:50.204+0000][23984][gc,age       ] GC(217) - age   8:        736 bytes,    7030528 total
[2020-09-03T11:16:50.204+0000][23984][gc,age       ] GC(217) - age   9:      11448 bytes,    7041976 total
[2020-09-03T11:16:50.204+0000][23984][gc,age       ] GC(217) - age  10:      10952 bytes,    7052928 total
[2020-09-03T11:16:50.204+0000][23984][gc,age       ] GC(217) - age  11:        560 bytes,    7053488 total
[2020-09-03T11:16:50.204+0000][23984][gc,age       ] GC(217) - age  12:      11296 bytes,    7064784 total
[2020-09-03T11:16:50.204+0000][23984][gc,age       ] GC(217) - age  13:       1376 bytes,    7066160 total
[2020-09-03T11:16:50.204+0000][23984][gc,age       ] GC(217) - age  14:        952 bytes,    7067112 total
[2020-09-03T11:16:50.205+0000][23984][gc,age       ] GC(217) - age  15:       1160 bytes,    7068272 total
[2020-09-03T11:16:50.205+0000][23984][gc,phases    ] GC(217)   Pre Evacuate Collection Set: 0.4ms
[2020-09-03T11:16:50.205+0000][23984][gc,phases    ] GC(217)   Merge Heap Roots: 0.1ms
[2020-09-03T11:16:50.205+0000][23984][gc,phases    ] GC(217)   Evacuate Collection Set: 2.5ms
[2020-09-03T11:16:50.205+0000][23984][gc,phases    ] GC(217)   Post Evacuate Collection Set: 1.0ms
[2020-09-03T11:16:50.205+0000][23984][gc,phases    ] GC(217)   Other: 1.0ms
[2020-09-03T11:16:50.205+0000][23984][gc,heap      ] GC(217) Eden regions: 80->0(476)
[2020-09-03T11:16:50.205+0000][23984][gc,heap      ] GC(217) Survivor regions: 5->7(60)
[2020-09-03T11:16:50.205+0000][23984][gc,heap      ] GC(217) Old regions: 77->77
[2020-09-03T11:16:50.205+0000][23984][gc,heap      ] GC(217) Archive regions: 0->0
[2020-09-03T11:16:50.205+0000][23984][gc,heap      ] GC(217) Humongous regions: 382->174
[2020-09-03T11:16:50.205+0000][23984][gc,metaspace ] GC(217) Metaspace: 86092K(92544K)->86092K(92544K) NonClass: 75084K(78848K)->75084K(78848K) Class: 11007K(13696K)->11007K(13696K)
[2020-09-03T11:16:50.205+0000][23984][gc           ] GC(217) Pause Young (Concurrent Start) (G1 Humongous Allocation) 542M->257M(1024M) 5.457ms
[2020-09-03T11:16:50.205+0000][23984][gc,cpu       ] GC(217) User=0.13s Sys=0.00s Real=0.00s
[2020-09-03T11:16:50.205+0000][23984][gc           ] GC(218) Concurrent Cycle
[2020-09-03T11:16:50.205+0000][23984][safepoint    ] Safepoint "G1TryInitiateConcMark", Time since last: 10133100 ns, Reaching safepoint: 181700 ns, At safepoint: 5643900 ns, Total: 5825600 ns
[2020-09-03T11:16:50.205+0000][23984][gc,marking   ] GC(218) Concurrent Clear Claimed Marks
[2020-09-03T11:16:50.206+0000][23984][gc,marking   ] GC(218) Concurrent Clear Claimed Marks 0.581ms
[2020-09-03T11:16:50.206+0000][23984][gc,marking   ] GC(218) Concurrent Scan Root Regions
[2020-09-03T11:16:50.208+0000][23984][gc,marking   ] GC(218) Concurrent Scan Root Regions 2.421ms
[2020-09-03T11:16:50.208+0000][23984][gc,marking   ] GC(218) Concurrent Mark (159.210s)
[2020-09-03T11:16:50.209+0000][23984][gc,marking   ] GC(218) Concurrent Mark From Roots
[2020-09-03T11:16:50.209+0000][23984][gc,task      ] GC(218) Using 2 workers of 2 for marking
[2020-09-03T11:16:50.367+0000][23984][gc,marking   ] GC(218) Concurrent Mark From Roots 158.008ms
[2020-09-03T11:16:50.367+0000][23984][gc,marking   ] GC(218) Concurrent Preclean
[2020-09-03T11:16:50.367+0000][23984][gc,marking   ] GC(218) Concurrent Preclean 0.575ms
[2020-09-03T11:16:50.367+0000][23984][gc,marking   ] GC(218) Concurrent Mark (159.210s, 159.369s) 158.778ms
[2020-09-03T11:16:50.368+0000][23984][gc,start     ] GC(218) Pause Remark
[2020-09-03T11:16:50.373+0000][23984][gc           ] GC(218) Pause Remark 318M->318M(1024M) 5.461ms
[2020-09-03T11:16:50.373+0000][23984][gc,cpu       ] GC(218) User=0.11s Sys=0.00s Real=0.00s
[2020-09-03T11:16:50.373+0000][23984][safepoint    ] Safepoint "G1Concurrent", Time since last: 162159100 ns, Reaching safepoint: 166900 ns, At safepoint: 5684400 ns, Total: 5851300 ns
[2020-09-03T11:16:50.373+0000][23984][gc,marking   ] GC(218) Concurrent Rebuild Remembered Sets
[2020-09-03T11:16:50.474+0000][23984][gc,marking   ] GC(218) Concurrent Rebuild Remembered Sets 100.973ms
[2020-09-03T11:16:50.475+0000][23984][gc,start     ] GC(218) Pause Cleanup
[2020-09-03T11:16:50.475+0000][23984][gc           ] GC(218) Pause Cleanup 326M->326M(1024M) 0.342ms
[2020-09-03T11:16:50.475+0000][23984][gc,cpu       ] GC(218) User=0.00s Sys=0.00s Real=0.00s
[2020-09-03T11:16:50.475+0000][23984][safepoint    ] Safepoint "G1Concurrent", Time since last: 101156600 ns, Reaching safepoint: 149800 ns, At safepoint: 601200 ns, Total: 751000 ns
[2020-09-03T11:16:50.475+0000][23984][gc,marking   ] GC(218) Concurrent Cleanup for Next Mark
[2020-09-03T11:16:50.477+0000][23984][gc,marking   ] GC(218) Concurrent Cleanup for Next Mark 1.806ms
[2020-09-03T11:16:50.477+0000][23984][gc           ] GC(218) Concurrent Cycle 271.940ms
[2020-09-03T11:16:50.488+0000][23984][gc,start     ] GC(219) Pause Young (Concurrent Start) (G1 Humongous Allocation)
[2020-09-03T11:16:50.488+0000][23984][gc,task      ] GC(219) Using 8 workers of 8 for evacuation
[2020-09-03T11:16:50.488+0000][23984][gc,age       ] GC(219) Desired survivor size 31981568 bytes, new threshold 15 (max threshold 15)
[2020-09-03T11:16:50.492+0000][23984][gc,age       ] GC(219) Age table with threshold 15 (max threshold 15)
[2020-09-03T11:16:50.492+0000][23984][gc,age       ] GC(219) - age   1:     448080 bytes,     448080 total
[2020-09-03T11:16:50.492+0000][23984][gc,age       ] GC(219) - age   2:    2471120 bytes,    2919200 total
[2020-09-03T11:16:50.492+0000][23984][gc,age       ] GC(219) - age   3:       1504 bytes,    2920704 total
[2020-09-03T11:16:50.492+0000][23984][gc,age       ] GC(219) - age   4:      11320 bytes,    2932024 total
[2020-09-03T11:16:50.492+0000][23984][gc,age       ] GC(219) - age   5:       1144 bytes,    2933168 total
[2020-09-03T11:16:50.492+0000][23984][gc,age       ] GC(219) - age   6:       1200 bytes,    2934368 total
[2020-09-03T11:16:50.492+0000][23984][gc,age       ] GC(219) - age   7:       1296 bytes,    2935664 total
[2020-09-03T11:16:50.492+0000][23984][gc,age       ] GC(219) - age   8:       2480 bytes,    2938144 total
[2020-09-03T11:16:50.492+0000][23984][gc,age       ] GC(219) - age   9:        736 bytes,    2938880 total
[2020-09-03T11:16:50.492+0000][23984][gc,age       ] GC(219) - age  10:      11448 bytes,    2950328 total
[2020-09-03T11:16:50.493+0000][23984][gc,age       ] GC(219) - age  11:      10952 bytes,    2961280 total
[2020-09-03T11:16:50.493+0000][23984][gc,age       ] GC(219) - age  12:        560 bytes,    2961840 total
[2020-09-03T11:16:50.493+0000][23984][gc,age       ] GC(219) - age  13:      11296 bytes,    2973136 total
[2020-09-03T11:16:50.493+0000][23984][gc,age       ] GC(219) - age  14:       1376 bytes,    2974512 total
[2020-09-03T11:16:50.493+0000][23984][gc,age       ] GC(219) - age  15:        952 bytes,    2975464 total
[2020-09-03T11:16:50.493+0000][23984][gc,phases    ] GC(219)   Pre Evacuate Collection Set: 0.4ms
[2020-09-03T11:16:50.493+0000][23984][gc,phases    ] GC(219)   Merge Heap Roots: 0.2ms
[2020-09-03T11:16:50.493+0000][23984][gc,phases    ] GC(219)   Evacuate Collection Set: 2.2ms
[2020-09-03T11:16:50.493+0000][23984][gc,phases    ] GC(219)   Post Evacuate Collection Set: 0.7ms
[2020-09-03T11:16:50.493+0000][23984][gc,phases    ] GC(219)   Other: 1.1ms
[2020-09-03T11:16:50.493+0000][23984][gc,heap      ] GC(219) Eden regions: 28->0(486)
[2020-09-03T11:16:50.493+0000][23984][gc,heap      ] GC(219) Survivor regions: 7->4(61)
[2020-09-03T11:16:50.493+0000][23984][gc,heap      ] GC(219) Old regions: 77->77
[2020-09-03T11:16:50.493+0000][23984][gc,heap      ] GC(219) Archive regions: 0->0
[2020-09-03T11:16:50.493+0000][23984][gc,heap      ] GC(219) Humongous regions: 230->174
[2020-09-03T11:16:50.493+0000][23984][gc,metaspace ] GC(219) Metaspace: 86092K(92544K)->86092K(92544K) NonClass: 75084K(78848K)->75084K(78848K) Class: 11007K(13696K)->11007K(13696K)
[2020-09-03T11:16:50.493+0000][23984][gc           ] GC(219) Pause Young (Concurrent Start) (G1 Humongous Allocation) 340M->253M(1024M) 5.066ms
[2020-09-03T11:16:50.493+0000][23984][gc,cpu       ] GC(219) User=0.00s Sys=0.00s Real=0.01s
[2020-09-03T11:16:50.493+0000][23984][gc           ] GC(220) Concurrent Cycle
[2020-09-03T11:16:50.493+0000][23984][safepoint    ] Safepoint "G1TryInitiateConcMark", Time since last: 12813400 ns, Reaching safepoint: 213700 ns, At safepoint: 5275000 ns, Total: 5488700 ns
[2020-09-03T11:16:50.493+0000][23984][gc,marking   ] GC(220) Concurrent Clear Claimed Marks
[2020-09-03T11:16:50.494+0000][23984][gc,marking   ] GC(220) Concurrent Clear Claimed Marks 0.637ms
[2020-09-03T11:16:50.494+0000][23984][gc,marking   ] GC(220) Concurrent Scan Root Regions
[2020-09-03T11:16:50.496+0000][23984][gc,marking   ] GC(220) Concurrent Scan Root Regions 1.835ms
[2020-09-03T11:16:50.496+0000][23984][gc,marking   ] GC(220) Concurrent Mark (159.498s)
[2020-09-03T11:16:50.496+0000][23984][gc,marking   ] GC(220) Concurrent Mark From Roots
[2020-09-03T11:16:50.496+0000][23984][gc,task      ] GC(220) Using 2 workers of 2 for marking
[2020-09-03T11:16:50.624+0000][23984][gc,marking   ] GC(220) Concurrent Mark From Roots 127.895ms
[2020-09-03T11:16:50.624+0000][23984][gc,marking   ] GC(220) Concurrent Preclean
[2020-09-03T11:16:50.625+0000][23984][gc,marking   ] GC(220) Concurrent Preclean 0.481ms
[2020-09-03T11:16:50.625+0000][23984][gc,marking   ] GC(220) Concurrent Mark (159.498s, 159.626s) 128.545ms
[2020-09-03T11:16:50.625+0000][23984][gc,start     ] GC(220) Pause Remark
[2020-09-03T11:16:50.631+0000][23984][gc           ] GC(220) Pause Remark 313M->313M(1024M) 6.144ms
[2020-09-03T11:16:50.631+0000][23984][gc,cpu       ] GC(220) User=0.00s Sys=0.00s Real=0.01s
[2020-09-03T11:16:50.631+0000][23984][safepoint    ] Safepoint "G1Concurrent", Time since last: 131389100 ns, Reaching safepoint: 171300 ns, At safepoint: 6346200 ns, Total: 6517500 ns
[2020-09-03T11:16:50.631+0000][23984][gc,marking   ] GC(220) Concurrent Rebuild Remembered Sets
[2020-09-03T11:16:50.723+0000][23984][gc,marking   ] GC(220) Concurrent Rebuild Remembered Sets 91.539ms
[2020-09-03T11:16:50.723+0000][23984][gc,start     ] GC(220) Pause Cleanup
[2020-09-03T11:16:50.724+0000][23984][gc           ] GC(220) Pause Cleanup 574M->574M(1024M) 0.297ms
[2020-09-03T11:16:50.724+0000][23984][gc,cpu       ] GC(220) User=0.00s Sys=0.00s Real=0.00s
[2020-09-03T11:16:50.724+0000][23984][safepoint    ] Safepoint "G1Concurrent", Time since last: 91714100 ns, Reaching safepoint: 176500 ns, At safepoint: 478800 ns, Total: 655300 ns
[2020-09-03T11:16:50.724+0000][23984][gc,marking   ] GC(220) Concurrent Cleanup for Next Mark
[2020-09-03T11:16:50.726+0000][23984][gc,marking   ] GC(220) Concurrent Cleanup for Next Mark 2.037ms
[2020-09-03T11:16:50.726+0000][23984][gc           ] GC(220) Concurrent Cycle 232.586ms
[2020-09-03T11:16:50.862+0000][23984][gc,start     ] GC(221) Pause Young (Concurrent Start) (G1 Humongous Allocation)
[2020-09-03T11:16:50.862+0000][23984][gc,task      ] GC(221) Using 8 workers of 8 for evacuation
[2020-09-03T11:16:50.863+0000][23984][gc,age       ] GC(221) Desired survivor size 32505856 bytes, new threshold 15 (max threshold 15)
[2020-09-03T11:16:50.866+0000][23984][gc,age       ] GC(221) Age table with threshold 15 (max threshold 15)
[2020-09-03T11:16:50.866+0000][23984][gc,age       ] GC(221) - age   1:    2846672 bytes,    2846672 total
[2020-09-03T11:16:50.866+0000][23984][gc,age       ] GC(221) - age   2:       1056 bytes,    2847728 total
[2020-09-03T11:16:50.866+0000][23984][gc,age       ] GC(221) - age   3:       3296 bytes,    2851024 total
[2020-09-03T11:16:50.866+0000][23984][gc,age       ] GC(221) - age   4:        288 bytes,    2851312 total
[2020-09-03T11:16:50.866+0000][23984][gc,age       ] GC(221) - age   5:      10600 bytes,    2861912 total
[2020-09-03T11:16:50.866+0000][23984][gc,age       ] GC(221) - age   6:       1112 bytes,    2863024 total
[2020-09-03T11:16:50.866+0000][23984][gc,age       ] GC(221) - age   7:       1040 bytes,    2864064 total
[2020-09-03T11:16:50.867+0000][23984][gc,age       ] GC(221) - age   8:       1296 bytes,    2865360 total
[2020-09-03T11:16:50.867+0000][23984][gc,age       ] GC(221) - age   9:       2384 bytes,    2867744 total
[2020-09-03T11:16:50.867+0000][23984][gc,age       ] GC(221) - age  10:        736 bytes,    2868480 total
[2020-09-03T11:16:50.867+0000][23984][gc,age       ] GC(221) - age  11:      11448 bytes,    2879928 total
[2020-09-03T11:16:50.867+0000][23984][gc,age       ] GC(221) - age  12:      10952 bytes,    2890880 total
[2020-09-03T11:16:50.867+0000][23984][gc,age       ] GC(221) - age  13:        560 bytes,    2891440 total
[2020-09-03T11:16:50.867+0000][23984][gc,age       ] GC(221) - age  14:      11296 bytes,    2902736 total
[2020-09-03T11:16:50.867+0000][23984][gc,age       ] GC(221) - age  15:       1376 bytes,    2904112 total
[2020-09-03T11:16:50.867+0000][23984][gc,phases    ] GC(221)   Pre Evacuate Collection Set: 0.5ms
[2020-09-03T11:16:50.867+0000][23984][gc,phases    ] GC(221)   Merge Heap Roots: 0.1ms
[2020-09-03T11:16:50.867+0000][23984][gc,phases    ] GC(221)   Evacuate Collection Set: 2.0ms
[2020-09-03T11:16:50.867+0000][23984][gc,phases    ] GC(221)   Post Evacuate Collection Set: 0.9ms
[2020-09-03T11:16:50.867+0000][23984][gc,phases    ] GC(221)   Other: 1.1ms
[2020-09-03T11:16:50.867+0000][23984][gc,heap      ] GC(221) Eden regions: 91->0(490)
[2020-09-03T11:16:50.867+0000][23984][gc,heap      ] GC(221) Survivor regions: 4->3(62)
[2020-09-03T11:16:50.867+0000][23984][gc,heap      ] GC(221) Old regions: 77->77
[2020-09-03T11:16:50.867+0000][23984][gc,heap      ] GC(221) Archive regions: 0->0
[2020-09-03T11:16:50.867+0000][23984][gc,heap      ] GC(221) Humongous regions: 422->174
[2020-09-03T11:16:50.867+0000][23984][gc,metaspace ] GC(221) Metaspace: 86103K(92544K)->86103K(92544K) NonClass: 75095K(78848K)->75095K(78848K) Class: 11007K(13696K)->11007K(13696K)
[2020-09-03T11:16:50.867+0000][23984][gc           ] GC(221) Pause Young (Concurrent Start) (G1 Humongous Allocation) 592M->253M(1024M) 4.889ms
[2020-09-03T11:16:50.867+0000][23984][gc,cpu       ] GC(221) User=0.00s Sys=0.00s Real=0.01s
[2020-09-03T11:16:50.867+0000][23984][gc           ] GC(222) Concurrent Cycle
[2020-09-03T11:16:50.867+0000][23984][safepoint    ] Safepoint "G1TryInitiateConcMark", Time since last: 138122100 ns, Reaching safepoint: 462600 ns, At safepoint: 5103400 ns, Total: 5566000 ns
[2020-09-03T11:16:50.867+0000][23984][gc,marking   ] GC(222) Concurrent Clear Claimed Marks
[2020-09-03T11:16:50.868+0000][23984][gc,marking   ] GC(222) Concurrent Clear Claimed Marks 0.523ms
[2020-09-03T11:16:50.868+0000][23984][gc,marking   ] GC(222) Concurrent Scan Root Regions
[2020-09-03T11:16:50.871+0000][23984][gc,marking   ] GC(222) Concurrent Scan Root Regions 2.723ms
[2020-09-03T11:16:50.871+0000][23984][gc,marking   ] GC(222) Concurrent Mark (159.873s)
[2020-09-03T11:16:50.871+0000][23984][gc,marking   ] GC(222) Concurrent Mark From Roots
[2020-09-03T11:16:50.871+0000][23984][gc,task      ] GC(222) Using 2 workers of 2 for marking
[2020-09-03T11:16:51.005+0000][23984][gc,marking   ] GC(222) Concurrent Mark From Roots 133.891ms
[2020-09-03T11:16:51.005+0000][23984][gc,marking   ] GC(222) Concurrent Preclean
[2020-09-03T11:16:51.006+0000][23984][gc,marking   ] GC(222) Concurrent Preclean 0.673ms
[2020-09-03T11:16:51.006+0000][23984][gc,marking   ] GC(222) Concurrent Mark (159.873s, 160.007s) 134.815ms
[2020-09-03T11:16:51.006+0000][23984][gc,start     ] GC(222) Pause Remark
[2020-09-03T11:16:51.012+0000][23984][gc           ] GC(222) Pause Remark 324M->324M(1024M) 5.883ms
[2020-09-03T11:16:51.012+0000][23984][gc,cpu       ] GC(222) User=0.00s Sys=0.00s Real=0.01s
[2020-09-03T11:16:51.012+0000][23984][safepoint    ] Safepoint "G1Concurrent", Time since last: 138404100 ns, Reaching safepoint: 142000 ns, At safepoint: 6096200 ns, Total: 6238200 ns
[2020-09-03T11:16:51.012+0000][23984][gc,marking   ] GC(222) Concurrent Rebuild Remembered Sets
[2020-09-03T11:16:51.097+0000][23984][gc,marking   ] GC(222) Concurrent Rebuild Remembered Sets 84.856ms
[2020-09-03T11:16:51.097+0000][23984][gc,start     ] GC(222) Pause Cleanup
[2020-09-03T11:16:51.098+0000][23984][gc           ] GC(222) Pause Cleanup 340M->340M(1024M) 0.373ms
[2020-09-03T11:16:51.098+0000][23984][gc,cpu       ] GC(222) User=0.00s Sys=0.00s Real=0.00s
[2020-09-03T11:16:51.098+0000][23984][safepoint    ] Safepoint "G1Concurrent", Time since last: 85069200 ns, Reaching safepoint: 169700 ns, At safepoint: 1202100 ns, Total: 1371800 ns
[2020-09-03T11:16:51.099+0000][23984][gc,marking   ] GC(222) Concurrent Cleanup for Next Mark
[2020-09-03T11:16:51.101+0000][23984][gc,marking   ] GC(222) Concurrent Cleanup for Next Mark 1.914ms
[2020-09-03T11:16:51.101+0000][23984][gc           ] GC(222) Concurrent Cycle 233.387ms
[2020-09-03T11:16:51.110+0000][23984][gc,start     ] GC(223) Pause Young (Concurrent Start) (G1 Humongous Allocation)
[2020-09-03T11:16:51.110+0000][23984][gc,task      ] GC(223) Using 8 workers of 8 for evacuation
[2020-09-03T11:16:51.110+0000][23984][gc,age       ] GC(223) Desired survivor size 32505856 bytes, new threshold 15 (max threshold 15)
[2020-09-03T11:16:51.115+0000][23984][gc,age       ] GC(223) Age table with threshold 15 (max threshold 15)
[2020-09-03T11:16:51.115+0000][23984][gc,age       ] GC(223) - age   1:   11481840 bytes,   11481840 total
[2020-09-03T11:16:51.115+0000][23984][gc,age       ] GC(223) - age   2:       3152 bytes,   11484992 total
[2020-09-03T11:16:51.115+0000][23984][gc,age       ] GC(223) - age   3:        720 bytes,   11485712 total
[2020-09-03T11:16:51.115+0000][23984][gc,age       ] GC(223) - age   4:       2600 bytes,   11488312 total
[2020-09-03T11:16:51.115+0000][23984][gc,age       ] GC(223) - age   5:        288 bytes,   11488600 total
[2020-09-03T11:16:51.115+0000][23984][gc,age       ] GC(223) - age   6:      10600 bytes,   11499200 total
[2020-09-03T11:16:51.116+0000][23984][gc,age       ] GC(223) - age   7:       1112 bytes,   11500312 total
[2020-09-03T11:16:51.116+0000][23984][gc,age       ] GC(223) - age   8:       1040 bytes,   11501352 total
[2020-09-03T11:16:51.116+0000][23984][gc,age       ] GC(223) - age   9:       1232 bytes,   11502584 total
[2020-09-03T11:16:51.116+0000][23984][gc,age       ] GC(223) - age  10:       2384 bytes,   11504968 total
[2020-09-03T11:16:51.116+0000][23984][gc,age       ] GC(223) - age  11:        736 bytes,   11505704 total
[2020-09-03T11:16:51.116+0000][23984][gc,age       ] GC(223) - age  12:      11448 bytes,   11517152 total
[2020-09-03T11:16:51.116+0000][23984][gc,age       ] GC(223) - age  13:      10952 bytes,   11528104 total
[2020-09-03T11:16:51.116+0000][23984][gc,age       ] GC(223) - age  14:        560 bytes,   11528664 total
[2020-09-03T11:16:51.116+0000][23984][gc,age       ] GC(223) - age  15:      11296 bytes,   11539960 total
[2020-09-03T11:16:51.116+0000][23984][gc,phases    ] GC(223)   Pre Evacuate Collection Set: 0.4ms
[2020-09-03T11:16:51.116+0000][23984][gc,phases    ] GC(223)   Merge Heap Roots: 0.1ms
[2020-09-03T11:16:51.116+0000][23984][gc,phases    ] GC(223)   Evacuate Collection Set: 3.5ms
[2020-09-03T11:16:51.116+0000][23984][gc,phases    ] GC(223)   Post Evacuate Collection Set: 0.8ms
[2020-09-03T11:16:51.116+0000][23984][gc,phases    ] GC(223)   Other: 1.0ms
[2020-09-03T11:16:51.116+0000][23984][gc,heap      ] GC(223) Eden regions: 52->0(476)
[2020-09-03T11:16:51.116+0000][23984][gc,heap      ] GC(223) Survivor regions: 3->12(62)
[2020-09-03T11:16:51.116+0000][23984][gc,heap      ] GC(223) Old regions: 77->77
[2020-09-03T11:16:51.116+0000][23984][gc,heap      ] GC(223) Archive regions: 0->0
[2020-09-03T11:16:51.116+0000][23984][gc,heap      ] GC(223) Humongous regions: 230->175
[2020-09-03T11:16:51.116+0000][23984][gc,metaspace ] GC(223) Metaspace: 86111K(92544K)->86111K(92544K) NonClass: 75103K(78848K)->75103K(78848K) Class: 11007K(13696K)->11007K(13696K)
[2020-09-03T11:16:51.116+0000][23984][gc           ] GC(223) Pause Young (Concurrent Start) (G1 Humongous Allocation) 360M->262M(1024M) 6.322ms
[2020-09-03T11:16:51.116+0000][23984][gc,cpu       ] GC(223) User=0.00s Sys=0.00s Real=0.01s
[2020-09-03T11:16:51.116+0000][23984][gc           ] GC(224) Concurrent Cycle
[2020-09-03T11:16:51.117+0000][23984][gc,marking   ] GC(224) Concurrent Clear Claimed Marks
[2020-09-03T11:16:51.117+0000][23984][safepoint    ] Safepoint "G1TryInitiateConcMark", Time since last: 11279300 ns, Reaching safepoint: 248500 ns, At safepoint: 6780300 ns, Total: 7028800 ns
[2020-09-03T11:16:51.117+0000][23984][gc,marking   ] GC(224) Concurrent Clear Claimed Marks 0.328ms
[2020-09-03T11:16:51.117+0000][23984][gc,marking   ] GC(224) Concurrent Scan Root Regions
[2020-09-03T11:16:51.120+0000][23984][gc,marking   ] GC(224) Concurrent Scan Root Regions 2.673ms
[2020-09-03T11:16:51.120+0000][23984][gc,marking   ] GC(224) Concurrent Mark (160.121s)
[2020-09-03T11:16:51.120+0000][23984][gc,marking   ] GC(224) Concurrent Mark From Roots
[2020-09-03T11:16:51.120+0000][23984][gc,task      ] GC(224) Using 2 workers of 2 for marking
[2020-09-03T11:16:51.273+0000][23984][gc,marking   ] GC(224) Concurrent Mark From Roots 153.552ms
[2020-09-03T11:16:51.273+0000][23984][gc,marking   ] GC(224) Concurrent Preclean
[2020-09-03T11:16:51.274+0000][23984][gc,marking   ] GC(224) Concurrent Preclean 0.863ms
[2020-09-03T11:16:51.274+0000][23984][gc,marking   ] GC(224) Concurrent Mark (160.121s, 160.276s) 154.626ms
[2020-09-03T11:16:51.275+0000][23984][gc,start     ] GC(224) Pause Remark
[2020-09-03T11:16:51.280+0000][23984][gc           ] GC(224) Pause Remark 504M->504M(1024M) 5.644ms
[2020-09-03T11:16:51.280+0000][23984][gc,cpu       ] GC(224) User=0.13s Sys=0.00s Real=0.00s
[2020-09-03T11:16:51.281+0000][23984][safepoint    ] Safepoint "G1Concurrent", Time since last: 157673700 ns, Reaching safepoint: 167500 ns, At safepoint: 5962500 ns, Total: 6130000 ns
[2020-09-03T11:16:51.281+0000][23984][gc,marking   ] GC(224) Concurrent Rebuild Remembered Sets
[2020-09-03T11:16:51.384+0000][23984][gc,marking   ] GC(224) Concurrent Rebuild Remembered Sets 103.074ms
[2020-09-03T11:16:51.384+0000][23984][gc,start     ] GC(224) Pause Cleanup
[2020-09-03T11:16:51.384+0000][23984][gc           ] GC(224) Pause Cleanup 508M->508M(1024M) 0.302ms
[2020-09-03T11:16:51.384+0000][23984][gc,cpu       ] GC(224) User=0.00s Sys=0.00s Real=0.00s
[2020-09-03T11:16:51.384+0000][23984][safepoint    ] Safepoint "G1Concurrent", Time since last: 103269800 ns, Reaching safepoint: 168200 ns, At safepoint: 491500 ns, Total: 659700 ns
[2020-09-03T11:16:51.385+0000][23984][gc,marking   ] GC(224) Concurrent Cleanup for Next Mark
[2020-09-03T11:16:51.386+0000][23984][gc,marking   ] GC(224) Concurrent Cleanup for Next Mark 1.670ms
[2020-09-03T11:16:51.386+0000][23984][gc           ] GC(224) Concurrent Cycle 269.888ms
[2020-09-03T11:16:51.452+0000][23984][gc,start     ] GC(225) Pause Young (Concurrent Start) (G1 Humongous Allocation)
[2020-09-03T11:16:51.452+0000][23984][gc,task      ] GC(225) Using 8 workers of 8 for evacuation
[2020-09-03T11:16:51.452+0000][23984][gc,age       ] GC(225) Desired survivor size 31981568 bytes, new threshold 15 (max threshold 15)
[2020-09-03T11:16:51.456+0000][23984][gc,age       ] GC(225) Age table with threshold 15 (max threshold 15)
[2020-09-03T11:16:51.456+0000][23984][gc,age       ] GC(225) - age   1:     705848 bytes,     705848 total
[2020-09-03T11:16:51.456+0000][23984][gc,age       ] GC(225) - age   2:    2446072 bytes,    3151920 total
[2020-09-03T11:16:51.456+0000][23984][gc,age       ] GC(225) - age   3:       2552 bytes,    3154472 total
[2020-09-03T11:16:51.456+0000][23984][gc,age       ] GC(225) - age   4:        456 bytes,    3154928 total
[2020-09-03T11:16:51.456+0000][23984][gc,age       ] GC(225) - age   5:       2344 bytes,    3157272 total
[2020-09-03T11:16:51.456+0000][23984][gc,age       ] GC(225) - age   6:        288 bytes,    3157560 total
[2020-09-03T11:16:51.456+0000][23984][gc,age       ] GC(225) - age   7:      10600 bytes,    3168160 total
[2020-09-03T11:16:51.456+0000][23984][gc,age       ] GC(225) - age   8:       1112 bytes,    3169272 total
[2020-09-03T11:16:51.456+0000][23984][gc,age       ] GC(225) - age   9:       1040 bytes,    3170312 total
[2020-09-03T11:16:51.456+0000][23984][gc,age       ] GC(225) - age  10:       1232 bytes,    3171544 total
[2020-09-03T11:16:51.457+0000][23984][gc,age       ] GC(225) - age  11:       2384 bytes,    3173928 total
[2020-09-03T11:16:51.457+0000][23984][gc,age       ] GC(225) - age  12:        736 bytes,    3174664 total
[2020-09-03T11:16:51.457+0000][23984][gc,age       ] GC(225) - age  13:      11448 bytes,    3186112 total
[2020-09-03T11:16:51.457+0000][23984][gc,age       ] GC(225) - age  14:      10952 bytes,    3197064 total
[2020-09-03T11:16:51.457+0000][23984][gc,age       ] GC(225) - age  15:        560 bytes,    3197624 total
[2020-09-03T11:16:51.457+0000][23984][gc,phases    ] GC(225)   Pre Evacuate Collection Set: 0.4ms
[2020-09-03T11:16:51.457+0000][23984][gc,phases    ] GC(225)   Merge Heap Roots: 0.1ms
[2020-09-03T11:16:51.457+0000][23984][gc,phases    ] GC(225)   Evacuate Collection Set: 2.0ms
[2020-09-03T11:16:51.457+0000][23984][gc,phases    ] GC(225)   Post Evacuate Collection Set: 0.9ms
[2020-09-03T11:16:51.457+0000][23984][gc,phases    ] GC(225)   Other: 1.1ms
[2020-09-03T11:16:51.457+0000][23984][gc,heap      ] GC(225) Eden regions: 57->0(491)
[2020-09-03T11:16:51.457+0000][23984][gc,heap      ] GC(225) Survivor regions: 12->4(61)
[2020-09-03T11:16:51.457+0000][23984][gc,heap      ] GC(225) Old regions: 77->77
[2020-09-03T11:16:51.457+0000][23984][gc,heap      ] GC(225) Archive regions: 0->0
[2020-09-03T11:16:51.457+0000][23984][gc,heap      ] GC(225) Humongous regions: 375->174
[2020-09-03T11:16:51.457+0000][23984][gc,metaspace ] GC(225) Metaspace: 86111K(92544K)->86111K(92544K) NonClass: 75103K(78848K)->75103K(78848K) Class: 11007K(13696K)->11007K(13696K)
[2020-09-03T11:16:51.457+0000][23984][gc           ] GC(225) Pause Young (Concurrent Start) (G1 Humongous Allocation) 518M->254M(1024M) 5.110ms
[2020-09-03T11:16:51.457+0000][23984][gc,cpu       ] GC(225) User=0.00s Sys=0.00s Real=0.01s
[2020-09-03T11:16:51.457+0000][23984][safepoint    ] Safepoint "G1TryInitiateConcMark", Time since last: 67511700 ns, Reaching safepoint: 172700 ns, At safepoint: 5334100 ns, Total: 5506800 ns
[2020-09-03T11:16:51.457+0000][23984][gc           ] GC(226) Concurrent Cycle
[2020-09-03T11:16:51.458+0000][23984][gc,marking   ] GC(226) Concurrent Clear Claimed Marks
[2020-09-03T11:16:51.458+0000][23984][gc,marking   ] GC(226) Concurrent Clear Claimed Marks 0.586ms
[2020-09-03T11:16:51.458+0000][23984][gc,marking   ] GC(226) Concurrent Scan Root Regions
[2020-09-03T11:16:51.461+0000][23984][gc,marking   ] GC(226) Concurrent Scan Root Regions 2.506ms
[2020-09-03T11:16:51.461+0000][23984][gc,marking   ] GC(226) Concurrent Mark (160.463s)
[2020-09-03T11:16:51.461+0000][23984][gc,marking   ] GC(226) Concurrent Mark From Roots
[2020-09-03T11:16:51.461+0000][23984][gc,task      ] GC(226) Using 2 workers of 2 for marking
[2020-09-03T11:16:51.600+0000][23984][gc,marking   ] GC(226) Concurrent Mark From Roots 139.247ms
[2020-09-03T11:16:51.600+0000][23984][gc,marking   ] GC(226) Concurrent Preclean
[2020-09-03T11:16:51.601+0000][23984][gc,marking   ] GC(226) Concurrent Preclean 0.711ms
[2020-09-03T11:16:51.601+0000][23984][gc,marking   ] GC(226) Concurrent Mark (160.463s, 160.603s) 140.201ms
[2020-09-03T11:16:51.602+0000][23984][gc,start     ] GC(226) Pause Remark
[2020-09-03T11:16:51.608+0000][23984][gc           ] GC(226) Pause Remark 323M->323M(1024M) 5.960ms
[2020-09-03T11:16:51.608+0000][23984][gc,cpu       ] GC(226) User=0.11s Sys=0.00s Real=0.01s
[2020-09-03T11:16:51.608+0000][23984][safepoint    ] Safepoint "G1Concurrent", Time since last: 143800100 ns, Reaching safepoint: 180200 ns, At safepoint: 6264200 ns, Total: 6444400 ns
[2020-09-03T11:16:51.608+0000][23984][gc,marking   ] GC(226) Concurrent Rebuild Remembered Sets
[2020-09-03T11:16:51.707+0000][23984][gc,marking   ] GC(226) Concurrent Rebuild Remembered Sets 99.194ms
[2020-09-03T11:16:51.708+0000][23984][gc,start     ] GC(226) Pause Cleanup
[2020-09-03T11:16:51.708+0000][23984][gc           ] GC(226) Pause Cleanup 339M->339M(1024M) 0.404ms
[2020-09-03T11:16:51.708+0000][23984][gc,cpu       ] GC(226) User=0.00s Sys=0.00s Real=0.00s
[2020-09-03T11:16:51.711+0000][23984][safepoint    ] Safepoint "G1Concurrent", Time since last: 99412300 ns, Reaching safepoint: 596600 ns, At safepoint: 3338200 ns, Total: 3934800 ns
[2020-09-03T11:16:51.711+0000][23984][gc,marking   ] GC(226) Concurrent Cleanup for Next Mark
[2020-09-03T11:16:51.713+0000][23984][gc,marking   ] GC(226) Concurrent Cleanup for Next Mark 2.062ms
[2020-09-03T11:16:51.713+0000][23984][gc           ] GC(226) Concurrent Cycle 255.915ms
[2020-09-03T11:16:51.767+0000][23984][gc,start     ] GC(227) Pause Young (Concurrent Start) (G1 Humongous Allocation)
[2020-09-03T11:16:51.767+0000][23984][gc,task      ] GC(227) Using 8 workers of 8 for evacuation
[2020-09-03T11:16:51.767+0000][23984][gc,age       ] GC(227) Desired survivor size 32505856 bytes, new threshold 15 (max threshold 15)
[2020-09-03T11:16:51.771+0000][23984][gc,age       ] GC(227) Age table with threshold 15 (max threshold 15)
[2020-09-03T11:16:51.771+0000][23984][gc,age       ] GC(227) - age   1:    5069928 bytes,    5069928 total
[2020-09-03T11:16:51.771+0000][23984][gc,age       ] GC(227) - age   2:       1408 bytes,    5071336 total
[2020-09-03T11:16:51.771+0000][23984][gc,age       ] GC(227) - age   3:       1936 bytes,    5073272 total
[2020-09-03T11:16:51.771+0000][23984][gc,age       ] GC(227) - age   4:        752 bytes,    5074024 total
[2020-09-03T11:16:51.771+0000][23984][gc,age       ] GC(227) - age   5:        456 bytes,    5074480 total
[2020-09-03T11:16:51.771+0000][23984][gc,age       ] GC(227) - age   6:       2280 bytes,    5076760 total
[2020-09-03T11:16:51.771+0000][23984][gc,age       ] GC(227) - age   7:        256 bytes,    5077016 total
[2020-09-03T11:16:51.771+0000][23984][gc,age       ] GC(227) - age   8:      10600 bytes,    5087616 total
[2020-09-03T11:16:51.771+0000][23984][gc,age       ] GC(227) - age   9:       1048 bytes,    5088664 total
[2020-09-03T11:16:51.771+0000][23984][gc,age       ] GC(227) - age  10:        912 bytes,    5089576 total
[2020-09-03T11:16:51.771+0000][23984][gc,age       ] GC(227) - age  11:       1168 bytes,    5090744 total
[2020-09-03T11:16:51.771+0000][23984][gc,age       ] GC(227) - age  12:       2352 bytes,    5093096 total
[2020-09-03T11:16:51.771+0000][23984][gc,age       ] GC(227) - age  13:        736 bytes,    5093832 total
[2020-09-03T11:16:51.771+0000][23984][gc,age       ] GC(227) - age  14:      11448 bytes,    5105280 total
[2020-09-03T11:16:51.771+0000][23984][gc,age       ] GC(227) - age  15:      10952 bytes,    5116232 total
[2020-09-03T11:16:51.771+0000][23984][gc,phases    ] GC(227)   Pre Evacuate Collection Set: 0.5ms
[2020-09-03T11:16:51.771+0000][23984][gc,phases    ] GC(227)   Merge Heap Roots: 0.1ms
[2020-09-03T11:16:51.771+0000][23984][gc,phases    ] GC(227)   Evacuate Collection Set: 2.2ms
[2020-09-03T11:16:51.771+0000][23984][gc,phases    ] GC(227)   Post Evacuate Collection Set: 0.7ms
[2020-09-03T11:16:51.771+0000][23984][gc,phases    ] GC(227)   Other: 1.0ms
[2020-09-03T11:16:51.771+0000][23984][gc,heap      ] GC(227) Eden regions: 44->0(490)
[2020-09-03T11:16:51.771+0000][23984][gc,heap      ] GC(227) Survivor regions: 4->6(62)
[2020-09-03T11:16:51.771+0000][23984][gc,heap      ] GC(227) Old regions: 77->77
[2020-09-03T11:16:51.771+0000][23984][gc,heap      ] GC(227) Archive regions: 0->0
[2020-09-03T11:16:51.772+0000][23984][gc,heap      ] GC(227) Humongous regions: 230->174
[2020-09-03T11:16:51.772+0000][23984][gc,metaspace ] GC(227) Metaspace: 86140K(92544K)->86140K(92544K) NonClass: 75132K(78848K)->75132K(78848K) Class: 11007K(13696K)->11007K(13696K)
[2020-09-03T11:16:51.772+0000][23984][gc           ] GC(227) Pause Young (Concurrent Start) (G1 Humongous Allocation) 353M->255M(1024M) 4.948ms
[2020-09-03T11:16:51.772+0000][23984][gc,cpu       ] GC(227) User=0.00s Sys=0.00s Real=0.01s
[2020-09-03T11:16:51.772+0000][23984][gc           ] GC(228) Concurrent Cycle
[2020-09-03T11:16:51.772+0000][23984][safepoint    ] Safepoint "G1TryInitiateConcMark", Time since last: 55234200 ns, Reaching safepoint: 269400 ns, At safepoint: 5144000 ns, Total: 5413400 ns
[2020-09-03T11:16:51.772+0000][23984][gc,marking   ] GC(228) Concurrent Clear Claimed Marks
[2020-09-03T11:16:51.772+0000][23984][gc,marking   ] GC(228) Concurrent Clear Claimed Marks 0.514ms
[2020-09-03T11:16:51.772+0000][23984][gc,marking   ] GC(228) Concurrent Scan Root Regions
[2020-09-03T11:16:51.775+0000][23984][gc,marking   ] GC(228) Concurrent Scan Root Regions 2.420ms
[2020-09-03T11:16:51.775+0000][23984][gc,marking   ] GC(228) Concurrent Mark (160.777s)
[2020-09-03T11:16:51.775+0000][23984][gc,marking   ] GC(228) Concurrent Mark From Roots
[2020-09-03T11:16:51.775+0000][23984][gc,task      ] GC(228) Using 2 workers of 2 for marking
[2020-09-03T11:16:51.934+0000][23984][gc,marking   ] GC(228) Concurrent Mark From Roots 158.778ms
[2020-09-03T11:16:51.934+0000][23984][gc,marking   ] GC(228) Concurrent Preclean
[2020-09-03T11:16:51.934+0000][23984][gc,marking   ] GC(228) Concurrent Preclean 0.609ms
[2020-09-03T11:16:51.934+0000][23984][gc,marking   ] GC(228) Concurrent Mark (160.777s, 160.936s) 159.538ms
[2020-09-03T11:16:51.935+0000][23984][gc,start     ] GC(228) Pause Remark
[2020-09-03T11:16:51.941+0000][23984][gc           ] GC(228) Pause Remark 429M->429M(1024M) 6.178ms
[2020-09-03T11:16:51.941+0000][23984][gc,cpu       ] GC(228) User=0.00s Sys=0.00s Real=0.01s
[2020-09-03T11:16:51.941+0000][23984][safepoint    ] Safepoint "G1Concurrent", Time since last: 162786600 ns, Reaching safepoint: 250800 ns, At safepoint: 6434900 ns, Total: 6685700 ns
[2020-09-03T11:16:51.941+0000][23984][gc,marking   ] GC(228) Concurrent Rebuild Remembered Sets
[2020-09-03T11:16:52.036+0000][23984][gc,marking   ] GC(228) Concurrent Rebuild Remembered Sets 95.025ms
[2020-09-03T11:16:52.037+0000][23984][gc,start     ] GC(228) Pause Cleanup
[2020-09-03T11:16:52.037+0000][23984][gc           ] GC(228) Pause Cleanup 432M->432M(1024M) 0.339ms
[2020-09-03T11:16:52.037+0000][23984][gc,cpu       ] GC(228) User=0.00s Sys=0.00s Real=0.00s
[2020-09-03T11:16:52.037+0000][23984][safepoint    ] Safepoint "G1Concurrent", Time since last: 95234400 ns, Reaching safepoint: 162900 ns, At safepoint: 513100 ns, Total: 676000 ns
[2020-09-03T11:16:52.037+0000][23984][gc,marking   ] GC(228) Concurrent Cleanup for Next Mark
[2020-09-03T11:16:52.039+0000][23984][gc,marking   ] GC(228) Concurrent Cleanup for Next Mark 1.886ms
[2020-09-03T11:16:52.039+0000][23984][gc           ] GC(228) Concurrent Cycle 267.497ms
[2020-09-03T11:16:52.292+0000][23984][gc,start     ] GC(229) Pause Young (Concurrent Start) (G1 Humongous Allocation)
[2020-09-03T11:16:52.293+0000][23984][gc,task      ] GC(229) Using 8 workers of 8 for evacuation
[2020-09-03T11:16:52.293+0000][23984][gc,age       ] GC(229) Desired survivor size 32505856 bytes, new threshold 15 (max threshold 15)
[2020-09-03T11:16:52.297+0000][23984][gc,age       ] GC(229) Age table with threshold 15 (max threshold 15)
[2020-09-03T11:16:52.297+0000][23984][gc,age       ] GC(229) - age   1:    3401952 bytes,    3401952 total
[2020-09-03T11:16:52.297+0000][23984][gc,age       ] GC(229) - age   2:      10480 bytes,    3412432 total
[2020-09-03T11:16:52.297+0000][23984][gc,age       ] GC(229) - age   3:        992 bytes,    3413424 total
[2020-09-03T11:16:52.297+0000][23984][gc,age       ] GC(229) - age   4:       1376 bytes,    3414800 total
[2020-09-03T11:16:52.297+0000][23984][gc,age       ] GC(229) - age   5:        584 bytes,    3415384 total
[2020-09-03T11:16:52.297+0000][23984][gc,age       ] GC(229) - age   6:        456 bytes,    3415840 total
[2020-09-03T11:16:52.298+0000][23984][gc,age       ] GC(229) - age   7:       2248 bytes,    3418088 total
[2020-09-03T11:16:52.298+0000][23984][gc,age       ] GC(229) - age   8:        256 bytes,    3418344 total
[2020-09-03T11:16:52.298+0000][23984][gc,age       ] GC(229) - age   9:      10600 bytes,    3428944 total
[2020-09-03T11:16:52.298+0000][23984][gc,age       ] GC(229) - age  10:        888 bytes,    3429832 total
[2020-09-03T11:16:52.298+0000][23984][gc,age       ] GC(229) - age  11:        912 bytes,    3430744 total
[2020-09-03T11:16:52.298+0000][23984][gc,age       ] GC(229) - age  12:       1168 bytes,    3431912 total
[2020-09-03T11:16:52.298+0000][23984][gc,age       ] GC(229) - age  13:       2352 bytes,    3434264 total
[2020-09-03T11:16:52.298+0000][23984][gc,age       ] GC(229) - age  14:        736 bytes,    3435000 total
[2020-09-03T11:16:52.298+0000][23984][gc,age       ] GC(229) - age  15:      11384 bytes,    3446384 total
[2020-09-03T11:16:52.298+0000][23984][gc,phases    ] GC(229)   Pre Evacuate Collection Set: 0.5ms
[2020-09-03T11:16:52.298+0000][23984][gc,phases    ] GC(229)   Merge Heap Roots: 0.1ms
[2020-09-03T11:16:52.298+0000][23984][gc,phases    ] GC(229)   Evacuate Collection Set: 3.0ms
[2020-09-03T11:16:52.298+0000][23984][gc,phases    ] GC(229)   Post Evacuate Collection Set: 0.9ms
[2020-09-03T11:16:52.298+0000][23984][gc,phases    ] GC(229)   Other: 1.0ms
[2020-09-03T11:16:52.298+0000][23984][gc,heap      ] GC(229) Eden regions: 57->0(494)
[2020-09-03T11:16:52.298+0000][23984][gc,heap      ] GC(229) Survivor regions: 6->4(62)
[2020-09-03T11:16:52.298+0000][23984][gc,heap      ] GC(229) Old regions: 77->77
[2020-09-03T11:16:52.298+0000][23984][gc,heap      ] GC(229) Archive regions: 0->0
[2020-09-03T11:16:52.298+0000][23984][gc,heap      ] GC(229) Humongous regions: 314->174
[2020-09-03T11:16:52.298+0000][23984][gc,metaspace ] GC(229) Metaspace: 86140K(92544K)->86140K(92544K) NonClass: 75132K(78848K)->75132K(78848K) Class: 11007K(13696K)->11007K(13696K)
[2020-09-03T11:16:52.298+0000][23984][gc           ] GC(229) Pause Young (Concurrent Start) (G1 Humongous Allocation) 452M->254M(1024M) 5.803ms
[2020-09-03T11:16:52.298+0000][23984][gc,cpu       ] GC(229) User=0.11s Sys=0.00s Real=0.01s
[2020-09-03T11:16:52.298+0000][23984][gc           ] GC(230) Concurrent Cycle
[2020-09-03T11:16:52.298+0000][23984][safepoint    ] Safepoint "G1TryInitiateConcMark", Time since last: 255081700 ns, Reaching safepoint: 165100 ns, At safepoint: 6011400 ns, Total: 6176500 ns
[2020-09-03T11:16:52.298+0000][23984][gc,marking   ] GC(230) Concurrent Clear Claimed Marks
[2020-09-03T11:16:52.299+0000][23984][gc,marking   ] GC(230) Concurrent Clear Claimed Marks 0.458ms
[2020-09-03T11:16:52.299+0000][23984][gc,marking   ] GC(230) Concurrent Scan Root Regions
[2020-09-03T11:16:52.301+0000][23984][gc,marking   ] GC(230) Concurrent Scan Root Regions 2.425ms
[2020-09-03T11:16:52.302+0000][23984][gc,marking   ] GC(230) Concurrent Mark (161.303s)
[2020-09-03T11:16:52.302+0000][23984][gc,marking   ] GC(230) Concurrent Mark From Roots
[2020-09-03T11:16:52.302+0000][23984][gc,task      ] GC(230) Using 2 workers of 2 for marking
[2020-09-03T11:16:52.448+0000][23984][gc,marking   ] GC(230) Concurrent Mark From Roots 146.386ms
[2020-09-03T11:16:52.448+0000][23984][gc,marking   ] GC(230) Concurrent Preclean
[2020-09-03T11:16:52.449+0000][23984][gc,marking   ] GC(230) Concurrent Preclean 0.514ms
[2020-09-03T11:16:52.449+0000][23984][gc,marking   ] GC(230) Concurrent Mark (161.303s, 161.450s) 147.052ms
[2020-09-03T11:16:52.449+0000][23984][gc,start     ] GC(230) Pause Remark
[2020-09-03T11:16:52.455+0000][23984][gc           ] GC(230) Pause Remark 313M->313M(1024M) 5.872ms
[2020-09-03T11:16:52.455+0000][23984][gc,cpu       ] GC(230) User=0.09s Sys=0.00s Real=0.01s
[2020-09-03T11:16:52.455+0000][23984][safepoint    ] Safepoint "G1Concurrent", Time since last: 150274500 ns, Reaching safepoint: 155100 ns, At safepoint: 6076100 ns, Total: 6231200 ns
[2020-09-03T11:16:52.455+0000][23984][gc,marking   ] GC(230) Concurrent Rebuild Remembered Sets
[2020-09-03T11:16:52.547+0000][23984][gc,marking   ] GC(230) Concurrent Rebuild Remembered Sets 91.695ms
[2020-09-03T11:16:52.547+0000][23984][gc,start     ] GC(230) Pause Cleanup
[2020-09-03T11:16:52.547+0000][23984][gc           ] GC(230) Pause Cleanup 381M->381M(1024M) 0.312ms
[2020-09-03T11:16:52.547+0000][23984][gc,cpu       ] GC(230) User=0.00s Sys=0.00s Real=0.00s
[2020-09-03T11:16:52.547+0000][23984][safepoint    ] Safepoint "G1Concurrent", Time since last: 91853000 ns, Reaching safepoint: 146700 ns, At safepoint: 481900 ns, Total: 628600 ns
[2020-09-03T11:16:52.547+0000][23984][gc,marking   ] GC(230) Concurrent Cleanup for Next Mark
[2020-09-03T11:16:52.549+0000][23984][gc,marking   ] GC(230) Concurrent Cleanup for Next Mark 1.749ms
[2020-09-03T11:16:52.549+0000][23984][gc           ] GC(230) Concurrent Cycle 250.938ms
[2020-09-03T11:16:52.696+0000][23984][gc,start     ] GC(231) Pause Young (Concurrent Start) (G1 Humongous Allocation)
[2020-09-03T11:16:52.696+0000][23984][gc,task      ] GC(231) Using 8 workers of 8 for evacuation
[2020-09-03T11:16:52.696+0000][23984][gc,age       ] GC(231) Desired survivor size 33030144 bytes, new threshold 15 (max threshold 15)
[2020-09-03T11:16:52.700+0000][23984][gc,age       ] GC(231) Age table with threshold 15 (max threshold 15)
[2020-09-03T11:16:52.700+0000][23984][gc,age       ] GC(231) - age   1:    3208464 bytes,    3208464 total
[2020-09-03T11:16:52.700+0000][23984][gc,age       ] GC(231) - age   2:     201808 bytes,    3410272 total
[2020-09-03T11:16:52.700+0000][23984][gc,age       ] GC(231) - age   3:       7248 bytes,    3417520 total
[2020-09-03T11:16:52.700+0000][23984][gc,age       ] GC(231) - age   4:        728 bytes,    3418248 total
[2020-09-03T11:16:52.700+0000][23984][gc,age       ] GC(231) - age   5:       1248 bytes,    3419496 total
[2020-09-03T11:16:52.700+0000][23984][gc,age       ] GC(231) - age   6:        584 bytes,    3420080 total
[2020-09-03T11:16:52.700+0000][23984][gc,age       ] GC(231) - age   7:        360 bytes,    3420440 total
[2020-09-03T11:16:52.700+0000][23984][gc,age       ] GC(231) - age   8:       2248 bytes,    3422688 total
[2020-09-03T11:16:52.700+0000][23984][gc,age       ] GC(231) - age   9:        256 bytes,    3422944 total
[2020-09-03T11:16:52.700+0000][23984][gc,age       ] GC(231) - age  10:      10600 bytes,    3433544 total
[2020-09-03T11:16:52.700+0000][23984][gc,age       ] GC(231) - age  11:        888 bytes,    3434432 total
[2020-09-03T11:16:52.700+0000][23984][gc,age       ] GC(231) - age  12:        656 bytes,    3435088 total
[2020-09-03T11:16:52.700+0000][23984][gc,age       ] GC(231) - age  13:        880 bytes,    3435968 total
[2020-09-03T11:16:52.700+0000][23984][gc,age       ] GC(231) - age  14:       2352 bytes,    3438320 total
[2020-09-03T11:16:52.700+0000][23984][gc,age       ] GC(231) - age  15:        736 bytes,    3439056 total
[2020-09-03T11:16:52.700+0000][23984][gc,phases    ] GC(231)   Pre Evacuate Collection Set: 0.5ms
[2020-09-03T11:16:52.700+0000][23984][gc,phases    ] GC(231)   Merge Heap Roots: 0.1ms
[2020-09-03T11:16:52.700+0000][23984][gc,phases    ] GC(231)   Evacuate Collection Set: 2.3ms
[2020-09-03T11:16:52.700+0000][23984][gc,phases    ] GC(231)   Post Evacuate Collection Set: 0.7ms
[2020-09-03T11:16:52.700+0000][23984][gc,phases    ] GC(231)   Other: 0.8ms
[2020-09-03T11:16:52.700+0000][23984][gc,heap      ] GC(231) Eden regions: 43->0(496)
[2020-09-03T11:16:52.701+0000][23984][gc,heap      ] GC(231) Survivor regions: 4->4(63)
[2020-09-03T11:16:52.701+0000][23984][gc,heap      ] GC(231) Old regions: 77->77
[2020-09-03T11:16:52.701+0000][23984][gc,heap      ] GC(231) Archive regions: 0->0
[2020-09-03T11:16:52.701+0000][23984][gc,heap      ] GC(231) Humongous regions: 270->174
[2020-09-03T11:16:52.701+0000][23984][gc,metaspace ] GC(231) Metaspace: 86141K(92544K)->86141K(92544K) NonClass: 75133K(78848K)->75133K(78848K) Class: 11007K(13696K)->11007K(13696K)
[2020-09-03T11:16:52.701+0000][23984][gc           ] GC(231) Pause Young (Concurrent Start) (G1 Humongous Allocation) 392M->253M(1024M) 4.627ms
[2020-09-03T11:16:52.701+0000][23984][gc,cpu       ] GC(231) User=0.00s Sys=0.02s Real=0.00s
[2020-09-03T11:16:52.701+0000][23984][safepoint    ] Safepoint "G1TryInitiateConcMark", Time since last: 148532200 ns, Reaching safepoint: 130600 ns, At safepoint: 4790500 ns, Total: 4921100 ns
[2020-09-03T11:16:52.701+0000][23984][gc           ] GC(232) Concurrent Cycle
[2020-09-03T11:16:52.701+0000][23984][gc,marking   ] GC(232) Concurrent Clear Claimed Marks
[2020-09-03T11:16:52.701+0000][23984][gc,marking   ] GC(232) Concurrent Clear Claimed Marks 0.330ms
[2020-09-03T11:16:52.701+0000][23984][gc,marking   ] GC(232) Concurrent Scan Root Regions
[2020-09-03T11:16:52.704+0000][23984][gc,marking   ] GC(232) Concurrent Scan Root Regions 2.343ms
[2020-09-03T11:16:52.704+0000][23984][gc,marking   ] GC(232) Concurrent Mark (161.706s)
[2020-09-03T11:16:52.704+0000][23984][gc,marking   ] GC(232) Concurrent Mark From Roots
[2020-09-03T11:16:52.704+0000][23984][gc,task      ] GC(232) Using 2 workers of 2 for marking
[2020-09-03T11:16:52.800+0000][23984][gc,marking   ] GC(232) Concurrent Mark From Roots 96.304ms
[2020-09-03T11:16:52.800+0000][23984][gc,marking   ] GC(232) Concurrent Preclean
[2020-09-03T11:16:52.801+0000][23984][gc,marking   ] GC(232) Concurrent Preclean 0.478ms
[2020-09-03T11:16:52.801+0000][23984][gc,marking   ] GC(232) Concurrent Mark (161.706s, 161.803s) 96.937ms
[2020-09-03T11:16:52.801+0000][23984][gc,start     ] GC(232) Pause Remark
[2020-09-03T11:16:52.806+0000][23984][gc           ] GC(232) Pause Remark 312M->312M(1024M) 4.925ms
[2020-09-03T11:16:52.806+0000][23984][gc,cpu       ] GC(232) User=0.00s Sys=0.00s Real=0.00s
[2020-09-03T11:16:52.806+0000][23984][safepoint    ] Safepoint "G1Concurrent", Time since last: 100051400 ns, Reaching safepoint: 148500 ns, At safepoint: 5131900 ns, Total: 5280400 ns
[2020-09-03T11:16:52.806+0000][23984][gc,marking   ] GC(232) Concurrent Rebuild Remembered Sets
[2020-09-03T11:16:52.869+0000][23984][gc,marking   ] GC(232) Concurrent Rebuild Remembered Sets 62.699ms
[2020-09-03T11:16:52.869+0000][23984][gc,start     ] GC(232) Pause Cleanup
[2020-09-03T11:16:52.869+0000][23984][gc           ] GC(232) Pause Cleanup 313M->313M(1024M) 0.240ms
[2020-09-03T11:16:52.870+0000][23984][gc,cpu       ] GC(232) User=0.00s Sys=0.00s Real=0.00s
[2020-09-03T11:16:52.870+0000][23984][safepoint    ] Safepoint "G1Concurrent", Time since last: 62895800 ns, Reaching safepoint: 134100 ns, At safepoint: 384800 ns, Total: 518900 ns
[2020-09-03T11:16:52.870+0000][23984][gc,marking   ] GC(232) Concurrent Cleanup for Next Mark
[2020-09-03T11:16:52.871+0000][23984][gc,marking   ] GC(232) Concurrent Cleanup for Next Mark 1.486ms
[2020-09-03T11:16:52.871+0000][23984][gc           ] GC(232) Concurrent Cycle 170.603ms
[2020-09-03T11:16:52.955+0000][23984][gc,start     ] GC(233) Pause Young (Concurrent Start) (G1 Humongous Allocation)
[2020-09-03T11:16:52.955+0000][23984][gc,task      ] GC(233) Using 8 workers of 8 for evacuation
[2020-09-03T11:16:52.956+0000][23984][gc,age       ] GC(233) Desired survivor size 33030144 bytes, new threshold 15 (max threshold 15)
[2020-09-03T11:16:52.961+0000][23984][gc,age       ] GC(233) Age table with threshold 15 (max threshold 15)
[2020-09-03T11:16:52.961+0000][23984][gc,age       ] GC(233) - age   1:   13126624 bytes,   13126624 total
[2020-09-03T11:16:52.961+0000][23984][gc,age       ] GC(233) - age   2:       4000 bytes,   13130624 total
[2020-09-03T11:16:52.961+0000][23984][gc,age       ] GC(233) - age   3:       1560 bytes,   13132184 total
[2020-09-03T11:16:52.961+0000][23984][gc,age       ] GC(233) - age   4:       4272 bytes,   13136456 total
[2020-09-03T11:16:52.961+0000][23984][gc,age       ] GC(233) - age   5:        416 bytes,   13136872 total
[2020-09-03T11:16:52.961+0000][23984][gc,age       ] GC(233) - age   6:        624 bytes,   13137496 total
[2020-09-03T11:16:52.961+0000][23984][gc,age       ] GC(233) - age   7:        584 bytes,   13138080 total
[2020-09-03T11:16:52.961+0000][23984][gc,age       ] GC(233) - age   8:        360 bytes,   13138440 total
[2020-09-03T11:16:52.961+0000][23984][gc,age       ] GC(233) - age   9:       2248 bytes,   13140688 total
[2020-09-03T11:16:52.961+0000][23984][gc,age       ] GC(233) - age  10:        256 bytes,   13140944 total
[2020-09-03T11:16:52.961+0000][23984][gc,age       ] GC(233) - age  11:      10600 bytes,   13151544 total
[2020-09-03T11:16:52.961+0000][23984][gc,age       ] GC(233) - age  12:        888 bytes,   13152432 total
[2020-09-03T11:16:52.961+0000][23984][gc,age       ] GC(233) - age  13:        528 bytes,   13152960 total
[2020-09-03T11:16:52.961+0000][23984][gc,age       ] GC(233) - age  14:        880 bytes,   13153840 total
[2020-09-03T11:16:52.961+0000][23984][gc,age       ] GC(233) - age  15:       2160 bytes,   13156000 total
[2020-09-03T11:16:52.961+0000][23984][gc,phases    ] GC(233)   Pre Evacuate Collection Set: 0.4ms
[2020-09-03T11:16:52.961+0000][23984][gc,phases    ] GC(233)   Merge Heap Roots: 0.1ms
[2020-09-03T11:16:52.961+0000][23984][gc,phases    ] GC(233)   Evacuate Collection Set: 3.9ms
[2020-09-03T11:16:52.962+0000][23984][gc,phases    ] GC(233)   Post Evacuate Collection Set: 0.7ms
[2020-09-03T11:16:52.962+0000][23984][gc,phases    ] GC(233)   Other: 1.0ms
[2020-09-03T11:16:52.962+0000][23984][gc,heap      ] GC(233) Eden regions: 45->0(480)
[2020-09-03T11:16:52.962+0000][23984][gc,heap      ] GC(233) Survivor regions: 4->13(63)
[2020-09-03T11:16:52.962+0000][23984][gc,heap      ] GC(233) Old regions: 77->77
[2020-09-03T11:16:52.962+0000][23984][gc,heap      ] GC(233) Archive regions: 0->0
[2020-09-03T11:16:52.962+0000][23984][gc,heap      ] GC(233) Humongous regions: 230->174
[2020-09-03T11:16:52.962+0000][23984][gc,metaspace ] GC(233) Metaspace: 86159K(92800K)->86159K(92800K) NonClass: 75150K(79104K)->75150K(79104K) Class: 11009K(13696K)->11009K(13696K)
[2020-09-03T11:16:52.962+0000][23984][gc           ] GC(233) Pause Young (Concurrent Start) (G1 Humongous Allocation) 354M->263M(1024M) 6.339ms
[2020-09-03T11:16:52.962+0000][23984][gc,cpu       ] GC(233) User=0.00s Sys=0.00s Real=0.01s
[2020-09-03T11:16:52.962+0000][23984][gc           ] GC(234) Concurrent Cycle
[2020-09-03T11:16:52.962+0000][23984][safepoint    ] Safepoint "G1TryInitiateConcMark", Time since last: 85607500 ns, Reaching safepoint: 181100 ns, At safepoint: 6522200 ns, Total: 6703300 ns
[2020-09-03T11:16:52.962+0000][23984][gc,marking   ] GC(234) Concurrent Clear Claimed Marks
[2020-09-03T11:16:52.963+0000][23984][gc,marking   ] GC(234) Concurrent Clear Claimed Marks 0.675ms
[2020-09-03T11:16:52.963+0000][23984][gc,marking   ] GC(234) Concurrent Scan Root Regions
[2020-09-03T11:16:52.967+0000][23984][gc,marking   ] GC(234) Concurrent Scan Root Regions 3.877ms
[2020-09-03T11:16:52.967+0000][23984][gc,marking   ] GC(234) Concurrent Mark (161.969s)
[2020-09-03T11:16:52.967+0000][23984][gc,marking   ] GC(234) Concurrent Mark From Roots
[2020-09-03T11:16:52.967+0000][23984][gc,task      ] GC(234) Using 2 workers of 2 for marking
[2020-09-03T11:16:53.118+0000][23984][gc,marking   ] GC(234) Concurrent Mark From Roots 150.828ms
[2020-09-03T11:16:53.118+0000][23984][gc,marking   ] GC(234) Concurrent Preclean
[2020-09-03T11:16:53.118+0000][23984][gc,marking   ] GC(234) Concurrent Preclean 0.608ms
[2020-09-03T11:16:53.119+0000][23984][gc,marking   ] GC(234) Concurrent Mark (161.969s, 162.120s) 151.669ms
[2020-09-03T11:16:53.119+0000][23984][gc,start     ] GC(234) Pause Remark
[2020-09-03T11:16:53.124+0000][23984][gc           ] GC(234) Pause Remark 561M->561M(1024M) 5.457ms
[2020-09-03T11:16:53.124+0000][23984][gc,cpu       ] GC(234) User=0.11s Sys=0.00s Real=0.01s
[2020-09-03T11:16:53.124+0000][23984][safepoint    ] Safepoint "G1Concurrent", Time since last: 156749600 ns, Reaching safepoint: 174500 ns, At safepoint: 5704600 ns, Total: 5879100 ns
[2020-09-03T11:16:53.125+0000][23984][gc,marking   ] GC(234) Concurrent Rebuild Remembered Sets
[2020-09-03T11:16:53.199+0000][23984][gc,marking   ] GC(234) Concurrent Rebuild Remembered Sets 74.853ms
[2020-09-03T11:16:53.200+0000][23984][gc,start     ] GC(234) Pause Cleanup
[2020-09-03T11:16:53.200+0000][23984][gc           ] GC(234) Pause Cleanup 574M->574M(1024M) 0.230ms
[2020-09-03T11:16:53.200+0000][23984][gc,cpu       ] GC(234) User=0.00s Sys=0.00s Real=0.00s
[2020-09-03T11:16:53.200+0000][23984][safepoint    ] Safepoint "G1Concurrent", Time since last: 75049300 ns, Reaching safepoint: 171800 ns, At safepoint: 344900 ns, Total: 516700 ns
[2020-09-03T11:16:53.200+0000][23984][gc,marking   ] GC(234) Concurrent Cleanup for Next Mark
[2020-09-03T11:16:53.201+0000][23984][gc,marking   ] GC(234) Concurrent Cleanup for Next Mark 1.288ms
[2020-09-03T11:16:53.201+0000][23984][gc           ] GC(234) Concurrent Cycle 239.623ms
[2020-09-03T11:16:53.293+0000][23984][gc,start     ] GC(235) Pause Young (Concurrent Start) (G1 Humongous Allocation)
[2020-09-03T11:16:53.293+0000][23984][gc,task      ] GC(235) Using 8 workers of 8 for evacuation
[2020-09-03T11:16:53.293+0000][23984][gc,age       ] GC(235) Desired survivor size 32505856 bytes, new threshold 15 (max threshold 15)
[2020-09-03T11:16:53.298+0000][23984][gc,age       ] GC(235) Age table with threshold 15 (max threshold 15)
[2020-09-03T11:16:53.298+0000][23984][gc,age       ] GC(235) - age   1:   13519464 bytes,   13519464 total
[2020-09-03T11:16:53.298+0000][23984][gc,age       ] GC(235) - age   2:      35616 bytes,   13555080 total
[2020-09-03T11:16:53.298+0000][23984][gc,age       ] GC(235) - age   3:       3760 bytes,   13558840 total
[2020-09-03T11:16:53.298+0000][23984][gc,age       ] GC(235) - age   4:        992 bytes,   13559832 total
[2020-09-03T11:16:53.298+0000][23984][gc,age       ] GC(235) - age   5:       1080 bytes,   13560912 total
[2020-09-03T11:16:53.298+0000][23984][gc,age       ] GC(235) - age   6:        392 bytes,   13561304 total
[2020-09-03T11:16:53.299+0000][23984][gc,age       ] GC(235) - age   7:        624 bytes,   13561928 total
[2020-09-03T11:16:53.299+0000][23984][gc,age       ] GC(235) - age   8:        552 bytes,   13562480 total
[2020-09-03T11:16:53.299+0000][23984][gc,age       ] GC(235) - age   9:        360 bytes,   13562840 total
[2020-09-03T11:16:53.299+0000][23984][gc,age       ] GC(235) - age  10:       2248 bytes,   13565088 total
[2020-09-03T11:16:53.299+0000][23984][gc,age       ] GC(235) - age  11:        192 bytes,   13565280 total
[2020-09-03T11:16:53.299+0000][23984][gc,age       ] GC(235) - age  12:      10600 bytes,   13575880 total
[2020-09-03T11:16:53.299+0000][23984][gc,age       ] GC(235) - age  13:        888 bytes,   13576768 total
[2020-09-03T11:16:53.299+0000][23984][gc,age       ] GC(235) - age  14:        496 bytes,   13577264 total
[2020-09-03T11:16:53.299+0000][23984][gc,age       ] GC(235) - age  15:        880 bytes,   13578144 total
[2020-09-03T11:16:53.299+0000][23984][gc,phases    ] GC(235)   Pre Evacuate Collection Set: 0.3ms
[2020-09-03T11:16:53.299+0000][23984][gc,phases    ] GC(235)   Merge Heap Roots: 0.1ms
[2020-09-03T11:16:53.299+0000][23984][gc,phases    ] GC(235)   Evacuate Collection Set: 4.2ms
[2020-09-03T11:16:53.299+0000][23984][gc,phases    ] GC(235)   Post Evacuate Collection Set: 0.9ms
[2020-09-03T11:16:53.299+0000][23984][gc,phases    ] GC(235)   Other: 0.8ms
[2020-09-03T11:16:53.299+0000][23984][gc,heap      ] GC(235) Eden regions: 97->0(475)
[2020-09-03T11:16:53.299+0000][23984][gc,heap      ] GC(235) Survivor regions: 13->14(62)
[2020-09-03T11:16:53.299+0000][23984][gc,heap      ] GC(235) Old regions: 77->77
[2020-09-03T11:16:53.299+0000][23984][gc,heap      ] GC(235) Archive regions: 0->0
[2020-09-03T11:16:53.299+0000][23984][gc,heap      ] GC(235) Humongous regions: 422->174
[2020-09-03T11:16:53.299+0000][23984][gc,metaspace ] GC(235) Metaspace: 86166K(92800K)->86166K(92800K) NonClass: 75156K(79104K)->75156K(79104K) Class: 11009K(13696K)->11009K(13696K)
[2020-09-03T11:16:53.299+0000][23984][gc           ] GC(235) Pause Young (Concurrent Start) (G1 Humongous Allocation) 608M->264M(1024M) 6.579ms
[2020-09-03T11:16:53.299+0000][23984][gc,cpu       ] GC(235) User=0.09s Sys=0.00s Real=0.01s
[2020-09-03T11:16:53.299+0000][23984][safepoint    ] Safepoint "G1TryInitiateConcMark", Time since last: 92284600 ns, Reaching safepoint: 171800 ns, At safepoint: 6744900 ns, Total: 6916700 ns
[2020-09-03T11:16:53.299+0000][23984][gc           ] GC(236) Concurrent Cycle
[2020-09-03T11:16:53.299+0000][23984][gc,marking   ] GC(236) Concurrent Clear Claimed Marks
[2020-09-03T11:16:53.300+0000][23984][gc,marking   ] GC(236) Concurrent Clear Claimed Marks 0.635ms
[2020-09-03T11:16:53.300+0000][23984][gc,marking   ] GC(236) Concurrent Scan Root Regions
[2020-09-03T11:16:53.304+0000][23984][gc,marking   ] GC(236) Concurrent Scan Root Regions 3.864ms
[2020-09-03T11:16:53.304+0000][23984][gc,marking   ] GC(236) Concurrent Mark (162.306s)
[2020-09-03T11:16:53.304+0000][23984][gc,marking   ] GC(236) Concurrent Mark From Roots
[2020-09-03T11:16:53.304+0000][23984][gc,task      ] GC(236) Using 2 workers of 2 for marking
[2020-09-03T11:16:53.447+0000][23984][gc,marking   ] GC(236) Concurrent Mark From Roots 142.887ms
[2020-09-03T11:16:53.447+0000][23984][gc,marking   ] GC(236) Concurrent Preclean
[2020-09-03T11:16:53.448+0000][23984][gc,marking   ] GC(236) Concurrent Preclean 0.619ms
[2020-09-03T11:16:53.448+0000][23984][gc,marking   ] GC(236) Concurrent Mark (162.306s, 162.450s) 143.730ms
[2020-09-03T11:16:53.448+0000][23984][gc,start     ] GC(236) Pause Remark
[2020-09-03T11:16:53.453+0000][23984][gc           ] GC(236) Pause Remark 511M->511M(1024M) 4.619ms
[2020-09-03T11:16:53.453+0000][23984][gc,cpu       ] GC(236) User=0.13s Sys=0.00s Real=0.01s
[2020-09-03T11:16:53.453+0000][23984][safepoint    ] Safepoint "G1Concurrent", Time since last: 148720900 ns, Reaching safepoint: 130900 ns, At safepoint: 4874100 ns, Total: 5005000 ns
[2020-09-03T11:16:53.453+0000][23984][gc,marking   ] GC(236) Concurrent Rebuild Remembered Sets
[2020-09-03T11:16:53.537+0000][23984][gc,marking   ] GC(236) Concurrent Rebuild Remembered Sets 84.216ms
[2020-09-03T11:16:53.538+0000][23984][gc,start     ] GC(236) Pause Cleanup
[2020-09-03T11:16:53.538+0000][23984][gc           ] GC(236) Pause Cleanup 585M->585M(1024M) 0.320ms
[2020-09-03T11:16:53.538+0000][23984][gc,cpu       ] GC(236) User=0.00s Sys=0.00s Real=0.00s
[2020-09-03T11:16:53.538+0000][23984][safepoint    ] Safepoint "G1Concurrent", Time since last: 84405300 ns, Reaching safepoint: 168700 ns, At safepoint: 469700 ns, Total: 638400 ns
[2020-09-03T11:16:53.538+0000][23984][gc,marking   ] GC(236) Concurrent Cleanup for Next Mark
[2020-09-03T11:16:53.540+0000][23984][gc,marking   ] GC(236) Concurrent Cleanup for Next Mark 1.512ms
[2020-09-03T11:16:53.540+0000][23984][gc           ] GC(236) Concurrent Cycle 240.444ms
[2020-09-03T11:16:53.633+0000][23984][gc,start     ] GC(237) Pause Young (Concurrent Start) (G1 Humongous Allocation)
[2020-09-03T11:16:53.633+0000][23984][gc,task      ] GC(237) Using 8 workers of 8 for evacuation
[2020-09-03T11:16:53.633+0000][23984][gc,age       ] GC(237) Desired survivor size 32505856 bytes, new threshold 15 (max threshold 15)
[2020-09-03T11:16:53.637+0000][23984][gc,age       ] GC(237) Age table with threshold 15 (max threshold 15)
[2020-09-03T11:16:53.637+0000][23984][gc,age       ] GC(237) - age   1:    3898656 bytes,    3898656 total
[2020-09-03T11:16:53.637+0000][23984][gc,age       ] GC(237) - age   2:      18096 bytes,    3916752 total
[2020-09-03T11:16:53.637+0000][23984][gc,age       ] GC(237) - age   3:      35408 bytes,    3952160 total
[2020-09-03T11:16:53.637+0000][23984][gc,age       ] GC(237) - age   4:       3000 bytes,    3955160 total
[2020-09-03T11:16:53.637+0000][23984][gc,age       ] GC(237) - age   5:        960 bytes,    3956120 total
[2020-09-03T11:16:53.637+0000][23984][gc,age       ] GC(237) - age   6:       1016 bytes,    3957136 total
[2020-09-03T11:16:53.637+0000][23984][gc,age       ] GC(237) - age   7:        392 bytes,    3957528 total
[2020-09-03T11:16:53.637+0000][23984][gc,age       ] GC(237) - age   8:        592 bytes,    3958120 total
[2020-09-03T11:16:53.637+0000][23984][gc,age       ] GC(237) - age   9:        552 bytes,    3958672 total
[2020-09-03T11:16:53.637+0000][23984][gc,age       ] GC(237) - age  10:        360 bytes,    3959032 total
[2020-09-03T11:16:53.637+0000][23984][gc,age       ] GC(237) - age  11:       2184 bytes,    3961216 total
[2020-09-03T11:16:53.637+0000][23984][gc,age       ] GC(237) - age  12:        192 bytes,    3961408 total
[2020-09-03T11:16:53.637+0000][23984][gc,age       ] GC(237) - age  13:      10600 bytes,    3972008 total
[2020-09-03T11:16:53.637+0000][23984][gc,age       ] GC(237) - age  14:        728 bytes,    3972736 total
[2020-09-03T11:16:53.637+0000][23984][gc,age       ] GC(237) - age  15:        464 bytes,    3973200 total
[2020-09-03T11:16:53.637+0000][23984][gc,phases    ] GC(237)   Pre Evacuate Collection Set: 0.4ms
[2020-09-03T11:16:53.637+0000][23984][gc,phases    ] GC(237)   Merge Heap Roots: 0.1ms
[2020-09-03T11:16:53.637+0000][23984][gc,phases    ] GC(237)   Evacuate Collection Set: 2.1ms
[2020-09-03T11:16:53.637+0000][23984][gc,phases    ] GC(237)   Post Evacuate Collection Set: 0.9ms
[2020-09-03T11:16:53.637+0000][23984][gc,phases    ] GC(237)   Other: 0.9ms
[2020-09-03T11:16:53.638+0000][23984][gc,heap      ] GC(237) Eden regions: 78->0(487)
[2020-09-03T11:16:53.638+0000][23984][gc,heap      ] GC(237) Survivor regions: 14->5(62)
[2020-09-03T11:16:53.638+0000][23984][gc,heap      ] GC(237) Old regions: 77->77
[2020-09-03T11:16:53.638+0000][23984][gc,heap      ] GC(237) Archive regions: 0->0
[2020-09-03T11:16:53.638+0000][23984][gc,heap      ] GC(237) Humongous regions: 430->174
[2020-09-03T11:16:53.638+0000][23984][gc,metaspace ] GC(237) Metaspace: 86175K(92800K)->86175K(92800K) NonClass: 75165K(79104K)->75165K(79104K) Class: 11009K(13696K)->11009K(13696K)
[2020-09-03T11:16:53.638+0000][23984][gc           ] GC(237) Pause Young (Concurrent Start) (G1 Humongous Allocation) 598M->254M(1024M) 4.712ms
[2020-09-03T11:16:53.638+0000][23984][gc,cpu       ] GC(237) User=0.00s Sys=0.00s Real=0.01s
[2020-09-03T11:16:53.638+0000][23984][gc           ] GC(238) Concurrent Cycle
[2020-09-03T11:16:53.638+0000][23984][safepoint    ] Safepoint "G1TryInitiateConcMark", Time since last: 94708400 ns, Reaching safepoint: 193700 ns, At safepoint: 4898400 ns, Total: 5092100 ns
[2020-09-03T11:16:53.638+0000][23984][gc,marking   ] GC(238) Concurrent Clear Claimed Marks
[2020-09-03T11:16:53.638+0000][23984][gc,marking   ] GC(238) Concurrent Clear Claimed Marks 0.364ms
[2020-09-03T11:16:53.638+0000][23984][gc,marking   ] GC(238) Concurrent Scan Root Regions
[2020-09-03T11:16:53.641+0000][23984][gc,marking   ] GC(238) Concurrent Scan Root Regions 2.485ms
[2020-09-03T11:16:53.641+0000][23984][gc,marking   ] GC(238) Concurrent Mark (162.643s)
[2020-09-03T11:16:53.641+0000][23984][gc,marking   ] GC(238) Concurrent Mark From Roots
[2020-09-03T11:16:53.641+0000][23984][gc,task      ] GC(238) Using 2 workers of 2 for marking
[2020-09-03T11:16:53.756+0000][23984][gc,marking   ] GC(238) Concurrent Mark From Roots 114.982ms
[2020-09-03T11:16:53.756+0000][23984][gc,marking   ] GC(238) Concurrent Preclean
[2020-09-03T11:16:53.757+0000][23984][gc,marking   ] GC(238) Concurrent Preclean 0.588ms
[2020-09-03T11:16:53.757+0000][23984][gc,marking   ] GC(238) Concurrent Mark (162.643s, 162.758s) 115.765ms
[2020-09-03T11:16:53.757+0000][23984][gc,start     ] GC(238) Pause Remark
[2020-09-03T11:16:53.762+0000][23984][gc           ] GC(238) Pause Remark 319M->319M(1024M) 5.338ms
[2020-09-03T11:16:53.762+0000][23984][gc,cpu       ] GC(238) User=0.00s Sys=0.00s Real=0.01s
[2020-09-03T11:16:53.762+0000][23984][safepoint    ] Safepoint "G1Concurrent", Time since last: 118921000 ns, Reaching safepoint: 121200 ns, At safepoint: 5558300 ns, Total: 5679500 ns
[2020-09-03T11:16:53.763+0000][23984][gc,marking   ] GC(238) Concurrent Rebuild Remembered Sets
[2020-09-03T11:16:53.839+0000][23984][gc,marking   ] GC(238) Concurrent Rebuild Remembered Sets 76.957ms
[2020-09-03T11:16:53.840+0000][23984][gc,start     ] GC(238) Pause Cleanup
[2020-09-03T11:16:53.840+0000][23984][gc           ] GC(238) Pause Cleanup 389M->389M(1024M) 0.265ms
[2020-09-03T11:16:53.840+0000][23984][gc,cpu       ] GC(238) User=0.00s Sys=0.00s Real=0.00s
[2020-09-03T11:16:53.840+0000][23984][safepoint    ] Safepoint "G1Concurrent", Time since last: 77148900 ns, Reaching safepoint: 132000 ns, At safepoint: 399700 ns, Total: 531700 ns
[2020-09-03T11:16:53.840+0000][23984][gc,marking   ] GC(238) Concurrent Cleanup for Next Mark
[2020-09-03T11:16:53.842+0000][23984][gc,marking   ] GC(238) Concurrent Cleanup for Next Mark 1.328ms
[2020-09-03T11:16:53.842+0000][23984][gc           ] GC(238) Concurrent Cycle 203.788ms
[2020-09-03T11:16:53.939+0000][23984][gc,start     ] GC(239) Pause Young (Concurrent Start) (G1 Humongous Allocation)
[2020-09-03T11:16:53.939+0000][23984][gc,task      ] GC(239) Using 8 workers of 8 for evacuation
[2020-09-03T11:16:53.939+0000][23984][gc,age       ] GC(239) Desired survivor size 32505856 bytes, new threshold 15 (max threshold 15)
[2020-09-03T11:16:53.942+0000][23984][gc,age       ] GC(239) Age table with threshold 15 (max threshold 15)
[2020-09-03T11:16:53.942+0000][23984][gc,age       ] GC(239) - age   1:    3311456 bytes,    3311456 total
[2020-09-03T11:16:53.942+0000][23984][gc,age       ] GC(239) - age   2:     598944 bytes,    3910400 total
[2020-09-03T11:16:53.942+0000][23984][gc,age       ] GC(239) - age   3:      15040 bytes,    3925440 total
[2020-09-03T11:16:53.942+0000][23984][gc,age       ] GC(239) - age   4:      34352 bytes,    3959792 total
[2020-09-03T11:16:53.942+0000][23984][gc,age       ] GC(239) - age   5:       2712 bytes,    3962504 total
[2020-09-03T11:16:53.942+0000][23984][gc,age       ] GC(239) - age   6:        864 bytes,    3963368 total
[2020-09-03T11:16:53.942+0000][23984][gc,age       ] GC(239) - age   7:        888 bytes,    3964256 total
[2020-09-03T11:16:53.942+0000][23984][gc,age       ] GC(239) - age   8:        392 bytes,    3964648 total
[2020-09-03T11:16:53.942+0000][23984][gc,age       ] GC(239) - age   9:        592 bytes,    3965240 total
[2020-09-03T11:16:53.942+0000][23984][gc,age       ] GC(239) - age  10:        552 bytes,    3965792 total
[2020-09-03T11:16:53.942+0000][23984][gc,age       ] GC(239) - age  11:        360 bytes,    3966152 total
[2020-09-03T11:16:53.942+0000][23984][gc,age       ] GC(239) - age  12:       2184 bytes,    3968336 total
[2020-09-03T11:16:53.942+0000][23984][gc,age       ] GC(239) - age  13:        192 bytes,    3968528 total
[2020-09-03T11:16:53.942+0000][23984][gc,age       ] GC(239) - age  14:      10568 bytes,    3979096 total
[2020-09-03T11:16:53.942+0000][23984][gc,age       ] GC(239) - age  15:        504 bytes,    3979600 total
[2020-09-03T11:16:53.942+0000][23984][gc,phases    ] GC(239)   Pre Evacuate Collection Set: 0.3ms
[2020-09-03T11:16:53.942+0000][23984][gc,phases    ] GC(239)   Merge Heap Roots: 0.1ms
[2020-09-03T11:16:53.942+0000][23984][gc,phases    ] GC(239)   Evacuate Collection Set: 1.8ms
[2020-09-03T11:16:53.942+0000][23984][gc,phases    ] GC(239)   Post Evacuate Collection Set: 0.7ms
[2020-09-03T11:16:53.942+0000][23984][gc,phases    ] GC(239)   Other: 0.9ms
[2020-09-03T11:16:53.943+0000][23984][gc,heap      ] GC(239) Eden regions: 42->0(491)
[2020-09-03T11:16:53.943+0000][23984][gc,heap      ] GC(239) Survivor regions: 5->5(62)
[2020-09-03T11:16:53.943+0000][23984][gc,heap      ] GC(239) Old regions: 77->77
[2020-09-03T11:16:53.943+0000][23984][gc,heap      ] GC(239) Archive regions: 0->0
[2020-09-03T11:16:53.943+0000][23984][gc,heap      ] GC(239) Humongous regions: 278->174
[2020-09-03T11:16:53.943+0000][23984][gc,metaspace ] GC(239) Metaspace: 86175K(92800K)->86175K(92800K) NonClass: 75165K(79104K)->75165K(79104K) Class: 11009K(13696K)->11009K(13696K)
[2020-09-03T11:16:53.943+0000][23984][gc           ] GC(239) Pause Young (Concurrent Start) (G1 Humongous Allocation) 400M->255M(1024M) 4.113ms
[2020-09-03T11:16:53.943+0000][23984][gc,cpu       ] GC(239) User=0.00s Sys=0.00s Real=0.00s
[2020-09-03T11:16:53.943+0000][23984][safepoint    ] Safepoint "G1TryInitiateConcMark", Time since last: 98298100 ns, Reaching safepoint: 137500 ns, At safepoint: 4302900 ns, Total: 4440400 ns
[2020-09-03T11:16:53.943+0000][23984][gc           ] GC(240) Concurrent Cycle
[2020-09-03T11:16:53.943+0000][23984][gc,marking   ] GC(240) Concurrent Clear Claimed Marks
[2020-09-03T11:16:53.944+0000][23984][gc,marking   ] GC(240) Concurrent Clear Claimed Marks 0.594ms
[2020-09-03T11:16:53.944+0000][23984][gc,marking   ] GC(240) Concurrent Scan Root Regions
[2020-09-03T11:16:53.947+0000][23984][gc,marking   ] GC(240) Concurrent Scan Root Regions 3.094ms
[2020-09-03T11:16:53.947+0000][23984][gc,marking   ] GC(240) Concurrent Mark (162.949s)
[2020-09-03T11:16:53.947+0000][23984][gc,marking   ] GC(240) Concurrent Mark From Roots
[2020-09-03T11:16:53.947+0000][23984][gc,task      ] GC(240) Using 2 workers of 2 for marking
[2020-09-03T11:16:54.056+0000][23984][gc,marking   ] GC(240) Concurrent Mark From Roots 108.713ms
[2020-09-03T11:16:54.056+0000][23984][gc,marking   ] GC(240) Concurrent Preclean
[2020-09-03T11:16:54.056+0000][23984][gc,marking   ] GC(240) Concurrent Preclean 0.397ms
[2020-09-03T11:16:54.056+0000][23984][gc,marking   ] GC(240) Concurrent Mark (162.949s, 163.058s) 109.247ms
[2020-09-03T11:16:54.056+0000][23984][gc,start     ] GC(240) Pause Remark
[2020-09-03T11:16:54.061+0000][23984][gc           ] GC(240) Pause Remark 318M->318M(1024M) 4.574ms
[2020-09-03T11:16:54.061+0000][23984][gc,cpu       ] GC(240) User=0.11s Sys=0.02s Real=0.01s
[2020-09-03T11:16:54.061+0000][23984][safepoint    ] Safepoint "G1Concurrent", Time since last: 113292000 ns, Reaching safepoint: 118700 ns, At safepoint: 4732200 ns, Total: 4850900 ns
[2020-09-03T11:16:54.061+0000][23984][gc,marking   ] GC(240) Concurrent Rebuild Remembered Sets
[2020-09-03T11:16:54.136+0000][23984][gc,marking   ] GC(240) Concurrent Rebuild Remembered Sets 75.098ms
[2020-09-03T11:16:54.136+0000][23984][gc,start     ] GC(240) Pause Cleanup
[2020-09-03T11:16:54.137+0000][23984][gc           ] GC(240) Pause Cleanup 391M->391M(1024M) 0.246ms
[2020-09-03T11:16:54.137+0000][23984][gc,cpu       ] GC(240) User=0.00s Sys=0.00s Real=0.00s
[2020-09-03T11:16:54.137+0000][23984][safepoint    ] Safepoint "G1Concurrent", Time since last: 75263000 ns, Reaching safepoint: 137000 ns, At safepoint: 423800 ns, Total: 560800 ns
[2020-09-03T11:16:54.137+0000][23984][gc,marking   ] GC(240) Concurrent Cleanup for Next Mark
[2020-09-03T11:16:54.138+0000][23984][gc,marking   ] GC(240) Concurrent Cleanup for Next Mark 1.423ms
[2020-09-03T11:16:54.138+0000][23984][gc           ] GC(240) Concurrent Cycle 195.571ms
[2020-09-03T11:16:54.258+0000][23984][gc,start     ] GC(241) Pause Young (Concurrent Start) (G1 Humongous Allocation)
[2020-09-03T11:16:54.258+0000][23984][gc,task      ] GC(241) Using 8 workers of 8 for evacuation
[2020-09-03T11:16:54.259+0000][23984][gc,age       ] GC(241) Desired survivor size 32505856 bytes, new threshold 15 (max threshold 15)
[2020-09-03T11:16:54.263+0000][23984][gc,age       ] GC(241) Age table with threshold 15 (max threshold 15)
[2020-09-03T11:16:54.263+0000][23984][gc,age       ] GC(241) - age   1:    3187688 bytes,    3187688 total
[2020-09-03T11:16:54.263+0000][23984][gc,age       ] GC(241) - age   2:     407248 bytes,    3594936 total
[2020-09-03T11:16:54.263+0000][23984][gc,age       ] GC(241) - age   3:     201536 bytes,    3796472 total
[2020-09-03T11:16:54.263+0000][23984][gc,age       ] GC(241) - age   4:      13112 bytes,    3809584 total
[2020-09-03T11:16:54.263+0000][23984][gc,age       ] GC(241) - age   5:      34320 bytes,    3843904 total
[2020-09-03T11:16:54.263+0000][23984][gc,age       ] GC(241) - age   6:       2648 bytes,    3846552 total
[2020-09-03T11:16:54.263+0000][23984][gc,age       ] GC(241) - age   7:        704 bytes,    3847256 total
[2020-09-03T11:16:54.263+0000][23984][gc,age       ] GC(241) - age   8:        888 bytes,    3848144 total
[2020-09-03T11:16:54.263+0000][23984][gc,age       ] GC(241) - age   9:        392 bytes,    3848536 total
[2020-09-03T11:16:54.263+0000][23984][gc,age       ] GC(241) - age  10:        592 bytes,    3849128 total
[2020-09-03T11:16:54.263+0000][23984][gc,age       ] GC(241) - age  11:        552 bytes,    3849680 total
[2020-09-03T11:16:54.263+0000][23984][gc,age       ] GC(241) - age  12:        360 bytes,    3850040 total
[2020-09-03T11:16:54.263+0000][23984][gc,age       ] GC(241) - age  13:       2184 bytes,    3852224 total
[2020-09-03T11:16:54.263+0000][23984][gc,age       ] GC(241) - age  14:        192 bytes,    3852416 total
[2020-09-03T11:16:54.263+0000][23984][gc,age       ] GC(241) - age  15:      10408 bytes,    3862824 total
[2020-09-03T11:16:54.263+0000][23984][gc,phases    ] GC(241)   Pre Evacuate Collection Set: 0.4ms
[2020-09-03T11:16:54.263+0000][23984][gc,phases    ] GC(241)   Merge Heap Roots: 0.1ms
[2020-09-03T11:16:54.263+0000][23984][gc,phases    ] GC(241)   Evacuate Collection Set: 2.5ms
[2020-09-03T11:16:54.263+0000][23984][gc,phases    ] GC(241)   Post Evacuate Collection Set: 0.8ms
[2020-09-03T11:16:54.263+0000][23984][gc,phases    ] GC(241)   Other: 1.0ms
[2020-09-03T11:16:54.263+0000][23984][gc,heap      ] GC(241) Eden regions: 43->0(494)
[2020-09-03T11:16:54.263+0000][23984][gc,heap      ] GC(241) Survivor regions: 5->5(62)
[2020-09-03T11:16:54.263+0000][23984][gc,heap      ] GC(241) Old regions: 77->77
[2020-09-03T11:16:54.263+0000][23984][gc,heap      ] GC(241) Archive regions: 0->0
[2020-09-03T11:16:54.263+0000][23984][gc,heap      ] GC(241) Humongous regions: 278->174
[2020-09-03T11:16:54.264+0000][23984][gc,metaspace ] GC(241) Metaspace: 86177K(92800K)->86177K(92800K) NonClass: 75167K(79104K)->75167K(79104K) Class: 11009K(13696K)->11009K(13696K)
[2020-09-03T11:16:54.264+0000][23984][gc           ] GC(241) Pause Young (Concurrent Start) (G1 Humongous Allocation) 401M->254M(1024M) 5.172ms
[2020-09-03T11:16:54.264+0000][23984][gc,cpu       ] GC(241) User=0.03s Sys=0.00s Real=0.01s
[2020-09-03T11:16:54.264+0000][23984][gc           ] GC(242) Concurrent Cycle
[2020-09-03T11:16:54.264+0000][23984][safepoint    ] Safepoint "G1TryInitiateConcMark", Time since last: 121417700 ns, Reaching safepoint: 135200 ns, At safepoint: 5330500 ns, Total: 5465700 ns
[2020-09-03T11:16:54.264+0000][23984][gc,marking   ] GC(242) Concurrent Clear Claimed Marks
[2020-09-03T11:16:54.264+0000][23984][gc,marking   ] GC(242) Concurrent Clear Claimed Marks 0.340ms
[2020-09-03T11:16:54.264+0000][23984][gc,marking   ] GC(242) Concurrent Scan Root Regions
[2020-09-03T11:16:54.266+0000][23984][gc,marking   ] GC(242) Concurrent Scan Root Regions 2.210ms
[2020-09-03T11:16:54.266+0000][23984][gc,marking   ] GC(242) Concurrent Mark (163.268s)
[2020-09-03T11:16:54.266+0000][23984][gc,marking   ] GC(242) Concurrent Mark From Roots
[2020-09-03T11:16:54.266+0000][23984][gc,task      ] GC(242) Using 2 workers of 2 for marking
[2020-09-03T11:16:54.379+0000][23984][gc,marking   ] GC(242) Concurrent Mark From Roots 112.931ms
[2020-09-03T11:16:54.380+0000][23984][gc,marking   ] GC(242) Concurrent Preclean
[2020-09-03T11:16:54.380+0000][23984][gc,marking   ] GC(242) Concurrent Preclean 0.410ms
[2020-09-03T11:16:54.380+0000][23984][gc,marking   ] GC(242) Concurrent Mark (163.268s, 163.382s) 113.512ms
[2020-09-03T11:16:54.380+0000][23984][gc,start     ] GC(242) Pause Remark
[2020-09-03T11:16:54.385+0000][23984][gc           ] GC(242) Pause Remark 314M->314M(1024M) 4.667ms
[2020-09-03T11:16:54.385+0000][23984][gc,cpu       ] GC(242) User=0.00s Sys=0.00s Real=0.00s
[2020-09-03T11:16:54.385+0000][23984][safepoint    ] Safepoint "G1Concurrent", Time since last: 116292800 ns, Reaching safepoint: 130800 ns, At safepoint: 4830200 ns, Total: 4961000 ns
[2020-09-03T11:16:54.385+0000][23984][gc,marking   ] GC(242) Concurrent Rebuild Remembered Sets
[2020-09-03T11:16:54.464+0000][23984][gc,marking   ] GC(242) Concurrent Rebuild Remembered Sets 78.642ms
[2020-09-03T11:16:54.464+0000][23984][gc,start     ] GC(242) Pause Cleanup
[2020-09-03T11:16:54.465+0000][23984][gc           ] GC(242) Pause Cleanup 322M->322M(1024M) 0.400ms
[2020-09-03T11:16:54.465+0000][23984][gc,cpu       ] GC(242) User=0.00s Sys=0.00s Real=0.00s
[2020-09-03T11:16:54.465+0000][23984][safepoint    ] Safepoint "G1Concurrent", Time since last: 78857400 ns, Reaching safepoint: 244300 ns, At safepoint: 1025700 ns, Total: 1270000 ns
[2020-09-03T11:16:54.465+0000][23984][gc,marking   ] GC(242) Concurrent Cleanup for Next Mark
[2020-09-03T11:16:54.467+0000][23984][gc,marking   ] GC(242) Concurrent Cleanup for Next Mark 1.918ms
[2020-09-03T11:16:54.467+0000][23984][gc           ] GC(242) Concurrent Cycle 203.605ms
[2020-09-03T11:16:54.501+0000][23984][gc,start     ] GC(243) Pause Young (Concurrent Start) (G1 Humongous Allocation)
[2020-09-03T11:16:54.501+0000][23984][gc,task      ] GC(243) Using 8 workers of 8 for evacuation
[2020-09-03T11:16:54.501+0000][23984][gc,age       ] GC(243) Desired survivor size 33030144 bytes, new threshold 15 (max threshold 15)
[2020-09-03T11:16:54.505+0000][23984][gc,age       ] GC(243) Age table with threshold 15 (max threshold 15)
[2020-09-03T11:16:54.505+0000][23984][gc,age       ] GC(243) - age   1:    7719024 bytes,    7719024 total
[2020-09-03T11:16:54.505+0000][23984][gc,age       ] GC(243) - age   2:       3360 bytes,    7722384 total
[2020-09-03T11:16:54.505+0000][23984][gc,age       ] GC(243) - age   3:       2184 bytes,    7724568 total
[2020-09-03T11:16:54.505+0000][23984][gc,age       ] GC(243) - age   4:       2344 bytes,    7726912 total
[2020-09-03T11:16:54.505+0000][23984][gc,age       ] GC(243) - age   5:      11216 bytes,    7738128 total
[2020-09-03T11:16:54.505+0000][23984][gc,age       ] GC(243) - age   6:      33936 bytes,    7772064 total
[2020-09-03T11:16:54.505+0000][23984][gc,age       ] GC(243) - age   7:       2648 bytes,    7774712 total
[2020-09-03T11:16:54.505+0000][23984][gc,age       ] GC(243) - age   8:        608 bytes,    7775320 total
[2020-09-03T11:16:54.505+0000][23984][gc,age       ] GC(243) - age   9:        888 bytes,    7776208 total
[2020-09-03T11:16:54.505+0000][23984][gc,age       ] GC(243) - age  10:        368 bytes,    7776576 total
[2020-09-03T11:16:54.505+0000][23984][gc,age       ] GC(243) - age  11:        592 bytes,    7777168 total
[2020-09-03T11:16:54.505+0000][23984][gc,age       ] GC(243) - age  12:        552 bytes,    7777720 total
[2020-09-03T11:16:54.505+0000][23984][gc,age       ] GC(243) - age  13:        360 bytes,    7778080 total
[2020-09-03T11:16:54.505+0000][23984][gc,age       ] GC(243) - age  14:       2184 bytes,    7780264 total
[2020-09-03T11:16:54.505+0000][23984][gc,age       ] GC(243) - age  15:        192 bytes,    7780456 total
[2020-09-03T11:16:54.505+0000][23984][gc,phases    ] GC(243)   Pre Evacuate Collection Set: 0.4ms
[2020-09-03T11:16:54.505+0000][23984][gc,phases    ] GC(243)   Merge Heap Roots: 0.1ms
[2020-09-03T11:16:54.505+0000][23984][gc,phases    ] GC(243)   Evacuate Collection Set: 2.5ms
[2020-09-03T11:16:54.506+0000][23984][gc,phases    ] GC(243)   Post Evacuate Collection Set: 0.8ms
[2020-09-03T11:16:54.506+0000][23984][gc,phases    ] GC(243)   Other: 1.0ms
[2020-09-03T11:16:54.506+0000][23984][gc,heap      ] GC(243) Eden regions: 39->0(489)
[2020-09-03T11:16:54.506+0000][23984][gc,heap      ] GC(243) Survivor regions: 5->8(63)
[2020-09-03T11:16:54.506+0000][23984][gc,heap      ] GC(243) Old regions: 77->77
[2020-09-03T11:16:54.506+0000][23984][gc,heap      ] GC(243) Archive regions: 0->0
[2020-09-03T11:16:54.506+0000][23984][gc,heap      ] GC(243) Humongous regions: 230->174
[2020-09-03T11:16:54.506+0000][23984][gc,metaspace ] GC(243) Metaspace: 86232K(92800K)->86232K(92800K) NonClass: 75222K(79104K)->75222K(79104K) Class: 11009K(13696K)->11009K(13696K)
[2020-09-03T11:16:54.506+0000][23984][gc           ] GC(243) Pause Young (Concurrent Start) (G1 Humongous Allocation) 349M->258M(1024M) 5.221ms
[2020-09-03T11:16:54.506+0000][23984][gc,cpu       ] GC(243) User=0.00s Sys=0.00s Real=0.01s
[2020-09-03T11:16:54.506+0000][23984][gc           ] GC(244) Concurrent Cycle
[2020-09-03T11:16:54.506+0000][23984][safepoint    ] Safepoint "G1TryInitiateConcMark", Time since last: 35364700 ns, Reaching safepoint: 208500 ns, At safepoint: 5405200 ns, Total: 5613700 ns
[2020-09-03T11:16:54.506+0000][23984][gc,marking   ] GC(244) Concurrent Clear Claimed Marks
[2020-09-03T11:16:54.507+0000][23984][gc,marking   ] GC(244) Concurrent Clear Claimed Marks 0.574ms
[2020-09-03T11:16:54.507+0000][23984][gc,marking   ] GC(244) Concurrent Scan Root Regions
[2020-09-03T11:16:54.509+0000][23984][gc,marking   ] GC(244) Concurrent Scan Root Regions 2.553ms
[2020-09-03T11:16:54.509+0000][23984][gc,marking   ] GC(244) Concurrent Mark (163.511s)
[2020-09-03T11:16:54.509+0000][23984][gc,marking   ] GC(244) Concurrent Mark From Roots
[2020-09-03T11:16:54.510+0000][23984][gc,task      ] GC(244) Using 2 workers of 2 for marking
[2020-09-03T11:16:54.657+0000][23984][gc,marking   ] GC(244) Concurrent Mark From Roots 147.193ms
[2020-09-03T11:16:54.657+0000][23984][gc,marking   ] GC(244) Concurrent Preclean
[2020-09-03T11:16:54.658+0000][23984][gc,marking   ] GC(244) Concurrent Preclean 0.958ms
[2020-09-03T11:16:54.658+0000][23984][gc,marking   ] GC(244) Concurrent Mark (163.511s, 163.660s) 148.428ms
[2020-09-03T11:16:54.658+0000][23984][gc,start     ] GC(244) Pause Remark
[2020-09-03T11:16:54.664+0000][23984][gc           ] GC(244) Pause Remark 397M->397M(1024M) 5.358ms
[2020-09-03T11:16:54.664+0000][23984][gc,cpu       ] GC(244) User=0.00s Sys=0.00s Real=0.01s
[2020-09-03T11:16:54.664+0000][23984][safepoint    ] Safepoint "G1Concurrent", Time since last: 151896800 ns, Reaching safepoint: 161800 ns, At safepoint: 5621000 ns, Total: 5782800 ns
[2020-09-03T11:16:54.664+0000][23984][gc,marking   ] GC(244) Concurrent Rebuild Remembered Sets
[2020-09-03T11:16:54.757+0000][23984][gc,marking   ] GC(244) Concurrent Rebuild Remembered Sets 93.119ms
[2020-09-03T11:16:54.757+0000][23984][gc,start     ] GC(244) Pause Cleanup
[2020-09-03T11:16:54.758+0000][23984][gc           ] GC(244) Pause Cleanup 431M->431M(1024M) 0.316ms
[2020-09-03T11:16:54.758+0000][23984][gc,cpu       ] GC(244) User=0.00s Sys=0.00s Real=0.00s
[2020-09-03T11:16:54.758+0000][23984][safepoint    ] Safepoint "G1Concurrent", Time since last: 93298500 ns, Reaching safepoint: 143000 ns, At safepoint: 509700 ns, Total: 652700 ns
[2020-09-03T11:16:54.758+0000][23984][gc,marking   ] GC(244) Concurrent Cleanup for Next Mark
[2020-09-03T11:16:54.760+0000][23984][gc,marking   ] GC(244) Concurrent Cleanup for Next Mark 1.858ms
[2020-09-03T11:16:54.760+0000][23984][gc           ] GC(244) Concurrent Cycle 253.722ms
[2020-09-03T11:16:54.963+0000][23984][gc,start     ] GC(245) Pause Young (Concurrent Start) (G1 Humongous Allocation)
[2020-09-03T11:16:54.963+0000][23984][gc,task      ] GC(245) Using 8 workers of 8 for evacuation
[2020-09-03T11:16:54.963+0000][23984][gc,age       ] GC(245) Desired survivor size 33030144 bytes, new threshold 15 (max threshold 15)
[2020-09-03T11:16:54.966+0000][23984][gc,age       ] GC(245) Age table with threshold 15 (max threshold 15)
[2020-09-03T11:16:54.966+0000][23984][gc,age       ] GC(245) - age   1:    2590208 bytes,    2590208 total
[2020-09-03T11:16:54.966+0000][23984][gc,age       ] GC(245) - age   2:      76640 bytes,    2666848 total
[2020-09-03T11:16:54.966+0000][23984][gc,age       ] GC(245) - age   3:       2968 bytes,    2669816 total
[2020-09-03T11:16:54.966+0000][23984][gc,age       ] GC(245) - age   4:        672 bytes,    2670488 total
[2020-09-03T11:16:54.966+0000][23984][gc,age       ] GC(245) - age   5:       1720 bytes,    2672208 total
[2020-09-03T11:16:54.967+0000][23984][gc,age       ] GC(245) - age   6:      11120 bytes,    2683328 total
[2020-09-03T11:16:54.967+0000][23984][gc,age       ] GC(245) - age   7:      33840 bytes,    2717168 total
[2020-09-03T11:16:54.967+0000][23984][gc,age       ] GC(245) - age   8:       2392 bytes,    2719560 total
[2020-09-03T11:16:54.967+0000][23984][gc,age       ] GC(245) - age   9:        544 bytes,    2720104 total
[2020-09-03T11:16:54.967+0000][23984][gc,age       ] GC(245) - age  10:        864 bytes,    2720968 total
[2020-09-03T11:16:54.967+0000][23984][gc,age       ] GC(245) - age  11:        336 bytes,    2721304 total
[2020-09-03T11:16:54.967+0000][23984][gc,age       ] GC(245) - age  12:        592 bytes,    2721896 total
[2020-09-03T11:16:54.967+0000][23984][gc,age       ] GC(245) - age  13:        552 bytes,    2722448 total
[2020-09-03T11:16:54.967+0000][23984][gc,age       ] GC(245) - age  14:        360 bytes,    2722808 total
[2020-09-03T11:16:54.967+0000][23984][gc,age       ] GC(245) - age  15:       2184 bytes,    2724992 total
[2020-09-03T11:16:54.967+0000][23984][gc,phases    ] GC(245)   Pre Evacuate Collection Set: 0.4ms
[2020-09-03T11:16:54.967+0000][23984][gc,phases    ] GC(245)   Merge Heap Roots: 0.1ms
[2020-09-03T11:16:54.967+0000][23984][gc,phases    ] GC(245)   Evacuate Collection Set: 2.1ms
[2020-09-03T11:16:54.967+0000][23984][gc,phases    ] GC(245)   Post Evacuate Collection Set: 0.8ms
[2020-09-03T11:16:54.967+0000][23984][gc,phases    ] GC(245)   Other: 1.1ms
[2020-09-03T11:16:54.967+0000][23984][gc,heap      ] GC(245) Eden regions: 53->0(496)
[2020-09-03T11:16:54.967+0000][23984][gc,heap      ] GC(245) Survivor regions: 8->4(63)
[2020-09-03T11:16:54.967+0000][23984][gc,heap      ] GC(245) Old regions: 77->77
[2020-09-03T11:16:54.967+0000][23984][gc,heap      ] GC(245) Archive regions: 0->0
[2020-09-03T11:16:54.967+0000][23984][gc,heap      ] GC(245) Humongous regions: 310->174
[2020-09-03T11:16:54.967+0000][23984][gc,metaspace ] GC(245) Metaspace: 86235K(92800K)->86235K(92800K) NonClass: 75225K(79104K)->75225K(79104K) Class: 11009K(13696K)->11009K(13696K)
[2020-09-03T11:16:54.967+0000][23984][gc           ] GC(245) Pause Young (Concurrent Start) (G1 Humongous Allocation) 447M->253M(1024M) 4.755ms
[2020-09-03T11:16:54.967+0000][23984][gc,cpu       ] GC(245) User=0.05s Sys=0.00s Real=0.00s
[2020-09-03T11:16:54.967+0000][23984][safepoint    ] Safepoint "G1TryInitiateConcMark", Time since last: 204604400 ns, Reaching safepoint: 174900 ns, At safepoint: 4947400 ns, Total: 5122300 ns
[2020-09-03T11:16:54.967+0000][23984][gc           ] GC(246) Concurrent Cycle
[2020-09-03T11:16:54.968+0000][23984][gc,marking   ] GC(246) Concurrent Clear Claimed Marks
[2020-09-03T11:16:54.968+0000][23984][gc,marking   ] GC(246) Concurrent Clear Claimed Marks 0.539ms
[2020-09-03T11:16:54.968+0000][23984][gc,marking   ] GC(246) Concurrent Scan Root Regions
[2020-09-03T11:16:54.970+0000][23984][gc,marking   ] GC(246) Concurrent Scan Root Regions 2.091ms
[2020-09-03T11:16:54.970+0000][23984][gc,marking   ] GC(246) Concurrent Mark (163.972s)
[2020-09-03T11:16:54.970+0000][23984][gc,marking   ] GC(246) Concurrent Mark From Roots
[2020-09-03T11:16:54.970+0000][23984][gc,task      ] GC(246) Using 2 workers of 2 for marking
[2020-09-03T11:16:55.113+0000][23984][gc,marking   ] GC(246) Concurrent Mark From Roots 142.125ms
[2020-09-03T11:16:55.113+0000][23984][gc,marking   ] GC(246) Concurrent Preclean
[2020-09-03T11:16:55.113+0000][23984][gc,marking   ] GC(246) Concurrent Preclean 0.442ms
[2020-09-03T11:16:55.113+0000][23984][gc,marking   ] GC(246) Concurrent Mark (163.972s, 164.115s) 142.735ms
[2020-09-03T11:16:55.113+0000][23984][gc,start     ] GC(246) Pause Remark
[2020-09-03T11:16:55.119+0000][23984][gc           ] GC(246) Pause Remark 316M->316M(1024M) 5.285ms
[2020-09-03T11:16:55.119+0000][23984][gc,cpu       ] GC(246) User=0.00s Sys=0.00s Real=0.01s
[2020-09-03T11:16:55.119+0000][23984][safepoint    ] Safepoint "G1Concurrent", Time since last: 145753900 ns, Reaching safepoint: 147500 ns, At safepoint: 5511300 ns, Total: 5658800 ns
[2020-09-03T11:16:55.119+0000][23984][gc,marking   ] GC(246) Concurrent Rebuild Remembered Sets
[2020-09-03T11:16:55.190+0000][23984][gc,marking   ] GC(246) Concurrent Rebuild Remembered Sets 70.870ms
[2020-09-03T11:16:55.190+0000][23984][gc,start     ] GC(246) Pause Cleanup
[2020-09-03T11:16:55.190+0000][23984][gc           ] GC(246) Pause Cleanup 382M->382M(1024M) 0.278ms
[2020-09-03T11:16:55.190+0000][23984][gc,cpu       ] GC(246) User=0.00s Sys=0.00s Real=0.00s
[2020-09-03T11:16:55.190+0000][23984][safepoint    ] Safepoint "G1Concurrent", Time since last: 71031500 ns, Reaching safepoint: 133700 ns, At safepoint: 401300 ns, Total: 535000 ns
[2020-09-03T11:16:55.190+0000][23984][gc,marking   ] GC(246) Concurrent Cleanup for Next Mark
[2020-09-03T11:16:55.192+0000][23984][gc,marking   ] GC(246) Concurrent Cleanup for Next Mark 1.276ms
[2020-09-03T11:16:55.192+0000][23984][gc           ] GC(246) Concurrent Cycle 224.403ms
[2020-09-03T11:16:55.309+0000][23984][gc,start     ] GC(247) Pause Young (Concurrent Start) (G1 Humongous Allocation)
[2020-09-03T11:16:55.309+0000][23984][gc,task      ] GC(247) Using 8 workers of 8 for evacuation
[2020-09-03T11:16:55.309+0000][23984][gc,age       ] GC(247) Desired survivor size 33030144 bytes, new threshold 15 (max threshold 15)
[2020-09-03T11:16:55.314+0000][23984][gc,age       ] GC(247) Age table with threshold 15 (max threshold 15)
[2020-09-03T11:16:55.314+0000][23984][gc,age       ] GC(247) - age   1:   13491008 bytes,   13491008 total
[2020-09-03T11:16:55.314+0000][23984][gc,age       ] GC(247) - age   2:       9928 bytes,   13500936 total
[2020-09-03T11:16:55.314+0000][23984][gc,age       ] GC(247) - age   3:      71136 bytes,   13572072 total
[2020-09-03T11:16:55.314+0000][23984][gc,age       ] GC(247) - age   4:       2088 bytes,   13574160 total
[2020-09-03T11:16:55.314+0000][23984][gc,age       ] GC(247) - age   5:        512 bytes,   13574672 total
[2020-09-03T11:16:55.314+0000][23984][gc,age       ] GC(247) - age   6:       1264 bytes,   13575936 total
[2020-09-03T11:16:55.314+0000][23984][gc,age       ] GC(247) - age   7:      10712 bytes,   13586648 total
[2020-09-03T11:16:55.314+0000][23984][gc,age       ] GC(247) - age   8:      33712 bytes,   13620360 total
[2020-09-03T11:16:55.314+0000][23984][gc,age       ] GC(247) - age   9:       2328 bytes,   13622688 total
[2020-09-03T11:16:55.315+0000][23984][gc,age       ] GC(247) - age  10:        544 bytes,   13623232 total
[2020-09-03T11:16:55.315+0000][23984][gc,age       ] GC(247) - age  11:        864 bytes,   13624096 total
[2020-09-03T11:16:55.315+0000][23984][gc,age       ] GC(247) - age  12:        336 bytes,   13624432 total
[2020-09-03T11:16:55.315+0000][23984][gc,age       ] GC(247) - age  13:        592 bytes,   13625024 total
[2020-09-03T11:16:55.315+0000][23984][gc,age       ] GC(247) - age  14:        552 bytes,   13625576 total
[2020-09-03T11:16:55.315+0000][23984][gc,age       ] GC(247) - age  15:        360 bytes,   13625936 total
[2020-09-03T11:16:55.315+0000][23984][gc,phases    ] GC(247)   Pre Evacuate Collection Set: 0.4ms
[2020-09-03T11:16:55.315+0000][23984][gc,phases    ] GC(247)   Merge Heap Roots: 0.1ms
[2020-09-03T11:16:55.315+0000][23984][gc,phases    ] GC(247)   Evacuate Collection Set: 3.3ms
[2020-09-03T11:16:55.315+0000][23984][gc,phases    ] GC(247)   Post Evacuate Collection Set: 0.9ms
[2020-09-03T11:16:55.315+0000][23984][gc,phases    ] GC(247)   Other: 0.9ms
[2020-09-03T11:16:55.315+0000][23984][gc,heap      ] GC(247) Eden regions: 65->0(479)
[2020-09-03T11:16:55.315+0000][23984][gc,heap      ] GC(247) Survivor regions: 4->14(63)
[2020-09-03T11:16:55.315+0000][23984][gc,heap      ] GC(247) Old regions: 77->77
[2020-09-03T11:16:55.315+0000][23984][gc,heap      ] GC(247) Archive regions: 0->0
[2020-09-03T11:16:55.315+0000][23984][gc,heap      ] GC(247) Humongous regions: 270->174
[2020-09-03T11:16:55.315+0000][23984][gc,metaspace ] GC(247) Metaspace: 86261K(92800K)->86261K(92800K) NonClass: 75251K(79104K)->75251K(79104K) Class: 11009K(13696K)->11009K(13696K)
[2020-09-03T11:16:55.315+0000][23984][gc           ] GC(247) Pause Young (Concurrent Start) (G1 Humongous Allocation) 414M->263M(1024M) 5.881ms
[2020-09-03T11:16:55.315+0000][23984][gc,cpu       ] GC(247) User=0.09s Sys=0.00s Real=0.01s
[2020-09-03T11:16:55.315+0000][23984][gc           ] GC(248) Concurrent Cycle
[2020-09-03T11:16:55.315+0000][23984][gc,marking   ] GC(248) Concurrent Clear Claimed Marks
[2020-09-03T11:16:55.315+0000][23984][safepoint    ] Safepoint "G1TryInitiateConcMark", Time since last: 118595600 ns, Reaching safepoint: 173600 ns, At safepoint: 6260300 ns, Total: 6433900 ns
[2020-09-03T11:16:55.316+0000][23984][gc,marking   ] GC(248) Concurrent Clear Claimed Marks 0.284ms
[2020-09-03T11:16:55.316+0000][23984][gc,marking   ] GC(248) Concurrent Scan Root Regions
[2020-09-03T11:16:55.319+0000][23984][gc,marking   ] GC(248) Concurrent Scan Root Regions 3.002ms
[2020-09-03T11:16:55.319+0000][23984][gc,marking   ] GC(248) Concurrent Mark (164.320s)
[2020-09-03T11:16:55.319+0000][23984][gc,marking   ] GC(248) Concurrent Mark From Roots
[2020-09-03T11:16:55.319+0000][23984][gc,task      ] GC(248) Using 2 workers of 2 for marking
[2020-09-03T11:16:55.466+0000][23984][gc,marking   ] GC(248) Concurrent Mark From Roots 147.199ms
[2020-09-03T11:16:55.466+0000][23984][gc,marking   ] GC(248) Concurrent Preclean
[2020-09-03T11:16:55.466+0000][23984][gc,marking   ] GC(248) Concurrent Preclean 0.446ms
[2020-09-03T11:16:55.467+0000][23984][gc,marking   ] GC(248) Concurrent Mark (164.320s, 164.468s) 147.816ms
[2020-09-03T11:16:55.467+0000][23984][gc,start     ] GC(248) Pause Remark
[2020-09-03T11:16:55.472+0000][23984][gc           ] GC(248) Pause Remark 506M->506M(1024M) 5.168ms
[2020-09-03T11:16:55.472+0000][23984][gc,cpu       ] GC(248) User=0.00s Sys=0.00s Real=0.00s
[2020-09-03T11:16:55.472+0000][23984][safepoint    ] Safepoint "G1Concurrent", Time since last: 151159600 ns, Reaching safepoint: 165200 ns, At safepoint: 5408100 ns, Total: 5573300 ns
[2020-09-03T11:16:55.472+0000][23984][gc,marking   ] GC(248) Concurrent Rebuild Remembered Sets
[2020-09-03T11:16:55.569+0000][23984][gc,marking   ] GC(248) Concurrent Rebuild Remembered Sets 96.719ms
[2020-09-03T11:16:55.569+0000][23984][gc,start     ] GC(248) Pause Cleanup
[2020-09-03T11:16:55.570+0000][23984][gc           ] GC(248) Pause Cleanup 580M->580M(1024M) 0.389ms
[2020-09-03T11:16:55.570+0000][23984][gc,cpu       ] GC(248) User=0.00s Sys=0.00s Real=0.00s
[2020-09-03T11:16:55.570+0000][23984][safepoint    ] Safepoint "G1Concurrent", Time since last: 96896700 ns, Reaching safepoint: 143000 ns, At safepoint: 583900 ns, Total: 726900 ns
[2020-09-03T11:16:55.570+0000][23984][gc,marking   ] GC(248) Concurrent Cleanup for Next Mark
[2020-09-03T11:16:55.572+0000][23984][gc,marking   ] GC(248) Concurrent Cleanup for Next Mark 1.675ms
[2020-09-03T11:16:55.572+0000][23984][gc           ] GC(248) Concurrent Cycle 256.457ms
[2020-09-03T11:16:55.698+0000][23984][gc,start     ] GC(249) Pause Young (Concurrent Start) (G1 Humongous Allocation)
[2020-09-03T11:16:55.698+0000][23984][gc,task      ] GC(249) Using 8 workers of 8 for evacuation
[2020-09-03T11:16:55.698+0000][23984][gc,age       ] GC(249) Desired survivor size 32505856 bytes, new threshold 15 (max threshold 15)
[2020-09-03T11:16:55.702+0000][23984][gc,age       ] GC(249) Age table with threshold 15 (max threshold 15)
[2020-09-03T11:16:55.702+0000][23984][gc,age       ] GC(249) - age   1:    3873712 bytes,    3873712 total
[2020-09-03T11:16:55.702+0000][23984][gc,age       ] GC(249) - age   2:       8680 bytes,    3882392 total
[2020-09-03T11:16:55.702+0000][23984][gc,age       ] GC(249) - age   3:       6512 bytes,    3888904 total
[2020-09-03T11:16:55.702+0000][23984][gc,age       ] GC(249) - age   4:      65632 bytes,    3954536 total
[2020-09-03T11:16:55.702+0000][23984][gc,age       ] GC(249) - age   5:       1896 bytes,    3956432 total
[2020-09-03T11:16:55.702+0000][23984][gc,age       ] GC(249) - age   6:        488 bytes,    3956920 total
[2020-09-03T11:16:55.702+0000][23984][gc,age       ] GC(249) - age   7:       1008 bytes,    3957928 total
[2020-09-03T11:16:55.702+0000][23984][gc,age       ] GC(249) - age   8:      10656 bytes,    3968584 total
[2020-09-03T11:16:55.702+0000][23984][gc,age       ] GC(249) - age   9:      33712 bytes,    4002296 total
[2020-09-03T11:16:55.702+0000][23984][gc,age       ] GC(249) - age  10:       2328 bytes,    4004624 total
[2020-09-03T11:16:55.702+0000][23984][gc,age       ] GC(249) - age  11:        512 bytes,    4005136 total
[2020-09-03T11:16:55.702+0000][23984][gc,age       ] GC(249) - age  12:        864 bytes,    4006000 total
[2020-09-03T11:16:55.702+0000][23984][gc,age       ] GC(249) - age  13:        336 bytes,    4006336 total
[2020-09-03T11:16:55.702+0000][23984][gc,age       ] GC(249) - age  14:        592 bytes,    4006928 total
[2020-09-03T11:16:55.702+0000][23984][gc,age       ] GC(249) - age  15:        552 bytes,    4007480 total
[2020-09-03T11:16:55.702+0000][23984][gc,phases    ] GC(249)   Pre Evacuate Collection Set: 0.5ms
[2020-09-03T11:16:55.702+0000][23984][gc,phases    ] GC(249)   Merge Heap Roots: 0.1ms
[2020-09-03T11:16:55.702+0000][23984][gc,phases    ] GC(249)   Evacuate Collection Set: 2.0ms
[2020-09-03T11:16:55.702+0000][23984][gc,phases    ] GC(249)   Post Evacuate Collection Set: 0.9ms
[2020-09-03T11:16:55.702+0000][23984][gc,phases    ] GC(249)   Other: 0.9ms
[2020-09-03T11:16:55.702+0000][23984][gc,heap      ] GC(249) Eden regions: 81->0(491)
[2020-09-03T11:16:55.703+0000][23984][gc,heap      ] GC(249) Survivor regions: 14->5(62)
[2020-09-03T11:16:55.703+0000][23984][gc,heap      ] GC(249) Old regions: 77->77
[2020-09-03T11:16:55.703+0000][23984][gc,heap      ] GC(249) Archive regions: 0->0
[2020-09-03T11:16:55.703+0000][23984][gc,heap      ] GC(249) Humongous regions: 424->174
[2020-09-03T11:16:55.703+0000][23984][gc,metaspace ] GC(249) Metaspace: 86261K(92800K)->86261K(92800K) NonClass: 75251K(79104K)->75251K(79104K) Class: 11009K(13696K)->11009K(13696K)
[2020-09-03T11:16:55.703+0000][23984][gc           ] GC(249) Pause Young (Concurrent Start) (G1 Humongous Allocation) 594M->255M(1024M) 4.788ms
[2020-09-03T11:16:55.703+0000][23984][gc,cpu       ] GC(249) User=0.11s Sys=0.00s Real=0.01s
[2020-09-03T11:16:55.703+0000][23984][safepoint    ] Safepoint "G1TryInitiateConcMark", Time since last: 127882700 ns, Reaching safepoint: 146800 ns, At safepoint: 4967800 ns, Total: 5114600 ns
[2020-09-03T11:16:55.703+0000][23984][gc           ] GC(250) Concurrent Cycle
[2020-09-03T11:16:55.703+0000][23984][gc,marking   ] GC(250) Concurrent Clear Claimed Marks
[2020-09-03T11:16:55.703+0000][23984][gc,marking   ] GC(250) Concurrent Clear Claimed Marks 0.504ms
[2020-09-03T11:16:55.704+0000][23984][gc,marking   ] GC(250) Concurrent Scan Root Regions
[2020-09-03T11:16:55.705+0000][23984][gc,marking   ] GC(250) Concurrent Scan Root Regions 1.961ms
[2020-09-03T11:16:55.706+0000][23984][gc,marking   ] GC(250) Concurrent Mark (164.707s)
[2020-09-03T11:16:55.706+0000][23984][gc,marking   ] GC(250) Concurrent Mark From Roots
[2020-09-03T11:16:55.706+0000][23984][gc,task      ] GC(250) Using 2 workers of 2 for marking
[2020-09-03T11:16:55.856+0000][23984][gc,marking   ] GC(250) Concurrent Mark From Roots 150.355ms
[2020-09-03T11:16:55.856+0000][23984][gc,marking   ] GC(250) Concurrent Preclean
[2020-09-03T11:16:55.857+0000][23984][gc,marking   ] GC(250) Concurrent Preclean 0.526ms
[2020-09-03T11:16:55.857+0000][23984][gc,marking   ] GC(250) Concurrent Mark (164.707s, 164.858s) 151.058ms
[2020-09-03T11:16:55.857+0000][23984][gc,start     ] GC(250) Pause Remark
[2020-09-03T11:16:55.862+0000][23984][gc           ] GC(250) Pause Remark 317M->317M(1024M) 5.577ms
[2020-09-03T11:16:55.863+0000][23984][gc,cpu       ] GC(250) User=0.00s Sys=0.00s Real=0.01s
[2020-09-03T11:16:55.863+0000][23984][safepoint    ] Safepoint "G1Concurrent", Time since last: 153914600 ns, Reaching safepoint: 171200 ns, At safepoint: 5777800 ns, Total: 5949000 ns
[2020-09-03T11:16:55.863+0000][23984][gc,marking   ] GC(250) Concurrent Rebuild Remembered Sets
[2020-09-03T11:16:55.948+0000][23984][gc,marking   ] GC(250) Concurrent Rebuild Remembered Sets 85.267ms
[2020-09-03T11:16:55.948+0000][23984][gc,start     ] GC(250) Pause Cleanup
[2020-09-03T11:16:55.948+0000][23984][gc           ] GC(250) Pause Cleanup 386M->386M(1024M) 0.250ms
[2020-09-03T11:16:55.949+0000][23984][gc,cpu       ] GC(250) User=0.00s Sys=0.00s Real=0.00s
[2020-09-03T11:16:55.949+0000][23984][safepoint    ] Safepoint "G1Concurrent", Time since last: 85422600 ns, Reaching safepoint: 136000 ns, At safepoint: 390400 ns, Total: 526400 ns
[2020-09-03T11:16:55.949+0000][23984][gc,marking   ] GC(250) Concurrent Cleanup for Next Mark
[2020-09-03T11:16:55.950+0000][23984][gc,marking   ] GC(250) Concurrent Cleanup for Next Mark 1.253ms
[2020-09-03T11:16:55.950+0000][23984][gc           ] GC(250) Concurrent Cycle 247.180ms
[2020-09-03T11:16:56.051+0000][23984][gc,start     ] GC(251) Pause Young (Concurrent Start) (G1 Humongous Allocation)
[2020-09-03T11:16:56.051+0000][23984][gc,task      ] GC(251) Using 8 workers of 8 for evacuation
[2020-09-03T11:16:56.051+0000][23984][gc,age       ] GC(251) Desired survivor size 32505856 bytes, new threshold 15 (max threshold 15)
[2020-09-03T11:16:56.055+0000][23984][gc,age       ] GC(251) Age table with threshold 15 (max threshold 15)
[2020-09-03T11:16:56.055+0000][23984][gc,age       ] GC(251) - age   1:    3280584 bytes,    3280584 total
[2020-09-03T11:16:56.055+0000][23984][gc,age       ] GC(251) - age   2:     604224 bytes,    3884808 total
[2020-09-03T11:16:56.055+0000][23984][gc,age       ] GC(251) - age   3:       5200 bytes,    3890008 total
[2020-09-03T11:16:56.055+0000][23984][gc,age       ] GC(251) - age   4:       5064 bytes,    3895072 total
[2020-09-03T11:16:56.055+0000][23984][gc,age       ] GC(251) - age   5:      65600 bytes,    3960672 total
[2020-09-03T11:16:56.055+0000][23984][gc,age       ] GC(251) - age   6:       1896 bytes,    3962568 total
[2020-09-03T11:16:56.055+0000][23984][gc,age       ] GC(251) - age   7:        232 bytes,    3962800 total
[2020-09-03T11:16:56.055+0000][23984][gc,age       ] GC(251) - age   8:        944 bytes,    3963744 total
[2020-09-03T11:16:56.055+0000][23984][gc,age       ] GC(251) - age   9:      10656 bytes,    3974400 total
[2020-09-03T11:16:56.055+0000][23984][gc,age       ] GC(251) - age  10:      33712 bytes,    4008112 total
[2020-09-03T11:16:56.055+0000][23984][gc,age       ] GC(251) - age  11:       2240 bytes,    4010352 total
[2020-09-03T11:16:56.055+0000][23984][gc,age       ] GC(251) - age  12:        512 bytes,    4010864 total
[2020-09-03T11:16:56.055+0000][23984][gc,age       ] GC(251) - age  13:        864 bytes,    4011728 total
[2020-09-03T11:16:56.055+0000][23984][gc,age       ] GC(251) - age  14:        336 bytes,    4012064 total
[2020-09-03T11:16:56.055+0000][23984][gc,age       ] GC(251) - age  15:        592 bytes,    4012656 total
[2020-09-03T11:16:56.056+0000][23984][gc,phases    ] GC(251)   Pre Evacuate Collection Set: 0.3ms
[2020-09-03T11:16:56.056+0000][23984][gc,phases    ] GC(251)   Merge Heap Roots: 0.1ms
[2020-09-03T11:16:56.056+0000][23984][gc,phases    ] GC(251)   Evacuate Collection Set: 2.3ms
[2020-09-03T11:16:56.056+0000][23984][gc,phases    ] GC(251)   Post Evacuate Collection Set: 0.8ms
[2020-09-03T11:16:56.056+0000][23984][gc,phases    ] GC(251)   Other: 0.9ms
[2020-09-03T11:16:56.056+0000][23984][gc,heap      ] GC(251) Eden regions: 43->0(494)
[2020-09-03T11:16:56.056+0000][23984][gc,heap      ] GC(251) Survivor regions: 5->5(62)
[2020-09-03T11:16:56.056+0000][23984][gc,heap      ] GC(251) Old regions: 77->77
[2020-09-03T11:16:56.056+0000][23984][gc,heap      ] GC(251) Archive regions: 0->0
[2020-09-03T11:16:56.056+0000][23984][gc,heap      ] GC(251) Humongous regions: 274->174
[2020-09-03T11:16:56.056+0000][23984][gc,metaspace ] GC(251) Metaspace: 86261K(92800K)->86261K(92800K) NonClass: 75251K(79104K)->75251K(79104K) Class: 11009K(13696K)->11009K(13696K)
[2020-09-03T11:16:56.056+0000][23984][gc           ] GC(251) Pause Young (Concurrent Start) (G1 Humongous Allocation) 397M->254M(1024M) 4.841ms
[2020-09-03T11:16:56.056+0000][23984][gc,cpu       ] GC(251) User=0.00s Sys=0.00s Real=0.00s
[2020-09-03T11:16:56.056+0000][23984][gc           ] GC(252) Concurrent Cycle
[2020-09-03T11:16:56.056+0000][23984][gc,marking   ] GC(252) Concurrent Clear Claimed Marks
[2020-09-03T11:16:56.056+0000][23984][gc,marking   ] GC(252) Concurrent Clear Claimed Marks 0.248ms
[2020-09-03T11:16:56.056+0000][23984][gc,marking   ] GC(252) Concurrent Scan Root Regions
[2020-09-03T11:16:56.057+0000][23984][safepoint    ] Safepoint "G1TryInitiateConcMark", Time since last: 102326800 ns, Reaching safepoint: 133900 ns, At safepoint: 5539100 ns, Total: 5673000 ns
[2020-09-03T11:16:56.059+0000][23984][gc,marking   ] GC(252) Concurrent Scan Root Regions 2.459ms
[2020-09-03T11:16:56.059+0000][23984][gc,marking   ] GC(252) Concurrent Mark (165.061s)
[2020-09-03T11:16:56.059+0000][23984][gc,marking   ] GC(252) Concurrent Mark From Roots
[2020-09-03T11:16:56.059+0000][23984][gc,task      ] GC(252) Using 2 workers of 2 for marking
[2020-09-03T11:16:56.191+0000][23984][gc,marking   ] GC(252) Concurrent Mark From Roots 131.684ms
[2020-09-03T11:16:56.191+0000][23984][gc,marking   ] GC(252) Concurrent Preclean
[2020-09-03T11:16:56.191+0000][23984][gc,marking   ] GC(252) Concurrent Preclean 0.442ms
[2020-09-03T11:16:56.191+0000][23984][gc,marking   ] GC(252) Concurrent Mark (165.061s, 165.193s) 132.266ms
[2020-09-03T11:16:56.192+0000][23984][gc,start     ] GC(252) Pause Remark
[2020-09-03T11:16:56.197+0000][23984][gc           ] GC(252) Pause Remark 318M->318M(1024M) 5.318ms
[2020-09-03T11:16:56.197+0000][23984][gc,cpu       ] GC(252) User=0.00s Sys=0.00s Real=0.01s
[2020-09-03T11:16:56.197+0000][23984][safepoint    ] Safepoint "G1Concurrent", Time since last: 134759000 ns, Reaching safepoint: 160600 ns, At safepoint: 5548600 ns, Total: 5709200 ns
[2020-09-03T11:16:56.197+0000][23984][gc,marking   ] GC(252) Concurrent Rebuild Remembered Sets
[2020-09-03T11:16:56.273+0000][23984][gc,marking   ] GC(252) Concurrent Rebuild Remembered Sets 75.549ms
[2020-09-03T11:16:56.273+0000][23984][gc,start     ] GC(252) Pause Cleanup
[2020-09-03T11:16:56.273+0000][23984][gc           ] GC(252) Pause Cleanup 387M->387M(1024M) 0.275ms
[2020-09-03T11:16:56.273+0000][23984][gc,cpu       ] GC(252) User=0.00s Sys=0.00s Real=0.00s
[2020-09-03T11:16:56.273+0000][23984][safepoint    ] Safepoint "G1Concurrent", Time since last: 75733400 ns, Reaching safepoint: 144000 ns, At safepoint: 425700 ns, Total: 569700 ns
[2020-09-03T11:16:56.273+0000][23984][gc,marking   ] GC(252) Concurrent Cleanup for Next Mark
[2020-09-03T11:16:56.275+0000][23984][gc,marking   ] GC(252) Concurrent Cleanup for Next Mark 1.269ms
[2020-09-03T11:16:56.275+0000][23984][gc           ] GC(252) Concurrent Cycle 218.711ms
[2020-09-03T11:16:56.393+0000][23984][gc,start     ] GC(253) Pause Young (Concurrent Start) (G1 Humongous Allocation)
[2020-09-03T11:16:56.393+0000][23984][gc,task      ] GC(253) Using 8 workers of 8 for evacuation
[2020-09-03T11:16:56.393+0000][23984][gc,age       ] GC(253) Desired survivor size 33030144 bytes, new threshold 15 (max threshold 15)
[2020-09-03T11:16:56.397+0000][23984][gc,age       ] GC(253) Age table with threshold 15 (max threshold 15)
[2020-09-03T11:16:56.397+0000][23984][gc,age       ] GC(253) - age   1:    3279592 bytes,    3279592 total
[2020-09-03T11:16:56.397+0000][23984][gc,age       ] GC(253) - age   2:     408952 bytes,    3688544 total
[2020-09-03T11:16:56.397+0000][23984][gc,age       ] GC(253) - age   3:     204744 bytes,    3893288 total
[2020-09-03T11:16:56.397+0000][23984][gc,age       ] GC(253) - age   4:       3240 bytes,    3896528 total
[2020-09-03T11:16:56.397+0000][23984][gc,age       ] GC(253) - age   5:       4720 bytes,    3901248 total
[2020-09-03T11:16:56.397+0000][23984][gc,age       ] GC(253) - age   6:      65600 bytes,    3966848 total
[2020-09-03T11:16:56.397+0000][23984][gc,age       ] GC(253) - age   7:       1640 bytes,    3968488 total
[2020-09-03T11:16:56.397+0000][23984][gc,age       ] GC(253) - age   8:        168 bytes,    3968656 total
[2020-09-03T11:16:56.397+0000][23984][gc,age       ] GC(253) - age   9:        944 bytes,    3969600 total
[2020-09-03T11:16:56.397+0000][23984][gc,age       ] GC(253) - age  10:      10656 bytes,    3980256 total
[2020-09-03T11:16:56.397+0000][23984][gc,age       ] GC(253) - age  11:      33712 bytes,    4013968 total
[2020-09-03T11:16:56.397+0000][23984][gc,age       ] GC(253) - age  12:       2240 bytes,    4016208 total
[2020-09-03T11:16:56.397+0000][23984][gc,age       ] GC(253) - age  13:        448 bytes,    4016656 total
[2020-09-03T11:16:56.397+0000][23984][gc,age       ] GC(253) - age  14:        864 bytes,    4017520 total
[2020-09-03T11:16:56.397+0000][23984][gc,age       ] GC(253) - age  15:        304 bytes,    4017824 total
[2020-09-03T11:16:56.397+0000][23984][gc,phases    ] GC(253)   Pre Evacuate Collection Set: 0.4ms
[2020-09-03T11:16:56.397+0000][23984][gc,phases    ] GC(253)   Merge Heap Roots: 0.1ms
[2020-09-03T11:16:56.397+0000][23984][gc,phases    ] GC(253)   Evacuate Collection Set: 2.2ms
[2020-09-03T11:16:56.397+0000][23984][gc,phases    ] GC(253)   Post Evacuate Collection Set: 0.7ms
[2020-09-03T11:16:56.397+0000][23984][gc,phases    ] GC(253)   Other: 0.8ms
[2020-09-03T11:16:56.397+0000][23984][gc,heap      ] GC(253) Eden regions: 44->0(496)
[2020-09-03T11:16:56.397+0000][23984][gc,heap      ] GC(253) Survivor regions: 5->5(63)
[2020-09-03T11:16:56.397+0000][23984][gc,heap      ] GC(253) Old regions: 77->77
[2020-09-03T11:16:56.397+0000][23984][gc,heap      ] GC(253) Archive regions: 0->0
[2020-09-03T11:16:56.398+0000][23984][gc,heap      ] GC(253) Humongous regions: 274->174
[2020-09-03T11:16:56.398+0000][23984][gc,metaspace ] GC(253) Metaspace: 86261K(92800K)->86261K(92800K) NonClass: 75251K(79104K)->75251K(79104K) Class: 11009K(13696K)->11009K(13696K)
[2020-09-03T11:16:56.398+0000][23984][gc           ] GC(253) Pause Young (Concurrent Start) (G1 Humongous Allocation) 398M->254M(1024M) 4.499ms
[2020-09-03T11:16:56.398+0000][23984][gc,cpu       ] GC(253) User=0.00s Sys=0.00s Real=0.01s
[2020-09-03T11:16:56.398+0000][23984][gc           ] GC(254) Concurrent Cycle
[2020-09-03T11:16:56.398+0000][23984][safepoint    ] Safepoint "G1TryInitiateConcMark", Time since last: 119571800 ns, Reaching safepoint: 146700 ns, At safepoint: 4648300 ns, Total: 4795000 ns
[2020-09-03T11:16:56.398+0000][23984][gc,marking   ] GC(254) Concurrent Clear Claimed Marks
[2020-09-03T11:16:56.398+0000][23984][gc,marking   ] GC(254) Concurrent Clear Claimed Marks 0.463ms
[2020-09-03T11:16:56.398+0000][23984][gc,marking   ] GC(254) Concurrent Scan Root Regions
[2020-09-03T11:16:56.401+0000][23984][gc,marking   ] GC(254) Concurrent Scan Root Regions 2.373ms
[2020-09-03T11:16:56.401+0000][23984][gc,marking   ] GC(254) Concurrent Mark (165.403s)
[2020-09-03T11:16:56.401+0000][23984][gc,marking   ] GC(254) Concurrent Mark From Roots
[2020-09-03T11:16:56.401+0000][23984][gc,task      ] GC(254) Using 2 workers of 2 for marking
[2020-09-03T11:16:56.518+0000][23984][gc,marking   ] GC(254) Concurrent Mark From Roots 116.593ms
[2020-09-03T11:16:56.518+0000][23984][gc,marking   ] GC(254) Concurrent Preclean
[2020-09-03T11:16:56.518+0000][23984][gc,marking   ] GC(254) Concurrent Preclean 0.537ms
[2020-09-03T11:16:56.518+0000][23984][gc,marking   ] GC(254) Concurrent Mark (165.403s, 165.520s) 117.401ms
[2020-09-03T11:16:56.519+0000][23984][gc,start     ] GC(254) Pause Remark
[2020-09-03T11:16:56.524+0000][23984][gc           ] GC(254) Pause Remark 316M->316M(1024M) 5.314ms
[2020-09-03T11:16:56.524+0000][23984][gc,cpu       ] GC(254) User=0.00s Sys=0.00s Real=0.00s
[2020-09-03T11:16:56.524+0000][23984][safepoint    ] Safepoint "G1Concurrent", Time since last: 120616900 ns, Reaching safepoint: 133900 ns, At safepoint: 5522900 ns, Total: 5656800 ns
[2020-09-03T11:16:56.524+0000][23984][gc,marking   ] GC(254) Concurrent Rebuild Remembered Sets
[2020-09-03T11:16:56.613+0000][23984][gc,marking   ] GC(254) Concurrent Rebuild Remembered Sets 89.074ms
[2020-09-03T11:16:56.613+0000][23984][gc,start     ] GC(254) Pause Cleanup
[2020-09-03T11:16:56.614+0000][23984][gc           ] GC(254) Pause Cleanup 329M->329M(1024M) 0.294ms
[2020-09-03T11:16:56.614+0000][23984][gc,cpu       ] GC(254) User=0.00s Sys=0.00s Real=0.00s
[2020-09-03T11:16:56.614+0000][23984][safepoint    ] Safepoint "G1Concurrent", Time since last: 89237000 ns, Reaching safepoint: 162900 ns, At safepoint: 442900 ns, Total: 605800 ns
[2020-09-03T11:16:56.614+0000][23984][gc,marking   ] GC(254) Concurrent Cleanup for Next Mark
[2020-09-03T11:16:56.616+0000][23984][gc,marking   ] GC(254) Concurrent Cleanup for Next Mark 1.916ms
[2020-09-03T11:16:56.616+0000][23984][gc           ] GC(254) Concurrent Cycle 218.232ms
[2020-09-03T11:16:56.634+0000][23984][gc,start     ] GC(255) Pause Young (Concurrent Start) (G1 Humongous Allocation)
[2020-09-03T11:16:56.635+0000][23984][gc,task      ] GC(255) Using 8 workers of 8 for evacuation
[2020-09-03T11:16:56.635+0000][23984][gc,age       ] GC(255) Desired survivor size 33030144 bytes, new threshold 15 (max threshold 15)
[2020-09-03T11:16:56.638+0000][23984][gc,age       ] GC(255) Age table with threshold 15 (max threshold 15)
[2020-09-03T11:16:56.638+0000][23984][gc,age       ] GC(255) - age   1:    5255768 bytes,    5255768 total
[2020-09-03T11:16:56.638+0000][23984][gc,age       ] GC(255) - age   2:       2664 bytes,    5258432 total
[2020-09-03T11:16:56.638+0000][23984][gc,age       ] GC(255) - age   3:       2384 bytes,    5260816 total
[2020-09-03T11:16:56.638+0000][23984][gc,age       ] GC(255) - age   4:       1872 bytes,    5262688 total
[2020-09-03T11:16:56.638+0000][23984][gc,age       ] GC(255) - age   5:       1600 bytes,    5264288 total
[2020-09-03T11:16:56.638+0000][23984][gc,age       ] GC(255) - age   6:       4528 bytes,    5268816 total
[2020-09-03T11:16:56.638+0000][23984][gc,age       ] GC(255) - age   7:      65120 bytes,    5333936 total
[2020-09-03T11:16:56.638+0000][23984][gc,age       ] GC(255) - age   8:       1608 bytes,    5335544 total
[2020-09-03T11:16:56.638+0000][23984][gc,age       ] GC(255) - age   9:        168 bytes,    5335712 total
[2020-09-03T11:16:56.638+0000][23984][gc,age       ] GC(255) - age  10:        944 bytes,    5336656 total
[2020-09-03T11:16:56.638+0000][23984][gc,age       ] GC(255) - age  11:      10560 bytes,    5347216 total
[2020-09-03T11:16:56.639+0000][23984][gc,age       ] GC(255) - age  12:      33712 bytes,    5380928 total
[2020-09-03T11:16:56.639+0000][23984][gc,age       ] GC(255) - age  13:       2240 bytes,    5383168 total
[2020-09-03T11:16:56.639+0000][23984][gc,age       ] GC(255) - age  14:        416 bytes,    5383584 total
[2020-09-03T11:16:56.639+0000][23984][gc,age       ] GC(255) - age  15:        800 bytes,    5384384 total
[2020-09-03T11:16:56.639+0000][23984][gc,phases    ] GC(255)   Pre Evacuate Collection Set: 0.4ms
[2020-09-03T11:16:56.639+0000][23984][gc,phases    ] GC(255)   Merge Heap Roots: 0.1ms
[2020-09-03T11:16:56.639+0000][23984][gc,phases    ] GC(255)   Evacuate Collection Set: 2.1ms
[2020-09-03T11:16:56.639+0000][23984][gc,phases    ] GC(255)   Post Evacuate Collection Set: 0.7ms
[2020-09-03T11:16:56.639+0000][23984][gc,phases    ] GC(255)   Other: 1.1ms
[2020-09-03T11:16:56.639+0000][23984][gc,heap      ] GC(255) Eden regions: 35->0(495)
[2020-09-03T11:16:56.639+0000][23984][gc,heap      ] GC(255) Survivor regions: 5->6(63)
[2020-09-03T11:16:56.639+0000][23984][gc,heap      ] GC(255) Old regions: 77->77
[2020-09-03T11:16:56.639+0000][23984][gc,heap      ] GC(255) Archive regions: 0->0
[2020-09-03T11:16:56.639+0000][23984][gc,heap      ] GC(255) Humongous regions: 230->174
[2020-09-03T11:16:56.639+0000][23984][gc,metaspace ] GC(255) Metaspace: 86308K(92800K)->86308K(92800K) NonClass: 75299K(79104K)->75299K(79104K) Class: 11009K(13696K)->11009K(13696K)
[2020-09-03T11:16:56.639+0000][23984][gc           ] GC(255) Pause Young (Concurrent Start) (G1 Humongous Allocation) 345M->256M(1024M) 4.825ms
[2020-09-03T11:16:56.639+0000][23984][gc,cpu       ] GC(255) User=0.00s Sys=0.02s Real=0.00s
[2020-09-03T11:16:56.639+0000][23984][gc           ] GC(256) Concurrent Cycle
[2020-09-03T11:16:56.639+0000][23984][safepoint    ] Safepoint "G1TryInitiateConcMark", Time since last: 20355800 ns, Reaching safepoint: 176100 ns, At safepoint: 5043800 ns, Total: 5219900 ns
[2020-09-03T11:16:56.639+0000][23984][gc,marking   ] GC(256) Concurrent Clear Claimed Marks
[2020-09-03T11:16:56.640+0000][23984][gc,marking   ] GC(256) Concurrent Clear Claimed Marks 0.768ms
[2020-09-03T11:16:56.640+0000][23984][gc,marking   ] GC(256) Concurrent Scan Root Regions
[2020-09-03T11:16:56.642+0000][23984][gc,marking   ] GC(256) Concurrent Scan Root Regions 1.808ms
[2020-09-03T11:16:56.642+0000][23984][gc,marking   ] GC(256) Concurrent Mark (165.644s)
[2020-09-03T11:16:56.642+0000][23984][gc,marking   ] GC(256) Concurrent Mark From Roots
[2020-09-03T11:16:56.642+0000][23984][gc,task      ] GC(256) Using 2 workers of 2 for marking
[2020-09-03T11:16:56.791+0000][23984][gc,marking   ] GC(256) Concurrent Mark From Roots 148.207ms
[2020-09-03T11:16:56.791+0000][23984][gc,marking   ] GC(256) Concurrent Preclean
[2020-09-03T11:16:56.791+0000][23984][gc,marking   ] GC(256) Concurrent Preclean 0.547ms
[2020-09-03T11:16:56.791+0000][23984][gc,marking   ] GC(256) Concurrent Mark (165.644s, 165.793s) 148.946ms
[2020-09-03T11:16:56.795+0000][23984][gc,start     ] GC(256) Pause Remark
[2020-09-03T11:16:56.800+0000][23984][gc           ] GC(256) Pause Remark 507M->507M(1024M) 5.112ms
[2020-09-03T11:16:56.800+0000][23984][gc,cpu       ] GC(256) User=0.00s Sys=0.00s Real=0.00s
[2020-09-03T11:16:56.800+0000][23984][safepoint    ] Safepoint "G1Concurrent", Time since last: 151823100 ns, Reaching safepoint: 3375200 ns, At safepoint: 5314500 ns, Total: 8689700 ns
[2020-09-03T11:16:56.800+0000][23984][gc,marking   ] GC(256) Concurrent Rebuild Remembered Sets
[2020-09-03T11:16:56.892+0000][23984][gc,marking   ] GC(256) Concurrent Rebuild Remembered Sets 92.146ms
[2020-09-03T11:16:56.893+0000][23984][gc,start     ] GC(256) Pause Cleanup
[2020-09-03T11:16:56.893+0000][23984][gc           ] GC(256) Pause Cleanup 572M->572M(1024M) 0.319ms
[2020-09-03T11:16:56.893+0000][23984][gc,cpu       ] GC(256) User=0.00s Sys=0.00s Real=0.00s
[2020-09-03T11:16:56.893+0000][23984][safepoint    ] Safepoint "G1Concurrent", Time since last: 92331300 ns, Reaching safepoint: 243200 ns, At safepoint: 494100 ns, Total: 737300 ns
[2020-09-03T11:16:56.893+0000][23984][gc,marking   ] GC(256) Concurrent Cleanup for Next Mark
[2020-09-03T11:16:56.895+0000][23984][gc,marking   ] GC(256) Concurrent Cleanup for Next Mark 1.416ms
[2020-09-03T11:16:56.895+0000][23984][gc           ] GC(256) Concurrent Cycle 255.241ms
[2020-09-03T11:16:57.099+0000][23984][gc,start     ] GC(257) Pause Young (Concurrent Start) (G1 Humongous Allocation)
[2020-09-03T11:16:57.099+0000][23984][gc,task      ] GC(257) Using 8 workers of 8 for evacuation
[2020-09-03T11:16:57.099+0000][23984][gc,age       ] GC(257) Desired survivor size 33030144 bytes, new threshold 15 (max threshold 15)
[2020-09-03T11:16:57.105+0000][23984][gc,age       ] GC(257) Age table with threshold 15 (max threshold 15)
[2020-09-03T11:16:57.105+0000][23984][gc,age       ] GC(257) - age   1:   13524520 bytes,   13524520 total
[2020-09-03T11:16:57.105+0000][23984][gc,age       ] GC(257) - age   2:       2328 bytes,   13526848 total
[2020-09-03T11:16:57.105+0000][23984][gc,age       ] GC(257) - age   3:       1672 bytes,   13528520 total
[2020-09-03T11:16:57.105+0000][23984][gc,age       ] GC(257) - age   4:       1128 bytes,   13529648 total
[2020-09-03T11:16:57.105+0000][23984][gc,age       ] GC(257) - age   5:       1464 bytes,   13531112 total
[2020-09-03T11:16:57.105+0000][23984][gc,age       ] GC(257) - age   6:       1200 bytes,   13532312 total
[2020-09-03T11:16:57.105+0000][23984][gc,age       ] GC(257) - age   7:       4424 bytes,   13536736 total
[2020-09-03T11:16:57.105+0000][23984][gc,age       ] GC(257) - age   8:      65120 bytes,   13601856 total
[2020-09-03T11:16:57.105+0000][23984][gc,age       ] GC(257) - age   9:       1480 bytes,   13603336 total
[2020-09-03T11:16:57.105+0000][23984][gc,age       ] GC(257) - age  10:        136 bytes,   13603472 total
[2020-09-03T11:16:57.105+0000][23984][gc,age       ] GC(257) - age  11:        912 bytes,   13604384 total
[2020-09-03T11:16:57.105+0000][23984][gc,age       ] GC(257) - age  12:      10528 bytes,   13614912 total
[2020-09-03T11:16:57.105+0000][23984][gc,age       ] GC(257) - age  13:      33712 bytes,   13648624 total
[2020-09-03T11:16:57.105+0000][23984][gc,age       ] GC(257) - age  14:       2176 bytes,   13650800 total
[2020-09-03T11:16:57.105+0000][23984][gc,age       ] GC(257) - age  15:        416 bytes,   13651216 total
[2020-09-03T11:16:57.105+0000][23984][gc,phases    ] GC(257)   Pre Evacuate Collection Set: 0.4ms
[2020-09-03T11:16:57.105+0000][23984][gc,phases    ] GC(257)   Merge Heap Roots: 0.1ms
[2020-09-03T11:16:57.105+0000][23984][gc,phases    ] GC(257)   Evacuate Collection Set: 3.6ms
[2020-09-03T11:16:57.105+0000][23984][gc,phases    ] GC(257)   Post Evacuate Collection Set: 1.1ms
[2020-09-03T11:16:57.105+0000][23984][gc,phases    ] GC(257)   Other: 0.9ms
[2020-09-03T11:16:57.106+0000][23984][gc,heap      ] GC(257) Eden regions: 113->0(480)
[2020-09-03T11:16:57.106+0000][23984][gc,heap      ] GC(257) Survivor regions: 6->14(63)
[2020-09-03T11:16:57.106+0000][23984][gc,heap      ] GC(257) Old regions: 77->77
[2020-09-03T11:16:57.106+0000][23984][gc,heap      ] GC(257) Archive regions: 0->0
[2020-09-03T11:16:57.106+0000][23984][gc,heap      ] GC(257) Humongous regions: 424->174
[2020-09-03T11:16:57.106+0000][23984][gc,metaspace ] GC(257) Metaspace: 86347K(92800K)->86347K(92800K) NonClass: 75338K(79104K)->75338K(79104K) Class: 11009K(13696K)->11009K(13696K)
[2020-09-03T11:16:57.106+0000][23984][gc           ] GC(257) Pause Young (Concurrent Start) (G1 Humongous Allocation) 619M->264M(1024M) 6.535ms
[2020-09-03T11:16:57.106+0000][23984][gc,cpu       ] GC(257) User=0.00s Sys=0.00s Real=0.01s
[2020-09-03T11:16:57.106+0000][23984][gc           ] GC(258) Concurrent Cycle
[2020-09-03T11:16:57.106+0000][23984][gc,marking   ] GC(258) Concurrent Clear Claimed Marks
[2020-09-03T11:16:57.106+0000][23984][safepoint    ] Safepoint "G1TryInitiateConcMark", Time since last: 205984800 ns, Reaching safepoint: 168800 ns, At safepoint: 6880900 ns, Total: 7049700 ns
[2020-09-03T11:16:57.106+0000][23984][gc,marking   ] GC(258) Concurrent Clear Claimed Marks 0.310ms
[2020-09-03T11:16:57.106+0000][23984][gc,marking   ] GC(258) Concurrent Scan Root Regions
[2020-09-03T11:16:57.110+0000][23984][gc,marking   ] GC(258) Concurrent Scan Root Regions 3.655ms
[2020-09-03T11:16:57.110+0000][23984][gc,marking   ] GC(258) Concurrent Mark (166.112s)
[2020-09-03T11:16:57.110+0000][23984][gc,marking   ] GC(258) Concurrent Mark From Roots
[2020-09-03T11:16:57.110+0000][23984][gc,task      ] GC(258) Using 2 workers of 2 for marking
[2020-09-03T11:16:57.277+0000][23984][gc,marking   ] GC(258) Concurrent Mark From Roots 166.783ms
[2020-09-03T11:16:57.277+0000][23984][gc,marking   ] GC(258) Concurrent Preclean
[2020-09-03T11:16:57.278+0000][23984][gc,marking   ] GC(258) Concurrent Preclean 0.717ms
[2020-09-03T11:16:57.278+0000][23984][gc,marking   ] GC(258) Concurrent Mark (166.112s, 166.280s) 167.704ms
[2020-09-03T11:16:57.278+0000][23984][gc,start     ] GC(258) Pause Remark
[2020-09-03T11:16:57.284+0000][23984][gc           ] GC(258) Pause Remark 510M->510M(1024M) 5.828ms
[2020-09-03T11:16:57.284+0000][23984][gc,cpu       ] GC(258) User=0.11s Sys=0.00s Real=0.01s
[2020-09-03T11:16:57.284+0000][23984][safepoint    ] Safepoint "G1Concurrent", Time since last: 171791100 ns, Reaching safepoint: 157700 ns, At safepoint: 6126500 ns, Total: 6284200 ns
[2020-09-03T11:16:57.284+0000][23984][gc,marking   ] GC(258) Concurrent Rebuild Remembered Sets
[2020-09-03T11:16:57.370+0000][23984][gc,marking   ] GC(258) Concurrent Rebuild Remembered Sets 85.689ms
[2020-09-03T11:16:57.370+0000][23984][gc,start     ] GC(258) Pause Cleanup
[2020-09-03T11:16:57.370+0000][23984][gc           ] GC(258) Pause Cleanup 583M->583M(1024M) 0.271ms
[2020-09-03T11:16:57.370+0000][23984][gc,cpu       ] GC(258) User=0.00s Sys=0.00s Real=0.00s
[2020-09-03T11:16:57.371+0000][23984][safepoint    ] Safepoint "G1Concurrent", Time since last: 85853500 ns, Reaching safepoint: 141700 ns, At safepoint: 404500 ns, Total: 546200 ns
[2020-09-03T11:16:57.371+0000][23984][gc,marking   ] GC(258) Concurrent Cleanup for Next Mark
[2020-09-03T11:16:57.372+0000][23984][gc,marking   ] GC(258) Concurrent Cleanup for Next Mark 1.175ms
[2020-09-03T11:16:57.372+0000][23984][gc           ] GC(258) Concurrent Cycle 265.968ms
[2020-09-03T11:16:57.511+0000][23984][gc,start     ] GC(259) Pause Young (Concurrent Start) (G1 Humongous Allocation)
[2020-09-03T11:16:57.511+0000][23984][gc,task      ] GC(259) Using 8 workers of 8 for evacuation
[2020-09-03T11:16:57.511+0000][23984][gc,age       ] GC(259) Desired survivor size 32505856 bytes, new threshold 15 (max threshold 15)
[2020-09-03T11:16:57.516+0000][23984][gc,age       ] GC(259) Age table with threshold 15 (max threshold 15)
[2020-09-03T11:16:57.516+0000][23984][gc,age       ] GC(259) - age   1:   13275376 bytes,   13275376 total
[2020-09-03T11:16:57.516+0000][23984][gc,age       ] GC(259) - age   2:       8240 bytes,   13283616 total
[2020-09-03T11:16:57.516+0000][23984][gc,age       ] GC(259) - age   3:       1704 bytes,   13285320 total
[2020-09-03T11:16:57.516+0000][23984][gc,age       ] GC(259) - age   4:       1160 bytes,   13286480 total
[2020-09-03T11:16:57.516+0000][23984][gc,age       ] GC(259) - age   5:       1064 bytes,   13287544 total
[2020-09-03T11:16:57.516+0000][23984][gc,age       ] GC(259) - age   6:       1368 bytes,   13288912 total
[2020-09-03T11:16:57.516+0000][23984][gc,age       ] GC(259) - age   7:       1200 bytes,   13290112 total
[2020-09-03T11:16:57.516+0000][23984][gc,age       ] GC(259) - age   8:       4424 bytes,   13294536 total
[2020-09-03T11:16:57.516+0000][23984][gc,age       ] GC(259) - age   9:      65120 bytes,   13359656 total
[2020-09-03T11:16:57.516+0000][23984][gc,age       ] GC(259) - age  10:       1480 bytes,   13361136 total
[2020-09-03T11:16:57.516+0000][23984][gc,age       ] GC(259) - age  11:        136 bytes,   13361272 total
[2020-09-03T11:16:57.517+0000][23984][gc,age       ] GC(259) - age  12:        912 bytes,   13362184 total
[2020-09-03T11:16:57.517+0000][23984][gc,age       ] GC(259) - age  13:      10496 bytes,   13372680 total
[2020-09-03T11:16:57.517+0000][23984][gc,age       ] GC(259) - age  14:      33712 bytes,   13406392 total
[2020-09-03T11:16:57.517+0000][23984][gc,age       ] GC(259) - age  15:       2176 bytes,   13408568 total
[2020-09-03T11:16:57.517+0000][23984][gc,phases    ] GC(259)   Pre Evacuate Collection Set: 0.5ms
[2020-09-03T11:16:57.517+0000][23984][gc,phases    ] GC(259)   Merge Heap Roots: 0.1ms
[2020-09-03T11:16:57.517+0000][23984][gc,phases    ] GC(259)   Evacuate Collection Set: 3.4ms
[2020-09-03T11:16:57.517+0000][23984][gc,phases    ] GC(259)   Post Evacuate Collection Set: 0.9ms
[2020-09-03T11:16:57.517+0000][23984][gc,phases    ] GC(259)   Other: 0.9ms
[2020-09-03T11:16:57.517+0000][23984][gc,heap      ] GC(259) Eden regions: 98->0(476)
[2020-09-03T11:16:57.517+0000][23984][gc,heap      ] GC(259) Survivor regions: 14->14(62)
[2020-09-03T11:16:57.517+0000][23984][gc,heap      ] GC(259) Old regions: 77->77
[2020-09-03T11:16:57.517+0000][23984][gc,heap      ] GC(259) Archive regions: 0->0
[2020-09-03T11:16:57.517+0000][23984][gc,heap      ] GC(259) Humongous regions: 430->174
[2020-09-03T11:16:57.517+0000][23984][gc,metaspace ] GC(259) Metaspace: 86375K(92800K)->86375K(92800K) NonClass: 75366K(79104K)->75366K(79104K) Class: 11009K(13696K)->11009K(13696K)
[2020-09-03T11:16:57.517+0000][23984][gc           ] GC(259) Pause Young (Concurrent Start) (G1 Humongous Allocation) 617M->264M(1024M) 6.184ms
[2020-09-03T11:16:57.517+0000][23984][gc,cpu       ] GC(259) User=0.11s Sys=0.00s Real=0.01s
[2020-09-03T11:16:57.517+0000][23984][gc           ] GC(260) Concurrent Cycle
[2020-09-03T11:16:57.517+0000][23984][gc,marking   ] GC(260) Concurrent Clear Claimed Marks
[2020-09-03T11:16:57.517+0000][23984][safepoint    ] Safepoint "G1TryInitiateConcMark", Time since last: 140076700 ns, Reaching safepoint: 229900 ns, At safepoint: 6540000 ns, Total: 6769900 ns
[2020-09-03T11:16:57.518+0000][23984][gc,marking   ] GC(260) Concurrent Clear Claimed Marks 0.381ms
[2020-09-03T11:16:57.518+0000][23984][gc,marking   ] GC(260) Concurrent Scan Root Regions
[2020-09-03T11:16:57.518+0000][23984][safepoint    ] Safepoint "G1TryInitiateConcMark", Time since last: 177100 ns, Reaching safepoint: 164900 ns, At safepoint: 40000 ns, Total: 204900 ns
[2020-09-03T11:16:57.521+0000][23984][gc,marking   ] GC(260) Concurrent Scan Root Regions 3.627ms
[2020-09-03T11:16:57.521+0000][23984][gc,marking   ] GC(260) Concurrent Mark (166.523s)
[2020-09-03T11:16:57.522+0000][23984][gc,marking   ] GC(260) Concurrent Mark From Roots
[2020-09-03T11:16:57.522+0000][23984][gc,task      ] GC(260) Using 2 workers of 2 for marking
[2020-09-03T11:16:57.674+0000][23984][gc,marking   ] GC(260) Concurrent Mark From Roots 152.798ms
[2020-09-03T11:16:57.674+0000][23984][gc,marking   ] GC(260) Concurrent Preclean
[2020-09-03T11:16:57.675+0000][23984][gc,marking   ] GC(260) Concurrent Preclean 0.704ms
[2020-09-03T11:16:57.675+0000][23984][gc,marking   ] GC(260) Concurrent Mark (166.523s, 166.677s) 153.711ms
[2020-09-03T11:16:57.675+0000][23984][gc,start     ] GC(260) Pause Remark
[2020-09-03T11:16:57.681+0000][23984][gc           ] GC(260) Pause Remark 512M->512M(1024M) 5.963ms
[2020-09-03T11:16:57.682+0000][23984][gc,cpu       ] GC(260) User=0.00s Sys=0.00s Real=0.01s
[2020-09-03T11:16:57.682+0000][23984][safepoint    ] Safepoint "G1Concurrent", Time since last: 157526300 ns, Reaching safepoint: 202600 ns, At safepoint: 6227600 ns, Total: 6430200 ns
[2020-09-03T11:16:57.682+0000][23984][gc,marking   ] GC(260) Concurrent Rebuild Remembered Sets
[2020-09-03T11:16:57.776+0000][23984][gc,marking   ] GC(260) Concurrent Rebuild Remembered Sets 94.132ms
[2020-09-03T11:16:57.776+0000][23984][gc,start     ] GC(260) Pause Cleanup
[2020-09-03T11:16:57.777+0000][23984][gc           ] GC(260) Pause Cleanup 585M->585M(1024M) 0.443ms
[2020-09-03T11:16:57.777+0000][23984][gc,cpu       ] GC(260) User=0.00s Sys=0.00s Real=0.00s
[2020-09-03T11:16:57.777+0000][23984][safepoint    ] Safepoint "G1Concurrent", Time since last: 94333700 ns, Reaching safepoint: 159100 ns, At safepoint: 635800 ns, Total: 794900 ns
[2020-09-03T11:16:57.777+0000][23984][gc,marking   ] GC(260) Concurrent Cleanup for Next Mark
[2020-09-03T11:16:57.779+0000][23984][gc,marking   ] GC(260) Concurrent Cleanup for Next Mark 1.674ms
[2020-09-03T11:16:57.779+0000][23984][gc           ] GC(260) Concurrent Cycle 261.526ms
[2020-09-03T11:16:57.869+0000][23984][gc,start     ] GC(261) Pause Young (Concurrent Start) (G1 Humongous Allocation)
[2020-09-03T11:16:57.869+0000][23984][gc,task      ] GC(261) Using 8 workers of 8 for evacuation
[2020-09-03T11:16:57.869+0000][23984][gc,age       ] GC(261) Desired survivor size 32505856 bytes, new threshold 15 (max threshold 15)
[2020-09-03T11:16:57.873+0000][23984][gc,age       ] GC(261) Age table with threshold 15 (max threshold 15)
[2020-09-03T11:16:57.873+0000][23984][gc,age       ] GC(261) - age   1:    3898904 bytes,    3898904 total
[2020-09-03T11:16:57.873+0000][23984][gc,age       ] GC(261) - age   2:       9768 bytes,    3908672 total
[2020-09-03T11:16:57.873+0000][23984][gc,age       ] GC(261) - age   3:       6944 bytes,    3915616 total
[2020-09-03T11:16:57.873+0000][23984][gc,age       ] GC(261) - age   4:       1432 bytes,    3917048 total
[2020-09-03T11:16:57.873+0000][23984][gc,age       ] GC(261) - age   5:       1040 bytes,    3918088 total
[2020-09-03T11:16:57.873+0000][23984][gc,age       ] GC(261) - age   6:       1064 bytes,    3919152 total
[2020-09-03T11:16:57.873+0000][23984][gc,age       ] GC(261) - age   7:       1272 bytes,    3920424 total
[2020-09-03T11:16:57.873+0000][23984][gc,age       ] GC(261) - age   8:       1072 bytes,    3921496 total
[2020-09-03T11:16:57.873+0000][23984][gc,age       ] GC(261) - age   9:       4392 bytes,    3925888 total
[2020-09-03T11:16:57.873+0000][23984][gc,age       ] GC(261) - age  10:      65120 bytes,    3991008 total
[2020-09-03T11:16:57.873+0000][23984][gc,age       ] GC(261) - age  11:       1416 bytes,    3992424 total
[2020-09-03T11:16:57.873+0000][23984][gc,age       ] GC(261) - age  12:        136 bytes,    3992560 total
[2020-09-03T11:16:57.873+0000][23984][gc,age       ] GC(261) - age  13:        912 bytes,    3993472 total
[2020-09-03T11:16:57.873+0000][23984][gc,age       ] GC(261) - age  14:      10496 bytes,    4003968 total
[2020-09-03T11:16:57.873+0000][23984][gc,age       ] GC(261) - age  15:      33712 bytes,    4037680 total
[2020-09-03T11:16:57.873+0000][23984][gc,phases    ] GC(261)   Pre Evacuate Collection Set: 0.3ms
[2020-09-03T11:16:57.873+0000][23984][gc,phases    ] GC(261)   Merge Heap Roots: 0.1ms
[2020-09-03T11:16:57.873+0000][23984][gc,phases    ] GC(261)   Evacuate Collection Set: 2.1ms
[2020-09-03T11:16:57.873+0000][23984][gc,phases    ] GC(261)   Post Evacuate Collection Set: 0.8ms
[2020-09-03T11:16:57.873+0000][23984][gc,phases    ] GC(261)   Other: 0.7ms
[2020-09-03T11:16:57.873+0000][23984][gc,heap      ] GC(261) Eden regions: 78->0(489)
[2020-09-03T11:16:57.873+0000][23984][gc,heap      ] GC(261) Survivor regions: 14->5(62)
[2020-09-03T11:16:57.873+0000][23984][gc,heap      ] GC(261) Old regions: 77->77
[2020-09-03T11:16:57.873+0000][23984][gc,heap      ] GC(261) Archive regions: 0->0
[2020-09-03T11:16:57.873+0000][23984][gc,heap      ] GC(261) Humongous regions: 430->174
[2020-09-03T11:16:57.873+0000][23984][gc,metaspace ] GC(261) Metaspace: 86389K(92800K)->86389K(92800K) NonClass: 75379K(79104K)->75379K(79104K) Class: 11009K(13696K)->11009K(13696K)
[2020-09-03T11:16:57.873+0000][23984][gc           ] GC(261) Pause Young (Concurrent Start) (G1 Humongous Allocation) 598M->255M(1024M) 4.296ms
[2020-09-03T11:16:57.873+0000][23984][gc,cpu       ] GC(261) User=0.02s Sys=0.00s Real=0.00s
[2020-09-03T11:16:57.873+0000][23984][safepoint    ] Safepoint "G1TryInitiateConcMark", Time since last: 91930300 ns, Reaching safepoint: 127800 ns, At safepoint: 4437200 ns, Total: 4565000 ns
[2020-09-03T11:16:57.873+0000][23984][gc           ] GC(262) Concurrent Cycle
[2020-09-03T11:16:57.873+0000][23984][gc,marking   ] GC(262) Concurrent Clear Claimed Marks
[2020-09-03T11:16:57.874+0000][23984][gc,marking   ] GC(262) Concurrent Clear Claimed Marks 0.286ms
[2020-09-03T11:16:57.874+0000][23984][gc,marking   ] GC(262) Concurrent Scan Root Regions
[2020-09-03T11:16:57.875+0000][23984][gc,marking   ] GC(262) Concurrent Scan Root Regions 1.603ms
[2020-09-03T11:16:57.875+0000][23984][gc,marking   ] GC(262) Concurrent Mark (166.877s)
[2020-09-03T11:16:57.875+0000][23984][gc,marking   ] GC(262) Concurrent Mark From Roots
[2020-09-03T11:16:57.875+0000][23984][gc,task      ] GC(262) Using 2 workers of 2 for marking
[2020-09-03T11:16:57.970+0000][23984][gc,marking   ] GC(262) Concurrent Mark From Roots 94.761ms
[2020-09-03T11:16:57.970+0000][23984][gc,marking   ] GC(262) Concurrent Preclean
[2020-09-03T11:16:57.971+0000][23984][gc,marking   ] GC(262) Concurrent Preclean 0.400ms
[2020-09-03T11:16:57.971+0000][23984][gc,marking   ] GC(262) Concurrent Mark (166.877s, 166.972s) 95.285ms
[2020-09-03T11:16:57.971+0000][23984][gc,start     ] GC(262) Pause Remark
[2020-09-03T11:16:57.976+0000][23984][gc           ] GC(262) Pause Remark 318M->318M(1024M) 5.472ms
[2020-09-03T11:16:57.977+0000][23984][gc,cpu       ] GC(262) User=0.00s Sys=0.00s Real=0.01s
[2020-09-03T11:16:57.977+0000][23984][safepoint    ] Safepoint "G1Concurrent", Time since last: 97443800 ns, Reaching safepoint: 134500 ns, At safepoint: 5776600 ns, Total: 5911100 ns
[2020-09-03T11:16:57.977+0000][23984][gc,marking   ] GC(262) Concurrent Rebuild Remembered Sets
[2020-09-03T11:16:58.054+0000][23984][gc,marking   ] GC(262) Concurrent Rebuild Remembered Sets 76.857ms
[2020-09-03T11:16:58.054+0000][23984][gc,start     ] GC(262) Pause Cleanup
[2020-09-03T11:16:58.054+0000][23984][gc           ] GC(262) Pause Cleanup 390M->390M(1024M) 0.274ms
[2020-09-03T11:16:58.054+0000][23984][gc,cpu       ] GC(262) User=0.00s Sys=0.00s Real=0.00s
[2020-09-03T11:16:58.054+0000][23984][safepoint    ] Safepoint "G1Concurrent", Time since last: 77029100 ns, Reaching safepoint: 145000 ns, At safepoint: 452500 ns, Total: 597500 ns
[2020-09-03T11:16:58.054+0000][23984][gc,marking   ] GC(262) Concurrent Cleanup for Next Mark
[2020-09-03T11:16:58.056+0000][23984][gc,marking   ] GC(262) Concurrent Cleanup for Next Mark 1.792ms
[2020-09-03T11:16:58.056+0000][23984][gc           ] GC(262) Concurrent Cycle 182.921ms
[2020-09-03T11:16:58.180+0000][23984][gc,start     ] GC(263) Pause Young (Concurrent Start) (G1 Humongous Allocation)
[2020-09-03T11:16:58.180+0000][23984][gc,task      ] GC(263) Using 8 workers of 8 for evacuation
[2020-09-03T11:16:58.180+0000][23984][gc,age       ] GC(263) Desired survivor size 32505856 bytes, new threshold 15 (max threshold 15)
[2020-09-03T11:16:58.183+0000][23984][gc,age       ] GC(263) Age table with threshold 15 (max threshold 15)
[2020-09-03T11:16:58.183+0000][23984][gc,age       ] GC(263) - age   1:    3311336 bytes,    3311336 total
[2020-09-03T11:16:58.183+0000][23984][gc,age       ] GC(263) - age   2:     600736 bytes,    3912072 total
[2020-09-03T11:16:58.183+0000][23984][gc,age       ] GC(263) - age   3:       6416 bytes,    3918488 total
[2020-09-03T11:16:58.183+0000][23984][gc,age       ] GC(263) - age   4:       6680 bytes,    3925168 total
[2020-09-03T11:16:58.183+0000][23984][gc,age       ] GC(263) - age   5:       1432 bytes,    3926600 total
[2020-09-03T11:16:58.183+0000][23984][gc,age       ] GC(263) - age   6:        944 bytes,    3927544 total
[2020-09-03T11:16:58.183+0000][23984][gc,age       ] GC(263) - age   7:        968 bytes,    3928512 total
[2020-09-03T11:16:58.183+0000][23984][gc,age       ] GC(263) - age   8:       1176 bytes,    3929688 total
[2020-09-03T11:16:58.183+0000][23984][gc,age       ] GC(263) - age   9:        976 bytes,    3930664 total
[2020-09-03T11:16:58.183+0000][23984][gc,age       ] GC(263) - age  10:       4392 bytes,    3935056 total
[2020-09-03T11:16:58.183+0000][23984][gc,age       ] GC(263) - age  11:      65056 bytes,    4000112 total
[2020-09-03T11:16:58.183+0000][23984][gc,age       ] GC(263) - age  12:       1384 bytes,    4001496 total
[2020-09-03T11:16:58.183+0000][23984][gc,age       ] GC(263) - age  13:        136 bytes,    4001632 total
[2020-09-03T11:16:58.183+0000][23984][gc,age       ] GC(263) - age  14:        912 bytes,    4002544 total
[2020-09-03T11:16:58.183+0000][23984][gc,age       ] GC(263) - age  15:      10464 bytes,    4013008 total
[2020-09-03T11:16:58.183+0000][23984][gc,phases    ] GC(263)   Pre Evacuate Collection Set: 0.3ms
[2020-09-03T11:16:58.183+0000][23984][gc,phases    ] GC(263)   Merge Heap Roots: 0.1ms
[2020-09-03T11:16:58.184+0000][23984][gc,phases    ] GC(263)   Evacuate Collection Set: 2.0ms
[2020-09-03T11:16:58.184+0000][23984][gc,phases    ] GC(263)   Post Evacuate Collection Set: 0.6ms
[2020-09-03T11:16:58.184+0000][23984][gc,phases    ] GC(263)   Other: 0.7ms
[2020-09-03T11:16:58.184+0000][23984][gc,heap      ] GC(263) Eden regions: 44->0(492)
[2020-09-03T11:16:58.184+0000][23984][gc,heap      ] GC(263) Survivor regions: 5->5(62)
[2020-09-03T11:16:58.184+0000][23984][gc,heap      ] GC(263) Old regions: 77->77
[2020-09-03T11:16:58.184+0000][23984][gc,heap      ] GC(263) Archive regions: 0->0
[2020-09-03T11:16:58.184+0000][23984][gc,heap      ] GC(263) Humongous regions: 278->174
[2020-09-03T11:16:58.184+0000][23984][gc,metaspace ] GC(263) Metaspace: 86403K(92800K)->86403K(92800K) NonClass: 75393K(79104K)->75393K(79104K) Class: 11009K(13696K)->11009K(13696K)
[2020-09-03T11:16:58.184+0000][23984][gc           ] GC(263) Pause Young (Concurrent Start) (G1 Humongous Allocation) 403M->255M(1024M) 3.915ms
[2020-09-03T11:16:58.184+0000][23984][gc,cpu       ] GC(263) User=0.00s Sys=0.00s Real=0.00s
[2020-09-03T11:16:58.184+0000][23984][gc           ] GC(264) Concurrent Cycle
[2020-09-03T11:16:58.184+0000][23984][safepoint    ] Safepoint "G1TryInitiateConcMark", Time since last: 125316500 ns, Reaching safepoint: 121700 ns, At safepoint: 4066400 ns, Total: 4188100 ns
[2020-09-03T11:16:58.184+0000][23984][gc,marking   ] GC(264) Concurrent Clear Claimed Marks
[2020-09-03T11:16:58.184+0000][23984][gc,marking   ] GC(264) Concurrent Clear Claimed Marks 0.370ms
[2020-09-03T11:16:58.184+0000][23984][gc,marking   ] GC(264) Concurrent Scan Root Regions
[2020-09-03T11:16:58.187+0000][23984][gc,marking   ] GC(264) Concurrent Scan Root Regions 2.361ms
[2020-09-03T11:16:58.187+0000][23984][gc,marking   ] GC(264) Concurrent Mark (167.189s)
[2020-09-03T11:16:58.187+0000][23984][gc,marking   ] GC(264) Concurrent Mark From Roots
[2020-09-03T11:16:58.187+0000][23984][gc,task      ] GC(264) Using 2 workers of 2 for marking
[2020-09-03T11:16:58.304+0000][23984][gc,marking   ] GC(264) Concurrent Mark From Roots 117.296ms
[2020-09-03T11:16:58.304+0000][23984][gc,marking   ] GC(264) Concurrent Preclean
[2020-09-03T11:16:58.305+0000][23984][gc,marking   ] GC(264) Concurrent Preclean 0.434ms
[2020-09-03T11:16:58.305+0000][23984][gc,marking   ] GC(264) Concurrent Mark (167.189s, 167.306s) 117.855ms
[2020-09-03T11:16:58.305+0000][23984][gc,start     ] GC(264) Pause Remark
[2020-09-03T11:16:58.309+0000][23984][gc           ] GC(264) Pause Remark 320M->320M(1024M) 4.433ms
[2020-09-03T11:16:58.309+0000][23984][gc,cpu       ] GC(264) User=0.00s Sys=0.00s Real=0.00s
[2020-09-03T11:16:58.309+0000][23984][safepoint    ] Safepoint "G1Concurrent", Time since last: 120812600 ns, Reaching safepoint: 138000 ns, At safepoint: 4620000 ns, Total: 4758000 ns
[2020-09-03T11:16:58.309+0000][23984][gc,marking   ] GC(264) Concurrent Rebuild Remembered Sets
[2020-09-03T11:16:58.395+0000][23984][gc,marking   ] GC(264) Concurrent Rebuild Remembered Sets 85.915ms
[2020-09-03T11:16:58.396+0000][23984][gc,start     ] GC(264) Pause Cleanup
[2020-09-03T11:16:58.396+0000][23984][gc           ] GC(264) Pause Cleanup 389M->389M(1024M) 0.287ms
[2020-09-03T11:16:58.396+0000][23984][gc,cpu       ] GC(264) User=0.00s Sys=0.00s Real=0.00s
[2020-09-03T11:16:58.396+0000][23984][safepoint    ] Safepoint "G1Concurrent", Time since last: 86097500 ns, Reaching safepoint: 156700 ns, At safepoint: 430900 ns, Total: 587600 ns
[2020-09-03T11:16:58.396+0000][23984][gc,marking   ] GC(264) Concurrent Cleanup for Next Mark
[2020-09-03T11:16:58.398+0000][23984][gc,marking   ] GC(264) Concurrent Cleanup for Next Mark 1.464ms
[2020-09-03T11:16:58.398+0000][23984][gc           ] GC(264) Concurrent Cycle 213.876ms
[2020-09-03T11:16:58.479+0000][23984][gc,start     ] GC(265) Pause Young (Concurrent Start) (G1 Humongous Allocation)
[2020-09-03T11:16:58.480+0000][23984][gc,task      ] GC(265) Using 8 workers of 8 for evacuation
[2020-09-03T11:16:58.480+0000][23984][gc,age       ] GC(265) Desired survivor size 33030144 bytes, new threshold 15 (max threshold 15)
[2020-09-03T11:16:58.483+0000][23984][gc,age       ] GC(265) Age table with threshold 15 (max threshold 15)
[2020-09-03T11:16:58.483+0000][23984][gc,age       ] GC(265) - age   1:    3186248 bytes,    3186248 total
[2020-09-03T11:16:58.483+0000][23984][gc,age       ] GC(265) - age   2:     408416 bytes,    3594664 total
[2020-09-03T11:16:58.483+0000][23984][gc,age       ] GC(265) - age   3:     203168 bytes,    3797832 total
[2020-09-03T11:16:58.483+0000][23984][gc,age       ] GC(265) - age   4:       4320 bytes,    3802152 total
[2020-09-03T11:16:58.483+0000][23984][gc,age       ] GC(265) - age   5:       6648 bytes,    3808800 total
[2020-09-03T11:16:58.483+0000][23984][gc,age       ] GC(265) - age   6:       1432 bytes,    3810232 total
[2020-09-03T11:16:58.483+0000][23984][gc,age       ] GC(265) - age   7:        848 bytes,    3811080 total
[2020-09-03T11:16:58.483+0000][23984][gc,age       ] GC(265) - age   8:        680 bytes,    3811760 total
[2020-09-03T11:16:58.483+0000][23984][gc,age       ] GC(265) - age   9:       1144 bytes,    3812904 total
[2020-09-03T11:16:58.484+0000][23984][gc,age       ] GC(265) - age  10:        976 bytes,    3813880 total
[2020-09-03T11:16:58.484+0000][23984][gc,age       ] GC(265) - age  11:       4328 bytes,    3818208 total
[2020-09-03T11:16:58.484+0000][23984][gc,age       ] GC(265) - age  12:      64992 bytes,    3883200 total
[2020-09-03T11:16:58.484+0000][23984][gc,age       ] GC(265) - age  13:       1384 bytes,    3884584 total
[2020-09-03T11:16:58.484+0000][23984][gc,age       ] GC(265) - age  14:        136 bytes,    3884720 total
[2020-09-03T11:16:58.484+0000][23984][gc,age       ] GC(265) - age  15:        912 bytes,    3885632 total
[2020-09-03T11:16:58.484+0000][23984][gc,phases    ] GC(265)   Pre Evacuate Collection Set: 0.3ms
[2020-09-03T11:16:58.484+0000][23984][gc,phases    ] GC(265)   Merge Heap Roots: 0.1ms
[2020-09-03T11:16:58.484+0000][23984][gc,phases    ] GC(265)   Evacuate Collection Set: 2.2ms
[2020-09-03T11:16:58.484+0000][23984][gc,phases    ] GC(265)   Post Evacuate Collection Set: 0.9ms
[2020-09-03T11:16:58.484+0000][23984][gc,phases    ] GC(265)   Other: 0.8ms
[2020-09-03T11:16:58.484+0000][23984][gc,heap      ] GC(265) Eden regions: 41->0(495)
[2020-09-03T11:16:58.484+0000][23984][gc,heap      ] GC(265) Survivor regions: 5->5(63)
[2020-09-03T11:16:58.484+0000][23984][gc,heap      ] GC(265) Old regions: 77->77
[2020-09-03T11:16:58.484+0000][23984][gc,heap      ] GC(265) Archive regions: 0->0
[2020-09-03T11:16:58.484+0000][23984][gc,heap      ] GC(265) Humongous regions: 278->174
[2020-09-03T11:16:58.484+0000][23984][gc,metaspace ] GC(265) Metaspace: 86405K(92800K)->86405K(92800K) NonClass: 75396K(79104K)->75396K(79104K) Class: 11009K(13696K)->11009K(13696K)
[2020-09-03T11:16:58.484+0000][23984][gc           ] GC(265) Pause Young (Concurrent Start) (G1 Humongous Allocation) 399M->254M(1024M) 4.438ms
[2020-09-03T11:16:58.484+0000][23984][gc,cpu       ] GC(265) User=0.13s Sys=0.00s Real=0.00s
[2020-09-03T11:16:58.484+0000][23984][gc           ] GC(266) Concurrent Cycle
[2020-09-03T11:16:58.484+0000][23984][safepoint    ] Safepoint "G1TryInitiateConcMark", Time since last: 83257300 ns, Reaching safepoint: 119300 ns, At safepoint: 4569600 ns, Total: 4688900 ns
[2020-09-03T11:16:58.484+0000][23984][gc,marking   ] GC(266) Concurrent Clear Claimed Marks
[2020-09-03T11:16:58.484+0000][23984][gc,marking   ] GC(266) Concurrent Clear Claimed Marks 0.383ms
[2020-09-03T11:16:58.484+0000][23984][gc,marking   ] GC(266) Concurrent Scan Root Regions
[2020-09-03T11:16:58.486+0000][23984][gc,marking   ] GC(266) Concurrent Scan Root Regions 1.586ms
[2020-09-03T11:16:58.486+0000][23984][gc,marking   ] GC(266) Concurrent Mark (167.488s)
[2020-09-03T11:16:58.486+0000][23984][gc,marking   ] GC(266) Concurrent Mark From Roots
[2020-09-03T11:16:58.486+0000][23984][gc,task      ] GC(266) Using 2 workers of 2 for marking
[2020-09-03T11:16:58.598+0000][23984][gc,marking   ] GC(266) Concurrent Mark From Roots 111.882ms
[2020-09-03T11:16:58.598+0000][23984][gc,marking   ] GC(266) Concurrent Preclean
[2020-09-03T11:16:58.599+0000][23984][gc,marking   ] GC(266) Concurrent Preclean 0.418ms
[2020-09-03T11:16:58.599+0000][23984][gc,marking   ] GC(266) Concurrent Mark (167.488s, 167.600s) 112.428ms
[2020-09-03T11:16:58.599+0000][23984][gc,start     ] GC(266) Pause Remark
[2020-09-03T11:16:58.604+0000][23984][gc           ] GC(266) Pause Remark 314M->314M(1024M) 5.610ms
[2020-09-03T11:16:58.605+0000][23984][gc,cpu       ] GC(266) User=0.00s Sys=0.00s Real=0.01s
[2020-09-03T11:16:58.605+0000][23984][safepoint    ] Safepoint "G1Concurrent", Time since last: 114636600 ns, Reaching safepoint: 126100 ns, At safepoint: 5902900 ns, Total: 6029000 ns
[2020-09-03T11:16:58.605+0000][23984][gc,marking   ] GC(266) Concurrent Rebuild Remembered Sets
[2020-09-03T11:16:58.683+0000][23984][gc,marking   ] GC(266) Concurrent Rebuild Remembered Sets 77.852ms
[2020-09-03T11:16:58.683+0000][23984][gc,start     ] GC(266) Pause Cleanup
[2020-09-03T11:16:58.683+0000][23984][gc           ] GC(266) Pause Cleanup 327M->327M(1024M) 0.221ms
[2020-09-03T11:16:58.683+0000][23984][gc,cpu       ] GC(266) User=0.00s Sys=0.00s Real=0.00s
[2020-09-03T11:16:58.683+0000][23984][safepoint    ] Safepoint "G1Concurrent", Time since last: 78033300 ns, Reaching safepoint: 116800 ns, At safepoint: 363900 ns, Total: 480700 ns
[2020-09-03T11:16:58.683+0000][23984][gc,marking   ] GC(266) Concurrent Cleanup for Next Mark
[2020-09-03T11:16:58.685+0000][23984][gc,marking   ] GC(266) Concurrent Cleanup for Next Mark 1.448ms
[2020-09-03T11:16:58.685+0000][23984][gc           ] GC(266) Concurrent Cycle 200.836ms
[2020-09-03T11:16:58.696+0000][23984][gc,start     ] GC(267) Pause Young (Concurrent Start) (G1 Humongous Allocation)
[2020-09-03T11:16:58.696+0000][23984][gc,task      ] GC(267) Using 8 workers of 8 for evacuation
[2020-09-03T11:16:58.696+0000][23984][gc,age       ] GC(267) Desired survivor size 33030144 bytes, new threshold 15 (max threshold 15)
[2020-09-03T11:16:58.700+0000][23984][gc,age       ] GC(267) Age table with threshold 15 (max threshold 15)
[2020-09-03T11:16:58.700+0000][23984][gc,age       ] GC(267) - age   1:    7648008 bytes,    7648008 total
[2020-09-03T11:16:58.700+0000][23984][gc,age       ] GC(267) - age   2:       2752 bytes,    7650760 total
[2020-09-03T11:16:58.700+0000][23984][gc,age       ] GC(267) - age   3:       3584 bytes,    7654344 total
[2020-09-03T11:16:58.700+0000][23984][gc,age       ] GC(267) - age   4:       3224 bytes,    7657568 total
[2020-09-03T11:16:58.700+0000][23984][gc,age       ] GC(267) - age   5:       3440 bytes,    7661008 total
[2020-09-03T11:16:58.700+0000][23984][gc,age       ] GC(267) - age   6:       6272 bytes,    7667280 total
[2020-09-03T11:16:58.700+0000][23984][gc,age       ] GC(267) - age   7:       1432 bytes,    7668712 total
[2020-09-03T11:16:58.700+0000][23984][gc,age       ] GC(267) - age   8:        624 bytes,    7669336 total
[2020-09-03T11:16:58.700+0000][23984][gc,age       ] GC(267) - age   9:        520 bytes,    7669856 total
[2020-09-03T11:16:58.700+0000][23984][gc,age       ] GC(267) - age  10:       1144 bytes,    7671000 total
[2020-09-03T11:16:58.700+0000][23984][gc,age       ] GC(267) - age  11:        912 bytes,    7671912 total
[2020-09-03T11:16:58.700+0000][23984][gc,age       ] GC(267) - age  12:       4296 bytes,    7676208 total
[2020-09-03T11:16:58.700+0000][23984][gc,age       ] GC(267) - age  13:      64992 bytes,    7741200 total
[2020-09-03T11:16:58.700+0000][23984][gc,age       ] GC(267) - age  14:       1384 bytes,    7742584 total
[2020-09-03T11:16:58.700+0000][23984][gc,age       ] GC(267) - age  15:         72 bytes,    7742656 total
[2020-09-03T11:16:58.700+0000][23984][gc,phases    ] GC(267)   Pre Evacuate Collection Set: 0.4ms
[2020-09-03T11:16:58.700+0000][23984][gc,phases    ] GC(267)   Merge Heap Roots: 0.1ms
[2020-09-03T11:16:58.700+0000][23984][gc,phases    ] GC(267)   Evacuate Collection Set: 2.2ms
[2020-09-03T11:16:58.700+0000][23984][gc,phases    ] GC(267)   Post Evacuate Collection Set: 0.5ms
[2020-09-03T11:16:58.700+0000][23984][gc,phases    ] GC(267)   Other: 0.7ms
[2020-09-03T11:16:58.700+0000][23984][gc,heap      ] GC(267) Eden regions: 39->0(490)
[2020-09-03T11:16:58.700+0000][23984][gc,heap      ] GC(267) Survivor regions: 5->8(63)
[2020-09-03T11:16:58.700+0000][23984][gc,heap      ] GC(267) Old regions: 77->77
[2020-09-03T11:16:58.700+0000][23984][gc,heap      ] GC(267) Archive regions: 0->0
[2020-09-03T11:16:58.700+0000][23984][gc,heap      ] GC(267) Humongous regions: 230->174
[2020-09-03T11:16:58.700+0000][23984][gc,metaspace ] GC(267) Metaspace: 86432K(92800K)->86432K(92800K) NonClass: 75423K(79104K)->75423K(79104K) Class: 11009K(13696K)->11009K(13696K)
[2020-09-03T11:16:58.700+0000][23984][gc           ] GC(267) Pause Young (Concurrent Start) (G1 Humongous Allocation) 349M->258M(1024M) 4.169ms
[2020-09-03T11:16:58.700+0000][23984][gc,cpu       ] GC(267) User=0.00s Sys=0.00s Real=0.00s
[2020-09-03T11:16:58.700+0000][23984][gc           ] GC(268) Concurrent Cycle
[2020-09-03T11:16:58.700+0000][23984][safepoint    ] Safepoint "G1TryInitiateConcMark", Time since last: 12633500 ns, Reaching safepoint: 168500 ns, At safepoint: 4310900 ns, Total: 4479400 ns
[2020-09-03T11:16:58.700+0000][23984][gc,marking   ] GC(268) Concurrent Clear Claimed Marks
[2020-09-03T11:16:58.701+0000][23984][safepoint    ] Safepoint "G1TryInitiateConcMark", Time since last: 138400 ns, Reaching safepoint: 211700 ns, At safepoint: 33200 ns, Total: 244900 ns
[2020-09-03T11:16:58.701+0000][23984][gc,marking   ] GC(268) Concurrent Clear Claimed Marks 0.363ms
[2020-09-03T11:16:58.701+0000][23984][gc,marking   ] GC(268) Concurrent Scan Root Regions
[2020-09-03T11:16:58.703+0000][23984][gc,marking   ] GC(268) Concurrent Scan Root Regions 1.941ms
[2020-09-03T11:16:58.703+0000][23984][gc,marking   ] GC(268) Concurrent Mark (167.705s)
[2020-09-03T11:16:58.703+0000][23984][gc,marking   ] GC(268) Concurrent Mark From Roots
[2020-09-03T11:16:58.703+0000][23984][gc,task      ] GC(268) Using 2 workers of 2 for marking
[2020-09-03T11:16:58.828+0000][23984][gc,marking   ] GC(268) Concurrent Mark From Roots 125.034ms
[2020-09-03T11:16:58.828+0000][23984][gc,marking   ] GC(268) Concurrent Preclean
[2020-09-03T11:16:58.829+0000][23984][gc,marking   ] GC(268) Concurrent Preclean 0.611ms
[2020-09-03T11:16:58.829+0000][23984][gc,marking   ] GC(268) Concurrent Mark (167.705s, 167.830s) 125.826ms
[2020-09-03T11:16:58.829+0000][23984][gc,start     ] GC(268) Pause Remark
[2020-09-03T11:16:58.834+0000][23984][gc           ] GC(268) Pause Remark 420M->420M(1024M) 5.411ms
[2020-09-03T11:16:58.834+0000][23984][gc,cpu       ] GC(268) User=0.00s Sys=0.00s Real=0.01s
[2020-09-03T11:16:58.835+0000][23984][safepoint    ] Safepoint "G1Concurrent", Time since last: 128049500 ns, Reaching safepoint: 122400 ns, At safepoint: 5630100 ns, Total: 5752500 ns
[2020-09-03T11:16:58.835+0000][23984][gc,marking   ] GC(268) Concurrent Rebuild Remembered Sets
[2020-09-03T11:16:58.923+0000][23984][gc,marking   ] GC(268) Concurrent Rebuild Remembered Sets 88.436ms
[2020-09-03T11:16:58.923+0000][23984][gc,start     ] GC(268) Pause Cleanup
[2020-09-03T11:16:58.924+0000][23984][gc           ] GC(268) Pause Cleanup 430M->430M(1024M) 0.269ms
[2020-09-03T11:16:58.924+0000][23984][gc,cpu       ] GC(268) User=0.00s Sys=0.00s Real=0.00s
[2020-09-03T11:16:58.924+0000][23984][safepoint    ] Safepoint "G1Concurrent", Time since last: 88600100 ns, Reaching safepoint: 133100 ns, At safepoint: 389000 ns, Total: 522100 ns
[2020-09-03T11:16:58.924+0000][23984][gc,marking   ] GC(268) Concurrent Cleanup for Next Mark
[2020-09-03T11:16:58.925+0000][23984][gc,marking   ] GC(268) Concurrent Cleanup for Next Mark 1.339ms
[2020-09-03T11:16:58.925+0000][23984][gc           ] GC(268) Concurrent Cycle 224.816ms
[2020-09-03T11:16:59.036+0000][23984][gc,start     ] GC(269) Pause Young (Concurrent Start) (G1 Humongous Allocation)
[2020-09-03T11:16:59.036+0000][23984][gc,task      ] GC(269) Using 8 workers of 8 for evacuation
[2020-09-03T11:16:59.036+0000][23984][gc,age       ] GC(269) Desired survivor size 33030144 bytes, new threshold 15 (max threshold 15)
[2020-09-03T11:16:59.040+0000][23984][gc,age       ] GC(269) Age table with threshold 15 (max threshold 15)
[2020-09-03T11:16:59.040+0000][23984][gc,age       ] GC(269) - age   1:    6379904 bytes,    6379904 total
[2020-09-03T11:16:59.041+0000][23984][gc,age       ] GC(269) - age   2:      12864 bytes,    6392768 total
[2020-09-03T11:16:59.041+0000][23984][gc,age       ] GC(269) - age   3:       2688 bytes,    6395456 total
[2020-09-03T11:16:59.041+0000][23984][gc,age       ] GC(269) - age   4:       3584 bytes,    6399040 total
[2020-09-03T11:16:59.041+0000][23984][gc,age       ] GC(269) - age   5:       1880 bytes,    6400920 total
[2020-09-03T11:16:59.041+0000][23984][gc,age       ] GC(269) - age   6:       3440 bytes,    6404360 total
[2020-09-03T11:16:59.041+0000][23984][gc,age       ] GC(269) - age   7:       6152 bytes,    6410512 total
[2020-09-03T11:16:59.041+0000][23984][gc,age       ] GC(269) - age   8:       1368 bytes,    6411880 total
[2020-09-03T11:16:59.041+0000][23984][gc,age       ] GC(269) - age   9:        400 bytes,    6412280 total
[2020-09-03T11:16:59.041+0000][23984][gc,age       ] GC(269) - age  10:        520 bytes,    6412800 total
[2020-09-03T11:16:59.041+0000][23984][gc,age       ] GC(269) - age  11:       1144 bytes,    6413944 total
[2020-09-03T11:16:59.041+0000][23984][gc,age       ] GC(269) - age  12:        816 bytes,    6414760 total
[2020-09-03T11:16:59.041+0000][23984][gc,age       ] GC(269) - age  13:       4200 bytes,    6418960 total
[2020-09-03T11:16:59.041+0000][23984][gc,age       ] GC(269) - age  14:      64992 bytes,    6483952 total
[2020-09-03T11:16:59.041+0000][23984][gc,age       ] GC(269) - age  15:       1320 bytes,    6485272 total
[2020-09-03T11:16:59.041+0000][23984][gc,phases    ] GC(269)   Pre Evacuate Collection Set: 0.4ms
[2020-09-03T11:16:59.041+0000][23984][gc,phases    ] GC(269)   Merge Heap Roots: 0.1ms
[2020-09-03T11:16:59.041+0000][23984][gc,phases    ] GC(269)   Evacuate Collection Set: 2.5ms
[2020-09-03T11:16:59.041+0000][23984][gc,phases    ] GC(269)   Post Evacuate Collection Set: 0.8ms
[2020-09-03T11:16:59.041+0000][23984][gc,phases    ] GC(269)   Other: 0.9ms
[2020-09-03T11:16:59.041+0000][23984][gc,heap      ] GC(269) Eden regions: 54->0(491)
[2020-09-03T11:16:59.041+0000][23984][gc,heap      ] GC(269) Survivor regions: 8->7(63)
[2020-09-03T11:16:59.041+0000][23984][gc,heap      ] GC(269) Old regions: 77->77
[2020-09-03T11:16:59.041+0000][23984][gc,heap      ] GC(269) Archive regions: 0->0
[2020-09-03T11:16:59.041+0000][23984][gc,heap      ] GC(269) Humongous regions: 310->174
[2020-09-03T11:16:59.041+0000][23984][gc,metaspace ] GC(269) Metaspace: 86444K(92800K)->86444K(92800K) NonClass: 75433K(79104K)->75433K(79104K) Class: 11011K(13696K)->11011K(13696K)
[2020-09-03T11:16:59.041+0000][23984][gc           ] GC(269) Pause Young (Concurrent Start) (G1 Humongous Allocation) 448M->257M(1024M) 5.104ms
[2020-09-03T11:16:59.041+0000][23984][gc,cpu       ] GC(269) User=0.00s Sys=0.00s Real=0.00s
[2020-09-03T11:16:59.042+0000][23984][gc           ] GC(270) Concurrent Cycle
[2020-09-03T11:16:59.042+0000][23984][gc,marking   ] GC(270) Concurrent Clear Claimed Marks
[2020-09-03T11:16:59.042+0000][23984][safepoint    ] Safepoint "G1TryInitiateConcMark", Time since last: 112457100 ns, Reaching safepoint: 149300 ns, At safepoint: 5467300 ns, Total: 5616600 ns
[2020-09-03T11:16:59.042+0000][23984][gc,marking   ] GC(270) Concurrent Clear Claimed Marks 0.331ms
[2020-09-03T11:16:59.042+0000][23984][gc,marking   ] GC(270) Concurrent Scan Root Regions
[2020-09-03T11:16:59.044+0000][23984][gc,marking   ] GC(270) Concurrent Scan Root Regions 2.466ms
[2020-09-03T11:16:59.045+0000][23984][gc,marking   ] GC(270) Concurrent Mark (168.046s)
[2020-09-03T11:16:59.045+0000][23984][gc,marking   ] GC(270) Concurrent Mark From Roots
[2020-09-03T11:16:59.045+0000][23984][gc,task      ] GC(270) Using 2 workers of 2 for marking
[2020-09-03T11:16:59.181+0000][23984][gc,marking   ] GC(270) Concurrent Mark From Roots 136.361ms
[2020-09-03T11:16:59.181+0000][23984][gc,marking   ] GC(270) Concurrent Preclean
[2020-09-03T11:16:59.182+0000][23984][gc,marking   ] GC(270) Concurrent Preclean 0.568ms
[2020-09-03T11:16:59.182+0000][23984][gc,marking   ] GC(270) Concurrent Mark (168.046s, 168.183s) 137.107ms
[2020-09-03T11:16:59.182+0000][23984][gc,start     ] GC(270) Pause Remark
[2020-09-03T11:16:59.188+0000][23984][gc           ] GC(270) Pause Remark 394M->394M(1024M) 5.624ms
[2020-09-03T11:16:59.188+0000][23984][gc,cpu       ] GC(270) User=0.09s Sys=0.00s Real=0.01s
[2020-09-03T11:16:59.188+0000][23984][safepoint    ] Safepoint "G1Concurrent", Time since last: 140059800 ns, Reaching safepoint: 159500 ns, At safepoint: 5870700 ns, Total: 6030200 ns
[2020-09-03T11:16:59.188+0000][23984][gc,marking   ] GC(270) Concurrent Rebuild Remembered Sets
[2020-09-03T11:16:59.267+0000][23984][gc,marking   ] GC(270) Concurrent Rebuild Remembered Sets 79.157ms
[2020-09-03T11:16:59.267+0000][23984][gc,start     ] GC(270) Pause Cleanup
[2020-09-03T11:16:59.268+0000][23984][gc           ] GC(270) Pause Cleanup 518M->518M(1024M) 0.273ms
[2020-09-03T11:16:59.268+0000][23984][gc,cpu       ] GC(270) User=0.00s Sys=0.00s Real=0.00s
[2020-09-03T11:16:59.268+0000][23984][safepoint    ] Safepoint "G1Concurrent", Time since last: 79337000 ns, Reaching safepoint: 160900 ns, At safepoint: 448400 ns, Total: 609300 ns
[2020-09-03T11:16:59.268+0000][23984][gc,marking   ] GC(270) Concurrent Cleanup for Next Mark
[2020-09-03T11:16:59.269+0000][23984][gc,marking   ] GC(270) Concurrent Cleanup for Next Mark 1.649ms
[2020-09-03T11:16:59.270+0000][23984][gc           ] GC(270) Concurrent Cycle 228.064ms
[2020-09-03T11:16:59.435+0000][23984][gc,start     ] GC(271) Pause Young (Concurrent Start) (G1 Humongous Allocation)
[2020-09-03T11:16:59.435+0000][23984][gc,task      ] GC(271) Using 8 workers of 8 for evacuation
[2020-09-03T11:16:59.435+0000][23984][gc,age       ] GC(271) Desired survivor size 33030144 bytes, new threshold 15 (max threshold 15)
[2020-09-03T11:16:59.440+0000][23984][gc,age       ] GC(271) Age table with threshold 15 (max threshold 15)
[2020-09-03T11:16:59.440+0000][23984][gc,age       ] GC(271) - age   1:   13832904 bytes,   13832904 total
[2020-09-03T11:16:59.440+0000][23984][gc,age       ] GC(271) - age   2:      54712 bytes,   13887616 total
[2020-09-03T11:16:59.440+0000][23984][gc,age       ] GC(271) - age   3:       8936 bytes,   13896552 total
[2020-09-03T11:16:59.440+0000][23984][gc,age       ] GC(271) - age   4:       1584 bytes,   13898136 total
[2020-09-03T11:16:59.440+0000][23984][gc,age       ] GC(271) - age   5:       2816 bytes,   13900952 total
[2020-09-03T11:16:59.440+0000][23984][gc,age       ] GC(271) - age   6:       1328 bytes,   13902280 total
[2020-09-03T11:16:59.440+0000][23984][gc,age       ] GC(271) - age   7:       3200 bytes,   13905480 total
[2020-09-03T11:16:59.440+0000][23984][gc,age       ] GC(271) - age   8:       6032 bytes,   13911512 total
[2020-09-03T11:16:59.440+0000][23984][gc,age       ] GC(271) - age   9:       1368 bytes,   13912880 total
[2020-09-03T11:16:59.440+0000][23984][gc,age       ] GC(271) - age  10:        336 bytes,   13913216 total
[2020-09-03T11:16:59.440+0000][23984][gc,age       ] GC(271) - age  11:        520 bytes,   13913736 total
[2020-09-03T11:16:59.440+0000][23984][gc,age       ] GC(271) - age  12:       1080 bytes,   13914816 total
[2020-09-03T11:16:59.440+0000][23984][gc,age       ] GC(271) - age  13:        784 bytes,   13915600 total
[2020-09-03T11:16:59.440+0000][23984][gc,age       ] GC(271) - age  14:       4136 bytes,   13919736 total
[2020-09-03T11:16:59.440+0000][23984][gc,age       ] GC(271) - age  15:      64992 bytes,   13984728 total
[2020-09-03T11:16:59.441+0000][23984][gc,phases    ] GC(271)   Pre Evacuate Collection Set: 0.5ms
[2020-09-03T11:16:59.441+0000][23984][gc,phases    ] GC(271)   Merge Heap Roots: 0.1ms
[2020-09-03T11:16:59.441+0000][23984][gc,phases    ] GC(271)   Evacuate Collection Set: 3.2ms
[2020-09-03T11:16:59.441+0000][23984][gc,phases    ] GC(271)   Post Evacuate Collection Set: 0.8ms
[2020-09-03T11:16:59.441+0000][23984][gc,phases    ] GC(271)   Other: 0.8ms
[2020-09-03T11:16:59.441+0000][23984][gc,heap      ] GC(271) Eden regions: 98->0(477)
[2020-09-03T11:16:59.441+0000][23984][gc,heap      ] GC(271) Survivor regions: 7->15(63)
[2020-09-03T11:16:59.441+0000][23984][gc,heap      ] GC(271) Old regions: 77->77
[2020-09-03T11:16:59.441+0000][23984][gc,heap      ] GC(271) Archive regions: 0->0
[2020-09-03T11:16:59.441+0000][23984][gc,heap      ] GC(271) Humongous regions: 378->174
[2020-09-03T11:16:59.441+0000][23984][gc,metaspace ] GC(271) Metaspace: 86458K(93056K)->86458K(93056K) NonClass: 75447K(79360K)->75447K(79360K) Class: 11011K(13696K)->11011K(13696K)
[2020-09-03T11:16:59.441+0000][23984][gc           ] GC(271) Pause Young (Concurrent Start) (G1 Humongous Allocation) 559M->265M(1024M) 5.746ms
[2020-09-03T11:16:59.441+0000][23984][gc,cpu       ] GC(271) User=0.00s Sys=0.00s Real=0.01s
[2020-09-03T11:16:59.441+0000][23984][gc           ] GC(272) Concurrent Cycle
[2020-09-03T11:16:59.441+0000][23984][safepoint    ] Safepoint "G1TryInitiateConcMark", Time since last: 167275200 ns, Reaching safepoint: 187900 ns, At safepoint: 5909700 ns, Total: 6097600 ns
[2020-09-03T11:16:59.441+0000][23984][gc,marking   ] GC(272) Concurrent Clear Claimed Marks
[2020-09-03T11:16:59.442+0000][23984][gc,marking   ] GC(272) Concurrent Clear Claimed Marks 0.694ms
[2020-09-03T11:16:59.442+0000][23984][gc,marking   ] GC(272) Concurrent Scan Root Regions
[2020-09-03T11:16:59.445+0000][23984][gc,marking   ] GC(272) Concurrent Scan Root Regions 2.701ms
[2020-09-03T11:16:59.445+0000][23984][gc,marking   ] GC(272) Concurrent Mark (168.446s)
[2020-09-03T11:16:59.445+0000][23984][gc,marking   ] GC(272) Concurrent Mark From Roots
[2020-09-03T11:16:59.445+0000][23984][gc,task      ] GC(272) Using 2 workers of 2 for marking
[2020-09-03T11:16:59.602+0000][23984][gc,marking   ] GC(272) Concurrent Mark From Roots 157.354ms
[2020-09-03T11:16:59.602+0000][23984][gc,marking   ] GC(272) Concurrent Preclean
[2020-09-03T11:16:59.603+0000][23984][gc,marking   ] GC(272) Concurrent Preclean 0.577ms
[2020-09-03T11:16:59.603+0000][23984][gc,marking   ] GC(272) Concurrent Mark (168.446s, 168.605s) 158.107ms
[2020-09-03T11:16:59.603+0000][23984][gc,start     ] GC(272) Pause Remark
[2020-09-03T11:16:59.609+0000][23984][gc           ] GC(272) Pause Remark 510M->510M(1024M) 5.529ms
[2020-09-03T11:16:59.609+0000][23984][gc,cpu       ] GC(272) User=0.11s Sys=0.00s Real=0.01s
[2020-09-03T11:16:59.609+0000][23984][safepoint    ] Safepoint "G1Concurrent", Time since last: 161804000 ns, Reaching safepoint: 159600 ns, At safepoint: 5747300 ns, Total: 5906900 ns
[2020-09-03T11:16:59.609+0000][23984][gc,marking   ] GC(272) Concurrent Rebuild Remembered Sets
[2020-09-03T11:16:59.696+0000][23984][gc,marking   ] GC(272) Concurrent Rebuild Remembered Sets 87.478ms
[2020-09-03T11:16:59.697+0000][23984][gc,start     ] GC(272) Pause Cleanup
[2020-09-03T11:16:59.697+0000][23984][gc           ] GC(272) Pause Cleanup 584M->584M(1024M) 0.302ms
[2020-09-03T11:16:59.697+0000][23984][gc,cpu       ] GC(272) User=0.00s Sys=0.00s Real=0.00s
[2020-09-03T11:16:59.697+0000][23984][safepoint    ] Safepoint "G1Concurrent", Time since last: 87678500 ns, Reaching safepoint: 144200 ns, At safepoint: 433500 ns, Total: 577700 ns
[2020-09-03T11:16:59.697+0000][23984][gc,marking   ] GC(272) Concurrent Cleanup for Next Mark
[2020-09-03T11:16:59.699+0000][23984][gc,marking   ] GC(272) Concurrent Cleanup for Next Mark 1.573ms
[2020-09-03T11:16:59.699+0000][23984][gc           ] GC(272) Concurrent Cycle 257.731ms
[2020-09-03T11:16:59.872+0000][23984][gc,start     ] GC(273) Pause Young (Concurrent Start) (G1 Humongous Allocation)
[2020-09-03T11:16:59.872+0000][23984][gc,task      ] GC(273) Using 8 workers of 8 for evacuation
[2020-09-03T11:16:59.872+0000][23984][gc,age       ] GC(273) Desired survivor size 32505856 bytes, new threshold 15 (max threshold 15)
[2020-09-03T11:16:59.876+0000][23984][gc,age       ] GC(273) Age table with threshold 15 (max threshold 15)
[2020-09-03T11:16:59.877+0000][23984][gc,age       ] GC(273) - age   1:   13735720 bytes,   13735720 total
[2020-09-03T11:16:59.877+0000][23984][gc,age       ] GC(273) - age   2:       5056 bytes,   13740776 total
[2020-09-03T11:16:59.877+0000][23984][gc,age       ] GC(273) - age   3:      53528 bytes,   13794304 total
[2020-09-03T11:16:59.877+0000][23984][gc,age       ] GC(273) - age   4:       2216 bytes,   13796520 total
[2020-09-03T11:16:59.877+0000][23984][gc,age       ] GC(273) - age   5:       1376 bytes,   13797896 total
[2020-09-03T11:16:59.877+0000][23984][gc,age       ] GC(273) - age   6:       2728 bytes,   13800624 total
[2020-09-03T11:16:59.877+0000][23984][gc,age       ] GC(273) - age   7:       1104 bytes,   13801728 total
[2020-09-03T11:16:59.877+0000][23984][gc,age       ] GC(273) - age   8:       2688 bytes,   13804416 total
[2020-09-03T11:16:59.877+0000][23984][gc,age       ] GC(273) - age   9:       6032 bytes,   13810448 total
[2020-09-03T11:16:59.877+0000][23984][gc,age       ] GC(273) - age  10:       1368 bytes,   13811816 total
[2020-09-03T11:16:59.877+0000][23984][gc,age       ] GC(273) - age  11:        336 bytes,   13812152 total
[2020-09-03T11:16:59.877+0000][23984][gc,age       ] GC(273) - age  12:        488 bytes,   13812640 total
[2020-09-03T11:16:59.877+0000][23984][gc,age       ] GC(273) - age  13:       1080 bytes,   13813720 total
[2020-09-03T11:16:59.877+0000][23984][gc,age       ] GC(273) - age  14:        784 bytes,   13814504 total
[2020-09-03T11:16:59.877+0000][23984][gc,age       ] GC(273) - age  15:       4136 bytes,   13818640 total
[2020-09-03T11:16:59.877+0000][23984][gc,phases    ] GC(273)   Pre Evacuate Collection Set: 0.4ms
[2020-09-03T11:16:59.877+0000][23984][gc,phases    ] GC(273)   Merge Heap Roots: 0.1ms
[2020-09-03T11:16:59.877+0000][23984][gc,phases    ] GC(273)   Evacuate Collection Set: 3.2ms
[2020-09-03T11:16:59.877+0000][23984][gc,phases    ] GC(273)   Post Evacuate Collection Set: 0.8ms
[2020-09-03T11:16:59.877+0000][23984][gc,phases    ] GC(273)   Other: 0.8ms
[2020-09-03T11:16:59.877+0000][23984][gc,heap      ] GC(273) Eden regions: 98->0(474)
[2020-09-03T11:16:59.877+0000][23984][gc,heap      ] GC(273) Survivor regions: 15->15(62)
[2020-09-03T11:16:59.877+0000][23984][gc,heap      ] GC(273) Old regions: 77->77
[2020-09-03T11:16:59.877+0000][23984][gc,heap      ] GC(273) Archive regions: 0->0
[2020-09-03T11:16:59.877+0000][23984][gc,heap      ] GC(273) Humongous regions: 430->174
[2020-09-03T11:16:59.877+0000][23984][gc,metaspace ] GC(273) Metaspace: 86493K(93056K)->86493K(93056K) NonClass: 75473K(79360K)->75473K(79360K) Class: 11020K(13696K)->11020K(13696K)
[2020-09-03T11:16:59.877+0000][23984][gc           ] GC(273) Pause Young (Concurrent Start) (G1 Humongous Allocation) 619M->265M(1024M) 5.575ms
[2020-09-03T11:16:59.877+0000][23984][gc,cpu       ] GC(273) User=0.13s Sys=0.00s Real=0.01s
[2020-09-03T11:16:59.877+0000][23984][gc           ] GC(274) Concurrent Cycle
[2020-09-03T11:16:59.877+0000][23984][safepoint    ] Safepoint "G1TryInitiateConcMark", Time since last: 174378600 ns, Reaching safepoint: 170900 ns, At safepoint: 5731300 ns, Total: 5902200 ns
[2020-09-03T11:16:59.877+0000][23984][gc,marking   ] GC(274) Concurrent Clear Claimed Marks
[2020-09-03T11:16:59.878+0000][23984][gc,marking   ] GC(274) Concurrent Clear Claimed Marks 0.747ms
[2020-09-03T11:16:59.878+0000][23984][gc,marking   ] GC(274) Concurrent Scan Root Regions
[2020-09-03T11:16:59.882+0000][23984][gc,marking   ] GC(274) Concurrent Scan Root Regions 3.599ms
[2020-09-03T11:16:59.882+0000][23984][gc,marking   ] GC(274) Concurrent Mark (168.884s)
[2020-09-03T11:16:59.882+0000][23984][gc,marking   ] GC(274) Concurrent Mark From Roots
[2020-09-03T11:16:59.882+0000][23984][gc,task      ] GC(274) Using 2 workers of 2 for marking
[2020-09-03T11:17:00.036+0000][23984][gc,marking   ] GC(274) Concurrent Mark From Roots 153.720ms
[2020-09-03T11:17:00.036+0000][23984][gc,marking   ] GC(274) Concurrent Preclean
[2020-09-03T11:17:00.036+0000][23984][gc,marking   ] GC(274) Concurrent Preclean 0.628ms
[2020-09-03T11:17:00.037+0000][23984][gc,marking   ] GC(274) Concurrent Mark (168.884s, 169.038s) 154.564ms
[2020-09-03T11:17:00.038+0000][23984][gc,start     ] GC(274) Pause Remark
[2020-09-03T11:17:00.044+0000][23984][gc           ] GC(274) Pause Remark 512M->512M(1024M) 6.139ms
[2020-09-03T11:17:00.044+0000][23984][gc,cpu       ] GC(274) User=0.00s Sys=0.00s Real=0.01s
[2020-09-03T11:17:00.044+0000][23984][safepoint    ] Safepoint "G1Concurrent", Time since last: 159284700 ns, Reaching safepoint: 1110200 ns, At safepoint: 6545000 ns, Total: 7655200 ns
[2020-09-03T11:17:00.044+0000][23984][gc,marking   ] GC(274) Concurrent Rebuild Remembered Sets
[2020-09-03T11:17:00.144+0000][23984][gc,marking   ] GC(274) Concurrent Rebuild Remembered Sets 99.836ms
[2020-09-03T11:17:00.145+0000][23984][gc,start     ] GC(274) Pause Cleanup
[2020-09-03T11:17:00.145+0000][23984][gc           ] GC(274) Pause Cleanup 536M->536M(1024M) 0.384ms
[2020-09-03T11:17:00.145+0000][23984][gc,cpu       ] GC(274) User=0.00s Sys=0.00s Real=0.00s
[2020-09-03T11:17:00.145+0000][23984][safepoint    ] Safepoint "G1Concurrent", Time since last: 100146700 ns, Reaching safepoint: 231400 ns, At safepoint: 579300 ns, Total: 810700 ns
[2020-09-03T11:17:00.145+0000][23984][gc,marking   ] GC(274) Concurrent Cleanup for Next Mark
[2020-09-03T11:17:00.148+0000][23984][gc,marking   ] GC(274) Concurrent Cleanup for Next Mark 2.357ms
[2020-09-03T11:17:00.148+0000][23984][gc           ] GC(274) Concurrent Cycle 270.520ms
[2020-09-03T11:17:00.148+0000][23984][gc,start     ] GC(275) Pause Young (Concurrent Start) (G1 Humongous Allocation)
[2020-09-03T11:17:00.148+0000][23984][gc,task      ] GC(275) Using 8 workers of 8 for evacuation
[2020-09-03T11:17:00.148+0000][23984][gc,age       ] GC(275) Desired survivor size 32505856 bytes, new threshold 15 (max threshold 15)
[2020-09-03T11:17:00.152+0000][23984][gc,age       ] GC(275) Age table with threshold 15 (max threshold 15)
[2020-09-03T11:17:00.152+0000][23984][gc,age       ] GC(275) - age   1:     240752 bytes,     240752 total
[2020-09-03T11:17:00.152+0000][23984][gc,age       ] GC(275) - age   2:    3268464 bytes,    3509216 total
[2020-09-03T11:17:00.152+0000][23984][gc,age       ] GC(275) - age   3:       5024 bytes,    3514240 total
[2020-09-03T11:17:00.152+0000][23984][gc,age       ] GC(275) - age   4:      53528 bytes,    3567768 total
[2020-09-03T11:17:00.152+0000][23984][gc,age       ] GC(275) - age   5:       2216 bytes,    3569984 total
[2020-09-03T11:17:00.152+0000][23984][gc,age       ] GC(275) - age   6:       1376 bytes,    3571360 total
[2020-09-03T11:17:00.152+0000][23984][gc,age       ] GC(275) - age   7:       2728 bytes,    3574088 total
[2020-09-03T11:17:00.152+0000][23984][gc,age       ] GC(275) - age   8:       1104 bytes,    3575192 total
[2020-09-03T11:17:00.153+0000][23984][gc,age       ] GC(275) - age   9:       2688 bytes,    3577880 total
[2020-09-03T11:17:00.153+0000][23984][gc,age       ] GC(275) - age  10:       6032 bytes,    3583912 total
[2020-09-03T11:17:00.153+0000][23984][gc,age       ] GC(275) - age  11:       1368 bytes,    3585280 total
[2020-09-03T11:17:00.153+0000][23984][gc,age       ] GC(275) - age  12:        336 bytes,    3585616 total
[2020-09-03T11:17:00.153+0000][23984][gc,age       ] GC(275) - age  13:        488 bytes,    3586104 total
[2020-09-03T11:17:00.153+0000][23984][gc,age       ] GC(275) - age  14:       1080 bytes,    3587184 total
[2020-09-03T11:17:00.153+0000][23984][gc,age       ] GC(275) - age  15:        784 bytes,    3587968 total
[2020-09-03T11:17:00.153+0000][23984][gc,phases    ] GC(275)   Pre Evacuate Collection Set: 0.5ms
[2020-09-03T11:17:00.153+0000][23984][gc,phases    ] GC(275)   Merge Heap Roots: 0.1ms
[2020-09-03T11:17:00.153+0000][23984][gc,phases    ] GC(275)   Evacuate Collection Set: 2.1ms
[2020-09-03T11:17:00.153+0000][23984][gc,phases    ] GC(275)   Post Evacuate Collection Set: 0.9ms
[2020-09-03T11:17:00.153+0000][23984][gc,phases    ] GC(275)   Other: 1.1ms
[2020-09-03T11:17:00.153+0000][23984][gc,heap      ] GC(275) Eden regions: 49->0(489)
[2020-09-03T11:17:00.153+0000][23984][gc,heap      ] GC(275) Survivor regions: 15->5(62)
[2020-09-03T11:17:00.153+0000][23984][gc,heap      ] GC(275) Old regions: 77->77
[2020-09-03T11:17:00.153+0000][23984][gc,heap      ] GC(275) Archive regions: 0->0
[2020-09-03T11:17:00.153+0000][23984][gc,heap      ] GC(275) Humongous regions: 410->174
[2020-09-03T11:17:00.153+0000][23984][gc,metaspace ] GC(275) Metaspace: 86498K(93056K)->86498K(93056K) NonClass: 75478K(79360K)->75478K(79360K) Class: 11020K(13696K)->11020K(13696K)
[2020-09-03T11:17:00.153+0000][23984][gc           ] GC(275) Pause Young (Concurrent Start) (G1 Humongous Allocation) 550M->255M(1024M) 5.224ms
[2020-09-03T11:17:00.154+0000][23984][gc,cpu       ] GC(275) User=0.00s Sys=0.00s Real=0.01s
[2020-09-03T11:17:00.154+0000][23984][gc           ] GC(276) Concurrent Cycle
[2020-09-03T11:17:00.154+0000][23984][gc,marking   ] GC(276) Concurrent Clear Claimed Marks
[2020-09-03T11:17:00.154+0000][23984][safepoint    ] Safepoint "G1TryInitiateConcMark", Time since last: 2712300 ns, Reaching safepoint: 204600 ns, At safepoint: 5572900 ns, Total: 5777500 ns
[2020-09-03T11:17:00.154+0000][23984][gc,marking   ] GC(276) Concurrent Clear Claimed Marks 0.338ms
[2020-09-03T11:17:00.154+0000][23984][gc,marking   ] GC(276) Concurrent Scan Root Regions
[2020-09-03T11:17:00.157+0000][23984][gc,marking   ] GC(276) Concurrent Scan Root Regions 2.619ms
[2020-09-03T11:17:00.157+0000][23984][gc,marking   ] GC(276) Concurrent Mark (169.159s)
[2020-09-03T11:17:00.157+0000][23984][gc,marking   ] GC(276) Concurrent Mark From Roots
[2020-09-03T11:17:00.157+0000][23984][gc,task      ] GC(276) Using 2 workers of 2 for marking
[2020-09-03T11:17:00.310+0000][23984][gc,marking   ] GC(276) Concurrent Mark From Roots 153.215ms
[2020-09-03T11:17:00.310+0000][23984][gc,marking   ] GC(276) Concurrent Preclean
[2020-09-03T11:17:00.311+0000][23984][gc,marking   ] GC(276) Concurrent Preclean 0.462ms
[2020-09-03T11:17:00.311+0000][23984][gc,marking   ] GC(276) Concurrent Mark (169.159s, 169.312s) 153.816ms
[2020-09-03T11:17:00.311+0000][23984][gc,start     ] GC(276) Pause Remark
[2020-09-03T11:17:00.316+0000][23984][gc           ] GC(276) Pause Remark 299M->299M(1024M) 4.873ms
[2020-09-03T11:17:00.316+0000][23984][gc,cpu       ] GC(276) User=0.00s Sys=0.00s Real=0.00s
[2020-09-03T11:17:00.316+0000][23984][safepoint    ] Safepoint "G1Concurrent", Time since last: 156914600 ns, Reaching safepoint: 117800 ns, At safepoint: 5032400 ns, Total: 5150200 ns
[2020-09-03T11:17:00.316+0000][23984][gc,marking   ] GC(276) Concurrent Rebuild Remembered Sets
[2020-09-03T11:17:00.394+0000][23984][gc,marking   ] GC(276) Concurrent Rebuild Remembered Sets 78.327ms
[2020-09-03T11:17:00.395+0000][23984][gc,start     ] GC(276) Pause Cleanup
[2020-09-03T11:17:00.395+0000][23984][gc           ] GC(276) Pause Cleanup 319M->319M(1024M) 0.334ms
[2020-09-03T11:17:00.395+0000][23984][gc,cpu       ] GC(276) User=0.00s Sys=0.00s Real=0.00s
[2020-09-03T11:17:00.395+0000][23984][safepoint    ] Safepoint "G1Concurrent", Time since last: 78486700 ns, Reaching safepoint: 334500 ns, At safepoint: 522900 ns, Total: 857400 ns
[2020-09-03T11:17:00.395+0000][23984][gc,marking   ] GC(276) Concurrent Cleanup for Next Mark
[2020-09-03T11:17:00.397+0000][23984][gc,marking   ] GC(276) Concurrent Cleanup for Next Mark 1.623ms
[2020-09-03T11:17:00.397+0000][23984][gc           ] GC(276) Concurrent Cycle 243.368ms
[2020-09-03T11:17:00.405+0000][23984][gc,start     ] GC(277) Pause Young (Concurrent Start) (G1 Humongous Allocation)
[2020-09-03T11:17:00.405+0000][23984][gc,task      ] GC(277) Using 8 workers of 8 for evacuation
[2020-09-03T11:17:00.405+0000][23984][gc,age       ] GC(277) Desired survivor size 32505856 bytes, new threshold 15 (max threshold 15)
[2020-09-03T11:17:00.410+0000][23984][gc,age       ] GC(277) Age table with threshold 15 (max threshold 15)
[2020-09-03T11:17:00.410+0000][23984][gc,age       ] GC(277) - age   1:   12232392 bytes,   12232392 total
[2020-09-03T11:17:00.410+0000][23984][gc,age       ] GC(277) - age   2:       7296 bytes,   12239688 total
[2020-09-03T11:17:00.410+0000][23984][gc,age       ] GC(277) - age   3:       8160 bytes,   12247848 total
[2020-09-03T11:17:00.410+0000][23984][gc,age       ] GC(277) - age   4:       4184 bytes,   12252032 total
[2020-09-03T11:17:00.410+0000][23984][gc,age       ] GC(277) - age   5:      53496 bytes,   12305528 total
[2020-09-03T11:17:00.410+0000][23984][gc,age       ] GC(277) - age   6:       1912 bytes,   12307440 total
[2020-09-03T11:17:00.410+0000][23984][gc,age       ] GC(277) - age   7:       1376 bytes,   12308816 total
[2020-09-03T11:17:00.410+0000][23984][gc,age       ] GC(277) - age   8:       2696 bytes,   12311512 total
[2020-09-03T11:17:00.410+0000][23984][gc,age       ] GC(277) - age   9:       1040 bytes,   12312552 total
[2020-09-03T11:17:00.410+0000][23984][gc,age       ] GC(277) - age  10:       2688 bytes,   12315240 total
[2020-09-03T11:17:00.410+0000][23984][gc,age       ] GC(277) - age  11:       6000 bytes,   12321240 total
[2020-09-03T11:17:00.410+0000][23984][gc,age       ] GC(277) - age  12:       1368 bytes,   12322608 total
[2020-09-03T11:17:00.411+0000][23984][gc,age       ] GC(277) - age  13:        304 bytes,   12322912 total
[2020-09-03T11:17:00.411+0000][23984][gc,age       ] GC(277) - age  14:        488 bytes,   12323400 total
[2020-09-03T11:17:00.411+0000][23984][gc,age       ] GC(277) - age  15:       1048 bytes,   12324448 total
[2020-09-03T11:17:00.411+0000][23984][gc,phases    ] GC(277)   Pre Evacuate Collection Set: 0.4ms
[2020-09-03T11:17:00.411+0000][23984][gc,phases    ] GC(277)   Merge Heap Roots: 0.1ms
[2020-09-03T11:17:00.411+0000][23984][gc,phases    ] GC(277)   Evacuate Collection Set: 3.3ms
[2020-09-03T11:17:00.411+0000][23984][gc,phases    ] GC(277)   Post Evacuate Collection Set: 0.9ms
[2020-09-03T11:17:00.411+0000][23984][gc,phases    ] GC(277)   Other: 1.6ms
[2020-09-03T11:17:00.411+0000][23984][gc,heap      ] GC(277) Eden regions: 58->0(478)
[2020-09-03T11:17:00.411+0000][23984][gc,heap      ] GC(277) Survivor regions: 5->13(62)
[2020-09-03T11:17:00.411+0000][23984][gc,heap      ] GC(277) Old regions: 77->77
[2020-09-03T11:17:00.411+0000][23984][gc,heap      ] GC(277) Archive regions: 0->0
[2020-09-03T11:17:00.411+0000][23984][gc,heap      ] GC(277) Humongous regions: 230->174
[2020-09-03T11:17:00.411+0000][23984][gc,metaspace ] GC(277) Metaspace: 86511K(93056K)->86511K(93056K) NonClass: 75490K(79360K)->75490K(79360K) Class: 11020K(13696K)->11020K(13696K)
[2020-09-03T11:17:00.411+0000][23984][gc           ] GC(277) Pause Young (Concurrent Start) (G1 Humongous Allocation) 368M->263M(1024M) 6.644ms
[2020-09-03T11:17:00.411+0000][23984][gc,cpu       ] GC(277) User=0.00s Sys=0.00s Real=0.01s
[2020-09-03T11:17:00.411+0000][23984][gc           ] GC(278) Concurrent Cycle
[2020-09-03T11:17:00.412+0000][23984][gc,marking   ] GC(278) Concurrent Clear Claimed Marks
[2020-09-03T11:17:00.412+0000][23984][safepoint    ] Safepoint "G1TryInitiateConcMark", Time since last: 9337300 ns, Reaching safepoint: 195700 ns, At safepoint: 6858700 ns, Total: 7054400 ns
[2020-09-03T11:17:00.412+0000][23984][gc,marking   ] GC(278) Concurrent Clear Claimed Marks 0.330ms
[2020-09-03T11:17:00.412+0000][23984][gc,marking   ] GC(278) Concurrent Scan Root Regions
[2020-09-03T11:17:00.415+0000][23984][gc,marking   ] GC(278) Concurrent Scan Root Regions 3.499ms
[2020-09-03T11:17:00.416+0000][23984][gc,marking   ] GC(278) Concurrent Mark (169.417s)
[2020-09-03T11:17:00.416+0000][23984][gc,marking   ] GC(278) Concurrent Mark From Roots
[2020-09-03T11:17:00.416+0000][23984][gc,task      ] GC(278) Using 2 workers of 2 for marking
[2020-09-03T11:17:00.584+0000][23984][gc,marking   ] GC(278) Concurrent Mark From Roots 168.060ms
[2020-09-03T11:17:00.584+0000][23984][gc,marking   ] GC(278) Concurrent Preclean
[2020-09-03T11:17:00.584+0000][23984][gc,marking   ] GC(278) Concurrent Preclean 0.545ms
[2020-09-03T11:17:00.584+0000][23984][gc,marking   ] GC(278) Concurrent Mark (169.417s, 169.586s) 168.793ms
[2020-09-03T11:17:00.585+0000][23984][gc,start     ] GC(278) Pause Remark
[2020-09-03T11:17:00.590+0000][23984][gc           ] GC(278) Pause Remark 473M->473M(1024M) 5.074ms
[2020-09-03T11:17:00.590+0000][23984][gc,cpu       ] GC(278) User=0.00s Sys=0.00s Real=0.00s
[2020-09-03T11:17:00.590+0000][23984][safepoint    ] Safepoint "G1Concurrent", Time since last: 172920700 ns, Reaching safepoint: 157200 ns, At safepoint: 5259800 ns, Total: 5417000 ns
[2020-09-03T11:17:00.590+0000][23984][gc,marking   ] GC(278) Concurrent Rebuild Remembered Sets
[2020-09-03T11:17:00.682+0000][23984][gc,marking   ] GC(278) Concurrent Rebuild Remembered Sets 91.618ms
[2020-09-03T11:17:00.682+0000][23984][gc,start     ] GC(278) Pause Cleanup
[2020-09-03T11:17:00.682+0000][23984][gc           ] GC(278) Pause Cleanup 545M->545M(1024M) 0.263ms
[2020-09-03T11:17:00.682+0000][23984][gc,cpu       ] GC(278) User=0.00s Sys=0.00s Real=0.00s
[2020-09-03T11:17:00.682+0000][23984][safepoint    ] Safepoint "G1Concurrent", Time since last: 91804100 ns, Reaching safepoint: 125800 ns, At safepoint: 420500 ns, Total: 546300 ns
[2020-09-03T11:17:00.682+0000][23984][gc,marking   ] GC(278) Concurrent Cleanup for Next Mark
[2020-09-03T11:17:00.683+0000][23984][gc,marking   ] GC(278) Concurrent Cleanup for Next Mark 1.144ms
[2020-09-03T11:17:00.684+0000][23984][gc           ] GC(278) Concurrent Cycle 272.046ms
[2020-09-03T11:17:00.795+0000][23984][gc,start     ] GC(279) Pause Young (Concurrent Start) (G1 Humongous Allocation)
[2020-09-03T11:17:00.795+0000][23984][gc,task      ] GC(279) Using 8 workers of 8 for evacuation
[2020-09-03T11:17:00.795+0000][23984][gc,age       ] GC(279) Desired survivor size 32505856 bytes, new threshold 15 (max threshold 15)
[2020-09-03T11:17:00.798+0000][23984][gc,age       ] GC(279) Age table with threshold 15 (max threshold 15)
[2020-09-03T11:17:00.798+0000][23984][gc,age       ] GC(279) - age   1:    2596160 bytes,    2596160 total
[2020-09-03T11:17:00.799+0000][23984][gc,age       ] GC(279) - age   2:       8064 bytes,    2604224 total
[2020-09-03T11:17:00.799+0000][23984][gc,age       ] GC(279) - age   3:       7296 bytes,    2611520 total
[2020-09-03T11:17:00.799+0000][23984][gc,age       ] GC(279) - age   4:       6544 bytes,    2618064 total
[2020-09-03T11:17:00.799+0000][23984][gc,age       ] GC(279) - age   5:       4152 bytes,    2622216 total
[2020-09-03T11:17:00.799+0000][23984][gc,age       ] GC(279) - age   6:      53464 bytes,    2675680 total
[2020-09-03T11:17:00.799+0000][23984][gc,age       ] GC(279) - age   7:       1848 bytes,    2677528 total
[2020-09-03T11:17:00.799+0000][23984][gc,age       ] GC(279) - age   8:       1376 bytes,    2678904 total
[2020-09-03T11:17:00.799+0000][23984][gc,age       ] GC(279) - age   9:       2696 bytes,    2681600 total
[2020-09-03T11:17:00.799+0000][23984][gc,age       ] GC(279) - age  10:       1040 bytes,    2682640 total
[2020-09-03T11:17:00.799+0000][23984][gc,age       ] GC(279) - age  11:       2688 bytes,    2685328 total
[2020-09-03T11:17:00.799+0000][23984][gc,age       ] GC(279) - age  12:       6000 bytes,    2691328 total
[2020-09-03T11:17:00.799+0000][23984][gc,age       ] GC(279) - age  13:       1368 bytes,    2692696 total
[2020-09-03T11:17:00.799+0000][23984][gc,age       ] GC(279) - age  14:        304 bytes,    2693000 total
[2020-09-03T11:17:00.799+0000][23984][gc,age       ] GC(279) - age  15:        488 bytes,    2693488 total
[2020-09-03T11:17:00.799+0000][23984][gc,phases    ] GC(279)   Pre Evacuate Collection Set: 0.4ms
[2020-09-03T11:17:00.799+0000][23984][gc,phases    ] GC(279)   Merge Heap Roots: 0.1ms
[2020-09-03T11:17:00.799+0000][23984][gc,phases    ] GC(279)   Evacuate Collection Set: 1.8ms
[2020-09-03T11:17:00.799+0000][23984][gc,phases    ] GC(279)   Post Evacuate Collection Set: 0.8ms
[2020-09-03T11:17:00.799+0000][23984][gc,phases    ] GC(279)   Other: 0.7ms
[2020-09-03T11:17:00.799+0000][23984][gc,heap      ] GC(279) Eden regions: 78->0(491)
[2020-09-03T11:17:00.799+0000][23984][gc,heap      ] GC(279) Survivor regions: 13->4(62)
[2020-09-03T11:17:00.799+0000][23984][gc,heap      ] GC(279) Old regions: 77->77
[2020-09-03T11:17:00.799+0000][23984][gc,heap      ] GC(279) Archive regions: 0->0
[2020-09-03T11:17:00.799+0000][23984][gc,heap      ] GC(279) Humongous regions: 396->174
[2020-09-03T11:17:00.799+0000][23984][gc,metaspace ] GC(279) Metaspace: 86511K(93056K)->86511K(93056K) NonClass: 75491K(79360K)->75491K(79360K) Class: 11020K(13696K)->11020K(13696K)
[2020-09-03T11:17:00.799+0000][23984][gc           ] GC(279) Pause Young (Concurrent Start) (G1 Humongous Allocation) 562M->254M(1024M) 4.066ms
[2020-09-03T11:17:00.799+0000][23984][gc,cpu       ] GC(279) User=0.00s Sys=0.00s Real=0.00s
[2020-09-03T11:17:00.799+0000][23984][safepoint    ] Safepoint "G1TryInitiateConcMark", Time since last: 112666300 ns, Reaching safepoint: 141600 ns, At safepoint: 4190100 ns, Total: 4331700 ns
[2020-09-03T11:17:00.799+0000][23984][gc           ] GC(280) Concurrent Cycle
[2020-09-03T11:17:00.799+0000][23984][gc,marking   ] GC(280) Concurrent Clear Claimed Marks
[2020-09-03T11:17:00.800+0000][23984][gc,marking   ] GC(280) Concurrent Clear Claimed Marks 0.290ms
[2020-09-03T11:17:00.800+0000][23984][gc,marking   ] GC(280) Concurrent Scan Root Regions
[2020-09-03T11:17:00.801+0000][23984][gc,marking   ] GC(280) Concurrent Scan Root Regions 1.283ms
[2020-09-03T11:17:00.801+0000][23984][gc,marking   ] GC(280) Concurrent Mark (169.803s)
[2020-09-03T11:17:00.801+0000][23984][gc,marking   ] GC(280) Concurrent Mark From Roots
[2020-09-03T11:17:00.801+0000][23984][gc,task      ] GC(280) Using 2 workers of 2 for marking
[2020-09-03T11:17:00.890+0000][23984][gc,marking   ] GC(280) Concurrent Mark From Roots 88.788ms
[2020-09-03T11:17:00.890+0000][23984][gc,marking   ] GC(280) Concurrent Preclean
[2020-09-03T11:17:00.890+0000][23984][gc,marking   ] GC(280) Concurrent Preclean 0.460ms
[2020-09-03T11:17:00.890+0000][23984][gc,marking   ] GC(280) Concurrent Mark (169.803s, 169.892s) 89.403ms
[2020-09-03T11:17:00.891+0000][23984][gc,start     ] GC(280) Pause Remark
[2020-09-03T11:17:00.895+0000][23984][gc           ] GC(280) Pause Remark 312M->312M(1024M) 4.816ms
[2020-09-03T11:17:00.896+0000][23984][gc,cpu       ] GC(280) User=0.00s Sys=0.00s Real=0.00s
[2020-09-03T11:17:00.896+0000][23984][safepoint    ] Safepoint "G1Concurrent", Time since last: 91238900 ns, Reaching safepoint: 139100 ns, At safepoint: 5032300 ns, Total: 5171400 ns
[2020-09-03T11:17:00.896+0000][23984][gc,marking   ] GC(280) Concurrent Rebuild Remembered Sets
[2020-09-03T11:17:00.957+0000][23984][gc,marking   ] GC(280) Concurrent Rebuild Remembered Sets 61.053ms
[2020-09-03T11:17:00.957+0000][23984][gc,start     ] GC(280) Pause Cleanup
[2020-09-03T11:17:00.957+0000][23984][gc           ] GC(280) Pause Cleanup 379M->379M(1024M) 0.239ms
[2020-09-03T11:17:00.957+0000][23984][gc,cpu       ] GC(280) User=0.00s Sys=0.00s Real=0.00s
[2020-09-03T11:17:00.957+0000][23984][safepoint    ] Safepoint "G1Concurrent", Time since last: 61209200 ns, Reaching safepoint: 135900 ns, At safepoint: 357100 ns, Total: 493000 ns
[2020-09-03T11:17:00.957+0000][23984][gc,marking   ] GC(280) Concurrent Cleanup for Next Mark
[2020-09-03T11:17:00.959+0000][23984][gc,marking   ] GC(280) Concurrent Cleanup for Next Mark 1.121ms
[2020-09-03T11:17:00.959+0000][23984][gc           ] GC(280) Concurrent Cycle 159.367ms
[2020-09-03T11:17:01.064+0000][23984][gc,start     ] GC(281) Pause Young (Concurrent Start) (G1 Humongous Allocation)
[2020-09-03T11:17:01.065+0000][23984][gc,task      ] GC(281) Using 8 workers of 8 for evacuation
[2020-09-03T11:17:01.065+0000][23984][gc,age       ] GC(281) Desired survivor size 32505856 bytes, new threshold 15 (max threshold 15)
[2020-09-03T11:17:01.068+0000][23984][gc,age       ] GC(281) Age table with threshold 15 (max threshold 15)
[2020-09-03T11:17:01.068+0000][23984][gc,age       ] GC(281) - age   1:    2748584 bytes,    2748584 total
[2020-09-03T11:17:01.068+0000][23984][gc,age       ] GC(281) - age   2:      14672 bytes,    2763256 total
[2020-09-03T11:17:01.068+0000][23984][gc,age       ] GC(281) - age   3:       7896 bytes,    2771152 total
[2020-09-03T11:17:01.068+0000][23984][gc,age       ] GC(281) - age   4:       7296 bytes,    2778448 total
[2020-09-03T11:17:01.068+0000][23984][gc,age       ] GC(281) - age   5:       6280 bytes,    2784728 total
[2020-09-03T11:17:01.068+0000][23984][gc,age       ] GC(281) - age   6:       3992 bytes,    2788720 total
[2020-09-03T11:17:01.068+0000][23984][gc,age       ] GC(281) - age   7:      53304 bytes,    2842024 total
[2020-09-03T11:17:01.068+0000][23984][gc,age       ] GC(281) - age   8:       1784 bytes,    2843808 total
[2020-09-03T11:17:01.068+0000][23984][gc,age       ] GC(281) - age   9:       1312 bytes,    2845120 total
[2020-09-03T11:17:01.068+0000][23984][gc,age       ] GC(281) - age  10:       2696 bytes,    2847816 total
[2020-09-03T11:17:01.068+0000][23984][gc,age       ] GC(281) - age  11:       1040 bytes,    2848856 total
[2020-09-03T11:17:01.068+0000][23984][gc,age       ] GC(281) - age  12:       2688 bytes,    2851544 total
[2020-09-03T11:17:01.068+0000][23984][gc,age       ] GC(281) - age  13:       6000 bytes,    2857544 total
[2020-09-03T11:17:01.068+0000][23984][gc,age       ] GC(281) - age  14:       1368 bytes,    2858912 total
[2020-09-03T11:17:01.068+0000][23984][gc,age       ] GC(281) - age  15:        208 bytes,    2859120 total
[2020-09-03T11:17:01.069+0000][23984][gc,phases    ] GC(281)   Pre Evacuate Collection Set: 0.4ms
[2020-09-03T11:17:01.069+0000][23984][gc,phases    ] GC(281)   Merge Heap Roots: 0.1ms
[2020-09-03T11:17:01.069+0000][23984][gc,phases    ] GC(281)   Evacuate Collection Set: 1.8ms
[2020-09-03T11:17:01.069+0000][23984][gc,phases    ] GC(281)   Post Evacuate Collection Set: 0.8ms
[2020-09-03T11:17:01.069+0000][23984][gc,phases    ] GC(281)   Other: 1.0ms
[2020-09-03T11:17:01.069+0000][23984][gc,heap      ] GC(281) Eden regions: 40->0(494)
[2020-09-03T11:17:01.069+0000][23984][gc,heap      ] GC(281) Survivor regions: 4->4(62)
[2020-09-03T11:17:01.069+0000][23984][gc,heap      ] GC(281) Old regions: 77->77
[2020-09-03T11:17:01.069+0000][23984][gc,heap      ] GC(281) Archive regions: 0->0
[2020-09-03T11:17:01.069+0000][23984][gc,heap      ] GC(281) Humongous regions: 270->174
[2020-09-03T11:17:01.069+0000][23984][gc,metaspace ] GC(281) Metaspace: 86522K(93056K)->86522K(93056K) NonClass: 75502K(79360K)->75502K(79360K) Class: 11020K(13696K)->11020K(13696K)
[2020-09-03T11:17:01.069+0000][23984][gc           ] GC(281) Pause Young (Concurrent Start) (G1 Humongous Allocation) 389M->253M(1024M) 4.551ms
[2020-09-03T11:17:01.069+0000][23984][gc,cpu       ] GC(281) User=0.00s Sys=0.00s Real=0.01s
[2020-09-03T11:17:01.069+0000][23984][safepoint    ] Safepoint "G1TryInitiateConcMark", Time since last: 106957200 ns, Reaching safepoint: 150700 ns, At safepoint: 4732900 ns, Total: 4883600 ns
[2020-09-03T11:17:01.069+0000][23984][gc           ] GC(282) Concurrent Cycle
[2020-09-03T11:17:01.069+0000][23984][gc,marking   ] GC(282) Concurrent Clear Claimed Marks
[2020-09-03T11:17:01.070+0000][23984][gc,marking   ] GC(282) Concurrent Clear Claimed Marks 0.364ms
[2020-09-03T11:17:01.070+0000][23984][gc,marking   ] GC(282) Concurrent Scan Root Regions
[2020-09-03T11:17:01.072+0000][23984][gc,marking   ] GC(282) Concurrent Scan Root Regions 1.823ms
[2020-09-03T11:17:01.072+0000][23984][gc,marking   ] GC(282) Concurrent Mark (170.073s)
[2020-09-03T11:17:01.072+0000][23984][gc,marking   ] GC(282) Concurrent Mark From Roots
[2020-09-03T11:17:01.072+0000][23984][gc,task      ] GC(282) Using 2 workers of 2 for marking
[2020-09-03T11:17:01.176+0000][23984][gc,marking   ] GC(282) Concurrent Mark From Roots 103.803ms
[2020-09-03T11:17:01.176+0000][23984][gc,marking   ] GC(282) Concurrent Preclean
[2020-09-03T11:17:01.176+0000][23984][gc,marking   ] GC(282) Concurrent Preclean 0.380ms
[2020-09-03T11:17:01.176+0000][23984][gc,marking   ] GC(282) Concurrent Mark (170.073s, 170.178s) 104.317ms
[2020-09-03T11:17:01.176+0000][23984][gc,start     ] GC(282) Pause Remark
[2020-09-03T11:17:01.181+0000][23984][gc           ] GC(282) Pause Remark 310M->310M(1024M) 4.669ms
[2020-09-03T11:17:01.181+0000][23984][gc,cpu       ] GC(282) User=0.00s Sys=0.00s Real=0.00s
[2020-09-03T11:17:01.181+0000][23984][safepoint    ] Safepoint "G1Concurrent", Time since last: 106904700 ns, Reaching safepoint: 132300 ns, At safepoint: 4864900 ns, Total: 4997200 ns
[2020-09-03T11:17:01.181+0000][23984][gc,marking   ] GC(282) Concurrent Rebuild Remembered Sets
[2020-09-03T11:17:01.262+0000][23984][gc,marking   ] GC(282) Concurrent Rebuild Remembered Sets 80.461ms
[2020-09-03T11:17:01.262+0000][23984][gc,start     ] GC(282) Pause Cleanup
[2020-09-03T11:17:01.262+0000][23984][gc           ] GC(282) Pause Cleanup 574M->574M(1024M) 0.337ms
[2020-09-03T11:17:01.262+0000][23984][gc,cpu       ] GC(282) User=0.00s Sys=0.00s Real=0.00s
[2020-09-03T11:17:01.262+0000][23984][safepoint    ] Safepoint "G1Concurrent", Time since last: 80646400 ns, Reaching safepoint: 198100 ns, At safepoint: 512700 ns, Total: 710800 ns
[2020-09-03T11:17:01.262+0000][23984][gc,marking   ] GC(282) Concurrent Cleanup for Next Mark
[2020-09-03T11:17:01.264+0000][23984][gc,marking   ] GC(282) Concurrent Cleanup for Next Mark 1.770ms
[2020-09-03T11:17:01.264+0000][23984][gc           ] GC(282) Concurrent Cycle 195.240ms
[2020-09-03T11:17:01.361+0000][23984][gc,start     ] GC(283) Pause Young (Concurrent Start) (G1 Humongous Allocation)
[2020-09-03T11:17:01.361+0000][23984][gc,task      ] GC(283) Using 8 workers of 8 for evacuation
[2020-09-03T11:17:01.361+0000][23984][gc,age       ] GC(283) Desired survivor size 33030144 bytes, new threshold 15 (max threshold 15)
[2020-09-03T11:17:01.364+0000][23984][gc,age       ] GC(283) Age table with threshold 15 (max threshold 15)
[2020-09-03T11:17:01.364+0000][23984][gc,age       ] GC(283) - age   1:    2838392 bytes,    2838392 total
[2020-09-03T11:17:01.364+0000][23984][gc,age       ] GC(283) - age   2:       2632 bytes,    2841024 total
[2020-09-03T11:17:01.364+0000][23984][gc,age       ] GC(283) - age   3:      11488 bytes,    2852512 total
[2020-09-03T11:17:01.364+0000][23984][gc,age       ] GC(283) - age   4:       6144 bytes,    2858656 total
[2020-09-03T11:17:01.364+0000][23984][gc,age       ] GC(283) - age   5:       7296 bytes,    2865952 total
[2020-09-03T11:17:01.364+0000][23984][gc,age       ] GC(283) - age   6:       6216 bytes,    2872168 total
[2020-09-03T11:17:01.364+0000][23984][gc,age       ] GC(283) - age   7:       3904 bytes,    2876072 total
[2020-09-03T11:17:01.364+0000][23984][gc,age       ] GC(283) - age   8:      53304 bytes,    2929376 total
[2020-09-03T11:17:01.364+0000][23984][gc,age       ] GC(283) - age   9:       1784 bytes,    2931160 total
[2020-09-03T11:17:01.364+0000][23984][gc,age       ] GC(283) - age  10:       1312 bytes,    2932472 total
[2020-09-03T11:17:01.364+0000][23984][gc,age       ] GC(283) - age  11:       2696 bytes,    2935168 total
[2020-09-03T11:17:01.364+0000][23984][gc,age       ] GC(283) - age  12:       1040 bytes,    2936208 total
[2020-09-03T11:17:01.364+0000][23984][gc,age       ] GC(283) - age  13:       2688 bytes,    2938896 total
[2020-09-03T11:17:01.364+0000][23984][gc,age       ] GC(283) - age  14:       6000 bytes,    2944896 total
[2020-09-03T11:17:01.364+0000][23984][gc,age       ] GC(283) - age  15:       1336 bytes,    2946232 total
[2020-09-03T11:17:01.365+0000][23984][gc,phases    ] GC(283)   Pre Evacuate Collection Set: 0.4ms
[2020-09-03T11:17:01.365+0000][23984][gc,phases    ] GC(283)   Merge Heap Roots: 0.1ms
[2020-09-03T11:17:01.365+0000][23984][gc,phases    ] GC(283)   Evacuate Collection Set: 2.0ms
[2020-09-03T11:17:01.365+0000][23984][gc,phases    ] GC(283)   Post Evacuate Collection Set: 0.8ms
[2020-09-03T11:17:01.365+0000][23984][gc,phases    ] GC(283)   Other: 0.8ms
[2020-09-03T11:17:01.365+0000][23984][gc,heap      ] GC(283) Eden regions: 85->0(495)
[2020-09-03T11:17:01.365+0000][23984][gc,heap      ] GC(283) Survivor regions: 4->4(63)
[2020-09-03T11:17:01.365+0000][23984][gc,heap      ] GC(283) Old regions: 77->77
[2020-09-03T11:17:01.365+0000][23984][gc,heap      ] GC(283) Archive regions: 0->0
[2020-09-03T11:17:01.365+0000][23984][gc,heap      ] GC(283) Humongous regions: 424->174
[2020-09-03T11:17:01.365+0000][23984][gc,metaspace ] GC(283) Metaspace: 86525K(93056K)->86525K(93056K) NonClass: 75505K(79360K)->75505K(79360K) Class: 11020K(13696K)->11020K(13696K)
[2020-09-03T11:17:01.365+0000][23984][gc           ] GC(283) Pause Young (Concurrent Start) (G1 Humongous Allocation) 588M->253M(1024M) 4.446ms
[2020-09-03T11:17:01.365+0000][23984][gc,cpu       ] GC(283) User=0.00s Sys=0.00s Real=0.00s
[2020-09-03T11:17:01.365+0000][23984][gc           ] GC(284) Concurrent Cycle
[2020-09-03T11:17:01.365+0000][23984][safepoint    ] Safepoint "G1TryInitiateConcMark", Time since last: 97918000 ns, Reaching safepoint: 152900 ns, At safepoint: 4604000 ns, Total: 4756900 ns
[2020-09-03T11:17:01.365+0000][23984][gc,marking   ] GC(284) Concurrent Clear Claimed Marks
[2020-09-03T11:17:01.366+0000][23984][gc,marking   ] GC(284) Concurrent Clear Claimed Marks 0.579ms
[2020-09-03T11:17:01.366+0000][23984][gc,marking   ] GC(284) Concurrent Scan Root Regions
[2020-09-03T11:17:01.369+0000][23984][gc,marking   ] GC(284) Concurrent Scan Root Regions 2.692ms
[2020-09-03T11:17:01.369+0000][23984][gc,marking   ] GC(284) Concurrent Mark (170.371s)
[2020-09-03T11:17:01.369+0000][23984][gc,marking   ] GC(284) Concurrent Mark From Roots
[2020-09-03T11:17:01.369+0000][23984][gc,task      ] GC(284) Using 2 workers of 2 for marking
[2020-09-03T11:17:01.478+0000][23984][gc,marking   ] GC(284) Concurrent Mark From Roots 109.208ms
[2020-09-03T11:17:01.478+0000][23984][gc,marking   ] GC(284) Concurrent Preclean
[2020-09-03T11:17:01.478+0000][23984][gc,marking   ] GC(284) Concurrent Preclean 0.387ms
[2020-09-03T11:17:01.478+0000][23984][gc,marking   ] GC(284) Concurrent Mark (170.371s, 170.480s) 109.742ms
[2020-09-03T11:17:01.479+0000][23984][gc,start     ] GC(284) Pause Remark
[2020-09-03T11:17:01.485+0000][23984][gc           ] GC(284) Pause Remark 323M->323M(1024M) 5.896ms
[2020-09-03T11:17:01.485+0000][23984][gc,cpu       ] GC(284) User=0.09s Sys=0.00s Real=0.01s
[2020-09-03T11:17:01.485+0000][23984][safepoint    ] Safepoint "G1Concurrent", Time since last: 113431900 ns, Reaching safepoint: 126600 ns, At safepoint: 6076600 ns, Total: 6203200 ns
[2020-09-03T11:17:01.485+0000][23984][gc,marking   ] GC(284) Concurrent Rebuild Remembered Sets
[2020-09-03T11:17:01.556+0000][23984][gc,marking   ] GC(284) Concurrent Rebuild Remembered Sets 70.982ms
[2020-09-03T11:17:01.556+0000][23984][gc,start     ] GC(284) Pause Cleanup
[2020-09-03T11:17:01.556+0000][23984][gc           ] GC(284) Pause Cleanup 397M->397M(1024M) 0.233ms
[2020-09-03T11:17:01.556+0000][23984][gc,cpu       ] GC(284) User=0.00s Sys=0.00s Real=0.00s
[2020-09-03T11:17:01.556+0000][23984][safepoint    ] Safepoint "G1Concurrent", Time since last: 71150900 ns, Reaching safepoint: 126500 ns, At safepoint: 339100 ns, Total: 465600 ns
[2020-09-03T11:17:01.556+0000][23984][gc,marking   ] GC(284) Concurrent Cleanup for Next Mark
[2020-09-03T11:17:01.557+0000][23984][gc,marking   ] GC(284) Concurrent Cleanup for Next Mark 1.010ms
[2020-09-03T11:17:01.558+0000][23984][gc           ] GC(284) Concurrent Cycle 192.446ms
[2020-09-03T11:17:01.654+0000][23984][gc,start     ] GC(285) Pause Young (Concurrent Start) (G1 Humongous Allocation)
[2020-09-03T11:17:01.654+0000][23984][gc,task      ] GC(285) Using 8 workers of 8 for evacuation
[2020-09-03T11:17:01.654+0000][23984][gc,age       ] GC(285) Desired survivor size 33030144 bytes, new threshold 15 (max threshold 15)
[2020-09-03T11:17:01.658+0000][23984][gc,age       ] GC(285) Age table with threshold 15 (max threshold 15)
[2020-09-03T11:17:01.658+0000][23984][gc,age       ] GC(285) - age   1:    3915384 bytes,    3915384 total
[2020-09-03T11:17:01.658+0000][23984][gc,age       ] GC(285) - age   2:      14640 bytes,    3930024 total
[2020-09-03T11:17:01.658+0000][23984][gc,age       ] GC(285) - age   3:       1936 bytes,    3931960 total
[2020-09-03T11:17:01.658+0000][23984][gc,age       ] GC(285) - age   4:       3424 bytes,    3935384 total
[2020-09-03T11:17:01.658+0000][23984][gc,age       ] GC(285) - age   5:       5832 bytes,    3941216 total
[2020-09-03T11:17:01.658+0000][23984][gc,age       ] GC(285) - age   6:       7296 bytes,    3948512 total
[2020-09-03T11:17:01.658+0000][23984][gc,age       ] GC(285) - age   7:       6216 bytes,    3954728 total
[2020-09-03T11:17:01.658+0000][23984][gc,age       ] GC(285) - age   8:       3552 bytes,    3958280 total
[2020-09-03T11:17:01.658+0000][23984][gc,age       ] GC(285) - age   9:      53280 bytes,    4011560 total
[2020-09-03T11:17:01.658+0000][23984][gc,age       ] GC(285) - age  10:       1784 bytes,    4013344 total
[2020-09-03T11:17:01.658+0000][23984][gc,age       ] GC(285) - age  11:       1216 bytes,    4014560 total
[2020-09-03T11:17:01.658+0000][23984][gc,age       ] GC(285) - age  12:       2696 bytes,    4017256 total
[2020-09-03T11:17:01.658+0000][23984][gc,age       ] GC(285) - age  13:        880 bytes,    4018136 total
[2020-09-03T11:17:01.658+0000][23984][gc,age       ] GC(285) - age  14:       2688 bytes,    4020824 total
[2020-09-03T11:17:01.658+0000][23984][gc,age       ] GC(285) - age  15:       5936 bytes,    4026760 total
[2020-09-03T11:17:01.658+0000][23984][gc,phases    ] GC(285)   Pre Evacuate Collection Set: 0.4ms
[2020-09-03T11:17:01.658+0000][23984][gc,phases    ] GC(285)   Merge Heap Roots: 0.1ms
[2020-09-03T11:17:01.658+0000][23984][gc,phases    ] GC(285)   Evacuate Collection Set: 2.3ms
[2020-09-03T11:17:01.658+0000][23984][gc,phases    ] GC(285)   Post Evacuate Collection Set: 0.8ms
[2020-09-03T11:17:01.658+0000][23984][gc,phases    ] GC(285)   Other: 0.9ms
[2020-09-03T11:17:01.658+0000][23984][gc,heap      ] GC(285) Eden regions: 50->0(496)
[2020-09-03T11:17:01.658+0000][23984][gc,heap      ] GC(285) Survivor regions: 4->4(63)
[2020-09-03T11:17:01.658+0000][23984][gc,heap      ] GC(285) Old regions: 77->77
[2020-09-03T11:17:01.658+0000][23984][gc,heap      ] GC(285) Archive regions: 0->0
[2020-09-03T11:17:01.658+0000][23984][gc,heap      ] GC(285) Humongous regions: 278->174
[2020-09-03T11:17:01.658+0000][23984][gc,metaspace ] GC(285) Metaspace: 86525K(93056K)->86525K(93056K) NonClass: 75505K(79360K)->75505K(79360K) Class: 11020K(13696K)->11020K(13696K)
[2020-09-03T11:17:01.658+0000][23984][gc           ] GC(285) Pause Young (Concurrent Start) (G1 Humongous Allocation) 407M->254M(1024M) 4.649ms
[2020-09-03T11:17:01.659+0000][23984][gc,cpu       ] GC(285) User=0.00s Sys=0.00s Real=0.00s
[2020-09-03T11:17:01.659+0000][23984][safepoint    ] Safepoint "G1TryInitiateConcMark", Time since last: 97302300 ns, Reaching safepoint: 154400 ns, At safepoint: 4777400 ns, Total: 4931800 ns
[2020-09-03T11:17:01.659+0000][23984][gc           ] GC(286) Concurrent Cycle
[2020-09-03T11:17:01.659+0000][23984][gc,marking   ] GC(286) Concurrent Clear Claimed Marks
[2020-09-03T11:17:01.659+0000][23984][gc,marking   ] GC(286) Concurrent Clear Claimed Marks 0.382ms
[2020-09-03T11:17:01.659+0000][23984][gc,marking   ] GC(286) Concurrent Scan Root Regions
[2020-09-03T11:17:01.661+0000][23984][gc,marking   ] GC(286) Concurrent Scan Root Regions 2.341ms
[2020-09-03T11:17:01.662+0000][23984][gc,marking   ] GC(286) Concurrent Mark (170.663s)
[2020-09-03T11:17:01.662+0000][23984][gc,marking   ] GC(286) Concurrent Mark From Roots
[2020-09-03T11:17:01.662+0000][23984][gc,task      ] GC(286) Using 2 workers of 2 for marking
[2020-09-03T11:17:01.751+0000][23984][gc,marking   ] GC(286) Concurrent Mark From Roots 89.830ms
[2020-09-03T11:17:01.752+0000][23984][gc,marking   ] GC(286) Concurrent Preclean
[2020-09-03T11:17:01.752+0000][23984][gc,marking   ] GC(286) Concurrent Preclean 0.489ms
[2020-09-03T11:17:01.752+0000][23984][gc,marking   ] GC(286) Concurrent Mark (170.663s, 170.754s) 90.471ms
[2020-09-03T11:17:01.752+0000][23984][gc,start     ] GC(286) Pause Remark
[2020-09-03T11:17:01.757+0000][23984][gc           ] GC(286) Pause Remark 318M->318M(1024M) 4.703ms
[2020-09-03T11:17:01.757+0000][23984][gc,cpu       ] GC(286) User=0.00s Sys=0.00s Real=0.00s
[2020-09-03T11:17:01.757+0000][23984][safepoint    ] Safepoint "G1Concurrent", Time since last: 93529600 ns, Reaching safepoint: 129000 ns, At safepoint: 4855200 ns, Total: 4984200 ns
[2020-09-03T11:17:01.757+0000][23984][gc,marking   ] GC(286) Concurrent Rebuild Remembered Sets
[2020-09-03T11:17:01.820+0000][23984][gc,marking   ] GC(286) Concurrent Rebuild Remembered Sets 62.780ms
[2020-09-03T11:17:01.820+0000][23984][gc,start     ] GC(286) Pause Cleanup
[2020-09-03T11:17:01.820+0000][23984][gc           ] GC(286) Pause Cleanup 389M->389M(1024M) 0.250ms
[2020-09-03T11:17:01.821+0000][23984][gc,cpu       ] GC(286) User=0.00s Sys=0.00s Real=0.00s
[2020-09-03T11:17:01.821+0000][23984][safepoint    ] Safepoint "G1Concurrent", Time since last: 62937800 ns, Reaching safepoint: 143400 ns, At safepoint: 395100 ns, Total: 538500 ns
[2020-09-03T11:17:01.821+0000][23984][gc,marking   ] GC(286) Concurrent Cleanup for Next Mark
[2020-09-03T11:17:01.822+0000][23984][gc,marking   ] GC(286) Concurrent Cleanup for Next Mark 1.141ms
[2020-09-03T11:17:01.822+0000][23984][gc           ] GC(286) Concurrent Cycle 163.268ms
[2020-09-03T11:17:01.905+0000][23984][gc,start     ] GC(287) Pause Young (Concurrent Start) (G1 Humongous Allocation)
[2020-09-03T11:17:01.905+0000][23984][gc,task      ] GC(287) Using 8 workers of 8 for evacuation
[2020-09-03T11:17:01.905+0000][23984][gc,age       ] GC(287) Desired survivor size 33030144 bytes, new threshold 15 (max threshold 15)
[2020-09-03T11:17:01.908+0000][23984][gc,age       ] GC(287) Age table with threshold 15 (max threshold 15)
[2020-09-03T11:17:01.908+0000][23984][gc,age       ] GC(287) - age   1:    3327904 bytes,    3327904 total
[2020-09-03T11:17:01.908+0000][23984][gc,age       ] GC(287) - age   2:     600024 bytes,    3927928 total
[2020-09-03T11:17:01.908+0000][23984][gc,age       ] GC(287) - age   3:       7176 bytes,    3935104 total
[2020-09-03T11:17:01.908+0000][23984][gc,age       ] GC(287) - age   4:       1576 bytes,    3936680 total
[2020-09-03T11:17:01.908+0000][23984][gc,age       ] GC(287) - age   5:       2496 bytes,    3939176 total
[2020-09-03T11:17:01.908+0000][23984][gc,age       ] GC(287) - age   6:       5832 bytes,    3945008 total
[2020-09-03T11:17:01.908+0000][23984][gc,age       ] GC(287) - age   7:       7296 bytes,    3952304 total
[2020-09-03T11:17:01.908+0000][23984][gc,age       ] GC(287) - age   8:       6216 bytes,    3958520 total
[2020-09-03T11:17:01.908+0000][23984][gc,age       ] GC(287) - age   9:       3232 bytes,    3961752 total
[2020-09-03T11:17:01.908+0000][23984][gc,age       ] GC(287) - age  10:      53152 bytes,    4014904 total
[2020-09-03T11:17:01.908+0000][23984][gc,age       ] GC(287) - age  11:       1784 bytes,    4016688 total
[2020-09-03T11:17:01.908+0000][23984][gc,age       ] GC(287) - age  12:       1216 bytes,    4017904 total
[2020-09-03T11:17:01.908+0000][23984][gc,age       ] GC(287) - age  13:       2344 bytes,    4020248 total
[2020-09-03T11:17:01.908+0000][23984][gc,age       ] GC(287) - age  14:        880 bytes,    4021128 total
[2020-09-03T11:17:01.908+0000][23984][gc,age       ] GC(287) - age  15:       2688 bytes,    4023816 total
[2020-09-03T11:17:01.909+0000][23984][gc,phases    ] GC(287)   Pre Evacuate Collection Set: 0.3ms
[2020-09-03T11:17:01.909+0000][23984][gc,phases    ] GC(287)   Merge Heap Roots: 0.1ms
[2020-09-03T11:17:01.909+0000][23984][gc,phases    ] GC(287)   Evacuate Collection Set: 1.8ms
[2020-09-03T11:17:01.909+0000][23984][gc,phases    ] GC(287)   Post Evacuate Collection Set: 0.9ms
[2020-09-03T11:17:01.909+0000][23984][gc,phases    ] GC(287)   Other: 0.6ms
[2020-09-03T11:17:01.909+0000][23984][gc,heap      ] GC(287) Eden regions: 41->0(497)
[2020-09-03T11:17:01.909+0000][23984][gc,heap      ] GC(287) Survivor regions: 4->5(63)
[2020-09-03T11:17:01.909+0000][23984][gc,heap      ] GC(287) Old regions: 77->77
[2020-09-03T11:17:01.909+0000][23984][gc,heap      ] GC(287) Archive regions: 0->0
[2020-09-03T11:17:01.909+0000][23984][gc,heap      ] GC(287) Humongous regions: 278->174
[2020-09-03T11:17:01.909+0000][23984][gc,metaspace ] GC(287) Metaspace: 86528K(93056K)->86528K(93056K) NonClass: 75508K(79360K)->75508K(79360K) Class: 11020K(13696K)->11020K(13696K)
[2020-09-03T11:17:01.909+0000][23984][gc           ] GC(287) Pause Young (Concurrent Start) (G1 Humongous Allocation) 399M->255M(1024M) 3.911ms
[2020-09-03T11:17:01.909+0000][23984][gc,cpu       ] GC(287) User=0.00s Sys=0.00s Real=0.00s
[2020-09-03T11:17:01.909+0000][23984][safepoint    ] Safepoint "G1TryInitiateConcMark", Time since last: 84180600 ns, Reaching safepoint: 110500 ns, At safepoint: 4013600 ns, Total: 4124100 ns
[2020-09-03T11:17:01.909+0000][23984][gc           ] GC(288) Concurrent Cycle
[2020-09-03T11:17:01.909+0000][23984][gc,marking   ] GC(288) Concurrent Clear Claimed Marks
[2020-09-03T11:17:01.909+0000][23984][gc,marking   ] GC(288) Concurrent Clear Claimed Marks 0.469ms
[2020-09-03T11:17:01.910+0000][23984][gc,marking   ] GC(288) Concurrent Scan Root Regions
[2020-09-03T11:17:01.912+0000][23984][gc,marking   ] GC(288) Concurrent Scan Root Regions 1.967ms
[2020-09-03T11:17:01.912+0000][23984][gc,marking   ] GC(288) Concurrent Mark (170.913s)
[2020-09-03T11:17:01.912+0000][23984][gc,marking   ] GC(288) Concurrent Mark From Roots
[2020-09-03T11:17:01.912+0000][23984][gc,task      ] GC(288) Using 2 workers of 2 for marking
[2020-09-03T11:17:01.990+0000][23984][gc,marking   ] GC(288) Concurrent Mark From Roots 78.561ms
[2020-09-03T11:17:01.990+0000][23984][gc,marking   ] GC(288) Concurrent Preclean
[2020-09-03T11:17:01.991+0000][23984][gc,marking   ] GC(288) Concurrent Preclean 0.360ms
[2020-09-03T11:17:01.991+0000][23984][gc,marking   ] GC(288) Concurrent Mark (170.913s, 170.992s) 79.025ms
[2020-09-03T11:17:01.991+0000][23984][gc,start     ] GC(288) Pause Remark
[2020-09-03T11:17:01.996+0000][23984][gc           ] GC(288) Pause Remark 317M->317M(1024M) 4.965ms
[2020-09-03T11:17:01.996+0000][23984][gc,cpu       ] GC(288) User=0.00s Sys=0.00s Real=0.01s
[2020-09-03T11:17:01.996+0000][23984][safepoint    ] Safepoint "G1Concurrent", Time since last: 81873100 ns, Reaching safepoint: 122900 ns, At safepoint: 5098600 ns, Total: 5221500 ns
[2020-09-03T11:17:01.996+0000][23984][gc,marking   ] GC(288) Concurrent Rebuild Remembered Sets
[2020-09-03T11:17:02.067+0000][23984][gc,marking   ] GC(288) Concurrent Rebuild Remembered Sets 70.858ms
[2020-09-03T11:17:02.067+0000][23984][gc,start     ] GC(288) Pause Cleanup
[2020-09-03T11:17:02.067+0000][23984][gc           ] GC(288) Pause Cleanup 384M->384M(1024M) 0.229ms
[2020-09-03T11:17:02.067+0000][23984][gc,cpu       ] GC(288) User=0.00s Sys=0.00s Real=0.00s
[2020-09-03T11:17:02.067+0000][23984][safepoint    ] Safepoint "G1Concurrent", Time since last: 71055300 ns, Reaching safepoint: 127600 ns, At safepoint: 330200 ns, Total: 457800 ns
[2020-09-03T11:17:02.068+0000][23984][gc,marking   ] GC(288) Concurrent Cleanup for Next Mark
[2020-09-03T11:17:02.069+0000][23984][gc,marking   ] GC(288) Concurrent Cleanup for Next Mark 1.307ms
[2020-09-03T11:17:02.069+0000][23984][gc           ] GC(288) Concurrent Cycle 160.056ms
[2020-09-03T11:17:02.185+0000][23984][gc,start     ] GC(289) Pause Young (Concurrent Start) (G1 Humongous Allocation)
[2020-09-03T11:17:02.185+0000][23984][gc,task      ] GC(289) Using 8 workers of 8 for evacuation
[2020-09-03T11:17:02.185+0000][23984][gc,age       ] GC(289) Desired survivor size 33030144 bytes, new threshold 15 (max threshold 15)
[2020-09-03T11:17:02.188+0000][23984][gc,age       ] GC(289) Age table with threshold 15 (max threshold 15)
[2020-09-03T11:17:02.188+0000][23984][gc,age       ] GC(289) - age   1:    2663840 bytes,    2663840 total
[2020-09-03T11:17:02.188+0000][23984][gc,age       ] GC(289) - age   2:       3200 bytes,    2667040 total
[2020-09-03T11:17:02.188+0000][23984][gc,age       ] GC(289) - age   3:       3712 bytes,    2670752 total
[2020-09-03T11:17:02.188+0000][23984][gc,age       ] GC(289) - age   4:       1040 bytes,    2671792 total
[2020-09-03T11:17:02.188+0000][23984][gc,age       ] GC(289) - age   5:       1416 bytes,    2673208 total
[2020-09-03T11:17:02.188+0000][23984][gc,age       ] GC(289) - age   6:       2280 bytes,    2675488 total
[2020-09-03T11:17:02.188+0000][23984][gc,age       ] GC(289) - age   7:       5448 bytes,    2680936 total
[2020-09-03T11:17:02.188+0000][23984][gc,age       ] GC(289) - age   8:       7296 bytes,    2688232 total
[2020-09-03T11:17:02.188+0000][23984][gc,age       ] GC(289) - age   9:       6160 bytes,    2694392 total
[2020-09-03T11:17:02.188+0000][23984][gc,age       ] GC(289) - age  10:       3200 bytes,    2697592 total
[2020-09-03T11:17:02.188+0000][23984][gc,age       ] GC(289) - age  11:      53056 bytes,    2750648 total
[2020-09-03T11:17:02.189+0000][23984][gc,age       ] GC(289) - age  12:       1752 bytes,    2752400 total
[2020-09-03T11:17:02.189+0000][23984][gc,age       ] GC(289) - age  13:        864 bytes,    2753264 total
[2020-09-03T11:17:02.189+0000][23984][gc,age       ] GC(289) - age  14:       2344 bytes,    2755608 total
[2020-09-03T11:17:02.189+0000][23984][gc,age       ] GC(289) - age  15:        880 bytes,    2756488 total
[2020-09-03T11:17:02.189+0000][23984][gc,phases    ] GC(289)   Pre Evacuate Collection Set: 0.4ms
[2020-09-03T11:17:02.189+0000][23984][gc,phases    ] GC(289)   Merge Heap Roots: 0.1ms
[2020-09-03T11:17:02.189+0000][23984][gc,phases    ] GC(289)   Evacuate Collection Set: 1.8ms
[2020-09-03T11:17:02.189+0000][23984][gc,phases    ] GC(289)   Post Evacuate Collection Set: 0.7ms
[2020-09-03T11:17:02.189+0000][23984][gc,phases    ] GC(289)   Other: 0.8ms
[2020-09-03T11:17:02.189+0000][23984][gc,heap      ] GC(289) Eden regions: 48->0(500)
[2020-09-03T11:17:02.189+0000][23984][gc,heap      ] GC(289) Survivor regions: 5->3(63)
[2020-09-03T11:17:02.189+0000][23984][gc,heap      ] GC(289) Old regions: 77->77
[2020-09-03T11:17:02.189+0000][23984][gc,heap      ] GC(289) Archive regions: 0->0
[2020-09-03T11:17:02.189+0000][23984][gc,heap      ] GC(289) Humongous regions: 274->174
[2020-09-03T11:17:02.189+0000][23984][gc,metaspace ] GC(289) Metaspace: 86536K(93056K)->86536K(93056K) NonClass: 75516K(79360K)->75516K(79360K) Class: 11020K(13696K)->11020K(13696K)
[2020-09-03T11:17:02.189+0000][23984][gc           ] GC(289) Pause Young (Concurrent Start) (G1 Humongous Allocation) 402M->253M(1024M) 3.975ms
[2020-09-03T11:17:02.189+0000][23984][gc,cpu       ] GC(289) User=0.00s Sys=0.00s Real=0.00s
[2020-09-03T11:17:02.189+0000][23984][safepoint    ] Safepoint "G1TryInitiateConcMark", Time since last: 117219500 ns, Reaching safepoint: 139200 ns, At safepoint: 4089000 ns, Total: 4228200 ns
[2020-09-03T11:17:02.189+0000][23984][gc           ] GC(290) Concurrent Cycle
[2020-09-03T11:17:02.189+0000][23984][gc,marking   ] GC(290) Concurrent Clear Claimed Marks
[2020-09-03T11:17:02.189+0000][23984][gc,marking   ] GC(290) Concurrent Clear Claimed Marks 0.337ms
[2020-09-03T11:17:02.189+0000][23984][gc,marking   ] GC(290) Concurrent Scan Root Regions
[2020-09-03T11:17:02.191+0000][23984][gc,marking   ] GC(290) Concurrent Scan Root Regions 1.526ms
[2020-09-03T11:17:02.191+0000][23984][gc,marking   ] GC(290) Concurrent Mark (171.193s)
[2020-09-03T11:17:02.191+0000][23984][gc,marking   ] GC(290) Concurrent Mark From Roots
[2020-09-03T11:17:02.191+0000][23984][gc,task      ] GC(290) Using 2 workers of 2 for marking
[2020-09-03T11:17:02.278+0000][23984][gc,marking   ] GC(290) Concurrent Mark From Roots 87.342ms
[2020-09-03T11:17:02.278+0000][23984][gc,marking   ] GC(290) Concurrent Preclean
[2020-09-03T11:17:02.279+0000][23984][gc,marking   ] GC(290) Concurrent Preclean 0.371ms
[2020-09-03T11:17:02.279+0000][23984][gc,marking   ] GC(290) Concurrent Mark (171.193s, 171.281s) 87.830ms
[2020-09-03T11:17:02.279+0000][23984][gc,start     ] GC(290) Pause Remark
[2020-09-03T11:17:02.284+0000][23984][gc           ] GC(290) Pause Remark 312M->312M(1024M) 4.620ms
[2020-09-03T11:17:02.284+0000][23984][gc,cpu       ] GC(290) User=0.00s Sys=0.00s Real=0.00s
[2020-09-03T11:17:02.284+0000][23984][safepoint    ] Safepoint "G1Concurrent", Time since last: 89991400 ns, Reaching safepoint: 125200 ns, At safepoint: 4765400 ns, Total: 4890600 ns
[2020-09-03T11:17:02.284+0000][23984][gc,marking   ] GC(290) Concurrent Rebuild Remembered Sets
[2020-09-03T11:17:02.347+0000][23984][gc,marking   ] GC(290) Concurrent Rebuild Remembered Sets 62.979ms
[2020-09-03T11:17:02.347+0000][23984][gc,start     ] GC(290) Pause Cleanup
[2020-09-03T11:17:02.347+0000][23984][gc           ] GC(290) Pause Cleanup 379M->379M(1024M) 0.243ms
[2020-09-03T11:17:02.347+0000][23984][gc,cpu       ] GC(290) User=0.00s Sys=0.00s Real=0.00s
[2020-09-03T11:17:02.347+0000][23984][safepoint    ] Safepoint "G1Concurrent", Time since last: 63110700 ns, Reaching safepoint: 120800 ns, At safepoint: 379300 ns, Total: 500100 ns
[2020-09-03T11:17:02.347+0000][23984][gc,marking   ] GC(290) Concurrent Cleanup for Next Mark
[2020-09-03T11:17:02.349+0000][23984][gc,marking   ] GC(290) Concurrent Cleanup for Next Mark 1.117ms
[2020-09-03T11:17:02.349+0000][23984][gc           ] GC(290) Concurrent Cycle 159.727ms
[2020-09-03T11:17:02.447+0000][23984][gc,start     ] GC(291) Pause Young (Concurrent Start) (G1 Humongous Allocation)
[2020-09-03T11:17:02.447+0000][23984][gc,task      ] GC(291) Using 8 workers of 8 for evacuation
[2020-09-03T11:17:02.447+0000][23984][gc,age       ] GC(291) Desired survivor size 33030144 bytes, new threshold 15 (max threshold 15)
[2020-09-03T11:17:02.452+0000][23984][gc,age       ] GC(291) Age table with threshold 15 (max threshold 15)
[2020-09-03T11:17:02.452+0000][23984][gc,age       ] GC(291) - age   1:   13442496 bytes,   13442496 total
[2020-09-03T11:17:02.452+0000][23984][gc,age       ] GC(291) - age   2:      70664 bytes,   13513160 total
[2020-09-03T11:17:02.452+0000][23984][gc,age       ] GC(291) - age   3:       2504 bytes,   13515664 total
[2020-09-03T11:17:02.452+0000][23984][gc,age       ] GC(291) - age   4:       2840 bytes,   13518504 total
[2020-09-03T11:17:02.452+0000][23984][gc,age       ] GC(291) - age   5:        752 bytes,   13519256 total
[2020-09-03T11:17:02.452+0000][23984][gc,age       ] GC(291) - age   6:       1032 bytes,   13520288 total
[2020-09-03T11:17:02.452+0000][23984][gc,age       ] GC(291) - age   7:       2184 bytes,   13522472 total
[2020-09-03T11:17:02.452+0000][23984][gc,age       ] GC(291) - age   8:       5416 bytes,   13527888 total
[2020-09-03T11:17:02.452+0000][23984][gc,age       ] GC(291) - age   9:       7296 bytes,   13535184 total
[2020-09-03T11:17:02.452+0000][23984][gc,age       ] GC(291) - age  10:       6160 bytes,   13541344 total
[2020-09-03T11:17:02.452+0000][23984][gc,age       ] GC(291) - age  11:       3200 bytes,   13544544 total
[2020-09-03T11:17:02.452+0000][23984][gc,age       ] GC(291) - age  12:      52928 bytes,   13597472 total
[2020-09-03T11:17:02.452+0000][23984][gc,age       ] GC(291) - age  13:       1688 bytes,   13599160 total
[2020-09-03T11:17:02.452+0000][23984][gc,age       ] GC(291) - age  14:        832 bytes,   13599992 total
[2020-09-03T11:17:02.452+0000][23984][gc,age       ] GC(291) - age  15:       2344 bytes,   13602336 total
[2020-09-03T11:17:02.452+0000][23984][gc,phases    ] GC(291)   Pre Evacuate Collection Set: 0.4ms
[2020-09-03T11:17:02.452+0000][23984][gc,phases    ] GC(291)   Merge Heap Roots: 0.1ms
[2020-09-03T11:17:02.452+0000][23984][gc,phases    ] GC(291)   Evacuate Collection Set: 3.4ms
[2020-09-03T11:17:02.452+0000][23984][gc,phases    ] GC(291)   Post Evacuate Collection Set: 0.7ms
[2020-09-03T11:17:02.452+0000][23984][gc,phases    ] GC(291)   Other: 0.6ms
[2020-09-03T11:17:02.452+0000][23984][gc,heap      ] GC(291) Eden regions: 59->0(482)
[2020-09-03T11:17:02.452+0000][23984][gc,heap      ] GC(291) Survivor regions: 3->14(63)
[2020-09-03T11:17:02.452+0000][23984][gc,heap      ] GC(291) Old regions: 77->77
[2020-09-03T11:17:02.452+0000][23984][gc,heap      ] GC(291) Archive regions: 0->0
[2020-09-03T11:17:02.452+0000][23984][gc,heap      ] GC(291) Humongous regions: 270->174
[2020-09-03T11:17:02.452+0000][23984][gc,metaspace ] GC(291) Metaspace: 86539K(93056K)->86539K(93056K) NonClass: 75519K(79360K)->75519K(79360K) Class: 11020K(13696K)->11020K(13696K)
[2020-09-03T11:17:02.452+0000][23984][gc           ] GC(291) Pause Young (Concurrent Start) (G1 Humongous Allocation) 408M->264M(1024M) 5.483ms
[2020-09-03T11:17:02.453+0000][23984][gc,cpu       ] GC(291) User=0.13s Sys=0.00s Real=0.01s
[2020-09-03T11:17:02.453+0000][23984][safepoint    ] Safepoint "G1TryInitiateConcMark", Time since last: 99359000 ns, Reaching safepoint: 158800 ns, At safepoint: 5636900 ns, Total: 5795700 ns
[2020-09-03T11:17:02.453+0000][23984][gc           ] GC(292) Concurrent Cycle
[2020-09-03T11:17:02.453+0000][23984][gc,marking   ] GC(292) Concurrent Clear Claimed Marks
[2020-09-03T11:17:02.453+0000][23984][gc,marking   ] GC(292) Concurrent Clear Claimed Marks 0.671ms
[2020-09-03T11:17:02.453+0000][23984][gc,marking   ] GC(292) Concurrent Scan Root Regions
[2020-09-03T11:17:02.456+0000][23984][gc,marking   ] GC(292) Concurrent Scan Root Regions 2.645ms
[2020-09-03T11:17:02.456+0000][23984][gc,marking   ] GC(292) Concurrent Mark (171.458s)
[2020-09-03T11:17:02.456+0000][23984][gc,marking   ] GC(292) Concurrent Mark From Roots
[2020-09-03T11:17:02.456+0000][23984][gc,task      ] GC(292) Using 2 workers of 2 for marking
[2020-09-03T11:17:02.586+0000][23984][gc,marking   ] GC(292) Concurrent Mark From Roots 130.174ms
[2020-09-03T11:17:02.587+0000][23984][gc,marking   ] GC(292) Concurrent Preclean
[2020-09-03T11:17:02.587+0000][23984][gc,marking   ] GC(292) Concurrent Preclean 0.941ms
[2020-09-03T11:17:02.588+0000][23984][gc,marking   ] GC(292) Concurrent Mark (171.458s, 171.589s) 131.375ms
[2020-09-03T11:17:02.588+0000][23984][gc,start     ] GC(292) Pause Remark
[2020-09-03T11:17:02.593+0000][23984][gc           ] GC(292) Pause Remark 545M->545M(1024M) 4.753ms
[2020-09-03T11:17:02.593+0000][23984][gc,cpu       ] GC(292) User=0.13s Sys=0.00s Real=0.00s
[2020-09-03T11:17:02.593+0000][23984][safepoint    ] Safepoint "G1Concurrent", Time since last: 135096300 ns, Reaching safepoint: 170500 ns, At safepoint: 5030800 ns, Total: 5201300 ns
[2020-09-03T11:17:02.593+0000][23984][gc,marking   ] GC(292) Concurrent Rebuild Remembered Sets
[2020-09-03T11:17:02.663+0000][23984][gc,marking   ] GC(292) Concurrent Rebuild Remembered Sets 69.787ms
[2020-09-03T11:17:02.663+0000][23984][gc,start     ] GC(292) Pause Cleanup
[2020-09-03T11:17:02.663+0000][23984][gc           ] GC(292) Pause Cleanup 584M->584M(1024M) 0.253ms
[2020-09-03T11:17:02.663+0000][23984][gc,cpu       ] GC(292) User=0.00s Sys=0.00s Real=0.00s
[2020-09-03T11:17:02.663+0000][23984][safepoint    ] Safepoint "G1Concurrent", Time since last: 69952000 ns, Reaching safepoint: 118800 ns, At safepoint: 367200 ns, Total: 486000 ns
[2020-09-03T11:17:02.663+0000][23984][gc,marking   ] GC(292) Concurrent Cleanup for Next Mark
[2020-09-03T11:17:02.665+0000][23984][gc,marking   ] GC(292) Concurrent Cleanup for Next Mark 1.540ms
[2020-09-03T11:17:02.665+0000][23984][gc           ] GC(292) Concurrent Cycle 212.459ms
[2020-09-03T11:17:02.737+0000][23984][gc,start     ] GC(293) Pause Young (Concurrent Start) (G1 Humongous Allocation)
[2020-09-03T11:17:02.737+0000][23984][gc,task      ] GC(293) Using 8 workers of 8 for evacuation
[2020-09-03T11:17:02.737+0000][23984][gc,age       ] GC(293) Desired survivor size 32505856 bytes, new threshold 15 (max threshold 15)
[2020-09-03T11:17:02.741+0000][23984][gc,age       ] GC(293) Age table with threshold 15 (max threshold 15)
[2020-09-03T11:17:02.741+0000][23984][gc,age       ] GC(293) - age   1:    3899120 bytes,    3899120 total
[2020-09-03T11:17:02.741+0000][23984][gc,age       ] GC(293) - age   2:       6944 bytes,    3906064 total
[2020-09-03T11:17:02.741+0000][23984][gc,age       ] GC(293) - age   3:      62536 bytes,    3968600 total
[2020-09-03T11:17:02.741+0000][23984][gc,age       ] GC(293) - age   4:       2408 bytes,    3971008 total
[2020-09-03T11:17:02.741+0000][23984][gc,age       ] GC(293) - age   5:       1824 bytes,    3972832 total
[2020-09-03T11:17:02.741+0000][23984][gc,age       ] GC(293) - age   6:        600 bytes,    3973432 total
[2020-09-03T11:17:02.741+0000][23984][gc,age       ] GC(293) - age   7:       1000 bytes,    3974432 total
[2020-09-03T11:17:02.741+0000][23984][gc,age       ] GC(293) - age   8:       2152 bytes,    3976584 total
[2020-09-03T11:17:02.741+0000][23984][gc,age       ] GC(293) - age   9:       5416 bytes,    3982000 total
[2020-09-03T11:17:02.741+0000][23984][gc,age       ] GC(293) - age  10:       7296 bytes,    3989296 total
[2020-09-03T11:17:02.741+0000][23984][gc,age       ] GC(293) - age  11:       6096 bytes,    3995392 total
[2020-09-03T11:17:02.741+0000][23984][gc,age       ] GC(293) - age  12:       3200 bytes,    3998592 total
[2020-09-03T11:17:02.741+0000][23984][gc,age       ] GC(293) - age  13:      52928 bytes,    4051520 total
[2020-09-03T11:17:02.741+0000][23984][gc,age       ] GC(293) - age  14:       1688 bytes,    4053208 total
[2020-09-03T11:17:02.741+0000][23984][gc,age       ] GC(293) - age  15:        832 bytes,    4054040 total
[2020-09-03T11:17:02.741+0000][23984][gc,phases    ] GC(293)   Pre Evacuate Collection Set: 0.4ms
[2020-09-03T11:17:02.741+0000][23984][gc,phases    ] GC(293)   Merge Heap Roots: 0.1ms
[2020-09-03T11:17:02.741+0000][23984][gc,phases    ] GC(293)   Evacuate Collection Set: 2.3ms
[2020-09-03T11:17:02.741+0000][23984][gc,phases    ] GC(293)   Post Evacuate Collection Set: 1.0ms
[2020-09-03T11:17:02.742+0000][23984][gc,phases    ] GC(293)   Other: 1.0ms
[2020-09-03T11:17:02.742+0000][23984][gc,heap      ] GC(293) Eden regions: 78->0(493)
[2020-09-03T11:17:02.742+0000][23984][gc,heap      ] GC(293) Survivor regions: 14->5(62)
[2020-09-03T11:17:02.742+0000][23984][gc,heap      ] GC(293) Old regions: 77->77
[2020-09-03T11:17:02.742+0000][23984][gc,heap      ] GC(293) Archive regions: 0->0
[2020-09-03T11:17:02.742+0000][23984][gc,heap      ] GC(293) Humongous regions: 430->174
[2020-09-03T11:17:02.742+0000][23984][gc,metaspace ] GC(293) Metaspace: 86539K(93056K)->86539K(93056K) NonClass: 75519K(79360K)->75519K(79360K) Class: 11020K(13696K)->11020K(13696K)
[2020-09-03T11:17:02.742+0000][23984][gc           ] GC(293) Pause Young (Concurrent Start) (G1 Humongous Allocation) 597M->255M(1024M) 5.125ms
[2020-09-03T11:17:02.742+0000][23984][gc,cpu       ] GC(293) User=0.00s Sys=0.00s Real=0.01s
[2020-09-03T11:17:02.742+0000][23984][gc           ] GC(294) Concurrent Cycle
[2020-09-03T11:17:02.742+0000][23984][safepoint    ] Safepoint "G1TryInitiateConcMark", Time since last: 73189900 ns, Reaching safepoint: 129200 ns, At safepoint: 5300400 ns, Total: 5429600 ns
[2020-09-03T11:17:02.742+0000][23984][gc,marking   ] GC(294) Concurrent Clear Claimed Marks
[2020-09-03T11:17:02.743+0000][23984][gc,marking   ] GC(294) Concurrent Clear Claimed Marks 0.919ms
[2020-09-03T11:17:02.743+0000][23984][gc,marking   ] GC(294) Concurrent Scan Root Regions
[2020-09-03T11:17:02.746+0000][23984][gc,marking   ] GC(294) Concurrent Scan Root Regions 2.821ms
[2020-09-03T11:17:02.746+0000][23984][gc,marking   ] GC(294) Concurrent Mark (171.748s)
[2020-09-03T11:17:02.746+0000][23984][gc,marking   ] GC(294) Concurrent Mark From Roots
[2020-09-03T11:17:02.746+0000][23984][gc,task      ] GC(294) Using 2 workers of 2 for marking
[2020-09-03T11:17:02.846+0000][23984][gc,marking   ] GC(294) Concurrent Mark From Roots 99.751ms
[2020-09-03T11:17:02.846+0000][23984][gc,marking   ] GC(294) Concurrent Preclean
[2020-09-03T11:17:02.846+0000][23984][gc,marking   ] GC(294) Concurrent Preclean 0.494ms
[2020-09-03T11:17:02.846+0000][23984][gc,marking   ] GC(294) Concurrent Mark (171.748s, 171.848s) 100.397ms
[2020-09-03T11:17:02.847+0000][23984][gc,start     ] GC(294) Pause Remark
[2020-09-03T11:17:02.852+0000][23984][gc           ] GC(294) Pause Remark 318M->318M(1024M) 5.143ms
[2020-09-03T11:17:02.852+0000][23984][gc,cpu       ] GC(294) User=0.00s Sys=0.00s Real=0.01s
[2020-09-03T11:17:02.852+0000][23984][safepoint    ] Safepoint "G1Concurrent", Time since last: 104511600 ns, Reaching safepoint: 166200 ns, At safepoint: 5344400 ns, Total: 5510600 ns
[2020-09-03T11:17:02.852+0000][23984][gc,marking   ] GC(294) Concurrent Rebuild Remembered Sets
[2020-09-03T11:17:02.934+0000][23984][gc,marking   ] GC(294) Concurrent Rebuild Remembered Sets 81.722ms
[2020-09-03T11:17:02.934+0000][23984][gc,start     ] GC(294) Pause Cleanup
[2020-09-03T11:17:02.934+0000][23984][gc           ] GC(294) Pause Cleanup 389M->389M(1024M) 0.276ms
[2020-09-03T11:17:02.934+0000][23984][gc,cpu       ] GC(294) User=0.00s Sys=0.00s Real=0.00s
[2020-09-03T11:17:02.934+0000][23984][safepoint    ] Safepoint "G1Concurrent", Time since last: 81885300 ns, Reaching safepoint: 155600 ns, At safepoint: 450300 ns, Total: 605900 ns
[2020-09-03T11:17:02.935+0000][23984][gc,marking   ] GC(294) Concurrent Cleanup for Next Mark
[2020-09-03T11:17:02.936+0000][23984][gc,marking   ] GC(294) Concurrent Cleanup for Next Mark 1.607ms
[2020-09-03T11:17:02.936+0000][23984][gc           ] GC(294) Concurrent Cycle 194.321ms
[2020-09-03T11:17:03.064+0000][23984][gc,start     ] GC(295) Pause Young (Concurrent Start) (G1 Humongous Allocation)
[2020-09-03T11:17:03.064+0000][23984][gc,task      ] GC(295) Using 8 workers of 8 for evacuation
[2020-09-03T11:17:03.064+0000][23984][gc,age       ] GC(295) Desired survivor size 33030144 bytes, new threshold 15 (max threshold 15)
[2020-09-03T11:17:03.068+0000][23984][gc,age       ] GC(295) Age table with threshold 15 (max threshold 15)
[2020-09-03T11:17:03.068+0000][23984][gc,age       ] GC(295) - age   1:    3310800 bytes,    3310800 total
[2020-09-03T11:17:03.068+0000][23984][gc,age       ] GC(295) - age   2:     600984 bytes,    3911784 total
[2020-09-03T11:17:03.068+0000][23984][gc,age       ] GC(295) - age   3:       3648 bytes,    3915432 total
[2020-09-03T11:17:03.068+0000][23984][gc,age       ] GC(295) - age   4:      62408 bytes,    3977840 total
[2020-09-03T11:17:03.068+0000][23984][gc,age       ] GC(295) - age   5:       1384 bytes,    3979224 total
[2020-09-03T11:17:03.068+0000][23984][gc,age       ] GC(295) - age   6:       1600 bytes,    3980824 total
[2020-09-03T11:17:03.068+0000][23984][gc,age       ] GC(295) - age   7:        568 bytes,    3981392 total
[2020-09-03T11:17:03.068+0000][23984][gc,age       ] GC(295) - age   8:       1000 bytes,    3982392 total
[2020-09-03T11:17:03.068+0000][23984][gc,age       ] GC(295) - age   9:       2152 bytes,    3984544 total
[2020-09-03T11:17:03.068+0000][23984][gc,age       ] GC(295) - age  10:       5416 bytes,    3989960 total
[2020-09-03T11:17:03.068+0000][23984][gc,age       ] GC(295) - age  11:       7296 bytes,    3997256 total
[2020-09-03T11:17:03.068+0000][23984][gc,age       ] GC(295) - age  12:       6096 bytes,    4003352 total
[2020-09-03T11:17:03.068+0000][23984][gc,age       ] GC(295) - age  13:       3200 bytes,    4006552 total
[2020-09-03T11:17:03.068+0000][23984][gc,age       ] GC(295) - age  14:      52928 bytes,    4059480 total
[2020-09-03T11:17:03.068+0000][23984][gc,age       ] GC(295) - age  15:       1688 bytes,    4061168 total
[2020-09-03T11:17:03.068+0000][23984][gc,phases    ] GC(295)   Pre Evacuate Collection Set: 0.4ms
[2020-09-03T11:17:03.068+0000][23984][gc,phases    ] GC(295)   Merge Heap Roots: 0.1ms
[2020-09-03T11:17:03.068+0000][23984][gc,phases    ] GC(295)   Evacuate Collection Set: 2.0ms
[2020-09-03T11:17:03.068+0000][23984][gc,phases    ] GC(295)   Post Evacuate Collection Set: 0.6ms
[2020-09-03T11:17:03.068+0000][23984][gc,phases    ] GC(295)   Other: 0.6ms
[2020-09-03T11:17:03.068+0000][23984][gc,heap      ] GC(295) Eden regions: 41->0(495)
[2020-09-03T11:17:03.068+0000][23984][gc,heap      ] GC(295) Survivor regions: 5->5(63)
[2020-09-03T11:17:03.068+0000][23984][gc,heap      ] GC(295) Old regions: 77->77
[2020-09-03T11:17:03.068+0000][23984][gc,heap      ] GC(295) Archive regions: 0->0
[2020-09-03T11:17:03.068+0000][23984][gc,heap      ] GC(295) Humongous regions: 278->174
[2020-09-03T11:17:03.068+0000][23984][gc,metaspace ] GC(295) Metaspace: 86557K(93056K)->86557K(93056K) NonClass: 75535K(79360K)->75535K(79360K) Class: 11021K(13696K)->11021K(13696K)
[2020-09-03T11:17:03.068+0000][23984][gc           ] GC(295) Pause Young (Concurrent Start) (G1 Humongous Allocation) 399M->255M(1024M) 3.962ms
[2020-09-03T11:17:03.068+0000][23984][gc,cpu       ] GC(295) User=0.00s Sys=0.00s Real=0.00s
[2020-09-03T11:17:03.068+0000][23984][safepoint    ] Safepoint "G1TryInitiateConcMark", Time since last: 129681800 ns, Reaching safepoint: 130600 ns, At safepoint: 4080800 ns, Total: 4211400 ns
[2020-09-03T11:17:03.068+0000][23984][gc           ] GC(296) Concurrent Cycle
[2020-09-03T11:17:03.068+0000][23984][gc,marking   ] GC(296) Concurrent Clear Claimed Marks
[2020-09-03T11:17:03.069+0000][23984][gc,marking   ] GC(296) Concurrent Clear Claimed Marks 0.541ms
[2020-09-03T11:17:03.069+0000][23984][gc,marking   ] GC(296) Concurrent Scan Root Regions
[2020-09-03T11:17:03.071+0000][23984][gc,marking   ] GC(296) Concurrent Scan Root Regions 2.253ms
[2020-09-03T11:17:03.071+0000][23984][gc,marking   ] GC(296) Concurrent Mark (172.073s)
[2020-09-03T11:17:03.071+0000][23984][gc,marking   ] GC(296) Concurrent Mark From Roots
[2020-09-03T11:17:03.071+0000][23984][gc,task      ] GC(296) Using 2 workers of 2 for marking
[2020-09-03T11:17:03.181+0000][23984][gc,marking   ] GC(296) Concurrent Mark From Roots 109.626ms
[2020-09-03T11:17:03.181+0000][23984][gc,marking   ] GC(296) Concurrent Preclean
[2020-09-03T11:17:03.182+0000][23984][gc,marking   ] GC(296) Concurrent Preclean 0.410ms
[2020-09-03T11:17:03.182+0000][23984][gc,marking   ] GC(296) Concurrent Mark (172.073s, 172.183s) 110.159ms
[2020-09-03T11:17:03.182+0000][23984][gc,start     ] GC(296) Pause Remark
[2020-09-03T11:17:03.187+0000][23984][gc           ] GC(296) Pause Remark 319M->319M(1024M) 4.758ms
[2020-09-03T11:17:03.187+0000][23984][gc,cpu       ] GC(296) User=0.11s Sys=0.02s Real=0.01s
[2020-09-03T11:17:03.187+0000][23984][safepoint    ] Safepoint "G1Concurrent", Time since last: 113268000 ns, Reaching safepoint: 139600 ns, At safepoint: 4950700 ns, Total: 5090300 ns
[2020-09-03T11:17:03.187+0000][23984][gc,marking   ] GC(296) Concurrent Rebuild Remembered Sets
[2020-09-03T11:17:03.259+0000][23984][gc,marking   ] GC(296) Concurrent Rebuild Remembered Sets 71.762ms
[2020-09-03T11:17:03.259+0000][23984][gc,start     ] GC(296) Pause Cleanup
[2020-09-03T11:17:03.259+0000][23984][gc           ] GC(296) Pause Cleanup 389M->389M(1024M) 0.261ms
[2020-09-03T11:17:03.259+0000][23984][gc,cpu       ] GC(296) User=0.00s Sys=0.00s Real=0.00s
[2020-09-03T11:17:03.259+0000][23984][safepoint    ] Safepoint "G1Concurrent", Time since last: 71934300 ns, Reaching safepoint: 150200 ns, At safepoint: 385700 ns, Total: 535900 ns
[2020-09-03T11:17:03.259+0000][23984][gc,marking   ] GC(296) Concurrent Cleanup for Next Mark
[2020-09-03T11:17:03.260+0000][23984][gc,marking   ] GC(296) Concurrent Cleanup for Next Mark 1.209ms
[2020-09-03T11:17:03.261+0000][23984][gc           ] GC(296) Concurrent Cycle 192.191ms
[2020-09-03T11:17:03.338+0000][23984][gc,start     ] GC(297) Pause Young (Concurrent Start) (G1 Humongous Allocation)
[2020-09-03T11:17:03.338+0000][23984][gc,task      ] GC(297) Using 8 workers of 8 for evacuation
[2020-09-03T11:17:03.338+0000][23984][gc,age       ] GC(297) Desired survivor size 33030144 bytes, new threshold 15 (max threshold 15)
[2020-09-03T11:17:03.341+0000][23984][gc,age       ] GC(297) Age table with threshold 15 (max threshold 15)
[2020-09-03T11:17:03.341+0000][23984][gc,age       ] GC(297) - age   1:    3185480 bytes,    3185480 total
[2020-09-03T11:17:03.341+0000][23984][gc,age       ] GC(297) - age   2:     407928 bytes,    3593408 total
[2020-09-03T11:17:03.341+0000][23984][gc,age       ] GC(297) - age   3:     203288 bytes,    3796696 total
[2020-09-03T11:17:03.341+0000][23984][gc,age       ] GC(297) - age   4:       2080 bytes,    3798776 total
[2020-09-03T11:17:03.341+0000][23984][gc,age       ] GC(297) - age   5:      62168 bytes,    3860944 total
[2020-09-03T11:17:03.341+0000][23984][gc,age       ] GC(297) - age   6:       1160 bytes,    3862104 total
[2020-09-03T11:17:03.341+0000][23984][gc,age       ] GC(297) - age   7:       1440 bytes,    3863544 total
[2020-09-03T11:17:03.341+0000][23984][gc,age       ] GC(297) - age   8:        568 bytes,    3864112 total
[2020-09-03T11:17:03.341+0000][23984][gc,age       ] GC(297) - age   9:       1000 bytes,    3865112 total
[2020-09-03T11:17:03.341+0000][23984][gc,age       ] GC(297) - age  10:       2152 bytes,    3867264 total
[2020-09-03T11:17:03.341+0000][23984][gc,age       ] GC(297) - age  11:       5416 bytes,    3872680 total
[2020-09-03T11:17:03.341+0000][23984][gc,age       ] GC(297) - age  12:       7296 bytes,    3879976 total
[2020-09-03T11:17:03.341+0000][23984][gc,age       ] GC(297) - age  13:       6096 bytes,    3886072 total
[2020-09-03T11:17:03.341+0000][23984][gc,age       ] GC(297) - age  14:       3200 bytes,    3889272 total
[2020-09-03T11:17:03.341+0000][23984][gc,age       ] GC(297) - age  15:      52928 bytes,    3942200 total
[2020-09-03T11:17:03.342+0000][23984][gc,phases    ] GC(297)   Pre Evacuate Collection Set: 0.4ms
[2020-09-03T11:17:03.342+0000][23984][gc,phases    ] GC(297)   Merge Heap Roots: 0.1ms
[2020-09-03T11:17:03.342+0000][23984][gc,phases    ] GC(297)   Evacuate Collection Set: 1.9ms
[2020-09-03T11:17:03.342+0000][23984][gc,phases    ] GC(297)   Post Evacuate Collection Set: 0.6ms
[2020-09-03T11:17:03.342+0000][23984][gc,phases    ] GC(297)   Other: 0.7ms
[2020-09-03T11:17:03.342+0000][23984][gc,heap      ] GC(297) Eden regions: 41->0(497)
[2020-09-03T11:17:03.342+0000][23984][gc,heap      ] GC(297) Survivor regions: 5->5(63)
[2020-09-03T11:17:03.342+0000][23984][gc,heap      ] GC(297) Old regions: 77->77
[2020-09-03T11:17:03.342+0000][23984][gc,heap      ] GC(297) Archive regions: 0->0
[2020-09-03T11:17:03.342+0000][23984][gc,heap      ] GC(297) Humongous regions: 278->174
[2020-09-03T11:17:03.342+0000][23984][gc,metaspace ] GC(297) Metaspace: 86557K(93056K)->86557K(93056K) NonClass: 75535K(79360K)->75535K(79360K) Class: 11021K(13696K)->11021K(13696K)
[2020-09-03T11:17:03.342+0000][23984][gc           ] GC(297) Pause Young (Concurrent Start) (G1 Humongous Allocation) 399M->255M(1024M) 4.025ms
[2020-09-03T11:17:03.342+0000][23984][gc,cpu       ] GC(297) User=0.02s Sys=0.00s Real=0.00s
[2020-09-03T11:17:03.342+0000][23984][gc           ] GC(298) Concurrent Cycle
[2020-09-03T11:17:03.342+0000][23984][safepoint    ] Safepoint "G1TryInitiateConcMark", Time since last: 77844600 ns, Reaching safepoint: 139000 ns, At safepoint: 4156700 ns, Total: 4295700 ns
[2020-09-03T11:17:03.342+0000][23984][gc,marking   ] GC(298) Concurrent Clear Claimed Marks
[2020-09-03T11:17:03.342+0000][23984][gc,marking   ] GC(298) Concurrent Clear Claimed Marks 0.338ms
[2020-09-03T11:17:03.342+0000][23984][gc,marking   ] GC(298) Concurrent Scan Root Regions
[2020-09-03T11:17:03.345+0000][23984][gc,marking   ] GC(298) Concurrent Scan Root Regions 2.298ms
[2020-09-03T11:17:03.345+0000][23984][gc,marking   ] GC(298) Concurrent Mark (172.346s)
[2020-09-03T11:17:03.345+0000][23984][gc,marking   ] GC(298) Concurrent Mark From Roots
[2020-09-03T11:17:03.345+0000][23984][gc,task      ] GC(298) Using 2 workers of 2 for marking
[2020-09-03T11:17:03.452+0000][23984][gc,marking   ] GC(298) Concurrent Mark From Roots 107.497ms
[2020-09-03T11:17:03.452+0000][23984][gc,marking   ] GC(298) Concurrent Preclean
[2020-09-03T11:17:03.453+0000][23984][gc,marking   ] GC(298) Concurrent Preclean 0.479ms
[2020-09-03T11:17:03.453+0000][23984][gc,marking   ] GC(298) Concurrent Mark (172.346s, 172.454s) 108.113ms
[2020-09-03T11:17:03.453+0000][23984][gc,start     ] GC(298) Pause Remark
[2020-09-03T11:17:03.459+0000][23984][gc           ] GC(298) Pause Remark 314M->314M(1024M) 5.974ms
[2020-09-03T11:17:03.459+0000][23984][gc,cpu       ] GC(298) User=0.00s Sys=0.00s Real=0.01s
[2020-09-03T11:17:03.459+0000][23984][safepoint    ] Safepoint "G1Concurrent", Time since last: 111004500 ns, Reaching safepoint: 122000 ns, At safepoint: 6240100 ns, Total: 6362100 ns
[2020-09-03T11:17:03.459+0000][23984][gc,marking   ] GC(298) Concurrent Rebuild Remembered Sets
[2020-09-03T11:17:03.537+0000][23984][gc,marking   ] GC(298) Concurrent Rebuild Remembered Sets 77.285ms
[2020-09-03T11:17:03.537+0000][23984][gc,start     ] GC(298) Pause Cleanup
[2020-09-03T11:17:03.538+0000][23984][gc           ] GC(298) Pause Cleanup 453M->453M(1024M) 0.422ms
[2020-09-03T11:17:03.538+0000][23984][gc,cpu       ] GC(298) User=0.00s Sys=0.00s Real=0.00s
[2020-09-03T11:17:03.538+0000][23984][safepoint    ] Safepoint "G1Concurrent", Time since last: 77539600 ns, Reaching safepoint: 232500 ns, At safepoint: 673900 ns, Total: 906400 ns
[2020-09-03T11:17:03.538+0000][23984][gc,marking   ] GC(298) Concurrent Cleanup for Next Mark
[2020-09-03T11:17:03.541+0000][23984][gc,marking   ] GC(298) Concurrent Cleanup for Next Mark 3.403ms
[2020-09-03T11:17:03.541+0000][23984][gc           ] GC(298) Concurrent Cycle 199.522ms
[2020-09-03T11:17:03.542+0000][23984][gc,start     ] GC(299) Pause Young (Concurrent Start) (G1 Humongous Allocation)
[2020-09-03T11:17:03.542+0000][23984][gc,task      ] GC(299) Using 8 workers of 8 for evacuation
[2020-09-03T11:17:03.542+0000][23984][gc,age       ] GC(299) Desired survivor size 33030144 bytes, new threshold 15 (max threshold 15)
[2020-09-03T11:17:03.546+0000][23984][gc,age       ] GC(299) Age table with threshold 15 (max threshold 15)
[2020-09-03T11:17:03.546+0000][23984][gc,age       ] GC(299) - age   1:    8513704 bytes,    8513704 total
[2020-09-03T11:17:03.546+0000][23984][gc,age       ] GC(299) - age   2:       1704 bytes,    8515408 total
[2020-09-03T11:17:03.546+0000][23984][gc,age       ] GC(299) - age   3:       3216 bytes,    8518624 total
[2020-09-03T11:17:03.546+0000][23984][gc,age       ] GC(299) - age   4:       3072 bytes,    8521696 total
[2020-09-03T11:17:03.546+0000][23984][gc,age       ] GC(299) - age   5:        984 bytes,    8522680 total
[2020-09-03T11:17:03.546+0000][23984][gc,age       ] GC(299) - age   6:      62016 bytes,    8584696 total
[2020-09-03T11:17:03.546+0000][23984][gc,age       ] GC(299) - age   7:       1128 bytes,    8585824 total
[2020-09-03T11:17:03.546+0000][23984][gc,age       ] GC(299) - age   8:       1344 bytes,    8587168 total
[2020-09-03T11:17:03.546+0000][23984][gc,age       ] GC(299) - age   9:        536 bytes,    8587704 total
[2020-09-03T11:17:03.546+0000][23984][gc,age       ] GC(299) - age  10:        968 bytes,    8588672 total
[2020-09-03T11:17:03.546+0000][23984][gc,age       ] GC(299) - age  11:       1800 bytes,    8590472 total
[2020-09-03T11:17:03.546+0000][23984][gc,age       ] GC(299) - age  12:       5384 bytes,    8595856 total
[2020-09-03T11:17:03.546+0000][23984][gc,age       ] GC(299) - age  13:       7296 bytes,    8603152 total
[2020-09-03T11:17:03.546+0000][23984][gc,age       ] GC(299) - age  14:       6096 bytes,    8609248 total
[2020-09-03T11:17:03.546+0000][23984][gc,age       ] GC(299) - age  15:       3200 bytes,    8612448 total
[2020-09-03T11:17:03.546+0000][23984][gc,phases    ] GC(299)   Pre Evacuate Collection Set: 0.3ms
[2020-09-03T11:17:03.546+0000][23984][gc,phases    ] GC(299)   Merge Heap Roots: 0.1ms
[2020-09-03T11:17:03.546+0000][23984][gc,phases    ] GC(299)   Evacuate Collection Set: 2.5ms
[2020-09-03T11:17:03.547+0000][23984][gc,phases    ] GC(299)   Post Evacuate Collection Set: 0.8ms
[2020-09-03T11:17:03.547+0000][23984][gc,phases    ] GC(299)   Other: 0.9ms
[2020-09-03T11:17:03.547+0000][23984][gc,heap      ] GC(299) Eden regions: 55->0(488)
[2020-09-03T11:17:03.547+0000][23984][gc,heap      ] GC(299) Survivor regions: 5->9(63)
[2020-09-03T11:17:03.547+0000][23984][gc,heap      ] GC(299) Old regions: 77->78
[2020-09-03T11:17:03.547+0000][23984][gc,heap      ] GC(299) Archive regions: 0->0
[2020-09-03T11:17:03.547+0000][23984][gc,heap      ] GC(299) Humongous regions: 368->174
[2020-09-03T11:17:03.547+0000][23984][gc,metaspace ] GC(299) Metaspace: 86568K(93056K)->86568K(93056K) NonClass: 75546K(79360K)->75546K(79360K) Class: 11021K(13696K)->11021K(13696K)
[2020-09-03T11:17:03.547+0000][23984][gc           ] GC(299) Pause Young (Concurrent Start) (G1 Humongous Allocation) 504M->259M(1024M) 4.989ms
[2020-09-03T11:17:03.547+0000][23984][gc,cpu       ] GC(299) User=0.13s Sys=0.00s Real=0.00s
[2020-09-03T11:17:03.547+0000][23984][gc           ] GC(300) Concurrent Cycle
[2020-09-03T11:17:03.547+0000][23984][safepoint    ] Safepoint "G1TryInitiateConcMark", Time since last: 3875800 ns, Reaching safepoint: 178600 ns, At safepoint: 5228700 ns, Total: 5407300 ns
[2020-09-03T11:17:03.547+0000][23984][gc,marking   ] GC(300) Concurrent Clear Claimed Marks
[2020-09-03T11:17:03.547+0000][23984][safepoint    ] Safepoint "G1TryInitiateConcMark", Time since last: 144700 ns, Reaching safepoint: 120500 ns, At safepoint: 22100 ns, Total: 142600 ns
[2020-09-03T11:17:03.547+0000][23984][gc,marking   ] GC(300) Concurrent Clear Claimed Marks 0.413ms
[2020-09-03T11:17:03.548+0000][23984][gc,marking   ] GC(300) Concurrent Scan Root Regions
[2020-09-03T11:17:03.548+0000][23984][safepoint    ] Safepoint "G1TryInitiateConcMark", Time since last: 158300 ns, Reaching safepoint: 132300 ns, At safepoint: 181000 ns, Total: 313300 ns
[2020-09-03T11:17:03.550+0000][23984][gc,marking   ] GC(300) Concurrent Scan Root Regions 2.853ms
[2020-09-03T11:17:03.550+0000][23984][gc,marking   ] GC(300) Concurrent Mark (172.552s)
[2020-09-03T11:17:03.550+0000][23984][gc,marking   ] GC(300) Concurrent Mark From Roots
[2020-09-03T11:17:03.551+0000][23984][gc,task      ] GC(300) Using 2 workers of 2 for marking
[2020-09-03T11:17:03.687+0000][23984][gc,marking   ] GC(300) Concurrent Mark From Roots 136.669ms
[2020-09-03T11:17:03.687+0000][23984][gc,marking   ] GC(300) Concurrent Preclean
[2020-09-03T11:17:03.688+0000][23984][gc,marking   ] GC(300) Concurrent Preclean 0.661ms
[2020-09-03T11:17:03.688+0000][23984][gc,marking   ] GC(300) Concurrent Mark (172.552s, 172.689s) 137.498ms
[2020-09-03T11:17:03.688+0000][23984][gc,start     ] GC(300) Pause Remark
[2020-09-03T11:17:03.693+0000][23984][gc           ] GC(300) Pause Remark 407M->407M(1024M) 5.243ms
[2020-09-03T11:17:03.694+0000][23984][gc,cpu       ] GC(300) User=0.00s Sys=0.00s Real=0.01s
[2020-09-03T11:17:03.694+0000][23984][safepoint    ] Safepoint "G1Concurrent", Time since last: 140252900 ns, Reaching safepoint: 144500 ns, At safepoint: 5463600 ns, Total: 5608100 ns
[2020-09-03T11:17:03.694+0000][23984][gc,marking   ] GC(300) Concurrent Rebuild Remembered Sets
[2020-09-03T11:17:03.764+0000][23984][gc,marking   ] GC(300) Concurrent Rebuild Remembered Sets 70.441ms
[2020-09-03T11:17:03.765+0000][23984][gc,start     ] GC(300) Pause Cleanup
[2020-09-03T11:17:03.765+0000][23984][gc           ] GC(300) Pause Cleanup 420M->420M(1024M) 0.246ms
[2020-09-03T11:17:03.765+0000][23984][gc,cpu       ] GC(300) User=0.00s Sys=0.00s Real=0.00s
[2020-09-03T11:17:03.765+0000][23984][safepoint    ] Safepoint "G1Concurrent", Time since last: 70700300 ns, Reaching safepoint: 128100 ns, At safepoint: 376800 ns, Total: 504900 ns
[2020-09-03T11:17:03.765+0000][23984][gc,marking   ] GC(300) Concurrent Cleanup for Next Mark
[2020-09-03T11:17:03.766+0000][23984][gc,marking   ] GC(300) Concurrent Cleanup for Next Mark 1.079ms
[2020-09-03T11:17:03.766+0000][23984][gc           ] GC(300) Concurrent Cycle 219.071ms
[2020-09-03T11:17:03.840+0000][23984][gc,start     ] GC(301) Pause Young (Concurrent Start) (G1 Humongous Allocation)
[2020-09-03T11:17:03.840+0000][23984][gc,task      ] GC(301) Using 8 workers of 8 for evacuation
[2020-09-03T11:17:03.840+0000][23984][gc,age       ] GC(301) Desired survivor size 33030144 bytes, new threshold 15 (max threshold 15)
[2020-09-03T11:17:03.844+0000][23984][gc,age       ] GC(301) Age table with threshold 15 (max threshold 15)
[2020-09-03T11:17:03.844+0000][23984][gc,age       ] GC(301) - age   1:    3874536 bytes,    3874536 total
[2020-09-03T11:17:03.844+0000][23984][gc,age       ] GC(301) - age   2:      67616 bytes,    3942152 total
[2020-09-03T11:17:03.844+0000][23984][gc,age       ] GC(301) - age   3:       1464 bytes,    3943616 total
[2020-09-03T11:17:03.844+0000][23984][gc,age       ] GC(301) - age   4:       2160 bytes,    3945776 total
[2020-09-03T11:17:03.844+0000][23984][gc,age       ] GC(301) - age   5:       1928 bytes,    3947704 total
[2020-09-03T11:17:03.844+0000][23984][gc,age       ] GC(301) - age   6:        856 bytes,    3948560 total
[2020-09-03T11:17:03.844+0000][23984][gc,age       ] GC(301) - age   7:      61856 bytes,    4010416 total
[2020-09-03T11:17:03.844+0000][23984][gc,age       ] GC(301) - age   8:       1096 bytes,    4011512 total
[2020-09-03T11:17:03.844+0000][23984][gc,age       ] GC(301) - age   9:       1344 bytes,    4012856 total
[2020-09-03T11:17:03.844+0000][23984][gc,age       ] GC(301) - age  10:        536 bytes,    4013392 total
[2020-09-03T11:17:03.844+0000][23984][gc,age       ] GC(301) - age  11:        968 bytes,    4014360 total
[2020-09-03T11:17:03.844+0000][23984][gc,age       ] GC(301) - age  12:       1800 bytes,    4016160 total
[2020-09-03T11:17:03.844+0000][23984][gc,age       ] GC(301) - age  13:       5384 bytes,    4021544 total
[2020-09-03T11:17:03.844+0000][23984][gc,age       ] GC(301) - age  14:       7296 bytes,    4028840 total
[2020-09-03T11:17:03.844+0000][23984][gc,age       ] GC(301) - age  15:       6032 bytes,    4034872 total
[2020-09-03T11:17:03.844+0000][23984][gc,phases    ] GC(301)   Pre Evacuate Collection Set: 0.4ms
[2020-09-03T11:17:03.844+0000][23984][gc,phases    ] GC(301)   Merge Heap Roots: 0.1ms
[2020-09-03T11:17:03.844+0000][23984][gc,phases    ] GC(301)   Evacuate Collection Set: 1.8ms
[2020-09-03T11:17:03.844+0000][23984][gc,phases    ] GC(301)   Post Evacuate Collection Set: 0.9ms
[2020-09-03T11:17:03.844+0000][23984][gc,phases    ] GC(301)   Other: 0.9ms
[2020-09-03T11:17:03.844+0000][23984][gc,heap      ] GC(301) Eden regions: 70->0(494)
[2020-09-03T11:17:03.844+0000][23984][gc,heap      ] GC(301) Survivor regions: 9->5(63)
[2020-09-03T11:17:03.845+0000][23984][gc,heap      ] GC(301) Old regions: 78->78
[2020-09-03T11:17:03.845+0000][23984][gc,heap      ] GC(301) Archive regions: 0->0
[2020-09-03T11:17:03.845+0000][23984][gc,heap      ] GC(301) Humongous regions: 278->174
[2020-09-03T11:17:03.845+0000][23984][gc,metaspace ] GC(301) Metaspace: 86569K(93056K)->86569K(93056K) NonClass: 75547K(79360K)->75547K(79360K) Class: 11021K(13696K)->11021K(13696K)
[2020-09-03T11:17:03.845+0000][23984][gc           ] GC(301) Pause Young (Concurrent Start) (G1 Humongous Allocation) 433M->255M(1024M) 4.503ms
[2020-09-03T11:17:03.845+0000][23984][gc,cpu       ] GC(301) User=0.09s Sys=0.02s Real=0.01s
[2020-09-03T11:17:03.845+0000][23984][safepoint    ] Safepoint "G1TryInitiateConcMark", Time since last: 75126900 ns, Reaching safepoint: 153000 ns, At safepoint: 4643100 ns, Total: 4796100 ns
[2020-09-03T11:17:03.845+0000][23984][gc           ] GC(302) Concurrent Cycle
[2020-09-03T11:17:03.845+0000][23984][gc,marking   ] GC(302) Concurrent Clear Claimed Marks
[2020-09-03T11:17:03.845+0000][23984][gc,marking   ] GC(302) Concurrent Clear Claimed Marks 0.295ms
[2020-09-03T11:17:03.845+0000][23984][gc,marking   ] GC(302) Concurrent Scan Root Regions
[2020-09-03T11:17:03.847+0000][23984][gc,marking   ] GC(302) Concurrent Scan Root Regions 1.569ms
[2020-09-03T11:17:03.847+0000][23984][gc,marking   ] GC(302) Concurrent Mark (172.848s)
[2020-09-03T11:17:03.847+0000][23984][gc,marking   ] GC(302) Concurrent Mark From Roots
[2020-09-03T11:17:03.847+0000][23984][gc,task      ] GC(302) Using 2 workers of 2 for marking
[2020-09-03T11:17:03.935+0000][23984][gc,marking   ] GC(302) Concurrent Mark From Roots 88.156ms
[2020-09-03T11:17:03.935+0000][23984][gc,marking   ] GC(302) Concurrent Preclean
[2020-09-03T11:17:03.936+0000][23984][gc,marking   ] GC(302) Concurrent Preclean 0.400ms
[2020-09-03T11:17:03.936+0000][23984][gc,marking   ] GC(302) Concurrent Mark (172.848s, 172.937s) 88.676ms
[2020-09-03T11:17:03.936+0000][23984][gc,start     ] GC(302) Pause Remark
[2020-09-03T11:17:03.941+0000][23984][gc           ] GC(302) Pause Remark 316M->316M(1024M) 4.805ms
[2020-09-03T11:17:03.941+0000][23984][gc,cpu       ] GC(302) User=0.00s Sys=0.00s Real=0.00s
[2020-09-03T11:17:03.941+0000][23984][safepoint    ] Safepoint "G1Concurrent", Time since last: 90837200 ns, Reaching safepoint: 155900 ns, At safepoint: 4985200 ns, Total: 5141100 ns
[2020-09-03T11:17:03.941+0000][23984][gc,marking   ] GC(302) Concurrent Rebuild Remembered Sets
[2020-09-03T11:17:04.009+0000][23984][gc,marking   ] GC(302) Concurrent Rebuild Remembered Sets 68.362ms
[2020-09-03T11:17:04.009+0000][23984][gc,start     ] GC(302) Pause Cleanup
[2020-09-03T11:17:04.010+0000][23984][gc           ] GC(302) Pause Cleanup 385M->385M(1024M) 0.287ms
[2020-09-03T11:17:04.010+0000][23984][gc,cpu       ] GC(302) User=0.00s Sys=0.00s Real=0.00s
[2020-09-03T11:17:04.010+0000][23984][safepoint    ] Safepoint "G1Concurrent", Time since last: 68507900 ns, Reaching safepoint: 131800 ns, At safepoint: 396200 ns, Total: 528000 ns
[2020-09-03T11:17:04.010+0000][23984][gc,marking   ] GC(302) Concurrent Cleanup for Next Mark
[2020-09-03T11:17:04.011+0000][23984][gc,marking   ] GC(302) Concurrent Cleanup for Next Mark 1.175ms
[2020-09-03T11:17:04.011+0000][23984][gc           ] GC(302) Concurrent Cycle 166.317ms
[2020-09-03T11:17:04.092+0000][23984][gc,start     ] GC(303) Pause Young (Concurrent Start) (G1 Humongous Allocation)
[2020-09-03T11:17:04.092+0000][23984][gc,task      ] GC(303) Using 8 workers of 8 for evacuation
[2020-09-03T11:17:04.092+0000][23984][gc,age       ] GC(303) Desired survivor size 33030144 bytes, new threshold 15 (max threshold 15)
[2020-09-03T11:17:04.096+0000][23984][gc,age       ] GC(303) Age table with threshold 15 (max threshold 15)
[2020-09-03T11:17:04.096+0000][23984][gc,age       ] GC(303) - age   1:    3278880 bytes,    3278880 total
[2020-09-03T11:17:04.096+0000][23984][gc,age       ] GC(303) - age   2:     605416 bytes,    3884296 total
[2020-09-03T11:17:04.096+0000][23984][gc,age       ] GC(303) - age   3:      64600 bytes,    3948896 total
[2020-09-03T11:17:04.096+0000][23984][gc,age       ] GC(303) - age   4:       1208 bytes,    3950104 total
[2020-09-03T11:17:04.096+0000][23984][gc,age       ] GC(303) - age   5:       2032 bytes,    3952136 total
[2020-09-03T11:17:04.096+0000][23984][gc,age       ] GC(303) - age   6:       1928 bytes,    3954064 total
[2020-09-03T11:17:04.096+0000][23984][gc,age       ] GC(303) - age   7:        760 bytes,    3954824 total
[2020-09-03T11:17:04.096+0000][23984][gc,age       ] GC(303) - age   8:      61824 bytes,    4016648 total
[2020-09-03T11:17:04.096+0000][23984][gc,age       ] GC(303) - age   9:       1096 bytes,    4017744 total
[2020-09-03T11:17:04.096+0000][23984][gc,age       ] GC(303) - age  10:       1344 bytes,    4019088 total
[2020-09-03T11:17:04.096+0000][23984][gc,age       ] GC(303) - age  11:        536 bytes,    4019624 total
[2020-09-03T11:17:04.096+0000][23984][gc,age       ] GC(303) - age  12:        968 bytes,    4020592 total
[2020-09-03T11:17:04.096+0000][23984][gc,age       ] GC(303) - age  13:       1768 bytes,    4022360 total
[2020-09-03T11:17:04.096+0000][23984][gc,age       ] GC(303) - age  14:       5384 bytes,    4027744 total
[2020-09-03T11:17:04.096+0000][23984][gc,age       ] GC(303) - age  15:       7296 bytes,    4035040 total
[2020-09-03T11:17:04.096+0000][23984][gc,phases    ] GC(303)   Pre Evacuate Collection Set: 0.4ms
[2020-09-03T11:17:04.096+0000][23984][gc,phases    ] GC(303)   Merge Heap Roots: 0.1ms
[2020-09-03T11:17:04.097+0000][23984][gc,phases    ] GC(303)   Evacuate Collection Set: 2.3ms
[2020-09-03T11:17:04.097+0000][23984][gc,phases    ] GC(303)   Post Evacuate Collection Set: 0.8ms
[2020-09-03T11:17:04.097+0000][23984][gc,phases    ] GC(303)   Other: 0.7ms
[2020-09-03T11:17:04.097+0000][23984][gc,heap      ] GC(303) Eden regions: 41->0(496)
[2020-09-03T11:17:04.097+0000][23984][gc,heap      ] GC(303) Survivor regions: 5->5(63)
[2020-09-03T11:17:04.097+0000][23984][gc,heap      ] GC(303) Old regions: 78->78
[2020-09-03T11:17:04.097+0000][23984][gc,heap      ] GC(303) Archive regions: 0->0
[2020-09-03T11:17:04.097+0000][23984][gc,heap      ] GC(303) Humongous regions: 274->174
[2020-09-03T11:17:04.097+0000][23984][gc,metaspace ] GC(303) Metaspace: 86569K(93056K)->86569K(93056K) NonClass: 75547K(79360K)->75547K(79360K) Class: 11021K(13696K)->11021K(13696K)
[2020-09-03T11:17:04.097+0000][23984][gc           ] GC(303) Pause Young (Concurrent Start) (G1 Humongous Allocation) 396M->255M(1024M) 4.583ms
[2020-09-03T11:17:04.097+0000][23984][gc,cpu       ] GC(303) User=0.00s Sys=0.00s Real=0.00s
[2020-09-03T11:17:04.097+0000][23984][safepoint    ] Safepoint "G1TryInitiateConcMark", Time since last: 82134200 ns, Reaching safepoint: 180600 ns, At safepoint: 4717100 ns, Total: 4897700 ns
[2020-09-03T11:17:04.097+0000][23984][gc           ] GC(304) Concurrent Cycle
[2020-09-03T11:17:04.097+0000][23984][gc,marking   ] GC(304) Concurrent Clear Claimed Marks
[2020-09-03T11:17:04.097+0000][23984][gc,marking   ] GC(304) Concurrent Clear Claimed Marks 0.276ms
[2020-09-03T11:17:04.097+0000][23984][gc,marking   ] GC(304) Concurrent Scan Root Regions
[2020-09-03T11:17:04.099+0000][23984][gc,marking   ] GC(304) Concurrent Scan Root Regions 1.532ms
[2020-09-03T11:17:04.099+0000][23984][gc,marking   ] GC(304) Concurrent Mark (173.100s)
[2020-09-03T11:17:04.099+0000][23984][gc,marking   ] GC(304) Concurrent Mark From Roots
[2020-09-03T11:17:04.099+0000][23984][gc,task      ] GC(304) Using 2 workers of 2 for marking
[2020-09-03T11:17:04.179+0000][23984][gc,marking   ] GC(304) Concurrent Mark From Roots 79.839ms
[2020-09-03T11:17:04.179+0000][23984][gc,marking   ] GC(304) Concurrent Preclean
[2020-09-03T11:17:04.179+0000][23984][gc,marking   ] GC(304) Concurrent Preclean 0.356ms
[2020-09-03T11:17:04.179+0000][23984][gc,marking   ] GC(304) Concurrent Mark (173.100s, 173.180s) 80.304ms
[2020-09-03T11:17:04.179+0000][23984][gc,start     ] GC(304) Pause Remark
[2020-09-03T11:17:04.184+0000][23984][gc           ] GC(304) Pause Remark 316M->316M(1024M) 4.960ms
[2020-09-03T11:17:04.184+0000][23984][gc,cpu       ] GC(304) User=0.00s Sys=0.00s Real=0.01s
[2020-09-03T11:17:04.184+0000][23984][safepoint    ] Safepoint "G1Concurrent", Time since last: 82332000 ns, Reaching safepoint: 175000 ns, At safepoint: 5092200 ns, Total: 5267200 ns
[2020-09-03T11:17:04.184+0000][23984][gc,marking   ] GC(304) Concurrent Rebuild Remembered Sets
[2020-09-03T11:17:04.243+0000][23984][gc,marking   ] GC(304) Concurrent Rebuild Remembered Sets 58.444ms
[2020-09-03T11:17:04.243+0000][23984][gc,start     ] GC(304) Pause Cleanup
[2020-09-03T11:17:04.243+0000][23984][gc           ] GC(304) Pause Cleanup 386M->386M(1024M) 0.219ms
[2020-09-03T11:17:04.244+0000][23984][gc,cpu       ] GC(304) User=0.00s Sys=0.00s Real=0.00s
[2020-09-03T11:17:04.244+0000][23984][safepoint    ] Safepoint "G1Concurrent", Time since last: 58626100 ns, Reaching safepoint: 133200 ns, At safepoint: 352200 ns, Total: 485400 ns
[2020-09-03T11:17:04.244+0000][23984][gc,marking   ] GC(304) Concurrent Cleanup for Next Mark
[2020-09-03T11:17:04.245+0000][23984][gc,marking   ] GC(304) Concurrent Cleanup for Next Mark 1.297ms
[2020-09-03T11:17:04.245+0000][23984][gc           ] GC(304) Concurrent Cycle 148.114ms
[2020-09-03T11:17:04.337+0000][23984][gc,start     ] GC(305) Pause Young (Concurrent Start) (G1 Humongous Allocation)
[2020-09-03T11:17:04.337+0000][23984][gc,task      ] GC(305) Using 8 workers of 8 for evacuation
[2020-09-03T11:17:04.337+0000][23984][gc,age       ] GC(305) Desired survivor size 33030144 bytes, new threshold 15 (max threshold 15)
[2020-09-03T11:17:04.340+0000][23984][gc,age       ] GC(305) Age table with threshold 15 (max threshold 15)
[2020-09-03T11:17:04.340+0000][23984][gc,age       ] GC(305) - age   1:    3279128 bytes,    3279128 total
[2020-09-03T11:17:04.340+0000][23984][gc,age       ] GC(305) - age   2:     407408 bytes,    3686536 total
[2020-09-03T11:17:04.340+0000][23984][gc,age       ] GC(305) - age   3:     206216 bytes,    3892752 total
[2020-09-03T11:17:04.340+0000][23984][gc,age       ] GC(305) - age   4:      62768 bytes,    3955520 total
[2020-09-03T11:17:04.340+0000][23984][gc,age       ] GC(305) - age   5:        960 bytes,    3956480 total
[2020-09-03T11:17:04.340+0000][23984][gc,age       ] GC(305) - age   6:       2000 bytes,    3958480 total
[2020-09-03T11:17:04.340+0000][23984][gc,age       ] GC(305) - age   7:       1768 bytes,    3960248 total
[2020-09-03T11:17:04.340+0000][23984][gc,age       ] GC(305) - age   8:        728 bytes,    3960976 total
[2020-09-03T11:17:04.340+0000][23984][gc,age       ] GC(305) - age   9:      61824 bytes,    4022800 total
[2020-09-03T11:17:04.340+0000][23984][gc,age       ] GC(305) - age  10:       1096 bytes,    4023896 total
[2020-09-03T11:17:04.340+0000][23984][gc,age       ] GC(305) - age  11:       1248 bytes,    4025144 total
[2020-09-03T11:17:04.340+0000][23984][gc,age       ] GC(305) - age  12:        472 bytes,    4025616 total
[2020-09-03T11:17:04.340+0000][23984][gc,age       ] GC(305) - age  13:        936 bytes,    4026552 total
[2020-09-03T11:17:04.340+0000][23984][gc,age       ] GC(305) - age  14:       1768 bytes,    4028320 total
[2020-09-03T11:17:04.340+0000][23984][gc,age       ] GC(305) - age  15:       5384 bytes,    4033704 total
[2020-09-03T11:17:04.340+0000][23984][gc,phases    ] GC(305)   Pre Evacuate Collection Set: 0.3ms
[2020-09-03T11:17:04.340+0000][23984][gc,phases    ] GC(305)   Merge Heap Roots: 0.1ms
[2020-09-03T11:17:04.340+0000][23984][gc,phases    ] GC(305)   Evacuate Collection Set: 1.9ms
[2020-09-03T11:17:04.340+0000][23984][gc,phases    ] GC(305)   Post Evacuate Collection Set: 0.9ms
[2020-09-03T11:17:04.340+0000][23984][gc,phases    ] GC(305)   Other: 0.6ms
[2020-09-03T11:17:04.340+0000][23984][gc,heap      ] GC(305) Eden regions: 42->0(497)
[2020-09-03T11:17:04.340+0000][23984][gc,heap      ] GC(305) Survivor regions: 5->5(63)
[2020-09-03T11:17:04.340+0000][23984][gc,heap      ] GC(305) Old regions: 78->78
[2020-09-03T11:17:04.340+0000][23984][gc,heap      ] GC(305) Archive regions: 0->0
[2020-09-03T11:17:04.340+0000][23984][gc,heap      ] GC(305) Humongous regions: 274->174
[2020-09-03T11:17:04.341+0000][23984][gc,metaspace ] GC(305) Metaspace: 86569K(93056K)->86569K(93056K) NonClass: 75547K(79360K)->75547K(79360K) Class: 11021K(13696K)->11021K(13696K)
[2020-09-03T11:17:04.341+0000][23984][gc           ] GC(305) Pause Young (Concurrent Start) (G1 Humongous Allocation) 396M->255M(1024M) 4.038ms
[2020-09-03T11:17:04.341+0000][23984][gc,cpu       ] GC(305) User=0.00s Sys=0.00s Real=0.00s
[2020-09-03T11:17:04.341+0000][23984][safepoint    ] Safepoint "G1TryInitiateConcMark", Time since last: 93001200 ns, Reaching safepoint: 120900 ns, At safepoint: 4153400 ns, Total: 4274300 ns
[2020-09-03T11:17:04.341+0000][23984][gc           ] GC(306) Concurrent Cycle
[2020-09-03T11:17:04.341+0000][23984][gc,marking   ] GC(306) Concurrent Clear Claimed Marks
[2020-09-03T11:17:04.341+0000][23984][gc,marking   ] GC(306) Concurrent Clear Claimed Marks 0.342ms
[2020-09-03T11:17:04.341+0000][23984][gc,marking   ] GC(306) Concurrent Scan Root Regions
[2020-09-03T11:17:04.343+0000][23984][gc,marking   ] GC(306) Concurrent Scan Root Regions 1.831ms
[2020-09-03T11:17:04.343+0000][23984][gc,marking   ] GC(306) Concurrent Mark (173.344s)
[2020-09-03T11:17:04.343+0000][23984][gc,marking   ] GC(306) Concurrent Mark From Roots
[2020-09-03T11:17:04.343+0000][23984][gc,task      ] GC(306) Using 2 workers of 2 for marking
[2020-09-03T11:17:04.430+0000][23984][gc,marking   ] GC(306) Concurrent Mark From Roots 87.349ms
[2020-09-03T11:17:04.431+0000][23984][gc,marking   ] GC(306) Concurrent Preclean
[2020-09-03T11:17:04.431+0000][23984][gc,marking   ] GC(306) Concurrent Preclean 0.351ms
[2020-09-03T11:17:04.431+0000][23984][gc,marking   ] GC(306) Concurrent Mark (173.344s, 173.432s) 87.820ms
[2020-09-03T11:17:04.431+0000][23984][gc,start     ] GC(306) Pause Remark
[2020-09-03T11:17:04.441+0000][23984][gc           ] GC(306) Pause Remark 318M->318M(1024M) 9.812ms
[2020-09-03T11:17:04.441+0000][23984][gc,cpu       ] GC(306) User=0.09s Sys=0.02s Real=0.01s
[2020-09-03T11:17:04.441+0000][23984][safepoint    ] Safepoint "G1Concurrent", Time since last: 90282400 ns, Reaching safepoint: 121800 ns, At safepoint: 10061600 ns, Total: 10183400 ns
[2020-09-03T11:17:04.441+0000][23984][gc,marking   ] GC(306) Concurrent Rebuild Remembered Sets
[2020-09-03T11:17:04.465+0000][23984][safepoint    ] Safepoint "ICBufferFull", Time since last: 23013700 ns, Reaching safepoint: 678700 ns, At safepoint: 24000 ns, Total: 702700 ns
[2020-09-03T11:17:04.505+0000][23984][safepoint    ] Safepoint "ICBufferFull", Time since last: 39317600 ns, Reaching safepoint: 536600 ns, At safepoint: 32800 ns, Total: 569400 ns
[2020-09-03T11:17:04.510+0000][23984][gc,marking   ] GC(306) Concurrent Rebuild Remembered Sets 68.409ms
[2020-09-03T11:17:04.510+0000][23984][gc,start     ] GC(306) Pause Cleanup
[2020-09-03T11:17:04.510+0000][23984][gc           ] GC(306) Pause Cleanup 333M->333M(1024M) 0.226ms
[2020-09-03T11:17:04.510+0000][23984][gc,cpu       ] GC(306) User=0.00s Sys=0.00s Real=0.00s
[2020-09-03T11:17:04.510+0000][23984][safepoint    ] Safepoint "G1Concurrent", Time since last: 4963700 ns, Reaching safepoint: 145700 ns, At safepoint: 355700 ns, Total: 501400 ns
[2020-09-03T11:17:04.510+0000][23984][gc,marking   ] GC(306) Concurrent Cleanup for Next Mark
[2020-09-03T11:17:04.511+0000][23984][gc,marking   ] GC(306) Concurrent Cleanup for Next Mark 1.192ms
[2020-09-03T11:17:04.512+0000][23984][gc           ] GC(306) Concurrent Cycle 170.855ms
[2020-09-03T11:17:04.514+0000][23984][gc,start     ] GC(307) Pause Young (Concurrent Start) (G1 Humongous Allocation)
[2020-09-03T11:17:04.514+0000][23984][gc,task      ] GC(307) Using 8 workers of 8 for evacuation
[2020-09-03T11:17:04.514+0000][23984][gc,age       ] GC(307) Desired survivor size 33030144 bytes, new threshold 15 (max threshold 15)
[2020-09-03T11:17:04.516+0000][23984][gc,age       ] GC(307) Age table with threshold 15 (max threshold 15)
[2020-09-03T11:17:04.516+0000][23984][gc,age       ] GC(307) - age   1:    2495736 bytes,    2495736 total
[2020-09-03T11:17:04.516+0000][23984][gc,age       ] GC(307) - age   2:       2168 bytes,    2497904 total
[2020-09-03T11:17:04.516+0000][23984][gc,age       ] GC(307) - age   3:       1600 bytes,    2499504 total
[2020-09-03T11:17:04.516+0000][23984][gc,age       ] GC(307) - age   4:       3712 bytes,    2503216 total
[2020-09-03T11:17:04.516+0000][23984][gc,age       ] GC(307) - age   5:      60880 bytes,    2564096 total
[2020-09-03T11:17:04.516+0000][23984][gc,age       ] GC(307) - age   6:        928 bytes,    2565024 total
[2020-09-03T11:17:04.516+0000][23984][gc,age       ] GC(307) - age   7:       1840 bytes,    2566864 total
[2020-09-03T11:17:04.517+0000][23984][gc,age       ] GC(307) - age   8:       1704 bytes,    2568568 total
[2020-09-03T11:17:04.517+0000][23984][gc,age       ] GC(307) - age   9:        728 bytes,    2569296 total
[2020-09-03T11:17:04.517+0000][23984][gc,age       ] GC(307) - age  10:      61440 bytes,    2630736 total
[2020-09-03T11:17:04.517+0000][23984][gc,age       ] GC(307) - age  11:       1096 bytes,    2631832 total
[2020-09-03T11:17:04.517+0000][23984][gc,age       ] GC(307) - age  12:       1216 bytes,    2633048 total
[2020-09-03T11:17:04.517+0000][23984][gc,age       ] GC(307) - age  13:        472 bytes,    2633520 total
[2020-09-03T11:17:04.517+0000][23984][gc,age       ] GC(307) - age  14:        936 bytes,    2634456 total
[2020-09-03T11:17:04.517+0000][23984][gc,age       ] GC(307) - age  15:       1672 bytes,    2636128 total
[2020-09-03T11:17:04.517+0000][23984][gc,phases    ] GC(307)   Pre Evacuate Collection Set: 0.4ms
[2020-09-03T11:17:04.517+0000][23984][gc,phases    ] GC(307)   Merge Heap Roots: 0.1ms
[2020-09-03T11:17:04.517+0000][23984][gc,phases    ] GC(307)   Evacuate Collection Set: 1.5ms
[2020-09-03T11:17:04.517+0000][23984][gc,phases    ] GC(307)   Post Evacuate Collection Set: 0.5ms
[2020-09-03T11:17:04.517+0000][23984][gc,phases    ] GC(307)   Other: 0.7ms
[2020-09-03T11:17:04.517+0000][23984][gc,heap      ] GC(307) Eden regions: 30->0(501)
[2020-09-03T11:17:04.517+0000][23984][gc,heap      ] GC(307) Survivor regions: 5->3(63)
[2020-09-03T11:17:04.517+0000][23984][gc,heap      ] GC(307) Old regions: 78->78
[2020-09-03T11:17:04.517+0000][23984][gc,heap      ] GC(307) Archive regions: 0->0
[2020-09-03T11:17:04.517+0000][23984][gc,heap      ] GC(307) Humongous regions: 229->174
[2020-09-03T11:17:04.517+0000][23984][gc,metaspace ] GC(307) Metaspace: 86563K(93056K)->86563K(93056K) NonClass: 75548K(79360K)->75548K(79360K) Class: 11014K(13696K)->11014K(13696K)
[2020-09-03T11:17:04.517+0000][23984][gc           ] GC(307) Pause Young (Concurrent Start) (G1 Humongous Allocation) 339M->254M(1024M) 3.378ms
[2020-09-03T11:17:04.517+0000][23984][gc,cpu       ] GC(307) User=0.00s Sys=0.00s Real=0.00s
[2020-09-03T11:17:04.517+0000][23984][gc           ] GC(308) Concurrent Cycle
[2020-09-03T11:17:04.517+0000][23984][safepoint    ] Safepoint "G1TryInitiateConcMark", Time since last: 3192900 ns, Reaching safepoint: 155100 ns, At safepoint: 3509300 ns, Total: 3664400 ns
[2020-09-03T11:17:04.517+0000][23984][gc,marking   ] GC(308) Concurrent Clear Claimed Marks
[2020-09-03T11:17:04.517+0000][23984][gc,marking   ] GC(308) Concurrent Clear Claimed Marks 0.385ms
[2020-09-03T11:17:04.518+0000][23984][gc,marking   ] GC(308) Concurrent Scan Root Regions
[2020-09-03T11:17:04.519+0000][23984][gc,marking   ] GC(308) Concurrent Scan Root Regions 1.715ms
[2020-09-03T11:17:04.519+0000][23984][gc,marking   ] GC(308) Concurrent Mark (173.521s)
[2020-09-03T11:17:04.519+0000][23984][gc,marking   ] GC(308) Concurrent Mark From Roots
[2020-09-03T11:17:04.519+0000][23984][gc,task      ] GC(308) Using 2 workers of 2 for marking
[2020-09-03T11:17:04.621+0000][23984][gc,marking   ] GC(308) Concurrent Mark From Roots 101.459ms
[2020-09-03T11:17:04.621+0000][23984][gc,marking   ] GC(308) Concurrent Preclean
[2020-09-03T11:17:04.621+0000][23984][gc,marking   ] GC(308) Concurrent Preclean 0.415ms
[2020-09-03T11:17:04.621+0000][23984][gc,marking   ] GC(308) Concurrent Mark (173.521s, 173.623s) 102.007ms
[2020-09-03T11:17:04.622+0000][23984][gc,start     ] GC(308) Pause Remark
[2020-09-03T11:17:04.626+0000][23984][gc           ] GC(308) Pause Remark 307M->307M(1024M) 4.782ms
[2020-09-03T11:17:04.626+0000][23984][gc,cpu       ] GC(308) User=0.13s Sys=0.00s Real=0.00s
[2020-09-03T11:17:04.627+0000][23984][safepoint    ] Safepoint "G1Concurrent", Time since last: 104345800 ns, Reaching safepoint: 164300 ns, At safepoint: 5025800 ns, Total: 5190100 ns
[2020-09-03T11:17:04.627+0000][23984][gc,marking   ] GC(308) Concurrent Rebuild Remembered Sets
[2020-09-03T11:17:04.695+0000][23984][gc,marking   ] GC(308) Concurrent Rebuild Remembered Sets 68.735ms
[2020-09-03T11:17:04.696+0000][23984][gc,start     ] GC(308) Pause Cleanup
[2020-09-03T11:17:04.696+0000][23984][gc           ] GC(308) Pause Cleanup 375M->375M(1024M) 0.291ms
[2020-09-03T11:17:04.696+0000][23984][gc,cpu       ] GC(308) User=0.00s Sys=0.00s Real=0.00s
[2020-09-03T11:17:04.696+0000][23984][safepoint    ] Safepoint "G1Concurrent", Time since last: 68913200 ns, Reaching safepoint: 169500 ns, At safepoint: 427600 ns, Total: 597100 ns
[2020-09-03T11:17:04.696+0000][23984][gc,marking   ] GC(308) Concurrent Cleanup for Next Mark
[2020-09-03T11:17:04.698+0000][23984][gc,marking   ] GC(308) Concurrent Cleanup for Next Mark 1.472ms
[2020-09-03T11:17:04.698+0000][23984][gc           ] GC(308) Concurrent Cycle 180.676ms
[2020-09-03T11:17:04.824+0000][23984][gc,start     ] GC(309) Pause Young (Concurrent Start) (G1 Humongous Allocation)
[2020-09-03T11:17:04.824+0000][23984][gc,task      ] GC(309) Using 8 workers of 8 for evacuation
[2020-09-03T11:17:04.824+0000][23984][gc,age       ] GC(309) Desired survivor size 33030144 bytes, new threshold 15 (max threshold 15)
[2020-09-03T11:17:04.827+0000][23984][gc,age       ] GC(309) Age table with threshold 15 (max threshold 15)
[2020-09-03T11:17:04.827+0000][23984][gc,age       ] GC(309) - age   1:    2595936 bytes,    2595936 total
[2020-09-03T11:17:04.827+0000][23984][gc,age       ] GC(309) - age   2:      22344 bytes,    2618280 total
[2020-09-03T11:17:04.827+0000][23984][gc,age       ] GC(309) - age   3:       1760 bytes,    2620040 total
[2020-09-03T11:17:04.827+0000][23984][gc,age       ] GC(309) - age   4:       1600 bytes,    2621640 total
[2020-09-03T11:17:04.827+0000][23984][gc,age       ] GC(309) - age   5:       2320 bytes,    2623960 total
[2020-09-03T11:17:04.827+0000][23984][gc,age       ] GC(309) - age   6:      60528 bytes,    2684488 total
[2020-09-03T11:17:04.827+0000][23984][gc,age       ] GC(309) - age   7:        576 bytes,    2685064 total
[2020-09-03T11:17:04.827+0000][23984][gc,age       ] GC(309) - age   8:       1680 bytes,    2686744 total
[2020-09-03T11:17:04.827+0000][23984][gc,age       ] GC(309) - age   9:       1640 bytes,    2688384 total
[2020-09-03T11:17:04.827+0000][23984][gc,age       ] GC(309) - age  10:        728 bytes,    2689112 total
[2020-09-03T11:17:04.827+0000][23984][gc,age       ] GC(309) - age  11:      61344 bytes,    2750456 total
[2020-09-03T11:17:04.827+0000][23984][gc,age       ] GC(309) - age  12:        904 bytes,    2751360 total
[2020-09-03T11:17:04.827+0000][23984][gc,age       ] GC(309) - age  13:       1216 bytes,    2752576 total
[2020-09-03T11:17:04.827+0000][23984][gc,age       ] GC(309) - age  14:        472 bytes,    2753048 total
[2020-09-03T11:17:04.827+0000][23984][gc,age       ] GC(309) - age  15:        936 bytes,    2753984 total
[2020-09-03T11:17:04.828+0000][23984][gc,phases    ] GC(309)   Pre Evacuate Collection Set: 0.4ms
[2020-09-03T11:17:04.828+0000][23984][gc,phases    ] GC(309)   Merge Heap Roots: 0.1ms
[2020-09-03T11:17:04.828+0000][23984][gc,phases    ] GC(309)   Evacuate Collection Set: 1.8ms
[2020-09-03T11:17:04.828+0000][23984][gc,phases    ] GC(309)   Post Evacuate Collection Set: 0.6ms
[2020-09-03T11:17:04.828+0000][23984][gc,phases    ] GC(309)   Other: 0.7ms
[2020-09-03T11:17:04.828+0000][23984][gc,heap      ] GC(309) Eden regions: 42->0(502)
[2020-09-03T11:17:04.828+0000][23984][gc,heap      ] GC(309) Survivor regions: 3->3(63)
[2020-09-03T11:17:04.828+0000][23984][gc,heap      ] GC(309) Old regions: 78->78
[2020-09-03T11:17:04.828+0000][23984][gc,heap      ] GC(309) Archive regions: 0->0
[2020-09-03T11:17:04.828+0000][23984][gc,heap      ] GC(309) Humongous regions: 265->174
[2020-09-03T11:17:04.828+0000][23984][gc,metaspace ] GC(309) Metaspace: 86570K(93056K)->86570K(93056K) NonClass: 75556K(79360K)->75556K(79360K) Class: 11014K(13696K)->11014K(13696K)
[2020-09-03T11:17:04.828+0000][23984][gc           ] GC(309) Pause Young (Concurrent Start) (G1 Humongous Allocation) 387M->253M(1024M) 3.809ms
[2020-09-03T11:17:04.828+0000][23984][gc,cpu       ] GC(309) User=0.09s Sys=0.00s Real=0.00s
[2020-09-03T11:17:04.828+0000][23984][gc           ] GC(310) Concurrent Cycle
[2020-09-03T11:17:04.828+0000][23984][gc,marking   ] GC(310) Concurrent Clear Claimed Marks
[2020-09-03T11:17:04.828+0000][23984][safepoint    ] Safepoint "G1TryInitiateConcMark", Time since last: 127619400 ns, Reaching safepoint: 197600 ns, At safepoint: 3975300 ns, Total: 4172900 ns
[2020-09-03T11:17:04.828+0000][23984][gc,marking   ] GC(310) Concurrent Clear Claimed Marks 0.297ms
[2020-09-03T11:17:04.828+0000][23984][gc,marking   ] GC(310) Concurrent Scan Root Regions
[2020-09-03T11:17:04.830+0000][23984][gc,marking   ] GC(310) Concurrent Scan Root Regions 1.546ms
[2020-09-03T11:17:04.830+0000][23984][gc,marking   ] GC(310) Concurrent Mark (173.831s)
[2020-09-03T11:17:04.830+0000][23984][gc,marking   ] GC(310) Concurrent Mark From Roots
[2020-09-03T11:17:04.830+0000][23984][gc,task      ] GC(310) Using 2 workers of 2 for marking
[2020-09-03T11:17:04.921+0000][23984][gc,marking   ] GC(310) Concurrent Mark From Roots 90.847ms
[2020-09-03T11:17:04.921+0000][23984][gc,marking   ] GC(310) Concurrent Preclean
[2020-09-03T11:17:04.921+0000][23984][gc,marking   ] GC(310) Concurrent Preclean 0.397ms
[2020-09-03T11:17:04.921+0000][23984][gc,marking   ] GC(310) Concurrent Mark (173.831s, 173.923s) 91.365ms
[2020-09-03T11:17:04.921+0000][23984][gc,start     ] GC(310) Pause Remark
[2020-09-03T11:17:04.927+0000][23984][gc           ] GC(310) Pause Remark 312M->312M(1024M) 5.238ms
[2020-09-03T11:17:04.927+0000][23984][gc,cpu       ] GC(310) User=0.00s Sys=0.00s Real=0.01s
[2020-09-03T11:17:04.927+0000][23984][safepoint    ] Safepoint "G1Concurrent", Time since last: 93389100 ns, Reaching safepoint: 150000 ns, At safepoint: 5448900 ns, Total: 5598900 ns
[2020-09-03T11:17:04.927+0000][23984][gc,marking   ] GC(310) Concurrent Rebuild Remembered Sets
[2020-09-03T11:17:04.997+0000][23984][gc,marking   ] GC(310) Concurrent Rebuild Remembered Sets 70.117ms
[2020-09-03T11:17:04.997+0000][23984][gc,start     ] GC(310) Pause Cleanup
[2020-09-03T11:17:04.998+0000][23984][gc           ] GC(310) Pause Cleanup 379M->379M(1024M) 0.243ms
[2020-09-03T11:17:04.998+0000][23984][gc,cpu       ] GC(310) User=0.11s Sys=0.00s Real=0.00s
[2020-09-03T11:17:04.998+0000][23984][safepoint    ] Safepoint "G1Concurrent", Time since last: 70326900 ns, Reaching safepoint: 131700 ns, At safepoint: 406200 ns, Total: 537900 ns
[2020-09-03T11:17:04.998+0000][23984][gc,marking   ] GC(310) Concurrent Cleanup for Next Mark
[2020-09-03T11:17:04.999+0000][23984][gc,marking   ] GC(310) Concurrent Cleanup for Next Mark 1.348ms
[2020-09-03T11:17:04.999+0000][23984][gc           ] GC(310) Concurrent Cycle 171.385ms
[2020-09-03T11:17:05.108+0000][23984][gc,start     ] GC(311) Pause Young (Concurrent Start) (G1 Humongous Allocation)
[2020-09-03T11:17:05.108+0000][23984][gc,task      ] GC(311) Using 8 workers of 8 for evacuation
[2020-09-03T11:17:05.108+0000][23984][gc,age       ] GC(311) Desired survivor size 33554432 bytes, new threshold 15 (max threshold 15)
[2020-09-03T11:17:05.111+0000][23984][gc,age       ] GC(311) Age table with threshold 15 (max threshold 15)
[2020-09-03T11:17:05.111+0000][23984][gc,age       ] GC(311) - age   1:    2587072 bytes,    2587072 total
[2020-09-03T11:17:05.111+0000][23984][gc,age       ] GC(311) - age   2:      14424 bytes,    2601496 total
[2020-09-03T11:17:05.111+0000][23984][gc,age       ] GC(311) - age   3:      21384 bytes,    2622880 total
[2020-09-03T11:17:05.111+0000][23984][gc,age       ] GC(311) - age   4:       1760 bytes,    2624640 total
[2020-09-03T11:17:05.111+0000][23984][gc,age       ] GC(311) - age   5:       1192 bytes,    2625832 total
[2020-09-03T11:17:05.111+0000][23984][gc,age       ] GC(311) - age   6:       1504 bytes,    2627336 total
[2020-09-03T11:17:05.111+0000][23984][gc,age       ] GC(311) - age   7:      60496 bytes,    2687832 total
[2020-09-03T11:17:05.111+0000][23984][gc,age       ] GC(311) - age   8:        544 bytes,    2688376 total
[2020-09-03T11:17:05.111+0000][23984][gc,age       ] GC(311) - age   9:       1552 bytes,    2689928 total
[2020-09-03T11:17:05.111+0000][23984][gc,age       ] GC(311) - age  10:       1608 bytes,    2691536 total
[2020-09-03T11:17:05.111+0000][23984][gc,age       ] GC(311) - age  11:        728 bytes,    2692264 total
[2020-09-03T11:17:05.111+0000][23984][gc,age       ] GC(311) - age  12:      61344 bytes,    2753608 total
[2020-09-03T11:17:05.111+0000][23984][gc,age       ] GC(311) - age  13:        904 bytes,    2754512 total
[2020-09-03T11:17:05.111+0000][23984][gc,age       ] GC(311) - age  14:       1216 bytes,    2755728 total
[2020-09-03T11:17:05.111+0000][23984][gc,age       ] GC(311) - age  15:        472 bytes,    2756200 total
[2020-09-03T11:17:05.111+0000][23984][gc,phases    ] GC(311)   Pre Evacuate Collection Set: 0.4ms
[2020-09-03T11:17:05.111+0000][23984][gc,phases    ] GC(311)   Merge Heap Roots: 0.1ms
[2020-09-03T11:17:05.111+0000][23984][gc,phases    ] GC(311)   Evacuate Collection Set: 1.6ms
[2020-09-03T11:17:05.111+0000][23984][gc,phases    ] GC(311)   Post Evacuate Collection Set: 0.7ms
[2020-09-03T11:17:05.111+0000][23984][gc,phases    ] GC(311)   Other: 0.7ms
[2020-09-03T11:17:05.111+0000][23984][gc,heap      ] GC(311) Eden regions: 43->0(503)
[2020-09-03T11:17:05.111+0000][23984][gc,heap      ] GC(311) Survivor regions: 3->3(64)
[2020-09-03T11:17:05.111+0000][23984][gc,heap      ] GC(311) Old regions: 78->78
[2020-09-03T11:17:05.111+0000][23984][gc,heap      ] GC(311) Archive regions: 0->0
[2020-09-03T11:17:05.112+0000][23984][gc,heap      ] GC(311) Humongous regions: 270->174
[2020-09-03T11:17:05.112+0000][23984][gc,metaspace ] GC(311) Metaspace: 86601K(93056K)->86601K(93056K) NonClass: 75586K(79360K)->75586K(79360K) Class: 11014K(13696K)->11014K(13696K)
[2020-09-03T11:17:05.112+0000][23984][gc           ] GC(311) Pause Young (Concurrent Start) (G1 Humongous Allocation) 392M->253M(1024M) 3.831ms
[2020-09-03T11:17:05.112+0000][23984][gc,cpu       ] GC(311) User=0.00s Sys=0.00s Real=0.00s
[2020-09-03T11:17:05.112+0000][23984][safepoint    ] Safepoint "G1TryInitiateConcMark", Time since last: 109889300 ns, Reaching safepoint: 129700 ns, At safepoint: 3996000 ns, Total: 4125700 ns
[2020-09-03T11:17:05.112+0000][23984][gc           ] GC(312) Concurrent Cycle
[2020-09-03T11:17:05.112+0000][23984][gc,marking   ] GC(312) Concurrent Clear Claimed Marks
[2020-09-03T11:17:05.112+0000][23984][gc,marking   ] GC(312) Concurrent Clear Claimed Marks 0.319ms
[2020-09-03T11:17:05.112+0000][23984][gc,marking   ] GC(312) Concurrent Scan Root Regions
[2020-09-03T11:17:05.114+0000][23984][gc,marking   ] GC(312) Concurrent Scan Root Regions 1.660ms
[2020-09-03T11:17:05.114+0000][23984][gc,marking   ] GC(312) Concurrent Mark (174.115s)
[2020-09-03T11:17:05.114+0000][23984][gc,marking   ] GC(312) Concurrent Mark From Roots
[2020-09-03T11:17:05.114+0000][23984][gc,task      ] GC(312) Using 2 workers of 2 for marking
[2020-09-03T11:17:05.201+0000][23984][gc,marking   ] GC(312) Concurrent Mark From Roots 87.066ms
[2020-09-03T11:17:05.201+0000][23984][gc,marking   ] GC(312) Concurrent Preclean
[2020-09-03T11:17:05.202+0000][23984][gc,marking   ] GC(312) Concurrent Preclean 0.446ms
[2020-09-03T11:17:05.202+0000][23984][gc,marking   ] GC(312) Concurrent Mark (174.115s, 174.203s) 87.645ms
[2020-09-03T11:17:05.202+0000][23984][gc,start     ] GC(312) Pause Remark
[2020-09-03T11:17:05.206+0000][23984][gc           ] GC(312) Pause Remark 312M->312M(1024M) 4.581ms
[2020-09-03T11:17:05.207+0000][23984][gc,cpu       ] GC(312) User=0.00s Sys=0.00s Real=0.01s
[2020-09-03T11:17:05.207+0000][23984][safepoint    ] Safepoint "G1Concurrent", Time since last: 89962400 ns, Reaching safepoint: 138300 ns, At safepoint: 4741800 ns, Total: 4880100 ns
[2020-09-03T11:17:05.207+0000][23984][gc,marking   ] GC(312) Concurrent Rebuild Remembered Sets
[2020-09-03T11:17:05.266+0000][23984][gc,marking   ] GC(312) Concurrent Rebuild Remembered Sets 59.676ms
[2020-09-03T11:17:05.267+0000][23984][gc,start     ] GC(312) Pause Cleanup
[2020-09-03T11:17:05.267+0000][23984][gc           ] GC(312) Pause Cleanup 353M->353M(1024M) 0.246ms
[2020-09-03T11:17:05.267+0000][23984][gc,cpu       ] GC(312) User=0.00s Sys=0.00s Real=0.00s
[2020-09-03T11:17:05.267+0000][23984][safepoint    ] Safepoint "G1Concurrent", Time since last: 59886400 ns, Reaching safepoint: 233300 ns, At safepoint: 358900 ns, Total: 592200 ns
[2020-09-03T11:17:05.267+0000][23984][gc,marking   ] GC(312) Concurrent Cleanup for Next Mark
[2020-09-03T11:17:05.269+0000][23984][gc,marking   ] GC(312) Concurrent Cleanup for Next Mark 1.732ms
[2020-09-03T11:17:05.269+0000][23984][gc           ] GC(312) Concurrent Cycle 157.196ms
[2020-09-03T11:17:05.269+0000][23984][gc,start     ] GC(313) Pause Young (Concurrent Start) (G1 Humongous Allocation)
[2020-09-03T11:17:05.269+0000][23984][gc,task      ] GC(313) Using 8 workers of 8 for evacuation
[2020-09-03T11:17:05.269+0000][23984][gc,age       ] GC(313) Desired survivor size 33554432 bytes, new threshold 15 (max threshold 15)
[2020-09-03T11:17:05.272+0000][23984][gc,age       ] GC(313) Age table with threshold 15 (max threshold 15)
[2020-09-03T11:17:05.272+0000][23984][gc,age       ] GC(313) - age   1:    1612816 bytes,    1612816 total
[2020-09-03T11:17:05.272+0000][23984][gc,age       ] GC(313) - age   2:      17696 bytes,    1630512 total
[2020-09-03T11:17:05.272+0000][23984][gc,age       ] GC(313) - age   3:      14424 bytes,    1644936 total
[2020-09-03T11:17:05.272+0000][23984][gc,age       ] GC(313) - age   4:      18808 bytes,    1663744 total
[2020-09-03T11:17:05.272+0000][23984][gc,age       ] GC(313) - age   5:       1640 bytes,    1665384 total
[2020-09-03T11:17:05.272+0000][23984][gc,age       ] GC(313) - age   6:        776 bytes,    1666160 total
[2020-09-03T11:17:05.272+0000][23984][gc,age       ] GC(313) - age   7:       1376 bytes,    1667536 total
[2020-09-03T11:17:05.272+0000][23984][gc,age       ] GC(313) - age   8:      60496 bytes,    1728032 total
[2020-09-03T11:17:05.272+0000][23984][gc,age       ] GC(313) - age   9:        480 bytes,    1728512 total
[2020-09-03T11:17:05.272+0000][23984][gc,age       ] GC(313) - age  10:       1552 bytes,    1730064 total
[2020-09-03T11:17:05.272+0000][23984][gc,age       ] GC(313) - age  11:       1608 bytes,    1731672 total
[2020-09-03T11:17:05.272+0000][23984][gc,age       ] GC(313) - age  12:        600 bytes,    1732272 total
[2020-09-03T11:17:05.272+0000][23984][gc,age       ] GC(313) - age  13:      61344 bytes,    1793616 total
[2020-09-03T11:17:05.272+0000][23984][gc,age       ] GC(313) - age  14:        904 bytes,    1794520 total
[2020-09-03T11:17:05.272+0000][23984][gc,age       ] GC(313) - age  15:       1216 bytes,    1795736 total
[2020-09-03T11:17:05.272+0000][23984][gc,phases    ] GC(313)   Pre Evacuate Collection Set: 0.3ms
[2020-09-03T11:17:05.272+0000][23984][gc,phases    ] GC(313)   Merge Heap Roots: 0.1ms
[2020-09-03T11:17:05.272+0000][23984][gc,phases    ] GC(313)   Evacuate Collection Set: 1.5ms
[2020-09-03T11:17:05.272+0000][23984][gc,phases    ] GC(313)   Post Evacuate Collection Set: 0.7ms
[2020-09-03T11:17:05.272+0000][23984][gc,phases    ] GC(313)   Other: 0.6ms
[2020-09-03T11:17:05.272+0000][23984][gc,heap      ] GC(313) Eden regions: 23->0(505)
[2020-09-03T11:17:05.272+0000][23984][gc,heap      ] GC(313) Survivor regions: 3->2(64)
[2020-09-03T11:17:05.273+0000][23984][gc,heap      ] GC(313) Old regions: 78->78
[2020-09-03T11:17:05.273+0000][23984][gc,heap      ] GC(313) Archive regions: 0->0
[2020-09-03T11:17:05.273+0000][23984][gc,heap      ] GC(313) Humongous regions: 265->174
[2020-09-03T11:17:05.273+0000][23984][gc,metaspace ] GC(313) Metaspace: 86607K(93056K)->86607K(93056K) NonClass: 75593K(79360K)->75593K(79360K) Class: 11014K(13696K)->11014K(13696K)
[2020-09-03T11:17:05.273+0000][23984][gc           ] GC(313) Pause Young (Concurrent Start) (G1 Humongous Allocation) 367M->252M(1024M) 3.376ms
[2020-09-03T11:17:05.273+0000][23984][gc,cpu       ] GC(313) User=0.00s Sys=0.00s Real=0.00s
[2020-09-03T11:17:05.273+0000][23984][safepoint    ] Safepoint "G1TryInitiateConcMark", Time since last: 1935300 ns, Reaching safepoint: 184600 ns, At safepoint: 3501200 ns, Total: 3685800 ns
[2020-09-03T11:17:05.273+0000][23984][gc           ] GC(314) Concurrent Cycle
[2020-09-03T11:17:05.273+0000][23984][gc,marking   ] GC(314) Concurrent Clear Claimed Marks
[2020-09-03T11:17:05.273+0000][23984][gc,marking   ] GC(314) Concurrent Clear Claimed Marks 0.264ms
[2020-09-03T11:17:05.273+0000][23984][gc,marking   ] GC(314) Concurrent Scan Root Regions
[2020-09-03T11:17:05.274+0000][23984][gc,marking   ] GC(314) Concurrent Scan Root Regions 0.859ms
[2020-09-03T11:17:05.274+0000][23984][gc,marking   ] GC(314) Concurrent Mark (174.275s)
[2020-09-03T11:17:05.274+0000][23984][gc,marking   ] GC(314) Concurrent Mark From Roots
[2020-09-03T11:17:05.274+0000][23984][gc,task      ] GC(314) Using 2 workers of 2 for marking
[2020-09-03T11:17:05.354+0000][23984][gc,marking   ] GC(314) Concurrent Mark From Roots 80.254ms
[2020-09-03T11:17:05.354+0000][23984][gc,marking   ] GC(314) Concurrent Preclean
[2020-09-03T11:17:05.355+0000][23984][gc,marking   ] GC(314) Concurrent Preclean 0.382ms
[2020-09-03T11:17:05.355+0000][23984][gc,marking   ] GC(314) Concurrent Mark (174.275s, 174.356s) 80.777ms
[2020-09-03T11:17:05.355+0000][23984][gc,start     ] GC(314) Pause Remark
[2020-09-03T11:17:05.360+0000][23984][gc           ] GC(314) Pause Remark 266M->266M(1024M) 4.539ms
[2020-09-03T11:17:05.360+0000][23984][gc,cpu       ] GC(314) User=0.13s Sys=0.00s Real=0.00s
[2020-09-03T11:17:05.360+0000][23984][safepoint    ] Safepoint "G1Concurrent", Time since last: 82116400 ns, Reaching safepoint: 125300 ns, At safepoint: 4715600 ns, Total: 4840900 ns
[2020-09-03T11:17:05.360+0000][23984][gc,marking   ] GC(314) Concurrent Rebuild Remembered Sets
[2020-09-03T11:17:05.429+0000][23984][gc,marking   ] GC(314) Concurrent Rebuild Remembered Sets 69.635ms
[2020-09-03T11:17:05.430+0000][23984][gc,start     ] GC(314) Pause Cleanup
[2020-09-03T11:17:05.430+0000][23984][gc           ] GC(314) Pause Cleanup 395M->395M(1024M) 0.234ms
[2020-09-03T11:17:05.430+0000][23984][gc,cpu       ] GC(314) User=0.00s Sys=0.00s Real=0.00s
[2020-09-03T11:17:05.430+0000][23984][safepoint    ] Safepoint "G1Concurrent", Time since last: 69780400 ns, Reaching safepoint: 145300 ns, At safepoint: 352800 ns, Total: 498100 ns
[2020-09-03T11:17:05.430+0000][23984][gc,marking   ] GC(314) Concurrent Cleanup for Next Mark
[2020-09-03T11:17:05.431+0000][23984][gc,marking   ] GC(314) Concurrent Cleanup for Next Mark 1.421ms
[2020-09-03T11:17:05.431+0000][23984][gc           ] GC(314) Concurrent Cycle 158.739ms
[2020-09-03T11:17:05.543+0000][23984][gc,start     ] GC(315) Pause Young (Concurrent Start) (G1 Humongous Allocation)
[2020-09-03T11:17:05.543+0000][23984][gc,task      ] GC(315) Using 8 workers of 8 for evacuation
[2020-09-03T11:17:05.544+0000][23984][gc,age       ] GC(315) Desired survivor size 33554432 bytes, new threshold 15 (max threshold 15)
[2020-09-03T11:17:05.547+0000][23984][gc,age       ] GC(315) Age table with threshold 15 (max threshold 15)
[2020-09-03T11:17:05.547+0000][23984][gc,age       ] GC(315) - age   1:    5113792 bytes,    5113792 total
[2020-09-03T11:17:05.547+0000][23984][gc,age       ] GC(315) - age   2:        856 bytes,    5114648 total
[2020-09-03T11:17:05.547+0000][23984][gc,age       ] GC(315) - age   3:      15528 bytes,    5130176 total
[2020-09-03T11:17:05.547+0000][23984][gc,age       ] GC(315) - age   4:      13168 bytes,    5143344 total
[2020-09-03T11:17:05.547+0000][23984][gc,age       ] GC(315) - age   5:      14632 bytes,    5157976 total
[2020-09-03T11:17:05.547+0000][23984][gc,age       ] GC(315) - age   6:        952 bytes,    5158928 total
[2020-09-03T11:17:05.547+0000][23984][gc,age       ] GC(315) - age   7:        712 bytes,    5159640 total
[2020-09-03T11:17:05.547+0000][23984][gc,age       ] GC(315) - age   8:       1312 bytes,    5160952 total
[2020-09-03T11:17:05.547+0000][23984][gc,age       ] GC(315) - age   9:      60496 bytes,    5221448 total
[2020-09-03T11:17:05.547+0000][23984][gc,age       ] GC(315) - age  10:        480 bytes,    5221928 total
[2020-09-03T11:17:05.547+0000][23984][gc,age       ] GC(315) - age  11:       1552 bytes,    5223480 total
[2020-09-03T11:17:05.547+0000][23984][gc,age       ] GC(315) - age  12:       1608 bytes,    5225088 total
[2020-09-03T11:17:05.547+0000][23984][gc,age       ] GC(315) - age  13:        600 bytes,    5225688 total
[2020-09-03T11:17:05.547+0000][23984][gc,age       ] GC(315) - age  14:      61344 bytes,    5287032 total
[2020-09-03T11:17:05.547+0000][23984][gc,age       ] GC(315) - age  15:        904 bytes,    5287936 total
[2020-09-03T11:17:05.547+0000][23984][gc,phases    ] GC(315)   Pre Evacuate Collection Set: 0.4ms
[2020-09-03T11:17:05.547+0000][23984][gc,phases    ] GC(315)   Merge Heap Roots: 0.1ms
[2020-09-03T11:17:05.547+0000][23984][gc,phases    ] GC(315)   Evacuate Collection Set: 2.2ms
[2020-09-03T11:17:05.548+0000][23984][gc,phases    ] GC(315)   Post Evacuate Collection Set: 0.8ms
[2020-09-03T11:17:05.548+0000][23984][gc,phases    ] GC(315)   Other: 0.6ms
[2020-09-03T11:17:05.548+0000][23984][gc,heap      ] GC(315) Eden regions: 65->0(498)
[2020-09-03T11:17:05.548+0000][23984][gc,heap      ] GC(315) Survivor regions: 2->6(64)
[2020-09-03T11:17:05.548+0000][23984][gc,heap      ] GC(315) Old regions: 78->78
[2020-09-03T11:17:05.548+0000][23984][gc,heap      ] GC(315) Archive regions: 0->0
[2020-09-03T11:17:05.548+0000][23984][gc,heap      ] GC(315) Humongous regions: 275->174
[2020-09-03T11:17:05.548+0000][23984][gc,metaspace ] GC(315) Metaspace: 86628K(93056K)->86628K(93056K) NonClass: 75614K(79360K)->75614K(79360K) Class: 11014K(13696K)->11014K(13696K)
[2020-09-03T11:17:05.548+0000][23984][gc           ] GC(315) Pause Young (Concurrent Start) (G1 Humongous Allocation) 418M->256M(1024M) 4.326ms
[2020-09-03T11:17:05.548+0000][23984][gc,cpu       ] GC(315) User=0.11s Sys=0.00s Real=0.01s
[2020-09-03T11:17:05.548+0000][23984][safepoint    ] Safepoint "G1TryInitiateConcMark", Time since last: 113325500 ns, Reaching safepoint: 136100 ns, At safepoint: 4435000 ns, Total: 4571100 ns
[2020-09-03T11:17:05.548+0000][23984][gc           ] GC(316) Concurrent Cycle
[2020-09-03T11:17:05.548+0000][23984][gc,marking   ] GC(316) Concurrent Clear Claimed Marks
[2020-09-03T11:17:05.548+0000][23984][safepoint    ] Safepoint "G1TryInitiateConcMark", Time since last: 129500 ns, Reaching safepoint: 115300 ns, At safepoint: 9800 ns, Total: 125100 ns
[2020-09-03T11:17:05.548+0000][23984][gc,marking   ] GC(316) Concurrent Clear Claimed Marks 0.270ms
[2020-09-03T11:17:05.548+0000][23984][gc,marking   ] GC(316) Concurrent Scan Root Regions
[2020-09-03T11:17:05.552+0000][23984][gc,marking   ] GC(316) Concurrent Scan Root Regions 3.921ms
[2020-09-03T11:17:05.552+0000][23984][gc,marking   ] GC(316) Concurrent Mark (174.554s)
[2020-09-03T11:17:05.552+0000][23984][gc,marking   ] GC(316) Concurrent Mark From Roots
[2020-09-03T11:17:05.552+0000][23984][gc,task      ] GC(316) Using 2 workers of 2 for marking
[2020-09-03T11:17:05.641+0000][23984][gc,marking   ] GC(316) Concurrent Mark From Roots 88.575ms
[2020-09-03T11:17:05.641+0000][23984][gc,marking   ] GC(316) Concurrent Preclean
[2020-09-03T11:17:05.641+0000][23984][gc,marking   ] GC(316) Concurrent Preclean 0.403ms
[2020-09-03T11:17:05.641+0000][23984][gc,marking   ] GC(316) Concurrent Mark (174.554s, 174.643s) 89.082ms
[2020-09-03T11:17:05.642+0000][23984][gc,start     ] GC(316) Pause Remark
[2020-09-03T11:17:05.646+0000][23984][gc           ] GC(316) Pause Remark 374M->374M(1024M) 4.572ms
[2020-09-03T11:17:05.646+0000][23984][gc,cpu       ] GC(316) User=0.00s Sys=0.00s Real=0.00s
[2020-09-03T11:17:05.646+0000][23984][safepoint    ] Safepoint "G1Concurrent", Time since last: 93312700 ns, Reaching safepoint: 106600 ns, At safepoint: 4770800 ns, Total: 4877400 ns
[2020-09-03T11:17:05.646+0000][23984][gc,marking   ] GC(316) Concurrent Rebuild Remembered Sets
[2020-09-03T11:17:05.721+0000][23984][gc,marking   ] GC(316) Concurrent Rebuild Remembered Sets 74.648ms
[2020-09-03T11:17:05.721+0000][23984][gc,start     ] GC(316) Pause Cleanup
[2020-09-03T11:17:05.722+0000][23984][gc           ] GC(316) Pause Cleanup 505M->505M(1024M) 0.240ms
[2020-09-03T11:17:05.722+0000][23984][gc,cpu       ] GC(316) User=0.00s Sys=0.00s Real=0.00s
[2020-09-03T11:17:05.722+0000][23984][safepoint    ] Safepoint "G1Concurrent", Time since last: 74824500 ns, Reaching safepoint: 159800 ns, At safepoint: 361400 ns, Total: 521200 ns
[2020-09-03T11:17:05.722+0000][23984][gc,marking   ] GC(316) Concurrent Cleanup for Next Mark
[2020-09-03T11:17:05.723+0000][23984][gc,marking   ] GC(316) Concurrent Cleanup for Next Mark 1.715ms
[2020-09-03T11:17:05.724+0000][23984][gc           ] GC(316) Concurrent Cycle 175.697ms
[2020-09-03T11:17:05.838+0000][23984][gc,start     ] GC(317) Pause Young (Concurrent Start) (G1 Humongous Allocation)
[2020-09-03T11:17:05.838+0000][23984][gc,task      ] GC(317) Using 8 workers of 8 for evacuation
[2020-09-03T11:17:05.838+0000][23984][gc,age       ] GC(317) Desired survivor size 33030144 bytes, new threshold 15 (max threshold 15)
[2020-09-03T11:17:05.841+0000][23984][gc,age       ] GC(317) Age table with threshold 15 (max threshold 15)
[2020-09-03T11:17:05.841+0000][23984][gc,age       ] GC(317) - age   1:    2591392 bytes,    2591392 total
[2020-09-03T11:17:05.841+0000][23984][gc,age       ] GC(317) - age   2:       2584 bytes,    2593976 total
[2020-09-03T11:17:05.841+0000][23984][gc,age       ] GC(317) - age   3:        760 bytes,    2594736 total
[2020-09-03T11:17:05.841+0000][23984][gc,age       ] GC(317) - age   4:      15216 bytes,    2609952 total
[2020-09-03T11:17:05.841+0000][23984][gc,age       ] GC(317) - age   5:      11840 bytes,    2621792 total
[2020-09-03T11:17:05.841+0000][23984][gc,age       ] GC(317) - age   6:      14552 bytes,    2636344 total
[2020-09-03T11:17:05.841+0000][23984][gc,age       ] GC(317) - age   7:        952 bytes,    2637296 total
[2020-09-03T11:17:05.841+0000][23984][gc,age       ] GC(317) - age   8:        648 bytes,    2637944 total
[2020-09-03T11:17:05.841+0000][23984][gc,age       ] GC(317) - age   9:       1248 bytes,    2639192 total
[2020-09-03T11:17:05.841+0000][23984][gc,age       ] GC(317) - age  10:      60496 bytes,    2699688 total
[2020-09-03T11:17:05.841+0000][23984][gc,age       ] GC(317) - age  11:        480 bytes,    2700168 total
[2020-09-03T11:17:05.841+0000][23984][gc,age       ] GC(317) - age  12:       1520 bytes,    2701688 total
[2020-09-03T11:17:05.841+0000][23984][gc,age       ] GC(317) - age  13:       1608 bytes,    2703296 total
[2020-09-03T11:17:05.841+0000][23984][gc,age       ] GC(317) - age  14:        600 bytes,    2703896 total
[2020-09-03T11:17:05.841+0000][23984][gc,age       ] GC(317) - age  15:      61320 bytes,    2765216 total
[2020-09-03T11:17:05.841+0000][23984][gc,phases    ] GC(317)   Pre Evacuate Collection Set: 0.4ms
[2020-09-03T11:17:05.841+0000][23984][gc,phases    ] GC(317)   Merge Heap Roots: 0.1ms
[2020-09-03T11:17:05.841+0000][23984][gc,phases    ] GC(317)   Evacuate Collection Set: 1.8ms
[2020-09-03T11:17:05.841+0000][23984][gc,phases    ] GC(317)   Post Evacuate Collection Set: 0.7ms
[2020-09-03T11:17:05.841+0000][23984][gc,phases    ] GC(317)   Other: 0.7ms
[2020-09-03T11:17:05.841+0000][23984][gc,heap      ] GC(317) Eden regions: 73->0(502)
[2020-09-03T11:17:05.841+0000][23984][gc,heap      ] GC(317) Survivor regions: 6->3(63)
[2020-09-03T11:17:05.841+0000][23984][gc,heap      ] GC(317) Old regions: 78->78
[2020-09-03T11:17:05.841+0000][23984][gc,heap      ] GC(317) Archive regions: 0->0
[2020-09-03T11:17:05.841+0000][23984][gc,heap      ] GC(317) Humongous regions: 366->174
[2020-09-03T11:17:05.841+0000][23984][gc,metaspace ] GC(317) Metaspace: 86631K(93056K)->86631K(93056K) NonClass: 75617K(79360K)->75617K(79360K) Class: 11014K(13696K)->11014K(13696K)
[2020-09-03T11:17:05.841+0000][23984][gc           ] GC(317) Pause Young (Concurrent Start) (G1 Humongous Allocation) 520M->253M(1024M) 3.850ms
[2020-09-03T11:17:05.841+0000][23984][gc,cpu       ] GC(317) User=0.00s Sys=0.00s Real=0.00s
[2020-09-03T11:17:05.842+0000][23984][safepoint    ] Safepoint "G1TryInitiateConcMark", Time since last: 115798700 ns, Reaching safepoint: 136600 ns, At safepoint: 3969900 ns, Total: 4106500 ns
[2020-09-03T11:17:05.842+0000][23984][gc           ] GC(318) Concurrent Cycle
[2020-09-03T11:17:05.842+0000][23984][gc,marking   ] GC(318) Concurrent Clear Claimed Marks
[2020-09-03T11:17:05.842+0000][23984][gc,marking   ] GC(318) Concurrent Clear Claimed Marks 0.304ms
[2020-09-03T11:17:05.842+0000][23984][gc,marking   ] GC(318) Concurrent Scan Root Regions
[2020-09-03T11:17:05.843+0000][23984][gc,marking   ] GC(318) Concurrent Scan Root Regions 1.251ms
[2020-09-03T11:17:05.843+0000][23984][gc,marking   ] GC(318) Concurrent Mark (174.845s)
[2020-09-03T11:17:05.843+0000][23984][gc,marking   ] GC(318) Concurrent Mark From Roots
[2020-09-03T11:17:05.843+0000][23984][gc,task      ] GC(318) Using 2 workers of 2 for marking
[2020-09-03T11:17:05.948+0000][23984][gc,marking   ] GC(318) Concurrent Mark From Roots 104.622ms
[2020-09-03T11:17:05.948+0000][23984][gc,marking   ] GC(318) Concurrent Preclean
[2020-09-03T11:17:05.948+0000][23984][gc,marking   ] GC(318) Concurrent Preclean 0.382ms
[2020-09-03T11:17:05.948+0000][23984][gc,marking   ] GC(318) Concurrent Mark (174.845s, 174.950s) 105.128ms
[2020-09-03T11:17:05.949+0000][23984][gc,start     ] GC(318) Pause Remark
[2020-09-03T11:17:05.954+0000][23984][gc           ] GC(318) Pause Remark 311M->311M(1024M) 5.338ms
[2020-09-03T11:17:05.954+0000][23984][gc,cpu       ] GC(318) User=0.11s Sys=0.00s Real=0.01s
[2020-09-03T11:17:05.954+0000][23984][safepoint    ] Safepoint "G1Concurrent", Time since last: 106991400 ns, Reaching safepoint: 147300 ns, At safepoint: 5550600 ns, Total: 5697900 ns
[2020-09-03T11:17:05.954+0000][23984][gc,marking   ] GC(318) Concurrent Rebuild Remembered Sets
[2020-09-03T11:17:06.035+0000][23984][gc,marking   ] GC(318) Concurrent Rebuild Remembered Sets 80.996ms
[2020-09-03T11:17:06.036+0000][23984][gc,start     ] GC(318) Pause Cleanup
[2020-09-03T11:17:06.036+0000][23984][gc           ] GC(318) Pause Cleanup 379M->379M(1024M) 0.281ms
[2020-09-03T11:17:06.036+0000][23984][gc,cpu       ] GC(318) User=0.00s Sys=0.00s Real=0.00s
[2020-09-03T11:17:06.036+0000][23984][safepoint    ] Safepoint "G1Concurrent", Time since last: 81194400 ns, Reaching safepoint: 156800 ns, At safepoint: 422500 ns, Total: 579300 ns
[2020-09-03T11:17:06.036+0000][23984][gc,marking   ] GC(318) Concurrent Cleanup for Next Mark
[2020-09-03T11:17:06.038+0000][23984][gc,marking   ] GC(318) Concurrent Cleanup for Next Mark 1.632ms
[2020-09-03T11:17:06.038+0000][23984][gc           ] GC(318) Concurrent Cycle 196.221ms
[2020-09-03T11:17:06.176+0000][23984][gc,start     ] GC(319) Pause Young (Concurrent Start) (G1 Humongous Allocation)
[2020-09-03T11:17:06.176+0000][23984][gc,task      ] GC(319) Using 8 workers of 8 for evacuation
[2020-09-03T11:17:06.176+0000][23984][gc,age       ] GC(319) Desired survivor size 33554432 bytes, new threshold 15 (max threshold 15)
[2020-09-03T11:17:06.180+0000][23984][gc,age       ] GC(319) Age table with threshold 15 (max threshold 15)
[2020-09-03T11:17:06.180+0000][23984][gc,age       ] GC(319) - age   1:   13477056 bytes,   13477056 total
[2020-09-03T11:17:06.181+0000][23984][gc,age       ] GC(319) - age   2:       5880 bytes,   13482936 total
[2020-09-03T11:17:06.181+0000][23984][gc,age       ] GC(319) - age   3:       2080 bytes,   13485016 total
[2020-09-03T11:17:06.181+0000][23984][gc,age       ] GC(319) - age   4:        448 bytes,   13485464 total
[2020-09-03T11:17:06.181+0000][23984][gc,age       ] GC(319) - age   5:      14664 bytes,   13500128 total
[2020-09-03T11:17:06.181+0000][23984][gc,age       ] GC(319) - age   6:      11840 bytes,   13511968 total
[2020-09-03T11:17:06.181+0000][23984][gc,age       ] GC(319) - age   7:      13864 bytes,   13525832 total
[2020-09-03T11:17:06.181+0000][23984][gc,age       ] GC(319) - age   8:        632 bytes,   13526464 total
[2020-09-03T11:17:06.181+0000][23984][gc,age       ] GC(319) - age   9:        288 bytes,   13526752 total
[2020-09-03T11:17:06.181+0000][23984][gc,age       ] GC(319) - age  10:       1216 bytes,   13527968 total
[2020-09-03T11:17:06.181+0000][23984][gc,age       ] GC(319) - age  11:      60496 bytes,   13588464 total
[2020-09-03T11:17:06.181+0000][23984][gc,age       ] GC(319) - age  12:        480 bytes,   13588944 total
[2020-09-03T11:17:06.181+0000][23984][gc,age       ] GC(319) - age  13:       1392 bytes,   13590336 total
[2020-09-03T11:17:06.181+0000][23984][gc,age       ] GC(319) - age  14:       1608 bytes,   13591944 total
[2020-09-03T11:17:06.181+0000][23984][gc,age       ] GC(319) - age  15:        568 bytes,   13592512 total
[2020-09-03T11:17:06.181+0000][23984][gc,phases    ] GC(319)   Pre Evacuate Collection Set: 0.4ms
[2020-09-03T11:17:06.181+0000][23984][gc,phases    ] GC(319)   Merge Heap Roots: 0.1ms
[2020-09-03T11:17:06.181+0000][23984][gc,phases    ] GC(319)   Evacuate Collection Set: 3.1ms
[2020-09-03T11:17:06.181+0000][23984][gc,phases    ] GC(319)   Post Evacuate Collection Set: 0.8ms
[2020-09-03T11:17:06.181+0000][23984][gc,phases    ] GC(319)   Other: 1.0ms
[2020-09-03T11:17:06.181+0000][23984][gc,heap      ] GC(319) Eden regions: 60->0(482)
[2020-09-03T11:17:06.181+0000][23984][gc,heap      ] GC(319) Survivor regions: 3->14(64)
[2020-09-03T11:17:06.181+0000][23984][gc,heap      ] GC(319) Old regions: 78->78
[2020-09-03T11:17:06.181+0000][23984][gc,heap      ] GC(319) Archive regions: 0->0
[2020-09-03T11:17:06.181+0000][23984][gc,heap      ] GC(319) Humongous regions: 270->174
[2020-09-03T11:17:06.181+0000][23984][gc,metaspace ] GC(319) Metaspace: 86637K(93056K)->86637K(93056K) NonClass: 75622K(79360K)->75622K(79360K) Class: 11014K(13696K)->11014K(13696K)
[2020-09-03T11:17:06.181+0000][23984][gc           ] GC(319) Pause Young (Concurrent Start) (G1 Humongous Allocation) 409M->264M(1024M) 5.692ms
[2020-09-03T11:17:06.182+0000][23984][gc,cpu       ] GC(319) User=0.00s Sys=0.00s Real=0.01s
[2020-09-03T11:17:06.182+0000][23984][gc           ] GC(320) Concurrent Cycle
[2020-09-03T11:17:06.182+0000][23984][gc,marking   ] GC(320) Concurrent Clear Claimed Marks
[2020-09-03T11:17:06.182+0000][23984][safepoint    ] Safepoint "G1TryInitiateConcMark", Time since last: 139573700 ns, Reaching safepoint: 165700 ns, At safepoint: 6131600 ns, Total: 6297300 ns
[2020-09-03T11:17:06.182+0000][23984][gc,marking   ] GC(320) Concurrent Clear Claimed Marks 0.284ms
[2020-09-03T11:17:06.182+0000][23984][gc,marking   ] GC(320) Concurrent Scan Root Regions
[2020-09-03T11:17:06.184+0000][23984][gc,marking   ] GC(320) Concurrent Scan Root Regions 2.317ms
[2020-09-03T11:17:06.184+0000][23984][gc,marking   ] GC(320) Concurrent Mark (175.186s)
[2020-09-03T11:17:06.184+0000][23984][gc,marking   ] GC(320) Concurrent Mark From Roots
[2020-09-03T11:17:06.184+0000][23984][gc,task      ] GC(320) Using 2 workers of 2 for marking
[2020-09-03T11:17:06.340+0000][23984][gc,marking   ] GC(320) Concurrent Mark From Roots 155.527ms
[2020-09-03T11:17:06.340+0000][23984][gc,marking   ] GC(320) Concurrent Preclean
[2020-09-03T11:17:06.341+0000][23984][gc,marking   ] GC(320) Concurrent Preclean 0.798ms
[2020-09-03T11:17:06.341+0000][23984][gc,marking   ] GC(320) Concurrent Mark (175.186s, 175.342s) 156.575ms
[2020-09-03T11:17:06.341+0000][23984][gc,start     ] GC(320) Pause Remark
[2020-09-03T11:17:06.347+0000][23984][gc           ] GC(320) Pause Remark 509M->509M(1024M) 6.164ms
[2020-09-03T11:17:06.348+0000][23984][gc,cpu       ] GC(320) User=0.02s Sys=0.00s Real=0.01s
[2020-09-03T11:17:06.348+0000][23984][safepoint    ] Safepoint "G1Concurrent", Time since last: 159228300 ns, Reaching safepoint: 177300 ns, At safepoint: 6363300 ns, Total: 6540600 ns
[2020-09-03T11:17:06.348+0000][23984][gc,marking   ] GC(320) Concurrent Rebuild Remembered Sets
[2020-09-03T11:17:06.440+0000][23984][gc,marking   ] GC(320) Concurrent Rebuild Remembered Sets 92.115ms
[2020-09-03T11:17:06.440+0000][23984][gc,start     ] GC(320) Pause Cleanup
[2020-09-03T11:17:06.440+0000][23984][gc           ] GC(320) Pause Cleanup 583M->583M(1024M) 0.308ms
[2020-09-03T11:17:06.440+0000][23984][gc,cpu       ] GC(320) User=0.00s Sys=0.00s Real=0.00s
[2020-09-03T11:17:06.440+0000][23984][safepoint    ] Safepoint "G1Concurrent", Time since last: 92298700 ns, Reaching safepoint: 147000 ns, At safepoint: 438700 ns, Total: 585700 ns
[2020-09-03T11:17:06.441+0000][23984][gc,marking   ] GC(320) Concurrent Cleanup for Next Mark
[2020-09-03T11:17:06.442+0000][23984][gc,marking   ] GC(320) Concurrent Cleanup for Next Mark 1.694ms
[2020-09-03T11:17:06.442+0000][23984][gc           ] GC(320) Concurrent Cycle 260.773ms
[2020-09-03T11:17:06.567+0000][23984][gc,start     ] GC(321) Pause Young (Concurrent Start) (G1 Humongous Allocation)
[2020-09-03T11:17:06.567+0000][23984][gc,task      ] GC(321) Using 8 workers of 8 for evacuation
[2020-09-03T11:17:06.567+0000][23984][gc,age       ] GC(321) Desired survivor size 32505856 bytes, new threshold 15 (max threshold 15)
[2020-09-03T11:17:06.571+0000][23984][gc,age       ] GC(321) Age table with threshold 15 (max threshold 15)
[2020-09-03T11:17:06.571+0000][23984][gc,age       ] GC(321) - age   1:    3897432 bytes,    3897432 total
[2020-09-03T11:17:06.571+0000][23984][gc,age       ] GC(321) - age   2:       8488 bytes,    3905920 total
[2020-09-03T11:17:06.571+0000][23984][gc,age       ] GC(321) - age   3:       2736 bytes,    3908656 total
[2020-09-03T11:17:06.571+0000][23984][gc,age       ] GC(321) - age   4:       1752 bytes,    3910408 total
[2020-09-03T11:17:06.571+0000][23984][gc,age       ] GC(321) - age   5:        352 bytes,    3910760 total
[2020-09-03T11:17:06.571+0000][23984][gc,age       ] GC(321) - age   6:      12168 bytes,    3922928 total
[2020-09-03T11:17:06.571+0000][23984][gc,age       ] GC(321) - age   7:      11808 bytes,    3934736 total
[2020-09-03T11:17:06.571+0000][23984][gc,age       ] GC(321) - age   8:      11192 bytes,    3945928 total
[2020-09-03T11:17:06.571+0000][23984][gc,age       ] GC(321) - age   9:        632 bytes,    3946560 total
[2020-09-03T11:17:06.571+0000][23984][gc,age       ] GC(321) - age  10:        288 bytes,    3946848 total
[2020-09-03T11:17:06.571+0000][23984][gc,age       ] GC(321) - age  11:       1056 bytes,    3947904 total
[2020-09-03T11:17:06.572+0000][23984][gc,age       ] GC(321) - age  12:      60496 bytes,    4008400 total
[2020-09-03T11:17:06.572+0000][23984][gc,age       ] GC(321) - age  13:        448 bytes,    4008848 total
[2020-09-03T11:17:06.572+0000][23984][gc,age       ] GC(321) - age  14:       1392 bytes,    4010240 total
[2020-09-03T11:17:06.572+0000][23984][gc,age       ] GC(321) - age  15:       1608 bytes,    4011848 total
[2020-09-03T11:17:06.572+0000][23984][gc,phases    ] GC(321)   Pre Evacuate Collection Set: 0.4ms
[2020-09-03T11:17:06.572+0000][23984][gc,phases    ] GC(321)   Merge Heap Roots: 0.1ms
[2020-09-03T11:17:06.572+0000][23984][gc,phases    ] GC(321)   Evacuate Collection Set: 2.1ms
[2020-09-03T11:17:06.572+0000][23984][gc,phases    ] GC(321)   Post Evacuate Collection Set: 1.0ms
[2020-09-03T11:17:06.572+0000][23984][gc,phases    ] GC(321)   Other: 1.0ms
[2020-09-03T11:17:06.572+0000][23984][gc,heap      ] GC(321) Eden regions: 77->0(494)
[2020-09-03T11:17:06.572+0000][23984][gc,heap      ] GC(321) Survivor regions: 14->4(62)
[2020-09-03T11:17:06.572+0000][23984][gc,heap      ] GC(321) Old regions: 78->78
[2020-09-03T11:17:06.572+0000][23984][gc,heap      ] GC(321) Archive regions: 0->0
[2020-09-03T11:17:06.572+0000][23984][gc,heap      ] GC(321) Humongous regions: 430->174
[2020-09-03T11:17:06.572+0000][23984][gc,metaspace ] GC(321) Metaspace: 86637K(93056K)->86637K(93056K) NonClass: 75623K(79360K)->75623K(79360K) Class: 11014K(13696K)->11014K(13696K)
[2020-09-03T11:17:06.572+0000][23984][gc           ] GC(321) Pause Young (Concurrent Start) (G1 Humongous Allocation) 597M->255M(1024M) 4.984ms
[2020-09-03T11:17:06.572+0000][23984][gc,cpu       ] GC(321) User=0.00s Sys=0.00s Real=0.01s
[2020-09-03T11:17:06.572+0000][23984][gc           ] GC(322) Concurrent Cycle
[2020-09-03T11:17:06.572+0000][23984][safepoint    ] Safepoint "G1TryInitiateConcMark", Time since last: 126504400 ns, Reaching safepoint: 134600 ns, At safepoint: 5168400 ns, Total: 5303000 ns
[2020-09-03T11:17:06.572+0000][23984][gc,marking   ] GC(322) Concurrent Clear Claimed Marks
[2020-09-03T11:17:06.573+0000][23984][gc,marking   ] GC(322) Concurrent Clear Claimed Marks 0.447ms
[2020-09-03T11:17:06.573+0000][23984][gc,marking   ] GC(322) Concurrent Scan Root Regions
[2020-09-03T11:17:06.575+0000][23984][gc,marking   ] GC(322) Concurrent Scan Root Regions 2.356ms
[2020-09-03T11:17:06.575+0000][23984][gc,marking   ] GC(322) Concurrent Mark (175.577s)
[2020-09-03T11:17:06.575+0000][23984][gc,marking   ] GC(322) Concurrent Mark From Roots
[2020-09-03T11:17:06.575+0000][23984][gc,task      ] GC(322) Using 2 workers of 2 for marking
[2020-09-03T11:17:06.695+0000][23984][gc,marking   ] GC(322) Concurrent Mark From Roots 119.806ms
[2020-09-03T11:17:06.695+0000][23984][gc,marking   ] GC(322) Concurrent Preclean
[2020-09-03T11:17:06.696+0000][23984][gc,marking   ] GC(322) Concurrent Preclean 0.484ms
[2020-09-03T11:17:06.696+0000][23984][gc,marking   ] GC(322) Concurrent Mark (175.577s, 175.697s) 120.439ms
[2020-09-03T11:17:06.696+0000][23984][gc,start     ] GC(322) Pause Remark
[2020-09-03T11:17:06.702+0000][23984][gc           ] GC(322) Pause Remark 320M->320M(1024M) 5.698ms
[2020-09-03T11:17:06.702+0000][23984][gc,cpu       ] GC(322) User=0.11s Sys=0.00s Real=0.01s
[2020-09-03T11:17:06.702+0000][23984][safepoint    ] Safepoint "G1Concurrent", Time since last: 123549700 ns, Reaching safepoint: 150100 ns, At safepoint: 5968500 ns, Total: 6118600 ns
[2020-09-03T11:17:06.702+0000][23984][gc,marking   ] GC(322) Concurrent Rebuild Remembered Sets
[2020-09-03T11:17:06.745+0000][23984][safepoint    ] Safepoint "BulkRevokeBias", Time since last: 41045200 ns, Reaching safepoint: 527400 ns, At safepoint: 1714800 ns, Total: 2242200 ns
[2020-09-03T11:17:06.781+0000][23984][gc,marking   ] GC(322) Concurrent Rebuild Remembered Sets 78.817ms
[2020-09-03T11:17:06.781+0000][23984][gc,start     ] GC(322) Pause Cleanup
[2020-09-03T11:17:06.782+0000][23984][gc           ] GC(322) Pause Cleanup 390M->390M(1024M) 0.322ms
[2020-09-03T11:17:06.782+0000][23984][gc,cpu       ] GC(322) User=0.00s Sys=0.00s Real=0.00s
[2020-09-03T11:17:06.782+0000][23984][safepoint    ] Safepoint "G1Concurrent", Time since last: 35743100 ns, Reaching safepoint: 143700 ns, At safepoint: 522500 ns, Total: 666200 ns
[2020-09-03T11:17:06.782+0000][23984][gc,marking   ] GC(322) Concurrent Cleanup for Next Mark
[2020-09-03T11:17:06.783+0000][23984][gc,marking   ] GC(322) Concurrent Cleanup for Next Mark 1.373ms
[2020-09-03T11:17:06.783+0000][23984][gc           ] GC(322) Concurrent Cycle 210.948ms
[2020-09-03T11:17:06.881+0000][23984][gc,start     ] GC(323) Pause Young (Concurrent Start) (G1 Humongous Allocation)
[2020-09-03T11:17:06.881+0000][23984][gc,task      ] GC(323) Using 8 workers of 8 for evacuation
[2020-09-03T11:17:06.881+0000][23984][gc,age       ] GC(323) Desired survivor size 33030144 bytes, new threshold 15 (max threshold 15)
[2020-09-03T11:17:06.885+0000][23984][gc,age       ] GC(323) Age table with threshold 15 (max threshold 15)
[2020-09-03T11:17:06.885+0000][23984][gc,age       ] GC(323) - age   1:    3310840 bytes,    3310840 total
[2020-09-03T11:17:06.885+0000][23984][gc,age       ] GC(323) - age   2:     599272 bytes,    3910112 total
[2020-09-03T11:17:06.885+0000][23984][gc,age       ] GC(323) - age   3:       5136 bytes,    3915248 total
[2020-09-03T11:17:06.885+0000][23984][gc,age       ] GC(323) - age   4:       1576 bytes,    3916824 total
[2020-09-03T11:17:06.885+0000][23984][gc,age       ] GC(323) - age   5:       1752 bytes,    3918576 total
[2020-09-03T11:17:06.885+0000][23984][gc,age       ] GC(323) - age   6:        352 bytes,    3918928 total
[2020-09-03T11:17:06.886+0000][23984][gc,age       ] GC(323) - age   7:      12072 bytes,    3931000 total
[2020-09-03T11:17:06.886+0000][23984][gc,age       ] GC(323) - age   8:      11712 bytes,    3942712 total
[2020-09-03T11:17:06.886+0000][23984][gc,age       ] GC(323) - age   9:      11192 bytes,    3953904 total
[2020-09-03T11:17:06.886+0000][23984][gc,age       ] GC(323) - age  10:        600 bytes,    3954504 total
[2020-09-03T11:17:06.886+0000][23984][gc,age       ] GC(323) - age  11:        192 bytes,    3954696 total
[2020-09-03T11:17:06.886+0000][23984][gc,age       ] GC(323) - age  12:        928 bytes,    3955624 total
[2020-09-03T11:17:06.886+0000][23984][gc,age       ] GC(323) - age  13:      60496 bytes,    4016120 total
[2020-09-03T11:17:06.886+0000][23984][gc,age       ] GC(323) - age  14:        352 bytes,    4016472 total
[2020-09-03T11:17:06.886+0000][23984][gc,age       ] GC(323) - age  15:       1392 bytes,    4017864 total
[2020-09-03T11:17:06.886+0000][23984][gc,phases    ] GC(323)   Pre Evacuate Collection Set: 0.4ms
[2020-09-03T11:17:06.886+0000][23984][gc,phases    ] GC(323)   Merge Heap Roots: 0.1ms
[2020-09-03T11:17:06.886+0000][23984][gc,phases    ] GC(323)   Evacuate Collection Set: 2.4ms
[2020-09-03T11:17:06.886+0000][23984][gc,phases    ] GC(323)   Post Evacuate Collection Set: 0.7ms
[2020-09-03T11:17:06.886+0000][23984][gc,phases    ] GC(323)   Other: 1.0ms
[2020-09-03T11:17:06.886+0000][23984][gc,heap      ] GC(323) Eden regions: 42->0(496)
[2020-09-03T11:17:06.886+0000][23984][gc,heap      ] GC(323) Survivor regions: 4->4(63)
[2020-09-03T11:17:06.886+0000][23984][gc,heap      ] GC(323) Old regions: 78->78
[2020-09-03T11:17:06.886+0000][23984][gc,heap      ] GC(323) Archive regions: 0->0
[2020-09-03T11:17:06.886+0000][23984][gc,heap      ] GC(323) Humongous regions: 278->174
[2020-09-03T11:17:06.886+0000][23984][gc,metaspace ] GC(323) Metaspace: 86637K(93056K)->86637K(93056K) NonClass: 75623K(79360K)->75623K(79360K) Class: 11014K(13696K)->11014K(13696K)
[2020-09-03T11:17:06.886+0000][23984][gc           ] GC(323) Pause Young (Concurrent Start) (G1 Humongous Allocation) 400M->255M(1024M) 4.949ms
[2020-09-03T11:17:06.886+0000][23984][gc,cpu       ] GC(323) User=0.00s Sys=0.00s Real=0.00s
[2020-09-03T11:17:06.886+0000][23984][safepoint    ] Safepoint "G1TryInitiateConcMark", Time since last: 99406000 ns, Reaching safepoint: 162900 ns, At safepoint: 5122400 ns, Total: 5285300 ns
[2020-09-03T11:17:06.886+0000][23984][gc           ] GC(324) Concurrent Cycle
[2020-09-03T11:17:06.886+0000][23984][gc,marking   ] GC(324) Concurrent Clear Claimed Marks
[2020-09-03T11:17:06.887+0000][23984][gc,marking   ] GC(324) Concurrent Clear Claimed Marks 0.393ms
[2020-09-03T11:17:06.887+0000][23984][gc,marking   ] GC(324) Concurrent Scan Root Regions
[2020-09-03T11:17:06.889+0000][23984][gc,marking   ] GC(324) Concurrent Scan Root Regions 2.199ms
[2020-09-03T11:17:06.889+0000][23984][gc,marking   ] GC(324) Concurrent Mark (175.891s)
[2020-09-03T11:17:06.889+0000][23984][gc,marking   ] GC(324) Concurrent Mark From Roots
[2020-09-03T11:17:06.889+0000][23984][gc,task      ] GC(324) Using 2 workers of 2 for marking
[2020-09-03T11:17:06.993+0000][23984][gc,marking   ] GC(324) Concurrent Mark From Roots 104.191ms
[2020-09-03T11:17:06.994+0000][23984][gc,marking   ] GC(324) Concurrent Preclean
[2020-09-03T11:17:06.994+0000][23984][gc,marking   ] GC(324) Concurrent Preclean 0.431ms
[2020-09-03T11:17:06.994+0000][23984][gc,marking   ] GC(324) Concurrent Mark (175.891s, 175.995s) 104.793ms
[2020-09-03T11:17:06.994+0000][23984][gc,start     ] GC(324) Pause Remark
[2020-09-03T11:17:07.000+0000][23984][gc           ] GC(324) Pause Remark 318M->318M(1024M) 5.826ms
[2020-09-03T11:17:07.000+0000][23984][gc,cpu       ] GC(324) User=0.11s Sys=0.00s Real=0.01s
[2020-09-03T11:17:07.000+0000][23984][safepoint    ] Safepoint "G1Concurrent", Time since last: 107689500 ns, Reaching safepoint: 138400 ns, At safepoint: 6042000 ns, Total: 6180400 ns
[2020-09-03T11:17:07.000+0000][23984][gc,marking   ] GC(324) Concurrent Rebuild Remembered Sets
[2020-09-03T11:17:07.076+0000][23984][gc,marking   ] GC(324) Concurrent Rebuild Remembered Sets 75.650ms
[2020-09-03T11:17:07.076+0000][23984][gc,start     ] GC(324) Pause Cleanup
[2020-09-03T11:17:07.077+0000][23984][gc           ] GC(324) Pause Cleanup 389M->389M(1024M) 0.290ms
[2020-09-03T11:17:07.077+0000][23984][gc,cpu       ] GC(324) User=0.00s Sys=0.00s Real=0.00s
[2020-09-03T11:17:07.077+0000][23984][safepoint    ] Safepoint "G1Concurrent", Time since last: 75814200 ns, Reaching safepoint: 139400 ns, At safepoint: 430700 ns, Total: 570100 ns
[2020-09-03T11:17:07.077+0000][23984][gc,marking   ] GC(324) Concurrent Cleanup for Next Mark
[2020-09-03T11:17:07.078+0000][23984][gc,marking   ] GC(324) Concurrent Cleanup for Next Mark 1.576ms
[2020-09-03T11:17:07.078+0000][23984][gc           ] GC(324) Concurrent Cycle 191.945ms
[2020-09-03T11:17:07.180+0000][23984][gc,start     ] GC(325) Pause Young (Concurrent Start) (G1 Humongous Allocation)
[2020-09-03T11:17:07.181+0000][23984][gc,task      ] GC(325) Using 8 workers of 8 for evacuation
[2020-09-03T11:17:07.181+0000][23984][gc,age       ] GC(325) Desired survivor size 33030144 bytes, new threshold 15 (max threshold 15)
[2020-09-03T11:17:07.184+0000][23984][gc,age       ] GC(325) Age table with threshold 15 (max threshold 15)
[2020-09-03T11:17:07.184+0000][23984][gc,age       ] GC(325) - age   1:    3187168 bytes,    3187168 total
[2020-09-03T11:17:07.185+0000][23984][gc,age       ] GC(325) - age   2:     407784 bytes,    3594952 total
[2020-09-03T11:17:07.185+0000][23984][gc,age       ] GC(325) - age   3:     201768 bytes,    3796720 total
[2020-09-03T11:17:07.185+0000][23984][gc,age       ] GC(325) - age   4:       3008 bytes,    3799728 total
[2020-09-03T11:17:07.185+0000][23984][gc,age       ] GC(325) - age   5:       1576 bytes,    3801304 total
[2020-09-03T11:17:07.185+0000][23984][gc,age       ] GC(325) - age   6:       1752 bytes,    3803056 total
[2020-09-03T11:17:07.185+0000][23984][gc,age       ] GC(325) - age   7:        256 bytes,    3803312 total
[2020-09-03T11:17:07.185+0000][23984][gc,age       ] GC(325) - age   8:      11880 bytes,    3815192 total
[2020-09-03T11:17:07.185+0000][23984][gc,age       ] GC(325) - age   9:      11648 bytes,    3826840 total
[2020-09-03T11:17:07.185+0000][23984][gc,age       ] GC(325) - age  10:      11168 bytes,    3838008 total
[2020-09-03T11:17:07.185+0000][23984][gc,age       ] GC(325) - age  11:        312 bytes,    3838320 total
[2020-09-03T11:17:07.185+0000][23984][gc,age       ] GC(325) - age  12:        192 bytes,    3838512 total
[2020-09-03T11:17:07.185+0000][23984][gc,age       ] GC(325) - age  13:        928 bytes,    3839440 total
[2020-09-03T11:17:07.185+0000][23984][gc,age       ] GC(325) - age  14:      60496 bytes,    3899936 total
[2020-09-03T11:17:07.185+0000][23984][gc,age       ] GC(325) - age  15:        352 bytes,    3900288 total
[2020-09-03T11:17:07.185+0000][23984][gc,phases    ] GC(325)   Pre Evacuate Collection Set: 0.4ms
[2020-09-03T11:17:07.185+0000][23984][gc,phases    ] GC(325)   Merge Heap Roots: 0.1ms
[2020-09-03T11:17:07.185+0000][23984][gc,phases    ] GC(325)   Evacuate Collection Set: 2.5ms
[2020-09-03T11:17:07.185+0000][23984][gc,phases    ] GC(325)   Post Evacuate Collection Set: 0.7ms
[2020-09-03T11:17:07.185+0000][23984][gc,phases    ] GC(325)   Other: 0.9ms
[2020-09-03T11:17:07.185+0000][23984][gc,heap      ] GC(325) Eden regions: 41->0(498)
[2020-09-03T11:17:07.185+0000][23984][gc,heap      ] GC(325) Survivor regions: 4->4(63)
[2020-09-03T11:17:07.185+0000][23984][gc,heap      ] GC(325) Old regions: 78->78
[2020-09-03T11:17:07.185+0000][23984][gc,heap      ] GC(325) Archive regions: 0->0
[2020-09-03T11:17:07.185+0000][23984][gc,heap      ] GC(325) Humongous regions: 278->174
[2020-09-03T11:17:07.185+0000][23984][gc,metaspace ] GC(325) Metaspace: 86638K(93056K)->86638K(93056K) NonClass: 75624K(79360K)->75624K(79360K) Class: 11014K(13696K)->11014K(13696K)
[2020-09-03T11:17:07.185+0000][23984][gc           ] GC(325) Pause Young (Concurrent Start) (G1 Humongous Allocation) 399M->255M(1024M) 4.985ms
[2020-09-03T11:17:07.185+0000][23984][gc,cpu       ] GC(325) User=0.00s Sys=0.00s Real=0.00s
[2020-09-03T11:17:07.186+0000][23984][safepoint    ] Safepoint "G1TryInitiateConcMark", Time since last: 103665200 ns, Reaching safepoint: 150100 ns, At safepoint: 5126500 ns, Total: 5276600 ns
[2020-09-03T11:17:07.186+0000][23984][gc           ] GC(326) Concurrent Cycle
[2020-09-03T11:17:07.186+0000][23984][gc,marking   ] GC(326) Concurrent Clear Claimed Marks
[2020-09-03T11:17:07.186+0000][23984][gc,marking   ] GC(326) Concurrent Clear Claimed Marks 0.387ms
[2020-09-03T11:17:07.186+0000][23984][gc,marking   ] GC(326) Concurrent Scan Root Regions
[2020-09-03T11:17:07.188+0000][23984][gc,marking   ] GC(326) Concurrent Scan Root Regions 2.076ms
[2020-09-03T11:17:07.188+0000][23984][gc,marking   ] GC(326) Concurrent Mark (176.190s)
[2020-09-03T11:17:07.188+0000][23984][gc,marking   ] GC(326) Concurrent Mark From Roots
[2020-09-03T11:17:07.188+0000][23984][gc,task      ] GC(326) Using 2 workers of 2 for marking
[2020-09-03T11:17:07.312+0000][23984][gc,marking   ] GC(326) Concurrent Mark From Roots 123.689ms
[2020-09-03T11:17:07.312+0000][23984][gc,marking   ] GC(326) Concurrent Preclean
[2020-09-03T11:17:07.312+0000][23984][gc,marking   ] GC(326) Concurrent Preclean 0.402ms
[2020-09-03T11:17:07.313+0000][23984][gc,marking   ] GC(326) Concurrent Mark (176.190s, 176.314s) 124.235ms
[2020-09-03T11:17:07.313+0000][23984][gc,start     ] GC(326) Pause Remark
[2020-09-03T11:17:07.318+0000][23984][gc           ] GC(326) Pause Remark 314M->314M(1024M) 5.339ms
[2020-09-03T11:17:07.318+0000][23984][gc,cpu       ] GC(326) User=0.00s Sys=0.00s Real=0.01s
[2020-09-03T11:17:07.318+0000][23984][safepoint    ] Safepoint "G1Concurrent", Time since last: 127047400 ns, Reaching safepoint: 141000 ns, At safepoint: 5512500 ns, Total: 5653500 ns
[2020-09-03T11:17:07.318+0000][23984][gc,marking   ] GC(326) Concurrent Rebuild Remembered Sets
[2020-09-03T11:17:07.401+0000][23984][gc,marking   ] GC(326) Concurrent Rebuild Remembered Sets 82.317ms
[2020-09-03T11:17:07.401+0000][23984][gc,start     ] GC(326) Pause Cleanup
[2020-09-03T11:17:07.402+0000][23984][gc           ] GC(326) Pause Cleanup 366M->366M(1024M) 0.437ms
[2020-09-03T11:17:07.402+0000][23984][gc,cpu       ] GC(326) User=0.00s Sys=0.00s Real=0.00s
[2020-09-03T11:17:07.402+0000][23984][safepoint    ] Safepoint "G1Concurrent", Time since last: 82579300 ns, Reaching safepoint: 232700 ns, At safepoint: 632100 ns, Total: 864800 ns
[2020-09-03T11:17:07.402+0000][23984][gc,marking   ] GC(326) Concurrent Cleanup for Next Mark
[2020-09-03T11:17:07.404+0000][23984][gc,marking   ] GC(326) Concurrent Cleanup for Next Mark 1.950ms
[2020-09-03T11:17:07.404+0000][23984][gc           ] GC(326) Concurrent Cycle 218.256ms
[2020-09-03T11:17:07.404+0000][23984][gc,start     ] GC(327) Pause Young (Concurrent Start) (G1 Humongous Allocation)
[2020-09-03T11:17:07.404+0000][23984][gc,task      ] GC(327) Using 8 workers of 8 for evacuation
[2020-09-03T11:17:07.404+0000][23984][gc,age       ] GC(327) Desired survivor size 33030144 bytes, new threshold 15 (max threshold 15)
[2020-09-03T11:17:07.407+0000][23984][gc,age       ] GC(327) Age table with threshold 15 (max threshold 15)
[2020-09-03T11:17:07.407+0000][23984][gc,age       ] GC(327) - age   1:    1230920 bytes,    1230920 total
[2020-09-03T11:17:07.407+0000][23984][gc,age       ] GC(327) - age   2:       4096 bytes,    1235016 total
[2020-09-03T11:17:07.407+0000][23984][gc,age       ] GC(327) - age   3:       3248 bytes,    1238264 total
[2020-09-03T11:17:07.407+0000][23984][gc,age       ] GC(327) - age   4:       2512 bytes,    1240776 total
[2020-09-03T11:17:07.407+0000][23984][gc,age       ] GC(327) - age   5:       1552 bytes,    1242328 total
[2020-09-03T11:17:07.407+0000][23984][gc,age       ] GC(327) - age   6:       1072 bytes,    1243400 total
[2020-09-03T11:17:07.408+0000][23984][gc,age       ] GC(327) - age   7:       1720 bytes,    1245120 total
[2020-09-03T11:17:07.408+0000][23984][gc,age       ] GC(327) - age   8:        224 bytes,    1245344 total
[2020-09-03T11:17:07.408+0000][23984][gc,age       ] GC(327) - age   9:      11880 bytes,    1257224 total
[2020-09-03T11:17:07.408+0000][23984][gc,age       ] GC(327) - age  10:      11648 bytes,    1268872 total
[2020-09-03T11:17:07.408+0000][23984][gc,age       ] GC(327) - age  11:      11072 bytes,    1279944 total
[2020-09-03T11:17:07.408+0000][23984][gc,age       ] GC(327) - age  12:        312 bytes,    1280256 total
[2020-09-03T11:17:07.408+0000][23984][gc,age       ] GC(327) - age  13:        192 bytes,    1280448 total
[2020-09-03T11:17:07.408+0000][23984][gc,age       ] GC(327) - age  14:        800 bytes,    1281248 total
[2020-09-03T11:17:07.408+0000][23984][gc,age       ] GC(327) - age  15:      60496 bytes,    1341744 total
[2020-09-03T11:17:07.408+0000][23984][gc,phases    ] GC(327)   Pre Evacuate Collection Set: 0.4ms
[2020-09-03T11:17:07.408+0000][23984][gc,phases    ] GC(327)   Merge Heap Roots: 0.1ms
[2020-09-03T11:17:07.408+0000][23984][gc,phases    ] GC(327)   Evacuate Collection Set: 1.7ms
[2020-09-03T11:17:07.408+0000][23984][gc,phases    ] GC(327)   Post Evacuate Collection Set: 0.7ms
[2020-09-03T11:17:07.408+0000][23984][gc,phases    ] GC(327)   Other: 0.9ms
[2020-09-03T11:17:07.408+0000][23984][gc,heap      ] GC(327) Eden regions: 30->0(502)
[2020-09-03T11:17:07.408+0000][23984][gc,heap      ] GC(327) Survivor regions: 4->2(63)
[2020-09-03T11:17:07.408+0000][23984][gc,heap      ] GC(327) Old regions: 78->78
[2020-09-03T11:17:07.408+0000][23984][gc,heap      ] GC(327) Archive regions: 0->0
[2020-09-03T11:17:07.408+0000][23984][gc,heap      ] GC(327) Humongous regions: 267->174
[2020-09-03T11:17:07.408+0000][23984][gc,metaspace ] GC(327) Metaspace: 86644K(93056K)->86644K(93056K) NonClass: 75630K(79360K)->75630K(79360K) Class: 11014K(13696K)->11014K(13696K)
[2020-09-03T11:17:07.408+0000][23984][gc           ] GC(327) Pause Young (Concurrent Start) (G1 Humongous Allocation) 377M->252M(1024M) 4.139ms
[2020-09-03T11:17:07.408+0000][23984][gc,cpu       ] GC(327) User=0.03s Sys=0.00s Real=0.00s
[2020-09-03T11:17:07.408+0000][23984][gc           ] GC(328) Concurrent Cycle
[2020-09-03T11:17:07.408+0000][23984][safepoint    ] Safepoint "G1TryInitiateConcMark", Time since last: 2200200 ns, Reaching safepoint: 173100 ns, At safepoint: 4325600 ns, Total: 4498700 ns
[2020-09-03T11:17:07.408+0000][23984][gc,marking   ] GC(328) Concurrent Clear Claimed Marks
[2020-09-03T11:17:07.409+0000][23984][gc,marking   ] GC(328) Concurrent Clear Claimed Marks 0.584ms
[2020-09-03T11:17:07.409+0000][23984][gc,marking   ] GC(328) Concurrent Scan Root Regions
[2020-09-03T11:17:07.411+0000][23984][gc,marking   ] GC(328) Concurrent Scan Root Regions 1.871ms
[2020-09-03T11:17:07.411+0000][23984][gc,marking   ] GC(328) Concurrent Mark (176.412s)
[2020-09-03T11:17:07.411+0000][23984][gc,marking   ] GC(328) Concurrent Mark From Roots
[2020-09-03T11:17:07.411+0000][23984][gc,task      ] GC(328) Using 2 workers of 2 for marking
[2020-09-03T11:17:07.569+0000][23984][gc,marking   ] GC(328) Concurrent Mark From Roots 158.275ms
[2020-09-03T11:17:07.569+0000][23984][gc,marking   ] GC(328) Concurrent Preclean
[2020-09-03T11:17:07.570+0000][23984][gc,marking   ] GC(328) Concurrent Preclean 0.542ms
[2020-09-03T11:17:07.570+0000][23984][gc,marking   ] GC(328) Concurrent Mark (176.412s, 176.571s) 159.005ms
[2020-09-03T11:17:07.570+0000][23984][gc,start     ] GC(328) Pause Remark
[2020-09-03T11:17:07.579+0000][23984][gc           ] GC(328) Pause Remark 264M->264M(1024M) 8.941ms
[2020-09-03T11:17:07.579+0000][23984][gc,cpu       ] GC(328) User=0.09s Sys=0.00s Real=0.01s
[2020-09-03T11:17:07.579+0000][23984][safepoint    ] Safepoint "G1Concurrent", Time since last: 161722200 ns, Reaching safepoint: 150200 ns, At safepoint: 9188200 ns, Total: 9338400 ns
[2020-09-03T11:17:07.580+0000][23984][gc,marking   ] GC(328) Concurrent Rebuild Remembered Sets
[2020-09-03T11:17:07.685+0000][23984][gc,marking   ] GC(328) Concurrent Rebuild Remembered Sets 105.815ms
[2020-09-03T11:17:07.686+0000][23984][gc,start     ] GC(328) Pause Cleanup
[2020-09-03T11:17:07.686+0000][23984][gc           ] GC(328) Pause Cleanup 327M->327M(1024M) 0.308ms
[2020-09-03T11:17:07.686+0000][23984][gc,cpu       ] GC(328) User=0.00s Sys=0.00s Real=0.00s
[2020-09-03T11:17:07.686+0000][23984][safepoint    ] Safepoint "G1Concurrent", Time since last: 106007400 ns, Reaching safepoint: 212100 ns, At safepoint: 432000 ns, Total: 644100 ns
[2020-09-03T11:17:07.686+0000][23984][gc,marking   ] GC(328) Concurrent Cleanup for Next Mark
[2020-09-03T11:17:07.689+0000][23984][gc,marking   ] GC(328) Concurrent Cleanup for Next Mark 2.514ms
[2020-09-03T11:17:07.689+0000][23984][gc           ] GC(328) Concurrent Cycle 280.539ms
[2020-09-03T11:17:07.869+0000][23984][gc,start     ] GC(329) Pause Young (Concurrent Start) (G1 Humongous Allocation)
[2020-09-03T11:17:07.869+0000][23984][gc,task      ] GC(329) Using 8 workers of 8 for evacuation
[2020-09-03T11:17:07.869+0000][23984][gc,age       ] GC(329) Desired survivor size 33030144 bytes, new threshold 15 (max threshold 15)
[2020-09-03T11:17:07.874+0000][23984][gc,age       ] GC(329) Age table with threshold 15 (max threshold 15)
[2020-09-03T11:17:07.874+0000][23984][gc,age       ] GC(329) - age   1:   13545256 bytes,   13545256 total
[2020-09-03T11:17:07.874+0000][23984][gc,age       ] GC(329) - age   2:      27192 bytes,   13572448 total
[2020-09-03T11:17:07.874+0000][23984][gc,age       ] GC(329) - age   3:       2904 bytes,   13575352 total
[2020-09-03T11:17:07.874+0000][23984][gc,age       ] GC(329) - age   4:       1672 bytes,   13577024 total
[2020-09-03T11:17:07.874+0000][23984][gc,age       ] GC(329) - age   5:       1696 bytes,   13578720 total
[2020-09-03T11:17:07.874+0000][23984][gc,age       ] GC(329) - age   6:        656 bytes,   13579376 total
[2020-09-03T11:17:07.874+0000][23984][gc,age       ] GC(329) - age   7:       1072 bytes,   13580448 total
[2020-09-03T11:17:07.874+0000][23984][gc,age       ] GC(329) - age   8:       1688 bytes,   13582136 total
[2020-09-03T11:17:07.874+0000][23984][gc,age       ] GC(329) - age   9:        224 bytes,   13582360 total
[2020-09-03T11:17:07.874+0000][23984][gc,age       ] GC(329) - age  10:      11840 bytes,   13594200 total
[2020-09-03T11:17:07.874+0000][23984][gc,age       ] GC(329) - age  11:      11520 bytes,   13605720 total
[2020-09-03T11:17:07.874+0000][23984][gc,age       ] GC(329) - age  12:      11072 bytes,   13616792 total
[2020-09-03T11:17:07.874+0000][23984][gc,age       ] GC(329) - age  13:        312 bytes,   13617104 total
[2020-09-03T11:17:07.874+0000][23984][gc,age       ] GC(329) - age  14:        192 bytes,   13617296 total
[2020-09-03T11:17:07.875+0000][23984][gc,age       ] GC(329) - age  15:        800 bytes,   13618096 total
[2020-09-03T11:17:07.875+0000][23984][gc,phases    ] GC(329)   Pre Evacuate Collection Set: 0.4ms
[2020-09-03T11:17:07.875+0000][23984][gc,phases    ] GC(329)   Merge Heap Roots: 0.1ms
[2020-09-03T11:17:07.875+0000][23984][gc,phases    ] GC(329)   Evacuate Collection Set: 3.9ms
[2020-09-03T11:17:07.875+0000][23984][gc,phases    ] GC(329)   Post Evacuate Collection Set: 0.6ms
[2020-09-03T11:17:07.875+0000][23984][gc,phases    ] GC(329)   Other: 0.8ms
[2020-09-03T11:17:07.875+0000][23984][gc,heap      ] GC(329) Eden regions: 60->0(482)
[2020-09-03T11:17:07.875+0000][23984][gc,heap      ] GC(329) Survivor regions: 2->14(63)
[2020-09-03T11:17:07.875+0000][23984][gc,heap      ] GC(329) Old regions: 78->78
[2020-09-03T11:17:07.875+0000][23984][gc,heap      ] GC(329) Archive regions: 0->0
[2020-09-03T11:17:07.875+0000][23984][gc,heap      ] GC(329) Humongous regions: 229->174
[2020-09-03T11:17:07.875+0000][23984][gc,metaspace ] GC(329) Metaspace: 86650K(93056K)->86650K(93056K) NonClass: 75636K(79360K)->75636K(79360K) Class: 11014K(13696K)->11014K(13696K)
[2020-09-03T11:17:07.875+0000][23984][gc           ] GC(329) Pause Young (Concurrent Start) (G1 Humongous Allocation) 367M->264M(1024M) 6.026ms
[2020-09-03T11:17:07.875+0000][23984][gc,cpu       ] GC(329) User=0.08s Sys=0.00s Real=0.01s
[2020-09-03T11:17:07.875+0000][23984][safepoint    ] Safepoint "G1TryInitiateConcMark", Time since last: 182346000 ns, Reaching safepoint: 324800 ns, At safepoint: 6215100 ns, Total: 6539900 ns
[2020-09-03T11:17:07.875+0000][23984][gc           ] GC(330) Concurrent Cycle
[2020-09-03T11:17:07.875+0000][23984][gc,marking   ] GC(330) Concurrent Clear Claimed Marks
[2020-09-03T11:17:07.876+0000][23984][gc,marking   ] GC(330) Concurrent Clear Claimed Marks 0.812ms
[2020-09-03T11:17:07.876+0000][23984][gc,marking   ] GC(330) Concurrent Scan Root Regions
[2020-09-03T11:17:07.878+0000][23984][gc,marking   ] GC(330) Concurrent Scan Root Regions 1.962ms
[2020-09-03T11:17:07.878+0000][23984][gc,marking   ] GC(330) Concurrent Mark (176.879s)
[2020-09-03T11:17:07.878+0000][23984][gc,marking   ] GC(330) Concurrent Mark From Roots
[2020-09-03T11:17:07.878+0000][23984][gc,task      ] GC(330) Using 2 workers of 2 for marking
[2020-09-03T11:17:08.025+0000][23984][gc,marking   ] GC(330) Concurrent Mark From Roots 146.889ms
[2020-09-03T11:17:08.025+0000][23984][gc,marking   ] GC(330) Concurrent Preclean
[2020-09-03T11:17:08.026+0000][23984][gc,marking   ] GC(330) Concurrent Preclean 0.585ms
[2020-09-03T11:17:08.026+0000][23984][gc,marking   ] GC(330) Concurrent Mark (176.879s, 177.027s) 147.658ms
[2020-09-03T11:17:08.026+0000][23984][gc,start     ] GC(330) Pause Remark
[2020-09-03T11:17:08.032+0000][23984][gc           ] GC(330) Pause Remark 503M->503M(1024M) 5.671ms
[2020-09-03T11:17:08.032+0000][23984][gc,cpu       ] GC(330) User=0.11s Sys=0.00s Real=0.01s
[2020-09-03T11:17:08.032+0000][23984][safepoint    ] Safepoint "G1Concurrent", Time since last: 150794700 ns, Reaching safepoint: 148900 ns, At safepoint: 5884200 ns, Total: 6033100 ns
[2020-09-03T11:17:08.032+0000][23984][gc,marking   ] GC(330) Concurrent Rebuild Remembered Sets
[2020-09-03T11:17:08.125+0000][23984][gc,marking   ] GC(330) Concurrent Rebuild Remembered Sets 93.195ms
[2020-09-03T11:17:08.126+0000][23984][gc,start     ] GC(330) Pause Cleanup
[2020-09-03T11:17:08.126+0000][23984][gc           ] GC(330) Pause Cleanup 573M->573M(1024M) 0.320ms
[2020-09-03T11:17:08.126+0000][23984][gc,cpu       ] GC(330) User=0.00s Sys=0.00s Real=0.00s
[2020-09-03T11:17:08.126+0000][23984][safepoint    ] Safepoint "G1Concurrent", Time since last: 93382400 ns, Reaching safepoint: 305200 ns, At safepoint: 492900 ns, Total: 798100 ns
[2020-09-03T11:17:08.126+0000][23984][gc,marking   ] GC(330) Concurrent Cleanup for Next Mark
[2020-09-03T11:17:08.128+0000][23984][gc,marking   ] GC(330) Concurrent Cleanup for Next Mark 1.595ms
[2020-09-03T11:17:08.128+0000][23984][gc           ] GC(330) Concurrent Cycle 252.775ms
[2020-09-03T11:17:08.270+0000][23984][gc,start     ] GC(331) Pause Young (Concurrent Start) (G1 Humongous Allocation)
[2020-09-03T11:17:08.270+0000][23984][gc,task      ] GC(331) Using 8 workers of 8 for evacuation
[2020-09-03T11:17:08.270+0000][23984][gc,age       ] GC(331) Desired survivor size 32505856 bytes, new threshold 15 (max threshold 15)
[2020-09-03T11:17:08.274+0000][23984][gc,age       ] GC(331) Age table with threshold 15 (max threshold 15)
[2020-09-03T11:17:08.274+0000][23984][gc,age       ] GC(331) - age   1:    3897344 bytes,    3897344 total
[2020-09-03T11:17:08.274+0000][23984][gc,age       ] GC(331) - age   2:      20248 bytes,    3917592 total
[2020-09-03T11:17:08.274+0000][23984][gc,age       ] GC(331) - age   3:      18688 bytes,    3936280 total
[2020-09-03T11:17:08.274+0000][23984][gc,age       ] GC(331) - age   4:       2344 bytes,    3938624 total
[2020-09-03T11:17:08.274+0000][23984][gc,age       ] GC(331) - age   5:       1432 bytes,    3940056 total
[2020-09-03T11:17:08.274+0000][23984][gc,age       ] GC(331) - age   6:       1312 bytes,    3941368 total
[2020-09-03T11:17:08.274+0000][23984][gc,age       ] GC(331) - age   7:        624 bytes,    3941992 total
[2020-09-03T11:17:08.274+0000][23984][gc,age       ] GC(331) - age   8:       1040 bytes,    3943032 total
[2020-09-03T11:17:08.274+0000][23984][gc,age       ] GC(331) - age   9:       1688 bytes,    3944720 total
[2020-09-03T11:17:08.274+0000][23984][gc,age       ] GC(331) - age  10:        224 bytes,    3944944 total
[2020-09-03T11:17:08.274+0000][23984][gc,age       ] GC(331) - age  11:      11840 bytes,    3956784 total
[2020-09-03T11:17:08.274+0000][23984][gc,age       ] GC(331) - age  12:      11520 bytes,    3968304 total
[2020-09-03T11:17:08.274+0000][23984][gc,age       ] GC(331) - age  13:      11072 bytes,    3979376 total
[2020-09-03T11:17:08.274+0000][23984][gc,age       ] GC(331) - age  14:        312 bytes,    3979688 total
[2020-09-03T11:17:08.274+0000][23984][gc,age       ] GC(331) - age  15:        192 bytes,    3979880 total
[2020-09-03T11:17:08.274+0000][23984][gc,phases    ] GC(331)   Pre Evacuate Collection Set: 0.5ms
[2020-09-03T11:17:08.274+0000][23984][gc,phases    ] GC(331)   Merge Heap Roots: 0.1ms
[2020-09-03T11:17:08.274+0000][23984][gc,phases    ] GC(331)   Evacuate Collection Set: 2.2ms
[2020-09-03T11:17:08.274+0000][23984][gc,phases    ] GC(331)   Post Evacuate Collection Set: 0.7ms
[2020-09-03T11:17:08.274+0000][23984][gc,phases    ] GC(331)   Other: 0.7ms
[2020-09-03T11:17:08.274+0000][23984][gc,heap      ] GC(331) Eden regions: 77->0(494)
[2020-09-03T11:17:08.274+0000][23984][gc,heap      ] GC(331) Survivor regions: 14->4(62)
[2020-09-03T11:17:08.274+0000][23984][gc,heap      ] GC(331) Old regions: 78->78
[2020-09-03T11:17:08.274+0000][23984][gc,heap      ] GC(331) Archive regions: 0->0
[2020-09-03T11:17:08.274+0000][23984][gc,heap      ] GC(331) Humongous regions: 426->174
[2020-09-03T11:17:08.274+0000][23984][gc,metaspace ] GC(331) Metaspace: 86650K(93056K)->86650K(93056K) NonClass: 75636K(79360K)->75636K(79360K) Class: 11014K(13696K)->11014K(13696K)
[2020-09-03T11:17:08.274+0000][23984][gc           ] GC(331) Pause Young (Concurrent Start) (G1 Humongous Allocation) 593M->255M(1024M) 4.463ms
[2020-09-03T11:17:08.274+0000][23984][gc,cpu       ] GC(331) User=0.00s Sys=0.00s Real=0.00s
[2020-09-03T11:17:08.274+0000][23984][safepoint    ] Safepoint "G1TryInitiateConcMark", Time since last: 143598300 ns, Reaching safepoint: 153200 ns, At safepoint: 4588400 ns, Total: 4741600 ns
[2020-09-03T11:17:08.274+0000][23984][gc           ] GC(332) Concurrent Cycle
[2020-09-03T11:17:08.274+0000][23984][gc,marking   ] GC(332) Concurrent Clear Claimed Marks
[2020-09-03T11:17:08.275+0000][23984][gc,marking   ] GC(332) Concurrent Clear Claimed Marks 0.328ms
[2020-09-03T11:17:08.275+0000][23984][gc,marking   ] GC(332) Concurrent Scan Root Regions
[2020-09-03T11:17:08.277+0000][23984][gc,marking   ] GC(332) Concurrent Scan Root Regions 2.046ms
[2020-09-03T11:17:08.277+0000][23984][gc,marking   ] GC(332) Concurrent Mark (177.278s)
[2020-09-03T11:17:08.277+0000][23984][gc,marking   ] GC(332) Concurrent Mark From Roots
[2020-09-03T11:17:08.277+0000][23984][gc,task      ] GC(332) Using 2 workers of 2 for marking
[2020-09-03T11:17:08.405+0000][23984][gc,marking   ] GC(332) Concurrent Mark From Roots 128.247ms
[2020-09-03T11:17:08.405+0000][23984][gc,marking   ] GC(332) Concurrent Preclean
[2020-09-03T11:17:08.406+0000][23984][gc,marking   ] GC(332) Concurrent Preclean 0.601ms
[2020-09-03T11:17:08.406+0000][23984][gc,marking   ] GC(332) Concurrent Mark (177.278s, 177.407s) 129.016ms
[2020-09-03T11:17:08.406+0000][23984][gc,start     ] GC(332) Pause Remark
[2020-09-03T11:17:08.412+0000][23984][gc           ] GC(332) Pause Remark 320M->320M(1024M) 5.715ms
[2020-09-03T11:17:08.412+0000][23984][gc,cpu       ] GC(332) User=0.00s Sys=0.00s Real=0.01s
[2020-09-03T11:17:08.412+0000][23984][safepoint    ] Safepoint "G1Concurrent", Time since last: 131705700 ns, Reaching safepoint: 134400 ns, At safepoint: 5919900 ns, Total: 6054300 ns
[2020-09-03T11:17:08.412+0000][23984][gc,marking   ] GC(332) Concurrent Rebuild Remembered Sets
[2020-09-03T11:17:08.497+0000][23984][gc,marking   ] GC(332) Concurrent Rebuild Remembered Sets 84.653ms
[2020-09-03T11:17:08.497+0000][23984][gc,start     ] GC(332) Pause Cleanup
[2020-09-03T11:17:08.497+0000][23984][gc           ] GC(332) Pause Cleanup 389M->389M(1024M) 0.267ms
[2020-09-03T11:17:08.497+0000][23984][gc,cpu       ] GC(332) User=0.00s Sys=0.00s Real=0.00s
[2020-09-03T11:17:08.497+0000][23984][safepoint    ] Safepoint "G1Concurrent", Time since last: 84812300 ns, Reaching safepoint: 139200 ns, At safepoint: 398600 ns, Total: 537800 ns
[2020-09-03T11:17:08.498+0000][23984][gc,marking   ] GC(332) Concurrent Cleanup for Next Mark
[2020-09-03T11:17:08.499+0000][23984][gc,marking   ] GC(332) Concurrent Cleanup for Next Mark 1.271ms
[2020-09-03T11:17:08.499+0000][23984][gc           ] GC(332) Concurrent Cycle 224.533ms
[2020-09-03T11:17:08.588+0000][23984][gc,start     ] GC(333) Pause Young (Concurrent Start) (G1 Humongous Allocation)
[2020-09-03T11:17:08.588+0000][23984][gc,task      ] GC(333) Using 8 workers of 8 for evacuation
[2020-09-03T11:17:08.588+0000][23984][gc,age       ] GC(333) Desired survivor size 33030144 bytes, new threshold 15 (max threshold 15)
[2020-09-03T11:17:08.592+0000][23984][gc,age       ] GC(333) Age table with threshold 15 (max threshold 15)
[2020-09-03T11:17:08.592+0000][23984][gc,age       ] GC(333) - age   1:    3309712 bytes,    3309712 total
[2020-09-03T11:17:08.592+0000][23984][gc,age       ] GC(333) - age   2:     599208 bytes,    3908920 total
[2020-09-03T11:17:08.592+0000][23984][gc,age       ] GC(333) - age   3:      16600 bytes,    3925520 total
[2020-09-03T11:17:08.592+0000][23984][gc,age       ] GC(333) - age   4:      18280 bytes,    3943800 total
[2020-09-03T11:17:08.592+0000][23984][gc,age       ] GC(333) - age   5:       1992 bytes,    3945792 total
[2020-09-03T11:17:08.592+0000][23984][gc,age       ] GC(333) - age   6:       1336 bytes,    3947128 total
[2020-09-03T11:17:08.592+0000][23984][gc,age       ] GC(333) - age   7:       1312 bytes,    3948440 total
[2020-09-03T11:17:08.592+0000][23984][gc,age       ] GC(333) - age   8:        624 bytes,    3949064 total
[2020-09-03T11:17:08.592+0000][23984][gc,age       ] GC(333) - age   9:       1008 bytes,    3950072 total
[2020-09-03T11:17:08.592+0000][23984][gc,age       ] GC(333) - age  10:       1688 bytes,    3951760 total
[2020-09-03T11:17:08.592+0000][23984][gc,age       ] GC(333) - age  11:        224 bytes,    3951984 total
[2020-09-03T11:17:08.592+0000][23984][gc,age       ] GC(333) - age  12:      11840 bytes,    3963824 total
[2020-09-03T11:17:08.592+0000][23984][gc,age       ] GC(333) - age  13:      11520 bytes,    3975344 total
[2020-09-03T11:17:08.592+0000][23984][gc,age       ] GC(333) - age  14:      11072 bytes,    3986416 total
[2020-09-03T11:17:08.592+0000][23984][gc,age       ] GC(333) - age  15:        312 bytes,    3986728 total
[2020-09-03T11:17:08.592+0000][23984][gc,phases    ] GC(333)   Pre Evacuate Collection Set: 0.4ms
[2020-09-03T11:17:08.592+0000][23984][gc,phases    ] GC(333)   Merge Heap Roots: 0.1ms
[2020-09-03T11:17:08.592+0000][23984][gc,phases    ] GC(333)   Evacuate Collection Set: 2.0ms
[2020-09-03T11:17:08.592+0000][23984][gc,phases    ] GC(333)   Post Evacuate Collection Set: 0.6ms
[2020-09-03T11:17:08.592+0000][23984][gc,phases    ] GC(333)   Other: 0.7ms
[2020-09-03T11:17:08.592+0000][23984][gc,heap      ] GC(333) Eden regions: 41->0(496)
[2020-09-03T11:17:08.592+0000][23984][gc,heap      ] GC(333) Survivor regions: 4->4(63)
[2020-09-03T11:17:08.592+0000][23984][gc,heap      ] GC(333) Old regions: 78->78
[2020-09-03T11:17:08.592+0000][23984][gc,heap      ] GC(333) Archive regions: 0->0
[2020-09-03T11:17:08.592+0000][23984][gc,heap      ] GC(333) Humongous regions: 278->174
[2020-09-03T11:17:08.592+0000][23984][gc,metaspace ] GC(333) Metaspace: 86650K(93056K)->86650K(93056K) NonClass: 75636K(79360K)->75636K(79360K) Class: 11014K(13696K)->11014K(13696K)
[2020-09-03T11:17:08.592+0000][23984][gc           ] GC(333) Pause Young (Concurrent Start) (G1 Humongous Allocation) 400M->255M(1024M) 3.987ms
[2020-09-03T11:17:08.592+0000][23984][gc,cpu       ] GC(333) User=0.02s Sys=0.00s Real=0.00s
[2020-09-03T11:17:08.592+0000][23984][safepoint    ] Safepoint "G1TryInitiateConcMark", Time since last: 90695300 ns, Reaching safepoint: 124800 ns, At safepoint: 4103700 ns, Total: 4228500 ns
[2020-09-03T11:17:08.592+0000][23984][gc           ] GC(334) Concurrent Cycle
[2020-09-03T11:17:08.592+0000][23984][gc,marking   ] GC(334) Concurrent Clear Claimed Marks
[2020-09-03T11:17:08.593+0000][23984][gc,marking   ] GC(334) Concurrent Clear Claimed Marks 0.439ms
[2020-09-03T11:17:08.593+0000][23984][gc,marking   ] GC(334) Concurrent Scan Root Regions
[2020-09-03T11:17:08.595+0000][23984][gc,marking   ] GC(334) Concurrent Scan Root Regions 2.048ms
[2020-09-03T11:17:08.595+0000][23984][gc,marking   ] GC(334) Concurrent Mark (177.596s)
[2020-09-03T11:17:08.595+0000][23984][gc,marking   ] GC(334) Concurrent Mark From Roots
[2020-09-03T11:17:08.595+0000][23984][gc,task      ] GC(334) Using 2 workers of 2 for marking
[2020-09-03T11:17:08.712+0000][23984][gc,marking   ] GC(334) Concurrent Mark From Roots 117.307ms
[2020-09-03T11:17:08.713+0000][23984][gc,marking   ] GC(334) Concurrent Preclean
[2020-09-03T11:17:08.713+0000][23984][gc,marking   ] GC(334) Concurrent Preclean 0.542ms
[2020-09-03T11:17:08.713+0000][23984][gc,marking   ] GC(334) Concurrent Mark (177.596s, 177.714s) 118.026ms
[2020-09-03T11:17:08.713+0000][23984][gc,start     ] GC(334) Pause Remark
[2020-09-03T11:17:08.720+0000][23984][gc           ] GC(334) Pause Remark 319M->319M(1024M) 6.577ms
[2020-09-03T11:17:08.720+0000][23984][gc,cpu       ] GC(334) User=0.09s Sys=0.00s Real=0.01s
[2020-09-03T11:17:08.720+0000][23984][safepoint    ] Safepoint "G1Concurrent", Time since last: 120850300 ns, Reaching safepoint: 149500 ns, At safepoint: 6845300 ns, Total: 6994800 ns
[2020-09-03T11:17:08.720+0000][23984][gc,marking   ] GC(334) Concurrent Rebuild Remembered Sets
[2020-09-03T11:17:08.796+0000][23984][gc,marking   ] GC(334) Concurrent Rebuild Remembered Sets 75.541ms
[2020-09-03T11:17:08.796+0000][23984][gc,start     ] GC(334) Pause Cleanup
[2020-09-03T11:17:08.796+0000][23984][gc           ] GC(334) Pause Cleanup 389M->389M(1024M) 0.285ms
[2020-09-03T11:17:08.796+0000][23984][gc,cpu       ] GC(334) User=0.00s Sys=0.00s Real=0.00s
[2020-09-03T11:17:08.797+0000][23984][safepoint    ] Safepoint "G1Concurrent", Time since last: 75712000 ns, Reaching safepoint: 132700 ns, At safepoint: 488100 ns, Total: 620800 ns
[2020-09-03T11:17:08.797+0000][23984][gc,marking   ] GC(334) Concurrent Cleanup for Next Mark
[2020-09-03T11:17:08.798+0000][23984][gc,marking   ] GC(334) Concurrent Cleanup for Next Mark 1.239ms
[2020-09-03T11:17:08.798+0000][23984][gc           ] GC(334) Concurrent Cycle 205.597ms
[2020-09-03T11:17:08.892+0000][23984][gc,start     ] GC(335) Pause Young (Concurrent Start) (G1 Humongous Allocation)
[2020-09-03T11:17:08.893+0000][23984][gc,task      ] GC(335) Using 8 workers of 8 for evacuation
[2020-09-03T11:17:08.893+0000][23984][gc,age       ] GC(335) Desired survivor size 33030144 bytes, new threshold 15 (max threshold 15)
[2020-09-03T11:17:08.896+0000][23984][gc,age       ] GC(335) Age table with threshold 15 (max threshold 15)
[2020-09-03T11:17:08.896+0000][23984][gc,age       ] GC(335) - age   1:    3187304 bytes,    3187304 total
[2020-09-03T11:17:08.896+0000][23984][gc,age       ] GC(335) - age   2:     406808 bytes,    3594112 total
[2020-09-03T11:17:08.896+0000][23984][gc,age       ] GC(335) - age   3:     201608 bytes,    3795720 total
[2020-09-03T11:17:08.896+0000][23984][gc,age       ] GC(335) - age   4:      13984 bytes,    3809704 total
[2020-09-03T11:17:08.896+0000][23984][gc,age       ] GC(335) - age   5:      18248 bytes,    3827952 total
[2020-09-03T11:17:08.896+0000][23984][gc,age       ] GC(335) - age   6:       1672 bytes,    3829624 total
[2020-09-03T11:17:08.896+0000][23984][gc,age       ] GC(335) - age   7:       1336 bytes,    3830960 total
[2020-09-03T11:17:08.896+0000][23984][gc,age       ] GC(335) - age   8:       1184 bytes,    3832144 total
[2020-09-03T11:17:08.896+0000][23984][gc,age       ] GC(335) - age   9:        624 bytes,    3832768 total
[2020-09-03T11:17:08.896+0000][23984][gc,age       ] GC(335) - age  10:       1008 bytes,    3833776 total
[2020-09-03T11:17:08.896+0000][23984][gc,age       ] GC(335) - age  11:       1688 bytes,    3835464 total
[2020-09-03T11:17:08.896+0000][23984][gc,age       ] GC(335) - age  12:         96 bytes,    3835560 total
[2020-09-03T11:17:08.896+0000][23984][gc,age       ] GC(335) - age  13:      11840 bytes,    3847400 total
[2020-09-03T11:17:08.896+0000][23984][gc,age       ] GC(335) - age  14:      11520 bytes,    3858920 total
[2020-09-03T11:17:08.896+0000][23984][gc,age       ] GC(335) - age  15:      11072 bytes,    3869992 total
[2020-09-03T11:17:08.896+0000][23984][gc,phases    ] GC(335)   Pre Evacuate Collection Set: 0.3ms
[2020-09-03T11:17:08.896+0000][23984][gc,phases    ] GC(335)   Merge Heap Roots: 0.1ms
[2020-09-03T11:17:08.896+0000][23984][gc,phases    ] GC(335)   Evacuate Collection Set: 2.0ms
[2020-09-03T11:17:08.896+0000][23984][gc,phases    ] GC(335)   Post Evacuate Collection Set: 0.8ms
[2020-09-03T11:17:08.896+0000][23984][gc,phases    ] GC(335)   Other: 0.7ms
[2020-09-03T11:17:08.896+0000][23984][gc,heap      ] GC(335) Eden regions: 40->0(498)
[2020-09-03T11:17:08.896+0000][23984][gc,heap      ] GC(335) Survivor regions: 4->4(63)
[2020-09-03T11:17:08.896+0000][23984][gc,heap      ] GC(335) Old regions: 78->78
[2020-09-03T11:17:08.897+0000][23984][gc,heap      ] GC(335) Archive regions: 0->0
[2020-09-03T11:17:08.897+0000][23984][gc,heap      ] GC(335) Humongous regions: 278->174
[2020-09-03T11:17:08.897+0000][23984][gc,metaspace ] GC(335) Metaspace: 86650K(93056K)->86650K(93056K) NonClass: 75636K(79360K)->75636K(79360K) Class: 11014K(13696K)->11014K(13696K)
[2020-09-03T11:17:08.897+0000][23984][gc           ] GC(335) Pause Young (Concurrent Start) (G1 Humongous Allocation) 399M->255M(1024M) 4.118ms
[2020-09-03T11:17:08.897+0000][23984][gc,cpu       ] GC(335) User=0.00s Sys=0.00s Real=0.01s
[2020-09-03T11:17:08.897+0000][23984][safepoint    ] Safepoint "G1TryInitiateConcMark", Time since last: 95759100 ns, Reaching safepoint: 128300 ns, At safepoint: 4238000 ns, Total: 4366300 ns
[2020-09-03T11:17:08.897+0000][23984][gc           ] GC(336) Concurrent Cycle
[2020-09-03T11:17:08.897+0000][23984][gc,marking   ] GC(336) Concurrent Clear Claimed Marks
[2020-09-03T11:17:08.897+0000][23984][gc,marking   ] GC(336) Concurrent Clear Claimed Marks 0.316ms
[2020-09-03T11:17:08.897+0000][23984][gc,marking   ] GC(336) Concurrent Scan Root Regions
[2020-09-03T11:17:08.900+0000][23984][gc,marking   ] GC(336) Concurrent Scan Root Regions 2.371ms
[2020-09-03T11:17:08.900+0000][23984][gc,marking   ] GC(336) Concurrent Mark (177.901s)
[2020-09-03T11:17:08.900+0000][23984][gc,marking   ] GC(336) Concurrent Mark From Roots
[2020-09-03T11:17:08.900+0000][23984][gc,task      ] GC(336) Using 2 workers of 2 for marking
[2020-09-03T11:17:09.020+0000][23984][gc,marking   ] GC(336) Concurrent Mark From Roots 120.445ms
[2020-09-03T11:17:09.020+0000][23984][gc,marking   ] GC(336) Concurrent Preclean
[2020-09-03T11:17:09.021+0000][23984][gc,marking   ] GC(336) Concurrent Preclean 0.442ms
[2020-09-03T11:17:09.021+0000][23984][gc,marking   ] GC(336) Concurrent Mark (177.901s, 178.022s) 121.068ms
[2020-09-03T11:17:09.021+0000][23984][gc,start     ] GC(336) Pause Remark
[2020-09-03T11:17:09.028+0000][23984][gc           ] GC(336) Pause Remark 314M->314M(1024M) 6.731ms
[2020-09-03T11:17:09.028+0000][23984][gc,cpu       ] GC(336) User=0.00s Sys=0.00s Real=0.01s
[2020-09-03T11:17:09.028+0000][23984][safepoint    ] Safepoint "G1Concurrent", Time since last: 124166100 ns, Reaching safepoint: 149900 ns, At safepoint: 6928700 ns, Total: 7078600 ns
[2020-09-03T11:17:09.028+0000][23984][gc,marking   ] GC(336) Concurrent Rebuild Remembered Sets
[2020-09-03T11:17:09.118+0000][23984][gc,marking   ] GC(336) Concurrent Rebuild Remembered Sets 89.765ms
[2020-09-03T11:17:09.118+0000][23984][gc,start     ] GC(336) Pause Cleanup
[2020-09-03T11:17:09.119+0000][23984][gc           ] GC(336) Pause Cleanup 504M->504M(1024M) 0.359ms
[2020-09-03T11:17:09.119+0000][23984][gc,cpu       ] GC(336) User=0.00s Sys=0.00s Real=0.00s
[2020-09-03T11:17:09.121+0000][23984][safepoint    ] Safepoint "G1Concurrent", Time since last: 89941100 ns, Reaching safepoint: 258700 ns, At safepoint: 2399100 ns, Total: 2657800 ns
[2020-09-03T11:17:09.121+0000][23984][gc,marking   ] GC(336) Concurrent Cleanup for Next Mark
[2020-09-03T11:17:09.122+0000][23984][gc,marking   ] GC(336) Concurrent Cleanup for Next Mark 1.603ms
[2020-09-03T11:17:09.122+0000][23984][gc           ] GC(336) Concurrent Cycle 225.663ms
[2020-09-03T11:17:09.147+0000][23984][gc,start     ] GC(337) Pause Young (Concurrent Start) (G1 Humongous Allocation)
[2020-09-03T11:17:09.147+0000][23984][gc,task      ] GC(337) Using 8 workers of 8 for evacuation
[2020-09-03T11:17:09.147+0000][23984][gc,age       ] GC(337) Desired survivor size 33030144 bytes, new threshold 15 (max threshold 15)
[2020-09-03T11:17:09.151+0000][23984][gc,age       ] GC(337) Age table with threshold 15 (max threshold 15)
[2020-09-03T11:17:09.151+0000][23984][gc,age       ] GC(337) - age   1:    7036784 bytes,    7036784 total
[2020-09-03T11:17:09.151+0000][23984][gc,age       ] GC(337) - age   2:       3560 bytes,    7040344 total
[2020-09-03T11:17:09.151+0000][23984][gc,age       ] GC(337) - age   3:       2096 bytes,    7042440 total
[2020-09-03T11:17:09.151+0000][23984][gc,age       ] GC(337) - age   4:       2088 bytes,    7044528 total
[2020-09-03T11:17:09.151+0000][23984][gc,age       ] GC(337) - age   5:      12360 bytes,    7056888 total
[2020-09-03T11:17:09.151+0000][23984][gc,age       ] GC(337) - age   6:      17608 bytes,    7074496 total
[2020-09-03T11:17:09.151+0000][23984][gc,age       ] GC(337) - age   7:       1672 bytes,    7076168 total
[2020-09-03T11:17:09.151+0000][23984][gc,age       ] GC(337) - age   8:       1336 bytes,    7077504 total
[2020-09-03T11:17:09.151+0000][23984][gc,age       ] GC(337) - age   9:       1120 bytes,    7078624 total
[2020-09-03T11:17:09.151+0000][23984][gc,age       ] GC(337) - age  10:        624 bytes,    7079248 total
[2020-09-03T11:17:09.151+0000][23984][gc,age       ] GC(337) - age  11:       1008 bytes,    7080256 total
[2020-09-03T11:17:09.151+0000][23984][gc,age       ] GC(337) - age  12:       1688 bytes,    7081944 total
[2020-09-03T11:17:09.151+0000][23984][gc,age       ] GC(337) - age  13:         96 bytes,    7082040 total
[2020-09-03T11:17:09.151+0000][23984][gc,age       ] GC(337) - age  14:      11840 bytes,    7093880 total
[2020-09-03T11:17:09.151+0000][23984][gc,age       ] GC(337) - age  15:      11520 bytes,    7105400 total
[2020-09-03T11:17:09.152+0000][23984][gc,phases    ] GC(337)   Pre Evacuate Collection Set: 0.5ms
[2020-09-03T11:17:09.152+0000][23984][gc,phases    ] GC(337)   Merge Heap Roots: 0.1ms
[2020-09-03T11:17:09.152+0000][23984][gc,phases    ] GC(337)   Evacuate Collection Set: 2.5ms
[2020-09-03T11:17:09.152+0000][23984][gc,phases    ] GC(337)   Post Evacuate Collection Set: 1.0ms
[2020-09-03T11:17:09.152+0000][23984][gc,phases    ] GC(337)   Other: 1.0ms
[2020-09-03T11:17:09.152+0000][23984][gc,heap      ] GC(337) Eden regions: 69->0(493)
[2020-09-03T11:17:09.152+0000][23984][gc,heap      ] GC(337) Survivor regions: 4->7(63)
[2020-09-03T11:17:09.152+0000][23984][gc,heap      ] GC(337) Old regions: 78->78
[2020-09-03T11:17:09.152+0000][23984][gc,heap      ] GC(337) Archive regions: 0->0
[2020-09-03T11:17:09.152+0000][23984][gc,heap      ] GC(337) Humongous regions: 378->174
[2020-09-03T11:17:09.152+0000][23984][gc,metaspace ] GC(337) Metaspace: 86668K(93056K)->86668K(93056K) NonClass: 75653K(79360K)->75653K(79360K) Class: 11014K(13696K)->11014K(13696K)
[2020-09-03T11:17:09.152+0000][23984][gc           ] GC(337) Pause Young (Concurrent Start) (G1 Humongous Allocation) 527M->258M(1024M) 5.473ms
[2020-09-03T11:17:09.152+0000][23984][gc,cpu       ] GC(337) User=0.00s Sys=0.00s Real=0.00s
[2020-09-03T11:17:09.152+0000][23984][gc           ] GC(338) Concurrent Cycle
[2020-09-03T11:17:09.152+0000][23984][gc,marking   ] GC(338) Concurrent Clear Claimed Marks
[2020-09-03T11:17:09.152+0000][23984][safepoint    ] Safepoint "G1TryInitiateConcMark", Time since last: 25791100 ns, Reaching safepoint: 164600 ns, At safepoint: 5841700 ns, Total: 6006300 ns
[2020-09-03T11:17:09.152+0000][23984][gc,marking   ] GC(338) Concurrent Clear Claimed Marks 0.278ms
[2020-09-03T11:17:09.153+0000][23984][gc,marking   ] GC(338) Concurrent Scan Root Regions
[2020-09-03T11:17:09.155+0000][23984][gc,marking   ] GC(338) Concurrent Scan Root Regions 2.083ms
[2020-09-03T11:17:09.155+0000][23984][gc,marking   ] GC(338) Concurrent Mark (178.156s)
[2020-09-03T11:17:09.155+0000][23984][gc,marking   ] GC(338) Concurrent Mark From Roots
[2020-09-03T11:17:09.155+0000][23984][gc,task      ] GC(338) Using 2 workers of 2 for marking
[2020-09-03T11:17:09.306+0000][23984][gc,marking   ] GC(338) Concurrent Mark From Roots 150.804ms
[2020-09-03T11:17:09.306+0000][23984][gc,marking   ] GC(338) Concurrent Preclean
[2020-09-03T11:17:09.306+0000][23984][gc,marking   ] GC(338) Concurrent Preclean 0.585ms
[2020-09-03T11:17:09.306+0000][23984][gc,marking   ] GC(338) Concurrent Mark (178.156s, 178.308s) 151.591ms
[2020-09-03T11:17:09.307+0000][23984][gc,start     ] GC(338) Pause Remark
[2020-09-03T11:17:09.313+0000][23984][gc           ] GC(338) Pause Remark 322M->322M(1024M) 6.717ms
[2020-09-03T11:17:09.313+0000][23984][gc,cpu       ] GC(338) User=0.09s Sys=0.00s Real=0.01s
[2020-09-03T11:17:09.314+0000][23984][safepoint    ] Safepoint "G1Concurrent", Time since last: 154093000 ns, Reaching safepoint: 188800 ns, At safepoint: 6947300 ns, Total: 7136100 ns
[2020-09-03T11:17:09.314+0000][23984][gc,marking   ] GC(338) Concurrent Rebuild Remembered Sets
[2020-09-03T11:17:09.410+0000][23984][gc,marking   ] GC(338) Concurrent Rebuild Remembered Sets 96.633ms
[2020-09-03T11:17:09.411+0000][23984][gc,start     ] GC(338) Pause Cleanup
[2020-09-03T11:17:09.411+0000][23984][gc           ] GC(338) Pause Cleanup 397M->397M(1024M) 0.317ms
[2020-09-03T11:17:09.411+0000][23984][gc,cpu       ] GC(338) User=0.00s Sys=0.00s Real=0.00s
[2020-09-03T11:17:09.411+0000][23984][safepoint    ] Safepoint "G1Concurrent", Time since last: 96825300 ns, Reaching safepoint: 164700 ns, At safepoint: 492400 ns, Total: 657100 ns
[2020-09-03T11:17:09.411+0000][23984][gc,marking   ] GC(338) Concurrent Cleanup for Next Mark
[2020-09-03T11:17:09.413+0000][23984][gc,marking   ] GC(338) Concurrent Cleanup for Next Mark 1.689ms
[2020-09-03T11:17:09.413+0000][23984][gc           ] GC(338) Concurrent Cycle 260.812ms
[2020-09-03T11:17:09.543+0000][23984][gc,start     ] GC(339) Pause Young (Concurrent Start) (G1 Humongous Allocation)
[2020-09-03T11:17:09.543+0000][23984][gc,task      ] GC(339) Using 8 workers of 8 for evacuation
[2020-09-03T11:17:09.544+0000][23984][gc,age       ] GC(339) Desired survivor size 33030144 bytes, new threshold 15 (max threshold 15)
[2020-09-03T11:17:09.548+0000][23984][gc,age       ] GC(339) Age table with threshold 15 (max threshold 15)
[2020-09-03T11:17:09.548+0000][23984][gc,age       ] GC(339) - age   1:    7154896 bytes,    7154896 total
[2020-09-03T11:17:09.548+0000][23984][gc,age       ] GC(339) - age   2:      12304 bytes,    7167200 total
[2020-09-03T11:17:09.548+0000][23984][gc,age       ] GC(339) - age   3:       3192 bytes,    7170392 total
[2020-09-03T11:17:09.548+0000][23984][gc,age       ] GC(339) - age   4:       1616 bytes,    7172008 total
[2020-09-03T11:17:09.548+0000][23984][gc,age       ] GC(339) - age   5:       1520 bytes,    7173528 total
[2020-09-03T11:17:09.548+0000][23984][gc,age       ] GC(339) - age   6:      11944 bytes,    7185472 total
[2020-09-03T11:17:09.548+0000][23984][gc,age       ] GC(339) - age   7:      17576 bytes,    7203048 total
[2020-09-03T11:17:09.548+0000][23984][gc,age       ] GC(339) - age   8:       1640 bytes,    7204688 total
[2020-09-03T11:17:09.548+0000][23984][gc,age       ] GC(339) - age   9:       1240 bytes,    7205928 total
[2020-09-03T11:17:09.548+0000][23984][gc,age       ] GC(339) - age  10:       1120 bytes,    7207048 total
[2020-09-03T11:17:09.548+0000][23984][gc,age       ] GC(339) - age  11:        592 bytes,    7207640 total
[2020-09-03T11:17:09.548+0000][23984][gc,age       ] GC(339) - age  12:       1008 bytes,    7208648 total
[2020-09-03T11:17:09.548+0000][23984][gc,age       ] GC(339) - age  13:       1688 bytes,    7210336 total
[2020-09-03T11:17:09.548+0000][23984][gc,age       ] GC(339) - age  14:         96 bytes,    7210432 total
[2020-09-03T11:17:09.548+0000][23984][gc,age       ] GC(339) - age  15:      11840 bytes,    7222272 total
[2020-09-03T11:17:09.548+0000][23984][gc,phases    ] GC(339)   Pre Evacuate Collection Set: 0.5ms
[2020-09-03T11:17:09.549+0000][23984][gc,phases    ] GC(339)   Merge Heap Roots: 0.1ms
[2020-09-03T11:17:09.549+0000][23984][gc,phases    ] GC(339)   Evacuate Collection Set: 2.8ms
[2020-09-03T11:17:09.549+0000][23984][gc,phases    ] GC(339)   Post Evacuate Collection Set: 0.7ms
[2020-09-03T11:17:09.549+0000][23984][gc,phases    ] GC(339)   Other: 1.1ms
[2020-09-03T11:17:09.549+0000][23984][gc,heap      ] GC(339) Eden regions: 60->0(491)
[2020-09-03T11:17:09.549+0000][23984][gc,heap      ] GC(339) Survivor regions: 7->7(63)
[2020-09-03T11:17:09.549+0000][23984][gc,heap      ] GC(339) Old regions: 78->78
[2020-09-03T11:17:09.549+0000][23984][gc,heap      ] GC(339) Archive regions: 0->0
[2020-09-03T11:17:09.549+0000][23984][gc,heap      ] GC(339) Humongous regions: 274->174
[2020-09-03T11:17:09.549+0000][23984][gc,metaspace ] GC(339) Metaspace: 86678K(93056K)->86678K(93056K) NonClass: 75663K(79360K)->75663K(79360K) Class: 11014K(13696K)->11014K(13696K)
[2020-09-03T11:17:09.549+0000][23984][gc           ] GC(339) Pause Young (Concurrent Start) (G1 Humongous Allocation) 418M->258M(1024M) 5.702ms
[2020-09-03T11:17:09.549+0000][23984][gc,cpu       ] GC(339) User=0.09s Sys=0.00s Real=0.01s
[2020-09-03T11:17:09.549+0000][23984][gc           ] GC(340) Concurrent Cycle
[2020-09-03T11:17:09.549+0000][23984][gc,marking   ] GC(340) Concurrent Clear Claimed Marks
[2020-09-03T11:17:09.549+0000][23984][safepoint    ] Safepoint "G1TryInitiateConcMark", Time since last: 132053200 ns, Reaching safepoint: 179300 ns, At safepoint: 6056100 ns, Total: 6235400 ns
[2020-09-03T11:17:09.550+0000][23984][gc,marking   ] GC(340) Concurrent Clear Claimed Marks 0.338ms
[2020-09-03T11:17:09.550+0000][23984][gc,marking   ] GC(340) Concurrent Scan Root Regions
[2020-09-03T11:17:09.552+0000][23984][gc,marking   ] GC(340) Concurrent Scan Root Regions 2.319ms
[2020-09-03T11:17:09.552+0000][23984][gc,marking   ] GC(340) Concurrent Mark (178.553s)
[2020-09-03T11:17:09.552+0000][23984][gc,marking   ] GC(340) Concurrent Mark From Roots
[2020-09-03T11:17:09.552+0000][23984][gc,task      ] GC(340) Using 2 workers of 2 for marking
[2020-09-03T11:17:09.706+0000][23984][gc,marking   ] GC(340) Concurrent Mark From Roots 153.463ms
[2020-09-03T11:17:09.706+0000][23984][gc,marking   ] GC(340) Concurrent Preclean
[2020-09-03T11:17:09.706+0000][23984][gc,marking   ] GC(340) Concurrent Preclean 0.591ms
[2020-09-03T11:17:09.706+0000][23984][gc,marking   ] GC(340) Concurrent Mark (178.553s, 178.708s) 154.244ms
[2020-09-03T11:17:09.707+0000][23984][gc,start     ] GC(340) Pause Remark
[2020-09-03T11:17:09.713+0000][23984][gc           ] GC(340) Pause Remark 510M->510M(1024M) 6.715ms
[2020-09-03T11:17:09.713+0000][23984][gc,cpu       ] GC(340) User=0.00s Sys=0.00s Real=0.01s
[2020-09-03T11:17:09.714+0000][23984][safepoint    ] Safepoint "G1Concurrent", Time since last: 157070700 ns, Reaching safepoint: 202400 ns, At safepoint: 6953500 ns, Total: 7155900 ns
[2020-09-03T11:17:09.714+0000][23984][gc,marking   ] GC(340) Concurrent Rebuild Remembered Sets
[2020-09-03T11:17:09.810+0000][23984][gc,marking   ] GC(340) Concurrent Rebuild Remembered Sets 95.900ms
[2020-09-03T11:17:09.810+0000][23984][gc,start     ] GC(340) Pause Cleanup
[2020-09-03T11:17:09.810+0000][23984][gc           ] GC(340) Pause Cleanup 521M->521M(1024M) 0.351ms
[2020-09-03T11:17:09.810+0000][23984][gc,cpu       ] GC(340) User=0.00s Sys=0.00s Real=0.00s
[2020-09-03T11:17:09.810+0000][23984][safepoint    ] Safepoint "G1Concurrent", Time since last: 96121900 ns, Reaching safepoint: 169300 ns, At safepoint: 504400 ns, Total: 673700 ns
[2020-09-03T11:17:09.810+0000][23984][gc,marking   ] GC(340) Concurrent Cleanup for Next Mark
[2020-09-03T11:17:09.812+0000][23984][gc,marking   ] GC(340) Concurrent Cleanup for Next Mark 1.752ms
[2020-09-03T11:17:09.812+0000][23984][gc           ] GC(340) Concurrent Cycle 263.205ms
[2020-09-03T11:17:09.838+0000][23984][gc,start     ] GC(341) Pause Young (Concurrent Start) (G1 Humongous Allocation)
[2020-09-03T11:17:09.838+0000][23984][gc,task      ] GC(341) Using 8 workers of 8 for evacuation
[2020-09-03T11:17:09.838+0000][23984][gc,age       ] GC(341) Desired survivor size 33030144 bytes, new threshold 15 (max threshold 15)
[2020-09-03T11:17:09.842+0000][23984][gc,age       ] GC(341) Age table with threshold 15 (max threshold 15)
[2020-09-03T11:17:09.842+0000][23984][gc,age       ] GC(341) - age   1:    3701632 bytes,    3701632 total
[2020-09-03T11:17:09.842+0000][23984][gc,age       ] GC(341) - age   2:       6248 bytes,    3707880 total
[2020-09-03T11:17:09.842+0000][23984][gc,age       ] GC(341) - age   3:      11608 bytes,    3719488 total
[2020-09-03T11:17:09.842+0000][23984][gc,age       ] GC(341) - age   4:       2232 bytes,    3721720 total
[2020-09-03T11:17:09.842+0000][23984][gc,age       ] GC(341) - age   5:       1344 bytes,    3723064 total
[2020-09-03T11:17:09.842+0000][23984][gc,age       ] GC(341) - age   6:       1392 bytes,    3724456 total
[2020-09-03T11:17:09.843+0000][23984][gc,age       ] GC(341) - age   7:      11784 bytes,    3736240 total
[2020-09-03T11:17:09.843+0000][23984][gc,age       ] GC(341) - age   8:      17576 bytes,    3753816 total
[2020-09-03T11:17:09.843+0000][23984][gc,age       ] GC(341) - age   9:       1576 bytes,    3755392 total
[2020-09-03T11:17:09.843+0000][23984][gc,age       ] GC(341) - age  10:       1240 bytes,    3756632 total
[2020-09-03T11:17:09.843+0000][23984][gc,age       ] GC(341) - age  11:       1056 bytes,    3757688 total
[2020-09-03T11:17:09.843+0000][23984][gc,age       ] GC(341) - age  12:        592 bytes,    3758280 total
[2020-09-03T11:17:09.843+0000][23984][gc,age       ] GC(341) - age  13:       1008 bytes,    3759288 total
[2020-09-03T11:17:09.843+0000][23984][gc,age       ] GC(341) - age  14:       1688 bytes,    3760976 total
[2020-09-03T11:17:09.843+0000][23984][gc,age       ] GC(341) - age  15:         96 bytes,    3761072 total
[2020-09-03T11:17:09.843+0000][23984][gc,phases    ] GC(341)   Pre Evacuate Collection Set: 0.4ms
[2020-09-03T11:17:09.843+0000][23984][gc,phases    ] GC(341)   Merge Heap Roots: 0.1ms
[2020-09-03T11:17:09.843+0000][23984][gc,phases    ] GC(341)   Evacuate Collection Set: 2.4ms
[2020-09-03T11:17:09.843+0000][23984][gc,phases    ] GC(341)   Post Evacuate Collection Set: 1.0ms
[2020-09-03T11:17:09.843+0000][23984][gc,phases    ] GC(341)   Other: 1.1ms
[2020-09-03T11:17:09.843+0000][23984][gc,heap      ] GC(341) Eden regions: 70->0(496)
[2020-09-03T11:17:09.843+0000][23984][gc,heap      ] GC(341) Survivor regions: 7->4(63)
[2020-09-03T11:17:09.843+0000][23984][gc,heap      ] GC(341) Old regions: 78->78
[2020-09-03T11:17:09.843+0000][23984][gc,heap      ] GC(341) Archive regions: 0->0
[2020-09-03T11:17:09.843+0000][23984][gc,heap      ] GC(341) Humongous regions: 378->174
[2020-09-03T11:17:09.843+0000][23984][gc,metaspace ] GC(341) Metaspace: 86678K(93056K)->86678K(93056K) NonClass: 75664K(79360K)->75664K(79360K) Class: 11014K(13696K)->11014K(13696K)
[2020-09-03T11:17:09.843+0000][23984][gc           ] GC(341) Pause Young (Concurrent Start) (G1 Humongous Allocation) 532M->255M(1024M) 5.550ms
[2020-09-03T11:17:09.844+0000][23984][gc,cpu       ] GC(341) User=0.02s Sys=0.00s Real=0.01s
[2020-09-03T11:17:09.844+0000][23984][gc           ] GC(342) Concurrent Cycle
[2020-09-03T11:17:09.844+0000][23984][safepoint    ] Safepoint "G1TryInitiateConcMark", Time since last: 27378500 ns, Reaching safepoint: 150900 ns, At safepoint: 5795700 ns, Total: 5946600 ns
[2020-09-03T11:17:09.844+0000][23984][gc,marking   ] GC(342) Concurrent Clear Claimed Marks
[2020-09-03T11:17:09.844+0000][23984][gc,marking   ] GC(342) Concurrent Clear Claimed Marks 0.415ms
[2020-09-03T11:17:09.844+0000][23984][gc,marking   ] GC(342) Concurrent Scan Root Regions
[2020-09-03T11:17:09.846+0000][23984][gc,marking   ] GC(342) Concurrent Scan Root Regions 1.937ms
[2020-09-03T11:17:09.846+0000][23984][gc,marking   ] GC(342) Concurrent Mark (178.848s)
[2020-09-03T11:17:09.846+0000][23984][gc,marking   ] GC(342) Concurrent Mark From Roots
[2020-09-03T11:17:09.846+0000][23984][gc,task      ] GC(342) Using 2 workers of 2 for marking
[2020-09-03T11:17:09.994+0000][23984][gc,marking   ] GC(342) Concurrent Mark From Roots 147.922ms
[2020-09-03T11:17:09.994+0000][23984][gc,marking   ] GC(342) Concurrent Preclean
[2020-09-03T11:17:09.995+0000][23984][gc,marking   ] GC(342) Concurrent Preclean 0.540ms
[2020-09-03T11:17:09.995+0000][23984][gc,marking   ] GC(342) Concurrent Mark (178.848s, 178.996s) 148.644ms
[2020-09-03T11:17:09.995+0000][23984][gc,start     ] GC(342) Pause Remark
[2020-09-03T11:17:10.001+0000][23984][gc           ] GC(342) Pause Remark 317M->317M(1024M) 5.724ms
[2020-09-03T11:17:10.001+0000][23984][gc,cpu       ] GC(342) User=0.11s Sys=0.00s Real=0.01s
[2020-09-03T11:17:10.001+0000][23984][safepoint    ] Safepoint "G1Concurrent", Time since last: 151310600 ns, Reaching safepoint: 159400 ns, At safepoint: 5896300 ns, Total: 6055700 ns
[2020-09-03T11:17:10.001+0000][23984][gc,marking   ] GC(342) Concurrent Rebuild Remembered Sets
[2020-09-03T11:17:10.093+0000][23984][gc,marking   ] GC(342) Concurrent Rebuild Remembered Sets 92.202ms
[2020-09-03T11:17:10.094+0000][23984][gc,start     ] GC(342) Pause Cleanup
[2020-09-03T11:17:10.094+0000][23984][gc           ] GC(342) Pause Cleanup 388M->388M(1024M) 0.338ms
[2020-09-03T11:17:10.094+0000][23984][gc,cpu       ] GC(342) User=0.00s Sys=0.00s Real=0.00s
[2020-09-03T11:17:10.094+0000][23984][safepoint    ] Safepoint "G1Concurrent", Time since last: 92352500 ns, Reaching safepoint: 140200 ns, At safepoint: 500700 ns, Total: 640900 ns
[2020-09-03T11:17:10.094+0000][23984][gc,marking   ] GC(342) Concurrent Cleanup for Next Mark
[2020-09-03T11:17:10.096+0000][23984][gc,marking   ] GC(342) Concurrent Cleanup for Next Mark 1.700ms
[2020-09-03T11:17:10.096+0000][23984][gc           ] GC(342) Concurrent Cycle 252.279ms
[2020-09-03T11:17:10.224+0000][23984][gc,start     ] GC(343) Pause Young (Concurrent Start) (G1 Humongous Allocation)
[2020-09-03T11:17:10.224+0000][23984][gc,task      ] GC(343) Using 8 workers of 8 for evacuation
[2020-09-03T11:17:10.224+0000][23984][gc,age       ] GC(343) Desired survivor size 33030144 bytes, new threshold 15 (max threshold 15)
[2020-09-03T11:17:10.229+0000][23984][gc,age       ] GC(343) Age table with threshold 15 (max threshold 15)
[2020-09-03T11:17:10.230+0000][23984][gc,age       ] GC(343) - age   1:    3320592 bytes,    3320592 total
[2020-09-03T11:17:10.230+0000][23984][gc,age       ] GC(343) - age   2:     601184 bytes,    3921776 total
[2020-09-03T11:17:10.230+0000][23984][gc,age       ] GC(343) - age   3:       3776 bytes,    3925552 total
[2020-09-03T11:17:10.230+0000][23984][gc,age       ] GC(343) - age   4:      11480 bytes,    3937032 total
[2020-09-03T11:17:10.230+0000][23984][gc,age       ] GC(343) - age   5:       2072 bytes,    3939104 total
[2020-09-03T11:17:10.230+0000][23984][gc,age       ] GC(343) - age   6:       1024 bytes,    3940128 total
[2020-09-03T11:17:10.230+0000][23984][gc,age       ] GC(343) - age   7:       1264 bytes,    3941392 total
[2020-09-03T11:17:10.230+0000][23984][gc,age       ] GC(343) - age   8:      11688 bytes,    3953080 total
[2020-09-03T11:17:10.230+0000][23984][gc,age       ] GC(343) - age   9:      17512 bytes,    3970592 total
[2020-09-03T11:17:10.230+0000][23984][gc,age       ] GC(343) - age  10:       1512 bytes,    3972104 total
[2020-09-03T11:17:10.230+0000][23984][gc,age       ] GC(343) - age  11:       1240 bytes,    3973344 total
[2020-09-03T11:17:10.230+0000][23984][gc,age       ] GC(343) - age  12:        992 bytes,    3974336 total
[2020-09-03T11:17:10.230+0000][23984][gc,age       ] GC(343) - age  13:        592 bytes,    3974928 total
[2020-09-03T11:17:10.230+0000][23984][gc,age       ] GC(343) - age  14:       1008 bytes,    3975936 total
[2020-09-03T11:17:10.230+0000][23984][gc,age       ] GC(343) - age  15:       1688 bytes,    3977624 total
[2020-09-03T11:17:10.230+0000][23984][gc,phases    ] GC(343)   Pre Evacuate Collection Set: 0.4ms
[2020-09-03T11:17:10.230+0000][23984][gc,phases    ] GC(343)   Merge Heap Roots: 0.1ms
[2020-09-03T11:17:10.230+0000][23984][gc,phases    ] GC(343)   Evacuate Collection Set: 3.9ms
[2020-09-03T11:17:10.230+0000][23984][gc,phases    ] GC(343)   Post Evacuate Collection Set: 0.7ms
[2020-09-03T11:17:10.230+0000][23984][gc,phases    ] GC(343)   Other: 0.8ms
[2020-09-03T11:17:10.230+0000][23984][gc,heap      ] GC(343) Eden regions: 40->0(497)
[2020-09-03T11:17:10.230+0000][23984][gc,heap      ] GC(343) Survivor regions: 4->4(63)
[2020-09-03T11:17:10.230+0000][23984][gc,heap      ] GC(343) Old regions: 78->78
[2020-09-03T11:17:10.230+0000][23984][gc,heap      ] GC(343) Archive regions: 0->0
[2020-09-03T11:17:10.230+0000][23984][gc,heap      ] GC(343) Humongous regions: 278->174
[2020-09-03T11:17:10.230+0000][23984][gc,metaspace ] GC(343) Metaspace: 86679K(93056K)->86679K(93056K) NonClass: 75665K(79360K)->75665K(79360K) Class: 11014K(13696K)->11014K(13696K)
[2020-09-03T11:17:10.230+0000][23984][gc           ] GC(343) Pause Young (Concurrent Start) (G1 Humongous Allocation) 399M->255M(1024M) 6.190ms
[2020-09-03T11:17:10.230+0000][23984][gc,cpu       ] GC(343) User=0.00s Sys=0.00s Real=0.01s
[2020-09-03T11:17:10.230+0000][23984][safepoint    ] Safepoint "G1TryInitiateConcMark", Time since last: 129785400 ns, Reaching safepoint: 126600 ns, At safepoint: 6338200 ns, Total: 6464800 ns
[2020-09-03T11:17:10.230+0000][23984][gc           ] GC(344) Concurrent Cycle
[2020-09-03T11:17:10.230+0000][23984][gc,marking   ] GC(344) Concurrent Clear Claimed Marks
[2020-09-03T11:17:10.231+0000][23984][gc,marking   ] GC(344) Concurrent Clear Claimed Marks 0.362ms
[2020-09-03T11:17:10.231+0000][23984][gc,marking   ] GC(344) Concurrent Scan Root Regions
[2020-09-03T11:17:10.233+0000][23984][gc,marking   ] GC(344) Concurrent Scan Root Regions 2.559ms
[2020-09-03T11:17:10.234+0000][23984][gc,marking   ] GC(344) Concurrent Mark (179.235s)
[2020-09-03T11:17:10.234+0000][23984][gc,marking   ] GC(344) Concurrent Mark From Roots
[2020-09-03T11:17:10.234+0000][23984][gc,task      ] GC(344) Using 2 workers of 2 for marking
[2020-09-03T11:17:10.362+0000][23984][gc,marking   ] GC(344) Concurrent Mark From Roots 128.276ms
[2020-09-03T11:17:10.362+0000][23984][gc,marking   ] GC(344) Concurrent Preclean
[2020-09-03T11:17:10.362+0000][23984][gc,marking   ] GC(344) Concurrent Preclean 0.444ms
[2020-09-03T11:17:10.362+0000][23984][gc,marking   ] GC(344) Concurrent Mark (179.235s, 179.364s) 128.896ms
[2020-09-03T11:17:10.363+0000][23984][gc,start     ] GC(344) Pause Remark
[2020-09-03T11:17:10.369+0000][23984][gc           ] GC(344) Pause Remark 317M->317M(1024M) 6.279ms
[2020-09-03T11:17:10.369+0000][23984][gc,cpu       ] GC(344) User=0.00s Sys=0.00s Real=0.01s
[2020-09-03T11:17:10.369+0000][23984][safepoint    ] Safepoint "G1Concurrent", Time since last: 132186600 ns, Reaching safepoint: 159700 ns, At safepoint: 6533700 ns, Total: 6693400 ns
[2020-09-03T11:17:10.369+0000][23984][gc,marking   ] GC(344) Concurrent Rebuild Remembered Sets
[2020-09-03T11:17:10.454+0000][23984][gc,marking   ] GC(344) Concurrent Rebuild Remembered Sets 85.183ms
[2020-09-03T11:17:10.455+0000][23984][gc,start     ] GC(344) Pause Cleanup
[2020-09-03T11:17:10.455+0000][23984][gc           ] GC(344) Pause Cleanup 387M->387M(1024M) 0.233ms
[2020-09-03T11:17:10.455+0000][23984][gc,cpu       ] GC(344) User=0.00s Sys=0.00s Real=0.00s
[2020-09-03T11:17:10.455+0000][23984][safepoint    ] Safepoint "G1Concurrent", Time since last: 85331700 ns, Reaching safepoint: 191400 ns, At safepoint: 369000 ns, Total: 560400 ns
[2020-09-03T11:17:10.455+0000][23984][gc,marking   ] GC(344) Concurrent Cleanup for Next Mark
[2020-09-03T11:17:10.457+0000][23984][gc,marking   ] GC(344) Concurrent Cleanup for Next Mark 1.699ms
[2020-09-03T11:17:10.457+0000][23984][gc           ] GC(344) Concurrent Cycle 226.634ms
[2020-09-03T11:17:10.582+0000][23984][gc,start     ] GC(345) Pause Young (Concurrent Start) (G1 Humongous Allocation)
[2020-09-03T11:17:10.582+0000][23984][gc,task      ] GC(345) Using 8 workers of 8 for evacuation
[2020-09-03T11:17:10.582+0000][23984][gc,age       ] GC(345) Desired survivor size 33030144 bytes, new threshold 15 (max threshold 15)
[2020-09-03T11:17:10.587+0000][23984][gc,age       ] GC(345) Age table with threshold 15 (max threshold 15)
[2020-09-03T11:17:10.587+0000][23984][gc,age       ] GC(345) - age   1:    3187136 bytes,    3187136 total
[2020-09-03T11:17:10.587+0000][23984][gc,age       ] GC(345) - age   2:     405968 bytes,    3593104 total
[2020-09-03T11:17:10.587+0000][23984][gc,age       ] GC(345) - age   3:     202536 bytes,    3795640 total
[2020-09-03T11:17:10.587+0000][23984][gc,age       ] GC(345) - age   4:       2336 bytes,    3797976 total
[2020-09-03T11:17:10.587+0000][23984][gc,age       ] GC(345) - age   5:      11384 bytes,    3809360 total
[2020-09-03T11:17:10.587+0000][23984][gc,age       ] GC(345) - age   6:       1848 bytes,    3811208 total
[2020-09-03T11:17:10.587+0000][23984][gc,age       ] GC(345) - age   7:        608 bytes,    3811816 total
[2020-09-03T11:17:10.587+0000][23984][gc,age       ] GC(345) - age   8:       1232 bytes,    3813048 total
[2020-09-03T11:17:10.587+0000][23984][gc,age       ] GC(345) - age   9:      11560 bytes,    3824608 total
[2020-09-03T11:17:10.587+0000][23984][gc,age       ] GC(345) - age  10:      17512 bytes,    3842120 total
[2020-09-03T11:17:10.587+0000][23984][gc,age       ] GC(345) - age  11:       1448 bytes,    3843568 total
[2020-09-03T11:17:10.587+0000][23984][gc,age       ] GC(345) - age  12:       1240 bytes,    3844808 total
[2020-09-03T11:17:10.587+0000][23984][gc,age       ] GC(345) - age  13:        992 bytes,    3845800 total
[2020-09-03T11:17:10.587+0000][23984][gc,age       ] GC(345) - age  14:        560 bytes,    3846360 total
[2020-09-03T11:17:10.587+0000][23984][gc,age       ] GC(345) - age  15:       1008 bytes,    3847368 total
[2020-09-03T11:17:10.587+0000][23984][gc,phases    ] GC(345)   Pre Evacuate Collection Set: 0.4ms
[2020-09-03T11:17:10.587+0000][23984][gc,phases    ] GC(345)   Merge Heap Roots: 0.1ms
[2020-09-03T11:17:10.587+0000][23984][gc,phases    ] GC(345)   Evacuate Collection Set: 2.7ms
[2020-09-03T11:17:10.587+0000][23984][gc,phases    ] GC(345)   Post Evacuate Collection Set: 0.8ms
[2020-09-03T11:17:10.587+0000][23984][gc,phases    ] GC(345)   Other: 0.9ms
[2020-09-03T11:17:10.587+0000][23984][gc,heap      ] GC(345) Eden regions: 40->0(499)
[2020-09-03T11:17:10.588+0000][23984][gc,heap      ] GC(345) Survivor regions: 4->4(63)
[2020-09-03T11:17:10.588+0000][23984][gc,heap      ] GC(345) Old regions: 78->78
[2020-09-03T11:17:10.588+0000][23984][gc,heap      ] GC(345) Archive regions: 0->0
[2020-09-03T11:17:10.588+0000][23984][gc,heap      ] GC(345) Humongous regions: 278->174
[2020-09-03T11:17:10.588+0000][23984][gc,metaspace ] GC(345) Metaspace: 86683K(93312K)->86683K(93312K) NonClass: 75669K(79616K)->75669K(79616K) Class: 11014K(13696K)->11014K(13696K)
[2020-09-03T11:17:10.588+0000][23984][gc           ] GC(345) Pause Young (Concurrent Start) (G1 Humongous Allocation) 399M->255M(1024M) 5.373ms
[2020-09-03T11:17:10.588+0000][23984][gc,cpu       ] GC(345) User=0.00s Sys=0.00s Real=0.01s
[2020-09-03T11:17:10.588+0000][23984][gc           ] GC(346) Concurrent Cycle
[2020-09-03T11:17:10.588+0000][23984][safepoint    ] Safepoint "G1TryInitiateConcMark", Time since last: 127112400 ns, Reaching safepoint: 136400 ns, At safepoint: 5540300 ns, Total: 5676700 ns
[2020-09-03T11:17:10.588+0000][23984][gc,marking   ] GC(346) Concurrent Clear Claimed Marks
[2020-09-03T11:17:10.588+0000][23984][gc,marking   ] GC(346) Concurrent Clear Claimed Marks 0.378ms
[2020-09-03T11:17:10.588+0000][23984][gc,marking   ] GC(346) Concurrent Scan Root Regions
[2020-09-03T11:17:10.591+0000][23984][gc,marking   ] GC(346) Concurrent Scan Root Regions 2.205ms
[2020-09-03T11:17:10.591+0000][23984][gc,marking   ] GC(346) Concurrent Mark (179.592s)
[2020-09-03T11:17:10.591+0000][23984][gc,marking   ] GC(346) Concurrent Mark From Roots
[2020-09-03T11:17:10.591+0000][23984][gc,task      ] GC(346) Using 2 workers of 2 for marking
[2020-09-03T11:17:10.714+0000][23984][gc,marking   ] GC(346) Concurrent Mark From Roots 123.440ms
[2020-09-03T11:17:10.714+0000][23984][gc,marking   ] GC(346) Concurrent Preclean
[2020-09-03T11:17:10.715+0000][23984][gc,marking   ] GC(346) Concurrent Preclean 0.418ms
[2020-09-03T11:17:10.715+0000][23984][gc,marking   ] GC(346) Concurrent Mark (179.592s, 179.716s) 123.986ms
[2020-09-03T11:17:10.715+0000][23984][gc,start     ] GC(346) Pause Remark
[2020-09-03T11:17:10.721+0000][23984][gc           ] GC(346) Pause Remark 313M->313M(1024M) 5.667ms
[2020-09-03T11:17:10.721+0000][23984][gc,cpu       ] GC(346) User=0.09s Sys=0.00s Real=0.01s
[2020-09-03T11:17:10.721+0000][23984][safepoint    ] Safepoint "G1Concurrent", Time since last: 126883900 ns, Reaching safepoint: 135000 ns, At safepoint: 5867200 ns, Total: 6002200 ns
[2020-09-03T11:17:10.721+0000][23984][gc,marking   ] GC(346) Concurrent Rebuild Remembered Sets
[2020-09-03T11:17:10.806+0000][23984][gc,marking   ] GC(346) Concurrent Rebuild Remembered Sets 85.253ms
[2020-09-03T11:17:10.806+0000][23984][gc,start     ] GC(346) Pause Cleanup
[2020-09-03T11:17:10.807+0000][23984][gc           ] GC(346) Pause Cleanup 325M->325M(1024M) 0.307ms
[2020-09-03T11:17:10.807+0000][23984][gc,cpu       ] GC(346) User=0.00s Sys=0.00s Real=0.00s
[2020-09-03T11:17:10.807+0000][23984][safepoint    ] Safepoint "G1Concurrent", Time since last: 85423400 ns, Reaching safepoint: 191700 ns, At safepoint: 496200 ns, Total: 687900 ns
[2020-09-03T11:17:10.807+0000][23984][gc,marking   ] GC(346) Concurrent Cleanup for Next Mark
[2020-09-03T11:17:10.809+0000][23984][gc,marking   ] GC(346) Concurrent Cleanup for Next Mark 1.702ms
[2020-09-03T11:17:10.809+0000][23984][gc           ] GC(346) Concurrent Cycle 220.908ms
[2020-09-03T11:17:10.831+0000][23984][gc,start     ] GC(347) Pause Young (Concurrent Start) (G1 Humongous Allocation)
[2020-09-03T11:17:10.831+0000][23984][gc,task      ] GC(347) Using 8 workers of 8 for evacuation
[2020-09-03T11:17:10.831+0000][23984][gc,age       ] GC(347) Desired survivor size 33030144 bytes, new threshold 15 (max threshold 15)
[2020-09-03T11:17:10.834+0000][23984][gc,age       ] GC(347) Age table with threshold 15 (max threshold 15)
[2020-09-03T11:17:10.834+0000][23984][gc,age       ] GC(347) - age   1:    2421592 bytes,    2421592 total
[2020-09-03T11:17:10.835+0000][23984][gc,age       ] GC(347) - age   2:       3680 bytes,    2425272 total
[2020-09-03T11:17:10.835+0000][23984][gc,age       ] GC(347) - age   3:       1664 bytes,    2426936 total
[2020-09-03T11:17:10.835+0000][23984][gc,age       ] GC(347) - age   4:       1640 bytes,    2428576 total
[2020-09-03T11:17:10.835+0000][23984][gc,age       ] GC(347) - age   5:       1432 bytes,    2430008 total
[2020-09-03T11:17:10.835+0000][23984][gc,age       ] GC(347) - age   6:      10864 bytes,    2440872 total
[2020-09-03T11:17:10.835+0000][23984][gc,age       ] GC(347) - age   7:       1688 bytes,    2442560 total
[2020-09-03T11:17:10.835+0000][23984][gc,age       ] GC(347) - age   8:        512 bytes,    2443072 total
[2020-09-03T11:17:10.835+0000][23984][gc,age       ] GC(347) - age   9:       1232 bytes,    2444304 total
[2020-09-03T11:17:10.835+0000][23984][gc,age       ] GC(347) - age  10:      11528 bytes,    2455832 total
[2020-09-03T11:17:10.835+0000][23984][gc,age       ] GC(347) - age  11:      17512 bytes,    2473344 total
[2020-09-03T11:17:10.835+0000][23984][gc,age       ] GC(347) - age  12:       1448 bytes,    2474792 total
[2020-09-03T11:17:10.835+0000][23984][gc,age       ] GC(347) - age  13:       1240 bytes,    2476032 total
[2020-09-03T11:17:10.835+0000][23984][gc,age       ] GC(347) - age  14:        992 bytes,    2477024 total
[2020-09-03T11:17:10.835+0000][23984][gc,age       ] GC(347) - age  15:        560 bytes,    2477584 total
[2020-09-03T11:17:10.835+0000][23984][gc,phases    ] GC(347)   Pre Evacuate Collection Set: 0.4ms
[2020-09-03T11:17:10.835+0000][23984][gc,phases    ] GC(347)   Merge Heap Roots: 0.1ms
[2020-09-03T11:17:10.835+0000][23984][gc,phases    ] GC(347)   Evacuate Collection Set: 1.9ms
[2020-09-03T11:17:10.835+0000][23984][gc,phases    ] GC(347)   Post Evacuate Collection Set: 0.6ms
[2020-09-03T11:17:10.835+0000][23984][gc,phases    ] GC(347)   Other: 0.9ms
[2020-09-03T11:17:10.835+0000][23984][gc,heap      ] GC(347) Eden regions: 29->0(501)
[2020-09-03T11:17:10.835+0000][23984][gc,heap      ] GC(347) Survivor regions: 4->3(63)
[2020-09-03T11:17:10.835+0000][23984][gc,heap      ] GC(347) Old regions: 78->78
[2020-09-03T11:17:10.835+0000][23984][gc,heap      ] GC(347) Archive regions: 0->0
[2020-09-03T11:17:10.835+0000][23984][gc,heap      ] GC(347) Humongous regions: 229->174
[2020-09-03T11:17:10.835+0000][23984][gc,metaspace ] GC(347) Metaspace: 86701K(93312K)->86701K(93312K) NonClass: 75686K(79616K)->75686K(79616K) Class: 11014K(13696K)->11014K(13696K)
[2020-09-03T11:17:10.835+0000][23984][gc           ] GC(347) Pause Young (Concurrent Start) (G1 Humongous Allocation) 338M->253M(1024M) 4.291ms
[2020-09-03T11:17:10.836+0000][23984][gc,cpu       ] GC(347) User=0.00s Sys=0.00s Real=0.00s
[2020-09-03T11:17:10.836+0000][23984][gc           ] GC(348) Concurrent Cycle
[2020-09-03T11:17:10.836+0000][23984][safepoint    ] Safepoint "G1TryInitiateConcMark", Time since last: 24133500 ns, Reaching safepoint: 182600 ns, At safepoint: 4494500 ns, Total: 4677100 ns
[2020-09-03T11:17:10.836+0000][23984][gc,marking   ] GC(348) Concurrent Clear Claimed Marks
[2020-09-03T11:17:10.836+0000][23984][gc,marking   ] GC(348) Concurrent Clear Claimed Marks 0.431ms
[2020-09-03T11:17:10.836+0000][23984][gc,marking   ] GC(348) Concurrent Scan Root Regions
[2020-09-03T11:17:10.838+0000][23984][gc,marking   ] GC(348) Concurrent Scan Root Regions 2.138ms
[2020-09-03T11:17:10.838+0000][23984][gc,marking   ] GC(348) Concurrent Mark (179.840s)
[2020-09-03T11:17:10.839+0000][23984][gc,marking   ] GC(348) Concurrent Mark From Roots
[2020-09-03T11:17:10.839+0000][23984][gc,task      ] GC(348) Using 2 workers of 2 for marking
[2020-09-03T11:17:10.987+0000][23984][gc,marking   ] GC(348) Concurrent Mark From Roots 148.106ms
[2020-09-03T11:17:10.987+0000][23984][gc,marking   ] GC(348) Concurrent Preclean
[2020-09-03T11:17:10.987+0000][23984][gc,marking   ] GC(348) Concurrent Preclean 0.646ms
[2020-09-03T11:17:10.987+0000][23984][gc,marking   ] GC(348) Concurrent Mark (179.840s, 179.989s) 148.971ms
[2020-09-03T11:17:10.988+0000][23984][gc,start     ] GC(348) Pause Remark
[2020-09-03T11:17:10.994+0000][23984][gc           ] GC(348) Pause Remark 304M->304M(1024M) 6.255ms
[2020-09-03T11:17:10.994+0000][23984][gc,cpu       ] GC(348) User=0.00s Sys=0.00s Real=0.01s
[2020-09-03T11:17:10.994+0000][23984][safepoint    ] Safepoint "G1Concurrent", Time since last: 151908100 ns, Reaching safepoint: 193600 ns, At safepoint: 6510900 ns, Total: 6704500 ns
[2020-09-03T11:17:10.994+0000][23984][gc,marking   ] GC(348) Concurrent Rebuild Remembered Sets
[2020-09-03T11:17:11.084+0000][23984][gc,marking   ] GC(348) Concurrent Rebuild Remembered Sets 89.920ms
[2020-09-03T11:17:11.085+0000][23984][gc,start     ] GC(348) Pause Cleanup
[2020-09-03T11:17:11.085+0000][23984][gc           ] GC(348) Pause Cleanup 308M->308M(1024M) 0.338ms
[2020-09-03T11:17:11.085+0000][23984][gc,cpu       ] GC(348) User=0.00s Sys=0.00s Real=0.00s
[2020-09-03T11:17:11.085+0000][23984][safepoint    ] Safepoint "G1Concurrent", Time since last: 90119000 ns, Reaching safepoint: 163600 ns, At safepoint: 520700 ns, Total: 684300 ns
[2020-09-03T11:17:11.085+0000][23984][gc,marking   ] GC(348) Concurrent Cleanup for Next Mark
[2020-09-03T11:17:11.087+0000][23984][gc,marking   ] GC(348) Concurrent Cleanup for Next Mark 1.628ms
[2020-09-03T11:17:11.087+0000][23984][gc           ] GC(348) Concurrent Cycle 251.227ms
[2020-09-03T11:17:11.102+0000][23984][gc,start     ] GC(349) Pause Young (Concurrent Start) (G1 Humongous Allocation)
[2020-09-03T11:17:11.102+0000][23984][gc,task      ] GC(349) Using 8 workers of 8 for evacuation
[2020-09-03T11:17:11.102+0000][23984][gc,age       ] GC(349) Desired survivor size 33030144 bytes, new threshold 15 (max threshold 15)
[2020-09-03T11:17:11.105+0000][23984][gc,age       ] GC(349) Age table with threshold 15 (max threshold 15)
[2020-09-03T11:17:11.105+0000][23984][gc,age       ] GC(349) - age   1:    2579328 bytes,    2579328 total
[2020-09-03T11:17:11.105+0000][23984][gc,age       ] GC(349) - age   2:      23776 bytes,    2603104 total
[2020-09-03T11:17:11.105+0000][23984][gc,age       ] GC(349) - age   3:       3288 bytes,    2606392 total
[2020-09-03T11:17:11.105+0000][23984][gc,age       ] GC(349) - age   4:       1664 bytes,    2608056 total
[2020-09-03T11:17:11.106+0000][23984][gc,age       ] GC(349) - age   5:       1544 bytes,    2609600 total
[2020-09-03T11:17:11.106+0000][23984][gc,age       ] GC(349) - age   6:       1368 bytes,    2610968 total
[2020-09-03T11:17:11.106+0000][23984][gc,age       ] GC(349) - age   7:      10864 bytes,    2621832 total
[2020-09-03T11:17:11.106+0000][23984][gc,age       ] GC(349) - age   8:       1400 bytes,    2623232 total
[2020-09-03T11:17:11.106+0000][23984][gc,age       ] GC(349) - age   9:        512 bytes,    2623744 total
[2020-09-03T11:17:11.106+0000][23984][gc,age       ] GC(349) - age  10:       1208 bytes,    2624952 total
[2020-09-03T11:17:11.106+0000][23984][gc,age       ] GC(349) - age  11:      11528 bytes,    2636480 total
[2020-09-03T11:17:11.106+0000][23984][gc,age       ] GC(349) - age  12:      17512 bytes,    2653992 total
[2020-09-03T11:17:11.106+0000][23984][gc,age       ] GC(349) - age  13:       1448 bytes,    2655440 total
[2020-09-03T11:17:11.106+0000][23984][gc,age       ] GC(349) - age  14:       1240 bytes,    2656680 total
[2020-09-03T11:17:11.106+0000][23984][gc,age       ] GC(349) - age  15:        992 bytes,    2657672 total
[2020-09-03T11:17:11.106+0000][23984][gc,phases    ] GC(349)   Pre Evacuate Collection Set: 0.4ms
[2020-09-03T11:17:11.106+0000][23984][gc,phases    ] GC(349)   Merge Heap Roots: 0.1ms
[2020-09-03T11:17:11.106+0000][23984][gc,phases    ] GC(349)   Evacuate Collection Set: 1.9ms
[2020-09-03T11:17:11.106+0000][23984][gc,phases    ] GC(349)   Post Evacuate Collection Set: 0.7ms
[2020-09-03T11:17:11.106+0000][23984][gc,phases    ] GC(349)   Other: 1.1ms
[2020-09-03T11:17:11.106+0000][23984][gc,heap      ] GC(349) Eden regions: 20->0(502)
[2020-09-03T11:17:11.106+0000][23984][gc,heap      ] GC(349) Survivor regions: 3->3(63)
[2020-09-03T11:17:11.106+0000][23984][gc,heap      ] GC(349) Old regions: 78->78
[2020-09-03T11:17:11.106+0000][23984][gc,heap      ] GC(349) Archive regions: 0->0
[2020-09-03T11:17:11.106+0000][23984][gc,heap      ] GC(349) Humongous regions: 229->174
[2020-09-03T11:17:11.106+0000][23984][gc,metaspace ] GC(349) Metaspace: 86711K(93312K)->86711K(93312K) NonClass: 75696K(79616K)->75696K(79616K) Class: 11014K(13696K)->11014K(13696K)
[2020-09-03T11:17:11.107+0000][23984][gc           ] GC(349) Pause Young (Concurrent Start) (G1 Humongous Allocation) 328M->254M(1024M) 4.726ms
[2020-09-03T11:17:11.107+0000][23984][gc,cpu       ] GC(349) User=0.00s Sys=0.00s Real=0.01s
[2020-09-03T11:17:11.107+0000][23984][gc           ] GC(350) Concurrent Cycle
[2020-09-03T11:17:11.107+0000][23984][safepoint    ] Safepoint "G1TryInitiateConcMark", Time since last: 16524400 ns, Reaching safepoint: 193300 ns, At safepoint: 4953200 ns, Total: 5146500 ns
[2020-09-03T11:17:11.107+0000][23984][gc,marking   ] GC(350) Concurrent Clear Claimed Marks
[2020-09-03T11:17:11.107+0000][23984][gc,marking   ] GC(350) Concurrent Clear Claimed Marks 0.530ms
[2020-09-03T11:17:11.107+0000][23984][gc,marking   ] GC(350) Concurrent Scan Root Regions
[2020-09-03T11:17:11.110+0000][23984][gc,marking   ] GC(350) Concurrent Scan Root Regions 2.224ms
[2020-09-03T11:17:11.110+0000][23984][gc,marking   ] GC(350) Concurrent Mark (180.111s)
[2020-09-03T11:17:11.110+0000][23984][gc,marking   ] GC(350) Concurrent Mark From Roots
[2020-09-03T11:17:11.110+0000][23984][gc,task      ] GC(350) Using 2 workers of 2 for marking
[2020-09-03T11:17:11.243+0000][23984][gc,marking   ] GC(350) Concurrent Mark From Roots 133.086ms
[2020-09-03T11:17:11.243+0000][23984][gc,marking   ] GC(350) Concurrent Preclean
[2020-09-03T11:17:11.244+0000][23984][gc,marking   ] GC(350) Concurrent Preclean 0.580ms
[2020-09-03T11:17:11.244+0000][23984][gc,marking   ] GC(350) Concurrent Mark (180.111s, 180.245s) 133.843ms
[2020-09-03T11:17:11.244+0000][23984][gc,start     ] GC(350) Pause Remark
[2020-09-03T11:17:11.250+0000][23984][gc           ] GC(350) Pause Remark 298M->298M(1024M) 5.953ms
[2020-09-03T11:17:11.250+0000][23984][gc,cpu       ] GC(350) User=0.13s Sys=0.00s Real=0.01s
[2020-09-03T11:17:11.250+0000][23984][safepoint    ] Safepoint "G1Concurrent", Time since last: 136944000 ns, Reaching safepoint: 146100 ns, At safepoint: 6231400 ns, Total: 6377500 ns
[2020-09-03T11:17:11.250+0000][23984][gc,marking   ] GC(350) Concurrent Rebuild Remembered Sets
[2020-09-03T11:17:11.340+0000][23984][gc,marking   ] GC(350) Concurrent Rebuild Remembered Sets 89.860ms
[2020-09-03T11:17:11.340+0000][23984][gc,start     ] GC(350) Pause Cleanup
[2020-09-03T11:17:11.341+0000][23984][gc           ] GC(350) Pause Cleanup 487M->487M(1024M) 0.385ms
[2020-09-03T11:17:11.341+0000][23984][gc,cpu       ] GC(350) User=0.00s Sys=0.00s Real=0.00s
[2020-09-03T11:17:11.342+0000][23984][safepoint    ] Safepoint "G1Concurrent", Time since last: 90044400 ns, Reaching safepoint: 338000 ns, At safepoint: 1557900 ns, Total: 1895900 ns
[2020-09-03T11:17:11.342+0000][23984][gc,marking   ] GC(350) Concurrent Cleanup for Next Mark
[2020-09-03T11:17:11.344+0000][23984][gc,marking   ] GC(350) Concurrent Cleanup for Next Mark 1.867ms
[2020-09-03T11:17:11.344+0000][23984][gc           ] GC(350) Concurrent Cycle 237.408ms
[2020-09-03T11:17:11.354+0000][23984][gc,start     ] GC(351) Pause Young (Concurrent Start) (G1 Humongous Allocation)
[2020-09-03T11:17:11.354+0000][23984][gc,task      ] GC(351) Using 8 workers of 8 for evacuation
[2020-09-03T11:17:11.354+0000][23984][gc,age       ] GC(351) Desired survivor size 33554432 bytes, new threshold 15 (max threshold 15)
[2020-09-03T11:17:11.359+0000][23984][gc,age       ] GC(351) Age table with threshold 15 (max threshold 15)
[2020-09-03T11:17:11.359+0000][23984][gc,age       ] GC(351) - age   1:    7097008 bytes,    7097008 total
[2020-09-03T11:17:11.359+0000][23984][gc,age       ] GC(351) - age   2:        984 bytes,    7097992 total
[2020-09-03T11:17:11.359+0000][23984][gc,age       ] GC(351) - age   3:      20400 bytes,    7118392 total
[2020-09-03T11:17:11.359+0000][23984][gc,age       ] GC(351) - age   4:       2832 bytes,    7121224 total
[2020-09-03T11:17:11.359+0000][23984][gc,age       ] GC(351) - age   5:       1056 bytes,    7122280 total
[2020-09-03T11:17:11.359+0000][23984][gc,age       ] GC(351) - age   6:       1024 bytes,    7123304 total
[2020-09-03T11:17:11.359+0000][23984][gc,age       ] GC(351) - age   7:        984 bytes,    7124288 total
[2020-09-03T11:17:11.359+0000][23984][gc,age       ] GC(351) - age   8:      10800 bytes,    7135088 total
[2020-09-03T11:17:11.359+0000][23984][gc,age       ] GC(351) - age   9:       1368 bytes,    7136456 total
[2020-09-03T11:17:11.359+0000][23984][gc,age       ] GC(351) - age  10:        512 bytes,    7136968 total
[2020-09-03T11:17:11.359+0000][23984][gc,age       ] GC(351) - age  11:       1208 bytes,    7138176 total
[2020-09-03T11:17:11.359+0000][23984][gc,age       ] GC(351) - age  12:      11528 bytes,    7149704 total
[2020-09-03T11:17:11.359+0000][23984][gc,age       ] GC(351) - age  13:      17480 bytes,    7167184 total
[2020-09-03T11:17:11.359+0000][23984][gc,age       ] GC(351) - age  14:       1416 bytes,    7168600 total
[2020-09-03T11:17:11.359+0000][23984][gc,age       ] GC(351) - age  15:       1240 bytes,    7169840 total
[2020-09-03T11:17:11.359+0000][23984][gc,phases    ] GC(351)   Pre Evacuate Collection Set: 0.4ms
[2020-09-03T11:17:11.359+0000][23984][gc,phases    ] GC(351)   Merge Heap Roots: 0.1ms
[2020-09-03T11:17:11.359+0000][23984][gc,phases    ] GC(351)   Evacuate Collection Set: 2.6ms
[2020-09-03T11:17:11.359+0000][23984][gc,phases    ] GC(351)   Post Evacuate Collection Set: 0.8ms
[2020-09-03T11:17:11.359+0000][23984][gc,phases    ] GC(351)   Other: 1.0ms
[2020-09-03T11:17:11.359+0000][23984][gc,heap      ] GC(351) Eden regions: 69->0(494)
[2020-09-03T11:17:11.359+0000][23984][gc,heap      ] GC(351) Survivor regions: 3->7(64)
[2020-09-03T11:17:11.360+0000][23984][gc,heap      ] GC(351) Old regions: 78->78
[2020-09-03T11:17:11.360+0000][23984][gc,heap      ] GC(351) Archive regions: 0->0
[2020-09-03T11:17:11.360+0000][23984][gc,heap      ] GC(351) Humongous regions: 358->174
[2020-09-03T11:17:11.360+0000][23984][gc,metaspace ] GC(351) Metaspace: 86757K(93312K)->86757K(93312K) NonClass: 75742K(79616K)->75742K(79616K) Class: 11014K(13696K)->11014K(13696K)
[2020-09-03T11:17:11.360+0000][23984][gc           ] GC(351) Pause Young (Concurrent Start) (G1 Humongous Allocation) 507M->258M(1024M) 5.408ms
[2020-09-03T11:17:11.360+0000][23984][gc,cpu       ] GC(351) User=0.09s Sys=0.00s Real=0.01s
[2020-09-03T11:17:11.360+0000][23984][gc           ] GC(352) Concurrent Cycle
[2020-09-03T11:17:11.360+0000][23984][gc,marking   ] GC(352) Concurrent Clear Claimed Marks
[2020-09-03T11:17:11.360+0000][23984][safepoint    ] Safepoint "G1TryInitiateConcMark", Time since last: 11887300 ns, Reaching safepoint: 354000 ns, At safepoint: 5742800 ns, Total: 6096800 ns
[2020-09-03T11:17:11.360+0000][23984][gc,marking   ] GC(352) Concurrent Clear Claimed Marks 0.324ms
[2020-09-03T11:17:11.360+0000][23984][gc,marking   ] GC(352) Concurrent Scan Root Regions
[2020-09-03T11:17:11.363+0000][23984][gc,marking   ] GC(352) Concurrent Scan Root Regions 2.501ms
[2020-09-03T11:17:11.363+0000][23984][gc,marking   ] GC(352) Concurrent Mark (180.364s)
[2020-09-03T11:17:11.363+0000][23984][gc,marking   ] GC(352) Concurrent Mark From Roots
[2020-09-03T11:17:11.363+0000][23984][gc,task      ] GC(352) Using 2 workers of 2 for marking
[2020-09-03T11:17:11.524+0000][23984][gc,marking   ] GC(352) Concurrent Mark From Roots 160.914ms
[2020-09-03T11:17:11.524+0000][23984][gc,marking   ] GC(352) Concurrent Preclean
[2020-09-03T11:17:11.525+0000][23984][gc,marking   ] GC(352) Concurrent Preclean 0.738ms
[2020-09-03T11:17:11.525+0000][23984][gc,marking   ] GC(352) Concurrent Mark (180.364s, 180.526s) 161.860ms
[2020-09-03T11:17:11.525+0000][23984][gc,start     ] GC(352) Pause Remark
[2020-09-03T11:17:11.532+0000][23984][gc           ] GC(352) Pause Remark 321M->321M(1024M) 6.821ms
[2020-09-03T11:17:11.532+0000][23984][gc,cpu       ] GC(352) User=0.11s Sys=0.00s Real=0.01s
[2020-09-03T11:17:11.532+0000][23984][safepoint    ] Safepoint "G1Concurrent", Time since last: 164854300 ns, Reaching safepoint: 225100 ns, At safepoint: 7160800 ns, Total: 7385900 ns
[2020-09-03T11:17:11.532+0000][23984][gc,marking   ] GC(352) Concurrent Rebuild Remembered Sets
[2020-09-03T11:17:11.630+0000][23984][gc,marking   ] GC(352) Concurrent Rebuild Remembered Sets 97.258ms
[2020-09-03T11:17:11.630+0000][23984][gc,start     ] GC(352) Pause Cleanup
[2020-09-03T11:17:11.630+0000][23984][gc           ] GC(352) Pause Cleanup 324M->324M(1024M) 0.309ms
[2020-09-03T11:17:11.630+0000][23984][gc,cpu       ] GC(352) User=0.00s Sys=0.00s Real=0.00s
[2020-09-03T11:17:11.630+0000][23984][safepoint    ] Safepoint "G1Concurrent", Time since last: 97445400 ns, Reaching safepoint: 170400 ns, At safepoint: 531500 ns, Total: 701900 ns
[2020-09-03T11:17:11.630+0000][23984][gc,marking   ] GC(352) Concurrent Cleanup for Next Mark
[2020-09-03T11:17:11.632+0000][23984][gc,marking   ] GC(352) Concurrent Cleanup for Next Mark 1.652ms
[2020-09-03T11:17:11.632+0000][23984][gc           ] GC(352) Concurrent Cycle 272.382ms
[2020-09-03T11:17:11.636+0000][23984][gc,start     ] GC(353) Pause Young (Concurrent Start) (G1 Humongous Allocation)
[2020-09-03T11:17:11.636+0000][23984][gc,task      ] GC(353) Using 8 workers of 8 for evacuation
[2020-09-03T11:17:11.636+0000][23984][gc,age       ] GC(353) Desired survivor size 33030144 bytes, new threshold 15 (max threshold 15)
[2020-09-03T11:17:11.640+0000][23984][gc,age       ] GC(353) Age table with threshold 15 (max threshold 15)
[2020-09-03T11:17:11.640+0000][23984][gc,age       ] GC(353) - age   1:     151064 bytes,     151064 total
[2020-09-03T11:17:11.640+0000][23984][gc,age       ] GC(353) - age   2:    4205376 bytes,    4356440 total
[2020-09-03T11:17:11.640+0000][23984][gc,age       ] GC(353) - age   3:        984 bytes,    4357424 total
[2020-09-03T11:17:11.640+0000][23984][gc,age       ] GC(353) - age   4:      19872 bytes,    4377296 total
[2020-09-03T11:17:11.640+0000][23984][gc,age       ] GC(353) - age   5:       2432 bytes,    4379728 total
[2020-09-03T11:17:11.640+0000][23984][gc,age       ] GC(353) - age   6:       1056 bytes,    4380784 total
[2020-09-03T11:17:11.640+0000][23984][gc,age       ] GC(353) - age   7:       1024 bytes,    4381808 total
[2020-09-03T11:17:11.640+0000][23984][gc,age       ] GC(353) - age   8:        960 bytes,    4382768 total
[2020-09-03T11:17:11.640+0000][23984][gc,age       ] GC(353) - age   9:      10800 bytes,    4393568 total
[2020-09-03T11:17:11.640+0000][23984][gc,age       ] GC(353) - age  10:       1368 bytes,    4394936 total
[2020-09-03T11:17:11.640+0000][23984][gc,age       ] GC(353) - age  11:        512 bytes,    4395448 total
[2020-09-03T11:17:11.640+0000][23984][gc,age       ] GC(353) - age  12:       1208 bytes,    4396656 total
[2020-09-03T11:17:11.640+0000][23984][gc,age       ] GC(353) - age  13:      11528 bytes,    4408184 total
[2020-09-03T11:17:11.640+0000][23984][gc,age       ] GC(353) - age  14:      17480 bytes,    4425664 total
[2020-09-03T11:17:11.640+0000][23984][gc,age       ] GC(353) - age  15:       1416 bytes,    4427080 total
[2020-09-03T11:17:11.641+0000][23984][gc,phases    ] GC(353)   Pre Evacuate Collection Set: 0.4ms
[2020-09-03T11:17:11.641+0000][23984][gc,phases    ] GC(353)   Merge Heap Roots: 0.1ms
[2020-09-03T11:17:11.641+0000][23984][gc,phases    ] GC(353)   Evacuate Collection Set: 2.1ms
[2020-09-03T11:17:11.641+0000][23984][gc,phases    ] GC(353)   Post Evacuate Collection Set: 0.7ms
[2020-09-03T11:17:11.641+0000][23984][gc,phases    ] GC(353)   Other: 1.1ms
[2020-09-03T11:17:11.641+0000][23984][gc,heap      ] GC(353) Eden regions: 17->0(498)
[2020-09-03T11:17:11.641+0000][23984][gc,heap      ] GC(353) Survivor regions: 7->5(63)
[2020-09-03T11:17:11.641+0000][23984][gc,heap      ] GC(353) Old regions: 78->78
[2020-09-03T11:17:11.641+0000][23984][gc,heap      ] GC(353) Archive regions: 0->0
[2020-09-03T11:17:11.641+0000][23984][gc,heap      ] GC(353) Humongous regions: 229->174
[2020-09-03T11:17:11.641+0000][23984][gc,metaspace ] GC(353) Metaspace: 86757K(93312K)->86757K(93312K) NonClass: 75742K(79616K)->75742K(79616K) Class: 11014K(13696K)->11014K(13696K)
[2020-09-03T11:17:11.641+0000][23984][gc           ] GC(353) Pause Young (Concurrent Start) (G1 Humongous Allocation) 330M->255M(1024M) 4.971ms
[2020-09-03T11:17:11.641+0000][23984][gc,cpu       ] GC(353) User=0.11s Sys=0.00s Real=0.01s
[2020-09-03T11:17:11.641+0000][23984][gc           ] GC(354) Concurrent Cycle
[2020-09-03T11:17:11.641+0000][23984][safepoint    ] Safepoint "G1TryInitiateConcMark", Time since last: 5499300 ns, Reaching safepoint: 181200 ns, At safepoint: 5165700 ns, Total: 5346900 ns
[2020-09-03T11:17:11.641+0000][23984][gc,marking   ] GC(354) Concurrent Clear Claimed Marks
[2020-09-03T11:17:11.642+0000][23984][gc,marking   ] GC(354) Concurrent Clear Claimed Marks 0.493ms
[2020-09-03T11:17:11.642+0000][23984][gc,marking   ] GC(354) Concurrent Scan Root Regions
[2020-09-03T11:17:11.644+0000][23984][gc,marking   ] GC(354) Concurrent Scan Root Regions 2.572ms
[2020-09-03T11:17:11.645+0000][23984][gc,marking   ] GC(354) Concurrent Mark (180.646s)
[2020-09-03T11:17:11.645+0000][23984][gc,marking   ] GC(354) Concurrent Mark From Roots
[2020-09-03T11:17:11.645+0000][23984][gc,task      ] GC(354) Using 2 workers of 2 for marking
[2020-09-03T11:17:11.804+0000][23984][gc,marking   ] GC(354) Concurrent Mark From Roots 159.640ms
[2020-09-03T11:17:11.804+0000][23984][gc,marking   ] GC(354) Concurrent Preclean
[2020-09-03T11:17:11.805+0000][23984][gc,marking   ] GC(354) Concurrent Preclean 0.673ms
[2020-09-03T11:17:11.805+0000][23984][gc,marking   ] GC(354) Concurrent Mark (180.646s, 180.806s) 160.505ms
[2020-09-03T11:17:11.805+0000][23984][gc,start     ] GC(354) Pause Remark
[2020-09-03T11:17:11.811+0000][23984][gc           ] GC(354) Pause Remark 324M->324M(1024M) 5.616ms
[2020-09-03T11:17:11.811+0000][23984][gc,cpu       ] GC(354) User=0.02s Sys=0.00s Real=0.01s
[2020-09-03T11:17:11.811+0000][23984][safepoint    ] Safepoint "G1Concurrent", Time since last: 163910700 ns, Reaching safepoint: 138700 ns, At safepoint: 5839600 ns, Total: 5978300 ns
[2020-09-03T11:17:11.811+0000][23984][gc,marking   ] GC(354) Concurrent Rebuild Remembered Sets
[2020-09-03T11:17:11.908+0000][23984][gc,marking   ] GC(354) Concurrent Rebuild Remembered Sets 97.155ms
[2020-09-03T11:17:11.909+0000][23984][gc,start     ] GC(354) Pause Cleanup
[2020-09-03T11:17:11.909+0000][23984][gc           ] GC(354) Pause Cleanup 342M->342M(1024M) 0.409ms
[2020-09-03T11:17:11.910+0000][23984][gc,cpu       ] GC(354) User=0.00s Sys=0.00s Real=0.00s
[2020-09-03T11:17:11.910+0000][23984][safepoint    ] Safepoint "G1Concurrent", Time since last: 97392400 ns, Reaching safepoint: 464800 ns, At safepoint: 659100 ns, Total: 1123900 ns
[2020-09-03T11:17:11.910+0000][23984][gc,marking   ] GC(354) Concurrent Cleanup for Next Mark
[2020-09-03T11:17:11.912+0000][23984][gc,marking   ] GC(354) Concurrent Cleanup for Next Mark 2.076ms
[2020-09-03T11:17:11.912+0000][23984][gc           ] GC(354) Concurrent Cycle 270.704ms
[2020-09-03T11:17:11.912+0000][23984][gc,start     ] GC(355) Pause Young (Concurrent Start) (G1 Humongous Allocation)
[2020-09-03T11:17:11.912+0000][23984][gc,task      ] GC(355) Using 8 workers of 8 for evacuation
[2020-09-03T11:17:11.912+0000][23984][gc,age       ] GC(355) Desired survivor size 33030144 bytes, new threshold 15 (max threshold 15)
[2020-09-03T11:17:11.916+0000][23984][gc,age       ] GC(355) Age table with threshold 15 (max threshold 15)
[2020-09-03T11:17:11.916+0000][23984][gc,age       ] GC(355) - age   1:    3402744 bytes,    3402744 total
[2020-09-03T11:17:11.916+0000][23984][gc,age       ] GC(355) - age   2:       2736 bytes,    3405480 total
[2020-09-03T11:17:11.916+0000][23984][gc,age       ] GC(355) - age   3:      10624 bytes,    3416104 total
[2020-09-03T11:17:11.916+0000][23984][gc,age       ] GC(355) - age   4:        720 bytes,    3416824 total
[2020-09-03T11:17:11.916+0000][23984][gc,age       ] GC(355) - age   5:      11432 bytes,    3428256 total
[2020-09-03T11:17:11.916+0000][23984][gc,age       ] GC(355) - age   6:       2240 bytes,    3430496 total
[2020-09-03T11:17:11.916+0000][23984][gc,age       ] GC(355) - age   7:       1024 bytes,    3431520 total
[2020-09-03T11:17:11.916+0000][23984][gc,age       ] GC(355) - age   8:        576 bytes,    3432096 total
[2020-09-03T11:17:11.916+0000][23984][gc,age       ] GC(355) - age   9:        928 bytes,    3433024 total
[2020-09-03T11:17:11.916+0000][23984][gc,age       ] GC(355) - age  10:      10768 bytes,    3443792 total
[2020-09-03T11:17:11.916+0000][23984][gc,age       ] GC(355) - age  11:       1368 bytes,    3445160 total
[2020-09-03T11:17:11.916+0000][23984][gc,age       ] GC(355) - age  12:        512 bytes,    3445672 total
[2020-09-03T11:17:11.916+0000][23984][gc,age       ] GC(355) - age  13:       1208 bytes,    3446880 total
[2020-09-03T11:17:11.916+0000][23984][gc,age       ] GC(355) - age  14:      11464 bytes,    3458344 total
[2020-09-03T11:17:11.917+0000][23984][gc,age       ] GC(355) - age  15:      17448 bytes,    3475792 total
[2020-09-03T11:17:11.917+0000][23984][gc,phases    ] GC(355)   Pre Evacuate Collection Set: 0.5ms
[2020-09-03T11:17:11.917+0000][23984][gc,phases    ] GC(355)   Merge Heap Roots: 0.1ms
[2020-09-03T11:17:11.917+0000][23984][gc,phases    ] GC(355)   Evacuate Collection Set: 2.0ms
[2020-09-03T11:17:11.917+0000][23984][gc,phases    ] GC(355)   Post Evacuate Collection Set: 0.7ms
[2020-09-03T11:17:11.917+0000][23984][gc,phases    ] GC(355)   Other: 1.1ms
[2020-09-03T11:17:11.917+0000][23984][gc,heap      ] GC(355) Eden regions: 38->0(499)
[2020-09-03T11:17:11.917+0000][23984][gc,heap      ] GC(355) Survivor regions: 5->4(63)
[2020-09-03T11:17:11.917+0000][23984][gc,heap      ] GC(355) Old regions: 78->78
[2020-09-03T11:17:11.917+0000][23984][gc,heap      ] GC(355) Archive regions: 0->0
[2020-09-03T11:17:11.917+0000][23984][gc,heap      ] GC(355) Humongous regions: 236->174
[2020-09-03T11:17:11.917+0000][23984][gc,metaspace ] GC(355) Metaspace: 86764K(93312K)->86764K(93312K) NonClass: 75750K(79616K)->75750K(79616K) Class: 11014K(13696K)->11014K(13696K)
[2020-09-03T11:17:11.917+0000][23984][gc           ] GC(355) Pause Young (Concurrent Start) (G1 Humongous Allocation) 355M->254M(1024M) 4.874ms
[2020-09-03T11:17:11.917+0000][23984][gc,cpu       ] GC(355) User=0.00s Sys=0.00s Real=0.01s
[2020-09-03T11:17:11.917+0000][23984][gc           ] GC(356) Concurrent Cycle
[2020-09-03T11:17:11.917+0000][23984][safepoint    ] Safepoint "G1TryInitiateConcMark", Time since last: 2355600 ns, Reaching safepoint: 214500 ns, At safepoint: 5081900 ns, Total: 5296400 ns
[2020-09-03T11:17:11.917+0000][23984][gc,marking   ] GC(356) Concurrent Clear Claimed Marks
[2020-09-03T11:17:11.918+0000][23984][gc,marking   ] GC(356) Concurrent Clear Claimed Marks 0.405ms
[2020-09-03T11:17:11.918+0000][23984][gc,marking   ] GC(356) Concurrent Scan Root Regions
[2020-09-03T11:17:11.920+0000][23984][gc,marking   ] GC(356) Concurrent Scan Root Regions 2.524ms
[2020-09-03T11:17:11.920+0000][23984][gc,marking   ] GC(356) Concurrent Mark (180.922s)
[2020-09-03T11:17:11.920+0000][23984][gc,marking   ] GC(356) Concurrent Mark From Roots
[2020-09-03T11:17:11.921+0000][23984][gc,task      ] GC(356) Using 2 workers of 2 for marking
[2020-09-03T11:17:12.075+0000][23984][gc,marking   ] GC(356) Concurrent Mark From Roots 154.391ms
[2020-09-03T11:17:12.075+0000][23984][gc,marking   ] GC(356) Concurrent Preclean
[2020-09-03T11:17:12.076+0000][23984][gc,marking   ] GC(356) Concurrent Preclean 0.613ms
[2020-09-03T11:17:12.076+0000][23984][gc,marking   ] GC(356) Concurrent Mark (180.922s, 181.077s) 155.207ms
[2020-09-03T11:17:12.076+0000][23984][gc,start     ] GC(356) Pause Remark
[2020-09-03T11:17:12.081+0000][23984][gc           ] GC(356) Pause Remark 298M->298M(1024M) 5.148ms
[2020-09-03T11:17:12.081+0000][23984][gc,cpu       ] GC(356) User=0.00s Sys=0.00s Real=0.01s
[2020-09-03T11:17:12.081+0000][23984][safepoint    ] Safepoint "G1Concurrent", Time since last: 158443400 ns, Reaching safepoint: 174000 ns, At safepoint: 5336100 ns, Total: 5510100 ns
[2020-09-03T11:17:12.081+0000][23984][gc,marking   ] GC(356) Concurrent Rebuild Remembered Sets
[2020-09-03T11:17:12.168+0000][23984][gc,marking   ] GC(356) Concurrent Rebuild Remembered Sets 86.644ms
[2020-09-03T11:17:12.168+0000][23984][gc,start     ] GC(356) Pause Cleanup
[2020-09-03T11:17:12.169+0000][23984][gc           ] GC(356) Pause Cleanup 367M->367M(1024M) 0.313ms
[2020-09-03T11:17:12.169+0000][23984][gc,cpu       ] GC(356) User=0.00s Sys=0.00s Real=0.00s
[2020-09-03T11:17:12.169+0000][23984][safepoint    ] Safepoint "G1Concurrent", Time since last: 86843600 ns, Reaching safepoint: 150700 ns, At safepoint: 495200 ns, Total: 645900 ns
[2020-09-03T11:17:12.169+0000][23984][gc,marking   ] GC(356) Concurrent Cleanup for Next Mark
[2020-09-03T11:17:12.170+0000][23984][gc,marking   ] GC(356) Concurrent Cleanup for Next Mark 1.496ms
[2020-09-03T11:17:12.170+0000][23984][gc           ] GC(356) Concurrent Cycle 253.148ms
[2020-09-03T11:17:12.319+0000][23984][gc,start     ] GC(357) Pause Young (Concurrent Start) (G1 Humongous Allocation)
[2020-09-03T11:17:12.319+0000][23984][gc,task      ] GC(357) Using 8 workers of 8 for evacuation
[2020-09-03T11:17:12.319+0000][23984][gc,age       ] GC(357) Desired survivor size 33030144 bytes, new threshold 15 (max threshold 15)
[2020-09-03T11:17:12.323+0000][23984][gc,age       ] GC(357) Age table with threshold 15 (max threshold 15)
[2020-09-03T11:17:12.323+0000][23984][gc,age       ] GC(357) - age   1:    3279288 bytes,    3279288 total
[2020-09-03T11:17:12.323+0000][23984][gc,age       ] GC(357) - age   2:     602104 bytes,    3881392 total
[2020-09-03T11:17:12.323+0000][23984][gc,age       ] GC(357) - age   3:       2736 bytes,    3884128 total
[2020-09-03T11:17:12.323+0000][23984][gc,age       ] GC(357) - age   4:       6640 bytes,    3890768 total
[2020-09-03T11:17:12.323+0000][23984][gc,age       ] GC(357) - age   5:        336 bytes,    3891104 total
[2020-09-03T11:17:12.323+0000][23984][gc,age       ] GC(357) - age   6:      11304 bytes,    3902408 total
[2020-09-03T11:17:12.323+0000][23984][gc,age       ] GC(357) - age   7:       2112 bytes,    3904520 total
[2020-09-03T11:17:12.323+0000][23984][gc,age       ] GC(357) - age   8:        768 bytes,    3905288 total
[2020-09-03T11:17:12.323+0000][23984][gc,age       ] GC(357) - age   9:        544 bytes,    3905832 total
[2020-09-03T11:17:12.323+0000][23984][gc,age       ] GC(357) - age  10:        928 bytes,    3906760 total
[2020-09-03T11:17:12.323+0000][23984][gc,age       ] GC(357) - age  11:      10768 bytes,    3917528 total
[2020-09-03T11:17:12.323+0000][23984][gc,age       ] GC(357) - age  12:       1304 bytes,    3918832 total
[2020-09-03T11:17:12.323+0000][23984][gc,age       ] GC(357) - age  13:        512 bytes,    3919344 total
[2020-09-03T11:17:12.323+0000][23984][gc,age       ] GC(357) - age  14:       1208 bytes,    3920552 total
[2020-09-03T11:17:12.323+0000][23984][gc,age       ] GC(357) - age  15:      11432 bytes,    3931984 total
[2020-09-03T11:17:12.323+0000][23984][gc,phases    ] GC(357)   Pre Evacuate Collection Set: 0.4ms
[2020-09-03T11:17:12.323+0000][23984][gc,phases    ] GC(357)   Merge Heap Roots: 0.1ms
[2020-09-03T11:17:12.324+0000][23984][gc,phases    ] GC(357)   Evacuate Collection Set: 2.3ms
[2020-09-03T11:17:12.324+0000][23984][gc,phases    ] GC(357)   Post Evacuate Collection Set: 0.8ms
[2020-09-03T11:17:12.324+0000][23984][gc,phases    ] GC(357)   Other: 1.0ms
[2020-09-03T11:17:12.324+0000][23984][gc,heap      ] GC(357) Eden regions: 41->0(500)
[2020-09-03T11:17:12.324+0000][23984][gc,heap      ] GC(357) Survivor regions: 4->4(63)
[2020-09-03T11:17:12.324+0000][23984][gc,heap      ] GC(357) Old regions: 78->78
[2020-09-03T11:17:12.324+0000][23984][gc,heap      ] GC(357) Archive regions: 0->0
[2020-09-03T11:17:12.324+0000][23984][gc,heap      ] GC(357) Humongous regions: 257->174
[2020-09-03T11:17:12.324+0000][23984][gc,metaspace ] GC(357) Metaspace: 86766K(93312K)->86766K(93312K) NonClass: 75752K(79616K)->75752K(79616K) Class: 11014K(13696K)->11014K(13696K)
[2020-09-03T11:17:12.324+0000][23984][gc           ] GC(357) Pause Young (Concurrent Start) (G1 Humongous Allocation) 378M->255M(1024M) 5.066ms
[2020-09-03T11:17:12.324+0000][23984][gc,cpu       ] GC(357) User=0.00s Sys=0.00s Real=0.00s
[2020-09-03T11:17:12.324+0000][23984][safepoint    ] Safepoint "G1TryInitiateConcMark", Time since last: 149921400 ns, Reaching safepoint: 138600 ns, At safepoint: 5210800 ns, Total: 5349400 ns
[2020-09-03T11:17:12.324+0000][23984][gc           ] GC(358) Concurrent Cycle
[2020-09-03T11:17:12.324+0000][23984][gc,marking   ] GC(358) Concurrent Clear Claimed Marks
[2020-09-03T11:17:12.324+0000][23984][gc,marking   ] GC(358) Concurrent Clear Claimed Marks 0.402ms
[2020-09-03T11:17:12.325+0000][23984][gc,marking   ] GC(358) Concurrent Scan Root Regions
[2020-09-03T11:17:12.327+0000][23984][gc,marking   ] GC(358) Concurrent Scan Root Regions 2.536ms
[2020-09-03T11:17:12.327+0000][23984][gc,marking   ] GC(358) Concurrent Mark (181.329s)
[2020-09-03T11:17:12.327+0000][23984][gc,marking   ] GC(358) Concurrent Mark From Roots
[2020-09-03T11:17:12.327+0000][23984][gc,task      ] GC(358) Using 2 workers of 2 for marking
[2020-09-03T11:17:12.454+0000][23984][gc,marking   ] GC(358) Concurrent Mark From Roots 126.379ms
[2020-09-03T11:17:12.454+0000][23984][gc,marking   ] GC(358) Concurrent Preclean
[2020-09-03T11:17:12.454+0000][23984][gc,marking   ] GC(358) Concurrent Preclean 0.559ms
[2020-09-03T11:17:12.454+0000][23984][gc,marking   ] GC(358) Concurrent Mark (181.329s, 181.456s) 127.128ms
[2020-09-03T11:17:12.455+0000][23984][gc,start     ] GC(358) Pause Remark
[2020-09-03T11:17:12.461+0000][23984][gc           ] GC(358) Pause Remark 316M->316M(1024M) 6.212ms
[2020-09-03T11:17:12.461+0000][23984][gc,cpu       ] GC(358) User=0.00s Sys=0.00s Real=0.01s
[2020-09-03T11:17:12.461+0000][23984][safepoint    ] Safepoint "G1Concurrent", Time since last: 130493700 ns, Reaching safepoint: 146700 ns, At safepoint: 6441600 ns, Total: 6588300 ns
[2020-09-03T11:17:12.461+0000][23984][gc,marking   ] GC(358) Concurrent Rebuild Remembered Sets
[2020-09-03T11:17:12.546+0000][23984][gc,marking   ] GC(358) Concurrent Rebuild Remembered Sets 84.862ms
[2020-09-03T11:17:12.546+0000][23984][gc,start     ] GC(358) Pause Cleanup
[2020-09-03T11:17:12.547+0000][23984][gc           ] GC(358) Pause Cleanup 386M->386M(1024M) 0.303ms
[2020-09-03T11:17:12.547+0000][23984][gc,cpu       ] GC(358) User=0.00s Sys=0.00s Real=0.00s
[2020-09-03T11:17:12.547+0000][23984][safepoint    ] Safepoint "G1Concurrent", Time since last: 85045200 ns, Reaching safepoint: 145700 ns, At safepoint: 480600 ns, Total: 626300 ns
[2020-09-03T11:17:12.547+0000][23984][gc,marking   ] GC(358) Concurrent Cleanup for Next Mark
[2020-09-03T11:17:12.548+0000][23984][gc,marking   ] GC(358) Concurrent Cleanup for Next Mark 1.299ms
[2020-09-03T11:17:12.548+0000][23984][gc           ] GC(358) Concurrent Cycle 224.220ms
[2020-09-03T11:17:12.660+0000][23984][gc,start     ] GC(359) Pause Young (Concurrent Start) (G1 Humongous Allocation)
[2020-09-03T11:17:12.660+0000][23984][gc,task      ] GC(359) Using 8 workers of 8 for evacuation
[2020-09-03T11:17:12.660+0000][23984][gc,age       ] GC(359) Desired survivor size 33030144 bytes, new threshold 15 (max threshold 15)
[2020-09-03T11:17:12.664+0000][23984][gc,age       ] GC(359) Age table with threshold 15 (max threshold 15)
[2020-09-03T11:17:12.664+0000][23984][gc,age       ] GC(359) - age   1:    3279856 bytes,    3279856 total
[2020-09-03T11:17:12.664+0000][23984][gc,age       ] GC(359) - age   2:     407760 bytes,    3687616 total
[2020-09-03T11:17:12.664+0000][23984][gc,age       ] GC(359) - age   3:     204680 bytes,    3892296 total
[2020-09-03T11:17:12.664+0000][23984][gc,age       ] GC(359) - age   4:        880 bytes,    3893176 total
[2020-09-03T11:17:12.664+0000][23984][gc,age       ] GC(359) - age   5:       4216 bytes,    3897392 total
[2020-09-03T11:17:12.664+0000][23984][gc,age       ] GC(359) - age   6:        304 bytes,    3897696 total
[2020-09-03T11:17:12.664+0000][23984][gc,age       ] GC(359) - age   7:      11280 bytes,    3908976 total
[2020-09-03T11:17:12.664+0000][23984][gc,age       ] GC(359) - age   8:       1856 bytes,    3910832 total
[2020-09-03T11:17:12.664+0000][23984][gc,age       ] GC(359) - age   9:        736 bytes,    3911568 total
[2020-09-03T11:17:12.664+0000][23984][gc,age       ] GC(359) - age  10:        416 bytes,    3911984 total
[2020-09-03T11:17:12.664+0000][23984][gc,age       ] GC(359) - age  11:        928 bytes,    3912912 total
[2020-09-03T11:17:12.664+0000][23984][gc,age       ] GC(359) - age  12:      10768 bytes,    3923680 total
[2020-09-03T11:17:12.665+0000][23984][gc,age       ] GC(359) - age  13:       1304 bytes,    3924984 total
[2020-09-03T11:17:12.665+0000][23984][gc,age       ] GC(359) - age  14:        512 bytes,    3925496 total
[2020-09-03T11:17:12.665+0000][23984][gc,age       ] GC(359) - age  15:       1208 bytes,    3926704 total
[2020-09-03T11:17:12.665+0000][23984][gc,phases    ] GC(359)   Pre Evacuate Collection Set: 0.4ms
[2020-09-03T11:17:12.665+0000][23984][gc,phases    ] GC(359)   Merge Heap Roots: 0.1ms
[2020-09-03T11:17:12.665+0000][23984][gc,phases    ] GC(359)   Evacuate Collection Set: 2.3ms
[2020-09-03T11:17:12.665+0000][23984][gc,phases    ] GC(359)   Post Evacuate Collection Set: 0.8ms
[2020-09-03T11:17:12.665+0000][23984][gc,phases    ] GC(359)   Other: 1.0ms
[2020-09-03T11:17:12.665+0000][23984][gc,heap      ] GC(359) Eden regions: 42->0(500)
[2020-09-03T11:17:12.665+0000][23984][gc,heap      ] GC(359) Survivor regions: 4->4(63)
[2020-09-03T11:17:12.665+0000][23984][gc,heap      ] GC(359) Old regions: 78->78
[2020-09-03T11:17:12.665+0000][23984][gc,heap      ] GC(359) Archive regions: 0->0
[2020-09-03T11:17:12.665+0000][23984][gc,heap      ] GC(359) Humongous regions: 274->174
[2020-09-03T11:17:12.665+0000][23984][gc,metaspace ] GC(359) Metaspace: 86766K(93312K)->86766K(93312K) NonClass: 75752K(79616K)->75752K(79616K) Class: 11014K(13696K)->11014K(13696K)
[2020-09-03T11:17:12.665+0000][23984][gc           ] GC(359) Pause Young (Concurrent Start) (G1 Humongous Allocation) 397M->255M(1024M) 4.978ms
[2020-09-03T11:17:12.665+0000][23984][gc,cpu       ] GC(359) User=0.00s Sys=0.00s Real=0.00s
[2020-09-03T11:17:12.665+0000][23984][gc           ] GC(360) Concurrent Cycle
[2020-09-03T11:17:12.665+0000][23984][safepoint    ] Safepoint "G1TryInitiateConcMark", Time since last: 113130100 ns, Reaching safepoint: 198600 ns, At safepoint: 5191500 ns, Total: 5390100 ns
[2020-09-03T11:17:12.665+0000][23984][gc,marking   ] GC(360) Concurrent Clear Claimed Marks
[2020-09-03T11:17:12.666+0000][23984][gc,marking   ] GC(360) Concurrent Clear Claimed Marks 0.448ms
[2020-09-03T11:17:12.666+0000][23984][gc,marking   ] GC(360) Concurrent Scan Root Regions
[2020-09-03T11:17:12.668+0000][23984][gc,marking   ] GC(360) Concurrent Scan Root Regions 2.579ms
[2020-09-03T11:17:12.669+0000][23984][gc,marking   ] GC(360) Concurrent Mark (181.670s)
[2020-09-03T11:17:12.669+0000][23984][gc,marking   ] GC(360) Concurrent Mark From Roots
[2020-09-03T11:17:12.669+0000][23984][gc,task      ] GC(360) Using 2 workers of 2 for marking
[2020-09-03T11:17:12.763+0000][23984][gc,marking   ] GC(360) Concurrent Mark From Roots 94.495ms
[2020-09-03T11:17:12.763+0000][23984][gc,marking   ] GC(360) Concurrent Preclean
[2020-09-03T11:17:12.764+0000][23984][gc,marking   ] GC(360) Concurrent Preclean 0.407ms
[2020-09-03T11:17:12.764+0000][23984][gc,marking   ] GC(360) Concurrent Mark (181.670s, 181.765s) 95.032ms
[2020-09-03T11:17:12.764+0000][23984][gc,start     ] GC(360) Pause Remark
[2020-09-03T11:17:12.769+0000][23984][gc           ] GC(360) Pause Remark 315M->315M(1024M) 4.946ms
[2020-09-03T11:17:12.769+0000][23984][gc,cpu       ] GC(360) User=0.00s Sys=0.00s Real=0.01s
[2020-09-03T11:17:12.769+0000][23984][safepoint    ] Safepoint "G1Concurrent", Time since last: 98378100 ns, Reaching safepoint: 131400 ns, At safepoint: 5155300 ns, Total: 5286700 ns
[2020-09-03T11:17:12.769+0000][23984][gc,marking   ] GC(360) Concurrent Rebuild Remembered Sets
[2020-09-03T11:17:12.846+0000][23984][gc,marking   ] GC(360) Concurrent Rebuild Remembered Sets 77.318ms
[2020-09-03T11:17:12.847+0000][23984][gc,start     ] GC(360) Pause Cleanup
[2020-09-03T11:17:12.847+0000][23984][gc           ] GC(360) Pause Cleanup 332M->332M(1024M) 0.241ms
[2020-09-03T11:17:12.847+0000][23984][gc,cpu       ] GC(360) User=0.00s Sys=0.00s Real=0.00s
[2020-09-03T11:17:12.847+0000][23984][safepoint    ] Safepoint "G1Concurrent", Time since last: 77471300 ns, Reaching safepoint: 115400 ns, At safepoint: 362200 ns, Total: 477600 ns
[2020-09-03T11:17:12.847+0000][23984][gc,marking   ] GC(360) Concurrent Cleanup for Next Mark
[2020-09-03T11:17:12.848+0000][23984][gc,marking   ] GC(360) Concurrent Cleanup for Next Mark 1.063ms
[2020-09-03T11:17:12.848+0000][23984][gc           ] GC(360) Concurrent Cycle 182.814ms
[2020-09-03T11:17:12.852+0000][23984][gc,start     ] GC(361) Pause Young (Concurrent Start) (G1 Humongous Allocation)
[2020-09-03T11:17:12.852+0000][23984][gc,task      ] GC(361) Using 8 workers of 8 for evacuation
[2020-09-03T11:17:12.852+0000][23984][gc,age       ] GC(361) Desired survivor size 33030144 bytes, new threshold 15 (max threshold 15)
[2020-09-03T11:17:12.855+0000][23984][gc,age       ] GC(361) Age table with threshold 15 (max threshold 15)
[2020-09-03T11:17:12.855+0000][23984][gc,age       ] GC(361) - age   1:    2511416 bytes,    2511416 total
[2020-09-03T11:17:12.855+0000][23984][gc,age       ] GC(361) - age   2:       3176 bytes,    2514592 total
[2020-09-03T11:17:12.855+0000][23984][gc,age       ] GC(361) - age   3:       1952 bytes,    2516544 total
[2020-09-03T11:17:12.855+0000][23984][gc,age       ] GC(361) - age   4:       2000 bytes,    2518544 total
[2020-09-03T11:17:12.855+0000][23984][gc,age       ] GC(361) - age   5:        880 bytes,    2519424 total
[2020-09-03T11:17:12.855+0000][23984][gc,age       ] GC(361) - age   6:       1824 bytes,    2521248 total
[2020-09-03T11:17:12.855+0000][23984][gc,age       ] GC(361) - age   7:        304 bytes,    2521552 total
[2020-09-03T11:17:12.855+0000][23984][gc,age       ] GC(361) - age   8:      10680 bytes,    2532232 total
[2020-09-03T11:17:12.855+0000][23984][gc,age       ] GC(361) - age   9:       1824 bytes,    2534056 total
[2020-09-03T11:17:12.855+0000][23984][gc,age       ] GC(361) - age  10:        704 bytes,    2534760 total
[2020-09-03T11:17:12.855+0000][23984][gc,age       ] GC(361) - age  11:        352 bytes,    2535112 total
[2020-09-03T11:17:12.855+0000][23984][gc,age       ] GC(361) - age  12:        928 bytes,    2536040 total
[2020-09-03T11:17:12.855+0000][23984][gc,age       ] GC(361) - age  13:      10768 bytes,    2546808 total
[2020-09-03T11:17:12.855+0000][23984][gc,age       ] GC(361) - age  14:       1304 bytes,    2548112 total
[2020-09-03T11:17:12.855+0000][23984][gc,age       ] GC(361) - age  15:        512 bytes,    2548624 total
[2020-09-03T11:17:12.855+0000][23984][gc,phases    ] GC(361)   Pre Evacuate Collection Set: 0.4ms
[2020-09-03T11:17:12.855+0000][23984][gc,phases    ] GC(361)   Merge Heap Roots: 0.1ms
[2020-09-03T11:17:12.855+0000][23984][gc,phases    ] GC(361)   Evacuate Collection Set: 1.8ms
[2020-09-03T11:17:12.855+0000][23984][gc,phases    ] GC(361)   Post Evacuate Collection Set: 0.5ms
[2020-09-03T11:17:12.855+0000][23984][gc,phases    ] GC(361)   Other: 0.8ms
[2020-09-03T11:17:12.855+0000][23984][gc,heap      ] GC(361) Eden regions: 29->0(503)
[2020-09-03T11:17:12.855+0000][23984][gc,heap      ] GC(361) Survivor regions: 4->3(63)
[2020-09-03T11:17:12.855+0000][23984][gc,heap      ] GC(361) Old regions: 78->78
[2020-09-03T11:17:12.855+0000][23984][gc,heap      ] GC(361) Archive regions: 0->0
[2020-09-03T11:17:12.855+0000][23984][gc,heap      ] GC(361) Humongous regions: 229->174
[2020-09-03T11:17:12.855+0000][23984][gc,metaspace ] GC(361) Metaspace: 86773K(93312K)->86773K(93312K) NonClass: 75758K(79616K)->75758K(79616K) Class: 11014K(13696K)->11014K(13696K)
[2020-09-03T11:17:12.855+0000][23984][gc           ] GC(361) Pause Young (Concurrent Start) (G1 Humongous Allocation) 339M->254M(1024M) 3.695ms
[2020-09-03T11:17:12.855+0000][23984][gc,cpu       ] GC(361) User=0.00s Sys=0.00s Real=0.00s
[2020-09-03T11:17:12.855+0000][23984][safepoint    ] Safepoint "G1TryInitiateConcMark", Time since last: 4499800 ns, Reaching safepoint: 141200 ns, At safepoint: 3838500 ns, Total: 3979700 ns
[2020-09-03T11:17:12.855+0000][23984][gc           ] GC(362) Concurrent Cycle
[2020-09-03T11:17:12.855+0000][23984][gc,marking   ] GC(362) Concurrent Clear Claimed Marks
[2020-09-03T11:17:12.856+0000][23984][gc,marking   ] GC(362) Concurrent Clear Claimed Marks 0.345ms
[2020-09-03T11:17:12.856+0000][23984][gc,marking   ] GC(362) Concurrent Scan Root Regions
[2020-09-03T11:17:12.857+0000][23984][gc,marking   ] GC(362) Concurrent Scan Root Regions 1.334ms
[2020-09-03T11:17:12.857+0000][23984][gc,marking   ] GC(362) Concurrent Mark (181.859s)
[2020-09-03T11:17:12.857+0000][23984][gc,marking   ] GC(362) Concurrent Mark From Roots
[2020-09-03T11:17:12.857+0000][23984][gc,task      ] GC(362) Using 2 workers of 2 for marking
[2020-09-03T11:17:12.959+0000][23984][gc,marking   ] GC(362) Concurrent Mark From Roots 101.817ms
[2020-09-03T11:17:12.959+0000][23984][gc,marking   ] GC(362) Concurrent Preclean
[2020-09-03T11:17:12.960+0000][23984][gc,marking   ] GC(362) Concurrent Preclean 0.410ms
[2020-09-03T11:17:12.960+0000][23984][gc,marking   ] GC(362) Concurrent Mark (181.859s, 181.961s) 102.387ms
[2020-09-03T11:17:12.960+0000][23984][gc,start     ] GC(362) Pause Remark
[2020-09-03T11:17:12.965+0000][23984][gc           ] GC(362) Pause Remark 307M->307M(1024M) 5.633ms
[2020-09-03T11:17:12.966+0000][23984][gc,cpu       ] GC(362) User=0.00s Sys=0.00s Real=0.01s
[2020-09-03T11:17:12.966+0000][23984][safepoint    ] Safepoint "G1Concurrent", Time since last: 104326800 ns, Reaching safepoint: 130400 ns, At safepoint: 5818800 ns, Total: 5949200 ns
[2020-09-03T11:17:12.966+0000][23984][gc,marking   ] GC(362) Concurrent Rebuild Remembered Sets
[2020-09-03T11:17:13.049+0000][23984][gc,marking   ] GC(362) Concurrent Rebuild Remembered Sets 82.892ms
[2020-09-03T11:17:13.049+0000][23984][gc,start     ] GC(362) Pause Cleanup
[2020-09-03T11:17:13.049+0000][23984][gc           ] GC(362) Pause Cleanup 314M->314M(1024M) 0.342ms
[2020-09-03T11:17:13.049+0000][23984][gc,cpu       ] GC(362) User=0.00s Sys=0.00s Real=0.00s
[2020-09-03T11:17:13.051+0000][23984][safepoint    ] Safepoint "G1Concurrent", Time since last: 83060700 ns, Reaching safepoint: 161900 ns, At safepoint: 2311200 ns, Total: 2473100 ns
[2020-09-03T11:17:13.051+0000][23984][gc,marking   ] GC(362) Concurrent Cleanup for Next Mark
[2020-09-03T11:17:13.053+0000][23984][gc,marking   ] GC(362) Concurrent Cleanup for Next Mark 1.740ms
[2020-09-03T11:17:13.053+0000][23984][gc           ] GC(362) Concurrent Cycle 197.971ms
[2020-09-03T11:17:13.123+0000][23984][gc,start     ] GC(363) Pause Young (Concurrent Start) (G1 Humongous Allocation)
[2020-09-03T11:17:13.124+0000][23984][gc,task      ] GC(363) Using 8 workers of 8 for evacuation
[2020-09-03T11:17:13.124+0000][23984][gc,age       ] GC(363) Desired survivor size 33554432 bytes, new threshold 15 (max threshold 15)
[2020-09-03T11:17:13.127+0000][23984][gc,age       ] GC(363) Age table with threshold 15 (max threshold 15)
[2020-09-03T11:17:13.127+0000][23984][gc,age       ] GC(363) - age   1:    2578560 bytes,    2578560 total
[2020-09-03T11:17:13.127+0000][23984][gc,age       ] GC(363) - age   2:      33920 bytes,    2612480 total
[2020-09-03T11:17:13.127+0000][23984][gc,age       ] GC(363) - age   3:       2896 bytes,    2615376 total
[2020-09-03T11:17:13.127+0000][23984][gc,age       ] GC(363) - age   4:       1952 bytes,    2617328 total
[2020-09-03T11:17:13.128+0000][23984][gc,age       ] GC(363) - age   5:       1768 bytes,    2619096 total
[2020-09-03T11:17:13.128+0000][23984][gc,age       ] GC(363) - age   6:        880 bytes,    2619976 total
[2020-09-03T11:17:13.128+0000][23984][gc,age       ] GC(363) - age   7:       1760 bytes,    2621736 total
[2020-09-03T11:17:13.128+0000][23984][gc,age       ] GC(363) - age   8:        208 bytes,    2621944 total
[2020-09-03T11:17:13.128+0000][23984][gc,age       ] GC(363) - age   9:      10648 bytes,    2632592 total
[2020-09-03T11:17:13.128+0000][23984][gc,age       ] GC(363) - age  10:       1824 bytes,    2634416 total
[2020-09-03T11:17:13.128+0000][23984][gc,age       ] GC(363) - age  11:        704 bytes,    2635120 total
[2020-09-03T11:17:13.128+0000][23984][gc,age       ] GC(363) - age  12:        352 bytes,    2635472 total
[2020-09-03T11:17:13.128+0000][23984][gc,age       ] GC(363) - age  13:        896 bytes,    2636368 total
[2020-09-03T11:17:13.128+0000][23984][gc,age       ] GC(363) - age  14:      10768 bytes,    2647136 total
[2020-09-03T11:17:13.128+0000][23984][gc,age       ] GC(363) - age  15:       1304 bytes,    2648440 total
[2020-09-03T11:17:13.128+0000][23984][gc,phases    ] GC(363)   Pre Evacuate Collection Set: 0.5ms
[2020-09-03T11:17:13.128+0000][23984][gc,phases    ] GC(363)   Merge Heap Roots: 0.1ms
[2020-09-03T11:17:13.128+0000][23984][gc,phases    ] GC(363)   Evacuate Collection Set: 2.2ms
[2020-09-03T11:17:13.128+0000][23984][gc,phases    ] GC(363)   Post Evacuate Collection Set: 0.7ms
[2020-09-03T11:17:13.128+0000][23984][gc,phases    ] GC(363)   Other: 1.1ms
[2020-09-03T11:17:13.128+0000][23984][gc,heap      ] GC(363) Eden regions: 24->0(503)
[2020-09-03T11:17:13.128+0000][23984][gc,heap      ] GC(363) Survivor regions: 3->3(64)
[2020-09-03T11:17:13.128+0000][23984][gc,heap      ] GC(363) Old regions: 78->78
[2020-09-03T11:17:13.128+0000][23984][gc,heap      ] GC(363) Archive regions: 0->0
[2020-09-03T11:17:13.128+0000][23984][gc,heap      ] GC(363) Humongous regions: 229->174
[2020-09-03T11:17:13.128+0000][23984][gc,metaspace ] GC(363) Metaspace: 87065K(93312K)->87065K(93312K) NonClass: 76003K(79616K)->76003K(79616K) Class: 11062K(13696K)->11062K(13696K)
[2020-09-03T11:17:13.128+0000][23984][gc           ] GC(363) Pause Young (Concurrent Start) (G1 Humongous Allocation) 332M->254M(1024M) 4.995ms
[2020-09-03T11:17:13.128+0000][23984][gc,cpu       ] GC(363) User=0.00s Sys=0.00s Real=0.01s
[2020-09-03T11:17:13.128+0000][23984][gc           ] GC(364) Concurrent Cycle
[2020-09-03T11:17:13.128+0000][23984][safepoint    ] Safepoint "G1TryInitiateConcMark", Time since last: 71885800 ns, Reaching safepoint: 220100 ns, At safepoint: 5204100 ns, Total: 5424200 ns
[2020-09-03T11:17:13.129+0000][23984][gc,marking   ] GC(364) Concurrent Clear Claimed Marks
[2020-09-03T11:17:13.129+0000][23984][gc,marking   ] GC(364) Concurrent Clear Claimed Marks 0.403ms
[2020-09-03T11:17:13.129+0000][23984][gc,marking   ] GC(364) Concurrent Scan Root Regions
[2020-09-03T11:17:13.131+0000][23984][gc,marking   ] GC(364) Concurrent Scan Root Regions 2.110ms
[2020-09-03T11:17:13.131+0000][23984][gc,marking   ] GC(364) Concurrent Mark (182.133s)
[2020-09-03T11:17:13.131+0000][23984][gc,marking   ] GC(364) Concurrent Mark From Roots
[2020-09-03T11:17:13.131+0000][23984][gc,task      ] GC(364) Using 2 workers of 2 for marking
[2020-09-03T11:17:13.275+0000][23984][gc,marking   ] GC(364) Concurrent Mark From Roots 143.713ms
[2020-09-03T11:17:13.275+0000][23984][gc,marking   ] GC(364) Concurrent Preclean
[2020-09-03T11:17:13.276+0000][23984][gc,marking   ] GC(364) Concurrent Preclean 0.606ms
[2020-09-03T11:17:13.276+0000][23984][gc,marking   ] GC(364) Concurrent Mark (182.133s, 182.277s) 144.504ms
[2020-09-03T11:17:13.276+0000][23984][gc,start     ] GC(364) Pause Remark
[2020-09-03T11:17:13.284+0000][23984][gc           ] GC(364) Pause Remark 299M->299M(1024M) 7.696ms
[2020-09-03T11:17:13.284+0000][23984][gc,cpu       ] GC(364) User=0.11s Sys=0.00s Real=0.01s
[2020-09-03T11:17:13.284+0000][23984][safepoint    ] Safepoint "G1Concurrent", Time since last: 147299900 ns, Reaching safepoint: 145600 ns, At safepoint: 7915400 ns, Total: 8061000 ns
[2020-09-03T11:17:13.284+0000][23984][gc,marking   ] GC(364) Concurrent Rebuild Remembered Sets
[2020-09-03T11:17:13.379+0000][23984][gc,marking   ] GC(364) Concurrent Rebuild Remembered Sets 94.740ms
[2020-09-03T11:17:13.379+0000][23984][gc,start     ] GC(364) Pause Cleanup
[2020-09-03T11:17:13.379+0000][23984][gc           ] GC(364) Pause Cleanup 300M->300M(1024M) 0.331ms
[2020-09-03T11:17:13.379+0000][23984][gc,cpu       ] GC(364) User=0.00s Sys=0.00s Real=0.00s
[2020-09-03T11:17:13.379+0000][23984][safepoint    ] Safepoint "G1Concurrent", Time since last: 94917400 ns, Reaching safepoint: 161600 ns, At safepoint: 531700 ns, Total: 693300 ns
[2020-09-03T11:17:13.380+0000][23984][gc,marking   ] GC(364) Concurrent Cleanup for Next Mark
[2020-09-03T11:17:13.381+0000][23984][gc,marking   ] GC(364) Concurrent Cleanup for Next Mark 1.534ms
[2020-09-03T11:17:13.381+0000][23984][gc           ] GC(364) Concurrent Cycle 252.772ms
[2020-09-03T11:17:13.523+0000][23984][gc,start     ] GC(365) Pause Young (Concurrent Start) (G1 Humongous Allocation)
[2020-09-03T11:17:13.523+0000][23984][gc,task      ] GC(365) Using 8 workers of 8 for evacuation
[2020-09-03T11:17:13.523+0000][23984][gc,age       ] GC(365) Desired survivor size 33554432 bytes, new threshold 15 (max threshold 15)
[2020-09-03T11:17:13.528+0000][23984][gc,age       ] GC(365) Age table with threshold 15 (max threshold 15)
[2020-09-03T11:17:13.528+0000][23984][gc,age       ] GC(365) - age   1:    7711576 bytes,    7711576 total
[2020-09-03T11:17:13.528+0000][23984][gc,age       ] GC(365) - age   2:     127904 bytes,    7839480 total
[2020-09-03T11:17:13.528+0000][23984][gc,age       ] GC(365) - age   3:      31224 bytes,    7870704 total
[2020-09-03T11:17:13.528+0000][23984][gc,age       ] GC(365) - age   4:       2112 bytes,    7872816 total
[2020-09-03T11:17:13.528+0000][23984][gc,age       ] GC(365) - age   5:       1456 bytes,    7874272 total
[2020-09-03T11:17:13.528+0000][23984][gc,age       ] GC(365) - age   6:       1312 bytes,    7875584 total
[2020-09-03T11:17:13.528+0000][23984][gc,age       ] GC(365) - age   7:        880 bytes,    7876464 total
[2020-09-03T11:17:13.528+0000][23984][gc,age       ] GC(365) - age   8:       1632 bytes,    7878096 total
[2020-09-03T11:17:13.528+0000][23984][gc,age       ] GC(365) - age   9:        176 bytes,    7878272 total
[2020-09-03T11:17:13.529+0000][23984][gc,age       ] GC(365) - age  10:      10648 bytes,    7888920 total
[2020-09-03T11:17:13.529+0000][23984][gc,age       ] GC(365) - age  11:       1824 bytes,    7890744 total
[2020-09-03T11:17:13.529+0000][23984][gc,age       ] GC(365) - age  12:        704 bytes,    7891448 total
[2020-09-03T11:17:13.529+0000][23984][gc,age       ] GC(365) - age  13:        320 bytes,    7891768 total
[2020-09-03T11:17:13.529+0000][23984][gc,age       ] GC(365) - age  14:        896 bytes,    7892664 total
[2020-09-03T11:17:13.529+0000][23984][gc,age       ] GC(365) - age  15:      10768 bytes,    7903432 total
[2020-09-03T11:17:13.529+0000][23984][gc,phases    ] GC(365)   Pre Evacuate Collection Set: 0.7ms
[2020-09-03T11:17:13.529+0000][23984][gc,phases    ] GC(365)   Merge Heap Roots: 0.1ms
[2020-09-03T11:17:13.529+0000][23984][gc,phases    ] GC(365)   Evacuate Collection Set: 3.4ms
[2020-09-03T11:17:13.529+0000][23984][gc,phases    ] GC(365)   Post Evacuate Collection Set: 0.8ms
[2020-09-03T11:17:13.529+0000][23984][gc,phases    ] GC(365)   Other: 1.3ms
[2020-09-03T11:17:13.529+0000][23984][gc,heap      ] GC(365) Eden regions: 31->0(494)
[2020-09-03T11:17:13.529+0000][23984][gc,heap      ] GC(365) Survivor regions: 3->8(64)
[2020-09-03T11:17:13.529+0000][23984][gc,heap      ] GC(365) Old regions: 78->78
[2020-09-03T11:17:13.529+0000][23984][gc,heap      ] GC(365) Archive regions: 0->0
[2020-09-03T11:17:13.529+0000][23984][gc,heap      ] GC(365) Humongous regions: 229->174
[2020-09-03T11:17:13.529+0000][23984][gc,metaspace ] GC(365) Metaspace: 87065K(93312K)->87065K(93312K) NonClass: 76003K(79616K)->76003K(79616K) Class: 11062K(13696K)->11062K(13696K)
[2020-09-03T11:17:13.529+0000][23984][gc           ] GC(365) Pause Young (Concurrent Start) (G1 Humongous Allocation) 340M->259M(1024M) 6.673ms
[2020-09-03T11:17:13.529+0000][23984][gc,cpu       ] GC(365) User=0.00s Sys=0.00s Real=0.01s
[2020-09-03T11:17:13.529+0000][23984][gc           ] GC(366) Concurrent Cycle
[2020-09-03T11:17:13.529+0000][23984][gc,marking   ] GC(366) Concurrent Clear Claimed Marks
[2020-09-03T11:17:13.530+0000][23984][gc,marking   ] GC(366) Concurrent Clear Claimed Marks 0.530ms
[2020-09-03T11:17:13.530+0000][23984][gc,marking   ] GC(366) Concurrent Scan Root Regions
[2020-09-03T11:17:13.532+0000][23984][gc,marking   ] GC(366) Concurrent Scan Root Regions 1.980ms
[2020-09-03T11:17:13.532+0000][23984][gc,marking   ] GC(366) Concurrent Mark (182.533s)
[2020-09-03T11:17:13.532+0000][23984][gc,marking   ] GC(366) Concurrent Mark From Roots
[2020-09-03T11:17:13.532+0000][23984][gc,task      ] GC(366) Using 2 workers of 2 for marking
[2020-09-03T11:17:13.536+0000][23984][safepoint    ] Safepoint "G1TryInitiateConcMark", Time since last: 142737400 ns, Reaching safepoint: 291900 ns, At safepoint: 13765500 ns, Total: 14057400 ns
[2020-09-03T11:17:13.694+0000][23984][gc,marking   ] GC(366) Concurrent Mark From Roots 161.384ms
[2020-09-03T11:17:13.694+0000][23984][gc,marking   ] GC(366) Concurrent Preclean
[2020-09-03T11:17:13.694+0000][23984][gc,marking   ] GC(366) Concurrent Preclean 0.717ms
[2020-09-03T11:17:13.694+0000][23984][gc,marking   ] GC(366) Concurrent Mark (182.533s, 182.696s) 162.310ms
[2020-09-03T11:17:13.695+0000][23984][gc,start     ] GC(366) Pause Remark
[2020-09-03T11:17:13.701+0000][23984][gc           ] GC(366) Pause Remark 484M->484M(1024M) 5.868ms
[2020-09-03T11:17:13.701+0000][23984][gc,cpu       ] GC(366) User=0.09s Sys=0.02s Real=0.01s
[2020-09-03T11:17:13.702+0000][23984][safepoint    ] Safepoint "G1Concurrent", Time since last: 158253700 ns, Reaching safepoint: 156300 ns, At safepoint: 7252300 ns, Total: 7408600 ns
[2020-09-03T11:17:13.702+0000][23984][gc,marking   ] GC(366) Concurrent Rebuild Remembered Sets
[2020-09-03T11:17:13.800+0000][23984][gc,marking   ] GC(366) Concurrent Rebuild Remembered Sets 98.059ms
[2020-09-03T11:17:13.809+0000][23984][gc,start     ] GC(366) Pause Cleanup
[2020-09-03T11:17:13.809+0000][23984][gc           ] GC(366) Pause Cleanup 490M->490M(1024M) 0.339ms
[2020-09-03T11:17:13.809+0000][23984][gc,cpu       ] GC(366) User=0.00s Sys=0.00s Real=0.00s
[2020-09-03T11:17:13.809+0000][23984][safepoint    ] Safepoint "G1Concurrent", Time since last: 98316200 ns, Reaching safepoint: 8435600 ns, At safepoint: 827800 ns, Total: 9263400 ns
[2020-09-03T11:17:13.810+0000][23984][gc,marking   ] GC(366) Concurrent Cleanup for Next Mark
[2020-09-03T11:17:13.811+0000][23984][gc,marking   ] GC(366) Concurrent Cleanup for Next Mark 1.714ms
[2020-09-03T11:17:13.811+0000][23984][gc           ] GC(366) Concurrent Cycle 282.023ms
[2020-09-03T11:17:14.008+0000][23984][gc,start     ] GC(367) Pause Young (Concurrent Start) (G1 Humongous Allocation)
[2020-09-03T11:17:14.009+0000][23984][gc,task      ] GC(367) Using 8 workers of 8 for evacuation
[2020-09-03T11:17:14.009+0000][23984][gc,age       ] GC(367) Desired survivor size 33030144 bytes, new threshold 15 (max threshold 15)
[2020-09-03T11:17:14.013+0000][23984][gc,age       ] GC(367) Age table with threshold 15 (max threshold 15)
[2020-09-03T11:17:14.013+0000][23984][gc,age       ] GC(367) - age   1:     719640 bytes,     719640 total
[2020-09-03T11:17:14.013+0000][23984][gc,age       ] GC(367) - age   2:    2485232 bytes,    3204872 total
[2020-09-03T11:17:14.013+0000][23984][gc,age       ] GC(367) - age   3:     127544 bytes,    3332416 total
[2020-09-03T11:17:14.013+0000][23984][gc,age       ] GC(367) - age   4:      24400 bytes,    3356816 total
[2020-09-03T11:17:14.013+0000][23984][gc,age       ] GC(367) - age   5:       1448 bytes,    3358264 total
[2020-09-03T11:17:14.013+0000][23984][gc,age       ] GC(367) - age   6:       1064 bytes,    3359328 total
[2020-09-03T11:17:14.013+0000][23984][gc,age       ] GC(367) - age   7:       1312 bytes,    3360640 total
[2020-09-03T11:17:14.013+0000][23984][gc,age       ] GC(367) - age   8:        880 bytes,    3361520 total
[2020-09-03T11:17:14.013+0000][23984][gc,age       ] GC(367) - age   9:       1632 bytes,    3363152 total
[2020-09-03T11:17:14.013+0000][23984][gc,age       ] GC(367) - age  10:        176 bytes,    3363328 total
[2020-09-03T11:17:14.013+0000][23984][gc,age       ] GC(367) - age  11:      10648 bytes,    3373976 total
[2020-09-03T11:17:14.013+0000][23984][gc,age       ] GC(367) - age  12:       1824 bytes,    3375800 total
[2020-09-03T11:17:14.013+0000][23984][gc,age       ] GC(367) - age  13:        704 bytes,    3376504 total
[2020-09-03T11:17:14.013+0000][23984][gc,age       ] GC(367) - age  14:        320 bytes,    3376824 total
[2020-09-03T11:17:14.013+0000][23984][gc,age       ] GC(367) - age  15:        864 bytes,    3377688 total
[2020-09-03T11:17:14.013+0000][23984][gc,phases    ] GC(367)   Pre Evacuate Collection Set: 0.5ms
[2020-09-03T11:17:14.013+0000][23984][gc,phases    ] GC(367)   Merge Heap Roots: 0.1ms
[2020-09-03T11:17:14.013+0000][23984][gc,phases    ] GC(367)   Evacuate Collection Set: 2.5ms
[2020-09-03T11:17:14.013+0000][23984][gc,phases    ] GC(367)   Post Evacuate Collection Set: 0.8ms
[2020-09-03T11:17:14.013+0000][23984][gc,phases    ] GC(367)   Other: 1.2ms
[2020-09-03T11:17:14.014+0000][23984][gc,heap      ] GC(367) Eden regions: 61->0(501)
[2020-09-03T11:17:14.014+0000][23984][gc,heap      ] GC(367) Survivor regions: 8->4(63)
[2020-09-03T11:17:14.014+0000][23984][gc,heap      ] GC(367) Old regions: 78->78
[2020-09-03T11:17:14.014+0000][23984][gc,heap      ] GC(367) Archive regions: 0->0
[2020-09-03T11:17:14.014+0000][23984][gc,heap      ] GC(367) Humongous regions: 359->174
[2020-09-03T11:17:14.014+0000][23984][gc,metaspace ] GC(367) Metaspace: 87066K(93312K)->87066K(93312K) NonClass: 76003K(79616K)->76003K(79616K) Class: 11062K(13696K)->11062K(13696K)
[2020-09-03T11:17:14.014+0000][23984][gc           ] GC(367) Pause Young (Concurrent Start) (G1 Humongous Allocation) 505M->254M(1024M) 5.306ms
[2020-09-03T11:17:14.014+0000][23984][gc,cpu       ] GC(367) User=0.05s Sys=0.00s Real=0.01s
[2020-09-03T11:17:14.014+0000][23984][gc           ] GC(368) Concurrent Cycle
[2020-09-03T11:17:14.014+0000][23984][gc,marking   ] GC(368) Concurrent Clear Claimed Marks
[2020-09-03T11:17:14.014+0000][23984][gc,marking   ] GC(368) Concurrent Clear Claimed Marks 0.300ms
[2020-09-03T11:17:14.014+0000][23984][gc,marking   ] GC(368) Concurrent Scan Root Regions
[2020-09-03T11:17:14.016+0000][23984][safepoint    ] Safepoint "G1TryInitiateConcMark", Time since last: 198523300 ns, Reaching safepoint: 284800 ns, At safepoint: 7483700 ns, Total: 7768500 ns
[2020-09-03T11:17:14.017+0000][23984][gc,marking   ] GC(368) Concurrent Scan Root Regions 2.349ms
[2020-09-03T11:17:14.017+0000][23984][gc,marking   ] GC(368) Concurrent Mark (183.018s)
[2020-09-03T11:17:14.017+0000][23984][gc,marking   ] GC(368) Concurrent Mark From Roots
[2020-09-03T11:17:14.017+0000][23984][gc,task      ] GC(368) Using 2 workers of 2 for marking
[2020-09-03T11:17:14.170+0000][23984][gc,marking   ] GC(368) Concurrent Mark From Roots 152.895ms
[2020-09-03T11:17:14.170+0000][23984][gc,marking   ] GC(368) Concurrent Preclean
[2020-09-03T11:17:14.171+0000][23984][gc,marking   ] GC(368) Concurrent Preclean 0.816ms
[2020-09-03T11:17:14.171+0000][23984][gc,marking   ] GC(368) Concurrent Mark (183.018s, 183.172s) 153.949ms
[2020-09-03T11:17:14.171+0000][23984][gc,start     ] GC(368) Pause Remark
[2020-09-03T11:17:14.177+0000][23984][gc           ] GC(368) Pause Remark 319M->319M(1024M) 6.013ms
[2020-09-03T11:17:14.177+0000][23984][gc,cpu       ] GC(368) User=0.00s Sys=0.00s Real=0.01s
[2020-09-03T11:17:14.177+0000][23984][safepoint    ] Safepoint "G1Concurrent", Time since last: 155015700 ns, Reaching safepoint: 157400 ns, At safepoint: 6262700 ns, Total: 6420100 ns
[2020-09-03T11:17:14.177+0000][23984][gc,marking   ] GC(368) Concurrent Rebuild Remembered Sets
[2020-09-03T11:17:14.276+0000][23984][gc,marking   ] GC(368) Concurrent Rebuild Remembered Sets 99.053ms
[2020-09-03T11:17:14.277+0000][23984][gc,start     ] GC(368) Pause Cleanup
[2020-09-03T11:17:14.277+0000][23984][gc           ] GC(368) Pause Cleanup 321M->321M(1024M) 0.281ms
[2020-09-03T11:17:14.277+0000][23984][gc,cpu       ] GC(368) User=0.00s Sys=0.00s Real=0.00s
[2020-09-03T11:17:14.277+0000][23984][safepoint    ] Safepoint "G1Concurrent", Time since last: 99225500 ns, Reaching safepoint: 181800 ns, At safepoint: 454000 ns, Total: 635800 ns
[2020-09-03T11:17:14.277+0000][23984][gc,marking   ] GC(368) Concurrent Cleanup for Next Mark
[2020-09-03T11:17:14.279+0000][23984][gc,marking   ] GC(368) Concurrent Cleanup for Next Mark 1.595ms
[2020-09-03T11:17:14.279+0000][23984][gc           ] GC(368) Concurrent Cycle 265.014ms
[2020-09-03T11:17:14.374+0000][23984][gc,start     ] GC(369) Pause Young (Concurrent Start) (G1 Humongous Allocation)
[2020-09-03T11:17:14.374+0000][23984][gc,task      ] GC(369) Using 8 workers of 8 for evacuation
[2020-09-03T11:17:14.374+0000][23984][gc,age       ] GC(369) Desired survivor size 33554432 bytes, new threshold 15 (max threshold 15)
[2020-09-03T11:17:14.377+0000][23984][gc,age       ] GC(369) Age table with threshold 15 (max threshold 15)
[2020-09-03T11:17:14.377+0000][23984][gc,age       ] GC(369) - age   1:    2544288 bytes,    2544288 total
[2020-09-03T11:17:14.377+0000][23984][gc,age       ] GC(369) - age   2:       2496 bytes,    2546784 total
[2020-09-03T11:17:14.378+0000][23984][gc,age       ] GC(369) - age   3:       3952 bytes,    2550736 total
[2020-09-03T11:17:14.378+0000][23984][gc,age       ] GC(369) - age   4:     127328 bytes,    2678064 total
[2020-09-03T11:17:14.378+0000][23984][gc,age       ] GC(369) - age   5:      18688 bytes,    2696752 total
[2020-09-03T11:17:14.378+0000][23984][gc,age       ] GC(369) - age   6:       1272 bytes,    2698024 total
[2020-09-03T11:17:14.378+0000][23984][gc,age       ] GC(369) - age   7:        968 bytes,    2698992 total
[2020-09-03T11:17:14.378+0000][23984][gc,age       ] GC(369) - age   8:       1152 bytes,    2700144 total
[2020-09-03T11:17:14.378+0000][23984][gc,age       ] GC(369) - age   9:        824 bytes,    2700968 total
[2020-09-03T11:17:14.378+0000][23984][gc,age       ] GC(369) - age  10:       1408 bytes,    2702376 total
[2020-09-03T11:17:14.378+0000][23984][gc,age       ] GC(369) - age  11:        152 bytes,    2702528 total
[2020-09-03T11:17:14.378+0000][23984][gc,age       ] GC(369) - age  12:      10648 bytes,    2713176 total
[2020-09-03T11:17:14.378+0000][23984][gc,age       ] GC(369) - age  13:       1824 bytes,    2715000 total
[2020-09-03T11:17:14.378+0000][23984][gc,age       ] GC(369) - age  14:        640 bytes,    2715640 total
[2020-09-03T11:17:14.378+0000][23984][gc,age       ] GC(369) - age  15:        288 bytes,    2715928 total
[2020-09-03T11:17:14.378+0000][23984][gc,phases    ] GC(369)   Pre Evacuate Collection Set: 0.4ms
[2020-09-03T11:17:14.378+0000][23984][gc,phases    ] GC(369)   Merge Heap Roots: 0.1ms
[2020-09-03T11:17:14.378+0000][23984][gc,phases    ] GC(369)   Evacuate Collection Set: 2.0ms
[2020-09-03T11:17:14.378+0000][23984][gc,phases    ] GC(369)   Post Evacuate Collection Set: 0.8ms
[2020-09-03T11:17:14.378+0000][23984][gc,phases    ] GC(369)   Other: 1.2ms
[2020-09-03T11:17:14.378+0000][23984][gc,heap      ] GC(369) Eden regions: 31->0(501)
[2020-09-03T11:17:14.378+0000][23984][gc,heap      ] GC(369) Survivor regions: 4->3(64)
[2020-09-03T11:17:14.379+0000][23984][gc,heap      ] GC(369) Old regions: 78->78
[2020-09-03T11:17:14.379+0000][23984][gc,heap      ] GC(369) Archive regions: 0->0
[2020-09-03T11:17:14.379+0000][23984][gc,heap      ] GC(369) Humongous regions: 229->174
[2020-09-03T11:17:14.379+0000][23984][gc,metaspace ] GC(369) Metaspace: 87066K(93312K)->87066K(93312K) NonClass: 76003K(79616K)->76003K(79616K) Class: 11062K(13696K)->11062K(13696K)
[2020-09-03T11:17:14.379+0000][23984][gc           ] GC(369) Pause Young (Concurrent Start) (G1 Humongous Allocation) 340M->254M(1024M) 4.991ms
[2020-09-03T11:17:14.379+0000][23984][gc,cpu       ] GC(369) User=0.00s Sys=0.00s Real=0.00s
[2020-09-03T11:17:14.379+0000][23984][safepoint    ] Safepoint "G1TryInitiateConcMark", Time since last: 96603700 ns, Reaching safepoint: 185300 ns, At safepoint: 5171500 ns, Total: 5356800 ns
[2020-09-03T11:17:14.379+0000][23984][gc           ] GC(370) Concurrent Cycle
[2020-09-03T11:17:14.379+0000][23984][gc,marking   ] GC(370) Concurrent Clear Claimed Marks
[2020-09-03T11:17:14.379+0000][23984][gc,marking   ] GC(370) Concurrent Clear Claimed Marks 0.403ms
[2020-09-03T11:17:14.379+0000][23984][gc,marking   ] GC(370) Concurrent Scan Root Regions
[2020-09-03T11:17:14.382+0000][23984][gc,marking   ] GC(370) Concurrent Scan Root Regions 2.102ms
[2020-09-03T11:17:14.382+0000][23984][gc,marking   ] GC(370) Concurrent Mark (183.383s)
[2020-09-03T11:17:14.382+0000][23984][gc,marking   ] GC(370) Concurrent Mark From Roots
[2020-09-03T11:17:14.382+0000][23984][gc,task      ] GC(370) Using 2 workers of 2 for marking
[2020-09-03T11:17:14.520+0000][23984][gc,marking   ] GC(370) Concurrent Mark From Roots 138.580ms
[2020-09-03T11:17:14.520+0000][23984][gc,marking   ] GC(370) Concurrent Preclean
[2020-09-03T11:17:14.521+0000][23984][gc,marking   ] GC(370) Concurrent Preclean 0.612ms
[2020-09-03T11:17:14.521+0000][23984][gc,marking   ] GC(370) Concurrent Mark (183.383s, 183.523s) 139.356ms
[2020-09-03T11:17:14.522+0000][23984][gc,start     ] GC(370) Pause Remark
[2020-09-03T11:17:14.529+0000][23984][gc           ] GC(370) Pause Remark 309M->309M(1024M) 6.783ms
[2020-09-03T11:17:14.529+0000][23984][gc,cpu       ] GC(370) User=0.06s Sys=0.00s Real=0.01s
[2020-09-03T11:17:14.529+0000][23984][safepoint    ] Safepoint "G1Concurrent", Time since last: 142286800 ns, Reaching safepoint: 189300 ns, At safepoint: 7509300 ns, Total: 7698600 ns
[2020-09-03T11:17:14.529+0000][23984][gc,marking   ] GC(370) Concurrent Rebuild Remembered Sets
[2020-09-03T11:17:14.620+0000][23984][gc,marking   ] GC(370) Concurrent Rebuild Remembered Sets 91.068ms
[2020-09-03T11:17:14.620+0000][23984][gc,start     ] GC(370) Pause Cleanup
[2020-09-03T11:17:14.621+0000][23984][gc           ] GC(370) Pause Cleanup 317M->317M(1024M) 0.282ms
[2020-09-03T11:17:14.621+0000][23984][gc,cpu       ] GC(370) User=0.00s Sys=0.00s Real=0.00s
[2020-09-03T11:17:14.621+0000][23984][safepoint    ] Safepoint "G1Concurrent", Time since last: 91299100 ns, Reaching safepoint: 173600 ns, At safepoint: 433600 ns, Total: 607200 ns
[2020-09-03T11:17:14.621+0000][23984][gc,marking   ] GC(370) Concurrent Cleanup for Next Mark
[2020-09-03T11:17:14.622+0000][23984][gc,marking   ] GC(370) Concurrent Cleanup for Next Mark 1.460ms
[2020-09-03T11:17:14.622+0000][23984][gc           ] GC(370) Concurrent Cycle 243.540ms
[2020-09-03T11:17:15.621+0000][23984][safepoint    ] Safepoint "Cleanup", Time since last: 1000171500 ns, Reaching safepoint: 253900 ns, At safepoint: 27800 ns, Total: 281700 ns
[2020-09-03T11:17:16.395+0000][23984][gc,start     ] GC(371) Pause Young (Concurrent Start) (G1 Humongous Allocation)
[2020-09-03T11:17:16.395+0000][23984][gc,task      ] GC(371) Using 8 workers of 8 for evacuation
[2020-09-03T11:17:16.396+0000][23984][gc,age       ] GC(371) Desired survivor size 33030144 bytes, new threshold 15 (max threshold 15)
[2020-09-03T11:17:16.400+0000][23984][gc,age       ] GC(371) Age table with threshold 15 (max threshold 15)
[2020-09-03T11:17:16.400+0000][23984][gc,age       ] GC(371) - age   1:    2558592 bytes,    2558592 total
[2020-09-03T11:17:16.400+0000][23984][gc,age       ] GC(371) - age   2:      11664 bytes,    2570256 total
[2020-09-03T11:17:16.400+0000][23984][gc,age       ] GC(371) - age   3:       1136 bytes,    2571392 total
[2020-09-03T11:17:16.400+0000][23984][gc,age       ] GC(371) - age   4:       3344 bytes,    2574736 total
[2020-09-03T11:17:16.400+0000][23984][gc,age       ] GC(371) - age   5:     127232 bytes,    2701968 total
[2020-09-03T11:17:16.400+0000][23984][gc,age       ] GC(371) - age   6:      17712 bytes,    2719680 total
[2020-09-03T11:17:16.400+0000][23984][gc,age       ] GC(371) - age   7:       1240 bytes,    2720920 total
[2020-09-03T11:17:16.400+0000][23984][gc,age       ] GC(371) - age   8:        968 bytes,    2721888 total
[2020-09-03T11:17:16.400+0000][23984][gc,age       ] GC(371) - age   9:       1056 bytes,    2722944 total
[2020-09-03T11:17:16.400+0000][23984][gc,age       ] GC(371) - age  10:        824 bytes,    2723768 total
[2020-09-03T11:17:16.400+0000][23984][gc,age       ] GC(371) - age  11:       1216 bytes,    2724984 total
[2020-09-03T11:17:16.400+0000][23984][gc,age       ] GC(371) - age  12:        152 bytes,    2725136 total
[2020-09-03T11:17:16.400+0000][23984][gc,age       ] GC(371) - age  13:      10416 bytes,    2735552 total
[2020-09-03T11:17:16.400+0000][23984][gc,age       ] GC(371) - age  14:       1824 bytes,    2737376 total
[2020-09-03T11:17:16.400+0000][23984][gc,age       ] GC(371) - age  15:        576 bytes,    2737952 total
[2020-09-03T11:17:16.400+0000][23984][gc,phases    ] GC(371)   Pre Evacuate Collection Set: 0.4ms
[2020-09-03T11:17:16.400+0000][23984][gc,phases    ] GC(371)   Merge Heap Roots: 0.1ms
[2020-09-03T11:17:16.400+0000][23984][gc,phases    ] GC(371)   Evacuate Collection Set: 2.5ms
[2020-09-03T11:17:16.401+0000][23984][gc,phases    ] GC(371)   Post Evacuate Collection Set: 1.0ms
[2020-09-03T11:17:16.401+0000][23984][gc,phases    ] GC(371)   Other: 1.0ms
[2020-09-03T11:17:16.401+0000][23984][gc,heap      ] GC(371) Eden regions: 146->0(502)
[2020-09-03T11:17:16.401+0000][23984][gc,heap      ] GC(371) Survivor regions: 3->3(63)
[2020-09-03T11:17:16.401+0000][23984][gc,heap      ] GC(371) Old regions: 78->78
[2020-09-03T11:17:16.401+0000][23984][gc,heap      ] GC(371) Archive regions: 0->0
[2020-09-03T11:17:16.401+0000][23984][gc,heap      ] GC(371) Humongous regions: 229->174
[2020-09-03T11:17:16.401+0000][23984][gc,metaspace ] GC(371) Metaspace: 87244K(93568K)->87244K(93568K) NonClass: 76180K(79872K)->76180K(79872K) Class: 11063K(13696K)->11063K(13696K)
[2020-09-03T11:17:16.401+0000][23984][gc           ] GC(371) Pause Young (Concurrent Start) (G1 Humongous Allocation) 455M->254M(1024M) 5.508ms
[2020-09-03T11:17:16.401+0000][23984][gc,cpu       ] GC(371) User=0.00s Sys=0.00s Real=0.01s
[2020-09-03T11:17:16.401+0000][23984][gc           ] GC(372) Concurrent Cycle
[2020-09-03T11:17:16.401+0000][23984][safepoint    ] Safepoint "G1TryInitiateConcMark", Time since last: 774222500 ns, Reaching safepoint: 303700 ns, At safepoint: 5709200 ns, Total: 6012900 ns
[2020-09-03T11:17:16.401+0000][23984][gc,marking   ] GC(372) Concurrent Clear Claimed Marks
[2020-09-03T11:17:16.401+0000][23984][gc,marking   ] GC(372) Concurrent Clear Claimed Marks 0.452ms
[2020-09-03T11:17:16.402+0000][23984][gc,marking   ] GC(372) Concurrent Scan Root Regions
[2020-09-03T11:17:16.404+0000][23984][gc,marking   ] GC(372) Concurrent Scan Root Regions 2.227ms
[2020-09-03T11:17:16.404+0000][23984][gc,marking   ] GC(372) Concurrent Mark (185.406s)
[2020-09-03T11:17:16.404+0000][23984][gc,marking   ] GC(372) Concurrent Mark From Roots
[2020-09-03T11:17:16.404+0000][23984][gc,task      ] GC(372) Using 2 workers of 2 for marking
[2020-09-03T11:17:16.535+0000][23984][gc,marking   ] GC(372) Concurrent Mark From Roots 131.066ms
[2020-09-03T11:17:16.535+0000][23984][gc,marking   ] GC(372) Concurrent Preclean
[2020-09-03T11:17:16.536+0000][23984][gc,marking   ] GC(372) Concurrent Preclean 0.643ms
[2020-09-03T11:17:16.536+0000][23984][gc,marking   ] GC(372) Concurrent Mark (185.406s, 185.538s) 131.891ms
[2020-09-03T11:17:16.536+0000][23984][gc,start     ] GC(372) Pause Remark
[2020-09-03T11:17:16.542+0000][23984][gc           ] GC(372) Pause Remark 306M->306M(1024M) 5.990ms
[2020-09-03T11:17:16.542+0000][23984][gc,cpu       ] GC(372) User=0.00s Sys=0.00s Real=0.01s
[2020-09-03T11:17:16.542+0000][23984][safepoint    ] Safepoint "G1Concurrent", Time since last: 134893900 ns, Reaching safepoint: 147000 ns, At safepoint: 6221500 ns, Total: 6368500 ns
[2020-09-03T11:17:16.542+0000][23984][gc,marking   ] GC(372) Concurrent Rebuild Remembered Sets
[2020-09-03T11:17:16.627+0000][23984][gc,marking   ] GC(372) Concurrent Rebuild Remembered Sets 84.225ms
[2020-09-03T11:17:16.627+0000][23984][gc,start     ] GC(372) Pause Cleanup
[2020-09-03T11:17:16.627+0000][23984][gc           ] GC(372) Pause Cleanup 376M->376M(1024M) 0.255ms
[2020-09-03T11:17:16.627+0000][23984][gc,cpu       ] GC(372) User=0.00s Sys=0.00s Real=0.00s
[2020-09-03T11:17:16.627+0000][23984][safepoint    ] Safepoint "G1Concurrent", Time since last: 84395100 ns, Reaching safepoint: 143300 ns, At safepoint: 398300 ns, Total: 541600 ns
[2020-09-03T11:17:16.627+0000][23984][gc,marking   ] GC(372) Concurrent Cleanup for Next Mark
[2020-09-03T11:17:16.628+0000][23984][gc,marking   ] GC(372) Concurrent Cleanup for Next Mark 1.250ms
[2020-09-03T11:17:16.629+0000][23984][gc           ] GC(372) Concurrent Cycle 227.680ms
[2020-09-03T11:17:16.736+0000][23984][gc,start     ] GC(373) Pause Young (Concurrent Start) (G1 Humongous Allocation)
[2020-09-03T11:17:16.737+0000][23984][gc,task      ] GC(373) Using 8 workers of 8 for evacuation
[2020-09-03T11:17:16.737+0000][23984][gc,age       ] GC(373) Desired survivor size 33554432 bytes, new threshold 15 (max threshold 15)
[2020-09-03T11:17:16.740+0000][23984][gc,age       ] GC(373) Age table with threshold 15 (max threshold 15)
[2020-09-03T11:17:16.740+0000][23984][gc,age       ] GC(373) - age   1:    1028776 bytes,    1028776 total
[2020-09-03T11:17:16.740+0000][23984][gc,age       ] GC(373) - age   2:     165232 bytes,    1194008 total
[2020-09-03T11:17:16.740+0000][23984][gc,age       ] GC(373) - age   3:       8296 bytes,    1202304 total
[2020-09-03T11:17:16.740+0000][23984][gc,age       ] GC(373) - age   4:       1112 bytes,    1203416 total
[2020-09-03T11:17:16.740+0000][23984][gc,age       ] GC(373) - age   5:       3312 bytes,    1206728 total
[2020-09-03T11:17:16.740+0000][23984][gc,age       ] GC(373) - age   6:     127168 bytes,    1333896 total
[2020-09-03T11:17:16.740+0000][23984][gc,age       ] GC(373) - age   7:      17648 bytes,    1351544 total
[2020-09-03T11:17:16.740+0000][23984][gc,age       ] GC(373) - age   8:       1240 bytes,    1352784 total
[2020-09-03T11:17:16.740+0000][23984][gc,age       ] GC(373) - age   9:        936 bytes,    1353720 total
[2020-09-03T11:17:16.740+0000][23984][gc,age       ] GC(373) - age  10:        752 bytes,    1354472 total
[2020-09-03T11:17:16.740+0000][23984][gc,age       ] GC(373) - age  11:        824 bytes,    1355296 total
[2020-09-03T11:17:16.740+0000][23984][gc,age       ] GC(373) - age  12:       1184 bytes,    1356480 total
[2020-09-03T11:17:16.740+0000][23984][gc,age       ] GC(373) - age  13:        120 bytes,    1356600 total
[2020-09-03T11:17:16.741+0000][23984][gc,age       ] GC(373) - age  14:      10416 bytes,    1367016 total
[2020-09-03T11:17:16.741+0000][23984][gc,age       ] GC(373) - age  15:       1760 bytes,    1368776 total
[2020-09-03T11:17:16.741+0000][23984][gc,phases    ] GC(373)   Pre Evacuate Collection Set: 0.4ms
[2020-09-03T11:17:16.741+0000][23984][gc,phases    ] GC(373)   Merge Heap Roots: 0.1ms
[2020-09-03T11:17:16.741+0000][23984][gc,phases    ] GC(373)   Evacuate Collection Set: 2.4ms
[2020-09-03T11:17:16.741+0000][23984][gc,phases    ] GC(373)   Post Evacuate Collection Set: 0.6ms
[2020-09-03T11:17:16.741+0000][23984][gc,phases    ] GC(373)   Other: 0.7ms
[2020-09-03T11:17:16.741+0000][23984][gc,heap      ] GC(373) Eden regions: 37->0(505)
[2020-09-03T11:17:16.741+0000][23984][gc,heap      ] GC(373) Survivor regions: 3->2(64)
[2020-09-03T11:17:16.741+0000][23984][gc,heap      ] GC(373) Old regions: 78->78
[2020-09-03T11:17:16.741+0000][23984][gc,heap      ] GC(373) Archive regions: 0->0
[2020-09-03T11:17:16.741+0000][23984][gc,heap      ] GC(373) Humongous regions: 268->174
[2020-09-03T11:17:16.741+0000][23984][gc,metaspace ] GC(373) Metaspace: 87244K(93568K)->87244K(93568K) NonClass: 76180K(79872K)->76180K(79872K) Class: 11063K(13696K)->11063K(13696K)
[2020-09-03T11:17:16.741+0000][23984][gc           ] GC(373) Pause Young (Concurrent Start) (G1 Humongous Allocation) 384M->252M(1024M) 4.461ms
[2020-09-03T11:17:16.741+0000][23984][gc,cpu       ] GC(373) User=0.00s Sys=0.00s Real=0.00s
[2020-09-03T11:17:16.741+0000][23984][safepoint    ] Safepoint "G1TryInitiateConcMark", Time since last: 109094600 ns, Reaching safepoint: 123300 ns, At safepoint: 4583100 ns, Total: 4706400 ns
[2020-09-03T11:17:16.741+0000][23984][gc           ] GC(374) Concurrent Cycle
[2020-09-03T11:17:16.741+0000][23984][gc,marking   ] GC(374) Concurrent Clear Claimed Marks
[2020-09-03T11:17:16.741+0000][23984][gc,marking   ] GC(374) Concurrent Clear Claimed Marks 0.355ms
[2020-09-03T11:17:16.741+0000][23984][gc,marking   ] GC(374) Concurrent Scan Root Regions
[2020-09-03T11:17:16.743+0000][23984][gc,marking   ] GC(374) Concurrent Scan Root Regions 1.777ms
[2020-09-03T11:17:16.743+0000][23984][gc,marking   ] GC(374) Concurrent Mark (185.745s)
[2020-09-03T11:17:16.743+0000][23984][gc,marking   ] GC(374) Concurrent Mark From Roots
[2020-09-03T11:17:16.743+0000][23984][gc,task      ] GC(374) Using 2 workers of 2 for marking
[2020-09-03T11:17:16.865+0000][23984][gc,marking   ] GC(374) Concurrent Mark From Roots 121.309ms
[2020-09-03T11:17:16.865+0000][23984][gc,marking   ] GC(374) Concurrent Preclean
[2020-09-03T11:17:16.865+0000][23984][gc,marking   ] GC(374) Concurrent Preclean 0.540ms
[2020-09-03T11:17:16.865+0000][23984][gc,marking   ] GC(374) Concurrent Mark (185.745s, 185.867s) 122.006ms
[2020-09-03T11:17:16.866+0000][23984][gc,start     ] GC(374) Pause Remark
[2020-09-03T11:17:16.871+0000][23984][gc           ] GC(374) Pause Remark 269M->269M(1024M) 5.841ms
[2020-09-03T11:17:16.872+0000][23984][gc,cpu       ] GC(374) User=0.00s Sys=0.00s Real=0.01s
[2020-09-03T11:17:16.872+0000][23984][safepoint    ] Safepoint "G1Concurrent", Time since last: 124402900 ns, Reaching safepoint: 225800 ns, At safepoint: 6072400 ns, Total: 6298200 ns
[2020-09-03T11:17:16.872+0000][23984][gc,marking   ] GC(374) Concurrent Rebuild Remembered Sets
[2020-09-03T11:17:16.949+0000][23984][gc,marking   ] GC(374) Concurrent Rebuild Remembered Sets 77.301ms
[2020-09-03T11:17:16.949+0000][23984][gc,start     ] GC(374) Pause Cleanup
[2020-09-03T11:17:16.950+0000][23984][gc           ] GC(374) Pause Cleanup 286M->286M(1024M) 0.272ms
[2020-09-03T11:17:16.950+0000][23984][gc,cpu       ] GC(374) User=0.00s Sys=0.00s Real=0.00s
[2020-09-03T11:17:16.950+0000][23984][safepoint    ] Safepoint "G1Concurrent", Time since last: 77475600 ns, Reaching safepoint: 147200 ns, At safepoint: 417200 ns, Total: 564400 ns
[2020-09-03T11:17:16.950+0000][23984][gc,marking   ] GC(374) Concurrent Cleanup for Next Mark
[2020-09-03T11:17:16.951+0000][23984][gc,marking   ] GC(374) Concurrent Cleanup for Next Mark 1.277ms
[2020-09-03T11:17:16.951+0000][23984][gc           ] GC(374) Concurrent Cycle 210.180ms
[2020-09-03T11:17:17.114+0000][23984][gc,start     ] GC(375) Pause Young (Concurrent Start) (G1 Humongous Allocation)
[2020-09-03T11:17:17.114+0000][23984][gc,task      ] GC(375) Using 8 workers of 8 for evacuation
[2020-09-03T11:17:17.114+0000][23984][gc,age       ] GC(375) Desired survivor size 33554432 bytes, new threshold 15 (max threshold 15)
[2020-09-03T11:17:17.118+0000][23984][gc,age       ] GC(375) Age table with threshold 15 (max threshold 15)
[2020-09-03T11:17:17.118+0000][23984][gc,age       ] GC(375) - age   1:    1859592 bytes,    1859592 total
[2020-09-03T11:17:17.118+0000][23984][gc,age       ] GC(375) - age   2:     405432 bytes,    2265024 total
[2020-09-03T11:17:17.118+0000][23984][gc,age       ] GC(375) - age   3:     164176 bytes,    2429200 total
[2020-09-03T11:17:17.118+0000][23984][gc,age       ] GC(375) - age   4:       7880 bytes,    2437080 total
[2020-09-03T11:17:17.118+0000][23984][gc,age       ] GC(375) - age   5:       1112 bytes,    2438192 total
[2020-09-03T11:17:17.118+0000][23984][gc,age       ] GC(375) - age   6:       3184 bytes,    2441376 total
[2020-09-03T11:17:17.118+0000][23984][gc,age       ] GC(375) - age   7:     127168 bytes,    2568544 total
[2020-09-03T11:17:17.118+0000][23984][gc,age       ] GC(375) - age   8:      17648 bytes,    2586192 total
[2020-09-03T11:17:17.118+0000][23984][gc,age       ] GC(375) - age   9:       1016 bytes,    2587208 total
[2020-09-03T11:17:17.118+0000][23984][gc,age       ] GC(375) - age  10:        680 bytes,    2587888 total
[2020-09-03T11:17:17.118+0000][23984][gc,age       ] GC(375) - age  11:        656 bytes,    2588544 total
[2020-09-03T11:17:17.118+0000][23984][gc,age       ] GC(375) - age  12:        824 bytes,    2589368 total
[2020-09-03T11:17:17.118+0000][23984][gc,age       ] GC(375) - age  13:       1120 bytes,    2590488 total
[2020-09-03T11:17:17.118+0000][23984][gc,age       ] GC(375) - age  14:        120 bytes,    2590608 total
[2020-09-03T11:17:17.118+0000][23984][gc,age       ] GC(375) - age  15:      10416 bytes,    2601024 total
[2020-09-03T11:17:17.118+0000][23984][gc,phases    ] GC(375)   Pre Evacuate Collection Set: 0.5ms
[2020-09-03T11:17:17.119+0000][23984][gc,phases    ] GC(375)   Merge Heap Roots: 0.1ms
[2020-09-03T11:17:17.119+0000][23984][gc,phases    ] GC(375)   Evacuate Collection Set: 2.4ms
[2020-09-03T11:17:17.119+0000][23984][gc,phases    ] GC(375)   Post Evacuate Collection Set: 0.7ms
[2020-09-03T11:17:17.119+0000][23984][gc,phases    ] GC(375)   Other: 0.9ms
[2020-09-03T11:17:17.119+0000][23984][gc,heap      ] GC(375) Eden regions: 23->0(505)
[2020-09-03T11:17:17.119+0000][23984][gc,heap      ] GC(375) Survivor regions: 2->3(64)
[2020-09-03T11:17:17.119+0000][23984][gc,heap      ] GC(375) Old regions: 78->78
[2020-09-03T11:17:17.119+0000][23984][gc,heap      ] GC(375) Archive regions: 0->0
[2020-09-03T11:17:17.119+0000][23984][gc,heap      ] GC(375) Humongous regions: 229->174
[2020-09-03T11:17:17.119+0000][23984][gc,metaspace ] GC(375) Metaspace: 87261K(93568K)->87261K(93568K) NonClass: 76194K(79872K)->76194K(79872K) Class: 11066K(13696K)->11066K(13696K)
[2020-09-03T11:17:17.119+0000][23984][gc           ] GC(375) Pause Young (Concurrent Start) (G1 Humongous Allocation) 330M->254M(1024M) 4.919ms
[2020-09-03T11:17:17.119+0000][23984][gc,cpu       ] GC(375) User=0.00s Sys=0.00s Real=0.00s
[2020-09-03T11:17:17.119+0000][23984][gc           ] GC(376) Concurrent Cycle
[2020-09-03T11:17:17.119+0000][23984][safepoint    ] Safepoint "G1TryInitiateConcMark", Time since last: 163964000 ns, Reaching safepoint: 206900 ns, At safepoint: 5118600 ns, Total: 5325500 ns
[2020-09-03T11:17:17.119+0000][23984][gc,marking   ] GC(376) Concurrent Clear Claimed Marks
[2020-09-03T11:17:17.120+0000][23984][gc,marking   ] GC(376) Concurrent Clear Claimed Marks 0.472ms
[2020-09-03T11:17:17.120+0000][23984][gc,marking   ] GC(376) Concurrent Scan Root Regions
[2020-09-03T11:17:17.122+0000][23984][gc,marking   ] GC(376) Concurrent Scan Root Regions 2.674ms
[2020-09-03T11:17:17.122+0000][23984][gc,marking   ] GC(376) Concurrent Mark (186.124s)
[2020-09-03T11:17:17.122+0000][23984][gc,marking   ] GC(376) Concurrent Mark From Roots
[2020-09-03T11:17:17.122+0000][23984][gc,task      ] GC(376) Using 2 workers of 2 for marking
[2020-09-03T11:17:17.232+0000][23984][gc,marking   ] GC(376) Concurrent Mark From Roots 109.585ms
[2020-09-03T11:17:17.232+0000][23984][gc,marking   ] GC(376) Concurrent Preclean
[2020-09-03T11:17:17.233+0000][23984][gc,marking   ] GC(376) Concurrent Preclean 0.833ms
[2020-09-03T11:17:17.233+0000][23984][gc,marking   ] GC(376) Concurrent Mark (186.124s, 186.235s) 110.665ms
[2020-09-03T11:17:17.233+0000][23984][gc,start     ] GC(376) Pause Remark
[2020-09-03T11:17:17.239+0000][23984][gc           ] GC(376) Pause Remark 284M->284M(1024M) 5.665ms
[2020-09-03T11:17:17.239+0000][23984][gc,cpu       ] GC(376) User=0.00s Sys=0.00s Real=0.01s
[2020-09-03T11:17:17.239+0000][23984][safepoint    ] Safepoint "G1Concurrent", Time since last: 114141900 ns, Reaching safepoint: 144300 ns, At safepoint: 5885700 ns, Total: 6030000 ns
[2020-09-03T11:17:17.239+0000][23984][gc,marking   ] GC(376) Concurrent Rebuild Remembered Sets
[2020-09-03T11:17:17.315+0000][23984][gc,marking   ] GC(376) Concurrent Rebuild Remembered Sets 75.876ms
[2020-09-03T11:17:17.315+0000][23984][gc,start     ] GC(376) Pause Cleanup
[2020-09-03T11:17:17.316+0000][23984][gc           ] GC(376) Pause Cleanup 356M->356M(1024M) 0.275ms
[2020-09-03T11:17:17.316+0000][23984][gc,cpu       ] GC(376) User=0.00s Sys=0.00s Real=0.00s
[2020-09-03T11:17:17.316+0000][23984][safepoint    ] Safepoint "G1Concurrent", Time since last: 76045700 ns, Reaching safepoint: 130900 ns, At safepoint: 409700 ns, Total: 540600 ns
[2020-09-03T11:17:17.316+0000][23984][gc,marking   ] GC(376) Concurrent Cleanup for Next Mark
[2020-09-03T11:17:17.317+0000][23984][gc,marking   ] GC(376) Concurrent Cleanup for Next Mark 1.306ms
[2020-09-03T11:17:17.317+0000][23984][gc           ] GC(376) Concurrent Cycle 198.239ms
[2020-09-03T11:17:17.520+0000][23984][safepoint    ] Safepoint "ICBufferFull", Time since last: 204115400 ns, Reaching safepoint: 287100 ns, At safepoint: 71400 ns, Total: 358500 ns
[2020-09-03T11:17:17.813+0000][23984][gc,start     ] GC(377) Pause Young (Concurrent Start) (G1 Humongous Allocation)
[2020-09-03T11:17:17.813+0000][23984][gc,task      ] GC(377) Using 8 workers of 8 for evacuation
[2020-09-03T11:17:17.813+0000][23984][gc,age       ] GC(377) Desired survivor size 33554432 bytes, new threshold 15 (max threshold 15)
[2020-09-03T11:17:17.817+0000][23984][gc,age       ] GC(377) Age table with threshold 15 (max threshold 15)
[2020-09-03T11:17:17.817+0000][23984][gc,age       ] GC(377) - age   1:    3254608 bytes,    3254608 total
[2020-09-03T11:17:17.817+0000][23984][gc,age       ] GC(377) - age   2:      15056 bytes,    3269664 total
[2020-09-03T11:17:17.817+0000][23984][gc,age       ] GC(377) - age   3:       1592 bytes,    3271256 total
[2020-09-03T11:17:17.817+0000][23984][gc,age       ] GC(377) - age   4:     157920 bytes,    3429176 total
[2020-09-03T11:17:17.817+0000][23984][gc,age       ] GC(377) - age   5:       7528 bytes,    3436704 total
[2020-09-03T11:17:17.817+0000][23984][gc,age       ] GC(377) - age   6:       1112 bytes,    3437816 total
[2020-09-03T11:17:17.817+0000][23984][gc,age       ] GC(377) - age   7:       3024 bytes,    3440840 total
[2020-09-03T11:17:17.817+0000][23984][gc,age       ] GC(377) - age   8:     122128 bytes,    3562968 total
[2020-09-03T11:17:17.817+0000][23984][gc,age       ] GC(377) - age   9:      17584 bytes,    3580552 total
[2020-09-03T11:17:17.817+0000][23984][gc,age       ] GC(377) - age  10:        984 bytes,    3581536 total
[2020-09-03T11:17:17.817+0000][23984][gc,age       ] GC(377) - age  11:        648 bytes,    3582184 total
[2020-09-03T11:17:17.817+0000][23984][gc,age       ] GC(377) - age  12:        656 bytes,    3582840 total
[2020-09-03T11:17:17.817+0000][23984][gc,age       ] GC(377) - age  13:        824 bytes,    3583664 total
[2020-09-03T11:17:17.817+0000][23984][gc,age       ] GC(377) - age  14:       1120 bytes,    3584784 total
[2020-09-03T11:17:17.817+0000][23984][gc,age       ] GC(377) - age  15:        120 bytes,    3584904 total
[2020-09-03T11:17:17.817+0000][23984][gc,phases    ] GC(377)   Pre Evacuate Collection Set: 0.4ms
[2020-09-03T11:17:17.817+0000][23984][gc,phases    ] GC(377)   Merge Heap Roots: 0.1ms
[2020-09-03T11:17:17.817+0000][23984][gc,phases    ] GC(377)   Evacuate Collection Set: 2.3ms
[2020-09-03T11:17:17.817+0000][23984][gc,phases    ] GC(377)   Post Evacuate Collection Set: 0.8ms
[2020-09-03T11:17:17.817+0000][23984][gc,phases    ] GC(377)   Other: 0.7ms
[2020-09-03T11:17:17.817+0000][23984][gc,heap      ] GC(377) Eden regions: 49->0(503)
[2020-09-03T11:17:17.817+0000][23984][gc,heap      ] GC(377) Survivor regions: 3->4(64)
[2020-09-03T11:17:17.817+0000][23984][gc,heap      ] GC(377) Old regions: 78->78
[2020-09-03T11:17:17.817+0000][23984][gc,heap      ] GC(377) Archive regions: 0->0
[2020-09-03T11:17:17.817+0000][23984][gc,heap      ] GC(377) Humongous regions: 253->174
[2020-09-03T11:17:17.817+0000][23984][gc,metaspace ] GC(377) Metaspace: 87452K(93568K)->87452K(93568K) NonClass: 76353K(79872K)->76353K(79872K) Class: 11098K(13696K)->11098K(13696K)
[2020-09-03T11:17:17.817+0000][23984][gc           ] GC(377) Pause Young (Concurrent Start) (G1 Humongous Allocation) 381M->255M(1024M) 4.552ms
[2020-09-03T11:17:17.817+0000][23984][gc,cpu       ] GC(377) User=0.00s Sys=0.00s Real=0.00s
[2020-09-03T11:17:17.817+0000][23984][safepoint    ] Safepoint "G1TryInitiateConcMark", Time since last: 292248700 ns, Reaching safepoint: 258000 ns, At safepoint: 4678500 ns, Total: 4936500 ns
[2020-09-03T11:17:17.817+0000][23984][gc           ] GC(378) Concurrent Cycle
[2020-09-03T11:17:17.818+0000][23984][gc,marking   ] GC(378) Concurrent Clear Claimed Marks
[2020-09-03T11:17:17.818+0000][23984][gc,marking   ] GC(378) Concurrent Clear Claimed Marks 0.442ms
[2020-09-03T11:17:17.818+0000][23984][gc,marking   ] GC(378) Concurrent Scan Root Regions
[2020-09-03T11:17:17.821+0000][23984][gc,marking   ] GC(378) Concurrent Scan Root Regions 2.645ms
[2020-09-03T11:17:17.821+0000][23984][gc,marking   ] GC(378) Concurrent Mark (186.823s)
[2020-09-03T11:17:17.821+0000][23984][gc,marking   ] GC(378) Concurrent Mark From Roots
[2020-09-03T11:17:17.821+0000][23984][gc,task      ] GC(378) Using 2 workers of 2 for marking
[2020-09-03T11:17:17.963+0000][23984][gc,marking   ] GC(378) Concurrent Mark From Roots 142.066ms
[2020-09-03T11:17:17.963+0000][23984][gc,marking   ] GC(378) Concurrent Preclean
[2020-09-03T11:17:17.964+0000][23984][gc,marking   ] GC(378) Concurrent Preclean 0.629ms
[2020-09-03T11:17:17.964+0000][23984][gc,marking   ] GC(378) Concurrent Mark (186.823s, 186.966s) 142.871ms
[2020-09-03T11:17:17.964+0000][23984][gc,start     ] GC(378) Pause Remark
[2020-09-03T11:17:17.970+0000][23984][gc           ] GC(378) Pause Remark 319M->319M(1024M) 5.843ms
[2020-09-03T11:17:17.970+0000][23984][gc,cpu       ] GC(378) User=0.13s Sys=0.00s Real=0.01s
[2020-09-03T11:17:17.970+0000][23984][safepoint    ] Safepoint "G1Concurrent", Time since last: 146337500 ns, Reaching safepoint: 140300 ns, At safepoint: 6075900 ns, Total: 6216200 ns
[2020-09-03T11:17:17.970+0000][23984][gc,marking   ] GC(378) Concurrent Rebuild Remembered Sets
[2020-09-03T11:17:18.053+0000][23984][gc,marking   ] GC(378) Concurrent Rebuild Remembered Sets 83.343ms
[2020-09-03T11:17:18.054+0000][23984][gc,start     ] GC(378) Pause Cleanup
[2020-09-03T11:17:18.054+0000][23984][gc           ] GC(378) Pause Cleanup 387M->387M(1024M) 0.315ms
[2020-09-03T11:17:18.054+0000][23984][gc,cpu       ] GC(378) User=0.00s Sys=0.00s Real=0.00s
[2020-09-03T11:17:18.054+0000][23984][safepoint    ] Safepoint "G1Concurrent", Time since last: 83540300 ns, Reaching safepoint: 151200 ns, At safepoint: 515000 ns, Total: 666200 ns
[2020-09-03T11:17:18.054+0000][23984][gc,marking   ] GC(378) Concurrent Cleanup for Next Mark
[2020-09-03T11:17:18.056+0000][23984][gc,marking   ] GC(378) Concurrent Cleanup for Next Mark 1.437ms
[2020-09-03T11:17:18.056+0000][23984][gc           ] GC(378) Concurrent Cycle 238.369ms
[2020-09-03T11:17:18.153+0000][23984][gc,start     ] GC(379) Pause Young (Concurrent Start) (G1 Humongous Allocation)
[2020-09-03T11:17:18.153+0000][23984][gc,task      ] GC(379) Using 8 workers of 8 for evacuation
[2020-09-03T11:17:18.153+0000][23984][gc,age       ] GC(379) Desired survivor size 33554432 bytes, new threshold 15 (max threshold 15)
[2020-09-03T11:17:18.157+0000][23984][gc,age       ] GC(379) Age table with threshold 15 (max threshold 15)
[2020-09-03T11:17:18.158+0000][23984][gc,age       ] GC(379) - age   1:    1044584 bytes,    1044584 total
[2020-09-03T11:17:18.158+0000][23984][gc,age       ] GC(379) - age   2:     557512 bytes,    1602096 total
[2020-09-03T11:17:18.158+0000][23984][gc,age       ] GC(379) - age   3:      14600 bytes,    1616696 total
[2020-09-03T11:17:18.158+0000][23984][gc,age       ] GC(379) - age   4:       1032 bytes,    1617728 total
[2020-09-03T11:17:18.158+0000][23984][gc,age       ] GC(379) - age   5:     157888 bytes,    1775616 total
[2020-09-03T11:17:18.158+0000][23984][gc,age       ] GC(379) - age   6:       7464 bytes,    1783080 total
[2020-09-03T11:17:18.158+0000][23984][gc,age       ] GC(379) - age   7:       1112 bytes,    1784192 total
[2020-09-03T11:17:18.158+0000][23984][gc,age       ] GC(379) - age   8:       2992 bytes,    1787184 total
[2020-09-03T11:17:18.158+0000][23984][gc,age       ] GC(379) - age   9:     122032 bytes,    1909216 total
[2020-09-03T11:17:18.158+0000][23984][gc,age       ] GC(379) - age  10:      17520 bytes,    1926736 total
[2020-09-03T11:17:18.158+0000][23984][gc,age       ] GC(379) - age  11:        984 bytes,    1927720 total
[2020-09-03T11:17:18.158+0000][23984][gc,age       ] GC(379) - age  12:        648 bytes,    1928368 total
[2020-09-03T11:17:18.158+0000][23984][gc,age       ] GC(379) - age  13:        656 bytes,    1929024 total
[2020-09-03T11:17:18.158+0000][23984][gc,age       ] GC(379) - age  14:        824 bytes,    1929848 total
[2020-09-03T11:17:18.158+0000][23984][gc,age       ] GC(379) - age  15:       1120 bytes,    1930968 total
[2020-09-03T11:17:18.158+0000][23984][gc,phases    ] GC(379)   Pre Evacuate Collection Set: 0.4ms
[2020-09-03T11:17:18.158+0000][23984][gc,phases    ] GC(379)   Merge Heap Roots: 0.1ms
[2020-09-03T11:17:18.158+0000][23984][gc,phases    ] GC(379)   Evacuate Collection Set: 2.6ms
[2020-09-03T11:17:18.158+0000][23984][gc,phases    ] GC(379)   Post Evacuate Collection Set: 0.8ms
[2020-09-03T11:17:18.158+0000][23984][gc,phases    ] GC(379)   Other: 1.0ms
[2020-09-03T11:17:18.158+0000][23984][gc,heap      ] GC(379) Eden regions: 35->0(506)
[2020-09-03T11:17:18.158+0000][23984][gc,heap      ] GC(379) Survivor regions: 4->2(64)
[2020-09-03T11:17:18.158+0000][23984][gc,heap      ] GC(379) Old regions: 78->78
[2020-09-03T11:17:18.158+0000][23984][gc,heap      ] GC(379) Archive regions: 0->0
[2020-09-03T11:17:18.158+0000][23984][gc,heap      ] GC(379) Humongous regions: 278->174
[2020-09-03T11:17:18.158+0000][23984][gc,metaspace ] GC(379) Metaspace: 87452K(93568K)->87452K(93568K) NonClass: 76353K(79872K)->76353K(79872K) Class: 11098K(13696K)->11098K(13696K)
[2020-09-03T11:17:18.159+0000][23984][gc           ] GC(379) Pause Young (Concurrent Start) (G1 Humongous Allocation) 393M->253M(1024M) 5.234ms
[2020-09-03T11:17:18.159+0000][23984][gc,cpu       ] GC(379) User=0.09s Sys=0.00s Real=0.01s
[2020-09-03T11:17:18.159+0000][23984][safepoint    ] Safepoint "G1TryInitiateConcMark", Time since last: 98901900 ns, Reaching safepoint: 128500 ns, At safepoint: 5383800 ns, Total: 5512300 ns
[2020-09-03T11:17:18.159+0000][23984][gc           ] GC(380) Concurrent Cycle
[2020-09-03T11:17:18.159+0000][23984][gc,marking   ] GC(380) Concurrent Clear Claimed Marks
[2020-09-03T11:17:18.159+0000][23984][gc,marking   ] GC(380) Concurrent Clear Claimed Marks 0.310ms
[2020-09-03T11:17:18.159+0000][23984][gc,marking   ] GC(380) Concurrent Scan Root Regions
[2020-09-03T11:17:18.162+0000][23984][gc,marking   ] GC(380) Concurrent Scan Root Regions 2.892ms
[2020-09-03T11:17:18.162+0000][23984][gc,marking   ] GC(380) Concurrent Mark (187.164s)
[2020-09-03T11:17:18.162+0000][23984][gc,marking   ] GC(380) Concurrent Mark From Roots
[2020-09-03T11:17:18.162+0000][23984][gc,task      ] GC(380) Using 2 workers of 2 for marking
[2020-09-03T11:17:18.287+0000][23984][gc,marking   ] GC(380) Concurrent Mark From Roots 124.599ms
[2020-09-03T11:17:18.287+0000][23984][gc,marking   ] GC(380) Concurrent Preclean
[2020-09-03T11:17:18.287+0000][23984][gc,marking   ] GC(380) Concurrent Preclean 0.387ms
[2020-09-03T11:17:18.287+0000][23984][gc,marking   ] GC(380) Concurrent Mark (187.164s, 187.289s) 125.112ms
[2020-09-03T11:17:18.287+0000][23984][gc,start     ] GC(380) Pause Remark
[2020-09-03T11:17:18.293+0000][23984][gc           ] GC(380) Pause Remark 270M->270M(1024M) 5.829ms
[2020-09-03T11:17:18.293+0000][23984][gc,cpu       ] GC(380) User=0.00s Sys=0.00s Real=0.01s
[2020-09-03T11:17:18.293+0000][23984][safepoint    ] Safepoint "G1Concurrent", Time since last: 128557100 ns, Reaching safepoint: 138000 ns, At safepoint: 6062100 ns, Total: 6200100 ns
[2020-09-03T11:17:18.293+0000][23984][gc,marking   ] GC(380) Concurrent Rebuild Remembered Sets
[2020-09-03T11:17:18.372+0000][23984][gc,marking   ] GC(380) Concurrent Rebuild Remembered Sets 78.563ms
[2020-09-03T11:17:18.372+0000][23984][gc,start     ] GC(380) Pause Cleanup
[2020-09-03T11:17:18.373+0000][23984][gc           ] GC(380) Pause Cleanup 287M->287M(1024M) 0.289ms
[2020-09-03T11:17:18.373+0000][23984][gc,cpu       ] GC(380) User=0.11s Sys=0.00s Real=0.00s
[2020-09-03T11:17:18.373+0000][23984][safepoint    ] Safepoint "G1Concurrent", Time since last: 78759400 ns, Reaching safepoint: 145900 ns, At safepoint: 430400 ns, Total: 576300 ns
[2020-09-03T11:17:18.373+0000][23984][gc,marking   ] GC(380) Concurrent Cleanup for Next Mark
[2020-09-03T11:17:18.374+0000][23984][gc,marking   ] GC(380) Concurrent Cleanup for Next Mark 1.131ms
[2020-09-03T11:17:18.374+0000][23984][gc           ] GC(380) Concurrent Cycle 215.359ms
[2020-09-03T11:17:18.587+0000][23984][gc,start     ] GC(381) Pause Young (Concurrent Start) (G1 Humongous Allocation)
[2020-09-03T11:17:18.587+0000][23984][gc,task      ] GC(381) Using 8 workers of 8 for evacuation
[2020-09-03T11:17:18.587+0000][23984][gc,age       ] GC(381) Desired survivor size 33554432 bytes, new threshold 15 (max threshold 15)
[2020-09-03T11:17:18.591+0000][23984][gc,age       ] GC(381) Age table with threshold 15 (max threshold 15)
[2020-09-03T11:17:18.591+0000][23984][gc,age       ] GC(381) - age   1:    1862344 bytes,    1862344 total
[2020-09-03T11:17:18.591+0000][23984][gc,age       ] GC(381) - age   2:     403896 bytes,    2266240 total
[2020-09-03T11:17:18.591+0000][23984][gc,age       ] GC(381) - age   3:     556208 bytes,    2822448 total
[2020-09-03T11:17:18.591+0000][23984][gc,age       ] GC(381) - age   4:      14408 bytes,    2836856 total
[2020-09-03T11:17:18.591+0000][23984][gc,age       ] GC(381) - age   5:        936 bytes,    2837792 total
[2020-09-03T11:17:18.591+0000][23984][gc,age       ] GC(381) - age   6:     157792 bytes,    2995584 total
[2020-09-03T11:17:18.591+0000][23984][gc,age       ] GC(381) - age   7:       7432 bytes,    3003016 total
[2020-09-03T11:17:18.591+0000][23984][gc,age       ] GC(381) - age   8:       1112 bytes,    3004128 total
[2020-09-03T11:17:18.591+0000][23984][gc,age       ] GC(381) - age   9:       2768 bytes,    3006896 total
[2020-09-03T11:17:18.591+0000][23984][gc,age       ] GC(381) - age  10:     121968 bytes,    3128864 total
[2020-09-03T11:17:18.591+0000][23984][gc,age       ] GC(381) - age  11:      17488 bytes,    3146352 total
[2020-09-03T11:17:18.591+0000][23984][gc,age       ] GC(381) - age  12:        984 bytes,    3147336 total
[2020-09-03T11:17:18.591+0000][23984][gc,age       ] GC(381) - age  13:        520 bytes,    3147856 total
[2020-09-03T11:17:18.591+0000][23984][gc,age       ] GC(381) - age  14:        656 bytes,    3148512 total
[2020-09-03T11:17:18.591+0000][23984][gc,age       ] GC(381) - age  15:        824 bytes,    3149336 total
[2020-09-03T11:17:18.591+0000][23984][gc,phases    ] GC(381)   Pre Evacuate Collection Set: 0.4ms
[2020-09-03T11:17:18.591+0000][23984][gc,phases    ] GC(381)   Merge Heap Roots: 0.1ms
[2020-09-03T11:17:18.591+0000][23984][gc,phases    ] GC(381)   Evacuate Collection Set: 2.3ms
[2020-09-03T11:17:18.591+0000][23984][gc,phases    ] GC(381)   Post Evacuate Collection Set: 0.6ms
[2020-09-03T11:17:18.591+0000][23984][gc,phases    ] GC(381)   Other: 0.9ms
[2020-09-03T11:17:18.591+0000][23984][gc,heap      ] GC(381) Eden regions: 24->0(505)
[2020-09-03T11:17:18.591+0000][23984][gc,heap      ] GC(381) Survivor regions: 2->4(64)
[2020-09-03T11:17:18.592+0000][23984][gc,heap      ] GC(381) Old regions: 78->78
[2020-09-03T11:17:18.592+0000][23984][gc,heap      ] GC(381) Archive regions: 0->0
[2020-09-03T11:17:18.592+0000][23984][gc,heap      ] GC(381) Humongous regions: 229->174
[2020-09-03T11:17:18.592+0000][23984][gc,metaspace ] GC(381) Metaspace: 87452K(93568K)->87452K(93568K) NonClass: 76353K(79872K)->76353K(79872K) Class: 11098K(13696K)->11098K(13696K)
[2020-09-03T11:17:18.592+0000][23984][gc           ] GC(381) Pause Young (Concurrent Start) (G1 Humongous Allocation) 332M->254M(1024M) 4.667ms
[2020-09-03T11:17:18.592+0000][23984][gc,cpu       ] GC(381) User=0.02s Sys=0.00s Real=0.01s
[2020-09-03T11:17:18.592+0000][23984][gc           ] GC(382) Concurrent Cycle
[2020-09-03T11:17:18.592+0000][23984][safepoint    ] Safepoint "G1TryInitiateConcMark", Time since last: 214067000 ns, Reaching safepoint: 179300 ns, At safepoint: 4858200 ns, Total: 5037500 ns
[2020-09-03T11:17:18.592+0000][23984][gc,marking   ] GC(382) Concurrent Clear Claimed Marks
[2020-09-03T11:17:18.592+0000][23984][gc,marking   ] GC(382) Concurrent Clear Claimed Marks 0.439ms
[2020-09-03T11:17:18.592+0000][23984][gc,marking   ] GC(382) Concurrent Scan Root Regions
[2020-09-03T11:17:18.595+0000][23984][gc,marking   ] GC(382) Concurrent Scan Root Regions 2.836ms
[2020-09-03T11:17:18.595+0000][23984][gc,marking   ] GC(382) Concurrent Mark (187.597s)
[2020-09-03T11:17:18.595+0000][23984][gc,marking   ] GC(382) Concurrent Mark From Roots
[2020-09-03T11:17:18.595+0000][23984][gc,task      ] GC(382) Using 2 workers of 2 for marking
[2020-09-03T11:17:18.729+0000][23984][gc,marking   ] GC(382) Concurrent Mark From Roots 133.425ms
[2020-09-03T11:17:18.729+0000][23984][gc,marking   ] GC(382) Concurrent Preclean
[2020-09-03T11:17:18.729+0000][23984][gc,marking   ] GC(382) Concurrent Preclean 0.377ms
[2020-09-03T11:17:18.729+0000][23984][gc,marking   ] GC(382) Concurrent Mark (187.597s, 187.731s) 133.938ms
[2020-09-03T11:17:18.729+0000][23984][gc,start     ] GC(382) Pause Remark
[2020-09-03T11:17:18.735+0000][23984][gc           ] GC(382) Pause Remark 287M->287M(1024M) 5.352ms
[2020-09-03T11:17:18.735+0000][23984][gc,cpu       ] GC(382) User=0.11s Sys=0.00s Real=0.01s
[2020-09-03T11:17:18.735+0000][23984][safepoint    ] Safepoint "G1Concurrent", Time since last: 137453000 ns, Reaching safepoint: 130300 ns, At safepoint: 5692100 ns, Total: 5822400 ns
[2020-09-03T11:17:18.735+0000][23984][gc,marking   ] GC(382) Concurrent Rebuild Remembered Sets
[2020-09-03T11:17:18.748+0000][23984][safepoint    ] Safepoint "BulkRevokeBias", Time since last: 10754800 ns, Reaching safepoint: 812700 ns, At safepoint: 1152900 ns, Total: 1965600 ns
[2020-09-03T11:17:18.750+0000][23984][safepoint    ] Safepoint "BulkRevokeBias", Time since last: 241500 ns, Reaching safepoint: 713100 ns, At safepoint: 1052600 ns, Total: 1765700 ns
[2020-09-03T11:17:18.752+0000][23984][safepoint    ] Safepoint "BulkRevokeBias", Time since last: 216200 ns, Reaching safepoint: 782000 ns, At safepoint: 1066300 ns, Total: 1848300 ns
[2020-09-03T11:17:18.754+0000][23984][safepoint    ] Safepoint "BulkRevokeBias", Time since last: 141600 ns, Reaching safepoint: 884700 ns, At safepoint: 1215000 ns, Total: 2099700 ns
[2020-09-03T11:17:18.822+0000][23984][gc,marking   ] GC(382) Concurrent Rebuild Remembered Sets 86.787ms
[2020-09-03T11:17:18.822+0000][23984][gc,start     ] GC(382) Pause Cleanup
[2020-09-03T11:17:18.823+0000][23984][gc           ] GC(382) Pause Cleanup 358M->358M(1024M) 0.290ms
[2020-09-03T11:17:18.823+0000][23984][gc,cpu       ] GC(382) User=0.00s Sys=0.00s Real=0.00s
[2020-09-03T11:17:18.823+0000][23984][safepoint    ] Safepoint "G1Concurrent", Time since last: 67987700 ns, Reaching safepoint: 146100 ns, At safepoint: 437800 ns, Total: 583900 ns
[2020-09-03T11:17:18.823+0000][23984][gc,marking   ] GC(382) Concurrent Cleanup for Next Mark
[2020-09-03T11:17:18.825+0000][23984][gc,marking   ] GC(382) Concurrent Cleanup for Next Mark 2.030ms
[2020-09-03T11:17:18.825+0000][23984][gc           ] GC(382) Concurrent Cycle 233.097ms
[2020-09-03T11:17:18.876+0000][23984][safepoint    ] Safepoint "BulkRevokeBias", Time since last: 51851400 ns, Reaching safepoint: 137500 ns, At safepoint: 1194000 ns, Total: 1331500 ns
[2020-09-03T11:17:18.899+0000][23984][safepoint    ] Safepoint "BulkRevokeBias", Time since last: 21896900 ns, Reaching safepoint: 124900 ns, At safepoint: 1134000 ns, Total: 1258900 ns
[2020-09-03T11:17:18.901+0000][23984][safepoint    ] Safepoint "BulkRevokeBias", Time since last: 405900 ns, Reaching safepoint: 119100 ns, At safepoint: 1189100 ns, Total: 1308200 ns
[2020-09-03T11:17:18.904+0000][23984][safepoint    ] Safepoint "BulkRevokeBias", Time since last: 2375300 ns, Reaching safepoint: 124400 ns, At safepoint: 971300 ns, Total: 1095700 ns
[2020-09-03T11:17:18.943+0000][23984][gc,start     ] GC(383) Pause Young (Concurrent Start) (G1 Humongous Allocation)
[2020-09-03T11:17:18.943+0000][23984][gc,task      ] GC(383) Using 8 workers of 8 for evacuation
[2020-09-03T11:17:18.943+0000][23984][gc,age       ] GC(383) Desired survivor size 33554432 bytes, new threshold 15 (max threshold 15)
[2020-09-03T11:17:18.947+0000][23984][gc,age       ] GC(383) Age table with threshold 15 (max threshold 15)
[2020-09-03T11:17:18.947+0000][23984][gc,age       ] GC(383) - age   1:    3160048 bytes,    3160048 total
[2020-09-03T11:17:18.947+0000][23984][gc,age       ] GC(383) - age   2:     121968 bytes,    3282016 total
[2020-09-03T11:17:18.947+0000][23984][gc,age       ] GC(383) - age   3:     403312 bytes,    3685328 total
[2020-09-03T11:17:18.947+0000][23984][gc,age       ] GC(383) - age   4:     463488 bytes,    4148816 total
[2020-09-03T11:17:18.947+0000][23984][gc,age       ] GC(383) - age   5:      14120 bytes,    4162936 total
[2020-09-03T11:17:18.947+0000][23984][gc,age       ] GC(383) - age   6:        840 bytes,    4163776 total
[2020-09-03T11:17:18.947+0000][23984][gc,age       ] GC(383) - age   7:     157792 bytes,    4321568 total
[2020-09-03T11:17:18.947+0000][23984][gc,age       ] GC(383) - age   8:       7368 bytes,    4328936 total
[2020-09-03T11:17:18.947+0000][23984][gc,age       ] GC(383) - age   9:       1112 bytes,    4330048 total
[2020-09-03T11:17:18.947+0000][23984][gc,age       ] GC(383) - age  10:       2768 bytes,    4332816 total
[2020-09-03T11:17:18.947+0000][23984][gc,age       ] GC(383) - age  11:     121888 bytes,    4454704 total
[2020-09-03T11:17:18.947+0000][23984][gc,age       ] GC(383) - age  12:      17488 bytes,    4472192 total
[2020-09-03T11:17:18.947+0000][23984][gc,age       ] GC(383) - age  13:        984 bytes,    4473176 total
[2020-09-03T11:17:18.947+0000][23984][gc,age       ] GC(383) - age  14:        520 bytes,    4473696 total
[2020-09-03T11:17:18.947+0000][23984][gc,age       ] GC(383) - age  15:        592 bytes,    4474288 total
[2020-09-03T11:17:18.947+0000][23984][gc,phases    ] GC(383)   Pre Evacuate Collection Set: 0.4ms
[2020-09-03T11:17:18.947+0000][23984][gc,phases    ] GC(383)   Merge Heap Roots: 0.1ms
[2020-09-03T11:17:18.947+0000][23984][gc,phases    ] GC(383)   Evacuate Collection Set: 2.6ms
[2020-09-03T11:17:18.947+0000][23984][gc,phases    ] GC(383)   Post Evacuate Collection Set: 0.7ms
[2020-09-03T11:17:18.947+0000][23984][gc,phases    ] GC(383)   Other: 0.7ms
[2020-09-03T11:17:18.947+0000][23984][gc,heap      ] GC(383) Eden regions: 35->0(503)
[2020-09-03T11:17:18.947+0000][23984][gc,heap      ] GC(383) Survivor regions: 4->5(64)
[2020-09-03T11:17:18.947+0000][23984][gc,heap      ] GC(383) Old regions: 78->78
[2020-09-03T11:17:18.947+0000][23984][gc,heap      ] GC(383) Archive regions: 0->0
[2020-09-03T11:17:18.947+0000][23984][gc,heap      ] GC(383) Humongous regions: 253->174
[2020-09-03T11:17:18.947+0000][23984][gc,metaspace ] GC(383) Metaspace: 87502K(93568K)->87502K(93568K) NonClass: 76397K(79872K)->76397K(79872K) Class: 11105K(13696K)->11105K(13696K)
[2020-09-03T11:17:18.947+0000][23984][gc           ] GC(383) Pause Young (Concurrent Start) (G1 Humongous Allocation) 368M->255M(1024M) 4.720ms
[2020-09-03T11:17:18.947+0000][23984][gc,cpu       ] GC(383) User=0.00s Sys=0.00s Real=0.00s
[2020-09-03T11:17:18.947+0000][23984][gc           ] GC(384) Concurrent Cycle
[2020-09-03T11:17:18.947+0000][23984][safepoint    ] Safepoint "G1TryInitiateConcMark", Time since last: 38157500 ns, Reaching safepoint: 162900 ns, At safepoint: 4875800 ns, Total: 5038700 ns
[2020-09-03T11:17:18.947+0000][23984][gc,marking   ] GC(384) Concurrent Clear Claimed Marks
[2020-09-03T11:17:18.948+0000][23984][gc,marking   ] GC(384) Concurrent Clear Claimed Marks 0.446ms
[2020-09-03T11:17:18.948+0000][23984][gc,marking   ] GC(384) Concurrent Scan Root Regions
[2020-09-03T11:17:18.952+0000][23984][gc,marking   ] GC(384) Concurrent Scan Root Regions 3.682ms
[2020-09-03T11:17:18.952+0000][23984][gc,marking   ] GC(384) Concurrent Mark (187.954s)
[2020-09-03T11:17:18.952+0000][23984][gc,marking   ] GC(384) Concurrent Mark From Roots
[2020-09-03T11:17:18.952+0000][23984][gc,task      ] GC(384) Using 2 workers of 2 for marking
[2020-09-03T11:17:19.096+0000][23984][gc,marking   ] GC(384) Concurrent Mark From Roots 143.838ms
[2020-09-03T11:17:19.096+0000][23984][gc,marking   ] GC(384) Concurrent Preclean
[2020-09-03T11:17:19.096+0000][23984][gc,marking   ] GC(384) Concurrent Preclean 0.515ms
[2020-09-03T11:17:19.096+0000][23984][gc,marking   ] GC(384) Concurrent Mark (187.954s, 188.098s) 144.527ms
[2020-09-03T11:17:19.097+0000][23984][gc,start     ] GC(384) Pause Remark
[2020-09-03T11:17:19.102+0000][23984][gc           ] GC(384) Pause Remark 324M->324M(1024M) 5.622ms
[2020-09-03T11:17:19.102+0000][23984][gc,cpu       ] GC(384) User=0.00s Sys=0.00s Real=0.01s
[2020-09-03T11:17:19.102+0000][23984][safepoint    ] Safepoint "G1Concurrent", Time since last: 148990700 ns, Reaching safepoint: 151000 ns, At safepoint: 5841800 ns, Total: 5992800 ns
[2020-09-03T11:17:19.102+0000][23984][gc,marking   ] GC(384) Concurrent Rebuild Remembered Sets
[2020-09-03T11:17:19.195+0000][23984][gc,marking   ] GC(384) Concurrent Rebuild Remembered Sets 92.190ms
[2020-09-03T11:17:19.195+0000][23984][gc,start     ] GC(384) Pause Cleanup
[2020-09-03T11:17:19.195+0000][23984][gc           ] GC(384) Pause Cleanup 400M->400M(1024M) 0.313ms
[2020-09-03T11:17:19.195+0000][23984][gc,cpu       ] GC(384) User=0.00s Sys=0.00s Real=0.00s
[2020-09-03T11:17:19.195+0000][23984][safepoint    ] Safepoint "G1Concurrent", Time since last: 92375800 ns, Reaching safepoint: 148500 ns, At safepoint: 485300 ns, Total: 633800 ns
[2020-09-03T11:17:19.195+0000][23984][gc,marking   ] GC(384) Concurrent Cleanup for Next Mark
[2020-09-03T11:17:19.197+0000][23984][gc,marking   ] GC(384) Concurrent Cleanup for Next Mark 1.577ms
[2020-09-03T11:17:19.197+0000][23984][gc           ] GC(384) Concurrent Cycle 249.774ms
[2020-09-03T11:17:19.334+0000][23984][gc,start     ] GC(385) Pause Young (Concurrent Start) (G1 Humongous Allocation)
[2020-09-03T11:17:19.334+0000][23984][gc,task      ] GC(385) Using 8 workers of 8 for evacuation
[2020-09-03T11:17:19.334+0000][23984][gc,age       ] GC(385) Desired survivor size 33554432 bytes, new threshold 15 (max threshold 15)
[2020-09-03T11:17:19.338+0000][23984][gc,age       ] GC(385) Age table with threshold 15 (max threshold 15)
[2020-09-03T11:17:19.338+0000][23984][gc,age       ] GC(385) - age   1:    2904736 bytes,    2904736 total
[2020-09-03T11:17:19.338+0000][23984][gc,age       ] GC(385) - age   2:     272664 bytes,    3177400 total
[2020-09-03T11:17:19.338+0000][23984][gc,age       ] GC(385) - age   3:     120464 bytes,    3297864 total
[2020-09-03T11:17:19.338+0000][23984][gc,age       ] GC(385) - age   4:     403160 bytes,    3701024 total
[2020-09-03T11:17:19.338+0000][23984][gc,age       ] GC(385) - age   5:     463064 bytes,    4164088 total
[2020-09-03T11:17:19.338+0000][23984][gc,age       ] GC(385) - age   6:      13896 bytes,    4177984 total
[2020-09-03T11:17:19.338+0000][23984][gc,age       ] GC(385) - age   7:        840 bytes,    4178824 total
[2020-09-03T11:17:19.338+0000][23984][gc,age       ] GC(385) - age   8:     157760 bytes,    4336584 total
[2020-09-03T11:17:19.338+0000][23984][gc,age       ] GC(385) - age   9:       7304 bytes,    4343888 total
[2020-09-03T11:17:19.338+0000][23984][gc,age       ] GC(385) - age  10:       1112 bytes,    4345000 total
[2020-09-03T11:17:19.338+0000][23984][gc,age       ] GC(385) - age  11:       2768 bytes,    4347768 total
[2020-09-03T11:17:19.338+0000][23984][gc,age       ] GC(385) - age  12:     121888 bytes,    4469656 total
[2020-09-03T11:17:19.338+0000][23984][gc,age       ] GC(385) - age  13:      17488 bytes,    4487144 total
[2020-09-03T11:17:19.338+0000][23984][gc,age       ] GC(385) - age  14:        856 bytes,    4488000 total
[2020-09-03T11:17:19.338+0000][23984][gc,age       ] GC(385) - age  15:        520 bytes,    4488520 total
[2020-09-03T11:17:19.338+0000][23984][gc,phases    ] GC(385)   Pre Evacuate Collection Set: 0.4ms
[2020-09-03T11:17:19.338+0000][23984][gc,phases    ] GC(385)   Merge Heap Roots: 0.1ms
[2020-09-03T11:17:19.338+0000][23984][gc,phases    ] GC(385)   Evacuate Collection Set: 2.6ms
[2020-09-03T11:17:19.338+0000][23984][gc,phases    ] GC(385)   Post Evacuate Collection Set: 0.7ms
[2020-09-03T11:17:19.338+0000][23984][gc,phases    ] GC(385)   Other: 0.7ms
[2020-09-03T11:17:19.338+0000][23984][gc,heap      ] GC(385) Eden regions: 35->0(503)
[2020-09-03T11:17:19.338+0000][23984][gc,heap      ] GC(385) Survivor regions: 5->5(64)
[2020-09-03T11:17:19.339+0000][23984][gc,heap      ] GC(385) Old regions: 78->78
[2020-09-03T11:17:19.339+0000][23984][gc,heap      ] GC(385) Archive regions: 0->0
[2020-09-03T11:17:19.339+0000][23984][gc,heap      ] GC(385) Humongous regions: 294->174
[2020-09-03T11:17:19.339+0000][23984][gc,metaspace ] GC(385) Metaspace: 87519K(93824K)->87519K(93824K) NonClass: 76411K(80128K)->76411K(80128K) Class: 11107K(13696K)->11107K(13696K)
[2020-09-03T11:17:19.339+0000][23984][gc           ] GC(385) Pause Young (Concurrent Start) (G1 Humongous Allocation) 410M->256M(1024M) 4.798ms
[2020-09-03T11:17:19.339+0000][23984][gc,cpu       ] GC(385) User=0.00s Sys=0.00s Real=0.00s
[2020-09-03T11:17:19.339+0000][23984][gc           ] GC(386) Concurrent Cycle
[2020-09-03T11:17:19.339+0000][23984][safepoint    ] Safepoint "G1TryInitiateConcMark", Time since last: 138248300 ns, Reaching safepoint: 176900 ns, At safepoint: 5012600 ns, Total: 5189500 ns
[2020-09-03T11:17:19.339+0000][23984][gc,marking   ] GC(386) Concurrent Clear Claimed Marks
[2020-09-03T11:17:19.339+0000][23984][gc,marking   ] GC(386) Concurrent Clear Claimed Marks 0.493ms
[2020-09-03T11:17:19.339+0000][23984][gc,marking   ] GC(386) Concurrent Scan Root Regions
[2020-09-03T11:17:19.343+0000][23984][gc,marking   ] GC(386) Concurrent Scan Root Regions 3.472ms
[2020-09-03T11:17:19.343+0000][23984][gc,marking   ] GC(386) Concurrent Mark (188.345s)
[2020-09-03T11:17:19.343+0000][23984][gc,marking   ] GC(386) Concurrent Mark From Roots
[2020-09-03T11:17:19.343+0000][23984][gc,task      ] GC(386) Using 2 workers of 2 for marking
[2020-09-03T11:17:19.468+0000][23984][gc,marking   ] GC(386) Concurrent Mark From Roots 124.496ms
[2020-09-03T11:17:19.468+0000][23984][gc,marking   ] GC(386) Concurrent Preclean
[2020-09-03T11:17:19.468+0000][23984][gc,marking   ] GC(386) Concurrent Preclean 0.413ms
[2020-09-03T11:17:19.468+0000][23984][gc,marking   ] GC(386) Concurrent Mark (188.345s, 188.470s) 125.078ms
[2020-09-03T11:17:19.468+0000][23984][gc,start     ] GC(386) Pause Remark
[2020-09-03T11:17:19.474+0000][23984][gc           ] GC(386) Pause Remark 325M->325M(1024M) 5.891ms
[2020-09-03T11:17:19.474+0000][23984][gc,cpu       ] GC(386) User=0.00s Sys=0.00s Real=0.01s
[2020-09-03T11:17:19.474+0000][23984][safepoint    ] Safepoint "G1Concurrent", Time since last: 129377200 ns, Reaching safepoint: 149000 ns, At safepoint: 6088700 ns, Total: 6237700 ns
[2020-09-03T11:17:19.475+0000][23984][gc,marking   ] GC(386) Concurrent Rebuild Remembered Sets
[2020-09-03T11:17:19.554+0000][23984][gc,marking   ] GC(386) Concurrent Rebuild Remembered Sets 79.218ms
[2020-09-03T11:17:19.554+0000][23984][gc,start     ] GC(386) Pause Cleanup
[2020-09-03T11:17:19.554+0000][23984][gc           ] GC(386) Pause Cleanup 332M->332M(1024M) 0.265ms
[2020-09-03T11:17:19.554+0000][23984][gc,cpu       ] GC(386) User=0.00s Sys=0.00s Real=0.00s
[2020-09-03T11:17:19.554+0000][23984][safepoint    ] Safepoint "G1Concurrent", Time since last: 79362200 ns, Reaching safepoint: 128600 ns, At safepoint: 438700 ns, Total: 567300 ns
[2020-09-03T11:17:19.554+0000][23984][gc,marking   ] GC(386) Concurrent Cleanup for Next Mark
[2020-09-03T11:17:19.556+0000][23984][gc,marking   ] GC(386) Concurrent Cleanup for Next Mark 1.789ms
[2020-09-03T11:17:19.556+0000][23984][gc           ] GC(386) Concurrent Cycle 217.562ms
[2020-09-03T11:17:19.685+0000][23984][gc,start     ] GC(387) Pause Young (Concurrent Start) (G1 Humongous Allocation)
[2020-09-03T11:17:19.685+0000][23984][gc,task      ] GC(387) Using 8 workers of 8 for evacuation
[2020-09-03T11:17:19.685+0000][23984][gc,age       ] GC(387) Desired survivor size 33554432 bytes, new threshold 15 (max threshold 15)
[2020-09-03T11:17:19.689+0000][23984][gc,age       ] GC(387) Age table with threshold 15 (max threshold 15)
[2020-09-03T11:17:19.689+0000][23984][gc,age       ] GC(387) - age   1:    2692512 bytes,    2692512 total
[2020-09-03T11:17:19.689+0000][23984][gc,age       ] GC(387) - age   2:      16136 bytes,    2708648 total
[2020-09-03T11:17:19.689+0000][23984][gc,age       ] GC(387) - age   3:     158792 bytes,    2867440 total
[2020-09-03T11:17:19.689+0000][23984][gc,age       ] GC(387) - age   4:      12656 bytes,    2880096 total
[2020-09-03T11:17:19.689+0000][23984][gc,age       ] GC(387) - age   5:       1096 bytes,    2881192 total
[2020-09-03T11:17:19.689+0000][23984][gc,age       ] GC(387) - age   6:     461600 bytes,    3342792 total
[2020-09-03T11:17:19.690+0000][23984][gc,age       ] GC(387) - age   7:      13640 bytes,    3356432 total
[2020-09-03T11:17:19.690+0000][23984][gc,age       ] GC(387) - age   8:        808 bytes,    3357240 total
[2020-09-03T11:17:19.690+0000][23984][gc,age       ] GC(387) - age   9:     157760 bytes,    3515000 total
[2020-09-03T11:17:19.690+0000][23984][gc,age       ] GC(387) - age  10:       7240 bytes,    3522240 total
[2020-09-03T11:17:19.690+0000][23984][gc,age       ] GC(387) - age  11:       1080 bytes,    3523320 total
[2020-09-03T11:17:19.690+0000][23984][gc,age       ] GC(387) - age  12:       2720 bytes,    3526040 total
[2020-09-03T11:17:19.690+0000][23984][gc,age       ] GC(387) - age  13:     121888 bytes,    3647928 total
[2020-09-03T11:17:19.690+0000][23984][gc,age       ] GC(387) - age  14:      17488 bytes,    3665416 total
[2020-09-03T11:17:19.690+0000][23984][gc,age       ] GC(387) - age  15:        728 bytes,    3666144 total
[2020-09-03T11:17:19.690+0000][23984][gc,phases    ] GC(387)   Pre Evacuate Collection Set: 0.4ms
[2020-09-03T11:17:19.690+0000][23984][gc,phases    ] GC(387)   Merge Heap Roots: 0.1ms
[2020-09-03T11:17:19.690+0000][23984][gc,phases    ] GC(387)   Evacuate Collection Set: 2.7ms
[2020-09-03T11:17:19.690+0000][23984][gc,phases    ] GC(387)   Post Evacuate Collection Set: 0.7ms
[2020-09-03T11:17:19.690+0000][23984][gc,phases    ] GC(387)   Other: 0.9ms
[2020-09-03T11:17:19.690+0000][23984][gc,heap      ] GC(387) Eden regions: 23->0(504)
[2020-09-03T11:17:19.690+0000][23984][gc,heap      ] GC(387) Survivor regions: 5->4(64)
[2020-09-03T11:17:19.690+0000][23984][gc,heap      ] GC(387) Old regions: 78->78
[2020-09-03T11:17:19.690+0000][23984][gc,heap      ] GC(387) Archive regions: 0->0
[2020-09-03T11:17:19.690+0000][23984][gc,heap      ] GC(387) Humongous regions: 234->174
[2020-09-03T11:17:19.690+0000][23984][gc,metaspace ] GC(387) Metaspace: 87522K(93824K)->87522K(93824K) NonClass: 76414K(80128K)->76414K(80128K) Class: 11107K(13696K)->11107K(13696K)
[2020-09-03T11:17:19.690+0000][23984][gc           ] GC(387) Pause Young (Concurrent Start) (G1 Humongous Allocation) 338M->255M(1024M) 5.178ms
[2020-09-03T11:17:19.690+0000][23984][gc,cpu       ] GC(387) User=0.00s Sys=0.00s Real=0.01s
[2020-09-03T11:17:19.690+0000][23984][safepoint    ] Safepoint "G1TryInitiateConcMark", Time since last: 130513300 ns, Reaching safepoint: 125900 ns, At safepoint: 5332700 ns, Total: 5458600 ns
[2020-09-03T11:17:19.690+0000][23984][gc           ] GC(388) Concurrent Cycle
[2020-09-03T11:17:19.690+0000][23984][gc,marking   ] GC(388) Concurrent Clear Claimed Marks
[2020-09-03T11:17:19.691+0000][23984][gc,marking   ] GC(388) Concurrent Clear Claimed Marks 0.367ms
[2020-09-03T11:17:19.691+0000][23984][gc,marking   ] GC(388) Concurrent Scan Root Regions
[2020-09-03T11:17:19.694+0000][23984][gc,marking   ] GC(388) Concurrent Scan Root Regions 2.677ms
[2020-09-03T11:17:19.694+0000][23984][gc,marking   ] GC(388) Concurrent Mark (188.696s)
[2020-09-03T11:17:19.694+0000][23984][gc,marking   ] GC(388) Concurrent Mark From Roots
[2020-09-03T11:17:19.694+0000][23984][gc,task      ] GC(388) Using 2 workers of 2 for marking
[2020-09-03T11:17:19.834+0000][23984][gc,marking   ] GC(388) Concurrent Mark From Roots 140.212ms
[2020-09-03T11:17:19.834+0000][23984][gc,marking   ] GC(388) Concurrent Preclean
[2020-09-03T11:17:19.835+0000][23984][gc,marking   ] GC(388) Concurrent Preclean 0.466ms
[2020-09-03T11:17:19.835+0000][23984][gc,marking   ] GC(388) Concurrent Mark (188.696s, 188.837s) 140.836ms
[2020-09-03T11:17:19.835+0000][23984][gc,start     ] GC(388) Pause Remark
[2020-09-03T11:17:19.841+0000][23984][gc           ] GC(388) Pause Remark 318M->318M(1024M) 5.790ms
[2020-09-03T11:17:19.841+0000][23984][gc,cpu       ] GC(388) User=0.03s Sys=0.00s Real=0.01s
[2020-09-03T11:17:19.841+0000][23984][safepoint    ] Safepoint "G1Concurrent", Time since last: 144266100 ns, Reaching safepoint: 166100 ns, At safepoint: 6384000 ns, Total: 6550100 ns
[2020-09-03T11:17:19.841+0000][23984][gc,marking   ] GC(388) Concurrent Rebuild Remembered Sets
[2020-09-03T11:17:19.930+0000][23984][gc,marking   ] GC(388) Concurrent Rebuild Remembered Sets 88.394ms
[2020-09-03T11:17:19.930+0000][23984][gc,start     ] GC(388) Pause Cleanup
[2020-09-03T11:17:19.930+0000][23984][gc           ] GC(388) Pause Cleanup 388M->388M(1024M) 0.298ms
[2020-09-03T11:17:19.930+0000][23984][gc,cpu       ] GC(388) User=0.00s Sys=0.00s Real=0.00s
[2020-09-03T11:17:19.930+0000][23984][safepoint    ] Safepoint "G1Concurrent", Time since last: 88610400 ns, Reaching safepoint: 149900 ns, At safepoint: 456700 ns, Total: 606600 ns
[2020-09-03T11:17:19.930+0000][23984][gc,marking   ] GC(388) Concurrent Cleanup for Next Mark
[2020-09-03T11:17:19.933+0000][23984][gc,marking   ] GC(388) Concurrent Cleanup for Next Mark 1.588ms
[2020-09-03T11:17:19.933+0000][23984][gc           ] GC(388) Concurrent Cycle 241.827ms
[2020-09-03T11:17:20.124+0000][23984][gc,start     ] GC(389) Pause Young (Concurrent Start) (G1 Humongous Allocation)
[2020-09-03T11:17:20.124+0000][23984][gc,task      ] GC(389) Using 8 workers of 8 for evacuation
[2020-09-03T11:17:20.124+0000][23984][gc,age       ] GC(389) Desired survivor size 33554432 bytes, new threshold 15 (max threshold 15)
[2020-09-03T11:17:20.128+0000][23984][gc,age       ] GC(389) Age table with threshold 15 (max threshold 15)
[2020-09-03T11:17:20.128+0000][23984][gc,age       ] GC(389) - age   1:    2685224 bytes,    2685224 total
[2020-09-03T11:17:20.128+0000][23984][gc,age       ] GC(389) - age   2:      11424 bytes,    2696648 total
[2020-09-03T11:17:20.128+0000][23984][gc,age       ] GC(389) - age   3:      16072 bytes,    2712720 total
[2020-09-03T11:17:20.128+0000][23984][gc,age       ] GC(389) - age   4:     157496 bytes,    2870216 total
[2020-09-03T11:17:20.128+0000][23984][gc,age       ] GC(389) - age   5:      12624 bytes,    2882840 total
[2020-09-03T11:17:20.128+0000][23984][gc,age       ] GC(389) - age   6:        416 bytes,    2883256 total
[2020-09-03T11:17:20.128+0000][23984][gc,age       ] GC(389) - age   7:     461336 bytes,    3344592 total
[2020-09-03T11:17:20.128+0000][23984][gc,age       ] GC(389) - age   8:      13608 bytes,    3358200 total
[2020-09-03T11:17:20.128+0000][23984][gc,age       ] GC(389) - age   9:        808 bytes,    3359008 total
[2020-09-03T11:17:20.128+0000][23984][gc,age       ] GC(389) - age  10:     157760 bytes,    3516768 total
[2020-09-03T11:17:20.128+0000][23984][gc,age       ] GC(389) - age  11:       7208 bytes,    3523976 total
[2020-09-03T11:17:20.128+0000][23984][gc,age       ] GC(389) - age  12:       1016 bytes,    3524992 total
[2020-09-03T11:17:20.128+0000][23984][gc,age       ] GC(389) - age  13:       2720 bytes,    3527712 total
[2020-09-03T11:17:20.128+0000][23984][gc,age       ] GC(389) - age  14:     121888 bytes,    3649600 total
[2020-09-03T11:17:20.128+0000][23984][gc,age       ] GC(389) - age  15:      17488 bytes,    3667088 total
[2020-09-03T11:17:20.128+0000][23984][gc,phases    ] GC(389)   Pre Evacuate Collection Set: 0.4ms
[2020-09-03T11:17:20.128+0000][23984][gc,phases    ] GC(389)   Merge Heap Roots: 0.1ms
[2020-09-03T11:17:20.128+0000][23984][gc,phases    ] GC(389)   Evacuate Collection Set: 2.6ms
[2020-09-03T11:17:20.128+0000][23984][gc,phases    ] GC(389)   Post Evacuate Collection Set: 0.7ms
[2020-09-03T11:17:20.128+0000][23984][gc,phases    ] GC(389)   Other: 0.9ms
[2020-09-03T11:17:20.128+0000][23984][gc,heap      ] GC(389) Eden regions: 40->0(504)
[2020-09-03T11:17:20.128+0000][23984][gc,heap      ] GC(389) Survivor regions: 4->4(64)
[2020-09-03T11:17:20.128+0000][23984][gc,heap      ] GC(389) Old regions: 78->78
[2020-09-03T11:17:20.128+0000][23984][gc,heap      ] GC(389) Archive regions: 0->0
[2020-09-03T11:17:20.128+0000][23984][gc,heap      ] GC(389) Humongous regions: 278->174
[2020-09-03T11:17:20.128+0000][23984][gc,metaspace ] GC(389) Metaspace: 87523K(93824K)->87523K(93824K) NonClass: 76415K(80128K)->76415K(80128K) Class: 11107K(13696K)->11107K(13696K)
[2020-09-03T11:17:20.129+0000][23984][gc           ] GC(389) Pause Young (Concurrent Start) (G1 Humongous Allocation) 398M->255M(1024M) 5.010ms
[2020-09-03T11:17:20.129+0000][23984][gc,cpu       ] GC(389) User=0.00s Sys=0.00s Real=0.00s
[2020-09-03T11:17:20.129+0000][23984][gc           ] GC(390) Concurrent Cycle
[2020-09-03T11:17:20.129+0000][23984][safepoint    ] Safepoint "G1TryInitiateConcMark", Time since last: 192982200 ns, Reaching safepoint: 133900 ns, At safepoint: 5180600 ns, Total: 5314500 ns
[2020-09-03T11:17:20.129+0000][23984][gc,marking   ] GC(390) Concurrent Clear Claimed Marks
[2020-09-03T11:17:20.129+0000][23984][gc,marking   ] GC(390) Concurrent Clear Claimed Marks 0.577ms
[2020-09-03T11:17:20.129+0000][23984][gc,marking   ] GC(390) Concurrent Scan Root Regions
[2020-09-03T11:17:20.133+0000][23984][gc,marking   ] GC(390) Concurrent Scan Root Regions 3.633ms
[2020-09-03T11:17:20.133+0000][23984][gc,marking   ] GC(390) Concurrent Mark (189.135s)
[2020-09-03T11:17:20.133+0000][23984][gc,marking   ] GC(390) Concurrent Mark From Roots
[2020-09-03T11:17:20.133+0000][23984][gc,task      ] GC(390) Using 2 workers of 2 for marking
[2020-09-03T11:17:20.252+0000][23984][gc,marking   ] GC(390) Concurrent Mark From Roots 118.743ms
[2020-09-03T11:17:20.252+0000][23984][gc,marking   ] GC(390) Concurrent Preclean
[2020-09-03T11:17:20.253+0000][23984][gc,marking   ] GC(390) Concurrent Preclean 0.546ms
[2020-09-03T11:17:20.253+0000][23984][gc,marking   ] GC(390) Concurrent Mark (189.135s, 189.255s) 119.462ms
[2020-09-03T11:17:20.253+0000][23984][gc,start     ] GC(390) Pause Remark
[2020-09-03T11:17:20.259+0000][23984][gc           ] GC(390) Pause Remark 318M->318M(1024M) 6.508ms
[2020-09-03T11:17:20.259+0000][23984][gc,cpu       ] GC(390) User=0.00s Sys=0.00s Real=0.01s
[2020-09-03T11:17:20.260+0000][23984][safepoint    ] Safepoint "G1Concurrent", Time since last: 124033100 ns, Reaching safepoint: 132500 ns, At safepoint: 6732400 ns, Total: 6864900 ns
[2020-09-03T11:17:20.260+0000][23984][gc,marking   ] GC(390) Concurrent Rebuild Remembered Sets
[2020-09-03T11:17:20.337+0000][23984][gc,marking   ] GC(390) Concurrent Rebuild Remembered Sets 77.528ms
[2020-09-03T11:17:20.337+0000][23984][gc,start     ] GC(390) Pause Cleanup
[2020-09-03T11:17:20.338+0000][23984][gc           ] GC(390) Pause Cleanup 387M->387M(1024M) 0.237ms
[2020-09-03T11:17:20.338+0000][23984][gc,cpu       ] GC(390) User=0.00s Sys=0.00s Real=0.00s
[2020-09-03T11:17:20.338+0000][23984][safepoint    ] Safepoint "G1Concurrent", Time since last: 77701600 ns, Reaching safepoint: 142200 ns, At safepoint: 385700 ns, Total: 527900 ns
[2020-09-03T11:17:20.338+0000][23984][gc,marking   ] GC(390) Concurrent Cleanup for Next Mark
[2020-09-03T11:17:20.339+0000][23984][gc,marking   ] GC(390) Concurrent Cleanup for Next Mark 1.595ms
[2020-09-03T11:17:20.340+0000][23984][gc           ] GC(390) Concurrent Cycle 210.936ms
[2020-09-03T11:17:20.423+0000][23984][gc,start     ] GC(391) Pause Young (Concurrent Start) (G1 Humongous Allocation)
[2020-09-03T11:17:20.423+0000][23984][gc,task      ] GC(391) Using 8 workers of 8 for evacuation
[2020-09-03T11:17:20.423+0000][23984][gc,age       ] GC(391) Desired survivor size 33554432 bytes, new threshold 15 (max threshold 15)
[2020-09-03T11:17:20.427+0000][23984][gc,age       ] GC(391) Age table with threshold 15 (max threshold 15)
[2020-09-03T11:17:20.427+0000][23984][gc,age       ] GC(391) - age   1:    1028344 bytes,    1028344 total
[2020-09-03T11:17:20.427+0000][23984][gc,age       ] GC(391) - age   2:       4944 bytes,    1033288 total
[2020-09-03T11:17:20.427+0000][23984][gc,age       ] GC(391) - age   3:      10632 bytes,    1043920 total
[2020-09-03T11:17:20.427+0000][23984][gc,age       ] GC(391) - age   4:      15952 bytes,    1059872 total
[2020-09-03T11:17:20.427+0000][23984][gc,age       ] GC(391) - age   5:     157400 bytes,    1217272 total
[2020-09-03T11:17:20.427+0000][23984][gc,age       ] GC(391) - age   6:      12528 bytes,    1229800 total
[2020-09-03T11:17:20.427+0000][23984][gc,age       ] GC(391) - age   7:        416 bytes,    1230216 total
[2020-09-03T11:17:20.427+0000][23984][gc,age       ] GC(391) - age   8:     461296 bytes,    1691512 total
[2020-09-03T11:17:20.427+0000][23984][gc,age       ] GC(391) - age   9:      13536 bytes,    1705048 total
[2020-09-03T11:17:20.427+0000][23984][gc,age       ] GC(391) - age  10:        808 bytes,    1705856 total
[2020-09-03T11:17:20.427+0000][23984][gc,age       ] GC(391) - age  11:     157696 bytes,    1863552 total
[2020-09-03T11:17:20.427+0000][23984][gc,age       ] GC(391) - age  12:       7152 bytes,    1870704 total
[2020-09-03T11:17:20.427+0000][23984][gc,age       ] GC(391) - age  13:       1016 bytes,    1871720 total
[2020-09-03T11:17:20.427+0000][23984][gc,age       ] GC(391) - age  14:       2720 bytes,    1874440 total
[2020-09-03T11:17:20.427+0000][23984][gc,age       ] GC(391) - age  15:     121888 bytes,    1996328 total
[2020-09-03T11:17:20.427+0000][23984][gc,phases    ] GC(391)   Pre Evacuate Collection Set: 0.4ms
[2020-09-03T11:17:20.427+0000][23984][gc,phases    ] GC(391)   Merge Heap Roots: 0.1ms
[2020-09-03T11:17:20.427+0000][23984][gc,phases    ] GC(391)   Evacuate Collection Set: 2.4ms
[2020-09-03T11:17:20.428+0000][23984][gc,phases    ] GC(391)   Post Evacuate Collection Set: 0.7ms
[2020-09-03T11:17:20.428+0000][23984][gc,phases    ] GC(391)   Other: 0.8ms
[2020-09-03T11:17:20.428+0000][23984][gc,heap      ] GC(391) Eden regions: 36->0(506)
[2020-09-03T11:17:20.428+0000][23984][gc,heap      ] GC(391) Survivor regions: 4->3(64)
[2020-09-03T11:17:20.428+0000][23984][gc,heap      ] GC(391) Old regions: 78->78
[2020-09-03T11:17:20.428+0000][23984][gc,heap      ] GC(391) Archive regions: 0->0
[2020-09-03T11:17:20.428+0000][23984][gc,heap      ] GC(391) Humongous regions: 278->174
[2020-09-03T11:17:20.428+0000][23984][gc,metaspace ] GC(391) Metaspace: 87523K(93824K)->87523K(93824K) NonClass: 76415K(80128K)->76415K(80128K) Class: 11107K(13696K)->11107K(13696K)
[2020-09-03T11:17:20.428+0000][23984][gc           ] GC(391) Pause Young (Concurrent Start) (G1 Humongous Allocation) 395M->253M(1024M) 4.679ms
[2020-09-03T11:17:20.428+0000][23984][gc,cpu       ] GC(391) User=0.00s Sys=0.00s Real=0.00s
[2020-09-03T11:17:20.428+0000][23984][safepoint    ] Safepoint "G1TryInitiateConcMark", Time since last: 85061900 ns, Reaching safepoint: 146700 ns, At safepoint: 4806000 ns, Total: 4952700 ns
[2020-09-03T11:17:20.428+0000][23984][gc           ] GC(392) Concurrent Cycle
[2020-09-03T11:17:20.428+0000][23984][gc,marking   ] GC(392) Concurrent Clear Claimed Marks
[2020-09-03T11:17:20.428+0000][23984][gc,marking   ] GC(392) Concurrent Clear Claimed Marks 0.323ms
[2020-09-03T11:17:20.428+0000][23984][gc,marking   ] GC(392) Concurrent Scan Root Regions
[2020-09-03T11:17:20.430+0000][23984][gc,marking   ] GC(392) Concurrent Scan Root Regions 2.169ms
[2020-09-03T11:17:20.430+0000][23984][gc,marking   ] GC(392) Concurrent Mark (189.432s)
[2020-09-03T11:17:20.431+0000][23984][gc,marking   ] GC(392) Concurrent Mark From Roots
[2020-09-03T11:17:20.431+0000][23984][gc,task      ] GC(392) Using 2 workers of 2 for marking
[2020-09-03T11:17:20.539+0000][23984][gc,marking   ] GC(392) Concurrent Mark From Roots 108.868ms
[2020-09-03T11:17:20.539+0000][23984][gc,marking   ] GC(392) Concurrent Preclean
[2020-09-03T11:17:20.540+0000][23984][gc,marking   ] GC(392) Concurrent Preclean 0.401ms
[2020-09-03T11:17:20.540+0000][23984][gc,marking   ] GC(392) Concurrent Mark (189.432s, 189.542s) 109.415ms
[2020-09-03T11:17:20.540+0000][23984][gc,start     ] GC(392) Pause Remark
[2020-09-03T11:17:20.546+0000][23984][gc           ] GC(392) Pause Remark 270M->270M(1024M) 5.382ms
[2020-09-03T11:17:20.546+0000][23984][gc,cpu       ] GC(392) User=0.11s Sys=0.00s Real=0.01s
[2020-09-03T11:17:20.546+0000][23984][safepoint    ] Safepoint "G1Concurrent", Time since last: 112140700 ns, Reaching safepoint: 133300 ns, At safepoint: 5575900 ns, Total: 5709200 ns
[2020-09-03T11:17:20.546+0000][23984][gc,marking   ] GC(392) Concurrent Rebuild Remembered Sets
[2020-09-03T11:17:20.614+0000][23984][gc,marking   ] GC(392) Concurrent Rebuild Remembered Sets 68.072ms
[2020-09-03T11:17:20.614+0000][23984][gc,start     ] GC(392) Pause Cleanup
[2020-09-03T11:17:20.614+0000][23984][gc           ] GC(392) Pause Cleanup 287M->287M(1024M) 0.234ms
[2020-09-03T11:17:20.614+0000][23984][gc,cpu       ] GC(392) User=0.00s Sys=0.00s Real=0.00s
[2020-09-03T11:17:20.614+0000][23984][safepoint    ] Safepoint "G1Concurrent", Time since last: 68216900 ns, Reaching safepoint: 138100 ns, At safepoint: 350100 ns, Total: 488200 ns
[2020-09-03T11:17:20.614+0000][23984][gc,marking   ] GC(392) Concurrent Cleanup for Next Mark
[2020-09-03T11:17:20.616+0000][23984][gc,marking   ] GC(392) Concurrent Cleanup for Next Mark 1.493ms
[2020-09-03T11:17:20.616+0000][23984][gc           ] GC(392) Concurrent Cycle 188.184ms
[2020-09-03T11:17:20.700+0000][23984][gc,start     ] GC(393) Pause Young (Concurrent Start) (G1 Humongous Allocation)
[2020-09-03T11:17:20.700+0000][23984][gc,task      ] GC(393) Using 8 workers of 8 for evacuation
[2020-09-03T11:17:20.700+0000][23984][gc,age       ] GC(393) Desired survivor size 33554432 bytes, new threshold 15 (max threshold 15)
[2020-09-03T11:17:20.704+0000][23984][gc,age       ] GC(393) Age table with threshold 15 (max threshold 15)
[2020-09-03T11:17:20.704+0000][23984][gc,age       ] GC(393) - age   1:    1849272 bytes,    1849272 total
[2020-09-03T11:17:20.704+0000][23984][gc,age       ] GC(393) - age   2:     403984 bytes,    2253256 total
[2020-09-03T11:17:20.704+0000][23984][gc,age       ] GC(393) - age   3:       4664 bytes,    2257920 total
[2020-09-03T11:17:20.704+0000][23984][gc,age       ] GC(393) - age   4:      10200 bytes,    2268120 total
[2020-09-03T11:17:20.704+0000][23984][gc,age       ] GC(393) - age   5:      15728 bytes,    2283848 total
[2020-09-03T11:17:20.704+0000][23984][gc,age       ] GC(393) - age   6:     157304 bytes,    2441152 total
[2020-09-03T11:17:20.704+0000][23984][gc,age       ] GC(393) - age   7:      11984 bytes,    2453136 total
[2020-09-03T11:17:20.704+0000][23984][gc,age       ] GC(393) - age   8:        416 bytes,    2453552 total
[2020-09-03T11:17:20.704+0000][23984][gc,age       ] GC(393) - age   9:     458472 bytes,    2912024 total
[2020-09-03T11:17:20.704+0000][23984][gc,age       ] GC(393) - age  10:      13536 bytes,    2925560 total
[2020-09-03T11:17:20.704+0000][23984][gc,age       ] GC(393) - age  11:        808 bytes,    2926368 total
[2020-09-03T11:17:20.704+0000][23984][gc,age       ] GC(393) - age  12:     157568 bytes,    3083936 total
[2020-09-03T11:17:20.704+0000][23984][gc,age       ] GC(393) - age  13:       7152 bytes,    3091088 total
[2020-09-03T11:17:20.704+0000][23984][gc,age       ] GC(393) - age  14:       1016 bytes,    3092104 total
[2020-09-03T11:17:20.704+0000][23984][gc,age       ] GC(393) - age  15:       2720 bytes,    3094824 total
[2020-09-03T11:17:20.704+0000][23984][gc,phases    ] GC(393)   Pre Evacuate Collection Set: 0.4ms
[2020-09-03T11:17:20.704+0000][23984][gc,phases    ] GC(393)   Merge Heap Roots: 0.1ms
[2020-09-03T11:17:20.704+0000][23984][gc,phases    ] GC(393)   Evacuate Collection Set: 2.4ms
[2020-09-03T11:17:20.704+0000][23984][gc,phases    ] GC(393)   Post Evacuate Collection Set: 0.5ms
[2020-09-03T11:17:20.704+0000][23984][gc,phases    ] GC(393)   Other: 0.6ms
[2020-09-03T11:17:20.704+0000][23984][gc,heap      ] GC(393) Eden regions: 24->0(505)
[2020-09-03T11:17:20.704+0000][23984][gc,heap      ] GC(393) Survivor regions: 3->4(64)
[2020-09-03T11:17:20.704+0000][23984][gc,heap      ] GC(393) Old regions: 78->78
[2020-09-03T11:17:20.704+0000][23984][gc,heap      ] GC(393) Archive regions: 0->0
[2020-09-03T11:17:20.704+0000][23984][gc,heap      ] GC(393) Humongous regions: 229->174
[2020-09-03T11:17:20.704+0000][23984][gc,metaspace ] GC(393) Metaspace: 87523K(93824K)->87523K(93824K) NonClass: 76415K(80128K)->76415K(80128K) Class: 11107K(13696K)->11107K(13696K)
[2020-09-03T11:17:20.704+0000][23984][gc           ] GC(393) Pause Young (Concurrent Start) (G1 Humongous Allocation) 332M->254M(1024M) 4.172ms
[2020-09-03T11:17:20.704+0000][23984][gc,cpu       ] GC(393) User=0.02s Sys=0.00s Real=0.00s
[2020-09-03T11:17:20.704+0000][23984][gc           ] GC(394) Concurrent Cycle
[2020-09-03T11:17:20.704+0000][23984][safepoint    ] Safepoint "G1TryInitiateConcMark", Time since last: 85454100 ns, Reaching safepoint: 152100 ns, At safepoint: 4320400 ns, Total: 4472500 ns
[2020-09-03T11:17:20.704+0000][23984][gc,marking   ] GC(394) Concurrent Clear Claimed Marks
[2020-09-03T11:17:20.705+0000][23984][gc,marking   ] GC(394) Concurrent Clear Claimed Marks 0.421ms
[2020-09-03T11:17:20.705+0000][23984][gc,marking   ] GC(394) Concurrent Scan Root Regions
[2020-09-03T11:17:20.707+0000][23984][gc,marking   ] GC(394) Concurrent Scan Root Regions 2.277ms
[2020-09-03T11:17:20.707+0000][23984][gc,marking   ] GC(394) Concurrent Mark (189.709s)
[2020-09-03T11:17:20.707+0000][23984][gc,marking   ] GC(394) Concurrent Mark From Roots
[2020-09-03T11:17:20.707+0000][23984][gc,task      ] GC(394) Using 2 workers of 2 for marking
[2020-09-03T11:17:20.815+0000][23984][gc,marking   ] GC(394) Concurrent Mark From Roots 107.486ms
[2020-09-03T11:17:20.815+0000][23984][gc,marking   ] GC(394) Concurrent Preclean
[2020-09-03T11:17:20.815+0000][23984][gc,marking   ] GC(394) Concurrent Preclean 0.490ms
[2020-09-03T11:17:20.815+0000][23984][gc,marking   ] GC(394) Concurrent Mark (189.709s, 189.817s) 108.128ms
[2020-09-03T11:17:20.816+0000][23984][gc,start     ] GC(394) Pause Remark
[2020-09-03T11:17:20.823+0000][23984][gc           ] GC(394) Pause Remark 287M->287M(1024M) 7.225ms
[2020-09-03T11:17:20.823+0000][23984][gc,cpu       ] GC(394) User=0.00s Sys=0.00s Real=0.01s
[2020-09-03T11:17:20.823+0000][23984][safepoint    ] Safepoint "G1Concurrent", Time since last: 111071900 ns, Reaching safepoint: 197400 ns, At safepoint: 7431600 ns, Total: 7629000 ns
[2020-09-03T11:17:20.823+0000][23984][gc,marking   ] GC(394) Concurrent Rebuild Remembered Sets
[2020-09-03T11:17:20.905+0000][23984][gc,marking   ] GC(394) Concurrent Rebuild Remembered Sets 81.895ms
[2020-09-03T11:17:20.905+0000][23984][gc,start     ] GC(394) Pause Cleanup
[2020-09-03T11:17:20.905+0000][23984][gc           ] GC(394) Pause Cleanup 358M->358M(1024M) 0.240ms
[2020-09-03T11:17:20.906+0000][23984][gc,cpu       ] GC(394) User=0.00s Sys=0.00s Real=0.00s
[2020-09-03T11:17:20.906+0000][23984][safepoint    ] Safepoint "G1Concurrent", Time since last: 82052000 ns, Reaching safepoint: 157800 ns, At safepoint: 395200 ns, Total: 553000 ns
[2020-09-03T11:17:20.906+0000][23984][gc,marking   ] GC(394) Concurrent Cleanup for Next Mark
[2020-09-03T11:17:20.907+0000][23984][gc,marking   ] GC(394) Concurrent Cleanup for Next Mark 1.519ms
[2020-09-03T11:17:20.907+0000][23984][gc           ] GC(394) Concurrent Cycle 202.987ms
[2020-09-03T11:17:20.986+0000][23984][gc,start     ] GC(395) Pause Young (Concurrent Start) (G1 Humongous Allocation)
[2020-09-03T11:17:20.986+0000][23984][gc,task      ] GC(395) Using 8 workers of 8 for evacuation
[2020-09-03T11:17:20.986+0000][23984][gc,age       ] GC(395) Desired survivor size 33554432 bytes, new threshold 15 (max threshold 15)
[2020-09-03T11:17:20.990+0000][23984][gc,age       ] GC(395) Age table with threshold 15 (max threshold 15)
[2020-09-03T11:17:20.990+0000][23984][gc,age       ] GC(395) - age   1:    2948560 bytes,    2948560 total
[2020-09-03T11:17:20.990+0000][23984][gc,age       ] GC(395) - age   2:     110480 bytes,    3059040 total
[2020-09-03T11:17:20.990+0000][23984][gc,age       ] GC(395) - age   3:     403856 bytes,    3462896 total
[2020-09-03T11:17:20.990+0000][23984][gc,age       ] GC(395) - age   4:       2936 bytes,    3465832 total
[2020-09-03T11:17:20.990+0000][23984][gc,age       ] GC(395) - age   5:       7736 bytes,    3473568 total
[2020-09-03T11:17:20.990+0000][23984][gc,age       ] GC(395) - age   6:      15600 bytes,    3489168 total
[2020-09-03T11:17:20.991+0000][23984][gc,age       ] GC(395) - age   7:     156920 bytes,    3646088 total
[2020-09-03T11:17:20.991+0000][23984][gc,age       ] GC(395) - age   8:      11952 bytes,    3658040 total
[2020-09-03T11:17:20.991+0000][23984][gc,age       ] GC(395) - age   9:        384 bytes,    3658424 total
[2020-09-03T11:17:20.991+0000][23984][gc,age       ] GC(395) - age  10:     456056 bytes,    4114480 total
[2020-09-03T11:17:20.991+0000][23984][gc,age       ] GC(395) - age  11:      13536 bytes,    4128016 total
[2020-09-03T11:17:20.991+0000][23984][gc,age       ] GC(395) - age  12:        808 bytes,    4128824 total
[2020-09-03T11:17:20.991+0000][23984][gc,age       ] GC(395) - age  13:     157568 bytes,    4286392 total
[2020-09-03T11:17:20.991+0000][23984][gc,age       ] GC(395) - age  14:       7152 bytes,    4293544 total
[2020-09-03T11:17:20.991+0000][23984][gc,age       ] GC(395) - age  15:       1016 bytes,    4294560 total
[2020-09-03T11:17:20.991+0000][23984][gc,phases    ] GC(395)   Pre Evacuate Collection Set: 0.4ms
[2020-09-03T11:17:20.991+0000][23984][gc,phases    ] GC(395)   Merge Heap Roots: 0.2ms
[2020-09-03T11:17:20.991+0000][23984][gc,phases    ] GC(395)   Evacuate Collection Set: 2.6ms
[2020-09-03T11:17:20.991+0000][23984][gc,phases    ] GC(395)   Post Evacuate Collection Set: 0.8ms
[2020-09-03T11:17:20.991+0000][23984][gc,phases    ] GC(395)   Other: 0.9ms
[2020-09-03T11:17:20.991+0000][23984][gc,heap      ] GC(395) Eden regions: 34->0(504)
[2020-09-03T11:17:20.991+0000][23984][gc,heap      ] GC(395) Survivor regions: 4->5(64)
[2020-09-03T11:17:20.991+0000][23984][gc,heap      ] GC(395) Old regions: 78->78
[2020-09-03T11:17:20.991+0000][23984][gc,heap      ] GC(395) Archive regions: 0->0
[2020-09-03T11:17:20.991+0000][23984][gc,heap      ] GC(395) Humongous regions: 253->174
[2020-09-03T11:17:20.991+0000][23984][gc,metaspace ] GC(395) Metaspace: 87523K(93824K)->87523K(93824K) NonClass: 76415K(80128K)->76415K(80128K) Class: 11107K(13696K)->11107K(13696K)
[2020-09-03T11:17:20.991+0000][23984][gc           ] GC(395) Pause Young (Concurrent Start) (G1 Humongous Allocation) 367M->256M(1024M) 5.150ms
[2020-09-03T11:17:20.991+0000][23984][gc,cpu       ] GC(395) User=0.00s Sys=0.00s Real=0.00s
[2020-09-03T11:17:20.991+0000][23984][safepoint    ] Safepoint "G1TryInitiateConcMark", Time since last: 80443900 ns, Reaching safepoint: 133600 ns, At safepoint: 5307100 ns, Total: 5440700 ns
[2020-09-03T11:17:20.992+0000][23984][gc           ] GC(396) Concurrent Cycle
[2020-09-03T11:17:20.992+0000][23984][gc,marking   ] GC(396) Concurrent Clear Claimed Marks
[2020-09-03T11:17:20.992+0000][23984][gc,marking   ] GC(396) Concurrent Clear Claimed Marks 0.552ms
[2020-09-03T11:17:20.992+0000][23984][gc,marking   ] GC(396) Concurrent Scan Root Regions
[2020-09-03T11:17:20.995+0000][23984][gc,marking   ] GC(396) Concurrent Scan Root Regions 2.292ms
[2020-09-03T11:17:20.995+0000][23984][gc,marking   ] GC(396) Concurrent Mark (189.997s)
[2020-09-03T11:17:20.995+0000][23984][gc,marking   ] GC(396) Concurrent Mark From Roots
[2020-09-03T11:17:20.995+0000][23984][gc,task      ] GC(396) Using 2 workers of 2 for marking
[2020-09-03T11:17:21.098+0000][23984][gc,marking   ] GC(396) Concurrent Mark From Roots 102.916ms
[2020-09-03T11:17:21.098+0000][23984][gc,marking   ] GC(396) Concurrent Preclean
[2020-09-03T11:17:21.098+0000][23984][gc,marking   ] GC(396) Concurrent Preclean 0.351ms
[2020-09-03T11:17:21.098+0000][23984][gc,marking   ] GC(396) Concurrent Mark (189.997s, 190.100s) 103.386ms
[2020-09-03T11:17:21.098+0000][23984][gc,start     ] GC(396) Pause Remark
[2020-09-03T11:17:21.103+0000][23984][gc           ] GC(396) Pause Remark 321M->321M(1024M) 4.857ms
[2020-09-03T11:17:21.103+0000][23984][gc,cpu       ] GC(396) User=0.00s Sys=0.00s Real=0.00s
[2020-09-03T11:17:21.103+0000][23984][safepoint    ] Safepoint "G1Concurrent", Time since last: 106604900 ns, Reaching safepoint: 152300 ns, At safepoint: 5060900 ns, Total: 5213200 ns
[2020-09-03T11:17:21.103+0000][23984][gc,marking   ] GC(396) Concurrent Rebuild Remembered Sets
[2020-09-03T11:17:21.176+0000][23984][gc,marking   ] GC(396) Concurrent Rebuild Remembered Sets 72.499ms
[2020-09-03T11:17:21.176+0000][23984][gc,start     ] GC(396) Pause Cleanup
[2020-09-03T11:17:21.176+0000][23984][gc           ] GC(396) Pause Cleanup 330M->330M(1024M) 0.238ms
[2020-09-03T11:17:21.176+0000][23984][gc,cpu       ] GC(396) User=0.00s Sys=0.00s Real=0.00s
[2020-09-03T11:17:21.176+0000][23984][safepoint    ] Safepoint "G1Concurrent", Time since last: 72656700 ns, Reaching safepoint: 115400 ns, At safepoint: 360200 ns, Total: 475600 ns
[2020-09-03T11:17:21.176+0000][23984][gc,marking   ] GC(396) Concurrent Cleanup for Next Mark
[2020-09-03T11:17:21.178+0000][23984][gc,marking   ] GC(396) Concurrent Cleanup for Next Mark 1.448ms
[2020-09-03T11:17:21.178+0000][23984][gc           ] GC(396) Concurrent Cycle 186.568ms
[2020-09-03T11:17:21.234+0000][23984][gc,start     ] GC(397) Pause Young (Concurrent Start) (G1 Humongous Allocation)
[2020-09-03T11:17:21.234+0000][23984][gc,task      ] GC(397) Using 8 workers of 8 for evacuation
[2020-09-03T11:17:21.234+0000][23984][gc,age       ] GC(397) Desired survivor size 33554432 bytes, new threshold 15 (max threshold 15)
[2020-09-03T11:17:21.238+0000][23984][gc,age       ] GC(397) Age table with threshold 15 (max threshold 15)
[2020-09-03T11:17:21.238+0000][23984][gc,age       ] GC(397) - age   1:    2690280 bytes,    2690280 total
[2020-09-03T11:17:21.238+0000][23984][gc,age       ] GC(397) - age   2:       2616 bytes,    2692896 total
[2020-09-03T11:17:21.238+0000][23984][gc,age       ] GC(397) - age   3:       2072 bytes,    2694968 total
[2020-09-03T11:17:21.238+0000][23984][gc,age       ] GC(397) - age   4:       1392 bytes,    2696360 total
[2020-09-03T11:17:21.238+0000][23984][gc,age       ] GC(397) - age   5:       1176 bytes,    2697536 total
[2020-09-03T11:17:21.238+0000][23984][gc,age       ] GC(397) - age   6:       7544 bytes,    2705080 total
[2020-09-03T11:17:21.238+0000][23984][gc,age       ] GC(397) - age   7:      15568 bytes,    2720648 total
[2020-09-03T11:17:21.238+0000][23984][gc,age       ] GC(397) - age   8:     156920 bytes,    2877568 total
[2020-09-03T11:17:21.238+0000][23984][gc,age       ] GC(397) - age   9:      11952 bytes,    2889520 total
[2020-09-03T11:17:21.238+0000][23984][gc,age       ] GC(397) - age  10:        384 bytes,    2889904 total
[2020-09-03T11:17:21.238+0000][23984][gc,age       ] GC(397) - age  11:     456056 bytes,    3345960 total
[2020-09-03T11:17:21.238+0000][23984][gc,age       ] GC(397) - age  12:      13536 bytes,    3359496 total
[2020-09-03T11:17:21.238+0000][23984][gc,age       ] GC(397) - age  13:        776 bytes,    3360272 total
[2020-09-03T11:17:21.238+0000][23984][gc,age       ] GC(397) - age  14:     157536 bytes,    3517808 total
[2020-09-03T11:17:21.238+0000][23984][gc,age       ] GC(397) - age  15:       7152 bytes,    3524960 total
[2020-09-03T11:17:21.239+0000][23984][gc,phases    ] GC(397)   Pre Evacuate Collection Set: 0.5ms
[2020-09-03T11:17:21.239+0000][23984][gc,phases    ] GC(397)   Merge Heap Roots: 0.1ms
[2020-09-03T11:17:21.239+0000][23984][gc,phases    ] GC(397)   Evacuate Collection Set: 2.1ms
[2020-09-03T11:17:21.239+0000][23984][gc,phases    ] GC(397)   Post Evacuate Collection Set: 0.7ms
[2020-09-03T11:17:21.239+0000][23984][gc,phases    ] GC(397)   Other: 1.0ms
[2020-09-03T11:17:21.239+0000][23984][gc,heap      ] GC(397) Eden regions: 22->0(505)
[2020-09-03T11:17:21.239+0000][23984][gc,heap      ] GC(397) Survivor regions: 5->4(64)
[2020-09-03T11:17:21.239+0000][23984][gc,heap      ] GC(397) Old regions: 78->78
[2020-09-03T11:17:21.239+0000][23984][gc,heap      ] GC(397) Archive regions: 0->0
[2020-09-03T11:17:21.239+0000][23984][gc,heap      ] GC(397) Humongous regions: 231->174
[2020-09-03T11:17:21.239+0000][23984][gc,metaspace ] GC(397) Metaspace: 87523K(93824K)->87523K(93824K) NonClass: 76415K(80128K)->76415K(80128K) Class: 11107K(13696K)->11107K(13696K)
[2020-09-03T11:17:21.239+0000][23984][gc           ] GC(397) Pause Young (Concurrent Start) (G1 Humongous Allocation) 335M->255M(1024M) 4.825ms
[2020-09-03T11:17:21.239+0000][23984][gc,cpu       ] GC(397) User=0.00s Sys=0.00s Real=0.01s
[2020-09-03T11:17:21.239+0000][23984][safepoint    ] Safepoint "G1TryInitiateConcMark", Time since last: 57463600 ns, Reaching safepoint: 139300 ns, At safepoint: 4995600 ns, Total: 5134900 ns
[2020-09-03T11:17:21.239+0000][23984][gc           ] GC(398) Concurrent Cycle
[2020-09-03T11:17:21.239+0000][23984][gc,marking   ] GC(398) Concurrent Clear Claimed Marks
[2020-09-03T11:17:21.240+0000][23984][gc,marking   ] GC(398) Concurrent Clear Claimed Marks 0.491ms
[2020-09-03T11:17:21.240+0000][23984][gc,marking   ] GC(398) Concurrent Scan Root Regions
[2020-09-03T11:17:21.243+0000][23984][gc,marking   ] GC(398) Concurrent Scan Root Regions 3.579ms
[2020-09-03T11:17:21.244+0000][23984][gc,marking   ] GC(398) Concurrent Mark (190.245s)
[2020-09-03T11:17:21.244+0000][23984][gc,marking   ] GC(398) Concurrent Mark From Roots
[2020-09-03T11:17:21.244+0000][23984][gc,task      ] GC(398) Using 2 workers of 2 for marking
[2020-09-03T11:17:21.369+0000][23984][gc,marking   ] GC(398) Concurrent Mark From Roots 125.580ms
[2020-09-03T11:17:21.369+0000][23984][gc,marking   ] GC(398) Concurrent Preclean
[2020-09-03T11:17:21.370+0000][23984][gc,marking   ] GC(398) Concurrent Preclean 0.647ms
[2020-09-03T11:17:21.370+0000][23984][gc,marking   ] GC(398) Concurrent Mark (190.245s, 190.372s) 126.434ms
[2020-09-03T11:17:21.370+0000][23984][gc,start     ] GC(398) Pause Remark
[2020-09-03T11:17:21.378+0000][23984][gc           ] GC(398) Pause Remark 319M->319M(1024M) 8.219ms
[2020-09-03T11:17:21.379+0000][23984][gc,cpu       ] GC(398) User=0.05s Sys=0.02s Real=0.01s
[2020-09-03T11:17:21.379+0000][23984][safepoint    ] Safepoint "G1Concurrent", Time since last: 130986600 ns, Reaching safepoint: 152200 ns, At safepoint: 8468700 ns, Total: 8620900 ns
[2020-09-03T11:17:21.379+0000][23984][gc,marking   ] GC(398) Concurrent Rebuild Remembered Sets
[2020-09-03T11:17:21.472+0000][23984][gc,marking   ] GC(398) Concurrent Rebuild Remembered Sets 92.947ms
[2020-09-03T11:17:21.472+0000][23984][gc,start     ] GC(398) Pause Cleanup
[2020-09-03T11:17:21.472+0000][23984][gc           ] GC(398) Pause Cleanup 387M->387M(1024M) 0.324ms
[2020-09-03T11:17:21.472+0000][23984][gc,cpu       ] GC(398) User=0.00s Sys=0.00s Real=0.00s
[2020-09-03T11:17:21.472+0000][23984][safepoint    ] Safepoint "G1Concurrent", Time since last: 93164700 ns, Reaching safepoint: 149100 ns, At safepoint: 519000 ns, Total: 668100 ns
[2020-09-03T11:17:21.473+0000][23984][gc,marking   ] GC(398) Concurrent Cleanup for Next Mark
[2020-09-03T11:17:21.474+0000][23984][gc,marking   ] GC(398) Concurrent Cleanup for Next Mark 1.363ms
[2020-09-03T11:17:21.474+0000][23984][gc           ] GC(398) Concurrent Cycle 234.969ms
[2020-09-03T11:17:21.553+0000][23984][gc,start     ] GC(399) Pause Young (Concurrent Start) (G1 Humongous Allocation)
[2020-09-03T11:17:21.553+0000][23984][gc,task      ] GC(399) Using 8 workers of 8 for evacuation
[2020-09-03T11:17:21.553+0000][23984][gc,age       ] GC(399) Desired survivor size 33554432 bytes, new threshold 15 (max threshold 15)
[2020-09-03T11:17:21.557+0000][23984][gc,age       ] GC(399) Age table with threshold 15 (max threshold 15)
[2020-09-03T11:17:21.557+0000][23984][gc,age       ] GC(399) - age   1:    1028336 bytes,    1028336 total
[2020-09-03T11:17:21.557+0000][23984][gc,age       ] GC(399) - age   2:      11080 bytes,    1039416 total
[2020-09-03T11:17:21.557+0000][23984][gc,age       ] GC(399) - age   3:       2392 bytes,    1041808 total
[2020-09-03T11:17:21.557+0000][23984][gc,age       ] GC(399) - age   4:       1832 bytes,    1043640 total
[2020-09-03T11:17:21.557+0000][23984][gc,age       ] GC(399) - age   5:        456 bytes,    1044096 total
[2020-09-03T11:17:21.557+0000][23984][gc,age       ] GC(399) - age   6:       1080 bytes,    1045176 total
[2020-09-03T11:17:21.557+0000][23984][gc,age       ] GC(399) - age   7:       7544 bytes,    1052720 total
[2020-09-03T11:17:21.557+0000][23984][gc,age       ] GC(399) - age   8:      15568 bytes,    1068288 total
[2020-09-03T11:17:21.557+0000][23984][gc,age       ] GC(399) - age   9:     156920 bytes,    1225208 total
[2020-09-03T11:17:21.557+0000][23984][gc,age       ] GC(399) - age  10:      11952 bytes,    1237160 total
[2020-09-03T11:17:21.557+0000][23984][gc,age       ] GC(399) - age  11:        384 bytes,    1237544 total
[2020-09-03T11:17:21.557+0000][23984][gc,age       ] GC(399) - age  12:     456024 bytes,    1693568 total
[2020-09-03T11:17:21.557+0000][23984][gc,age       ] GC(399) - age  13:      13536 bytes,    1707104 total
[2020-09-03T11:17:21.557+0000][23984][gc,age       ] GC(399) - age  14:        776 bytes,    1707880 total
[2020-09-03T11:17:21.557+0000][23984][gc,age       ] GC(399) - age  15:     157536 bytes,    1865416 total
[2020-09-03T11:17:21.557+0000][23984][gc,phases    ] GC(399)   Pre Evacuate Collection Set: 0.4ms
[2020-09-03T11:17:21.557+0000][23984][gc,phases    ] GC(399)   Merge Heap Roots: 0.1ms
[2020-09-03T11:17:21.557+0000][23984][gc,phases    ] GC(399)   Evacuate Collection Set: 2.0ms
[2020-09-03T11:17:21.557+0000][23984][gc,phases    ] GC(399)   Post Evacuate Collection Set: 0.6ms
[2020-09-03T11:17:21.557+0000][23984][gc,phases    ] GC(399)   Other: 0.9ms
[2020-09-03T11:17:21.557+0000][23984][gc,heap      ] GC(399) Eden regions: 35->0(508)
[2020-09-03T11:17:21.557+0000][23984][gc,heap      ] GC(399) Survivor regions: 4->2(64)
[2020-09-03T11:17:21.557+0000][23984][gc,heap      ] GC(399) Old regions: 78->78
[2020-09-03T11:17:21.557+0000][23984][gc,heap      ] GC(399) Archive regions: 0->0
[2020-09-03T11:17:21.558+0000][23984][gc,heap      ] GC(399) Humongous regions: 278->174
[2020-09-03T11:17:21.558+0000][23984][gc,metaspace ] GC(399) Metaspace: 87523K(93824K)->87523K(93824K) NonClass: 76415K(80128K)->76415K(80128K) Class: 11107K(13696K)->11107K(13696K)
[2020-09-03T11:17:21.558+0000][23984][gc           ] GC(399) Pause Young (Concurrent Start) (G1 Humongous Allocation) 394M->253M(1024M) 4.222ms
[2020-09-03T11:17:21.558+0000][23984][gc,cpu       ] GC(399) User=0.00s Sys=0.00s Real=0.01s
[2020-09-03T11:17:21.558+0000][23984][safepoint    ] Safepoint "G1TryInitiateConcMark", Time since last: 80703800 ns, Reaching safepoint: 129300 ns, At safepoint: 4339100 ns, Total: 4468400 ns
[2020-09-03T11:17:21.558+0000][23984][gc           ] GC(400) Concurrent Cycle
[2020-09-03T11:17:21.558+0000][23984][gc,marking   ] GC(400) Concurrent Clear Claimed Marks
[2020-09-03T11:17:21.558+0000][23984][gc,marking   ] GC(400) Concurrent Clear Claimed Marks 0.327ms
[2020-09-03T11:17:21.558+0000][23984][gc,marking   ] GC(400) Concurrent Scan Root Regions
[2020-09-03T11:17:21.560+0000][23984][gc,marking   ] GC(400) Concurrent Scan Root Regions 1.755ms
[2020-09-03T11:17:21.560+0000][23984][gc,marking   ] GC(400) Concurrent Mark (190.562s)
[2020-09-03T11:17:21.560+0000][23984][gc,marking   ] GC(400) Concurrent Mark From Roots
[2020-09-03T11:17:21.560+0000][23984][gc,task      ] GC(400) Using 2 workers of 2 for marking
[2020-09-03T11:17:21.662+0000][23984][gc,marking   ] GC(400) Concurrent Mark From Roots 102.432ms
[2020-09-03T11:17:21.662+0000][23984][gc,marking   ] GC(400) Concurrent Preclean
[2020-09-03T11:17:21.663+0000][23984][gc,marking   ] GC(400) Concurrent Preclean 0.395ms
[2020-09-03T11:17:21.663+0000][23984][gc,marking   ] GC(400) Concurrent Mark (190.562s, 190.665s) 102.950ms
[2020-09-03T11:17:21.663+0000][23984][gc,start     ] GC(400) Pause Remark
[2020-09-03T11:17:21.668+0000][23984][gc           ] GC(400) Pause Remark 270M->270M(1024M) 4.964ms
[2020-09-03T11:17:21.668+0000][23984][gc,cpu       ] GC(400) User=0.00s Sys=0.00s Real=0.00s
[2020-09-03T11:17:21.668+0000][23984][safepoint    ] Safepoint "G1Concurrent", Time since last: 105270200 ns, Reaching safepoint: 129200 ns, At safepoint: 5125400 ns, Total: 5254600 ns
[2020-09-03T11:17:21.668+0000][23984][gc,marking   ] GC(400) Concurrent Rebuild Remembered Sets
[2020-09-03T11:17:21.733+0000][23984][gc,marking   ] GC(400) Concurrent Rebuild Remembered Sets 65.044ms
[2020-09-03T11:17:21.734+0000][23984][gc,start     ] GC(400) Pause Cleanup
[2020-09-03T11:17:21.734+0000][23984][gc           ] GC(400) Pause Cleanup 288M->288M(1024M) 0.238ms
[2020-09-03T11:17:21.734+0000][23984][gc,cpu       ] GC(400) User=0.00s Sys=0.00s Real=0.00s
[2020-09-03T11:17:21.734+0000][23984][safepoint    ] Safepoint "G1Concurrent", Time since last: 65187900 ns, Reaching safepoint: 136400 ns, At safepoint: 381000 ns, Total: 517400 ns
[2020-09-03T11:17:21.734+0000][23984][gc,marking   ] GC(400) Concurrent Cleanup for Next Mark
[2020-09-03T11:17:21.735+0000][23984][gc,marking   ] GC(400) Concurrent Cleanup for Next Mark 1.122ms
[2020-09-03T11:17:21.735+0000][23984][gc           ] GC(400) Concurrent Cycle 177.478ms
[2020-09-03T11:17:21.834+0000][23984][gc,start     ] GC(401) Pause Young (Concurrent Start) (G1 Humongous Allocation)
[2020-09-03T11:17:21.834+0000][23984][gc,task      ] GC(401) Using 8 workers of 8 for evacuation
[2020-09-03T11:17:21.834+0000][23984][gc,age       ] GC(401) Desired survivor size 33554432 bytes, new threshold 15 (max threshold 15)
[2020-09-03T11:17:21.838+0000][23984][gc,age       ] GC(401) Age table with threshold 15 (max threshold 15)
[2020-09-03T11:17:21.838+0000][23984][gc,age       ] GC(401) - age   1:    1856400 bytes,    1856400 total
[2020-09-03T11:17:21.838+0000][23984][gc,age       ] GC(401) - age   2:     404704 bytes,    2261104 total
[2020-09-03T11:17:21.838+0000][23984][gc,age       ] GC(401) - age   3:       8144 bytes,    2269248 total
[2020-09-03T11:17:21.838+0000][23984][gc,age       ] GC(401) - age   4:       1200 bytes,    2270448 total
[2020-09-03T11:17:21.838+0000][23984][gc,age       ] GC(401) - age   5:       1416 bytes,    2271864 total
[2020-09-03T11:17:21.838+0000][23984][gc,age       ] GC(401) - age   6:        264 bytes,    2272128 total
[2020-09-03T11:17:21.838+0000][23984][gc,age       ] GC(401) - age   7:        888 bytes,    2273016 total
[2020-09-03T11:17:21.838+0000][23984][gc,age       ] GC(401) - age   8:       7448 bytes,    2280464 total
[2020-09-03T11:17:21.838+0000][23984][gc,age       ] GC(401) - age   9:      15568 bytes,    2296032 total
[2020-09-03T11:17:21.838+0000][23984][gc,age       ] GC(401) - age  10:     156840 bytes,    2452872 total
[2020-09-03T11:17:21.838+0000][23984][gc,age       ] GC(401) - age  11:      11856 bytes,    2464728 total
[2020-09-03T11:17:21.838+0000][23984][gc,age       ] GC(401) - age  12:        384 bytes,    2465112 total
[2020-09-03T11:17:21.838+0000][23984][gc,age       ] GC(401) - age  13:     453592 bytes,    2918704 total
[2020-09-03T11:17:21.838+0000][23984][gc,age       ] GC(401) - age  14:      13408 bytes,    2932112 total
[2020-09-03T11:17:21.838+0000][23984][gc,age       ] GC(401) - age  15:        464 bytes,    2932576 total
[2020-09-03T11:17:21.838+0000][23984][gc,phases    ] GC(401)   Pre Evacuate Collection Set: 0.4ms
[2020-09-03T11:17:21.838+0000][23984][gc,phases    ] GC(401)   Merge Heap Roots: 0.1ms
[2020-09-03T11:17:21.838+0000][23984][gc,phases    ] GC(401)   Evacuate Collection Set: 2.2ms
[2020-09-03T11:17:21.838+0000][23984][gc,phases    ] GC(401)   Post Evacuate Collection Set: 0.8ms
[2020-09-03T11:17:21.838+0000][23984][gc,phases    ] GC(401)   Other: 0.8ms
[2020-09-03T11:17:21.838+0000][23984][gc,heap      ] GC(401) Eden regions: 25->0(507)
[2020-09-03T11:17:21.838+0000][23984][gc,heap      ] GC(401) Survivor regions: 2->3(64)
[2020-09-03T11:17:21.838+0000][23984][gc,heap      ] GC(401) Old regions: 78->78
[2020-09-03T11:17:21.838+0000][23984][gc,heap      ] GC(401) Archive regions: 0->0
[2020-09-03T11:17:21.838+0000][23984][gc,heap      ] GC(401) Humongous regions: 229->174
[2020-09-03T11:17:21.838+0000][23984][gc,metaspace ] GC(401) Metaspace: 87523K(93824K)->87523K(93824K) NonClass: 76415K(80128K)->76415K(80128K) Class: 11107K(13696K)->11107K(13696K)
[2020-09-03T11:17:21.839+0000][23984][gc           ] GC(401) Pause Young (Concurrent Start) (G1 Humongous Allocation) 333M->254M(1024M) 4.623ms
[2020-09-03T11:17:21.839+0000][23984][gc,cpu       ] GC(401) User=0.00s Sys=0.00s Real=0.00s
[2020-09-03T11:17:21.839+0000][23984][gc           ] GC(402) Concurrent Cycle
[2020-09-03T11:17:21.839+0000][23984][gc,marking   ] GC(402) Concurrent Clear Claimed Marks
[2020-09-03T11:17:21.839+0000][23984][safepoint    ] Safepoint "G1TryInitiateConcMark", Time since last: 99783500 ns, Reaching safepoint: 158700 ns, At safepoint: 4834400 ns, Total: 4993100 ns
[2020-09-03T11:17:21.839+0000][23984][gc,marking   ] GC(402) Concurrent Clear Claimed Marks 0.304ms
[2020-09-03T11:17:21.839+0000][23984][gc,marking   ] GC(402) Concurrent Scan Root Regions
[2020-09-03T11:17:21.842+0000][23984][gc,marking   ] GC(402) Concurrent Scan Root Regions 3.065ms
[2020-09-03T11:17:21.842+0000][23984][gc,marking   ] GC(402) Concurrent Mark (190.844s)
[2020-09-03T11:17:21.842+0000][23984][gc,marking   ] GC(402) Concurrent Mark From Roots
[2020-09-03T11:17:21.842+0000][23984][gc,task      ] GC(402) Using 2 workers of 2 for marking
[2020-09-03T11:17:21.936+0000][23984][gc,marking   ] GC(402) Concurrent Mark From Roots 94.049ms
[2020-09-03T11:17:21.936+0000][23984][gc,marking   ] GC(402) Concurrent Preclean
[2020-09-03T11:17:21.937+0000][23984][gc,marking   ] GC(402) Concurrent Preclean 0.372ms
[2020-09-03T11:17:21.937+0000][23984][gc,marking   ] GC(402) Concurrent Mark (190.844s, 190.939s) 94.552ms
[2020-09-03T11:17:21.937+0000][23984][gc,start     ] GC(402) Pause Remark
[2020-09-03T11:17:21.942+0000][23984][gc           ] GC(402) Pause Remark 286M->286M(1024M) 5.239ms
[2020-09-03T11:17:21.942+0000][23984][gc,cpu       ] GC(402) User=0.00s Sys=0.00s Real=0.00s
[2020-09-03T11:17:21.942+0000][23984][safepoint    ] Safepoint "G1Concurrent", Time since last: 98123800 ns, Reaching safepoint: 138400 ns, At safepoint: 5492000 ns, Total: 5630400 ns
[2020-09-03T11:17:21.942+0000][23984][gc,marking   ] GC(402) Concurrent Rebuild Remembered Sets
[2020-09-03T11:17:22.004+0000][23984][gc,marking   ] GC(402) Concurrent Rebuild Remembered Sets 61.934ms
[2020-09-03T11:17:22.005+0000][23984][gc,start     ] GC(402) Pause Cleanup
[2020-09-03T11:17:22.005+0000][23984][gc           ] GC(402) Pause Cleanup 357M->357M(1024M) 0.237ms
[2020-09-03T11:17:22.005+0000][23984][gc,cpu       ] GC(402) User=0.00s Sys=0.00s Real=0.00s
[2020-09-03T11:17:22.005+0000][23984][safepoint    ] Safepoint "G1Concurrent", Time since last: 62074200 ns, Reaching safepoint: 126700 ns, At safepoint: 375100 ns, Total: 501800 ns
[2020-09-03T11:17:22.005+0000][23984][gc,marking   ] GC(402) Concurrent Cleanup for Next Mark
[2020-09-03T11:17:22.006+0000][23984][gc,marking   ] GC(402) Concurrent Cleanup for Next Mark 1.216ms
[2020-09-03T11:17:22.006+0000][23984][gc           ] GC(402) Concurrent Cycle 167.731ms
[2020-09-03T11:17:22.165+0000][23984][gc,start     ] GC(403) Pause Young (Concurrent Start) (G1 Humongous Allocation)
[2020-09-03T11:17:22.165+0000][23984][gc,task      ] GC(403) Using 8 workers of 8 for evacuation
[2020-09-03T11:17:22.165+0000][23984][gc,age       ] GC(403) Desired survivor size 33554432 bytes, new threshold 15 (max threshold 15)
[2020-09-03T11:17:22.169+0000][23984][gc,age       ] GC(403) Age table with threshold 15 (max threshold 15)
[2020-09-03T11:17:22.169+0000][23984][gc,age       ] GC(403) - age   1:    2692072 bytes,    2692072 total
[2020-09-03T11:17:22.169+0000][23984][gc,age       ] GC(403) - age   2:      12776 bytes,    2704848 total
[2020-09-03T11:17:22.169+0000][23984][gc,age       ] GC(403) - age   3:       1592 bytes,    2706440 total
[2020-09-03T11:17:22.169+0000][23984][gc,age       ] GC(403) - age   4:       6032 bytes,    2712472 total
[2020-09-03T11:17:22.169+0000][23984][gc,age       ] GC(403) - age   5:       1032 bytes,    2713504 total
[2020-09-03T11:17:22.169+0000][23984][gc,age       ] GC(403) - age   6:       1224 bytes,    2714728 total
[2020-09-03T11:17:22.169+0000][23984][gc,age       ] GC(403) - age   7:        264 bytes,    2714992 total
[2020-09-03T11:17:22.169+0000][23984][gc,age       ] GC(403) - age   8:        888 bytes,    2715880 total
[2020-09-03T11:17:22.169+0000][23984][gc,age       ] GC(403) - age   9:       7448 bytes,    2723328 total
[2020-09-03T11:17:22.169+0000][23984][gc,age       ] GC(403) - age  10:      15568 bytes,    2738896 total
[2020-09-03T11:17:22.169+0000][23984][gc,age       ] GC(403) - age  11:     156840 bytes,    2895736 total
[2020-09-03T11:17:22.169+0000][23984][gc,age       ] GC(403) - age  12:      11856 bytes,    2907592 total
[2020-09-03T11:17:22.169+0000][23984][gc,age       ] GC(403) - age  13:        384 bytes,    2907976 total
[2020-09-03T11:17:22.169+0000][23984][gc,age       ] GC(403) - age  14:     453592 bytes,    3361568 total
[2020-09-03T11:17:22.169+0000][23984][gc,age       ] GC(403) - age  15:      13408 bytes,    3374976 total
[2020-09-03T11:17:22.170+0000][23984][gc,phases    ] GC(403)   Pre Evacuate Collection Set: 0.4ms
[2020-09-03T11:17:22.170+0000][23984][gc,phases    ] GC(403)   Merge Heap Roots: 0.1ms
[2020-09-03T11:17:22.170+0000][23984][gc,phases    ] GC(403)   Evacuate Collection Set: 2.1ms
[2020-09-03T11:17:22.170+0000][23984][gc,phases    ] GC(403)   Post Evacuate Collection Set: 0.7ms
[2020-09-03T11:17:22.170+0000][23984][gc,phases    ] GC(403)   Other: 1.0ms
[2020-09-03T11:17:22.170+0000][23984][gc,heap      ] GC(403) Eden regions: 36->0(505)
[2020-09-03T11:17:22.170+0000][23984][gc,heap      ] GC(403) Survivor regions: 3->4(64)
[2020-09-03T11:17:22.170+0000][23984][gc,heap      ] GC(403) Old regions: 78->78
[2020-09-03T11:17:22.170+0000][23984][gc,heap      ] GC(403) Archive regions: 0->0
[2020-09-03T11:17:22.170+0000][23984][gc,heap      ] GC(403) Humongous regions: 253->174
[2020-09-03T11:17:22.170+0000][23984][gc,metaspace ] GC(403) Metaspace: 87527K(93824K)->87527K(93824K) NonClass: 76419K(80128K)->76419K(80128K) Class: 11107K(13696K)->11107K(13696K)
[2020-09-03T11:17:22.170+0000][23984][gc           ] GC(403) Pause Young (Concurrent Start) (G1 Humongous Allocation) 369M->255M(1024M) 4.714ms
[2020-09-03T11:17:22.170+0000][23984][gc,cpu       ] GC(403) User=0.02s Sys=0.02s Real=0.01s
[2020-09-03T11:17:22.170+0000][23984][safepoint    ] Safepoint "G1TryInitiateConcMark", Time since last: 160191700 ns, Reaching safepoint: 141900 ns, At safepoint: 4887900 ns, Total: 5029800 ns
[2020-09-03T11:17:22.170+0000][23984][gc           ] GC(404) Concurrent Cycle
[2020-09-03T11:17:22.170+0000][23984][gc,marking   ] GC(404) Concurrent Clear Claimed Marks
[2020-09-03T11:17:22.171+0000][23984][gc,marking   ] GC(404) Concurrent Clear Claimed Marks 0.593ms
[2020-09-03T11:17:22.171+0000][23984][gc,marking   ] GC(404) Concurrent Scan Root Regions
[2020-09-03T11:17:22.174+0000][23984][gc,marking   ] GC(404) Concurrent Scan Root Regions 2.930ms
[2020-09-03T11:17:22.174+0000][23984][gc,marking   ] GC(404) Concurrent Mark (191.176s)
[2020-09-03T11:17:22.174+0000][23984][gc,marking   ] GC(404) Concurrent Mark From Roots
[2020-09-03T11:17:22.174+0000][23984][gc,task      ] GC(404) Using 2 workers of 2 for marking
[2020-09-03T11:17:22.304+0000][23984][gc,marking   ] GC(404) Concurrent Mark From Roots 129.729ms
[2020-09-03T11:17:22.304+0000][23984][gc,marking   ] GC(404) Concurrent Preclean
[2020-09-03T11:17:22.304+0000][23984][gc,marking   ] GC(404) Concurrent Preclean 0.506ms
[2020-09-03T11:17:22.305+0000][23984][gc,marking   ] GC(404) Concurrent Mark (191.176s, 191.306s) 130.395ms
[2020-09-03T11:17:22.305+0000][23984][gc,start     ] GC(404) Pause Remark
[2020-09-03T11:17:22.311+0000][23984][gc           ] GC(404) Pause Remark 319M->319M(1024M) 5.942ms
[2020-09-03T11:17:22.311+0000][23984][gc,cpu       ] GC(404) User=0.11s Sys=0.00s Real=0.01s
[2020-09-03T11:17:22.311+0000][23984][safepoint    ] Safepoint "G1Concurrent", Time since last: 134370300 ns, Reaching safepoint: 183600 ns, At safepoint: 6120400 ns, Total: 6304000 ns
[2020-09-03T11:17:22.311+0000][23984][gc,marking   ] GC(404) Concurrent Rebuild Remembered Sets
[2020-09-03T11:17:22.387+0000][23984][gc,marking   ] GC(404) Concurrent Rebuild Remembered Sets 75.984ms
[2020-09-03T11:17:22.387+0000][23984][gc,start     ] GC(404) Pause Cleanup
[2020-09-03T11:17:22.387+0000][23984][gc           ] GC(404) Pause Cleanup 387M->387M(1024M) 0.284ms
[2020-09-03T11:17:22.388+0000][23984][gc,cpu       ] GC(404) User=0.00s Sys=0.02s Real=0.00s
[2020-09-03T11:17:22.388+0000][23984][safepoint    ] Safepoint "G1Concurrent", Time since last: 76138900 ns, Reaching safepoint: 141600 ns, At safepoint: 447600 ns, Total: 589200 ns
[2020-09-03T11:17:22.388+0000][23984][gc,marking   ] GC(404) Concurrent Cleanup for Next Mark
[2020-09-03T11:17:22.389+0000][23984][gc,marking   ] GC(404) Concurrent Cleanup for Next Mark 1.222ms
[2020-09-03T11:17:22.389+0000][23984][gc           ] GC(404) Concurrent Cycle 218.791ms
[2020-09-03T11:17:22.475+0000][23984][gc,start     ] GC(405) Pause Young (Concurrent Start) (G1 Humongous Allocation)
[2020-09-03T11:17:22.475+0000][23984][gc,task      ] GC(405) Using 8 workers of 8 for evacuation
[2020-09-03T11:17:22.475+0000][23984][gc,age       ] GC(405) Desired survivor size 33554432 bytes, new threshold 15 (max threshold 15)
[2020-09-03T11:17:22.478+0000][23984][gc,age       ] GC(405) Age table with threshold 15 (max threshold 15)
[2020-09-03T11:17:22.478+0000][23984][gc,age       ] GC(405) - age   1:    1029888 bytes,    1029888 total
[2020-09-03T11:17:22.479+0000][23984][gc,age       ] GC(405) - age   2:      12744 bytes,    1042632 total
[2020-09-03T11:17:22.479+0000][23984][gc,age       ] GC(405) - age   3:      12384 bytes,    1055016 total
[2020-09-03T11:17:22.479+0000][23984][gc,age       ] GC(405) - age   4:        904 bytes,    1055920 total
[2020-09-03T11:17:22.479+0000][23984][gc,age       ] GC(405) - age   5:       5880 bytes,    1061800 total
[2020-09-03T11:17:22.479+0000][23984][gc,age       ] GC(405) - age   6:        936 bytes,    1062736 total
[2020-09-03T11:17:22.479+0000][23984][gc,age       ] GC(405) - age   7:       1224 bytes,    1063960 total
[2020-09-03T11:17:22.479+0000][23984][gc,age       ] GC(405) - age   8:        264 bytes,    1064224 total
[2020-09-03T11:17:22.479+0000][23984][gc,age       ] GC(405) - age   9:        888 bytes,    1065112 total
[2020-09-03T11:17:22.479+0000][23984][gc,age       ] GC(405) - age  10:       7448 bytes,    1072560 total
[2020-09-03T11:17:22.479+0000][23984][gc,age       ] GC(405) - age  11:      15568 bytes,    1088128 total
[2020-09-03T11:17:22.479+0000][23984][gc,age       ] GC(405) - age  12:     156840 bytes,    1244968 total
[2020-09-03T11:17:22.479+0000][23984][gc,age       ] GC(405) - age  13:      11856 bytes,    1256824 total
[2020-09-03T11:17:22.479+0000][23984][gc,age       ] GC(405) - age  14:        384 bytes,    1257208 total
[2020-09-03T11:17:22.479+0000][23984][gc,age       ] GC(405) - age  15:     453560 bytes,    1710768 total
[2020-09-03T11:17:22.479+0000][23984][gc,phases    ] GC(405)   Pre Evacuate Collection Set: 0.4ms
[2020-09-03T11:17:22.479+0000][23984][gc,phases    ] GC(405)   Merge Heap Roots: 0.1ms
[2020-09-03T11:17:22.479+0000][23984][gc,phases    ] GC(405)   Evacuate Collection Set: 2.2ms
[2020-09-03T11:17:22.479+0000][23984][gc,phases    ] GC(405)   Post Evacuate Collection Set: 0.6ms
[2020-09-03T11:17:22.479+0000][23984][gc,phases    ] GC(405)   Other: 0.7ms
[2020-09-03T11:17:22.479+0000][23984][gc,heap      ] GC(405) Eden regions: 35->0(508)
[2020-09-03T11:17:22.479+0000][23984][gc,heap      ] GC(405) Survivor regions: 4->2(64)
[2020-09-03T11:17:22.479+0000][23984][gc,heap      ] GC(405) Old regions: 78->78
[2020-09-03T11:17:22.479+0000][23984][gc,heap      ] GC(405) Archive regions: 0->0
[2020-09-03T11:17:22.479+0000][23984][gc,heap      ] GC(405) Humongous regions: 278->174
[2020-09-03T11:17:22.479+0000][23984][gc,metaspace ] GC(405) Metaspace: 87527K(93824K)->87527K(93824K) NonClass: 76419K(80128K)->76419K(80128K) Class: 11107K(13696K)->11107K(13696K)
[2020-09-03T11:17:22.479+0000][23984][gc           ] GC(405) Pause Young (Concurrent Start) (G1 Humongous Allocation) 394M->253M(1024M) 4.259ms
[2020-09-03T11:17:22.479+0000][23984][gc,cpu       ] GC(405) User=0.00s Sys=0.00s Real=0.00s
[2020-09-03T11:17:22.479+0000][23984][gc           ] GC(406) Concurrent Cycle
[2020-09-03T11:17:22.479+0000][23984][safepoint    ] Safepoint "G1TryInitiateConcMark", Time since last: 87081000 ns, Reaching safepoint: 144800 ns, At safepoint: 4398100 ns, Total: 4542900 ns
[2020-09-03T11:17:22.479+0000][23984][gc,marking   ] GC(406) Concurrent Clear Claimed Marks
[2020-09-03T11:17:22.480+0000][23984][gc,marking   ] GC(406) Concurrent Clear Claimed Marks 0.417ms
[2020-09-03T11:17:22.480+0000][23984][gc,marking   ] GC(406) Concurrent Scan Root Regions
[2020-09-03T11:17:22.482+0000][23984][gc,marking   ] GC(406) Concurrent Scan Root Regions 2.649ms
[2020-09-03T11:17:22.482+0000][23984][gc,marking   ] GC(406) Concurrent Mark (191.484s)
[2020-09-03T11:17:22.483+0000][23984][gc,marking   ] GC(406) Concurrent Mark From Roots
[2020-09-03T11:17:22.483+0000][23984][gc,task      ] GC(406) Using 2 workers of 2 for marking
[2020-09-03T11:17:22.598+0000][23984][gc,marking   ] GC(406) Concurrent Mark From Roots 115.084ms
[2020-09-03T11:17:22.598+0000][23984][gc,marking   ] GC(406) Concurrent Preclean
[2020-09-03T11:17:22.598+0000][23984][gc,marking   ] GC(406) Concurrent Preclean 0.583ms
[2020-09-03T11:17:22.598+0000][23984][gc,marking   ] GC(406) Concurrent Mark (191.484s, 191.600s) 115.882ms
[2020-09-03T11:17:22.599+0000][23984][gc,start     ] GC(406) Pause Remark
[2020-09-03T11:17:22.605+0000][23984][gc           ] GC(406) Pause Remark 270M->270M(1024M) 6.559ms
[2020-09-03T11:17:22.605+0000][23984][gc,cpu       ] GC(406) User=0.00s Sys=0.00s Real=0.01s
[2020-09-03T11:17:22.605+0000][23984][safepoint    ] Safepoint "G1Concurrent", Time since last: 119205100 ns, Reaching safepoint: 159000 ns, At safepoint: 6767200 ns, Total: 6926200 ns
[2020-09-03T11:17:22.605+0000][23984][gc,marking   ] GC(406) Concurrent Rebuild Remembered Sets
[2020-09-03T11:17:22.686+0000][23984][gc,marking   ] GC(406) Concurrent Rebuild Remembered Sets 80.986ms
[2020-09-03T11:17:22.687+0000][23984][gc,start     ] GC(406) Pause Cleanup
[2020-09-03T11:17:22.687+0000][23984][gc           ] GC(406) Pause Cleanup 287M->287M(1024M) 0.302ms
[2020-09-03T11:17:22.687+0000][23984][gc,cpu       ] GC(406) User=0.00s Sys=0.00s Real=0.00s
[2020-09-03T11:17:22.687+0000][23984][safepoint    ] Safepoint "G1Concurrent", Time since last: 81166200 ns, Reaching safepoint: 139700 ns, At safepoint: 465100 ns, Total: 604800 ns
[2020-09-03T11:17:22.687+0000][23984][gc,marking   ] GC(406) Concurrent Cleanup for Next Mark
[2020-09-03T11:17:22.689+0000][23984][gc,marking   ] GC(406) Concurrent Cleanup for Next Mark 1.366ms
[2020-09-03T11:17:22.689+0000][23984][gc           ] GC(406) Concurrent Cycle 209.455ms
[2020-09-03T11:17:22.792+0000][23984][gc,start     ] GC(407) Pause Young (Concurrent Start) (G1 Humongous Allocation)
[2020-09-03T11:17:22.792+0000][23984][gc,task      ] GC(407) Using 8 workers of 8 for evacuation
[2020-09-03T11:17:22.792+0000][23984][gc,age       ] GC(407) Desired survivor size 33554432 bytes, new threshold 15 (max threshold 15)
[2020-09-03T11:17:22.795+0000][23984][gc,age       ] GC(407) Age table with threshold 15 (max threshold 15)
[2020-09-03T11:17:22.796+0000][23984][gc,age       ] GC(407) - age   1:    1849408 bytes,    1849408 total
[2020-09-03T11:17:22.796+0000][23984][gc,age       ] GC(407) - age   2:     405560 bytes,    2254968 total
[2020-09-03T11:17:22.796+0000][23984][gc,age       ] GC(407) - age   3:       9744 bytes,    2264712 total
[2020-09-03T11:17:22.796+0000][23984][gc,age       ] GC(407) - age   4:      11904 bytes,    2276616 total
[2020-09-03T11:17:22.796+0000][23984][gc,age       ] GC(407) - age   5:        440 bytes,    2277056 total
[2020-09-03T11:17:22.796+0000][23984][gc,age       ] GC(407) - age   6:       5720 bytes,    2282776 total
[2020-09-03T11:17:22.796+0000][23984][gc,age       ] GC(407) - age   7:        808 bytes,    2283584 total
[2020-09-03T11:17:22.796+0000][23984][gc,age       ] GC(407) - age   8:       1064 bytes,    2284648 total
[2020-09-03T11:17:22.796+0000][23984][gc,age       ] GC(407) - age   9:        264 bytes,    2284912 total
[2020-09-03T11:17:22.796+0000][23984][gc,age       ] GC(407) - age  10:        888 bytes,    2285800 total
[2020-09-03T11:17:22.796+0000][23984][gc,age       ] GC(407) - age  11:       7408 bytes,    2293208 total
[2020-09-03T11:17:22.796+0000][23984][gc,age       ] GC(407) - age  12:      15144 bytes,    2308352 total
[2020-09-03T11:17:22.796+0000][23984][gc,age       ] GC(407) - age  13:     156840 bytes,    2465192 total
[2020-09-03T11:17:22.796+0000][23984][gc,age       ] GC(407) - age  14:      11792 bytes,    2476984 total
[2020-09-03T11:17:22.796+0000][23984][gc,age       ] GC(407) - age  15:        384 bytes,    2477368 total
[2020-09-03T11:17:22.796+0000][23984][gc,phases    ] GC(407)   Pre Evacuate Collection Set: 0.4ms
[2020-09-03T11:17:22.796+0000][23984][gc,phases    ] GC(407)   Merge Heap Roots: 0.1ms
[2020-09-03T11:17:22.796+0000][23984][gc,phases    ] GC(407)   Evacuate Collection Set: 2.2ms
[2020-09-03T11:17:22.796+0000][23984][gc,phases    ] GC(407)   Post Evacuate Collection Set: 0.7ms
[2020-09-03T11:17:22.796+0000][23984][gc,phases    ] GC(407)   Other: 1.1ms
[2020-09-03T11:17:22.796+0000][23984][gc,heap      ] GC(407) Eden regions: 23->0(506)
[2020-09-03T11:17:22.796+0000][23984][gc,heap      ] GC(407) Survivor regions: 2->3(64)
[2020-09-03T11:17:22.796+0000][23984][gc,heap      ] GC(407) Old regions: 78->79
[2020-09-03T11:17:22.797+0000][23984][gc,heap      ] GC(407) Archive regions: 0->0
[2020-09-03T11:17:22.797+0000][23984][gc,heap      ] GC(407) Humongous regions: 229->174
[2020-09-03T11:17:22.797+0000][23984][gc,metaspace ] GC(407) Metaspace: 87527K(93824K)->87527K(93824K) NonClass: 76419K(80128K)->76419K(80128K) Class: 11107K(13696K)->11107K(13696K)
[2020-09-03T11:17:22.797+0000][23984][gc           ] GC(407) Pause Young (Concurrent Start) (G1 Humongous Allocation) 331M->254M(1024M) 4.958ms
[2020-09-03T11:17:22.797+0000][23984][gc,cpu       ] GC(407) User=0.09s Sys=0.00s Real=0.00s
[2020-09-03T11:17:22.797+0000][23984][gc           ] GC(408) Concurrent Cycle
[2020-09-03T11:17:22.797+0000][23984][safepoint    ] Safepoint "G1TryInitiateConcMark", Time since last: 104329100 ns, Reaching safepoint: 205600 ns, At safepoint: 5182000 ns, Total: 5387600 ns
[2020-09-03T11:17:22.797+0000][23984][gc,marking   ] GC(408) Concurrent Clear Claimed Marks
[2020-09-03T11:17:22.797+0000][23984][gc,marking   ] GC(408) Concurrent Clear Claimed Marks 0.427ms
[2020-09-03T11:17:22.797+0000][23984][gc,marking   ] GC(408) Concurrent Scan Root Regions
[2020-09-03T11:17:22.800+0000][23984][gc,marking   ] GC(408) Concurrent Scan Root Regions 2.643ms
[2020-09-03T11:17:22.800+0000][23984][gc,marking   ] GC(408) Concurrent Mark (191.802s)
[2020-09-03T11:17:22.800+0000][23984][gc,marking   ] GC(408) Concurrent Mark From Roots
[2020-09-03T11:17:22.800+0000][23984][gc,task      ] GC(408) Using 2 workers of 2 for marking
[2020-09-03T11:17:22.927+0000][23984][gc,marking   ] GC(408) Concurrent Mark From Roots 127.261ms
[2020-09-03T11:17:22.928+0000][23984][gc,marking   ] GC(408) Concurrent Preclean
[2020-09-03T11:17:22.928+0000][23984][gc,marking   ] GC(408) Concurrent Preclean 0.461ms
[2020-09-03T11:17:22.928+0000][23984][gc,marking   ] GC(408) Concurrent Mark (191.802s, 191.930s) 127.895ms
[2020-09-03T11:17:22.928+0000][23984][gc,start     ] GC(408) Pause Remark
[2020-09-03T11:17:22.935+0000][23984][gc           ] GC(408) Pause Remark 287M->287M(1024M) 6.402ms
[2020-09-03T11:17:22.935+0000][23984][gc,cpu       ] GC(408) User=0.05s Sys=0.00s Real=0.01s
[2020-09-03T11:17:22.935+0000][23984][safepoint    ] Safepoint "G1Concurrent", Time since last: 131273000 ns, Reaching safepoint: 149700 ns, At safepoint: 6680600 ns, Total: 6830300 ns
[2020-09-03T11:17:22.935+0000][23984][gc,marking   ] GC(408) Concurrent Rebuild Remembered Sets
[2020-09-03T11:17:23.018+0000][23984][gc,marking   ] GC(408) Concurrent Rebuild Remembered Sets 82.606ms
[2020-09-03T11:17:23.018+0000][23984][gc,start     ] GC(408) Pause Cleanup
[2020-09-03T11:17:23.018+0000][23984][gc           ] GC(408) Pause Cleanup 358M->358M(1024M) 0.261ms
[2020-09-03T11:17:23.018+0000][23984][gc,cpu       ] GC(408) User=0.00s Sys=0.00s Real=0.00s
[2020-09-03T11:17:23.018+0000][23984][safepoint    ] Safepoint "G1Concurrent", Time since last: 82789700 ns, Reaching safepoint: 139100 ns, At safepoint: 421000 ns, Total: 560100 ns
[2020-09-03T11:17:23.018+0000][23984][gc,marking   ] GC(408) Concurrent Cleanup for Next Mark
[2020-09-03T11:17:23.020+0000][23984][gc,marking   ] GC(408) Concurrent Cleanup for Next Mark 1.453ms
[2020-09-03T11:17:23.020+0000][23984][gc           ] GC(408) Concurrent Cycle 223.113ms
[2020-09-03T11:17:23.165+0000][23984][gc,start     ] GC(409) Pause Young (Concurrent Start) (G1 Humongous Allocation)
[2020-09-03T11:17:23.165+0000][23984][gc,task      ] GC(409) Using 8 workers of 8 for evacuation
[2020-09-03T11:17:23.165+0000][23984][gc,age       ] GC(409) Desired survivor size 33554432 bytes, new threshold 15 (max threshold 15)
[2020-09-03T11:17:23.168+0000][23984][gc,age       ] GC(409) Age table with threshold 15 (max threshold 15)
[2020-09-03T11:17:23.168+0000][23984][gc,age       ] GC(409) - age   1:    3111968 bytes,    3111968 total
[2020-09-03T11:17:23.168+0000][23984][gc,age       ] GC(409) - age   2:     110168 bytes,    3222136 total
[2020-09-03T11:17:23.168+0000][23984][gc,age       ] GC(409) - age   3:     405496 bytes,    3627632 total
[2020-09-03T11:17:23.168+0000][23984][gc,age       ] GC(409) - age   4:       8936 bytes,    3636568 total
[2020-09-03T11:17:23.168+0000][23984][gc,age       ] GC(409) - age   5:      10816 bytes,    3647384 total
[2020-09-03T11:17:23.168+0000][23984][gc,age       ] GC(409) - age   6:        408 bytes,    3647792 total
[2020-09-03T11:17:23.169+0000][23984][gc,age       ] GC(409) - age   7:       3088 bytes,    3650880 total
[2020-09-03T11:17:23.169+0000][23984][gc,age       ] GC(409) - age   8:        808 bytes,    3651688 total
[2020-09-03T11:17:23.169+0000][23984][gc,age       ] GC(409) - age   9:        704 bytes,    3652392 total
[2020-09-03T11:17:23.169+0000][23984][gc,age       ] GC(409) - age  10:        200 bytes,    3652592 total
[2020-09-03T11:17:23.169+0000][23984][gc,age       ] GC(409) - age  11:        784 bytes,    3653376 total
[2020-09-03T11:17:23.169+0000][23984][gc,age       ] GC(409) - age  12:       5016 bytes,    3658392 total
[2020-09-03T11:17:23.169+0000][23984][gc,age       ] GC(409) - age  13:      14856 bytes,    3673248 total
[2020-09-03T11:17:23.169+0000][23984][gc,age       ] GC(409) - age  14:      66912 bytes,    3740160 total
[2020-09-03T11:17:23.169+0000][23984][gc,age       ] GC(409) - age  15:      11760 bytes,    3751920 total
[2020-09-03T11:17:23.169+0000][23984][gc,phases    ] GC(409)   Pre Evacuate Collection Set: 0.4ms
[2020-09-03T11:17:23.169+0000][23984][gc,phases    ] GC(409)   Merge Heap Roots: 0.1ms
[2020-09-03T11:17:23.169+0000][23984][gc,phases    ] GC(409)   Evacuate Collection Set: 2.3ms
[2020-09-03T11:17:23.169+0000][23984][gc,phases    ] GC(409)   Post Evacuate Collection Set: 0.6ms
[2020-09-03T11:17:23.169+0000][23984][gc,phases    ] GC(409)   Other: 0.9ms
[2020-09-03T11:17:23.169+0000][23984][gc,heap      ] GC(409) Eden regions: 38->0(504)
[2020-09-03T11:17:23.169+0000][23984][gc,heap      ] GC(409) Survivor regions: 3->4(64)
[2020-09-03T11:17:23.169+0000][23984][gc,heap      ] GC(409) Old regions: 79->79
[2020-09-03T11:17:23.169+0000][23984][gc,heap      ] GC(409) Archive regions: 0->0
[2020-09-03T11:17:23.169+0000][23984][gc,heap      ] GC(409) Humongous regions: 253->174
[2020-09-03T11:17:23.169+0000][23984][gc,metaspace ] GC(409) Metaspace: 87852K(94080K)->87852K(94080K) NonClass: 76696K(80384K)->76696K(80384K) Class: 11155K(13696K)->11155K(13696K)
[2020-09-03T11:17:23.169+0000][23984][gc           ] GC(409) Pause Young (Concurrent Start) (G1 Humongous Allocation) 371M->256M(1024M) 4.656ms
[2020-09-03T11:17:23.169+0000][23984][gc,cpu       ] GC(409) User=0.00s Sys=0.00s Real=0.00s
[2020-09-03T11:17:23.169+0000][23984][gc           ] GC(410) Concurrent Cycle
[2020-09-03T11:17:23.169+0000][23984][safepoint    ] Safepoint "G1TryInitiateConcMark", Time since last: 145939600 ns, Reaching safepoint: 252200 ns, At safepoint: 4832000 ns, Total: 5084200 ns
[2020-09-03T11:17:23.169+0000][23984][gc,marking   ] GC(410) Concurrent Clear Claimed Marks
[2020-09-03T11:17:23.170+0000][23984][gc,marking   ] GC(410) Concurrent Clear Claimed Marks 0.467ms
[2020-09-03T11:17:23.170+0000][23984][gc,marking   ] GC(410) Concurrent Scan Root Regions
[2020-09-03T11:17:23.173+0000][23984][gc,marking   ] GC(410) Concurrent Scan Root Regions 2.985ms
[2020-09-03T11:17:23.173+0000][23984][gc,marking   ] GC(410) Concurrent Mark (192.175s)
[2020-09-03T11:17:23.173+0000][23984][gc,marking   ] GC(410) Concurrent Mark From Roots
[2020-09-03T11:17:23.173+0000][23984][gc,task      ] GC(410) Using 2 workers of 2 for marking
[2020-09-03T11:17:23.292+0000][23984][gc,marking   ] GC(410) Concurrent Mark From Roots 118.744ms
[2020-09-03T11:17:23.292+0000][23984][gc,marking   ] GC(410) Concurrent Preclean
[2020-09-03T11:17:23.292+0000][23984][gc,marking   ] GC(410) Concurrent Preclean 0.552ms
[2020-09-03T11:17:23.293+0000][23984][gc,marking   ] GC(410) Concurrent Mark (192.175s, 192.294s) 119.453ms
[2020-09-03T11:17:23.293+0000][23984][gc,start     ] GC(410) Pause Remark
[2020-09-03T11:17:23.299+0000][23984][gc           ] GC(410) Pause Remark 321M->321M(1024M) 6.184ms
[2020-09-03T11:17:23.299+0000][23984][gc,cpu       ] GC(410) User=0.11s Sys=0.00s Real=0.01s
[2020-09-03T11:17:23.299+0000][23984][safepoint    ] Safepoint "G1Concurrent", Time since last: 123243100 ns, Reaching safepoint: 137300 ns, At safepoint: 6401000 ns, Total: 6538300 ns
[2020-09-03T11:17:23.299+0000][23984][gc,marking   ] GC(410) Concurrent Rebuild Remembered Sets
[2020-09-03T11:17:23.379+0000][23984][gc,marking   ] GC(410) Concurrent Rebuild Remembered Sets 80.246ms
[2020-09-03T11:17:23.380+0000][23984][gc,start     ] GC(410) Pause Cleanup
[2020-09-03T11:17:23.380+0000][23984][gc           ] GC(410) Pause Cleanup 395M->395M(1024M) 0.259ms
[2020-09-03T11:17:23.380+0000][23984][gc,cpu       ] GC(410) User=0.00s Sys=0.00s Real=0.00s
[2020-09-03T11:17:23.380+0000][23984][safepoint    ] Safepoint "G1Concurrent", Time since last: 80414600 ns, Reaching safepoint: 154800 ns, At safepoint: 396900 ns, Total: 551700 ns
[2020-09-03T11:17:23.380+0000][23984][gc,marking   ] GC(410) Concurrent Cleanup for Next Mark
[2020-09-03T11:17:23.382+0000][23984][gc,marking   ] GC(410) Concurrent Cleanup for Next Mark 1.589ms
[2020-09-03T11:17:23.382+0000][23984][gc           ] GC(410) Concurrent Cycle 212.519ms
[2020-09-03T11:17:23.590+0000][23984][gc,start     ] GC(411) Pause Young (Concurrent Start) (G1 Humongous Allocation)
[2020-09-03T11:17:23.590+0000][23984][gc,task      ] GC(411) Using 8 workers of 8 for evacuation
[2020-09-03T11:17:23.590+0000][23984][gc,age       ] GC(411) Desired survivor size 33554432 bytes, new threshold 15 (max threshold 15)
[2020-09-03T11:17:23.594+0000][23984][gc,age       ] GC(411) Age table with threshold 15 (max threshold 15)
[2020-09-03T11:17:23.594+0000][23984][gc,age       ] GC(411) - age   1:    2782064 bytes,    2782064 total
[2020-09-03T11:17:23.594+0000][23984][gc,age       ] GC(411) - age   2:     159440 bytes,    2941504 total
[2020-09-03T11:17:23.594+0000][23984][gc,age       ] GC(411) - age   3:       1456 bytes,    2942960 total
[2020-09-03T11:17:23.594+0000][23984][gc,age       ] GC(411) - age   4:       2968 bytes,    2945928 total
[2020-09-03T11:17:23.594+0000][23984][gc,age       ] GC(411) - age   5:       7200 bytes,    2953128 total
[2020-09-03T11:17:23.595+0000][23984][gc,age       ] GC(411) - age   6:      10624 bytes,    2963752 total
[2020-09-03T11:17:23.595+0000][23984][gc,age       ] GC(411) - age   7:        408 bytes,    2964160 total
[2020-09-03T11:17:23.595+0000][23984][gc,age       ] GC(411) - age   8:       3024 bytes,    2967184 total
[2020-09-03T11:17:23.595+0000][23984][gc,age       ] GC(411) - age   9:        808 bytes,    2967992 total
[2020-09-03T11:17:23.595+0000][23984][gc,age       ] GC(411) - age  10:        704 bytes,    2968696 total
[2020-09-03T11:17:23.595+0000][23984][gc,age       ] GC(411) - age  11:        136 bytes,    2968832 total
[2020-09-03T11:17:23.595+0000][23984][gc,age       ] GC(411) - age  12:        784 bytes,    2969616 total
[2020-09-03T11:17:23.595+0000][23984][gc,age       ] GC(411) - age  13:       5016 bytes,    2974632 total
[2020-09-03T11:17:23.595+0000][23984][gc,age       ] GC(411) - age  14:      14824 bytes,    2989456 total
[2020-09-03T11:17:23.595+0000][23984][gc,age       ] GC(411) - age  15:      66912 bytes,    3056368 total
[2020-09-03T11:17:23.595+0000][23984][gc,phases    ] GC(411)   Pre Evacuate Collection Set: 1.3ms
[2020-09-03T11:17:23.595+0000][23984][gc,phases    ] GC(411)   Merge Heap Roots: 0.1ms
[2020-09-03T11:17:23.595+0000][23984][gc,phases    ] GC(411)   Evacuate Collection Set: 2.3ms
[2020-09-03T11:17:23.595+0000][23984][gc,phases    ] GC(411)   Post Evacuate Collection Set: 0.7ms
[2020-09-03T11:17:23.595+0000][23984][gc,phases    ] GC(411)   Other: 1.1ms
[2020-09-03T11:17:23.595+0000][23984][gc,heap      ] GC(411) Eden regions: 37->0(505)
[2020-09-03T11:17:23.595+0000][23984][gc,heap      ] GC(411) Survivor regions: 4->3(64)
[2020-09-03T11:17:23.595+0000][23984][gc,heap      ] GC(411) Old regions: 79->79
[2020-09-03T11:17:23.595+0000][23984][gc,heap      ] GC(411) Archive regions: 0->0
[2020-09-03T11:17:23.595+0000][23984][gc,heap      ] GC(411) Humongous regions: 288->174
[2020-09-03T11:17:23.595+0000][23984][gc,metaspace ] GC(411) Metaspace: 87963K(94080K)->87963K(94080K) NonClass: 76782K(80384K)->76782K(80384K) Class: 11181K(13696K)->11181K(13696K)
[2020-09-03T11:17:23.595+0000][23984][gc           ] GC(411) Pause Young (Concurrent Start) (G1 Humongous Allocation) 407M->255M(1024M) 5.770ms
[2020-09-03T11:17:23.595+0000][23984][gc,cpu       ] GC(411) User=0.02s Sys=0.00s Real=0.01s
[2020-09-03T11:17:23.595+0000][23984][safepoint    ] Safepoint "G1TryInitiateConcMark", Time since last: 209248700 ns, Reaching safepoint: 131500 ns, At safepoint: 5938100 ns, Total: 6069600 ns
[2020-09-03T11:17:23.595+0000][23984][gc           ] GC(412) Concurrent Cycle
[2020-09-03T11:17:23.595+0000][23984][gc,marking   ] GC(412) Concurrent Clear Claimed Marks
[2020-09-03T11:17:23.596+0000][23984][gc,marking   ] GC(412) Concurrent Clear Claimed Marks 0.432ms
[2020-09-03T11:17:23.596+0000][23984][gc,marking   ] GC(412) Concurrent Scan Root Regions
[2020-09-03T11:17:23.598+0000][23984][gc,marking   ] GC(412) Concurrent Scan Root Regions 2.368ms
[2020-09-03T11:17:23.599+0000][23984][gc,marking   ] GC(412) Concurrent Mark (192.601s)
[2020-09-03T11:17:23.599+0000][23984][gc,marking   ] GC(412) Concurrent Mark From Roots
[2020-09-03T11:17:23.599+0000][23984][gc,task      ] GC(412) Using 2 workers of 2 for marking
[2020-09-03T11:17:23.719+0000][23984][gc,marking   ] GC(412) Concurrent Mark From Roots 120.542ms
[2020-09-03T11:17:23.719+0000][23984][gc,marking   ] GC(412) Concurrent Preclean
[2020-09-03T11:17:23.720+0000][23984][gc,marking   ] GC(412) Concurrent Preclean 0.412ms
[2020-09-03T11:17:23.720+0000][23984][gc,marking   ] GC(412) Concurrent Mark (192.601s, 192.722s) 121.105ms
[2020-09-03T11:17:23.720+0000][23984][gc,start     ] GC(412) Pause Remark
[2020-09-03T11:17:23.726+0000][23984][gc           ] GC(412) Pause Remark 318M->318M(1024M) 6.470ms
[2020-09-03T11:17:23.726+0000][23984][gc,cpu       ] GC(412) User=0.00s Sys=0.00s Real=0.01s
[2020-09-03T11:17:23.726+0000][23984][safepoint    ] Safepoint "G1Concurrent", Time since last: 124329900 ns, Reaching safepoint: 128200 ns, At safepoint: 6626800 ns, Total: 6755000 ns
[2020-09-03T11:17:23.727+0000][23984][gc,marking   ] GC(412) Concurrent Rebuild Remembered Sets
[2020-09-03T11:17:23.807+0000][23984][gc,marking   ] GC(412) Concurrent Rebuild Remembered Sets 80.606ms
[2020-09-03T11:17:23.807+0000][23984][gc,start     ] GC(412) Pause Cleanup
[2020-09-03T11:17:23.808+0000][23984][gc           ] GC(412) Pause Cleanup 387M->387M(1024M) 0.345ms
[2020-09-03T11:17:23.808+0000][23984][gc,cpu       ] GC(412) User=0.00s Sys=0.00s Real=0.00s
[2020-09-03T11:17:23.808+0000][23984][safepoint    ] Safepoint "G1Concurrent", Time since last: 80782300 ns, Reaching safepoint: 154100 ns, At safepoint: 522800 ns, Total: 676900 ns
[2020-09-03T11:17:23.808+0000][23984][gc,marking   ] GC(412) Concurrent Cleanup for Next Mark
[2020-09-03T11:17:23.809+0000][23984][gc,marking   ] GC(412) Concurrent Cleanup for Next Mark 1.362ms
[2020-09-03T11:17:23.809+0000][23984][gc           ] GC(412) Concurrent Cycle 214.051ms
[2020-09-03T11:17:23.905+0000][23984][gc,start     ] GC(413) Pause Young (Concurrent Start) (G1 Humongous Allocation)
[2020-09-03T11:17:23.905+0000][23984][gc,task      ] GC(413) Using 8 workers of 8 for evacuation
[2020-09-03T11:17:23.905+0000][23984][gc,age       ] GC(413) Desired survivor size 33554432 bytes, new threshold 15 (max threshold 15)
[2020-09-03T11:17:23.908+0000][23984][gc,age       ] GC(413) Age table with threshold 15 (max threshold 15)
[2020-09-03T11:17:23.908+0000][23984][gc,age       ] GC(413) - age   1:    1029856 bytes,    1029856 total
[2020-09-03T11:17:23.908+0000][23984][gc,age       ] GC(413) - age   2:      99840 bytes,    1129696 total
[2020-09-03T11:17:23.908+0000][23984][gc,age       ] GC(413) - age   3:     158208 bytes,    1287904 total
[2020-09-03T11:17:23.908+0000][23984][gc,age       ] GC(413) - age   4:       1320 bytes,    1289224 total
[2020-09-03T11:17:23.908+0000][23984][gc,age       ] GC(413) - age   5:       2296 bytes,    1291520 total
[2020-09-03T11:17:23.908+0000][23984][gc,age       ] GC(413) - age   6:       7104 bytes,    1298624 total
[2020-09-03T11:17:23.908+0000][23984][gc,age       ] GC(413) - age   7:      10592 bytes,    1309216 total
[2020-09-03T11:17:23.908+0000][23984][gc,age       ] GC(413) - age   8:        408 bytes,    1309624 total
[2020-09-03T11:17:23.908+0000][23984][gc,age       ] GC(413) - age   9:       3024 bytes,    1312648 total
[2020-09-03T11:17:23.908+0000][23984][gc,age       ] GC(413) - age  10:        808 bytes,    1313456 total
[2020-09-03T11:17:23.908+0000][23984][gc,age       ] GC(413) - age  11:        704 bytes,    1314160 total
[2020-09-03T11:17:23.909+0000][23984][gc,age       ] GC(413) - age  12:        136 bytes,    1314296 total
[2020-09-03T11:17:23.909+0000][23984][gc,age       ] GC(413) - age  13:        784 bytes,    1315080 total
[2020-09-03T11:17:23.909+0000][23984][gc,age       ] GC(413) - age  14:       5016 bytes,    1320096 total
[2020-09-03T11:17:23.909+0000][23984][gc,age       ] GC(413) - age  15:      14824 bytes,    1334920 total
[2020-09-03T11:17:23.909+0000][23984][gc,phases    ] GC(413)   Pre Evacuate Collection Set: 0.4ms
[2020-09-03T11:17:23.909+0000][23984][gc,phases    ] GC(413)   Merge Heap Roots: 0.1ms
[2020-09-03T11:17:23.909+0000][23984][gc,phases    ] GC(413)   Evacuate Collection Set: 1.9ms
[2020-09-03T11:17:23.909+0000][23984][gc,phases    ] GC(413)   Post Evacuate Collection Set: 0.6ms
[2020-09-03T11:17:23.909+0000][23984][gc,phases    ] GC(413)   Other: 0.8ms
[2020-09-03T11:17:23.909+0000][23984][gc,heap      ] GC(413) Eden regions: 36->0(507)
[2020-09-03T11:17:23.909+0000][23984][gc,heap      ] GC(413) Survivor regions: 3->2(64)
[2020-09-03T11:17:23.909+0000][23984][gc,heap      ] GC(413) Old regions: 79->79
[2020-09-03T11:17:23.909+0000][23984][gc,heap      ] GC(413) Archive regions: 0->0
[2020-09-03T11:17:23.909+0000][23984][gc,heap      ] GC(413) Humongous regions: 278->174
[2020-09-03T11:17:23.909+0000][23984][gc,metaspace ] GC(413) Metaspace: 87963K(94080K)->87963K(94080K) NonClass: 76782K(80384K)->76782K(80384K) Class: 11181K(13696K)->11181K(13696K)
[2020-09-03T11:17:23.909+0000][23984][gc           ] GC(413) Pause Young (Concurrent Start) (G1 Humongous Allocation) 394M->253M(1024M) 4.337ms
[2020-09-03T11:17:23.909+0000][23984][gc,cpu       ] GC(413) User=0.00s Sys=0.00s Real=0.00s
[2020-09-03T11:17:23.909+0000][23984][gc           ] GC(414) Concurrent Cycle
[2020-09-03T11:17:23.909+0000][23984][safepoint    ] Safepoint "G1TryInitiateConcMark", Time since last: 96702100 ns, Reaching safepoint: 182600 ns, At safepoint: 4519300 ns, Total: 4701900 ns
[2020-09-03T11:17:23.909+0000][23984][gc,marking   ] GC(414) Concurrent Clear Claimed Marks
[2020-09-03T11:17:23.910+0000][23984][gc,marking   ] GC(414) Concurrent Clear Claimed Marks 0.596ms
[2020-09-03T11:17:23.910+0000][23984][gc,marking   ] GC(414) Concurrent Scan Root Regions
[2020-09-03T11:17:23.912+0000][23984][gc,marking   ] GC(414) Concurrent Scan Root Regions 2.085ms
[2020-09-03T11:17:23.912+0000][23984][gc,marking   ] GC(414) Concurrent Mark (192.914s)
[2020-09-03T11:17:23.912+0000][23984][gc,marking   ] GC(414) Concurrent Mark From Roots
[2020-09-03T11:17:23.912+0000][23984][gc,task      ] GC(414) Using 2 workers of 2 for marking
[2020-09-03T11:17:24.052+0000][23984][gc,marking   ] GC(414) Concurrent Mark From Roots 139.331ms
[2020-09-03T11:17:24.052+0000][23984][gc,marking   ] GC(414) Concurrent Preclean
[2020-09-03T11:17:24.052+0000][23984][gc,marking   ] GC(414) Concurrent Preclean 0.682ms
[2020-09-03T11:17:24.053+0000][23984][gc,marking   ] GC(414) Concurrent Mark (192.914s, 193.054s) 140.199ms
[2020-09-03T11:17:24.053+0000][23984][gc,start     ] GC(414) Pause Remark
[2020-09-03T11:17:24.059+0000][23984][gc           ] GC(414) Pause Remark 270M->270M(1024M) 6.162ms
[2020-09-03T11:17:24.059+0000][23984][gc,cpu       ] GC(414) User=0.00s Sys=0.00s Real=0.01s
[2020-09-03T11:17:24.059+0000][23984][safepoint    ] Safepoint "G1Concurrent", Time since last: 143247900 ns, Reaching safepoint: 151600 ns, At safepoint: 6439100 ns, Total: 6590700 ns
[2020-09-03T11:17:24.059+0000][23984][gc,marking   ] GC(414) Concurrent Rebuild Remembered Sets
[2020-09-03T11:17:24.150+0000][23984][gc,marking   ] GC(414) Concurrent Rebuild Remembered Sets 90.996ms
[2020-09-03T11:17:24.151+0000][23984][gc,start     ] GC(414) Pause Cleanup
[2020-09-03T11:17:24.151+0000][23984][gc           ] GC(414) Pause Cleanup 286M->286M(1024M) 0.288ms
[2020-09-03T11:17:24.151+0000][23984][gc,cpu       ] GC(414) User=0.00s Sys=0.00s Real=0.00s
[2020-09-03T11:17:24.151+0000][23984][safepoint    ] Safepoint "G1Concurrent", Time since last: 91189600 ns, Reaching safepoint: 164100 ns, At safepoint: 460800 ns, Total: 624900 ns
[2020-09-03T11:17:24.151+0000][23984][gc,marking   ] GC(414) Concurrent Cleanup for Next Mark
[2020-09-03T11:17:24.153+0000][23984][gc,marking   ] GC(414) Concurrent Cleanup for Next Mark 1.473ms
[2020-09-03T11:17:24.153+0000][23984][gc           ] GC(414) Concurrent Cycle 243.299ms
[2020-09-03T11:17:24.267+0000][23984][gc,start     ] GC(415) Pause Young (Concurrent Start) (G1 Humongous Allocation)
[2020-09-03T11:17:24.267+0000][23984][gc,task      ] GC(415) Using 8 workers of 8 for evacuation
[2020-09-03T11:17:24.267+0000][23984][gc,age       ] GC(415) Desired survivor size 33554432 bytes, new threshold 15 (max threshold 15)
[2020-09-03T11:17:24.271+0000][23984][gc,age       ] GC(415) Age table with threshold 15 (max threshold 15)
[2020-09-03T11:17:24.271+0000][23984][gc,age       ] GC(415) - age   1:    1845496 bytes,    1845496 total
[2020-09-03T11:17:24.271+0000][23984][gc,age       ] GC(415) - age   2:     406576 bytes,    2252072 total
[2020-09-03T11:17:24.271+0000][23984][gc,age       ] GC(415) - age   3:      99120 bytes,    2351192 total
[2020-09-03T11:17:24.271+0000][23984][gc,age       ] GC(415) - age   4:     158176 bytes,    2509368 total
[2020-09-03T11:17:24.271+0000][23984][gc,age       ] GC(415) - age   5:       1096 bytes,    2510464 total
[2020-09-03T11:17:24.271+0000][23984][gc,age       ] GC(415) - age   6:       2136 bytes,    2512600 total
[2020-09-03T11:17:24.271+0000][23984][gc,age       ] GC(415) - age   7:       4512 bytes,    2517112 total
[2020-09-03T11:17:24.271+0000][23984][gc,age       ] GC(415) - age   8:      10280 bytes,    2527392 total
[2020-09-03T11:17:24.271+0000][23984][gc,age       ] GC(415) - age   9:        336 bytes,    2527728 total
[2020-09-03T11:17:24.271+0000][23984][gc,age       ] GC(415) - age  10:       3008 bytes,    2530736 total
[2020-09-03T11:17:24.271+0000][23984][gc,age       ] GC(415) - age  11:        448 bytes,    2531184 total
[2020-09-03T11:17:24.271+0000][23984][gc,age       ] GC(415) - age  12:        704 bytes,    2531888 total
[2020-09-03T11:17:24.271+0000][23984][gc,age       ] GC(415) - age  13:        136 bytes,    2532024 total
[2020-09-03T11:17:24.271+0000][23984][gc,age       ] GC(415) - age  14:        784 bytes,    2532808 total
[2020-09-03T11:17:24.271+0000][23984][gc,age       ] GC(415) - age  15:       5016 bytes,    2537824 total
[2020-09-03T11:17:24.271+0000][23984][gc,phases    ] GC(415)   Pre Evacuate Collection Set: 0.6ms
[2020-09-03T11:17:24.271+0000][23984][gc,phases    ] GC(415)   Merge Heap Roots: 0.1ms
[2020-09-03T11:17:24.271+0000][23984][gc,phases    ] GC(415)   Evacuate Collection Set: 2.0ms
[2020-09-03T11:17:24.271+0000][23984][gc,phases    ] GC(415)   Post Evacuate Collection Set: 0.6ms
[2020-09-03T11:17:24.271+0000][23984][gc,phases    ] GC(415)   Other: 0.8ms
[2020-09-03T11:17:24.271+0000][23984][gc,heap      ] GC(415) Eden regions: 23->0(506)
[2020-09-03T11:17:24.271+0000][23984][gc,heap      ] GC(415) Survivor regions: 2->3(64)
[2020-09-03T11:17:24.271+0000][23984][gc,heap      ] GC(415) Old regions: 79->79
[2020-09-03T11:17:24.271+0000][23984][gc,heap      ] GC(415) Archive regions: 0->0
[2020-09-03T11:17:24.272+0000][23984][gc,heap      ] GC(415) Humongous regions: 228->174
[2020-09-03T11:17:24.272+0000][23984][gc,metaspace ] GC(415) Metaspace: 87963K(94080K)->87963K(94080K) NonClass: 76782K(80384K)->76782K(80384K) Class: 11181K(13696K)->11181K(13696K)
[2020-09-03T11:17:24.272+0000][23984][gc           ] GC(415) Pause Young (Concurrent Start) (G1 Humongous Allocation) 330M->255M(1024M) 4.476ms
[2020-09-03T11:17:24.272+0000][23984][gc,cpu       ] GC(415) User=0.00s Sys=0.00s Real=0.01s
[2020-09-03T11:17:24.272+0000][23984][safepoint    ] Safepoint "G1TryInitiateConcMark", Time since last: 115835700 ns, Reaching safepoint: 222600 ns, At safepoint: 4626700 ns, Total: 4849300 ns
[2020-09-03T11:17:24.272+0000][23984][gc           ] GC(416) Concurrent Cycle
[2020-09-03T11:17:24.272+0000][23984][gc,marking   ] GC(416) Concurrent Clear Claimed Marks
[2020-09-03T11:17:24.272+0000][23984][gc,marking   ] GC(416) Concurrent Clear Claimed Marks 0.393ms
[2020-09-03T11:17:24.272+0000][23984][gc,marking   ] GC(416) Concurrent Scan Root Regions
[2020-09-03T11:17:24.274+0000][23984][gc,marking   ] GC(416) Concurrent Scan Root Regions 2.164ms
[2020-09-03T11:17:24.274+0000][23984][gc,marking   ] GC(416) Concurrent Mark (193.276s)
[2020-09-03T11:17:24.275+0000][23984][gc,marking   ] GC(416) Concurrent Mark From Roots
[2020-09-03T11:17:24.275+0000][23984][gc,task      ] GC(416) Using 2 workers of 2 for marking
[2020-09-03T11:17:24.378+0000][23984][gc,marking   ] GC(416) Concurrent Mark From Roots 103.831ms
[2020-09-03T11:17:24.378+0000][23984][gc,marking   ] GC(416) Concurrent Preclean
[2020-09-03T11:17:24.379+0000][23984][gc,marking   ] GC(416) Concurrent Preclean 0.463ms
[2020-09-03T11:17:24.379+0000][23984][gc,marking   ] GC(416) Concurrent Mark (193.276s, 193.381s) 104.459ms
[2020-09-03T11:17:24.379+0000][23984][gc,start     ] GC(416) Pause Remark
[2020-09-03T11:17:24.385+0000][23984][gc           ] GC(416) Pause Remark 286M->286M(1024M) 5.725ms
[2020-09-03T11:17:24.385+0000][23984][gc,cpu       ] GC(416) User=0.00s Sys=0.00s Real=0.01s
[2020-09-03T11:17:24.385+0000][23984][safepoint    ] Safepoint "G1Concurrent", Time since last: 107318400 ns, Reaching safepoint: 135800 ns, At safepoint: 6031700 ns, Total: 6167500 ns
[2020-09-03T11:17:24.385+0000][23984][gc,marking   ] GC(416) Concurrent Rebuild Remembered Sets
[2020-09-03T11:17:24.461+0000][23984][gc,marking   ] GC(416) Concurrent Rebuild Remembered Sets 76.001ms
[2020-09-03T11:17:24.462+0000][23984][gc,start     ] GC(416) Pause Cleanup
[2020-09-03T11:17:24.462+0000][23984][gc           ] GC(416) Pause Cleanup 358M->358M(1024M) 0.274ms
[2020-09-03T11:17:24.462+0000][23984][gc,cpu       ] GC(416) User=0.00s Sys=0.00s Real=0.00s
[2020-09-03T11:17:24.462+0000][23984][safepoint    ] Safepoint "G1Concurrent", Time since last: 76177600 ns, Reaching safepoint: 141200 ns, At safepoint: 434800 ns, Total: 576000 ns
[2020-09-03T11:17:24.462+0000][23984][gc,marking   ] GC(416) Concurrent Cleanup for Next Mark
[2020-09-03T11:17:24.463+0000][23984][gc,marking   ] GC(416) Concurrent Cleanup for Next Mark 1.315ms
[2020-09-03T11:17:24.463+0000][23984][gc           ] GC(416) Concurrent Cycle 191.675ms
[2020-09-03T11:17:25.123+0000][23984][gc,start     ] GC(417) Pause Young (Concurrent Start) (G1 Humongous Allocation)
[2020-09-03T11:17:25.123+0000][23984][gc,task      ] GC(417) Using 8 workers of 8 for evacuation
[2020-09-03T11:17:25.123+0000][23984][gc,age       ] GC(417) Desired survivor size 33554432 bytes, new threshold 15 (max threshold 15)
[2020-09-03T11:17:25.126+0000][23984][gc,age       ] GC(417) Age table with threshold 15 (max threshold 15)
[2020-09-03T11:17:25.127+0000][23984][gc,age       ] GC(417) - age   1:    2836672 bytes,    2836672 total
[2020-09-03T11:17:25.127+0000][23984][gc,age       ] GC(417) - age   2:       1920 bytes,    2838592 total
[2020-09-03T11:17:25.127+0000][23984][gc,age       ] GC(417) - age   3:       1856 bytes,    2840448 total
[2020-09-03T11:17:25.127+0000][23984][gc,age       ] GC(417) - age   4:      94712 bytes,    2935160 total
[2020-09-03T11:17:25.127+0000][23984][gc,age       ] GC(417) - age   5:      68040 bytes,    3003200 total
[2020-09-03T11:17:25.127+0000][23984][gc,age       ] GC(417) - age   6:        840 bytes,    3004040 total
[2020-09-03T11:17:25.127+0000][23984][gc,age       ] GC(417) - age   7:       2104 bytes,    3006144 total
[2020-09-03T11:17:25.127+0000][23984][gc,age       ] GC(417) - age   8:       1920 bytes,    3008064 total
[2020-09-03T11:17:25.127+0000][23984][gc,age       ] GC(417) - age   9:      10280 bytes,    3018344 total
[2020-09-03T11:17:25.127+0000][23984][gc,age       ] GC(417) - age  10:        336 bytes,    3018680 total
[2020-09-03T11:17:25.127+0000][23984][gc,age       ] GC(417) - age  11:        768 bytes,    3019448 total
[2020-09-03T11:17:25.127+0000][23984][gc,age       ] GC(417) - age  12:        448 bytes,    3019896 total
[2020-09-03T11:17:25.127+0000][23984][gc,age       ] GC(417) - age  13:        672 bytes,    3020568 total
[2020-09-03T11:17:25.127+0000][23984][gc,age       ] GC(417) - age  14:        136 bytes,    3020704 total
[2020-09-03T11:17:25.127+0000][23984][gc,age       ] GC(417) - age  15:        784 bytes,    3021488 total
[2020-09-03T11:17:25.127+0000][23984][gc,phases    ] GC(417)   Pre Evacuate Collection Set: 0.4ms
[2020-09-03T11:17:25.127+0000][23984][gc,phases    ] GC(417)   Merge Heap Roots: 0.1ms
[2020-09-03T11:17:25.127+0000][23984][gc,phases    ] GC(417)   Evacuate Collection Set: 2.0ms
[2020-09-03T11:17:25.127+0000][23984][gc,phases    ] GC(417)   Post Evacuate Collection Set: 0.7ms
[2020-09-03T11:17:25.127+0000][23984][gc,phases    ] GC(417)   Other: 1.0ms
[2020-09-03T11:17:25.127+0000][23984][gc,heap      ] GC(417) Eden regions: 53->0(504)
[2020-09-03T11:17:25.127+0000][23984][gc,heap      ] GC(417) Survivor regions: 3->4(64)
[2020-09-03T11:17:25.127+0000][23984][gc,heap      ] GC(417) Old regions: 79->79
[2020-09-03T11:17:25.127+0000][23984][gc,heap      ] GC(417) Archive regions: 0->0
[2020-09-03T11:17:25.127+0000][23984][gc,heap      ] GC(417) Humongous regions: 254->174
[2020-09-03T11:17:25.127+0000][23984][gc,metaspace ] GC(417) Metaspace: 88117K(94080K)->88117K(94080K) NonClass: 76924K(80384K)->76924K(80384K) Class: 11193K(13696K)->11193K(13696K)
[2020-09-03T11:17:25.127+0000][23984][gc           ] GC(417) Pause Young (Concurrent Start) (G1 Humongous Allocation) 388M->255M(1024M) 4.588ms
[2020-09-03T11:17:25.128+0000][23984][gc,cpu       ] GC(417) User=0.02s Sys=0.00s Real=0.01s
[2020-09-03T11:17:25.128+0000][23984][safepoint    ] Safepoint "G1TryInitiateConcMark", Time since last: 659822800 ns, Reaching safepoint: 189200 ns, At safepoint: 4792800 ns, Total: 4982000 ns
[2020-09-03T11:17:25.128+0000][23984][gc           ] GC(418) Concurrent Cycle
[2020-09-03T11:17:25.128+0000][23984][gc,marking   ] GC(418) Concurrent Clear Claimed Marks
[2020-09-03T11:17:25.128+0000][23984][gc,marking   ] GC(418) Concurrent Clear Claimed Marks 0.400ms
[2020-09-03T11:17:25.128+0000][23984][gc,marking   ] GC(418) Concurrent Scan Root Regions
[2020-09-03T11:17:25.130+0000][23984][gc,marking   ] GC(418) Concurrent Scan Root Regions 2.188ms
[2020-09-03T11:17:25.131+0000][23984][gc,marking   ] GC(418) Concurrent Mark (194.132s)
[2020-09-03T11:17:25.131+0000][23984][gc,marking   ] GC(418) Concurrent Mark From Roots
[2020-09-03T11:17:25.131+0000][23984][gc,task      ] GC(418) Using 2 workers of 2 for marking
[2020-09-03T11:17:25.270+0000][23984][gc,marking   ] GC(418) Concurrent Mark From Roots 139.202ms
[2020-09-03T11:17:25.270+0000][23984][gc,marking   ] GC(418) Concurrent Preclean
[2020-09-03T11:17:25.271+0000][23984][gc,marking   ] GC(418) Concurrent Preclean 0.670ms
[2020-09-03T11:17:25.271+0000][23984][gc,marking   ] GC(418) Concurrent Mark (194.132s, 194.272s) 140.072ms
[2020-09-03T11:17:25.271+0000][23984][gc,start     ] GC(418) Pause Remark
[2020-09-03T11:17:25.277+0000][23984][gc           ] GC(418) Pause Remark 319M->319M(1024M) 5.874ms
[2020-09-03T11:17:25.277+0000][23984][gc,cpu       ] GC(418) User=0.00s Sys=0.00s Real=0.01s
[2020-09-03T11:17:25.277+0000][23984][safepoint    ] Safepoint "G1Concurrent", Time since last: 143080800 ns, Reaching safepoint: 150400 ns, At safepoint: 6068300 ns, Total: 6218700 ns
[2020-09-03T11:17:25.277+0000][23984][gc,marking   ] GC(418) Concurrent Rebuild Remembered Sets
[2020-09-03T11:17:25.362+0000][23984][gc,marking   ] GC(418) Concurrent Rebuild Remembered Sets 84.730ms
[2020-09-03T11:17:25.362+0000][23984][gc,start     ] GC(418) Pause Cleanup
[2020-09-03T11:17:25.362+0000][23984][gc           ] GC(418) Pause Cleanup 387M->387M(1024M) 0.296ms
[2020-09-03T11:17:25.362+0000][23984][gc,cpu       ] GC(418) User=0.00s Sys=0.00s Real=0.00s
[2020-09-03T11:17:25.362+0000][23984][safepoint    ] Safepoint "G1Concurrent", Time since last: 84903600 ns, Reaching safepoint: 140400 ns, At safepoint: 455100 ns, Total: 595500 ns
[2020-09-03T11:17:25.362+0000][23984][gc,marking   ] GC(418) Concurrent Cleanup for Next Mark
[2020-09-03T11:17:25.364+0000][23984][gc,marking   ] GC(418) Concurrent Cleanup for Next Mark 1.313ms
[2020-09-03T11:17:25.364+0000][23984][gc           ] GC(418) Concurrent Cycle 236.267ms
[2020-09-03T11:17:25.449+0000][23984][gc,start     ] GC(419) Pause Young (Concurrent Start) (G1 Humongous Allocation)
[2020-09-03T11:17:25.449+0000][23984][gc,task      ] GC(419) Using 8 workers of 8 for evacuation
[2020-09-03T11:17:25.449+0000][23984][gc,age       ] GC(419) Desired survivor size 33554432 bytes, new threshold 15 (max threshold 15)
[2020-09-03T11:17:25.452+0000][23984][gc,age       ] GC(419) Age table with threshold 15 (max threshold 15)
[2020-09-03T11:17:25.452+0000][23984][gc,age       ] GC(419) - age   1:    1028096 bytes,    1028096 total
[2020-09-03T11:17:25.452+0000][23984][gc,age       ] GC(419) - age   2:     151208 bytes,    1179304 total
[2020-09-03T11:17:25.452+0000][23984][gc,age       ] GC(419) - age   3:       1800 bytes,    1181104 total
[2020-09-03T11:17:25.452+0000][23984][gc,age       ] GC(419) - age   4:       1224 bytes,    1182328 total
[2020-09-03T11:17:25.452+0000][23984][gc,age       ] GC(419) - age   5:      94680 bytes,    1277008 total
[2020-09-03T11:17:25.452+0000][23984][gc,age       ] GC(419) - age   6:      67912 bytes,    1344920 total
[2020-09-03T11:17:25.452+0000][23984][gc,age       ] GC(419) - age   7:        808 bytes,    1345728 total
[2020-09-03T11:17:25.452+0000][23984][gc,age       ] GC(419) - age   8:       2104 bytes,    1347832 total
[2020-09-03T11:17:25.452+0000][23984][gc,age       ] GC(419) - age   9:       1920 bytes,    1349752 total
[2020-09-03T11:17:25.452+0000][23984][gc,age       ] GC(419) - age  10:      10280 bytes,    1360032 total
[2020-09-03T11:17:25.452+0000][23984][gc,age       ] GC(419) - age  11:        336 bytes,    1360368 total
[2020-09-03T11:17:25.452+0000][23984][gc,age       ] GC(419) - age  12:        768 bytes,    1361136 total
[2020-09-03T11:17:25.452+0000][23984][gc,age       ] GC(419) - age  13:        448 bytes,    1361584 total
[2020-09-03T11:17:25.452+0000][23984][gc,age       ] GC(419) - age  14:        672 bytes,    1362256 total
[2020-09-03T11:17:25.452+0000][23984][gc,age       ] GC(419) - age  15:        136 bytes,    1362392 total
[2020-09-03T11:17:25.453+0000][23984][gc,phases    ] GC(419)   Pre Evacuate Collection Set: 0.4ms
[2020-09-03T11:17:25.453+0000][23984][gc,phases    ] GC(419)   Merge Heap Roots: 0.1ms
[2020-09-03T11:17:25.453+0000][23984][gc,phases    ] GC(419)   Evacuate Collection Set: 2.0ms
[2020-09-03T11:17:25.453+0000][23984][gc,phases    ] GC(419)   Post Evacuate Collection Set: 0.6ms
[2020-09-03T11:17:25.453+0000][23984][gc,phases    ] GC(419)   Other: 0.7ms
[2020-09-03T11:17:25.453+0000][23984][gc,heap      ] GC(419) Eden regions: 35->0(507)
[2020-09-03T11:17:25.453+0000][23984][gc,heap      ] GC(419) Survivor regions: 4->2(64)
[2020-09-03T11:17:25.453+0000][23984][gc,heap      ] GC(419) Old regions: 79->79
[2020-09-03T11:17:25.453+0000][23984][gc,heap      ] GC(419) Archive regions: 0->0
[2020-09-03T11:17:25.453+0000][23984][gc,heap      ] GC(419) Humongous regions: 278->174
[2020-09-03T11:17:25.453+0000][23984][gc,metaspace ] GC(419) Metaspace: 88117K(94080K)->88117K(94080K) NonClass: 76924K(80384K)->76924K(80384K) Class: 11193K(13696K)->11193K(13696K)
[2020-09-03T11:17:25.453+0000][23984][gc           ] GC(419) Pause Young (Concurrent Start) (G1 Humongous Allocation) 394M->253M(1024M) 4.291ms
[2020-09-03T11:17:25.453+0000][23984][gc,cpu       ] GC(419) User=0.02s Sys=0.00s Real=0.00s
[2020-09-03T11:17:25.453+0000][23984][safepoint    ] Safepoint "G1TryInitiateConcMark", Time since last: 86191400 ns, Reaching safepoint: 124200 ns, At safepoint: 4473400 ns, Total: 4597600 ns
[2020-09-03T11:17:25.453+0000][23984][gc           ] GC(420) Concurrent Cycle
[2020-09-03T11:17:25.453+0000][23984][gc,marking   ] GC(420) Concurrent Clear Claimed Marks
[2020-09-03T11:17:25.454+0000][23984][gc,marking   ] GC(420) Concurrent Clear Claimed Marks 0.631ms
[2020-09-03T11:17:25.454+0000][23984][gc,marking   ] GC(420) Concurrent Scan Root Regions
[2020-09-03T11:17:25.456+0000][23984][gc,marking   ] GC(420) Concurrent Scan Root Regions 1.706ms
[2020-09-03T11:17:25.456+0000][23984][gc,marking   ] GC(420) Concurrent Mark (194.457s)
[2020-09-03T11:17:25.456+0000][23984][gc,marking   ] GC(420) Concurrent Mark From Roots
[2020-09-03T11:17:25.456+0000][23984][gc,task      ] GC(420) Using 2 workers of 2 for marking
[2020-09-03T11:17:25.574+0000][23984][gc,marking   ] GC(420) Concurrent Mark From Roots 117.846ms
[2020-09-03T11:17:25.574+0000][23984][gc,marking   ] GC(420) Concurrent Preclean
[2020-09-03T11:17:25.574+0000][23984][gc,marking   ] GC(420) Concurrent Preclean 0.528ms
[2020-09-03T11:17:25.574+0000][23984][gc,marking   ] GC(420) Concurrent Mark (194.457s, 194.575s) 118.539ms
[2020-09-03T11:17:25.575+0000][23984][gc,start     ] GC(420) Pause Remark
[2020-09-03T11:17:25.580+0000][23984][gc           ] GC(420) Pause Remark 271M->271M(1024M) 5.481ms
[2020-09-03T11:17:25.580+0000][23984][gc,cpu       ] GC(420) User=0.11s Sys=0.00s Real=0.00s
[2020-09-03T11:17:25.580+0000][23984][safepoint    ] Safepoint "G1Concurrent", Time since last: 121201200 ns, Reaching safepoint: 145400 ns, At safepoint: 5658100 ns, Total: 5803500 ns
[2020-09-03T11:17:25.580+0000][23984][gc,marking   ] GC(420) Concurrent Rebuild Remembered Sets
[2020-09-03T11:17:25.659+0000][23984][gc,marking   ] GC(420) Concurrent Rebuild Remembered Sets 78.634ms
[2020-09-03T11:17:25.659+0000][23984][gc,start     ] GC(420) Pause Cleanup
[2020-09-03T11:17:25.659+0000][23984][gc           ] GC(420) Pause Cleanup 288M->288M(1024M) 0.238ms
[2020-09-03T11:17:25.659+0000][23984][gc,cpu       ] GC(420) User=0.00s Sys=0.00s Real=0.00s
[2020-09-03T11:17:25.660+0000][23984][safepoint    ] Safepoint "G1Concurrent", Time since last: 78807300 ns, Reaching safepoint: 140600 ns, At safepoint: 372800 ns, Total: 513400 ns
[2020-09-03T11:17:25.660+0000][23984][gc,marking   ] GC(420) Concurrent Cleanup for Next Mark
[2020-09-03T11:17:25.661+0000][23984][gc,marking   ] GC(420) Concurrent Cleanup for Next Mark 1.579ms
[2020-09-03T11:17:25.661+0000][23984][gc           ] GC(420) Concurrent Cycle 208.080ms
[2020-09-03T11:17:25.810+0000][23984][gc,start     ] GC(421) Pause Young (Concurrent Start) (G1 Humongous Allocation)
[2020-09-03T11:17:25.810+0000][23984][gc,task      ] GC(421) Using 8 workers of 8 for evacuation
[2020-09-03T11:17:25.810+0000][23984][gc,age       ] GC(421) Desired survivor size 33554432 bytes, new threshold 15 (max threshold 15)
[2020-09-03T11:17:25.813+0000][23984][gc,age       ] GC(421) Age table with threshold 15 (max threshold 15)
[2020-09-03T11:17:25.813+0000][23984][gc,age       ] GC(421) - age   1:    1610424 bytes,    1610424 total
[2020-09-03T11:17:25.813+0000][23984][gc,age       ] GC(421) - age   2:       1840 bytes,    1612264 total
[2020-09-03T11:17:25.813+0000][23984][gc,age       ] GC(421) - age   3:     144768 bytes,    1757032 total
[2020-09-03T11:17:25.813+0000][23984][gc,age       ] GC(421) - age   4:       1712 bytes,    1758744 total
[2020-09-03T11:17:25.813+0000][23984][gc,age       ] GC(421) - age   5:       1128 bytes,    1759872 total
[2020-09-03T11:17:25.813+0000][23984][gc,age       ] GC(421) - age   6:      92192 bytes,    1852064 total
[2020-09-03T11:17:25.813+0000][23984][gc,age       ] GC(421) - age   7:      67912 bytes,    1919976 total
[2020-09-03T11:17:25.813+0000][23984][gc,age       ] GC(421) - age   8:        416 bytes,    1920392 total
[2020-09-03T11:17:25.813+0000][23984][gc,age       ] GC(421) - age   9:       2104 bytes,    1922496 total
[2020-09-03T11:17:25.813+0000][23984][gc,age       ] GC(421) - age  10:       1920 bytes,    1924416 total
[2020-09-03T11:17:25.813+0000][23984][gc,age       ] GC(421) - age  11:      10280 bytes,    1934696 total
[2020-09-03T11:17:25.813+0000][23984][gc,age       ] GC(421) - age  12:        336 bytes,    1935032 total
[2020-09-03T11:17:25.813+0000][23984][gc,age       ] GC(421) - age  13:        768 bytes,    1935800 total
[2020-09-03T11:17:25.814+0000][23984][gc,age       ] GC(421) - age  14:        448 bytes,    1936248 total
[2020-09-03T11:17:25.814+0000][23984][gc,age       ] GC(421) - age  15:        672 bytes,    1936920 total
[2020-09-03T11:17:25.814+0000][23984][gc,phases    ] GC(421)   Pre Evacuate Collection Set: 0.4ms
[2020-09-03T11:17:25.814+0000][23984][gc,phases    ] GC(421)   Merge Heap Roots: 0.1ms
[2020-09-03T11:17:25.814+0000][23984][gc,phases    ] GC(421)   Evacuate Collection Set: 1.9ms
[2020-09-03T11:17:25.814+0000][23984][gc,phases    ] GC(421)   Post Evacuate Collection Set: 0.7ms
[2020-09-03T11:17:25.814+0000][23984][gc,phases    ] GC(421)   Other: 0.9ms
[2020-09-03T11:17:25.814+0000][23984][gc,heap      ] GC(421) Eden regions: 28->0(507)
[2020-09-03T11:17:25.814+0000][23984][gc,heap      ] GC(421) Survivor regions: 2->2(64)
[2020-09-03T11:17:25.814+0000][23984][gc,heap      ] GC(421) Old regions: 79->79
[2020-09-03T11:17:25.814+0000][23984][gc,heap      ] GC(421) Archive regions: 0->0
[2020-09-03T11:17:25.814+0000][23984][gc,heap      ] GC(421) Humongous regions: 228->174
[2020-09-03T11:17:25.814+0000][23984][gc,metaspace ] GC(421) Metaspace: 88122K(94080K)->88122K(94080K) NonClass: 76929K(80384K)->76929K(80384K) Class: 11193K(13696K)->11193K(13696K)
[2020-09-03T11:17:25.814+0000][23984][gc           ] GC(421) Pause Young (Concurrent Start) (G1 Humongous Allocation) 335M->254M(1024M) 4.297ms
[2020-09-03T11:17:25.814+0000][23984][gc,cpu       ] GC(421) User=0.05s Sys=0.03s Real=0.00s
[2020-09-03T11:17:25.814+0000][23984][gc           ] GC(422) Concurrent Cycle
[2020-09-03T11:17:25.814+0000][23984][safepoint    ] Safepoint "G1TryInitiateConcMark", Time since last: 150011200 ns, Reaching safepoint: 210800 ns, At safepoint: 4496400 ns, Total: 4707200 ns
[2020-09-03T11:17:25.814+0000][23984][gc,marking   ] GC(422) Concurrent Clear Claimed Marks
[2020-09-03T11:17:25.815+0000][23984][gc,marking   ] GC(422) Concurrent Clear Claimed Marks 0.395ms
[2020-09-03T11:17:25.815+0000][23984][gc,marking   ] GC(422) Concurrent Scan Root Regions
[2020-09-03T11:17:25.817+0000][23984][gc,marking   ] GC(422) Concurrent Scan Root Regions 2.056ms
[2020-09-03T11:17:25.817+0000][23984][gc,marking   ] GC(422) Concurrent Mark (194.818s)
[2020-09-03T11:17:25.817+0000][23984][gc,marking   ] GC(422) Concurrent Mark From Roots
[2020-09-03T11:17:25.817+0000][23984][gc,task      ] GC(422) Using 2 workers of 2 for marking
[2020-09-03T11:17:25.932+0000][23984][gc,marking   ] GC(422) Concurrent Mark From Roots 115.388ms
[2020-09-03T11:17:25.932+0000][23984][gc,marking   ] GC(422) Concurrent Preclean
[2020-09-03T11:17:25.933+0000][23984][gc,marking   ] GC(422) Concurrent Preclean 0.456ms
[2020-09-03T11:17:25.933+0000][23984][gc,marking   ] GC(422) Concurrent Mark (194.818s, 194.934s) 115.994ms
[2020-09-03T11:17:25.933+0000][23984][gc,start     ] GC(422) Pause Remark
[2020-09-03T11:17:25.939+0000][23984][gc           ] GC(422) Pause Remark 281M->281M(1024M) 5.612ms
[2020-09-03T11:17:25.939+0000][23984][gc,cpu       ] GC(422) User=0.11s Sys=0.00s Real=0.01s
[2020-09-03T11:17:25.939+0000][23984][safepoint    ] Safepoint "G1Concurrent", Time since last: 118672700 ns, Reaching safepoint: 141400 ns, At safepoint: 5792200 ns, Total: 5933600 ns
[2020-09-03T11:17:25.939+0000][23984][gc,marking   ] GC(422) Concurrent Rebuild Remembered Sets
[2020-09-03T11:17:26.019+0000][23984][gc,marking   ] GC(422) Concurrent Rebuild Remembered Sets 80.029ms
[2020-09-03T11:17:26.019+0000][23984][gc,start     ] GC(422) Pause Cleanup
[2020-09-03T11:17:26.019+0000][23984][gc           ] GC(422) Pause Cleanup 351M->351M(1024M) 0.251ms
[2020-09-03T11:17:26.019+0000][23984][gc,cpu       ] GC(422) User=0.00s Sys=0.00s Real=0.00s
[2020-09-03T11:17:26.020+0000][23984][safepoint    ] Safepoint "G1Concurrent", Time since last: 80173700 ns, Reaching safepoint: 126500 ns, At safepoint: 392800 ns, Total: 519300 ns
[2020-09-03T11:17:26.020+0000][23984][gc,marking   ] GC(422) Concurrent Cleanup for Next Mark
[2020-09-03T11:17:26.021+0000][23984][gc,marking   ] GC(422) Concurrent Cleanup for Next Mark 1.278ms
[2020-09-03T11:17:26.021+0000][23984][gc           ] GC(422) Concurrent Cycle 206.723ms
[2020-09-03T11:17:26.102+0000][23984][gc,start     ] GC(423) Pause Young (Concurrent Start) (G1 Humongous Allocation)
[2020-09-03T11:17:26.102+0000][23984][gc,task      ] GC(423) Using 8 workers of 8 for evacuation
[2020-09-03T11:17:26.102+0000][23984][gc,age       ] GC(423) Desired survivor size 33554432 bytes, new threshold 15 (max threshold 15)
[2020-09-03T11:17:26.105+0000][23984][gc,age       ] GC(423) Age table with threshold 15 (max threshold 15)
[2020-09-03T11:17:26.105+0000][23984][gc,age       ] GC(423) - age   1:    1028112 bytes,    1028112 total
[2020-09-03T11:17:26.105+0000][23984][gc,age       ] GC(423) - age   2:      10128 bytes,    1038240 total
[2020-09-03T11:17:26.105+0000][23984][gc,age       ] GC(423) - age   3:        848 bytes,    1039088 total
[2020-09-03T11:17:26.105+0000][23984][gc,age       ] GC(423) - age   4:     144376 bytes,    1183464 total
[2020-09-03T11:17:26.105+0000][23984][gc,age       ] GC(423) - age   5:       1616 bytes,    1185080 total
[2020-09-03T11:17:26.105+0000][23984][gc,age       ] GC(423) - age   6:       1096 bytes,    1186176 total
[2020-09-03T11:17:26.105+0000][23984][gc,age       ] GC(423) - age   7:      92192 bytes,    1278368 total
[2020-09-03T11:17:26.106+0000][23984][gc,age       ] GC(423) - age   8:      67912 bytes,    1346280 total
[2020-09-03T11:17:26.106+0000][23984][gc,age       ] GC(423) - age   9:        416 bytes,    1346696 total
[2020-09-03T11:17:26.106+0000][23984][gc,age       ] GC(423) - age  10:       2104 bytes,    1348800 total
[2020-09-03T11:17:26.106+0000][23984][gc,age       ] GC(423) - age  11:       1920 bytes,    1350720 total
[2020-09-03T11:17:26.106+0000][23984][gc,age       ] GC(423) - age  12:      10280 bytes,    1361000 total
[2020-09-03T11:17:26.106+0000][23984][gc,age       ] GC(423) - age  13:        336 bytes,    1361336 total
[2020-09-03T11:17:26.106+0000][23984][gc,age       ] GC(423) - age  14:        768 bytes,    1362104 total
[2020-09-03T11:17:26.106+0000][23984][gc,age       ] GC(423) - age  15:        448 bytes,    1362552 total
[2020-09-03T11:17:26.106+0000][23984][gc,phases    ] GC(423)   Pre Evacuate Collection Set: 0.4ms
[2020-09-03T11:17:26.106+0000][23984][gc,phases    ] GC(423)   Merge Heap Roots: 0.1ms
[2020-09-03T11:17:26.106+0000][23984][gc,phases    ] GC(423)   Evacuate Collection Set: 1.8ms
[2020-09-03T11:17:26.106+0000][23984][gc,phases    ] GC(423)   Post Evacuate Collection Set: 0.6ms
[2020-09-03T11:17:26.106+0000][23984][gc,phases    ] GC(423)   Other: 0.7ms
[2020-09-03T11:17:26.106+0000][23984][gc,heap      ] GC(423) Eden regions: 33->0(508)
[2020-09-03T11:17:26.106+0000][23984][gc,heap      ] GC(423) Survivor regions: 2->2(64)
[2020-09-03T11:17:26.106+0000][23984][gc,heap      ] GC(423) Old regions: 79->79
[2020-09-03T11:17:26.106+0000][23984][gc,heap      ] GC(423) Archive regions: 0->0
[2020-09-03T11:17:26.106+0000][23984][gc,heap      ] GC(423) Humongous regions: 244->174
[2020-09-03T11:17:26.106+0000][23984][gc,metaspace ] GC(423) Metaspace: 88122K(94080K)->88122K(94080K) NonClass: 76929K(80384K)->76929K(80384K) Class: 11193K(13696K)->11193K(13696K)
[2020-09-03T11:17:26.106+0000][23984][gc           ] GC(423) Pause Young (Concurrent Start) (G1 Humongous Allocation) 357M->253M(1024M) 3.830ms
[2020-09-03T11:17:26.106+0000][23984][gc,cpu       ] GC(423) User=0.00s Sys=0.00s Real=0.00s
[2020-09-03T11:17:26.106+0000][23984][safepoint    ] Safepoint "G1TryInitiateConcMark", Time since last: 82447600 ns, Reaching safepoint: 160400 ns, At safepoint: 3956500 ns, Total: 4116900 ns
[2020-09-03T11:17:26.106+0000][23984][gc           ] GC(424) Concurrent Cycle
[2020-09-03T11:17:26.106+0000][23984][gc,marking   ] GC(424) Concurrent Clear Claimed Marks
[2020-09-03T11:17:26.107+0000][23984][gc,marking   ] GC(424) Concurrent Clear Claimed Marks 0.432ms
[2020-09-03T11:17:26.107+0000][23984][gc,marking   ] GC(424) Concurrent Scan Root Regions
[2020-09-03T11:17:26.108+0000][23984][gc,marking   ] GC(424) Concurrent Scan Root Regions 1.770ms
[2020-09-03T11:17:26.109+0000][23984][gc,marking   ] GC(424) Concurrent Mark (195.110s)
[2020-09-03T11:17:26.109+0000][23984][gc,marking   ] GC(424) Concurrent Mark From Roots
[2020-09-03T11:17:26.109+0000][23984][gc,task      ] GC(424) Using 2 workers of 2 for marking
[2020-09-03T11:17:26.220+0000][23984][gc,marking   ] GC(424) Concurrent Mark From Roots 111.689ms
[2020-09-03T11:17:26.220+0000][23984][gc,marking   ] GC(424) Concurrent Preclean
[2020-09-03T11:17:26.221+0000][23984][gc,marking   ] GC(424) Concurrent Preclean 0.458ms
[2020-09-03T11:17:26.221+0000][23984][gc,marking   ] GC(424) Concurrent Mark (195.110s, 195.222s) 112.293ms
[2020-09-03T11:17:26.221+0000][23984][gc,start     ] GC(424) Pause Remark
[2020-09-03T11:17:26.227+0000][23984][gc           ] GC(424) Pause Remark 270M->270M(1024M) 5.546ms
[2020-09-03T11:17:26.227+0000][23984][gc,cpu       ] GC(424) User=0.00s Sys=0.00s Real=0.01s
[2020-09-03T11:17:26.227+0000][23984][safepoint    ] Safepoint "G1Concurrent", Time since last: 114785700 ns, Reaching safepoint: 142200 ns, At safepoint: 5751200 ns, Total: 5893400 ns
[2020-09-03T11:17:26.227+0000][23984][gc,marking   ] GC(424) Concurrent Rebuild Remembered Sets
[2020-09-03T11:17:26.310+0000][23984][gc,marking   ] GC(424) Concurrent Rebuild Remembered Sets 82.907ms
[2020-09-03T11:17:26.310+0000][23984][gc,start     ] GC(424) Pause Cleanup
[2020-09-03T11:17:26.310+0000][23984][gc           ] GC(424) Pause Cleanup 287M->287M(1024M) 0.286ms
[2020-09-03T11:17:26.310+0000][23984][gc,cpu       ] GC(424) User=0.00s Sys=0.00s Real=0.00s
[2020-09-03T11:17:26.310+0000][23984][safepoint    ] Safepoint "G1Concurrent", Time since last: 83074000 ns, Reaching safepoint: 141800 ns, At safepoint: 451200 ns, Total: 593000 ns
[2020-09-03T11:17:26.310+0000][23984][gc,marking   ] GC(424) Concurrent Cleanup for Next Mark
[2020-09-03T11:17:26.312+0000][23984][gc,marking   ] GC(424) Concurrent Cleanup for Next Mark 1.244ms
[2020-09-03T11:17:26.312+0000][23984][gc           ] GC(424) Concurrent Cycle 205.777ms
[2020-09-03T11:17:26.396+0000][23984][gc,start     ] GC(425) Pause Young (Concurrent Start) (G1 Humongous Allocation)
[2020-09-03T11:17:26.396+0000][23984][gc,task      ] GC(425) Using 8 workers of 8 for evacuation
[2020-09-03T11:17:26.397+0000][23984][gc,age       ] GC(425) Desired survivor size 33554432 bytes, new threshold 15 (max threshold 15)
[2020-09-03T11:17:26.400+0000][23984][gc,age       ] GC(425) Age table with threshold 15 (max threshold 15)
[2020-09-03T11:17:26.400+0000][23984][gc,age       ] GC(425) - age   1:    1845992 bytes,    1845992 total
[2020-09-03T11:17:26.400+0000][23984][gc,age       ] GC(425) - age   2:     404832 bytes,    2250824 total
[2020-09-03T11:17:26.400+0000][23984][gc,age       ] GC(425) - age   3:       9504 bytes,    2260328 total
[2020-09-03T11:17:26.400+0000][23984][gc,age       ] GC(425) - age   4:        600 bytes,    2260928 total
[2020-09-03T11:17:26.400+0000][23984][gc,age       ] GC(425) - age   5:     144216 bytes,    2405144 total
[2020-09-03T11:17:26.400+0000][23984][gc,age       ] GC(425) - age   6:       1296 bytes,    2406440 total
[2020-09-03T11:17:26.400+0000][23984][gc,age       ] GC(425) - age   7:       1096 bytes,    2407536 total
[2020-09-03T11:17:26.400+0000][23984][gc,age       ] GC(425) - age   8:      91632 bytes,    2499168 total
[2020-09-03T11:17:26.400+0000][23984][gc,age       ] GC(425) - age   9:      67880 bytes,    2567048 total
[2020-09-03T11:17:26.400+0000][23984][gc,age       ] GC(425) - age  10:        320 bytes,    2567368 total
[2020-09-03T11:17:26.400+0000][23984][gc,age       ] GC(425) - age  11:       2104 bytes,    2569472 total
[2020-09-03T11:17:26.400+0000][23984][gc,age       ] GC(425) - age  12:       1920 bytes,    2571392 total
[2020-09-03T11:17:26.400+0000][23984][gc,age       ] GC(425) - age  13:      10024 bytes,    2581416 total
[2020-09-03T11:17:26.400+0000][23984][gc,age       ] GC(425) - age  14:        336 bytes,    2581752 total
[2020-09-03T11:17:26.400+0000][23984][gc,age       ] GC(425) - age  15:        768 bytes,    2582520 total
[2020-09-03T11:17:26.401+0000][23984][gc,phases    ] GC(425)   Pre Evacuate Collection Set: 0.4ms
[2020-09-03T11:17:26.401+0000][23984][gc,phases    ] GC(425)   Merge Heap Roots: 0.1ms
[2020-09-03T11:17:26.401+0000][23984][gc,phases    ] GC(425)   Evacuate Collection Set: 2.1ms
[2020-09-03T11:17:26.401+0000][23984][gc,phases    ] GC(425)   Post Evacuate Collection Set: 0.7ms
[2020-09-03T11:17:26.401+0000][23984][gc,phases    ] GC(425)   Other: 0.9ms
[2020-09-03T11:17:26.401+0000][23984][gc,heap      ] GC(425) Eden regions: 24->0(506)
[2020-09-03T11:17:26.401+0000][23984][gc,heap      ] GC(425) Survivor regions: 2->3(64)
[2020-09-03T11:17:26.401+0000][23984][gc,heap      ] GC(425) Old regions: 79->79
[2020-09-03T11:17:26.401+0000][23984][gc,heap      ] GC(425) Archive regions: 0->0
[2020-09-03T11:17:26.401+0000][23984][gc,heap      ] GC(425) Humongous regions: 228->174
[2020-09-03T11:17:26.401+0000][23984][gc,metaspace ] GC(425) Metaspace: 88122K(94080K)->88122K(94080K) NonClass: 76929K(80384K)->76929K(80384K) Class: 11193K(13696K)->11193K(13696K)
[2020-09-03T11:17:26.401+0000][23984][gc           ] GC(425) Pause Young (Concurrent Start) (G1 Humongous Allocation) 331M->255M(1024M) 4.397ms
[2020-09-03T11:17:26.401+0000][23984][gc,cpu       ] GC(425) User=0.00s Sys=0.00s Real=0.01s
[2020-09-03T11:17:26.401+0000][23984][safepoint    ] Safepoint "G1TryInitiateConcMark", Time since last: 85781500 ns, Reaching safepoint: 178500 ns, At safepoint: 4525900 ns, Total: 4704400 ns
[2020-09-03T11:17:26.401+0000][23984][gc           ] GC(426) Concurrent Cycle
[2020-09-03T11:17:26.401+0000][23984][gc,marking   ] GC(426) Concurrent Clear Claimed Marks
[2020-09-03T11:17:26.401+0000][23984][gc,marking   ] GC(426) Concurrent Clear Claimed Marks 0.327ms
[2020-09-03T11:17:26.401+0000][23984][gc,marking   ] GC(426) Concurrent Scan Root Regions
[2020-09-03T11:17:26.404+0000][23984][gc,marking   ] GC(426) Concurrent Scan Root Regions 2.646ms
[2020-09-03T11:17:26.404+0000][23984][gc,marking   ] GC(426) Concurrent Mark (195.405s)
[2020-09-03T11:17:26.404+0000][23984][gc,marking   ] GC(426) Concurrent Mark From Roots
[2020-09-03T11:17:26.404+0000][23984][gc,task      ] GC(426) Using 2 workers of 2 for marking
[2020-09-03T11:17:26.538+0000][23984][gc,marking   ] GC(426) Concurrent Mark From Roots 134.167ms
[2020-09-03T11:17:26.538+0000][23984][gc,marking   ] GC(426) Concurrent Preclean
[2020-09-03T11:17:26.539+0000][23984][gc,marking   ] GC(426) Concurrent Preclean 0.623ms
[2020-09-03T11:17:26.539+0000][23984][gc,marking   ] GC(426) Concurrent Mark (195.405s, 195.540s) 134.937ms
[2020-09-03T11:17:26.539+0000][23984][gc,start     ] GC(426) Pause Remark
[2020-09-03T11:17:26.545+0000][23984][gc           ] GC(426) Pause Remark 286M->286M(1024M) 5.694ms
[2020-09-03T11:17:26.545+0000][23984][gc,cpu       ] GC(426) User=0.11s Sys=0.00s Real=0.01s
[2020-09-03T11:17:26.545+0000][23984][safepoint    ] Safepoint "G1Concurrent", Time since last: 138155600 ns, Reaching safepoint: 131000 ns, At safepoint: 5895500 ns, Total: 6026500 ns
[2020-09-03T11:17:26.545+0000][23984][gc,marking   ] GC(426) Concurrent Rebuild Remembered Sets
[2020-09-03T11:17:26.634+0000][23984][gc,marking   ] GC(426) Concurrent Rebuild Remembered Sets 89.046ms
[2020-09-03T11:17:26.634+0000][23984][gc,start     ] GC(426) Pause Cleanup
[2020-09-03T11:17:26.635+0000][23984][gc           ] GC(426) Pause Cleanup 359M->359M(1024M) 0.319ms
[2020-09-03T11:17:26.635+0000][23984][gc,cpu       ] GC(426) User=0.00s Sys=0.00s Real=0.00s
[2020-09-03T11:17:26.635+0000][23984][safepoint    ] Safepoint "G1Concurrent", Time since last: 89208000 ns, Reaching safepoint: 157000 ns, At safepoint: 454700 ns, Total: 611700 ns
[2020-09-03T11:17:26.635+0000][23984][gc,marking   ] GC(426) Concurrent Cleanup for Next Mark
[2020-09-03T11:17:26.637+0000][23984][gc,marking   ] GC(426) Concurrent Cleanup for Next Mark 1.611ms
[2020-09-03T11:17:26.637+0000][23984][gc           ] GC(426) Concurrent Cycle 235.773ms
[2020-09-03T11:17:27.130+0000][23984][gc,start     ] GC(427) Pause Young (Concurrent Start) (G1 Humongous Allocation)
[2020-09-03T11:17:27.130+0000][23984][gc,task      ] GC(427) Using 8 workers of 8 for evacuation
[2020-09-03T11:17:27.130+0000][23984][gc,age       ] GC(427) Desired survivor size 33554432 bytes, new threshold 15 (max threshold 15)
[2020-09-03T11:17:27.134+0000][23984][gc,age       ] GC(427) Age table with threshold 15 (max threshold 15)
[2020-09-03T11:17:27.134+0000][23984][gc,age       ] GC(427) - age   1:    2707480 bytes,    2707480 total
[2020-09-03T11:17:27.134+0000][23984][gc,age       ] GC(427) - age   2:       2144 bytes,    2709624 total
[2020-09-03T11:17:27.134+0000][23984][gc,age       ] GC(427) - age   3:       1096 bytes,    2710720 total
[2020-09-03T11:17:27.134+0000][23984][gc,age       ] GC(427) - age   4:       6032 bytes,    2716752 total
[2020-09-03T11:17:27.134+0000][23984][gc,age       ] GC(427) - age   5:        504 bytes,    2717256 total
[2020-09-03T11:17:27.134+0000][23984][gc,age       ] GC(427) - age   6:     140144 bytes,    2857400 total
[2020-09-03T11:17:27.134+0000][23984][gc,age       ] GC(427) - age   7:       1296 bytes,    2858696 total
[2020-09-03T11:17:27.134+0000][23984][gc,age       ] GC(427) - age   8:       1096 bytes,    2859792 total
[2020-09-03T11:17:27.134+0000][23984][gc,age       ] GC(427) - age   9:      89056 bytes,    2948848 total
[2020-09-03T11:17:27.134+0000][23984][gc,age       ] GC(427) - age  10:      67816 bytes,    3016664 total
[2020-09-03T11:17:27.134+0000][23984][gc,age       ] GC(427) - age  11:        320 bytes,    3016984 total
[2020-09-03T11:17:27.134+0000][23984][gc,age       ] GC(427) - age  12:       2104 bytes,    3019088 total
[2020-09-03T11:17:27.134+0000][23984][gc,age       ] GC(427) - age  13:       1888 bytes,    3020976 total
[2020-09-03T11:17:27.134+0000][23984][gc,age       ] GC(427) - age  14:       9752 bytes,    3030728 total
[2020-09-03T11:17:27.134+0000][23984][gc,age       ] GC(427) - age  15:        336 bytes,    3031064 total
[2020-09-03T11:17:27.134+0000][23984][gc,phases    ] GC(427)   Pre Evacuate Collection Set: 0.5ms
[2020-09-03T11:17:27.134+0000][23984][gc,phases    ] GC(427)   Merge Heap Roots: 0.1ms
[2020-09-03T11:17:27.134+0000][23984][gc,phases    ] GC(427)   Evacuate Collection Set: 2.0ms
[2020-09-03T11:17:27.134+0000][23984][gc,phases    ] GC(427)   Post Evacuate Collection Set: 0.6ms
[2020-09-03T11:17:27.134+0000][23984][gc,phases    ] GC(427)   Other: 0.8ms
[2020-09-03T11:17:27.134+0000][23984][gc,heap      ] GC(427) Eden regions: 52->0(506)
[2020-09-03T11:17:27.134+0000][23984][gc,heap      ] GC(427) Survivor regions: 3->3(64)
[2020-09-03T11:17:27.134+0000][23984][gc,heap      ] GC(427) Old regions: 79->79
[2020-09-03T11:17:27.134+0000][23984][gc,heap      ] GC(427) Archive regions: 0->0
[2020-09-03T11:17:27.134+0000][23984][gc,heap      ] GC(427) Humongous regions: 254->174
[2020-09-03T11:17:27.134+0000][23984][gc,metaspace ] GC(427) Metaspace: 88257K(94336K)->88257K(94336K) NonClass: 77063K(80640K)->77063K(80640K) Class: 11194K(13696K)->11194K(13696K)
[2020-09-03T11:17:27.135+0000][23984][gc           ] GC(427) Pause Young (Concurrent Start) (G1 Humongous Allocation) 387M->255M(1024M) 4.236ms
[2020-09-03T11:17:27.135+0000][23984][gc,cpu       ] GC(427) User=0.00s Sys=0.00s Real=0.00s
[2020-09-03T11:17:27.135+0000][23984][gc           ] GC(428) Concurrent Cycle
[2020-09-03T11:17:27.135+0000][23984][safepoint    ] Safepoint "G1TryInitiateConcMark", Time since last: 495800800 ns, Reaching safepoint: 145800 ns, At safepoint: 4386300 ns, Total: 4532100 ns
[2020-09-03T11:17:27.135+0000][23984][gc,marking   ] GC(428) Concurrent Clear Claimed Marks
[2020-09-03T11:17:27.135+0000][23984][gc,marking   ] GC(428) Concurrent Clear Claimed Marks 0.457ms
[2020-09-03T11:17:27.135+0000][23984][gc,marking   ] GC(428) Concurrent Scan Root Regions
[2020-09-03T11:17:27.138+0000][23984][gc,marking   ] GC(428) Concurrent Scan Root Regions 2.314ms
[2020-09-03T11:17:27.138+0000][23984][gc,marking   ] GC(428) Concurrent Mark (196.139s)
[2020-09-03T11:17:27.138+0000][23984][gc,marking   ] GC(428) Concurrent Mark From Roots
[2020-09-03T11:17:27.138+0000][23984][gc,task      ] GC(428) Using 2 workers of 2 for marking
[2020-09-03T11:17:27.265+0000][23984][gc,marking   ] GC(428) Concurrent Mark From Roots 127.306ms
[2020-09-03T11:17:27.265+0000][23984][gc,marking   ] GC(428) Concurrent Preclean
[2020-09-03T11:17:27.266+0000][23984][gc,marking   ] GC(428) Concurrent Preclean 0.598ms
[2020-09-03T11:17:27.266+0000][23984][gc,marking   ] GC(428) Concurrent Mark (196.139s, 196.267s) 128.096ms
[2020-09-03T11:17:27.266+0000][23984][gc,start     ] GC(428) Pause Remark
[2020-09-03T11:17:27.274+0000][23984][gc           ] GC(428) Pause Remark 318M->318M(1024M) 7.649ms
[2020-09-03T11:17:27.274+0000][23984][gc,cpu       ] GC(428) User=0.00s Sys=0.00s Real=0.01s
[2020-09-03T11:17:27.274+0000][23984][safepoint    ] Safepoint "G1Concurrent", Time since last: 131187100 ns, Reaching safepoint: 156800 ns, At safepoint: 7891200 ns, Total: 8048000 ns
[2020-09-03T11:17:27.274+0000][23984][gc,marking   ] GC(428) Concurrent Rebuild Remembered Sets
[2020-09-03T11:17:27.359+0000][23984][gc,marking   ] GC(428) Concurrent Rebuild Remembered Sets 85.522ms
[2020-09-03T11:17:27.360+0000][23984][gc,start     ] GC(428) Pause Cleanup
[2020-09-03T11:17:27.360+0000][23984][gc           ] GC(428) Pause Cleanup 387M->387M(1024M) 0.261ms
[2020-09-03T11:17:27.360+0000][23984][gc,cpu       ] GC(428) User=0.00s Sys=0.00s Real=0.00s
[2020-09-03T11:17:27.360+0000][23984][safepoint    ] Safepoint "G1Concurrent", Time since last: 85690000 ns, Reaching safepoint: 154500 ns, At safepoint: 407600 ns, Total: 562100 ns
[2020-09-03T11:17:27.360+0000][23984][gc,marking   ] GC(428) Concurrent Cleanup for Next Mark
[2020-09-03T11:17:27.361+0000][23984][gc,marking   ] GC(428) Concurrent Cleanup for Next Mark 1.151ms
[2020-09-03T11:17:27.361+0000][23984][gc           ] GC(428) Concurrent Cycle 226.795ms
[2020-09-03T11:17:27.456+0000][23984][gc,start     ] GC(429) Pause Young (Concurrent Start) (G1 Humongous Allocation)
[2020-09-03T11:17:27.456+0000][23984][gc,task      ] GC(429) Using 8 workers of 8 for evacuation
[2020-09-03T11:17:27.456+0000][23984][gc,age       ] GC(429) Desired survivor size 33554432 bytes, new threshold 15 (max threshold 15)
[2020-09-03T11:17:27.459+0000][23984][gc,age       ] GC(429) Age table with threshold 15 (max threshold 15)
[2020-09-03T11:17:27.459+0000][23984][gc,age       ] GC(429) - age   1:    1028832 bytes,    1028832 total
[2020-09-03T11:17:27.459+0000][23984][gc,age       ] GC(429) - age   2:      28152 bytes,    1056984 total
[2020-09-03T11:17:27.459+0000][23984][gc,age       ] GC(429) - age   3:       1896 bytes,    1058880 total
[2020-09-03T11:17:27.459+0000][23984][gc,age       ] GC(429) - age   4:        464 bytes,    1059344 total
[2020-09-03T11:17:27.459+0000][23984][gc,age       ] GC(429) - age   5:       5936 bytes,    1065280 total
[2020-09-03T11:17:27.459+0000][23984][gc,age       ] GC(429) - age   6:        472 bytes,    1065752 total
[2020-09-03T11:17:27.459+0000][23984][gc,age       ] GC(429) - age   7:     140144 bytes,    1205896 total
[2020-09-03T11:17:27.459+0000][23984][gc,age       ] GC(429) - age   8:       1296 bytes,    1207192 total
[2020-09-03T11:17:27.459+0000][23984][gc,age       ] GC(429) - age   9:        936 bytes,    1208128 total
[2020-09-03T11:17:27.459+0000][23984][gc,age       ] GC(429) - age  10:      88992 bytes,    1297120 total
[2020-09-03T11:17:27.459+0000][23984][gc,age       ] GC(429) - age  11:      67816 bytes,    1364936 total
[2020-09-03T11:17:27.459+0000][23984][gc,age       ] GC(429) - age  12:        320 bytes,    1365256 total
[2020-09-03T11:17:27.459+0000][23984][gc,age       ] GC(429) - age  13:       2104 bytes,    1367360 total
[2020-09-03T11:17:27.459+0000][23984][gc,age       ] GC(429) - age  14:       1888 bytes,    1369248 total
[2020-09-03T11:17:27.459+0000][23984][gc,age       ] GC(429) - age  15:       9752 bytes,    1379000 total
[2020-09-03T11:17:27.459+0000][23984][gc,phases    ] GC(429)   Pre Evacuate Collection Set: 0.4ms
[2020-09-03T11:17:27.459+0000][23984][gc,phases    ] GC(429)   Merge Heap Roots: 0.1ms
[2020-09-03T11:17:27.459+0000][23984][gc,phases    ] GC(429)   Evacuate Collection Set: 1.9ms
[2020-09-03T11:17:27.459+0000][23984][gc,phases    ] GC(429)   Post Evacuate Collection Set: 0.7ms
[2020-09-03T11:17:27.460+0000][23984][gc,phases    ] GC(429)   Other: 0.6ms
[2020-09-03T11:17:27.460+0000][23984][gc,heap      ] GC(429) Eden regions: 35->0(507)
[2020-09-03T11:17:27.460+0000][23984][gc,heap      ] GC(429) Survivor regions: 3->2(64)
[2020-09-03T11:17:27.460+0000][23984][gc,heap      ] GC(429) Old regions: 79->79
[2020-09-03T11:17:27.460+0000][23984][gc,heap      ] GC(429) Archive regions: 0->0
[2020-09-03T11:17:27.460+0000][23984][gc,heap      ] GC(429) Humongous regions: 278->174
[2020-09-03T11:17:27.460+0000][23984][gc,metaspace ] GC(429) Metaspace: 88257K(94336K)->88257K(94336K) NonClass: 77063K(80640K)->77063K(80640K) Class: 11194K(13696K)->11194K(13696K)
[2020-09-03T11:17:27.460+0000][23984][gc           ] GC(429) Pause Young (Concurrent Start) (G1 Humongous Allocation) 394M->254M(1024M) 3.925ms
[2020-09-03T11:17:27.460+0000][23984][gc,cpu       ] GC(429) User=0.00s Sys=0.00s Real=0.00s
[2020-09-03T11:17:27.460+0000][23984][safepoint    ] Safepoint "G1TryInitiateConcMark", Time since last: 95569900 ns, Reaching safepoint: 118200 ns, At safepoint: 4041100 ns, Total: 4159300 ns
[2020-09-03T11:17:27.460+0000][23984][gc           ] GC(430) Concurrent Cycle
[2020-09-03T11:17:27.460+0000][23984][gc,marking   ] GC(430) Concurrent Clear Claimed Marks
[2020-09-03T11:17:27.460+0000][23984][gc,marking   ] GC(430) Concurrent Clear Claimed Marks 0.290ms
[2020-09-03T11:17:27.460+0000][23984][gc,marking   ] GC(430) Concurrent Scan Root Regions
[2020-09-03T11:17:27.462+0000][23984][gc,marking   ] GC(430) Concurrent Scan Root Regions 1.400ms
[2020-09-03T11:17:27.462+0000][23984][gc,marking   ] GC(430) Concurrent Mark (196.463s)
[2020-09-03T11:17:27.462+0000][23984][gc,marking   ] GC(430) Concurrent Mark From Roots
[2020-09-03T11:17:27.462+0000][23984][gc,task      ] GC(430) Using 2 workers of 2 for marking
[2020-09-03T11:17:27.549+0000][23984][gc,marking   ] GC(430) Concurrent Mark From Roots 87.426ms
[2020-09-03T11:17:27.549+0000][23984][gc,marking   ] GC(430) Concurrent Preclean
[2020-09-03T11:17:27.550+0000][23984][gc,marking   ] GC(430) Concurrent Preclean 0.542ms
[2020-09-03T11:17:27.550+0000][23984][gc,marking   ] GC(430) Concurrent Mark (196.463s, 196.552s) 88.119ms
[2020-09-03T11:17:27.550+0000][23984][gc,start     ] GC(430) Pause Remark
[2020-09-03T11:17:27.555+0000][23984][gc           ] GC(430) Pause Remark 270M->270M(1024M) 5.457ms
[2020-09-03T11:17:27.555+0000][23984][gc,cpu       ] GC(430) User=0.00s Sys=0.00s Real=0.01s
[2020-09-03T11:17:27.556+0000][23984][safepoint    ] Safepoint "G1Concurrent", Time since last: 90028300 ns, Reaching safepoint: 137100 ns, At safepoint: 5657500 ns, Total: 5794600 ns
[2020-09-03T11:17:27.556+0000][23984][gc,marking   ] GC(430) Concurrent Rebuild Remembered Sets
[2020-09-03T11:17:27.621+0000][23984][gc,marking   ] GC(430) Concurrent Rebuild Remembered Sets 65.466ms
[2020-09-03T11:17:27.621+0000][23984][gc,start     ] GC(430) Pause Cleanup
[2020-09-03T11:17:27.622+0000][23984][gc           ] GC(430) Pause Cleanup 287M->287M(1024M) 0.227ms
[2020-09-03T11:17:27.622+0000][23984][gc,cpu       ] GC(430) User=0.00s Sys=0.00s Real=0.00s
[2020-09-03T11:17:27.622+0000][23984][safepoint    ] Safepoint "G1Concurrent", Time since last: 65624900 ns, Reaching safepoint: 123000 ns, At safepoint: 341900 ns, Total: 464900 ns
[2020-09-03T11:17:27.622+0000][23984][gc,marking   ] GC(430) Concurrent Cleanup for Next Mark
[2020-09-03T11:17:27.623+0000][23984][gc,marking   ] GC(430) Concurrent Cleanup for Next Mark 1.090ms
[2020-09-03T11:17:27.623+0000][23984][gc           ] GC(430) Concurrent Cycle 163.158ms
[2020-09-03T11:17:27.694+0000][23984][gc,start     ] GC(431) Pause Young (Concurrent Start) (G1 Humongous Allocation)
[2020-09-03T11:17:27.694+0000][23984][gc,task      ] GC(431) Using 8 workers of 8 for evacuation
[2020-09-03T11:17:27.694+0000][23984][gc,age       ] GC(431) Desired survivor size 33554432 bytes, new threshold 15 (max threshold 15)
[2020-09-03T11:17:27.697+0000][23984][gc,age       ] GC(431) Age table with threshold 15 (max threshold 15)
[2020-09-03T11:17:27.697+0000][23984][gc,age       ] GC(431) - age   1:    1850544 bytes,    1850544 total
[2020-09-03T11:17:27.697+0000][23984][gc,age       ] GC(431) - age   2:     404440 bytes,    2254984 total
[2020-09-03T11:17:27.697+0000][23984][gc,age       ] GC(431) - age   3:      24848 bytes,    2279832 total
[2020-09-03T11:17:27.697+0000][23984][gc,age       ] GC(431) - age   4:       1808 bytes,    2281640 total
[2020-09-03T11:17:27.697+0000][23984][gc,age       ] GC(431) - age   5:        368 bytes,    2282008 total
[2020-09-03T11:17:27.697+0000][23984][gc,age       ] GC(431) - age   6:       5744 bytes,    2287752 total
[2020-09-03T11:17:27.697+0000][23984][gc,age       ] GC(431) - age   7:        472 bytes,    2288224 total
[2020-09-03T11:17:27.697+0000][23984][gc,age       ] GC(431) - age   8:     140080 bytes,    2428304 total
[2020-09-03T11:17:27.697+0000][23984][gc,age       ] GC(431) - age   9:       1040 bytes,    2429344 total
[2020-09-03T11:17:27.697+0000][23984][gc,age       ] GC(431) - age  10:        936 bytes,    2430280 total
[2020-09-03T11:17:27.697+0000][23984][gc,age       ] GC(431) - age  11:      88952 bytes,    2519232 total
[2020-09-03T11:17:27.697+0000][23984][gc,age       ] GC(431) - age  12:      67456 bytes,    2586688 total
[2020-09-03T11:17:27.697+0000][23984][gc,age       ] GC(431) - age  13:        256 bytes,    2586944 total
[2020-09-03T11:17:27.697+0000][23984][gc,age       ] GC(431) - age  14:       2040 bytes,    2588984 total
[2020-09-03T11:17:27.697+0000][23984][gc,age       ] GC(431) - age  15:       1888 bytes,    2590872 total
[2020-09-03T11:17:27.697+0000][23984][gc,phases    ] GC(431)   Pre Evacuate Collection Set: 0.3ms
[2020-09-03T11:17:27.697+0000][23984][gc,phases    ] GC(431)   Merge Heap Roots: 0.1ms
[2020-09-03T11:17:27.697+0000][23984][gc,phases    ] GC(431)   Evacuate Collection Set: 1.8ms
[2020-09-03T11:17:27.697+0000][23984][gc,phases    ] GC(431)   Post Evacuate Collection Set: 0.8ms
[2020-09-03T11:17:27.697+0000][23984][gc,phases    ] GC(431)   Other: 0.6ms
[2020-09-03T11:17:27.697+0000][23984][gc,heap      ] GC(431) Eden regions: 23->0(506)
[2020-09-03T11:17:27.697+0000][23984][gc,heap      ] GC(431) Survivor regions: 2->3(64)
[2020-09-03T11:17:27.697+0000][23984][gc,heap      ] GC(431) Old regions: 79->79
[2020-09-03T11:17:27.697+0000][23984][gc,heap      ] GC(431) Archive regions: 0->0
[2020-09-03T11:17:27.697+0000][23984][gc,heap      ] GC(431) Humongous regions: 228->174
[2020-09-03T11:17:27.697+0000][23984][gc,metaspace ] GC(431) Metaspace: 88257K(94336K)->88257K(94336K) NonClass: 77063K(80640K)->77063K(80640K) Class: 11194K(13696K)->11194K(13696K)
[2020-09-03T11:17:27.698+0000][23984][gc           ] GC(431) Pause Young (Concurrent Start) (G1 Humongous Allocation) 331M->255M(1024M) 3.961ms
[2020-09-03T11:17:27.698+0000][23984][gc,cpu       ] GC(431) User=0.00s Sys=0.00s Real=0.00s
[2020-09-03T11:17:27.698+0000][23984][gc           ] GC(432) Concurrent Cycle
[2020-09-03T11:17:27.698+0000][23984][safepoint    ] Safepoint "G1TryInitiateConcMark", Time since last: 71628800 ns, Reaching safepoint: 228700 ns, At safepoint: 4145700 ns, Total: 4374400 ns
[2020-09-03T11:17:27.698+0000][23984][gc,marking   ] GC(432) Concurrent Clear Claimed Marks
[2020-09-03T11:17:27.698+0000][23984][gc,marking   ] GC(432) Concurrent Clear Claimed Marks 0.490ms
[2020-09-03T11:17:27.698+0000][23984][gc,marking   ] GC(432) Concurrent Scan Root Regions
[2020-09-03T11:17:27.700+0000][23984][gc,marking   ] GC(432) Concurrent Scan Root Regions 2.110ms
[2020-09-03T11:17:27.700+0000][23984][gc,marking   ] GC(432) Concurrent Mark (196.702s)
[2020-09-03T11:17:27.700+0000][23984][gc,marking   ] GC(432) Concurrent Mark From Roots
[2020-09-03T11:17:27.700+0000][23984][gc,task      ] GC(432) Using 2 workers of 2 for marking
[2020-09-03T11:17:27.817+0000][23984][gc,marking   ] GC(432) Concurrent Mark From Roots 116.150ms
[2020-09-03T11:17:27.817+0000][23984][gc,marking   ] GC(432) Concurrent Preclean
[2020-09-03T11:17:27.817+0000][23984][gc,marking   ] GC(432) Concurrent Preclean 0.683ms
[2020-09-03T11:17:27.817+0000][23984][gc,marking   ] GC(432) Concurrent Mark (196.702s, 196.819s) 116.992ms
[2020-09-03T11:17:27.818+0000][23984][gc,start     ] GC(432) Pause Remark
[2020-09-03T11:17:27.823+0000][23984][gc           ] GC(432) Pause Remark 357M->357M(1024M) 5.695ms
[2020-09-03T11:17:27.823+0000][23984][gc,cpu       ] GC(432) User=0.00s Sys=0.00s Real=0.00s
[2020-09-03T11:17:27.823+0000][23984][safepoint    ] Safepoint "G1Concurrent", Time since last: 119786000 ns, Reaching safepoint: 155000 ns, At safepoint: 5891400 ns, Total: 6046400 ns
[2020-09-03T11:17:27.824+0000][23984][gc,marking   ] GC(432) Concurrent Rebuild Remembered Sets
[2020-09-03T11:17:27.896+0000][23984][gc,marking   ] GC(432) Concurrent Rebuild Remembered Sets 72.520ms
[2020-09-03T11:17:27.896+0000][23984][gc,start     ] GC(432) Pause Cleanup
[2020-09-03T11:17:27.897+0000][23984][gc           ] GC(432) Pause Cleanup 360M->360M(1024M) 0.286ms
[2020-09-03T11:17:27.897+0000][23984][gc,cpu       ] GC(432) User=0.00s Sys=0.00s Real=0.00s
[2020-09-03T11:17:27.897+0000][23984][safepoint    ] Safepoint "G1Concurrent", Time since last: 72686900 ns, Reaching safepoint: 129300 ns, At safepoint: 441500 ns, Total: 570800 ns
[2020-09-03T11:17:27.897+0000][23984][gc,marking   ] GC(432) Concurrent Cleanup for Next Mark
[2020-09-03T11:17:27.898+0000][23984][gc,marking   ] GC(432) Concurrent Cleanup for Next Mark 1.278ms
[2020-09-03T11:17:27.898+0000][23984][gc           ] GC(432) Concurrent Cycle 200.578ms
[2020-09-03T11:17:28.068+0000][23984][gc,start     ] GC(433) Pause Young (Concurrent Start) (G1 Humongous Allocation)
[2020-09-03T11:17:28.068+0000][23984][gc,task      ] GC(433) Using 8 workers of 8 for evacuation
[2020-09-03T11:17:28.068+0000][23984][gc,age       ] GC(433) Desired survivor size 33554432 bytes, new threshold 15 (max threshold 15)
[2020-09-03T11:17:28.072+0000][23984][gc,age       ] GC(433) Age table with threshold 15 (max threshold 15)
[2020-09-03T11:17:28.072+0000][23984][gc,age       ] GC(433) - age   1:    2693136 bytes,    2693136 total
[2020-09-03T11:17:28.072+0000][23984][gc,age       ] GC(433) - age   2:       3352 bytes,    2696488 total
[2020-09-03T11:17:28.072+0000][23984][gc,age       ] GC(433) - age   3:       2192 bytes,    2698680 total
[2020-09-03T11:17:28.072+0000][23984][gc,age       ] GC(433) - age   4:      17952 bytes,    2716632 total
[2020-09-03T11:17:28.072+0000][23984][gc,age       ] GC(433) - age   5:       1552 bytes,    2718184 total
[2020-09-03T11:17:28.072+0000][23984][gc,age       ] GC(433) - age   6:        216 bytes,    2718400 total
[2020-09-03T11:17:28.072+0000][23984][gc,age       ] GC(433) - age   7:       5712 bytes,    2724112 total
[2020-09-03T11:17:28.072+0000][23984][gc,age       ] GC(433) - age   8:        472 bytes,    2724584 total
[2020-09-03T11:17:28.072+0000][23984][gc,age       ] GC(433) - age   9:     140048 bytes,    2864632 total
[2020-09-03T11:17:28.072+0000][23984][gc,age       ] GC(433) - age  10:        976 bytes,    2865608 total
[2020-09-03T11:17:28.072+0000][23984][gc,age       ] GC(433) - age  11:        936 bytes,    2866544 total
[2020-09-03T11:17:28.072+0000][23984][gc,age       ] GC(433) - age  12:      86560 bytes,    2953104 total
[2020-09-03T11:17:28.072+0000][23984][gc,age       ] GC(433) - age  13:      67336 bytes,    3020440 total
[2020-09-03T11:17:28.072+0000][23984][gc,age       ] GC(433) - age  14:        128 bytes,    3020568 total
[2020-09-03T11:17:28.072+0000][23984][gc,age       ] GC(433) - age  15:       2040 bytes,    3022608 total
[2020-09-03T11:17:28.072+0000][23984][gc,phases    ] GC(433)   Pre Evacuate Collection Set: 0.4ms
[2020-09-03T11:17:28.072+0000][23984][gc,phases    ] GC(433)   Merge Heap Roots: 0.1ms
[2020-09-03T11:17:28.072+0000][23984][gc,phases    ] GC(433)   Evacuate Collection Set: 2.2ms
[2020-09-03T11:17:28.072+0000][23984][gc,phases    ] GC(433)   Post Evacuate Collection Set: 0.9ms
[2020-09-03T11:17:28.072+0000][23984][gc,phases    ] GC(433)   Other: 0.9ms
[2020-09-03T11:17:28.072+0000][23984][gc,heap      ] GC(433) Eden regions: 42->0(506)
[2020-09-03T11:17:28.072+0000][23984][gc,heap      ] GC(433) Survivor regions: 3->3(64)
[2020-09-03T11:17:28.072+0000][23984][gc,heap      ] GC(433) Old regions: 79->79
[2020-09-03T11:17:28.072+0000][23984][gc,heap      ] GC(433) Archive regions: 0->0
[2020-09-03T11:17:28.072+0000][23984][gc,heap      ] GC(433) Humongous regions: 254->174
[2020-09-03T11:17:28.072+0000][23984][gc,metaspace ] GC(433) Metaspace: 88260K(94336K)->88260K(94336K) NonClass: 77066K(80640K)->77066K(80640K) Class: 11194K(13696K)->11194K(13696K)
[2020-09-03T11:17:28.073+0000][23984][gc           ] GC(433) Pause Young (Concurrent Start) (G1 Humongous Allocation) 377M->255M(1024M) 4.836ms
[2020-09-03T11:17:28.073+0000][23984][gc,cpu       ] GC(433) User=0.00s Sys=0.00s Real=0.00s
[2020-09-03T11:17:28.073+0000][23984][gc           ] GC(434) Concurrent Cycle
[2020-09-03T11:17:28.073+0000][23984][safepoint    ] Safepoint "G1TryInitiateConcMark", Time since last: 170753000 ns, Reaching safepoint: 195800 ns, At safepoint: 5045800 ns, Total: 5241600 ns
[2020-09-03T11:17:28.073+0000][23984][gc,marking   ] GC(434) Concurrent Clear Claimed Marks
[2020-09-03T11:17:28.073+0000][23984][gc,marking   ] GC(434) Concurrent Clear Claimed Marks 0.427ms
[2020-09-03T11:17:28.073+0000][23984][gc,marking   ] GC(434) Concurrent Scan Root Regions
[2020-09-03T11:17:28.075+0000][23984][gc,marking   ] GC(434) Concurrent Scan Root Regions 1.973ms
[2020-09-03T11:17:28.075+0000][23984][gc,marking   ] GC(434) Concurrent Mark (197.077s)
[2020-09-03T11:17:28.075+0000][23984][gc,marking   ] GC(434) Concurrent Mark From Roots
[2020-09-03T11:17:28.075+0000][23984][gc,task      ] GC(434) Using 2 workers of 2 for marking
[2020-09-03T11:17:28.196+0000][23984][gc,marking   ] GC(434) Concurrent Mark From Roots 120.364ms
[2020-09-03T11:17:28.196+0000][23984][gc,marking   ] GC(434) Concurrent Preclean
[2020-09-03T11:17:28.196+0000][23984][gc,marking   ] GC(434) Concurrent Preclean 0.427ms
[2020-09-03T11:17:28.196+0000][23984][gc,marking   ] GC(434) Concurrent Mark (197.077s, 197.198s) 120.936ms
[2020-09-03T11:17:28.197+0000][23984][gc,start     ] GC(434) Pause Remark
[2020-09-03T11:17:28.204+0000][23984][gc           ] GC(434) Pause Remark 319M->319M(1024M) 7.284ms
[2020-09-03T11:17:28.204+0000][23984][gc,cpu       ] GC(434) User=0.11s Sys=0.00s Real=0.01s
[2020-09-03T11:17:28.204+0000][23984][safepoint    ] Safepoint "G1Concurrent", Time since last: 123595800 ns, Reaching safepoint: 140100 ns, At safepoint: 7508000 ns, Total: 7648100 ns
[2020-09-03T11:17:28.204+0000][23984][gc,marking   ] GC(434) Concurrent Rebuild Remembered Sets
[2020-09-03T11:17:28.280+0000][23984][gc,marking   ] GC(434) Concurrent Rebuild Remembered Sets 75.915ms
[2020-09-03T11:17:28.280+0000][23984][gc,start     ] GC(434) Pause Cleanup
[2020-09-03T11:17:28.280+0000][23984][gc           ] GC(434) Pause Cleanup 388M->388M(1024M) 0.255ms
[2020-09-03T11:17:28.281+0000][23984][gc,cpu       ] GC(434) User=0.00s Sys=0.00s Real=0.00s
[2020-09-03T11:17:28.281+0000][23984][safepoint    ] Safepoint "G1Concurrent", Time since last: 76075200 ns, Reaching safepoint: 129300 ns, At safepoint: 383500 ns, Total: 512800 ns
[2020-09-03T11:17:28.281+0000][23984][gc,marking   ] GC(434) Concurrent Cleanup for Next Mark
[2020-09-03T11:17:28.282+0000][23984][gc,marking   ] GC(434) Concurrent Cleanup for Next Mark 1.382ms
[2020-09-03T11:17:28.282+0000][23984][gc           ] GC(434) Concurrent Cycle 209.374ms
[2020-09-03T11:17:28.360+0000][23984][gc,start     ] GC(435) Pause Young (Concurrent Start) (G1 Humongous Allocation)
[2020-09-03T11:17:28.360+0000][23984][gc,task      ] GC(435) Using 8 workers of 8 for evacuation
[2020-09-03T11:17:28.360+0000][23984][gc,age       ] GC(435) Desired survivor size 33554432 bytes, new threshold 15 (max threshold 15)
[2020-09-03T11:17:28.363+0000][23984][gc,age       ] GC(435) Age table with threshold 15 (max threshold 15)
[2020-09-03T11:17:28.363+0000][23984][gc,age       ] GC(435) - age   1:    1027872 bytes,    1027872 total
[2020-09-03T11:17:28.363+0000][23984][gc,age       ] GC(435) - age   2:      13752 bytes,    1041624 total
[2020-09-03T11:17:28.363+0000][23984][gc,age       ] GC(435) - age   3:       3352 bytes,    1044976 total
[2020-09-03T11:17:28.363+0000][23984][gc,age       ] GC(435) - age   4:       1488 bytes,    1046464 total
[2020-09-03T11:17:28.363+0000][23984][gc,age       ] GC(435) - age   5:      17856 bytes,    1064320 total
[2020-09-03T11:17:28.363+0000][23984][gc,age       ] GC(435) - age   6:       1520 bytes,    1065840 total
[2020-09-03T11:17:28.363+0000][23984][gc,age       ] GC(435) - age   7:        216 bytes,    1066056 total
[2020-09-03T11:17:28.363+0000][23984][gc,age       ] GC(435) - age   8:       5712 bytes,    1071768 total
[2020-09-03T11:17:28.363+0000][23984][gc,age       ] GC(435) - age   9:        408 bytes,    1072176 total
[2020-09-03T11:17:28.363+0000][23984][gc,age       ] GC(435) - age  10:     140008 bytes,    1212184 total
[2020-09-03T11:17:28.363+0000][23984][gc,age       ] GC(435) - age  11:        872 bytes,    1213056 total
[2020-09-03T11:17:28.363+0000][23984][gc,age       ] GC(435) - age  12:        936 bytes,    1213992 total
[2020-09-03T11:17:28.363+0000][23984][gc,age       ] GC(435) - age  13:      86528 bytes,    1300520 total
[2020-09-03T11:17:28.363+0000][23984][gc,age       ] GC(435) - age  14:      67336 bytes,    1367856 total
[2020-09-03T11:17:28.363+0000][23984][gc,age       ] GC(435) - age  15:        128 bytes,    1367984 total
[2020-09-03T11:17:28.363+0000][23984][gc,phases    ] GC(435)   Pre Evacuate Collection Set: 0.3ms
[2020-09-03T11:17:28.363+0000][23984][gc,phases    ] GC(435)   Merge Heap Roots: 0.1ms
[2020-09-03T11:17:28.363+0000][23984][gc,phases    ] GC(435)   Evacuate Collection Set: 1.6ms
[2020-09-03T11:17:28.363+0000][23984][gc,phases    ] GC(435)   Post Evacuate Collection Set: 0.7ms
[2020-09-03T11:17:28.363+0000][23984][gc,phases    ] GC(435)   Other: 0.6ms
[2020-09-03T11:17:28.363+0000][23984][gc,heap      ] GC(435) Eden regions: 35->0(507)
[2020-09-03T11:17:28.363+0000][23984][gc,heap      ] GC(435) Survivor regions: 3->2(64)
[2020-09-03T11:17:28.363+0000][23984][gc,heap      ] GC(435) Old regions: 79->79
[2020-09-03T11:17:28.363+0000][23984][gc,heap      ] GC(435) Archive regions: 0->0
[2020-09-03T11:17:28.363+0000][23984][gc,heap      ] GC(435) Humongous regions: 278->174
[2020-09-03T11:17:28.363+0000][23984][gc,metaspace ] GC(435) Metaspace: 88260K(94336K)->88260K(94336K) NonClass: 77066K(80640K)->77066K(80640K) Class: 11194K(13696K)->11194K(13696K)
[2020-09-03T11:17:28.363+0000][23984][gc           ] GC(435) Pause Young (Concurrent Start) (G1 Humongous Allocation) 394M->254M(1024M) 3.653ms
[2020-09-03T11:17:28.363+0000][23984][gc,cpu       ] GC(435) User=0.00s Sys=0.00s Real=0.00s
[2020-09-03T11:17:28.363+0000][23984][safepoint    ] Safepoint "G1TryInitiateConcMark", Time since last: 79002600 ns, Reaching safepoint: 135000 ns, At safepoint: 3768900 ns, Total: 3903900 ns
[2020-09-03T11:17:28.364+0000][23984][gc           ] GC(436) Concurrent Cycle
[2020-09-03T11:17:28.364+0000][23984][gc,marking   ] GC(436) Concurrent Clear Claimed Marks
[2020-09-03T11:17:28.364+0000][23984][gc,marking   ] GC(436) Concurrent Clear Claimed Marks 0.448ms
[2020-09-03T11:17:28.364+0000][23984][gc,marking   ] GC(436) Concurrent Scan Root Regions
[2020-09-03T11:17:28.366+0000][23984][gc,marking   ] GC(436) Concurrent Scan Root Regions 1.700ms
[2020-09-03T11:17:28.366+0000][23984][gc,marking   ] GC(436) Concurrent Mark (197.368s)
[2020-09-03T11:17:28.366+0000][23984][gc,marking   ] GC(436) Concurrent Mark From Roots
[2020-09-03T11:17:28.366+0000][23984][gc,task      ] GC(436) Using 2 workers of 2 for marking
[2020-09-03T11:17:28.473+0000][23984][gc,marking   ] GC(436) Concurrent Mark From Roots 107.385ms
[2020-09-03T11:17:28.473+0000][23984][gc,marking   ] GC(436) Concurrent Preclean
[2020-09-03T11:17:28.474+0000][23984][gc,marking   ] GC(436) Concurrent Preclean 0.485ms
[2020-09-03T11:17:28.474+0000][23984][gc,marking   ] GC(436) Concurrent Mark (197.368s, 197.476s) 108.013ms
[2020-09-03T11:17:28.474+0000][23984][gc,start     ] GC(436) Pause Remark
[2020-09-03T11:17:28.479+0000][23984][gc           ] GC(436) Pause Remark 271M->271M(1024M) 5.219ms
[2020-09-03T11:17:28.479+0000][23984][gc,cpu       ] GC(436) User=0.00s Sys=0.00s Real=0.01s
[2020-09-03T11:17:28.479+0000][23984][safepoint    ] Safepoint "G1Concurrent", Time since last: 110435800 ns, Reaching safepoint: 116100 ns, At safepoint: 5405200 ns, Total: 5521300 ns
[2020-09-03T11:17:28.479+0000][23984][gc,marking   ] GC(436) Concurrent Rebuild Remembered Sets
[2020-09-03T11:17:28.542+0000][23984][gc,marking   ] GC(436) Concurrent Rebuild Remembered Sets 62.632ms
[2020-09-03T11:17:28.542+0000][23984][gc,start     ] GC(436) Pause Cleanup
[2020-09-03T11:17:28.543+0000][23984][gc           ] GC(436) Pause Cleanup 287M->287M(1024M) 0.245ms
[2020-09-03T11:17:28.543+0000][23984][gc,cpu       ] GC(436) User=0.00s Sys=0.00s Real=0.00s
[2020-09-03T11:17:28.543+0000][23984][safepoint    ] Safepoint "G1Concurrent", Time since last: 62772500 ns, Reaching safepoint: 127100 ns, At safepoint: 368600 ns, Total: 495700 ns
[2020-09-03T11:17:28.543+0000][23984][gc,marking   ] GC(436) Concurrent Cleanup for Next Mark
[2020-09-03T11:17:28.544+0000][23984][gc,marking   ] GC(436) Concurrent Cleanup for Next Mark 1.408ms
[2020-09-03T11:17:28.544+0000][23984][gc           ] GC(436) Concurrent Cycle 180.740ms
[2020-09-03T11:17:28.613+0000][23984][gc,start     ] GC(437) Pause Young (Concurrent Start) (G1 Humongous Allocation)
[2020-09-03T11:17:28.613+0000][23984][gc,task      ] GC(437) Using 8 workers of 8 for evacuation
[2020-09-03T11:17:28.613+0000][23984][gc,age       ] GC(437) Desired survivor size 33554432 bytes, new threshold 15 (max threshold 15)
[2020-09-03T11:17:28.616+0000][23984][gc,age       ] GC(437) Age table with threshold 15 (max threshold 15)
[2020-09-03T11:17:28.617+0000][23984][gc,age       ] GC(437) - age   1:    1845848 bytes,    1845848 total
[2020-09-03T11:17:28.617+0000][23984][gc,age       ] GC(437) - age   2:     404272 bytes,    2250120 total
[2020-09-03T11:17:28.617+0000][23984][gc,age       ] GC(437) - age   3:      10288 bytes,    2260408 total
[2020-09-03T11:17:28.617+0000][23984][gc,age       ] GC(437) - age   4:       2720 bytes,    2263128 total
[2020-09-03T11:17:28.617+0000][23984][gc,age       ] GC(437) - age   5:       1136 bytes,    2264264 total
[2020-09-03T11:17:28.617+0000][23984][gc,age       ] GC(437) - age   6:      17760 bytes,    2282024 total
[2020-09-03T11:17:28.617+0000][23984][gc,age       ] GC(437) - age   7:       1232 bytes,    2283256 total
[2020-09-03T11:17:28.617+0000][23984][gc,age       ] GC(437) - age   8:        216 bytes,    2283472 total
[2020-09-03T11:17:28.617+0000][23984][gc,age       ] GC(437) - age   9:       5648 bytes,    2289120 total
[2020-09-03T11:17:28.617+0000][23984][gc,age       ] GC(437) - age  10:        408 bytes,    2289528 total
[2020-09-03T11:17:28.617+0000][23984][gc,age       ] GC(437) - age  11:     137616 bytes,    2427144 total
[2020-09-03T11:17:28.617+0000][23984][gc,age       ] GC(437) - age  12:        616 bytes,    2427760 total
[2020-09-03T11:17:28.617+0000][23984][gc,age       ] GC(437) - age  13:        936 bytes,    2428696 total
[2020-09-03T11:17:28.617+0000][23984][gc,age       ] GC(437) - age  14:      86528 bytes,    2515224 total
[2020-09-03T11:17:28.617+0000][23984][gc,age       ] GC(437) - age  15:      67336 bytes,    2582560 total
[2020-09-03T11:17:28.617+0000][23984][gc,phases    ] GC(437)   Pre Evacuate Collection Set: 0.5ms
[2020-09-03T11:17:28.617+0000][23984][gc,phases    ] GC(437)   Merge Heap Roots: 0.1ms
[2020-09-03T11:17:28.617+0000][23984][gc,phases    ] GC(437)   Evacuate Collection Set: 2.1ms
[2020-09-03T11:17:28.617+0000][23984][gc,phases    ] GC(437)   Post Evacuate Collection Set: 0.7ms
[2020-09-03T11:17:28.617+0000][23984][gc,phases    ] GC(437)   Other: 1.1ms
[2020-09-03T11:17:28.617+0000][23984][gc,heap      ] GC(437) Eden regions: 23->0(506)
[2020-09-03T11:17:28.617+0000][23984][gc,heap      ] GC(437) Survivor regions: 2->3(64)
[2020-09-03T11:17:28.617+0000][23984][gc,heap      ] GC(437) Old regions: 79->79
[2020-09-03T11:17:28.617+0000][23984][gc,heap      ] GC(437) Archive regions: 0->0
[2020-09-03T11:17:28.617+0000][23984][gc,heap      ] GC(437) Humongous regions: 228->174
[2020-09-03T11:17:28.617+0000][23984][gc,metaspace ] GC(437) Metaspace: 88262K(94336K)->88262K(94336K) NonClass: 77068K(80640K)->77068K(80640K) Class: 11194K(13696K)->11194K(13696K)
[2020-09-03T11:17:28.617+0000][23984][gc           ] GC(437) Pause Young (Concurrent Start) (G1 Humongous Allocation) 330M->255M(1024M) 4.725ms
[2020-09-03T11:17:28.618+0000][23984][gc,cpu       ] GC(437) User=0.00s Sys=0.00s Real=0.01s
[2020-09-03T11:17:28.618+0000][23984][safepoint    ] Safepoint "G1TryInitiateConcMark", Time since last: 69758100 ns, Reaching safepoint: 180000 ns, At safepoint: 4974600 ns, Total: 5154600 ns
[2020-09-03T11:17:28.618+0000][23984][gc           ] GC(438) Concurrent Cycle
[2020-09-03T11:17:28.618+0000][23984][gc,marking   ] GC(438) Concurrent Clear Claimed Marks
[2020-09-03T11:17:28.618+0000][23984][gc,marking   ] GC(438) Concurrent Clear Claimed Marks 0.278ms
[2020-09-03T11:17:28.618+0000][23984][gc,marking   ] GC(438) Concurrent Scan Root Regions
[2020-09-03T11:17:28.621+0000][23984][gc,marking   ] GC(438) Concurrent Scan Root Regions 2.717ms
[2020-09-03T11:17:28.621+0000][23984][gc,marking   ] GC(438) Concurrent Mark (197.623s)
[2020-09-03T11:17:28.621+0000][23984][gc,marking   ] GC(438) Concurrent Mark From Roots
[2020-09-03T11:17:28.621+0000][23984][gc,task      ] GC(438) Using 2 workers of 2 for marking
[2020-09-03T11:17:28.733+0000][23984][gc,marking   ] GC(438) Concurrent Mark From Roots 112.210ms
[2020-09-03T11:17:28.733+0000][23984][gc,marking   ] GC(438) Concurrent Preclean
[2020-09-03T11:17:28.734+0000][23984][gc,marking   ] GC(438) Concurrent Preclean 0.569ms
[2020-09-03T11:17:28.734+0000][23984][gc,marking   ] GC(438) Concurrent Mark (197.623s, 197.736s) 112.949ms
[2020-09-03T11:17:28.734+0000][23984][gc,start     ] GC(438) Pause Remark
[2020-09-03T11:17:28.739+0000][23984][gc           ] GC(438) Pause Remark 288M->288M(1024M) 5.254ms
[2020-09-03T11:17:28.739+0000][23984][gc,cpu       ] GC(438) User=0.00s Sys=0.00s Real=0.01s
[2020-09-03T11:17:28.739+0000][23984][safepoint    ] Safepoint "G1Concurrent", Time since last: 116213000 ns, Reaching safepoint: 141300 ns, At safepoint: 5445100 ns, Total: 5586400 ns
[2020-09-03T11:17:28.739+0000][23984][gc,marking   ] GC(438) Concurrent Rebuild Remembered Sets
[2020-09-03T11:17:28.819+0000][23984][gc,marking   ] GC(438) Concurrent Rebuild Remembered Sets 79.556ms
[2020-09-03T11:17:28.819+0000][23984][gc,start     ] GC(438) Pause Cleanup
[2020-09-03T11:17:28.820+0000][23984][gc           ] GC(438) Pause Cleanup 359M->359M(1024M) 0.248ms
[2020-09-03T11:17:28.820+0000][23984][gc,cpu       ] GC(438) User=0.00s Sys=0.00s Real=0.00s
[2020-09-03T11:17:28.820+0000][23984][safepoint    ] Safepoint "G1Concurrent", Time since last: 79701700 ns, Reaching safepoint: 141300 ns, At safepoint: 390000 ns, Total: 531300 ns
[2020-09-03T11:17:28.820+0000][23984][gc,marking   ] GC(438) Concurrent Cleanup for Next Mark
[2020-09-03T11:17:28.821+0000][23984][gc,marking   ] GC(438) Concurrent Cleanup for Next Mark 1.437ms
[2020-09-03T11:17:28.821+0000][23984][gc           ] GC(438) Concurrent Cycle 203.620ms
[2020-09-03T11:17:28.912+0000][23984][gc,start     ] GC(439) Pause Young (Concurrent Start) (G1 Humongous Allocation)
[2020-09-03T11:17:28.912+0000][23984][gc,task      ] GC(439) Using 8 workers of 8 for evacuation
[2020-09-03T11:17:28.912+0000][23984][gc,age       ] GC(439) Desired survivor size 33554432 bytes, new threshold 15 (max threshold 15)
[2020-09-03T11:17:28.916+0000][23984][gc,age       ] GC(439) Age table with threshold 15 (max threshold 15)
[2020-09-03T11:17:28.916+0000][23984][gc,age       ] GC(439) - age   1:    2990304 bytes,    2990304 total
[2020-09-03T11:17:28.916+0000][23984][gc,age       ] GC(439) - age   2:     107152 bytes,    3097456 total
[2020-09-03T11:17:28.916+0000][23984][gc,age       ] GC(439) - age   3:     404208 bytes,    3501664 total
[2020-09-03T11:17:28.916+0000][23984][gc,age       ] GC(439) - age   4:       6096 bytes,    3507760 total
[2020-09-03T11:17:28.916+0000][23984][gc,age       ] GC(439) - age   5:       2464 bytes,    3510224 total
[2020-09-03T11:17:28.916+0000][23984][gc,age       ] GC(439) - age   6:       1040 bytes,    3511264 total
[2020-09-03T11:17:28.916+0000][23984][gc,age       ] GC(439) - age   7:      15328 bytes,    3526592 total
[2020-09-03T11:17:28.916+0000][23984][gc,age       ] GC(439) - age   8:        872 bytes,    3527464 total
[2020-09-03T11:17:28.916+0000][23984][gc,age       ] GC(439) - age   9:        216 bytes,    3527680 total
[2020-09-03T11:17:28.916+0000][23984][gc,age       ] GC(439) - age  10:       5648 bytes,    3533328 total
[2020-09-03T11:17:28.916+0000][23984][gc,age       ] GC(439) - age  11:        408 bytes,    3533736 total
[2020-09-03T11:17:28.916+0000][23984][gc,age       ] GC(439) - age  12:     137616 bytes,    3671352 total
[2020-09-03T11:17:28.916+0000][23984][gc,age       ] GC(439) - age  13:        552 bytes,    3671904 total
[2020-09-03T11:17:28.916+0000][23984][gc,age       ] GC(439) - age  14:        936 bytes,    3672840 total
[2020-09-03T11:17:28.917+0000][23984][gc,age       ] GC(439) - age  15:      86528 bytes,    3759368 total
[2020-09-03T11:17:28.917+0000][23984][gc,phases    ] GC(439)   Pre Evacuate Collection Set: 0.4ms
[2020-09-03T11:17:28.917+0000][23984][gc,phases    ] GC(439)   Merge Heap Roots: 0.1ms
[2020-09-03T11:17:28.917+0000][23984][gc,phases    ] GC(439)   Evacuate Collection Set: 2.4ms
[2020-09-03T11:17:28.917+0000][23984][gc,phases    ] GC(439)   Post Evacuate Collection Set: 0.7ms
[2020-09-03T11:17:28.917+0000][23984][gc,phases    ] GC(439)   Other: 0.9ms
[2020-09-03T11:17:28.917+0000][23984][gc,heap      ] GC(439) Eden regions: 34->0(505)
[2020-09-03T11:17:28.917+0000][23984][gc,heap      ] GC(439) Survivor regions: 3->4(64)
[2020-09-03T11:17:28.917+0000][23984][gc,heap      ] GC(439) Old regions: 79->79
[2020-09-03T11:17:28.917+0000][23984][gc,heap      ] GC(439) Archive regions: 0->0
[2020-09-03T11:17:28.917+0000][23984][gc,heap      ] GC(439) Humongous regions: 254->174
[2020-09-03T11:17:28.917+0000][23984][gc,metaspace ] GC(439) Metaspace: 88262K(94336K)->88262K(94336K) NonClass: 77068K(80640K)->77068K(80640K) Class: 11194K(13696K)->11194K(13696K)
[2020-09-03T11:17:28.917+0000][23984][gc           ] GC(439) Pause Young (Concurrent Start) (G1 Humongous Allocation) 368M->256M(1024M) 4.757ms
[2020-09-03T11:17:28.917+0000][23984][gc,cpu       ] GC(439) User=0.00s Sys=0.00s Real=0.01s
[2020-09-03T11:17:28.917+0000][23984][gc           ] GC(440) Concurrent Cycle
[2020-09-03T11:17:28.917+0000][23984][safepoint    ] Safepoint "G1TryInitiateConcMark", Time since last: 92426900 ns, Reaching safepoint: 129200 ns, At safepoint: 4910900 ns, Total: 5040100 ns
[2020-09-03T11:17:28.917+0000][23984][gc,marking   ] GC(440) Concurrent Clear Claimed Marks
[2020-09-03T11:17:28.918+0000][23984][gc,marking   ] GC(440) Concurrent Clear Claimed Marks 0.489ms
[2020-09-03T11:17:28.918+0000][23984][gc,marking   ] GC(440) Concurrent Scan Root Regions
[2020-09-03T11:17:28.921+0000][23984][gc,marking   ] GC(440) Concurrent Scan Root Regions 3.016ms
[2020-09-03T11:17:28.921+0000][23984][gc,marking   ] GC(440) Concurrent Mark (197.923s)
[2020-09-03T11:17:28.921+0000][23984][gc,marking   ] GC(440) Concurrent Mark From Roots
[2020-09-03T11:17:28.921+0000][23984][gc,task      ] GC(440) Using 2 workers of 2 for marking
[2020-09-03T11:17:29.046+0000][23984][gc,marking   ] GC(440) Concurrent Mark From Roots 124.800ms
[2020-09-03T11:17:29.046+0000][23984][gc,marking   ] GC(440) Concurrent Preclean
[2020-09-03T11:17:29.046+0000][23984][gc,marking   ] GC(440) Concurrent Preclean 0.506ms
[2020-09-03T11:17:29.046+0000][23984][gc,marking   ] GC(440) Concurrent Mark (197.923s, 198.048s) 125.475ms
[2020-09-03T11:17:29.047+0000][23984][gc,start     ] GC(440) Pause Remark
[2020-09-03T11:17:29.052+0000][23984][gc           ] GC(440) Pause Remark 322M->322M(1024M) 5.342ms
[2020-09-03T11:17:29.052+0000][23984][gc,cpu       ] GC(440) User=0.00s Sys=0.00s Real=0.01s
[2020-09-03T11:17:29.052+0000][23984][safepoint    ] Safepoint "G1Concurrent", Time since last: 129354100 ns, Reaching safepoint: 153100 ns, At safepoint: 5553200 ns, Total: 5706300 ns
[2020-09-03T11:17:29.052+0000][23984][gc,marking   ] GC(440) Concurrent Rebuild Remembered Sets
[2020-09-03T11:17:29.136+0000][23984][gc,marking   ] GC(440) Concurrent Rebuild Remembered Sets 84.006ms
[2020-09-03T11:17:29.137+0000][23984][gc,start     ] GC(440) Pause Cleanup
[2020-09-03T11:17:29.137+0000][23984][gc           ] GC(440) Pause Cleanup 330M->330M(1024M) 0.336ms
[2020-09-03T11:17:29.137+0000][23984][gc,cpu       ] GC(440) User=0.00s Sys=0.00s Real=0.00s
[2020-09-03T11:17:29.137+0000][23984][safepoint    ] Safepoint "G1Concurrent", Time since last: 84179800 ns, Reaching safepoint: 134200 ns, At safepoint: 489400 ns, Total: 623600 ns
[2020-09-03T11:17:29.137+0000][23984][gc,marking   ] GC(440) Concurrent Cleanup for Next Mark
[2020-09-03T11:17:29.138+0000][23984][gc,marking   ] GC(440) Concurrent Cleanup for Next Mark 1.428ms
[2020-09-03T11:17:29.139+0000][23984][gc           ] GC(440) Concurrent Cycle 221.455ms
[2020-09-03T11:17:29.180+0000][23984][gc,start     ] GC(441) Pause Young (Concurrent Start) (G1 Humongous Allocation)
[2020-09-03T11:17:29.180+0000][23984][gc,task      ] GC(441) Using 8 workers of 8 for evacuation
[2020-09-03T11:17:29.180+0000][23984][gc,age       ] GC(441) Desired survivor size 33554432 bytes, new threshold 15 (max threshold 15)
[2020-09-03T11:17:29.184+0000][23984][gc,age       ] GC(441) Age table with threshold 15 (max threshold 15)
[2020-09-03T11:17:29.184+0000][23984][gc,age       ] GC(441) - age   1:    2692504 bytes,    2692504 total
[2020-09-03T11:17:29.184+0000][23984][gc,age       ] GC(441) - age   2:       2576 bytes,    2695080 total
[2020-09-03T11:17:29.184+0000][23984][gc,age       ] GC(441) - age   3:       2160 bytes,    2697240 total
[2020-09-03T11:17:29.184+0000][23984][gc,age       ] GC(441) - age   4:       1160 bytes,    2698400 total
[2020-09-03T11:17:29.184+0000][23984][gc,age       ] GC(441) - age   5:       4368 bytes,    2702768 total
[2020-09-03T11:17:29.184+0000][23984][gc,age       ] GC(441) - age   6:       2208 bytes,    2704976 total
[2020-09-03T11:17:29.184+0000][23984][gc,age       ] GC(441) - age   7:       1040 bytes,    2706016 total
[2020-09-03T11:17:29.184+0000][23984][gc,age       ] GC(441) - age   8:      15328 bytes,    2721344 total
[2020-09-03T11:17:29.184+0000][23984][gc,age       ] GC(441) - age   9:        872 bytes,    2722216 total
[2020-09-03T11:17:29.184+0000][23984][gc,age       ] GC(441) - age  10:        152 bytes,    2722368 total
[2020-09-03T11:17:29.184+0000][23984][gc,age       ] GC(441) - age  11:       5648 bytes,    2728016 total
[2020-09-03T11:17:29.184+0000][23984][gc,age       ] GC(441) - age  12:        408 bytes,    2728424 total
[2020-09-03T11:17:29.184+0000][23984][gc,age       ] GC(441) - age  13:     137552 bytes,    2865976 total
[2020-09-03T11:17:29.184+0000][23984][gc,age       ] GC(441) - age  14:        552 bytes,    2866528 total
[2020-09-03T11:17:29.184+0000][23984][gc,age       ] GC(441) - age  15:        904 bytes,    2867432 total
[2020-09-03T11:17:29.185+0000][23984][gc,phases    ] GC(441)   Pre Evacuate Collection Set: 0.4ms
[2020-09-03T11:17:29.185+0000][23984][gc,phases    ] GC(441)   Merge Heap Roots: 0.1ms
[2020-09-03T11:17:29.185+0000][23984][gc,phases    ] GC(441)   Evacuate Collection Set: 2.0ms
[2020-09-03T11:17:29.185+0000][23984][gc,phases    ] GC(441)   Post Evacuate Collection Set: 0.8ms
[2020-09-03T11:17:29.185+0000][23984][gc,phases    ] GC(441)   Other: 1.2ms
[2020-09-03T11:17:29.185+0000][23984][gc,heap      ] GC(441) Eden regions: 22->0(505)
[2020-09-03T11:17:29.185+0000][23984][gc,heap      ] GC(441) Survivor regions: 4->3(64)
[2020-09-03T11:17:29.185+0000][23984][gc,heap      ] GC(441) Old regions: 79->79
[2020-09-03T11:17:29.185+0000][23984][gc,heap      ] GC(441) Archive regions: 0->0
[2020-09-03T11:17:29.185+0000][23984][gc,heap      ] GC(441) Humongous regions: 231->174
[2020-09-03T11:17:29.185+0000][23984][gc,metaspace ] GC(441) Metaspace: 88262K(94336K)->88262K(94336K) NonClass: 77068K(80640K)->77068K(80640K) Class: 11194K(13696K)->11194K(13696K)
[2020-09-03T11:17:29.185+0000][23984][gc           ] GC(441) Pause Young (Concurrent Start) (G1 Humongous Allocation) 335M->255M(1024M) 5.006ms
[2020-09-03T11:17:29.185+0000][23984][gc,cpu       ] GC(441) User=0.02s Sys=0.00s Real=0.00s
[2020-09-03T11:17:29.185+0000][23984][safepoint    ] Safepoint "G1TryInitiateConcMark", Time since last: 42916200 ns, Reaching safepoint: 139500 ns, At safepoint: 5140800 ns, Total: 5280300 ns
[2020-09-03T11:17:29.185+0000][23984][gc           ] GC(442) Concurrent Cycle
[2020-09-03T11:17:29.185+0000][23984][gc,marking   ] GC(442) Concurrent Clear Claimed Marks
[2020-09-03T11:17:29.186+0000][23984][gc,marking   ] GC(442) Concurrent Clear Claimed Marks 0.354ms
[2020-09-03T11:17:29.186+0000][23984][gc,marking   ] GC(442) Concurrent Scan Root Regions
[2020-09-03T11:17:29.188+0000][23984][gc,marking   ] GC(442) Concurrent Scan Root Regions 2.088ms
[2020-09-03T11:17:29.188+0000][23984][gc,marking   ] GC(442) Concurrent Mark (198.190s)
[2020-09-03T11:17:29.188+0000][23984][gc,marking   ] GC(442) Concurrent Mark From Roots
[2020-09-03T11:17:29.188+0000][23984][gc,task      ] GC(442) Using 2 workers of 2 for marking
[2020-09-03T11:17:29.318+0000][23984][gc,marking   ] GC(442) Concurrent Mark From Roots 130.094ms
[2020-09-03T11:17:29.318+0000][23984][gc,marking   ] GC(442) Concurrent Preclean
[2020-09-03T11:17:29.319+0000][23984][gc,marking   ] GC(442) Concurrent Preclean 0.757ms
[2020-09-03T11:17:29.319+0000][23984][gc,marking   ] GC(442) Concurrent Mark (198.190s, 198.321s) 131.051ms
[2020-09-03T11:17:29.319+0000][23984][gc,start     ] GC(442) Pause Remark
[2020-09-03T11:17:29.325+0000][23984][gc           ] GC(442) Pause Remark 319M->319M(1024M) 5.878ms
[2020-09-03T11:17:29.325+0000][23984][gc,cpu       ] GC(442) User=0.00s Sys=0.00s Real=0.01s
[2020-09-03T11:17:29.325+0000][23984][safepoint    ] Safepoint "G1Concurrent", Time since last: 133853200 ns, Reaching safepoint: 158300 ns, At safepoint: 6135200 ns, Total: 6293500 ns
[2020-09-03T11:17:29.325+0000][23984][gc,marking   ] GC(442) Concurrent Rebuild Remembered Sets
[2020-09-03T11:17:29.406+0000][23984][gc,marking   ] GC(442) Concurrent Rebuild Remembered Sets 80.883ms
[2020-09-03T11:17:29.407+0000][23984][gc,start     ] GC(442) Pause Cleanup
[2020-09-03T11:17:29.407+0000][23984][gc           ] GC(442) Pause Cleanup 388M->388M(1024M) 0.390ms
[2020-09-03T11:17:29.407+0000][23984][gc,cpu       ] GC(442) User=0.00s Sys=0.00s Real=0.00s
[2020-09-03T11:17:29.407+0000][23984][safepoint    ] Safepoint "G1Concurrent", Time since last: 81075500 ns, Reaching safepoint: 164400 ns, At safepoint: 592000 ns, Total: 756400 ns
[2020-09-03T11:17:29.407+0000][23984][gc,marking   ] GC(442) Concurrent Cleanup for Next Mark
[2020-09-03T11:17:29.409+0000][23984][gc,marking   ] GC(442) Concurrent Cleanup for Next Mark 1.389ms
[2020-09-03T11:17:29.409+0000][23984][gc           ] GC(442) Concurrent Cycle 223.589ms
[2020-09-03T11:17:29.490+0000][23984][gc,start     ] GC(443) Pause Young (Concurrent Start) (G1 Humongous Allocation)
[2020-09-03T11:17:29.490+0000][23984][gc,task      ] GC(443) Using 8 workers of 8 for evacuation
[2020-09-03T11:17:29.490+0000][23984][gc,age       ] GC(443) Desired survivor size 33554432 bytes, new threshold 15 (max threshold 15)
[2020-09-03T11:17:29.493+0000][23984][gc,age       ] GC(443) Age table with threshold 15 (max threshold 15)
[2020-09-03T11:17:29.494+0000][23984][gc,age       ] GC(443) - age   1:    1027952 bytes,    1027952 total
[2020-09-03T11:17:29.494+0000][23984][gc,age       ] GC(443) - age   2:      13376 bytes,    1041328 total
[2020-09-03T11:17:29.494+0000][23984][gc,age       ] GC(443) - age   3:       2416 bytes,    1043744 total
[2020-09-03T11:17:29.494+0000][23984][gc,age       ] GC(443) - age   4:       2032 bytes,    1045776 total
[2020-09-03T11:17:29.494+0000][23984][gc,age       ] GC(443) - age   5:        448 bytes,    1046224 total
[2020-09-03T11:17:29.494+0000][23984][gc,age       ] GC(443) - age   6:       4272 bytes,    1050496 total
[2020-09-03T11:17:29.494+0000][23984][gc,age       ] GC(443) - age   7:       2144 bytes,    1052640 total
[2020-09-03T11:17:29.494+0000][23984][gc,age       ] GC(443) - age   8:        976 bytes,    1053616 total
[2020-09-03T11:17:29.494+0000][23984][gc,age       ] GC(443) - age   9:      15288 bytes,    1068904 total
[2020-09-03T11:17:29.494+0000][23984][gc,age       ] GC(443) - age  10:        800 bytes,    1069704 total
[2020-09-03T11:17:29.494+0000][23984][gc,age       ] GC(443) - age  11:        152 bytes,    1069856 total
[2020-09-03T11:17:29.494+0000][23984][gc,age       ] GC(443) - age  12:       5648 bytes,    1075504 total
[2020-09-03T11:17:29.494+0000][23984][gc,age       ] GC(443) - age  13:        376 bytes,    1075880 total
[2020-09-03T11:17:29.494+0000][23984][gc,age       ] GC(443) - age  14:     137552 bytes,    1213432 total
[2020-09-03T11:17:29.494+0000][23984][gc,age       ] GC(443) - age  15:        520 bytes,    1213952 total
[2020-09-03T11:17:29.494+0000][23984][gc,phases    ] GC(443)   Pre Evacuate Collection Set: 0.4ms
[2020-09-03T11:17:29.494+0000][23984][gc,phases    ] GC(443)   Merge Heap Roots: 0.1ms
[2020-09-03T11:17:29.494+0000][23984][gc,phases    ] GC(443)   Evacuate Collection Set: 1.7ms
[2020-09-03T11:17:29.494+0000][23984][gc,phases    ] GC(443)   Post Evacuate Collection Set: 0.6ms
[2020-09-03T11:17:29.494+0000][23984][gc,phases    ] GC(443)   Other: 0.9ms
[2020-09-03T11:17:29.494+0000][23984][gc,heap      ] GC(443) Eden regions: 35->0(507)
[2020-09-03T11:17:29.494+0000][23984][gc,heap      ] GC(443) Survivor regions: 3->2(64)
[2020-09-03T11:17:29.494+0000][23984][gc,heap      ] GC(443) Old regions: 79->79
[2020-09-03T11:17:29.494+0000][23984][gc,heap      ] GC(443) Archive regions: 0->0
[2020-09-03T11:17:29.494+0000][23984][gc,heap      ] GC(443) Humongous regions: 278->174
[2020-09-03T11:17:29.494+0000][23984][gc,metaspace ] GC(443) Metaspace: 88262K(94336K)->88262K(94336K) NonClass: 77068K(80640K)->77068K(80640K) Class: 11194K(13696K)->11194K(13696K)
[2020-09-03T11:17:29.494+0000][23984][gc           ] GC(443) Pause Young (Concurrent Start) (G1 Humongous Allocation) 394M->254M(1024M) 4.085ms
[2020-09-03T11:17:29.494+0000][23984][gc,cpu       ] GC(443) User=0.00s Sys=0.00s Real=0.00s
[2020-09-03T11:17:29.495+0000][23984][safepoint    ] Safepoint "G1TryInitiateConcMark", Time since last: 83018400 ns, Reaching safepoint: 134900 ns, At safepoint: 4220800 ns, Total: 4355700 ns
[2020-09-03T11:17:29.495+0000][23984][gc           ] GC(444) Concurrent Cycle
[2020-09-03T11:17:29.495+0000][23984][gc,marking   ] GC(444) Concurrent Clear Claimed Marks
[2020-09-03T11:17:29.495+0000][23984][gc,marking   ] GC(444) Concurrent Clear Claimed Marks 0.410ms
[2020-09-03T11:17:29.495+0000][23984][gc,marking   ] GC(444) Concurrent Scan Root Regions
[2020-09-03T11:17:29.497+0000][23984][gc,marking   ] GC(444) Concurrent Scan Root Regions 1.533ms
[2020-09-03T11:17:29.497+0000][23984][gc,marking   ] GC(444) Concurrent Mark (198.499s)
[2020-09-03T11:17:29.497+0000][23984][gc,marking   ] GC(444) Concurrent Mark From Roots
[2020-09-03T11:17:29.497+0000][23984][gc,task      ] GC(444) Using 2 workers of 2 for marking
[2020-09-03T11:17:29.616+0000][23984][gc,marking   ] GC(444) Concurrent Mark From Roots 118.989ms
[2020-09-03T11:17:29.616+0000][23984][gc,marking   ] GC(444) Concurrent Preclean
[2020-09-03T11:17:29.616+0000][23984][gc,marking   ] GC(444) Concurrent Preclean 0.421ms
[2020-09-03T11:17:29.616+0000][23984][gc,marking   ] GC(444) Concurrent Mark (198.499s, 198.618s) 119.534ms
[2020-09-03T11:17:29.616+0000][23984][gc,start     ] GC(444) Pause Remark
[2020-09-03T11:17:29.623+0000][23984][gc           ] GC(444) Pause Remark 271M->271M(1024M) 6.208ms
[2020-09-03T11:17:29.623+0000][23984][gc,cpu       ] GC(444) User=0.06s Sys=0.00s Real=0.01s
[2020-09-03T11:17:29.623+0000][23984][safepoint    ] Safepoint "G1Concurrent", Time since last: 121725800 ns, Reaching safepoint: 136700 ns, At safepoint: 6466400 ns, Total: 6603100 ns
[2020-09-03T11:17:29.623+0000][23984][gc,marking   ] GC(444) Concurrent Rebuild Remembered Sets
[2020-09-03T11:17:29.706+0000][23984][gc,marking   ] GC(444) Concurrent Rebuild Remembered Sets 83.077ms
[2020-09-03T11:17:29.706+0000][23984][gc,start     ] GC(444) Pause Cleanup
[2020-09-03T11:17:29.707+0000][23984][gc           ] GC(444) Pause Cleanup 288M->288M(1024M) 0.362ms
[2020-09-03T11:17:29.707+0000][23984][gc,cpu       ] GC(444) User=0.00s Sys=0.00s Real=0.00s
[2020-09-03T11:17:29.707+0000][23984][safepoint    ] Safepoint "G1Concurrent", Time since last: 83259100 ns, Reaching safepoint: 166000 ns, At safepoint: 527400 ns, Total: 693400 ns
[2020-09-03T11:17:29.707+0000][23984][gc,marking   ] GC(444) Concurrent Cleanup for Next Mark
[2020-09-03T11:17:29.709+0000][23984][gc,marking   ] GC(444) Concurrent Cleanup for Next Mark 1.705ms
[2020-09-03T11:17:29.709+0000][23984][gc           ] GC(444) Concurrent Cycle 214.195ms
[2020-09-03T11:17:29.794+0000][23984][gc,start     ] GC(445) Pause Young (Concurrent Start) (G1 Humongous Allocation)
[2020-09-03T11:17:29.794+0000][23984][gc,task      ] GC(445) Using 8 workers of 8 for evacuation
[2020-09-03T11:17:29.794+0000][23984][gc,age       ] GC(445) Desired survivor size 33554432 bytes, new threshold 15 (max threshold 15)
[2020-09-03T11:17:29.797+0000][23984][gc,age       ] GC(445) Age table with threshold 15 (max threshold 15)
[2020-09-03T11:17:29.797+0000][23984][gc,age       ] GC(445) - age   1:    1847096 bytes,    1847096 total
[2020-09-03T11:17:29.797+0000][23984][gc,age       ] GC(445) - age   2:     404384 bytes,    2251480 total
[2020-09-03T11:17:29.797+0000][23984][gc,age       ] GC(445) - age   3:      12800 bytes,    2264280 total
[2020-09-03T11:17:29.797+0000][23984][gc,age       ] GC(445) - age   4:       2184 bytes,    2266464 total
[2020-09-03T11:17:29.798+0000][23984][gc,age       ] GC(445) - age   5:       1504 bytes,    2267968 total
[2020-09-03T11:17:29.798+0000][23984][gc,age       ] GC(445) - age   6:        256 bytes,    2268224 total
[2020-09-03T11:17:29.798+0000][23984][gc,age       ] GC(445) - age   7:       4080 bytes,    2272304 total
[2020-09-03T11:17:29.798+0000][23984][gc,age       ] GC(445) - age   8:       1728 bytes,    2274032 total
[2020-09-03T11:17:29.798+0000][23984][gc,age       ] GC(445) - age   9:        976 bytes,    2275008 total
[2020-09-03T11:17:29.798+0000][23984][gc,age       ] GC(445) - age  10:      12896 bytes,    2287904 total
[2020-09-03T11:17:29.798+0000][23984][gc,age       ] GC(445) - age  11:        712 bytes,    2288616 total
[2020-09-03T11:17:29.798+0000][23984][gc,age       ] GC(445) - age  12:        152 bytes,    2288768 total
[2020-09-03T11:17:29.798+0000][23984][gc,age       ] GC(445) - age  13:       3016 bytes,    2291784 total
[2020-09-03T11:17:29.798+0000][23984][gc,age       ] GC(445) - age  14:        376 bytes,    2292160 total
[2020-09-03T11:17:29.798+0000][23984][gc,age       ] GC(445) - age  15:     137512 bytes,    2429672 total
[2020-09-03T11:17:29.798+0000][23984][gc,phases    ] GC(445)   Pre Evacuate Collection Set: 0.4ms
[2020-09-03T11:17:29.798+0000][23984][gc,phases    ] GC(445)   Merge Heap Roots: 0.1ms
[2020-09-03T11:17:29.798+0000][23984][gc,phases    ] GC(445)   Evacuate Collection Set: 2.0ms
[2020-09-03T11:17:29.798+0000][23984][gc,phases    ] GC(445)   Post Evacuate Collection Set: 0.6ms
[2020-09-03T11:17:29.798+0000][23984][gc,phases    ] GC(445)   Other: 0.9ms
[2020-09-03T11:17:29.798+0000][23984][gc,heap      ] GC(445) Eden regions: 25->0(506)
[2020-09-03T11:17:29.798+0000][23984][gc,heap      ] GC(445) Survivor regions: 2->3(64)
[2020-09-03T11:17:29.798+0000][23984][gc,heap      ] GC(445) Old regions: 79->79
[2020-09-03T11:17:29.798+0000][23984][gc,heap      ] GC(445) Archive regions: 0->0
[2020-09-03T11:17:29.798+0000][23984][gc,heap      ] GC(445) Humongous regions: 228->174
[2020-09-03T11:17:29.798+0000][23984][gc,metaspace ] GC(445) Metaspace: 88269K(94336K)->88269K(94336K) NonClass: 77075K(80640K)->77075K(80640K) Class: 11194K(13696K)->11194K(13696K)
[2020-09-03T11:17:29.798+0000][23984][gc           ] GC(445) Pause Young (Concurrent Start) (G1 Humongous Allocation) 332M->255M(1024M) 4.326ms
[2020-09-03T11:17:29.798+0000][23984][gc,cpu       ] GC(445) User=0.02s Sys=0.00s Real=0.00s
[2020-09-03T11:17:29.798+0000][23984][safepoint    ] Safepoint "G1TryInitiateConcMark", Time since last: 86931000 ns, Reaching safepoint: 176300 ns, At safepoint: 4493700 ns, Total: 4670000 ns
[2020-09-03T11:17:29.798+0000][23984][gc           ] GC(446) Concurrent Cycle
[2020-09-03T11:17:29.798+0000][23984][gc,marking   ] GC(446) Concurrent Clear Claimed Marks
[2020-09-03T11:17:29.799+0000][23984][gc,marking   ] GC(446) Concurrent Clear Claimed Marks 0.394ms
[2020-09-03T11:17:29.799+0000][23984][gc,marking   ] GC(446) Concurrent Scan Root Regions
[2020-09-03T11:17:29.801+0000][23984][gc,marking   ] GC(446) Concurrent Scan Root Regions 2.365ms
[2020-09-03T11:17:29.801+0000][23984][gc,marking   ] GC(446) Concurrent Mark (198.803s)
[2020-09-03T11:17:29.801+0000][23984][gc,marking   ] GC(446) Concurrent Mark From Roots
[2020-09-03T11:17:29.801+0000][23984][gc,task      ] GC(446) Using 2 workers of 2 for marking
[2020-09-03T11:17:29.924+0000][23984][gc,marking   ] GC(446) Concurrent Mark From Roots 123.022ms
[2020-09-03T11:17:29.924+0000][23984][gc,marking   ] GC(446) Concurrent Preclean
[2020-09-03T11:17:29.925+0000][23984][gc,marking   ] GC(446) Concurrent Preclean 0.511ms
[2020-09-03T11:17:29.925+0000][23984][gc,marking   ] GC(446) Concurrent Mark (198.803s, 198.927s) 123.681ms
[2020-09-03T11:17:29.925+0000][23984][gc,start     ] GC(446) Pause Remark
[2020-09-03T11:17:29.930+0000][23984][gc           ] GC(446) Pause Remark 289M->289M(1024M) 5.107ms
[2020-09-03T11:17:29.931+0000][23984][gc,cpu       ] GC(446) User=0.00s Sys=0.00s Real=0.01s
[2020-09-03T11:17:29.931+0000][23984][safepoint    ] Safepoint "G1Concurrent", Time since last: 126757900 ns, Reaching safepoint: 171700 ns, At safepoint: 5333500 ns, Total: 5505200 ns
[2020-09-03T11:17:29.931+0000][23984][gc,marking   ] GC(446) Concurrent Rebuild Remembered Sets
[2020-09-03T11:17:30.004+0000][23984][gc,marking   ] GC(446) Concurrent Rebuild Remembered Sets 73.102ms
[2020-09-03T11:17:30.004+0000][23984][gc,start     ] GC(446) Pause Cleanup
[2020-09-03T11:17:30.004+0000][23984][gc           ] GC(446) Pause Cleanup 359M->359M(1024M) 0.241ms
[2020-09-03T11:17:30.004+0000][23984][gc,cpu       ] GC(446) User=0.00s Sys=0.00s Real=0.00s
[2020-09-03T11:17:30.004+0000][23984][safepoint    ] Safepoint "G1Concurrent", Time since last: 73251800 ns, Reaching safepoint: 178100 ns, At safepoint: 356900 ns, Total: 535000 ns
[2020-09-03T11:17:30.005+0000][23984][gc,marking   ] GC(446) Concurrent Cleanup for Next Mark
[2020-09-03T11:17:30.006+0000][23984][gc,marking   ] GC(446) Concurrent Cleanup for Next Mark 1.007ms
[2020-09-03T11:17:30.006+0000][23984][gc           ] GC(446) Concurrent Cycle 207.227ms
[2020-09-03T11:17:30.078+0000][23984][gc,start     ] GC(447) Pause Young (Concurrent Start) (G1 Humongous Allocation)
[2020-09-03T11:17:30.079+0000][23984][gc,task      ] GC(447) Using 8 workers of 8 for evacuation
[2020-09-03T11:17:30.079+0000][23984][gc,age       ] GC(447) Desired survivor size 33554432 bytes, new threshold 15 (max threshold 15)
[2020-09-03T11:17:30.082+0000][23984][gc,age       ] GC(447) Age table with threshold 15 (max threshold 15)
[2020-09-03T11:17:30.082+0000][23984][gc,age       ] GC(447) - age   1:    2908176 bytes,    2908176 total
[2020-09-03T11:17:30.082+0000][23984][gc,age       ] GC(447) - age   2:     107944 bytes,    3016120 total
[2020-09-03T11:17:30.082+0000][23984][gc,age       ] GC(447) - age   3:     404320 bytes,    3420440 total
[2020-09-03T11:17:30.082+0000][23984][gc,age       ] GC(447) - age   4:      12384 bytes,    3432824 total
[2020-09-03T11:17:30.082+0000][23984][gc,age       ] GC(447) - age   5:        992 bytes,    3433816 total
[2020-09-03T11:17:30.082+0000][23984][gc,age       ] GC(447) - age   6:       1248 bytes,    3435064 total
[2020-09-03T11:17:30.082+0000][23984][gc,age       ] GC(447) - age   7:        256 bytes,    3435320 total
[2020-09-03T11:17:30.082+0000][23984][gc,age       ] GC(447) - age   8:       1648 bytes,    3436968 total
[2020-09-03T11:17:30.082+0000][23984][gc,age       ] GC(447) - age   9:       1368 bytes,    3438336 total
[2020-09-03T11:17:30.082+0000][23984][gc,age       ] GC(447) - age  10:        976 bytes,    3439312 total
[2020-09-03T11:17:30.082+0000][23984][gc,age       ] GC(447) - age  11:      12896 bytes,    3452208 total
[2020-09-03T11:17:30.082+0000][23984][gc,age       ] GC(447) - age  12:        584 bytes,    3452792 total
[2020-09-03T11:17:30.082+0000][23984][gc,age       ] GC(447) - age  13:        152 bytes,    3452944 total
[2020-09-03T11:17:30.082+0000][23984][gc,age       ] GC(447) - age  14:       3016 bytes,    3455960 total
[2020-09-03T11:17:30.082+0000][23984][gc,age       ] GC(447) - age  15:        376 bytes,    3456336 total
[2020-09-03T11:17:30.082+0000][23984][gc,phases    ] GC(447)   Pre Evacuate Collection Set: 0.4ms
[2020-09-03T11:17:30.083+0000][23984][gc,phases    ] GC(447)   Merge Heap Roots: 0.1ms
[2020-09-03T11:17:30.083+0000][23984][gc,phases    ] GC(447)   Evacuate Collection Set: 1.9ms
[2020-09-03T11:17:30.083+0000][23984][gc,phases    ] GC(447)   Post Evacuate Collection Set: 0.7ms
[2020-09-03T11:17:30.083+0000][23984][gc,phases    ] GC(447)   Other: 1.0ms
[2020-09-03T11:17:30.083+0000][23984][gc,heap      ] GC(447) Eden regions: 37->0(505)
[2020-09-03T11:17:30.083+0000][23984][gc,heap      ] GC(447) Survivor regions: 3->4(64)
[2020-09-03T11:17:30.083+0000][23984][gc,heap      ] GC(447) Old regions: 79->79
[2020-09-03T11:17:30.083+0000][23984][gc,heap      ] GC(447) Archive regions: 0->0
[2020-09-03T11:17:30.083+0000][23984][gc,heap      ] GC(447) Humongous regions: 254->174
[2020-09-03T11:17:30.083+0000][23984][gc,metaspace ] GC(447) Metaspace: 88280K(94336K)->88280K(94336K) NonClass: 77086K(80640K)->77086K(80640K) Class: 11194K(13696K)->11194K(13696K)
[2020-09-03T11:17:30.083+0000][23984][gc           ] GC(447) Pause Young (Concurrent Start) (G1 Humongous Allocation) 371M->256M(1024M) 4.486ms
[2020-09-03T11:17:30.083+0000][23984][gc,cpu       ] GC(447) User=0.00s Sys=0.00s Real=0.00s
[2020-09-03T11:17:30.083+0000][23984][gc           ] GC(448) Concurrent Cycle
[2020-09-03T11:17:30.083+0000][23984][safepoint    ] Safepoint "G1TryInitiateConcMark", Time since last: 73792000 ns, Reaching safepoint: 136300 ns, At safepoint: 4721100 ns, Total: 4857400 ns
[2020-09-03T11:17:30.083+0000][23984][gc,marking   ] GC(448) Concurrent Clear Claimed Marks
[2020-09-03T11:17:30.084+0000][23984][gc,marking   ] GC(448) Concurrent Clear Claimed Marks 0.415ms
[2020-09-03T11:17:30.084+0000][23984][gc,marking   ] GC(448) Concurrent Scan Root Regions
[2020-09-03T11:17:30.086+0000][23984][gc,marking   ] GC(448) Concurrent Scan Root Regions 2.495ms
[2020-09-03T11:17:30.086+0000][23984][gc,marking   ] GC(448) Concurrent Mark (199.088s)
[2020-09-03T11:17:30.086+0000][23984][gc,marking   ] GC(448) Concurrent Mark From Roots
[2020-09-03T11:17:30.086+0000][23984][gc,task      ] GC(448) Using 2 workers of 2 for marking
[2020-09-03T11:17:30.225+0000][23984][gc,marking   ] GC(448) Concurrent Mark From Roots 138.554ms
[2020-09-03T11:17:30.225+0000][23984][gc,marking   ] GC(448) Concurrent Preclean
[2020-09-03T11:17:30.226+0000][23984][gc,marking   ] GC(448) Concurrent Preclean 0.616ms
[2020-09-03T11:17:30.226+0000][23984][gc,marking   ] GC(448) Concurrent Mark (199.088s, 199.227s) 139.326ms
[2020-09-03T11:17:30.226+0000][23984][gc,start     ] GC(448) Pause Remark
[2020-09-03T11:17:30.233+0000][23984][gc           ] GC(448) Pause Remark 323M->323M(1024M) 6.996ms
[2020-09-03T11:17:30.233+0000][23984][gc,cpu       ] GC(448) User=0.09s Sys=0.00s Real=0.01s
[2020-09-03T11:17:30.233+0000][23984][safepoint    ] Safepoint "G1Concurrent", Time since last: 142535500 ns, Reaching safepoint: 185000 ns, At safepoint: 7239900 ns, Total: 7424900 ns
[2020-09-03T11:17:30.233+0000][23984][gc,marking   ] GC(448) Concurrent Rebuild Remembered Sets
[2020-09-03T11:17:30.328+0000][23984][gc,marking   ] GC(448) Concurrent Rebuild Remembered Sets 94.701ms
[2020-09-03T11:17:30.328+0000][23984][gc,start     ] GC(448) Pause Cleanup
[2020-09-03T11:17:30.328+0000][23984][gc           ] GC(448) Pause Cleanup 328M->328M(1024M) 0.264ms
[2020-09-03T11:17:30.328+0000][23984][gc,cpu       ] GC(448) User=0.00s Sys=0.00s Real=0.00s
[2020-09-03T11:17:30.329+0000][23984][safepoint    ] Safepoint "G1Concurrent", Time since last: 94923200 ns, Reaching safepoint: 130000 ns, At safepoint: 418900 ns, Total: 548900 ns
[2020-09-03T11:17:30.329+0000][23984][gc,marking   ] GC(448) Concurrent Cleanup for Next Mark
[2020-09-03T11:17:30.330+0000][23984][gc,marking   ] GC(448) Concurrent Cleanup for Next Mark 1.467ms
[2020-09-03T11:17:30.330+0000][23984][gc           ] GC(448) Concurrent Cycle 247.098ms
[2020-09-03T11:17:30.419+0000][23984][gc,start     ] GC(449) Pause Young (Concurrent Start) (G1 Humongous Allocation)
[2020-09-03T11:17:30.419+0000][23984][gc,task      ] GC(449) Using 8 workers of 8 for evacuation
[2020-09-03T11:17:30.419+0000][23984][gc,age       ] GC(449) Desired survivor size 33554432 bytes, new threshold 15 (max threshold 15)
[2020-09-03T11:17:30.422+0000][23984][gc,age       ] GC(449) Age table with threshold 15 (max threshold 15)
[2020-09-03T11:17:30.422+0000][23984][gc,age       ] GC(449) - age   1:    2692816 bytes,    2692816 total
[2020-09-03T11:17:30.422+0000][23984][gc,age       ] GC(449) - age   2:       9904 bytes,    2702720 total
[2020-09-03T11:17:30.422+0000][23984][gc,age       ] GC(449) - age   3:       3024 bytes,    2705744 total
[2020-09-03T11:17:30.422+0000][23984][gc,age       ] GC(449) - age   4:       1040 bytes,    2706784 total
[2020-09-03T11:17:30.422+0000][23984][gc,age       ] GC(449) - age   5:      10688 bytes,    2717472 total
[2020-09-03T11:17:30.423+0000][23984][gc,age       ] GC(449) - age   6:        928 bytes,    2718400 total
[2020-09-03T11:17:30.423+0000][23984][gc,age       ] GC(449) - age   7:       1056 bytes,    2719456 total
[2020-09-03T11:17:30.423+0000][23984][gc,age       ] GC(449) - age   8:        256 bytes,    2719712 total
[2020-09-03T11:17:30.423+0000][23984][gc,age       ] GC(449) - age   9:       1648 bytes,    2721360 total
[2020-09-03T11:17:30.423+0000][23984][gc,age       ] GC(449) - age  10:       1368 bytes,    2722728 total
[2020-09-03T11:17:30.423+0000][23984][gc,age       ] GC(449) - age  11:        976 bytes,    2723704 total
[2020-09-03T11:17:30.423+0000][23984][gc,age       ] GC(449) - age  12:      12896 bytes,    2736600 total
[2020-09-03T11:17:30.423+0000][23984][gc,age       ] GC(449) - age  13:        424 bytes,    2737024 total
[2020-09-03T11:17:30.423+0000][23984][gc,age       ] GC(449) - age  14:        152 bytes,    2737176 total
[2020-09-03T11:17:30.423+0000][23984][gc,age       ] GC(449) - age  15:       3016 bytes,    2740192 total
[2020-09-03T11:17:30.423+0000][23984][gc,phases    ] GC(449)   Pre Evacuate Collection Set: 0.4ms
[2020-09-03T11:17:30.423+0000][23984][gc,phases    ] GC(449)   Merge Heap Roots: 0.1ms
[2020-09-03T11:17:30.423+0000][23984][gc,phases    ] GC(449)   Evacuate Collection Set: 2.0ms
[2020-09-03T11:17:30.423+0000][23984][gc,phases    ] GC(449)   Post Evacuate Collection Set: 0.7ms
[2020-09-03T11:17:30.423+0000][23984][gc,phases    ] GC(449)   Other: 1.1ms
[2020-09-03T11:17:30.423+0000][23984][gc,heap      ] GC(449) Eden regions: 23->0(505)
[2020-09-03T11:17:30.423+0000][23984][gc,heap      ] GC(449) Survivor regions: 4->3(64)
[2020-09-03T11:17:30.423+0000][23984][gc,heap      ] GC(449) Old regions: 79->79
[2020-09-03T11:17:30.423+0000][23984][gc,heap      ] GC(449) Archive regions: 0->0
[2020-09-03T11:17:30.423+0000][23984][gc,heap      ] GC(449) Humongous regions: 231->174
[2020-09-03T11:17:30.423+0000][23984][gc,metaspace ] GC(449) Metaspace: 88280K(94336K)->88280K(94336K) NonClass: 77086K(80640K)->77086K(80640K) Class: 11194K(13696K)->11194K(13696K)
[2020-09-03T11:17:30.424+0000][23984][gc           ] GC(449) Pause Young (Concurrent Start) (G1 Humongous Allocation) 335M->255M(1024M) 4.848ms
[2020-09-03T11:17:30.424+0000][23984][gc,cpu       ] GC(449) User=0.11s Sys=0.00s Real=0.01s
[2020-09-03T11:17:30.424+0000][23984][gc           ] GC(450) Concurrent Cycle
[2020-09-03T11:17:30.424+0000][23984][safepoint    ] Safepoint "G1TryInitiateConcMark", Time since last: 89961900 ns, Reaching safepoint: 135800 ns, At safepoint: 5087200 ns, Total: 5223000 ns
[2020-09-03T11:17:30.424+0000][23984][gc,marking   ] GC(450) Concurrent Clear Claimed Marks
[2020-09-03T11:17:30.424+0000][23984][gc,marking   ] GC(450) Concurrent Clear Claimed Marks 0.412ms
[2020-09-03T11:17:30.424+0000][23984][gc,marking   ] GC(450) Concurrent Scan Root Regions
[2020-09-03T11:17:30.426+0000][23984][gc,marking   ] GC(450) Concurrent Scan Root Regions 1.940ms
[2020-09-03T11:17:30.426+0000][23984][gc,marking   ] GC(450) Concurrent Mark (199.428s)
[2020-09-03T11:17:30.426+0000][23984][gc,marking   ] GC(450) Concurrent Mark From Roots
[2020-09-03T11:17:30.426+0000][23984][gc,task      ] GC(450) Using 2 workers of 2 for marking
[2020-09-03T11:17:30.569+0000][23984][gc,marking   ] GC(450) Concurrent Mark From Roots 142.192ms
[2020-09-03T11:17:30.569+0000][23984][gc,marking   ] GC(450) Concurrent Preclean
[2020-09-03T11:17:30.569+0000][23984][gc,marking   ] GC(450) Concurrent Preclean 0.571ms
[2020-09-03T11:17:30.569+0000][23984][gc,marking   ] GC(450) Concurrent Mark (199.428s, 199.571s) 142.954ms
[2020-09-03T11:17:30.570+0000][23984][gc,start     ] GC(450) Pause Remark
[2020-09-03T11:17:30.582+0000][23984][gc           ] GC(450) Pause Remark 318M->318M(1024M) 12.737ms
[2020-09-03T11:17:30.582+0000][23984][gc,cpu       ] GC(450) User=0.09s Sys=0.00s Real=0.01s
[2020-09-03T11:17:30.583+0000][23984][safepoint    ] Safepoint "G1Concurrent", Time since last: 145670200 ns, Reaching safepoint: 216200 ns, At safepoint: 13179200 ns, Total: 13395400 ns
[2020-09-03T11:17:30.583+0000][23984][gc,marking   ] GC(450) Concurrent Rebuild Remembered Sets
[2020-09-03T11:17:30.633+0000][23984][safepoint    ] Safepoint "ICBufferFull", Time since last: 49358500 ns, Reaching safepoint: 862100 ns, At safepoint: 29200 ns, Total: 891300 ns
[2020-09-03T11:17:30.679+0000][23984][gc,marking   ] GC(450) Concurrent Rebuild Remembered Sets 95.951ms
[2020-09-03T11:17:30.679+0000][23984][gc,start     ] GC(450) Pause Cleanup
[2020-09-03T11:17:30.679+0000][23984][gc           ] GC(450) Pause Cleanup 388M->388M(1024M) 0.308ms
[2020-09-03T11:17:30.680+0000][23984][gc,cpu       ] GC(450) User=0.00s Sys=0.00s Real=0.00s
[2020-09-03T11:17:30.680+0000][23984][safepoint    ] Safepoint "G1Concurrent", Time since last: 45892700 ns, Reaching safepoint: 160700 ns, At safepoint: 480900 ns, Total: 641600 ns
[2020-09-03T11:17:30.680+0000][23984][gc,marking   ] GC(450) Concurrent Cleanup for Next Mark
[2020-09-03T11:17:30.681+0000][23984][gc,marking   ] GC(450) Concurrent Cleanup for Next Mark 1.606ms
[2020-09-03T11:17:30.681+0000][23984][gc           ] GC(450) Concurrent Cycle 257.661ms
[2020-09-03T11:17:30.817+0000][23984][gc,start     ] GC(451) Pause Young (Concurrent Start) (G1 Humongous Allocation)
[2020-09-03T11:17:30.817+0000][23984][gc,task      ] GC(451) Using 8 workers of 8 for evacuation
[2020-09-03T11:17:30.818+0000][23984][gc,age       ] GC(451) Desired survivor size 33554432 bytes, new threshold 15 (max threshold 15)
[2020-09-03T11:17:30.821+0000][23984][gc,age       ] GC(451) Age table with threshold 15 (max threshold 15)
[2020-09-03T11:17:30.821+0000][23984][gc,age       ] GC(451) - age   1:    1029296 bytes,    1029296 total
[2020-09-03T11:17:30.821+0000][23984][gc,age       ] GC(451) - age   2:      13440 bytes,    1042736 total
[2020-09-03T11:17:30.821+0000][23984][gc,age       ] GC(451) - age   3:       8952 bytes,    1051688 total
[2020-09-03T11:17:30.821+0000][23984][gc,age       ] GC(451) - age   4:       2384 bytes,    1054072 total
[2020-09-03T11:17:30.821+0000][23984][gc,age       ] GC(451) - age   5:        424 bytes,    1054496 total
[2020-09-03T11:17:30.821+0000][23984][gc,age       ] GC(451) - age   6:      10624 bytes,    1065120 total
[2020-09-03T11:17:30.821+0000][23984][gc,age       ] GC(451) - age   7:        896 bytes,    1066016 total
[2020-09-03T11:17:30.821+0000][23984][gc,age       ] GC(451) - age   8:       1056 bytes,    1067072 total
[2020-09-03T11:17:30.821+0000][23984][gc,age       ] GC(451) - age   9:        256 bytes,    1067328 total
[2020-09-03T11:17:30.821+0000][23984][gc,age       ] GC(451) - age  10:       1648 bytes,    1068976 total
[2020-09-03T11:17:30.821+0000][23984][gc,age       ] GC(451) - age  11:       1368 bytes,    1070344 total
[2020-09-03T11:17:30.821+0000][23984][gc,age       ] GC(451) - age  12:        976 bytes,    1071320 total
[2020-09-03T11:17:30.821+0000][23984][gc,age       ] GC(451) - age  13:      12896 bytes,    1084216 total
[2020-09-03T11:17:30.821+0000][23984][gc,age       ] GC(451) - age  14:        360 bytes,    1084576 total
[2020-09-03T11:17:30.821+0000][23984][gc,age       ] GC(451) - age  15:        152 bytes,    1084728 total
[2020-09-03T11:17:30.822+0000][23984][gc,phases    ] GC(451)   Pre Evacuate Collection Set: 0.4ms
[2020-09-03T11:17:30.822+0000][23984][gc,phases    ] GC(451)   Merge Heap Roots: 0.1ms
[2020-09-03T11:17:30.822+0000][23984][gc,phases    ] GC(451)   Evacuate Collection Set: 2.0ms
[2020-09-03T11:17:30.822+0000][23984][gc,phases    ] GC(451)   Post Evacuate Collection Set: 0.7ms
[2020-09-03T11:17:30.822+0000][23984][gc,phases    ] GC(451)   Other: 1.0ms
[2020-09-03T11:17:30.822+0000][23984][gc,heap      ] GC(451) Eden regions: 37->0(507)
[2020-09-03T11:17:30.822+0000][23984][gc,heap      ] GC(451) Survivor regions: 3->2(64)
[2020-09-03T11:17:30.822+0000][23984][gc,heap      ] GC(451) Old regions: 79->79
[2020-09-03T11:17:30.822+0000][23984][gc,heap      ] GC(451) Archive regions: 0->0
[2020-09-03T11:17:30.822+0000][23984][gc,heap      ] GC(451) Humongous regions: 278->174
[2020-09-03T11:17:30.822+0000][23984][gc,metaspace ] GC(451) Metaspace: 88277K(94336K)->88277K(94336K) NonClass: 77083K(80640K)->77083K(80640K) Class: 11193K(13696K)->11193K(13696K)
[2020-09-03T11:17:30.822+0000][23984][gc           ] GC(451) Pause Young (Concurrent Start) (G1 Humongous Allocation) 396M->254M(1024M) 4.622ms
[2020-09-03T11:17:30.822+0000][23984][gc,cpu       ] GC(451) User=0.00s Sys=0.00s Real=0.01s
[2020-09-03T11:17:30.822+0000][23984][gc           ] GC(452) Concurrent Cycle
[2020-09-03T11:17:30.822+0000][23984][safepoint    ] Safepoint "G1TryInitiateConcMark", Time since last: 137639100 ns, Reaching safepoint: 133200 ns, At safepoint: 4784500 ns, Total: 4917700 ns
[2020-09-03T11:17:30.822+0000][23984][gc,marking   ] GC(452) Concurrent Clear Claimed Marks
[2020-09-03T11:17:30.823+0000][23984][gc,marking   ] GC(452) Concurrent Clear Claimed Marks 0.499ms
[2020-09-03T11:17:30.823+0000][23984][gc,marking   ] GC(452) Concurrent Scan Root Regions
[2020-09-03T11:17:30.824+0000][23984][gc,marking   ] GC(452) Concurrent Scan Root Regions 1.572ms
[2020-09-03T11:17:30.824+0000][23984][gc,marking   ] GC(452) Concurrent Mark (199.826s)
[2020-09-03T11:17:30.824+0000][23984][gc,marking   ] GC(452) Concurrent Mark From Roots
[2020-09-03T11:17:30.825+0000][23984][gc,task      ] GC(452) Using 2 workers of 2 for marking
[2020-09-03T11:17:30.979+0000][23984][gc,marking   ] GC(452) Concurrent Mark From Roots 154.836ms
[2020-09-03T11:17:30.979+0000][23984][gc,marking   ] GC(452) Concurrent Preclean
[2020-09-03T11:17:30.980+0000][23984][gc,marking   ] GC(452) Concurrent Preclean 0.629ms
[2020-09-03T11:17:30.980+0000][23984][gc,marking   ] GC(452) Concurrent Mark (199.826s, 199.982s) 155.679ms
[2020-09-03T11:17:30.980+0000][23984][gc,start     ] GC(452) Pause Remark
[2020-09-03T11:17:30.987+0000][23984][gc           ] GC(452) Pause Remark 269M->269M(1024M) 6.622ms
[2020-09-03T11:17:30.987+0000][23984][gc,cpu       ] GC(452) User=0.11s Sys=0.00s Real=0.01s
[2020-09-03T11:17:30.987+0000][23984][safepoint    ] Safepoint "G1Concurrent", Time since last: 158047200 ns, Reaching safepoint: 145100 ns, At safepoint: 6857300 ns, Total: 7002400 ns
[2020-09-03T11:17:30.987+0000][23984][gc,marking   ] GC(452) Concurrent Rebuild Remembered Sets
[2020-09-03T11:17:31.086+0000][23984][gc,marking   ] GC(452) Concurrent Rebuild Remembered Sets 98.768ms
[2020-09-03T11:17:31.086+0000][23984][gc,start     ] GC(452) Pause Cleanup
[2020-09-03T11:17:31.087+0000][23984][gc           ] GC(452) Pause Cleanup 287M->287M(1024M) 0.278ms
[2020-09-03T11:17:31.087+0000][23984][gc,cpu       ] GC(452) User=0.00s Sys=0.00s Real=0.00s
[2020-09-03T11:17:31.087+0000][23984][safepoint    ] Safepoint "G1Concurrent", Time since last: 98947300 ns, Reaching safepoint: 149500 ns, At safepoint: 423300 ns, Total: 572800 ns
[2020-09-03T11:17:31.087+0000][23984][gc,marking   ] GC(452) Concurrent Cleanup for Next Mark
[2020-09-03T11:17:31.088+0000][23984][gc,marking   ] GC(452) Concurrent Cleanup for Next Mark 1.357ms
[2020-09-03T11:17:31.088+0000][23984][gc           ] GC(452) Concurrent Cycle 266.109ms
[2020-09-03T11:17:31.213+0000][23984][gc,start     ] GC(453) Pause Young (Concurrent Start) (G1 Humongous Allocation)
[2020-09-03T11:17:31.213+0000][23984][gc,task      ] GC(453) Using 8 workers of 8 for evacuation
[2020-09-03T11:17:31.213+0000][23984][gc,age       ] GC(453) Desired survivor size 33554432 bytes, new threshold 15 (max threshold 15)
[2020-09-03T11:17:31.217+0000][23984][gc,age       ] GC(453) Age table with threshold 15 (max threshold 15)
[2020-09-03T11:17:31.217+0000][23984][gc,age       ] GC(453) - age   1:    1827920 bytes,    1827920 total
[2020-09-03T11:17:31.217+0000][23984][gc,age       ] GC(453) - age   2:     405504 bytes,    2233424 total
[2020-09-03T11:17:31.217+0000][23984][gc,age       ] GC(453) - age   3:      10504 bytes,    2243928 total
[2020-09-03T11:17:31.217+0000][23984][gc,age       ] GC(453) - age   4:       8552 bytes,    2252480 total
[2020-09-03T11:17:31.217+0000][23984][gc,age       ] GC(453) - age   5:       2296 bytes,    2254776 total
[2020-09-03T11:17:31.217+0000][23984][gc,age       ] GC(453) - age   6:        232 bytes,    2255008 total
[2020-09-03T11:17:31.217+0000][23984][gc,age       ] GC(453) - age   7:      10424 bytes,    2265432 total
[2020-09-03T11:17:31.217+0000][23984][gc,age       ] GC(453) - age   8:        472 bytes,    2265904 total
[2020-09-03T11:17:31.217+0000][23984][gc,age       ] GC(453) - age   9:        960 bytes,    2266864 total
[2020-09-03T11:17:31.217+0000][23984][gc,age       ] GC(453) - age  10:        256 bytes,    2267120 total
[2020-09-03T11:17:31.217+0000][23984][gc,age       ] GC(453) - age  11:       1648 bytes,    2268768 total
[2020-09-03T11:17:31.217+0000][23984][gc,age       ] GC(453) - age  12:       1368 bytes,    2270136 total
[2020-09-03T11:17:31.217+0000][23984][gc,age       ] GC(453) - age  13:        976 bytes,    2271112 total
[2020-09-03T11:17:31.217+0000][23984][gc,age       ] GC(453) - age  14:      12832 bytes,    2283944 total
[2020-09-03T11:17:31.217+0000][23984][gc,age       ] GC(453) - age  15:        360 bytes,    2284304 total
[2020-09-03T11:17:31.217+0000][23984][gc,phases    ] GC(453)   Pre Evacuate Collection Set: 0.4ms
[2020-09-03T11:17:31.217+0000][23984][gc,phases    ] GC(453)   Merge Heap Roots: 0.1ms
[2020-09-03T11:17:31.217+0000][23984][gc,phases    ] GC(453)   Evacuate Collection Set: 2.0ms
[2020-09-03T11:17:31.217+0000][23984][gc,phases    ] GC(453)   Post Evacuate Collection Set: 0.8ms
[2020-09-03T11:17:31.217+0000][23984][gc,phases    ] GC(453)   Other: 0.9ms
[2020-09-03T11:17:31.217+0000][23984][gc,heap      ] GC(453) Eden regions: 23->0(506)
[2020-09-03T11:17:31.217+0000][23984][gc,heap      ] GC(453) Survivor regions: 2->3(64)
[2020-09-03T11:17:31.217+0000][23984][gc,heap      ] GC(453) Old regions: 79->79
[2020-09-03T11:17:31.217+0000][23984][gc,heap      ] GC(453) Archive regions: 0->0
[2020-09-03T11:17:31.217+0000][23984][gc,heap      ] GC(453) Humongous regions: 228->174
[2020-09-03T11:17:31.217+0000][23984][gc,metaspace ] GC(453) Metaspace: 88277K(94336K)->88277K(94336K) NonClass: 77083K(80640K)->77083K(80640K) Class: 11193K(13696K)->11193K(13696K)
[2020-09-03T11:17:31.217+0000][23984][gc           ] GC(453) Pause Young (Concurrent Start) (G1 Humongous Allocation) 331M->255M(1024M) 4.427ms
[2020-09-03T11:17:31.218+0000][23984][gc,cpu       ] GC(453) User=0.05s Sys=0.00s Real=0.00s
[2020-09-03T11:17:31.218+0000][23984][safepoint    ] Safepoint "G1TryInitiateConcMark", Time since last: 126106200 ns, Reaching safepoint: 182100 ns, At safepoint: 4608600 ns, Total: 4790700 ns
[2020-09-03T11:17:31.218+0000][23984][gc           ] GC(454) Concurrent Cycle
[2020-09-03T11:17:31.218+0000][23984][gc,marking   ] GC(454) Concurrent Clear Claimed Marks
[2020-09-03T11:17:31.218+0000][23984][gc,marking   ] GC(454) Concurrent Clear Claimed Marks 0.349ms
[2020-09-03T11:17:31.218+0000][23984][gc,marking   ] GC(454) Concurrent Scan Root Regions
[2020-09-03T11:17:31.220+0000][23984][gc,marking   ] GC(454) Concurrent Scan Root Regions 1.748ms
[2020-09-03T11:17:31.220+0000][23984][gc,marking   ] GC(454) Concurrent Mark (200.222s)
[2020-09-03T11:17:31.220+0000][23984][gc,marking   ] GC(454) Concurrent Mark From Roots
[2020-09-03T11:17:31.220+0000][23984][gc,task      ] GC(454) Using 2 workers of 2 for marking
[2020-09-03T11:17:31.365+0000][23984][gc,marking   ] GC(454) Concurrent Mark From Roots 144.725ms
[2020-09-03T11:17:31.365+0000][23984][gc,marking   ] GC(454) Concurrent Preclean
[2020-09-03T11:17:31.365+0000][23984][gc,marking   ] GC(454) Concurrent Preclean 0.442ms
[2020-09-03T11:17:31.365+0000][23984][gc,marking   ] GC(454) Concurrent Mark (200.222s, 200.367s) 145.322ms
[2020-09-03T11:17:31.366+0000][23984][gc,start     ] GC(454) Pause Remark
[2020-09-03T11:17:31.372+0000][23984][gc           ] GC(454) Pause Remark 286M->286M(1024M) 6.152ms
[2020-09-03T11:17:31.372+0000][23984][gc,cpu       ] GC(454) User=0.00s Sys=0.00s Real=0.01s
[2020-09-03T11:17:31.372+0000][23984][safepoint    ] Safepoint "G1Concurrent", Time since last: 147726200 ns, Reaching safepoint: 164500 ns, At safepoint: 6370700 ns, Total: 6535200 ns
[2020-09-03T11:17:31.372+0000][23984][gc,marking   ] GC(454) Concurrent Rebuild Remembered Sets
[2020-09-03T11:17:31.464+0000][23984][gc,marking   ] GC(454) Concurrent Rebuild Remembered Sets 92.467ms
[2020-09-03T11:17:31.465+0000][23984][gc,start     ] GC(454) Pause Cleanup
[2020-09-03T11:17:31.465+0000][23984][gc           ] GC(454) Pause Cleanup 360M->360M(1024M) 0.262ms
[2020-09-03T11:17:31.465+0000][23984][gc,cpu       ] GC(454) User=0.00s Sys=0.00s Real=0.00s
[2020-09-03T11:17:31.465+0000][23984][safepoint    ] Safepoint "G1Concurrent", Time since last: 92667400 ns, Reaching safepoint: 160800 ns, At safepoint: 407000 ns, Total: 567800 ns
[2020-09-03T11:17:31.465+0000][23984][gc,marking   ] GC(454) Concurrent Cleanup for Next Mark
[2020-09-03T11:17:31.467+0000][23984][gc,marking   ] GC(454) Concurrent Cleanup for Next Mark 1.738ms
[2020-09-03T11:17:31.467+0000][23984][gc           ] GC(454) Concurrent Cycle 249.453ms
[2020-09-03T11:17:31.643+0000][23984][gc,start     ] GC(455) Pause Young (Concurrent Start) (G1 Humongous Allocation)
[2020-09-03T11:17:31.643+0000][23984][gc,task      ] GC(455) Using 8 workers of 8 for evacuation
[2020-09-03T11:17:31.643+0000][23984][gc,age       ] GC(455) Desired survivor size 33554432 bytes, new threshold 15 (max threshold 15)
[2020-09-03T11:17:31.646+0000][23984][gc,age       ] GC(455) Age table with threshold 15 (max threshold 15)
[2020-09-03T11:17:31.646+0000][23984][gc,age       ] GC(455) - age   1:    2707032 bytes,    2707032 total
[2020-09-03T11:17:31.646+0000][23984][gc,age       ] GC(455) - age   2:       1352 bytes,    2708384 total
[2020-09-03T11:17:31.646+0000][23984][gc,age       ] GC(455) - age   3:       1960 bytes,    2710344 total
[2020-09-03T11:17:31.646+0000][23984][gc,age       ] GC(455) - age   4:       8320 bytes,    2718664 total
[2020-09-03T11:17:31.646+0000][23984][gc,age       ] GC(455) - age   5:       8520 bytes,    2727184 total
[2020-09-03T11:17:31.647+0000][23984][gc,age       ] GC(455) - age   6:       1624 bytes,    2728808 total
[2020-09-03T11:17:31.647+0000][23984][gc,age       ] GC(455) - age   7:        232 bytes,    2729040 total
[2020-09-03T11:17:31.647+0000][23984][gc,age       ] GC(455) - age   8:       7968 bytes,    2737008 total
[2020-09-03T11:17:31.647+0000][23984][gc,age       ] GC(455) - age   9:        472 bytes,    2737480 total
[2020-09-03T11:17:31.647+0000][23984][gc,age       ] GC(455) - age  10:        960 bytes,    2738440 total
[2020-09-03T11:17:31.647+0000][23984][gc,age       ] GC(455) - age  11:        256 bytes,    2738696 total
[2020-09-03T11:17:31.647+0000][23984][gc,age       ] GC(455) - age  12:       1648 bytes,    2740344 total
[2020-09-03T11:17:31.647+0000][23984][gc,age       ] GC(455) - age  13:       1368 bytes,    2741712 total
[2020-09-03T11:17:31.647+0000][23984][gc,age       ] GC(455) - age  14:        976 bytes,    2742688 total
[2020-09-03T11:17:31.647+0000][23984][gc,age       ] GC(455) - age  15:      12800 bytes,    2755488 total
[2020-09-03T11:17:31.647+0000][23984][gc,phases    ] GC(455)   Pre Evacuate Collection Set: 0.4ms
[2020-09-03T11:17:31.647+0000][23984][gc,phases    ] GC(455)   Merge Heap Roots: 0.1ms
[2020-09-03T11:17:31.647+0000][23984][gc,phases    ] GC(455)   Evacuate Collection Set: 1.7ms
[2020-09-03T11:17:31.647+0000][23984][gc,phases    ] GC(455)   Post Evacuate Collection Set: 0.7ms
[2020-09-03T11:17:31.647+0000][23984][gc,phases    ] GC(455)   Other: 0.8ms
[2020-09-03T11:17:31.647+0000][23984][gc,heap      ] GC(455) Eden regions: 39->0(506)
[2020-09-03T11:17:31.647+0000][23984][gc,heap      ] GC(455) Survivor regions: 3->3(64)
[2020-09-03T11:17:31.647+0000][23984][gc,heap      ] GC(455) Old regions: 79->79
[2020-09-03T11:17:31.647+0000][23984][gc,heap      ] GC(455) Archive regions: 0->0
[2020-09-03T11:17:31.647+0000][23984][gc,heap      ] GC(455) Humongous regions: 254->174
[2020-09-03T11:17:31.647+0000][23984][gc,metaspace ] GC(455) Metaspace: 88302K(94336K)->88302K(94336K) NonClass: 77108K(80640K)->77108K(80640K) Class: 11194K(13696K)->11194K(13696K)
[2020-09-03T11:17:31.647+0000][23984][gc           ] GC(455) Pause Young (Concurrent Start) (G1 Humongous Allocation) 373M->255M(1024M) 4.035ms
[2020-09-03T11:17:31.647+0000][23984][gc,cpu       ] GC(455) User=0.00s Sys=0.00s Real=0.00s
[2020-09-03T11:17:31.647+0000][23984][safepoint    ] Safepoint "G1TryInitiateConcMark", Time since last: 177972200 ns, Reaching safepoint: 126500 ns, At safepoint: 4160300 ns, Total: 4286800 ns
[2020-09-03T11:17:31.647+0000][23984][gc           ] GC(456) Concurrent Cycle
[2020-09-03T11:17:31.647+0000][23984][gc,marking   ] GC(456) Concurrent Clear Claimed Marks
[2020-09-03T11:17:31.648+0000][23984][gc,marking   ] GC(456) Concurrent Clear Claimed Marks 0.388ms
[2020-09-03T11:17:31.648+0000][23984][gc,marking   ] GC(456) Concurrent Scan Root Regions
[2020-09-03T11:17:31.649+0000][23984][gc,marking   ] GC(456) Concurrent Scan Root Regions 1.374ms
[2020-09-03T11:17:31.649+0000][23984][gc,marking   ] GC(456) Concurrent Mark (200.651s)
[2020-09-03T11:17:31.649+0000][23984][gc,marking   ] GC(456) Concurrent Mark From Roots
[2020-09-03T11:17:31.649+0000][23984][gc,task      ] GC(456) Using 2 workers of 2 for marking
[2020-09-03T11:17:31.779+0000][23984][gc,marking   ] GC(456) Concurrent Mark From Roots 129.811ms
[2020-09-03T11:17:31.779+0000][23984][gc,marking   ] GC(456) Concurrent Preclean
[2020-09-03T11:17:31.780+0000][23984][gc,marking   ] GC(456) Concurrent Preclean 0.495ms
[2020-09-03T11:17:31.780+0000][23984][gc,marking   ] GC(456) Concurrent Mark (200.651s, 200.782s) 130.449ms
[2020-09-03T11:17:31.780+0000][23984][gc,start     ] GC(456) Pause Remark
[2020-09-03T11:17:31.786+0000][23984][gc           ] GC(456) Pause Remark 323M->323M(1024M) 5.425ms
[2020-09-03T11:17:31.786+0000][23984][gc,cpu       ] GC(456) User=0.00s Sys=0.00s Real=0.01s
[2020-09-03T11:17:31.786+0000][23984][safepoint    ] Safepoint "G1Concurrent", Time since last: 132532200 ns, Reaching safepoint: 145800 ns, At safepoint: 5633900 ns, Total: 5779700 ns
[2020-09-03T11:17:31.786+0000][23984][gc,marking   ] GC(456) Concurrent Rebuild Remembered Sets
[2020-09-03T11:17:31.871+0000][23984][gc,marking   ] GC(456) Concurrent Rebuild Remembered Sets 85.543ms
[2020-09-03T11:17:31.872+0000][23984][gc,start     ] GC(456) Pause Cleanup
[2020-09-03T11:17:31.872+0000][23984][gc           ] GC(456) Pause Cleanup 390M->390M(1024M) 0.328ms
[2020-09-03T11:17:31.872+0000][23984][gc,cpu       ] GC(456) User=0.00s Sys=0.00s Real=0.00s
[2020-09-03T11:17:31.872+0000][23984][safepoint    ] Safepoint "G1Concurrent", Time since last: 85750200 ns, Reaching safepoint: 159300 ns, At safepoint: 575200 ns, Total: 734500 ns
[2020-09-03T11:17:31.872+0000][23984][gc,marking   ] GC(456) Concurrent Cleanup for Next Mark
[2020-09-03T11:17:31.874+0000][23984][gc,marking   ] GC(456) Concurrent Cleanup for Next Mark 1.845ms
[2020-09-03T11:17:31.874+0000][23984][gc           ] GC(456) Concurrent Cycle 226.803ms
[2020-09-03T11:17:31.962+0000][23984][gc,start     ] GC(457) Pause Young (Concurrent Start) (G1 Humongous Allocation)
[2020-09-03T11:17:31.962+0000][23984][gc,task      ] GC(457) Using 8 workers of 8 for evacuation
[2020-09-03T11:17:31.962+0000][23984][gc,age       ] GC(457) Desired survivor size 33554432 bytes, new threshold 15 (max threshold 15)
[2020-09-03T11:17:31.965+0000][23984][gc,age       ] GC(457) Age table with threshold 15 (max threshold 15)
[2020-09-03T11:17:31.965+0000][23984][gc,age       ] GC(457) - age   1:    1029168 bytes,    1029168 total
[2020-09-03T11:17:31.965+0000][23984][gc,age       ] GC(457) - age   2:      27776 bytes,    1056944 total
[2020-09-03T11:17:31.965+0000][23984][gc,age       ] GC(457) - age   3:       1024 bytes,    1057968 total
[2020-09-03T11:17:31.965+0000][23984][gc,age       ] GC(457) - age   4:        440 bytes,    1058408 total
[2020-09-03T11:17:31.965+0000][23984][gc,age       ] GC(457) - age   5:       8248 bytes,    1066656 total
[2020-09-03T11:17:31.965+0000][23984][gc,age       ] GC(457) - age   6:       8424 bytes,    1075080 total
[2020-09-03T11:17:31.965+0000][23984][gc,age       ] GC(457) - age   7:       1624 bytes,    1076704 total
[2020-09-03T11:17:31.966+0000][23984][gc,age       ] GC(457) - age   8:        160 bytes,    1076864 total
[2020-09-03T11:17:31.966+0000][23984][gc,age       ] GC(457) - age   9:       7968 bytes,    1084832 total
[2020-09-03T11:17:31.966+0000][23984][gc,age       ] GC(457) - age  10:        408 bytes,    1085240 total
[2020-09-03T11:17:31.966+0000][23984][gc,age       ] GC(457) - age  11:        960 bytes,    1086200 total
[2020-09-03T11:17:31.966+0000][23984][gc,age       ] GC(457) - age  12:        256 bytes,    1086456 total
[2020-09-03T11:17:31.966+0000][23984][gc,age       ] GC(457) - age  13:       1648 bytes,    1088104 total
[2020-09-03T11:17:31.966+0000][23984][gc,age       ] GC(457) - age  14:       1368 bytes,    1089472 total
[2020-09-03T11:17:31.966+0000][23984][gc,age       ] GC(457) - age  15:        976 bytes,    1090448 total
[2020-09-03T11:17:31.966+0000][23984][gc,phases    ] GC(457)   Pre Evacuate Collection Set: 0.4ms
[2020-09-03T11:17:31.966+0000][23984][gc,phases    ] GC(457)   Merge Heap Roots: 0.1ms
[2020-09-03T11:17:31.966+0000][23984][gc,phases    ] GC(457)   Evacuate Collection Set: 1.7ms
[2020-09-03T11:17:31.966+0000][23984][gc,phases    ] GC(457)   Post Evacuate Collection Set: 0.8ms
[2020-09-03T11:17:31.966+0000][23984][gc,phases    ] GC(457)   Other: 1.0ms
[2020-09-03T11:17:31.966+0000][23984][gc,heap      ] GC(457) Eden regions: 37->0(506)
[2020-09-03T11:17:31.966+0000][23984][gc,heap      ] GC(457) Survivor regions: 3->2(64)
[2020-09-03T11:17:31.966+0000][23984][gc,heap      ] GC(457) Old regions: 79->80
[2020-09-03T11:17:31.966+0000][23984][gc,heap      ] GC(457) Archive regions: 0->0
[2020-09-03T11:17:31.966+0000][23984][gc,heap      ] GC(457) Humongous regions: 278->174
[2020-09-03T11:17:31.966+0000][23984][gc,metaspace ] GC(457) Metaspace: 88302K(94336K)->88302K(94336K) NonClass: 77108K(80640K)->77108K(80640K) Class: 11194K(13696K)->11194K(13696K)
[2020-09-03T11:17:31.966+0000][23984][gc           ] GC(457) Pause Young (Concurrent Start) (G1 Humongous Allocation) 396M->254M(1024M) 4.311ms
[2020-09-03T11:17:31.966+0000][23984][gc,cpu       ] GC(457) User=0.00s Sys=0.00s Real=0.00s
[2020-09-03T11:17:31.966+0000][23984][safepoint    ] Safepoint "G1TryInitiateConcMark", Time since last: 89490500 ns, Reaching safepoint: 190900 ns, At safepoint: 4461800 ns, Total: 4652700 ns
[2020-09-03T11:17:31.966+0000][23984][gc           ] GC(458) Concurrent Cycle
[2020-09-03T11:17:31.966+0000][23984][gc,marking   ] GC(458) Concurrent Clear Claimed Marks
[2020-09-03T11:17:31.967+0000][23984][gc,marking   ] GC(458) Concurrent Clear Claimed Marks 0.316ms
[2020-09-03T11:17:31.967+0000][23984][gc,marking   ] GC(458) Concurrent Scan Root Regions
[2020-09-03T11:17:31.969+0000][23984][gc,marking   ] GC(458) Concurrent Scan Root Regions 2.076ms
[2020-09-03T11:17:31.969+0000][23984][gc,marking   ] GC(458) Concurrent Mark (200.971s)
[2020-09-03T11:17:31.969+0000][23984][gc,marking   ] GC(458) Concurrent Mark From Roots
[2020-09-03T11:17:31.969+0000][23984][gc,task      ] GC(458) Using 2 workers of 2 for marking
[2020-09-03T11:17:32.093+0000][23984][gc,marking   ] GC(458) Concurrent Mark From Roots 123.848ms
[2020-09-03T11:17:32.093+0000][23984][gc,marking   ] GC(458) Concurrent Preclean
[2020-09-03T11:17:32.093+0000][23984][gc,marking   ] GC(458) Concurrent Preclean 0.385ms
[2020-09-03T11:17:32.093+0000][23984][gc,marking   ] GC(458) Concurrent Mark (200.971s, 201.095s) 124.376ms
[2020-09-03T11:17:32.094+0000][23984][gc,start     ] GC(458) Pause Remark
[2020-09-03T11:17:32.099+0000][23984][gc           ] GC(458) Pause Remark 271M->271M(1024M) 5.828ms
[2020-09-03T11:17:32.099+0000][23984][gc,cpu       ] GC(458) User=0.00s Sys=0.00s Real=0.00s
[2020-09-03T11:17:32.100+0000][23984][safepoint    ] Safepoint "G1Concurrent", Time since last: 127047700 ns, Reaching safepoint: 132600 ns, At safepoint: 6128000 ns, Total: 6260600 ns
[2020-09-03T11:17:32.100+0000][23984][gc,marking   ] GC(458) Concurrent Rebuild Remembered Sets
[2020-09-03T11:17:32.170+0000][23984][gc,marking   ] GC(458) Concurrent Rebuild Remembered Sets 70.153ms
[2020-09-03T11:17:32.170+0000][23984][gc,start     ] GC(458) Pause Cleanup
[2020-09-03T11:17:32.170+0000][23984][gc           ] GC(458) Pause Cleanup 288M->288M(1024M) 0.247ms
[2020-09-03T11:17:32.170+0000][23984][gc,cpu       ] GC(458) User=0.00s Sys=0.00s Real=0.00s
[2020-09-03T11:17:32.170+0000][23984][safepoint    ] Safepoint "G1Concurrent", Time since last: 70326700 ns, Reaching safepoint: 134400 ns, At safepoint: 405500 ns, Total: 539900 ns
[2020-09-03T11:17:32.171+0000][23984][gc,marking   ] GC(458) Concurrent Cleanup for Next Mark
[2020-09-03T11:17:32.172+0000][23984][gc,marking   ] GC(458) Concurrent Cleanup for Next Mark 1.382ms
[2020-09-03T11:17:32.172+0000][23984][gc           ] GC(458) Concurrent Cycle 205.692ms
[2020-09-03T11:17:32.293+0000][23984][gc,start     ] GC(459) Pause Young (Concurrent Start) (G1 Humongous Allocation)
[2020-09-03T11:17:32.293+0000][23984][gc,task      ] GC(459) Using 8 workers of 8 for evacuation
[2020-09-03T11:17:32.293+0000][23984][gc,age       ] GC(459) Desired survivor size 33554432 bytes, new threshold 15 (max threshold 15)
[2020-09-03T11:17:32.296+0000][23984][gc,age       ] GC(459) Age table with threshold 15 (max threshold 15)
[2020-09-03T11:17:32.297+0000][23984][gc,age       ] GC(459) - age   1:    1912992 bytes,    1912992 total
[2020-09-03T11:17:32.297+0000][23984][gc,age       ] GC(459) - age   2:     405392 bytes,    2318384 total
[2020-09-03T11:17:32.297+0000][23984][gc,age       ] GC(459) - age   3:      24576 bytes,    2342960 total
[2020-09-03T11:17:32.297+0000][23984][gc,age       ] GC(459) - age   4:        536 bytes,    2343496 total
[2020-09-03T11:17:32.297+0000][23984][gc,age       ] GC(459) - age   5:        344 bytes,    2343840 total
[2020-09-03T11:17:32.297+0000][23984][gc,age       ] GC(459) - age   6:       5656 bytes,    2349496 total
[2020-09-03T11:17:32.297+0000][23984][gc,age       ] GC(459) - age   7:       7896 bytes,    2357392 total
[2020-09-03T11:17:32.297+0000][23984][gc,age       ] GC(459) - age   8:       1568 bytes,    2358960 total
[2020-09-03T11:17:32.297+0000][23984][gc,age       ] GC(459) - age   9:        160 bytes,    2359120 total
[2020-09-03T11:17:32.297+0000][23984][gc,age       ] GC(459) - age  10:       7968 bytes,    2367088 total
[2020-09-03T11:17:32.297+0000][23984][gc,age       ] GC(459) - age  11:        408 bytes,    2367496 total
[2020-09-03T11:17:32.297+0000][23984][gc,age       ] GC(459) - age  12:        960 bytes,    2368456 total
[2020-09-03T11:17:32.297+0000][23984][gc,age       ] GC(459) - age  13:        256 bytes,    2368712 total
[2020-09-03T11:17:32.297+0000][23984][gc,age       ] GC(459) - age  14:       1648 bytes,    2370360 total
[2020-09-03T11:17:32.297+0000][23984][gc,age       ] GC(459) - age  15:       1368 bytes,    2371728 total
[2020-09-03T11:17:32.297+0000][23984][gc,phases    ] GC(459)   Pre Evacuate Collection Set: 0.4ms
[2020-09-03T11:17:32.297+0000][23984][gc,phases    ] GC(459)   Merge Heap Roots: 0.1ms
[2020-09-03T11:17:32.297+0000][23984][gc,phases    ] GC(459)   Evacuate Collection Set: 1.8ms
[2020-09-03T11:17:32.297+0000][23984][gc,phases    ] GC(459)   Post Evacuate Collection Set: 0.7ms
[2020-09-03T11:17:32.297+0000][23984][gc,phases    ] GC(459)   Other: 1.0ms
[2020-09-03T11:17:32.297+0000][23984][gc,heap      ] GC(459) Eden regions: 24->0(505)
[2020-09-03T11:17:32.297+0000][23984][gc,heap      ] GC(459) Survivor regions: 2->3(64)
[2020-09-03T11:17:32.297+0000][23984][gc,heap      ] GC(459) Old regions: 80->80
[2020-09-03T11:17:32.298+0000][23984][gc,heap      ] GC(459) Archive regions: 0->0
[2020-09-03T11:17:32.298+0000][23984][gc,heap      ] GC(459) Humongous regions: 227->174
[2020-09-03T11:17:32.298+0000][23984][gc,metaspace ] GC(459) Metaspace: 88302K(94336K)->88302K(94336K) NonClass: 77108K(80640K)->77108K(80640K) Class: 11194K(13696K)->11194K(13696K)
[2020-09-03T11:17:32.298+0000][23984][gc           ] GC(459) Pause Young (Concurrent Start) (G1 Humongous Allocation) 331M->255M(1024M) 4.351ms
[2020-09-03T11:17:32.298+0000][23984][gc,cpu       ] GC(459) User=0.11s Sys=0.00s Real=0.01s
[2020-09-03T11:17:32.298+0000][23984][safepoint    ] Safepoint "G1TryInitiateConcMark", Time since last: 122549400 ns, Reaching safepoint: 187000 ns, At safepoint: 4500400 ns, Total: 4687400 ns
[2020-09-03T11:17:32.298+0000][23984][gc           ] GC(460) Concurrent Cycle
[2020-09-03T11:17:32.298+0000][23984][gc,marking   ] GC(460) Concurrent Clear Claimed Marks
[2020-09-03T11:17:32.298+0000][23984][gc,marking   ] GC(460) Concurrent Clear Claimed Marks 0.306ms
[2020-09-03T11:17:32.298+0000][23984][gc,marking   ] GC(460) Concurrent Scan Root Regions
[2020-09-03T11:17:32.300+0000][23984][gc,marking   ] GC(460) Concurrent Scan Root Regions 1.615ms
[2020-09-03T11:17:32.300+0000][23984][gc,marking   ] GC(460) Concurrent Mark (201.302s)
[2020-09-03T11:17:32.300+0000][23984][gc,marking   ] GC(460) Concurrent Mark From Roots
[2020-09-03T11:17:32.300+0000][23984][gc,task      ] GC(460) Using 2 workers of 2 for marking
[2020-09-03T11:17:32.398+0000][23984][gc,marking   ] GC(460) Concurrent Mark From Roots 98.229ms
[2020-09-03T11:17:32.398+0000][23984][gc,marking   ] GC(460) Concurrent Preclean
[2020-09-03T11:17:32.399+0000][23984][gc,marking   ] GC(460) Concurrent Preclean 0.444ms
[2020-09-03T11:17:32.399+0000][23984][gc,marking   ] GC(460) Concurrent Mark (201.302s, 201.400s) 98.817ms
[2020-09-03T11:17:32.399+0000][23984][gc,start     ] GC(460) Pause Remark
[2020-09-03T11:17:32.410+0000][23984][gc           ] GC(460) Pause Remark 287M->287M(1024M) 10.829ms
[2020-09-03T11:17:32.410+0000][23984][gc,cpu       ] GC(460) User=0.11s Sys=0.00s Real=0.01s
[2020-09-03T11:17:32.410+0000][23984][safepoint    ] Safepoint "G1Concurrent", Time since last: 100973900 ns, Reaching safepoint: 122500 ns, At safepoint: 11028400 ns, Total: 11150900 ns
[2020-09-03T11:17:32.410+0000][23984][gc,marking   ] GC(460) Concurrent Rebuild Remembered Sets
[2020-09-03T11:17:32.491+0000][23984][gc,marking   ] GC(460) Concurrent Rebuild Remembered Sets 81.364ms
[2020-09-03T11:17:32.492+0000][23984][gc,start     ] GC(460) Pause Cleanup
[2020-09-03T11:17:32.492+0000][23984][gc           ] GC(460) Pause Cleanup 359M->359M(1024M) 0.308ms
[2020-09-03T11:17:32.492+0000][23984][gc,cpu       ] GC(460) User=0.00s Sys=0.00s Real=0.00s
[2020-09-03T11:17:32.492+0000][23984][safepoint    ] Safepoint "G1Concurrent", Time since last: 81590800 ns, Reaching safepoint: 291500 ns, At safepoint: 456100 ns, Total: 747600 ns
[2020-09-03T11:17:32.492+0000][23984][gc,marking   ] GC(460) Concurrent Cleanup for Next Mark
[2020-09-03T11:17:32.494+0000][23984][gc,marking   ] GC(460) Concurrent Cleanup for Next Mark 1.597ms
[2020-09-03T11:17:32.494+0000][23984][gc           ] GC(460) Concurrent Cycle 196.213ms
[2020-09-03T11:17:32.703+0000][23984][gc,start     ] GC(461) Pause Young (Concurrent Start) (G1 Humongous Allocation)
[2020-09-03T11:17:32.703+0000][23984][gc,task      ] GC(461) Using 8 workers of 8 for evacuation
[2020-09-03T11:17:32.703+0000][23984][gc,age       ] GC(461) Desired survivor size 33554432 bytes, new threshold 15 (max threshold 15)
[2020-09-03T11:17:32.706+0000][23984][gc,age       ] GC(461) Age table with threshold 15 (max threshold 15)
[2020-09-03T11:17:32.706+0000][23984][gc,age       ] GC(461) - age   1:    2710664 bytes,    2710664 total
[2020-09-03T11:17:32.706+0000][23984][gc,age       ] GC(461) - age   2:       2192 bytes,    2712856 total
[2020-09-03T11:17:32.706+0000][23984][gc,age       ] GC(461) - age   3:       2504 bytes,    2715360 total
[2020-09-03T11:17:32.706+0000][23984][gc,age       ] GC(461) - age   4:      21352 bytes,    2736712 total
[2020-09-03T11:17:32.706+0000][23984][gc,age       ] GC(461) - age   5:        408 bytes,    2737120 total
[2020-09-03T11:17:32.706+0000][23984][gc,age       ] GC(461) - age   6:        312 bytes,    2737432 total
[2020-09-03T11:17:32.706+0000][23984][gc,age       ] GC(461) - age   7:       3064 bytes,    2740496 total
[2020-09-03T11:17:32.706+0000][23984][gc,age       ] GC(461) - age   8:       7896 bytes,    2748392 total
[2020-09-03T11:17:32.706+0000][23984][gc,age       ] GC(461) - age   9:       1568 bytes,    2749960 total
[2020-09-03T11:17:32.706+0000][23984][gc,age       ] GC(461) - age  10:        128 bytes,    2750088 total
[2020-09-03T11:17:32.706+0000][23984][gc,age       ] GC(461) - age  11:       7768 bytes,    2757856 total
[2020-09-03T11:17:32.706+0000][23984][gc,age       ] GC(461) - age  12:        376 bytes,    2758232 total
[2020-09-03T11:17:32.706+0000][23984][gc,age       ] GC(461) - age  13:        928 bytes,    2759160 total
[2020-09-03T11:17:32.706+0000][23984][gc,age       ] GC(461) - age  14:        192 bytes,    2759352 total
[2020-09-03T11:17:32.707+0000][23984][gc,age       ] GC(461) - age  15:       1176 bytes,    2760528 total
[2020-09-03T11:17:32.707+0000][23984][gc,phases    ] GC(461)   Pre Evacuate Collection Set: 0.3ms
[2020-09-03T11:17:32.707+0000][23984][gc,phases    ] GC(461)   Merge Heap Roots: 0.1ms
[2020-09-03T11:17:32.707+0000][23984][gc,phases    ] GC(461)   Evacuate Collection Set: 1.9ms
[2020-09-03T11:17:32.707+0000][23984][gc,phases    ] GC(461)   Post Evacuate Collection Set: 0.8ms
[2020-09-03T11:17:32.707+0000][23984][gc,phases    ] GC(461)   Other: 0.7ms
[2020-09-03T11:17:32.707+0000][23984][gc,heap      ] GC(461) Eden regions: 43->0(505)
[2020-09-03T11:17:32.707+0000][23984][gc,heap      ] GC(461) Survivor regions: 3->3(64)
[2020-09-03T11:17:32.707+0000][23984][gc,heap      ] GC(461) Old regions: 80->80
[2020-09-03T11:17:32.707+0000][23984][gc,heap      ] GC(461) Archive regions: 0->0
[2020-09-03T11:17:32.707+0000][23984][gc,heap      ] GC(461) Humongous regions: 255->174
[2020-09-03T11:17:32.707+0000][23984][gc,metaspace ] GC(461) Metaspace: 88321K(94336K)->88321K(94336K) NonClass: 77124K(80640K)->77124K(80640K) Class: 11197K(13696K)->11197K(13696K)
[2020-09-03T11:17:32.707+0000][23984][gc           ] GC(461) Pause Young (Concurrent Start) (G1 Humongous Allocation) 378M->255M(1024M) 3.996ms
[2020-09-03T11:17:32.707+0000][23984][gc,cpu       ] GC(461) User=0.00s Sys=0.00s Real=0.00s
[2020-09-03T11:17:32.707+0000][23984][gc           ] GC(462) Concurrent Cycle
[2020-09-03T11:17:32.707+0000][23984][safepoint    ] Safepoint "G1TryInitiateConcMark", Time since last: 210375300 ns, Reaching safepoint: 256200 ns, At safepoint: 4160700 ns, Total: 4416900 ns
[2020-09-03T11:17:32.707+0000][23984][gc,marking   ] GC(462) Concurrent Clear Claimed Marks
[2020-09-03T11:17:32.708+0000][23984][gc,marking   ] GC(462) Concurrent Clear Claimed Marks 0.582ms
[2020-09-03T11:17:32.708+0000][23984][gc,marking   ] GC(462) Concurrent Scan Root Regions
[2020-09-03T11:17:32.709+0000][23984][gc,marking   ] GC(462) Concurrent Scan Root Regions 1.805ms
[2020-09-03T11:17:32.710+0000][23984][gc,marking   ] GC(462) Concurrent Mark (201.711s)
[2020-09-03T11:17:32.710+0000][23984][gc,marking   ] GC(462) Concurrent Mark From Roots
[2020-09-03T11:17:32.710+0000][23984][gc,task      ] GC(462) Using 2 workers of 2 for marking
[2020-09-03T11:17:32.827+0000][23984][gc,marking   ] GC(462) Concurrent Mark From Roots 117.374ms
[2020-09-03T11:17:32.827+0000][23984][gc,marking   ] GC(462) Concurrent Preclean
[2020-09-03T11:17:32.828+0000][23984][gc,marking   ] GC(462) Concurrent Preclean 0.492ms
[2020-09-03T11:17:32.828+0000][23984][gc,marking   ] GC(462) Concurrent Mark (201.711s, 201.830s) 118.062ms
[2020-09-03T11:17:32.828+0000][23984][gc,start     ] GC(462) Pause Remark
[2020-09-03T11:17:32.834+0000][23984][gc           ] GC(462) Pause Remark 320M->320M(1024M) 6.536ms
[2020-09-03T11:17:32.835+0000][23984][gc,cpu       ] GC(462) User=0.00s Sys=0.00s Real=0.01s
[2020-09-03T11:17:32.835+0000][23984][safepoint    ] Safepoint "G1Concurrent", Time since last: 120769300 ns, Reaching safepoint: 147700 ns, At safepoint: 6736600 ns, Total: 6884300 ns
[2020-09-03T11:17:32.835+0000][23984][gc,marking   ] GC(462) Concurrent Rebuild Remembered Sets
[2020-09-03T11:17:32.909+0000][23984][gc,marking   ] GC(462) Concurrent Rebuild Remembered Sets 74.793ms
[2020-09-03T11:17:32.910+0000][23984][gc,start     ] GC(462) Pause Cleanup
[2020-09-03T11:17:32.910+0000][23984][gc           ] GC(462) Pause Cleanup 389M->389M(1024M) 0.258ms
[2020-09-03T11:17:32.910+0000][23984][gc,cpu       ] GC(462) User=0.00s Sys=0.00s Real=0.00s
[2020-09-03T11:17:32.910+0000][23984][safepoint    ] Safepoint "G1Concurrent", Time since last: 74968300 ns, Reaching safepoint: 132700 ns, At safepoint: 415900 ns, Total: 548600 ns
[2020-09-03T11:17:32.910+0000][23984][gc,marking   ] GC(462) Concurrent Cleanup for Next Mark
[2020-09-03T11:17:32.911+0000][23984][gc,marking   ] GC(462) Concurrent Cleanup for Next Mark 1.274ms
[2020-09-03T11:17:32.912+0000][23984][gc           ] GC(462) Concurrent Cycle 204.625ms
[2020-09-03T11:17:32.976+0000][23984][gc,start     ] GC(463) Pause Young (Concurrent Start) (G1 Humongous Allocation)
[2020-09-03T11:17:32.976+0000][23984][gc,task      ] GC(463) Using 8 workers of 8 for evacuation
[2020-09-03T11:17:32.976+0000][23984][gc,age       ] GC(463) Desired survivor size 33554432 bytes, new threshold 15 (max threshold 15)
[2020-09-03T11:17:32.979+0000][23984][gc,age       ] GC(463) Age table with threshold 15 (max threshold 15)
[2020-09-03T11:17:32.979+0000][23984][gc,age       ] GC(463) - age   1:    1029224 bytes,    1029224 total
[2020-09-03T11:17:32.979+0000][23984][gc,age       ] GC(463) - age   2:      30688 bytes,    1059912 total
[2020-09-03T11:17:32.979+0000][23984][gc,age       ] GC(463) - age   3:       2192 bytes,    1062104 total
[2020-09-03T11:17:32.979+0000][23984][gc,age       ] GC(463) - age   4:        824 bytes,    1062928 total
[2020-09-03T11:17:32.979+0000][23984][gc,age       ] GC(463) - age   5:      21256 bytes,    1084184 total
[2020-09-03T11:17:32.979+0000][23984][gc,age       ] GC(463) - age   6:        376 bytes,    1084560 total
[2020-09-03T11:17:32.979+0000][23984][gc,age       ] GC(463) - age   7:        312 bytes,    1084872 total
[2020-09-03T11:17:32.979+0000][23984][gc,age       ] GC(463) - age   8:       3064 bytes,    1087936 total
[2020-09-03T11:17:32.979+0000][23984][gc,age       ] GC(463) - age   9:       7896 bytes,    1095832 total
[2020-09-03T11:17:32.979+0000][23984][gc,age       ] GC(463) - age  10:       1568 bytes,    1097400 total
[2020-09-03T11:17:32.979+0000][23984][gc,age       ] GC(463) - age  11:        128 bytes,    1097528 total
[2020-09-03T11:17:32.979+0000][23984][gc,age       ] GC(463) - age  12:       7728 bytes,    1105256 total
[2020-09-03T11:17:32.979+0000][23984][gc,age       ] GC(463) - age  13:        376 bytes,    1105632 total
[2020-09-03T11:17:32.979+0000][23984][gc,age       ] GC(463) - age  14:        856 bytes,    1106488 total
[2020-09-03T11:17:32.979+0000][23984][gc,age       ] GC(463) - age  15:        192 bytes,    1106680 total
[2020-09-03T11:17:32.979+0000][23984][gc,phases    ] GC(463)   Pre Evacuate Collection Set: 0.4ms
[2020-09-03T11:17:32.979+0000][23984][gc,phases    ] GC(463)   Merge Heap Roots: 0.1ms
[2020-09-03T11:17:32.979+0000][23984][gc,phases    ] GC(463)   Evacuate Collection Set: 1.6ms
[2020-09-03T11:17:32.979+0000][23984][gc,phases    ] GC(463)   Post Evacuate Collection Set: 0.7ms
[2020-09-03T11:17:32.979+0000][23984][gc,phases    ] GC(463)   Other: 0.8ms
[2020-09-03T11:17:32.979+0000][23984][gc,heap      ] GC(463) Eden regions: 36->0(506)
[2020-09-03T11:17:32.979+0000][23984][gc,heap      ] GC(463) Survivor regions: 3->2(64)
[2020-09-03T11:17:32.979+0000][23984][gc,heap      ] GC(463) Old regions: 80->80
[2020-09-03T11:17:32.979+0000][23984][gc,heap      ] GC(463) Archive regions: 0->0
[2020-09-03T11:17:32.980+0000][23984][gc,heap      ] GC(463) Humongous regions: 278->174
[2020-09-03T11:17:32.980+0000][23984][gc,metaspace ] GC(463) Metaspace: 88321K(94336K)->88321K(94336K) NonClass: 77124K(80640K)->77124K(80640K) Class: 11197K(13696K)->11197K(13696K)
[2020-09-03T11:17:32.980+0000][23984][gc           ] GC(463) Pause Young (Concurrent Start) (G1 Humongous Allocation) 395M->254M(1024M) 3.874ms
[2020-09-03T11:17:32.980+0000][23984][gc,cpu       ] GC(463) User=0.00s Sys=0.00s Real=0.00s
[2020-09-03T11:17:32.980+0000][23984][safepoint    ] Safepoint "G1TryInitiateConcMark", Time since last: 65417500 ns, Reaching safepoint: 136800 ns, At safepoint: 4013900 ns, Total: 4150700 ns
[2020-09-03T11:17:32.980+0000][23984][gc           ] GC(464) Concurrent Cycle
[2020-09-03T11:17:32.980+0000][23984][gc,marking   ] GC(464) Concurrent Clear Claimed Marks
[2020-09-03T11:17:32.980+0000][23984][gc,marking   ] GC(464) Concurrent Clear Claimed Marks 0.301ms
[2020-09-03T11:17:32.980+0000][23984][gc,marking   ] GC(464) Concurrent Scan Root Regions
[2020-09-03T11:17:32.981+0000][23984][gc,marking   ] GC(464) Concurrent Scan Root Regions 1.288ms
[2020-09-03T11:17:32.981+0000][23984][gc,marking   ] GC(464) Concurrent Mark (201.983s)
[2020-09-03T11:17:32.982+0000][23984][gc,marking   ] GC(464) Concurrent Mark From Roots
[2020-09-03T11:17:32.982+0000][23984][gc,task      ] GC(464) Using 2 workers of 2 for marking
[2020-09-03T11:17:33.093+0000][23984][gc,marking   ] GC(464) Concurrent Mark From Roots 111.477ms
[2020-09-03T11:17:33.093+0000][23984][gc,marking   ] GC(464) Concurrent Preclean
[2020-09-03T11:17:33.094+0000][23984][gc,marking   ] GC(464) Concurrent Preclean 0.538ms
[2020-09-03T11:17:33.094+0000][23984][gc,marking   ] GC(464) Concurrent Mark (201.983s, 202.095s) 112.143ms
[2020-09-03T11:17:33.094+0000][23984][gc,start     ] GC(464) Pause Remark
[2020-09-03T11:17:33.100+0000][23984][gc           ] GC(464) Pause Remark 270M->270M(1024M) 5.838ms
[2020-09-03T11:17:33.100+0000][23984][gc,cpu       ] GC(464) User=0.00s Sys=0.00s Real=0.01s
[2020-09-03T11:17:33.100+0000][23984][safepoint    ] Safepoint "G1Concurrent", Time since last: 113970600 ns, Reaching safepoint: 134300 ns, At safepoint: 6105600 ns, Total: 6239900 ns
[2020-09-03T11:17:33.100+0000][23984][gc,marking   ] GC(464) Concurrent Rebuild Remembered Sets
[2020-09-03T11:17:33.176+0000][23984][gc,marking   ] GC(464) Concurrent Rebuild Remembered Sets 76.250ms
[2020-09-03T11:17:33.176+0000][23984][gc,start     ] GC(464) Pause Cleanup
[2020-09-03T11:17:33.177+0000][23984][gc           ] GC(464) Pause Cleanup 288M->288M(1024M) 0.270ms
[2020-09-03T11:17:33.177+0000][23984][gc,cpu       ] GC(464) User=0.00s Sys=0.00s Real=0.00s
[2020-09-03T11:17:33.177+0000][23984][safepoint    ] Safepoint "G1Concurrent", Time since last: 76409900 ns, Reaching safepoint: 135200 ns, At safepoint: 417100 ns, Total: 552300 ns
[2020-09-03T11:17:33.177+0000][23984][gc,marking   ] GC(464) Concurrent Cleanup for Next Mark
[2020-09-03T11:17:33.178+0000][23984][gc,marking   ] GC(464) Concurrent Cleanup for Next Mark 1.191ms
[2020-09-03T11:17:33.178+0000][23984][gc           ] GC(464) Concurrent Cycle 198.499ms
[2020-09-03T11:17:33.251+0000][23984][gc,start     ] GC(465) Pause Young (Concurrent Start) (G1 Humongous Allocation)
[2020-09-03T11:17:33.251+0000][23984][gc,task      ] GC(465) Using 8 workers of 8 for evacuation
[2020-09-03T11:17:33.251+0000][23984][gc,age       ] GC(465) Desired survivor size 33554432 bytes, new threshold 15 (max threshold 15)
[2020-09-03T11:17:33.254+0000][23984][gc,age       ] GC(465) Age table with threshold 15 (max threshold 15)
[2020-09-03T11:17:33.254+0000][23984][gc,age       ] GC(465) - age   1:    1912840 bytes,    1912840 total
[2020-09-03T11:17:33.254+0000][23984][gc,age       ] GC(465) - age   2:     405480 bytes,    2318320 total
[2020-09-03T11:17:33.254+0000][23984][gc,age       ] GC(465) - age   3:      27544 bytes,    2345864 total
[2020-09-03T11:17:33.254+0000][23984][gc,age       ] GC(465) - age   4:       1744 bytes,    2347608 total
[2020-09-03T11:17:33.254+0000][23984][gc,age       ] GC(465) - age   5:        568 bytes,    2348176 total
[2020-09-03T11:17:33.254+0000][23984][gc,age       ] GC(465) - age   6:      20872 bytes,    2369048 total
[2020-09-03T11:17:33.255+0000][23984][gc,age       ] GC(465) - age   7:        312 bytes,    2369360 total
[2020-09-03T11:17:33.255+0000][23984][gc,age       ] GC(465) - age   8:        312 bytes,    2369672 total
[2020-09-03T11:17:33.255+0000][23984][gc,age       ] GC(465) - age   9:       3016 bytes,    2372688 total
[2020-09-03T11:17:33.255+0000][23984][gc,age       ] GC(465) - age  10:       7472 bytes,    2380160 total
[2020-09-03T11:17:33.255+0000][23984][gc,age       ] GC(465) - age  11:       1440 bytes,    2381600 total
[2020-09-03T11:17:33.255+0000][23984][gc,age       ] GC(465) - age  12:         96 bytes,    2381696 total
[2020-09-03T11:17:33.255+0000][23984][gc,age       ] GC(465) - age  13:       5336 bytes,    2387032 total
[2020-09-03T11:17:33.255+0000][23984][gc,age       ] GC(465) - age  14:        376 bytes,    2387408 total
[2020-09-03T11:17:33.255+0000][23984][gc,age       ] GC(465) - age  15:        704 bytes,    2388112 total
[2020-09-03T11:17:33.255+0000][23984][gc,phases    ] GC(465)   Pre Evacuate Collection Set: 0.4ms
[2020-09-03T11:17:33.255+0000][23984][gc,phases    ] GC(465)   Merge Heap Roots: 0.1ms
[2020-09-03T11:17:33.255+0000][23984][gc,phases    ] GC(465)   Evacuate Collection Set: 1.9ms
[2020-09-03T11:17:33.255+0000][23984][gc,phases    ] GC(465)   Post Evacuate Collection Set: 0.7ms
[2020-09-03T11:17:33.255+0000][23984][gc,phases    ] GC(465)   Other: 0.7ms
[2020-09-03T11:17:33.255+0000][23984][gc,heap      ] GC(465) Eden regions: 24->0(505)
[2020-09-03T11:17:33.255+0000][23984][gc,heap      ] GC(465) Survivor regions: 2->3(64)
[2020-09-03T11:17:33.255+0000][23984][gc,heap      ] GC(465) Old regions: 80->80
[2020-09-03T11:17:33.255+0000][23984][gc,heap      ] GC(465) Archive regions: 0->0
[2020-09-03T11:17:33.255+0000][23984][gc,heap      ] GC(465) Humongous regions: 227->174
[2020-09-03T11:17:33.255+0000][23984][gc,metaspace ] GC(465) Metaspace: 88321K(94336K)->88321K(94336K) NonClass: 77124K(80640K)->77124K(80640K) Class: 11197K(13696K)->11197K(13696K)
[2020-09-03T11:17:33.255+0000][23984][gc           ] GC(465) Pause Young (Concurrent Start) (G1 Humongous Allocation) 330M->255M(1024M) 4.054ms
[2020-09-03T11:17:33.255+0000][23984][gc,cpu       ] GC(465) User=0.00s Sys=0.00s Real=0.00s
[2020-09-03T11:17:33.255+0000][23984][safepoint    ] Safepoint "G1TryInitiateConcMark", Time since last: 73780000 ns, Reaching safepoint: 259200 ns, At safepoint: 4179200 ns, Total: 4438400 ns
[2020-09-03T11:17:33.255+0000][23984][gc           ] GC(466) Concurrent Cycle
[2020-09-03T11:17:33.255+0000][23984][gc,marking   ] GC(466) Concurrent Clear Claimed Marks
[2020-09-03T11:17:33.256+0000][23984][gc,marking   ] GC(466) Concurrent Clear Claimed Marks 0.383ms
[2020-09-03T11:17:33.256+0000][23984][gc,marking   ] GC(466) Concurrent Scan Root Regions
[2020-09-03T11:17:33.257+0000][23984][gc,marking   ] GC(466) Concurrent Scan Root Regions 1.541ms
[2020-09-03T11:17:33.257+0000][23984][gc,marking   ] GC(466) Concurrent Mark (202.259s)
[2020-09-03T11:17:33.257+0000][23984][gc,marking   ] GC(466) Concurrent Mark From Roots
[2020-09-03T11:17:33.257+0000][23984][gc,task      ] GC(466) Using 2 workers of 2 for marking
[2020-09-03T11:17:33.369+0000][23984][gc,marking   ] GC(466) Concurrent Mark From Roots 112.039ms
[2020-09-03T11:17:33.369+0000][23984][gc,marking   ] GC(466) Concurrent Preclean
[2020-09-03T11:17:33.370+0000][23984][gc,marking   ] GC(466) Concurrent Preclean 0.436ms
[2020-09-03T11:17:33.370+0000][23984][gc,marking   ] GC(466) Concurrent Mark (202.259s, 202.372s) 112.611ms
[2020-09-03T11:17:33.370+0000][23984][gc,start     ] GC(466) Pause Remark
[2020-09-03T11:17:33.377+0000][23984][gc           ] GC(466) Pause Remark 289M->289M(1024M) 6.451ms
[2020-09-03T11:17:33.377+0000][23984][gc,cpu       ] GC(466) User=0.09s Sys=0.00s Real=0.01s
[2020-09-03T11:17:33.377+0000][23984][safepoint    ] Safepoint "G1Concurrent", Time since last: 114809800 ns, Reaching safepoint: 138000 ns, At safepoint: 6654000 ns, Total: 6792000 ns
[2020-09-03T11:17:33.377+0000][23984][gc,marking   ] GC(466) Concurrent Rebuild Remembered Sets
[2020-09-03T11:17:33.455+0000][23984][gc,marking   ] GC(466) Concurrent Rebuild Remembered Sets 78.432ms
[2020-09-03T11:17:33.456+0000][23984][gc,start     ] GC(466) Pause Cleanup
[2020-09-03T11:17:33.456+0000][23984][gc           ] GC(466) Pause Cleanup 360M->360M(1024M) 0.319ms
[2020-09-03T11:17:33.456+0000][23984][gc,cpu       ] GC(466) User=0.00s Sys=0.00s Real=0.00s
[2020-09-03T11:17:33.456+0000][23984][safepoint    ] Safepoint "G1Concurrent", Time since last: 78607900 ns, Reaching safepoint: 179500 ns, At safepoint: 522800 ns, Total: 702300 ns
[2020-09-03T11:17:33.456+0000][23984][gc,marking   ] GC(466) Concurrent Cleanup for Next Mark
[2020-09-03T11:17:33.458+0000][23984][gc,marking   ] GC(466) Concurrent Cleanup for Next Mark 1.549ms
[2020-09-03T11:17:33.458+0000][23984][gc           ] GC(466) Concurrent Cycle 202.600ms
[2020-09-03T11:17:33.535+0000][23984][safepoint    ] Safepoint "ICBufferFull", Time since last: 79005500 ns, Reaching safepoint: 244300 ns, At safepoint: 11800 ns, Total: 256100 ns
[2020-09-03T11:17:33.635+0000][23984][gc,start     ] GC(467) Pause Young (Concurrent Start) (G1 Humongous Allocation)
[2020-09-03T11:17:33.635+0000][23984][gc,task      ] GC(467) Using 8 workers of 8 for evacuation
[2020-09-03T11:17:33.635+0000][23984][gc,age       ] GC(467) Desired survivor size 33554432 bytes, new threshold 15 (max threshold 15)
[2020-09-03T11:17:33.638+0000][23984][gc,age       ] GC(467) Age table with threshold 15 (max threshold 15)
[2020-09-03T11:17:33.638+0000][23984][gc,age       ] GC(467) - age   1:    2696144 bytes,    2696144 total
[2020-09-03T11:17:33.638+0000][23984][gc,age       ] GC(467) - age   2:       2168 bytes,    2698312 total
[2020-09-03T11:17:33.638+0000][23984][gc,age       ] GC(467) - age   3:       2608 bytes,    2700920 total
[2020-09-03T11:17:33.639+0000][23984][gc,age       ] GC(467) - age   4:      21432 bytes,    2722352 total
[2020-09-03T11:17:33.639+0000][23984][gc,age       ] GC(467) - age   5:       1360 bytes,    2723712 total
[2020-09-03T11:17:33.639+0000][23984][gc,age       ] GC(467) - age   6:        504 bytes,    2724216 total
[2020-09-03T11:17:33.639+0000][23984][gc,age       ] GC(467) - age   7:      20872 bytes,    2745088 total
[2020-09-03T11:17:33.639+0000][23984][gc,age       ] GC(467) - age   8:        248 bytes,    2745336 total
[2020-09-03T11:17:33.639+0000][23984][gc,age       ] GC(467) - age   9:        248 bytes,    2745584 total
[2020-09-03T11:17:33.639+0000][23984][gc,age       ] GC(467) - age  10:        800 bytes,    2746384 total
[2020-09-03T11:17:33.639+0000][23984][gc,age       ] GC(467) - age  11:       7448 bytes,    2753832 total
[2020-09-03T11:17:33.639+0000][23984][gc,age       ] GC(467) - age  12:       1440 bytes,    2755272 total
[2020-09-03T11:17:33.639+0000][23984][gc,age       ] GC(467) - age  13:         96 bytes,    2755368 total
[2020-09-03T11:17:33.639+0000][23984][gc,age       ] GC(467) - age  14:       5336 bytes,    2760704 total
[2020-09-03T11:17:33.639+0000][23984][gc,age       ] GC(467) - age  15:        376 bytes,    2761080 total
[2020-09-03T11:17:33.639+0000][23984][gc,phases    ] GC(467)   Pre Evacuate Collection Set: 0.4ms
[2020-09-03T11:17:33.639+0000][23984][gc,phases    ] GC(467)   Merge Heap Roots: 0.1ms
[2020-09-03T11:17:33.639+0000][23984][gc,phases    ] GC(467)   Evacuate Collection Set: 2.0ms
[2020-09-03T11:17:33.639+0000][23984][gc,phases    ] GC(467)   Post Evacuate Collection Set: 0.7ms
[2020-09-03T11:17:33.639+0000][23984][gc,phases    ] GC(467)   Other: 0.6ms
[2020-09-03T11:17:33.639+0000][23984][gc,heap      ] GC(467) Eden regions: 42->0(505)
[2020-09-03T11:17:33.639+0000][23984][gc,heap      ] GC(467) Survivor regions: 3->3(64)
[2020-09-03T11:17:33.639+0000][23984][gc,heap      ] GC(467) Old regions: 80->80
[2020-09-03T11:17:33.639+0000][23984][gc,heap      ] GC(467) Archive regions: 0->0
[2020-09-03T11:17:33.639+0000][23984][gc,heap      ] GC(467) Humongous regions: 255->174
[2020-09-03T11:17:33.639+0000][23984][gc,metaspace ] GC(467) Metaspace: 88324K(94336K)->88324K(94336K) NonClass: 77126K(80640K)->77126K(80640K) Class: 11197K(13696K)->11197K(13696K)
[2020-09-03T11:17:33.639+0000][23984][gc           ] GC(467) Pause Young (Concurrent Start) (G1 Humongous Allocation) 377M->255M(1024M) 4.071ms
[2020-09-03T11:17:33.639+0000][23984][gc,cpu       ] GC(467) User=0.03s Sys=0.00s Real=0.00s
[2020-09-03T11:17:33.639+0000][23984][safepoint    ] Safepoint "G1TryInitiateConcMark", Time since last: 99527200 ns, Reaching safepoint: 213900 ns, At safepoint: 4190100 ns, Total: 4404000 ns
[2020-09-03T11:17:33.639+0000][23984][gc           ] GC(468) Concurrent Cycle
[2020-09-03T11:17:33.639+0000][23984][gc,marking   ] GC(468) Concurrent Clear Claimed Marks
[2020-09-03T11:17:33.640+0000][23984][gc,marking   ] GC(468) Concurrent Clear Claimed Marks 0.363ms
[2020-09-03T11:17:33.640+0000][23984][gc,marking   ] GC(468) Concurrent Scan Root Regions
[2020-09-03T11:17:33.642+0000][23984][gc,marking   ] GC(468) Concurrent Scan Root Regions 2.303ms
[2020-09-03T11:17:33.642+0000][23984][gc,marking   ] GC(468) Concurrent Mark (202.644s)
[2020-09-03T11:17:33.642+0000][23984][gc,marking   ] GC(468) Concurrent Mark From Roots
[2020-09-03T11:17:33.642+0000][23984][gc,task      ] GC(468) Using 2 workers of 2 for marking
[2020-09-03T11:17:33.758+0000][23984][gc,marking   ] GC(468) Concurrent Mark From Roots 116.110ms
[2020-09-03T11:17:33.758+0000][23984][gc,marking   ] GC(468) Concurrent Preclean
[2020-09-03T11:17:33.759+0000][23984][gc,marking   ] GC(468) Concurrent Preclean 0.375ms
[2020-09-03T11:17:33.759+0000][23984][gc,marking   ] GC(468) Concurrent Mark (202.644s, 202.761s) 116.603ms
[2020-09-03T11:17:33.759+0000][23984][gc,start     ] GC(468) Pause Remark
[2020-09-03T11:17:33.765+0000][23984][gc           ] GC(468) Pause Remark 320M->320M(1024M) 5.615ms
[2020-09-03T11:17:33.765+0000][23984][gc,cpu       ] GC(468) User=0.11s Sys=0.00s Real=0.01s
[2020-09-03T11:17:33.765+0000][23984][safepoint    ] Safepoint "G1Concurrent", Time since last: 119576300 ns, Reaching safepoint: 133500 ns, At safepoint: 5830000 ns, Total: 5963500 ns
[2020-09-03T11:17:33.765+0000][23984][gc,marking   ] GC(468) Concurrent Rebuild Remembered Sets
[2020-09-03T11:17:33.833+0000][23984][gc,marking   ] GC(468) Concurrent Rebuild Remembered Sets 68.155ms
[2020-09-03T11:17:33.833+0000][23984][gc,start     ] GC(468) Pause Cleanup
[2020-09-03T11:17:33.833+0000][23984][gc           ] GC(468) Pause Cleanup 388M->388M(1024M) 0.229ms
[2020-09-03T11:17:33.833+0000][23984][gc,cpu       ] GC(468) User=0.00s Sys=0.00s Real=0.00s
[2020-09-03T11:17:33.834+0000][23984][safepoint    ] Safepoint "G1Concurrent", Time since last: 68306200 ns, Reaching safepoint: 132500 ns, At safepoint: 365200 ns, Total: 497700 ns
[2020-09-03T11:17:33.834+0000][23984][gc,marking   ] GC(468) Concurrent Cleanup for Next Mark
[2020-09-03T11:17:33.835+0000][23984][gc,marking   ] GC(468) Concurrent Cleanup for Next Mark 1.037ms
[2020-09-03T11:17:33.835+0000][23984][gc           ] GC(468) Concurrent Cycle 195.535ms
[2020-09-03T11:17:33.899+0000][23984][gc,start     ] GC(469) Pause Young (Concurrent Start) (G1 Humongous Allocation)
[2020-09-03T11:17:33.899+0000][23984][gc,task      ] GC(469) Using 8 workers of 8 for evacuation
[2020-09-03T11:17:33.899+0000][23984][gc,age       ] GC(469) Desired survivor size 33554432 bytes, new threshold 15 (max threshold 15)
[2020-09-03T11:17:33.902+0000][23984][gc,age       ] GC(469) Age table with threshold 15 (max threshold 15)
[2020-09-03T11:17:33.902+0000][23984][gc,age       ] GC(469) - age   1:    1028816 bytes,    1028816 total
[2020-09-03T11:17:33.902+0000][23984][gc,age       ] GC(469) - age   2:      16816 bytes,    1045632 total
[2020-09-03T11:17:33.902+0000][23984][gc,age       ] GC(469) - age   3:       2064 bytes,    1047696 total
[2020-09-03T11:17:33.902+0000][23984][gc,age       ] GC(469) - age   4:        888 bytes,    1048584 total
[2020-09-03T11:17:33.902+0000][23984][gc,age       ] GC(469) - age   5:      21336 bytes,    1069920 total
[2020-09-03T11:17:33.902+0000][23984][gc,age       ] GC(469) - age   6:       1328 bytes,    1071248 total
[2020-09-03T11:17:33.902+0000][23984][gc,age       ] GC(469) - age   7:        440 bytes,    1071688 total
[2020-09-03T11:17:33.902+0000][23984][gc,age       ] GC(469) - age   8:      20872 bytes,    1092560 total
[2020-09-03T11:17:33.902+0000][23984][gc,age       ] GC(469) - age   9:        184 bytes,    1092744 total
[2020-09-03T11:17:33.902+0000][23984][gc,age       ] GC(469) - age  10:        248 bytes,    1092992 total
[2020-09-03T11:17:33.902+0000][23984][gc,age       ] GC(469) - age  11:        800 bytes,    1093792 total
[2020-09-03T11:17:33.902+0000][23984][gc,age       ] GC(469) - age  12:       7448 bytes,    1101240 total
[2020-09-03T11:17:33.902+0000][23984][gc,age       ] GC(469) - age  13:       1440 bytes,    1102680 total
[2020-09-03T11:17:33.902+0000][23984][gc,age       ] GC(469) - age  14:         96 bytes,    1102776 total
[2020-09-03T11:17:33.902+0000][23984][gc,age       ] GC(469) - age  15:       5336 bytes,    1108112 total
[2020-09-03T11:17:33.902+0000][23984][gc,phases    ] GC(469)   Pre Evacuate Collection Set: 0.3ms
[2020-09-03T11:17:33.902+0000][23984][gc,phases    ] GC(469)   Merge Heap Roots: 0.1ms
[2020-09-03T11:17:33.902+0000][23984][gc,phases    ] GC(469)   Evacuate Collection Set: 1.7ms
[2020-09-03T11:17:33.902+0000][23984][gc,phases    ] GC(469)   Post Evacuate Collection Set: 0.7ms
[2020-09-03T11:17:33.902+0000][23984][gc,phases    ] GC(469)   Other: 0.6ms
[2020-09-03T11:17:33.902+0000][23984][gc,heap      ] GC(469) Eden regions: 36->0(506)
[2020-09-03T11:17:33.902+0000][23984][gc,heap      ] GC(469) Survivor regions: 3->2(64)
[2020-09-03T11:17:33.902+0000][23984][gc,heap      ] GC(469) Old regions: 80->80
[2020-09-03T11:17:33.902+0000][23984][gc,heap      ] GC(469) Archive regions: 0->0
[2020-09-03T11:17:33.903+0000][23984][gc,heap      ] GC(469) Humongous regions: 278->174
[2020-09-03T11:17:33.903+0000][23984][gc,metaspace ] GC(469) Metaspace: 88324K(94336K)->88324K(94336K) NonClass: 77126K(80640K)->77126K(80640K) Class: 11197K(13696K)->11197K(13696K)
[2020-09-03T11:17:33.903+0000][23984][gc           ] GC(469) Pause Young (Concurrent Start) (G1 Humongous Allocation) 395M->254M(1024M) 3.777ms
[2020-09-03T11:17:33.903+0000][23984][gc,cpu       ] GC(469) User=0.00s Sys=0.00s Real=0.00s
[2020-09-03T11:17:33.903+0000][23984][safepoint    ] Safepoint "G1TryInitiateConcMark", Time since last: 65091500 ns, Reaching safepoint: 140500 ns, At safepoint: 3886100 ns, Total: 4026600 ns
[2020-09-03T11:17:33.903+0000][23984][gc           ] GC(470) Concurrent Cycle
[2020-09-03T11:17:33.903+0000][23984][gc,marking   ] GC(470) Concurrent Clear Claimed Marks
[2020-09-03T11:17:33.903+0000][23984][gc,marking   ] GC(470) Concurrent Clear Claimed Marks 0.295ms
[2020-09-03T11:17:33.903+0000][23984][gc,marking   ] GC(470) Concurrent Scan Root Regions
[2020-09-03T11:17:33.904+0000][23984][gc,marking   ] GC(470) Concurrent Scan Root Regions 1.145ms
[2020-09-03T11:17:33.904+0000][23984][gc,marking   ] GC(470) Concurrent Mark (202.906s)
[2020-09-03T11:17:33.904+0000][23984][gc,marking   ] GC(470) Concurrent Mark From Roots
[2020-09-03T11:17:33.904+0000][23984][gc,task      ] GC(470) Using 2 workers of 2 for marking
[2020-09-03T11:17:33.985+0000][23984][gc,marking   ] GC(470) Concurrent Mark From Roots 80.184ms
[2020-09-03T11:17:33.985+0000][23984][gc,marking   ] GC(470) Concurrent Preclean
[2020-09-03T11:17:33.985+0000][23984][gc,marking   ] GC(470) Concurrent Preclean 0.362ms
[2020-09-03T11:17:33.985+0000][23984][gc,marking   ] GC(470) Concurrent Mark (202.906s, 202.987s) 80.676ms
[2020-09-03T11:17:33.985+0000][23984][gc,start     ] GC(470) Pause Remark
[2020-09-03T11:17:33.990+0000][23984][gc           ] GC(470) Pause Remark 271M->271M(1024M) 4.823ms
[2020-09-03T11:17:33.990+0000][23984][gc,cpu       ] GC(470) User=0.00s Sys=0.00s Real=0.01s
[2020-09-03T11:17:33.990+0000][23984][safepoint    ] Safepoint "G1Concurrent", Time since last: 82334200 ns, Reaching safepoint: 128500 ns, At safepoint: 4964200 ns, Total: 5092700 ns
[2020-09-03T11:17:33.990+0000][23984][gc,marking   ] GC(470) Concurrent Rebuild Remembered Sets
[2020-09-03T11:17:34.052+0000][23984][gc,marking   ] GC(470) Concurrent Rebuild Remembered Sets 62.170ms
[2020-09-03T11:17:34.053+0000][23984][gc,start     ] GC(470) Pause Cleanup
[2020-09-03T11:17:34.053+0000][23984][gc           ] GC(470) Pause Cleanup 288M->288M(1024M) 0.225ms
[2020-09-03T11:17:34.053+0000][23984][gc,cpu       ] GC(470) User=0.00s Sys=0.00s Real=0.00s
[2020-09-03T11:17:34.053+0000][23984][safepoint    ] Safepoint "G1Concurrent", Time since last: 62310600 ns, Reaching safepoint: 183800 ns, At safepoint: 345400 ns, Total: 529200 ns
[2020-09-03T11:17:34.053+0000][23984][gc,marking   ] GC(470) Concurrent Cleanup for Next Mark
[2020-09-03T11:17:34.054+0000][23984][gc,marking   ] GC(470) Concurrent Cleanup for Next Mark 1.489ms
[2020-09-03T11:17:34.055+0000][23984][gc           ] GC(470) Concurrent Cycle 151.889ms
[2020-09-03T11:17:34.130+0000][23984][gc,start     ] GC(471) Pause Young (Concurrent Start) (G1 Humongous Allocation)
[2020-09-03T11:17:34.130+0000][23984][gc,task      ] GC(471) Using 8 workers of 8 for evacuation
[2020-09-03T11:17:34.130+0000][23984][gc,age       ] GC(471) Desired survivor size 33554432 bytes, new threshold 15 (max threshold 15)
[2020-09-03T11:17:34.133+0000][23984][gc,age       ] GC(471) Age table with threshold 15 (max threshold 15)
[2020-09-03T11:17:34.133+0000][23984][gc,age       ] GC(471) - age   1:    1912464 bytes,    1912464 total
[2020-09-03T11:17:34.133+0000][23984][gc,age       ] GC(471) - age   2:     405224 bytes,    2317688 total
[2020-09-03T11:17:34.133+0000][23984][gc,age       ] GC(471) - age   3:      13816 bytes,    2331504 total
[2020-09-03T11:17:34.133+0000][23984][gc,age       ] GC(471) - age   4:       1808 bytes,    2333312 total
[2020-09-03T11:17:34.133+0000][23984][gc,age       ] GC(471) - age   5:        664 bytes,    2333976 total
[2020-09-03T11:17:34.133+0000][23984][gc,age       ] GC(471) - age   6:      20880 bytes,    2354856 total
[2020-09-03T11:17:34.133+0000][23984][gc,age       ] GC(471) - age   7:        744 bytes,    2355600 total
[2020-09-03T11:17:34.134+0000][23984][gc,age       ] GC(471) - age   8:        440 bytes,    2356040 total
[2020-09-03T11:17:34.134+0000][23984][gc,age       ] GC(471) - age   9:      18184 bytes,    2374224 total
[2020-09-03T11:17:34.134+0000][23984][gc,age       ] GC(471) - age  10:        184 bytes,    2374408 total
[2020-09-03T11:17:34.134+0000][23984][gc,age       ] GC(471) - age  11:        176 bytes,    2374584 total
[2020-09-03T11:17:34.134+0000][23984][gc,age       ] GC(471) - age  12:        800 bytes,    2375384 total
[2020-09-03T11:17:34.134+0000][23984][gc,age       ] GC(471) - age  13:       7448 bytes,    2382832 total
[2020-09-03T11:17:34.134+0000][23984][gc,age       ] GC(471) - age  14:       1312 bytes,    2384144 total
[2020-09-03T11:17:34.134+0000][23984][gc,age       ] GC(471) - age  15:         96 bytes,    2384240 total
[2020-09-03T11:17:34.134+0000][23984][gc,phases    ] GC(471)   Pre Evacuate Collection Set: 0.5ms
[2020-09-03T11:17:34.134+0000][23984][gc,phases    ] GC(471)   Merge Heap Roots: 0.2ms
[2020-09-03T11:17:34.134+0000][23984][gc,phases    ] GC(471)   Evacuate Collection Set: 1.7ms
[2020-09-03T11:17:34.134+0000][23984][gc,phases    ] GC(471)   Post Evacuate Collection Set: 0.7ms
[2020-09-03T11:17:34.134+0000][23984][gc,phases    ] GC(471)   Other: 0.8ms
[2020-09-03T11:17:34.134+0000][23984][gc,heap      ] GC(471) Eden regions: 24->0(505)
[2020-09-03T11:17:34.134+0000][23984][gc,heap      ] GC(471) Survivor regions: 2->3(64)
[2020-09-03T11:17:34.134+0000][23984][gc,heap      ] GC(471) Old regions: 80->80
[2020-09-03T11:17:34.134+0000][23984][gc,heap      ] GC(471) Archive regions: 0->0
[2020-09-03T11:17:34.134+0000][23984][gc,heap      ] GC(471) Humongous regions: 227->174
[2020-09-03T11:17:34.134+0000][23984][gc,metaspace ] GC(471) Metaspace: 88324K(94336K)->88324K(94336K) NonClass: 77126K(80640K)->77126K(80640K) Class: 11197K(13696K)->11197K(13696K)
[2020-09-03T11:17:34.134+0000][23984][gc           ] GC(471) Pause Young (Concurrent Start) (G1 Humongous Allocation) 330M->255M(1024M) 3.993ms
[2020-09-03T11:17:34.134+0000][23984][gc,cpu       ] GC(471) User=0.00s Sys=0.00s Real=0.00s
[2020-09-03T11:17:34.134+0000][23984][safepoint    ] Safepoint "G1TryInitiateConcMark", Time since last: 76806000 ns, Reaching safepoint: 173500 ns, At safepoint: 4188400 ns, Total: 4361900 ns
[2020-09-03T11:17:34.134+0000][23984][gc           ] GC(472) Concurrent Cycle
[2020-09-03T11:17:34.134+0000][23984][gc,marking   ] GC(472) Concurrent Clear Claimed Marks
[2020-09-03T11:17:34.135+0000][23984][gc,marking   ] GC(472) Concurrent Clear Claimed Marks 0.403ms
[2020-09-03T11:17:34.135+0000][23984][gc,marking   ] GC(472) Concurrent Scan Root Regions
[2020-09-03T11:17:34.136+0000][23984][gc,marking   ] GC(472) Concurrent Scan Root Regions 1.719ms
[2020-09-03T11:17:34.136+0000][23984][gc,marking   ] GC(472) Concurrent Mark (203.138s)
[2020-09-03T11:17:34.136+0000][23984][gc,marking   ] GC(472) Concurrent Mark From Roots
[2020-09-03T11:17:34.136+0000][23984][gc,task      ] GC(472) Using 2 workers of 2 for marking
[2020-09-03T11:17:34.263+0000][23984][gc,marking   ] GC(472) Concurrent Mark From Roots 126.370ms
[2020-09-03T11:17:34.263+0000][23984][gc,marking   ] GC(472) Concurrent Preclean
[2020-09-03T11:17:34.263+0000][23984][gc,marking   ] GC(472) Concurrent Preclean 0.575ms
[2020-09-03T11:17:34.264+0000][23984][gc,marking   ] GC(472) Concurrent Mark (203.138s, 203.265s) 127.093ms
[2020-09-03T11:17:34.264+0000][23984][gc,start     ] GC(472) Pause Remark
[2020-09-03T11:17:34.270+0000][23984][gc           ] GC(472) Pause Remark 288M->288M(1024M) 5.884ms
[2020-09-03T11:17:34.270+0000][23984][gc,cpu       ] GC(472) User=0.00s Sys=0.00s Real=0.01s
[2020-09-03T11:17:34.270+0000][23984][safepoint    ] Safepoint "G1Concurrent", Time since last: 129469500 ns, Reaching safepoint: 144500 ns, At safepoint: 6476100 ns, Total: 6620600 ns
[2020-09-03T11:17:34.270+0000][23984][gc,marking   ] GC(472) Concurrent Rebuild Remembered Sets
[2020-09-03T11:17:34.355+0000][23984][gc,marking   ] GC(472) Concurrent Rebuild Remembered Sets 84.972ms
[2020-09-03T11:17:34.356+0000][23984][gc,start     ] GC(472) Pause Cleanup
[2020-09-03T11:17:34.356+0000][23984][gc           ] GC(472) Pause Cleanup 359M->359M(1024M) 0.276ms
[2020-09-03T11:17:34.356+0000][23984][gc,cpu       ] GC(472) User=0.00s Sys=0.00s Real=0.00s
[2020-09-03T11:17:34.356+0000][23984][safepoint    ] Safepoint "G1Concurrent", Time since last: 85292900 ns, Reaching safepoint: 202500 ns, At safepoint: 431800 ns, Total: 634300 ns
[2020-09-03T11:17:34.356+0000][23984][gc,marking   ] GC(472) Concurrent Cleanup for Next Mark
[2020-09-03T11:17:34.358+0000][23984][gc,marking   ] GC(472) Concurrent Cleanup for Next Mark 1.360ms
[2020-09-03T11:17:34.358+0000][23984][gc           ] GC(472) Concurrent Cycle 223.573ms
[2020-09-03T11:17:34.457+0000][23984][gc,start     ] GC(473) Pause Young (Concurrent Start) (G1 Humongous Allocation)
[2020-09-03T11:17:34.457+0000][23984][gc,task      ] GC(473) Using 8 workers of 8 for evacuation
[2020-09-03T11:17:34.457+0000][23984][gc,age       ] GC(473) Desired survivor size 33554432 bytes, new threshold 15 (max threshold 15)
[2020-09-03T11:17:34.461+0000][23984][gc,age       ] GC(473) Age table with threshold 15 (max threshold 15)
[2020-09-03T11:17:34.461+0000][23984][gc,age       ] GC(473) - age   1:    3101160 bytes,    3101160 total
[2020-09-03T11:17:34.461+0000][23984][gc,age       ] GC(473) - age   2:     106464 bytes,    3207624 total
[2020-09-03T11:17:34.461+0000][23984][gc,age       ] GC(473) - age   3:     405160 bytes,    3612784 total
[2020-09-03T11:17:34.461+0000][23984][gc,age       ] GC(473) - age   4:      10840 bytes,    3623624 total
[2020-09-03T11:17:34.461+0000][23984][gc,age       ] GC(473) - age   5:       1136 bytes,    3624760 total
[2020-09-03T11:17:34.461+0000][23984][gc,age       ] GC(473) - age   6:        600 bytes,    3625360 total
[2020-09-03T11:17:34.461+0000][23984][gc,age       ] GC(473) - age   7:      18400 bytes,    3643760 total
[2020-09-03T11:17:34.461+0000][23984][gc,age       ] GC(473) - age   8:        744 bytes,    3644504 total
[2020-09-03T11:17:34.461+0000][23984][gc,age       ] GC(473) - age   9:        440 bytes,    3644944 total
[2020-09-03T11:17:34.461+0000][23984][gc,age       ] GC(473) - age  10:      18152 bytes,    3663096 total
[2020-09-03T11:17:34.461+0000][23984][gc,age       ] GC(473) - age  11:        184 bytes,    3663280 total
[2020-09-03T11:17:34.461+0000][23984][gc,age       ] GC(473) - age  12:        176 bytes,    3663456 total
[2020-09-03T11:17:34.461+0000][23984][gc,age       ] GC(473) - age  13:        768 bytes,    3664224 total
[2020-09-03T11:17:34.461+0000][23984][gc,age       ] GC(473) - age  14:       7448 bytes,    3671672 total
[2020-09-03T11:17:34.461+0000][23984][gc,age       ] GC(473) - age  15:       1312 bytes,    3672984 total
[2020-09-03T11:17:34.461+0000][23984][gc,phases    ] GC(473)   Pre Evacuate Collection Set: 0.4ms
[2020-09-03T11:17:34.461+0000][23984][gc,phases    ] GC(473)   Merge Heap Roots: 0.1ms
[2020-09-03T11:17:34.461+0000][23984][gc,phases    ] GC(473)   Evacuate Collection Set: 2.1ms
[2020-09-03T11:17:34.462+0000][23984][gc,phases    ] GC(473)   Post Evacuate Collection Set: 0.7ms
[2020-09-03T11:17:34.462+0000][23984][gc,phases    ] GC(473)   Other: 0.9ms
[2020-09-03T11:17:34.462+0000][23984][gc,heap      ] GC(473) Eden regions: 33->0(503)
[2020-09-03T11:17:34.462+0000][23984][gc,heap      ] GC(473) Survivor regions: 3->4(64)
[2020-09-03T11:17:34.462+0000][23984][gc,heap      ] GC(473) Old regions: 80->80
[2020-09-03T11:17:34.462+0000][23984][gc,heap      ] GC(473) Archive regions: 0->0
[2020-09-03T11:17:34.462+0000][23984][gc,heap      ] GC(473) Humongous regions: 255->174
[2020-09-03T11:17:34.462+0000][23984][gc,metaspace ] GC(473) Metaspace: 88338K(94336K)->88338K(94336K) NonClass: 77140K(80640K)->77140K(80640K) Class: 11198K(13696K)->11198K(13696K)
[2020-09-03T11:17:34.462+0000][23984][gc           ] GC(473) Pause Young (Concurrent Start) (G1 Humongous Allocation) 369M->256M(1024M) 4.461ms
[2020-09-03T11:17:34.462+0000][23984][gc,cpu       ] GC(473) User=0.00s Sys=0.00s Real=0.00s
[2020-09-03T11:17:34.462+0000][23984][gc           ] GC(474) Concurrent Cycle
[2020-09-03T11:17:34.462+0000][23984][safepoint    ] Safepoint "G1TryInitiateConcMark", Time since last: 100985900 ns, Reaching safepoint: 153000 ns, At safepoint: 4636500 ns, Total: 4789500 ns
[2020-09-03T11:17:34.462+0000][23984][gc,marking   ] GC(474) Concurrent Clear Claimed Marks
[2020-09-03T11:17:34.462+0000][23984][gc,marking   ] GC(474) Concurrent Clear Claimed Marks 0.487ms
[2020-09-03T11:17:34.463+0000][23984][gc,marking   ] GC(474) Concurrent Scan Root Regions
[2020-09-03T11:17:34.467+0000][23984][gc,marking   ] GC(474) Concurrent Scan Root Regions 4.480ms
[2020-09-03T11:17:34.467+0000][23984][gc,marking   ] GC(474) Concurrent Mark (203.469s)
[2020-09-03T11:17:34.467+0000][23984][gc,marking   ] GC(474) Concurrent Mark From Roots
[2020-09-03T11:17:34.467+0000][23984][gc,task      ] GC(474) Using 2 workers of 2 for marking
[2020-09-03T11:17:34.574+0000][23984][gc,marking   ] GC(474) Concurrent Mark From Roots 106.597ms
[2020-09-03T11:17:34.574+0000][23984][gc,marking   ] GC(474) Concurrent Preclean
[2020-09-03T11:17:34.574+0000][23984][gc,marking   ] GC(474) Concurrent Preclean 0.507ms
[2020-09-03T11:17:34.574+0000][23984][gc,marking   ] GC(474) Concurrent Mark (203.469s, 203.576s) 107.248ms
[2020-09-03T11:17:34.575+0000][23984][gc,start     ] GC(474) Pause Remark
[2020-09-03T11:17:34.580+0000][23984][gc           ] GC(474) Pause Remark 327M->327M(1024M) 5.776ms
[2020-09-03T11:17:34.580+0000][23984][gc,cpu       ] GC(474) User=0.11s Sys=0.00s Real=0.00s
[2020-09-03T11:17:34.581+0000][23984][safepoint    ] Safepoint "G1Concurrent", Time since last: 112484200 ns, Reaching safepoint: 149600 ns, At safepoint: 5988800 ns, Total: 6138400 ns
[2020-09-03T11:17:34.581+0000][23984][gc,marking   ] GC(474) Concurrent Rebuild Remembered Sets
[2020-09-03T11:17:34.647+0000][23984][gc,marking   ] GC(474) Concurrent Rebuild Remembered Sets 66.114ms
[2020-09-03T11:17:34.647+0000][23984][gc,start     ] GC(474) Pause Cleanup
[2020-09-03T11:17:34.647+0000][23984][gc           ] GC(474) Pause Cleanup 400M->400M(1024M) 0.241ms
[2020-09-03T11:17:34.647+0000][23984][gc,cpu       ] GC(474) User=0.00s Sys=0.00s Real=0.00s
[2020-09-03T11:17:34.647+0000][23984][safepoint    ] Safepoint "G1Concurrent", Time since last: 66275400 ns, Reaching safepoint: 133900 ns, At safepoint: 370000 ns, Total: 503900 ns
[2020-09-03T11:17:34.647+0000][23984][gc,marking   ] GC(474) Concurrent Cleanup for Next Mark
[2020-09-03T11:17:34.649+0000][23984][gc,marking   ] GC(474) Concurrent Cleanup for Next Mark 1.227ms
[2020-09-03T11:17:34.649+0000][23984][gc           ] GC(474) Concurrent Cycle 186.837ms
[2020-09-03T11:17:34.713+0000][23984][gc,start     ] GC(475) Pause Young (Concurrent Start) (G1 Humongous Allocation)
[2020-09-03T11:17:34.713+0000][23984][gc,task      ] GC(475) Using 8 workers of 8 for evacuation
[2020-09-03T11:17:34.713+0000][23984][gc,age       ] GC(475) Desired survivor size 33554432 bytes, new threshold 15 (max threshold 15)
[2020-09-03T11:17:34.716+0000][23984][gc,age       ] GC(475) Age table with threshold 15 (max threshold 15)
[2020-09-03T11:17:34.716+0000][23984][gc,age       ] GC(475) - age   1:    2899112 bytes,    2899112 total
[2020-09-03T11:17:34.716+0000][23984][gc,age       ] GC(475) - age   2:     214824 bytes,    3113936 total
[2020-09-03T11:17:34.716+0000][23984][gc,age       ] GC(475) - age   3:     105400 bytes,    3219336 total
[2020-09-03T11:17:34.716+0000][23984][gc,age       ] GC(475) - age   4:     404880 bytes,    3624216 total
[2020-09-03T11:17:34.716+0000][23984][gc,age       ] GC(475) - age   5:      10040 bytes,    3634256 total
[2020-09-03T11:17:34.716+0000][23984][gc,age       ] GC(475) - age   6:        944 bytes,    3635200 total
[2020-09-03T11:17:34.716+0000][23984][gc,age       ] GC(475) - age   7:        600 bytes,    3635800 total
[2020-09-03T11:17:34.716+0000][23984][gc,age       ] GC(475) - age   8:      18400 bytes,    3654200 total
[2020-09-03T11:17:34.717+0000][23984][gc,age       ] GC(475) - age   9:        744 bytes,    3654944 total
[2020-09-03T11:17:34.717+0000][23984][gc,age       ] GC(475) - age  10:        440 bytes,    3655384 total
[2020-09-03T11:17:34.717+0000][23984][gc,age       ] GC(475) - age  11:      18152 bytes,    3673536 total
[2020-09-03T11:17:34.717+0000][23984][gc,age       ] GC(475) - age  12:        120 bytes,    3673656 total
[2020-09-03T11:17:34.717+0000][23984][gc,age       ] GC(475) - age  13:        112 bytes,    3673768 total
[2020-09-03T11:17:34.717+0000][23984][gc,age       ] GC(475) - age  14:        768 bytes,    3674536 total
[2020-09-03T11:17:34.717+0000][23984][gc,age       ] GC(475) - age  15:       7448 bytes,    3681984 total
[2020-09-03T11:17:34.717+0000][23984][gc,phases    ] GC(475)   Pre Evacuate Collection Set: 0.4ms
[2020-09-03T11:17:34.717+0000][23984][gc,phases    ] GC(475)   Merge Heap Roots: 0.1ms
[2020-09-03T11:17:34.717+0000][23984][gc,phases    ] GC(475)   Evacuate Collection Set: 2.0ms
[2020-09-03T11:17:34.717+0000][23984][gc,phases    ] GC(475)   Post Evacuate Collection Set: 0.8ms
[2020-09-03T11:17:34.717+0000][23984][gc,phases    ] GC(475)   Other: 0.7ms
[2020-09-03T11:17:34.717+0000][23984][gc,heap      ] GC(475) Eden regions: 31->0(503)
[2020-09-03T11:17:34.717+0000][23984][gc,heap      ] GC(475) Survivor regions: 4->4(64)
[2020-09-03T11:17:34.717+0000][23984][gc,heap      ] GC(475) Old regions: 80->80
[2020-09-03T11:17:34.717+0000][23984][gc,heap      ] GC(475) Archive regions: 0->0
[2020-09-03T11:17:34.717+0000][23984][gc,heap      ] GC(475) Humongous regions: 294->174
[2020-09-03T11:17:34.717+0000][23984][gc,metaspace ] GC(475) Metaspace: 88357K(94336K)->88357K(94336K) NonClass: 77155K(80640K)->77155K(80640K) Class: 11201K(13696K)->11201K(13696K)
[2020-09-03T11:17:34.717+0000][23984][gc           ] GC(475) Pause Young (Concurrent Start) (G1 Humongous Allocation) 407M->256M(1024M) 4.181ms
[2020-09-03T11:17:34.717+0000][23984][gc,cpu       ] GC(475) User=0.00s Sys=0.02s Real=0.00s
[2020-09-03T11:17:34.717+0000][23984][safepoint    ] Safepoint "G1TryInitiateConcMark", Time since last: 65328100 ns, Reaching safepoint: 141500 ns, At safepoint: 4296200 ns, Total: 4437700 ns
[2020-09-03T11:17:34.717+0000][23984][gc           ] GC(476) Concurrent Cycle
[2020-09-03T11:17:34.717+0000][23984][gc,marking   ] GC(476) Concurrent Clear Claimed Marks
[2020-09-03T11:17:34.718+0000][23984][gc,marking   ] GC(476) Concurrent Clear Claimed Marks 0.370ms
[2020-09-03T11:17:34.718+0000][23984][gc,marking   ] GC(476) Concurrent Scan Root Regions
[2020-09-03T11:17:34.720+0000][23984][gc,marking   ] GC(476) Concurrent Scan Root Regions 2.534ms
[2020-09-03T11:17:34.720+0000][23984][gc,marking   ] GC(476) Concurrent Mark (203.722s)
[2020-09-03T11:17:34.720+0000][23984][gc,marking   ] GC(476) Concurrent Mark From Roots
[2020-09-03T11:17:34.720+0000][23984][gc,task      ] GC(476) Using 2 workers of 2 for marking
[2020-09-03T11:17:34.827+0000][23984][gc,marking   ] GC(476) Concurrent Mark From Roots 106.542ms
[2020-09-03T11:17:34.827+0000][23984][gc,marking   ] GC(476) Concurrent Preclean
[2020-09-03T11:17:34.828+0000][23984][gc,marking   ] GC(476) Concurrent Preclean 0.672ms
[2020-09-03T11:17:34.828+0000][23984][gc,marking   ] GC(476) Concurrent Mark (203.722s, 203.830s) 107.393ms
[2020-09-03T11:17:34.828+0000][23984][gc,start     ] GC(476) Pause Remark
[2020-09-03T11:17:34.834+0000][23984][gc           ] GC(476) Pause Remark 327M->327M(1024M) 6.551ms
[2020-09-03T11:17:34.835+0000][23984][gc,cpu       ] GC(476) User=0.00s Sys=0.00s Real=0.01s
[2020-09-03T11:17:34.835+0000][23984][safepoint    ] Safepoint "G1Concurrent", Time since last: 110693800 ns, Reaching safepoint: 139500 ns, At safepoint: 6764000 ns, Total: 6903500 ns
[2020-09-03T11:17:34.835+0000][23984][gc,marking   ] GC(476) Concurrent Rebuild Remembered Sets
[2020-09-03T11:17:34.908+0000][23984][gc,marking   ] GC(476) Concurrent Rebuild Remembered Sets 72.885ms
[2020-09-03T11:17:34.908+0000][23984][gc,start     ] GC(476) Pause Cleanup
[2020-09-03T11:17:34.908+0000][23984][gc           ] GC(476) Pause Cleanup 334M->334M(1024M) 0.262ms
[2020-09-03T11:17:34.908+0000][23984][gc,cpu       ] GC(476) User=0.00s Sys=0.00s Real=0.00s
[2020-09-03T11:17:34.908+0000][23984][safepoint    ] Safepoint "G1Concurrent", Time since last: 73041100 ns, Reaching safepoint: 116700 ns, At safepoint: 386000 ns, Total: 502700 ns
[2020-09-03T11:17:34.908+0000][23984][gc,marking   ] GC(476) Concurrent Cleanup for Next Mark
[2020-09-03T11:17:34.909+0000][23984][gc,marking   ] GC(476) Concurrent Cleanup for Next Mark 1.072ms
[2020-09-03T11:17:34.909+0000][23984][gc           ] GC(476) Concurrent Cycle 192.324ms
[2020-09-03T11:17:34.948+0000][23984][gc,start     ] GC(477) Pause Young (Concurrent Start) (G1 Humongous Allocation)
[2020-09-03T11:17:34.949+0000][23984][gc,task      ] GC(477) Using 8 workers of 8 for evacuation
[2020-09-03T11:17:34.949+0000][23984][gc,age       ] GC(477) Desired survivor size 33554432 bytes, new threshold 15 (max threshold 15)
[2020-09-03T11:17:34.952+0000][23984][gc,age       ] GC(477) Age table with threshold 15 (max threshold 15)
[2020-09-03T11:17:34.952+0000][23984][gc,age       ] GC(477) - age   1:    2693688 bytes,    2693688 total
[2020-09-03T11:17:34.952+0000][23984][gc,age       ] GC(477) - age   2:       8696 bytes,    2702384 total
[2020-09-03T11:17:34.952+0000][23984][gc,age       ] GC(477) - age   3:     101096 bytes,    2803480 total
[2020-09-03T11:17:34.952+0000][23984][gc,age       ] GC(477) - age   4:       1568 bytes,    2805048 total
[2020-09-03T11:17:34.952+0000][23984][gc,age       ] GC(477) - age   5:       1000 bytes,    2806048 total
[2020-09-03T11:17:34.952+0000][23984][gc,age       ] GC(477) - age   6:       8544 bytes,    2814592 total
[2020-09-03T11:17:34.952+0000][23984][gc,age       ] GC(477) - age   7:        752 bytes,    2815344 total
[2020-09-03T11:17:34.952+0000][23984][gc,age       ] GC(477) - age   8:        600 bytes,    2815944 total
[2020-09-03T11:17:34.952+0000][23984][gc,age       ] GC(477) - age   9:      18400 bytes,    2834344 total
[2020-09-03T11:17:34.953+0000][23984][gc,age       ] GC(477) - age  10:        584 bytes,    2834928 total
[2020-09-03T11:17:34.953+0000][23984][gc,age       ] GC(477) - age  11:        440 bytes,    2835368 total
[2020-09-03T11:17:34.953+0000][23984][gc,age       ] GC(477) - age  12:      18152 bytes,    2853520 total
[2020-09-03T11:17:34.953+0000][23984][gc,age       ] GC(477) - age  13:        120 bytes,    2853640 total
[2020-09-03T11:17:34.953+0000][23984][gc,age       ] GC(477) - age  14:        112 bytes,    2853752 total
[2020-09-03T11:17:34.953+0000][23984][gc,age       ] GC(477) - age  15:        768 bytes,    2854520 total
[2020-09-03T11:17:34.953+0000][23984][gc,phases    ] GC(477)   Pre Evacuate Collection Set: 0.4ms
[2020-09-03T11:17:34.953+0000][23984][gc,phases    ] GC(477)   Merge Heap Roots: 0.1ms
[2020-09-03T11:17:34.953+0000][23984][gc,phases    ] GC(477)   Evacuate Collection Set: 2.0ms
[2020-09-03T11:17:34.953+0000][23984][gc,phases    ] GC(477)   Post Evacuate Collection Set: 0.9ms
[2020-09-03T11:17:34.953+0000][23984][gc,phases    ] GC(477)   Other: 1.0ms
[2020-09-03T11:17:34.953+0000][23984][gc,heap      ] GC(477) Eden regions: 23->0(504)
[2020-09-03T11:17:34.953+0000][23984][gc,heap      ] GC(477) Survivor regions: 4->3(64)
[2020-09-03T11:17:34.953+0000][23984][gc,heap      ] GC(477) Old regions: 80->80
[2020-09-03T11:17:34.953+0000][23984][gc,heap      ] GC(477) Archive regions: 0->0
[2020-09-03T11:17:34.953+0000][23984][gc,heap      ] GC(477) Humongous regions: 234->174
[2020-09-03T11:17:34.953+0000][23984][gc,metaspace ] GC(477) Metaspace: 88357K(94336K)->88357K(94336K) NonClass: 77155K(80640K)->77155K(80640K) Class: 11201K(13696K)->11201K(13696K)
[2020-09-03T11:17:34.953+0000][23984][gc           ] GC(477) Pause Young (Concurrent Start) (G1 Humongous Allocation) 339M->255M(1024M) 4.689ms
[2020-09-03T11:17:34.953+0000][23984][gc,cpu       ] GC(477) User=0.09s Sys=0.00s Real=0.01s
[2020-09-03T11:17:34.953+0000][23984][gc           ] GC(478) Concurrent Cycle
[2020-09-03T11:17:34.953+0000][23984][safepoint    ] Safepoint "G1TryInitiateConcMark", Time since last: 40113200 ns, Reaching safepoint: 128400 ns, At safepoint: 4882500 ns, Total: 5010900 ns
[2020-09-03T11:17:34.953+0000][23984][gc,marking   ] GC(478) Concurrent Clear Claimed Marks
[2020-09-03T11:17:34.954+0000][23984][gc,marking   ] GC(478) Concurrent Clear Claimed Marks 0.522ms
[2020-09-03T11:17:34.954+0000][23984][gc,marking   ] GC(478) Concurrent Scan Root Regions
[2020-09-03T11:17:34.956+0000][23984][gc,marking   ] GC(478) Concurrent Scan Root Regions 2.314ms
[2020-09-03T11:17:34.956+0000][23984][gc,marking   ] GC(478) Concurrent Mark (203.958s)
[2020-09-03T11:17:34.957+0000][23984][gc,marking   ] GC(478) Concurrent Mark From Roots
[2020-09-03T11:17:34.957+0000][23984][gc,task      ] GC(478) Using 2 workers of 2 for marking
[2020-09-03T11:17:35.077+0000][23984][gc,marking   ] GC(478) Concurrent Mark From Roots 120.895ms
[2020-09-03T11:17:35.077+0000][23984][gc,marking   ] GC(478) Concurrent Preclean
[2020-09-03T11:17:35.078+0000][23984][gc,marking   ] GC(478) Concurrent Preclean 0.539ms
[2020-09-03T11:17:35.078+0000][23984][gc,marking   ] GC(478) Concurrent Mark (203.958s, 204.080s) 121.604ms
[2020-09-03T11:17:35.078+0000][23984][gc,start     ] GC(478) Pause Remark
[2020-09-03T11:17:35.087+0000][23984][gc           ] GC(478) Pause Remark 317M->317M(1024M) 8.391ms
[2020-09-03T11:17:35.087+0000][23984][gc,cpu       ] GC(478) User=0.00s Sys=0.00s Real=0.01s
[2020-09-03T11:17:35.087+0000][23984][safepoint    ] Safepoint "G1Concurrent", Time since last: 124806100 ns, Reaching safepoint: 195100 ns, At safepoint: 8618100 ns, Total: 8813200 ns
[2020-09-03T11:17:35.087+0000][23984][gc,marking   ] GC(478) Concurrent Rebuild Remembered Sets
[2020-09-03T11:17:35.165+0000][23984][gc,marking   ] GC(478) Concurrent Rebuild Remembered Sets 77.856ms
[2020-09-03T11:17:35.165+0000][23984][gc,start     ] GC(478) Pause Cleanup
[2020-09-03T11:17:35.165+0000][23984][gc           ] GC(478) Pause Cleanup 387M->387M(1024M) 0.277ms
[2020-09-03T11:17:35.166+0000][23984][gc,cpu       ] GC(478) User=0.00s Sys=0.00s Real=0.00s
[2020-09-03T11:17:35.166+0000][23984][safepoint    ] Safepoint "G1Concurrent", Time since last: 78028900 ns, Reaching safepoint: 143600 ns, At safepoint: 456800 ns, Total: 600400 ns
[2020-09-03T11:17:35.166+0000][23984][gc,marking   ] GC(478) Concurrent Cleanup for Next Mark
[2020-09-03T11:17:35.167+0000][23984][gc,marking   ] GC(478) Concurrent Cleanup for Next Mark 1.238ms
[2020-09-03T11:17:35.167+0000][23984][gc           ] GC(478) Concurrent Cycle 213.659ms
[2020-09-03T11:17:35.271+0000][23984][gc,start     ] GC(479) Pause Young (Concurrent Start) (G1 Humongous Allocation)
[2020-09-03T11:17:35.271+0000][23984][gc,task      ] GC(479) Using 8 workers of 8 for evacuation
[2020-09-03T11:17:35.271+0000][23984][gc,age       ] GC(479) Desired survivor size 33554432 bytes, new threshold 15 (max threshold 15)
[2020-09-03T11:17:35.274+0000][23984][gc,age       ] GC(479) Age table with threshold 15 (max threshold 15)
[2020-09-03T11:17:35.274+0000][23984][gc,age       ] GC(479) - age   1:    1028016 bytes,    1028016 total
[2020-09-03T11:17:35.274+0000][23984][gc,age       ] GC(479) - age   2:      14488 bytes,    1042504 total
[2020-09-03T11:17:35.274+0000][23984][gc,age       ] GC(479) - age   3:       8632 bytes,    1051136 total
[2020-09-03T11:17:35.274+0000][23984][gc,age       ] GC(479) - age   4:     100976 bytes,    1152112 total
[2020-09-03T11:17:35.274+0000][23984][gc,age       ] GC(479) - age   5:       1240 bytes,    1153352 total
[2020-09-03T11:17:35.274+0000][23984][gc,age       ] GC(479) - age   6:        248 bytes,    1153600 total
[2020-09-03T11:17:35.274+0000][23984][gc,age       ] GC(479) - age   7:       8488 bytes,    1162088 total
[2020-09-03T11:17:35.274+0000][23984][gc,age       ] GC(479) - age   8:        752 bytes,    1162840 total
[2020-09-03T11:17:35.274+0000][23984][gc,age       ] GC(479) - age   9:        600 bytes,    1163440 total
[2020-09-03T11:17:35.275+0000][23984][gc,age       ] GC(479) - age  10:      18400 bytes,    1181840 total
[2020-09-03T11:17:35.275+0000][23984][gc,age       ] GC(479) - age  11:        552 bytes,    1182392 total
[2020-09-03T11:17:35.275+0000][23984][gc,age       ] GC(479) - age  12:        440 bytes,    1182832 total
[2020-09-03T11:17:35.275+0000][23984][gc,age       ] GC(479) - age  13:      18120 bytes,    1200952 total
[2020-09-03T11:17:35.275+0000][23984][gc,age       ] GC(479) - age  14:        120 bytes,    1201072 total
[2020-09-03T11:17:35.275+0000][23984][gc,age       ] GC(479) - age  15:        112 bytes,    1201184 total
[2020-09-03T11:17:35.275+0000][23984][gc,phases    ] GC(479)   Pre Evacuate Collection Set: 0.4ms
[2020-09-03T11:17:35.275+0000][23984][gc,phases    ] GC(479)   Merge Heap Roots: 0.1ms
[2020-09-03T11:17:35.275+0000][23984][gc,phases    ] GC(479)   Evacuate Collection Set: 1.8ms
[2020-09-03T11:17:35.275+0000][23984][gc,phases    ] GC(479)   Post Evacuate Collection Set: 0.6ms
[2020-09-03T11:17:35.275+0000][23984][gc,phases    ] GC(479)   Other: 0.9ms
[2020-09-03T11:17:35.275+0000][23984][gc,heap      ] GC(479) Eden regions: 35->0(506)
[2020-09-03T11:17:35.275+0000][23984][gc,heap      ] GC(479) Survivor regions: 3->2(64)
[2020-09-03T11:17:35.275+0000][23984][gc,heap      ] GC(479) Old regions: 80->80
[2020-09-03T11:17:35.275+0000][23984][gc,heap      ] GC(479) Archive regions: 0->0
[2020-09-03T11:17:35.275+0000][23984][gc,heap      ] GC(479) Humongous regions: 278->174
[2020-09-03T11:17:35.275+0000][23984][gc,metaspace ] GC(479) Metaspace: 88357K(94336K)->88357K(94336K) NonClass: 77155K(80640K)->77155K(80640K) Class: 11201K(13696K)->11201K(13696K)
[2020-09-03T11:17:35.275+0000][23984][gc           ] GC(479) Pause Young (Concurrent Start) (G1 Humongous Allocation) 394M->254M(1024M) 4.191ms
[2020-09-03T11:17:35.275+0000][23984][gc,cpu       ] GC(479) User=0.00s Sys=0.00s Real=0.00s
[2020-09-03T11:17:35.275+0000][23984][gc           ] GC(480) Concurrent Cycle
[2020-09-03T11:17:35.275+0000][23984][safepoint    ] Safepoint "G1TryInitiateConcMark", Time since last: 105180300 ns, Reaching safepoint: 193400 ns, At safepoint: 4362600 ns, Total: 4556000 ns
[2020-09-03T11:17:35.275+0000][23984][gc,marking   ] GC(480) Concurrent Clear Claimed Marks
[2020-09-03T11:17:35.276+0000][23984][gc,marking   ] GC(480) Concurrent Clear Claimed Marks 0.432ms
[2020-09-03T11:17:35.276+0000][23984][gc,marking   ] GC(480) Concurrent Scan Root Regions
[2020-09-03T11:17:35.277+0000][23984][gc,marking   ] GC(480) Concurrent Scan Root Regions 1.571ms
[2020-09-03T11:17:35.278+0000][23984][gc,marking   ] GC(480) Concurrent Mark (204.279s)
[2020-09-03T11:17:35.278+0000][23984][gc,marking   ] GC(480) Concurrent Mark From Roots
[2020-09-03T11:17:35.278+0000][23984][gc,task      ] GC(480) Using 2 workers of 2 for marking
[2020-09-03T11:17:35.416+0000][23984][gc,marking   ] GC(480) Concurrent Mark From Roots 138.420ms
[2020-09-03T11:17:35.416+0000][23984][gc,marking   ] GC(480) Concurrent Preclean
[2020-09-03T11:17:35.416+0000][23984][gc,marking   ] GC(480) Concurrent Preclean 0.462ms
[2020-09-03T11:17:35.417+0000][23984][gc,marking   ] GC(480) Concurrent Mark (204.279s, 204.418s) 139.040ms
[2020-09-03T11:17:35.417+0000][23984][gc,start     ] GC(480) Pause Remark
[2020-09-03T11:17:35.424+0000][23984][gc           ] GC(480) Pause Remark 271M->271M(1024M) 7.163ms
[2020-09-03T11:17:35.424+0000][23984][gc,cpu       ] GC(480) User=0.09s Sys=0.00s Real=0.01s
[2020-09-03T11:17:35.424+0000][23984][safepoint    ] Safepoint "G1Concurrent", Time since last: 141289100 ns, Reaching safepoint: 163300 ns, At safepoint: 7365900 ns, Total: 7529200 ns
[2020-09-03T11:17:35.424+0000][23984][gc,marking   ] GC(480) Concurrent Rebuild Remembered Sets
[2020-09-03T11:17:35.513+0000][23984][gc,marking   ] GC(480) Concurrent Rebuild Remembered Sets 88.462ms
[2020-09-03T11:17:35.513+0000][23984][gc,start     ] GC(480) Pause Cleanup
[2020-09-03T11:17:35.513+0000][23984][gc           ] GC(480) Pause Cleanup 287M->287M(1024M) 0.331ms
[2020-09-03T11:17:35.513+0000][23984][gc,cpu       ] GC(480) User=0.00s Sys=0.00s Real=0.00s
[2020-09-03T11:17:35.513+0000][23984][safepoint    ] Safepoint "G1Concurrent", Time since last: 88640000 ns, Reaching safepoint: 143800 ns, At safepoint: 500100 ns, Total: 643900 ns
[2020-09-03T11:17:35.513+0000][23984][gc,marking   ] GC(480) Concurrent Cleanup for Next Mark
[2020-09-03T11:17:35.515+0000][23984][gc,marking   ] GC(480) Concurrent Cleanup for Next Mark 1.591ms
[2020-09-03T11:17:35.515+0000][23984][gc           ] GC(480) Concurrent Cycle 239.878ms
[2020-09-03T11:17:35.618+0000][23984][gc,start     ] GC(481) Pause Young (Concurrent Start) (G1 Humongous Allocation)
[2020-09-03T11:17:35.618+0000][23984][gc,task      ] GC(481) Using 8 workers of 8 for evacuation
[2020-09-03T11:17:35.618+0000][23984][gc,age       ] GC(481) Desired survivor size 33554432 bytes, new threshold 15 (max threshold 15)
[2020-09-03T11:17:35.621+0000][23984][gc,age       ] GC(481) Age table with threshold 15 (max threshold 15)
[2020-09-03T11:17:35.621+0000][23984][gc,age       ] GC(481) - age   1:    1912360 bytes,    1912360 total
[2020-09-03T11:17:35.621+0000][23984][gc,age       ] GC(481) - age   2:     404448 bytes,    2316808 total
[2020-09-03T11:17:35.621+0000][23984][gc,age       ] GC(481) - age   3:      11584 bytes,    2328392 total
[2020-09-03T11:17:35.621+0000][23984][gc,age       ] GC(481) - age   4:       8632 bytes,    2337024 total
[2020-09-03T11:17:35.621+0000][23984][gc,age       ] GC(481) - age   5:     100624 bytes,    2437648 total
[2020-09-03T11:17:35.622+0000][23984][gc,age       ] GC(481) - age   6:        960 bytes,    2438608 total
[2020-09-03T11:17:35.622+0000][23984][gc,age       ] GC(481) - age   7:        248 bytes,    2438856 total
[2020-09-03T11:17:35.622+0000][23984][gc,age       ] GC(481) - age   8:       7960 bytes,    2446816 total
[2020-09-03T11:17:35.622+0000][23984][gc,age       ] GC(481) - age   9:        528 bytes,    2447344 total
[2020-09-03T11:17:35.622+0000][23984][gc,age       ] GC(481) - age  10:        600 bytes,    2447944 total
[2020-09-03T11:17:35.622+0000][23984][gc,age       ] GC(481) - age  11:      15968 bytes,    2463912 total
[2020-09-03T11:17:35.622+0000][23984][gc,age       ] GC(481) - age  12:        464 bytes,    2464376 total
[2020-09-03T11:17:35.622+0000][23984][gc,age       ] GC(481) - age  13:        368 bytes,    2464744 total
[2020-09-03T11:17:35.622+0000][23984][gc,age       ] GC(481) - age  14:      18120 bytes,    2482864 total
[2020-09-03T11:17:35.622+0000][23984][gc,age       ] GC(481) - age  15:        120 bytes,    2482984 total
[2020-09-03T11:17:35.622+0000][23984][gc,phases    ] GC(481)   Pre Evacuate Collection Set: 0.4ms
[2020-09-03T11:17:35.622+0000][23984][gc,phases    ] GC(481)   Merge Heap Roots: 0.1ms
[2020-09-03T11:17:35.622+0000][23984][gc,phases    ] GC(481)   Evacuate Collection Set: 2.0ms
[2020-09-03T11:17:35.622+0000][23984][gc,phases    ] GC(481)   Post Evacuate Collection Set: 0.7ms
[2020-09-03T11:17:35.622+0000][23984][gc,phases    ] GC(481)   Other: 1.1ms
[2020-09-03T11:17:35.622+0000][23984][gc,heap      ] GC(481) Eden regions: 23->0(505)
[2020-09-03T11:17:35.622+0000][23984][gc,heap      ] GC(481) Survivor regions: 2->3(64)
[2020-09-03T11:17:35.622+0000][23984][gc,heap      ] GC(481) Old regions: 80->80
[2020-09-03T11:17:35.622+0000][23984][gc,heap      ] GC(481) Archive regions: 0->0
[2020-09-03T11:17:35.622+0000][23984][gc,heap      ] GC(481) Humongous regions: 227->174
[2020-09-03T11:17:35.622+0000][23984][gc,metaspace ] GC(481) Metaspace: 88357K(94336K)->88357K(94336K) NonClass: 77155K(80640K)->77155K(80640K) Class: 11201K(13696K)->11201K(13696K)
[2020-09-03T11:17:35.622+0000][23984][gc           ] GC(481) Pause Young (Concurrent Start) (G1 Humongous Allocation) 330M->255M(1024M) 4.595ms
[2020-09-03T11:17:35.622+0000][23984][gc,cpu       ] GC(481) User=0.00s Sys=0.00s Real=0.00s
[2020-09-03T11:17:35.622+0000][23984][gc           ] GC(482) Concurrent Cycle
[2020-09-03T11:17:35.622+0000][23984][safepoint    ] Safepoint "G1TryInitiateConcMark", Time since last: 104096500 ns, Reaching safepoint: 212100 ns, At safepoint: 4769200 ns, Total: 4981300 ns
[2020-09-03T11:17:35.623+0000][23984][gc,marking   ] GC(482) Concurrent Clear Claimed Marks
[2020-09-03T11:17:35.623+0000][23984][gc,marking   ] GC(482) Concurrent Clear Claimed Marks 0.438ms
[2020-09-03T11:17:35.623+0000][23984][gc,marking   ] GC(482) Concurrent Scan Root Regions
[2020-09-03T11:17:35.625+0000][23984][gc,marking   ] GC(482) Concurrent Scan Root Regions 1.846ms
[2020-09-03T11:17:35.625+0000][23984][gc,marking   ] GC(482) Concurrent Mark (204.627s)
[2020-09-03T11:17:35.625+0000][23984][gc,marking   ] GC(482) Concurrent Mark From Roots
[2020-09-03T11:17:35.625+0000][23984][gc,task      ] GC(482) Using 2 workers of 2 for marking
[2020-09-03T11:17:35.751+0000][23984][gc,marking   ] GC(482) Concurrent Mark From Roots 125.601ms
[2020-09-03T11:17:35.751+0000][23984][gc,marking   ] GC(482) Concurrent Preclean
[2020-09-03T11:17:35.751+0000][23984][gc,marking   ] GC(482) Concurrent Preclean 0.550ms
[2020-09-03T11:17:35.751+0000][23984][gc,marking   ] GC(482) Concurrent Mark (204.627s, 204.753s) 126.316ms
[2020-09-03T11:17:35.752+0000][23984][gc,start     ] GC(482) Pause Remark
[2020-09-03T11:17:35.758+0000][23984][gc           ] GC(482) Pause Remark 289M->289M(1024M) 6.075ms
[2020-09-03T11:17:35.758+0000][23984][gc,cpu       ] GC(482) User=0.00s Sys=0.00s Real=0.01s
[2020-09-03T11:17:35.758+0000][23984][safepoint    ] Safepoint "G1Concurrent", Time since last: 128860800 ns, Reaching safepoint: 147100 ns, At safepoint: 6274200 ns, Total: 6421300 ns
[2020-09-03T11:17:35.758+0000][23984][gc,marking   ] GC(482) Concurrent Rebuild Remembered Sets
[2020-09-03T11:17:35.846+0000][23984][gc,marking   ] GC(482) Concurrent Rebuild Remembered Sets 87.769ms
[2020-09-03T11:17:35.846+0000][23984][gc,start     ] GC(482) Pause Cleanup
[2020-09-03T11:17:35.846+0000][23984][gc           ] GC(482) Pause Cleanup 361M->361M(1024M) 0.344ms
[2020-09-03T11:17:35.846+0000][23984][gc,cpu       ] GC(482) User=0.00s Sys=0.00s Real=0.00s
[2020-09-03T11:17:35.846+0000][23984][safepoint    ] Safepoint "G1Concurrent", Time since last: 87964400 ns, Reaching safepoint: 158200 ns, At safepoint: 533900 ns, Total: 692100 ns
[2020-09-03T11:17:35.847+0000][23984][gc,marking   ] GC(482) Concurrent Cleanup for Next Mark
[2020-09-03T11:17:35.848+0000][23984][gc,marking   ] GC(482) Concurrent Cleanup for Next Mark 1.354ms
[2020-09-03T11:17:35.848+0000][23984][gc           ] GC(482) Concurrent Cycle 225.492ms
[2020-09-03T11:17:36.037+0000][23984][gc,start     ] GC(483) Pause Young (Concurrent Start) (G1 Humongous Allocation)
[2020-09-03T11:17:36.037+0000][23984][gc,task      ] GC(483) Using 8 workers of 8 for evacuation
[2020-09-03T11:17:36.037+0000][23984][gc,age       ] GC(483) Desired survivor size 33554432 bytes, new threshold 15 (max threshold 15)
[2020-09-03T11:17:36.040+0000][23984][gc,age       ] GC(483) Age table with threshold 15 (max threshold 15)
[2020-09-03T11:17:36.040+0000][23984][gc,age       ] GC(483) - age   1:    2722176 bytes,    2722176 total
[2020-09-03T11:17:36.040+0000][23984][gc,age       ] GC(483) - age   2:       1832 bytes,    2724008 total
[2020-09-03T11:17:36.040+0000][23984][gc,age       ] GC(483) - age   3:       1368 bytes,    2725376 total
[2020-09-03T11:17:36.040+0000][23984][gc,age       ] GC(483) - age   4:       5592 bytes,    2730968 total
[2020-09-03T11:17:36.040+0000][23984][gc,age       ] GC(483) - age   5:       7680 bytes,    2738648 total
[2020-09-03T11:17:36.040+0000][23984][gc,age       ] GC(483) - age   6:     100592 bytes,    2839240 total
[2020-09-03T11:17:36.041+0000][23984][gc,age       ] GC(483) - age   7:        576 bytes,    2839816 total
[2020-09-03T11:17:36.041+0000][23984][gc,age       ] GC(483) - age   8:        248 bytes,    2840064 total
[2020-09-03T11:17:36.041+0000][23984][gc,age       ] GC(483) - age   9:       5008 bytes,    2845072 total
[2020-09-03T11:17:36.041+0000][23984][gc,age       ] GC(483) - age  10:        528 bytes,    2845600 total
[2020-09-03T11:17:36.041+0000][23984][gc,age       ] GC(483) - age  11:        600 bytes,    2846200 total
[2020-09-03T11:17:36.041+0000][23984][gc,age       ] GC(483) - age  12:      15024 bytes,    2861224 total
[2020-09-03T11:17:36.041+0000][23984][gc,age       ] GC(483) - age  13:        432 bytes,    2861656 total
[2020-09-03T11:17:36.041+0000][23984][gc,age       ] GC(483) - age  14:        368 bytes,    2862024 total
[2020-09-03T11:17:36.041+0000][23984][gc,age       ] GC(483) - age  15:      18120 bytes,    2880144 total
[2020-09-03T11:17:36.041+0000][23984][gc,phases    ] GC(483)   Pre Evacuate Collection Set: 0.4ms
[2020-09-03T11:17:36.041+0000][23984][gc,phases    ] GC(483)   Merge Heap Roots: 0.1ms
[2020-09-03T11:17:36.041+0000][23984][gc,phases    ] GC(483)   Evacuate Collection Set: 1.8ms
[2020-09-03T11:17:36.041+0000][23984][gc,phases    ] GC(483)   Post Evacuate Collection Set: 0.7ms
[2020-09-03T11:17:36.041+0000][23984][gc,phases    ] GC(483)   Other: 0.9ms
[2020-09-03T11:17:36.041+0000][23984][gc,heap      ] GC(483) Eden regions: 42->0(504)
[2020-09-03T11:17:36.041+0000][23984][gc,heap      ] GC(483) Survivor regions: 3->3(64)
[2020-09-03T11:17:36.041+0000][23984][gc,heap      ] GC(483) Old regions: 80->80
[2020-09-03T11:17:36.041+0000][23984][gc,heap      ] GC(483) Archive regions: 0->0
[2020-09-03T11:17:36.041+0000][23984][gc,heap      ] GC(483) Humongous regions: 255->174
[2020-09-03T11:17:36.041+0000][23984][gc,metaspace ] GC(483) Metaspace: 88358K(94336K)->88358K(94336K) NonClass: 77156K(80640K)->77156K(80640K) Class: 11201K(13696K)->11201K(13696K)
[2020-09-03T11:17:36.041+0000][23984][gc           ] GC(483) Pause Young (Concurrent Start) (G1 Humongous Allocation) 377M->255M(1024M) 4.261ms
[2020-09-03T11:17:36.041+0000][23984][gc,cpu       ] GC(483) User=0.00s Sys=0.00s Real=0.00s
[2020-09-03T11:17:36.041+0000][23984][safepoint    ] Safepoint "G1TryInitiateConcMark", Time since last: 190386600 ns, Reaching safepoint: 141400 ns, At safepoint: 4409300 ns, Total: 4550700 ns
[2020-09-03T11:17:36.041+0000][23984][gc           ] GC(484) Concurrent Cycle
[2020-09-03T11:17:36.041+0000][23984][gc,marking   ] GC(484) Concurrent Clear Claimed Marks
[2020-09-03T11:17:36.042+0000][23984][gc,marking   ] GC(484) Concurrent Clear Claimed Marks 0.355ms
[2020-09-03T11:17:36.042+0000][23984][gc,marking   ] GC(484) Concurrent Scan Root Regions
[2020-09-03T11:17:36.044+0000][23984][gc,marking   ] GC(484) Concurrent Scan Root Regions 1.880ms
[2020-09-03T11:17:36.044+0000][23984][gc,marking   ] GC(484) Concurrent Mark (205.046s)
[2020-09-03T11:17:36.044+0000][23984][gc,marking   ] GC(484) Concurrent Mark From Roots
[2020-09-03T11:17:36.044+0000][23984][gc,task      ] GC(484) Using 2 workers of 2 for marking
[2020-09-03T11:17:36.164+0000][23984][gc,marking   ] GC(484) Concurrent Mark From Roots 120.599ms
[2020-09-03T11:17:36.165+0000][23984][gc,marking   ] GC(484) Concurrent Preclean
[2020-09-03T11:17:36.165+0000][23984][gc,marking   ] GC(484) Concurrent Preclean 0.535ms
[2020-09-03T11:17:36.165+0000][23984][gc,marking   ] GC(484) Concurrent Mark (205.046s, 205.167s) 121.298ms
[2020-09-03T11:17:36.165+0000][23984][gc,start     ] GC(484) Pause Remark
[2020-09-03T11:17:36.172+0000][23984][gc           ] GC(484) Pause Remark 318M->318M(1024M) 6.201ms
[2020-09-03T11:17:36.172+0000][23984][gc,cpu       ] GC(484) User=0.11s Sys=0.00s Real=0.01s
[2020-09-03T11:17:36.172+0000][23984][safepoint    ] Safepoint "G1Concurrent", Time since last: 123821100 ns, Reaching safepoint: 143600 ns, At safepoint: 6435000 ns, Total: 6578600 ns
[2020-09-03T11:17:36.172+0000][23984][gc,marking   ] GC(484) Concurrent Rebuild Remembered Sets
[2020-09-03T11:17:36.257+0000][23984][gc,marking   ] GC(484) Concurrent Rebuild Remembered Sets 84.738ms
[2020-09-03T11:17:36.257+0000][23984][gc,start     ] GC(484) Pause Cleanup
[2020-09-03T11:17:36.257+0000][23984][gc           ] GC(484) Pause Cleanup 388M->388M(1024M) 0.315ms
[2020-09-03T11:17:36.257+0000][23984][gc,cpu       ] GC(484) User=0.00s Sys=0.00s Real=0.00s
[2020-09-03T11:17:36.257+0000][23984][safepoint    ] Safepoint "G1Concurrent", Time since last: 84912200 ns, Reaching safepoint: 140300 ns, At safepoint: 442700 ns, Total: 583000 ns
[2020-09-03T11:17:36.257+0000][23984][gc,marking   ] GC(484) Concurrent Cleanup for Next Mark
[2020-09-03T11:17:36.258+0000][23984][gc,marking   ] GC(484) Concurrent Cleanup for Next Mark 1.142ms
[2020-09-03T11:17:36.259+0000][23984][gc           ] GC(484) Concurrent Cycle 217.189ms
[2020-09-03T11:17:36.338+0000][23984][gc,start     ] GC(485) Pause Young (Concurrent Start) (G1 Humongous Allocation)
[2020-09-03T11:17:36.338+0000][23984][gc,task      ] GC(485) Using 8 workers of 8 for evacuation
[2020-09-03T11:17:36.338+0000][23984][gc,age       ] GC(485) Desired survivor size 33554432 bytes, new threshold 15 (max threshold 15)
[2020-09-03T11:17:36.341+0000][23984][gc,age       ] GC(485) Age table with threshold 15 (max threshold 15)
[2020-09-03T11:17:36.341+0000][23984][gc,age       ] GC(485) - age   1:    1028488 bytes,    1028488 total
[2020-09-03T11:17:36.341+0000][23984][gc,age       ] GC(485) - age   2:      42792 bytes,    1071280 total
[2020-09-03T11:17:36.341+0000][23984][gc,age       ] GC(485) - age   3:       1832 bytes,    1073112 total
[2020-09-03T11:17:36.341+0000][23984][gc,age       ] GC(485) - age   4:        520 bytes,    1073632 total
[2020-09-03T11:17:36.341+0000][23984][gc,age       ] GC(485) - age   5:       5560 bytes,    1079192 total
[2020-09-03T11:17:36.341+0000][23984][gc,age       ] GC(485) - age   6:       7520 bytes,    1086712 total
[2020-09-03T11:17:36.341+0000][23984][gc,age       ] GC(485) - age   7:     100560 bytes,    1187272 total
[2020-09-03T11:17:36.341+0000][23984][gc,age       ] GC(485) - age   8:        576 bytes,    1187848 total
[2020-09-03T11:17:36.341+0000][23984][gc,age       ] GC(485) - age   9:        248 bytes,    1188096 total
[2020-09-03T11:17:36.341+0000][23984][gc,age       ] GC(485) - age  10:       5008 bytes,    1193104 total
[2020-09-03T11:17:36.341+0000][23984][gc,age       ] GC(485) - age  11:        464 bytes,    1193568 total
[2020-09-03T11:17:36.341+0000][23984][gc,age       ] GC(485) - age  12:        600 bytes,    1194168 total
[2020-09-03T11:17:36.341+0000][23984][gc,age       ] GC(485) - age  13:      14992 bytes,    1209160 total
[2020-09-03T11:17:36.341+0000][23984][gc,age       ] GC(485) - age  14:        432 bytes,    1209592 total
[2020-09-03T11:17:36.341+0000][23984][gc,age       ] GC(485) - age  15:        368 bytes,    1209960 total
[2020-09-03T11:17:36.341+0000][23984][gc,phases    ] GC(485)   Pre Evacuate Collection Set: 0.4ms
[2020-09-03T11:17:36.341+0000][23984][gc,phases    ] GC(485)   Merge Heap Roots: 0.1ms
[2020-09-03T11:17:36.341+0000][23984][gc,phases    ] GC(485)   Evacuate Collection Set: 1.6ms
[2020-09-03T11:17:36.341+0000][23984][gc,phases    ] GC(485)   Post Evacuate Collection Set: 0.7ms
[2020-09-03T11:17:36.342+0000][23984][gc,phases    ] GC(485)   Other: 0.7ms
[2020-09-03T11:17:36.342+0000][23984][gc,heap      ] GC(485) Eden regions: 36->0(506)
[2020-09-03T11:17:36.342+0000][23984][gc,heap      ] GC(485) Survivor regions: 3->2(64)
[2020-09-03T11:17:36.342+0000][23984][gc,heap      ] GC(485) Old regions: 80->80
[2020-09-03T11:17:36.342+0000][23984][gc,heap      ] GC(485) Archive regions: 0->0
[2020-09-03T11:17:36.342+0000][23984][gc,heap      ] GC(485) Humongous regions: 278->174
[2020-09-03T11:17:36.342+0000][23984][gc,metaspace ] GC(485) Metaspace: 88359K(94336K)->88359K(94336K) NonClass: 77158K(80640K)->77158K(80640K) Class: 11201K(13696K)->11201K(13696K)
[2020-09-03T11:17:36.342+0000][23984][gc           ] GC(485) Pause Young (Concurrent Start) (G1 Humongous Allocation) 395M->254M(1024M) 3.642ms
[2020-09-03T11:17:36.342+0000][23984][gc,cpu       ] GC(485) User=0.02s Sys=0.00s Real=0.00s
[2020-09-03T11:17:36.342+0000][23984][safepoint    ] Safepoint "G1TryInitiateConcMark", Time since last: 80644100 ns, Reaching safepoint: 131200 ns, At safepoint: 3758300 ns, Total: 3889500 ns
[2020-09-03T11:17:36.342+0000][23984][gc           ] GC(486) Concurrent Cycle
[2020-09-03T11:17:36.342+0000][23984][gc,marking   ] GC(486) Concurrent Clear Claimed Marks
[2020-09-03T11:17:36.342+0000][23984][gc,marking   ] GC(486) Concurrent Clear Claimed Marks 0.335ms
[2020-09-03T11:17:36.342+0000][23984][gc,marking   ] GC(486) Concurrent Scan Root Regions
[2020-09-03T11:17:36.344+0000][23984][gc,marking   ] GC(486) Concurrent Scan Root Regions 1.564ms
[2020-09-03T11:17:36.344+0000][23984][gc,marking   ] GC(486) Concurrent Mark (205.346s)
[2020-09-03T11:17:36.344+0000][23984][gc,marking   ] GC(486) Concurrent Mark From Roots
[2020-09-03T11:17:36.344+0000][23984][gc,task      ] GC(486) Using 2 workers of 2 for marking
[2020-09-03T11:17:36.452+0000][23984][gc,marking   ] GC(486) Concurrent Mark From Roots 108.303ms
[2020-09-03T11:17:36.452+0000][23984][gc,marking   ] GC(486) Concurrent Preclean
[2020-09-03T11:17:36.453+0000][23984][gc,marking   ] GC(486) Concurrent Preclean 0.410ms
[2020-09-03T11:17:36.453+0000][23984][gc,marking   ] GC(486) Concurrent Mark (205.346s, 205.455s) 108.825ms
[2020-09-03T11:17:36.453+0000][23984][gc,start     ] GC(486) Pause Remark
[2020-09-03T11:17:36.459+0000][23984][gc           ] GC(486) Pause Remark 270M->270M(1024M) 5.683ms
[2020-09-03T11:17:36.459+0000][23984][gc,cpu       ] GC(486) User=0.00s Sys=0.00s Real=0.01s
[2020-09-03T11:17:36.459+0000][23984][safepoint    ] Safepoint "G1Concurrent", Time since last: 110952900 ns, Reaching safepoint: 151300 ns, At safepoint: 5856300 ns, Total: 6007600 ns
[2020-09-03T11:17:36.459+0000][23984][gc,marking   ] GC(486) Concurrent Rebuild Remembered Sets
[2020-09-03T11:17:36.528+0000][23984][gc,marking   ] GC(486) Concurrent Rebuild Remembered Sets 69.526ms
[2020-09-03T11:17:36.529+0000][23984][gc,start     ] GC(486) Pause Cleanup
[2020-09-03T11:17:36.529+0000][23984][gc           ] GC(486) Pause Cleanup 287M->287M(1024M) 0.246ms
[2020-09-03T11:17:36.529+0000][23984][gc,cpu       ] GC(486) User=0.00s Sys=0.00s Real=0.00s
[2020-09-03T11:17:36.529+0000][23984][safepoint    ] Safepoint "G1Concurrent", Time since last: 69679500 ns, Reaching safepoint: 146400 ns, At safepoint: 375600 ns, Total: 522000 ns
[2020-09-03T11:17:36.529+0000][23984][gc,marking   ] GC(486) Concurrent Cleanup for Next Mark
[2020-09-03T11:17:36.530+0000][23984][gc,marking   ] GC(486) Concurrent Cleanup for Next Mark 1.390ms
[2020-09-03T11:17:36.531+0000][23984][gc           ] GC(486) Concurrent Cycle 188.716ms
[2020-09-03T11:17:36.614+0000][23984][gc,start     ] GC(487) Pause Young (Concurrent Start) (G1 Humongous Allocation)
[2020-09-03T11:17:36.614+0000][23984][gc,task      ] GC(487) Using 8 workers of 8 for evacuation
[2020-09-03T11:17:36.615+0000][23984][gc,age       ] GC(487) Desired survivor size 33554432 bytes, new threshold 15 (max threshold 15)
[2020-09-03T11:17:36.618+0000][23984][gc,age       ] GC(487) Age table with threshold 15 (max threshold 15)
[2020-09-03T11:17:36.618+0000][23984][gc,age       ] GC(487) - age   1:    1916520 bytes,    1916520 total
[2020-09-03T11:17:36.618+0000][23984][gc,age       ] GC(487) - age   2:     404480 bytes,    2321000 total
[2020-09-03T11:17:36.618+0000][23984][gc,age       ] GC(487) - age   3:      42176 bytes,    2363176 total
[2020-09-03T11:17:36.618+0000][23984][gc,age       ] GC(487) - age   4:       1576 bytes,    2364752 total
[2020-09-03T11:17:36.618+0000][23984][gc,age       ] GC(487) - age   5:        392 bytes,    2365144 total
[2020-09-03T11:17:36.618+0000][23984][gc,age       ] GC(487) - age   6:       5464 bytes,    2370608 total
[2020-09-03T11:17:36.618+0000][23984][gc,age       ] GC(487) - age   7:       7360 bytes,    2377968 total
[2020-09-03T11:17:36.618+0000][23984][gc,age       ] GC(487) - age   8:     100528 bytes,    2478496 total
[2020-09-03T11:17:36.618+0000][23984][gc,age       ] GC(487) - age   9:        544 bytes,    2479040 total
[2020-09-03T11:17:36.618+0000][23984][gc,age       ] GC(487) - age  10:        216 bytes,    2479256 total
[2020-09-03T11:17:36.618+0000][23984][gc,age       ] GC(487) - age  11:       4912 bytes,    2484168 total
[2020-09-03T11:17:36.618+0000][23984][gc,age       ] GC(487) - age  12:        464 bytes,    2484632 total
[2020-09-03T11:17:36.618+0000][23984][gc,age       ] GC(487) - age  13:        600 bytes,    2485232 total
[2020-09-03T11:17:36.618+0000][23984][gc,age       ] GC(487) - age  14:      14992 bytes,    2500224 total
[2020-09-03T11:17:36.618+0000][23984][gc,age       ] GC(487) - age  15:        368 bytes,    2500592 total
[2020-09-03T11:17:36.618+0000][23984][gc,phases    ] GC(487)   Pre Evacuate Collection Set: 0.4ms
[2020-09-03T11:17:36.618+0000][23984][gc,phases    ] GC(487)   Merge Heap Roots: 0.1ms
[2020-09-03T11:17:36.618+0000][23984][gc,phases    ] GC(487)   Evacuate Collection Set: 1.8ms
[2020-09-03T11:17:36.618+0000][23984][gc,phases    ] GC(487)   Post Evacuate Collection Set: 0.7ms
[2020-09-03T11:17:36.618+0000][23984][gc,phases    ] GC(487)   Other: 0.8ms
[2020-09-03T11:17:36.618+0000][23984][gc,heap      ] GC(487) Eden regions: 23->0(505)
[2020-09-03T11:17:36.618+0000][23984][gc,heap      ] GC(487) Survivor regions: 2->3(64)
[2020-09-03T11:17:36.618+0000][23984][gc,heap      ] GC(487) Old regions: 80->80
[2020-09-03T11:17:36.618+0000][23984][gc,heap      ] GC(487) Archive regions: 0->0
[2020-09-03T11:17:36.618+0000][23984][gc,heap      ] GC(487) Humongous regions: 227->174
[2020-09-03T11:17:36.618+0000][23984][gc,metaspace ] GC(487) Metaspace: 88365K(94336K)->88365K(94336K) NonClass: 77164K(80640K)->77164K(80640K) Class: 11201K(13696K)->11201K(13696K)
[2020-09-03T11:17:36.618+0000][23984][gc           ] GC(487) Pause Young (Concurrent Start) (G1 Humongous Allocation) 330M->255M(1024M) 4.007ms
[2020-09-03T11:17:36.618+0000][23984][gc,cpu       ] GC(487) User=0.00s Sys=0.00s Real=0.00s
[2020-09-03T11:17:36.618+0000][23984][gc           ] GC(488) Concurrent Cycle
[2020-09-03T11:17:36.618+0000][23984][safepoint    ] Safepoint "G1TryInitiateConcMark", Time since last: 85183600 ns, Reaching safepoint: 185000 ns, At safepoint: 4175600 ns, Total: 4360600 ns
[2020-09-03T11:17:36.619+0000][23984][gc,marking   ] GC(488) Concurrent Clear Claimed Marks
[2020-09-03T11:17:36.619+0000][23984][gc,marking   ] GC(488) Concurrent Clear Claimed Marks 0.391ms
[2020-09-03T11:17:36.619+0000][23984][gc,marking   ] GC(488) Concurrent Scan Root Regions
[2020-09-03T11:17:36.621+0000][23984][gc,marking   ] GC(488) Concurrent Scan Root Regions 1.895ms
[2020-09-03T11:17:36.621+0000][23984][gc,marking   ] GC(488) Concurrent Mark (205.623s)
[2020-09-03T11:17:36.621+0000][23984][gc,marking   ] GC(488) Concurrent Mark From Roots
[2020-09-03T11:17:36.621+0000][23984][gc,task      ] GC(488) Using 2 workers of 2 for marking
[2020-09-03T11:17:36.749+0000][23984][gc,marking   ] GC(488) Concurrent Mark From Roots 128.245ms
[2020-09-03T11:17:36.749+0000][23984][gc,marking   ] GC(488) Concurrent Preclean
[2020-09-03T11:17:36.750+0000][23984][gc,marking   ] GC(488) Concurrent Preclean 0.564ms
[2020-09-03T11:17:36.750+0000][23984][gc,marking   ] GC(488) Concurrent Mark (205.623s, 205.752s) 128.986ms
[2020-09-03T11:17:36.750+0000][23984][gc,start     ] GC(488) Pause Remark
[2020-09-03T11:17:36.756+0000][23984][gc           ] GC(488) Pause Remark 292M->292M(1024M) 5.384ms
[2020-09-03T11:17:36.756+0000][23984][gc,cpu       ] GC(488) User=0.00s Sys=0.00s Real=0.01s
[2020-09-03T11:17:36.756+0000][23984][safepoint    ] Safepoint "G1Concurrent", Time since last: 131537900 ns, Reaching safepoint: 138800 ns, At safepoint: 5547800 ns, Total: 5686600 ns
[2020-09-03T11:17:36.756+0000][23984][gc,marking   ] GC(488) Concurrent Rebuild Remembered Sets
[2020-09-03T11:17:36.836+0000][23984][gc,marking   ] GC(488) Concurrent Rebuild Remembered Sets 80.640ms
[2020-09-03T11:17:36.837+0000][23984][gc,start     ] GC(488) Pause Cleanup
[2020-09-03T11:17:36.837+0000][23984][gc           ] GC(488) Pause Cleanup 362M->362M(1024M) 0.380ms
[2020-09-03T11:17:36.837+0000][23984][gc,cpu       ] GC(488) User=0.00s Sys=0.00s Real=0.00s
[2020-09-03T11:17:36.837+0000][23984][safepoint    ] Safepoint "G1Concurrent", Time since last: 80823200 ns, Reaching safepoint: 159100 ns, At safepoint: 537200 ns, Total: 696300 ns
[2020-09-03T11:17:36.837+0000][23984][gc,marking   ] GC(488) Concurrent Cleanup for Next Mark
[2020-09-03T11:17:36.839+0000][23984][gc,marking   ] GC(488) Concurrent Cleanup for Next Mark 1.536ms
[2020-09-03T11:17:36.839+0000][23984][gc           ] GC(488) Concurrent Cycle 220.494ms
[2020-09-03T11:17:36.948+0000][23984][gc,start     ] GC(489) Pause Young (Concurrent Start) (G1 Humongous Allocation)
[2020-09-03T11:17:36.948+0000][23984][gc,task      ] GC(489) Using 8 workers of 8 for evacuation
[2020-09-03T11:17:36.949+0000][23984][gc,age       ] GC(489) Desired survivor size 33554432 bytes, new threshold 15 (max threshold 15)
[2020-09-03T11:17:36.952+0000][23984][gc,age       ] GC(489) Age table with threshold 15 (max threshold 15)
[2020-09-03T11:17:36.952+0000][23984][gc,age       ] GC(489) - age   1:    2966648 bytes,    2966648 total
[2020-09-03T11:17:36.952+0000][23984][gc,age       ] GC(489) - age   2:     110408 bytes,    3077056 total
[2020-09-03T11:17:36.952+0000][23984][gc,age       ] GC(489) - age   3:     403904 bytes,    3480960 total
[2020-09-03T11:17:36.952+0000][23984][gc,age       ] GC(489) - age   4:      30256 bytes,    3511216 total
[2020-09-03T11:17:36.952+0000][23984][gc,age       ] GC(489) - age   5:       1288 bytes,    3512504 total
[2020-09-03T11:17:36.952+0000][23984][gc,age       ] GC(489) - age   6:        136 bytes,    3512640 total
[2020-09-03T11:17:36.952+0000][23984][gc,age       ] GC(489) - age   7:       5464 bytes,    3518104 total
[2020-09-03T11:17:36.952+0000][23984][gc,age       ] GC(489) - age   8:       7296 bytes,    3525400 total
[2020-09-03T11:17:36.952+0000][23984][gc,age       ] GC(489) - age   9:     100528 bytes,    3625928 total
[2020-09-03T11:17:36.953+0000][23984][gc,age       ] GC(489) - age  10:        480 bytes,    3626408 total
[2020-09-03T11:17:36.953+0000][23984][gc,age       ] GC(489) - age  11:        184 bytes,    3626592 total
[2020-09-03T11:17:36.953+0000][23984][gc,age       ] GC(489) - age  12:       4912 bytes,    3631504 total
[2020-09-03T11:17:36.953+0000][23984][gc,age       ] GC(489) - age  13:        464 bytes,    3631968 total
[2020-09-03T11:17:36.953+0000][23984][gc,age       ] GC(489) - age  14:        600 bytes,    3632568 total
[2020-09-03T11:17:36.953+0000][23984][gc,age       ] GC(489) - age  15:      14992 bytes,    3647560 total
[2020-09-03T11:17:36.953+0000][23984][gc,phases    ] GC(489)   Pre Evacuate Collection Set: 0.5ms
[2020-09-03T11:17:36.953+0000][23984][gc,phases    ] GC(489)   Merge Heap Roots: 0.1ms
[2020-09-03T11:17:36.953+0000][23984][gc,phases    ] GC(489)   Evacuate Collection Set: 2.1ms
[2020-09-03T11:17:36.953+0000][23984][gc,phases    ] GC(489)   Post Evacuate Collection Set: 0.7ms
[2020-09-03T11:17:36.953+0000][23984][gc,phases    ] GC(489)   Other: 1.0ms
[2020-09-03T11:17:36.953+0000][23984][gc,heap      ] GC(489) Eden regions: 39->0(503)
[2020-09-03T11:17:36.953+0000][23984][gc,heap      ] GC(489) Survivor regions: 3->4(64)
[2020-09-03T11:17:36.953+0000][23984][gc,heap      ] GC(489) Old regions: 80->80
[2020-09-03T11:17:36.953+0000][23984][gc,heap      ] GC(489) Archive regions: 0->0
[2020-09-03T11:17:36.953+0000][23984][gc,heap      ] GC(489) Humongous regions: 255->174
[2020-09-03T11:17:36.953+0000][23984][gc,metaspace ] GC(489) Metaspace: 88375K(94336K)->88375K(94336K) NonClass: 77172K(80640K)->77172K(80640K) Class: 11202K(13696K)->11202K(13696K)
[2020-09-03T11:17:36.953+0000][23984][gc           ] GC(489) Pause Young (Concurrent Start) (G1 Humongous Allocation) 375M->256M(1024M) 4.743ms
[2020-09-03T11:17:36.953+0000][23984][gc,cpu       ] GC(489) User=0.09s Sys=0.00s Real=0.01s
[2020-09-03T11:17:36.953+0000][23984][gc           ] GC(490) Concurrent Cycle
[2020-09-03T11:17:36.953+0000][23984][safepoint    ] Safepoint "G1TryInitiateConcMark", Time since last: 111003500 ns, Reaching safepoint: 151400 ns, At safepoint: 4913700 ns, Total: 5065100 ns
[2020-09-03T11:17:36.953+0000][23984][gc,marking   ] GC(490) Concurrent Clear Claimed Marks
[2020-09-03T11:17:36.954+0000][23984][gc,marking   ] GC(490) Concurrent Clear Claimed Marks 0.401ms
[2020-09-03T11:17:36.954+0000][23984][gc,marking   ] GC(490) Concurrent Scan Root Regions
[2020-09-03T11:17:36.956+0000][23984][gc,marking   ] GC(490) Concurrent Scan Root Regions 2.364ms
[2020-09-03T11:17:36.956+0000][23984][gc,marking   ] GC(490) Concurrent Mark (205.958s)
[2020-09-03T11:17:36.956+0000][23984][gc,marking   ] GC(490) Concurrent Mark From Roots
[2020-09-03T11:17:36.956+0000][23984][gc,task      ] GC(490) Using 2 workers of 2 for marking
[2020-09-03T11:17:37.087+0000][23984][gc,marking   ] GC(490) Concurrent Mark From Roots 130.306ms
[2020-09-03T11:17:37.087+0000][23984][gc,marking   ] GC(490) Concurrent Preclean
[2020-09-03T11:17:37.087+0000][23984][gc,marking   ] GC(490) Concurrent Preclean 0.522ms
[2020-09-03T11:17:37.087+0000][23984][gc,marking   ] GC(490) Concurrent Mark (205.958s, 206.089s) 130.971ms
[2020-09-03T11:17:37.087+0000][23984][gc,start     ] GC(490) Pause Remark
[2020-09-03T11:17:37.094+0000][23984][gc           ] GC(490) Pause Remark 321M->321M(1024M) 6.913ms
[2020-09-03T11:17:37.094+0000][23984][gc,cpu       ] GC(490) User=0.09s Sys=0.00s Real=0.01s
[2020-09-03T11:17:37.095+0000][23984][safepoint    ] Safepoint "G1Concurrent", Time since last: 133981400 ns, Reaching safepoint: 153100 ns, At safepoint: 7118100 ns, Total: 7271200 ns
[2020-09-03T11:17:37.095+0000][23984][gc,marking   ] GC(490) Concurrent Rebuild Remembered Sets
[2020-09-03T11:17:37.176+0000][23984][gc,marking   ] GC(490) Concurrent Rebuild Remembered Sets 81.548ms
[2020-09-03T11:17:37.176+0000][23984][gc,start     ] GC(490) Pause Cleanup
[2020-09-03T11:17:37.177+0000][23984][gc           ] GC(490) Pause Cleanup 327M->327M(1024M) 0.305ms
[2020-09-03T11:17:37.177+0000][23984][gc,cpu       ] GC(490) User=0.00s Sys=0.00s Real=0.00s
[2020-09-03T11:17:37.177+0000][23984][safepoint    ] Safepoint "G1Concurrent", Time since last: 81747300 ns, Reaching safepoint: 133000 ns, At safepoint: 461100 ns, Total: 594100 ns
[2020-09-03T11:17:37.177+0000][23984][gc,marking   ] GC(490) Concurrent Cleanup for Next Mark
[2020-09-03T11:17:37.178+0000][23984][gc,marking   ] GC(490) Concurrent Cleanup for Next Mark 1.306ms
[2020-09-03T11:17:37.178+0000][23984][gc           ] GC(490) Concurrent Cycle 225.097ms
[2020-09-03T11:17:37.208+0000][23984][gc,start     ] GC(491) Pause Young (Concurrent Start) (G1 Humongous Allocation)
[2020-09-03T11:17:37.208+0000][23984][gc,task      ] GC(491) Using 8 workers of 8 for evacuation
[2020-09-03T11:17:37.209+0000][23984][gc,age       ] GC(491) Desired survivor size 33554432 bytes, new threshold 15 (max threshold 15)
[2020-09-03T11:17:37.212+0000][23984][gc,age       ] GC(491) Age table with threshold 15 (max threshold 15)
[2020-09-03T11:17:37.212+0000][23984][gc,age       ] GC(491) - age   1:    2690496 bytes,    2690496 total
[2020-09-03T11:17:37.212+0000][23984][gc,age       ] GC(491) - age   2:      18352 bytes,    2708848 total
[2020-09-03T11:17:37.212+0000][23984][gc,age       ] GC(491) - age   3:       2016 bytes,    2710864 total
[2020-09-03T11:17:37.212+0000][23984][gc,age       ] GC(491) - age   4:       1424 bytes,    2712288 total
[2020-09-03T11:17:37.212+0000][23984][gc,age       ] GC(491) - age   5:      28560 bytes,    2740848 total
[2020-09-03T11:17:37.212+0000][23984][gc,age       ] GC(491) - age   6:       1000 bytes,    2741848 total
[2020-09-03T11:17:37.212+0000][23984][gc,age       ] GC(491) - age   7:        136 bytes,    2741984 total
[2020-09-03T11:17:37.212+0000][23984][gc,age       ] GC(491) - age   8:       5464 bytes,    2747448 total
[2020-09-03T11:17:37.212+0000][23984][gc,age       ] GC(491) - age   9:       7296 bytes,    2754744 total
[2020-09-03T11:17:37.212+0000][23984][gc,age       ] GC(491) - age  10:     100528 bytes,    2855272 total
[2020-09-03T11:17:37.212+0000][23984][gc,age       ] GC(491) - age  11:        352 bytes,    2855624 total
[2020-09-03T11:17:37.212+0000][23984][gc,age       ] GC(491) - age  12:        120 bytes,    2855744 total
[2020-09-03T11:17:37.212+0000][23984][gc,age       ] GC(491) - age  13:       4912 bytes,    2860656 total
[2020-09-03T11:17:37.212+0000][23984][gc,age       ] GC(491) - age  14:        464 bytes,    2861120 total
[2020-09-03T11:17:37.212+0000][23984][gc,age       ] GC(491) - age  15:        600 bytes,    2861720 total
[2020-09-03T11:17:37.212+0000][23984][gc,phases    ] GC(491)   Pre Evacuate Collection Set: 0.4ms
[2020-09-03T11:17:37.212+0000][23984][gc,phases    ] GC(491)   Merge Heap Roots: 0.1ms
[2020-09-03T11:17:37.212+0000][23984][gc,phases    ] GC(491)   Evacuate Collection Set: 2.0ms
[2020-09-03T11:17:37.212+0000][23984][gc,phases    ] GC(491)   Post Evacuate Collection Set: 0.6ms
[2020-09-03T11:17:37.212+0000][23984][gc,phases    ] GC(491)   Other: 0.7ms
[2020-09-03T11:17:37.212+0000][23984][gc,heap      ] GC(491) Eden regions: 19->0(504)
[2020-09-03T11:17:37.212+0000][23984][gc,heap      ] GC(491) Survivor regions: 4->3(64)
[2020-09-03T11:17:37.212+0000][23984][gc,heap      ] GC(491) Old regions: 80->80
[2020-09-03T11:17:37.212+0000][23984][gc,heap      ] GC(491) Archive regions: 0->0
[2020-09-03T11:17:37.212+0000][23984][gc,heap      ] GC(491) Humongous regions: 231->174
[2020-09-03T11:17:37.212+0000][23984][gc,metaspace ] GC(491) Metaspace: 88375K(94336K)->88375K(94336K) NonClass: 77173K(80640K)->77173K(80640K) Class: 11202K(13696K)->11202K(13696K)
[2020-09-03T11:17:37.213+0000][23984][gc           ] GC(491) Pause Young (Concurrent Start) (G1 Humongous Allocation) 332M->255M(1024M) 4.111ms
[2020-09-03T11:17:37.213+0000][23984][gc,cpu       ] GC(491) User=0.00s Sys=0.00s Real=0.01s
[2020-09-03T11:17:37.213+0000][23984][safepoint    ] Safepoint "G1TryInitiateConcMark", Time since last: 31345100 ns, Reaching safepoint: 135900 ns, At safepoint: 4286100 ns, Total: 4422000 ns
[2020-09-03T11:17:37.213+0000][23984][gc           ] GC(492) Concurrent Cycle
[2020-09-03T11:17:37.213+0000][23984][gc,marking   ] GC(492) Concurrent Clear Claimed Marks
[2020-09-03T11:17:37.213+0000][23984][gc,marking   ] GC(492) Concurrent Clear Claimed Marks 0.492ms
[2020-09-03T11:17:37.213+0000][23984][gc,marking   ] GC(492) Concurrent Scan Root Regions
[2020-09-03T11:17:37.215+0000][23984][gc,marking   ] GC(492) Concurrent Scan Root Regions 1.887ms
[2020-09-03T11:17:37.215+0000][23984][gc,marking   ] GC(492) Concurrent Mark (206.217s)
[2020-09-03T11:17:37.215+0000][23984][gc,marking   ] GC(492) Concurrent Mark From Roots
[2020-09-03T11:17:37.215+0000][23984][gc,task      ] GC(492) Using 2 workers of 2 for marking
[2020-09-03T11:17:37.339+0000][23984][gc,marking   ] GC(492) Concurrent Mark From Roots 123.745ms
[2020-09-03T11:17:37.339+0000][23984][gc,marking   ] GC(492) Concurrent Preclean
[2020-09-03T11:17:37.340+0000][23984][gc,marking   ] GC(492) Concurrent Preclean 0.485ms
[2020-09-03T11:17:37.340+0000][23984][gc,marking   ] GC(492) Concurrent Mark (206.217s, 206.342s) 124.384ms
[2020-09-03T11:17:37.340+0000][23984][gc,start     ] GC(492) Pause Remark
[2020-09-03T11:17:37.347+0000][23984][gc           ] GC(492) Pause Remark 319M->319M(1024M) 6.794ms
[2020-09-03T11:17:37.347+0000][23984][gc,cpu       ] GC(492) User=0.09s Sys=0.00s Real=0.01s
[2020-09-03T11:17:37.347+0000][23984][safepoint    ] Safepoint "G1Concurrent", Time since last: 127120700 ns, Reaching safepoint: 178400 ns, At safepoint: 7000800 ns, Total: 7179200 ns
[2020-09-03T11:17:37.347+0000][23984][gc,marking   ] GC(492) Concurrent Rebuild Remembered Sets
[2020-09-03T11:17:37.430+0000][23984][gc,marking   ] GC(492) Concurrent Rebuild Remembered Sets 82.708ms
[2020-09-03T11:17:37.430+0000][23984][gc,start     ] GC(492) Pause Cleanup
[2020-09-03T11:17:37.430+0000][23984][gc           ] GC(492) Pause Cleanup 388M->388M(1024M) 0.256ms
[2020-09-03T11:17:37.430+0000][23984][gc,cpu       ] GC(492) User=0.00s Sys=0.00s Real=0.00s
[2020-09-03T11:17:37.430+0000][23984][safepoint    ] Safepoint "G1Concurrent", Time since last: 82859900 ns, Reaching safepoint: 125400 ns, At safepoint: 385500 ns, Total: 510900 ns
[2020-09-03T11:17:37.430+0000][23984][gc,marking   ] GC(492) Concurrent Cleanup for Next Mark
[2020-09-03T11:17:37.432+0000][23984][gc,marking   ] GC(492) Concurrent Cleanup for Next Mark 1.397ms
[2020-09-03T11:17:37.432+0000][23984][gc           ] GC(492) Concurrent Cycle 219.193ms
[2020-09-03T11:17:37.517+0000][23984][gc,start     ] GC(493) Pause Young (Concurrent Start) (G1 Humongous Allocation)
[2020-09-03T11:17:37.517+0000][23984][gc,task      ] GC(493) Using 8 workers of 8 for evacuation
[2020-09-03T11:17:37.517+0000][23984][gc,age       ] GC(493) Desired survivor size 33554432 bytes, new threshold 15 (max threshold 15)
[2020-09-03T11:17:37.520+0000][23984][gc,age       ] GC(493) Age table with threshold 15 (max threshold 15)
[2020-09-03T11:17:37.520+0000][23984][gc,age       ] GC(493) - age   1:    1029056 bytes,    1029056 total
[2020-09-03T11:17:37.520+0000][23984][gc,age       ] GC(493) - age   2:      11552 bytes,    1040608 total
[2020-09-03T11:17:37.520+0000][23984][gc,age       ] GC(493) - age   3:      17744 bytes,    1058352 total
[2020-09-03T11:17:37.520+0000][23984][gc,age       ] GC(493) - age   4:       1824 bytes,    1060176 total
[2020-09-03T11:17:37.520+0000][23984][gc,age       ] GC(493) - age   5:        656 bytes,    1060832 total
[2020-09-03T11:17:37.520+0000][23984][gc,age       ] GC(493) - age   6:      28464 bytes,    1089296 total
[2020-09-03T11:17:37.520+0000][23984][gc,age       ] GC(493) - age   7:        968 bytes,    1090264 total
[2020-09-03T11:17:37.520+0000][23984][gc,age       ] GC(493) - age   8:        136 bytes,    1090400 total
[2020-09-03T11:17:37.520+0000][23984][gc,age       ] GC(493) - age   9:       5424 bytes,    1095824 total
[2020-09-03T11:17:37.520+0000][23984][gc,age       ] GC(493) - age  10:       7168 bytes,    1102992 total
[2020-09-03T11:17:37.520+0000][23984][gc,age       ] GC(493) - age  11:     100528 bytes,    1203520 total
[2020-09-03T11:17:37.520+0000][23984][gc,age       ] GC(493) - age  12:        248 bytes,    1203768 total
[2020-09-03T11:17:37.520+0000][23984][gc,age       ] GC(493) - age  13:        120 bytes,    1203888 total
[2020-09-03T11:17:37.520+0000][23984][gc,age       ] GC(493) - age  14:       4912 bytes,    1208800 total
[2020-09-03T11:17:37.521+0000][23984][gc,age       ] GC(493) - age  15:        464 bytes,    1209264 total
[2020-09-03T11:17:37.521+0000][23984][gc,phases    ] GC(493)   Pre Evacuate Collection Set: 0.4ms
[2020-09-03T11:17:37.521+0000][23984][gc,phases    ] GC(493)   Merge Heap Roots: 0.1ms
[2020-09-03T11:17:37.521+0000][23984][gc,phases    ] GC(493)   Evacuate Collection Set: 1.7ms
[2020-09-03T11:17:37.521+0000][23984][gc,phases    ] GC(493)   Post Evacuate Collection Set: 0.7ms
[2020-09-03T11:17:37.521+0000][23984][gc,phases    ] GC(493)   Other: 0.8ms
[2020-09-03T11:17:37.521+0000][23984][gc,heap      ] GC(493) Eden regions: 36->0(506)
[2020-09-03T11:17:37.521+0000][23984][gc,heap      ] GC(493) Survivor regions: 3->2(64)
[2020-09-03T11:17:37.521+0000][23984][gc,heap      ] GC(493) Old regions: 80->80
[2020-09-03T11:17:37.521+0000][23984][gc,heap      ] GC(493) Archive regions: 0->0
[2020-09-03T11:17:37.521+0000][23984][gc,heap      ] GC(493) Humongous regions: 278->174
[2020-09-03T11:17:37.521+0000][23984][gc,metaspace ] GC(493) Metaspace: 88375K(94336K)->88375K(94336K) NonClass: 77173K(80640K)->77173K(80640K) Class: 11202K(13696K)->11202K(13696K)
[2020-09-03T11:17:37.521+0000][23984][gc           ] GC(493) Pause Young (Concurrent Start) (G1 Humongous Allocation) 395M->254M(1024M) 4.012ms
[2020-09-03T11:17:37.521+0000][23984][gc,cpu       ] GC(493) User=0.00s Sys=0.00s Real=0.00s
[2020-09-03T11:17:37.521+0000][23984][gc           ] GC(494) Concurrent Cycle
[2020-09-03T11:17:37.521+0000][23984][safepoint    ] Safepoint "G1TryInitiateConcMark", Time since last: 86394800 ns, Reaching safepoint: 145500 ns, At safepoint: 4228300 ns, Total: 4373800 ns
[2020-09-03T11:17:37.521+0000][23984][gc,marking   ] GC(494) Concurrent Clear Claimed Marks
[2020-09-03T11:17:37.521+0000][23984][gc,marking   ] GC(494) Concurrent Clear Claimed Marks 0.338ms
[2020-09-03T11:17:37.522+0000][23984][gc,marking   ] GC(494) Concurrent Scan Root Regions
[2020-09-03T11:17:37.523+0000][23984][gc,marking   ] GC(494) Concurrent Scan Root Regions 1.281ms
[2020-09-03T11:17:37.523+0000][23984][gc,marking   ] GC(494) Concurrent Mark (206.525s)
[2020-09-03T11:17:37.523+0000][23984][gc,marking   ] GC(494) Concurrent Mark From Roots
[2020-09-03T11:17:37.523+0000][23984][gc,task      ] GC(494) Using 2 workers of 2 for marking
[2020-09-03T11:17:37.621+0000][23984][gc,marking   ] GC(494) Concurrent Mark From Roots 97.806ms
[2020-09-03T11:17:37.621+0000][23984][gc,marking   ] GC(494) Concurrent Preclean
[2020-09-03T11:17:37.621+0000][23984][gc,marking   ] GC(494) Concurrent Preclean 0.383ms
[2020-09-03T11:17:37.621+0000][23984][gc,marking   ] GC(494) Concurrent Mark (206.525s, 206.623s) 98.306ms
[2020-09-03T11:17:37.621+0000][23984][gc,start     ] GC(494) Pause Remark
[2020-09-03T11:17:37.627+0000][23984][gc           ] GC(494) Pause Remark 268M->268M(1024M) 5.696ms
[2020-09-03T11:17:37.627+0000][23984][gc,cpu       ] GC(494) User=0.09s Sys=0.00s Real=0.01s
[2020-09-03T11:17:37.627+0000][23984][safepoint    ] Safepoint "G1Concurrent", Time since last: 100096900 ns, Reaching safepoint: 134100 ns, At safepoint: 5872300 ns, Total: 6006400 ns
[2020-09-03T11:17:37.627+0000][23984][gc,marking   ] GC(494) Concurrent Rebuild Remembered Sets
[2020-09-03T11:17:37.702+0000][23984][gc,marking   ] GC(494) Concurrent Rebuild Remembered Sets 74.968ms
[2020-09-03T11:17:37.703+0000][23984][gc,start     ] GC(494) Pause Cleanup
[2020-09-03T11:17:37.703+0000][23984][gc           ] GC(494) Pause Cleanup 287M->287M(1024M) 0.292ms
[2020-09-03T11:17:37.703+0000][23984][gc,cpu       ] GC(494) User=0.00s Sys=0.00s Real=0.00s
[2020-09-03T11:17:37.703+0000][23984][safepoint    ] Safepoint "G1Concurrent", Time since last: 75136200 ns, Reaching safepoint: 133000 ns, At safepoint: 407900 ns, Total: 540900 ns
[2020-09-03T11:17:37.703+0000][23984][gc,marking   ] GC(494) Concurrent Cleanup for Next Mark
[2020-09-03T11:17:37.705+0000][23984][gc,marking   ] GC(494) Concurrent Cleanup for Next Mark 1.665ms
[2020-09-03T11:17:37.705+0000][23984][gc           ] GC(494) Concurrent Cycle 183.678ms
[2020-09-03T11:17:37.808+0000][23984][gc,start     ] GC(495) Pause Young (Concurrent Start) (G1 Humongous Allocation)
[2020-09-03T11:17:37.808+0000][23984][gc,task      ] GC(495) Using 8 workers of 8 for evacuation
[2020-09-03T11:17:37.808+0000][23984][gc,age       ] GC(495) Desired survivor size 33554432 bytes, new threshold 15 (max threshold 15)
[2020-09-03T11:17:37.811+0000][23984][gc,age       ] GC(495) Age table with threshold 15 (max threshold 15)
[2020-09-03T11:17:37.811+0000][23984][gc,age       ] GC(495) - age   1:    1912928 bytes,    1912928 total
[2020-09-03T11:17:37.812+0000][23984][gc,age       ] GC(495) - age   2:     405456 bytes,    2318384 total
[2020-09-03T11:17:37.812+0000][23984][gc,age       ] GC(495) - age   3:      11008 bytes,    2329392 total
[2020-09-03T11:17:37.812+0000][23984][gc,age       ] GC(495) - age   4:      17288 bytes,    2346680 total
[2020-09-03T11:17:37.812+0000][23984][gc,age       ] GC(495) - age   5:       1504 bytes,    2348184 total
[2020-09-03T11:17:37.812+0000][23984][gc,age       ] GC(495) - age   6:        496 bytes,    2348680 total
[2020-09-03T11:17:37.812+0000][23984][gc,age       ] GC(495) - age   7:      25744 bytes,    2374424 total
[2020-09-03T11:17:37.812+0000][23984][gc,age       ] GC(495) - age   8:        864 bytes,    2375288 total
[2020-09-03T11:17:37.812+0000][23984][gc,age       ] GC(495) - age   9:        136 bytes,    2375424 total
[2020-09-03T11:17:37.812+0000][23984][gc,age       ] GC(495) - age  10:       2952 bytes,    2378376 total
[2020-09-03T11:17:37.812+0000][23984][gc,age       ] GC(495) - age  11:       7168 bytes,    2385544 total
[2020-09-03T11:17:37.812+0000][23984][gc,age       ] GC(495) - age  12:     100168 bytes,    2485712 total
[2020-09-03T11:17:37.812+0000][23984][gc,age       ] GC(495) - age  13:        224 bytes,    2485936 total
[2020-09-03T11:17:37.812+0000][23984][gc,age       ] GC(495) - age  14:         56 bytes,    2485992 total
[2020-09-03T11:17:37.812+0000][23984][gc,age       ] GC(495) - age  15:       4912 bytes,    2490904 total
[2020-09-03T11:17:37.812+0000][23984][gc,phases    ] GC(495)   Pre Evacuate Collection Set: 0.5ms
[2020-09-03T11:17:37.812+0000][23984][gc,phases    ] GC(495)   Merge Heap Roots: 0.1ms
[2020-09-03T11:17:37.812+0000][23984][gc,phases    ] GC(495)   Evacuate Collection Set: 1.8ms
[2020-09-03T11:17:37.812+0000][23984][gc,phases    ] GC(495)   Post Evacuate Collection Set: 0.6ms
[2020-09-03T11:17:37.812+0000][23984][gc,phases    ] GC(495)   Other: 0.7ms
[2020-09-03T11:17:37.812+0000][23984][gc,heap      ] GC(495) Eden regions: 23->0(505)
[2020-09-03T11:17:37.812+0000][23984][gc,heap      ] GC(495) Survivor regions: 2->3(64)
[2020-09-03T11:17:37.812+0000][23984][gc,heap      ] GC(495) Old regions: 80->80
[2020-09-03T11:17:37.812+0000][23984][gc,heap      ] GC(495) Archive regions: 0->0
[2020-09-03T11:17:37.812+0000][23984][gc,heap      ] GC(495) Humongous regions: 227->174
[2020-09-03T11:17:37.812+0000][23984][gc,metaspace ] GC(495) Metaspace: 88375K(94336K)->88375K(94336K) NonClass: 77173K(80640K)->77173K(80640K) Class: 11202K(13696K)->11202K(13696K)
[2020-09-03T11:17:37.812+0000][23984][gc           ] GC(495) Pause Young (Concurrent Start) (G1 Humongous Allocation) 330M->255M(1024M) 3.955ms
[2020-09-03T11:17:37.812+0000][23984][gc,cpu       ] GC(495) User=0.09s Sys=0.00s Real=0.00s
[2020-09-03T11:17:37.812+0000][23984][gc           ] GC(496) Concurrent Cycle
[2020-09-03T11:17:37.812+0000][23984][safepoint    ] Safepoint "G1TryInitiateConcMark", Time since last: 105072800 ns, Reaching safepoint: 193700 ns, At safepoint: 4114600 ns, Total: 4308300 ns
[2020-09-03T11:17:37.812+0000][23984][gc,marking   ] GC(496) Concurrent Clear Claimed Marks
[2020-09-03T11:17:37.813+0000][23984][gc,marking   ] GC(496) Concurrent Clear Claimed Marks 0.408ms
[2020-09-03T11:17:37.813+0000][23984][gc,marking   ] GC(496) Concurrent Scan Root Regions
[2020-09-03T11:17:37.815+0000][23984][gc,marking   ] GC(496) Concurrent Scan Root Regions 2.349ms
[2020-09-03T11:17:37.815+0000][23984][gc,marking   ] GC(496) Concurrent Mark (206.817s)
[2020-09-03T11:17:37.815+0000][23984][gc,marking   ] GC(496) Concurrent Mark From Roots
[2020-09-03T11:17:37.815+0000][23984][gc,task      ] GC(496) Using 2 workers of 2 for marking
[2020-09-03T11:17:37.930+0000][23984][gc,marking   ] GC(496) Concurrent Mark From Roots 114.823ms
[2020-09-03T11:17:37.930+0000][23984][gc,marking   ] GC(496) Concurrent Preclean
[2020-09-03T11:17:37.931+0000][23984][gc,marking   ] GC(496) Concurrent Preclean 0.413ms
[2020-09-03T11:17:37.931+0000][23984][gc,marking   ] GC(496) Concurrent Mark (206.817s, 206.932s) 115.363ms
[2020-09-03T11:17:37.931+0000][23984][gc,start     ] GC(496) Pause Remark
[2020-09-03T11:17:37.937+0000][23984][gc           ] GC(496) Pause Remark 289M->289M(1024M) 5.784ms
[2020-09-03T11:17:37.937+0000][23984][gc,cpu       ] GC(496) User=0.11s Sys=0.00s Real=0.01s
[2020-09-03T11:17:37.937+0000][23984][safepoint    ] Safepoint "G1Concurrent", Time since last: 118334900 ns, Reaching safepoint: 147400 ns, At safepoint: 6358000 ns, Total: 6505400 ns
[2020-09-03T11:17:37.937+0000][23984][gc,marking   ] GC(496) Concurrent Rebuild Remembered Sets
[2020-09-03T11:17:38.031+0000][23984][gc,marking   ] GC(496) Concurrent Rebuild Remembered Sets 93.946ms
[2020-09-03T11:17:38.032+0000][23984][gc,start     ] GC(496) Pause Cleanup
[2020-09-03T11:17:38.032+0000][23984][gc           ] GC(496) Pause Cleanup 361M->361M(1024M) 0.447ms
[2020-09-03T11:17:38.032+0000][23984][gc,cpu       ] GC(496) User=0.00s Sys=0.00s Real=0.00s
[2020-09-03T11:17:38.032+0000][23984][safepoint    ] Safepoint "G1Concurrent", Time since last: 94219000 ns, Reaching safepoint: 355400 ns, At safepoint: 648700 ns, Total: 1004100 ns
[2020-09-03T11:17:38.032+0000][23984][gc,marking   ] GC(496) Concurrent Cleanup for Next Mark
[2020-09-03T11:17:38.034+0000][23984][gc,marking   ] GC(496) Concurrent Cleanup for Next Mark 1.563ms
[2020-09-03T11:17:38.034+0000][23984][gc           ] GC(496) Concurrent Cycle 221.812ms
[2020-09-03T11:17:38.494+0000][23984][gc,start     ] GC(497) Pause Young (Concurrent Start) (G1 Humongous Allocation)
[2020-09-03T11:17:38.494+0000][23984][gc,task      ] GC(497) Using 8 workers of 8 for evacuation
[2020-09-03T11:17:38.494+0000][23984][gc,age       ] GC(497) Desired survivor size 33554432 bytes, new threshold 15 (max threshold 15)
[2020-09-03T11:17:38.498+0000][23984][gc,age       ] GC(497) Age table with threshold 15 (max threshold 15)
[2020-09-03T11:17:38.498+0000][23984][gc,age       ] GC(497) - age   1:    2698384 bytes,    2698384 total
[2020-09-03T11:17:38.498+0000][23984][gc,age       ] GC(497) - age   2:       2336 bytes,    2700720 total
[2020-09-03T11:17:38.498+0000][23984][gc,age       ] GC(497) - age   3:       2224 bytes,    2702944 total
[2020-09-03T11:17:38.498+0000][23984][gc,age       ] GC(497) - age   4:       6080 bytes,    2709024 total
[2020-09-03T11:17:38.498+0000][23984][gc,age       ] GC(497) - age   5:      14800 bytes,    2723824 total
[2020-09-03T11:17:38.498+0000][23984][gc,age       ] GC(497) - age   6:       1312 bytes,    2725136 total
[2020-09-03T11:17:38.498+0000][23984][gc,age       ] GC(497) - age   7:        400 bytes,    2725536 total
[2020-09-03T11:17:38.498+0000][23984][gc,age       ] GC(497) - age   8:      25528 bytes,    2751064 total
[2020-09-03T11:17:38.498+0000][23984][gc,age       ] GC(497) - age   9:        864 bytes,    2751928 total
[2020-09-03T11:17:38.498+0000][23984][gc,age       ] GC(497) - age  10:        136 bytes,    2752064 total
[2020-09-03T11:17:38.498+0000][23984][gc,age       ] GC(497) - age  11:        736 bytes,    2752800 total
[2020-09-03T11:17:38.498+0000][23984][gc,age       ] GC(497) - age  12:       7168 bytes,    2759968 total
[2020-09-03T11:17:38.498+0000][23984][gc,age       ] GC(497) - age  13:     100144 bytes,    2860112 total
[2020-09-03T11:17:38.498+0000][23984][gc,age       ] GC(497) - age  14:        160 bytes,    2860272 total
[2020-09-03T11:17:38.498+0000][23984][gc,age       ] GC(497) - age  15:         56 bytes,    2860328 total
[2020-09-03T11:17:38.498+0000][23984][gc,phases    ] GC(497)   Pre Evacuate Collection Set: 0.4ms
[2020-09-03T11:17:38.498+0000][23984][gc,phases    ] GC(497)   Merge Heap Roots: 0.1ms
[2020-09-03T11:17:38.498+0000][23984][gc,phases    ] GC(497)   Evacuate Collection Set: 2.1ms
[2020-09-03T11:17:38.498+0000][23984][gc,phases    ] GC(497)   Post Evacuate Collection Set: 1.0ms
[2020-09-03T11:17:38.498+0000][23984][gc,phases    ] GC(497)   Other: 0.8ms
[2020-09-03T11:17:38.498+0000][23984][gc,heap      ] GC(497) Eden regions: 51->0(504)
[2020-09-03T11:17:38.498+0000][23984][gc,heap      ] GC(497) Survivor regions: 3->3(64)
[2020-09-03T11:17:38.498+0000][23984][gc,heap      ] GC(497) Old regions: 80->80
[2020-09-03T11:17:38.498+0000][23984][gc,heap      ] GC(497) Archive regions: 0->0
[2020-09-03T11:17:38.498+0000][23984][gc,heap      ] GC(497) Humongous regions: 255->174
[2020-09-03T11:17:38.498+0000][23984][gc,metaspace ] GC(497) Metaspace: 88442K(94336K)->88442K(94336K) NonClass: 77239K(80640K)->77239K(80640K) Class: 11202K(13696K)->11202K(13696K)
[2020-09-03T11:17:38.498+0000][23984][gc           ] GC(497) Pause Young (Concurrent Start) (G1 Humongous Allocation) 387M->255M(1024M) 4.705ms
[2020-09-03T11:17:38.498+0000][23984][gc,cpu       ] GC(497) User=0.05s Sys=0.00s Real=0.00s
[2020-09-03T11:17:38.498+0000][23984][safepoint    ] Safepoint "G1TryInitiateConcMark", Time since last: 461066300 ns, Reaching safepoint: 196200 ns, At safepoint: 4846500 ns, Total: 5042700 ns
[2020-09-03T11:17:38.498+0000][23984][gc           ] GC(498) Concurrent Cycle
[2020-09-03T11:17:38.498+0000][23984][gc,marking   ] GC(498) Concurrent Clear Claimed Marks
[2020-09-03T11:17:38.499+0000][23984][gc,marking   ] GC(498) Concurrent Clear Claimed Marks 0.397ms
[2020-09-03T11:17:38.499+0000][23984][gc,marking   ] GC(498) Concurrent Scan Root Regions
[2020-09-03T11:17:38.501+0000][23984][gc,marking   ] GC(498) Concurrent Scan Root Regions 1.837ms
[2020-09-03T11:17:38.501+0000][23984][gc,marking   ] GC(498) Concurrent Mark (207.503s)
[2020-09-03T11:17:38.501+0000][23984][gc,marking   ] GC(498) Concurrent Mark From Roots
[2020-09-03T11:17:38.501+0000][23984][gc,task      ] GC(498) Using 2 workers of 2 for marking
[2020-09-03T11:17:38.612+0000][23984][gc,marking   ] GC(498) Concurrent Mark From Roots 111.421ms
[2020-09-03T11:17:38.612+0000][23984][gc,marking   ] GC(498) Concurrent Preclean
[2020-09-03T11:17:38.613+0000][23984][gc,marking   ] GC(498) Concurrent Preclean 0.549ms
[2020-09-03T11:17:38.613+0000][23984][gc,marking   ] GC(498) Concurrent Mark (207.503s, 207.615s) 112.139ms
[2020-09-03T11:17:38.613+0000][23984][gc,start     ] GC(498) Pause Remark
[2020-09-03T11:17:38.619+0000][23984][gc           ] GC(498) Pause Remark 317M->317M(1024M) 5.892ms
[2020-09-03T11:17:38.619+0000][23984][gc,cpu       ] GC(498) User=0.00s Sys=0.00s Real=0.01s
[2020-09-03T11:17:38.619+0000][23984][safepoint    ] Safepoint "G1Concurrent", Time since last: 114698400 ns, Reaching safepoint: 129400 ns, At safepoint: 6047600 ns, Total: 6177000 ns
[2020-09-03T11:17:38.619+0000][23984][gc,marking   ] GC(498) Concurrent Rebuild Remembered Sets
[2020-09-03T11:17:38.699+0000][23984][gc,marking   ] GC(498) Concurrent Rebuild Remembered Sets 79.955ms
[2020-09-03T11:17:38.700+0000][23984][gc,start     ] GC(498) Pause Cleanup
[2020-09-03T11:17:38.700+0000][23984][gc           ] GC(498) Pause Cleanup 388M->388M(1024M) 0.247ms
[2020-09-03T11:17:38.700+0000][23984][gc,cpu       ] GC(498) User=0.00s Sys=0.00s Real=0.00s
[2020-09-03T11:17:38.700+0000][23984][safepoint    ] Safepoint "G1Concurrent", Time since last: 80105800 ns, Reaching safepoint: 131500 ns, At safepoint: 397900 ns, Total: 529400 ns
[2020-09-03T11:17:38.700+0000][23984][gc,marking   ] GC(498) Concurrent Cleanup for Next Mark
[2020-09-03T11:17:38.701+0000][23984][gc,marking   ] GC(498) Concurrent Cleanup for Next Mark 1.342ms
[2020-09-03T11:17:38.701+0000][23984][gc           ] GC(498) Concurrent Cycle 203.012ms
[2020-09-03T11:17:38.784+0000][23984][gc,start     ] GC(499) Pause Young (Concurrent Start) (G1 Humongous Allocation)
[2020-09-03T11:17:38.784+0000][23984][gc,task      ] GC(499) Using 8 workers of 8 for evacuation
[2020-09-03T11:17:38.784+0000][23984][gc,age       ] GC(499) Desired survivor size 33554432 bytes, new threshold 15 (max threshold 15)
[2020-09-03T11:17:38.787+0000][23984][gc,age       ] GC(499) Age table with threshold 15 (max threshold 15)
[2020-09-03T11:17:38.787+0000][23984][gc,age       ] GC(499) - age   1:    1028416 bytes,    1028416 total
[2020-09-03T11:17:38.787+0000][23984][gc,age       ] GC(499) - age   2:      18856 bytes,    1047272 total
[2020-09-03T11:17:38.787+0000][23984][gc,age       ] GC(499) - age   3:       1968 bytes,    1049240 total
[2020-09-03T11:17:38.787+0000][23984][gc,age       ] GC(499) - age   4:       1664 bytes,    1050904 total
[2020-09-03T11:17:38.787+0000][23984][gc,age       ] GC(499) - age   5:       6048 bytes,    1056952 total
[2020-09-03T11:17:38.787+0000][23984][gc,age       ] GC(499) - age   6:      14736 bytes,    1071688 total
[2020-09-03T11:17:38.787+0000][23984][gc,age       ] GC(499) - age   7:       1280 bytes,    1072968 total
[2020-09-03T11:17:38.787+0000][23984][gc,age       ] GC(499) - age   8:        400 bytes,    1073368 total
[2020-09-03T11:17:38.787+0000][23984][gc,age       ] GC(499) - age   9:      25528 bytes,    1098896 total
[2020-09-03T11:17:38.787+0000][23984][gc,age       ] GC(499) - age  10:        800 bytes,    1099696 total
[2020-09-03T11:17:38.787+0000][23984][gc,age       ] GC(499) - age  11:        136 bytes,    1099832 total
[2020-09-03T11:17:38.787+0000][23984][gc,age       ] GC(499) - age  12:        736 bytes,    1100568 total
[2020-09-03T11:17:38.787+0000][23984][gc,age       ] GC(499) - age  13:       7168 bytes,    1107736 total
[2020-09-03T11:17:38.787+0000][23984][gc,age       ] GC(499) - age  14:     100144 bytes,    1207880 total
[2020-09-03T11:17:38.787+0000][23984][gc,age       ] GC(499) - age  15:        160 bytes,    1208040 total
[2020-09-03T11:17:38.787+0000][23984][gc,phases    ] GC(499)   Pre Evacuate Collection Set: 0.4ms
[2020-09-03T11:17:38.787+0000][23984][gc,phases    ] GC(499)   Merge Heap Roots: 0.1ms
[2020-09-03T11:17:38.787+0000][23984][gc,phases    ] GC(499)   Evacuate Collection Set: 1.7ms
[2020-09-03T11:17:38.787+0000][23984][gc,phases    ] GC(499)   Post Evacuate Collection Set: 0.7ms
[2020-09-03T11:17:38.787+0000][23984][gc,phases    ] GC(499)   Other: 0.6ms
[2020-09-03T11:17:38.787+0000][23984][gc,heap      ] GC(499) Eden regions: 35->0(506)
[2020-09-03T11:17:38.787+0000][23984][gc,heap      ] GC(499) Survivor regions: 3->2(64)
[2020-09-03T11:17:38.787+0000][23984][gc,heap      ] GC(499) Old regions: 80->80
[2020-09-03T11:17:38.787+0000][23984][gc,heap      ] GC(499) Archive regions: 0->0
[2020-09-03T11:17:38.787+0000][23984][gc,heap      ] GC(499) Humongous regions: 278->174
[2020-09-03T11:17:38.787+0000][23984][gc,metaspace ] GC(499) Metaspace: 88442K(94336K)->88442K(94336K) NonClass: 77239K(80640K)->77239K(80640K) Class: 11202K(13696K)->11202K(13696K)
[2020-09-03T11:17:38.787+0000][23984][gc           ] GC(499) Pause Young (Concurrent Start) (G1 Humongous Allocation) 394M->254M(1024M) 3.713ms
[2020-09-03T11:17:38.787+0000][23984][gc,cpu       ] GC(499) User=0.00s Sys=0.00s Real=0.00s
[2020-09-03T11:17:38.787+0000][23984][gc           ] GC(500) Concurrent Cycle
[2020-09-03T11:17:38.787+0000][23984][safepoint    ] Safepoint "G1TryInitiateConcMark", Time since last: 83442400 ns, Reaching safepoint: 160000 ns, At safepoint: 3862800 ns, Total: 4022800 ns
[2020-09-03T11:17:38.787+0000][23984][gc,marking   ] GC(500) Concurrent Clear Claimed Marks
[2020-09-03T11:17:38.788+0000][23984][gc,marking   ] GC(500) Concurrent Clear Claimed Marks 0.446ms
[2020-09-03T11:17:38.788+0000][23984][gc,marking   ] GC(500) Concurrent Scan Root Regions
[2020-09-03T11:17:38.789+0000][23984][gc,marking   ] GC(500) Concurrent Scan Root Regions 1.328ms
[2020-09-03T11:17:38.789+0000][23984][gc,marking   ] GC(500) Concurrent Mark (207.791s)
[2020-09-03T11:17:38.789+0000][23984][gc,marking   ] GC(500) Concurrent Mark From Roots
[2020-09-03T11:17:38.789+0000][23984][gc,task      ] GC(500) Using 2 workers of 2 for marking
[2020-09-03T11:17:38.891+0000][23984][gc,marking   ] GC(500) Concurrent Mark From Roots 102.184ms
[2020-09-03T11:17:38.892+0000][23984][gc,marking   ] GC(500) Concurrent Preclean
[2020-09-03T11:17:38.892+0000][23984][gc,marking   ] GC(500) Concurrent Preclean 0.406ms
[2020-09-03T11:17:38.892+0000][23984][gc,marking   ] GC(500) Concurrent Mark (207.791s, 207.894s) 102.729ms
[2020-09-03T11:17:38.892+0000][23984][gc,start     ] GC(500) Pause Remark
[2020-09-03T11:17:38.898+0000][23984][gc           ] GC(500) Pause Remark 271M->271M(1024M) 6.235ms
[2020-09-03T11:17:38.899+0000][23984][gc,cpu       ] GC(500) User=0.00s Sys=0.00s Real=0.01s
[2020-09-03T11:17:38.899+0000][23984][safepoint    ] Safepoint "G1Concurrent", Time since last: 104719900 ns, Reaching safepoint: 141300 ns, At safepoint: 6450700 ns, Total: 6592000 ns
[2020-09-03T11:17:38.899+0000][23984][gc,marking   ] GC(500) Concurrent Rebuild Remembered Sets
[2020-09-03T11:17:38.972+0000][23984][gc,marking   ] GC(500) Concurrent Rebuild Remembered Sets 73.689ms
[2020-09-03T11:17:38.973+0000][23984][gc,start     ] GC(500) Pause Cleanup
[2020-09-03T11:17:38.973+0000][23984][gc           ] GC(500) Pause Cleanup 289M->289M(1024M) 0.266ms
[2020-09-03T11:17:38.973+0000][23984][gc,cpu       ] GC(500) User=0.00s Sys=0.00s Real=0.00s
[2020-09-03T11:17:38.973+0000][23984][safepoint    ] Safepoint "G1Concurrent", Time since last: 73855900 ns, Reaching safepoint: 137300 ns, At safepoint: 415000 ns, Total: 552300 ns
[2020-09-03T11:17:38.973+0000][23984][gc,marking   ] GC(500) Concurrent Cleanup for Next Mark
[2020-09-03T11:17:38.975+0000][23984][gc,marking   ] GC(500) Concurrent Cleanup for Next Mark 1.396ms
[2020-09-03T11:17:38.975+0000][23984][gc           ] GC(500) Concurrent Cycle 187.338ms
[2020-09-03T11:17:39.086+0000][23984][gc,start     ] GC(501) Pause Young (Concurrent Start) (G1 Humongous Allocation)
[2020-09-03T11:17:39.086+0000][23984][gc,task      ] GC(501) Using 8 workers of 8 for evacuation
[2020-09-03T11:17:39.086+0000][23984][gc,age       ] GC(501) Desired survivor size 33554432 bytes, new threshold 15 (max threshold 15)
[2020-09-03T11:17:39.089+0000][23984][gc,age       ] GC(501) Age table with threshold 15 (max threshold 15)
[2020-09-03T11:17:39.089+0000][23984][gc,age       ] GC(501) - age   1:    1913656 bytes,    1913656 total
[2020-09-03T11:17:39.089+0000][23984][gc,age       ] GC(501) - age   2:     405104 bytes,    2318760 total
[2020-09-03T11:17:39.089+0000][23984][gc,age       ] GC(501) - age   3:      14680 bytes,    2333440 total
[2020-09-03T11:17:39.089+0000][23984][gc,age       ] GC(501) - age   4:       1544 bytes,    2334984 total
[2020-09-03T11:17:39.089+0000][23984][gc,age       ] GC(501) - age   5:       1368 bytes,    2336352 total
[2020-09-03T11:17:39.089+0000][23984][gc,age       ] GC(501) - age   6:       5984 bytes,    2342336 total
[2020-09-03T11:17:39.089+0000][23984][gc,age       ] GC(501) - age   7:      14544 bytes,    2356880 total
[2020-09-03T11:17:39.089+0000][23984][gc,age       ] GC(501) - age   8:        864 bytes,    2357744 total
[2020-09-03T11:17:39.089+0000][23984][gc,age       ] GC(501) - age   9:        400 bytes,    2358144 total
[2020-09-03T11:17:39.089+0000][23984][gc,age       ] GC(501) - age  10:      25464 bytes,    2383608 total
[2020-09-03T11:17:39.089+0000][23984][gc,age       ] GC(501) - age  11:        672 bytes,    2384280 total
[2020-09-03T11:17:39.089+0000][23984][gc,age       ] GC(501) - age  12:        136 bytes,    2384416 total
[2020-09-03T11:17:39.089+0000][23984][gc,age       ] GC(501) - age  13:        736 bytes,    2385152 total
[2020-09-03T11:17:39.089+0000][23984][gc,age       ] GC(501) - age  14:       7168 bytes,    2392320 total
[2020-09-03T11:17:39.089+0000][23984][gc,age       ] GC(501) - age  15:     100144 bytes,    2492464 total
[2020-09-03T11:17:39.090+0000][23984][gc,phases    ] GC(501)   Pre Evacuate Collection Set: 0.5ms
[2020-09-03T11:17:39.090+0000][23984][gc,phases    ] GC(501)   Merge Heap Roots: 0.1ms
[2020-09-03T11:17:39.090+0000][23984][gc,phases    ] GC(501)   Evacuate Collection Set: 1.9ms
[2020-09-03T11:17:39.090+0000][23984][gc,phases    ] GC(501)   Post Evacuate Collection Set: 0.5ms
[2020-09-03T11:17:39.090+0000][23984][gc,phases    ] GC(501)   Other: 0.7ms
[2020-09-03T11:17:39.090+0000][23984][gc,heap      ] GC(501) Eden regions: 24->0(505)
[2020-09-03T11:17:39.090+0000][23984][gc,heap      ] GC(501) Survivor regions: 2->3(64)
[2020-09-03T11:17:39.090+0000][23984][gc,heap      ] GC(501) Old regions: 80->80
[2020-09-03T11:17:39.090+0000][23984][gc,heap      ] GC(501) Archive regions: 0->0
[2020-09-03T11:17:39.090+0000][23984][gc,heap      ] GC(501) Humongous regions: 227->174
[2020-09-03T11:17:39.090+0000][23984][gc,metaspace ] GC(501) Metaspace: 88442K(94336K)->88442K(94336K) NonClass: 77239K(80640K)->77239K(80640K) Class: 11202K(13696K)->11202K(13696K)
[2020-09-03T11:17:39.090+0000][23984][gc           ] GC(501) Pause Young (Concurrent Start) (G1 Humongous Allocation) 331M->255M(1024M) 3.934ms
[2020-09-03T11:17:39.090+0000][23984][gc,cpu       ] GC(501) User=0.00s Sys=0.00s Real=0.00s
[2020-09-03T11:17:39.090+0000][23984][safepoint    ] Safepoint "G1TryInitiateConcMark", Time since last: 112569200 ns, Reaching safepoint: 202600 ns, At safepoint: 4057600 ns, Total: 4260200 ns
[2020-09-03T11:17:39.090+0000][23984][gc           ] GC(502) Concurrent Cycle
[2020-09-03T11:17:39.090+0000][23984][gc,marking   ] GC(502) Concurrent Clear Claimed Marks
[2020-09-03T11:17:39.090+0000][23984][gc,marking   ] GC(502) Concurrent Clear Claimed Marks 0.330ms
[2020-09-03T11:17:39.090+0000][23984][gc,marking   ] GC(502) Concurrent Scan Root Regions
[2020-09-03T11:17:39.093+0000][23984][gc,marking   ] GC(502) Concurrent Scan Root Regions 2.169ms
[2020-09-03T11:17:39.093+0000][23984][gc,marking   ] GC(502) Concurrent Mark (208.094s)
[2020-09-03T11:17:39.093+0000][23984][gc,marking   ] GC(502) Concurrent Mark From Roots
[2020-09-03T11:17:39.093+0000][23984][gc,task      ] GC(502) Using 2 workers of 2 for marking
[2020-09-03T11:17:39.223+0000][23984][gc,marking   ] GC(502) Concurrent Mark From Roots 130.371ms
[2020-09-03T11:17:39.223+0000][23984][gc,marking   ] GC(502) Concurrent Preclean
[2020-09-03T11:17:39.224+0000][23984][gc,marking   ] GC(502) Concurrent Preclean 0.583ms
[2020-09-03T11:17:39.224+0000][23984][gc,marking   ] GC(502) Concurrent Mark (208.094s, 208.226s) 131.131ms
[2020-09-03T11:17:39.224+0000][23984][gc,start     ] GC(502) Pause Remark
[2020-09-03T11:17:39.231+0000][23984][gc           ] GC(502) Pause Remark 287M->287M(1024M) 6.856ms
[2020-09-03T11:17:39.231+0000][23984][gc,cpu       ] GC(502) User=0.00s Sys=0.00s Real=0.01s
[2020-09-03T11:17:39.231+0000][23984][safepoint    ] Safepoint "G1Concurrent", Time since last: 133866800 ns, Reaching safepoint: 148700 ns, At safepoint: 7108100 ns, Total: 7256800 ns
[2020-09-03T11:17:39.231+0000][23984][gc,marking   ] GC(502) Concurrent Rebuild Remembered Sets
[2020-09-03T11:17:39.320+0000][23984][gc,marking   ] GC(502) Concurrent Rebuild Remembered Sets 88.723ms
[2020-09-03T11:17:39.320+0000][23984][gc,start     ] GC(502) Pause Cleanup
[2020-09-03T11:17:39.320+0000][23984][gc           ] GC(502) Pause Cleanup 361M->361M(1024M) 0.351ms
[2020-09-03T11:17:39.321+0000][23984][gc,cpu       ] GC(502) User=0.00s Sys=0.00s Real=0.00s
[2020-09-03T11:17:39.321+0000][23984][safepoint    ] Safepoint "G1Concurrent", Time since last: 88920600 ns, Reaching safepoint: 147300 ns, At safepoint: 536300 ns, Total: 683600 ns
[2020-09-03T11:17:39.321+0000][23984][gc,marking   ] GC(502) Concurrent Cleanup for Next Mark
[2020-09-03T11:17:39.322+0000][23984][gc,marking   ] GC(502) Concurrent Cleanup for Next Mark 1.580ms
[2020-09-03T11:17:39.322+0000][23984][gc           ] GC(502) Concurrent Cycle 232.474ms
[2020-09-03T11:17:39.441+0000][23984][gc,start     ] GC(503) Pause Young (Concurrent Start) (G1 Humongous Allocation)
[2020-09-03T11:17:39.441+0000][23984][gc,task      ] GC(503) Using 8 workers of 8 for evacuation
[2020-09-03T11:17:39.441+0000][23984][gc,age       ] GC(503) Desired survivor size 33554432 bytes, new threshold 15 (max threshold 15)
[2020-09-03T11:17:39.444+0000][23984][gc,age       ] GC(503) Age table with threshold 15 (max threshold 15)
[2020-09-03T11:17:39.444+0000][23984][gc,age       ] GC(503) - age   1:    2951328 bytes,    2951328 total
[2020-09-03T11:17:39.444+0000][23984][gc,age       ] GC(503) - age   2:     107304 bytes,    3058632 total
[2020-09-03T11:17:39.444+0000][23984][gc,age       ] GC(503) - age   3:     404624 bytes,    3463256 total
[2020-09-03T11:17:39.444+0000][23984][gc,age       ] GC(503) - age   4:      10464 bytes,    3473720 total
[2020-09-03T11:17:39.444+0000][23984][gc,age       ] GC(503) - age   5:       1352 bytes,    3475072 total
[2020-09-03T11:17:39.444+0000][23984][gc,age       ] GC(503) - age   6:       1208 bytes,    3476280 total
[2020-09-03T11:17:39.444+0000][23984][gc,age       ] GC(503) - age   7:       5784 bytes,    3482064 total
[2020-09-03T11:17:39.444+0000][23984][gc,age       ] GC(503) - age   8:       5968 bytes,    3488032 total
[2020-09-03T11:17:39.445+0000][23984][gc,age       ] GC(503) - age   9:        864 bytes,    3488896 total
[2020-09-03T11:17:39.445+0000][23984][gc,age       ] GC(503) - age  10:        400 bytes,    3489296 total
[2020-09-03T11:17:39.445+0000][23984][gc,age       ] GC(503) - age  11:      23120 bytes,    3512416 total
[2020-09-03T11:17:39.445+0000][23984][gc,age       ] GC(503) - age  12:        248 bytes,    3512664 total
[2020-09-03T11:17:39.445+0000][23984][gc,age       ] GC(503) - age  13:        136 bytes,    3512800 total
[2020-09-03T11:17:39.445+0000][23984][gc,age       ] GC(503) - age  14:        736 bytes,    3513536 total
[2020-09-03T11:17:39.445+0000][23984][gc,age       ] GC(503) - age  15:       7168 bytes,    3520704 total
[2020-09-03T11:17:39.445+0000][23984][gc,phases    ] GC(503)   Pre Evacuate Collection Set: 0.4ms
[2020-09-03T11:17:39.445+0000][23984][gc,phases    ] GC(503)   Merge Heap Roots: 0.1ms
[2020-09-03T11:17:39.445+0000][23984][gc,phases    ] GC(503)   Evacuate Collection Set: 2.2ms
[2020-09-03T11:17:39.445+0000][23984][gc,phases    ] GC(503)   Post Evacuate Collection Set: 0.7ms
[2020-09-03T11:17:39.445+0000][23984][gc,phases    ] GC(503)   Other: 1.0ms
[2020-09-03T11:17:39.445+0000][23984][gc,heap      ] GC(503) Eden regions: 37->0(503)
[2020-09-03T11:17:39.445+0000][23984][gc,heap      ] GC(503) Survivor regions: 3->4(64)
[2020-09-03T11:17:39.445+0000][23984][gc,heap      ] GC(503) Old regions: 80->80
[2020-09-03T11:17:39.445+0000][23984][gc,heap      ] GC(503) Archive regions: 0->0
[2020-09-03T11:17:39.445+0000][23984][gc,heap      ] GC(503) Humongous regions: 255->174
[2020-09-03T11:17:39.445+0000][23984][gc,metaspace ] GC(503) Metaspace: 88442K(94336K)->88442K(94336K) NonClass: 77239K(80640K)->77239K(80640K) Class: 11202K(13696K)->11202K(13696K)
[2020-09-03T11:17:39.445+0000][23984][gc           ] GC(503) Pause Young (Concurrent Start) (G1 Humongous Allocation) 373M->256M(1024M) 4.653ms
[2020-09-03T11:17:39.445+0000][23984][gc,cpu       ] GC(503) User=0.00s Sys=0.00s Real=0.00s
[2020-09-03T11:17:39.445+0000][23984][safepoint    ] Safepoint "G1TryInitiateConcMark", Time since last: 119693500 ns, Reaching safepoint: 137600 ns, At safepoint: 4812300 ns, Total: 4949900 ns
[2020-09-03T11:17:39.445+0000][23984][gc           ] GC(504) Concurrent Cycle
[2020-09-03T11:17:39.445+0000][23984][gc,marking   ] GC(504) Concurrent Clear Claimed Marks
[2020-09-03T11:17:39.446+0000][23984][gc,marking   ] GC(504) Concurrent Clear Claimed Marks 0.507ms
[2020-09-03T11:17:39.446+0000][23984][gc,marking   ] GC(504) Concurrent Scan Root Regions
[2020-09-03T11:17:39.448+0000][23984][gc,marking   ] GC(504) Concurrent Scan Root Regions 1.959ms
[2020-09-03T11:17:39.448+0000][23984][gc,marking   ] GC(504) Concurrent Mark (208.450s)
[2020-09-03T11:17:39.448+0000][23984][gc,marking   ] GC(504) Concurrent Mark From Roots
[2020-09-03T11:17:39.448+0000][23984][gc,task      ] GC(504) Using 2 workers of 2 for marking
[2020-09-03T11:17:39.573+0000][23984][gc,marking   ] GC(504) Concurrent Mark From Roots 124.891ms
[2020-09-03T11:17:39.573+0000][23984][gc,marking   ] GC(504) Concurrent Preclean
[2020-09-03T11:17:39.574+0000][23984][gc,marking   ] GC(504) Concurrent Preclean 0.495ms
[2020-09-03T11:17:39.574+0000][23984][gc,marking   ] GC(504) Concurrent Mark (208.450s, 208.575s) 125.535ms
[2020-09-03T11:17:39.574+0000][23984][gc,start     ] GC(504) Pause Remark
[2020-09-03T11:17:39.580+0000][23984][gc           ] GC(504) Pause Remark 322M->322M(1024M) 6.178ms
[2020-09-03T11:17:39.580+0000][23984][gc,cpu       ] GC(504) User=0.11s Sys=0.00s Real=0.01s
[2020-09-03T11:17:39.580+0000][23984][safepoint    ] Safepoint "G1Concurrent", Time since last: 128355500 ns, Reaching safepoint: 229000 ns, At safepoint: 6382300 ns, Total: 6611300 ns
[2020-09-03T11:17:39.580+0000][23984][gc,marking   ] GC(504) Concurrent Rebuild Remembered Sets
[2020-09-03T11:17:39.668+0000][23984][gc,marking   ] GC(504) Concurrent Rebuild Remembered Sets 88.050ms
[2020-09-03T11:17:39.669+0000][23984][gc,start     ] GC(504) Pause Cleanup
[2020-09-03T11:17:39.669+0000][23984][gc           ] GC(504) Pause Cleanup 328M->328M(1024M) 0.262ms
[2020-09-03T11:17:39.669+0000][23984][gc,cpu       ] GC(504) User=0.00s Sys=0.00s Real=0.00s
[2020-09-03T11:17:39.669+0000][23984][safepoint    ] Safepoint "G1Concurrent", Time since last: 88206900 ns, Reaching safepoint: 124800 ns, At safepoint: 404200 ns, Total: 529000 ns
[2020-09-03T11:17:39.669+0000][23984][gc,marking   ] GC(504) Concurrent Cleanup for Next Mark
[2020-09-03T11:17:39.671+0000][23984][gc,marking   ] GC(504) Concurrent Cleanup for Next Mark 1.557ms
[2020-09-03T11:17:39.671+0000][23984][gc           ] GC(504) Concurrent Cycle 225.393ms
[2020-09-03T11:17:39.708+0000][23984][gc,start     ] GC(505) Pause Young (Concurrent Start) (G1 Humongous Allocation)
[2020-09-03T11:17:39.708+0000][23984][gc,task      ] GC(505) Using 8 workers of 8 for evacuation
[2020-09-03T11:17:39.708+0000][23984][gc,age       ] GC(505) Desired survivor size 33554432 bytes, new threshold 15 (max threshold 15)
[2020-09-03T11:17:39.711+0000][23984][gc,age       ] GC(505) Age table with threshold 15 (max threshold 15)
[2020-09-03T11:17:39.711+0000][23984][gc,age       ] GC(505) - age   1:    2692912 bytes,    2692912 total
[2020-09-03T11:17:39.711+0000][23984][gc,age       ] GC(505) - age   2:      12232 bytes,    2705144 total
[2020-09-03T11:17:39.711+0000][23984][gc,age       ] GC(505) - age   3:       2368 bytes,    2707512 total
[2020-09-03T11:17:39.711+0000][23984][gc,age       ] GC(505) - age   4:       1296 bytes,    2708808 total
[2020-09-03T11:17:39.711+0000][23984][gc,age       ] GC(505) - age   5:       8936 bytes,    2717744 total
[2020-09-03T11:17:39.711+0000][23984][gc,age       ] GC(505) - age   6:       1192 bytes,    2718936 total
[2020-09-03T11:17:39.712+0000][23984][gc,age       ] GC(505) - age   7:       1176 bytes,    2720112 total
[2020-09-03T11:17:39.712+0000][23984][gc,age       ] GC(505) - age   8:       5720 bytes,    2725832 total
[2020-09-03T11:17:39.712+0000][23984][gc,age       ] GC(505) - age   9:       5968 bytes,    2731800 total
[2020-09-03T11:17:39.712+0000][23984][gc,age       ] GC(505) - age  10:        864 bytes,    2732664 total
[2020-09-03T11:17:39.712+0000][23984][gc,age       ] GC(505) - age  11:        400 bytes,    2733064 total
[2020-09-03T11:17:39.712+0000][23984][gc,age       ] GC(505) - age  12:      23080 bytes,    2756144 total
[2020-09-03T11:17:39.712+0000][23984][gc,age       ] GC(505) - age  13:        248 bytes,    2756392 total
[2020-09-03T11:17:39.712+0000][23984][gc,age       ] GC(505) - age  14:        136 bytes,    2756528 total
[2020-09-03T11:17:39.712+0000][23984][gc,age       ] GC(505) - age  15:        736 bytes,    2757264 total
[2020-09-03T11:17:39.712+0000][23984][gc,phases    ] GC(505)   Pre Evacuate Collection Set: 0.4ms
[2020-09-03T11:17:39.712+0000][23984][gc,phases    ] GC(505)   Merge Heap Roots: 0.1ms
[2020-09-03T11:17:39.712+0000][23984][gc,phases    ] GC(505)   Evacuate Collection Set: 2.0ms
[2020-09-03T11:17:39.712+0000][23984][gc,phases    ] GC(505)   Post Evacuate Collection Set: 0.7ms
[2020-09-03T11:17:39.712+0000][23984][gc,phases    ] GC(505)   Other: 0.9ms
[2020-09-03T11:17:39.712+0000][23984][gc,heap      ] GC(505) Eden regions: 20->0(504)
[2020-09-03T11:17:39.712+0000][23984][gc,heap      ] GC(505) Survivor regions: 4->3(64)
[2020-09-03T11:17:39.712+0000][23984][gc,heap      ] GC(505) Old regions: 80->80
[2020-09-03T11:17:39.712+0000][23984][gc,heap      ] GC(505) Archive regions: 0->0
[2020-09-03T11:17:39.712+0000][23984][gc,heap      ] GC(505) Humongous regions: 231->174
[2020-09-03T11:17:39.712+0000][23984][gc,metaspace ] GC(505) Metaspace: 88442K(94336K)->88442K(94336K) NonClass: 77239K(80640K)->77239K(80640K) Class: 11202K(13696K)->11202K(13696K)
[2020-09-03T11:17:39.712+0000][23984][gc           ] GC(505) Pause Young (Concurrent Start) (G1 Humongous Allocation) 333M->256M(1024M) 4.446ms
[2020-09-03T11:17:39.712+0000][23984][gc,cpu       ] GC(505) User=0.00s Sys=0.00s Real=0.00s
[2020-09-03T11:17:39.712+0000][23984][gc           ] GC(506) Concurrent Cycle
[2020-09-03T11:17:39.712+0000][23984][safepoint    ] Safepoint "G1TryInitiateConcMark", Time since last: 38676400 ns, Reaching safepoint: 123700 ns, At safepoint: 4636500 ns, Total: 4760200 ns
[2020-09-03T11:17:39.712+0000][23984][gc,marking   ] GC(506) Concurrent Clear Claimed Marks
[2020-09-03T11:17:39.713+0000][23984][gc,marking   ] GC(506) Concurrent Clear Claimed Marks 0.478ms
[2020-09-03T11:17:39.713+0000][23984][gc,marking   ] GC(506) Concurrent Scan Root Regions
[2020-09-03T11:17:39.715+0000][23984][gc,marking   ] GC(506) Concurrent Scan Root Regions 2.199ms
[2020-09-03T11:17:39.715+0000][23984][gc,marking   ] GC(506) Concurrent Mark (208.717s)
[2020-09-03T11:17:39.715+0000][23984][gc,marking   ] GC(506) Concurrent Mark From Roots
[2020-09-03T11:17:39.715+0000][23984][gc,task      ] GC(506) Using 2 workers of 2 for marking
[2020-09-03T11:17:39.842+0000][23984][gc,marking   ] GC(506) Concurrent Mark From Roots 126.920ms
[2020-09-03T11:17:39.842+0000][23984][gc,marking   ] GC(506) Concurrent Preclean
[2020-09-03T11:17:39.843+0000][23984][gc,marking   ] GC(506) Concurrent Preclean 0.463ms
[2020-09-03T11:17:39.843+0000][23984][gc,marking   ] GC(506) Concurrent Mark (208.717s, 208.845s) 127.542ms
[2020-09-03T11:17:39.843+0000][23984][gc,start     ] GC(506) Pause Remark
[2020-09-03T11:17:39.849+0000][23984][gc           ] GC(506) Pause Remark 320M->320M(1024M) 6.106ms
[2020-09-03T11:17:39.849+0000][23984][gc,cpu       ] GC(506) User=0.00s Sys=0.00s Real=0.01s
[2020-09-03T11:17:39.849+0000][23984][safepoint    ] Safepoint "G1Concurrent", Time since last: 130566000 ns, Reaching safepoint: 160100 ns, At safepoint: 6294700 ns, Total: 6454800 ns
[2020-09-03T11:17:39.850+0000][23984][gc,marking   ] GC(506) Concurrent Rebuild Remembered Sets
[2020-09-03T11:17:39.926+0000][23984][gc,marking   ] GC(506) Concurrent Rebuild Remembered Sets 76.236ms
[2020-09-03T11:17:39.926+0000][23984][gc,start     ] GC(506) Pause Cleanup
[2020-09-03T11:17:39.926+0000][23984][gc           ] GC(506) Pause Cleanup 388M->388M(1024M) 0.319ms
[2020-09-03T11:17:39.926+0000][23984][gc,cpu       ] GC(506) User=0.00s Sys=0.00s Real=0.00s
[2020-09-03T11:17:39.926+0000][23984][safepoint    ] Safepoint "G1Concurrent", Time since last: 76411000 ns, Reaching safepoint: 148900 ns, At safepoint: 480000 ns, Total: 628900 ns
[2020-09-03T11:17:39.927+0000][23984][gc,marking   ] GC(506) Concurrent Cleanup for Next Mark
[2020-09-03T11:17:39.928+0000][23984][gc,marking   ] GC(506) Concurrent Cleanup for Next Mark 1.242ms
[2020-09-03T11:17:39.928+0000][23984][gc           ] GC(506) Concurrent Cycle 215.501ms
[2020-09-03T11:17:40.059+0000][23984][gc,start     ] GC(507) Pause Young (Concurrent Start) (G1 Humongous Allocation)
[2020-09-03T11:17:40.059+0000][23984][gc,task      ] GC(507) Using 8 workers of 8 for evacuation
[2020-09-03T11:17:40.059+0000][23984][gc,age       ] GC(507) Desired survivor size 33554432 bytes, new threshold 15 (max threshold 15)
[2020-09-03T11:17:40.062+0000][23984][gc,age       ] GC(507) Age table with threshold 15 (max threshold 15)
[2020-09-03T11:17:40.062+0000][23984][gc,age       ] GC(507) - age   1:     635728 bytes,     635728 total
[2020-09-03T11:17:40.062+0000][23984][gc,age       ] GC(507) - age   2:      12416 bytes,     648144 total
[2020-09-03T11:17:40.062+0000][23984][gc,age       ] GC(507) - age   3:      11656 bytes,     659800 total
[2020-09-03T11:17:40.062+0000][23984][gc,age       ] GC(507) - age   4:       1304 bytes,     661104 total
[2020-09-03T11:17:40.062+0000][23984][gc,age       ] GC(507) - age   5:        576 bytes,     661680 total
[2020-09-03T11:17:40.062+0000][23984][gc,age       ] GC(507) - age   6:       8776 bytes,     670456 total
[2020-09-03T11:17:40.062+0000][23984][gc,age       ] GC(507) - age   7:        776 bytes,     671232 total
[2020-09-03T11:17:40.062+0000][23984][gc,age       ] GC(507) - age   8:       1176 bytes,     672408 total
[2020-09-03T11:17:40.062+0000][23984][gc,age       ] GC(507) - age   9:       5680 bytes,     678088 total
[2020-09-03T11:17:40.062+0000][23984][gc,age       ] GC(507) - age  10:       5968 bytes,     684056 total
[2020-09-03T11:17:40.062+0000][23984][gc,age       ] GC(507) - age  11:        728 bytes,     684784 total
[2020-09-03T11:17:40.062+0000][23984][gc,age       ] GC(507) - age  12:        400 bytes,     685184 total
[2020-09-03T11:17:40.062+0000][23984][gc,age       ] GC(507) - age  13:      23048 bytes,     708232 total
[2020-09-03T11:17:40.062+0000][23984][gc,age       ] GC(507) - age  14:        248 bytes,     708480 total
[2020-09-03T11:17:40.062+0000][23984][gc,age       ] GC(507) - age  15:        136 bytes,     708616 total
[2020-09-03T11:17:40.062+0000][23984][gc,phases    ] GC(507)   Pre Evacuate Collection Set: 0.3ms
[2020-09-03T11:17:40.062+0000][23984][gc,phases    ] GC(507)   Merge Heap Roots: 0.1ms
[2020-09-03T11:17:40.062+0000][23984][gc,phases    ] GC(507)   Evacuate Collection Set: 1.3ms
[2020-09-03T11:17:40.062+0000][23984][gc,phases    ] GC(507)   Post Evacuate Collection Set: 0.9ms
[2020-09-03T11:17:40.062+0000][23984][gc,phases    ] GC(507)   Other: 0.6ms
[2020-09-03T11:17:40.062+0000][23984][gc,heap      ] GC(507) Eden regions: 37->0(507)
[2020-09-03T11:17:40.062+0000][23984][gc,heap      ] GC(507) Survivor regions: 3->1(64)
[2020-09-03T11:17:40.062+0000][23984][gc,heap      ] GC(507) Old regions: 80->80
[2020-09-03T11:17:40.062+0000][23984][gc,heap      ] GC(507) Archive regions: 0->0
[2020-09-03T11:17:40.062+0000][23984][gc,heap      ] GC(507) Humongous regions: 278->174
[2020-09-03T11:17:40.062+0000][23984][gc,metaspace ] GC(507) Metaspace: 88442K(94336K)->88442K(94336K) NonClass: 77239K(80640K)->77239K(80640K) Class: 11202K(13696K)->11202K(13696K)
[2020-09-03T11:17:40.062+0000][23984][gc           ] GC(507) Pause Young (Concurrent Start) (G1 Humongous Allocation) 396M->254M(1024M) 3.515ms
[2020-09-03T11:17:40.062+0000][23984][gc,cpu       ] GC(507) User=0.03s Sys=0.00s Real=0.00s
[2020-09-03T11:17:40.062+0000][23984][safepoint    ] Safepoint "G1TryInitiateConcMark", Time since last: 131173700 ns, Reaching safepoint: 131500 ns, At safepoint: 3626400 ns, Total: 3757900 ns
[2020-09-03T11:17:40.062+0000][23984][gc           ] GC(508) Concurrent Cycle
[2020-09-03T11:17:40.062+0000][23984][gc,marking   ] GC(508) Concurrent Clear Claimed Marks
[2020-09-03T11:17:40.063+0000][23984][gc,marking   ] GC(508) Concurrent Clear Claimed Marks 0.403ms
[2020-09-03T11:17:40.063+0000][23984][gc,marking   ] GC(508) Concurrent Scan Root Regions
[2020-09-03T11:17:40.064+0000][23984][gc,marking   ] GC(508) Concurrent Scan Root Regions 1.380ms
[2020-09-03T11:17:40.064+0000][23984][gc,marking   ] GC(508) Concurrent Mark (209.065s)
[2020-09-03T11:17:40.064+0000][23984][gc,marking   ] GC(508) Concurrent Mark From Roots
[2020-09-03T11:17:40.064+0000][23984][gc,task      ] GC(508) Using 2 workers of 2 for marking
[2020-09-03T11:17:40.167+0000][23984][gc,marking   ] GC(508) Concurrent Mark From Roots 102.974ms
[2020-09-03T11:17:40.167+0000][23984][gc,marking   ] GC(508) Concurrent Preclean
[2020-09-03T11:17:40.168+0000][23984][gc,marking   ] GC(508) Concurrent Preclean 0.382ms
[2020-09-03T11:17:40.168+0000][23984][gc,marking   ] GC(508) Concurrent Mark (209.065s, 209.169s) 103.482ms
[2020-09-03T11:17:40.168+0000][23984][gc,start     ] GC(508) Pause Remark
[2020-09-03T11:17:40.174+0000][23984][gc           ] GC(508) Pause Remark 270M->270M(1024M) 5.989ms
[2020-09-03T11:17:40.174+0000][23984][gc,cpu       ] GC(508) User=0.13s Sys=0.00s Real=0.01s
[2020-09-03T11:17:40.174+0000][23984][safepoint    ] Safepoint "G1Concurrent", Time since last: 105589100 ns, Reaching safepoint: 131100 ns, At safepoint: 6161300 ns, Total: 6292400 ns
[2020-09-03T11:17:40.174+0000][23984][gc,marking   ] GC(508) Concurrent Rebuild Remembered Sets
[2020-09-03T11:17:40.241+0000][23984][gc,marking   ] GC(508) Concurrent Rebuild Remembered Sets 66.863ms
[2020-09-03T11:17:40.241+0000][23984][gc,start     ] GC(508) Pause Cleanup
[2020-09-03T11:17:40.242+0000][23984][gc           ] GC(508) Pause Cleanup 273M->273M(1024M) 0.237ms
[2020-09-03T11:17:40.242+0000][23984][gc,cpu       ] GC(508) User=0.00s Sys=0.00s Real=0.00s
[2020-09-03T11:17:40.242+0000][23984][safepoint    ] Safepoint "G1Concurrent", Time since last: 67016900 ns, Reaching safepoint: 102800 ns, At safepoint: 366800 ns, Total: 469600 ns
[2020-09-03T11:17:40.242+0000][23984][gc,marking   ] GC(508) Concurrent Cleanup for Next Mark
[2020-09-03T11:17:40.243+0000][23984][gc,marking   ] GC(508) Concurrent Cleanup for Next Mark 1.455ms
[2020-09-03T11:17:40.243+0000][23984][gc           ] GC(508) Concurrent Cycle 180.939ms
[2020-09-03T11:17:40.988+0000][23984][gc,start     ] GC(509) Pause Young (Concurrent Start) (G1 Humongous Allocation)
[2020-09-03T11:17:40.988+0000][23984][gc,task      ] GC(509) Using 8 workers of 8 for evacuation
[2020-09-03T11:17:40.988+0000][23984][gc,age       ] GC(509) Desired survivor size 33554432 bytes, new threshold 15 (max threshold 15)
[2020-09-03T11:17:40.991+0000][23984][gc,age       ] GC(509) Age table with threshold 15 (max threshold 15)
[2020-09-03T11:17:40.991+0000][23984][gc,age       ] GC(509) - age   1:     672472 bytes,     672472 total
[2020-09-03T11:17:40.991+0000][23984][gc,age       ] GC(509) - age   2:       7904 bytes,     680376 total
[2020-09-03T11:17:40.991+0000][23984][gc,age       ] GC(509) - age   3:       8832 bytes,     689208 total
[2020-09-03T11:17:40.991+0000][23984][gc,age       ] GC(509) - age   4:      11208 bytes,     700416 total
[2020-09-03T11:17:40.991+0000][23984][gc,age       ] GC(509) - age   5:        544 bytes,     700960 total
[2020-09-03T11:17:40.991+0000][23984][gc,age       ] GC(509) - age   6:        312 bytes,     701272 total
[2020-09-03T11:17:40.991+0000][23984][gc,age       ] GC(509) - age   7:       6280 bytes,     707552 total
[2020-09-03T11:17:40.991+0000][23984][gc,age       ] GC(509) - age   8:        456 bytes,     708008 total
[2020-09-03T11:17:40.991+0000][23984][gc,age       ] GC(509) - age   9:       1112 bytes,     709120 total
[2020-09-03T11:17:40.992+0000][23984][gc,age       ] GC(509) - age  10:       3264 bytes,     712384 total
[2020-09-03T11:17:40.992+0000][23984][gc,age       ] GC(509) - age  11:       5776 bytes,     718160 total
[2020-09-03T11:17:40.992+0000][23984][gc,age       ] GC(509) - age  12:        728 bytes,     718888 total
[2020-09-03T11:17:40.992+0000][23984][gc,age       ] GC(509) - age  13:        400 bytes,     719288 total
[2020-09-03T11:17:40.992+0000][23984][gc,age       ] GC(509) - age  14:      23008 bytes,     742296 total
[2020-09-03T11:17:40.992+0000][23984][gc,age       ] GC(509) - age  15:        120 bytes,     742416 total
[2020-09-03T11:17:40.992+0000][23984][gc,phases    ] GC(509)   Pre Evacuate Collection Set: 0.5ms
[2020-09-03T11:17:40.992+0000][23984][gc,phases    ] GC(509)   Merge Heap Roots: 0.1ms
[2020-09-03T11:17:40.992+0000][23984][gc,phases    ] GC(509)   Evacuate Collection Set: 1.6ms
[2020-09-03T11:17:40.992+0000][23984][gc,phases    ] GC(509)   Post Evacuate Collection Set: 0.5ms
[2020-09-03T11:17:40.992+0000][23984][gc,phases    ] GC(509)   Other: 0.7ms
[2020-09-03T11:17:40.992+0000][23984][gc,heap      ] GC(509) Eden regions: 58->0(508)
[2020-09-03T11:17:40.992+0000][23984][gc,heap      ] GC(509) Survivor regions: 1->1(64)
[2020-09-03T11:17:40.992+0000][23984][gc,heap      ] GC(509) Old regions: 80->80
[2020-09-03T11:17:40.992+0000][23984][gc,heap      ] GC(509) Archive regions: 0->0
[2020-09-03T11:17:40.992+0000][23984][gc,heap      ] GC(509) Humongous regions: 227->174
[2020-09-03T11:17:40.992+0000][23984][gc,metaspace ] GC(509) Metaspace: 88463K(94592K)->88463K(94592K) NonClass: 77259K(80896K)->77259K(80896K) Class: 11204K(13696K)->11204K(13696K)
[2020-09-03T11:17:40.992+0000][23984][gc           ] GC(509) Pause Young (Concurrent Start) (G1 Humongous Allocation) 364M->254M(1024M) 3.648ms
[2020-09-03T11:17:40.992+0000][23984][gc,cpu       ] GC(509) User=0.00s Sys=0.00s Real=0.00s
[2020-09-03T11:17:40.992+0000][23984][safepoint    ] Safepoint "G1TryInitiateConcMark", Time since last: 746375600 ns, Reaching safepoint: 237200 ns, At safepoint: 3767800 ns, Total: 4005000 ns
[2020-09-03T11:17:40.992+0000][23984][gc           ] GC(510) Concurrent Cycle
[2020-09-03T11:17:40.992+0000][23984][gc,marking   ] GC(510) Concurrent Clear Claimed Marks
[2020-09-03T11:17:40.993+0000][23984][gc,marking   ] GC(510) Concurrent Clear Claimed Marks 0.408ms
[2020-09-03T11:17:40.993+0000][23984][gc,marking   ] GC(510) Concurrent Scan Root Regions
[2020-09-03T11:17:40.994+0000][23984][gc,marking   ] GC(510) Concurrent Scan Root Regions 1.384ms
[2020-09-03T11:17:40.994+0000][23984][gc,marking   ] GC(510) Concurrent Mark (209.995s)
[2020-09-03T11:17:40.994+0000][23984][gc,marking   ] GC(510) Concurrent Mark From Roots
[2020-09-03T11:17:40.994+0000][23984][gc,task      ] GC(510) Using 2 workers of 2 for marking
[2020-09-03T11:17:41.108+0000][23984][gc,marking   ] GC(510) Concurrent Mark From Roots 114.238ms
[2020-09-03T11:17:41.108+0000][23984][gc,marking   ] GC(510) Concurrent Preclean
[2020-09-03T11:17:41.109+0000][23984][gc,marking   ] GC(510) Concurrent Preclean 0.531ms
[2020-09-03T11:17:41.109+0000][23984][gc,marking   ] GC(510) Concurrent Mark (209.995s, 210.110s) 114.920ms
[2020-09-03T11:17:41.109+0000][23984][gc,start     ] GC(510) Pause Remark
[2020-09-03T11:17:41.115+0000][23984][gc           ] GC(510) Pause Remark 269M->269M(1024M) 5.905ms
[2020-09-03T11:17:41.115+0000][23984][gc,cpu       ] GC(510) User=0.00s Sys=0.00s Real=0.01s
[2020-09-03T11:17:41.115+0000][23984][safepoint    ] Safepoint "G1Concurrent", Time since last: 116999700 ns, Reaching safepoint: 134600 ns, At safepoint: 6095500 ns, Total: 6230100 ns
[2020-09-03T11:17:41.115+0000][23984][gc,marking   ] GC(510) Concurrent Rebuild Remembered Sets
[2020-09-03T11:17:41.191+0000][23984][gc,marking   ] GC(510) Concurrent Rebuild Remembered Sets 75.798ms
[2020-09-03T11:17:41.191+0000][23984][gc,start     ] GC(510) Pause Cleanup
[2020-09-03T11:17:41.192+0000][23984][gc           ] GC(510) Pause Cleanup 282M->282M(1024M) 0.329ms
[2020-09-03T11:17:41.192+0000][23984][gc,cpu       ] GC(510) User=0.00s Sys=0.00s Real=0.00s
[2020-09-03T11:17:41.192+0000][23984][safepoint    ] Safepoint "G1Concurrent", Time since last: 75988600 ns, Reaching safepoint: 165400 ns, At safepoint: 554500 ns, Total: 719900 ns
[2020-09-03T11:17:41.192+0000][23984][gc,marking   ] GC(510) Concurrent Cleanup for Next Mark
[2020-09-03T11:17:41.194+0000][23984][gc,marking   ] GC(510) Concurrent Cleanup for Next Mark 1.712ms
[2020-09-03T11:17:41.194+0000][23984][gc           ] GC(510) Concurrent Cycle 201.828ms
[2020-09-03T11:17:41.911+0000][23984][gc,start     ] GC(511) Pause Young (Concurrent Start) (G1 Humongous Allocation)
[2020-09-03T11:17:41.911+0000][23984][gc,task      ] GC(511) Using 8 workers of 8 for evacuation
[2020-09-03T11:17:41.911+0000][23984][gc,age       ] GC(511) Desired survivor size 33554432 bytes, new threshold 15 (max threshold 15)
[2020-09-03T11:17:41.914+0000][23984][gc,age       ] GC(511) Age table with threshold 15 (max threshold 15)
[2020-09-03T11:17:41.914+0000][23984][gc,age       ] GC(511) - age   1:     601312 bytes,     601312 total
[2020-09-03T11:17:41.914+0000][23984][gc,age       ] GC(511) - age   2:      37784 bytes,     639096 total
[2020-09-03T11:17:41.914+0000][23984][gc,age       ] GC(511) - age   3:       7584 bytes,     646680 total
[2020-09-03T11:17:41.914+0000][23984][gc,age       ] GC(511) - age   4:       6368 bytes,     653048 total
[2020-09-03T11:17:41.914+0000][23984][gc,age       ] GC(511) - age   5:      11176 bytes,     664224 total
[2020-09-03T11:17:41.914+0000][23984][gc,age       ] GC(511) - age   6:        256 bytes,     664480 total
[2020-09-03T11:17:41.914+0000][23984][gc,age       ] GC(511) - age   7:        312 bytes,     664792 total
[2020-09-03T11:17:41.914+0000][23984][gc,age       ] GC(511) - age   8:       6184 bytes,     670976 total
[2020-09-03T11:17:41.914+0000][23984][gc,age       ] GC(511) - age   9:        328 bytes,     671304 total
[2020-09-03T11:17:41.914+0000][23984][gc,age       ] GC(511) - age  10:       1080 bytes,     672384 total
[2020-09-03T11:17:41.914+0000][23984][gc,age       ] GC(511) - age  11:       3264 bytes,     675648 total
[2020-09-03T11:17:41.914+0000][23984][gc,age       ] GC(511) - age  12:       5536 bytes,     681184 total
[2020-09-03T11:17:41.914+0000][23984][gc,age       ] GC(511) - age  13:        664 bytes,     681848 total
[2020-09-03T11:17:41.915+0000][23984][gc,age       ] GC(511) - age  14:        400 bytes,     682248 total
[2020-09-03T11:17:41.915+0000][23984][gc,age       ] GC(511) - age  15:      20552 bytes,     702800 total
[2020-09-03T11:17:41.915+0000][23984][gc,phases    ] GC(511)   Pre Evacuate Collection Set: 0.4ms
[2020-09-03T11:17:41.915+0000][23984][gc,phases    ] GC(511)   Merge Heap Roots: 0.1ms
[2020-09-03T11:17:41.915+0000][23984][gc,phases    ] GC(511)   Evacuate Collection Set: 1.6ms
[2020-09-03T11:17:41.915+0000][23984][gc,phases    ] GC(511)   Post Evacuate Collection Set: 0.7ms
[2020-09-03T11:17:41.915+0000][23984][gc,phases    ] GC(511)   Other: 1.0ms
[2020-09-03T11:17:41.915+0000][23984][gc,heap      ] GC(511) Eden regions: 53->0(508)
[2020-09-03T11:17:41.915+0000][23984][gc,heap      ] GC(511) Survivor regions: 1->1(64)
[2020-09-03T11:17:41.915+0000][23984][gc,heap      ] GC(511) Old regions: 80->80
[2020-09-03T11:17:41.915+0000][23984][gc,heap      ] GC(511) Archive regions: 0->0
[2020-09-03T11:17:41.915+0000][23984][gc,heap      ] GC(511) Humongous regions: 227->174
[2020-09-03T11:17:41.915+0000][23984][gc,metaspace ] GC(511) Metaspace: 88480K(94592K)->88480K(94592K) NonClass: 77274K(80896K)->77274K(80896K) Class: 11205K(13696K)->11205K(13696K)
[2020-09-03T11:17:41.915+0000][23984][gc           ] GC(511) Pause Young (Concurrent Start) (G1 Humongous Allocation) 359M->254M(1024M) 3.971ms
[2020-09-03T11:17:41.915+0000][23984][gc,cpu       ] GC(511) User=0.00s Sys=0.00s Real=0.00s
[2020-09-03T11:17:41.915+0000][23984][safepoint    ] Safepoint "G1TryInitiateConcMark", Time since last: 718793200 ns, Reaching safepoint: 149800 ns, At safepoint: 4089400 ns, Total: 4239200 ns
[2020-09-03T11:17:41.915+0000][23984][gc           ] GC(512) Concurrent Cycle
[2020-09-03T11:17:41.915+0000][23984][gc,marking   ] GC(512) Concurrent Clear Claimed Marks
[2020-09-03T11:17:41.915+0000][23984][gc,marking   ] GC(512) Concurrent Clear Claimed Marks 0.373ms
[2020-09-03T11:17:41.916+0000][23984][gc,marking   ] GC(512) Concurrent Scan Root Regions
[2020-09-03T11:17:41.918+0000][23984][gc,marking   ] GC(512) Concurrent Scan Root Regions 2.156ms
[2020-09-03T11:17:41.918+0000][23984][gc,marking   ] GC(512) Concurrent Mark (210.919s)
[2020-09-03T11:17:41.918+0000][23984][gc,marking   ] GC(512) Concurrent Mark From Roots
[2020-09-03T11:17:41.918+0000][23984][gc,task      ] GC(512) Using 2 workers of 2 for marking
[2020-09-03T11:17:42.060+0000][23984][gc,marking   ] GC(512) Concurrent Mark From Roots 141.862ms
[2020-09-03T11:17:42.060+0000][23984][gc,marking   ] GC(512) Concurrent Preclean
[2020-09-03T11:17:42.060+0000][23984][gc,marking   ] GC(512) Concurrent Preclean 0.559ms
[2020-09-03T11:17:42.060+0000][23984][gc,marking   ] GC(512) Concurrent Mark (210.919s, 211.061s) 142.592ms
[2020-09-03T11:17:42.061+0000][23984][gc,start     ] GC(512) Pause Remark
[2020-09-03T11:17:42.068+0000][23984][gc           ] GC(512) Pause Remark 267M->267M(1024M) 6.915ms
[2020-09-03T11:17:42.068+0000][23984][gc,cpu       ] GC(512) User=0.00s Sys=0.00s Real=0.01s
[2020-09-03T11:17:42.068+0000][23984][safepoint    ] Safepoint "G1Concurrent", Time since last: 145430900 ns, Reaching safepoint: 163000 ns, At safepoint: 7105300 ns, Total: 7268300 ns
[2020-09-03T11:17:42.068+0000][23984][gc,marking   ] GC(512) Concurrent Rebuild Remembered Sets
[2020-09-03T11:17:42.164+0000][23984][gc,marking   ] GC(512) Concurrent Rebuild Remembered Sets 96.684ms
[2020-09-03T11:17:42.166+0000][23984][gc,start     ] GC(512) Pause Cleanup
[2020-09-03T11:17:42.166+0000][23984][gc           ] GC(512) Pause Cleanup 284M->284M(1024M) 0.359ms
[2020-09-03T11:17:42.166+0000][23984][gc,cpu       ] GC(512) User=0.00s Sys=0.00s Real=0.00s
[2020-09-03T11:17:42.166+0000][23984][safepoint    ] Safepoint "G1Concurrent", Time since last: 96877700 ns, Reaching safepoint: 1053600 ns, At safepoint: 797100 ns, Total: 1850700 ns
[2020-09-03T11:17:42.167+0000][23984][gc,marking   ] GC(512) Concurrent Cleanup for Next Mark
[2020-09-03T11:17:42.168+0000][23984][gc,marking   ] GC(512) Concurrent Cleanup for Next Mark 1.465ms
[2020-09-03T11:17:42.168+0000][23984][gc           ] GC(512) Concurrent Cycle 253.088ms
[2020-09-03T11:17:42.894+0000][23984][gc,start     ] GC(513) Pause Young (Concurrent Start) (G1 Humongous Allocation)
[2020-09-03T11:17:42.894+0000][23984][gc,task      ] GC(513) Using 8 workers of 8 for evacuation
[2020-09-03T11:17:42.894+0000][23984][gc,age       ] GC(513) Desired survivor size 33554432 bytes, new threshold 15 (max threshold 15)
[2020-09-03T11:17:42.897+0000][23984][gc,age       ] GC(513) Age table with threshold 15 (max threshold 15)
[2020-09-03T11:17:42.897+0000][23984][gc,age       ] GC(513) - age   1:    2503256 bytes,    2503256 total
[2020-09-03T11:17:42.897+0000][23984][gc,age       ] GC(513) - age   2:      12120 bytes,    2515376 total
[2020-09-03T11:17:42.897+0000][23984][gc,age       ] GC(513) - age   3:      36808 bytes,    2552184 total
[2020-09-03T11:17:42.897+0000][23984][gc,age       ] GC(513) - age   4:       7248 bytes,    2559432 total
[2020-09-03T11:17:42.897+0000][23984][gc,age       ] GC(513) - age   5:       6008 bytes,    2565440 total
[2020-09-03T11:17:42.897+0000][23984][gc,age       ] GC(513) - age   6:      11080 bytes,    2576520 total
[2020-09-03T11:17:42.897+0000][23984][gc,age       ] GC(513) - age   7:        192 bytes,    2576712 total
[2020-09-03T11:17:42.898+0000][23984][gc,age       ] GC(513) - age   8:        312 bytes,    2577024 total
[2020-09-03T11:17:42.898+0000][23984][gc,age       ] GC(513) - age   9:       6152 bytes,    2583176 total
[2020-09-03T11:17:42.898+0000][23984][gc,age       ] GC(513) - age  10:        328 bytes,    2583504 total
[2020-09-03T11:17:42.898+0000][23984][gc,age       ] GC(513) - age  11:       1080 bytes,    2584584 total
[2020-09-03T11:17:42.898+0000][23984][gc,age       ] GC(513) - age  12:       3264 bytes,    2587848 total
[2020-09-03T11:17:42.898+0000][23984][gc,age       ] GC(513) - age  13:       5408 bytes,    2593256 total
[2020-09-03T11:17:42.898+0000][23984][gc,age       ] GC(513) - age  14:        664 bytes,    2593920 total
[2020-09-03T11:17:42.898+0000][23984][gc,age       ] GC(513) - age  15:        400 bytes,    2594320 total
[2020-09-03T11:17:42.898+0000][23984][gc,phases    ] GC(513)   Pre Evacuate Collection Set: 0.4ms
[2020-09-03T11:17:42.898+0000][23984][gc,phases    ] GC(513)   Merge Heap Roots: 0.1ms
[2020-09-03T11:17:42.898+0000][23984][gc,phases    ] GC(513)   Evacuate Collection Set: 1.8ms
[2020-09-03T11:17:42.898+0000][23984][gc,phases    ] GC(513)   Post Evacuate Collection Set: 0.7ms
[2020-09-03T11:17:42.898+0000][23984][gc,phases    ] GC(513)   Other: 1.0ms
[2020-09-03T11:17:42.898+0000][23984][gc,heap      ] GC(513) Eden regions: 56->0(506)
[2020-09-03T11:17:42.898+0000][23984][gc,heap      ] GC(513) Survivor regions: 1->3(64)
[2020-09-03T11:17:42.898+0000][23984][gc,heap      ] GC(513) Old regions: 80->80
[2020-09-03T11:17:42.898+0000][23984][gc,heap      ] GC(513) Archive regions: 0->0
[2020-09-03T11:17:42.898+0000][23984][gc,heap      ] GC(513) Humongous regions: 227->174
[2020-09-03T11:17:42.898+0000][23984][gc,metaspace ] GC(513) Metaspace: 88480K(94592K)->88480K(94592K) NonClass: 77274K(80896K)->77274K(80896K) Class: 11205K(13696K)->11205K(13696K)
[2020-09-03T11:17:42.898+0000][23984][gc           ] GC(513) Pause Young (Concurrent Start) (G1 Humongous Allocation) 362M->255M(1024M) 4.458ms
[2020-09-03T11:17:42.898+0000][23984][gc,cpu       ] GC(513) User=0.00s Sys=0.00s Real=0.00s
[2020-09-03T11:17:42.899+0000][23984][safepoint    ] Safepoint "G1TryInitiateConcMark", Time since last: 727279000 ns, Reaching safepoint: 176500 ns, At safepoint: 4638900 ns, Total: 4815400 ns
[2020-09-03T11:17:42.899+0000][23984][gc           ] GC(514) Concurrent Cycle
[2020-09-03T11:17:42.899+0000][23984][gc,marking   ] GC(514) Concurrent Clear Claimed Marks
[2020-09-03T11:17:42.899+0000][23984][gc,marking   ] GC(514) Concurrent Clear Claimed Marks 0.446ms
[2020-09-03T11:17:42.899+0000][23984][gc,marking   ] GC(514) Concurrent Scan Root Regions
[2020-09-03T11:17:42.901+0000][23984][gc,marking   ] GC(514) Concurrent Scan Root Regions 2.051ms
[2020-09-03T11:17:42.901+0000][23984][gc,marking   ] GC(514) Concurrent Mark (211.902s)
[2020-09-03T11:17:42.901+0000][23984][gc,marking   ] GC(514) Concurrent Mark From Roots
[2020-09-03T11:17:42.901+0000][23984][gc,task      ] GC(514) Using 2 workers of 2 for marking
[2020-09-03T11:17:43.034+0000][23984][gc,marking   ] GC(514) Concurrent Mark From Roots 132.563ms
[2020-09-03T11:17:43.034+0000][23984][gc,marking   ] GC(514) Concurrent Preclean
[2020-09-03T11:17:43.035+0000][23984][gc,marking   ] GC(514) Concurrent Preclean 0.677ms
[2020-09-03T11:17:43.035+0000][23984][gc,marking   ] GC(514) Concurrent Mark (211.902s, 212.036s) 133.410ms
[2020-09-03T11:17:43.035+0000][23984][gc,start     ] GC(514) Pause Remark
[2020-09-03T11:17:43.041+0000][23984][gc           ] GC(514) Pause Remark 312M->312M(1024M) 5.679ms
[2020-09-03T11:17:43.041+0000][23984][gc,cpu       ] GC(514) User=0.00s Sys=0.00s Real=0.01s
[2020-09-03T11:17:43.041+0000][23984][safepoint    ] Safepoint "G1Concurrent", Time since last: 136261600 ns, Reaching safepoint: 127900 ns, At safepoint: 5874000 ns, Total: 6001900 ns
[2020-09-03T11:17:43.041+0000][23984][gc,marking   ] GC(514) Concurrent Rebuild Remembered Sets
[2020-09-03T11:17:43.106+0000][23984][gc,marking   ] GC(514) Concurrent Rebuild Remembered Sets 65.322ms
[2020-09-03T11:17:43.106+0000][23984][gc,start     ] GC(514) Pause Cleanup
[2020-09-03T11:17:43.107+0000][23984][gc           ] GC(514) Pause Cleanup 325M->325M(1024M) 0.257ms
[2020-09-03T11:17:43.107+0000][23984][gc,cpu       ] GC(514) User=0.00s Sys=0.00s Real=0.00s
[2020-09-03T11:17:43.107+0000][23984][safepoint    ] Safepoint "G1Concurrent", Time since last: 65487700 ns, Reaching safepoint: 150500 ns, At safepoint: 398500 ns, Total: 549000 ns
[2020-09-03T11:17:43.107+0000][23984][gc,marking   ] GC(514) Concurrent Cleanup for Next Mark
[2020-09-03T11:17:43.108+0000][23984][gc,marking   ] GC(514) Concurrent Cleanup for Next Mark 1.541ms
[2020-09-03T11:17:43.108+0000][23984][gc           ] GC(514) Concurrent Cycle 209.979ms
[2020-09-03T11:17:43.291+0000][23984][gc,start     ] GC(515) Pause Young (Concurrent Start) (G1 Humongous Allocation)
[2020-09-03T11:17:43.291+0000][23984][gc,task      ] GC(515) Using 8 workers of 8 for evacuation
[2020-09-03T11:17:43.291+0000][23984][gc,age       ] GC(515) Desired survivor size 33554432 bytes, new threshold 15 (max threshold 15)
[2020-09-03T11:17:43.294+0000][23984][gc,age       ] GC(515) Age table with threshold 15 (max threshold 15)
[2020-09-03T11:17:43.294+0000][23984][gc,age       ] GC(515) - age   1:    2635944 bytes,    2635944 total
[2020-09-03T11:17:43.294+0000][23984][gc,age       ] GC(515) - age   2:      11480 bytes,    2647424 total
[2020-09-03T11:17:43.294+0000][23984][gc,age       ] GC(515) - age   3:      11864 bytes,    2659288 total
[2020-09-03T11:17:43.294+0000][23984][gc,age       ] GC(515) - age   4:      36744 bytes,    2696032 total
[2020-09-03T11:17:43.294+0000][23984][gc,age       ] GC(515) - age   5:       4616 bytes,    2700648 total
[2020-09-03T11:17:43.294+0000][23984][gc,age       ] GC(515) - age   6:       6008 bytes,    2706656 total
[2020-09-03T11:17:43.294+0000][23984][gc,age       ] GC(515) - age   7:      10728 bytes,    2717384 total
[2020-09-03T11:17:43.294+0000][23984][gc,age       ] GC(515) - age   8:        160 bytes,    2717544 total
[2020-09-03T11:17:43.294+0000][23984][gc,age       ] GC(515) - age   9:        312 bytes,    2717856 total
[2020-09-03T11:17:43.294+0000][23984][gc,age       ] GC(515) - age  10:       5960 bytes,    2723816 total
[2020-09-03T11:17:43.294+0000][23984][gc,age       ] GC(515) - age  11:        328 bytes,    2724144 total
[2020-09-03T11:17:43.294+0000][23984][gc,age       ] GC(515) - age  12:       1080 bytes,    2725224 total
[2020-09-03T11:17:43.294+0000][23984][gc,age       ] GC(515) - age  13:       3264 bytes,    2728488 total
[2020-09-03T11:17:43.294+0000][23984][gc,age       ] GC(515) - age  14:       5408 bytes,    2733896 total
[2020-09-03T11:17:43.294+0000][23984][gc,age       ] GC(515) - age  15:        664 bytes,    2734560 total
[2020-09-03T11:17:43.294+0000][23984][gc,phases    ] GC(515)   Pre Evacuate Collection Set: 0.4ms
[2020-09-03T11:17:43.294+0000][23984][gc,phases    ] GC(515)   Merge Heap Roots: 0.1ms
[2020-09-03T11:17:43.294+0000][23984][gc,phases    ] GC(515)   Evacuate Collection Set: 1.7ms
[2020-09-03T11:17:43.294+0000][23984][gc,phases    ] GC(515)   Post Evacuate Collection Set: 0.6ms
[2020-09-03T11:17:43.295+0000][23984][gc,phases    ] GC(515)   Other: 0.8ms
[2020-09-03T11:17:43.295+0000][23984][gc,heap      ] GC(515) Eden regions: 29->0(505)
[2020-09-03T11:17:43.295+0000][23984][gc,heap      ] GC(515) Survivor regions: 3->3(64)
[2020-09-03T11:17:43.295+0000][23984][gc,heap      ] GC(515) Old regions: 80->80
[2020-09-03T11:17:43.295+0000][23984][gc,heap      ] GC(515) Archive regions: 0->0
[2020-09-03T11:17:43.295+0000][23984][gc,heap      ] GC(515) Humongous regions: 227->174
[2020-09-03T11:17:43.295+0000][23984][gc,metaspace ] GC(515) Metaspace: 88480K(94592K)->88480K(94592K) NonClass: 77274K(80896K)->77274K(80896K) Class: 11205K(13696K)->11205K(13696K)
[2020-09-03T11:17:43.295+0000][23984][gc           ] GC(515) Pause Young (Concurrent Start) (G1 Humongous Allocation) 337M->256M(1024M) 4.011ms
[2020-09-03T11:17:43.295+0000][23984][gc,cpu       ] GC(515) User=0.02s Sys=0.00s Real=0.00s
[2020-09-03T11:17:43.295+0000][23984][gc           ] GC(516) Concurrent Cycle
[2020-09-03T11:17:43.295+0000][23984][safepoint    ] Safepoint "G1TryInitiateConcMark", Time since last: 183800900 ns, Reaching safepoint: 127700 ns, At safepoint: 4162000 ns, Total: 4289700 ns
[2020-09-03T11:17:43.295+0000][23984][gc,marking   ] GC(516) Concurrent Clear Claimed Marks
[2020-09-03T11:17:43.295+0000][23984][gc,marking   ] GC(516) Concurrent Clear Claimed Marks 0.494ms
[2020-09-03T11:17:43.296+0000][23984][gc,marking   ] GC(516) Concurrent Scan Root Regions
[2020-09-03T11:17:43.298+0000][23984][gc,marking   ] GC(516) Concurrent Scan Root Regions 2.516ms
[2020-09-03T11:17:43.298+0000][23984][gc,marking   ] GC(516) Concurrent Mark (212.299s)
[2020-09-03T11:17:43.298+0000][23984][gc,marking   ] GC(516) Concurrent Mark From Roots
[2020-09-03T11:17:43.298+0000][23984][gc,task      ] GC(516) Using 2 workers of 2 for marking
[2020-09-03T11:17:43.427+0000][23984][gc,marking   ] GC(516) Concurrent Mark From Roots 128.927ms
[2020-09-03T11:17:43.427+0000][23984][gc,marking   ] GC(516) Concurrent Preclean
[2020-09-03T11:17:43.428+0000][23984][gc,marking   ] GC(516) Concurrent Preclean 0.615ms
[2020-09-03T11:17:43.428+0000][23984][gc,marking   ] GC(516) Concurrent Mark (212.299s, 212.429s) 129.751ms
[2020-09-03T11:17:43.428+0000][23984][gc,start     ] GC(516) Pause Remark
[2020-09-03T11:17:43.435+0000][23984][gc           ] GC(516) Pause Remark 317M->317M(1024M) 6.514ms
[2020-09-03T11:17:43.435+0000][23984][gc,cpu       ] GC(516) User=0.00s Sys=0.00s Real=0.01s
[2020-09-03T11:17:43.435+0000][23984][safepoint    ] Safepoint "G1Concurrent", Time since last: 133098100 ns, Reaching safepoint: 129700 ns, At safepoint: 6909500 ns, Total: 7039200 ns
[2020-09-03T11:17:43.435+0000][23984][gc,marking   ] GC(516) Concurrent Rebuild Remembered Sets
[2020-09-03T11:17:43.530+0000][23984][gc,marking   ] GC(516) Concurrent Rebuild Remembered Sets 95.117ms
[2020-09-03T11:17:43.531+0000][23984][gc,start     ] GC(516) Pause Cleanup
[2020-09-03T11:17:43.531+0000][23984][gc           ] GC(516) Pause Cleanup 331M->331M(1024M) 0.328ms
[2020-09-03T11:17:43.531+0000][23984][gc,cpu       ] GC(516) User=0.00s Sys=0.00s Real=0.00s
[2020-09-03T11:17:43.531+0000][23984][safepoint    ] Safepoint "G1Concurrent", Time since last: 95335000 ns, Reaching safepoint: 161700 ns, At safepoint: 482200 ns, Total: 643900 ns
[2020-09-03T11:17:43.531+0000][23984][gc,marking   ] GC(516) Concurrent Cleanup for Next Mark
[2020-09-03T11:17:43.533+0000][23984][gc,marking   ] GC(516) Concurrent Cleanup for Next Mark 1.567ms
[2020-09-03T11:17:43.533+0000][23984][gc           ] GC(516) Concurrent Cycle 237.886ms
[2020-09-03T11:17:43.695+0000][23984][gc,start     ] GC(517) Pause Young (Concurrent Start) (G1 Humongous Allocation)
[2020-09-03T11:17:43.695+0000][23984][gc,task      ] GC(517) Using 8 workers of 8 for evacuation
[2020-09-03T11:17:43.695+0000][23984][gc,age       ] GC(517) Desired survivor size 33554432 bytes, new threshold 15 (max threshold 15)
[2020-09-03T11:17:43.698+0000][23984][gc,age       ] GC(517) Age table with threshold 15 (max threshold 15)
[2020-09-03T11:17:43.698+0000][23984][gc,age       ] GC(517) - age   1:    2685240 bytes,    2685240 total
[2020-09-03T11:17:43.698+0000][23984][gc,age       ] GC(517) - age   2:       8352 bytes,    2693592 total
[2020-09-03T11:17:43.698+0000][23984][gc,age       ] GC(517) - age   3:       9968 bytes,    2703560 total
[2020-09-03T11:17:43.698+0000][23984][gc,age       ] GC(517) - age   4:      11672 bytes,    2715232 total
[2020-09-03T11:17:43.698+0000][23984][gc,age       ] GC(517) - age   5:      36680 bytes,    2751912 total
[2020-09-03T11:17:43.698+0000][23984][gc,age       ] GC(517) - age   6:       4520 bytes,    2756432 total
[2020-09-03T11:17:43.698+0000][23984][gc,age       ] GC(517) - age   7:       6008 bytes,    2762440 total
[2020-09-03T11:17:43.698+0000][23984][gc,age       ] GC(517) - age   8:      10728 bytes,    2773168 total
[2020-09-03T11:17:43.699+0000][23984][gc,age       ] GC(517) - age   9:        160 bytes,    2773328 total
[2020-09-03T11:17:43.699+0000][23984][gc,age       ] GC(517) - age  10:        312 bytes,    2773640 total
[2020-09-03T11:17:43.699+0000][23984][gc,age       ] GC(517) - age  11:       5960 bytes,    2779600 total
[2020-09-03T11:17:43.699+0000][23984][gc,age       ] GC(517) - age  12:        328 bytes,    2779928 total
[2020-09-03T11:17:43.699+0000][23984][gc,age       ] GC(517) - age  13:       1080 bytes,    2781008 total
[2020-09-03T11:17:43.699+0000][23984][gc,age       ] GC(517) - age  14:       3264 bytes,    2784272 total
[2020-09-03T11:17:43.699+0000][23984][gc,age       ] GC(517) - age  15:       5408 bytes,    2789680 total
[2020-09-03T11:17:43.699+0000][23984][gc,phases    ] GC(517)   Pre Evacuate Collection Set: 0.4ms
[2020-09-03T11:17:43.699+0000][23984][gc,phases    ] GC(517)   Merge Heap Roots: 0.1ms
[2020-09-03T11:17:43.699+0000][23984][gc,phases    ] GC(517)   Evacuate Collection Set: 2.0ms
[2020-09-03T11:17:43.699+0000][23984][gc,phases    ] GC(517)   Post Evacuate Collection Set: 0.7ms
[2020-09-03T11:17:43.699+0000][23984][gc,phases    ] GC(517)   Other: 0.9ms
[2020-09-03T11:17:43.699+0000][23984][gc,heap      ] GC(517) Eden regions: 28->0(505)
[2020-09-03T11:17:43.699+0000][23984][gc,heap      ] GC(517) Survivor regions: 3->3(64)
[2020-09-03T11:17:43.699+0000][23984][gc,heap      ] GC(517) Old regions: 80->80
[2020-09-03T11:17:43.699+0000][23984][gc,heap      ] GC(517) Archive regions: 0->0
[2020-09-03T11:17:43.699+0000][23984][gc,heap      ] GC(517) Humongous regions: 230->174
[2020-09-03T11:17:43.699+0000][23984][gc,metaspace ] GC(517) Metaspace: 88481K(94592K)->88481K(94592K) NonClass: 77275K(80896K)->77275K(80896K) Class: 11205K(13696K)->11205K(13696K)
[2020-09-03T11:17:43.699+0000][23984][gc           ] GC(517) Pause Young (Concurrent Start) (G1 Humongous Allocation) 339M->256M(1024M) 4.451ms
[2020-09-03T11:17:43.699+0000][23984][gc,cpu       ] GC(517) User=0.00s Sys=0.00s Real=0.00s
[2020-09-03T11:17:43.699+0000][23984][gc           ] GC(518) Concurrent Cycle
[2020-09-03T11:17:43.699+0000][23984][safepoint    ] Safepoint "G1TryInitiateConcMark", Time since last: 163567400 ns, Reaching safepoint: 133000 ns, At safepoint: 4609800 ns, Total: 4742800 ns
[2020-09-03T11:17:43.699+0000][23984][gc,marking   ] GC(518) Concurrent Clear Claimed Marks
[2020-09-03T11:17:43.700+0000][23984][gc,marking   ] GC(518) Concurrent Clear Claimed Marks 0.477ms
[2020-09-03T11:17:43.700+0000][23984][gc,marking   ] GC(518) Concurrent Scan Root Regions
[2020-09-03T11:17:43.702+0000][23984][gc,marking   ] GC(518) Concurrent Scan Root Regions 2.067ms
[2020-09-03T11:17:43.702+0000][23984][gc,marking   ] GC(518) Concurrent Mark (212.703s)
[2020-09-03T11:17:43.702+0000][23984][gc,marking   ] GC(518) Concurrent Mark From Roots
[2020-09-03T11:17:43.702+0000][23984][gc,task      ] GC(518) Using 2 workers of 2 for marking
[2020-09-03T11:17:43.819+0000][23984][gc,marking   ] GC(518) Concurrent Mark From Roots 116.466ms
[2020-09-03T11:17:43.819+0000][23984][gc,marking   ] GC(518) Concurrent Preclean
[2020-09-03T11:17:43.819+0000][23984][gc,marking   ] GC(518) Concurrent Preclean 0.452ms
[2020-09-03T11:17:43.819+0000][23984][gc,marking   ] GC(518) Concurrent Mark (212.703s, 212.820s) 117.048ms
[2020-09-03T11:17:43.819+0000][23984][gc,start     ] GC(518) Pause Remark
[2020-09-03T11:17:43.825+0000][23984][gc           ] GC(518) Pause Remark 320M->320M(1024M) 5.445ms
[2020-09-03T11:17:43.825+0000][23984][gc,cpu       ] GC(518) User=0.00s Sys=0.00s Real=0.01s
[2020-09-03T11:17:43.825+0000][23984][safepoint    ] Safepoint "G1Concurrent", Time since last: 119851800 ns, Reaching safepoint: 145800 ns, At safepoint: 5654200 ns, Total: 5800000 ns
[2020-09-03T11:17:43.825+0000][23984][gc,marking   ] GC(518) Concurrent Rebuild Remembered Sets
[2020-09-03T11:17:43.892+0000][23984][gc,marking   ] GC(518) Concurrent Rebuild Remembered Sets 66.526ms
[2020-09-03T11:17:43.892+0000][23984][gc,start     ] GC(518) Pause Cleanup
[2020-09-03T11:17:43.892+0000][23984][gc           ] GC(518) Pause Cleanup 388M->388M(1024M) 0.263ms
[2020-09-03T11:17:43.892+0000][23984][gc,cpu       ] GC(518) User=0.00s Sys=0.00s Real=0.00s
[2020-09-03T11:17:43.892+0000][23984][safepoint    ] Safepoint "G1Concurrent", Time since last: 66706700 ns, Reaching safepoint: 139800 ns, At safepoint: 394200 ns, Total: 534000 ns
[2020-09-03T11:17:43.892+0000][23984][gc,marking   ] GC(518) Concurrent Cleanup for Next Mark
[2020-09-03T11:17:43.893+0000][23984][gc,marking   ] GC(518) Concurrent Cleanup for Next Mark 1.073ms
[2020-09-03T11:17:43.893+0000][23984][gc           ] GC(518) Concurrent Cycle 194.097ms
[2020-09-03T11:17:43.983+0000][23984][gc,start     ] GC(519) Pause Young (Concurrent Start) (G1 Humongous Allocation)
[2020-09-03T11:17:43.983+0000][23984][gc,task      ] GC(519) Using 8 workers of 8 for evacuation
[2020-09-03T11:17:43.983+0000][23984][gc,age       ] GC(519) Desired survivor size 33554432 bytes, new threshold 15 (max threshold 15)
[2020-09-03T11:17:43.987+0000][23984][gc,age       ] GC(519) Age table with threshold 15 (max threshold 15)
[2020-09-03T11:17:43.987+0000][23984][gc,age       ] GC(519) - age   1:    1179440 bytes,    1179440 total
[2020-09-03T11:17:43.987+0000][23984][gc,age       ] GC(519) - age   2:       9128 bytes,    1188568 total
[2020-09-03T11:17:43.987+0000][23984][gc,age       ] GC(519) - age   3:       7440 bytes,    1196008 total
[2020-09-03T11:17:43.987+0000][23984][gc,age       ] GC(519) - age   4:       8616 bytes,    1204624 total
[2020-09-03T11:17:43.987+0000][23984][gc,age       ] GC(519) - age   5:      11544 bytes,    1216168 total
[2020-09-03T11:17:43.987+0000][23984][gc,age       ] GC(519) - age   6:      36680 bytes,    1252848 total
[2020-09-03T11:17:43.987+0000][23984][gc,age       ] GC(519) - age   7:        640 bytes,    1253488 total
[2020-09-03T11:17:43.987+0000][23984][gc,age       ] GC(519) - age   8:       5896 bytes,    1259384 total
[2020-09-03T11:17:43.987+0000][23984][gc,age       ] GC(519) - age   9:      10728 bytes,    1270112 total
[2020-09-03T11:17:43.987+0000][23984][gc,age       ] GC(519) - age  10:        160 bytes,    1270272 total
[2020-09-03T11:17:43.987+0000][23984][gc,age       ] GC(519) - age  11:        312 bytes,    1270584 total
[2020-09-03T11:17:43.987+0000][23984][gc,age       ] GC(519) - age  12:       5960 bytes,    1276544 total
[2020-09-03T11:17:43.987+0000][23984][gc,age       ] GC(519) - age  13:        328 bytes,    1276872 total
[2020-09-03T11:17:43.987+0000][23984][gc,age       ] GC(519) - age  14:       1080 bytes,    1277952 total
[2020-09-03T11:17:43.987+0000][23984][gc,age       ] GC(519) - age  15:       3200 bytes,    1281152 total
[2020-09-03T11:17:43.987+0000][23984][gc,phases    ] GC(519)   Pre Evacuate Collection Set: 0.5ms
[2020-09-03T11:17:43.987+0000][23984][gc,phases    ] GC(519)   Merge Heap Roots: 0.1ms
[2020-09-03T11:17:43.987+0000][23984][gc,phases    ] GC(519)   Evacuate Collection Set: 1.9ms
[2020-09-03T11:17:43.987+0000][23984][gc,phases    ] GC(519)   Post Evacuate Collection Set: 0.8ms
[2020-09-03T11:17:43.987+0000][23984][gc,phases    ] GC(519)   Other: 0.9ms
[2020-09-03T11:17:43.987+0000][23984][gc,heap      ] GC(519) Eden regions: 37->0(506)
[2020-09-03T11:17:43.987+0000][23984][gc,heap      ] GC(519) Survivor regions: 3->2(64)
[2020-09-03T11:17:43.987+0000][23984][gc,heap      ] GC(519) Old regions: 80->80
[2020-09-03T11:17:43.987+0000][23984][gc,heap      ] GC(519) Archive regions: 0->0
[2020-09-03T11:17:43.988+0000][23984][gc,heap      ] GC(519) Humongous regions: 278->174
[2020-09-03T11:17:43.988+0000][23984][gc,metaspace ] GC(519) Metaspace: 88481K(94592K)->88481K(94592K) NonClass: 77275K(80896K)->77275K(80896K) Class: 11205K(13696K)->11205K(13696K)
[2020-09-03T11:17:43.988+0000][23984][gc           ] GC(519) Pause Young (Concurrent Start) (G1 Humongous Allocation) 396M->254M(1024M) 4.494ms
[2020-09-03T11:17:43.988+0000][23984][gc,cpu       ] GC(519) User=0.00s Sys=0.00s Real=0.00s
[2020-09-03T11:17:43.988+0000][23984][safepoint    ] Safepoint "G1TryInitiateConcMark", Time since last: 90721800 ns, Reaching safepoint: 129600 ns, At safepoint: 4653200 ns, Total: 4782800 ns
[2020-09-03T11:17:43.988+0000][23984][gc           ] GC(520) Concurrent Cycle
[2020-09-03T11:17:43.988+0000][23984][gc,marking   ] GC(520) Concurrent Clear Claimed Marks
[2020-09-03T11:17:43.988+0000][23984][gc,marking   ] GC(520) Concurrent Clear Claimed Marks 0.429ms
[2020-09-03T11:17:43.988+0000][23984][gc,marking   ] GC(520) Concurrent Scan Root Regions
[2020-09-03T11:17:43.990+0000][23984][gc,marking   ] GC(520) Concurrent Scan Root Regions 1.597ms
[2020-09-03T11:17:43.990+0000][23984][gc,marking   ] GC(520) Concurrent Mark (212.991s)
[2020-09-03T11:17:43.990+0000][23984][gc,marking   ] GC(520) Concurrent Mark From Roots
[2020-09-03T11:17:43.990+0000][23984][gc,task      ] GC(520) Using 2 workers of 2 for marking
[2020-09-03T11:17:44.110+0000][23984][gc,marking   ] GC(520) Concurrent Mark From Roots 120.384ms
[2020-09-03T11:17:44.110+0000][23984][gc,marking   ] GC(520) Concurrent Preclean
[2020-09-03T11:17:44.111+0000][23984][gc,marking   ] GC(520) Concurrent Preclean 0.414ms
[2020-09-03T11:17:44.111+0000][23984][gc,marking   ] GC(520) Concurrent Mark (212.991s, 213.112s) 120.922ms
[2020-09-03T11:17:44.111+0000][23984][gc,start     ] GC(520) Pause Remark
[2020-09-03T11:17:44.118+0000][23984][gc           ] GC(520) Pause Remark 273M->273M(1024M) 6.607ms
[2020-09-03T11:17:44.118+0000][23984][gc,cpu       ] GC(520) User=0.00s Sys=0.00s Real=0.01s
[2020-09-03T11:17:44.118+0000][23984][safepoint    ] Safepoint "G1Concurrent", Time since last: 123235200 ns, Reaching safepoint: 133600 ns, At safepoint: 6853000 ns, Total: 6986600 ns
[2020-09-03T11:17:44.118+0000][23984][gc,marking   ] GC(520) Concurrent Rebuild Remembered Sets
[2020-09-03T11:17:44.199+0000][23984][gc,marking   ] GC(520) Concurrent Rebuild Remembered Sets 80.629ms
[2020-09-03T11:17:44.199+0000][23984][gc,start     ] GC(520) Pause Cleanup
[2020-09-03T11:17:44.199+0000][23984][gc           ] GC(520) Pause Cleanup 276M->276M(1024M) 0.244ms
[2020-09-03T11:17:44.199+0000][23984][gc,cpu       ] GC(520) User=0.00s Sys=0.00s Real=0.00s
[2020-09-03T11:17:44.199+0000][23984][safepoint    ] Safepoint "G1Concurrent", Time since last: 80784600 ns, Reaching safepoint: 133000 ns, At safepoint: 358900 ns, Total: 491900 ns
[2020-09-03T11:17:44.199+0000][23984][gc,marking   ] GC(520) Concurrent Cleanup for Next Mark
[2020-09-03T11:17:44.200+0000][23984][gc,marking   ] GC(520) Concurrent Cleanup for Next Mark 1.149ms
[2020-09-03T11:17:44.201+0000][23984][gc           ] GC(520) Concurrent Cycle 212.804ms
[2020-09-03T11:17:44.332+0000][23984][gc,start     ] GC(521) Pause Young (Concurrent Start) (G1 Humongous Allocation)
[2020-09-03T11:17:44.332+0000][23984][gc,task      ] GC(521) Using 8 workers of 8 for evacuation
[2020-09-03T11:17:44.332+0000][23984][gc,age       ] GC(521) Desired survivor size 33554432 bytes, new threshold 15 (max threshold 15)
[2020-09-03T11:17:44.335+0000][23984][gc,age       ] GC(521) Age table with threshold 15 (max threshold 15)
[2020-09-03T11:17:44.335+0000][23984][gc,age       ] GC(521) - age   1:    1346808 bytes,    1346808 total
[2020-09-03T11:17:44.335+0000][23984][gc,age       ] GC(521) - age   2:       7072 bytes,    1353880 total
[2020-09-03T11:17:44.335+0000][23984][gc,age       ] GC(521) - age   3:       6664 bytes,    1360544 total
[2020-09-03T11:17:44.335+0000][23984][gc,age       ] GC(521) - age   4:       6880 bytes,    1367424 total
[2020-09-03T11:17:44.335+0000][23984][gc,age       ] GC(521) - age   5:       8456 bytes,    1375880 total
[2020-09-03T11:17:44.335+0000][23984][gc,age       ] GC(521) - age   6:      11448 bytes,    1387328 total
[2020-09-03T11:17:44.335+0000][23984][gc,age       ] GC(521) - age   7:      36680 bytes,    1424008 total
[2020-09-03T11:17:44.335+0000][23984][gc,age       ] GC(521) - age   8:        560 bytes,    1424568 total
[2020-09-03T11:17:44.335+0000][23984][gc,age       ] GC(521) - age   9:       5896 bytes,    1430464 total
[2020-09-03T11:17:44.335+0000][23984][gc,age       ] GC(521) - age  10:      10184 bytes,    1440648 total
[2020-09-03T11:17:44.335+0000][23984][gc,age       ] GC(521) - age  11:        128 bytes,    1440776 total
[2020-09-03T11:17:44.335+0000][23984][gc,age       ] GC(521) - age  12:        312 bytes,    1441088 total
[2020-09-03T11:17:44.335+0000][23984][gc,age       ] GC(521) - age  13:       5896 bytes,    1446984 total
[2020-09-03T11:17:44.335+0000][23984][gc,age       ] GC(521) - age  14:        328 bytes,    1447312 total
[2020-09-03T11:17:44.335+0000][23984][gc,age       ] GC(521) - age  15:       1080 bytes,    1448392 total
[2020-09-03T11:17:44.335+0000][23984][gc,phases    ] GC(521)   Pre Evacuate Collection Set: 0.4ms
[2020-09-03T11:17:44.335+0000][23984][gc,phases    ] GC(521)   Merge Heap Roots: 0.1ms
[2020-09-03T11:17:44.335+0000][23984][gc,phases    ] GC(521)   Evacuate Collection Set: 1.7ms
[2020-09-03T11:17:44.335+0000][23984][gc,phases    ] GC(521)   Post Evacuate Collection Set: 0.6ms
[2020-09-03T11:17:44.336+0000][23984][gc,phases    ] GC(521)   Other: 0.8ms
[2020-09-03T11:17:44.336+0000][23984][gc,heap      ] GC(521) Eden regions: 27->0(506)
[2020-09-03T11:17:44.336+0000][23984][gc,heap      ] GC(521) Survivor regions: 2->2(64)
[2020-09-03T11:17:44.336+0000][23984][gc,heap      ] GC(521) Old regions: 80->80
[2020-09-03T11:17:44.336+0000][23984][gc,heap      ] GC(521) Archive regions: 0->0
[2020-09-03T11:17:44.336+0000][23984][gc,heap      ] GC(521) Humongous regions: 227->174
[2020-09-03T11:17:44.336+0000][23984][gc,metaspace ] GC(521) Metaspace: 88483K(94592K)->88483K(94592K) NonClass: 77277K(80896K)->77277K(80896K) Class: 11205K(13696K)->11205K(13696K)
[2020-09-03T11:17:44.336+0000][23984][gc           ] GC(521) Pause Young (Concurrent Start) (G1 Humongous Allocation) 334M->254M(1024M) 3.885ms
[2020-09-03T11:17:44.336+0000][23984][gc,cpu       ] GC(521) User=0.00s Sys=0.00s Real=0.00s
[2020-09-03T11:17:44.336+0000][23984][safepoint    ] Safepoint "G1TryInitiateConcMark", Time since last: 132320300 ns, Reaching safepoint: 294200 ns, At safepoint: 4076300 ns, Total: 4370500 ns
[2020-09-03T11:17:44.336+0000][23984][gc           ] GC(522) Concurrent Cycle
[2020-09-03T11:17:44.336+0000][23984][gc,marking   ] GC(522) Concurrent Clear Claimed Marks
[2020-09-03T11:17:44.337+0000][23984][gc,marking   ] GC(522) Concurrent Clear Claimed Marks 0.495ms
[2020-09-03T11:17:44.337+0000][23984][gc,marking   ] GC(522) Concurrent Scan Root Regions
[2020-09-03T11:17:44.338+0000][23984][gc,marking   ] GC(522) Concurrent Scan Root Regions 1.423ms
[2020-09-03T11:17:44.338+0000][23984][gc,marking   ] GC(522) Concurrent Mark (213.339s)
[2020-09-03T11:17:44.338+0000][23984][gc,marking   ] GC(522) Concurrent Mark From Roots
[2020-09-03T11:17:44.338+0000][23984][gc,task      ] GC(522) Using 2 workers of 2 for marking
[2020-09-03T11:17:44.466+0000][23984][gc,marking   ] GC(522) Concurrent Mark From Roots 127.853ms
[2020-09-03T11:17:44.466+0000][23984][gc,marking   ] GC(522) Concurrent Preclean
[2020-09-03T11:17:44.467+0000][23984][gc,marking   ] GC(522) Concurrent Preclean 0.620ms
[2020-09-03T11:17:44.467+0000][23984][gc,marking   ] GC(522) Concurrent Mark (213.339s, 213.468s) 128.654ms
[2020-09-03T11:17:44.467+0000][23984][gc,start     ] GC(522) Pause Remark
[2020-09-03T11:17:44.473+0000][23984][gc           ] GC(522) Pause Remark 271M->271M(1024M) 6.137ms
[2020-09-03T11:17:44.473+0000][23984][gc,cpu       ] GC(522) User=0.00s Sys=0.00s Real=0.01s
[2020-09-03T11:17:44.473+0000][23984][safepoint    ] Safepoint "G1Concurrent", Time since last: 130920300 ns, Reaching safepoint: 183000 ns, At safepoint: 6327900 ns, Total: 6510900 ns
[2020-09-03T11:17:44.473+0000][23984][gc,marking   ] GC(522) Concurrent Rebuild Remembered Sets
[2020-09-03T11:17:44.552+0000][23984][gc,marking   ] GC(522) Concurrent Rebuild Remembered Sets 78.579ms
[2020-09-03T11:17:44.552+0000][23984][gc,start     ] GC(522) Pause Cleanup
[2020-09-03T11:17:44.553+0000][23984][gc           ] GC(522) Pause Cleanup 276M->276M(1024M) 0.306ms
[2020-09-03T11:17:44.553+0000][23984][gc,cpu       ] GC(522) User=0.00s Sys=0.00s Real=0.00s
[2020-09-03T11:17:44.553+0000][23984][safepoint    ] Safepoint "G1Concurrent", Time since last: 78802700 ns, Reaching safepoint: 168200 ns, At safepoint: 471200 ns, Total: 639400 ns
[2020-09-03T11:17:44.553+0000][23984][gc,marking   ] GC(522) Concurrent Cleanup for Next Mark
[2020-09-03T11:17:44.555+0000][23984][gc,marking   ] GC(522) Concurrent Cleanup for Next Mark 1.953ms
[2020-09-03T11:17:44.555+0000][23984][gc           ] GC(522) Concurrent Cycle 219.015ms
[2020-09-03T11:17:44.571+0000][23984][gc,start     ] GC(523) Pause Young (Concurrent Start) (G1 Humongous Allocation)
[2020-09-03T11:17:44.572+0000][23984][gc,task      ] GC(523) Using 8 workers of 8 for evacuation
[2020-09-03T11:17:44.572+0000][23984][gc,age       ] GC(523) Desired survivor size 33554432 bytes, new threshold 15 (max threshold 15)
[2020-09-03T11:17:44.574+0000][23984][gc,age       ] GC(523) Age table with threshold 15 (max threshold 15)
[2020-09-03T11:17:44.574+0000][23984][gc,age       ] GC(523) - age   1:    1370040 bytes,    1370040 total
[2020-09-03T11:17:44.574+0000][23984][gc,age       ] GC(523) - age   2:      12616 bytes,    1382656 total
[2020-09-03T11:17:44.575+0000][23984][gc,age       ] GC(523) - age   3:       6384 bytes,    1389040 total
[2020-09-03T11:17:44.575+0000][23984][gc,age       ] GC(523) - age   4:       6536 bytes,    1395576 total
[2020-09-03T11:17:44.575+0000][23984][gc,age       ] GC(523) - age   5:       6688 bytes,    1402264 total
[2020-09-03T11:17:44.575+0000][23984][gc,age       ] GC(523) - age   6:       8168 bytes,    1410432 total
[2020-09-03T11:17:44.575+0000][23984][gc,age       ] GC(523) - age   7:      11256 bytes,    1421688 total
[2020-09-03T11:17:44.575+0000][23984][gc,age       ] GC(523) - age   8:      36680 bytes,    1458368 total
[2020-09-03T11:17:44.575+0000][23984][gc,age       ] GC(523) - age   9:        528 bytes,    1458896 total
[2020-09-03T11:17:44.575+0000][23984][gc,age       ] GC(523) - age  10:       5896 bytes,    1464792 total
[2020-09-03T11:17:44.575+0000][23984][gc,age       ] GC(523) - age  11:      10120 bytes,    1474912 total
[2020-09-03T11:17:44.575+0000][23984][gc,age       ] GC(523) - age  12:        128 bytes,    1475040 total
[2020-09-03T11:17:44.575+0000][23984][gc,age       ] GC(523) - age  13:        312 bytes,    1475352 total
[2020-09-03T11:17:44.575+0000][23984][gc,age       ] GC(523) - age  14:       5896 bytes,    1481248 total
[2020-09-03T11:17:44.575+0000][23984][gc,age       ] GC(523) - age  15:        328 bytes,    1481576 total
[2020-09-03T11:17:44.575+0000][23984][gc,phases    ] GC(523)   Pre Evacuate Collection Set: 0.4ms
[2020-09-03T11:17:44.575+0000][23984][gc,phases    ] GC(523)   Merge Heap Roots: 0.1ms
[2020-09-03T11:17:44.575+0000][23984][gc,phases    ] GC(523)   Evacuate Collection Set: 1.7ms
[2020-09-03T11:17:44.575+0000][23984][gc,phases    ] GC(523)   Post Evacuate Collection Set: 0.6ms
[2020-09-03T11:17:44.575+0000][23984][gc,phases    ] GC(523)   Other: 0.7ms
[2020-09-03T11:17:44.575+0000][23984][gc,heap      ] GC(523) Eden regions: 23->0(506)
[2020-09-03T11:17:44.575+0000][23984][gc,heap      ] GC(523) Survivor regions: 2->2(64)
[2020-09-03T11:17:44.575+0000][23984][gc,heap      ] GC(523) Old regions: 80->80
[2020-09-03T11:17:44.575+0000][23984][gc,heap      ] GC(523) Archive regions: 0->0
[2020-09-03T11:17:44.575+0000][23984][gc,heap      ] GC(523) Humongous regions: 227->174
[2020-09-03T11:17:44.575+0000][23984][gc,metaspace ] GC(523) Metaspace: 88504K(94592K)->88504K(94592K) NonClass: 77298K(80896K)->77298K(80896K) Class: 11206K(13696K)->11206K(13696K)
[2020-09-03T11:17:44.575+0000][23984][gc           ] GC(523) Pause Young (Concurrent Start) (G1 Humongous Allocation) 330M->254M(1024M) 3.640ms
[2020-09-03T11:17:44.575+0000][23984][gc,cpu       ] GC(523) User=0.00s Sys=0.00s Real=0.00s
[2020-09-03T11:17:44.575+0000][23984][safepoint    ] Safepoint "G1TryInitiateConcMark", Time since last: 18489300 ns, Reaching safepoint: 159300 ns, At safepoint: 3776000 ns, Total: 3935300 ns
[2020-09-03T11:17:44.575+0000][23984][gc           ] GC(524) Concurrent Cycle
[2020-09-03T11:17:44.575+0000][23984][gc,marking   ] GC(524) Concurrent Clear Claimed Marks
[2020-09-03T11:17:44.576+0000][23984][gc,marking   ] GC(524) Concurrent Clear Claimed Marks 0.346ms
[2020-09-03T11:17:44.576+0000][23984][gc,marking   ] GC(524) Concurrent Scan Root Regions
[2020-09-03T11:17:44.577+0000][23984][gc,marking   ] GC(524) Concurrent Scan Root Regions 1.502ms
[2020-09-03T11:17:44.577+0000][23984][gc,marking   ] GC(524) Concurrent Mark (213.578s)
[2020-09-03T11:17:44.577+0000][23984][gc,marking   ] GC(524) Concurrent Mark From Roots
[2020-09-03T11:17:44.577+0000][23984][gc,task      ] GC(524) Using 2 workers of 2 for marking
[2020-09-03T11:17:44.701+0000][23984][gc,marking   ] GC(524) Concurrent Mark From Roots 123.380ms
[2020-09-03T11:17:44.701+0000][23984][gc,marking   ] GC(524) Concurrent Preclean
[2020-09-03T11:17:44.701+0000][23984][gc,marking   ] GC(524) Concurrent Preclean 0.403ms
[2020-09-03T11:17:44.701+0000][23984][gc,marking   ] GC(524) Concurrent Mark (213.578s, 213.702s) 123.911ms
[2020-09-03T11:17:44.701+0000][23984][gc,start     ] GC(524) Pause Remark
[2020-09-03T11:17:44.707+0000][23984][gc           ] GC(524) Pause Remark 267M->267M(1024M) 6.040ms
[2020-09-03T11:17:44.708+0000][23984][gc,cpu       ] GC(524) User=0.09s Sys=0.02s Real=0.01s
[2020-09-03T11:17:44.708+0000][23984][safepoint    ] Safepoint "G1Concurrent", Time since last: 125997100 ns, Reaching safepoint: 130300 ns, At safepoint: 6294300 ns, Total: 6424600 ns
[2020-09-03T11:17:44.708+0000][23984][gc,marking   ] GC(524) Concurrent Rebuild Remembered Sets
[2020-09-03T11:17:44.776+0000][23984][gc,marking   ] GC(524) Concurrent Rebuild Remembered Sets 68.073ms
[2020-09-03T11:17:44.776+0000][23984][gc,start     ] GC(524) Pause Cleanup
[2020-09-03T11:17:44.776+0000][23984][gc           ] GC(524) Pause Cleanup 269M->269M(1024M) 0.260ms
[2020-09-03T11:17:44.776+0000][23984][gc,cpu       ] GC(524) User=0.00s Sys=0.00s Real=0.00s
[2020-09-03T11:17:44.776+0000][23984][safepoint    ] Safepoint "G1Concurrent", Time since last: 68250900 ns, Reaching safepoint: 115700 ns, At safepoint: 412500 ns, Total: 528200 ns
[2020-09-03T11:17:44.776+0000][23984][gc,marking   ] GC(524) Concurrent Cleanup for Next Mark
[2020-09-03T11:17:44.778+0000][23984][gc,marking   ] GC(524) Concurrent Cleanup for Next Mark 1.345ms
[2020-09-03T11:17:44.778+0000][23984][gc           ] GC(524) Concurrent Cycle 202.701ms
[2020-09-03T11:17:44.984+0000][23984][gc,start     ] GC(525) Pause Young (Concurrent Start) (G1 Humongous Allocation)
[2020-09-03T11:17:44.984+0000][23984][gc,task      ] GC(525) Using 8 workers of 8 for evacuation
[2020-09-03T11:17:44.985+0000][23984][gc,age       ] GC(525) Desired survivor size 33554432 bytes, new threshold 15 (max threshold 15)
[2020-09-03T11:17:44.988+0000][23984][gc,age       ] GC(525) Age table with threshold 15 (max threshold 15)
[2020-09-03T11:17:44.988+0000][23984][gc,age       ] GC(525) - age   1:    2479640 bytes,    2479640 total
[2020-09-03T11:17:44.988+0000][23984][gc,age       ] GC(525) - age   2:      23032 bytes,    2502672 total
[2020-09-03T11:17:44.988+0000][23984][gc,age       ] GC(525) - age   3:      10896 bytes,    2513568 total
[2020-09-03T11:17:44.988+0000][23984][gc,age       ] GC(525) - age   4:       4784 bytes,    2518352 total
[2020-09-03T11:17:44.988+0000][23984][gc,age       ] GC(525) - age   5:       6368 bytes,    2524720 total
[2020-09-03T11:17:44.988+0000][23984][gc,age       ] GC(525) - age   6:       6536 bytes,    2531256 total
[2020-09-03T11:17:44.988+0000][23984][gc,age       ] GC(525) - age   7:       7912 bytes,    2539168 total
[2020-09-03T11:17:44.988+0000][23984][gc,age       ] GC(525) - age   8:      11192 bytes,    2550360 total
[2020-09-03T11:17:44.988+0000][23984][gc,age       ] GC(525) - age   9:      36616 bytes,    2586976 total
[2020-09-03T11:17:44.988+0000][23984][gc,age       ] GC(525) - age  10:        528 bytes,    2587504 total
[2020-09-03T11:17:44.988+0000][23984][gc,age       ] GC(525) - age  11:       5896 bytes,    2593400 total
[2020-09-03T11:17:44.988+0000][23984][gc,age       ] GC(525) - age  12:      10120 bytes,    2603520 total
[2020-09-03T11:17:44.988+0000][23984][gc,age       ] GC(525) - age  13:        128 bytes,    2603648 total
[2020-09-03T11:17:44.988+0000][23984][gc,age       ] GC(525) - age  14:        288 bytes,    2603936 total
[2020-09-03T11:17:44.988+0000][23984][gc,age       ] GC(525) - age  15:       5896 bytes,    2609832 total
[2020-09-03T11:17:44.988+0000][23984][gc,phases    ] GC(525)   Pre Evacuate Collection Set: 0.4ms
[2020-09-03T11:17:44.988+0000][23984][gc,phases    ] GC(525)   Merge Heap Roots: 0.1ms
[2020-09-03T11:17:44.988+0000][23984][gc,phases    ] GC(525)   Evacuate Collection Set: 1.9ms
[2020-09-03T11:17:44.988+0000][23984][gc,phases    ] GC(525)   Post Evacuate Collection Set: 0.7ms
[2020-09-03T11:17:44.988+0000][23984][gc,phases    ] GC(525)   Other: 0.8ms
[2020-09-03T11:17:44.988+0000][23984][gc,heap      ] GC(525) Eden regions: 37->0(505)
[2020-09-03T11:17:44.988+0000][23984][gc,heap      ] GC(525) Survivor regions: 2->3(64)
[2020-09-03T11:17:44.988+0000][23984][gc,heap      ] GC(525) Old regions: 80->80
[2020-09-03T11:17:44.988+0000][23984][gc,heap      ] GC(525) Archive regions: 0->0
[2020-09-03T11:17:44.988+0000][23984][gc,heap      ] GC(525) Humongous regions: 227->174
[2020-09-03T11:17:44.988+0000][23984][gc,metaspace ] GC(525) Metaspace: 88504K(94592K)->88504K(94592K) NonClass: 77298K(80896K)->77298K(80896K) Class: 11206K(13696K)->11206K(13696K)
[2020-09-03T11:17:44.988+0000][23984][gc           ] GC(525) Pause Young (Concurrent Start) (G1 Humongous Allocation) 344M->255M(1024M) 4.100ms
[2020-09-03T11:17:44.989+0000][23984][gc,cpu       ] GC(525) User=0.00s Sys=0.00s Real=0.01s
[2020-09-03T11:17:44.989+0000][23984][safepoint    ] Safepoint "G1TryInitiateConcMark", Time since last: 207766400 ns, Reaching safepoint: 174400 ns, At safepoint: 4248500 ns, Total: 4422900 ns
[2020-09-03T11:17:44.989+0000][23984][gc           ] GC(526) Concurrent Cycle
[2020-09-03T11:17:44.989+0000][23984][gc,marking   ] GC(526) Concurrent Clear Claimed Marks
[2020-09-03T11:17:44.989+0000][23984][gc,marking   ] GC(526) Concurrent Clear Claimed Marks 0.450ms
[2020-09-03T11:17:44.989+0000][23984][gc,marking   ] GC(526) Concurrent Scan Root Regions
[2020-09-03T11:17:44.991+0000][23984][gc,marking   ] GC(526) Concurrent Scan Root Regions 1.850ms
[2020-09-03T11:17:44.991+0000][23984][gc,marking   ] GC(526) Concurrent Mark (213.992s)
[2020-09-03T11:17:44.991+0000][23984][gc,marking   ] GC(526) Concurrent Mark From Roots
[2020-09-03T11:17:44.991+0000][23984][gc,task      ] GC(526) Using 2 workers of 2 for marking
[2020-09-03T11:17:45.093+0000][23984][gc,marking   ] GC(526) Concurrent Mark From Roots 101.597ms
[2020-09-03T11:17:45.093+0000][23984][gc,marking   ] GC(526) Concurrent Preclean
[2020-09-03T11:17:45.093+0000][23984][gc,marking   ] GC(526) Concurrent Preclean 0.414ms
[2020-09-03T11:17:45.093+0000][23984][gc,marking   ] GC(526) Concurrent Mark (213.992s, 214.094s) 102.129ms
[2020-09-03T11:17:45.094+0000][23984][gc,start     ] GC(526) Pause Remark
[2020-09-03T11:17:45.099+0000][23984][gc           ] GC(526) Pause Remark 302M->302M(1024M) 5.654ms
[2020-09-03T11:17:45.099+0000][23984][gc,cpu       ] GC(526) User=0.00s Sys=0.00s Real=0.00s
[2020-09-03T11:17:45.099+0000][23984][safepoint    ] Safepoint "G1Concurrent", Time since last: 104755300 ns, Reaching safepoint: 146800 ns, At safepoint: 5868100 ns, Total: 6014900 ns
[2020-09-03T11:17:45.099+0000][23984][gc,marking   ] GC(526) Concurrent Rebuild Remembered Sets
[2020-09-03T11:17:45.179+0000][23984][gc,marking   ] GC(526) Concurrent Rebuild Remembered Sets 79.889ms
[2020-09-03T11:17:45.180+0000][23984][gc,start     ] GC(526) Pause Cleanup
[2020-09-03T11:17:45.180+0000][23984][gc           ] GC(526) Pause Cleanup 366M->366M(1024M) 0.302ms
[2020-09-03T11:17:45.180+0000][23984][gc,cpu       ] GC(526) User=0.00s Sys=0.00s Real=0.00s
[2020-09-03T11:17:45.180+0000][23984][safepoint    ] Safepoint "G1Concurrent", Time since last: 80063400 ns, Reaching safepoint: 140100 ns, At safepoint: 479000 ns, Total: 619100 ns
[2020-09-03T11:17:45.180+0000][23984][gc,marking   ] GC(526) Concurrent Cleanup for Next Mark
[2020-09-03T11:17:45.182+0000][23984][gc,marking   ] GC(526) Concurrent Cleanup for Next Mark 1.641ms
[2020-09-03T11:17:45.182+0000][23984][gc           ] GC(526) Concurrent Cycle 193.294ms
[2020-09-03T11:17:45.361+0000][23984][gc,start     ] GC(527) Pause Young (Concurrent Start) (G1 Humongous Allocation)
[2020-09-03T11:17:45.361+0000][23984][gc,task      ] GC(527) Using 8 workers of 8 for evacuation
[2020-09-03T11:17:45.361+0000][23984][gc,age       ] GC(527) Desired survivor size 33554432 bytes, new threshold 15 (max threshold 15)
[2020-09-03T11:17:45.364+0000][23984][gc,age       ] GC(527) Age table with threshold 15 (max threshold 15)
[2020-09-03T11:17:45.365+0000][23984][gc,age       ] GC(527) - age   1:    2593048 bytes,    2593048 total
[2020-09-03T11:17:45.365+0000][23984][gc,age       ] GC(527) - age   2:       6568 bytes,    2599616 total
[2020-09-03T11:17:45.365+0000][23984][gc,age       ] GC(527) - age   3:      23032 bytes,    2622648 total
[2020-09-03T11:17:45.365+0000][23984][gc,age       ] GC(527) - age   4:       9944 bytes,    2632592 total
[2020-09-03T11:17:45.365+0000][23984][gc,age       ] GC(527) - age   5:       4392 bytes,    2636984 total
[2020-09-03T11:17:45.365+0000][23984][gc,age       ] GC(527) - age   6:       6048 bytes,    2643032 total
[2020-09-03T11:17:45.365+0000][23984][gc,age       ] GC(527) - age   7:       6440 bytes,    2649472 total
[2020-09-03T11:17:45.365+0000][23984][gc,age       ] GC(527) - age   8:       7688 bytes,    2657160 total
[2020-09-03T11:17:45.365+0000][23984][gc,age       ] GC(527) - age   9:      11000 bytes,    2668160 total
[2020-09-03T11:17:45.365+0000][23984][gc,age       ] GC(527) - age  10:      36520 bytes,    2704680 total
[2020-09-03T11:17:45.365+0000][23984][gc,age       ] GC(527) - age  11:        464 bytes,    2705144 total
[2020-09-03T11:17:45.365+0000][23984][gc,age       ] GC(527) - age  12:       5896 bytes,    2711040 total
[2020-09-03T11:17:45.365+0000][23984][gc,age       ] GC(527) - age  13:      10024 bytes,    2721064 total
[2020-09-03T11:17:45.365+0000][23984][gc,age       ] GC(527) - age  14:         64 bytes,    2721128 total
[2020-09-03T11:17:45.365+0000][23984][gc,age       ] GC(527) - age  15:        288 bytes,    2721416 total
[2020-09-03T11:17:45.365+0000][23984][gc,phases    ] GC(527)   Pre Evacuate Collection Set: 0.4ms
[2020-09-03T11:17:45.365+0000][23984][gc,phases    ] GC(527)   Merge Heap Roots: 0.1ms
[2020-09-03T11:17:45.365+0000][23984][gc,phases    ] GC(527)   Evacuate Collection Set: 1.7ms
[2020-09-03T11:17:45.365+0000][23984][gc,phases    ] GC(527)   Post Evacuate Collection Set: 0.6ms
[2020-09-03T11:17:45.365+0000][23984][gc,phases    ] GC(527)   Other: 1.0ms
[2020-09-03T11:17:45.365+0000][23984][gc,heap      ] GC(527) Eden regions: 39->0(504)
[2020-09-03T11:17:45.365+0000][23984][gc,heap      ] GC(527) Survivor regions: 3->3(64)
[2020-09-03T11:17:45.366+0000][23984][gc,heap      ] GC(527) Old regions: 80->80
[2020-09-03T11:17:45.366+0000][23984][gc,heap      ] GC(527) Archive regions: 0->0
[2020-09-03T11:17:45.366+0000][23984][gc,heap      ] GC(527) Humongous regions: 257->174
[2020-09-03T11:17:45.366+0000][23984][gc,metaspace ] GC(527) Metaspace: 88504K(94592K)->88504K(94592K) NonClass: 77298K(80896K)->77298K(80896K) Class: 11206K(13696K)->11206K(13696K)
[2020-09-03T11:17:45.366+0000][23984][gc           ] GC(527) Pause Young (Concurrent Start) (G1 Humongous Allocation) 377M->256M(1024M) 4.319ms
[2020-09-03T11:17:45.366+0000][23984][gc,cpu       ] GC(527) User=0.00s Sys=0.00s Real=0.00s
[2020-09-03T11:17:45.366+0000][23984][safepoint    ] Safepoint "G1TryInitiateConcMark", Time since last: 181138700 ns, Reaching safepoint: 122900 ns, At safepoint: 4474700 ns, Total: 4597600 ns
[2020-09-03T11:17:45.366+0000][23984][gc           ] GC(528) Concurrent Cycle
[2020-09-03T11:17:45.366+0000][23984][gc,marking   ] GC(528) Concurrent Clear Claimed Marks
[2020-09-03T11:17:45.366+0000][23984][gc,marking   ] GC(528) Concurrent Clear Claimed Marks 0.516ms
[2020-09-03T11:17:45.367+0000][23984][gc,marking   ] GC(528) Concurrent Scan Root Regions
[2020-09-03T11:17:45.369+0000][23984][gc,marking   ] GC(528) Concurrent Scan Root Regions 2.129ms
[2020-09-03T11:17:45.369+0000][23984][gc,marking   ] GC(528) Concurrent Mark (214.370s)
[2020-09-03T11:17:45.369+0000][23984][gc,marking   ] GC(528) Concurrent Mark From Roots
[2020-09-03T11:17:45.369+0000][23984][gc,task      ] GC(528) Using 2 workers of 2 for marking
[2020-09-03T11:17:45.483+0000][23984][gc,marking   ] GC(528) Concurrent Mark From Roots 113.532ms
[2020-09-03T11:17:45.483+0000][23984][gc,marking   ] GC(528) Concurrent Preclean
[2020-09-03T11:17:45.483+0000][23984][gc,marking   ] GC(528) Concurrent Preclean 0.519ms
[2020-09-03T11:17:45.483+0000][23984][gc,marking   ] GC(528) Concurrent Mark (214.370s, 214.484s) 114.226ms
[2020-09-03T11:17:45.483+0000][23984][gc,start     ] GC(528) Pause Remark
[2020-09-03T11:17:45.490+0000][23984][gc           ] GC(528) Pause Remark 314M->314M(1024M) 6.364ms
[2020-09-03T11:17:45.490+0000][23984][gc,cpu       ] GC(528) User=0.00s Sys=0.00s Real=0.01s
[2020-09-03T11:17:45.490+0000][23984][safepoint    ] Safepoint "G1Concurrent", Time since last: 117476600 ns, Reaching safepoint: 164200 ns, At safepoint: 6598000 ns, Total: 6762200 ns
[2020-09-03T11:17:45.490+0000][23984][gc,marking   ] GC(528) Concurrent Rebuild Remembered Sets
[2020-09-03T11:17:45.576+0000][23984][gc,marking   ] GC(528) Concurrent Rebuild Remembered Sets 85.803ms
[2020-09-03T11:17:45.576+0000][23984][gc,start     ] GC(528) Pause Cleanup
[2020-09-03T11:17:45.576+0000][23984][gc           ] GC(528) Pause Cleanup 381M->381M(1024M) 0.271ms
[2020-09-03T11:17:45.577+0000][23984][gc,cpu       ] GC(528) User=0.02s Sys=0.02s Real=0.00s
[2020-09-03T11:17:45.577+0000][23984][safepoint    ] Safepoint "G1Concurrent", Time since last: 85974600 ns, Reaching safepoint: 142100 ns, At safepoint: 457500 ns, Total: 599600 ns
[2020-09-03T11:17:45.577+0000][23984][gc,marking   ] GC(528) Concurrent Cleanup for Next Mark
[2020-09-03T11:17:45.578+0000][23984][gc,marking   ] GC(528) Concurrent Cleanup for Next Mark 1.435ms
[2020-09-03T11:17:45.578+0000][23984][gc           ] GC(528) Concurrent Cycle 212.416ms
[2020-09-03T11:17:45.730+0000][23984][gc,start     ] GC(529) Pause Young (Concurrent Start) (G1 Humongous Allocation)
[2020-09-03T11:17:45.730+0000][23984][gc,task      ] GC(529) Using 8 workers of 8 for evacuation
[2020-09-03T11:17:45.730+0000][23984][gc,age       ] GC(529) Desired survivor size 33554432 bytes, new threshold 15 (max threshold 15)
[2020-09-03T11:17:45.733+0000][23984][gc,age       ] GC(529) Age table with threshold 15 (max threshold 15)
[2020-09-03T11:17:45.733+0000][23984][gc,age       ] GC(529) - age   1:    7503112 bytes,    7503112 total
[2020-09-03T11:17:45.734+0000][23984][gc,age       ] GC(529) - age   2:       4952 bytes,    7508064 total
[2020-09-03T11:17:45.734+0000][23984][gc,age       ] GC(529) - age   3:       5920 bytes,    7513984 total
[2020-09-03T11:17:45.734+0000][23984][gc,age       ] GC(529) - age   4:      22088 bytes,    7536072 total
[2020-09-03T11:17:45.734+0000][23984][gc,age       ] GC(529) - age   5:       6472 bytes,    7542544 total
[2020-09-03T11:17:45.734+0000][23984][gc,age       ] GC(529) - age   6:       4000 bytes,    7546544 total
[2020-09-03T11:17:45.734+0000][23984][gc,age       ] GC(529) - age   7:       5984 bytes,    7552528 total
[2020-09-03T11:17:45.734+0000][23984][gc,age       ] GC(529) - age   8:       6408 bytes,    7558936 total
[2020-09-03T11:17:45.734+0000][23984][gc,age       ] GC(529) - age   9:       7496 bytes,    7566432 total
[2020-09-03T11:17:45.734+0000][23984][gc,age       ] GC(529) - age  10:      10744 bytes,    7577176 total
[2020-09-03T11:17:45.734+0000][23984][gc,age       ] GC(529) - age  11:      36264 bytes,    7613440 total
[2020-09-03T11:17:45.734+0000][23984][gc,age       ] GC(529) - age  12:        464 bytes,    7613904 total
[2020-09-03T11:17:45.734+0000][23984][gc,age       ] GC(529) - age  13:       5896 bytes,    7619800 total
[2020-09-03T11:17:45.734+0000][23984][gc,age       ] GC(529) - age  14:      10024 bytes,    7629824 total
[2020-09-03T11:17:45.734+0000][23984][gc,phases    ] GC(529)   Pre Evacuate Collection Set: 0.4ms
[2020-09-03T11:17:45.734+0000][23984][gc,phases    ] GC(529)   Merge Heap Roots: 0.1ms
[2020-09-03T11:17:45.734+0000][23984][gc,phases    ] GC(529)   Evacuate Collection Set: 2.4ms
[2020-09-03T11:17:45.734+0000][23984][gc,phases    ] GC(529)   Post Evacuate Collection Set: 0.6ms
[2020-09-03T11:17:45.734+0000][23984][gc,phases    ] GC(529)   Other: 0.9ms
[2020-09-03T11:17:45.734+0000][23984][gc,heap      ] GC(529) Eden regions: 47->0(494)
[2020-09-03T11:17:45.734+0000][23984][gc,heap      ] GC(529) Survivor regions: 3->8(64)
[2020-09-03T11:17:45.734+0000][23984][gc,heap      ] GC(529) Old regions: 80->80
[2020-09-03T11:17:45.734+0000][23984][gc,heap      ] GC(529) Archive regions: 0->0
[2020-09-03T11:17:45.734+0000][23984][gc,heap      ] GC(529) Humongous regions: 270->174
[2020-09-03T11:17:45.734+0000][23984][gc,metaspace ] GC(529) Metaspace: 88505K(94592K)->88505K(94592K) NonClass: 77298K(80896K)->77298K(80896K) Class: 11206K(13696K)->11206K(13696K)
[2020-09-03T11:17:45.734+0000][23984][gc           ] GC(529) Pause Young (Concurrent Start) (G1 Humongous Allocation) 399M->260M(1024M) 4.722ms
[2020-09-03T11:17:45.734+0000][23984][gc,cpu       ] GC(529) User=0.03s Sys=0.00s Real=0.00s
[2020-09-03T11:17:45.734+0000][23984][gc           ] GC(530) Concurrent Cycle
[2020-09-03T11:17:45.734+0000][23984][safepoint    ] Safepoint "G1TryInitiateConcMark", Time since last: 152829900 ns, Reaching safepoint: 145000 ns, At safepoint: 4905100 ns, Total: 5050100 ns
[2020-09-03T11:17:45.735+0000][23984][gc,marking   ] GC(530) Concurrent Clear Claimed Marks
[2020-09-03T11:17:45.735+0000][23984][gc,marking   ] GC(530) Concurrent Clear Claimed Marks 0.586ms
[2020-09-03T11:17:45.735+0000][23984][gc,marking   ] GC(530) Concurrent Scan Root Regions
[2020-09-03T11:17:45.738+0000][23984][gc,marking   ] GC(530) Concurrent Scan Root Regions 2.827ms
[2020-09-03T11:17:45.738+0000][23984][gc,marking   ] GC(530) Concurrent Mark (214.739s)
[2020-09-03T11:17:45.738+0000][23984][gc,marking   ] GC(530) Concurrent Mark From Roots
[2020-09-03T11:17:45.738+0000][23984][gc,task      ] GC(530) Using 2 workers of 2 for marking
[2020-09-03T11:17:45.891+0000][23984][gc,marking   ] GC(530) Concurrent Mark From Roots 152.633ms
[2020-09-03T11:17:45.891+0000][23984][gc,marking   ] GC(530) Concurrent Preclean
[2020-09-03T11:17:45.892+0000][23984][gc,marking   ] GC(530) Concurrent Preclean 0.623ms
[2020-09-03T11:17:45.892+0000][23984][gc,marking   ] GC(530) Concurrent Mark (214.739s, 214.893s) 153.448ms
[2020-09-03T11:17:45.892+0000][23984][gc,start     ] GC(530) Pause Remark
[2020-09-03T11:17:45.898+0000][23984][gc           ] GC(530) Pause Remark 510M->510M(1024M) 6.034ms
[2020-09-03T11:17:45.898+0000][23984][gc,cpu       ] GC(530) User=0.00s Sys=0.00s Real=0.01s
[2020-09-03T11:17:45.898+0000][23984][safepoint    ] Safepoint "G1Concurrent", Time since last: 157204400 ns, Reaching safepoint: 193400 ns, At safepoint: 6284700 ns, Total: 6478100 ns
[2020-09-03T11:17:45.898+0000][23984][gc,marking   ] GC(530) Concurrent Rebuild Remembered Sets
[2020-09-03T11:17:45.995+0000][23984][gc,marking   ] GC(530) Concurrent Rebuild Remembered Sets 96.703ms
[2020-09-03T11:17:45.996+0000][23984][gc,start     ] GC(530) Pause Cleanup
[2020-09-03T11:17:45.997+0000][23984][gc           ] GC(530) Pause Cleanup 514M->514M(1024M) 0.362ms
[2020-09-03T11:17:45.997+0000][23984][gc,cpu       ] GC(530) User=0.00s Sys=0.00s Real=0.00s
[2020-09-03T11:17:45.997+0000][23984][safepoint    ] Safepoint "G1Concurrent", Time since last: 96894400 ns, Reaching safepoint: 1067000 ns, At safepoint: 569500 ns, Total: 1636500 ns
[2020-09-03T11:17:45.997+0000][23984][gc,marking   ] GC(530) Concurrent Cleanup for Next Mark
[2020-09-03T11:17:45.998+0000][23984][gc,marking   ] GC(530) Concurrent Cleanup for Next Mark 1.586ms
[2020-09-03T11:17:45.999+0000][23984][gc           ] GC(530) Concurrent Cycle 264.023ms
[2020-09-03T11:17:46.026+0000][23984][gc,start     ] GC(531) Pause Young (Concurrent Start) (G1 Humongous Allocation)
[2020-09-03T11:17:46.026+0000][23984][gc,task      ] GC(531) Using 8 workers of 8 for evacuation
[2020-09-03T11:17:46.026+0000][23984][gc,age       ] GC(531) Desired survivor size 33030144 bytes, new threshold 15 (max threshold 15)
[2020-09-03T11:17:46.032+0000][23984][gc,age       ] GC(531) Age table with threshold 15 (max threshold 15)
[2020-09-03T11:17:46.032+0000][23984][gc,age       ] GC(531) - age   1:    8340072 bytes,    8340072 total
[2020-09-03T11:17:46.032+0000][23984][gc,age       ] GC(531) - age   2:     491024 bytes,    8831096 total
[2020-09-03T11:17:46.032+0000][23984][gc,age       ] GC(531) - age   3:       4200 bytes,    8835296 total
[2020-09-03T11:17:46.032+0000][23984][gc,age       ] GC(531) - age   4:       3768 bytes,    8839064 total
[2020-09-03T11:17:46.032+0000][23984][gc,age       ] GC(531) - age   5:      21984 bytes,    8861048 total
[2020-09-03T11:17:46.032+0000][23984][gc,age       ] GC(531) - age   6:       6472 bytes,    8867520 total
[2020-09-03T11:17:46.032+0000][23984][gc,age       ] GC(531) - age   7:       3904 bytes,    8871424 total
[2020-09-03T11:17:46.032+0000][23984][gc,age       ] GC(531) - age   8:       5984 bytes,    8877408 total
[2020-09-03T11:17:46.032+0000][23984][gc,age       ] GC(531) - age   9:       6408 bytes,    8883816 total
[2020-09-03T11:17:46.033+0000][23984][gc,age       ] GC(531) - age  10:       7496 bytes,    8891312 total
[2020-09-03T11:17:46.033+0000][23984][gc,age       ] GC(531) - age  11:      10680 bytes,    8901992 total
[2020-09-03T11:17:46.033+0000][23984][gc,age       ] GC(531) - age  12:      36264 bytes,    8938256 total
[2020-09-03T11:17:46.033+0000][23984][gc,age       ] GC(531) - age  13:        464 bytes,    8938720 total
[2020-09-03T11:17:46.033+0000][23984][gc,age       ] GC(531) - age  14:       5896 bytes,    8944616 total
[2020-09-03T11:17:46.033+0000][23984][gc,age       ] GC(531) - age  15:      10024 bytes,    8954640 total
[2020-09-03T11:17:46.033+0000][23984][gc,phases    ] GC(531)   Pre Evacuate Collection Set: 0.7ms
[2020-09-03T11:17:46.033+0000][23984][gc,phases    ] GC(531)   Merge Heap Roots: 0.1ms
[2020-09-03T11:17:46.033+0000][23984][gc,phases    ] GC(531)   Evacuate Collection Set: 3.7ms
[2020-09-03T11:17:46.033+0000][23984][gc,phases    ] GC(531)   Post Evacuate Collection Set: 1.1ms
[2020-09-03T11:17:46.033+0000][23984][gc,phases    ] GC(531)   Other: 1.2ms
[2020-09-03T11:17:46.033+0000][23984][gc,heap      ] GC(531) Eden regions: 67->0(475)
[2020-09-03T11:17:46.033+0000][23984][gc,heap      ] GC(531) Survivor regions: 8->9(63)
[2020-09-03T11:17:46.033+0000][23984][gc,heap      ] GC(531) Old regions: 80->80
[2020-09-03T11:17:46.033+0000][23984][gc,heap      ] GC(531) Archive regions: 0->0
[2020-09-03T11:17:46.033+0000][23984][gc,heap      ] GC(531) Humongous regions: 366->174
[2020-09-03T11:17:46.033+0000][23984][gc,metaspace ] GC(531) Metaspace: 88505K(94592K)->88505K(94592K) NonClass: 77298K(80896K)->77298K(80896K) Class: 11206K(13696K)->11206K(13696K)
[2020-09-03T11:17:46.033+0000][23984][gc           ] GC(531) Pause Young (Concurrent Start) (G1 Humongous Allocation) 519M->262M(1024M) 7.209ms
[2020-09-03T11:17:46.033+0000][23984][gc,cpu       ] GC(531) User=0.09s Sys=0.00s Real=0.01s
[2020-09-03T11:17:46.033+0000][23984][gc           ] GC(532) Concurrent Cycle
[2020-09-03T11:17:46.033+0000][23984][safepoint    ] Safepoint "G1TryInitiateConcMark", Time since last: 29107500 ns, Reaching safepoint: 219200 ns, At safepoint: 7430500 ns, Total: 7649700 ns
[2020-09-03T11:17:46.033+0000][23984][gc,marking   ] GC(532) Concurrent Clear Claimed Marks
[2020-09-03T11:17:46.034+0000][23984][gc,marking   ] GC(532) Concurrent Clear Claimed Marks 0.443ms
[2020-09-03T11:17:46.034+0000][23984][gc,marking   ] GC(532) Concurrent Scan Root Regions
[2020-09-03T11:17:46.037+0000][23984][gc,marking   ] GC(532) Concurrent Scan Root Regions 2.627ms
[2020-09-03T11:17:46.037+0000][23984][gc,marking   ] GC(532) Concurrent Mark (215.038s)
[2020-09-03T11:17:46.037+0000][23984][gc,marking   ] GC(532) Concurrent Mark From Roots
[2020-09-03T11:17:46.037+0000][23984][gc,task      ] GC(532) Using 2 workers of 2 for marking
[2020-09-03T11:17:46.197+0000][23984][gc,marking   ] GC(532) Concurrent Mark From Roots 160.037ms
[2020-09-03T11:17:46.197+0000][23984][gc,marking   ] GC(532) Concurrent Preclean
[2020-09-03T11:17:46.198+0000][23984][gc,marking   ] GC(532) Concurrent Preclean 0.707ms
[2020-09-03T11:17:46.198+0000][23984][gc,marking   ] GC(532) Concurrent Mark (215.038s, 215.199s) 160.958ms
[2020-09-03T11:17:46.198+0000][23984][gc,start     ] GC(532) Pause Remark
[2020-09-03T11:17:46.206+0000][23984][gc           ] GC(532) Pause Remark 443M->443M(1024M) 7.799ms
[2020-09-03T11:17:46.206+0000][23984][gc,cpu       ] GC(532) User=0.08s Sys=0.00s Real=0.01s
[2020-09-03T11:17:46.206+0000][23984][safepoint    ] Safepoint "G1Concurrent", Time since last: 164352900 ns, Reaching safepoint: 161600 ns, At safepoint: 8335500 ns, Total: 8497100 ns
[2020-09-03T11:17:46.206+0000][23984][gc,marking   ] GC(532) Concurrent Rebuild Remembered Sets
[2020-09-03T11:17:46.306+0000][23984][gc,marking   ] GC(532) Concurrent Rebuild Remembered Sets 99.553ms
[2020-09-03T11:17:46.306+0000][23984][gc,start     ] GC(532) Pause Cleanup
[2020-09-03T11:17:46.307+0000][23984][gc           ] GC(532) Pause Cleanup 445M->445M(1024M) 0.343ms
[2020-09-03T11:17:46.307+0000][23984][gc,cpu       ] GC(532) User=0.00s Sys=0.00s Real=0.00s
[2020-09-03T11:17:46.307+0000][23984][safepoint    ] Safepoint "G1Concurrent", Time since last: 99747000 ns, Reaching safepoint: 165400 ns, At safepoint: 553300 ns, Total: 718700 ns
[2020-09-03T11:17:46.307+0000][23984][gc,marking   ] GC(532) Concurrent Cleanup for Next Mark
[2020-09-03T11:17:46.308+0000][23984][gc,marking   ] GC(532) Concurrent Cleanup for Next Mark 1.605ms
[2020-09-03T11:17:46.309+0000][23984][gc           ] GC(532) Concurrent Cycle 275.185ms
[2020-09-03T11:17:46.555+0000][23984][gc,start     ] GC(533) Pause Young (Concurrent Start) (G1 Humongous Allocation)
[2020-09-03T11:17:46.555+0000][23984][gc,task      ] GC(533) Using 8 workers of 8 for evacuation
[2020-09-03T11:17:46.555+0000][23984][gc,age       ] GC(533) Desired survivor size 31981568 bytes, new threshold 15 (max threshold 15)
[2020-09-03T11:17:46.558+0000][23984][gc,age       ] GC(533) Age table with threshold 15 (max threshold 15)
[2020-09-03T11:17:46.558+0000][23984][gc,age       ] GC(533) - age   1:    2448824 bytes,    2448824 total
[2020-09-03T11:17:46.558+0000][23984][gc,age       ] GC(533) - age   2:      32504 bytes,    2481328 total
[2020-09-03T11:17:46.558+0000][23984][gc,age       ] GC(533) - age   3:       5840 bytes,    2487168 total
[2020-09-03T11:17:46.558+0000][23984][gc,age       ] GC(533) - age   4:       1368 bytes,    2488536 total
[2020-09-03T11:17:46.558+0000][23984][gc,age       ] GC(533) - age   5:       1816 bytes,    2490352 total
[2020-09-03T11:17:46.558+0000][23984][gc,age       ] GC(533) - age   6:      21952 bytes,    2512304 total
[2020-09-03T11:17:46.558+0000][23984][gc,age       ] GC(533) - age   7:       6344 bytes,    2518648 total
[2020-09-03T11:17:46.559+0000][23984][gc,age       ] GC(533) - age   8:       3872 bytes,    2522520 total
[2020-09-03T11:17:46.559+0000][23984][gc,age       ] GC(533) - age   9:       5984 bytes,    2528504 total
[2020-09-03T11:17:46.559+0000][23984][gc,age       ] GC(533) - age  10:       6408 bytes,    2534912 total
[2020-09-03T11:17:46.559+0000][23984][gc,age       ] GC(533) - age  11:       7464 bytes,    2542376 total
[2020-09-03T11:17:46.559+0000][23984][gc,age       ] GC(533) - age  12:      10552 bytes,    2552928 total
[2020-09-03T11:17:46.559+0000][23984][gc,age       ] GC(533) - age  13:      36232 bytes,    2589160 total
[2020-09-03T11:17:46.559+0000][23984][gc,age       ] GC(533) - age  14:        464 bytes,    2589624 total
[2020-09-03T11:17:46.559+0000][23984][gc,age       ] GC(533) - age  15:       5896 bytes,    2595520 total
[2020-09-03T11:17:46.559+0000][23984][gc,phases    ] GC(533)   Pre Evacuate Collection Set: 0.4ms
[2020-09-03T11:17:46.559+0000][23984][gc,phases    ] GC(533)   Merge Heap Roots: 0.1ms
[2020-09-03T11:17:46.559+0000][23984][gc,phases    ] GC(533)   Evacuate Collection Set: 2.0ms
[2020-09-03T11:17:46.559+0000][23984][gc,phases    ] GC(533)   Post Evacuate Collection Set: 0.8ms
[2020-09-03T11:17:46.559+0000][23984][gc,phases    ] GC(533)   Other: 1.0ms
[2020-09-03T11:17:46.559+0000][23984][gc,heap      ] GC(533) Eden regions: 61->0(486)
[2020-09-03T11:17:46.559+0000][23984][gc,heap      ] GC(533) Survivor regions: 9->3(61)
[2020-09-03T11:17:46.559+0000][23984][gc,heap      ] GC(533) Old regions: 80->80
[2020-09-03T11:17:46.559+0000][23984][gc,heap      ] GC(533) Archive regions: 0->0
[2020-09-03T11:17:46.559+0000][23984][gc,heap      ] GC(533) Humongous regions: 318->174
[2020-09-03T11:17:46.559+0000][23984][gc,metaspace ] GC(533) Metaspace: 88505K(94592K)->88505K(94592K) NonClass: 77298K(80896K)->77298K(80896K) Class: 11206K(13696K)->11206K(13696K)
[2020-09-03T11:17:46.559+0000][23984][gc           ] GC(533) Pause Young (Concurrent Start) (G1 Humongous Allocation) 466M->255M(1024M) 4.664ms
[2020-09-03T11:17:46.559+0000][23984][gc,cpu       ] GC(533) User=0.00s Sys=0.00s Real=0.00s
[2020-09-03T11:17:46.559+0000][23984][gc           ] GC(534) Concurrent Cycle
[2020-09-03T11:17:46.559+0000][23984][safepoint    ] Safepoint "G1TryInitiateConcMark", Time since last: 247688900 ns, Reaching safepoint: 147700 ns, At safepoint: 4843100 ns, Total: 4990800 ns
[2020-09-03T11:17:46.560+0000][23984][gc,marking   ] GC(534) Concurrent Clear Claimed Marks
[2020-09-03T11:17:46.560+0000][23984][gc,marking   ] GC(534) Concurrent Clear Claimed Marks 0.372ms
[2020-09-03T11:17:46.560+0000][23984][gc,marking   ] GC(534) Concurrent Scan Root Regions
[2020-09-03T11:17:46.562+0000][23984][gc,marking   ] GC(534) Concurrent Scan Root Regions 1.800ms
[2020-09-03T11:17:46.562+0000][23984][gc,marking   ] GC(534) Concurrent Mark (215.563s)
[2020-09-03T11:17:46.562+0000][23984][gc,marking   ] GC(534) Concurrent Mark From Roots
[2020-09-03T11:17:46.562+0000][23984][gc,task      ] GC(534) Using 2 workers of 2 for marking
[2020-09-03T11:17:46.711+0000][23984][gc,marking   ] GC(534) Concurrent Mark From Roots 148.992ms
[2020-09-03T11:17:46.711+0000][23984][gc,marking   ] GC(534) Concurrent Preclean
[2020-09-03T11:17:46.712+0000][23984][gc,marking   ] GC(534) Concurrent Preclean 0.572ms
[2020-09-03T11:17:46.712+0000][23984][gc,marking   ] GC(534) Concurrent Mark (215.563s, 215.713s) 149.745ms
[2020-09-03T11:17:46.712+0000][23984][gc,start     ] GC(534) Pause Remark
[2020-09-03T11:17:46.718+0000][23984][gc           ] GC(534) Pause Remark 309M->309M(1024M) 6.120ms
[2020-09-03T11:17:46.718+0000][23984][gc,cpu       ] GC(534) User=0.11s Sys=0.00s Real=0.01s
[2020-09-03T11:17:46.718+0000][23984][safepoint    ] Safepoint "G1Concurrent", Time since last: 152227700 ns, Reaching safepoint: 141400 ns, At safepoint: 6319600 ns, Total: 6461000 ns
[2020-09-03T11:17:46.718+0000][23984][gc,marking   ] GC(534) Concurrent Rebuild Remembered Sets
[2020-09-03T11:17:46.823+0000][23984][gc,marking   ] GC(534) Concurrent Rebuild Remembered Sets 104.651ms
[2020-09-03T11:17:46.823+0000][23984][gc,start     ] GC(534) Pause Cleanup
[2020-09-03T11:17:46.824+0000][23984][gc           ] GC(534) Pause Cleanup 372M->372M(1024M) 0.393ms
[2020-09-03T11:17:46.824+0000][23984][gc,cpu       ] GC(534) User=0.00s Sys=0.00s Real=0.00s
[2020-09-03T11:17:46.824+0000][23984][safepoint    ] Safepoint "G1Concurrent", Time since last: 104833400 ns, Reaching safepoint: 147500 ns, At safepoint: 574100 ns, Total: 721600 ns
[2020-09-03T11:17:46.824+0000][23984][gc,marking   ] GC(534) Concurrent Cleanup for Next Mark
[2020-09-03T11:17:46.825+0000][23984][gc,marking   ] GC(534) Concurrent Cleanup for Next Mark 1.710ms
[2020-09-03T11:17:46.826+0000][23984][gc           ] GC(534) Concurrent Cycle 266.216ms
[2020-09-03T11:17:47.030+0000][23984][gc,start     ] GC(535) Pause Young (Concurrent Start) (G1 Humongous Allocation)
[2020-09-03T11:17:47.030+0000][23984][gc,task      ] GC(535) Using 8 workers of 8 for evacuation
[2020-09-03T11:17:47.030+0000][23984][gc,age       ] GC(535) Desired survivor size 32505856 bytes, new threshold 15 (max threshold 15)
[2020-09-03T11:17:47.035+0000][23984][gc,age       ] GC(535) Age table with threshold 15 (max threshold 15)
[2020-09-03T11:17:47.035+0000][23984][gc,age       ] GC(535) - age   1:   13371064 bytes,   13371064 total
[2020-09-03T11:17:47.035+0000][23984][gc,age       ] GC(535) - age   2:      13776 bytes,   13384840 total
[2020-09-03T11:17:47.035+0000][23984][gc,age       ] GC(535) - age   3:      29240 bytes,   13414080 total
[2020-09-03T11:17:47.035+0000][23984][gc,age       ] GC(535) - age   4:       1912 bytes,   13415992 total
[2020-09-03T11:17:47.035+0000][23984][gc,age       ] GC(535) - age   5:       1208 bytes,   13417200 total
[2020-09-03T11:17:47.036+0000][23984][gc,age       ] GC(535) - age   6:       1400 bytes,   13418600 total
[2020-09-03T11:17:47.036+0000][23984][gc,age       ] GC(535) - age   7:      21792 bytes,   13440392 total
[2020-09-03T11:17:47.036+0000][23984][gc,age       ] GC(535) - age   8:       6264 bytes,   13446656 total
[2020-09-03T11:17:47.036+0000][23984][gc,age       ] GC(535) - age   9:       3808 bytes,   13450464 total
[2020-09-03T11:17:47.036+0000][23984][gc,age       ] GC(535) - age  10:       5984 bytes,   13456448 total
[2020-09-03T11:17:47.036+0000][23984][gc,age       ] GC(535) - age  11:       6280 bytes,   13462728 total
[2020-09-03T11:17:47.036+0000][23984][gc,age       ] GC(535) - age  12:       7336 bytes,   13470064 total
[2020-09-03T11:17:47.036+0000][23984][gc,age       ] GC(535) - age  13:      10184 bytes,   13480248 total
[2020-09-03T11:17:47.036+0000][23984][gc,age       ] GC(535) - age  14:      36232 bytes,   13516480 total
[2020-09-03T11:17:47.036+0000][23984][gc,age       ] GC(535) - age  15:        464 bytes,   13516944 total
[2020-09-03T11:17:47.036+0000][23984][gc,phases    ] GC(535)   Pre Evacuate Collection Set: 0.5ms
[2020-09-03T11:17:47.036+0000][23984][gc,phases    ] GC(535)   Merge Heap Roots: 0.1ms
[2020-09-03T11:17:47.036+0000][23984][gc,phases    ] GC(535)   Evacuate Collection Set: 3.8ms
[2020-09-03T11:17:47.036+0000][23984][gc,phases    ] GC(535)   Post Evacuate Collection Set: 0.8ms
[2020-09-03T11:17:47.036+0000][23984][gc,phases    ] GC(535)   Other: 1.1ms
[2020-09-03T11:17:47.036+0000][23984][gc,heap      ] GC(535) Eden regions: 59->0(469)
[2020-09-03T11:17:47.036+0000][23984][gc,heap      ] GC(535) Survivor regions: 3->14(62)
[2020-09-03T11:17:47.036+0000][23984][gc,heap      ] GC(535) Old regions: 80->80
[2020-09-03T11:17:47.036+0000][23984][gc,heap      ] GC(535) Archive regions: 0->0
[2020-09-03T11:17:47.036+0000][23984][gc,heap      ] GC(535) Humongous regions: 262->174
[2020-09-03T11:17:47.036+0000][23984][gc,metaspace ] GC(535) Metaspace: 88505K(94592K)->88505K(94592K) NonClass: 77298K(80896K)->77298K(80896K) Class: 11206K(13696K)->11206K(13696K)
[2020-09-03T11:17:47.036+0000][23984][gc           ] GC(535) Pause Young (Concurrent Start) (G1 Humongous Allocation) 402M->266M(1024M) 6.503ms
[2020-09-03T11:17:47.036+0000][23984][gc,cpu       ] GC(535) User=0.00s Sys=0.00s Real=0.01s
[2020-09-03T11:17:47.036+0000][23984][gc           ] GC(536) Concurrent Cycle
[2020-09-03T11:17:47.036+0000][23984][gc,marking   ] GC(536) Concurrent Clear Claimed Marks
[2020-09-03T11:17:47.037+0000][23984][safepoint    ] Safepoint "G1TryInitiateConcMark", Time since last: 205840500 ns, Reaching safepoint: 221400 ns, At safepoint: 7044600 ns, Total: 7266000 ns
[2020-09-03T11:17:47.037+0000][23984][gc,marking   ] GC(536) Concurrent Clear Claimed Marks 0.369ms
[2020-09-03T11:17:47.037+0000][23984][gc,marking   ] GC(536) Concurrent Scan Root Regions
[2020-09-03T11:17:47.040+0000][23984][gc,marking   ] GC(536) Concurrent Scan Root Regions 2.678ms
[2020-09-03T11:17:47.040+0000][23984][gc,marking   ] GC(536) Concurrent Mark (216.041s)
[2020-09-03T11:17:47.040+0000][23984][gc,marking   ] GC(536) Concurrent Mark From Roots
[2020-09-03T11:17:47.040+0000][23984][gc,task      ] GC(536) Using 2 workers of 2 for marking
[2020-09-03T11:17:47.199+0000][23984][gc,marking   ] GC(536) Concurrent Mark From Roots 159.471ms
[2020-09-03T11:17:47.199+0000][23984][gc,marking   ] GC(536) Concurrent Preclean
[2020-09-03T11:17:47.200+0000][23984][gc,marking   ] GC(536) Concurrent Preclean 0.955ms
[2020-09-03T11:17:47.200+0000][23984][gc,marking   ] GC(536) Concurrent Mark (216.041s, 216.201s) 160.712ms
[2020-09-03T11:17:47.201+0000][23984][gc,start     ] GC(536) Pause Remark
[2020-09-03T11:17:47.206+0000][23984][gc           ] GC(536) Pause Remark 550M->550M(1024M) 5.362ms
[2020-09-03T11:17:47.206+0000][23984][gc,cpu       ] GC(536) User=0.02s Sys=0.00s Real=0.01s
[2020-09-03T11:17:47.206+0000][23984][safepoint    ] Safepoint "G1Concurrent", Time since last: 163673600 ns, Reaching safepoint: 258400 ns, At safepoint: 5549000 ns, Total: 5807400 ns
[2020-09-03T11:17:47.206+0000][23984][gc,marking   ] GC(536) Concurrent Rebuild Remembered Sets
[2020-09-03T11:17:47.304+0000][23984][gc,marking   ] GC(536) Concurrent Rebuild Remembered Sets 97.914ms
[2020-09-03T11:17:47.305+0000][23984][gc,start     ] GC(536) Pause Cleanup
[2020-09-03T11:17:47.305+0000][23984][gc           ] GC(536) Pause Cleanup 637M->637M(1024M) 0.347ms
[2020-09-03T11:17:47.305+0000][23984][gc,cpu       ] GC(536) User=0.00s Sys=0.00s Real=0.00s
[2020-09-03T11:17:47.305+0000][23984][safepoint    ] Safepoint "G1Concurrent", Time since last: 98118100 ns, Reaching safepoint: 188700 ns, At safepoint: 496600 ns, Total: 685300 ns
[2020-09-03T11:17:47.305+0000][23984][gc,marking   ] GC(536) Concurrent Cleanup for Next Mark
[2020-09-03T11:17:47.307+0000][23984][gc,marking   ] GC(536) Concurrent Cleanup for Next Mark 1.688ms
[2020-09-03T11:17:47.307+0000][23984][gc           ] GC(536) Concurrent Cycle 270.502ms
[2020-09-03T11:17:47.418+0000][23984][gc,start     ] GC(537) Pause Young (Concurrent Start) (G1 Humongous Allocation)
[2020-09-03T11:17:47.419+0000][23984][gc,task      ] GC(537) Using 8 workers of 8 for evacuation
[2020-09-03T11:17:47.419+0000][23984][gc,age       ] GC(537) Desired survivor size 31981568 bytes, new threshold 15 (max threshold 15)
[2020-09-03T11:17:47.423+0000][23984][gc,age       ] GC(537) Age table with threshold 15 (max threshold 15)
[2020-09-03T11:17:47.423+0000][23984][gc,age       ] GC(537) - age   1:    3996296 bytes,    3996296 total
[2020-09-03T11:17:47.423+0000][23984][gc,age       ] GC(537) - age   2:       8592 bytes,    4004888 total
[2020-09-03T11:17:47.423+0000][23984][gc,age       ] GC(537) - age   3:       5224 bytes,    4010112 total
[2020-09-03T11:17:47.423+0000][23984][gc,age       ] GC(537) - age   4:      29176 bytes,    4039288 total
[2020-09-03T11:17:47.423+0000][23984][gc,age       ] GC(537) - age   5:       1768 bytes,    4041056 total
[2020-09-03T11:17:47.423+0000][23984][gc,age       ] GC(537) - age   6:       1016 bytes,    4042072 total
[2020-09-03T11:17:47.423+0000][23984][gc,age       ] GC(537) - age   7:       1400 bytes,    4043472 total
[2020-09-03T11:17:47.423+0000][23984][gc,age       ] GC(537) - age   8:      21792 bytes,    4065264 total
[2020-09-03T11:17:47.423+0000][23984][gc,age       ] GC(537) - age   9:       6264 bytes,    4071528 total
[2020-09-03T11:17:47.423+0000][23984][gc,age       ] GC(537) - age  10:       3808 bytes,    4075336 total
[2020-09-03T11:17:47.423+0000][23984][gc,age       ] GC(537) - age  11:       5984 bytes,    4081320 total
[2020-09-03T11:17:47.423+0000][23984][gc,age       ] GC(537) - age  12:       6248 bytes,    4087568 total
[2020-09-03T11:17:47.423+0000][23984][gc,age       ] GC(537) - age  13:       7304 bytes,    4094872 total
[2020-09-03T11:17:47.423+0000][23984][gc,age       ] GC(537) - age  14:      10184 bytes,    4105056 total
[2020-09-03T11:17:47.423+0000][23984][gc,age       ] GC(537) - age  15:      36232 bytes,    4141288 total
[2020-09-03T11:17:47.423+0000][23984][gc,phases    ] GC(537)   Pre Evacuate Collection Set: 0.4ms
[2020-09-03T11:17:47.423+0000][23984][gc,phases    ] GC(537)   Merge Heap Roots: 0.1ms
[2020-09-03T11:17:47.423+0000][23984][gc,phases    ] GC(537)   Evacuate Collection Set: 2.3ms
[2020-09-03T11:17:47.423+0000][23984][gc,phases    ] GC(537)   Post Evacuate Collection Set: 1.0ms
[2020-09-03T11:17:47.423+0000][23984][gc,phases    ] GC(537)   Other: 0.8ms
[2020-09-03T11:17:47.423+0000][23984][gc,heap      ] GC(537) Eden regions: 101->0(482)
[2020-09-03T11:17:47.423+0000][23984][gc,heap      ] GC(537) Survivor regions: 14->5(61)
[2020-09-03T11:17:47.423+0000][23984][gc,heap      ] GC(537) Old regions: 80->80
[2020-09-03T11:17:47.423+0000][23984][gc,heap      ] GC(537) Archive regions: 0->0
[2020-09-03T11:17:47.423+0000][23984][gc,heap      ] GC(537) Humongous regions: 462->174
[2020-09-03T11:17:47.423+0000][23984][gc,metaspace ] GC(537) Metaspace: 88505K(94592K)->88505K(94592K) NonClass: 77298K(80896K)->77298K(80896K) Class: 11206K(13696K)->11206K(13696K)
[2020-09-03T11:17:47.423+0000][23984][gc           ] GC(537) Pause Young (Concurrent Start) (G1 Humongous Allocation) 655M->257M(1024M) 4.845ms
[2020-09-03T11:17:47.423+0000][23984][gc,cpu       ] GC(537) User=0.13s Sys=0.00s Real=0.01s
[2020-09-03T11:17:47.423+0000][23984][safepoint    ] Safepoint "G1TryInitiateConcMark", Time since last: 113224300 ns, Reaching safepoint: 137900 ns, At safepoint: 4979300 ns, Total: 5117200 ns
[2020-09-03T11:17:47.423+0000][23984][gc           ] GC(538) Concurrent Cycle
[2020-09-03T11:17:47.424+0000][23984][gc,marking   ] GC(538) Concurrent Clear Claimed Marks
[2020-09-03T11:17:47.424+0000][23984][gc,marking   ] GC(538) Concurrent Clear Claimed Marks 0.543ms
[2020-09-03T11:17:47.424+0000][23984][gc,marking   ] GC(538) Concurrent Scan Root Regions
[2020-09-03T11:17:47.427+0000][23984][gc,marking   ] GC(538) Concurrent Scan Root Regions 2.647ms
[2020-09-03T11:17:47.427+0000][23984][gc,marking   ] GC(538) Concurrent Mark (216.428s)
[2020-09-03T11:17:47.427+0000][23984][gc,marking   ] GC(538) Concurrent Mark From Roots
[2020-09-03T11:17:47.427+0000][23984][gc,task      ] GC(538) Using 2 workers of 2 for marking
[2020-09-03T11:17:47.546+0000][23984][gc,marking   ] GC(538) Concurrent Mark From Roots 119.487ms
[2020-09-03T11:17:47.546+0000][23984][gc,marking   ] GC(538) Concurrent Preclean
[2020-09-03T11:17:47.547+0000][23984][gc,marking   ] GC(538) Concurrent Preclean 0.706ms
[2020-09-03T11:17:47.547+0000][23984][gc,marking   ] GC(538) Concurrent Mark (216.428s, 216.548s) 120.351ms
[2020-09-03T11:17:47.547+0000][23984][gc,start     ] GC(538) Pause Remark
[2020-09-03T11:17:47.554+0000][23984][gc           ] GC(538) Pause Remark 316M->316M(1024M) 6.038ms
[2020-09-03T11:17:47.554+0000][23984][gc,cpu       ] GC(538) User=0.00s Sys=0.00s Real=0.01s
[2020-09-03T11:17:47.554+0000][23984][safepoint    ] Safepoint "G1Concurrent", Time since last: 123901000 ns, Reaching safepoint: 138600 ns, At safepoint: 6261500 ns, Total: 6400100 ns
[2020-09-03T11:17:47.554+0000][23984][gc,marking   ] GC(538) Concurrent Rebuild Remembered Sets
[2020-09-03T11:17:47.634+0000][23984][gc,marking   ] GC(538) Concurrent Rebuild Remembered Sets 80.552ms
[2020-09-03T11:17:47.635+0000][23984][gc,start     ] GC(538) Pause Cleanup
[2020-09-03T11:17:47.635+0000][23984][gc           ] GC(538) Pause Cleanup 383M->383M(1024M) 0.327ms
[2020-09-03T11:17:47.635+0000][23984][gc,cpu       ] GC(538) User=0.00s Sys=0.00s Real=0.00s
[2020-09-03T11:17:47.635+0000][23984][safepoint    ] Safepoint "G1Concurrent", Time since last: 80801400 ns, Reaching safepoint: 151600 ns, At safepoint: 482400 ns, Total: 634000 ns
[2020-09-03T11:17:47.635+0000][23984][gc,marking   ] GC(538) Concurrent Cleanup for Next Mark
[2020-09-03T11:17:47.637+0000][23984][gc,marking   ] GC(538) Concurrent Cleanup for Next Mark 1.412ms
[2020-09-03T11:17:47.637+0000][23984][gc           ] GC(538) Concurrent Cycle 213.303ms
[2020-09-03T11:17:47.780+0000][23984][gc,start     ] GC(539) Pause Young (Concurrent Start) (G1 Humongous Allocation)
[2020-09-03T11:17:47.780+0000][23984][gc,task      ] GC(539) Using 8 workers of 8 for evacuation
[2020-09-03T11:17:47.780+0000][23984][gc,age       ] GC(539) Desired survivor size 31981568 bytes, new threshold 15 (max threshold 15)
[2020-09-03T11:17:47.783+0000][23984][gc,age       ] GC(539) Age table with threshold 15 (max threshold 15)
[2020-09-03T11:17:47.784+0000][23984][gc,age       ] GC(539) - age   1:    3221768 bytes,    3221768 total
[2020-09-03T11:17:47.784+0000][23984][gc,age       ] GC(539) - age   2:    1001440 bytes,    4223208 total
[2020-09-03T11:17:47.784+0000][23984][gc,age       ] GC(539) - age   3:       6288 bytes,    4229496 total
[2020-09-03T11:17:47.784+0000][23984][gc,age       ] GC(539) - age   4:       5096 bytes,    4234592 total
[2020-09-03T11:17:47.784+0000][23984][gc,age       ] GC(539) - age   5:      29176 bytes,    4263768 total
[2020-09-03T11:17:47.784+0000][23984][gc,age       ] GC(539) - age   6:       1608 bytes,    4265376 total
[2020-09-03T11:17:47.784+0000][23984][gc,age       ] GC(539) - age   7:        856 bytes,    4266232 total
[2020-09-03T11:17:47.784+0000][23984][gc,age       ] GC(539) - age   8:       1400 bytes,    4267632 total
[2020-09-03T11:17:47.784+0000][23984][gc,age       ] GC(539) - age   9:      21792 bytes,    4289424 total
[2020-09-03T11:17:47.784+0000][23984][gc,age       ] GC(539) - age  10:       6264 bytes,    4295688 total
[2020-09-03T11:17:47.784+0000][23984][gc,age       ] GC(539) - age  11:       3808 bytes,    4299496 total
[2020-09-03T11:17:47.784+0000][23984][gc,age       ] GC(539) - age  12:       5984 bytes,    4305480 total
[2020-09-03T11:17:47.784+0000][23984][gc,age       ] GC(539) - age  13:       6248 bytes,    4311728 total
[2020-09-03T11:17:47.784+0000][23984][gc,age       ] GC(539) - age  14:       7304 bytes,    4319032 total
[2020-09-03T11:17:47.784+0000][23984][gc,age       ] GC(539) - age  15:      10184 bytes,    4329216 total
[2020-09-03T11:17:47.784+0000][23984][gc,phases    ] GC(539)   Pre Evacuate Collection Set: 0.4ms
[2020-09-03T11:17:47.784+0000][23984][gc,phases    ] GC(539)   Merge Heap Roots: 0.1ms
[2020-09-03T11:17:47.784+0000][23984][gc,phases    ] GC(539)   Evacuate Collection Set: 2.3ms
[2020-09-03T11:17:47.784+0000][23984][gc,phases    ] GC(539)   Post Evacuate Collection Set: 0.7ms
[2020-09-03T11:17:47.784+0000][23984][gc,phases    ] GC(539)   Other: 0.9ms
[2020-09-03T11:17:47.784+0000][23984][gc,heap      ] GC(539) Eden regions: 41->0(486)
[2020-09-03T11:17:47.784+0000][23984][gc,heap      ] GC(539) Survivor regions: 5->5(61)
[2020-09-03T11:17:47.784+0000][23984][gc,heap      ] GC(539) Old regions: 80->80
[2020-09-03T11:17:47.784+0000][23984][gc,heap      ] GC(539) Archive regions: 0->0
[2020-09-03T11:17:47.784+0000][23984][gc,heap      ] GC(539) Humongous regions: 270->174
[2020-09-03T11:17:47.784+0000][23984][gc,metaspace ] GC(539) Metaspace: 88505K(94592K)->88505K(94592K) NonClass: 77298K(80896K)->77298K(80896K) Class: 11206K(13696K)->11206K(13696K)
[2020-09-03T11:17:47.784+0000][23984][gc           ] GC(539) Pause Young (Concurrent Start) (G1 Humongous Allocation) 394M->258M(1024M) 4.753ms
[2020-09-03T11:17:47.785+0000][23984][gc,cpu       ] GC(539) User=0.00s Sys=0.00s Real=0.01s
[2020-09-03T11:17:47.785+0000][23984][gc           ] GC(540) Concurrent Cycle
[2020-09-03T11:17:47.785+0000][23984][safepoint    ] Safepoint "G1TryInitiateConcMark", Time since last: 144354400 ns, Reaching safepoint: 144500 ns, At safepoint: 4921800 ns, Total: 5066300 ns
[2020-09-03T11:17:47.785+0000][23984][gc,marking   ] GC(540) Concurrent Clear Claimed Marks
[2020-09-03T11:17:47.785+0000][23984][gc,marking   ] GC(540) Concurrent Clear Claimed Marks 0.458ms
[2020-09-03T11:17:47.785+0000][23984][gc,marking   ] GC(540) Concurrent Scan Root Regions
[2020-09-03T11:17:47.787+0000][23984][gc,marking   ] GC(540) Concurrent Scan Root Regions 2.231ms
[2020-09-03T11:17:47.787+0000][23984][gc,marking   ] GC(540) Concurrent Mark (216.789s)
[2020-09-03T11:17:47.788+0000][23984][gc,marking   ] GC(540) Concurrent Mark From Roots
[2020-09-03T11:17:47.788+0000][23984][gc,task      ] GC(540) Using 2 workers of 2 for marking
[2020-09-03T11:17:47.925+0000][23984][gc,marking   ] GC(540) Concurrent Mark From Roots 137.024ms
[2020-09-03T11:17:47.925+0000][23984][gc,marking   ] GC(540) Concurrent Preclean
[2020-09-03T11:17:47.925+0000][23984][gc,marking   ] GC(540) Concurrent Preclean 0.550ms
[2020-09-03T11:17:47.925+0000][23984][gc,marking   ] GC(540) Concurrent Mark (216.789s, 216.926s) 137.776ms
[2020-09-03T11:17:47.926+0000][23984][gc,start     ] GC(540) Pause Remark
[2020-09-03T11:17:47.932+0000][23984][gc           ] GC(540) Pause Remark 317M->317M(1024M) 6.486ms
[2020-09-03T11:17:47.932+0000][23984][gc,cpu       ] GC(540) User=0.00s Sys=0.00s Real=0.01s
[2020-09-03T11:17:47.932+0000][23984][safepoint    ] Safepoint "G1Concurrent", Time since last: 140774700 ns, Reaching safepoint: 137300 ns, At safepoint: 6691900 ns, Total: 6829200 ns
[2020-09-03T11:17:47.932+0000][23984][gc,marking   ] GC(540) Concurrent Rebuild Remembered Sets
[2020-09-03T11:17:48.021+0000][23984][gc,marking   ] GC(540) Concurrent Rebuild Remembered Sets 88.235ms
[2020-09-03T11:17:48.021+0000][23984][gc,start     ] GC(540) Pause Cleanup
[2020-09-03T11:17:48.021+0000][23984][gc           ] GC(540) Pause Cleanup 385M->385M(1024M) 0.404ms
[2020-09-03T11:17:48.021+0000][23984][gc,cpu       ] GC(540) User=0.00s Sys=0.00s Real=0.00s
[2020-09-03T11:17:48.021+0000][23984][safepoint    ] Safepoint "G1Concurrent", Time since last: 88449500 ns, Reaching safepoint: 246400 ns, At safepoint: 556100 ns, Total: 802500 ns
[2020-09-03T11:17:48.021+0000][23984][gc,marking   ] GC(540) Concurrent Cleanup for Next Mark
[2020-09-03T11:17:48.023+0000][23984][gc,marking   ] GC(540) Concurrent Cleanup for Next Mark 1.211ms
[2020-09-03T11:17:48.023+0000][23984][gc           ] GC(540) Concurrent Cycle 238.214ms
[2020-09-03T11:17:48.140+0000][23984][gc,start     ] GC(541) Pause Young (Concurrent Start) (G1 Humongous Allocation)
[2020-09-03T11:17:48.140+0000][23984][gc,task      ] GC(541) Using 8 workers of 8 for evacuation
[2020-09-03T11:17:48.140+0000][23984][gc,age       ] GC(541) Desired survivor size 32505856 bytes, new threshold 15 (max threshold 15)
[2020-09-03T11:17:48.144+0000][23984][gc,age       ] GC(541) Age table with threshold 15 (max threshold 15)
[2020-09-03T11:17:48.144+0000][23984][gc,age       ] GC(541) - age   1:    3210864 bytes,    3210864 total
[2020-09-03T11:17:48.144+0000][23984][gc,age       ] GC(541) - age   2:     403464 bytes,    3614328 total
[2020-09-03T11:17:48.144+0000][23984][gc,age       ] GC(541) - age   3:     607536 bytes,    4221864 total
[2020-09-03T11:17:48.144+0000][23984][gc,age       ] GC(541) - age   4:       3728 bytes,    4225592 total
[2020-09-03T11:17:48.145+0000][23984][gc,age       ] GC(541) - age   5:       5096 bytes,    4230688 total
[2020-09-03T11:17:48.145+0000][23984][gc,age       ] GC(541) - age   6:      29176 bytes,    4259864 total
[2020-09-03T11:17:48.145+0000][23984][gc,age       ] GC(541) - age   7:       1352 bytes,    4261216 total
[2020-09-03T11:17:48.145+0000][23984][gc,age       ] GC(541) - age   8:        856 bytes,    4262072 total
[2020-09-03T11:17:48.145+0000][23984][gc,age       ] GC(541) - age   9:       1400 bytes,    4263472 total
[2020-09-03T11:17:48.145+0000][23984][gc,age       ] GC(541) - age  10:      21728 bytes,    4285200 total
[2020-09-03T11:17:48.145+0000][23984][gc,age       ] GC(541) - age  11:       6264 bytes,    4291464 total
[2020-09-03T11:17:48.145+0000][23984][gc,age       ] GC(541) - age  12:       3808 bytes,    4295272 total
[2020-09-03T11:17:48.145+0000][23984][gc,age       ] GC(541) - age  13:       5984 bytes,    4301256 total
[2020-09-03T11:17:48.145+0000][23984][gc,age       ] GC(541) - age  14:       6152 bytes,    4307408 total
[2020-09-03T11:17:48.145+0000][23984][gc,age       ] GC(541) - age  15:       7240 bytes,    4314648 total
[2020-09-03T11:17:48.145+0000][23984][gc,phases    ] GC(541)   Pre Evacuate Collection Set: 0.4ms
[2020-09-03T11:17:48.145+0000][23984][gc,phases    ] GC(541)   Merge Heap Roots: 0.1ms
[2020-09-03T11:17:48.145+0000][23984][gc,phases    ] GC(541)   Evacuate Collection Set: 2.9ms
[2020-09-03T11:17:48.145+0000][23984][gc,phases    ] GC(541)   Post Evacuate Collection Set: 0.8ms
[2020-09-03T11:17:48.145+0000][23984][gc,phases    ] GC(541)   Other: 1.0ms
[2020-09-03T11:17:48.145+0000][23984][gc,heap      ] GC(541) Eden regions: 42->0(489)
[2020-09-03T11:17:48.145+0000][23984][gc,heap      ] GC(541) Survivor regions: 5->5(62)
[2020-09-03T11:17:48.145+0000][23984][gc,heap      ] GC(541) Old regions: 80->80
[2020-09-03T11:17:48.145+0000][23984][gc,heap      ] GC(541) Archive regions: 0->0
[2020-09-03T11:17:48.145+0000][23984][gc,heap      ] GC(541) Humongous regions: 270->174
[2020-09-03T11:17:48.145+0000][23984][gc,metaspace ] GC(541) Metaspace: 88508K(94592K)->88508K(94592K) NonClass: 77302K(80896K)->77302K(80896K) Class: 11206K(13696K)->11206K(13696K)
[2020-09-03T11:17:48.145+0000][23984][gc           ] GC(541) Pause Young (Concurrent Start) (G1 Humongous Allocation) 395M->257M(1024M) 5.618ms
[2020-09-03T11:17:48.145+0000][23984][gc,cpu       ] GC(541) User=0.00s Sys=0.00s Real=0.00s
[2020-09-03T11:17:48.145+0000][23984][safepoint    ] Safepoint "G1TryInitiateConcMark", Time since last: 117927500 ns, Reaching safepoint: 171500 ns, At safepoint: 5752500 ns, Total: 5924000 ns
[2020-09-03T11:17:48.145+0000][23984][gc           ] GC(542) Concurrent Cycle
[2020-09-03T11:17:48.145+0000][23984][gc,marking   ] GC(542) Concurrent Clear Claimed Marks
[2020-09-03T11:17:48.146+0000][23984][gc,marking   ] GC(542) Concurrent Clear Claimed Marks 0.387ms
[2020-09-03T11:17:48.146+0000][23984][gc,marking   ] GC(542) Concurrent Scan Root Regions
[2020-09-03T11:17:48.148+0000][23984][gc,marking   ] GC(542) Concurrent Scan Root Regions 2.608ms
[2020-09-03T11:17:48.149+0000][23984][gc,marking   ] GC(542) Concurrent Mark (217.150s)
[2020-09-03T11:17:48.149+0000][23984][gc,marking   ] GC(542) Concurrent Mark From Roots
[2020-09-03T11:17:48.149+0000][23984][gc,task      ] GC(542) Using 2 workers of 2 for marking
[2020-09-03T11:17:48.269+0000][23984][gc,marking   ] GC(542) Concurrent Mark From Roots 120.149ms
[2020-09-03T11:17:48.269+0000][23984][gc,marking   ] GC(542) Concurrent Preclean
[2020-09-03T11:17:48.269+0000][23984][gc,marking   ] GC(542) Concurrent Preclean 0.519ms
[2020-09-03T11:17:48.269+0000][23984][gc,marking   ] GC(542) Concurrent Mark (217.150s, 217.270s) 120.829ms
[2020-09-03T11:17:48.270+0000][23984][gc,start     ] GC(542) Pause Remark
[2020-09-03T11:17:48.275+0000][23984][gc           ] GC(542) Pause Remark 317M->317M(1024M) 5.707ms
[2020-09-03T11:17:48.275+0000][23984][gc,cpu       ] GC(542) User=0.00s Sys=0.00s Real=0.01s
[2020-09-03T11:17:48.275+0000][23984][safepoint    ] Safepoint "G1Concurrent", Time since last: 124159300 ns, Reaching safepoint: 133700 ns, At safepoint: 5890400 ns, Total: 6024100 ns
[2020-09-03T11:17:48.276+0000][23984][gc,marking   ] GC(542) Concurrent Rebuild Remembered Sets
[2020-09-03T11:17:48.360+0000][23984][gc,marking   ] GC(542) Concurrent Rebuild Remembered Sets 83.988ms
[2020-09-03T11:17:48.360+0000][23984][gc,start     ] GC(542) Pause Cleanup
[2020-09-03T11:17:48.360+0000][23984][gc           ] GC(542) Pause Cleanup 385M->385M(1024M) 0.307ms
[2020-09-03T11:17:48.360+0000][23984][gc,cpu       ] GC(542) User=0.00s Sys=0.00s Real=0.00s
[2020-09-03T11:17:48.360+0000][23984][safepoint    ] Safepoint "G1Concurrent", Time since last: 84182400 ns, Reaching safepoint: 168000 ns, At safepoint: 469600 ns, Total: 637600 ns
[2020-09-03T11:17:48.360+0000][23984][gc,marking   ] GC(542) Concurrent Cleanup for Next Mark
[2020-09-03T11:17:48.362+0000][23984][gc,marking   ] GC(542) Concurrent Cleanup for Next Mark 1.618ms
[2020-09-03T11:17:48.362+0000][23984][gc           ] GC(542) Concurrent Cycle 216.838ms
[2020-09-03T11:17:48.479+0000][23984][gc,start     ] GC(543) Pause Young (Concurrent Start) (G1 Humongous Allocation)
[2020-09-03T11:17:48.480+0000][23984][gc,task      ] GC(543) Using 8 workers of 8 for evacuation
[2020-09-03T11:17:48.480+0000][23984][gc,age       ] GC(543) Desired survivor size 32505856 bytes, new threshold 15 (max threshold 15)
[2020-09-03T11:17:48.484+0000][23984][gc,age       ] GC(543) Age table with threshold 15 (max threshold 15)
[2020-09-03T11:17:48.484+0000][23984][gc,age       ] GC(543) - age   1:    3226656 bytes,    3226656 total
[2020-09-03T11:17:48.484+0000][23984][gc,age       ] GC(543) - age   2:     403912 bytes,    3630568 total
[2020-09-03T11:17:48.484+0000][23984][gc,age       ] GC(543) - age   3:     402216 bytes,    4032784 total
[2020-09-03T11:17:48.484+0000][23984][gc,age       ] GC(543) - age   4:     212688 bytes,    4245472 total
[2020-09-03T11:17:48.484+0000][23984][gc,age       ] GC(543) - age   5:       2784 bytes,    4248256 total
[2020-09-03T11:17:48.484+0000][23984][gc,age       ] GC(543) - age   6:       5000 bytes,    4253256 total
[2020-09-03T11:17:48.484+0000][23984][gc,age       ] GC(543) - age   7:      29176 bytes,    4282432 total
[2020-09-03T11:17:48.484+0000][23984][gc,age       ] GC(543) - age   8:       1352 bytes,    4283784 total
[2020-09-03T11:17:48.484+0000][23984][gc,age       ] GC(543) - age   9:        856 bytes,    4284640 total
[2020-09-03T11:17:48.484+0000][23984][gc,age       ] GC(543) - age  10:       1400 bytes,    4286040 total
[2020-09-03T11:17:48.484+0000][23984][gc,age       ] GC(543) - age  11:      21728 bytes,    4307768 total
[2020-09-03T11:17:48.484+0000][23984][gc,age       ] GC(543) - age  12:       6232 bytes,    4314000 total
[2020-09-03T11:17:48.484+0000][23984][gc,age       ] GC(543) - age  13:       3808 bytes,    4317808 total
[2020-09-03T11:17:48.484+0000][23984][gc,age       ] GC(543) - age  14:       5984 bytes,    4323792 total
[2020-09-03T11:17:48.484+0000][23984][gc,age       ] GC(543) - age  15:       6120 bytes,    4329912 total
[2020-09-03T11:17:48.484+0000][23984][gc,phases    ] GC(543)   Pre Evacuate Collection Set: 0.4ms
[2020-09-03T11:17:48.484+0000][23984][gc,phases    ] GC(543)   Merge Heap Roots: 0.1ms
[2020-09-03T11:17:48.485+0000][23984][gc,phases    ] GC(543)   Evacuate Collection Set: 2.6ms
[2020-09-03T11:17:48.485+0000][23984][gc,phases    ] GC(543)   Post Evacuate Collection Set: 0.7ms
[2020-09-03T11:17:48.485+0000][23984][gc,phases    ] GC(543)   Other: 1.2ms
[2020-09-03T11:17:48.485+0000][23984][gc,heap      ] GC(543) Eden regions: 42->0(492)
[2020-09-03T11:17:48.485+0000][23984][gc,heap      ] GC(543) Survivor regions: 5->5(62)
[2020-09-03T11:17:48.485+0000][23984][gc,heap      ] GC(543) Old regions: 80->80
[2020-09-03T11:17:48.485+0000][23984][gc,heap      ] GC(543) Archive regions: 0->0
[2020-09-03T11:17:48.485+0000][23984][gc,heap      ] GC(543) Humongous regions: 270->174
[2020-09-03T11:17:48.485+0000][23984][gc,metaspace ] GC(543) Metaspace: 88508K(94592K)->88508K(94592K) NonClass: 77302K(80896K)->77302K(80896K) Class: 11206K(13696K)->11206K(13696K)
[2020-09-03T11:17:48.485+0000][23984][gc           ] GC(543) Pause Young (Concurrent Start) (G1 Humongous Allocation) 395M->257M(1024M) 5.450ms
[2020-09-03T11:17:48.485+0000][23984][gc,cpu       ] GC(543) User=0.11s Sys=0.00s Real=0.01s
[2020-09-03T11:17:48.485+0000][23984][gc           ] GC(544) Concurrent Cycle
[2020-09-03T11:17:48.485+0000][23984][safepoint    ] Safepoint "G1TryInitiateConcMark", Time since last: 118882300 ns, Reaching safepoint: 180400 ns, At safepoint: 5644900 ns, Total: 5825300 ns
[2020-09-03T11:17:48.485+0000][23984][gc,marking   ] GC(544) Concurrent Clear Claimed Marks
[2020-09-03T11:17:48.485+0000][23984][gc,marking   ] GC(544) Concurrent Clear Claimed Marks 0.400ms
[2020-09-03T11:17:48.486+0000][23984][gc,marking   ] GC(544) Concurrent Scan Root Regions
[2020-09-03T11:17:48.489+0000][23984][gc,marking   ] GC(544) Concurrent Scan Root Regions 3.426ms
[2020-09-03T11:17:48.489+0000][23984][gc,marking   ] GC(544) Concurrent Mark (217.490s)
[2020-09-03T11:17:48.489+0000][23984][gc,marking   ] GC(544) Concurrent Mark From Roots
[2020-09-03T11:17:48.489+0000][23984][gc,task      ] GC(544) Using 2 workers of 2 for marking
[2020-09-03T11:17:48.632+0000][23984][gc,marking   ] GC(544) Concurrent Mark From Roots 142.959ms
[2020-09-03T11:17:48.632+0000][23984][gc,marking   ] GC(544) Concurrent Preclean
[2020-09-03T11:17:48.633+0000][23984][gc,marking   ] GC(544) Concurrent Preclean 0.726ms
[2020-09-03T11:17:48.633+0000][23984][gc,marking   ] GC(544) Concurrent Mark (217.490s, 217.634s) 143.904ms
[2020-09-03T11:17:48.633+0000][23984][gc,start     ] GC(544) Pause Remark
[2020-09-03T11:17:48.640+0000][23984][gc           ] GC(544) Pause Remark 316M->316M(1024M) 6.908ms
[2020-09-03T11:17:48.640+0000][23984][gc,cpu       ] GC(544) User=0.09s Sys=0.00s Real=0.01s
[2020-09-03T11:17:48.640+0000][23984][safepoint    ] Safepoint "G1Concurrent", Time since last: 148085700 ns, Reaching safepoint: 187600 ns, At safepoint: 7129800 ns, Total: 7317400 ns
[2020-09-03T11:17:48.640+0000][23984][gc,marking   ] GC(544) Concurrent Rebuild Remembered Sets
[2020-09-03T11:17:48.730+0000][23984][gc,marking   ] GC(544) Concurrent Rebuild Remembered Sets 89.347ms
[2020-09-03T11:17:48.730+0000][23984][gc,start     ] GC(544) Pause Cleanup
[2020-09-03T11:17:48.730+0000][23984][gc           ] GC(544) Pause Cleanup 325M->325M(1024M) 0.280ms
[2020-09-03T11:17:48.731+0000][23984][gc,cpu       ] GC(544) User=0.00s Sys=0.00s Real=0.00s
[2020-09-03T11:17:48.731+0000][23984][safepoint    ] Safepoint "G1Concurrent", Time since last: 89544000 ns, Reaching safepoint: 193600 ns, At safepoint: 498600 ns, Total: 692200 ns
[2020-09-03T11:17:48.731+0000][23984][gc,marking   ] GC(544) Concurrent Cleanup for Next Mark
[2020-09-03T11:17:48.732+0000][23984][gc,marking   ] GC(544) Concurrent Cleanup for Next Mark 1.335ms
[2020-09-03T11:17:48.732+0000][23984][gc           ] GC(544) Concurrent Cycle 247.173ms
[2020-09-03T11:17:48.801+0000][23984][gc,start     ] GC(545) Pause Young (Concurrent Start) (G1 Humongous Allocation)
[2020-09-03T11:17:48.802+0000][23984][gc,task      ] GC(545) Using 8 workers of 8 for evacuation
[2020-09-03T11:17:48.802+0000][23984][gc,age       ] GC(545) Desired survivor size 33030144 bytes, new threshold 15 (max threshold 15)
[2020-09-03T11:17:48.805+0000][23984][gc,age       ] GC(545) Age table with threshold 15 (max threshold 15)
[2020-09-03T11:17:48.805+0000][23984][gc,age       ] GC(545) - age   1:    2265696 bytes,    2265696 total
[2020-09-03T11:17:48.805+0000][23984][gc,age       ] GC(545) - age   2:       2248 bytes,    2267944 total
[2020-09-03T11:17:48.805+0000][23984][gc,age       ] GC(545) - age   3:       3320 bytes,    2271264 total
[2020-09-03T11:17:48.805+0000][23984][gc,age       ] GC(545) - age   4:       1568 bytes,    2272832 total
[2020-09-03T11:17:48.805+0000][23984][gc,age       ] GC(545) - age   5:       1936 bytes,    2274768 total
[2020-09-03T11:17:48.805+0000][23984][gc,age       ] GC(545) - age   6:       2104 bytes,    2276872 total
[2020-09-03T11:17:48.805+0000][23984][gc,age       ] GC(545) - age   7:       4720 bytes,    2281592 total
[2020-09-03T11:17:48.805+0000][23984][gc,age       ] GC(545) - age   8:      29176 bytes,    2310768 total
[2020-09-03T11:17:48.805+0000][23984][gc,age       ] GC(545) - age   9:       1352 bytes,    2312120 total
[2020-09-03T11:17:48.805+0000][23984][gc,age       ] GC(545) - age  10:        824 bytes,    2312944 total
[2020-09-03T11:17:48.805+0000][23984][gc,age       ] GC(545) - age  11:       1400 bytes,    2314344 total
[2020-09-03T11:17:48.805+0000][23984][gc,age       ] GC(545) - age  12:      21600 bytes,    2335944 total
[2020-09-03T11:17:48.805+0000][23984][gc,age       ] GC(545) - age  13:       5424 bytes,    2341368 total
[2020-09-03T11:17:48.805+0000][23984][gc,age       ] GC(545) - age  14:       3808 bytes,    2345176 total
[2020-09-03T11:17:48.805+0000][23984][gc,age       ] GC(545) - age  15:       5888 bytes,    2351064 total
[2020-09-03T11:17:48.805+0000][23984][gc,phases    ] GC(545)   Pre Evacuate Collection Set: 0.4ms
[2020-09-03T11:17:48.805+0000][23984][gc,phases    ] GC(545)   Merge Heap Roots: 0.1ms
[2020-09-03T11:17:48.805+0000][23984][gc,phases    ] GC(545)   Evacuate Collection Set: 1.9ms
[2020-09-03T11:17:48.806+0000][23984][gc,phases    ] GC(545)   Post Evacuate Collection Set: 0.7ms
[2020-09-03T11:17:48.806+0000][23984][gc,phases    ] GC(545)   Other: 0.9ms
[2020-09-03T11:17:48.806+0000][23984][gc,heap      ] GC(545) Eden regions: 30->0(496)
[2020-09-03T11:17:48.806+0000][23984][gc,heap      ] GC(545) Survivor regions: 5->3(63)
[2020-09-03T11:17:48.806+0000][23984][gc,heap      ] GC(545) Old regions: 80->80
[2020-09-03T11:17:48.806+0000][23984][gc,heap      ] GC(545) Archive regions: 0->0
[2020-09-03T11:17:48.806+0000][23984][gc,heap      ] GC(545) Humongous regions: 227->174
[2020-09-03T11:17:48.806+0000][23984][gc,metaspace ] GC(545) Metaspace: 88545K(94592K)->88545K(94592K) NonClass: 77334K(80896K)->77334K(80896K) Class: 11210K(13696K)->11210K(13696K)
[2020-09-03T11:17:48.806+0000][23984][gc           ] GC(545) Pause Young (Concurrent Start) (G1 Humongous Allocation) 340M->256M(1024M) 4.371ms
[2020-09-03T11:17:48.806+0000][23984][gc,cpu       ] GC(545) User=0.00s Sys=0.00s Real=0.00s
[2020-09-03T11:17:48.806+0000][23984][gc           ] GC(546) Concurrent Cycle
[2020-09-03T11:17:48.806+0000][23984][safepoint    ] Safepoint "G1TryInitiateConcMark", Time since last: 70631600 ns, Reaching safepoint: 149500 ns, At safepoint: 4527700 ns, Total: 4677200 ns
[2020-09-03T11:17:48.806+0000][23984][gc,marking   ] GC(546) Concurrent Clear Claimed Marks
[2020-09-03T11:17:48.806+0000][23984][gc,marking   ] GC(546) Concurrent Clear Claimed Marks 0.360ms
[2020-09-03T11:17:48.806+0000][23984][gc,marking   ] GC(546) Concurrent Scan Root Regions
[2020-09-03T11:17:48.808+0000][23984][gc,marking   ] GC(546) Concurrent Scan Root Regions 1.804ms
[2020-09-03T11:17:48.808+0000][23984][gc,marking   ] GC(546) Concurrent Mark (217.809s)
[2020-09-03T11:17:48.808+0000][23984][gc,marking   ] GC(546) Concurrent Mark From Roots
[2020-09-03T11:17:48.808+0000][23984][gc,task      ] GC(546) Using 2 workers of 2 for marking
[2020-09-03T11:17:48.923+0000][23984][gc,marking   ] GC(546) Concurrent Mark From Roots 114.485ms
[2020-09-03T11:17:48.923+0000][23984][gc,marking   ] GC(546) Concurrent Preclean
[2020-09-03T11:17:48.923+0000][23984][gc,marking   ] GC(546) Concurrent Preclean 0.528ms
[2020-09-03T11:17:48.923+0000][23984][gc,marking   ] GC(546) Concurrent Mark (217.809s, 217.925s) 115.163ms
[2020-09-03T11:17:48.924+0000][23984][gc,start     ] GC(546) Pause Remark
[2020-09-03T11:17:48.929+0000][23984][gc           ] GC(546) Pause Remark 304M->304M(1024M) 5.638ms
[2020-09-03T11:17:48.929+0000][23984][gc,cpu       ] GC(546) User=0.00s Sys=0.00s Real=0.00s
[2020-09-03T11:17:48.930+0000][23984][safepoint    ] Safepoint "G1Concurrent", Time since last: 117590900 ns, Reaching safepoint: 156500 ns, At safepoint: 5835200 ns, Total: 5991700 ns
[2020-09-03T11:17:48.930+0000][23984][gc,marking   ] GC(546) Concurrent Rebuild Remembered Sets
[2020-09-03T11:17:49.002+0000][23984][gc,marking   ] GC(546) Concurrent Rebuild Remembered Sets 72.362ms
[2020-09-03T11:17:49.002+0000][23984][gc,start     ] GC(546) Pause Cleanup
[2020-09-03T11:17:49.003+0000][23984][gc           ] GC(546) Pause Cleanup 308M->308M(1024M) 0.294ms
[2020-09-03T11:17:49.003+0000][23984][gc,cpu       ] GC(546) User=0.00s Sys=0.00s Real=0.00s
[2020-09-03T11:17:49.003+0000][23984][safepoint    ] Safepoint "G1Concurrent", Time since last: 72537200 ns, Reaching safepoint: 120300 ns, At safepoint: 424000 ns, Total: 544300 ns
[2020-09-03T11:17:49.003+0000][23984][gc,marking   ] GC(546) Concurrent Cleanup for Next Mark
[2020-09-03T11:17:49.004+0000][23984][gc,marking   ] GC(546) Concurrent Cleanup for Next Mark 1.211ms
[2020-09-03T11:17:49.004+0000][23984][gc           ] GC(546) Concurrent Cycle 198.050ms
[2020-09-03T11:17:49.017+0000][23984][gc,start     ] GC(547) Pause Young (Concurrent Start) (G1 Humongous Allocation)
[2020-09-03T11:17:49.017+0000][23984][gc,task      ] GC(547) Using 8 workers of 8 for evacuation
[2020-09-03T11:17:49.017+0000][23984][gc,age       ] GC(547) Desired survivor size 33030144 bytes, new threshold 15 (max threshold 15)
[2020-09-03T11:17:49.022+0000][23984][gc,age       ] GC(547) Age table with threshold 15 (max threshold 15)
[2020-09-03T11:17:49.022+0000][23984][gc,age       ] GC(547) - age   1:   12939136 bytes,   12939136 total
[2020-09-03T11:17:49.022+0000][23984][gc,age       ] GC(547) - age   2:      17384 bytes,   12956520 total
[2020-09-03T11:17:49.022+0000][23984][gc,age       ] GC(547) - age   3:       2216 bytes,   12958736 total
[2020-09-03T11:17:49.022+0000][23984][gc,age       ] GC(547) - age   4:       1480 bytes,   12960216 total
[2020-09-03T11:17:49.022+0000][23984][gc,age       ] GC(547) - age   5:       1280 bytes,   12961496 total
[2020-09-03T11:17:49.023+0000][23984][gc,age       ] GC(547) - age   6:       1584 bytes,   12963080 total
[2020-09-03T11:17:49.023+0000][23984][gc,age       ] GC(547) - age   7:       1944 bytes,   12965024 total
[2020-09-03T11:17:49.023+0000][23984][gc,age       ] GC(547) - age   8:       4648 bytes,   12969672 total
[2020-09-03T11:17:49.023+0000][23984][gc,age       ] GC(547) - age   9:      28816 bytes,   12998488 total
[2020-09-03T11:17:49.023+0000][23984][gc,age       ] GC(547) - age  10:       1320 bytes,   12999808 total
[2020-09-03T11:17:49.023+0000][23984][gc,age       ] GC(547) - age  11:        760 bytes,   13000568 total
[2020-09-03T11:17:49.023+0000][23984][gc,age       ] GC(547) - age  12:       1272 bytes,   13001840 total
[2020-09-03T11:17:49.023+0000][23984][gc,age       ] GC(547) - age  13:      21600 bytes,   13023440 total
[2020-09-03T11:17:49.023+0000][23984][gc,age       ] GC(547) - age  14:       5424 bytes,   13028864 total
[2020-09-03T11:17:49.023+0000][23984][gc,age       ] GC(547) - age  15:       3808 bytes,   13032672 total
[2020-09-03T11:17:49.023+0000][23984][gc,phases    ] GC(547)   Pre Evacuate Collection Set: 0.5ms
[2020-09-03T11:17:49.023+0000][23984][gc,phases    ] GC(547)   Merge Heap Roots: 0.1ms
[2020-09-03T11:17:49.023+0000][23984][gc,phases    ] GC(547)   Evacuate Collection Set: 3.3ms
[2020-09-03T11:17:49.023+0000][23984][gc,phases    ] GC(547)   Post Evacuate Collection Set: 1.0ms
[2020-09-03T11:17:49.023+0000][23984][gc,phases    ] GC(547)   Other: 1.1ms
[2020-09-03T11:17:49.023+0000][23984][gc,heap      ] GC(547) Eden regions: 38->0(478)
[2020-09-03T11:17:49.023+0000][23984][gc,heap      ] GC(547) Survivor regions: 3->13(63)
[2020-09-03T11:17:49.023+0000][23984][gc,heap      ] GC(547) Old regions: 80->80
[2020-09-03T11:17:49.023+0000][23984][gc,heap      ] GC(547) Archive regions: 0->0
[2020-09-03T11:17:49.023+0000][23984][gc,heap      ] GC(547) Humongous regions: 227->174
[2020-09-03T11:17:49.023+0000][23984][gc,metaspace ] GC(547) Metaspace: 88545K(94592K)->88545K(94592K) NonClass: 77334K(80896K)->77334K(80896K) Class: 11210K(13696K)->11210K(13696K)
[2020-09-03T11:17:49.023+0000][23984][gc           ] GC(547) Pause Young (Concurrent Start) (G1 Humongous Allocation) 347M->266M(1024M) 6.254ms
[2020-09-03T11:17:49.023+0000][23984][gc,cpu       ] GC(547) User=0.00s Sys=0.00s Real=0.01s
[2020-09-03T11:17:49.023+0000][23984][gc           ] GC(548) Concurrent Cycle
[2020-09-03T11:17:49.023+0000][23984][safepoint    ] Safepoint "G1TryInitiateConcMark", Time since last: 14079200 ns, Reaching safepoint: 255800 ns, At safepoint: 6438600 ns, Total: 6694400 ns
[2020-09-03T11:17:49.023+0000][23984][gc,marking   ] GC(548) Concurrent Clear Claimed Marks
[2020-09-03T11:17:49.024+0000][23984][gc,marking   ] GC(548) Concurrent Clear Claimed Marks 0.790ms
[2020-09-03T11:17:49.024+0000][23984][gc,marking   ] GC(548) Concurrent Scan Root Regions
[2020-09-03T11:17:49.027+0000][23984][gc,marking   ] GC(548) Concurrent Scan Root Regions 3.016ms
[2020-09-03T11:17:49.027+0000][23984][gc,marking   ] GC(548) Concurrent Mark (218.028s)
[2020-09-03T11:17:49.027+0000][23984][gc,marking   ] GC(548) Concurrent Mark From Roots
[2020-09-03T11:17:49.028+0000][23984][gc,task      ] GC(548) Using 2 workers of 2 for marking
[2020-09-03T11:17:49.173+0000][23984][gc,marking   ] GC(548) Concurrent Mark From Roots 145.884ms
[2020-09-03T11:17:49.173+0000][23984][gc,marking   ] GC(548) Concurrent Preclean
[2020-09-03T11:17:49.174+0000][23984][gc,marking   ] GC(548) Concurrent Preclean 0.944ms
[2020-09-03T11:17:49.175+0000][23984][gc,marking   ] GC(548) Concurrent Mark (218.028s, 218.176s) 147.142ms
[2020-09-03T11:17:49.175+0000][23984][gc,start     ] GC(548) Pause Remark
[2020-09-03T11:17:49.181+0000][23984][gc           ] GC(548) Pause Remark 465M->465M(1024M) 5.881ms
[2020-09-03T11:17:49.181+0000][23984][gc,cpu       ] GC(548) User=0.00s Sys=0.00s Real=0.01s
[2020-09-03T11:17:49.181+0000][23984][safepoint    ] Safepoint "G1Concurrent", Time since last: 151280700 ns, Reaching safepoint: 195300 ns, At safepoint: 6089200 ns, Total: 6284500 ns
[2020-09-03T11:17:49.181+0000][23984][gc,marking   ] GC(548) Concurrent Rebuild Remembered Sets
[2020-09-03T11:17:49.275+0000][23984][gc,marking   ] GC(548) Concurrent Rebuild Remembered Sets 94.347ms
[2020-09-03T11:17:49.276+0000][23984][gc,start     ] GC(548) Pause Cleanup
[2020-09-03T11:17:49.276+0000][23984][gc           ] GC(548) Pause Cleanup 611M->611M(1024M) 0.298ms
[2020-09-03T11:17:49.276+0000][23984][gc,cpu       ] GC(548) User=0.00s Sys=0.00s Real=0.00s
[2020-09-03T11:17:49.276+0000][23984][safepoint    ] Safepoint "G1Concurrent", Time since last: 94564500 ns, Reaching safepoint: 152700 ns, At safepoint: 441300 ns, Total: 594000 ns
[2020-09-03T11:17:49.276+0000][23984][gc,marking   ] GC(548) Concurrent Cleanup for Next Mark
[2020-09-03T11:17:49.278+0000][23984][gc,marking   ] GC(548) Concurrent Cleanup for Next Mark 1.388ms
[2020-09-03T11:17:49.278+0000][23984][gc           ] GC(548) Concurrent Cycle 254.375ms
[2020-09-03T11:17:49.476+0000][23984][gc,start     ] GC(549) Pause Young (Concurrent Start) (G1 Humongous Allocation)
[2020-09-03T11:17:49.476+0000][23984][gc,task      ] GC(549) Using 8 workers of 8 for evacuation
[2020-09-03T11:17:49.477+0000][23984][gc,age       ] GC(549) Desired survivor size 32505856 bytes, new threshold 15 (max threshold 15)
[2020-09-03T11:17:49.482+0000][23984][gc,age       ] GC(549) Age table with threshold 15 (max threshold 15)
[2020-09-03T11:17:49.482+0000][23984][gc,age       ] GC(549) - age   1:   15953336 bytes,   15953336 total
[2020-09-03T11:17:49.482+0000][23984][gc,age       ] GC(549) - age   2:       2080 bytes,   15955416 total
[2020-09-03T11:17:49.482+0000][23984][gc,age       ] GC(549) - age   3:      13728 bytes,   15969144 total
[2020-09-03T11:17:49.482+0000][23984][gc,age       ] GC(549) - age   4:       1512 bytes,   15970656 total
[2020-09-03T11:17:49.482+0000][23984][gc,age       ] GC(549) - age   5:        968 bytes,   15971624 total
[2020-09-03T11:17:49.482+0000][23984][gc,age       ] GC(549) - age   6:       1088 bytes,   15972712 total
[2020-09-03T11:17:49.482+0000][23984][gc,age       ] GC(549) - age   7:       1176 bytes,   15973888 total
[2020-09-03T11:17:49.482+0000][23984][gc,age       ] GC(549) - age   8:       1920 bytes,   15975808 total
[2020-09-03T11:17:49.482+0000][23984][gc,age       ] GC(549) - age   9:       2192 bytes,   15978000 total
[2020-09-03T11:17:49.482+0000][23984][gc,age       ] GC(549) - age  10:      28688 bytes,   16006688 total
[2020-09-03T11:17:49.482+0000][23984][gc,age       ] GC(549) - age  11:       1256 bytes,   16007944 total
[2020-09-03T11:17:49.482+0000][23984][gc,age       ] GC(549) - age  12:        728 bytes,   16008672 total
[2020-09-03T11:17:49.482+0000][23984][gc,age       ] GC(549) - age  13:       1272 bytes,   16009944 total
[2020-09-03T11:17:49.482+0000][23984][gc,age       ] GC(549) - age  14:      21600 bytes,   16031544 total
[2020-09-03T11:17:49.482+0000][23984][gc,age       ] GC(549) - age  15:       5392 bytes,   16036936 total
[2020-09-03T11:17:49.483+0000][23984][gc,phases    ] GC(549)   Pre Evacuate Collection Set: 0.4ms
[2020-09-03T11:17:49.483+0000][23984][gc,phases    ] GC(549)   Merge Heap Roots: 0.1ms
[2020-09-03T11:17:49.483+0000][23984][gc,phases    ] GC(549)   Evacuate Collection Set: 3.8ms
[2020-09-03T11:17:49.483+0000][23984][gc,phases    ] GC(549)   Post Evacuate Collection Set: 0.9ms
[2020-09-03T11:17:49.483+0000][23984][gc,phases    ] GC(549)   Other: 1.0ms
[2020-09-03T11:17:49.483+0000][23984][gc,heap      ] GC(549) Eden regions: 117->0(467)
[2020-09-03T11:17:49.483+0000][23984][gc,heap      ] GC(549) Survivor regions: 13->17(62)
[2020-09-03T11:17:49.483+0000][23984][gc,heap      ] GC(549) Old regions: 80->80
[2020-09-03T11:17:49.483+0000][23984][gc,heap      ] GC(549) Archive regions: 0->0
[2020-09-03T11:17:49.483+0000][23984][gc,heap      ] GC(549) Humongous regions: 446->174
[2020-09-03T11:17:49.483+0000][23984][gc,metaspace ] GC(549) Metaspace: 88545K(94592K)->88545K(94592K) NonClass: 77334K(80896K)->77334K(80896K) Class: 11210K(13696K)->11210K(13696K)
[2020-09-03T11:17:49.483+0000][23984][gc           ] GC(549) Pause Young (Concurrent Start) (G1 Humongous Allocation) 654M->269M(1024M) 6.631ms
[2020-09-03T11:17:49.483+0000][23984][gc,cpu       ] GC(549) User=0.02s Sys=0.00s Real=0.01s
[2020-09-03T11:17:49.483+0000][23984][gc           ] GC(550) Concurrent Cycle
[2020-09-03T11:17:49.483+0000][23984][gc,marking   ] GC(550) Concurrent Clear Claimed Marks
[2020-09-03T11:17:49.483+0000][23984][safepoint    ] Safepoint "G1TryInitiateConcMark", Time since last: 199997300 ns, Reaching safepoint: 193100 ns, At safepoint: 6968800 ns, Total: 7161900 ns
[2020-09-03T11:17:49.483+0000][23984][gc,marking   ] GC(550) Concurrent Clear Claimed Marks 0.315ms
[2020-09-03T11:17:49.484+0000][23984][gc,marking   ] GC(550) Concurrent Scan Root Regions
[2020-09-03T11:17:49.487+0000][23984][gc,marking   ] GC(550) Concurrent Scan Root Regions 3.733ms
[2020-09-03T11:17:49.487+0000][23984][gc,marking   ] GC(550) Concurrent Mark (218.489s)
[2020-09-03T11:17:49.488+0000][23984][gc,marking   ] GC(550) Concurrent Mark From Roots
[2020-09-03T11:17:49.488+0000][23984][gc,task      ] GC(550) Using 2 workers of 2 for marking
[2020-09-03T11:17:49.645+0000][23984][gc,marking   ] GC(550) Concurrent Mark From Roots 157.387ms
[2020-09-03T11:17:49.645+0000][23984][gc,marking   ] GC(550) Concurrent Preclean
[2020-09-03T11:17:49.646+0000][23984][gc,marking   ] GC(550) Concurrent Preclean 0.713ms
[2020-09-03T11:17:49.646+0000][23984][gc,marking   ] GC(550) Concurrent Mark (218.489s, 218.647s) 158.334ms
[2020-09-03T11:17:49.646+0000][23984][gc,start     ] GC(550) Pause Remark
[2020-09-03T11:17:49.653+0000][23984][gc           ] GC(550) Pause Remark 519M->519M(1024M) 6.866ms
[2020-09-03T11:17:49.653+0000][23984][gc,cpu       ] GC(550) User=0.00s Sys=0.00s Real=0.01s
[2020-09-03T11:17:49.653+0000][23984][safepoint    ] Safepoint "G1Concurrent", Time since last: 162641900 ns, Reaching safepoint: 155700 ns, At safepoint: 7071500 ns, Total: 7227200 ns
[2020-09-03T11:17:49.653+0000][23984][gc,marking   ] GC(550) Concurrent Rebuild Remembered Sets
[2020-09-03T11:17:49.752+0000][23984][gc,marking   ] GC(550) Concurrent Rebuild Remembered Sets 98.910ms
[2020-09-03T11:17:49.752+0000][23984][gc,start     ] GC(550) Pause Cleanup
[2020-09-03T11:17:49.753+0000][23984][gc           ] GC(550) Pause Cleanup 647M->647M(1024M) 0.337ms
[2020-09-03T11:17:49.753+0000][23984][gc,cpu       ] GC(550) User=0.00s Sys=0.00s Real=0.00s
[2020-09-03T11:17:49.753+0000][23984][safepoint    ] Safepoint "G1Concurrent", Time since last: 99083300 ns, Reaching safepoint: 179200 ns, At safepoint: 526100 ns, Total: 705300 ns
[2020-09-03T11:17:49.753+0000][23984][gc,marking   ] GC(550) Concurrent Cleanup for Next Mark
[2020-09-03T11:17:49.755+0000][23984][gc,marking   ] GC(550) Concurrent Cleanup for Next Mark 1.634ms
[2020-09-03T11:17:49.755+0000][23984][gc           ] GC(550) Concurrent Cycle 271.663ms
[2020-09-03T11:17:49.815+0000][23984][gc,start     ] GC(551) Pause Young (Concurrent Start) (G1 Humongous Allocation)
[2020-09-03T11:17:49.815+0000][23984][gc,task      ] GC(551) Using 8 workers of 8 for evacuation
[2020-09-03T11:17:49.815+0000][23984][gc,age       ] GC(551) Desired survivor size 31981568 bytes, new threshold 15 (max threshold 15)
[2020-09-03T11:17:49.819+0000][23984][gc,age       ] GC(551) Age table with threshold 15 (max threshold 15)
[2020-09-03T11:17:49.819+0000][23984][gc,age       ] GC(551) - age   1:    1096784 bytes,    1096784 total
[2020-09-03T11:17:49.819+0000][23984][gc,age       ] GC(551) - age   2:    2354736 bytes,    3451520 total
[2020-09-03T11:17:49.819+0000][23984][gc,age       ] GC(551) - age   3:       2048 bytes,    3453568 total
[2020-09-03T11:17:49.819+0000][23984][gc,age       ] GC(551) - age   4:      13336 bytes,    3466904 total
[2020-09-03T11:17:49.819+0000][23984][gc,age       ] GC(551) - age   5:       1488 bytes,    3468392 total
[2020-09-03T11:17:49.819+0000][23984][gc,age       ] GC(551) - age   6:        896 bytes,    3469288 total
[2020-09-03T11:17:49.819+0000][23984][gc,age       ] GC(551) - age   7:       1088 bytes,    3470376 total
[2020-09-03T11:17:49.819+0000][23984][gc,age       ] GC(551) - age   8:       1112 bytes,    3471488 total
[2020-09-03T11:17:49.819+0000][23984][gc,age       ] GC(551) - age   9:       1920 bytes,    3473408 total
[2020-09-03T11:17:49.819+0000][23984][gc,age       ] GC(551) - age  10:       2192 bytes,    3475600 total
[2020-09-03T11:17:49.819+0000][23984][gc,age       ] GC(551) - age  11:      28688 bytes,    3504288 total
[2020-09-03T11:17:49.819+0000][23984][gc,age       ] GC(551) - age  12:       1256 bytes,    3505544 total
[2020-09-03T11:17:49.819+0000][23984][gc,age       ] GC(551) - age  13:        728 bytes,    3506272 total
[2020-09-03T11:17:49.819+0000][23984][gc,age       ] GC(551) - age  14:       1272 bytes,    3507544 total
[2020-09-03T11:17:49.819+0000][23984][gc,age       ] GC(551) - age  15:      21600 bytes,    3529144 total
[2020-09-03T11:17:49.820+0000][23984][gc,phases    ] GC(551)   Pre Evacuate Collection Set: 0.4ms
[2020-09-03T11:17:49.820+0000][23984][gc,phases    ] GC(551)   Merge Heap Roots: 0.1ms
[2020-09-03T11:17:49.820+0000][23984][gc,phases    ] GC(551)   Evacuate Collection Set: 2.2ms
[2020-09-03T11:17:49.820+0000][23984][gc,phases    ] GC(551)   Post Evacuate Collection Set: 1.1ms
[2020-09-03T11:17:49.820+0000][23984][gc,phases    ] GC(551)   Other: 1.0ms
[2020-09-03T11:17:49.820+0000][23984][gc,heap      ] GC(551) Eden regions: 85->0(484)
[2020-09-03T11:17:49.820+0000][23984][gc,heap      ] GC(551) Survivor regions: 17->5(61)
[2020-09-03T11:17:49.820+0000][23984][gc,heap      ] GC(551) Old regions: 80->80
[2020-09-03T11:17:49.820+0000][23984][gc,heap      ] GC(551) Archive regions: 0->0
[2020-09-03T11:17:49.820+0000][23984][gc,heap      ] GC(551) Humongous regions: 474->174
[2020-09-03T11:17:49.820+0000][23984][gc,metaspace ] GC(551) Metaspace: 88545K(94592K)->88545K(94592K) NonClass: 77334K(80896K)->77334K(80896K) Class: 11210K(13696K)->11210K(13696K)
[2020-09-03T11:17:49.820+0000][23984][gc           ] GC(551) Pause Young (Concurrent Start) (G1 Humongous Allocation) 654M->257M(1024M) 5.080ms
[2020-09-03T11:17:49.820+0000][23984][gc,cpu       ] GC(551) User=0.00s Sys=0.00s Real=0.00s
[2020-09-03T11:17:49.820+0000][23984][gc           ] GC(552) Concurrent Cycle
[2020-09-03T11:17:49.820+0000][23984][safepoint    ] Safepoint "G1TryInitiateConcMark", Time since last: 61811000 ns, Reaching safepoint: 135700 ns, At safepoint: 5266800 ns, Total: 5402500 ns
[2020-09-03T11:17:49.820+0000][23984][gc,marking   ] GC(552) Concurrent Clear Claimed Marks
[2020-09-03T11:17:49.821+0000][23984][gc,marking   ] GC(552) Concurrent Clear Claimed Marks 0.461ms
[2020-09-03T11:17:49.821+0000][23984][gc,marking   ] GC(552) Concurrent Scan Root Regions
[2020-09-03T11:17:49.824+0000][23984][gc,marking   ] GC(552) Concurrent Scan Root Regions 3.104ms
[2020-09-03T11:17:49.824+0000][23984][gc,marking   ] GC(552) Concurrent Mark (218.825s)
[2020-09-03T11:17:49.824+0000][23984][gc,marking   ] GC(552) Concurrent Mark From Roots
[2020-09-03T11:17:49.824+0000][23984][gc,task      ] GC(552) Using 2 workers of 2 for marking
[2020-09-03T11:17:49.954+0000][23984][gc,marking   ] GC(552) Concurrent Mark From Roots 129.768ms
[2020-09-03T11:17:49.954+0000][23984][gc,marking   ] GC(552) Concurrent Preclean
[2020-09-03T11:17:49.954+0000][23984][gc,marking   ] GC(552) Concurrent Preclean 0.558ms
[2020-09-03T11:17:49.954+0000][23984][gc,marking   ] GC(552) Concurrent Mark (218.825s, 218.955s) 130.486ms
[2020-09-03T11:17:49.955+0000][23984][gc,start     ] GC(552) Pause Remark
[2020-09-03T11:17:49.961+0000][23984][gc           ] GC(552) Pause Remark 325M->325M(1024M) 5.952ms
[2020-09-03T11:17:49.961+0000][23984][gc,cpu       ] GC(552) User=0.00s Sys=0.00s Real=0.01s
[2020-09-03T11:17:49.961+0000][23984][safepoint    ] Safepoint "G1Concurrent", Time since last: 134297700 ns, Reaching safepoint: 156800 ns, At safepoint: 6137100 ns, Total: 6293900 ns
[2020-09-03T11:17:49.961+0000][23984][gc,marking   ] GC(552) Concurrent Rebuild Remembered Sets
[2020-09-03T11:17:50.038+0000][23984][gc,marking   ] GC(552) Concurrent Rebuild Remembered Sets 77.362ms
[2020-09-03T11:17:50.038+0000][23984][gc,start     ] GC(552) Pause Cleanup
[2020-09-03T11:17:50.039+0000][23984][gc           ] GC(552) Pause Cleanup 334M->334M(1024M) 0.292ms
[2020-09-03T11:17:50.039+0000][23984][gc,cpu       ] GC(552) User=0.00s Sys=0.00s Real=0.00s
[2020-09-03T11:17:50.039+0000][23984][safepoint    ] Safepoint "G1Concurrent", Time since last: 77536200 ns, Reaching safepoint: 133700 ns, At safepoint: 438900 ns, Total: 572600 ns
[2020-09-03T11:17:50.039+0000][23984][gc,marking   ] GC(552) Concurrent Cleanup for Next Mark
[2020-09-03T11:17:50.040+0000][23984][gc,marking   ] GC(552) Concurrent Cleanup for Next Mark 1.151ms
[2020-09-03T11:17:50.040+0000][23984][gc           ] GC(552) Concurrent Cycle 220.043ms
[2020-09-03T11:17:50.154+0000][23984][gc,start     ] GC(553) Pause Young (Concurrent Start) (G1 Humongous Allocation)
[2020-09-03T11:17:50.155+0000][23984][gc,task      ] GC(553) Using 8 workers of 8 for evacuation
[2020-09-03T11:17:50.155+0000][23984][gc,age       ] GC(553) Desired survivor size 32505856 bytes, new threshold 15 (max threshold 15)
[2020-09-03T11:17:50.158+0000][23984][gc,age       ] GC(553) Age table with threshold 15 (max threshold 15)
[2020-09-03T11:17:50.158+0000][23984][gc,age       ] GC(553) - age   1:    1882744 bytes,    1882744 total
[2020-09-03T11:17:50.158+0000][23984][gc,age       ] GC(553) - age   2:       1376 bytes,    1884120 total
[2020-09-03T11:17:50.158+0000][23984][gc,age       ] GC(553) - age   3:       5144 bytes,    1889264 total
[2020-09-03T11:17:50.158+0000][23984][gc,age       ] GC(553) - age   4:        888 bytes,    1890152 total
[2020-09-03T11:17:50.158+0000][23984][gc,age       ] GC(553) - age   5:      10048 bytes,    1900200 total
[2020-09-03T11:17:50.158+0000][23984][gc,age       ] GC(553) - age   6:        976 bytes,    1901176 total
[2020-09-03T11:17:50.158+0000][23984][gc,age       ] GC(553) - age   7:        896 bytes,    1902072 total
[2020-09-03T11:17:50.158+0000][23984][gc,age       ] GC(553) - age   8:       1056 bytes,    1903128 total
[2020-09-03T11:17:50.158+0000][23984][gc,age       ] GC(553) - age   9:       1112 bytes,    1904240 total
[2020-09-03T11:17:50.158+0000][23984][gc,age       ] GC(553) - age  10:       1856 bytes,    1906096 total
[2020-09-03T11:17:50.158+0000][23984][gc,age       ] GC(553) - age  11:       2192 bytes,    1908288 total
[2020-09-03T11:17:50.158+0000][23984][gc,age       ] GC(553) - age  12:      28688 bytes,    1936976 total
[2020-09-03T11:17:50.158+0000][23984][gc,age       ] GC(553) - age  13:       1256 bytes,    1938232 total
[2020-09-03T11:17:50.158+0000][23984][gc,age       ] GC(553) - age  14:        728 bytes,    1938960 total
[2020-09-03T11:17:50.158+0000][23984][gc,age       ] GC(553) - age  15:       1272 bytes,    1940232 total
[2020-09-03T11:17:50.158+0000][23984][gc,phases    ] GC(553)   Pre Evacuate Collection Set: 0.4ms
[2020-09-03T11:17:50.158+0000][23984][gc,phases    ] GC(553)   Merge Heap Roots: 0.1ms
[2020-09-03T11:17:50.158+0000][23984][gc,phases    ] GC(553)   Evacuate Collection Set: 1.7ms
[2020-09-03T11:17:50.158+0000][23984][gc,phases    ] GC(553)   Post Evacuate Collection Set: 0.7ms
[2020-09-03T11:17:50.158+0000][23984][gc,phases    ] GC(553)   Other: 0.9ms
[2020-09-03T11:17:50.159+0000][23984][gc,heap      ] GC(553) Eden regions: 35->0(491)
[2020-09-03T11:17:50.159+0000][23984][gc,heap      ] GC(553) Survivor regions: 5->3(62)
[2020-09-03T11:17:50.159+0000][23984][gc,heap      ] GC(553) Old regions: 80->80
[2020-09-03T11:17:50.159+0000][23984][gc,heap      ] GC(553) Archive regions: 0->0
[2020-09-03T11:17:50.159+0000][23984][gc,heap      ] GC(553) Humongous regions: 227->174
[2020-09-03T11:17:50.159+0000][23984][gc,metaspace ] GC(553) Metaspace: 88545K(94592K)->88545K(94592K) NonClass: 77334K(80896K)->77334K(80896K) Class: 11210K(13696K)->11210K(13696K)
[2020-09-03T11:17:50.159+0000][23984][gc           ] GC(553) Pause Young (Concurrent Start) (G1 Humongous Allocation) 345M->255M(1024M) 4.267ms
[2020-09-03T11:17:50.159+0000][23984][gc,cpu       ] GC(553) User=0.00s Sys=0.02s Real=0.00s
[2020-09-03T11:17:50.159+0000][23984][safepoint    ] Safepoint "G1TryInitiateConcMark", Time since last: 115434700 ns, Reaching safepoint: 134800 ns, At safepoint: 4425800 ns, Total: 4560600 ns
[2020-09-03T11:17:50.159+0000][23984][gc           ] GC(554) Concurrent Cycle
[2020-09-03T11:17:50.159+0000][23984][gc,marking   ] GC(554) Concurrent Clear Claimed Marks
[2020-09-03T11:17:50.159+0000][23984][gc,marking   ] GC(554) Concurrent Clear Claimed Marks 0.342ms
[2020-09-03T11:17:50.159+0000][23984][gc,marking   ] GC(554) Concurrent Scan Root Regions
[2020-09-03T11:17:50.161+0000][23984][gc,marking   ] GC(554) Concurrent Scan Root Regions 1.996ms
[2020-09-03T11:17:50.161+0000][23984][gc,marking   ] GC(554) Concurrent Mark (219.162s)
[2020-09-03T11:17:50.161+0000][23984][gc,marking   ] GC(554) Concurrent Mark From Roots
[2020-09-03T11:17:50.161+0000][23984][gc,task      ] GC(554) Using 2 workers of 2 for marking
[2020-09-03T11:17:50.274+0000][23984][gc,marking   ] GC(554) Concurrent Mark From Roots 112.799ms
[2020-09-03T11:17:50.274+0000][23984][gc,marking   ] GC(554) Concurrent Preclean
[2020-09-03T11:17:50.275+0000][23984][gc,marking   ] GC(554) Concurrent Preclean 0.617ms
[2020-09-03T11:17:50.275+0000][23984][gc,marking   ] GC(554) Concurrent Mark (219.162s, 219.276s) 113.579ms
[2020-09-03T11:17:50.275+0000][23984][gc,start     ] GC(554) Pause Remark
[2020-09-03T11:17:50.281+0000][23984][gc           ] GC(554) Pause Remark 292M->292M(1024M) 6.185ms
[2020-09-03T11:17:50.281+0000][23984][gc,cpu       ] GC(554) User=0.11s Sys=0.00s Real=0.01s
[2020-09-03T11:17:50.282+0000][23984][safepoint    ] Safepoint "G1Concurrent", Time since last: 116227000 ns, Reaching safepoint: 128700 ns, At safepoint: 6368400 ns, Total: 6497100 ns
[2020-09-03T11:17:50.282+0000][23984][gc,marking   ] GC(554) Concurrent Rebuild Remembered Sets
[2020-09-03T11:17:50.358+0000][23984][gc,marking   ] GC(554) Concurrent Rebuild Remembered Sets 75.898ms
[2020-09-03T11:17:50.358+0000][23984][gc,start     ] GC(554) Pause Cleanup
[2020-09-03T11:17:50.358+0000][23984][gc           ] GC(554) Pause Cleanup 339M->339M(1024M) 0.243ms
[2020-09-03T11:17:50.358+0000][23984][gc,cpu       ] GC(554) User=0.00s Sys=0.00s Real=0.00s
[2020-09-03T11:17:50.358+0000][23984][safepoint    ] Safepoint "G1Concurrent", Time since last: 76092200 ns, Reaching safepoint: 143500 ns, At safepoint: 365000 ns, Total: 508500 ns
[2020-09-03T11:17:50.358+0000][23984][gc,marking   ] GC(554) Concurrent Cleanup for Next Mark
[2020-09-03T11:17:50.359+0000][23984][gc,marking   ] GC(554) Concurrent Cleanup for Next Mark 1.198ms
[2020-09-03T11:17:50.360+0000][23984][gc           ] GC(554) Concurrent Cycle 200.682ms
[2020-09-03T11:17:50.510+0000][23984][gc,start     ] GC(555) Pause Young (Concurrent Start) (G1 Humongous Allocation)
[2020-09-03T11:17:50.510+0000][23984][gc,task      ] GC(555) Using 8 workers of 8 for evacuation
[2020-09-03T11:17:50.510+0000][23984][gc,age       ] GC(555) Desired survivor size 32505856 bytes, new threshold 15 (max threshold 15)
[2020-09-03T11:17:50.513+0000][23984][gc,age       ] GC(555) Age table with threshold 15 (max threshold 15)
[2020-09-03T11:17:50.513+0000][23984][gc,age       ] GC(555) - age   1:    2649920 bytes,    2649920 total
[2020-09-03T11:17:50.513+0000][23984][gc,age       ] GC(555) - age   2:      15848 bytes,    2665768 total
[2020-09-03T11:17:50.513+0000][23984][gc,age       ] GC(555) - age   3:       1344 bytes,    2667112 total
[2020-09-03T11:17:50.513+0000][23984][gc,age       ] GC(555) - age   4:       4240 bytes,    2671352 total
[2020-09-03T11:17:50.513+0000][23984][gc,age       ] GC(555) - age   5:        888 bytes,    2672240 total
[2020-09-03T11:17:50.513+0000][23984][gc,age       ] GC(555) - age   6:       7656 bytes,    2679896 total
[2020-09-03T11:17:50.513+0000][23984][gc,age       ] GC(555) - age   7:        952 bytes,    2680848 total
[2020-09-03T11:17:50.513+0000][23984][gc,age       ] GC(555) - age   8:        896 bytes,    2681744 total
[2020-09-03T11:17:50.513+0000][23984][gc,age       ] GC(555) - age   9:        896 bytes,    2682640 total
[2020-09-03T11:17:50.513+0000][23984][gc,age       ] GC(555) - age  10:        984 bytes,    2683624 total
[2020-09-03T11:17:50.513+0000][23984][gc,age       ] GC(555) - age  11:       1760 bytes,    2685384 total
[2020-09-03T11:17:50.513+0000][23984][gc,age       ] GC(555) - age  12:       2160 bytes,    2687544 total
[2020-09-03T11:17:50.513+0000][23984][gc,age       ] GC(555) - age  13:      28688 bytes,    2716232 total
[2020-09-03T11:17:50.513+0000][23984][gc,age       ] GC(555) - age  14:       1256 bytes,    2717488 total
[2020-09-03T11:17:50.513+0000][23984][gc,age       ] GC(555) - age  15:        568 bytes,    2718056 total
[2020-09-03T11:17:50.513+0000][23984][gc,phases    ] GC(555)   Pre Evacuate Collection Set: 0.4ms
[2020-09-03T11:17:50.513+0000][23984][gc,phases    ] GC(555)   Merge Heap Roots: 0.1ms
[2020-09-03T11:17:50.513+0000][23984][gc,phases    ] GC(555)   Evacuate Collection Set: 1.9ms
[2020-09-03T11:17:50.514+0000][23984][gc,phases    ] GC(555)   Post Evacuate Collection Set: 0.7ms
[2020-09-03T11:17:50.514+0000][23984][gc,phases    ] GC(555)   Other: 0.9ms
[2020-09-03T11:17:50.514+0000][23984][gc,heap      ] GC(555) Eden regions: 35->0(493)
[2020-09-03T11:17:50.514+0000][23984][gc,heap      ] GC(555) Survivor regions: 3->3(62)
[2020-09-03T11:17:50.514+0000][23984][gc,heap      ] GC(555) Old regions: 80->80
[2020-09-03T11:17:50.514+0000][23984][gc,heap      ] GC(555) Archive regions: 0->0
[2020-09-03T11:17:50.514+0000][23984][gc,heap      ] GC(555) Humongous regions: 233->174
[2020-09-03T11:17:50.514+0000][23984][gc,metaspace ] GC(555) Metaspace: 88545K(94592K)->88545K(94592K) NonClass: 77334K(80896K)->77334K(80896K) Class: 11210K(13696K)->11210K(13696K)
[2020-09-03T11:17:50.514+0000][23984][gc           ] GC(555) Pause Young (Concurrent Start) (G1 Humongous Allocation) 349M->256M(1024M) 4.263ms
[2020-09-03T11:17:50.514+0000][23984][gc,cpu       ] GC(555) User=0.02s Sys=0.00s Real=0.00s
[2020-09-03T11:17:50.514+0000][23984][safepoint    ] Safepoint "G1TryInitiateConcMark", Time since last: 151170800 ns, Reaching safepoint: 160000 ns, At safepoint: 4420600 ns, Total: 4580600 ns
[2020-09-03T11:17:50.514+0000][23984][gc           ] GC(556) Concurrent Cycle
[2020-09-03T11:17:50.514+0000][23984][gc,marking   ] GC(556) Concurrent Clear Claimed Marks
[2020-09-03T11:17:50.514+0000][23984][gc,marking   ] GC(556) Concurrent Clear Claimed Marks 0.353ms
[2020-09-03T11:17:50.514+0000][23984][gc,marking   ] GC(556) Concurrent Scan Root Regions
[2020-09-03T11:17:50.516+0000][23984][gc,marking   ] GC(556) Concurrent Scan Root Regions 1.671ms
[2020-09-03T11:17:50.516+0000][23984][gc,marking   ] GC(556) Concurrent Mark (219.517s)
[2020-09-03T11:17:50.516+0000][23984][gc,marking   ] GC(556) Concurrent Mark From Roots
[2020-09-03T11:17:50.516+0000][23984][gc,task      ] GC(556) Using 2 workers of 2 for marking
[2020-09-03T11:17:50.626+0000][23984][gc,marking   ] GC(556) Concurrent Mark From Roots 110.010ms
[2020-09-03T11:17:50.626+0000][23984][gc,marking   ] GC(556) Concurrent Preclean
[2020-09-03T11:17:50.627+0000][23984][gc,marking   ] GC(556) Concurrent Preclean 0.538ms
[2020-09-03T11:17:50.627+0000][23984][gc,marking   ] GC(556) Concurrent Mark (219.517s, 219.628s) 110.693ms
[2020-09-03T11:17:50.627+0000][23984][gc,start     ] GC(556) Pause Remark
[2020-09-03T11:17:50.634+0000][23984][gc           ] GC(556) Pause Remark 317M->317M(1024M) 6.409ms
[2020-09-03T11:17:50.634+0000][23984][gc,cpu       ] GC(556) User=0.00s Sys=0.00s Real=0.01s
[2020-09-03T11:17:50.634+0000][23984][safepoint    ] Safepoint "G1Concurrent", Time since last: 113014300 ns, Reaching safepoint: 144100 ns, At safepoint: 6777200 ns, Total: 6921300 ns
[2020-09-03T11:17:50.634+0000][23984][gc,marking   ] GC(556) Concurrent Rebuild Remembered Sets
[2020-09-03T11:17:50.707+0000][23984][gc,marking   ] GC(556) Concurrent Rebuild Remembered Sets 73.544ms
[2020-09-03T11:17:50.708+0000][23984][gc,start     ] GC(556) Pause Cleanup
[2020-09-03T11:17:50.708+0000][23984][gc           ] GC(556) Pause Cleanup 320M->320M(1024M) 0.285ms
[2020-09-03T11:17:50.708+0000][23984][gc,cpu       ] GC(556) User=0.00s Sys=0.00s Real=0.00s
[2020-09-03T11:17:50.708+0000][23984][safepoint    ] Safepoint "G1Concurrent", Time since last: 73759500 ns, Reaching safepoint: 109000 ns, At safepoint: 435600 ns, Total: 544600 ns
[2020-09-03T11:17:50.708+0000][23984][gc,marking   ] GC(556) Concurrent Cleanup for Next Mark
[2020-09-03T11:17:50.710+0000][23984][gc,marking   ] GC(556) Concurrent Cleanup for Next Mark 1.534ms
[2020-09-03T11:17:50.710+0000][23984][gc           ] GC(556) Concurrent Cycle 195.981ms
[2020-09-03T11:17:50.818+0000][23984][gc,start     ] GC(557) Pause Young (Concurrent Start) (G1 Humongous Allocation)
[2020-09-03T11:17:50.818+0000][23984][gc,task      ] GC(557) Using 8 workers of 8 for evacuation
[2020-09-03T11:17:50.818+0000][23984][gc,age       ] GC(557) Desired survivor size 32505856 bytes, new threshold 15 (max threshold 15)
[2020-09-03T11:17:50.823+0000][23984][gc,age       ] GC(557) Age table with threshold 15 (max threshold 15)
[2020-09-03T11:17:50.823+0000][23984][gc,age       ] GC(557) - age   1:   13166296 bytes,   13166296 total
[2020-09-03T11:17:50.823+0000][23984][gc,age       ] GC(557) - age   2:       5024 bytes,   13171320 total
[2020-09-03T11:17:50.823+0000][23984][gc,age       ] GC(557) - age   3:      12320 bytes,   13183640 total
[2020-09-03T11:17:50.823+0000][23984][gc,age       ] GC(557) - age   4:        904 bytes,   13184544 total
[2020-09-03T11:17:50.823+0000][23984][gc,age       ] GC(557) - age   5:       3048 bytes,   13187592 total
[2020-09-03T11:17:50.823+0000][23984][gc,age       ] GC(557) - age   6:        696 bytes,   13188288 total
[2020-09-03T11:17:50.823+0000][23984][gc,age       ] GC(557) - age   7:       7592 bytes,   13195880 total
[2020-09-03T11:17:50.823+0000][23984][gc,age       ] GC(557) - age   8:        952 bytes,   13196832 total
[2020-09-03T11:17:50.823+0000][23984][gc,age       ] GC(557) - age   9:        896 bytes,   13197728 total
[2020-09-03T11:17:50.823+0000][23984][gc,age       ] GC(557) - age  10:        704 bytes,   13198432 total
[2020-09-03T11:17:50.823+0000][23984][gc,age       ] GC(557) - age  11:        984 bytes,   13199416 total
[2020-09-03T11:17:50.823+0000][23984][gc,age       ] GC(557) - age  12:       1696 bytes,   13201112 total
[2020-09-03T11:17:50.823+0000][23984][gc,age       ] GC(557) - age  13:       2160 bytes,   13203272 total
[2020-09-03T11:17:50.823+0000][23984][gc,age       ] GC(557) - age  14:      28688 bytes,   13231960 total
[2020-09-03T11:17:50.823+0000][23984][gc,age       ] GC(557) - age  15:       1128 bytes,   13233088 total
[2020-09-03T11:17:50.824+0000][23984][gc,phases    ] GC(557)   Pre Evacuate Collection Set: 0.5ms
[2020-09-03T11:17:50.824+0000][23984][gc,phases    ] GC(557)   Merge Heap Roots: 0.1ms
[2020-09-03T11:17:50.824+0000][23984][gc,phases    ] GC(557)   Evacuate Collection Set: 3.4ms
[2020-09-03T11:17:50.824+0000][23984][gc,phases    ] GC(557)   Post Evacuate Collection Set: 0.7ms
[2020-09-03T11:17:50.824+0000][23984][gc,phases    ] GC(557)   Other: 1.0ms
[2020-09-03T11:17:50.824+0000][23984][gc,heap      ] GC(557) Eden regions: 41->0(477)
[2020-09-03T11:17:50.824+0000][23984][gc,heap      ] GC(557) Survivor regions: 3->13(62)
[2020-09-03T11:17:50.824+0000][23984][gc,heap      ] GC(557) Old regions: 80->80
[2020-09-03T11:17:50.824+0000][23984][gc,heap      ] GC(557) Archive regions: 0->0
[2020-09-03T11:17:50.824+0000][23984][gc,heap      ] GC(557) Humongous regions: 227->174
[2020-09-03T11:17:50.824+0000][23984][gc,metaspace ] GC(557) Metaspace: 88545K(94592K)->88545K(94592K) NonClass: 77334K(80896K)->77334K(80896K) Class: 11210K(13696K)->11210K(13696K)
[2020-09-03T11:17:50.824+0000][23984][gc           ] GC(557) Pause Young (Concurrent Start) (G1 Humongous Allocation) 350M->266M(1024M) 6.102ms
[2020-09-03T11:17:50.824+0000][23984][gc,cpu       ] GC(557) User=0.00s Sys=0.00s Real=0.01s
[2020-09-03T11:17:50.824+0000][23984][gc           ] GC(558) Concurrent Cycle
[2020-09-03T11:17:50.824+0000][23984][gc,marking   ] GC(558) Concurrent Clear Claimed Marks
[2020-09-03T11:17:50.824+0000][23984][safepoint    ] Safepoint "G1TryInitiateConcMark", Time since last: 109352600 ns, Reaching safepoint: 317000 ns, At safepoint: 6576300 ns, Total: 6893300 ns
[2020-09-03T11:17:50.824+0000][23984][gc,marking   ] GC(558) Concurrent Clear Claimed Marks 0.279ms
[2020-09-03T11:17:50.825+0000][23984][gc,marking   ] GC(558) Concurrent Scan Root Regions
[2020-09-03T11:17:50.827+0000][23984][gc,marking   ] GC(558) Concurrent Scan Root Regions 2.055ms
[2020-09-03T11:17:50.827+0000][23984][gc,marking   ] GC(558) Concurrent Mark (219.828s)
[2020-09-03T11:17:50.827+0000][23984][gc,marking   ] GC(558) Concurrent Mark From Roots
[2020-09-03T11:17:50.827+0000][23984][gc,task      ] GC(558) Using 2 workers of 2 for marking
[2020-09-03T11:17:50.980+0000][23984][gc,marking   ] GC(558) Concurrent Mark From Roots 153.314ms
[2020-09-03T11:17:50.980+0000][23984][gc,marking   ] GC(558) Concurrent Preclean
[2020-09-03T11:17:50.981+0000][23984][gc,marking   ] GC(558) Concurrent Preclean 0.590ms
[2020-09-03T11:17:50.981+0000][23984][gc,marking   ] GC(558) Concurrent Mark (219.828s, 219.982s) 154.078ms
[2020-09-03T11:17:50.981+0000][23984][gc,start     ] GC(558) Pause Remark
[2020-09-03T11:17:50.988+0000][23984][gc           ] GC(558) Pause Remark 565M->565M(1024M) 6.928ms
[2020-09-03T11:17:50.988+0000][23984][gc,cpu       ] GC(558) User=0.09s Sys=0.00s Real=0.01s
[2020-09-03T11:17:50.988+0000][23984][safepoint    ] Safepoint "G1Concurrent", Time since last: 156481500 ns, Reaching safepoint: 157400 ns, At safepoint: 7119700 ns, Total: 7277100 ns
[2020-09-03T11:17:50.988+0000][23984][gc,marking   ] GC(558) Concurrent Rebuild Remembered Sets
[2020-09-03T11:17:51.083+0000][23984][gc,marking   ] GC(558) Concurrent Rebuild Remembered Sets 94.603ms
[2020-09-03T11:17:51.083+0000][23984][gc,start     ] GC(558) Pause Cleanup
[2020-09-03T11:17:51.083+0000][23984][gc           ] GC(558) Pause Cleanup 686M->686M(1024M) 0.361ms
[2020-09-03T11:17:51.084+0000][23984][gc,cpu       ] GC(558) User=0.00s Sys=0.00s Real=0.00s
[2020-09-03T11:17:51.084+0000][23984][safepoint    ] Safepoint "G1Concurrent", Time since last: 94779600 ns, Reaching safepoint: 162200 ns, At safepoint: 614000 ns, Total: 776200 ns
[2020-09-03T11:17:51.084+0000][23984][gc,marking   ] GC(558) Concurrent Cleanup for Next Mark
[2020-09-03T11:17:51.086+0000][23984][gc,marking   ] GC(558) Concurrent Cleanup for Next Mark 1.790ms
[2020-09-03T11:17:51.086+0000][23984][gc           ] GC(558) Concurrent Cycle 261.602ms
[2020-09-03T11:17:51.113+0000][23984][gc,start     ] GC(559) Pause Young (Concurrent Start) (G1 Humongous Allocation)
[2020-09-03T11:17:51.113+0000][23984][gc,task      ] GC(559) Using 8 workers of 8 for evacuation
[2020-09-03T11:17:51.113+0000][23984][gc,age       ] GC(559) Desired survivor size 32505856 bytes, new threshold 15 (max threshold 15)
[2020-09-03T11:17:51.117+0000][23984][gc,age       ] GC(559) Age table with threshold 15 (max threshold 15)
[2020-09-03T11:17:51.117+0000][23984][gc,age       ] GC(559) - age   1:    3389584 bytes,    3389584 total
[2020-09-03T11:17:51.117+0000][23984][gc,age       ] GC(559) - age   2:    1206624 bytes,    4596208 total
[2020-09-03T11:17:51.117+0000][23984][gc,age       ] GC(559) - age   3:       1648 bytes,    4597856 total
[2020-09-03T11:17:51.117+0000][23984][gc,age       ] GC(559) - age   4:      10328 bytes,    4608184 total
[2020-09-03T11:17:51.117+0000][23984][gc,age       ] GC(559) - age   5:        512 bytes,    4608696 total
[2020-09-03T11:17:51.117+0000][23984][gc,age       ] GC(559) - age   6:       2744 bytes,    4611440 total
[2020-09-03T11:17:51.117+0000][23984][gc,age       ] GC(559) - age   7:        632 bytes,    4612072 total
[2020-09-03T11:17:51.117+0000][23984][gc,age       ] GC(559) - age   8:       7512 bytes,    4619584 total
[2020-09-03T11:17:51.118+0000][23984][gc,age       ] GC(559) - age   9:        952 bytes,    4620536 total
[2020-09-03T11:17:51.118+0000][23984][gc,age       ] GC(559) - age  10:        896 bytes,    4621432 total
[2020-09-03T11:17:51.118+0000][23984][gc,age       ] GC(559) - age  11:        704 bytes,    4622136 total
[2020-09-03T11:17:51.118+0000][23984][gc,age       ] GC(559) - age  12:        984 bytes,    4623120 total
[2020-09-03T11:17:51.118+0000][23984][gc,age       ] GC(559) - age  13:       1696 bytes,    4624816 total
[2020-09-03T11:17:51.118+0000][23984][gc,age       ] GC(559) - age  14:       2160 bytes,    4626976 total
[2020-09-03T11:17:51.118+0000][23984][gc,age       ] GC(559) - age  15:      28688 bytes,    4655664 total
[2020-09-03T11:17:51.118+0000][23984][gc,phases    ] GC(559)   Pre Evacuate Collection Set: 0.4ms
[2020-09-03T11:17:51.118+0000][23984][gc,phases    ] GC(559)   Merge Heap Roots: 0.3ms
[2020-09-03T11:17:51.118+0000][23984][gc,phases    ] GC(559)   Evacuate Collection Set: 2.2ms
[2020-09-03T11:17:51.118+0000][23984][gc,phases    ] GC(559)   Post Evacuate Collection Set: 1.0ms
[2020-09-03T11:17:51.118+0000][23984][gc,phases    ] GC(559)   Other: 1.1ms
[2020-09-03T11:17:51.118+0000][23984][gc,heap      ] GC(559) Eden regions: 99->0(477)
[2020-09-03T11:17:51.118+0000][23984][gc,heap      ] GC(559) Survivor regions: 13->5(62)
[2020-09-03T11:17:51.118+0000][23984][gc,heap      ] GC(559) Old regions: 80->80
[2020-09-03T11:17:51.118+0000][23984][gc,heap      ] GC(559) Archive regions: 0->0
[2020-09-03T11:17:51.118+0000][23984][gc,heap      ] GC(559) Humongous regions: 507->174
[2020-09-03T11:17:51.118+0000][23984][gc,metaspace ] GC(559) Metaspace: 88545K(94592K)->88545K(94592K) NonClass: 77334K(80896K)->77334K(80896K) Class: 11210K(13696K)->11210K(13696K)
[2020-09-03T11:17:51.118+0000][23984][gc           ] GC(559) Pause Young (Concurrent Start) (G1 Humongous Allocation) 698M->258M(1024M) 5.346ms
[2020-09-03T11:17:51.118+0000][23984][gc,cpu       ] GC(559) User=0.00s Sys=0.00s Real=0.01s
[2020-09-03T11:17:51.118+0000][23984][gc           ] GC(560) Concurrent Cycle
[2020-09-03T11:17:51.118+0000][23984][gc,marking   ] GC(560) Concurrent Clear Claimed Marks
[2020-09-03T11:17:51.119+0000][23984][gc,marking   ] GC(560) Concurrent Clear Claimed Marks 0.366ms
[2020-09-03T11:17:51.119+0000][23984][safepoint    ] Safepoint "G1TryInitiateConcMark", Time since last: 28938200 ns, Reaching safepoint: 263600 ns, At safepoint: 5936200 ns, Total: 6199800 ns
[2020-09-03T11:17:51.119+0000][23984][gc,marking   ] GC(560) Concurrent Scan Root Regions
[2020-09-03T11:17:51.122+0000][23984][gc,marking   ] GC(560) Concurrent Scan Root Regions 3.271ms
[2020-09-03T11:17:51.122+0000][23984][gc,marking   ] GC(560) Concurrent Mark (220.123s)
[2020-09-03T11:17:51.122+0000][23984][gc,marking   ] GC(560) Concurrent Mark From Roots
[2020-09-03T11:17:51.122+0000][23984][gc,task      ] GC(560) Using 2 workers of 2 for marking
[2020-09-03T11:17:51.278+0000][23984][gc,marking   ] GC(560) Concurrent Mark From Roots 155.711ms
[2020-09-03T11:17:51.278+0000][23984][gc,marking   ] GC(560) Concurrent Preclean
[2020-09-03T11:17:51.279+0000][23984][gc,marking   ] GC(560) Concurrent Preclean 0.658ms
[2020-09-03T11:17:51.279+0000][23984][gc,marking   ] GC(560) Concurrent Mark (220.123s, 220.280s) 156.608ms
[2020-09-03T11:17:51.279+0000][23984][gc,start     ] GC(560) Pause Remark
[2020-09-03T11:17:51.286+0000][23984][gc           ] GC(560) Pause Remark 384M->384M(1024M) 6.375ms
[2020-09-03T11:17:51.286+0000][23984][gc,cpu       ] GC(560) User=0.06s Sys=0.03s Real=0.01s
[2020-09-03T11:17:51.286+0000][23984][safepoint    ] Safepoint "G1Concurrent", Time since last: 160155400 ns, Reaching safepoint: 168900 ns, At safepoint: 6684600 ns, Total: 6853500 ns
[2020-09-03T11:17:51.286+0000][23984][gc,marking   ] GC(560) Concurrent Rebuild Remembered Sets
[2020-09-03T11:17:51.386+0000][23984][gc,marking   ] GC(560) Concurrent Rebuild Remembered Sets 100.148ms
[2020-09-03T11:17:51.386+0000][23984][gc,start     ] GC(560) Pause Cleanup
[2020-09-03T11:17:51.387+0000][23984][gc           ] GC(560) Pause Cleanup 396M->396M(1024M) 0.355ms
[2020-09-03T11:17:51.387+0000][23984][gc,cpu       ] GC(560) User=0.00s Sys=0.00s Real=0.00s
[2020-09-03T11:17:51.387+0000][23984][safepoint    ] Safepoint "G1Concurrent", Time since last: 100372800 ns, Reaching safepoint: 192900 ns, At safepoint: 537500 ns, Total: 730400 ns
[2020-09-03T11:17:51.387+0000][23984][gc,marking   ] GC(560) Concurrent Cleanup for Next Mark
[2020-09-03T11:17:51.389+0000][23984][gc,marking   ] GC(560) Concurrent Cleanup for Next Mark 1.783ms
[2020-09-03T11:17:51.389+0000][23984][gc           ] GC(560) Concurrent Cycle 270.544ms
[2020-09-03T11:17:51.454+0000][23984][gc,start     ] GC(561) Pause Young (Concurrent Start) (G1 Humongous Allocation)
[2020-09-03T11:17:51.454+0000][23984][gc,task      ] GC(561) Using 8 workers of 8 for evacuation
[2020-09-03T11:17:51.454+0000][23984][gc,age       ] GC(561) Desired survivor size 31981568 bytes, new threshold 15 (max threshold 15)
[2020-09-03T11:17:51.459+0000][23984][gc,age       ] GC(561) Age table with threshold 15 (max threshold 15)
[2020-09-03T11:17:51.460+0000][23984][gc,age       ] GC(561) - age   1:    6541256 bytes,    6541256 total
[2020-09-03T11:17:51.460+0000][23984][gc,age       ] GC(561) - age   2:     636960 bytes,    7178216 total
[2020-09-03T11:17:51.460+0000][23984][gc,age       ] GC(561) - age   3:     191432 bytes,    7369648 total
[2020-09-03T11:17:51.460+0000][23984][gc,age       ] GC(561) - age   4:       1232 bytes,    7370880 total
[2020-09-03T11:17:51.460+0000][23984][gc,age       ] GC(561) - age   5:       4192 bytes,    7375072 total
[2020-09-03T11:17:51.460+0000][23984][gc,age       ] GC(561) - age   6:        448 bytes,    7375520 total
[2020-09-03T11:17:51.460+0000][23984][gc,age       ] GC(561) - age   7:       2680 bytes,    7378200 total
[2020-09-03T11:17:51.460+0000][23984][gc,age       ] GC(561) - age   8:        632 bytes,    7378832 total
[2020-09-03T11:17:51.460+0000][23984][gc,age       ] GC(561) - age   9:       7432 bytes,    7386264 total
[2020-09-03T11:17:51.460+0000][23984][gc,age       ] GC(561) - age  10:        952 bytes,    7387216 total
[2020-09-03T11:17:51.460+0000][23984][gc,age       ] GC(561) - age  11:        832 bytes,    7388048 total
[2020-09-03T11:17:51.460+0000][23984][gc,age       ] GC(561) - age  12:        704 bytes,    7388752 total
[2020-09-03T11:17:51.460+0000][23984][gc,age       ] GC(561) - age  13:        984 bytes,    7389736 total
[2020-09-03T11:17:51.460+0000][23984][gc,age       ] GC(561) - age  14:       1672 bytes,    7391408 total
[2020-09-03T11:17:51.460+0000][23984][gc,age       ] GC(561) - age  15:       2032 bytes,    7393440 total
[2020-09-03T11:17:51.460+0000][23984][gc,phases    ] GC(561)   Pre Evacuate Collection Set: 0.4ms
[2020-09-03T11:17:51.460+0000][23984][gc,phases    ] GC(561)   Merge Heap Roots: 0.1ms
[2020-09-03T11:17:51.460+0000][23984][gc,phases    ] GC(561)   Evacuate Collection Set: 3.5ms
[2020-09-03T11:17:51.460+0000][23984][gc,phases    ] GC(561)   Post Evacuate Collection Set: 0.8ms
[2020-09-03T11:17:51.460+0000][23984][gc,phases    ] GC(561)   Other: 1.0ms
[2020-09-03T11:17:51.460+0000][23984][gc,heap      ] GC(561) Eden regions: 56->0(476)
[2020-09-03T11:17:51.460+0000][23984][gc,heap      ] GC(561) Survivor regions: 5->8(61)
[2020-09-03T11:17:51.460+0000][23984][gc,heap      ] GC(561) Old regions: 80->80
[2020-09-03T11:17:51.460+0000][23984][gc,heap      ] GC(561) Archive regions: 0->0
[2020-09-03T11:17:51.460+0000][23984][gc,heap      ] GC(561) Humongous regions: 270->174
[2020-09-03T11:17:51.460+0000][23984][gc,metaspace ] GC(561) Metaspace: 88545K(94592K)->88545K(94592K) NonClass: 77334K(80896K)->77334K(80896K) Class: 11210K(13696K)->11210K(13696K)
[2020-09-03T11:17:51.461+0000][23984][gc           ] GC(561) Pause Young (Concurrent Start) (G1 Humongous Allocation) 410M->261M(1024M) 6.223ms
[2020-09-03T11:17:51.461+0000][23984][gc,cpu       ] GC(561) User=0.00s Sys=0.00s Real=0.01s
[2020-09-03T11:17:51.461+0000][23984][gc           ] GC(562) Concurrent Cycle
[2020-09-03T11:17:51.461+0000][23984][safepoint    ] Safepoint "G1TryInitiateConcMark", Time since last: 67111600 ns, Reaching safepoint: 189600 ns, At safepoint: 6430900 ns, Total: 6620500 ns
[2020-09-03T11:17:51.461+0000][23984][gc,marking   ] GC(562) Concurrent Clear Claimed Marks
[2020-09-03T11:17:51.461+0000][23984][gc,marking   ] GC(562) Concurrent Clear Claimed Marks 0.401ms
[2020-09-03T11:17:51.461+0000][23984][gc,marking   ] GC(562) Concurrent Scan Root Regions
[2020-09-03T11:17:51.465+0000][23984][gc,marking   ] GC(562) Concurrent Scan Root Regions 3.335ms
[2020-09-03T11:17:51.465+0000][23984][gc,marking   ] GC(562) Concurrent Mark (220.466s)
[2020-09-03T11:17:51.465+0000][23984][gc,marking   ] GC(562) Concurrent Mark From Roots
[2020-09-03T11:17:51.465+0000][23984][gc,task      ] GC(562) Using 2 workers of 2 for marking
[2020-09-03T11:17:51.620+0000][23984][gc,marking   ] GC(562) Concurrent Mark From Roots 154.925ms
[2020-09-03T11:17:51.620+0000][23984][gc,marking   ] GC(562) Concurrent Preclean
[2020-09-03T11:17:51.620+0000][23984][gc,marking   ] GC(562) Concurrent Preclean 0.618ms
[2020-09-03T11:17:51.620+0000][23984][gc,marking   ] GC(562) Concurrent Mark (220.466s, 220.621s) 155.723ms
[2020-09-03T11:17:51.621+0000][23984][gc,start     ] GC(562) Pause Remark
[2020-09-03T11:17:51.628+0000][23984][gc           ] GC(562) Pause Remark 500M->500M(1024M) 7.032ms
[2020-09-03T11:17:51.628+0000][23984][gc,cpu       ] GC(562) User=0.09s Sys=0.00s Real=0.01s
[2020-09-03T11:17:51.628+0000][23984][safepoint    ] Safepoint "G1Concurrent", Time since last: 159750600 ns, Reaching safepoint: 179600 ns, At safepoint: 7283400 ns, Total: 7463000 ns
[2020-09-03T11:17:51.628+0000][23984][gc,marking   ] GC(562) Concurrent Rebuild Remembered Sets
[2020-09-03T11:17:51.724+0000][23984][gc,marking   ] GC(562) Concurrent Rebuild Remembered Sets 95.775ms
[2020-09-03T11:17:51.724+0000][23984][gc,start     ] GC(562) Pause Cleanup
[2020-09-03T11:17:51.724+0000][23984][gc           ] GC(562) Pause Cleanup 508M->508M(1024M) 0.315ms
[2020-09-03T11:17:51.725+0000][23984][gc,cpu       ] GC(562) User=0.00s Sys=0.00s Real=0.00s
[2020-09-03T11:17:51.725+0000][23984][safepoint    ] Safepoint "G1Concurrent", Time since last: 95946400 ns, Reaching safepoint: 230700 ns, At safepoint: 513300 ns, Total: 744000 ns
[2020-09-03T11:17:51.725+0000][23984][gc,marking   ] GC(562) Concurrent Cleanup for Next Mark
[2020-09-03T11:17:51.726+0000][23984][gc,marking   ] GC(562) Concurrent Cleanup for Next Mark 1.515ms
[2020-09-03T11:17:51.726+0000][23984][gc           ] GC(562) Concurrent Cycle 265.655ms
[2020-09-03T11:17:51.807+0000][23984][gc,start     ] GC(563) Pause Young (Concurrent Start) (G1 Humongous Allocation)
[2020-09-03T11:17:51.807+0000][23984][gc,task      ] GC(563) Using 8 workers of 8 for evacuation
[2020-09-03T11:17:51.807+0000][23984][gc,age       ] GC(563) Desired survivor size 31981568 bytes, new threshold 15 (max threshold 15)
[2020-09-03T11:17:51.812+0000][23984][gc,age       ] GC(563) Age table with threshold 15 (max threshold 15)
[2020-09-03T11:17:51.812+0000][23984][gc,age       ] GC(563) - age   1:    3634384 bytes,    3634384 total
[2020-09-03T11:17:51.812+0000][23984][gc,age       ] GC(563) - age   2:    1269504 bytes,    4903888 total
[2020-09-03T11:17:51.812+0000][23984][gc,age       ] GC(563) - age   3:     501376 bytes,    5405264 total
[2020-09-03T11:17:51.812+0000][23984][gc,age       ] GC(563) - age   4:       4152 bytes,    5409416 total
[2020-09-03T11:17:51.812+0000][23984][gc,age       ] GC(563) - age   5:       1176 bytes,    5410592 total
[2020-09-03T11:17:51.812+0000][23984][gc,age       ] GC(563) - age   6:       2080 bytes,    5412672 total
[2020-09-03T11:17:51.812+0000][23984][gc,age       ] GC(563) - age   7:        256 bytes,    5412928 total
[2020-09-03T11:17:51.812+0000][23984][gc,age       ] GC(563) - age   8:       2624 bytes,    5415552 total
[2020-09-03T11:17:51.812+0000][23984][gc,age       ] GC(563) - age   9:        632 bytes,    5416184 total
[2020-09-03T11:17:51.812+0000][23984][gc,age       ] GC(563) - age  10:       7432 bytes,    5423616 total
[2020-09-03T11:17:51.812+0000][23984][gc,age       ] GC(563) - age  11:        952 bytes,    5424568 total
[2020-09-03T11:17:51.812+0000][23984][gc,age       ] GC(563) - age  12:        704 bytes,    5425272 total
[2020-09-03T11:17:51.813+0000][23984][gc,age       ] GC(563) - age  13:        672 bytes,    5425944 total
[2020-09-03T11:17:51.813+0000][23984][gc,age       ] GC(563) - age  14:        984 bytes,    5426928 total
[2020-09-03T11:17:51.813+0000][23984][gc,age       ] GC(563) - age  15:       1432 bytes,    5428360 total
[2020-09-03T11:17:51.813+0000][23984][gc,phases    ] GC(563)   Pre Evacuate Collection Set: 0.4ms
[2020-09-03T11:17:51.813+0000][23984][gc,phases    ] GC(563)   Merge Heap Roots: 0.1ms
[2020-09-03T11:17:51.813+0000][23984][gc,phases    ] GC(563)   Evacuate Collection Set: 3.1ms
[2020-09-03T11:17:51.813+0000][23984][gc,phases    ] GC(563)   Post Evacuate Collection Set: 0.8ms
[2020-09-03T11:17:51.813+0000][23984][gc,phases    ] GC(563)   Other: 1.0ms
[2020-09-03T11:17:51.813+0000][23984][gc,heap      ] GC(563) Eden regions: 74->0(482)
[2020-09-03T11:17:51.813+0000][23984][gc,heap      ] GC(563) Survivor regions: 8->6(61)
[2020-09-03T11:17:51.813+0000][23984][gc,heap      ] GC(563) Old regions: 80->80
[2020-09-03T11:17:51.813+0000][23984][gc,heap      ] GC(563) Archive regions: 0->0
[2020-09-03T11:17:51.813+0000][23984][gc,heap      ] GC(563) Humongous regions: 366->174
[2020-09-03T11:17:51.813+0000][23984][gc,metaspace ] GC(563) Metaspace: 88545K(94592K)->88545K(94592K) NonClass: 77334K(80896K)->77334K(80896K) Class: 11210K(13696K)->11210K(13696K)
[2020-09-03T11:17:51.813+0000][23984][gc           ] GC(563) Pause Young (Concurrent Start) (G1 Humongous Allocation) 527M->259M(1024M) 5.940ms
[2020-09-03T11:17:51.813+0000][23984][gc,cpu       ] GC(563) User=0.11s Sys=0.00s Real=0.01s
[2020-09-03T11:17:51.813+0000][23984][safepoint    ] Safepoint "G1TryInitiateConcMark", Time since last: 82551300 ns, Reaching safepoint: 131600 ns, At safepoint: 6077800 ns, Total: 6209400 ns
[2020-09-03T11:17:51.813+0000][23984][gc           ] GC(564) Concurrent Cycle
[2020-09-03T11:17:51.813+0000][23984][gc,marking   ] GC(564) Concurrent Clear Claimed Marks
[2020-09-03T11:17:51.814+0000][23984][gc,marking   ] GC(564) Concurrent Clear Claimed Marks 0.365ms
[2020-09-03T11:17:51.814+0000][23984][gc,marking   ] GC(564) Concurrent Scan Root Regions
[2020-09-03T11:17:51.817+0000][23984][gc,marking   ] GC(564) Concurrent Scan Root Regions 2.625ms
[2020-09-03T11:17:51.817+0000][23984][gc,marking   ] GC(564) Concurrent Mark (220.818s)
[2020-09-03T11:17:51.817+0000][23984][gc,marking   ] GC(564) Concurrent Mark From Roots
[2020-09-03T11:17:51.817+0000][23984][gc,task      ] GC(564) Using 2 workers of 2 for marking
[2020-09-03T11:17:51.917+0000][23984][gc,marking   ] GC(564) Concurrent Mark From Roots 100.078ms
[2020-09-03T11:17:51.917+0000][23984][gc,marking   ] GC(564) Concurrent Preclean
[2020-09-03T11:17:51.917+0000][23984][gc,marking   ] GC(564) Concurrent Preclean 0.510ms
[2020-09-03T11:17:51.917+0000][23984][gc,marking   ] GC(564) Concurrent Mark (220.818s, 220.918s) 100.737ms
[2020-09-03T11:17:51.918+0000][23984][gc,start     ] GC(564) Pause Remark
[2020-09-03T11:17:51.923+0000][23984][gc           ] GC(564) Pause Remark 319M->319M(1024M) 5.581ms
[2020-09-03T11:17:51.923+0000][23984][gc,cpu       ] GC(564) User=0.09s Sys=0.02s Real=0.01s
[2020-09-03T11:17:51.923+0000][23984][safepoint    ] Safepoint "G1Concurrent", Time since last: 104133300 ns, Reaching safepoint: 150000 ns, At safepoint: 5797900 ns, Total: 5947900 ns
[2020-09-03T11:17:51.924+0000][23984][gc,marking   ] GC(564) Concurrent Rebuild Remembered Sets
[2020-09-03T11:17:52.002+0000][23984][gc,marking   ] GC(564) Concurrent Rebuild Remembered Sets 78.950ms
[2020-09-03T11:17:52.003+0000][23984][gc,start     ] GC(564) Pause Cleanup
[2020-09-03T11:17:52.003+0000][23984][gc           ] GC(564) Pause Cleanup 386M->386M(1024M) 0.311ms
[2020-09-03T11:17:52.003+0000][23984][gc,cpu       ] GC(564) User=0.00s Sys=0.00s Real=0.00s
[2020-09-03T11:17:52.003+0000][23984][safepoint    ] Safepoint "G1Concurrent", Time since last: 79144000 ns, Reaching safepoint: 135400 ns, At safepoint: 472400 ns, Total: 607800 ns
[2020-09-03T11:17:52.003+0000][23984][gc,marking   ] GC(564) Concurrent Cleanup for Next Mark
[2020-09-03T11:17:52.005+0000][23984][gc,marking   ] GC(564) Concurrent Cleanup for Next Mark 1.332ms
[2020-09-03T11:17:52.005+0000][23984][gc           ] GC(564) Concurrent Cycle 191.340ms
[2020-09-03T11:17:52.112+0000][23984][gc,start     ] GC(565) Pause Young (Concurrent Start) (G1 Humongous Allocation)
[2020-09-03T11:17:52.112+0000][23984][gc,task      ] GC(565) Using 8 workers of 8 for evacuation
[2020-09-03T11:17:52.112+0000][23984][gc,age       ] GC(565) Desired survivor size 31981568 bytes, new threshold 15 (max threshold 15)
[2020-09-03T11:17:52.116+0000][23984][gc,age       ] GC(565) Age table with threshold 15 (max threshold 15)
[2020-09-03T11:17:52.116+0000][23984][gc,age       ] GC(565) - age   1:    3261568 bytes,    3261568 total
[2020-09-03T11:17:52.116+0000][23984][gc,age       ] GC(565) - age   2:     792896 bytes,    4054464 total
[2020-09-03T11:17:52.116+0000][23984][gc,age       ] GC(565) - age   3:     975744 bytes,    5030208 total
[2020-09-03T11:17:52.116+0000][23984][gc,age       ] GC(565) - age   4:     403040 bytes,    5433248 total
[2020-09-03T11:17:52.116+0000][23984][gc,age       ] GC(565) - age   5:       3336 bytes,    5436584 total
[2020-09-03T11:17:52.116+0000][23984][gc,age       ] GC(565) - age   6:       1112 bytes,    5437696 total
[2020-09-03T11:17:52.116+0000][23984][gc,age       ] GC(565) - age   7:       2016 bytes,    5439712 total
[2020-09-03T11:17:52.116+0000][23984][gc,age       ] GC(565) - age   8:        192 bytes,    5439904 total
[2020-09-03T11:17:52.116+0000][23984][gc,age       ] GC(565) - age   9:       2624 bytes,    5442528 total
[2020-09-03T11:17:52.116+0000][23984][gc,age       ] GC(565) - age  10:        568 bytes,    5443096 total
[2020-09-03T11:17:52.116+0000][23984][gc,age       ] GC(565) - age  11:       7432 bytes,    5450528 total
[2020-09-03T11:17:52.116+0000][23984][gc,age       ] GC(565) - age  12:        920 bytes,    5451448 total
[2020-09-03T11:17:52.116+0000][23984][gc,age       ] GC(565) - age  13:        608 bytes,    5452056 total
[2020-09-03T11:17:52.116+0000][23984][gc,age       ] GC(565) - age  14:        672 bytes,    5452728 total
[2020-09-03T11:17:52.116+0000][23984][gc,age       ] GC(565) - age  15:        920 bytes,    5453648 total
[2020-09-03T11:17:52.117+0000][23984][gc,phases    ] GC(565)   Pre Evacuate Collection Set: 0.4ms
[2020-09-03T11:17:52.117+0000][23984][gc,phases    ] GC(565)   Merge Heap Roots: 0.1ms
[2020-09-03T11:17:52.117+0000][23984][gc,phases    ] GC(565)   Evacuate Collection Set: 2.7ms
[2020-09-03T11:17:52.117+0000][23984][gc,phases    ] GC(565)   Post Evacuate Collection Set: 0.8ms
[2020-09-03T11:17:52.117+0000][23984][gc,phases    ] GC(565)   Other: 0.8ms
[2020-09-03T11:17:52.117+0000][23984][gc,heap      ] GC(565) Eden regions: 42->0(485)
[2020-09-03T11:17:52.117+0000][23984][gc,heap      ] GC(565) Survivor regions: 6->6(61)
[2020-09-03T11:17:52.117+0000][23984][gc,heap      ] GC(565) Old regions: 80->80
[2020-09-03T11:17:52.117+0000][23984][gc,heap      ] GC(565) Archive regions: 0->0
[2020-09-03T11:17:52.117+0000][23984][gc,heap      ] GC(565) Humongous regions: 270->174
[2020-09-03T11:17:52.117+0000][23984][gc,metaspace ] GC(565) Metaspace: 88545K(94592K)->88545K(94592K) NonClass: 77334K(80896K)->77334K(80896K) Class: 11210K(13696K)->11210K(13696K)
[2020-09-03T11:17:52.117+0000][23984][gc           ] GC(565) Pause Young (Concurrent Start) (G1 Humongous Allocation) 397M->259M(1024M) 5.399ms
[2020-09-03T11:17:52.117+0000][23984][gc,cpu       ] GC(565) User=0.00s Sys=0.00s Real=0.01s
[2020-09-03T11:17:52.117+0000][23984][safepoint    ] Safepoint "G1TryInitiateConcMark", Time since last: 108322900 ns, Reaching safepoint: 144900 ns, At safepoint: 5525200 ns, Total: 5670100 ns
[2020-09-03T11:17:52.117+0000][23984][gc           ] GC(566) Concurrent Cycle
[2020-09-03T11:17:52.117+0000][23984][gc,marking   ] GC(566) Concurrent Clear Claimed Marks
[2020-09-03T11:17:52.118+0000][23984][gc,marking   ] GC(566) Concurrent Clear Claimed Marks 0.326ms
[2020-09-03T11:17:52.118+0000][23984][gc,marking   ] GC(566) Concurrent Scan Root Regions
[2020-09-03T11:17:52.121+0000][23984][gc,marking   ] GC(566) Concurrent Scan Root Regions 3.452ms
[2020-09-03T11:17:52.121+0000][23984][gc,marking   ] GC(566) Concurrent Mark (221.122s)
[2020-09-03T11:17:52.121+0000][23984][gc,marking   ] GC(566) Concurrent Mark From Roots
[2020-09-03T11:17:52.121+0000][23984][gc,task      ] GC(566) Using 2 workers of 2 for marking
[2020-09-03T11:17:52.216+0000][23984][gc,marking   ] GC(566) Concurrent Mark From Roots 94.353ms
[2020-09-03T11:17:52.216+0000][23984][gc,marking   ] GC(566) Concurrent Preclean
[2020-09-03T11:17:52.216+0000][23984][gc,marking   ] GC(566) Concurrent Preclean 0.444ms
[2020-09-03T11:17:52.216+0000][23984][gc,marking   ] GC(566) Concurrent Mark (221.122s, 221.217s) 94.911ms
[2020-09-03T11:17:52.216+0000][23984][gc,start     ] GC(566) Pause Remark
[2020-09-03T11:17:52.222+0000][23984][gc           ] GC(566) Pause Remark 317M->317M(1024M) 5.372ms
[2020-09-03T11:17:52.222+0000][23984][gc,cpu       ] GC(566) User=0.08s Sys=0.00s Real=0.01s
[2020-09-03T11:17:52.222+0000][23984][safepoint    ] Safepoint "G1Concurrent", Time since last: 99053000 ns, Reaching safepoint: 142300 ns, At safepoint: 5583500 ns, Total: 5725800 ns
[2020-09-03T11:17:52.222+0000][23984][gc,marking   ] GC(566) Concurrent Rebuild Remembered Sets
[2020-09-03T11:17:52.244+0000][23984][safepoint    ] Safepoint "BulkRevokeBias", Time since last: 20356100 ns, Reaching safepoint: 512900 ns, At safepoint: 967100 ns, Total: 1480000 ns
[2020-09-03T11:17:52.291+0000][23984][gc,marking   ] GC(566) Concurrent Rebuild Remembered Sets 68.723ms
[2020-09-03T11:17:52.291+0000][23984][gc,start     ] GC(566) Pause Cleanup
[2020-09-03T11:17:52.291+0000][23984][gc           ] GC(566) Pause Cleanup 386M->386M(1024M) 0.236ms
[2020-09-03T11:17:52.291+0000][23984][gc,cpu       ] GC(566) User=0.00s Sys=0.00s Real=0.00s
[2020-09-03T11:17:52.291+0000][23984][safepoint    ] Safepoint "G1Concurrent", Time since last: 47053300 ns, Reaching safepoint: 129500 ns, At safepoint: 358400 ns, Total: 487900 ns
[2020-09-03T11:17:52.291+0000][23984][gc,marking   ] GC(566) Concurrent Cleanup for Next Mark
[2020-09-03T11:17:52.292+0000][23984][gc,marking   ] GC(566) Concurrent Cleanup for Next Mark 1.061ms
[2020-09-03T11:17:52.293+0000][23984][gc           ] GC(566) Concurrent Cycle 175.318ms
[2020-09-03T11:17:52.374+0000][23984][gc,start     ] GC(567) Pause Young (Concurrent Start) (G1 Humongous Allocation)
[2020-09-03T11:17:52.374+0000][23984][gc,task      ] GC(567) Using 8 workers of 8 for evacuation
[2020-09-03T11:17:52.374+0000][23984][gc,age       ] GC(567) Desired survivor size 32505856 bytes, new threshold 15 (max threshold 15)
[2020-09-03T11:17:52.377+0000][23984][gc,age       ] GC(567) Age table with threshold 15 (max threshold 15)
[2020-09-03T11:17:52.377+0000][23984][gc,age       ] GC(567) - age   1:    3240744 bytes,    3240744 total
[2020-09-03T11:17:52.378+0000][23984][gc,age       ] GC(567) - age   2:     403200 bytes,    3643944 total
[2020-09-03T11:17:52.378+0000][23984][gc,age       ] GC(567) - age   3:     792352 bytes,    4436296 total
[2020-09-03T11:17:52.378+0000][23984][gc,age       ] GC(567) - age   4:     588336 bytes,    5024632 total
[2020-09-03T11:17:52.378+0000][23984][gc,age       ] GC(567) - age   5:     400896 bytes,    5425528 total
[2020-09-03T11:17:52.378+0000][23984][gc,age       ] GC(567) - age   6:       2376 bytes,    5427904 total
[2020-09-03T11:17:52.378+0000][23984][gc,age       ] GC(567) - age   7:        984 bytes,    5428888 total
[2020-09-03T11:17:52.378+0000][23984][gc,age       ] GC(567) - age   8:       1992 bytes,    5430880 total
[2020-09-03T11:17:52.378+0000][23984][gc,age       ] GC(567) - age   9:        192 bytes,    5431072 total
[2020-09-03T11:17:52.378+0000][23984][gc,age       ] GC(567) - age  10:       2624 bytes,    5433696 total
[2020-09-03T11:17:52.378+0000][23984][gc,age       ] GC(567) - age  11:        408 bytes,    5434104 total
[2020-09-03T11:17:52.378+0000][23984][gc,age       ] GC(567) - age  12:       7432 bytes,    5441536 total
[2020-09-03T11:17:52.378+0000][23984][gc,age       ] GC(567) - age  13:        760 bytes,    5442296 total
[2020-09-03T11:17:52.378+0000][23984][gc,age       ] GC(567) - age  14:        608 bytes,    5442904 total
[2020-09-03T11:17:52.378+0000][23984][gc,age       ] GC(567) - age  15:        672 bytes,    5443576 total
[2020-09-03T11:17:52.378+0000][23984][gc,phases    ] GC(567)   Pre Evacuate Collection Set: 0.3ms
[2020-09-03T11:17:52.378+0000][23984][gc,phases    ] GC(567)   Merge Heap Roots: 0.1ms
[2020-09-03T11:17:52.378+0000][23984][gc,phases    ] GC(567)   Evacuate Collection Set: 2.4ms
[2020-09-03T11:17:52.378+0000][23984][gc,phases    ] GC(567)   Post Evacuate Collection Set: 0.8ms
[2020-09-03T11:17:52.378+0000][23984][gc,phases    ] GC(567)   Other: 0.8ms
[2020-09-03T11:17:52.378+0000][23984][gc,heap      ] GC(567) Eden regions: 42->0(488)
[2020-09-03T11:17:52.378+0000][23984][gc,heap      ] GC(567) Survivor regions: 6->6(62)
[2020-09-03T11:17:52.378+0000][23984][gc,heap      ] GC(567) Old regions: 80->80
[2020-09-03T11:17:52.378+0000][23984][gc,heap      ] GC(567) Archive regions: 0->0
[2020-09-03T11:17:52.378+0000][23984][gc,heap      ] GC(567) Humongous regions: 270->174
[2020-09-03T11:17:52.378+0000][23984][gc,metaspace ] GC(567) Metaspace: 88545K(94592K)->88545K(94592K) NonClass: 77334K(80896K)->77334K(80896K) Class: 11210K(13696K)->11210K(13696K)
[2020-09-03T11:17:52.378+0000][23984][gc           ] GC(567) Pause Young (Concurrent Start) (G1 Humongous Allocation) 396M->259M(1024M) 4.653ms
[2020-09-03T11:17:52.378+0000][23984][gc,cpu       ] GC(567) User=0.00s Sys=0.00s Real=0.00s
[2020-09-03T11:17:52.378+0000][23984][safepoint    ] Safepoint "G1TryInitiateConcMark", Time since last: 82577200 ns, Reaching safepoint: 139300 ns, At safepoint: 4770800 ns, Total: 4910100 ns
[2020-09-03T11:17:52.378+0000][23984][gc           ] GC(568) Concurrent Cycle
[2020-09-03T11:17:52.378+0000][23984][gc,marking   ] GC(568) Concurrent Clear Claimed Marks
[2020-09-03T11:17:52.379+0000][23984][gc,marking   ] GC(568) Concurrent Clear Claimed Marks 0.328ms
[2020-09-03T11:17:52.379+0000][23984][gc,marking   ] GC(568) Concurrent Scan Root Regions
[2020-09-03T11:17:52.381+0000][23984][gc,marking   ] GC(568) Concurrent Scan Root Regions 2.428ms
[2020-09-03T11:17:52.381+0000][23984][gc,marking   ] GC(568) Concurrent Mark (221.383s)
[2020-09-03T11:17:52.381+0000][23984][gc,marking   ] GC(568) Concurrent Mark From Roots
[2020-09-03T11:17:52.381+0000][23984][gc,task      ] GC(568) Using 2 workers of 2 for marking
[2020-09-03T11:17:52.462+0000][23984][gc,marking   ] GC(568) Concurrent Mark From Roots 80.629ms
[2020-09-03T11:17:52.462+0000][23984][gc,marking   ] GC(568) Concurrent Preclean
[2020-09-03T11:17:52.462+0000][23984][gc,marking   ] GC(568) Concurrent Preclean 0.379ms
[2020-09-03T11:17:52.462+0000][23984][gc,marking   ] GC(568) Concurrent Mark (221.383s, 221.464s) 81.119ms
[2020-09-03T11:17:52.463+0000][23984][gc,start     ] GC(568) Pause Remark
[2020-09-03T11:17:52.468+0000][23984][gc           ] GC(568) Pause Remark 317M->317M(1024M) 5.065ms
[2020-09-03T11:17:52.468+0000][23984][gc,cpu       ] GC(568) User=0.13s Sys=0.00s Real=0.00s
[2020-09-03T11:17:52.468+0000][23984][safepoint    ] Safepoint "G1Concurrent", Time since last: 84147300 ns, Reaching safepoint: 177600 ns, At safepoint: 5238600 ns, Total: 5416200 ns
[2020-09-03T11:17:52.468+0000][23984][gc,marking   ] GC(568) Concurrent Rebuild Remembered Sets
[2020-09-03T11:17:52.540+0000][23984][gc,marking   ] GC(568) Concurrent Rebuild Remembered Sets 71.962ms
[2020-09-03T11:17:52.540+0000][23984][gc,start     ] GC(568) Pause Cleanup
[2020-09-03T11:17:52.540+0000][23984][gc           ] GC(568) Pause Cleanup 384M->384M(1024M) 0.228ms
[2020-09-03T11:17:52.540+0000][23984][gc,cpu       ] GC(568) User=0.00s Sys=0.00s Real=0.00s
[2020-09-03T11:17:52.540+0000][23984][safepoint    ] Safepoint "G1Concurrent", Time since last: 72104000 ns, Reaching safepoint: 121800 ns, At safepoint: 362100 ns, Total: 483900 ns
[2020-09-03T11:17:52.540+0000][23984][gc,marking   ] GC(568) Concurrent Cleanup for Next Mark
[2020-09-03T11:17:52.542+0000][23984][gc,marking   ] GC(568) Concurrent Cleanup for Next Mark 1.284ms
[2020-09-03T11:17:52.542+0000][23984][gc           ] GC(568) Concurrent Cycle 163.523ms
[2020-09-03T11:17:52.628+0000][23984][gc,start     ] GC(569) Pause Young (Concurrent Start) (G1 Humongous Allocation)
[2020-09-03T11:17:52.628+0000][23984][gc,task      ] GC(569) Using 8 workers of 8 for evacuation
[2020-09-03T11:17:52.628+0000][23984][gc,age       ] GC(569) Desired survivor size 32505856 bytes, new threshold 15 (max threshold 15)
[2020-09-03T11:17:52.632+0000][23984][gc,age       ] GC(569) Age table with threshold 15 (max threshold 15)
[2020-09-03T11:17:52.632+0000][23984][gc,age       ] GC(569) - age   1:    3216120 bytes,    3216120 total
[2020-09-03T11:17:52.632+0000][23984][gc,age       ] GC(569) - age   2:     397560 bytes,    3613680 total
[2020-09-03T11:17:52.632+0000][23984][gc,age       ] GC(569) - age   3:     402928 bytes,    4016608 total
[2020-09-03T11:17:52.632+0000][23984][gc,age       ] GC(569) - age   4:     791664 bytes,    4808272 total
[2020-09-03T11:17:52.632+0000][23984][gc,age       ] GC(569) - age   5:     394416 bytes,    5202688 total
[2020-09-03T11:17:52.632+0000][23984][gc,age       ] GC(569) - age   6:     399816 bytes,    5602504 total
[2020-09-03T11:17:52.632+0000][23984][gc,age       ] GC(569) - age   7:       1944 bytes,    5604448 total
[2020-09-03T11:17:52.632+0000][23984][gc,age       ] GC(569) - age   8:        728 bytes,    5605176 total
[2020-09-03T11:17:52.632+0000][23984][gc,age       ] GC(569) - age   9:       1992 bytes,    5607168 total
[2020-09-03T11:17:52.632+0000][23984][gc,age       ] GC(569) - age  10:        192 bytes,    5607360 total
[2020-09-03T11:17:52.632+0000][23984][gc,age       ] GC(569) - age  11:       2624 bytes,    5609984 total
[2020-09-03T11:17:52.632+0000][23984][gc,age       ] GC(569) - age  12:        376 bytes,    5610360 total
[2020-09-03T11:17:52.632+0000][23984][gc,age       ] GC(569) - age  13:       7432 bytes,    5617792 total
[2020-09-03T11:17:52.632+0000][23984][gc,age       ] GC(569) - age  14:        760 bytes,    5618552 total
[2020-09-03T11:17:52.632+0000][23984][gc,age       ] GC(569) - age  15:        512 bytes,    5619064 total
[2020-09-03T11:17:52.633+0000][23984][gc,phases    ] GC(569)   Pre Evacuate Collection Set: 0.4ms
[2020-09-03T11:17:52.633+0000][23984][gc,phases    ] GC(569)   Merge Heap Roots: 0.1ms
[2020-09-03T11:17:52.633+0000][23984][gc,phases    ] GC(569)   Evacuate Collection Set: 2.8ms
[2020-09-03T11:17:52.633+0000][23984][gc,phases    ] GC(569)   Post Evacuate Collection Set: 0.7ms
[2020-09-03T11:17:52.633+0000][23984][gc,phases    ] GC(569)   Other: 0.7ms
[2020-09-03T11:17:52.633+0000][23984][gc,heap      ] GC(569) Eden regions: 39->0(491)
[2020-09-03T11:17:52.633+0000][23984][gc,heap      ] GC(569) Survivor regions: 6->6(62)
[2020-09-03T11:17:52.633+0000][23984][gc,heap      ] GC(569) Old regions: 80->80
[2020-09-03T11:17:52.633+0000][23984][gc,heap      ] GC(569) Archive regions: 0->0
[2020-09-03T11:17:52.633+0000][23984][gc,heap      ] GC(569) Humongous regions: 270->174
[2020-09-03T11:17:52.633+0000][23984][gc,metaspace ] GC(569) Metaspace: 88545K(94592K)->88545K(94592K) NonClass: 77334K(80896K)->77334K(80896K) Class: 11210K(13696K)->11210K(13696K)
[2020-09-03T11:17:52.633+0000][23984][gc           ] GC(569) Pause Young (Concurrent Start) (G1 Humongous Allocation) 393M->259M(1024M) 4.856ms
[2020-09-03T11:17:52.633+0000][23984][gc,cpu       ] GC(569) User=0.00s Sys=0.00s Real=0.00s
[2020-09-03T11:17:52.633+0000][23984][safepoint    ] Safepoint "G1TryInitiateConcMark", Time since last: 87325800 ns, Reaching safepoint: 129800 ns, At safepoint: 4978300 ns, Total: 5108100 ns
[2020-09-03T11:17:52.633+0000][23984][gc           ] GC(570) Concurrent Cycle
[2020-09-03T11:17:52.633+0000][23984][gc,marking   ] GC(570) Concurrent Clear Claimed Marks
[2020-09-03T11:17:52.633+0000][23984][gc,marking   ] GC(570) Concurrent Clear Claimed Marks 0.347ms
[2020-09-03T11:17:52.633+0000][23984][gc,marking   ] GC(570) Concurrent Scan Root Regions
[2020-09-03T11:17:52.636+0000][23984][gc,marking   ] GC(570) Concurrent Scan Root Regions 2.310ms
[2020-09-03T11:17:52.636+0000][23984][gc,marking   ] GC(570) Concurrent Mark (221.637s)
[2020-09-03T11:17:52.636+0000][23984][gc,marking   ] GC(570) Concurrent Mark From Roots
[2020-09-03T11:17:52.636+0000][23984][gc,task      ] GC(570) Using 2 workers of 2 for marking
[2020-09-03T11:17:52.744+0000][23984][gc,marking   ] GC(570) Concurrent Mark From Roots 108.394ms
[2020-09-03T11:17:52.744+0000][23984][gc,marking   ] GC(570) Concurrent Preclean
[2020-09-03T11:17:52.745+0000][23984][gc,marking   ] GC(570) Concurrent Preclean 0.437ms
[2020-09-03T11:17:52.745+0000][23984][gc,marking   ] GC(570) Concurrent Mark (221.637s, 221.746s) 108.955ms
[2020-09-03T11:17:52.745+0000][23984][gc,start     ] GC(570) Pause Remark
[2020-09-03T11:17:52.751+0000][23984][gc           ] GC(570) Pause Remark 317M->317M(1024M) 5.923ms
[2020-09-03T11:17:52.751+0000][23984][gc,cpu       ] GC(570) User=0.09s Sys=0.00s Real=0.01s
[2020-09-03T11:17:52.751+0000][23984][safepoint    ] Safepoint "G1Concurrent", Time since last: 111932100 ns, Reaching safepoint: 136100 ns, At safepoint: 6121500 ns, Total: 6257600 ns
[2020-09-03T11:17:52.751+0000][23984][gc,marking   ] GC(570) Concurrent Rebuild Remembered Sets
[2020-09-03T11:17:52.833+0000][23984][gc,marking   ] GC(570) Concurrent Rebuild Remembered Sets 81.700ms
[2020-09-03T11:17:52.833+0000][23984][gc,start     ] GC(570) Pause Cleanup
[2020-09-03T11:17:52.833+0000][23984][gc           ] GC(570) Pause Cleanup 384M->384M(1024M) 0.273ms
[2020-09-03T11:17:52.833+0000][23984][gc,cpu       ] GC(570) User=0.00s Sys=0.00s Real=0.00s
[2020-09-03T11:17:52.833+0000][23984][safepoint    ] Safepoint "G1Concurrent", Time since last: 81875900 ns, Reaching safepoint: 139400 ns, At safepoint: 397000 ns, Total: 536400 ns
[2020-09-03T11:17:52.834+0000][23984][gc,marking   ] GC(570) Concurrent Cleanup for Next Mark
[2020-09-03T11:17:52.835+0000][23984][gc,marking   ] GC(570) Concurrent Cleanup for Next Mark 1.617ms
[2020-09-03T11:17:52.835+0000][23984][gc           ] GC(570) Concurrent Cycle 202.435ms
[2020-09-03T11:17:52.938+0000][23984][gc,start     ] GC(571) Pause Young (Concurrent Start) (G1 Humongous Allocation)
[2020-09-03T11:17:52.938+0000][23984][gc,task      ] GC(571) Using 8 workers of 8 for evacuation
[2020-09-03T11:17:52.938+0000][23984][gc,age       ] GC(571) Desired survivor size 33030144 bytes, new threshold 15 (max threshold 15)
[2020-09-03T11:17:52.943+0000][23984][gc,age       ] GC(571) Age table with threshold 15 (max threshold 15)
[2020-09-03T11:17:52.943+0000][23984][gc,age       ] GC(571) - age   1:    3219224 bytes,    3219224 total
[2020-09-03T11:17:52.944+0000][23984][gc,age       ] GC(571) - age   2:     420616 bytes,    3639840 total
[2020-09-03T11:17:52.944+0000][23984][gc,age       ] GC(571) - age   3:     397528 bytes,    4037368 total
[2020-09-03T11:17:52.944+0000][23984][gc,age       ] GC(571) - age   4:     401712 bytes,    4439080 total
[2020-09-03T11:17:52.944+0000][23984][gc,age       ] GC(571) - age   5:     781704 bytes,    5220784 total
[2020-09-03T11:17:52.944+0000][23984][gc,age       ] GC(571) - age   6:     394416 bytes,    5615200 total
[2020-09-03T11:17:52.944+0000][23984][gc,age       ] GC(571) - age   7:      10232 bytes,    5625432 total
[2020-09-03T11:17:52.944+0000][23984][gc,age       ] GC(571) - age   8:       1448 bytes,    5626880 total
[2020-09-03T11:17:52.944+0000][23984][gc,age       ] GC(571) - age   9:        696 bytes,    5627576 total
[2020-09-03T11:17:52.944+0000][23984][gc,age       ] GC(571) - age  10:       1992 bytes,    5629568 total
[2020-09-03T11:17:52.944+0000][23984][gc,age       ] GC(571) - age  11:        192 bytes,    5629760 total
[2020-09-03T11:17:52.944+0000][23984][gc,age       ] GC(571) - age  12:       2504 bytes,    5632264 total
[2020-09-03T11:17:52.944+0000][23984][gc,age       ] GC(571) - age  13:        376 bytes,    5632640 total
[2020-09-03T11:17:52.944+0000][23984][gc,age       ] GC(571) - age  14:       7432 bytes,    5640072 total
[2020-09-03T11:17:52.944+0000][23984][gc,age       ] GC(571) - age  15:        664 bytes,    5640736 total
[2020-09-03T11:17:52.944+0000][23984][gc,phases    ] GC(571)   Pre Evacuate Collection Set: 0.4ms
[2020-09-03T11:17:52.944+0000][23984][gc,phases    ] GC(571)   Merge Heap Roots: 0.1ms
[2020-09-03T11:17:52.944+0000][23984][gc,phases    ] GC(571)   Evacuate Collection Set: 3.4ms
[2020-09-03T11:17:52.944+0000][23984][gc,phases    ] GC(571)   Post Evacuate Collection Set: 0.9ms
[2020-09-03T11:17:52.944+0000][23984][gc,phases    ] GC(571)   Other: 1.2ms
[2020-09-03T11:17:52.944+0000][23984][gc,heap      ] GC(571) Eden regions: 40->0(493)
[2020-09-03T11:17:52.944+0000][23984][gc,heap      ] GC(571) Survivor regions: 6->6(63)
[2020-09-03T11:17:52.944+0000][23984][gc,heap      ] GC(571) Old regions: 80->80
[2020-09-03T11:17:52.944+0000][23984][gc,heap      ] GC(571) Archive regions: 0->0
[2020-09-03T11:17:52.944+0000][23984][gc,heap      ] GC(571) Humongous regions: 270->174
[2020-09-03T11:17:52.944+0000][23984][gc,metaspace ] GC(571) Metaspace: 88545K(94592K)->88545K(94592K) NonClass: 77334K(80896K)->77334K(80896K) Class: 11210K(13696K)->11210K(13696K)
[2020-09-03T11:17:52.944+0000][23984][gc           ] GC(571) Pause Young (Concurrent Start) (G1 Humongous Allocation) 395M->259M(1024M) 6.331ms
[2020-09-03T11:17:52.944+0000][23984][gc,cpu       ] GC(571) User=0.00s Sys=0.00s Real=0.01s
[2020-09-03T11:17:52.945+0000][23984][safepoint    ] Safepoint "G1TryInitiateConcMark", Time since last: 104439800 ns, Reaching safepoint: 124000 ns, At safepoint: 6505600 ns, Total: 6629600 ns
[2020-09-03T11:17:52.945+0000][23984][gc           ] GC(572) Concurrent Cycle
[2020-09-03T11:17:52.945+0000][23984][gc,marking   ] GC(572) Concurrent Clear Claimed Marks
[2020-09-03T11:17:52.945+0000][23984][gc,marking   ] GC(572) Concurrent Clear Claimed Marks 0.469ms
[2020-09-03T11:17:52.945+0000][23984][gc,marking   ] GC(572) Concurrent Scan Root Regions
[2020-09-03T11:17:52.950+0000][23984][gc,marking   ] GC(572) Concurrent Scan Root Regions 4.472ms
[2020-09-03T11:17:52.950+0000][23984][gc,marking   ] GC(572) Concurrent Mark (221.951s)
[2020-09-03T11:17:52.950+0000][23984][gc,marking   ] GC(572) Concurrent Mark From Roots
[2020-09-03T11:17:52.950+0000][23984][gc,task      ] GC(572) Using 2 workers of 2 for marking
[2020-09-03T11:17:53.039+0000][23984][gc,marking   ] GC(572) Concurrent Mark From Roots 89.522ms
[2020-09-03T11:17:53.039+0000][23984][gc,marking   ] GC(572) Concurrent Preclean
[2020-09-03T11:17:53.040+0000][23984][gc,marking   ] GC(572) Concurrent Preclean 0.499ms
[2020-09-03T11:17:53.040+0000][23984][gc,marking   ] GC(572) Concurrent Mark (221.951s, 222.041s) 90.166ms
[2020-09-03T11:17:53.040+0000][23984][gc,start     ] GC(572) Pause Remark
[2020-09-03T11:17:53.045+0000][23984][gc           ] GC(572) Pause Remark 317M->317M(1024M) 5.349ms
[2020-09-03T11:17:53.046+0000][23984][gc,cpu       ] GC(572) User=0.13s Sys=0.00s Real=0.01s
[2020-09-03T11:17:53.046+0000][23984][safepoint    ] Safepoint "G1Concurrent", Time since last: 95414000 ns, Reaching safepoint: 130800 ns, At safepoint: 5547600 ns, Total: 5678400 ns
[2020-09-03T11:17:53.046+0000][23984][gc,marking   ] GC(572) Concurrent Rebuild Remembered Sets
[2020-09-03T11:17:53.112+0000][23984][gc,marking   ] GC(572) Concurrent Rebuild Remembered Sets 66.520ms
[2020-09-03T11:17:53.112+0000][23984][gc,start     ] GC(572) Pause Cleanup
[2020-09-03T11:17:53.113+0000][23984][gc           ] GC(572) Pause Cleanup 384M->384M(1024M) 0.311ms
[2020-09-03T11:17:53.113+0000][23984][gc,cpu       ] GC(572) User=0.00s Sys=0.00s Real=0.00s
[2020-09-03T11:17:53.113+0000][23984][safepoint    ] Safepoint "G1Concurrent", Time since last: 66667800 ns, Reaching safepoint: 140700 ns, At safepoint: 472600 ns, Total: 613300 ns
[2020-09-03T11:17:53.113+0000][23984][gc,marking   ] GC(572) Concurrent Cleanup for Next Mark
[2020-09-03T11:17:53.114+0000][23984][gc,marking   ] GC(572) Concurrent Cleanup for Next Mark 1.417ms
[2020-09-03T11:17:53.115+0000][23984][gc           ] GC(572) Concurrent Cycle 169.974ms
[2020-09-03T11:17:53.201+0000][23984][gc,start     ] GC(573) Pause Young (Concurrent Start) (G1 Humongous Allocation)
[2020-09-03T11:17:53.201+0000][23984][gc,task      ] GC(573) Using 8 workers of 8 for evacuation
[2020-09-03T11:17:53.201+0000][23984][gc,age       ] GC(573) Desired survivor size 33030144 bytes, new threshold 15 (max threshold 15)
[2020-09-03T11:17:53.205+0000][23984][gc,age       ] GC(573) Age table with threshold 15 (max threshold 15)
[2020-09-03T11:17:53.205+0000][23984][gc,age       ] GC(573) - age   1:    3261968 bytes,    3261968 total
[2020-09-03T11:17:53.205+0000][23984][gc,age       ] GC(573) - age   2:     407368 bytes,    3669336 total
[2020-09-03T11:17:53.205+0000][23984][gc,age       ] GC(573) - age   3:     420096 bytes,    4089432 total
[2020-09-03T11:17:53.205+0000][23984][gc,age       ] GC(573) - age   4:     397344 bytes,    4486776 total
[2020-09-03T11:17:53.205+0000][23984][gc,age       ] GC(573) - age   5:     396080 bytes,    4882856 total
[2020-09-03T11:17:53.205+0000][23984][gc,age       ] GC(573) - age   6:     780688 bytes,    5663544 total
[2020-09-03T11:17:53.205+0000][23984][gc,age       ] GC(573) - age   7:       2456 bytes,    5666000 total
[2020-09-03T11:17:53.205+0000][23984][gc,age       ] GC(573) - age   8:       8816 bytes,    5674816 total
[2020-09-03T11:17:53.205+0000][23984][gc,age       ] GC(573) - age   9:       1448 bytes,    5676264 total
[2020-09-03T11:17:53.205+0000][23984][gc,age       ] GC(573) - age  10:        696 bytes,    5676960 total
[2020-09-03T11:17:53.205+0000][23984][gc,age       ] GC(573) - age  11:       1992 bytes,    5678952 total
[2020-09-03T11:17:53.205+0000][23984][gc,age       ] GC(573) - age  12:        192 bytes,    5679144 total
[2020-09-03T11:17:53.205+0000][23984][gc,age       ] GC(573) - age  13:       2504 bytes,    5681648 total
[2020-09-03T11:17:53.205+0000][23984][gc,age       ] GC(573) - age  14:        376 bytes,    5682024 total
[2020-09-03T11:17:53.205+0000][23984][gc,age       ] GC(573) - age  15:       7432 bytes,    5689456 total
[2020-09-03T11:17:53.205+0000][23984][gc,phases    ] GC(573)   Pre Evacuate Collection Set: 0.4ms
[2020-09-03T11:17:53.205+0000][23984][gc,phases    ] GC(573)   Merge Heap Roots: 0.1ms
[2020-09-03T11:17:53.205+0000][23984][gc,phases    ] GC(573)   Evacuate Collection Set: 2.5ms
[2020-09-03T11:17:53.205+0000][23984][gc,phases    ] GC(573)   Post Evacuate Collection Set: 0.7ms
[2020-09-03T11:17:53.205+0000][23984][gc,phases    ] GC(573)   Other: 0.6ms
[2020-09-03T11:17:53.205+0000][23984][gc,heap      ] GC(573) Eden regions: 40->0(494)
[2020-09-03T11:17:53.205+0000][23984][gc,heap      ] GC(573) Survivor regions: 6->6(63)
[2020-09-03T11:17:53.205+0000][23984][gc,heap      ] GC(573) Old regions: 80->80
[2020-09-03T11:17:53.205+0000][23984][gc,heap      ] GC(573) Archive regions: 0->0
[2020-09-03T11:17:53.205+0000][23984][gc,heap      ] GC(573) Humongous regions: 270->174
[2020-09-03T11:17:53.205+0000][23984][gc,metaspace ] GC(573) Metaspace: 88545K(94592K)->88545K(94592K) NonClass: 77334K(80896K)->77334K(80896K) Class: 11210K(13696K)->11210K(13696K)
[2020-09-03T11:17:53.205+0000][23984][gc           ] GC(573) Pause Young (Concurrent Start) (G1 Humongous Allocation) 395M->259M(1024M) 4.435ms
[2020-09-03T11:17:53.205+0000][23984][gc,cpu       ] GC(573) User=0.00s Sys=0.00s Real=0.00s
[2020-09-03T11:17:53.205+0000][23984][safepoint    ] Safepoint "G1TryInitiateConcMark", Time since last: 87849000 ns, Reaching safepoint: 128300 ns, At safepoint: 4544200 ns, Total: 4672500 ns
[2020-09-03T11:17:53.205+0000][23984][gc           ] GC(574) Concurrent Cycle
[2020-09-03T11:17:53.205+0000][23984][gc,marking   ] GC(574) Concurrent Clear Claimed Marks
[2020-09-03T11:17:53.206+0000][23984][gc,marking   ] GC(574) Concurrent Clear Claimed Marks 0.326ms
[2020-09-03T11:17:53.206+0000][23984][gc,marking   ] GC(574) Concurrent Scan Root Regions
[2020-09-03T11:17:53.208+0000][23984][gc,marking   ] GC(574) Concurrent Scan Root Regions 2.399ms
[2020-09-03T11:17:53.208+0000][23984][gc,marking   ] GC(574) Concurrent Mark (222.210s)
[2020-09-03T11:17:53.208+0000][23984][gc,marking   ] GC(574) Concurrent Mark From Roots
[2020-09-03T11:17:53.208+0000][23984][gc,task      ] GC(574) Using 2 workers of 2 for marking
[2020-09-03T11:17:53.300+0000][23984][gc,marking   ] GC(574) Concurrent Mark From Roots 91.366ms
[2020-09-03T11:17:53.300+0000][23984][gc,marking   ] GC(574) Concurrent Preclean
[2020-09-03T11:17:53.300+0000][23984][gc,marking   ] GC(574) Concurrent Preclean 0.523ms
[2020-09-03T11:17:53.300+0000][23984][gc,marking   ] GC(574) Concurrent Mark (222.210s, 222.302s) 92.037ms
[2020-09-03T11:17:53.301+0000][23984][gc,start     ] GC(574) Pause Remark
[2020-09-03T11:17:53.306+0000][23984][gc           ] GC(574) Pause Remark 320M->320M(1024M) 5.267ms
[2020-09-03T11:17:53.306+0000][23984][gc,cpu       ] GC(574) User=0.00s Sys=0.00s Real=0.00s
[2020-09-03T11:17:53.306+0000][23984][safepoint    ] Safepoint "G1Concurrent", Time since last: 95091200 ns, Reaching safepoint: 139700 ns, At safepoint: 5406000 ns, Total: 5545700 ns
[2020-09-03T11:17:53.306+0000][23984][gc,marking   ] GC(574) Concurrent Rebuild Remembered Sets
[2020-09-03T11:17:53.378+0000][23984][gc,marking   ] GC(574) Concurrent Rebuild Remembered Sets 71.603ms
[2020-09-03T11:17:53.378+0000][23984][gc,start     ] GC(574) Pause Cleanup
[2020-09-03T11:17:53.378+0000][23984][gc           ] GC(574) Pause Cleanup 386M->386M(1024M) 0.275ms
[2020-09-03T11:17:53.378+0000][23984][gc,cpu       ] GC(574) User=0.00s Sys=0.00s Real=0.00s
[2020-09-03T11:17:53.378+0000][23984][safepoint    ] Safepoint "G1Concurrent", Time since last: 71755900 ns, Reaching safepoint: 133000 ns, At safepoint: 407400 ns, Total: 540400 ns
[2020-09-03T11:17:53.378+0000][23984][gc,marking   ] GC(574) Concurrent Cleanup for Next Mark
[2020-09-03T11:17:53.380+0000][23984][gc,marking   ] GC(574) Concurrent Cleanup for Next Mark 1.508ms
[2020-09-03T11:17:53.380+0000][23984][gc           ] GC(574) Concurrent Cycle 174.598ms
[2020-09-03T11:17:53.464+0000][23984][gc,start     ] GC(575) Pause Young (Concurrent Start) (G1 Humongous Allocation)
[2020-09-03T11:17:53.464+0000][23984][gc,task      ] GC(575) Using 8 workers of 8 for evacuation
[2020-09-03T11:17:53.464+0000][23984][gc,age       ] GC(575) Desired survivor size 33030144 bytes, new threshold 15 (max threshold 15)
[2020-09-03T11:17:53.468+0000][23984][gc,age       ] GC(575) Age table with threshold 15 (max threshold 15)
[2020-09-03T11:17:53.468+0000][23984][gc,age       ] GC(575) - age   1:    3221400 bytes,    3221400 total
[2020-09-03T11:17:53.468+0000][23984][gc,age       ] GC(575) - age   2:     406776 bytes,    3628176 total
[2020-09-03T11:17:53.468+0000][23984][gc,age       ] GC(575) - age   3:     403256 bytes,    4031432 total
[2020-09-03T11:17:53.468+0000][23984][gc,age       ] GC(575) - age   4:     396768 bytes,    4428200 total
[2020-09-03T11:17:53.468+0000][23984][gc,age       ] GC(575) - age   5:     395976 bytes,    4824176 total
[2020-09-03T11:17:53.468+0000][23984][gc,age       ] GC(575) - age   6:     396016 bytes,    5220192 total
[2020-09-03T11:17:53.468+0000][23984][gc,age       ] GC(575) - age   7:     391240 bytes,    5611432 total
[2020-09-03T11:17:53.468+0000][23984][gc,age       ] GC(575) - age   8:       2152 bytes,    5613584 total
[2020-09-03T11:17:53.468+0000][23984][gc,age       ] GC(575) - age   9:       8752 bytes,    5622336 total
[2020-09-03T11:17:53.468+0000][23984][gc,age       ] GC(575) - age  10:       1384 bytes,    5623720 total
[2020-09-03T11:17:53.468+0000][23984][gc,age       ] GC(575) - age  11:        696 bytes,    5624416 total
[2020-09-03T11:17:53.468+0000][23984][gc,age       ] GC(575) - age  12:       1992 bytes,    5626408 total
[2020-09-03T11:17:53.468+0000][23984][gc,age       ] GC(575) - age  13:        192 bytes,    5626600 total
[2020-09-03T11:17:53.468+0000][23984][gc,age       ] GC(575) - age  14:       2440 bytes,    5629040 total
[2020-09-03T11:17:53.469+0000][23984][gc,age       ] GC(575) - age  15:        376 bytes,    5629416 total
[2020-09-03T11:17:53.469+0000][23984][gc,phases    ] GC(575)   Pre Evacuate Collection Set: 0.4ms
[2020-09-03T11:17:53.469+0000][23984][gc,phases    ] GC(575)   Merge Heap Roots: 0.1ms
[2020-09-03T11:17:53.469+0000][23984][gc,phases    ] GC(575)   Evacuate Collection Set: 2.7ms
[2020-09-03T11:17:53.469+0000][23984][gc,phases    ] GC(575)   Post Evacuate Collection Set: 0.8ms
[2020-09-03T11:17:53.469+0000][23984][gc,phases    ] GC(575)   Other: 1.0ms
[2020-09-03T11:17:53.469+0000][23984][gc,heap      ] GC(575) Eden regions: 40->0(495)
[2020-09-03T11:17:53.469+0000][23984][gc,heap      ] GC(575) Survivor regions: 6->6(63)
[2020-09-03T11:17:53.469+0000][23984][gc,heap      ] GC(575) Old regions: 80->80
[2020-09-03T11:17:53.469+0000][23984][gc,heap      ] GC(575) Archive regions: 0->0
[2020-09-03T11:17:53.469+0000][23984][gc,heap      ] GC(575) Humongous regions: 270->174
[2020-09-03T11:17:53.469+0000][23984][gc,metaspace ] GC(575) Metaspace: 88545K(94592K)->88545K(94592K) NonClass: 77334K(80896K)->77334K(80896K) Class: 11210K(13696K)->11210K(13696K)
[2020-09-03T11:17:53.469+0000][23984][gc           ] GC(575) Pause Young (Concurrent Start) (G1 Humongous Allocation) 395M->259M(1024M) 5.417ms
[2020-09-03T11:17:53.469+0000][23984][gc,cpu       ] GC(575) User=0.11s Sys=0.00s Real=0.01s
[2020-09-03T11:17:53.469+0000][23984][gc           ] GC(576) Concurrent Cycle
[2020-09-03T11:17:53.469+0000][23984][safepoint    ] Safepoint "G1TryInitiateConcMark", Time since last: 85064700 ns, Reaching safepoint: 149300 ns, At safepoint: 5579800 ns, Total: 5729100 ns
[2020-09-03T11:17:53.469+0000][23984][gc,marking   ] GC(576) Concurrent Clear Claimed Marks
[2020-09-03T11:17:53.470+0000][23984][gc,marking   ] GC(576) Concurrent Clear Claimed Marks 0.374ms
[2020-09-03T11:17:53.470+0000][23984][gc,marking   ] GC(576) Concurrent Scan Root Regions
[2020-09-03T11:17:53.473+0000][23984][gc,marking   ] GC(576) Concurrent Scan Root Regions 2.941ms
[2020-09-03T11:17:53.473+0000][23984][gc,marking   ] GC(576) Concurrent Mark (222.474s)
[2020-09-03T11:17:53.473+0000][23984][gc,marking   ] GC(576) Concurrent Mark From Roots
[2020-09-03T11:17:53.473+0000][23984][gc,task      ] GC(576) Using 2 workers of 2 for marking
[2020-09-03T11:17:53.587+0000][23984][gc,marking   ] GC(576) Concurrent Mark From Roots 113.885ms
[2020-09-03T11:17:53.587+0000][23984][gc,marking   ] GC(576) Concurrent Preclean
[2020-09-03T11:17:53.587+0000][23984][gc,marking   ] GC(576) Concurrent Preclean 0.443ms
[2020-09-03T11:17:53.587+0000][23984][gc,marking   ] GC(576) Concurrent Mark (222.474s, 222.589s) 114.469ms
[2020-09-03T11:17:53.587+0000][23984][gc,start     ] GC(576) Pause Remark
[2020-09-03T11:17:53.594+0000][23984][gc           ] GC(576) Pause Remark 317M->317M(1024M) 6.320ms
[2020-09-03T11:17:53.594+0000][23984][gc,cpu       ] GC(576) User=0.09s Sys=0.00s Real=0.01s
[2020-09-03T11:17:53.594+0000][23984][safepoint    ] Safepoint "G1Concurrent", Time since last: 118097000 ns, Reaching safepoint: 131700 ns, At safepoint: 6537900 ns, Total: 6669600 ns
[2020-09-03T11:17:53.594+0000][23984][gc,marking   ] GC(576) Concurrent Rebuild Remembered Sets
[2020-09-03T11:17:53.676+0000][23984][gc,marking   ] GC(576) Concurrent Rebuild Remembered Sets 81.503ms
[2020-09-03T11:17:53.676+0000][23984][gc,start     ] GC(576) Pause Cleanup
[2020-09-03T11:17:53.676+0000][23984][gc           ] GC(576) Pause Cleanup 384M->384M(1024M) 0.253ms
[2020-09-03T11:17:53.676+0000][23984][gc,cpu       ] GC(576) User=0.00s Sys=0.00s Real=0.00s
[2020-09-03T11:17:53.676+0000][23984][safepoint    ] Safepoint "G1Concurrent", Time since last: 81654600 ns, Reaching safepoint: 126900 ns, At safepoint: 391000 ns, Total: 517900 ns
[2020-09-03T11:17:53.676+0000][23984][gc,marking   ] GC(576) Concurrent Cleanup for Next Mark
[2020-09-03T11:17:53.678+0000][23984][gc,marking   ] GC(576) Concurrent Cleanup for Next Mark 1.458ms
[2020-09-03T11:17:53.678+0000][23984][gc           ] GC(576) Concurrent Cycle 208.575ms
[2020-09-03T11:17:53.881+0000][23984][gc,start     ] GC(577) Pause Young (Concurrent Start) (G1 Humongous Allocation)
[2020-09-03T11:17:53.881+0000][23984][gc,task      ] GC(577) Using 8 workers of 8 for evacuation
[2020-09-03T11:17:53.881+0000][23984][gc,age       ] GC(577) Desired survivor size 33030144 bytes, new threshold 15 (max threshold 15)
[2020-09-03T11:17:53.884+0000][23984][gc,age       ] GC(577) Age table with threshold 15 (max threshold 15)
[2020-09-03T11:17:53.884+0000][23984][gc,age       ] GC(577) - age   1:    1059184 bytes,    1059184 total
[2020-09-03T11:17:53.884+0000][23984][gc,age       ] GC(577) - age   2:       2464 bytes,    1061648 total
[2020-09-03T11:17:53.884+0000][23984][gc,age       ] GC(577) - age   3:       1960 bytes,    1063608 total
[2020-09-03T11:17:53.884+0000][23984][gc,age       ] GC(577) - age   4:       1176 bytes,    1064784 total
[2020-09-03T11:17:53.884+0000][23984][gc,age       ] GC(577) - age   5:        784 bytes,    1065568 total
[2020-09-03T11:17:53.884+0000][23984][gc,age       ] GC(577) - age   6:        680 bytes,    1066248 total
[2020-09-03T11:17:53.885+0000][23984][gc,age       ] GC(577) - age   7:        744 bytes,    1066992 total
[2020-09-03T11:17:53.885+0000][23984][gc,age       ] GC(577) - age   8:       1592 bytes,    1068584 total
[2020-09-03T11:17:53.885+0000][23984][gc,age       ] GC(577) - age   9:       1176 bytes,    1069760 total
[2020-09-03T11:17:53.885+0000][23984][gc,age       ] GC(577) - age  10:       8416 bytes,    1078176 total
[2020-09-03T11:17:53.885+0000][23984][gc,age       ] GC(577) - age  11:       1032 bytes,    1079208 total
[2020-09-03T11:17:53.885+0000][23984][gc,age       ] GC(577) - age  12:        632 bytes,    1079840 total
[2020-09-03T11:17:53.885+0000][23984][gc,age       ] GC(577) - age  13:       1576 bytes,    1081416 total
[2020-09-03T11:17:53.885+0000][23984][gc,age       ] GC(577) - age  14:        192 bytes,    1081608 total
[2020-09-03T11:17:53.885+0000][23984][gc,age       ] GC(577) - age  15:       2376 bytes,    1083984 total
[2020-09-03T11:17:53.885+0000][23984][gc,phases    ] GC(577)   Pre Evacuate Collection Set: 0.4ms
[2020-09-03T11:17:53.885+0000][23984][gc,phases    ] GC(577)   Merge Heap Roots: 0.1ms
[2020-09-03T11:17:53.885+0000][23984][gc,phases    ] GC(577)   Evacuate Collection Set: 1.7ms
[2020-09-03T11:17:53.885+0000][23984][gc,phases    ] GC(577)   Post Evacuate Collection Set: 0.5ms
[2020-09-03T11:17:53.885+0000][23984][gc,phases    ] GC(577)   Other: 0.8ms
[2020-09-03T11:17:53.885+0000][23984][gc,heap      ] GC(577) Eden regions: 56->0(501)
[2020-09-03T11:17:53.885+0000][23984][gc,heap      ] GC(577) Survivor regions: 6->2(63)
[2020-09-03T11:17:53.885+0000][23984][gc,heap      ] GC(577) Old regions: 80->80
[2020-09-03T11:17:53.885+0000][23984][gc,heap      ] GC(577) Archive regions: 0->0
[2020-09-03T11:17:53.885+0000][23984][gc,heap      ] GC(577) Humongous regions: 270->174
[2020-09-03T11:17:53.885+0000][23984][gc,metaspace ] GC(577) Metaspace: 88556K(94592K)->88556K(94592K) NonClass: 77345K(80896K)->77345K(80896K) Class: 11210K(13696K)->11210K(13696K)
[2020-09-03T11:17:53.885+0000][23984][gc           ] GC(577) Pause Young (Concurrent Start) (G1 Humongous Allocation) 411M->255M(1024M) 3.840ms
[2020-09-03T11:17:53.885+0000][23984][gc,cpu       ] GC(577) User=0.00s Sys=0.00s Real=0.00s
[2020-09-03T11:17:53.885+0000][23984][safepoint    ] Safepoint "G1TryInitiateConcMark", Time since last: 204836100 ns, Reaching safepoint: 176400 ns, At safepoint: 3967700 ns, Total: 4144100 ns
[2020-09-03T11:17:53.885+0000][23984][gc           ] GC(578) Concurrent Cycle
[2020-09-03T11:17:53.885+0000][23984][gc,marking   ] GC(578) Concurrent Clear Claimed Marks
[2020-09-03T11:17:53.886+0000][23984][gc,marking   ] GC(578) Concurrent Clear Claimed Marks 0.366ms
[2020-09-03T11:17:53.886+0000][23984][gc,marking   ] GC(578) Concurrent Scan Root Regions
[2020-09-03T11:17:53.887+0000][23984][gc,marking   ] GC(578) Concurrent Scan Root Regions 1.135ms
[2020-09-03T11:17:53.887+0000][23984][gc,marking   ] GC(578) Concurrent Mark (222.888s)
[2020-09-03T11:17:53.887+0000][23984][gc,marking   ] GC(578) Concurrent Mark From Roots
[2020-09-03T11:17:53.887+0000][23984][gc,task      ] GC(578) Using 2 workers of 2 for marking
[2020-09-03T11:17:54.013+0000][23984][gc,marking   ] GC(578) Concurrent Mark From Roots 126.326ms
[2020-09-03T11:17:54.013+0000][23984][gc,marking   ] GC(578) Concurrent Preclean
[2020-09-03T11:17:54.014+0000][23984][gc,marking   ] GC(578) Concurrent Preclean 0.449ms
[2020-09-03T11:17:54.014+0000][23984][gc,marking   ] GC(578) Concurrent Mark (222.888s, 223.015s) 126.894ms
[2020-09-03T11:17:54.014+0000][23984][gc,start     ] GC(578) Pause Remark
[2020-09-03T11:17:54.019+0000][23984][gc           ] GC(578) Pause Remark 266M->266M(1024M) 5.169ms
[2020-09-03T11:17:54.019+0000][23984][gc,cpu       ] GC(578) User=0.00s Sys=0.00s Real=0.01s
[2020-09-03T11:17:54.019+0000][23984][safepoint    ] Safepoint "G1Concurrent", Time since last: 128642500 ns, Reaching safepoint: 129800 ns, At safepoint: 5347500 ns, Total: 5477300 ns
[2020-09-03T11:17:54.019+0000][23984][gc,marking   ] GC(578) Concurrent Rebuild Remembered Sets
[2020-09-03T11:17:54.096+0000][23984][gc,marking   ] GC(578) Concurrent Rebuild Remembered Sets 77.145ms
[2020-09-03T11:17:54.097+0000][23984][gc,start     ] GC(578) Pause Cleanup
[2020-09-03T11:17:54.097+0000][23984][gc           ] GC(578) Pause Cleanup 270M->270M(1024M) 0.292ms
[2020-09-03T11:17:54.097+0000][23984][gc,cpu       ] GC(578) User=0.00s Sys=0.00s Real=0.00s
[2020-09-03T11:17:54.097+0000][23984][safepoint    ] Safepoint "G1Concurrent", Time since last: 77354800 ns, Reaching safepoint: 206300 ns, At safepoint: 488300 ns, Total: 694600 ns
[2020-09-03T11:17:54.097+0000][23984][gc,marking   ] GC(578) Concurrent Cleanup for Next Mark
[2020-09-03T11:17:54.099+0000][23984][gc,marking   ] GC(578) Concurrent Cleanup for Next Mark 2.019ms
[2020-09-03T11:17:54.099+0000][23984][gc           ] GC(578) Concurrent Cycle 214.402ms
[2020-09-03T11:17:54.113+0000][23984][gc,start     ] GC(579) Pause Young (Concurrent Start) (G1 Humongous Allocation)
[2020-09-03T11:17:54.113+0000][23984][gc,task      ] GC(579) Using 8 workers of 8 for evacuation
[2020-09-03T11:17:54.113+0000][23984][gc,age       ] GC(579) Desired survivor size 33030144 bytes, new threshold 15 (max threshold 15)
[2020-09-03T11:17:54.118+0000][23984][gc,age       ] GC(579) Age table with threshold 15 (max threshold 15)
[2020-09-03T11:17:54.118+0000][23984][gc,age       ] GC(579) - age   1:   17245048 bytes,   17245048 total
[2020-09-03T11:17:54.118+0000][23984][gc,age       ] GC(579) - age   2:     101328 bytes,   17346376 total
[2020-09-03T11:17:54.118+0000][23984][gc,age       ] GC(579) - age   3:       1520 bytes,   17347896 total
[2020-09-03T11:17:54.118+0000][23984][gc,age       ] GC(579) - age   4:       1032 bytes,   17348928 total
[2020-09-03T11:17:54.118+0000][23984][gc,age       ] GC(579) - age   5:        720 bytes,   17349648 total
[2020-09-03T11:17:54.119+0000][23984][gc,age       ] GC(579) - age   6:        528 bytes,   17350176 total
[2020-09-03T11:17:54.119+0000][23984][gc,age       ] GC(579) - age   7:        616 bytes,   17350792 total
[2020-09-03T11:17:54.119+0000][23984][gc,age       ] GC(579) - age   8:        744 bytes,   17351536 total
[2020-09-03T11:17:54.119+0000][23984][gc,age       ] GC(579) - age   9:       1528 bytes,   17353064 total
[2020-09-03T11:17:54.119+0000][23984][gc,age       ] GC(579) - age  10:       1112 bytes,   17354176 total
[2020-09-03T11:17:54.119+0000][23984][gc,age       ] GC(579) - age  11:       8352 bytes,   17362528 total
[2020-09-03T11:17:54.119+0000][23984][gc,age       ] GC(579) - age  12:       1000 bytes,   17363528 total
[2020-09-03T11:17:54.119+0000][23984][gc,age       ] GC(579) - age  13:        632 bytes,   17364160 total
[2020-09-03T11:17:54.119+0000][23984][gc,age       ] GC(579) - age  14:       1576 bytes,   17365736 total
[2020-09-03T11:17:54.119+0000][23984][gc,age       ] GC(579) - age  15:        192 bytes,   17365928 total
[2020-09-03T11:17:54.119+0000][23984][gc,phases    ] GC(579)   Pre Evacuate Collection Set: 0.4ms
[2020-09-03T11:17:54.119+0000][23984][gc,phases    ] GC(579)   Merge Heap Roots: 0.1ms
[2020-09-03T11:17:54.119+0000][23984][gc,phases    ] GC(579)   Evacuate Collection Set: 4.0ms
[2020-09-03T11:17:54.119+0000][23984][gc,phases    ] GC(579)   Post Evacuate Collection Set: 0.8ms
[2020-09-03T11:17:54.119+0000][23984][gc,phases    ] GC(579)   Other: 1.0ms
[2020-09-03T11:17:54.119+0000][23984][gc,heap      ] GC(579) Eden regions: 43->0(472)
[2020-09-03T11:17:54.119+0000][23984][gc,heap      ] GC(579) Survivor regions: 2->17(63)
[2020-09-03T11:17:54.119+0000][23984][gc,heap      ] GC(579) Old regions: 80->80
[2020-09-03T11:17:54.119+0000][23984][gc,heap      ] GC(579) Archive regions: 0->0
[2020-09-03T11:17:54.119+0000][23984][gc,heap      ] GC(579) Humongous regions: 227->174
[2020-09-03T11:17:54.119+0000][23984][gc,metaspace ] GC(579) Metaspace: 88557K(94592K)->88557K(94592K) NonClass: 77347K(80896K)->77347K(80896K) Class: 11210K(13696K)->11210K(13696K)
[2020-09-03T11:17:54.119+0000][23984][gc           ] GC(579) Pause Young (Concurrent Start) (G1 Humongous Allocation) 351M->270M(1024M) 6.716ms
[2020-09-03T11:17:54.119+0000][23984][gc,cpu       ] GC(579) User=0.00s Sys=0.00s Real=0.01s
[2020-09-03T11:17:54.119+0000][23984][gc           ] GC(580) Concurrent Cycle
[2020-09-03T11:17:54.120+0000][23984][gc,marking   ] GC(580) Concurrent Clear Claimed Marks
[2020-09-03T11:17:54.120+0000][23984][safepoint    ] Safepoint "G1TryInitiateConcMark", Time since last: 15024100 ns, Reaching safepoint: 260200 ns, At safepoint: 7019000 ns, Total: 7279200 ns
[2020-09-03T11:17:54.120+0000][23984][gc,marking   ] GC(580) Concurrent Clear Claimed Marks 0.458ms
[2020-09-03T11:17:54.120+0000][23984][gc,marking   ] GC(580) Concurrent Scan Root Regions
[2020-09-03T11:17:54.124+0000][23984][gc,marking   ] GC(580) Concurrent Scan Root Regions 3.645ms
[2020-09-03T11:17:54.124+0000][23984][gc,marking   ] GC(580) Concurrent Mark (223.125s)
[2020-09-03T11:17:54.124+0000][23984][gc,marking   ] GC(580) Concurrent Mark From Roots
[2020-09-03T11:17:54.124+0000][23984][gc,task      ] GC(580) Using 2 workers of 2 for marking
[2020-09-03T11:17:54.281+0000][23984][gc,marking   ] GC(580) Concurrent Mark From Roots 157.255ms
[2020-09-03T11:17:54.281+0000][23984][gc,marking   ] GC(580) Concurrent Preclean
[2020-09-03T11:17:54.282+0000][23984][gc,marking   ] GC(580) Concurrent Preclean 0.662ms
[2020-09-03T11:17:54.282+0000][23984][gc,marking   ] GC(580) Concurrent Mark (223.125s, 223.284s) 158.124ms
[2020-09-03T11:17:54.282+0000][23984][gc,start     ] GC(580) Pause Remark
[2020-09-03T11:17:54.289+0000][23984][gc           ] GC(580) Pause Remark 515M->515M(1024M) 6.703ms
[2020-09-03T11:17:54.289+0000][23984][gc,cpu       ] GC(580) User=0.00s Sys=0.00s Real=0.01s
[2020-09-03T11:17:54.289+0000][23984][safepoint    ] Safepoint "G1Concurrent", Time since last: 162513800 ns, Reaching safepoint: 167200 ns, At safepoint: 6922700 ns, Total: 7089900 ns
[2020-09-03T11:17:54.289+0000][23984][gc,marking   ] GC(580) Concurrent Rebuild Remembered Sets
[2020-09-03T11:17:54.391+0000][23984][gc,marking   ] GC(580) Concurrent Rebuild Remembered Sets 101.860ms
[2020-09-03T11:17:54.392+0000][23984][gc,start     ] GC(580) Pause Cleanup
[2020-09-03T11:17:54.392+0000][23984][gc           ] GC(580) Pause Cleanup 585M->585M(1024M) 0.366ms
[2020-09-03T11:17:54.392+0000][23984][gc,cpu       ] GC(580) User=0.00s Sys=0.00s Real=0.00s
[2020-09-03T11:17:54.392+0000][23984][safepoint    ] Safepoint "G1Concurrent", Time since last: 102053600 ns, Reaching safepoint: 326400 ns, At safepoint: 603500 ns, Total: 929900 ns
[2020-09-03T11:17:54.392+0000][23984][gc,marking   ] GC(580) Concurrent Cleanup for Next Mark
[2020-09-03T11:17:54.394+0000][23984][gc,marking   ] GC(580) Concurrent Cleanup for Next Mark 1.563ms
[2020-09-03T11:17:54.394+0000][23984][gc           ] GC(580) Concurrent Cycle 274.471ms
[2020-09-03T11:17:54.397+0000][23984][gc,start     ] GC(581) Pause Young (Concurrent Start) (G1 Humongous Allocation)
[2020-09-03T11:17:54.397+0000][23984][gc,task      ] GC(581) Using 8 workers of 8 for evacuation
[2020-09-03T11:17:54.397+0000][23984][gc,age       ] GC(581) Desired survivor size 32505856 bytes, new threshold 15 (max threshold 15)
[2020-09-03T11:17:54.401+0000][23984][gc,age       ] GC(581) Age table with threshold 15 (max threshold 15)
[2020-09-03T11:17:54.401+0000][23984][gc,age       ] GC(581) - age   1:    3254800 bytes,    3254800 total
[2020-09-03T11:17:54.401+0000][23984][gc,age       ] GC(581) - age   2:    3345712 bytes,    6600512 total
[2020-09-03T11:17:54.401+0000][23984][gc,age       ] GC(581) - age   3:      97864 bytes,    6698376 total
[2020-09-03T11:17:54.401+0000][23984][gc,age       ] GC(581) - age   4:       1136 bytes,    6699512 total
[2020-09-03T11:17:54.402+0000][23984][gc,age       ] GC(581) - age   5:       1032 bytes,    6700544 total
[2020-09-03T11:17:54.402+0000][23984][gc,age       ] GC(581) - age   6:        592 bytes,    6701136 total
[2020-09-03T11:17:54.402+0000][23984][gc,age       ] GC(581) - age   7:        528 bytes,    6701664 total
[2020-09-03T11:17:54.402+0000][23984][gc,age       ] GC(581) - age   8:        520 bytes,    6702184 total
[2020-09-03T11:17:54.402+0000][23984][gc,age       ] GC(581) - age   9:        744 bytes,    6702928 total
[2020-09-03T11:17:54.402+0000][23984][gc,age       ] GC(581) - age  10:       1400 bytes,    6704328 total
[2020-09-03T11:17:54.402+0000][23984][gc,age       ] GC(581) - age  11:       1112 bytes,    6705440 total
[2020-09-03T11:17:54.402+0000][23984][gc,age       ] GC(581) - age  12:       8352 bytes,    6713792 total
[2020-09-03T11:17:54.402+0000][23984][gc,age       ] GC(581) - age  13:       1000 bytes,    6714792 total
[2020-09-03T11:17:54.402+0000][23984][gc,age       ] GC(581) - age  14:        632 bytes,    6715424 total
[2020-09-03T11:17:54.402+0000][23984][gc,age       ] GC(581) - age  15:       1520 bytes,    6716944 total
[2020-09-03T11:17:54.402+0000][23984][gc,phases    ] GC(581)   Pre Evacuate Collection Set: 0.5ms
[2020-09-03T11:17:54.402+0000][23984][gc,phases    ] GC(581)   Merge Heap Roots: 0.1ms
[2020-09-03T11:17:54.402+0000][23984][gc,phases    ] GC(581)   Evacuate Collection Set: 2.5ms
[2020-09-03T11:17:54.402+0000][23984][gc,phases    ] GC(581)   Post Evacuate Collection Set: 1.1ms
[2020-09-03T11:17:54.402+0000][23984][gc,phases    ] GC(581)   Other: 1.4ms
[2020-09-03T11:17:54.402+0000][23984][gc,heap      ] GC(581) Eden regions: 78->0(485)
[2020-09-03T11:17:54.403+0000][23984][gc,heap      ] GC(581) Survivor regions: 17->7(62)
[2020-09-03T11:17:54.403+0000][23984][gc,heap      ] GC(581) Old regions: 80->80
[2020-09-03T11:17:54.403+0000][23984][gc,heap      ] GC(581) Archive regions: 0->0
[2020-09-03T11:17:54.403+0000][23984][gc,heap      ] GC(581) Humongous regions: 413->174
[2020-09-03T11:17:54.403+0000][23984][gc,metaspace ] GC(581) Metaspace: 88557K(94592K)->88557K(94592K) NonClass: 77347K(80896K)->77347K(80896K) Class: 11210K(13696K)->11210K(13696K)
[2020-09-03T11:17:54.403+0000][23984][gc           ] GC(581) Pause Young (Concurrent Start) (G1 Humongous Allocation) 587M->260M(1024M) 6.082ms
[2020-09-03T11:17:54.403+0000][23984][gc,cpu       ] GC(581) User=0.00s Sys=0.00s Real=0.01s
[2020-09-03T11:17:54.403+0000][23984][gc           ] GC(582) Concurrent Cycle
[2020-09-03T11:17:54.403+0000][23984][safepoint    ] Safepoint "G1TryInitiateConcMark", Time since last: 4272400 ns, Reaching safepoint: 179500 ns, At safepoint: 6315200 ns, Total: 6494700 ns
[2020-09-03T11:17:54.403+0000][23984][gc,marking   ] GC(582) Concurrent Clear Claimed Marks
[2020-09-03T11:17:54.404+0000][23984][gc,marking   ] GC(582) Concurrent Clear Claimed Marks 0.602ms
[2020-09-03T11:17:54.404+0000][23984][gc,marking   ] GC(582) Concurrent Scan Root Regions
[2020-09-03T11:17:54.407+0000][23984][gc,marking   ] GC(582) Concurrent Scan Root Regions 3.126ms
[2020-09-03T11:17:54.407+0000][23984][gc,marking   ] GC(582) Concurrent Mark (223.408s)
[2020-09-03T11:17:54.407+0000][23984][gc,marking   ] GC(582) Concurrent Mark From Roots
[2020-09-03T11:17:54.407+0000][23984][gc,task      ] GC(582) Using 2 workers of 2 for marking
[2020-09-03T11:17:54.571+0000][23984][gc,marking   ] GC(582) Concurrent Mark From Roots 164.411ms
[2020-09-03T11:17:54.571+0000][23984][gc,marking   ] GC(582) Concurrent Preclean
[2020-09-03T11:17:54.572+0000][23984][gc,marking   ] GC(582) Concurrent Preclean 0.618ms
[2020-09-03T11:17:54.572+0000][23984][gc,marking   ] GC(582) Concurrent Mark (223.408s, 223.574s) 165.218ms
[2020-09-03T11:17:54.572+0000][23984][gc,start     ] GC(582) Pause Remark
[2020-09-03T11:17:54.578+0000][23984][gc           ] GC(582) Pause Remark 387M->387M(1024M) 5.803ms
[2020-09-03T11:17:54.578+0000][23984][gc,cpu       ] GC(582) User=0.13s Sys=0.00s Real=0.01s
[2020-09-03T11:17:54.578+0000][23984][safepoint    ] Safepoint "G1Concurrent", Time since last: 169266800 ns, Reaching safepoint: 142500 ns, At safepoint: 6073200 ns, Total: 6215700 ns
[2020-09-03T11:17:54.578+0000][23984][gc,marking   ] GC(582) Concurrent Rebuild Remembered Sets
[2020-09-03T11:17:54.676+0000][23984][gc,marking   ] GC(582) Concurrent Rebuild Remembered Sets 97.844ms
[2020-09-03T11:17:54.677+0000][23984][gc,start     ] GC(582) Pause Cleanup
[2020-09-03T11:17:54.677+0000][23984][gc           ] GC(582) Pause Cleanup 451M->451M(1024M) 0.335ms
[2020-09-03T11:17:54.677+0000][23984][gc,cpu       ] GC(582) User=0.00s Sys=0.00s Real=0.00s
[2020-09-03T11:17:54.677+0000][23984][safepoint    ] Safepoint "G1Concurrent", Time since last: 98151200 ns, Reaching safepoint: 209700 ns, At safepoint: 483600 ns, Total: 693300 ns
[2020-09-03T11:17:54.677+0000][23984][gc,marking   ] GC(582) Concurrent Cleanup for Next Mark
[2020-09-03T11:17:54.679+0000][23984][gc,marking   ] GC(582) Concurrent Cleanup for Next Mark 2.007ms
[2020-09-03T11:17:54.679+0000][23984][gc           ] GC(582) Concurrent Cycle 276.550ms
[2020-09-03T11:17:54.823+0000][23984][gc,start     ] GC(583) Pause Young (Concurrent Start) (G1 Humongous Allocation)
[2020-09-03T11:17:54.824+0000][23984][gc,task      ] GC(583) Using 8 workers of 8 for evacuation
[2020-09-03T11:17:54.824+0000][23984][gc,age       ] GC(583) Desired survivor size 32505856 bytes, new threshold 15 (max threshold 15)
[2020-09-03T11:17:54.828+0000][23984][gc,age       ] GC(583) Age table with threshold 15 (max threshold 15)
[2020-09-03T11:17:54.828+0000][23984][gc,age       ] GC(583) - age   1:    4192560 bytes,    4192560 total
[2020-09-03T11:17:54.828+0000][23984][gc,age       ] GC(583) - age   2:     399664 bytes,    4592224 total
[2020-09-03T11:17:54.828+0000][23984][gc,age       ] GC(583) - age   3:       7632 bytes,    4599856 total
[2020-09-03T11:17:54.828+0000][23984][gc,age       ] GC(583) - age   4:      89264 bytes,    4689120 total
[2020-09-03T11:17:54.828+0000][23984][gc,age       ] GC(583) - age   5:       1008 bytes,    4690128 total
[2020-09-03T11:17:54.828+0000][23984][gc,age       ] GC(583) - age   6:        728 bytes,    4690856 total
[2020-09-03T11:17:54.828+0000][23984][gc,age       ] GC(583) - age   7:        432 bytes,    4691288 total
[2020-09-03T11:17:54.828+0000][23984][gc,age       ] GC(583) - age   8:        496 bytes,    4691784 total
[2020-09-03T11:17:54.828+0000][23984][gc,age       ] GC(583) - age   9:        520 bytes,    4692304 total
[2020-09-03T11:17:54.828+0000][23984][gc,age       ] GC(583) - age  10:        616 bytes,    4692920 total
[2020-09-03T11:17:54.828+0000][23984][gc,age       ] GC(583) - age  11:       1240 bytes,    4694160 total
[2020-09-03T11:17:54.828+0000][23984][gc,age       ] GC(583) - age  12:        856 bytes,    4695016 total
[2020-09-03T11:17:54.828+0000][23984][gc,age       ] GC(583) - age  13:       8288 bytes,    4703304 total
[2020-09-03T11:17:54.828+0000][23984][gc,age       ] GC(583) - age  14:        936 bytes,    4704240 total
[2020-09-03T11:17:54.828+0000][23984][gc,age       ] GC(583) - age  15:        632 bytes,    4704872 total
[2020-09-03T11:17:54.828+0000][23984][gc,phases    ] GC(583)   Pre Evacuate Collection Set: 0.4ms
[2020-09-03T11:17:54.828+0000][23984][gc,phases    ] GC(583)   Merge Heap Roots: 0.1ms
[2020-09-03T11:17:54.828+0000][23984][gc,phases    ] GC(583)   Evacuate Collection Set: 2.6ms
[2020-09-03T11:17:54.828+0000][23984][gc,phases    ] GC(583)   Post Evacuate Collection Set: 0.9ms
[2020-09-03T11:17:54.828+0000][23984][gc,phases    ] GC(583)   Other: 0.9ms
[2020-09-03T11:17:54.829+0000][23984][gc,heap      ] GC(583) Eden regions: 70->0(488)
[2020-09-03T11:17:54.829+0000][23984][gc,heap      ] GC(583) Survivor regions: 7->6(62)
[2020-09-03T11:17:54.829+0000][23984][gc,heap      ] GC(583) Old regions: 80->80
[2020-09-03T11:17:54.829+0000][23984][gc,heap      ] GC(583) Archive regions: 0->0
[2020-09-03T11:17:54.829+0000][23984][gc,heap      ] GC(583) Humongous regions: 318->174
[2020-09-03T11:17:54.829+0000][23984][gc,metaspace ] GC(583) Metaspace: 88557K(94592K)->88557K(94592K) NonClass: 77347K(80896K)->77347K(80896K) Class: 11210K(13696K)->11210K(13696K)
[2020-09-03T11:17:54.829+0000][23984][gc           ] GC(583) Pause Young (Concurrent Start) (G1 Humongous Allocation) 474M->258M(1024M) 5.216ms
[2020-09-03T11:17:54.829+0000][23984][gc,cpu       ] GC(583) User=0.11s Sys=0.00s Real=0.01s
[2020-09-03T11:17:54.829+0000][23984][safepoint    ] Safepoint "G1TryInitiateConcMark", Time since last: 146026200 ns, Reaching safepoint: 121000 ns, At safepoint: 5352700 ns, Total: 5473700 ns
[2020-09-03T11:17:54.829+0000][23984][gc           ] GC(584) Concurrent Cycle
[2020-09-03T11:17:54.829+0000][23984][gc,marking   ] GC(584) Concurrent Clear Claimed Marks
[2020-09-03T11:17:54.829+0000][23984][gc,marking   ] GC(584) Concurrent Clear Claimed Marks 0.318ms
[2020-09-03T11:17:54.829+0000][23984][gc,marking   ] GC(584) Concurrent Scan Root Regions
[2020-09-03T11:17:54.832+0000][23984][gc,marking   ] GC(584) Concurrent Scan Root Regions 2.361ms
[2020-09-03T11:17:54.832+0000][23984][gc,marking   ] GC(584) Concurrent Mark (223.833s)
[2020-09-03T11:17:54.832+0000][23984][gc,marking   ] GC(584) Concurrent Mark From Roots
[2020-09-03T11:17:54.832+0000][23984][gc,task      ] GC(584) Using 2 workers of 2 for marking
[2020-09-03T11:17:54.954+0000][23984][gc,marking   ] GC(584) Concurrent Mark From Roots 122.641ms
[2020-09-03T11:17:54.954+0000][23984][gc,marking   ] GC(584) Concurrent Preclean
[2020-09-03T11:17:54.955+0000][23984][gc,marking   ] GC(584) Concurrent Preclean 0.631ms
[2020-09-03T11:17:54.955+0000][23984][gc,marking   ] GC(584) Concurrent Mark (223.833s, 223.957s) 123.438ms
[2020-09-03T11:17:54.955+0000][23984][gc,start     ] GC(584) Pause Remark
[2020-09-03T11:17:54.963+0000][23984][gc           ] GC(584) Pause Remark 318M->318M(1024M) 7.607ms
[2020-09-03T11:17:54.963+0000][23984][gc,cpu       ] GC(584) User=0.00s Sys=0.00s Real=0.01s
[2020-09-03T11:17:54.963+0000][23984][safepoint    ] Safepoint "G1Concurrent", Time since last: 126427400 ns, Reaching safepoint: 136100 ns, At safepoint: 7844500 ns, Total: 7980600 ns
[2020-09-03T11:17:54.963+0000][23984][gc,marking   ] GC(584) Concurrent Rebuild Remembered Sets
[2020-09-03T11:17:55.054+0000][23984][gc,marking   ] GC(584) Concurrent Rebuild Remembered Sets 91.157ms
[2020-09-03T11:17:55.055+0000][23984][gc,start     ] GC(584) Pause Cleanup
[2020-09-03T11:17:55.055+0000][23984][gc           ] GC(584) Pause Cleanup 386M->386M(1024M) 0.298ms
[2020-09-03T11:17:55.055+0000][23984][gc,cpu       ] GC(584) User=0.00s Sys=0.00s Real=0.00s
[2020-09-03T11:17:55.055+0000][23984][safepoint    ] Safepoint "G1Concurrent", Time since last: 91328100 ns, Reaching safepoint: 145200 ns, At safepoint: 489300 ns, Total: 634500 ns
[2020-09-03T11:17:55.055+0000][23984][gc,marking   ] GC(584) Concurrent Cleanup for Next Mark
[2020-09-03T11:17:55.057+0000][23984][gc,marking   ] GC(584) Concurrent Cleanup for Next Mark 1.532ms
[2020-09-03T11:17:55.057+0000][23984][gc           ] GC(584) Concurrent Cycle 228.120ms
[2020-09-03T11:17:55.172+0000][23984][gc,start     ] GC(585) Pause Young (Concurrent Start) (G1 Humongous Allocation)
[2020-09-03T11:17:55.172+0000][23984][gc,task      ] GC(585) Using 8 workers of 8 for evacuation
[2020-09-03T11:17:55.172+0000][23984][gc,age       ] GC(585) Desired survivor size 32505856 bytes, new threshold 15 (max threshold 15)
[2020-09-03T11:17:55.176+0000][23984][gc,age       ] GC(585) Age table with threshold 15 (max threshold 15)
[2020-09-03T11:17:55.176+0000][23984][gc,age       ] GC(585) - age   1:    3208456 bytes,    3208456 total
[2020-09-03T11:17:55.176+0000][23984][gc,age       ] GC(585) - age   2:     982320 bytes,    4190776 total
[2020-09-03T11:17:55.176+0000][23984][gc,age       ] GC(585) - age   3:     398216 bytes,    4588992 total
[2020-09-03T11:17:55.176+0000][23984][gc,age       ] GC(585) - age   4:       4920 bytes,    4593912 total
[2020-09-03T11:17:55.176+0000][23984][gc,age       ] GC(585) - age   5:      88368 bytes,    4682280 total
[2020-09-03T11:17:55.176+0000][23984][gc,age       ] GC(585) - age   6:        752 bytes,    4683032 total
[2020-09-03T11:17:55.176+0000][23984][gc,age       ] GC(585) - age   7:        632 bytes,    4683664 total
[2020-09-03T11:17:55.176+0000][23984][gc,age       ] GC(585) - age   8:        272 bytes,    4683936 total
[2020-09-03T11:17:55.176+0000][23984][gc,age       ] GC(585) - age   9:        496 bytes,    4684432 total
[2020-09-03T11:17:55.176+0000][23984][gc,age       ] GC(585) - age  10:        520 bytes,    4684952 total
[2020-09-03T11:17:55.176+0000][23984][gc,age       ] GC(585) - age  11:        616 bytes,    4685568 total
[2020-09-03T11:17:55.176+0000][23984][gc,age       ] GC(585) - age  12:       1240 bytes,    4686808 total
[2020-09-03T11:17:55.176+0000][23984][gc,age       ] GC(585) - age  13:        856 bytes,    4687664 total
[2020-09-03T11:17:55.176+0000][23984][gc,age       ] GC(585) - age  14:       8288 bytes,    4695952 total
[2020-09-03T11:17:55.176+0000][23984][gc,age       ] GC(585) - age  15:        936 bytes,    4696888 total
[2020-09-03T11:17:55.177+0000][23984][gc,phases    ] GC(585)   Pre Evacuate Collection Set: 0.4ms
[2020-09-03T11:17:55.177+0000][23984][gc,phases    ] GC(585)   Merge Heap Roots: 0.1ms
[2020-09-03T11:17:55.177+0000][23984][gc,phases    ] GC(585)   Evacuate Collection Set: 2.4ms
[2020-09-03T11:17:55.177+0000][23984][gc,phases    ] GC(585)   Post Evacuate Collection Set: 0.6ms
[2020-09-03T11:17:55.177+0000][23984][gc,phases    ] GC(585)   Other: 0.9ms
[2020-09-03T11:17:55.177+0000][23984][gc,heap      ] GC(585) Eden regions: 42->0(491)
[2020-09-03T11:17:55.177+0000][23984][gc,heap      ] GC(585) Survivor regions: 6->5(62)
[2020-09-03T11:17:55.177+0000][23984][gc,heap      ] GC(585) Old regions: 80->80
[2020-09-03T11:17:55.177+0000][23984][gc,heap      ] GC(585) Archive regions: 0->0
[2020-09-03T11:17:55.177+0000][23984][gc,heap      ] GC(585) Humongous regions: 270->174
[2020-09-03T11:17:55.177+0000][23984][gc,metaspace ] GC(585) Metaspace: 88557K(94592K)->88557K(94592K) NonClass: 77347K(80896K)->77347K(80896K) Class: 11210K(13696K)->11210K(13696K)
[2020-09-03T11:17:55.177+0000][23984][gc           ] GC(585) Pause Young (Concurrent Start) (G1 Humongous Allocation) 396M->258M(1024M) 4.821ms
[2020-09-03T11:17:55.177+0000][23984][gc,cpu       ] GC(585) User=0.00s Sys=0.00s Real=0.01s
[2020-09-03T11:17:55.177+0000][23984][safepoint    ] Safepoint "G1TryInitiateConcMark", Time since last: 116831800 ns, Reaching safepoint: 128100 ns, At safepoint: 4970900 ns, Total: 5099000 ns
[2020-09-03T11:17:55.177+0000][23984][gc           ] GC(586) Concurrent Cycle
[2020-09-03T11:17:55.177+0000][23984][gc,marking   ] GC(586) Concurrent Clear Claimed Marks
[2020-09-03T11:17:55.177+0000][23984][gc,marking   ] GC(586) Concurrent Clear Claimed Marks 0.299ms
[2020-09-03T11:17:55.177+0000][23984][gc,marking   ] GC(586) Concurrent Scan Root Regions
[2020-09-03T11:17:55.180+0000][23984][gc,marking   ] GC(586) Concurrent Scan Root Regions 2.871ms
[2020-09-03T11:17:55.180+0000][23984][gc,marking   ] GC(586) Concurrent Mark (224.182s)
[2020-09-03T11:17:55.181+0000][23984][gc,marking   ] GC(586) Concurrent Mark From Roots
[2020-09-03T11:17:55.181+0000][23984][gc,task      ] GC(586) Using 2 workers of 2 for marking
[2020-09-03T11:17:55.315+0000][23984][gc,marking   ] GC(586) Concurrent Mark From Roots 134.267ms
[2020-09-03T11:17:55.315+0000][23984][gc,marking   ] GC(586) Concurrent Preclean
[2020-09-03T11:17:55.315+0000][23984][gc,marking   ] GC(586) Concurrent Preclean 0.406ms
[2020-09-03T11:17:55.315+0000][23984][gc,marking   ] GC(586) Concurrent Mark (224.182s, 224.317s) 134.814ms
[2020-09-03T11:17:55.316+0000][23984][gc,start     ] GC(586) Pause Remark
[2020-09-03T11:17:55.322+0000][23984][gc           ] GC(586) Pause Remark 318M->318M(1024M) 6.194ms
[2020-09-03T11:17:55.322+0000][23984][gc,cpu       ] GC(586) User=0.00s Sys=0.00s Real=0.01s
[2020-09-03T11:17:55.322+0000][23984][safepoint    ] Safepoint "G1Concurrent", Time since last: 138300700 ns, Reaching safepoint: 135100 ns, At safepoint: 6364400 ns, Total: 6499500 ns
[2020-09-03T11:17:55.322+0000][23984][gc,marking   ] GC(586) Concurrent Rebuild Remembered Sets
[2020-09-03T11:17:55.405+0000][23984][gc,marking   ] GC(586) Concurrent Rebuild Remembered Sets 83.296ms
[2020-09-03T11:17:55.405+0000][23984][gc,start     ] GC(586) Pause Cleanup
[2020-09-03T11:17:55.406+0000][23984][gc           ] GC(586) Pause Cleanup 386M->386M(1024M) 0.276ms
[2020-09-03T11:17:55.406+0000][23984][gc,cpu       ] GC(586) User=0.00s Sys=0.00s Real=0.00s
[2020-09-03T11:17:55.406+0000][23984][safepoint    ] Safepoint "G1Concurrent", Time since last: 83441400 ns, Reaching safepoint: 131800 ns, At safepoint: 465000 ns, Total: 596800 ns
[2020-09-03T11:17:55.406+0000][23984][gc,marking   ] GC(586) Concurrent Cleanup for Next Mark
[2020-09-03T11:17:55.407+0000][23984][gc,marking   ] GC(586) Concurrent Cleanup for Next Mark 1.444ms
[2020-09-03T11:17:55.408+0000][23984][gc           ] GC(586) Concurrent Cycle 230.486ms
[2020-09-03T11:17:55.531+0000][23984][gc,start     ] GC(587) Pause Young (Concurrent Start) (G1 Humongous Allocation)
[2020-09-03T11:17:55.531+0000][23984][gc,task      ] GC(587) Using 8 workers of 8 for evacuation
[2020-09-03T11:17:55.531+0000][23984][gc,age       ] GC(587) Desired survivor size 32505856 bytes, new threshold 15 (max threshold 15)
[2020-09-03T11:17:55.536+0000][23984][gc,age       ] GC(587) Age table with threshold 15 (max threshold 15)
[2020-09-03T11:17:55.536+0000][23984][gc,age       ] GC(587) - age   1:    3217904 bytes,    3217904 total
[2020-09-03T11:17:55.536+0000][23984][gc,age       ] GC(587) - age   2:     403320 bytes,    3621224 total
[2020-09-03T11:17:55.536+0000][23984][gc,age       ] GC(587) - age   3:     589712 bytes,    4210936 total
[2020-09-03T11:17:55.536+0000][23984][gc,age       ] GC(587) - age   4:     395792 bytes,    4606728 total
[2020-09-03T11:17:55.536+0000][23984][gc,age       ] GC(587) - age   5:       3632 bytes,    4610360 total
[2020-09-03T11:17:55.536+0000][23984][gc,age       ] GC(587) - age   6:      88368 bytes,    4698728 total
[2020-09-03T11:17:55.536+0000][23984][gc,age       ] GC(587) - age   7:        528 bytes,    4699256 total
[2020-09-03T11:17:55.536+0000][23984][gc,age       ] GC(587) - age   8:        472 bytes,    4699728 total
[2020-09-03T11:17:55.536+0000][23984][gc,age       ] GC(587) - age   9:        272 bytes,    4700000 total
[2020-09-03T11:17:55.536+0000][23984][gc,age       ] GC(587) - age  10:        496 bytes,    4700496 total
[2020-09-03T11:17:55.536+0000][23984][gc,age       ] GC(587) - age  11:        456 bytes,    4700952 total
[2020-09-03T11:17:55.536+0000][23984][gc,age       ] GC(587) - age  12:        552 bytes,    4701504 total
[2020-09-03T11:17:55.536+0000][23984][gc,age       ] GC(587) - age  13:       1240 bytes,    4702744 total
[2020-09-03T11:17:55.536+0000][23984][gc,age       ] GC(587) - age  14:        856 bytes,    4703600 total
[2020-09-03T11:17:55.536+0000][23984][gc,age       ] GC(587) - age  15:       8288 bytes,    4711888 total
[2020-09-03T11:17:55.536+0000][23984][gc,phases    ] GC(587)   Pre Evacuate Collection Set: 0.4ms
[2020-09-03T11:17:55.536+0000][23984][gc,phases    ] GC(587)   Merge Heap Roots: 0.1ms
[2020-09-03T11:17:55.536+0000][23984][gc,phases    ] GC(587)   Evacuate Collection Set: 3.5ms
[2020-09-03T11:17:55.536+0000][23984][gc,phases    ] GC(587)   Post Evacuate Collection Set: 0.7ms
[2020-09-03T11:17:55.536+0000][23984][gc,phases    ] GC(587)   Other: 0.9ms
[2020-09-03T11:17:55.536+0000][23984][gc,heap      ] GC(587) Eden regions: 42->0(493)
[2020-09-03T11:17:55.536+0000][23984][gc,heap      ] GC(587) Survivor regions: 5->5(62)
[2020-09-03T11:17:55.536+0000][23984][gc,heap      ] GC(587) Old regions: 80->80
[2020-09-03T11:17:55.536+0000][23984][gc,heap      ] GC(587) Archive regions: 0->0
[2020-09-03T11:17:55.536+0000][23984][gc,heap      ] GC(587) Humongous regions: 270->174
[2020-09-03T11:17:55.537+0000][23984][gc,metaspace ] GC(587) Metaspace: 88557K(94592K)->88557K(94592K) NonClass: 77347K(80896K)->77347K(80896K) Class: 11210K(13696K)->11210K(13696K)
[2020-09-03T11:17:55.537+0000][23984][gc           ] GC(587) Pause Young (Concurrent Start) (G1 Humongous Allocation) 396M->258M(1024M) 6.050ms
[2020-09-03T11:17:55.537+0000][23984][gc,cpu       ] GC(587) User=0.00s Sys=0.00s Real=0.01s
[2020-09-03T11:17:55.537+0000][23984][gc           ] GC(588) Concurrent Cycle
[2020-09-03T11:17:55.537+0000][23984][safepoint    ] Safepoint "G1TryInitiateConcMark", Time since last: 124433600 ns, Reaching safepoint: 145600 ns, At safepoint: 6255000 ns, Total: 6400600 ns
[2020-09-03T11:17:55.537+0000][23984][gc,marking   ] GC(588) Concurrent Clear Claimed Marks
[2020-09-03T11:17:55.537+0000][23984][gc,marking   ] GC(588) Concurrent Clear Claimed Marks 0.447ms
[2020-09-03T11:17:55.537+0000][23984][gc,marking   ] GC(588) Concurrent Scan Root Regions
[2020-09-03T11:17:55.540+0000][23984][gc,marking   ] GC(588) Concurrent Scan Root Regions 2.898ms
[2020-09-03T11:17:55.540+0000][23984][gc,marking   ] GC(588) Concurrent Mark (224.542s)
[2020-09-03T11:17:55.540+0000][23984][gc,marking   ] GC(588) Concurrent Mark From Roots
[2020-09-03T11:17:55.540+0000][23984][gc,task      ] GC(588) Using 2 workers of 2 for marking
[2020-09-03T11:17:55.682+0000][23984][gc,marking   ] GC(588) Concurrent Mark From Roots 141.965ms
[2020-09-03T11:17:55.682+0000][23984][gc,marking   ] GC(588) Concurrent Preclean
[2020-09-03T11:17:55.683+0000][23984][gc,marking   ] GC(588) Concurrent Preclean 0.563ms
[2020-09-03T11:17:55.683+0000][23984][gc,marking   ] GC(588) Concurrent Mark (224.542s, 224.685s) 142.689ms
[2020-09-03T11:17:55.683+0000][23984][gc,start     ] GC(588) Pause Remark
[2020-09-03T11:17:55.690+0000][23984][gc           ] GC(588) Pause Remark 317M->317M(1024M) 6.509ms
[2020-09-03T11:17:55.690+0000][23984][gc,cpu       ] GC(588) User=0.11s Sys=0.00s Real=0.01s
[2020-09-03T11:17:55.690+0000][23984][safepoint    ] Safepoint "G1Concurrent", Time since last: 146342800 ns, Reaching safepoint: 144300 ns, At safepoint: 6752500 ns, Total: 6896800 ns
[2020-09-03T11:17:55.690+0000][23984][gc,marking   ] GC(588) Concurrent Rebuild Remembered Sets
[2020-09-03T11:17:55.782+0000][23984][gc,marking   ] GC(588) Concurrent Rebuild Remembered Sets 91.634ms
[2020-09-03T11:17:55.782+0000][23984][gc,start     ] GC(588) Pause Cleanup
[2020-09-03T11:17:55.782+0000][23984][gc           ] GC(588) Pause Cleanup 385M->385M(1024M) 0.317ms
[2020-09-03T11:17:55.782+0000][23984][gc,cpu       ] GC(588) User=0.00s Sys=0.00s Real=0.00s
[2020-09-03T11:17:55.782+0000][23984][safepoint    ] Safepoint "G1Concurrent", Time since last: 91846100 ns, Reaching safepoint: 152700 ns, At safepoint: 487900 ns, Total: 640600 ns
[2020-09-03T11:17:55.783+0000][23984][gc,marking   ] GC(588) Concurrent Cleanup for Next Mark
[2020-09-03T11:17:55.784+0000][23984][gc,marking   ] GC(588) Concurrent Cleanup for Next Mark 1.429ms
[2020-09-03T11:17:55.784+0000][23984][gc           ] GC(588) Concurrent Cycle 247.340ms
[2020-09-03T11:17:55.929+0000][23984][gc,start     ] GC(589) Pause Young (Concurrent Start) (G1 Humongous Allocation)
[2020-09-03T11:17:55.929+0000][23984][gc,task      ] GC(589) Using 8 workers of 8 for evacuation
[2020-09-03T11:17:55.929+0000][23984][gc,age       ] GC(589) Desired survivor size 33030144 bytes, new threshold 15 (max threshold 15)
[2020-09-03T11:17:55.933+0000][23984][gc,age       ] GC(589) Age table with threshold 15 (max threshold 15)
[2020-09-03T11:17:55.934+0000][23984][gc,age       ] GC(589) - age   1:    3205496 bytes,    3205496 total
[2020-09-03T11:17:55.934+0000][23984][gc,age       ] GC(589) - age   2:     403848 bytes,    3609344 total
[2020-09-03T11:17:55.934+0000][23984][gc,age       ] GC(589) - age   3:     401632 bytes,    4010976 total
[2020-09-03T11:17:55.934+0000][23984][gc,age       ] GC(589) - age   4:     392000 bytes,    4402976 total
[2020-09-03T11:17:55.934+0000][23984][gc,age       ] GC(589) - age   5:     198472 bytes,    4601448 total
[2020-09-03T11:17:55.934+0000][23984][gc,age       ] GC(589) - age   6:       2544 bytes,    4603992 total
[2020-09-03T11:17:55.934+0000][23984][gc,age       ] GC(589) - age   7:      88048 bytes,    4692040 total
[2020-09-03T11:17:55.934+0000][23984][gc,age       ] GC(589) - age   8:        304 bytes,    4692344 total
[2020-09-03T11:17:55.934+0000][23984][gc,age       ] GC(589) - age   9:        376 bytes,    4692720 total
[2020-09-03T11:17:55.934+0000][23984][gc,age       ] GC(589) - age  10:        208 bytes,    4692928 total
[2020-09-03T11:17:55.934+0000][23984][gc,age       ] GC(589) - age  11:        240 bytes,    4693168 total
[2020-09-03T11:17:55.934+0000][23984][gc,age       ] GC(589) - age  12:        392 bytes,    4693560 total
[2020-09-03T11:17:55.934+0000][23984][gc,age       ] GC(589) - age  13:        552 bytes,    4694112 total
[2020-09-03T11:17:55.934+0000][23984][gc,age       ] GC(589) - age  14:       1240 bytes,    4695352 total
[2020-09-03T11:17:55.934+0000][23984][gc,age       ] GC(589) - age  15:        856 bytes,    4696208 total
[2020-09-03T11:17:55.934+0000][23984][gc,phases    ] GC(589)   Pre Evacuate Collection Set: 0.5ms
[2020-09-03T11:17:55.934+0000][23984][gc,phases    ] GC(589)   Merge Heap Roots: 0.1ms
[2020-09-03T11:17:55.934+0000][23984][gc,phases    ] GC(589)   Evacuate Collection Set: 2.9ms
[2020-09-03T11:17:55.934+0000][23984][gc,phases    ] GC(589)   Post Evacuate Collection Set: 0.8ms
[2020-09-03T11:17:55.934+0000][23984][gc,phases    ] GC(589)   Other: 0.9ms
[2020-09-03T11:17:55.934+0000][23984][gc,heap      ] GC(589) Eden regions: 43->0(495)
[2020-09-03T11:17:55.934+0000][23984][gc,heap      ] GC(589) Survivor regions: 5->5(63)
[2020-09-03T11:17:55.934+0000][23984][gc,heap      ] GC(589) Old regions: 80->80
[2020-09-03T11:17:55.934+0000][23984][gc,heap      ] GC(589) Archive regions: 0->0
[2020-09-03T11:17:55.934+0000][23984][gc,heap      ] GC(589) Humongous regions: 270->174
[2020-09-03T11:17:55.934+0000][23984][gc,metaspace ] GC(589) Metaspace: 88557K(94592K)->88557K(94592K) NonClass: 77347K(80896K)->77347K(80896K) Class: 11210K(13696K)->11210K(13696K)
[2020-09-03T11:17:55.934+0000][23984][gc           ] GC(589) Pause Young (Concurrent Start) (G1 Humongous Allocation) 397M->258M(1024M) 5.438ms
[2020-09-03T11:17:55.934+0000][23984][gc,cpu       ] GC(589) User=0.00s Sys=0.00s Real=0.01s
[2020-09-03T11:17:55.934+0000][23984][safepoint    ] Safepoint "G1TryInitiateConcMark", Time since last: 146236600 ns, Reaching safepoint: 142500 ns, At safepoint: 5579700 ns, Total: 5722200 ns
[2020-09-03T11:17:55.934+0000][23984][gc           ] GC(590) Concurrent Cycle
[2020-09-03T11:17:55.935+0000][23984][gc,marking   ] GC(590) Concurrent Clear Claimed Marks
[2020-09-03T11:17:55.935+0000][23984][gc,marking   ] GC(590) Concurrent Clear Claimed Marks 0.516ms
[2020-09-03T11:17:55.935+0000][23984][gc,marking   ] GC(590) Concurrent Scan Root Regions
[2020-09-03T11:17:55.938+0000][23984][gc,marking   ] GC(590) Concurrent Scan Root Regions 2.868ms
[2020-09-03T11:17:55.938+0000][23984][gc,marking   ] GC(590) Concurrent Mark (224.940s)
[2020-09-03T11:17:55.938+0000][23984][gc,marking   ] GC(590) Concurrent Mark From Roots
[2020-09-03T11:17:55.938+0000][23984][gc,task      ] GC(590) Using 2 workers of 2 for marking
[2020-09-03T11:17:56.071+0000][23984][gc,marking   ] GC(590) Concurrent Mark From Roots 132.968ms
[2020-09-03T11:17:56.071+0000][23984][gc,marking   ] GC(590) Concurrent Preclean
[2020-09-03T11:17:56.072+0000][23984][gc,marking   ] GC(590) Concurrent Preclean 0.582ms
[2020-09-03T11:17:56.072+0000][23984][gc,marking   ] GC(590) Concurrent Mark (224.940s, 225.073s) 133.717ms
[2020-09-03T11:17:56.072+0000][23984][gc,start     ] GC(590) Pause Remark
[2020-09-03T11:17:56.079+0000][23984][gc           ] GC(590) Pause Remark 318M->318M(1024M) 6.711ms
[2020-09-03T11:17:56.079+0000][23984][gc,cpu       ] GC(590) User=0.09s Sys=0.00s Real=0.01s
[2020-09-03T11:17:56.079+0000][23984][safepoint    ] Safepoint "G1Concurrent", Time since last: 137466400 ns, Reaching safepoint: 137600 ns, At safepoint: 6933100 ns, Total: 7070700 ns
[2020-09-03T11:17:56.079+0000][23984][gc,marking   ] GC(590) Concurrent Rebuild Remembered Sets
[2020-09-03T11:17:56.170+0000][23984][gc,marking   ] GC(590) Concurrent Rebuild Remembered Sets 90.859ms
[2020-09-03T11:17:56.170+0000][23984][gc,start     ] GC(590) Pause Cleanup
[2020-09-03T11:17:56.170+0000][23984][gc           ] GC(590) Pause Cleanup 385M->385M(1024M) 0.299ms
[2020-09-03T11:17:56.171+0000][23984][gc,cpu       ] GC(590) User=0.00s Sys=0.00s Real=0.00s
[2020-09-03T11:17:56.171+0000][23984][safepoint    ] Safepoint "G1Concurrent", Time since last: 91045100 ns, Reaching safepoint: 158400 ns, At safepoint: 491200 ns, Total: 649600 ns
[2020-09-03T11:17:56.171+0000][23984][gc,marking   ] GC(590) Concurrent Cleanup for Next Mark
[2020-09-03T11:17:56.172+0000][23984][gc,marking   ] GC(590) Concurrent Cleanup for Next Mark 1.349ms
[2020-09-03T11:17:56.172+0000][23984][gc           ] GC(590) Concurrent Cycle 237.725ms
[2020-09-03T11:17:56.286+0000][23984][gc,start     ] GC(591) Pause Young (Concurrent Start) (G1 Humongous Allocation)
[2020-09-03T11:17:56.286+0000][23984][gc,task      ] GC(591) Using 8 workers of 8 for evacuation
[2020-09-03T11:17:56.286+0000][23984][gc,age       ] GC(591) Desired survivor size 33030144 bytes, new threshold 15 (max threshold 15)
[2020-09-03T11:17:56.291+0000][23984][gc,age       ] GC(591) Age table with threshold 15 (max threshold 15)
[2020-09-03T11:17:56.291+0000][23984][gc,age       ] GC(591) - age   1:    3251584 bytes,    3251584 total
[2020-09-03T11:17:56.291+0000][23984][gc,age       ] GC(591) - age   2:     403640 bytes,    3655224 total
[2020-09-03T11:17:56.291+0000][23984][gc,age       ] GC(591) - age   3:     403696 bytes,    4058920 total
[2020-09-03T11:17:56.291+0000][23984][gc,age       ] GC(591) - age   4:     401312 bytes,    4460232 total
[2020-09-03T11:17:56.291+0000][23984][gc,age       ] GC(591) - age   5:     391616 bytes,    4851848 total
[2020-09-03T11:17:56.291+0000][23984][gc,age       ] GC(591) - age   6:       1184 bytes,    4853032 total
[2020-09-03T11:17:56.291+0000][23984][gc,age       ] GC(591) - age   7:       1448 bytes,    4854480 total
[2020-09-03T11:17:56.291+0000][23984][gc,age       ] GC(591) - age   8:      87992 bytes,    4942472 total
[2020-09-03T11:17:56.291+0000][23984][gc,age       ] GC(591) - age   9:        304 bytes,    4942776 total
[2020-09-03T11:17:56.291+0000][23984][gc,age       ] GC(591) - age  10:        376 bytes,    4943152 total
[2020-09-03T11:17:56.291+0000][23984][gc,age       ] GC(591) - age  11:        208 bytes,    4943360 total
[2020-09-03T11:17:56.291+0000][23984][gc,age       ] GC(591) - age  12:        240 bytes,    4943600 total
[2020-09-03T11:17:56.291+0000][23984][gc,age       ] GC(591) - age  13:        392 bytes,    4943992 total
[2020-09-03T11:17:56.291+0000][23984][gc,age       ] GC(591) - age  14:        552 bytes,    4944544 total
[2020-09-03T11:17:56.291+0000][23984][gc,age       ] GC(591) - age  15:       1240 bytes,    4945784 total
[2020-09-03T11:17:56.291+0000][23984][gc,phases    ] GC(591)   Pre Evacuate Collection Set: 0.4ms
[2020-09-03T11:17:56.292+0000][23984][gc,phases    ] GC(591)   Merge Heap Roots: 0.1ms
[2020-09-03T11:17:56.292+0000][23984][gc,phases    ] GC(591)   Evacuate Collection Set: 3.0ms
[2020-09-03T11:17:56.292+0000][23984][gc,phases    ] GC(591)   Post Evacuate Collection Set: 0.8ms
[2020-09-03T11:17:56.292+0000][23984][gc,phases    ] GC(591)   Other: 0.9ms
[2020-09-03T11:17:56.292+0000][23984][gc,heap      ] GC(591) Eden regions: 41->0(496)
[2020-09-03T11:17:56.292+0000][23984][gc,heap      ] GC(591) Survivor regions: 5->5(63)
[2020-09-03T11:17:56.292+0000][23984][gc,heap      ] GC(591) Old regions: 80->80
[2020-09-03T11:17:56.292+0000][23984][gc,heap      ] GC(591) Archive regions: 0->0
[2020-09-03T11:17:56.292+0000][23984][gc,heap      ] GC(591) Humongous regions: 270->174
[2020-09-03T11:17:56.292+0000][23984][gc,metaspace ] GC(591) Metaspace: 88557K(94592K)->88557K(94592K) NonClass: 77347K(80896K)->77347K(80896K) Class: 11210K(13696K)->11210K(13696K)
[2020-09-03T11:17:56.292+0000][23984][gc           ] GC(591) Pause Young (Concurrent Start) (G1 Humongous Allocation) 395M->258M(1024M) 5.641ms
[2020-09-03T11:17:56.292+0000][23984][gc,cpu       ] GC(591) User=0.00s Sys=0.00s Real=0.01s
[2020-09-03T11:17:56.292+0000][23984][gc           ] GC(592) Concurrent Cycle
[2020-09-03T11:17:56.292+0000][23984][safepoint    ] Safepoint "G1TryInitiateConcMark", Time since last: 115424200 ns, Reaching safepoint: 137500 ns, At safepoint: 5801800 ns, Total: 5939300 ns
[2020-09-03T11:17:56.292+0000][23984][gc,marking   ] GC(592) Concurrent Clear Claimed Marks
[2020-09-03T11:17:56.292+0000][23984][gc,marking   ] GC(592) Concurrent Clear Claimed Marks 0.389ms
[2020-09-03T11:17:56.292+0000][23984][gc,marking   ] GC(592) Concurrent Scan Root Regions
[2020-09-03T11:17:56.295+0000][23984][gc,marking   ] GC(592) Concurrent Scan Root Regions 2.938ms
[2020-09-03T11:17:56.295+0000][23984][gc,marking   ] GC(592) Concurrent Mark (225.297s)
[2020-09-03T11:17:56.296+0000][23984][gc,marking   ] GC(592) Concurrent Mark From Roots
[2020-09-03T11:17:56.296+0000][23984][gc,task      ] GC(592) Using 2 workers of 2 for marking
[2020-09-03T11:17:56.412+0000][23984][gc,marking   ] GC(592) Concurrent Mark From Roots 116.585ms
[2020-09-03T11:17:56.412+0000][23984][gc,marking   ] GC(592) Concurrent Preclean
[2020-09-03T11:17:56.413+0000][23984][gc,marking   ] GC(592) Concurrent Preclean 0.575ms
[2020-09-03T11:17:56.413+0000][23984][gc,marking   ] GC(592) Concurrent Mark (225.297s, 225.414s) 117.337ms
[2020-09-03T11:17:56.413+0000][23984][gc,start     ] GC(592) Pause Remark
[2020-09-03T11:17:56.419+0000][23984][gc           ] GC(592) Pause Remark 317M->317M(1024M) 5.871ms
[2020-09-03T11:17:56.419+0000][23984][gc,cpu       ] GC(592) User=0.00s Sys=0.00s Real=0.01s
[2020-09-03T11:17:56.419+0000][23984][safepoint    ] Safepoint "G1Concurrent", Time since last: 120904800 ns, Reaching safepoint: 139300 ns, At safepoint: 6138000 ns, Total: 6277300 ns
[2020-09-03T11:17:56.419+0000][23984][gc,marking   ] GC(592) Concurrent Rebuild Remembered Sets
[2020-09-03T11:17:56.497+0000][23984][gc,marking   ] GC(592) Concurrent Rebuild Remembered Sets 77.919ms
[2020-09-03T11:17:56.497+0000][23984][gc,start     ] GC(592) Pause Cleanup
[2020-09-03T11:17:56.498+0000][23984][gc           ] GC(592) Pause Cleanup 323M->323M(1024M) 0.267ms
[2020-09-03T11:17:56.498+0000][23984][gc,cpu       ] GC(592) User=0.02s Sys=0.00s Real=0.00s
[2020-09-03T11:17:56.498+0000][23984][safepoint    ] Safepoint "G1Concurrent", Time since last: 78126500 ns, Reaching safepoint: 150200 ns, At safepoint: 420600 ns, Total: 570800 ns
[2020-09-03T11:17:56.498+0000][23984][gc,marking   ] GC(592) Concurrent Cleanup for Next Mark
[2020-09-03T11:17:56.499+0000][23984][gc,marking   ] GC(592) Concurrent Cleanup for Next Mark 1.550ms
[2020-09-03T11:17:56.500+0000][23984][gc           ] GC(592) Concurrent Cycle 207.659ms
[2020-09-03T11:17:56.509+0000][23984][gc,start     ] GC(593) Pause Young (Concurrent Start) (G1 Humongous Allocation)
[2020-09-03T11:17:56.509+0000][23984][gc,task      ] GC(593) Using 8 workers of 8 for evacuation
[2020-09-03T11:17:56.509+0000][23984][gc,age       ] GC(593) Desired survivor size 33030144 bytes, new threshold 15 (max threshold 15)
[2020-09-03T11:17:56.514+0000][23984][gc,age       ] GC(593) Age table with threshold 15 (max threshold 15)
[2020-09-03T11:17:56.514+0000][23984][gc,age       ] GC(593) - age   1:    2928608 bytes,    2928608 total
[2020-09-03T11:17:56.514+0000][23984][gc,age       ] GC(593) - age   2:     401592 bytes,    3330200 total
[2020-09-03T11:17:56.514+0000][23984][gc,age       ] GC(593) - age   3:     403448 bytes,    3733648 total
[2020-09-03T11:17:56.514+0000][23984][gc,age       ] GC(593) - age   4:     402880 bytes,    4136528 total
[2020-09-03T11:17:56.514+0000][23984][gc,age       ] GC(593) - age   5:     400776 bytes,    4537304 total
[2020-09-03T11:17:56.514+0000][23984][gc,age       ] GC(593) - age   6:     196664 bytes,    4733968 total
[2020-09-03T11:17:56.514+0000][23984][gc,age       ] GC(593) - age   7:        880 bytes,    4734848 total
[2020-09-03T11:17:56.514+0000][23984][gc,age       ] GC(593) - age   8:       1448 bytes,    4736296 total
[2020-09-03T11:17:56.514+0000][23984][gc,age       ] GC(593) - age   9:      87992 bytes,    4824288 total
[2020-09-03T11:17:56.514+0000][23984][gc,age       ] GC(593) - age  10:        304 bytes,    4824592 total
[2020-09-03T11:17:56.514+0000][23984][gc,age       ] GC(593) - age  11:        376 bytes,    4824968 total
[2020-09-03T11:17:56.514+0000][23984][gc,age       ] GC(593) - age  12:        208 bytes,    4825176 total
[2020-09-03T11:17:56.514+0000][23984][gc,age       ] GC(593) - age  13:        240 bytes,    4825416 total
[2020-09-03T11:17:56.514+0000][23984][gc,age       ] GC(593) - age  14:        360 bytes,    4825776 total
[2020-09-03T11:17:56.514+0000][23984][gc,age       ] GC(593) - age  15:        552 bytes,    4826328 total
[2020-09-03T11:17:56.514+0000][23984][gc,phases    ] GC(593)   Pre Evacuate Collection Set: 0.5ms
[2020-09-03T11:17:56.515+0000][23984][gc,phases    ] GC(593)   Merge Heap Roots: 0.1ms
[2020-09-03T11:17:56.515+0000][23984][gc,phases    ] GC(593)   Evacuate Collection Set: 3.0ms
[2020-09-03T11:17:56.515+0000][23984][gc,phases    ] GC(593)   Post Evacuate Collection Set: 0.7ms
[2020-09-03T11:17:56.515+0000][23984][gc,phases    ] GC(593)   Other: 1.2ms
[2020-09-03T11:17:56.515+0000][23984][gc,heap      ] GC(593) Eden regions: 22->0(496)
[2020-09-03T11:17:56.515+0000][23984][gc,heap      ] GC(593) Survivor regions: 5->6(63)
[2020-09-03T11:17:56.515+0000][23984][gc,heap      ] GC(593) Old regions: 80->80
[2020-09-03T11:17:56.515+0000][23984][gc,heap      ] GC(593) Archive regions: 0->0
[2020-09-03T11:17:56.515+0000][23984][gc,heap      ] GC(593) Humongous regions: 227->174
[2020-09-03T11:17:56.515+0000][23984][gc,metaspace ] GC(593) Metaspace: 88561K(94592K)->88561K(94592K) NonClass: 77350K(80896K)->77350K(80896K) Class: 11210K(13696K)->11210K(13696K)
[2020-09-03T11:17:56.515+0000][23984][gc           ] GC(593) Pause Young (Concurrent Start) (G1 Humongous Allocation) 333M->259M(1024M) 5.912ms
[2020-09-03T11:17:56.515+0000][23984][gc,cpu       ] GC(593) User=0.03s Sys=0.00s Real=0.01s
[2020-09-03T11:17:56.515+0000][23984][gc           ] GC(594) Concurrent Cycle
[2020-09-03T11:17:56.515+0000][23984][safepoint    ] Safepoint "G1TryInitiateConcMark", Time since last: 10978800 ns, Reaching safepoint: 164600 ns, At safepoint: 6098300 ns, Total: 6262900 ns
[2020-09-03T11:17:56.515+0000][23984][gc,marking   ] GC(594) Concurrent Clear Claimed Marks
[2020-09-03T11:17:56.516+0000][23984][gc,marking   ] GC(594) Concurrent Clear Claimed Marks 0.504ms
[2020-09-03T11:17:56.516+0000][23984][gc,marking   ] GC(594) Concurrent Scan Root Regions
[2020-09-03T11:17:56.519+0000][23984][gc,marking   ] GC(594) Concurrent Scan Root Regions 3.021ms
[2020-09-03T11:17:56.519+0000][23984][gc,marking   ] GC(594) Concurrent Mark (225.520s)
[2020-09-03T11:17:56.519+0000][23984][gc,marking   ] GC(594) Concurrent Mark From Roots
[2020-09-03T11:17:56.519+0000][23984][gc,task      ] GC(594) Using 2 workers of 2 for marking
[2020-09-03T11:17:56.634+0000][23984][gc,marking   ] GC(594) Concurrent Mark From Roots 115.494ms
[2020-09-03T11:17:56.635+0000][23984][gc,marking   ] GC(594) Concurrent Preclean
[2020-09-03T11:17:56.635+0000][23984][gc,marking   ] GC(594) Concurrent Preclean 0.421ms
[2020-09-03T11:17:56.635+0000][23984][gc,marking   ] GC(594) Concurrent Mark (225.520s, 225.637s) 116.052ms
[2020-09-03T11:17:56.635+0000][23984][gc,start     ] GC(594) Pause Remark
[2020-09-03T11:17:56.641+0000][23984][gc           ] GC(594) Pause Remark 312M->312M(1024M) 5.771ms
[2020-09-03T11:17:56.641+0000][23984][gc,cpu       ] GC(594) User=0.11s Sys=0.00s Real=0.01s
[2020-09-03T11:17:56.641+0000][23984][safepoint    ] Safepoint "G1Concurrent", Time since last: 119880600 ns, Reaching safepoint: 150000 ns, At safepoint: 5953200 ns, Total: 6103200 ns
[2020-09-03T11:17:56.641+0000][23984][gc,marking   ] GC(594) Concurrent Rebuild Remembered Sets
[2020-09-03T11:17:56.725+0000][23984][gc,marking   ] GC(594) Concurrent Rebuild Remembered Sets 83.748ms
[2020-09-03T11:17:56.725+0000][23984][gc,start     ] GC(594) Pause Cleanup
[2020-09-03T11:17:56.726+0000][23984][gc           ] GC(594) Pause Cleanup 330M->330M(1024M) 0.327ms
[2020-09-03T11:17:56.726+0000][23984][gc,cpu       ] GC(594) User=0.00s Sys=0.00s Real=0.00s
[2020-09-03T11:17:56.726+0000][23984][safepoint    ] Safepoint "G1Concurrent", Time since last: 83947200 ns, Reaching safepoint: 142900 ns, At safepoint: 488600 ns, Total: 631500 ns
[2020-09-03T11:17:56.726+0000][23984][gc,marking   ] GC(594) Concurrent Cleanup for Next Mark
[2020-09-03T11:17:56.727+0000][23984][gc,marking   ] GC(594) Concurrent Cleanup for Next Mark 1.612ms
[2020-09-03T11:17:56.728+0000][23984][gc           ] GC(594) Concurrent Cycle 212.435ms
[2020-09-03T11:17:56.784+0000][23984][gc,start     ] GC(595) Pause Young (Concurrent Start) (G1 Humongous Allocation)
[2020-09-03T11:17:56.784+0000][23984][gc,task      ] GC(595) Using 8 workers of 8 for evacuation
[2020-09-03T11:17:56.784+0000][23984][gc,age       ] GC(595) Desired survivor size 33030144 bytes, new threshold 15 (max threshold 15)
[2020-09-03T11:17:56.788+0000][23984][gc,age       ] GC(595) Age table with threshold 15 (max threshold 15)
[2020-09-03T11:17:56.789+0000][23984][gc,age       ] GC(595) - age   1:    7772664 bytes,    7772664 total
[2020-09-03T11:17:56.789+0000][23984][gc,age       ] GC(595) - age   2:       1672 bytes,    7774336 total
[2020-09-03T11:17:56.789+0000][23984][gc,age       ] GC(595) - age   3:       2448 bytes,    7776784 total
[2020-09-03T11:17:56.789+0000][23984][gc,age       ] GC(595) - age   4:       2968 bytes,    7779752 total
[2020-09-03T11:17:56.789+0000][23984][gc,age       ] GC(595) - age   5:       1104 bytes,    7780856 total
[2020-09-03T11:17:56.789+0000][23984][gc,age       ] GC(595) - age   6:       1096 bytes,    7781952 total
[2020-09-03T11:17:56.789+0000][23984][gc,age       ] GC(595) - age   7:       1248 bytes,    7783200 total
[2020-09-03T11:17:56.789+0000][23984][gc,age       ] GC(595) - age   8:        384 bytes,    7783584 total
[2020-09-03T11:17:56.789+0000][23984][gc,age       ] GC(595) - age   9:        912 bytes,    7784496 total
[2020-09-03T11:17:56.789+0000][23984][gc,age       ] GC(595) - age  10:      86976 bytes,    7871472 total
[2020-09-03T11:17:56.789+0000][23984][gc,age       ] GC(595) - age  11:        240 bytes,    7871712 total
[2020-09-03T11:17:56.789+0000][23984][gc,age       ] GC(595) - age  12:        376 bytes,    7872088 total
[2020-09-03T11:17:56.789+0000][23984][gc,age       ] GC(595) - age  13:        208 bytes,    7872296 total
[2020-09-03T11:17:56.789+0000][23984][gc,age       ] GC(595) - age  14:        240 bytes,    7872536 total
[2020-09-03T11:17:56.789+0000][23984][gc,age       ] GC(595) - age  15:        360 bytes,    7872896 total
[2020-09-03T11:17:56.789+0000][23984][gc,phases    ] GC(595)   Pre Evacuate Collection Set: 0.4ms
[2020-09-03T11:17:56.789+0000][23984][gc,phases    ] GC(595)   Merge Heap Roots: 0.1ms
[2020-09-03T11:17:56.789+0000][23984][gc,phases    ] GC(595)   Evacuate Collection Set: 2.8ms
[2020-09-03T11:17:56.789+0000][23984][gc,phases    ] GC(595)   Post Evacuate Collection Set: 0.8ms
[2020-09-03T11:17:56.789+0000][23984][gc,phases    ] GC(595)   Other: 0.9ms
[2020-09-03T11:17:56.789+0000][23984][gc,heap      ] GC(595) Eden regions: 45->0(490)
[2020-09-03T11:17:56.789+0000][23984][gc,heap      ] GC(595) Survivor regions: 6->8(63)
[2020-09-03T11:17:56.789+0000][23984][gc,heap      ] GC(595) Old regions: 80->80
[2020-09-03T11:17:56.789+0000][23984][gc,heap      ] GC(595) Archive regions: 0->0
[2020-09-03T11:17:56.789+0000][23984][gc,heap      ] GC(595) Humongous regions: 227->174
[2020-09-03T11:17:56.789+0000][23984][gc,metaspace ] GC(595) Metaspace: 88574K(94592K)->88574K(94592K) NonClass: 77364K(80896K)->77364K(80896K) Class: 11210K(13696K)->11210K(13696K)
[2020-09-03T11:17:56.789+0000][23984][gc           ] GC(595) Pause Young (Concurrent Start) (G1 Humongous Allocation) 357M->261M(1024M) 5.227ms
[2020-09-03T11:17:56.789+0000][23984][gc,cpu       ] GC(595) User=0.00s Sys=0.00s Real=0.01s
[2020-09-03T11:17:56.789+0000][23984][gc           ] GC(596) Concurrent Cycle
[2020-09-03T11:17:56.789+0000][23984][safepoint    ] Safepoint "G1TryInitiateConcMark", Time since last: 57885100 ns, Reaching safepoint: 299500 ns, At safepoint: 5404100 ns, Total: 5703600 ns
[2020-09-03T11:17:56.789+0000][23984][gc,marking   ] GC(596) Concurrent Clear Claimed Marks
[2020-09-03T11:17:56.790+0000][23984][gc,marking   ] GC(596) Concurrent Clear Claimed Marks 0.436ms
[2020-09-03T11:17:56.790+0000][23984][gc,marking   ] GC(596) Concurrent Scan Root Regions
[2020-09-03T11:17:56.792+0000][23984][gc,marking   ] GC(596) Concurrent Scan Root Regions 2.441ms
[2020-09-03T11:17:56.792+0000][23984][gc,marking   ] GC(596) Concurrent Mark (225.794s)
[2020-09-03T11:17:56.792+0000][23984][gc,marking   ] GC(596) Concurrent Mark From Roots
[2020-09-03T11:17:56.793+0000][23984][gc,task      ] GC(596) Using 2 workers of 2 for marking
[2020-09-03T11:17:56.927+0000][23984][gc,marking   ] GC(596) Concurrent Mark From Roots 134.594ms
[2020-09-03T11:17:56.927+0000][23984][gc,marking   ] GC(596) Concurrent Preclean
[2020-09-03T11:17:56.928+0000][23984][gc,marking   ] GC(596) Concurrent Preclean 0.645ms
[2020-09-03T11:17:56.928+0000][23984][gc,marking   ] GC(596) Concurrent Mark (225.794s, 225.929s) 135.427ms
[2020-09-03T11:17:56.928+0000][23984][gc,start     ] GC(596) Pause Remark
[2020-09-03T11:17:56.935+0000][23984][gc           ] GC(596) Pause Remark 374M->374M(1024M) 6.572ms
[2020-09-03T11:17:56.935+0000][23984][gc,cpu       ] GC(596) User=0.00s Sys=0.00s Real=0.01s
[2020-09-03T11:17:56.935+0000][23984][safepoint    ] Safepoint "G1Concurrent", Time since last: 138658700 ns, Reaching safepoint: 199600 ns, At safepoint: 6917300 ns, Total: 7116900 ns
[2020-09-03T11:17:56.935+0000][23984][gc,marking   ] GC(596) Concurrent Rebuild Remembered Sets
[2020-09-03T11:17:57.028+0000][23984][gc,marking   ] GC(596) Concurrent Rebuild Remembered Sets 92.816ms
[2020-09-03T11:17:57.028+0000][23984][gc,start     ] GC(596) Pause Cleanup
[2020-09-03T11:17:57.029+0000][23984][gc           ] GC(596) Pause Cleanup 438M->438M(1024M) 0.305ms
[2020-09-03T11:17:57.029+0000][23984][gc,cpu       ] GC(596) User=0.02s Sys=0.00s Real=0.00s
[2020-09-03T11:17:57.029+0000][23984][safepoint    ] Safepoint "G1Concurrent", Time since last: 93023800 ns, Reaching safepoint: 132900 ns, At safepoint: 496700 ns, Total: 629600 ns
[2020-09-03T11:17:57.029+0000][23984][gc,marking   ] GC(596) Concurrent Cleanup for Next Mark
[2020-09-03T11:17:57.031+0000][23984][gc,marking   ] GC(596) Concurrent Cleanup for Next Mark 1.877ms
[2020-09-03T11:17:57.031+0000][23984][gc           ] GC(596) Concurrent Cycle 241.485ms
[2020-09-03T11:17:57.248+0000][23984][gc,start     ] GC(597) Pause Young (Concurrent Start) (G1 Humongous Allocation)
[2020-09-03T11:17:57.248+0000][23984][gc,task      ] GC(597) Using 8 workers of 8 for evacuation
[2020-09-03T11:17:57.248+0000][23984][gc,age       ] GC(597) Desired survivor size 33030144 bytes, new threshold 15 (max threshold 15)
[2020-09-03T11:17:57.254+0000][23984][gc,age       ] GC(597) Age table with threshold 15 (max threshold 15)
[2020-09-03T11:17:57.254+0000][23984][gc,age       ] GC(597) - age   1:   13558384 bytes,   13558384 total
[2020-09-03T11:17:57.254+0000][23984][gc,age       ] GC(597) - age   2:      12952 bytes,   13571336 total
[2020-09-03T11:17:57.254+0000][23984][gc,age       ] GC(597) - age   3:       1448 bytes,   13572784 total
[2020-09-03T11:17:57.254+0000][23984][gc,age       ] GC(597) - age   4:       1664 bytes,   13574448 total
[2020-09-03T11:17:57.254+0000][23984][gc,age       ] GC(597) - age   5:       1552 bytes,   13576000 total
[2020-09-03T11:17:57.254+0000][23984][gc,age       ] GC(597) - age   6:        920 bytes,   13576920 total
[2020-09-03T11:17:57.254+0000][23984][gc,age       ] GC(597) - age   7:       1064 bytes,   13577984 total
[2020-09-03T11:17:57.254+0000][23984][gc,age       ] GC(597) - age   8:       1024 bytes,   13579008 total
[2020-09-03T11:17:57.254+0000][23984][gc,age       ] GC(597) - age   9:        224 bytes,   13579232 total
[2020-09-03T11:17:57.254+0000][23984][gc,age       ] GC(597) - age  10:        912 bytes,   13580144 total
[2020-09-03T11:17:57.254+0000][23984][gc,age       ] GC(597) - age  11:      86888 bytes,   13667032 total
[2020-09-03T11:17:57.254+0000][23984][gc,age       ] GC(597) - age  12:        240 bytes,   13667272 total
[2020-09-03T11:17:57.254+0000][23984][gc,age       ] GC(597) - age  13:        376 bytes,   13667648 total
[2020-09-03T11:17:57.254+0000][23984][gc,age       ] GC(597) - age  14:        208 bytes,   13667856 total
[2020-09-03T11:17:57.254+0000][23984][gc,age       ] GC(597) - age  15:        240 bytes,   13668096 total
[2020-09-03T11:17:57.255+0000][23984][gc,phases    ] GC(597)   Pre Evacuate Collection Set: 0.4ms
[2020-09-03T11:17:57.255+0000][23984][gc,phases    ] GC(597)   Merge Heap Roots: 0.1ms
[2020-09-03T11:17:57.255+0000][23984][gc,phases    ] GC(597)   Evacuate Collection Set: 3.8ms
[2020-09-03T11:17:57.255+0000][23984][gc,phases    ] GC(597)   Post Evacuate Collection Set: 1.0ms
[2020-09-03T11:17:57.255+0000][23984][gc,phases    ] GC(597)   Other: 1.0ms
[2020-09-03T11:17:57.255+0000][23984][gc,heap      ] GC(597) Eden regions: 69->0(477)
[2020-09-03T11:17:57.255+0000][23984][gc,heap      ] GC(597) Survivor regions: 8->14(63)
[2020-09-03T11:17:57.255+0000][23984][gc,heap      ] GC(597) Old regions: 80->80
[2020-09-03T11:17:57.255+0000][23984][gc,heap      ] GC(597) Archive regions: 0->0
[2020-09-03T11:17:57.255+0000][23984][gc,heap      ] GC(597) Humongous regions: 314->174
[2020-09-03T11:17:57.255+0000][23984][gc,metaspace ] GC(597) Metaspace: 88574K(94592K)->88574K(94592K) NonClass: 77364K(80896K)->77364K(80896K) Class: 11210K(13696K)->11210K(13696K)
[2020-09-03T11:17:57.255+0000][23984][gc           ] GC(597) Pause Young (Concurrent Start) (G1 Humongous Allocation) 470M->267M(1024M) 6.636ms
[2020-09-03T11:17:57.255+0000][23984][gc,cpu       ] GC(597) User=0.00s Sys=0.00s Real=0.01s
[2020-09-03T11:17:57.255+0000][23984][gc           ] GC(598) Concurrent Cycle
[2020-09-03T11:17:57.255+0000][23984][gc,marking   ] GC(598) Concurrent Clear Claimed Marks
[2020-09-03T11:17:57.255+0000][23984][safepoint    ] Safepoint "G1TryInitiateConcMark", Time since last: 219341900 ns, Reaching safepoint: 172600 ns, At safepoint: 6990100 ns, Total: 7162700 ns
[2020-09-03T11:17:57.255+0000][23984][gc,marking   ] GC(598) Concurrent Clear Claimed Marks 0.323ms
[2020-09-03T11:17:57.255+0000][23984][gc,marking   ] GC(598) Concurrent Scan Root Regions
[2020-09-03T11:17:57.258+0000][23984][gc,marking   ] GC(598) Concurrent Scan Root Regions 2.271ms
[2020-09-03T11:17:57.258+0000][23984][gc,marking   ] GC(598) Concurrent Mark (226.259s)
[2020-09-03T11:17:57.258+0000][23984][gc,marking   ] GC(598) Concurrent Mark From Roots
[2020-09-03T11:17:57.258+0000][23984][gc,task      ] GC(598) Using 2 workers of 2 for marking
[2020-09-03T11:17:57.418+0000][23984][gc,marking   ] GC(598) Concurrent Mark From Roots 160.212ms
[2020-09-03T11:17:57.418+0000][23984][gc,marking   ] GC(598) Concurrent Preclean
[2020-09-03T11:17:57.419+0000][23984][gc,marking   ] GC(598) Concurrent Preclean 0.644ms
[2020-09-03T11:17:57.419+0000][23984][gc,marking   ] GC(598) Concurrent Mark (226.259s, 226.420s) 161.067ms
[2020-09-03T11:17:57.419+0000][23984][gc,start     ] GC(598) Pause Remark
[2020-09-03T11:17:57.425+0000][23984][gc           ] GC(598) Pause Remark 565M->565M(1024M) 5.987ms
[2020-09-03T11:17:57.425+0000][23984][gc,cpu       ] GC(598) User=0.00s Sys=0.02s Real=0.01s
[2020-09-03T11:17:57.425+0000][23984][safepoint    ] Safepoint "G1Concurrent", Time since last: 163797300 ns, Reaching safepoint: 214400 ns, At safepoint: 6207900 ns, Total: 6422300 ns
[2020-09-03T11:17:57.426+0000][23984][gc,marking   ] GC(598) Concurrent Rebuild Remembered Sets
[2020-09-03T11:17:57.522+0000][23984][gc,marking   ] GC(598) Concurrent Rebuild Remembered Sets 96.778ms
[2020-09-03T11:17:57.523+0000][23984][gc,start     ] GC(598) Pause Cleanup
[2020-09-03T11:17:57.523+0000][23984][gc           ] GC(598) Pause Cleanup 580M->580M(1024M) 0.402ms
[2020-09-03T11:17:57.523+0000][23984][gc,cpu       ] GC(598) User=0.00s Sys=0.00s Real=0.00s
[2020-09-03T11:17:57.523+0000][23984][safepoint    ] Safepoint "G1Concurrent", Time since last: 96988400 ns, Reaching safepoint: 352100 ns, At safepoint: 577600 ns, Total: 929700 ns
[2020-09-03T11:17:57.523+0000][23984][gc,marking   ] GC(598) Concurrent Cleanup for Next Mark
[2020-09-03T11:17:57.526+0000][23984][gc,marking   ] GC(598) Concurrent Cleanup for Next Mark 2.299ms
[2020-09-03T11:17:57.526+0000][23984][gc           ] GC(598) Concurrent Cycle 270.863ms
[2020-09-03T11:17:57.526+0000][23984][gc,start     ] GC(599) Pause Young (Concurrent Start) (G1 Humongous Allocation)
[2020-09-03T11:17:57.526+0000][23984][gc,task      ] GC(599) Using 8 workers of 8 for evacuation
[2020-09-03T11:17:57.526+0000][23984][gc,age       ] GC(599) Desired survivor size 32505856 bytes, new threshold 15 (max threshold 15)
[2020-09-03T11:17:57.531+0000][23984][gc,age       ] GC(599) Age table with threshold 15 (max threshold 15)
[2020-09-03T11:17:57.531+0000][23984][gc,age       ] GC(599) - age   1:    3305040 bytes,    3305040 total
[2020-09-03T11:17:57.531+0000][23984][gc,age       ] GC(599) - age   2:    2332760 bytes,    5637800 total
[2020-09-03T11:17:57.531+0000][23984][gc,age       ] GC(599) - age   3:      12288 bytes,    5650088 total
[2020-09-03T11:17:57.531+0000][23984][gc,age       ] GC(599) - age   4:       1152 bytes,    5651240 total
[2020-09-03T11:17:57.531+0000][23984][gc,age       ] GC(599) - age   5:       1544 bytes,    5652784 total
[2020-09-03T11:17:57.531+0000][23984][gc,age       ] GC(599) - age   6:       1552 bytes,    5654336 total
[2020-09-03T11:17:57.531+0000][23984][gc,age       ] GC(599) - age   7:        920 bytes,    5655256 total
[2020-09-03T11:17:57.531+0000][23984][gc,age       ] GC(599) - age   8:        704 bytes,    5655960 total
[2020-09-03T11:17:57.531+0000][23984][gc,age       ] GC(599) - age   9:       1024 bytes,    5656984 total
[2020-09-03T11:17:57.531+0000][23984][gc,age       ] GC(599) - age  10:        224 bytes,    5657208 total
[2020-09-03T11:17:57.531+0000][23984][gc,age       ] GC(599) - age  11:        912 bytes,    5658120 total
[2020-09-03T11:17:57.531+0000][23984][gc,age       ] GC(599) - age  12:      86888 bytes,    5745008 total
[2020-09-03T11:17:57.531+0000][23984][gc,age       ] GC(599) - age  13:        208 bytes,    5745216 total
[2020-09-03T11:17:57.531+0000][23984][gc,age       ] GC(599) - age  14:        376 bytes,    5745592 total
[2020-09-03T11:17:57.531+0000][23984][gc,age       ] GC(599) - age  15:        208 bytes,    5745800 total
[2020-09-03T11:17:57.532+0000][23984][gc,phases    ] GC(599)   Pre Evacuate Collection Set: 0.5ms
[2020-09-03T11:17:57.532+0000][23984][gc,phases    ] GC(599)   Merge Heap Roots: 0.1ms
[2020-09-03T11:17:57.532+0000][23984][gc,phases    ] GC(599)   Evacuate Collection Set: 2.7ms
[2020-09-03T11:17:57.532+0000][23984][gc,phases    ] GC(599)   Post Evacuate Collection Set: 1.1ms
[2020-09-03T11:17:57.532+0000][23984][gc,phases    ] GC(599)   Other: 1.1ms
[2020-09-03T11:17:57.532+0000][23984][gc,heap      ] GC(599) Eden regions: 69->0(485)
[2020-09-03T11:17:57.532+0000][23984][gc,heap      ] GC(599) Survivor regions: 14->7(62)
[2020-09-03T11:17:57.532+0000][23984][gc,heap      ] GC(599) Old regions: 80->80
[2020-09-03T11:17:57.532+0000][23984][gc,heap      ] GC(599) Archive regions: 0->0
[2020-09-03T11:17:57.532+0000][23984][gc,heap      ] GC(599) Humongous regions: 431->174
[2020-09-03T11:17:57.532+0000][23984][gc,metaspace ] GC(599) Metaspace: 88574K(94592K)->88574K(94592K) NonClass: 77364K(80896K)->77364K(80896K) Class: 11210K(13696K)->11210K(13696K)
[2020-09-03T11:17:57.532+0000][23984][gc           ] GC(599) Pause Young (Concurrent Start) (G1 Humongous Allocation) 593M->260M(1024M) 5.749ms
[2020-09-03T11:17:57.532+0000][23984][gc,cpu       ] GC(599) User=0.09s Sys=0.00s Real=0.01s
[2020-09-03T11:17:57.532+0000][23984][gc           ] GC(600) Concurrent Cycle
[2020-09-03T11:17:57.532+0000][23984][safepoint    ] Safepoint "G1TryInitiateConcMark", Time since last: 2596300 ns, Reaching safepoint: 199900 ns, At safepoint: 5996200 ns, Total: 6196100 ns
[2020-09-03T11:17:57.532+0000][23984][gc,marking   ] GC(600) Concurrent Clear Claimed Marks
[2020-09-03T11:17:57.533+0000][23984][gc,marking   ] GC(600) Concurrent Clear Claimed Marks 0.555ms
[2020-09-03T11:17:57.533+0000][23984][gc,marking   ] GC(600) Concurrent Scan Root Regions
[2020-09-03T11:17:57.536+0000][23984][gc,marking   ] GC(600) Concurrent Scan Root Regions 2.881ms
[2020-09-03T11:17:57.536+0000][23984][gc,marking   ] GC(600) Concurrent Mark (226.537s)
[2020-09-03T11:17:57.536+0000][23984][gc,marking   ] GC(600) Concurrent Mark From Roots
[2020-09-03T11:17:57.536+0000][23984][gc,task      ] GC(600) Using 2 workers of 2 for marking
[2020-09-03T11:17:57.679+0000][23984][gc,marking   ] GC(600) Concurrent Mark From Roots 142.989ms
[2020-09-03T11:17:57.679+0000][23984][gc,marking   ] GC(600) Concurrent Preclean
[2020-09-03T11:17:57.679+0000][23984][gc,marking   ] GC(600) Concurrent Preclean 0.562ms
[2020-09-03T11:17:57.680+0000][23984][gc,marking   ] GC(600) Concurrent Mark (226.537s, 226.681s) 143.758ms
[2020-09-03T11:17:57.680+0000][23984][gc,start     ] GC(600) Pause Remark
[2020-09-03T11:17:57.686+0000][23984][gc           ] GC(600) Pause Remark 367M->367M(1024M) 5.980ms
[2020-09-03T11:17:57.686+0000][23984][gc,cpu       ] GC(600) User=0.02s Sys=0.00s Real=0.01s
[2020-09-03T11:17:57.686+0000][23984][safepoint    ] Safepoint "G1Concurrent", Time since last: 147489400 ns, Reaching safepoint: 146700 ns, At safepoint: 6221700 ns, Total: 6368400 ns
[2020-09-03T11:17:57.686+0000][23984][gc,marking   ] GC(600) Concurrent Rebuild Remembered Sets
[2020-09-03T11:17:57.776+0000][23984][gc,marking   ] GC(600) Concurrent Rebuild Remembered Sets 89.746ms
[2020-09-03T11:17:57.776+0000][23984][gc,start     ] GC(600) Pause Cleanup
[2020-09-03T11:17:57.776+0000][23984][gc           ] GC(600) Pause Cleanup 439M->439M(1024M) 0.341ms
[2020-09-03T11:17:57.777+0000][23984][gc,cpu       ] GC(600) User=0.00s Sys=0.00s Real=0.00s
[2020-09-03T11:17:57.777+0000][23984][safepoint    ] Safepoint "G1Concurrent", Time since last: 89930400 ns, Reaching safepoint: 145000 ns, At safepoint: 571500 ns, Total: 716500 ns
[2020-09-03T11:17:57.777+0000][23984][gc,marking   ] GC(600) Concurrent Cleanup for Next Mark
[2020-09-03T11:17:57.778+0000][23984][gc,marking   ] GC(600) Concurrent Cleanup for Next Mark 1.606ms
[2020-09-03T11:17:57.778+0000][23984][gc           ] GC(600) Concurrent Cycle 246.329ms
[2020-09-03T11:17:57.907+0000][23984][gc,start     ] GC(601) Pause Young (Concurrent Start) (G1 Humongous Allocation)
[2020-09-03T11:17:57.907+0000][23984][gc,task      ] GC(601) Using 8 workers of 8 for evacuation
[2020-09-03T11:17:57.907+0000][23984][gc,age       ] GC(601) Desired survivor size 32505856 bytes, new threshold 15 (max threshold 15)
[2020-09-03T11:17:57.910+0000][23984][gc,age       ] GC(601) Age table with threshold 15 (max threshold 15)
[2020-09-03T11:17:57.910+0000][23984][gc,age       ] GC(601) - age   1:    4077256 bytes,    4077256 total
[2020-09-03T11:17:57.910+0000][23984][gc,age       ] GC(601) - age   2:     109352 bytes,    4186608 total
[2020-09-03T11:17:57.910+0000][23984][gc,age       ] GC(601) - age   3:       5416 bytes,    4192024 total
[2020-09-03T11:17:57.910+0000][23984][gc,age       ] GC(601) - age   4:       6632 bytes,    4198656 total
[2020-09-03T11:17:57.910+0000][23984][gc,age       ] GC(601) - age   5:       1152 bytes,    4199808 total
[2020-09-03T11:17:57.911+0000][23984][gc,age       ] GC(601) - age   6:       1448 bytes,    4201256 total
[2020-09-03T11:17:57.911+0000][23984][gc,age       ] GC(601) - age   7:       1424 bytes,    4202680 total
[2020-09-03T11:17:57.911+0000][23984][gc,age       ] GC(601) - age   8:        568 bytes,    4203248 total
[2020-09-03T11:17:57.911+0000][23984][gc,age       ] GC(601) - age   9:        376 bytes,    4203624 total
[2020-09-03T11:17:57.911+0000][23984][gc,age       ] GC(601) - age  10:        768 bytes,    4204392 total
[2020-09-03T11:17:57.911+0000][23984][gc,age       ] GC(601) - age  11:        128 bytes,    4204520 total
[2020-09-03T11:17:57.911+0000][23984][gc,age       ] GC(601) - age  12:        912 bytes,    4205432 total
[2020-09-03T11:17:57.911+0000][23984][gc,age       ] GC(601) - age  13:      86760 bytes,    4292192 total
[2020-09-03T11:17:57.911+0000][23984][gc,age       ] GC(601) - age  14:        208 bytes,    4292400 total
[2020-09-03T11:17:57.911+0000][23984][gc,age       ] GC(601) - age  15:        312 bytes,    4292712 total
[2020-09-03T11:17:57.911+0000][23984][gc,phases    ] GC(601)   Pre Evacuate Collection Set: 0.4ms
[2020-09-03T11:17:57.911+0000][23984][gc,phases    ] GC(601)   Merge Heap Roots: 0.1ms
[2020-09-03T11:17:57.911+0000][23984][gc,phases    ] GC(601)   Evacuate Collection Set: 2.1ms
[2020-09-03T11:17:57.911+0000][23984][gc,phases    ] GC(601)   Post Evacuate Collection Set: 0.8ms
[2020-09-03T11:17:57.911+0000][23984][gc,phases    ] GC(601)   Other: 0.8ms
[2020-09-03T11:17:57.911+0000][23984][gc,heap      ] GC(601) Eden regions: 65->0(468)
[2020-09-03T11:17:57.911+0000][23984][gc,heap      ] GC(601) Survivor regions: 7->5(62)
[2020-09-03T11:17:57.911+0000][23984][gc,heap      ] GC(601) Old regions: 80->80
[2020-09-03T11:17:57.911+0000][23984][gc,heap      ] GC(601) Archive regions: 0->0
[2020-09-03T11:17:57.911+0000][23984][gc,heap      ] GC(601) Humongous regions: 301->174
[2020-09-03T11:17:57.911+0000][23984][gc,metaspace ] GC(601) Metaspace: 88574K(94592K)->88574K(94592K) NonClass: 77364K(80896K)->77364K(80896K) Class: 11210K(13696K)->11210K(13696K)
[2020-09-03T11:17:57.911+0000][23984][gc           ] GC(601) Pause Young (Concurrent Start) (G1 Humongous Allocation) 452M->258M(1024M) 4.482ms
[2020-09-03T11:17:57.911+0000][23984][gc,cpu       ] GC(601) User=0.00s Sys=0.00s Real=0.00s
[2020-09-03T11:17:57.911+0000][23984][safepoint    ] Safepoint "G1TryInitiateConcMark", Time since last: 129847900 ns, Reaching safepoint: 148500 ns, At safepoint: 4659000 ns, Total: 4807500 ns
[2020-09-03T11:17:57.911+0000][23984][gc           ] GC(602) Concurrent Cycle
[2020-09-03T11:17:57.911+0000][23984][gc,marking   ] GC(602) Concurrent Clear Claimed Marks
[2020-09-03T11:17:57.912+0000][23984][gc,marking   ] GC(602) Concurrent Clear Claimed Marks 0.394ms
[2020-09-03T11:17:57.912+0000][23984][gc,marking   ] GC(602) Concurrent Scan Root Regions
[2020-09-03T11:17:57.914+0000][23984][gc,marking   ] GC(602) Concurrent Scan Root Regions 1.912ms
[2020-09-03T11:17:57.914+0000][23984][gc,marking   ] GC(602) Concurrent Mark (226.915s)
[2020-09-03T11:17:57.914+0000][23984][gc,marking   ] GC(602) Concurrent Mark From Roots
[2020-09-03T11:17:57.914+0000][23984][gc,task      ] GC(602) Using 2 workers of 2 for marking
[2020-09-03T11:17:58.034+0000][23984][gc,marking   ] GC(602) Concurrent Mark From Roots 120.570ms
[2020-09-03T11:17:58.035+0000][23984][gc,marking   ] GC(602) Concurrent Preclean
[2020-09-03T11:17:58.035+0000][23984][gc,marking   ] GC(602) Concurrent Preclean 0.594ms
[2020-09-03T11:17:58.035+0000][23984][gc,marking   ] GC(602) Concurrent Mark (226.915s, 227.037s) 121.341ms
[2020-09-03T11:17:58.035+0000][23984][gc,start     ] GC(602) Pause Remark
[2020-09-03T11:17:58.041+0000][23984][gc           ] GC(602) Pause Remark 319M->319M(1024M) 6.026ms
[2020-09-03T11:17:58.042+0000][23984][gc,cpu       ] GC(602) User=0.00s Sys=0.00s Real=0.01s
[2020-09-03T11:17:58.042+0000][23984][safepoint    ] Safepoint "G1Concurrent", Time since last: 123955800 ns, Reaching safepoint: 142400 ns, At safepoint: 6196800 ns, Total: 6339200 ns
[2020-09-03T11:17:58.042+0000][23984][gc,marking   ] GC(602) Concurrent Rebuild Remembered Sets
[2020-09-03T11:17:58.123+0000][23984][gc,marking   ] GC(602) Concurrent Rebuild Remembered Sets 80.900ms
[2020-09-03T11:17:58.123+0000][23984][gc,start     ] GC(602) Pause Cleanup
[2020-09-03T11:17:58.123+0000][23984][gc           ] GC(602) Pause Cleanup 385M->385M(1024M) 0.287ms
[2020-09-03T11:17:58.123+0000][23984][gc,cpu       ] GC(602) User=0.00s Sys=0.00s Real=0.00s
[2020-09-03T11:17:58.123+0000][23984][safepoint    ] Safepoint "G1Concurrent", Time since last: 81065900 ns, Reaching safepoint: 153200 ns, At safepoint: 417500 ns, Total: 570700 ns
[2020-09-03T11:17:58.123+0000][23984][gc,marking   ] GC(602) Concurrent Cleanup for Next Mark
[2020-09-03T11:17:58.124+0000][23984][gc,marking   ] GC(602) Concurrent Cleanup for Next Mark 1.210ms
[2020-09-03T11:17:58.125+0000][23984][gc           ] GC(602) Concurrent Cycle 213.322ms
[2020-09-03T11:17:58.216+0000][23984][gc,start     ] GC(603) Pause Young (Concurrent Start) (G1 Humongous Allocation)
[2020-09-03T11:17:58.216+0000][23984][gc,task      ] GC(603) Using 8 workers of 8 for evacuation
[2020-09-03T11:17:58.216+0000][23984][gc,age       ] GC(603) Desired survivor size 31457280 bytes, new threshold 15 (max threshold 15)
[2020-09-03T11:17:58.222+0000][23984][gc,age       ] GC(603) Age table with threshold 15 (max threshold 15)
[2020-09-03T11:17:58.222+0000][23984][gc,age       ] GC(603) - age   1:    3202136 bytes,    3202136 total
[2020-09-03T11:17:58.222+0000][23984][gc,age       ] GC(603) - age   2:     985168 bytes,    4187304 total
[2020-09-03T11:17:58.222+0000][23984][gc,age       ] GC(603) - age   3:       5712 bytes,    4193016 total
[2020-09-03T11:17:58.222+0000][23984][gc,age       ] GC(603) - age   4:       3584 bytes,    4196600 total
[2020-09-03T11:17:58.222+0000][23984][gc,age       ] GC(603) - age   5:       6632 bytes,    4203232 total
[2020-09-03T11:17:58.222+0000][23984][gc,age       ] GC(603) - age   6:       1152 bytes,    4204384 total
[2020-09-03T11:17:58.222+0000][23984][gc,age       ] GC(603) - age   7:       1448 bytes,    4205832 total
[2020-09-03T11:17:58.222+0000][23984][gc,age       ] GC(603) - age   8:       1200 bytes,    4207032 total
[2020-09-03T11:17:58.222+0000][23984][gc,age       ] GC(603) - age   9:        408 bytes,    4207440 total
[2020-09-03T11:17:58.222+0000][23984][gc,age       ] GC(603) - age  10:        376 bytes,    4207816 total
[2020-09-03T11:17:58.222+0000][23984][gc,age       ] GC(603) - age  11:        736 bytes,    4208552 total
[2020-09-03T11:17:58.222+0000][23984][gc,age       ] GC(603) - age  12:        128 bytes,    4208680 total
[2020-09-03T11:17:58.222+0000][23984][gc,age       ] GC(603) - age  13:        848 bytes,    4209528 total
[2020-09-03T11:17:58.222+0000][23984][gc,age       ] GC(603) - age  14:      86760 bytes,    4296288 total
[2020-09-03T11:17:58.222+0000][23984][gc,age       ] GC(603) - age  15:        208 bytes,    4296496 total
[2020-09-03T11:17:58.222+0000][23984][gc,phases    ] GC(603)   Pre Evacuate Collection Set: 0.4ms
[2020-09-03T11:17:58.222+0000][23984][gc,phases    ] GC(603)   Merge Heap Roots: 0.1ms
[2020-09-03T11:17:58.222+0000][23984][gc,phases    ] GC(603)   Evacuate Collection Set: 4.0ms
[2020-09-03T11:17:58.222+0000][23984][gc,phases    ] GC(603)   Post Evacuate Collection Set: 0.7ms
[2020-09-03T11:17:58.222+0000][23984][gc,phases    ] GC(603)   Other: 0.7ms
[2020-09-03T11:17:58.222+0000][23984][gc,heap      ] GC(603) Eden regions: 41->0(475)
[2020-09-03T11:17:58.222+0000][23984][gc,heap      ] GC(603) Survivor regions: 5->5(60)
[2020-09-03T11:17:58.222+0000][23984][gc,heap      ] GC(603) Old regions: 80->80
[2020-09-03T11:17:58.222+0000][23984][gc,heap      ] GC(603) Archive regions: 0->0
[2020-09-03T11:17:58.222+0000][23984][gc,heap      ] GC(603) Humongous regions: 270->174
[2020-09-03T11:17:58.222+0000][23984][gc,metaspace ] GC(603) Metaspace: 88574K(94592K)->88574K(94592K) NonClass: 77364K(80896K)->77364K(80896K) Class: 11210K(13696K)->11210K(13696K)
[2020-09-03T11:17:58.222+0000][23984][gc           ] GC(603) Pause Young (Concurrent Start) (G1 Humongous Allocation) 395M->258M(1024M) 6.104ms
[2020-09-03T11:17:58.223+0000][23984][gc,cpu       ] GC(603) User=0.02s Sys=0.00s Real=0.01s
[2020-09-03T11:17:58.223+0000][23984][safepoint    ] Safepoint "G1TryInitiateConcMark", Time since last: 92953300 ns, Reaching safepoint: 135000 ns, At safepoint: 6240900 ns, Total: 6375900 ns
[2020-09-03T11:17:58.223+0000][23984][gc           ] GC(604) Concurrent Cycle
[2020-09-03T11:17:58.223+0000][23984][gc,marking   ] GC(604) Concurrent Clear Claimed Marks
[2020-09-03T11:17:58.223+0000][23984][gc,marking   ] GC(604) Concurrent Clear Claimed Marks 0.302ms
[2020-09-03T11:17:58.223+0000][23984][gc,marking   ] GC(604) Concurrent Scan Root Regions
[2020-09-03T11:17:58.225+0000][23984][gc,marking   ] GC(604) Concurrent Scan Root Regions 1.924ms
[2020-09-03T11:17:58.225+0000][23984][gc,marking   ] GC(604) Concurrent Mark (227.227s)
[2020-09-03T11:17:58.225+0000][23984][gc,marking   ] GC(604) Concurrent Mark From Roots
[2020-09-03T11:17:58.225+0000][23984][gc,task      ] GC(604) Using 2 workers of 2 for marking
[2020-09-03T11:17:58.359+0000][23984][gc,marking   ] GC(604) Concurrent Mark From Roots 134.380ms
[2020-09-03T11:17:58.360+0000][23984][gc,marking   ] GC(604) Concurrent Preclean
[2020-09-03T11:17:58.360+0000][23984][gc,marking   ] GC(604) Concurrent Preclean 0.506ms
[2020-09-03T11:17:58.360+0000][23984][gc,marking   ] GC(604) Concurrent Mark (227.227s, 227.362s) 135.072ms
[2020-09-03T11:17:58.360+0000][23984][gc,start     ] GC(604) Pause Remark
[2020-09-03T11:17:58.366+0000][23984][gc           ] GC(604) Pause Remark 317M->317M(1024M) 5.901ms
[2020-09-03T11:17:58.366+0000][23984][gc,cpu       ] GC(604) User=0.00s Sys=0.00s Real=0.01s
[2020-09-03T11:17:58.366+0000][23984][safepoint    ] Safepoint "G1Concurrent", Time since last: 137631400 ns, Reaching safepoint: 143500 ns, At safepoint: 6060800 ns, Total: 6204300 ns
[2020-09-03T11:17:58.366+0000][23984][gc,marking   ] GC(604) Concurrent Rebuild Remembered Sets
[2020-09-03T11:17:58.452+0000][23984][gc,marking   ] GC(604) Concurrent Rebuild Remembered Sets 85.380ms
[2020-09-03T11:17:58.452+0000][23984][gc,start     ] GC(604) Pause Cleanup
[2020-09-03T11:17:58.452+0000][23984][gc           ] GC(604) Pause Cleanup 384M->384M(1024M) 0.264ms
[2020-09-03T11:17:58.452+0000][23984][gc,cpu       ] GC(604) User=0.00s Sys=0.00s Real=0.00s
[2020-09-03T11:17:58.453+0000][23984][safepoint    ] Safepoint "G1Concurrent", Time since last: 85549800 ns, Reaching safepoint: 148000 ns, At safepoint: 418200 ns, Total: 566200 ns
[2020-09-03T11:17:58.453+0000][23984][gc,marking   ] GC(604) Concurrent Cleanup for Next Mark
[2020-09-03T11:17:58.454+0000][23984][gc,marking   ] GC(604) Concurrent Cleanup for Next Mark 1.243ms
[2020-09-03T11:17:58.454+0000][23984][gc           ] GC(604) Concurrent Cycle 231.349ms
[2020-09-03T11:17:58.556+0000][23984][gc,start     ] GC(605) Pause Young (Concurrent Start) (G1 Humongous Allocation)
[2020-09-03T11:17:58.556+0000][23984][gc,task      ] GC(605) Using 8 workers of 8 for evacuation
[2020-09-03T11:17:58.556+0000][23984][gc,age       ] GC(605) Desired survivor size 31457280 bytes, new threshold 15 (max threshold 15)
[2020-09-03T11:17:58.559+0000][23984][gc,age       ] GC(605) Age table with threshold 15 (max threshold 15)
[2020-09-03T11:17:58.560+0000][23984][gc,age       ] GC(605) - age   1:    3192208 bytes,    3192208 total
[2020-09-03T11:17:58.560+0000][23984][gc,age       ] GC(605) - age   2:     401432 bytes,    3593640 total
[2020-09-03T11:17:58.560+0000][23984][gc,age       ] GC(605) - age   3:     594768 bytes,    4188408 total
[2020-09-03T11:17:58.560+0000][23984][gc,age       ] GC(605) - age   4:       1568 bytes,    4189976 total
[2020-09-03T11:17:58.560+0000][23984][gc,age       ] GC(605) - age   5:       2784 bytes,    4192760 total
[2020-09-03T11:17:58.560+0000][23984][gc,age       ] GC(605) - age   6:       6632 bytes,    4199392 total
[2020-09-03T11:17:58.560+0000][23984][gc,age       ] GC(605) - age   7:       1152 bytes,    4200544 total
[2020-09-03T11:17:58.560+0000][23984][gc,age       ] GC(605) - age   8:       1128 bytes,    4201672 total
[2020-09-03T11:17:58.560+0000][23984][gc,age       ] GC(605) - age   9:       1040 bytes,    4202712 total
[2020-09-03T11:17:58.560+0000][23984][gc,age       ] GC(605) - age  10:        408 bytes,    4203120 total
[2020-09-03T11:17:58.560+0000][23984][gc,age       ] GC(605) - age  11:        280 bytes,    4203400 total
[2020-09-03T11:17:58.560+0000][23984][gc,age       ] GC(605) - age  12:        736 bytes,    4204136 total
[2020-09-03T11:17:58.560+0000][23984][gc,age       ] GC(605) - age  13:         96 bytes,    4204232 total
[2020-09-03T11:17:58.560+0000][23984][gc,age       ] GC(605) - age  14:        720 bytes,    4204952 total
[2020-09-03T11:17:58.560+0000][23984][gc,age       ] GC(605) - age  15:      86760 bytes,    4291712 total
[2020-09-03T11:17:58.560+0000][23984][gc,phases    ] GC(605)   Pre Evacuate Collection Set: 0.4ms
[2020-09-03T11:17:58.560+0000][23984][gc,phases    ] GC(605)   Merge Heap Roots: 0.1ms
[2020-09-03T11:17:58.560+0000][23984][gc,phases    ] GC(605)   Evacuate Collection Set: 2.2ms
[2020-09-03T11:17:58.560+0000][23984][gc,phases    ] GC(605)   Post Evacuate Collection Set: 0.8ms
[2020-09-03T11:17:58.560+0000][23984][gc,phases    ] GC(605)   Other: 0.8ms
[2020-09-03T11:17:58.560+0000][23984][gc,heap      ] GC(605) Eden regions: 40->0(480)
[2020-09-03T11:17:58.560+0000][23984][gc,heap      ] GC(605) Survivor regions: 5->5(60)
[2020-09-03T11:17:58.560+0000][23984][gc,heap      ] GC(605) Old regions: 80->80
[2020-09-03T11:17:58.560+0000][23984][gc,heap      ] GC(605) Archive regions: 0->0
[2020-09-03T11:17:58.560+0000][23984][gc,heap      ] GC(605) Humongous regions: 270->174
[2020-09-03T11:17:58.560+0000][23984][gc,metaspace ] GC(605) Metaspace: 88574K(94592K)->88574K(94592K) NonClass: 77364K(80896K)->77364K(80896K) Class: 11210K(13696K)->11210K(13696K)
[2020-09-03T11:17:58.560+0000][23984][gc           ] GC(605) Pause Young (Concurrent Start) (G1 Humongous Allocation) 394M->258M(1024M) 4.671ms
[2020-09-03T11:17:58.561+0000][23984][gc,cpu       ] GC(605) User=0.00s Sys=0.02s Real=0.01s
[2020-09-03T11:17:58.561+0000][23984][safepoint    ] Safepoint "G1TryInitiateConcMark", Time since last: 103125400 ns, Reaching safepoint: 114900 ns, At safepoint: 4834700 ns, Total: 4949600 ns
[2020-09-03T11:17:58.561+0000][23984][gc           ] GC(606) Concurrent Cycle
[2020-09-03T11:17:58.561+0000][23984][gc,marking   ] GC(606) Concurrent Clear Claimed Marks
[2020-09-03T11:17:58.561+0000][23984][gc,marking   ] GC(606) Concurrent Clear Claimed Marks 0.407ms
[2020-09-03T11:17:58.561+0000][23984][gc,marking   ] GC(606) Concurrent Scan Root Regions
[2020-09-03T11:17:58.564+0000][23984][gc,marking   ] GC(606) Concurrent Scan Root Regions 2.356ms
[2020-09-03T11:17:58.564+0000][23984][gc,marking   ] GC(606) Concurrent Mark (227.565s)
[2020-09-03T11:17:58.564+0000][23984][gc,marking   ] GC(606) Concurrent Mark From Roots
[2020-09-03T11:17:58.564+0000][23984][gc,task      ] GC(606) Using 2 workers of 2 for marking
[2020-09-03T11:17:58.717+0000][23984][gc,marking   ] GC(606) Concurrent Mark From Roots 153.269ms
[2020-09-03T11:17:58.717+0000][23984][gc,marking   ] GC(606) Concurrent Preclean
[2020-09-03T11:17:58.718+0000][23984][gc,marking   ] GC(606) Concurrent Preclean 0.863ms
[2020-09-03T11:17:58.718+0000][23984][gc,marking   ] GC(606) Concurrent Mark (227.565s, 227.720s) 154.315ms
[2020-09-03T11:17:58.718+0000][23984][gc,start     ] GC(606) Pause Remark
[2020-09-03T11:17:58.724+0000][23984][gc           ] GC(606) Pause Remark 316M->316M(1024M) 6.043ms
[2020-09-03T11:17:58.724+0000][23984][gc,cpu       ] GC(606) User=0.00s Sys=0.00s Real=0.01s
[2020-09-03T11:17:58.724+0000][23984][safepoint    ] Safepoint "G1Concurrent", Time since last: 157466700 ns, Reaching safepoint: 153500 ns, At safepoint: 6255900 ns, Total: 6409400 ns
[2020-09-03T11:17:58.725+0000][23984][gc,marking   ] GC(606) Concurrent Rebuild Remembered Sets
[2020-09-03T11:17:58.816+0000][23984][gc,marking   ] GC(606) Concurrent Rebuild Remembered Sets 90.944ms
[2020-09-03T11:17:58.816+0000][23984][gc,start     ] GC(606) Pause Cleanup
[2020-09-03T11:17:58.816+0000][23984][gc           ] GC(606) Pause Cleanup 383M->383M(1024M) 0.339ms
[2020-09-03T11:17:58.816+0000][23984][gc,cpu       ] GC(606) User=0.00s Sys=0.00s Real=0.00s
[2020-09-03T11:17:58.816+0000][23984][safepoint    ] Safepoint "G1Concurrent", Time since last: 91130400 ns, Reaching safepoint: 156500 ns, At safepoint: 481400 ns, Total: 637900 ns
[2020-09-03T11:17:58.816+0000][23984][gc,marking   ] GC(606) Concurrent Cleanup for Next Mark
[2020-09-03T11:17:58.818+0000][23984][gc,marking   ] GC(606) Concurrent Cleanup for Next Mark 1.605ms
[2020-09-03T11:17:58.818+0000][23984][gc           ] GC(606) Concurrent Cycle 257.459ms
[2020-09-03T11:17:59.024+0000][23984][gc,start     ] GC(607) Pause Young (Concurrent Start) (G1 Humongous Allocation)
[2020-09-03T11:17:59.024+0000][23984][gc,task      ] GC(607) Using 8 workers of 8 for evacuation
[2020-09-03T11:17:59.024+0000][23984][gc,age       ] GC(607) Desired survivor size 31981568 bytes, new threshold 15 (max threshold 15)
[2020-09-03T11:17:59.027+0000][23984][gc,age       ] GC(607) Age table with threshold 15 (max threshold 15)
[2020-09-03T11:17:59.027+0000][23984][gc,age       ] GC(607) - age   1:    2663120 bytes,    2663120 total
[2020-09-03T11:17:59.027+0000][23984][gc,age       ] GC(607) - age   2:       2104 bytes,    2665224 total
[2020-09-03T11:17:59.027+0000][23984][gc,age       ] GC(607) - age   3:       2016 bytes,    2667240 total
[2020-09-03T11:17:59.027+0000][23984][gc,age       ] GC(607) - age   4:       2432 bytes,    2669672 total
[2020-09-03T11:17:59.027+0000][23984][gc,age       ] GC(607) - age   5:         64 bytes,    2669736 total
[2020-09-03T11:17:59.027+0000][23984][gc,age       ] GC(607) - age   6:       1440 bytes,    2671176 total
[2020-09-03T11:17:59.027+0000][23984][gc,age       ] GC(607) - age   7:       5848 bytes,    2677024 total
[2020-09-03T11:17:59.027+0000][23984][gc,age       ] GC(607) - age   8:        792 bytes,    2677816 total
[2020-09-03T11:17:59.027+0000][23984][gc,age       ] GC(607) - age   9:        936 bytes,    2678752 total
[2020-09-03T11:17:59.027+0000][23984][gc,age       ] GC(607) - age  10:       1008 bytes,    2679760 total
[2020-09-03T11:17:59.028+0000][23984][gc,age       ] GC(607) - age  11:        408 bytes,    2680168 total
[2020-09-03T11:17:59.028+0000][23984][gc,age       ] GC(607) - age  12:        280 bytes,    2680448 total
[2020-09-03T11:17:59.028+0000][23984][gc,age       ] GC(607) - age  13:        736 bytes,    2681184 total
[2020-09-03T11:17:59.028+0000][23984][gc,age       ] GC(607) - age  14:         96 bytes,    2681280 total
[2020-09-03T11:17:59.028+0000][23984][gc,age       ] GC(607) - age  15:        720 bytes,    2682000 total
[2020-09-03T11:17:59.028+0000][23984][gc,phases    ] GC(607)   Pre Evacuate Collection Set: 0.4ms
[2020-09-03T11:17:59.028+0000][23984][gc,phases    ] GC(607)   Merge Heap Roots: 0.1ms
[2020-09-03T11:17:59.028+0000][23984][gc,phases    ] GC(607)   Evacuate Collection Set: 1.9ms
[2020-09-03T11:17:59.028+0000][23984][gc,phases    ] GC(607)   Post Evacuate Collection Set: 0.8ms
[2020-09-03T11:17:59.028+0000][23984][gc,phases    ] GC(607)   Other: 0.9ms
[2020-09-03T11:17:59.028+0000][23984][gc,heap      ] GC(607) Eden regions: 51->0(487)
[2020-09-03T11:17:59.028+0000][23984][gc,heap      ] GC(607) Survivor regions: 5->3(61)
[2020-09-03T11:17:59.028+0000][23984][gc,heap      ] GC(607) Old regions: 80->80
[2020-09-03T11:17:59.028+0000][23984][gc,heap      ] GC(607) Archive regions: 0->0
[2020-09-03T11:17:59.028+0000][23984][gc,heap      ] GC(607) Humongous regions: 270->174
[2020-09-03T11:17:59.028+0000][23984][gc,metaspace ] GC(607) Metaspace: 88582K(94592K)->88582K(94592K) NonClass: 77371K(80896K)->77371K(80896K) Class: 11210K(13696K)->11210K(13696K)
[2020-09-03T11:17:59.028+0000][23984][gc           ] GC(607) Pause Young (Concurrent Start) (G1 Humongous Allocation) 404M->256M(1024M) 4.466ms
[2020-09-03T11:17:59.028+0000][23984][gc,cpu       ] GC(607) User=0.00s Sys=0.00s Real=0.00s
[2020-09-03T11:17:59.028+0000][23984][safepoint    ] Safepoint "G1TryInitiateConcMark", Time since last: 207258500 ns, Reaching safepoint: 145700 ns, At safepoint: 4621700 ns, Total: 4767400 ns
[2020-09-03T11:17:59.028+0000][23984][gc           ] GC(608) Concurrent Cycle
[2020-09-03T11:17:59.029+0000][23984][gc,marking   ] GC(608) Concurrent Clear Claimed Marks
[2020-09-03T11:17:59.029+0000][23984][gc,marking   ] GC(608) Concurrent Clear Claimed Marks 0.559ms
[2020-09-03T11:17:59.029+0000][23984][gc,marking   ] GC(608) Concurrent Scan Root Regions
[2020-09-03T11:17:59.031+0000][23984][gc,marking   ] GC(608) Concurrent Scan Root Regions 1.883ms
[2020-09-03T11:17:59.031+0000][23984][gc,marking   ] GC(608) Concurrent Mark (228.033s)
[2020-09-03T11:17:59.031+0000][23984][gc,marking   ] GC(608) Concurrent Mark From Roots
[2020-09-03T11:17:59.031+0000][23984][gc,task      ] GC(608) Using 2 workers of 2 for marking
[2020-09-03T11:17:59.161+0000][23984][gc,marking   ] GC(608) Concurrent Mark From Roots 129.880ms
[2020-09-03T11:17:59.161+0000][23984][gc,marking   ] GC(608) Concurrent Preclean
[2020-09-03T11:17:59.162+0000][23984][gc,marking   ] GC(608) Concurrent Preclean 0.494ms
[2020-09-03T11:17:59.162+0000][23984][gc,marking   ] GC(608) Concurrent Mark (228.033s, 228.163s) 130.513ms
[2020-09-03T11:17:59.162+0000][23984][gc,start     ] GC(608) Pause Remark
[2020-09-03T11:17:59.167+0000][23984][gc           ] GC(608) Pause Remark 318M->318M(1024M) 5.469ms
[2020-09-03T11:17:59.168+0000][23984][gc,cpu       ] GC(608) User=0.00s Sys=0.00s Real=0.01s
[2020-09-03T11:17:59.168+0000][23984][safepoint    ] Safepoint "G1Concurrent", Time since last: 133569400 ns, Reaching safepoint: 173500 ns, At safepoint: 5693900 ns, Total: 5867400 ns
[2020-09-03T11:17:59.168+0000][23984][gc,marking   ] GC(608) Concurrent Rebuild Remembered Sets
[2020-09-03T11:17:59.253+0000][23984][gc,marking   ] GC(608) Concurrent Rebuild Remembered Sets 85.158ms
[2020-09-03T11:17:59.253+0000][23984][gc,start     ] GC(608) Pause Cleanup
[2020-09-03T11:17:59.254+0000][23984][gc           ] GC(608) Pause Cleanup 387M->387M(1024M) 0.329ms
[2020-09-03T11:17:59.254+0000][23984][gc,cpu       ] GC(608) User=0.00s Sys=0.00s Real=0.00s
[2020-09-03T11:17:59.254+0000][23984][safepoint    ] Safepoint "G1Concurrent", Time since last: 85336000 ns, Reaching safepoint: 141800 ns, At safepoint: 515600 ns, Total: 657400 ns
[2020-09-03T11:17:59.254+0000][23984][gc,marking   ] GC(608) Concurrent Cleanup for Next Mark
[2020-09-03T11:17:59.255+0000][23984][gc,marking   ] GC(608) Concurrent Cleanup for Next Mark 1.281ms
[2020-09-03T11:17:59.255+0000][23984][gc           ] GC(608) Concurrent Cycle 227.003ms
[2020-09-03T11:17:59.400+0000][23984][gc,start     ] GC(609) Pause Young (Concurrent Start) (G1 Humongous Allocation)
[2020-09-03T11:17:59.400+0000][23984][gc,task      ] GC(609) Using 8 workers of 8 for evacuation
[2020-09-03T11:17:59.400+0000][23984][gc,age       ] GC(609) Desired survivor size 32505856 bytes, new threshold 15 (max threshold 15)
[2020-09-03T11:17:59.403+0000][23984][gc,age       ] GC(609) Age table with threshold 15 (max threshold 15)
[2020-09-03T11:17:59.403+0000][23984][gc,age       ] GC(609) - age   1:    2372128 bytes,    2372128 total
[2020-09-03T11:17:59.403+0000][23984][gc,age       ] GC(609) - age   2:      17256 bytes,    2389384 total
[2020-09-03T11:17:59.403+0000][23984][gc,age       ] GC(609) - age   3:       1752 bytes,    2391136 total
[2020-09-03T11:17:59.403+0000][23984][gc,age       ] GC(609) - age   4:       1488 bytes,    2392624 total
[2020-09-03T11:17:59.403+0000][23984][gc,age       ] GC(609) - age   5:       2048 bytes,    2394672 total
[2020-09-03T11:17:59.403+0000][23984][gc,age       ] GC(609) - age   6:         64 bytes,    2394736 total
[2020-09-03T11:17:59.403+0000][23984][gc,age       ] GC(609) - age   7:       1408 bytes,    2396144 total
[2020-09-03T11:17:59.403+0000][23984][gc,age       ] GC(609) - age   8:       3104 bytes,    2399248 total
[2020-09-03T11:17:59.403+0000][23984][gc,age       ] GC(609) - age   9:        696 bytes,    2399944 total
[2020-09-03T11:17:59.403+0000][23984][gc,age       ] GC(609) - age  10:        904 bytes,    2400848 total
[2020-09-03T11:17:59.403+0000][23984][gc,age       ] GC(609) - age  11:        944 bytes,    2401792 total
[2020-09-03T11:17:59.403+0000][23984][gc,age       ] GC(609) - age  12:        376 bytes,    2402168 total
[2020-09-03T11:17:59.403+0000][23984][gc,age       ] GC(609) - age  13:        280 bytes,    2402448 total
[2020-09-03T11:17:59.403+0000][23984][gc,age       ] GC(609) - age  14:        736 bytes,    2403184 total
[2020-09-03T11:17:59.403+0000][23984][gc,age       ] GC(609) - age  15:         64 bytes,    2403248 total
[2020-09-03T11:17:59.403+0000][23984][gc,phases    ] GC(609)   Pre Evacuate Collection Set: 0.4ms
[2020-09-03T11:17:59.403+0000][23984][gc,phases    ] GC(609)   Merge Heap Roots: 0.1ms
[2020-09-03T11:17:59.403+0000][23984][gc,phases    ] GC(609)   Evacuate Collection Set: 1.7ms
[2020-09-03T11:17:59.403+0000][23984][gc,phases    ] GC(609)   Post Evacuate Collection Set: 0.8ms
[2020-09-03T11:17:59.403+0000][23984][gc,phases    ] GC(609)   Other: 0.6ms
[2020-09-03T11:17:59.403+0000][23984][gc,heap      ] GC(609) Eden regions: 43->0(491)
[2020-09-03T11:17:59.403+0000][23984][gc,heap      ] GC(609) Survivor regions: 3->3(62)
[2020-09-03T11:17:59.403+0000][23984][gc,heap      ] GC(609) Old regions: 80->80
[2020-09-03T11:17:59.403+0000][23984][gc,heap      ] GC(609) Archive regions: 0->0
[2020-09-03T11:17:59.403+0000][23984][gc,heap      ] GC(609) Humongous regions: 274->174
[2020-09-03T11:17:59.403+0000][23984][gc,metaspace ] GC(609) Metaspace: 88588K(94592K)->88588K(94592K) NonClass: 77377K(80896K)->77377K(80896K) Class: 11210K(13696K)->11210K(13696K)
[2020-09-03T11:17:59.403+0000][23984][gc           ] GC(609) Pause Young (Concurrent Start) (G1 Humongous Allocation) 399M->256M(1024M) 3.745ms
[2020-09-03T11:17:59.403+0000][23984][gc,cpu       ] GC(609) User=0.00s Sys=0.00s Real=0.00s
[2020-09-03T11:17:59.403+0000][23984][safepoint    ] Safepoint "G1TryInitiateConcMark", Time since last: 145855900 ns, Reaching safepoint: 126300 ns, At safepoint: 3857200 ns, Total: 3983500 ns
[2020-09-03T11:17:59.404+0000][23984][gc           ] GC(610) Concurrent Cycle
[2020-09-03T11:17:59.404+0000][23984][gc,marking   ] GC(610) Concurrent Clear Claimed Marks
[2020-09-03T11:17:59.404+0000][23984][gc,marking   ] GC(610) Concurrent Clear Claimed Marks 0.273ms
[2020-09-03T11:17:59.404+0000][23984][gc,marking   ] GC(610) Concurrent Scan Root Regions
[2020-09-03T11:17:59.405+0000][23984][gc,marking   ] GC(610) Concurrent Scan Root Regions 1.125ms
[2020-09-03T11:17:59.405+0000][23984][gc,marking   ] GC(610) Concurrent Mark (228.407s)
[2020-09-03T11:17:59.405+0000][23984][gc,marking   ] GC(610) Concurrent Mark From Roots
[2020-09-03T11:17:59.405+0000][23984][gc,task      ] GC(610) Using 2 workers of 2 for marking
[2020-09-03T11:17:59.495+0000][23984][gc,marking   ] GC(610) Concurrent Mark From Roots 89.509ms
[2020-09-03T11:17:59.495+0000][23984][gc,marking   ] GC(610) Concurrent Preclean
[2020-09-03T11:17:59.495+0000][23984][gc,marking   ] GC(610) Concurrent Preclean 0.558ms
[2020-09-03T11:17:59.495+0000][23984][gc,marking   ] GC(610) Concurrent Mark (228.407s, 228.497s) 90.208ms
[2020-09-03T11:17:59.496+0000][23984][gc,start     ] GC(610) Pause Remark
[2020-09-03T11:17:59.502+0000][23984][gc           ] GC(610) Pause Remark 308M->308M(1024M) 6.122ms
[2020-09-03T11:17:59.502+0000][23984][gc,cpu       ] GC(610) User=0.09s Sys=0.00s Real=0.01s
[2020-09-03T11:17:59.502+0000][23984][safepoint    ] Safepoint "G1Concurrent", Time since last: 91902100 ns, Reaching safepoint: 153400 ns, At safepoint: 6330600 ns, Total: 6484000 ns
[2020-09-03T11:17:59.502+0000][23984][gc,marking   ] GC(610) Concurrent Rebuild Remembered Sets
[2020-09-03T11:17:59.578+0000][23984][gc,marking   ] GC(610) Concurrent Rebuild Remembered Sets 75.996ms
[2020-09-03T11:17:59.578+0000][23984][gc,start     ] GC(610) Pause Cleanup
[2020-09-03T11:17:59.579+0000][23984][gc           ] GC(610) Pause Cleanup 367M->367M(1024M) 0.247ms
[2020-09-03T11:17:59.579+0000][23984][gc,cpu       ] GC(610) User=0.00s Sys=0.00s Real=0.00s
[2020-09-03T11:17:59.579+0000][23984][safepoint    ] Safepoint "G1Concurrent", Time since last: 76245900 ns, Reaching safepoint: 131400 ns, At safepoint: 373100 ns, Total: 504500 ns
[2020-09-03T11:17:59.579+0000][23984][gc,marking   ] GC(610) Concurrent Cleanup for Next Mark
[2020-09-03T11:17:59.580+0000][23984][gc,marking   ] GC(610) Concurrent Cleanup for Next Mark 1.464ms
[2020-09-03T11:17:59.580+0000][23984][gc           ] GC(610) Concurrent Cycle 176.796ms
[2020-09-03T11:17:59.679+0000][23984][gc,start     ] GC(611) Pause Young (Concurrent Start) (G1 Humongous Allocation)
[2020-09-03T11:17:59.679+0000][23984][gc,task      ] GC(611) Using 8 workers of 8 for evacuation
[2020-09-03T11:17:59.680+0000][23984][gc,age       ] GC(611) Desired survivor size 32505856 bytes, new threshold 15 (max threshold 15)
[2020-09-03T11:17:59.683+0000][23984][gc,age       ] GC(611) Age table with threshold 15 (max threshold 15)
[2020-09-03T11:17:59.683+0000][23984][gc,age       ] GC(611) - age   1:    2591504 bytes,    2591504 total
[2020-09-03T11:17:59.683+0000][23984][gc,age       ] GC(611) - age   2:      10536 bytes,    2602040 total
[2020-09-03T11:17:59.683+0000][23984][gc,age       ] GC(611) - age   3:      14432 bytes,    2616472 total
[2020-09-03T11:17:59.683+0000][23984][gc,age       ] GC(611) - age   4:       1624 bytes,    2618096 total
[2020-09-03T11:17:59.683+0000][23984][gc,age       ] GC(611) - age   5:       1040 bytes,    2619136 total
[2020-09-03T11:17:59.683+0000][23984][gc,age       ] GC(611) - age   6:       1824 bytes,    2620960 total
[2020-09-03T11:17:59.683+0000][23984][gc,age       ] GC(611) - age   7:         64 bytes,    2621024 total
[2020-09-03T11:17:59.683+0000][23984][gc,age       ] GC(611) - age   8:       1408 bytes,    2622432 total
[2020-09-03T11:17:59.683+0000][23984][gc,age       ] GC(611) - age   9:       3104 bytes,    2625536 total
[2020-09-03T11:17:59.683+0000][23984][gc,age       ] GC(611) - age  10:        664 bytes,    2626200 total
[2020-09-03T11:17:59.683+0000][23984][gc,age       ] GC(611) - age  11:        776 bytes,    2626976 total
[2020-09-03T11:17:59.683+0000][23984][gc,age       ] GC(611) - age  12:        880 bytes,    2627856 total
[2020-09-03T11:17:59.683+0000][23984][gc,age       ] GC(611) - age  13:        312 bytes,    2628168 total
[2020-09-03T11:17:59.683+0000][23984][gc,age       ] GC(611) - age  14:        280 bytes,    2628448 total
[2020-09-03T11:17:59.683+0000][23984][gc,age       ] GC(611) - age  15:        736 bytes,    2629184 total
[2020-09-03T11:17:59.684+0000][23984][gc,phases    ] GC(611)   Pre Evacuate Collection Set: 0.5ms
[2020-09-03T11:17:59.684+0000][23984][gc,phases    ] GC(611)   Merge Heap Roots: 0.1ms
[2020-09-03T11:17:59.684+0000][23984][gc,phases    ] GC(611)   Evacuate Collection Set: 2.0ms
[2020-09-03T11:17:59.684+0000][23984][gc,phases    ] GC(611)   Post Evacuate Collection Set: 0.7ms
[2020-09-03T11:17:59.684+0000][23984][gc,phases    ] GC(611)   Other: 0.9ms
[2020-09-03T11:17:59.684+0000][23984][gc,heap      ] GC(611) Eden regions: 37->0(494)
[2020-09-03T11:17:59.684+0000][23984][gc,heap      ] GC(611) Survivor regions: 3->3(62)
[2020-09-03T11:17:59.684+0000][23984][gc,heap      ] GC(611) Old regions: 80->80
[2020-09-03T11:17:59.684+0000][23984][gc,heap      ] GC(611) Archive regions: 0->0
[2020-09-03T11:17:59.684+0000][23984][gc,heap      ] GC(611) Humongous regions: 258->174
[2020-09-03T11:17:59.684+0000][23984][gc,metaspace ] GC(611) Metaspace: 88588K(94592K)->88588K(94592K) NonClass: 77377K(80896K)->77377K(80896K) Class: 11210K(13696K)->11210K(13696K)
[2020-09-03T11:17:59.684+0000][23984][gc           ] GC(611) Pause Young (Concurrent Start) (G1 Humongous Allocation) 376M->256M(1024M) 4.548ms
[2020-09-03T11:17:59.684+0000][23984][gc,cpu       ] GC(611) User=0.00s Sys=0.00s Real=0.01s
[2020-09-03T11:17:59.684+0000][23984][safepoint    ] Safepoint "G1TryInitiateConcMark", Time since last: 100464600 ns, Reaching safepoint: 237100 ns, At safepoint: 4702700 ns, Total: 4939800 ns
[2020-09-03T11:17:59.684+0000][23984][gc           ] GC(612) Concurrent Cycle
[2020-09-03T11:17:59.684+0000][23984][gc,marking   ] GC(612) Concurrent Clear Claimed Marks
[2020-09-03T11:17:59.685+0000][23984][gc,marking   ] GC(612) Concurrent Clear Claimed Marks 0.446ms
[2020-09-03T11:17:59.685+0000][23984][gc,marking   ] GC(612) Concurrent Scan Root Regions
[2020-09-03T11:17:59.686+0000][23984][gc,marking   ] GC(612) Concurrent Scan Root Regions 1.361ms
[2020-09-03T11:17:59.686+0000][23984][gc,marking   ] GC(612) Concurrent Mark (228.688s)
[2020-09-03T11:17:59.686+0000][23984][gc,marking   ] GC(612) Concurrent Mark From Roots
[2020-09-03T11:17:59.686+0000][23984][gc,task      ] GC(612) Using 2 workers of 2 for marking
[2020-09-03T11:17:59.806+0000][23984][gc,marking   ] GC(612) Concurrent Mark From Roots 119.615ms
[2020-09-03T11:17:59.806+0000][23984][gc,marking   ] GC(612) Concurrent Preclean
[2020-09-03T11:17:59.806+0000][23984][gc,marking   ] GC(612) Concurrent Preclean 0.593ms
[2020-09-03T11:17:59.807+0000][23984][gc,marking   ] GC(612) Concurrent Mark (228.688s, 228.808s) 120.369ms
[2020-09-03T11:17:59.807+0000][23984][gc,start     ] GC(612) Pause Remark
[2020-09-03T11:17:59.812+0000][23984][gc           ] GC(612) Pause Remark 310M->310M(1024M) 5.304ms
[2020-09-03T11:17:59.812+0000][23984][gc,cpu       ] GC(612) User=0.13s Sys=0.00s Real=0.01s
[2020-09-03T11:17:59.812+0000][23984][safepoint    ] Safepoint "G1Concurrent", Time since last: 122541100 ns, Reaching safepoint: 138900 ns, At safepoint: 5500100 ns, Total: 5639000 ns
[2020-09-03T11:17:59.812+0000][23984][gc,marking   ] GC(612) Concurrent Rebuild Remembered Sets
[2020-09-03T11:17:59.888+0000][23984][gc,marking   ] GC(612) Concurrent Rebuild Remembered Sets 76.075ms
[2020-09-03T11:17:59.889+0000][23984][gc,start     ] GC(612) Pause Cleanup
[2020-09-03T11:17:59.889+0000][23984][gc           ] GC(612) Pause Cleanup 313M->313M(1024M) 0.350ms
[2020-09-03T11:17:59.889+0000][23984][gc,cpu       ] GC(612) User=0.00s Sys=0.00s Real=0.00s
[2020-09-03T11:17:59.889+0000][23984][safepoint    ] Safepoint "G1Concurrent", Time since last: 76239700 ns, Reaching safepoint: 124700 ns, At safepoint: 510100 ns, Total: 634800 ns
[2020-09-03T11:17:59.889+0000][23984][gc,marking   ] GC(612) Concurrent Cleanup for Next Mark
[2020-09-03T11:17:59.890+0000][23984][gc,marking   ] GC(612) Concurrent Cleanup for Next Mark 1.065ms
[2020-09-03T11:17:59.890+0000][23984][gc           ] GC(612) Concurrent Cycle 206.284ms
[2020-09-03T11:17:59.905+0000][23984][gc,start     ] GC(613) Pause Young (Concurrent Start) (G1 Humongous Allocation)
[2020-09-03T11:17:59.905+0000][23984][gc,task      ] GC(613) Using 8 workers of 8 for evacuation
[2020-09-03T11:17:59.905+0000][23984][gc,age       ] GC(613) Desired survivor size 33030144 bytes, new threshold 15 (max threshold 15)
[2020-09-03T11:17:59.908+0000][23984][gc,age       ] GC(613) Age table with threshold 15 (max threshold 15)
[2020-09-03T11:17:59.908+0000][23984][gc,age       ] GC(613) - age   1:    2052136 bytes,    2052136 total
[2020-09-03T11:17:59.908+0000][23984][gc,age       ] GC(613) - age   2:       2488 bytes,    2054624 total
[2020-09-03T11:17:59.908+0000][23984][gc,age       ] GC(613) - age   3:      10104 bytes,    2064728 total
[2020-09-03T11:17:59.908+0000][23984][gc,age       ] GC(613) - age   4:      12976 bytes,    2077704 total
[2020-09-03T11:17:59.908+0000][23984][gc,age       ] GC(613) - age   5:       1344 bytes,    2079048 total
[2020-09-03T11:17:59.908+0000][23984][gc,age       ] GC(613) - age   6:        976 bytes,    2080024 total
[2020-09-03T11:17:59.908+0000][23984][gc,age       ] GC(613) - age   7:       1824 bytes,    2081848 total
[2020-09-03T11:17:59.908+0000][23984][gc,age       ] GC(613) - age   8:         64 bytes,    2081912 total
[2020-09-03T11:17:59.908+0000][23984][gc,age       ] GC(613) - age   9:       1408 bytes,    2083320 total
[2020-09-03T11:17:59.908+0000][23984][gc,age       ] GC(613) - age  10:       3104 bytes,    2086424 total
[2020-09-03T11:17:59.908+0000][23984][gc,age       ] GC(613) - age  11:        664 bytes,    2087088 total
[2020-09-03T11:17:59.908+0000][23984][gc,age       ] GC(613) - age  12:        776 bytes,    2087864 total
[2020-09-03T11:17:59.908+0000][23984][gc,age       ] GC(613) - age  13:        816 bytes,    2088680 total
[2020-09-03T11:17:59.908+0000][23984][gc,age       ] GC(613) - age  14:        312 bytes,    2088992 total
[2020-09-03T11:17:59.908+0000][23984][gc,age       ] GC(613) - age  15:        280 bytes,    2089272 total
[2020-09-03T11:17:59.908+0000][23984][gc,phases    ] GC(613)   Pre Evacuate Collection Set: 0.5ms
[2020-09-03T11:17:59.908+0000][23984][gc,phases    ] GC(613)   Merge Heap Roots: 0.1ms
[2020-09-03T11:17:59.908+0000][23984][gc,phases    ] GC(613)   Evacuate Collection Set: 1.6ms
[2020-09-03T11:17:59.908+0000][23984][gc,phases    ] GC(613)   Post Evacuate Collection Set: 0.5ms
[2020-09-03T11:17:59.908+0000][23984][gc,phases    ] GC(613)   Other: 0.7ms
[2020-09-03T11:17:59.908+0000][23984][gc,heap      ] GC(613) Eden regions: 21->0(496)
[2020-09-03T11:17:59.908+0000][23984][gc,heap      ] GC(613) Survivor regions: 3->3(63)
[2020-09-03T11:17:59.908+0000][23984][gc,heap      ] GC(613) Old regions: 80->80
[2020-09-03T11:17:59.908+0000][23984][gc,heap      ] GC(613) Archive regions: 0->0
[2020-09-03T11:17:59.908+0000][23984][gc,heap      ] GC(613) Humongous regions: 227->174
[2020-09-03T11:17:59.908+0000][23984][gc,metaspace ] GC(613) Metaspace: 88588K(94592K)->88588K(94592K) NonClass: 77377K(80896K)->77377K(80896K) Class: 11210K(13696K)->11210K(13696K)
[2020-09-03T11:17:59.908+0000][23984][gc           ] GC(613) Pause Young (Concurrent Start) (G1 Humongous Allocation) 330M->256M(1024M) 3.658ms
[2020-09-03T11:17:59.909+0000][23984][gc,cpu       ] GC(613) User=0.00s Sys=0.00s Real=0.00s
[2020-09-03T11:17:59.909+0000][23984][safepoint    ] Safepoint "G1TryInitiateConcMark", Time since last: 15422400 ns, Reaching safepoint: 205800 ns, At safepoint: 3806100 ns, Total: 4011900 ns
[2020-09-03T11:17:59.909+0000][23984][gc           ] GC(614) Concurrent Cycle
[2020-09-03T11:17:59.909+0000][23984][gc,marking   ] GC(614) Concurrent Clear Claimed Marks
[2020-09-03T11:17:59.909+0000][23984][gc,marking   ] GC(614) Concurrent Clear Claimed Marks 0.402ms
[2020-09-03T11:17:59.909+0000][23984][gc,marking   ] GC(614) Concurrent Scan Root Regions
[2020-09-03T11:17:59.911+0000][23984][gc,marking   ] GC(614) Concurrent Scan Root Regions 2.151ms
[2020-09-03T11:17:59.911+0000][23984][gc,marking   ] GC(614) Concurrent Mark (228.913s)
[2020-09-03T11:17:59.911+0000][23984][gc,marking   ] GC(614) Concurrent Mark From Roots
[2020-09-03T11:17:59.911+0000][23984][gc,task      ] GC(614) Using 2 workers of 2 for marking
[2020-09-03T11:18:00.043+0000][23984][gc,marking   ] GC(614) Concurrent Mark From Roots 131.503ms
[2020-09-03T11:18:00.043+0000][23984][gc,marking   ] GC(614) Concurrent Preclean
[2020-09-03T11:18:00.043+0000][23984][gc,marking   ] GC(614) Concurrent Preclean 0.528ms
[2020-09-03T11:18:00.044+0000][23984][gc,marking   ] GC(614) Concurrent Mark (228.913s, 229.045s) 132.193ms
[2020-09-03T11:18:00.044+0000][23984][gc,start     ] GC(614) Pause Remark
[2020-09-03T11:18:00.050+0000][23984][gc           ] GC(614) Pause Remark 299M->299M(1024M) 5.867ms
[2020-09-03T11:18:00.050+0000][23984][gc,cpu       ] GC(614) User=0.02s Sys=0.00s Real=0.01s
[2020-09-03T11:18:00.050+0000][23984][safepoint    ] Safepoint "G1Concurrent", Time since last: 135041400 ns, Reaching safepoint: 141100 ns, At safepoint: 6056700 ns, Total: 6197800 ns
[2020-09-03T11:18:00.050+0000][23984][gc,marking   ] GC(614) Concurrent Rebuild Remembered Sets
[2020-09-03T11:18:00.146+0000][23984][gc,marking   ] GC(614) Concurrent Rebuild Remembered Sets 95.751ms
[2020-09-03T11:18:00.146+0000][23984][gc,start     ] GC(614) Pause Cleanup
[2020-09-03T11:18:00.146+0000][23984][gc           ] GC(614) Pause Cleanup 363M->363M(1024M) 0.353ms
[2020-09-03T11:18:00.146+0000][23984][gc,cpu       ] GC(614) User=0.00s Sys=0.00s Real=0.00s
[2020-09-03T11:18:00.146+0000][23984][safepoint    ] Safepoint "G1Concurrent", Time since last: 95925300 ns, Reaching safepoint: 146600 ns, At safepoint: 488400 ns, Total: 635000 ns
[2020-09-03T11:18:00.146+0000][23984][gc,marking   ] GC(614) Concurrent Cleanup for Next Mark
[2020-09-03T11:18:00.148+0000][23984][gc,marking   ] GC(614) Concurrent Cleanup for Next Mark 1.334ms
[2020-09-03T11:18:00.148+0000][23984][gc           ] GC(614) Concurrent Cycle 239.316ms
[2020-09-03T11:18:00.329+0000][23984][gc,start     ] GC(615) Pause Young (Concurrent Start) (G1 Humongous Allocation)
[2020-09-03T11:18:00.329+0000][23984][gc,task      ] GC(615) Using 8 workers of 8 for evacuation
[2020-09-03T11:18:00.329+0000][23984][gc,age       ] GC(615) Desired survivor size 33030144 bytes, new threshold 15 (max threshold 15)
[2020-09-03T11:18:00.332+0000][23984][gc,age       ] GC(615) Age table with threshold 15 (max threshold 15)
[2020-09-03T11:18:00.332+0000][23984][gc,age       ] GC(615) - age   1:    2384080 bytes,    2384080 total
[2020-09-03T11:18:00.332+0000][23984][gc,age       ] GC(615) - age   2:       4960 bytes,    2389040 total
[2020-09-03T11:18:00.332+0000][23984][gc,age       ] GC(615) - age   3:       1936 bytes,    2390976 total
[2020-09-03T11:18:00.332+0000][23984][gc,age       ] GC(615) - age   4:       6744 bytes,    2397720 total
[2020-09-03T11:18:00.332+0000][23984][gc,age       ] GC(615) - age   5:      12592 bytes,    2410312 total
[2020-09-03T11:18:00.332+0000][23984][gc,age       ] GC(615) - age   6:        896 bytes,    2411208 total
[2020-09-03T11:18:00.332+0000][23984][gc,age       ] GC(615) - age   7:        912 bytes,    2412120 total
[2020-09-03T11:18:00.332+0000][23984][gc,age       ] GC(615) - age   8:       1824 bytes,    2413944 total
[2020-09-03T11:18:00.332+0000][23984][gc,age       ] GC(615) - age   9:         64 bytes,    2414008 total
[2020-09-03T11:18:00.332+0000][23984][gc,age       ] GC(615) - age  10:       1408 bytes,    2415416 total
[2020-09-03T11:18:00.332+0000][23984][gc,age       ] GC(615) - age  11:       3024 bytes,    2418440 total
[2020-09-03T11:18:00.332+0000][23984][gc,age       ] GC(615) - age  12:        664 bytes,    2419104 total
[2020-09-03T11:18:00.332+0000][23984][gc,age       ] GC(615) - age  13:        744 bytes,    2419848 total
[2020-09-03T11:18:00.332+0000][23984][gc,age       ] GC(615) - age  14:        816 bytes,    2420664 total
[2020-09-03T11:18:00.332+0000][23984][gc,age       ] GC(615) - age  15:        280 bytes,    2420944 total
[2020-09-03T11:18:00.333+0000][23984][gc,phases    ] GC(615)   Pre Evacuate Collection Set: 0.4ms
[2020-09-03T11:18:00.333+0000][23984][gc,phases    ] GC(615)   Merge Heap Roots: 0.1ms
[2020-09-03T11:18:00.333+0000][23984][gc,phases    ] GC(615)   Evacuate Collection Set: 1.9ms
[2020-09-03T11:18:00.333+0000][23984][gc,phases    ] GC(615)   Post Evacuate Collection Set: 0.6ms
[2020-09-03T11:18:00.333+0000][23984][gc,phases    ] GC(615)   Other: 0.7ms
[2020-09-03T11:18:00.333+0000][23984][gc,heap      ] GC(615) Eden regions: 41->0(498)
[2020-09-03T11:18:00.333+0000][23984][gc,heap      ] GC(615) Survivor regions: 3->3(63)
[2020-09-03T11:18:00.333+0000][23984][gc,heap      ] GC(615) Old regions: 80->80
[2020-09-03T11:18:00.333+0000][23984][gc,heap      ] GC(615) Archive regions: 0->0
[2020-09-03T11:18:00.333+0000][23984][gc,heap      ] GC(615) Humongous regions: 251->174
[2020-09-03T11:18:00.333+0000][23984][gc,metaspace ] GC(615) Metaspace: 88619K(94592K)->88619K(94592K) NonClass: 77406K(80896K)->77406K(80896K) Class: 11212K(13696K)->11212K(13696K)
[2020-09-03T11:18:00.333+0000][23984][gc           ] GC(615) Pause Young (Concurrent Start) (G1 Humongous Allocation) 373M->256M(1024M) 3.858ms
[2020-09-03T11:18:00.333+0000][23984][gc,cpu       ] GC(615) User=0.00s Sys=0.00s Real=0.00s
[2020-09-03T11:18:00.333+0000][23984][safepoint    ] Safepoint "G1TryInitiateConcMark", Time since last: 182422300 ns, Reaching safepoint: 118700 ns, At safepoint: 3979500 ns, Total: 4098200 ns
[2020-09-03T11:18:00.333+0000][23984][gc           ] GC(616) Concurrent Cycle
[2020-09-03T11:18:00.333+0000][23984][gc,marking   ] GC(616) Concurrent Clear Claimed Marks
[2020-09-03T11:18:00.333+0000][23984][gc,marking   ] GC(616) Concurrent Clear Claimed Marks 0.500ms
[2020-09-03T11:18:00.334+0000][23984][gc,marking   ] GC(616) Concurrent Scan Root Regions
[2020-09-03T11:18:00.336+0000][23984][gc,marking   ] GC(616) Concurrent Scan Root Regions 2.341ms
[2020-09-03T11:18:00.336+0000][23984][gc,marking   ] GC(616) Concurrent Mark (229.338s)
[2020-09-03T11:18:00.336+0000][23984][gc,marking   ] GC(616) Concurrent Mark From Roots
[2020-09-03T11:18:00.336+0000][23984][gc,task      ] GC(616) Using 2 workers of 2 for marking
[2020-09-03T11:18:00.468+0000][23984][gc,marking   ] GC(616) Concurrent Mark From Roots 131.923ms
[2020-09-03T11:18:00.468+0000][23984][gc,marking   ] GC(616) Concurrent Preclean
[2020-09-03T11:18:00.468+0000][23984][gc,marking   ] GC(616) Concurrent Preclean 0.407ms
[2020-09-03T11:18:00.468+0000][23984][gc,marking   ] GC(616) Concurrent Mark (229.338s, 229.470s) 132.461ms
[2020-09-03T11:18:00.469+0000][23984][gc,start     ] GC(616) Pause Remark
[2020-09-03T11:18:00.475+0000][23984][gc           ] GC(616) Pause Remark 308M->308M(1024M) 5.791ms
[2020-09-03T11:18:00.475+0000][23984][gc,cpu       ] GC(616) User=0.00s Sys=0.00s Real=0.01s
[2020-09-03T11:18:00.475+0000][23984][safepoint    ] Safepoint "G1Concurrent", Time since last: 135653300 ns, Reaching safepoint: 145700 ns, At safepoint: 6030000 ns, Total: 6175700 ns
[2020-09-03T11:18:00.475+0000][23984][gc,marking   ] GC(616) Concurrent Rebuild Remembered Sets
[2020-09-03T11:18:00.562+0000][23984][gc,marking   ] GC(616) Concurrent Rebuild Remembered Sets 87.004ms
[2020-09-03T11:18:00.562+0000][23984][gc,start     ] GC(616) Pause Cleanup
[2020-09-03T11:18:00.562+0000][23984][gc           ] GC(616) Pause Cleanup 314M->314M(1024M) 0.339ms
[2020-09-03T11:18:00.563+0000][23984][gc,cpu       ] GC(616) User=0.00s Sys=0.00s Real=0.00s
[2020-09-03T11:18:00.563+0000][23984][safepoint    ] Safepoint "G1Concurrent", Time since last: 87211700 ns, Reaching safepoint: 184700 ns, At safepoint: 521500 ns, Total: 706200 ns
[2020-09-03T11:18:00.563+0000][23984][gc,marking   ] GC(616) Concurrent Cleanup for Next Mark
[2020-09-03T11:18:00.564+0000][23984][gc,marking   ] GC(616) Concurrent Cleanup for Next Mark 1.549ms
[2020-09-03T11:18:00.564+0000][23984][gc           ] GC(616) Concurrent Cycle 231.546ms
[2020-09-03T11:18:00.660+0000][23984][gc,start     ] GC(617) Pause Young (Concurrent Start) (G1 Humongous Allocation)
[2020-09-03T11:18:00.660+0000][23984][gc,task      ] GC(617) Using 8 workers of 8 for evacuation
[2020-09-03T11:18:00.660+0000][23984][gc,age       ] GC(617) Desired survivor size 33030144 bytes, new threshold 15 (max threshold 15)
[2020-09-03T11:18:00.665+0000][23984][gc,age       ] GC(617) Age table with threshold 15 (max threshold 15)
[2020-09-03T11:18:00.665+0000][23984][gc,age       ] GC(617) - age   1:    9893976 bytes,    9893976 total
[2020-09-03T11:18:00.665+0000][23984][gc,age       ] GC(617) - age   2:      21632 bytes,    9915608 total
[2020-09-03T11:18:00.665+0000][23984][gc,age       ] GC(617) - age   3:       2112 bytes,    9917720 total
[2020-09-03T11:18:00.665+0000][23984][gc,age       ] GC(617) - age   4:        960 bytes,    9918680 total
[2020-09-03T11:18:00.665+0000][23984][gc,age       ] GC(617) - age   5:       5928 bytes,    9924608 total
[2020-09-03T11:18:00.665+0000][23984][gc,age       ] GC(617) - age   6:      11832 bytes,    9936440 total
[2020-09-03T11:18:00.665+0000][23984][gc,age       ] GC(617) - age   7:        544 bytes,    9936984 total
[2020-09-03T11:18:00.665+0000][23984][gc,age       ] GC(617) - age   8:        848 bytes,    9937832 total
[2020-09-03T11:18:00.665+0000][23984][gc,age       ] GC(617) - age   9:       1728 bytes,    9939560 total
[2020-09-03T11:18:00.665+0000][23984][gc,age       ] GC(617) - age  10:         64 bytes,    9939624 total
[2020-09-03T11:18:00.665+0000][23984][gc,age       ] GC(617) - age  11:       1344 bytes,    9940968 total
[2020-09-03T11:18:00.665+0000][23984][gc,age       ] GC(617) - age  12:       2896 bytes,    9943864 total
[2020-09-03T11:18:00.665+0000][23984][gc,age       ] GC(617) - age  13:        600 bytes,    9944464 total
[2020-09-03T11:18:00.665+0000][23984][gc,age       ] GC(617) - age  14:        744 bytes,    9945208 total
[2020-09-03T11:18:00.665+0000][23984][gc,age       ] GC(617) - age  15:        816 bytes,    9946024 total
[2020-09-03T11:18:00.665+0000][23984][gc,phases    ] GC(617)   Pre Evacuate Collection Set: 0.5ms
[2020-09-03T11:18:00.665+0000][23984][gc,phases    ] GC(617)   Merge Heap Roots: 0.1ms
[2020-09-03T11:18:00.665+0000][23984][gc,phases    ] GC(617)   Evacuate Collection Set: 2.9ms
[2020-09-03T11:18:00.665+0000][23984][gc,phases    ] GC(617)   Post Evacuate Collection Set: 0.7ms
[2020-09-03T11:18:00.665+0000][23984][gc,phases    ] GC(617)   Other: 1.0ms
[2020-09-03T11:18:00.665+0000][23984][gc,heap      ] GC(617) Eden regions: 35->0(485)
[2020-09-03T11:18:00.665+0000][23984][gc,heap      ] GC(617) Survivor regions: 3->10(63)
[2020-09-03T11:18:00.665+0000][23984][gc,heap      ] GC(617) Old regions: 80->80
[2020-09-03T11:18:00.665+0000][23984][gc,heap      ] GC(617) Archive regions: 0->0
[2020-09-03T11:18:00.665+0000][23984][gc,heap      ] GC(617) Humongous regions: 227->174
[2020-09-03T11:18:00.666+0000][23984][gc,metaspace ] GC(617) Metaspace: 88619K(94592K)->88619K(94592K) NonClass: 77406K(80896K)->77406K(80896K) Class: 11212K(13696K)->11212K(13696K)
[2020-09-03T11:18:00.666+0000][23984][gc           ] GC(617) Pause Young (Concurrent Start) (G1 Humongous Allocation) 344M->263M(1024M) 5.545ms
[2020-09-03T11:18:00.666+0000][23984][gc,cpu       ] GC(617) User=0.00s Sys=0.00s Real=0.01s
[2020-09-03T11:18:00.666+0000][23984][gc           ] GC(618) Concurrent Cycle
[2020-09-03T11:18:00.666+0000][23984][gc,marking   ] GC(618) Concurrent Clear Claimed Marks
[2020-09-03T11:18:00.666+0000][23984][safepoint    ] Safepoint "G1TryInitiateConcMark", Time since last: 97154500 ns, Reaching safepoint: 213600 ns, At safepoint: 6024400 ns, Total: 6238000 ns
[2020-09-03T11:18:00.666+0000][23984][gc,marking   ] GC(618) Concurrent Clear Claimed Marks 0.328ms
[2020-09-03T11:18:00.666+0000][23984][gc,marking   ] GC(618) Concurrent Scan Root Regions
[2020-09-03T11:18:00.669+0000][23984][gc,marking   ] GC(618) Concurrent Scan Root Regions 2.904ms
[2020-09-03T11:18:00.669+0000][23984][gc,marking   ] GC(618) Concurrent Mark (229.671s)
[2020-09-03T11:18:00.669+0000][23984][gc,marking   ] GC(618) Concurrent Mark From Roots
[2020-09-03T11:18:00.669+0000][23984][gc,task      ] GC(618) Using 2 workers of 2 for marking
[2020-09-03T11:18:00.824+0000][23984][gc,marking   ] GC(618) Concurrent Mark From Roots 154.960ms
[2020-09-03T11:18:00.824+0000][23984][gc,marking   ] GC(618) Concurrent Preclean
[2020-09-03T11:18:00.825+0000][23984][gc,marking   ] GC(618) Concurrent Preclean 0.693ms
[2020-09-03T11:18:00.825+0000][23984][gc,marking   ] GC(618) Concurrent Mark (229.671s, 229.827s) 155.845ms
[2020-09-03T11:18:00.830+0000][23984][gc,start     ] GC(618) Pause Remark
[2020-09-03T11:18:00.836+0000][23984][gc           ] GC(618) Pause Remark 553M->553M(1024M) 6.212ms
[2020-09-03T11:18:00.836+0000][23984][gc,cpu       ] GC(618) User=0.00s Sys=0.00s Real=0.01s
[2020-09-03T11:18:00.836+0000][23984][safepoint    ] Safepoint "G1Concurrent", Time since last: 159199100 ns, Reaching safepoint: 4435400 ns, At safepoint: 6532200 ns, Total: 10967600 ns
[2020-09-03T11:18:00.836+0000][23984][gc,marking   ] GC(618) Concurrent Rebuild Remembered Sets
[2020-09-03T11:18:00.933+0000][23984][gc,marking   ] GC(618) Concurrent Rebuild Remembered Sets 96.912ms
[2020-09-03T11:18:00.933+0000][23984][gc,start     ] GC(618) Pause Cleanup
[2020-09-03T11:18:00.934+0000][23984][gc           ] GC(618) Pause Cleanup 557M->557M(1024M) 0.394ms
[2020-09-03T11:18:00.934+0000][23984][gc,cpu       ] GC(618) User=0.00s Sys=0.00s Real=0.00s
[2020-09-03T11:18:00.934+0000][23984][safepoint    ] Safepoint "G1Concurrent", Time since last: 97095100 ns, Reaching safepoint: 181600 ns, At safepoint: 563700 ns, Total: 745300 ns
[2020-09-03T11:18:00.934+0000][23984][gc,marking   ] GC(618) Concurrent Cleanup for Next Mark
[2020-09-03T11:18:00.936+0000][23984][gc,marking   ] GC(618) Concurrent Cleanup for Next Mark 1.698ms
[2020-09-03T11:18:00.936+0000][23984][gc           ] GC(618) Concurrent Cycle 270.098ms
[2020-09-03T11:18:00.974+0000][23984][gc,start     ] GC(619) Pause Young (Concurrent Start) (G1 Humongous Allocation)
[2020-09-03T11:18:00.974+0000][23984][gc,task      ] GC(619) Using 8 workers of 8 for evacuation
[2020-09-03T11:18:00.974+0000][23984][gc,age       ] GC(619) Desired survivor size 32505856 bytes, new threshold 15 (max threshold 15)
[2020-09-03T11:18:00.979+0000][23984][gc,age       ] GC(619) Age table with threshold 15 (max threshold 15)
[2020-09-03T11:18:00.979+0000][23984][gc,age       ] GC(619) - age   1:    5544960 bytes,    5544960 total
[2020-09-03T11:18:00.979+0000][23984][gc,age       ] GC(619) - age   2:     620912 bytes,    6165872 total
[2020-09-03T11:18:00.979+0000][23984][gc,age       ] GC(619) - age   3:      18888 bytes,    6184760 total
[2020-09-03T11:18:00.979+0000][23984][gc,age       ] GC(619) - age   4:        864 bytes,    6185624 total
[2020-09-03T11:18:00.979+0000][23984][gc,age       ] GC(619) - age   5:        928 bytes,    6186552 total
[2020-09-03T11:18:00.979+0000][23984][gc,age       ] GC(619) - age   6:       5928 bytes,    6192480 total
[2020-09-03T11:18:00.979+0000][23984][gc,age       ] GC(619) - age   7:      10480 bytes,    6202960 total
[2020-09-03T11:18:00.979+0000][23984][gc,age       ] GC(619) - age   8:        472 bytes,    6203432 total
[2020-09-03T11:18:00.979+0000][23984][gc,age       ] GC(619) - age   9:        752 bytes,    6204184 total
[2020-09-03T11:18:00.979+0000][23984][gc,age       ] GC(619) - age  10:       1208 bytes,    6205392 total
[2020-09-03T11:18:00.979+0000][23984][gc,age       ] GC(619) - age  11:         64 bytes,    6205456 total
[2020-09-03T11:18:00.979+0000][23984][gc,age       ] GC(619) - age  12:       1344 bytes,    6206800 total
[2020-09-03T11:18:00.979+0000][23984][gc,age       ] GC(619) - age  13:       2896 bytes,    6209696 total
[2020-09-03T11:18:00.979+0000][23984][gc,age       ] GC(619) - age  14:        600 bytes,    6210296 total
[2020-09-03T11:18:00.979+0000][23984][gc,age       ] GC(619) - age  15:        744 bytes,    6211040 total
[2020-09-03T11:18:00.980+0000][23984][gc,phases    ] GC(619)   Pre Evacuate Collection Set: 0.5ms
[2020-09-03T11:18:00.980+0000][23984][gc,phases    ] GC(619)   Merge Heap Roots: 0.1ms
[2020-09-03T11:18:00.980+0000][23984][gc,phases    ] GC(619)   Evacuate Collection Set: 2.8ms
[2020-09-03T11:18:00.980+0000][23984][gc,phases    ] GC(619)   Post Evacuate Collection Set: 1.1ms
[2020-09-03T11:18:00.980+0000][23984][gc,phases    ] GC(619)   Other: 1.1ms
[2020-09-03T11:18:00.980+0000][23984][gc,heap      ] GC(619) Eden regions: 77->0(353)
[2020-09-03T11:18:00.980+0000][23984][gc,heap      ] GC(619) Survivor regions: 10->6(62)
[2020-09-03T11:18:00.980+0000][23984][gc,heap      ] GC(619) Old regions: 80->80
[2020-09-03T11:18:00.980+0000][23984][gc,heap      ] GC(619) Archive regions: 0->0
[2020-09-03T11:18:00.980+0000][23984][gc,heap      ] GC(619) Humongous regions: 403->174
[2020-09-03T11:18:00.980+0000][23984][gc,metaspace ] GC(619) Metaspace: 88619K(94592K)->88619K(94592K) NonClass: 77406K(80896K)->77406K(80896K) Class: 11212K(13696K)->11212K(13696K)
[2020-09-03T11:18:00.980+0000][23984][gc           ] GC(619) Pause Young (Concurrent Start) (G1 Humongous Allocation) 568M->259M(1024M) 5.970ms
[2020-09-03T11:18:00.980+0000][23984][gc,cpu       ] GC(619) User=0.00s Sys=0.00s Real=0.01s
[2020-09-03T11:18:00.980+0000][23984][gc           ] GC(620) Concurrent Cycle
[2020-09-03T11:18:00.980+0000][23984][gc,marking   ] GC(620) Concurrent Clear Claimed Marks
[2020-09-03T11:18:00.980+0000][23984][safepoint    ] Safepoint "G1TryInitiateConcMark", Time since last: 39702500 ns, Reaching safepoint: 202700 ns, At safepoint: 6345000 ns, Total: 6547700 ns
[2020-09-03T11:18:00.981+0000][23984][gc,marking   ] GC(620) Concurrent Clear Claimed Marks 0.419ms
[2020-09-03T11:18:00.981+0000][23984][gc,marking   ] GC(620) Concurrent Scan Root Regions
[2020-09-03T11:18:00.985+0000][23984][gc,marking   ] GC(620) Concurrent Scan Root Regions 4.310ms
[2020-09-03T11:18:00.985+0000][23984][gc,marking   ] GC(620) Concurrent Mark (229.987s)
[2020-09-03T11:18:00.985+0000][23984][gc,marking   ] GC(620) Concurrent Mark From Roots
[2020-09-03T11:18:00.985+0000][23984][gc,task      ] GC(620) Using 2 workers of 2 for marking
[2020-09-03T11:18:01.142+0000][23984][gc,marking   ] GC(620) Concurrent Mark From Roots 157.300ms
[2020-09-03T11:18:01.142+0000][23984][gc,marking   ] GC(620) Concurrent Preclean
[2020-09-03T11:18:01.143+0000][23984][gc,marking   ] GC(620) Concurrent Preclean 0.589ms
[2020-09-03T11:18:01.143+0000][23984][gc,marking   ] GC(620) Concurrent Mark (229.987s, 230.145s) 158.067ms
[2020-09-03T11:18:01.143+0000][23984][gc,start     ] GC(620) Pause Remark
[2020-09-03T11:18:01.149+0000][23984][gc           ] GC(620) Pause Remark 384M->384M(1024M) 5.391ms
[2020-09-03T11:18:01.149+0000][23984][gc,cpu       ] GC(620) User=0.00s Sys=0.00s Real=0.01s
[2020-09-03T11:18:01.149+0000][23984][safepoint    ] Safepoint "G1Concurrent", Time since last: 162922500 ns, Reaching safepoint: 148500 ns, At safepoint: 5622400 ns, Total: 5770900 ns
[2020-09-03T11:18:01.149+0000][23984][gc,marking   ] GC(620) Concurrent Rebuild Remembered Sets
[2020-09-03T11:18:01.240+0000][23984][gc,marking   ] GC(620) Concurrent Rebuild Remembered Sets 91.448ms
[2020-09-03T11:18:01.241+0000][23984][gc,start     ] GC(620) Pause Cleanup
[2020-09-03T11:18:01.241+0000][23984][gc           ] GC(620) Pause Cleanup 452M->452M(1024M) 0.331ms
[2020-09-03T11:18:01.241+0000][23984][gc,cpu       ] GC(620) User=0.00s Sys=0.00s Real=0.00s
[2020-09-03T11:18:01.241+0000][23984][safepoint    ] Safepoint "G1Concurrent", Time since last: 91652800 ns, Reaching safepoint: 159600 ns, At safepoint: 516100 ns, Total: 675700 ns
[2020-09-03T11:18:01.241+0000][23984][gc,marking   ] GC(620) Concurrent Cleanup for Next Mark
[2020-09-03T11:18:01.243+0000][23984][gc,marking   ] GC(620) Concurrent Cleanup for Next Mark 1.717ms
[2020-09-03T11:18:01.243+0000][23984][gc           ] GC(620) Concurrent Cycle 263.134ms
[2020-09-03T11:18:01.372+0000][23984][gc,start     ] GC(621) Pause Young (Concurrent Start) (G1 Humongous Allocation)
[2020-09-03T11:18:01.372+0000][23984][gc,task      ] GC(621) Using 8 workers of 8 for evacuation
[2020-09-03T11:18:01.372+0000][23984][gc,age       ] GC(621) Desired survivor size 23592960 bytes, new threshold 15 (max threshold 15)
[2020-09-03T11:18:01.376+0000][23984][gc,age       ] GC(621) Age table with threshold 15 (max threshold 15)
[2020-09-03T11:18:01.376+0000][23984][gc,age       ] GC(621) - age   1:    3955184 bytes,    3955184 total
[2020-09-03T11:18:01.376+0000][23984][gc,age       ] GC(621) - age   2:     208256 bytes,    4163440 total
[2020-09-03T11:18:01.376+0000][23984][gc,age       ] GC(621) - age   3:       3856 bytes,    4167296 total
[2020-09-03T11:18:01.376+0000][23984][gc,age       ] GC(621) - age   4:      18096 bytes,    4185392 total
[2020-09-03T11:18:01.376+0000][23984][gc,age       ] GC(621) - age   5:        832 bytes,    4186224 total
[2020-09-03T11:18:01.376+0000][23984][gc,age       ] GC(621) - age   6:        768 bytes,    4186992 total
[2020-09-03T11:18:01.376+0000][23984][gc,age       ] GC(621) - age   7:       5928 bytes,    4192920 total
[2020-09-03T11:18:01.376+0000][23984][gc,age       ] GC(621) - age   8:       3152 bytes,    4196072 total
[2020-09-03T11:18:01.376+0000][23984][gc,age       ] GC(621) - age   9:        408 bytes,    4196480 total
[2020-09-03T11:18:01.376+0000][23984][gc,age       ] GC(621) - age  10:        592 bytes,    4197072 total
[2020-09-03T11:18:01.376+0000][23984][gc,age       ] GC(621) - age  11:        712 bytes,    4197784 total
[2020-09-03T11:18:01.377+0000][23984][gc,age       ] GC(621) - age  12:         64 bytes,    4197848 total
[2020-09-03T11:18:01.377+0000][23984][gc,age       ] GC(621) - age  13:       1280 bytes,    4199128 total
[2020-09-03T11:18:01.377+0000][23984][gc,age       ] GC(621) - age  14:       2832 bytes,    4201960 total
[2020-09-03T11:18:01.377+0000][23984][gc,age       ] GC(621) - age  15:        472 bytes,    4202432 total
[2020-09-03T11:18:01.377+0000][23984][gc,phases    ] GC(621)   Pre Evacuate Collection Set: 0.4ms
[2020-09-03T11:18:01.377+0000][23984][gc,phases    ] GC(621)   Merge Heap Roots: 0.1ms
[2020-09-03T11:18:01.377+0000][23984][gc,phases    ] GC(621)   Evacuate Collection Set: 2.2ms
[2020-09-03T11:18:01.377+0000][23984][gc,phases    ] GC(621)   Post Evacuate Collection Set: 0.8ms
[2020-09-03T11:18:01.377+0000][23984][gc,phases    ] GC(621)   Other: 1.3ms
[2020-09-03T11:18:01.377+0000][23984][gc,heap      ] GC(621) Eden regions: 59->0(377)
[2020-09-03T11:18:01.377+0000][23984][gc,heap      ] GC(621) Survivor regions: 6->5(45)
[2020-09-03T11:18:01.377+0000][23984][gc,heap      ] GC(621) Old regions: 80->80
[2020-09-03T11:18:01.377+0000][23984][gc,heap      ] GC(621) Archive regions: 0->0
[2020-09-03T11:18:01.377+0000][23984][gc,heap      ] GC(621) Humongous regions: 318->174
[2020-09-03T11:18:01.377+0000][23984][gc,metaspace ] GC(621) Metaspace: 88619K(94592K)->88619K(94592K) NonClass: 77406K(80896K)->77406K(80896K) Class: 11212K(13696K)->11212K(13696K)
[2020-09-03T11:18:01.377+0000][23984][gc           ] GC(621) Pause Young (Concurrent Start) (G1 Humongous Allocation) 462M->258M(1024M) 5.276ms
[2020-09-03T11:18:01.377+0000][23984][gc,cpu       ] GC(621) User=0.02s Sys=0.00s Real=0.01s
[2020-09-03T11:18:01.377+0000][23984][gc           ] GC(622) Concurrent Cycle
[2020-09-03T11:18:01.377+0000][23984][safepoint    ] Safepoint "G1TryInitiateConcMark", Time since last: 130512100 ns, Reaching safepoint: 145300 ns, At safepoint: 5442400 ns, Total: 5587700 ns
[2020-09-03T11:18:01.377+0000][23984][gc,marking   ] GC(622) Concurrent Clear Claimed Marks
[2020-09-03T11:18:01.378+0000][23984][gc,marking   ] GC(622) Concurrent Clear Claimed Marks 0.426ms
[2020-09-03T11:18:01.378+0000][23984][gc,marking   ] GC(622) Concurrent Scan Root Regions
[2020-09-03T11:18:01.380+0000][23984][gc,marking   ] GC(622) Concurrent Scan Root Regions 2.351ms
[2020-09-03T11:18:01.380+0000][23984][gc,marking   ] GC(622) Concurrent Mark (230.382s)
[2020-09-03T11:18:01.380+0000][23984][gc,marking   ] GC(622) Concurrent Mark From Roots
[2020-09-03T11:18:01.380+0000][23984][gc,task      ] GC(622) Using 2 workers of 2 for marking
[2020-09-03T11:18:01.530+0000][23984][gc,marking   ] GC(622) Concurrent Mark From Roots 149.573ms
[2020-09-03T11:18:01.530+0000][23984][gc,marking   ] GC(622) Concurrent Preclean
[2020-09-03T11:18:01.531+0000][23984][gc,marking   ] GC(622) Concurrent Preclean 0.687ms
[2020-09-03T11:18:01.531+0000][23984][gc,marking   ] GC(622) Concurrent Mark (230.382s, 230.532s) 150.459ms
[2020-09-03T11:18:01.531+0000][23984][gc,start     ] GC(622) Pause Remark
[2020-09-03T11:18:01.537+0000][23984][gc           ] GC(622) Pause Remark 317M->317M(1024M) 6.067ms
[2020-09-03T11:18:01.537+0000][23984][gc,cpu       ] GC(622) User=0.00s Sys=0.00s Real=0.01s
[2020-09-03T11:18:01.537+0000][23984][safepoint    ] Safepoint "G1Concurrent", Time since last: 153580300 ns, Reaching safepoint: 129200 ns, At safepoint: 6281000 ns, Total: 6410200 ns
[2020-09-03T11:18:01.537+0000][23984][gc,marking   ] GC(622) Concurrent Rebuild Remembered Sets
[2020-09-03T11:18:01.640+0000][23984][gc,marking   ] GC(622) Concurrent Rebuild Remembered Sets 102.255ms
[2020-09-03T11:18:01.640+0000][23984][gc,start     ] GC(622) Pause Cleanup
[2020-09-03T11:18:01.640+0000][23984][gc           ] GC(622) Pause Cleanup 382M->382M(1024M) 0.287ms
[2020-09-03T11:18:01.640+0000][23984][gc,cpu       ] GC(622) User=0.00s Sys=0.00s Real=0.00s
[2020-09-03T11:18:01.640+0000][23984][safepoint    ] Safepoint "G1Concurrent", Time since last: 102427600 ns, Reaching safepoint: 148200 ns, At safepoint: 470300 ns, Total: 618500 ns
[2020-09-03T11:18:01.641+0000][23984][gc,marking   ] GC(622) Concurrent Cleanup for Next Mark
[2020-09-03T11:18:01.642+0000][23984][gc,marking   ] GC(622) Concurrent Cleanup for Next Mark 1.375ms
[2020-09-03T11:18:01.642+0000][23984][gc           ] GC(622) Concurrent Cycle 264.582ms
[2020-09-03T11:18:01.750+0000][23984][gc,start     ] GC(623) Pause Young (Concurrent Start) (G1 Humongous Allocation)
[2020-09-03T11:18:01.751+0000][23984][gc,task      ] GC(623) Using 8 workers of 8 for evacuation
[2020-09-03T11:18:01.751+0000][23984][gc,age       ] GC(623) Desired survivor size 25165824 bytes, new threshold 15 (max threshold 15)
[2020-09-03T11:18:01.755+0000][23984][gc,age       ] GC(623) Age table with threshold 15 (max threshold 15)
[2020-09-03T11:18:01.755+0000][23984][gc,age       ] GC(623) - age   1:    3206568 bytes,    3206568 total
[2020-09-03T11:18:01.755+0000][23984][gc,age       ] GC(623) - age   2:     984280 bytes,    4190848 total
[2020-09-03T11:18:01.755+0000][23984][gc,age       ] GC(623) - age   3:      11232 bytes,    4202080 total
[2020-09-03T11:18:01.755+0000][23984][gc,age       ] GC(623) - age   4:       2288 bytes,    4204368 total
[2020-09-03T11:18:01.755+0000][23984][gc,age       ] GC(623) - age   5:      17936 bytes,    4222304 total
[2020-09-03T11:18:01.755+0000][23984][gc,age       ] GC(623) - age   6:        800 bytes,    4223104 total
[2020-09-03T11:18:01.756+0000][23984][gc,age       ] GC(623) - age   7:        768 bytes,    4223872 total
[2020-09-03T11:18:01.756+0000][23984][gc,age       ] GC(623) - age   8:       5928 bytes,    4229800 total
[2020-09-03T11:18:01.756+0000][23984][gc,age       ] GC(623) - age   9:       2912 bytes,    4232712 total
[2020-09-03T11:18:01.756+0000][23984][gc,age       ] GC(623) - age  10:        312 bytes,    4233024 total
[2020-09-03T11:18:01.756+0000][23984][gc,age       ] GC(623) - age  11:        560 bytes,    4233584 total
[2020-09-03T11:18:01.756+0000][23984][gc,age       ] GC(623) - age  12:        616 bytes,    4234200 total
[2020-09-03T11:18:01.756+0000][23984][gc,age       ] GC(623) - age  13:         64 bytes,    4234264 total
[2020-09-03T11:18:01.756+0000][23984][gc,age       ] GC(623) - age  14:       1280 bytes,    4235544 total
[2020-09-03T11:18:01.756+0000][23984][gc,age       ] GC(623) - age  15:       2832 bytes,    4238376 total
[2020-09-03T11:18:01.756+0000][23984][gc,phases    ] GC(623)   Pre Evacuate Collection Set: 0.4ms
[2020-09-03T11:18:01.756+0000][23984][gc,phases    ] GC(623)   Merge Heap Roots: 0.1ms
[2020-09-03T11:18:01.756+0000][23984][gc,phases    ] GC(623)   Evacuate Collection Set: 3.0ms
[2020-09-03T11:18:01.756+0000][23984][gc,phases    ] GC(623)   Post Evacuate Collection Set: 0.8ms
[2020-09-03T11:18:01.756+0000][23984][gc,phases    ] GC(623)   Other: 1.2ms
[2020-09-03T11:18:01.756+0000][23984][gc,heap      ] GC(623) Eden regions: 39->0(398)
[2020-09-03T11:18:01.756+0000][23984][gc,heap      ] GC(623) Survivor regions: 5->5(48)
[2020-09-03T11:18:01.756+0000][23984][gc,heap      ] GC(623) Old regions: 80->80
[2020-09-03T11:18:01.756+0000][23984][gc,heap      ] GC(623) Archive regions: 0->0
[2020-09-03T11:18:01.756+0000][23984][gc,heap      ] GC(623) Humongous regions: 270->174
[2020-09-03T11:18:01.756+0000][23984][gc,metaspace ] GC(623) Metaspace: 88619K(94592K)->88619K(94592K) NonClass: 77407K(80896K)->77407K(80896K) Class: 11212K(13696K)->11212K(13696K)
[2020-09-03T11:18:01.756+0000][23984][gc           ] GC(623) Pause Young (Concurrent Start) (G1 Humongous Allocation) 392M->258M(1024M) 6.006ms
[2020-09-03T11:18:01.756+0000][23984][gc,cpu       ] GC(623) User=0.00s Sys=0.00s Real=0.01s
[2020-09-03T11:18:01.757+0000][23984][gc           ] GC(624) Concurrent Cycle
[2020-09-03T11:18:01.757+0000][23984][safepoint    ] Safepoint "G1TryInitiateConcMark", Time since last: 109724400 ns, Reaching safepoint: 181100 ns, At safepoint: 6231600 ns, Total: 6412700 ns
[2020-09-03T11:18:01.757+0000][23984][gc,marking   ] GC(624) Concurrent Clear Claimed Marks
[2020-09-03T11:18:01.757+0000][23984][gc,marking   ] GC(624) Concurrent Clear Claimed Marks 0.430ms
[2020-09-03T11:18:01.757+0000][23984][gc,marking   ] GC(624) Concurrent Scan Root Regions
[2020-09-03T11:18:01.761+0000][23984][gc,marking   ] GC(624) Concurrent Scan Root Regions 3.908ms
[2020-09-03T11:18:01.761+0000][23984][gc,marking   ] GC(624) Concurrent Mark (230.763s)
[2020-09-03T11:18:01.761+0000][23984][gc,marking   ] GC(624) Concurrent Mark From Roots
[2020-09-03T11:18:01.761+0000][23984][gc,task      ] GC(624) Using 2 workers of 2 for marking
[2020-09-03T11:18:01.908+0000][23984][gc,marking   ] GC(624) Concurrent Mark From Roots 147.036ms
[2020-09-03T11:18:01.908+0000][23984][gc,marking   ] GC(624) Concurrent Preclean
[2020-09-03T11:18:01.909+0000][23984][gc,marking   ] GC(624) Concurrent Preclean 0.491ms
[2020-09-03T11:18:01.909+0000][23984][gc,marking   ] GC(624) Concurrent Mark (230.763s, 230.910s) 147.702ms
[2020-09-03T11:18:01.909+0000][23984][gc,start     ] GC(624) Pause Remark
[2020-09-03T11:18:01.916+0000][23984][gc           ] GC(624) Pause Remark 317M->317M(1024M) 7.378ms
[2020-09-03T11:18:01.917+0000][23984][gc,cpu       ] GC(624) User=0.00s Sys=0.00s Real=0.01s
[2020-09-03T11:18:01.917+0000][23984][safepoint    ] Safepoint "G1Concurrent", Time since last: 152318500 ns, Reaching safepoint: 144900 ns, At safepoint: 7616400 ns, Total: 7761300 ns
[2020-09-03T11:18:01.917+0000][23984][gc,marking   ] GC(624) Concurrent Rebuild Remembered Sets
[2020-09-03T11:18:02.003+0000][23984][gc,marking   ] GC(624) Concurrent Rebuild Remembered Sets 86.368ms
[2020-09-03T11:18:02.003+0000][23984][gc,start     ] GC(624) Pause Cleanup
[2020-09-03T11:18:02.004+0000][23984][gc           ] GC(624) Pause Cleanup 318M->318M(1024M) 0.290ms
[2020-09-03T11:18:02.004+0000][23984][gc,cpu       ] GC(624) User=0.00s Sys=0.00s Real=0.00s
[2020-09-03T11:18:02.004+0000][23984][safepoint    ] Safepoint "G1Concurrent", Time since last: 86624100 ns, Reaching safepoint: 167400 ns, At safepoint: 479800 ns, Total: 647200 ns
[2020-09-03T11:18:02.004+0000][23984][gc,marking   ] GC(624) Concurrent Cleanup for Next Mark
[2020-09-03T11:18:02.006+0000][23984][gc,marking   ] GC(624) Concurrent Cleanup for Next Mark 1.615ms
[2020-09-03T11:18:02.006+0000][23984][gc           ] GC(624) Concurrent Cycle 249.197ms
[2020-09-03T11:18:02.088+0000][23984][gc,start     ] GC(625) Pause Young (Concurrent Start) (G1 Humongous Allocation)
[2020-09-03T11:18:02.088+0000][23984][gc,task      ] GC(625) Using 8 workers of 8 for evacuation
[2020-09-03T11:18:02.088+0000][23984][gc,age       ] GC(625) Desired survivor size 26738688 bytes, new threshold 15 (max threshold 15)
[2020-09-03T11:18:02.093+0000][23984][gc,age       ] GC(625) Age table with threshold 15 (max threshold 15)
[2020-09-03T11:18:02.093+0000][23984][gc,age       ] GC(625) - age   1:    2914448 bytes,    2914448 total
[2020-09-03T11:18:02.093+0000][23984][gc,age       ] GC(625) - age   2:     406152 bytes,    3320600 total
[2020-09-03T11:18:02.093+0000][23984][gc,age       ] GC(625) - age   3:     787472 bytes,    4108072 total
[2020-09-03T11:18:02.093+0000][23984][gc,age       ] GC(625) - age   4:       7992 bytes,    4116064 total
[2020-09-03T11:18:02.093+0000][23984][gc,age       ] GC(625) - age   5:       1696 bytes,    4117760 total
[2020-09-03T11:18:02.093+0000][23984][gc,age       ] GC(625) - age   6:      17904 bytes,    4135664 total
[2020-09-03T11:18:02.093+0000][23984][gc,age       ] GC(625) - age   7:        800 bytes,    4136464 total
[2020-09-03T11:18:02.093+0000][23984][gc,age       ] GC(625) - age   8:        640 bytes,    4137104 total
[2020-09-03T11:18:02.093+0000][23984][gc,age       ] GC(625) - age   9:       5928 bytes,    4143032 total
[2020-09-03T11:18:02.093+0000][23984][gc,age       ] GC(625) - age  10:       2912 bytes,    4145944 total
[2020-09-03T11:18:02.093+0000][23984][gc,age       ] GC(625) - age  11:        312 bytes,    4146256 total
[2020-09-03T11:18:02.093+0000][23984][gc,age       ] GC(625) - age  12:        496 bytes,    4146752 total
[2020-09-03T11:18:02.093+0000][23984][gc,age       ] GC(625) - age  13:        616 bytes,    4147368 total
[2020-09-03T11:18:02.093+0000][23984][gc,age       ] GC(625) - age  14:         64 bytes,    4147432 total
[2020-09-03T11:18:02.093+0000][23984][gc,age       ] GC(625) - age  15:       1152 bytes,    4148584 total
[2020-09-03T11:18:02.094+0000][23984][gc,phases    ] GC(625)   Pre Evacuate Collection Set: 0.5ms
[2020-09-03T11:18:02.094+0000][23984][gc,phases    ] GC(625)   Merge Heap Roots: 0.1ms
[2020-09-03T11:18:02.094+0000][23984][gc,phases    ] GC(625)   Evacuate Collection Set: 3.3ms
[2020-09-03T11:18:02.094+0000][23984][gc,phases    ] GC(625)   Post Evacuate Collection Set: 0.8ms
[2020-09-03T11:18:02.094+0000][23984][gc,phases    ] GC(625)   Other: 1.0ms
[2020-09-03T11:18:02.094+0000][23984][gc,heap      ] GC(625) Eden regions: 22->0(417)
[2020-09-03T11:18:02.094+0000][23984][gc,heap      ] GC(625) Survivor regions: 5->5(51)
[2020-09-03T11:18:02.094+0000][23984][gc,heap      ] GC(625) Old regions: 80->80
[2020-09-03T11:18:02.094+0000][23984][gc,heap      ] GC(625) Archive regions: 0->0
[2020-09-03T11:18:02.094+0000][23984][gc,heap      ] GC(625) Humongous regions: 227->174
[2020-09-03T11:18:02.094+0000][23984][gc,metaspace ] GC(625) Metaspace: 88619K(94592K)->88619K(94592K) NonClass: 77407K(80896K)->77407K(80896K) Class: 11212K(13696K)->11212K(13696K)
[2020-09-03T11:18:02.094+0000][23984][gc           ] GC(625) Pause Young (Concurrent Start) (G1 Humongous Allocation) 333M->258M(1024M) 6.038ms
[2020-09-03T11:18:02.094+0000][23984][gc,cpu       ] GC(625) User=0.09s Sys=0.00s Real=0.01s
[2020-09-03T11:18:02.094+0000][23984][gc           ] GC(626) Concurrent Cycle
[2020-09-03T11:18:02.094+0000][23984][safepoint    ] Safepoint "G1TryInitiateConcMark", Time since last: 83753800 ns, Reaching safepoint: 229300 ns, At safepoint: 6250100 ns, Total: 6479400 ns
[2020-09-03T11:18:02.094+0000][23984][gc,marking   ] GC(626) Concurrent Clear Claimed Marks
[2020-09-03T11:18:02.095+0000][23984][gc,marking   ] GC(626) Concurrent Clear Claimed Marks 0.543ms
[2020-09-03T11:18:02.095+0000][23984][gc,marking   ] GC(626) Concurrent Scan Root Regions
[2020-09-03T11:18:02.098+0000][23984][gc,marking   ] GC(626) Concurrent Scan Root Regions 2.682ms
[2020-09-03T11:18:02.098+0000][23984][gc,marking   ] GC(626) Concurrent Mark (231.099s)
[2020-09-03T11:18:02.098+0000][23984][gc,marking   ] GC(626) Concurrent Mark From Roots
[2020-09-03T11:18:02.098+0000][23984][gc,task      ] GC(626) Using 2 workers of 2 for marking
[2020-09-03T11:18:02.227+0000][23984][gc,marking   ] GC(626) Concurrent Mark From Roots 129.331ms
[2020-09-03T11:18:02.227+0000][23984][gc,marking   ] GC(626) Concurrent Preclean
[2020-09-03T11:18:02.228+0000][23984][gc,marking   ] GC(626) Concurrent Preclean 0.535ms
[2020-09-03T11:18:02.228+0000][23984][gc,marking   ] GC(626) Concurrent Mark (231.099s, 231.229s) 130.048ms
[2020-09-03T11:18:02.228+0000][23984][gc,start     ] GC(626) Pause Remark
[2020-09-03T11:18:02.233+0000][23984][gc           ] GC(626) Pause Remark 312M->312M(1024M) 5.308ms
[2020-09-03T11:18:02.233+0000][23984][gc,cpu       ] GC(626) User=0.13s Sys=0.00s Real=0.01s
[2020-09-03T11:18:02.234+0000][23984][safepoint    ] Safepoint "G1Concurrent", Time since last: 133637000 ns, Reaching safepoint: 132300 ns, At safepoint: 5585700 ns, Total: 5718000 ns
[2020-09-03T11:18:02.234+0000][23984][gc,marking   ] GC(626) Concurrent Rebuild Remembered Sets
[2020-09-03T11:18:02.334+0000][23984][gc,marking   ] GC(626) Concurrent Rebuild Remembered Sets 100.104ms
[2020-09-03T11:18:02.334+0000][23984][gc,start     ] GC(626) Pause Cleanup
[2020-09-03T11:18:02.334+0000][23984][gc           ] GC(626) Pause Cleanup 378M->378M(1024M) 0.275ms
[2020-09-03T11:18:02.334+0000][23984][gc,cpu       ] GC(626) User=0.00s Sys=0.00s Real=0.00s
[2020-09-03T11:18:02.334+0000][23984][safepoint    ] Safepoint "G1Concurrent", Time since last: 100292700 ns, Reaching safepoint: 142500 ns, At safepoint: 435600 ns, Total: 578100 ns
[2020-09-03T11:18:02.334+0000][23984][gc,marking   ] GC(626) Concurrent Cleanup for Next Mark
[2020-09-03T11:18:02.336+0000][23984][gc,marking   ] GC(626) Concurrent Cleanup for Next Mark 1.536ms
[2020-09-03T11:18:02.336+0000][23984][gc           ] GC(626) Concurrent Cycle 241.961ms
[2020-09-03T11:18:02.427+0000][23984][gc,start     ] GC(627) Pause Young (Concurrent Start) (G1 Humongous Allocation)
[2020-09-03T11:18:02.427+0000][23984][gc,task      ] GC(627) Using 8 workers of 8 for evacuation
[2020-09-03T11:18:02.427+0000][23984][gc,age       ] GC(627) Desired survivor size 27787264 bytes, new threshold 15 (max threshold 15)
[2020-09-03T11:18:02.431+0000][23984][gc,age       ] GC(627) Age table with threshold 15 (max threshold 15)
[2020-09-03T11:18:02.431+0000][23984][gc,age       ] GC(627) - age   1:    3203992 bytes,    3203992 total
[2020-09-03T11:18:02.431+0000][23984][gc,age       ] GC(627) - age   2:     203784 bytes,    3407776 total
[2020-09-03T11:18:02.431+0000][23984][gc,age       ] GC(627) - age   3:     402672 bytes,    3810448 total
[2020-09-03T11:18:02.431+0000][23984][gc,age       ] GC(627) - age   4:     391880 bytes,    4202328 total
[2020-09-03T11:18:02.431+0000][23984][gc,age       ] GC(627) - age   5:       7304 bytes,    4209632 total
[2020-09-03T11:18:02.431+0000][23984][gc,age       ] GC(627) - age   6:       1008 bytes,    4210640 total
[2020-09-03T11:18:02.431+0000][23984][gc,age       ] GC(627) - age   7:      17872 bytes,    4228512 total
[2020-09-03T11:18:02.431+0000][23984][gc,age       ] GC(627) - age   8:        736 bytes,    4229248 total
[2020-09-03T11:18:02.431+0000][23984][gc,age       ] GC(627) - age   9:        448 bytes,    4229696 total
[2020-09-03T11:18:02.431+0000][23984][gc,age       ] GC(627) - age  10:       5928 bytes,    4235624 total
[2020-09-03T11:18:02.431+0000][23984][gc,age       ] GC(627) - age  11:       2880 bytes,    4238504 total
[2020-09-03T11:18:02.431+0000][23984][gc,age       ] GC(627) - age  12:        248 bytes,    4238752 total
[2020-09-03T11:18:02.431+0000][23984][gc,age       ] GC(627) - age  13:        496 bytes,    4239248 total
[2020-09-03T11:18:02.431+0000][23984][gc,age       ] GC(627) - age  14:        520 bytes,    4239768 total
[2020-09-03T11:18:02.431+0000][23984][gc,age       ] GC(627) - age  15:         32 bytes,    4239800 total
[2020-09-03T11:18:02.431+0000][23984][gc,phases    ] GC(627)   Pre Evacuate Collection Set: 0.4ms
[2020-09-03T11:18:02.431+0000][23984][gc,phases    ] GC(627)   Merge Heap Roots: 0.1ms
[2020-09-03T11:18:02.431+0000][23984][gc,phases    ] GC(627)   Evacuate Collection Set: 2.4ms
[2020-09-03T11:18:02.431+0000][23984][gc,phases    ] GC(627)   Post Evacuate Collection Set: 0.6ms
[2020-09-03T11:18:02.431+0000][23984][gc,phases    ] GC(627)   Other: 0.8ms
[2020-09-03T11:18:02.431+0000][23984][gc,heap      ] GC(627) Eden regions: 40->0(432)
[2020-09-03T11:18:02.431+0000][23984][gc,heap      ] GC(627) Survivor regions: 5->5(53)
[2020-09-03T11:18:02.431+0000][23984][gc,heap      ] GC(627) Old regions: 80->80
[2020-09-03T11:18:02.431+0000][23984][gc,heap      ] GC(627) Archive regions: 0->0
[2020-09-03T11:18:02.432+0000][23984][gc,heap      ] GC(627) Humongous regions: 265->174
[2020-09-03T11:18:02.432+0000][23984][gc,metaspace ] GC(627) Metaspace: 88619K(94592K)->88619K(94592K) NonClass: 77407K(80896K)->77407K(80896K) Class: 11212K(13696K)->11212K(13696K)
[2020-09-03T11:18:02.432+0000][23984][gc           ] GC(627) Pause Young (Concurrent Start) (G1 Humongous Allocation) 388M->258M(1024M) 4.498ms
[2020-09-03T11:18:02.432+0000][23984][gc,cpu       ] GC(627) User=0.00s Sys=0.00s Real=0.00s
[2020-09-03T11:18:02.432+0000][23984][safepoint    ] Safepoint "G1TryInitiateConcMark", Time since last: 92497000 ns, Reaching safepoint: 143500 ns, At safepoint: 4645500 ns, Total: 4789000 ns
[2020-09-03T11:18:02.432+0000][23984][gc           ] GC(628) Concurrent Cycle
[2020-09-03T11:18:02.432+0000][23984][gc,marking   ] GC(628) Concurrent Clear Claimed Marks
[2020-09-03T11:18:02.432+0000][23984][gc,marking   ] GC(628) Concurrent Clear Claimed Marks 0.383ms
[2020-09-03T11:18:02.432+0000][23984][gc,marking   ] GC(628) Concurrent Scan Root Regions
[2020-09-03T11:18:02.434+0000][23984][gc,marking   ] GC(628) Concurrent Scan Root Regions 1.951ms
[2020-09-03T11:18:02.434+0000][23984][gc,marking   ] GC(628) Concurrent Mark (231.436s)
[2020-09-03T11:18:02.434+0000][23984][gc,marking   ] GC(628) Concurrent Mark From Roots
[2020-09-03T11:18:02.434+0000][23984][gc,task      ] GC(628) Using 2 workers of 2 for marking
[2020-09-03T11:18:02.566+0000][23984][gc,marking   ] GC(628) Concurrent Mark From Roots 131.538ms
[2020-09-03T11:18:02.566+0000][23984][gc,marking   ] GC(628) Concurrent Preclean
[2020-09-03T11:18:02.566+0000][23984][gc,marking   ] GC(628) Concurrent Preclean 0.510ms
[2020-09-03T11:18:02.567+0000][23984][gc,marking   ] GC(628) Concurrent Mark (231.436s, 231.568s) 132.206ms
[2020-09-03T11:18:02.567+0000][23984][gc,start     ] GC(628) Pause Remark
[2020-09-03T11:18:02.573+0000][23984][gc           ] GC(628) Pause Remark 318M->318M(1024M) 5.771ms
[2020-09-03T11:18:02.573+0000][23984][gc,cpu       ] GC(628) User=0.00s Sys=0.00s Real=0.01s
[2020-09-03T11:18:02.573+0000][23984][safepoint    ] Safepoint "G1Concurrent", Time since last: 134892600 ns, Reaching safepoint: 166100 ns, At safepoint: 5971300 ns, Total: 6137400 ns
[2020-09-03T11:18:02.573+0000][23984][gc,marking   ] GC(628) Concurrent Rebuild Remembered Sets
[2020-09-03T11:18:02.661+0000][23984][gc,marking   ] GC(628) Concurrent Rebuild Remembered Sets 88.669ms
[2020-09-03T11:18:02.662+0000][23984][gc,start     ] GC(628) Pause Cleanup
[2020-09-03T11:18:02.662+0000][23984][gc           ] GC(628) Pause Cleanup 330M->330M(1024M) 0.303ms
[2020-09-03T11:18:02.662+0000][23984][gc,cpu       ] GC(628) User=0.00s Sys=0.00s Real=0.00s
[2020-09-03T11:18:02.662+0000][23984][safepoint    ] Safepoint "G1Concurrent", Time since last: 88840200 ns, Reaching safepoint: 167400 ns, At safepoint: 465400 ns, Total: 632800 ns
[2020-09-03T11:18:02.662+0000][23984][gc,marking   ] GC(628) Concurrent Cleanup for Next Mark
[2020-09-03T11:18:02.664+0000][23984][gc,marking   ] GC(628) Concurrent Cleanup for Next Mark 1.263ms
[2020-09-03T11:18:02.664+0000][23984][gc           ] GC(628) Concurrent Cycle 231.972ms
[2020-09-03T11:18:02.693+0000][23984][gc,start     ] GC(629) Pause Young (Concurrent Start) (G1 Humongous Allocation)
[2020-09-03T11:18:02.693+0000][23984][gc,task      ] GC(629) Using 8 workers of 8 for evacuation
[2020-09-03T11:18:02.693+0000][23984][gc,age       ] GC(629) Desired survivor size 28835840 bytes, new threshold 15 (max threshold 15)
[2020-09-03T11:18:02.698+0000][23984][gc,age       ] GC(629) Age table with threshold 15 (max threshold 15)
[2020-09-03T11:18:02.698+0000][23984][gc,age       ] GC(629) - age   1:   13035144 bytes,   13035144 total
[2020-09-03T11:18:02.698+0000][23984][gc,age       ] GC(629) - age   2:       1824 bytes,   13036968 total
[2020-09-03T11:18:02.698+0000][23984][gc,age       ] GC(629) - age   3:       2592 bytes,   13039560 total
[2020-09-03T11:18:02.698+0000][23984][gc,age       ] GC(629) - age   4:       1808 bytes,   13041368 total
[2020-09-03T11:18:02.698+0000][23984][gc,age       ] GC(629) - age   5:       1432 bytes,   13042800 total
[2020-09-03T11:18:02.698+0000][23984][gc,age       ] GC(629) - age   6:        480 bytes,   13043280 total
[2020-09-03T11:18:02.698+0000][23984][gc,age       ] GC(629) - age   7:        696 bytes,   13043976 total
[2020-09-03T11:18:02.698+0000][23984][gc,age       ] GC(629) - age   8:      17752 bytes,   13061728 total
[2020-09-03T11:18:02.698+0000][23984][gc,age       ] GC(629) - age   9:        736 bytes,   13062464 total
[2020-09-03T11:18:02.698+0000][23984][gc,age       ] GC(629) - age  10:        416 bytes,   13062880 total
[2020-09-03T11:18:02.698+0000][23984][gc,age       ] GC(629) - age  11:       5160 bytes,   13068040 total
[2020-09-03T11:18:02.698+0000][23984][gc,age       ] GC(629) - age  12:       2592 bytes,   13070632 total
[2020-09-03T11:18:02.698+0000][23984][gc,age       ] GC(629) - age  13:        248 bytes,   13070880 total
[2020-09-03T11:18:02.698+0000][23984][gc,age       ] GC(629) - age  14:        496 bytes,   13071376 total
[2020-09-03T11:18:02.698+0000][23984][gc,age       ] GC(629) - age  15:        456 bytes,   13071832 total
[2020-09-03T11:18:02.698+0000][23984][gc,phases    ] GC(629)   Pre Evacuate Collection Set: 0.4ms
[2020-09-03T11:18:02.698+0000][23984][gc,phases    ] GC(629)   Merge Heap Roots: 0.1ms
[2020-09-03T11:18:02.698+0000][23984][gc,phases    ] GC(629)   Evacuate Collection Set: 3.1ms
[2020-09-03T11:18:02.698+0000][23984][gc,phases    ] GC(629)   Post Evacuate Collection Set: 0.7ms
[2020-09-03T11:18:02.698+0000][23984][gc,phases    ] GC(629)   Other: 0.7ms
[2020-09-03T11:18:02.698+0000][23984][gc,heap      ] GC(629) Eden regions: 44->0(430)
[2020-09-03T11:18:02.698+0000][23984][gc,heap      ] GC(629) Survivor regions: 5->13(55)
[2020-09-03T11:18:02.698+0000][23984][gc,heap      ] GC(629) Old regions: 80->80
[2020-09-03T11:18:02.698+0000][23984][gc,heap      ] GC(629) Archive regions: 0->0
[2020-09-03T11:18:02.698+0000][23984][gc,heap      ] GC(629) Humongous regions: 227->174
[2020-09-03T11:18:02.698+0000][23984][gc,metaspace ] GC(629) Metaspace: 88622K(94592K)->88622K(94592K) NonClass: 77410K(80896K)->77410K(80896K) Class: 11212K(13696K)->11212K(13696K)
[2020-09-03T11:18:02.699+0000][23984][gc           ] GC(629) Pause Young (Concurrent Start) (G1 Humongous Allocation) 354M->266M(1024M) 5.268ms
[2020-09-03T11:18:02.699+0000][23984][gc,cpu       ] GC(629) User=0.00s Sys=0.00s Real=0.01s
[2020-09-03T11:18:02.699+0000][23984][gc           ] GC(630) Concurrent Cycle
[2020-09-03T11:18:02.699+0000][23984][safepoint    ] Safepoint "G1TryInitiateConcMark", Time since last: 30869100 ns, Reaching safepoint: 169300 ns, At safepoint: 5425300 ns, Total: 5594600 ns
[2020-09-03T11:18:02.699+0000][23984][gc,marking   ] GC(630) Concurrent Clear Claimed Marks
[2020-09-03T11:18:02.700+0000][23984][gc,marking   ] GC(630) Concurrent Clear Claimed Marks 0.948ms
[2020-09-03T11:18:02.700+0000][23984][gc,marking   ] GC(630) Concurrent Scan Root Regions
[2020-09-03T11:18:02.703+0000][23984][gc,marking   ] GC(630) Concurrent Scan Root Regions 3.322ms
[2020-09-03T11:18:02.703+0000][23984][gc,marking   ] GC(630) Concurrent Mark (231.705s)
[2020-09-03T11:18:02.703+0000][23984][gc,marking   ] GC(630) Concurrent Mark From Roots
[2020-09-03T11:18:02.703+0000][23984][gc,task      ] GC(630) Using 2 workers of 2 for marking
[2020-09-03T11:18:02.875+0000][23984][gc,marking   ] GC(630) Concurrent Mark From Roots 172.086ms
[2020-09-03T11:18:02.875+0000][23984][gc,marking   ] GC(630) Concurrent Preclean
[2020-09-03T11:18:02.876+0000][23984][gc,marking   ] GC(630) Concurrent Preclean 0.621ms
[2020-09-03T11:18:02.876+0000][23984][gc,marking   ] GC(630) Concurrent Mark (231.705s, 231.878s) 172.909ms
[2020-09-03T11:18:02.879+0000][23984][gc,start     ] GC(630) Pause Remark
[2020-09-03T11:18:02.885+0000][23984][gc           ] GC(630) Pause Remark 615M->615M(1024M) 6.731ms
[2020-09-03T11:18:02.886+0000][23984][gc,cpu       ] GC(630) User=0.00s Sys=0.00s Real=0.01s
[2020-09-03T11:18:02.886+0000][23984][safepoint    ] Safepoint "G1Concurrent", Time since last: 177560700 ns, Reaching safepoint: 2459700 ns, At safepoint: 6998900 ns, Total: 9458600 ns
[2020-09-03T11:18:02.886+0000][23984][gc,marking   ] GC(630) Concurrent Rebuild Remembered Sets
[2020-09-03T11:18:02.983+0000][23984][gc,marking   ] GC(630) Concurrent Rebuild Remembered Sets 97.230ms
[2020-09-03T11:18:02.983+0000][23984][gc,start     ] GC(630) Pause Cleanup
[2020-09-03T11:18:02.984+0000][23984][gc           ] GC(630) Pause Cleanup 627M->627M(1024M) 0.392ms
[2020-09-03T11:18:02.984+0000][23984][gc,cpu       ] GC(630) User=0.00s Sys=0.00s Real=0.00s
[2020-09-03T11:18:02.984+0000][23984][safepoint    ] Safepoint "G1Concurrent", Time since last: 97414200 ns, Reaching safepoint: 179000 ns, At safepoint: 567400 ns, Total: 746400 ns
[2020-09-03T11:18:02.984+0000][23984][gc,marking   ] GC(630) Concurrent Cleanup for Next Mark
[2020-09-03T11:18:02.986+0000][23984][gc,marking   ] GC(630) Concurrent Cleanup for Next Mark 1.759ms
[2020-09-03T11:18:02.986+0000][23984][gc           ] GC(630) Concurrent Cycle 287.175ms
[2020-09-03T11:18:03.031+0000][23984][gc,start     ] GC(631) Pause Young (Concurrent Start) (G1 Humongous Allocation)
[2020-09-03T11:18:03.031+0000][23984][gc,task      ] GC(631) Using 8 workers of 8 for evacuation
[2020-09-03T11:18:03.031+0000][23984][gc,age       ] GC(631) Desired survivor size 29360128 bytes, new threshold 15 (max threshold 15)
[2020-09-03T11:18:03.036+0000][23984][gc,age       ] GC(631) Age table with threshold 15 (max threshold 15)
[2020-09-03T11:18:03.036+0000][23984][gc,age       ] GC(631) - age   1:    5913136 bytes,    5913136 total
[2020-09-03T11:18:03.036+0000][23984][gc,age       ] GC(631) - age   2:     113544 bytes,    6026680 total
[2020-09-03T11:18:03.036+0000][23984][gc,age       ] GC(631) - age   3:       1440 bytes,    6028120 total
[2020-09-03T11:18:03.036+0000][23984][gc,age       ] GC(631) - age   4:       1144 bytes,    6029264 total
[2020-09-03T11:18:03.036+0000][23984][gc,age       ] GC(631) - age   5:       1312 bytes,    6030576 total
[2020-09-03T11:18:03.036+0000][23984][gc,age       ] GC(631) - age   6:       1304 bytes,    6031880 total
[2020-09-03T11:18:03.036+0000][23984][gc,age       ] GC(631) - age   7:        288 bytes,    6032168 total
[2020-09-03T11:18:03.036+0000][23984][gc,age       ] GC(631) - age   8:        632 bytes,    6032800 total
[2020-09-03T11:18:03.036+0000][23984][gc,age       ] GC(631) - age   9:      17752 bytes,    6050552 total
[2020-09-03T11:18:03.036+0000][23984][gc,age       ] GC(631) - age  10:        736 bytes,    6051288 total
[2020-09-03T11:18:03.037+0000][23984][gc,age       ] GC(631) - age  11:        416 bytes,    6051704 total
[2020-09-03T11:18:03.037+0000][23984][gc,age       ] GC(631) - age  12:       5128 bytes,    6056832 total
[2020-09-03T11:18:03.037+0000][23984][gc,age       ] GC(631) - age  13:       2536 bytes,    6059368 total
[2020-09-03T11:18:03.037+0000][23984][gc,age       ] GC(631) - age  14:        248 bytes,    6059616 total
[2020-09-03T11:18:03.037+0000][23984][gc,age       ] GC(631) - age  15:        400 bytes,    6060016 total
[2020-09-03T11:18:03.037+0000][23984][gc,phases    ] GC(631)   Pre Evacuate Collection Set: 0.5ms
[2020-09-03T11:18:03.037+0000][23984][gc,phases    ] GC(631)   Merge Heap Roots: 0.1ms
[2020-09-03T11:18:03.037+0000][23984][gc,phases    ] GC(631)   Evacuate Collection Set: 2.5ms
[2020-09-03T11:18:03.037+0000][23984][gc,phases    ] GC(631)   Post Evacuate Collection Set: 1.5ms
[2020-09-03T11:18:03.037+0000][23984][gc,phases    ] GC(631)   Other: 1.1ms
[2020-09-03T11:18:03.037+0000][23984][gc,heap      ] GC(631) Eden regions: 95->0(443)
[2020-09-03T11:18:03.037+0000][23984][gc,heap      ] GC(631) Survivor regions: 13->7(56)
[2020-09-03T11:18:03.037+0000][23984][gc,heap      ] GC(631) Old regions: 80->81
[2020-09-03T11:18:03.037+0000][23984][gc,heap      ] GC(631) Archive regions: 0->0
[2020-09-03T11:18:03.037+0000][23984][gc,heap      ] GC(631) Humongous regions: 457->174
[2020-09-03T11:18:03.037+0000][23984][gc,metaspace ] GC(631) Metaspace: 88622K(94592K)->88622K(94592K) NonClass: 77410K(80896K)->77410K(80896K) Class: 11212K(13696K)->11212K(13696K)
[2020-09-03T11:18:03.037+0000][23984][gc           ] GC(631) Pause Young (Concurrent Start) (G1 Humongous Allocation) 644M->260M(1024M) 6.201ms
[2020-09-03T11:18:03.037+0000][23984][gc,cpu       ] GC(631) User=0.00s Sys=0.00s Real=0.01s
[2020-09-03T11:18:03.038+0000][23984][gc           ] GC(632) Concurrent Cycle
[2020-09-03T11:18:03.038+0000][23984][gc,marking   ] GC(632) Concurrent Clear Claimed Marks
[2020-09-03T11:18:03.038+0000][23984][safepoint    ] Safepoint "G1TryInitiateConcMark", Time since last: 47155500 ns, Reaching safepoint: 148900 ns, At safepoint: 6497600 ns, Total: 6646500 ns
[2020-09-03T11:18:03.038+0000][23984][gc,marking   ] GC(632) Concurrent Clear Claimed Marks 0.403ms
[2020-09-03T11:18:03.038+0000][23984][gc,marking   ] GC(632) Concurrent Scan Root Regions
[2020-09-03T11:18:03.042+0000][23984][gc,marking   ] GC(632) Concurrent Scan Root Regions 3.730ms
[2020-09-03T11:18:03.042+0000][23984][gc,marking   ] GC(632) Concurrent Mark (232.043s)
[2020-09-03T11:18:03.042+0000][23984][gc,marking   ] GC(632) Concurrent Mark From Roots
[2020-09-03T11:18:03.042+0000][23984][gc,task      ] GC(632) Using 2 workers of 2 for marking
[2020-09-03T11:18:03.204+0000][23984][gc,marking   ] GC(632) Concurrent Mark From Roots 162.131ms
[2020-09-03T11:18:03.204+0000][23984][gc,marking   ] GC(632) Concurrent Preclean
[2020-09-03T11:18:03.205+0000][23984][gc,marking   ] GC(632) Concurrent Preclean 0.615ms
[2020-09-03T11:18:03.205+0000][23984][gc,marking   ] GC(632) Concurrent Mark (232.043s, 232.206s) 162.924ms
[2020-09-03T11:18:03.205+0000][23984][gc,start     ] GC(632) Pause Remark
[2020-09-03T11:18:03.211+0000][23984][gc           ] GC(632) Pause Remark 382M->382M(1024M) 6.151ms
[2020-09-03T11:18:03.211+0000][23984][gc,cpu       ] GC(632) User=0.00s Sys=0.00s Real=0.01s
[2020-09-03T11:18:03.211+0000][23984][safepoint    ] Safepoint "G1Concurrent", Time since last: 167271800 ns, Reaching safepoint: 129700 ns, At safepoint: 6364900 ns, Total: 6494600 ns
[2020-09-03T11:18:03.211+0000][23984][gc,marking   ] GC(632) Concurrent Rebuild Remembered Sets
[2020-09-03T11:18:03.317+0000][23984][gc,marking   ] GC(632) Concurrent Rebuild Remembered Sets 105.316ms
[2020-09-03T11:18:03.317+0000][23984][gc,start     ] GC(632) Pause Cleanup
[2020-09-03T11:18:03.318+0000][23984][gc           ] GC(632) Pause Cleanup 395M->395M(1024M) 0.400ms
[2020-09-03T11:18:03.318+0000][23984][gc,cpu       ] GC(632) User=0.00s Sys=0.00s Real=0.00s
[2020-09-03T11:18:03.319+0000][23984][safepoint    ] Safepoint "G1Concurrent", Time since last: 105522000 ns, Reaching safepoint: 423400 ns, At safepoint: 1217900 ns, Total: 1641300 ns
[2020-09-03T11:18:03.319+0000][23984][gc,marking   ] GC(632) Concurrent Cleanup for Next Mark
[2020-09-03T11:18:03.320+0000][23984][gc,marking   ] GC(632) Concurrent Cleanup for Next Mark 1.707ms
[2020-09-03T11:18:03.320+0000][23984][gc           ] GC(632) Concurrent Cycle 282.965ms
[2020-09-03T11:18:03.403+0000][23984][gc,start     ] GC(633) Pause Young (Concurrent Start) (G1 Humongous Allocation)
[2020-09-03T11:18:03.403+0000][23984][gc,task      ] GC(633) Using 8 workers of 8 for evacuation
[2020-09-03T11:18:03.403+0000][23984][gc,age       ] GC(633) Desired survivor size 29884416 bytes, new threshold 15 (max threshold 15)
[2020-09-03T11:18:03.406+0000][23984][gc,age       ] GC(633) Age table with threshold 15 (max threshold 15)
[2020-09-03T11:18:03.406+0000][23984][gc,age       ] GC(633) - age   1:    2379424 bytes,    2379424 total
[2020-09-03T11:18:03.406+0000][23984][gc,age       ] GC(633) - age   2:       4288 bytes,    2383712 total
[2020-09-03T11:18:03.406+0000][23984][gc,age       ] GC(633) - age   3:       6328 bytes,    2390040 total
[2020-09-03T11:18:03.406+0000][23984][gc,age       ] GC(633) - age   4:       1088 bytes,    2391128 total
[2020-09-03T11:18:03.406+0000][23984][gc,age       ] GC(633) - age   5:       1112 bytes,    2392240 total
[2020-09-03T11:18:03.406+0000][23984][gc,age       ] GC(633) - age   6:       1312 bytes,    2393552 total
[2020-09-03T11:18:03.406+0000][23984][gc,age       ] GC(633) - age   7:        984 bytes,    2394536 total
[2020-09-03T11:18:03.406+0000][23984][gc,age       ] GC(633) - age   8:        224 bytes,    2394760 total
[2020-09-03T11:18:03.406+0000][23984][gc,age       ] GC(633) - age   9:        600 bytes,    2395360 total
[2020-09-03T11:18:03.406+0000][23984][gc,age       ] GC(633) - age  10:      17752 bytes,    2413112 total
[2020-09-03T11:18:03.406+0000][23984][gc,age       ] GC(633) - age  11:        736 bytes,    2413848 total
[2020-09-03T11:18:03.406+0000][23984][gc,age       ] GC(633) - age  12:        416 bytes,    2414264 total
[2020-09-03T11:18:03.406+0000][23984][gc,age       ] GC(633) - age  13:       5032 bytes,    2419296 total
[2020-09-03T11:18:03.406+0000][23984][gc,age       ] GC(633) - age  14:       2504 bytes,    2421800 total
[2020-09-03T11:18:03.406+0000][23984][gc,age       ] GC(633) - age  15:        216 bytes,    2422016 total
[2020-09-03T11:18:03.406+0000][23984][gc,phases    ] GC(633)   Pre Evacuate Collection Set: 0.4ms
[2020-09-03T11:18:03.406+0000][23984][gc,phases    ] GC(633)   Merge Heap Roots: 0.1ms
[2020-09-03T11:18:03.406+0000][23984][gc,phases    ] GC(633)   Evacuate Collection Set: 1.8ms
[2020-09-03T11:18:03.406+0000][23984][gc,phases    ] GC(633)   Post Evacuate Collection Set: 0.6ms
[2020-09-03T11:18:03.406+0000][23984][gc,phases    ] GC(633)   Other: 0.7ms
[2020-09-03T11:18:03.406+0000][23984][gc,heap      ] GC(633) Eden regions: 47->0(458)
[2020-09-03T11:18:03.406+0000][23984][gc,heap      ] GC(633) Survivor regions: 7->3(57)
[2020-09-03T11:18:03.406+0000][23984][gc,heap      ] GC(633) Old regions: 81->81
[2020-09-03T11:18:03.406+0000][23984][gc,heap      ] GC(633) Archive regions: 0->0
[2020-09-03T11:18:03.406+0000][23984][gc,heap      ] GC(633) Humongous regions: 270->174
[2020-09-03T11:18:03.406+0000][23984][gc,metaspace ] GC(633) Metaspace: 88634K(94592K)->88634K(94592K) NonClass: 77421K(80896K)->77421K(80896K) Class: 11212K(13696K)->11212K(13696K)
[2020-09-03T11:18:03.406+0000][23984][gc           ] GC(633) Pause Young (Concurrent Start) (G1 Humongous Allocation) 402M->256M(1024M) 3.838ms
[2020-09-03T11:18:03.406+0000][23984][gc,cpu       ] GC(633) User=0.11s Sys=0.00s Real=0.00s
[2020-09-03T11:18:03.407+0000][23984][safepoint    ] Safepoint "G1TryInitiateConcMark", Time since last: 83830900 ns, Reaching safepoint: 161100 ns, At safepoint: 3987100 ns, Total: 4148200 ns
[2020-09-03T11:18:03.407+0000][23984][gc           ] GC(634) Concurrent Cycle
[2020-09-03T11:18:03.407+0000][23984][gc,marking   ] GC(634) Concurrent Clear Claimed Marks
[2020-09-03T11:18:03.407+0000][23984][gc,marking   ] GC(634) Concurrent Clear Claimed Marks 0.407ms
[2020-09-03T11:18:03.407+0000][23984][gc,marking   ] GC(634) Concurrent Scan Root Regions
[2020-09-03T11:18:03.409+0000][23984][gc,marking   ] GC(634) Concurrent Scan Root Regions 1.811ms
[2020-09-03T11:18:03.409+0000][23984][gc,marking   ] GC(634) Concurrent Mark (232.411s)
[2020-09-03T11:18:03.409+0000][23984][gc,marking   ] GC(634) Concurrent Mark From Roots
[2020-09-03T11:18:03.409+0000][23984][gc,task      ] GC(634) Using 2 workers of 2 for marking
[2020-09-03T11:18:03.534+0000][23984][gc,marking   ] GC(634) Concurrent Mark From Roots 124.694ms
[2020-09-03T11:18:03.534+0000][23984][gc,marking   ] GC(634) Concurrent Preclean
[2020-09-03T11:18:03.535+0000][23984][gc,marking   ] GC(634) Concurrent Preclean 0.759ms
[2020-09-03T11:18:03.535+0000][23984][gc,marking   ] GC(634) Concurrent Mark (232.411s, 232.536s) 125.635ms
[2020-09-03T11:18:03.535+0000][23984][gc,start     ] GC(634) Pause Remark
[2020-09-03T11:18:03.542+0000][23984][gc           ] GC(634) Pause Remark 310M->310M(1024M) 6.917ms
[2020-09-03T11:18:03.542+0000][23984][gc,cpu       ] GC(634) User=0.00s Sys=0.00s Real=0.01s
[2020-09-03T11:18:03.542+0000][23984][safepoint    ] Safepoint "G1Concurrent", Time since last: 128267400 ns, Reaching safepoint: 134200 ns, At safepoint: 7120500 ns, Total: 7254700 ns
[2020-09-03T11:18:03.542+0000][23984][gc,marking   ] GC(634) Concurrent Rebuild Remembered Sets
[2020-09-03T11:18:03.636+0000][23984][gc,marking   ] GC(634) Concurrent Rebuild Remembered Sets 93.995ms
[2020-09-03T11:18:03.636+0000][23984][gc,start     ] GC(634) Pause Cleanup
[2020-09-03T11:18:03.637+0000][23984][gc           ] GC(634) Pause Cleanup 367M->367M(1024M) 0.343ms
[2020-09-03T11:18:03.637+0000][23984][gc,cpu       ] GC(634) User=0.00s Sys=0.00s Real=0.00s
[2020-09-03T11:18:03.637+0000][23984][safepoint    ] Safepoint "G1Concurrent", Time since last: 94158800 ns, Reaching safepoint: 130600 ns, At safepoint: 467400 ns, Total: 598000 ns
[2020-09-03T11:18:03.637+0000][23984][gc,marking   ] GC(634) Concurrent Cleanup for Next Mark
[2020-09-03T11:18:03.638+0000][23984][gc,marking   ] GC(634) Concurrent Cleanup for Next Mark 1.515ms
[2020-09-03T11:18:03.638+0000][23984][gc           ] GC(634) Concurrent Cycle 231.940ms
[2020-09-03T11:18:03.782+0000][23984][gc,start     ] GC(635) Pause Young (Concurrent Start) (G1 Humongous Allocation)
[2020-09-03T11:18:03.782+0000][23984][gc,task      ] GC(635) Using 8 workers of 8 for evacuation
[2020-09-03T11:18:03.782+0000][23984][gc,age       ] GC(635) Desired survivor size 30408704 bytes, new threshold 15 (max threshold 15)
[2020-09-03T11:18:03.786+0000][23984][gc,age       ] GC(635) Age table with threshold 15 (max threshold 15)
[2020-09-03T11:18:03.786+0000][23984][gc,age       ] GC(635) - age   1:    7811864 bytes,    7811864 total
[2020-09-03T11:18:03.786+0000][23984][gc,age       ] GC(635) - age   2:      14280 bytes,    7826144 total
[2020-09-03T11:18:03.787+0000][23984][gc,age       ] GC(635) - age   3:       4064 bytes,    7830208 total
[2020-09-03T11:18:03.787+0000][23984][gc,age       ] GC(635) - age   4:       4968 bytes,    7835176 total
[2020-09-03T11:18:03.787+0000][23984][gc,age       ] GC(635) - age   5:        920 bytes,    7836096 total
[2020-09-03T11:18:03.787+0000][23984][gc,age       ] GC(635) - age   6:       1112 bytes,    7837208 total
[2020-09-03T11:18:03.787+0000][23984][gc,age       ] GC(635) - age   7:       1248 bytes,    7838456 total
[2020-09-03T11:18:03.787+0000][23984][gc,age       ] GC(635) - age   8:        824 bytes,    7839280 total
[2020-09-03T11:18:03.787+0000][23984][gc,age       ] GC(635) - age   9:        224 bytes,    7839504 total
[2020-09-03T11:18:03.787+0000][23984][gc,age       ] GC(635) - age  10:        440 bytes,    7839944 total
[2020-09-03T11:18:03.787+0000][23984][gc,age       ] GC(635) - age  11:      17752 bytes,    7857696 total
[2020-09-03T11:18:03.787+0000][23984][gc,age       ] GC(635) - age  12:        736 bytes,    7858432 total
[2020-09-03T11:18:03.787+0000][23984][gc,age       ] GC(635) - age  13:        288 bytes,    7858720 total
[2020-09-03T11:18:03.787+0000][23984][gc,age       ] GC(635) - age  14:       5032 bytes,    7863752 total
[2020-09-03T11:18:03.787+0000][23984][gc,age       ] GC(635) - age  15:       2480 bytes,    7866232 total
[2020-09-03T11:18:03.787+0000][23984][gc,phases    ] GC(635)   Pre Evacuate Collection Set: 0.4ms
[2020-09-03T11:18:03.787+0000][23984][gc,phases    ] GC(635)   Merge Heap Roots: 0.1ms
[2020-09-03T11:18:03.787+0000][23984][gc,phases    ] GC(635)   Evacuate Collection Set: 2.7ms
[2020-09-03T11:18:03.787+0000][23984][gc,phases    ] GC(635)   Post Evacuate Collection Set: 0.7ms
[2020-09-03T11:18:03.787+0000][23984][gc,phases    ] GC(635)   Other: 1.0ms
[2020-09-03T11:18:03.787+0000][23984][gc,heap      ] GC(635) Eden regions: 47->0(458)
[2020-09-03T11:18:03.787+0000][23984][gc,heap      ] GC(635) Survivor regions: 3->8(58)
[2020-09-03T11:18:03.787+0000][23984][gc,heap      ] GC(635) Old regions: 81->81
[2020-09-03T11:18:03.787+0000][23984][gc,heap      ] GC(635) Archive regions: 0->0
[2020-09-03T11:18:03.787+0000][23984][gc,heap      ] GC(635) Humongous regions: 258->174
[2020-09-03T11:18:03.787+0000][23984][gc,metaspace ] GC(635) Metaspace: 88635K(94592K)->88635K(94592K) NonClass: 77423K(80896K)->77423K(80896K) Class: 11212K(13696K)->11212K(13696K)
[2020-09-03T11:18:03.787+0000][23984][gc           ] GC(635) Pause Young (Concurrent Start) (G1 Humongous Allocation) 387M->261M(1024M) 5.334ms
[2020-09-03T11:18:03.787+0000][23984][gc,cpu       ] GC(635) User=0.00s Sys=0.00s Real=0.00s
[2020-09-03T11:18:03.788+0000][23984][gc           ] GC(636) Concurrent Cycle
[2020-09-03T11:18:03.788+0000][23984][safepoint    ] Safepoint "G1TryInitiateConcMark", Time since last: 145078500 ns, Reaching safepoint: 147300 ns, At safepoint: 5537400 ns, Total: 5684700 ns
[2020-09-03T11:18:03.788+0000][23984][gc,marking   ] GC(636) Concurrent Clear Claimed Marks
[2020-09-03T11:18:03.788+0000][23984][gc,marking   ] GC(636) Concurrent Clear Claimed Marks 0.758ms
[2020-09-03T11:18:03.788+0000][23984][gc,marking   ] GC(636) Concurrent Scan Root Regions
[2020-09-03T11:18:03.791+0000][23984][gc,marking   ] GC(636) Concurrent Scan Root Regions 2.934ms
[2020-09-03T11:18:03.792+0000][23984][gc,marking   ] GC(636) Concurrent Mark (232.793s)
[2020-09-03T11:18:03.792+0000][23984][gc,marking   ] GC(636) Concurrent Mark From Roots
[2020-09-03T11:18:03.792+0000][23984][gc,task      ] GC(636) Using 2 workers of 2 for marking
[2020-09-03T11:18:03.948+0000][23984][gc,marking   ] GC(636) Concurrent Mark From Roots 156.404ms
[2020-09-03T11:18:03.948+0000][23984][gc,marking   ] GC(636) Concurrent Preclean
[2020-09-03T11:18:03.949+0000][23984][gc,marking   ] GC(636) Concurrent Preclean 0.606ms
[2020-09-03T11:18:03.949+0000][23984][gc,marking   ] GC(636) Concurrent Mark (232.793s, 232.950s) 157.205ms
[2020-09-03T11:18:03.949+0000][23984][gc,start     ] GC(636) Pause Remark
[2020-09-03T11:18:03.956+0000][23984][gc           ] GC(636) Pause Remark 567M->567M(1024M) 6.778ms
[2020-09-03T11:18:03.956+0000][23984][gc,cpu       ] GC(636) User=0.11s Sys=0.00s Real=0.01s
[2020-09-03T11:18:03.956+0000][23984][safepoint    ] Safepoint "G1Concurrent", Time since last: 161285800 ns, Reaching safepoint: 149200 ns, At safepoint: 6963800 ns, Total: 7113000 ns
[2020-09-03T11:18:03.956+0000][23984][gc,marking   ] GC(636) Concurrent Rebuild Remembered Sets
[2020-09-03T11:18:04.055+0000][23984][gc,marking   ] GC(636) Concurrent Rebuild Remembered Sets 99.324ms
[2020-09-03T11:18:04.056+0000][23984][gc,start     ] GC(636) Pause Cleanup
[2020-09-03T11:18:04.056+0000][23984][gc           ] GC(636) Pause Cleanup 641M->641M(1024M) 0.355ms
[2020-09-03T11:18:04.056+0000][23984][gc,cpu       ] GC(636) User=0.00s Sys=0.00s Real=0.00s
[2020-09-03T11:18:04.056+0000][23984][safepoint    ] Safepoint "G1Concurrent", Time since last: 99495200 ns, Reaching safepoint: 153200 ns, At safepoint: 503300 ns, Total: 656500 ns
[2020-09-03T11:18:04.056+0000][23984][gc,marking   ] GC(636) Concurrent Cleanup for Next Mark
[2020-09-03T11:18:04.058+0000][23984][gc,marking   ] GC(636) Concurrent Cleanup for Next Mark 1.694ms
[2020-09-03T11:18:04.058+0000][23984][gc           ] GC(636) Concurrent Cycle 270.481ms
[2020-09-03T11:18:04.085+0000][23984][gc,start     ] GC(637) Pause Young (Concurrent Start) (G1 Humongous Allocation)
[2020-09-03T11:18:04.085+0000][23984][gc,task      ] GC(637) Using 8 workers of 8 for evacuation
[2020-09-03T11:18:04.085+0000][23984][gc,age       ] GC(637) Desired survivor size 30932992 bytes, new threshold 15 (max threshold 15)
[2020-09-03T11:18:04.089+0000][23984][gc,age       ] GC(637) Age table with threshold 15 (max threshold 15)
[2020-09-03T11:18:04.089+0000][23984][gc,age       ] GC(637) - age   1:    3962576 bytes,    3962576 total
[2020-09-03T11:18:04.089+0000][23984][gc,age       ] GC(637) - age   2:       5992 bytes,    3968568 total
[2020-09-03T11:18:04.089+0000][23984][gc,age       ] GC(637) - age   3:       5280 bytes,    3973848 total
[2020-09-03T11:18:04.089+0000][23984][gc,age       ] GC(637) - age   4:       1656 bytes,    3975504 total
[2020-09-03T11:18:04.089+0000][23984][gc,age       ] GC(637) - age   5:       4752 bytes,    3980256 total
[2020-09-03T11:18:04.089+0000][23984][gc,age       ] GC(637) - age   6:        792 bytes,    3981048 total
[2020-09-03T11:18:04.089+0000][23984][gc,age       ] GC(637) - age   7:        752 bytes,    3981800 total
[2020-09-03T11:18:04.089+0000][23984][gc,age       ] GC(637) - age   8:       1248 bytes,    3983048 total
[2020-09-03T11:18:04.089+0000][23984][gc,age       ] GC(637) - age   9:        824 bytes,    3983872 total
[2020-09-03T11:18:04.090+0000][23984][gc,age       ] GC(637) - age  10:        224 bytes,    3984096 total
[2020-09-03T11:18:04.090+0000][23984][gc,age       ] GC(637) - age  11:        440 bytes,    3984536 total
[2020-09-03T11:18:04.090+0000][23984][gc,age       ] GC(637) - age  12:      17688 bytes,    4002224 total
[2020-09-03T11:18:04.090+0000][23984][gc,age       ] GC(637) - age  13:        736 bytes,    4002960 total
[2020-09-03T11:18:04.090+0000][23984][gc,age       ] GC(637) - age  14:        288 bytes,    4003248 total
[2020-09-03T11:18:04.090+0000][23984][gc,age       ] GC(637) - age  15:       5032 bytes,    4008280 total
[2020-09-03T11:18:04.090+0000][23984][gc,phases    ] GC(637)   Pre Evacuate Collection Set: 0.4ms
[2020-09-03T11:18:04.090+0000][23984][gc,phases    ] GC(637)   Merge Heap Roots: 0.1ms
[2020-09-03T11:18:04.090+0000][23984][gc,phases    ] GC(637)   Evacuate Collection Set: 2.1ms
[2020-09-03T11:18:04.090+0000][23984][gc,phases    ] GC(637)   Post Evacuate Collection Set: 1.0ms
[2020-09-03T11:18:04.090+0000][23984][gc,phases    ] GC(637)   Other: 0.9ms
[2020-09-03T11:18:04.090+0000][23984][gc,heap      ] GC(637) Eden regions: 95->0(461)
[2020-09-03T11:18:04.090+0000][23984][gc,heap      ] GC(637) Survivor regions: 8->4(59)
[2020-09-03T11:18:04.090+0000][23984][gc,heap      ] GC(637) Old regions: 81->81
[2020-09-03T11:18:04.090+0000][23984][gc,heap      ] GC(637) Archive regions: 0->0
[2020-09-03T11:18:04.090+0000][23984][gc,heap      ] GC(637) Humongous regions: 462->174
[2020-09-03T11:18:04.090+0000][23984][gc,metaspace ] GC(637) Metaspace: 88635K(94592K)->88635K(94592K) NonClass: 77423K(80896K)->77423K(80896K) Class: 11212K(13696K)->11212K(13696K)
[2020-09-03T11:18:04.090+0000][23984][gc           ] GC(637) Pause Young (Concurrent Start) (G1 Humongous Allocation) 644M->257M(1024M) 4.875ms
[2020-09-03T11:18:04.090+0000][23984][gc,cpu       ] GC(637) User=0.00s Sys=0.00s Real=0.00s
[2020-09-03T11:18:04.090+0000][23984][gc           ] GC(638) Concurrent Cycle
[2020-09-03T11:18:04.090+0000][23984][safepoint    ] Safepoint "G1TryInitiateConcMark", Time since last: 28978000 ns, Reaching safepoint: 142200 ns, At safepoint: 5048600 ns, Total: 5190800 ns
[2020-09-03T11:18:04.090+0000][23984][gc,marking   ] GC(638) Concurrent Clear Claimed Marks
[2020-09-03T11:18:04.091+0000][23984][gc,marking   ] GC(638) Concurrent Clear Claimed Marks 0.565ms
[2020-09-03T11:18:04.091+0000][23984][gc,marking   ] GC(638) Concurrent Scan Root Regions
[2020-09-03T11:18:04.094+0000][23984][gc,marking   ] GC(638) Concurrent Scan Root Regions 2.738ms
[2020-09-03T11:18:04.094+0000][23984][gc,marking   ] GC(638) Concurrent Mark (233.095s)
[2020-09-03T11:18:04.094+0000][23984][gc,marking   ] GC(638) Concurrent Mark From Roots
[2020-09-03T11:18:04.094+0000][23984][gc,task      ] GC(638) Using 2 workers of 2 for marking
[2020-09-03T11:18:04.245+0000][23984][gc,marking   ] GC(638) Concurrent Mark From Roots 151.285ms
[2020-09-03T11:18:04.245+0000][23984][gc,marking   ] GC(638) Concurrent Preclean
[2020-09-03T11:18:04.246+0000][23984][gc,marking   ] GC(638) Concurrent Preclean 0.577ms
[2020-09-03T11:18:04.246+0000][23984][gc,marking   ] GC(638) Concurrent Mark (233.095s, 233.247s) 152.030ms
[2020-09-03T11:18:04.246+0000][23984][gc,start     ] GC(638) Pause Remark
[2020-09-03T11:18:04.252+0000][23984][gc           ] GC(638) Pause Remark 323M->323M(1024M) 6.339ms
[2020-09-03T11:18:04.253+0000][23984][gc,cpu       ] GC(638) User=0.09s Sys=0.00s Real=0.01s
[2020-09-03T11:18:04.253+0000][23984][safepoint    ] Safepoint "G1Concurrent", Time since last: 155708100 ns, Reaching safepoint: 121300 ns, At safepoint: 6546800 ns, Total: 6668100 ns
[2020-09-03T11:18:04.253+0000][23984][gc,marking   ] GC(638) Concurrent Rebuild Remembered Sets
[2020-09-03T11:18:04.337+0000][23984][gc,marking   ] GC(638) Concurrent Rebuild Remembered Sets 84.750ms
[2020-09-03T11:18:04.338+0000][23984][gc,start     ] GC(638) Pause Cleanup
[2020-09-03T11:18:04.338+0000][23984][gc           ] GC(638) Pause Cleanup 390M->390M(1024M) 0.382ms
[2020-09-03T11:18:04.338+0000][23984][gc,cpu       ] GC(638) User=0.00s Sys=0.00s Real=0.00s
[2020-09-03T11:18:04.338+0000][23984][safepoint    ] Safepoint "G1Concurrent", Time since last: 84937400 ns, Reaching safepoint: 149700 ns, At safepoint: 563600 ns, Total: 713300 ns
[2020-09-03T11:18:04.338+0000][23984][gc,marking   ] GC(638) Concurrent Cleanup for Next Mark
[2020-09-03T11:18:04.340+0000][23984][gc,marking   ] GC(638) Concurrent Cleanup for Next Mark 1.469ms
[2020-09-03T11:18:04.340+0000][23984][gc           ] GC(638) Concurrent Cycle 249.701ms
[2020-09-03T11:18:04.464+0000][23984][gc,start     ] GC(639) Pause Young (Concurrent Start) (G1 Humongous Allocation)
[2020-09-03T11:18:04.464+0000][23984][gc,task      ] GC(639) Using 8 workers of 8 for evacuation
[2020-09-03T11:18:04.464+0000][23984][gc,age       ] GC(639) Desired survivor size 30932992 bytes, new threshold 15 (max threshold 15)
[2020-09-03T11:18:04.468+0000][23984][gc,age       ] GC(639) Age table with threshold 15 (max threshold 15)
[2020-09-03T11:18:04.468+0000][23984][gc,age       ] GC(639) - age   1:    3575024 bytes,    3575024 total
[2020-09-03T11:18:04.468+0000][23984][gc,age       ] GC(639) - age   2:     600768 bytes,    4175792 total
[2020-09-03T11:18:04.468+0000][23984][gc,age       ] GC(639) - age   3:       3992 bytes,    4179784 total
[2020-09-03T11:18:04.468+0000][23984][gc,age       ] GC(639) - age   4:       4560 bytes,    4184344 total
[2020-09-03T11:18:04.468+0000][23984][gc,age       ] GC(639) - age   5:       1592 bytes,    4185936 total
[2020-09-03T11:18:04.468+0000][23984][gc,age       ] GC(639) - age   6:       2264 bytes,    4188200 total
[2020-09-03T11:18:04.468+0000][23984][gc,age       ] GC(639) - age   7:        696 bytes,    4188896 total
[2020-09-03T11:18:04.469+0000][23984][gc,age       ] GC(639) - age   8:        752 bytes,    4189648 total
[2020-09-03T11:18:04.469+0000][23984][gc,age       ] GC(639) - age   9:        928 bytes,    4190576 total
[2020-09-03T11:18:04.469+0000][23984][gc,age       ] GC(639) - age  10:        600 bytes,    4191176 total
[2020-09-03T11:18:04.469+0000][23984][gc,age       ] GC(639) - age  11:        224 bytes,    4191400 total
[2020-09-03T11:18:04.469+0000][23984][gc,age       ] GC(639) - age  12:        376 bytes,    4191776 total
[2020-09-03T11:18:04.469+0000][23984][gc,age       ] GC(639) - age  13:      17624 bytes,    4209400 total
[2020-09-03T11:18:04.469+0000][23984][gc,age       ] GC(639) - age  14:        672 bytes,    4210072 total
[2020-09-03T11:18:04.469+0000][23984][gc,age       ] GC(639) - age  15:        288 bytes,    4210360 total
[2020-09-03T11:18:04.469+0000][23984][gc,phases    ] GC(639)   Pre Evacuate Collection Set: 0.4ms
[2020-09-03T11:18:04.469+0000][23984][gc,phases    ] GC(639)   Merge Heap Roots: 0.1ms
[2020-09-03T11:18:04.469+0000][23984][gc,phases    ] GC(639)   Evacuate Collection Set: 2.7ms
[2020-09-03T11:18:04.469+0000][23984][gc,phases    ] GC(639)   Post Evacuate Collection Set: 0.7ms
[2020-09-03T11:18:04.469+0000][23984][gc,phases    ] GC(639)   Other: 1.0ms
[2020-09-03T11:18:04.469+0000][23984][gc,heap      ] GC(639) Eden regions: 47->0(467)
[2020-09-03T11:18:04.469+0000][23984][gc,heap      ] GC(639) Survivor regions: 4->5(59)
[2020-09-03T11:18:04.469+0000][23984][gc,heap      ] GC(639) Old regions: 81->81
[2020-09-03T11:18:04.469+0000][23984][gc,heap      ] GC(639) Archive regions: 0->0
[2020-09-03T11:18:04.469+0000][23984][gc,heap      ] GC(639) Humongous regions: 270->174
[2020-09-03T11:18:04.469+0000][23984][gc,metaspace ] GC(639) Metaspace: 88635K(94592K)->88635K(94592K) NonClass: 77423K(80896K)->77423K(80896K) Class: 11212K(13696K)->11212K(13696K)
[2020-09-03T11:18:04.469+0000][23984][gc           ] GC(639) Pause Young (Concurrent Start) (G1 Humongous Allocation) 400M->258M(1024M) 5.217ms
[2020-09-03T11:18:04.469+0000][23984][gc,cpu       ] GC(639) User=0.08s Sys=0.00s Real=0.01s
[2020-09-03T11:18:04.469+0000][23984][safepoint    ] Safepoint "G1TryInitiateConcMark", Time since last: 125399600 ns, Reaching safepoint: 155600 ns, At safepoint: 5390500 ns, Total: 5546100 ns
[2020-09-03T11:18:04.469+0000][23984][gc           ] GC(640) Concurrent Cycle
[2020-09-03T11:18:04.469+0000][23984][gc,marking   ] GC(640) Concurrent Clear Claimed Marks
[2020-09-03T11:18:04.470+0000][23984][gc,marking   ] GC(640) Concurrent Clear Claimed Marks 0.665ms
[2020-09-03T11:18:04.470+0000][23984][gc,marking   ] GC(640) Concurrent Scan Root Regions
[2020-09-03T11:18:04.473+0000][23984][gc,marking   ] GC(640) Concurrent Scan Root Regions 2.600ms
[2020-09-03T11:18:04.473+0000][23984][gc,marking   ] GC(640) Concurrent Mark (233.474s)
[2020-09-03T11:18:04.473+0000][23984][gc,marking   ] GC(640) Concurrent Mark From Roots
[2020-09-03T11:18:04.473+0000][23984][gc,task      ] GC(640) Using 2 workers of 2 for marking
[2020-09-03T11:18:04.608+0000][23984][gc,marking   ] GC(640) Concurrent Mark From Roots 135.229ms
[2020-09-03T11:18:04.608+0000][23984][gc,marking   ] GC(640) Concurrent Preclean
[2020-09-03T11:18:04.609+0000][23984][gc,marking   ] GC(640) Concurrent Preclean 0.709ms
[2020-09-03T11:18:04.609+0000][23984][gc,marking   ] GC(640) Concurrent Mark (233.474s, 233.611s) 136.130ms
[2020-09-03T11:18:04.609+0000][23984][gc,start     ] GC(640) Pause Remark
[2020-09-03T11:18:04.616+0000][23984][gc           ] GC(640) Pause Remark 317M->317M(1024M) 7.018ms
[2020-09-03T11:18:04.616+0000][23984][gc,cpu       ] GC(640) User=0.00s Sys=0.00s Real=0.01s
[2020-09-03T11:18:04.616+0000][23984][safepoint    ] Safepoint "G1Concurrent", Time since last: 139821100 ns, Reaching safepoint: 133800 ns, At safepoint: 7257600 ns, Total: 7391400 ns
[2020-09-03T11:18:04.617+0000][23984][gc,marking   ] GC(640) Concurrent Rebuild Remembered Sets
[2020-09-03T11:18:04.709+0000][23984][gc,marking   ] GC(640) Concurrent Rebuild Remembered Sets 92.136ms
[2020-09-03T11:18:04.709+0000][23984][gc,start     ] GC(640) Pause Cleanup
[2020-09-03T11:18:04.709+0000][23984][gc           ] GC(640) Pause Cleanup 383M->383M(1024M) 0.339ms
[2020-09-03T11:18:04.709+0000][23984][gc,cpu       ] GC(640) User=0.00s Sys=0.00s Real=0.00s
[2020-09-03T11:18:04.709+0000][23984][safepoint    ] Safepoint "G1Concurrent", Time since last: 92319300 ns, Reaching safepoint: 141200 ns, At safepoint: 512000 ns, Total: 653200 ns
[2020-09-03T11:18:04.710+0000][23984][gc,marking   ] GC(640) Concurrent Cleanup for Next Mark
[2020-09-03T11:18:04.711+0000][23984][gc,marking   ] GC(640) Concurrent Cleanup for Next Mark 1.375ms
[2020-09-03T11:18:04.711+0000][23984][gc           ] GC(640) Concurrent Cycle 241.750ms
[2020-09-03T11:18:04.835+0000][23984][gc,start     ] GC(641) Pause Young (Concurrent Start) (G1 Humongous Allocation)
[2020-09-03T11:18:04.835+0000][23984][gc,task      ] GC(641) Using 8 workers of 8 for evacuation
[2020-09-03T11:18:04.835+0000][23984][gc,age       ] GC(641) Desired survivor size 30932992 bytes, new threshold 15 (max threshold 15)
[2020-09-03T11:18:04.838+0000][23984][gc,age       ] GC(641) Age table with threshold 15 (max threshold 15)
[2020-09-03T11:18:04.838+0000][23984][gc,age       ] GC(641) - age   1:    3203504 bytes,    3203504 total
[2020-09-03T11:18:04.838+0000][23984][gc,age       ] GC(641) - age   2:     792208 bytes,    3995712 total
[2020-09-03T11:18:04.839+0000][23984][gc,age       ] GC(641) - age   3:     205728 bytes,    4201440 total
[2020-09-03T11:18:04.839+0000][23984][gc,age       ] GC(641) - age   4:       1312 bytes,    4202752 total
[2020-09-03T11:18:04.839+0000][23984][gc,age       ] GC(641) - age   5:       4440 bytes,    4207192 total
[2020-09-03T11:18:04.839+0000][23984][gc,age       ] GC(641) - age   6:       1528 bytes,    4208720 total
[2020-09-03T11:18:04.839+0000][23984][gc,age       ] GC(641) - age   7:       2184 bytes,    4210904 total
[2020-09-03T11:18:04.839+0000][23984][gc,age       ] GC(641) - age   8:        696 bytes,    4211600 total
[2020-09-03T11:18:04.839+0000][23984][gc,age       ] GC(641) - age   9:        592 bytes,    4212192 total
[2020-09-03T11:18:04.839+0000][23984][gc,age       ] GC(641) - age  10:        608 bytes,    4212800 total
[2020-09-03T11:18:04.839+0000][23984][gc,age       ] GC(641) - age  11:        600 bytes,    4213400 total
[2020-09-03T11:18:04.839+0000][23984][gc,age       ] GC(641) - age  12:        224 bytes,    4213624 total
[2020-09-03T11:18:04.839+0000][23984][gc,age       ] GC(641) - age  13:        376 bytes,    4214000 total
[2020-09-03T11:18:04.839+0000][23984][gc,age       ] GC(641) - age  14:      17560 bytes,    4231560 total
[2020-09-03T11:18:04.839+0000][23984][gc,age       ] GC(641) - age  15:        672 bytes,    4232232 total
[2020-09-03T11:18:04.839+0000][23984][gc,phases    ] GC(641)   Pre Evacuate Collection Set: 0.5ms
[2020-09-03T11:18:04.839+0000][23984][gc,phases    ] GC(641)   Merge Heap Roots: 0.1ms
[2020-09-03T11:18:04.839+0000][23984][gc,phases    ] GC(641)   Evacuate Collection Set: 2.2ms
[2020-09-03T11:18:04.839+0000][23984][gc,phases    ] GC(641)   Post Evacuate Collection Set: 0.7ms
[2020-09-03T11:18:04.839+0000][23984][gc,phases    ] GC(641)   Other: 1.0ms
[2020-09-03T11:18:04.839+0000][23984][gc,heap      ] GC(641) Eden regions: 40->0(474)
[2020-09-03T11:18:04.839+0000][23984][gc,heap      ] GC(641) Survivor regions: 5->5(59)
[2020-09-03T11:18:04.839+0000][23984][gc,heap      ] GC(641) Old regions: 81->81
[2020-09-03T11:18:04.839+0000][23984][gc,heap      ] GC(641) Archive regions: 0->0
[2020-09-03T11:18:04.839+0000][23984][gc,heap      ] GC(641) Humongous regions: 270->174
[2020-09-03T11:18:04.839+0000][23984][gc,metaspace ] GC(641) Metaspace: 88635K(94592K)->88635K(94592K) NonClass: 77423K(80896K)->77423K(80896K) Class: 11212K(13696K)->11212K(13696K)
[2020-09-03T11:18:04.839+0000][23984][gc           ] GC(641) Pause Young (Concurrent Start) (G1 Humongous Allocation) 393M->258M(1024M) 4.892ms
[2020-09-03T11:18:04.840+0000][23984][gc,cpu       ] GC(641) User=0.00s Sys=0.00s Real=0.00s
[2020-09-03T11:18:04.840+0000][23984][safepoint    ] Safepoint "G1TryInitiateConcMark", Time since last: 124935300 ns, Reaching safepoint: 147400 ns, At safepoint: 5041300 ns, Total: 5188700 ns
[2020-09-03T11:18:04.840+0000][23984][gc           ] GC(642) Concurrent Cycle
[2020-09-03T11:18:04.840+0000][23984][gc,marking   ] GC(642) Concurrent Clear Claimed Marks
[2020-09-03T11:18:04.840+0000][23984][gc,marking   ] GC(642) Concurrent Clear Claimed Marks 0.333ms
[2020-09-03T11:18:04.840+0000][23984][gc,marking   ] GC(642) Concurrent Scan Root Regions
[2020-09-03T11:18:04.842+0000][23984][gc,marking   ] GC(642) Concurrent Scan Root Regions 2.290ms
[2020-09-03T11:18:04.842+0000][23984][gc,marking   ] GC(642) Concurrent Mark (233.844s)
[2020-09-03T11:18:04.842+0000][23984][gc,marking   ] GC(642) Concurrent Mark From Roots
[2020-09-03T11:18:04.843+0000][23984][gc,task      ] GC(642) Using 2 workers of 2 for marking
[2020-09-03T11:18:04.978+0000][23984][gc,marking   ] GC(642) Concurrent Mark From Roots 136.003ms
[2020-09-03T11:18:04.979+0000][23984][gc,marking   ] GC(642) Concurrent Preclean
[2020-09-03T11:18:04.979+0000][23984][gc,marking   ] GC(642) Concurrent Preclean 0.570ms
[2020-09-03T11:18:04.979+0000][23984][gc,marking   ] GC(642) Concurrent Mark (233.844s, 233.981s) 136.761ms
[2020-09-03T11:18:04.979+0000][23984][gc,start     ] GC(642) Pause Remark
[2020-09-03T11:18:04.986+0000][23984][gc           ] GC(642) Pause Remark 317M->317M(1024M) 6.656ms
[2020-09-03T11:18:04.986+0000][23984][gc,cpu       ] GC(642) User=0.09s Sys=0.00s Real=0.01s
[2020-09-03T11:18:04.987+0000][23984][safepoint    ] Safepoint "G1Concurrent", Time since last: 139690800 ns, Reaching safepoint: 146200 ns, At safepoint: 7159600 ns, Total: 7305800 ns
[2020-09-03T11:18:04.987+0000][23984][gc,marking   ] GC(642) Concurrent Rebuild Remembered Sets
[2020-09-03T11:18:05.080+0000][23984][gc,marking   ] GC(642) Concurrent Rebuild Remembered Sets 93.030ms
[2020-09-03T11:18:05.080+0000][23984][gc,start     ] GC(642) Pause Cleanup
[2020-09-03T11:18:05.080+0000][23984][gc           ] GC(642) Pause Cleanup 384M->384M(1024M) 0.265ms
[2020-09-03T11:18:05.080+0000][23984][gc,cpu       ] GC(642) User=0.00s Sys=0.00s Real=0.00s
[2020-09-03T11:18:05.080+0000][23984][safepoint    ] Safepoint "G1Concurrent", Time since last: 93224600 ns, Reaching safepoint: 177200 ns, At safepoint: 396400 ns, Total: 573600 ns
[2020-09-03T11:18:05.080+0000][23984][gc,marking   ] GC(642) Concurrent Cleanup for Next Mark
[2020-09-03T11:18:05.082+0000][23984][gc,marking   ] GC(642) Concurrent Cleanup for Next Mark 1.329ms
[2020-09-03T11:18:05.082+0000][23984][gc           ] GC(642) Concurrent Cycle 242.249ms
[2020-09-03T11:18:05.192+0000][23984][gc,start     ] GC(643) Pause Young (Concurrent Start) (G1 Humongous Allocation)
[2020-09-03T11:18:05.192+0000][23984][gc,task      ] GC(643) Using 8 workers of 8 for evacuation
[2020-09-03T11:18:05.192+0000][23984][gc,age       ] GC(643) Desired survivor size 31457280 bytes, new threshold 15 (max threshold 15)
[2020-09-03T11:18:05.196+0000][23984][gc,age       ] GC(643) Age table with threshold 15 (max threshold 15)
[2020-09-03T11:18:05.196+0000][23984][gc,age       ] GC(643) - age   1:    3192648 bytes,    3192648 total
[2020-09-03T11:18:05.196+0000][23984][gc,age       ] GC(643) - age   2:     404952 bytes,    3597600 total
[2020-09-03T11:18:05.196+0000][23984][gc,age       ] GC(643) - age   3:     593272 bytes,    4190872 total
[2020-09-03T11:18:05.196+0000][23984][gc,age       ] GC(643) - age   4:       4032 bytes,    4194904 total
[2020-09-03T11:18:05.196+0000][23984][gc,age       ] GC(643) - age   5:       1280 bytes,    4196184 total
[2020-09-03T11:18:05.196+0000][23984][gc,age       ] GC(643) - age   6:       4352 bytes,    4200536 total
[2020-09-03T11:18:05.196+0000][23984][gc,age       ] GC(643) - age   7:       1528 bytes,    4202064 total
[2020-09-03T11:18:05.196+0000][23984][gc,age       ] GC(643) - age   8:       2184 bytes,    4204248 total
[2020-09-03T11:18:05.196+0000][23984][gc,age       ] GC(643) - age   9:        376 bytes,    4204624 total
[2020-09-03T11:18:05.196+0000][23984][gc,age       ] GC(643) - age  10:        464 bytes,    4205088 total
[2020-09-03T11:18:05.196+0000][23984][gc,age       ] GC(643) - age  11:        608 bytes,    4205696 total
[2020-09-03T11:18:05.196+0000][23984][gc,age       ] GC(643) - age  12:        600 bytes,    4206296 total
[2020-09-03T11:18:05.196+0000][23984][gc,age       ] GC(643) - age  13:        160 bytes,    4206456 total
[2020-09-03T11:18:05.196+0000][23984][gc,age       ] GC(643) - age  14:        312 bytes,    4206768 total
[2020-09-03T11:18:05.196+0000][23984][gc,age       ] GC(643) - age  15:      17560 bytes,    4224328 total
[2020-09-03T11:18:05.197+0000][23984][gc,phases    ] GC(643)   Pre Evacuate Collection Set: 0.5ms
[2020-09-03T11:18:05.197+0000][23984][gc,phases    ] GC(643)   Merge Heap Roots: 0.1ms
[2020-09-03T11:18:05.197+0000][23984][gc,phases    ] GC(643)   Evacuate Collection Set: 2.7ms
[2020-09-03T11:18:05.197+0000][23984][gc,phases    ] GC(643)   Post Evacuate Collection Set: 0.8ms
[2020-09-03T11:18:05.197+0000][23984][gc,phases    ] GC(643)   Other: 1.0ms
[2020-09-03T11:18:05.197+0000][23984][gc,heap      ] GC(643) Eden regions: 40->0(479)
[2020-09-03T11:18:05.197+0000][23984][gc,heap      ] GC(643) Survivor regions: 5->5(60)
[2020-09-03T11:18:05.197+0000][23984][gc,heap      ] GC(643) Old regions: 81->81
[2020-09-03T11:18:05.197+0000][23984][gc,heap      ] GC(643) Archive regions: 0->0
[2020-09-03T11:18:05.197+0000][23984][gc,heap      ] GC(643) Humongous regions: 270->174
[2020-09-03T11:18:05.197+0000][23984][gc,metaspace ] GC(643) Metaspace: 88635K(94592K)->88635K(94592K) NonClass: 77423K(80896K)->77423K(80896K) Class: 11212K(13696K)->11212K(13696K)
[2020-09-03T11:18:05.197+0000][23984][gc           ] GC(643) Pause Young (Concurrent Start) (G1 Humongous Allocation) 394M->258M(1024M) 5.400ms
[2020-09-03T11:18:05.197+0000][23984][gc,cpu       ] GC(643) User=0.00s Sys=0.00s Real=0.01s
[2020-09-03T11:18:05.197+0000][23984][safepoint    ] Safepoint "G1TryInitiateConcMark", Time since last: 110966900 ns, Reaching safepoint: 155600 ns, At safepoint: 5587100 ns, Total: 5742700 ns
[2020-09-03T11:18:05.197+0000][23984][gc           ] GC(644) Concurrent Cycle
[2020-09-03T11:18:05.197+0000][23984][gc,marking   ] GC(644) Concurrent Clear Claimed Marks
[2020-09-03T11:18:05.198+0000][23984][gc,marking   ] GC(644) Concurrent Clear Claimed Marks 0.397ms
[2020-09-03T11:18:05.198+0000][23984][gc,marking   ] GC(644) Concurrent Scan Root Regions
[2020-09-03T11:18:05.201+0000][23984][gc,marking   ] GC(644) Concurrent Scan Root Regions 3.064ms
[2020-09-03T11:18:05.201+0000][23984][gc,marking   ] GC(644) Concurrent Mark (234.202s)
[2020-09-03T11:18:05.201+0000][23984][gc,marking   ] GC(644) Concurrent Mark From Roots
[2020-09-03T11:18:05.201+0000][23984][gc,task      ] GC(644) Using 2 workers of 2 for marking
[2020-09-03T11:18:05.346+0000][23984][gc,marking   ] GC(644) Concurrent Mark From Roots 144.681ms
[2020-09-03T11:18:05.346+0000][23984][gc,marking   ] GC(644) Concurrent Preclean
[2020-09-03T11:18:05.346+0000][23984][gc,marking   ] GC(644) Concurrent Preclean 0.405ms
[2020-09-03T11:18:05.346+0000][23984][gc,marking   ] GC(644) Concurrent Mark (234.202s, 234.348s) 145.227ms
[2020-09-03T11:18:05.346+0000][23984][gc,start     ] GC(644) Pause Remark
[2020-09-03T11:18:05.353+0000][23984][gc           ] GC(644) Pause Remark 317M->317M(1024M) 6.957ms
[2020-09-03T11:18:05.353+0000][23984][gc,cpu       ] GC(644) User=0.00s Sys=0.00s Real=0.01s
[2020-09-03T11:18:05.353+0000][23984][safepoint    ] Safepoint "G1Concurrent", Time since last: 149080100 ns, Reaching safepoint: 147500 ns, At safepoint: 7182800 ns, Total: 7330300 ns
[2020-09-03T11:18:05.354+0000][23984][gc,marking   ] GC(644) Concurrent Rebuild Remembered Sets
[2020-09-03T11:18:05.447+0000][23984][gc,marking   ] GC(644) Concurrent Rebuild Remembered Sets 93.090ms
[2020-09-03T11:18:05.447+0000][23984][gc,start     ] GC(644) Pause Cleanup
[2020-09-03T11:18:05.447+0000][23984][gc           ] GC(644) Pause Cleanup 382M->382M(1024M) 0.371ms
[2020-09-03T11:18:05.447+0000][23984][gc,cpu       ] GC(644) User=0.00s Sys=0.00s Real=0.00s
[2020-09-03T11:18:05.448+0000][23984][safepoint    ] Safepoint "G1Concurrent", Time since last: 93258700 ns, Reaching safepoint: 192500 ns, At safepoint: 562300 ns, Total: 754800 ns
[2020-09-03T11:18:05.448+0000][23984][gc,marking   ] GC(644) Concurrent Cleanup for Next Mark
[2020-09-03T11:18:05.449+0000][23984][gc,marking   ] GC(644) Concurrent Cleanup for Next Mark 1.637ms
[2020-09-03T11:18:05.449+0000][23984][gc           ] GC(644) Concurrent Cycle 252.255ms
[2020-09-03T11:18:05.656+0000][23984][gc,start     ] GC(645) Pause Young (Concurrent Start) (G1 Humongous Allocation)
[2020-09-03T11:18:05.656+0000][23984][gc,task      ] GC(645) Using 8 workers of 8 for evacuation
[2020-09-03T11:18:05.656+0000][23984][gc,age       ] GC(645) Desired survivor size 31981568 bytes, new threshold 15 (max threshold 15)
[2020-09-03T11:18:05.660+0000][23984][gc,age       ] GC(645) Age table with threshold 15 (max threshold 15)
[2020-09-03T11:18:05.660+0000][23984][gc,age       ] GC(645) - age   1:    2665072 bytes,    2665072 total
[2020-09-03T11:18:05.660+0000][23984][gc,age       ] GC(645) - age   2:       3152 bytes,    2668224 total
[2020-09-03T11:18:05.660+0000][23984][gc,age       ] GC(645) - age   3:       2312 bytes,    2670536 total
[2020-09-03T11:18:05.660+0000][23984][gc,age       ] GC(645) - age   4:       2016 bytes,    2672552 total
[2020-09-03T11:18:05.660+0000][23984][gc,age       ] GC(645) - age   5:        840 bytes,    2673392 total
[2020-09-03T11:18:05.660+0000][23984][gc,age       ] GC(645) - age   6:        992 bytes,    2674384 total
[2020-09-03T11:18:05.660+0000][23984][gc,age       ] GC(645) - age   7:       3584 bytes,    2677968 total
[2020-09-03T11:18:05.660+0000][23984][gc,age       ] GC(645) - age   8:       1528 bytes,    2679496 total
[2020-09-03T11:18:05.660+0000][23984][gc,age       ] GC(645) - age   9:       2056 bytes,    2681552 total
[2020-09-03T11:18:05.660+0000][23984][gc,age       ] GC(645) - age  10:        344 bytes,    2681896 total
[2020-09-03T11:18:05.660+0000][23984][gc,age       ] GC(645) - age  11:        464 bytes,    2682360 total
[2020-09-03T11:18:05.660+0000][23984][gc,age       ] GC(645) - age  12:        608 bytes,    2682968 total
[2020-09-03T11:18:05.660+0000][23984][gc,age       ] GC(645) - age  13:        600 bytes,    2683568 total
[2020-09-03T11:18:05.660+0000][23984][gc,age       ] GC(645) - age  14:        160 bytes,    2683728 total
[2020-09-03T11:18:05.660+0000][23984][gc,age       ] GC(645) - age  15:        280 bytes,    2684008 total
[2020-09-03T11:18:05.660+0000][23984][gc,phases    ] GC(645)   Pre Evacuate Collection Set: 0.4ms
[2020-09-03T11:18:05.660+0000][23984][gc,phases    ] GC(645)   Merge Heap Roots: 0.1ms
[2020-09-03T11:18:05.660+0000][23984][gc,phases    ] GC(645)   Evacuate Collection Set: 1.9ms
[2020-09-03T11:18:05.660+0000][23984][gc,phases    ] GC(645)   Post Evacuate Collection Set: 0.7ms
[2020-09-03T11:18:05.660+0000][23984][gc,phases    ] GC(645)   Other: 0.8ms
[2020-09-03T11:18:05.660+0000][23984][gc,heap      ] GC(645) Eden regions: 49->0(485)
[2020-09-03T11:18:05.660+0000][23984][gc,heap      ] GC(645) Survivor regions: 5->3(61)
[2020-09-03T11:18:05.660+0000][23984][gc,heap      ] GC(645) Old regions: 81->81
[2020-09-03T11:18:05.660+0000][23984][gc,heap      ] GC(645) Archive regions: 0->0
[2020-09-03T11:18:05.660+0000][23984][gc,heap      ] GC(645) Humongous regions: 270->174
[2020-09-03T11:18:05.660+0000][23984][gc,metaspace ] GC(645) Metaspace: 88642K(94592K)->88642K(94592K) NonClass: 77430K(80896K)->77430K(80896K) Class: 11212K(13696K)->11212K(13696K)
[2020-09-03T11:18:05.660+0000][23984][gc           ] GC(645) Pause Young (Concurrent Start) (G1 Humongous Allocation) 403M->257M(1024M) 4.106ms
[2020-09-03T11:18:05.660+0000][23984][gc,cpu       ] GC(645) User=0.00s Sys=0.00s Real=0.00s
[2020-09-03T11:18:05.660+0000][23984][safepoint    ] Safepoint "G1TryInitiateConcMark", Time since last: 208487200 ns, Reaching safepoint: 141400 ns, At safepoint: 4260100 ns, Total: 4401500 ns
[2020-09-03T11:18:05.660+0000][23984][gc           ] GC(646) Concurrent Cycle
[2020-09-03T11:18:05.660+0000][23984][gc,marking   ] GC(646) Concurrent Clear Claimed Marks
[2020-09-03T11:18:05.661+0000][23984][gc,marking   ] GC(646) Concurrent Clear Claimed Marks 0.321ms
[2020-09-03T11:18:05.661+0000][23984][gc,marking   ] GC(646) Concurrent Scan Root Regions
[2020-09-03T11:18:05.663+0000][23984][gc,marking   ] GC(646) Concurrent Scan Root Regions 1.935ms
[2020-09-03T11:18:05.663+0000][23984][gc,marking   ] GC(646) Concurrent Mark (234.664s)
[2020-09-03T11:18:05.663+0000][23984][gc,marking   ] GC(646) Concurrent Mark From Roots
[2020-09-03T11:18:05.663+0000][23984][gc,task      ] GC(646) Using 2 workers of 2 for marking
[2020-09-03T11:18:05.797+0000][23984][gc,marking   ] GC(646) Concurrent Mark From Roots 134.014ms
[2020-09-03T11:18:05.797+0000][23984][gc,marking   ] GC(646) Concurrent Preclean
[2020-09-03T11:18:05.797+0000][23984][gc,marking   ] GC(646) Concurrent Preclean 0.388ms
[2020-09-03T11:18:05.797+0000][23984][gc,marking   ] GC(646) Concurrent Mark (234.664s, 234.799s) 134.517ms
[2020-09-03T11:18:05.798+0000][23984][gc,start     ] GC(646) Pause Remark
[2020-09-03T11:18:05.803+0000][23984][gc           ] GC(646) Pause Remark 316M->316M(1024M) 5.712ms
[2020-09-03T11:18:05.803+0000][23984][gc,cpu       ] GC(646) User=0.00s Sys=0.00s Real=0.00s
[2020-09-03T11:18:05.804+0000][23984][safepoint    ] Safepoint "G1Concurrent", Time since last: 137107900 ns, Reaching safepoint: 146300 ns, At safepoint: 5877400 ns, Total: 6023700 ns
[2020-09-03T11:18:05.804+0000][23984][gc,marking   ] GC(646) Concurrent Rebuild Remembered Sets
[2020-09-03T11:18:05.871+0000][23984][gc,marking   ] GC(646) Concurrent Rebuild Remembered Sets 67.836ms
[2020-09-03T11:18:05.872+0000][23984][gc,start     ] GC(646) Pause Cleanup
[2020-09-03T11:18:05.872+0000][23984][gc           ] GC(646) Pause Cleanup 321M->321M(1024M) 0.403ms
[2020-09-03T11:18:05.872+0000][23984][gc,cpu       ] GC(646) User=0.00s Sys=0.00s Real=0.00s
[2020-09-03T11:18:05.872+0000][23984][safepoint    ] Safepoint "G1Concurrent", Time since last: 68015800 ns, Reaching safepoint: 138300 ns, At safepoint: 579800 ns, Total: 718100 ns
[2020-09-03T11:18:05.872+0000][23984][gc,marking   ] GC(646) Concurrent Cleanup for Next Mark
[2020-09-03T11:18:05.874+0000][23984][gc,marking   ] GC(646) Concurrent Cleanup for Next Mark 1.721ms
[2020-09-03T11:18:05.874+0000][23984][gc           ] GC(646) Concurrent Cycle 213.778ms
[2020-09-03T11:18:05.887+0000][23984][gc,start     ] GC(647) Pause Young (Concurrent Start) (G1 Humongous Allocation)
[2020-09-03T11:18:05.887+0000][23984][gc,task      ] GC(647) Using 8 workers of 8 for evacuation
[2020-09-03T11:18:05.887+0000][23984][gc,age       ] GC(647) Desired survivor size 31981568 bytes, new threshold 15 (max threshold 15)
[2020-09-03T11:18:05.890+0000][23984][gc,age       ] GC(647) Age table with threshold 15 (max threshold 15)
[2020-09-03T11:18:05.890+0000][23984][gc,age       ] GC(647) - age   1:    2532776 bytes,    2532776 total
[2020-09-03T11:18:05.891+0000][23984][gc,age       ] GC(647) - age   2:      18080 bytes,    2550856 total
[2020-09-03T11:18:05.891+0000][23984][gc,age       ] GC(647) - age   3:       3120 bytes,    2553976 total
[2020-09-03T11:18:05.891+0000][23984][gc,age       ] GC(647) - age   4:       1752 bytes,    2555728 total
[2020-09-03T11:18:05.891+0000][23984][gc,age       ] GC(647) - age   5:       1672 bytes,    2557400 total
[2020-09-03T11:18:05.891+0000][23984][gc,age       ] GC(647) - age   6:        808 bytes,    2558208 total
[2020-09-03T11:18:05.891+0000][23984][gc,age       ] GC(647) - age   7:        704 bytes,    2558912 total
[2020-09-03T11:18:05.891+0000][23984][gc,age       ] GC(647) - age   8:       3584 bytes,    2562496 total
[2020-09-03T11:18:05.891+0000][23984][gc,age       ] GC(647) - age   9:       1528 bytes,    2564024 total
[2020-09-03T11:18:05.891+0000][23984][gc,age       ] GC(647) - age  10:       2056 bytes,    2566080 total
[2020-09-03T11:18:05.891+0000][23984][gc,age       ] GC(647) - age  11:        344 bytes,    2566424 total
[2020-09-03T11:18:05.891+0000][23984][gc,age       ] GC(647) - age  12:        464 bytes,    2566888 total
[2020-09-03T11:18:05.891+0000][23984][gc,age       ] GC(647) - age  13:        608 bytes,    2567496 total
[2020-09-03T11:18:05.891+0000][23984][gc,age       ] GC(647) - age  14:        600 bytes,    2568096 total
[2020-09-03T11:18:05.891+0000][23984][gc,age       ] GC(647) - age  15:        160 bytes,    2568256 total
[2020-09-03T11:18:05.891+0000][23984][gc,phases    ] GC(647)   Pre Evacuate Collection Set: 0.4ms
[2020-09-03T11:18:05.891+0000][23984][gc,phases    ] GC(647)   Merge Heap Roots: 0.1ms
[2020-09-03T11:18:05.891+0000][23984][gc,phases    ] GC(647)   Evacuate Collection Set: 1.9ms
[2020-09-03T11:18:05.891+0000][23984][gc,phases    ] GC(647)   Post Evacuate Collection Set: 0.7ms
[2020-09-03T11:18:05.891+0000][23984][gc,phases    ] GC(647)   Other: 1.2ms
[2020-09-03T11:18:05.891+0000][23984][gc,heap      ] GC(647) Eden regions: 20->0(488)
[2020-09-03T11:18:05.891+0000][23984][gc,heap      ] GC(647) Survivor regions: 3->3(61)
[2020-09-03T11:18:05.892+0000][23984][gc,heap      ] GC(647) Old regions: 81->81
[2020-09-03T11:18:05.892+0000][23984][gc,heap      ] GC(647) Archive regions: 0->0
[2020-09-03T11:18:05.892+0000][23984][gc,heap      ] GC(647) Humongous regions: 226->174
[2020-09-03T11:18:05.892+0000][23984][gc,metaspace ] GC(647) Metaspace: 88642K(94592K)->88642K(94592K) NonClass: 77430K(80896K)->77430K(80896K) Class: 11212K(13696K)->11212K(13696K)
[2020-09-03T11:18:05.892+0000][23984][gc           ] GC(647) Pause Young (Concurrent Start) (G1 Humongous Allocation) 328M->256M(1024M) 4.822ms
[2020-09-03T11:18:05.892+0000][23984][gc,cpu       ] GC(647) User=0.11s Sys=0.00s Real=0.00s
[2020-09-03T11:18:05.892+0000][23984][safepoint    ] Safepoint "G1TryInitiateConcMark", Time since last: 14414900 ns, Reaching safepoint: 163500 ns, At safepoint: 5032400 ns, Total: 5195900 ns
[2020-09-03T11:18:05.892+0000][23984][gc           ] GC(648) Concurrent Cycle
[2020-09-03T11:18:05.892+0000][23984][gc,marking   ] GC(648) Concurrent Clear Claimed Marks
[2020-09-03T11:18:05.892+0000][23984][gc,marking   ] GC(648) Concurrent Clear Claimed Marks 0.381ms
[2020-09-03T11:18:05.892+0000][23984][gc,marking   ] GC(648) Concurrent Scan Root Regions
[2020-09-03T11:18:05.895+0000][23984][gc,marking   ] GC(648) Concurrent Scan Root Regions 2.251ms
[2020-09-03T11:18:05.895+0000][23984][gc,marking   ] GC(648) Concurrent Mark (234.896s)
[2020-09-03T11:18:05.895+0000][23984][gc,marking   ] GC(648) Concurrent Mark From Roots
[2020-09-03T11:18:05.895+0000][23984][gc,task      ] GC(648) Using 2 workers of 2 for marking
[2020-09-03T11:18:06.038+0000][23984][gc,marking   ] GC(648) Concurrent Mark From Roots 143.241ms
[2020-09-03T11:18:06.038+0000][23984][gc,marking   ] GC(648) Concurrent Preclean
[2020-09-03T11:18:06.039+0000][23984][gc,marking   ] GC(648) Concurrent Preclean 0.556ms
[2020-09-03T11:18:06.039+0000][23984][gc,marking   ] GC(648) Concurrent Mark (234.896s, 235.040s) 144.034ms
[2020-09-03T11:18:06.039+0000][23984][gc,start     ] GC(648) Pause Remark
[2020-09-03T11:18:06.044+0000][23984][gc           ] GC(648) Pause Remark 314M->314M(1024M) 5.229ms
[2020-09-03T11:18:06.044+0000][23984][gc,cpu       ] GC(648) User=0.00s Sys=0.00s Real=0.00s
[2020-09-03T11:18:06.045+0000][23984][safepoint    ] Safepoint "G1Concurrent", Time since last: 147067200 ns, Reaching safepoint: 139000 ns, At safepoint: 5489300 ns, Total: 5628300 ns
[2020-09-03T11:18:06.045+0000][23984][gc,marking   ] GC(648) Concurrent Rebuild Remembered Sets
[2020-09-03T11:18:06.123+0000][23984][gc,marking   ] GC(648) Concurrent Rebuild Remembered Sets 78.505ms
[2020-09-03T11:18:06.123+0000][23984][gc,start     ] GC(648) Pause Cleanup
[2020-09-03T11:18:06.124+0000][23984][gc           ] GC(648) Pause Cleanup 319M->319M(1024M) 0.308ms
[2020-09-03T11:18:06.124+0000][23984][gc,cpu       ] GC(648) User=0.00s Sys=0.00s Real=0.00s
[2020-09-03T11:18:06.124+0000][23984][safepoint    ] Safepoint "G1Concurrent", Time since last: 78710300 ns, Reaching safepoint: 124600 ns, At safepoint: 497500 ns, Total: 622100 ns
[2020-09-03T11:18:06.124+0000][23984][gc,marking   ] GC(648) Concurrent Cleanup for Next Mark
[2020-09-03T11:18:06.125+0000][23984][gc,marking   ] GC(648) Concurrent Cleanup for Next Mark 1.486ms
[2020-09-03T11:18:06.126+0000][23984][gc           ] GC(648) Concurrent Cycle 233.729ms
[2020-09-03T11:18:06.220+0000][23984][safepoint    ] Safepoint "BulkRevokeBias", Time since last: 95145100 ns, Reaching safepoint: 196200 ns, At safepoint: 1190200 ns, Total: 1386400 ns
[2020-09-03T11:18:06.222+0000][23984][safepoint    ] Safepoint "BulkRevokeBias", Time since last: 122200 ns, Reaching safepoint: 167500 ns, At safepoint: 1143400 ns, Total: 1310900 ns
[2020-09-03T11:18:06.223+0000][23984][safepoint    ] Safepoint "BulkRevokeBias", Time since last: 161300 ns, Reaching safepoint: 112500 ns, At safepoint: 1100900 ns, Total: 1213400 ns
[2020-09-03T11:18:06.394+0000][23984][safepoint    ] Safepoint "BulkRevokeBias", Time since last: 169300300 ns, Reaching safepoint: 125000 ns, At safepoint: 1185500 ns, Total: 1310500 ns
[2020-09-03T11:18:06.396+0000][23984][safepoint    ] Safepoint "BulkRevokeBias", Time since last: 619500 ns, Reaching safepoint: 126300 ns, At safepoint: 1151300 ns, Total: 1277600 ns
[2020-09-03T11:18:06.397+0000][23984][safepoint    ] Safepoint "BulkRevokeBias", Time since last: 251500 ns, Reaching safepoint: 93000 ns, At safepoint: 955400 ns, Total: 1048400 ns
[2020-09-03T11:18:07.748+0000][23984][safepoint    ] Safepoint "Cleanup", Time since last: 1350129500 ns, Reaching safepoint: 224300 ns, At safepoint: 9400 ns, Total: 233700 ns
[2020-09-03T11:18:08.748+0000][23984][safepoint    ] Safepoint "Cleanup", Time since last: 1000557100 ns, Reaching safepoint: 156800 ns, At safepoint: 8900 ns, Total: 165700 ns
[2020-09-03T11:18:09.749+0000][23984][safepoint    ] Safepoint "Cleanup", Time since last: 1000848500 ns, Reaching safepoint: 191800 ns, At safepoint: 10700 ns, Total: 202500 ns
[2020-09-03T11:18:10.750+0000][23984][safepoint    ] Safepoint "Cleanup", Time since last: 1000284600 ns, Reaching safepoint: 151400 ns, At safepoint: 16000 ns, Total: 167400 ns
[2020-09-03T11:18:11.751+0000][23984][safepoint    ] Safepoint "Cleanup", Time since last: 1000619600 ns, Reaching safepoint: 134800 ns, At safepoint: 7800 ns, Total: 142600 ns
[2020-09-03T11:18:12.751+0000][23984][safepoint    ] Safepoint "Cleanup", Time since last: 1000455700 ns, Reaching safepoint: 560500 ns, At safepoint: 14600 ns, Total: 575100 ns
[2020-09-03T11:18:14.752+0000][23984][safepoint    ] Safepoint "Cleanup", Time since last: 2000246000 ns, Reaching safepoint: 151400 ns, At safepoint: 7400 ns, Total: 158800 ns
[2020-09-03T11:18:15.753+0000][23984][safepoint    ] Safepoint "Cleanup", Time since last: 1000324500 ns, Reaching safepoint: 139100 ns, At safepoint: 9100 ns, Total: 148200 ns
[2020-09-03T11:18:16.754+0000][23984][safepoint    ] Safepoint "Cleanup", Time since last: 1000909900 ns, Reaching safepoint: 105700 ns, At safepoint: 3300 ns, Total: 109000 ns
[2020-09-03T11:18:17.754+0000][23984][safepoint    ] Safepoint "Cleanup", Time since last: 1000334300 ns, Reaching safepoint: 226400 ns, At safepoint: 13700 ns, Total: 240100 ns
[2020-09-03T11:18:18.755+0000][23984][safepoint    ] Safepoint "Cleanup", Time since last: 1000669300 ns, Reaching safepoint: 289400 ns, At safepoint: 150600 ns, Total: 440000 ns
[2020-09-03T11:18:20.756+0000][23984][safepoint    ] Safepoint "Cleanup", Time since last: 2000466100 ns, Reaching safepoint: 156200 ns, At safepoint: 92800 ns, Total: 249000 ns
[2020-09-03T11:18:22.757+0000][23984][safepoint    ] Safepoint "Cleanup", Time since last: 2000496300 ns, Reaching safepoint: 221200 ns, At safepoint: 64800 ns, Total: 286000 ns
[2020-09-03T11:18:23.757+0000][23984][safepoint    ] Safepoint "Cleanup", Time since last: 1000159900 ns, Reaching safepoint: 313600 ns, At safepoint: 15700 ns, Total: 329300 ns
[2020-09-03T11:18:24.758+0000][23984][safepoint    ] Safepoint "Cleanup", Time since last: 1000753900 ns, Reaching safepoint: 147000 ns, At safepoint: 65800 ns, Total: 212800 ns
[2020-09-03T11:18:25.758+0000][23984][safepoint    ] Safepoint "Cleanup", Time since last: 1000046200 ns, Reaching safepoint: 127400 ns, At safepoint: 5100 ns, Total: 132500 ns
[2020-09-03T11:18:26.760+0000][23984][safepoint    ] Safepoint "Cleanup", Time since last: 1000620500 ns, Reaching safepoint: 401100 ns, At safepoint: 379000 ns, Total: 780100 ns
[2020-09-03T11:18:28.761+0000][23984][safepoint    ] Safepoint "Cleanup", Time since last: 2000760300 ns, Reaching safepoint: 158600 ns, At safepoint: 57200 ns, Total: 215800 ns
[2020-09-03T11:18:29.762+0000][23984][safepoint    ] Safepoint "Cleanup", Time since last: 1000755900 ns, Reaching safepoint: 443400 ns, At safepoint: 278600 ns, Total: 722000 ns
[2020-09-03T11:18:30.763+0000][23984][safepoint    ] Safepoint "Cleanup", Time since last: 1000492800 ns, Reaching safepoint: 213100 ns, At safepoint: 6400 ns, Total: 219500 ns
[2020-09-03T11:18:31.764+0000][23984][safepoint    ] Safepoint "Cleanup", Time since last: 1000565900 ns, Reaching safepoint: 167500 ns, At safepoint: 9000 ns, Total: 176500 ns
[2020-09-03T11:18:32.764+0000][23984][safepoint    ] Safepoint "Cleanup", Time since last: 1000546000 ns, Reaching safepoint: 153600 ns, At safepoint: 7700 ns, Total: 161300 ns
[2020-09-03T11:18:33.765+0000][23984][safepoint    ] Safepoint "Cleanup", Time since last: 1000015000 ns, Reaching safepoint: 291500 ns, At safepoint: 7900 ns, Total: 299400 ns
[2020-09-03T11:18:34.765+0000][23984][safepoint    ] Safepoint "Cleanup", Time since last: 1000168600 ns, Reaching safepoint: 157800 ns, At safepoint: 10500 ns, Total: 168300 ns
[2020-09-03T11:18:35.766+0000][23984][safepoint    ] Safepoint "Cleanup", Time since last: 1000525000 ns, Reaching safepoint: 162500 ns, At safepoint: 6100 ns, Total: 168600 ns
[2020-09-03T11:18:37.767+0000][23984][safepoint    ] Safepoint "Cleanup", Time since last: 2000769700 ns, Reaching safepoint: 118400 ns, At safepoint: 8400 ns, Total: 126800 ns
[2020-09-03T11:18:38.767+0000][23984][safepoint    ] Safepoint "Cleanup", Time since last: 1000616200 ns, Reaching safepoint: 306200 ns, At safepoint: 18400 ns, Total: 324600 ns
[2020-09-03T11:18:39.768+0000][23984][safepoint    ] Safepoint "Cleanup", Time since last: 1000555500 ns, Reaching safepoint: 132100 ns, At safepoint: 6200 ns, Total: 138300 ns
[2020-09-03T11:18:40.769+0000][23984][safepoint    ] Safepoint "Cleanup", Time since last: 1000177400 ns, Reaching safepoint: 180700 ns, At safepoint: 7600 ns, Total: 188300 ns
[2020-09-03T11:18:41.769+0000][23984][safepoint    ] Safepoint "Cleanup", Time since last: 1000575200 ns, Reaching safepoint: 148700 ns, At safepoint: 5800 ns, Total: 154500 ns
[2020-09-03T11:18:42.770+0000][23984][safepoint    ] Safepoint "Cleanup", Time since last: 1000644300 ns, Reaching safepoint: 192900 ns, At safepoint: 12600 ns, Total: 205500 ns
[2020-09-03T11:18:44.771+0000][23984][safepoint    ] Safepoint "Cleanup", Time since last: 2000522700 ns, Reaching safepoint: 135600 ns, At safepoint: 6900 ns, Total: 142500 ns
[2020-09-03T11:18:45.771+0000][23984][safepoint    ] Safepoint "Cleanup", Time since last: 1000310200 ns, Reaching safepoint: 209500 ns, At safepoint: 10800 ns, Total: 220300 ns
[2020-09-03T11:18:46.772+0000][23984][safepoint    ] Safepoint "Cleanup", Time since last: 1000447300 ns, Reaching safepoint: 219800 ns, At safepoint: 13300 ns, Total: 233100 ns
[2020-09-03T11:18:47.773+0000][23984][safepoint    ] Safepoint "Cleanup", Time since last: 1000695300 ns, Reaching safepoint: 105800 ns, At safepoint: 8700 ns, Total: 114500 ns
[2020-09-03T11:18:48.774+0000][23984][safepoint    ] Safepoint "Cleanup", Time since last: 1000693000 ns, Reaching safepoint: 110800 ns, At safepoint: 6100 ns, Total: 116900 ns
[2020-09-03T11:18:49.774+0000][23984][safepoint    ] Safepoint "Cleanup", Time since last: 1000403800 ns, Reaching safepoint: 122700 ns, At safepoint: 6000 ns, Total: 128700 ns
[2020-09-03T11:18:51.775+0000][23984][safepoint    ] Safepoint "Cleanup", Time since last: 2000314400 ns, Reaching safepoint: 103100 ns, At safepoint: 8000 ns, Total: 111100 ns
[2020-09-03T11:18:52.775+0000][23984][safepoint    ] Safepoint "Cleanup", Time since last: 1000488600 ns, Reaching safepoint: 239000 ns, At safepoint: 6900 ns, Total: 245900 ns
[2020-09-03T11:18:53.776+0000][23984][safepoint    ] Safepoint "Cleanup", Time since last: 1000172000 ns, Reaching safepoint: 109700 ns, At safepoint: 6500 ns, Total: 116200 ns
[2020-09-03T11:18:54.776+0000][23984][safepoint    ] Safepoint "Cleanup", Time since last: 1000466900 ns, Reaching safepoint: 110100 ns, At safepoint: 6100 ns, Total: 116200 ns
[2020-09-03T11:18:55.777+0000][23984][safepoint    ] Safepoint "Cleanup", Time since last: 1000512000 ns, Reaching safepoint: 166600 ns, At safepoint: 5200 ns, Total: 171800 ns
[2020-09-03T11:18:56.778+0000][23984][safepoint    ] Safepoint "Cleanup", Time since last: 1000670100 ns, Reaching safepoint: 158000 ns, At safepoint: 5400 ns, Total: 163400 ns
[2020-09-03T11:18:57.779+0000][23984][safepoint    ] Safepoint "Cleanup", Time since last: 1001234400 ns, Reaching safepoint: 167900 ns, At safepoint: 9700 ns, Total: 177600 ns
[2020-09-03T11:18:59.780+0000][23984][safepoint    ] Safepoint "Cleanup", Time since last: 2000308900 ns, Reaching safepoint: 166400 ns, At safepoint: 11700 ns, Total: 178100 ns
[2020-09-03T11:19:00.780+0000][23984][safepoint    ] Safepoint "Cleanup", Time since last: 1000206800 ns, Reaching safepoint: 413500 ns, At safepoint: 26900 ns, Total: 440400 ns
[2020-09-03T11:19:02.782+0000][23984][safepoint    ] Safepoint "Cleanup", Time since last: 2001189000 ns, Reaching safepoint: 264700 ns, At safepoint: 17000 ns, Total: 281700 ns
[2020-09-03T11:19:03.782+0000][23984][safepoint    ] Safepoint "Cleanup", Time since last: 1000106700 ns, Reaching safepoint: 489800 ns, At safepoint: 34600 ns, Total: 524400 ns
[2020-09-03T11:19:04.783+0000][23984][safepoint    ] Safepoint "Cleanup", Time since last: 1000184600 ns, Reaching safepoint: 134800 ns, At safepoint: 8800 ns, Total: 143600 ns
[2020-09-03T11:19:05.784+0000][23984][safepoint    ] Safepoint "Cleanup", Time since last: 1000830000 ns, Reaching safepoint: 236800 ns, At safepoint: 11600 ns, Total: 248400 ns
[2020-09-03T11:19:06.784+0000][23984][safepoint    ] Safepoint "Cleanup", Time since last: 1000350200 ns, Reaching safepoint: 103300 ns, At safepoint: 6900 ns, Total: 110200 ns
[2020-09-03T11:19:07.785+0000][23984][safepoint    ] Safepoint "Cleanup", Time since last: 1000782900 ns, Reaching safepoint: 106700 ns, At safepoint: 6000 ns, Total: 112700 ns
[2020-09-03T11:19:09.786+0000][23984][safepoint    ] Safepoint "Cleanup", Time since last: 2000466400 ns, Reaching safepoint: 111800 ns, At safepoint: 6700 ns, Total: 118500 ns
[2020-09-03T11:19:11.786+0000][23984][safepoint    ] Safepoint "Cleanup", Time since last: 2000191400 ns, Reaching safepoint: 113400 ns, At safepoint: 11600 ns, Total: 125000 ns
[2020-09-03T11:19:12.787+0000][23984][safepoint    ] Safepoint "Cleanup", Time since last: 1000423200 ns, Reaching safepoint: 145700 ns, At safepoint: 5200 ns, Total: 150900 ns
[2020-09-03T11:19:13.787+0000][23984][safepoint    ] Safepoint "Cleanup", Time since last: 1000571000 ns, Reaching safepoint: 182500 ns, At safepoint: 7100 ns, Total: 189600 ns
[2020-09-03T11:19:14.788+0000][23984][safepoint    ] Safepoint "Cleanup", Time since last: 1000549000 ns, Reaching safepoint: 102800 ns, At safepoint: 3700 ns, Total: 106500 ns
[2020-09-03T11:19:15.789+0000][23984][safepoint    ] Safepoint "Cleanup", Time since last: 1000177000 ns, Reaching safepoint: 136900 ns, At safepoint: 5900 ns, Total: 142800 ns
[2020-09-03T11:19:16.789+0000][23984][safepoint    ] Safepoint "Cleanup", Time since last: 1000094400 ns, Reaching safepoint: 132200 ns, At safepoint: 5100 ns, Total: 137300 ns
[2020-09-03T11:19:17.789+0000][23984][safepoint    ] Safepoint "Cleanup", Time since last: 1000153200 ns, Reaching safepoint: 116500 ns, At safepoint: 5200 ns, Total: 121700 ns
[2020-09-03T11:19:19.790+0000][23984][safepoint    ] Safepoint "Cleanup", Time since last: 2000380800 ns, Reaching safepoint: 94900 ns, At safepoint: 6900 ns, Total: 101800 ns
[2020-09-03T11:19:20.790+0000][23984][safepoint    ] Safepoint "Cleanup", Time since last: 1000552500 ns, Reaching safepoint: 133400 ns, At safepoint: 6600 ns, Total: 140000 ns
[2020-09-03T11:19:21.791+0000][23984][safepoint    ] Safepoint "Cleanup", Time since last: 1000520400 ns, Reaching safepoint: 102300 ns, At safepoint: 5600 ns, Total: 107900 ns
[2020-09-03T11:19:22.792+0000][23984][safepoint    ] Safepoint "Cleanup", Time since last: 1000650000 ns, Reaching safepoint: 156700 ns, At safepoint: 5700 ns, Total: 162400 ns
[2020-09-03T11:19:23.792+0000][23984][safepoint    ] Safepoint "Cleanup", Time since last: 1000302700 ns, Reaching safepoint: 89500 ns, At safepoint: 2100 ns, Total: 91600 ns
[2020-09-03T11:19:24.793+0000][23984][safepoint    ] Safepoint "Cleanup", Time since last: 1000687300 ns, Reaching safepoint: 148100 ns, At safepoint: 11900 ns, Total: 160000 ns
[2020-09-03T11:19:25.793+0000][23984][safepoint    ] Safepoint "Cleanup", Time since last: 1000433600 ns, Reaching safepoint: 106700 ns, At safepoint: 4400 ns, Total: 111100 ns
[2020-09-03T11:19:26.794+0000][23984][safepoint    ] Safepoint "Cleanup", Time since last: 1000020900 ns, Reaching safepoint: 130700 ns, At safepoint: 6300 ns, Total: 137000 ns
[2020-09-03T11:19:27.794+0000][23984][safepoint    ] Safepoint "Cleanup", Time since last: 1000746400 ns, Reaching safepoint: 112900 ns, At safepoint: 6600 ns, Total: 119500 ns
[2020-09-03T11:19:28.795+0000][23984][safepoint    ] Safepoint "Cleanup", Time since last: 1000361400 ns, Reaching safepoint: 143000 ns, At safepoint: 9700 ns, Total: 152700 ns
[2020-09-03T11:19:29.795+0000][23984][safepoint    ] Safepoint "Cleanup", Time since last: 1000056000 ns, Reaching safepoint: 116400 ns, At safepoint: 5200 ns, Total: 121600 ns
[2020-09-03T11:19:30.796+0000][23984][safepoint    ] Safepoint "Cleanup", Time since last: 1000249500 ns, Reaching safepoint: 130300 ns, At safepoint: 7700 ns, Total: 138000 ns
[2020-09-03T11:19:31.796+0000][23984][safepoint    ] Safepoint "Cleanup", Time since last: 1000423800 ns, Reaching safepoint: 106200 ns, At safepoint: 6300 ns, Total: 112500 ns
[2020-09-03T11:19:32.796+0000][23984][safepoint    ] Safepoint "Cleanup", Time since last: 1000033900 ns, Reaching safepoint: 122200 ns, At safepoint: 23000 ns, Total: 145200 ns
[2020-09-03T11:19:33.797+0000][23984][safepoint    ] Safepoint "Cleanup", Time since last: 1000193500 ns, Reaching safepoint: 150300 ns, At safepoint: 8000 ns, Total: 158300 ns
[2020-09-03T11:19:34.797+0000][23984][safepoint    ] Safepoint "Cleanup", Time since last: 1000555000 ns, Reaching safepoint: 452300 ns, At safepoint: 28300 ns, Total: 480600 ns
[2020-09-03T11:19:35.799+0000][23984][safepoint    ] Safepoint "Cleanup", Time since last: 1000778200 ns, Reaching safepoint: 145200 ns, At safepoint: 20400 ns, Total: 165600 ns
[2020-09-03T11:19:36.799+0000][23984][safepoint    ] Safepoint "Cleanup", Time since last: 1000015800 ns, Reaching safepoint: 133700 ns, At safepoint: 6800 ns, Total: 140500 ns
[2020-09-03T11:19:37.800+0000][23984][safepoint    ] Safepoint "Cleanup", Time since last: 1000630800 ns, Reaching safepoint: 135000 ns, At safepoint: 4600 ns, Total: 139600 ns
[2020-09-03T11:19:39.800+0000][23984][safepoint    ] Safepoint "Cleanup", Time since last: 2000398500 ns, Reaching safepoint: 102600 ns, At safepoint: 7800 ns, Total: 110400 ns
[2020-09-03T11:19:40.801+0000][23984][safepoint    ] Safepoint "Cleanup", Time since last: 1000693100 ns, Reaching safepoint: 100300 ns, At safepoint: 6200 ns, Total: 106500 ns
[2020-09-03T11:19:41.802+0000][23984][safepoint    ] Safepoint "Cleanup", Time since last: 1000709500 ns, Reaching safepoint: 117700 ns, At safepoint: 6100 ns, Total: 123800 ns
[2020-09-03T11:19:42.802+0000][23984][safepoint    ] Safepoint "Cleanup", Time since last: 1000203000 ns, Reaching safepoint: 133800 ns, At safepoint: 5400 ns, Total: 139200 ns
[2020-09-03T11:19:43.803+0000][23984][safepoint    ] Safepoint "Cleanup", Time since last: 1000597100 ns, Reaching safepoint: 352300 ns, At safepoint: 20400 ns, Total: 372700 ns
[2020-09-03T11:19:44.803+0000][23984][safepoint    ] Safepoint "Cleanup", Time since last: 1000240900 ns, Reaching safepoint: 123200 ns, At safepoint: 5100 ns, Total: 128300 ns
[2020-09-03T11:19:45.804+0000][23984][safepoint    ] Safepoint "Cleanup", Time since last: 1000479000 ns, Reaching safepoint: 161800 ns, At safepoint: 13500 ns, Total: 175300 ns
[2020-09-03T11:19:47.804+0000][23984][safepoint    ] Safepoint "Cleanup", Time since last: 2000272700 ns, Reaching safepoint: 108100 ns, At safepoint: 6000 ns, Total: 114100 ns
[2020-09-03T11:19:48.805+0000][23984][safepoint    ] Safepoint "Cleanup", Time since last: 1000175800 ns, Reaching safepoint: 92600 ns, At safepoint: 6900 ns, Total: 99500 ns
[2020-09-03T11:19:49.805+0000][23984][safepoint    ] Safepoint "Cleanup", Time since last: 1000790200 ns, Reaching safepoint: 203000 ns, At safepoint: 4200 ns, Total: 207200 ns
[2020-09-03T11:19:50.806+0000][23984][safepoint    ] Safepoint "Cleanup", Time since last: 1000509500 ns, Reaching safepoint: 140000 ns, At safepoint: 7700 ns, Total: 147700 ns
[2020-09-03T11:19:51.807+0000][23984][safepoint    ] Safepoint "Cleanup", Time since last: 1000602600 ns, Reaching safepoint: 131800 ns, At safepoint: 8600 ns, Total: 140400 ns
[2020-09-03T11:19:52.808+0000][23984][safepoint    ] Safepoint "Cleanup", Time since last: 1000683200 ns, Reaching safepoint: 120000 ns, At safepoint: 9100 ns, Total: 129100 ns
[2020-09-03T11:19:53.809+0000][23984][safepoint    ] Safepoint "Cleanup", Time since last: 1000628200 ns, Reaching safepoint: 119000 ns, At safepoint: 8800 ns, Total: 127800 ns
[2020-09-03T11:19:54.809+0000][23984][safepoint    ] Safepoint "Cleanup", Time since last: 1000375500 ns, Reaching safepoint: 105600 ns, At safepoint: 6000 ns, Total: 111600 ns
[2020-09-03T11:19:55.810+0000][23984][safepoint    ] Safepoint "Cleanup", Time since last: 1000660200 ns, Reaching safepoint: 365000 ns, At safepoint: 19100 ns, Total: 384100 ns
[2020-09-03T11:19:56.811+0000][23984][safepoint    ] Safepoint "Cleanup", Time since last: 1000435200 ns, Reaching safepoint: 121000 ns, At safepoint: 8300 ns, Total: 129300 ns
[2020-09-03T11:19:57.811+0000][23984][safepoint    ] Safepoint "Cleanup", Time since last: 1000423800 ns, Reaching safepoint: 135000 ns, At safepoint: 5800 ns, Total: 140800 ns
[2020-09-03T11:19:58.812+0000][23984][safepoint    ] Safepoint "Cleanup", Time since last: 1000811600 ns, Reaching safepoint: 127000 ns, At safepoint: 9000 ns, Total: 136000 ns
[2020-09-03T11:19:59.812+0000][23984][safepoint    ] Safepoint "Cleanup", Time since last: 1000074900 ns, Reaching safepoint: 121300 ns, At safepoint: 8900 ns, Total: 130200 ns
[2020-09-03T11:20:00.813+0000][23984][safepoint    ] Safepoint "Cleanup", Time since last: 1000223100 ns, Reaching safepoint: 133800 ns, At safepoint: 10900 ns, Total: 144700 ns
[2020-09-03T11:20:02.813+0000][23984][safepoint    ] Safepoint "Cleanup", Time since last: 2000589100 ns, Reaching safepoint: 365300 ns, At safepoint: 49800 ns, Total: 415100 ns
[2020-09-03T11:20:03.814+0000][23984][safepoint    ] Safepoint "Cleanup", Time since last: 1000024600 ns, Reaching safepoint: 133000 ns, At safepoint: 6300 ns, Total: 139300 ns
[2020-09-03T11:20:04.814+0000][23984][safepoint    ] Safepoint "Cleanup", Time since last: 1000181800 ns, Reaching safepoint: 132300 ns, At safepoint: 4600 ns, Total: 136900 ns
[2020-09-03T11:20:05.815+0000][23984][safepoint    ] Safepoint "Cleanup", Time since last: 1000617200 ns, Reaching safepoint: 128900 ns, At safepoint: 7300 ns, Total: 136200 ns
[2020-09-03T11:20:06.815+0000][23984][safepoint    ] Safepoint "Cleanup", Time since last: 1000110600 ns, Reaching safepoint: 132000 ns, At safepoint: 6600 ns, Total: 138600 ns
[2020-09-03T11:20:07.816+0000][23984][safepoint    ] Safepoint "Cleanup", Time since last: 1000565000 ns, Reaching safepoint: 176800 ns, At safepoint: 6300 ns, Total: 183100 ns
[2020-09-03T11:20:08.817+0000][23984][safepoint    ] Safepoint "Cleanup", Time since last: 1000552400 ns, Reaching safepoint: 144800 ns, At safepoint: 6400 ns, Total: 151200 ns
[2020-09-03T11:20:09.817+0000][23984][safepoint    ] Safepoint "Cleanup", Time since last: 1000309400 ns, Reaching safepoint: 116000 ns, At safepoint: 7500 ns, Total: 123500 ns
[2020-09-03T11:20:10.818+0000][23984][safepoint    ] Safepoint "Cleanup", Time since last: 1000285400 ns, Reaching safepoint: 189500 ns, At safepoint: 10000 ns, Total: 199500 ns
[2020-09-03T11:20:10.869+0000][23984][safepoint    ] Safepoint "BulkRevokeBias", Time since last: 50668500 ns, Reaching safepoint: 194100 ns, At safepoint: 1242100 ns, Total: 1436200 ns
[2020-09-03T11:20:11.878+0000][23984][safepoint    ] Safepoint "Cleanup", Time since last: 1007719000 ns, Reaching safepoint: 748900 ns, At safepoint: 76900 ns, Total: 825800 ns
[2020-09-03T11:20:12.034+0000][23984][safepoint    ] Safepoint "BulkRevokeBias", Time since last: 153985000 ns, Reaching safepoint: 175500 ns, At safepoint: 1713800 ns, Total: 1889300 ns
[2020-09-03T11:20:12.408+0000][23984][safepoint    ] Safepoint "BulkRevokeBias", Time since last: 373372500 ns, Reaching safepoint: 165000 ns, At safepoint: 847400 ns, Total: 1012400 ns
[2020-09-03T11:20:12.453+0000][23984][safepoint    ] Safepoint "BulkRevokeBias", Time since last: 43260800 ns, Reaching safepoint: 154300 ns, At safepoint: 1450500 ns, Total: 1604800 ns
[2020-09-03T11:20:12.461+0000][23984][safepoint    ] Safepoint "BulkRevokeBias", Time since last: 7069800 ns, Reaching safepoint: 154800 ns, At safepoint: 1066600 ns, Total: 1221400 ns
[2020-09-03T11:20:12.655+0000][23984][safepoint    ] Safepoint "BulkRevokeBias", Time since last: 192008300 ns, Reaching safepoint: 156700 ns, At safepoint: 1156400 ns, Total: 1313100 ns
[2020-09-03T11:20:12.670+0000][23984][gc,start     ] GC(649) Pause Young (Concurrent Start) (G1 Humongous Allocation)
[2020-09-03T11:20:12.670+0000][23984][gc,task      ] GC(649) Using 8 workers of 8 for evacuation
[2020-09-03T11:20:12.670+0000][23984][gc,age       ] GC(649) Desired survivor size 32505856 bytes, new threshold 15 (max threshold 15)
[2020-09-03T11:20:12.674+0000][23984][gc,age       ] GC(649) Age table with threshold 15 (max threshold 15)
[2020-09-03T11:20:12.675+0000][23984][gc,age       ] GC(649) - age   1:    4502000 bytes,    4502000 total
[2020-09-03T11:20:12.675+0000][23984][gc,age       ] GC(649) - age   2:       2064 bytes,    4504064 total
[2020-09-03T11:20:12.675+0000][23984][gc,age       ] GC(649) - age   3:       6608 bytes,    4510672 total
[2020-09-03T11:20:12.675+0000][23984][gc,age       ] GC(649) - age   4:       1784 bytes,    4512456 total
[2020-09-03T11:20:12.675+0000][23984][gc,age       ] GC(649) - age   5:       1440 bytes,    4513896 total
[2020-09-03T11:20:12.675+0000][23984][gc,age       ] GC(649) - age   6:       1320 bytes,    4515216 total
[2020-09-03T11:20:12.675+0000][23984][gc,age       ] GC(649) - age   7:        616 bytes,    4515832 total
[2020-09-03T11:20:12.675+0000][23984][gc,age       ] GC(649) - age   8:        424 bytes,    4516256 total
[2020-09-03T11:20:12.675+0000][23984][gc,age       ] GC(649) - age   9:       2024 bytes,    4518280 total
[2020-09-03T11:20:12.675+0000][23984][gc,age       ] GC(649) - age  10:       1240 bytes,    4519520 total
[2020-09-03T11:20:12.675+0000][23984][gc,age       ] GC(649) - age  11:       1024 bytes,    4520544 total
[2020-09-03T11:20:12.675+0000][23984][gc,age       ] GC(649) - age  12:        280 bytes,    4520824 total
[2020-09-03T11:20:12.675+0000][23984][gc,age       ] GC(649) - age  13:        160 bytes,    4520984 total
[2020-09-03T11:20:12.675+0000][23984][gc,age       ] GC(649) - age  14:        512 bytes,    4521496 total
[2020-09-03T11:20:12.675+0000][23984][gc,age       ] GC(649) - age  15:        472 bytes,    4521968 total
