[2020-09-24T03:35:27.590+0000][23404][gc,heap] Heap region size: 1M
[2020-09-24T03:35:27.590+0000][23404][gc,heap,coops] Heap address: 0x00000000c0000000, size: 1024 MB, Compressed Oops mode: 32-bit
[2020-09-24T03:35:28.036+0000][23404][gc           ] Using G1
[2020-09-24T03:35:28.059+0000][23404][gc           ] Periodic GC disabled
[2020-09-24T03:35:28.689+0000][23404][safepoint    ] Safepoint "ICBufferFull", Time since last: 642084900 ns, Reaching safepoint: 170100 ns, At safepoint: 57200 ns, Total: 227300 ns
[2020-09-24T03:35:29.441+0000][23404][safepoint    ] Safepoint "ICBufferFull", Time since last: 752145200 ns, Reaching safepoint: 116900 ns, At safepoint: 64600 ns, Total: 181500 ns
[2020-09-24T03:35:29.656+0000][23404][gc,start     ] GC(0) Pause Young (Normal) (G1 Evacuation Pause)
[2020-09-24T03:35:29.657+0000][23404][gc,task      ] GC(0) Using 8 workers of 8 for evacuation
[2020-09-24T03:35:29.657+0000][23404][gc,age       ] GC(0) Desired survivor size 3670016 bytes, new threshold 15 (max threshold 15)
[2020-09-24T03:35:29.662+0000][23404][gc,age       ] GC(0) Age table with threshold 15 (max threshold 15)
[2020-09-24T03:35:29.662+0000][23404][gc,age       ] GC(0) - age   1:    5140472 bytes,    5140472 total
[2020-09-24T03:35:29.662+0000][23404][gc,phases    ] GC(0)   Pre Evacuate Collection Set: 0.1ms
[2020-09-24T03:35:29.662+0000][23404][gc,phases    ] GC(0)   Merge Heap Roots: 0.1ms
[2020-09-24T03:35:29.662+0000][23404][gc,phases    ] GC(0)   Evacuate Collection Set: 3.4ms
[2020-09-24T03:35:29.662+0000][23404][gc,phases    ] GC(0)   Post Evacuate Collection Set: 1.0ms
[2020-09-24T03:35:29.662+0000][23404][gc,phases    ] GC(0)   Other: 0.8ms
[2020-09-24T03:35:29.662+0000][23404][gc,heap      ] GC(0) Eden regions: 51->0(56)
[2020-09-24T03:35:29.662+0000][23404][gc,heap      ] GC(0) Survivor regions: 0->5(7)
[2020-09-24T03:35:29.662+0000][23404][gc,heap      ] GC(0) Old regions: 0->0
[2020-09-24T03:35:29.662+0000][23404][gc,heap      ] GC(0) Archive regions: 0->0
[2020-09-24T03:35:29.662+0000][23404][gc,heap      ] GC(0) Humongous regions: 1->1
[2020-09-24T03:35:29.662+0000][23404][gc,metaspace ] GC(0) Metaspace: 12576K(13312K)->12576K(13312K) NonClass: 11038K(11520K)->11038K(11520K) Class: 1537K(1792K)->1537K(1792K)
[2020-09-24T03:35:29.662+0000][23404][gc           ] GC(0) Pause Young (Normal) (G1 Evacuation Pause) 52M->5M(1024M) 5.599ms
[2020-09-24T03:35:29.662+0000][23404][gc,cpu       ] GC(0) User=0.00s Sys=0.00s Real=0.01s
[2020-09-24T03:35:29.662+0000][23404][safepoint    ] Safepoint "G1CollectForAllocation", Time since last: 214986900 ns, Reaching safepoint: 105700 ns, At safepoint: 5682100 ns, Total: 5787800 ns
[2020-09-24T03:35:29.992+0000][23404][safepoint    ] Safepoint "BulkRevokeBias", Time since last: 329931000 ns, Reaching safepoint: 154200 ns, At safepoint: 89800 ns, Total: 244000 ns
[2020-09-24T03:35:30.190+0000][23404][gc,start     ] GC(1) Pause Young (Normal) (G1 Evacuation Pause)
[2020-09-24T03:35:30.190+0000][23404][gc,task      ] GC(1) Using 8 workers of 8 for evacuation
[2020-09-24T03:35:30.190+0000][23404][gc,age       ] GC(1) Desired survivor size 4194304 bytes, new threshold 1 (max threshold 15)
[2020-09-24T03:35:30.195+0000][23404][gc,age       ] GC(1) Age table with threshold 1 (max threshold 15)
[2020-09-24T03:35:30.195+0000][23404][gc,age       ] GC(1) - age   1:    1252584 bytes,    1252584 total
[2020-09-24T03:35:30.195+0000][23404][gc,phases    ] GC(1)   Pre Evacuate Collection Set: 0.1ms
[2020-09-24T03:35:30.195+0000][23404][gc,phases    ] GC(1)   Merge Heap Roots: 0.0ms
[2020-09-24T03:35:30.195+0000][23404][gc,phases    ] GC(1)   Evacuate Collection Set: 3.9ms
[2020-09-24T03:35:30.195+0000][23404][gc,phases    ] GC(1)   Post Evacuate Collection Set: 0.8ms
[2020-09-24T03:35:30.195+0000][23404][gc,phases    ] GC(1)   Other: 0.3ms
[2020-09-24T03:35:30.195+0000][23404][gc,heap      ] GC(1) Eden regions: 56->0(612)
[2020-09-24T03:35:30.195+0000][23404][gc,heap      ] GC(1) Survivor regions: 5->2(8)
[2020-09-24T03:35:30.195+0000][23404][gc,heap      ] GC(1) Old regions: 0->6
[2020-09-24T03:35:30.195+0000][23404][gc,heap      ] GC(1) Archive regions: 0->0
[2020-09-24T03:35:30.195+0000][23404][gc,heap      ] GC(1) Humongous regions: 1->1
[2020-09-24T03:35:30.195+0000][23404][gc,metaspace ] GC(1) Metaspace: 15114K(15872K)->15114K(15872K) NonClass: 13291K(13824K)->13291K(13824K) Class: 1823K(2048K)->1823K(2048K)
[2020-09-24T03:35:30.195+0000][23404][gc           ] GC(1) Pause Young (Normal) (G1 Evacuation Pause) 61M->7M(1024M) 5.414ms
[2020-09-24T03:35:30.195+0000][23404][gc,cpu       ] GC(1) User=0.00s Sys=0.00s Real=0.00s
[2020-09-24T03:35:30.196+0000][23404][safepoint    ] Safepoint "G1CollectForAllocation", Time since last: 197606900 ns, Reaching safepoint: 81000 ns, At safepoint: 5504400 ns, Total: 5585400 ns
[2020-09-24T03:35:30.196+0000][23404][safepoint    ] Safepoint "BulkRevokeBias", Time since last: 155000 ns, Reaching safepoint: 68100 ns, At safepoint: 133900 ns, Total: 202000 ns
[2020-09-24T03:35:30.197+0000][23404][safepoint    ] Safepoint "BulkRevokeBias", Time since last: 718100 ns, Reaching safepoint: 52400 ns, At safepoint: 97800 ns, Total: 150200 ns
[2020-09-24T03:35:30.197+0000][23404][safepoint    ] Safepoint "BulkRevokeBias", Time since last: 124500 ns, Reaching safepoint: 58200 ns, At safepoint: 59600 ns, Total: 117800 ns
[2020-09-24T03:35:30.701+0000][23404][safepoint    ] Safepoint "ICBufferFull", Time since last: 503869300 ns, Reaching safepoint: 127700 ns, At safepoint: 13500 ns, Total: 141200 ns
[2020-09-24T03:35:31.213+0000][23404][gc,start     ] GC(2) Pause Young (Concurrent Start) (Metadata GC Threshold)
[2020-09-24T03:35:31.213+0000][23404][gc,task      ] GC(2) Using 8 workers of 8 for evacuation
[2020-09-24T03:35:31.213+0000][23404][gc,age       ] GC(2) Desired survivor size 40370176 bytes, new threshold 15 (max threshold 15)
[2020-09-24T03:35:31.218+0000][23404][gc,age       ] GC(2) Age table with threshold 15 (max threshold 15)
[2020-09-24T03:35:31.218+0000][23404][gc,age       ] GC(2) - age   1:    6371928 bytes,    6371928 total
[2020-09-24T03:35:31.218+0000][23404][gc,age       ] GC(2) - age   2:    1220488 bytes,    7592416 total
[2020-09-24T03:35:31.218+0000][23404][gc,phases    ] GC(2)   Pre Evacuate Collection Set: 0.2ms
[2020-09-24T03:35:31.218+0000][23404][gc,phases    ] GC(2)   Merge Heap Roots: 0.1ms
[2020-09-24T03:35:31.218+0000][23404][gc,phases    ] GC(2)   Evacuate Collection Set: 3.6ms
[2020-09-24T03:35:31.218+0000][23404][gc,phases    ] GC(2)   Post Evacuate Collection Set: 0.8ms
[2020-09-24T03:35:31.218+0000][23404][gc,phases    ] GC(2)   Other: 0.5ms
[2020-09-24T03:35:31.218+0000][23404][gc,heap      ] GC(2) Eden regions: 347->0(446)
[2020-09-24T03:35:31.218+0000][23404][gc,heap      ] GC(2) Survivor regions: 2->8(77)
[2020-09-24T03:35:31.218+0000][23404][gc,heap      ] GC(2) Old regions: 6->6
[2020-09-24T03:35:31.218+0000][23404][gc,heap      ] GC(2) Archive regions: 0->0
[2020-09-24T03:35:31.218+0000][23404][gc,heap      ] GC(2) Humongous regions: 1->1
[2020-09-24T03:35:31.218+0000][23404][gc,metaspace ] GC(2) Metaspace: 20221K(21248K)->20221K(21248K) NonClass: 17821K(18432K)->17821K(18432K) Class: 2400K(2816K)->2400K(2816K)
[2020-09-24T03:35:31.218+0000][23404][gc           ] GC(2) Pause Young (Concurrent Start) (Metadata GC Threshold) 354M->13M(1024M) 5.253ms
[2020-09-24T03:35:31.218+0000][23404][gc,cpu       ] GC(2) User=0.02s Sys=0.02s Real=0.00s
[2020-09-24T03:35:31.218+0000][23404][gc           ] GC(3) Concurrent Cycle
[2020-09-24T03:35:31.218+0000][23404][gc,marking   ] GC(3) Concurrent Clear Claimed Marks
[2020-09-24T03:35:31.218+0000][23404][gc,marking   ] GC(3) Concurrent Clear Claimed Marks 0.061ms
[2020-09-24T03:35:31.219+0000][23404][gc,marking   ] GC(3) Concurrent Scan Root Regions
[2020-09-24T03:35:31.219+0000][23404][safepoint    ] Safepoint "CollectForMetadataAllocation", Time since last: 511929100 ns, Reaching safepoint: 121300 ns, At safepoint: 5494500 ns, Total: 5615800 ns
[2020-09-24T03:35:31.220+0000][23404][safepoint    ] Safepoint "BulkRevokeBias", Time since last: 1312700 ns, Reaching safepoint: 238400 ns, At safepoint: 252500 ns, Total: 490900 ns
[2020-09-24T03:35:31.222+0000][23404][gc,marking   ] GC(3) Concurrent Scan Root Regions 3.595ms
[2020-09-24T03:35:31.222+0000][23404][gc,marking   ] GC(3) Concurrent Mark (3.654s)
[2020-09-24T03:35:31.222+0000][23404][gc,marking   ] GC(3) Concurrent Mark From Roots
[2020-09-24T03:35:31.222+0000][23404][gc,task      ] GC(3) Using 2 workers of 2 for marking
[2020-09-24T03:35:31.225+0000][23404][safepoint    ] Safepoint "BulkRevokeBias", Time since last: 4891100 ns, Reaching safepoint: 118800 ns, At safepoint: 145600 ns, Total: 264400 ns
[2020-09-24T03:35:31.226+0000][23404][safepoint    ] Safepoint "BulkRevokeBias", Time since last: 188400 ns, Reaching safepoint: 253000 ns, At safepoint: 129200 ns, Total: 382200 ns
[2020-09-24T03:35:31.227+0000][23404][safepoint    ] Safepoint "BulkRevokeBias", Time since last: 589300 ns, Reaching safepoint: 137500 ns, At safepoint: 101100 ns, Total: 238600 ns
[2020-09-24T03:35:31.230+0000][23404][gc,marking   ] GC(3) Concurrent Mark From Roots 7.999ms
[2020-09-24T03:35:31.230+0000][23404][gc,marking   ] GC(3) Concurrent Preclean
[2020-09-24T03:35:31.231+0000][23404][gc,marking   ] GC(3) Concurrent Preclean 0.244ms
[2020-09-24T03:35:31.231+0000][23404][gc,marking   ] GC(3) Concurrent Mark (3.654s, 3.662s) 8.390ms
[2020-09-24T03:35:31.231+0000][23404][gc,start     ] GC(3) Pause Remark
[2020-09-24T03:35:31.232+0000][23404][gc           ] GC(3) Pause Remark 14M->14M(1024M) 1.370ms
[2020-09-24T03:35:31.232+0000][23404][gc,cpu       ] GC(3) User=0.00s Sys=0.00s Real=0.00s
[2020-09-24T03:35:31.232+0000][23404][safepoint    ] Safepoint "G1Concurrent", Time since last: 3747500 ns, Reaching safepoint: 51000 ns, At safepoint: 1486000 ns, Total: 1537000 ns
[2020-09-24T03:35:31.232+0000][23404][gc,marking   ] GC(3) Concurrent Rebuild Remembered Sets
[2020-09-24T03:35:31.235+0000][23404][gc,marking   ] GC(3) Concurrent Rebuild Remembered Sets 3.051ms
[2020-09-24T03:35:31.236+0000][23404][gc,start     ] GC(3) Pause Cleanup
[2020-09-24T03:35:31.236+0000][23404][gc           ] GC(3) Pause Cleanup 15M->15M(1024M) 0.203ms
[2020-09-24T03:35:31.236+0000][23404][gc,cpu       ] GC(3) User=0.00s Sys=0.00s Real=0.00s
[2020-09-24T03:35:31.236+0000][23404][safepoint    ] Safepoint "G1Concurrent", Time since last: 3188100 ns, Reaching safepoint: 406000 ns, At safepoint: 313900 ns, Total: 719900 ns
[2020-09-24T03:35:31.236+0000][23404][gc,marking   ] GC(3) Concurrent Cleanup for Next Mark
[2020-09-24T03:35:31.238+0000][23404][gc,marking   ] GC(3) Concurrent Cleanup for Next Mark 1.601ms
[2020-09-24T03:35:31.238+0000][23404][gc           ] GC(3) Concurrent Cycle 19.500ms
[2020-09-24T03:35:32.019+0000][23404][gc,start     ] GC(4) Pause Young (Normal) (G1 Evacuation Pause)
[2020-09-24T03:35:32.019+0000][23404][gc,task      ] GC(4) Using 8 workers of 8 for evacuation
[2020-09-24T03:35:32.019+0000][23404][gc,age       ] GC(4) Desired survivor size 31457280 bytes, new threshold 15 (max threshold 15)
[2020-09-24T03:35:32.026+0000][23404][gc,age       ] GC(4) Age table with threshold 15 (max threshold 15)
[2020-09-24T03:35:32.026+0000][23404][gc,age       ] GC(4) - age   1:    4323872 bytes,    4323872 total
[2020-09-24T03:35:32.026+0000][23404][gc,age       ] GC(4) - age   2:    6203208 bytes,   10527080 total
[2020-09-24T03:35:32.026+0000][23404][gc,age       ] GC(4) - age   3:    1217088 bytes,   11744168 total
[2020-09-24T03:35:32.026+0000][23404][gc,phases    ] GC(4)   Pre Evacuate Collection Set: 0.1ms
[2020-09-24T03:35:32.026+0000][23404][gc,phases    ] GC(4)   Merge Heap Roots: 0.1ms
[2020-09-24T03:35:32.026+0000][23404][gc,phases    ] GC(4)   Evacuate Collection Set: 5.6ms
[2020-09-24T03:35:32.026+0000][23404][gc,phases    ] GC(4)   Post Evacuate Collection Set: 1.0ms
[2020-09-24T03:35:32.026+0000][23404][gc,phases    ] GC(4)   Other: 0.4ms
[2020-09-24T03:35:32.026+0000][23404][gc,heap      ] GC(4) Eden regions: 469->0(602)
[2020-09-24T03:35:32.026+0000][23404][gc,heap      ] GC(4) Survivor regions: 8->12(60)
[2020-09-24T03:35:32.026+0000][23404][gc,heap      ] GC(4) Old regions: 6->6
[2020-09-24T03:35:32.026+0000][23404][gc,heap      ] GC(4) Archive regions: 0->0
[2020-09-24T03:35:32.026+0000][23404][gc,heap      ] GC(4) Humongous regions: 2->1
[2020-09-24T03:35:32.026+0000][23404][gc,metaspace ] GC(4) Metaspace: 22082K(23552K)->22082K(23552K) NonClass: 19463K(20480K)->19463K(20480K) Class: 2619K(3072K)->2619K(3072K)
[2020-09-24T03:35:32.026+0000][23404][gc           ] GC(4) Pause Young (Normal) (G1 Evacuation Pause) 483M->17M(1024M) 7.495ms
[2020-09-24T03:35:32.026+0000][23404][gc,cpu       ] GC(4) User=0.00s Sys=0.00s Real=0.01s
[2020-09-24T03:35:32.026+0000][23404][safepoint    ] Safepoint "G1CollectForAllocation", Time since last: 782282100 ns, Reaching safepoint: 109400 ns, At safepoint: 7595500 ns, Total: 7704900 ns
[2020-09-24T03:35:33.033+0000][23404][safepoint    ] Safepoint "Cleanup", Time since last: 1006969600 ns, Reaching safepoint: 192800 ns, At safepoint: 70200 ns, Total: 263000 ns
[2020-09-24T03:35:34.435+0000][23404][safepoint    ] Safepoint "ICBufferFull", Time since last: 1402086600 ns, Reaching safepoint: 178300 ns, At safepoint: 21800 ns, Total: 200100 ns
[2020-09-24T03:35:34.739+0000][23404][gc,start     ] GC(5) Pause Young (Concurrent Start) (Metadata GC Threshold)
[2020-09-24T03:35:34.739+0000][23404][gc,task      ] GC(5) Using 8 workers of 8 for evacuation
[2020-09-24T03:35:34.739+0000][23404][gc,age       ] GC(5) Desired survivor size 40370176 bytes, new threshold 15 (max threshold 15)
[2020-09-24T03:35:34.768+0000][23404][gc,age       ] GC(5) Age table with threshold 15 (max threshold 15)
[2020-09-24T03:35:34.768+0000][23404][gc,age       ] GC(5) - age   1:   36423696 bytes,   36423696 total
[2020-09-24T03:35:34.769+0000][23404][gc,age       ] GC(5) - age   2:    2750768 bytes,   39174464 total
[2020-09-24T03:35:34.769+0000][23404][gc,age       ] GC(5) - age   3:    6128808 bytes,   45303272 total
[2020-09-24T03:35:34.769+0000][23404][gc,age       ] GC(5) - age   4:    1155544 bytes,   46458816 total
[2020-09-24T03:35:34.769+0000][23404][gc,phases    ] GC(5)   Pre Evacuate Collection Set: 0.2ms
[2020-09-24T03:35:34.769+0000][23404][gc,phases    ] GC(5)   Merge Heap Roots: 0.1ms
[2020-09-24T03:35:34.769+0000][23404][gc,phases    ] GC(5)   Evacuate Collection Set: 27.1ms
[2020-09-24T03:35:34.769+0000][23404][gc,phases    ] GC(5)   Post Evacuate Collection Set: 1.6ms
[2020-09-24T03:35:34.769+0000][23404][gc,phases    ] GC(5)   Other: 0.7ms
[2020-09-24T03:35:34.769+0000][23404][gc,heap      ] GC(5) Eden regions: 244->0(569)
[2020-09-24T03:35:34.769+0000][23404][gc,heap      ] GC(5) Survivor regions: 12->45(77)
[2020-09-24T03:35:34.769+0000][23404][gc,heap      ] GC(5) Old regions: 6->6
[2020-09-24T03:35:34.769+0000][23404][gc,heap      ] GC(5) Archive regions: 0->0
[2020-09-24T03:35:34.769+0000][23404][gc,heap      ] GC(5) Humongous regions: 1->1
[2020-09-24T03:35:34.769+0000][23404][gc,metaspace ] GC(5) Metaspace: 33548K(35840K)->33548K(35840K) NonClass: 29276K(30720K)->29276K(30720K) Class: 4271K(5120K)->4271K(5120K)
[2020-09-24T03:35:34.769+0000][23404][gc           ] GC(5) Pause Young (Concurrent Start) (Metadata GC Threshold) 261M->51M(1024M) 29.823ms
[2020-09-24T03:35:34.769+0000][23404][gc,cpu       ] GC(5) User=0.25s Sys=0.00s Real=0.03s
[2020-09-24T03:35:34.769+0000][23404][gc           ] GC(6) Concurrent Cycle
[2020-09-24T03:35:34.769+0000][23404][gc,marking   ] GC(6) Concurrent Clear Claimed Marks
[2020-09-24T03:35:34.769+0000][23404][safepoint    ] Safepoint "CollectForMetadataAllocation", Time since last: 303928500 ns, Reaching safepoint: 80900 ns, At safepoint: 30076900 ns, Total: 30157800 ns
[2020-09-24T03:35:34.769+0000][23404][gc,marking   ] GC(6) Concurrent Clear Claimed Marks 0.138ms
[2020-09-24T03:35:34.769+0000][23404][gc,marking   ] GC(6) Concurrent Scan Root Regions
[2020-09-24T03:35:34.790+0000][23404][gc,marking   ] GC(6) Concurrent Scan Root Regions 21.022ms
[2020-09-24T03:35:34.790+0000][23404][gc,marking   ] GC(6) Concurrent Mark (7.223s)
[2020-09-24T03:35:34.791+0000][23404][gc,marking   ] GC(6) Concurrent Mark From Roots
[2020-09-24T03:35:34.791+0000][23404][gc,task      ] GC(6) Using 2 workers of 2 for marking
[2020-09-24T03:35:34.798+0000][23404][gc,marking   ] GC(6) Concurrent Mark From Roots 7.400ms
[2020-09-24T03:35:34.798+0000][23404][gc,marking   ] GC(6) Concurrent Preclean
[2020-09-24T03:35:34.798+0000][23404][gc,marking   ] GC(6) Concurrent Preclean 0.212ms
[2020-09-24T03:35:34.798+0000][23404][gc,marking   ] GC(6) Concurrent Mark (7.223s, 7.231s) 7.838ms
[2020-09-24T03:35:34.798+0000][23404][gc,start     ] GC(6) Pause Remark
[2020-09-24T03:35:34.800+0000][23404][gc           ] GC(6) Pause Remark 55M->55M(1024M) 1.889ms
[2020-09-24T03:35:34.800+0000][23404][gc,cpu       ] GC(6) User=0.00s Sys=0.00s Real=0.00s
[2020-09-24T03:35:34.801+0000][23404][safepoint    ] Safepoint "G1Concurrent", Time since last: 29086600 ns, Reaching safepoint: 102300 ns, At safepoint: 2154800 ns, Total: 2257100 ns
[2020-09-24T03:35:34.801+0000][23404][gc,marking   ] GC(6) Concurrent Rebuild Remembered Sets
[2020-09-24T03:35:34.804+0000][23404][gc,marking   ] GC(6) Concurrent Rebuild Remembered Sets 3.434ms
[2020-09-24T03:35:34.805+0000][23404][gc,start     ] GC(6) Pause Cleanup
[2020-09-24T03:35:34.805+0000][23404][gc           ] GC(6) Pause Cleanup 57M->57M(1024M) 0.186ms
[2020-09-24T03:35:34.805+0000][23404][gc,cpu       ] GC(6) User=0.00s Sys=0.00s Real=0.00s
[2020-09-24T03:35:34.805+0000][23404][safepoint    ] Safepoint "G1Concurrent", Time since last: 3603400 ns, Reaching safepoint: 255700 ns, At safepoint: 298600 ns, Total: 554300 ns
[2020-09-24T03:35:34.805+0000][23404][gc,marking   ] GC(6) Concurrent Cleanup for Next Mark
[2020-09-24T03:35:34.807+0000][23404][gc,marking   ] GC(6) Concurrent Cleanup for Next Mark 1.659ms
[2020-09-24T03:35:34.807+0000][23404][gc           ] GC(6) Concurrent Cycle 37.497ms
[2020-09-24T03:35:36.022+0000][23404][safepoint    ] Safepoint "ICBufferFull", Time since last: 1217154000 ns, Reaching safepoint: 197900 ns, At safepoint: 59600 ns, Total: 257500 ns
[2020-09-24T03:35:36.275+0000][23404][safepoint    ] Safepoint "ICBufferFull", Time since last: 252559700 ns, Reaching safepoint: 131100 ns, At safepoint: 2900 ns, Total: 134000 ns
[2020-09-24T03:35:36.706+0000][23404][safepoint    ] Safepoint "BulkRevokeBias", Time since last: 430143700 ns, Reaching safepoint: 463200 ns, At safepoint: 103300 ns, Total: 566500 ns
[2020-09-24T03:35:36.709+0000][23404][safepoint    ] Safepoint "BulkRevokeBias", Time since last: 2227100 ns, Reaching safepoint: 147700 ns, At safepoint: 91800 ns, Total: 239500 ns
[2020-09-24T03:35:36.712+0000][23404][safepoint    ] Safepoint "BulkRevokeBias", Time since last: 2809200 ns, Reaching safepoint: 78100 ns, At safepoint: 133400 ns, Total: 211500 ns
[2020-09-24T03:35:37.456+0000][23404][gc,start     ] GC(7) Pause Young (Concurrent Start) (Metadata GC Threshold)
[2020-09-24T03:35:37.456+0000][23404][gc,task      ] GC(7) Using 8 workers of 8 for evacuation
[2020-09-24T03:35:37.456+0000][23404][gc,age       ] GC(7) Desired survivor size 40370176 bytes, new threshold 3 (max threshold 15)
[2020-09-24T03:35:37.490+0000][23404][gc,age       ] GC(7) Age table with threshold 3 (max threshold 15)
[2020-09-24T03:35:37.490+0000][23404][gc,age       ] GC(7) - age   1:    8771120 bytes,    8771120 total
[2020-09-24T03:35:37.490+0000][23404][gc,age       ] GC(7) - age   2:   36064520 bytes,   44835640 total
[2020-09-24T03:35:37.490+0000][23404][gc,age       ] GC(7) - age   3:    2700432 bytes,   47536072 total
[2020-09-24T03:35:37.490+0000][23404][gc,phases    ] GC(7)   Pre Evacuate Collection Set: 0.4ms
[2020-09-24T03:35:37.490+0000][23404][gc,phases    ] GC(7)   Merge Heap Roots: 0.1ms
[2020-09-24T03:35:37.490+0000][23404][gc,phases    ] GC(7)   Evacuate Collection Set: 31.1ms
[2020-09-24T03:35:37.490+0000][23404][gc,phases    ] GC(7)   Post Evacuate Collection Set: 1.9ms
[2020-09-24T03:35:37.490+0000][23404][gc,phases    ] GC(7)   Other: 0.5ms
[2020-09-24T03:35:37.490+0000][23404][gc,heap      ] GC(7) Eden regions: 244->0(227)
[2020-09-24T03:35:37.490+0000][23404][gc,heap      ] GC(7) Survivor regions: 45->47(77)
[2020-09-24T03:35:37.490+0000][23404][gc,heap      ] GC(7) Old regions: 6->13
[2020-09-24T03:35:37.490+0000][23404][gc,heap      ] GC(7) Archive regions: 0->0
[2020-09-24T03:35:37.490+0000][23404][gc,heap      ] GC(7) Humongous regions: 1->1
[2020-09-24T03:35:37.490+0000][23404][gc,metaspace ] GC(7) Metaspace: 55977K(60160K)->55977K(60160K) NonClass: 48320K(50816K)->48320K(50816K) Class: 7657K(9344K)->7657K(9344K)
[2020-09-24T03:35:37.490+0000][23404][gc           ] GC(7) Pause Young (Concurrent Start) (Metadata GC Threshold) 294M->60M(1024M) 34.041ms
[2020-09-24T03:35:37.490+0000][23404][gc,cpu       ] GC(7) User=0.25s Sys=0.00s Real=0.03s
[2020-09-24T03:35:37.490+0000][23404][gc           ] GC(8) Concurrent Cycle
[2020-09-24T03:35:37.490+0000][23404][gc,marking   ] GC(8) Concurrent Clear Claimed Marks
[2020-09-24T03:35:37.490+0000][23404][safepoint    ] Safepoint "CollectForMetadataAllocation", Time since last: 743697700 ns, Reaching safepoint: 561700 ns, At safepoint: 34263900 ns, Total: 34825600 ns
[2020-09-24T03:35:37.490+0000][23404][gc,marking   ] GC(8) Concurrent Clear Claimed Marks 0.264ms
[2020-09-24T03:35:37.490+0000][23404][gc,marking   ] GC(8) Concurrent Scan Root Regions
[2020-09-24T03:35:37.514+0000][23404][gc,marking   ] GC(8) Concurrent Scan Root Regions 23.460ms
[2020-09-24T03:35:37.514+0000][23404][gc,marking   ] GC(8) Concurrent Mark (9.946s)
[2020-09-24T03:35:37.514+0000][23404][gc,marking   ] GC(8) Concurrent Mark From Roots
[2020-09-24T03:35:37.514+0000][23404][gc,task      ] GC(8) Using 2 workers of 2 for marking
[2020-09-24T03:35:37.521+0000][23404][gc,marking   ] GC(8) Concurrent Mark From Roots 6.644ms
[2020-09-24T03:35:37.521+0000][23404][gc,marking   ] GC(8) Concurrent Preclean
[2020-09-24T03:35:37.521+0000][23404][gc,marking   ] GC(8) Concurrent Preclean 0.188ms
[2020-09-24T03:35:37.521+0000][23404][gc,marking   ] GC(8) Concurrent Mark (9.946s, 9.953s) 6.973ms
[2020-09-24T03:35:37.521+0000][23404][gc,start     ] GC(8) Pause Remark
[2020-09-24T03:35:37.523+0000][23404][gc           ] GC(8) Pause Remark 63M->63M(1024M) 1.853ms
[2020-09-24T03:35:37.523+0000][23404][gc,cpu       ] GC(8) User=0.00s Sys=0.00s Real=0.00s
[2020-09-24T03:35:37.523+0000][23404][safepoint    ] Safepoint "G1Concurrent", Time since last: 30863800 ns, Reaching safepoint: 53200 ns, At safepoint: 2020400 ns, Total: 2073600 ns
[2020-09-24T03:35:37.523+0000][23404][gc,marking   ] GC(8) Concurrent Rebuild Remembered Sets
[2020-09-24T03:35:37.529+0000][23404][gc,marking   ] GC(8) Concurrent Rebuild Remembered Sets 6.121ms
[2020-09-24T03:35:37.530+0000][23404][gc,start     ] GC(8) Pause Cleanup
[2020-09-24T03:35:37.530+0000][23404][gc           ] GC(8) Pause Cleanup 63M->63M(1024M) 0.189ms
[2020-09-24T03:35:37.530+0000][23404][gc,cpu       ] GC(8) User=0.00s Sys=0.00s Real=0.00s
[2020-09-24T03:35:37.530+0000][23404][safepoint    ] Safepoint "G1Concurrent", Time since last: 6294500 ns, Reaching safepoint: 646100 ns, At safepoint: 308600 ns, Total: 954700 ns
[2020-09-24T03:35:37.530+0000][23404][gc,marking   ] GC(8) Concurrent Cleanup for Next Mark
[2020-09-24T03:35:37.532+0000][23404][gc,marking   ] GC(8) Concurrent Cleanup for Next Mark 1.634ms
[2020-09-24T03:35:37.532+0000][23404][gc           ] GC(8) Concurrent Cycle 42.118ms
[2020-09-24T03:35:38.162+0000][23404][safepoint    ] Safepoint "ICBufferFull", Time since last: 631323100 ns, Reaching safepoint: 527300 ns, At safepoint: 9500 ns, Total: 536800 ns
[2020-09-24T03:35:38.659+0000][23404][safepoint    ] Safepoint "BulkRevokeBias", Time since last: 496079800 ns, Reaching safepoint: 207000 ns, At safepoint: 476700 ns, Total: 683700 ns
[2020-09-24T03:35:39.693+0000][23404][safepoint    ] Safepoint "Cleanup", Time since last: 1035019400 ns, Reaching safepoint: 253500 ns, At safepoint: 74000 ns, Total: 327500 ns
[2020-09-24T03:35:40.700+0000][23404][safepoint    ] Safepoint "Cleanup", Time since last: 1005824300 ns, Reaching safepoint: 206300 ns, At safepoint: 8400 ns, Total: 214700 ns
[2020-09-24T03:35:40.702+0000][23404][safepoint    ] Safepoint "BulkRevokeBias", Time since last: 1715400 ns, Reaching safepoint: 178000 ns, At safepoint: 534400 ns, Total: 712400 ns
[2020-09-24T03:35:40.703+0000][23404][safepoint    ] Safepoint "BulkRevokeBias", Time since last: 443700 ns, Reaching safepoint: 97900 ns, At safepoint: 512600 ns, Total: 610500 ns
[2020-09-24T03:35:40.704+0000][23404][safepoint    ] Safepoint "BulkRevokeBias", Time since last: 682900 ns, Reaching safepoint: 89200 ns, At safepoint: 496600 ns, Total: 585800 ns
[2020-09-24T03:35:41.705+0000][23404][safepoint    ] Safepoint "Cleanup", Time since last: 1000221200 ns, Reaching safepoint: 168700 ns, At safepoint: 64300 ns, Total: 233000 ns
[2020-09-24T03:35:41.707+0000][23404][safepoint    ] Safepoint "BulkRevokeBias", Time since last: 1280800 ns, Reaching safepoint: 160300 ns, At safepoint: 523800 ns, Total: 684100 ns
[2020-09-24T03:35:41.708+0000][23404][safepoint    ] Safepoint "BulkRevokeBias", Time since last: 252900 ns, Reaching safepoint: 131600 ns, At safepoint: 501900 ns, Total: 633500 ns
[2020-09-24T03:35:41.709+0000][23404][safepoint    ] Safepoint "BulkRevokeBias", Time since last: 114600 ns, Reaching safepoint: 246100 ns, At safepoint: 442200 ns, Total: 688300 ns
[2020-09-24T03:35:41.709+0000][23404][safepoint    ] Safepoint "BulkRevokeBias", Time since last: 77000 ns, Reaching safepoint: 133000 ns, At safepoint: 429700 ns, Total: 562700 ns
[2020-09-24T03:35:41.717+0000][23404][safepoint    ] Safepoint "BulkRevokeBias", Time since last: 6527300 ns, Reaching safepoint: 262600 ns, At safepoint: 463000 ns, Total: 725600 ns
[2020-09-24T03:35:41.810+0000][23404][safepoint    ] Safepoint "BulkRevokeBias", Time since last: 92768700 ns, Reaching safepoint: 100900 ns, At safepoint: 364200 ns, Total: 465100 ns
[2020-09-24T03:35:41.915+0000][23404][safepoint    ] Safepoint "BulkRevokeBias", Time since last: 104643000 ns, Reaching safepoint: 177800 ns, At safepoint: 482500 ns, Total: 660300 ns
[2020-09-24T03:35:43.001+0000][23404][safepoint    ] Safepoint "Cleanup", Time since last: 1085467000 ns, Reaching safepoint: 516700 ns, At safepoint: 20000 ns, Total: 536700 ns
[2020-09-24T03:35:44.002+0000][23404][safepoint    ] Safepoint "Cleanup", Time since last: 1000359500 ns, Reaching safepoint: 399300 ns, At safepoint: 16600 ns, Total: 415900 ns
[2020-09-24T03:35:45.003+0000][23404][safepoint    ] Safepoint "Cleanup", Time since last: 1000963300 ns, Reaching safepoint: 205100 ns, At safepoint: 14400 ns, Total: 219500 ns
[2020-09-24T03:35:46.004+0000][23404][safepoint    ] Safepoint "Cleanup", Time since last: 1000028400 ns, Reaching safepoint: 133000 ns, At safepoint: 7100 ns, Total: 140100 ns
[2020-09-24T03:35:47.004+0000][23404][safepoint    ] Safepoint "Cleanup", Time since last: 1000696600 ns, Reaching safepoint: 231400 ns, At safepoint: 9600 ns, Total: 241000 ns
[2020-09-24T03:35:48.005+0000][23404][safepoint    ] Safepoint "Cleanup", Time since last: 1000235400 ns, Reaching safepoint: 173400 ns, At safepoint: 4500 ns, Total: 177900 ns
[2020-09-24T03:35:49.006+0000][23404][safepoint    ] Safepoint "Cleanup", Time since last: 1000630800 ns, Reaching safepoint: 268100 ns, At safepoint: 15000 ns, Total: 283100 ns
[2020-09-24T03:35:51.006+0000][23404][safepoint    ] Safepoint "Cleanup", Time since last: 1999848600 ns, Reaching safepoint: 154500 ns, At safepoint: 15500 ns, Total: 170000 ns
[2020-09-24T03:35:52.006+0000][23404][safepoint    ] Safepoint "Cleanup", Time since last: 1000415600 ns, Reaching safepoint: 174200 ns, At safepoint: 4000 ns, Total: 178200 ns
[2020-09-24T03:35:53.007+0000][23404][safepoint    ] Safepoint "Cleanup", Time since last: 1000675200 ns, Reaching safepoint: 162900 ns, At safepoint: 6400 ns, Total: 169300 ns
[2020-09-24T03:35:54.008+0000][23404][safepoint    ] Safepoint "Cleanup", Time since last: 1000564800 ns, Reaching safepoint: 136900 ns, At safepoint: 6800 ns, Total: 143700 ns
[2020-09-24T03:35:55.008+0000][23404][safepoint    ] Safepoint "Cleanup", Time since last: 1000208600 ns, Reaching safepoint: 176600 ns, At safepoint: 5200 ns, Total: 181800 ns
[2020-09-24T03:35:56.009+0000][23404][safepoint    ] Safepoint "Cleanup", Time since last: 1000477500 ns, Reaching safepoint: 390400 ns, At safepoint: 16600 ns, Total: 407000 ns
[2020-09-24T03:35:57.009+0000][23404][safepoint    ] Safepoint "Cleanup", Time since last: 1000240200 ns, Reaching safepoint: 182200 ns, At safepoint: 3400 ns, Total: 185600 ns
[2020-09-24T03:35:58.010+0000][23404][safepoint    ] Safepoint "Cleanup", Time since last: 1000490200 ns, Reaching safepoint: 119700 ns, At safepoint: 2500 ns, Total: 122200 ns
[2020-09-24T03:36:00.011+0000][23404][safepoint    ] Safepoint "Cleanup", Time since last: 2000303000 ns, Reaching safepoint: 107800 ns, At safepoint: 4300 ns, Total: 112100 ns
[2020-09-24T03:36:01.011+0000][23404][safepoint    ] Safepoint "Cleanup", Time since last: 1000393600 ns, Reaching safepoint: 74200 ns, At safepoint: 4200 ns, Total: 78400 ns
[2020-09-24T03:36:02.012+0000][23404][safepoint    ] Safepoint "Cleanup", Time since last: 1000464100 ns, Reaching safepoint: 61600 ns, At safepoint: 2700 ns, Total: 64300 ns
[2020-09-24T03:36:03.012+0000][23404][safepoint    ] Safepoint "Cleanup", Time since last: 1000188600 ns, Reaching safepoint: 302600 ns, At safepoint: 18300 ns, Total: 320900 ns
[2020-09-24T03:36:04.012+0000][23404][safepoint    ] Safepoint "Cleanup", Time since last: 1000440600 ns, Reaching safepoint: 101800 ns, At safepoint: 3900 ns, Total: 105700 ns
[2020-09-24T03:36:05.013+0000][23404][safepoint    ] Safepoint "Cleanup", Time since last: 1000499700 ns, Reaching safepoint: 158800 ns, At safepoint: 16000 ns, Total: 174800 ns
[2020-09-24T03:36:06.013+0000][23404][safepoint    ] Safepoint "Cleanup", Time since last: 1000166800 ns, Reaching safepoint: 263300 ns, At safepoint: 14300 ns, Total: 277600 ns
[2020-09-24T03:36:07.014+0000][23404][safepoint    ] Safepoint "Cleanup", Time since last: 1000734500 ns, Reaching safepoint: 247500 ns, At safepoint: 8900 ns, Total: 256400 ns
[2020-09-24T03:36:09.015+0000][23404][safepoint    ] Safepoint "Cleanup", Time since last: 2000575900 ns, Reaching safepoint: 321400 ns, At safepoint: 26100 ns, Total: 347500 ns
[2020-09-24T03:36:10.017+0000][23404][safepoint    ] Safepoint "Cleanup", Time since last: 1001128600 ns, Reaching safepoint: 311700 ns, At safepoint: 20400 ns, Total: 332100 ns
[2020-09-24T03:36:12.017+0000][23404][safepoint    ] Safepoint "Cleanup", Time since last: 2000229700 ns, Reaching safepoint: 374100 ns, At safepoint: 15100 ns, Total: 389200 ns
[2020-09-24T03:36:13.018+0000][23404][safepoint    ] Safepoint "Cleanup", Time since last: 1000538100 ns, Reaching safepoint: 195800 ns, At safepoint: 19800 ns, Total: 215600 ns
[2020-09-24T03:36:15.018+0000][23404][safepoint    ] Safepoint "Cleanup", Time since last: 2000115900 ns, Reaching safepoint: 257100 ns, At safepoint: 8700 ns, Total: 265800 ns
[2020-09-24T03:36:16.019+0000][23404][safepoint    ] Safepoint "Cleanup", Time since last: 1000908600 ns, Reaching safepoint: 292500 ns, At safepoint: 17000 ns, Total: 309500 ns
[2020-09-24T03:36:18.020+0000][23404][safepoint    ] Safepoint "Cleanup", Time since last: 2000224500 ns, Reaching safepoint: 219400 ns, At safepoint: 10600 ns, Total: 230000 ns
[2020-09-24T03:36:19.020+0000][23404][safepoint    ] Safepoint "Cleanup", Time since last: 1000266800 ns, Reaching safepoint: 229400 ns, At safepoint: 14800 ns, Total: 244200 ns
[2020-09-24T03:36:20.021+0000][23404][safepoint    ] Safepoint "Cleanup", Time since last: 1000598100 ns, Reaching safepoint: 164500 ns, At safepoint: 4900 ns, Total: 169400 ns
[2020-09-24T03:36:21.022+0000][23404][safepoint    ] Safepoint "Cleanup", Time since last: 1000748700 ns, Reaching safepoint: 238400 ns, At safepoint: 7800 ns, Total: 246200 ns
[2020-09-24T03:36:22.023+0000][23404][safepoint    ] Safepoint "Cleanup", Time since last: 1000894400 ns, Reaching safepoint: 119900 ns, At safepoint: 4700 ns, Total: 124600 ns
[2020-09-24T03:36:23.024+0000][23404][safepoint    ] Safepoint "Cleanup", Time since last: 1000306200 ns, Reaching safepoint: 127900 ns, At safepoint: 6500 ns, Total: 134400 ns
[2020-09-24T03:36:24.025+0000][23404][safepoint    ] Safepoint "Cleanup", Time since last: 1000876700 ns, Reaching safepoint: 183800 ns, At safepoint: 12500 ns, Total: 196300 ns
[2020-09-24T03:36:25.026+0000][23404][safepoint    ] Safepoint "Cleanup", Time since last: 1000746300 ns, Reaching safepoint: 232800 ns, At safepoint: 15700 ns, Total: 248500 ns
[2020-09-24T03:36:26.026+0000][23404][safepoint    ] Safepoint "Cleanup", Time since last: 1000207700 ns, Reaching safepoint: 142800 ns, At safepoint: 6400 ns, Total: 149200 ns
[2020-09-24T03:36:27.027+0000][23404][safepoint    ] Safepoint "Cleanup", Time since last: 1000684400 ns, Reaching safepoint: 95400 ns, At safepoint: 3600 ns, Total: 99000 ns
[2020-09-24T03:36:28.027+0000][23404][safepoint    ] Safepoint "Cleanup", Time since last: 1000146200 ns, Reaching safepoint: 234200 ns, At safepoint: 15100 ns, Total: 249300 ns
[2020-09-24T03:36:29.027+0000][23404][safepoint    ] Safepoint "Cleanup", Time since last: 1000053100 ns, Reaching safepoint: 327300 ns, At safepoint: 19500 ns, Total: 346800 ns
[2020-09-24T03:36:30.028+0000][23404][safepoint    ] Safepoint "Cleanup", Time since last: 1000014400 ns, Reaching safepoint: 132000 ns, At safepoint: 6900 ns, Total: 138900 ns
[2020-09-24T03:36:31.028+0000][23404][safepoint    ] Safepoint "Cleanup", Time since last: 1000327400 ns, Reaching safepoint: 103500 ns, At safepoint: 4700 ns, Total: 108200 ns
[2020-09-24T03:36:32.029+0000][23404][safepoint    ] Safepoint "Cleanup", Time since last: 1000627900 ns, Reaching safepoint: 92500 ns, At safepoint: 5900 ns, Total: 98400 ns
[2020-09-24T03:36:33.030+0000][23404][safepoint    ] Safepoint "Cleanup", Time since last: 1000989500 ns, Reaching safepoint: 155400 ns, At safepoint: 6100 ns, Total: 161500 ns
[2020-09-24T03:36:34.031+0000][23404][safepoint    ] Safepoint "Cleanup", Time since last: 1000396200 ns, Reaching safepoint: 90700 ns, At safepoint: 16600 ns, Total: 107300 ns
[2020-09-24T03:36:35.032+0000][23404][safepoint    ] Safepoint "Cleanup", Time since last: 1001140800 ns, Reaching safepoint: 362900 ns, At safepoint: 17600 ns, Total: 380500 ns
[2020-09-24T03:36:36.033+0000][23404][safepoint    ] Safepoint "Cleanup", Time since last: 1000814100 ns, Reaching safepoint: 380200 ns, At safepoint: 14500 ns, Total: 394700 ns
[2020-09-24T03:36:38.034+0000][23404][safepoint    ] Safepoint "Cleanup", Time since last: 2000452900 ns, Reaching safepoint: 295400 ns, At safepoint: 25000 ns, Total: 320400 ns
[2020-09-24T03:36:39.034+0000][23404][safepoint    ] Safepoint "Cleanup", Time since last: 1000222500 ns, Reaching safepoint: 152100 ns, At safepoint: 7300 ns, Total: 159400 ns
[2020-09-24T03:36:40.035+0000][23404][safepoint    ] Safepoint "Cleanup", Time since last: 1000454400 ns, Reaching safepoint: 169300 ns, At safepoint: 5400 ns, Total: 174700 ns
[2020-09-24T03:36:41.036+0000][23404][safepoint    ] Safepoint "Cleanup", Time since last: 1000577200 ns, Reaching safepoint: 205500 ns, At safepoint: 3400 ns, Total: 208900 ns
[2020-09-24T03:36:42.036+0000][23404][safepoint    ] Safepoint "Cleanup", Time since last: 1000171000 ns, Reaching safepoint: 116900 ns, At safepoint: 4500 ns, Total: 121400 ns
[2020-09-24T03:36:42.383+0000][23404][safepoint    ] Safepoint "BulkRevokeBias", Time since last: 346274100 ns, Reaching safepoint: 231400 ns, At safepoint: 554800 ns, Total: 786200 ns
[2020-09-24T03:36:45.384+0000][23404][safepoint    ] Safepoint "Cleanup", Time since last: 3001188600 ns, Reaching safepoint: 108100 ns, At safepoint: 45900 ns, Total: 154000 ns
[2020-09-24T03:36:53.389+0000][23404][safepoint    ] Safepoint "Cleanup", Time since last: 8004322600 ns, Reaching safepoint: 149800 ns, At safepoint: 44100 ns, Total: 193900 ns
[2020-09-24T03:36:55.390+0000][23404][safepoint    ] Safepoint "Cleanup", Time since last: 2000721500 ns, Reaching safepoint: 171700 ns, At safepoint: 51800 ns, Total: 223500 ns
[2020-09-24T03:36:57.390+0000][23404][safepoint    ] Safepoint "Cleanup", Time since last: 2000102100 ns, Reaching safepoint: 84300 ns, At safepoint: 16200 ns, Total: 100500 ns
[2020-09-24T03:37:03.657+0000][23404][safepoint    ] Safepoint "Cleanup", Time since last: 6268004900 ns, Reaching safepoint: 79500 ns, At safepoint: 3700 ns, Total: 83200 ns
[2020-09-24T03:37:03.799+0000][23404][safepoint    ] Safepoint "BulkRevokeBias", Time since last: 140390900 ns, Reaching safepoint: 134500 ns, At safepoint: 785000 ns, Total: 919500 ns
[2020-09-24T03:37:03.966+0000][23404][safepoint    ] Safepoint "BulkRevokeBias", Time since last: 167112000 ns, Reaching safepoint: 109400 ns, At safepoint: 680900 ns, Total: 790300 ns
[2020-09-24T03:37:04.607+0000][23404][safepoint    ] Safepoint "BulkRevokeBias", Time since last: 638950100 ns, Reaching safepoint: 159400 ns, At safepoint: 1204200 ns, Total: 1363600 ns
[2020-09-24T03:37:04.661+0000][23404][safepoint    ] Safepoint "BulkRevokeBias", Time since last: 53179800 ns, Reaching safepoint: 113800 ns, At safepoint: 548800 ns, Total: 662600 ns
[2020-09-24T03:37:04.776+0000][23404][safepoint    ] Safepoint "BulkRevokeBias", Time since last: 114780700 ns, Reaching safepoint: 134700 ns, At safepoint: 431800 ns, Total: 566500 ns
[2020-09-24T03:37:04.916+0000][23404][safepoint    ] Safepoint "BulkRevokeBias", Time since last: 139180900 ns, Reaching safepoint: 154400 ns, At safepoint: 729700 ns, Total: 884100 ns
[2020-09-24T03:37:05.032+0000][23404][gc,start     ] GC(9) Pause Young (Normal) (G1 Evacuation Pause)
[2020-09-24T03:37:05.032+0000][23404][gc,task      ] GC(9) Using 8 workers of 8 for evacuation
[2020-09-24T03:37:05.032+0000][23404][gc,age       ] GC(9) Desired survivor size 24641536 bytes, new threshold 2 (max threshold 15)
[2020-09-24T03:37:05.071+0000][23404][gc,age       ] GC(9) Age table with threshold 2 (max threshold 15)
[2020-09-24T03:37:05.072+0000][23404][gc,age       ] GC(9) - age   1:   11060776 bytes,   11060776 total
[2020-09-24T03:37:05.072+0000][23404][gc,age       ] GC(9) - age   2:    8281840 bytes,   19342616 total
[2020-09-24T03:37:05.072+0000][23404][gc,phases    ] GC(9)   Pre Evacuate Collection Set: 0.2ms
[2020-09-24T03:37:05.072+0000][23404][gc,phases    ] GC(9)   Merge Heap Roots: 0.1ms
[2020-09-24T03:37:05.072+0000][23404][gc,phases    ] GC(9)   Evacuate Collection Set: 37.1ms
[2020-09-24T03:37:05.072+0000][23404][gc,phases    ] GC(9)   Post Evacuate Collection Set: 1.9ms
[2020-09-24T03:37:05.072+0000][23404][gc,phases    ] GC(9)   Other: 0.4ms
[2020-09-24T03:37:05.072+0000][23404][gc,heap      ] GC(9) Eden regions: 322->0(523)
[2020-09-24T03:37:05.072+0000][23404][gc,heap      ] GC(9) Survivor regions: 47->21(47)
[2020-09-24T03:37:05.072+0000][23404][gc,heap      ] GC(9) Old regions: 13->50
[2020-09-24T03:37:05.072+0000][23404][gc,heap      ] GC(9) Archive regions: 0->0
[2020-09-24T03:37:05.072+0000][23404][gc,heap      ] GC(9) Humongous regions: 103->103
[2020-09-24T03:37:05.072+0000][23404][gc,metaspace ] GC(9) Metaspace: 75168K(80768K)->75168K(80768K) NonClass: 64964K(68352K)->64964K(68352K) Class: 10203K(12416K)->10203K(12416K)
[2020-09-24T03:37:05.072+0000][23404][gc           ] GC(9) Pause Young (Normal) (G1 Evacuation Pause) 484M->172M(1024M) 39.876ms
[2020-09-24T03:37:05.072+0000][23404][gc,cpu       ] GC(9) User=0.22s Sys=0.02s Real=0.04s
[2020-09-24T03:37:05.072+0000][23404][safepoint    ] Safepoint "G1CollectForAllocation", Time since last: 115344500 ns, Reaching safepoint: 180600 ns, At safepoint: 40036600 ns, Total: 40217200 ns
[2020-09-24T03:37:05.108+0000][23404][safepoint    ] Safepoint "BulkRevokeBias", Time since last: 35377200 ns, Reaching safepoint: 105500 ns, At safepoint: 734100 ns, Total: 839600 ns
[2020-09-24T03:37:05.152+0000][23404][safepoint    ] Safepoint "BulkRevokeBias", Time since last: 43052800 ns, Reaching safepoint: 145800 ns, At safepoint: 1042900 ns, Total: 1188700 ns
[2020-09-24T03:37:05.155+0000][23404][safepoint    ] Safepoint "BulkRevokeBias", Time since last: 1754600 ns, Reaching safepoint: 96900 ns, At safepoint: 825700 ns, Total: 922600 ns
[2020-09-24T03:37:05.211+0000][23404][safepoint    ] Safepoint "BulkRevokeBias", Time since last: 55573400 ns, Reaching safepoint: 101700 ns, At safepoint: 657500 ns, Total: 759200 ns
[2020-09-24T03:37:05.520+0000][23404][safepoint    ] Safepoint "BulkRevokeBias", Time since last: 307754100 ns, Reaching safepoint: 145400 ns, At safepoint: 1416400 ns, Total: 1561800 ns
[2020-09-24T03:37:05.523+0000][23404][safepoint    ] Safepoint "BulkRevokeBias", Time since last: 1232200 ns, Reaching safepoint: 97000 ns, At safepoint: 1212300 ns, Total: 1309300 ns
[2020-09-24T03:37:05.738+0000][23404][safepoint    ] Safepoint "ICBufferFull", Time since last: 213618200 ns, Reaching safepoint: 260300 ns, At safepoint: 855700 ns, Total: 1116000 ns
[2020-09-24T03:37:05.902+0000][23404][safepoint    ] Safepoint "BulkRevokeBias", Time since last: 163833700 ns, Reaching safepoint: 185200 ns, At safepoint: 851800 ns, Total: 1037000 ns
[2020-09-24T03:37:06.167+0000][23404][safepoint    ] Safepoint "BulkRevokeBias", Time since last: 262613600 ns, Reaching safepoint: 264300 ns, At safepoint: 892400 ns, Total: 1156700 ns
[2020-09-24T03:37:06.297+0000][23404][safepoint    ] Safepoint "BulkRevokeBias", Time since last: 129496000 ns, Reaching safepoint: 169000 ns, At safepoint: 820000 ns, Total: 989000 ns
[2020-09-24T03:37:06.455+0000][23404][safepoint    ] Safepoint "BulkRevokeBias", Time since last: 156626800 ns, Reaching safepoint: 127700 ns, At safepoint: 771100 ns, Total: 898800 ns
[2020-09-24T03:37:07.236+0000][23404][safepoint    ] Safepoint "BulkRevokeBias", Time since last: 779949100 ns, Reaching safepoint: 230700 ns, At safepoint: 1024900 ns, Total: 1255600 ns
[2020-09-24T03:37:07.260+0000][23404][gc,start     ] GC(10) Pause Young (Concurrent Start) (G1 Humongous Allocation)
[2020-09-24T03:37:07.260+0000][23404][gc,task      ] GC(10) Using 8 workers of 8 for evacuation
[2020-09-24T03:37:07.260+0000][23404][gc,age       ] GC(10) Desired survivor size 35651584 bytes, new threshold 15 (max threshold 15)
[2020-09-24T03:37:07.275+0000][23404][gc,age       ] GC(10) Age table with threshold 15 (max threshold 15)
[2020-09-24T03:37:07.276+0000][23404][gc,age       ] GC(10) - age   1:    4294408 bytes,    4294408 total
[2020-09-24T03:37:07.276+0000][23404][gc,age       ] GC(10) - age   2:   10743576 bytes,   15037984 total
[2020-09-24T03:37:07.276+0000][23404][gc,age       ] GC(10) - age   3:    8278464 bytes,   23316448 total
[2020-09-24T03:37:07.276+0000][23404][gc,phases    ] GC(10)   Pre Evacuate Collection Set: 0.5ms
[2020-09-24T03:37:07.276+0000][23404][gc,phases    ] GC(10)   Merge Heap Roots: 0.1ms
[2020-09-24T03:37:07.276+0000][23404][gc,phases    ] GC(10)   Evacuate Collection Set: 12.5ms
[2020-09-24T03:37:07.276+0000][23404][gc,phases    ] GC(10)   Post Evacuate Collection Set: 1.9ms
[2020-09-24T03:37:07.276+0000][23404][gc,phases    ] GC(10)   Other: 0.6ms
[2020-09-24T03:37:07.276+0000][23404][gc,heap      ] GC(10) Eden regions: 216->0(525)
[2020-09-24T03:37:07.276+0000][23404][gc,heap      ] GC(10) Survivor regions: 21->24(68)
[2020-09-24T03:37:07.276+0000][23404][gc,heap      ] GC(10) Old regions: 50->50
[2020-09-24T03:37:07.276+0000][23404][gc,heap      ] GC(10) Archive regions: 0->0
[2020-09-24T03:37:07.276+0000][23404][gc,heap      ] GC(10) Humongous regions: 257->107
[2020-09-24T03:37:07.276+0000][23404][gc,metaspace ] GC(10) Metaspace: 80663K(86528K)->80663K(86528K) NonClass: 69739K(73216K)->69739K(73216K) Class: 10924K(13312K)->10924K(13312K)
[2020-09-24T03:37:07.276+0000][23404][gc           ] GC(10) Pause Young (Concurrent Start) (G1 Humongous Allocation) 542M->180M(1024M) 15.877ms
[2020-09-24T03:37:07.276+0000][23404][gc,cpu       ] GC(10) User=0.09s Sys=0.00s Real=0.02s
[2020-09-24T03:37:07.276+0000][23404][safepoint    ] Safepoint "G1TryInitiateConcMark", Time since last: 23706100 ns, Reaching safepoint: 158800 ns, At safepoint: 16067100 ns, Total: 16225900 ns
[2020-09-24T03:37:07.276+0000][23404][gc           ] GC(11) Concurrent Cycle
[2020-09-24T03:37:07.276+0000][23404][gc,marking   ] GC(11) Concurrent Clear Claimed Marks
[2020-09-24T03:37:07.277+0000][23404][gc,marking   ] GC(11) Concurrent Clear Claimed Marks 0.540ms
[2020-09-24T03:37:07.277+0000][23404][gc,marking   ] GC(11) Concurrent Scan Root Regions
[2020-09-24T03:37:07.292+0000][23404][gc,marking   ] GC(11) Concurrent Scan Root Regions 14.975ms
[2020-09-24T03:37:07.292+0000][23404][gc,marking   ] GC(11) Concurrent Mark (99.725s)
[2020-09-24T03:37:07.292+0000][23404][gc,marking   ] GC(11) Concurrent Mark From Roots
[2020-09-24T03:37:07.292+0000][23404][gc,task      ] GC(11) Using 2 workers of 2 for marking
[2020-09-24T03:37:07.363+0000][23404][gc,marking   ] GC(11) Concurrent Mark From Roots 71.228ms
[2020-09-24T03:37:07.363+0000][23404][gc,marking   ] GC(11) Concurrent Preclean
[2020-09-24T03:37:07.363+0000][23404][gc,marking   ] GC(11) Concurrent Preclean 0.282ms
[2020-09-24T03:37:07.363+0000][23404][gc,marking   ] GC(11) Concurrent Mark (99.725s, 99.797s) 71.669ms
[2020-09-24T03:37:07.364+0000][23404][gc,start     ] GC(11) Pause Remark
[2020-09-24T03:37:07.367+0000][23404][gc           ] GC(11) Pause Remark 232M->232M(1024M) 3.110ms
[2020-09-24T03:37:07.367+0000][23404][gc,cpu       ] GC(11) User=0.00s Sys=0.00s Real=0.00s
[2020-09-24T03:37:07.367+0000][23404][safepoint    ] Safepoint "G1Concurrent", Time since last: 87458600 ns, Reaching safepoint: 135000 ns, At safepoint: 3332200 ns, Total: 3467200 ns
[2020-09-24T03:37:07.367+0000][23404][gc,marking   ] GC(11) Concurrent Rebuild Remembered Sets
[2020-09-24T03:37:07.405+0000][23404][gc,marking   ] GC(11) Concurrent Rebuild Remembered Sets 38.020ms
[2020-09-24T03:37:07.406+0000][23404][gc,start     ] GC(11) Pause Cleanup
[2020-09-24T03:37:07.406+0000][23404][gc           ] GC(11) Pause Cleanup 232M->232M(1024M) 0.221ms
[2020-09-24T03:37:07.406+0000][23404][gc,cpu       ] GC(11) User=0.00s Sys=0.00s Real=0.00s
[2020-09-24T03:37:07.406+0000][23404][safepoint    ] Safepoint "G1Concurrent", Time since last: 38174200 ns, Reaching safepoint: 423200 ns, At safepoint: 344400 ns, Total: 767600 ns
[2020-09-24T03:37:07.406+0000][23404][gc,marking   ] GC(11) Concurrent Cleanup for Next Mark
[2020-09-24T03:37:07.407+0000][23404][gc,marking   ] GC(11) Concurrent Cleanup for Next Mark 1.217ms
[2020-09-24T03:37:07.407+0000][23404][gc           ] GC(11) Concurrent Cycle 131.201ms
[2020-09-24T03:37:07.539+0000][23404][safepoint    ] Safepoint "BulkRevokeBias", Time since last: 131914700 ns, Reaching safepoint: 117200 ns, At safepoint: 790800 ns, Total: 908000 ns
[2020-09-24T03:37:07.547+0000][23404][safepoint    ] Safepoint "BulkRevokeBias", Time since last: 7338100 ns, Reaching safepoint: 85900 ns, At safepoint: 780500 ns, Total: 866400 ns
[2020-09-24T03:37:07.616+0000][23404][safepoint    ] Safepoint "BulkRevokeBias", Time since last: 67801200 ns, Reaching safepoint: 177300 ns, At safepoint: 814300 ns, Total: 991600 ns
[2020-09-24T03:37:07.714+0000][23404][gc,start     ] GC(12) Pause Young (Concurrent Start) (G1 Humongous Allocation)
[2020-09-24T03:37:07.714+0000][23404][gc,task      ] GC(12) Using 8 workers of 8 for evacuation
[2020-09-24T03:37:07.714+0000][23404][gc,age       ] GC(12) Desired survivor size 36175872 bytes, new threshold 15 (max threshold 15)
[2020-09-24T03:37:07.728+0000][23404][gc,age       ] GC(12) Age table with threshold 15 (max threshold 15)
[2020-09-24T03:37:07.728+0000][23404][gc,age       ] GC(12) - age   1:    3015016 bytes,    3015016 total
[2020-09-24T03:37:07.728+0000][23404][gc,age       ] GC(12) - age   2:    1909976 bytes,    4924992 total
[2020-09-24T03:37:07.728+0000][23404][gc,age       ] GC(12) - age   3:   10740432 bytes,   15665424 total
[2020-09-24T03:37:07.728+0000][23404][gc,age       ] GC(12) - age   4:    8271216 bytes,   23936640 total
[2020-09-24T03:37:07.729+0000][23404][gc,phases    ] GC(12)   Pre Evacuate Collection Set: 0.4ms
[2020-09-24T03:37:07.729+0000][23404][gc,phases    ] GC(12)   Merge Heap Roots: 0.1ms
[2020-09-24T03:37:07.729+0000][23404][gc,phases    ] GC(12)   Evacuate Collection Set: 12.0ms
[2020-09-24T03:37:07.729+0000][23404][gc,phases    ] GC(12)   Post Evacuate Collection Set: 1.5ms
[2020-09-24T03:37:07.729+0000][23404][gc,phases    ] GC(12)   Other: 0.7ms
[2020-09-24T03:37:07.729+0000][23404][gc,heap      ] GC(12) Eden regions: 70->0(535)
[2020-09-24T03:37:07.729+0000][23404][gc,heap      ] GC(12) Survivor regions: 24->25(69)
[2020-09-24T03:37:07.729+0000][23404][gc,heap      ] GC(12) Old regions: 50->50
[2020-09-24T03:37:07.729+0000][23404][gc,heap      ] GC(12) Archive regions: 0->0
[2020-09-24T03:37:07.729+0000][23404][gc,heap      ] GC(12) Humongous regions: 257->107
[2020-09-24T03:37:07.729+0000][23404][gc,metaspace ] GC(12) Metaspace: 80966K(86912K)->80966K(86912K) NonClass: 70000K(73472K)->70000K(73472K) Class: 10966K(13440K)->10966K(13440K)
[2020-09-24T03:37:07.729+0000][23404][gc           ] GC(12) Pause Young (Concurrent Start) (G1 Humongous Allocation) 400M->181M(1024M) 15.129ms
[2020-09-24T03:37:07.729+0000][23404][gc,cpu       ] GC(12) User=0.03s Sys=0.00s Real=0.02s
[2020-09-24T03:37:07.729+0000][23404][gc           ] GC(13) Concurrent Cycle
[2020-09-24T03:37:07.729+0000][23404][safepoint    ] Safepoint "G1TryInitiateConcMark", Time since last: 97925300 ns, Reaching safepoint: 194600 ns, At safepoint: 15322400 ns, Total: 15517000 ns
[2020-09-24T03:37:07.729+0000][23404][gc,marking   ] GC(13) Concurrent Clear Claimed Marks
[2020-09-24T03:37:07.730+0000][23404][gc,marking   ] GC(13) Concurrent Clear Claimed Marks 0.479ms
[2020-09-24T03:37:07.730+0000][23404][gc,marking   ] GC(13) Concurrent Scan Root Regions
[2020-09-24T03:37:07.744+0000][23404][gc,marking   ] GC(13) Concurrent Scan Root Regions 14.194ms
[2020-09-24T03:37:07.744+0000][23404][gc,marking   ] GC(13) Concurrent Mark (100.177s)
[2020-09-24T03:37:07.744+0000][23404][gc,marking   ] GC(13) Concurrent Mark From Roots
[2020-09-24T03:37:07.744+0000][23404][gc,task      ] GC(13) Using 2 workers of 2 for marking
[2020-09-24T03:37:07.832+0000][23404][gc,marking   ] GC(13) Concurrent Mark From Roots 87.380ms
[2020-09-24T03:37:07.832+0000][23404][gc,marking   ] GC(13) Concurrent Preclean
[2020-09-24T03:37:07.832+0000][23404][gc,marking   ] GC(13) Concurrent Preclean 0.478ms
[2020-09-24T03:37:07.832+0000][23404][gc,marking   ] GC(13) Concurrent Mark (100.177s, 100.265s) 88.065ms
[2020-09-24T03:37:07.834+0000][23404][gc,start     ] GC(13) Pause Remark
[2020-09-24T03:37:07.837+0000][23404][gc           ] GC(13) Pause Remark 236M->236M(1024M) 3.057ms
[2020-09-24T03:37:07.838+0000][23404][gc,cpu       ] GC(13) User=0.00s Sys=0.00s Real=0.00s
[2020-09-24T03:37:07.838+0000][23404][safepoint    ] Safepoint "G1Concurrent", Time since last: 104999400 ns, Reaching safepoint: 122700 ns, At safepoint: 3277400 ns, Total: 3400100 ns
[2020-09-24T03:37:07.838+0000][23404][gc,marking   ] GC(13) Concurrent Rebuild Remembered Sets
[2020-09-24T03:37:07.879+0000][23404][gc,marking   ] GC(13) Concurrent Rebuild Remembered Sets 41.666ms
[2020-09-24T03:37:07.880+0000][23404][gc,start     ] GC(13) Pause Cleanup
[2020-09-24T03:37:07.880+0000][23404][gc           ] GC(13) Pause Cleanup 237M->237M(1024M) 0.251ms
[2020-09-24T03:37:07.880+0000][23404][gc,cpu       ] GC(13) User=0.00s Sys=0.00s Real=0.00s
[2020-09-24T03:37:07.880+0000][23404][safepoint    ] Safepoint "G1Concurrent", Time since last: 41815500 ns, Reaching safepoint: 406300 ns, At safepoint: 389000 ns, Total: 795300 ns
[2020-09-24T03:37:07.880+0000][23404][gc,marking   ] GC(13) Concurrent Cleanup for Next Mark
[2020-09-24T03:37:07.882+0000][23404][gc,marking   ] GC(13) Concurrent Cleanup for Next Mark 1.744ms
[2020-09-24T03:37:07.882+0000][23404][gc           ] GC(13) Concurrent Cycle 152.950ms
[2020-09-24T03:37:08.840+0000][23404][safepoint    ] Safepoint "BulkRevokeBias", Time since last: 959576400 ns, Reaching safepoint: 237400 ns, At safepoint: 1036500 ns, Total: 1273900 ns
[2020-09-24T03:37:08.919+0000][23404][gc,start     ] GC(14) Pause Young (Concurrent Start) (G1 Humongous Allocation)
[2020-09-24T03:37:08.920+0000][23404][gc,task      ] GC(14) Using 8 workers of 8 for evacuation
[2020-09-24T03:37:08.920+0000][23404][gc,age       ] GC(14) Desired survivor size 36700160 bytes, new threshold 15 (max threshold 15)
[2020-09-24T03:37:08.935+0000][23404][gc,age       ] GC(14) Age table with threshold 15 (max threshold 15)
[2020-09-24T03:37:08.935+0000][23404][gc,age       ] GC(14) - age   1:    2574112 bytes,    2574112 total
[2020-09-24T03:37:08.935+0000][23404][gc,age       ] GC(14) - age   2:     276640 bytes,    2850752 total
[2020-09-24T03:37:08.935+0000][23404][gc,age       ] GC(14) - age   3:    1861792 bytes,    4712544 total
[2020-09-24T03:37:08.935+0000][23404][gc,age       ] GC(14) - age   4:   10739776 bytes,   15452320 total
[2020-09-24T03:37:08.935+0000][23404][gc,age       ] GC(14) - age   5:    8270848 bytes,   23723168 total
[2020-09-24T03:37:08.935+0000][23404][gc,phases    ] GC(14)   Pre Evacuate Collection Set: 0.4ms
[2020-09-24T03:37:08.935+0000][23404][gc,phases    ] GC(14)   Merge Heap Roots: 0.1ms
[2020-09-24T03:37:08.935+0000][23404][gc,phases    ] GC(14)   Evacuate Collection Set: 12.5ms
[2020-09-24T03:37:08.935+0000][23404][gc,phases    ] GC(14)   Post Evacuate Collection Set: 1.7ms
[2020-09-24T03:37:08.935+0000][23404][gc,phases    ] GC(14)   Other: 0.7ms
[2020-09-24T03:37:08.935+0000][23404][gc,heap      ] GC(14) Eden regions: 76->0(545)
[2020-09-24T03:37:08.935+0000][23404][gc,heap      ] GC(14) Survivor regions: 25->24(70)
[2020-09-24T03:37:08.935+0000][23404][gc,heap      ] GC(14) Old regions: 50->50
[2020-09-24T03:37:08.935+0000][23404][gc,heap      ] GC(14) Archive regions: 0->0
[2020-09-24T03:37:08.935+0000][23404][gc,heap      ] GC(14) Humongous regions: 257->107
[2020-09-24T03:37:08.935+0000][23404][gc,metaspace ] GC(14) Metaspace: 81841K(88064K)->81841K(88064K) NonClass: 70779K(74496K)->70779K(74496K) Class: 11062K(13568K)->11062K(13568K)
[2020-09-24T03:37:08.935+0000][23404][gc           ] GC(14) Pause Young (Concurrent Start) (G1 Humongous Allocation) 407M->180M(1024M) 15.707ms
[2020-09-24T03:37:08.935+0000][23404][gc,cpu       ] GC(14) User=0.09s Sys=0.00s Real=0.02s
[2020-09-24T03:37:08.935+0000][23404][gc           ] GC(15) Concurrent Cycle
[2020-09-24T03:37:08.935+0000][23404][safepoint    ] Safepoint "G1TryInitiateConcMark", Time since last: 78854900 ns, Reaching safepoint: 257300 ns, At safepoint: 15889800 ns, Total: 16147100 ns
[2020-09-24T03:37:08.935+0000][23404][gc,marking   ] GC(15) Concurrent Clear Claimed Marks
[2020-09-24T03:37:08.936+0000][23404][gc,marking   ] GC(15) Concurrent Clear Claimed Marks 0.626ms
[2020-09-24T03:37:08.936+0000][23404][gc,marking   ] GC(15) Concurrent Scan Root Regions
[2020-09-24T03:37:08.954+0000][23404][gc,marking   ] GC(15) Concurrent Scan Root Regions 17.537ms
[2020-09-24T03:37:08.954+0000][23404][gc,marking   ] GC(15) Concurrent Mark (101.388s)
[2020-09-24T03:37:08.954+0000][23404][gc,marking   ] GC(15) Concurrent Mark From Roots
[2020-09-24T03:37:08.954+0000][23404][gc,task      ] GC(15) Using 2 workers of 2 for marking
[2020-09-24T03:37:09.046+0000][23404][gc,marking   ] GC(15) Concurrent Mark From Roots 92.683ms
[2020-09-24T03:37:09.046+0000][23404][gc,marking   ] GC(15) Concurrent Preclean
[2020-09-24T03:37:09.047+0000][23404][gc,marking   ] GC(15) Concurrent Preclean 0.530ms
[2020-09-24T03:37:09.047+0000][23404][gc,marking   ] GC(15) Concurrent Mark (101.388s, 101.481s) 93.440ms
[2020-09-24T03:37:09.048+0000][23404][gc,start     ] GC(15) Pause Remark
[2020-09-24T03:37:09.051+0000][23404][gc           ] GC(15) Pause Remark 266M->266M(1024M) 3.873ms
[2020-09-24T03:37:09.052+0000][23404][gc,cpu       ] GC(15) User=0.00s Sys=0.00s Real=0.00s
[2020-09-24T03:37:09.052+0000][23404][safepoint    ] Safepoint "G1Concurrent", Time since last: 111966800 ns, Reaching safepoint: 256700 ns, At safepoint: 4625500 ns, Total: 4882200 ns
[2020-09-24T03:37:09.052+0000][23404][gc,marking   ] GC(15) Concurrent Rebuild Remembered Sets
[2020-09-24T03:37:09.101+0000][23404][gc,marking   ] GC(15) Concurrent Rebuild Remembered Sets 48.442ms
[2020-09-24T03:37:09.101+0000][23404][gc,start     ] GC(15) Pause Cleanup
[2020-09-24T03:37:09.101+0000][23404][gc           ] GC(15) Pause Cleanup 288M->288M(1024M) 0.248ms
[2020-09-24T03:37:09.101+0000][23404][gc,cpu       ] GC(15) User=0.00s Sys=0.00s Real=0.00s
[2020-09-24T03:37:09.101+0000][23404][safepoint    ] Safepoint "G1Concurrent", Time since last: 48698600 ns, Reaching safepoint: 105300 ns, At safepoint: 374100 ns, Total: 479400 ns
[2020-09-24T03:37:09.101+0000][23404][gc,marking   ] GC(15) Concurrent Cleanup for Next Mark
[2020-09-24T03:37:09.104+0000][23404][gc,marking   ] GC(15) Concurrent Cleanup for Next Mark 2.433ms
[2020-09-24T03:37:09.104+0000][23404][gc           ] GC(15) Concurrent Cycle 168.665ms
[2020-09-24T03:37:09.182+0000][23404][safepoint    ] Safepoint "BulkRevokeBias", Time since last: 78354300 ns, Reaching safepoint: 172900 ns, At safepoint: 1901400 ns, Total: 2074300 ns
[2020-09-24T03:37:09.201+0000][23404][gc,start     ] GC(16) Pause Young (Concurrent Start) (G1 Humongous Allocation)
[2020-09-24T03:37:09.201+0000][23404][gc,task      ] GC(16) Using 8 workers of 8 for evacuation
[2020-09-24T03:37:09.201+0000][23404][gc,age       ] GC(16) Desired survivor size 37748736 bytes, new threshold 15 (max threshold 15)
[2020-09-24T03:37:09.215+0000][23404][gc,age       ] GC(16) Age table with threshold 15 (max threshold 15)
[2020-09-24T03:37:09.215+0000][23404][gc,age       ] GC(16) - age   1:    2710848 bytes,    2710848 total
[2020-09-24T03:37:09.215+0000][23404][gc,age       ] GC(16) - age   2:     468888 bytes,    3179736 total
[2020-09-24T03:37:09.215+0000][23404][gc,age       ] GC(16) - age   3:     275744 bytes,    3455480 total
[2020-09-24T03:37:09.215+0000][23404][gc,age       ] GC(16) - age   4:    1858608 bytes,    5314088 total
[2020-09-24T03:37:09.215+0000][23404][gc,age       ] GC(16) - age   5:   10739776 bytes,   16053864 total
[2020-09-24T03:37:09.215+0000][23404][gc,age       ] GC(16) - age   6:    8270848 bytes,   24324712 total
[2020-09-24T03:37:09.215+0000][23404][gc,phases    ] GC(16)   Pre Evacuate Collection Set: 0.4ms
[2020-09-24T03:37:09.215+0000][23404][gc,phases    ] GC(16)   Merge Heap Roots: 0.1ms
[2020-09-24T03:37:09.215+0000][23404][gc,phases    ] GC(16)   Evacuate Collection Set: 12.3ms
[2020-09-24T03:37:09.215+0000][23404][gc,phases    ] GC(16)   Post Evacuate Collection Set: 1.3ms
[2020-09-24T03:37:09.215+0000][23404][gc,phases    ] GC(16)   Other: 0.7ms
[2020-09-24T03:37:09.216+0000][23404][gc,heap      ] GC(16) Eden regions: 62->0(551)
[2020-09-24T03:37:09.216+0000][23404][gc,heap      ] GC(16) Survivor regions: 24->25(72)
[2020-09-24T03:37:09.216+0000][23404][gc,heap      ] GC(16) Old regions: 50->50
[2020-09-24T03:37:09.216+0000][23404][gc,heap      ] GC(16) Archive regions: 0->0
[2020-09-24T03:37:09.216+0000][23404][gc,heap      ] GC(16) Humongous regions: 257->107
[2020-09-24T03:37:09.216+0000][23404][gc,metaspace ] GC(16) Metaspace: 81951K(88064K)->81951K(88064K) NonClass: 70888K(74496K)->70888K(74496K) Class: 11062K(13568K)->11062K(13568K)
[2020-09-24T03:37:09.216+0000][23404][gc           ] GC(16) Pause Young (Concurrent Start) (G1 Humongous Allocation) 391M->181M(1024M) 14.960ms
[2020-09-24T03:37:09.216+0000][23404][gc,cpu       ] GC(16) User=0.11s Sys=0.00s Real=0.02s
[2020-09-24T03:37:09.216+0000][23404][gc           ] GC(17) Concurrent Cycle
[2020-09-24T03:37:09.216+0000][23404][safepoint    ] Safepoint "G1TryInitiateConcMark", Time since last: 18778000 ns, Reaching safepoint: 177500 ns, At safepoint: 15213800 ns, Total: 15391300 ns
[2020-09-24T03:37:09.216+0000][23404][gc,marking   ] GC(17) Concurrent Clear Claimed Marks
[2020-09-24T03:37:09.216+0000][23404][gc,marking   ] GC(17) Concurrent Clear Claimed Marks 0.513ms
[2020-09-24T03:37:09.216+0000][23404][gc,marking   ] GC(17) Concurrent Scan Root Regions
[2020-09-24T03:37:09.231+0000][23404][gc,marking   ] GC(17) Concurrent Scan Root Regions 14.455ms
[2020-09-24T03:37:09.231+0000][23404][gc,marking   ] GC(17) Concurrent Mark (101.665s)
[2020-09-24T03:37:09.231+0000][23404][gc,marking   ] GC(17) Concurrent Mark From Roots
[2020-09-24T03:37:09.231+0000][23404][gc,task      ] GC(17) Using 2 workers of 2 for marking
[2020-09-24T03:37:09.317+0000][23404][gc,marking   ] GC(17) Concurrent Mark From Roots 85.114ms
[2020-09-24T03:37:09.317+0000][23404][gc,marking   ] GC(17) Concurrent Preclean
[2020-09-24T03:37:09.317+0000][23404][gc,marking   ] GC(17) Concurrent Preclean 0.316ms
[2020-09-24T03:37:09.317+0000][23404][gc,marking   ] GC(17) Concurrent Mark (101.665s, 101.751s) 85.561ms
[2020-09-24T03:37:09.317+0000][23404][gc,start     ] GC(17) Pause Remark
[2020-09-24T03:37:09.320+0000][23404][gc           ] GC(17) Pause Remark 285M->285M(1024M) 2.904ms
[2020-09-24T03:37:09.320+0000][23404][gc,cpu       ] GC(17) User=0.00s Sys=0.00s Real=0.00s
[2020-09-24T03:37:09.320+0000][23404][safepoint    ] Safepoint "G1Concurrent", Time since last: 100757100 ns, Reaching safepoint: 169300 ns, At safepoint: 3102300 ns, Total: 3271600 ns
[2020-09-24T03:37:09.320+0000][23404][gc,marking   ] GC(17) Concurrent Rebuild Remembered Sets
[2020-09-24T03:37:09.367+0000][23404][gc,marking   ] GC(17) Concurrent Rebuild Remembered Sets 46.977ms
[2020-09-24T03:37:09.368+0000][23404][gc,start     ] GC(17) Pause Cleanup
[2020-09-24T03:37:09.368+0000][23404][gc           ] GC(17) Pause Cleanup 296M->296M(1024M) 0.282ms
[2020-09-24T03:37:09.368+0000][23404][gc,cpu       ] GC(17) User=0.00s Sys=0.00s Real=0.00s
[2020-09-24T03:37:09.368+0000][23404][safepoint    ] Safepoint "G1Concurrent", Time since last: 47205200 ns, Reaching safepoint: 177800 ns, At safepoint: 442500 ns, Total: 620300 ns
[2020-09-24T03:37:09.368+0000][23404][gc,marking   ] GC(17) Concurrent Cleanup for Next Mark
[2020-09-24T03:37:09.370+0000][23404][gc,marking   ] GC(17) Concurrent Cleanup for Next Mark 2.226ms
[2020-09-24T03:37:09.370+0000][23404][gc           ] GC(17) Concurrent Cycle 154.296ms
[2020-09-24T03:37:09.442+0000][23404][gc,start     ] GC(18) Pause Young (Concurrent Start) (G1 Humongous Allocation)
[2020-09-24T03:37:09.442+0000][23404][gc,task      ] GC(18) Using 8 workers of 8 for evacuation
[2020-09-24T03:37:09.442+0000][23404][gc,age       ] GC(18) Desired survivor size 37748736 bytes, new threshold 15 (max threshold 15)
[2020-09-24T03:37:09.460+0000][23404][gc,age       ] GC(18) Age table with threshold 15 (max threshold 15)
[2020-09-24T03:37:09.460+0000][23404][gc,age       ] GC(18) - age   1:    2210672 bytes,    2210672 total
[2020-09-24T03:37:09.460+0000][23404][gc,age       ] GC(18) - age   2:     282512 bytes,    2493184 total
[2020-09-24T03:37:09.460+0000][23404][gc,age       ] GC(18) - age   3:     465728 bytes,    2958912 total
[2020-09-24T03:37:09.460+0000][23404][gc,age       ] GC(18) - age   4:     275032 bytes,    3233944 total
[2020-09-24T03:37:09.460+0000][23404][gc,age       ] GC(18) - age   5:    1853744 bytes,    5087688 total
[2020-09-24T03:37:09.460+0000][23404][gc,age       ] GC(18) - age   6:   10739776 bytes,   15827464 total
[2020-09-24T03:37:09.460+0000][23404][gc,age       ] GC(18) - age   7:    8270848 bytes,   24098312 total
[2020-09-24T03:37:09.460+0000][23404][gc,phases    ] GC(18)   Pre Evacuate Collection Set: 0.4ms
[2020-09-24T03:37:09.460+0000][23404][gc,phases    ] GC(18)   Merge Heap Roots: 0.1ms
[2020-09-24T03:37:09.460+0000][23404][gc,phases    ] GC(18)   Evacuate Collection Set: 15.2ms
[2020-09-24T03:37:09.460+0000][23404][gc,phases    ] GC(18)   Post Evacuate Collection Set: 1.8ms
[2020-09-24T03:37:09.460+0000][23404][gc,phases    ] GC(18)   Other: 0.7ms
[2020-09-24T03:37:09.460+0000][23404][gc,heap      ] GC(18) Eden regions: 61->0(556)
[2020-09-24T03:37:09.460+0000][23404][gc,heap      ] GC(18) Survivor regions: 25->26(72)
[2020-09-24T03:37:09.460+0000][23404][gc,heap      ] GC(18) Old regions: 50->50
[2020-09-24T03:37:09.460+0000][23404][gc,heap      ] GC(18) Archive regions: 0->0
[2020-09-24T03:37:09.460+0000][23404][gc,heap      ] GC(18) Humongous regions: 257->107
[2020-09-24T03:37:09.460+0000][23404][gc,metaspace ] GC(18) Metaspace: 82010K(88064K)->82010K(88064K) NonClass: 70948K(74496K)->70948K(74496K) Class: 11062K(13568K)->11062K(13568K)
[2020-09-24T03:37:09.460+0000][23404][gc           ] GC(18) Pause Young (Concurrent Start) (G1 Humongous Allocation) 391M->181M(1024M) 18.479ms
[2020-09-24T03:37:09.460+0000][23404][gc,cpu       ] GC(18) User=0.09s Sys=0.00s Real=0.02s
[2020-09-24T03:37:09.461+0000][23404][gc           ] GC(19) Concurrent Cycle
[2020-09-24T03:37:09.461+0000][23404][safepoint    ] Safepoint "G1TryInitiateConcMark", Time since last: 73707500 ns, Reaching safepoint: 174600 ns, At safepoint: 18726900 ns, Total: 18901500 ns
[2020-09-24T03:37:09.461+0000][23404][gc,marking   ] GC(19) Concurrent Clear Claimed Marks
[2020-09-24T03:37:09.461+0000][23404][gc,marking   ] GC(19) Concurrent Clear Claimed Marks 0.823ms
[2020-09-24T03:37:09.462+0000][23404][gc,marking   ] GC(19) Concurrent Scan Root Regions
[2020-09-24T03:37:09.477+0000][23404][gc,marking   ] GC(19) Concurrent Scan Root Regions 15.378ms
[2020-09-24T03:37:09.477+0000][23404][gc,marking   ] GC(19) Concurrent Mark (101.911s)
[2020-09-24T03:37:09.477+0000][23404][gc,marking   ] GC(19) Concurrent Mark From Roots
[2020-09-24T03:37:09.477+0000][23404][gc,task      ] GC(19) Using 2 workers of 2 for marking
[2020-09-24T03:37:09.537+0000][23404][safepoint    ] Safepoint "BulkRevokeBias", Time since last: 74468900 ns, Reaching safepoint: 150300 ns, At safepoint: 1575100 ns, Total: 1725400 ns
[2020-09-24T03:37:09.568+0000][23404][gc,marking   ] GC(19) Concurrent Mark From Roots 90.922ms
[2020-09-24T03:37:09.568+0000][23404][gc,marking   ] GC(19) Concurrent Preclean
[2020-09-24T03:37:09.569+0000][23404][gc,marking   ] GC(19) Concurrent Preclean 0.456ms
[2020-09-24T03:37:09.569+0000][23404][gc,marking   ] GC(19) Concurrent Mark (101.911s, 102.002s) 91.584ms
[2020-09-24T03:37:09.569+0000][23404][gc,start     ] GC(19) Pause Remark
[2020-09-24T03:37:09.572+0000][23404][gc           ] GC(19) Pause Remark 274M->274M(1024M) 3.459ms
[2020-09-24T03:37:09.572+0000][23404][gc,cpu       ] GC(19) User=0.13s Sys=0.00s Real=0.00s
[2020-09-24T03:37:09.573+0000][23404][safepoint    ] Safepoint "G1Concurrent", Time since last: 31880000 ns, Reaching safepoint: 153500 ns, At safepoint: 3694900 ns, Total: 3848400 ns
[2020-09-24T03:37:09.573+0000][23404][gc,marking   ] GC(19) Concurrent Rebuild Remembered Sets
[2020-09-24T03:37:09.607+0000][23404][safepoint    ] Safepoint "BulkRevokeBias", Time since last: 32676300 ns, Reaching safepoint: 468700 ns, At safepoint: 1698400 ns, Total: 2167100 ns
[2020-09-24T03:37:09.620+0000][23404][gc,marking   ] GC(19) Concurrent Rebuild Remembered Sets 47.316ms
[2020-09-24T03:37:09.620+0000][23404][gc,start     ] GC(19) Pause Cleanup
[2020-09-24T03:37:09.621+0000][23404][gc           ] GC(19) Pause Cleanup 284M->284M(1024M) 0.346ms
[2020-09-24T03:37:09.621+0000][23404][gc,cpu       ] GC(19) User=0.00s Sys=0.00s Real=0.00s
[2020-09-24T03:37:09.621+0000][23404][safepoint    ] Safepoint "G1Concurrent", Time since last: 12675400 ns, Reaching safepoint: 142100 ns, At safepoint: 497900 ns, Total: 640000 ns
[2020-09-24T03:37:09.621+0000][23404][gc,marking   ] GC(19) Concurrent Cleanup for Next Mark
[2020-09-24T03:37:09.623+0000][23404][gc,marking   ] GC(19) Concurrent Cleanup for Next Mark 1.806ms
[2020-09-24T03:37:09.623+0000][23404][gc           ] GC(19) Concurrent Cycle 162.179ms
[2020-09-24T03:37:09.754+0000][23404][gc,start     ] GC(20) Pause Young (Concurrent Start) (G1 Humongous Allocation)
[2020-09-24T03:37:09.754+0000][23404][gc,task      ] GC(20) Using 8 workers of 8 for evacuation
[2020-09-24T03:37:09.754+0000][23404][gc,age       ] GC(20) Desired survivor size 38273024 bytes, new threshold 15 (max threshold 15)
[2020-09-24T03:37:09.772+0000][23404][gc,age       ] GC(20) Age table with threshold 15 (max threshold 15)
[2020-09-24T03:37:09.772+0000][23404][gc,age       ] GC(20) - age   1:    2292696 bytes,    2292696 total
[2020-09-24T03:37:09.772+0000][23404][gc,age       ] GC(20) - age   2:     411544 bytes,    2704240 total
[2020-09-24T03:37:09.772+0000][23404][gc,age       ] GC(20) - age   3:     282080 bytes,    2986320 total
[2020-09-24T03:37:09.772+0000][23404][gc,age       ] GC(20) - age   4:     463952 bytes,    3450272 total
[2020-09-24T03:37:09.772+0000][23404][gc,age       ] GC(20) - age   5:     274808 bytes,    3725080 total
[2020-09-24T03:37:09.772+0000][23404][gc,age       ] GC(20) - age   6:    1850896 bytes,    5575976 total
[2020-09-24T03:37:09.772+0000][23404][gc,age       ] GC(20) - age   7:   10739776 bytes,   16315752 total
[2020-09-24T03:37:09.772+0000][23404][gc,age       ] GC(20) - age   8:    8270848 bytes,   24586600 total
[2020-09-24T03:37:09.772+0000][23404][gc,phases    ] GC(20)   Pre Evacuate Collection Set: 0.6ms
[2020-09-24T03:37:09.772+0000][23404][gc,phases    ] GC(20)   Merge Heap Roots: 0.1ms
[2020-09-24T03:37:09.772+0000][23404][gc,phases    ] GC(20)   Evacuate Collection Set: 15.8ms
[2020-09-24T03:37:09.772+0000][23404][gc,phases    ] GC(20)   Post Evacuate Collection Set: 1.7ms
[2020-09-24T03:37:09.773+0000][23404][gc,phases    ] GC(20)   Other: 0.7ms
[2020-09-24T03:37:09.773+0000][23404][gc,heap      ] GC(20) Eden regions: 63->0(562)
[2020-09-24T03:37:09.773+0000][23404][gc,heap      ] GC(20) Survivor regions: 26->25(73)
[2020-09-24T03:37:09.773+0000][23404][gc,heap      ] GC(20) Old regions: 50->50
[2020-09-24T03:37:09.773+0000][23404][gc,heap      ] GC(20) Archive regions: 0->0
[2020-09-24T03:37:09.773+0000][23404][gc,heap      ] GC(20) Humongous regions: 257->106
[2020-09-24T03:37:09.773+0000][23404][gc,metaspace ] GC(20) Metaspace: 82089K(88064K)->82089K(88064K) NonClass: 71027K(74496K)->71027K(74496K) Class: 11062K(13568K)->11062K(13568K)
[2020-09-24T03:37:09.773+0000][23404][gc           ] GC(20) Pause Young (Concurrent Start) (G1 Humongous Allocation) 394M->180M(1024M) 19.193ms
[2020-09-24T03:37:09.773+0000][23404][gc,cpu       ] GC(20) User=0.13s Sys=0.00s Real=0.02s
[2020-09-24T03:37:09.773+0000][23404][gc           ] GC(21) Concurrent Cycle
[2020-09-24T03:37:09.773+0000][23404][gc,marking   ] GC(21) Concurrent Clear Claimed Marks
[2020-09-24T03:37:09.773+0000][23404][safepoint    ] Safepoint "G1TryInitiateConcMark", Time since last: 132426300 ns, Reaching safepoint: 368100 ns, At safepoint: 19504500 ns, Total: 19872600 ns
[2020-09-24T03:37:09.773+0000][23404][gc,marking   ] GC(21) Concurrent Clear Claimed Marks 0.417ms
[2020-09-24T03:37:09.773+0000][23404][gc,marking   ] GC(21) Concurrent Scan Root Regions
[2020-09-24T03:37:09.789+0000][23404][gc,marking   ] GC(21) Concurrent Scan Root Regions 15.781ms
[2020-09-24T03:37:09.789+0000][23404][gc,marking   ] GC(21) Concurrent Mark (102.223s)
[2020-09-24T03:37:09.789+0000][23404][gc,marking   ] GC(21) Concurrent Mark From Roots
[2020-09-24T03:37:09.789+0000][23404][gc,task      ] GC(21) Using 2 workers of 2 for marking
[2020-09-24T03:37:09.881+0000][23404][gc,marking   ] GC(21) Concurrent Mark From Roots 91.397ms
[2020-09-24T03:37:09.881+0000][23404][gc,marking   ] GC(21) Concurrent Preclean
[2020-09-24T03:37:09.881+0000][23404][gc,marking   ] GC(21) Concurrent Preclean 0.431ms
[2020-09-24T03:37:09.881+0000][23404][gc,marking   ] GC(21) Concurrent Mark (102.223s, 102.315s) 92.123ms
[2020-09-24T03:37:09.882+0000][23404][gc,start     ] GC(21) Pause Remark
[2020-09-24T03:37:09.885+0000][23404][gc           ] GC(21) Pause Remark 277M->277M(1024M) 3.740ms
[2020-09-24T03:37:09.886+0000][23404][gc,cpu       ] GC(21) User=0.13s Sys=0.00s Real=0.00s
[2020-09-24T03:37:09.886+0000][23404][safepoint    ] Safepoint "G1Concurrent", Time since last: 108433600 ns, Reaching safepoint: 260100 ns, At safepoint: 4078400 ns, Total: 4338500 ns
[2020-09-24T03:37:09.886+0000][23404][gc,marking   ] GC(21) Concurrent Rebuild Remembered Sets
[2020-09-24T03:37:09.933+0000][23404][gc,marking   ] GC(21) Concurrent Rebuild Remembered Sets 47.262ms
[2020-09-24T03:37:09.933+0000][23404][gc,start     ] GC(21) Pause Cleanup
[2020-09-24T03:37:09.934+0000][23404][gc           ] GC(21) Pause Cleanup 284M->284M(1024M) 0.370ms
[2020-09-24T03:37:09.934+0000][23404][gc,cpu       ] GC(21) User=0.00s Sys=0.00s Real=0.00s
[2020-09-24T03:37:09.934+0000][23404][safepoint    ] Safepoint "G1Concurrent", Time since last: 47492400 ns, Reaching safepoint: 173700 ns, At safepoint: 589800 ns, Total: 763500 ns
[2020-09-24T03:37:09.934+0000][23404][gc,marking   ] GC(21) Concurrent Cleanup for Next Mark
[2020-09-24T03:37:09.936+0000][23404][gc,marking   ] GC(21) Concurrent Cleanup for Next Mark 2.155ms
[2020-09-24T03:37:09.936+0000][23404][gc           ] GC(21) Concurrent Cycle 163.546ms
[2020-09-24T03:37:10.029+0000][23404][gc,start     ] GC(22) Pause Young (Concurrent Start) (G1 Humongous Allocation)
[2020-09-24T03:37:10.029+0000][23404][gc,task      ] GC(22) Using 8 workers of 8 for evacuation
[2020-09-24T03:37:10.029+0000][23404][gc,age       ] GC(22) Desired survivor size 38797312 bytes, new threshold 15 (max threshold 15)
[2020-09-24T03:37:10.045+0000][23404][gc,age       ] GC(22) Age table with threshold 15 (max threshold 15)
[2020-09-24T03:37:10.045+0000][23404][gc,age       ] GC(22) - age   1:    1860472 bytes,    1860472 total
[2020-09-24T03:37:10.045+0000][23404][gc,age       ] GC(22) - age   2:     204592 bytes,    2065064 total
[2020-09-24T03:37:10.045+0000][23404][gc,age       ] GC(22) - age   3:     411144 bytes,    2476208 total
[2020-09-24T03:37:10.045+0000][23404][gc,age       ] GC(22) - age   4:     281576 bytes,    2757784 total
[2020-09-24T03:37:10.045+0000][23404][gc,age       ] GC(22) - age   5:     463304 bytes,    3221088 total
[2020-09-24T03:37:10.045+0000][23404][gc,age       ] GC(22) - age   6:     274680 bytes,    3495768 total
[2020-09-24T03:37:10.045+0000][23404][gc,age       ] GC(22) - age   7:    1847744 bytes,    5343512 total
[2020-09-24T03:37:10.045+0000][23404][gc,age       ] GC(22) - age   8:   10739776 bytes,   16083288 total
[2020-09-24T03:37:10.045+0000][23404][gc,age       ] GC(22) - age   9:    8270848 bytes,   24354136 total
[2020-09-24T03:37:10.045+0000][23404][gc,phases    ] GC(22)   Pre Evacuate Collection Set: 0.5ms
[2020-09-24T03:37:10.045+0000][23404][gc,phases    ] GC(22)   Merge Heap Roots: 0.1ms
[2020-09-24T03:37:10.045+0000][23404][gc,phases    ] GC(22)   Evacuate Collection Set: 13.5ms
[2020-09-24T03:37:10.045+0000][23404][gc,phases    ] GC(22)   Post Evacuate Collection Set: 1.6ms
[2020-09-24T03:37:10.045+0000][23404][gc,phases    ] GC(22)   Other: 0.8ms
[2020-09-24T03:37:10.045+0000][23404][gc,heap      ] GC(22) Eden regions: 62->0(560)
[2020-09-24T03:37:10.045+0000][23404][gc,heap      ] GC(22) Survivor regions: 25->26(74)
[2020-09-24T03:37:10.045+0000][23404][gc,heap      ] GC(22) Old regions: 50->50
[2020-09-24T03:37:10.045+0000][23404][gc,heap      ] GC(22) Archive regions: 0->0
[2020-09-24T03:37:10.045+0000][23404][gc,heap      ] GC(22) Humongous regions: 257->106
[2020-09-24T03:37:10.045+0000][23404][gc,metaspace ] GC(22) Metaspace: 82133K(88320K)->82133K(88320K) NonClass: 71070K(74752K)->71070K(74752K) Class: 11063K(13568K)->11063K(13568K)
[2020-09-24T03:37:10.046+0000][23404][gc           ] GC(22) Pause Young (Concurrent Start) (G1 Humongous Allocation) 393M->180M(1024M) 17.001ms
[2020-09-24T03:37:10.046+0000][23404][gc,cpu       ] GC(22) User=0.11s Sys=0.00s Real=0.02s
[2020-09-24T03:37:10.046+0000][23404][gc           ] GC(23) Concurrent Cycle
[2020-09-24T03:37:10.046+0000][23404][safepoint    ] Safepoint "G1TryInitiateConcMark", Time since last: 94343700 ns, Reaching safepoint: 211900 ns, At safepoint: 17212000 ns, Total: 17423900 ns
[2020-09-24T03:37:10.046+0000][23404][gc,marking   ] GC(23) Concurrent Clear Claimed Marks
[2020-09-24T03:37:10.046+0000][23404][gc,marking   ] GC(23) Concurrent Clear Claimed Marks 0.671ms
[2020-09-24T03:37:10.047+0000][23404][gc,marking   ] GC(23) Concurrent Scan Root Regions
[2020-09-24T03:37:10.062+0000][23404][gc,marking   ] GC(23) Concurrent Scan Root Regions 14.967ms
[2020-09-24T03:37:10.062+0000][23404][gc,marking   ] GC(23) Concurrent Mark (102.495s)
[2020-09-24T03:37:10.062+0000][23404][gc,marking   ] GC(23) Concurrent Mark From Roots
[2020-09-24T03:37:10.062+0000][23404][gc,task      ] GC(23) Using 2 workers of 2 for marking
[2020-09-24T03:37:10.150+0000][23404][gc,marking   ] GC(23) Concurrent Mark From Roots 88.068ms
[2020-09-24T03:37:10.150+0000][23404][gc,marking   ] GC(23) Concurrent Preclean
[2020-09-24T03:37:10.150+0000][23404][gc,marking   ] GC(23) Concurrent Preclean 0.381ms
[2020-09-24T03:37:10.150+0000][23404][gc,marking   ] GC(23) Concurrent Mark (102.495s, 102.584s) 88.621ms
[2020-09-24T03:37:10.150+0000][23404][gc,start     ] GC(23) Pause Remark
[2020-09-24T03:37:10.153+0000][23404][gc           ] GC(23) Pause Remark 207M->207M(1024M) 3.005ms
[2020-09-24T03:37:10.154+0000][23404][gc,cpu       ] GC(23) User=0.00s Sys=0.00s Real=0.00s
[2020-09-24T03:37:10.154+0000][23404][safepoint    ] Safepoint "G1Concurrent", Time since last: 104542400 ns, Reaching safepoint: 130700 ns, At safepoint: 3223200 ns, Total: 3353900 ns
[2020-09-24T03:37:10.154+0000][23404][gc,marking   ] GC(23) Concurrent Rebuild Remembered Sets
[2020-09-24T03:37:10.200+0000][23404][gc,marking   ] GC(23) Concurrent Rebuild Remembered Sets 46.708ms
[2020-09-24T03:37:10.201+0000][23404][gc,start     ] GC(23) Pause Cleanup
[2020-09-24T03:37:10.201+0000][23404][gc           ] GC(23) Pause Cleanup 271M->271M(1024M) 0.247ms
[2020-09-24T03:37:10.201+0000][23404][gc,cpu       ] GC(23) User=0.00s Sys=0.00s Real=0.00s
[2020-09-24T03:37:10.201+0000][23404][safepoint    ] Safepoint "G1Concurrent", Time since last: 46874600 ns, Reaching safepoint: 173800 ns, At safepoint: 440400 ns, Total: 614200 ns
[2020-09-24T03:37:10.201+0000][23404][gc,marking   ] GC(23) Concurrent Cleanup for Next Mark
[2020-09-24T03:37:10.203+0000][23404][gc,marking   ] GC(23) Concurrent Cleanup for Next Mark 1.797ms
[2020-09-24T03:37:10.203+0000][23404][gc           ] GC(23) Concurrent Cycle 157.417ms
[2020-09-24T03:37:10.296+0000][23404][gc,start     ] GC(24) Pause Young (Concurrent Start) (G1 Humongous Allocation)
[2020-09-24T03:37:10.296+0000][23404][gc,task      ] GC(24) Using 8 workers of 8 for evacuation
[2020-09-24T03:37:10.297+0000][23404][gc,age       ] GC(24) Desired survivor size 38797312 bytes, new threshold 15 (max threshold 15)
[2020-09-24T03:37:10.311+0000][23404][gc,age       ] GC(24) Age table with threshold 15 (max threshold 15)
[2020-09-24T03:37:10.311+0000][23404][gc,age       ] GC(24) - age   1:    1963096 bytes,    1963096 total
[2020-09-24T03:37:10.311+0000][23404][gc,age       ] GC(24) - age   2:     409272 bytes,    2372368 total
[2020-09-24T03:37:10.311+0000][23404][gc,age       ] GC(24) - age   3:     203272 bytes,    2575640 total
[2020-09-24T03:37:10.311+0000][23404][gc,age       ] GC(24) - age   4:     407720 bytes,    2983360 total
[2020-09-24T03:37:10.311+0000][23404][gc,age       ] GC(24) - age   5:     280296 bytes,    3263656 total
[2020-09-24T03:37:10.311+0000][23404][gc,age       ] GC(24) - age   6:     462952 bytes,    3726608 total
[2020-09-24T03:37:10.311+0000][23404][gc,age       ] GC(24) - age   7:     274520 bytes,    4001128 total
[2020-09-24T03:37:10.311+0000][23404][gc,age       ] GC(24) - age   8:    1845880 bytes,    5847008 total
[2020-09-24T03:37:10.311+0000][23404][gc,age       ] GC(24) - age   9:   10739776 bytes,   16586784 total
[2020-09-24T03:37:10.311+0000][23404][gc,age       ] GC(24) - age  10:    8270848 bytes,   24857632 total
[2020-09-24T03:37:10.311+0000][23404][gc,phases    ] GC(24)   Pre Evacuate Collection Set: 0.5ms
[2020-09-24T03:37:10.311+0000][23404][gc,phases    ] GC(24)   Merge Heap Roots: 0.1ms
[2020-09-24T03:37:10.311+0000][23404][gc,phases    ] GC(24)   Evacuate Collection Set: 11.6ms
[2020-09-24T03:37:10.311+0000][23404][gc,phases    ] GC(24)   Post Evacuate Collection Set: 1.9ms
[2020-09-24T03:37:10.311+0000][23404][gc,phases    ] GC(24)   Other: 0.7ms
[2020-09-24T03:37:10.311+0000][23404][gc,heap      ] GC(24) Eden regions: 61->0(560)
[2020-09-24T03:37:10.311+0000][23404][gc,heap      ] GC(24) Survivor regions: 26->26(74)
[2020-09-24T03:37:10.311+0000][23404][gc,heap      ] GC(24) Old regions: 50->50
[2020-09-24T03:37:10.311+0000][23404][gc,heap      ] GC(24) Archive regions: 0->0
[2020-09-24T03:37:10.311+0000][23404][gc,heap      ] GC(24) Humongous regions: 257->106
[2020-09-24T03:37:10.311+0000][23404][gc,metaspace ] GC(24) Metaspace: 82215K(88320K)->82215K(88320K) NonClass: 71151K(74752K)->71151K(74752K) Class: 11063K(13568K)->11063K(13568K)
[2020-09-24T03:37:10.311+0000][23404][gc           ] GC(24) Pause Young (Concurrent Start) (G1 Humongous Allocation) 392M->180M(1024M) 14.914ms
[2020-09-24T03:37:10.311+0000][23404][gc,cpu       ] GC(24) User=0.13s Sys=0.00s Real=0.02s
[2020-09-24T03:37:10.311+0000][23404][gc           ] GC(25) Concurrent Cycle
[2020-09-24T03:37:10.311+0000][23404][safepoint    ] Safepoint "G1TryInitiateConcMark", Time since last: 94943900 ns, Reaching safepoint: 187300 ns, At safepoint: 15077500 ns, Total: 15264800 ns
[2020-09-24T03:37:10.311+0000][23404][gc,marking   ] GC(25) Concurrent Clear Claimed Marks
[2020-09-24T03:37:10.312+0000][23404][gc,marking   ] GC(25) Concurrent Clear Claimed Marks 0.476ms
[2020-09-24T03:37:10.312+0000][23404][gc,marking   ] GC(25) Concurrent Scan Root Regions
[2020-09-24T03:37:10.326+0000][23404][gc,marking   ] GC(25) Concurrent Scan Root Regions 13.724ms
[2020-09-24T03:37:10.326+0000][23404][gc,marking   ] GC(25) Concurrent Mark (102.759s)
[2020-09-24T03:37:10.326+0000][23404][gc,marking   ] GC(25) Concurrent Mark From Roots
[2020-09-24T03:37:10.326+0000][23404][gc,task      ] GC(25) Using 2 workers of 2 for marking
[2020-09-24T03:37:10.402+0000][23404][gc,marking   ] GC(25) Concurrent Mark From Roots 76.490ms
[2020-09-24T03:37:10.402+0000][23404][gc,marking   ] GC(25) Concurrent Preclean
[2020-09-24T03:37:10.403+0000][23404][gc,marking   ] GC(25) Concurrent Preclean 0.380ms
[2020-09-24T03:37:10.403+0000][23404][gc,marking   ] GC(25) Concurrent Mark (102.759s, 102.836s) 77.012ms
[2020-09-24T03:37:10.403+0000][23404][gc,start     ] GC(25) Pause Remark
[2020-09-24T03:37:10.406+0000][23404][gc           ] GC(25) Pause Remark 268M->268M(1024M) 3.073ms
[2020-09-24T03:37:10.406+0000][23404][gc,cpu       ] GC(25) User=0.00s Sys=0.00s Real=0.00s
[2020-09-24T03:37:10.406+0000][23404][safepoint    ] Safepoint "G1Concurrent", Time since last: 91434900 ns, Reaching safepoint: 127100 ns, At safepoint: 3299700 ns, Total: 3426800 ns
[2020-09-24T03:37:10.406+0000][23404][gc,marking   ] GC(25) Concurrent Rebuild Remembered Sets
[2020-09-24T03:37:10.450+0000][23404][gc,marking   ] GC(25) Concurrent Rebuild Remembered Sets 43.496ms
[2020-09-24T03:37:10.450+0000][23404][gc,start     ] GC(25) Pause Cleanup
[2020-09-24T03:37:10.450+0000][23404][gc           ] GC(25) Pause Cleanup 331M->331M(1024M) 0.234ms
[2020-09-24T03:37:10.450+0000][23404][gc,cpu       ] GC(25) User=0.00s Sys=0.00s Real=0.00s
[2020-09-24T03:37:10.450+0000][23404][safepoint    ] Safepoint "G1Concurrent", Time since last: 43638500 ns, Reaching safepoint: 132400 ns, At safepoint: 361900 ns, Total: 494300 ns
[2020-09-24T03:37:10.450+0000][23404][gc,marking   ] GC(25) Concurrent Cleanup for Next Mark
[2020-09-24T03:37:10.452+0000][23404][gc,marking   ] GC(25) Concurrent Cleanup for Next Mark 1.878ms
[2020-09-24T03:37:10.452+0000][23404][gc           ] GC(25) Concurrent Cycle 141.022ms
[2020-09-24T03:37:10.496+0000][23404][gc,start     ] GC(26) Pause Young (Concurrent Start) (G1 Humongous Allocation)
[2020-09-24T03:37:10.496+0000][23404][gc,task      ] GC(26) Using 8 workers of 8 for evacuation
[2020-09-24T03:37:10.496+0000][23404][gc,age       ] GC(26) Desired survivor size 38797312 bytes, new threshold 15 (max threshold 15)
[2020-09-24T03:37:10.513+0000][23404][gc,age       ] GC(26) Age table with threshold 15 (max threshold 15)
[2020-09-24T03:37:10.513+0000][23404][gc,age       ] GC(26) - age   1:    1566168 bytes,    1566168 total
[2020-09-24T03:37:10.513+0000][23404][gc,age       ] GC(26) - age   2:     209792 bytes,    1775960 total
[2020-09-24T03:37:10.513+0000][23404][gc,age       ] GC(26) - age   3:     405088 bytes,    2181048 total
[2020-09-24T03:37:10.513+0000][23404][gc,age       ] GC(26) - age   4:     202040 bytes,    2383088 total
[2020-09-24T03:37:10.513+0000][23404][gc,age       ] GC(26) - age   5:     407640 bytes,    2790728 total
[2020-09-24T03:37:10.513+0000][23404][gc,age       ] GC(26) - age   6:     279816 bytes,    3070544 total
[2020-09-24T03:37:10.513+0000][23404][gc,age       ] GC(26) - age   7:     462856 bytes,    3533400 total
[2020-09-24T03:37:10.513+0000][23404][gc,age       ] GC(26) - age   8:     274456 bytes,    3807856 total
[2020-09-24T03:37:10.513+0000][23404][gc,age       ] GC(26) - age   9:    1845816 bytes,    5653672 total
[2020-09-24T03:37:10.513+0000][23404][gc,age       ] GC(26) - age  10:   10739776 bytes,   16393448 total
[2020-09-24T03:37:10.514+0000][23404][gc,age       ] GC(26) - age  11:    8270848 bytes,   24664296 total
[2020-09-24T03:37:10.514+0000][23404][gc,phases    ] GC(26)   Pre Evacuate Collection Set: 0.6ms
[2020-09-24T03:37:10.514+0000][23404][gc,phases    ] GC(26)   Merge Heap Roots: 0.1ms
[2020-09-24T03:37:10.514+0000][23404][gc,phases    ] GC(26)   Evacuate Collection Set: 14.0ms
[2020-09-24T03:37:10.514+0000][23404][gc,phases    ] GC(26)   Post Evacuate Collection Set: 2.0ms
[2020-09-24T03:37:10.514+0000][23404][gc,phases    ] GC(26)   Other: 0.9ms
[2020-09-24T03:37:10.514+0000][23404][gc,heap      ] GC(26) Eden regions: 61->0(560)
[2020-09-24T03:37:10.514+0000][23404][gc,heap      ] GC(26) Survivor regions: 26->26(74)
[2020-09-24T03:37:10.514+0000][23404][gc,heap      ] GC(26) Old regions: 50->50
[2020-09-24T03:37:10.514+0000][23404][gc,heap      ] GC(26) Archive regions: 0->0
[2020-09-24T03:37:10.514+0000][23404][gc,heap      ] GC(26) Humongous regions: 257->106
[2020-09-24T03:37:10.514+0000][23404][gc,metaspace ] GC(26) Metaspace: 82259K(88320K)->82259K(88320K) NonClass: 71196K(74752K)->71196K(74752K) Class: 11063K(13568K)->11063K(13568K)
[2020-09-24T03:37:10.514+0000][23404][gc           ] GC(26) Pause Young (Concurrent Start) (G1 Humongous Allocation) 392M->180M(1024M) 17.822ms
[2020-09-24T03:37:10.514+0000][23404][gc,cpu       ] GC(26) User=0.11s Sys=0.00s Real=0.02s
[2020-09-24T03:37:10.514+0000][23404][gc           ] GC(27) Concurrent Cycle
[2020-09-24T03:37:10.514+0000][23404][safepoint    ] Safepoint "G1TryInitiateConcMark", Time since last: 45708300 ns, Reaching safepoint: 185400 ns, At safepoint: 17992600 ns, Total: 18178000 ns
[2020-09-24T03:37:10.514+0000][23404][gc,marking   ] GC(27) Concurrent Clear Claimed Marks
[2020-09-24T03:37:10.515+0000][23404][gc,marking   ] GC(27) Concurrent Clear Claimed Marks 0.488ms
[2020-09-24T03:37:10.515+0000][23404][gc,marking   ] GC(27) Concurrent Scan Root Regions
[2020-09-24T03:37:10.530+0000][23404][gc,marking   ] GC(27) Concurrent Scan Root Regions 15.493ms
[2020-09-24T03:37:10.530+0000][23404][gc,marking   ] GC(27) Concurrent Mark (102.964s)
[2020-09-24T03:37:10.530+0000][23404][gc,marking   ] GC(27) Concurrent Mark From Roots
[2020-09-24T03:37:10.530+0000][23404][gc,task      ] GC(27) Using 2 workers of 2 for marking
[2020-09-24T03:37:10.619+0000][23404][gc,marking   ] GC(27) Concurrent Mark From Roots 88.412ms
[2020-09-24T03:37:10.619+0000][23404][gc,marking   ] GC(27) Concurrent Preclean
[2020-09-24T03:37:10.619+0000][23404][gc,marking   ] GC(27) Concurrent Preclean 0.345ms
[2020-09-24T03:37:10.619+0000][23404][gc,marking   ] GC(27) Concurrent Mark (102.964s, 103.053s) 88.934ms
[2020-09-24T03:37:10.619+0000][23404][gc,start     ] GC(27) Pause Remark
[2020-09-24T03:37:10.623+0000][23404][gc           ] GC(27) Pause Remark 199M->199M(1024M) 3.077ms
[2020-09-24T03:37:10.623+0000][23404][gc,cpu       ] GC(27) User=0.00s Sys=0.00s Real=0.00s
[2020-09-24T03:37:10.623+0000][23404][safepoint    ] Safepoint "G1Concurrent", Time since last: 105139600 ns, Reaching safepoint: 145700 ns, At safepoint: 3259500 ns, Total: 3405200 ns
[2020-09-24T03:37:10.623+0000][23404][gc,marking   ] GC(27) Concurrent Rebuild Remembered Sets
[2020-09-24T03:37:10.668+0000][23404][gc,marking   ] GC(27) Concurrent Rebuild Remembered Sets 45.105ms
[2020-09-24T03:37:10.668+0000][23404][gc,start     ] GC(27) Pause Cleanup
[2020-09-24T03:37:10.668+0000][23404][gc           ] GC(27) Pause Cleanup 261M->261M(1024M) 0.236ms
[2020-09-24T03:37:10.668+0000][23404][gc,cpu       ] GC(27) User=0.00s Sys=0.00s Real=0.00s
[2020-09-24T03:37:10.668+0000][23404][safepoint    ] Safepoint "G1Concurrent", Time since last: 45266300 ns, Reaching safepoint: 125400 ns, At safepoint: 388100 ns, Total: 513500 ns
[2020-09-24T03:37:10.669+0000][23404][gc,marking   ] GC(27) Concurrent Cleanup for Next Mark
[2020-09-24T03:37:10.670+0000][23404][gc,marking   ] GC(27) Concurrent Cleanup for Next Mark 1.949ms
[2020-09-24T03:37:10.671+0000][23404][gc           ] GC(27) Concurrent Cycle 156.502ms
[2020-09-24T03:37:10.824+0000][23404][safepoint    ] Safepoint "BulkRevokeBias", Time since last: 154490000 ns, Reaching safepoint: 148200 ns, At safepoint: 1145100 ns, Total: 1293300 ns
[2020-09-24T03:37:10.826+0000][23404][safepoint    ] Safepoint "BulkRevokeBias", Time since last: 517800 ns, Reaching safepoint: 111600 ns, At safepoint: 1055000 ns, Total: 1166600 ns
[2020-09-24T03:37:10.848+0000][23404][gc,start     ] GC(28) Pause Young (Concurrent Start) (G1 Humongous Allocation)
[2020-09-24T03:37:10.848+0000][23404][gc,task      ] GC(28) Using 8 workers of 8 for evacuation
[2020-09-24T03:37:10.848+0000][23404][gc,age       ] GC(28) Desired survivor size 38797312 bytes, new threshold 15 (max threshold 15)
[2020-09-24T03:37:10.866+0000][23404][gc,age       ] GC(28) Age table with threshold 15 (max threshold 15)
[2020-09-24T03:37:10.866+0000][23404][gc,age       ] GC(28) - age   1:    2990280 bytes,    2990280 total
[2020-09-24T03:37:10.866+0000][23404][gc,age       ] GC(28) - age   2:     410232 bytes,    3400512 total
[2020-09-24T03:37:10.866+0000][23404][gc,age       ] GC(28) - age   3:     203736 bytes,    3604248 total
[2020-09-24T03:37:10.866+0000][23404][gc,age       ] GC(28) - age   4:     404392 bytes,    4008640 total
[2020-09-24T03:37:10.866+0000][23404][gc,age       ] GC(28) - age   5:     201776 bytes,    4210416 total
[2020-09-24T03:37:10.866+0000][23404][gc,age       ] GC(28) - age   6:     407352 bytes,    4617768 total
[2020-09-24T03:37:10.866+0000][23404][gc,age       ] GC(28) - age   7:     274896 bytes,    4892664 total
[2020-09-24T03:37:10.866+0000][23404][gc,age       ] GC(28) - age   8:     462696 bytes,    5355360 total
[2020-09-24T03:37:10.866+0000][23404][gc,age       ] GC(28) - age   9:     274456 bytes,    5629816 total
[2020-09-24T03:37:10.866+0000][23404][gc,age       ] GC(28) - age  10:    1844968 bytes,    7474784 total
[2020-09-24T03:37:10.866+0000][23404][gc,age       ] GC(28) - age  11:   10739776 bytes,   18214560 total
[2020-09-24T03:37:10.866+0000][23404][gc,age       ] GC(28) - age  12:    8270848 bytes,   26485408 total
[2020-09-24T03:37:10.866+0000][23404][gc,phases    ] GC(28)   Pre Evacuate Collection Set: 0.7ms
[2020-09-24T03:37:10.866+0000][23404][gc,phases    ] GC(28)   Merge Heap Roots: 0.1ms
[2020-09-24T03:37:10.866+0000][23404][gc,phases    ] GC(28)   Evacuate Collection Set: 14.7ms
[2020-09-24T03:37:10.866+0000][23404][gc,phases    ] GC(28)   Post Evacuate Collection Set: 2.2ms
[2020-09-24T03:37:10.866+0000][23404][gc,phases    ] GC(28)   Other: 0.8ms
[2020-09-24T03:37:10.866+0000][23404][gc,heap      ] GC(28) Eden regions: 79->0(558)
[2020-09-24T03:37:10.866+0000][23404][gc,heap      ] GC(28) Survivor regions: 26->27(74)
[2020-09-24T03:37:10.866+0000][23404][gc,heap      ] GC(28) Old regions: 50->50
[2020-09-24T03:37:10.866+0000][23404][gc,heap      ] GC(28) Archive regions: 0->0
[2020-09-24T03:37:10.866+0000][23404][gc,heap      ] GC(28) Humongous regions: 257->106
[2020-09-24T03:37:10.866+0000][23404][gc,metaspace ] GC(28) Metaspace: 82342K(88320K)->82342K(88320K) NonClass: 71278K(74752K)->71278K(74752K) Class: 11063K(13568K)->11063K(13568K)
[2020-09-24T03:37:10.866+0000][23404][gc           ] GC(28) Pause Young (Concurrent Start) (G1 Humongous Allocation) 410M->181M(1024M) 18.739ms
[2020-09-24T03:37:10.866+0000][23404][gc,cpu       ] GC(28) User=0.13s Sys=0.00s Real=0.02s
[2020-09-24T03:37:10.866+0000][23404][gc           ] GC(29) Concurrent Cycle
[2020-09-24T03:37:10.866+0000][23404][safepoint    ] Safepoint "G1TryInitiateConcMark", Time since last: 21437400 ns, Reaching safepoint: 173300 ns, At safepoint: 18930600 ns, Total: 19103900 ns
[2020-09-24T03:37:10.867+0000][23404][gc,marking   ] GC(29) Concurrent Clear Claimed Marks
[2020-09-24T03:37:10.867+0000][23404][gc,marking   ] GC(29) Concurrent Clear Claimed Marks 0.877ms
[2020-09-24T03:37:10.868+0000][23404][gc,marking   ] GC(29) Concurrent Scan Root Regions
[2020-09-24T03:37:10.885+0000][23404][gc,marking   ] GC(29) Concurrent Scan Root Regions 17.377ms
[2020-09-24T03:37:10.885+0000][23404][gc,marking   ] GC(29) Concurrent Mark (103.319s)
[2020-09-24T03:37:10.885+0000][23404][gc,marking   ] GC(29) Concurrent Mark From Roots
[2020-09-24T03:37:10.885+0000][23404][gc,task      ] GC(29) Using 2 workers of 2 for marking
[2020-09-24T03:37:10.971+0000][23404][gc,marking   ] GC(29) Concurrent Mark From Roots 86.055ms
[2020-09-24T03:37:10.971+0000][23404][gc,marking   ] GC(29) Concurrent Preclean
[2020-09-24T03:37:10.972+0000][23404][gc,marking   ] GC(29) Concurrent Preclean 0.444ms
[2020-09-24T03:37:10.972+0000][23404][gc,marking   ] GC(29) Concurrent Mark (103.319s, 103.405s) 86.656ms
[2020-09-24T03:37:10.972+0000][23404][gc,start     ] GC(29) Pause Remark
[2020-09-24T03:37:10.975+0000][23404][gc           ] GC(29) Pause Remark 310M->310M(1024M) 3.572ms
[2020-09-24T03:37:10.976+0000][23404][gc,cpu       ] GC(29) User=0.00s Sys=0.00s Real=0.00s
[2020-09-24T03:37:10.976+0000][23404][safepoint    ] Safepoint "G1Concurrent", Time since last: 105236000 ns, Reaching safepoint: 119700 ns, At safepoint: 3769800 ns, Total: 3889500 ns
[2020-09-24T03:37:10.976+0000][23404][gc,marking   ] GC(29) Concurrent Rebuild Remembered Sets
[2020-09-24T03:37:11.019+0000][23404][gc,marking   ] GC(29) Concurrent Rebuild Remembered Sets 42.855ms
[2020-09-24T03:37:11.019+0000][23404][gc,start     ] GC(29) Pause Cleanup
[2020-09-24T03:37:11.019+0000][23404][gc           ] GC(29) Pause Cleanup 370M->370M(1024M) 0.202ms
[2020-09-24T03:37:11.019+0000][23404][gc,cpu       ] GC(29) User=0.00s Sys=0.00s Real=0.00s
[2020-09-24T03:37:11.019+0000][23404][safepoint    ] Safepoint "G1Concurrent", Time since last: 43021000 ns, Reaching safepoint: 157200 ns, At safepoint: 351800 ns, Total: 509000 ns
[2020-09-24T03:37:11.019+0000][23404][gc,marking   ] GC(29) Concurrent Cleanup for Next Mark
[2020-09-24T03:37:11.021+0000][23404][gc,marking   ] GC(29) Concurrent Cleanup for Next Mark 1.731ms
[2020-09-24T03:37:11.021+0000][23404][gc           ] GC(29) Concurrent Cycle 154.607ms
[2020-09-24T03:37:11.060+0000][23404][gc,start     ] GC(30) Pause Young (Concurrent Start) (G1 Humongous Allocation)
[2020-09-24T03:37:11.060+0000][23404][gc,task      ] GC(30) Using 8 workers of 8 for evacuation
[2020-09-24T03:37:11.060+0000][23404][gc,age       ] GC(30) Desired survivor size 38797312 bytes, new threshold 15 (max threshold 15)
[2020-09-24T03:37:11.076+0000][23404][gc,age       ] GC(30) Age table with threshold 15 (max threshold 15)
[2020-09-24T03:37:11.076+0000][23404][gc,age       ] GC(30) - age   1:    2946656 bytes,    2946656 total
[2020-09-24T03:37:11.076+0000][23404][gc,age       ] GC(30) - age   2:     415728 bytes,    3362384 total
[2020-09-24T03:37:11.076+0000][23404][gc,age       ] GC(30) - age   3:     406240 bytes,    3768624 total
[2020-09-24T03:37:11.076+0000][23404][gc,age       ] GC(30) - age   4:     202624 bytes,    3971248 total
[2020-09-24T03:37:11.076+0000][23404][gc,age       ] GC(30) - age   5:     403832 bytes,    4375080 total
[2020-09-24T03:37:11.076+0000][23404][gc,age       ] GC(30) - age   6:     201104 bytes,    4576184 total
[2020-09-24T03:37:11.076+0000][23404][gc,age       ] GC(30) - age   7:     407320 bytes,    4983504 total
[2020-09-24T03:37:11.076+0000][23404][gc,age       ] GC(30) - age   8:     274776 bytes,    5258280 total
[2020-09-24T03:37:11.076+0000][23404][gc,age       ] GC(30) - age   9:     462696 bytes,    5720976 total
[2020-09-24T03:37:11.076+0000][23404][gc,age       ] GC(30) - age  10:     274456 bytes,    5995432 total
[2020-09-24T03:37:11.076+0000][23404][gc,age       ] GC(30) - age  11:    1844824 bytes,    7840256 total
[2020-09-24T03:37:11.076+0000][23404][gc,age       ] GC(30) - age  12:   10739776 bytes,   18580032 total
[2020-09-24T03:37:11.076+0000][23404][gc,age       ] GC(30) - age  13:    8270848 bytes,   26850880 total
[2020-09-24T03:37:11.076+0000][23404][gc,phases    ] GC(30)   Pre Evacuate Collection Set: 0.4ms
[2020-09-24T03:37:11.076+0000][23404][gc,phases    ] GC(30)   Merge Heap Roots: 0.1ms
[2020-09-24T03:37:11.076+0000][23404][gc,phases    ] GC(30)   Evacuate Collection Set: 13.3ms
[2020-09-24T03:37:11.076+0000][23404][gc,phases    ] GC(30)   Post Evacuate Collection Set: 1.7ms
[2020-09-24T03:37:11.076+0000][23404][gc,phases    ] GC(30)   Other: 0.6ms
[2020-09-24T03:37:11.076+0000][23404][gc,heap      ] GC(30) Eden regions: 62->0(556)
[2020-09-24T03:37:11.076+0000][23404][gc,heap      ] GC(30) Survivor regions: 27->28(74)
[2020-09-24T03:37:11.077+0000][23404][gc,heap      ] GC(30) Old regions: 50->50
[2020-09-24T03:37:11.077+0000][23404][gc,heap      ] GC(30) Archive regions: 0->0
[2020-09-24T03:37:11.077+0000][23404][gc,heap      ] GC(30) Humongous regions: 257->106
[2020-09-24T03:37:11.077+0000][23404][gc,metaspace ] GC(30) Metaspace: 82376K(88576K)->82376K(88576K) NonClass: 71312K(75008K)->71312K(75008K) Class: 11063K(13568K)->11063K(13568K)
[2020-09-24T03:37:11.077+0000][23404][gc           ] GC(30) Pause Young (Concurrent Start) (G1 Humongous Allocation) 394M->182M(1024M) 16.220ms
[2020-09-24T03:37:11.077+0000][23404][gc,cpu       ] GC(30) User=0.13s Sys=0.00s Real=0.02s
[2020-09-24T03:37:11.077+0000][23404][gc           ] GC(31) Concurrent Cycle
[2020-09-24T03:37:11.077+0000][23404][safepoint    ] Safepoint "G1TryInitiateConcMark", Time since last: 41071100 ns, Reaching safepoint: 137500 ns, At safepoint: 16348100 ns, Total: 16485600 ns
[2020-09-24T03:37:11.077+0000][23404][gc,marking   ] GC(31) Concurrent Clear Claimed Marks
[2020-09-24T03:37:11.077+0000][23404][gc,marking   ] GC(31) Concurrent Clear Claimed Marks 0.387ms
[2020-09-24T03:37:11.077+0000][23404][gc,marking   ] GC(31) Concurrent Scan Root Regions
[2020-09-24T03:37:11.093+0000][23404][gc,marking   ] GC(31) Concurrent Scan Root Regions 15.669ms
[2020-09-24T03:37:11.093+0000][23404][gc,marking   ] GC(31) Concurrent Mark (103.527s)
[2020-09-24T03:37:11.093+0000][23404][gc,marking   ] GC(31) Concurrent Mark From Roots
[2020-09-24T03:37:11.093+0000][23404][gc,task      ] GC(31) Using 2 workers of 2 for marking
[2020-09-24T03:37:11.155+0000][23404][safepoint    ] Safepoint "BulkRevokeBias", Time since last: 77107400 ns, Reaching safepoint: 138400 ns, At safepoint: 853300 ns, Total: 991700 ns
[2020-09-24T03:37:11.158+0000][23404][gc,marking   ] GC(31) Concurrent Mark From Roots 65.174ms
[2020-09-24T03:37:11.158+0000][23404][gc,marking   ] GC(31) Concurrent Preclean
[2020-09-24T03:37:11.159+0000][23404][gc,marking   ] GC(31) Concurrent Preclean 0.360ms
[2020-09-24T03:37:11.159+0000][23404][gc,marking   ] GC(31) Concurrent Mark (103.527s, 103.592s) 65.679ms
[2020-09-24T03:37:11.159+0000][23404][gc,start     ] GC(31) Pause Remark
[2020-09-24T03:37:11.162+0000][23404][gc           ] GC(31) Pause Remark 307M->307M(1024M) 2.884ms
[2020-09-24T03:37:11.162+0000][23404][gc,cpu       ] GC(31) User=0.00s Sys=0.00s Real=0.00s
[2020-09-24T03:37:11.162+0000][23404][safepoint    ] Safepoint "G1Concurrent", Time since last: 3835700 ns, Reaching safepoint: 110000 ns, At safepoint: 3068400 ns, Total: 3178400 ns
[2020-09-24T03:37:11.162+0000][23404][gc,marking   ] GC(31) Concurrent Rebuild Remembered Sets
[2020-09-24T03:37:11.201+0000][23404][gc,marking   ] GC(31) Concurrent Rebuild Remembered Sets 39.209ms
[2020-09-24T03:37:11.201+0000][23404][gc,start     ] GC(31) Pause Cleanup
[2020-09-24T03:37:11.202+0000][23404][gc           ] GC(31) Pause Cleanup 372M->372M(1024M) 0.206ms
[2020-09-24T03:37:11.202+0000][23404][gc,cpu       ] GC(31) User=0.00s Sys=0.00s Real=0.00s
[2020-09-24T03:37:11.202+0000][23404][safepoint    ] Safepoint "G1Concurrent", Time since last: 39350600 ns, Reaching safepoint: 146800 ns, At safepoint: 339900 ns, Total: 486700 ns
[2020-09-24T03:37:11.202+0000][23404][gc,marking   ] GC(31) Concurrent Cleanup for Next Mark
[2020-09-24T03:37:11.204+0000][23404][gc,marking   ] GC(31) Concurrent Cleanup for Next Mark 1.800ms
[2020-09-24T03:37:11.204+0000][23404][gc           ] GC(31) Concurrent Cycle 126.966ms
[2020-09-24T03:37:12.310+0000][23404][safepoint    ] Safepoint "Cleanup", Time since last: 1107095500 ns, Reaching safepoint: 257200 ns, At safepoint: 36300 ns, Total: 293500 ns
[2020-09-24T03:37:12.311+0000][23404][gc,start     ] GC(32) Pause Young (Concurrent Start) (G1 Humongous Allocation)
[2020-09-24T03:37:12.311+0000][23404][gc,task      ] GC(32) Using 8 workers of 8 for evacuation
[2020-09-24T03:37:12.311+0000][23404][gc,age       ] GC(32) Desired survivor size 38273024 bytes, new threshold 15 (max threshold 15)
[2020-09-24T03:37:12.325+0000][23404][gc,age       ] GC(32) Age table with threshold 15 (max threshold 15)
[2020-09-24T03:37:12.325+0000][23404][gc,age       ] GC(32) - age   1:     703552 bytes,     703552 total
[2020-09-24T03:37:12.325+0000][23404][gc,age       ] GC(32) - age   2:     200824 bytes,     904376 total
[2020-09-24T03:37:12.326+0000][23404][gc,age       ] GC(32) - age   3:     403120 bytes,    1307496 total
[2020-09-24T03:37:12.326+0000][23404][gc,age       ] GC(32) - age   4:     200520 bytes,    1508016 total
[2020-09-24T03:37:12.326+0000][23404][gc,age       ] GC(32) - age   5:       4184 bytes,    1512200 total
[2020-09-24T03:37:12.326+0000][23404][gc,age       ] GC(32) - age   6:       5608 bytes,    1517808 total
[2020-09-24T03:37:12.326+0000][23404][gc,age       ] GC(32) - age   7:     200736 bytes,    1718544 total
[2020-09-24T03:37:12.326+0000][23404][gc,age       ] GC(32) - age   8:     407224 bytes,    2125768 total
[2020-09-24T03:37:12.326+0000][23404][gc,age       ] GC(32) - age   9:     274472 bytes,    2400240 total
[2020-09-24T03:37:12.326+0000][23404][gc,age       ] GC(32) - age  10:     461944 bytes,    2862184 total
[2020-09-24T03:37:12.326+0000][23404][gc,age       ] GC(32) - age  11:     274040 bytes,    3136224 total
[2020-09-24T03:37:12.326+0000][23404][gc,age       ] GC(32) - age  12:    1844088 bytes,    4980312 total
[2020-09-24T03:37:12.326+0000][23404][gc,age       ] GC(32) - age  13:   10738064 bytes,   15718376 total
[2020-09-24T03:37:12.326+0000][23404][gc,age       ] GC(32) - age  14:    8270800 bytes,   23989176 total
[2020-09-24T03:37:12.326+0000][23404][gc,phases    ] GC(32)   Pre Evacuate Collection Set: 0.3ms
[2020-09-24T03:37:12.326+0000][23404][gc,phases    ] GC(32)   Merge Heap Roots: 0.1ms
[2020-09-24T03:37:12.326+0000][23404][gc,phases    ] GC(32)   Evacuate Collection Set: 12.1ms
[2020-09-24T03:37:12.326+0000][23404][gc,phases    ] GC(32)   Post Evacuate Collection Set: 2.0ms
[2020-09-24T03:37:12.326+0000][23404][gc,phases    ] GC(32)   Other: 0.7ms
[2020-09-24T03:37:12.326+0000][23404][gc,heap      ] GC(32) Eden regions: 78->0(562)
[2020-09-24T03:37:12.326+0000][23404][gc,heap      ] GC(32) Survivor regions: 28->25(73)
[2020-09-24T03:37:12.326+0000][23404][gc,heap      ] GC(32) Old regions: 50->50
[2020-09-24T03:37:12.326+0000][23404][gc,heap      ] GC(32) Archive regions: 0->0
[2020-09-24T03:37:12.326+0000][23404][gc,heap      ] GC(32) Humongous regions: 246->106
[2020-09-24T03:37:12.326+0000][23404][gc,metaspace ] GC(32) Metaspace: 82580K(88576K)->82580K(88576K) NonClass: 71512K(75008K)->71512K(75008K) Class: 11068K(13568K)->11068K(13568K)
[2020-09-24T03:37:12.326+0000][23404][gc           ] GC(32) Pause Young (Concurrent Start) (G1 Humongous Allocation) 400M->180M(1024M) 15.638ms
[2020-09-24T03:37:12.326+0000][23404][gc,cpu       ] GC(32) User=0.13s Sys=0.00s Real=0.01s
[2020-09-24T03:37:12.326+0000][23404][gc           ] GC(33) Concurrent Cycle
[2020-09-24T03:37:12.326+0000][23404][gc,marking   ] GC(33) Concurrent Clear Claimed Marks
[2020-09-24T03:37:12.327+0000][23404][safepoint    ] Safepoint "G1TryInitiateConcMark", Time since last: 638400 ns, Reaching safepoint: 319100 ns, At safepoint: 15916400 ns, Total: 16235500 ns
[2020-09-24T03:37:12.327+0000][23404][gc,marking   ] GC(33) Concurrent Clear Claimed Marks 0.356ms
[2020-09-24T03:37:12.327+0000][23404][gc,marking   ] GC(33) Concurrent Scan Root Regions
[2020-09-24T03:37:12.346+0000][23404][gc,marking   ] GC(33) Concurrent Scan Root Regions 19.037ms
[2020-09-24T03:37:12.346+0000][23404][gc,marking   ] GC(33) Concurrent Mark (104.779s)
[2020-09-24T03:37:12.346+0000][23404][gc,marking   ] GC(33) Concurrent Mark From Roots
[2020-09-24T03:37:12.346+0000][23404][gc,task      ] GC(33) Using 2 workers of 2 for marking
[2020-09-24T03:37:12.417+0000][23404][gc,marking   ] GC(33) Concurrent Mark From Roots 71.207ms
[2020-09-24T03:37:12.417+0000][23404][gc,marking   ] GC(33) Concurrent Preclean
[2020-09-24T03:37:12.417+0000][23404][gc,marking   ] GC(33) Concurrent Preclean 0.190ms
[2020-09-24T03:37:12.417+0000][23404][gc,marking   ] GC(33) Concurrent Mark (104.779s, 104.851s) 71.498ms
[2020-09-24T03:37:12.418+0000][23404][gc,start     ] GC(33) Pause Remark
[2020-09-24T03:37:12.420+0000][23404][gc           ] GC(33) Pause Remark 324M->324M(1024M) 2.632ms
[2020-09-24T03:37:12.420+0000][23404][gc,cpu       ] GC(33) User=0.00s Sys=0.00s Real=0.00s
[2020-09-24T03:37:12.421+0000][23404][safepoint    ] Safepoint "G1Concurrent", Time since last: 91035800 ns, Reaching safepoint: 177200 ns, At safepoint: 2798800 ns, Total: 2976000 ns
[2020-09-24T03:37:12.421+0000][23404][gc,marking   ] GC(33) Concurrent Rebuild Remembered Sets
[2020-09-24T03:37:12.454+0000][23404][gc,marking   ] GC(33) Concurrent Rebuild Remembered Sets 33.812ms
[2020-09-24T03:37:12.455+0000][23404][gc,start     ] GC(33) Pause Cleanup
[2020-09-24T03:37:12.455+0000][23404][gc           ] GC(33) Pause Cleanup 334M->334M(1024M) 0.202ms
[2020-09-24T03:37:12.455+0000][23404][gc,cpu       ] GC(33) User=0.00s Sys=0.00s Real=0.00s
[2020-09-24T03:37:12.455+0000][23404][safepoint    ] Safepoint "G1Concurrent", Time since last: 33955100 ns, Reaching safepoint: 130500 ns, At safepoint: 344600 ns, Total: 475100 ns
[2020-09-24T03:37:12.455+0000][23404][gc,marking   ] GC(33) Concurrent Cleanup for Next Mark
[2020-09-24T03:37:12.457+0000][23404][gc,marking   ] GC(33) Concurrent Cleanup for Next Mark 1.893ms
[2020-09-24T03:37:12.457+0000][23404][gc           ] GC(33) Concurrent Cycle 130.595ms
[2020-09-24T03:37:12.467+0000][23404][gc,start     ] GC(34) Pause Young (Concurrent Start) (G1 Humongous Allocation)
[2020-09-24T03:37:12.467+0000][23404][gc,task      ] GC(34) Using 8 workers of 8 for evacuation
[2020-09-24T03:37:12.467+0000][23404][gc,age       ] GC(34) Desired survivor size 38797312 bytes, new threshold 15 (max threshold 15)
[2020-09-24T03:37:12.483+0000][23404][gc,age       ] GC(34) Age table with threshold 15 (max threshold 15)
[2020-09-24T03:37:12.483+0000][23404][gc,age       ] GC(34) - age   1:    4163824 bytes,    4163824 total
[2020-09-24T03:37:12.483+0000][23404][gc,age       ] GC(34) - age   2:     443664 bytes,    4607488 total
[2020-09-24T03:37:12.483+0000][23404][gc,age       ] GC(34) - age   3:       2800 bytes,    4610288 total
[2020-09-24T03:37:12.483+0000][23404][gc,age       ] GC(34) - age   4:       4368 bytes,    4614656 total
[2020-09-24T03:37:12.483+0000][23404][gc,age       ] GC(34) - age   5:       2960 bytes,    4617616 total
[2020-09-24T03:37:12.483+0000][23404][gc,age       ] GC(34) - age   6:       3600 bytes,    4621216 total
[2020-09-24T03:37:12.483+0000][23404][gc,age       ] GC(34) - age   7:       5576 bytes,    4626792 total
[2020-09-24T03:37:12.483+0000][23404][gc,age       ] GC(34) - age   8:       3168 bytes,    4629960 total
[2020-09-24T03:37:12.483+0000][23404][gc,age       ] GC(34) - age   9:       6104 bytes,    4636064 total
[2020-09-24T03:37:12.483+0000][23404][gc,age       ] GC(34) - age  10:      76640 bytes,    4712704 total
[2020-09-24T03:37:12.483+0000][23404][gc,age       ] GC(34) - age  11:     264216 bytes,    4976920 total
[2020-09-24T03:37:12.483+0000][23404][gc,age       ] GC(34) - age  12:     274040 bytes,    5250960 total
[2020-09-24T03:37:12.483+0000][23404][gc,age       ] GC(34) - age  13:    1844088 bytes,    7095048 total
[2020-09-24T03:37:12.483+0000][23404][gc,age       ] GC(34) - age  14:   10737680 bytes,   17832728 total
[2020-09-24T03:37:12.483+0000][23404][gc,age       ] GC(34) - age  15:    8270800 bytes,   26103528 total
[2020-09-24T03:37:12.483+0000][23404][gc,phases    ] GC(34)   Pre Evacuate Collection Set: 0.4ms
[2020-09-24T03:37:12.483+0000][23404][gc,phases    ] GC(34)   Merge Heap Roots: 0.1ms
[2020-09-24T03:37:12.483+0000][23404][gc,phases    ] GC(34)   Evacuate Collection Set: 13.1ms
[2020-09-24T03:37:12.483+0000][23404][gc,phases    ] GC(34)   Post Evacuate Collection Set: 1.9ms
[2020-09-24T03:37:12.483+0000][23404][gc,phases    ] GC(34)   Other: 0.7ms
[2020-09-24T03:37:12.483+0000][23404][gc,heap      ] GC(34) Eden regions: 39->0(415)
[2020-09-24T03:37:12.484+0000][23404][gc,heap      ] GC(34) Survivor regions: 25->28(74)
[2020-09-24T03:37:12.484+0000][23404][gc,heap      ] GC(34) Old regions: 50->50
[2020-09-24T03:37:12.484+0000][23404][gc,heap      ] GC(34) Archive regions: 0->0
[2020-09-24T03:37:12.484+0000][23404][gc,heap      ] GC(34) Humongous regions: 257->174
[2020-09-24T03:37:12.484+0000][23404][gc,metaspace ] GC(34) Metaspace: 82630K(88832K)->82630K(88832K) NonClass: 71562K(75264K)->71562K(75264K) Class: 11068K(13568K)->11068K(13568K)
[2020-09-24T03:37:12.484+0000][23404][gc           ] GC(34) Pause Young (Concurrent Start) (G1 Humongous Allocation) 369M->250M(1024M) 16.369ms
[2020-09-24T03:37:12.484+0000][23404][gc,cpu       ] GC(34) User=0.13s Sys=0.00s Real=0.02s
[2020-09-24T03:37:12.484+0000][23404][gc           ] GC(35) Concurrent Cycle
[2020-09-24T03:37:12.484+0000][23404][safepoint    ] Safepoint "G1TryInitiateConcMark", Time since last: 12088600 ns, Reaching safepoint: 159200 ns, At safepoint: 16533400 ns, Total: 16692600 ns
[2020-09-24T03:37:12.484+0000][23404][gc,marking   ] GC(35) Concurrent Clear Claimed Marks
[2020-09-24T03:37:12.484+0000][23404][gc,marking   ] GC(35) Concurrent Clear Claimed Marks 0.476ms
[2020-09-24T03:37:12.484+0000][23404][gc,marking   ] GC(35) Concurrent Scan Root Regions
[2020-09-24T03:37:12.500+0000][23404][gc,marking   ] GC(35) Concurrent Scan Root Regions 15.671ms
[2020-09-24T03:37:12.500+0000][23404][gc,marking   ] GC(35) Concurrent Mark (104.933s)
[2020-09-24T03:37:12.500+0000][23404][gc,marking   ] GC(35) Concurrent Mark From Roots
[2020-09-24T03:37:12.500+0000][23404][gc,task      ] GC(35) Using 2 workers of 2 for marking
[2020-09-24T03:37:12.527+0000][23404][safepoint    ] Safepoint "BulkRevokeBias", Time since last: 41942400 ns, Reaching safepoint: 190700 ns, At safepoint: 1358400 ns, Total: 1549100 ns
[2020-09-24T03:37:12.559+0000][23404][gc,marking   ] GC(35) Concurrent Mark From Roots 59.376ms
[2020-09-24T03:37:12.560+0000][23404][gc,marking   ] GC(35) Concurrent Preclean
[2020-09-24T03:37:12.560+0000][23404][gc,marking   ] GC(35) Concurrent Preclean 0.219ms
[2020-09-24T03:37:12.560+0000][23404][gc,marking   ] GC(35) Concurrent Mark (104.933s, 104.993s) 59.740ms
[2020-09-24T03:37:12.560+0000][23404][gc,start     ] GC(35) Pause Remark
[2020-09-24T03:37:12.563+0000][23404][gc           ] GC(35) Pause Remark 290M->290M(1024M) 3.148ms
[2020-09-24T03:37:12.563+0000][23404][gc,cpu       ] GC(35) User=0.00s Sys=0.00s Real=0.00s
[2020-09-24T03:37:12.563+0000][23404][safepoint    ] Safepoint "G1Concurrent", Time since last: 32620800 ns, Reaching safepoint: 115800 ns, At safepoint: 3360300 ns, Total: 3476100 ns
[2020-09-24T03:37:12.563+0000][23404][gc,marking   ] GC(35) Concurrent Rebuild Remembered Sets
[2020-09-24T03:37:12.602+0000][23404][gc,marking   ] GC(35) Concurrent Rebuild Remembered Sets 38.582ms
[2020-09-24T03:37:12.602+0000][23404][gc,start     ] GC(35) Pause Cleanup
[2020-09-24T03:37:12.602+0000][23404][gc           ] GC(35) Pause Cleanup 290M->290M(1024M) 0.231ms
[2020-09-24T03:37:12.602+0000][23404][gc,cpu       ] GC(35) User=0.00s Sys=0.00s Real=0.00s
[2020-09-24T03:37:12.603+0000][23404][safepoint    ] Safepoint "G1Concurrent", Time since last: 38730100 ns, Reaching safepoint: 118700 ns, At safepoint: 365300 ns, Total: 484000 ns
[2020-09-24T03:37:12.603+0000][23404][gc,marking   ] GC(35) Concurrent Cleanup for Next Mark
[2020-09-24T03:37:12.604+0000][23404][gc,marking   ] GC(35) Concurrent Cleanup for Next Mark 1.758ms
[2020-09-24T03:37:12.604+0000][23404][gc           ] GC(35) Concurrent Cycle 120.767ms
[2020-09-24T03:37:12.727+0000][23404][gc,start     ] GC(36) Pause Young (Concurrent Start) (G1 Humongous Allocation)
[2020-09-24T03:37:12.727+0000][23404][gc,task      ] GC(36) Using 8 workers of 8 for evacuation
[2020-09-24T03:37:12.727+0000][23404][gc,age       ] GC(36) Desired survivor size 29360128 bytes, new threshold 15 (max threshold 15)
[2020-09-24T03:37:12.743+0000][23404][gc,age       ] GC(36) Age table with threshold 15 (max threshold 15)
[2020-09-24T03:37:12.743+0000][23404][gc,age       ] GC(36) - age   1:   11904560 bytes,   11904560 total
[2020-09-24T03:37:12.743+0000][23404][gc,age       ] GC(36) - age   2:    1828552 bytes,   13733112 total
[2020-09-24T03:37:12.743+0000][23404][gc,age       ] GC(36) - age   3:     442192 bytes,   14175304 total
[2020-09-24T03:37:12.743+0000][23404][gc,age       ] GC(36) - age   4:       2120 bytes,   14177424 total
[2020-09-24T03:37:12.743+0000][23404][gc,age       ] GC(36) - age   5:       3912 bytes,   14181336 total
[2020-09-24T03:37:12.743+0000][23404][gc,age       ] GC(36) - age   6:       2320 bytes,   14183656 total
[2020-09-24T03:37:12.743+0000][23404][gc,age       ] GC(36) - age   7:       3408 bytes,   14187064 total
[2020-09-24T03:37:12.743+0000][23404][gc,age       ] GC(36) - age   8:       5544 bytes,   14192608 total
[2020-09-24T03:37:12.743+0000][23404][gc,age       ] GC(36) - age   9:       3168 bytes,   14195776 total
[2020-09-24T03:37:12.743+0000][23404][gc,age       ] GC(36) - age  10:       6104 bytes,   14201880 total
[2020-09-24T03:37:12.743+0000][23404][gc,age       ] GC(36) - age  11:      76368 bytes,   14278248 total
[2020-09-24T03:37:12.743+0000][23404][gc,age       ] GC(36) - age  12:     263968 bytes,   14542216 total
[2020-09-24T03:37:12.743+0000][23404][gc,age       ] GC(36) - age  13:     274040 bytes,   14816256 total
[2020-09-24T03:37:12.743+0000][23404][gc,age       ] GC(36) - age  14:    1843704 bytes,   16659960 total
[2020-09-24T03:37:12.743+0000][23404][gc,age       ] GC(36) - age  15:   10737296 bytes,   27397256 total
[2020-09-24T03:37:12.743+0000][23404][gc,phases    ] GC(36)   Pre Evacuate Collection Set: 0.3ms
[2020-09-24T03:37:12.743+0000][23404][gc,phases    ] GC(36)   Merge Heap Roots: 0.1ms
[2020-09-24T03:37:12.743+0000][23404][gc,phases    ] GC(36)   Evacuate Collection Set: 14.3ms
[2020-09-24T03:37:12.743+0000][23404][gc,phases    ] GC(36)   Post Evacuate Collection Set: 1.3ms
[2020-09-24T03:37:12.743+0000][23404][gc,phases    ] GC(36)   Other: 0.6ms
[2020-09-24T03:37:12.743+0000][23404][gc,heap      ] GC(36) Eden regions: 45->0(417)
[2020-09-24T03:37:12.743+0000][23404][gc,heap      ] GC(36) Survivor regions: 28->29(56)
[2020-09-24T03:37:12.743+0000][23404][gc,heap      ] GC(36) Old regions: 50->58
[2020-09-24T03:37:12.743+0000][23404][gc,heap      ] GC(36) Archive regions: 0->0
[2020-09-24T03:37:12.743+0000][23404][gc,heap      ] GC(36) Humongous regions: 257->174
[2020-09-24T03:37:12.743+0000][23404][gc,metaspace ] GC(36) Metaspace: 82679K(88832K)->82679K(88832K) NonClass: 71611K(75264K)->71611K(75264K) Class: 11068K(13568K)->11068K(13568K)
[2020-09-24T03:37:12.743+0000][23404][gc           ] GC(36) Pause Young (Concurrent Start) (G1 Humongous Allocation) 378M->259M(1024M) 16.734ms
[2020-09-24T03:37:12.743+0000][23404][gc,cpu       ] GC(36) User=0.13s Sys=0.00s Real=0.02s
[2020-09-24T03:37:12.743+0000][23404][gc           ] GC(37) Concurrent Cycle
[2020-09-24T03:37:12.743+0000][23404][safepoint    ] Safepoint "G1TryInitiateConcMark", Time since last: 123753000 ns, Reaching safepoint: 210600 ns, At safepoint: 16894200 ns, Total: 17104800 ns
[2020-09-24T03:37:12.743+0000][23404][gc,marking   ] GC(37) Concurrent Clear Claimed Marks
[2020-09-24T03:37:12.744+0000][23404][gc,marking   ] GC(37) Concurrent Clear Claimed Marks 0.978ms
[2020-09-24T03:37:12.745+0000][23404][gc,marking   ] GC(37) Concurrent Scan Root Regions
[2020-09-24T03:37:12.768+0000][23404][gc,marking   ] GC(37) Concurrent Scan Root Regions 23.887ms
[2020-09-24T03:37:12.769+0000][23404][gc,marking   ] GC(37) Concurrent Mark (105.202s)
[2020-09-24T03:37:12.769+0000][23404][gc,marking   ] GC(37) Concurrent Mark From Roots
[2020-09-24T03:37:12.769+0000][23404][gc,task      ] GC(37) Using 2 workers of 2 for marking
[2020-09-24T03:37:12.855+0000][23404][gc,marking   ] GC(37) Concurrent Mark From Roots 86.876ms
[2020-09-24T03:37:12.856+0000][23404][gc,marking   ] GC(37) Concurrent Preclean
[2020-09-24T03:37:12.856+0000][23404][gc,marking   ] GC(37) Concurrent Preclean 0.361ms
[2020-09-24T03:37:12.856+0000][23404][gc,marking   ] GC(37) Concurrent Mark (105.202s, 105.289s) 87.422ms
[2020-09-24T03:37:12.856+0000][23404][gc,start     ] GC(37) Pause Remark
[2020-09-24T03:37:12.860+0000][23404][gc           ] GC(37) Pause Remark 527M->527M(1024M) 3.751ms
[2020-09-24T03:37:12.860+0000][23404][gc,cpu       ] GC(37) User=0.00s Sys=0.00s Real=0.00s
[2020-09-24T03:37:12.860+0000][23404][safepoint    ] Safepoint "G1Concurrent", Time since last: 112629100 ns, Reaching safepoint: 167500 ns, At safepoint: 3944000 ns, Total: 4111500 ns
[2020-09-24T03:37:12.860+0000][23404][gc,marking   ] GC(37) Concurrent Rebuild Remembered Sets
[2020-09-24T03:37:12.909+0000][23404][gc,marking   ] GC(37) Concurrent Rebuild Remembered Sets 48.418ms
[2020-09-24T03:37:12.909+0000][23404][gc,start     ] GC(37) Pause Cleanup
[2020-09-24T03:37:12.909+0000][23404][gc           ] GC(37) Pause Cleanup 528M->528M(1024M) 0.244ms
[2020-09-24T03:37:12.909+0000][23404][gc,cpu       ] GC(37) User=0.00s Sys=0.00s Real=0.00s
[2020-09-24T03:37:12.909+0000][23404][safepoint    ] Safepoint "G1Concurrent", Time since last: 48689300 ns, Reaching safepoint: 141300 ns, At safepoint: 395900 ns, Total: 537200 ns
[2020-09-24T03:37:12.909+0000][23404][gc,marking   ] GC(37) Concurrent Cleanup for Next Mark
[2020-09-24T03:37:12.911+0000][23404][gc,marking   ] GC(37) Concurrent Cleanup for Next Mark 1.808ms
[2020-09-24T03:37:12.911+0000][23404][gc           ] GC(37) Concurrent Cycle 167.982ms
[2020-09-24T03:37:12.988+0000][23404][gc,start     ] GC(38) Pause Young (Concurrent Start) (G1 Humongous Allocation)
[2020-09-24T03:37:12.988+0000][23404][gc,task      ] GC(38) Using 8 workers of 8 for evacuation
[2020-09-24T03:37:12.989+0000][23404][gc,age       ] GC(38) Desired survivor size 29360128 bytes, new threshold 15 (max threshold 15)
[2020-09-24T03:37:13.001+0000][23404][gc,age       ] GC(38) Age table with threshold 15 (max threshold 15)
[2020-09-24T03:37:13.001+0000][23404][gc,age       ] GC(38) - age   1:    8708752 bytes,    8708752 total
[2020-09-24T03:37:13.001+0000][23404][gc,age       ] GC(38) - age   2:     142688 bytes,    8851440 total
[2020-09-24T03:37:13.001+0000][23404][gc,age       ] GC(38) - age   3:    1820416 bytes,   10671856 total
[2020-09-24T03:37:13.001+0000][23404][gc,age       ] GC(38) - age   4:     440872 bytes,   11112728 total
[2020-09-24T03:37:13.001+0000][23404][gc,age       ] GC(38) - age   5:       1928 bytes,   11114656 total
[2020-09-24T03:37:13.001+0000][23404][gc,age       ] GC(38) - age   6:       3912 bytes,   11118568 total
[2020-09-24T03:37:13.001+0000][23404][gc,age       ] GC(38) - age   7:       2320 bytes,   11120888 total
[2020-09-24T03:37:13.001+0000][23404][gc,age       ] GC(38) - age   8:       3408 bytes,   11124296 total
[2020-09-24T03:37:13.001+0000][23404][gc,age       ] GC(38) - age   9:       5320 bytes,   11129616 total
[2020-09-24T03:37:13.001+0000][23404][gc,age       ] GC(38) - age  10:       3168 bytes,   11132784 total
[2020-09-24T03:37:13.001+0000][23404][gc,age       ] GC(38) - age  11:       6104 bytes,   11138888 total
[2020-09-24T03:37:13.001+0000][23404][gc,age       ] GC(38) - age  12:      76240 bytes,   11215128 total
[2020-09-24T03:37:13.001+0000][23404][gc,age       ] GC(38) - age  13:     263808 bytes,   11478936 total
[2020-09-24T03:37:13.001+0000][23404][gc,age       ] GC(38) - age  14:     274040 bytes,   11752976 total
[2020-09-24T03:37:13.001+0000][23404][gc,age       ] GC(38) - age  15:    1843656 bytes,   13596632 total
[2020-09-24T03:37:13.001+0000][23404][gc,phases    ] GC(38)   Pre Evacuate Collection Set: 0.4ms
[2020-09-24T03:37:13.001+0000][23404][gc,phases    ] GC(38)   Merge Heap Roots: 0.1ms
[2020-09-24T03:37:13.001+0000][23404][gc,phases    ] GC(38)   Evacuate Collection Set: 10.3ms
[2020-09-24T03:37:13.001+0000][23404][gc,phases    ] GC(38)   Post Evacuate Collection Set: 1.2ms
[2020-09-24T03:37:13.001+0000][23404][gc,phases    ] GC(38)   Other: 0.8ms
[2020-09-24T03:37:13.001+0000][23404][gc,heap      ] GC(38) Eden regions: 93->0(432)
[2020-09-24T03:37:13.001+0000][23404][gc,heap      ] GC(38) Survivor regions: 29->15(56)
[2020-09-24T03:37:13.001+0000][23404][gc,heap      ] GC(38) Old regions: 58->69
[2020-09-24T03:37:13.001+0000][23404][gc,heap      ] GC(38) Archive regions: 0->0
[2020-09-24T03:37:13.001+0000][23404][gc,heap      ] GC(38) Humongous regions: 372->174
[2020-09-24T03:37:13.001+0000][23404][gc,metaspace ] GC(38) Metaspace: 82827K(89088K)->82827K(89088K) NonClass: 71748K(75520K)->71748K(75520K) Class: 11078K(13568K)->11078K(13568K)
[2020-09-24T03:37:13.001+0000][23404][gc           ] GC(38) Pause Young (Concurrent Start) (G1 Humongous Allocation) 550M->256M(1024M) 12.886ms
[2020-09-24T03:37:13.001+0000][23404][gc,cpu       ] GC(38) User=0.11s Sys=0.00s Real=0.01s
[2020-09-24T03:37:13.001+0000][23404][gc           ] GC(39) Concurrent Cycle
[2020-09-24T03:37:13.001+0000][23404][gc,marking   ] GC(39) Concurrent Clear Claimed Marks
[2020-09-24T03:37:13.001+0000][23404][safepoint    ] Safepoint "G1TryInitiateConcMark", Time since last: 78767400 ns, Reaching safepoint: 174900 ns, At safepoint: 13195800 ns, Total: 13370700 ns
[2020-09-24T03:37:13.002+0000][23404][gc,marking   ] GC(39) Concurrent Clear Claimed Marks 0.718ms
[2020-09-24T03:37:13.002+0000][23404][gc,marking   ] GC(39) Concurrent Scan Root Regions
[2020-09-24T03:37:13.021+0000][23404][gc,marking   ] GC(39) Concurrent Scan Root Regions 18.771ms
[2020-09-24T03:37:13.021+0000][23404][gc,marking   ] GC(39) Concurrent Mark (105.454s)
[2020-09-24T03:37:13.021+0000][23404][gc,marking   ] GC(39) Concurrent Mark From Roots
[2020-09-24T03:37:13.021+0000][23404][gc,task      ] GC(39) Using 2 workers of 2 for marking
[2020-09-24T03:37:13.126+0000][23404][gc,marking   ] GC(39) Concurrent Mark From Roots 104.939ms
[2020-09-24T03:37:13.126+0000][23404][gc,marking   ] GC(39) Concurrent Preclean
[2020-09-24T03:37:13.126+0000][23404][gc,marking   ] GC(39) Concurrent Preclean 0.338ms
[2020-09-24T03:37:13.126+0000][23404][gc,marking   ] GC(39) Concurrent Mark (105.454s, 105.560s) 105.386ms
[2020-09-24T03:37:13.127+0000][23404][gc,start     ] GC(39) Pause Remark
[2020-09-24T03:37:13.131+0000][23404][gc           ] GC(39) Pause Remark 582M->582M(1024M) 4.054ms
[2020-09-24T03:37:13.131+0000][23404][gc,cpu       ] GC(39) User=0.00s Sys=0.00s Real=0.00s
[2020-09-24T03:37:13.131+0000][23404][safepoint    ] Safepoint "G1Concurrent", Time since last: 125037100 ns, Reaching safepoint: 181700 ns, At safepoint: 4326200 ns, Total: 4507900 ns
[2020-09-24T03:37:13.131+0000][23404][gc,marking   ] GC(39) Concurrent Rebuild Remembered Sets
[2020-09-24T03:37:13.184+0000][23404][gc,marking   ] GC(39) Concurrent Rebuild Remembered Sets 52.716ms
[2020-09-24T03:37:13.184+0000][23404][gc,start     ] GC(39) Pause Cleanup
[2020-09-24T03:37:13.184+0000][23404][gc           ] GC(39) Pause Cleanup 598M->598M(1024M) 0.395ms
[2020-09-24T03:37:13.185+0000][23404][gc,cpu       ] GC(39) User=0.00s Sys=0.00s Real=0.00s
[2020-09-24T03:37:13.185+0000][23404][safepoint    ] Safepoint "G1Concurrent", Time since last: 52888000 ns, Reaching safepoint: 143100 ns, At safepoint: 534800 ns, Total: 677900 ns
[2020-09-24T03:37:13.185+0000][23404][gc,marking   ] GC(39) Concurrent Cleanup for Next Mark
[2020-09-24T03:37:13.187+0000][23404][gc,marking   ] GC(39) Concurrent Cleanup for Next Mark 1.839ms
[2020-09-24T03:37:13.187+0000][23404][gc           ] GC(39) Concurrent Cycle 185.322ms
[2020-09-24T03:37:13.187+0000][23404][gc,start     ] GC(40) Pause Young (Concurrent Start) (G1 Humongous Allocation)
[2020-09-24T03:37:13.187+0000][23404][gc,task      ] GC(40) Using 8 workers of 8 for evacuation
[2020-09-24T03:37:13.187+0000][23404][gc,age       ] GC(40) Desired survivor size 29360128 bytes, new threshold 15 (max threshold 15)
[2020-09-24T03:37:13.192+0000][23404][gc,age       ] GC(40) Age table with threshold 15 (max threshold 15)
[2020-09-24T03:37:13.192+0000][23404][gc,age       ] GC(40) - age   1:    3757704 bytes,    3757704 total
[2020-09-24T03:37:13.192+0000][23404][gc,age       ] GC(40) - age   2:      36304 bytes,    3794008 total
[2020-09-24T03:37:13.192+0000][23404][gc,age       ] GC(40) - age   3:     142064 bytes,    3936072 total
[2020-09-24T03:37:13.192+0000][23404][gc,age       ] GC(40) - age   4:    1820336 bytes,    5756408 total
[2020-09-24T03:37:13.192+0000][23404][gc,age       ] GC(40) - age   5:     440736 bytes,    6197144 total
[2020-09-24T03:37:13.192+0000][23404][gc,age       ] GC(40) - age   6:       1864 bytes,    6199008 total
[2020-09-24T03:37:13.192+0000][23404][gc,age       ] GC(40) - age   7:       3656 bytes,    6202664 total
[2020-09-24T03:37:13.192+0000][23404][gc,age       ] GC(40) - age   8:       1968 bytes,    6204632 total
[2020-09-24T03:37:13.192+0000][23404][gc,age       ] GC(40) - age   9:       3376 bytes,    6208008 total
[2020-09-24T03:37:13.193+0000][23404][gc,age       ] GC(40) - age  10:       5320 bytes,    6213328 total
[2020-09-24T03:37:13.193+0000][23404][gc,age       ] GC(40) - age  11:       2952 bytes,    6216280 total
[2020-09-24T03:37:13.193+0000][23404][gc,age       ] GC(40) - age  12:       6104 bytes,    6222384 total
[2020-09-24T03:37:13.193+0000][23404][gc,age       ] GC(40) - age  13:      76240 bytes,    6298624 total
[2020-09-24T03:37:13.193+0000][23404][gc,age       ] GC(40) - age  14:     263808 bytes,    6562432 total
[2020-09-24T03:37:13.193+0000][23404][gc,age       ] GC(40) - age  15:     274040 bytes,    6836472 total
[2020-09-24T03:37:13.193+0000][23404][gc,phases    ] GC(40)   Pre Evacuate Collection Set: 0.3ms
[2020-09-24T03:37:13.193+0000][23404][gc,phases    ] GC(40)   Merge Heap Roots: 0.1ms
[2020-09-24T03:37:13.193+0000][23404][gc,phases    ] GC(40)   Evacuate Collection Set: 3.5ms
[2020-09-24T03:37:13.193+0000][23404][gc,phases    ] GC(40)   Post Evacuate Collection Set: 0.9ms
[2020-09-24T03:37:13.193+0000][23404][gc,phases    ] GC(40)   Other: 0.7ms
[2020-09-24T03:37:13.193+0000][23404][gc,heap      ] GC(40) Eden regions: 87->0(449)
[2020-09-24T03:37:13.193+0000][23404][gc,heap      ] GC(40) Survivor regions: 15->8(56)
[2020-09-24T03:37:13.193+0000][23404][gc,heap      ] GC(40) Old regions: 69->71
[2020-09-24T03:37:13.193+0000][23404][gc,heap      ] GC(40) Archive regions: 0->0
[2020-09-24T03:37:13.193+0000][23404][gc,heap      ] GC(40) Humongous regions: 430->174
[2020-09-24T03:37:13.193+0000][23404][gc,metaspace ] GC(40) Metaspace: 82873K(89088K)->82873K(89088K) NonClass: 71795K(75520K)->71795K(75520K) Class: 11078K(13568K)->11078K(13568K)
[2020-09-24T03:37:13.193+0000][23404][gc           ] GC(40) Pause Young (Concurrent Start) (G1 Humongous Allocation) 599M->252M(1024M) 5.771ms
[2020-09-24T03:37:13.193+0000][23404][gc,cpu       ] GC(40) User=0.00s Sys=0.00s Real=0.01s
[2020-09-24T03:37:13.193+0000][23404][gc           ] GC(41) Concurrent Cycle
[2020-09-24T03:37:13.193+0000][23404][safepoint    ] Safepoint "G1TryInitiateConcMark", Time since last: 2460900 ns, Reaching safepoint: 135500 ns, At safepoint: 5944000 ns, Total: 6079500 ns
[2020-09-24T03:37:13.193+0000][23404][gc,marking   ] GC(41) Concurrent Clear Claimed Marks
[2020-09-24T03:37:13.194+0000][23404][gc,marking   ] GC(41) Concurrent Clear Claimed Marks 0.910ms
[2020-09-24T03:37:13.194+0000][23404][gc,marking   ] GC(41) Concurrent Scan Root Regions
[2020-09-24T03:37:13.199+0000][23404][gc,marking   ] GC(41) Concurrent Scan Root Regions 4.832ms
[2020-09-24T03:37:13.199+0000][23404][gc,marking   ] GC(41) Concurrent Mark (105.632s)
[2020-09-24T03:37:13.199+0000][23404][gc,marking   ] GC(41) Concurrent Mark From Roots
[2020-09-24T03:37:13.199+0000][23404][gc,task      ] GC(41) Using 2 workers of 2 for marking
[2020-09-24T03:37:13.314+0000][23404][gc,marking   ] GC(41) Concurrent Mark From Roots 114.361ms
[2020-09-24T03:37:13.314+0000][23404][gc,marking   ] GC(41) Concurrent Preclean
[2020-09-24T03:37:13.314+0000][23404][gc,marking   ] GC(41) Concurrent Preclean 0.461ms
[2020-09-24T03:37:13.314+0000][23404][gc,marking   ] GC(41) Concurrent Mark (105.632s, 105.747s) 115.026ms
[2020-09-24T03:37:13.315+0000][23404][gc,start     ] GC(41) Pause Remark
[2020-09-24T03:37:13.324+0000][23404][gc           ] GC(41) Pause Remark 397M->397M(1024M) 9.279ms
[2020-09-24T03:37:13.324+0000][23404][gc,cpu       ] GC(41) User=0.13s Sys=0.00s Real=0.01s
[2020-09-24T03:37:13.324+0000][23404][safepoint    ] Safepoint "G1Concurrent", Time since last: 121122900 ns, Reaching safepoint: 260600 ns, At safepoint: 9463200 ns, Total: 9723800 ns
[2020-09-24T03:37:13.324+0000][23404][gc,marking   ] GC(41) Concurrent Rebuild Remembered Sets
[2020-09-24T03:37:13.338+0000][23404][safepoint    ] Safepoint "ICBufferFull", Time since last: 10196300 ns, Reaching safepoint: 3488900 ns, At safepoint: 125900 ns, Total: 3614800 ns
[2020-09-24T03:37:13.371+0000][23404][safepoint    ] Safepoint "ICBufferFull", Time since last: 32931600 ns, Reaching safepoint: 392800 ns, At safepoint: 45300 ns, Total: 438100 ns
[2020-09-24T03:37:13.392+0000][23404][safepoint    ] Safepoint "ICBufferFull", Time since last: 20239500 ns, Reaching safepoint: 413900 ns, At safepoint: 25100 ns, Total: 439000 ns
[2020-09-24T03:37:13.393+0000][23404][gc,marking   ] GC(41) Concurrent Rebuild Remembered Sets 69.365ms
[2020-09-24T03:37:13.394+0000][23404][gc,start     ] GC(41) Pause Cleanup
[2020-09-24T03:37:13.394+0000][23404][gc           ] GC(41) Pause Cleanup 464M->464M(1024M) 0.237ms
[2020-09-24T03:37:13.394+0000][23404][gc,cpu       ] GC(41) User=0.00s Sys=0.00s Real=0.00s
[2020-09-24T03:37:13.394+0000][23404][safepoint    ] Safepoint "G1Concurrent", Time since last: 1687900 ns, Reaching safepoint: 195700 ns, At safepoint: 370400 ns, Total: 566100 ns
[2020-09-24T03:37:13.394+0000][23404][gc,marking   ] GC(41) Concurrent Cleanup for Next Mark
[2020-09-24T03:37:13.396+0000][23404][gc,marking   ] GC(41) Concurrent Cleanup for Next Mark 2.129ms
[2020-09-24T03:37:13.396+0000][23404][gc           ] GC(41) Concurrent Cycle 203.336ms
[2020-09-24T03:37:13.403+0000][23404][gc,start     ] GC(42) Pause Young (Concurrent Start) (G1 Humongous Allocation)
[2020-09-24T03:37:13.403+0000][23404][gc,task      ] GC(42) Using 8 workers of 8 for evacuation
[2020-09-24T03:37:13.403+0000][23404][gc,age       ] GC(42) Desired survivor size 30408704 bytes, new threshold 15 (max threshold 15)
[2020-09-24T03:37:13.408+0000][23404][gc,age       ] GC(42) Age table with threshold 15 (max threshold 15)
[2020-09-24T03:37:13.408+0000][23404][gc,age       ] GC(42) - age   1:    3411952 bytes,    3411952 total
[2020-09-24T03:37:13.408+0000][23404][gc,age       ] GC(42) - age   2:     657584 bytes,    4069536 total
[2020-09-24T03:37:13.408+0000][23404][gc,age       ] GC(42) - age   3:      34016 bytes,    4103552 total
[2020-09-24T03:37:13.408+0000][23404][gc,age       ] GC(42) - age   4:     141840 bytes,    4245392 total
[2020-09-24T03:37:13.408+0000][23404][gc,age       ] GC(42) - age   5:    1820336 bytes,    6065728 total
[2020-09-24T03:37:13.408+0000][23404][gc,age       ] GC(42) - age   6:     440376 bytes,    6506104 total
[2020-09-24T03:37:13.408+0000][23404][gc,age       ] GC(42) - age   7:       1736 bytes,    6507840 total
[2020-09-24T03:37:13.408+0000][23404][gc,age       ] GC(42) - age   8:       3560 bytes,    6511400 total
[2020-09-24T03:37:13.408+0000][23404][gc,age       ] GC(42) - age   9:       1904 bytes,    6513304 total
[2020-09-24T03:37:13.408+0000][23404][gc,age       ] GC(42) - age  10:       3376 bytes,    6516680 total
[2020-09-24T03:37:13.408+0000][23404][gc,age       ] GC(42) - age  11:       5320 bytes,    6522000 total
[2020-09-24T03:37:13.408+0000][23404][gc,age       ] GC(42) - age  12:       2952 bytes,    6524952 total
[2020-09-24T03:37:13.408+0000][23404][gc,age       ] GC(42) - age  13:       6104 bytes,    6531056 total
[2020-09-24T03:37:13.408+0000][23404][gc,age       ] GC(42) - age  14:      76200 bytes,    6607256 total
[2020-09-24T03:37:13.408+0000][23404][gc,age       ] GC(42) - age  15:     263808 bytes,    6871064 total
[2020-09-24T03:37:13.408+0000][23404][gc,phases    ] GC(42)   Pre Evacuate Collection Set: 0.4ms
[2020-09-24T03:37:13.408+0000][23404][gc,phases    ] GC(42)   Merge Heap Roots: 0.2ms
[2020-09-24T03:37:13.408+0000][23404][gc,phases    ] GC(42)   Evacuate Collection Set: 3.0ms
[2020-09-24T03:37:13.408+0000][23404][gc,phases    ] GC(42)   Post Evacuate Collection Set: 0.9ms
[2020-09-24T03:37:13.408+0000][23404][gc,phases    ] GC(42)   Other: 0.7ms
[2020-09-24T03:37:13.408+0000][23404][gc,heap      ] GC(42) Eden regions: 58->0(460)
[2020-09-24T03:37:13.408+0000][23404][gc,heap      ] GC(42) Survivor regions: 8->8(58)
[2020-09-24T03:37:13.408+0000][23404][gc,heap      ] GC(42) Old regions: 71->72
[2020-09-24T03:37:13.408+0000][23404][gc,heap      ] GC(42) Archive regions: 0->0
[2020-09-24T03:37:13.408+0000][23404][gc,heap      ] GC(42) Humongous regions: 330->174
[2020-09-24T03:37:13.408+0000][23404][gc,metaspace ] GC(42) Metaspace: 83117K(89344K)->83117K(89344K) NonClass: 72058K(75776K)->72058K(75776K) Class: 11058K(13568K)->11058K(13568K)
[2020-09-24T03:37:13.408+0000][23404][gc           ] GC(42) Pause Young (Concurrent Start) (G1 Humongous Allocation) 466M->252M(1024M) 5.420ms
[2020-09-24T03:37:13.408+0000][23404][gc,cpu       ] GC(42) User=0.00s Sys=0.00s Real=0.00s
[2020-09-24T03:37:13.408+0000][23404][safepoint    ] Safepoint "G1TryInitiateConcMark", Time since last: 8554400 ns, Reaching safepoint: 173300 ns, At safepoint: 5604500 ns, Total: 5777800 ns
[2020-09-24T03:37:13.408+0000][23404][gc           ] GC(43) Concurrent Cycle
[2020-09-24T03:37:13.409+0000][23404][gc,marking   ] GC(43) Concurrent Clear Claimed Marks
[2020-09-24T03:37:13.409+0000][23404][gc,marking   ] GC(43) Concurrent Clear Claimed Marks 0.609ms
[2020-09-24T03:37:13.409+0000][23404][gc,marking   ] GC(43) Concurrent Scan Root Regions
[2020-09-24T03:37:13.413+0000][23404][gc,marking   ] GC(43) Concurrent Scan Root Regions 3.633ms
[2020-09-24T03:37:13.413+0000][23404][gc,marking   ] GC(43) Concurrent Mark (105.846s)
[2020-09-24T03:37:13.413+0000][23404][gc,marking   ] GC(43) Concurrent Mark From Roots
[2020-09-24T03:37:13.413+0000][23404][gc,task      ] GC(43) Using 2 workers of 2 for marking
[2020-09-24T03:37:13.534+0000][23404][gc,marking   ] GC(43) Concurrent Mark From Roots 120.463ms
[2020-09-24T03:37:13.534+0000][23404][gc,marking   ] GC(43) Concurrent Preclean
[2020-09-24T03:37:13.534+0000][23404][gc,marking   ] GC(43) Concurrent Preclean 0.401ms
[2020-09-24T03:37:13.534+0000][23404][gc,marking   ] GC(43) Concurrent Mark (105.846s, 105.967s) 121.054ms
[2020-09-24T03:37:13.534+0000][23404][gc,start     ] GC(43) Pause Remark
[2020-09-24T03:37:13.547+0000][23404][gc           ] GC(43) Pause Remark 385M->385M(1024M) 12.370ms
[2020-09-24T03:37:13.547+0000][23404][gc,cpu       ] GC(43) User=0.13s Sys=0.00s Real=0.01s
[2020-09-24T03:37:13.547+0000][23404][safepoint    ] Safepoint "G1Concurrent", Time since last: 125703400 ns, Reaching safepoint: 213700 ns, At safepoint: 13144200 ns, Total: 13357900 ns
[2020-09-24T03:37:13.548+0000][23404][gc,marking   ] GC(43) Concurrent Rebuild Remembered Sets
[2020-09-24T03:37:13.614+0000][23404][gc,marking   ] GC(43) Concurrent Rebuild Remembered Sets 66.475ms
[2020-09-24T03:37:13.617+0000][23404][gc,start     ] GC(43) Pause Cleanup
[2020-09-24T03:37:13.617+0000][23404][gc           ] GC(43) Pause Cleanup 392M->392M(1024M) 0.466ms
[2020-09-24T03:37:13.617+0000][23404][gc,cpu       ] GC(43) User=0.00s Sys=0.00s Real=0.00s
[2020-09-24T03:37:13.618+0000][23404][safepoint    ] Safepoint "G1Concurrent", Time since last: 66789400 ns, Reaching safepoint: 2513200 ns, At safepoint: 1364100 ns, Total: 3877300 ns
[2020-09-24T03:37:13.618+0000][23404][gc,marking   ] GC(43) Concurrent Cleanup for Next Mark
[2020-09-24T03:37:13.621+0000][23404][safepoint    ] Safepoint "BulkRevokeBias", Time since last: 94400 ns, Reaching safepoint: 177700 ns, At safepoint: 2480800 ns, Total: 2658500 ns
[2020-09-24T03:37:13.623+0000][23404][gc,marking   ] GC(43) Concurrent Cleanup for Next Mark 4.922ms
[2020-09-24T03:37:13.623+0000][23404][gc           ] GC(43) Concurrent Cycle 214.969ms
[2020-09-24T03:37:13.627+0000][23404][safepoint    ] Safepoint "BulkRevokeBias", Time since last: 3265400 ns, Reaching safepoint: 165700 ns, At safepoint: 2748200 ns, Total: 2913900 ns
[2020-09-24T03:37:13.659+0000][23404][gc,start     ] GC(44) Pause Young (Concurrent Start) (G1 Humongous Allocation)
[2020-09-24T03:37:13.659+0000][23404][gc,task      ] GC(44) Using 8 workers of 8 for evacuation
[2020-09-24T03:37:13.660+0000][23404][gc,age       ] GC(44) Desired survivor size 30932992 bytes, new threshold 15 (max threshold 15)
[2020-09-24T03:37:13.663+0000][23404][gc,age       ] GC(44) Age table with threshold 15 (max threshold 15)
[2020-09-24T03:37:13.663+0000][23404][gc,age       ] GC(44) - age   1:     364984 bytes,     364984 total
[2020-09-24T03:37:13.663+0000][23404][gc,age       ] GC(44) - age   2:      80632 bytes,     445616 total
[2020-09-24T03:37:13.663+0000][23404][gc,age       ] GC(44) - age   3:      45920 bytes,     491536 total
[2020-09-24T03:37:13.663+0000][23404][gc,age       ] GC(44) - age   4:      32704 bytes,     524240 total
[2020-09-24T03:37:13.663+0000][23404][gc,age       ] GC(44) - age   5:     141048 bytes,     665288 total
[2020-09-24T03:37:13.663+0000][23404][gc,age       ] GC(44) - age   6:    1820176 bytes,    2485464 total
[2020-09-24T03:37:13.663+0000][23404][gc,age       ] GC(44) - age   7:     440312 bytes,    2925776 total
[2020-09-24T03:37:13.663+0000][23404][gc,age       ] GC(44) - age   8:       1544 bytes,    2927320 total
[2020-09-24T03:37:13.663+0000][23404][gc,age       ] GC(44) - age   9:       3432 bytes,    2930752 total
[2020-09-24T03:37:13.663+0000][23404][gc,age       ] GC(44) - age  10:       1872 bytes,    2932624 total
[2020-09-24T03:37:13.663+0000][23404][gc,age       ] GC(44) - age  11:       3376 bytes,    2936000 total
[2020-09-24T03:37:13.663+0000][23404][gc,age       ] GC(44) - age  12:       5256 bytes,    2941256 total
[2020-09-24T03:37:13.663+0000][23404][gc,age       ] GC(44) - age  13:       2952 bytes,    2944208 total
[2020-09-24T03:37:13.663+0000][23404][gc,age       ] GC(44) - age  14:       6104 bytes,    2950312 total
[2020-09-24T03:37:13.663+0000][23404][gc,age       ] GC(44) - age  15:      76168 bytes,    3026480 total
[2020-09-24T03:37:13.663+0000][23404][gc,phases    ] GC(44)   Pre Evacuate Collection Set: 0.4ms
[2020-09-24T03:37:13.663+0000][23404][gc,phases    ] GC(44)   Merge Heap Roots: 0.1ms
[2020-09-24T03:37:13.663+0000][23404][gc,phases    ] GC(44)   Evacuate Collection Set: 1.9ms
[2020-09-24T03:37:13.663+0000][23404][gc,phases    ] GC(44)   Post Evacuate Collection Set: 0.8ms
[2020-09-24T03:37:13.663+0000][23404][gc,phases    ] GC(44)   Other: 0.8ms
[2020-09-24T03:37:13.663+0000][23404][gc,heap      ] GC(44) Eden regions: 47->0(474)
[2020-09-24T03:37:13.663+0000][23404][gc,heap      ] GC(44) Survivor regions: 8->4(59)
[2020-09-24T03:37:13.663+0000][23404][gc,heap      ] GC(44) Old regions: 72->72
[2020-09-24T03:37:13.663+0000][23404][gc,heap      ] GC(44) Archive regions: 0->0
[2020-09-24T03:37:13.663+0000][23404][gc,heap      ] GC(44) Humongous regions: 274->174
[2020-09-24T03:37:13.664+0000][23404][gc,metaspace ] GC(44) Metaspace: 82805K(89600K)->82805K(89600K) NonClass: 71871K(76032K)->71871K(76032K) Class: 10934K(13568K)->10934K(13568K)
[2020-09-24T03:37:13.664+0000][23404][gc           ] GC(44) Pause Young (Concurrent Start) (G1 Humongous Allocation) 399M->249M(1024M) 4.261ms
[2020-09-24T03:37:13.664+0000][23404][gc,cpu       ] GC(44) User=0.00s Sys=0.00s Real=0.01s
[2020-09-24T03:37:13.664+0000][23404][gc           ] GC(45) Concurrent Cycle
[2020-09-24T03:37:13.664+0000][23404][gc,marking   ] GC(45) Concurrent Clear Claimed Marks
[2020-09-24T03:37:13.664+0000][23404][safepoint    ] Safepoint "G1TryInitiateConcMark", Time since last: 31989600 ns, Reaching safepoint: 225600 ns, At safepoint: 4675600 ns, Total: 4901200 ns
[2020-09-24T03:37:13.664+0000][23404][gc,marking   ] GC(45) Concurrent Clear Claimed Marks 0.447ms
[2020-09-24T03:37:13.664+0000][23404][gc,marking   ] GC(45) Concurrent Scan Root Regions
[2020-09-24T03:37:13.667+0000][23404][gc,marking   ] GC(45) Concurrent Scan Root Regions 2.241ms
[2020-09-24T03:37:13.667+0000][23404][gc,marking   ] GC(45) Concurrent Mark (106.100s)
[2020-09-24T03:37:13.667+0000][23404][gc,marking   ] GC(45) Concurrent Mark From Roots
[2020-09-24T03:37:13.667+0000][23404][gc,task      ] GC(45) Using 2 workers of 2 for marking
[2020-09-24T03:37:13.691+0000][23404][safepoint    ] Safepoint "ICBufferFull", Time since last: 26871500 ns, Reaching safepoint: 443700 ns, At safepoint: 44900 ns, Total: 488600 ns
[2020-09-24T03:37:13.793+0000][23404][gc,marking   ] GC(45) Concurrent Mark From Roots 126.225ms
[2020-09-24T03:37:13.793+0000][23404][gc,marking   ] GC(45) Concurrent Preclean
[2020-09-24T03:37:13.794+0000][23404][gc,marking   ] GC(45) Concurrent Preclean 0.525ms
[2020-09-24T03:37:13.794+0000][23404][gc,marking   ] GC(45) Concurrent Mark (106.100s, 106.227s) 126.922ms
[2020-09-24T03:37:13.794+0000][23404][gc,start     ] GC(45) Pause Remark
[2020-09-24T03:37:13.803+0000][23404][gc           ] GC(45) Pause Remark 448M->448M(1024M) 8.868ms
[2020-09-24T03:37:13.803+0000][23404][gc,cpu       ] GC(45) User=0.00s Sys=0.00s Real=0.01s
[2020-09-24T03:37:13.803+0000][23404][safepoint    ] Safepoint "G1Concurrent", Time since last: 102459000 ns, Reaching safepoint: 262000 ns, At safepoint: 9258800 ns, Total: 9520800 ns
[2020-09-24T03:37:13.803+0000][23404][gc,marking   ] GC(45) Concurrent Rebuild Remembered Sets
[2020-09-24T03:37:13.865+0000][23404][gc,marking   ] GC(45) Concurrent Rebuild Remembered Sets 61.246ms
[2020-09-24T03:37:13.865+0000][23404][gc,start     ] GC(45) Pause Cleanup
[2020-09-24T03:37:13.865+0000][23404][gc           ] GC(45) Pause Cleanup 454M->454M(1024M) 0.311ms
[2020-09-24T03:37:13.865+0000][23404][gc,cpu       ] GC(45) User=0.00s Sys=0.00s Real=0.00s
[2020-09-24T03:37:13.865+0000][23404][safepoint    ] Safepoint "G1Concurrent", Time since last: 61459700 ns, Reaching safepoint: 225500 ns, At safepoint: 461300 ns, Total: 686800 ns
[2020-09-24T03:37:13.865+0000][23404][gc,marking   ] GC(45) Concurrent Cleanup for Next Mark
[2020-09-24T03:37:13.867+0000][23404][gc,marking   ] GC(45) Concurrent Cleanup for Next Mark 1.566ms
[2020-09-24T03:37:13.867+0000][23404][gc           ] GC(45) Concurrent Cycle 203.346ms
[2020-09-24T03:37:13.954+0000][23404][safepoint    ] Safepoint "ICBufferFull", Time since last: 87541500 ns, Reaching safepoint: 363200 ns, At safepoint: 544800 ns, Total: 908000 ns
[2020-09-24T03:37:13.964+0000][23404][gc,start     ] GC(46) Pause Young (Concurrent Start) (G1 Humongous Allocation)
[2020-09-24T03:37:13.964+0000][23404][gc,task      ] GC(46) Using 8 workers of 8 for evacuation
[2020-09-24T03:37:13.964+0000][23404][gc,age       ] GC(46) Desired survivor size 31457280 bytes, new threshold 15 (max threshold 15)
[2020-09-24T03:37:13.970+0000][23404][gc,age       ] GC(46) Age table with threshold 15 (max threshold 15)
[2020-09-24T03:37:13.970+0000][23404][gc,age       ] GC(46) - age   1:   10680720 bytes,   10680720 total
[2020-09-24T03:37:13.970+0000][23404][gc,age       ] GC(46) - age   2:      37672 bytes,   10718392 total
[2020-09-24T03:37:13.970+0000][23404][gc,age       ] GC(46) - age   3:      75696 bytes,   10794088 total
[2020-09-24T03:37:13.970+0000][23404][gc,age       ] GC(46) - age   4:      45336 bytes,   10839424 total
[2020-09-24T03:37:13.970+0000][23404][gc,age       ] GC(46) - age   5:      31760 bytes,   10871184 total
[2020-09-24T03:37:13.970+0000][23404][gc,age       ] GC(46) - age   6:     140456 bytes,   11011640 total
[2020-09-24T03:37:13.970+0000][23404][gc,age       ] GC(46) - age   7:    1820112 bytes,   12831752 total
[2020-09-24T03:37:13.970+0000][23404][gc,age       ] GC(46) - age   8:     440056 bytes,   13271808 total
[2020-09-24T03:37:13.970+0000][23404][gc,age       ] GC(46) - age   9:       1512 bytes,   13273320 total
[2020-09-24T03:37:13.970+0000][23404][gc,age       ] GC(46) - age  10:       3336 bytes,   13276656 total
[2020-09-24T03:37:13.971+0000][23404][gc,age       ] GC(46) - age  11:       1872 bytes,   13278528 total
[2020-09-24T03:37:13.971+0000][23404][gc,age       ] GC(46) - age  12:       3312 bytes,   13281840 total
[2020-09-24T03:37:13.971+0000][23404][gc,age       ] GC(46) - age  13:       5256 bytes,   13287096 total
[2020-09-24T03:37:13.971+0000][23404][gc,age       ] GC(46) - age  14:       2952 bytes,   13290048 total
[2020-09-24T03:37:13.971+0000][23404][gc,age       ] GC(46) - age  15:       6104 bytes,   13296152 total
[2020-09-24T03:37:13.971+0000][23404][gc,phases    ] GC(46)   Pre Evacuate Collection Set: 0.7ms
[2020-09-24T03:37:13.971+0000][23404][gc,phases    ] GC(46)   Merge Heap Roots: 0.1ms
[2020-09-24T03:37:13.971+0000][23404][gc,phases    ] GC(46)   Evacuate Collection Set: 3.8ms
[2020-09-24T03:37:13.971+0000][23404][gc,phases    ] GC(46)   Post Evacuate Collection Set: 1.0ms
[2020-09-24T03:37:13.971+0000][23404][gc,phases    ] GC(46)   Other: 1.4ms
[2020-09-24T03:37:13.971+0000][23404][gc,heap      ] GC(46) Eden regions: 75->0(464)
[2020-09-24T03:37:13.971+0000][23404][gc,heap      ] GC(46) Survivor regions: 4->14(60)
[2020-09-24T03:37:13.971+0000][23404][gc,heap      ] GC(46) Old regions: 72->73
[2020-09-24T03:37:13.971+0000][23404][gc,heap      ] GC(46) Archive regions: 0->0
[2020-09-24T03:37:13.971+0000][23404][gc,heap      ] GC(46) Humongous regions: 326->174
[2020-09-24T03:37:13.971+0000][23404][gc,metaspace ] GC(46) Metaspace: 82870K(89600K)->82870K(89600K) NonClass: 71939K(76032K)->71939K(76032K) Class: 10930K(13568K)->10930K(13568K)
[2020-09-24T03:37:13.971+0000][23404][gc           ] GC(46) Pause Young (Concurrent Start) (G1 Humongous Allocation) 476M->259M(1024M) 7.371ms
[2020-09-24T03:37:13.971+0000][23404][gc,cpu       ] GC(46) User=0.00s Sys=0.00s Real=0.01s
[2020-09-24T03:37:13.971+0000][23404][gc           ] GC(47) Concurrent Cycle
[2020-09-24T03:37:13.971+0000][23404][gc,marking   ] GC(47) Concurrent Clear Claimed Marks
[2020-09-24T03:37:13.971+0000][23404][safepoint    ] Safepoint "G1TryInitiateConcMark", Time since last: 9586700 ns, Reaching safepoint: 267200 ns, At safepoint: 7743700 ns, Total: 8010900 ns
[2020-09-24T03:37:13.972+0000][23404][gc,marking   ] GC(47) Concurrent Clear Claimed Marks 0.422ms
[2020-09-24T03:37:13.972+0000][23404][gc,marking   ] GC(47) Concurrent Scan Root Regions
[2020-09-24T03:37:13.976+0000][23404][gc,marking   ] GC(47) Concurrent Scan Root Regions 3.896ms
[2020-09-24T03:37:13.976+0000][23404][gc,marking   ] GC(47) Concurrent Mark (106.409s)
[2020-09-24T03:37:13.976+0000][23404][gc,marking   ] GC(47) Concurrent Mark From Roots
[2020-09-24T03:37:13.976+0000][23404][gc,task      ] GC(47) Using 2 workers of 2 for marking
[2020-09-24T03:37:14.104+0000][23404][gc,marking   ] GC(47) Concurrent Mark From Roots 127.783ms
[2020-09-24T03:37:14.104+0000][23404][gc,marking   ] GC(47) Concurrent Preclean
[2020-09-24T03:37:14.104+0000][23404][gc,marking   ] GC(47) Concurrent Preclean 0.354ms
[2020-09-24T03:37:14.104+0000][23404][gc,marking   ] GC(47) Concurrent Mark (106.409s, 106.537s) 128.295ms
[2020-09-24T03:37:14.104+0000][23404][gc,start     ] GC(47) Pause Remark
[2020-09-24T03:37:14.116+0000][23404][gc           ] GC(47) Pause Remark 588M->588M(1024M) 11.085ms
[2020-09-24T03:37:14.116+0000][23404][gc,cpu       ] GC(47) User=0.00s Sys=0.00s Real=0.01s
[2020-09-24T03:37:14.116+0000][23404][safepoint    ] Safepoint "G1Concurrent", Time since last: 132770300 ns, Reaching safepoint: 200900 ns, At safepoint: 12003700 ns, Total: 12204600 ns
[2020-09-24T03:37:14.117+0000][23404][gc,marking   ] GC(47) Concurrent Rebuild Remembered Sets
[2020-09-24T03:37:14.155+0000][23404][safepoint    ] Safepoint "ICBufferFull", Time since last: 37529300 ns, Reaching safepoint: 556500 ns, At safepoint: 21400 ns, Total: 577900 ns
[2020-09-24T03:37:14.182+0000][23404][gc,marking   ] GC(47) Concurrent Rebuild Remembered Sets 65.472ms
[2020-09-24T03:37:14.183+0000][23404][gc,start     ] GC(47) Pause Cleanup
[2020-09-24T03:37:14.183+0000][23404][gc           ] GC(47) Pause Cleanup 657M->657M(1024M) 0.347ms
[2020-09-24T03:37:14.183+0000][23404][gc,cpu       ] GC(47) User=0.00s Sys=0.00s Real=0.00s
[2020-09-24T03:37:14.183+0000][23404][safepoint    ] Safepoint "G1Concurrent", Time since last: 27574400 ns, Reaching safepoint: 378800 ns, At safepoint: 526600 ns, Total: 905400 ns
[2020-09-24T03:37:14.183+0000][23404][gc,marking   ] GC(47) Concurrent Cleanup for Next Mark
[2020-09-24T03:37:14.185+0000][23404][gc,marking   ] GC(47) Concurrent Cleanup for Next Mark 2.104ms
[2020-09-24T03:37:14.185+0000][23404][gc           ] GC(47) Concurrent Cycle 214.028ms
[2020-09-24T03:37:14.230+0000][23404][gc,start     ] GC(48) Pause Young (Concurrent Start) (G1 Humongous Allocation)
[2020-09-24T03:37:14.230+0000][23404][gc,task      ] GC(48) Using 8 workers of 8 for evacuation
[2020-09-24T03:37:14.230+0000][23404][gc,age       ] GC(48) Desired survivor size 31457280 bytes, new threshold 15 (max threshold 15)
[2020-09-24T03:37:14.234+0000][23404][gc,age       ] GC(48) Age table with threshold 15 (max threshold 15)
[2020-09-24T03:37:14.234+0000][23404][gc,age       ] GC(48) - age   1:    3922272 bytes,    3922272 total
[2020-09-24T03:37:14.234+0000][23404][gc,age       ] GC(48) - age   2:      32392 bytes,    3954664 total
[2020-09-24T03:37:14.234+0000][23404][gc,age       ] GC(48) - age   3:      29256 bytes,    3983920 total
[2020-09-24T03:37:14.234+0000][23404][gc,age       ] GC(48) - age   4:      75544 bytes,    4059464 total
[2020-09-24T03:37:14.234+0000][23404][gc,age       ] GC(48) - age   5:      44728 bytes,    4104192 total
[2020-09-24T03:37:14.234+0000][23404][gc,age       ] GC(48) - age   6:      31696 bytes,    4135888 total
[2020-09-24T03:37:14.234+0000][23404][gc,age       ] GC(48) - age   7:     140360 bytes,    4276248 total
[2020-09-24T03:37:14.234+0000][23404][gc,age       ] GC(48) - age   8:    1819984 bytes,    6096232 total
[2020-09-24T03:37:14.234+0000][23404][gc,age       ] GC(48) - age   9:     440056 bytes,    6536288 total
[2020-09-24T03:37:14.234+0000][23404][gc,age       ] GC(48) - age  10:       1512 bytes,    6537800 total
[2020-09-24T03:37:14.234+0000][23404][gc,age       ] GC(48) - age  11:       3336 bytes,    6541136 total
[2020-09-24T03:37:14.234+0000][23404][gc,age       ] GC(48) - age  12:       1808 bytes,    6542944 total
[2020-09-24T03:37:14.234+0000][23404][gc,age       ] GC(48) - age  13:       3312 bytes,    6546256 total
[2020-09-24T03:37:14.234+0000][23404][gc,age       ] GC(48) - age  14:       5256 bytes,    6551512 total
[2020-09-24T03:37:14.234+0000][23404][gc,age       ] GC(48) - age  15:       2952 bytes,    6554464 total
[2020-09-24T03:37:14.234+0000][23404][gc,phases    ] GC(48)   Pre Evacuate Collection Set: 0.5ms
[2020-09-24T03:37:14.234+0000][23404][gc,phases    ] GC(48)   Merge Heap Roots: 0.1ms
[2020-09-24T03:37:14.234+0000][23404][gc,phases    ] GC(48)   Evacuate Collection Set: 2.5ms
[2020-09-24T03:37:14.234+0000][23404][gc,phases    ] GC(48)   Post Evacuate Collection Set: 1.0ms
[2020-09-24T03:37:14.234+0000][23404][gc,phases    ] GC(48)   Other: 0.8ms
[2020-09-24T03:37:14.234+0000][23404][gc,heap      ] GC(48) Eden regions: 103->0(476)
[2020-09-24T03:37:14.234+0000][23404][gc,heap      ] GC(48) Survivor regions: 14->8(60)
[2020-09-24T03:37:14.234+0000][23404][gc,heap      ] GC(48) Old regions: 73->73
[2020-09-24T03:37:14.234+0000][23404][gc,heap      ] GC(48) Archive regions: 0->0
[2020-09-24T03:37:14.234+0000][23404][gc,heap      ] GC(48) Humongous regions: 482->174
[2020-09-24T03:37:14.234+0000][23404][gc,metaspace ] GC(48) Metaspace: 82887K(89600K)->82887K(89600K) NonClass: 71961K(76032K)->71961K(76032K) Class: 10926K(13568K)->10926K(13568K)
[2020-09-24T03:37:14.234+0000][23404][gc           ] GC(48) Pause Young (Concurrent Start) (G1 Humongous Allocation) 669M->253M(1024M) 5.120ms
[2020-09-24T03:37:14.234+0000][23404][gc,cpu       ] GC(48) User=0.00s Sys=0.00s Real=0.00s
[2020-09-24T03:37:14.235+0000][23404][gc           ] GC(49) Concurrent Cycle
[2020-09-24T03:37:14.235+0000][23404][safepoint    ] Safepoint "G1TryInitiateConcMark", Time since last: 46558300 ns, Reaching safepoint: 166900 ns, At safepoint: 5343700 ns, Total: 5510600 ns
[2020-09-24T03:37:14.235+0000][23404][gc,marking   ] GC(49) Concurrent Clear Claimed Marks
[2020-09-24T03:37:14.235+0000][23404][gc,marking   ] GC(49) Concurrent Clear Claimed Marks 0.492ms
[2020-09-24T03:37:14.235+0000][23404][gc,marking   ] GC(49) Concurrent Scan Root Regions
[2020-09-24T03:37:14.239+0000][23404][gc,marking   ] GC(49) Concurrent Scan Root Regions 3.734ms
[2020-09-24T03:37:14.239+0000][23404][gc,marking   ] GC(49) Concurrent Mark (106.673s)
[2020-09-24T03:37:14.239+0000][23404][gc,marking   ] GC(49) Concurrent Mark From Roots
[2020-09-24T03:37:14.239+0000][23404][gc,task      ] GC(49) Using 2 workers of 2 for marking
[2020-09-24T03:37:14.345+0000][23404][gc,marking   ] GC(49) Concurrent Mark From Roots 105.794ms
[2020-09-24T03:37:14.345+0000][23404][gc,marking   ] GC(49) Concurrent Preclean
[2020-09-24T03:37:14.345+0000][23404][gc,marking   ] GC(49) Concurrent Preclean 0.414ms
[2020-09-24T03:37:14.345+0000][23404][gc,marking   ] GC(49) Concurrent Mark (106.673s, 106.779s) 106.372ms
[2020-09-24T03:37:14.346+0000][23404][gc,start     ] GC(49) Pause Remark
[2020-09-24T03:37:14.349+0000][23404][gc           ] GC(49) Pause Remark 393M->393M(1024M) 3.758ms
[2020-09-24T03:37:14.350+0000][23404][gc,cpu       ] GC(49) User=0.00s Sys=0.00s Real=0.00s
[2020-09-24T03:37:14.350+0000][23404][safepoint    ] Safepoint "G1Concurrent", Time since last: 110944100 ns, Reaching safepoint: 161600 ns, At safepoint: 4026300 ns, Total: 4187900 ns
[2020-09-24T03:37:14.350+0000][23404][gc,marking   ] GC(49) Concurrent Rebuild Remembered Sets
[2020-09-24T03:37:14.415+0000][23404][gc,marking   ] GC(49) Concurrent Rebuild Remembered Sets 65.662ms
[2020-09-24T03:37:14.416+0000][23404][gc,start     ] GC(49) Pause Cleanup
[2020-09-24T03:37:14.416+0000][23404][gc           ] GC(49) Pause Cleanup 466M->466M(1024M) 0.230ms
[2020-09-24T03:37:14.416+0000][23404][gc,cpu       ] GC(49) User=0.00s Sys=0.00s Real=0.00s
[2020-09-24T03:37:14.416+0000][23404][safepoint    ] Safepoint "G1Concurrent", Time since last: 65822700 ns, Reaching safepoint: 139900 ns, At safepoint: 341100 ns, Total: 481000 ns
[2020-09-24T03:37:14.416+0000][23404][gc,marking   ] GC(49) Concurrent Cleanup for Next Mark
[2020-09-24T03:37:14.418+0000][23404][gc,marking   ] GC(49) Concurrent Cleanup for Next Mark 1.544ms
[2020-09-24T03:37:14.418+0000][23404][gc           ] GC(49) Concurrent Cycle 183.197ms
[2020-09-24T03:37:14.436+0000][23404][gc,start     ] GC(50) Pause Young (Concurrent Start) (G1 Humongous Allocation)
[2020-09-24T03:37:14.436+0000][23404][gc,task      ] GC(50) Using 8 workers of 8 for evacuation
[2020-09-24T03:37:14.436+0000][23404][gc,age       ] GC(50) Desired survivor size 31981568 bytes, new threshold 15 (max threshold 15)
[2020-09-24T03:37:14.439+0000][23404][gc,age       ] GC(50) Age table with threshold 15 (max threshold 15)
[2020-09-24T03:37:14.439+0000][23404][gc,age       ] GC(50) - age   1:    3387232 bytes,    3387232 total
[2020-09-24T03:37:14.439+0000][23404][gc,age       ] GC(50) - age   2:     406552 bytes,    3793784 total
[2020-09-24T03:37:14.439+0000][23404][gc,age       ] GC(50) - age   3:      29848 bytes,    3823632 total
[2020-09-24T03:37:14.439+0000][23404][gc,age       ] GC(50) - age   4:      29096 bytes,    3852728 total
[2020-09-24T03:37:14.439+0000][23404][gc,age       ] GC(50) - age   5:      75064 bytes,    3927792 total
[2020-09-24T03:37:14.439+0000][23404][gc,age       ] GC(50) - age   6:      44504 bytes,    3972296 total
[2020-09-24T03:37:14.440+0000][23404][gc,age       ] GC(50) - age   7:      31696 bytes,    4003992 total
[2020-09-24T03:37:14.440+0000][23404][gc,age       ] GC(50) - age   8:     140360 bytes,    4144352 total
[2020-09-24T03:37:14.440+0000][23404][gc,age       ] GC(50) - age   9:    1819984 bytes,    5964336 total
[2020-09-24T03:37:14.440+0000][23404][gc,age       ] GC(50) - age  10:     440056 bytes,    6404392 total
[2020-09-24T03:37:14.440+0000][23404][gc,age       ] GC(50) - age  11:       1256 bytes,    6405648 total
[2020-09-24T03:37:14.440+0000][23404][gc,age       ] GC(50) - age  12:       3208 bytes,    6408856 total
[2020-09-24T03:37:14.440+0000][23404][gc,age       ] GC(50) - age  13:       1808 bytes,    6410664 total
[2020-09-24T03:37:14.440+0000][23404][gc,age       ] GC(50) - age  14:       3184 bytes,    6413848 total
[2020-09-24T03:37:14.440+0000][23404][gc,age       ] GC(50) - age  15:       5256 bytes,    6419104 total
[2020-09-24T03:37:14.440+0000][23404][gc,phases    ] GC(50)   Pre Evacuate Collection Set: 0.4ms
[2020-09-24T03:37:14.440+0000][23404][gc,phases    ] GC(50)   Merge Heap Roots: 0.1ms
[2020-09-24T03:37:14.440+0000][23404][gc,phases    ] GC(50)   Evacuate Collection Set: 2.1ms
[2020-09-24T03:37:14.440+0000][23404][gc,phases    ] GC(50)   Post Evacuate Collection Set: 0.8ms
[2020-09-24T03:37:14.440+0000][23404][gc,phases    ] GC(50)   Other: 0.8ms
[2020-09-24T03:37:14.440+0000][23404][gc,heap      ] GC(50) Eden regions: 63->0(482)
[2020-09-24T03:37:14.440+0000][23404][gc,heap      ] GC(50) Survivor regions: 8->7(61)
[2020-09-24T03:37:14.440+0000][23404][gc,heap      ] GC(50) Old regions: 73->73
[2020-09-24T03:37:14.440+0000][23404][gc,heap      ] GC(50) Archive regions: 0->0
[2020-09-24T03:37:14.440+0000][23404][gc,heap      ] GC(50) Humongous regions: 330->174
[2020-09-24T03:37:14.440+0000][23404][gc,metaspace ] GC(50) Metaspace: 82909K(89600K)->82909K(89600K) NonClass: 71983K(76032K)->71983K(76032K) Class: 10926K(13568K)->10926K(13568K)
[2020-09-24T03:37:14.440+0000][23404][gc           ] GC(50) Pause Young (Concurrent Start) (G1 Humongous Allocation) 472M->252M(1024M) 4.437ms
[2020-09-24T03:37:14.440+0000][23404][gc,cpu       ] GC(50) User=0.00s Sys=0.00s Real=0.00s
[2020-09-24T03:37:14.440+0000][23404][gc           ] GC(51) Concurrent Cycle
[2020-09-24T03:37:14.440+0000][23404][safepoint    ] Safepoint "G1TryInitiateConcMark", Time since last: 19456600 ns, Reaching safepoint: 145100 ns, At safepoint: 4614500 ns, Total: 4759600 ns
[2020-09-24T03:37:14.440+0000][23404][gc,marking   ] GC(51) Concurrent Clear Claimed Marks
[2020-09-24T03:37:14.441+0000][23404][gc,marking   ] GC(51) Concurrent Clear Claimed Marks 0.588ms
[2020-09-24T03:37:14.441+0000][23404][gc,marking   ] GC(51) Concurrent Scan Root Regions
[2020-09-24T03:37:14.445+0000][23404][gc,marking   ] GC(51) Concurrent Scan Root Regions 3.653ms
[2020-09-24T03:37:14.445+0000][23404][gc,marking   ] GC(51) Concurrent Mark (106.879s)
[2020-09-24T03:37:14.445+0000][23404][gc,marking   ] GC(51) Concurrent Mark From Roots
[2020-09-24T03:37:14.445+0000][23404][gc,task      ] GC(51) Using 2 workers of 2 for marking
[2020-09-24T03:37:14.579+0000][23404][gc,marking   ] GC(51) Concurrent Mark From Roots 134.529ms
[2020-09-24T03:37:14.579+0000][23404][gc,marking   ] GC(51) Concurrent Preclean
[2020-09-24T03:37:14.580+0000][23404][gc,marking   ] GC(51) Concurrent Preclean 0.440ms
[2020-09-24T03:37:14.580+0000][23404][gc,marking   ] GC(51) Concurrent Mark (106.879s, 107.014s) 135.180ms
[2020-09-24T03:37:14.580+0000][23404][gc,start     ] GC(51) Pause Remark
[2020-09-24T03:37:14.584+0000][23404][gc           ] GC(51) Pause Remark 321M->321M(1024M) 3.865ms
[2020-09-24T03:37:14.584+0000][23404][gc,cpu       ] GC(51) User=0.00s Sys=0.00s Real=0.00s
[2020-09-24T03:37:14.584+0000][23404][safepoint    ] Safepoint "G1Concurrent", Time since last: 139842900 ns, Reaching safepoint: 187800 ns, At safepoint: 4207100 ns, Total: 4394900 ns
[2020-09-24T03:37:14.585+0000][23404][gc,marking   ] GC(51) Concurrent Rebuild Remembered Sets
[2020-09-24T03:37:14.654+0000][23404][gc,marking   ] GC(51) Concurrent Rebuild Remembered Sets 69.622ms
[2020-09-24T03:37:14.654+0000][23404][gc,start     ] GC(51) Pause Cleanup
[2020-09-24T03:37:14.655+0000][23404][gc           ] GC(51) Pause Cleanup 526M->526M(1024M) 0.335ms
[2020-09-24T03:37:14.655+0000][23404][gc,cpu       ] GC(51) User=0.00s Sys=0.00s Real=0.00s
[2020-09-24T03:37:14.655+0000][23404][safepoint    ] Safepoint "G1Concurrent", Time since last: 69805800 ns, Reaching safepoint: 180400 ns, At safepoint: 862900 ns, Total: 1043300 ns
[2020-09-24T03:37:14.655+0000][23404][gc,marking   ] GC(51) Concurrent Cleanup for Next Mark
[2020-09-24T03:37:14.658+0000][23404][gc,marking   ] GC(51) Concurrent Cleanup for Next Mark 2.820ms
[2020-09-24T03:37:14.658+0000][23404][gc           ] GC(51) Concurrent Cycle 218.208ms
[2020-09-24T03:37:14.659+0000][23404][gc,start     ] GC(52) Pause Young (Concurrent Start) (G1 Humongous Allocation)
[2020-09-24T03:37:14.659+0000][23404][gc,task      ] GC(52) Using 8 workers of 8 for evacuation
[2020-09-24T03:37:14.659+0000][23404][gc,age       ] GC(52) Desired survivor size 32505856 bytes, new threshold 15 (max threshold 15)
[2020-09-24T03:37:14.664+0000][23404][gc,age       ] GC(52) Age table with threshold 15 (max threshold 15)
[2020-09-24T03:37:14.665+0000][23404][gc,age       ] GC(52) - age   1:    5943128 bytes,    5943128 total
[2020-09-24T03:37:14.665+0000][23404][gc,age       ] GC(52) - age   2:       2552 bytes,    5945680 total
[2020-09-24T03:37:14.665+0000][23404][gc,age       ] GC(52) - age   3:       2984 bytes,    5948664 total
[2020-09-24T03:37:14.665+0000][23404][gc,age       ] GC(52) - age   4:      29160 bytes,    5977824 total
[2020-09-24T03:37:14.665+0000][23404][gc,age       ] GC(52) - age   5:      28144 bytes,    6005968 total
[2020-09-24T03:37:14.665+0000][23404][gc,age       ] GC(52) - age   6:      75064 bytes,    6081032 total
[2020-09-24T03:37:14.665+0000][23404][gc,age       ] GC(52) - age   7:      44472 bytes,    6125504 total
[2020-09-24T03:37:14.665+0000][23404][gc,age       ] GC(52) - age   8:      31632 bytes,    6157136 total
[2020-09-24T03:37:14.665+0000][23404][gc,age       ] GC(52) - age   9:     140360 bytes,    6297496 total
[2020-09-24T03:37:14.665+0000][23404][gc,age       ] GC(52) - age  10:    1819984 bytes,    8117480 total
[2020-09-24T03:37:14.665+0000][23404][gc,age       ] GC(52) - age  11:     440056 bytes,    8557536 total
[2020-09-24T03:37:14.665+0000][23404][gc,age       ] GC(52) - age  12:       1256 bytes,    8558792 total
[2020-09-24T03:37:14.665+0000][23404][gc,age       ] GC(52) - age  13:       3208 bytes,    8562000 total
[2020-09-24T03:37:14.665+0000][23404][gc,age       ] GC(52) - age  14:       1744 bytes,    8563744 total
[2020-09-24T03:37:14.665+0000][23404][gc,age       ] GC(52) - age  15:       3184 bytes,    8566928 total
[2020-09-24T03:37:14.665+0000][23404][gc,phases    ] GC(52)   Pre Evacuate Collection Set: 0.4ms
[2020-09-24T03:37:14.665+0000][23404][gc,phases    ] GC(52)   Merge Heap Roots: 0.1ms
[2020-09-24T03:37:14.665+0000][23404][gc,phases    ] GC(52)   Evacuate Collection Set: 3.1ms
[2020-09-24T03:37:14.665+0000][23404][gc,phases    ] GC(52)   Post Evacuate Collection Set: 1.1ms
[2020-09-24T03:37:14.665+0000][23404][gc,phases    ] GC(52)   Other: 1.0ms
[2020-09-24T03:37:14.665+0000][23404][gc,heap      ] GC(52) Eden regions: 75->0(482)
[2020-09-24T03:37:14.665+0000][23404][gc,heap      ] GC(52) Survivor regions: 7->9(62)
[2020-09-24T03:37:14.665+0000][23404][gc,heap      ] GC(52) Old regions: 73->73
[2020-09-24T03:37:14.665+0000][23404][gc,heap      ] GC(52) Archive regions: 0->0
[2020-09-24T03:37:14.665+0000][23404][gc,heap      ] GC(52) Humongous regions: 386->174
[2020-09-24T03:37:14.665+0000][23404][gc,metaspace ] GC(52) Metaspace: 82944K(89600K)->82944K(89600K) NonClass: 72017K(76032K)->72017K(76032K) Class: 10926K(13568K)->10926K(13568K)
[2020-09-24T03:37:14.665+0000][23404][gc           ] GC(52) Pause Young (Concurrent Start) (G1 Humongous Allocation) 539M->254M(1024M) 6.206ms
[2020-09-24T03:37:14.665+0000][23404][gc,cpu       ] GC(52) User=0.05s Sys=0.00s Real=0.01s
[2020-09-24T03:37:14.665+0000][23404][gc           ] GC(53) Concurrent Cycle
[2020-09-24T03:37:14.665+0000][23404][gc,marking   ] GC(53) Concurrent Clear Claimed Marks
[2020-09-24T03:37:14.666+0000][23404][safepoint    ] Safepoint "G1TryInitiateConcMark", Time since last: 3276300 ns, Reaching safepoint: 248000 ns, At safepoint: 6804000 ns, Total: 7052000 ns
[2020-09-24T03:37:14.666+0000][23404][gc,marking   ] GC(53) Concurrent Clear Claimed Marks 0.420ms
[2020-09-24T03:37:14.666+0000][23404][gc,marking   ] GC(53) Concurrent Scan Root Regions
[2020-09-24T03:37:14.670+0000][23404][gc,marking   ] GC(53) Concurrent Scan Root Regions 4.097ms
[2020-09-24T03:37:14.670+0000][23404][gc,marking   ] GC(53) Concurrent Mark (107.104s)
[2020-09-24T03:37:14.670+0000][23404][gc,marking   ] GC(53) Concurrent Mark From Roots
[2020-09-24T03:37:14.670+0000][23404][gc,task      ] GC(53) Using 2 workers of 2 for marking
[2020-09-24T03:37:14.794+0000][23404][gc,marking   ] GC(53) Concurrent Mark From Roots 123.176ms
[2020-09-24T03:37:14.794+0000][23404][gc,marking   ] GC(53) Concurrent Preclean
[2020-09-24T03:37:14.794+0000][23404][gc,marking   ] GC(53) Concurrent Preclean 0.420ms
[2020-09-24T03:37:14.794+0000][23404][gc,marking   ] GC(53) Concurrent Mark (107.104s, 107.228s) 123.745ms
[2020-09-24T03:37:14.794+0000][23404][gc,start     ] GC(53) Pause Remark
[2020-09-24T03:37:14.798+0000][23404][gc           ] GC(53) Pause Remark 393M->393M(1024M) 4.013ms
[2020-09-24T03:37:14.799+0000][23404][gc,cpu       ] GC(53) User=0.00s Sys=0.00s Real=0.01s
[2020-09-24T03:37:14.799+0000][23404][safepoint    ] Safepoint "G1Concurrent", Time since last: 128148100 ns, Reaching safepoint: 171300 ns, At safepoint: 4233200 ns, Total: 4404500 ns
[2020-09-24T03:37:14.799+0000][23404][gc,marking   ] GC(53) Concurrent Rebuild Remembered Sets
[2020-09-24T03:37:14.867+0000][23404][gc,marking   ] GC(53) Concurrent Rebuild Remembered Sets 67.944ms
[2020-09-24T03:37:14.867+0000][23404][gc,start     ] GC(53) Pause Cleanup
[2020-09-24T03:37:14.867+0000][23404][gc           ] GC(53) Pause Cleanup 462M->462M(1024M) 0.386ms
[2020-09-24T03:37:14.868+0000][23404][gc,cpu       ] GC(53) User=0.00s Sys=0.00s Real=0.00s
[2020-09-24T03:37:14.868+0000][23404][safepoint    ] Safepoint "G1Concurrent", Time since last: 68159700 ns, Reaching safepoint: 190300 ns, At safepoint: 605900 ns, Total: 796200 ns
[2020-09-24T03:37:14.868+0000][23404][gc,marking   ] GC(53) Concurrent Cleanup for Next Mark
[2020-09-24T03:37:14.870+0000][23404][gc,marking   ] GC(53) Concurrent Cleanup for Next Mark 2.281ms
[2020-09-24T03:37:14.870+0000][23404][gc           ] GC(53) Concurrent Cycle 204.383ms
[2020-09-24T03:37:14.875+0000][23404][gc,start     ] GC(54) Pause Young (Concurrent Start) (G1 Humongous Allocation)
[2020-09-24T03:37:14.875+0000][23404][gc,task      ] GC(54) Using 8 workers of 8 for evacuation
[2020-09-24T03:37:14.875+0000][23404][gc,age       ] GC(54) Desired survivor size 32505856 bytes, new threshold 15 (max threshold 15)
[2020-09-24T03:37:14.879+0000][23404][gc,age       ] GC(54) Age table with threshold 15 (max threshold 15)
[2020-09-24T03:37:14.879+0000][23404][gc,age       ] GC(54) - age   1:    3908008 bytes,    3908008 total
[2020-09-24T03:37:14.879+0000][23404][gc,age       ] GC(54) - age   2:      14720 bytes,    3922728 total
[2020-09-24T03:37:14.879+0000][23404][gc,age       ] GC(54) - age   3:       2104 bytes,    3924832 total
[2020-09-24T03:37:14.879+0000][23404][gc,age       ] GC(54) - age   4:       2600 bytes,    3927432 total
[2020-09-24T03:37:14.879+0000][23404][gc,age       ] GC(54) - age   5:      28384 bytes,    3955816 total
[2020-09-24T03:37:14.879+0000][23404][gc,age       ] GC(54) - age   6:      27984 bytes,    3983800 total
[2020-09-24T03:37:14.879+0000][23404][gc,age       ] GC(54) - age   7:      75032 bytes,    4058832 total
[2020-09-24T03:37:14.879+0000][23404][gc,age       ] GC(54) - age   8:      44472 bytes,    4103304 total
[2020-09-24T03:37:14.879+0000][23404][gc,age       ] GC(54) - age   9:      31632 bytes,    4134936 total
[2020-09-24T03:37:14.879+0000][23404][gc,age       ] GC(54) - age  10:     140360 bytes,    4275296 total
[2020-09-24T03:37:14.879+0000][23404][gc,age       ] GC(54) - age  11:    1819952 bytes,    6095248 total
[2020-09-24T03:37:14.879+0000][23404][gc,age       ] GC(54) - age  12:     440056 bytes,    6535304 total
[2020-09-24T03:37:14.879+0000][23404][gc,age       ] GC(54) - age  13:       1256 bytes,    6536560 total
[2020-09-24T03:37:14.879+0000][23404][gc,age       ] GC(54) - age  14:       3208 bytes,    6539768 total
[2020-09-24T03:37:14.879+0000][23404][gc,age       ] GC(54) - age  15:       1744 bytes,    6541512 total
[2020-09-24T03:37:14.880+0000][23404][gc,phases    ] GC(54)   Pre Evacuate Collection Set: 0.4ms
[2020-09-24T03:37:14.880+0000][23404][gc,phases    ] GC(54)   Merge Heap Roots: 0.1ms
[2020-09-24T03:37:14.880+0000][23404][gc,phases    ] GC(54)   Evacuate Collection Set: 2.5ms
[2020-09-24T03:37:14.880+0000][23404][gc,phases    ] GC(54)   Post Evacuate Collection Set: 0.9ms
[2020-09-24T03:37:14.880+0000][23404][gc,phases    ] GC(54)   Other: 0.8ms
[2020-09-24T03:37:14.880+0000][23404][gc,heap      ] GC(54) Eden regions: 67->0(487)
[2020-09-24T03:37:14.880+0000][23404][gc,heap      ] GC(54) Survivor regions: 9->7(62)
[2020-09-24T03:37:14.880+0000][23404][gc,heap      ] GC(54) Old regions: 73->73
[2020-09-24T03:37:14.880+0000][23404][gc,heap      ] GC(54) Archive regions: 0->0
[2020-09-24T03:37:14.880+0000][23404][gc,heap      ] GC(54) Humongous regions: 318->174
[2020-09-24T03:37:14.880+0000][23404][gc,metaspace ] GC(54) Metaspace: 82972K(89600K)->82972K(89600K) NonClass: 72046K(76032K)->72046K(76032K) Class: 10926K(13568K)->10926K(13568K)
[2020-09-24T03:37:14.880+0000][23404][gc           ] GC(54) Pause Young (Concurrent Start) (G1 Humongous Allocation) 465M->253M(1024M) 4.993ms
[2020-09-24T03:37:14.880+0000][23404][gc,cpu       ] GC(54) User=0.00s Sys=0.00s Real=0.01s
[2020-09-24T03:37:14.880+0000][23404][gc           ] GC(55) Concurrent Cycle
[2020-09-24T03:37:14.880+0000][23404][safepoint    ] Safepoint "G1TryInitiateConcMark", Time since last: 7105200 ns, Reaching safepoint: 143300 ns, At safepoint: 5188200 ns, Total: 5331500 ns
[2020-09-24T03:37:14.880+0000][23404][gc,marking   ] GC(55) Concurrent Clear Claimed Marks
[2020-09-24T03:37:14.881+0000][23404][gc,marking   ] GC(55) Concurrent Clear Claimed Marks 0.767ms
[2020-09-24T03:37:14.881+0000][23404][gc,marking   ] GC(55) Concurrent Scan Root Regions
[2020-09-24T03:37:14.885+0000][23404][gc,marking   ] GC(55) Concurrent Scan Root Regions 4.016ms
[2020-09-24T03:37:14.885+0000][23404][gc,marking   ] GC(55) Concurrent Mark (107.319s)
[2020-09-24T03:37:14.885+0000][23404][gc,marking   ] GC(55) Concurrent Mark From Roots
[2020-09-24T03:37:14.885+0000][23404][gc,task      ] GC(55) Using 2 workers of 2 for marking
[2020-09-24T03:37:15.009+0000][23404][gc,marking   ] GC(55) Concurrent Mark From Roots 123.789ms
[2020-09-24T03:37:15.009+0000][23404][gc,marking   ] GC(55) Concurrent Preclean
[2020-09-24T03:37:15.010+0000][23404][gc,marking   ] GC(55) Concurrent Preclean 0.529ms
[2020-09-24T03:37:15.010+0000][23404][gc,marking   ] GC(55) Concurrent Mark (107.319s, 107.443s) 124.545ms
[2020-09-24T03:37:15.010+0000][23404][gc,start     ] GC(55) Pause Remark
[2020-09-24T03:37:15.014+0000][23404][gc           ] GC(55) Pause Remark 392M->392M(1024M) 3.865ms
[2020-09-24T03:37:15.014+0000][23404][gc,cpu       ] GC(55) User=0.00s Sys=0.00s Real=0.00s
[2020-09-24T03:37:15.014+0000][23404][safepoint    ] Safepoint "G1Concurrent", Time since last: 129741800 ns, Reaching safepoint: 217500 ns, At safepoint: 4153000 ns, Total: 4370500 ns
[2020-09-24T03:37:15.014+0000][23404][gc,marking   ] GC(55) Concurrent Rebuild Remembered Sets
[2020-09-24T03:37:15.080+0000][23404][gc,marking   ] GC(55) Concurrent Rebuild Remembered Sets 65.682ms
[2020-09-24T03:37:15.080+0000][23404][gc,start     ] GC(55) Pause Cleanup
[2020-09-24T03:37:15.081+0000][23404][gc           ] GC(55) Pause Cleanup 461M->461M(1024M) 0.328ms
[2020-09-24T03:37:15.081+0000][23404][gc,cpu       ] GC(55) User=0.00s Sys=0.00s Real=0.00s
[2020-09-24T03:37:15.081+0000][23404][safepoint    ] Safepoint "G1Concurrent", Time since last: 65905000 ns, Reaching safepoint: 162800 ns, At safepoint: 499900 ns, Total: 662700 ns
[2020-09-24T03:37:15.081+0000][23404][gc,marking   ] GC(55) Concurrent Cleanup for Next Mark
[2020-09-24T03:37:15.083+0000][23404][gc,marking   ] GC(55) Concurrent Cleanup for Next Mark 2.061ms
[2020-09-24T03:37:15.083+0000][23404][gc           ] GC(55) Concurrent Cycle 203.059ms
[2020-09-24T03:37:15.112+0000][23404][gc,start     ] GC(56) Pause Young (Concurrent Start) (G1 Humongous Allocation)
[2020-09-24T03:37:15.112+0000][23404][gc,task      ] GC(56) Using 8 workers of 8 for evacuation
[2020-09-24T03:37:15.112+0000][23404][gc,age       ] GC(56) Desired survivor size 32505856 bytes, new threshold 15 (max threshold 15)
[2020-09-24T03:37:15.117+0000][23404][gc,age       ] GC(56) Age table with threshold 15 (max threshold 15)
[2020-09-24T03:37:15.117+0000][23404][gc,age       ] GC(56) - age   1:    3389096 bytes,    3389096 total
[2020-09-24T03:37:15.117+0000][23404][gc,age       ] GC(56) - age   2:     405032 bytes,    3794128 total
[2020-09-24T03:37:15.117+0000][23404][gc,age       ] GC(56) - age   3:       9912 bytes,    3804040 total
[2020-09-24T03:37:15.117+0000][23404][gc,age       ] GC(56) - age   4:       1560 bytes,    3805600 total
[2020-09-24T03:37:15.117+0000][23404][gc,age       ] GC(56) - age   5:       2120 bytes,    3807720 total
[2020-09-24T03:37:15.117+0000][23404][gc,age       ] GC(56) - age   6:      28016 bytes,    3835736 total
[2020-09-24T03:37:15.117+0000][23404][gc,age       ] GC(56) - age   7:      27920 bytes,    3863656 total
[2020-09-24T03:37:15.117+0000][23404][gc,age       ] GC(56) - age   8:      74904 bytes,    3938560 total
[2020-09-24T03:37:15.117+0000][23404][gc,age       ] GC(56) - age   9:      44280 bytes,    3982840 total
[2020-09-24T03:37:15.117+0000][23404][gc,age       ] GC(56) - age  10:      31632 bytes,    4014472 total
[2020-09-24T03:37:15.117+0000][23404][gc,age       ] GC(56) - age  11:     140360 bytes,    4154832 total
[2020-09-24T03:37:15.117+0000][23404][gc,age       ] GC(56) - age  12:    1819952 bytes,    5974784 total
[2020-09-24T03:37:15.117+0000][23404][gc,age       ] GC(56) - age  13:     440056 bytes,    6414840 total
[2020-09-24T03:37:15.117+0000][23404][gc,age       ] GC(56) - age  14:       1256 bytes,    6416096 total
[2020-09-24T03:37:15.117+0000][23404][gc,age       ] GC(56) - age  15:       3080 bytes,    6419176 total
[2020-09-24T03:37:15.117+0000][23404][gc,phases    ] GC(56)   Pre Evacuate Collection Set: 0.4ms
[2020-09-24T03:37:15.117+0000][23404][gc,phases    ] GC(56)   Merge Heap Roots: 0.1ms
[2020-09-24T03:37:15.118+0000][23404][gc,phases    ] GC(56)   Evacuate Collection Set: 3.3ms
[2020-09-24T03:37:15.118+0000][23404][gc,phases    ] GC(56)   Post Evacuate Collection Set: 0.8ms
[2020-09-24T03:37:15.118+0000][23404][gc,phases    ] GC(56)   Other: 0.6ms
[2020-09-24T03:37:15.118+0000][23404][gc,heap      ] GC(56) Eden regions: 61->0(491)
[2020-09-24T03:37:15.118+0000][23404][gc,heap      ] GC(56) Survivor regions: 7->7(62)
[2020-09-24T03:37:15.118+0000][23404][gc,heap      ] GC(56) Old regions: 73->73
[2020-09-24T03:37:15.118+0000][23404][gc,heap      ] GC(56) Archive regions: 0->0
[2020-09-24T03:37:15.118+0000][23404][gc,heap      ] GC(56) Humongous regions: 330->174
[2020-09-24T03:37:15.118+0000][23404][gc,metaspace ] GC(56) Metaspace: 83009K(89600K)->83009K(89600K) NonClass: 72082K(76032K)->72082K(76032K) Class: 10926K(13568K)->10926K(13568K)
[2020-09-24T03:37:15.118+0000][23404][gc           ] GC(56) Pause Young (Concurrent Start) (G1 Humongous Allocation) 470M->253M(1024M) 5.486ms
[2020-09-24T03:37:15.118+0000][23404][gc,cpu       ] GC(56) User=0.00s Sys=0.00s Real=0.01s
[2020-09-24T03:37:15.118+0000][23404][gc           ] GC(57) Concurrent Cycle
[2020-09-24T03:37:15.118+0000][23404][safepoint    ] Safepoint "G1TryInitiateConcMark", Time since last: 31375200 ns, Reaching safepoint: 124200 ns, At safepoint: 5628200 ns, Total: 5752400 ns
[2020-09-24T03:37:15.118+0000][23404][gc,marking   ] GC(57) Concurrent Clear Claimed Marks
[2020-09-24T03:37:15.119+0000][23404][gc,marking   ] GC(57) Concurrent Clear Claimed Marks 0.649ms
[2020-09-24T03:37:15.119+0000][23404][gc,marking   ] GC(57) Concurrent Scan Root Regions
[2020-09-24T03:37:15.122+0000][23404][gc,marking   ] GC(57) Concurrent Scan Root Regions 3.636ms
[2020-09-24T03:37:15.122+0000][23404][gc,marking   ] GC(57) Concurrent Mark (107.556s)
[2020-09-24T03:37:15.122+0000][23404][gc,marking   ] GC(57) Concurrent Mark From Roots
[2020-09-24T03:37:15.122+0000][23404][gc,task      ] GC(57) Using 2 workers of 2 for marking
[2020-09-24T03:37:15.209+0000][23404][gc,marking   ] GC(57) Concurrent Mark From Roots 86.215ms
[2020-09-24T03:37:15.209+0000][23404][gc,marking   ] GC(57) Concurrent Preclean
[2020-09-24T03:37:15.209+0000][23404][gc,marking   ] GC(57) Concurrent Preclean 0.251ms
[2020-09-24T03:37:15.209+0000][23404][gc,marking   ] GC(57) Concurrent Mark (107.556s, 107.642s) 86.598ms
[2020-09-24T03:37:15.209+0000][23404][gc,start     ] GC(57) Pause Remark
[2020-09-24T03:37:15.213+0000][23404][gc           ] GC(57) Pause Remark 316M->316M(1024M) 3.493ms
[2020-09-24T03:37:15.213+0000][23404][gc,cpu       ] GC(57) User=0.06s Sys=0.00s Real=0.00s
[2020-09-24T03:37:15.213+0000][23404][safepoint    ] Safepoint "G1Concurrent", Time since last: 91218200 ns, Reaching safepoint: 118900 ns, At safepoint: 3723500 ns, Total: 3842400 ns
[2020-09-24T03:37:15.213+0000][23404][gc,marking   ] GC(57) Concurrent Rebuild Remembered Sets
[2020-09-24T03:37:15.261+0000][23404][gc,marking   ] GC(57) Concurrent Rebuild Remembered Sets 48.289ms
[2020-09-24T03:37:15.261+0000][23404][gc,start     ] GC(57) Pause Cleanup
[2020-09-24T03:37:15.262+0000][23404][gc           ] GC(57) Pause Cleanup 316M->316M(1024M) 0.177ms
[2020-09-24T03:37:15.262+0000][23404][gc,cpu       ] GC(57) User=0.00s Sys=0.00s Real=0.00s
[2020-09-24T03:37:15.262+0000][23404][safepoint    ] Safepoint "G1Concurrent", Time since last: 48466000 ns, Reaching safepoint: 82100 ns, At safepoint: 266300 ns, Total: 348400 ns
[2020-09-24T03:37:15.262+0000][23404][gc,marking   ] GC(57) Concurrent Cleanup for Next Mark
[2020-09-24T03:37:15.263+0000][23404][gc,marking   ] GC(57) Concurrent Cleanup for Next Mark 1.598ms
[2020-09-24T03:37:15.263+0000][23404][gc           ] GC(57) Concurrent Cycle 145.656ms
[2020-09-24T03:37:15.404+0000][23404][gc,start     ] GC(58) Pause Young (Concurrent Start) (G1 Humongous Allocation)
[2020-09-24T03:37:15.404+0000][23404][gc,task      ] GC(58) Using 8 workers of 8 for evacuation
[2020-09-24T03:37:15.404+0000][23404][gc,age       ] GC(58) Desired survivor size 33030144 bytes, new threshold 15 (max threshold 15)
[2020-09-24T03:37:15.407+0000][23404][gc,age       ] GC(58) Age table with threshold 15 (max threshold 15)
[2020-09-24T03:37:15.407+0000][23404][gc,age       ] GC(58) - age   1:    2449968 bytes,    2449968 total
[2020-09-24T03:37:15.407+0000][23404][gc,age       ] GC(58) - age   2:       5368 bytes,    2455336 total
[2020-09-24T03:37:15.407+0000][23404][gc,age       ] GC(58) - age   3:       3784 bytes,    2459120 total
[2020-09-24T03:37:15.407+0000][23404][gc,age       ] GC(58) - age   4:       7640 bytes,    2466760 total
[2020-09-24T03:37:15.407+0000][23404][gc,age       ] GC(58) - age   5:       1496 bytes,    2468256 total
[2020-09-24T03:37:15.407+0000][23404][gc,age       ] GC(58) - age   6:       1960 bytes,    2470216 total
[2020-09-24T03:37:15.407+0000][23404][gc,age       ] GC(58) - age   7:      28016 bytes,    2498232 total
[2020-09-24T03:37:15.407+0000][23404][gc,age       ] GC(58) - age   8:      27920 bytes,    2526152 total
[2020-09-24T03:37:15.407+0000][23404][gc,age       ] GC(58) - age   9:      74616 bytes,    2600768 total
[2020-09-24T03:37:15.407+0000][23404][gc,age       ] GC(58) - age  10:      44280 bytes,    2645048 total
[2020-09-24T03:37:15.407+0000][23404][gc,age       ] GC(58) - age  11:      31248 bytes,    2676296 total
[2020-09-24T03:37:15.407+0000][23404][gc,age       ] GC(58) - age  12:     140360 bytes,    2816656 total
[2020-09-24T03:37:15.407+0000][23404][gc,age       ] GC(58) - age  13:    1819936 bytes,    4636592 total
[2020-09-24T03:37:15.407+0000][23404][gc,age       ] GC(58) - age  14:     440056 bytes,    5076648 total
[2020-09-24T03:37:15.407+0000][23404][gc,age       ] GC(58) - age  15:       1256 bytes,    5077904 total
[2020-09-24T03:37:15.407+0000][23404][gc,phases    ] GC(58)   Pre Evacuate Collection Set: 0.4ms
[2020-09-24T03:37:15.408+0000][23404][gc,phases    ] GC(58)   Merge Heap Roots: 0.1ms
[2020-09-24T03:37:15.408+0000][23404][gc,phases    ] GC(58)   Evacuate Collection Set: 2.2ms
[2020-09-24T03:37:15.408+0000][23404][gc,phases    ] GC(58)   Post Evacuate Collection Set: 0.5ms
[2020-09-24T03:37:15.408+0000][23404][gc,phases    ] GC(58)   Other: 0.9ms
[2020-09-24T03:37:15.408+0000][23404][gc,heap      ] GC(58) Eden regions: 33->0(495)
[2020-09-24T03:37:15.408+0000][23404][gc,heap      ] GC(58) Survivor regions: 7->6(63)
[2020-09-24T03:37:15.408+0000][23404][gc,heap      ] GC(58) Old regions: 73->73
[2020-09-24T03:37:15.408+0000][23404][gc,heap      ] GC(58) Archive regions: 0->0
[2020-09-24T03:37:15.408+0000][23404][gc,heap      ] GC(58) Humongous regions: 234->174
[2020-09-24T03:37:15.408+0000][23404][gc,metaspace ] GC(58) Metaspace: 83352K(89856K)->83352K(89856K) NonClass: 72373K(76288K)->72373K(76288K) Class: 10978K(13568K)->10978K(13568K)
[2020-09-24T03:37:15.408+0000][23404][gc           ] GC(58) Pause Young (Concurrent Start) (G1 Humongous Allocation) 345M->251M(1024M) 4.290ms
[2020-09-24T03:37:15.408+0000][23404][gc,cpu       ] GC(58) User=0.00s Sys=0.00s Real=0.00s
[2020-09-24T03:37:15.408+0000][23404][gc           ] GC(59) Concurrent Cycle
[2020-09-24T03:37:15.408+0000][23404][safepoint    ] Safepoint "G1TryInitiateConcMark", Time since last: 141482000 ns, Reaching safepoint: 260200 ns, At safepoint: 4445100 ns, Total: 4705300 ns
[2020-09-24T03:37:15.408+0000][23404][gc,marking   ] GC(59) Concurrent Clear Claimed Marks
[2020-09-24T03:37:15.409+0000][23404][gc,marking   ] GC(59) Concurrent Clear Claimed Marks 0.654ms
[2020-09-24T03:37:15.409+0000][23404][gc,marking   ] GC(59) Concurrent Scan Root Regions
[2020-09-24T03:37:15.412+0000][23404][gc,marking   ] GC(59) Concurrent Scan Root Regions 3.506ms
[2020-09-24T03:37:15.412+0000][23404][gc,marking   ] GC(59) Concurrent Mark (107.846s)
[2020-09-24T03:37:15.412+0000][23404][gc,marking   ] GC(59) Concurrent Mark From Roots
[2020-09-24T03:37:15.412+0000][23404][gc,task      ] GC(59) Using 2 workers of 2 for marking
[2020-09-24T03:37:15.523+0000][23404][gc,marking   ] GC(59) Concurrent Mark From Roots 110.573ms
[2020-09-24T03:37:15.523+0000][23404][gc,marking   ] GC(59) Concurrent Preclean
[2020-09-24T03:37:15.523+0000][23404][gc,marking   ] GC(59) Concurrent Preclean 0.459ms
[2020-09-24T03:37:15.524+0000][23404][gc,marking   ] GC(59) Concurrent Mark (107.846s, 107.957s) 111.290ms
[2020-09-24T03:37:15.524+0000][23404][gc,start     ] GC(59) Pause Remark
[2020-09-24T03:37:15.528+0000][23404][gc           ] GC(59) Pause Remark 374M->374M(1024M) 4.064ms
[2020-09-24T03:37:15.528+0000][23404][gc,cpu       ] GC(59) User=0.09s Sys=0.00s Real=0.00s
[2020-09-24T03:37:15.528+0000][23404][safepoint    ] Safepoint "G1Concurrent", Time since last: 115752700 ns, Reaching safepoint: 194600 ns, At safepoint: 4270700 ns, Total: 4465300 ns
[2020-09-24T03:37:15.528+0000][23404][gc,marking   ] GC(59) Concurrent Rebuild Remembered Sets
[2020-09-24T03:37:15.597+0000][23404][gc,marking   ] GC(59) Concurrent Rebuild Remembered Sets 68.912ms
[2020-09-24T03:37:15.598+0000][23404][gc,start     ] GC(59) Pause Cleanup
[2020-09-24T03:37:15.598+0000][23404][gc           ] GC(59) Pause Cleanup 443M->443M(1024M) 0.412ms
[2020-09-24T03:37:15.599+0000][23404][gc,cpu       ] GC(59) User=0.00s Sys=0.00s Real=0.00s
[2020-09-24T03:37:15.599+0000][23404][safepoint    ] Safepoint "G1Concurrent", Time since last: 69105100 ns, Reaching safepoint: 751100 ns, At safepoint: 638200 ns, Total: 1389300 ns
[2020-09-24T03:37:15.599+0000][23404][gc,marking   ] GC(59) Concurrent Cleanup for Next Mark
[2020-09-24T03:37:15.601+0000][23404][gc,marking   ] GC(59) Concurrent Cleanup for Next Mark 2.422ms
[2020-09-24T03:37:15.601+0000][23404][gc           ] GC(59) Concurrent Cycle 193.382ms
[2020-09-24T03:37:15.613+0000][23404][gc,start     ] GC(60) Pause Young (Concurrent Start) (G1 Humongous Allocation)
[2020-09-24T03:37:15.613+0000][23404][gc,task      ] GC(60) Using 8 workers of 8 for evacuation
[2020-09-24T03:37:15.613+0000][23404][gc,age       ] GC(60) Desired survivor size 33030144 bytes, new threshold 15 (max threshold 15)
[2020-09-24T03:37:15.617+0000][23404][gc,age       ] GC(60) Age table with threshold 15 (max threshold 15)
[2020-09-24T03:37:15.617+0000][23404][gc,age       ] GC(60) - age   1:    3271456 bytes,    3271456 total
[2020-09-24T03:37:15.617+0000][23404][gc,age       ] GC(60) - age   2:     161216 bytes,    3432672 total
[2020-09-24T03:37:15.617+0000][23404][gc,age       ] GC(60) - age   3:       4512 bytes,    3437184 total
[2020-09-24T03:37:15.617+0000][23404][gc,age       ] GC(60) - age   4:       3656 bytes,    3440840 total
[2020-09-24T03:37:15.617+0000][23404][gc,age       ] GC(60) - age   5:       6624 bytes,    3447464 total
[2020-09-24T03:37:15.617+0000][23404][gc,age       ] GC(60) - age   6:       1272 bytes,    3448736 total
[2020-09-24T03:37:15.617+0000][23404][gc,age       ] GC(60) - age   7:       1800 bytes,    3450536 total
[2020-09-24T03:37:15.617+0000][23404][gc,age       ] GC(60) - age   8:      28016 bytes,    3478552 total
[2020-09-24T03:37:15.617+0000][23404][gc,age       ] GC(60) - age   9:      27920 bytes,    3506472 total
[2020-09-24T03:37:15.617+0000][23404][gc,age       ] GC(60) - age  10:      74616 bytes,    3581088 total
[2020-09-24T03:37:15.617+0000][23404][gc,age       ] GC(60) - age  11:      44216 bytes,    3625304 total
[2020-09-24T03:37:15.617+0000][23404][gc,age       ] GC(60) - age  12:      31248 bytes,    3656552 total
[2020-09-24T03:37:15.617+0000][23404][gc,age       ] GC(60) - age  13:     140296 bytes,    3796848 total
[2020-09-24T03:37:15.617+0000][23404][gc,age       ] GC(60) - age  14:    1819840 bytes,    5616688 total
[2020-09-24T03:37:15.617+0000][23404][gc,age       ] GC(60) - age  15:     440056 bytes,    6056744 total
[2020-09-24T03:37:15.617+0000][23404][gc,phases    ] GC(60)   Pre Evacuate Collection Set: 0.5ms
[2020-09-24T03:37:15.617+0000][23404][gc,phases    ] GC(60)   Merge Heap Roots: 0.1ms
[2020-09-24T03:37:15.617+0000][23404][gc,phases    ] GC(60)   Evacuate Collection Set: 2.4ms
[2020-09-24T03:37:15.617+0000][23404][gc,phases    ] GC(60)   Post Evacuate Collection Set: 0.9ms
[2020-09-24T03:37:15.618+0000][23404][gc,phases    ] GC(60)   Other: 1.0ms
[2020-09-24T03:37:15.618+0000][23404][gc,heap      ] GC(60) Eden regions: 59->0(496)
[2020-09-24T03:37:15.618+0000][23404][gc,heap      ] GC(60) Survivor regions: 6->7(63)
[2020-09-24T03:37:15.618+0000][23404][gc,heap      ] GC(60) Old regions: 73->73
[2020-09-24T03:37:15.618+0000][23404][gc,heap      ] GC(60) Archive regions: 0->0
[2020-09-24T03:37:15.618+0000][23404][gc,heap      ] GC(60) Humongous regions: 312->174
[2020-09-24T03:37:15.618+0000][23404][gc,metaspace ] GC(60) Metaspace: 83382K(90112K)->83382K(90112K) NonClass: 72403K(76544K)->72403K(76544K) Class: 10978K(13568K)->10978K(13568K)
[2020-09-24T03:37:15.618+0000][23404][gc           ] GC(60) Pause Young (Concurrent Start) (G1 Humongous Allocation) 448M->252M(1024M) 5.197ms
[2020-09-24T03:37:15.618+0000][23404][gc,cpu       ] GC(60) User=0.00s Sys=0.00s Real=0.01s
[2020-09-24T03:37:15.618+0000][23404][gc           ] GC(61) Concurrent Cycle
[2020-09-24T03:37:15.618+0000][23404][safepoint    ] Safepoint "G1TryInitiateConcMark", Time since last: 13689100 ns, Reaching safepoint: 153600 ns, At safepoint: 5445700 ns, Total: 5599300 ns
[2020-09-24T03:37:15.618+0000][23404][gc,marking   ] GC(61) Concurrent Clear Claimed Marks
[2020-09-24T03:37:15.619+0000][23404][gc,marking   ] GC(61) Concurrent Clear Claimed Marks 0.615ms
[2020-09-24T03:37:15.619+0000][23404][gc,marking   ] GC(61) Concurrent Scan Root Regions
[2020-09-24T03:37:15.621+0000][23404][gc,marking   ] GC(61) Concurrent Scan Root Regions 1.873ms
[2020-09-24T03:37:15.621+0000][23404][gc,marking   ] GC(61) Concurrent Mark (108.054s)
[2020-09-24T03:37:15.621+0000][23404][gc,marking   ] GC(61) Concurrent Mark From Roots
[2020-09-24T03:37:15.621+0000][23404][gc,task      ] GC(61) Using 2 workers of 2 for marking
[2020-09-24T03:37:15.748+0000][23404][gc,marking   ] GC(61) Concurrent Mark From Roots 127.313ms
[2020-09-24T03:37:15.748+0000][23404][gc,marking   ] GC(61) Concurrent Preclean
[2020-09-24T03:37:15.748+0000][23404][gc,marking   ] GC(61) Concurrent Preclean 0.480ms
[2020-09-24T03:37:15.749+0000][23404][gc,marking   ] GC(61) Concurrent Mark (108.054s, 108.182s) 127.977ms
[2020-09-24T03:37:15.749+0000][23404][gc,start     ] GC(61) Pause Remark
[2020-09-24T03:37:15.753+0000][23404][gc           ] GC(61) Pause Remark 385M->385M(1024M) 3.845ms
[2020-09-24T03:37:15.753+0000][23404][gc,cpu       ] GC(61) User=0.00s Sys=0.00s Real=0.00s
[2020-09-24T03:37:15.753+0000][23404][safepoint    ] Safepoint "G1Concurrent", Time since last: 130721300 ns, Reaching safepoint: 226700 ns, At safepoint: 4103300 ns, Total: 4330000 ns
[2020-09-24T03:37:15.753+0000][23404][gc,marking   ] GC(61) Concurrent Rebuild Remembered Sets
[2020-09-24T03:37:15.823+0000][23404][gc,marking   ] GC(61) Concurrent Rebuild Remembered Sets 70.110ms
[2020-09-24T03:37:15.823+0000][23404][gc,start     ] GC(61) Pause Cleanup
[2020-09-24T03:37:15.824+0000][23404][gc           ] GC(61) Pause Cleanup 457M->457M(1024M) 0.311ms
[2020-09-24T03:37:15.824+0000][23404][gc,cpu       ] GC(61) User=0.00s Sys=0.00s Real=0.00s
[2020-09-24T03:37:15.824+0000][23404][safepoint    ] Safepoint "G1Concurrent", Time since last: 70287300 ns, Reaching safepoint: 145000 ns, At safepoint: 452400 ns, Total: 597400 ns
[2020-09-24T03:37:15.824+0000][23404][gc,marking   ] GC(61) Concurrent Cleanup for Next Mark
[2020-09-24T03:37:15.826+0000][23404][gc,marking   ] GC(61) Concurrent Cleanup for Next Mark 1.955ms
[2020-09-24T03:37:15.826+0000][23404][gc           ] GC(61) Concurrent Cycle 208.136ms
[2020-09-24T03:37:15.868+0000][23404][gc,start     ] GC(62) Pause Young (Concurrent Start) (G1 Humongous Allocation)
[2020-09-24T03:37:15.869+0000][23404][gc,task      ] GC(62) Using 8 workers of 8 for evacuation
[2020-09-24T03:37:15.869+0000][23404][gc,age       ] GC(62) Desired survivor size 33030144 bytes, new threshold 15 (max threshold 15)
[2020-09-24T03:37:15.873+0000][23404][gc,age       ] GC(62) Age table with threshold 15 (max threshold 15)
[2020-09-24T03:37:15.873+0000][23404][gc,age       ] GC(62) - age   1:    3054424 bytes,    3054424 total
[2020-09-24T03:37:15.873+0000][23404][gc,age       ] GC(62) - age   2:     209584 bytes,    3264008 total
[2020-09-24T03:37:15.873+0000][23404][gc,age       ] GC(62) - age   3:     158104 bytes,    3422112 total
[2020-09-24T03:37:15.873+0000][23404][gc,age       ] GC(62) - age   4:       3832 bytes,    3425944 total
[2020-09-24T03:37:15.874+0000][23404][gc,age       ] GC(62) - age   5:       3104 bytes,    3429048 total
[2020-09-24T03:37:15.874+0000][23404][gc,age       ] GC(62) - age   6:       6624 bytes,    3435672 total
[2020-09-24T03:37:15.874+0000][23404][gc,age       ] GC(62) - age   7:        952 bytes,    3436624 total
[2020-09-24T03:37:15.874+0000][23404][gc,age       ] GC(62) - age   8:       1800 bytes,    3438424 total
[2020-09-24T03:37:15.874+0000][23404][gc,age       ] GC(62) - age   9:      28016 bytes,    3466440 total
[2020-09-24T03:37:15.874+0000][23404][gc,age       ] GC(62) - age  10:      27920 bytes,    3494360 total
[2020-09-24T03:37:15.874+0000][23404][gc,age       ] GC(62) - age  11:      74616 bytes,    3568976 total
[2020-09-24T03:37:15.874+0000][23404][gc,age       ] GC(62) - age  12:      44216 bytes,    3613192 total
[2020-09-24T03:37:15.874+0000][23404][gc,age       ] GC(62) - age  13:      31248 bytes,    3644440 total
[2020-09-24T03:37:15.874+0000][23404][gc,age       ] GC(62) - age  14:     140296 bytes,    3784736 total
[2020-09-24T03:37:15.874+0000][23404][gc,age       ] GC(62) - age  15:    1819840 bytes,    5604576 total
[2020-09-24T03:37:15.874+0000][23404][gc,phases    ] GC(62)   Pre Evacuate Collection Set: 0.5ms
[2020-09-24T03:37:15.874+0000][23404][gc,phases    ] GC(62)   Merge Heap Roots: 0.1ms
[2020-09-24T03:37:15.874+0000][23404][gc,phases    ] GC(62)   Evacuate Collection Set: 3.1ms
[2020-09-24T03:37:15.874+0000][23404][gc,phases    ] GC(62)   Post Evacuate Collection Set: 0.9ms
[2020-09-24T03:37:15.874+0000][23404][gc,phases    ] GC(62)   Other: 1.0ms
[2020-09-24T03:37:15.874+0000][23404][gc,heap      ] GC(62) Eden regions: 64->0(499)
[2020-09-24T03:37:15.874+0000][23404][gc,heap      ] GC(62) Survivor regions: 7->6(63)
[2020-09-24T03:37:15.874+0000][23404][gc,heap      ] GC(62) Old regions: 73->73
[2020-09-24T03:37:15.874+0000][23404][gc,heap      ] GC(62) Archive regions: 0->0
[2020-09-24T03:37:15.874+0000][23404][gc,heap      ] GC(62) Humongous regions: 324->174
[2020-09-24T03:37:15.874+0000][23404][gc,metaspace ] GC(62) Metaspace: 83418K(90112K)->83418K(90112K) NonClass: 72439K(76544K)->72439K(76544K) Class: 10978K(13568K)->10978K(13568K)
[2020-09-24T03:37:15.874+0000][23404][gc           ] GC(62) Pause Young (Concurrent Start) (G1 Humongous Allocation) 466M->252M(1024M) 5.889ms
[2020-09-24T03:37:15.874+0000][23404][gc,cpu       ] GC(62) User=0.03s Sys=0.02s Real=0.01s
[2020-09-24T03:37:15.874+0000][23404][gc           ] GC(63) Concurrent Cycle
[2020-09-24T03:37:15.874+0000][23404][safepoint    ] Safepoint "G1TryInitiateConcMark", Time since last: 44353900 ns, Reaching safepoint: 165100 ns, At safepoint: 6092900 ns, Total: 6258000 ns
[2020-09-24T03:37:15.874+0000][23404][gc,marking   ] GC(63) Concurrent Clear Claimed Marks
[2020-09-24T03:37:15.875+0000][23404][gc,marking   ] GC(63) Concurrent Clear Claimed Marks 0.703ms
[2020-09-24T03:37:15.875+0000][23404][gc,marking   ] GC(63) Concurrent Scan Root Regions
[2020-09-24T03:37:15.879+0000][23404][gc,marking   ] GC(63) Concurrent Scan Root Regions 3.331ms
[2020-09-24T03:37:15.879+0000][23404][gc,marking   ] GC(63) Concurrent Mark (108.312s)
[2020-09-24T03:37:15.879+0000][23404][gc,marking   ] GC(63) Concurrent Mark From Roots
[2020-09-24T03:37:15.879+0000][23404][gc,task      ] GC(63) Using 2 workers of 2 for marking
[2020-09-24T03:37:15.995+0000][23404][gc,marking   ] GC(63) Concurrent Mark From Roots 116.491ms
[2020-09-24T03:37:15.996+0000][23404][gc,marking   ] GC(63) Concurrent Preclean
[2020-09-24T03:37:15.996+0000][23404][gc,marking   ] GC(63) Concurrent Preclean 0.412ms
[2020-09-24T03:37:15.996+0000][23404][gc,marking   ] GC(63) Concurrent Mark (108.312s, 108.429s) 117.055ms
[2020-09-24T03:37:15.996+0000][23404][gc,start     ] GC(63) Pause Remark
[2020-09-24T03:37:16.000+0000][23404][gc           ] GC(63) Pause Remark 385M->385M(1024M) 3.941ms
[2020-09-24T03:37:16.000+0000][23404][gc,cpu       ] GC(63) User=0.00s Sys=0.00s Real=0.00s
[2020-09-24T03:37:16.000+0000][23404][safepoint    ] Safepoint "G1Concurrent", Time since last: 121600400 ns, Reaching safepoint: 158400 ns, At safepoint: 4184500 ns, Total: 4342900 ns
[2020-09-24T03:37:16.000+0000][23404][gc,marking   ] GC(63) Concurrent Rebuild Remembered Sets
[2020-09-24T03:37:16.072+0000][23404][gc,marking   ] GC(63) Concurrent Rebuild Remembered Sets 71.850ms
[2020-09-24T03:37:16.073+0000][23404][gc,start     ] GC(63) Pause Cleanup
[2020-09-24T03:37:16.073+0000][23404][gc           ] GC(63) Pause Cleanup 447M->447M(1024M) 0.345ms
[2020-09-24T03:37:16.073+0000][23404][gc,cpu       ] GC(63) User=0.00s Sys=0.00s Real=0.00s
[2020-09-24T03:37:16.075+0000][23404][safepoint    ] Safepoint "G1Concurrent", Time since last: 72087900 ns, Reaching safepoint: 170300 ns, At safepoint: 2539900 ns, Total: 2710200 ns
[2020-09-24T03:37:16.075+0000][23404][gc,marking   ] GC(63) Concurrent Cleanup for Next Mark
[2020-09-24T03:37:16.077+0000][23404][gc,marking   ] GC(63) Concurrent Cleanup for Next Mark 1.937ms
[2020-09-24T03:37:16.077+0000][23404][gc           ] GC(63) Concurrent Cycle 203.029ms
[2020-09-24T03:37:16.139+0000][23404][gc,start     ] GC(64) Pause Young (Concurrent Start) (G1 Humongous Allocation)
[2020-09-24T03:37:16.139+0000][23404][gc,task      ] GC(64) Using 8 workers of 8 for evacuation
[2020-09-24T03:37:16.139+0000][23404][gc,age       ] GC(64) Desired survivor size 33554432 bytes, new threshold 15 (max threshold 15)
[2020-09-24T03:37:16.143+0000][23404][gc,age       ] GC(64) Age table with threshold 15 (max threshold 15)
[2020-09-24T03:37:16.143+0000][23404][gc,age       ] GC(64) - age   1:    3274384 bytes,    3274384 total
[2020-09-24T03:37:16.143+0000][23404][gc,age       ] GC(64) - age   2:     404392 bytes,    3678776 total
[2020-09-24T03:37:16.143+0000][23404][gc,age       ] GC(64) - age   3:     208040 bytes,    3886816 total
[2020-09-24T03:37:16.143+0000][23404][gc,age       ] GC(64) - age   4:     157680 bytes,    4044496 total
[2020-09-24T03:37:16.143+0000][23404][gc,age       ] GC(64) - age   5:       3304 bytes,    4047800 total
[2020-09-24T03:37:16.143+0000][23404][gc,age       ] GC(64) - age   6:       2528 bytes,    4050328 total
[2020-09-24T03:37:16.143+0000][23404][gc,age       ] GC(64) - age   7:       6624 bytes,    4056952 total
[2020-09-24T03:37:16.143+0000][23404][gc,age       ] GC(64) - age   8:        856 bytes,    4057808 total
[2020-09-24T03:37:16.143+0000][23404][gc,age       ] GC(64) - age   9:       1800 bytes,    4059608 total
[2020-09-24T03:37:16.143+0000][23404][gc,age       ] GC(64) - age  10:      27888 bytes,    4087496 total
[2020-09-24T03:37:16.143+0000][23404][gc,age       ] GC(64) - age  11:      27920 bytes,    4115416 total
[2020-09-24T03:37:16.143+0000][23404][gc,age       ] GC(64) - age  12:      74616 bytes,    4190032 total
[2020-09-24T03:37:16.143+0000][23404][gc,age       ] GC(64) - age  13:      44216 bytes,    4234248 total
[2020-09-24T03:37:16.143+0000][23404][gc,age       ] GC(64) - age  14:      31248 bytes,    4265496 total
[2020-09-24T03:37:16.143+0000][23404][gc,age       ] GC(64) - age  15:     140296 bytes,    4405792 total
[2020-09-24T03:37:16.143+0000][23404][gc,phases    ] GC(64)   Pre Evacuate Collection Set: 0.4ms
[2020-09-24T03:37:16.143+0000][23404][gc,phases    ] GC(64)   Merge Heap Roots: 0.1ms
[2020-09-24T03:37:16.143+0000][23404][gc,phases    ] GC(64)   Evacuate Collection Set: 2.4ms
[2020-09-24T03:37:16.143+0000][23404][gc,phases    ] GC(64)   Post Evacuate Collection Set: 0.7ms
[2020-09-24T03:37:16.143+0000][23404][gc,phases    ] GC(64)   Other: 0.7ms
[2020-09-24T03:37:16.143+0000][23404][gc,heap      ] GC(64) Eden regions: 61->0(499)
[2020-09-24T03:37:16.143+0000][23404][gc,heap      ] GC(64) Survivor regions: 6->5(64)
[2020-09-24T03:37:16.143+0000][23404][gc,heap      ] GC(64) Old regions: 73->75
[2020-09-24T03:37:16.143+0000][23404][gc,heap      ] GC(64) Archive regions: 0->0
[2020-09-24T03:37:16.143+0000][23404][gc,heap      ] GC(64) Humongous regions: 324->174
[2020-09-24T03:37:16.143+0000][23404][gc,metaspace ] GC(64) Metaspace: 83431K(90112K)->83431K(90112K) NonClass: 72452K(76544K)->72452K(76544K) Class: 10978K(13568K)->10978K(13568K)
[2020-09-24T03:37:16.143+0000][23404][gc           ] GC(64) Pause Young (Concurrent Start) (G1 Humongous Allocation) 462M->253M(1024M) 4.510ms
[2020-09-24T03:37:16.143+0000][23404][gc,cpu       ] GC(64) User=0.00s Sys=0.00s Real=0.00s
[2020-09-24T03:37:16.143+0000][23404][gc           ] GC(65) Concurrent Cycle
[2020-09-24T03:37:16.143+0000][23404][safepoint    ] Safepoint "G1TryInitiateConcMark", Time since last: 63413400 ns, Reaching safepoint: 163900 ns, At safepoint: 4675300 ns, Total: 4839200 ns
[2020-09-24T03:37:16.143+0000][23404][gc,marking   ] GC(65) Concurrent Clear Claimed Marks
[2020-09-24T03:37:16.144+0000][23404][gc,marking   ] GC(65) Concurrent Clear Claimed Marks 0.582ms
[2020-09-24T03:37:16.144+0000][23404][gc,marking   ] GC(65) Concurrent Scan Root Regions
[2020-09-24T03:37:16.149+0000][23404][gc,marking   ] GC(65) Concurrent Scan Root Regions 4.644ms
[2020-09-24T03:37:16.149+0000][23404][gc,marking   ] GC(65) Concurrent Mark (108.582s)
[2020-09-24T03:37:16.149+0000][23404][gc,marking   ] GC(65) Concurrent Mark From Roots
[2020-09-24T03:37:16.149+0000][23404][gc,task      ] GC(65) Using 2 workers of 2 for marking
[2020-09-24T03:37:16.272+0000][23404][gc,marking   ] GC(65) Concurrent Mark From Roots 123.184ms
[2020-09-24T03:37:16.272+0000][23404][gc,marking   ] GC(65) Concurrent Preclean
[2020-09-24T03:37:16.273+0000][23404][gc,marking   ] GC(65) Concurrent Preclean 0.656ms
[2020-09-24T03:37:16.273+0000][23404][gc,marking   ] GC(65) Concurrent Mark (108.582s, 108.706s) 124.068ms
[2020-09-24T03:37:16.273+0000][23404][gc,start     ] GC(65) Pause Remark
[2020-09-24T03:37:16.278+0000][23404][gc           ] GC(65) Pause Remark 384M->384M(1024M) 4.419ms
[2020-09-24T03:37:16.278+0000][23404][gc,cpu       ] GC(65) User=0.13s Sys=0.00s Real=0.01s
[2020-09-24T03:37:16.278+0000][23404][safepoint    ] Safepoint "G1Concurrent", Time since last: 129670100 ns, Reaching safepoint: 147600 ns, At safepoint: 4611500 ns, Total: 4759100 ns
[2020-09-24T03:37:16.278+0000][23404][gc,marking   ] GC(65) Concurrent Rebuild Remembered Sets
[2020-09-24T03:37:16.346+0000][23404][gc,marking   ] GC(65) Concurrent Rebuild Remembered Sets 68.203ms
[2020-09-24T03:37:16.346+0000][23404][gc,start     ] GC(65) Pause Cleanup
[2020-09-24T03:37:16.347+0000][23404][gc           ] GC(65) Pause Cleanup 454M->454M(1024M) 0.367ms
[2020-09-24T03:37:16.347+0000][23404][gc,cpu       ] GC(65) User=0.00s Sys=0.00s Real=0.00s
[2020-09-24T03:37:16.347+0000][23404][safepoint    ] Safepoint "G1Concurrent", Time since last: 68412800 ns, Reaching safepoint: 179000 ns, At safepoint: 544900 ns, Total: 723900 ns
[2020-09-24T03:37:16.347+0000][23404][gc,marking   ] GC(65) Concurrent Cleanup for Next Mark
[2020-09-24T03:37:16.349+0000][23404][gc,marking   ] GC(65) Concurrent Cleanup for Next Mark 2.180ms
[2020-09-24T03:37:16.349+0000][23404][gc           ] GC(65) Concurrent Cycle 206.027ms
[2020-09-24T03:37:16.371+0000][23404][gc,start     ] GC(66) Pause Young (Concurrent Start) (G1 Humongous Allocation)
[2020-09-24T03:37:16.371+0000][23404][gc,task      ] GC(66) Using 8 workers of 8 for evacuation
[2020-09-24T03:37:16.371+0000][23404][gc,age       ] GC(66) Desired survivor size 33030144 bytes, new threshold 15 (max threshold 15)
[2020-09-24T03:37:16.375+0000][23404][gc,age       ] GC(66) Age table with threshold 15 (max threshold 15)
[2020-09-24T03:37:16.375+0000][23404][gc,age       ] GC(66) - age   1:    3054000 bytes,    3054000 total
[2020-09-24T03:37:16.375+0000][23404][gc,age       ] GC(66) - age   2:     211272 bytes,    3265272 total
[2020-09-24T03:37:16.375+0000][23404][gc,age       ] GC(66) - age   3:     403912 bytes,    3669184 total
[2020-09-24T03:37:16.375+0000][23404][gc,age       ] GC(66) - age   4:     207104 bytes,    3876288 total
[2020-09-24T03:37:16.375+0000][23404][gc,age       ] GC(66) - age   5:     157488 bytes,    4033776 total
[2020-09-24T03:37:16.375+0000][23404][gc,age       ] GC(66) - age   6:       3112 bytes,    4036888 total
[2020-09-24T03:37:16.375+0000][23404][gc,age       ] GC(66) - age   7:       2432 bytes,    4039320 total
[2020-09-24T03:37:16.375+0000][23404][gc,age       ] GC(66) - age   8:       6624 bytes,    4045944 total
[2020-09-24T03:37:16.375+0000][23404][gc,age       ] GC(66) - age   9:        856 bytes,    4046800 total
[2020-09-24T03:37:16.375+0000][23404][gc,age       ] GC(66) - age  10:       1800 bytes,    4048600 total
[2020-09-24T03:37:16.375+0000][23404][gc,age       ] GC(66) - age  11:      27888 bytes,    4076488 total
[2020-09-24T03:37:16.376+0000][23404][gc,age       ] GC(66) - age  12:      27888 bytes,    4104376 total
[2020-09-24T03:37:16.376+0000][23404][gc,age       ] GC(66) - age  13:      74616 bytes,    4178992 total
[2020-09-24T03:37:16.376+0000][23404][gc,age       ] GC(66) - age  14:      44216 bytes,    4223208 total
[2020-09-24T03:37:16.376+0000][23404][gc,age       ] GC(66) - age  15:      31248 bytes,    4254456 total
[2020-09-24T03:37:16.376+0000][23404][gc,phases    ] GC(66)   Pre Evacuate Collection Set: 0.5ms
[2020-09-24T03:37:16.376+0000][23404][gc,phases    ] GC(66)   Merge Heap Roots: 0.1ms
[2020-09-24T03:37:16.376+0000][23404][gc,phases    ] GC(66)   Evacuate Collection Set: 2.3ms
[2020-09-24T03:37:16.376+0000][23404][gc,phases    ] GC(66)   Post Evacuate Collection Set: 0.8ms
[2020-09-24T03:37:16.376+0000][23404][gc,phases    ] GC(66)   Other: 1.1ms
[2020-09-24T03:37:16.376+0000][23404][gc,heap      ] GC(66) Eden regions: 57->0(501)
[2020-09-24T03:37:16.376+0000][23404][gc,heap      ] GC(66) Survivor regions: 5->5(63)
[2020-09-24T03:37:16.376+0000][23404][gc,heap      ] GC(66) Old regions: 75->75
[2020-09-24T03:37:16.376+0000][23404][gc,heap      ] GC(66) Archive regions: 0->0
[2020-09-24T03:37:16.376+0000][23404][gc,heap      ] GC(66) Humongous regions: 324->174
[2020-09-24T03:37:16.376+0000][23404][gc,metaspace ] GC(66) Metaspace: 83477K(90112K)->83477K(90112K) NonClass: 72498K(76544K)->72498K(76544K) Class: 10978K(13568K)->10978K(13568K)
[2020-09-24T03:37:16.376+0000][23404][gc           ] GC(66) Pause Young (Concurrent Start) (G1 Humongous Allocation) 460M->252M(1024M) 5.105ms
[2020-09-24T03:37:16.376+0000][23404][gc,cpu       ] GC(66) User=0.00s Sys=0.00s Real=0.00s
[2020-09-24T03:37:16.376+0000][23404][gc           ] GC(67) Concurrent Cycle
[2020-09-24T03:37:16.376+0000][23404][gc,marking   ] GC(67) Concurrent Clear Claimed Marks
[2020-09-24T03:37:16.376+0000][23404][safepoint    ] Safepoint "G1TryInitiateConcMark", Time since last: 23851000 ns, Reaching safepoint: 168700 ns, At safepoint: 5411700 ns, Total: 5580400 ns
[2020-09-24T03:37:16.377+0000][23404][gc,marking   ] GC(67) Concurrent Clear Claimed Marks 0.681ms
[2020-09-24T03:37:16.377+0000][23404][gc,marking   ] GC(67) Concurrent Scan Root Regions
[2020-09-24T03:37:16.381+0000][23404][gc,marking   ] GC(67) Concurrent Scan Root Regions 3.854ms
[2020-09-24T03:37:16.381+0000][23404][gc,marking   ] GC(67) Concurrent Mark (108.814s)
[2020-09-24T03:37:16.381+0000][23404][gc,marking   ] GC(67) Concurrent Mark From Roots
[2020-09-24T03:37:16.381+0000][23404][gc,task      ] GC(67) Using 2 workers of 2 for marking
[2020-09-24T03:37:16.502+0000][23404][gc,marking   ] GC(67) Concurrent Mark From Roots 121.134ms
[2020-09-24T03:37:16.502+0000][23404][gc,marking   ] GC(67) Concurrent Preclean
[2020-09-24T03:37:16.503+0000][23404][gc,marking   ] GC(67) Concurrent Preclean 0.744ms
[2020-09-24T03:37:16.503+0000][23404][gc,marking   ] GC(67) Concurrent Mark (108.814s, 108.937s) 122.161ms
[2020-09-24T03:37:16.504+0000][23404][gc,start     ] GC(67) Pause Remark
[2020-09-24T03:37:16.508+0000][23404][gc           ] GC(67) Pause Remark 395M->395M(1024M) 4.095ms
[2020-09-24T03:37:16.508+0000][23404][gc,cpu       ] GC(67) User=0.00s Sys=0.00s Real=0.00s
[2020-09-24T03:37:16.508+0000][23404][safepoint    ] Safepoint "G1Concurrent", Time since last: 126902700 ns, Reaching safepoint: 330600 ns, At safepoint: 4289100 ns, Total: 4619700 ns
[2020-09-24T03:37:16.508+0000][23404][gc,marking   ] GC(67) Concurrent Rebuild Remembered Sets
[2020-09-24T03:37:16.578+0000][23404][gc,marking   ] GC(67) Concurrent Rebuild Remembered Sets 69.719ms
[2020-09-24T03:37:16.578+0000][23404][gc,start     ] GC(67) Pause Cleanup
[2020-09-24T03:37:16.578+0000][23404][gc           ] GC(67) Pause Cleanup 510M->510M(1024M) 0.383ms
[2020-09-24T03:37:16.579+0000][23404][gc,cpu       ] GC(67) User=0.00s Sys=0.00s Real=0.00s
[2020-09-24T03:37:16.579+0000][23404][safepoint    ] Safepoint "G1Concurrent", Time since last: 69934600 ns, Reaching safepoint: 196200 ns, At safepoint: 590000 ns, Total: 786200 ns
[2020-09-24T03:37:16.579+0000][23404][gc,marking   ] GC(67) Concurrent Cleanup for Next Mark
[2020-09-24T03:37:16.581+0000][23404][gc,marking   ] GC(67) Concurrent Cleanup for Next Mark 2.452ms
[2020-09-24T03:37:16.581+0000][23404][gc           ] GC(67) Concurrent Cycle 205.024ms
[2020-09-24T03:37:16.634+0000][23404][gc,start     ] GC(68) Pause Young (Concurrent Start) (G1 Humongous Allocation)
[2020-09-24T03:37:16.634+0000][23404][gc,task      ] GC(68) Using 8 workers of 8 for evacuation
[2020-09-24T03:37:16.634+0000][23404][gc,age       ] GC(68) Desired survivor size 33554432 bytes, new threshold 15 (max threshold 15)
[2020-09-24T03:37:16.638+0000][23404][gc,age       ] GC(68) Age table with threshold 15 (max threshold 15)
[2020-09-24T03:37:16.638+0000][23404][gc,age       ] GC(68) - age   1:    3055400 bytes,    3055400 total
[2020-09-24T03:37:16.638+0000][23404][gc,age       ] GC(68) - age   2:     412560 bytes,    3467960 total
[2020-09-24T03:37:16.639+0000][23404][gc,age       ] GC(68) - age   3:     210464 bytes,    3678424 total
[2020-09-24T03:37:16.639+0000][23404][gc,age       ] GC(68) - age   4:     403344 bytes,    4081768 total
[2020-09-24T03:37:16.639+0000][23404][gc,age       ] GC(68) - age   5:     202968 bytes,    4284736 total
[2020-09-24T03:37:16.639+0000][23404][gc,age       ] GC(68) - age   6:     154960 bytes,    4439696 total
[2020-09-24T03:37:16.639+0000][23404][gc,age       ] GC(68) - age   7:       2664 bytes,    4442360 total
[2020-09-24T03:37:16.639+0000][23404][gc,age       ] GC(68) - age   8:       1944 bytes,    4444304 total
[2020-09-24T03:37:16.639+0000][23404][gc,age       ] GC(68) - age   9:       6624 bytes,    4450928 total
[2020-09-24T03:37:16.639+0000][23404][gc,age       ] GC(68) - age  10:        856 bytes,    4451784 total
[2020-09-24T03:37:16.639+0000][23404][gc,age       ] GC(68) - age  11:       1800 bytes,    4453584 total
[2020-09-24T03:37:16.639+0000][23404][gc,age       ] GC(68) - age  12:      27888 bytes,    4481472 total
[2020-09-24T03:37:16.639+0000][23404][gc,age       ] GC(68) - age  13:      27888 bytes,    4509360 total
[2020-09-24T03:37:16.639+0000][23404][gc,age       ] GC(68) - age  14:      74616 bytes,    4583976 total
[2020-09-24T03:37:16.639+0000][23404][gc,age       ] GC(68) - age  15:      44216 bytes,    4628192 total
[2020-09-24T03:37:16.639+0000][23404][gc,phases    ] GC(68)   Pre Evacuate Collection Set: 0.6ms
[2020-09-24T03:37:16.639+0000][23404][gc,phases    ] GC(68)   Merge Heap Roots: 0.1ms
[2020-09-24T03:37:16.639+0000][23404][gc,phases    ] GC(68)   Evacuate Collection Set: 2.4ms
[2020-09-24T03:37:16.639+0000][23404][gc,phases    ] GC(68)   Post Evacuate Collection Set: 0.8ms
[2020-09-24T03:37:16.639+0000][23404][gc,phases    ] GC(68)   Other: 0.9ms
[2020-09-24T03:37:16.639+0000][23404][gc,heap      ] GC(68) Eden regions: 82->0(502)
[2020-09-24T03:37:16.639+0000][23404][gc,heap      ] GC(68) Survivor regions: 5->5(64)
[2020-09-24T03:37:16.639+0000][23404][gc,heap      ] GC(68) Old regions: 75->75
[2020-09-24T03:37:16.639+0000][23404][gc,heap      ] GC(68) Archive regions: 0->0
[2020-09-24T03:37:16.639+0000][23404][gc,heap      ] GC(68) Humongous regions: 374->174
[2020-09-24T03:37:16.639+0000][23404][gc,metaspace ] GC(68) Metaspace: 83507K(90112K)->83507K(90112K) NonClass: 72528K(76544K)->72528K(76544K) Class: 10978K(13568K)->10978K(13568K)
[2020-09-24T03:37:16.639+0000][23404][gc           ] GC(68) Pause Young (Concurrent Start) (G1 Humongous Allocation) 534M->253M(1024M) 4.889ms
[2020-09-24T03:37:16.639+0000][23404][gc,cpu       ] GC(68) User=0.13s Sys=0.00s Real=0.00s
[2020-09-24T03:37:16.639+0000][23404][safepoint    ] Safepoint "G1TryInitiateConcMark", Time since last: 55351300 ns, Reaching safepoint: 160300 ns, At safepoint: 5037400 ns, Total: 5197700 ns
[2020-09-24T03:37:16.639+0000][23404][gc           ] GC(69) Concurrent Cycle
[2020-09-24T03:37:16.639+0000][23404][gc,marking   ] GC(69) Concurrent Clear Claimed Marks
[2020-09-24T03:37:16.640+0000][23404][gc,marking   ] GC(69) Concurrent Clear Claimed Marks 0.621ms
[2020-09-24T03:37:16.640+0000][23404][gc,marking   ] GC(69) Concurrent Scan Root Regions
[2020-09-24T03:37:16.643+0000][23404][gc,marking   ] GC(69) Concurrent Scan Root Regions 3.103ms
[2020-09-24T03:37:16.643+0000][23404][gc,marking   ] GC(69) Concurrent Mark (109.077s)
[2020-09-24T03:37:16.643+0000][23404][gc,marking   ] GC(69) Concurrent Mark From Roots
[2020-09-24T03:37:16.643+0000][23404][gc,task      ] GC(69) Using 2 workers of 2 for marking
[2020-09-24T03:37:16.753+0000][23404][gc,marking   ] GC(69) Concurrent Mark From Roots 109.627ms
[2020-09-24T03:37:16.753+0000][23404][gc,marking   ] GC(69) Concurrent Preclean
[2020-09-24T03:37:16.753+0000][23404][gc,marking   ] GC(69) Concurrent Preclean 0.387ms
[2020-09-24T03:37:16.753+0000][23404][gc,marking   ] GC(69) Concurrent Mark (109.077s, 109.187s) 110.164ms
[2020-09-24T03:37:16.754+0000][23404][gc,start     ] GC(69) Pause Remark
[2020-09-24T03:37:16.758+0000][23404][gc           ] GC(69) Pause Remark 394M->394M(1024M) 4.267ms
[2020-09-24T03:37:16.758+0000][23404][gc,cpu       ] GC(69) User=0.00s Sys=0.00s Real=0.00s
[2020-09-24T03:37:16.759+0000][23404][safepoint    ] Safepoint "G1Concurrent", Time since last: 114268700 ns, Reaching safepoint: 267500 ns, At safepoint: 4781500 ns, Total: 5049000 ns
[2020-09-24T03:37:16.759+0000][23404][gc,marking   ] GC(69) Concurrent Rebuild Remembered Sets
[2020-09-24T03:37:16.821+0000][23404][gc,marking   ] GC(69) Concurrent Rebuild Remembered Sets 62.394ms
[2020-09-24T03:37:16.821+0000][23404][gc,start     ] GC(69) Pause Cleanup
[2020-09-24T03:37:16.822+0000][23404][gc           ] GC(69) Pause Cleanup 467M->467M(1024M) 0.300ms
[2020-09-24T03:37:16.822+0000][23404][gc,cpu       ] GC(69) User=0.13s Sys=0.00s Real=0.00s
[2020-09-24T03:37:16.822+0000][23404][safepoint    ] Safepoint "G1Concurrent", Time since last: 62585700 ns, Reaching safepoint: 175500 ns, At safepoint: 436400 ns, Total: 611900 ns
[2020-09-24T03:37:16.822+0000][23404][gc,marking   ] GC(69) Concurrent Cleanup for Next Mark
[2020-09-24T03:37:16.824+0000][23404][gc,marking   ] GC(69) Concurrent Cleanup for Next Mark 2.332ms
[2020-09-24T03:37:16.824+0000][23404][gc           ] GC(69) Concurrent Cycle 185.086ms
[2020-09-24T03:37:16.825+0000][23404][gc,start     ] GC(70) Pause Young (Concurrent Start) (G1 Humongous Allocation)
[2020-09-24T03:37:16.825+0000][23404][gc,task      ] GC(70) Using 8 workers of 8 for evacuation
[2020-09-24T03:37:16.825+0000][23404][gc,age       ] GC(70) Desired survivor size 33554432 bytes, new threshold 15 (max threshold 15)
[2020-09-24T03:37:16.828+0000][23404][gc,age       ] GC(70) Age table with threshold 15 (max threshold 15)
[2020-09-24T03:37:16.828+0000][23404][gc,age       ] GC(70) - age   1:    2811416 bytes,    2811416 total
[2020-09-24T03:37:16.828+0000][23404][gc,age       ] GC(70) - age   2:     410632 bytes,    3222048 total
[2020-09-24T03:37:16.829+0000][23404][gc,age       ] GC(70) - age   3:     411912 bytes,    3633960 total
[2020-09-24T03:37:16.829+0000][23404][gc,age       ] GC(70) - age   4:     205696 bytes,    3839656 total
[2020-09-24T03:37:16.829+0000][23404][gc,age       ] GC(70) - age   5:     403000 bytes,    4242656 total
[2020-09-24T03:37:16.829+0000][23404][gc,age       ] GC(70) - age   6:     202392 bytes,    4445048 total
[2020-09-24T03:37:16.829+0000][23404][gc,age       ] GC(70) - age   7:     154960 bytes,    4600008 total
[2020-09-24T03:37:16.829+0000][23404][gc,age       ] GC(70) - age   8:       2632 bytes,    4602640 total
[2020-09-24T03:37:16.829+0000][23404][gc,age       ] GC(70) - age   9:       1944 bytes,    4604584 total
[2020-09-24T03:37:16.829+0000][23404][gc,age       ] GC(70) - age  10:       6624 bytes,    4611208 total
[2020-09-24T03:37:16.829+0000][23404][gc,age       ] GC(70) - age  11:        856 bytes,    4612064 total
[2020-09-24T03:37:16.829+0000][23404][gc,age       ] GC(70) - age  12:       1800 bytes,    4613864 total
[2020-09-24T03:37:16.829+0000][23404][gc,age       ] GC(70) - age  13:      27888 bytes,    4641752 total
[2020-09-24T03:37:16.829+0000][23404][gc,age       ] GC(70) - age  14:      27888 bytes,    4669640 total
[2020-09-24T03:37:16.829+0000][23404][gc,age       ] GC(70) - age  15:      74616 bytes,    4744256 total
[2020-09-24T03:37:16.829+0000][23404][gc,phases    ] GC(70)   Pre Evacuate Collection Set: 0.4ms
[2020-09-24T03:37:16.829+0000][23404][gc,phases    ] GC(70)   Merge Heap Roots: 0.1ms
[2020-09-24T03:37:16.829+0000][23404][gc,phases    ] GC(70)   Evacuate Collection Set: 2.2ms
[2020-09-24T03:37:16.829+0000][23404][gc,phases    ] GC(70)   Post Evacuate Collection Set: 0.7ms
[2020-09-24T03:37:16.829+0000][23404][gc,phases    ] GC(70)   Other: 0.9ms
[2020-09-24T03:37:16.829+0000][23404][gc,heap      ] GC(70) Eden regions: 64->0(503)
[2020-09-24T03:37:16.829+0000][23404][gc,heap      ] GC(70) Survivor regions: 5->5(64)
[2020-09-24T03:37:16.829+0000][23404][gc,heap      ] GC(70) Old regions: 75->75
[2020-09-24T03:37:16.829+0000][23404][gc,heap      ] GC(70) Archive regions: 0->0
[2020-09-24T03:37:16.829+0000][23404][gc,heap      ] GC(70) Humongous regions: 341->174
[2020-09-24T03:37:16.829+0000][23404][gc,metaspace ] GC(70) Metaspace: 83529K(90112K)->83529K(90112K) NonClass: 72550K(76544K)->72550K(76544K) Class: 10979K(13568K)->10979K(13568K)
[2020-09-24T03:37:16.829+0000][23404][gc           ] GC(70) Pause Young (Concurrent Start) (G1 Humongous Allocation) 484M->253M(1024M) 4.382ms
[2020-09-24T03:37:16.829+0000][23404][gc,cpu       ] GC(70) User=0.00s Sys=0.00s Real=0.00s
[2020-09-24T03:37:16.829+0000][23404][gc           ] GC(71) Concurrent Cycle
[2020-09-24T03:37:16.829+0000][23404][safepoint    ] Safepoint "G1TryInitiateConcMark", Time since last: 2715900 ns, Reaching safepoint: 189200 ns, At safepoint: 4579100 ns, Total: 4768300 ns
[2020-09-24T03:37:16.829+0000][23404][gc,marking   ] GC(71) Concurrent Clear Claimed Marks
[2020-09-24T03:37:16.830+0000][23404][gc,marking   ] GC(71) Concurrent Clear Claimed Marks 0.459ms
[2020-09-24T03:37:16.830+0000][23404][gc,marking   ] GC(71) Concurrent Scan Root Regions
[2020-09-24T03:37:16.834+0000][23404][gc,marking   ] GC(71) Concurrent Scan Root Regions 3.878ms
[2020-09-24T03:37:16.834+0000][23404][gc,marking   ] GC(71) Concurrent Mark (109.267s)
[2020-09-24T03:37:16.834+0000][23404][gc,marking   ] GC(71) Concurrent Mark From Roots
[2020-09-24T03:37:16.834+0000][23404][gc,task      ] GC(71) Using 2 workers of 2 for marking
[2020-09-24T03:37:16.928+0000][23404][gc,marking   ] GC(71) Concurrent Mark From Roots 95.126ms
[2020-09-24T03:37:16.928+0000][23404][gc,marking   ] GC(71) Concurrent Preclean
[2020-09-24T03:37:16.929+0000][23404][gc,marking   ] GC(71) Concurrent Preclean 0.268ms
[2020-09-24T03:37:16.929+0000][23404][gc,marking   ] GC(71) Concurrent Mark (109.267s, 109.363s) 95.536ms
[2020-09-24T03:37:16.929+0000][23404][gc,start     ] GC(71) Pause Remark
[2020-09-24T03:37:16.933+0000][23404][gc           ] GC(71) Pause Remark 305M->305M(1024M) 3.874ms
[2020-09-24T03:37:16.933+0000][23404][gc,cpu       ] GC(71) User=0.11s Sys=0.00s Real=0.00s
[2020-09-24T03:37:16.933+0000][23404][safepoint    ] Safepoint "G1Concurrent", Time since last: 100262800 ns, Reaching safepoint: 137400 ns, At safepoint: 4062000 ns, Total: 4199400 ns
[2020-09-24T03:37:16.933+0000][23404][gc,marking   ] GC(71) Concurrent Rebuild Remembered Sets
[2020-09-24T03:37:16.976+0000][23404][gc,marking   ] GC(71) Concurrent Rebuild Remembered Sets 42.535ms
[2020-09-24T03:37:16.976+0000][23404][gc,start     ] GC(71) Pause Cleanup
[2020-09-24T03:37:16.976+0000][23404][gc           ] GC(71) Pause Cleanup 307M->307M(1024M) 0.222ms
[2020-09-24T03:37:16.976+0000][23404][gc,cpu       ] GC(71) User=0.00s Sys=0.00s Real=0.00s
[2020-09-24T03:37:16.976+0000][23404][safepoint    ] Safepoint "G1Concurrent", Time since last: 42716800 ns, Reaching safepoint: 173600 ns, At safepoint: 379600 ns, Total: 553200 ns
[2020-09-24T03:37:16.976+0000][23404][gc,marking   ] GC(71) Concurrent Cleanup for Next Mark
[2020-09-24T03:37:16.978+0000][23404][gc,marking   ] GC(71) Concurrent Cleanup for Next Mark 2.003ms
[2020-09-24T03:37:16.979+0000][23404][gc           ] GC(71) Concurrent Cycle 149.937ms
[2020-09-24T03:37:16.984+0000][23404][safepoint    ] Safepoint "BulkRevokeBias", Time since last: 6836200 ns, Reaching safepoint: 120900 ns, At safepoint: 1057000 ns, Total: 1177900 ns
[2020-09-24T03:37:17.045+0000][23404][safepoint    ] Safepoint "BulkRevokeBias", Time since last: 58861200 ns, Reaching safepoint: 201800 ns, At safepoint: 1280100 ns, Total: 1481900 ns
[2020-09-24T03:37:17.089+0000][23404][safepoint    ] Safepoint "BulkRevokeBias", Time since last: 43030000 ns, Reaching safepoint: 148000 ns, At safepoint: 1521800 ns, Total: 1669800 ns
[2020-09-24T03:37:18.108+0000][23404][safepoint    ] Safepoint "Cleanup", Time since last: 1017619900 ns, Reaching safepoint: 271900 ns, At safepoint: 79900 ns, Total: 351800 ns
[2020-09-24T03:37:19.108+0000][23404][safepoint    ] Safepoint "Cleanup", Time since last: 1000173300 ns, Reaching safepoint: 251100 ns, At safepoint: 67900 ns, Total: 319000 ns
[2020-09-24T03:37:19.385+0000][23404][gc,start     ] GC(72) Pause Young (Concurrent Start) (G1 Humongous Allocation)
[2020-09-24T03:37:19.385+0000][23404][gc,task      ] GC(72) Using 8 workers of 8 for evacuation
[2020-09-24T03:37:19.385+0000][23404][gc,age       ] GC(72) Desired survivor size 33554432 bytes, new threshold 15 (max threshold 15)
[2020-09-24T03:37:19.400+0000][23404][gc,age       ] GC(72) Age table with threshold 15 (max threshold 15)
[2020-09-24T03:37:19.400+0000][23404][gc,age       ] GC(72) - age   1:    8076152 bytes,    8076152 total
[2020-09-24T03:37:19.400+0000][23404][gc,age       ] GC(72) - age   2:       1744 bytes,    8077896 total
[2020-09-24T03:37:19.400+0000][23404][gc,age       ] GC(72) - age   3:       2928 bytes,    8080824 total
[2020-09-24T03:37:19.400+0000][23404][gc,age       ] GC(72) - age   4:       3288 bytes,    8084112 total
[2020-09-24T03:37:19.400+0000][23404][gc,age       ] GC(72) - age   5:       2600 bytes,    8086712 total
[2020-09-24T03:37:19.400+0000][23404][gc,age       ] GC(72) - age   6:       1568 bytes,    8088280 total
[2020-09-24T03:37:19.400+0000][23404][gc,age       ] GC(72) - age   7:       1176 bytes,    8089456 total
[2020-09-24T03:37:19.400+0000][23404][gc,age       ] GC(72) - age   8:     104168 bytes,    8193624 total
[2020-09-24T03:37:19.400+0000][23404][gc,age       ] GC(72) - age   9:       2632 bytes,    8196256 total
[2020-09-24T03:37:19.400+0000][23404][gc,age       ] GC(72) - age  10:       1816 bytes,    8198072 total
[2020-09-24T03:37:19.400+0000][23404][gc,age       ] GC(72) - age  11:       6624 bytes,    8204696 total
[2020-09-24T03:37:19.400+0000][23404][gc,age       ] GC(72) - age  12:        856 bytes,    8205552 total
[2020-09-24T03:37:19.400+0000][23404][gc,age       ] GC(72) - age  13:       1744 bytes,    8207296 total
[2020-09-24T03:37:19.400+0000][23404][gc,age       ] GC(72) - age  14:      27312 bytes,    8234608 total
[2020-09-24T03:37:19.400+0000][23404][gc,age       ] GC(72) - age  15:      27648 bytes,    8262256 total
[2020-09-24T03:37:19.401+0000][23404][gc,phases    ] GC(72)   Pre Evacuate Collection Set: 1.3ms
[2020-09-24T03:37:19.401+0000][23404][gc,phases    ] GC(72)   Merge Heap Roots: 0.1ms
[2020-09-24T03:37:19.401+0000][23404][gc,phases    ] GC(72)   Evacuate Collection Set: 12.5ms
[2020-09-24T03:37:19.401+0000][23404][gc,phases    ] GC(72)   Post Evacuate Collection Set: 0.8ms
[2020-09-24T03:37:19.401+0000][23404][gc,phases    ] GC(72)   Other: 0.7ms
[2020-09-24T03:37:19.401+0000][23404][gc,heap      ] GC(72) Eden regions: 62->0(492)
[2020-09-24T03:37:19.401+0000][23404][gc,heap      ] GC(72) Survivor regions: 5->9(64)
[2020-09-24T03:37:19.401+0000][23404][gc,heap      ] GC(72) Old regions: 75->75
[2020-09-24T03:37:19.401+0000][23404][gc,heap      ] GC(72) Archive regions: 0->0
[2020-09-24T03:37:19.401+0000][23404][gc,heap      ] GC(72) Humongous regions: 232->175
[2020-09-24T03:37:19.401+0000][23404][gc,metaspace ] GC(72) Metaspace: 84497K(90752K)->84497K(90752K) NonClass: 73337K(77056K)->73337K(77056K) Class: 11159K(13696K)->11159K(13696K)
[2020-09-24T03:37:19.401+0000][23404][gc           ] GC(72) Pause Young (Concurrent Start) (G1 Humongous Allocation) 373M->257M(1024M) 15.547ms
[2020-09-24T03:37:19.401+0000][23404][gc,cpu       ] GC(72) User=0.02s Sys=0.00s Real=0.02s
[2020-09-24T03:37:19.401+0000][23404][gc           ] GC(73) Concurrent Cycle
[2020-09-24T03:37:19.401+0000][23404][safepoint    ] Safepoint "G1TryInitiateConcMark", Time since last: 276254700 ns, Reaching safepoint: 314900 ns, At safepoint: 15782200 ns, Total: 16097100 ns
[2020-09-24T03:37:19.401+0000][23404][gc,marking   ] GC(73) Concurrent Clear Claimed Marks
[2020-09-24T03:37:19.401+0000][23404][safepoint    ] Safepoint "G1TryInitiateConcMark", Time since last: 186100 ns, Reaching safepoint: 114000 ns, At safepoint: 53800 ns, Total: 167800 ns
[2020-09-24T03:37:19.401+0000][23404][gc,marking   ] GC(73) Concurrent Clear Claimed Marks 0.470ms
[2020-09-24T03:37:19.401+0000][23404][gc,marking   ] GC(73) Concurrent Scan Root Regions
[2020-09-24T03:37:19.405+0000][23404][gc,marking   ] GC(73) Concurrent Scan Root Regions 3.977ms
[2020-09-24T03:37:19.406+0000][23404][gc,marking   ] GC(73) Concurrent Mark (111.839s)
[2020-09-24T03:37:19.406+0000][23404][gc,marking   ] GC(73) Concurrent Mark From Roots
[2020-09-24T03:37:19.406+0000][23404][gc,task      ] GC(73) Using 2 workers of 2 for marking
[2020-09-24T03:37:19.528+0000][23404][gc,marking   ] GC(73) Concurrent Mark From Roots 122.953ms
[2020-09-24T03:37:19.528+0000][23404][gc,marking   ] GC(73) Concurrent Preclean
[2020-09-24T03:37:19.529+0000][23404][gc,marking   ] GC(73) Concurrent Preclean 0.318ms
[2020-09-24T03:37:19.529+0000][23404][gc,marking   ] GC(73) Concurrent Mark (111.839s, 111.962s) 123.488ms
[2020-09-24T03:37:19.529+0000][23404][gc,start     ] GC(73) Pause Remark
[2020-09-24T03:37:19.533+0000][23404][gc           ] GC(73) Pause Remark 629M->629M(1024M) 4.114ms
[2020-09-24T03:37:19.533+0000][23404][gc,cpu       ] GC(73) User=0.00s Sys=0.00s Real=0.00s
[2020-09-24T03:37:19.533+0000][23404][safepoint    ] Safepoint "G1Concurrent", Time since last: 127915000 ns, Reaching safepoint: 160300 ns, At safepoint: 4320900 ns, Total: 4481200 ns
[2020-09-24T03:37:19.533+0000][23404][gc,marking   ] GC(73) Concurrent Rebuild Remembered Sets
[2020-09-24T03:37:19.590+0000][23404][gc,marking   ] GC(73) Concurrent Rebuild Remembered Sets 56.756ms
[2020-09-24T03:37:19.590+0000][23404][gc,start     ] GC(73) Pause Cleanup
[2020-09-24T03:37:19.591+0000][23404][gc           ] GC(73) Pause Cleanup 705M->705M(1024M) 0.311ms
[2020-09-24T03:37:19.591+0000][23404][gc,cpu       ] GC(73) User=0.00s Sys=0.00s Real=0.00s
[2020-09-24T03:37:19.591+0000][23404][safepoint    ] Safepoint "G1Concurrent", Time since last: 56903400 ns, Reaching safepoint: 423400 ns, At safepoint: 453200 ns, Total: 876600 ns
[2020-09-24T03:37:19.591+0000][23404][gc,marking   ] GC(73) Concurrent Cleanup for Next Mark
[2020-09-24T03:37:19.593+0000][23404][gc,marking   ] GC(73) Concurrent Cleanup for Next Mark 1.796ms
[2020-09-24T03:37:19.593+0000][23404][gc           ] GC(73) Concurrent Cycle 192.508ms
[2020-09-24T03:37:19.919+0000][23404][gc,start     ] GC(74) Pause Young (Concurrent Start) (G1 Humongous Allocation)
[2020-09-24T03:37:19.919+0000][23404][gc,task      ] GC(74) Using 8 workers of 8 for evacuation
[2020-09-24T03:37:19.919+0000][23404][gc,age       ] GC(74) Desired survivor size 33030144 bytes, new threshold 15 (max threshold 15)
[2020-09-24T03:37:19.922+0000][23404][gc,age       ] GC(74) Age table with threshold 15 (max threshold 15)
[2020-09-24T03:37:19.923+0000][23404][gc,age       ] GC(74) - age   1:    2904600 bytes,    2904600 total
[2020-09-24T03:37:19.923+0000][23404][gc,age       ] GC(74) - age   2:     686032 bytes,    3590632 total
[2020-09-24T03:37:19.923+0000][23404][gc,age       ] GC(74) - age   3:       1464 bytes,    3592096 total
[2020-09-24T03:37:19.923+0000][23404][gc,age       ] GC(74) - age   4:       2248 bytes,    3594344 total
[2020-09-24T03:37:19.923+0000][23404][gc,age       ] GC(74) - age   5:       3064 bytes,    3597408 total
[2020-09-24T03:37:19.923+0000][23404][gc,age       ] GC(74) - age   6:       2504 bytes,    3599912 total
[2020-09-24T03:37:19.923+0000][23404][gc,age       ] GC(74) - age   7:       1536 bytes,    3601448 total
[2020-09-24T03:37:19.923+0000][23404][gc,age       ] GC(74) - age   8:       1016 bytes,    3602464 total
[2020-09-24T03:37:19.923+0000][23404][gc,age       ] GC(74) - age   9:     103768 bytes,    3706232 total
[2020-09-24T03:37:19.923+0000][23404][gc,age       ] GC(74) - age  10:       2600 bytes,    3708832 total
[2020-09-24T03:37:19.923+0000][23404][gc,age       ] GC(74) - age  11:       1688 bytes,    3710520 total
[2020-09-24T03:37:19.923+0000][23404][gc,age       ] GC(74) - age  12:       6624 bytes,    3717144 total
[2020-09-24T03:37:19.923+0000][23404][gc,age       ] GC(74) - age  13:        856 bytes,    3718000 total
[2020-09-24T03:37:19.923+0000][23404][gc,age       ] GC(74) - age  14:       1680 bytes,    3719680 total
[2020-09-24T03:37:19.923+0000][23404][gc,age       ] GC(74) - age  15:      27240 bytes,    3746920 total
[2020-09-24T03:37:19.923+0000][23404][gc,phases    ] GC(74)   Pre Evacuate Collection Set: 0.4ms
[2020-09-24T03:37:19.923+0000][23404][gc,phases    ] GC(74)   Merge Heap Roots: 0.1ms
[2020-09-24T03:37:19.923+0000][23404][gc,phases    ] GC(74)   Evacuate Collection Set: 2.5ms
[2020-09-24T03:37:19.923+0000][23404][gc,phases    ] GC(74)   Post Evacuate Collection Set: 0.7ms
[2020-09-24T03:37:19.923+0000][23404][gc,phases    ] GC(74)   Other: 0.6ms
[2020-09-24T03:37:19.923+0000][23404][gc,heap      ] GC(74) Eden regions: 136->0(490)
[2020-09-24T03:37:19.923+0000][23404][gc,heap      ] GC(74) Survivor regions: 9->5(63)
[2020-09-24T03:37:19.923+0000][23404][gc,heap      ] GC(74) Old regions: 75->75
[2020-09-24T03:37:19.923+0000][23404][gc,heap      ] GC(74) Archive regions: 0->0
[2020-09-24T03:37:19.923+0000][23404][gc,heap      ] GC(74) Humongous regions: 506->174
[2020-09-24T03:37:19.923+0000][23404][gc,metaspace ] GC(74) Metaspace: 85059K(91264K)->85059K(91264K) NonClass: 73818K(77568K)->73818K(77568K) Class: 11240K(13696K)->11240K(13696K)
[2020-09-24T03:37:19.923+0000][23404][gc           ] GC(74) Pause Young (Concurrent Start) (G1 Humongous Allocation) 724M->252M(1024M) 4.443ms
[2020-09-24T03:37:19.923+0000][23404][gc,cpu       ] GC(74) User=0.00s Sys=0.00s Real=0.00s
[2020-09-24T03:37:19.923+0000][23404][safepoint    ] Safepoint "G1TryInitiateConcMark", Time since last: 327026600 ns, Reaching safepoint: 169300 ns, At safepoint: 4555700 ns, Total: 4725000 ns
[2020-09-24T03:37:19.923+0000][23404][gc           ] GC(75) Concurrent Cycle
[2020-09-24T03:37:19.923+0000][23404][gc,marking   ] GC(75) Concurrent Clear Claimed Marks
[2020-09-24T03:37:19.924+0000][23404][gc,marking   ] GC(75) Concurrent Clear Claimed Marks 0.596ms
[2020-09-24T03:37:19.924+0000][23404][gc,marking   ] GC(75) Concurrent Scan Root Regions
[2020-09-24T03:37:19.927+0000][23404][gc,marking   ] GC(75) Concurrent Scan Root Regions 2.948ms
[2020-09-24T03:37:19.927+0000][23404][gc,marking   ] GC(75) Concurrent Mark (112.360s)
[2020-09-24T03:37:19.927+0000][23404][gc,marking   ] GC(75) Concurrent Mark From Roots
[2020-09-24T03:37:19.927+0000][23404][gc,task      ] GC(75) Using 2 workers of 2 for marking
[2020-09-24T03:37:20.025+0000][23404][gc,marking   ] GC(75) Concurrent Mark From Roots 98.045ms
[2020-09-24T03:37:20.025+0000][23404][gc,marking   ] GC(75) Concurrent Preclean
[2020-09-24T03:37:20.025+0000][23404][gc,marking   ] GC(75) Concurrent Preclean 0.194ms
[2020-09-24T03:37:20.025+0000][23404][gc,marking   ] GC(75) Concurrent Mark (112.360s, 112.459s) 98.389ms
[2020-09-24T03:37:20.026+0000][23404][gc,start     ] GC(75) Pause Remark
[2020-09-24T03:37:20.030+0000][23404][gc           ] GC(75) Pause Remark 388M->388M(1024M) 4.007ms
[2020-09-24T03:37:20.030+0000][23404][gc,cpu       ] GC(75) User=0.00s Sys=0.00s Real=0.00s
[2020-09-24T03:37:20.030+0000][23404][safepoint    ] Safepoint "G1Concurrent", Time since last: 102286800 ns, Reaching safepoint: 159300 ns, At safepoint: 4230900 ns, Total: 4390200 ns
[2020-09-24T03:37:20.030+0000][23404][gc,marking   ] GC(75) Concurrent Rebuild Remembered Sets
[2020-09-24T03:37:20.074+0000][23404][gc,marking   ] GC(75) Concurrent Rebuild Remembered Sets 44.638ms
[2020-09-24T03:37:20.075+0000][23404][gc,start     ] GC(75) Pause Cleanup
[2020-09-24T03:37:20.075+0000][23404][gc           ] GC(75) Pause Cleanup 388M->388M(1024M) 0.222ms
[2020-09-24T03:37:20.075+0000][23404][gc,cpu       ] GC(75) User=0.00s Sys=0.00s Real=0.00s
[2020-09-24T03:37:20.075+0000][23404][safepoint    ] Safepoint "G1Concurrent", Time since last: 44795300 ns, Reaching safepoint: 357600 ns, At safepoint: 328600 ns, Total: 686200 ns
[2020-09-24T03:37:20.075+0000][23404][gc,marking   ] GC(75) Concurrent Cleanup for Next Mark
[2020-09-24T03:37:20.076+0000][23404][gc,marking   ] GC(75) Concurrent Cleanup for Next Mark 1.142ms
[2020-09-24T03:37:20.077+0000][23404][gc           ] GC(75) Concurrent Cycle 153.508ms
[2020-09-24T03:37:20.142+0000][23404][gc,start     ] GC(76) Pause Young (Concurrent Start) (G1 Humongous Allocation)
[2020-09-24T03:37:20.142+0000][23404][gc,task      ] GC(76) Using 8 workers of 8 for evacuation
[2020-09-24T03:37:20.142+0000][23404][gc,age       ] GC(76) Desired survivor size 32505856 bytes, new threshold 15 (max threshold 15)
[2020-09-24T03:37:20.147+0000][23404][gc,age       ] GC(76) Age table with threshold 15 (max threshold 15)
[2020-09-24T03:37:20.147+0000][23404][gc,age       ] GC(76) - age   1:    8118920 bytes,    8118920 total
[2020-09-24T03:37:20.147+0000][23404][gc,age       ] GC(76) - age   2:     251256 bytes,    8370176 total
[2020-09-24T03:37:20.147+0000][23404][gc,age       ] GC(76) - age   3:     685344 bytes,    9055520 total
[2020-09-24T03:37:20.147+0000][23404][gc,age       ] GC(76) - age   4:       1432 bytes,    9056952 total
[2020-09-24T03:37:20.147+0000][23404][gc,age       ] GC(76) - age   5:       1992 bytes,    9058944 total
[2020-09-24T03:37:20.147+0000][23404][gc,age       ] GC(76) - age   6:       3064 bytes,    9062008 total
[2020-09-24T03:37:20.147+0000][23404][gc,age       ] GC(76) - age   7:       2248 bytes,    9064256 total
[2020-09-24T03:37:20.147+0000][23404][gc,age       ] GC(76) - age   8:       1504 bytes,    9065760 total
[2020-09-24T03:37:20.147+0000][23404][gc,age       ] GC(76) - age   9:       1016 bytes,    9066776 total
[2020-09-24T03:37:20.147+0000][23404][gc,age       ] GC(76) - age  10:     103768 bytes,    9170544 total
[2020-09-24T03:37:20.147+0000][23404][gc,age       ] GC(76) - age  11:       2600 bytes,    9173144 total
[2020-09-24T03:37:20.148+0000][23404][gc,age       ] GC(76) - age  12:       1688 bytes,    9174832 total
[2020-09-24T03:37:20.148+0000][23404][gc,age       ] GC(76) - age  13:       6440 bytes,    9181272 total
[2020-09-24T03:37:20.148+0000][23404][gc,age       ] GC(76) - age  14:        856 bytes,    9182128 total
[2020-09-24T03:37:20.148+0000][23404][gc,age       ] GC(76) - age  15:       1680 bytes,    9183808 total
[2020-09-24T03:37:20.148+0000][23404][gc,phases    ] GC(76)   Pre Evacuate Collection Set: 0.4ms
[2020-09-24T03:37:20.148+0000][23404][gc,phases    ] GC(76)   Merge Heap Roots: 0.1ms
[2020-09-24T03:37:20.148+0000][23404][gc,phases    ] GC(76)   Evacuate Collection Set: 3.4ms
[2020-09-24T03:37:20.148+0000][23404][gc,phases    ] GC(76)   Post Evacuate Collection Set: 0.9ms
[2020-09-24T03:37:20.148+0000][23404][gc,phases    ] GC(76)   Other: 0.9ms
[2020-09-24T03:37:20.148+0000][23404][gc,heap      ] GC(76) Eden regions: 54->0(484)
[2020-09-24T03:37:20.148+0000][23404][gc,heap      ] GC(76) Survivor regions: 5->10(62)
[2020-09-24T03:37:20.148+0000][23404][gc,heap      ] GC(76) Old regions: 75->75
[2020-09-24T03:37:20.148+0000][23404][gc,heap      ] GC(76) Archive regions: 0->0
[2020-09-24T03:37:20.148+0000][23404][gc,heap      ] GC(76) Humongous regions: 274->174
[2020-09-24T03:37:20.148+0000][23404][gc,metaspace ] GC(76) Metaspace: 85096K(91264K)->85096K(91264K) NonClass: 73854K(77568K)->73854K(77568K) Class: 11241K(13696K)->11241K(13696K)
[2020-09-24T03:37:20.148+0000][23404][gc           ] GC(76) Pause Young (Concurrent Start) (G1 Humongous Allocation) 406M->258M(1024M) 5.902ms
[2020-09-24T03:37:20.148+0000][23404][gc,cpu       ] GC(76) User=0.00s Sys=0.00s Real=0.01s
[2020-09-24T03:37:20.148+0000][23404][gc           ] GC(77) Concurrent Cycle
[2020-09-24T03:37:20.148+0000][23404][gc,marking   ] GC(77) Concurrent Clear Claimed Marks
[2020-09-24T03:37:20.148+0000][23404][safepoint    ] Safepoint "G1TryInitiateConcMark", Time since last: 66581700 ns, Reaching safepoint: 132400 ns, At safepoint: 6200900 ns, Total: 6333300 ns
[2020-09-24T03:37:20.149+0000][23404][gc,marking   ] GC(77) Concurrent Clear Claimed Marks 0.619ms
[2020-09-24T03:37:20.149+0000][23404][gc,marking   ] GC(77) Concurrent Scan Root Regions
[2020-09-24T03:37:20.153+0000][23404][gc,marking   ] GC(77) Concurrent Scan Root Regions 4.378ms
[2020-09-24T03:37:20.154+0000][23404][gc,marking   ] GC(77) Concurrent Mark (112.587s)
[2020-09-24T03:37:20.154+0000][23404][gc,marking   ] GC(77) Concurrent Mark From Roots
[2020-09-24T03:37:20.154+0000][23404][gc,task      ] GC(77) Using 2 workers of 2 for marking
[2020-09-24T03:37:20.287+0000][23404][gc,marking   ] GC(77) Concurrent Mark From Roots 132.826ms
[2020-09-24T03:37:20.287+0000][23404][gc,marking   ] GC(77) Concurrent Preclean
[2020-09-24T03:37:20.287+0000][23404][gc,marking   ] GC(77) Concurrent Preclean 0.320ms
[2020-09-24T03:37:20.287+0000][23404][gc,marking   ] GC(77) Concurrent Mark (112.587s, 112.720s) 133.322ms
[2020-09-24T03:37:20.287+0000][23404][gc,start     ] GC(77) Pause Remark
[2020-09-24T03:37:20.291+0000][23404][gc           ] GC(77) Pause Remark 592M->592M(1024M) 3.340ms
[2020-09-24T03:37:20.291+0000][23404][gc,cpu       ] GC(77) User=0.13s Sys=0.00s Real=0.00s
[2020-09-24T03:37:20.291+0000][23404][safepoint    ] Safepoint "G1Concurrent", Time since last: 138885400 ns, Reaching safepoint: 119400 ns, At safepoint: 3536200 ns, Total: 3655600 ns
[2020-09-24T03:37:20.291+0000][23404][gc,marking   ] GC(77) Concurrent Rebuild Remembered Sets
[2020-09-24T03:37:20.352+0000][23404][gc,marking   ] GC(77) Concurrent Rebuild Remembered Sets 61.338ms
[2020-09-24T03:37:20.352+0000][23404][gc,start     ] GC(77) Pause Cleanup
[2020-09-24T03:37:20.353+0000][23404][gc           ] GC(77) Pause Cleanup 658M->658M(1024M) 0.276ms
[2020-09-24T03:37:20.353+0000][23404][gc,cpu       ] GC(77) User=0.05s Sys=0.00s Real=0.00s
[2020-09-24T03:37:20.353+0000][23404][safepoint    ] Safepoint "G1Concurrent", Time since last: 61482700 ns, Reaching safepoint: 174000 ns, At safepoint: 454800 ns, Total: 628800 ns
[2020-09-24T03:37:20.353+0000][23404][gc,marking   ] GC(77) Concurrent Cleanup for Next Mark
[2020-09-24T03:37:20.355+0000][23404][gc,marking   ] GC(77) Concurrent Cleanup for Next Mark 1.642ms
[2020-09-24T03:37:20.355+0000][23404][gc           ] GC(77) Concurrent Cycle 206.646ms
[2020-09-24T03:37:20.385+0000][23404][gc,start     ] GC(78) Pause Young (Concurrent Start) (G1 Humongous Allocation)
[2020-09-24T03:37:20.385+0000][23404][gc,task      ] GC(78) Using 8 workers of 8 for evacuation
[2020-09-24T03:37:20.385+0000][23404][gc,age       ] GC(78) Desired survivor size 32505856 bytes, new threshold 15 (max threshold 15)
[2020-09-24T03:37:20.388+0000][23404][gc,age       ] GC(78) Age table with threshold 15 (max threshold 15)
[2020-09-24T03:37:20.388+0000][23404][gc,age       ] GC(78) - age   1:    3125840 bytes,    3125840 total
[2020-09-24T03:37:20.388+0000][23404][gc,age       ] GC(78) - age   2:       3624 bytes,    3129464 total
[2020-09-24T03:37:20.388+0000][23404][gc,age       ] GC(78) - age   3:     241352 bytes,    3370816 total
[2020-09-24T03:37:20.388+0000][23404][gc,age       ] GC(78) - age   4:     685048 bytes,    4055864 total
[2020-09-24T03:37:20.388+0000][23404][gc,age       ] GC(78) - age   5:       1176 bytes,    4057040 total
[2020-09-24T03:37:20.388+0000][23404][gc,age       ] GC(78) - age   6:       1928 bytes,    4058968 total
[2020-09-24T03:37:20.388+0000][23404][gc,age       ] GC(78) - age   7:       2840 bytes,    4061808 total
[2020-09-24T03:37:20.388+0000][23404][gc,age       ] GC(78) - age   8:       2152 bytes,    4063960 total
[2020-09-24T03:37:20.388+0000][23404][gc,age       ] GC(78) - age   9:       1504 bytes,    4065464 total
[2020-09-24T03:37:20.388+0000][23404][gc,age       ] GC(78) - age  10:       1016 bytes,    4066480 total
[2020-09-24T03:37:20.389+0000][23404][gc,age       ] GC(78) - age  11:     103768 bytes,    4170248 total
[2020-09-24T03:37:20.389+0000][23404][gc,age       ] GC(78) - age  12:       2536 bytes,    4172784 total
[2020-09-24T03:37:20.389+0000][23404][gc,age       ] GC(78) - age  13:       1688 bytes,    4174472 total
[2020-09-24T03:37:20.389+0000][23404][gc,age       ] GC(78) - age  14:       6440 bytes,    4180912 total
[2020-09-24T03:37:20.389+0000][23404][gc,age       ] GC(78) - age  15:        856 bytes,    4181768 total
[2020-09-24T03:37:20.389+0000][23404][gc,phases    ] GC(78)   Pre Evacuate Collection Set: 0.3ms
[2020-09-24T03:37:20.389+0000][23404][gc,phases    ] GC(78)   Merge Heap Roots: 0.1ms
[2020-09-24T03:37:20.389+0000][23404][gc,phases    ] GC(78)   Evacuate Collection Set: 2.3ms
[2020-09-24T03:37:20.389+0000][23404][gc,phases    ] GC(78)   Post Evacuate Collection Set: 0.6ms
[2020-09-24T03:37:20.389+0000][23404][gc,phases    ] GC(78)   Other: 0.6ms
[2020-09-24T03:37:20.389+0000][23404][gc,heap      ] GC(78) Eden regions: 111->0(493)
[2020-09-24T03:37:20.389+0000][23404][gc,heap      ] GC(78) Survivor regions: 10->5(62)
[2020-09-24T03:37:20.389+0000][23404][gc,heap      ] GC(78) Old regions: 75->75
[2020-09-24T03:37:20.389+0000][23404][gc,heap      ] GC(78) Archive regions: 0->0
[2020-09-24T03:37:20.389+0000][23404][gc,heap      ] GC(78) Humongous regions: 480->174
[2020-09-24T03:37:20.389+0000][23404][gc,metaspace ] GC(78) Metaspace: 85167K(91264K)->85167K(91264K) NonClass: 73925K(77568K)->73925K(77568K) Class: 11241K(13696K)->11241K(13696K)
[2020-09-24T03:37:20.389+0000][23404][gc           ] GC(78) Pause Young (Concurrent Start) (G1 Humongous Allocation) 674M->253M(1024M) 4.053ms
[2020-09-24T03:37:20.389+0000][23404][gc,cpu       ] GC(78) User=0.00s Sys=0.00s Real=0.00s
[2020-09-24T03:37:20.389+0000][23404][gc           ] GC(79) Concurrent Cycle
[2020-09-24T03:37:20.389+0000][23404][safepoint    ] Safepoint "G1TryInitiateConcMark", Time since last: 31755100 ns, Reaching safepoint: 138500 ns, At safepoint: 4189800 ns, Total: 4328300 ns
[2020-09-24T03:37:20.389+0000][23404][gc,marking   ] GC(79) Concurrent Clear Claimed Marks
[2020-09-24T03:37:20.390+0000][23404][gc,marking   ] GC(79) Concurrent Clear Claimed Marks 0.569ms
[2020-09-24T03:37:20.390+0000][23404][gc,marking   ] GC(79) Concurrent Scan Root Regions
[2020-09-24T03:37:20.392+0000][23404][gc,marking   ] GC(79) Concurrent Scan Root Regions 1.954ms
[2020-09-24T03:37:20.392+0000][23404][gc,marking   ] GC(79) Concurrent Mark (112.825s)
[2020-09-24T03:37:20.392+0000][23404][gc,marking   ] GC(79) Concurrent Mark From Roots
[2020-09-24T03:37:20.392+0000][23404][gc,task      ] GC(79) Using 2 workers of 2 for marking
[2020-09-24T03:37:20.472+0000][23404][gc,marking   ] GC(79) Concurrent Mark From Roots 80.259ms
[2020-09-24T03:37:20.472+0000][23404][gc,marking   ] GC(79) Concurrent Preclean
[2020-09-24T03:37:20.472+0000][23404][gc,marking   ] GC(79) Concurrent Preclean 0.295ms
[2020-09-24T03:37:20.472+0000][23404][gc,marking   ] GC(79) Concurrent Mark (112.825s, 112.906s) 80.682ms
[2020-09-24T03:37:20.473+0000][23404][gc,start     ] GC(79) Pause Remark
[2020-09-24T03:37:20.476+0000][23404][gc           ] GC(79) Pause Remark 389M->389M(1024M) 3.472ms
[2020-09-24T03:37:20.476+0000][23404][gc,cpu       ] GC(79) User=0.00s Sys=0.00s Real=0.00s
[2020-09-24T03:37:20.476+0000][23404][safepoint    ] Safepoint "G1Concurrent", Time since last: 83553000 ns, Reaching safepoint: 171800 ns, At safepoint: 3652100 ns, Total: 3823900 ns
[2020-09-24T03:37:20.476+0000][23404][gc,marking   ] GC(79) Concurrent Rebuild Remembered Sets
[2020-09-24T03:37:20.534+0000][23404][gc,marking   ] GC(79) Concurrent Rebuild Remembered Sets 57.236ms
[2020-09-24T03:37:20.534+0000][23404][gc,start     ] GC(79) Pause Cleanup
[2020-09-24T03:37:20.534+0000][23404][gc           ] GC(79) Pause Cleanup 459M->459M(1024M) 0.410ms
[2020-09-24T03:37:20.534+0000][23404][gc,cpu       ] GC(79) User=0.00s Sys=0.00s Real=0.00s
[2020-09-24T03:37:20.535+0000][23404][safepoint    ] Safepoint "G1Concurrent", Time since last: 57430500 ns, Reaching safepoint: 201000 ns, At safepoint: 614400 ns, Total: 815400 ns
[2020-09-24T03:37:20.535+0000][23404][gc,marking   ] GC(79) Concurrent Cleanup for Next Mark
[2020-09-24T03:37:20.537+0000][23404][gc,marking   ] GC(79) Concurrent Cleanup for Next Mark 2.244ms
[2020-09-24T03:37:20.537+0000][23404][gc           ] GC(79) Concurrent Cycle 148.100ms
[2020-09-24T03:37:20.547+0000][23404][gc,start     ] GC(80) Pause Young (Concurrent Start) (G1 Humongous Allocation)
[2020-09-24T03:37:20.547+0000][23404][gc,task      ] GC(80) Using 8 workers of 8 for evacuation
[2020-09-24T03:37:20.547+0000][23404][gc,age       ] GC(80) Desired survivor size 33030144 bytes, new threshold 15 (max threshold 15)
[2020-09-24T03:37:20.551+0000][23404][gc,age       ] GC(80) Age table with threshold 15 (max threshold 15)
[2020-09-24T03:37:20.551+0000][23404][gc,age       ] GC(80) - age   1:    3043712 bytes,    3043712 total
[2020-09-24T03:37:20.551+0000][23404][gc,age       ] GC(80) - age   2:      63160 bytes,    3106872 total
[2020-09-24T03:37:20.551+0000][23404][gc,age       ] GC(80) - age   3:       3104 bytes,    3109976 total
[2020-09-24T03:37:20.551+0000][23404][gc,age       ] GC(80) - age   4:     240432 bytes,    3350408 total
[2020-09-24T03:37:20.551+0000][23404][gc,age       ] GC(80) - age   5:     685048 bytes,    4035456 total
[2020-09-24T03:37:20.551+0000][23404][gc,age       ] GC(80) - age   6:       1112 bytes,    4036568 total
[2020-09-24T03:37:20.551+0000][23404][gc,age       ] GC(80) - age   7:       1928 bytes,    4038496 total
[2020-09-24T03:37:20.551+0000][23404][gc,age       ] GC(80) - age   8:       2712 bytes,    4041208 total
[2020-09-24T03:37:20.551+0000][23404][gc,age       ] GC(80) - age   9:       2120 bytes,    4043328 total
[2020-09-24T03:37:20.551+0000][23404][gc,age       ] GC(80) - age  10:       1376 bytes,    4044704 total
[2020-09-24T03:37:20.551+0000][23404][gc,age       ] GC(80) - age  11:       1016 bytes,    4045720 total
[2020-09-24T03:37:20.551+0000][23404][gc,age       ] GC(80) - age  12:     103768 bytes,    4149488 total
[2020-09-24T03:37:20.551+0000][23404][gc,age       ] GC(80) - age  13:       2536 bytes,    4152024 total
[2020-09-24T03:37:20.551+0000][23404][gc,age       ] GC(80) - age  14:       1688 bytes,    4153712 total
[2020-09-24T03:37:20.551+0000][23404][gc,age       ] GC(80) - age  15:       6440 bytes,    4160152 total
[2020-09-24T03:37:20.551+0000][23404][gc,phases    ] GC(80)   Pre Evacuate Collection Set: 0.5ms
[2020-09-24T03:37:20.551+0000][23404][gc,phases    ] GC(80)   Merge Heap Roots: 0.1ms
[2020-09-24T03:37:20.551+0000][23404][gc,phases    ] GC(80)   Evacuate Collection Set: 2.7ms
[2020-09-24T03:37:20.551+0000][23404][gc,phases    ] GC(80)   Post Evacuate Collection Set: 0.7ms
[2020-09-24T03:37:20.551+0000][23404][gc,phases    ] GC(80)   Other: 0.8ms
[2020-09-24T03:37:20.551+0000][23404][gc,heap      ] GC(80) Eden regions: 62->0(495)
[2020-09-24T03:37:20.551+0000][23404][gc,heap      ] GC(80) Survivor regions: 5->5(63)
[2020-09-24T03:37:20.551+0000][23404][gc,heap      ] GC(80) Old regions: 75->75
[2020-09-24T03:37:20.552+0000][23404][gc,heap      ] GC(80) Archive regions: 0->0
[2020-09-24T03:37:20.552+0000][23404][gc,heap      ] GC(80) Humongous regions: 324->174
[2020-09-24T03:37:20.552+0000][23404][gc,metaspace ] GC(80) Metaspace: 85189K(91264K)->85189K(91264K) NonClass: 73947K(77568K)->73947K(77568K) Class: 11241K(13696K)->11241K(13696K)
[2020-09-24T03:37:20.552+0000][23404][gc           ] GC(80) Pause Young (Concurrent Start) (G1 Humongous Allocation) 464M->252M(1024M) 5.016ms
[2020-09-24T03:37:20.552+0000][23404][gc,cpu       ] GC(80) User=0.00s Sys=0.00s Real=0.01s
[2020-09-24T03:37:20.552+0000][23404][gc           ] GC(81) Concurrent Cycle
[2020-09-24T03:37:20.552+0000][23404][safepoint    ] Safepoint "G1TryInitiateConcMark", Time since last: 11751500 ns, Reaching safepoint: 216600 ns, At safepoint: 5196600 ns, Total: 5413200 ns
[2020-09-24T03:37:20.552+0000][23404][gc,marking   ] GC(81) Concurrent Clear Claimed Marks
[2020-09-24T03:37:20.552+0000][23404][gc,marking   ] GC(81) Concurrent Clear Claimed Marks 0.673ms
[2020-09-24T03:37:20.552+0000][23404][gc,marking   ] GC(81) Concurrent Scan Root Regions
[2020-09-24T03:37:20.557+0000][23404][gc,marking   ] GC(81) Concurrent Scan Root Regions 4.544ms
[2020-09-24T03:37:20.557+0000][23404][gc,marking   ] GC(81) Concurrent Mark (112.990s)
[2020-09-24T03:37:20.557+0000][23404][gc,marking   ] GC(81) Concurrent Mark From Roots
[2020-09-24T03:37:20.557+0000][23404][gc,task      ] GC(81) Using 2 workers of 2 for marking
[2020-09-24T03:37:20.682+0000][23404][gc,marking   ] GC(81) Concurrent Mark From Roots 125.117ms
[2020-09-24T03:37:20.682+0000][23404][gc,marking   ] GC(81) Concurrent Preclean
[2020-09-24T03:37:20.683+0000][23404][gc,marking   ] GC(81) Concurrent Preclean 0.398ms
[2020-09-24T03:37:20.683+0000][23404][gc,marking   ] GC(81) Concurrent Mark (112.990s, 113.116s) 125.680ms
[2020-09-24T03:37:20.683+0000][23404][gc,start     ] GC(81) Pause Remark
[2020-09-24T03:37:20.687+0000][23404][gc           ] GC(81) Pause Remark 402M->402M(1024M) 3.903ms
[2020-09-24T03:37:20.687+0000][23404][gc,cpu       ] GC(81) User=0.00s Sys=0.00s Real=0.00s
[2020-09-24T03:37:20.687+0000][23404][safepoint    ] Safepoint "G1Concurrent", Time since last: 131161200 ns, Reaching safepoint: 165900 ns, At safepoint: 4083700 ns, Total: 4249600 ns
[2020-09-24T03:37:20.687+0000][23404][gc,marking   ] GC(81) Concurrent Rebuild Remembered Sets
[2020-09-24T03:37:20.740+0000][23404][gc,marking   ] GC(81) Concurrent Rebuild Remembered Sets 52.883ms
[2020-09-24T03:37:20.740+0000][23404][gc,start     ] GC(81) Pause Cleanup
[2020-09-24T03:37:20.740+0000][23404][gc           ] GC(81) Pause Cleanup 523M->523M(1024M) 0.195ms
[2020-09-24T03:37:20.740+0000][23404][gc,cpu       ] GC(81) User=0.00s Sys=0.00s Real=0.00s
[2020-09-24T03:37:20.741+0000][23404][safepoint    ] Safepoint "G1Concurrent", Time since last: 52996700 ns, Reaching safepoint: 92000 ns, At safepoint: 312000 ns, Total: 404000 ns
[2020-09-24T03:37:20.741+0000][23404][gc,marking   ] GC(81) Concurrent Cleanup for Next Mark
[2020-09-24T03:37:20.742+0000][23404][gc,marking   ] GC(81) Concurrent Cleanup for Next Mark 1.367ms
[2020-09-24T03:37:20.742+0000][23404][gc           ] GC(81) Concurrent Cycle 190.319ms
[2020-09-24T03:37:20.760+0000][23404][gc,start     ] GC(82) Pause Young (Concurrent Start) (G1 Humongous Allocation)
[2020-09-24T03:37:20.760+0000][23404][gc,task      ] GC(82) Using 8 workers of 8 for evacuation
[2020-09-24T03:37:20.760+0000][23404][gc,age       ] GC(82) Desired survivor size 33030144 bytes, new threshold 15 (max threshold 15)
[2020-09-24T03:37:20.764+0000][23404][gc,age       ] GC(82) Age table with threshold 15 (max threshold 15)
[2020-09-24T03:37:20.764+0000][23404][gc,age       ] GC(82) - age   1:    3053576 bytes,    3053576 total
[2020-09-24T03:37:20.764+0000][23404][gc,age       ] GC(82) - age   2:     411208 bytes,    3464784 total
[2020-09-24T03:37:20.764+0000][23404][gc,age       ] GC(82) - age   3:      57072 bytes,    3521856 total
[2020-09-24T03:37:20.764+0000][23404][gc,age       ] GC(82) - age   4:       2392 bytes,    3524248 total
[2020-09-24T03:37:20.764+0000][23404][gc,age       ] GC(82) - age   5:     240008 bytes,    3764256 total
[2020-09-24T03:37:20.764+0000][23404][gc,age       ] GC(82) - age   6:     685048 bytes,    4449304 total
[2020-09-24T03:37:20.764+0000][23404][gc,age       ] GC(82) - age   7:        888 bytes,    4450192 total
[2020-09-24T03:37:20.764+0000][23404][gc,age       ] GC(82) - age   8:       1640 bytes,    4451832 total
[2020-09-24T03:37:20.764+0000][23404][gc,age       ] GC(82) - age   9:       2680 bytes,    4454512 total
[2020-09-24T03:37:20.764+0000][23404][gc,age       ] GC(82) - age  10:       2056 bytes,    4456568 total
[2020-09-24T03:37:20.764+0000][23404][gc,age       ] GC(82) - age  11:       1376 bytes,    4457944 total
[2020-09-24T03:37:20.764+0000][23404][gc,age       ] GC(82) - age  12:        920 bytes,    4458864 total
[2020-09-24T03:37:20.764+0000][23404][gc,age       ] GC(82) - age  13:     103768 bytes,    4562632 total
[2020-09-24T03:37:20.764+0000][23404][gc,age       ] GC(82) - age  14:       2408 bytes,    4565040 total
[2020-09-24T03:37:20.764+0000][23404][gc,age       ] GC(82) - age  15:       1688 bytes,    4566728 total
[2020-09-24T03:37:20.764+0000][23404][gc,phases    ] GC(82)   Pre Evacuate Collection Set: 0.3ms
[2020-09-24T03:37:20.764+0000][23404][gc,phases    ] GC(82)   Merge Heap Roots: 0.1ms
[2020-09-24T03:37:20.764+0000][23404][gc,phases    ] GC(82)   Evacuate Collection Set: 2.6ms
[2020-09-24T03:37:20.764+0000][23404][gc,phases    ] GC(82)   Post Evacuate Collection Set: 0.8ms
[2020-09-24T03:37:20.764+0000][23404][gc,phases    ] GC(82)   Other: 0.6ms
[2020-09-24T03:37:20.764+0000][23404][gc,heap      ] GC(82) Eden regions: 82->0(497)
[2020-09-24T03:37:20.765+0000][23404][gc,heap      ] GC(82) Survivor regions: 5->5(63)
[2020-09-24T03:37:20.765+0000][23404][gc,heap      ] GC(82) Old regions: 75->75
[2020-09-24T03:37:20.765+0000][23404][gc,heap      ] GC(82) Archive regions: 0->0
[2020-09-24T03:37:20.765+0000][23404][gc,heap      ] GC(82) Humongous regions: 374->174
[2020-09-24T03:37:20.765+0000][23404][gc,metaspace ] GC(82) Metaspace: 85232K(91264K)->85232K(91264K) NonClass: 73990K(77568K)->73990K(77568K) Class: 11241K(13696K)->11241K(13696K)
[2020-09-24T03:37:20.765+0000][23404][gc           ] GC(82) Pause Young (Concurrent Start) (G1 Humongous Allocation) 534M->253M(1024M) 4.595ms
[2020-09-24T03:37:20.765+0000][23404][gc,cpu       ] GC(82) User=0.00s Sys=0.00s Real=0.01s
[2020-09-24T03:37:20.765+0000][23404][gc           ] GC(83) Concurrent Cycle
[2020-09-24T03:37:20.765+0000][23404][gc,marking   ] GC(83) Concurrent Clear Claimed Marks
[2020-09-24T03:37:20.765+0000][23404][safepoint    ] Safepoint "G1TryInitiateConcMark", Time since last: 19365300 ns, Reaching safepoint: 98400 ns, At safepoint: 4839600 ns, Total: 4938000 ns
[2020-09-24T03:37:20.765+0000][23404][gc,marking   ] GC(83) Concurrent Clear Claimed Marks 0.335ms
[2020-09-24T03:37:20.765+0000][23404][gc,marking   ] GC(83) Concurrent Scan Root Regions
[2020-09-24T03:37:20.768+0000][23404][gc,marking   ] GC(83) Concurrent Scan Root Regions 2.981ms
[2020-09-24T03:37:20.768+0000][23404][gc,marking   ] GC(83) Concurrent Mark (113.202s)
[2020-09-24T03:37:20.768+0000][23404][gc,marking   ] GC(83) Concurrent Mark From Roots
[2020-09-24T03:37:20.768+0000][23404][gc,task      ] GC(83) Using 2 workers of 2 for marking
[2020-09-24T03:37:20.891+0000][23404][gc,marking   ] GC(83) Concurrent Mark From Roots 122.273ms
[2020-09-24T03:37:20.891+0000][23404][gc,marking   ] GC(83) Concurrent Preclean
[2020-09-24T03:37:20.891+0000][23404][gc,marking   ] GC(83) Concurrent Preclean 0.369ms
[2020-09-24T03:37:20.891+0000][23404][gc,marking   ] GC(83) Concurrent Mark (113.202s, 113.324s) 122.796ms
[2020-09-24T03:37:20.891+0000][23404][gc,start     ] GC(83) Pause Remark
[2020-09-24T03:37:20.895+0000][23404][gc           ] GC(83) Pause Remark 456M->456M(1024M) 3.924ms
[2020-09-24T03:37:20.895+0000][23404][gc,cpu       ] GC(83) User=0.00s Sys=0.00s Real=0.00s
[2020-09-24T03:37:20.895+0000][23404][safepoint    ] Safepoint "G1Concurrent", Time since last: 126239600 ns, Reaching safepoint: 123700 ns, At safepoint: 4166900 ns, Total: 4290600 ns
[2020-09-24T03:37:20.896+0000][23404][gc,marking   ] GC(83) Concurrent Rebuild Remembered Sets
[2020-09-24T03:37:20.959+0000][23404][gc,marking   ] GC(83) Concurrent Rebuild Remembered Sets 63.316ms
[2020-09-24T03:37:20.959+0000][23404][gc,start     ] GC(83) Pause Cleanup
[2020-09-24T03:37:20.959+0000][23404][gc           ] GC(83) Pause Cleanup 529M->529M(1024M) 0.208ms
[2020-09-24T03:37:20.959+0000][23404][gc,cpu       ] GC(83) User=0.00s Sys=0.00s Real=0.00s
[2020-09-24T03:37:20.959+0000][23404][safepoint    ] Safepoint "G1Concurrent", Time since last: 63661500 ns, Reaching safepoint: 125000 ns, At safepoint: 320200 ns, Total: 445200 ns
[2020-09-24T03:37:20.960+0000][23404][gc,marking   ] GC(83) Concurrent Cleanup for Next Mark
[2020-09-24T03:37:20.961+0000][23404][gc,marking   ] GC(83) Concurrent Cleanup for Next Mark 1.502ms
[2020-09-24T03:37:20.961+0000][23404][gc           ] GC(83) Concurrent Cycle 196.397ms
[2020-09-24T03:37:20.981+0000][23404][gc,start     ] GC(84) Pause Young (Concurrent Start) (G1 Humongous Allocation)
[2020-09-24T03:37:20.981+0000][23404][gc,task      ] GC(84) Using 8 workers of 8 for evacuation
[2020-09-24T03:37:20.981+0000][23404][gc,age       ] GC(84) Desired survivor size 33030144 bytes, new threshold 15 (max threshold 15)
[2020-09-24T03:37:20.985+0000][23404][gc,age       ] GC(84) Age table with threshold 15 (max threshold 15)
[2020-09-24T03:37:20.985+0000][23404][gc,age       ] GC(84) - age   1:    3066096 bytes,    3066096 total
[2020-09-24T03:37:20.985+0000][23404][gc,age       ] GC(84) - age   2:     408648 bytes,    3474744 total
[2020-09-24T03:37:20.985+0000][23404][gc,age       ] GC(84) - age   3:     407672 bytes,    3882416 total
[2020-09-24T03:37:20.985+0000][23404][gc,age       ] GC(84) - age   4:      55672 bytes,    3938088 total
[2020-09-24T03:37:20.985+0000][23404][gc,age       ] GC(84) - age   5:       2160 bytes,    3940248 total
[2020-09-24T03:37:20.985+0000][23404][gc,age       ] GC(84) - age   6:     239616 bytes,    4179864 total
[2020-09-24T03:37:20.985+0000][23404][gc,age       ] GC(84) - age   7:     685016 bytes,    4864880 total
[2020-09-24T03:37:20.985+0000][23404][gc,age       ] GC(84) - age   8:        664 bytes,    4865544 total
[2020-09-24T03:37:20.985+0000][23404][gc,age       ] GC(84) - age   9:       1544 bytes,    4867088 total
[2020-09-24T03:37:20.985+0000][23404][gc,age       ] GC(84) - age  10:       2616 bytes,    4869704 total
[2020-09-24T03:37:20.985+0000][23404][gc,age       ] GC(84) - age  11:       2024 bytes,    4871728 total
[2020-09-24T03:37:20.985+0000][23404][gc,age       ] GC(84) - age  12:       1376 bytes,    4873104 total
[2020-09-24T03:37:20.985+0000][23404][gc,age       ] GC(84) - age  13:        920 bytes,    4874024 total
[2020-09-24T03:37:20.985+0000][23404][gc,age       ] GC(84) - age  14:     103768 bytes,    4977792 total
[2020-09-24T03:37:20.985+0000][23404][gc,age       ] GC(84) - age  15:       2344 bytes,    4980136 total
[2020-09-24T03:37:20.985+0000][23404][gc,phases    ] GC(84)   Pre Evacuate Collection Set: 0.4ms
[2020-09-24T03:37:20.985+0000][23404][gc,phases    ] GC(84)   Merge Heap Roots: 0.1ms
[2020-09-24T03:37:20.985+0000][23404][gc,phases    ] GC(84)   Evacuate Collection Set: 2.5ms
[2020-09-24T03:37:20.986+0000][23404][gc,phases    ] GC(84)   Post Evacuate Collection Set: 0.7ms
[2020-09-24T03:37:20.986+0000][23404][gc,phases    ] GC(84)   Other: 0.7ms
[2020-09-24T03:37:20.986+0000][23404][gc,heap      ] GC(84) Eden regions: 83->0(498)
[2020-09-24T03:37:20.986+0000][23404][gc,heap      ] GC(84) Survivor regions: 5->6(63)
[2020-09-24T03:37:20.986+0000][23404][gc,heap      ] GC(84) Old regions: 75->75
[2020-09-24T03:37:20.986+0000][23404][gc,heap      ] GC(84) Archive regions: 0->0
[2020-09-24T03:37:20.986+0000][23404][gc,heap      ] GC(84) Humongous regions: 374->174
[2020-09-24T03:37:20.986+0000][23404][gc,metaspace ] GC(84) Metaspace: 85291K(91520K)->85291K(91520K) NonClass: 74049K(77824K)->74049K(77824K) Class: 11241K(13696K)->11241K(13696K)
[2020-09-24T03:37:20.986+0000][23404][gc           ] GC(84) Pause Young (Concurrent Start) (G1 Humongous Allocation) 536M->253M(1024M) 4.514ms
[2020-09-24T03:37:20.986+0000][23404][gc,cpu       ] GC(84) User=0.00s Sys=0.00s Real=0.01s
[2020-09-24T03:37:20.986+0000][23404][gc           ] GC(85) Concurrent Cycle
[2020-09-24T03:37:20.986+0000][23404][safepoint    ] Safepoint "G1TryInitiateConcMark", Time since last: 21481700 ns, Reaching safepoint: 175900 ns, At safepoint: 4683200 ns, Total: 4859100 ns
[2020-09-24T03:37:20.986+0000][23404][gc,marking   ] GC(85) Concurrent Clear Claimed Marks
[2020-09-24T03:37:20.986+0000][23404][gc,marking   ] GC(85) Concurrent Clear Claimed Marks 0.648ms
[2020-09-24T03:37:20.987+0000][23404][gc,marking   ] GC(85) Concurrent Scan Root Regions
[2020-09-24T03:37:20.990+0000][23404][gc,marking   ] GC(85) Concurrent Scan Root Regions 3.543ms
[2020-09-24T03:37:20.990+0000][23404][gc,marking   ] GC(85) Concurrent Mark (113.424s)
[2020-09-24T03:37:20.990+0000][23404][gc,marking   ] GC(85) Concurrent Mark From Roots
[2020-09-24T03:37:20.990+0000][23404][gc,task      ] GC(85) Using 2 workers of 2 for marking
[2020-09-24T03:37:21.080+0000][23404][gc,marking   ] GC(85) Concurrent Mark From Roots 89.989ms
[2020-09-24T03:37:21.080+0000][23404][gc,marking   ] GC(85) Concurrent Preclean
[2020-09-24T03:37:21.081+0000][23404][gc,marking   ] GC(85) Concurrent Preclean 0.513ms
[2020-09-24T03:37:21.081+0000][23404][gc,marking   ] GC(85) Concurrent Mark (113.424s, 113.514s) 90.797ms
[2020-09-24T03:37:21.081+0000][23404][gc,start     ] GC(85) Pause Remark
[2020-09-24T03:37:21.085+0000][23404][gc           ] GC(85) Pause Remark 447M->447M(1024M) 3.871ms
[2020-09-24T03:37:21.085+0000][23404][gc,cpu       ] GC(85) User=0.00s Sys=0.00s Real=0.00s
[2020-09-24T03:37:21.085+0000][23404][safepoint    ] Safepoint "G1Concurrent", Time since last: 95322600 ns, Reaching safepoint: 176500 ns, At safepoint: 4063700 ns, Total: 4240200 ns
[2020-09-24T03:37:21.085+0000][23404][gc,marking   ] GC(85) Concurrent Rebuild Remembered Sets
[2020-09-24T03:37:21.146+0000][23404][gc,marking   ] GC(85) Concurrent Rebuild Remembered Sets 60.253ms
[2020-09-24T03:37:21.146+0000][23404][gc,start     ] GC(85) Pause Cleanup
[2020-09-24T03:37:21.146+0000][23404][gc           ] GC(85) Pause Cleanup 525M->525M(1024M) 0.267ms
[2020-09-24T03:37:21.146+0000][23404][gc,cpu       ] GC(85) User=0.00s Sys=0.00s Real=0.00s
[2020-09-24T03:37:21.146+0000][23404][safepoint    ] Safepoint "G1Concurrent", Time since last: 60405900 ns, Reaching safepoint: 195500 ns, At safepoint: 423000 ns, Total: 618500 ns
[2020-09-24T03:37:21.146+0000][23404][gc,marking   ] GC(85) Concurrent Cleanup for Next Mark
[2020-09-24T03:37:21.148+0000][23404][gc,marking   ] GC(85) Concurrent Cleanup for Next Mark 1.996ms
[2020-09-24T03:37:21.149+0000][23404][gc           ] GC(85) Concurrent Cycle 162.799ms
[2020-09-24T03:37:21.168+0000][23404][gc,start     ] GC(86) Pause Young (Concurrent Start) (G1 Humongous Allocation)
[2020-09-24T03:37:21.168+0000][23404][gc,task      ] GC(86) Using 8 workers of 8 for evacuation
[2020-09-24T03:37:21.168+0000][23404][gc,age       ] GC(86) Desired survivor size 33030144 bytes, new threshold 15 (max threshold 15)
[2020-09-24T03:37:21.172+0000][23404][gc,age       ] GC(86) Age table with threshold 15 (max threshold 15)
[2020-09-24T03:37:21.172+0000][23404][gc,age       ] GC(86) - age   1:    3057848 bytes,    3057848 total
[2020-09-24T03:37:21.172+0000][23404][gc,age       ] GC(86) - age   2:     406944 bytes,    3464792 total
[2020-09-24T03:37:21.172+0000][23404][gc,age       ] GC(86) - age   3:     407472 bytes,    3872264 total
[2020-09-24T03:37:21.172+0000][23404][gc,age       ] GC(86) - age   4:     407160 bytes,    4279424 total
[2020-09-24T03:37:21.172+0000][23404][gc,age       ] GC(86) - age   5:      55640 bytes,    4335064 total
[2020-09-24T03:37:21.172+0000][23404][gc,age       ] GC(86) - age   6:       2000 bytes,    4337064 total
[2020-09-24T03:37:21.172+0000][23404][gc,age       ] GC(86) - age   7:     239488 bytes,    4576552 total
[2020-09-24T03:37:21.172+0000][23404][gc,age       ] GC(86) - age   8:     685016 bytes,    5261568 total
[2020-09-24T03:37:21.172+0000][23404][gc,age       ] GC(86) - age   9:        632 bytes,    5262200 total
[2020-09-24T03:37:21.172+0000][23404][gc,age       ] GC(86) - age  10:       1544 bytes,    5263744 total
[2020-09-24T03:37:21.172+0000][23404][gc,age       ] GC(86) - age  11:       2616 bytes,    5266360 total
[2020-09-24T03:37:21.172+0000][23404][gc,age       ] GC(86) - age  12:       1896 bytes,    5268256 total
[2020-09-24T03:37:21.172+0000][23404][gc,age       ] GC(86) - age  13:       1376 bytes,    5269632 total
[2020-09-24T03:37:21.172+0000][23404][gc,age       ] GC(86) - age  14:        920 bytes,    5270552 total
[2020-09-24T03:37:21.172+0000][23404][gc,age       ] GC(86) - age  15:     103768 bytes,    5374320 total
[2020-09-24T03:37:21.172+0000][23404][gc,phases    ] GC(86)   Pre Evacuate Collection Set: 0.4ms
[2020-09-24T03:37:21.172+0000][23404][gc,phases    ] GC(86)   Merge Heap Roots: 0.1ms
[2020-09-24T03:37:21.172+0000][23404][gc,phases    ] GC(86)   Evacuate Collection Set: 2.7ms
[2020-09-24T03:37:21.172+0000][23404][gc,phases    ] GC(86)   Post Evacuate Collection Set: 0.7ms
[2020-09-24T03:37:21.172+0000][23404][gc,phases    ] GC(86)   Other: 0.6ms
[2020-09-24T03:37:21.172+0000][23404][gc,heap      ] GC(86) Eden regions: 80->0(500)
[2020-09-24T03:37:21.172+0000][23404][gc,heap      ] GC(86) Survivor regions: 6->6(63)
[2020-09-24T03:37:21.172+0000][23404][gc,heap      ] GC(86) Old regions: 75->75
[2020-09-24T03:37:21.172+0000][23404][gc,heap      ] GC(86) Archive regions: 0->0
[2020-09-24T03:37:21.172+0000][23404][gc,heap      ] GC(86) Humongous regions: 374->174
[2020-09-24T03:37:21.172+0000][23404][gc,metaspace ] GC(86) Metaspace: 85319K(91520K)->85319K(91520K) NonClass: 74078K(77824K)->74078K(77824K) Class: 11241K(13696K)->11241K(13696K)
[2020-09-24T03:37:21.172+0000][23404][gc           ] GC(86) Pause Young (Concurrent Start) (G1 Humongous Allocation) 533M->254M(1024M) 4.692ms
[2020-09-24T03:37:21.173+0000][23404][gc,cpu       ] GC(86) User=0.00s Sys=0.00s Real=0.01s
[2020-09-24T03:37:21.173+0000][23404][safepoint    ] Safepoint "G1TryInitiateConcMark", Time since last: 21266500 ns, Reaching safepoint: 100000 ns, At safepoint: 4841300 ns, Total: 4941300 ns
[2020-09-24T03:37:21.173+0000][23404][gc           ] GC(87) Concurrent Cycle
[2020-09-24T03:37:21.173+0000][23404][gc,marking   ] GC(87) Concurrent Clear Claimed Marks
[2020-09-24T03:37:21.173+0000][23404][gc,marking   ] GC(87) Concurrent Clear Claimed Marks 0.521ms
[2020-09-24T03:37:21.173+0000][23404][gc,marking   ] GC(87) Concurrent Scan Root Regions
[2020-09-24T03:37:21.177+0000][23404][gc,marking   ] GC(87) Concurrent Scan Root Regions 3.389ms
[2020-09-24T03:37:21.177+0000][23404][gc,marking   ] GC(87) Concurrent Mark (113.610s)
[2020-09-24T03:37:21.177+0000][23404][gc,marking   ] GC(87) Concurrent Mark From Roots
[2020-09-24T03:37:21.177+0000][23404][gc,task      ] GC(87) Using 2 workers of 2 for marking
[2020-09-24T03:37:21.288+0000][23404][gc,marking   ] GC(87) Concurrent Mark From Roots 111.032ms
[2020-09-24T03:37:21.288+0000][23404][gc,marking   ] GC(87) Concurrent Preclean
[2020-09-24T03:37:21.288+0000][23404][gc,marking   ] GC(87) Concurrent Preclean 0.344ms
[2020-09-24T03:37:21.288+0000][23404][gc,marking   ] GC(87) Concurrent Mark (113.610s, 113.722s) 111.528ms
[2020-09-24T03:37:21.288+0000][23404][gc,start     ] GC(87) Pause Remark
[2020-09-24T03:37:21.292+0000][23404][gc           ] GC(87) Pause Remark 395M->395M(1024M) 3.660ms
[2020-09-24T03:37:21.292+0000][23404][gc,cpu       ] GC(87) User=0.13s Sys=0.00s Real=0.00s
[2020-09-24T03:37:21.292+0000][23404][safepoint    ] Safepoint "G1Concurrent", Time since last: 115705400 ns, Reaching safepoint: 151700 ns, At safepoint: 3883600 ns, Total: 4035300 ns
[2020-09-24T03:37:21.292+0000][23404][gc,marking   ] GC(87) Concurrent Rebuild Remembered Sets
[2020-09-24T03:37:21.348+0000][23404][gc,marking   ] GC(87) Concurrent Rebuild Remembered Sets 55.749ms
[2020-09-24T03:37:21.348+0000][23404][gc,start     ] GC(87) Pause Cleanup
[2020-09-24T03:37:21.349+0000][23404][gc           ] GC(87) Pause Cleanup 521M->521M(1024M) 0.253ms
[2020-09-24T03:37:21.349+0000][23404][gc,cpu       ] GC(87) User=0.00s Sys=0.00s Real=0.00s
[2020-09-24T03:37:21.349+0000][23404][safepoint    ] Safepoint "G1Concurrent", Time since last: 55894600 ns, Reaching safepoint: 121500 ns, At safepoint: 370200 ns, Total: 491700 ns
[2020-09-24T03:37:21.349+0000][23404][gc,marking   ] GC(87) Concurrent Cleanup for Next Mark
[2020-09-24T03:37:21.350+0000][23404][gc,marking   ] GC(87) Concurrent Cleanup for Next Mark 1.550ms
[2020-09-24T03:37:21.350+0000][23404][gc           ] GC(87) Concurrent Cycle 177.863ms
[2020-09-24T03:37:22.349+0000][23404][safepoint    ] Safepoint "Cleanup", Time since last: 1000714100 ns, Reaching safepoint: 269700 ns, At safepoint: 10300 ns, Total: 280000 ns
[2020-09-24T03:37:22.569+0000][23404][gc,start     ] GC(88) Pause Young (Concurrent Start) (G1 Humongous Allocation)
[2020-09-24T03:37:22.569+0000][23404][gc,task      ] GC(88) Using 8 workers of 8 for evacuation
[2020-09-24T03:37:22.569+0000][23404][gc,age       ] GC(88) Desired survivor size 33554432 bytes, new threshold 15 (max threshold 15)
[2020-09-24T03:37:22.573+0000][23404][gc,age       ] GC(88) Age table with threshold 15 (max threshold 15)
[2020-09-24T03:37:22.573+0000][23404][gc,age       ] GC(88) - age   1:    2684624 bytes,    2684624 total
[2020-09-24T03:37:22.573+0000][23404][gc,age       ] GC(88) - age   2:       3016 bytes,    2687640 total
[2020-09-24T03:37:22.573+0000][23404][gc,age       ] GC(88) - age   3:       3040 bytes,    2690680 total
[2020-09-24T03:37:22.573+0000][23404][gc,age       ] GC(88) - age   4:       2112 bytes,    2692792 total
[2020-09-24T03:37:22.573+0000][23404][gc,age       ] GC(88) - age   5:       1200 bytes,    2693992 total
[2020-09-24T03:37:22.573+0000][23404][gc,age       ] GC(88) - age   6:      53712 bytes,    2747704 total
[2020-09-24T03:37:22.573+0000][23404][gc,age       ] GC(88) - age   7:       1968 bytes,    2749672 total
[2020-09-24T03:37:22.573+0000][23404][gc,age       ] GC(88) - age   8:     239264 bytes,    2988936 total
[2020-09-24T03:37:22.573+0000][23404][gc,age       ] GC(88) - age   9:     684072 bytes,    3673008 total
[2020-09-24T03:37:22.573+0000][23404][gc,age       ] GC(88) - age  10:        632 bytes,    3673640 total
[2020-09-24T03:37:22.573+0000][23404][gc,age       ] GC(88) - age  11:       1544 bytes,    3675184 total
[2020-09-24T03:37:22.573+0000][23404][gc,age       ] GC(88) - age  12:       2616 bytes,    3677800 total
[2020-09-24T03:37:22.573+0000][23404][gc,age       ] GC(88) - age  13:       1832 bytes,    3679632 total
[2020-09-24T03:37:22.573+0000][23404][gc,age       ] GC(88) - age  14:       1376 bytes,    3681008 total
[2020-09-24T03:37:22.573+0000][23404][gc,age       ] GC(88) - age  15:        920 bytes,    3681928 total
[2020-09-24T03:37:22.573+0000][23404][gc,phases    ] GC(88)   Pre Evacuate Collection Set: 0.4ms
[2020-09-24T03:37:22.573+0000][23404][gc,phases    ] GC(88)   Merge Heap Roots: 0.1ms
[2020-09-24T03:37:22.573+0000][23404][gc,phases    ] GC(88)   Evacuate Collection Set: 2.4ms
[2020-09-24T03:37:22.573+0000][23404][gc,phases    ] GC(88)   Post Evacuate Collection Set: 1.0ms
[2020-09-24T03:37:22.573+0000][23404][gc,phases    ] GC(88)   Other: 0.6ms
[2020-09-24T03:37:22.573+0000][23404][gc,heap      ] GC(88) Eden regions: 102->0(503)
[2020-09-24T03:37:22.573+0000][23404][gc,heap      ] GC(88) Survivor regions: 6->4(64)
[2020-09-24T03:37:22.573+0000][23404][gc,heap      ] GC(88) Old regions: 75->75
[2020-09-24T03:37:22.573+0000][23404][gc,heap      ] GC(88) Archive regions: 0->0
[2020-09-24T03:37:22.573+0000][23404][gc,heap      ] GC(88) Humongous regions: 374->174
[2020-09-24T03:37:22.573+0000][23404][gc,metaspace ] GC(88) Metaspace: 85415K(91520K)->85415K(91520K) NonClass: 74173K(77824K)->74173K(77824K) Class: 11242K(13696K)->11242K(13696K)
[2020-09-24T03:37:22.573+0000][23404][gc           ] GC(88) Pause Young (Concurrent Start) (G1 Humongous Allocation) 555M->252M(1024M) 4.579ms
[2020-09-24T03:37:22.573+0000][23404][gc,cpu       ] GC(88) User=0.11s Sys=0.00s Real=0.00s
[2020-09-24T03:37:22.573+0000][23404][gc           ] GC(89) Concurrent Cycle
[2020-09-24T03:37:22.573+0000][23404][safepoint    ] Safepoint "G1TryInitiateConcMark", Time since last: 219267900 ns, Reaching safepoint: 203400 ns, At safepoint: 4755400 ns, Total: 4958800 ns
[2020-09-24T03:37:22.573+0000][23404][gc,marking   ] GC(89) Concurrent Clear Claimed Marks
[2020-09-24T03:37:22.574+0000][23404][gc,marking   ] GC(89) Concurrent Clear Claimed Marks 0.663ms
[2020-09-24T03:37:22.574+0000][23404][gc,marking   ] GC(89) Concurrent Scan Root Regions
[2020-09-24T03:37:22.577+0000][23404][gc,marking   ] GC(89) Concurrent Scan Root Regions 2.544ms
[2020-09-24T03:37:22.577+0000][23404][gc,marking   ] GC(89) Concurrent Mark (115.011s)
[2020-09-24T03:37:22.577+0000][23404][gc,marking   ] GC(89) Concurrent Mark From Roots
[2020-09-24T03:37:22.577+0000][23404][gc,task      ] GC(89) Using 2 workers of 2 for marking
[2020-09-24T03:37:22.665+0000][23404][gc,marking   ] GC(89) Concurrent Mark From Roots 88.549ms
[2020-09-24T03:37:22.665+0000][23404][gc,marking   ] GC(89) Concurrent Preclean
[2020-09-24T03:37:22.666+0000][23404][gc,marking   ] GC(89) Concurrent Preclean 0.263ms
[2020-09-24T03:37:22.666+0000][23404][gc,marking   ] GC(89) Concurrent Mark (115.011s, 115.100s) 88.906ms
[2020-09-24T03:37:22.666+0000][23404][gc,start     ] GC(89) Pause Remark
[2020-09-24T03:37:22.670+0000][23404][gc           ] GC(89) Pause Remark 387M->387M(1024M) 3.943ms
[2020-09-24T03:37:22.670+0000][23404][gc,cpu       ] GC(89) User=0.00s Sys=0.00s Real=0.00s
[2020-09-24T03:37:22.670+0000][23404][safepoint    ] Safepoint "G1Concurrent", Time since last: 92453000 ns, Reaching safepoint: 114100 ns, At safepoint: 4105900 ns, Total: 4220000 ns
[2020-09-24T03:37:22.670+0000][23404][gc,marking   ] GC(89) Concurrent Rebuild Remembered Sets
[2020-09-24T03:37:22.719+0000][23404][gc,marking   ] GC(89) Concurrent Rebuild Remembered Sets 49.001ms
[2020-09-24T03:37:22.719+0000][23404][gc,start     ] GC(89) Pause Cleanup
[2020-09-24T03:37:22.719+0000][23404][gc           ] GC(89) Pause Cleanup 517M->517M(1024M) 0.200ms
[2020-09-24T03:37:22.719+0000][23404][gc,cpu       ] GC(89) User=0.00s Sys=0.00s Real=0.00s
[2020-09-24T03:37:22.719+0000][23404][safepoint    ] Safepoint "G1Concurrent", Time since last: 49117600 ns, Reaching safepoint: 137900 ns, At safepoint: 317000 ns, Total: 454900 ns
[2020-09-24T03:37:22.720+0000][23404][gc,marking   ] GC(89) Concurrent Cleanup for Next Mark
[2020-09-24T03:37:22.721+0000][23404][gc,marking   ] GC(89) Concurrent Cleanup for Next Mark 1.459ms
[2020-09-24T03:37:22.721+0000][23404][gc           ] GC(89) Concurrent Cycle 147.849ms
[2020-09-24T03:37:22.741+0000][23404][gc,start     ] GC(90) Pause Young (Concurrent Start) (G1 Humongous Allocation)
[2020-09-24T03:37:22.741+0000][23404][gc,task      ] GC(90) Using 8 workers of 8 for evacuation
[2020-09-24T03:37:22.741+0000][23404][gc,age       ] GC(90) Desired survivor size 33554432 bytes, new threshold 15 (max threshold 15)
[2020-09-24T03:37:22.745+0000][23404][gc,age       ] GC(90) Age table with threshold 15 (max threshold 15)
[2020-09-24T03:37:22.745+0000][23404][gc,age       ] GC(90) - age   1:    2743856 bytes,    2743856 total
[2020-09-24T03:37:22.745+0000][23404][gc,age       ] GC(90) - age   2:      36336 bytes,    2780192 total
[2020-09-24T03:37:22.745+0000][23404][gc,age       ] GC(90) - age   3:       2664 bytes,    2782856 total
[2020-09-24T03:37:22.745+0000][23404][gc,age       ] GC(90) - age   4:       3008 bytes,    2785864 total
[2020-09-24T03:37:22.745+0000][23404][gc,age       ] GC(90) - age   5:       1152 bytes,    2787016 total
[2020-09-24T03:37:22.745+0000][23404][gc,age       ] GC(90) - age   6:       1168 bytes,    2788184 total
[2020-09-24T03:37:22.745+0000][23404][gc,age       ] GC(90) - age   7:      53712 bytes,    2841896 total
[2020-09-24T03:37:22.745+0000][23404][gc,age       ] GC(90) - age   8:       1968 bytes,    2843864 total
[2020-09-24T03:37:22.746+0000][23404][gc,age       ] GC(90) - age   9:     239168 bytes,    3083032 total
[2020-09-24T03:37:22.746+0000][23404][gc,age       ] GC(90) - age  10:     684072 bytes,    3767104 total
[2020-09-24T03:37:22.746+0000][23404][gc,age       ] GC(90) - age  11:        632 bytes,    3767736 total
[2020-09-24T03:37:22.746+0000][23404][gc,age       ] GC(90) - age  12:       1544 bytes,    3769280 total
[2020-09-24T03:37:22.746+0000][23404][gc,age       ] GC(90) - age  13:       2616 bytes,    3771896 total
[2020-09-24T03:37:22.746+0000][23404][gc,age       ] GC(90) - age  14:       1832 bytes,    3773728 total
[2020-09-24T03:37:22.746+0000][23404][gc,age       ] GC(90) - age  15:       1376 bytes,    3775104 total
[2020-09-24T03:37:22.746+0000][23404][gc,phases    ] GC(90)   Pre Evacuate Collection Set: 0.3ms
[2020-09-24T03:37:22.746+0000][23404][gc,phases    ] GC(90)   Merge Heap Roots: 0.1ms
[2020-09-24T03:37:22.746+0000][23404][gc,phases    ] GC(90)   Evacuate Collection Set: 2.2ms
[2020-09-24T03:37:22.746+0000][23404][gc,phases    ] GC(90)   Post Evacuate Collection Set: 0.7ms
[2020-09-24T03:37:22.746+0000][23404][gc,phases    ] GC(90)   Other: 0.6ms
[2020-09-24T03:37:22.746+0000][23404][gc,heap      ] GC(90) Eden regions: 75->0(504)
[2020-09-24T03:37:22.746+0000][23404][gc,heap      ] GC(90) Survivor regions: 4->4(64)
[2020-09-24T03:37:22.746+0000][23404][gc,heap      ] GC(90) Old regions: 75->75
[2020-09-24T03:37:22.746+0000][23404][gc,heap      ] GC(90) Archive regions: 0->0
[2020-09-24T03:37:22.746+0000][23404][gc,heap      ] GC(90) Humongous regions: 374->174
[2020-09-24T03:37:22.746+0000][23404][gc,metaspace ] GC(90) Metaspace: 85439K(91520K)->85439K(91520K) NonClass: 74197K(77824K)->74197K(77824K) Class: 11242K(13696K)->11242K(13696K)
[2020-09-24T03:37:22.746+0000][23404][gc           ] GC(90) Pause Young (Concurrent Start) (G1 Humongous Allocation) 527M->252M(1024M) 4.076ms
[2020-09-24T03:37:22.746+0000][23404][gc,cpu       ] GC(90) User=0.13s Sys=0.00s Real=0.01s
[2020-09-24T03:37:22.746+0000][23404][gc           ] GC(91) Concurrent Cycle
[2020-09-24T03:37:22.746+0000][23404][gc,marking   ] GC(91) Concurrent Clear Claimed Marks
[2020-09-24T03:37:22.746+0000][23404][safepoint    ] Safepoint "G1TryInitiateConcMark", Time since last: 21671800 ns, Reaching safepoint: 115800 ns, At safepoint: 4382900 ns, Total: 4498700 ns
[2020-09-24T03:37:22.746+0000][23404][gc,marking   ] GC(91) Concurrent Clear Claimed Marks 0.476ms
[2020-09-24T03:37:22.746+0000][23404][gc,marking   ] GC(91) Concurrent Scan Root Regions
[2020-09-24T03:37:22.749+0000][23404][gc,marking   ] GC(91) Concurrent Scan Root Regions 2.809ms
[2020-09-24T03:37:22.749+0000][23404][gc,marking   ] GC(91) Concurrent Mark (115.183s)
[2020-09-24T03:37:22.749+0000][23404][gc,marking   ] GC(91) Concurrent Mark From Roots
[2020-09-24T03:37:22.749+0000][23404][gc,task      ] GC(91) Using 2 workers of 2 for marking
[2020-09-24T03:37:22.828+0000][23404][gc,marking   ] GC(91) Concurrent Mark From Roots 78.658ms
[2020-09-24T03:37:22.828+0000][23404][gc,marking   ] GC(91) Concurrent Preclean
[2020-09-24T03:37:22.828+0000][23404][gc,marking   ] GC(91) Concurrent Preclean 0.372ms
[2020-09-24T03:37:22.828+0000][23404][gc,marking   ] GC(91) Concurrent Mark (115.183s, 115.262s) 79.174ms
[2020-09-24T03:37:22.829+0000][23404][gc,start     ] GC(91) Pause Remark
[2020-09-24T03:37:22.837+0000][23404][gc           ] GC(91) Pause Remark 446M->446M(1024M) 8.321ms
[2020-09-24T03:37:22.837+0000][23404][gc,cpu       ] GC(91) User=0.02s Sys=0.00s Real=0.01s
[2020-09-24T03:37:22.837+0000][23404][safepoint    ] Safepoint "G1Concurrent", Time since last: 82701100 ns, Reaching safepoint: 145100 ns, At safepoint: 8499000 ns, Total: 8644100 ns
[2020-09-24T03:37:22.837+0000][23404][gc,marking   ] GC(91) Concurrent Rebuild Remembered Sets
[2020-09-24T03:37:22.866+0000][23404][safepoint    ] Safepoint "ICBufferFull", Time since last: 28282200 ns, Reaching safepoint: 450000 ns, At safepoint: 13200 ns, Total: 463200 ns
[2020-09-24T03:37:22.889+0000][23404][gc,marking   ] GC(91) Concurrent Rebuild Remembered Sets 52.443ms
[2020-09-24T03:37:22.890+0000][23404][gc,start     ] GC(91) Pause Cleanup
[2020-09-24T03:37:22.890+0000][23404][gc           ] GC(91) Pause Cleanup 517M->517M(1024M) 0.227ms
[2020-09-24T03:37:22.890+0000][23404][gc,cpu       ] GC(91) User=0.00s Sys=0.00s Real=0.00s
[2020-09-24T03:37:22.890+0000][23404][safepoint    ] Safepoint "G1Concurrent", Time since last: 23820600 ns, Reaching safepoint: 254000 ns, At safepoint: 336900 ns, Total: 590900 ns
[2020-09-24T03:37:22.890+0000][23404][gc,marking   ] GC(91) Concurrent Cleanup for Next Mark
[2020-09-24T03:37:22.892+0000][23404][gc,marking   ] GC(91) Concurrent Cleanup for Next Mark 1.770ms
[2020-09-24T03:37:22.892+0000][23404][gc           ] GC(91) Concurrent Cycle 146.572ms
[2020-09-24T03:37:22.910+0000][23404][gc,start     ] GC(92) Pause Young (Concurrent Start) (G1 Humongous Allocation)
[2020-09-24T03:37:22.910+0000][23404][gc,task      ] GC(92) Using 8 workers of 8 for evacuation
[2020-09-24T03:37:22.910+0000][23404][gc,age       ] GC(92) Desired survivor size 33554432 bytes, new threshold 15 (max threshold 15)
[2020-09-24T03:37:22.914+0000][23404][gc,age       ] GC(92) Age table with threshold 15 (max threshold 15)
[2020-09-24T03:37:22.914+0000][23404][gc,age       ] GC(92) - age   1:    2942672 bytes,    2942672 total
[2020-09-24T03:37:22.914+0000][23404][gc,age       ] GC(92) - age   2:     211576 bytes,    3154248 total
[2020-09-24T03:37:22.914+0000][23404][gc,age       ] GC(92) - age   3:      29720 bytes,    3183968 total
[2020-09-24T03:37:22.914+0000][23404][gc,age       ] GC(92) - age   4:       2048 bytes,    3186016 total
[2020-09-24T03:37:22.914+0000][23404][gc,age       ] GC(92) - age   5:       2336 bytes,    3188352 total
[2020-09-24T03:37:22.914+0000][23404][gc,age       ] GC(92) - age   6:       1120 bytes,    3189472 total
[2020-09-24T03:37:22.914+0000][23404][gc,age       ] GC(92) - age   7:       1168 bytes,    3190640 total
[2020-09-24T03:37:22.914+0000][23404][gc,age       ] GC(92) - age   8:      53712 bytes,    3244352 total
[2020-09-24T03:37:22.914+0000][23404][gc,age       ] GC(92) - age   9:       1968 bytes,    3246320 total
[2020-09-24T03:37:22.914+0000][23404][gc,age       ] GC(92) - age  10:     239144 bytes,    3485464 total
[2020-09-24T03:37:22.914+0000][23404][gc,age       ] GC(92) - age  11:     683984 bytes,    4169448 total
[2020-09-24T03:37:22.914+0000][23404][gc,age       ] GC(92) - age  12:        632 bytes,    4170080 total
[2020-09-24T03:37:22.914+0000][23404][gc,age       ] GC(92) - age  13:       1544 bytes,    4171624 total
[2020-09-24T03:37:22.914+0000][23404][gc,age       ] GC(92) - age  14:       2256 bytes,    4173880 total
[2020-09-24T03:37:22.914+0000][23404][gc,age       ] GC(92) - age  15:       1832 bytes,    4175712 total
[2020-09-24T03:37:22.914+0000][23404][gc,phases    ] GC(92)   Pre Evacuate Collection Set: 0.3ms
[2020-09-24T03:37:22.914+0000][23404][gc,phases    ] GC(92)   Merge Heap Roots: 0.1ms
[2020-09-24T03:37:22.914+0000][23404][gc,phases    ] GC(92)   Evacuate Collection Set: 2.6ms
[2020-09-24T03:37:22.914+0000][23404][gc,phases    ] GC(92)   Post Evacuate Collection Set: 0.8ms
[2020-09-24T03:37:22.914+0000][23404][gc,phases    ] GC(92)   Other: 0.5ms
[2020-09-24T03:37:22.914+0000][23404][gc,heap      ] GC(92) Eden regions: 78->0(503)
[2020-09-24T03:37:22.914+0000][23404][gc,heap      ] GC(92) Survivor regions: 4->5(64)
[2020-09-24T03:37:22.914+0000][23404][gc,heap      ] GC(92) Old regions: 75->75
[2020-09-24T03:37:22.914+0000][23404][gc,heap      ] GC(92) Archive regions: 0->0
[2020-09-24T03:37:22.914+0000][23404][gc,heap      ] GC(92) Humongous regions: 370->174
[2020-09-24T03:37:22.914+0000][23404][gc,metaspace ] GC(92) Metaspace: 85416K(91520K)->85416K(91520K) NonClass: 74182K(77824K)->74182K(77824K) Class: 11233K(13696K)->11233K(13696K)
[2020-09-24T03:37:22.914+0000][23404][gc           ] GC(92) Pause Young (Concurrent Start) (G1 Humongous Allocation) 526M->253M(1024M) 4.513ms
[2020-09-24T03:37:22.914+0000][23404][gc,cpu       ] GC(92) User=0.00s Sys=0.00s Real=0.00s
[2020-09-24T03:37:22.914+0000][23404][gc           ] GC(93) Concurrent Cycle
[2020-09-24T03:37:22.914+0000][23404][safepoint    ] Safepoint "G1TryInitiateConcMark", Time since last: 19264600 ns, Reaching safepoint: 161400 ns, At safepoint: 4638000 ns, Total: 4799400 ns
[2020-09-24T03:37:22.914+0000][23404][gc,marking   ] GC(93) Concurrent Clear Claimed Marks
[2020-09-24T03:37:22.915+0000][23404][gc,marking   ] GC(93) Concurrent Clear Claimed Marks 0.591ms
[2020-09-24T03:37:22.915+0000][23404][gc,marking   ] GC(93) Concurrent Scan Root Regions
[2020-09-24T03:37:22.918+0000][23404][gc,marking   ] GC(93) Concurrent Scan Root Regions 2.658ms
[2020-09-24T03:37:22.918+0000][23404][gc,marking   ] GC(93) Concurrent Mark (115.352s)
[2020-09-24T03:37:22.918+0000][23404][gc,marking   ] GC(93) Concurrent Mark From Roots
[2020-09-24T03:37:22.918+0000][23404][gc,task      ] GC(93) Using 2 workers of 2 for marking
[2020-09-24T03:37:22.994+0000][23404][gc,marking   ] GC(93) Concurrent Mark From Roots 75.937ms
[2020-09-24T03:37:22.994+0000][23404][gc,marking   ] GC(93) Concurrent Preclean
[2020-09-24T03:37:22.994+0000][23404][gc,marking   ] GC(93) Concurrent Preclean 0.245ms
[2020-09-24T03:37:22.994+0000][23404][gc,marking   ] GC(93) Concurrent Mark (115.352s, 115.428s) 76.286ms
[2020-09-24T03:37:22.994+0000][23404][gc,start     ] GC(93) Pause Remark
[2020-09-24T03:37:22.998+0000][23404][gc           ] GC(93) Pause Remark 441M->441M(1024M) 4.036ms
[2020-09-24T03:37:22.998+0000][23404][gc,cpu       ] GC(93) User=0.00s Sys=0.00s Real=0.00s
[2020-09-24T03:37:22.998+0000][23404][safepoint    ] Safepoint "G1Concurrent", Time since last: 79818100 ns, Reaching safepoint: 162100 ns, At safepoint: 4246300 ns, Total: 4408400 ns
[2020-09-24T03:37:22.999+0000][23404][gc,marking   ] GC(93) Concurrent Rebuild Remembered Sets
[2020-09-24T03:37:23.050+0000][23404][gc,marking   ] GC(93) Concurrent Rebuild Remembered Sets 51.623ms
[2020-09-24T03:37:23.050+0000][23404][gc,start     ] GC(93) Pause Cleanup
[2020-09-24T03:37:23.051+0000][23404][gc           ] GC(93) Pause Cleanup 513M->513M(1024M) 0.243ms
[2020-09-24T03:37:23.051+0000][23404][gc,cpu       ] GC(93) User=0.00s Sys=0.00s Real=0.00s
[2020-09-24T03:37:23.051+0000][23404][safepoint    ] Safepoint "G1Concurrent", Time since last: 51786100 ns, Reaching safepoint: 127900 ns, At safepoint: 370600 ns, Total: 498500 ns
[2020-09-24T03:37:23.051+0000][23404][gc,marking   ] GC(93) Concurrent Cleanup for Next Mark
[2020-09-24T03:37:23.053+0000][23404][gc,marking   ] GC(93) Concurrent Cleanup for Next Mark 1.710ms
[2020-09-24T03:37:23.053+0000][23404][gc           ] GC(93) Concurrent Cycle 138.386ms
[2020-09-24T03:37:23.069+0000][23404][gc,start     ] GC(94) Pause Young (Concurrent Start) (G1 Humongous Allocation)
[2020-09-24T03:37:23.070+0000][23404][gc,task      ] GC(94) Using 8 workers of 8 for evacuation
[2020-09-24T03:37:23.070+0000][23404][gc,age       ] GC(94) Desired survivor size 33554432 bytes, new threshold 15 (max threshold 15)
[2020-09-24T03:37:23.073+0000][23404][gc,age       ] GC(94) Age table with threshold 15 (max threshold 15)
[2020-09-24T03:37:23.073+0000][23404][gc,age       ] GC(94) - age   1:    2949792 bytes,    2949792 total
[2020-09-24T03:37:23.073+0000][23404][gc,age       ] GC(94) - age   2:     410104 bytes,    3359896 total
[2020-09-24T03:37:23.073+0000][23404][gc,age       ] GC(94) - age   3:     207480 bytes,    3567376 total
[2020-09-24T03:37:23.073+0000][23404][gc,age       ] GC(94) - age   4:      29488 bytes,    3596864 total
[2020-09-24T03:37:23.073+0000][23404][gc,age       ] GC(94) - age   5:       1440 bytes,    3598304 total
[2020-09-24T03:37:23.073+0000][23404][gc,age       ] GC(94) - age   6:       2240 bytes,    3600544 total
[2020-09-24T03:37:23.073+0000][23404][gc,age       ] GC(94) - age   7:        992 bytes,    3601536 total
[2020-09-24T03:37:23.073+0000][23404][gc,age       ] GC(94) - age   8:       1168 bytes,    3602704 total
[2020-09-24T03:37:23.073+0000][23404][gc,age       ] GC(94) - age   9:      53712 bytes,    3656416 total
[2020-09-24T03:37:23.073+0000][23404][gc,age       ] GC(94) - age  10:       1968 bytes,    3658384 total
[2020-09-24T03:37:23.073+0000][23404][gc,age       ] GC(94) - age  11:     239112 bytes,    3897496 total
[2020-09-24T03:37:23.073+0000][23404][gc,age       ] GC(94) - age  12:     681608 bytes,    4579104 total
[2020-09-24T03:37:23.073+0000][23404][gc,age       ] GC(94) - age  13:        632 bytes,    4579736 total
[2020-09-24T03:37:23.073+0000][23404][gc,age       ] GC(94) - age  14:       1544 bytes,    4581280 total
[2020-09-24T03:37:23.074+0000][23404][gc,age       ] GC(94) - age  15:       2160 bytes,    4583440 total
[2020-09-24T03:37:23.074+0000][23404][gc,phases    ] GC(94)   Pre Evacuate Collection Set: 0.3ms
[2020-09-24T03:37:23.074+0000][23404][gc,phases    ] GC(94)   Merge Heap Roots: 0.1ms
[2020-09-24T03:37:23.074+0000][23404][gc,phases    ] GC(94)   Evacuate Collection Set: 2.4ms
[2020-09-24T03:37:23.074+0000][23404][gc,phases    ] GC(94)   Post Evacuate Collection Set: 0.7ms
[2020-09-24T03:37:23.074+0000][23404][gc,phases    ] GC(94)   Other: 0.6ms
[2020-09-24T03:37:23.074+0000][23404][gc,heap      ] GC(94) Eden regions: 72->0(504)
[2020-09-24T03:37:23.074+0000][23404][gc,heap      ] GC(94) Survivor regions: 5->5(64)
[2020-09-24T03:37:23.074+0000][23404][gc,heap      ] GC(94) Old regions: 75->75
[2020-09-24T03:37:23.074+0000][23404][gc,heap      ] GC(94) Archive regions: 0->0
[2020-09-24T03:37:23.074+0000][23404][gc,heap      ] GC(94) Humongous regions: 370->174
[2020-09-24T03:37:23.074+0000][23404][gc,metaspace ] GC(94) Metaspace: 85427K(91520K)->85427K(91520K) NonClass: 74193K(77824K)->74193K(77824K) Class: 11233K(13696K)->11233K(13696K)
[2020-09-24T03:37:23.074+0000][23404][gc           ] GC(94) Pause Young (Concurrent Start) (G1 Humongous Allocation) 521M->253M(1024M) 4.285ms
[2020-09-24T03:37:23.074+0000][23404][gc,cpu       ] GC(94) User=0.11s Sys=0.00s Real=0.00s
[2020-09-24T03:37:23.074+0000][23404][safepoint    ] Safepoint "G1TryInitiateConcMark", Time since last: 18601600 ns, Reaching safepoint: 96100 ns, At safepoint: 4418100 ns, Total: 4514200 ns
[2020-09-24T03:37:23.074+0000][23404][gc           ] GC(95) Concurrent Cycle
[2020-09-24T03:37:23.074+0000][23404][gc,marking   ] GC(95) Concurrent Clear Claimed Marks
[2020-09-24T03:37:23.074+0000][23404][gc,marking   ] GC(95) Concurrent Clear Claimed Marks 0.392ms
[2020-09-24T03:37:23.074+0000][23404][gc,marking   ] GC(95) Concurrent Scan Root Regions
[2020-09-24T03:37:23.078+0000][23404][gc,marking   ] GC(95) Concurrent Scan Root Regions 3.339ms
[2020-09-24T03:37:23.078+0000][23404][gc,marking   ] GC(95) Concurrent Mark (115.512s)
[2020-09-24T03:37:23.078+0000][23404][gc,marking   ] GC(95) Concurrent Mark From Roots
[2020-09-24T03:37:23.078+0000][23404][gc,task      ] GC(95) Using 2 workers of 2 for marking
[2020-09-24T03:37:23.162+0000][23404][gc,marking   ] GC(95) Concurrent Mark From Roots 83.835ms
[2020-09-24T03:37:23.162+0000][23404][gc,marking   ] GC(95) Concurrent Preclean
[2020-09-24T03:37:23.162+0000][23404][gc,marking   ] GC(95) Concurrent Preclean 0.231ms
[2020-09-24T03:37:23.162+0000][23404][gc,marking   ] GC(95) Concurrent Mark (115.512s, 115.596s) 84.191ms
[2020-09-24T03:37:23.162+0000][23404][gc,start     ] GC(95) Pause Remark
[2020-09-24T03:37:23.166+0000][23404][gc           ] GC(95) Pause Remark 446M->446M(1024M) 4.007ms
[2020-09-24T03:37:23.166+0000][23404][gc,cpu       ] GC(95) User=0.13s Sys=0.00s Real=0.00s
[2020-09-24T03:37:23.166+0000][23404][safepoint    ] Safepoint "G1Concurrent", Time since last: 88179600 ns, Reaching safepoint: 146200 ns, At safepoint: 4214000 ns, Total: 4360200 ns
[2020-09-24T03:37:23.166+0000][23404][gc,marking   ] GC(95) Concurrent Rebuild Remembered Sets
[2020-09-24T03:37:23.220+0000][23404][gc,marking   ] GC(95) Concurrent Rebuild Remembered Sets 53.353ms
[2020-09-24T03:37:23.220+0000][23404][gc,start     ] GC(95) Pause Cleanup
[2020-09-24T03:37:23.220+0000][23404][gc           ] GC(95) Pause Cleanup 517M->517M(1024M) 0.234ms
[2020-09-24T03:37:23.220+0000][23404][gc,cpu       ] GC(95) User=0.00s Sys=0.00s Real=0.00s
[2020-09-24T03:37:23.220+0000][23404][safepoint    ] Safepoint "G1Concurrent", Time since last: 53480500 ns, Reaching safepoint: 119600 ns, At safepoint: 346100 ns, Total: 465700 ns
[2020-09-24T03:37:23.220+0000][23404][gc,marking   ] GC(95) Concurrent Cleanup for Next Mark
[2020-09-24T03:37:23.222+0000][23404][gc,marking   ] GC(95) Concurrent Cleanup for Next Mark 1.858ms
[2020-09-24T03:37:23.222+0000][23404][gc           ] GC(95) Concurrent Cycle 148.529ms
[2020-09-24T03:37:23.226+0000][23404][gc,start     ] GC(96) Pause Young (Concurrent Start) (G1 Humongous Allocation)
[2020-09-24T03:37:23.226+0000][23404][gc,task      ] GC(96) Using 8 workers of 8 for evacuation
[2020-09-24T03:37:23.226+0000][23404][gc,age       ] GC(96) Desired survivor size 33554432 bytes, new threshold 15 (max threshold 15)
[2020-09-24T03:37:23.230+0000][23404][gc,age       ] GC(96) Age table with threshold 15 (max threshold 15)
[2020-09-24T03:37:23.230+0000][23404][gc,age       ] GC(96) - age   1:    2959368 bytes,    2959368 total
[2020-09-24T03:37:23.230+0000][23404][gc,age       ] GC(96) - age   2:     408840 bytes,    3368208 total
[2020-09-24T03:37:23.230+0000][23404][gc,age       ] GC(96) - age   3:     405632 bytes,    3773840 total
[2020-09-24T03:37:23.230+0000][23404][gc,age       ] GC(96) - age   4:     203728 bytes,    3977568 total
[2020-09-24T03:37:23.230+0000][23404][gc,age       ] GC(96) - age   5:      28720 bytes,    4006288 total
[2020-09-24T03:37:23.230+0000][23404][gc,age       ] GC(96) - age   6:       1408 bytes,    4007696 total
[2020-09-24T03:37:23.230+0000][23404][gc,age       ] GC(96) - age   7:       2240 bytes,    4009936 total
[2020-09-24T03:37:23.230+0000][23404][gc,age       ] GC(96) - age   8:        928 bytes,    4010864 total
[2020-09-24T03:37:23.230+0000][23404][gc,age       ] GC(96) - age   9:       1104 bytes,    4011968 total
[2020-09-24T03:37:23.230+0000][23404][gc,age       ] GC(96) - age  10:      53648 bytes,    4065616 total
[2020-09-24T03:37:23.230+0000][23404][gc,age       ] GC(96) - age  11:       1968 bytes,    4067584 total
[2020-09-24T03:37:23.230+0000][23404][gc,age       ] GC(96) - age  12:     239048 bytes,    4306632 total
[2020-09-24T03:37:23.230+0000][23404][gc,age       ] GC(96) - age  13:     681608 bytes,    4988240 total
[2020-09-24T03:37:23.230+0000][23404][gc,age       ] GC(96) - age  14:        632 bytes,    4988872 total
[2020-09-24T03:37:23.230+0000][23404][gc,age       ] GC(96) - age  15:       1544 bytes,    4990416 total
[2020-09-24T03:37:23.230+0000][23404][gc,phases    ] GC(96)   Pre Evacuate Collection Set: 0.3ms
[2020-09-24T03:37:23.230+0000][23404][gc,phases    ] GC(96)   Merge Heap Roots: 0.1ms
[2020-09-24T03:37:23.230+0000][23404][gc,phases    ] GC(96)   Evacuate Collection Set: 3.0ms
[2020-09-24T03:37:23.230+0000][23404][gc,phases    ] GC(96)   Post Evacuate Collection Set: 0.8ms
[2020-09-24T03:37:23.230+0000][23404][gc,phases    ] GC(96)   Other: 0.5ms
[2020-09-24T03:37:23.230+0000][23404][gc,heap      ] GC(96) Eden regions: 72->0(504)
[2020-09-24T03:37:23.230+0000][23404][gc,heap      ] GC(96) Survivor regions: 5->5(64)
[2020-09-24T03:37:23.230+0000][23404][gc,heap      ] GC(96) Old regions: 75->75
[2020-09-24T03:37:23.230+0000][23404][gc,heap      ] GC(96) Archive regions: 0->0
[2020-09-24T03:37:23.230+0000][23404][gc,heap      ] GC(96) Humongous regions: 370->174
[2020-09-24T03:37:23.230+0000][23404][gc,metaspace ] GC(96) Metaspace: 85430K(91520K)->85430K(91520K) NonClass: 74196K(77824K)->74196K(77824K) Class: 11233K(13696K)->11233K(13696K)
[2020-09-24T03:37:23.230+0000][23404][gc           ] GC(96) Pause Young (Concurrent Start) (G1 Humongous Allocation) 521M->253M(1024M) 4.858ms
[2020-09-24T03:37:23.230+0000][23404][gc,cpu       ] GC(96) User=0.09s Sys=0.00s Real=0.00s
[2020-09-24T03:37:23.230+0000][23404][gc           ] GC(97) Concurrent Cycle
[2020-09-24T03:37:23.231+0000][23404][safepoint    ] Safepoint "G1TryInitiateConcMark", Time since last: 5052600 ns, Reaching safepoint: 119200 ns, At safepoint: 5004800 ns, Total: 5124000 ns
[2020-09-24T03:37:23.231+0000][23404][gc,marking   ] GC(97) Concurrent Clear Claimed Marks
[2020-09-24T03:37:23.231+0000][23404][gc,marking   ] GC(97) Concurrent Clear Claimed Marks 0.545ms
[2020-09-24T03:37:23.231+0000][23404][gc,marking   ] GC(97) Concurrent Scan Root Regions
[2020-09-24T03:37:23.234+0000][23404][gc,marking   ] GC(97) Concurrent Scan Root Regions 2.666ms
[2020-09-24T03:37:23.234+0000][23404][gc,marking   ] GC(97) Concurrent Mark (115.668s)
[2020-09-24T03:37:23.234+0000][23404][gc,marking   ] GC(97) Concurrent Mark From Roots
[2020-09-24T03:37:23.234+0000][23404][gc,task      ] GC(97) Using 2 workers of 2 for marking
[2020-09-24T03:37:23.336+0000][23404][gc,marking   ] GC(97) Concurrent Mark From Roots 102.189ms
[2020-09-24T03:37:23.336+0000][23404][gc,marking   ] GC(97) Concurrent Preclean
[2020-09-24T03:37:23.337+0000][23404][gc,marking   ] GC(97) Concurrent Preclean 0.345ms
[2020-09-24T03:37:23.337+0000][23404][gc,marking   ] GC(97) Concurrent Mark (115.668s, 115.771s) 102.685ms
[2020-09-24T03:37:23.337+0000][23404][gc,start     ] GC(97) Pause Remark
[2020-09-24T03:37:23.341+0000][23404][gc           ] GC(97) Pause Remark 391M->391M(1024M) 3.609ms
[2020-09-24T03:37:23.341+0000][23404][gc,cpu       ] GC(97) User=0.00s Sys=0.00s Real=0.00s
[2020-09-24T03:37:23.341+0000][23404][safepoint    ] Safepoint "G1Concurrent", Time since last: 106228400 ns, Reaching safepoint: 202200 ns, At safepoint: 3802000 ns, Total: 4004200 ns
[2020-09-24T03:37:23.341+0000][23404][gc,marking   ] GC(97) Concurrent Rebuild Remembered Sets
[2020-09-24T03:37:23.400+0000][23404][gc,marking   ] GC(97) Concurrent Rebuild Remembered Sets 59.431ms
[2020-09-24T03:37:23.401+0000][23404][gc,start     ] GC(97) Pause Cleanup
[2020-09-24T03:37:23.401+0000][23404][gc           ] GC(97) Pause Cleanup 463M->463M(1024M) 0.231ms
[2020-09-24T03:37:23.401+0000][23404][gc,cpu       ] GC(97) User=0.00s Sys=0.00s Real=0.00s
[2020-09-24T03:37:23.401+0000][23404][safepoint    ] Safepoint "G1Concurrent", Time since last: 59581500 ns, Reaching safepoint: 227300 ns, At safepoint: 360500 ns, Total: 587800 ns
[2020-09-24T03:37:23.401+0000][23404][gc,marking   ] GC(97) Concurrent Cleanup for Next Mark
[2020-09-24T03:37:23.403+0000][23404][gc,marking   ] GC(97) Concurrent Cleanup for Next Mark 1.952ms
[2020-09-24T03:37:23.403+0000][23404][gc           ] GC(97) Concurrent Cycle 172.542ms
[2020-09-24T03:37:23.426+0000][23404][gc,start     ] GC(98) Pause Young (Concurrent Start) (G1 Humongous Allocation)
[2020-09-24T03:37:23.426+0000][23404][gc,task      ] GC(98) Using 8 workers of 8 for evacuation
[2020-09-24T03:37:23.426+0000][23404][gc,age       ] GC(98) Desired survivor size 33554432 bytes, new threshold 15 (max threshold 15)
[2020-09-24T03:37:23.430+0000][23404][gc,age       ] GC(98) Age table with threshold 15 (max threshold 15)
[2020-09-24T03:37:23.431+0000][23404][gc,age       ] GC(98) - age   1:    3089560 bytes,    3089560 total
[2020-09-24T03:37:23.431+0000][23404][gc,age       ] GC(98) - age   2:       2384 bytes,    3091944 total
[2020-09-24T03:37:23.431+0000][23404][gc,age       ] GC(98) - age   3:       3288 bytes,    3095232 total
[2020-09-24T03:37:23.431+0000][23404][gc,age       ] GC(98) - age   4:       3608 bytes,    3098840 total
[2020-09-24T03:37:23.431+0000][23404][gc,age       ] GC(98) - age   5:       2864 bytes,    3101704 total
[2020-09-24T03:37:23.431+0000][23404][gc,age       ] GC(98) - age   6:      26880 bytes,    3128584 total
[2020-09-24T03:37:23.431+0000][23404][gc,age       ] GC(98) - age   7:       1408 bytes,    3129992 total
[2020-09-24T03:37:23.431+0000][23404][gc,age       ] GC(98) - age   8:       2240 bytes,    3132232 total
[2020-09-24T03:37:23.431+0000][23404][gc,age       ] GC(98) - age   9:        928 bytes,    3133160 total
[2020-09-24T03:37:23.431+0000][23404][gc,age       ] GC(98) - age  10:       1104 bytes,    3134264 total
[2020-09-24T03:37:23.431+0000][23404][gc,age       ] GC(98) - age  11:      53520 bytes,    3187784 total
[2020-09-24T03:37:23.431+0000][23404][gc,age       ] GC(98) - age  12:       1968 bytes,    3189752 total
[2020-09-24T03:37:23.431+0000][23404][gc,age       ] GC(98) - age  13:     238888 bytes,    3428640 total
[2020-09-24T03:37:23.431+0000][23404][gc,age       ] GC(98) - age  14:     681584 bytes,    4110224 total
[2020-09-24T03:37:23.431+0000][23404][gc,age       ] GC(98) - age  15:        632 bytes,    4110856 total
[2020-09-24T03:37:23.431+0000][23404][gc,phases    ] GC(98)   Pre Evacuate Collection Set: 0.4ms
[2020-09-24T03:37:23.431+0000][23404][gc,phases    ] GC(98)   Merge Heap Roots: 0.1ms
[2020-09-24T03:37:23.431+0000][23404][gc,phases    ] GC(98)   Evacuate Collection Set: 3.0ms
[2020-09-24T03:37:23.431+0000][23404][gc,phases    ] GC(98)   Post Evacuate Collection Set: 1.1ms
[2020-09-24T03:37:23.431+0000][23404][gc,phases    ] GC(98)   Other: 0.9ms
[2020-09-24T03:37:23.431+0000][23404][gc,heap      ] GC(98) Eden regions: 72->0(504)
[2020-09-24T03:37:23.431+0000][23404][gc,heap      ] GC(98) Survivor regions: 5->5(64)
[2020-09-24T03:37:23.431+0000][23404][gc,heap      ] GC(98) Old regions: 75->75
[2020-09-24T03:37:23.431+0000][23404][gc,heap      ] GC(98) Archive regions: 0->0
[2020-09-24T03:37:23.431+0000][23404][gc,heap      ] GC(98) Humongous regions: 320->174
[2020-09-24T03:37:23.431+0000][23404][gc,metaspace ] GC(98) Metaspace: 85507K(91520K)->85507K(91520K) NonClass: 74272K(77824K)->74272K(77824K) Class: 11234K(13696K)->11234K(13696K)
[2020-09-24T03:37:23.431+0000][23404][gc           ] GC(98) Pause Young (Concurrent Start) (G1 Humongous Allocation) 471M->253M(1024M) 5.662ms
[2020-09-24T03:37:23.431+0000][23404][gc,cpu       ] GC(98) User=0.03s Sys=0.02s Real=0.00s
[2020-09-24T03:37:23.431+0000][23404][gc           ] GC(99) Concurrent Cycle
[2020-09-24T03:37:23.432+0000][23404][safepoint    ] Safepoint "G1TryInitiateConcMark", Time since last: 24617300 ns, Reaching safepoint: 122200 ns, At safepoint: 5881200 ns, Total: 6003400 ns
[2020-09-24T03:37:23.432+0000][23404][gc,marking   ] GC(99) Concurrent Clear Claimed Marks
[2020-09-24T03:37:23.432+0000][23404][gc,marking   ] GC(99) Concurrent Clear Claimed Marks 0.616ms
[2020-09-24T03:37:23.432+0000][23404][gc,marking   ] GC(99) Concurrent Scan Root Regions
[2020-09-24T03:37:23.435+0000][23404][gc,marking   ] GC(99) Concurrent Scan Root Regions 3.141ms
[2020-09-24T03:37:23.436+0000][23404][gc,marking   ] GC(99) Concurrent Mark (115.870s)
[2020-09-24T03:37:23.436+0000][23404][gc,marking   ] GC(99) Concurrent Mark From Roots
[2020-09-24T03:37:23.436+0000][23404][gc,task      ] GC(99) Using 2 workers of 2 for marking
[2020-09-24T03:37:23.520+0000][23404][gc,marking   ] GC(99) Concurrent Mark From Roots 84.352ms
[2020-09-24T03:37:23.520+0000][23404][gc,marking   ] GC(99) Concurrent Preclean
[2020-09-24T03:37:23.520+0000][23404][gc,marking   ] GC(99) Concurrent Preclean 0.258ms
[2020-09-24T03:37:23.520+0000][23404][gc,marking   ] GC(99) Concurrent Mark (115.870s, 115.954s) 84.721ms
[2020-09-24T03:37:23.520+0000][23404][gc,start     ] GC(99) Pause Remark
[2020-09-24T03:37:23.524+0000][23404][gc           ] GC(99) Pause Remark 320M->320M(1024M) 3.797ms
[2020-09-24T03:37:23.524+0000][23404][gc,cpu       ] GC(99) User=0.11s Sys=0.02s Real=0.00s
[2020-09-24T03:37:23.524+0000][23404][safepoint    ] Safepoint "G1Concurrent", Time since last: 88786500 ns, Reaching safepoint: 143600 ns, At safepoint: 3969500 ns, Total: 4113100 ns
[2020-09-24T03:37:23.524+0000][23404][gc,marking   ] GC(99) Concurrent Rebuild Remembered Sets
[2020-09-24T03:37:23.586+0000][23404][gc,marking   ] GC(99) Concurrent Rebuild Remembered Sets 61.753ms
[2020-09-24T03:37:23.587+0000][23404][gc,start     ] GC(99) Pause Cleanup
[2020-09-24T03:37:23.587+0000][23404][gc           ] GC(99) Pause Cleanup 324M->324M(1024M) 0.394ms
[2020-09-24T03:37:23.587+0000][23404][gc,cpu       ] GC(99) User=0.02s Sys=0.02s Real=0.00s
[2020-09-24T03:37:23.587+0000][23404][safepoint    ] Safepoint "G1Concurrent", Time since last: 61916300 ns, Reaching safepoint: 148200 ns, At safepoint: 679500 ns, Total: 827700 ns
[2020-09-24T03:37:23.587+0000][23404][gc,marking   ] GC(99) Concurrent Cleanup for Next Mark
[2020-09-24T03:37:23.590+0000][23404][gc,marking   ] GC(99) Concurrent Cleanup for Next Mark 2.788ms
[2020-09-24T03:37:23.590+0000][23404][gc           ] GC(99) Concurrent Cycle 158.674ms
[2020-09-24T03:37:23.613+0000][23404][gc,start     ] GC(100) Pause Young (Concurrent Start) (G1 Humongous Allocation)
[2020-09-24T03:37:23.613+0000][23404][gc,task      ] GC(100) Using 8 workers of 8 for evacuation
[2020-09-24T03:37:23.613+0000][23404][gc,age       ] GC(100) Desired survivor size 33554432 bytes, new threshold 15 (max threshold 15)
[2020-09-24T03:37:23.617+0000][23404][gc,age       ] GC(100) Age table with threshold 15 (max threshold 15)
[2020-09-24T03:37:23.617+0000][23404][gc,age       ] GC(100) - age   1:    2419824 bytes,    2419824 total
[2020-09-24T03:37:23.617+0000][23404][gc,age       ] GC(100) - age   2:      19704 bytes,    2439528 total
[2020-09-24T03:37:23.617+0000][23404][gc,age       ] GC(100) - age   3:       2384 bytes,    2441912 total
[2020-09-24T03:37:23.617+0000][23404][gc,age       ] GC(100) - age   4:       3160 bytes,    2445072 total
[2020-09-24T03:37:23.617+0000][23404][gc,age       ] GC(100) - age   5:       3448 bytes,    2448520 total
[2020-09-24T03:37:23.617+0000][23404][gc,age       ] GC(100) - age   6:       2768 bytes,    2451288 total
[2020-09-24T03:37:23.617+0000][23404][gc,age       ] GC(100) - age   7:      25992 bytes,    2477280 total
[2020-09-24T03:37:23.617+0000][23404][gc,age       ] GC(100) - age   8:       1408 bytes,    2478688 total
[2020-09-24T03:37:23.617+0000][23404][gc,age       ] GC(100) - age   9:       2240 bytes,    2480928 total
[2020-09-24T03:37:23.617+0000][23404][gc,age       ] GC(100) - age  10:        928 bytes,    2481856 total
[2020-09-24T03:37:23.617+0000][23404][gc,age       ] GC(100) - age  11:       1104 bytes,    2482960 total
[2020-09-24T03:37:23.617+0000][23404][gc,age       ] GC(100) - age  12:      53424 bytes,    2536384 total
[2020-09-24T03:37:23.617+0000][23404][gc,age       ] GC(100) - age  13:       1968 bytes,    2538352 total
[2020-09-24T03:37:23.617+0000][23404][gc,age       ] GC(100) - age  14:     238752 bytes,    2777104 total
[2020-09-24T03:37:23.617+0000][23404][gc,age       ] GC(100) - age  15:     681344 bytes,    3458448 total
[2020-09-24T03:37:23.617+0000][23404][gc,phases    ] GC(100)   Pre Evacuate Collection Set: 0.5ms
[2020-09-24T03:37:23.617+0000][23404][gc,phases    ] GC(100)   Merge Heap Roots: 0.1ms
[2020-09-24T03:37:23.617+0000][23404][gc,phases    ] GC(100)   Evacuate Collection Set: 2.4ms
[2020-09-24T03:37:23.617+0000][23404][gc,phases    ] GC(100)   Post Evacuate Collection Set: 0.5ms
[2020-09-24T03:37:23.617+0000][23404][gc,phases    ] GC(100)   Other: 0.7ms
[2020-09-24T03:37:23.617+0000][23404][gc,heap      ] GC(100) Eden regions: 27->0(506)
[2020-09-24T03:37:23.617+0000][23404][gc,heap      ] GC(100) Survivor regions: 5->4(64)
[2020-09-24T03:37:23.617+0000][23404][gc,heap      ] GC(100) Old regions: 75->75
[2020-09-24T03:37:23.617+0000][23404][gc,heap      ] GC(100) Archive regions: 0->0
[2020-09-24T03:37:23.618+0000][23404][gc,heap      ] GC(100) Humongous regions: 232->174
[2020-09-24T03:37:23.618+0000][23404][gc,metaspace ] GC(100) Metaspace: 85547K(91520K)->85547K(91520K) NonClass: 74312K(77824K)->74312K(77824K) Class: 11234K(13696K)->11234K(13696K)
[2020-09-24T03:37:23.618+0000][23404][gc           ] GC(100) Pause Young (Concurrent Start) (G1 Humongous Allocation) 337M->252M(1024M) 4.408ms
[2020-09-24T03:37:23.618+0000][23404][gc,cpu       ] GC(100) User=0.03s Sys=0.00s Real=0.01s
[2020-09-24T03:37:23.618+0000][23404][gc           ] GC(101) Concurrent Cycle
[2020-09-24T03:37:23.618+0000][23404][safepoint    ] Safepoint "G1TryInitiateConcMark", Time since last: 25702000 ns, Reaching safepoint: 213300 ns, At safepoint: 4580400 ns, Total: 4793700 ns
[2020-09-24T03:37:23.618+0000][23404][gc,marking   ] GC(101) Concurrent Clear Claimed Marks
[2020-09-24T03:37:23.618+0000][23404][gc,marking   ] GC(101) Concurrent Clear Claimed Marks 0.742ms
[2020-09-24T03:37:23.619+0000][23404][gc,marking   ] GC(101) Concurrent Scan Root Regions
[2020-09-24T03:37:23.622+0000][23404][gc,marking   ] GC(101) Concurrent Scan Root Regions 3.162ms
[2020-09-24T03:37:23.622+0000][23404][gc,marking   ] GC(101) Concurrent Mark (116.056s)
[2020-09-24T03:37:23.622+0000][23404][gc,marking   ] GC(101) Concurrent Mark From Roots
[2020-09-24T03:37:23.622+0000][23404][gc,task      ] GC(101) Using 2 workers of 2 for marking
[2020-09-24T03:37:23.741+0000][23404][gc,marking   ] GC(101) Concurrent Mark From Roots 118.781ms
[2020-09-24T03:37:23.741+0000][23404][gc,marking   ] GC(101) Concurrent Preclean
[2020-09-24T03:37:23.741+0000][23404][gc,marking   ] GC(101) Concurrent Preclean 0.356ms
[2020-09-24T03:37:23.741+0000][23404][gc,marking   ] GC(101) Concurrent Mark (116.056s, 116.175s) 119.297ms
[2020-09-24T03:37:23.742+0000][23404][gc,start     ] GC(101) Pause Remark
[2020-09-24T03:37:23.746+0000][23404][gc           ] GC(101) Pause Remark 384M->384M(1024M) 4.362ms
[2020-09-24T03:37:23.746+0000][23404][gc,cpu       ] GC(101) User=0.13s Sys=0.00s Real=0.00s
[2020-09-24T03:37:23.747+0000][23404][safepoint    ] Safepoint "G1Concurrent", Time since last: 123507500 ns, Reaching safepoint: 304000 ns, At safepoint: 5448900 ns, Total: 5752900 ns
[2020-09-24T03:37:23.747+0000][23404][gc,marking   ] GC(101) Concurrent Rebuild Remembered Sets
[2020-09-24T03:37:23.816+0000][23404][gc,marking   ] GC(101) Concurrent Rebuild Remembered Sets 69.408ms
[2020-09-24T03:37:23.817+0000][23404][gc,start     ] GC(101) Pause Cleanup
[2020-09-24T03:37:23.817+0000][23404][gc           ] GC(101) Pause Cleanup 458M->458M(1024M) 0.271ms
[2020-09-24T03:37:23.817+0000][23404][gc,cpu       ] GC(101) User=0.00s Sys=0.00s Real=0.00s
[2020-09-24T03:37:23.818+0000][23404][safepoint    ] Safepoint "G1Concurrent", Time since last: 69644600 ns, Reaching safepoint: 202300 ns, At safepoint: 1441600 ns, Total: 1643900 ns
[2020-09-24T03:37:23.818+0000][23404][gc,marking   ] GC(101) Concurrent Cleanup for Next Mark
[2020-09-24T03:37:23.820+0000][23404][gc,marking   ] GC(101) Concurrent Cleanup for Next Mark 1.848ms
[2020-09-24T03:37:23.820+0000][23404][gc           ] GC(101) Concurrent Cycle 202.653ms
[2020-09-24T03:37:23.821+0000][23404][gc,start     ] GC(102) Pause Young (Concurrent Start) (G1 Humongous Allocation)
[2020-09-24T03:37:23.821+0000][23404][gc,task      ] GC(102) Using 8 workers of 8 for evacuation
[2020-09-24T03:37:23.821+0000][23404][gc,age       ] GC(102) Desired survivor size 33554432 bytes, new threshold 15 (max threshold 15)
[2020-09-24T03:37:23.826+0000][23404][gc,age       ] GC(102) Age table with threshold 15 (max threshold 15)
[2020-09-24T03:37:23.826+0000][23404][gc,age       ] GC(102) - age   1:    3274216 bytes,    3274216 total
[2020-09-24T03:37:23.826+0000][23404][gc,age       ] GC(102) - age   2:      13280 bytes,    3287496 total
[2020-09-24T03:37:23.826+0000][23404][gc,age       ] GC(102) - age   3:      16392 bytes,    3303888 total
[2020-09-24T03:37:23.826+0000][23404][gc,age       ] GC(102) - age   4:       1552 bytes,    3305440 total
[2020-09-24T03:37:23.826+0000][23404][gc,age       ] GC(102) - age   5:       3032 bytes,    3308472 total
[2020-09-24T03:37:23.826+0000][23404][gc,age       ] GC(102) - age   6:       2864 bytes,    3311336 total
[2020-09-24T03:37:23.826+0000][23404][gc,age       ] GC(102) - age   7:       2768 bytes,    3314104 total
[2020-09-24T03:37:23.826+0000][23404][gc,age       ] GC(102) - age   8:      25960 bytes,    3340064 total
[2020-09-24T03:37:23.826+0000][23404][gc,age       ] GC(102) - age   9:       1408 bytes,    3341472 total
[2020-09-24T03:37:23.826+0000][23404][gc,age       ] GC(102) - age  10:       2208 bytes,    3343680 total
[2020-09-24T03:37:23.826+0000][23404][gc,age       ] GC(102) - age  11:        928 bytes,    3344608 total
[2020-09-24T03:37:23.826+0000][23404][gc,age       ] GC(102) - age  12:       1104 bytes,    3345712 total
[2020-09-24T03:37:23.826+0000][23404][gc,age       ] GC(102) - age  13:      53424 bytes,    3399136 total
[2020-09-24T03:37:23.826+0000][23404][gc,age       ] GC(102) - age  14:       1904 bytes,    3401040 total
[2020-09-24T03:37:23.826+0000][23404][gc,age       ] GC(102) - age  15:     238752 bytes,    3639792 total
[2020-09-24T03:37:23.826+0000][23404][gc,phases    ] GC(102)   Pre Evacuate Collection Set: 0.6ms
[2020-09-24T03:37:23.826+0000][23404][gc,phases    ] GC(102)   Merge Heap Roots: 0.1ms
[2020-09-24T03:37:23.826+0000][23404][gc,phases    ] GC(102)   Evacuate Collection Set: 2.7ms
[2020-09-24T03:37:23.826+0000][23404][gc,phases    ] GC(102)   Post Evacuate Collection Set: 0.8ms
[2020-09-24T03:37:23.827+0000][23404][gc,phases    ] GC(102)   Other: 1.0ms
[2020-09-24T03:37:23.827+0000][23404][gc,heap      ] GC(102) Eden regions: 64->0(505)
[2020-09-24T03:37:23.827+0000][23404][gc,heap      ] GC(102) Survivor regions: 4->4(64)
[2020-09-24T03:37:23.827+0000][23404][gc,heap      ] GC(102) Old regions: 75->76
[2020-09-24T03:37:23.827+0000][23404][gc,heap      ] GC(102) Archive regions: 0->0
[2020-09-24T03:37:23.827+0000][23404][gc,heap      ] GC(102) Humongous regions: 316->174
[2020-09-24T03:37:23.827+0000][23404][gc,metaspace ] GC(102) Metaspace: 85597K(91776K)->85597K(91776K) NonClass: 74362K(78080K)->74362K(78080K) Class: 11234K(13696K)->11234K(13696K)
[2020-09-24T03:37:23.827+0000][23404][gc           ] GC(102) Pause Young (Concurrent Start) (G1 Humongous Allocation) 458M->253M(1024M) 5.729ms
[2020-09-24T03:37:23.827+0000][23404][gc,cpu       ] GC(102) User=0.00s Sys=0.00s Real=0.01s
[2020-09-24T03:37:23.827+0000][23404][gc           ] GC(103) Concurrent Cycle
[2020-09-24T03:37:23.827+0000][23404][gc,marking   ] GC(103) Concurrent Clear Claimed Marks
[2020-09-24T03:37:23.827+0000][23404][safepoint    ] Safepoint "G1TryInitiateConcMark", Time since last: 2605000 ns, Reaching safepoint: 149500 ns, At safepoint: 6027100 ns, Total: 6176600 ns
[2020-09-24T03:37:23.828+0000][23404][gc,marking   ] GC(103) Concurrent Clear Claimed Marks 0.704ms
[2020-09-24T03:37:23.828+0000][23404][gc,marking   ] GC(103) Concurrent Scan Root Regions
[2020-09-24T03:37:23.834+0000][23404][gc,marking   ] GC(103) Concurrent Scan Root Regions 5.794ms
[2020-09-24T03:37:23.834+0000][23404][gc,marking   ] GC(103) Concurrent Mark (116.268s)
[2020-09-24T03:37:23.834+0000][23404][gc,marking   ] GC(103) Concurrent Mark From Roots
[2020-09-24T03:37:23.834+0000][23404][gc,task      ] GC(103) Using 2 workers of 2 for marking
[2020-09-24T03:37:23.960+0000][23404][gc,marking   ] GC(103) Concurrent Mark From Roots 126.690ms
[2020-09-24T03:37:23.961+0000][23404][gc,marking   ] GC(103) Concurrent Preclean
[2020-09-24T03:37:23.961+0000][23404][gc,marking   ] GC(103) Concurrent Preclean 0.291ms
[2020-09-24T03:37:23.961+0000][23404][gc,marking   ] GC(103) Concurrent Mark (116.268s, 116.395s) 127.140ms
[2020-09-24T03:37:23.961+0000][23404][gc,start     ] GC(103) Pause Remark
[2020-09-24T03:37:23.967+0000][23404][gc           ] GC(103) Pause Remark 448M->448M(1024M) 5.625ms
[2020-09-24T03:37:23.967+0000][23404][gc,cpu       ] GC(103) User=0.05s Sys=0.00s Real=0.01s
[2020-09-24T03:37:23.967+0000][23404][safepoint    ] Safepoint "G1Concurrent", Time since last: 133945500 ns, Reaching safepoint: 139800 ns, At safepoint: 5883900 ns, Total: 6023700 ns
[2020-09-24T03:37:23.967+0000][23404][gc,marking   ] GC(103) Concurrent Rebuild Remembered Sets
[2020-09-24T03:37:24.042+0000][23404][gc,marking   ] GC(103) Concurrent Rebuild Remembered Sets 74.524ms
[2020-09-24T03:37:24.042+0000][23404][gc,start     ] GC(103) Pause Cleanup
[2020-09-24T03:37:24.042+0000][23404][gc           ] GC(103) Pause Cleanup 524M->524M(1024M) 0.332ms
[2020-09-24T03:37:24.042+0000][23404][gc,cpu       ] GC(103) User=0.00s Sys=0.00s Real=0.00s
[2020-09-24T03:37:24.042+0000][23404][safepoint    ] Safepoint "G1Concurrent", Time since last: 74712800 ns, Reaching safepoint: 147800 ns, At safepoint: 535200 ns, Total: 683000 ns
[2020-09-24T03:37:24.042+0000][23404][gc,marking   ] GC(103) Concurrent Cleanup for Next Mark
[2020-09-24T03:37:24.044+0000][23404][gc,marking   ] GC(103) Concurrent Cleanup for Next Mark 1.699ms
[2020-09-24T03:37:24.044+0000][23404][gc           ] GC(103) Concurrent Cycle 217.397ms
[2020-09-24T03:37:24.085+0000][23404][gc,start     ] GC(104) Pause Young (Concurrent Start) (G1 Humongous Allocation)
[2020-09-24T03:37:24.085+0000][23404][gc,task      ] GC(104) Using 8 workers of 8 for evacuation
[2020-09-24T03:37:24.085+0000][23404][gc,age       ] GC(104) Desired survivor size 33554432 bytes, new threshold 15 (max threshold 15)
[2020-09-24T03:37:24.088+0000][23404][gc,age       ] GC(104) Age table with threshold 15 (max threshold 15)
[2020-09-24T03:37:24.089+0000][23404][gc,age       ] GC(104) - age   1:    3483528 bytes,    3483528 total
[2020-09-24T03:37:24.089+0000][23404][gc,age       ] GC(104) - age   2:     207992 bytes,    3691520 total
[2020-09-24T03:37:24.089+0000][23404][gc,age       ] GC(104) - age   3:      12912 bytes,    3704432 total
[2020-09-24T03:37:24.089+0000][23404][gc,age       ] GC(104) - age   4:      15688 bytes,    3720120 total
[2020-09-24T03:37:24.089+0000][23404][gc,age       ] GC(104) - age   5:       1424 bytes,    3721544 total
[2020-09-24T03:37:24.089+0000][23404][gc,age       ] GC(104) - age   6:       2448 bytes,    3723992 total
[2020-09-24T03:37:24.089+0000][23404][gc,age       ] GC(104) - age   7:       2408 bytes,    3726400 total
[2020-09-24T03:37:24.089+0000][23404][gc,age       ] GC(104) - age   8:       2768 bytes,    3729168 total
[2020-09-24T03:37:24.089+0000][23404][gc,age       ] GC(104) - age   9:      25960 bytes,    3755128 total
[2020-09-24T03:37:24.089+0000][23404][gc,age       ] GC(104) - age  10:       1408 bytes,    3756536 total
[2020-09-24T03:37:24.089+0000][23404][gc,age       ] GC(104) - age  11:       2208 bytes,    3758744 total
[2020-09-24T03:37:24.089+0000][23404][gc,age       ] GC(104) - age  12:        928 bytes,    3759672 total
[2020-09-24T03:37:24.089+0000][23404][gc,age       ] GC(104) - age  13:       1104 bytes,    3760776 total
[2020-09-24T03:37:24.089+0000][23404][gc,age       ] GC(104) - age  14:      53424 bytes,    3814200 total
[2020-09-24T03:37:24.089+0000][23404][gc,age       ] GC(104) - age  15:       1904 bytes,    3816104 total
[2020-09-24T03:37:24.089+0000][23404][gc,phases    ] GC(104)   Pre Evacuate Collection Set: 0.4ms
[2020-09-24T03:37:24.089+0000][23404][gc,phases    ] GC(104)   Merge Heap Roots: 0.1ms
[2020-09-24T03:37:24.089+0000][23404][gc,phases    ] GC(104)   Evacuate Collection Set: 2.2ms
[2020-09-24T03:37:24.089+0000][23404][gc,phases    ] GC(104)   Post Evacuate Collection Set: 0.8ms
[2020-09-24T03:37:24.089+0000][23404][gc,phases    ] GC(104)   Other: 0.9ms
[2020-09-24T03:37:24.089+0000][23404][gc,heap      ] GC(104) Eden regions: 82->0(505)
[2020-09-24T03:37:24.089+0000][23404][gc,heap      ] GC(104) Survivor regions: 4->4(64)
[2020-09-24T03:37:24.089+0000][23404][gc,heap      ] GC(104) Old regions: 76->76
[2020-09-24T03:37:24.089+0000][23404][gc,heap      ] GC(104) Archive regions: 0->0
[2020-09-24T03:37:24.089+0000][23404][gc,heap      ] GC(104) Humongous regions: 374->174
[2020-09-24T03:37:24.089+0000][23404][gc,metaspace ] GC(104) Metaspace: 85634K(91776K)->85634K(91776K) NonClass: 74400K(78080K)->74400K(78080K) Class: 11234K(13696K)->11234K(13696K)
[2020-09-24T03:37:24.089+0000][23404][gc           ] GC(104) Pause Young (Concurrent Start) (G1 Humongous Allocation) 535M->253M(1024M) 4.807ms
[2020-09-24T03:37:24.089+0000][23404][gc,cpu       ] GC(104) User=0.13s Sys=0.00s Real=0.00s
[2020-09-24T03:37:24.090+0000][23404][gc           ] GC(105) Concurrent Cycle
[2020-09-24T03:37:24.090+0000][23404][safepoint    ] Safepoint "G1TryInitiateConcMark", Time since last: 42016200 ns, Reaching safepoint: 168400 ns, At safepoint: 4981900 ns, Total: 5150300 ns
[2020-09-24T03:37:24.090+0000][23404][gc,marking   ] GC(105) Concurrent Clear Claimed Marks
[2020-09-24T03:37:24.090+0000][23404][gc,marking   ] GC(105) Concurrent Clear Claimed Marks 0.761ms
[2020-09-24T03:37:24.090+0000][23404][gc,marking   ] GC(105) Concurrent Scan Root Regions
[2020-09-24T03:37:24.093+0000][23404][gc,marking   ] GC(105) Concurrent Scan Root Regions 2.478ms
[2020-09-24T03:37:24.093+0000][23404][gc,marking   ] GC(105) Concurrent Mark (116.527s)
[2020-09-24T03:37:24.093+0000][23404][gc,marking   ] GC(105) Concurrent Mark From Roots
[2020-09-24T03:37:24.093+0000][23404][gc,task      ] GC(105) Using 2 workers of 2 for marking
[2020-09-24T03:37:24.236+0000][23404][gc,marking   ] GC(105) Concurrent Mark From Roots 142.893ms
[2020-09-24T03:37:24.236+0000][23404][gc,marking   ] GC(105) Concurrent Preclean
[2020-09-24T03:37:24.237+0000][23404][gc,marking   ] GC(105) Concurrent Preclean 0.489ms
[2020-09-24T03:37:24.237+0000][23404][gc,marking   ] GC(105) Concurrent Mark (116.527s, 116.671s) 143.584ms
[2020-09-24T03:37:24.237+0000][23404][gc,start     ] GC(105) Pause Remark
[2020-09-24T03:37:24.249+0000][23404][gc           ] GC(105) Pause Remark 450M->450M(1024M) 11.937ms
[2020-09-24T03:37:24.249+0000][23404][gc,cpu       ] GC(105) User=0.13s Sys=0.00s Real=0.01s
[2020-09-24T03:37:24.250+0000][23404][safepoint    ] Safepoint "G1Concurrent", Time since last: 147240800 ns, Reaching safepoint: 155000 ns, At safepoint: 12613700 ns, Total: 12768700 ns
[2020-09-24T03:37:24.250+0000][23404][gc,marking   ] GC(105) Concurrent Rebuild Remembered Sets
[2020-09-24T03:37:24.302+0000][23404][safepoint    ] Safepoint "ICBufferFull", Time since last: 48410500 ns, Reaching safepoint: 3969300 ns, At safepoint: 65700 ns, Total: 4035000 ns
[2020-09-24T03:37:24.341+0000][23404][gc,marking   ] GC(105) Concurrent Rebuild Remembered Sets 91.652ms
[2020-09-24T03:37:24.342+0000][23404][gc,start     ] GC(105) Pause Cleanup
[2020-09-24T03:37:24.342+0000][23404][gc           ] GC(105) Pause Cleanup 466M->466M(1024M) 0.357ms
[2020-09-24T03:37:24.342+0000][23404][gc,cpu       ] GC(105) User=0.00s Sys=0.00s Real=0.00s
[2020-09-24T03:37:24.342+0000][23404][safepoint    ] Safepoint "G1Concurrent", Time since last: 39476200 ns, Reaching safepoint: 330500 ns, At safepoint: 541400 ns, Total: 871900 ns
[2020-09-24T03:37:24.342+0000][23404][gc,marking   ] GC(105) Concurrent Cleanup for Next Mark
[2020-09-24T03:37:24.344+0000][23404][gc,marking   ] GC(105) Concurrent Cleanup for Next Mark 2.102ms
[2020-09-24T03:37:24.345+0000][23404][gc           ] GC(105) Concurrent Cycle 255.285ms
[2020-09-24T03:37:25.039+0000][23404][safepoint    ] Safepoint "BulkRevokeBias", Time since last: 695458400 ns, Reaching safepoint: 237200 ns, At safepoint: 1313400 ns, Total: 1550600 ns
[2020-09-24T03:37:25.368+0000][23404][safepoint    ] Safepoint "ICBufferFull", Time since last: 328506000 ns, Reaching safepoint: 314100 ns, At safepoint: 48300 ns, Total: 362400 ns
[2020-09-24T03:37:25.537+0000][23404][gc,start     ] GC(106) Pause Young (Concurrent Start) (G1 Humongous Allocation)
[2020-09-24T03:37:25.537+0000][23404][gc,task      ] GC(106) Using 8 workers of 8 for evacuation
[2020-09-24T03:37:25.537+0000][23404][gc,age       ] GC(106) Desired survivor size 33554432 bytes, new threshold 15 (max threshold 15)
[2020-09-24T03:37:25.541+0000][23404][gc,age       ] GC(106) Age table with threshold 15 (max threshold 15)
[2020-09-24T03:37:25.541+0000][23404][gc,age       ] GC(106) - age   1:    3016928 bytes,    3016928 total
[2020-09-24T03:37:25.541+0000][23404][gc,age       ] GC(106) - age   2:       5856 bytes,    3022784 total
[2020-09-24T03:37:25.541+0000][23404][gc,age       ] GC(106) - age   3:       2448 bytes,    3025232 total
[2020-09-24T03:37:25.541+0000][23404][gc,age       ] GC(106) - age   4:      11544 bytes,    3036776 total
[2020-09-24T03:37:25.541+0000][23404][gc,age       ] GC(106) - age   5:      13608 bytes,    3050384 total
[2020-09-24T03:37:25.541+0000][23404][gc,age       ] GC(106) - age   6:       1072 bytes,    3051456 total
[2020-09-24T03:37:25.541+0000][23404][gc,age       ] GC(106) - age   7:       2288 bytes,    3053744 total
[2020-09-24T03:37:25.541+0000][23404][gc,age       ] GC(106) - age   8:       2408 bytes,    3056152 total
[2020-09-24T03:37:25.541+0000][23404][gc,age       ] GC(106) - age   9:       2704 bytes,    3058856 total
[2020-09-24T03:37:25.541+0000][23404][gc,age       ] GC(106) - age  10:      25256 bytes,    3084112 total
[2020-09-24T03:37:25.541+0000][23404][gc,age       ] GC(106) - age  11:       1408 bytes,    3085520 total
[2020-09-24T03:37:25.541+0000][23404][gc,age       ] GC(106) - age  12:       2176 bytes,    3087696 total
[2020-09-24T03:37:25.541+0000][23404][gc,age       ] GC(106) - age  13:        928 bytes,    3088624 total
[2020-09-24T03:37:25.541+0000][23404][gc,age       ] GC(106) - age  14:       1104 bytes,    3089728 total
[2020-09-24T03:37:25.541+0000][23404][gc,age       ] GC(106) - age  15:      52704 bytes,    3142432 total
[2020-09-24T03:37:25.541+0000][23404][gc,phases    ] GC(106)   Pre Evacuate Collection Set: 0.4ms
[2020-09-24T03:37:25.541+0000][23404][gc,phases    ] GC(106)   Merge Heap Roots: 0.1ms
[2020-09-24T03:37:25.541+0000][23404][gc,phases    ] GC(106)   Evacuate Collection Set: 2.0ms
[2020-09-24T03:37:25.542+0000][23404][gc,phases    ] GC(106)   Post Evacuate Collection Set: 0.8ms
[2020-09-24T03:37:25.542+0000][23404][gc,phases    ] GC(106)   Other: 0.9ms
[2020-09-24T03:37:25.542+0000][23404][gc,heap      ] GC(106) Eden regions: 106->0(505)
[2020-09-24T03:37:25.542+0000][23404][gc,heap      ] GC(106) Survivor regions: 4->4(64)
[2020-09-24T03:37:25.542+0000][23404][gc,heap      ] GC(106) Old regions: 76->76
[2020-09-24T03:37:25.542+0000][23404][gc,heap      ] GC(106) Archive regions: 0->0
[2020-09-24T03:37:25.542+0000][23404][gc,heap      ] GC(106) Humongous regions: 324->174
[2020-09-24T03:37:25.542+0000][23404][gc,metaspace ] GC(106) Metaspace: 85892K(92288K)->85892K(92288K) NonClass: 74719K(78592K)->74719K(78592K) Class: 11173K(13696K)->11173K(13696K)
[2020-09-24T03:37:25.542+0000][23404][gc           ] GC(106) Pause Young (Concurrent Start) (G1 Humongous Allocation) 509M->252M(1024M) 4.477ms
[2020-09-24T03:37:25.542+0000][23404][gc,cpu       ] GC(106) User=0.13s Sys=0.00s Real=0.01s
[2020-09-24T03:37:25.542+0000][23404][gc           ] GC(107) Concurrent Cycle
[2020-09-24T03:37:25.542+0000][23404][safepoint    ] Safepoint "G1TryInitiateConcMark", Time since last: 169084100 ns, Reaching safepoint: 277700 ns, At safepoint: 4677300 ns, Total: 4955000 ns
[2020-09-24T03:37:25.542+0000][23404][gc,marking   ] GC(107) Concurrent Clear Claimed Marks
[2020-09-24T03:37:25.542+0000][23404][gc,marking   ] GC(107) Concurrent Clear Claimed Marks 0.460ms
[2020-09-24T03:37:25.543+0000][23404][gc,marking   ] GC(107) Concurrent Scan Root Regions
[2020-09-24T03:37:25.545+0000][23404][gc,marking   ] GC(107) Concurrent Scan Root Regions 2.299ms
[2020-09-24T03:37:25.545+0000][23404][gc,marking   ] GC(107) Concurrent Mark (117.979s)
[2020-09-24T03:37:25.545+0000][23404][gc,marking   ] GC(107) Concurrent Mark From Roots
[2020-09-24T03:37:25.545+0000][23404][gc,task      ] GC(107) Using 2 workers of 2 for marking
[2020-09-24T03:37:25.657+0000][23404][gc,marking   ] GC(107) Concurrent Mark From Roots 110.548ms
[2020-09-24T03:37:25.657+0000][23404][gc,marking   ] GC(107) Concurrent Preclean
[2020-09-24T03:37:25.657+0000][23404][gc,marking   ] GC(107) Concurrent Preclean 0.308ms
[2020-09-24T03:37:25.657+0000][23404][gc,marking   ] GC(107) Concurrent Mark (117.979s, 118.090s) 111.029ms
[2020-09-24T03:37:25.657+0000][23404][gc,start     ] GC(107) Pause Remark
[2020-09-24T03:37:25.668+0000][23404][gc           ] GC(107) Pause Remark 328M->328M(1024M) 10.548ms
[2020-09-24T03:37:25.668+0000][23404][gc,cpu       ] GC(107) User=0.13s Sys=0.00s Real=0.01s
[2020-09-24T03:37:25.668+0000][23404][safepoint    ] Safepoint "G1Concurrent", Time since last: 114147100 ns, Reaching safepoint: 222100 ns, At safepoint: 10789100 ns, Total: 11011200 ns
[2020-09-24T03:37:25.668+0000][23404][gc,marking   ] GC(107) Concurrent Rebuild Remembered Sets
[2020-09-24T03:37:25.744+0000][23404][gc,marking   ] GC(107) Concurrent Rebuild Remembered Sets 75.752ms
[2020-09-24T03:37:25.744+0000][23404][gc,start     ] GC(107) Pause Cleanup
[2020-09-24T03:37:25.745+0000][23404][gc           ] GC(107) Pause Cleanup 330M->330M(1024M) 0.331ms
[2020-09-24T03:37:25.745+0000][23404][gc,cpu       ] GC(107) User=0.00s Sys=0.00s Real=0.00s
[2020-09-24T03:37:25.746+0000][23404][safepoint    ] Safepoint "G1Concurrent", Time since last: 75941800 ns, Reaching safepoint: 375600 ns, At safepoint: 1548000 ns, Total: 1923600 ns
[2020-09-24T03:37:25.746+0000][23404][gc,marking   ] GC(107) Concurrent Cleanup for Next Mark
[2020-09-24T03:37:25.748+0000][23404][gc,marking   ] GC(107) Concurrent Cleanup for Next Mark 1.947ms
[2020-09-24T03:37:25.748+0000][23404][gc           ] GC(107) Concurrent Cycle 205.323ms
[2020-09-24T03:37:26.212+0000][23404][safepoint    ] Safepoint "ICBufferFull", Time since last: 465973600 ns, Reaching safepoint: 241500 ns, At safepoint: 39100 ns, Total: 280600 ns
[2020-09-24T03:37:26.336+0000][23404][gc,start     ] GC(108) Pause Young (Concurrent Start) (G1 Humongous Allocation)
[2020-09-24T03:37:26.337+0000][23404][gc,task      ] GC(108) Using 8 workers of 8 for evacuation
[2020-09-24T03:37:26.337+0000][23404][gc,age       ] GC(108) Desired survivor size 33554432 bytes, new threshold 15 (max threshold 15)
[2020-09-24T03:37:26.340+0000][23404][gc,age       ] GC(108) Age table with threshold 15 (max threshold 15)
[2020-09-24T03:37:26.340+0000][23404][gc,age       ] GC(108) - age   1:    3382976 bytes,    3382976 total
[2020-09-24T03:37:26.340+0000][23404][gc,age       ] GC(108) - age   2:     225752 bytes,    3608728 total
[2020-09-24T03:37:26.340+0000][23404][gc,age       ] GC(108) - age   3:       5072 bytes,    3613800 total
[2020-09-24T03:37:26.340+0000][23404][gc,age       ] GC(108) - age   4:       2008 bytes,    3615808 total
[2020-09-24T03:37:26.340+0000][23404][gc,age       ] GC(108) - age   5:      11544 bytes,    3627352 total
[2020-09-24T03:37:26.340+0000][23404][gc,age       ] GC(108) - age   6:      11064 bytes,    3638416 total
[2020-09-24T03:37:26.341+0000][23404][gc,age       ] GC(108) - age   7:        976 bytes,    3639392 total
[2020-09-24T03:37:26.341+0000][23404][gc,age       ] GC(108) - age   8:       2288 bytes,    3641680 total
[2020-09-24T03:37:26.341+0000][23404][gc,age       ] GC(108) - age   9:       2408 bytes,    3644088 total
[2020-09-24T03:37:26.341+0000][23404][gc,age       ] GC(108) - age  10:       2640 bytes,    3646728 total
[2020-09-24T03:37:26.341+0000][23404][gc,age       ] GC(108) - age  11:      25224 bytes,    3671952 total
[2020-09-24T03:37:26.341+0000][23404][gc,age       ] GC(108) - age  12:       1408 bytes,    3673360 total
[2020-09-24T03:37:26.341+0000][23404][gc,age       ] GC(108) - age  13:       2144 bytes,    3675504 total
[2020-09-24T03:37:26.341+0000][23404][gc,age       ] GC(108) - age  14:        800 bytes,    3676304 total
[2020-09-24T03:37:26.341+0000][23404][gc,age       ] GC(108) - age  15:       1104 bytes,    3677408 total
[2020-09-24T03:37:26.341+0000][23404][gc,phases    ] GC(108)   Pre Evacuate Collection Set: 0.4ms
[2020-09-24T03:37:26.341+0000][23404][gc,phases    ] GC(108)   Merge Heap Roots: 0.1ms
[2020-09-24T03:37:26.341+0000][23404][gc,phases    ] GC(108)   Evacuate Collection Set: 2.4ms
[2020-09-24T03:37:26.341+0000][23404][gc,phases    ] GC(108)   Post Evacuate Collection Set: 0.7ms
[2020-09-24T03:37:26.341+0000][23404][gc,phases    ] GC(108)   Other: 0.7ms
[2020-09-24T03:37:26.341+0000][23404][gc,heap      ] GC(108) Eden regions: 80->0(505)
[2020-09-24T03:37:26.341+0000][23404][gc,heap      ] GC(108) Survivor regions: 4->4(64)
[2020-09-24T03:37:26.341+0000][23404][gc,heap      ] GC(108) Old regions: 76->76
[2020-09-24T03:37:26.341+0000][23404][gc,heap      ] GC(108) Archive regions: 0->0
[2020-09-24T03:37:26.341+0000][23404][gc,heap      ] GC(108) Humongous regions: 231->174
[2020-09-24T03:37:26.341+0000][23404][gc,metaspace ] GC(108) Metaspace: 86277K(92544K)->86277K(92544K) NonClass: 75121K(78848K)->75121K(78848K) Class: 11155K(13696K)->11155K(13696K)
[2020-09-24T03:37:26.341+0000][23404][gc           ] GC(108) Pause Young (Concurrent Start) (G1 Humongous Allocation) 389M->253M(1024M) 4.604ms
[2020-09-24T03:37:26.341+0000][23404][gc,cpu       ] GC(108) User=0.05s Sys=0.00s Real=0.01s
[2020-09-24T03:37:26.341+0000][23404][gc           ] GC(109) Concurrent Cycle
[2020-09-24T03:37:26.341+0000][23404][gc,marking   ] GC(109) Concurrent Clear Claimed Marks
[2020-09-24T03:37:26.341+0000][23404][safepoint    ] Safepoint "G1TryInitiateConcMark", Time since last: 124161900 ns, Reaching safepoint: 304200 ns, At safepoint: 4902000 ns, Total: 5206200 ns
[2020-09-24T03:37:26.342+0000][23404][gc,marking   ] GC(109) Concurrent Clear Claimed Marks 0.514ms
[2020-09-24T03:37:26.342+0000][23404][gc,marking   ] GC(109) Concurrent Scan Root Regions
[2020-09-24T03:37:26.345+0000][23404][gc,marking   ] GC(109) Concurrent Scan Root Regions 2.831ms
[2020-09-24T03:37:26.345+0000][23404][gc,marking   ] GC(109) Concurrent Mark (118.778s)
[2020-09-24T03:37:26.345+0000][23404][gc,marking   ] GC(109) Concurrent Mark From Roots
[2020-09-24T03:37:26.345+0000][23404][gc,task      ] GC(109) Using 2 workers of 2 for marking
[2020-09-24T03:37:26.456+0000][23404][gc,marking   ] GC(109) Concurrent Mark From Roots 110.776ms
[2020-09-24T03:37:26.456+0000][23404][gc,marking   ] GC(109) Concurrent Preclean
[2020-09-24T03:37:26.456+0000][23404][gc,marking   ] GC(109) Concurrent Preclean 0.313ms
[2020-09-24T03:37:26.456+0000][23404][gc,marking   ] GC(109) Concurrent Mark (118.778s, 118.890s) 111.235ms
[2020-09-24T03:37:26.456+0000][23404][gc,start     ] GC(109) Pause Remark
[2020-09-24T03:37:26.461+0000][23404][gc           ] GC(109) Pause Remark 339M->339M(1024M) 4.408ms
[2020-09-24T03:37:26.461+0000][23404][gc,cpu       ] GC(109) User=0.00s Sys=0.00s Real=0.00s
[2020-09-24T03:37:26.461+0000][23404][safepoint    ] Safepoint "G1Concurrent", Time since last: 114736400 ns, Reaching safepoint: 214100 ns, At safepoint: 4653900 ns, Total: 4868000 ns
[2020-09-24T03:37:26.461+0000][23404][gc,marking   ] GC(109) Concurrent Rebuild Remembered Sets
[2020-09-24T03:37:26.536+0000][23404][gc,marking   ] GC(109) Concurrent Rebuild Remembered Sets 74.752ms
[2020-09-24T03:37:26.536+0000][23404][gc,start     ] GC(109) Pause Cleanup
[2020-09-24T03:37:26.536+0000][23404][gc           ] GC(109) Pause Cleanup 343M->343M(1024M) 0.263ms
[2020-09-24T03:37:26.536+0000][23404][gc,cpu       ] GC(109) User=0.00s Sys=0.00s Real=0.00s
[2020-09-24T03:37:26.537+0000][23404][safepoint    ] Safepoint "G1Concurrent", Time since last: 74946300 ns, Reaching safepoint: 239500 ns, At safepoint: 446700 ns, Total: 686200 ns
[2020-09-24T03:37:26.537+0000][23404][gc,marking   ] GC(109) Concurrent Cleanup for Next Mark
[2020-09-24T03:37:26.538+0000][23404][gc,marking   ] GC(109) Concurrent Cleanup for Next Mark 1.632ms
[2020-09-24T03:37:26.538+0000][23404][gc           ] GC(109) Concurrent Cycle 197.232ms
[2020-09-24T03:37:26.605+0000][23404][gc,start     ] GC(110) Pause Young (Concurrent Start) (G1 Humongous Allocation)
[2020-09-24T03:37:26.605+0000][23404][gc,task      ] GC(110) Using 8 workers of 8 for evacuation
[2020-09-24T03:37:26.605+0000][23404][gc,age       ] GC(110) Desired survivor size 33554432 bytes, new threshold 15 (max threshold 15)
[2020-09-24T03:37:26.609+0000][23404][gc,age       ] GC(110) Age table with threshold 15 (max threshold 15)
[2020-09-24T03:37:26.609+0000][23404][gc,age       ] GC(110) - age   1:    2285200 bytes,    2285200 total
[2020-09-24T03:37:26.609+0000][23404][gc,age       ] GC(110) - age   2:     278544 bytes,    2563744 total
[2020-09-24T03:37:26.609+0000][23404][gc,age       ] GC(110) - age   3:     223600 bytes,    2787344 total
[2020-09-24T03:37:26.609+0000][23404][gc,age       ] GC(110) - age   4:       5008 bytes,    2792352 total
[2020-09-24T03:37:26.609+0000][23404][gc,age       ] GC(110) - age   5:       1912 bytes,    2794264 total
[2020-09-24T03:37:26.609+0000][23404][gc,age       ] GC(110) - age   6:      11544 bytes,    2805808 total
[2020-09-24T03:37:26.609+0000][23404][gc,age       ] GC(110) - age   7:      10888 bytes,    2816696 total
[2020-09-24T03:37:26.609+0000][23404][gc,age       ] GC(110) - age   8:        912 bytes,    2817608 total
[2020-09-24T03:37:26.609+0000][23404][gc,age       ] GC(110) - age   9:       2288 bytes,    2819896 total
[2020-09-24T03:37:26.609+0000][23404][gc,age       ] GC(110) - age  10:       2408 bytes,    2822304 total
[2020-09-24T03:37:26.609+0000][23404][gc,age       ] GC(110) - age  11:       2640 bytes,    2824944 total
[2020-09-24T03:37:26.609+0000][23404][gc,age       ] GC(110) - age  12:      25224 bytes,    2850168 total
[2020-09-24T03:37:26.609+0000][23404][gc,age       ] GC(110) - age  13:       1408 bytes,    2851576 total
[2020-09-24T03:37:26.609+0000][23404][gc,age       ] GC(110) - age  14:       2144 bytes,    2853720 total
[2020-09-24T03:37:26.609+0000][23404][gc,age       ] GC(110) - age  15:        800 bytes,    2854520 total
[2020-09-24T03:37:26.609+0000][23404][gc,phases    ] GC(110)   Pre Evacuate Collection Set: 0.6ms
[2020-09-24T03:37:26.610+0000][23404][gc,phases    ] GC(110)   Merge Heap Roots: 0.1ms
[2020-09-24T03:37:26.610+0000][23404][gc,phases    ] GC(110)   Evacuate Collection Set: 1.9ms
[2020-09-24T03:37:26.610+0000][23404][gc,phases    ] GC(110)   Post Evacuate Collection Set: 0.8ms
[2020-09-24T03:37:26.610+0000][23404][gc,phases    ] GC(110)   Other: 1.0ms
[2020-09-24T03:37:26.610+0000][23404][gc,heap      ] GC(110) Eden regions: 53->0(506)
[2020-09-24T03:37:26.610+0000][23404][gc,heap      ] GC(110) Survivor regions: 4->3(64)
[2020-09-24T03:37:26.610+0000][23404][gc,heap      ] GC(110) Old regions: 76->76
[2020-09-24T03:37:26.610+0000][23404][gc,heap      ] GC(110) Archive regions: 0->0
[2020-09-24T03:37:26.610+0000][23404][gc,heap      ] GC(110) Humongous regions: 231->174
[2020-09-24T03:37:26.610+0000][23404][gc,metaspace ] GC(110) Metaspace: 86368K(92544K)->86368K(92544K) NonClass: 75207K(78848K)->75207K(78848K) Class: 11160K(13696K)->11160K(13696K)
[2020-09-24T03:37:26.610+0000][23404][gc           ] GC(110) Pause Young (Concurrent Start) (G1 Humongous Allocation) 363M->252M(1024M) 4.925ms
[2020-09-24T03:37:26.610+0000][23404][gc,cpu       ] GC(110) User=0.00s Sys=0.00s Real=0.00s
[2020-09-24T03:37:26.610+0000][23404][gc           ] GC(111) Concurrent Cycle
[2020-09-24T03:37:26.610+0000][23404][gc,marking   ] GC(111) Concurrent Clear Claimed Marks
[2020-09-24T03:37:26.610+0000][23404][gc,marking   ] GC(111) Concurrent Clear Claimed Marks 0.301ms
[2020-09-24T03:37:26.611+0000][23404][gc,marking   ] GC(111) Concurrent Scan Root Regions
[2020-09-24T03:37:26.611+0000][23404][safepoint    ] Safepoint "G1TryInitiateConcMark", Time since last: 68265300 ns, Reaching safepoint: 226900 ns, At safepoint: 5595300 ns, Total: 5822200 ns
[2020-09-24T03:37:26.613+0000][23404][gc,marking   ] GC(111) Concurrent Scan Root Regions 2.227ms
[2020-09-24T03:37:26.613+0000][23404][gc,marking   ] GC(111) Concurrent Mark (119.047s)
[2020-09-24T03:37:26.613+0000][23404][gc,marking   ] GC(111) Concurrent Mark From Roots
[2020-09-24T03:37:26.613+0000][23404][gc,task      ] GC(111) Using 2 workers of 2 for marking
[2020-09-24T03:37:26.715+0000][23404][safepoint    ] Safepoint "ICBufferFull", Time since last: 104049100 ns, Reaching safepoint: 355900 ns, At safepoint: 46000 ns, Total: 401900 ns
[2020-09-24T03:37:26.757+0000][23404][gc,marking   ] GC(111) Concurrent Mark From Roots 143.959ms
[2020-09-24T03:37:26.757+0000][23404][gc,marking   ] GC(111) Concurrent Preclean
[2020-09-24T03:37:26.758+0000][23404][gc,marking   ] GC(111) Concurrent Preclean 0.576ms
[2020-09-24T03:37:26.758+0000][23404][gc,marking   ] GC(111) Concurrent Mark (119.047s, 119.191s) 144.724ms
[2020-09-24T03:37:26.758+0000][23404][gc,start     ] GC(111) Pause Remark
[2020-09-24T03:37:26.763+0000][23404][gc           ] GC(111) Pause Remark 388M->388M(1024M) 5.965ms
[2020-09-24T03:37:26.764+0000][23404][gc,cpu       ] GC(111) User=0.13s Sys=0.00s Real=0.01s
[2020-09-24T03:37:26.765+0000][23404][safepoint    ] Safepoint "G1Concurrent", Time since last: 42631300 ns, Reaching safepoint: 279400 ns, At safepoint: 7476800 ns, Total: 7756200 ns
[2020-09-24T03:37:26.765+0000][23404][gc,marking   ] GC(111) Concurrent Rebuild Remembered Sets
[2020-09-24T03:37:26.856+0000][23404][gc,marking   ] GC(111) Concurrent Rebuild Remembered Sets 91.030ms
[2020-09-24T03:37:26.856+0000][23404][gc,start     ] GC(111) Pause Cleanup
[2020-09-24T03:37:26.857+0000][23404][gc           ] GC(111) Pause Cleanup 415M->415M(1024M) 0.326ms
[2020-09-24T03:37:26.857+0000][23404][gc,cpu       ] GC(111) User=0.00s Sys=0.00s Real=0.00s
[2020-09-24T03:37:26.857+0000][23404][safepoint    ] Safepoint "G1Concurrent", Time since last: 91422400 ns, Reaching safepoint: 156500 ns, At safepoint: 500200 ns, Total: 656700 ns
[2020-09-24T03:37:26.857+0000][23404][gc,marking   ] GC(111) Concurrent Cleanup for Next Mark
[2020-09-24T03:37:26.859+0000][23404][gc,marking   ] GC(111) Concurrent Cleanup for Next Mark 1.696ms
[2020-09-24T03:37:26.859+0000][23404][gc           ] GC(111) Concurrent Cycle 249.282ms
[2020-09-24T03:37:26.875+0000][23404][gc,start     ] GC(112) Pause Young (Concurrent Start) (G1 Humongous Allocation)
[2020-09-24T03:37:26.875+0000][23404][gc,task      ] GC(112) Using 8 workers of 8 for evacuation
[2020-09-24T03:37:26.875+0000][23404][gc,age       ] GC(112) Desired survivor size 33554432 bytes, new threshold 15 (max threshold 15)
[2020-09-24T03:37:26.879+0000][23404][gc,age       ] GC(112) Age table with threshold 15 (max threshold 15)
[2020-09-24T03:37:26.879+0000][23404][gc,age       ] GC(112) - age   1:     187720 bytes,     187720 total
[2020-09-24T03:37:26.879+0000][23404][gc,age       ] GC(112) - age   2:      62496 bytes,     250216 total
[2020-09-24T03:37:26.879+0000][23404][gc,age       ] GC(112) - age   3:     275656 bytes,     525872 total
[2020-09-24T03:37:26.879+0000][23404][gc,age       ] GC(112) - age   4:     223504 bytes,     749376 total
[2020-09-24T03:37:26.879+0000][23404][gc,age       ] GC(112) - age   5:       4976 bytes,     754352 total
[2020-09-24T03:37:26.879+0000][23404][gc,age       ] GC(112) - age   6:       1912 bytes,     756264 total
[2020-09-24T03:37:26.879+0000][23404][gc,age       ] GC(112) - age   7:      11544 bytes,     767808 total
[2020-09-24T03:37:26.879+0000][23404][gc,age       ] GC(112) - age   8:      10856 bytes,     778664 total
[2020-09-24T03:37:26.879+0000][23404][gc,age       ] GC(112) - age   9:        848 bytes,     779512 total
[2020-09-24T03:37:26.879+0000][23404][gc,age       ] GC(112) - age  10:       2288 bytes,     781800 total
[2020-09-24T03:37:26.879+0000][23404][gc,age       ] GC(112) - age  11:       2376 bytes,     784176 total
[2020-09-24T03:37:26.879+0000][23404][gc,age       ] GC(112) - age  12:       2640 bytes,     786816 total
[2020-09-24T03:37:26.879+0000][23404][gc,age       ] GC(112) - age  13:      25224 bytes,     812040 total
[2020-09-24T03:37:26.879+0000][23404][gc,age       ] GC(112) - age  14:       1408 bytes,     813448 total
[2020-09-24T03:37:26.879+0000][23404][gc,age       ] GC(112) - age  15:       2144 bytes,     815592 total
[2020-09-24T03:37:26.879+0000][23404][gc,phases    ] GC(112)   Pre Evacuate Collection Set: 0.4ms
[2020-09-24T03:37:26.879+0000][23404][gc,phases    ] GC(112)   Merge Heap Roots: 0.1ms
[2020-09-24T03:37:26.879+0000][23404][gc,phases    ] GC(112)   Evacuate Collection Set: 2.3ms
[2020-09-24T03:37:26.879+0000][23404][gc,phases    ] GC(112)   Post Evacuate Collection Set: 0.8ms
[2020-09-24T03:37:26.880+0000][23404][gc,phases    ] GC(112)   Other: 1.1ms
[2020-09-24T03:37:26.880+0000][23404][gc,heap      ] GC(112) Eden regions: 86->0(510)
[2020-09-24T03:37:26.880+0000][23404][gc,heap      ] GC(112) Survivor regions: 3->1(64)
[2020-09-24T03:37:26.880+0000][23404][gc,heap      ] GC(112) Old regions: 76->76
[2020-09-24T03:37:26.880+0000][23404][gc,heap      ] GC(112) Archive regions: 0->0
[2020-09-24T03:37:26.880+0000][23404][gc,heap      ] GC(112) Humongous regions: 254->174
[2020-09-24T03:37:26.880+0000][23404][gc,metaspace ] GC(112) Metaspace: 86432K(92544K)->86432K(92544K) NonClass: 75271K(78848K)->75271K(78848K) Class: 11160K(13696K)->11160K(13696K)
[2020-09-24T03:37:26.880+0000][23404][gc           ] GC(112) Pause Young (Concurrent Start) (G1 Humongous Allocation) 418M->250M(1024M) 5.131ms
[2020-09-24T03:37:26.880+0000][23404][gc,cpu       ] GC(112) User=0.00s Sys=0.00s Real=0.01s
[2020-09-24T03:37:26.880+0000][23404][gc           ] GC(113) Concurrent Cycle
[2020-09-24T03:37:26.880+0000][23404][safepoint    ] Safepoint "G1TryInitiateConcMark", Time since last: 17563900 ns, Reaching safepoint: 144300 ns, At safepoint: 5348500 ns, Total: 5492800 ns
[2020-09-24T03:37:26.880+0000][23404][gc,marking   ] GC(113) Concurrent Clear Claimed Marks
[2020-09-24T03:37:26.881+0000][23404][gc,marking   ] GC(113) Concurrent Clear Claimed Marks 0.511ms
[2020-09-24T03:37:26.881+0000][23404][gc,marking   ] GC(113) Concurrent Scan Root Regions
[2020-09-24T03:37:26.884+0000][23404][gc,marking   ] GC(113) Concurrent Scan Root Regions 3.602ms
[2020-09-24T03:37:26.884+0000][23404][gc,marking   ] GC(113) Concurrent Mark (119.319s)
[2020-09-24T03:37:26.884+0000][23404][gc,marking   ] GC(113) Concurrent Mark From Roots
[2020-09-24T03:37:26.884+0000][23404][gc,task      ] GC(113) Using 2 workers of 2 for marking
[2020-09-24T03:37:27.040+0000][23404][gc,marking   ] GC(113) Concurrent Mark From Roots 155.822ms
[2020-09-24T03:37:27.040+0000][23404][gc,marking   ] GC(113) Concurrent Preclean
[2020-09-24T03:37:27.041+0000][23404][gc,marking   ] GC(113) Concurrent Preclean 0.539ms
[2020-09-24T03:37:27.041+0000][23404][gc,marking   ] GC(113) Concurrent Mark (119.319s, 119.475s) 156.570ms
[2020-09-24T03:37:27.041+0000][23404][gc,start     ] GC(113) Pause Remark
[2020-09-24T03:37:27.047+0000][23404][gc           ] GC(113) Pause Remark 351M->351M(1024M) 5.903ms
[2020-09-24T03:37:27.047+0000][23404][gc,cpu       ] GC(113) User=0.00s Sys=0.00s Real=0.01s
[2020-09-24T03:37:27.048+0000][23404][safepoint    ] Safepoint "G1Concurrent", Time since last: 160949400 ns, Reaching safepoint: 229700 ns, At safepoint: 6470400 ns, Total: 6700100 ns
[2020-09-24T03:37:27.048+0000][23404][gc,marking   ] GC(113) Concurrent Rebuild Remembered Sets
[2020-09-24T03:37:27.138+0000][23404][gc,marking   ] GC(113) Concurrent Rebuild Remembered Sets 89.636ms
[2020-09-24T03:37:27.138+0000][23404][gc,start     ] GC(113) Pause Cleanup
[2020-09-24T03:37:27.139+0000][23404][gc           ] GC(113) Pause Cleanup 431M->431M(1024M) 0.375ms
[2020-09-24T03:37:27.139+0000][23404][gc,cpu       ] GC(113) User=0.00s Sys=0.00s Real=0.00s
[2020-09-24T03:37:27.139+0000][23404][safepoint    ] Safepoint "G1Concurrent", Time since last: 90203500 ns, Reaching safepoint: 433800 ns, At safepoint: 1001000 ns, Total: 1434800 ns
[2020-09-24T03:37:27.139+0000][23404][gc,marking   ] GC(113) Concurrent Cleanup for Next Mark
[2020-09-24T03:37:27.142+0000][23404][gc,marking   ] GC(113) Concurrent Cleanup for Next Mark 2.199ms
[2020-09-24T03:37:27.142+0000][23404][gc           ] GC(113) Concurrent Cycle 261.759ms
[2020-09-24T03:37:27.146+0000][23404][gc,start     ] GC(114) Pause Young (Concurrent Start) (G1 Humongous Allocation)
[2020-09-24T03:37:27.146+0000][23404][gc,task      ] GC(114) Using 8 workers of 8 for evacuation
[2020-09-24T03:37:27.147+0000][23404][gc,age       ] GC(114) Desired survivor size 33554432 bytes, new threshold 15 (max threshold 15)
[2020-09-24T03:37:27.151+0000][23404][gc,age       ] GC(114) Age table with threshold 15 (max threshold 15)
[2020-09-24T03:37:27.151+0000][23404][gc,age       ] GC(114) - age   1:    1067232 bytes,    1067232 total
[2020-09-24T03:37:27.151+0000][23404][gc,age       ] GC(114) - age   2:      21576 bytes,    1088808 total
[2020-09-24T03:37:27.151+0000][23404][gc,age       ] GC(114) - age   3:      62080 bytes,    1150888 total
[2020-09-24T03:37:27.151+0000][23404][gc,age       ] GC(114) - age   4:     274776 bytes,    1425664 total
[2020-09-24T03:37:27.151+0000][23404][gc,age       ] GC(114) - age   5:     223408 bytes,    1649072 total
[2020-09-24T03:37:27.151+0000][23404][gc,age       ] GC(114) - age   6:       4912 bytes,    1653984 total
[2020-09-24T03:37:27.151+0000][23404][gc,age       ] GC(114) - age   7:       1912 bytes,    1655896 total
[2020-09-24T03:37:27.151+0000][23404][gc,age       ] GC(114) - age   8:      11512 bytes,    1667408 total
[2020-09-24T03:37:27.151+0000][23404][gc,age       ] GC(114) - age   9:      10856 bytes,    1678264 total
[2020-09-24T03:37:27.151+0000][23404][gc,age       ] GC(114) - age  10:        848 bytes,    1679112 total
[2020-09-24T03:37:27.151+0000][23404][gc,age       ] GC(114) - age  11:       2288 bytes,    1681400 total
[2020-09-24T03:37:27.151+0000][23404][gc,age       ] GC(114) - age  12:       2376 bytes,    1683776 total
[2020-09-24T03:37:27.151+0000][23404][gc,age       ] GC(114) - age  13:       2608 bytes,    1686384 total
[2020-09-24T03:37:27.151+0000][23404][gc,age       ] GC(114) - age  14:      25192 bytes,    1711576 total
[2020-09-24T03:37:27.151+0000][23404][gc,age       ] GC(114) - age  15:       1280 bytes,    1712856 total
[2020-09-24T03:37:27.152+0000][23404][gc,phases    ] GC(114)   Pre Evacuate Collection Set: 0.4ms
[2020-09-24T03:37:27.152+0000][23404][gc,phases    ] GC(114)   Merge Heap Roots: 0.1ms
[2020-09-24T03:37:27.152+0000][23404][gc,phases    ] GC(114)   Evacuate Collection Set: 2.7ms
[2020-09-24T03:37:27.152+0000][23404][gc,phases    ] GC(114)   Post Evacuate Collection Set: 0.8ms
[2020-09-24T03:37:27.152+0000][23404][gc,phases    ] GC(114)   Other: 1.2ms
[2020-09-24T03:37:27.152+0000][23404][gc,heap      ] GC(114) Eden regions: 83->0(508)
[2020-09-24T03:37:27.152+0000][23404][gc,heap      ] GC(114) Survivor regions: 1->2(64)
[2020-09-24T03:37:27.152+0000][23404][gc,heap      ] GC(114) Old regions: 76->76
[2020-09-24T03:37:27.152+0000][23404][gc,heap      ] GC(114) Archive regions: 0->0
[2020-09-24T03:37:27.152+0000][23404][gc,heap      ] GC(114) Humongous regions: 274->174
[2020-09-24T03:37:27.152+0000][23404][gc,metaspace ] GC(114) Metaspace: 86542K(92800K)->86542K(92800K) NonClass: 75381K(79104K)->75381K(79104K) Class: 11160K(13696K)->11160K(13696K)
[2020-09-24T03:37:27.152+0000][23404][gc           ] GC(114) Pause Young (Concurrent Start) (G1 Humongous Allocation) 433M->251M(1024M) 5.592ms
[2020-09-24T03:37:27.152+0000][23404][gc,cpu       ] GC(114) User=0.13s Sys=0.00s Real=0.01s
[2020-09-24T03:37:27.152+0000][23404][gc           ] GC(115) Concurrent Cycle
[2020-09-24T03:37:27.152+0000][23404][gc,marking   ] GC(115) Concurrent Clear Claimed Marks
[2020-09-24T03:37:27.152+0000][23404][safepoint    ] Safepoint "G1TryInitiateConcMark", Time since last: 6835500 ns, Reaching safepoint: 223700 ns, At safepoint: 5930700 ns, Total: 6154400 ns
[2020-09-24T03:37:27.153+0000][23404][gc,marking   ] GC(115) Concurrent Clear Claimed Marks 0.347ms
[2020-09-24T03:37:27.153+0000][23404][gc,marking   ] GC(115) Concurrent Scan Root Regions
[2020-09-24T03:37:27.155+0000][23404][gc,marking   ] GC(115) Concurrent Scan Root Regions 1.963ms
[2020-09-24T03:37:27.155+0000][23404][gc,marking   ] GC(115) Concurrent Mark (119.589s)
[2020-09-24T03:37:27.155+0000][23404][gc,marking   ] GC(115) Concurrent Mark From Roots
[2020-09-24T03:37:27.155+0000][23404][gc,task      ] GC(115) Using 2 workers of 2 for marking
[2020-09-24T03:37:27.312+0000][23404][gc,marking   ] GC(115) Concurrent Mark From Roots 157.342ms
[2020-09-24T03:37:27.312+0000][23404][gc,marking   ] GC(115) Concurrent Preclean
[2020-09-24T03:37:27.313+0000][23404][gc,marking   ] GC(115) Concurrent Preclean 0.663ms
[2020-09-24T03:37:27.313+0000][23404][gc,marking   ] GC(115) Concurrent Mark (119.589s, 119.747s) 158.308ms
[2020-09-24T03:37:27.313+0000][23404][gc,start     ] GC(115) Pause Remark
[2020-09-24T03:37:27.319+0000][23404][gc           ] GC(115) Pause Remark 317M->317M(1024M) 5.542ms
[2020-09-24T03:37:27.319+0000][23404][gc,cpu       ] GC(115) User=0.00s Sys=0.00s Real=0.01s
[2020-09-24T03:37:27.321+0000][23404][safepoint    ] Safepoint "G1Concurrent", Time since last: 160787400 ns, Reaching safepoint: 481300 ns, At safepoint: 7177000 ns, Total: 7658300 ns
[2020-09-24T03:37:27.321+0000][23404][gc,marking   ] GC(115) Concurrent Rebuild Remembered Sets
[2020-09-24T03:37:27.420+0000][23404][gc,marking   ] GC(115) Concurrent Rebuild Remembered Sets 98.755ms
[2020-09-24T03:37:27.424+0000][23404][gc,start     ] GC(115) Pause Cleanup
[2020-09-24T03:37:27.424+0000][23404][gc           ] GC(115) Pause Cleanup 360M->360M(1024M) 0.537ms
[2020-09-24T03:37:27.424+0000][23404][gc,cpu       ] GC(115) User=0.00s Sys=0.00s Real=0.00s
[2020-09-24T03:37:27.425+0000][23404][safepoint    ] Safepoint "G1Concurrent", Time since last: 99261500 ns, Reaching safepoint: 3787800 ns, At safepoint: 1145600 ns, Total: 4933400 ns
[2020-09-24T03:37:27.425+0000][23404][gc,marking   ] GC(115) Concurrent Cleanup for Next Mark
[2020-09-24T03:37:27.427+0000][23404][gc,marking   ] GC(115) Concurrent Cleanup for Next Mark 2.449ms
[2020-09-24T03:37:27.428+0000][23404][gc           ] GC(115) Concurrent Cycle 275.674ms
[2020-09-24T03:37:27.471+0000][23404][gc,start     ] GC(116) Pause Young (Concurrent Start) (G1 Humongous Allocation)
[2020-09-24T03:37:27.471+0000][23404][gc,task      ] GC(116) Using 8 workers of 8 for evacuation
[2020-09-24T03:37:27.471+0000][23404][gc,age       ] GC(116) Desired survivor size 33554432 bytes, new threshold 15 (max threshold 15)
[2020-09-24T03:37:27.478+0000][23404][gc,age       ] GC(116) Age table with threshold 15 (max threshold 15)
[2020-09-24T03:37:27.479+0000][23404][gc,age       ] GC(116) - age   1:     135016 bytes,     135016 total
[2020-09-24T03:37:27.479+0000][23404][gc,age       ] GC(116) - age   2:       2648 bytes,     137664 total
[2020-09-24T03:37:27.479+0000][23404][gc,age       ] GC(116) - age   3:      20872 bytes,     158536 total
[2020-09-24T03:37:27.479+0000][23404][gc,age       ] GC(116) - age   4:      61944 bytes,     220480 total
[2020-09-24T03:37:27.479+0000][23404][gc,age       ] GC(116) - age   5:     274104 bytes,     494584 total
[2020-09-24T03:37:27.479+0000][23404][gc,age       ] GC(116) - age   6:     223312 bytes,     717896 total
[2020-09-24T03:37:27.479+0000][23404][gc,age       ] GC(116) - age   7:       4912 bytes,     722808 total
[2020-09-24T03:37:27.479+0000][23404][gc,age       ] GC(116) - age   8:       1880 bytes,     724688 total
[2020-09-24T03:37:27.479+0000][23404][gc,age       ] GC(116) - age   9:      11480 bytes,     736168 total
[2020-09-24T03:37:27.479+0000][23404][gc,age       ] GC(116) - age  10:      10824 bytes,     746992 total
[2020-09-24T03:37:27.479+0000][23404][gc,age       ] GC(116) - age  11:        784 bytes,     747776 total
[2020-09-24T03:37:27.479+0000][23404][gc,age       ] GC(116) - age  12:       2256 bytes,     750032 total
[2020-09-24T03:37:27.479+0000][23404][gc,age       ] GC(116) - age  13:       2344 bytes,     752376 total
[2020-09-24T03:37:27.479+0000][23404][gc,age       ] GC(116) - age  14:       2544 bytes,     754920 total
[2020-09-24T03:37:27.479+0000][23404][gc,age       ] GC(116) - age  15:      25160 bytes,     780080 total
[2020-09-24T03:37:27.479+0000][23404][gc,phases    ] GC(116)   Pre Evacuate Collection Set: 0.5ms
[2020-09-24T03:37:27.479+0000][23404][gc,phases    ] GC(116)   Merge Heap Roots: 1.8ms
[2020-09-24T03:37:27.479+0000][23404][gc,phases    ] GC(116)   Evacuate Collection Set: 3.5ms
[2020-09-24T03:37:27.479+0000][23404][gc,phases    ] GC(116)   Post Evacuate Collection Set: 0.9ms
[2020-09-24T03:37:27.479+0000][23404][gc,phases    ] GC(116)   Other: 1.2ms
[2020-09-24T03:37:27.479+0000][23404][gc,heap      ] GC(116) Eden regions: 66->0(511)
[2020-09-24T03:37:27.479+0000][23404][gc,heap      ] GC(116) Survivor regions: 2->1(64)
[2020-09-24T03:37:27.479+0000][23404][gc,heap      ] GC(116) Old regions: 76->76
[2020-09-24T03:37:27.479+0000][23404][gc,heap      ] GC(116) Archive regions: 0->0
[2020-09-24T03:37:27.479+0000][23404][gc,heap      ] GC(116) Humongous regions: 231->174
[2020-09-24T03:37:27.479+0000][23404][gc,metaspace ] GC(116) Metaspace: 86559K(92800K)->86559K(92800K) NonClass: 75398K(79104K)->75398K(79104K) Class: 11160K(13696K)->11160K(13696K)
[2020-09-24T03:37:27.479+0000][23404][gc           ] GC(116) Pause Young (Concurrent Start) (G1 Humongous Allocation) 373M->250M(1024M) 8.264ms
[2020-09-24T03:37:27.479+0000][23404][gc,cpu       ] GC(116) User=0.06s Sys=0.00s Real=0.01s
[2020-09-24T03:37:27.479+0000][23404][gc           ] GC(117) Concurrent Cycle
[2020-09-24T03:37:27.479+0000][23404][gc,marking   ] GC(117) Concurrent Clear Claimed Marks
[2020-09-24T03:37:27.480+0000][23404][safepoint    ] Safepoint "G1TryInitiateConcMark", Time since last: 45692400 ns, Reaching safepoint: 183400 ns, At safepoint: 8974000 ns, Total: 9157400 ns
[2020-09-24T03:37:27.480+0000][23404][gc,marking   ] GC(117) Concurrent Clear Claimed Marks 0.493ms
[2020-09-24T03:37:27.480+0000][23404][gc,marking   ] GC(117) Concurrent Scan Root Regions
[2020-09-24T03:37:27.483+0000][23404][gc,marking   ] GC(117) Concurrent Scan Root Regions 3.676ms
[2020-09-24T03:37:27.484+0000][23404][gc,marking   ] GC(117) Concurrent Mark (119.918s)
[2020-09-24T03:37:27.484+0000][23404][gc,marking   ] GC(117) Concurrent Mark From Roots
[2020-09-24T03:37:27.484+0000][23404][gc,task      ] GC(117) Using 2 workers of 2 for marking
[2020-09-24T03:37:27.653+0000][23404][gc,marking   ] GC(117) Concurrent Mark From Roots 169.348ms
[2020-09-24T03:37:27.653+0000][23404][gc,marking   ] GC(117) Concurrent Preclean
[2020-09-24T03:37:27.654+0000][23404][gc,marking   ] GC(117) Concurrent Preclean 0.575ms
[2020-09-24T03:37:27.654+0000][23404][gc,marking   ] GC(117) Concurrent Mark (119.918s, 120.088s) 170.107ms
[2020-09-24T03:37:27.654+0000][23404][gc,start     ] GC(117) Pause Remark
[2020-09-24T03:37:27.660+0000][23404][gc           ] GC(117) Pause Remark 315M->315M(1024M) 5.652ms
[2020-09-24T03:37:27.660+0000][23404][gc,cpu       ] GC(117) User=0.00s Sys=0.00s Real=0.01s
[2020-09-24T03:37:27.660+0000][23404][safepoint    ] Safepoint "G1Concurrent", Time since last: 174099300 ns, Reaching safepoint: 222500 ns, At safepoint: 5852400 ns, Total: 6074900 ns
[2020-09-24T03:37:27.660+0000][23404][gc,marking   ] GC(117) Concurrent Rebuild Remembered Sets
[2020-09-24T03:37:27.753+0000][23404][gc,marking   ] GC(117) Concurrent Rebuild Remembered Sets 92.630ms
[2020-09-24T03:37:27.753+0000][23404][gc,start     ] GC(117) Pause Cleanup
[2020-09-24T03:37:27.755+0000][23404][gc           ] GC(117) Pause Cleanup 373M->373M(1024M) 2.161ms
[2020-09-24T03:37:27.755+0000][23404][gc,cpu       ] GC(117) User=0.00s Sys=0.00s Real=0.00s
[2020-09-24T03:37:27.756+0000][23404][safepoint    ] Safepoint "G1Concurrent", Time since last: 92829200 ns, Reaching safepoint: 143900 ns, At safepoint: 3513500 ns, Total: 3657400 ns
[2020-09-24T03:37:27.756+0000][23404][gc,marking   ] GC(117) Concurrent Cleanup for Next Mark
[2020-09-24T03:37:27.759+0000][23404][gc,marking   ] GC(117) Concurrent Cleanup for Next Mark 2.218ms
[2020-09-24T03:37:27.759+0000][23404][gc           ] GC(117) Concurrent Cycle 279.641ms
[2020-09-24T03:37:27.835+0000][23404][gc,start     ] GC(118) Pause Young (Concurrent Start) (G1 Humongous Allocation)
[2020-09-24T03:37:27.835+0000][23404][gc,task      ] GC(118) Using 8 workers of 8 for evacuation
[2020-09-24T03:37:27.835+0000][23404][gc,age       ] GC(118) Desired survivor size 33554432 bytes, new threshold 15 (max threshold 15)
[2020-09-24T03:37:27.842+0000][23404][gc,age       ] GC(118) Age table with threshold 15 (max threshold 15)
[2020-09-24T03:37:27.842+0000][23404][gc,age       ] GC(118) - age   1:    3171832 bytes,    3171832 total
[2020-09-24T03:37:27.842+0000][23404][gc,age       ] GC(118) - age   2:       7768 bytes,    3179600 total
[2020-09-24T03:37:27.842+0000][23404][gc,age       ] GC(118) - age   3:       2328 bytes,    3181928 total
[2020-09-24T03:37:27.842+0000][23404][gc,age       ] GC(118) - age   4:      20680 bytes,    3202608 total
[2020-09-24T03:37:27.842+0000][23404][gc,age       ] GC(118) - age   5:      61120 bytes,    3263728 total
[2020-09-24T03:37:27.842+0000][23404][gc,age       ] GC(118) - age   6:     271928 bytes,    3535656 total
[2020-09-24T03:37:27.842+0000][23404][gc,age       ] GC(118) - age   7:     223312 bytes,    3758968 total
[2020-09-24T03:37:27.842+0000][23404][gc,age       ] GC(118) - age   8:       4880 bytes,    3763848 total
[2020-09-24T03:37:27.842+0000][23404][gc,age       ] GC(118) - age   9:       1880 bytes,    3765728 total
[2020-09-24T03:37:27.842+0000][23404][gc,age       ] GC(118) - age  10:      11480 bytes,    3777208 total
[2020-09-24T03:37:27.842+0000][23404][gc,age       ] GC(118) - age  11:      10824 bytes,    3788032 total
[2020-09-24T03:37:27.842+0000][23404][gc,age       ] GC(118) - age  12:        784 bytes,    3788816 total
[2020-09-24T03:37:27.842+0000][23404][gc,age       ] GC(118) - age  13:       2192 bytes,    3791008 total
[2020-09-24T03:37:27.842+0000][23404][gc,age       ] GC(118) - age  14:       2344 bytes,    3793352 total
[2020-09-24T03:37:27.842+0000][23404][gc,age       ] GC(118) - age  15:       2512 bytes,    3795864 total
[2020-09-24T03:37:27.842+0000][23404][gc,phases    ] GC(118)   Pre Evacuate Collection Set: 0.5ms
[2020-09-24T03:37:27.842+0000][23404][gc,phases    ] GC(118)   Merge Heap Roots: 2.2ms
[2020-09-24T03:37:27.842+0000][23404][gc,phases    ] GC(118)   Evacuate Collection Set: 3.2ms
[2020-09-24T03:37:27.842+0000][23404][gc,phases    ] GC(118)   Post Evacuate Collection Set: 0.8ms
[2020-09-24T03:37:27.842+0000][23404][gc,phases    ] GC(118)   Other: 0.9ms
[2020-09-24T03:37:27.842+0000][23404][gc,heap      ] GC(118) Eden regions: 80->0(504)
[2020-09-24T03:37:27.842+0000][23404][gc,heap      ] GC(118) Survivor regions: 1->4(64)
[2020-09-24T03:37:27.843+0000][23404][gc,heap      ] GC(118) Old regions: 76->76
[2020-09-24T03:37:27.843+0000][23404][gc,heap      ] GC(118) Archive regions: 0->0
[2020-09-24T03:37:27.843+0000][23404][gc,heap      ] GC(118) Humongous regions: 237->174
[2020-09-24T03:37:27.843+0000][23404][gc,metaspace ] GC(118) Metaspace: 86594K(92800K)->86594K(92800K) NonClass: 75433K(79104K)->75433K(79104K) Class: 11160K(13696K)->11160K(13696K)
[2020-09-24T03:37:27.843+0000][23404][gc           ] GC(118) Pause Young (Concurrent Start) (G1 Humongous Allocation) 393M->253M(1024M) 7.814ms
[2020-09-24T03:37:27.843+0000][23404][gc,cpu       ] GC(118) User=0.00s Sys=0.00s Real=0.01s
[2020-09-24T03:37:27.843+0000][23404][gc           ] GC(119) Concurrent Cycle
[2020-09-24T03:37:27.843+0000][23404][gc,marking   ] GC(119) Concurrent Clear Claimed Marks
[2020-09-24T03:37:27.843+0000][23404][gc,marking   ] GC(119) Concurrent Clear Claimed Marks 0.347ms
[2020-09-24T03:37:27.843+0000][23404][gc,marking   ] GC(119) Concurrent Scan Root Regions
[2020-09-24T03:37:27.843+0000][23404][safepoint    ] Safepoint "G1TryInitiateConcMark", Time since last: 76697100 ns, Reaching safepoint: 1748400 ns, At safepoint: 8446000 ns, Total: 10194400 ns
[2020-09-24T03:37:27.844+0000][23404][safepoint    ] Safepoint "G1TryInitiateConcMark", Time since last: 549000 ns, Reaching safepoint: 598700 ns, At safepoint: 38300 ns, Total: 637000 ns
[2020-09-24T03:37:27.846+0000][23404][gc,marking   ] GC(119) Concurrent Scan Root Regions 3.135ms
[2020-09-24T03:37:27.846+0000][23404][gc,marking   ] GC(119) Concurrent Mark (120.281s)
[2020-09-24T03:37:27.847+0000][23404][gc,marking   ] GC(119) Concurrent Mark From Roots
[2020-09-24T03:37:27.847+0000][23404][gc,task      ] GC(119) Using 2 workers of 2 for marking
[2020-09-24T03:37:27.985+0000][23404][gc,marking   ] GC(119) Concurrent Mark From Roots 137.471ms
[2020-09-24T03:37:27.985+0000][23404][gc,marking   ] GC(119) Concurrent Preclean
[2020-09-24T03:37:27.985+0000][23404][gc,marking   ] GC(119) Concurrent Preclean 0.388ms
[2020-09-24T03:37:27.985+0000][23404][gc,marking   ] GC(119) Concurrent Mark (120.281s, 120.419s) 138.055ms
[2020-09-24T03:37:27.985+0000][23404][gc,start     ] GC(119) Pause Remark
[2020-09-24T03:37:27.991+0000][23404][gc           ] GC(119) Pause Remark 348M->348M(1024M) 4.872ms
[2020-09-24T03:37:27.991+0000][23404][gc,cpu       ] GC(119) User=0.00s Sys=0.00s Real=0.01s
[2020-09-24T03:37:27.991+0000][23404][safepoint    ] Safepoint "G1Concurrent", Time since last: 140181900 ns, Reaching safepoint: 220900 ns, At safepoint: 5061200 ns, Total: 5282100 ns
[2020-09-24T03:37:27.991+0000][23404][gc,marking   ] GC(119) Concurrent Rebuild Remembered Sets
[2020-09-24T03:37:28.078+0000][23404][gc,marking   ] GC(119) Concurrent Rebuild Remembered Sets 86.689ms
[2020-09-24T03:37:28.078+0000][23404][gc,start     ] GC(119) Pause Cleanup
[2020-09-24T03:37:28.078+0000][23404][gc           ] GC(119) Pause Cleanup 388M->388M(1024M) 0.456ms
[2020-09-24T03:37:28.078+0000][23404][gc,cpu       ] GC(119) User=0.00s Sys=0.00s Real=0.00s
[2020-09-24T03:37:28.079+0000][23404][safepoint    ] Safepoint "G1Concurrent", Time since last: 86915400 ns, Reaching safepoint: 197100 ns, At safepoint: 687500 ns, Total: 884600 ns
[2020-09-24T03:37:28.079+0000][23404][gc,marking   ] GC(119) Concurrent Cleanup for Next Mark
[2020-09-24T03:37:28.081+0000][23404][gc,marking   ] GC(119) Concurrent Cleanup for Next Mark 2.066ms
[2020-09-24T03:37:28.081+0000][23404][gc           ] GC(119) Concurrent Cycle 237.194ms
[2020-09-24T03:37:28.084+0000][23404][gc,start     ] GC(120) Pause Young (Concurrent Start) (G1 Humongous Allocation)
[2020-09-24T03:37:28.084+0000][23404][gc,task      ] GC(120) Using 8 workers of 8 for evacuation
[2020-09-24T03:37:28.084+0000][23404][gc,age       ] GC(120) Desired survivor size 33554432 bytes, new threshold 15 (max threshold 15)
[2020-09-24T03:37:28.088+0000][23404][gc,age       ] GC(120) Age table with threshold 15 (max threshold 15)
[2020-09-24T03:37:28.088+0000][23404][gc,age       ] GC(120) - age   1:    1263728 bytes,    1263728 total
[2020-09-24T03:37:28.088+0000][23404][gc,age       ] GC(120) - age   2:       2496 bytes,    1266224 total
[2020-09-24T03:37:28.088+0000][23404][gc,age       ] GC(120) - age   3:       2160 bytes,    1268384 total
[2020-09-24T03:37:28.088+0000][23404][gc,age       ] GC(120) - age   4:       1640 bytes,    1270024 total
[2020-09-24T03:37:28.088+0000][23404][gc,age       ] GC(120) - age   5:      20392 bytes,    1290416 total
[2020-09-24T03:37:28.088+0000][23404][gc,age       ] GC(120) - age   6:      61088 bytes,    1351504 total
[2020-09-24T03:37:28.088+0000][23404][gc,age       ] GC(120) - age   7:     266552 bytes,    1618056 total
[2020-09-24T03:37:28.088+0000][23404][gc,age       ] GC(120) - age   8:     223312 bytes,    1841368 total
[2020-09-24T03:37:28.088+0000][23404][gc,age       ] GC(120) - age   9:       4880 bytes,    1846248 total
[2020-09-24T03:37:28.088+0000][23404][gc,age       ] GC(120) - age  10:       1880 bytes,    1848128 total
[2020-09-24T03:37:28.088+0000][23404][gc,age       ] GC(120) - age  11:      11480 bytes,    1859608 total
[2020-09-24T03:37:28.088+0000][23404][gc,age       ] GC(120) - age  12:      10792 bytes,    1870400 total
[2020-09-24T03:37:28.088+0000][23404][gc,age       ] GC(120) - age  13:        784 bytes,    1871184 total
[2020-09-24T03:37:28.088+0000][23404][gc,age       ] GC(120) - age  14:       2192 bytes,    1873376 total
[2020-09-24T03:37:28.088+0000][23404][gc,age       ] GC(120) - age  15:       2312 bytes,    1875688 total
[2020-09-24T03:37:28.088+0000][23404][gc,phases    ] GC(120)   Pre Evacuate Collection Set: 0.4ms
[2020-09-24T03:37:28.088+0000][23404][gc,phases    ] GC(120)   Merge Heap Roots: 0.1ms
[2020-09-24T03:37:28.088+0000][23404][gc,phases    ] GC(120)   Evacuate Collection Set: 2.0ms
[2020-09-24T03:37:28.088+0000][23404][gc,phases    ] GC(120)   Post Evacuate Collection Set: 0.6ms
[2020-09-24T03:37:28.088+0000][23404][gc,phases    ] GC(120)   Other: 0.8ms
[2020-09-24T03:37:28.088+0000][23404][gc,heap      ] GC(120) Eden regions: 69->0(506)
[2020-09-24T03:37:28.088+0000][23404][gc,heap      ] GC(120) Survivor regions: 4->2(64)
[2020-09-24T03:37:28.088+0000][23404][gc,heap      ] GC(120) Old regions: 76->77
[2020-09-24T03:37:28.088+0000][23404][gc,heap      ] GC(120) Archive regions: 0->0
[2020-09-24T03:37:28.088+0000][23404][gc,heap      ] GC(120) Humongous regions: 244->174
[2020-09-24T03:37:28.088+0000][23404][gc,metaspace ] GC(120) Metaspace: 86606K(92800K)->86606K(92800K) NonClass: 75445K(79104K)->75445K(79104K) Class: 11160K(13696K)->11160K(13696K)
[2020-09-24T03:37:28.088+0000][23404][gc           ] GC(120) Pause Young (Concurrent Start) (G1 Humongous Allocation) 392M->251M(1024M) 4.102ms
[2020-09-24T03:37:28.088+0000][23404][gc,cpu       ] GC(120) User=0.06s Sys=0.00s Real=0.00s
[2020-09-24T03:37:28.088+0000][23404][gc           ] GC(121) Concurrent Cycle
[2020-09-24T03:37:28.088+0000][23404][safepoint    ] Safepoint "G1TryInitiateConcMark", Time since last: 6309500 ns, Reaching safepoint: 154500 ns, At safepoint: 4279400 ns, Total: 4433900 ns
[2020-09-24T03:37:28.088+0000][23404][gc,marking   ] GC(121) Concurrent Clear Claimed Marks
[2020-09-24T03:37:28.089+0000][23404][gc,marking   ] GC(121) Concurrent Clear Claimed Marks 0.597ms
[2020-09-24T03:37:28.089+0000][23404][gc,marking   ] GC(121) Concurrent Scan Root Regions
[2020-09-24T03:37:28.092+0000][23404][gc,marking   ] GC(121) Concurrent Scan Root Regions 2.173ms
[2020-09-24T03:37:28.092+0000][23404][gc,marking   ] GC(121) Concurrent Mark (120.526s)
[2020-09-24T03:37:28.092+0000][23404][gc,marking   ] GC(121) Concurrent Mark From Roots
[2020-09-24T03:37:28.092+0000][23404][gc,task      ] GC(121) Using 2 workers of 2 for marking
[2020-09-24T03:37:28.245+0000][23404][gc,marking   ] GC(121) Concurrent Mark From Roots 152.562ms
[2020-09-24T03:37:28.245+0000][23404][gc,marking   ] GC(121) Concurrent Preclean
[2020-09-24T03:37:28.245+0000][23404][gc,marking   ] GC(121) Concurrent Preclean 0.481ms
[2020-09-24T03:37:28.245+0000][23404][gc,marking   ] GC(121) Concurrent Mark (120.526s, 120.679s) 153.506ms
[2020-09-24T03:37:28.245+0000][23404][gc,start     ] GC(121) Pause Remark
[2020-09-24T03:37:28.251+0000][23404][gc           ] GC(121) Pause Remark 332M->332M(1024M) 5.250ms
[2020-09-24T03:37:28.251+0000][23404][gc,cpu       ] GC(121) User=0.00s Sys=0.00s Real=0.01s
[2020-09-24T03:37:28.251+0000][23404][safepoint    ] Safepoint "G1Concurrent", Time since last: 156580000 ns, Reaching safepoint: 177200 ns, At safepoint: 5459300 ns, Total: 5636500 ns
[2020-09-24T03:37:28.251+0000][23404][gc,marking   ] GC(121) Concurrent Rebuild Remembered Sets
[2020-09-24T03:37:28.330+0000][23404][gc,marking   ] GC(121) Concurrent Rebuild Remembered Sets 79.054ms
[2020-09-24T03:37:28.330+0000][23404][gc,start     ] GC(121) Pause Cleanup
[2020-09-24T03:37:28.330+0000][23404][gc           ] GC(121) Pause Cleanup 427M->427M(1024M) 0.249ms
[2020-09-24T03:37:28.330+0000][23404][gc,cpu       ] GC(121) User=0.00s Sys=0.00s Real=0.00s
[2020-09-24T03:37:28.330+0000][23404][safepoint    ] Safepoint "G1Concurrent", Time since last: 79276600 ns, Reaching safepoint: 150500 ns, At safepoint: 418600 ns, Total: 569100 ns
[2020-09-24T03:37:28.330+0000][23404][gc,marking   ] GC(121) Concurrent Cleanup for Next Mark
[2020-09-24T03:37:28.333+0000][23404][gc,marking   ] GC(121) Concurrent Cleanup for Next Mark 1.568ms
[2020-09-24T03:37:28.333+0000][23404][gc           ] GC(121) Concurrent Cycle 243.845ms
[2020-09-24T03:37:28.369+0000][23404][gc,start     ] GC(122) Pause Young (Concurrent Start) (G1 Humongous Allocation)
[2020-09-24T03:37:28.369+0000][23404][gc,task      ] GC(122) Using 8 workers of 8 for evacuation
[2020-09-24T03:37:28.369+0000][23404][gc,age       ] GC(122) Desired survivor size 33554432 bytes, new threshold 15 (max threshold 15)
[2020-09-24T03:37:28.372+0000][23404][gc,age       ] GC(122) Age table with threshold 15 (max threshold 15)
[2020-09-24T03:37:28.373+0000][23404][gc,age       ] GC(122) - age   1:    1900080 bytes,    1900080 total
[2020-09-24T03:37:28.373+0000][23404][gc,age       ] GC(122) - age   2:       2584 bytes,    1902664 total
[2020-09-24T03:37:28.373+0000][23404][gc,age       ] GC(122) - age   3:       1648 bytes,    1904312 total
[2020-09-24T03:37:28.373+0000][23404][gc,age       ] GC(122) - age   4:       2032 bytes,    1906344 total
[2020-09-24T03:37:28.373+0000][23404][gc,age       ] GC(122) - age   5:       1544 bytes,    1907888 total
[2020-09-24T03:37:28.373+0000][23404][gc,age       ] GC(122) - age   6:      20336 bytes,    1928224 total
[2020-09-24T03:37:28.373+0000][23404][gc,age       ] GC(122) - age   7:      61088 bytes,    1989312 total
[2020-09-24T03:37:28.373+0000][23404][gc,age       ] GC(122) - age   8:     265464 bytes,    2254776 total
[2020-09-24T03:37:28.373+0000][23404][gc,age       ] GC(122) - age   9:     223312 bytes,    2478088 total
[2020-09-24T03:37:28.373+0000][23404][gc,age       ] GC(122) - age  10:       4848 bytes,    2482936 total
[2020-09-24T03:37:28.373+0000][23404][gc,age       ] GC(122) - age  11:       1880 bytes,    2484816 total
[2020-09-24T03:37:28.373+0000][23404][gc,age       ] GC(122) - age  12:      11480 bytes,    2496296 total
[2020-09-24T03:37:28.373+0000][23404][gc,age       ] GC(122) - age  13:      10632 bytes,    2506928 total
[2020-09-24T03:37:28.373+0000][23404][gc,age       ] GC(122) - age  14:        688 bytes,    2507616 total
[2020-09-24T03:37:28.373+0000][23404][gc,age       ] GC(122) - age  15:       2192 bytes,    2509808 total
[2020-09-24T03:37:28.373+0000][23404][gc,phases    ] GC(122)   Pre Evacuate Collection Set: 0.4ms
[2020-09-24T03:37:28.373+0000][23404][gc,phases    ] GC(122)   Merge Heap Roots: 0.1ms
[2020-09-24T03:37:28.373+0000][23404][gc,phases    ] GC(122)   Evacuate Collection Set: 2.1ms
[2020-09-24T03:37:28.373+0000][23404][gc,phases    ] GC(122)   Post Evacuate Collection Set: 0.7ms
[2020-09-24T03:37:28.373+0000][23404][gc,phases    ] GC(122)   Other: 0.7ms
[2020-09-24T03:37:28.373+0000][23404][gc,heap      ] GC(122) Eden regions: 93->0(506)
[2020-09-24T03:37:28.373+0000][23404][gc,heap      ] GC(122) Survivor regions: 2->3(64)
[2020-09-24T03:37:28.373+0000][23404][gc,heap      ] GC(122) Old regions: 77->77
[2020-09-24T03:37:28.373+0000][23404][gc,heap      ] GC(122) Archive regions: 0->0
[2020-09-24T03:37:28.373+0000][23404][gc,heap      ] GC(122) Humongous regions: 264->174
[2020-09-24T03:37:28.373+0000][23404][gc,metaspace ] GC(122) Metaspace: 86613K(92800K)->86613K(92800K) NonClass: 75452K(79104K)->75452K(79104K) Class: 11160K(13696K)->11160K(13696K)
[2020-09-24T03:37:28.373+0000][23404][gc           ] GC(122) Pause Young (Concurrent Start) (G1 Humongous Allocation) 434M->252M(1024M) 4.321ms
[2020-09-24T03:37:28.373+0000][23404][gc,cpu       ] GC(122) User=0.00s Sys=0.00s Real=0.00s
[2020-09-24T03:37:28.373+0000][23404][gc           ] GC(123) Concurrent Cycle
[2020-09-24T03:37:28.373+0000][23404][safepoint    ] Safepoint "G1TryInitiateConcMark", Time since last: 38316300 ns, Reaching safepoint: 146700 ns, At safepoint: 4518600 ns, Total: 4665300 ns
[2020-09-24T03:37:28.373+0000][23404][gc,marking   ] GC(123) Concurrent Clear Claimed Marks
[2020-09-24T03:37:28.374+0000][23404][gc,marking   ] GC(123) Concurrent Clear Claimed Marks 0.660ms
[2020-09-24T03:37:28.374+0000][23404][gc,marking   ] GC(123) Concurrent Scan Root Regions
[2020-09-24T03:37:28.376+0000][23404][gc,marking   ] GC(123) Concurrent Scan Root Regions 1.659ms
[2020-09-24T03:37:28.376+0000][23404][gc,marking   ] GC(123) Concurrent Mark (120.810s)
[2020-09-24T03:37:28.376+0000][23404][gc,marking   ] GC(123) Concurrent Mark From Roots
[2020-09-24T03:37:28.376+0000][23404][gc,task      ] GC(123) Using 2 workers of 2 for marking
[2020-09-24T03:37:28.475+0000][23404][gc,marking   ] GC(123) Concurrent Mark From Roots 98.700ms
[2020-09-24T03:37:28.475+0000][23404][gc,marking   ] GC(123) Concurrent Preclean
[2020-09-24T03:37:28.475+0000][23404][gc,marking   ] GC(123) Concurrent Preclean 0.371ms
[2020-09-24T03:37:28.475+0000][23404][gc,marking   ] GC(123) Concurrent Mark (120.810s, 120.910s) 99.265ms
[2020-09-24T03:37:28.475+0000][23404][gc,start     ] GC(123) Pause Remark
[2020-09-24T03:37:28.481+0000][23404][gc           ] GC(123) Pause Remark 308M->308M(1024M) 5.812ms
[2020-09-24T03:37:28.481+0000][23404][gc,cpu       ] GC(123) User=0.03s Sys=0.03s Real=0.01s
[2020-09-24T03:37:28.482+0000][23404][safepoint    ] Safepoint "G1Concurrent", Time since last: 101849100 ns, Reaching safepoint: 188400 ns, At safepoint: 6144800 ns, Total: 6333200 ns
[2020-09-24T03:37:28.482+0000][23404][gc,marking   ] GC(123) Concurrent Rebuild Remembered Sets
[2020-09-24T03:37:28.568+0000][23404][gc,marking   ] GC(123) Concurrent Rebuild Remembered Sets 86.271ms
[2020-09-24T03:37:28.568+0000][23404][gc,start     ] GC(123) Pause Cleanup
[2020-09-24T03:37:28.569+0000][23404][gc           ] GC(123) Pause Cleanup 406M->406M(1024M) 0.301ms
[2020-09-24T03:37:28.569+0000][23404][gc,cpu       ] GC(123) User=0.00s Sys=0.00s Real=0.00s
[2020-09-24T03:37:28.569+0000][23404][safepoint    ] Safepoint "G1Concurrent", Time since last: 86555800 ns, Reaching safepoint: 136200 ns, At safepoint: 503600 ns, Total: 639800 ns
[2020-09-24T03:37:28.569+0000][23404][gc,marking   ] GC(123) Concurrent Cleanup for Next Mark
[2020-09-24T03:37:28.571+0000][23404][gc,marking   ] GC(123) Concurrent Cleanup for Next Mark 1.630ms
[2020-09-24T03:37:28.571+0000][23404][gc           ] GC(123) Concurrent Cycle 197.247ms
[2020-09-24T03:37:28.631+0000][23404][gc,start     ] GC(124) Pause Young (Concurrent Start) (G1 Humongous Allocation)
[2020-09-24T03:37:28.631+0000][23404][gc,task      ] GC(124) Using 8 workers of 8 for evacuation
[2020-09-24T03:37:28.631+0000][23404][gc,age       ] GC(124) Desired survivor size 33554432 bytes, new threshold 15 (max threshold 15)
[2020-09-24T03:37:28.635+0000][23404][gc,age       ] GC(124) Age table with threshold 15 (max threshold 15)
[2020-09-24T03:37:28.635+0000][23404][gc,age       ] GC(124) - age   1:    2567448 bytes,    2567448 total
[2020-09-24T03:37:28.635+0000][23404][gc,age       ] GC(124) - age   2:       2720 bytes,    2570168 total
[2020-09-24T03:37:28.635+0000][23404][gc,age       ] GC(124) - age   3:       2456 bytes,    2572624 total
[2020-09-24T03:37:28.635+0000][23404][gc,age       ] GC(124) - age   4:        760 bytes,    2573384 total
[2020-09-24T03:37:28.635+0000][23404][gc,age       ] GC(124) - age   5:       1864 bytes,    2575248 total
[2020-09-24T03:37:28.635+0000][23404][gc,age       ] GC(124) - age   6:       1512 bytes,    2576760 total
[2020-09-24T03:37:28.635+0000][23404][gc,age       ] GC(124) - age   7:      20208 bytes,    2596968 total
[2020-09-24T03:37:28.635+0000][23404][gc,age       ] GC(124) - age   8:      61056 bytes,    2658024 total
[2020-09-24T03:37:28.635+0000][23404][gc,age       ] GC(124) - age   9:     265464 bytes,    2923488 total
[2020-09-24T03:37:28.635+0000][23404][gc,age       ] GC(124) - age  10:     223312 bytes,    3146800 total
[2020-09-24T03:37:28.635+0000][23404][gc,age       ] GC(124) - age  11:       4496 bytes,    3151296 total
[2020-09-24T03:37:28.635+0000][23404][gc,age       ] GC(124) - age  12:       1496 bytes,    3152792 total
[2020-09-24T03:37:28.635+0000][23404][gc,age       ] GC(124) - age  13:      11112 bytes,    3163904 total
[2020-09-24T03:37:28.635+0000][23404][gc,age       ] GC(124) - age  14:      10352 bytes,    3174256 total
[2020-09-24T03:37:28.635+0000][23404][gc,age       ] GC(124) - age  15:        560 bytes,    3174816 total
[2020-09-24T03:37:28.635+0000][23404][gc,phases    ] GC(124)   Pre Evacuate Collection Set: 0.4ms
[2020-09-24T03:37:28.635+0000][23404][gc,phases    ] GC(124)   Merge Heap Roots: 0.1ms
[2020-09-24T03:37:28.635+0000][23404][gc,phases    ] GC(124)   Evacuate Collection Set: 2.4ms
[2020-09-24T03:37:28.635+0000][23404][gc,phases    ] GC(124)   Post Evacuate Collection Set: 0.7ms
[2020-09-24T03:37:28.635+0000][23404][gc,phases    ] GC(124)   Other: 0.9ms
[2020-09-24T03:37:28.636+0000][23404][gc,heap      ] GC(124) Eden regions: 81->0(505)
[2020-09-24T03:37:28.636+0000][23404][gc,heap      ] GC(124) Survivor regions: 3->4(64)
[2020-09-24T03:37:28.636+0000][23404][gc,heap      ] GC(124) Old regions: 77->77
[2020-09-24T03:37:28.636+0000][23404][gc,heap      ] GC(124) Archive regions: 0->0
[2020-09-24T03:37:28.636+0000][23404][gc,heap      ] GC(124) Humongous regions: 254->174
[2020-09-24T03:37:28.636+0000][23404][gc,metaspace ] GC(124) Metaspace: 86641K(92800K)->86641K(92800K) NonClass: 75480K(79104K)->75480K(79104K) Class: 11160K(13696K)->11160K(13696K)
[2020-09-24T03:37:28.636+0000][23404][gc           ] GC(124) Pause Young (Concurrent Start) (G1 Humongous Allocation) 412M->253M(1024M) 4.870ms
[2020-09-24T03:37:28.636+0000][23404][gc,cpu       ] GC(124) User=0.11s Sys=0.00s Real=0.00s
[2020-09-24T03:37:28.636+0000][23404][gc           ] GC(125) Concurrent Cycle
[2020-09-24T03:37:28.636+0000][23404][safepoint    ] Safepoint "G1TryInitiateConcMark", Time since last: 61890400 ns, Reaching safepoint: 211400 ns, At safepoint: 5033000 ns, Total: 5244400 ns
[2020-09-24T03:37:28.636+0000][23404][gc,marking   ] GC(125) Concurrent Clear Claimed Marks
[2020-09-24T03:37:28.636+0000][23404][gc,marking   ] GC(125) Concurrent Clear Claimed Marks 0.461ms
[2020-09-24T03:37:28.636+0000][23404][gc,marking   ] GC(125) Concurrent Scan Root Regions
[2020-09-24T03:37:28.638+0000][23404][gc,marking   ] GC(125) Concurrent Scan Root Regions 1.848ms
[2020-09-24T03:37:28.638+0000][23404][gc,marking   ] GC(125) Concurrent Mark (121.073s)
[2020-09-24T03:37:28.638+0000][23404][gc,marking   ] GC(125) Concurrent Mark From Roots
[2020-09-24T03:37:28.638+0000][23404][gc,task      ] GC(125) Using 2 workers of 2 for marking
[2020-09-24T03:37:28.788+0000][23404][gc,marking   ] GC(125) Concurrent Mark From Roots 149.701ms
[2020-09-24T03:37:28.788+0000][23404][gc,marking   ] GC(125) Concurrent Preclean
[2020-09-24T03:37:28.790+0000][23404][gc,marking   ] GC(125) Concurrent Preclean 0.669ms
[2020-09-24T03:37:28.790+0000][23404][gc,marking   ] GC(125) Concurrent Mark (121.073s, 121.223s) 150.585ms
[2020-09-24T03:37:28.790+0000][23404][gc,start     ] GC(125) Pause Remark
[2020-09-24T03:37:28.795+0000][23404][gc           ] GC(125) Pause Remark 583M->583M(1024M) 6.091ms
[2020-09-24T03:37:28.796+0000][23404][gc,cpu       ] GC(125) User=0.13s Sys=0.00s Real=0.01s
[2020-09-24T03:37:28.797+0000][23404][safepoint    ] Safepoint "G1Concurrent", Time since last: 153160300 ns, Reaching safepoint: 306500 ns, At safepoint: 7175700 ns, Total: 7482200 ns
[2020-09-24T03:37:28.797+0000][23404][gc,marking   ] GC(125) Concurrent Rebuild Remembered Sets
[2020-09-24T03:37:28.887+0000][23404][gc,marking   ] GC(125) Concurrent Rebuild Remembered Sets 90.306ms
[2020-09-24T03:37:28.887+0000][23404][gc,start     ] GC(125) Pause Cleanup
[2020-09-24T03:37:28.888+0000][23404][gc           ] GC(125) Pause Cleanup 669M->669M(1024M) 0.385ms
[2020-09-24T03:37:28.888+0000][23404][gc,cpu       ] GC(125) User=0.00s Sys=0.00s Real=0.00s
[2020-09-24T03:37:28.888+0000][23404][safepoint    ] Safepoint "G1Concurrent", Time since last: 90559300 ns, Reaching safepoint: 154600 ns, At safepoint: 1014400 ns, Total: 1169000 ns
[2020-09-24T03:37:28.888+0000][23404][gc,marking   ] GC(125) Concurrent Cleanup for Next Mark
[2020-09-24T03:37:28.891+0000][23404][gc,marking   ] GC(125) Concurrent Cleanup for Next Mark 1.937ms
[2020-09-24T03:37:28.891+0000][23404][gc           ] GC(125) Concurrent Cycle 254.594ms
[2020-09-24T03:37:29.073+0000][23404][safepoint    ] Safepoint "BulkRevokeBias", Time since last: 181113100 ns, Reaching safepoint: 166500 ns, At safepoint: 2610300 ns, Total: 2776800 ns
[2020-09-24T03:37:29.115+0000][23404][gc,start     ] GC(126) Pause Young (Concurrent Start) (G1 Humongous Allocation)
[2020-09-24T03:37:29.115+0000][23404][gc,task      ] GC(126) Using 8 workers of 8 for evacuation
[2020-09-24T03:37:29.115+0000][23404][gc,age       ] GC(126) Desired survivor size 33554432 bytes, new threshold 15 (max threshold 15)
[2020-09-24T03:37:29.120+0000][23404][gc,age       ] GC(126) Age table with threshold 15 (max threshold 15)
[2020-09-24T03:37:29.120+0000][23404][gc,age       ] GC(126) - age   1:    2575920 bytes,    2575920 total
[2020-09-24T03:37:29.120+0000][23404][gc,age       ] GC(126) - age   2:      18504 bytes,    2594424 total
[2020-09-24T03:37:29.120+0000][23404][gc,age       ] GC(126) - age   3:       1952 bytes,    2596376 total
[2020-09-24T03:37:29.120+0000][23404][gc,age       ] GC(126) - age   4:       1600 bytes,    2597976 total
[2020-09-24T03:37:29.120+0000][23404][gc,age       ] GC(126) - age   5:        600 bytes,    2598576 total
[2020-09-24T03:37:29.120+0000][23404][gc,age       ] GC(126) - age   6:       1832 bytes,    2600408 total
[2020-09-24T03:37:29.120+0000][23404][gc,age       ] GC(126) - age   7:       1480 bytes,    2601888 total
[2020-09-24T03:37:29.120+0000][23404][gc,age       ] GC(126) - age   8:      20208 bytes,    2622096 total
[2020-09-24T03:37:29.120+0000][23404][gc,age       ] GC(126) - age   9:      60992 bytes,    2683088 total
[2020-09-24T03:37:29.120+0000][23404][gc,age       ] GC(126) - age  10:     260032 bytes,    2943120 total
[2020-09-24T03:37:29.120+0000][23404][gc,age       ] GC(126) - age  11:     216784 bytes,    3159904 total
[2020-09-24T03:37:29.120+0000][23404][gc,age       ] GC(126) - age  12:       4432 bytes,    3164336 total
[2020-09-24T03:37:29.120+0000][23404][gc,age       ] GC(126) - age  13:       1112 bytes,    3165448 total
[2020-09-24T03:37:29.120+0000][23404][gc,age       ] GC(126) - age  14:      11112 bytes,    3176560 total
[2020-09-24T03:37:29.120+0000][23404][gc,age       ] GC(126) - age  15:       7848 bytes,    3184408 total
[2020-09-24T03:37:29.121+0000][23404][gc,phases    ] GC(126)   Pre Evacuate Collection Set: 0.5ms
[2020-09-24T03:37:29.121+0000][23404][gc,phases    ] GC(126)   Merge Heap Roots: 0.1ms
[2020-09-24T03:37:29.121+0000][23404][gc,phases    ] GC(126)   Evacuate Collection Set: 2.5ms
[2020-09-24T03:37:29.121+0000][23404][gc,phases    ] GC(126)   Post Evacuate Collection Set: 1.1ms
[2020-09-24T03:37:29.121+0000][23404][gc,phases    ] GC(126)   Other: 1.1ms
[2020-09-24T03:37:29.121+0000][23404][gc,heap      ] GC(126) Eden regions: 123->0(505)
[2020-09-24T03:37:29.121+0000][23404][gc,heap      ] GC(126) Survivor regions: 4->4(64)
[2020-09-24T03:37:29.121+0000][23404][gc,heap      ] GC(126) Old regions: 77->77
[2020-09-24T03:37:29.121+0000][23404][gc,heap      ] GC(126) Archive regions: 0->0
[2020-09-24T03:37:29.121+0000][23404][gc,heap      ] GC(126) Humongous regions: 478->174
[2020-09-24T03:37:29.121+0000][23404][gc,metaspace ] GC(126) Metaspace: 86707K(92800K)->86707K(92800K) NonClass: 75546K(79104K)->75546K(79104K) Class: 11160K(13696K)->11160K(13696K)
[2020-09-24T03:37:29.121+0000][23404][gc           ] GC(126) Pause Young (Concurrent Start) (G1 Humongous Allocation) 679M->253M(1024M) 5.685ms
[2020-09-24T03:37:29.121+0000][23404][gc,cpu       ] GC(126) User=0.06s Sys=0.00s Real=0.01s
[2020-09-24T03:37:29.121+0000][23404][safepoint    ] Safepoint "G1TryInitiateConcMark", Time since last: 41955200 ns, Reaching safepoint: 148800 ns, At safepoint: 5880900 ns, Total: 6029700 ns
[2020-09-24T03:37:29.121+0000][23404][gc           ] GC(127) Concurrent Cycle
[2020-09-24T03:37:29.121+0000][23404][gc,marking   ] GC(127) Concurrent Clear Claimed Marks
[2020-09-24T03:37:29.122+0000][23404][gc,marking   ] GC(127) Concurrent Clear Claimed Marks 0.750ms
[2020-09-24T03:37:29.122+0000][23404][gc,marking   ] GC(127) Concurrent Scan Root Regions
[2020-09-24T03:37:29.124+0000][23404][gc,marking   ] GC(127) Concurrent Scan Root Regions 2.315ms
[2020-09-24T03:37:29.125+0000][23404][gc,marking   ] GC(127) Concurrent Mark (121.558s)
[2020-09-24T03:37:29.125+0000][23404][gc,marking   ] GC(127) Concurrent Mark From Roots
[2020-09-24T03:37:29.125+0000][23404][gc,task      ] GC(127) Using 2 workers of 2 for marking
[2020-09-24T03:37:29.279+0000][23404][gc,marking   ] GC(127) Concurrent Mark From Roots 154.961ms
[2020-09-24T03:37:29.279+0000][23404][gc,marking   ] GC(127) Concurrent Preclean
[2020-09-24T03:37:29.280+0000][23404][gc,marking   ] GC(127) Concurrent Preclean 0.595ms
[2020-09-24T03:37:29.280+0000][23404][gc,marking   ] GC(127) Concurrent Mark (121.558s, 121.714s) 155.786ms
[2020-09-24T03:37:29.280+0000][23404][gc,start     ] GC(127) Pause Remark
[2020-09-24T03:37:29.287+0000][23404][gc           ] GC(127) Pause Remark 323M->323M(1024M) 6.604ms
[2020-09-24T03:37:29.287+0000][23404][gc,cpu       ] GC(127) User=0.00s Sys=0.00s Real=0.01s
[2020-09-24T03:37:29.288+0000][23404][safepoint    ] Safepoint "G1Concurrent", Time since last: 159383700 ns, Reaching safepoint: 461300 ns, At safepoint: 7227700 ns, Total: 7689000 ns
[2020-09-24T03:37:29.288+0000][23404][gc,marking   ] GC(127) Concurrent Rebuild Remembered Sets
[2020-09-24T03:37:29.352+0000][23404][safepoint    ] Safepoint "BulkRevokeBias", Time since last: 61515700 ns, Reaching safepoint: 818700 ns, At safepoint: 2462900 ns, Total: 3281600 ns
[2020-09-24T03:37:29.385+0000][23404][gc,marking   ] GC(127) Concurrent Rebuild Remembered Sets 97.362ms
[2020-09-24T03:37:29.386+0000][23404][gc,start     ] GC(127) Pause Cleanup
[2020-09-24T03:37:29.386+0000][23404][gc           ] GC(127) Pause Cleanup 589M->589M(1024M) 0.381ms
[2020-09-24T03:37:29.386+0000][23404][gc,cpu       ] GC(127) User=0.00s Sys=0.00s Real=0.00s
[2020-09-24T03:37:29.386+0000][23404][safepoint    ] Safepoint "G1Concurrent", Time since last: 32793400 ns, Reaching safepoint: 411800 ns, At safepoint: 699900 ns, Total: 1111700 ns
[2020-09-24T03:37:29.386+0000][23404][gc,marking   ] GC(127) Concurrent Cleanup for Next Mark
[2020-09-24T03:37:29.389+0000][23404][gc,marking   ] GC(127) Concurrent Cleanup for Next Mark 2.279ms
[2020-09-24T03:37:29.389+0000][23404][gc           ] GC(127) Concurrent Cycle 268.291ms
[2020-09-24T03:37:29.402+0000][23404][gc,start     ] GC(128) Pause Young (Concurrent Start) (G1 Humongous Allocation)
[2020-09-24T03:37:29.402+0000][23404][gc,task      ] GC(128) Using 8 workers of 8 for evacuation
[2020-09-24T03:37:29.402+0000][23404][gc,age       ] GC(128) Desired survivor size 33554432 bytes, new threshold 15 (max threshold 15)
[2020-09-24T03:37:29.407+0000][23404][gc,age       ] GC(128) Age table with threshold 15 (max threshold 15)
[2020-09-24T03:37:29.407+0000][23404][gc,age       ] GC(128) - age   1:    3011960 bytes,    3011960 total
[2020-09-24T03:37:29.407+0000][23404][gc,age       ] GC(128) - age   2:      19880 bytes,    3031840 total
[2020-09-24T03:37:29.407+0000][23404][gc,age       ] GC(128) - age   3:      18048 bytes,    3049888 total
[2020-09-24T03:37:29.407+0000][23404][gc,age       ] GC(128) - age   4:       1792 bytes,    3051680 total
[2020-09-24T03:37:29.407+0000][23404][gc,age       ] GC(128) - age   5:       1600 bytes,    3053280 total
[2020-09-24T03:37:29.407+0000][23404][gc,age       ] GC(128) - age   6:        600 bytes,    3053880 total
[2020-09-24T03:37:29.407+0000][23404][gc,age       ] GC(128) - age   7:       1832 bytes,    3055712 total
[2020-09-24T03:37:29.407+0000][23404][gc,age       ] GC(128) - age   8:       1480 bytes,    3057192 total
[2020-09-24T03:37:29.407+0000][23404][gc,age       ] GC(128) - age   9:      20208 bytes,    3077400 total
[2020-09-24T03:37:29.407+0000][23404][gc,age       ] GC(128) - age  10:      60992 bytes,    3138392 total
[2020-09-24T03:37:29.407+0000][23404][gc,age       ] GC(128) - age  11:     260032 bytes,    3398424 total
[2020-09-24T03:37:29.407+0000][23404][gc,age       ] GC(128) - age  12:     216728 bytes,    3615152 total
[2020-09-24T03:37:29.407+0000][23404][gc,age       ] GC(128) - age  13:       4432 bytes,    3619584 total
[2020-09-24T03:37:29.407+0000][23404][gc,age       ] GC(128) - age  14:       1112 bytes,    3620696 total
[2020-09-24T03:37:29.407+0000][23404][gc,age       ] GC(128) - age  15:      11112 bytes,    3631808 total
[2020-09-24T03:37:29.407+0000][23404][gc,phases    ] GC(128)   Pre Evacuate Collection Set: 0.5ms
[2020-09-24T03:37:29.408+0000][23404][gc,phases    ] GC(128)   Merge Heap Roots: 0.2ms
[2020-09-24T03:37:29.408+0000][23404][gc,phases    ] GC(128)   Evacuate Collection Set: 2.7ms
[2020-09-24T03:37:29.408+0000][23404][gc,phases    ] GC(128)   Post Evacuate Collection Set: 1.1ms
[2020-09-24T03:37:29.408+0000][23404][gc,phases    ] GC(128)   Other: 1.2ms
[2020-09-24T03:37:29.408+0000][23404][gc,heap      ] GC(128) Eden regions: 90->0(503)
[2020-09-24T03:37:29.408+0000][23404][gc,heap      ] GC(128) Survivor regions: 4->4(64)
[2020-09-24T03:37:29.408+0000][23404][gc,heap      ] GC(128) Old regions: 77->77
[2020-09-24T03:37:29.408+0000][23404][gc,heap      ] GC(128) Archive regions: 0->0
[2020-09-24T03:37:29.408+0000][23404][gc,heap      ] GC(128) Humongous regions: 426->174
[2020-09-24T03:37:29.408+0000][23404][gc,metaspace ] GC(128) Metaspace: 86756K(92800K)->86756K(92800K) NonClass: 75595K(79104K)->75595K(79104K) Class: 11160K(13696K)->11160K(13696K)
[2020-09-24T03:37:29.408+0000][23404][gc           ] GC(128) Pause Young (Concurrent Start) (G1 Humongous Allocation) 595M->253M(1024M) 6.161ms
[2020-09-24T03:37:29.408+0000][23404][gc,cpu       ] GC(128) User=0.00s Sys=0.00s Real=0.01s
[2020-09-24T03:37:29.408+0000][23404][gc           ] GC(129) Concurrent Cycle
[2020-09-24T03:37:29.408+0000][23404][gc,marking   ] GC(129) Concurrent Clear Claimed Marks
[2020-09-24T03:37:29.409+0000][23404][gc,marking   ] GC(129) Concurrent Clear Claimed Marks 0.315ms
[2020-09-24T03:37:29.409+0000][23404][gc,marking   ] GC(129) Concurrent Scan Root Regions
[2020-09-24T03:37:29.410+0000][23404][gc,marking   ] GC(129) Concurrent Scan Root Regions 1.633ms
[2020-09-24T03:37:29.410+0000][23404][safepoint    ] Safepoint "G1TryInitiateConcMark", Time since last: 15334100 ns, Reaching safepoint: 209700 ns, At safepoint: 8460600 ns, Total: 8670300 ns
[2020-09-24T03:37:29.410+0000][23404][gc,marking   ] GC(129) Concurrent Mark (121.844s)
[2020-09-24T03:37:29.410+0000][23404][gc,marking   ] GC(129) Concurrent Mark From Roots
[2020-09-24T03:37:29.410+0000][23404][gc,task      ] GC(129) Using 2 workers of 2 for marking
[2020-09-24T03:37:29.554+0000][23404][gc,marking   ] GC(129) Concurrent Mark From Roots 143.280ms
[2020-09-24T03:37:29.554+0000][23404][gc,marking   ] GC(129) Concurrent Preclean
[2020-09-24T03:37:29.554+0000][23404][gc,marking   ] GC(129) Concurrent Preclean 0.465ms
[2020-09-24T03:37:29.554+0000][23404][gc,marking   ] GC(129) Concurrent Mark (121.844s, 121.988s) 144.016ms
[2020-09-24T03:37:29.563+0000][23404][gc,start     ] GC(129) Pause Remark
[2020-09-24T03:37:29.569+0000][23404][gc           ] GC(129) Pause Remark 402M->402M(1024M) 6.093ms
[2020-09-24T03:37:29.569+0000][23404][gc,cpu       ] GC(129) User=0.00s Sys=0.00s Real=0.01s
[2020-09-24T03:37:29.569+0000][23404][safepoint    ] Safepoint "G1Concurrent", Time since last: 144145400 ns, Reaching safepoint: 8322600 ns, At safepoint: 6362200 ns, Total: 14684800 ns
[2020-09-24T03:37:29.569+0000][23404][gc,marking   ] GC(129) Concurrent Rebuild Remembered Sets
[2020-09-24T03:37:29.654+0000][23404][gc,marking   ] GC(129) Concurrent Rebuild Remembered Sets 85.082ms
[2020-09-24T03:37:29.655+0000][23404][gc,start     ] GC(129) Pause Cleanup
[2020-09-24T03:37:29.655+0000][23404][gc           ] GC(129) Pause Cleanup 474M->474M(1024M) 0.348ms
[2020-09-24T03:37:29.655+0000][23404][gc,cpu       ] GC(129) User=0.00s Sys=0.00s Real=0.00s
[2020-09-24T03:37:29.655+0000][23404][safepoint    ] Safepoint "G1Concurrent", Time since last: 85304600 ns, Reaching safepoint: 227500 ns, At safepoint: 591000 ns, Total: 818500 ns
[2020-09-24T03:37:29.655+0000][23404][gc,marking   ] GC(129) Concurrent Cleanup for Next Mark
[2020-09-24T03:37:29.657+0000][23404][gc,marking   ] GC(129) Concurrent Cleanup for Next Mark 2.014ms
[2020-09-24T03:37:29.657+0000][23404][gc           ] GC(129) Concurrent Cycle 249.287ms
[2020-09-24T03:37:29.668+0000][23404][gc,start     ] GC(130) Pause Young (Concurrent Start) (G1 Humongous Allocation)
[2020-09-24T03:37:29.668+0000][23404][gc,task      ] GC(130) Using 8 workers of 8 for evacuation
[2020-09-24T03:37:29.668+0000][23404][gc,age       ] GC(130) Desired survivor size 33554432 bytes, new threshold 15 (max threshold 15)
[2020-09-24T03:37:29.672+0000][23404][gc,age       ] GC(130) Age table with threshold 15 (max threshold 15)
[2020-09-24T03:37:29.672+0000][23404][gc,age       ] GC(130) - age   1:    3905808 bytes,    3905808 total
[2020-09-24T03:37:29.672+0000][23404][gc,age       ] GC(130) - age   2:      18072 bytes,    3923880 total
[2020-09-24T03:37:29.673+0000][23404][gc,age       ] GC(130) - age   3:      14224 bytes,    3938104 total
[2020-09-24T03:37:29.673+0000][23404][gc,age       ] GC(130) - age   4:      16872 bytes,    3954976 total
[2020-09-24T03:37:29.673+0000][23404][gc,age       ] GC(130) - age   5:       1664 bytes,    3956640 total
[2020-09-24T03:37:29.673+0000][23404][gc,age       ] GC(130) - age   6:       1600 bytes,    3958240 total
[2020-09-24T03:37:29.673+0000][23404][gc,age       ] GC(130) - age   7:        600 bytes,    3958840 total
[2020-09-24T03:37:29.673+0000][23404][gc,age       ] GC(130) - age   8:       1800 bytes,    3960640 total
[2020-09-24T03:37:29.673+0000][23404][gc,age       ] GC(130) - age   9:       1480 bytes,    3962120 total
[2020-09-24T03:37:29.673+0000][23404][gc,age       ] GC(130) - age  10:      20176 bytes,    3982296 total
[2020-09-24T03:37:29.673+0000][23404][gc,age       ] GC(130) - age  11:      60992 bytes,    4043288 total
[2020-09-24T03:37:29.673+0000][23404][gc,age       ] GC(130) - age  12:     259952 bytes,    4303240 total
[2020-09-24T03:37:29.673+0000][23404][gc,age       ] GC(130) - age  13:     216416 bytes,    4519656 total
[2020-09-24T03:37:29.673+0000][23404][gc,age       ] GC(130) - age  14:       4432 bytes,    4524088 total
[2020-09-24T03:37:29.673+0000][23404][gc,age       ] GC(130) - age  15:       1016 bytes,    4525104 total
[2020-09-24T03:37:29.673+0000][23404][gc,phases    ] GC(130)   Pre Evacuate Collection Set: 0.4ms
[2020-09-24T03:37:29.673+0000][23404][gc,phases    ] GC(130)   Merge Heap Roots: 0.1ms
[2020-09-24T03:37:29.673+0000][23404][gc,phases    ] GC(130)   Evacuate Collection Set: 2.7ms
[2020-09-24T03:37:29.673+0000][23404][gc,phases    ] GC(130)   Post Evacuate Collection Set: 0.8ms
[2020-09-24T03:37:29.673+0000][23404][gc,phases    ] GC(130)   Other: 0.8ms
[2020-09-24T03:37:29.673+0000][23404][gc,heap      ] GC(130) Eden regions: 70->0(502)
[2020-09-24T03:37:29.673+0000][23404][gc,heap      ] GC(130) Survivor regions: 4->5(64)
[2020-09-24T03:37:29.673+0000][23404][gc,heap      ] GC(130) Old regions: 77->77
[2020-09-24T03:37:29.673+0000][23404][gc,heap      ] GC(130) Archive regions: 0->0
[2020-09-24T03:37:29.673+0000][23404][gc,heap      ] GC(130) Humongous regions: 330->174
[2020-09-24T03:37:29.673+0000][23404][gc,metaspace ] GC(130) Metaspace: 86775K(93056K)->86775K(93056K) NonClass: 75614K(79360K)->75614K(79360K) Class: 11160K(13696K)->11160K(13696K)
[2020-09-24T03:37:29.673+0000][23404][gc           ] GC(130) Pause Young (Concurrent Start) (G1 Humongous Allocation) 479M->254M(1024M) 5.063ms
[2020-09-24T03:37:29.673+0000][23404][gc,cpu       ] GC(130) User=0.00s Sys=0.00s Real=0.01s
[2020-09-24T03:37:29.673+0000][23404][safepoint    ] Safepoint "G1TryInitiateConcMark", Time since last: 12822300 ns, Reaching safepoint: 126400 ns, At safepoint: 5213900 ns, Total: 5340300 ns
[2020-09-24T03:37:29.673+0000][23404][gc           ] GC(131) Concurrent Cycle
[2020-09-24T03:37:29.673+0000][23404][gc,marking   ] GC(131) Concurrent Clear Claimed Marks
[2020-09-24T03:37:29.674+0000][23404][gc,marking   ] GC(131) Concurrent Clear Claimed Marks 0.428ms
[2020-09-24T03:37:29.674+0000][23404][gc,marking   ] GC(131) Concurrent Scan Root Regions
[2020-09-24T03:37:29.678+0000][23404][gc,marking   ] GC(131) Concurrent Scan Root Regions 3.609ms
[2020-09-24T03:37:29.678+0000][23404][gc,marking   ] GC(131) Concurrent Mark (122.112s)
[2020-09-24T03:37:29.678+0000][23404][gc,marking   ] GC(131) Concurrent Mark From Roots
[2020-09-24T03:37:29.678+0000][23404][gc,task      ] GC(131) Using 2 workers of 2 for marking
[2020-09-24T03:37:29.827+0000][23404][gc,marking   ] GC(131) Concurrent Mark From Roots 148.844ms
[2020-09-24T03:37:29.827+0000][23404][gc,marking   ] GC(131) Concurrent Preclean
[2020-09-24T03:37:29.827+0000][23404][gc,marking   ] GC(131) Concurrent Preclean 0.456ms
[2020-09-24T03:37:29.827+0000][23404][gc,marking   ] GC(131) Concurrent Mark (122.112s, 122.261s) 149.485ms
[2020-09-24T03:37:29.828+0000][23404][gc,start     ] GC(131) Pause Remark
[2020-09-24T03:37:29.834+0000][23404][gc           ] GC(131) Pause Remark 460M->460M(1024M) 6.157ms
[2020-09-24T03:37:29.834+0000][23404][gc,cpu       ] GC(131) User=0.00s Sys=0.00s Real=0.01s
[2020-09-24T03:37:29.834+0000][23404][safepoint    ] Safepoint "G1Concurrent", Time since last: 153963800 ns, Reaching safepoint: 180500 ns, At safepoint: 6496800 ns, Total: 6677300 ns
[2020-09-24T03:37:29.834+0000][23404][gc,marking   ] GC(131) Concurrent Rebuild Remembered Sets
[2020-09-24T03:37:29.919+0000][23404][gc,marking   ] GC(131) Concurrent Rebuild Remembered Sets 84.983ms
[2020-09-24T03:37:29.920+0000][23404][gc,start     ] GC(131) Pause Cleanup
[2020-09-24T03:37:29.920+0000][23404][gc           ] GC(131) Pause Cleanup 474M->474M(1024M) 0.289ms
[2020-09-24T03:37:29.920+0000][23404][gc,cpu       ] GC(131) User=0.00s Sys=0.00s Real=0.00s
[2020-09-24T03:37:29.921+0000][23404][safepoint    ] Safepoint "G1Concurrent", Time since last: 85221200 ns, Reaching safepoint: 317400 ns, At safepoint: 1074200 ns, Total: 1391600 ns
[2020-09-24T03:37:29.921+0000][23404][gc,marking   ] GC(131) Concurrent Cleanup for Next Mark
[2020-09-24T03:37:29.923+0000][23404][gc,marking   ] GC(131) Concurrent Cleanup for Next Mark 2.232ms
[2020-09-24T03:37:29.923+0000][23404][gc           ] GC(131) Concurrent Cycle 249.746ms
[2020-09-24T03:37:29.931+0000][23404][gc,start     ] GC(132) Pause Young (Concurrent Start) (G1 Humongous Allocation)
[2020-09-24T03:37:29.931+0000][23404][gc,task      ] GC(132) Using 8 workers of 8 for evacuation
[2020-09-24T03:37:29.931+0000][23404][gc,age       ] GC(132) Desired survivor size 33554432 bytes, new threshold 15 (max threshold 15)
[2020-09-24T03:37:29.937+0000][23404][gc,age       ] GC(132) Age table with threshold 15 (max threshold 15)
[2020-09-24T03:37:29.937+0000][23404][gc,age       ] GC(132) - age   1:   13494920 bytes,   13494920 total
[2020-09-24T03:37:29.937+0000][23404][gc,age       ] GC(132) - age   2:       4288 bytes,   13499208 total
[2020-09-24T03:37:29.937+0000][23404][gc,age       ] GC(132) - age   3:      11704 bytes,   13510912 total
[2020-09-24T03:37:29.937+0000][23404][gc,age       ] GC(132) - age   4:      12664 bytes,   13523576 total
[2020-09-24T03:37:29.937+0000][23404][gc,age       ] GC(132) - age   5:      16360 bytes,   13539936 total
[2020-09-24T03:37:29.937+0000][23404][gc,age       ] GC(132) - age   6:       1568 bytes,   13541504 total
[2020-09-24T03:37:29.937+0000][23404][gc,age       ] GC(132) - age   7:       1600 bytes,   13543104 total
[2020-09-24T03:37:29.937+0000][23404][gc,age       ] GC(132) - age   8:        600 bytes,   13543704 total
[2020-09-24T03:37:29.937+0000][23404][gc,age       ] GC(132) - age   9:       1768 bytes,   13545472 total
[2020-09-24T03:37:29.937+0000][23404][gc,age       ] GC(132) - age  10:       1480 bytes,   13546952 total
[2020-09-24T03:37:29.937+0000][23404][gc,age       ] GC(132) - age  11:      20144 bytes,   13567096 total
[2020-09-24T03:37:29.937+0000][23404][gc,age       ] GC(132) - age  12:      60992 bytes,   13628088 total
[2020-09-24T03:37:29.937+0000][23404][gc,age       ] GC(132) - age  13:     259320 bytes,   13887408 total
[2020-09-24T03:37:29.937+0000][23404][gc,age       ] GC(132) - age  14:     216384 bytes,   14103792 total
[2020-09-24T03:37:29.937+0000][23404][gc,age       ] GC(132) - age  15:       4432 bytes,   14108224 total
[2020-09-24T03:37:29.937+0000][23404][gc,phases    ] GC(132)   Pre Evacuate Collection Set: 0.4ms
[2020-09-24T03:37:29.937+0000][23404][gc,phases    ] GC(132)   Merge Heap Roots: 0.1ms
[2020-09-24T03:37:29.937+0000][23404][gc,phases    ] GC(132)   Evacuate Collection Set: 3.9ms
[2020-09-24T03:37:29.937+0000][23404][gc,phases    ] GC(132)   Post Evacuate Collection Set: 0.9ms
[2020-09-24T03:37:29.937+0000][23404][gc,phases    ] GC(132)   Other: 0.8ms
[2020-09-24T03:37:29.937+0000][23404][gc,heap      ] GC(132) Eden regions: 89->0(482)
[2020-09-24T03:37:29.937+0000][23404][gc,heap      ] GC(132) Survivor regions: 5->14(64)
[2020-09-24T03:37:29.937+0000][23404][gc,heap      ] GC(132) Old regions: 77->77
[2020-09-24T03:37:29.937+0000][23404][gc,heap      ] GC(132) Archive regions: 0->0
[2020-09-24T03:37:29.937+0000][23404][gc,heap      ] GC(132) Humongous regions: 326->174
[2020-09-24T03:37:29.937+0000][23404][gc,metaspace ] GC(132) Metaspace: 86860K(93056K)->86860K(93056K) NonClass: 75699K(79360K)->75699K(79360K) Class: 11160K(13696K)->11160K(13696K)
[2020-09-24T03:37:29.937+0000][23404][gc           ] GC(132) Pause Young (Concurrent Start) (G1 Humongous Allocation) 495M->263M(1024M) 6.290ms
[2020-09-24T03:37:29.937+0000][23404][gc,cpu       ] GC(132) User=0.00s Sys=0.00s Real=0.01s
[2020-09-24T03:37:29.937+0000][23404][gc           ] GC(133) Concurrent Cycle
[2020-09-24T03:37:29.938+0000][23404][safepoint    ] Safepoint "G1TryInitiateConcMark", Time since last: 10274800 ns, Reaching safepoint: 172000 ns, At safepoint: 6476400 ns, Total: 6648400 ns
[2020-09-24T03:37:29.938+0000][23404][gc,marking   ] GC(133) Concurrent Clear Claimed Marks
[2020-09-24T03:37:29.938+0000][23404][gc,marking   ] GC(133) Concurrent Clear Claimed Marks 0.741ms
[2020-09-24T03:37:29.938+0000][23404][gc,marking   ] GC(133) Concurrent Scan Root Regions
[2020-09-24T03:37:29.943+0000][23404][gc,marking   ] GC(133) Concurrent Scan Root Regions 4.556ms
[2020-09-24T03:37:29.943+0000][23404][gc,marking   ] GC(133) Concurrent Mark (122.378s)
[2020-09-24T03:37:29.943+0000][23404][gc,marking   ] GC(133) Concurrent Mark From Roots
[2020-09-24T03:37:29.944+0000][23404][gc,task      ] GC(133) Using 2 workers of 2 for marking
[2020-09-24T03:37:30.094+0000][23404][gc,marking   ] GC(133) Concurrent Mark From Roots 149.618ms
[2020-09-24T03:37:30.094+0000][23404][gc,marking   ] GC(133) Concurrent Preclean
[2020-09-24T03:37:30.094+0000][23404][gc,marking   ] GC(133) Concurrent Preclean 0.594ms
[2020-09-24T03:37:30.094+0000][23404][gc,marking   ] GC(133) Concurrent Mark (122.378s, 122.528s) 150.481ms
[2020-09-24T03:37:30.095+0000][23404][gc,start     ] GC(133) Pause Remark
[2020-09-24T03:37:30.101+0000][23404][gc           ] GC(133) Pause Remark 596M->596M(1024M) 6.076ms
[2020-09-24T03:37:30.101+0000][23404][gc,cpu       ] GC(133) User=0.00s Sys=0.00s Real=0.01s
[2020-09-24T03:37:30.101+0000][23404][safepoint    ] Safepoint "G1Concurrent", Time since last: 156398800 ns, Reaching safepoint: 211300 ns, At safepoint: 6361400 ns, Total: 6572700 ns
[2020-09-24T03:37:30.101+0000][23404][gc,marking   ] GC(133) Concurrent Rebuild Remembered Sets
[2020-09-24T03:37:30.197+0000][23404][gc,marking   ] GC(133) Concurrent Rebuild Remembered Sets 96.088ms
[2020-09-24T03:37:30.198+0000][23404][gc,start     ] GC(133) Pause Cleanup
[2020-09-24T03:37:30.198+0000][23404][gc           ] GC(133) Pause Cleanup 920M->920M(1024M) 0.435ms
[2020-09-24T03:37:30.198+0000][23404][gc,cpu       ] GC(133) User=0.00s Sys=0.00s Real=0.00s
[2020-09-24T03:37:30.199+0000][23404][safepoint    ] Safepoint "G1Concurrent", Time since last: 96387500 ns, Reaching safepoint: 363900 ns, At safepoint: 862600 ns, Total: 1226500 ns
[2020-09-24T03:37:30.199+0000][23404][gc,marking   ] GC(133) Concurrent Cleanup for Next Mark
[2020-09-24T03:37:30.201+0000][23404][gc,marking   ] GC(133) Concurrent Cleanup for Next Mark 2.452ms
[2020-09-24T03:37:30.201+0000][23404][gc           ] GC(133) Concurrent Cycle 263.311ms
[2020-09-24T03:37:30.280+0000][23404][gc,start     ] GC(134) Pause Young (Concurrent Start) (G1 Humongous Allocation)
[2020-09-24T03:37:30.280+0000][23404][gc,task      ] GC(134) Using 8 workers of 8 for evacuation
[2020-09-24T03:37:30.280+0000][23404][gc,age       ] GC(134) Desired survivor size 32505856 bytes, new threshold 15 (max threshold 15)
[2020-09-24T03:37:30.285+0000][23404][gc,age       ] GC(134) Age table with threshold 15 (max threshold 15)
[2020-09-24T03:37:30.285+0000][23404][gc,age       ] GC(134) - age   1:    7831176 bytes,    7831176 total
[2020-09-24T03:37:30.285+0000][23404][gc,age       ] GC(134) - age   2:      14824 bytes,    7846000 total
[2020-09-24T03:37:30.285+0000][23404][gc,age       ] GC(134) - age   3:       3536 bytes,    7849536 total
[2020-09-24T03:37:30.285+0000][23404][gc,age       ] GC(134) - age   4:      11320 bytes,    7860856 total
[2020-09-24T03:37:30.286+0000][23404][gc,age       ] GC(134) - age   5:      12336 bytes,    7873192 total
[2020-09-24T03:37:30.286+0000][23404][gc,age       ] GC(134) - age   6:      16264 bytes,    7889456 total
[2020-09-24T03:37:30.286+0000][23404][gc,age       ] GC(134) - age   7:       1440 bytes,    7890896 total
[2020-09-24T03:37:30.286+0000][23404][gc,age       ] GC(134) - age   8:       1504 bytes,    7892400 total
[2020-09-24T03:37:30.286+0000][23404][gc,age       ] GC(134) - age   9:        600 bytes,    7893000 total
[2020-09-24T03:37:30.286+0000][23404][gc,age       ] GC(134) - age  10:       1704 bytes,    7894704 total
[2020-09-24T03:37:30.286+0000][23404][gc,age       ] GC(134) - age  11:       1480 bytes,    7896184 total
[2020-09-24T03:37:30.286+0000][23404][gc,age       ] GC(134) - age  12:      20144 bytes,    7916328 total
[2020-09-24T03:37:30.286+0000][23404][gc,age       ] GC(134) - age  13:      60992 bytes,    7977320 total
[2020-09-24T03:37:30.286+0000][23404][gc,age       ] GC(134) - age  14:     259320 bytes,    8236640 total
[2020-09-24T03:37:30.286+0000][23404][gc,age       ] GC(134) - age  15:     216288 bytes,    8452928 total
[2020-09-24T03:37:30.286+0000][23404][gc,phases    ] GC(134)   Pre Evacuate Collection Set: 0.5ms
[2020-09-24T03:37:30.286+0000][23404][gc,phases    ] GC(134)   Merge Heap Roots: 0.1ms
[2020-09-24T03:37:30.286+0000][23404][gc,phases    ] GC(134)   Evacuate Collection Set: 3.2ms
[2020-09-24T03:37:30.286+0000][23404][gc,phases    ] GC(134)   Post Evacuate Collection Set: 1.4ms
[2020-09-24T03:37:30.286+0000][23404][gc,phases    ] GC(134)   Other: 1.2ms
[2020-09-24T03:37:30.286+0000][23404][gc,heap      ] GC(134) Eden regions: 183->0(486)
[2020-09-24T03:37:30.286+0000][23404][gc,heap      ] GC(134) Survivor regions: 14->9(62)
[2020-09-24T03:37:30.286+0000][23404][gc,heap      ] GC(134) Old regions: 77->77
[2020-09-24T03:37:30.286+0000][23404][gc,heap      ] GC(134) Archive regions: 0->0
[2020-09-24T03:37:30.286+0000][23404][gc,heap      ] GC(134) Humongous regions: 686->174
[2020-09-24T03:37:30.287+0000][23404][gc,metaspace ] GC(134) Metaspace: 86901K(93056K)->86901K(93056K) NonClass: 75739K(79360K)->75739K(79360K) Class: 11161K(13696K)->11161K(13696K)
[2020-09-24T03:37:30.287+0000][23404][gc           ] GC(134) Pause Young (Concurrent Start) (G1 Humongous Allocation) 958M->258M(1024M) 6.955ms
[2020-09-24T03:37:30.287+0000][23404][gc,cpu       ] GC(134) User=0.00s Sys=0.00s Real=0.01s
[2020-09-24T03:37:30.287+0000][23404][gc           ] GC(135) Concurrent Cycle
[2020-09-24T03:37:30.287+0000][23404][gc,marking   ] GC(135) Concurrent Clear Claimed Marks
[2020-09-24T03:37:30.287+0000][23404][gc,marking   ] GC(135) Concurrent Clear Claimed Marks 0.310ms
[2020-09-24T03:37:30.287+0000][23404][gc,marking   ] GC(135) Concurrent Scan Root Regions
[2020-09-24T03:37:30.289+0000][23404][gc,marking   ] GC(135) Concurrent Scan Root Regions 1.885ms
[2020-09-24T03:37:30.289+0000][23404][gc,marking   ] GC(135) Concurrent Mark (122.723s)
[2020-09-24T03:37:30.289+0000][23404][gc,marking   ] GC(135) Concurrent Mark From Roots
[2020-09-24T03:37:30.289+0000][23404][gc,task      ] GC(135) Using 2 workers of 2 for marking
[2020-09-24T03:37:30.290+0000][23404][safepoint    ] Safepoint "G1TryInitiateConcMark", Time since last: 80796600 ns, Reaching safepoint: 211200 ns, At safepoint: 10051100 ns, Total: 10262300 ns
[2020-09-24T03:37:30.445+0000][23404][gc,marking   ] GC(135) Concurrent Mark From Roots 156.250ms
[2020-09-24T03:37:30.446+0000][23404][gc,marking   ] GC(135) Concurrent Preclean
[2020-09-24T03:37:30.446+0000][23404][gc,marking   ] GC(135) Concurrent Preclean 0.592ms
[2020-09-24T03:37:30.446+0000][23404][gc,marking   ] GC(135) Concurrent Mark (122.723s, 122.880s) 157.102ms
[2020-09-24T03:37:30.447+0000][23404][gc,start     ] GC(135) Pause Remark
[2020-09-24T03:37:30.453+0000][23404][gc           ] GC(135) Pause Remark 598M->598M(1024M) 6.075ms
[2020-09-24T03:37:30.453+0000][23404][gc,cpu       ] GC(135) User=0.00s Sys=0.00s Real=0.01s
[2020-09-24T03:37:30.453+0000][23404][safepoint    ] Safepoint "G1Concurrent", Time since last: 156668200 ns, Reaching safepoint: 247700 ns, At safepoint: 6365100 ns, Total: 6612800 ns
[2020-09-24T03:37:30.453+0000][23404][gc,marking   ] GC(135) Concurrent Rebuild Remembered Sets
[2020-09-24T03:37:30.540+0000][23404][gc,marking   ] GC(135) Concurrent Rebuild Remembered Sets 87.715ms
[2020-09-24T03:37:30.540+0000][23404][gc,start     ] GC(135) Pause Cleanup
[2020-09-24T03:37:30.541+0000][23404][gc           ] GC(135) Pause Cleanup 730M->730M(1024M) 0.425ms
[2020-09-24T03:37:30.541+0000][23404][gc,cpu       ] GC(135) User=0.00s Sys=0.00s Real=0.00s
[2020-09-24T03:37:30.541+0000][23404][safepoint    ] Safepoint "G1Concurrent", Time since last: 87903500 ns, Reaching safepoint: 153100 ns, At safepoint: 611600 ns, Total: 764700 ns
[2020-09-24T03:37:30.541+0000][23404][gc,marking   ] GC(135) Concurrent Cleanup for Next Mark
[2020-09-24T03:37:30.543+0000][23404][gc,marking   ] GC(135) Concurrent Cleanup for Next Mark 1.867ms
[2020-09-24T03:37:30.543+0000][23404][gc           ] GC(135) Concurrent Cycle 256.924ms
[2020-09-24T03:37:30.585+0000][23404][gc,start     ] GC(136) Pause Young (Concurrent Start) (G1 Humongous Allocation)
[2020-09-24T03:37:30.585+0000][23404][gc,task      ] GC(136) Using 8 workers of 8 for evacuation
[2020-09-24T03:37:30.585+0000][23404][gc,age       ] GC(136) Desired survivor size 32505856 bytes, new threshold 15 (max threshold 15)
[2020-09-24T03:37:30.591+0000][23404][gc,age       ] GC(136) Age table with threshold 15 (max threshold 15)
[2020-09-24T03:37:30.591+0000][23404][gc,age       ] GC(136) - age   1:    3887384 bytes,    3887384 total
[2020-09-24T03:37:30.591+0000][23404][gc,age       ] GC(136) - age   2:       7320 bytes,    3894704 total
[2020-09-24T03:37:30.591+0000][23404][gc,age       ] GC(136) - age   3:      14392 bytes,    3909096 total
[2020-09-24T03:37:30.591+0000][23404][gc,age       ] GC(136) - age   4:       2160 bytes,    3911256 total
[2020-09-24T03:37:30.591+0000][23404][gc,age       ] GC(136) - age   5:      11256 bytes,    3922512 total
[2020-09-24T03:37:30.591+0000][23404][gc,age       ] GC(136) - age   6:      12272 bytes,    3934784 total
[2020-09-24T03:37:30.591+0000][23404][gc,age       ] GC(136) - age   7:      16232 bytes,    3951016 total
[2020-09-24T03:37:30.591+0000][23404][gc,age       ] GC(136) - age   8:       1344 bytes,    3952360 total
[2020-09-24T03:37:30.591+0000][23404][gc,age       ] GC(136) - age   9:       1504 bytes,    3953864 total
[2020-09-24T03:37:30.591+0000][23404][gc,age       ] GC(136) - age  10:        600 bytes,    3954464 total
[2020-09-24T03:37:30.591+0000][23404][gc,age       ] GC(136) - age  11:       1704 bytes,    3956168 total
[2020-09-24T03:37:30.591+0000][23404][gc,age       ] GC(136) - age  12:       1480 bytes,    3957648 total
[2020-09-24T03:37:30.591+0000][23404][gc,age       ] GC(136) - age  13:      20144 bytes,    3977792 total
[2020-09-24T03:37:30.591+0000][23404][gc,age       ] GC(136) - age  14:      60992 bytes,    4038784 total
[2020-09-24T03:37:30.591+0000][23404][gc,age       ] GC(136) - age  15:     259160 bytes,    4297944 total
[2020-09-24T03:37:30.591+0000][23404][gc,phases    ] GC(136)   Pre Evacuate Collection Set: 0.5ms
[2020-09-24T03:37:30.591+0000][23404][gc,phases    ] GC(136)   Merge Heap Roots: 0.1ms
[2020-09-24T03:37:30.592+0000][23404][gc,phases    ] GC(136)   Evacuate Collection Set: 3.6ms
[2020-09-24T03:37:30.592+0000][23404][gc,phases    ] GC(136)   Post Evacuate Collection Set: 1.3ms
[2020-09-24T03:37:30.592+0000][23404][gc,phases    ] GC(136)   Other: 1.1ms
[2020-09-24T03:37:30.592+0000][23404][gc,heap      ] GC(136) Eden regions: 132->0(492)
[2020-09-24T03:37:30.592+0000][23404][gc,heap      ] GC(136) Survivor regions: 9->5(62)
[2020-09-24T03:37:30.592+0000][23404][gc,heap      ] GC(136) Old regions: 77->77
[2020-09-24T03:37:30.592+0000][23404][gc,heap      ] GC(136) Archive regions: 0->0
[2020-09-24T03:37:30.592+0000][23404][gc,heap      ] GC(136) Humongous regions: 524->174
[2020-09-24T03:37:30.592+0000][23404][gc,metaspace ] GC(136) Metaspace: 86958K(93312K)->86958K(93312K) NonClass: 75796K(79616K)->75796K(79616K) Class: 11161K(13696K)->11161K(13696K)
[2020-09-24T03:37:30.592+0000][23404][gc           ] GC(136) Pause Young (Concurrent Start) (G1 Humongous Allocation) 740M->254M(1024M) 7.048ms
[2020-09-24T03:37:30.592+0000][23404][gc,cpu       ] GC(136) User=0.09s Sys=0.02s Real=0.01s
[2020-09-24T03:37:30.592+0000][23404][safepoint    ] Safepoint "G1TryInitiateConcMark", Time since last: 43676400 ns, Reaching safepoint: 157800 ns, At safepoint: 7269300 ns, Total: 7427100 ns
[2020-09-24T03:37:30.592+0000][23404][gc           ] GC(137) Concurrent Cycle
[2020-09-24T03:37:30.592+0000][23404][gc,marking   ] GC(137) Concurrent Clear Claimed Marks
[2020-09-24T03:37:30.593+0000][23404][gc,marking   ] GC(137) Concurrent Clear Claimed Marks 0.844ms
[2020-09-24T03:37:30.593+0000][23404][gc,marking   ] GC(137) Concurrent Scan Root Regions
[2020-09-24T03:37:30.598+0000][23404][gc,marking   ] GC(137) Concurrent Scan Root Regions 4.392ms
[2020-09-24T03:37:30.598+0000][23404][gc,marking   ] GC(137) Concurrent Mark (123.032s)
[2020-09-24T03:37:30.598+0000][23404][gc,marking   ] GC(137) Concurrent Mark From Roots
[2020-09-24T03:37:30.598+0000][23404][gc,task      ] GC(137) Using 2 workers of 2 for marking
[2020-09-24T03:37:30.745+0000][23404][gc,marking   ] GC(137) Concurrent Mark From Roots 147.530ms
[2020-09-24T03:37:30.745+0000][23404][gc,marking   ] GC(137) Concurrent Preclean
[2020-09-24T03:37:30.746+0000][23404][gc,marking   ] GC(137) Concurrent Preclean 0.465ms
[2020-09-24T03:37:30.746+0000][23404][gc,marking   ] GC(137) Concurrent Mark (123.032s, 123.180s) 148.178ms
[2020-09-24T03:37:30.746+0000][23404][gc,start     ] GC(137) Pause Remark
[2020-09-24T03:37:30.753+0000][23404][gc           ] GC(137) Pause Remark 449M->449M(1024M) 6.850ms
[2020-09-24T03:37:30.753+0000][23404][gc,cpu       ] GC(137) User=0.00s Sys=0.00s Real=0.01s
[2020-09-24T03:37:30.753+0000][23404][safepoint    ] Safepoint "G1Concurrent", Time since last: 153906000 ns, Reaching safepoint: 176700 ns, At safepoint: 7178700 ns, Total: 7355400 ns
[2020-09-24T03:37:30.753+0000][23404][gc,marking   ] GC(137) Concurrent Rebuild Remembered Sets
[2020-09-24T03:37:30.848+0000][23404][gc,marking   ] GC(137) Concurrent Rebuild Remembered Sets 94.772ms
[2020-09-24T03:37:30.849+0000][23404][gc,start     ] GC(137) Pause Cleanup
[2020-09-24T03:37:30.849+0000][23404][gc           ] GC(137) Pause Cleanup 471M->471M(1024M) 0.303ms
[2020-09-24T03:37:30.849+0000][23404][gc,cpu       ] GC(137) User=0.00s Sys=0.00s Real=0.00s
[2020-09-24T03:37:30.849+0000][23404][safepoint    ] Safepoint "G1Concurrent", Time since last: 95045800 ns, Reaching safepoint: 230000 ns, At safepoint: 508500 ns, Total: 738500 ns
[2020-09-24T03:37:30.849+0000][23404][gc,marking   ] GC(137) Concurrent Cleanup for Next Mark
[2020-09-24T03:37:30.851+0000][23404][gc,marking   ] GC(137) Concurrent Cleanup for Next Mark 1.947ms
[2020-09-24T03:37:30.851+0000][23404][gc           ] GC(137) Concurrent Cycle 259.184ms
[2020-09-24T03:37:30.878+0000][23404][gc,start     ] GC(138) Pause Young (Concurrent Start) (G1 Humongous Allocation)
[2020-09-24T03:37:30.878+0000][23404][gc,task      ] GC(138) Using 8 workers of 8 for evacuation
[2020-09-24T03:37:30.878+0000][23404][gc,age       ] GC(138) Desired survivor size 33030144 bytes, new threshold 15 (max threshold 15)
[2020-09-24T03:37:30.882+0000][23404][gc,age       ] GC(138) Age table with threshold 15 (max threshold 15)
[2020-09-24T03:37:30.882+0000][23404][gc,age       ] GC(138) - age   1:    2631232 bytes,    2631232 total
[2020-09-24T03:37:30.882+0000][23404][gc,age       ] GC(138) - age   2:       6040 bytes,    2637272 total
[2020-09-24T03:37:30.882+0000][23404][gc,age       ] GC(138) - age   3:       5640 bytes,    2642912 total
[2020-09-24T03:37:30.882+0000][23404][gc,age       ] GC(138) - age   4:      13728 bytes,    2656640 total
[2020-09-24T03:37:30.882+0000][23404][gc,age       ] GC(138) - age   5:       1680 bytes,    2658320 total
[2020-09-24T03:37:30.882+0000][23404][gc,age       ] GC(138) - age   6:      11256 bytes,    2669576 total
[2020-09-24T03:37:30.882+0000][23404][gc,age       ] GC(138) - age   7:      12272 bytes,    2681848 total
[2020-09-24T03:37:30.882+0000][23404][gc,age       ] GC(138) - age   8:      16232 bytes,    2698080 total
[2020-09-24T03:37:30.882+0000][23404][gc,age       ] GC(138) - age   9:       1344 bytes,    2699424 total
[2020-09-24T03:37:30.882+0000][23404][gc,age       ] GC(138) - age  10:       1504 bytes,    2700928 total
[2020-09-24T03:37:30.882+0000][23404][gc,age       ] GC(138) - age  11:        536 bytes,    2701464 total
[2020-09-24T03:37:30.882+0000][23404][gc,age       ] GC(138) - age  12:       1704 bytes,    2703168 total
[2020-09-24T03:37:30.882+0000][23404][gc,age       ] GC(138) - age  13:       1480 bytes,    2704648 total
[2020-09-24T03:37:30.882+0000][23404][gc,age       ] GC(138) - age  14:      20144 bytes,    2724792 total
[2020-09-24T03:37:30.882+0000][23404][gc,age       ] GC(138) - age  15:      60960 bytes,    2785752 total
[2020-09-24T03:37:30.882+0000][23404][gc,phases    ] GC(138)   Pre Evacuate Collection Set: 0.5ms
[2020-09-24T03:37:30.882+0000][23404][gc,phases    ] GC(138)   Merge Heap Roots: 0.1ms
[2020-09-24T03:37:30.882+0000][23404][gc,phases    ] GC(138)   Evacuate Collection Set: 2.1ms
[2020-09-24T03:37:30.882+0000][23404][gc,phases    ] GC(138)   Post Evacuate Collection Set: 0.9ms
[2020-09-24T03:37:30.882+0000][23404][gc,phases    ] GC(138)   Other: 0.9ms
[2020-09-24T03:37:30.882+0000][23404][gc,heap      ] GC(138) Eden regions: 73->0(496)
[2020-09-24T03:37:30.882+0000][23404][gc,heap      ] GC(138) Survivor regions: 5->4(63)
[2020-09-24T03:37:30.882+0000][23404][gc,heap      ] GC(138) Old regions: 77->77
[2020-09-24T03:37:30.882+0000][23404][gc,heap      ] GC(138) Archive regions: 0->0
[2020-09-24T03:37:30.882+0000][23404][gc,heap      ] GC(138) Humongous regions: 324->174
[2020-09-24T03:37:30.882+0000][23404][gc,metaspace ] GC(138) Metaspace: 87050K(93312K)->87050K(93312K) NonClass: 75889K(79616K)->75889K(79616K) Class: 11161K(13696K)->11161K(13696K)
[2020-09-24T03:37:30.882+0000][23404][gc           ] GC(138) Pause Young (Concurrent Start) (G1 Humongous Allocation) 477M->253M(1024M) 4.677ms
[2020-09-24T03:37:30.883+0000][23404][gc,cpu       ] GC(138) User=0.00s Sys=0.00s Real=0.00s
[2020-09-24T03:37:30.883+0000][23404][gc           ] GC(139) Concurrent Cycle
[2020-09-24T03:37:30.883+0000][23404][safepoint    ] Safepoint "G1TryInitiateConcMark", Time since last: 28369700 ns, Reaching safepoint: 153700 ns, At safepoint: 4924600 ns, Total: 5078300 ns
[2020-09-24T03:37:30.883+0000][23404][gc,marking   ] GC(139) Concurrent Clear Claimed Marks
[2020-09-24T03:37:30.883+0000][23404][gc,marking   ] GC(139) Concurrent Clear Claimed Marks 0.490ms
[2020-09-24T03:37:30.883+0000][23404][gc,marking   ] GC(139) Concurrent Scan Root Regions
[2020-09-24T03:37:30.886+0000][23404][gc,marking   ] GC(139) Concurrent Scan Root Regions 2.628ms
[2020-09-24T03:37:30.886+0000][23404][gc,marking   ] GC(139) Concurrent Mark (123.320s)
[2020-09-24T03:37:30.886+0000][23404][gc,marking   ] GC(139) Concurrent Mark From Roots
[2020-09-24T03:37:30.886+0000][23404][gc,task      ] GC(139) Using 2 workers of 2 for marking
[2020-09-24T03:37:31.027+0000][23404][gc,marking   ] GC(139) Concurrent Mark From Roots 140.691ms
[2020-09-24T03:37:31.027+0000][23404][gc,marking   ] GC(139) Concurrent Preclean
[2020-09-24T03:37:31.028+0000][23404][gc,marking   ] GC(139) Concurrent Preclean 1.007ms
[2020-09-24T03:37:31.028+0000][23404][gc,marking   ] GC(139) Concurrent Mark (123.320s, 123.462s) 141.989ms
[2020-09-24T03:37:31.028+0000][23404][gc,start     ] GC(139) Pause Remark
[2020-09-24T03:37:31.035+0000][23404][gc           ] GC(139) Pause Remark 447M->447M(1024M) 6.443ms
[2020-09-24T03:37:31.035+0000][23404][gc,cpu       ] GC(139) User=0.00s Sys=0.00s Real=0.01s
[2020-09-24T03:37:31.035+0000][23404][safepoint    ] Safepoint "G1Concurrent", Time since last: 145542200 ns, Reaching safepoint: 219500 ns, At safepoint: 6757500 ns, Total: 6977000 ns
[2020-09-24T03:37:31.035+0000][23404][gc,marking   ] GC(139) Concurrent Rebuild Remembered Sets
[2020-09-24T03:37:31.128+0000][23404][gc,marking   ] GC(139) Concurrent Rebuild Remembered Sets 92.903ms
[2020-09-24T03:37:31.128+0000][23404][gc,start     ] GC(139) Pause Cleanup
[2020-09-24T03:37:31.129+0000][23404][gc           ] GC(139) Pause Cleanup 731M->731M(1024M) 0.389ms
[2020-09-24T03:37:31.129+0000][23404][gc,cpu       ] GC(139) User=0.00s Sys=0.00s Real=0.00s
[2020-09-24T03:37:31.129+0000][23404][safepoint    ] Safepoint "G1Concurrent", Time since last: 93120600 ns, Reaching safepoint: 145800 ns, At safepoint: 608100 ns, Total: 753900 ns
[2020-09-24T03:37:31.129+0000][23404][gc,marking   ] GC(139) Concurrent Cleanup for Next Mark
[2020-09-24T03:37:31.131+0000][23404][gc,marking   ] GC(139) Concurrent Cleanup for Next Mark 2.195ms
[2020-09-24T03:37:31.131+0000][23404][gc           ] GC(139) Concurrent Cycle 248.816ms
[2020-09-24T03:37:31.244+0000][23404][gc,start     ] GC(140) Pause Young (Concurrent Start) (G1 Humongous Allocation)
[2020-09-24T03:37:31.245+0000][23404][gc,task      ] GC(140) Using 8 workers of 8 for evacuation
[2020-09-24T03:37:31.245+0000][23404][gc,age       ] GC(140) Desired survivor size 33030144 bytes, new threshold 15 (max threshold 15)
[2020-09-24T03:37:31.250+0000][23404][gc,age       ] GC(140) Age table with threshold 15 (max threshold 15)
[2020-09-24T03:37:31.250+0000][23404][gc,age       ] GC(140) - age   1:   13665208 bytes,   13665208 total
[2020-09-24T03:37:31.250+0000][23404][gc,age       ] GC(140) - age   2:      31424 bytes,   13696632 total
[2020-09-24T03:37:31.250+0000][23404][gc,age       ] GC(140) - age   3:       4064 bytes,   13700696 total
[2020-09-24T03:37:31.250+0000][23404][gc,age       ] GC(140) - age   4:       5024 bytes,   13705720 total
[2020-09-24T03:37:31.250+0000][23404][gc,age       ] GC(140) - age   5:      13008 bytes,   13718728 total
[2020-09-24T03:37:31.250+0000][23404][gc,age       ] GC(140) - age   6:       1680 bytes,   13720408 total
[2020-09-24T03:37:31.250+0000][23404][gc,age       ] GC(140) - age   7:      11224 bytes,   13731632 total
[2020-09-24T03:37:31.250+0000][23404][gc,age       ] GC(140) - age   8:      12272 bytes,   13743904 total
[2020-09-24T03:37:31.250+0000][23404][gc,age       ] GC(140) - age   9:      16168 bytes,   13760072 total
[2020-09-24T03:37:31.250+0000][23404][gc,age       ] GC(140) - age  10:       1216 bytes,   13761288 total
[2020-09-24T03:37:31.250+0000][23404][gc,age       ] GC(140) - age  11:       1376 bytes,   13762664 total
[2020-09-24T03:37:31.251+0000][23404][gc,age       ] GC(140) - age  12:        536 bytes,   13763200 total
[2020-09-24T03:37:31.251+0000][23404][gc,age       ] GC(140) - age  13:       1640 bytes,   13764840 total
[2020-09-24T03:37:31.251+0000][23404][gc,age       ] GC(140) - age  14:       1416 bytes,   13766256 total
[2020-09-24T03:37:31.251+0000][23404][gc,age       ] GC(140) - age  15:      20048 bytes,   13786304 total
[2020-09-24T03:37:31.251+0000][23404][gc,phases    ] GC(140)   Pre Evacuate Collection Set: 0.5ms
[2020-09-24T03:37:31.251+0000][23404][gc,phases    ] GC(140)   Merge Heap Roots: 0.1ms
[2020-09-24T03:37:31.251+0000][23404][gc,phases    ] GC(140)   Evacuate Collection Set: 3.9ms
[2020-09-24T03:37:31.251+0000][23404][gc,phases    ] GC(140)   Post Evacuate Collection Set: 1.0ms
[2020-09-24T03:37:31.251+0000][23404][gc,phases    ] GC(140)   Other: 0.9ms
[2020-09-24T03:37:31.251+0000][23404][gc,heap      ] GC(140) Eden regions: 155->0(479)
[2020-09-24T03:37:31.251+0000][23404][gc,heap      ] GC(140) Survivor regions: 4->14(63)
[2020-09-24T03:37:31.251+0000][23404][gc,heap      ] GC(140) Old regions: 77->77
[2020-09-24T03:37:31.251+0000][23404][gc,heap      ] GC(140) Archive regions: 0->0
[2020-09-24T03:37:31.251+0000][23404][gc,heap      ] GC(140) Humongous regions: 526->174
[2020-09-24T03:37:31.251+0000][23404][gc,metaspace ] GC(140) Metaspace: 87072K(93312K)->87072K(93312K) NonClass: 75910K(79616K)->75910K(79616K) Class: 11162K(13696K)->11162K(13696K)
[2020-09-24T03:37:31.251+0000][23404][gc           ] GC(140) Pause Young (Concurrent Start) (G1 Humongous Allocation) 760M->263M(1024M) 6.710ms
[2020-09-24T03:37:31.251+0000][23404][gc,cpu       ] GC(140) User=0.00s Sys=0.00s Real=0.01s
[2020-09-24T03:37:31.251+0000][23404][gc           ] GC(141) Concurrent Cycle
[2020-09-24T03:37:31.251+0000][23404][safepoint    ] Safepoint "G1TryInitiateConcMark", Time since last: 115097900 ns, Reaching safepoint: 265400 ns, At safepoint: 6962400 ns, Total: 7227800 ns
[2020-09-24T03:37:31.251+0000][23404][gc,marking   ] GC(141) Concurrent Clear Claimed Marks
[2020-09-24T03:37:31.252+0000][23404][gc,marking   ] GC(141) Concurrent Clear Claimed Marks 0.612ms
[2020-09-24T03:37:31.252+0000][23404][gc,marking   ] GC(141) Concurrent Scan Root Regions
[2020-09-24T03:37:31.256+0000][23404][gc,marking   ] GC(141) Concurrent Scan Root Regions 4.078ms
[2020-09-24T03:37:31.256+0000][23404][gc,marking   ] GC(141) Concurrent Mark (123.691s)
[2020-09-24T03:37:31.256+0000][23404][gc,marking   ] GC(141) Concurrent Mark From Roots
[2020-09-24T03:37:31.256+0000][23404][gc,task      ] GC(141) Using 2 workers of 2 for marking
[2020-09-24T03:37:31.413+0000][23404][gc,marking   ] GC(141) Concurrent Mark From Roots 156.369ms
[2020-09-24T03:37:31.413+0000][23404][gc,marking   ] GC(141) Concurrent Preclean
[2020-09-24T03:37:31.413+0000][23404][gc,marking   ] GC(141) Concurrent Preclean 0.532ms
[2020-09-24T03:37:31.413+0000][23404][gc,marking   ] GC(141) Concurrent Mark (123.691s, 123.848s) 157.147ms
[2020-09-24T03:37:31.414+0000][23404][gc,start     ] GC(141) Pause Remark
[2020-09-24T03:37:31.419+0000][23404][gc           ] GC(141) Pause Remark 595M->595M(1024M) 5.251ms
[2020-09-24T03:37:31.419+0000][23404][gc,cpu       ] GC(141) User=0.05s Sys=0.00s Real=0.00s
[2020-09-24T03:37:31.420+0000][23404][safepoint    ] Safepoint "G1Concurrent", Time since last: 162238100 ns, Reaching safepoint: 275100 ns, At safepoint: 6493800 ns, Total: 6768900 ns
[2020-09-24T03:37:31.420+0000][23404][gc,marking   ] GC(141) Concurrent Rebuild Remembered Sets
[2020-09-24T03:37:31.517+0000][23404][gc,marking   ] GC(141) Concurrent Rebuild Remembered Sets 96.622ms
[2020-09-24T03:37:31.517+0000][23404][gc,start     ] GC(141) Pause Cleanup
[2020-09-24T03:37:31.518+0000][23404][gc           ] GC(141) Pause Cleanup 866M->866M(1024M) 0.432ms
[2020-09-24T03:37:31.518+0000][23404][gc,cpu       ] GC(141) User=0.00s Sys=0.00s Real=0.00s
[2020-09-24T03:37:31.518+0000][23404][safepoint    ] Safepoint "G1Concurrent", Time since last: 96866700 ns, Reaching safepoint: 226200 ns, At safepoint: 998500 ns, Total: 1224700 ns
[2020-09-24T03:37:31.519+0000][23404][gc,marking   ] GC(141) Concurrent Cleanup for Next Mark
[2020-09-24T03:37:31.522+0000][23404][gc,marking   ] GC(141) Concurrent Cleanup for Next Mark 3.134ms
[2020-09-24T03:37:31.522+0000][23404][gc           ] GC(141) Concurrent Cycle 270.658ms
[2020-09-24T03:37:31.523+0000][23404][gc,start     ] GC(142) Pause Young (Concurrent Start) (G1 Humongous Allocation)
[2020-09-24T03:37:31.523+0000][23404][gc,task      ] GC(142) Using 8 workers of 8 for evacuation
[2020-09-24T03:37:31.523+0000][23404][gc,age       ] GC(142) Desired survivor size 32505856 bytes, new threshold 15 (max threshold 15)
[2020-09-24T03:37:31.529+0000][23404][gc,age       ] GC(142) Age table with threshold 15 (max threshold 15)
[2020-09-24T03:37:31.529+0000][23404][gc,age       ] GC(142) - age   1:    3188008 bytes,    3188008 total
[2020-09-24T03:37:31.529+0000][23404][gc,age       ] GC(142) - age   2:      18112 bytes,    3206120 total
[2020-09-24T03:37:31.529+0000][23404][gc,age       ] GC(142) - age   3:      31320 bytes,    3237440 total
[2020-09-24T03:37:31.529+0000][23404][gc,age       ] GC(142) - age   4:       3864 bytes,    3241304 total
[2020-09-24T03:37:31.529+0000][23404][gc,age       ] GC(142) - age   5:       5024 bytes,    3246328 total
[2020-09-24T03:37:31.529+0000][23404][gc,age       ] GC(142) - age   6:      13008 bytes,    3259336 total
[2020-09-24T03:37:31.530+0000][23404][gc,age       ] GC(142) - age   7:       1584 bytes,    3260920 total
[2020-09-24T03:37:31.530+0000][23404][gc,age       ] GC(142) - age   8:      11192 bytes,    3272112 total
[2020-09-24T03:37:31.530+0000][23404][gc,age       ] GC(142) - age   9:      12272 bytes,    3284384 total
[2020-09-24T03:37:31.530+0000][23404][gc,age       ] GC(142) - age  10:      16168 bytes,    3300552 total
[2020-09-24T03:37:31.530+0000][23404][gc,age       ] GC(142) - age  11:       1216 bytes,    3301768 total
[2020-09-24T03:37:31.530+0000][23404][gc,age       ] GC(142) - age  12:       1376 bytes,    3303144 total
[2020-09-24T03:37:31.530+0000][23404][gc,age       ] GC(142) - age  13:        536 bytes,    3303680 total
[2020-09-24T03:37:31.530+0000][23404][gc,age       ] GC(142) - age  14:       1640 bytes,    3305320 total
[2020-09-24T03:37:31.530+0000][23404][gc,age       ] GC(142) - age  15:       1416 bytes,    3306736 total
[2020-09-24T03:37:31.530+0000][23404][gc,phases    ] GC(142)   Pre Evacuate Collection Set: 1.3ms
[2020-09-24T03:37:31.530+0000][23404][gc,phases    ] GC(142)   Merge Heap Roots: 0.1ms
[2020-09-24T03:37:31.530+0000][23404][gc,phases    ] GC(142)   Evacuate Collection Set: 2.7ms
[2020-09-24T03:37:31.530+0000][23404][gc,phases    ] GC(142)   Post Evacuate Collection Set: 1.7ms
[2020-09-24T03:37:31.530+0000][23404][gc,phases    ] GC(142)   Other: 1.2ms
[2020-09-24T03:37:31.530+0000][23404][gc,heap      ] GC(142) Eden regions: 142->0(491)
[2020-09-24T03:37:31.530+0000][23404][gc,heap      ] GC(142) Survivor regions: 14->4(62)
[2020-09-24T03:37:31.530+0000][23404][gc,heap      ] GC(142) Old regions: 77->77
[2020-09-24T03:37:31.530+0000][23404][gc,heap      ] GC(142) Archive regions: 0->0
[2020-09-24T03:37:31.530+0000][23404][gc,heap      ] GC(142) Humongous regions: 658->174
[2020-09-24T03:37:31.530+0000][23404][gc,metaspace ] GC(142) Metaspace: 87088K(93312K)->87088K(93312K) NonClass: 75926K(79616K)->75926K(79616K) Class: 11162K(13696K)->11162K(13696K)
[2020-09-24T03:37:31.530+0000][23404][gc           ] GC(142) Pause Young (Concurrent Start) (G1 Humongous Allocation) 889M->254M(1024M) 7.295ms
[2020-09-24T03:37:31.530+0000][23404][gc,cpu       ] GC(142) User=0.05s Sys=0.00s Real=0.01s
[2020-09-24T03:37:31.530+0000][23404][gc           ] GC(143) Concurrent Cycle
[2020-09-24T03:37:31.530+0000][23404][gc,marking   ] GC(143) Concurrent Clear Claimed Marks
[2020-09-24T03:37:31.530+0000][23404][safepoint    ] Safepoint "G1TryInitiateConcMark", Time since last: 3841900 ns, Reaching safepoint: 384000 ns, At safepoint: 7638200 ns, Total: 8022200 ns
[2020-09-24T03:37:31.531+0000][23404][gc,marking   ] GC(143) Concurrent Clear Claimed Marks 0.497ms
[2020-09-24T03:37:31.531+0000][23404][gc,marking   ] GC(143) Concurrent Scan Root Regions
[2020-09-24T03:37:31.535+0000][23404][gc,marking   ] GC(143) Concurrent Scan Root Regions 3.650ms
[2020-09-24T03:37:31.535+0000][23404][gc,marking   ] GC(143) Concurrent Mark (123.969s)
[2020-09-24T03:37:31.535+0000][23404][gc,marking   ] GC(143) Concurrent Mark From Roots
[2020-09-24T03:37:31.535+0000][23404][gc,task      ] GC(143) Using 2 workers of 2 for marking
[2020-09-24T03:37:31.689+0000][23404][gc,marking   ] GC(143) Concurrent Mark From Roots 154.400ms
[2020-09-24T03:37:31.689+0000][23404][gc,marking   ] GC(143) Concurrent Preclean
[2020-09-24T03:37:31.690+0000][23404][gc,marking   ] GC(143) Concurrent Preclean 0.533ms
[2020-09-24T03:37:31.690+0000][23404][gc,marking   ] GC(143) Concurrent Mark (123.969s, 124.124s) 155.145ms
[2020-09-24T03:37:31.690+0000][23404][gc,start     ] GC(143) Pause Remark
[2020-09-24T03:37:31.696+0000][23404][gc           ] GC(143) Pause Remark 388M->388M(1024M) 6.360ms
[2020-09-24T03:37:31.696+0000][23404][gc,cpu       ] GC(143) User=0.09s Sys=0.02s Real=0.01s
[2020-09-24T03:37:31.697+0000][23404][safepoint    ] Safepoint "G1Concurrent", Time since last: 159542100 ns, Reaching safepoint: 153800 ns, At safepoint: 6629900 ns, Total: 6783700 ns
[2020-09-24T03:37:31.697+0000][23404][gc,marking   ] GC(143) Concurrent Rebuild Remembered Sets
[2020-09-24T03:37:31.791+0000][23404][gc,marking   ] GC(143) Concurrent Rebuild Remembered Sets 93.949ms
[2020-09-24T03:37:31.791+0000][23404][gc,start     ] GC(143) Pause Cleanup
[2020-09-24T03:37:31.791+0000][23404][gc           ] GC(143) Pause Cleanup 471M->471M(1024M) 0.400ms
[2020-09-24T03:37:31.792+0000][23404][gc,cpu       ] GC(143) User=0.00s Sys=0.00s Real=0.00s
[2020-09-24T03:37:31.792+0000][23404][safepoint    ] Safepoint "G1Concurrent", Time since last: 94252900 ns, Reaching safepoint: 167800 ns, At safepoint: 596200 ns, Total: 764000 ns
[2020-09-24T03:37:31.792+0000][23404][gc,marking   ] GC(143) Concurrent Cleanup for Next Mark
[2020-09-24T03:37:31.794+0000][23404][gc,marking   ] GC(143) Concurrent Cleanup for Next Mark 2.792ms
[2020-09-24T03:37:31.795+0000][23404][gc           ] GC(143) Concurrent Cycle 264.580ms
[2020-09-24T03:37:31.795+0000][23404][gc,start     ] GC(144) Pause Young (Concurrent Start) (G1 Humongous Allocation)
[2020-09-24T03:37:31.795+0000][23404][gc,task      ] GC(144) Using 8 workers of 8 for evacuation
[2020-09-24T03:37:31.795+0000][23404][gc,age       ] GC(144) Desired survivor size 32505856 bytes, new threshold 15 (max threshold 15)
[2020-09-24T03:37:31.801+0000][23404][gc,age       ] GC(144) Age table with threshold 15 (max threshold 15)
[2020-09-24T03:37:31.801+0000][23404][gc,age       ] GC(144) - age   1:    3387784 bytes,    3387784 total
[2020-09-24T03:37:31.801+0000][23404][gc,age       ] GC(144) - age   2:       8768 bytes,    3396552 total
[2020-09-24T03:37:31.801+0000][23404][gc,age       ] GC(144) - age   3:      17744 bytes,    3414296 total
[2020-09-24T03:37:31.801+0000][23404][gc,age       ] GC(144) - age   4:      31096 bytes,    3445392 total
[2020-09-24T03:37:31.801+0000][23404][gc,age       ] GC(144) - age   5:       2304 bytes,    3447696 total
[2020-09-24T03:37:31.801+0000][23404][gc,age       ] GC(144) - age   6:       5024 bytes,    3452720 total
[2020-09-24T03:37:31.801+0000][23404][gc,age       ] GC(144) - age   7:      12848 bytes,    3465568 total
[2020-09-24T03:37:31.801+0000][23404][gc,age       ] GC(144) - age   8:       1552 bytes,    3467120 total
[2020-09-24T03:37:31.801+0000][23404][gc,age       ] GC(144) - age   9:      11160 bytes,    3478280 total
[2020-09-24T03:37:31.801+0000][23404][gc,age       ] GC(144) - age  10:      12272 bytes,    3490552 total
[2020-09-24T03:37:31.801+0000][23404][gc,age       ] GC(144) - age  11:      16104 bytes,    3506656 total
[2020-09-24T03:37:31.801+0000][23404][gc,age       ] GC(144) - age  12:       1184 bytes,    3507840 total
[2020-09-24T03:37:31.801+0000][23404][gc,age       ] GC(144) - age  13:       1376 bytes,    3509216 total
[2020-09-24T03:37:31.801+0000][23404][gc,age       ] GC(144) - age  14:        536 bytes,    3509752 total
[2020-09-24T03:37:31.801+0000][23404][gc,age       ] GC(144) - age  15:       1640 bytes,    3511392 total
[2020-09-24T03:37:31.802+0000][23404][gc,phases    ] GC(144)   Pre Evacuate Collection Set: 0.8ms
[2020-09-24T03:37:31.802+0000][23404][gc,phases    ] GC(144)   Merge Heap Roots: 0.3ms
[2020-09-24T03:37:31.802+0000][23404][gc,phases    ] GC(144)   Evacuate Collection Set: 3.0ms
[2020-09-24T03:37:31.802+0000][23404][gc,phases    ] GC(144)   Post Evacuate Collection Set: 1.0ms
[2020-09-24T03:37:31.802+0000][23404][gc,phases    ] GC(144)   Other: 1.3ms
[2020-09-24T03:37:31.802+0000][23404][gc,heap      ] GC(144) Eden regions: 78->0(494)
[2020-09-24T03:37:31.802+0000][23404][gc,heap      ] GC(144) Survivor regions: 4->4(62)
[2020-09-24T03:37:31.802+0000][23404][gc,heap      ] GC(144) Old regions: 77->77
[2020-09-24T03:37:31.802+0000][23404][gc,heap      ] GC(144) Archive regions: 0->0
[2020-09-24T03:37:31.802+0000][23404][gc,heap      ] GC(144) Humongous regions: 325->174
[2020-09-24T03:37:31.802+0000][23404][gc,metaspace ] GC(144) Metaspace: 87104K(93312K)->87104K(93312K) NonClass: 75942K(79616K)->75942K(79616K) Class: 11162K(13696K)->11162K(13696K)
[2020-09-24T03:37:31.802+0000][23404][gc           ] GC(144) Pause Young (Concurrent Start) (G1 Humongous Allocation) 482M->254M(1024M) 6.779ms
[2020-09-24T03:37:31.802+0000][23404][gc,cpu       ] GC(144) User=0.00s Sys=0.00s Real=0.01s
[2020-09-24T03:37:31.802+0000][23404][gc           ] GC(145) Concurrent Cycle
[2020-09-24T03:37:31.802+0000][23404][safepoint    ] Safepoint "G1TryInitiateConcMark", Time since last: 3277200 ns, Reaching safepoint: 240900 ns, At safepoint: 7008900 ns, Total: 7249800 ns
[2020-09-24T03:37:31.802+0000][23404][gc,marking   ] GC(145) Concurrent Clear Claimed Marks
[2020-09-24T03:37:31.803+0000][23404][gc,marking   ] GC(145) Concurrent Clear Claimed Marks 0.426ms
[2020-09-24T03:37:31.803+0000][23404][gc,marking   ] GC(145) Concurrent Scan Root Regions
[2020-09-24T03:37:31.805+0000][23404][gc,marking   ] GC(145) Concurrent Scan Root Regions 2.034ms
[2020-09-24T03:37:31.805+0000][23404][gc,marking   ] GC(145) Concurrent Mark (124.239s)
[2020-09-24T03:37:31.805+0000][23404][gc,marking   ] GC(145) Concurrent Mark From Roots
[2020-09-24T03:37:31.805+0000][23404][gc,task      ] GC(145) Using 2 workers of 2 for marking
[2020-09-24T03:37:31.962+0000][23404][gc,marking   ] GC(145) Concurrent Mark From Roots 156.856ms
[2020-09-24T03:37:31.962+0000][23404][gc,marking   ] GC(145) Concurrent Preclean
[2020-09-24T03:37:31.962+0000][23404][gc,marking   ] GC(145) Concurrent Preclean 0.337ms
[2020-09-24T03:37:31.962+0000][23404][gc,marking   ] GC(145) Concurrent Mark (124.239s, 124.396s) 157.362ms
[2020-09-24T03:37:31.962+0000][23404][gc,start     ] GC(145) Pause Remark
[2020-09-24T03:37:31.968+0000][23404][gc           ] GC(145) Pause Remark 371M->371M(1024M) 5.773ms
[2020-09-24T03:37:31.968+0000][23404][gc,cpu       ] GC(145) User=0.00s Sys=0.00s Real=0.01s
[2020-09-24T03:37:31.968+0000][23404][safepoint    ] Safepoint "G1Concurrent", Time since last: 160075600 ns, Reaching safepoint: 155900 ns, At safepoint: 6012500 ns, Total: 6168400 ns
[2020-09-24T03:37:31.968+0000][23404][gc,marking   ] GC(145) Concurrent Rebuild Remembered Sets
[2020-09-24T03:37:32.058+0000][23404][gc,marking   ] GC(145) Concurrent Rebuild Remembered Sets 89.189ms
[2020-09-24T03:37:32.058+0000][23404][gc,start     ] GC(145) Pause Cleanup
[2020-09-24T03:37:32.058+0000][23404][gc           ] GC(145) Pause Cleanup 445M->445M(1024M) 0.359ms
[2020-09-24T03:37:32.059+0000][23404][gc,cpu       ] GC(145) User=0.00s Sys=0.00s Real=0.00s
[2020-09-24T03:37:32.059+0000][23404][safepoint    ] Safepoint "G1Concurrent", Time since last: 89395900 ns, Reaching safepoint: 259700 ns, At safepoint: 1378900 ns, Total: 1638600 ns
[2020-09-24T03:37:32.060+0000][23404][gc,marking   ] GC(145) Concurrent Cleanup for Next Mark
[2020-09-24T03:37:32.061+0000][23404][gc,marking   ] GC(145) Concurrent Cleanup for Next Mark 1.773ms
[2020-09-24T03:37:32.062+0000][23404][gc           ] GC(145) Concurrent Cycle 259.475ms
[2020-09-24T03:37:32.097+0000][23404][gc,start     ] GC(146) Pause Young (Concurrent Start) (G1 Humongous Allocation)
[2020-09-24T03:37:32.097+0000][23404][gc,task      ] GC(146) Using 8 workers of 8 for evacuation
[2020-09-24T03:37:32.097+0000][23404][gc,age       ] GC(146) Desired survivor size 33030144 bytes, new threshold 15 (max threshold 15)
[2020-09-24T03:37:32.100+0000][23404][gc,age       ] GC(146) Age table with threshold 15 (max threshold 15)
[2020-09-24T03:37:32.100+0000][23404][gc,age       ] GC(146) - age   1:    2596528 bytes,    2596528 total
[2020-09-24T03:37:32.100+0000][23404][gc,age       ] GC(146) - age   2:       5248 bytes,    2601776 total
[2020-09-24T03:37:32.100+0000][23404][gc,age       ] GC(146) - age   3:       2040 bytes,    2603816 total
[2020-09-24T03:37:32.101+0000][23404][gc,age       ] GC(146) - age   4:      16416 bytes,    2620232 total
[2020-09-24T03:37:32.101+0000][23404][gc,age       ] GC(146) - age   5:      30616 bytes,    2650848 total
[2020-09-24T03:37:32.101+0000][23404][gc,age       ] GC(146) - age   6:       2080 bytes,    2652928 total
[2020-09-24T03:37:32.101+0000][23404][gc,age       ] GC(146) - age   7:       4992 bytes,    2657920 total
[2020-09-24T03:37:32.101+0000][23404][gc,age       ] GC(146) - age   8:      12808 bytes,    2670728 total
[2020-09-24T03:37:32.101+0000][23404][gc,age       ] GC(146) - age   9:       1424 bytes,    2672152 total
[2020-09-24T03:37:32.101+0000][23404][gc,age       ] GC(146) - age  10:      11160 bytes,    2683312 total
[2020-09-24T03:37:32.101+0000][23404][gc,age       ] GC(146) - age  11:      12208 bytes,    2695520 total
[2020-09-24T03:37:32.101+0000][23404][gc,age       ] GC(146) - age  12:      15976 bytes,    2711496 total
[2020-09-24T03:37:32.101+0000][23404][gc,age       ] GC(146) - age  13:       1152 bytes,    2712648 total
[2020-09-24T03:37:32.101+0000][23404][gc,age       ] GC(146) - age  14:       1344 bytes,    2713992 total
[2020-09-24T03:37:32.101+0000][23404][gc,age       ] GC(146) - age  15:        536 bytes,    2714528 total
[2020-09-24T03:37:32.101+0000][23404][gc,phases    ] GC(146)   Pre Evacuate Collection Set: 0.4ms
[2020-09-24T03:37:32.101+0000][23404][gc,phases    ] GC(146)   Merge Heap Roots: 0.1ms
[2020-09-24T03:37:32.101+0000][23404][gc,phases    ] GC(146)   Evacuate Collection Set: 1.8ms
[2020-09-24T03:37:32.101+0000][23404][gc,phases    ] GC(146)   Post Evacuate Collection Set: 0.7ms
[2020-09-24T03:37:32.101+0000][23404][gc,phases    ] GC(146)   Other: 1.0ms
[2020-09-24T03:37:32.101+0000][23404][gc,heap      ] GC(146) Eden regions: 68->0(497)
[2020-09-24T03:37:32.101+0000][23404][gc,heap      ] GC(146) Survivor regions: 4->3(63)
[2020-09-24T03:37:32.101+0000][23404][gc,heap      ] GC(146) Old regions: 77->77
[2020-09-24T03:37:32.101+0000][23404][gc,heap      ] GC(146) Archive regions: 0->0
[2020-09-24T03:37:32.101+0000][23404][gc,heap      ] GC(146) Humongous regions: 307->174
[2020-09-24T03:37:32.101+0000][23404][gc,metaspace ] GC(146) Metaspace: 87132K(93312K)->87132K(93312K) NonClass: 75970K(79616K)->75970K(79616K) Class: 11162K(13696K)->11162K(13696K)
[2020-09-24T03:37:32.102+0000][23404][gc           ] GC(146) Pause Young (Concurrent Start) (G1 Humongous Allocation) 454M->253M(1024M) 4.863ms
[2020-09-24T03:37:32.102+0000][23404][gc,cpu       ] GC(146) User=0.03s Sys=0.00s Real=0.01s
[2020-09-24T03:37:32.102+0000][23404][gc           ] GC(147) Concurrent Cycle
[2020-09-24T03:37:32.102+0000][23404][safepoint    ] Safepoint "G1TryInitiateConcMark", Time since last: 37410500 ns, Reaching safepoint: 138800 ns, At safepoint: 5116000 ns, Total: 5254800 ns
[2020-09-24T03:37:32.102+0000][23404][gc,marking   ] GC(147) Concurrent Clear Claimed Marks
[2020-09-24T03:37:32.103+0000][23404][gc,marking   ] GC(147) Concurrent Clear Claimed Marks 0.510ms
[2020-09-24T03:37:32.103+0000][23404][gc,marking   ] GC(147) Concurrent Scan Root Regions
[2020-09-24T03:37:32.105+0000][23404][gc,marking   ] GC(147) Concurrent Scan Root Regions 2.568ms
[2020-09-24T03:37:32.105+0000][23404][gc,marking   ] GC(147) Concurrent Mark (124.540s)
[2020-09-24T03:37:32.106+0000][23404][gc,marking   ] GC(147) Concurrent Mark From Roots
[2020-09-24T03:37:32.106+0000][23404][gc,task      ] GC(147) Using 2 workers of 2 for marking
[2020-09-24T03:37:32.262+0000][23404][gc,marking   ] GC(147) Concurrent Mark From Roots 156.508ms
[2020-09-24T03:37:32.262+0000][23404][gc,marking   ] GC(147) Concurrent Preclean
[2020-09-24T03:37:32.263+0000][23404][gc,marking   ] GC(147) Concurrent Preclean 0.565ms
[2020-09-24T03:37:32.263+0000][23404][gc,marking   ] GC(147) Concurrent Mark (124.540s, 124.697s) 157.322ms
[2020-09-24T03:37:32.266+0000][23404][gc,start     ] GC(147) Pause Remark
[2020-09-24T03:37:32.272+0000][23404][gc           ] GC(147) Pause Remark 587M->587M(1024M) 5.972ms
[2020-09-24T03:37:32.272+0000][23404][gc,cpu       ] GC(147) User=0.00s Sys=0.00s Real=0.01s
[2020-09-24T03:37:32.272+0000][23404][safepoint    ] Safepoint "G1Concurrent", Time since last: 160766600 ns, Reaching safepoint: 2840100 ns, At safepoint: 6489200 ns, Total: 9329300 ns
[2020-09-24T03:37:32.272+0000][23404][gc,marking   ] GC(147) Concurrent Rebuild Remembered Sets
[2020-09-24T03:37:32.332+0000][23404][safepoint    ] Safepoint "BulkRevokeBias", Time since last: 58099200 ns, Reaching safepoint: 435500 ns, At safepoint: 1214900 ns, Total: 1650400 ns
[2020-09-24T03:37:32.359+0000][23404][gc,marking   ] GC(147) Concurrent Rebuild Remembered Sets 86.310ms
[2020-09-24T03:37:32.359+0000][23404][gc,start     ] GC(147) Pause Cleanup
[2020-09-24T03:37:32.359+0000][23404][gc           ] GC(147) Pause Cleanup 672M->672M(1024M) 0.306ms
[2020-09-24T03:37:32.359+0000][23404][gc,cpu       ] GC(147) User=0.00s Sys=0.00s Real=0.00s
[2020-09-24T03:37:32.359+0000][23404][safepoint    ] Safepoint "G1Concurrent", Time since last: 26787400 ns, Reaching safepoint: 173400 ns, At safepoint: 519400 ns, Total: 692800 ns
[2020-09-24T03:37:32.359+0000][23404][gc,marking   ] GC(147) Concurrent Cleanup for Next Mark
[2020-09-24T03:37:32.361+0000][23404][gc,marking   ] GC(147) Concurrent Cleanup for Next Mark 1.796ms
[2020-09-24T03:37:32.361+0000][23404][gc           ] GC(147) Concurrent Cycle 259.382ms
[2020-09-24T03:37:32.382+0000][23404][gc,start     ] GC(148) Pause Young (Concurrent Start) (G1 Humongous Allocation)
[2020-09-24T03:37:32.382+0000][23404][gc,task      ] GC(148) Using 8 workers of 8 for evacuation
[2020-09-24T03:37:32.382+0000][23404][gc,age       ] GC(148) Desired survivor size 33030144 bytes, new threshold 15 (max threshold 15)
[2020-09-24T03:37:32.389+0000][23404][gc,age       ] GC(148) Age table with threshold 15 (max threshold 15)
[2020-09-24T03:37:32.389+0000][23404][gc,age       ] GC(148) - age   1:   13198232 bytes,   13198232 total
[2020-09-24T03:37:32.389+0000][23404][gc,age       ] GC(148) - age   2:      12728 bytes,   13210960 total
[2020-09-24T03:37:32.389+0000][23404][gc,age       ] GC(148) - age   3:       3496 bytes,   13214456 total
[2020-09-24T03:37:32.389+0000][23404][gc,age       ] GC(148) - age   4:       1400 bytes,   13215856 total
[2020-09-24T03:37:32.389+0000][23404][gc,age       ] GC(148) - age   5:      16096 bytes,   13231952 total
[2020-09-24T03:37:32.389+0000][23404][gc,age       ] GC(148) - age   6:      30416 bytes,   13262368 total
[2020-09-24T03:37:32.389+0000][23404][gc,age       ] GC(148) - age   7:       2080 bytes,   13264448 total
[2020-09-24T03:37:32.389+0000][23404][gc,age       ] GC(148) - age   8:       4928 bytes,   13269376 total
[2020-09-24T03:37:32.389+0000][23404][gc,age       ] GC(148) - age   9:      12680 bytes,   13282056 total
[2020-09-24T03:37:32.389+0000][23404][gc,age       ] GC(148) - age  10:       1424 bytes,   13283480 total
[2020-09-24T03:37:32.389+0000][23404][gc,age       ] GC(148) - age  11:      11128 bytes,   13294608 total
[2020-09-24T03:37:32.389+0000][23404][gc,age       ] GC(148) - age  12:      12208 bytes,   13306816 total
[2020-09-24T03:37:32.389+0000][23404][gc,age       ] GC(148) - age  13:      15976 bytes,   13322792 total
[2020-09-24T03:37:32.389+0000][23404][gc,age       ] GC(148) - age  14:       1088 bytes,   13323880 total
[2020-09-24T03:37:32.389+0000][23404][gc,age       ] GC(148) - age  15:       1344 bytes,   13325224 total
[2020-09-24T03:37:32.389+0000][23404][gc,phases    ] GC(148)   Pre Evacuate Collection Set: 0.6ms
[2020-09-24T03:37:32.389+0000][23404][gc,phases    ] GC(148)   Merge Heap Roots: 0.1ms
[2020-09-24T03:37:32.390+0000][23404][gc,phases    ] GC(148)   Evacuate Collection Set: 4.2ms
[2020-09-24T03:37:32.390+0000][23404][gc,phases    ] GC(148)   Post Evacuate Collection Set: 1.4ms
[2020-09-24T03:37:32.390+0000][23404][gc,phases    ] GC(148)   Other: 1.2ms
[2020-09-24T03:37:32.390+0000][23404][gc,heap      ] GC(148) Eden regions: 136->0(481)
[2020-09-24T03:37:32.390+0000][23404][gc,heap      ] GC(148) Survivor regions: 3->13(63)
[2020-09-24T03:37:32.390+0000][23404][gc,heap      ] GC(148) Old regions: 77->77
[2020-09-24T03:37:32.390+0000][23404][gc,heap      ] GC(148) Archive regions: 0->0
[2020-09-24T03:37:32.390+0000][23404][gc,heap      ] GC(148) Humongous regions: 478->174
[2020-09-24T03:37:32.390+0000][23404][gc,metaspace ] GC(148) Metaspace: 87139K(93312K)->87139K(93312K) NonClass: 75977K(79616K)->75977K(79616K) Class: 11162K(13696K)->11162K(13696K)
[2020-09-24T03:37:32.390+0000][23404][gc           ] GC(148) Pause Young (Concurrent Start) (G1 Humongous Allocation) 693M->263M(1024M) 7.899ms
[2020-09-24T03:37:32.390+0000][23404][gc,cpu       ] GC(148) User=0.08s Sys=0.02s Real=0.01s
[2020-09-24T03:37:32.390+0000][23404][gc           ] GC(149) Concurrent Cycle
[2020-09-24T03:37:32.390+0000][23404][gc,marking   ] GC(149) Concurrent Clear Claimed Marks
[2020-09-24T03:37:32.390+0000][23404][safepoint    ] Safepoint "G1TryInitiateConcMark", Time since last: 22393000 ns, Reaching safepoint: 182700 ns, At safepoint: 8249700 ns, Total: 8432400 ns
[2020-09-24T03:37:32.391+0000][23404][gc,marking   ] GC(149) Concurrent Clear Claimed Marks 0.460ms
[2020-09-24T03:37:32.391+0000][23404][gc,marking   ] GC(149) Concurrent Scan Root Regions
[2020-09-24T03:37:32.393+0000][23404][gc,marking   ] GC(149) Concurrent Scan Root Regions 1.840ms
[2020-09-24T03:37:32.393+0000][23404][gc,marking   ] GC(149) Concurrent Mark (124.827s)
[2020-09-24T03:37:32.393+0000][23404][gc,marking   ] GC(149) Concurrent Mark From Roots
[2020-09-24T03:37:32.393+0000][23404][gc,task      ] GC(149) Using 2 workers of 2 for marking
[2020-09-24T03:37:32.545+0000][23404][gc,marking   ] GC(149) Concurrent Mark From Roots 152.358ms
[2020-09-24T03:37:32.545+0000][23404][gc,marking   ] GC(149) Concurrent Preclean
[2020-09-24T03:37:32.546+0000][23404][gc,marking   ] GC(149) Concurrent Preclean 0.838ms
[2020-09-24T03:37:32.546+0000][23404][gc,marking   ] GC(149) Concurrent Mark (124.827s, 124.980s) 153.458ms
[2020-09-24T03:37:32.547+0000][23404][gc,start     ] GC(149) Pause Remark
[2020-09-24T03:37:32.553+0000][23404][gc           ] GC(149) Pause Remark 720M->720M(1024M) 6.292ms
[2020-09-24T03:37:32.553+0000][23404][gc,cpu       ] GC(149) User=0.00s Sys=0.00s Real=0.01s
[2020-09-24T03:37:32.554+0000][23404][safepoint    ] Safepoint "G1Concurrent", Time since last: 156075200 ns, Reaching safepoint: 277800 ns, At safepoint: 7712700 ns, Total: 7990500 ns
[2020-09-24T03:37:32.554+0000][23404][gc,marking   ] GC(149) Concurrent Rebuild Remembered Sets
[2020-09-24T03:37:32.651+0000][23404][gc,marking   ] GC(149) Concurrent Rebuild Remembered Sets 96.824ms
[2020-09-24T03:37:32.652+0000][23404][gc,start     ] GC(149) Pause Cleanup
[2020-09-24T03:37:32.652+0000][23404][gc           ] GC(149) Pause Cleanup 866M->866M(1024M) 0.383ms
[2020-09-24T03:37:32.652+0000][23404][gc,cpu       ] GC(149) User=0.00s Sys=0.00s Real=0.00s
[2020-09-24T03:37:32.652+0000][23404][safepoint    ] Safepoint "G1Concurrent", Time since last: 97055600 ns, Reaching safepoint: 267500 ns, At safepoint: 599400 ns, Total: 866900 ns
[2020-09-24T03:37:32.652+0000][23404][gc,marking   ] GC(149) Concurrent Cleanup for Next Mark
[2020-09-24T03:37:32.654+0000][23404][gc,marking   ] GC(149) Concurrent Cleanup for Next Mark 2.195ms
[2020-09-24T03:37:32.655+0000][23404][gc           ] GC(149) Concurrent Cycle 264.551ms
[2020-09-24T03:37:32.684+0000][23404][gc,start     ] GC(150) Pause Young (Concurrent Start) (G1 Humongous Allocation)
[2020-09-24T03:37:32.684+0000][23404][gc,task      ] GC(150) Using 8 workers of 8 for evacuation
[2020-09-24T03:37:32.684+0000][23404][gc,age       ] GC(150) Desired survivor size 32505856 bytes, new threshold 15 (max threshold 15)
[2020-09-24T03:37:32.688+0000][23404][gc,age       ] GC(150) Age table with threshold 15 (max threshold 15)
[2020-09-24T03:37:32.688+0000][23404][gc,age       ] GC(150) - age   1:    3483408 bytes,    3483408 total
[2020-09-24T03:37:32.688+0000][23404][gc,age       ] GC(150) - age   2:      13416 bytes,    3496824 total
[2020-09-24T03:37:32.688+0000][23404][gc,age       ] GC(150) - age   3:      12416 bytes,    3509240 total
[2020-09-24T03:37:32.688+0000][23404][gc,age       ] GC(150) - age   4:       2408 bytes,    3511648 total
[2020-09-24T03:37:32.688+0000][23404][gc,age       ] GC(150) - age   5:       1304 bytes,    3512952 total
[2020-09-24T03:37:32.688+0000][23404][gc,age       ] GC(150) - age   6:      16000 bytes,    3528952 total
[2020-09-24T03:37:32.688+0000][23404][gc,age       ] GC(150) - age   7:      30384 bytes,    3559336 total
[2020-09-24T03:37:32.688+0000][23404][gc,age       ] GC(150) - age   8:       2080 bytes,    3561416 total
[2020-09-24T03:37:32.688+0000][23404][gc,age       ] GC(150) - age   9:       4832 bytes,    3566248 total
[2020-09-24T03:37:32.688+0000][23404][gc,age       ] GC(150) - age  10:      12680 bytes,    3578928 total
[2020-09-24T03:37:32.688+0000][23404][gc,age       ] GC(150) - age  11:       1424 bytes,    3580352 total
[2020-09-24T03:37:32.688+0000][23404][gc,age       ] GC(150) - age  12:      11128 bytes,    3591480 total
[2020-09-24T03:37:32.689+0000][23404][gc,age       ] GC(150) - age  13:      12208 bytes,    3603688 total
[2020-09-24T03:37:32.689+0000][23404][gc,age       ] GC(150) - age  14:      15976 bytes,    3619664 total
[2020-09-24T03:37:32.689+0000][23404][gc,age       ] GC(150) - age  15:       1088 bytes,    3620752 total
[2020-09-24T03:37:32.689+0000][23404][gc,phases    ] GC(150)   Pre Evacuate Collection Set: 0.5ms
[2020-09-24T03:37:32.689+0000][23404][gc,phases    ] GC(150)   Merge Heap Roots: 0.1ms
[2020-09-24T03:37:32.689+0000][23404][gc,phases    ] GC(150)   Evacuate Collection Set: 2.3ms
[2020-09-24T03:37:32.689+0000][23404][gc,phases    ] GC(150)   Post Evacuate Collection Set: 1.2ms
[2020-09-24T03:37:32.689+0000][23404][gc,phases    ] GC(150)   Other: 1.1ms
[2020-09-24T03:37:32.689+0000][23404][gc,heap      ] GC(150) Eden regions: 154->0(492)
[2020-09-24T03:37:32.689+0000][23404][gc,heap      ] GC(150) Survivor regions: 13->4(62)
[2020-09-24T03:37:32.689+0000][23404][gc,heap      ] GC(150) Old regions: 77->77
[2020-09-24T03:37:32.689+0000][23404][gc,heap      ] GC(150) Archive regions: 0->0
[2020-09-24T03:37:32.689+0000][23404][gc,heap      ] GC(150) Humongous regions: 634->174
[2020-09-24T03:37:32.689+0000][23404][gc,metaspace ] GC(150) Metaspace: 87163K(93312K)->87163K(93312K) NonClass: 76001K(79616K)->76001K(79616K) Class: 11162K(13696K)->11162K(13696K)
[2020-09-24T03:37:32.689+0000][23404][gc           ] GC(150) Pause Young (Concurrent Start) (G1 Humongous Allocation) 877M->254M(1024M) 5.599ms
[2020-09-24T03:37:32.689+0000][23404][gc,cpu       ] GC(150) User=0.00s Sys=0.00s Real=0.00s
[2020-09-24T03:37:32.689+0000][23404][gc           ] GC(151) Concurrent Cycle
[2020-09-24T03:37:32.689+0000][23404][safepoint    ] Safepoint "G1TryInitiateConcMark", Time since last: 31145600 ns, Reaching safepoint: 189000 ns, At safepoint: 5834500 ns, Total: 6023500 ns
[2020-09-24T03:37:32.689+0000][23404][gc,marking   ] GC(151) Concurrent Clear Claimed Marks
[2020-09-24T03:37:32.690+0000][23404][gc,marking   ] GC(151) Concurrent Clear Claimed Marks 0.569ms
[2020-09-24T03:37:32.690+0000][23404][gc,marking   ] GC(151) Concurrent Scan Root Regions
[2020-09-24T03:37:32.693+0000][23404][gc,marking   ] GC(151) Concurrent Scan Root Regions 2.816ms
[2020-09-24T03:37:32.693+0000][23404][gc,marking   ] GC(151) Concurrent Mark (125.127s)
[2020-09-24T03:37:32.693+0000][23404][gc,marking   ] GC(151) Concurrent Mark From Roots
[2020-09-24T03:37:32.693+0000][23404][gc,task      ] GC(151) Using 2 workers of 2 for marking
[2020-09-24T03:37:32.888+0000][23404][gc,marking   ] GC(151) Concurrent Mark From Roots 195.136ms
[2020-09-24T03:37:32.888+0000][23404][gc,marking   ] GC(151) Concurrent Preclean
[2020-09-24T03:37:32.889+0000][23404][gc,marking   ] GC(151) Concurrent Preclean 0.505ms
[2020-09-24T03:37:32.889+0000][23404][gc,marking   ] GC(151) Concurrent Mark (125.127s, 125.323s) 195.859ms
[2020-09-24T03:37:32.889+0000][23404][gc,start     ] GC(151) Pause Remark
[2020-09-24T03:37:32.896+0000][23404][gc           ] GC(151) Pause Remark 332M->332M(1024M) 7.315ms
[2020-09-24T03:37:32.897+0000][23404][gc,cpu       ] GC(151) User=0.00s Sys=0.00s Real=0.01s
[2020-09-24T03:37:32.897+0000][23404][safepoint    ] Safepoint "G1Concurrent", Time since last: 199602700 ns, Reaching safepoint: 188500 ns, At safepoint: 7573000 ns, Total: 7761500 ns
[2020-09-24T03:37:32.897+0000][23404][gc,marking   ] GC(151) Concurrent Rebuild Remembered Sets
[2020-09-24T03:37:32.998+0000][23404][gc,marking   ] GC(151) Concurrent Rebuild Remembered Sets 101.464ms
[2020-09-24T03:37:32.999+0000][23404][gc,start     ] GC(151) Pause Cleanup
[2020-09-24T03:37:32.999+0000][23404][gc           ] GC(151) Pause Cleanup 601M->601M(1024M) 0.368ms
[2020-09-24T03:37:32.999+0000][23404][gc,cpu       ] GC(151) User=0.00s Sys=0.00s Real=0.00s
[2020-09-24T03:37:32.999+0000][23404][safepoint    ] Safepoint "G1Concurrent", Time since last: 101676200 ns, Reaching safepoint: 153700 ns, At safepoint: 652300 ns, Total: 806000 ns
[2020-09-24T03:37:32.999+0000][23404][gc,marking   ] GC(151) Concurrent Cleanup for Next Mark
[2020-09-24T03:37:33.001+0000][23404][gc,marking   ] GC(151) Concurrent Cleanup for Next Mark 2.068ms
[2020-09-24T03:37:33.001+0000][23404][gc           ] GC(151) Concurrent Cycle 312.243ms
[2020-09-24T03:37:33.006+0000][23404][gc,start     ] GC(152) Pause Young (Concurrent Start) (G1 Humongous Allocation)
[2020-09-24T03:37:33.006+0000][23404][gc,task      ] GC(152) Using 8 workers of 8 for evacuation
[2020-09-24T03:37:33.006+0000][23404][gc,age       ] GC(152) Desired survivor size 32505856 bytes, new threshold 15 (max threshold 15)
[2020-09-24T03:37:33.010+0000][23404][gc,age       ] GC(152) Age table with threshold 15 (max threshold 15)
[2020-09-24T03:37:33.010+0000][23404][gc,age       ] GC(152) - age   1:    3906896 bytes,    3906896 total
[2020-09-24T03:37:33.010+0000][23404][gc,age       ] GC(152) - age   2:       3960 bytes,    3910856 total
[2020-09-24T03:37:33.010+0000][23404][gc,age       ] GC(152) - age   3:      12568 bytes,    3923424 total
[2020-09-24T03:37:33.010+0000][23404][gc,age       ] GC(152) - age   4:      12416 bytes,    3935840 total
[2020-09-24T03:37:33.010+0000][23404][gc,age       ] GC(152) - age   5:       2280 bytes,    3938120 total
[2020-09-24T03:37:33.010+0000][23404][gc,age       ] GC(152) - age   6:       1304 bytes,    3939424 total
[2020-09-24T03:37:33.011+0000][23404][gc,age       ] GC(152) - age   7:      16000 bytes,    3955424 total
[2020-09-24T03:37:33.011+0000][23404][gc,age       ] GC(152) - age   8:      30384 bytes,    3985808 total
[2020-09-24T03:37:33.011+0000][23404][gc,age       ] GC(152) - age   9:       2080 bytes,    3987888 total
[2020-09-24T03:37:33.011+0000][23404][gc,age       ] GC(152) - age  10:       4832 bytes,    3992720 total
[2020-09-24T03:37:33.011+0000][23404][gc,age       ] GC(152) - age  11:      12680 bytes,    4005400 total
[2020-09-24T03:37:33.011+0000][23404][gc,age       ] GC(152) - age  12:       1424 bytes,    4006824 total
[2020-09-24T03:37:33.011+0000][23404][gc,age       ] GC(152) - age  13:      11128 bytes,    4017952 total
[2020-09-24T03:37:33.011+0000][23404][gc,age       ] GC(152) - age  14:      12208 bytes,    4030160 total
[2020-09-24T03:37:33.011+0000][23404][gc,age       ] GC(152) - age  15:      15976 bytes,    4046136 total
[2020-09-24T03:37:33.011+0000][23404][gc,phases    ] GC(152)   Pre Evacuate Collection Set: 0.5ms
[2020-09-24T03:37:33.011+0000][23404][gc,phases    ] GC(152)   Merge Heap Roots: 0.1ms
[2020-09-24T03:37:33.011+0000][23404][gc,phases    ] GC(152)   Evacuate Collection Set: 2.4ms
[2020-09-24T03:37:33.011+0000][23404][gc,phases    ] GC(152)   Post Evacuate Collection Set: 1.0ms
[2020-09-24T03:37:33.011+0000][23404][gc,phases    ] GC(152)   Other: 1.1ms
[2020-09-24T03:37:33.011+0000][23404][gc,heap      ] GC(152) Eden regions: 90->0(493)
[2020-09-24T03:37:33.011+0000][23404][gc,heap      ] GC(152) Survivor regions: 4->5(62)
[2020-09-24T03:37:33.011+0000][23404][gc,heap      ] GC(152) Old regions: 77->77
[2020-09-24T03:37:33.011+0000][23404][gc,heap      ] GC(152) Archive regions: 0->0
[2020-09-24T03:37:33.011+0000][23404][gc,heap      ] GC(152) Humongous regions: 434->174
[2020-09-24T03:37:33.011+0000][23404][gc,metaspace ] GC(152) Metaspace: 87203K(93312K)->87203K(93312K) NonClass: 76041K(79616K)->76041K(79616K) Class: 11162K(13696K)->11162K(13696K)
[2020-09-24T03:37:33.011+0000][23404][gc           ] GC(152) Pause Young (Concurrent Start) (G1 Humongous Allocation) 604M->254M(1024M) 5.604ms
[2020-09-24T03:37:33.011+0000][23404][gc,cpu       ] GC(152) User=0.13s Sys=0.00s Real=0.00s
[2020-09-24T03:37:33.012+0000][23404][gc           ] GC(153) Concurrent Cycle
[2020-09-24T03:37:33.012+0000][23404][gc,marking   ] GC(153) Concurrent Clear Claimed Marks
[2020-09-24T03:37:33.012+0000][23404][safepoint    ] Safepoint "G1TryInitiateConcMark", Time since last: 6356400 ns, Reaching safepoint: 273700 ns, At safepoint: 5948500 ns, Total: 6222200 ns
[2020-09-24T03:37:33.012+0000][23404][gc,marking   ] GC(153) Concurrent Clear Claimed Marks 0.400ms
[2020-09-24T03:37:33.012+0000][23404][gc,marking   ] GC(153) Concurrent Scan Root Regions
[2020-09-24T03:37:33.015+0000][23404][gc,marking   ] GC(153) Concurrent Scan Root Regions 2.662ms
[2020-09-24T03:37:33.015+0000][23404][gc,marking   ] GC(153) Concurrent Mark (125.449s)
[2020-09-24T03:37:33.015+0000][23404][gc,marking   ] GC(153) Concurrent Mark From Roots
[2020-09-24T03:37:33.015+0000][23404][gc,task      ] GC(153) Using 2 workers of 2 for marking
[2020-09-24T03:37:33.178+0000][23404][gc,marking   ] GC(153) Concurrent Mark From Roots 162.873ms
[2020-09-24T03:37:33.178+0000][23404][gc,marking   ] GC(153) Concurrent Preclean
[2020-09-24T03:37:33.180+0000][23404][gc,marking   ] GC(153) Concurrent Preclean 1.465ms
[2020-09-24T03:37:33.180+0000][23404][gc,marking   ] GC(153) Concurrent Mark (125.449s, 125.614s) 164.773ms
[2020-09-24T03:37:33.180+0000][23404][gc,start     ] GC(153) Pause Remark
[2020-09-24T03:37:33.187+0000][23404][gc           ] GC(153) Pause Remark 462M->462M(1024M) 6.282ms
[2020-09-24T03:37:33.187+0000][23404][gc,cpu       ] GC(153) User=0.00s Sys=0.00s Real=0.01s
[2020-09-24T03:37:33.188+0000][23404][safepoint    ] Safepoint "G1Concurrent", Time since last: 168218200 ns, Reaching safepoint: 390800 ns, At safepoint: 7476600 ns, Total: 7867400 ns
[2020-09-24T03:37:33.188+0000][23404][gc,marking   ] GC(153) Concurrent Rebuild Remembered Sets
[2020-09-24T03:37:33.283+0000][23404][gc,marking   ] GC(153) Concurrent Rebuild Remembered Sets 95.546ms
[2020-09-24T03:37:33.284+0000][23404][gc,start     ] GC(153) Pause Cleanup
[2020-09-24T03:37:33.284+0000][23404][gc           ] GC(153) Pause Cleanup 550M->550M(1024M) 0.530ms
[2020-09-24T03:37:33.284+0000][23404][gc,cpu       ] GC(153) User=0.00s Sys=0.00s Real=0.00s
[2020-09-24T03:37:33.287+0000][23404][safepoint    ] Safepoint "G1Concurrent", Time since last: 95788800 ns, Reaching safepoint: 239700 ns, At safepoint: 3646800 ns, Total: 3886500 ns
[2020-09-24T03:37:33.287+0000][23404][gc,marking   ] GC(153) Concurrent Cleanup for Next Mark
[2020-09-24T03:37:33.290+0000][23404][gc,marking   ] GC(153) Concurrent Cleanup for Next Mark 1.868ms
[2020-09-24T03:37:33.290+0000][23404][gc           ] GC(153) Concurrent Cycle 278.057ms
[2020-09-24T03:37:33.290+0000][23404][gc,start     ] GC(154) Pause Young (Concurrent Start) (G1 Humongous Allocation)
[2020-09-24T03:37:33.290+0000][23404][gc,task      ] GC(154) Using 8 workers of 8 for evacuation
[2020-09-24T03:37:33.290+0000][23404][gc,age       ] GC(154) Desired survivor size 33030144 bytes, new threshold 15 (max threshold 15)
[2020-09-24T03:37:33.295+0000][23404][gc,age       ] GC(154) Age table with threshold 15 (max threshold 15)
[2020-09-24T03:37:33.295+0000][23404][gc,age       ] GC(154) - age   1:    4817072 bytes,    4817072 total
[2020-09-24T03:37:33.295+0000][23404][gc,age       ] GC(154) - age   2:       2712 bytes,    4819784 total
[2020-09-24T03:37:33.295+0000][23404][gc,age       ] GC(154) - age   3:       2776 bytes,    4822560 total
[2020-09-24T03:37:33.295+0000][23404][gc,age       ] GC(154) - age   4:      12440 bytes,    4835000 total
[2020-09-24T03:37:33.295+0000][23404][gc,age       ] GC(154) - age   5:      11656 bytes,    4846656 total
[2020-09-24T03:37:33.295+0000][23404][gc,age       ] GC(154) - age   6:       2280 bytes,    4848936 total
[2020-09-24T03:37:33.295+0000][23404][gc,age       ] GC(154) - age   7:       1304 bytes,    4850240 total
[2020-09-24T03:37:33.295+0000][23404][gc,age       ] GC(154) - age   8:      16000 bytes,    4866240 total
[2020-09-24T03:37:33.295+0000][23404][gc,age       ] GC(154) - age   9:      30384 bytes,    4896624 total
[2020-09-24T03:37:33.295+0000][23404][gc,age       ] GC(154) - age  10:       2080 bytes,    4898704 total
[2020-09-24T03:37:33.295+0000][23404][gc,age       ] GC(154) - age  11:       4832 bytes,    4903536 total
[2020-09-24T03:37:33.295+0000][23404][gc,age       ] GC(154) - age  12:      12680 bytes,    4916216 total
[2020-09-24T03:37:33.295+0000][23404][gc,age       ] GC(154) - age  13:       1424 bytes,    4917640 total
[2020-09-24T03:37:33.295+0000][23404][gc,age       ] GC(154) - age  14:      11128 bytes,    4928768 total
[2020-09-24T03:37:33.295+0000][23404][gc,age       ] GC(154) - age  15:      12208 bytes,    4940976 total
[2020-09-24T03:37:33.296+0000][23404][gc,phases    ] GC(154)   Pre Evacuate Collection Set: 0.5ms
[2020-09-24T03:37:33.296+0000][23404][gc,phases    ] GC(154)   Merge Heap Roots: 0.1ms
[2020-09-24T03:37:33.296+0000][23404][gc,phases    ] GC(154)   Evacuate Collection Set: 2.8ms
[2020-09-24T03:37:33.296+0000][23404][gc,phases    ] GC(154)   Post Evacuate Collection Set: 1.1ms
[2020-09-24T03:37:33.296+0000][23404][gc,phases    ] GC(154)   Other: 1.2ms
[2020-09-24T03:37:33.296+0000][23404][gc,heap      ] GC(154) Eden regions: 93->0(492)
[2020-09-24T03:37:33.296+0000][23404][gc,heap      ] GC(154) Survivor regions: 5->6(63)
[2020-09-24T03:37:33.296+0000][23404][gc,heap      ] GC(154) Old regions: 77->77
[2020-09-24T03:37:33.296+0000][23404][gc,heap      ] GC(154) Archive regions: 0->0
[2020-09-24T03:37:33.296+0000][23404][gc,heap      ] GC(154) Humongous regions: 379->174
[2020-09-24T03:37:33.296+0000][23404][gc,metaspace ] GC(154) Metaspace: 87235K(93568K)->87235K(93568K) NonClass: 76073K(79872K)->76073K(79872K) Class: 11162K(13696K)->11162K(13696K)
[2020-09-24T03:37:33.296+0000][23404][gc           ] GC(154) Pause Young (Concurrent Start) (G1 Humongous Allocation) 552M->255M(1024M) 6.299ms
[2020-09-24T03:37:33.296+0000][23404][gc,cpu       ] GC(154) User=0.00s Sys=0.00s Real=0.01s
[2020-09-24T03:37:33.296+0000][23404][gc           ] GC(155) Concurrent Cycle
[2020-09-24T03:37:33.296+0000][23404][gc,marking   ] GC(155) Concurrent Clear Claimed Marks
[2020-09-24T03:37:33.297+0000][23404][safepoint    ] Safepoint "G1TryInitiateConcMark", Time since last: 2304700 ns, Reaching safepoint: 228000 ns, At safepoint: 6822200 ns, Total: 7050200 ns
[2020-09-24T03:37:33.297+0000][23404][gc,marking   ] GC(155) Concurrent Clear Claimed Marks 0.382ms
[2020-09-24T03:37:33.297+0000][23404][gc,marking   ] GC(155) Concurrent Scan Root Regions
[2020-09-24T03:37:33.299+0000][23404][gc,marking   ] GC(155) Concurrent Scan Root Regions 2.012ms
[2020-09-24T03:37:33.299+0000][23404][gc,marking   ] GC(155) Concurrent Mark (125.734s)
[2020-09-24T03:37:33.299+0000][23404][gc,marking   ] GC(155) Concurrent Mark From Roots
[2020-09-24T03:37:33.299+0000][23404][gc,task      ] GC(155) Using 2 workers of 2 for marking
[2020-09-24T03:37:33.466+0000][23404][gc,marking   ] GC(155) Concurrent Mark From Roots 167.306ms
[2020-09-24T03:37:33.467+0000][23404][gc,marking   ] GC(155) Concurrent Preclean
[2020-09-24T03:37:33.467+0000][23404][gc,marking   ] GC(155) Concurrent Preclean 0.901ms
[2020-09-24T03:37:33.469+0000][23404][gc,marking   ] GC(155) Concurrent Mark (125.734s, 125.902s) 168.615ms
[2020-09-24T03:37:33.469+0000][23404][gc,start     ] GC(155) Pause Remark
[2020-09-24T03:37:33.474+0000][23404][gc           ] GC(155) Pause Remark 559M->559M(1024M) 6.132ms
[2020-09-24T03:37:33.474+0000][23404][gc,cpu       ] GC(155) User=0.00s Sys=0.00s Real=0.00s
[2020-09-24T03:37:33.474+0000][23404][safepoint    ] Safepoint "G1Concurrent", Time since last: 171075200 ns, Reaching safepoint: 308100 ns, At safepoint: 6441400 ns, Total: 6749500 ns
[2020-09-24T03:37:33.475+0000][23404][gc,marking   ] GC(155) Concurrent Rebuild Remembered Sets
[2020-09-24T03:37:33.573+0000][23404][gc,marking   ] GC(155) Concurrent Rebuild Remembered Sets 97.569ms
[2020-09-24T03:37:33.573+0000][23404][gc,start     ] GC(155) Pause Cleanup
[2020-09-24T03:37:33.574+0000][23404][gc           ] GC(155) Pause Cleanup 739M->739M(1024M) 0.341ms
[2020-09-24T03:37:33.574+0000][23404][gc,cpu       ] GC(155) User=0.00s Sys=0.00s Real=0.00s
[2020-09-24T03:37:33.574+0000][23404][safepoint    ] Safepoint "G1Concurrent", Time since last: 97776400 ns, Reaching safepoint: 138900 ns, At safepoint: 514000 ns, Total: 652900 ns
[2020-09-24T03:37:33.574+0000][23404][gc,marking   ] GC(155) Concurrent Cleanup for Next Mark
[2020-09-24T03:37:33.576+0000][23404][gc,marking   ] GC(155) Concurrent Cleanup for Next Mark 1.813ms
[2020-09-24T03:37:33.576+0000][23404][gc           ] GC(155) Concurrent Cycle 278.519ms
[2020-09-24T03:37:33.623+0000][23404][gc,start     ] GC(156) Pause Young (Concurrent Start) (G1 Humongous Allocation)
[2020-09-24T03:37:33.623+0000][23404][gc,task      ] GC(156) Using 8 workers of 8 for evacuation
[2020-09-24T03:37:33.623+0000][23404][gc,age       ] GC(156) Desired survivor size 33030144 bytes, new threshold 15 (max threshold 15)
[2020-09-24T03:37:33.627+0000][23404][gc,age       ] GC(156) Age table with threshold 15 (max threshold 15)
[2020-09-24T03:37:33.627+0000][23404][gc,age       ] GC(156) - age   1:    2588360 bytes,    2588360 total
[2020-09-24T03:37:33.627+0000][23404][gc,age       ] GC(156) - age   2:       3440 bytes,    2591800 total
[2020-09-24T03:37:33.627+0000][23404][gc,age       ] GC(156) - age   3:       1688 bytes,    2593488 total
[2020-09-24T03:37:33.627+0000][23404][gc,age       ] GC(156) - age   4:       1696 bytes,    2595184 total
[2020-09-24T03:37:33.627+0000][23404][gc,age       ] GC(156) - age   5:      12408 bytes,    2607592 total
[2020-09-24T03:37:33.627+0000][23404][gc,age       ] GC(156) - age   6:      11528 bytes,    2619120 total
[2020-09-24T03:37:33.627+0000][23404][gc,age       ] GC(156) - age   7:       2248 bytes,    2621368 total
[2020-09-24T03:37:33.627+0000][23404][gc,age       ] GC(156) - age   8:       1240 bytes,    2622608 total
[2020-09-24T03:37:33.627+0000][23404][gc,age       ] GC(156) - age   9:      15936 bytes,    2638544 total
[2020-09-24T03:37:33.627+0000][23404][gc,age       ] GC(156) - age  10:      30360 bytes,    2668904 total
[2020-09-24T03:37:33.627+0000][23404][gc,age       ] GC(156) - age  11:       2016 bytes,    2670920 total
[2020-09-24T03:37:33.627+0000][23404][gc,age       ] GC(156) - age  12:       4832 bytes,    2675752 total
[2020-09-24T03:37:33.627+0000][23404][gc,age       ] GC(156) - age  13:      12680 bytes,    2688432 total
[2020-09-24T03:37:33.627+0000][23404][gc,age       ] GC(156) - age  14:       1360 bytes,    2689792 total
[2020-09-24T03:37:33.627+0000][23404][gc,age       ] GC(156) - age  15:      11128 bytes,    2700920 total
[2020-09-24T03:37:33.627+0000][23404][gc,phases    ] GC(156)   Pre Evacuate Collection Set: 0.4ms
[2020-09-24T03:37:33.627+0000][23404][gc,phases    ] GC(156)   Merge Heap Roots: 0.1ms
[2020-09-24T03:37:33.627+0000][23404][gc,phases    ] GC(156)   Evacuate Collection Set: 2.1ms
[2020-09-24T03:37:33.627+0000][23404][gc,phases    ] GC(156)   Post Evacuate Collection Set: 1.1ms
[2020-09-24T03:37:33.627+0000][23404][gc,phases    ] GC(156)   Other: 1.1ms
[2020-09-24T03:37:33.627+0000][23404][gc,heap      ] GC(156) Eden regions: 141->0(498)
[2020-09-24T03:37:33.628+0000][23404][gc,heap      ] GC(156) Survivor regions: 6->3(63)
[2020-09-24T03:37:33.628+0000][23404][gc,heap      ] GC(156) Old regions: 77->77
[2020-09-24T03:37:33.628+0000][23404][gc,heap      ] GC(156) Archive regions: 0->0
[2020-09-24T03:37:33.628+0000][23404][gc,heap      ] GC(156) Humongous regions: 529->174
[2020-09-24T03:37:33.628+0000][23404][gc,metaspace ] GC(156) Metaspace: 87245K(93568K)->87245K(93568K) NonClass: 76083K(79872K)->76083K(79872K) Class: 11162K(13696K)->11162K(13696K)
[2020-09-24T03:37:33.628+0000][23404][gc           ] GC(156) Pause Young (Concurrent Start) (G1 Humongous Allocation) 751M->253M(1024M) 5.196ms
[2020-09-24T03:37:33.628+0000][23404][gc,cpu       ] GC(156) User=0.00s Sys=0.00s Real=0.01s
[2020-09-24T03:37:33.628+0000][23404][gc           ] GC(157) Concurrent Cycle
[2020-09-24T03:37:33.628+0000][23404][safepoint    ] Safepoint "G1TryInitiateConcMark", Time since last: 48469500 ns, Reaching safepoint: 159200 ns, At safepoint: 5403700 ns, Total: 5562900 ns
[2020-09-24T03:37:33.628+0000][23404][gc,marking   ] GC(157) Concurrent Clear Claimed Marks
[2020-09-24T03:37:33.629+0000][23404][gc,marking   ] GC(157) Concurrent Clear Claimed Marks 0.575ms
[2020-09-24T03:37:33.629+0000][23404][gc,marking   ] GC(157) Concurrent Scan Root Regions
[2020-09-24T03:37:33.631+0000][23404][gc,marking   ] GC(157) Concurrent Scan Root Regions 2.062ms
[2020-09-24T03:37:33.631+0000][23404][gc,marking   ] GC(157) Concurrent Mark (126.064s)
[2020-09-24T03:37:33.631+0000][23404][gc,marking   ] GC(157) Concurrent Mark From Roots
[2020-09-24T03:37:33.631+0000][23404][gc,task      ] GC(157) Using 2 workers of 2 for marking
[2020-09-24T03:37:33.792+0000][23404][gc,marking   ] GC(157) Concurrent Mark From Roots 160.879ms
[2020-09-24T03:37:33.792+0000][23404][gc,marking   ] GC(157) Concurrent Preclean
[2020-09-24T03:37:33.792+0000][23404][gc,marking   ] GC(157) Concurrent Preclean 0.596ms
[2020-09-24T03:37:33.792+0000][23404][gc,marking   ] GC(157) Concurrent Mark (126.064s, 126.226s) 161.698ms
[2020-09-24T03:37:33.798+0000][23404][gc,start     ] GC(157) Pause Remark
[2020-09-24T03:37:33.804+0000][23404][gc           ] GC(157) Pause Remark 392M->392M(1024M) 6.235ms
[2020-09-24T03:37:33.804+0000][23404][gc,cpu       ] GC(157) User=0.00s Sys=0.00s Real=0.01s
[2020-09-24T03:37:33.805+0000][23404][safepoint    ] Safepoint "G1Concurrent", Time since last: 164670700 ns, Reaching safepoint: 5136300 ns, At safepoint: 7778100 ns, Total: 12914400 ns
[2020-09-24T03:37:33.806+0000][23404][gc,marking   ] GC(157) Concurrent Rebuild Remembered Sets
[2020-09-24T03:37:33.896+0000][23404][gc,marking   ] GC(157) Concurrent Rebuild Remembered Sets 90.806ms
[2020-09-24T03:37:33.897+0000][23404][gc,start     ] GC(157) Pause Cleanup
[2020-09-24T03:37:33.897+0000][23404][gc           ] GC(157) Pause Cleanup 395M->395M(1024M) 0.347ms
[2020-09-24T03:37:33.897+0000][23404][gc,cpu       ] GC(157) User=0.00s Sys=0.00s Real=0.00s
[2020-09-24T03:37:33.897+0000][23404][safepoint    ] Safepoint "G1Concurrent", Time since last: 91103500 ns, Reaching safepoint: 236000 ns, At safepoint: 665000 ns, Total: 901000 ns
[2020-09-24T03:37:33.898+0000][23404][gc,marking   ] GC(157) Concurrent Cleanup for Next Mark
[2020-09-24T03:37:33.899+0000][23404][gc,marking   ] GC(157) Concurrent Cleanup for Next Mark 1.751ms
[2020-09-24T03:37:33.899+0000][23404][gc           ] GC(157) Concurrent Cycle 271.587ms
[2020-09-24T03:37:33.911+0000][23404][gc,start     ] GC(158) Pause Young (Concurrent Start) (G1 Humongous Allocation)
[2020-09-24T03:37:33.911+0000][23404][gc,task      ] GC(158) Using 8 workers of 8 for evacuation
[2020-09-24T03:37:33.911+0000][23404][gc,age       ] GC(158) Desired survivor size 33030144 bytes, new threshold 15 (max threshold 15)
[2020-09-24T03:37:33.915+0000][23404][gc,age       ] GC(158) Age table with threshold 15 (max threshold 15)
[2020-09-24T03:37:33.915+0000][23404][gc,age       ] GC(158) - age   1:    2590360 bytes,    2590360 total
[2020-09-24T03:37:33.915+0000][23404][gc,age       ] GC(158) - age   2:      18128 bytes,    2608488 total
[2020-09-24T03:37:33.915+0000][23404][gc,age       ] GC(158) - age   3:       3184 bytes,    2611672 total
[2020-09-24T03:37:33.915+0000][23404][gc,age       ] GC(158) - age   4:       1424 bytes,    2613096 total
[2020-09-24T03:37:33.915+0000][23404][gc,age       ] GC(158) - age   5:       1664 bytes,    2614760 total
[2020-09-24T03:37:33.915+0000][23404][gc,age       ] GC(158) - age   6:      12368 bytes,    2627128 total
[2020-09-24T03:37:33.915+0000][23404][gc,age       ] GC(158) - age   7:      11400 bytes,    2638528 total
[2020-09-24T03:37:33.915+0000][23404][gc,age       ] GC(158) - age   8:       2088 bytes,    2640616 total
[2020-09-24T03:37:33.915+0000][23404][gc,age       ] GC(158) - age   9:       1176 bytes,    2641792 total
[2020-09-24T03:37:33.915+0000][23404][gc,age       ] GC(158) - age  10:      15840 bytes,    2657632 total
[2020-09-24T03:37:33.915+0000][23404][gc,age       ] GC(158) - age  11:      30168 bytes,    2687800 total
[2020-09-24T03:37:33.915+0000][23404][gc,age       ] GC(158) - age  12:       1952 bytes,    2689752 total
[2020-09-24T03:37:33.915+0000][23404][gc,age       ] GC(158) - age  13:       4832 bytes,    2694584 total
[2020-09-24T03:37:33.915+0000][23404][gc,age       ] GC(158) - age  14:      12680 bytes,    2707264 total
[2020-09-24T03:37:33.915+0000][23404][gc,age       ] GC(158) - age  15:       1296 bytes,    2708560 total
[2020-09-24T03:37:33.915+0000][23404][gc,phases    ] GC(158)   Pre Evacuate Collection Set: 0.5ms
[2020-09-24T03:37:33.915+0000][23404][gc,phases    ] GC(158)   Merge Heap Roots: 0.1ms
[2020-09-24T03:37:33.915+0000][23404][gc,phases    ] GC(158)   Evacuate Collection Set: 2.1ms
[2020-09-24T03:37:33.916+0000][23404][gc,phases    ] GC(158)   Post Evacuate Collection Set: 0.8ms
[2020-09-24T03:37:33.916+0000][23404][gc,phases    ] GC(158)   Other: 1.2ms
[2020-09-24T03:37:33.916+0000][23404][gc,heap      ] GC(158) Eden regions: 50->0(500)
[2020-09-24T03:37:33.916+0000][23404][gc,heap      ] GC(158) Survivor regions: 3->3(63)
[2020-09-24T03:37:33.916+0000][23404][gc,heap      ] GC(158) Old regions: 77->77
[2020-09-24T03:37:33.916+0000][23404][gc,heap      ] GC(158) Archive regions: 0->0
[2020-09-24T03:37:33.916+0000][23404][gc,heap      ] GC(158) Humongous regions: 270->174
[2020-09-24T03:37:33.916+0000][23404][gc,metaspace ] GC(158) Metaspace: 87270K(93568K)->87270K(93568K) NonClass: 76105K(79872K)->76105K(79872K) Class: 11164K(13696K)->11164K(13696K)
[2020-09-24T03:37:33.916+0000][23404][gc           ] GC(158) Pause Young (Concurrent Start) (G1 Humongous Allocation) 399M->253M(1024M) 5.108ms
[2020-09-24T03:37:33.916+0000][23404][gc,cpu       ] GC(158) User=0.03s Sys=0.00s Real=0.00s
[2020-09-24T03:37:33.916+0000][23404][safepoint    ] Safepoint "G1TryInitiateConcMark", Time since last: 13046900 ns, Reaching safepoint: 189800 ns, At safepoint: 5343500 ns, Total: 5533300 ns
[2020-09-24T03:37:33.916+0000][23404][gc           ] GC(159) Concurrent Cycle
[2020-09-24T03:37:33.916+0000][23404][gc,marking   ] GC(159) Concurrent Clear Claimed Marks
[2020-09-24T03:37:33.917+0000][23404][gc,marking   ] GC(159) Concurrent Clear Claimed Marks 0.708ms
[2020-09-24T03:37:33.917+0000][23404][gc,marking   ] GC(159) Concurrent Scan Root Regions
[2020-09-24T03:37:33.920+0000][23404][gc,marking   ] GC(159) Concurrent Scan Root Regions 2.616ms
[2020-09-24T03:37:33.920+0000][23404][gc,marking   ] GC(159) Concurrent Mark (126.353s)
[2020-09-24T03:37:33.920+0000][23404][gc,marking   ] GC(159) Concurrent Mark From Roots
[2020-09-24T03:37:33.920+0000][23404][gc,task      ] GC(159) Using 2 workers of 2 for marking
[2020-09-24T03:37:34.072+0000][23404][gc,marking   ] GC(159) Concurrent Mark From Roots 153.188ms
[2020-09-24T03:37:34.073+0000][23404][gc,marking   ] GC(159) Concurrent Preclean
[2020-09-24T03:37:34.073+0000][23404][gc,marking   ] GC(159) Concurrent Preclean 0.318ms
[2020-09-24T03:37:34.073+0000][23404][gc,marking   ] GC(159) Concurrent Mark (126.353s, 126.507s) 153.724ms
[2020-09-24T03:37:34.073+0000][23404][gc,start     ] GC(159) Pause Remark
[2020-09-24T03:37:34.080+0000][23404][gc           ] GC(159) Pause Remark 385M->385M(1024M) 6.546ms
[2020-09-24T03:37:34.080+0000][23404][gc,cpu       ] GC(159) User=0.00s Sys=0.00s Real=0.01s
[2020-09-24T03:37:34.080+0000][23404][safepoint    ] Safepoint "G1Concurrent", Time since last: 157533900 ns, Reaching safepoint: 163100 ns, At safepoint: 6807100 ns, Total: 6970200 ns
[2020-09-24T03:37:34.080+0000][23404][gc,marking   ] GC(159) Concurrent Rebuild Remembered Sets
[2020-09-24T03:37:34.173+0000][23404][gc,marking   ] GC(159) Concurrent Rebuild Remembered Sets 92.504ms
[2020-09-24T03:37:34.173+0000][23404][gc,start     ] GC(159) Pause Cleanup
[2020-09-24T03:37:34.173+0000][23404][gc           ] GC(159) Pause Cleanup 456M->456M(1024M) 0.342ms
[2020-09-24T03:37:34.173+0000][23404][gc,cpu       ] GC(159) User=0.00s Sys=0.00s Real=0.00s
[2020-09-24T03:37:34.173+0000][23404][safepoint    ] Safepoint "G1Concurrent", Time since last: 92705300 ns, Reaching safepoint: 192300 ns, At safepoint: 500000 ns, Total: 692300 ns
[2020-09-24T03:37:34.173+0000][23404][gc,marking   ] GC(159) Concurrent Cleanup for Next Mark
[2020-09-24T03:37:34.175+0000][23404][gc,marking   ] GC(159) Concurrent Cleanup for Next Mark 1.604ms
[2020-09-24T03:37:34.175+0000][23404][gc           ] GC(159) Concurrent Cycle 259.689ms
[2020-09-24T03:37:34.182+0000][23404][gc,start     ] GC(160) Pause Young (Concurrent Start) (G1 Humongous Allocation)
[2020-09-24T03:37:34.182+0000][23404][gc,task      ] GC(160) Using 8 workers of 8 for evacuation
[2020-09-24T03:37:34.182+0000][23404][gc,age       ] GC(160) Desired survivor size 33030144 bytes, new threshold 15 (max threshold 15)
[2020-09-24T03:37:34.186+0000][23404][gc,age       ] GC(160) Age table with threshold 15 (max threshold 15)
[2020-09-24T03:37:34.186+0000][23404][gc,age       ] GC(160) - age   1:    3008128 bytes,    3008128 total
[2020-09-24T03:37:34.186+0000][23404][gc,age       ] GC(160) - age   2:      20712 bytes,    3028840 total
[2020-09-24T03:37:34.186+0000][23404][gc,age       ] GC(160) - age   3:      13976 bytes,    3042816 total
[2020-09-24T03:37:34.186+0000][23404][gc,age       ] GC(160) - age   4:       2328 bytes,    3045144 total
[2020-09-24T03:37:34.186+0000][23404][gc,age       ] GC(160) - age   5:       1392 bytes,    3046536 total
[2020-09-24T03:37:34.186+0000][23404][gc,age       ] GC(160) - age   6:       1664 bytes,    3048200 total
[2020-09-24T03:37:34.186+0000][23404][gc,age       ] GC(160) - age   7:      12368 bytes,    3060568 total
[2020-09-24T03:37:34.186+0000][23404][gc,age       ] GC(160) - age   8:      11208 bytes,    3071776 total
[2020-09-24T03:37:34.186+0000][23404][gc,age       ] GC(160) - age   9:       1320 bytes,    3073096 total
[2020-09-24T03:37:34.186+0000][23404][gc,age       ] GC(160) - age  10:       1176 bytes,    3074272 total
[2020-09-24T03:37:34.186+0000][23404][gc,age       ] GC(160) - age  11:      15712 bytes,    3089984 total
[2020-09-24T03:37:34.186+0000][23404][gc,age       ] GC(160) - age  12:      30168 bytes,    3120152 total
[2020-09-24T03:37:34.187+0000][23404][gc,age       ] GC(160) - age  13:       1888 bytes,    3122040 total
[2020-09-24T03:37:34.187+0000][23404][gc,age       ] GC(160) - age  14:       4832 bytes,    3126872 total
[2020-09-24T03:37:34.187+0000][23404][gc,age       ] GC(160) - age  15:      12648 bytes,    3139520 total
[2020-09-24T03:37:34.187+0000][23404][gc,phases    ] GC(160)   Pre Evacuate Collection Set: 0.5ms
[2020-09-24T03:37:34.187+0000][23404][gc,phases    ] GC(160)   Merge Heap Roots: 0.1ms
[2020-09-24T03:37:34.187+0000][23404][gc,phases    ] GC(160)   Evacuate Collection Set: 1.9ms
[2020-09-24T03:37:34.187+0000][23404][gc,phases    ] GC(160)   Post Evacuate Collection Set: 0.8ms
[2020-09-24T03:37:34.187+0000][23404][gc,phases    ] GC(160)   Other: 1.1ms
[2020-09-24T03:37:34.187+0000][23404][gc,heap      ] GC(160) Eden regions: 64->0(500)
[2020-09-24T03:37:34.187+0000][23404][gc,heap      ] GC(160) Survivor regions: 3->4(63)
[2020-09-24T03:37:34.187+0000][23404][gc,heap      ] GC(160) Old regions: 77->77
[2020-09-24T03:37:34.187+0000][23404][gc,heap      ] GC(160) Archive regions: 0->0
[2020-09-24T03:37:34.187+0000][23404][gc,heap      ] GC(160) Humongous regions: 318->174
[2020-09-24T03:37:34.187+0000][23404][gc,metaspace ] GC(160) Metaspace: 87283K(93568K)->87283K(93568K) NonClass: 76118K(79872K)->76118K(79872K) Class: 11164K(13696K)->11164K(13696K)
[2020-09-24T03:37:34.187+0000][23404][gc           ] GC(160) Pause Young (Concurrent Start) (G1 Humongous Allocation) 461M->253M(1024M) 4.645ms
[2020-09-24T03:37:34.187+0000][23404][gc,cpu       ] GC(160) User=0.00s Sys=0.00s Real=0.01s
[2020-09-24T03:37:34.187+0000][23404][safepoint    ] Safepoint "G1TryInitiateConcMark", Time since last: 8787900 ns, Reaching safepoint: 155100 ns, At safepoint: 4821200 ns, Total: 4976300 ns
[2020-09-24T03:37:34.187+0000][23404][gc           ] GC(161) Concurrent Cycle
[2020-09-24T03:37:34.187+0000][23404][gc,marking   ] GC(161) Concurrent Clear Claimed Marks
[2020-09-24T03:37:34.188+0000][23404][gc,marking   ] GC(161) Concurrent Clear Claimed Marks 0.498ms
[2020-09-24T03:37:34.188+0000][23404][gc,marking   ] GC(161) Concurrent Scan Root Regions
[2020-09-24T03:37:34.190+0000][23404][gc,marking   ] GC(161) Concurrent Scan Root Regions 2.283ms
[2020-09-24T03:37:34.190+0000][23404][gc,marking   ] GC(161) Concurrent Mark (126.624s)
[2020-09-24T03:37:34.190+0000][23404][gc,marking   ] GC(161) Concurrent Mark From Roots
[2020-09-24T03:37:34.190+0000][23404][gc,task      ] GC(161) Using 2 workers of 2 for marking
[2020-09-24T03:37:34.349+0000][23404][gc,marking   ] GC(161) Concurrent Mark From Roots 158.589ms
[2020-09-24T03:37:34.349+0000][23404][gc,marking   ] GC(161) Concurrent Preclean
[2020-09-24T03:37:34.349+0000][23404][gc,marking   ] GC(161) Concurrent Preclean 0.539ms
[2020-09-24T03:37:34.350+0000][23404][gc,marking   ] GC(161) Concurrent Mark (126.624s, 126.784s) 159.309ms
[2020-09-24T03:37:34.350+0000][23404][gc,start     ] GC(161) Pause Remark
[2020-09-24T03:37:34.356+0000][23404][gc           ] GC(161) Pause Remark 446M->446M(1024M) 6.093ms
[2020-09-24T03:37:34.356+0000][23404][gc,cpu       ] GC(161) User=0.11s Sys=0.00s Real=0.01s
[2020-09-24T03:37:34.356+0000][23404][safepoint    ] Safepoint "G1Concurrent", Time since last: 162523700 ns, Reaching safepoint: 289300 ns, At safepoint: 6351100 ns, Total: 6640400 ns
[2020-09-24T03:37:34.356+0000][23404][gc,marking   ] GC(161) Concurrent Rebuild Remembered Sets
[2020-09-24T03:37:34.454+0000][23404][gc,marking   ] GC(161) Concurrent Rebuild Remembered Sets 96.823ms
[2020-09-24T03:37:34.454+0000][23404][gc,start     ] GC(161) Pause Cleanup
[2020-09-24T03:37:34.454+0000][23404][gc           ] GC(161) Pause Cleanup 573M->573M(1024M) 0.345ms
[2020-09-24T03:37:34.454+0000][23404][gc,cpu       ] GC(161) User=0.00s Sys=0.00s Real=0.00s
[2020-09-24T03:37:34.454+0000][23404][safepoint    ] Safepoint "G1Concurrent", Time since last: 97026500 ns, Reaching safepoint: 162400 ns, At safepoint: 512600 ns, Total: 675000 ns
[2020-09-24T03:37:34.454+0000][23404][gc,marking   ] GC(161) Concurrent Cleanup for Next Mark
[2020-09-24T03:37:34.457+0000][23404][gc,marking   ] GC(161) Concurrent Cleanup for Next Mark 2.302ms
[2020-09-24T03:37:34.457+0000][23404][gc           ] GC(161) Concurrent Cycle 269.396ms
[2020-09-24T03:37:34.506+0000][23404][gc,start     ] GC(162) Pause Young (Concurrent Start) (G1 Humongous Allocation)
[2020-09-24T03:37:34.506+0000][23404][gc,task      ] GC(162) Using 8 workers of 8 for evacuation
[2020-09-24T03:37:34.506+0000][23404][gc,age       ] GC(162) Desired survivor size 33030144 bytes, new threshold 15 (max threshold 15)
[2020-09-24T03:37:34.510+0000][23404][gc,age       ] GC(162) Age table with threshold 15 (max threshold 15)
[2020-09-24T03:37:34.510+0000][23404][gc,age       ] GC(162) - age   1:    5099536 bytes,    5099536 total
[2020-09-24T03:37:34.511+0000][23404][gc,age       ] GC(162) - age   2:      14776 bytes,    5114312 total
[2020-09-24T03:37:34.511+0000][23404][gc,age       ] GC(162) - age   3:      19272 bytes,    5133584 total
[2020-09-24T03:37:34.511+0000][23404][gc,age       ] GC(162) - age   4:      10160 bytes,    5143744 total
[2020-09-24T03:37:34.511+0000][23404][gc,age       ] GC(162) - age   5:       2328 bytes,    5146072 total
[2020-09-24T03:37:34.511+0000][23404][gc,age       ] GC(162) - age   6:       1392 bytes,    5147464 total
[2020-09-24T03:37:34.511+0000][23404][gc,age       ] GC(162) - age   7:       1664 bytes,    5149128 total
[2020-09-24T03:37:34.511+0000][23404][gc,age       ] GC(162) - age   8:      12304 bytes,    5161432 total
[2020-09-24T03:37:34.511+0000][23404][gc,age       ] GC(162) - age   9:      11080 bytes,    5172512 total
[2020-09-24T03:37:34.511+0000][23404][gc,age       ] GC(162) - age  10:       1288 bytes,    5173800 total
[2020-09-24T03:37:34.511+0000][23404][gc,age       ] GC(162) - age  11:       1176 bytes,    5174976 total
[2020-09-24T03:37:34.511+0000][23404][gc,age       ] GC(162) - age  12:      15712 bytes,    5190688 total
[2020-09-24T03:37:34.511+0000][23404][gc,age       ] GC(162) - age  13:      30168 bytes,    5220856 total
[2020-09-24T03:37:34.511+0000][23404][gc,age       ] GC(162) - age  14:       1888 bytes,    5222744 total
[2020-09-24T03:37:34.511+0000][23404][gc,age       ] GC(162) - age  15:       4832 bytes,    5227576 total
[2020-09-24T03:37:34.511+0000][23404][gc,phases    ] GC(162)   Pre Evacuate Collection Set: 0.4ms
[2020-09-24T03:37:34.511+0000][23404][gc,phases    ] GC(162)   Merge Heap Roots: 0.1ms
[2020-09-24T03:37:34.511+0000][23404][gc,phases    ] GC(162)   Evacuate Collection Set: 2.3ms
[2020-09-24T03:37:34.511+0000][23404][gc,phases    ] GC(162)   Post Evacuate Collection Set: 1.0ms
[2020-09-24T03:37:34.511+0000][23404][gc,phases    ] GC(162)   Other: 1.1ms
[2020-09-24T03:37:34.511+0000][23404][gc,heap      ] GC(162) Eden regions: 106->0(497)
[2020-09-24T03:37:34.511+0000][23404][gc,heap      ] GC(162) Survivor regions: 4->6(63)
[2020-09-24T03:37:34.511+0000][23404][gc,heap      ] GC(162) Old regions: 77->77
[2020-09-24T03:37:34.511+0000][23404][gc,heap      ] GC(162) Archive regions: 0->0
[2020-09-24T03:37:34.511+0000][23404][gc,heap      ] GC(162) Humongous regions: 414->174
[2020-09-24T03:37:34.511+0000][23404][gc,metaspace ] GC(162) Metaspace: 87313K(93568K)->87313K(93568K) NonClass: 76148K(79872K)->76148K(79872K) Class: 11164K(13696K)->11164K(13696K)
[2020-09-24T03:37:34.511+0000][23404][gc           ] GC(162) Pause Young (Concurrent Start) (G1 Humongous Allocation) 599M->255M(1024M) 5.174ms
[2020-09-24T03:37:34.512+0000][23404][gc,cpu       ] GC(162) User=0.13s Sys=0.00s Real=0.01s
[2020-09-24T03:37:34.512+0000][23404][gc           ] GC(163) Concurrent Cycle
[2020-09-24T03:37:34.512+0000][23404][safepoint    ] Safepoint "G1TryInitiateConcMark", Time since last: 51741800 ns, Reaching safepoint: 174400 ns, At safepoint: 5384100 ns, Total: 5558500 ns
[2020-09-24T03:37:34.512+0000][23404][gc,marking   ] GC(163) Concurrent Clear Claimed Marks
[2020-09-24T03:37:34.512+0000][23404][gc,marking   ] GC(163) Concurrent Clear Claimed Marks 0.540ms
[2020-09-24T03:37:34.512+0000][23404][gc,marking   ] GC(163) Concurrent Scan Root Regions
[2020-09-24T03:37:34.515+0000][23404][gc,marking   ] GC(163) Concurrent Scan Root Regions 2.325ms
[2020-09-24T03:37:34.515+0000][23404][gc,marking   ] GC(163) Concurrent Mark (126.949s)
[2020-09-24T03:37:34.515+0000][23404][gc,marking   ] GC(163) Concurrent Mark From Roots
[2020-09-24T03:37:34.515+0000][23404][gc,task      ] GC(163) Using 2 workers of 2 for marking
[2020-09-24T03:37:34.657+0000][23404][safepoint    ] Safepoint "BulkRevokeBias", Time since last: 132752800 ns, Reaching safepoint: 449400 ns, At safepoint: 11693700 ns, Total: 12143100 ns
[2020-09-24T03:37:34.694+0000][23404][gc,marking   ] GC(163) Concurrent Mark From Roots 179.222ms
[2020-09-24T03:37:34.694+0000][23404][gc,marking   ] GC(163) Concurrent Preclean
[2020-09-24T03:37:34.695+0000][23404][gc,marking   ] GC(163) Concurrent Preclean 0.580ms
[2020-09-24T03:37:34.695+0000][23404][gc,marking   ] GC(163) Concurrent Mark (126.949s, 127.129s) 180.031ms
[2020-09-24T03:37:34.696+0000][23404][gc,start     ] GC(163) Pause Remark
[2020-09-24T03:37:34.702+0000][23404][gc           ] GC(163) Pause Remark 531M->531M(1024M) 6.299ms
[2020-09-24T03:37:34.703+0000][23404][gc,cpu       ] GC(163) User=0.06s Sys=0.03s Real=0.01s
[2020-09-24T03:37:34.704+0000][23404][safepoint    ] Safepoint "G1Concurrent", Time since last: 38326800 ns, Reaching safepoint: 1204700 ns, At safepoint: 7861200 ns, Total: 9065900 ns
[2020-09-24T03:37:34.704+0000][23404][gc,marking   ] GC(163) Concurrent Rebuild Remembered Sets
[2020-09-24T03:37:34.799+0000][23404][gc,marking   ] GC(163) Concurrent Rebuild Remembered Sets 94.848ms
[2020-09-24T03:37:34.799+0000][23404][gc,start     ] GC(163) Pause Cleanup
[2020-09-24T03:37:34.800+0000][23404][gc           ] GC(163) Pause Cleanup 725M->725M(1024M) 0.421ms
[2020-09-24T03:37:34.800+0000][23404][gc,cpu       ] GC(163) User=0.00s Sys=0.00s Real=0.00s
[2020-09-24T03:37:34.800+0000][23404][safepoint    ] Safepoint "G1Concurrent", Time since last: 95087500 ns, Reaching safepoint: 170200 ns, At safepoint: 637100 ns, Total: 807300 ns
[2020-09-24T03:37:34.800+0000][23404][gc,marking   ] GC(163) Concurrent Cleanup for Next Mark
[2020-09-24T03:37:34.802+0000][23404][gc,marking   ] GC(163) Concurrent Cleanup for Next Mark 2.119ms
[2020-09-24T03:37:34.802+0000][23404][gc           ] GC(163) Concurrent Cycle 290.550ms
[2020-09-24T03:37:34.860+0000][23404][gc,start     ] GC(164) Pause Young (Concurrent Start) (G1 Humongous Allocation)
[2020-09-24T03:37:34.860+0000][23404][gc,task      ] GC(164) Using 8 workers of 8 for evacuation
[2020-09-24T03:37:34.860+0000][23404][gc,age       ] GC(164) Desired survivor size 33030144 bytes, new threshold 15 (max threshold 15)
[2020-09-24T03:37:34.864+0000][23404][gc,age       ] GC(164) Age table with threshold 15 (max threshold 15)
[2020-09-24T03:37:34.865+0000][23404][gc,age       ] GC(164) - age   1:    3906592 bytes,    3906592 total
[2020-09-24T03:37:34.865+0000][23404][gc,age       ] GC(164) - age   2:      12368 bytes,    3918960 total
[2020-09-24T03:37:34.865+0000][23404][gc,age       ] GC(164) - age   3:      14424 bytes,    3933384 total
[2020-09-24T03:37:34.865+0000][23404][gc,age       ] GC(164) - age   4:      19176 bytes,    3952560 total
[2020-09-24T03:37:34.865+0000][23404][gc,age       ] GC(164) - age   5:       1608 bytes,    3954168 total
[2020-09-24T03:37:34.865+0000][23404][gc,age       ] GC(164) - age   6:       2248 bytes,    3956416 total
[2020-09-24T03:37:34.865+0000][23404][gc,age       ] GC(164) - age   7:       1392 bytes,    3957808 total
[2020-09-24T03:37:34.865+0000][23404][gc,age       ] GC(164) - age   8:       1664 bytes,    3959472 total
[2020-09-24T03:37:34.865+0000][23404][gc,age       ] GC(164) - age   9:      12208 bytes,    3971680 total
[2020-09-24T03:37:34.865+0000][23404][gc,age       ] GC(164) - age  10:      10952 bytes,    3982632 total
[2020-09-24T03:37:34.865+0000][23404][gc,age       ] GC(164) - age  11:       1288 bytes,    3983920 total
[2020-09-24T03:37:34.865+0000][23404][gc,age       ] GC(164) - age  12:       1144 bytes,    3985064 total
[2020-09-24T03:37:34.865+0000][23404][gc,age       ] GC(164) - age  13:      15680 bytes,    4000744 total
[2020-09-24T03:37:34.865+0000][23404][gc,age       ] GC(164) - age  14:      30168 bytes,    4030912 total
[2020-09-24T03:37:34.865+0000][23404][gc,age       ] GC(164) - age  15:       1888 bytes,    4032800 total
[2020-09-24T03:37:34.865+0000][23404][gc,phases    ] GC(164)   Pre Evacuate Collection Set: 0.5ms
[2020-09-24T03:37:34.865+0000][23404][gc,phases    ] GC(164)   Merge Heap Roots: 0.1ms
[2020-09-24T03:37:34.865+0000][23404][gc,phases    ] GC(164)   Evacuate Collection Set: 2.5ms
[2020-09-24T03:37:34.865+0000][23404][gc,phases    ] GC(164)   Post Evacuate Collection Set: 1.1ms
[2020-09-24T03:37:34.865+0000][23404][gc,phases    ] GC(164)   Other: 1.1ms
[2020-09-24T03:37:34.865+0000][23404][gc,heap      ] GC(164) Eden regions: 133->0(500)
[2020-09-24T03:37:34.865+0000][23404][gc,heap      ] GC(164) Survivor regions: 6->4(63)
[2020-09-24T03:37:34.865+0000][23404][gc,heap      ] GC(164) Old regions: 77->77
[2020-09-24T03:37:34.865+0000][23404][gc,heap      ] GC(164) Archive regions: 0->0
[2020-09-24T03:37:34.866+0000][23404][gc,heap      ] GC(164) Humongous regions: 526->174
[2020-09-24T03:37:34.866+0000][23404][gc,metaspace ] GC(164) Metaspace: 87319K(93568K)->87319K(93568K) NonClass: 76154K(79872K)->76154K(79872K) Class: 11164K(13696K)->11164K(13696K)
[2020-09-24T03:37:34.866+0000][23404][gc           ] GC(164) Pause Young (Concurrent Start) (G1 Humongous Allocation) 740M->254M(1024M) 5.787ms
[2020-09-24T03:37:34.866+0000][23404][gc,cpu       ] GC(164) User=0.00s Sys=0.00s Real=0.01s
[2020-09-24T03:37:34.866+0000][23404][gc           ] GC(165) Concurrent Cycle
[2020-09-24T03:37:34.866+0000][23404][gc,marking   ] GC(165) Concurrent Clear Claimed Marks
[2020-09-24T03:37:34.866+0000][23404][safepoint    ] Safepoint "G1TryInitiateConcMark", Time since last: 59812000 ns, Reaching safepoint: 177700 ns, At safepoint: 6090700 ns, Total: 6268400 ns
[2020-09-24T03:37:34.866+0000][23404][gc,marking   ] GC(165) Concurrent Clear Claimed Marks 0.434ms
[2020-09-24T03:37:34.866+0000][23404][gc,marking   ] GC(165) Concurrent Scan Root Regions
[2020-09-24T03:37:34.869+0000][23404][gc,marking   ] GC(165) Concurrent Scan Root Regions 2.876ms
[2020-09-24T03:37:34.869+0000][23404][gc,marking   ] GC(165) Concurrent Mark (127.303s)
[2020-09-24T03:37:34.869+0000][23404][gc,marking   ] GC(165) Concurrent Mark From Roots
[2020-09-24T03:37:34.869+0000][23404][gc,task      ] GC(165) Using 2 workers of 2 for marking
[2020-09-24T03:37:35.025+0000][23404][gc,marking   ] GC(165) Concurrent Mark From Roots 155.765ms
[2020-09-24T03:37:35.025+0000][23404][gc,marking   ] GC(165) Concurrent Preclean
[2020-09-24T03:37:35.026+0000][23404][gc,marking   ] GC(165) Concurrent Preclean 0.583ms
[2020-09-24T03:37:35.026+0000][23404][gc,marking   ] GC(165) Concurrent Mark (127.303s, 127.460s) 156.548ms
[2020-09-24T03:37:35.026+0000][23404][gc,start     ] GC(165) Pause Remark
[2020-09-24T03:37:35.032+0000][23404][gc           ] GC(165) Pause Remark 457M->457M(1024M) 6.310ms
[2020-09-24T03:37:35.033+0000][23404][gc,cpu       ] GC(165) User=0.00s Sys=0.00s Real=0.01s
[2020-09-24T03:37:35.033+0000][23404][safepoint    ] Safepoint "G1Concurrent", Time since last: 160092400 ns, Reaching safepoint: 159100 ns, At safepoint: 6578200 ns, Total: 6737300 ns
[2020-09-24T03:37:35.033+0000][23404][gc,marking   ] GC(165) Concurrent Rebuild Remembered Sets
[2020-09-24T03:37:35.124+0000][23404][gc,marking   ] GC(165) Concurrent Rebuild Remembered Sets 91.145ms
[2020-09-24T03:37:35.124+0000][23404][gc,start     ] GC(165) Pause Cleanup
[2020-09-24T03:37:35.125+0000][23404][gc           ] GC(165) Pause Cleanup 535M->535M(1024M) 0.347ms
[2020-09-24T03:37:35.125+0000][23404][gc,cpu       ] GC(165) User=0.00s Sys=0.00s Real=0.00s
[2020-09-24T03:37:35.125+0000][23404][safepoint    ] Safepoint "G1Concurrent", Time since last: 91349300 ns, Reaching safepoint: 158700 ns, At safepoint: 602500 ns, Total: 761200 ns
[2020-09-24T03:37:35.125+0000][23404][gc,marking   ] GC(165) Concurrent Cleanup for Next Mark
[2020-09-24T03:37:35.127+0000][23404][gc,marking   ] GC(165) Concurrent Cleanup for Next Mark 2.065ms
[2020-09-24T03:37:35.127+0000][23404][gc           ] GC(165) Concurrent Cycle 261.370ms
[2020-09-24T03:37:35.163+0000][23404][gc,start     ] GC(166) Pause Young (Concurrent Start) (G1 Humongous Allocation)
[2020-09-24T03:37:35.163+0000][23404][gc,task      ] GC(166) Using 8 workers of 8 for evacuation
[2020-09-24T03:37:35.163+0000][23404][gc,age       ] GC(166) Desired survivor size 33030144 bytes, new threshold 15 (max threshold 15)
[2020-09-24T03:37:35.167+0000][23404][gc,age       ] GC(166) Age table with threshold 15 (max threshold 15)
[2020-09-24T03:37:35.167+0000][23404][gc,age       ] GC(166) - age   1:    3596072 bytes,    3596072 total
[2020-09-24T03:37:35.167+0000][23404][gc,age       ] GC(166) - age   2:     206936 bytes,    3803008 total
[2020-09-24T03:37:35.167+0000][23404][gc,age       ] GC(166) - age   3:      12048 bytes,    3815056 total
[2020-09-24T03:37:35.167+0000][23404][gc,age       ] GC(166) - age   4:      13216 bytes,    3828272 total
[2020-09-24T03:37:35.167+0000][23404][gc,age       ] GC(166) - age   5:      18560 bytes,    3846832 total
[2020-09-24T03:37:35.167+0000][23404][gc,age       ] GC(166) - age   6:       1608 bytes,    3848440 total
[2020-09-24T03:37:35.167+0000][23404][gc,age       ] GC(166) - age   7:       2184 bytes,    3850624 total
[2020-09-24T03:37:35.167+0000][23404][gc,age       ] GC(166) - age   8:       1392 bytes,    3852016 total
[2020-09-24T03:37:35.167+0000][23404][gc,age       ] GC(166) - age   9:       1664 bytes,    3853680 total
[2020-09-24T03:37:35.168+0000][23404][gc,age       ] GC(166) - age  10:      12112 bytes,    3865792 total
[2020-09-24T03:37:35.168+0000][23404][gc,age       ] GC(166) - age  11:      10696 bytes,    3876488 total
[2020-09-24T03:37:35.168+0000][23404][gc,age       ] GC(166) - age  12:       1192 bytes,    3877680 total
[2020-09-24T03:37:35.168+0000][23404][gc,age       ] GC(166) - age  13:       1144 bytes,    3878824 total
[2020-09-24T03:37:35.168+0000][23404][gc,age       ] GC(166) - age  14:      15648 bytes,    3894472 total
[2020-09-24T03:37:35.168+0000][23404][gc,age       ] GC(166) - age  15:      30168 bytes,    3924640 total
[2020-09-24T03:37:35.168+0000][23404][gc,phases    ] GC(166)   Pre Evacuate Collection Set: 0.4ms
[2020-09-24T03:37:35.168+0000][23404][gc,phases    ] GC(166)   Merge Heap Roots: 0.1ms
[2020-09-24T03:37:35.168+0000][23404][gc,phases    ] GC(166)   Evacuate Collection Set: 2.6ms
[2020-09-24T03:37:35.168+0000][23404][gc,phases    ] GC(166)   Post Evacuate Collection Set: 1.0ms
[2020-09-24T03:37:35.168+0000][23404][gc,phases    ] GC(166)   Other: 1.1ms
[2020-09-24T03:37:35.168+0000][23404][gc,heap      ] GC(166) Eden regions: 82->0(500)
[2020-09-24T03:37:35.168+0000][23404][gc,heap      ] GC(166) Survivor regions: 4->4(63)
[2020-09-24T03:37:35.168+0000][23404][gc,heap      ] GC(166) Old regions: 77->77
[2020-09-24T03:37:35.168+0000][23404][gc,heap      ] GC(166) Archive regions: 0->0
[2020-09-24T03:37:35.168+0000][23404][gc,heap      ] GC(166) Humongous regions: 382->174
[2020-09-24T03:37:35.168+0000][23404][gc,metaspace ] GC(166) Metaspace: 87323K(93568K)->87323K(93568K) NonClass: 76158K(79872K)->76158K(79872K) Class: 11164K(13696K)->11164K(13696K)
[2020-09-24T03:37:35.168+0000][23404][gc           ] GC(166) Pause Young (Concurrent Start) (G1 Humongous Allocation) 544M->254M(1024M) 5.683ms
[2020-09-24T03:37:35.168+0000][23404][gc,cpu       ] GC(166) User=0.13s Sys=0.00s Real=0.00s
[2020-09-24T03:37:35.168+0000][23404][safepoint    ] Safepoint "G1TryInitiateConcMark", Time since last: 37503300 ns, Reaching safepoint: 152600 ns, At safepoint: 5897300 ns, Total: 6049900 ns
[2020-09-24T03:37:35.168+0000][23404][gc           ] GC(167) Concurrent Cycle
[2020-09-24T03:37:35.169+0000][23404][gc,marking   ] GC(167) Concurrent Clear Claimed Marks
[2020-09-24T03:37:35.169+0000][23404][gc,marking   ] GC(167) Concurrent Clear Claimed Marks 0.428ms
[2020-09-24T03:37:35.169+0000][23404][gc,marking   ] GC(167) Concurrent Scan Root Regions
[2020-09-24T03:37:35.172+0000][23404][gc,marking   ] GC(167) Concurrent Scan Root Regions 2.595ms
[2020-09-24T03:37:35.172+0000][23404][gc,marking   ] GC(167) Concurrent Mark (127.606s)
[2020-09-24T03:37:35.172+0000][23404][gc,marking   ] GC(167) Concurrent Mark From Roots
[2020-09-24T03:37:35.172+0000][23404][gc,task      ] GC(167) Using 2 workers of 2 for marking
[2020-09-24T03:37:35.328+0000][23404][gc,marking   ] GC(167) Concurrent Mark From Roots 156.063ms
[2020-09-24T03:37:35.328+0000][23404][gc,marking   ] GC(167) Concurrent Preclean
[2020-09-24T03:37:35.329+0000][23404][gc,marking   ] GC(167) Concurrent Preclean 0.854ms
[2020-09-24T03:37:35.329+0000][23404][gc,marking   ] GC(167) Concurrent Mark (127.606s, 127.763s) 157.200ms
[2020-09-24T03:37:35.329+0000][23404][gc,start     ] GC(167) Pause Remark
[2020-09-24T03:37:35.335+0000][23404][gc           ] GC(167) Pause Remark 325M->325M(1024M) 6.140ms
[2020-09-24T03:37:35.336+0000][23404][gc,cpu       ] GC(167) User=0.00s Sys=0.00s Real=0.01s
[2020-09-24T03:37:35.336+0000][23404][safepoint    ] Safepoint "G1Concurrent", Time since last: 160657700 ns, Reaching safepoint: 165300 ns, At safepoint: 6594200 ns, Total: 6759500 ns
[2020-09-24T03:37:35.336+0000][23404][gc,marking   ] GC(167) Concurrent Rebuild Remembered Sets
[2020-09-24T03:37:35.433+0000][23404][gc,marking   ] GC(167) Concurrent Rebuild Remembered Sets 96.729ms
[2020-09-24T03:37:35.433+0000][23404][gc,start     ] GC(167) Pause Cleanup
[2020-09-24T03:37:35.433+0000][23404][gc           ] GC(167) Pause Cleanup 453M->453M(1024M) 0.370ms
[2020-09-24T03:37:35.433+0000][23404][gc,cpu       ] GC(167) User=0.00s Sys=0.00s Real=0.00s
[2020-09-24T03:37:35.434+0000][23404][safepoint    ] Safepoint "G1Concurrent", Time since last: 96944900 ns, Reaching safepoint: 190700 ns, At safepoint: 1139000 ns, Total: 1329700 ns
[2020-09-24T03:37:35.434+0000][23404][gc,marking   ] GC(167) Concurrent Cleanup for Next Mark
[2020-09-24T03:37:35.436+0000][23404][gc,marking   ] GC(167) Concurrent Cleanup for Next Mark 2.008ms
[2020-09-24T03:37:35.436+0000][23404][gc           ] GC(167) Concurrent Cycle 267.951ms
[2020-09-24T03:37:35.438+0000][23404][gc,start     ] GC(168) Pause Young (Concurrent Start) (G1 Humongous Allocation)
[2020-09-24T03:37:35.438+0000][23404][gc,task      ] GC(168) Using 8 workers of 8 for evacuation
[2020-09-24T03:37:35.439+0000][23404][gc,age       ] GC(168) Desired survivor size 33030144 bytes, new threshold 15 (max threshold 15)
[2020-09-24T03:37:35.443+0000][23404][gc,age       ] GC(168) Age table with threshold 15 (max threshold 15)
[2020-09-24T03:37:35.443+0000][23404][gc,age       ] GC(168) - age   1:    6404432 bytes,    6404432 total
[2020-09-24T03:37:35.443+0000][23404][gc,age       ] GC(168) - age   2:       5368 bytes,    6409800 total
[2020-09-24T03:37:35.443+0000][23404][gc,age       ] GC(168) - age   3:       5240 bytes,    6415040 total
[2020-09-24T03:37:35.443+0000][23404][gc,age       ] GC(168) - age   4:      11320 bytes,    6426360 total
[2020-09-24T03:37:35.443+0000][23404][gc,age       ] GC(168) - age   5:      12960 bytes,    6439320 total
[2020-09-24T03:37:35.443+0000][23404][gc,age       ] GC(168) - age   6:      18560 bytes,    6457880 total
[2020-09-24T03:37:35.443+0000][23404][gc,age       ] GC(168) - age   7:       1368 bytes,    6459248 total
[2020-09-24T03:37:35.443+0000][23404][gc,age       ] GC(168) - age   8:       2184 bytes,    6461432 total
[2020-09-24T03:37:35.443+0000][23404][gc,age       ] GC(168) - age   9:       1328 bytes,    6462760 total
[2020-09-24T03:37:35.443+0000][23404][gc,age       ] GC(168) - age  10:       1600 bytes,    6464360 total
[2020-09-24T03:37:35.443+0000][23404][gc,age       ] GC(168) - age  11:      12112 bytes,    6476472 total
[2020-09-24T03:37:35.443+0000][23404][gc,age       ] GC(168) - age  12:      10656 bytes,    6487128 total
[2020-09-24T03:37:35.443+0000][23404][gc,age       ] GC(168) - age  13:       1192 bytes,    6488320 total
[2020-09-24T03:37:35.443+0000][23404][gc,age       ] GC(168) - age  14:       1144 bytes,    6489464 total
[2020-09-24T03:37:35.443+0000][23404][gc,age       ] GC(168) - age  15:      15584 bytes,    6505048 total
[2020-09-24T03:37:35.443+0000][23404][gc,phases    ] GC(168)   Pre Evacuate Collection Set: 0.5ms
[2020-09-24T03:37:35.443+0000][23404][gc,phases    ] GC(168)   Merge Heap Roots: 0.1ms
[2020-09-24T03:37:35.443+0000][23404][gc,phases    ] GC(168)   Evacuate Collection Set: 2.4ms
[2020-09-24T03:37:35.443+0000][23404][gc,phases    ] GC(168)   Post Evacuate Collection Set: 0.9ms
[2020-09-24T03:37:35.443+0000][23404][gc,phases    ] GC(168)   Other: 1.0ms
[2020-09-24T03:37:35.443+0000][23404][gc,heap      ] GC(168) Eden regions: 55->0(494)
[2020-09-24T03:37:35.443+0000][23404][gc,heap      ] GC(168) Survivor regions: 4->7(63)
[2020-09-24T03:37:35.444+0000][23404][gc,heap      ] GC(168) Old regions: 77->77
[2020-09-24T03:37:35.444+0000][23404][gc,heap      ] GC(168) Archive regions: 0->0
[2020-09-24T03:37:35.444+0000][23404][gc,heap      ] GC(168) Humongous regions: 322->174
[2020-09-24T03:37:35.444+0000][23404][gc,metaspace ] GC(168) Metaspace: 87336K(93568K)->87336K(93568K) NonClass: 76171K(79872K)->76171K(79872K) Class: 11164K(13696K)->11164K(13696K)
[2020-09-24T03:37:35.444+0000][23404][gc           ] GC(168) Pause Young (Concurrent Start) (G1 Humongous Allocation) 457M->257M(1024M) 5.484ms
[2020-09-24T03:37:35.444+0000][23404][gc,cpu       ] GC(168) User=0.00s Sys=0.00s Real=0.01s
[2020-09-24T03:37:35.444+0000][23404][gc           ] GC(169) Concurrent Cycle
[2020-09-24T03:37:35.444+0000][23404][gc,marking   ] GC(169) Concurrent Clear Claimed Marks
[2020-09-24T03:37:35.444+0000][23404][gc,marking   ] GC(169) Concurrent Clear Claimed Marks 0.388ms
[2020-09-24T03:37:35.445+0000][23404][gc,marking   ] GC(169) Concurrent Scan Root Regions
[2020-09-24T03:37:35.445+0000][23404][safepoint    ] Safepoint "G1TryInitiateConcMark", Time since last: 4059400 ns, Reaching safepoint: 183800 ns, At safepoint: 6213600 ns, Total: 6397400 ns
[2020-09-24T03:37:35.447+0000][23404][gc,marking   ] GC(169) Concurrent Scan Root Regions 1.952ms
[2020-09-24T03:37:35.447+0000][23404][gc,marking   ] GC(169) Concurrent Mark (127.881s)
[2020-09-24T03:37:35.447+0000][23404][gc,marking   ] GC(169) Concurrent Mark From Roots
[2020-09-24T03:37:35.447+0000][23404][gc,task      ] GC(169) Using 2 workers of 2 for marking
[2020-09-24T03:37:35.618+0000][23404][gc,marking   ] GC(169) Concurrent Mark From Roots 171.361ms
[2020-09-24T03:37:35.618+0000][23404][gc,marking   ] GC(169) Concurrent Preclean
[2020-09-24T03:37:35.619+0000][23404][gc,marking   ] GC(169) Concurrent Preclean 0.576ms
[2020-09-24T03:37:35.619+0000][23404][gc,marking   ] GC(169) Concurrent Mark (127.881s, 128.053s) 172.163ms
[2020-09-24T03:37:35.622+0000][23404][gc,start     ] GC(169) Pause Remark
[2020-09-24T03:37:35.628+0000][23404][gc           ] GC(169) Pause Remark 466M->466M(1024M) 6.677ms
[2020-09-24T03:37:35.629+0000][23404][gc,cpu       ] GC(169) User=0.00s Sys=0.00s Real=0.01s
[2020-09-24T03:37:35.629+0000][23404][safepoint    ] Safepoint "G1Concurrent", Time since last: 174414800 ns, Reaching safepoint: 2775000 ns, At safepoint: 7278500 ns, Total: 10053500 ns
[2020-09-24T03:37:35.629+0000][23404][gc,marking   ] GC(169) Concurrent Rebuild Remembered Sets
[2020-09-24T03:37:35.718+0000][23404][gc,marking   ] GC(169) Concurrent Rebuild Remembered Sets 88.792ms
[2020-09-24T03:37:35.719+0000][23404][gc,start     ] GC(169) Pause Cleanup
[2020-09-24T03:37:35.719+0000][23404][gc           ] GC(169) Pause Cleanup 482M->482M(1024M) 0.353ms
[2020-09-24T03:37:35.719+0000][23404][gc,cpu       ] GC(169) User=0.00s Sys=0.00s Real=0.00s
[2020-09-24T03:37:35.720+0000][23404][safepoint    ] Safepoint "G1Concurrent", Time since last: 89006000 ns, Reaching safepoint: 884200 ns, At safepoint: 962300 ns, Total: 1846500 ns
[2020-09-24T03:37:35.720+0000][23404][gc,marking   ] GC(169) Concurrent Cleanup for Next Mark
[2020-09-24T03:37:35.722+0000][23404][gc,marking   ] GC(169) Concurrent Cleanup for Next Mark 2.287ms
[2020-09-24T03:37:35.722+0000][23404][gc           ] GC(169) Concurrent Cycle 278.361ms
[2020-09-24T03:37:35.752+0000][23404][gc,start     ] GC(170) Pause Young (Concurrent Start) (G1 Humongous Allocation)
[2020-09-24T03:37:35.752+0000][23404][gc,task      ] GC(170) Using 8 workers of 8 for evacuation
[2020-09-24T03:37:35.752+0000][23404][gc,age       ] GC(170) Desired survivor size 33030144 bytes, new threshold 15 (max threshold 15)
[2020-09-24T03:37:35.756+0000][23404][gc,age       ] GC(170) Age table with threshold 15 (max threshold 15)
[2020-09-24T03:37:35.756+0000][23404][gc,age       ] GC(170) - age   1:    8370688 bytes,    8370688 total
[2020-09-24T03:37:35.756+0000][23404][gc,age       ] GC(170) - age   2:      11760 bytes,    8382448 total
[2020-09-24T03:37:35.756+0000][23404][gc,age       ] GC(170) - age   3:       4864 bytes,    8387312 total
[2020-09-24T03:37:35.756+0000][23404][gc,age       ] GC(170) - age   4:       3568 bytes,    8390880 total
[2020-09-24T03:37:35.756+0000][23404][gc,age       ] GC(170) - age   5:      11256 bytes,    8402136 total
[2020-09-24T03:37:35.757+0000][23404][gc,age       ] GC(170) - age   6:      12864 bytes,    8415000 total
[2020-09-24T03:37:35.757+0000][23404][gc,age       ] GC(170) - age   7:      18560 bytes,    8433560 total
[2020-09-24T03:37:35.757+0000][23404][gc,age       ] GC(170) - age   8:       1368 bytes,    8434928 total
[2020-09-24T03:37:35.757+0000][23404][gc,age       ] GC(170) - age   9:       2184 bytes,    8437112 total
[2020-09-24T03:37:35.757+0000][23404][gc,age       ] GC(170) - age  10:       1264 bytes,    8438376 total
[2020-09-24T03:37:35.757+0000][23404][gc,age       ] GC(170) - age  11:       1600 bytes,    8439976 total
[2020-09-24T03:37:35.757+0000][23404][gc,age       ] GC(170) - age  12:      12112 bytes,    8452088 total
[2020-09-24T03:37:35.757+0000][23404][gc,age       ] GC(170) - age  13:      10656 bytes,    8462744 total
[2020-09-24T03:37:35.757+0000][23404][gc,age       ] GC(170) - age  14:       1192 bytes,    8463936 total
[2020-09-24T03:37:35.757+0000][23404][gc,age       ] GC(170) - age  15:       1144 bytes,    8465080 total
[2020-09-24T03:37:35.757+0000][23404][gc,phases    ] GC(170)   Pre Evacuate Collection Set: 0.4ms
[2020-09-24T03:37:35.757+0000][23404][gc,phases    ] GC(170)   Merge Heap Roots: 0.1ms
[2020-09-24T03:37:35.757+0000][23404][gc,phases    ] GC(170)   Evacuate Collection Set: 2.8ms
[2020-09-24T03:37:35.757+0000][23404][gc,phases    ] GC(170)   Post Evacuate Collection Set: 0.9ms
[2020-09-24T03:37:35.757+0000][23404][gc,phases    ] GC(170)   Other: 1.2ms
[2020-09-24T03:37:35.757+0000][23404][gc,heap      ] GC(170) Eden regions: 84->0(489)
[2020-09-24T03:37:35.757+0000][23404][gc,heap      ] GC(170) Survivor regions: 7->9(63)
[2020-09-24T03:37:35.757+0000][23404][gc,heap      ] GC(170) Old regions: 77->77
[2020-09-24T03:37:35.757+0000][23404][gc,heap      ] GC(170) Archive regions: 0->0
[2020-09-24T03:37:35.757+0000][23404][gc,heap      ] GC(170) Humongous regions: 330->174
[2020-09-24T03:37:35.757+0000][23404][gc,metaspace ] GC(170) Metaspace: 87340K(93568K)->87340K(93568K) NonClass: 76176K(79872K)->76176K(79872K) Class: 11164K(13696K)->11164K(13696K)
[2020-09-24T03:37:35.757+0000][23404][gc           ] GC(170) Pause Young (Concurrent Start) (G1 Humongous Allocation) 496M->259M(1024M) 5.864ms
[2020-09-24T03:37:35.758+0000][23404][gc,cpu       ] GC(170) User=0.00s Sys=0.00s Real=0.01s
[2020-09-24T03:37:35.758+0000][23404][gc           ] GC(171) Concurrent Cycle
[2020-09-24T03:37:35.758+0000][23404][gc,marking   ] GC(171) Concurrent Clear Claimed Marks
[2020-09-24T03:37:35.758+0000][23404][safepoint    ] Safepoint "G1TryInitiateConcMark", Time since last: 31578100 ns, Reaching safepoint: 239600 ns, At safepoint: 6307100 ns, Total: 6546700 ns
[2020-09-24T03:37:35.758+0000][23404][gc,marking   ] GC(171) Concurrent Clear Claimed Marks 0.361ms
[2020-09-24T03:37:35.758+0000][23404][gc,marking   ] GC(171) Concurrent Scan Root Regions
[2020-09-24T03:37:35.761+0000][23404][gc,marking   ] GC(171) Concurrent Scan Root Regions 2.489ms
[2020-09-24T03:37:35.761+0000][23404][gc,marking   ] GC(171) Concurrent Mark (128.195s)
[2020-09-24T03:37:35.761+0000][23404][gc,marking   ] GC(171) Concurrent Mark From Roots
[2020-09-24T03:37:35.761+0000][23404][gc,task      ] GC(171) Using 2 workers of 2 for marking
[2020-09-24T03:37:35.924+0000][23404][gc,marking   ] GC(171) Concurrent Mark From Roots 163.157ms
[2020-09-24T03:37:35.924+0000][23404][gc,marking   ] GC(171) Concurrent Preclean
[2020-09-24T03:37:35.925+0000][23404][gc,marking   ] GC(171) Concurrent Preclean 0.530ms
[2020-09-24T03:37:35.925+0000][23404][gc,marking   ] GC(171) Concurrent Mark (128.195s, 128.359s) 163.894ms
[2020-09-24T03:37:35.925+0000][23404][gc,start     ] GC(171) Pause Remark
[2020-09-24T03:37:35.934+0000][23404][gc           ] GC(171) Pause Remark 522M->522M(1024M) 8.344ms
[2020-09-24T03:37:35.934+0000][23404][gc,cpu       ] GC(171) User=0.11s Sys=0.00s Real=0.01s
[2020-09-24T03:37:35.934+0000][23404][safepoint    ] Safepoint "G1Concurrent", Time since last: 166863000 ns, Reaching safepoint: 433800 ns, At safepoint: 8900400 ns, Total: 9334200 ns
[2020-09-24T03:37:35.934+0000][23404][gc,marking   ] GC(171) Concurrent Rebuild Remembered Sets
[2020-09-24T03:37:36.027+0000][23404][gc,marking   ] GC(171) Concurrent Rebuild Remembered Sets 92.750ms
[2020-09-24T03:37:36.030+0000][23404][gc,start     ] GC(171) Pause Cleanup
[2020-09-24T03:37:36.030+0000][23404][gc           ] GC(171) Pause Cleanup 535M->535M(1024M) 0.379ms
[2020-09-24T03:37:36.030+0000][23404][gc,cpu       ] GC(171) User=0.00s Sys=0.00s Real=0.00s
[2020-09-24T03:37:36.032+0000][23404][safepoint    ] Safepoint "G1Concurrent", Time since last: 93032500 ns, Reaching safepoint: 2590600 ns, At safepoint: 1916600 ns, Total: 4507200 ns
[2020-09-24T03:37:36.032+0000][23404][gc,marking   ] GC(171) Concurrent Cleanup for Next Mark
[2020-09-24T03:37:36.034+0000][23404][gc,marking   ] GC(171) Concurrent Cleanup for Next Mark 2.041ms
[2020-09-24T03:37:36.034+0000][23404][gc           ] GC(171) Concurrent Cycle 276.324ms
[2020-09-24T03:37:36.045+0000][23404][gc,start     ] GC(172) Pause Young (Concurrent Start) (G1 Humongous Allocation)
[2020-09-24T03:37:36.045+0000][23404][gc,task      ] GC(172) Using 8 workers of 8 for evacuation
[2020-09-24T03:37:36.045+0000][23404][gc,age       ] GC(172) Desired survivor size 33030144 bytes, new threshold 15 (max threshold 15)
[2020-09-24T03:37:36.050+0000][23404][gc,age       ] GC(172) Age table with threshold 15 (max threshold 15)
[2020-09-24T03:37:36.050+0000][23404][gc,age       ] GC(172) - age   1:    8413248 bytes,    8413248 total
[2020-09-24T03:37:36.050+0000][23404][gc,age       ] GC(172) - age   2:       2952 bytes,    8416200 total
[2020-09-24T03:37:36.050+0000][23404][gc,age       ] GC(172) - age   3:      10520 bytes,    8426720 total
[2020-09-24T03:37:36.050+0000][23404][gc,age       ] GC(172) - age   4:       4408 bytes,    8431128 total
[2020-09-24T03:37:36.050+0000][23404][gc,age       ] GC(172) - age   5:       3408 bytes,    8434536 total
[2020-09-24T03:37:36.050+0000][23404][gc,age       ] GC(172) - age   6:      11224 bytes,    8445760 total
[2020-09-24T03:37:36.050+0000][23404][gc,age       ] GC(172) - age   7:      12832 bytes,    8458592 total
[2020-09-24T03:37:36.050+0000][23404][gc,age       ] GC(172) - age   8:      18560 bytes,    8477152 total
[2020-09-24T03:37:36.050+0000][23404][gc,age       ] GC(172) - age   9:       1304 bytes,    8478456 total
[2020-09-24T03:37:36.050+0000][23404][gc,age       ] GC(172) - age  10:       2184 bytes,    8480640 total
[2020-09-24T03:37:36.050+0000][23404][gc,age       ] GC(172) - age  11:       1168 bytes,    8481808 total
[2020-09-24T03:37:36.050+0000][23404][gc,age       ] GC(172) - age  12:       1600 bytes,    8483408 total
[2020-09-24T03:37:36.050+0000][23404][gc,age       ] GC(172) - age  13:      12112 bytes,    8495520 total
[2020-09-24T03:37:36.050+0000][23404][gc,age       ] GC(172) - age  14:      10624 bytes,    8506144 total
[2020-09-24T03:37:36.050+0000][23404][gc,age       ] GC(172) - age  15:       1192 bytes,    8507336 total
[2020-09-24T03:37:36.050+0000][23404][gc,phases    ] GC(172)   Pre Evacuate Collection Set: 0.5ms
[2020-09-24T03:37:36.050+0000][23404][gc,phases    ] GC(172)   Merge Heap Roots: 0.1ms
[2020-09-24T03:37:36.050+0000][23404][gc,phases    ] GC(172)   Evacuate Collection Set: 2.7ms
[2020-09-24T03:37:36.050+0000][23404][gc,phases    ] GC(172)   Post Evacuate Collection Set: 1.1ms
[2020-09-24T03:37:36.050+0000][23404][gc,phases    ] GC(172)   Other: 1.1ms
[2020-09-24T03:37:36.050+0000][23404][gc,heap      ] GC(172) Eden regions: 86->0(487)
[2020-09-24T03:37:36.051+0000][23404][gc,heap      ] GC(172) Survivor regions: 9->9(63)
[2020-09-24T03:37:36.051+0000][23404][gc,heap      ] GC(172) Old regions: 77->77
[2020-09-24T03:37:36.051+0000][23404][gc,heap      ] GC(172) Archive regions: 0->0
[2020-09-24T03:37:36.051+0000][23404][gc,heap      ] GC(172) Humongous regions: 378->174
[2020-09-24T03:37:36.051+0000][23404][gc,metaspace ] GC(172) Metaspace: 87345K(93568K)->87345K(93568K) NonClass: 76181K(79872K)->76181K(79872K) Class: 11164K(13696K)->11164K(13696K)
[2020-09-24T03:37:36.051+0000][23404][gc           ] GC(172) Pause Young (Concurrent Start) (G1 Humongous Allocation) 549M->259M(1024M) 5.979ms
[2020-09-24T03:37:36.051+0000][23404][gc,cpu       ] GC(172) User=0.00s Sys=0.00s Real=0.01s
[2020-09-24T03:37:36.051+0000][23404][gc           ] GC(173) Concurrent Cycle
[2020-09-24T03:37:36.051+0000][23404][gc,marking   ] GC(173) Concurrent Clear Claimed Marks
[2020-09-24T03:37:36.051+0000][23404][gc,marking   ] GC(173) Concurrent Clear Claimed Marks 0.351ms
[2020-09-24T03:37:36.051+0000][23404][gc,marking   ] GC(173) Concurrent Scan Root Regions
[2020-09-24T03:37:36.051+0000][23404][safepoint    ] Safepoint "G1TryInitiateConcMark", Time since last: 12216900 ns, Reaching safepoint: 925000 ns, At safepoint: 6759700 ns, Total: 7684700 ns
[2020-09-24T03:37:36.053+0000][23404][gc,marking   ] GC(173) Concurrent Scan Root Regions 1.704ms
[2020-09-24T03:37:36.053+0000][23404][gc,marking   ] GC(173) Concurrent Mark (128.487s)
[2020-09-24T03:37:36.053+0000][23404][gc,marking   ] GC(173) Concurrent Mark From Roots
[2020-09-24T03:37:36.053+0000][23404][gc,task      ] GC(173) Using 2 workers of 2 for marking
[2020-09-24T03:37:36.083+0000][23404][safepoint    ] Safepoint "BulkRevokeBias", Time since last: 26565400 ns, Reaching safepoint: 447500 ns, At safepoint: 4047200 ns, Total: 4494700 ns
[2020-09-24T03:37:36.223+0000][23404][gc,marking   ] GC(173) Concurrent Mark From Roots 169.575ms
[2020-09-24T03:37:36.223+0000][23404][gc,marking   ] GC(173) Concurrent Preclean
[2020-09-24T03:37:36.224+0000][23404][gc,marking   ] GC(173) Concurrent Preclean 0.641ms
[2020-09-24T03:37:36.224+0000][23404][gc,marking   ] GC(173) Concurrent Mark (128.487s, 128.658s) 170.437ms
[2020-09-24T03:37:36.224+0000][23404][gc,start     ] GC(173) Pause Remark
[2020-09-24T03:37:36.230+0000][23404][gc           ] GC(173) Pause Remark 594M->594M(1024M) 6.393ms
[2020-09-24T03:37:36.230+0000][23404][gc,cpu       ] GC(173) User=0.13s Sys=0.00s Real=0.01s
[2020-09-24T03:37:36.231+0000][23404][safepoint    ] Safepoint "G1Concurrent", Time since last: 141168700 ns, Reaching safepoint: 197200 ns, At safepoint: 6717800 ns, Total: 6915000 ns
[2020-09-24T03:37:36.231+0000][23404][gc,marking   ] GC(173) Concurrent Rebuild Remembered Sets
[2020-09-24T03:37:36.322+0000][23404][gc,marking   ] GC(173) Concurrent Rebuild Remembered Sets 91.742ms
[2020-09-24T03:37:36.323+0000][23404][gc,start     ] GC(173) Pause Cleanup
[2020-09-24T03:37:36.323+0000][23404][gc           ] GC(173) Pause Cleanup 602M->602M(1024M) 0.494ms
[2020-09-24T03:37:36.323+0000][23404][gc,cpu       ] GC(173) User=0.00s Sys=0.00s Real=0.00s
[2020-09-24T03:37:36.324+0000][23404][safepoint    ] Safepoint "G1Concurrent", Time since last: 91961500 ns, Reaching safepoint: 171300 ns, At safepoint: 767600 ns, Total: 938900 ns
[2020-09-24T03:37:36.324+0000][23404][gc,marking   ] GC(173) Concurrent Cleanup for Next Mark
[2020-09-24T03:37:36.326+0000][23404][gc,marking   ] GC(173) Concurrent Cleanup for Next Mark 2.069ms
[2020-09-24T03:37:36.326+0000][23404][gc           ] GC(173) Concurrent Cycle 274.900ms
[2020-09-24T03:37:36.353+0000][23404][gc,start     ] GC(174) Pause Young (Concurrent Start) (G1 Humongous Allocation)
[2020-09-24T03:37:36.353+0000][23404][gc,task      ] GC(174) Using 8 workers of 8 for evacuation
[2020-09-24T03:37:36.354+0000][23404][gc,age       ] GC(174) Desired survivor size 32505856 bytes, new threshold 15 (max threshold 15)
[2020-09-24T03:37:36.358+0000][23404][gc,age       ] GC(174) Age table with threshold 15 (max threshold 15)
[2020-09-24T03:37:36.358+0000][23404][gc,age       ] GC(174) - age   1:    5689328 bytes,    5689328 total
[2020-09-24T03:37:36.358+0000][23404][gc,age       ] GC(174) - age   2:       2416 bytes,    5691744 total
[2020-09-24T03:37:36.358+0000][23404][gc,age       ] GC(174) - age   3:       2024 bytes,    5693768 total
[2020-09-24T03:37:36.358+0000][23404][gc,age       ] GC(174) - age   4:      10520 bytes,    5704288 total
[2020-09-24T03:37:36.358+0000][23404][gc,age       ] GC(174) - age   5:       3520 bytes,    5707808 total
[2020-09-24T03:37:36.358+0000][23404][gc,age       ] GC(174) - age   6:       3344 bytes,    5711152 total
[2020-09-24T03:37:36.358+0000][23404][gc,age       ] GC(174) - age   7:      11224 bytes,    5722376 total
[2020-09-24T03:37:36.358+0000][23404][gc,age       ] GC(174) - age   8:      12800 bytes,    5735176 total
[2020-09-24T03:37:36.358+0000][23404][gc,age       ] GC(174) - age   9:      18560 bytes,    5753736 total
[2020-09-24T03:37:36.358+0000][23404][gc,age       ] GC(174) - age  10:       1240 bytes,    5754976 total
[2020-09-24T03:37:36.358+0000][23404][gc,age       ] GC(174) - age  11:       2184 bytes,    5757160 total
[2020-09-24T03:37:36.358+0000][23404][gc,age       ] GC(174) - age  12:       1168 bytes,    5758328 total
[2020-09-24T03:37:36.358+0000][23404][gc,age       ] GC(174) - age  13:       1600 bytes,    5759928 total
[2020-09-24T03:37:36.359+0000][23404][gc,age       ] GC(174) - age  14:      12112 bytes,    5772040 total
[2020-09-24T03:37:36.359+0000][23404][gc,age       ] GC(174) - age  15:      10624 bytes,    5782664 total
[2020-09-24T03:37:36.359+0000][23404][gc,phases    ] GC(174)   Pre Evacuate Collection Set: 0.5ms
[2020-09-24T03:37:36.359+0000][23404][gc,phases    ] GC(174)   Merge Heap Roots: 0.1ms
[2020-09-24T03:37:36.359+0000][23404][gc,phases    ] GC(174)   Evacuate Collection Set: 2.5ms
[2020-09-24T03:37:36.359+0000][23404][gc,phases    ] GC(174)   Post Evacuate Collection Set: 1.0ms
[2020-09-24T03:37:36.359+0000][23404][gc,phases    ] GC(174)   Other: 1.3ms
[2020-09-24T03:37:36.359+0000][23404][gc,heap      ] GC(174) Eden regions: 97->0(491)
[2020-09-24T03:37:36.359+0000][23404][gc,heap      ] GC(174) Survivor regions: 9->7(62)
[2020-09-24T03:37:36.359+0000][23404][gc,heap      ] GC(174) Old regions: 77->77
[2020-09-24T03:37:36.359+0000][23404][gc,heap      ] GC(174) Archive regions: 0->0
[2020-09-24T03:37:36.359+0000][23404][gc,heap      ] GC(174) Humongous regions: 430->174
[2020-09-24T03:37:36.359+0000][23404][gc,metaspace ] GC(174) Metaspace: 87363K(93568K)->87363K(93568K) NonClass: 76198K(79872K)->76198K(79872K) Class: 11164K(13696K)->11164K(13696K)
[2020-09-24T03:37:36.359+0000][23404][gc           ] GC(174) Pause Young (Concurrent Start) (G1 Humongous Allocation) 612M->257M(1024M) 5.788ms
[2020-09-24T03:37:36.359+0000][23404][gc,cpu       ] GC(174) User=0.00s Sys=0.00s Real=0.01s
[2020-09-24T03:37:36.359+0000][23404][gc           ] GC(175) Concurrent Cycle
[2020-09-24T03:37:36.359+0000][23404][gc,marking   ] GC(175) Concurrent Clear Claimed Marks
[2020-09-24T03:37:36.360+0000][23404][gc,marking   ] GC(175) Concurrent Clear Claimed Marks 0.388ms
[2020-09-24T03:37:36.360+0000][23404][gc,marking   ] GC(175) Concurrent Scan Root Regions
[2020-09-24T03:37:36.361+0000][23404][safepoint    ] Safepoint "G1TryInitiateConcMark", Time since last: 29582200 ns, Reaching safepoint: 193600 ns, At safepoint: 7392400 ns, Total: 7586000 ns
[2020-09-24T03:37:36.361+0000][23404][gc,marking   ] GC(175) Concurrent Scan Root Regions 1.558ms
[2020-09-24T03:37:36.361+0000][23404][gc,marking   ] GC(175) Concurrent Mark (128.795s)
[2020-09-24T03:37:36.361+0000][23404][gc,marking   ] GC(175) Concurrent Mark From Roots
[2020-09-24T03:37:36.362+0000][23404][gc,task      ] GC(175) Using 2 workers of 2 for marking
[2020-09-24T03:37:36.526+0000][23404][gc,marking   ] GC(175) Concurrent Mark From Roots 164.828ms
[2020-09-24T03:37:36.526+0000][23404][gc,marking   ] GC(175) Concurrent Preclean
[2020-09-24T03:37:36.527+0000][23404][gc,marking   ] GC(175) Concurrent Preclean 0.527ms
[2020-09-24T03:37:36.527+0000][23404][gc,marking   ] GC(175) Concurrent Mark (128.795s, 128.961s) 165.526ms
[2020-09-24T03:37:36.527+0000][23404][gc,start     ] GC(175) Pause Remark
[2020-09-24T03:37:36.535+0000][23404][gc           ] GC(175) Pause Remark 594M->594M(1024M) 8.399ms
[2020-09-24T03:37:36.536+0000][23404][gc,cpu       ] GC(175) User=0.00s Sys=0.00s Real=0.01s
[2020-09-24T03:37:36.536+0000][23404][safepoint    ] Safepoint "G1Concurrent", Time since last: 166363300 ns, Reaching safepoint: 186900 ns, At safepoint: 8682000 ns, Total: 8868900 ns
[2020-09-24T03:37:36.536+0000][23404][gc,marking   ] GC(175) Concurrent Rebuild Remembered Sets
[2020-09-24T03:37:36.626+0000][23404][gc,marking   ] GC(175) Concurrent Rebuild Remembered Sets 90.487ms
[2020-09-24T03:37:36.627+0000][23404][gc,start     ] GC(175) Pause Cleanup
[2020-09-24T03:37:36.628+0000][23404][gc           ] GC(175) Pause Cleanup 605M->605M(1024M) 0.631ms
[2020-09-24T03:37:36.628+0000][23404][gc,cpu       ] GC(175) User=0.00s Sys=0.00s Real=0.00s
[2020-09-24T03:37:36.629+0000][23404][safepoint    ] Safepoint "G1Concurrent", Time since last: 90736300 ns, Reaching safepoint: 585300 ns, At safepoint: 1480500 ns, Total: 2065800 ns
[2020-09-24T03:37:36.629+0000][23404][gc,marking   ] GC(175) Concurrent Cleanup for Next Mark
[2020-09-24T03:37:36.631+0000][23404][gc,marking   ] GC(175) Concurrent Cleanup for Next Mark 2.141ms
[2020-09-24T03:37:36.631+0000][23404][gc           ] GC(175) Concurrent Cycle 271.817ms
[2020-09-24T03:37:36.691+0000][23404][gc,start     ] GC(176) Pause Young (Concurrent Start) (G1 Humongous Allocation)
[2020-09-24T03:37:36.691+0000][23404][gc,task      ] GC(176) Using 8 workers of 8 for evacuation
[2020-09-24T03:37:36.691+0000][23404][gc,age       ] GC(176) Desired survivor size 33030144 bytes, new threshold 15 (max threshold 15)
[2020-09-24T03:37:36.696+0000][23404][gc,age       ] GC(176) Age table with threshold 15 (max threshold 15)
[2020-09-24T03:37:36.696+0000][23404][gc,age       ] GC(176) - age   1:    7892568 bytes,    7892568 total
[2020-09-24T03:37:36.696+0000][23404][gc,age       ] GC(176) - age   2:       4256 bytes,    7896824 total
[2020-09-24T03:37:36.696+0000][23404][gc,age       ] GC(176) - age   3:       1152 bytes,    7897976 total
[2020-09-24T03:37:36.697+0000][23404][gc,age       ] GC(176) - age   4:       1072 bytes,    7899048 total
[2020-09-24T03:37:36.697+0000][23404][gc,age       ] GC(176) - age   5:      10520 bytes,    7909568 total
[2020-09-24T03:37:36.697+0000][23404][gc,age       ] GC(176) - age   6:       3264 bytes,    7912832 total
[2020-09-24T03:37:36.697+0000][23404][gc,age       ] GC(176) - age   7:       3312 bytes,    7916144 total
[2020-09-24T03:37:36.697+0000][23404][gc,age       ] GC(176) - age   8:      11224 bytes,    7927368 total
[2020-09-24T03:37:36.697+0000][23404][gc,age       ] GC(176) - age   9:      12576 bytes,    7939944 total
[2020-09-24T03:37:36.697+0000][23404][gc,age       ] GC(176) - age  10:      18560 bytes,    7958504 total
[2020-09-24T03:37:36.697+0000][23404][gc,age       ] GC(176) - age  11:       1176 bytes,    7959680 total
[2020-09-24T03:37:36.697+0000][23404][gc,age       ] GC(176) - age  12:       2184 bytes,    7961864 total
[2020-09-24T03:37:36.697+0000][23404][gc,age       ] GC(176) - age  13:       1168 bytes,    7963032 total
[2020-09-24T03:37:36.697+0000][23404][gc,age       ] GC(176) - age  14:       1600 bytes,    7964632 total
[2020-09-24T03:37:36.697+0000][23404][gc,age       ] GC(176) - age  15:      12112 bytes,    7976744 total
[2020-09-24T03:37:36.697+0000][23404][gc,phases    ] GC(176)   Pre Evacuate Collection Set: 0.6ms
[2020-09-24T03:37:36.697+0000][23404][gc,phases    ] GC(176)   Merge Heap Roots: 0.1ms
[2020-09-24T03:37:36.697+0000][23404][gc,phases    ] GC(176)   Evacuate Collection Set: 3.1ms
[2020-09-24T03:37:36.697+0000][23404][gc,phases    ] GC(176)   Post Evacuate Collection Set: 1.3ms
[2020-09-24T03:37:36.697+0000][23404][gc,phases    ] GC(176)   Other: 1.2ms
[2020-09-24T03:37:36.697+0000][23404][gc,heap      ] GC(176) Eden regions: 109->0(489)
[2020-09-24T03:37:36.697+0000][23404][gc,heap      ] GC(176) Survivor regions: 7->8(63)
[2020-09-24T03:37:36.697+0000][23404][gc,heap      ] GC(176) Old regions: 77->77
[2020-09-24T03:37:36.698+0000][23404][gc,heap      ] GC(176) Archive regions: 0->0
[2020-09-24T03:37:36.698+0000][23404][gc,heap      ] GC(176) Humongous regions: 430->174
[2020-09-24T03:37:36.698+0000][23404][gc,metaspace ] GC(176) Metaspace: 87382K(93568K)->87382K(93568K) NonClass: 76217K(79872K)->76217K(79872K) Class: 11164K(13696K)->11164K(13696K)
[2020-09-24T03:37:36.698+0000][23404][gc           ] GC(176) Pause Young (Concurrent Start) (G1 Humongous Allocation) 622M->258M(1024M) 6.871ms
[2020-09-24T03:37:36.698+0000][23404][gc,cpu       ] GC(176) User=0.05s Sys=0.00s Real=0.01s
[2020-09-24T03:37:36.698+0000][23404][gc           ] GC(177) Concurrent Cycle
[2020-09-24T03:37:36.698+0000][23404][safepoint    ] Safepoint "G1TryInitiateConcMark", Time since last: 62100400 ns, Reaching safepoint: 172100 ns, At safepoint: 7204600 ns, Total: 7376700 ns
[2020-09-24T03:37:36.698+0000][23404][gc,marking   ] GC(177) Concurrent Clear Claimed Marks
[2020-09-24T03:37:36.699+0000][23404][gc,marking   ] GC(177) Concurrent Clear Claimed Marks 0.544ms
[2020-09-24T03:37:36.699+0000][23404][gc,marking   ] GC(177) Concurrent Scan Root Regions
[2020-09-24T03:37:36.702+0000][23404][gc,marking   ] GC(177) Concurrent Scan Root Regions 2.939ms
[2020-09-24T03:37:36.702+0000][23404][gc,marking   ] GC(177) Concurrent Mark (129.136s)
[2020-09-24T03:37:36.702+0000][23404][gc,marking   ] GC(177) Concurrent Mark From Roots
[2020-09-24T03:37:36.702+0000][23404][gc,task      ] GC(177) Using 2 workers of 2 for marking
[2020-09-24T03:37:36.875+0000][23404][gc,marking   ] GC(177) Concurrent Mark From Roots 173.188ms
[2020-09-24T03:37:36.875+0000][23404][gc,marking   ] GC(177) Concurrent Preclean
[2020-09-24T03:37:36.876+0000][23404][gc,marking   ] GC(177) Concurrent Preclean 0.559ms
[2020-09-24T03:37:36.876+0000][23404][gc,marking   ] GC(177) Concurrent Mark (129.136s, 129.310s) 173.983ms
[2020-09-24T03:37:36.876+0000][23404][gc,start     ] GC(177) Pause Remark
[2020-09-24T03:37:36.883+0000][23404][gc           ] GC(177) Pause Remark 512M->512M(1024M) 6.456ms
[2020-09-24T03:37:36.883+0000][23404][gc,cpu       ] GC(177) User=0.00s Sys=0.00s Real=0.01s
[2020-09-24T03:37:36.883+0000][23404][safepoint    ] Safepoint "G1Concurrent", Time since last: 177838300 ns, Reaching safepoint: 208200 ns, At safepoint: 6722400 ns, Total: 6930600 ns
[2020-09-24T03:37:36.883+0000][23404][gc,marking   ] GC(177) Concurrent Rebuild Remembered Sets
[2020-09-24T03:37:36.980+0000][23404][gc,marking   ] GC(177) Concurrent Rebuild Remembered Sets 97.127ms
[2020-09-24T03:37:36.980+0000][23404][gc,start     ] GC(177) Pause Cleanup
[2020-09-24T03:37:36.981+0000][23404][gc           ] GC(177) Pause Cleanup 515M->515M(1024M) 0.401ms
[2020-09-24T03:37:36.981+0000][23404][gc,cpu       ] GC(177) User=0.00s Sys=0.00s Real=0.00s
[2020-09-24T03:37:36.981+0000][23404][safepoint    ] Safepoint "G1Concurrent", Time since last: 97340900 ns, Reaching safepoint: 214800 ns, At safepoint: 641200 ns, Total: 856000 ns
[2020-09-24T03:37:36.981+0000][23404][gc,marking   ] GC(177) Concurrent Cleanup for Next Mark
[2020-09-24T03:37:36.983+0000][23404][gc,marking   ] GC(177) Concurrent Cleanup for Next Mark 2.134ms
[2020-09-24T03:37:36.983+0000][23404][gc           ] GC(177) Concurrent Cycle 285.355ms
[2020-09-24T03:37:37.043+0000][23404][gc,start     ] GC(178) Pause Young (Concurrent Start) (G1 Humongous Allocation)
[2020-09-24T03:37:37.043+0000][23404][gc,task      ] GC(178) Using 8 workers of 8 for evacuation
[2020-09-24T03:37:37.043+0000][23404][gc,age       ] GC(178) Desired survivor size 33030144 bytes, new threshold 15 (max threshold 15)
[2020-09-24T03:37:37.048+0000][23404][gc,age       ] GC(178) Age table with threshold 15 (max threshold 15)
[2020-09-24T03:37:37.048+0000][23404][gc,age       ] GC(178) - age   1:    3415832 bytes,    3415832 total
[2020-09-24T03:37:37.048+0000][23404][gc,age       ] GC(178) - age   2:      13192 bytes,    3429024 total
[2020-09-24T03:37:37.048+0000][23404][gc,age       ] GC(178) - age   3:       3984 bytes,    3433008 total
[2020-09-24T03:37:37.048+0000][23404][gc,age       ] GC(178) - age   4:        760 bytes,    3433768 total
[2020-09-24T03:37:37.048+0000][23404][gc,age       ] GC(178) - age   5:       1072 bytes,    3434840 total
[2020-09-24T03:37:37.048+0000][23404][gc,age       ] GC(178) - age   6:      10520 bytes,    3445360 total
[2020-09-24T03:37:37.048+0000][23404][gc,age       ] GC(178) - age   7:       3040 bytes,    3448400 total
[2020-09-24T03:37:37.048+0000][23404][gc,age       ] GC(178) - age   8:       3216 bytes,    3451616 total
[2020-09-24T03:37:37.048+0000][23404][gc,age       ] GC(178) - age   9:      11160 bytes,    3462776 total
[2020-09-24T03:37:37.048+0000][23404][gc,age       ] GC(178) - age  10:      12544 bytes,    3475320 total
[2020-09-24T03:37:37.048+0000][23404][gc,age       ] GC(178) - age  11:      18496 bytes,    3493816 total
[2020-09-24T03:37:37.048+0000][23404][gc,age       ] GC(178) - age  12:       1176 bytes,    3494992 total
[2020-09-24T03:37:37.048+0000][23404][gc,age       ] GC(178) - age  13:       2184 bytes,    3497176 total
[2020-09-24T03:37:37.048+0000][23404][gc,age       ] GC(178) - age  14:       1168 bytes,    3498344 total
[2020-09-24T03:37:37.048+0000][23404][gc,age       ] GC(178) - age  15:       1568 bytes,    3499912 total
[2020-09-24T03:37:37.048+0000][23404][gc,phases    ] GC(178)   Pre Evacuate Collection Set: 0.7ms
[2020-09-24T03:37:37.048+0000][23404][gc,phases    ] GC(178)   Merge Heap Roots: 0.2ms
[2020-09-24T03:37:37.048+0000][23404][gc,phases    ] GC(178)   Evacuate Collection Set: 2.4ms
[2020-09-24T03:37:37.048+0000][23404][gc,phases    ] GC(178)   Post Evacuate Collection Set: 1.0ms
[2020-09-24T03:37:37.049+0000][23404][gc,phases    ] GC(178)   Other: 1.2ms
[2020-09-24T03:37:37.049+0000][23404][gc,heap      ] GC(178) Eden regions: 75->0(495)
[2020-09-24T03:37:37.049+0000][23404][gc,heap      ] GC(178) Survivor regions: 8->4(63)
[2020-09-24T03:37:37.049+0000][23404][gc,heap      ] GC(178) Old regions: 77->77
[2020-09-24T03:37:37.049+0000][23404][gc,heap      ] GC(178) Archive regions: 0->0
[2020-09-24T03:37:37.049+0000][23404][gc,heap      ] GC(178) Humongous regions: 366->174
[2020-09-24T03:37:37.049+0000][23404][gc,metaspace ] GC(178) Metaspace: 87385K(93568K)->87385K(93568K) NonClass: 76220K(79872K)->76220K(79872K) Class: 11164K(13696K)->11164K(13696K)
[2020-09-24T03:37:37.049+0000][23404][gc           ] GC(178) Pause Young (Concurrent Start) (G1 Humongous Allocation) 525M->254M(1024M) 5.790ms
[2020-09-24T03:37:37.049+0000][23404][gc,cpu       ] GC(178) User=0.00s Sys=0.00s Real=0.01s
[2020-09-24T03:37:37.049+0000][23404][gc           ] GC(179) Concurrent Cycle
[2020-09-24T03:37:37.049+0000][23404][safepoint    ] Safepoint "G1TryInitiateConcMark", Time since last: 61929500 ns, Reaching safepoint: 199900 ns, At safepoint: 6040300 ns, Total: 6240200 ns
[2020-09-24T03:37:37.049+0000][23404][gc,marking   ] GC(179) Concurrent Clear Claimed Marks
[2020-09-24T03:37:37.050+0000][23404][gc,marking   ] GC(179) Concurrent Clear Claimed Marks 0.656ms
[2020-09-24T03:37:37.050+0000][23404][gc,marking   ] GC(179) Concurrent Scan Root Regions
[2020-09-24T03:37:37.053+0000][23404][gc,marking   ] GC(179) Concurrent Scan Root Regions 2.813ms
[2020-09-24T03:37:37.053+0000][23404][gc,marking   ] GC(179) Concurrent Mark (129.487s)
[2020-09-24T03:37:37.053+0000][23404][gc,marking   ] GC(179) Concurrent Mark From Roots
[2020-09-24T03:37:37.053+0000][23404][gc,task      ] GC(179) Using 2 workers of 2 for marking
[2020-09-24T03:37:37.194+0000][23404][gc,marking   ] GC(179) Concurrent Mark From Roots 141.154ms
[2020-09-24T03:37:37.194+0000][23404][gc,marking   ] GC(179) Concurrent Preclean
[2020-09-24T03:37:37.195+0000][23404][gc,marking   ] GC(179) Concurrent Preclean 0.534ms
[2020-09-24T03:37:37.195+0000][23404][gc,marking   ] GC(179) Concurrent Mark (129.487s, 129.629s) 141.898ms
[2020-09-24T03:37:37.195+0000][23404][gc,start     ] GC(179) Pause Remark
[2020-09-24T03:37:37.201+0000][23404][gc           ] GC(179) Pause Remark 392M->392M(1024M) 5.806ms
[2020-09-24T03:37:37.201+0000][23404][gc,cpu       ] GC(179) User=0.02s Sys=0.00s Real=0.01s
[2020-09-24T03:37:37.201+0000][23404][safepoint    ] Safepoint "G1Concurrent", Time since last: 145772200 ns, Reaching safepoint: 198500 ns, At safepoint: 6161500 ns, Total: 6360000 ns
[2020-09-24T03:37:37.201+0000][23404][gc,marking   ] GC(179) Concurrent Rebuild Remembered Sets
[2020-09-24T03:37:37.300+0000][23404][gc,marking   ] GC(179) Concurrent Rebuild Remembered Sets 98.431ms
[2020-09-24T03:37:37.300+0000][23404][gc,start     ] GC(179) Pause Cleanup
[2020-09-24T03:37:37.300+0000][23404][gc           ] GC(179) Pause Cleanup 733M->733M(1024M) 0.307ms
[2020-09-24T03:37:37.300+0000][23404][gc,cpu       ] GC(179) User=0.00s Sys=0.00s Real=0.00s
[2020-09-24T03:37:37.300+0000][23404][safepoint    ] Safepoint "G1Concurrent", Time since last: 98612300 ns, Reaching safepoint: 168500 ns, At safepoint: 496200 ns, Total: 664700 ns
[2020-09-24T03:37:37.301+0000][23404][gc,marking   ] GC(179) Concurrent Cleanup for Next Mark
[2020-09-24T03:37:37.302+0000][23404][gc,marking   ] GC(179) Concurrent Cleanup for Next Mark 1.681ms
[2020-09-24T03:37:37.302+0000][23404][gc           ] GC(179) Concurrent Cycle 253.275ms
[2020-09-24T03:37:37.336+0000][23404][safepoint    ] Safepoint "BulkRevokeBias", Time since last: 33543400 ns, Reaching safepoint: 186200 ns, At safepoint: 2278700 ns, Total: 2464900 ns
[2020-09-24T03:37:37.363+0000][23404][gc,start     ] GC(180) Pause Young (Concurrent Start) (G1 Humongous Allocation)
[2020-09-24T03:37:37.363+0000][23404][gc,task      ] GC(180) Using 8 workers of 8 for evacuation
[2020-09-24T03:37:37.363+0000][23404][gc,age       ] GC(180) Desired survivor size 33030144 bytes, new threshold 15 (max threshold 15)
[2020-09-24T03:37:37.369+0000][23404][gc,age       ] GC(180) Age table with threshold 15 (max threshold 15)
[2020-09-24T03:37:37.369+0000][23404][gc,age       ] GC(180) - age   1:   13662488 bytes,   13662488 total
[2020-09-24T03:37:37.369+0000][23404][gc,age       ] GC(180) - age   2:       1680 bytes,   13664168 total
[2020-09-24T03:37:37.369+0000][23404][gc,age       ] GC(180) - age   3:       3248 bytes,   13667416 total
[2020-09-24T03:37:37.369+0000][23404][gc,age       ] GC(180) - age   4:       2000 bytes,   13669416 total
[2020-09-24T03:37:37.369+0000][23404][gc,age       ] GC(180) - age   5:        760 bytes,   13670176 total
[2020-09-24T03:37:37.369+0000][23404][gc,age       ] GC(180) - age   6:       1040 bytes,   13671216 total
[2020-09-24T03:37:37.369+0000][23404][gc,age       ] GC(180) - age   7:      10520 bytes,   13681736 total
[2020-09-24T03:37:37.369+0000][23404][gc,age       ] GC(180) - age   8:       2688 bytes,   13684424 total
[2020-09-24T03:37:37.369+0000][23404][gc,age       ] GC(180) - age   9:       2992 bytes,   13687416 total
[2020-09-24T03:37:37.369+0000][23404][gc,age       ] GC(180) - age  10:      11096 bytes,   13698512 total
[2020-09-24T03:37:37.369+0000][23404][gc,age       ] GC(180) - age  11:      12448 bytes,   13710960 total
[2020-09-24T03:37:37.369+0000][23404][gc,age       ] GC(180) - age  12:      18400 bytes,   13729360 total
[2020-09-24T03:37:37.369+0000][23404][gc,age       ] GC(180) - age  13:       1112 bytes,   13730472 total
[2020-09-24T03:37:37.369+0000][23404][gc,age       ] GC(180) - age  14:       2120 bytes,   13732592 total
[2020-09-24T03:37:37.370+0000][23404][gc,age       ] GC(180) - age  15:       1168 bytes,   13733760 total
[2020-09-24T03:37:37.370+0000][23404][gc,phases    ] GC(180)   Pre Evacuate Collection Set: 0.4ms
[2020-09-24T03:37:37.370+0000][23404][gc,phases    ] GC(180)   Merge Heap Roots: 0.1ms
[2020-09-24T03:37:37.370+0000][23404][gc,phases    ] GC(180)   Evacuate Collection Set: 3.8ms
[2020-09-24T03:37:37.370+0000][23404][gc,phases    ] GC(180)   Post Evacuate Collection Set: 1.2ms
[2020-09-24T03:37:37.370+0000][23404][gc,phases    ] GC(180)   Other: 1.1ms
[2020-09-24T03:37:37.370+0000][23404][gc,heap      ] GC(180) Eden regions: 159->0(478)
[2020-09-24T03:37:37.370+0000][23404][gc,heap      ] GC(180) Survivor regions: 4->14(63)
[2020-09-24T03:37:37.370+0000][23404][gc,heap      ] GC(180) Old regions: 77->77
[2020-09-24T03:37:37.370+0000][23404][gc,heap      ] GC(180) Archive regions: 0->0
[2020-09-24T03:37:37.370+0000][23404][gc,heap      ] GC(180) Humongous regions: 526->174
[2020-09-24T03:37:37.370+0000][23404][gc,metaspace ] GC(180) Metaspace: 87444K(93568K)->87444K(93568K) NonClass: 76279K(79872K)->76279K(79872K) Class: 11164K(13696K)->11164K(13696K)
[2020-09-24T03:37:37.370+0000][23404][gc           ] GC(180) Pause Young (Concurrent Start) (G1 Humongous Allocation) 764M->264M(1024M) 7.007ms
[2020-09-24T03:37:37.370+0000][23404][gc,cpu       ] GC(180) User=0.03s Sys=0.00s Real=0.01s
[2020-09-24T03:37:37.370+0000][23404][gc           ] GC(181) Concurrent Cycle
[2020-09-24T03:37:37.370+0000][23404][gc,marking   ] GC(181) Concurrent Clear Claimed Marks
[2020-09-24T03:37:37.370+0000][23404][safepoint    ] Safepoint "G1TryInitiateConcMark", Time since last: 26342800 ns, Reaching safepoint: 169700 ns, At safepoint: 7364700 ns, Total: 7534400 ns
[2020-09-24T03:37:37.371+0000][23404][gc,marking   ] GC(181) Concurrent Clear Claimed Marks 0.310ms
[2020-09-24T03:37:37.371+0000][23404][gc,marking   ] GC(181) Concurrent Scan Root Regions
[2020-09-24T03:37:37.374+0000][23404][gc,marking   ] GC(181) Concurrent Scan Root Regions 3.030ms
[2020-09-24T03:37:37.374+0000][23404][gc,marking   ] GC(181) Concurrent Mark (129.808s)
[2020-09-24T03:37:37.374+0000][23404][gc,marking   ] GC(181) Concurrent Mark From Roots
[2020-09-24T03:37:37.374+0000][23404][gc,task      ] GC(181) Using 2 workers of 2 for marking
[2020-09-24T03:37:37.536+0000][23404][gc,marking   ] GC(181) Concurrent Mark From Roots 161.736ms
[2020-09-24T03:37:37.536+0000][23404][gc,marking   ] GC(181) Concurrent Preclean
[2020-09-24T03:37:37.536+0000][23404][gc,marking   ] GC(181) Concurrent Preclean 0.509ms
[2020-09-24T03:37:37.536+0000][23404][gc,marking   ] GC(181) Concurrent Mark (129.808s, 129.971s) 162.424ms
[2020-09-24T03:37:37.537+0000][23404][gc,start     ] GC(181) Pause Remark
[2020-09-24T03:37:37.542+0000][23404][gc           ] GC(181) Pause Remark 659M->659M(1024M) 5.739ms
[2020-09-24T03:37:37.542+0000][23404][gc,cpu       ] GC(181) User=0.13s Sys=0.00s Real=0.01s
[2020-09-24T03:37:37.542+0000][23404][safepoint    ] Safepoint "G1Concurrent", Time since last: 165951000 ns, Reaching safepoint: 163300 ns, At safepoint: 5944600 ns, Total: 6107900 ns
[2020-09-24T03:37:37.543+0000][23404][gc,marking   ] GC(181) Concurrent Rebuild Remembered Sets
[2020-09-24T03:37:37.629+0000][23404][gc,marking   ] GC(181) Concurrent Rebuild Remembered Sets 86.500ms
[2020-09-24T03:37:37.629+0000][23404][gc,start     ] GC(181) Pause Cleanup
[2020-09-24T03:37:37.630+0000][23404][gc           ] GC(181) Pause Cleanup 736M->736M(1024M) 0.375ms
[2020-09-24T03:37:37.630+0000][23404][gc,cpu       ] GC(181) User=0.00s Sys=0.00s Real=0.00s
[2020-09-24T03:37:37.630+0000][23404][safepoint    ] Safepoint "G1Concurrent", Time since last: 86699900 ns, Reaching safepoint: 138700 ns, At safepoint: 533700 ns, Total: 672400 ns
[2020-09-24T03:37:37.630+0000][23404][gc,marking   ] GC(181) Concurrent Cleanup for Next Mark
[2020-09-24T03:37:37.632+0000][23404][gc,marking   ] GC(181) Concurrent Cleanup for Next Mark 2.133ms
[2020-09-24T03:37:37.632+0000][23404][gc           ] GC(181) Concurrent Cycle 261.949ms
[2020-09-24T03:37:37.647+0000][23404][gc,start     ] GC(182) Pause Young (Concurrent Start) (G1 Humongous Allocation)
[2020-09-24T03:37:37.647+0000][23404][gc,task      ] GC(182) Using 8 workers of 8 for evacuation
[2020-09-24T03:37:37.647+0000][23404][gc,age       ] GC(182) Desired survivor size 32505856 bytes, new threshold 15 (max threshold 15)
[2020-09-24T03:37:37.651+0000][23404][gc,age       ] GC(182) Age table with threshold 15 (max threshold 15)
[2020-09-24T03:37:37.651+0000][23404][gc,age       ] GC(182) - age   1:    3918672 bytes,    3918672 total
[2020-09-24T03:37:37.651+0000][23404][gc,age       ] GC(182) - age   2:      21232 bytes,    3939904 total
[2020-09-24T03:37:37.651+0000][23404][gc,age       ] GC(182) - age   3:       1408 bytes,    3941312 total
[2020-09-24T03:37:37.651+0000][23404][gc,age       ] GC(182) - age   4:       2328 bytes,    3943640 total
[2020-09-24T03:37:37.651+0000][23404][gc,age       ] GC(182) - age   5:       2000 bytes,    3945640 total
[2020-09-24T03:37:37.651+0000][23404][gc,age       ] GC(182) - age   6:        760 bytes,    3946400 total
[2020-09-24T03:37:37.651+0000][23404][gc,age       ] GC(182) - age   7:       1040 bytes,    3947440 total
[2020-09-24T03:37:37.651+0000][23404][gc,age       ] GC(182) - age   8:      10488 bytes,    3957928 total
[2020-09-24T03:37:37.651+0000][23404][gc,age       ] GC(182) - age   9:       2176 bytes,    3960104 total
[2020-09-24T03:37:37.651+0000][23404][gc,age       ] GC(182) - age  10:       2896 bytes,    3963000 total
[2020-09-24T03:37:37.651+0000][23404][gc,age       ] GC(182) - age  11:      11096 bytes,    3974096 total
[2020-09-24T03:37:37.651+0000][23404][gc,age       ] GC(182) - age  12:      12448 bytes,    3986544 total
[2020-09-24T03:37:37.651+0000][23404][gc,age       ] GC(182) - age  13:      18400 bytes,    4004944 total
[2020-09-24T03:37:37.651+0000][23404][gc,age       ] GC(182) - age  14:       1080 bytes,    4006024 total
[2020-09-24T03:37:37.651+0000][23404][gc,age       ] GC(182) - age  15:       2120 bytes,    4008144 total
[2020-09-24T03:37:37.651+0000][23404][gc,phases    ] GC(182)   Pre Evacuate Collection Set: 0.4ms
[2020-09-24T03:37:37.651+0000][23404][gc,phases    ] GC(182)   Merge Heap Roots: 0.1ms
[2020-09-24T03:37:37.651+0000][23404][gc,phases    ] GC(182)   Evacuate Collection Set: 2.3ms
[2020-09-24T03:37:37.651+0000][23404][gc,phases    ] GC(182)   Post Evacuate Collection Set: 1.1ms
[2020-09-24T03:37:37.652+0000][23404][gc,phases    ] GC(182)   Other: 1.1ms
[2020-09-24T03:37:37.652+0000][23404][gc,heap      ] GC(182) Eden regions: 117->0(490)
[2020-09-24T03:37:37.652+0000][23404][gc,heap      ] GC(182) Survivor regions: 14->5(62)
[2020-09-24T03:37:37.652+0000][23404][gc,heap      ] GC(182) Old regions: 77->77
[2020-09-24T03:37:37.652+0000][23404][gc,heap      ] GC(182) Archive regions: 0->0
[2020-09-24T03:37:37.652+0000][23404][gc,heap      ] GC(182) Humongous regions: 534->174
[2020-09-24T03:37:37.652+0000][23404][gc,metaspace ] GC(182) Metaspace: 87460K(93568K)->87460K(93568K) NonClass: 76295K(79872K)->76295K(79872K) Class: 11164K(13696K)->11164K(13696K)
[2020-09-24T03:37:37.652+0000][23404][gc           ] GC(182) Pause Young (Concurrent Start) (G1 Humongous Allocation) 741M->255M(1024M) 5.283ms
[2020-09-24T03:37:37.652+0000][23404][gc,cpu       ] GC(182) User=0.11s Sys=0.00s Real=0.00s
[2020-09-24T03:37:37.652+0000][23404][gc           ] GC(183) Concurrent Cycle
[2020-09-24T03:37:37.652+0000][23404][safepoint    ] Safepoint "G1TryInitiateConcMark", Time since last: 16494000 ns, Reaching safepoint: 138800 ns, At safepoint: 5488000 ns, Total: 5626800 ns
[2020-09-24T03:37:37.652+0000][23404][gc,marking   ] GC(183) Concurrent Clear Claimed Marks
[2020-09-24T03:37:37.652+0000][23404][gc,marking   ] GC(183) Concurrent Clear Claimed Marks 0.483ms
[2020-09-24T03:37:37.653+0000][23404][gc,marking   ] GC(183) Concurrent Scan Root Regions
[2020-09-24T03:37:37.655+0000][23404][gc,marking   ] GC(183) Concurrent Scan Root Regions 2.844ms
[2020-09-24T03:37:37.656+0000][23404][gc,marking   ] GC(183) Concurrent Mark (130.090s)
[2020-09-24T03:37:37.656+0000][23404][gc,marking   ] GC(183) Concurrent Mark From Roots
[2020-09-24T03:37:37.656+0000][23404][gc,task      ] GC(183) Using 2 workers of 2 for marking
[2020-09-24T03:37:37.821+0000][23404][gc,marking   ] GC(183) Concurrent Mark From Roots 165.686ms
[2020-09-24T03:37:37.821+0000][23404][gc,marking   ] GC(183) Concurrent Preclean
[2020-09-24T03:37:37.822+0000][23404][gc,marking   ] GC(183) Concurrent Preclean 0.524ms
[2020-09-24T03:37:37.822+0000][23404][gc,marking   ] GC(183) Concurrent Mark (130.090s, 130.256s) 166.407ms
[2020-09-24T03:37:37.822+0000][23404][gc,start     ] GC(183) Pause Remark
[2020-09-24T03:37:37.829+0000][23404][gc           ] GC(183) Pause Remark 460M->460M(1024M) 6.718ms
[2020-09-24T03:37:37.829+0000][23404][gc,cpu       ] GC(183) User=0.00s Sys=0.00s Real=0.01s
[2020-09-24T03:37:37.829+0000][23404][safepoint    ] Safepoint "G1Concurrent", Time since last: 170117300 ns, Reaching safepoint: 205100 ns, At safepoint: 6975700 ns, Total: 7180800 ns
[2020-09-24T03:37:37.829+0000][23404][gc,marking   ] GC(183) Concurrent Rebuild Remembered Sets
[2020-09-24T03:37:37.919+0000][23404][gc,marking   ] GC(183) Concurrent Rebuild Remembered Sets 89.209ms
[2020-09-24T03:37:37.919+0000][23404][gc,start     ] GC(183) Pause Cleanup
[2020-09-24T03:37:37.919+0000][23404][gc           ] GC(183) Pause Cleanup 466M->466M(1024M) 0.458ms
[2020-09-24T03:37:37.919+0000][23404][gc,cpu       ] GC(183) User=0.00s Sys=0.00s Real=0.00s
[2020-09-24T03:37:37.925+0000][23404][safepoint    ] Safepoint "G1Concurrent", Time since last: 89415300 ns, Reaching safepoint: 234700 ns, At safepoint: 6107400 ns, Total: 6342100 ns
[2020-09-24T03:37:37.925+0000][23404][gc,marking   ] GC(183) Concurrent Cleanup for Next Mark
[2020-09-24T03:37:37.927+0000][23404][gc,marking   ] GC(183) Concurrent Cleanup for Next Mark 1.981ms
[2020-09-24T03:37:37.927+0000][23404][gc           ] GC(183) Concurrent Cycle 275.352ms
[2020-09-24T03:37:37.974+0000][23404][gc,start     ] GC(184) Pause Young (Concurrent Start) (G1 Humongous Allocation)
[2020-09-24T03:37:37.974+0000][23404][gc,task      ] GC(184) Using 8 workers of 8 for evacuation
[2020-09-24T03:37:37.974+0000][23404][gc,age       ] GC(184) Desired survivor size 32505856 bytes, new threshold 15 (max threshold 15)
[2020-09-24T03:37:37.978+0000][23404][gc,age       ] GC(184) Age table with threshold 15 (max threshold 15)
[2020-09-24T03:37:37.978+0000][23404][gc,age       ] GC(184) - age   1:    7681816 bytes,    7681816 total
[2020-09-24T03:37:37.978+0000][23404][gc,age       ] GC(184) - age   2:      13856 bytes,    7695672 total
[2020-09-24T03:37:37.978+0000][23404][gc,age       ] GC(184) - age   3:      16928 bytes,    7712600 total
[2020-09-24T03:37:37.978+0000][23404][gc,age       ] GC(184) - age   4:        672 bytes,    7713272 total
[2020-09-24T03:37:37.978+0000][23404][gc,age       ] GC(184) - age   5:       2296 bytes,    7715568 total
[2020-09-24T03:37:37.978+0000][23404][gc,age       ] GC(184) - age   6:       2000 bytes,    7717568 total
[2020-09-24T03:37:37.979+0000][23404][gc,age       ] GC(184) - age   7:        760 bytes,    7718328 total
[2020-09-24T03:37:37.979+0000][23404][gc,age       ] GC(184) - age   8:       1040 bytes,    7719368 total
[2020-09-24T03:37:37.979+0000][23404][gc,age       ] GC(184) - age   9:      10328 bytes,    7729696 total
[2020-09-24T03:37:37.979+0000][23404][gc,age       ] GC(184) - age  10:       2048 bytes,    7731744 total
[2020-09-24T03:37:37.979+0000][23404][gc,age       ] GC(184) - age  11:       2896 bytes,    7734640 total
[2020-09-24T03:37:37.979+0000][23404][gc,age       ] GC(184) - age  12:      11096 bytes,    7745736 total
[2020-09-24T03:37:37.979+0000][23404][gc,age       ] GC(184) - age  13:      12448 bytes,    7758184 total
[2020-09-24T03:37:37.979+0000][23404][gc,age       ] GC(184) - age  14:      18032 bytes,    7776216 total
[2020-09-24T03:37:37.979+0000][23404][gc,age       ] GC(184) - age  15:       1080 bytes,    7777296 total
[2020-09-24T03:37:37.979+0000][23404][gc,phases    ] GC(184)   Pre Evacuate Collection Set: 0.4ms
[2020-09-24T03:37:37.979+0000][23404][gc,phases    ] GC(184)   Merge Heap Roots: 0.1ms
[2020-09-24T03:37:37.979+0000][23404][gc,phases    ] GC(184)   Evacuate Collection Set: 2.6ms
[2020-09-24T03:37:37.979+0000][23404][gc,phases    ] GC(184)   Post Evacuate Collection Set: 0.9ms
[2020-09-24T03:37:37.979+0000][23404][gc,phases    ] GC(184)   Other: 1.1ms
[2020-09-24T03:37:37.979+0000][23404][gc,heap      ] GC(184) Eden regions: 77->0(486)
[2020-09-24T03:37:37.979+0000][23404][gc,heap      ] GC(184) Survivor regions: 5->8(62)
[2020-09-24T03:37:37.979+0000][23404][gc,heap      ] GC(184) Old regions: 77->77
[2020-09-24T03:37:37.979+0000][23404][gc,heap      ] GC(184) Archive regions: 0->0
[2020-09-24T03:37:37.980+0000][23404][gc,heap      ] GC(184) Humongous regions: 326->174
[2020-09-24T03:37:37.980+0000][23404][gc,metaspace ] GC(184) Metaspace: 87492K(93568K)->87492K(93568K) NonClass: 76327K(79872K)->76327K(79872K) Class: 11164K(13696K)->11164K(13696K)
[2020-09-24T03:37:37.980+0000][23404][gc           ] GC(184) Pause Young (Concurrent Start) (G1 Humongous Allocation) 484M->258M(1024M) 5.757ms
[2020-09-24T03:37:37.980+0000][23404][gc,cpu       ] GC(184) User=0.11s Sys=0.00s Real=0.01s
[2020-09-24T03:37:37.980+0000][23404][gc           ] GC(185) Concurrent Cycle
[2020-09-24T03:37:37.980+0000][23404][gc,marking   ] GC(185) Concurrent Clear Claimed Marks
[2020-09-24T03:37:37.980+0000][23404][safepoint    ] Safepoint "G1TryInitiateConcMark", Time since last: 48679300 ns, Reaching safepoint: 179400 ns, At safepoint: 6105000 ns, Total: 6284400 ns
[2020-09-24T03:37:37.980+0000][23404][gc,marking   ] GC(185) Concurrent Clear Claimed Marks 0.335ms
[2020-09-24T03:37:37.980+0000][23404][gc,marking   ] GC(185) Concurrent Scan Root Regions
[2020-09-24T03:37:37.983+0000][23404][gc,marking   ] GC(185) Concurrent Scan Root Regions 2.975ms
[2020-09-24T03:37:37.983+0000][23404][gc,marking   ] GC(185) Concurrent Mark (130.418s)
[2020-09-24T03:37:37.983+0000][23404][gc,marking   ] GC(185) Concurrent Mark From Roots
[2020-09-24T03:37:37.984+0000][23404][gc,task      ] GC(185) Using 2 workers of 2 for marking
[2020-09-24T03:37:38.149+0000][23404][gc,marking   ] GC(185) Concurrent Mark From Roots 165.326ms
[2020-09-24T03:37:38.149+0000][23404][gc,marking   ] GC(185) Concurrent Preclean
[2020-09-24T03:37:38.149+0000][23404][gc,marking   ] GC(185) Concurrent Preclean 0.387ms
[2020-09-24T03:37:38.149+0000][23404][gc,marking   ] GC(185) Concurrent Mark (130.418s, 130.584s) 165.905ms
[2020-09-24T03:37:38.150+0000][23404][gc,start     ] GC(185) Pause Remark
[2020-09-24T03:37:38.157+0000][23404][gc           ] GC(185) Pause Remark 507M->507M(1024M) 7.269ms
[2020-09-24T03:37:38.157+0000][23404][gc,cpu       ] GC(185) User=0.00s Sys=0.00s Real=0.01s
[2020-09-24T03:37:38.157+0000][23404][safepoint    ] Safepoint "G1Concurrent", Time since last: 169504700 ns, Reaching safepoint: 201400 ns, At safepoint: 7500200 ns, Total: 7701600 ns
[2020-09-24T03:37:38.157+0000][23404][gc,marking   ] GC(185) Concurrent Rebuild Remembered Sets
[2020-09-24T03:37:38.247+0000][23404][gc,marking   ] GC(185) Concurrent Rebuild Remembered Sets 89.510ms
[2020-09-24T03:37:38.247+0000][23404][gc,start     ] GC(185) Pause Cleanup
[2020-09-24T03:37:38.247+0000][23404][gc           ] GC(185) Pause Cleanup 581M->581M(1024M) 0.261ms
[2020-09-24T03:37:38.247+0000][23404][gc,cpu       ] GC(185) User=0.00s Sys=0.00s Real=0.00s
[2020-09-24T03:37:38.247+0000][23404][safepoint    ] Safepoint "G1Concurrent", Time since last: 89658300 ns, Reaching safepoint: 148600 ns, At safepoint: 423400 ns, Total: 572000 ns
[2020-09-24T03:37:38.247+0000][23404][gc,marking   ] GC(185) Concurrent Cleanup for Next Mark
[2020-09-24T03:37:38.249+0000][23404][gc,marking   ] GC(185) Concurrent Cleanup for Next Mark 1.626ms
[2020-09-24T03:37:38.249+0000][23404][gc           ] GC(185) Concurrent Cycle 269.403ms
[2020-09-24T03:37:38.297+0000][23404][gc,start     ] GC(186) Pause Young (Concurrent Start) (G1 Humongous Allocation)
[2020-09-24T03:37:38.298+0000][23404][gc,task      ] GC(186) Using 8 workers of 8 for evacuation
[2020-09-24T03:37:38.298+0000][23404][gc,age       ] GC(186) Desired survivor size 32505856 bytes, new threshold 15 (max threshold 15)
[2020-09-24T03:37:38.303+0000][23404][gc,age       ] GC(186) Age table with threshold 15 (max threshold 15)
[2020-09-24T03:37:38.303+0000][23404][gc,age       ] GC(186) - age   1:   13198408 bytes,   13198408 total
[2020-09-24T03:37:38.303+0000][23404][gc,age       ] GC(186) - age   2:      71400 bytes,   13269808 total
[2020-09-24T03:37:38.303+0000][23404][gc,age       ] GC(186) - age   3:      11976 bytes,   13281784 total
[2020-09-24T03:37:38.303+0000][23404][gc,age       ] GC(186) - age   4:      15248 bytes,   13297032 total
[2020-09-24T03:37:38.303+0000][23404][gc,age       ] GC(186) - age   5:        280 bytes,   13297312 total
[2020-09-24T03:37:38.303+0000][23404][gc,age       ] GC(186) - age   6:       2296 bytes,   13299608 total
[2020-09-24T03:37:38.303+0000][23404][gc,age       ] GC(186) - age   7:       2000 bytes,   13301608 total
[2020-09-24T03:37:38.303+0000][23404][gc,age       ] GC(186) - age   8:        760 bytes,   13302368 total
[2020-09-24T03:37:38.303+0000][23404][gc,age       ] GC(186) - age   9:       1040 bytes,   13303408 total
[2020-09-24T03:37:38.303+0000][23404][gc,age       ] GC(186) - age  10:      10328 bytes,   13313736 total
[2020-09-24T03:37:38.303+0000][23404][gc,age       ] GC(186) - age  11:       1888 bytes,   13315624 total
[2020-09-24T03:37:38.303+0000][23404][gc,age       ] GC(186) - age  12:       2800 bytes,   13318424 total
[2020-09-24T03:37:38.303+0000][23404][gc,age       ] GC(186) - age  13:      11056 bytes,   13329480 total
[2020-09-24T03:37:38.303+0000][23404][gc,age       ] GC(186) - age  14:      12448 bytes,   13341928 total
[2020-09-24T03:37:38.303+0000][23404][gc,age       ] GC(186) - age  15:      15560 bytes,   13357488 total
[2020-09-24T03:37:38.303+0000][23404][gc,phases    ] GC(186)   Pre Evacuate Collection Set: 0.4ms
[2020-09-24T03:37:38.303+0000][23404][gc,phases    ] GC(186)   Merge Heap Roots: 0.1ms
[2020-09-24T03:37:38.304+0000][23404][gc,phases    ] GC(186)   Evacuate Collection Set: 3.5ms
[2020-09-24T03:37:38.304+0000][23404][gc,phases    ] GC(186)   Post Evacuate Collection Set: 0.9ms
[2020-09-24T03:37:38.304+0000][23404][gc,phases    ] GC(186)   Other: 1.1ms
[2020-09-24T03:37:38.304+0000][23404][gc,heap      ] GC(186) Eden regions: 112->0(476)
[2020-09-24T03:37:38.304+0000][23404][gc,heap      ] GC(186) Survivor regions: 8->14(62)
[2020-09-24T03:37:38.304+0000][23404][gc,heap      ] GC(186) Old regions: 77->77
[2020-09-24T03:37:38.304+0000][23404][gc,heap      ] GC(186) Archive regions: 0->0
[2020-09-24T03:37:38.304+0000][23404][gc,heap      ] GC(186) Humongous regions: 414->174
[2020-09-24T03:37:38.304+0000][23404][gc,metaspace ] GC(186) Metaspace: 87513K(93568K)->87513K(93568K) NonClass: 76348K(79872K)->76348K(79872K) Class: 11164K(13696K)->11164K(13696K)
[2020-09-24T03:37:38.304+0000][23404][gc           ] GC(186) Pause Young (Concurrent Start) (G1 Humongous Allocation) 610M->264M(1024M) 6.447ms
[2020-09-24T03:37:38.304+0000][23404][gc,cpu       ] GC(186) User=0.00s Sys=0.00s Real=0.01s
[2020-09-24T03:37:38.304+0000][23404][gc           ] GC(187) Concurrent Cycle
[2020-09-24T03:37:38.304+0000][23404][gc,marking   ] GC(187) Concurrent Clear Claimed Marks
[2020-09-24T03:37:38.305+0000][23404][gc,marking   ] GC(187) Concurrent Clear Claimed Marks 0.479ms
[2020-09-24T03:37:38.305+0000][23404][gc,marking   ] GC(187) Concurrent Scan Root Regions
[2020-09-24T03:37:38.307+0000][23404][safepoint    ] Safepoint "G1TryInitiateConcMark", Time since last: 49886300 ns, Reaching safepoint: 156700 ns, At safepoint: 9374800 ns, Total: 9531500 ns
[2020-09-24T03:37:38.307+0000][23404][gc,marking   ] GC(187) Concurrent Scan Root Regions 2.366ms
[2020-09-24T03:37:38.307+0000][23404][gc,marking   ] GC(187) Concurrent Mark (130.742s)
[2020-09-24T03:37:38.307+0000][23404][gc,marking   ] GC(187) Concurrent Mark From Roots
[2020-09-24T03:37:38.307+0000][23404][gc,task      ] GC(187) Using 2 workers of 2 for marking
[2020-09-24T03:37:38.455+0000][23404][gc,marking   ] GC(187) Concurrent Mark From Roots 148.036ms
[2020-09-24T03:37:38.455+0000][23404][gc,marking   ] GC(187) Concurrent Preclean
[2020-09-24T03:37:38.456+0000][23404][gc,marking   ] GC(187) Concurrent Preclean 0.389ms
[2020-09-24T03:37:38.456+0000][23404][gc,marking   ] GC(187) Concurrent Mark (130.742s, 130.890s) 148.624ms
[2020-09-24T03:37:38.456+0000][23404][gc,start     ] GC(187) Pause Remark
[2020-09-24T03:37:38.463+0000][23404][gc           ] GC(187) Pause Remark 591M->591M(1024M) 6.524ms
[2020-09-24T03:37:38.463+0000][23404][gc,cpu       ] GC(187) User=0.11s Sys=0.00s Real=0.01s
[2020-09-24T03:37:38.463+0000][23404][safepoint    ] Safepoint "G1Concurrent", Time since last: 149151900 ns, Reaching safepoint: 159800 ns, At safepoint: 6800000 ns, Total: 6959800 ns
[2020-09-24T03:37:38.463+0000][23404][gc,marking   ] GC(187) Concurrent Rebuild Remembered Sets
[2020-09-24T03:37:38.541+0000][23404][gc,marking   ] GC(187) Concurrent Rebuild Remembered Sets 78.459ms
[2020-09-24T03:37:38.542+0000][23404][gc,start     ] GC(187) Pause Cleanup
[2020-09-24T03:37:38.542+0000][23404][gc           ] GC(187) Pause Cleanup 721M->721M(1024M) 0.331ms
[2020-09-24T03:37:38.542+0000][23404][gc,cpu       ] GC(187) User=0.00s Sys=0.00s Real=0.00s
[2020-09-24T03:37:38.542+0000][23404][safepoint    ] Safepoint "G1Concurrent", Time since last: 78659200 ns, Reaching safepoint: 157400 ns, At safepoint: 518300 ns, Total: 675700 ns
[2020-09-24T03:37:38.542+0000][23404][gc,marking   ] GC(187) Concurrent Cleanup for Next Mark
[2020-09-24T03:37:38.545+0000][23404][gc,marking   ] GC(187) Concurrent Cleanup for Next Mark 2.263ms
[2020-09-24T03:37:38.545+0000][23404][gc           ] GC(187) Concurrent Cycle 240.530ms
[2020-09-24T03:37:38.590+0000][23404][gc,start     ] GC(188) Pause Young (Concurrent Start) (G1 Humongous Allocation)
[2020-09-24T03:37:38.590+0000][23404][gc,task      ] GC(188) Using 8 workers of 8 for evacuation
[2020-09-24T03:37:38.590+0000][23404][gc,age       ] GC(188) Desired survivor size 32505856 bytes, new threshold 15 (max threshold 15)
[2020-09-24T03:37:38.597+0000][23404][gc,age       ] GC(188) Age table with threshold 15 (max threshold 15)
[2020-09-24T03:37:38.597+0000][23404][gc,age       ] GC(188) - age   1:    3886736 bytes,    3886736 total
[2020-09-24T03:37:38.597+0000][23404][gc,age       ] GC(188) - age   2:       9720 bytes,    3896456 total
[2020-09-24T03:37:38.597+0000][23404][gc,age       ] GC(188) - age   3:       3520 bytes,    3899976 total
[2020-09-24T03:37:38.597+0000][23404][gc,age       ] GC(188) - age   4:      11608 bytes,    3911584 total
[2020-09-24T03:37:38.597+0000][23404][gc,age       ] GC(188) - age   5:      15184 bytes,    3926768 total
[2020-09-24T03:37:38.597+0000][23404][gc,age       ] GC(188) - age   6:        216 bytes,    3926984 total
[2020-09-24T03:37:38.597+0000][23404][gc,age       ] GC(188) - age   7:       2232 bytes,    3929216 total
[2020-09-24T03:37:38.597+0000][23404][gc,age       ] GC(188) - age   8:       1968 bytes,    3931184 total
[2020-09-24T03:37:38.597+0000][23404][gc,age       ] GC(188) - age   9:        760 bytes,    3931944 total
[2020-09-24T03:37:38.597+0000][23404][gc,age       ] GC(188) - age  10:       1040 bytes,    3932984 total
[2020-09-24T03:37:38.597+0000][23404][gc,age       ] GC(188) - age  11:      10328 bytes,    3943312 total
[2020-09-24T03:37:38.597+0000][23404][gc,age       ] GC(188) - age  12:       1824 bytes,    3945136 total
[2020-09-24T03:37:38.597+0000][23404][gc,age       ] GC(188) - age  13:       2800 bytes,    3947936 total
[2020-09-24T03:37:38.597+0000][23404][gc,age       ] GC(188) - age  14:      11056 bytes,    3958992 total
[2020-09-24T03:37:38.597+0000][23404][gc,age       ] GC(188) - age  15:      12448 bytes,    3971440 total
[2020-09-24T03:37:38.597+0000][23404][gc,phases    ] GC(188)   Pre Evacuate Collection Set: 0.4ms
[2020-09-24T03:37:38.598+0000][23404][gc,phases    ] GC(188)   Merge Heap Roots: 0.1ms
[2020-09-24T03:37:38.598+0000][23404][gc,phases    ] GC(188)   Evacuate Collection Set: 4.5ms
[2020-09-24T03:37:38.598+0000][23404][gc,phases    ] GC(188)   Post Evacuate Collection Set: 1.2ms
[2020-09-24T03:37:38.598+0000][23404][gc,phases    ] GC(188)   Other: 1.2ms
[2020-09-24T03:37:38.598+0000][23404][gc,heap      ] GC(188) Eden regions: 124->0(489)
[2020-09-24T03:37:38.598+0000][23404][gc,heap      ] GC(188) Survivor regions: 14->5(62)
[2020-09-24T03:37:38.598+0000][23404][gc,heap      ] GC(188) Old regions: 77->77
[2020-09-24T03:37:38.598+0000][23404][gc,heap      ] GC(188) Archive regions: 0->0
[2020-09-24T03:37:38.598+0000][23404][gc,heap      ] GC(188) Humongous regions: 524->174
[2020-09-24T03:37:38.598+0000][23404][gc,metaspace ] GC(188) Metaspace: 87547K(93824K)->87547K(93824K) NonClass: 76380K(80128K)->76380K(80128K) Class: 11166K(13696K)->11166K(13696K)
[2020-09-24T03:37:38.598+0000][23404][gc           ] GC(188) Pause Young (Concurrent Start) (G1 Humongous Allocation) 738M->255M(1024M) 8.176ms
[2020-09-24T03:37:38.598+0000][23404][gc,cpu       ] GC(188) User=0.00s Sys=0.00s Real=0.01s
[2020-09-24T03:37:38.598+0000][23404][gc           ] GC(189) Concurrent Cycle
[2020-09-24T03:37:38.598+0000][23404][safepoint    ] Safepoint "G1TryInitiateConcMark", Time since last: 47627500 ns, Reaching safepoint: 144500 ns, At safepoint: 8422200 ns, Total: 8566700 ns
[2020-09-24T03:37:38.598+0000][23404][gc,marking   ] GC(189) Concurrent Clear Claimed Marks
[2020-09-24T03:37:38.599+0000][23404][gc,marking   ] GC(189) Concurrent Clear Claimed Marks 0.550ms
[2020-09-24T03:37:38.599+0000][23404][gc,marking   ] GC(189) Concurrent Scan Root Regions
[2020-09-24T03:37:38.602+0000][23404][gc,marking   ] GC(189) Concurrent Scan Root Regions 3.167ms
[2020-09-24T03:37:38.602+0000][23404][gc,marking   ] GC(189) Concurrent Mark (131.037s)
[2020-09-24T03:37:38.603+0000][23404][gc,marking   ] GC(189) Concurrent Mark From Roots
[2020-09-24T03:37:38.603+0000][23404][gc,task      ] GC(189) Using 2 workers of 2 for marking
[2020-09-24T03:37:38.741+0000][23404][gc,marking   ] GC(189) Concurrent Mark From Roots 138.522ms
[2020-09-24T03:37:38.741+0000][23404][gc,marking   ] GC(189) Concurrent Preclean
[2020-09-24T03:37:38.742+0000][23404][gc,marking   ] GC(189) Concurrent Preclean 0.784ms
[2020-09-24T03:37:38.742+0000][23404][gc,marking   ] GC(189) Concurrent Mark (131.037s, 131.177s) 139.818ms
[2020-09-24T03:37:38.743+0000][23404][gc,start     ] GC(189) Pause Remark
[2020-09-24T03:37:38.750+0000][23404][gc           ] GC(189) Pause Remark 419M->419M(1024M) 7.595ms
[2020-09-24T03:37:38.750+0000][23404][gc,cpu       ] GC(189) User=0.00s Sys=0.00s Real=0.01s
[2020-09-24T03:37:38.751+0000][23404][safepoint    ] Safepoint "G1Concurrent", Time since last: 143965700 ns, Reaching safepoint: 275700 ns, At safepoint: 7897100 ns, Total: 8172800 ns
[2020-09-24T03:37:38.751+0000][23404][gc,marking   ] GC(189) Concurrent Rebuild Remembered Sets
[2020-09-24T03:37:38.842+0000][23404][gc,marking   ] GC(189) Concurrent Rebuild Remembered Sets 91.255ms
[2020-09-24T03:37:38.842+0000][23404][gc,start     ] GC(189) Pause Cleanup
[2020-09-24T03:37:38.843+0000][23404][gc           ] GC(189) Pause Cleanup 472M->472M(1024M) 0.379ms
[2020-09-24T03:37:38.843+0000][23404][gc,cpu       ] GC(189) User=0.00s Sys=0.00s Real=0.00s
[2020-09-24T03:37:38.843+0000][23404][safepoint    ] Safepoint "G1Concurrent", Time since last: 91437900 ns, Reaching safepoint: 210600 ns, At safepoint: 652100 ns, Total: 862700 ns
[2020-09-24T03:37:38.843+0000][23404][gc,marking   ] GC(189) Concurrent Cleanup for Next Mark
[2020-09-24T03:37:38.845+0000][23404][gc,marking   ] GC(189) Concurrent Cleanup for Next Mark 1.997ms
[2020-09-24T03:37:38.845+0000][23404][gc           ] GC(189) Concurrent Cycle 246.677ms
[2020-09-24T03:37:38.868+0000][23404][gc,start     ] GC(190) Pause Young (Concurrent Start) (G1 Humongous Allocation)
[2020-09-24T03:37:38.868+0000][23404][gc,task      ] GC(190) Using 8 workers of 8 for evacuation
[2020-09-24T03:37:38.868+0000][23404][gc,age       ] GC(190) Desired survivor size 32505856 bytes, new threshold 15 (max threshold 15)
[2020-09-24T03:37:38.874+0000][23404][gc,age       ] GC(190) Age table with threshold 15 (max threshold 15)
[2020-09-24T03:37:38.874+0000][23404][gc,age       ] GC(190) - age   1:   13429432 bytes,   13429432 total
[2020-09-24T03:37:38.874+0000][23404][gc,age       ] GC(190) - age   2:       6040 bytes,   13435472 total
[2020-09-24T03:37:38.874+0000][23404][gc,age       ] GC(190) - age   3:       6360 bytes,   13441832 total
[2020-09-24T03:37:38.874+0000][23404][gc,age       ] GC(190) - age   4:       2664 bytes,   13444496 total
[2020-09-24T03:37:38.874+0000][23404][gc,age       ] GC(190) - age   5:      10592 bytes,   13455088 total
[2020-09-24T03:37:38.874+0000][23404][gc,age       ] GC(190) - age   6:      15024 bytes,   13470112 total
[2020-09-24T03:37:38.874+0000][23404][gc,age       ] GC(190) - age   7:        216 bytes,   13470328 total
[2020-09-24T03:37:38.874+0000][23404][gc,age       ] GC(190) - age   8:       2232 bytes,   13472560 total
[2020-09-24T03:37:38.874+0000][23404][gc,age       ] GC(190) - age   9:       1968 bytes,   13474528 total
[2020-09-24T03:37:38.874+0000][23404][gc,age       ] GC(190) - age  10:        760 bytes,   13475288 total
[2020-09-24T03:37:38.874+0000][23404][gc,age       ] GC(190) - age  11:       1040 bytes,   13476328 total
[2020-09-24T03:37:38.874+0000][23404][gc,age       ] GC(190) - age  12:      10328 bytes,   13486656 total
[2020-09-24T03:37:38.874+0000][23404][gc,age       ] GC(190) - age  13:       1824 bytes,   13488480 total
[2020-09-24T03:37:38.874+0000][23404][gc,age       ] GC(190) - age  14:       2800 bytes,   13491280 total
[2020-09-24T03:37:38.874+0000][23404][gc,age       ] GC(190) - age  15:      11056 bytes,   13502336 total
[2020-09-24T03:37:38.874+0000][23404][gc,phases    ] GC(190)   Pre Evacuate Collection Set: 0.5ms
[2020-09-24T03:37:38.874+0000][23404][gc,phases    ] GC(190)   Merge Heap Roots: 0.1ms
[2020-09-24T03:37:38.874+0000][23404][gc,phases    ] GC(190)   Evacuate Collection Set: 4.0ms
[2020-09-24T03:37:38.874+0000][23404][gc,phases    ] GC(190)   Post Evacuate Collection Set: 0.7ms
[2020-09-24T03:37:38.874+0000][23404][gc,phases    ] GC(190)   Other: 0.9ms
[2020-09-24T03:37:38.874+0000][23404][gc,heap      ] GC(190) Eden regions: 88->0(476)
[2020-09-24T03:37:38.874+0000][23404][gc,heap      ] GC(190) Survivor regions: 5->14(62)
[2020-09-24T03:37:38.874+0000][23404][gc,heap      ] GC(190) Old regions: 77->77
[2020-09-24T03:37:38.874+0000][23404][gc,heap      ] GC(190) Archive regions: 0->0
[2020-09-24T03:37:38.874+0000][23404][gc,heap      ] GC(190) Humongous regions: 324->174
[2020-09-24T03:37:38.874+0000][23404][gc,metaspace ] GC(190) Metaspace: 87570K(93824K)->87570K(93824K) NonClass: 76404K(80128K)->76404K(80128K) Class: 11166K(13696K)->11166K(13696K)
[2020-09-24T03:37:38.875+0000][23404][gc           ] GC(190) Pause Young (Concurrent Start) (G1 Humongous Allocation) 493M->264M(1024M) 6.492ms
[2020-09-24T03:37:38.875+0000][23404][gc,cpu       ] GC(190) User=0.00s Sys=0.00s Real=0.01s
[2020-09-24T03:37:38.875+0000][23404][gc           ] GC(191) Concurrent Cycle
[2020-09-24T03:37:38.875+0000][23404][gc,marking   ] GC(191) Concurrent Clear Claimed Marks
[2020-09-24T03:37:38.875+0000][23404][safepoint    ] Safepoint "G1TryInitiateConcMark", Time since last: 24830700 ns, Reaching safepoint: 266200 ns, At safepoint: 6865300 ns, Total: 7131500 ns
[2020-09-24T03:37:38.875+0000][23404][gc,marking   ] GC(191) Concurrent Clear Claimed Marks 0.391ms
[2020-09-24T03:37:38.875+0000][23404][gc,marking   ] GC(191) Concurrent Scan Root Regions
[2020-09-24T03:37:38.878+0000][23404][gc,marking   ] GC(191) Concurrent Scan Root Regions 3.219ms
[2020-09-24T03:37:38.879+0000][23404][gc,marking   ] GC(191) Concurrent Mark (131.313s)
[2020-09-24T03:37:38.879+0000][23404][gc,marking   ] GC(191) Concurrent Mark From Roots
[2020-09-24T03:37:38.879+0000][23404][gc,task      ] GC(191) Using 2 workers of 2 for marking
[2020-09-24T03:37:39.036+0000][23404][gc,marking   ] GC(191) Concurrent Mark From Roots 157.324ms
[2020-09-24T03:37:39.036+0000][23404][gc,marking   ] GC(191) Concurrent Preclean
[2020-09-24T03:37:39.036+0000][23404][gc,marking   ] GC(191) Concurrent Preclean 0.335ms
[2020-09-24T03:37:39.036+0000][23404][gc,marking   ] GC(191) Concurrent Mark (131.313s, 131.471s) 157.829ms
[2020-09-24T03:37:39.037+0000][23404][gc,start     ] GC(191) Pause Remark
[2020-09-24T03:37:39.043+0000][23404][gc           ] GC(191) Pause Remark 599M->599M(1024M) 6.771ms
[2020-09-24T03:37:39.044+0000][23404][gc,cpu       ] GC(191) User=0.11s Sys=0.02s Real=0.01s
[2020-09-24T03:37:39.044+0000][23404][safepoint    ] Safepoint "G1Concurrent", Time since last: 161632100 ns, Reaching safepoint: 164900 ns, At safepoint: 7050600 ns, Total: 7215500 ns
[2020-09-24T03:37:39.044+0000][23404][gc,marking   ] GC(191) Concurrent Rebuild Remembered Sets
[2020-09-24T03:37:39.140+0000][23404][gc,marking   ] GC(191) Concurrent Rebuild Remembered Sets 96.479ms
[2020-09-24T03:37:39.141+0000][23404][gc,start     ] GC(191) Pause Cleanup
[2020-09-24T03:37:39.141+0000][23404][gc           ] GC(191) Pause Cleanup 934M->934M(1024M) 0.336ms
[2020-09-24T03:37:39.141+0000][23404][gc,cpu       ] GC(191) User=0.00s Sys=0.00s Real=0.00s
[2020-09-24T03:37:39.141+0000][23404][safepoint    ] Safepoint "G1Concurrent", Time since last: 96661600 ns, Reaching safepoint: 230600 ns, At safepoint: 524900 ns, Total: 755500 ns
[2020-09-24T03:37:39.141+0000][23404][gc,marking   ] GC(191) Concurrent Cleanup for Next Mark
[2020-09-24T03:37:39.143+0000][23404][gc,marking   ] GC(191) Concurrent Cleanup for Next Mark 1.946ms
[2020-09-24T03:37:39.143+0000][23404][gc           ] GC(191) Concurrent Cycle 268.634ms
[2020-09-24T03:37:39.210+0000][23404][gc,start     ] GC(192) Pause Young (Concurrent Start) (G1 Humongous Allocation)
[2020-09-24T03:37:39.210+0000][23404][gc,task      ] GC(192) Using 8 workers of 8 for evacuation
[2020-09-24T03:37:39.210+0000][23404][gc,age       ] GC(192) Desired survivor size 32505856 bytes, new threshold 15 (max threshold 15)
[2020-09-24T03:37:39.217+0000][23404][gc,age       ] GC(192) Age table with threshold 15 (max threshold 15)
[2020-09-24T03:37:39.217+0000][23404][gc,age       ] GC(192) - age   1:   13805824 bytes,   13805824 total
[2020-09-24T03:37:39.217+0000][23404][gc,age       ] GC(192) - age   2:       9536 bytes,   13815360 total
[2020-09-24T03:37:39.217+0000][23404][gc,age       ] GC(192) - age   3:       5352 bytes,   13820712 total
[2020-09-24T03:37:39.217+0000][23404][gc,age       ] GC(192) - age   4:       4896 bytes,   13825608 total
[2020-09-24T03:37:39.217+0000][23404][gc,age       ] GC(192) - age   5:       2376 bytes,   13827984 total
[2020-09-24T03:37:39.217+0000][23404][gc,age       ] GC(192) - age   6:      10496 bytes,   13838480 total
[2020-09-24T03:37:39.217+0000][23404][gc,age       ] GC(192) - age   7:      14992 bytes,   13853472 total
[2020-09-24T03:37:39.217+0000][23404][gc,age       ] GC(192) - age   8:        216 bytes,   13853688 total
[2020-09-24T03:37:39.217+0000][23404][gc,age       ] GC(192) - age   9:       2200 bytes,   13855888 total
[2020-09-24T03:37:39.217+0000][23404][gc,age       ] GC(192) - age  10:       1872 bytes,   13857760 total
[2020-09-24T03:37:39.217+0000][23404][gc,age       ] GC(192) - age  11:        760 bytes,   13858520 total
[2020-09-24T03:37:39.217+0000][23404][gc,age       ] GC(192) - age  12:       1040 bytes,   13859560 total
[2020-09-24T03:37:39.217+0000][23404][gc,age       ] GC(192) - age  13:      10296 bytes,   13869856 total
[2020-09-24T03:37:39.217+0000][23404][gc,age       ] GC(192) - age  14:       1760 bytes,   13871616 total
[2020-09-24T03:37:39.217+0000][23404][gc,age       ] GC(192) - age  15:       2768 bytes,   13874384 total
[2020-09-24T03:37:39.217+0000][23404][gc,phases    ] GC(192)   Pre Evacuate Collection Set: 0.6ms
[2020-09-24T03:37:39.218+0000][23404][gc,phases    ] GC(192)   Merge Heap Roots: 0.1ms
[2020-09-24T03:37:39.218+0000][23404][gc,phases    ] GC(192)   Evacuate Collection Set: 4.6ms
[2020-09-24T03:37:39.218+0000][23404][gc,phases    ] GC(192)   Post Evacuate Collection Set: 1.5ms
[2020-09-24T03:37:39.218+0000][23404][gc,phases    ] GC(192)   Other: 1.0ms
[2020-09-24T03:37:39.218+0000][23404][gc,heap      ] GC(192) Eden regions: 192->0(472)
[2020-09-24T03:37:39.218+0000][23404][gc,heap      ] GC(192) Survivor regions: 14->14(55)
[2020-09-24T03:37:39.218+0000][23404][gc,heap      ] GC(192) Old regions: 77->78
[2020-09-24T03:37:39.218+0000][23404][gc,heap      ] GC(192) Archive regions: 0->0
[2020-09-24T03:37:39.218+0000][23404][gc,heap      ] GC(192) Humongous regions: 686->174
[2020-09-24T03:37:39.218+0000][23404][gc,metaspace ] GC(192) Metaspace: 87588K(93824K)->87588K(93824K) NonClass: 76421K(80128K)->76421K(80128K) Class: 11166K(13696K)->11166K(13696K)
[2020-09-24T03:37:39.218+0000][23404][gc           ] GC(192) Pause Young (Concurrent Start) (G1 Humongous Allocation) 968M->265M(1024M) 8.110ms
[2020-09-24T03:37:39.218+0000][23404][gc,cpu       ] GC(192) User=0.11s Sys=0.00s Real=0.01s
[2020-09-24T03:37:39.218+0000][23404][gc           ] GC(193) Concurrent Cycle
[2020-09-24T03:37:39.218+0000][23404][gc,marking   ] GC(193) Concurrent Clear Claimed Marks
[2020-09-24T03:37:39.218+0000][23404][safepoint    ] Safepoint "G1TryInitiateConcMark", Time since last: 68321500 ns, Reaching safepoint: 245400 ns, At safepoint: 8477600 ns, Total: 8723000 ns
[2020-09-24T03:37:39.218+0000][23404][gc,marking   ] GC(193) Concurrent Clear Claimed Marks 0.419ms
[2020-09-24T03:37:39.219+0000][23404][gc,marking   ] GC(193) Concurrent Scan Root Regions
[2020-09-24T03:37:39.222+0000][23404][gc,marking   ] GC(193) Concurrent Scan Root Regions 3.892ms
[2020-09-24T03:37:39.223+0000][23404][gc,marking   ] GC(193) Concurrent Mark (131.657s)
[2020-09-24T03:37:39.223+0000][23404][gc,marking   ] GC(193) Concurrent Mark From Roots
[2020-09-24T03:37:39.223+0000][23404][gc,task      ] GC(193) Using 2 workers of 2 for marking
[2020-09-24T03:37:39.378+0000][23404][gc,marking   ] GC(193) Concurrent Mark From Roots 154.814ms
[2020-09-24T03:37:39.378+0000][23404][gc,marking   ] GC(193) Concurrent Preclean
[2020-09-24T03:37:39.378+0000][23404][gc,marking   ] GC(193) Concurrent Preclean 0.476ms
[2020-09-24T03:37:39.378+0000][23404][gc,marking   ] GC(193) Concurrent Mark (131.657s, 131.812s) 155.487ms
[2020-09-24T03:37:39.378+0000][23404][gc,start     ] GC(193) Pause Remark
[2020-09-24T03:37:39.385+0000][23404][gc           ] GC(193) Pause Remark 593M->593M(1024M) 6.195ms
[2020-09-24T03:37:39.385+0000][23404][gc,cpu       ] GC(193) User=0.11s Sys=0.00s Real=0.01s
[2020-09-24T03:37:39.385+0000][23404][safepoint    ] Safepoint "G1Concurrent", Time since last: 160034800 ns, Reaching safepoint: 144500 ns, At safepoint: 6524300 ns, Total: 6668800 ns
[2020-09-24T03:37:39.385+0000][23404][gc,marking   ] GC(193) Concurrent Rebuild Remembered Sets
[2020-09-24T03:37:39.469+0000][23404][gc,marking   ] GC(193) Concurrent Rebuild Remembered Sets 84.135ms
[2020-09-24T03:37:39.469+0000][23404][gc,start     ] GC(193) Pause Cleanup
[2020-09-24T03:37:39.470+0000][23404][gc           ] GC(193) Pause Cleanup 671M->671M(1024M) 0.329ms
[2020-09-24T03:37:39.470+0000][23404][gc,cpu       ] GC(193) User=0.00s Sys=0.00s Real=0.00s
[2020-09-24T03:37:39.470+0000][23404][safepoint    ] Safepoint "G1Concurrent", Time since last: 84329000 ns, Reaching safepoint: 185400 ns, At safepoint: 511400 ns, Total: 696800 ns
[2020-09-24T03:37:39.470+0000][23404][gc,marking   ] GC(193) Concurrent Cleanup for Next Mark
[2020-09-24T03:37:39.472+0000][23404][gc,marking   ] GC(193) Concurrent Cleanup for Next Mark 2.213ms
[2020-09-24T03:37:39.472+0000][23404][gc           ] GC(193) Concurrent Cycle 254.346ms
[2020-09-24T03:37:39.473+0000][23404][gc,start     ] GC(194) Pause Young (Concurrent Start) (G1 Humongous Allocation)
[2020-09-24T03:37:39.473+0000][23404][gc,task      ] GC(194) Using 8 workers of 8 for evacuation
[2020-09-24T03:37:39.473+0000][23404][gc,age       ] GC(194) Desired survivor size 31981568 bytes, new threshold 15 (max threshold 15)
[2020-09-24T03:37:39.477+0000][23404][gc,age       ] GC(194) Age table with threshold 15 (max threshold 15)
[2020-09-24T03:37:39.477+0000][23404][gc,age       ] GC(194) - age   1:    3454008 bytes,    3454008 total
[2020-09-24T03:37:39.477+0000][23404][gc,age       ] GC(194) - age   2:      13288 bytes,    3467296 total
[2020-09-24T03:37:39.477+0000][23404][gc,age       ] GC(194) - age   3:       9232 bytes,    3476528 total
[2020-09-24T03:37:39.477+0000][23404][gc,age       ] GC(194) - age   4:       5224 bytes,    3481752 total
[2020-09-24T03:37:39.477+0000][23404][gc,age       ] GC(194) - age   5:       4640 bytes,    3486392 total
[2020-09-24T03:37:39.477+0000][23404][gc,age       ] GC(194) - age   6:       2120 bytes,    3488512 total
[2020-09-24T03:37:39.477+0000][23404][gc,age       ] GC(194) - age   7:      10496 bytes,    3499008 total
[2020-09-24T03:37:39.477+0000][23404][gc,age       ] GC(194) - age   8:      14992 bytes,    3514000 total
[2020-09-24T03:37:39.477+0000][23404][gc,age       ] GC(194) - age   9:        216 bytes,    3514216 total
[2020-09-24T03:37:39.477+0000][23404][gc,age       ] GC(194) - age  10:       2200 bytes,    3516416 total
[2020-09-24T03:37:39.477+0000][23404][gc,age       ] GC(194) - age  11:       1872 bytes,    3518288 total
[2020-09-24T03:37:39.477+0000][23404][gc,age       ] GC(194) - age  12:        760 bytes,    3519048 total
[2020-09-24T03:37:39.477+0000][23404][gc,age       ] GC(194) - age  13:       1040 bytes,    3520088 total
[2020-09-24T03:37:39.477+0000][23404][gc,age       ] GC(194) - age  14:      10296 bytes,    3530384 total
[2020-09-24T03:37:39.477+0000][23404][gc,age       ] GC(194) - age  15:       1760 bytes,    3532144 total
[2020-09-24T03:37:39.477+0000][23404][gc,phases    ] GC(194)   Pre Evacuate Collection Set: 0.4ms
[2020-09-24T03:37:39.477+0000][23404][gc,phases    ] GC(194)   Merge Heap Roots: 0.1ms
[2020-09-24T03:37:39.477+0000][23404][gc,phases    ] GC(194)   Evacuate Collection Set: 2.2ms
[2020-09-24T03:37:39.477+0000][23404][gc,phases    ] GC(194)   Post Evacuate Collection Set: 0.9ms
[2020-09-24T03:37:39.477+0000][23404][gc,phases    ] GC(194)   Other: 0.9ms
[2020-09-24T03:37:39.477+0000][23404][gc,heap      ] GC(194) Eden regions: 99->0(485)
[2020-09-24T03:37:39.477+0000][23404][gc,heap      ] GC(194) Survivor regions: 14->5(61)
[2020-09-24T03:37:39.477+0000][23404][gc,heap      ] GC(194) Old regions: 78->78
[2020-09-24T03:37:39.477+0000][23404][gc,heap      ] GC(194) Archive regions: 0->0
[2020-09-24T03:37:39.477+0000][23404][gc,heap      ] GC(194) Humongous regions: 498->174
[2020-09-24T03:37:39.477+0000][23404][gc,metaspace ] GC(194) Metaspace: 87595K(93824K)->87595K(93824K) NonClass: 76428K(80128K)->76428K(80128K) Class: 11166K(13696K)->11166K(13696K)
[2020-09-24T03:37:39.478+0000][23404][gc           ] GC(194) Pause Young (Concurrent Start) (G1 Humongous Allocation) 687M->255M(1024M) 4.867ms
[2020-09-24T03:37:39.478+0000][23404][gc,cpu       ] GC(194) User=0.02s Sys=0.00s Real=0.00s
[2020-09-24T03:37:39.478+0000][23404][safepoint    ] Safepoint "G1TryInitiateConcMark", Time since last: 2539400 ns, Reaching safepoint: 193500 ns, At safepoint: 5031300 ns, Total: 5224800 ns
[2020-09-24T03:37:39.478+0000][23404][gc           ] GC(195) Concurrent Cycle
[2020-09-24T03:37:39.478+0000][23404][gc,marking   ] GC(195) Concurrent Clear Claimed Marks
[2020-09-24T03:37:39.478+0000][23404][gc,marking   ] GC(195) Concurrent Clear Claimed Marks 0.367ms
[2020-09-24T03:37:39.478+0000][23404][gc,marking   ] GC(195) Concurrent Scan Root Regions
[2020-09-24T03:37:39.480+0000][23404][gc,marking   ] GC(195) Concurrent Scan Root Regions 2.070ms
[2020-09-24T03:37:39.480+0000][23404][gc,marking   ] GC(195) Concurrent Mark (131.915s)
[2020-09-24T03:37:39.480+0000][23404][gc,marking   ] GC(195) Concurrent Mark From Roots
[2020-09-24T03:37:39.480+0000][23404][gc,task      ] GC(195) Using 2 workers of 2 for marking
[2020-09-24T03:37:39.621+0000][23404][gc,marking   ] GC(195) Concurrent Mark From Roots 140.563ms
[2020-09-24T03:37:39.621+0000][23404][gc,marking   ] GC(195) Concurrent Preclean
[2020-09-24T03:37:39.621+0000][23404][gc,marking   ] GC(195) Concurrent Preclean 0.443ms
[2020-09-24T03:37:39.622+0000][23404][gc,marking   ] GC(195) Concurrent Mark (131.915s, 132.056s) 141.192ms
[2020-09-24T03:37:39.622+0000][23404][gc,start     ] GC(195) Pause Remark
[2020-09-24T03:37:39.628+0000][23404][gc           ] GC(195) Pause Remark 445M->445M(1024M) 6.065ms
[2020-09-24T03:37:39.628+0000][23404][gc,cpu       ] GC(195) User=0.00s Sys=0.00s Real=0.01s
[2020-09-24T03:37:39.628+0000][23404][safepoint    ] Safepoint "G1Concurrent", Time since last: 143957100 ns, Reaching safepoint: 164200 ns, At safepoint: 6306200 ns, Total: 6470400 ns
[2020-09-24T03:37:39.628+0000][23404][gc,marking   ] GC(195) Concurrent Rebuild Remembered Sets
[2020-09-24T03:37:39.727+0000][23404][gc,marking   ] GC(195) Concurrent Rebuild Remembered Sets 98.459ms
[2020-09-24T03:37:39.727+0000][23404][gc,start     ] GC(195) Pause Cleanup
[2020-09-24T03:37:39.727+0000][23404][gc           ] GC(195) Pause Cleanup 516M->516M(1024M) 0.392ms
[2020-09-24T03:37:39.728+0000][23404][gc,cpu       ] GC(195) User=0.00s Sys=0.00s Real=0.00s
[2020-09-24T03:37:39.728+0000][23404][safepoint    ] Safepoint "G1Concurrent", Time since last: 98722300 ns, Reaching safepoint: 254900 ns, At safepoint: 639200 ns, Total: 894100 ns
[2020-09-24T03:37:39.728+0000][23404][gc,marking   ] GC(195) Concurrent Cleanup for Next Mark
[2020-09-24T03:37:39.729+0000][23404][gc,marking   ] GC(195) Concurrent Cleanup for Next Mark 1.300ms
[2020-09-24T03:37:39.729+0000][23404][gc           ] GC(195) Concurrent Cycle 251.637ms
[2020-09-24T03:37:39.826+0000][23404][gc,start     ] GC(196) Pause Young (Concurrent Start) (G1 Humongous Allocation)
[2020-09-24T03:37:39.826+0000][23404][gc,task      ] GC(196) Using 8 workers of 8 for evacuation
[2020-09-24T03:37:39.826+0000][23404][gc,age       ] GC(196) Desired survivor size 32505856 bytes, new threshold 15 (max threshold 15)
[2020-09-24T03:37:39.831+0000][23404][gc,age       ] GC(196) Age table with threshold 15 (max threshold 15)
[2020-09-24T03:37:39.831+0000][23404][gc,age       ] GC(196) - age   1:    7726632 bytes,    7726632 total
[2020-09-24T03:37:39.831+0000][23404][gc,age       ] GC(196) - age   2:       4640 bytes,    7731272 total
[2020-09-24T03:37:39.831+0000][23404][gc,age       ] GC(196) - age   3:       7704 bytes,    7738976 total
[2020-09-24T03:37:39.831+0000][23404][gc,age       ] GC(196) - age   4:       8216 bytes,    7747192 total
[2020-09-24T03:37:39.831+0000][23404][gc,age       ] GC(196) - age   5:       4488 bytes,    7751680 total
[2020-09-24T03:37:39.831+0000][23404][gc,age       ] GC(196) - age   6:       4272 bytes,    7755952 total
[2020-09-24T03:37:39.831+0000][23404][gc,age       ] GC(196) - age   7:       1704 bytes,    7757656 total
[2020-09-24T03:37:39.831+0000][23404][gc,age       ] GC(196) - age   8:      10432 bytes,    7768088 total
[2020-09-24T03:37:39.831+0000][23404][gc,age       ] GC(196) - age   9:      14960 bytes,    7783048 total
[2020-09-24T03:37:39.831+0000][23404][gc,age       ] GC(196) - age  10:        216 bytes,    7783264 total
[2020-09-24T03:37:39.831+0000][23404][gc,age       ] GC(196) - age  11:       2200 bytes,    7785464 total
[2020-09-24T03:37:39.831+0000][23404][gc,age       ] GC(196) - age  12:       1872 bytes,    7787336 total
[2020-09-24T03:37:39.831+0000][23404][gc,age       ] GC(196) - age  13:        760 bytes,    7788096 total
[2020-09-24T03:37:39.831+0000][23404][gc,age       ] GC(196) - age  14:       1040 bytes,    7789136 total
[2020-09-24T03:37:39.831+0000][23404][gc,age       ] GC(196) - age  15:      10256 bytes,    7799392 total
[2020-09-24T03:37:39.831+0000][23404][gc,phases    ] GC(196)   Pre Evacuate Collection Set: 0.5ms
[2020-09-24T03:37:39.831+0000][23404][gc,phases    ] GC(196)   Merge Heap Roots: 0.1ms
[2020-09-24T03:37:39.831+0000][23404][gc,phases    ] GC(196)   Evacuate Collection Set: 2.8ms
[2020-09-24T03:37:39.831+0000][23404][gc,phases    ] GC(196)   Post Evacuate Collection Set: 1.0ms
[2020-09-24T03:37:39.832+0000][23404][gc,phases    ] GC(196)   Other: 1.3ms
[2020-09-24T03:37:39.832+0000][23404][gc,heap      ] GC(196) Eden regions: 98->0(482)
[2020-09-24T03:37:39.832+0000][23404][gc,heap      ] GC(196) Survivor regions: 5->9(62)
[2020-09-24T03:37:39.832+0000][23404][gc,heap      ] GC(196) Old regions: 78->78
[2020-09-24T03:37:39.832+0000][23404][gc,heap      ] GC(196) Archive regions: 0->0
[2020-09-24T03:37:39.832+0000][23404][gc,heap      ] GC(196) Humongous regions: 362->174
[2020-09-24T03:37:39.832+0000][23404][gc,metaspace ] GC(196) Metaspace: 87607K(93824K)->87607K(93824K) NonClass: 76440K(80128K)->76440K(80128K) Class: 11166K(13696K)->11166K(13696K)
[2020-09-24T03:37:39.832+0000][23404][gc           ] GC(196) Pause Young (Concurrent Start) (G1 Humongous Allocation) 541M->259M(1024M) 6.122ms
[2020-09-24T03:37:39.832+0000][23404][gc,cpu       ] GC(196) User=0.00s Sys=0.00s Real=0.01s
[2020-09-24T03:37:39.832+0000][23404][gc           ] GC(197) Concurrent Cycle
[2020-09-24T03:37:39.832+0000][23404][gc,marking   ] GC(197) Concurrent Clear Claimed Marks
[2020-09-24T03:37:39.832+0000][23404][safepoint    ] Safepoint "G1TryInitiateConcMark", Time since last: 97690600 ns, Reaching safepoint: 259700 ns, At safepoint: 6670900 ns, Total: 6930600 ns
[2020-09-24T03:37:39.832+0000][23404][gc,marking   ] GC(197) Concurrent Clear Claimed Marks 0.346ms
[2020-09-24T03:37:39.832+0000][23404][gc,marking   ] GC(197) Concurrent Scan Root Regions
[2020-09-24T03:37:39.835+0000][23404][gc,marking   ] GC(197) Concurrent Scan Root Regions 2.878ms
[2020-09-24T03:37:39.836+0000][23404][gc,marking   ] GC(197) Concurrent Mark (132.270s)
[2020-09-24T03:37:39.836+0000][23404][gc,marking   ] GC(197) Concurrent Mark From Roots
[2020-09-24T03:37:39.836+0000][23404][gc,task      ] GC(197) Using 2 workers of 2 for marking
[2020-09-24T03:37:39.993+0000][23404][gc,marking   ] GC(197) Concurrent Mark From Roots 157.794ms
[2020-09-24T03:37:39.994+0000][23404][gc,marking   ] GC(197) Concurrent Preclean
[2020-09-24T03:37:39.994+0000][23404][gc,marking   ] GC(197) Concurrent Preclean 0.525ms
[2020-09-24T03:37:39.994+0000][23404][gc,marking   ] GC(197) Concurrent Mark (132.270s, 132.428s) 158.547ms
[2020-09-24T03:37:39.994+0000][23404][gc,start     ] GC(197) Pause Remark
[2020-09-24T03:37:40.001+0000][23404][gc           ] GC(197) Pause Remark 448M->448M(1024M) 6.578ms
[2020-09-24T03:37:40.001+0000][23404][gc,cpu       ] GC(197) User=0.00s Sys=0.00s Real=0.01s
[2020-09-24T03:37:40.002+0000][23404][safepoint    ] Safepoint "G1Concurrent", Time since last: 161871600 ns, Reaching safepoint: 209800 ns, At safepoint: 7312100 ns, Total: 7521900 ns
[2020-09-24T03:37:40.002+0000][23404][gc,marking   ] GC(197) Concurrent Rebuild Remembered Sets
[2020-09-24T03:37:40.096+0000][23404][gc,marking   ] GC(197) Concurrent Rebuild Remembered Sets 94.299ms
[2020-09-24T03:37:40.096+0000][23404][gc,start     ] GC(197) Pause Cleanup
[2020-09-24T03:37:40.097+0000][23404][gc           ] GC(197) Pause Cleanup 665M->665M(1024M) 0.363ms
[2020-09-24T03:37:40.097+0000][23404][gc,cpu       ] GC(197) User=0.00s Sys=0.00s Real=0.00s
[2020-09-24T03:37:40.097+0000][23404][safepoint    ] Safepoint "G1Concurrent", Time since last: 94561100 ns, Reaching safepoint: 160900 ns, At safepoint: 562200 ns, Total: 723100 ns
[2020-09-24T03:37:40.097+0000][23404][gc,marking   ] GC(197) Concurrent Cleanup for Next Mark
[2020-09-24T03:37:40.099+0000][23404][gc,marking   ] GC(197) Concurrent Cleanup for Next Mark 1.977ms
[2020-09-24T03:37:40.099+0000][23404][gc           ] GC(197) Concurrent Cycle 267.194ms
[2020-09-24T03:37:40.144+0000][23404][gc,start     ] GC(198) Pause Young (Concurrent Start) (G1 Humongous Allocation)
[2020-09-24T03:37:40.144+0000][23404][gc,task      ] GC(198) Using 8 workers of 8 for evacuation
[2020-09-24T03:37:40.144+0000][23404][gc,age       ] GC(198) Desired survivor size 32505856 bytes, new threshold 15 (max threshold 15)
[2020-09-24T03:37:40.149+0000][23404][gc,age       ] GC(198) Age table with threshold 15 (max threshold 15)
[2020-09-24T03:37:40.149+0000][23404][gc,age       ] GC(198) - age   1:    8372832 bytes,    8372832 total
[2020-09-24T03:37:40.149+0000][23404][gc,age       ] GC(198) - age   2:      10808 bytes,    8383640 total
[2020-09-24T03:37:40.149+0000][23404][gc,age       ] GC(198) - age   3:       3856 bytes,    8387496 total
[2020-09-24T03:37:40.149+0000][23404][gc,age       ] GC(198) - age   4:       6344 bytes,    8393840 total
[2020-09-24T03:37:40.149+0000][23404][gc,age       ] GC(198) - age   5:       8024 bytes,    8401864 total
[2020-09-24T03:37:40.149+0000][23404][gc,age       ] GC(198) - age   6:       4488 bytes,    8406352 total
[2020-09-24T03:37:40.149+0000][23404][gc,age       ] GC(198) - age   7:       1672 bytes,    8408024 total
[2020-09-24T03:37:40.149+0000][23404][gc,age       ] GC(198) - age   8:       1672 bytes,    8409696 total
[2020-09-24T03:37:40.150+0000][23404][gc,age       ] GC(198) - age   9:      10432 bytes,    8420128 total
[2020-09-24T03:37:40.150+0000][23404][gc,age       ] GC(198) - age  10:      14840 bytes,    8434968 total
[2020-09-24T03:37:40.150+0000][23404][gc,age       ] GC(198) - age  11:        128 bytes,    8435096 total
[2020-09-24T03:37:40.150+0000][23404][gc,age       ] GC(198) - age  12:       2200 bytes,    8437296 total
[2020-09-24T03:37:40.150+0000][23404][gc,age       ] GC(198) - age  13:       1840 bytes,    8439136 total
[2020-09-24T03:37:40.150+0000][23404][gc,age       ] GC(198) - age  14:        728 bytes,    8439864 total
[2020-09-24T03:37:40.150+0000][23404][gc,age       ] GC(198) - age  15:       1040 bytes,    8440904 total
[2020-09-24T03:37:40.150+0000][23404][gc,phases    ] GC(198)   Pre Evacuate Collection Set: 0.7ms
[2020-09-24T03:37:40.150+0000][23404][gc,phases    ] GC(198)   Merge Heap Roots: 0.2ms
[2020-09-24T03:37:40.150+0000][23404][gc,phases    ] GC(198)   Evacuate Collection Set: 2.7ms
[2020-09-24T03:37:40.150+0000][23404][gc,phases    ] GC(198)   Post Evacuate Collection Set: 1.3ms
[2020-09-24T03:37:40.150+0000][23404][gc,phases    ] GC(198)   Other: 1.4ms
[2020-09-24T03:37:40.150+0000][23404][gc,heap      ] GC(198) Eden regions: 119->0(483)
[2020-09-24T03:37:40.150+0000][23404][gc,heap      ] GC(198) Survivor regions: 9->9(62)
[2020-09-24T03:37:40.150+0000][23404][gc,heap      ] GC(198) Old regions: 78->78
[2020-09-24T03:37:40.150+0000][23404][gc,heap      ] GC(198) Archive regions: 0->0
[2020-09-24T03:37:40.150+0000][23404][gc,heap      ] GC(198) Humongous regions: 480->174
[2020-09-24T03:37:40.150+0000][23404][gc,metaspace ] GC(198) Metaspace: 87613K(93824K)->87613K(93824K) NonClass: 76445K(80128K)->76445K(80128K) Class: 11168K(13696K)->11168K(13696K)
[2020-09-24T03:37:40.150+0000][23404][gc           ] GC(198) Pause Young (Concurrent Start) (G1 Humongous Allocation) 684M->259M(1024M) 6.585ms
[2020-09-24T03:37:40.150+0000][23404][gc,cpu       ] GC(198) User=0.03s Sys=0.00s Real=0.01s
[2020-09-24T03:37:40.150+0000][23404][gc           ] GC(199) Concurrent Cycle
[2020-09-24T03:37:40.150+0000][23404][safepoint    ] Safepoint "G1TryInitiateConcMark", Time since last: 46358900 ns, Reaching safepoint: 187500 ns, At safepoint: 6914300 ns, Total: 7101800 ns
[2020-09-24T03:37:40.150+0000][23404][gc,marking   ] GC(199) Concurrent Clear Claimed Marks
[2020-09-24T03:37:40.151+0000][23404][gc,marking   ] GC(199) Concurrent Clear Claimed Marks 0.653ms
[2020-09-24T03:37:40.151+0000][23404][gc,marking   ] GC(199) Concurrent Scan Root Regions
[2020-09-24T03:37:40.153+0000][23404][safepoint    ] Safepoint "G1TryInitiateConcMark", Time since last: 1441700 ns, Reaching safepoint: 204100 ns, At safepoint: 479200 ns, Total: 683300 ns
[2020-09-24T03:37:40.155+0000][23404][gc,marking   ] GC(199) Concurrent Scan Root Regions 3.858ms
[2020-09-24T03:37:40.155+0000][23404][gc,marking   ] GC(199) Concurrent Mark (132.590s)
[2020-09-24T03:37:40.155+0000][23404][gc,marking   ] GC(199) Concurrent Mark From Roots
[2020-09-24T03:37:40.155+0000][23404][gc,task      ] GC(199) Using 2 workers of 2 for marking
[2020-09-24T03:37:40.316+0000][23404][gc,marking   ] GC(199) Concurrent Mark From Roots 160.015ms
[2020-09-24T03:37:40.316+0000][23404][gc,marking   ] GC(199) Concurrent Preclean
[2020-09-24T03:37:40.317+0000][23404][gc,marking   ] GC(199) Concurrent Preclean 0.818ms
[2020-09-24T03:37:40.317+0000][23404][gc,marking   ] GC(199) Concurrent Mark (132.590s, 132.751s) 161.131ms
[2020-09-24T03:37:40.317+0000][23404][gc,start     ] GC(199) Pause Remark
[2020-09-24T03:37:40.324+0000][23404][gc           ] GC(199) Pause Remark 497M->497M(1024M) 7.109ms
[2020-09-24T03:37:40.325+0000][23404][gc,cpu       ] GC(199) User=0.11s Sys=0.00s Real=0.01s
[2020-09-24T03:37:40.326+0000][23404][safepoint    ] Safepoint "G1Concurrent", Time since last: 164035400 ns, Reaching safepoint: 257700 ns, At safepoint: 8562200 ns, Total: 8819900 ns
[2020-09-24T03:37:40.326+0000][23404][gc,marking   ] GC(199) Concurrent Rebuild Remembered Sets
[2020-09-24T03:37:40.423+0000][23404][gc,marking   ] GC(199) Concurrent Rebuild Remembered Sets 97.297ms
[2020-09-24T03:37:40.424+0000][23404][gc,start     ] GC(199) Pause Cleanup
[2020-09-24T03:37:40.424+0000][23404][gc           ] GC(199) Pause Cleanup 794M->794M(1024M) 0.416ms
[2020-09-24T03:37:40.424+0000][23404][gc,cpu       ] GC(199) User=0.00s Sys=0.00s Real=0.00s
[2020-09-24T03:37:40.424+0000][23404][safepoint    ] Safepoint "G1Concurrent", Time since last: 97609300 ns, Reaching safepoint: 214600 ns, At safepoint: 615300 ns, Total: 829900 ns
[2020-09-24T03:37:40.424+0000][23404][gc,marking   ] GC(199) Concurrent Cleanup for Next Mark
[2020-09-24T03:37:40.427+0000][23404][gc,marking   ] GC(199) Concurrent Cleanup for Next Mark 2.603ms
[2020-09-24T03:37:40.427+0000][23404][gc           ] GC(199) Concurrent Cycle 276.253ms
[2020-09-24T03:37:40.492+0000][23404][gc,start     ] GC(200) Pause Young (Concurrent Start) (G1 Humongous Allocation)
[2020-09-24T03:37:40.492+0000][23404][gc,task      ] GC(200) Using 8 workers of 8 for evacuation
[2020-09-24T03:37:40.492+0000][23404][gc,age       ] GC(200) Desired survivor size 32505856 bytes, new threshold 15 (max threshold 15)
[2020-09-24T03:37:40.498+0000][23404][gc,age       ] GC(200) Age table with threshold 15 (max threshold 15)
[2020-09-24T03:37:40.498+0000][23404][gc,age       ] GC(200) - age   1:   11403576 bytes,   11403576 total
[2020-09-24T03:37:40.498+0000][23404][gc,age       ] GC(200) - age   2:      57088 bytes,   11460664 total
[2020-09-24T03:37:40.498+0000][23404][gc,age       ] GC(200) - age   3:       3296 bytes,   11463960 total
[2020-09-24T03:37:40.498+0000][23404][gc,age       ] GC(200) - age   4:       3088 bytes,   11467048 total
[2020-09-24T03:37:40.498+0000][23404][gc,age       ] GC(200) - age   5:       5632 bytes,   11472680 total
[2020-09-24T03:37:40.498+0000][23404][gc,age       ] GC(200) - age   6:       7768 bytes,   11480448 total
[2020-09-24T03:37:40.498+0000][23404][gc,age       ] GC(200) - age   7:       4456 bytes,   11484904 total
[2020-09-24T03:37:40.498+0000][23404][gc,age       ] GC(200) - age   8:       1584 bytes,   11486488 total
[2020-09-24T03:37:40.498+0000][23404][gc,age       ] GC(200) - age   9:       1672 bytes,   11488160 total
[2020-09-24T03:37:40.498+0000][23404][gc,age       ] GC(200) - age  10:      10368 bytes,   11498528 total
[2020-09-24T03:37:40.498+0000][23404][gc,age       ] GC(200) - age  11:      14744 bytes,   11513272 total
[2020-09-24T03:37:40.498+0000][23404][gc,age       ] GC(200) - age  12:        128 bytes,   11513400 total
[2020-09-24T03:37:40.498+0000][23404][gc,age       ] GC(200) - age  13:       2200 bytes,   11515600 total
[2020-09-24T03:37:40.498+0000][23404][gc,age       ] GC(200) - age  14:       1840 bytes,   11517440 total
[2020-09-24T03:37:40.498+0000][23404][gc,age       ] GC(200) - age  15:        728 bytes,   11518168 total
[2020-09-24T03:37:40.499+0000][23404][gc,phases    ] GC(200)   Pre Evacuate Collection Set: 0.6ms
[2020-09-24T03:37:40.499+0000][23404][gc,phases    ] GC(200)   Merge Heap Roots: 0.1ms
[2020-09-24T03:37:40.499+0000][23404][gc,phases    ] GC(200)   Evacuate Collection Set: 3.4ms
[2020-09-24T03:37:40.499+0000][23404][gc,phases    ] GC(200)   Post Evacuate Collection Set: 1.4ms
[2020-09-24T03:37:40.499+0000][23404][gc,phases    ] GC(200)   Other: 1.3ms
[2020-09-24T03:37:40.499+0000][23404][gc,heap      ] GC(200) Eden regions: 162->0(478)
[2020-09-24T03:37:40.499+0000][23404][gc,heap      ] GC(200) Survivor regions: 9->12(62)
[2020-09-24T03:37:40.499+0000][23404][gc,heap      ] GC(200) Old regions: 78->78
[2020-09-24T03:37:40.499+0000][23404][gc,heap      ] GC(200) Archive regions: 0->0
[2020-09-24T03:37:40.499+0000][23404][gc,heap      ] GC(200) Humongous regions: 574->174
[2020-09-24T03:37:40.499+0000][23404][gc,metaspace ] GC(200) Metaspace: 87630K(93824K)->87630K(93824K) NonClass: 76462K(80128K)->76462K(80128K) Class: 11168K(13696K)->11168K(13696K)
[2020-09-24T03:37:40.499+0000][23404][gc           ] GC(200) Pause Young (Concurrent Start) (G1 Humongous Allocation) 821M->262M(1024M) 7.215ms
[2020-09-24T03:37:40.499+0000][23404][gc,cpu       ] GC(200) User=0.11s Sys=0.00s Real=0.01s
[2020-09-24T03:37:40.499+0000][23404][gc           ] GC(201) Concurrent Cycle
[2020-09-24T03:37:40.499+0000][23404][safepoint    ] Safepoint "G1TryInitiateConcMark", Time since last: 67315100 ns, Reaching safepoint: 180000 ns, At safepoint: 7485400 ns, Total: 7665400 ns
[2020-09-24T03:37:40.499+0000][23404][gc,marking   ] GC(201) Concurrent Clear Claimed Marks
[2020-09-24T03:37:40.500+0000][23404][gc,marking   ] GC(201) Concurrent Clear Claimed Marks 0.666ms
[2020-09-24T03:37:40.500+0000][23404][gc,marking   ] GC(201) Concurrent Scan Root Regions
[2020-09-24T03:37:40.503+0000][23404][gc,marking   ] GC(201) Concurrent Scan Root Regions 2.954ms
[2020-09-24T03:37:40.503+0000][23404][gc,marking   ] GC(201) Concurrent Mark (132.937s)
[2020-09-24T03:37:40.503+0000][23404][gc,marking   ] GC(201) Concurrent Mark From Roots
[2020-09-24T03:37:40.503+0000][23404][gc,task      ] GC(201) Using 2 workers of 2 for marking
[2020-09-24T03:37:40.666+0000][23404][gc,marking   ] GC(201) Concurrent Mark From Roots 162.261ms
[2020-09-24T03:37:40.666+0000][23404][gc,marking   ] GC(201) Concurrent Preclean
[2020-09-24T03:37:40.666+0000][23404][gc,marking   ] GC(201) Concurrent Preclean 0.529ms
[2020-09-24T03:37:40.666+0000][23404][gc,marking   ] GC(201) Concurrent Mark (132.937s, 133.100s) 162.998ms
[2020-09-24T03:37:40.667+0000][23404][gc,start     ] GC(201) Pause Remark
[2020-09-24T03:37:40.672+0000][23404][gc           ] GC(201) Pause Remark 599M->599M(1024M) 5.722ms
[2020-09-24T03:37:40.672+0000][23404][gc,cpu       ] GC(201) User=0.00s Sys=0.00s Real=0.00s
[2020-09-24T03:37:40.672+0000][23404][safepoint    ] Safepoint "G1Concurrent", Time since last: 167059200 ns, Reaching safepoint: 203000 ns, At safepoint: 5957800 ns, Total: 6160800 ns
[2020-09-24T03:37:40.673+0000][23404][gc,marking   ] GC(201) Concurrent Rebuild Remembered Sets
[2020-09-24T03:37:40.770+0000][23404][gc,marking   ] GC(201) Concurrent Rebuild Remembered Sets 97.027ms
[2020-09-24T03:37:40.770+0000][23404][gc,start     ] GC(201) Pause Cleanup
[2020-09-24T03:37:40.770+0000][23404][gc           ] GC(201) Pause Cleanup 868M->868M(1024M) 0.408ms
[2020-09-24T03:37:40.770+0000][23404][gc,cpu       ] GC(201) User=0.00s Sys=0.00s Real=0.00s
[2020-09-24T03:37:40.771+0000][23404][safepoint    ] Safepoint "G1Concurrent", Time since last: 97317600 ns, Reaching safepoint: 192400 ns, At safepoint: 729100 ns, Total: 921500 ns
[2020-09-24T03:37:40.771+0000][23404][gc,marking   ] GC(201) Concurrent Cleanup for Next Mark
[2020-09-24T03:37:40.773+0000][23404][gc,marking   ] GC(201) Concurrent Cleanup for Next Mark 2.032ms
[2020-09-24T03:37:40.773+0000][23404][gc           ] GC(201) Concurrent Cycle 273.755ms
[2020-09-24T03:37:40.778+0000][23404][gc,start     ] GC(202) Pause Young (Concurrent Start) (G1 Humongous Allocation)
[2020-09-24T03:37:40.778+0000][23404][gc,task      ] GC(202) Using 8 workers of 8 for evacuation
[2020-09-24T03:37:40.778+0000][23404][gc,age       ] GC(202) Desired survivor size 32505856 bytes, new threshold 15 (max threshold 15)
[2020-09-24T03:37:40.783+0000][23404][gc,age       ] GC(202) Age table with threshold 15 (max threshold 15)
[2020-09-24T03:37:40.783+0000][23404][gc,age       ] GC(202) - age   1:    2843168 bytes,    2843168 total
[2020-09-24T03:37:40.783+0000][23404][gc,age       ] GC(202) - age   2:       6648 bytes,    2849816 total
[2020-09-24T03:37:40.783+0000][23404][gc,age       ] GC(202) - age   3:      56952 bytes,    2906768 total
[2020-09-24T03:37:40.783+0000][23404][gc,age       ] GC(202) - age   4:       2184 bytes,    2908952 total
[2020-09-24T03:37:40.783+0000][23404][gc,age       ] GC(202) - age   5:       3088 bytes,    2912040 total
[2020-09-24T03:37:40.783+0000][23404][gc,age       ] GC(202) - age   6:       5536 bytes,    2917576 total
[2020-09-24T03:37:40.783+0000][23404][gc,age       ] GC(202) - age   7:       7768 bytes,    2925344 total
[2020-09-24T03:37:40.783+0000][23404][gc,age       ] GC(202) - age   8:       4392 bytes,    2929736 total
[2020-09-24T03:37:40.783+0000][23404][gc,age       ] GC(202) - age   9:       1584 bytes,    2931320 total
[2020-09-24T03:37:40.783+0000][23404][gc,age       ] GC(202) - age  10:       1672 bytes,    2932992 total
[2020-09-24T03:37:40.783+0000][23404][gc,age       ] GC(202) - age  11:      10368 bytes,    2943360 total
[2020-09-24T03:37:40.783+0000][23404][gc,age       ] GC(202) - age  12:      14744 bytes,    2958104 total
[2020-09-24T03:37:40.783+0000][23404][gc,age       ] GC(202) - age  13:        128 bytes,    2958232 total
[2020-09-24T03:37:40.783+0000][23404][gc,age       ] GC(202) - age  14:       2200 bytes,    2960432 total
[2020-09-24T03:37:40.784+0000][23404][gc,age       ] GC(202) - age  15:       1840 bytes,    2962272 total
[2020-09-24T03:37:40.784+0000][23404][gc,phases    ] GC(202)   Pre Evacuate Collection Set: 0.5ms
[2020-09-24T03:37:40.784+0000][23404][gc,phases    ] GC(202)   Merge Heap Roots: 0.1ms
[2020-09-24T03:37:40.784+0000][23404][gc,phases    ] GC(202)   Evacuate Collection Set: 2.3ms
[2020-09-24T03:37:40.784+0000][23404][gc,phases    ] GC(202)   Post Evacuate Collection Set: 1.3ms
[2020-09-24T03:37:40.784+0000][23404][gc,phases    ] GC(202)   Other: 1.3ms
[2020-09-24T03:37:40.784+0000][23404][gc,heap      ] GC(202) Eden regions: 148->0(489)
[2020-09-24T03:37:40.784+0000][23404][gc,heap      ] GC(202) Survivor regions: 12->4(62)
[2020-09-24T03:37:40.784+0000][23404][gc,heap      ] GC(202) Old regions: 78->78
[2020-09-24T03:37:40.784+0000][23404][gc,heap      ] GC(202) Archive regions: 0->0
[2020-09-24T03:37:40.784+0000][23404][gc,heap      ] GC(202) Humongous regions: 636->174
[2020-09-24T03:37:40.784+0000][23404][gc,metaspace ] GC(202) Metaspace: 87631K(93824K)->87631K(93824K) NonClass: 76463K(80128K)->76463K(80128K) Class: 11168K(13696K)->11168K(13696K)
[2020-09-24T03:37:40.784+0000][23404][gc           ] GC(202) Pause Young (Concurrent Start) (G1 Humongous Allocation) 872M->254M(1024M) 6.121ms
[2020-09-24T03:37:40.784+0000][23404][gc,cpu       ] GC(202) User=0.00s Sys=0.00s Real=0.01s
[2020-09-24T03:37:40.784+0000][23404][gc           ] GC(203) Concurrent Cycle
[2020-09-24T03:37:40.785+0000][23404][gc,marking   ] GC(203) Concurrent Clear Claimed Marks
[2020-09-24T03:37:40.785+0000][23404][gc,marking   ] GC(203) Concurrent Clear Claimed Marks 0.325ms
[2020-09-24T03:37:40.785+0000][23404][safepoint    ] Safepoint "G1TryInitiateConcMark", Time since last: 7131600 ns, Reaching safepoint: 261800 ns, At safepoint: 6759500 ns, Total: 7021300 ns
[2020-09-24T03:37:40.785+0000][23404][gc,marking   ] GC(203) Concurrent Scan Root Regions
[2020-09-24T03:37:40.788+0000][23404][gc,marking   ] GC(203) Concurrent Scan Root Regions 2.985ms
[2020-09-24T03:37:40.788+0000][23404][gc,marking   ] GC(203) Concurrent Mark (133.222s)
[2020-09-24T03:37:40.788+0000][23404][gc,marking   ] GC(203) Concurrent Mark From Roots
[2020-09-24T03:37:40.788+0000][23404][gc,task      ] GC(203) Using 2 workers of 2 for marking
[2020-09-24T03:37:40.950+0000][23404][gc,marking   ] GC(203) Concurrent Mark From Roots 162.372ms
[2020-09-24T03:37:40.951+0000][23404][gc,marking   ] GC(203) Concurrent Preclean
[2020-09-24T03:37:40.951+0000][23404][gc,marking   ] GC(203) Concurrent Preclean 0.490ms
[2020-09-24T03:37:40.951+0000][23404][gc,marking   ] GC(203) Concurrent Mark (133.222s, 133.385s) 163.072ms
[2020-09-24T03:37:40.951+0000][23404][gc,start     ] GC(203) Pause Remark
[2020-09-24T03:37:40.958+0000][23404][gc           ] GC(203) Pause Remark 410M->410M(1024M) 6.138ms
[2020-09-24T03:37:40.958+0000][23404][gc,cpu       ] GC(203) User=0.00s Sys=0.00s Real=0.01s
[2020-09-24T03:37:40.958+0000][23404][safepoint    ] Safepoint "G1Concurrent", Time since last: 166318500 ns, Reaching safepoint: 176500 ns, At safepoint: 6406400 ns, Total: 6582900 ns
[2020-09-24T03:37:40.958+0000][23404][gc,marking   ] GC(203) Concurrent Rebuild Remembered Sets
[2020-09-24T03:37:41.049+0000][23404][gc,marking   ] GC(203) Concurrent Rebuild Remembered Sets 91.460ms
[2020-09-24T03:37:41.050+0000][23404][gc,start     ] GC(203) Pause Cleanup
[2020-09-24T03:37:41.050+0000][23404][gc           ] GC(203) Pause Cleanup 532M->532M(1024M) 0.361ms
[2020-09-24T03:37:41.050+0000][23404][gc,cpu       ] GC(203) User=0.00s Sys=0.00s Real=0.00s
[2020-09-24T03:37:41.050+0000][23404][safepoint    ] Safepoint "G1Concurrent", Time since last: 91737000 ns, Reaching safepoint: 215300 ns, At safepoint: 611900 ns, Total: 827200 ns
[2020-09-24T03:37:41.050+0000][23404][gc,marking   ] GC(203) Concurrent Cleanup for Next Mark
[2020-09-24T03:37:41.052+0000][23404][gc,marking   ] GC(203) Concurrent Cleanup for Next Mark 1.842ms
[2020-09-24T03:37:41.052+0000][23404][gc           ] GC(203) Concurrent Cycle 267.974ms
[2020-09-24T03:37:41.120+0000][23404][gc,start     ] GC(204) Pause Young (Concurrent Start) (G1 Humongous Allocation)
[2020-09-24T03:37:41.120+0000][23404][gc,task      ] GC(204) Using 8 workers of 8 for evacuation
[2020-09-24T03:37:41.120+0000][23404][gc,age       ] GC(204) Desired survivor size 32505856 bytes, new threshold 15 (max threshold 15)
[2020-09-24T03:37:41.125+0000][23404][gc,age       ] GC(204) Age table with threshold 15 (max threshold 15)
[2020-09-24T03:37:41.125+0000][23404][gc,age       ] GC(204) - age   1:   13828552 bytes,   13828552 total
[2020-09-24T03:37:41.125+0000][23404][gc,age       ] GC(204) - age   2:       6384 bytes,   13834936 total
[2020-09-24T03:37:41.125+0000][23404][gc,age       ] GC(204) - age   3:       5800 bytes,   13840736 total
[2020-09-24T03:37:41.125+0000][23404][gc,age       ] GC(204) - age   4:      55104 bytes,   13895840 total
[2020-09-24T03:37:41.125+0000][23404][gc,age       ] GC(204) - age   5:       2120 bytes,   13897960 total
[2020-09-24T03:37:41.125+0000][23404][gc,age       ] GC(204) - age   6:       2864 bytes,   13900824 total
[2020-09-24T03:37:41.125+0000][23404][gc,age       ] GC(204) - age   7:       5536 bytes,   13906360 total
[2020-09-24T03:37:41.125+0000][23404][gc,age       ] GC(204) - age   8:       7768 bytes,   13914128 total
[2020-09-24T03:37:41.125+0000][23404][gc,age       ] GC(204) - age   9:       4392 bytes,   13918520 total
[2020-09-24T03:37:41.125+0000][23404][gc,age       ] GC(204) - age  10:       1552 bytes,   13920072 total
[2020-09-24T03:37:41.126+0000][23404][gc,age       ] GC(204) - age  11:       1672 bytes,   13921744 total
[2020-09-24T03:37:41.126+0000][23404][gc,age       ] GC(204) - age  12:      10304 bytes,   13932048 total
[2020-09-24T03:37:41.126+0000][23404][gc,age       ] GC(204) - age  13:      14680 bytes,   13946728 total
[2020-09-24T03:37:41.126+0000][23404][gc,age       ] GC(204) - age  14:        128 bytes,   13946856 total
[2020-09-24T03:37:41.126+0000][23404][gc,age       ] GC(204) - age  15:       2168 bytes,   13949024 total
[2020-09-24T03:37:41.126+0000][23404][gc,phases    ] GC(204)   Pre Evacuate Collection Set: 0.4ms
[2020-09-24T03:37:41.126+0000][23404][gc,phases    ] GC(204)   Merge Heap Roots: 0.1ms
[2020-09-24T03:37:41.126+0000][23404][gc,phases    ] GC(204)   Evacuate Collection Set: 3.5ms
[2020-09-24T03:37:41.126+0000][23404][gc,phases    ] GC(204)   Post Evacuate Collection Set: 0.9ms
[2020-09-24T03:37:41.126+0000][23404][gc,phases    ] GC(204)   Other: 0.9ms
[2020-09-24T03:37:41.126+0000][23404][gc,heap      ] GC(204) Eden regions: 116->0(473)
[2020-09-24T03:37:41.126+0000][23404][gc,heap      ] GC(204) Survivor regions: 4->15(62)
[2020-09-24T03:37:41.126+0000][23404][gc,heap      ] GC(204) Old regions: 78->78
[2020-09-24T03:37:41.126+0000][23404][gc,heap      ] GC(204) Archive regions: 0->0
[2020-09-24T03:37:41.126+0000][23404][gc,heap      ] GC(204) Humongous regions: 368->174
[2020-09-24T03:37:41.126+0000][23404][gc,metaspace ] GC(204) Metaspace: 87631K(93824K)->87631K(93824K) NonClass: 76463K(80128K)->76463K(80128K) Class: 11168K(13696K)->11168K(13696K)
[2020-09-24T03:37:41.126+0000][23404][gc           ] GC(204) Pause Young (Concurrent Start) (G1 Humongous Allocation) 564M->265M(1024M) 6.510ms
[2020-09-24T03:37:41.127+0000][23404][gc,cpu       ] GC(204) User=0.00s Sys=0.00s Real=0.01s
[2020-09-24T03:37:41.127+0000][23404][gc           ] GC(205) Concurrent Cycle
[2020-09-24T03:37:41.127+0000][23404][safepoint    ] Safepoint "G1TryInitiateConcMark", Time since last: 69413100 ns, Reaching safepoint: 169200 ns, At safepoint: 6802400 ns, Total: 6971600 ns
[2020-09-24T03:37:41.127+0000][23404][gc,marking   ] GC(205) Concurrent Clear Claimed Marks
[2020-09-24T03:37:41.128+0000][23404][gc,marking   ] GC(205) Concurrent Clear Claimed Marks 1.063ms
[2020-09-24T03:37:41.128+0000][23404][gc,marking   ] GC(205) Concurrent Scan Root Regions
[2020-09-24T03:37:41.132+0000][23404][gc,marking   ] GC(205) Concurrent Scan Root Regions 3.818ms
[2020-09-24T03:37:41.132+0000][23404][gc,marking   ] GC(205) Concurrent Mark (133.566s)
[2020-09-24T03:37:41.132+0000][23404][gc,marking   ] GC(205) Concurrent Mark From Roots
[2020-09-24T03:37:41.132+0000][23404][gc,task      ] GC(205) Using 2 workers of 2 for marking
[2020-09-24T03:37:41.298+0000][23404][gc,marking   ] GC(205) Concurrent Mark From Roots 165.729ms
[2020-09-24T03:37:41.298+0000][23404][gc,marking   ] GC(205) Concurrent Preclean
[2020-09-24T03:37:41.298+0000][23404][gc,marking   ] GC(205) Concurrent Preclean 0.377ms
[2020-09-24T03:37:41.298+0000][23404][gc,marking   ] GC(205) Concurrent Mark (133.566s, 133.732s) 166.325ms
[2020-09-24T03:37:41.299+0000][23404][gc,start     ] GC(205) Pause Remark
[2020-09-24T03:37:41.304+0000][23404][gc           ] GC(205) Pause Remark 665M->665M(1024M) 5.840ms
[2020-09-24T03:37:41.304+0000][23404][gc,cpu       ] GC(205) User=0.00s Sys=0.00s Real=0.00s
[2020-09-24T03:37:41.305+0000][23404][safepoint    ] Safepoint "G1Concurrent", Time since last: 171648200 ns, Reaching safepoint: 148600 ns, At safepoint: 6068500 ns, Total: 6217100 ns
[2020-09-24T03:37:41.305+0000][23404][gc,marking   ] GC(205) Concurrent Rebuild Remembered Sets
[2020-09-24T03:37:41.388+0000][23404][gc,marking   ] GC(205) Concurrent Rebuild Remembered Sets 82.950ms
[2020-09-24T03:37:41.388+0000][23404][gc,start     ] GC(205) Pause Cleanup
[2020-09-24T03:37:41.388+0000][23404][gc           ] GC(205) Pause Cleanup 802M->802M(1024M) 0.370ms
[2020-09-24T03:37:41.388+0000][23404][gc,cpu       ] GC(205) User=0.00s Sys=0.00s Real=0.00s
[2020-09-24T03:37:41.389+0000][23404][safepoint    ] Safepoint "G1Concurrent", Time since last: 83187900 ns, Reaching safepoint: 178300 ns, At safepoint: 596700 ns, Total: 775000 ns
[2020-09-24T03:37:41.389+0000][23404][gc,marking   ] GC(205) Concurrent Cleanup for Next Mark
[2020-09-24T03:37:41.390+0000][23404][gc,marking   ] GC(205) Concurrent Cleanup for Next Mark 1.787ms
[2020-09-24T03:37:41.391+0000][23404][gc           ] GC(205) Concurrent Cycle 263.845ms
[2020-09-24T03:37:41.426+0000][23404][gc,start     ] GC(206) Pause Young (Concurrent Start) (G1 Humongous Allocation)
[2020-09-24T03:37:41.426+0000][23404][gc,task      ] GC(206) Using 8 workers of 8 for evacuation
[2020-09-24T03:37:41.426+0000][23404][gc,age       ] GC(206) Desired survivor size 31981568 bytes, new threshold 15 (max threshold 15)
[2020-09-24T03:37:41.431+0000][23404][gc,age       ] GC(206) Age table with threshold 15 (max threshold 15)
[2020-09-24T03:37:41.431+0000][23404][gc,age       ] GC(206) - age   1:    3927128 bytes,    3927128 total
[2020-09-24T03:37:41.431+0000][23404][gc,age       ] GC(206) - age   2:       6744 bytes,    3933872 total
[2020-09-24T03:37:41.431+0000][23404][gc,age       ] GC(206) - age   3:       6096 bytes,    3939968 total
[2020-09-24T03:37:41.431+0000][23404][gc,age       ] GC(206) - age   4:       5184 bytes,    3945152 total
[2020-09-24T03:37:41.431+0000][23404][gc,age       ] GC(206) - age   5:      54944 bytes,    4000096 total
[2020-09-24T03:37:41.431+0000][23404][gc,age       ] GC(206) - age   6:       1768 bytes,    4001864 total
[2020-09-24T03:37:41.431+0000][23404][gc,age       ] GC(206) - age   7:       2704 bytes,    4004568 total
[2020-09-24T03:37:41.431+0000][23404][gc,age       ] GC(206) - age   8:       5536 bytes,    4010104 total
[2020-09-24T03:37:41.431+0000][23404][gc,age       ] GC(206) - age   9:       7640 bytes,    4017744 total
[2020-09-24T03:37:41.431+0000][23404][gc,age       ] GC(206) - age  10:       4392 bytes,    4022136 total
[2020-09-24T03:37:41.431+0000][23404][gc,age       ] GC(206) - age  11:       1552 bytes,    4023688 total
[2020-09-24T03:37:41.431+0000][23404][gc,age       ] GC(206) - age  12:       1672 bytes,    4025360 total
[2020-09-24T03:37:41.431+0000][23404][gc,age       ] GC(206) - age  13:      10240 bytes,    4035600 total
[2020-09-24T03:37:41.431+0000][23404][gc,age       ] GC(206) - age  14:      14616 bytes,    4050216 total
[2020-09-24T03:37:41.431+0000][23404][gc,age       ] GC(206) - age  15:        128 bytes,    4050344 total
[2020-09-24T03:37:41.431+0000][23404][gc,phases    ] GC(206)   Pre Evacuate Collection Set: 0.6ms
[2020-09-24T03:37:41.431+0000][23404][gc,phases    ] GC(206)   Merge Heap Roots: 0.1ms
[2020-09-24T03:37:41.431+0000][23404][gc,phases    ] GC(206)   Evacuate Collection Set: 2.5ms
[2020-09-24T03:37:41.431+0000][23404][gc,phases    ] GC(206)   Post Evacuate Collection Set: 0.8ms
[2020-09-24T03:37:41.431+0000][23404][gc,phases    ] GC(206)   Other: 1.0ms
[2020-09-24T03:37:41.431+0000][23404][gc,heap      ] GC(206) Eden regions: 138->0(487)
[2020-09-24T03:37:41.431+0000][23404][gc,heap      ] GC(206) Survivor regions: 15->5(61)
[2020-09-24T03:37:41.431+0000][23404][gc,heap      ] GC(206) Old regions: 78->78
[2020-09-24T03:37:41.431+0000][23404][gc,heap      ] GC(206) Archive regions: 0->0
[2020-09-24T03:37:41.431+0000][23404][gc,heap      ] GC(206) Humongous regions: 586->174
[2020-09-24T03:37:41.431+0000][23404][gc,metaspace ] GC(206) Metaspace: 87638K(93824K)->87638K(93824K) NonClass: 76470K(80128K)->76470K(80128K) Class: 11168K(13696K)->11168K(13696K)
[2020-09-24T03:37:41.431+0000][23404][gc           ] GC(206) Pause Young (Concurrent Start) (G1 Humongous Allocation) 815M->255M(1024M) 5.285ms
[2020-09-24T03:37:41.431+0000][23404][gc,cpu       ] GC(206) User=0.02s Sys=0.00s Real=0.00s
[2020-09-24T03:37:41.431+0000][23404][gc           ] GC(207) Concurrent Cycle
[2020-09-24T03:37:41.431+0000][23404][safepoint    ] Safepoint "G1TryInitiateConcMark", Time since last: 37089700 ns, Reaching safepoint: 201000 ns, At safepoint: 5553300 ns, Total: 5754300 ns
[2020-09-24T03:37:41.431+0000][23404][gc,marking   ] GC(207) Concurrent Clear Claimed Marks
[2020-09-24T03:37:41.432+0000][23404][gc,marking   ] GC(207) Concurrent Clear Claimed Marks 0.624ms
[2020-09-24T03:37:41.432+0000][23404][gc,marking   ] GC(207) Concurrent Scan Root Regions
[2020-09-24T03:37:41.434+0000][23404][gc,marking   ] GC(207) Concurrent Scan Root Regions 2.079ms
[2020-09-24T03:37:41.434+0000][23404][gc,marking   ] GC(207) Concurrent Mark (133.868s)
[2020-09-24T03:37:41.434+0000][23404][gc,marking   ] GC(207) Concurrent Mark From Roots
[2020-09-24T03:37:41.434+0000][23404][gc,task      ] GC(207) Using 2 workers of 2 for marking
[2020-09-24T03:37:41.562+0000][23404][gc,marking   ] GC(207) Concurrent Mark From Roots 127.719ms
[2020-09-24T03:37:41.562+0000][23404][gc,marking   ] GC(207) Concurrent Preclean
[2020-09-24T03:37:41.562+0000][23404][gc,marking   ] GC(207) Concurrent Preclean 0.473ms
[2020-09-24T03:37:41.562+0000][23404][gc,marking   ] GC(207) Concurrent Mark (133.868s, 133.997s) 128.487ms
[2020-09-24T03:37:41.563+0000][23404][gc,start     ] GC(207) Pause Remark
[2020-09-24T03:37:41.570+0000][23404][gc           ] GC(207) Pause Remark 397M->397M(1024M) 7.105ms
[2020-09-24T03:37:41.570+0000][23404][gc,cpu       ] GC(207) User=0.00s Sys=0.00s Real=0.01s
[2020-09-24T03:37:41.571+0000][23404][safepoint    ] Safepoint "G1Concurrent", Time since last: 131503100 ns, Reaching safepoint: 208100 ns, At safepoint: 8575900 ns, Total: 8784000 ns
[2020-09-24T03:37:41.571+0000][23404][gc,marking   ] GC(207) Concurrent Rebuild Remembered Sets
[2020-09-24T03:37:41.660+0000][23404][gc,marking   ] GC(207) Concurrent Rebuild Remembered Sets 88.293ms
[2020-09-24T03:37:41.660+0000][23404][gc,start     ] GC(207) Pause Cleanup
[2020-09-24T03:37:41.660+0000][23404][gc           ] GC(207) Pause Cleanup 463M->463M(1024M) 0.359ms
[2020-09-24T03:37:41.660+0000][23404][gc,cpu       ] GC(207) User=0.00s Sys=0.00s Real=0.00s
[2020-09-24T03:37:41.660+0000][23404][safepoint    ] Safepoint "G1Concurrent", Time since last: 88557400 ns, Reaching safepoint: 147400 ns, At safepoint: 565300 ns, Total: 712700 ns
[2020-09-24T03:37:41.660+0000][23404][gc,marking   ] GC(207) Concurrent Cleanup for Next Mark
[2020-09-24T03:37:41.662+0000][23404][gc,marking   ] GC(207) Concurrent Cleanup for Next Mark 1.929ms
[2020-09-24T03:37:41.662+0000][23404][gc           ] GC(207) Concurrent Cycle 231.678ms
[2020-09-24T03:37:41.684+0000][23404][gc,start     ] GC(208) Pause Young (Concurrent Start) (G1 Humongous Allocation)
[2020-09-24T03:37:41.684+0000][23404][gc,task      ] GC(208) Using 8 workers of 8 for evacuation
[2020-09-24T03:37:41.684+0000][23404][gc,age       ] GC(208) Desired survivor size 32505856 bytes, new threshold 15 (max threshold 15)
[2020-09-24T03:37:41.688+0000][23404][gc,age       ] GC(208) Age table with threshold 15 (max threshold 15)
[2020-09-24T03:37:41.688+0000][23404][gc,age       ] GC(208) - age   1:    3078144 bytes,    3078144 total
[2020-09-24T03:37:41.688+0000][23404][gc,age       ] GC(208) - age   2:       5056 bytes,    3083200 total
[2020-09-24T03:37:41.688+0000][23404][gc,age       ] GC(208) - age   3:       4696 bytes,    3087896 total
[2020-09-24T03:37:41.688+0000][23404][gc,age       ] GC(208) - age   4:       4888 bytes,    3092784 total
[2020-09-24T03:37:41.688+0000][23404][gc,age       ] GC(208) - age   5:       2736 bytes,    3095520 total
[2020-09-24T03:37:41.688+0000][23404][gc,age       ] GC(208) - age   6:      54488 bytes,    3150008 total
[2020-09-24T03:37:41.688+0000][23404][gc,age       ] GC(208) - age   7:       1544 bytes,    3151552 total
[2020-09-24T03:37:41.688+0000][23404][gc,age       ] GC(208) - age   8:       2680 bytes,    3154232 total
[2020-09-24T03:37:41.688+0000][23404][gc,age       ] GC(208) - age   9:       5536 bytes,    3159768 total
[2020-09-24T03:37:41.688+0000][23404][gc,age       ] GC(208) - age  10:       7608 bytes,    3167376 total
[2020-09-24T03:37:41.688+0000][23404][gc,age       ] GC(208) - age  11:       4328 bytes,    3171704 total
[2020-09-24T03:37:41.688+0000][23404][gc,age       ] GC(208) - age  12:       1552 bytes,    3173256 total
[2020-09-24T03:37:41.688+0000][23404][gc,age       ] GC(208) - age  13:       1672 bytes,    3174928 total
[2020-09-24T03:37:41.688+0000][23404][gc,age       ] GC(208) - age  14:      10240 bytes,    3185168 total
[2020-09-24T03:37:41.688+0000][23404][gc,age       ] GC(208) - age  15:      14616 bytes,    3199784 total
[2020-09-24T03:37:41.688+0000][23404][gc,phases    ] GC(208)   Pre Evacuate Collection Set: 0.4ms
[2020-09-24T03:37:41.688+0000][23404][gc,phases    ] GC(208)   Merge Heap Roots: 0.1ms
[2020-09-24T03:37:41.688+0000][23404][gc,phases    ] GC(208)   Evacuate Collection Set: 2.0ms
[2020-09-24T03:37:41.688+0000][23404][gc,phases    ] GC(208)   Post Evacuate Collection Set: 0.7ms
[2020-09-24T03:37:41.688+0000][23404][gc,phases    ] GC(208)   Other: 0.8ms
[2020-09-24T03:37:41.688+0000][23404][gc,heap      ] GC(208) Eden regions: 68->0(491)
[2020-09-24T03:37:41.688+0000][23404][gc,heap      ] GC(208) Survivor regions: 5->4(62)
[2020-09-24T03:37:41.688+0000][23404][gc,heap      ] GC(208) Old regions: 78->78
[2020-09-24T03:37:41.688+0000][23404][gc,heap      ] GC(208) Archive regions: 0->0
[2020-09-24T03:37:41.688+0000][23404][gc,heap      ] GC(208) Humongous regions: 322->174
[2020-09-24T03:37:41.688+0000][23404][gc,metaspace ] GC(208) Metaspace: 87673K(93824K)->87673K(93824K) NonClass: 76505K(80128K)->76505K(80128K) Class: 11168K(13696K)->11168K(13696K)
[2020-09-24T03:37:41.688+0000][23404][gc           ] GC(208) Pause Young (Concurrent Start) (G1 Humongous Allocation) 471M->254M(1024M) 4.143ms
[2020-09-24T03:37:41.688+0000][23404][gc,cpu       ] GC(208) User=0.00s Sys=0.00s Real=0.00s
[2020-09-24T03:37:41.688+0000][23404][safepoint    ] Safepoint "G1TryInitiateConcMark", Time since last: 23652800 ns, Reaching safepoint: 128900 ns, At safepoint: 4304100 ns, Total: 4433000 ns
[2020-09-24T03:37:41.688+0000][23404][gc           ] GC(209) Concurrent Cycle
[2020-09-24T03:37:41.689+0000][23404][gc,marking   ] GC(209) Concurrent Clear Claimed Marks
[2020-09-24T03:37:41.689+0000][23404][gc,marking   ] GC(209) Concurrent Clear Claimed Marks 0.477ms
[2020-09-24T03:37:41.689+0000][23404][gc,marking   ] GC(209) Concurrent Scan Root Regions
[2020-09-24T03:37:41.692+0000][23404][gc,marking   ] GC(209) Concurrent Scan Root Regions 2.849ms
[2020-09-24T03:37:41.692+0000][23404][gc,marking   ] GC(209) Concurrent Mark (134.127s)
[2020-09-24T03:37:41.692+0000][23404][gc,marking   ] GC(209) Concurrent Mark From Roots
[2020-09-24T03:37:41.692+0000][23404][gc,task      ] GC(209) Using 2 workers of 2 for marking
[2020-09-24T03:37:41.839+0000][23404][gc,marking   ] GC(209) Concurrent Mark From Roots 147.099ms
[2020-09-24T03:37:41.839+0000][23404][gc,marking   ] GC(209) Concurrent Preclean
[2020-09-24T03:37:41.840+0000][23404][gc,marking   ] GC(209) Concurrent Preclean 0.507ms
[2020-09-24T03:37:41.840+0000][23404][gc,marking   ] GC(209) Concurrent Mark (134.127s, 134.274s) 147.810ms
[2020-09-24T03:37:41.840+0000][23404][gc,start     ] GC(209) Pause Remark
[2020-09-24T03:37:41.847+0000][23404][gc           ] GC(209) Pause Remark 596M->596M(1024M) 6.726ms
[2020-09-24T03:37:41.847+0000][23404][gc,cpu       ] GC(209) User=0.00s Sys=0.00s Real=0.01s
[2020-09-24T03:37:41.847+0000][23404][safepoint    ] Safepoint "G1Concurrent", Time since last: 151537200 ns, Reaching safepoint: 199800 ns, At safepoint: 7139200 ns, Total: 7339000 ns
[2020-09-24T03:37:41.847+0000][23404][gc,marking   ] GC(209) Concurrent Rebuild Remembered Sets
[2020-09-24T03:37:41.933+0000][23404][gc,marking   ] GC(209) Concurrent Rebuild Remembered Sets 85.391ms
[2020-09-24T03:37:41.933+0000][23404][gc,start     ] GC(209) Pause Cleanup
[2020-09-24T03:37:41.933+0000][23404][gc           ] GC(209) Pause Cleanup 732M->732M(1024M) 0.271ms
[2020-09-24T03:37:41.934+0000][23404][gc,cpu       ] GC(209) User=0.00s Sys=0.00s Real=0.00s
[2020-09-24T03:37:41.934+0000][23404][safepoint    ] Safepoint "G1Concurrent", Time since last: 85644300 ns, Reaching safepoint: 166800 ns, At safepoint: 441500 ns, Total: 608300 ns
[2020-09-24T03:37:41.934+0000][23404][gc,marking   ] GC(209) Concurrent Cleanup for Next Mark
[2020-09-24T03:37:41.935+0000][23404][gc,marking   ] GC(209) Concurrent Cleanup for Next Mark 1.485ms
[2020-09-24T03:37:41.935+0000][23404][gc           ] GC(209) Concurrent Cycle 246.754ms
[2020-09-24T03:37:41.971+0000][23404][gc,start     ] GC(210) Pause Young (Concurrent Start) (G1 Humongous Allocation)
[2020-09-24T03:37:41.971+0000][23404][gc,task      ] GC(210) Using 8 workers of 8 for evacuation
[2020-09-24T03:37:41.971+0000][23404][gc,age       ] GC(210) Desired survivor size 32505856 bytes, new threshold 15 (max threshold 15)
[2020-09-24T03:37:41.975+0000][23404][gc,age       ] GC(210) Age table with threshold 15 (max threshold 15)
[2020-09-24T03:37:41.975+0000][23404][gc,age       ] GC(210) - age   1:    3935296 bytes,    3935296 total
[2020-09-24T03:37:41.975+0000][23404][gc,age       ] GC(210) - age   2:      64504 bytes,    3999800 total
[2020-09-24T03:37:41.975+0000][23404][gc,age       ] GC(210) - age   3:       2480 bytes,    4002280 total
[2020-09-24T03:37:41.975+0000][23404][gc,age       ] GC(210) - age   4:       4000 bytes,    4006280 total
[2020-09-24T03:37:41.975+0000][23404][gc,age       ] GC(210) - age   5:       4856 bytes,    4011136 total
[2020-09-24T03:37:41.975+0000][23404][gc,age       ] GC(210) - age   6:       2736 bytes,    4013872 total
[2020-09-24T03:37:41.975+0000][23404][gc,age       ] GC(210) - age   7:      54424 bytes,    4068296 total
[2020-09-24T03:37:41.975+0000][23404][gc,age       ] GC(210) - age   8:       1416 bytes,    4069712 total
[2020-09-24T03:37:41.975+0000][23404][gc,age       ] GC(210) - age   9:       2680 bytes,    4072392 total
[2020-09-24T03:37:41.976+0000][23404][gc,age       ] GC(210) - age  10:       5536 bytes,    4077928 total
[2020-09-24T03:37:41.976+0000][23404][gc,age       ] GC(210) - age  11:       7608 bytes,    4085536 total
[2020-09-24T03:37:41.976+0000][23404][gc,age       ] GC(210) - age  12:       4328 bytes,    4089864 total
[2020-09-24T03:37:41.976+0000][23404][gc,age       ] GC(210) - age  13:       1488 bytes,    4091352 total
[2020-09-24T03:37:41.976+0000][23404][gc,age       ] GC(210) - age  14:       1640 bytes,    4092992 total
[2020-09-24T03:37:41.976+0000][23404][gc,age       ] GC(210) - age  15:      10240 bytes,    4103232 total
[2020-09-24T03:37:41.976+0000][23404][gc,phases    ] GC(210)   Pre Evacuate Collection Set: 0.4ms
[2020-09-24T03:37:41.976+0000][23404][gc,phases    ] GC(210)   Merge Heap Roots: 0.1ms
[2020-09-24T03:37:41.976+0000][23404][gc,phases    ] GC(210)   Evacuate Collection Set: 2.3ms
[2020-09-24T03:37:41.976+0000][23404][gc,phases    ] GC(210)   Post Evacuate Collection Set: 1.0ms
[2020-09-24T03:37:41.976+0000][23404][gc,phases    ] GC(210)   Other: 1.0ms
[2020-09-24T03:37:41.976+0000][23404][gc,heap      ] GC(210) Eden regions: 138->0(492)
[2020-09-24T03:37:41.976+0000][23404][gc,heap      ] GC(210) Survivor regions: 4->5(62)
[2020-09-24T03:37:41.976+0000][23404][gc,heap      ] GC(210) Old regions: 78->78
[2020-09-24T03:37:41.976+0000][23404][gc,heap      ] GC(210) Archive regions: 0->0
[2020-09-24T03:37:41.976+0000][23404][gc,heap      ] GC(210) Humongous regions: 530->174
[2020-09-24T03:37:41.976+0000][23404][gc,metaspace ] GC(210) Metaspace: 87682K(93824K)->87682K(93824K) NonClass: 76514K(80128K)->76514K(80128K) Class: 11168K(13696K)->11168K(13696K)
[2020-09-24T03:37:41.976+0000][23404][gc           ] GC(210) Pause Young (Concurrent Start) (G1 Humongous Allocation) 748M->255M(1024M) 5.153ms
[2020-09-24T03:37:41.976+0000][23404][gc,cpu       ] GC(210) User=0.00s Sys=0.00s Real=0.01s
[2020-09-24T03:37:41.976+0000][23404][safepoint    ] Safepoint "G1TryInitiateConcMark", Time since last: 37349700 ns, Reaching safepoint: 121600 ns, At safepoint: 5324600 ns, Total: 5446200 ns
[2020-09-24T03:37:41.976+0000][23404][gc           ] GC(211) Concurrent Cycle
[2020-09-24T03:37:41.977+0000][23404][gc,marking   ] GC(211) Concurrent Clear Claimed Marks
[2020-09-24T03:37:41.977+0000][23404][gc,marking   ] GC(211) Concurrent Clear Claimed Marks 0.442ms
[2020-09-24T03:37:41.977+0000][23404][gc,marking   ] GC(211) Concurrent Scan Root Regions
[2020-09-24T03:37:41.980+0000][23404][gc,marking   ] GC(211) Concurrent Scan Root Regions 2.488ms
[2020-09-24T03:37:41.980+0000][23404][gc,marking   ] GC(211) Concurrent Mark (134.414s)
[2020-09-24T03:37:41.980+0000][23404][gc,marking   ] GC(211) Concurrent Mark From Roots
[2020-09-24T03:37:41.980+0000][23404][gc,task      ] GC(211) Using 2 workers of 2 for marking
[2020-09-24T03:37:42.091+0000][23404][gc,marking   ] GC(211) Concurrent Mark From Roots 111.031ms
[2020-09-24T03:37:42.091+0000][23404][gc,marking   ] GC(211) Concurrent Preclean
[2020-09-24T03:37:42.091+0000][23404][gc,marking   ] GC(211) Concurrent Preclean 0.409ms
[2020-09-24T03:37:42.091+0000][23404][gc,marking   ] GC(211) Concurrent Mark (134.414s, 134.526s) 111.606ms
[2020-09-24T03:37:42.092+0000][23404][gc,start     ] GC(211) Pause Remark
[2020-09-24T03:37:42.098+0000][23404][gc           ] GC(211) Pause Remark 466M->466M(1024M) 5.980ms
[2020-09-24T03:37:42.098+0000][23404][gc,cpu       ] GC(211) User=0.00s Sys=0.00s Real=0.01s
[2020-09-24T03:37:42.098+0000][23404][safepoint    ] Safepoint "G1Concurrent", Time since last: 114998600 ns, Reaching safepoint: 152600 ns, At safepoint: 6181000 ns, Total: 6333600 ns
[2020-09-24T03:37:42.098+0000][23404][gc,marking   ] GC(211) Concurrent Rebuild Remembered Sets
[2020-09-24T03:37:42.162+0000][23404][gc,marking   ] GC(211) Concurrent Rebuild Remembered Sets 63.683ms
[2020-09-24T03:37:42.162+0000][23404][gc,start     ] GC(211) Pause Cleanup
[2020-09-24T03:37:42.162+0000][23404][gc           ] GC(211) Pause Cleanup 540M->540M(1024M) 0.337ms
[2020-09-24T03:37:42.162+0000][23404][gc,cpu       ] GC(211) User=0.00s Sys=0.00s Real=0.00s
[2020-09-24T03:37:42.162+0000][23404][safepoint    ] Safepoint "G1Concurrent", Time since last: 63953300 ns, Reaching safepoint: 144800 ns, At safepoint: 506700 ns, Total: 651500 ns
[2020-09-24T03:37:42.162+0000][23404][gc,marking   ] GC(211) Concurrent Cleanup for Next Mark
[2020-09-24T03:37:42.164+0000][23404][gc,marking   ] GC(211) Concurrent Cleanup for Next Mark 1.766ms
[2020-09-24T03:37:42.164+0000][23404][gc           ] GC(211) Concurrent Cycle 187.853ms
[2020-09-24T03:37:42.180+0000][23404][gc,start     ] GC(212) Pause Young (Concurrent Start) (G1 Humongous Allocation)
[2020-09-24T03:37:42.180+0000][23404][gc,task      ] GC(212) Using 8 workers of 8 for evacuation
[2020-09-24T03:37:42.180+0000][23404][gc,age       ] GC(212) Desired survivor size 33030144 bytes, new threshold 15 (max threshold 15)
[2020-09-24T03:37:42.185+0000][23404][gc,age       ] GC(212) Age table with threshold 15 (max threshold 15)
[2020-09-24T03:37:42.185+0000][23404][gc,age       ] GC(212) - age   1:   13280728 bytes,   13280728 total
[2020-09-24T03:37:42.185+0000][23404][gc,age       ] GC(212) - age   2:      12880 bytes,   13293608 total
[2020-09-24T03:37:42.185+0000][23404][gc,age       ] GC(212) - age   3:      63984 bytes,   13357592 total
[2020-09-24T03:37:42.185+0000][23404][gc,age       ] GC(212) - age   4:       1968 bytes,   13359560 total
[2020-09-24T03:37:42.186+0000][23404][gc,age       ] GC(212) - age   5:       2632 bytes,   13362192 total
[2020-09-24T03:37:42.186+0000][23404][gc,age       ] GC(212) - age   6:       4792 bytes,   13366984 total
[2020-09-24T03:37:42.186+0000][23404][gc,age       ] GC(212) - age   7:       2672 bytes,   13369656 total
[2020-09-24T03:37:42.186+0000][23404][gc,age       ] GC(212) - age   8:      54368 bytes,   13424024 total
[2020-09-24T03:37:42.186+0000][23404][gc,age       ] GC(212) - age   9:       1416 bytes,   13425440 total
[2020-09-24T03:37:42.186+0000][23404][gc,age       ] GC(212) - age  10:       2680 bytes,   13428120 total
[2020-09-24T03:37:42.186+0000][23404][gc,age       ] GC(212) - age  11:       5504 bytes,   13433624 total
[2020-09-24T03:37:42.186+0000][23404][gc,age       ] GC(212) - age  12:       7608 bytes,   13441232 total
[2020-09-24T03:37:42.186+0000][23404][gc,age       ] GC(212) - age  13:       4104 bytes,   13445336 total
[2020-09-24T03:37:42.186+0000][23404][gc,age       ] GC(212) - age  14:       1392 bytes,   13446728 total
[2020-09-24T03:37:42.186+0000][23404][gc,age       ] GC(212) - age  15:       1576 bytes,   13448304 total
[2020-09-24T03:37:42.186+0000][23404][gc,phases    ] GC(212)   Pre Evacuate Collection Set: 0.4ms
[2020-09-24T03:37:42.186+0000][23404][gc,phases    ] GC(212)   Merge Heap Roots: 0.1ms
[2020-09-24T03:37:42.186+0000][23404][gc,phases    ] GC(212)   Evacuate Collection Set: 3.5ms
[2020-09-24T03:37:42.186+0000][23404][gc,phases    ] GC(212)   Post Evacuate Collection Set: 0.9ms
[2020-09-24T03:37:42.186+0000][23404][gc,phases    ] GC(212)   Other: 0.9ms
[2020-09-24T03:37:42.186+0000][23404][gc,heap      ] GC(212) Eden regions: 103->0(478)
[2020-09-24T03:37:42.186+0000][23404][gc,heap      ] GC(212) Survivor regions: 5->14(63)
[2020-09-24T03:37:42.186+0000][23404][gc,heap      ] GC(212) Old regions: 78->78
[2020-09-24T03:37:42.186+0000][23404][gc,heap      ] GC(212) Archive regions: 0->0
[2020-09-24T03:37:42.186+0000][23404][gc,heap      ] GC(212) Humongous regions: 378->174
[2020-09-24T03:37:42.186+0000][23404][gc,metaspace ] GC(212) Metaspace: 87687K(93824K)->87687K(93824K) NonClass: 76519K(80128K)->76519K(80128K) Class: 11168K(13696K)->11168K(13696K)
[2020-09-24T03:37:42.186+0000][23404][gc           ] GC(212) Pause Young (Concurrent Start) (G1 Humongous Allocation) 562M->264M(1024M) 5.940ms
[2020-09-24T03:37:42.186+0000][23404][gc,cpu       ] GC(212) User=0.00s Sys=0.00s Real=0.01s
[2020-09-24T03:37:42.186+0000][23404][gc           ] GC(213) Concurrent Cycle
[2020-09-24T03:37:42.186+0000][23404][safepoint    ] Safepoint "G1TryInitiateConcMark", Time since last: 17731900 ns, Reaching safepoint: 154100 ns, At safepoint: 6110800 ns, Total: 6264900 ns
[2020-09-24T03:37:42.186+0000][23404][gc,marking   ] GC(213) Concurrent Clear Claimed Marks
[2020-09-24T03:37:42.187+0000][23404][gc,marking   ] GC(213) Concurrent Clear Claimed Marks 0.731ms
[2020-09-24T03:37:42.187+0000][23404][gc,marking   ] GC(213) Concurrent Scan Root Regions
[2020-09-24T03:37:42.191+0000][23404][gc,marking   ] GC(213) Concurrent Scan Root Regions 3.355ms
[2020-09-24T03:37:42.191+0000][23404][gc,marking   ] GC(213) Concurrent Mark (134.625s)
[2020-09-24T03:37:42.191+0000][23404][gc,marking   ] GC(213) Concurrent Mark From Roots
[2020-09-24T03:37:42.191+0000][23404][gc,task      ] GC(213) Using 2 workers of 2 for marking
[2020-09-24T03:37:42.312+0000][23404][gc,marking   ] GC(213) Concurrent Mark From Roots 120.771ms
[2020-09-24T03:37:42.312+0000][23404][gc,marking   ] GC(213) Concurrent Preclean
[2020-09-24T03:37:42.313+0000][23404][gc,marking   ] GC(213) Concurrent Preclean 0.483ms
[2020-09-24T03:37:42.313+0000][23404][gc,marking   ] GC(213) Concurrent Mark (134.625s, 134.747s) 121.427ms
[2020-09-24T03:37:42.313+0000][23404][gc,start     ] GC(213) Pause Remark
[2020-09-24T03:37:42.318+0000][23404][gc           ] GC(213) Pause Remark 655M->655M(1024M) 5.341ms
[2020-09-24T03:37:42.318+0000][23404][gc,cpu       ] GC(213) User=0.00s Sys=0.00s Real=0.01s
[2020-09-24T03:37:42.318+0000][23404][safepoint    ] Safepoint "G1Concurrent", Time since last: 125979900 ns, Reaching safepoint: 134300 ns, At safepoint: 5548400 ns, Total: 5682700 ns
[2020-09-24T03:37:42.319+0000][23404][gc,marking   ] GC(213) Concurrent Rebuild Remembered Sets
[2020-09-24T03:37:42.380+0000][23404][gc,marking   ] GC(213) Concurrent Rebuild Remembered Sets 61.290ms
[2020-09-24T03:37:42.380+0000][23404][gc,start     ] GC(213) Pause Cleanup
[2020-09-24T03:37:42.380+0000][23404][gc           ] GC(213) Pause Cleanup 732M->732M(1024M) 0.296ms
[2020-09-24T03:37:42.380+0000][23404][gc,cpu       ] GC(213) User=0.00s Sys=0.00s Real=0.00s
[2020-09-24T03:37:42.381+0000][23404][safepoint    ] Safepoint "G1Concurrent", Time since last: 61463200 ns, Reaching safepoint: 147500 ns, At safepoint: 453800 ns, Total: 601300 ns
[2020-09-24T03:37:42.381+0000][23404][gc,marking   ] GC(213) Concurrent Cleanup for Next Mark
[2020-09-24T03:37:42.382+0000][23404][gc,marking   ] GC(213) Concurrent Cleanup for Next Mark 1.380ms
[2020-09-24T03:37:42.382+0000][23404][gc           ] GC(213) Concurrent Cycle 195.332ms
[2020-09-24T03:37:42.386+0000][23404][gc,start     ] GC(214) Pause Young (Concurrent Start) (G1 Humongous Allocation)
[2020-09-24T03:37:42.386+0000][23404][gc,task      ] GC(214) Using 8 workers of 8 for evacuation
[2020-09-24T03:37:42.386+0000][23404][gc,age       ] GC(214) Desired survivor size 32505856 bytes, new threshold 15 (max threshold 15)
[2020-09-24T03:37:42.390+0000][23404][gc,age       ] GC(214) Age table with threshold 15 (max threshold 15)
[2020-09-24T03:37:42.390+0000][23404][gc,age       ] GC(214) - age   1:    3885160 bytes,    3885160 total
[2020-09-24T03:37:42.390+0000][23404][gc,age       ] GC(214) - age   2:      67280 bytes,    3952440 total
[2020-09-24T03:37:42.390+0000][23404][gc,age       ] GC(214) - age   3:      11944 bytes,    3964384 total
[2020-09-24T03:37:42.390+0000][23404][gc,age       ] GC(214) - age   4:      63544 bytes,    4027928 total
[2020-09-24T03:37:42.390+0000][23404][gc,age       ] GC(214) - age   5:       1768 bytes,    4029696 total
[2020-09-24T03:37:42.390+0000][23404][gc,age       ] GC(214) - age   6:       2600 bytes,    4032296 total
[2020-09-24T03:37:42.390+0000][23404][gc,age       ] GC(214) - age   7:       4792 bytes,    4037088 total
[2020-09-24T03:37:42.390+0000][23404][gc,age       ] GC(214) - age   8:       2672 bytes,    4039760 total
[2020-09-24T03:37:42.391+0000][23404][gc,age       ] GC(214) - age   9:      54368 bytes,    4094128 total
[2020-09-24T03:37:42.391+0000][23404][gc,age       ] GC(214) - age  10:       1416 bytes,    4095544 total
[2020-09-24T03:37:42.391+0000][23404][gc,age       ] GC(214) - age  11:       2680 bytes,    4098224 total
[2020-09-24T03:37:42.391+0000][23404][gc,age       ] GC(214) - age  12:       5504 bytes,    4103728 total
[2020-09-24T03:37:42.391+0000][23404][gc,age       ] GC(214) - age  13:       7608 bytes,    4111336 total
[2020-09-24T03:37:42.391+0000][23404][gc,age       ] GC(214) - age  14:       4104 bytes,    4115440 total
[2020-09-24T03:37:42.391+0000][23404][gc,age       ] GC(214) - age  15:       1392 bytes,    4116832 total
[2020-09-24T03:37:42.391+0000][23404][gc,phases    ] GC(214)   Pre Evacuate Collection Set: 0.4ms
[2020-09-24T03:37:42.391+0000][23404][gc,phases    ] GC(214)   Merge Heap Roots: 0.1ms
[2020-09-24T03:37:42.391+0000][23404][gc,phases    ] GC(214)   Evacuate Collection Set: 2.2ms
[2020-09-24T03:37:42.391+0000][23404][gc,phases    ] GC(214)   Post Evacuate Collection Set: 1.0ms
[2020-09-24T03:37:42.391+0000][23404][gc,phases    ] GC(214)   Other: 0.8ms
[2020-09-24T03:37:42.391+0000][23404][gc,heap      ] GC(214) Eden regions: 120->0(489)
[2020-09-24T03:37:42.391+0000][23404][gc,heap      ] GC(214) Survivor regions: 14->5(62)
[2020-09-24T03:37:42.391+0000][23404][gc,heap      ] GC(214) Old regions: 78->78
[2020-09-24T03:37:42.391+0000][23404][gc,heap      ] GC(214) Archive regions: 0->0
[2020-09-24T03:37:42.391+0000][23404][gc,heap      ] GC(214) Humongous regions: 524->174
[2020-09-24T03:37:42.391+0000][23404][gc,metaspace ] GC(214) Metaspace: 87687K(93824K)->87687K(93824K) NonClass: 76519K(80128K)->76519K(80128K) Class: 11168K(13696K)->11168K(13696K)
[2020-09-24T03:37:42.391+0000][23404][gc           ] GC(214) Pause Young (Concurrent Start) (G1 Humongous Allocation) 734M->255M(1024M) 4.709ms
[2020-09-24T03:37:42.391+0000][23404][gc,cpu       ] GC(214) User=0.00s Sys=0.00s Real=0.01s
[2020-09-24T03:37:42.391+0000][23404][gc           ] GC(215) Concurrent Cycle
[2020-09-24T03:37:42.391+0000][23404][safepoint    ] Safepoint "G1TryInitiateConcMark", Time since last: 5621600 ns, Reaching safepoint: 152100 ns, At safepoint: 4910000 ns, Total: 5062100 ns
[2020-09-24T03:37:42.391+0000][23404][gc,marking   ] GC(215) Concurrent Clear Claimed Marks
[2020-09-24T03:37:42.392+0000][23404][gc,marking   ] GC(215) Concurrent Clear Claimed Marks 0.923ms
[2020-09-24T03:37:42.392+0000][23404][gc,marking   ] GC(215) Concurrent Scan Root Regions
[2020-09-24T03:37:42.399+0000][23404][gc,marking   ] GC(215) Concurrent Scan Root Regions 6.462ms
[2020-09-24T03:37:42.399+0000][23404][gc,marking   ] GC(215) Concurrent Mark (134.833s)
[2020-09-24T03:37:42.399+0000][23404][gc,marking   ] GC(215) Concurrent Mark From Roots
[2020-09-24T03:37:42.399+0000][23404][gc,task      ] GC(215) Using 2 workers of 2 for marking
[2020-09-24T03:37:42.499+0000][23404][gc,marking   ] GC(215) Concurrent Mark From Roots 99.509ms
[2020-09-24T03:37:42.499+0000][23404][gc,marking   ] GC(215) Concurrent Preclean
[2020-09-24T03:37:42.499+0000][23404][gc,marking   ] GC(215) Concurrent Preclean 0.304ms
[2020-09-24T03:37:42.499+0000][23404][gc,marking   ] GC(215) Concurrent Mark (134.833s, 134.933s) 99.956ms
[2020-09-24T03:37:42.499+0000][23404][gc,start     ] GC(215) Pause Remark
[2020-09-24T03:37:42.504+0000][23404][gc           ] GC(215) Pause Remark 452M->452M(1024M) 4.924ms
[2020-09-24T03:37:42.504+0000][23404][gc,cpu       ] GC(215) User=0.00s Sys=0.00s Real=0.00s
[2020-09-24T03:37:42.504+0000][23404][safepoint    ] Safepoint "G1Concurrent", Time since last: 107828000 ns, Reaching safepoint: 124800 ns, At safepoint: 5127800 ns, Total: 5252600 ns
[2020-09-24T03:37:42.504+0000][23404][gc,marking   ] GC(215) Concurrent Rebuild Remembered Sets
[2020-09-24T03:37:42.574+0000][23404][gc,marking   ] GC(215) Concurrent Rebuild Remembered Sets 70.122ms
[2020-09-24T03:37:42.575+0000][23404][gc,start     ] GC(215) Pause Cleanup
[2020-09-24T03:37:42.575+0000][23404][gc           ] GC(215) Pause Cleanup 474M->474M(1024M) 0.271ms
[2020-09-24T03:37:42.575+0000][23404][gc,cpu       ] GC(215) User=0.00s Sys=0.00s Real=0.00s
[2020-09-24T03:37:42.575+0000][23404][safepoint    ] Safepoint "G1Concurrent", Time since last: 70323500 ns, Reaching safepoint: 169100 ns, At safepoint: 437800 ns, Total: 606900 ns
[2020-09-24T03:37:42.575+0000][23404][gc,marking   ] GC(215) Concurrent Cleanup for Next Mark
[2020-09-24T03:37:42.577+0000][23404][gc,marking   ] GC(215) Concurrent Cleanup for Next Mark 2.061ms
[2020-09-24T03:37:42.577+0000][23404][gc           ] GC(215) Concurrent Cycle 186.274ms
[2020-09-24T03:37:42.580+0000][23404][gc,start     ] GC(216) Pause Young (Concurrent Start) (G1 Humongous Allocation)
[2020-09-24T03:37:42.580+0000][23404][gc,task      ] GC(216) Using 8 workers of 8 for evacuation
[2020-09-24T03:37:42.580+0000][23404][gc,age       ] GC(216) Desired survivor size 32505856 bytes, new threshold 15 (max threshold 15)
[2020-09-24T03:37:42.583+0000][23404][gc,age       ] GC(216) Age table with threshold 15 (max threshold 15)
[2020-09-24T03:37:42.583+0000][23404][gc,age       ] GC(216) - age   1:    2596872 bytes,    2596872 total
[2020-09-24T03:37:42.584+0000][23404][gc,age       ] GC(216) - age   2:       5112 bytes,    2601984 total
[2020-09-24T03:37:42.584+0000][23404][gc,age       ] GC(216) - age   3:      64792 bytes,    2666776 total
[2020-09-24T03:37:42.584+0000][23404][gc,age       ] GC(216) - age   4:      11368 bytes,    2678144 total
[2020-09-24T03:37:42.584+0000][23404][gc,age       ] GC(216) - age   5:      63160 bytes,    2741304 total
[2020-09-24T03:37:42.584+0000][23404][gc,age       ] GC(216) - age   6:       1384 bytes,    2742688 total
[2020-09-24T03:37:42.584+0000][23404][gc,age       ] GC(216) - age   7:       2376 bytes,    2745064 total
[2020-09-24T03:37:42.584+0000][23404][gc,age       ] GC(216) - age   8:       4792 bytes,    2749856 total
[2020-09-24T03:37:42.584+0000][23404][gc,age       ] GC(216) - age   9:       2512 bytes,    2752368 total
[2020-09-24T03:37:42.584+0000][23404][gc,age       ] GC(216) - age  10:      54240 bytes,    2806608 total
[2020-09-24T03:37:42.584+0000][23404][gc,age       ] GC(216) - age  11:       1256 bytes,    2807864 total
[2020-09-24T03:37:42.584+0000][23404][gc,age       ] GC(216) - age  12:       2680 bytes,    2810544 total
[2020-09-24T03:37:42.584+0000][23404][gc,age       ] GC(216) - age  13:       5440 bytes,    2815984 total
[2020-09-24T03:37:42.584+0000][23404][gc,age       ] GC(216) - age  14:       7568 bytes,    2823552 total
[2020-09-24T03:37:42.584+0000][23404][gc,age       ] GC(216) - age  15:       4104 bytes,    2827656 total
[2020-09-24T03:37:42.584+0000][23404][gc,phases    ] GC(216)   Pre Evacuate Collection Set: 0.4ms
[2020-09-24T03:37:42.584+0000][23404][gc,phases    ] GC(216)   Merge Heap Roots: 0.1ms
[2020-09-24T03:37:42.584+0000][23404][gc,phases    ] GC(216)   Evacuate Collection Set: 2.0ms
[2020-09-24T03:37:42.584+0000][23404][gc,phases    ] GC(216)   Post Evacuate Collection Set: 0.7ms
[2020-09-24T03:37:42.584+0000][23404][gc,phases    ] GC(216)   Other: 0.7ms
[2020-09-24T03:37:42.584+0000][23404][gc,heap      ] GC(216) Eden regions: 70->0(493)
[2020-09-24T03:37:42.584+0000][23404][gc,heap      ] GC(216) Survivor regions: 5->4(62)
[2020-09-24T03:37:42.584+0000][23404][gc,heap      ] GC(216) Old regions: 78->78
[2020-09-24T03:37:42.584+0000][23404][gc,heap      ] GC(216) Archive regions: 0->0
[2020-09-24T03:37:42.584+0000][23404][gc,heap      ] GC(216) Humongous regions: 324->174
[2020-09-24T03:37:42.584+0000][23404][gc,metaspace ] GC(216) Metaspace: 87704K(93824K)->87704K(93824K) NonClass: 76536K(80128K)->76536K(80128K) Class: 11168K(13696K)->11168K(13696K)
[2020-09-24T03:37:42.584+0000][23404][gc           ] GC(216) Pause Young (Concurrent Start) (G1 Humongous Allocation) 475M->254M(1024M) 4.037ms
[2020-09-24T03:37:42.584+0000][23404][gc,cpu       ] GC(216) User=0.00s Sys=0.00s Real=0.00s
[2020-09-24T03:37:42.584+0000][23404][gc           ] GC(217) Concurrent Cycle
[2020-09-24T03:37:42.584+0000][23404][safepoint    ] Safepoint "G1TryInitiateConcMark", Time since last: 4705300 ns, Reaching safepoint: 121600 ns, At safepoint: 4218600 ns, Total: 4340200 ns
[2020-09-24T03:37:42.584+0000][23404][gc,marking   ] GC(217) Concurrent Clear Claimed Marks
[2020-09-24T03:37:42.585+0000][23404][gc,marking   ] GC(217) Concurrent Clear Claimed Marks 0.417ms
[2020-09-24T03:37:42.585+0000][23404][gc,marking   ] GC(217) Concurrent Scan Root Regions
[2020-09-24T03:37:42.587+0000][23404][gc,marking   ] GC(217) Concurrent Scan Root Regions 1.988ms
[2020-09-24T03:37:42.587+0000][23404][gc,marking   ] GC(217) Concurrent Mark (135.021s)
[2020-09-24T03:37:42.587+0000][23404][gc,marking   ] GC(217) Concurrent Mark From Roots
[2020-09-24T03:37:42.587+0000][23404][gc,task      ] GC(217) Using 2 workers of 2 for marking
[2020-09-24T03:37:42.708+0000][23404][gc,marking   ] GC(217) Concurrent Mark From Roots 120.951ms
[2020-09-24T03:37:42.708+0000][23404][gc,marking   ] GC(217) Concurrent Preclean
[2020-09-24T03:37:42.708+0000][23404][gc,marking   ] GC(217) Concurrent Preclean 0.388ms
[2020-09-24T03:37:42.708+0000][23404][gc,marking   ] GC(217) Concurrent Mark (135.021s, 135.142s) 121.476ms
[2020-09-24T03:37:42.709+0000][23404][gc,start     ] GC(217) Pause Remark
[2020-09-24T03:37:42.714+0000][23404][gc           ] GC(217) Pause Remark 392M->392M(1024M) 5.720ms
[2020-09-24T03:37:42.714+0000][23404][gc,cpu       ] GC(217) User=0.13s Sys=0.00s Real=0.00s
[2020-09-24T03:37:42.715+0000][23404][safepoint    ] Safepoint "G1Concurrent", Time since last: 124158500 ns, Reaching safepoint: 161100 ns, At safepoint: 6023200 ns, Total: 6184300 ns
[2020-09-24T03:37:42.715+0000][23404][gc,marking   ] GC(217) Concurrent Rebuild Remembered Sets
[2020-09-24T03:37:42.800+0000][23404][gc,marking   ] GC(217) Concurrent Rebuild Remembered Sets 85.322ms
[2020-09-24T03:37:42.800+0000][23404][gc,start     ] GC(217) Pause Cleanup
[2020-09-24T03:37:42.801+0000][23404][gc           ] GC(217) Pause Cleanup 519M->519M(1024M) 0.278ms
[2020-09-24T03:37:42.801+0000][23404][gc,cpu       ] GC(217) User=0.00s Sys=0.00s Real=0.00s
[2020-09-24T03:37:42.801+0000][23404][safepoint    ] Safepoint "G1Concurrent", Time since last: 85515500 ns, Reaching safepoint: 135700 ns, At safepoint: 450400 ns, Total: 586100 ns
[2020-09-24T03:37:42.801+0000][23404][gc,marking   ] GC(217) Concurrent Cleanup for Next Mark
[2020-09-24T03:37:42.802+0000][23404][gc,marking   ] GC(217) Concurrent Cleanup for Next Mark 1.474ms
[2020-09-24T03:37:42.802+0000][23404][gc           ] GC(217) Concurrent Cycle 218.063ms
[2020-09-24T03:37:42.846+0000][23404][gc,start     ] GC(218) Pause Young (Concurrent Start) (G1 Humongous Allocation)
[2020-09-24T03:37:42.846+0000][23404][gc,task      ] GC(218) Using 8 workers of 8 for evacuation
[2020-09-24T03:37:42.847+0000][23404][gc,age       ] GC(218) Desired survivor size 33030144 bytes, new threshold 15 (max threshold 15)
[2020-09-24T03:37:42.850+0000][23404][gc,age       ] GC(218) Age table with threshold 15 (max threshold 15)
[2020-09-24T03:37:42.850+0000][23404][gc,age       ] GC(218) - age   1:    2598320 bytes,    2598320 total
[2020-09-24T03:37:42.850+0000][23404][gc,age       ] GC(218) - age   2:      23576 bytes,    2621896 total
[2020-09-24T03:37:42.850+0000][23404][gc,age       ] GC(218) - age   3:       4536 bytes,    2626432 total
[2020-09-24T03:37:42.850+0000][23404][gc,age       ] GC(218) - age   4:      64160 bytes,    2690592 total
[2020-09-24T03:37:42.850+0000][23404][gc,age       ] GC(218) - age   5:      11216 bytes,    2701808 total
[2020-09-24T03:37:42.850+0000][23404][gc,age       ] GC(218) - age   6:      61880 bytes,    2763688 total
[2020-09-24T03:37:42.850+0000][23404][gc,age       ] GC(218) - age   7:       1320 bytes,    2765008 total
[2020-09-24T03:37:42.850+0000][23404][gc,age       ] GC(218) - age   8:       2376 bytes,    2767384 total
[2020-09-24T03:37:42.850+0000][23404][gc,age       ] GC(218) - age   9:       4792 bytes,    2772176 total
[2020-09-24T03:37:42.850+0000][23404][gc,age       ] GC(218) - age  10:       2512 bytes,    2774688 total
[2020-09-24T03:37:42.850+0000][23404][gc,age       ] GC(218) - age  11:      54240 bytes,    2828928 total
[2020-09-24T03:37:42.850+0000][23404][gc,age       ] GC(218) - age  12:       1128 bytes,    2830056 total
[2020-09-24T03:37:42.850+0000][23404][gc,age       ] GC(218) - age  13:       2680 bytes,    2832736 total
[2020-09-24T03:37:42.850+0000][23404][gc,age       ] GC(218) - age  14:       5440 bytes,    2838176 total
[2020-09-24T03:37:42.850+0000][23404][gc,age       ] GC(218) - age  15:       7568 bytes,    2845744 total
[2020-09-24T03:37:42.850+0000][23404][gc,phases    ] GC(218)   Pre Evacuate Collection Set: 0.4ms
[2020-09-24T03:37:42.850+0000][23404][gc,phases    ] GC(218)   Merge Heap Roots: 0.1ms
[2020-09-24T03:37:42.850+0000][23404][gc,phases    ] GC(218)   Evacuate Collection Set: 1.9ms
[2020-09-24T03:37:42.850+0000][23404][gc,phases    ] GC(218)   Post Evacuate Collection Set: 0.7ms
[2020-09-24T03:37:42.850+0000][23404][gc,phases    ] GC(218)   Other: 0.8ms
[2020-09-24T03:37:42.850+0000][23404][gc,heap      ] GC(218) Eden regions: 85->0(497)
[2020-09-24T03:37:42.850+0000][23404][gc,heap      ] GC(218) Survivor regions: 4->3(63)
[2020-09-24T03:37:42.850+0000][23404][gc,heap      ] GC(218) Old regions: 78->78
[2020-09-24T03:37:42.850+0000][23404][gc,heap      ] GC(218) Archive regions: 0->0
[2020-09-24T03:37:42.850+0000][23404][gc,heap      ] GC(218) Humongous regions: 366->174
[2020-09-24T03:37:42.850+0000][23404][gc,metaspace ] GC(218) Metaspace: 87706K(93824K)->87706K(93824K) NonClass: 76538K(80128K)->76538K(80128K) Class: 11168K(13696K)->11168K(13696K)
[2020-09-24T03:37:42.851+0000][23404][gc           ] GC(218) Pause Young (Concurrent Start) (G1 Humongous Allocation) 531M->254M(1024M) 4.063ms
[2020-09-24T03:37:42.851+0000][23404][gc,cpu       ] GC(218) User=0.00s Sys=0.00s Real=0.01s
[2020-09-24T03:37:42.851+0000][23404][gc           ] GC(219) Concurrent Cycle
[2020-09-24T03:37:42.851+0000][23404][safepoint    ] Safepoint "G1TryInitiateConcMark", Time since last: 45524600 ns, Reaching safepoint: 144100 ns, At safepoint: 4257300 ns, Total: 4401400 ns
[2020-09-24T03:37:42.851+0000][23404][gc,marking   ] GC(219) Concurrent Clear Claimed Marks
[2020-09-24T03:37:42.851+0000][23404][gc,marking   ] GC(219) Concurrent Clear Claimed Marks 0.417ms
[2020-09-24T03:37:42.851+0000][23404][gc,marking   ] GC(219) Concurrent Scan Root Regions
[2020-09-24T03:37:42.853+0000][23404][gc,marking   ] GC(219) Concurrent Scan Root Regions 1.813ms
[2020-09-24T03:37:42.853+0000][23404][gc,marking   ] GC(219) Concurrent Mark (135.287s)
[2020-09-24T03:37:42.853+0000][23404][gc,marking   ] GC(219) Concurrent Mark From Roots
[2020-09-24T03:37:42.853+0000][23404][gc,task      ] GC(219) Using 2 workers of 2 for marking
[2020-09-24T03:37:42.991+0000][23404][gc,marking   ] GC(219) Concurrent Mark From Roots 137.853ms
[2020-09-24T03:37:42.991+0000][23404][gc,marking   ] GC(219) Concurrent Preclean
[2020-09-24T03:37:42.992+0000][23404][gc,marking   ] GC(219) Concurrent Preclean 0.834ms
[2020-09-24T03:37:42.992+0000][23404][gc,marking   ] GC(219) Concurrent Mark (135.287s, 135.426s) 139.112ms
[2020-09-24T03:37:42.993+0000][23404][gc,start     ] GC(219) Pause Remark
[2020-09-24T03:37:42.999+0000][23404][gc           ] GC(219) Pause Remark 495M->495M(1024M) 6.274ms
[2020-09-24T03:37:42.999+0000][23404][gc,cpu       ] GC(219) User=0.02s Sys=0.02s Real=0.01s
[2020-09-24T03:37:42.999+0000][23404][safepoint    ] Safepoint "G1Concurrent", Time since last: 141622900 ns, Reaching safepoint: 238400 ns, At safepoint: 6512100 ns, Total: 6750500 ns
[2020-09-24T03:37:42.999+0000][23404][gc,marking   ] GC(219) Concurrent Rebuild Remembered Sets
[2020-09-24T03:37:43.081+0000][23404][gc,marking   ] GC(219) Concurrent Rebuild Remembered Sets 81.513ms
[2020-09-24T03:37:43.081+0000][23404][gc,start     ] GC(219) Pause Cleanup
[2020-09-24T03:37:43.081+0000][23404][gc           ] GC(219) Pause Cleanup 649M->649M(1024M) 0.273ms
[2020-09-24T03:37:43.081+0000][23404][gc,cpu       ] GC(219) User=0.00s Sys=0.00s Real=0.00s
[2020-09-24T03:37:43.081+0000][23404][safepoint    ] Safepoint "G1Concurrent", Time since last: 81668500 ns, Reaching safepoint: 153100 ns, At safepoint: 420900 ns, Total: 574000 ns
[2020-09-24T03:37:43.081+0000][23404][gc,marking   ] GC(219) Concurrent Cleanup for Next Mark
[2020-09-24T03:37:43.083+0000][23404][gc,marking   ] GC(219) Concurrent Cleanup for Next Mark 1.850ms
[2020-09-24T03:37:43.083+0000][23404][gc           ] GC(219) Concurrent Cycle 232.654ms
[2020-09-24T03:37:43.114+0000][23404][gc,start     ] GC(220) Pause Young (Concurrent Start) (G1 Humongous Allocation)
[2020-09-24T03:37:43.114+0000][23404][gc,task      ] GC(220) Using 8 workers of 8 for evacuation
[2020-09-24T03:37:43.114+0000][23404][gc,age       ] GC(220) Desired survivor size 33030144 bytes, new threshold 15 (max threshold 15)
[2020-09-24T03:37:43.117+0000][23404][gc,age       ] GC(220) Age table with threshold 15 (max threshold 15)
[2020-09-24T03:37:43.117+0000][23404][gc,age       ] GC(220) - age   1:    5078744 bytes,    5078744 total
[2020-09-24T03:37:43.117+0000][23404][gc,age       ] GC(220) - age   2:      23936 bytes,    5102680 total
[2020-09-24T03:37:43.117+0000][23404][gc,age       ] GC(220) - age   3:      20136 bytes,    5122816 total
[2020-09-24T03:37:43.117+0000][23404][gc,age       ] GC(220) - age   4:       3512 bytes,    5126328 total
[2020-09-24T03:37:43.117+0000][23404][gc,age       ] GC(220) - age   5:      63408 bytes,    5189736 total
[2020-09-24T03:37:43.117+0000][23404][gc,age       ] GC(220) - age   6:       8712 bytes,    5198448 total
[2020-09-24T03:37:43.117+0000][23404][gc,age       ] GC(220) - age   7:      61752 bytes,    5260200 total
[2020-09-24T03:37:43.117+0000][23404][gc,age       ] GC(220) - age   8:       1256 bytes,    5261456 total
[2020-09-24T03:37:43.117+0000][23404][gc,age       ] GC(220) - age   9:       2280 bytes,    5263736 total
[2020-09-24T03:37:43.118+0000][23404][gc,age       ] GC(220) - age  10:       4792 bytes,    5268528 total
[2020-09-24T03:37:43.118+0000][23404][gc,age       ] GC(220) - age  11:       2512 bytes,    5271040 total
[2020-09-24T03:37:43.118+0000][23404][gc,age       ] GC(220) - age  12:      54176 bytes,    5325216 total
[2020-09-24T03:37:43.118+0000][23404][gc,age       ] GC(220) - age  13:       1128 bytes,    5326344 total
[2020-09-24T03:37:43.118+0000][23404][gc,age       ] GC(220) - age  14:       2680 bytes,    5329024 total
[2020-09-24T03:37:43.118+0000][23404][gc,age       ] GC(220) - age  15:       5440 bytes,    5334464 total
[2020-09-24T03:37:43.118+0000][23404][gc,phases    ] GC(220)   Pre Evacuate Collection Set: 0.3ms
[2020-09-24T03:37:43.118+0000][23404][gc,phases    ] GC(220)   Merge Heap Roots: 0.1ms
[2020-09-24T03:37:43.118+0000][23404][gc,phases    ] GC(220)   Evacuate Collection Set: 2.1ms
[2020-09-24T03:37:43.118+0000][23404][gc,phases    ] GC(220)   Post Evacuate Collection Set: 0.8ms
[2020-09-24T03:37:43.118+0000][23404][gc,phases    ] GC(220)   Other: 0.8ms
[2020-09-24T03:37:43.118+0000][23404][gc,heap      ] GC(220) Eden regions: 125->0(494)
[2020-09-24T03:37:43.118+0000][23404][gc,heap      ] GC(220) Survivor regions: 3->6(63)
[2020-09-24T03:37:43.118+0000][23404][gc,heap      ] GC(220) Old regions: 78->78
[2020-09-24T03:37:43.118+0000][23404][gc,heap      ] GC(220) Archive regions: 0->0
[2020-09-24T03:37:43.118+0000][23404][gc,heap      ] GC(220) Humongous regions: 462->174
[2020-09-24T03:37:43.118+0000][23404][gc,metaspace ] GC(220) Metaspace: 87723K(93824K)->87723K(93824K) NonClass: 76555K(80128K)->76555K(80128K) Class: 11168K(13696K)->11168K(13696K)
[2020-09-24T03:37:43.118+0000][23404][gc           ] GC(220) Pause Young (Concurrent Start) (G1 Humongous Allocation) 667M->256M(1024M) 4.240ms
[2020-09-24T03:37:43.118+0000][23404][gc,cpu       ] GC(220) User=0.00s Sys=0.02s Real=0.00s
[2020-09-24T03:37:43.118+0000][23404][gc           ] GC(221) Concurrent Cycle
[2020-09-24T03:37:43.118+0000][23404][safepoint    ] Safepoint "G1TryInitiateConcMark", Time since last: 32305100 ns, Reaching safepoint: 123900 ns, At safepoint: 4430200 ns, Total: 4554100 ns
[2020-09-24T03:37:43.118+0000][23404][gc,marking   ] GC(221) Concurrent Clear Claimed Marks
[2020-09-24T03:37:43.119+0000][23404][gc,marking   ] GC(221) Concurrent Clear Claimed Marks 0.558ms
[2020-09-24T03:37:43.119+0000][23404][gc,marking   ] GC(221) Concurrent Scan Root Regions
[2020-09-24T03:37:43.121+0000][23404][gc,marking   ] GC(221) Concurrent Scan Root Regions 1.835ms
[2020-09-24T03:37:43.121+0000][23404][gc,marking   ] GC(221) Concurrent Mark (135.555s)
[2020-09-24T03:37:43.121+0000][23404][gc,marking   ] GC(221) Concurrent Mark From Roots
[2020-09-24T03:37:43.121+0000][23404][gc,task      ] GC(221) Using 2 workers of 2 for marking
[2020-09-24T03:37:43.220+0000][23404][gc,marking   ] GC(221) Concurrent Mark From Roots 98.916ms
[2020-09-24T03:37:43.220+0000][23404][gc,marking   ] GC(221) Concurrent Preclean
[2020-09-24T03:37:43.220+0000][23404][gc,marking   ] GC(221) Concurrent Preclean 0.326ms
[2020-09-24T03:37:43.220+0000][23404][gc,marking   ] GC(221) Concurrent Mark (135.555s, 135.654s) 99.372ms
[2020-09-24T03:37:43.220+0000][23404][gc,start     ] GC(221) Pause Remark
[2020-09-24T03:37:43.226+0000][23404][gc           ] GC(221) Pause Remark 509M->509M(1024M) 5.300ms
[2020-09-24T03:37:43.226+0000][23404][gc,cpu       ] GC(221) User=0.00s Sys=0.00s Real=0.01s
[2020-09-24T03:37:43.226+0000][23404][safepoint    ] Safepoint "G1Concurrent", Time since last: 102094900 ns, Reaching safepoint: 135800 ns, At safepoint: 5539400 ns, Total: 5675200 ns
[2020-09-24T03:37:43.226+0000][23404][gc,marking   ] GC(221) Concurrent Rebuild Remembered Sets
[2020-09-24T03:37:43.299+0000][23404][gc,marking   ] GC(221) Concurrent Rebuild Remembered Sets 72.986ms
[2020-09-24T03:37:43.299+0000][23404][gc,start     ] GC(221) Pause Cleanup
[2020-09-24T03:37:43.300+0000][23404][gc           ] GC(221) Pause Cleanup 763M->763M(1024M) 0.308ms
[2020-09-24T03:37:43.300+0000][23404][gc,cpu       ] GC(221) User=0.00s Sys=0.00s Real=0.00s
[2020-09-24T03:37:43.300+0000][23404][safepoint    ] Safepoint "G1Concurrent", Time since last: 73162800 ns, Reaching safepoint: 180900 ns, At safepoint: 469300 ns, Total: 650200 ns
[2020-09-24T03:37:43.300+0000][23404][gc,marking   ] GC(221) Concurrent Cleanup for Next Mark
[2020-09-24T03:37:43.302+0000][23404][gc,marking   ] GC(221) Concurrent Cleanup for Next Mark 1.819ms
[2020-09-24T03:37:43.302+0000][23404][gc           ] GC(221) Concurrent Cycle 183.565ms
[2020-09-24T03:37:43.327+0000][23404][gc,start     ] GC(222) Pause Young (Concurrent Start) (G1 Humongous Allocation)
[2020-09-24T03:37:43.327+0000][23404][gc,task      ] GC(222) Using 8 workers of 8 for evacuation
[2020-09-24T03:37:43.327+0000][23404][gc,age       ] GC(222) Desired survivor size 33030144 bytes, new threshold 15 (max threshold 15)
[2020-09-24T03:37:43.331+0000][23404][gc,age       ] GC(222) Age table with threshold 15 (max threshold 15)
[2020-09-24T03:37:43.331+0000][23404][gc,age       ] GC(222) - age   1:    3354264 bytes,    3354264 total
[2020-09-24T03:37:43.331+0000][23404][gc,age       ] GC(222) - age   2:       5904 bytes,    3360168 total
[2020-09-24T03:37:43.331+0000][23404][gc,age       ] GC(222) - age   3:      23712 bytes,    3383880 total
[2020-09-24T03:37:43.331+0000][23404][gc,age       ] GC(222) - age   4:      12896 bytes,    3396776 total
[2020-09-24T03:37:43.331+0000][23404][gc,age       ] GC(222) - age   5:       2616 bytes,    3399392 total
[2020-09-24T03:37:43.331+0000][23404][gc,age       ] GC(222) - age   6:      63208 bytes,    3462600 total
[2020-09-24T03:37:43.331+0000][23404][gc,age       ] GC(222) - age   7:       8656 bytes,    3471256 total
[2020-09-24T03:37:43.331+0000][23404][gc,age       ] GC(222) - age   8:      61752 bytes,    3533008 total
[2020-09-24T03:37:43.331+0000][23404][gc,age       ] GC(222) - age   9:       1224 bytes,    3534232 total
[2020-09-24T03:37:43.331+0000][23404][gc,age       ] GC(222) - age  10:       2184 bytes,    3536416 total
[2020-09-24T03:37:43.331+0000][23404][gc,age       ] GC(222) - age  11:       4792 bytes,    3541208 total
[2020-09-24T03:37:43.331+0000][23404][gc,age       ] GC(222) - age  12:       2512 bytes,    3543720 total
[2020-09-24T03:37:43.331+0000][23404][gc,age       ] GC(222) - age  13:      54176 bytes,    3597896 total
[2020-09-24T03:37:43.331+0000][23404][gc,age       ] GC(222) - age  14:       1128 bytes,    3599024 total
[2020-09-24T03:37:43.331+0000][23404][gc,age       ] GC(222) - age  15:       2680 bytes,    3601704 total
[2020-09-24T03:37:43.331+0000][23404][gc,phases    ] GC(222)   Pre Evacuate Collection Set: 0.4ms
[2020-09-24T03:37:43.331+0000][23404][gc,phases    ] GC(222)   Merge Heap Roots: 0.1ms
[2020-09-24T03:37:43.331+0000][23404][gc,phases    ] GC(222)   Evacuate Collection Set: 2.1ms
[2020-09-24T03:37:43.331+0000][23404][gc,phases    ] GC(222)   Post Evacuate Collection Set: 0.9ms
[2020-09-24T03:37:43.331+0000][23404][gc,phases    ] GC(222)   Other: 0.8ms
[2020-09-24T03:37:43.331+0000][23404][gc,heap      ] GC(222) Eden regions: 149->0(496)
[2020-09-24T03:37:43.331+0000][23404][gc,heap      ] GC(222) Survivor regions: 6->4(63)
[2020-09-24T03:37:43.331+0000][23404][gc,heap      ] GC(222) Old regions: 78->78
[2020-09-24T03:37:43.331+0000][23404][gc,heap      ] GC(222) Archive regions: 0->0
[2020-09-24T03:37:43.331+0000][23404][gc,heap      ] GC(222) Humongous regions: 570->174
[2020-09-24T03:37:43.331+0000][23404][gc,metaspace ] GC(222) Metaspace: 87730K(93824K)->87730K(93824K) NonClass: 76562K(80128K)->76562K(80128K) Class: 11168K(13696K)->11168K(13696K)
[2020-09-24T03:37:43.332+0000][23404][gc           ] GC(222) Pause Young (Concurrent Start) (G1 Humongous Allocation) 801M->254M(1024M) 4.626ms
[2020-09-24T03:37:43.332+0000][23404][gc,cpu       ] GC(222) User=0.00s Sys=0.00s Real=0.01s
[2020-09-24T03:37:43.332+0000][23404][gc           ] GC(223) Concurrent Cycle
[2020-09-24T03:37:43.332+0000][23404][gc,marking   ] GC(223) Concurrent Clear Claimed Marks
[2020-09-24T03:37:43.332+0000][23404][safepoint    ] Safepoint "G1TryInitiateConcMark", Time since last: 26920500 ns, Reaching safepoint: 183100 ns, At safepoint: 4874400 ns, Total: 5057500 ns
[2020-09-24T03:37:43.332+0000][23404][gc,marking   ] GC(223) Concurrent Clear Claimed Marks 0.448ms
[2020-09-24T03:37:43.332+0000][23404][gc,marking   ] GC(223) Concurrent Scan Root Regions
[2020-09-24T03:37:43.335+0000][23404][gc,marking   ] GC(223) Concurrent Scan Root Regions 2.897ms
[2020-09-24T03:37:43.335+0000][23404][gc,marking   ] GC(223) Concurrent Mark (135.769s)
[2020-09-24T03:37:43.335+0000][23404][gc,marking   ] GC(223) Concurrent Mark From Roots
[2020-09-24T03:37:43.335+0000][23404][gc,task      ] GC(223) Using 2 workers of 2 for marking
[2020-09-24T03:37:43.429+0000][23404][gc,marking   ] GC(223) Concurrent Mark From Roots 93.924ms
[2020-09-24T03:37:43.429+0000][23404][gc,marking   ] GC(223) Concurrent Preclean
[2020-09-24T03:37:43.430+0000][23404][gc,marking   ] GC(223) Concurrent Preclean 0.447ms
[2020-09-24T03:37:43.430+0000][23404][gc,marking   ] GC(223) Concurrent Mark (135.769s, 135.864s) 94.522ms
[2020-09-24T03:37:43.430+0000][23404][gc,start     ] GC(223) Pause Remark
[2020-09-24T03:37:43.435+0000][23404][gc           ] GC(223) Pause Remark 461M->461M(1024M) 5.214ms
[2020-09-24T03:37:43.435+0000][23404][gc,cpu       ] GC(223) User=0.09s Sys=0.02s Real=0.00s
[2020-09-24T03:37:43.435+0000][23404][safepoint    ] Safepoint "G1Concurrent", Time since last: 98141300 ns, Reaching safepoint: 129300 ns, At safepoint: 5442000 ns, Total: 5571300 ns
[2020-09-24T03:37:43.435+0000][23404][gc,marking   ] GC(223) Concurrent Rebuild Remembered Sets
[2020-09-24T03:37:43.492+0000][23404][gc,marking   ] GC(223) Concurrent Rebuild Remembered Sets 56.781ms
[2020-09-24T03:37:43.493+0000][23404][gc,start     ] GC(223) Pause Cleanup
[2020-09-24T03:37:43.493+0000][23404][gc           ] GC(223) Pause Cleanup 535M->535M(1024M) 0.396ms
[2020-09-24T03:37:43.493+0000][23404][gc,cpu       ] GC(223) User=0.00s Sys=0.00s Real=0.00s
[2020-09-24T03:37:43.493+0000][23404][safepoint    ] Safepoint "G1Concurrent", Time since last: 56946400 ns, Reaching safepoint: 201500 ns, At safepoint: 613700 ns, Total: 815200 ns
[2020-09-24T03:37:43.493+0000][23404][gc,marking   ] GC(223) Concurrent Cleanup for Next Mark
[2020-09-24T03:37:43.495+0000][23404][gc,marking   ] GC(223) Concurrent Cleanup for Next Mark 1.526ms
[2020-09-24T03:37:43.495+0000][23404][gc           ] GC(223) Concurrent Cycle 163.259ms
[2020-09-24T03:37:43.510+0000][23404][gc,start     ] GC(224) Pause Young (Concurrent Start) (G1 Humongous Allocation)
[2020-09-24T03:37:43.511+0000][23404][gc,task      ] GC(224) Using 8 workers of 8 for evacuation
[2020-09-24T03:37:43.511+0000][23404][gc,age       ] GC(224) Desired survivor size 33030144 bytes, new threshold 15 (max threshold 15)
[2020-09-24T03:37:43.514+0000][23404][gc,age       ] GC(224) Age table with threshold 15 (max threshold 15)
[2020-09-24T03:37:43.514+0000][23404][gc,age       ] GC(224) - age   1:    3919000 bytes,    3919000 total
[2020-09-24T03:37:43.514+0000][23404][gc,age       ] GC(224) - age   2:      11760 bytes,    3930760 total
[2020-09-24T03:37:43.514+0000][23404][gc,age       ] GC(224) - age   3:       5776 bytes,    3936536 total
[2020-09-24T03:37:43.514+0000][23404][gc,age       ] GC(224) - age   4:      23136 bytes,    3959672 total
[2020-09-24T03:37:43.514+0000][23404][gc,age       ] GC(224) - age   5:      12592 bytes,    3972264 total
[2020-09-24T03:37:43.514+0000][23404][gc,age       ] GC(224) - age   6:       2168 bytes,    3974432 total
[2020-09-24T03:37:43.514+0000][23404][gc,age       ] GC(224) - age   7:      63016 bytes,    4037448 total
[2020-09-24T03:37:43.514+0000][23404][gc,age       ] GC(224) - age   8:       8656 bytes,    4046104 total
[2020-09-24T03:37:43.514+0000][23404][gc,age       ] GC(224) - age   9:      61752 bytes,    4107856 total
[2020-09-24T03:37:43.514+0000][23404][gc,age       ] GC(224) - age  10:       1224 bytes,    4109080 total
[2020-09-24T03:37:43.514+0000][23404][gc,age       ] GC(224) - age  11:       2184 bytes,    4111264 total
[2020-09-24T03:37:43.514+0000][23404][gc,age       ] GC(224) - age  12:       4728 bytes,    4115992 total
[2020-09-24T03:37:43.514+0000][23404][gc,age       ] GC(224) - age  13:       2448 bytes,    4118440 total
[2020-09-24T03:37:43.515+0000][23404][gc,age       ] GC(224) - age  14:      54176 bytes,    4172616 total
[2020-09-24T03:37:43.515+0000][23404][gc,age       ] GC(224) - age  15:       1128 bytes,    4173744 total
[2020-09-24T03:37:43.515+0000][23404][gc,phases    ] GC(224)   Pre Evacuate Collection Set: 0.4ms
[2020-09-24T03:37:43.515+0000][23404][gc,phases    ] GC(224)   Merge Heap Roots: 0.1ms
[2020-09-24T03:37:43.515+0000][23404][gc,phases    ] GC(224)   Evacuate Collection Set: 2.2ms
[2020-09-24T03:37:43.515+0000][23404][gc,phases    ] GC(224)   Post Evacuate Collection Set: 0.8ms
[2020-09-24T03:37:43.515+0000][23404][gc,phases    ] GC(224)   Other: 0.7ms
[2020-09-24T03:37:43.515+0000][23404][gc,heap      ] GC(224) Eden regions: 80->0(475)
[2020-09-24T03:37:43.515+0000][23404][gc,heap      ] GC(224) Survivor regions: 4->5(63)
[2020-09-24T03:37:43.515+0000][23404][gc,heap      ] GC(224) Old regions: 78->78
[2020-09-24T03:37:43.515+0000][23404][gc,heap      ] GC(224) Archive regions: 0->0
[2020-09-24T03:37:43.515+0000][23404][gc,heap      ] GC(224) Humongous regions: 382->174
[2020-09-24T03:37:43.515+0000][23404][gc,metaspace ] GC(224) Metaspace: 87730K(93824K)->87730K(93824K) NonClass: 76562K(80128K)->76562K(80128K) Class: 11168K(13696K)->11168K(13696K)
[2020-09-24T03:37:43.515+0000][23404][gc           ] GC(224) Pause Young (Concurrent Start) (G1 Humongous Allocation) 542M->255M(1024M) 4.448ms
[2020-09-24T03:37:43.515+0000][23404][gc,cpu       ] GC(224) User=0.00s Sys=0.00s Real=0.01s
[2020-09-24T03:37:43.515+0000][23404][gc           ] GC(225) Concurrent Cycle
[2020-09-24T03:37:43.515+0000][23404][safepoint    ] Safepoint "G1TryInitiateConcMark", Time since last: 17117800 ns, Reaching safepoint: 133500 ns, At safepoint: 4605200 ns, Total: 4738700 ns
[2020-09-24T03:37:43.515+0000][23404][gc,marking   ] GC(225) Concurrent Clear Claimed Marks
[2020-09-24T03:37:43.516+0000][23404][gc,marking   ] GC(225) Concurrent Clear Claimed Marks 0.474ms
[2020-09-24T03:37:43.516+0000][23404][gc,marking   ] GC(225) Concurrent Scan Root Regions
[2020-09-24T03:37:43.518+0000][23404][gc,marking   ] GC(225) Concurrent Scan Root Regions 2.100ms
[2020-09-24T03:37:43.518+0000][23404][gc,marking   ] GC(225) Concurrent Mark (135.952s)
[2020-09-24T03:37:43.518+0000][23404][gc,marking   ] GC(225) Concurrent Mark From Roots
[2020-09-24T03:37:43.518+0000][23404][gc,task      ] GC(225) Using 2 workers of 2 for marking
[2020-09-24T03:37:43.629+0000][23404][gc,marking   ] GC(225) Concurrent Mark From Roots 110.849ms
[2020-09-24T03:37:43.629+0000][23404][gc,marking   ] GC(225) Concurrent Preclean
[2020-09-24T03:37:43.629+0000][23404][gc,marking   ] GC(225) Concurrent Preclean 0.496ms
[2020-09-24T03:37:43.629+0000][23404][gc,marking   ] GC(225) Concurrent Mark (135.952s, 136.063s) 111.522ms
[2020-09-24T03:37:43.630+0000][23404][gc,start     ] GC(225) Pause Remark
[2020-09-24T03:37:43.636+0000][23404][gc           ] GC(225) Pause Remark 391M->391M(1024M) 6.446ms
[2020-09-24T03:37:43.636+0000][23404][gc,cpu       ] GC(225) User=0.11s Sys=0.00s Real=0.01s
[2020-09-24T03:37:43.636+0000][23404][safepoint    ] Safepoint "G1Concurrent", Time since last: 114405800 ns, Reaching safepoint: 166000 ns, At safepoint: 6689200 ns, Total: 6855200 ns
[2020-09-24T03:37:43.636+0000][23404][gc,marking   ] GC(225) Concurrent Rebuild Remembered Sets
[2020-09-24T03:37:43.716+0000][23404][gc,marking   ] GC(225) Concurrent Rebuild Remembered Sets 79.672ms
[2020-09-24T03:37:43.716+0000][23404][gc,start     ] GC(225) Pause Cleanup
[2020-09-24T03:37:43.717+0000][23404][gc           ] GC(225) Pause Cleanup 465M->465M(1024M) 0.287ms
[2020-09-24T03:37:43.717+0000][23404][gc,cpu       ] GC(225) User=0.00s Sys=0.00s Real=0.00s
[2020-09-24T03:37:43.717+0000][23404][safepoint    ] Safepoint "G1Concurrent", Time since last: 79854400 ns, Reaching safepoint: 166100 ns, At safepoint: 490500 ns, Total: 656600 ns
[2020-09-24T03:37:43.717+0000][23404][gc,marking   ] GC(225) Concurrent Cleanup for Next Mark
[2020-09-24T03:37:43.719+0000][23404][gc,marking   ] GC(225) Concurrent Cleanup for Next Mark 1.730ms
[2020-09-24T03:37:43.719+0000][23404][gc           ] GC(225) Concurrent Cycle 203.675ms
[2020-09-24T03:37:43.729+0000][23404][gc,start     ] GC(226) Pause Young (Concurrent Start) (G1 Humongous Allocation)
[2020-09-24T03:37:43.729+0000][23404][gc,task      ] GC(226) Using 8 workers of 8 for evacuation
[2020-09-24T03:37:43.729+0000][23404][gc,age       ] GC(226) Desired survivor size 31457280 bytes, new threshold 15 (max threshold 15)
[2020-09-24T03:37:43.732+0000][23404][gc,age       ] GC(226) Age table with threshold 15 (max threshold 15)
[2020-09-24T03:37:43.732+0000][23404][gc,age       ] GC(226) - age   1:    3017760 bytes,    3017760 total
[2020-09-24T03:37:43.732+0000][23404][gc,age       ] GC(226) - age   2:       3488 bytes,    3021248 total
[2020-09-24T03:37:43.732+0000][23404][gc,age       ] GC(226) - age   3:       2360 bytes,    3023608 total
[2020-09-24T03:37:43.732+0000][23404][gc,age       ] GC(226) - age   4:       5584 bytes,    3029192 total
[2020-09-24T03:37:43.732+0000][23404][gc,age       ] GC(226) - age   5:      22120 bytes,    3051312 total
[2020-09-24T03:37:43.732+0000][23404][gc,age       ] GC(226) - age   6:      12464 bytes,    3063776 total
[2020-09-24T03:37:43.732+0000][23404][gc,age       ] GC(226) - age   7:       2168 bytes,    3065944 total
[2020-09-24T03:37:43.733+0000][23404][gc,age       ] GC(226) - age   8:      63016 bytes,    3128960 total
[2020-09-24T03:37:43.733+0000][23404][gc,age       ] GC(226) - age   9:       8560 bytes,    3137520 total
[2020-09-24T03:37:43.733+0000][23404][gc,age       ] GC(226) - age  10:      61752 bytes,    3199272 total
[2020-09-24T03:37:43.733+0000][23404][gc,age       ] GC(226) - age  11:       1096 bytes,    3200368 total
[2020-09-24T03:37:43.733+0000][23404][gc,age       ] GC(226) - age  12:       2088 bytes,    3202456 total
[2020-09-24T03:37:43.733+0000][23404][gc,age       ] GC(226) - age  13:       4696 bytes,    3207152 total
[2020-09-24T03:37:43.733+0000][23404][gc,age       ] GC(226) - age  14:       2448 bytes,    3209600 total
[2020-09-24T03:37:43.733+0000][23404][gc,age       ] GC(226) - age  15:      54048 bytes,    3263648 total
[2020-09-24T03:37:43.733+0000][23404][gc,phases    ] GC(226)   Pre Evacuate Collection Set: 0.4ms
[2020-09-24T03:37:43.733+0000][23404][gc,phases    ] GC(226)   Merge Heap Roots: 0.1ms
[2020-09-24T03:37:43.733+0000][23404][gc,phases    ] GC(226)   Evacuate Collection Set: 1.9ms
[2020-09-24T03:37:43.733+0000][23404][gc,phases    ] GC(226)   Post Evacuate Collection Set: 0.8ms
[2020-09-24T03:37:43.733+0000][23404][gc,phases    ] GC(226)   Other: 0.9ms
[2020-09-24T03:37:43.733+0000][23404][gc,heap      ] GC(226) Eden regions: 68->0(481)
[2020-09-24T03:37:43.733+0000][23404][gc,heap      ] GC(226) Survivor regions: 5->4(60)
[2020-09-24T03:37:43.733+0000][23404][gc,heap      ] GC(226) Old regions: 78->78
[2020-09-24T03:37:43.733+0000][23404][gc,heap      ] GC(226) Archive regions: 0->0
[2020-09-24T03:37:43.733+0000][23404][gc,heap      ] GC(226) Humongous regions: 322->174
[2020-09-24T03:37:43.733+0000][23404][gc,metaspace ] GC(226) Metaspace: 87751K(93824K)->87751K(93824K) NonClass: 76582K(80128K)->76582K(80128K) Class: 11169K(13696K)->11169K(13696K)
[2020-09-24T03:37:43.733+0000][23404][gc           ] GC(226) Pause Young (Concurrent Start) (G1 Humongous Allocation) 470M->254M(1024M) 4.403ms
[2020-09-24T03:37:43.733+0000][23404][gc,cpu       ] GC(226) User=0.00s Sys=0.00s Real=0.00s
[2020-09-24T03:37:43.733+0000][23404][safepoint    ] Safepoint "G1TryInitiateConcMark", Time since last: 11895400 ns, Reaching safepoint: 130700 ns, At safepoint: 4599600 ns, Total: 4730300 ns
[2020-09-24T03:37:43.733+0000][23404][gc           ] GC(227) Concurrent Cycle
[2020-09-24T03:37:43.734+0000][23404][gc,marking   ] GC(227) Concurrent Clear Claimed Marks
[2020-09-24T03:37:43.734+0000][23404][gc,marking   ] GC(227) Concurrent Clear Claimed Marks 0.402ms
[2020-09-24T03:37:43.734+0000][23404][gc,marking   ] GC(227) Concurrent Scan Root Regions
[2020-09-24T03:37:43.736+0000][23404][gc,marking   ] GC(227) Concurrent Scan Root Regions 2.133ms
[2020-09-24T03:37:43.736+0000][23404][gc,marking   ] GC(227) Concurrent Mark (136.170s)
[2020-09-24T03:37:43.736+0000][23404][gc,marking   ] GC(227) Concurrent Mark From Roots
[2020-09-24T03:37:43.736+0000][23404][gc,task      ] GC(227) Using 2 workers of 2 for marking
[2020-09-24T03:37:43.890+0000][23404][gc,marking   ] GC(227) Concurrent Mark From Roots 153.586ms
[2020-09-24T03:37:43.890+0000][23404][gc,marking   ] GC(227) Concurrent Preclean
[2020-09-24T03:37:43.890+0000][23404][gc,marking   ] GC(227) Concurrent Preclean 0.396ms
[2020-09-24T03:37:43.890+0000][23404][gc,marking   ] GC(227) Concurrent Mark (136.170s, 136.324s) 154.153ms
[2020-09-24T03:37:43.891+0000][23404][gc,start     ] GC(227) Pause Remark
[2020-09-24T03:37:43.898+0000][23404][gc           ] GC(227) Pause Remark 585M->585M(1024M) 7.277ms
[2020-09-24T03:37:43.898+0000][23404][gc,cpu       ] GC(227) User=0.00s Sys=0.00s Real=0.01s
[2020-09-24T03:37:43.898+0000][23404][safepoint    ] Safepoint "G1Concurrent", Time since last: 157070900 ns, Reaching safepoint: 346600 ns, At safepoint: 7593900 ns, Total: 7940500 ns
[2020-09-24T03:37:43.898+0000][23404][gc,marking   ] GC(227) Concurrent Rebuild Remembered Sets
[2020-09-24T03:37:43.982+0000][23404][gc,marking   ] GC(227) Concurrent Rebuild Remembered Sets 83.803ms
[2020-09-24T03:37:43.983+0000][23404][gc,start     ] GC(227) Pause Cleanup
[2020-09-24T03:37:43.983+0000][23404][gc           ] GC(227) Pause Cleanup 670M->670M(1024M) 0.292ms
[2020-09-24T03:37:43.983+0000][23404][gc,cpu       ] GC(227) User=0.00s Sys=0.00s Real=0.00s
[2020-09-24T03:37:43.983+0000][23404][safepoint    ] Safepoint "G1Concurrent", Time since last: 83984700 ns, Reaching safepoint: 168700 ns, At safepoint: 479300 ns, Total: 648000 ns
[2020-09-24T03:37:43.983+0000][23404][gc,marking   ] GC(227) Concurrent Cleanup for Next Mark
[2020-09-24T03:37:43.985+0000][23404][gc,marking   ] GC(227) Concurrent Cleanup for Next Mark 1.451ms
[2020-09-24T03:37:43.985+0000][23404][gc           ] GC(227) Concurrent Cycle 251.262ms
[2020-09-24T03:37:43.988+0000][23404][gc,start     ] GC(228) Pause Young (Concurrent Start) (G1 Humongous Allocation)
[2020-09-24T03:37:43.988+0000][23404][gc,task      ] GC(228) Using 8 workers of 8 for evacuation
[2020-09-24T03:37:43.989+0000][23404][gc,age       ] GC(228) Desired survivor size 31981568 bytes, new threshold 15 (max threshold 15)
[2020-09-24T03:37:43.992+0000][23404][gc,age       ] GC(228) Age table with threshold 15 (max threshold 15)
[2020-09-24T03:37:43.992+0000][23404][gc,age       ] GC(228) - age   1:    3904600 bytes,    3904600 total
[2020-09-24T03:37:43.992+0000][23404][gc,age       ] GC(228) - age   2:       6272 bytes,    3910872 total
[2020-09-24T03:37:43.992+0000][23404][gc,age       ] GC(228) - age   3:       1984 bytes,    3912856 total
[2020-09-24T03:37:43.992+0000][23404][gc,age       ] GC(228) - age   4:       1720 bytes,    3914576 total
[2020-09-24T03:37:43.992+0000][23404][gc,age       ] GC(228) - age   5:       5456 bytes,    3920032 total
[2020-09-24T03:37:43.992+0000][23404][gc,age       ] GC(228) - age   6:      22016 bytes,    3942048 total
[2020-09-24T03:37:43.992+0000][23404][gc,age       ] GC(228) - age   7:      12336 bytes,    3954384 total
[2020-09-24T03:37:43.992+0000][23404][gc,age       ] GC(228) - age   8:       2168 bytes,    3956552 total
[2020-09-24T03:37:43.992+0000][23404][gc,age       ] GC(228) - age   9:      63016 bytes,    4019568 total
[2020-09-24T03:37:43.992+0000][23404][gc,age       ] GC(228) - age  10:       8560 bytes,    4028128 total
[2020-09-24T03:37:43.992+0000][23404][gc,age       ] GC(228) - age  11:      61752 bytes,    4089880 total
[2020-09-24T03:37:43.993+0000][23404][gc,age       ] GC(228) - age  12:       1032 bytes,    4090912 total
[2020-09-24T03:37:43.993+0000][23404][gc,age       ] GC(228) - age  13:       2088 bytes,    4093000 total
[2020-09-24T03:37:43.993+0000][23404][gc,age       ] GC(228) - age  14:       4696 bytes,    4097696 total
[2020-09-24T03:37:43.993+0000][23404][gc,age       ] GC(228) - age  15:       2416 bytes,    4100112 total
[2020-09-24T03:37:43.993+0000][23404][gc,phases    ] GC(228)   Pre Evacuate Collection Set: 0.4ms
[2020-09-24T03:37:43.993+0000][23404][gc,phases    ] GC(228)   Merge Heap Roots: 0.1ms
[2020-09-24T03:37:43.993+0000][23404][gc,phases    ] GC(228)   Evacuate Collection Set: 2.1ms
[2020-09-24T03:37:43.993+0000][23404][gc,phases    ] GC(228)   Post Evacuate Collection Set: 0.9ms
[2020-09-24T03:37:43.993+0000][23404][gc,phases    ] GC(228)   Other: 0.8ms
[2020-09-24T03:37:43.993+0000][23404][gc,heap      ] GC(228) Eden regions: 117->0(485)
[2020-09-24T03:37:43.993+0000][23404][gc,heap      ] GC(228) Survivor regions: 4->5(61)
[2020-09-24T03:37:43.993+0000][23404][gc,heap      ] GC(228) Old regions: 78->78
[2020-09-24T03:37:43.993+0000][23404][gc,heap      ] GC(228) Archive regions: 0->0
[2020-09-24T03:37:43.993+0000][23404][gc,heap      ] GC(228) Humongous regions: 478->174
[2020-09-24T03:37:43.993+0000][23404][gc,metaspace ] GC(228) Metaspace: 87784K(93824K)->87784K(93824K) NonClass: 76614K(80128K)->76614K(80128K) Class: 11169K(13696K)->11169K(13696K)
[2020-09-24T03:37:43.993+0000][23404][gc           ] GC(228) Pause Young (Concurrent Start) (G1 Humongous Allocation) 674M->255M(1024M) 4.612ms
[2020-09-24T03:37:43.993+0000][23404][gc,cpu       ] GC(228) User=0.02s Sys=0.00s Real=0.01s
[2020-09-24T03:37:43.993+0000][23404][gc           ] GC(229) Concurrent Cycle
[2020-09-24T03:37:43.993+0000][23404][safepoint    ] Safepoint "G1TryInitiateConcMark", Time since last: 5191200 ns, Reaching safepoint: 157700 ns, At safepoint: 4796800 ns, Total: 4954500 ns
[2020-09-24T03:37:43.993+0000][23404][gc,marking   ] GC(229) Concurrent Clear Claimed Marks
[2020-09-24T03:37:43.994+0000][23404][gc,marking   ] GC(229) Concurrent Clear Claimed Marks 0.487ms
[2020-09-24T03:37:43.994+0000][23404][gc,marking   ] GC(229) Concurrent Scan Root Regions
[2020-09-24T03:37:43.996+0000][23404][gc,marking   ] GC(229) Concurrent Scan Root Regions 2.333ms
[2020-09-24T03:37:43.996+0000][23404][gc,marking   ] GC(229) Concurrent Mark (136.430s)
[2020-09-24T03:37:43.996+0000][23404][gc,marking   ] GC(229) Concurrent Mark From Roots
[2020-09-24T03:37:43.996+0000][23404][gc,task      ] GC(229) Using 2 workers of 2 for marking
[2020-09-24T03:37:44.103+0000][23404][gc,marking   ] GC(229) Concurrent Mark From Roots 107.044ms
[2020-09-24T03:37:44.103+0000][23404][gc,marking   ] GC(229) Concurrent Preclean
[2020-09-24T03:37:44.104+0000][23404][gc,marking   ] GC(229) Concurrent Preclean 0.281ms
[2020-09-24T03:37:44.104+0000][23404][gc,marking   ] GC(229) Concurrent Mark (136.430s, 136.538s) 107.450ms
[2020-09-24T03:37:44.104+0000][23404][gc,start     ] GC(229) Pause Remark
[2020-09-24T03:37:44.111+0000][23404][gc           ] GC(229) Pause Remark 459M->459M(1024M) 6.542ms
[2020-09-24T03:37:44.111+0000][23404][gc,cpu       ] GC(229) User=0.00s Sys=0.00s Real=0.01s
[2020-09-24T03:37:44.111+0000][23404][safepoint    ] Safepoint "G1Concurrent", Time since last: 110621300 ns, Reaching safepoint: 189600 ns, At safepoint: 6791500 ns, Total: 6981100 ns
[2020-09-24T03:37:44.111+0000][23404][gc,marking   ] GC(229) Concurrent Rebuild Remembered Sets
[2020-09-24T03:37:44.171+0000][23404][gc,marking   ] GC(229) Concurrent Rebuild Remembered Sets 60.572ms
[2020-09-24T03:37:44.172+0000][23404][gc,start     ] GC(229) Pause Cleanup
[2020-09-24T03:37:44.172+0000][23404][gc           ] GC(229) Pause Cleanup 538M->538M(1024M) 0.245ms
[2020-09-24T03:37:44.172+0000][23404][gc,cpu       ] GC(229) User=0.00s Sys=0.00s Real=0.00s
[2020-09-24T03:37:44.172+0000][23404][safepoint    ] Safepoint "G1Concurrent", Time since last: 60735300 ns, Reaching safepoint: 127400 ns, At safepoint: 405700 ns, Total: 533100 ns
[2020-09-24T03:37:44.172+0000][23404][gc,marking   ] GC(229) Concurrent Cleanup for Next Mark
[2020-09-24T03:37:44.174+0000][23404][gc,marking   ] GC(229) Concurrent Cleanup for Next Mark 1.380ms
[2020-09-24T03:37:44.174+0000][23404][gc           ] GC(229) Concurrent Cycle 180.436ms
[2020-09-24T03:37:44.183+0000][23404][gc,start     ] GC(230) Pause Young (Concurrent Start) (G1 Humongous Allocation)
[2020-09-24T03:37:44.184+0000][23404][gc,task      ] GC(230) Using 8 workers of 8 for evacuation
[2020-09-24T03:37:44.184+0000][23404][gc,age       ] GC(230) Desired survivor size 32505856 bytes, new threshold 15 (max threshold 15)
[2020-09-24T03:37:44.187+0000][23404][gc,age       ] GC(230) Age table with threshold 15 (max threshold 15)
[2020-09-24T03:37:44.187+0000][23404][gc,age       ] GC(230) - age   1:    3594600 bytes,    3594600 total
[2020-09-24T03:37:44.187+0000][23404][gc,age       ] GC(230) - age   2:     205144 bytes,    3799744 total
[2020-09-24T03:37:44.187+0000][23404][gc,age       ] GC(230) - age   3:       5416 bytes,    3805160 total
[2020-09-24T03:37:44.187+0000][23404][gc,age       ] GC(230) - age   4:       1280 bytes,    3806440 total
[2020-09-24T03:37:44.187+0000][23404][gc,age       ] GC(230) - age   5:       1488 bytes,    3807928 total
[2020-09-24T03:37:44.187+0000][23404][gc,age       ] GC(230) - age   6:       4608 bytes,    3812536 total
[2020-09-24T03:37:44.187+0000][23404][gc,age       ] GC(230) - age   7:      21888 bytes,    3834424 total
[2020-09-24T03:37:44.187+0000][23404][gc,age       ] GC(230) - age   8:      12272 bytes,    3846696 total
[2020-09-24T03:37:44.187+0000][23404][gc,age       ] GC(230) - age   9:       2168 bytes,    3848864 total
[2020-09-24T03:37:44.187+0000][23404][gc,age       ] GC(230) - age  10:      62984 bytes,    3911848 total
[2020-09-24T03:37:44.187+0000][23404][gc,age       ] GC(230) - age  11:       8432 bytes,    3920280 total
[2020-09-24T03:37:44.187+0000][23404][gc,age       ] GC(230) - age  12:      61752 bytes,    3982032 total
[2020-09-24T03:37:44.187+0000][23404][gc,age       ] GC(230) - age  13:       1032 bytes,    3983064 total
[2020-09-24T03:37:44.187+0000][23404][gc,age       ] GC(230) - age  14:       1960 bytes,    3985024 total
[2020-09-24T03:37:44.187+0000][23404][gc,age       ] GC(230) - age  15:       4696 bytes,    3989720 total
[2020-09-24T03:37:44.187+0000][23404][gc,phases    ] GC(230)   Pre Evacuate Collection Set: 0.3ms
[2020-09-24T03:37:44.187+0000][23404][gc,phases    ] GC(230)   Merge Heap Roots: 0.1ms
[2020-09-24T03:37:44.187+0000][23404][gc,phases    ] GC(230)   Evacuate Collection Set: 1.9ms
[2020-09-24T03:37:44.187+0000][23404][gc,phases    ] GC(230)   Post Evacuate Collection Set: 0.8ms
[2020-09-24T03:37:44.187+0000][23404][gc,phases    ] GC(230)   Other: 0.7ms
[2020-09-24T03:37:44.187+0000][23404][gc,heap      ] GC(230) Eden regions: 81->0(489)
[2020-09-24T03:37:44.187+0000][23404][gc,heap      ] GC(230) Survivor regions: 5->4(62)
[2020-09-24T03:37:44.187+0000][23404][gc,heap      ] GC(230) Old regions: 78->78
[2020-09-24T03:37:44.187+0000][23404][gc,heap      ] GC(230) Archive regions: 0->0
[2020-09-24T03:37:44.187+0000][23404][gc,heap      ] GC(230) Humongous regions: 382->174
[2020-09-24T03:37:44.187+0000][23404][gc,metaspace ] GC(230) Metaspace: 87784K(93824K)->87784K(93824K) NonClass: 76614K(80128K)->76614K(80128K) Class: 11169K(13696K)->11169K(13696K)
[2020-09-24T03:37:44.187+0000][23404][gc           ] GC(230) Pause Young (Concurrent Start) (G1 Humongous Allocation) 543M->255M(1024M) 4.005ms
[2020-09-24T03:37:44.188+0000][23404][gc,cpu       ] GC(230) User=0.00s Sys=0.00s Real=0.00s
[2020-09-24T03:37:44.188+0000][23404][safepoint    ] Safepoint "G1TryInitiateConcMark", Time since last: 11216300 ns, Reaching safepoint: 161100 ns, At safepoint: 4160800 ns, Total: 4321900 ns
[2020-09-24T03:37:44.188+0000][23404][gc           ] GC(231) Concurrent Cycle
[2020-09-24T03:37:44.188+0000][23404][gc,marking   ] GC(231) Concurrent Clear Claimed Marks
[2020-09-24T03:37:44.188+0000][23404][gc,marking   ] GC(231) Concurrent Clear Claimed Marks 0.366ms
[2020-09-24T03:37:44.188+0000][23404][gc,marking   ] GC(231) Concurrent Scan Root Regions
[2020-09-24T03:37:44.190+0000][23404][gc,marking   ] GC(231) Concurrent Scan Root Regions 1.709ms
[2020-09-24T03:37:44.190+0000][23404][gc,marking   ] GC(231) Concurrent Mark (136.624s)
[2020-09-24T03:37:44.190+0000][23404][gc,marking   ] GC(231) Concurrent Mark From Roots
[2020-09-24T03:37:44.190+0000][23404][gc,task      ] GC(231) Using 2 workers of 2 for marking
[2020-09-24T03:37:44.321+0000][23404][gc,marking   ] GC(231) Concurrent Mark From Roots 130.974ms
[2020-09-24T03:37:44.321+0000][23404][gc,marking   ] GC(231) Concurrent Preclean
[2020-09-24T03:37:44.321+0000][23404][gc,marking   ] GC(231) Concurrent Preclean 0.313ms
[2020-09-24T03:37:44.321+0000][23404][gc,marking   ] GC(231) Concurrent Mark (136.624s, 136.755s) 131.416ms
[2020-09-24T03:37:44.322+0000][23404][gc,start     ] GC(231) Pause Remark
[2020-09-24T03:37:44.327+0000][23404][gc           ] GC(231) Pause Remark 666M->666M(1024M) 5.578ms
[2020-09-24T03:37:44.327+0000][23404][gc,cpu       ] GC(231) User=0.00s Sys=0.00s Real=0.00s
[2020-09-24T03:37:44.327+0000][23404][safepoint    ] Safepoint "G1Concurrent", Time since last: 133791800 ns, Reaching safepoint: 150000 ns, At safepoint: 5859300 ns, Total: 6009300 ns
[2020-09-24T03:37:44.327+0000][23404][gc,marking   ] GC(231) Concurrent Rebuild Remembered Sets
[2020-09-24T03:37:44.413+0000][23404][gc,marking   ] GC(231) Concurrent Rebuild Remembered Sets 85.127ms
[2020-09-24T03:37:44.413+0000][23404][gc,start     ] GC(231) Pause Cleanup
[2020-09-24T03:37:44.414+0000][23404][gc           ] GC(231) Pause Cleanup 905M->905M(1024M) 0.411ms
[2020-09-24T03:37:44.414+0000][23404][gc,cpu       ] GC(231) User=0.00s Sys=0.00s Real=0.00s
[2020-09-24T03:37:44.414+0000][23404][safepoint    ] Safepoint "G1Concurrent", Time since last: 85366800 ns, Reaching safepoint: 341600 ns, At safepoint: 882200 ns, Total: 1223800 ns
[2020-09-24T03:37:44.414+0000][23404][gc,marking   ] GC(231) Concurrent Cleanup for Next Mark
[2020-09-24T03:37:44.417+0000][23404][gc,marking   ] GC(231) Concurrent Cleanup for Next Mark 2.516ms
[2020-09-24T03:37:44.417+0000][23404][gc           ] GC(231) Concurrent Cycle 229.196ms
[2020-09-24T03:37:44.417+0000][23404][gc,start     ] GC(232) Pause Young (Concurrent Start) (G1 Humongous Allocation)
[2020-09-24T03:37:44.417+0000][23404][gc,task      ] GC(232) Using 8 workers of 8 for evacuation
[2020-09-24T03:37:44.417+0000][23404][gc,age       ] GC(232) Desired survivor size 32505856 bytes, new threshold 15 (max threshold 15)
[2020-09-24T03:37:44.422+0000][23404][gc,age       ] GC(232) Age table with threshold 15 (max threshold 15)
[2020-09-24T03:37:44.422+0000][23404][gc,age       ] GC(232) - age   1:    5645856 bytes,    5645856 total
[2020-09-24T03:37:44.422+0000][23404][gc,age       ] GC(232) - age   2:       3432 bytes,    5649288 total
[2020-09-24T03:37:44.422+0000][23404][gc,age       ] GC(232) - age   3:       2656 bytes,    5651944 total
[2020-09-24T03:37:44.422+0000][23404][gc,age       ] GC(232) - age   4:       4432 bytes,    5656376 total
[2020-09-24T03:37:44.422+0000][23404][gc,age       ] GC(232) - age   5:       1120 bytes,    5657496 total
[2020-09-24T03:37:44.422+0000][23404][gc,age       ] GC(232) - age   6:       1200 bytes,    5658696 total
[2020-09-24T03:37:44.422+0000][23404][gc,age       ] GC(232) - age   7:       4608 bytes,    5663304 total
[2020-09-24T03:37:44.422+0000][23404][gc,age       ] GC(232) - age   8:      21856 bytes,    5685160 total
[2020-09-24T03:37:44.422+0000][23404][gc,age       ] GC(232) - age   9:      12240 bytes,    5697400 total
[2020-09-24T03:37:44.422+0000][23404][gc,age       ] GC(232) - age  10:       2168 bytes,    5699568 total
[2020-09-24T03:37:44.422+0000][23404][gc,age       ] GC(232) - age  11:      62984 bytes,    5762552 total
[2020-09-24T03:37:44.422+0000][23404][gc,age       ] GC(232) - age  12:       8368 bytes,    5770920 total
[2020-09-24T03:37:44.422+0000][23404][gc,age       ] GC(232) - age  13:      61688 bytes,    5832608 total
[2020-09-24T03:37:44.422+0000][23404][gc,age       ] GC(232) - age  14:       1032 bytes,    5833640 total
[2020-09-24T03:37:44.422+0000][23404][gc,age       ] GC(232) - age  15:       1960 bytes,    5835600 total
[2020-09-24T03:37:44.423+0000][23404][gc,phases    ] GC(232)   Pre Evacuate Collection Set: 0.4ms
[2020-09-24T03:37:44.423+0000][23404][gc,phases    ] GC(232)   Merge Heap Roots: 0.1ms
[2020-09-24T03:37:44.423+0000][23404][gc,phases    ] GC(232)   Evacuate Collection Set: 2.5ms
[2020-09-24T03:37:44.423+0000][23404][gc,phases    ] GC(232)   Post Evacuate Collection Set: 1.2ms
[2020-09-24T03:37:44.423+0000][23404][gc,phases    ] GC(232)   Other: 1.1ms
[2020-09-24T03:37:44.423+0000][23404][gc,heap      ] GC(232) Eden regions: 164->0(486)
[2020-09-24T03:37:44.423+0000][23404][gc,heap      ] GC(232) Survivor regions: 4->6(62)
[2020-09-24T03:37:44.423+0000][23404][gc,heap      ] GC(232) Old regions: 78->78
[2020-09-24T03:37:44.423+0000][23404][gc,heap      ] GC(232) Archive regions: 0->0
[2020-09-24T03:37:44.423+0000][23404][gc,heap      ] GC(232) Humongous regions: 676->174
[2020-09-24T03:37:44.423+0000][23404][gc,metaspace ] GC(232) Metaspace: 87792K(93824K)->87792K(93824K) NonClass: 76623K(80128K)->76623K(80128K) Class: 11169K(13696K)->11169K(13696K)
[2020-09-24T03:37:44.423+0000][23404][gc           ] GC(232) Pause Young (Concurrent Start) (G1 Humongous Allocation) 920M->257M(1024M) 5.639ms
[2020-09-24T03:37:44.423+0000][23404][gc,cpu       ] GC(232) User=0.00s Sys=0.00s Real=0.01s
[2020-09-24T03:37:44.423+0000][23404][gc           ] GC(233) Concurrent Cycle
[2020-09-24T03:37:44.423+0000][23404][gc,marking   ] GC(233) Concurrent Clear Claimed Marks
[2020-09-24T03:37:44.423+0000][23404][safepoint    ] Safepoint "G1TryInitiateConcMark", Time since last: 2889500 ns, Reaching safepoint: 264400 ns, At safepoint: 6028100 ns, Total: 6292500 ns
[2020-09-24T03:37:44.424+0000][23404][gc,marking   ] GC(233) Concurrent Clear Claimed Marks 0.468ms
[2020-09-24T03:37:44.424+0000][23404][gc,marking   ] GC(233) Concurrent Scan Root Regions
[2020-09-24T03:37:44.425+0000][23404][gc,marking   ] GC(233) Concurrent Scan Root Regions 1.897ms
[2020-09-24T03:37:44.426+0000][23404][gc,marking   ] GC(233) Concurrent Mark (136.860s)
[2020-09-24T03:37:44.426+0000][23404][gc,marking   ] GC(233) Concurrent Mark From Roots
[2020-09-24T03:37:44.426+0000][23404][gc,task      ] GC(233) Using 2 workers of 2 for marking
[2020-09-24T03:37:44.546+0000][23404][gc,marking   ] GC(233) Concurrent Mark From Roots 119.903ms
[2020-09-24T03:37:44.546+0000][23404][gc,marking   ] GC(233) Concurrent Preclean
[2020-09-24T03:37:44.546+0000][23404][gc,marking   ] GC(233) Concurrent Preclean 0.476ms
[2020-09-24T03:37:44.546+0000][23404][gc,marking   ] GC(233) Concurrent Mark (136.860s, 136.980s) 120.594ms
[2020-09-24T03:37:44.547+0000][23404][gc,start     ] GC(233) Pause Remark
[2020-09-24T03:37:44.553+0000][23404][gc           ] GC(233) Pause Remark 436M->436M(1024M) 6.243ms
[2020-09-24T03:37:44.553+0000][23404][gc,cpu       ] GC(233) User=0.00s Sys=0.00s Real=0.01s
[2020-09-24T03:37:44.553+0000][23404][safepoint    ] Safepoint "G1Concurrent", Time since last: 123143500 ns, Reaching safepoint: 172100 ns, At safepoint: 6484800 ns, Total: 6656900 ns
[2020-09-24T03:37:44.553+0000][23404][gc,marking   ] GC(233) Concurrent Rebuild Remembered Sets
[2020-09-24T03:37:44.627+0000][23404][gc,marking   ] GC(233) Concurrent Rebuild Remembered Sets 74.403ms
[2020-09-24T03:37:44.628+0000][23404][gc,start     ] GC(233) Pause Cleanup
[2020-09-24T03:37:44.628+0000][23404][gc           ] GC(233) Pause Cleanup 570M->570M(1024M) 0.302ms
[2020-09-24T03:37:44.628+0000][23404][gc,cpu       ] GC(233) User=0.00s Sys=0.00s Real=0.00s
[2020-09-24T03:37:44.628+0000][23404][safepoint    ] Safepoint "G1Concurrent", Time since last: 74598200 ns, Reaching safepoint: 175600 ns, At safepoint: 465800 ns, Total: 641400 ns
[2020-09-24T03:37:44.628+0000][23404][gc,marking   ] GC(233) Concurrent Cleanup for Next Mark
[2020-09-24T03:37:44.630+0000][23404][gc,marking   ] GC(233) Concurrent Cleanup for Next Mark 1.610ms
[2020-09-24T03:37:44.630+0000][23404][gc           ] GC(233) Concurrent Cycle 206.992ms
[2020-09-24T03:37:44.661+0000][23404][gc,start     ] GC(234) Pause Young (Concurrent Start) (G1 Humongous Allocation)
[2020-09-24T03:37:44.661+0000][23404][gc,task      ] GC(234) Using 8 workers of 8 for evacuation
[2020-09-24T03:37:44.661+0000][23404][gc,age       ] GC(234) Desired survivor size 32505856 bytes, new threshold 15 (max threshold 15)
[2020-09-24T03:37:44.666+0000][23404][gc,age       ] GC(234) Age table with threshold 15 (max threshold 15)
[2020-09-24T03:37:44.666+0000][23404][gc,age       ] GC(234) - age   1:    3926672 bytes,    3926672 total
[2020-09-24T03:37:44.666+0000][23404][gc,age       ] GC(234) - age   2:      15056 bytes,    3941728 total
[2020-09-24T03:37:44.666+0000][23404][gc,age       ] GC(234) - age   3:       2760 bytes,    3944488 total
[2020-09-24T03:37:44.666+0000][23404][gc,age       ] GC(234) - age   4:       2064 bytes,    3946552 total
[2020-09-24T03:37:44.666+0000][23404][gc,age       ] GC(234) - age   5:       3416 bytes,    3949968 total
[2020-09-24T03:37:44.666+0000][23404][gc,age       ] GC(234) - age   6:        800 bytes,    3950768 total
[2020-09-24T03:37:44.666+0000][23404][gc,age       ] GC(234) - age   7:       1200 bytes,    3951968 total
[2020-09-24T03:37:44.666+0000][23404][gc,age       ] GC(234) - age   8:       4608 bytes,    3956576 total
[2020-09-24T03:37:44.666+0000][23404][gc,age       ] GC(234) - age   9:      21792 bytes,    3978368 total
[2020-09-24T03:37:44.666+0000][23404][gc,age       ] GC(234) - age  10:      12240 bytes,    3990608 total
[2020-09-24T03:37:44.666+0000][23404][gc,age       ] GC(234) - age  11:       2040 bytes,    3992648 total
[2020-09-24T03:37:44.666+0000][23404][gc,age       ] GC(234) - age  12:      62920 bytes,    4055568 total
[2020-09-24T03:37:44.666+0000][23404][gc,age       ] GC(234) - age  13:       8368 bytes,    4063936 total
[2020-09-24T03:37:44.666+0000][23404][gc,age       ] GC(234) - age  14:      61688 bytes,    4125624 total
[2020-09-24T03:37:44.666+0000][23404][gc,age       ] GC(234) - age  15:        968 bytes,    4126592 total
[2020-09-24T03:37:44.666+0000][23404][gc,phases    ] GC(234)   Pre Evacuate Collection Set: 0.5ms
[2020-09-24T03:37:44.666+0000][23404][gc,phases    ] GC(234)   Merge Heap Roots: 0.1ms
[2020-09-24T03:37:44.666+0000][23404][gc,phases    ] GC(234)   Evacuate Collection Set: 2.4ms
[2020-09-24T03:37:44.666+0000][23404][gc,phases    ] GC(234)   Post Evacuate Collection Set: 1.0ms
[2020-09-24T03:37:44.666+0000][23404][gc,phases    ] GC(234)   Other: 1.2ms
[2020-09-24T03:37:44.667+0000][23404][gc,heap      ] GC(234) Eden regions: 109->0(490)
[2020-09-24T03:37:44.667+0000][23404][gc,heap      ] GC(234) Survivor regions: 6->5(62)
[2020-09-24T03:37:44.667+0000][23404][gc,heap      ] GC(234) Old regions: 78->78
[2020-09-24T03:37:44.667+0000][23404][gc,heap      ] GC(234) Archive regions: 0->0
[2020-09-24T03:37:44.667+0000][23404][gc,heap      ] GC(234) Humongous regions: 388->174
[2020-09-24T03:37:44.667+0000][23404][gc,metaspace ] GC(234) Metaspace: 87796K(93824K)->87796K(93824K) NonClass: 76627K(80128K)->76627K(80128K) Class: 11169K(13696K)->11169K(13696K)
[2020-09-24T03:37:44.667+0000][23404][gc           ] GC(234) Pause Young (Concurrent Start) (G1 Humongous Allocation) 580M->255M(1024M) 5.580ms
[2020-09-24T03:37:44.667+0000][23404][gc,cpu       ] GC(234) User=0.03s Sys=0.00s Real=0.01s
[2020-09-24T03:37:44.667+0000][23404][gc           ] GC(235) Concurrent Cycle
[2020-09-24T03:37:44.667+0000][23404][safepoint    ] Safepoint "G1TryInitiateConcMark", Time since last: 32749400 ns, Reaching safepoint: 177200 ns, At safepoint: 5788900 ns, Total: 5966100 ns
[2020-09-24T03:37:44.667+0000][23404][gc,marking   ] GC(235) Concurrent Clear Claimed Marks
[2020-09-24T03:37:44.668+0000][23404][gc,marking   ] GC(235) Concurrent Clear Claimed Marks 0.653ms
[2020-09-24T03:37:44.668+0000][23404][gc,marking   ] GC(235) Concurrent Scan Root Regions
[2020-09-24T03:37:44.671+0000][23404][gc,marking   ] GC(235) Concurrent Scan Root Regions 3.041ms
[2020-09-24T03:37:44.671+0000][23404][gc,marking   ] GC(235) Concurrent Mark (137.105s)
[2020-09-24T03:37:44.671+0000][23404][gc,marking   ] GC(235) Concurrent Mark From Roots
[2020-09-24T03:37:44.671+0000][23404][gc,task      ] GC(235) Using 2 workers of 2 for marking
[2020-09-24T03:37:44.805+0000][23404][gc,marking   ] GC(235) Concurrent Mark From Roots 134.275ms
[2020-09-24T03:37:44.805+0000][23404][gc,marking   ] GC(235) Concurrent Preclean
[2020-09-24T03:37:44.806+0000][23404][gc,marking   ] GC(235) Concurrent Preclean 0.525ms
[2020-09-24T03:37:44.806+0000][23404][gc,marking   ] GC(235) Concurrent Mark (137.105s, 137.240s) 135.061ms
[2020-09-24T03:37:44.806+0000][23404][gc,start     ] GC(235) Pause Remark
[2020-09-24T03:37:44.813+0000][23404][gc           ] GC(235) Pause Remark 394M->394M(1024M) 7.095ms
[2020-09-24T03:37:44.814+0000][23404][gc,cpu       ] GC(235) User=0.00s Sys=0.00s Real=0.01s
[2020-09-24T03:37:44.814+0000][23404][safepoint    ] Safepoint "G1Concurrent", Time since last: 139145900 ns, Reaching safepoint: 198700 ns, At safepoint: 7770400 ns, Total: 7969100 ns
[2020-09-24T03:37:44.814+0000][23404][gc,marking   ] GC(235) Concurrent Rebuild Remembered Sets
[2020-09-24T03:37:44.901+0000][23404][gc,marking   ] GC(235) Concurrent Rebuild Remembered Sets 86.649ms
[2020-09-24T03:37:44.901+0000][23404][gc,start     ] GC(235) Pause Cleanup
[2020-09-24T03:37:44.901+0000][23404][gc           ] GC(235) Pause Cleanup 461M->461M(1024M) 0.347ms
[2020-09-24T03:37:44.902+0000][23404][gc,cpu       ] GC(235) User=0.00s Sys=0.00s Real=0.00s
[2020-09-24T03:37:44.902+0000][23404][safepoint    ] Safepoint "G1Concurrent", Time since last: 86884500 ns, Reaching safepoint: 188700 ns, At safepoint: 549200 ns, Total: 737900 ns
[2020-09-24T03:37:44.902+0000][23404][gc,marking   ] GC(235) Concurrent Cleanup for Next Mark
[2020-09-24T03:37:44.904+0000][23404][gc,marking   ] GC(235) Concurrent Cleanup for Next Mark 2.174ms
[2020-09-24T03:37:44.904+0000][23404][gc           ] GC(235) Concurrent Cycle 237.138ms
[2020-09-24T03:37:44.930+0000][23404][gc,start     ] GC(236) Pause Young (Concurrent Start) (G1 Humongous Allocation)
[2020-09-24T03:37:44.930+0000][23404][gc,task      ] GC(236) Using 8 workers of 8 for evacuation
[2020-09-24T03:37:44.930+0000][23404][gc,age       ] GC(236) Desired survivor size 32505856 bytes, new threshold 15 (max threshold 15)
[2020-09-24T03:37:44.934+0000][23404][gc,age       ] GC(236) Age table with threshold 15 (max threshold 15)
[2020-09-24T03:37:44.935+0000][23404][gc,age       ] GC(236) - age   1:    3020912 bytes,    3020912 total
[2020-09-24T03:37:44.935+0000][23404][gc,age       ] GC(236) - age   2:       5376 bytes,    3026288 total
[2020-09-24T03:37:44.935+0000][23404][gc,age       ] GC(236) - age   3:      12016 bytes,    3038304 total
[2020-09-24T03:37:44.935+0000][23404][gc,age       ] GC(236) - age   4:       2120 bytes,    3040424 total
[2020-09-24T03:37:44.935+0000][23404][gc,age       ] GC(236) - age   5:       2032 bytes,    3042456 total
[2020-09-24T03:37:44.935+0000][23404][gc,age       ] GC(236) - age   6:       3224 bytes,    3045680 total
[2020-09-24T03:37:44.935+0000][23404][gc,age       ] GC(236) - age   7:        800 bytes,    3046480 total
[2020-09-24T03:37:44.935+0000][23404][gc,age       ] GC(236) - age   8:       1136 bytes,    3047616 total
[2020-09-24T03:37:44.935+0000][23404][gc,age       ] GC(236) - age   9:       4608 bytes,    3052224 total
[2020-09-24T03:37:44.935+0000][23404][gc,age       ] GC(236) - age  10:      21792 bytes,    3074016 total
[2020-09-24T03:37:44.935+0000][23404][gc,age       ] GC(236) - age  11:      12176 bytes,    3086192 total
[2020-09-24T03:37:44.935+0000][23404][gc,age       ] GC(236) - age  12:       1976 bytes,    3088168 total
[2020-09-24T03:37:44.935+0000][23404][gc,age       ] GC(236) - age  13:      62920 bytes,    3151088 total
[2020-09-24T03:37:44.935+0000][23404][gc,age       ] GC(236) - age  14:       8368 bytes,    3159456 total
[2020-09-24T03:37:44.935+0000][23404][gc,age       ] GC(236) - age  15:      61688 bytes,    3221144 total
[2020-09-24T03:37:44.935+0000][23404][gc,phases    ] GC(236)   Pre Evacuate Collection Set: 0.5ms
[2020-09-24T03:37:44.935+0000][23404][gc,phases    ] GC(236)   Merge Heap Roots: 0.1ms
[2020-09-24T03:37:44.935+0000][23404][gc,phases    ] GC(236)   Evacuate Collection Set: 2.6ms
[2020-09-24T03:37:44.935+0000][23404][gc,phases    ] GC(236)   Post Evacuate Collection Set: 0.9ms
[2020-09-24T03:37:44.935+0000][23404][gc,phases    ] GC(236)   Other: 1.1ms
[2020-09-24T03:37:44.935+0000][23404][gc,heap      ] GC(236) Eden regions: 66->0(494)
[2020-09-24T03:37:44.936+0000][23404][gc,heap      ] GC(236) Survivor regions: 5->4(62)
[2020-09-24T03:37:44.936+0000][23404][gc,heap      ] GC(236) Old regions: 78->78
[2020-09-24T03:37:44.936+0000][23404][gc,heap      ] GC(236) Archive regions: 0->0
[2020-09-24T03:37:44.936+0000][23404][gc,heap      ] GC(236) Humongous regions: 322->174
[2020-09-24T03:37:44.936+0000][23404][gc,metaspace ] GC(236) Metaspace: 87809K(93824K)->87809K(93824K) NonClass: 76639K(80128K)->76639K(80128K) Class: 11169K(13696K)->11169K(13696K)
[2020-09-24T03:37:44.936+0000][23404][gc           ] GC(236) Pause Young (Concurrent Start) (G1 Humongous Allocation) 469M->254M(1024M) 5.809ms
[2020-09-24T03:37:44.936+0000][23404][gc,cpu       ] GC(236) User=0.03s Sys=0.00s Real=0.01s
[2020-09-24T03:37:44.936+0000][23404][gc           ] GC(237) Concurrent Cycle
[2020-09-24T03:37:44.936+0000][23404][safepoint    ] Safepoint "G1TryInitiateConcMark", Time since last: 28116000 ns, Reaching safepoint: 153800 ns, At safepoint: 6024600 ns, Total: 6178400 ns
[2020-09-24T03:37:44.936+0000][23404][gc,marking   ] GC(237) Concurrent Clear Claimed Marks
[2020-09-24T03:37:44.937+0000][23404][gc,marking   ] GC(237) Concurrent Clear Claimed Marks 0.593ms
[2020-09-24T03:37:44.937+0000][23404][gc,marking   ] GC(237) Concurrent Scan Root Regions
[2020-09-24T03:37:44.939+0000][23404][gc,marking   ] GC(237) Concurrent Scan Root Regions 2.440ms
[2020-09-24T03:37:44.939+0000][23404][gc,marking   ] GC(237) Concurrent Mark (137.373s)
[2020-09-24T03:37:44.939+0000][23404][gc,marking   ] GC(237) Concurrent Mark From Roots
[2020-09-24T03:37:44.939+0000][23404][gc,task      ] GC(237) Using 2 workers of 2 for marking
[2020-09-24T03:37:45.090+0000][23404][gc,marking   ] GC(237) Concurrent Mark From Roots 150.900ms
[2020-09-24T03:37:45.090+0000][23404][gc,marking   ] GC(237) Concurrent Preclean
[2020-09-24T03:37:45.091+0000][23404][gc,marking   ] GC(237) Concurrent Preclean 0.589ms
[2020-09-24T03:37:45.091+0000][23404][gc,marking   ] GC(237) Concurrent Mark (137.373s, 137.525s) 151.683ms
[2020-09-24T03:37:45.091+0000][23404][gc,start     ] GC(237) Pause Remark
[2020-09-24T03:37:45.098+0000][23404][gc           ] GC(237) Pause Remark 520M->520M(1024M) 6.175ms
[2020-09-24T03:37:45.098+0000][23404][gc,cpu       ] GC(237) User=0.00s Sys=0.00s Real=0.01s
[2020-09-24T03:37:45.098+0000][23404][safepoint    ] Safepoint "G1Concurrent", Time since last: 155147900 ns, Reaching safepoint: 197100 ns, At safepoint: 6664900 ns, Total: 6862000 ns
[2020-09-24T03:37:45.098+0000][23404][gc,marking   ] GC(237) Concurrent Rebuild Remembered Sets
[2020-09-24T03:37:45.192+0000][23404][gc,marking   ] GC(237) Concurrent Rebuild Remembered Sets 93.475ms
[2020-09-24T03:37:45.192+0000][23404][gc,start     ] GC(237) Pause Cleanup
[2020-09-24T03:37:45.193+0000][23404][gc           ] GC(237) Pause Cleanup 605M->605M(1024M) 0.617ms
[2020-09-24T03:37:45.193+0000][23404][gc,cpu       ] GC(237) User=0.00s Sys=0.00s Real=0.00s
[2020-09-24T03:37:45.194+0000][23404][safepoint    ] Safepoint "G1Concurrent", Time since last: 93703000 ns, Reaching safepoint: 384800 ns, At safepoint: 2111800 ns, Total: 2496600 ns
[2020-09-24T03:37:45.194+0000][23404][gc,marking   ] GC(237) Concurrent Cleanup for Next Mark
[2020-09-24T03:37:45.196+0000][23404][gc,marking   ] GC(237) Concurrent Cleanup for Next Mark 1.970ms
[2020-09-24T03:37:45.196+0000][23404][gc           ] GC(237) Concurrent Cycle 260.526ms
[2020-09-24T03:37:45.199+0000][23404][gc,start     ] GC(238) Pause Young (Concurrent Start) (G1 Humongous Allocation)
[2020-09-24T03:37:45.199+0000][23404][gc,task      ] GC(238) Using 8 workers of 8 for evacuation
[2020-09-24T03:37:45.199+0000][23404][gc,age       ] GC(238) Desired survivor size 33030144 bytes, new threshold 15 (max threshold 15)
[2020-09-24T03:37:45.202+0000][23404][gc,age       ] GC(238) Age table with threshold 15 (max threshold 15)
[2020-09-24T03:37:45.202+0000][23404][gc,age       ] GC(238) - age   1:    3456072 bytes,    3456072 total
[2020-09-24T03:37:45.202+0000][23404][gc,age       ] GC(238) - age   2:      14040 bytes,    3470112 total
[2020-09-24T03:37:45.202+0000][23404][gc,age       ] GC(238) - age   3:       3600 bytes,    3473712 total
[2020-09-24T03:37:45.202+0000][23404][gc,age       ] GC(238) - age   4:      11536 bytes,    3485248 total
[2020-09-24T03:37:45.203+0000][23404][gc,age       ] GC(238) - age   5:       1200 bytes,    3486448 total
[2020-09-24T03:37:45.203+0000][23404][gc,age       ] GC(238) - age   6:       1904 bytes,    3488352 total
[2020-09-24T03:37:45.203+0000][23404][gc,age       ] GC(238) - age   7:       3192 bytes,    3491544 total
[2020-09-24T03:37:45.203+0000][23404][gc,age       ] GC(238) - age   8:        768 bytes,    3492312 total
[2020-09-24T03:37:45.203+0000][23404][gc,age       ] GC(238) - age   9:       1096 bytes,    3493408 total
[2020-09-24T03:37:45.203+0000][23404][gc,age       ] GC(238) - age  10:       4608 bytes,    3498016 total
[2020-09-24T03:37:45.203+0000][23404][gc,age       ] GC(238) - age  11:      21792 bytes,    3519808 total
[2020-09-24T03:37:45.203+0000][23404][gc,age       ] GC(238) - age  12:      12176 bytes,    3531984 total
[2020-09-24T03:37:45.203+0000][23404][gc,age       ] GC(238) - age  13:       1976 bytes,    3533960 total
[2020-09-24T03:37:45.203+0000][23404][gc,age       ] GC(238) - age  14:      62920 bytes,    3596880 total
[2020-09-24T03:37:45.203+0000][23404][gc,age       ] GC(238) - age  15:       8368 bytes,    3605248 total
[2020-09-24T03:37:45.203+0000][23404][gc,phases    ] GC(238)   Pre Evacuate Collection Set: 0.4ms
[2020-09-24T03:37:45.203+0000][23404][gc,phases    ] GC(238)   Merge Heap Roots: 0.1ms
[2020-09-24T03:37:45.203+0000][23404][gc,phases    ] GC(238)   Evacuate Collection Set: 2.0ms
[2020-09-24T03:37:45.203+0000][23404][gc,phases    ] GC(238)   Post Evacuate Collection Set: 1.0ms
[2020-09-24T03:37:45.203+0000][23404][gc,phases    ] GC(238)   Other: 1.2ms
[2020-09-24T03:37:45.203+0000][23404][gc,heap      ] GC(238) Eden regions: 104->0(494)
[2020-09-24T03:37:45.203+0000][23404][gc,heap      ] GC(238) Survivor regions: 4->4(63)
[2020-09-24T03:37:45.203+0000][23404][gc,heap      ] GC(238) Old regions: 78->78
[2020-09-24T03:37:45.203+0000][23404][gc,heap      ] GC(238) Archive regions: 0->0
[2020-09-24T03:37:45.203+0000][23404][gc,heap      ] GC(238) Humongous regions: 422->174
[2020-09-24T03:37:45.204+0000][23404][gc,metaspace ] GC(238) Metaspace: 87830K(94080K)->87830K(94080K) NonClass: 76661K(80384K)->76661K(80384K) Class: 11169K(13696K)->11169K(13696K)
[2020-09-24T03:37:45.204+0000][23404][gc           ] GC(238) Pause Young (Concurrent Start) (G1 Humongous Allocation) 606M->254M(1024M) 5.102ms
[2020-09-24T03:37:45.204+0000][23404][gc,cpu       ] GC(238) User=0.00s Sys=0.00s Real=0.01s
[2020-09-24T03:37:45.204+0000][23404][safepoint    ] Safepoint "G1TryInitiateConcMark", Time since last: 4155100 ns, Reaching safepoint: 137300 ns, At safepoint: 5297800 ns, Total: 5435100 ns
[2020-09-24T03:37:45.204+0000][23404][gc           ] GC(239) Concurrent Cycle
[2020-09-24T03:37:45.204+0000][23404][gc,marking   ] GC(239) Concurrent Clear Claimed Marks
[2020-09-24T03:37:45.204+0000][23404][gc,marking   ] GC(239) Concurrent Clear Claimed Marks 0.454ms
[2020-09-24T03:37:45.204+0000][23404][gc,marking   ] GC(239) Concurrent Scan Root Regions
[2020-09-24T03:37:45.208+0000][23404][gc,marking   ] GC(239) Concurrent Scan Root Regions 3.125ms
[2020-09-24T03:37:45.208+0000][23404][gc,marking   ] GC(239) Concurrent Mark (137.642s)
[2020-09-24T03:37:45.208+0000][23404][gc,marking   ] GC(239) Concurrent Mark From Roots
[2020-09-24T03:37:45.208+0000][23404][gc,task      ] GC(239) Using 2 workers of 2 for marking
[2020-09-24T03:37:45.370+0000][23404][gc,marking   ] GC(239) Concurrent Mark From Roots 161.851ms
[2020-09-24T03:37:45.370+0000][23404][gc,marking   ] GC(239) Concurrent Preclean
[2020-09-24T03:37:45.370+0000][23404][gc,marking   ] GC(239) Concurrent Preclean 0.508ms
[2020-09-24T03:37:45.370+0000][23404][gc,marking   ] GC(239) Concurrent Mark (137.642s, 137.804s) 162.573ms
[2020-09-24T03:37:45.371+0000][23404][gc,start     ] GC(239) Pause Remark
[2020-09-24T03:37:45.379+0000][23404][gc           ] GC(239) Pause Remark 390M->390M(1024M) 7.957ms
[2020-09-24T03:37:45.379+0000][23404][gc,cpu       ] GC(239) User=0.00s Sys=0.00s Real=0.01s
[2020-09-24T03:37:45.379+0000][23404][safepoint    ] Safepoint "G1Concurrent", Time since last: 166597600 ns, Reaching safepoint: 157300 ns, At safepoint: 8232400 ns, Total: 8389700 ns
[2020-09-24T03:37:45.379+0000][23404][gc,marking   ] GC(239) Concurrent Rebuild Remembered Sets
[2020-09-24T03:37:45.476+0000][23404][gc,marking   ] GC(239) Concurrent Rebuild Remembered Sets 97.143ms
[2020-09-24T03:37:45.476+0000][23404][gc,start     ] GC(239) Pause Cleanup
[2020-09-24T03:37:45.477+0000][23404][gc           ] GC(239) Pause Cleanup 464M->464M(1024M) 0.417ms
[2020-09-24T03:37:45.477+0000][23404][gc,cpu       ] GC(239) User=0.00s Sys=0.00s Real=0.00s
[2020-09-24T03:37:45.477+0000][23404][safepoint    ] Safepoint "G1Concurrent", Time since last: 97462200 ns, Reaching safepoint: 176000 ns, At safepoint: 1069400 ns, Total: 1245400 ns
[2020-09-24T03:37:45.478+0000][23404][gc,marking   ] GC(239) Concurrent Cleanup for Next Mark
[2020-09-24T03:37:45.479+0000][23404][gc,marking   ] GC(239) Concurrent Cleanup for Next Mark 1.868ms
[2020-09-24T03:37:45.480+0000][23404][gc           ] GC(239) Concurrent Cycle 275.883ms
[2020-09-24T03:37:45.486+0000][23404][gc,start     ] GC(240) Pause Young (Concurrent Start) (G1 Humongous Allocation)
[2020-09-24T03:37:45.486+0000][23404][gc,task      ] GC(240) Using 8 workers of 8 for evacuation
[2020-09-24T03:37:45.486+0000][23404][gc,age       ] GC(240) Desired survivor size 33030144 bytes, new threshold 15 (max threshold 15)
[2020-09-24T03:37:45.490+0000][23404][gc,age       ] GC(240) Age table with threshold 15 (max threshold 15)
[2020-09-24T03:37:45.490+0000][23404][gc,age       ] GC(240) - age   1:    3280752 bytes,    3280752 total
[2020-09-24T03:37:45.491+0000][23404][gc,age       ] GC(240) - age   2:     608712 bytes,    3889464 total
[2020-09-24T03:37:45.491+0000][23404][gc,age       ] GC(240) - age   3:      13200 bytes,    3902664 total
[2020-09-24T03:37:45.491+0000][23404][gc,age       ] GC(240) - age   4:       2416 bytes,    3905080 total
[2020-09-24T03:37:45.491+0000][23404][gc,age       ] GC(240) - age   5:      11336 bytes,    3916416 total
[2020-09-24T03:37:45.491+0000][23404][gc,age       ] GC(240) - age   6:       1008 bytes,    3917424 total
[2020-09-24T03:37:45.491+0000][23404][gc,age       ] GC(240) - age   7:       1744 bytes,    3919168 total
[2020-09-24T03:37:45.491+0000][23404][gc,age       ] GC(240) - age   8:       3192 bytes,    3922360 total
[2020-09-24T03:37:45.491+0000][23404][gc,age       ] GC(240) - age   9:        576 bytes,    3922936 total
[2020-09-24T03:37:45.491+0000][23404][gc,age       ] GC(240) - age  10:       1096 bytes,    3924032 total
[2020-09-24T03:37:45.491+0000][23404][gc,age       ] GC(240) - age  11:       4608 bytes,    3928640 total
[2020-09-24T03:37:45.491+0000][23404][gc,age       ] GC(240) - age  12:      21792 bytes,    3950432 total
[2020-09-24T03:37:45.491+0000][23404][gc,age       ] GC(240) - age  13:      12176 bytes,    3962608 total
[2020-09-24T03:37:45.491+0000][23404][gc,age       ] GC(240) - age  14:       1976 bytes,    3964584 total
[2020-09-24T03:37:45.491+0000][23404][gc,age       ] GC(240) - age  15:      62888 bytes,    4027472 total
[2020-09-24T03:37:45.491+0000][23404][gc,phases    ] GC(240)   Pre Evacuate Collection Set: 0.5ms
[2020-09-24T03:37:45.491+0000][23404][gc,phases    ] GC(240)   Merge Heap Roots: 0.1ms
[2020-09-24T03:37:45.491+0000][23404][gc,phases    ] GC(240)   Evacuate Collection Set: 2.4ms
[2020-09-24T03:37:45.491+0000][23404][gc,phases    ] GC(240)   Post Evacuate Collection Set: 0.9ms
[2020-09-24T03:37:45.491+0000][23404][gc,phases    ] GC(240)   Other: 1.2ms
[2020-09-24T03:37:45.491+0000][23404][gc,heap      ] GC(240) Eden regions: 62->0(495)
[2020-09-24T03:37:45.491+0000][23404][gc,heap      ] GC(240) Survivor regions: 4->5(63)
[2020-09-24T03:37:45.491+0000][23404][gc,heap      ] GC(240) Old regions: 78->78
[2020-09-24T03:37:45.491+0000][23404][gc,heap      ] GC(240) Archive regions: 0->0
[2020-09-24T03:37:45.492+0000][23404][gc,heap      ] GC(240) Humongous regions: 324->174
[2020-09-24T03:37:45.492+0000][23404][gc,metaspace ] GC(240) Metaspace: 87830K(94080K)->87830K(94080K) NonClass: 76661K(80384K)->76661K(80384K) Class: 11169K(13696K)->11169K(13696K)
[2020-09-24T03:37:45.492+0000][23404][gc           ] GC(240) Pause Young (Concurrent Start) (G1 Humongous Allocation) 466M->255M(1024M) 5.405ms
[2020-09-24T03:37:45.492+0000][23404][gc,cpu       ] GC(240) User=0.00s Sys=0.00s Real=0.01s
[2020-09-24T03:37:45.492+0000][23404][gc           ] GC(241) Concurrent Cycle
[2020-09-24T03:37:45.492+0000][23404][safepoint    ] Safepoint "G1TryInitiateConcMark", Time since last: 8532100 ns, Reaching safepoint: 147600 ns, At safepoint: 5669900 ns, Total: 5817500 ns
[2020-09-24T03:37:45.492+0000][23404][gc,marking   ] GC(241) Concurrent Clear Claimed Marks
[2020-09-24T03:37:45.492+0000][23404][gc,marking   ] GC(241) Concurrent Clear Claimed Marks 0.558ms
[2020-09-24T03:37:45.493+0000][23404][gc,marking   ] GC(241) Concurrent Scan Root Regions
[2020-09-24T03:37:45.495+0000][23404][gc,marking   ] GC(241) Concurrent Scan Root Regions 2.273ms
[2020-09-24T03:37:45.495+0000][23404][gc,marking   ] GC(241) Concurrent Mark (137.929s)
[2020-09-24T03:37:45.495+0000][23404][gc,marking   ] GC(241) Concurrent Mark From Roots
[2020-09-24T03:37:45.495+0000][23404][gc,task      ] GC(241) Using 2 workers of 2 for marking
[2020-09-24T03:37:45.672+0000][23404][gc,marking   ] GC(241) Concurrent Mark From Roots 177.481ms
[2020-09-24T03:37:45.673+0000][23404][gc,marking   ] GC(241) Concurrent Preclean
[2020-09-24T03:37:45.673+0000][23404][gc,marking   ] GC(241) Concurrent Preclean 0.701ms
[2020-09-24T03:37:45.674+0000][23404][gc,marking   ] GC(241) Concurrent Mark (137.929s, 138.108s) 178.680ms
[2020-09-24T03:37:45.674+0000][23404][gc,start     ] GC(241) Pause Remark
[2020-09-24T03:37:45.681+0000][23404][gc           ] GC(241) Pause Remark 449M->449M(1024M) 6.852ms
[2020-09-24T03:37:45.681+0000][23404][gc,cpu       ] GC(241) User=0.08s Sys=0.00s Real=0.01s
[2020-09-24T03:37:45.681+0000][23404][safepoint    ] Safepoint "G1Concurrent", Time since last: 181908400 ns, Reaching safepoint: 151200 ns, At safepoint: 7107200 ns, Total: 7258400 ns
[2020-09-24T03:37:45.681+0000][23404][gc,marking   ] GC(241) Concurrent Rebuild Remembered Sets
[2020-09-24T03:37:45.777+0000][23404][gc,marking   ] GC(241) Concurrent Rebuild Remembered Sets 95.973ms
[2020-09-24T03:37:45.777+0000][23404][gc,start     ] GC(241) Pause Cleanup
[2020-09-24T03:37:45.778+0000][23404][gc           ] GC(241) Pause Cleanup 466M->466M(1024M) 0.412ms
[2020-09-24T03:37:45.778+0000][23404][gc,cpu       ] GC(241) User=0.00s Sys=0.00s Real=0.00s
[2020-09-24T03:37:45.778+0000][23404][safepoint    ] Safepoint "G1Concurrent", Time since last: 96170600 ns, Reaching safepoint: 170800 ns, At safepoint: 797000 ns, Total: 967800 ns
[2020-09-24T03:37:45.778+0000][23404][gc,marking   ] GC(241) Concurrent Cleanup for Next Mark
[2020-09-24T03:37:45.780+0000][23404][gc,marking   ] GC(241) Concurrent Cleanup for Next Mark 2.090ms
[2020-09-24T03:37:45.781+0000][23404][gc           ] GC(241) Concurrent Cycle 288.830ms
[2020-09-24T03:37:45.813+0000][23404][gc,start     ] GC(242) Pause Young (Concurrent Start) (G1 Humongous Allocation)
[2020-09-24T03:37:45.813+0000][23404][gc,task      ] GC(242) Using 8 workers of 8 for evacuation
[2020-09-24T03:37:45.813+0000][23404][gc,age       ] GC(242) Desired survivor size 33030144 bytes, new threshold 15 (max threshold 15)
[2020-09-24T03:37:45.817+0000][23404][gc,age       ] GC(242) Age table with threshold 15 (max threshold 15)
[2020-09-24T03:37:45.817+0000][23404][gc,age       ] GC(242) - age   1:    2594032 bytes,    2594032 total
[2020-09-24T03:37:45.817+0000][23404][gc,age       ] GC(242) - age   2:       2568 bytes,    2596600 total
[2020-09-24T03:37:45.817+0000][23404][gc,age       ] GC(242) - age   3:       4024 bytes,    2600624 total
[2020-09-24T03:37:45.817+0000][23404][gc,age       ] GC(242) - age   4:      12096 bytes,    2612720 total
[2020-09-24T03:37:45.817+0000][23404][gc,age       ] GC(242) - age   5:       1152 bytes,    2613872 total
[2020-09-24T03:37:45.817+0000][23404][gc,age       ] GC(242) - age   6:      11304 bytes,    2625176 total
[2020-09-24T03:37:45.817+0000][23404][gc,age       ] GC(242) - age   7:        816 bytes,    2625992 total
[2020-09-24T03:37:45.818+0000][23404][gc,age       ] GC(242) - age   8:       1744 bytes,    2627736 total
[2020-09-24T03:37:45.818+0000][23404][gc,age       ] GC(242) - age   9:       3192 bytes,    2630928 total
[2020-09-24T03:37:45.818+0000][23404][gc,age       ] GC(242) - age  10:        512 bytes,    2631440 total
[2020-09-24T03:37:45.818+0000][23404][gc,age       ] GC(242) - age  11:        904 bytes,    2632344 total
[2020-09-24T03:37:45.818+0000][23404][gc,age       ] GC(242) - age  12:       4448 bytes,    2636792 total
[2020-09-24T03:37:45.818+0000][23404][gc,age       ] GC(242) - age  13:      21792 bytes,    2658584 total
[2020-09-24T03:37:45.818+0000][23404][gc,age       ] GC(242) - age  14:      12176 bytes,    2670760 total
[2020-09-24T03:37:45.818+0000][23404][gc,age       ] GC(242) - age  15:       1944 bytes,    2672704 total
[2020-09-24T03:37:45.818+0000][23404][gc,phases    ] GC(242)   Pre Evacuate Collection Set: 0.5ms
[2020-09-24T03:37:45.818+0000][23404][gc,phases    ] GC(242)   Merge Heap Roots: 0.1ms
[2020-09-24T03:37:45.818+0000][23404][gc,phases    ] GC(242)   Evacuate Collection Set: 2.2ms
[2020-09-24T03:37:45.818+0000][23404][gc,phases    ] GC(242)   Post Evacuate Collection Set: 0.9ms
[2020-09-24T03:37:45.818+0000][23404][gc,phases    ] GC(242)   Other: 1.1ms
[2020-09-24T03:37:45.818+0000][23404][gc,heap      ] GC(242) Eden regions: 70->0(499)
[2020-09-24T03:37:45.818+0000][23404][gc,heap      ] GC(242) Survivor regions: 5->3(63)
[2020-09-24T03:37:45.818+0000][23404][gc,heap      ] GC(242) Old regions: 78->78
[2020-09-24T03:37:45.818+0000][23404][gc,heap      ] GC(242) Archive regions: 0->0
[2020-09-24T03:37:45.818+0000][23404][gc,heap      ] GC(242) Humongous regions: 324->174
[2020-09-24T03:37:45.818+0000][23404][gc,metaspace ] GC(242) Metaspace: 87847K(94080K)->87847K(94080K) NonClass: 76678K(80384K)->76678K(80384K) Class: 11169K(13696K)->11169K(13696K)
[2020-09-24T03:37:45.818+0000][23404][gc           ] GC(242) Pause Young (Concurrent Start) (G1 Humongous Allocation) 475M->254M(1024M) 5.119ms
[2020-09-24T03:37:45.818+0000][23404][gc,cpu       ] GC(242) User=0.00s Sys=0.00s Real=0.01s
[2020-09-24T03:37:45.818+0000][23404][gc           ] GC(243) Concurrent Cycle
[2020-09-24T03:37:45.818+0000][23404][safepoint    ] Safepoint "G1TryInitiateConcMark", Time since last: 34771700 ns, Reaching safepoint: 165600 ns, At safepoint: 5330500 ns, Total: 5496100 ns
[2020-09-24T03:37:45.818+0000][23404][gc,marking   ] GC(243) Concurrent Clear Claimed Marks
[2020-09-24T03:37:45.819+0000][23404][gc,marking   ] GC(243) Concurrent Clear Claimed Marks 0.597ms
[2020-09-24T03:37:45.819+0000][23404][gc,marking   ] GC(243) Concurrent Scan Root Regions
[2020-09-24T03:37:45.821+0000][23404][gc,marking   ] GC(243) Concurrent Scan Root Regions 2.131ms
[2020-09-24T03:37:45.821+0000][23404][gc,marking   ] GC(243) Concurrent Mark (138.255s)
[2020-09-24T03:37:45.821+0000][23404][gc,marking   ] GC(243) Concurrent Mark From Roots
[2020-09-24T03:37:45.821+0000][23404][gc,task      ] GC(243) Using 2 workers of 2 for marking
[2020-09-24T03:37:45.978+0000][23404][gc,marking   ] GC(243) Concurrent Mark From Roots 156.261ms
[2020-09-24T03:37:45.978+0000][23404][gc,marking   ] GC(243) Concurrent Preclean
[2020-09-24T03:37:45.978+0000][23404][gc,marking   ] GC(243) Concurrent Preclean 0.557ms
[2020-09-24T03:37:45.978+0000][23404][gc,marking   ] GC(243) Concurrent Mark (138.255s, 138.412s) 157.044ms
[2020-09-24T03:37:45.979+0000][23404][gc,start     ] GC(243) Pause Remark
[2020-09-24T03:37:45.986+0000][23404][gc           ] GC(243) Pause Remark 321M->321M(1024M) 7.092ms
[2020-09-24T03:37:45.986+0000][23404][gc,cpu       ] GC(243) User=0.00s Sys=0.00s Real=0.01s
[2020-09-24T03:37:45.986+0000][23404][safepoint    ] Safepoint "G1Concurrent", Time since last: 160122100 ns, Reaching safepoint: 249600 ns, At safepoint: 7591800 ns, Total: 7841400 ns
[2020-09-24T03:37:45.986+0000][23404][gc,marking   ] GC(243) Concurrent Rebuild Remembered Sets
[2020-09-24T03:37:46.084+0000][23404][gc,marking   ] GC(243) Concurrent Rebuild Remembered Sets 97.870ms
[2020-09-24T03:37:46.084+0000][23404][gc,start     ] GC(243) Pause Cleanup
[2020-09-24T03:37:46.084+0000][23404][gc           ] GC(243) Pause Cleanup 389M->389M(1024M) 0.309ms
[2020-09-24T03:37:46.084+0000][23404][gc,cpu       ] GC(243) User=0.00s Sys=0.00s Real=0.00s
[2020-09-24T03:37:46.085+0000][23404][safepoint    ] Safepoint "G1Concurrent", Time since last: 98099300 ns, Reaching safepoint: 174000 ns, At safepoint: 488000 ns, Total: 662000 ns
[2020-09-24T03:37:46.085+0000][23404][gc,marking   ] GC(243) Concurrent Cleanup for Next Mark
[2020-09-24T03:37:46.086+0000][23404][gc,marking   ] GC(243) Concurrent Cleanup for Next Mark 1.763ms
[2020-09-24T03:37:46.087+0000][23404][gc           ] GC(243) Concurrent Cycle 268.717ms
[2020-09-24T03:37:46.110+0000][23404][gc,start     ] GC(244) Pause Young (Concurrent Start) (G1 Humongous Allocation)
[2020-09-24T03:37:46.110+0000][23404][gc,task      ] GC(244) Using 8 workers of 8 for evacuation
[2020-09-24T03:37:46.110+0000][23404][gc,age       ] GC(244) Desired survivor size 33030144 bytes, new threshold 15 (max threshold 15)
[2020-09-24T03:37:46.115+0000][23404][gc,age       ] GC(244) Age table with threshold 15 (max threshold 15)
[2020-09-24T03:37:46.116+0000][23404][gc,age       ] GC(244) - age   1:   13600752 bytes,   13600752 total
[2020-09-24T03:37:46.116+0000][23404][gc,age       ] GC(244) - age   2:      12512 bytes,   13613264 total
[2020-09-24T03:37:46.116+0000][23404][gc,age       ] GC(244) - age   3:       1928 bytes,   13615192 total
[2020-09-24T03:37:46.116+0000][23404][gc,age       ] GC(244) - age   4:       3576 bytes,   13618768 total
[2020-09-24T03:37:46.116+0000][23404][gc,age       ] GC(244) - age   5:      11840 bytes,   13630608 total
[2020-09-24T03:37:46.116+0000][23404][gc,age       ] GC(244) - age   6:       1088 bytes,   13631696 total
[2020-09-24T03:37:46.116+0000][23404][gc,age       ] GC(244) - age   7:      11304 bytes,   13643000 total
[2020-09-24T03:37:46.116+0000][23404][gc,age       ] GC(244) - age   8:        816 bytes,   13643816 total
[2020-09-24T03:37:46.116+0000][23404][gc,age       ] GC(244) - age   9:       1744 bytes,   13645560 total
[2020-09-24T03:37:46.116+0000][23404][gc,age       ] GC(244) - age  10:       3024 bytes,   13648584 total
[2020-09-24T03:37:46.116+0000][23404][gc,age       ] GC(244) - age  11:        512 bytes,   13649096 total
[2020-09-24T03:37:46.116+0000][23404][gc,age       ] GC(244) - age  12:        904 bytes,   13650000 total
[2020-09-24T03:37:46.116+0000][23404][gc,age       ] GC(244) - age  13:       4448 bytes,   13654448 total
[2020-09-24T03:37:46.116+0000][23404][gc,age       ] GC(244) - age  14:      21792 bytes,   13676240 total
[2020-09-24T03:37:46.116+0000][23404][gc,age       ] GC(244) - age  15:      12144 bytes,   13688384 total
[2020-09-24T03:37:46.116+0000][23404][gc,phases    ] GC(244)   Pre Evacuate Collection Set: 0.5ms
[2020-09-24T03:37:46.116+0000][23404][gc,phases    ] GC(244)   Merge Heap Roots: 0.1ms
[2020-09-24T03:37:46.116+0000][23404][gc,phases    ] GC(244)   Evacuate Collection Set: 4.1ms
[2020-09-24T03:37:46.116+0000][23404][gc,phases    ] GC(244)   Post Evacuate Collection Set: 0.8ms
[2020-09-24T03:37:46.116+0000][23404][gc,phases    ] GC(244)   Other: 1.1ms
[2020-09-24T03:37:46.116+0000][23404][gc,heap      ] GC(244) Eden regions: 63->0(479)
[2020-09-24T03:37:46.116+0000][23404][gc,heap      ] GC(244) Survivor regions: 3->14(63)
[2020-09-24T03:37:46.116+0000][23404][gc,heap      ] GC(244) Old regions: 78->78
[2020-09-24T03:37:46.116+0000][23404][gc,heap      ] GC(244) Archive regions: 0->0
[2020-09-24T03:37:46.116+0000][23404][gc,heap      ] GC(244) Humongous regions: 270->174
[2020-09-24T03:37:46.117+0000][23404][gc,metaspace ] GC(244) Metaspace: 87996K(94080K)->87996K(94080K) NonClass: 76807K(80384K)->76807K(80384K) Class: 11188K(13696K)->11188K(13696K)
[2020-09-24T03:37:46.117+0000][23404][gc           ] GC(244) Pause Young (Concurrent Start) (G1 Humongous Allocation) 413M->264M(1024M) 6.942ms
[2020-09-24T03:37:46.117+0000][23404][gc,cpu       ] GC(244) User=0.00s Sys=0.00s Real=0.01s
[2020-09-24T03:37:46.117+0000][23404][gc           ] GC(245) Concurrent Cycle
[2020-09-24T03:37:46.117+0000][23404][safepoint    ] Safepoint "G1TryInitiateConcMark", Time since last: 24530600 ns, Reaching safepoint: 434600 ns, At safepoint: 7214700 ns, Total: 7649300 ns
[2020-09-24T03:37:46.117+0000][23404][gc,marking   ] GC(245) Concurrent Clear Claimed Marks
[2020-09-24T03:37:46.118+0000][23404][gc,marking   ] GC(245) Concurrent Clear Claimed Marks 1.002ms
[2020-09-24T03:37:46.118+0000][23404][gc,marking   ] GC(245) Concurrent Scan Root Regions
[2020-09-24T03:37:46.122+0000][23404][gc,marking   ] GC(245) Concurrent Scan Root Regions 4.363ms
[2020-09-24T03:37:46.123+0000][23404][gc,marking   ] GC(245) Concurrent Mark (138.557s)
[2020-09-24T03:37:46.123+0000][23404][gc,marking   ] GC(245) Concurrent Mark From Roots
[2020-09-24T03:37:46.123+0000][23404][gc,task      ] GC(245) Using 2 workers of 2 for marking
[2020-09-24T03:37:46.293+0000][23404][gc,marking   ] GC(245) Concurrent Mark From Roots 170.061ms
[2020-09-24T03:37:46.293+0000][23404][gc,marking   ] GC(245) Concurrent Preclean
[2020-09-24T03:37:46.293+0000][23404][gc,marking   ] GC(245) Concurrent Preclean 0.454ms
[2020-09-24T03:37:46.293+0000][23404][gc,marking   ] GC(245) Concurrent Mark (138.557s, 138.728s) 170.748ms
[2020-09-24T03:37:46.294+0000][23404][gc,start     ] GC(245) Pause Remark
[2020-09-24T03:37:46.301+0000][23404][gc           ] GC(245) Pause Remark 598M->598M(1024M) 7.193ms
[2020-09-24T03:37:46.301+0000][23404][gc,cpu       ] GC(245) User=0.00s Sys=0.00s Real=0.01s
[2020-09-24T03:37:46.301+0000][23404][safepoint    ] Safepoint "G1Concurrent", Time since last: 176676700 ns, Reaching safepoint: 157300 ns, At safepoint: 7509600 ns, Total: 7666900 ns
[2020-09-24T03:37:46.301+0000][23404][gc,marking   ] GC(245) Concurrent Rebuild Remembered Sets
[2020-09-24T03:37:46.387+0000][23404][gc,marking   ] GC(245) Concurrent Rebuild Remembered Sets 86.282ms
[2020-09-24T03:37:46.388+0000][23404][gc,start     ] GC(245) Pause Cleanup
[2020-09-24T03:37:46.388+0000][23404][gc           ] GC(245) Pause Cleanup 665M->665M(1024M) 0.362ms
[2020-09-24T03:37:46.388+0000][23404][gc,cpu       ] GC(245) User=0.00s Sys=0.00s Real=0.00s
[2020-09-24T03:37:46.388+0000][23404][safepoint    ] Safepoint "G1Concurrent", Time since last: 86528500 ns, Reaching safepoint: 166200 ns, At safepoint: 546100 ns, Total: 712300 ns
[2020-09-24T03:37:46.388+0000][23404][gc,marking   ] GC(245) Concurrent Cleanup for Next Mark
[2020-09-24T03:37:46.390+0000][23404][gc,marking   ] GC(245) Concurrent Cleanup for Next Mark 1.750ms
[2020-09-24T03:37:46.390+0000][23404][gc           ] GC(245) Concurrent Cycle 273.639ms
[2020-09-24T03:37:47.395+0000][23404][safepoint    ] Safepoint "Cleanup", Time since last: 1006138200 ns, Reaching safepoint: 226800 ns, At safepoint: 33100 ns, Total: 259900 ns
[2020-09-24T03:37:48.122+0000][23404][gc,start     ] GC(246) Pause Young (Concurrent Start) (G1 Humongous Allocation)
[2020-09-24T03:37:48.122+0000][23404][gc,task      ] GC(246) Using 8 workers of 8 for evacuation
[2020-09-24T03:37:48.122+0000][23404][gc,age       ] GC(246) Desired survivor size 32505856 bytes, new threshold 15 (max threshold 15)
[2020-09-24T03:37:48.126+0000][23404][gc,age       ] GC(246) Age table with threshold 15 (max threshold 15)
[2020-09-24T03:37:48.126+0000][23404][gc,age       ] GC(246) - age   1:    2850120 bytes,    2850120 total
[2020-09-24T03:37:48.126+0000][23404][gc,age       ] GC(246) - age   2:      61128 bytes,    2911248 total
[2020-09-24T03:37:48.126+0000][23404][gc,age       ] GC(246) - age   3:       1848 bytes,    2913096 total
[2020-09-24T03:37:48.126+0000][23404][gc,age       ] GC(246) - age   4:       1336 bytes,    2914432 total
[2020-09-24T03:37:48.126+0000][23404][gc,age       ] GC(246) - age   5:       2264 bytes,    2916696 total
[2020-09-24T03:37:48.126+0000][23404][gc,age       ] GC(246) - age   6:      11552 bytes,    2928248 total
[2020-09-24T03:37:48.126+0000][23404][gc,age       ] GC(246) - age   7:       1088 bytes,    2929336 total
[2020-09-24T03:37:48.126+0000][23404][gc,age       ] GC(246) - age   8:      11208 bytes,    2940544 total
[2020-09-24T03:37:48.126+0000][23404][gc,age       ] GC(246) - age   9:        784 bytes,    2941328 total
[2020-09-24T03:37:48.126+0000][23404][gc,age       ] GC(246) - age  10:       1640 bytes,    2942968 total
[2020-09-24T03:37:48.126+0000][23404][gc,age       ] GC(246) - age  11:       2896 bytes,    2945864 total
[2020-09-24T03:37:48.126+0000][23404][gc,age       ] GC(246) - age  12:        512 bytes,    2946376 total
[2020-09-24T03:37:48.126+0000][23404][gc,age       ] GC(246) - age  13:        776 bytes,    2947152 total
[2020-09-24T03:37:48.126+0000][23404][gc,age       ] GC(246) - age  14:       4384 bytes,    2951536 total
[2020-09-24T03:37:48.126+0000][23404][gc,age       ] GC(246) - age  15:      21792 bytes,    2973328 total
[2020-09-24T03:37:48.126+0000][23404][gc,phases    ] GC(246)   Pre Evacuate Collection Set: 0.4ms
[2020-09-24T03:37:48.126+0000][23404][gc,phases    ] GC(246)   Merge Heap Roots: 0.1ms
[2020-09-24T03:37:48.126+0000][23404][gc,phases    ] GC(246)   Evacuate Collection Set: 2.0ms
[2020-09-24T03:37:48.127+0000][23404][gc,phases    ] GC(246)   Post Evacuate Collection Set: 1.2ms
[2020-09-24T03:37:48.127+0000][23404][gc,phases    ] GC(246)   Other: 0.8ms
[2020-09-24T03:37:48.127+0000][23404][gc,heap      ] GC(246) Eden regions: 265->0(492)
[2020-09-24T03:37:48.127+0000][23404][gc,heap      ] GC(246) Survivor regions: 14->4(62)
[2020-09-24T03:37:48.127+0000][23404][gc,heap      ] GC(246) Old regions: 78->78
[2020-09-24T03:37:48.127+0000][23404][gc,heap      ] GC(246) Archive regions: 0->0
[2020-09-24T03:37:48.127+0000][23404][gc,heap      ] GC(246) Humongous regions: 478->174
[2020-09-24T03:37:48.127+0000][23404][gc,metaspace ] GC(246) Metaspace: 88168K(94336K)->88168K(94336K) NonClass: 76977K(80640K)->76977K(80640K) Class: 11190K(13696K)->11190K(13696K)
[2020-09-24T03:37:48.127+0000][23404][gc           ] GC(246) Pause Young (Concurrent Start) (G1 Humongous Allocation) 833M->254M(1024M) 4.817ms
[2020-09-24T03:37:48.127+0000][23404][gc,cpu       ] GC(246) User=0.00s Sys=0.00s Real=0.01s
[2020-09-24T03:37:48.127+0000][23404][safepoint    ] Safepoint "G1TryInitiateConcMark", Time since last: 726664100 ns, Reaching safepoint: 148700 ns, At safepoint: 4973300 ns, Total: 5122000 ns
[2020-09-24T03:37:48.127+0000][23404][gc           ] GC(247) Concurrent Cycle
[2020-09-24T03:37:48.127+0000][23404][gc,marking   ] GC(247) Concurrent Clear Claimed Marks
[2020-09-24T03:37:48.127+0000][23404][gc,marking   ] GC(247) Concurrent Clear Claimed Marks 0.531ms
[2020-09-24T03:37:48.128+0000][23404][gc,marking   ] GC(247) Concurrent Scan Root Regions
[2020-09-24T03:37:48.130+0000][23404][gc,marking   ] GC(247) Concurrent Scan Root Regions 2.369ms
[2020-09-24T03:37:48.130+0000][23404][gc,marking   ] GC(247) Concurrent Mark (140.564s)
[2020-09-24T03:37:48.130+0000][23404][gc,marking   ] GC(247) Concurrent Mark From Roots
[2020-09-24T03:37:48.130+0000][23404][gc,task      ] GC(247) Using 2 workers of 2 for marking
[2020-09-24T03:37:48.257+0000][23404][gc,marking   ] GC(247) Concurrent Mark From Roots 126.688ms
[2020-09-24T03:37:48.257+0000][23404][gc,marking   ] GC(247) Concurrent Preclean
[2020-09-24T03:37:48.257+0000][23404][gc,marking   ] GC(247) Concurrent Preclean 0.369ms
[2020-09-24T03:37:48.257+0000][23404][gc,marking   ] GC(247) Concurrent Mark (140.564s, 140.691s) 127.208ms
[2020-09-24T03:37:48.258+0000][23404][gc,start     ] GC(247) Pause Remark
[2020-09-24T03:37:48.264+0000][23404][gc           ] GC(247) Pause Remark 423M->423M(1024M) 6.424ms
[2020-09-24T03:37:48.264+0000][23404][gc,cpu       ] GC(247) User=0.11s Sys=0.00s Real=0.01s
[2020-09-24T03:37:48.264+0000][23404][safepoint    ] Safepoint "G1Concurrent", Time since last: 130541000 ns, Reaching safepoint: 164000 ns, At safepoint: 6693000 ns, Total: 6857000 ns
[2020-09-24T03:37:48.264+0000][23404][gc,marking   ] GC(247) Concurrent Rebuild Remembered Sets
[2020-09-24T03:37:48.340+0000][23404][gc,marking   ] GC(247) Concurrent Rebuild Remembered Sets 75.701ms
[2020-09-24T03:37:48.340+0000][23404][gc,start     ] GC(247) Pause Cleanup
[2020-09-24T03:37:48.341+0000][23404][gc           ] GC(247) Pause Cleanup 430M->430M(1024M) 0.330ms
[2020-09-24T03:37:48.341+0000][23404][gc,cpu       ] GC(247) User=0.00s Sys=0.00s Real=0.00s
[2020-09-24T03:37:48.341+0000][23404][safepoint    ] Safepoint "G1Concurrent", Time since last: 75905400 ns, Reaching safepoint: 128200 ns, At safepoint: 493400 ns, Total: 621600 ns
[2020-09-24T03:37:48.341+0000][23404][gc,marking   ] GC(247) Concurrent Cleanup for Next Mark
[2020-09-24T03:37:48.343+0000][23404][gc,marking   ] GC(247) Concurrent Cleanup for Next Mark 1.674ms
[2020-09-24T03:37:48.343+0000][23404][gc           ] GC(247) Concurrent Cycle 215.813ms
[2020-09-24T03:37:48.398+0000][23404][gc,start     ] GC(248) Pause Young (Concurrent Start) (G1 Humongous Allocation)
[2020-09-24T03:37:48.398+0000][23404][gc,task      ] GC(248) Using 8 workers of 8 for evacuation
[2020-09-24T03:37:48.398+0000][23404][gc,age       ] GC(248) Desired survivor size 32505856 bytes, new threshold 15 (max threshold 15)
[2020-09-24T03:37:48.402+0000][23404][gc,age       ] GC(248) Age table with threshold 15 (max threshold 15)
[2020-09-24T03:37:48.402+0000][23404][gc,age       ] GC(248) - age   1:    3299968 bytes,    3299968 total
[2020-09-24T03:37:48.402+0000][23404][gc,age       ] GC(248) - age   2:     171336 bytes,    3471304 total
[2020-09-24T03:37:48.402+0000][23404][gc,age       ] GC(248) - age   3:      60872 bytes,    3532176 total
[2020-09-24T03:37:48.402+0000][23404][gc,age       ] GC(248) - age   4:       1304 bytes,    3533480 total
[2020-09-24T03:37:48.402+0000][23404][gc,age       ] GC(248) - age   5:       1016 bytes,    3534496 total
[2020-09-24T03:37:48.402+0000][23404][gc,age       ] GC(248) - age   6:       2264 bytes,    3536760 total
[2020-09-24T03:37:48.402+0000][23404][gc,age       ] GC(248) - age   7:      11488 bytes,    3548248 total
[2020-09-24T03:37:48.402+0000][23404][gc,age       ] GC(248) - age   8:       1024 bytes,    3549272 total
[2020-09-24T03:37:48.402+0000][23404][gc,age       ] GC(248) - age   9:      11208 bytes,    3560480 total
[2020-09-24T03:37:48.402+0000][23404][gc,age       ] GC(248) - age  10:        752 bytes,    3561232 total
[2020-09-24T03:37:48.402+0000][23404][gc,age       ] GC(248) - age  11:       1640 bytes,    3562872 total
[2020-09-24T03:37:48.402+0000][23404][gc,age       ] GC(248) - age  12:       2896 bytes,    3565768 total
[2020-09-24T03:37:48.402+0000][23404][gc,age       ] GC(248) - age  13:        384 bytes,    3566152 total
[2020-09-24T03:37:48.402+0000][23404][gc,age       ] GC(248) - age  14:        776 bytes,    3566928 total
[2020-09-24T03:37:48.402+0000][23404][gc,age       ] GC(248) - age  15:       4352 bytes,    3571280 total
[2020-09-24T03:37:48.402+0000][23404][gc,phases    ] GC(248)   Pre Evacuate Collection Set: 0.4ms
[2020-09-24T03:37:48.402+0000][23404][gc,phases    ] GC(248)   Merge Heap Roots: 0.1ms
[2020-09-24T03:37:48.402+0000][23404][gc,phases    ] GC(248)   Evacuate Collection Set: 2.3ms
[2020-09-24T03:37:48.402+0000][23404][gc,phases    ] GC(248)   Post Evacuate Collection Set: 0.8ms
[2020-09-24T03:37:48.402+0000][23404][gc,phases    ] GC(248)   Other: 0.8ms
[2020-09-24T03:37:48.402+0000][23404][gc,heap      ] GC(248) Eden regions: 57->0(494)
[2020-09-24T03:37:48.402+0000][23404][gc,heap      ] GC(248) Survivor regions: 4->4(62)
[2020-09-24T03:37:48.402+0000][23404][gc,heap      ] GC(248) Old regions: 78->78
[2020-09-24T03:37:48.402+0000][23404][gc,heap      ] GC(248) Archive regions: 0->0
[2020-09-24T03:37:48.402+0000][23404][gc,heap      ] GC(248) Humongous regions: 298->174
[2020-09-24T03:37:48.402+0000][23404][gc,metaspace ] GC(248) Metaspace: 88190K(94336K)->88190K(94336K) NonClass: 76997K(80640K)->76997K(80640K) Class: 11193K(13696K)->11193K(13696K)
[2020-09-24T03:37:48.402+0000][23404][gc           ] GC(248) Pause Young (Concurrent Start) (G1 Humongous Allocation) 435M->255M(1024M) 4.745ms
[2020-09-24T03:37:48.403+0000][23404][gc,cpu       ] GC(248) User=0.11s Sys=0.00s Real=0.01s
[2020-09-24T03:37:48.403+0000][23404][gc           ] GC(249) Concurrent Cycle
[2020-09-24T03:37:48.403+0000][23404][safepoint    ] Safepoint "G1TryInitiateConcMark", Time since last: 56739000 ns, Reaching safepoint: 156800 ns, At safepoint: 4950800 ns, Total: 5107600 ns
[2020-09-24T03:37:48.403+0000][23404][gc,marking   ] GC(249) Concurrent Clear Claimed Marks
[2020-09-24T03:37:48.403+0000][23404][gc,marking   ] GC(249) Concurrent Clear Claimed Marks 0.586ms
[2020-09-24T03:37:48.403+0000][23404][gc,marking   ] GC(249) Concurrent Scan Root Regions
[2020-09-24T03:37:48.406+0000][23404][gc,marking   ] GC(249) Concurrent Scan Root Regions 2.769ms
[2020-09-24T03:37:48.406+0000][23404][gc,marking   ] GC(249) Concurrent Mark (140.840s)
[2020-09-24T03:37:48.406+0000][23404][gc,marking   ] GC(249) Concurrent Mark From Roots
[2020-09-24T03:37:48.406+0000][23404][gc,task      ] GC(249) Using 2 workers of 2 for marking
[2020-09-24T03:37:48.518+0000][23404][gc,marking   ] GC(249) Concurrent Mark From Roots 111.891ms
[2020-09-24T03:37:48.518+0000][23404][gc,marking   ] GC(249) Concurrent Preclean
[2020-09-24T03:37:48.519+0000][23404][gc,marking   ] GC(249) Concurrent Preclean 0.357ms
[2020-09-24T03:37:48.519+0000][23404][gc,marking   ] GC(249) Concurrent Mark (140.840s, 140.953s) 112.413ms
[2020-09-24T03:37:48.519+0000][23404][gc,start     ] GC(249) Pause Remark
[2020-09-24T03:37:48.525+0000][23404][gc           ] GC(249) Pause Remark 398M->398M(1024M) 5.655ms
[2020-09-24T03:37:48.525+0000][23404][gc,cpu       ] GC(249) User=0.11s Sys=0.00s Real=0.01s
[2020-09-24T03:37:48.525+0000][23404][safepoint    ] Safepoint "G1Concurrent", Time since last: 116136900 ns, Reaching safepoint: 159500 ns, At safepoint: 5878200 ns, Total: 6037700 ns
[2020-09-24T03:37:48.525+0000][23404][gc,marking   ] GC(249) Concurrent Rebuild Remembered Sets
[2020-09-24T03:37:48.591+0000][23404][gc,marking   ] GC(249) Concurrent Rebuild Remembered Sets 66.187ms
[2020-09-24T03:37:48.591+0000][23404][gc,start     ] GC(249) Pause Cleanup
[2020-09-24T03:37:48.592+0000][23404][gc           ] GC(249) Pause Cleanup 399M->399M(1024M) 0.264ms
[2020-09-24T03:37:48.592+0000][23404][gc,cpu       ] GC(249) User=0.00s Sys=0.00s Real=0.00s
[2020-09-24T03:37:48.592+0000][23404][safepoint    ] Safepoint "G1Concurrent", Time since last: 66384400 ns, Reaching safepoint: 142100 ns, At safepoint: 421600 ns, Total: 563700 ns
[2020-09-24T03:37:48.592+0000][23404][gc,marking   ] GC(249) Concurrent Cleanup for Next Mark
[2020-09-24T03:37:48.594+0000][23404][gc,marking   ] GC(249) Concurrent Cleanup for Next Mark 1.991ms
[2020-09-24T03:37:48.594+0000][23404][gc           ] GC(249) Concurrent Cycle 191.300ms
[2020-09-24T03:37:48.909+0000][23404][gc,start     ] GC(250) Pause Young (Concurrent Start) (G1 Humongous Allocation)
[2020-09-24T03:37:48.909+0000][23404][gc,task      ] GC(250) Using 8 workers of 8 for evacuation
[2020-09-24T03:37:48.909+0000][23404][gc,age       ] GC(250) Desired survivor size 33030144 bytes, new threshold 15 (max threshold 15)
[2020-09-24T03:37:48.912+0000][23404][gc,age       ] GC(250) Age table with threshold 15 (max threshold 15)
[2020-09-24T03:37:48.912+0000][23404][gc,age       ] GC(250) - age   1:    3243272 bytes,    3243272 total
[2020-09-24T03:37:48.912+0000][23404][gc,age       ] GC(250) - age   2:      18032 bytes,    3261304 total
[2020-09-24T03:37:48.912+0000][23404][gc,age       ] GC(250) - age   3:     152384 bytes,    3413688 total
[2020-09-24T03:37:48.912+0000][23404][gc,age       ] GC(250) - age   4:      56856 bytes,    3470544 total
[2020-09-24T03:37:48.912+0000][23404][gc,age       ] GC(250) - age   5:       1240 bytes,    3471784 total
[2020-09-24T03:37:48.912+0000][23404][gc,age       ] GC(250) - age   6:       1016 bytes,    3472800 total
[2020-09-24T03:37:48.913+0000][23404][gc,age       ] GC(250) - age   7:       2264 bytes,    3475064 total
[2020-09-24T03:37:48.913+0000][23404][gc,age       ] GC(250) - age   8:      11488 bytes,    3486552 total
[2020-09-24T03:37:48.913+0000][23404][gc,age       ] GC(250) - age   9:       1024 bytes,    3487576 total
[2020-09-24T03:37:48.913+0000][23404][gc,age       ] GC(250) - age  10:      11208 bytes,    3498784 total
[2020-09-24T03:37:48.913+0000][23404][gc,age       ] GC(250) - age  11:        752 bytes,    3499536 total
[2020-09-24T03:37:48.913+0000][23404][gc,age       ] GC(250) - age  12:       1544 bytes,    3501080 total
[2020-09-24T03:37:48.913+0000][23404][gc,age       ] GC(250) - age  13:       2656 bytes,    3503736 total
[2020-09-24T03:37:48.913+0000][23404][gc,age       ] GC(250) - age  14:        352 bytes,    3504088 total
[2020-09-24T03:37:48.913+0000][23404][gc,age       ] GC(250) - age  15:        744 bytes,    3504832 total
[2020-09-24T03:37:48.913+0000][23404][gc,phases    ] GC(250)   Pre Evacuate Collection Set: 0.3ms
[2020-09-24T03:37:48.913+0000][23404][gc,phases    ] GC(250)   Merge Heap Roots: 0.1ms
[2020-09-24T03:37:48.913+0000][23404][gc,phases    ] GC(250)   Evacuate Collection Set: 2.1ms
[2020-09-24T03:37:48.913+0000][23404][gc,phases    ] GC(250)   Post Evacuate Collection Set: 0.6ms
[2020-09-24T03:37:48.913+0000][23404][gc,phases    ] GC(250)   Other: 0.9ms
[2020-09-24T03:37:48.913+0000][23404][gc,heap      ] GC(250) Eden regions: 50->0(496)
[2020-09-24T03:37:48.913+0000][23404][gc,heap      ] GC(250) Survivor regions: 4->4(63)
[2020-09-24T03:37:48.913+0000][23404][gc,heap      ] GC(250) Old regions: 78->78
[2020-09-24T03:37:48.913+0000][23404][gc,heap      ] GC(250) Archive regions: 0->0
[2020-09-24T03:37:48.913+0000][23404][gc,heap      ] GC(250) Humongous regions: 288->174
[2020-09-24T03:37:48.913+0000][23404][gc,metaspace ] GC(250) Metaspace: 88331K(94336K)->88331K(94336K) NonClass: 77112K(80640K)->77112K(80640K) Class: 11218K(13696K)->11218K(13696K)
[2020-09-24T03:37:48.913+0000][23404][gc           ] GC(250) Pause Young (Concurrent Start) (G1 Humongous Allocation) 419M->255M(1024M) 4.420ms
[2020-09-24T03:37:48.913+0000][23404][gc,cpu       ] GC(250) User=0.00s Sys=0.00s Real=0.00s
[2020-09-24T03:37:48.913+0000][23404][gc           ] GC(251) Concurrent Cycle
[2020-09-24T03:37:48.913+0000][23404][safepoint    ] Safepoint "G1TryInitiateConcMark", Time since last: 317438000 ns, Reaching safepoint: 204700 ns, At safepoint: 4586400 ns, Total: 4791100 ns
[2020-09-24T03:37:48.913+0000][23404][gc,marking   ] GC(251) Concurrent Clear Claimed Marks
[2020-09-24T03:37:48.914+0000][23404][gc,marking   ] GC(251) Concurrent Clear Claimed Marks 0.527ms
[2020-09-24T03:37:48.914+0000][23404][gc,marking   ] GC(251) Concurrent Scan Root Regions
[2020-09-24T03:37:48.917+0000][23404][gc,marking   ] GC(251) Concurrent Scan Root Regions 2.822ms
[2020-09-24T03:37:48.917+0000][23404][gc,marking   ] GC(251) Concurrent Mark (141.352s)
[2020-09-24T03:37:48.917+0000][23404][gc,marking   ] GC(251) Concurrent Mark From Roots
[2020-09-24T03:37:48.917+0000][23404][gc,task      ] GC(251) Using 2 workers of 2 for marking
[2020-09-24T03:37:49.053+0000][23404][gc,marking   ] GC(251) Concurrent Mark From Roots 136.218ms
[2020-09-24T03:37:49.053+0000][23404][gc,marking   ] GC(251) Concurrent Preclean
[2020-09-24T03:37:49.054+0000][23404][gc,marking   ] GC(251) Concurrent Preclean 0.502ms
[2020-09-24T03:37:49.054+0000][23404][gc,marking   ] GC(251) Concurrent Mark (141.352s, 141.489s) 136.924ms
[2020-09-24T03:37:49.054+0000][23404][gc,start     ] GC(251) Pause Remark
[2020-09-24T03:37:49.060+0000][23404][gc           ] GC(251) Pause Remark 410M->410M(1024M) 5.517ms
[2020-09-24T03:37:49.060+0000][23404][gc,cpu       ] GC(251) User=0.13s Sys=0.00s Real=0.01s
[2020-09-24T03:37:49.060+0000][23404][safepoint    ] Safepoint "G1Concurrent", Time since last: 140609800 ns, Reaching safepoint: 162600 ns, At safepoint: 5806600 ns, Total: 5969200 ns
[2020-09-24T03:37:49.060+0000][23404][gc,marking   ] GC(251) Concurrent Rebuild Remembered Sets
[2020-09-24T03:37:49.120+0000][23404][safepoint    ] Safepoint "BulkRevokeBias", Time since last: 58212600 ns, Reaching safepoint: 715100 ns, At safepoint: 1264000 ns, Total: 1979100 ns
[2020-09-24T03:37:49.127+0000][23404][safepoint    ] Safepoint "BulkRevokeBias", Time since last: 4745200 ns, Reaching safepoint: 432200 ns, At safepoint: 1475300 ns, Total: 1907500 ns
[2020-09-24T03:37:49.129+0000][23404][safepoint    ] Safepoint "BulkRevokeBias", Time since last: 253400 ns, Reaching safepoint: 373000 ns, At safepoint: 1377900 ns, Total: 1750900 ns
[2020-09-24T03:37:49.130+0000][23404][safepoint    ] Safepoint "BulkRevokeBias", Time since last: 284300 ns, Reaching safepoint: 209900 ns, At safepoint: 1116300 ns, Total: 1326200 ns
[2020-09-24T03:37:49.132+0000][23404][safepoint    ] Safepoint "BulkRevokeBias", Time since last: 142700 ns, Reaching safepoint: 330300 ns, At safepoint: 1149900 ns, Total: 1480200 ns
[2020-09-24T03:37:49.146+0000][23404][gc,marking   ] GC(251) Concurrent Rebuild Remembered Sets 86.264ms
[2020-09-24T03:37:49.147+0000][23404][gc,start     ] GC(251) Pause Cleanup
[2020-09-24T03:37:49.147+0000][23404][gc           ] GC(251) Pause Cleanup 494M->494M(1024M) 0.278ms
[2020-09-24T03:37:49.147+0000][23404][gc,cpu       ] GC(251) User=0.00s Sys=0.00s Real=0.00s
[2020-09-24T03:37:49.147+0000][23404][safepoint    ] Safepoint "G1Concurrent", Time since last: 14367400 ns, Reaching safepoint: 164500 ns, At safepoint: 441200 ns, Total: 605700 ns
[2020-09-24T03:37:49.147+0000][23404][gc,marking   ] GC(251) Concurrent Cleanup for Next Mark
[2020-09-24T03:37:49.149+0000][23404][gc,marking   ] GC(251) Concurrent Cleanup for Next Mark 1.827ms
[2020-09-24T03:37:49.149+0000][23404][gc           ] GC(251) Concurrent Cycle 235.705ms
[2020-09-24T03:37:49.162+0000][23404][safepoint    ] Safepoint "BulkRevokeBias", Time since last: 13927700 ns, Reaching safepoint: 126500 ns, At safepoint: 1136100 ns, Total: 1262600 ns
[2020-09-24T03:37:49.170+0000][23404][safepoint    ] Safepoint "BulkRevokeBias", Time since last: 7118400 ns, Reaching safepoint: 138900 ns, At safepoint: 1049300 ns, Total: 1188200 ns
[2020-09-24T03:37:49.172+0000][23404][safepoint    ] Safepoint "BulkRevokeBias", Time since last: 414500 ns, Reaching safepoint: 105700 ns, At safepoint: 1156400 ns, Total: 1262100 ns
[2020-09-24T03:37:49.176+0000][23404][safepoint    ] Safepoint "BulkRevokeBias", Time since last: 2450000 ns, Reaching safepoint: 138000 ns, At safepoint: 1348600 ns, Total: 1486600 ns
[2020-09-24T03:37:49.185+0000][23404][gc,start     ] GC(252) Pause Young (Concurrent Start) (G1 Humongous Allocation)
[2020-09-24T03:37:49.185+0000][23404][gc,task      ] GC(252) Using 8 workers of 8 for evacuation
[2020-09-24T03:37:49.185+0000][23404][gc,age       ] GC(252) Desired survivor size 33030144 bytes, new threshold 15 (max threshold 15)
[2020-09-24T03:37:49.189+0000][23404][gc,age       ] GC(252) Age table with threshold 15 (max threshold 15)
[2020-09-24T03:37:49.189+0000][23404][gc,age       ] GC(252) - age   1:    3428680 bytes,    3428680 total
[2020-09-24T03:37:49.189+0000][23404][gc,age       ] GC(252) - age   2:     546384 bytes,    3975064 total
[2020-09-24T03:37:49.189+0000][23404][gc,age       ] GC(252) - age   3:      15744 bytes,    3990808 total
[2020-09-24T03:37:49.189+0000][23404][gc,age       ] GC(252) - age   4:     152000 bytes,    4142808 total
[2020-09-24T03:37:49.189+0000][23404][gc,age       ] GC(252) - age   5:      56504 bytes,    4199312 total
[2020-09-24T03:37:49.189+0000][23404][gc,age       ] GC(252) - age   6:       1208 bytes,    4200520 total
[2020-09-24T03:37:49.189+0000][23404][gc,age       ] GC(252) - age   7:        952 bytes,    4201472 total
[2020-09-24T03:37:49.190+0000][23404][gc,age       ] GC(252) - age   8:       2232 bytes,    4203704 total
[2020-09-24T03:37:49.190+0000][23404][gc,age       ] GC(252) - age   9:      11488 bytes,    4215192 total
[2020-09-24T03:37:49.190+0000][23404][gc,age       ] GC(252) - age  10:       1024 bytes,    4216216 total
[2020-09-24T03:37:49.190+0000][23404][gc,age       ] GC(252) - age  11:      11208 bytes,    4227424 total
[2020-09-24T03:37:49.190+0000][23404][gc,age       ] GC(252) - age  12:        720 bytes,    4228144 total
[2020-09-24T03:37:49.190+0000][23404][gc,age       ] GC(252) - age  13:       1480 bytes,    4229624 total
[2020-09-24T03:37:49.190+0000][23404][gc,age       ] GC(252) - age  14:       2656 bytes,    4232280 total
[2020-09-24T03:37:49.190+0000][23404][gc,age       ] GC(252) - age  15:        352 bytes,    4232632 total
[2020-09-24T03:37:49.190+0000][23404][gc,phases    ] GC(252)   Pre Evacuate Collection Set: 0.4ms
[2020-09-24T03:37:49.190+0000][23404][gc,phases    ] GC(252)   Merge Heap Roots: 0.1ms
[2020-09-24T03:37:49.190+0000][23404][gc,phases    ] GC(252)   Evacuate Collection Set: 2.4ms
[2020-09-24T03:37:49.190+0000][23404][gc,phases    ] GC(252)   Post Evacuate Collection Set: 0.9ms
[2020-09-24T03:37:49.190+0000][23404][gc,phases    ] GC(252)   Other: 0.9ms
[2020-09-24T03:37:49.190+0000][23404][gc,heap      ] GC(252) Eden regions: 73->0(496)
[2020-09-24T03:37:49.190+0000][23404][gc,heap      ] GC(252) Survivor regions: 4->5(63)
[2020-09-24T03:37:49.190+0000][23404][gc,heap      ] GC(252) Old regions: 78->78
[2020-09-24T03:37:49.190+0000][23404][gc,heap      ] GC(252) Archive regions: 0->0
[2020-09-24T03:37:49.190+0000][23404][gc,heap      ] GC(252) Humongous regions: 355->174
[2020-09-24T03:37:49.190+0000][23404][gc,metaspace ] GC(252) Metaspace: 88331K(94336K)->88331K(94336K) NonClass: 77112K(80640K)->77112K(80640K) Class: 11218K(13696K)->11218K(13696K)
[2020-09-24T03:37:49.190+0000][23404][gc           ] GC(252) Pause Young (Concurrent Start) (G1 Humongous Allocation) 508M->255M(1024M) 5.035ms
[2020-09-24T03:37:49.190+0000][23404][gc,cpu       ] GC(252) User=0.00s Sys=0.00s Real=0.01s
[2020-09-24T03:37:49.190+0000][23404][gc           ] GC(253) Concurrent Cycle
[2020-09-24T03:37:49.190+0000][23404][safepoint    ] Safepoint "G1TryInitiateConcMark", Time since last: 8817300 ns, Reaching safepoint: 146200 ns, At safepoint: 5234600 ns, Total: 5380800 ns
[2020-09-24T03:37:49.190+0000][23404][gc,marking   ] GC(253) Concurrent Clear Claimed Marks
[2020-09-24T03:37:49.191+0000][23404][gc,marking   ] GC(253) Concurrent Clear Claimed Marks 0.600ms
[2020-09-24T03:37:49.191+0000][23404][gc,marking   ] GC(253) Concurrent Scan Root Regions
[2020-09-24T03:37:49.195+0000][23404][gc,marking   ] GC(253) Concurrent Scan Root Regions 3.514ms
[2020-09-24T03:37:49.195+0000][23404][gc,marking   ] GC(253) Concurrent Mark (141.629s)
[2020-09-24T03:37:49.195+0000][23404][gc,marking   ] GC(253) Concurrent Mark From Roots
[2020-09-24T03:37:49.195+0000][23404][gc,task      ] GC(253) Using 2 workers of 2 for marking
[2020-09-24T03:37:49.332+0000][23404][gc,marking   ] GC(253) Concurrent Mark From Roots 137.636ms
[2020-09-24T03:37:49.332+0000][23404][gc,marking   ] GC(253) Concurrent Preclean
[2020-09-24T03:37:49.333+0000][23404][gc,marking   ] GC(253) Concurrent Preclean 0.402ms
[2020-09-24T03:37:49.333+0000][23404][gc,marking   ] GC(253) Concurrent Mark (141.629s, 141.768s) 138.190ms
[2020-09-24T03:37:49.333+0000][23404][gc,start     ] GC(253) Pause Remark
[2020-09-24T03:37:49.341+0000][23404][gc           ] GC(253) Pause Remark 403M->403M(1024M) 7.541ms
[2020-09-24T03:37:49.341+0000][23404][gc,cpu       ] GC(253) User=0.11s Sys=0.02s Real=0.01s
[2020-09-24T03:37:49.341+0000][23404][safepoint    ] Safepoint "G1Concurrent", Time since last: 142626400 ns, Reaching safepoint: 158200 ns, At safepoint: 7773700 ns, Total: 7931900 ns
[2020-09-24T03:37:49.341+0000][23404][gc,marking   ] GC(253) Concurrent Rebuild Remembered Sets
[2020-09-24T03:37:49.421+0000][23404][gc,marking   ] GC(253) Concurrent Rebuild Remembered Sets 79.759ms
[2020-09-24T03:37:49.421+0000][23404][gc,start     ] GC(253) Pause Cleanup
[2020-09-24T03:37:49.421+0000][23404][gc           ] GC(253) Pause Cleanup 481M->481M(1024M) 0.297ms
[2020-09-24T03:37:49.421+0000][23404][gc,cpu       ] GC(253) User=0.00s Sys=0.00s Real=0.00s
[2020-09-24T03:37:49.421+0000][23404][safepoint    ] Safepoint "G1Concurrent", Time since last: 79938300 ns, Reaching safepoint: 180200 ns, At safepoint: 482900 ns, Total: 663100 ns
[2020-09-24T03:37:49.421+0000][23404][gc,marking   ] GC(253) Concurrent Cleanup for Next Mark
[2020-09-24T03:37:49.424+0000][23404][gc,marking   ] GC(253) Concurrent Cleanup for Next Mark 2.274ms
[2020-09-24T03:37:49.424+0000][23404][gc           ] GC(253) Concurrent Cycle 233.684ms
[2020-09-24T03:37:49.437+0000][23404][gc,start     ] GC(254) Pause Young (Concurrent Start) (G1 Humongous Allocation)
[2020-09-24T03:37:49.437+0000][23404][gc,task      ] GC(254) Using 8 workers of 8 for evacuation
[2020-09-24T03:37:49.437+0000][23404][gc,age       ] GC(254) Desired survivor size 33030144 bytes, new threshold 15 (max threshold 15)
[2020-09-24T03:37:49.443+0000][23404][gc,age       ] GC(254) Age table with threshold 15 (max threshold 15)
[2020-09-24T03:37:49.443+0000][23404][gc,age       ] GC(254) - age   1:    3244840 bytes,    3244840 total
[2020-09-24T03:37:49.443+0000][23404][gc,age       ] GC(254) - age   2:     526544 bytes,    3771384 total
[2020-09-24T03:37:49.443+0000][23404][gc,age       ] GC(254) - age   3:     454704 bytes,    4226088 total
[2020-09-24T03:37:49.443+0000][23404][gc,age       ] GC(254) - age   4:      14896 bytes,    4240984 total
[2020-09-24T03:37:49.443+0000][23404][gc,age       ] GC(254) - age   5:     151872 bytes,    4392856 total
[2020-09-24T03:37:49.443+0000][23404][gc,age       ] GC(254) - age   6:      56440 bytes,    4449296 total
[2020-09-24T03:37:49.443+0000][23404][gc,age       ] GC(254) - age   7:       1080 bytes,    4450376 total
[2020-09-24T03:37:49.443+0000][23404][gc,age       ] GC(254) - age   8:        824 bytes,    4451200 total
[2020-09-24T03:37:49.443+0000][23404][gc,age       ] GC(254) - age   9:       2232 bytes,    4453432 total
[2020-09-24T03:37:49.443+0000][23404][gc,age       ] GC(254) - age  10:      11488 bytes,    4464920 total
[2020-09-24T03:37:49.443+0000][23404][gc,age       ] GC(254) - age  11:       1024 bytes,    4465944 total
[2020-09-24T03:37:49.443+0000][23404][gc,age       ] GC(254) - age  12:      11208 bytes,    4477152 total
[2020-09-24T03:37:49.443+0000][23404][gc,age       ] GC(254) - age  13:        720 bytes,    4477872 total
[2020-09-24T03:37:49.443+0000][23404][gc,age       ] GC(254) - age  14:       1480 bytes,    4479352 total
[2020-09-24T03:37:49.443+0000][23404][gc,age       ] GC(254) - age  15:       2656 bytes,    4482008 total
[2020-09-24T03:37:49.444+0000][23404][gc,phases    ] GC(254)   Pre Evacuate Collection Set: 0.4ms
[2020-09-24T03:37:49.444+0000][23404][gc,phases    ] GC(254)   Merge Heap Roots: 0.1ms
[2020-09-24T03:37:49.444+0000][23404][gc,phases    ] GC(254)   Evacuate Collection Set: 3.4ms
[2020-09-24T03:37:49.444+0000][23404][gc,phases    ] GC(254)   Post Evacuate Collection Set: 1.3ms
[2020-09-24T03:37:49.444+0000][23404][gc,phases    ] GC(254)   Other: 1.3ms
[2020-09-24T03:37:49.444+0000][23404][gc,heap      ] GC(254) Eden regions: 54->0(498)
[2020-09-24T03:37:49.444+0000][23404][gc,heap      ] GC(254) Survivor regions: 5->5(63)
[2020-09-24T03:37:49.444+0000][23404][gc,heap      ] GC(254) Old regions: 78->78
[2020-09-24T03:37:49.444+0000][23404][gc,heap      ] GC(254) Archive regions: 0->0
[2020-09-24T03:37:49.444+0000][23404][gc,heap      ] GC(254) Humongous regions: 351->174
[2020-09-24T03:37:49.444+0000][23404][gc,metaspace ] GC(254) Metaspace: 88410K(94336K)->88410K(94336K) NonClass: 77181K(80640K)->77181K(80640K) Class: 11228K(13696K)->11228K(13696K)
[2020-09-24T03:37:49.444+0000][23404][gc           ] GC(254) Pause Young (Concurrent Start) (G1 Humongous Allocation) 486M->255M(1024M) 6.815ms
[2020-09-24T03:37:49.444+0000][23404][gc,cpu       ] GC(254) User=0.00s Sys=0.00s Real=0.01s
[2020-09-24T03:37:49.444+0000][23404][gc           ] GC(255) Concurrent Cycle
[2020-09-24T03:37:49.444+0000][23404][safepoint    ] Safepoint "G1TryInitiateConcMark", Time since last: 15453700 ns, Reaching safepoint: 149200 ns, At safepoint: 7034400 ns, Total: 7183600 ns
[2020-09-24T03:37:49.444+0000][23404][gc,marking   ] GC(255) Concurrent Clear Claimed Marks
[2020-09-24T03:37:49.445+0000][23404][gc,marking   ] GC(255) Concurrent Clear Claimed Marks 0.821ms
[2020-09-24T03:37:49.445+0000][23404][gc,marking   ] GC(255) Concurrent Scan Root Regions
[2020-09-24T03:37:49.449+0000][23404][gc,marking   ] GC(255) Concurrent Scan Root Regions 3.891ms
[2020-09-24T03:37:49.449+0000][23404][gc,marking   ] GC(255) Concurrent Mark (141.884s)
[2020-09-24T03:37:49.449+0000][23404][gc,marking   ] GC(255) Concurrent Mark From Roots
[2020-09-24T03:37:49.449+0000][23404][gc,task      ] GC(255) Using 2 workers of 2 for marking
[2020-09-24T03:37:49.584+0000][23404][gc,marking   ] GC(255) Concurrent Mark From Roots 134.710ms
[2020-09-24T03:37:49.584+0000][23404][gc,marking   ] GC(255) Concurrent Preclean
[2020-09-24T03:37:49.584+0000][23404][gc,marking   ] GC(255) Concurrent Preclean 0.400ms
[2020-09-24T03:37:49.584+0000][23404][gc,marking   ] GC(255) Concurrent Mark (141.884s, 142.019s) 135.296ms
[2020-09-24T03:37:49.585+0000][23404][gc,start     ] GC(255) Pause Remark
[2020-09-24T03:37:49.591+0000][23404][gc           ] GC(255) Pause Remark 332M->332M(1024M) 5.999ms
[2020-09-24T03:37:49.591+0000][23404][gc,cpu       ] GC(255) User=0.03s Sys=0.00s Real=0.01s
[2020-09-24T03:37:49.591+0000][23404][safepoint    ] Safepoint "G1Concurrent", Time since last: 140378000 ns, Reaching safepoint: 140500 ns, At safepoint: 6288900 ns, Total: 6429400 ns
[2020-09-24T03:37:49.591+0000][23404][gc,marking   ] GC(255) Concurrent Rebuild Remembered Sets
[2020-09-24T03:37:49.670+0000][23404][gc,marking   ] GC(255) Concurrent Rebuild Remembered Sets 78.638ms
[2020-09-24T03:37:49.670+0000][23404][gc,start     ] GC(255) Pause Cleanup
[2020-09-24T03:37:49.670+0000][23404][gc           ] GC(255) Pause Cleanup 332M->332M(1024M) 0.328ms
[2020-09-24T03:37:49.670+0000][23404][gc,cpu       ] GC(255) User=0.00s Sys=0.00s Real=0.00s
[2020-09-24T03:37:49.670+0000][23404][safepoint    ] Safepoint "G1Concurrent", Time since last: 78848000 ns, Reaching safepoint: 152400 ns, At safepoint: 489000 ns, Total: 641400 ns
[2020-09-24T03:37:49.670+0000][23404][gc,marking   ] GC(255) Concurrent Cleanup for Next Mark
[2020-09-24T03:37:49.672+0000][23404][gc,marking   ] GC(255) Concurrent Cleanup for Next Mark 1.988ms
[2020-09-24T03:37:49.673+0000][23404][gc           ] GC(255) Concurrent Cycle 228.531ms
[2020-09-24T03:37:49.741+0000][23404][gc,start     ] GC(256) Pause Young (Concurrent Start) (G1 Humongous Allocation)
[2020-09-24T03:37:49.741+0000][23404][gc,task      ] GC(256) Using 8 workers of 8 for evacuation
[2020-09-24T03:37:49.741+0000][23404][gc,age       ] GC(256) Desired survivor size 33030144 bytes, new threshold 15 (max threshold 15)
[2020-09-24T03:37:49.745+0000][23404][gc,age       ] GC(256) Age table with threshold 15 (max threshold 15)
[2020-09-24T03:37:49.745+0000][23404][gc,age       ] GC(256) - age   1:    2688656 bytes,    2688656 total
[2020-09-24T03:37:49.745+0000][23404][gc,age       ] GC(256) - age   2:     160736 bytes,    2849392 total
[2020-09-24T03:37:49.745+0000][23404][gc,age       ] GC(256) - age   3:      21400 bytes,    2870792 total
[2020-09-24T03:37:49.745+0000][23404][gc,age       ] GC(256) - age   4:     452528 bytes,    3323320 total
[2020-09-24T03:37:49.745+0000][23404][gc,age       ] GC(256) - age   5:      14640 bytes,    3337960 total
[2020-09-24T03:37:49.745+0000][23404][gc,age       ] GC(256) - age   6:     151744 bytes,    3489704 total
[2020-09-24T03:37:49.745+0000][23404][gc,age       ] GC(256) - age   7:      56376 bytes,    3546080 total
[2020-09-24T03:37:49.745+0000][23404][gc,age       ] GC(256) - age   8:       1080 bytes,    3547160 total
[2020-09-24T03:37:49.745+0000][23404][gc,age       ] GC(256) - age   9:        824 bytes,    3547984 total
[2020-09-24T03:37:49.745+0000][23404][gc,age       ] GC(256) - age  10:       2232 bytes,    3550216 total
[2020-09-24T03:37:49.745+0000][23404][gc,age       ] GC(256) - age  11:      11488 bytes,    3561704 total
[2020-09-24T03:37:49.745+0000][23404][gc,age       ] GC(256) - age  12:        896 bytes,    3562600 total
[2020-09-24T03:37:49.745+0000][23404][gc,age       ] GC(256) - age  13:      11208 bytes,    3573808 total
[2020-09-24T03:37:49.745+0000][23404][gc,age       ] GC(256) - age  14:        688 bytes,    3574496 total
[2020-09-24T03:37:49.745+0000][23404][gc,age       ] GC(256) - age  15:       1480 bytes,    3575976 total
[2020-09-24T03:37:49.745+0000][23404][gc,phases    ] GC(256)   Pre Evacuate Collection Set: 0.4ms
[2020-09-24T03:37:49.746+0000][23404][gc,phases    ] GC(256)   Merge Heap Roots: 0.1ms
[2020-09-24T03:37:49.746+0000][23404][gc,phases    ] GC(256)   Evacuate Collection Set: 2.4ms
[2020-09-24T03:37:49.746+0000][23404][gc,phases    ] GC(256)   Post Evacuate Collection Set: 0.7ms
[2020-09-24T03:37:49.746+0000][23404][gc,phases    ] GC(256)   Other: 0.9ms
[2020-09-24T03:37:49.746+0000][23404][gc,heap      ] GC(256) Eden regions: 22->0(500)
[2020-09-24T03:37:49.746+0000][23404][gc,heap      ] GC(256) Survivor regions: 5->4(63)
[2020-09-24T03:37:49.746+0000][23404][gc,heap      ] GC(256) Old regions: 78->78
[2020-09-24T03:37:49.746+0000][23404][gc,heap      ] GC(256) Archive regions: 0->0
[2020-09-24T03:37:49.746+0000][23404][gc,heap      ] GC(256) Humongous regions: 234->174
[2020-09-24T03:37:49.746+0000][23404][gc,metaspace ] GC(256) Metaspace: 88410K(94336K)->88410K(94336K) NonClass: 77182K(80640K)->77182K(80640K) Class: 11228K(13696K)->11228K(13696K)
[2020-09-24T03:37:49.746+0000][23404][gc           ] GC(256) Pause Young (Concurrent Start) (G1 Humongous Allocation) 337M->255M(1024M) 4.731ms
[2020-09-24T03:37:49.746+0000][23404][gc,cpu       ] GC(256) User=0.11s Sys=0.00s Real=0.01s
[2020-09-24T03:37:49.746+0000][23404][safepoint    ] Safepoint "G1TryInitiateConcMark", Time since last: 70474900 ns, Reaching safepoint: 139200 ns, At safepoint: 4875600 ns, Total: 5014800 ns
[2020-09-24T03:37:49.746+0000][23404][gc           ] GC(257) Concurrent Cycle
[2020-09-24T03:37:49.746+0000][23404][gc,marking   ] GC(257) Concurrent Clear Claimed Marks
[2020-09-24T03:37:49.746+0000][23404][gc,marking   ] GC(257) Concurrent Clear Claimed Marks 0.354ms
[2020-09-24T03:37:49.746+0000][23404][gc,marking   ] GC(257) Concurrent Scan Root Regions
[2020-09-24T03:37:49.750+0000][23404][gc,marking   ] GC(257) Concurrent Scan Root Regions 2.920ms
[2020-09-24T03:37:49.750+0000][23404][gc,marking   ] GC(257) Concurrent Mark (142.184s)
[2020-09-24T03:37:49.750+0000][23404][gc,marking   ] GC(257) Concurrent Mark From Roots
[2020-09-24T03:37:49.750+0000][23404][gc,task      ] GC(257) Using 2 workers of 2 for marking
[2020-09-24T03:37:49.861+0000][23404][gc,marking   ] GC(257) Concurrent Mark From Roots 111.309ms
[2020-09-24T03:37:49.861+0000][23404][gc,marking   ] GC(257) Concurrent Preclean
[2020-09-24T03:37:49.861+0000][23404][gc,marking   ] GC(257) Concurrent Preclean 0.286ms
[2020-09-24T03:37:49.862+0000][23404][gc,marking   ] GC(257) Concurrent Mark (142.184s, 142.296s) 111.737ms
[2020-09-24T03:37:49.862+0000][23404][gc,start     ] GC(257) Pause Remark
[2020-09-24T03:37:49.868+0000][23404][gc           ] GC(257) Pause Remark 393M->393M(1024M) 6.021ms
[2020-09-24T03:37:49.868+0000][23404][gc,cpu       ] GC(257) User=0.02s Sys=0.02s Real=0.01s
[2020-09-24T03:37:49.868+0000][23404][safepoint    ] Safepoint "G1Concurrent", Time since last: 115268800 ns, Reaching safepoint: 147600 ns, At safepoint: 6207500 ns, Total: 6355100 ns
[2020-09-24T03:37:49.868+0000][23404][gc,marking   ] GC(257) Concurrent Rebuild Remembered Sets
[2020-09-24T03:37:49.940+0000][23404][gc,marking   ] GC(257) Concurrent Rebuild Remembered Sets 72.278ms
[2020-09-24T03:37:49.941+0000][23404][gc,start     ] GC(257) Pause Cleanup
[2020-09-24T03:37:49.941+0000][23404][gc           ] GC(257) Pause Cleanup 457M->457M(1024M) 0.296ms
[2020-09-24T03:37:49.941+0000][23404][gc,cpu       ] GC(257) User=0.00s Sys=0.00s Real=0.00s
[2020-09-24T03:37:49.941+0000][23404][safepoint    ] Safepoint "G1Concurrent", Time since last: 72450300 ns, Reaching safepoint: 116200 ns, At safepoint: 482400 ns, Total: 598600 ns
[2020-09-24T03:37:49.941+0000][23404][gc,marking   ] GC(257) Concurrent Cleanup for Next Mark
[2020-09-24T03:37:49.942+0000][23404][gc,marking   ] GC(257) Concurrent Cleanup for Next Mark 1.436ms
[2020-09-24T03:37:49.943+0000][23404][gc           ] GC(257) Concurrent Cycle 196.277ms
[2020-09-24T03:37:49.967+0000][23404][gc,start     ] GC(258) Pause Young (Concurrent Start) (G1 Humongous Allocation)
[2020-09-24T03:37:49.967+0000][23404][gc,task      ] GC(258) Using 8 workers of 8 for evacuation
[2020-09-24T03:37:49.967+0000][23404][gc,age       ] GC(258) Desired survivor size 33030144 bytes, new threshold 15 (max threshold 15)
[2020-09-24T03:37:49.970+0000][23404][gc,age       ] GC(258) Age table with threshold 15 (max threshold 15)
[2020-09-24T03:37:49.970+0000][23404][gc,age       ] GC(258) - age   1:    2883000 bytes,    2883000 total
[2020-09-24T03:37:49.970+0000][23404][gc,age       ] GC(258) - age   2:      10480 bytes,    2893480 total
[2020-09-24T03:37:49.970+0000][23404][gc,age       ] GC(258) - age   3:     160576 bytes,    3054056 total
[2020-09-24T03:37:49.970+0000][23404][gc,age       ] GC(258) - age   4:      20536 bytes,    3074592 total
[2020-09-24T03:37:49.970+0000][23404][gc,age       ] GC(258) - age   5:     452432 bytes,    3527024 total
[2020-09-24T03:37:49.970+0000][23404][gc,age       ] GC(258) - age   6:      14608 bytes,    3541632 total
[2020-09-24T03:37:49.970+0000][23404][gc,age       ] GC(258) - age   7:     151680 bytes,    3693312 total
[2020-09-24T03:37:49.970+0000][23404][gc,age       ] GC(258) - age   8:      56344 bytes,    3749656 total
[2020-09-24T03:37:49.970+0000][23404][gc,age       ] GC(258) - age   9:       1080 bytes,    3750736 total
[2020-09-24T03:37:49.970+0000][23404][gc,age       ] GC(258) - age  10:        824 bytes,    3751560 total
[2020-09-24T03:37:49.971+0000][23404][gc,age       ] GC(258) - age  11:       2232 bytes,    3753792 total
[2020-09-24T03:37:49.971+0000][23404][gc,age       ] GC(258) - age  12:      11488 bytes,    3765280 total
[2020-09-24T03:37:49.971+0000][23404][gc,age       ] GC(258) - age  13:        896 bytes,    3766176 total
[2020-09-24T03:37:49.971+0000][23404][gc,age       ] GC(258) - age  14:      11208 bytes,    3777384 total
[2020-09-24T03:37:49.971+0000][23404][gc,age       ] GC(258) - age  15:        688 bytes,    3778072 total
[2020-09-24T03:37:49.971+0000][23404][gc,phases    ] GC(258)   Pre Evacuate Collection Set: 0.4ms
[2020-09-24T03:37:49.971+0000][23404][gc,phases    ] GC(258)   Merge Heap Roots: 0.1ms
[2020-09-24T03:37:49.971+0000][23404][gc,phases    ] GC(258)   Evacuate Collection Set: 2.2ms
[2020-09-24T03:37:49.971+0000][23404][gc,phases    ] GC(258)   Post Evacuate Collection Set: 0.6ms
[2020-09-24T03:37:49.971+0000][23404][gc,phases    ] GC(258)   Other: 0.7ms
[2020-09-24T03:37:49.971+0000][23404][gc,heap      ] GC(258) Eden regions: 58->0(501)
[2020-09-24T03:37:49.971+0000][23404][gc,heap      ] GC(258) Survivor regions: 4->4(63)
[2020-09-24T03:37:49.971+0000][23404][gc,heap      ] GC(258) Old regions: 78->78
[2020-09-24T03:37:49.971+0000][23404][gc,heap      ] GC(258) Archive regions: 0->0
[2020-09-24T03:37:49.971+0000][23404][gc,heap      ] GC(258) Humongous regions: 330->174
[2020-09-24T03:37:49.971+0000][23404][gc,metaspace ] GC(258) Metaspace: 88414K(94336K)->88414K(94336K) NonClass: 77186K(80640K)->77186K(80640K) Class: 11228K(13696K)->11228K(13696K)
[2020-09-24T03:37:49.971+0000][23404][gc           ] GC(258) Pause Young (Concurrent Start) (G1 Humongous Allocation) 468M->255M(1024M) 4.179ms
[2020-09-24T03:37:49.971+0000][23404][gc,cpu       ] GC(258) User=0.00s Sys=0.00s Real=0.00s
[2020-09-24T03:37:49.971+0000][23404][gc           ] GC(259) Concurrent Cycle
[2020-09-24T03:37:49.971+0000][23404][safepoint    ] Safepoint "G1TryInitiateConcMark", Time since last: 25625700 ns, Reaching safepoint: 127100 ns, At safepoint: 4332100 ns, Total: 4459200 ns
[2020-09-24T03:37:49.971+0000][23404][gc,marking   ] GC(259) Concurrent Clear Claimed Marks
[2020-09-24T03:37:49.972+0000][23404][gc,marking   ] GC(259) Concurrent Clear Claimed Marks 0.517ms
[2020-09-24T03:37:49.972+0000][23404][gc,marking   ] GC(259) Concurrent Scan Root Regions
[2020-09-24T03:37:49.974+0000][23404][gc,marking   ] GC(259) Concurrent Scan Root Regions 2.753ms
[2020-09-24T03:37:49.975+0000][23404][gc,marking   ] GC(259) Concurrent Mark (142.409s)
[2020-09-24T03:37:49.975+0000][23404][gc,marking   ] GC(259) Concurrent Mark From Roots
[2020-09-24T03:37:49.975+0000][23404][gc,task      ] GC(259) Using 2 workers of 2 for marking
[2020-09-24T03:37:50.068+0000][23404][gc,marking   ] GC(259) Concurrent Mark From Roots 93.186ms
[2020-09-24T03:37:50.068+0000][23404][gc,marking   ] GC(259) Concurrent Preclean
[2020-09-24T03:37:50.068+0000][23404][gc,marking   ] GC(259) Concurrent Preclean 0.380ms
[2020-09-24T03:37:50.068+0000][23404][gc,marking   ] GC(259) Concurrent Mark (142.409s, 142.503s) 93.746ms
[2020-09-24T03:37:50.069+0000][23404][gc,start     ] GC(259) Pause Remark
[2020-09-24T03:37:50.075+0000][23404][gc           ] GC(259) Pause Remark 359M->359M(1024M) 6.064ms
[2020-09-24T03:37:50.075+0000][23404][gc,cpu       ] GC(259) User=0.13s Sys=0.00s Real=0.01s
[2020-09-24T03:37:50.075+0000][23404][safepoint    ] Safepoint "G1Concurrent", Time since last: 97297700 ns, Reaching safepoint: 180200 ns, At safepoint: 6342200 ns, Total: 6522400 ns
[2020-09-24T03:37:50.075+0000][23404][gc,marking   ] GC(259) Concurrent Rebuild Remembered Sets
[2020-09-24T03:37:50.146+0000][23404][gc,marking   ] GC(259) Concurrent Rebuild Remembered Sets 70.874ms
[2020-09-24T03:37:50.146+0000][23404][gc,start     ] GC(259) Pause Cleanup
[2020-09-24T03:37:50.146+0000][23404][gc           ] GC(259) Pause Cleanup 497M->497M(1024M) 0.246ms
[2020-09-24T03:37:50.146+0000][23404][gc,cpu       ] GC(259) User=0.00s Sys=0.00s Real=0.00s
[2020-09-24T03:37:50.146+0000][23404][safepoint    ] Safepoint "G1Concurrent", Time since last: 71033600 ns, Reaching safepoint: 154000 ns, At safepoint: 378900 ns, Total: 532900 ns
[2020-09-24T03:37:50.146+0000][23404][gc,marking   ] GC(259) Concurrent Cleanup for Next Mark
[2020-09-24T03:37:50.148+0000][23404][gc,marking   ] GC(259) Concurrent Cleanup for Next Mark 1.830ms
[2020-09-24T03:37:50.148+0000][23404][gc           ] GC(259) Concurrent Cycle 177.368ms
[2020-09-24T03:37:50.179+0000][23404][gc,start     ] GC(260) Pause Young (Concurrent Start) (G1 Humongous Allocation)
[2020-09-24T03:37:50.179+0000][23404][gc,task      ] GC(260) Using 8 workers of 8 for evacuation
[2020-09-24T03:37:50.179+0000][23404][gc,age       ] GC(260) Desired survivor size 33554432 bytes, new threshold 15 (max threshold 15)
[2020-09-24T03:37:50.183+0000][23404][gc,age       ] GC(260) Age table with threshold 15 (max threshold 15)
[2020-09-24T03:37:50.183+0000][23404][gc,age       ] GC(260) - age   1:    3348408 bytes,    3348408 total
[2020-09-24T03:37:50.183+0000][23404][gc,age       ] GC(260) - age   2:     203920 bytes,    3552328 total
[2020-09-24T03:37:50.183+0000][23404][gc,age       ] GC(260) - age   3:       7480 bytes,    3559808 total
[2020-09-24T03:37:50.183+0000][23404][gc,age       ] GC(260) - age   4:     160096 bytes,    3719904 total
[2020-09-24T03:37:50.183+0000][23404][gc,age       ] GC(260) - age   5:      18904 bytes,    3738808 total
[2020-09-24T03:37:50.183+0000][23404][gc,age       ] GC(260) - age   6:     452336 bytes,    4191144 total
[2020-09-24T03:37:50.183+0000][23404][gc,age       ] GC(260) - age   7:      14416 bytes,    4205560 total
[2020-09-24T03:37:50.183+0000][23404][gc,age       ] GC(260) - age   8:     151648 bytes,    4357208 total
[2020-09-24T03:37:50.184+0000][23404][gc,age       ] GC(260) - age   9:      56184 bytes,    4413392 total
[2020-09-24T03:37:50.184+0000][23404][gc,age       ] GC(260) - age  10:       1080 bytes,    4414472 total
[2020-09-24T03:37:50.184+0000][23404][gc,age       ] GC(260) - age  11:        632 bytes,    4415104 total
[2020-09-24T03:37:50.184+0000][23404][gc,age       ] GC(260) - age  12:       2200 bytes,    4417304 total
[2020-09-24T03:37:50.184+0000][23404][gc,age       ] GC(260) - age  13:      11456 bytes,    4428760 total
[2020-09-24T03:37:50.184+0000][23404][gc,age       ] GC(260) - age  14:        896 bytes,    4429656 total
[2020-09-24T03:37:50.184+0000][23404][gc,age       ] GC(260) - age  15:      11208 bytes,    4440864 total
[2020-09-24T03:37:50.184+0000][23404][gc,phases    ] GC(260)   Pre Evacuate Collection Set: 0.4ms
[2020-09-24T03:37:50.184+0000][23404][gc,phases    ] GC(260)   Merge Heap Roots: 0.1ms
[2020-09-24T03:37:50.184+0000][23404][gc,phases    ] GC(260)   Evacuate Collection Set: 2.4ms
[2020-09-24T03:37:50.184+0000][23404][gc,phases    ] GC(260)   Post Evacuate Collection Set: 0.8ms
[2020-09-24T03:37:50.184+0000][23404][gc,phases    ] GC(260)   Other: 0.8ms
[2020-09-24T03:37:50.184+0000][23404][gc,heap      ] GC(260) Eden regions: 71->0(500)
[2020-09-24T03:37:50.184+0000][23404][gc,heap      ] GC(260) Survivor regions: 4->5(64)
[2020-09-24T03:37:50.184+0000][23404][gc,heap      ] GC(260) Old regions: 78->78
[2020-09-24T03:37:50.184+0000][23404][gc,heap      ] GC(260) Archive regions: 0->0
[2020-09-24T03:37:50.184+0000][23404][gc,heap      ] GC(260) Humongous regions: 360->174
[2020-09-24T03:37:50.184+0000][23404][gc,metaspace ] GC(260) Metaspace: 88414K(94336K)->88414K(94336K) NonClass: 77186K(80640K)->77186K(80640K) Class: 11228K(13696K)->11228K(13696K)
[2020-09-24T03:37:50.184+0000][23404][gc           ] GC(260) Pause Young (Concurrent Start) (G1 Humongous Allocation) 511M->256M(1024M) 4.717ms
[2020-09-24T03:37:50.184+0000][23404][gc,cpu       ] GC(260) User=0.13s Sys=0.00s Real=0.01s
[2020-09-24T03:37:50.184+0000][23404][safepoint    ] Safepoint "G1TryInitiateConcMark", Time since last: 32656000 ns, Reaching safepoint: 131700 ns, At safepoint: 4849500 ns, Total: 4981200 ns
[2020-09-24T03:37:50.184+0000][23404][gc           ] GC(261) Concurrent Cycle
[2020-09-24T03:37:50.184+0000][23404][gc,marking   ] GC(261) Concurrent Clear Claimed Marks
[2020-09-24T03:37:50.185+0000][23404][gc,marking   ] GC(261) Concurrent Clear Claimed Marks 0.566ms
[2020-09-24T03:37:50.185+0000][23404][gc,marking   ] GC(261) Concurrent Scan Root Regions
[2020-09-24T03:37:50.189+0000][23404][gc,marking   ] GC(261) Concurrent Scan Root Regions 3.901ms
[2020-09-24T03:37:50.189+0000][23404][gc,marking   ] GC(261) Concurrent Mark (142.623s)
[2020-09-24T03:37:50.189+0000][23404][gc,marking   ] GC(261) Concurrent Mark From Roots
[2020-09-24T03:37:50.189+0000][23404][gc,task      ] GC(261) Using 2 workers of 2 for marking
[2020-09-24T03:37:50.322+0000][23404][gc,marking   ] GC(261) Concurrent Mark From Roots 132.680ms
[2020-09-24T03:37:50.322+0000][23404][gc,marking   ] GC(261) Concurrent Preclean
[2020-09-24T03:37:50.322+0000][23404][gc,marking   ] GC(261) Concurrent Preclean 0.287ms
[2020-09-24T03:37:50.322+0000][23404][gc,marking   ] GC(261) Concurrent Mark (142.623s, 142.756s) 133.135ms
[2020-09-24T03:37:50.322+0000][23404][gc,start     ] GC(261) Pause Remark
[2020-09-24T03:37:50.328+0000][23404][gc           ] GC(261) Pause Remark 329M->329M(1024M) 6.318ms
[2020-09-24T03:37:50.329+0000][23404][gc,cpu       ] GC(261) User=0.00s Sys=0.00s Real=0.01s
[2020-09-24T03:37:50.329+0000][23404][safepoint    ] Safepoint "G1Concurrent", Time since last: 137905000 ns, Reaching safepoint: 130100 ns, At safepoint: 6569000 ns, Total: 6699100 ns
[2020-09-24T03:37:50.329+0000][23404][gc,marking   ] GC(261) Concurrent Rebuild Remembered Sets
[2020-09-24T03:37:50.388+0000][23404][gc,marking   ] GC(261) Concurrent Rebuild Remembered Sets 59.482ms
[2020-09-24T03:37:50.388+0000][23404][gc,start     ] GC(261) Pause Cleanup
[2020-09-24T03:37:50.389+0000][23404][gc           ] GC(261) Pause Cleanup 393M->393M(1024M) 0.278ms
[2020-09-24T03:37:50.389+0000][23404][gc,cpu       ] GC(261) User=0.00s Sys=0.00s Real=0.00s
[2020-09-24T03:37:50.389+0000][23404][safepoint    ] Safepoint "G1Concurrent", Time since last: 59638800 ns, Reaching safepoint: 123600 ns, At safepoint: 428500 ns, Total: 552100 ns
[2020-09-24T03:37:50.389+0000][23404][gc,marking   ] GC(261) Concurrent Cleanup for Next Mark
[2020-09-24T03:37:50.390+0000][23404][gc,marking   ] GC(261) Concurrent Cleanup for Next Mark 1.506ms
[2020-09-24T03:37:50.391+0000][23404][gc           ] GC(261) Concurrent Cycle 206.474ms
[2020-09-24T03:37:50.413+0000][23404][gc,start     ] GC(262) Pause Young (Concurrent Start) (G1 Humongous Allocation)
[2020-09-24T03:37:50.413+0000][23404][gc,task      ] GC(262) Using 8 workers of 8 for evacuation
[2020-09-24T03:37:50.413+0000][23404][gc,age       ] GC(262) Desired survivor size 33554432 bytes, new threshold 15 (max threshold 15)
[2020-09-24T03:37:50.417+0000][23404][gc,age       ] GC(262) Age table with threshold 15 (max threshold 15)
[2020-09-24T03:37:50.417+0000][23404][gc,age       ] GC(262) - age   1:    2891696 bytes,    2891696 total
[2020-09-24T03:37:50.417+0000][23404][gc,age       ] GC(262) - age   2:      14080 bytes,    2905776 total
[2020-09-24T03:37:50.417+0000][23404][gc,age       ] GC(262) - age   3:        680 bytes,    2906456 total
[2020-09-24T03:37:50.417+0000][23404][gc,age       ] GC(262) - age   4:       7288 bytes,    2913744 total
[2020-09-24T03:37:50.417+0000][23404][gc,age       ] GC(262) - age   5:     159696 bytes,    3073440 total
[2020-09-24T03:37:50.417+0000][23404][gc,age       ] GC(262) - age   6:      18904 bytes,    3092344 total
[2020-09-24T03:37:50.417+0000][23404][gc,age       ] GC(262) - age   7:     452336 bytes,    3544680 total
[2020-09-24T03:37:50.417+0000][23404][gc,age       ] GC(262) - age   8:      14416 bytes,    3559096 total
[2020-09-24T03:37:50.417+0000][23404][gc,age       ] GC(262) - age   9:     151648 bytes,    3710744 total
[2020-09-24T03:37:50.417+0000][23404][gc,age       ] GC(262) - age  10:      56184 bytes,    3766928 total
[2020-09-24T03:37:50.417+0000][23404][gc,age       ] GC(262) - age  11:       1080 bytes,    3768008 total
[2020-09-24T03:37:50.417+0000][23404][gc,age       ] GC(262) - age  12:        632 bytes,    3768640 total
[2020-09-24T03:37:50.417+0000][23404][gc,age       ] GC(262) - age  13:       2200 bytes,    3770840 total
[2020-09-24T03:37:50.417+0000][23404][gc,age       ] GC(262) - age  14:      11456 bytes,    3782296 total
[2020-09-24T03:37:50.417+0000][23404][gc,age       ] GC(262) - age  15:        896 bytes,    3783192 total
[2020-09-24T03:37:50.417+0000][23404][gc,phases    ] GC(262)   Pre Evacuate Collection Set: 0.4ms
[2020-09-24T03:37:50.417+0000][23404][gc,phases    ] GC(262)   Merge Heap Roots: 0.1ms
[2020-09-24T03:37:50.417+0000][23404][gc,phases    ] GC(262)   Evacuate Collection Set: 2.3ms
[2020-09-24T03:37:50.417+0000][23404][gc,phases    ] GC(262)   Post Evacuate Collection Set: 0.6ms
[2020-09-24T03:37:50.417+0000][23404][gc,phases    ] GC(262)   Other: 0.7ms
[2020-09-24T03:37:50.417+0000][23404][gc,heap      ] GC(262) Eden regions: 40->0(502)
[2020-09-24T03:37:50.417+0000][23404][gc,heap      ] GC(262) Survivor regions: 5->4(64)
[2020-09-24T03:37:50.417+0000][23404][gc,heap      ] GC(262) Old regions: 78->78
[2020-09-24T03:37:50.417+0000][23404][gc,heap      ] GC(262) Archive regions: 0->0
[2020-09-24T03:37:50.417+0000][23404][gc,heap      ] GC(262) Humongous regions: 283->174
[2020-09-24T03:37:50.418+0000][23404][gc,metaspace ] GC(262) Metaspace: 88444K(94336K)->88444K(94336K) NonClass: 77216K(80640K)->77216K(80640K) Class: 11228K(13696K)->11228K(13696K)
[2020-09-24T03:37:50.418+0000][23404][gc           ] GC(262) Pause Young (Concurrent Start) (G1 Humongous Allocation) 404M->255M(1024M) 4.342ms
[2020-09-24T03:37:50.418+0000][23404][gc,cpu       ] GC(262) User=0.13s Sys=0.00s Real=0.00s
[2020-09-24T03:37:50.418+0000][23404][safepoint    ] Safepoint "G1TryInitiateConcMark", Time since last: 24144900 ns, Reaching safepoint: 138100 ns, At safepoint: 4491500 ns, Total: 4629600 ns
[2020-09-24T03:37:50.418+0000][23404][gc           ] GC(263) Concurrent Cycle
[2020-09-24T03:37:50.418+0000][23404][gc,marking   ] GC(263) Concurrent Clear Claimed Marks
[2020-09-24T03:37:50.418+0000][23404][gc,marking   ] GC(263) Concurrent Clear Claimed Marks 0.383ms
[2020-09-24T03:37:50.418+0000][23404][gc,marking   ] GC(263) Concurrent Scan Root Regions
[2020-09-24T03:37:50.421+0000][23404][gc,marking   ] GC(263) Concurrent Scan Root Regions 3.138ms
[2020-09-24T03:37:50.421+0000][23404][gc,marking   ] GC(263) Concurrent Mark (142.856s)
[2020-09-24T03:37:50.421+0000][23404][gc,marking   ] GC(263) Concurrent Mark From Roots
[2020-09-24T03:37:50.422+0000][23404][gc,task      ] GC(263) Using 2 workers of 2 for marking
[2020-09-24T03:37:50.531+0000][23404][gc,marking   ] GC(263) Concurrent Mark From Roots 109.907ms
[2020-09-24T03:37:50.532+0000][23404][gc,marking   ] GC(263) Concurrent Preclean
[2020-09-24T03:37:50.532+0000][23404][gc,marking   ] GC(263) Concurrent Preclean 0.430ms
[2020-09-24T03:37:50.532+0000][23404][gc,marking   ] GC(263) Concurrent Mark (142.856s, 142.966s) 110.564ms
[2020-09-24T03:37:50.532+0000][23404][gc,start     ] GC(263) Pause Remark
[2020-09-24T03:37:50.538+0000][23404][gc           ] GC(263) Pause Remark 361M->361M(1024M) 5.358ms
[2020-09-24T03:37:50.538+0000][23404][gc,cpu       ] GC(263) User=0.00s Sys=0.00s Real=0.01s
[2020-09-24T03:37:50.538+0000][23404][safepoint    ] Safepoint "G1Concurrent", Time since last: 114413200 ns, Reaching safepoint: 145300 ns, At safepoint: 5543300 ns, Total: 5688600 ns
[2020-09-24T03:37:50.538+0000][23404][gc,marking   ] GC(263) Concurrent Rebuild Remembered Sets
[2020-09-24T03:37:50.607+0000][23404][gc,marking   ] GC(263) Concurrent Rebuild Remembered Sets 68.841ms
[2020-09-24T03:37:50.607+0000][23404][gc,start     ] GC(263) Pause Cleanup
[2020-09-24T03:37:50.607+0000][23404][gc           ] GC(263) Pause Cleanup 504M->504M(1024M) 0.342ms
[2020-09-24T03:37:50.607+0000][23404][gc,cpu       ] GC(263) User=0.00s Sys=0.00s Real=0.00s
[2020-09-24T03:37:50.607+0000][23404][safepoint    ] Safepoint "G1Concurrent", Time since last: 68976400 ns, Reaching safepoint: 121700 ns, At safepoint: 550900 ns, Total: 672600 ns
[2020-09-24T03:37:50.607+0000][23404][gc,marking   ] GC(263) Concurrent Cleanup for Next Mark
[2020-09-24T03:37:50.610+0000][23404][gc,marking   ] GC(263) Concurrent Cleanup for Next Mark 2.250ms
[2020-09-24T03:37:50.610+0000][23404][gc           ] GC(263) Concurrent Cycle 192.150ms
[2020-09-24T03:37:50.723+0000][23404][gc,start     ] GC(264) Pause Young (Concurrent Start) (G1 Humongous Allocation)
[2020-09-24T03:37:50.723+0000][23404][gc,task      ] GC(264) Using 8 workers of 8 for evacuation
[2020-09-24T03:37:50.723+0000][23404][gc,age       ] GC(264) Desired survivor size 33554432 bytes, new threshold 15 (max threshold 15)
[2020-09-24T03:37:50.727+0000][23404][gc,age       ] GC(264) Age table with threshold 15 (max threshold 15)
[2020-09-24T03:37:50.727+0000][23404][gc,age       ] GC(264) - age   1:    2704576 bytes,    2704576 total
[2020-09-24T03:37:50.727+0000][23404][gc,age       ] GC(264) - age   2:       4808 bytes,    2709384 total
[2020-09-24T03:37:50.727+0000][23404][gc,age       ] GC(264) - age   3:      12568 bytes,    2721952 total
[2020-09-24T03:37:50.727+0000][23404][gc,age       ] GC(264) - age   4:        328 bytes,    2722280 total
[2020-09-24T03:37:50.727+0000][23404][gc,age       ] GC(264) - age   5:       6400 bytes,    2728680 total
[2020-09-24T03:37:50.727+0000][23404][gc,age       ] GC(264) - age   6:     159632 bytes,    2888312 total
[2020-09-24T03:37:50.727+0000][23404][gc,age       ] GC(264) - age   7:      18904 bytes,    2907216 total
[2020-09-24T03:37:50.727+0000][23404][gc,age       ] GC(264) - age   8:     452272 bytes,    3359488 total
[2020-09-24T03:37:50.727+0000][23404][gc,age       ] GC(264) - age   9:      14288 bytes,    3373776 total
[2020-09-24T03:37:50.727+0000][23404][gc,age       ] GC(264) - age  10:     151584 bytes,    3525360 total
[2020-09-24T03:37:50.727+0000][23404][gc,age       ] GC(264) - age  11:      56184 bytes,    3581544 total
[2020-09-24T03:37:50.727+0000][23404][gc,age       ] GC(264) - age  12:        984 bytes,    3582528 total
[2020-09-24T03:37:50.727+0000][23404][gc,age       ] GC(264) - age  13:        504 bytes,    3583032 total
[2020-09-24T03:37:50.727+0000][23404][gc,age       ] GC(264) - age  14:       2200 bytes,    3585232 total
[2020-09-24T03:37:50.727+0000][23404][gc,age       ] GC(264) - age  15:      11328 bytes,    3596560 total
[2020-09-24T03:37:50.727+0000][23404][gc,phases    ] GC(264)   Pre Evacuate Collection Set: 0.4ms
[2020-09-24T03:37:50.727+0000][23404][gc,phases    ] GC(264)   Merge Heap Roots: 0.1ms
[2020-09-24T03:37:50.727+0000][23404][gc,phases    ] GC(264)   Evacuate Collection Set: 2.4ms
[2020-09-24T03:37:50.727+0000][23404][gc,phases    ] GC(264)   Post Evacuate Collection Set: 0.9ms
[2020-09-24T03:37:50.727+0000][23404][gc,phases    ] GC(264)   Other: 0.7ms
[2020-09-24T03:37:50.727+0000][23404][gc,heap      ] GC(264) Eden regions: 75->0(503)
[2020-09-24T03:37:50.727+0000][23404][gc,heap      ] GC(264) Survivor regions: 4->4(64)
[2020-09-24T03:37:50.727+0000][23404][gc,heap      ] GC(264) Old regions: 78->78
[2020-09-24T03:37:50.728+0000][23404][gc,heap      ] GC(264) Archive regions: 0->0
[2020-09-24T03:37:50.728+0000][23404][gc,heap      ] GC(264) Humongous regions: 360->174
[2020-09-24T03:37:50.728+0000][23404][gc,metaspace ] GC(264) Metaspace: 88446K(94336K)->88446K(94336K) NonClass: 77218K(80640K)->77218K(80640K) Class: 11228K(13696K)->11228K(13696K)
[2020-09-24T03:37:50.728+0000][23404][gc           ] GC(264) Pause Young (Concurrent Start) (G1 Humongous Allocation) 516M->255M(1024M) 4.719ms
[2020-09-24T03:37:50.728+0000][23404][gc,cpu       ] GC(264) User=0.09s Sys=0.00s Real=0.00s
[2020-09-24T03:37:50.728+0000][23404][safepoint    ] Safepoint "G1TryInitiateConcMark", Time since last: 115296400 ns, Reaching safepoint: 134700 ns, At safepoint: 4852600 ns, Total: 4987300 ns
[2020-09-24T03:37:50.728+0000][23404][gc           ] GC(265) Concurrent Cycle
[2020-09-24T03:37:50.728+0000][23404][gc,marking   ] GC(265) Concurrent Clear Claimed Marks
[2020-09-24T03:37:50.728+0000][23404][gc,marking   ] GC(265) Concurrent Clear Claimed Marks 0.495ms
[2020-09-24T03:37:50.728+0000][23404][gc,marking   ] GC(265) Concurrent Scan Root Regions
[2020-09-24T03:37:50.731+0000][23404][gc,marking   ] GC(265) Concurrent Scan Root Regions 2.553ms
[2020-09-24T03:37:50.731+0000][23404][gc,marking   ] GC(265) Concurrent Mark (143.165s)
[2020-09-24T03:37:50.731+0000][23404][gc,marking   ] GC(265) Concurrent Mark From Roots
[2020-09-24T03:37:50.731+0000][23404][gc,task      ] GC(265) Using 2 workers of 2 for marking
[2020-09-24T03:37:50.828+0000][23404][gc,marking   ] GC(265) Concurrent Mark From Roots 96.859ms
[2020-09-24T03:37:50.828+0000][23404][gc,marking   ] GC(265) Concurrent Preclean
[2020-09-24T03:37:50.828+0000][23404][gc,marking   ] GC(265) Concurrent Preclean 0.287ms
[2020-09-24T03:37:50.828+0000][23404][gc,marking   ] GC(265) Concurrent Mark (143.165s, 143.263s) 97.262ms
[2020-09-24T03:37:50.829+0000][23404][gc,start     ] GC(265) Pause Remark
[2020-09-24T03:37:50.834+0000][23404][gc           ] GC(265) Pause Remark 411M->411M(1024M) 5.451ms
[2020-09-24T03:37:50.834+0000][23404][gc,cpu       ] GC(265) User=0.00s Sys=0.00s Real=0.01s
[2020-09-24T03:37:50.834+0000][23404][safepoint    ] Safepoint "G1Concurrent", Time since last: 100680100 ns, Reaching safepoint: 150400 ns, At safepoint: 5644400 ns, Total: 5794800 ns
[2020-09-24T03:37:50.834+0000][23404][gc,marking   ] GC(265) Concurrent Rebuild Remembered Sets
[2020-09-24T03:37:50.905+0000][23404][gc,marking   ] GC(265) Concurrent Rebuild Remembered Sets 70.939ms
[2020-09-24T03:37:50.905+0000][23404][gc,start     ] GC(265) Pause Cleanup
[2020-09-24T03:37:50.906+0000][23404][gc           ] GC(265) Pause Cleanup 501M->501M(1024M) 0.275ms
[2020-09-24T03:37:50.906+0000][23404][gc,cpu       ] GC(265) User=0.00s Sys=0.00s Real=0.00s
[2020-09-24T03:37:50.906+0000][23404][safepoint    ] Safepoint "G1Concurrent", Time since last: 71104100 ns, Reaching safepoint: 114900 ns, At safepoint: 423500 ns, Total: 538400 ns
[2020-09-24T03:37:50.906+0000][23404][gc,marking   ] GC(265) Concurrent Cleanup for Next Mark
[2020-09-24T03:37:50.908+0000][23404][gc,marking   ] GC(265) Concurrent Cleanup for Next Mark 1.703ms
[2020-09-24T03:37:50.908+0000][23404][gc           ] GC(265) Concurrent Cycle 179.955ms
[2020-09-24T03:37:50.920+0000][23404][gc,start     ] GC(266) Pause Young (Concurrent Start) (G1 Humongous Allocation)
[2020-09-24T03:37:50.920+0000][23404][gc,task      ] GC(266) Using 8 workers of 8 for evacuation
[2020-09-24T03:37:50.920+0000][23404][gc,age       ] GC(266) Desired survivor size 33554432 bytes, new threshold 15 (max threshold 15)
[2020-09-24T03:37:50.924+0000][23404][gc,age       ] GC(266) Age table with threshold 15 (max threshold 15)
[2020-09-24T03:37:50.924+0000][23404][gc,age       ] GC(266) - age   1:    3400656 bytes,    3400656 total
[2020-09-24T03:37:50.924+0000][23404][gc,age       ] GC(266) - age   2:      20520 bytes,    3421176 total
[2020-09-24T03:37:50.924+0000][23404][gc,age       ] GC(266) - age   3:       1640 bytes,    3422816 total
[2020-09-24T03:37:50.924+0000][23404][gc,age       ] GC(266) - age   4:      12088 bytes,    3434904 total
[2020-09-24T03:37:50.924+0000][23404][gc,age       ] GC(266) - age   5:        328 bytes,    3435232 total
[2020-09-24T03:37:50.924+0000][23404][gc,age       ] GC(266) - age   6:       6400 bytes,    3441632 total
[2020-09-24T03:37:50.924+0000][23404][gc,age       ] GC(266) - age   7:     159536 bytes,    3601168 total
[2020-09-24T03:37:50.924+0000][23404][gc,age       ] GC(266) - age   8:      18712 bytes,    3619880 total
[2020-09-24T03:37:50.924+0000][23404][gc,age       ] GC(266) - age   9:     452208 bytes,    4072088 total
[2020-09-24T03:37:50.924+0000][23404][gc,age       ] GC(266) - age  10:      14288 bytes,    4086376 total
[2020-09-24T03:37:50.924+0000][23404][gc,age       ] GC(266) - age  11:     151584 bytes,    4237960 total
[2020-09-24T03:37:50.924+0000][23404][gc,age       ] GC(266) - age  12:      56056 bytes,    4294016 total
[2020-09-24T03:37:50.924+0000][23404][gc,age       ] GC(266) - age  13:        920 bytes,    4294936 total
[2020-09-24T03:37:50.924+0000][23404][gc,age       ] GC(266) - age  14:        504 bytes,    4295440 total
[2020-09-24T03:37:50.924+0000][23404][gc,age       ] GC(266) - age  15:       2200 bytes,    4297640 total
[2020-09-24T03:37:50.924+0000][23404][gc,phases    ] GC(266)   Pre Evacuate Collection Set: 0.4ms
[2020-09-24T03:37:50.925+0000][23404][gc,phases    ] GC(266)   Merge Heap Roots: 0.1ms
[2020-09-24T03:37:50.925+0000][23404][gc,phases    ] GC(266)   Evacuate Collection Set: 2.4ms
[2020-09-24T03:37:50.925+0000][23404][gc,phases    ] GC(266)   Post Evacuate Collection Set: 0.7ms
[2020-09-24T03:37:50.925+0000][23404][gc,phases    ] GC(266)   Other: 0.8ms
[2020-09-24T03:37:50.925+0000][23404][gc,heap      ] GC(266) Eden regions: 72->0(501)
[2020-09-24T03:37:50.925+0000][23404][gc,heap      ] GC(266) Survivor regions: 4->5(64)
[2020-09-24T03:37:50.925+0000][23404][gc,heap      ] GC(266) Old regions: 78->78
[2020-09-24T03:37:50.925+0000][23404][gc,heap      ] GC(266) Archive regions: 0->0
[2020-09-24T03:37:50.925+0000][23404][gc,heap      ] GC(266) Humongous regions: 355->174
[2020-09-24T03:37:50.925+0000][23404][gc,metaspace ] GC(266) Metaspace: 88446K(94336K)->88446K(94336K) NonClass: 77218K(80640K)->77218K(80640K) Class: 11228K(13696K)->11228K(13696K)
[2020-09-24T03:37:50.925+0000][23404][gc           ] GC(266) Pause Young (Concurrent Start) (G1 Humongous Allocation) 508M->255M(1024M) 4.623ms
[2020-09-24T03:37:50.925+0000][23404][gc,cpu       ] GC(266) User=0.00s Sys=0.00s Real=0.00s
[2020-09-24T03:37:50.925+0000][23404][safepoint    ] Safepoint "G1TryInitiateConcMark", Time since last: 14144600 ns, Reaching safepoint: 142800 ns, At safepoint: 4759500 ns, Total: 4902300 ns
[2020-09-24T03:37:50.925+0000][23404][gc           ] GC(267) Concurrent Cycle
[2020-09-24T03:37:50.925+0000][23404][gc,marking   ] GC(267) Concurrent Clear Claimed Marks
[2020-09-24T03:37:50.925+0000][23404][gc,marking   ] GC(267) Concurrent Clear Claimed Marks 0.352ms
[2020-09-24T03:37:50.925+0000][23404][gc,marking   ] GC(267) Concurrent Scan Root Regions
[2020-09-24T03:37:50.928+0000][23404][gc,marking   ] GC(267) Concurrent Scan Root Regions 3.076ms
[2020-09-24T03:37:50.928+0000][23404][gc,marking   ] GC(267) Concurrent Mark (143.363s)
[2020-09-24T03:37:50.928+0000][23404][gc,marking   ] GC(267) Concurrent Mark From Roots
[2020-09-24T03:37:50.929+0000][23404][gc,task      ] GC(267) Using 2 workers of 2 for marking
[2020-09-24T03:37:51.029+0000][23404][gc,marking   ] GC(267) Concurrent Mark From Roots 99.954ms
[2020-09-24T03:37:51.029+0000][23404][gc,marking   ] GC(267) Concurrent Preclean
[2020-09-24T03:37:51.029+0000][23404][gc,marking   ] GC(267) Concurrent Preclean 0.471ms
[2020-09-24T03:37:51.029+0000][23404][gc,marking   ] GC(267) Concurrent Mark (143.363s, 143.464s) 100.656ms
[2020-09-24T03:37:51.030+0000][23404][gc,start     ] GC(267) Pause Remark
[2020-09-24T03:37:51.036+0000][23404][gc           ] GC(267) Pause Remark 333M->333M(1024M) 6.067ms
[2020-09-24T03:37:51.036+0000][23404][gc,cpu       ] GC(267) User=0.00s Sys=0.00s Real=0.01s
[2020-09-24T03:37:51.036+0000][23404][safepoint    ] Safepoint "G1Concurrent", Time since last: 104385400 ns, Reaching safepoint: 335500 ns, At safepoint: 6291200 ns, Total: 6626700 ns
[2020-09-24T03:37:51.036+0000][23404][gc,marking   ] GC(267) Concurrent Rebuild Remembered Sets
[2020-09-24T03:37:51.099+0000][23404][gc,marking   ] GC(267) Concurrent Rebuild Remembered Sets 62.696ms
[2020-09-24T03:37:51.099+0000][23404][gc,start     ] GC(267) Pause Cleanup
[2020-09-24T03:37:51.099+0000][23404][gc           ] GC(267) Pause Cleanup 403M->403M(1024M) 0.256ms
[2020-09-24T03:37:51.099+0000][23404][gc,cpu       ] GC(267) User=0.00s Sys=0.00s Real=0.00s
[2020-09-24T03:37:51.099+0000][23404][safepoint    ] Safepoint "G1Concurrent", Time since last: 62863700 ns, Reaching safepoint: 170000 ns, At safepoint: 368900 ns, Total: 538900 ns
[2020-09-24T03:37:51.099+0000][23404][gc,marking   ] GC(267) Concurrent Cleanup for Next Mark
[2020-09-24T03:37:51.100+0000][23404][gc,marking   ] GC(267) Concurrent Cleanup for Next Mark 1.167ms
[2020-09-24T03:37:51.101+0000][23404][gc           ] GC(267) Concurrent Cycle 175.790ms
[2020-09-24T03:37:51.118+0000][23404][gc,start     ] GC(268) Pause Young (Concurrent Start) (G1 Humongous Allocation)
[2020-09-24T03:37:51.118+0000][23404][gc,task      ] GC(268) Using 8 workers of 8 for evacuation
[2020-09-24T03:37:51.118+0000][23404][gc,age       ] GC(268) Desired survivor size 33554432 bytes, new threshold 15 (max threshold 15)
[2020-09-24T03:37:51.122+0000][23404][gc,age       ] GC(268) Age table with threshold 15 (max threshold 15)
[2020-09-24T03:37:51.122+0000][23404][gc,age       ] GC(268) - age   1:    3264080 bytes,    3264080 total
[2020-09-24T03:37:51.122+0000][23404][gc,age       ] GC(268) - age   2:     509144 bytes,    3773224 total
[2020-09-24T03:37:51.122+0000][23404][gc,age       ] GC(268) - age   3:      17432 bytes,    3790656 total
[2020-09-24T03:37:51.122+0000][23404][gc,age       ] GC(268) - age   4:       1512 bytes,    3792168 total
[2020-09-24T03:37:51.122+0000][23404][gc,age       ] GC(268) - age   5:      11800 bytes,    3803968 total
[2020-09-24T03:37:51.122+0000][23404][gc,age       ] GC(268) - age   6:        328 bytes,    3804296 total
[2020-09-24T03:37:51.122+0000][23404][gc,age       ] GC(268) - age   7:       6200 bytes,    3810496 total
[2020-09-24T03:37:51.122+0000][23404][gc,age       ] GC(268) - age   8:      69352 bytes,    3879848 total
[2020-09-24T03:37:51.122+0000][23404][gc,age       ] GC(268) - age   9:      18680 bytes,    3898528 total
[2020-09-24T03:37:51.122+0000][23404][gc,age       ] GC(268) - age  10:     451256 bytes,    4349784 total
[2020-09-24T03:37:51.122+0000][23404][gc,age       ] GC(268) - age  11:      14072 bytes,    4363856 total
[2020-09-24T03:37:51.122+0000][23404][gc,age       ] GC(268) - age  12:     150560 bytes,    4514416 total
[2020-09-24T03:37:51.122+0000][23404][gc,age       ] GC(268) - age  13:      56056 bytes,    4570472 total
[2020-09-24T03:37:51.122+0000][23404][gc,age       ] GC(268) - age  14:        920 bytes,    4571392 total
[2020-09-24T03:37:51.122+0000][23404][gc,age       ] GC(268) - age  15:        504 bytes,    4571896 total
[2020-09-24T03:37:51.122+0000][23404][gc,phases    ] GC(268)   Pre Evacuate Collection Set: 0.4ms
[2020-09-24T03:37:51.122+0000][23404][gc,phases    ] GC(268)   Merge Heap Roots: 0.1ms
[2020-09-24T03:37:51.123+0000][23404][gc,phases    ] GC(268)   Evacuate Collection Set: 2.6ms
[2020-09-24T03:37:51.123+0000][23404][gc,phases    ] GC(268)   Post Evacuate Collection Set: 0.7ms
[2020-09-24T03:37:51.123+0000][23404][gc,phases    ] GC(268)   Other: 0.7ms
[2020-09-24T03:37:51.123+0000][23404][gc,heap      ] GC(268) Eden regions: 40->0(502)
[2020-09-24T03:37:51.123+0000][23404][gc,heap      ] GC(268) Survivor regions: 5->5(64)
[2020-09-24T03:37:51.123+0000][23404][gc,heap      ] GC(268) Old regions: 78->78
[2020-09-24T03:37:51.123+0000][23404][gc,heap      ] GC(268) Archive regions: 0->0
[2020-09-24T03:37:51.123+0000][23404][gc,heap      ] GC(268) Humongous regions: 288->174
[2020-09-24T03:37:51.123+0000][23404][gc,metaspace ] GC(268) Metaspace: 88879K(94848K)->88879K(94848K) NonClass: 77576K(81152K)->77576K(81152K) Class: 11302K(13696K)->11302K(13696K)
[2020-09-24T03:37:51.123+0000][23404][gc           ] GC(268) Pause Young (Concurrent Start) (G1 Humongous Allocation) 409M->256M(1024M) 4.697ms
[2020-09-24T03:37:51.123+0000][23404][gc,cpu       ] GC(268) User=0.00s Sys=0.00s Real=0.00s
[2020-09-24T03:37:51.123+0000][23404][safepoint    ] Safepoint "G1TryInitiateConcMark", Time since last: 18606100 ns, Reaching safepoint: 152700 ns, At safepoint: 4829800 ns, Total: 4982500 ns
[2020-09-24T03:37:51.123+0000][23404][gc           ] GC(269) Concurrent Cycle
[2020-09-24T03:37:51.123+0000][23404][gc,marking   ] GC(269) Concurrent Clear Claimed Marks
[2020-09-24T03:37:51.123+0000][23404][gc,marking   ] GC(269) Concurrent Clear Claimed Marks 0.439ms
[2020-09-24T03:37:51.123+0000][23404][gc,marking   ] GC(269) Concurrent Scan Root Regions
[2020-09-24T03:37:51.128+0000][23404][gc,marking   ] GC(269) Concurrent Scan Root Regions 4.384ms
[2020-09-24T03:37:51.128+0000][23404][gc,marking   ] GC(269) Concurrent Mark (143.562s)
[2020-09-24T03:37:51.128+0000][23404][gc,marking   ] GC(269) Concurrent Mark From Roots
[2020-09-24T03:37:51.128+0000][23404][gc,task      ] GC(269) Using 2 workers of 2 for marking
[2020-09-24T03:37:51.245+0000][23404][gc,marking   ] GC(269) Concurrent Mark From Roots 117.016ms
[2020-09-24T03:37:51.245+0000][23404][gc,marking   ] GC(269) Concurrent Preclean
[2020-09-24T03:37:51.245+0000][23404][gc,marking   ] GC(269) Concurrent Preclean 0.274ms
[2020-09-24T03:37:51.245+0000][23404][gc,marking   ] GC(269) Concurrent Mark (143.562s, 143.680s) 117.435ms
[2020-09-24T03:37:51.246+0000][23404][gc,start     ] GC(269) Pause Remark
[2020-09-24T03:37:51.252+0000][23404][gc           ] GC(269) Pause Remark 326M->326M(1024M) 6.078ms
[2020-09-24T03:37:51.252+0000][23404][gc,cpu       ] GC(269) User=0.00s Sys=0.00s Real=0.01s
[2020-09-24T03:37:51.252+0000][23404][safepoint    ] Safepoint "G1Concurrent", Time since last: 122566900 ns, Reaching safepoint: 104800 ns, At safepoint: 6330800 ns, Total: 6435600 ns
[2020-09-24T03:37:51.252+0000][23404][gc,marking   ] GC(269) Concurrent Rebuild Remembered Sets
[2020-09-24T03:37:51.318+0000][23404][gc,marking   ] GC(269) Concurrent Rebuild Remembered Sets 66.435ms
[2020-09-24T03:37:51.319+0000][23404][gc,start     ] GC(269) Pause Cleanup
[2020-09-24T03:37:51.319+0000][23404][gc           ] GC(269) Pause Cleanup 465M->465M(1024M) 0.222ms
[2020-09-24T03:37:51.319+0000][23404][gc,cpu       ] GC(269) User=0.00s Sys=0.00s Real=0.00s
[2020-09-24T03:37:51.319+0000][23404][safepoint    ] Safepoint "G1Concurrent", Time since last: 66594800 ns, Reaching safepoint: 108600 ns, At safepoint: 374700 ns, Total: 483300 ns
[2020-09-24T03:37:51.319+0000][23404][gc,marking   ] GC(269) Concurrent Cleanup for Next Mark
[2020-09-24T03:37:51.321+0000][23404][gc,marking   ] GC(269) Concurrent Cleanup for Next Mark 1.526ms
[2020-09-24T03:37:51.321+0000][23404][gc           ] GC(269) Concurrent Cycle 197.766ms
[2020-09-24T03:37:51.330+0000][23404][gc,start     ] GC(270) Pause Young (Concurrent Start) (G1 Humongous Allocation)
[2020-09-24T03:37:51.330+0000][23404][gc,task      ] GC(270) Using 8 workers of 8 for evacuation
[2020-09-24T03:37:51.331+0000][23404][gc,age       ] GC(270) Desired survivor size 33554432 bytes, new threshold 15 (max threshold 15)
[2020-09-24T03:37:51.334+0000][23404][gc,age       ] GC(270) Age table with threshold 15 (max threshold 15)
[2020-09-24T03:37:51.335+0000][23404][gc,age       ] GC(270) - age   1:    1057752 bytes,    1057752 total
[2020-09-24T03:37:51.335+0000][23404][gc,age       ] GC(270) - age   2:     228960 bytes,    1286712 total
[2020-09-24T03:37:51.335+0000][23404][gc,age       ] GC(270) - age   3:       2592 bytes,    1289304 total
[2020-09-24T03:37:51.335+0000][23404][gc,age       ] GC(270) - age   4:      15792 bytes,    1305096 total
[2020-09-24T03:37:51.335+0000][23404][gc,age       ] GC(270) - age   5:       1208 bytes,    1306304 total
[2020-09-24T03:37:51.335+0000][23404][gc,age       ] GC(270) - age   6:      11208 bytes,    1317512 total
[2020-09-24T03:37:51.335+0000][23404][gc,age       ] GC(270) - age   7:        328 bytes,    1317840 total
[2020-09-24T03:37:51.335+0000][23404][gc,age       ] GC(270) - age   8:       6200 bytes,    1324040 total
[2020-09-24T03:37:51.335+0000][23404][gc,age       ] GC(270) - age   9:      69224 bytes,    1393264 total
[2020-09-24T03:37:51.335+0000][23404][gc,age       ] GC(270) - age  10:      18648 bytes,    1411912 total
[2020-09-24T03:37:51.335+0000][23404][gc,age       ] GC(270) - age  11:     451256 bytes,    1863168 total
[2020-09-24T03:37:51.335+0000][23404][gc,age       ] GC(270) - age  12:      14072 bytes,    1877240 total
[2020-09-24T03:37:51.335+0000][23404][gc,age       ] GC(270) - age  13:     150560 bytes,    2027800 total
[2020-09-24T03:37:51.335+0000][23404][gc,age       ] GC(270) - age  14:      56056 bytes,    2083856 total
[2020-09-24T03:37:51.335+0000][23404][gc,age       ] GC(270) - age  15:        920 bytes,    2084776 total
[2020-09-24T03:37:51.335+0000][23404][gc,phases    ] GC(270)   Pre Evacuate Collection Set: 0.4ms
[2020-09-24T03:37:51.335+0000][23404][gc,phases    ] GC(270)   Merge Heap Roots: 0.1ms
[2020-09-24T03:37:51.335+0000][23404][gc,phases    ] GC(270)   Evacuate Collection Set: 2.5ms
[2020-09-24T03:37:51.335+0000][23404][gc,phases    ] GC(270)   Post Evacuate Collection Set: 0.8ms
[2020-09-24T03:37:51.335+0000][23404][gc,phases    ] GC(270)   Other: 0.8ms
[2020-09-24T03:37:51.335+0000][23404][gc,heap      ] GC(270) Eden regions: 53->0(505)
[2020-09-24T03:37:51.335+0000][23404][gc,heap      ] GC(270) Survivor regions: 5->3(64)
[2020-09-24T03:37:51.335+0000][23404][gc,heap      ] GC(270) Old regions: 78->78
[2020-09-24T03:37:51.335+0000][23404][gc,heap      ] GC(270) Archive regions: 0->0
[2020-09-24T03:37:51.335+0000][23404][gc,heap      ] GC(270) Humongous regions: 335->174
[2020-09-24T03:37:51.335+0000][23404][gc,metaspace ] GC(270) Metaspace: 88879K(94848K)->88879K(94848K) NonClass: 77576K(81152K)->77576K(81152K) Class: 11302K(13696K)->11302K(13696K)
[2020-09-24T03:37:51.335+0000][23404][gc           ] GC(270) Pause Young (Concurrent Start) (G1 Humongous Allocation) 469M->253M(1024M) 4.763ms
[2020-09-24T03:37:51.335+0000][23404][gc,cpu       ] GC(270) User=0.00s Sys=0.00s Real=0.01s
[2020-09-24T03:37:51.335+0000][23404][safepoint    ] Safepoint "G1TryInitiateConcMark", Time since last: 11320300 ns, Reaching safepoint: 144500 ns, At safepoint: 4905200 ns, Total: 5049700 ns
[2020-09-24T03:37:51.335+0000][23404][gc           ] GC(271) Concurrent Cycle
[2020-09-24T03:37:51.335+0000][23404][gc,marking   ] GC(271) Concurrent Clear Claimed Marks
[2020-09-24T03:37:51.336+0000][23404][gc,marking   ] GC(271) Concurrent Clear Claimed Marks 0.400ms
[2020-09-24T03:37:51.336+0000][23404][gc,marking   ] GC(271) Concurrent Scan Root Regions
[2020-09-24T03:37:51.338+0000][23404][gc,marking   ] GC(271) Concurrent Scan Root Regions 1.945ms
[2020-09-24T03:37:51.338+0000][23404][gc,marking   ] GC(271) Concurrent Mark (143.772s)
[2020-09-24T03:37:51.338+0000][23404][gc,marking   ] GC(271) Concurrent Mark From Roots
[2020-09-24T03:37:51.338+0000][23404][gc,task      ] GC(271) Using 2 workers of 2 for marking
[2020-09-24T03:37:51.455+0000][23404][gc,marking   ] GC(271) Concurrent Mark From Roots 117.103ms
[2020-09-24T03:37:51.455+0000][23404][gc,marking   ] GC(271) Concurrent Preclean
[2020-09-24T03:37:51.455+0000][23404][gc,marking   ] GC(271) Concurrent Preclean 0.343ms
[2020-09-24T03:37:51.455+0000][23404][gc,marking   ] GC(271) Concurrent Mark (143.772s, 143.890s) 117.603ms
[2020-09-24T03:37:51.456+0000][23404][gc,start     ] GC(271) Pause Remark
[2020-09-24T03:37:51.462+0000][23404][gc           ] GC(271) Pause Remark 364M->364M(1024M) 6.119ms
[2020-09-24T03:37:51.462+0000][23404][gc,cpu       ] GC(271) User=0.03s Sys=0.00s Real=0.01s
[2020-09-24T03:37:51.462+0000][23404][safepoint    ] Safepoint "G1Concurrent", Time since last: 120308500 ns, Reaching safepoint: 195000 ns, At safepoint: 6373900 ns, Total: 6568900 ns
[2020-09-24T03:37:51.462+0000][23404][gc,marking   ] GC(271) Concurrent Rebuild Remembered Sets
[2020-09-24T03:37:51.525+0000][23404][gc,marking   ] GC(271) Concurrent Rebuild Remembered Sets 62.032ms
[2020-09-24T03:37:51.525+0000][23404][gc,start     ] GC(271) Pause Cleanup
[2020-09-24T03:37:51.525+0000][23404][gc           ] GC(271) Pause Cleanup 440M->440M(1024M) 0.340ms
[2020-09-24T03:37:51.525+0000][23404][gc,cpu       ] GC(271) User=0.00s Sys=0.00s Real=0.00s
[2020-09-24T03:37:51.525+0000][23404][safepoint    ] Safepoint "G1Concurrent", Time since last: 62273100 ns, Reaching safepoint: 142400 ns, At safepoint: 560200 ns, Total: 702600 ns
[2020-09-24T03:37:51.525+0000][23404][gc,marking   ] GC(271) Concurrent Cleanup for Next Mark
[2020-09-24T03:37:51.527+0000][23404][gc,marking   ] GC(271) Concurrent Cleanup for Next Mark 1.687ms
[2020-09-24T03:37:51.527+0000][23404][gc           ] GC(271) Concurrent Cycle 191.709ms
[2020-09-24T03:37:52.153+0000][23404][gc,start     ] GC(272) Pause Young (Concurrent Start) (G1 Humongous Allocation)
[2020-09-24T03:37:52.153+0000][23404][gc,task      ] GC(272) Using 8 workers of 8 for evacuation
[2020-09-24T03:37:52.153+0000][23404][gc,age       ] GC(272) Desired survivor size 33554432 bytes, new threshold 15 (max threshold 15)
[2020-09-24T03:37:52.157+0000][23404][gc,age       ] GC(272) Age table with threshold 15 (max threshold 15)
[2020-09-24T03:37:52.157+0000][23404][gc,age       ] GC(272) - age   1:    2824704 bytes,    2824704 total
[2020-09-24T03:37:52.157+0000][23404][gc,age       ] GC(272) - age   2:      24760 bytes,    2849464 total
[2020-09-24T03:37:52.157+0000][23404][gc,age       ] GC(272) - age   3:     135520 bytes,    2984984 total
[2020-09-24T03:37:52.157+0000][23404][gc,age       ] GC(272) - age   4:       1768 bytes,    2986752 total
[2020-09-24T03:37:52.157+0000][23404][gc,age       ] GC(272) - age   5:      14424 bytes,    3001176 total
[2020-09-24T03:37:52.157+0000][23404][gc,age       ] GC(272) - age   6:       1208 bytes,    3002384 total
[2020-09-24T03:37:52.157+0000][23404][gc,age       ] GC(272) - age   7:      10856 bytes,    3013240 total
[2020-09-24T03:37:52.157+0000][23404][gc,age       ] GC(272) - age   8:        328 bytes,    3013568 total
[2020-09-24T03:37:52.157+0000][23404][gc,age       ] GC(272) - age   9:       3912 bytes,    3017480 total
[2020-09-24T03:37:52.157+0000][23404][gc,age       ] GC(272) - age  10:      68776 bytes,    3086256 total
[2020-09-24T03:37:52.157+0000][23404][gc,age       ] GC(272) - age  11:      18520 bytes,    3104776 total
[2020-09-24T03:37:52.158+0000][23404][gc,age       ] GC(272) - age  12:     450928 bytes,    3555704 total
[2020-09-24T03:37:52.158+0000][23404][gc,age       ] GC(272) - age  13:      14072 bytes,    3569776 total
[2020-09-24T03:37:52.158+0000][23404][gc,age       ] GC(272) - age  14:     115216 bytes,    3684992 total
[2020-09-24T03:37:52.158+0000][23404][gc,age       ] GC(272) - age  15:      56056 bytes,    3741048 total
[2020-09-24T03:37:52.158+0000][23404][gc,phases    ] GC(272)   Pre Evacuate Collection Set: 0.4ms
[2020-09-24T03:37:52.158+0000][23404][gc,phases    ] GC(272)   Merge Heap Roots: 0.1ms
[2020-09-24T03:37:52.158+0000][23404][gc,phases    ] GC(272)   Evacuate Collection Set: 2.7ms
[2020-09-24T03:37:52.158+0000][23404][gc,phases    ] GC(272)   Post Evacuate Collection Set: 0.9ms
[2020-09-24T03:37:52.158+0000][23404][gc,phases    ] GC(272)   Other: 1.0ms
[2020-09-24T03:37:52.158+0000][23404][gc,heap      ] GC(272) Eden regions: 76->0(504)
[2020-09-24T03:37:52.158+0000][23404][gc,heap      ] GC(272) Survivor regions: 3->4(64)
[2020-09-24T03:37:52.158+0000][23404][gc,heap      ] GC(272) Old regions: 78->78
[2020-09-24T03:37:52.158+0000][23404][gc,heap      ] GC(272) Archive regions: 0->0
[2020-09-24T03:37:52.158+0000][23404][gc,heap      ] GC(272) Humongous regions: 308->174
[2020-09-24T03:37:52.158+0000][23404][gc,metaspace ] GC(272) Metaspace: 89007K(94848K)->89007K(94848K) NonClass: 77693K(81152K)->77693K(81152K) Class: 11314K(13696K)->11314K(13696K)
[2020-09-24T03:37:52.158+0000][23404][gc           ] GC(272) Pause Young (Concurrent Start) (G1 Humongous Allocation) 463M->255M(1024M) 5.476ms
[2020-09-24T03:37:52.158+0000][23404][gc,cpu       ] GC(272) User=0.00s Sys=0.00s Real=0.00s
[2020-09-24T03:37:52.158+0000][23404][gc           ] GC(273) Concurrent Cycle
[2020-09-24T03:37:52.158+0000][23404][gc,marking   ] GC(273) Concurrent Clear Claimed Marks
[2020-09-24T03:37:52.159+0000][23404][safepoint    ] Safepoint "G1TryInitiateConcMark", Time since last: 627874100 ns, Reaching safepoint: 195500 ns, At safepoint: 5832000 ns, Total: 6027500 ns
[2020-09-24T03:37:52.159+0000][23404][gc,marking   ] GC(273) Concurrent Clear Claimed Marks 0.445ms
[2020-09-24T03:37:52.159+0000][23404][gc,marking   ] GC(273) Concurrent Scan Root Regions
[2020-09-24T03:37:52.163+0000][23404][gc,marking   ] GC(273) Concurrent Scan Root Regions 3.621ms
[2020-09-24T03:37:52.163+0000][23404][gc,marking   ] GC(273) Concurrent Mark (144.598s)
[2020-09-24T03:37:52.163+0000][23404][gc,marking   ] GC(273) Concurrent Mark From Roots
[2020-09-24T03:37:52.163+0000][23404][gc,task      ] GC(273) Using 2 workers of 2 for marking
[2020-09-24T03:37:52.263+0000][23404][gc,marking   ] GC(273) Concurrent Mark From Roots 100.343ms
[2020-09-24T03:37:52.263+0000][23404][gc,marking   ] GC(273) Concurrent Preclean
[2020-09-24T03:37:52.263+0000][23404][gc,marking   ] GC(273) Concurrent Preclean 0.318ms
[2020-09-24T03:37:52.264+0000][23404][gc,marking   ] GC(273) Concurrent Mark (144.598s, 144.698s) 100.801ms
[2020-09-24T03:37:52.264+0000][23404][gc,start     ] GC(273) Pause Remark
[2020-09-24T03:37:52.269+0000][23404][gc           ] GC(273) Pause Remark 412M->412M(1024M) 5.644ms
[2020-09-24T03:37:52.269+0000][23404][gc,cpu       ] GC(273) User=0.00s Sys=0.00s Real=0.01s
[2020-09-24T03:37:52.270+0000][23404][safepoint    ] Safepoint "G1Concurrent", Time since last: 105048500 ns, Reaching safepoint: 129600 ns, At safepoint: 5857700 ns, Total: 5987300 ns
[2020-09-24T03:37:52.270+0000][23404][gc,marking   ] GC(273) Concurrent Rebuild Remembered Sets
[2020-09-24T03:37:52.331+0000][23404][gc,marking   ] GC(273) Concurrent Rebuild Remembered Sets 61.392ms
[2020-09-24T03:37:52.331+0000][23404][gc,start     ] GC(273) Pause Cleanup
[2020-09-24T03:37:52.332+0000][23404][gc           ] GC(273) Pause Cleanup 433M->433M(1024M) 0.301ms
[2020-09-24T03:37:52.332+0000][23404][gc,cpu       ] GC(273) User=0.00s Sys=0.00s Real=0.00s
[2020-09-24T03:37:52.332+0000][23404][safepoint    ] Safepoint "G1Concurrent", Time since last: 61562800 ns, Reaching safepoint: 115200 ns, At safepoint: 445200 ns, Total: 560400 ns
[2020-09-24T03:37:52.332+0000][23404][gc,marking   ] GC(273) Concurrent Cleanup for Next Mark
[2020-09-24T03:37:52.334+0000][23404][gc,marking   ] GC(273) Concurrent Cleanup for Next Mark 1.387ms
[2020-09-24T03:37:52.334+0000][23404][gc           ] GC(273) Concurrent Cycle 174.887ms
[2020-09-24T03:37:52.383+0000][23404][gc,start     ] GC(274) Pause Young (Concurrent Start) (G1 Humongous Allocation)
[2020-09-24T03:37:52.383+0000][23404][gc,task      ] GC(274) Using 8 workers of 8 for evacuation
[2020-09-24T03:37:52.384+0000][23404][gc,age       ] GC(274) Desired survivor size 33554432 bytes, new threshold 15 (max threshold 15)
[2020-09-24T03:37:52.387+0000][23404][gc,age       ] GC(274) Age table with threshold 15 (max threshold 15)
[2020-09-24T03:37:52.387+0000][23404][gc,age       ] GC(274) - age   1:    2688672 bytes,    2688672 total
[2020-09-24T03:37:52.387+0000][23404][gc,age       ] GC(274) - age   2:     141960 bytes,    2830632 total
[2020-09-24T03:37:52.387+0000][23404][gc,age       ] GC(274) - age   3:      22816 bytes,    2853448 total
[2020-09-24T03:37:52.388+0000][23404][gc,age       ] GC(274) - age   4:     135488 bytes,    2988936 total
[2020-09-24T03:37:52.388+0000][23404][gc,age       ] GC(274) - age   5:       1416 bytes,    2990352 total
[2020-09-24T03:37:52.388+0000][23404][gc,age       ] GC(274) - age   6:      11832 bytes,    3002184 total
[2020-09-24T03:37:52.388+0000][23404][gc,age       ] GC(274) - age   7:       1208 bytes,    3003392 total
[2020-09-24T03:37:52.388+0000][23404][gc,age       ] GC(274) - age   8:      10760 bytes,    3014152 total
[2020-09-24T03:37:52.388+0000][23404][gc,age       ] GC(274) - age   9:        328 bytes,    3014480 total
[2020-09-24T03:37:52.388+0000][23404][gc,age       ] GC(274) - age  10:       3912 bytes,    3018392 total
[2020-09-24T03:37:52.388+0000][23404][gc,age       ] GC(274) - age  11:      68776 bytes,    3087168 total
[2020-09-24T03:37:52.388+0000][23404][gc,age       ] GC(274) - age  12:      18488 bytes,    3105656 total
[2020-09-24T03:37:52.388+0000][23404][gc,age       ] GC(274) - age  13:     450928 bytes,    3556584 total
[2020-09-24T03:37:52.388+0000][23404][gc,age       ] GC(274) - age  14:      14072 bytes,    3570656 total
[2020-09-24T03:37:52.388+0000][23404][gc,age       ] GC(274) - age  15:     115216 bytes,    3685872 total
[2020-09-24T03:37:52.388+0000][23404][gc,phases    ] GC(274)   Pre Evacuate Collection Set: 0.3ms
[2020-09-24T03:37:52.388+0000][23404][gc,phases    ] GC(274)   Merge Heap Roots: 0.1ms
[2020-09-24T03:37:52.388+0000][23404][gc,phases    ] GC(274)   Evacuate Collection Set: 2.6ms
[2020-09-24T03:37:52.388+0000][23404][gc,phases    ] GC(274)   Post Evacuate Collection Set: 0.7ms
[2020-09-24T03:37:52.388+0000][23404][gc,phases    ] GC(274)   Other: 0.7ms
[2020-09-24T03:37:52.388+0000][23404][gc,heap      ] GC(274) Eden regions: 59->0(504)
[2020-09-24T03:37:52.388+0000][23404][gc,heap      ] GC(274) Survivor regions: 4->4(64)
[2020-09-24T03:37:52.388+0000][23404][gc,heap      ] GC(274) Old regions: 78->78
[2020-09-24T03:37:52.388+0000][23404][gc,heap      ] GC(274) Archive regions: 0->0
[2020-09-24T03:37:52.388+0000][23404][gc,heap      ] GC(274) Humongous regions: 298->174
[2020-09-24T03:37:52.388+0000][23404][gc,metaspace ] GC(274) Metaspace: 89016K(94848K)->89016K(94848K) NonClass: 77702K(81152K)->77702K(81152K) Class: 11314K(13696K)->11314K(13696K)
[2020-09-24T03:37:52.388+0000][23404][gc           ] GC(274) Pause Young (Concurrent Start) (G1 Humongous Allocation) 437M->255M(1024M) 4.642ms
[2020-09-24T03:37:52.388+0000][23404][gc,cpu       ] GC(274) User=0.02s Sys=0.00s Real=0.01s
[2020-09-24T03:37:52.388+0000][23404][safepoint    ] Safepoint "G1TryInitiateConcMark", Time since last: 50616000 ns, Reaching safepoint: 127300 ns, At safepoint: 4775000 ns, Total: 4902300 ns
[2020-09-24T03:37:52.388+0000][23404][gc           ] GC(275) Concurrent Cycle
[2020-09-24T03:37:52.388+0000][23404][gc,marking   ] GC(275) Concurrent Clear Claimed Marks
[2020-09-24T03:37:52.389+0000][23404][gc,marking   ] GC(275) Concurrent Clear Claimed Marks 0.372ms
[2020-09-24T03:37:52.389+0000][23404][gc,marking   ] GC(275) Concurrent Scan Root Regions
[2020-09-24T03:37:52.391+0000][23404][gc,marking   ] GC(275) Concurrent Scan Root Regions 2.370ms
[2020-09-24T03:37:52.391+0000][23404][gc,marking   ] GC(275) Concurrent Mark (144.825s)
[2020-09-24T03:37:52.391+0000][23404][gc,marking   ] GC(275) Concurrent Mark From Roots
[2020-09-24T03:37:52.391+0000][23404][gc,task      ] GC(275) Using 2 workers of 2 for marking
[2020-09-24T03:37:52.492+0000][23404][gc,marking   ] GC(275) Concurrent Mark From Roots 100.738ms
[2020-09-24T03:37:52.492+0000][23404][gc,marking   ] GC(275) Concurrent Preclean
[2020-09-24T03:37:52.492+0000][23404][gc,marking   ] GC(275) Concurrent Preclean 0.303ms
[2020-09-24T03:37:52.492+0000][23404][gc,marking   ] GC(275) Concurrent Mark (144.825s, 144.926s) 101.215ms
[2020-09-24T03:37:52.493+0000][23404][gc,start     ] GC(275) Pause Remark
[2020-09-24T03:37:52.498+0000][23404][gc           ] GC(275) Pause Remark 412M->412M(1024M) 5.527ms
[2020-09-24T03:37:52.498+0000][23404][gc,cpu       ] GC(275) User=0.00s Sys=0.00s Real=0.00s
[2020-09-24T03:37:52.498+0000][23404][safepoint    ] Safepoint "G1Concurrent", Time since last: 104350300 ns, Reaching safepoint: 141600 ns, At safepoint: 5712300 ns, Total: 5853900 ns
[2020-09-24T03:37:52.498+0000][23404][gc,marking   ] GC(275) Concurrent Rebuild Remembered Sets
[2020-09-24T03:37:52.563+0000][23404][gc,marking   ] GC(275) Concurrent Rebuild Remembered Sets 64.607ms
[2020-09-24T03:37:52.563+0000][23404][gc,start     ] GC(275) Pause Cleanup
[2020-09-24T03:37:52.564+0000][23404][gc           ] GC(275) Pause Cleanup 503M->503M(1024M) 0.304ms
[2020-09-24T03:37:52.564+0000][23404][gc,cpu       ] GC(275) User=0.00s Sys=0.00s Real=0.00s
[2020-09-24T03:37:52.564+0000][23404][safepoint    ] Safepoint "G1Concurrent", Time since last: 64759300 ns, Reaching safepoint: 112900 ns, At safepoint: 445400 ns, Total: 558300 ns
[2020-09-24T03:37:52.564+0000][23404][gc,marking   ] GC(275) Concurrent Cleanup for Next Mark
[2020-09-24T03:37:52.565+0000][23404][gc,marking   ] GC(275) Concurrent Cleanup for Next Mark 1.620ms
[2020-09-24T03:37:52.565+0000][23404][gc           ] GC(275) Concurrent Cycle 177.261ms
[2020-09-24T03:37:52.573+0000][23404][gc,start     ] GC(276) Pause Young (Concurrent Start) (G1 Humongous Allocation)
[2020-09-24T03:37:52.573+0000][23404][gc,task      ] GC(276) Using 8 workers of 8 for evacuation
[2020-09-24T03:37:52.573+0000][23404][gc,age       ] GC(276) Desired survivor size 33554432 bytes, new threshold 15 (max threshold 15)
[2020-09-24T03:37:52.577+0000][23404][gc,age       ] GC(276) Age table with threshold 15 (max threshold 15)
[2020-09-24T03:37:52.578+0000][23404][gc,age       ] GC(276) - age   1:    3407680 bytes,    3407680 total
[2020-09-24T03:37:52.578+0000][23404][gc,age       ] GC(276) - age   2:      10840 bytes,    3418520 total
[2020-09-24T03:37:52.578+0000][23404][gc,age       ] GC(276) - age   3:     138408 bytes,    3556928 total
[2020-09-24T03:37:52.578+0000][23404][gc,age       ] GC(276) - age   4:      20352 bytes,    3577280 total
[2020-09-24T03:37:52.578+0000][23404][gc,age       ] GC(276) - age   5:     135272 bytes,    3712552 total
[2020-09-24T03:37:52.578+0000][23404][gc,age       ] GC(276) - age   6:       1096 bytes,    3713648 total
[2020-09-24T03:37:52.578+0000][23404][gc,age       ] GC(276) - age   7:      11704 bytes,    3725352 total
[2020-09-24T03:37:52.578+0000][23404][gc,age       ] GC(276) - age   8:       1208 bytes,    3726560 total
[2020-09-24T03:37:52.578+0000][23404][gc,age       ] GC(276) - age   9:      10760 bytes,    3737320 total
[2020-09-24T03:37:52.578+0000][23404][gc,age       ] GC(276) - age  10:        328 bytes,    3737648 total
[2020-09-24T03:37:52.578+0000][23404][gc,age       ] GC(276) - age  11:       3912 bytes,    3741560 total
[2020-09-24T03:37:52.578+0000][23404][gc,age       ] GC(276) - age  12:      68776 bytes,    3810336 total
[2020-09-24T03:37:52.578+0000][23404][gc,age       ] GC(276) - age  13:      18328 bytes,    3828664 total
[2020-09-24T03:37:52.578+0000][23404][gc,age       ] GC(276) - age  14:     450912 bytes,    4279576 total
[2020-09-24T03:37:52.578+0000][23404][gc,age       ] GC(276) - age  15:      13688 bytes,    4293264 total
[2020-09-24T03:37:52.578+0000][23404][gc,phases    ] GC(276)   Pre Evacuate Collection Set: 0.4ms
[2020-09-24T03:37:52.578+0000][23404][gc,phases    ] GC(276)   Merge Heap Roots: 0.1ms
[2020-09-24T03:37:52.578+0000][23404][gc,phases    ] GC(276)   Evacuate Collection Set: 2.6ms
[2020-09-24T03:37:52.578+0000][23404][gc,phases    ] GC(276)   Post Evacuate Collection Set: 1.1ms
[2020-09-24T03:37:52.578+0000][23404][gc,phases    ] GC(276)   Other: 1.0ms
[2020-09-24T03:37:52.578+0000][23404][gc,heap      ] GC(276) Eden regions: 72->0(502)
[2020-09-24T03:37:52.578+0000][23404][gc,heap      ] GC(276) Survivor regions: 4->5(64)
[2020-09-24T03:37:52.578+0000][23404][gc,heap      ] GC(276) Old regions: 78->78
[2020-09-24T03:37:52.578+0000][23404][gc,heap      ] GC(276) Archive regions: 0->0
[2020-09-24T03:37:52.578+0000][23404][gc,heap      ] GC(276) Humongous regions: 355->174
[2020-09-24T03:37:52.578+0000][23404][gc,metaspace ] GC(276) Metaspace: 89016K(94848K)->89016K(94848K) NonClass: 77702K(81152K)->77702K(81152K) Class: 11314K(13696K)->11314K(13696K)
[2020-09-24T03:37:52.579+0000][23404][gc           ] GC(276) Pause Young (Concurrent Start) (G1 Humongous Allocation) 508M->256M(1024M) 5.554ms
[2020-09-24T03:37:52.579+0000][23404][gc,cpu       ] GC(276) User=0.00s Sys=0.00s Real=0.01s
[2020-09-24T03:37:52.579+0000][23404][gc           ] GC(277) Concurrent Cycle
[2020-09-24T03:37:52.579+0000][23404][safepoint    ] Safepoint "G1TryInitiateConcMark", Time since last: 9134700 ns, Reaching safepoint: 119700 ns, At safepoint: 5752800 ns, Total: 5872500 ns
[2020-09-24T03:37:52.579+0000][23404][gc,marking   ] GC(277) Concurrent Clear Claimed Marks
[2020-09-24T03:37:52.579+0000][23404][gc,marking   ] GC(277) Concurrent Clear Claimed Marks 0.397ms
[2020-09-24T03:37:52.579+0000][23404][gc,marking   ] GC(277) Concurrent Scan Root Regions
[2020-09-24T03:37:52.582+0000][23404][gc,marking   ] GC(277) Concurrent Scan Root Regions 2.988ms
[2020-09-24T03:37:52.582+0000][23404][gc,marking   ] GC(277) Concurrent Mark (145.016s)
[2020-09-24T03:37:52.582+0000][23404][gc,marking   ] GC(277) Concurrent Mark From Roots
[2020-09-24T03:37:52.582+0000][23404][gc,task      ] GC(277) Using 2 workers of 2 for marking
[2020-09-24T03:37:52.698+0000][23404][gc,marking   ] GC(277) Concurrent Mark From Roots 115.859ms
[2020-09-24T03:37:52.698+0000][23404][gc,marking   ] GC(277) Concurrent Preclean
[2020-09-24T03:37:52.699+0000][23404][gc,marking   ] GC(277) Concurrent Preclean 0.479ms
[2020-09-24T03:37:52.699+0000][23404][gc,marking   ] GC(277) Concurrent Mark (145.016s, 145.133s) 116.590ms
[2020-09-24T03:37:52.699+0000][23404][gc,start     ] GC(277) Pause Remark
[2020-09-24T03:37:52.705+0000][23404][gc           ] GC(277) Pause Remark 332M->332M(1024M) 6.080ms
[2020-09-24T03:37:52.705+0000][23404][gc,cpu       ] GC(277) User=0.00s Sys=0.00s Real=0.01s
[2020-09-24T03:37:52.705+0000][23404][safepoint    ] Safepoint "G1Concurrent", Time since last: 120219900 ns, Reaching safepoint: 159600 ns, At safepoint: 6300100 ns, Total: 6459700 ns
[2020-09-24T03:37:52.705+0000][23404][gc,marking   ] GC(277) Concurrent Rebuild Remembered Sets
[2020-09-24T03:37:52.782+0000][23404][gc,marking   ] GC(277) Concurrent Rebuild Remembered Sets 76.995ms
[2020-09-24T03:37:52.783+0000][23404][gc,start     ] GC(277) Pause Cleanup
[2020-09-24T03:37:52.783+0000][23404][gc           ] GC(277) Pause Cleanup 334M->334M(1024M) 0.356ms
[2020-09-24T03:37:52.783+0000][23404][gc,cpu       ] GC(277) User=0.00s Sys=0.00s Real=0.00s
[2020-09-24T03:37:52.783+0000][23404][safepoint    ] Safepoint "G1Concurrent", Time since last: 77309800 ns, Reaching safepoint: 173900 ns, At safepoint: 572100 ns, Total: 746000 ns
[2020-09-24T03:37:52.783+0000][23404][gc,marking   ] GC(277) Concurrent Cleanup for Next Mark
[2020-09-24T03:37:52.785+0000][23404][gc,marking   ] GC(277) Concurrent Cleanup for Next Mark 1.642ms
[2020-09-24T03:37:52.785+0000][23404][gc           ] GC(277) Concurrent Cycle 206.576ms
[2020-09-24T03:37:52.995+0000][23404][gc,start     ] GC(278) Pause Young (Concurrent Start) (G1 Humongous Allocation)
[2020-09-24T03:37:52.995+0000][23404][gc,task      ] GC(278) Using 8 workers of 8 for evacuation
[2020-09-24T03:37:52.995+0000][23404][gc,age       ] GC(278) Desired survivor size 33554432 bytes, new threshold 15 (max threshold 15)
[2020-09-24T03:37:52.999+0000][23404][gc,age       ] GC(278) Age table with threshold 15 (max threshold 15)
[2020-09-24T03:37:52.999+0000][23404][gc,age       ] GC(278) - age   1:    2698048 bytes,    2698048 total
[2020-09-24T03:37:52.999+0000][23404][gc,age       ] GC(278) - age   2:       7800 bytes,    2705848 total
[2020-09-24T03:37:52.999+0000][23404][gc,age       ] GC(278) - age   3:       8920 bytes,    2714768 total
[2020-09-24T03:37:52.999+0000][23404][gc,age       ] GC(278) - age   4:     136224 bytes,    2850992 total
[2020-09-24T03:37:52.999+0000][23404][gc,age       ] GC(278) - age   5:      20352 bytes,    2871344 total
[2020-09-24T03:37:52.999+0000][23404][gc,age       ] GC(278) - age   6:     135096 bytes,    3006440 total
[2020-09-24T03:37:52.999+0000][23404][gc,age       ] GC(278) - age   7:       1096 bytes,    3007536 total
[2020-09-24T03:37:52.999+0000][23404][gc,age       ] GC(278) - age   8:      11704 bytes,    3019240 total
[2020-09-24T03:37:52.999+0000][23404][gc,age       ] GC(278) - age   9:       1208 bytes,    3020448 total
[2020-09-24T03:37:52.999+0000][23404][gc,age       ] GC(278) - age  10:      10760 bytes,    3031208 total
[2020-09-24T03:37:52.999+0000][23404][gc,age       ] GC(278) - age  11:        328 bytes,    3031536 total
[2020-09-24T03:37:52.999+0000][23404][gc,age       ] GC(278) - age  12:       3912 bytes,    3035448 total
[2020-09-24T03:37:52.999+0000][23404][gc,age       ] GC(278) - age  13:      68776 bytes,    3104224 total
[2020-09-24T03:37:52.999+0000][23404][gc,age       ] GC(278) - age  14:      18328 bytes,    3122552 total
[2020-09-24T03:37:52.999+0000][23404][gc,age       ] GC(278) - age  15:     448672 bytes,    3571224 total
[2020-09-24T03:37:52.999+0000][23404][gc,phases    ] GC(278)   Pre Evacuate Collection Set: 0.4ms
[2020-09-24T03:37:52.999+0000][23404][gc,phases    ] GC(278)   Merge Heap Roots: 0.1ms
[2020-09-24T03:37:52.999+0000][23404][gc,phases    ] GC(278)   Evacuate Collection Set: 2.3ms
[2020-09-24T03:37:52.999+0000][23404][gc,phases    ] GC(278)   Post Evacuate Collection Set: 0.6ms
[2020-09-24T03:37:52.999+0000][23404][gc,phases    ] GC(278)   Other: 0.7ms
[2020-09-24T03:37:52.999+0000][23404][gc,heap      ] GC(278) Eden regions: 36->0(504)
[2020-09-24T03:37:53.000+0000][23404][gc,heap      ] GC(278) Survivor regions: 5->4(64)
[2020-09-24T03:37:53.000+0000][23404][gc,heap      ] GC(278) Old regions: 78->78
[2020-09-24T03:37:53.000+0000][23404][gc,heap      ] GC(278) Archive regions: 0->0
[2020-09-24T03:37:53.000+0000][23404][gc,heap      ] GC(278) Humongous regions: 231->174
[2020-09-24T03:37:53.000+0000][23404][gc,metaspace ] GC(278) Metaspace: 89143K(95104K)->89143K(95104K) NonClass: 77827K(81408K)->77827K(81408K) Class: 11315K(13696K)->11315K(13696K)
[2020-09-24T03:37:53.000+0000][23404][gc           ] GC(278) Pause Young (Concurrent Start) (G1 Humongous Allocation) 348M->255M(1024M) 4.309ms
[2020-09-24T03:37:53.000+0000][23404][gc,cpu       ] GC(278) User=0.00s Sys=0.00s Real=0.01s
[2020-09-24T03:37:53.000+0000][23404][safepoint    ] Safepoint "G1TryInitiateConcMark", Time since last: 212345500 ns, Reaching safepoint: 147100 ns, At safepoint: 4442700 ns, Total: 4589800 ns
[2020-09-24T03:37:53.000+0000][23404][gc           ] GC(279) Concurrent Cycle
[2020-09-24T03:37:53.000+0000][23404][gc,marking   ] GC(279) Concurrent Clear Claimed Marks
[2020-09-24T03:37:53.000+0000][23404][gc,marking   ] GC(279) Concurrent Clear Claimed Marks 0.333ms
[2020-09-24T03:37:53.000+0000][23404][gc,marking   ] GC(279) Concurrent Scan Root Regions
[2020-09-24T03:37:53.002+0000][23404][gc,marking   ] GC(279) Concurrent Scan Root Regions 2.161ms
[2020-09-24T03:37:53.002+0000][23404][gc,marking   ] GC(279) Concurrent Mark (145.437s)
[2020-09-24T03:37:53.002+0000][23404][gc,marking   ] GC(279) Concurrent Mark From Roots
[2020-09-24T03:37:53.002+0000][23404][gc,task      ] GC(279) Using 2 workers of 2 for marking
[2020-09-24T03:37:53.116+0000][23404][gc,marking   ] GC(279) Concurrent Mark From Roots 113.981ms
[2020-09-24T03:37:53.117+0000][23404][gc,marking   ] GC(279) Concurrent Preclean
[2020-09-24T03:37:53.117+0000][23404][gc,marking   ] GC(279) Concurrent Preclean 0.292ms
[2020-09-24T03:37:53.117+0000][23404][gc,marking   ] GC(279) Concurrent Mark (145.437s, 145.551s) 114.399ms
[2020-09-24T03:37:53.117+0000][23404][gc,start     ] GC(279) Pause Remark
[2020-09-24T03:37:53.123+0000][23404][gc           ] GC(279) Pause Remark 426M->426M(1024M) 5.485ms
[2020-09-24T03:37:53.123+0000][23404][gc,cpu       ] GC(279) User=0.11s Sys=0.00s Real=0.01s
[2020-09-24T03:37:53.123+0000][23404][safepoint    ] Safepoint "G1Concurrent", Time since last: 117172100 ns, Reaching safepoint: 140900 ns, At safepoint: 5732500 ns, Total: 5873400 ns
[2020-09-24T03:37:53.123+0000][23404][gc,marking   ] GC(279) Concurrent Rebuild Remembered Sets
[2020-09-24T03:37:53.189+0000][23404][gc,marking   ] GC(279) Concurrent Rebuild Remembered Sets 66.075ms
[2020-09-24T03:37:53.189+0000][23404][gc,start     ] GC(279) Pause Cleanup
[2020-09-24T03:37:53.190+0000][23404][gc           ] GC(279) Pause Cleanup 504M->504M(1024M) 0.290ms
[2020-09-24T03:37:53.190+0000][23404][gc,cpu       ] GC(279) User=0.00s Sys=0.00s Real=0.00s
[2020-09-24T03:37:53.190+0000][23404][safepoint    ] Safepoint "G1Concurrent", Time since last: 66240300 ns, Reaching safepoint: 169000 ns, At safepoint: 481200 ns, Total: 650200 ns
[2020-09-24T03:37:53.190+0000][23404][gc,marking   ] GC(279) Concurrent Cleanup for Next Mark
[2020-09-24T03:37:53.192+0000][23404][gc,marking   ] GC(279) Concurrent Cleanup for Next Mark 2.336ms
[2020-09-24T03:37:53.192+0000][23404][gc           ] GC(279) Concurrent Cycle 192.459ms
[2020-09-24T03:37:53.198+0000][23404][gc,start     ] GC(280) Pause Young (Concurrent Start) (G1 Humongous Allocation)
[2020-09-24T03:37:53.198+0000][23404][gc,task      ] GC(280) Using 8 workers of 8 for evacuation
[2020-09-24T03:37:53.198+0000][23404][gc,age       ] GC(280) Desired survivor size 33554432 bytes, new threshold 15 (max threshold 15)
[2020-09-24T03:37:53.203+0000][23404][gc,age       ] GC(280) Age table with threshold 15 (max threshold 15)
[2020-09-24T03:37:53.203+0000][23404][gc,age       ] GC(280) - age   1:    3402168 bytes,    3402168 total
[2020-09-24T03:37:53.203+0000][23404][gc,age       ] GC(280) - age   2:      21112 bytes,    3423280 total
[2020-09-24T03:37:53.203+0000][23404][gc,age       ] GC(280) - age   3:       6624 bytes,    3429904 total
[2020-09-24T03:37:53.203+0000][23404][gc,age       ] GC(280) - age   4:       2872 bytes,    3432776 total
[2020-09-24T03:37:53.203+0000][23404][gc,age       ] GC(280) - age   5:     135904 bytes,    3568680 total
[2020-09-24T03:37:53.203+0000][23404][gc,age       ] GC(280) - age   6:      20248 bytes,    3588928 total
[2020-09-24T03:37:53.203+0000][23404][gc,age       ] GC(280) - age   7:     134832 bytes,    3723760 total
[2020-09-24T03:37:53.203+0000][23404][gc,age       ] GC(280) - age   8:        584 bytes,    3724344 total
[2020-09-24T03:37:53.203+0000][23404][gc,age       ] GC(280) - age   9:      11704 bytes,    3736048 total
[2020-09-24T03:37:53.203+0000][23404][gc,age       ] GC(280) - age  10:       1208 bytes,    3737256 total
[2020-09-24T03:37:53.203+0000][23404][gc,age       ] GC(280) - age  11:      10632 bytes,    3747888 total
[2020-09-24T03:37:53.203+0000][23404][gc,age       ] GC(280) - age  12:        328 bytes,    3748216 total
[2020-09-24T03:37:53.203+0000][23404][gc,age       ] GC(280) - age  13:       3912 bytes,    3752128 total
[2020-09-24T03:37:53.203+0000][23404][gc,age       ] GC(280) - age  14:      68776 bytes,    3820904 total
[2020-09-24T03:37:53.203+0000][23404][gc,age       ] GC(280) - age  15:      18328 bytes,    3839232 total
[2020-09-24T03:37:53.203+0000][23404][gc,phases    ] GC(280)   Pre Evacuate Collection Set: 0.4ms
[2020-09-24T03:37:53.203+0000][23404][gc,phases    ] GC(280)   Merge Heap Roots: 0.1ms
[2020-09-24T03:37:53.203+0000][23404][gc,phases    ] GC(280)   Evacuate Collection Set: 3.1ms
[2020-09-24T03:37:53.203+0000][23404][gc,phases    ] GC(280)   Post Evacuate Collection Set: 0.8ms
[2020-09-24T03:37:53.204+0000][23404][gc,phases    ] GC(280)   Other: 0.9ms
[2020-09-24T03:37:53.204+0000][23404][gc,heap      ] GC(280) Eden regions: 73->0(502)
[2020-09-24T03:37:53.204+0000][23404][gc,heap      ] GC(280) Survivor regions: 4->4(64)
[2020-09-24T03:37:53.204+0000][23404][gc,heap      ] GC(280) Old regions: 78->79
[2020-09-24T03:37:53.204+0000][23404][gc,heap      ] GC(280) Archive regions: 0->0
[2020-09-24T03:37:53.204+0000][23404][gc,heap      ] GC(280) Humongous regions: 355->174
[2020-09-24T03:37:53.204+0000][23404][gc,metaspace ] GC(280) Metaspace: 89143K(95104K)->89143K(95104K) NonClass: 77827K(81408K)->77827K(81408K) Class: 11315K(13696K)->11315K(13696K)
[2020-09-24T03:37:53.204+0000][23404][gc           ] GC(280) Pause Young (Concurrent Start) (G1 Humongous Allocation) 508M->256M(1024M) 5.651ms
[2020-09-24T03:37:53.204+0000][23404][gc,cpu       ] GC(280) User=0.00s Sys=0.00s Real=0.01s
[2020-09-24T03:37:53.204+0000][23404][gc           ] GC(281) Concurrent Cycle
[2020-09-24T03:37:53.204+0000][23404][safepoint    ] Safepoint "G1TryInitiateConcMark", Time since last: 8274700 ns, Reaching safepoint: 125000 ns, At safepoint: 5831900 ns, Total: 5956900 ns
[2020-09-24T03:37:53.204+0000][23404][gc,marking   ] GC(281) Concurrent Clear Claimed Marks
[2020-09-24T03:37:53.205+0000][23404][gc,marking   ] GC(281) Concurrent Clear Claimed Marks 0.573ms
[2020-09-24T03:37:53.205+0000][23404][gc,marking   ] GC(281) Concurrent Scan Root Regions
[2020-09-24T03:37:53.209+0000][23404][gc,marking   ] GC(281) Concurrent Scan Root Regions 4.453ms
[2020-09-24T03:37:53.209+0000][23404][gc,marking   ] GC(281) Concurrent Mark (145.644s)
[2020-09-24T03:37:53.209+0000][23404][gc,marking   ] GC(281) Concurrent Mark From Roots
[2020-09-24T03:37:53.209+0000][23404][gc,task      ] GC(281) Using 2 workers of 2 for marking
[2020-09-24T03:37:53.311+0000][23404][gc,marking   ] GC(281) Concurrent Mark From Roots 101.751ms
[2020-09-24T03:37:53.311+0000][23404][gc,marking   ] GC(281) Concurrent Preclean
[2020-09-24T03:37:53.311+0000][23404][gc,marking   ] GC(281) Concurrent Preclean 0.251ms
[2020-09-24T03:37:53.311+0000][23404][gc,marking   ] GC(281) Concurrent Mark (145.644s, 145.746s) 102.160ms
[2020-09-24T03:37:53.312+0000][23404][gc,start     ] GC(281) Pause Remark
[2020-09-24T03:37:53.318+0000][23404][gc           ] GC(281) Pause Remark 334M->334M(1024M) 6.203ms
[2020-09-24T03:37:53.318+0000][23404][gc,cpu       ] GC(281) User=0.00s Sys=0.00s Real=0.01s
[2020-09-24T03:37:53.318+0000][23404][safepoint    ] Safepoint "G1Concurrent", Time since last: 107575200 ns, Reaching safepoint: 141100 ns, At safepoint: 6398300 ns, Total: 6539400 ns
[2020-09-24T03:37:53.318+0000][23404][gc,marking   ] GC(281) Concurrent Rebuild Remembered Sets
[2020-09-24T03:37:53.380+0000][23404][gc,marking   ] GC(281) Concurrent Rebuild Remembered Sets 61.951ms
[2020-09-24T03:37:53.380+0000][23404][gc,start     ] GC(281) Pause Cleanup
[2020-09-24T03:37:53.381+0000][23404][gc           ] GC(281) Pause Cleanup 402M->402M(1024M) 0.299ms
[2020-09-24T03:37:53.381+0000][23404][gc,cpu       ] GC(281) User=0.00s Sys=0.00s Real=0.00s
[2020-09-24T03:37:53.381+0000][23404][safepoint    ] Safepoint "G1Concurrent", Time since last: 62114300 ns, Reaching safepoint: 166800 ns, At safepoint: 452800 ns, Total: 619600 ns
[2020-09-24T03:37:53.381+0000][23404][gc,marking   ] GC(281) Concurrent Cleanup for Next Mark
[2020-09-24T03:37:53.382+0000][23404][gc,marking   ] GC(281) Concurrent Cleanup for Next Mark 1.662ms
[2020-09-24T03:37:53.383+0000][23404][gc           ] GC(281) Concurrent Cycle 178.695ms
[2020-09-24T03:37:53.402+0000][23404][gc,start     ] GC(282) Pause Young (Concurrent Start) (G1 Humongous Allocation)
[2020-09-24T03:37:53.402+0000][23404][gc,task      ] GC(282) Using 8 workers of 8 for evacuation
[2020-09-24T03:37:53.402+0000][23404][gc,age       ] GC(282) Desired survivor size 33554432 bytes, new threshold 15 (max threshold 15)
[2020-09-24T03:37:53.405+0000][23404][gc,age       ] GC(282) Age table with threshold 15 (max threshold 15)
[2020-09-24T03:37:53.405+0000][23404][gc,age       ] GC(282) - age   1:    2894416 bytes,    2894416 total
[2020-09-24T03:37:53.405+0000][23404][gc,age       ] GC(282) - age   2:       4360 bytes,    2898776 total
[2020-09-24T03:37:53.405+0000][23404][gc,age       ] GC(282) - age   3:      18784 bytes,    2917560 total
[2020-09-24T03:37:53.405+0000][23404][gc,age       ] GC(282) - age   4:       6336 bytes,    2923896 total
[2020-09-24T03:37:53.405+0000][23404][gc,age       ] GC(282) - age   5:       2472 bytes,    2926368 total
[2020-09-24T03:37:53.405+0000][23404][gc,age       ] GC(282) - age   6:     135904 bytes,    3062272 total
[2020-09-24T03:37:53.405+0000][23404][gc,age       ] GC(282) - age   7:      17856 bytes,    3080128 total
[2020-09-24T03:37:53.405+0000][23404][gc,age       ] GC(282) - age   8:     134776 bytes,    3214904 total
[2020-09-24T03:37:53.405+0000][23404][gc,age       ] GC(282) - age   9:        520 bytes,    3215424 total
[2020-09-24T03:37:53.405+0000][23404][gc,age       ] GC(282) - age  10:      11704 bytes,    3227128 total
[2020-09-24T03:37:53.405+0000][23404][gc,age       ] GC(282) - age  11:       1208 bytes,    3228336 total
[2020-09-24T03:37:53.405+0000][23404][gc,age       ] GC(282) - age  12:      10632 bytes,    3238968 total
[2020-09-24T03:37:53.406+0000][23404][gc,age       ] GC(282) - age  13:        328 bytes,    3239296 total
[2020-09-24T03:37:53.406+0000][23404][gc,age       ] GC(282) - age  14:       3912 bytes,    3243208 total
[2020-09-24T03:37:53.406+0000][23404][gc,age       ] GC(282) - age  15:      68776 bytes,    3311984 total
[2020-09-24T03:37:53.406+0000][23404][gc,phases    ] GC(282)   Pre Evacuate Collection Set: 0.4ms
[2020-09-24T03:37:53.406+0000][23404][gc,phases    ] GC(282)   Merge Heap Roots: 0.2ms
[2020-09-24T03:37:53.406+0000][23404][gc,phases    ] GC(282)   Evacuate Collection Set: 2.1ms
[2020-09-24T03:37:53.406+0000][23404][gc,phases    ] GC(282)   Post Evacuate Collection Set: 0.7ms
[2020-09-24T03:37:53.406+0000][23404][gc,phases    ] GC(282)   Other: 0.8ms
[2020-09-24T03:37:53.406+0000][23404][gc,heap      ] GC(282) Eden regions: 46->0(503)
[2020-09-24T03:37:53.406+0000][23404][gc,heap      ] GC(282) Survivor regions: 4->4(64)
[2020-09-24T03:37:53.406+0000][23404][gc,heap      ] GC(282) Old regions: 79->79
[2020-09-24T03:37:53.406+0000][23404][gc,heap      ] GC(282) Archive regions: 0->0
[2020-09-24T03:37:53.406+0000][23404][gc,heap      ] GC(282) Humongous regions: 283->174
[2020-09-24T03:37:53.406+0000][23404][gc,metaspace ] GC(282) Metaspace: 89145K(95104K)->89145K(95104K) NonClass: 77829K(81408K)->77829K(81408K) Class: 11315K(13696K)->11315K(13696K)
[2020-09-24T03:37:53.406+0000][23404][gc           ] GC(282) Pause Young (Concurrent Start) (G1 Humongous Allocation) 410M->255M(1024M) 4.434ms
[2020-09-24T03:37:53.406+0000][23404][gc,cpu       ] GC(282) User=0.00s Sys=0.00s Real=0.00s
[2020-09-24T03:37:53.406+0000][23404][gc           ] GC(283) Concurrent Cycle
[2020-09-24T03:37:53.406+0000][23404][safepoint    ] Safepoint "G1TryInitiateConcMark", Time since last: 20583000 ns, Reaching safepoint: 153800 ns, At safepoint: 4607700 ns, Total: 4761500 ns
[2020-09-24T03:37:53.406+0000][23404][gc,marking   ] GC(283) Concurrent Clear Claimed Marks
[2020-09-24T03:37:53.407+0000][23404][gc,marking   ] GC(283) Concurrent Clear Claimed Marks 0.808ms
[2020-09-24T03:37:53.407+0000][23404][gc,marking   ] GC(283) Concurrent Scan Root Regions
[2020-09-24T03:37:53.410+0000][23404][gc,marking   ] GC(283) Concurrent Scan Root Regions 3.179ms
[2020-09-24T03:37:53.410+0000][23404][gc,marking   ] GC(283) Concurrent Mark (145.845s)
[2020-09-24T03:37:53.410+0000][23404][gc,marking   ] GC(283) Concurrent Mark From Roots
[2020-09-24T03:37:53.410+0000][23404][gc,task      ] GC(283) Using 2 workers of 2 for marking
[2020-09-24T03:37:53.497+0000][23404][gc,marking   ] GC(283) Concurrent Mark From Roots 86.538ms
[2020-09-24T03:37:53.497+0000][23404][gc,marking   ] GC(283) Concurrent Preclean
[2020-09-24T03:37:53.497+0000][23404][gc,marking   ] GC(283) Concurrent Preclean 0.360ms
[2020-09-24T03:37:53.498+0000][23404][gc,marking   ] GC(283) Concurrent Mark (145.845s, 145.932s) 87.109ms
[2020-09-24T03:37:53.498+0000][23404][gc,start     ] GC(283) Pause Remark
[2020-09-24T03:37:53.504+0000][23404][gc           ] GC(283) Pause Remark 360M->360M(1024M) 6.077ms
[2020-09-24T03:37:53.504+0000][23404][gc,cpu       ] GC(283) User=0.00s Sys=0.00s Real=0.01s
[2020-09-24T03:37:53.504+0000][23404][safepoint    ] Safepoint "G1Concurrent", Time since last: 91537600 ns, Reaching safepoint: 124600 ns, At safepoint: 6281000 ns, Total: 6405600 ns
[2020-09-24T03:37:53.504+0000][23404][gc,marking   ] GC(283) Concurrent Rebuild Remembered Sets
[2020-09-24T03:37:53.579+0000][23404][gc,marking   ] GC(283) Concurrent Rebuild Remembered Sets 74.729ms
[2020-09-24T03:37:53.579+0000][23404][gc,start     ] GC(283) Pause Cleanup
[2020-09-24T03:37:53.579+0000][23404][gc           ] GC(283) Pause Cleanup 504M->504M(1024M) 0.309ms
[2020-09-24T03:37:53.579+0000][23404][gc,cpu       ] GC(283) User=0.00s Sys=0.00s Real=0.00s
[2020-09-24T03:37:53.580+0000][23404][safepoint    ] Safepoint "G1Concurrent", Time since last: 74868900 ns, Reaching safepoint: 124700 ns, At safepoint: 500900 ns, Total: 625600 ns
[2020-09-24T03:37:53.580+0000][23404][gc,marking   ] GC(283) Concurrent Cleanup for Next Mark
[2020-09-24T03:37:53.581+0000][23404][gc,marking   ] GC(283) Concurrent Cleanup for Next Mark 1.855ms
[2020-09-24T03:37:53.582+0000][23404][gc           ] GC(283) Concurrent Cycle 175.461ms
[2020-09-24T03:37:53.603+0000][23404][gc,start     ] GC(284) Pause Young (Concurrent Start) (G1 Humongous Allocation)
[2020-09-24T03:37:53.603+0000][23404][gc,task      ] GC(284) Using 8 workers of 8 for evacuation
[2020-09-24T03:37:53.603+0000][23404][gc,age       ] GC(284) Desired survivor size 33554432 bytes, new threshold 15 (max threshold 15)
[2020-09-24T03:37:53.607+0000][23404][gc,age       ] GC(284) Age table with threshold 15 (max threshold 15)
[2020-09-24T03:37:53.607+0000][23404][gc,age       ] GC(284) - age   1:    3381808 bytes,    3381808 total
[2020-09-24T03:37:53.607+0000][23404][gc,age       ] GC(284) - age   2:     212496 bytes,    3594304 total
[2020-09-24T03:37:53.607+0000][23404][gc,age       ] GC(284) - age   3:       3344 bytes,    3597648 total
[2020-09-24T03:37:53.607+0000][23404][gc,age       ] GC(284) - age   4:      18720 bytes,    3616368 total
[2020-09-24T03:37:53.607+0000][23404][gc,age       ] GC(284) - age   5:       5696 bytes,    3622064 total
[2020-09-24T03:37:53.607+0000][23404][gc,age       ] GC(284) - age   6:       2408 bytes,    3624472 total
[2020-09-24T03:37:53.607+0000][23404][gc,age       ] GC(284) - age   7:     132936 bytes,    3757408 total
[2020-09-24T03:37:53.607+0000][23404][gc,age       ] GC(284) - age   8:      17856 bytes,    3775264 total
[2020-09-24T03:37:53.608+0000][23404][gc,age       ] GC(284) - age   9:     134776 bytes,    3910040 total
[2020-09-24T03:37:53.608+0000][23404][gc,age       ] GC(284) - age  10:        520 bytes,    3910560 total
[2020-09-24T03:37:53.608+0000][23404][gc,age       ] GC(284) - age  11:      11368 bytes,    3921928 total
[2020-09-24T03:37:53.608+0000][23404][gc,age       ] GC(284) - age  12:       1176 bytes,    3923104 total
[2020-09-24T03:37:53.608+0000][23404][gc,age       ] GC(284) - age  13:      10632 bytes,    3933736 total
[2020-09-24T03:37:53.608+0000][23404][gc,age       ] GC(284) - age  14:        296 bytes,    3934032 total
[2020-09-24T03:37:53.608+0000][23404][gc,age       ] GC(284) - age  15:       1416 bytes,    3935448 total
[2020-09-24T03:37:53.608+0000][23404][gc,phases    ] GC(284)   Pre Evacuate Collection Set: 0.4ms
[2020-09-24T03:37:53.608+0000][23404][gc,phases    ] GC(284)   Merge Heap Roots: 0.1ms
[2020-09-24T03:37:53.608+0000][23404][gc,phases    ] GC(284)   Evacuate Collection Set: 2.6ms
[2020-09-24T03:37:53.608+0000][23404][gc,phases    ] GC(284)   Post Evacuate Collection Set: 0.8ms
[2020-09-24T03:37:53.608+0000][23404][gc,phases    ] GC(284)   Other: 1.0ms
[2020-09-24T03:37:53.608+0000][23404][gc,heap      ] GC(284) Eden regions: 72->0(503)
[2020-09-24T03:37:53.608+0000][23404][gc,heap      ] GC(284) Survivor regions: 4->4(64)
[2020-09-24T03:37:53.608+0000][23404][gc,heap      ] GC(284) Old regions: 79->79
[2020-09-24T03:37:53.608+0000][23404][gc,heap      ] GC(284) Archive regions: 0->0
[2020-09-24T03:37:53.608+0000][23404][gc,heap      ] GC(284) Humongous regions: 360->174
[2020-09-24T03:37:53.608+0000][23404][gc,metaspace ] GC(284) Metaspace: 89145K(95104K)->89145K(95104K) NonClass: 77829K(81408K)->77829K(81408K) Class: 11315K(13696K)->11315K(13696K)
[2020-09-24T03:37:53.608+0000][23404][gc           ] GC(284) Pause Young (Concurrent Start) (G1 Humongous Allocation) 513M->256M(1024M) 5.336ms
[2020-09-24T03:37:53.608+0000][23404][gc,cpu       ] GC(284) User=0.00s Sys=0.00s Real=0.01s
[2020-09-24T03:37:53.608+0000][23404][gc           ] GC(285) Concurrent Cycle
[2020-09-24T03:37:53.608+0000][23404][safepoint    ] Safepoint "G1TryInitiateConcMark", Time since last: 23228600 ns, Reaching safepoint: 142400 ns, At safepoint: 5526100 ns, Total: 5668500 ns
[2020-09-24T03:37:53.608+0000][23404][gc,marking   ] GC(285) Concurrent Clear Claimed Marks
[2020-09-24T03:37:53.609+0000][23404][gc,marking   ] GC(285) Concurrent Clear Claimed Marks 0.549ms
[2020-09-24T03:37:53.609+0000][23404][gc,marking   ] GC(285) Concurrent Scan Root Regions
[2020-09-24T03:37:53.612+0000][23404][gc,marking   ] GC(285) Concurrent Scan Root Regions 2.956ms
[2020-09-24T03:37:53.612+0000][23404][gc,marking   ] GC(285) Concurrent Mark (146.047s)
[2020-09-24T03:37:53.612+0000][23404][gc,marking   ] GC(285) Concurrent Mark From Roots
[2020-09-24T03:37:53.612+0000][23404][gc,task      ] GC(285) Using 2 workers of 2 for marking
[2020-09-24T03:37:53.721+0000][23404][gc,marking   ] GC(285) Concurrent Mark From Roots 108.973ms
[2020-09-24T03:37:53.721+0000][23404][gc,marking   ] GC(285) Concurrent Preclean
[2020-09-24T03:37:53.722+0000][23404][gc,marking   ] GC(285) Concurrent Preclean 0.267ms
[2020-09-24T03:37:53.722+0000][23404][gc,marking   ] GC(285) Concurrent Mark (146.047s, 146.156s) 109.388ms
[2020-09-24T03:37:53.722+0000][23404][gc,start     ] GC(285) Pause Remark
[2020-09-24T03:37:53.728+0000][23404][gc           ] GC(285) Pause Remark 329M->329M(1024M) 5.841ms
[2020-09-24T03:37:53.728+0000][23404][gc,cpu       ] GC(285) User=0.13s Sys=0.00s Real=0.01s
[2020-09-24T03:37:53.728+0000][23404][safepoint    ] Safepoint "G1Concurrent", Time since last: 113193200 ns, Reaching safepoint: 125200 ns, At safepoint: 6087400 ns, Total: 6212600 ns
[2020-09-24T03:37:53.728+0000][23404][gc,marking   ] GC(285) Concurrent Rebuild Remembered Sets
[2020-09-24T03:37:53.794+0000][23404][gc,marking   ] GC(285) Concurrent Rebuild Remembered Sets 66.336ms
[2020-09-24T03:37:53.795+0000][23404][gc,start     ] GC(285) Pause Cleanup
[2020-09-24T03:37:53.795+0000][23404][gc           ] GC(285) Pause Cleanup 428M->428M(1024M) 0.303ms
[2020-09-24T03:37:53.795+0000][23404][gc,cpu       ] GC(285) User=0.00s Sys=0.00s Real=0.00s
[2020-09-24T03:37:53.795+0000][23404][safepoint    ] Safepoint "G1Concurrent", Time since last: 66607200 ns, Reaching safepoint: 166600 ns, At safepoint: 426400 ns, Total: 593000 ns
[2020-09-24T03:37:53.795+0000][23404][gc,marking   ] GC(285) Concurrent Cleanup for Next Mark
[2020-09-24T03:37:53.797+0000][23404][gc,marking   ] GC(285) Concurrent Cleanup for Next Mark 2.036ms
[2020-09-24T03:37:53.797+0000][23404][gc           ] GC(285) Concurrent Cycle 188.844ms
[2020-09-24T03:37:53.798+0000][23404][gc,start     ] GC(286) Pause Young (Concurrent Start) (G1 Humongous Allocation)
[2020-09-24T03:37:53.798+0000][23404][gc,task      ] GC(286) Using 8 workers of 8 for evacuation
[2020-09-24T03:37:53.798+0000][23404][gc,age       ] GC(286) Desired survivor size 33554432 bytes, new threshold 15 (max threshold 15)
[2020-09-24T03:37:53.801+0000][23404][gc,age       ] GC(286) Age table with threshold 15 (max threshold 15)
[2020-09-24T03:37:53.801+0000][23404][gc,age       ] GC(286) - age   1:    1762896 bytes,    1762896 total
[2020-09-24T03:37:53.801+0000][23404][gc,age       ] GC(286) - age   2:       4200 bytes,    1767096 total
[2020-09-24T03:37:53.801+0000][23404][gc,age       ] GC(286) - age   3:       9344 bytes,    1776440 total
[2020-09-24T03:37:53.801+0000][23404][gc,age       ] GC(286) - age   4:       3088 bytes,    1779528 total
[2020-09-24T03:37:53.801+0000][23404][gc,age       ] GC(286) - age   5:      17928 bytes,    1797456 total
[2020-09-24T03:37:53.801+0000][23404][gc,age       ] GC(286) - age   6:       5696 bytes,    1803152 total
[2020-09-24T03:37:53.801+0000][23404][gc,age       ] GC(286) - age   7:       2408 bytes,    1805560 total
[2020-09-24T03:37:53.801+0000][23404][gc,age       ] GC(286) - age   8:     132936 bytes,    1938496 total
[2020-09-24T03:37:53.801+0000][23404][gc,age       ] GC(286) - age   9:      17824 bytes,    1956320 total
[2020-09-24T03:37:53.801+0000][23404][gc,age       ] GC(286) - age  10:     134776 bytes,    2091096 total
[2020-09-24T03:37:53.801+0000][23404][gc,age       ] GC(286) - age  11:        520 bytes,    2091616 total
[2020-09-24T03:37:53.801+0000][23404][gc,age       ] GC(286) - age  12:      11304 bytes,    2102920 total
[2020-09-24T03:37:53.801+0000][23404][gc,age       ] GC(286) - age  13:       1176 bytes,    2104096 total
[2020-09-24T03:37:53.801+0000][23404][gc,age       ] GC(286) - age  14:      10568 bytes,    2114664 total
[2020-09-24T03:37:53.801+0000][23404][gc,age       ] GC(286) - age  15:        296 bytes,    2114960 total
[2020-09-24T03:37:53.801+0000][23404][gc,phases    ] GC(286)   Pre Evacuate Collection Set: 0.4ms
[2020-09-24T03:37:53.801+0000][23404][gc,phases    ] GC(286)   Merge Heap Roots: 0.1ms
[2020-09-24T03:37:53.801+0000][23404][gc,phases    ] GC(286)   Evacuate Collection Set: 1.8ms
[2020-09-24T03:37:53.801+0000][23404][gc,phases    ] GC(286)   Post Evacuate Collection Set: 0.6ms
[2020-09-24T03:37:53.801+0000][23404][gc,phases    ] GC(286)   Other: 0.7ms
[2020-09-24T03:37:53.801+0000][23404][gc,heap      ] GC(286) Eden regions: 42->0(504)
[2020-09-24T03:37:53.801+0000][23404][gc,heap      ] GC(286) Survivor regions: 4->3(64)
[2020-09-24T03:37:53.801+0000][23404][gc,heap      ] GC(286) Old regions: 79->79
[2020-09-24T03:37:53.801+0000][23404][gc,heap      ] GC(286) Archive regions: 0->0
[2020-09-24T03:37:53.801+0000][23404][gc,heap      ] GC(286) Humongous regions: 319->174
[2020-09-24T03:37:53.801+0000][23404][gc,metaspace ] GC(286) Metaspace: 89145K(95104K)->89145K(95104K) NonClass: 77829K(81408K)->77829K(81408K) Class: 11315K(13696K)->11315K(13696K)
[2020-09-24T03:37:53.801+0000][23404][gc           ] GC(286) Pause Young (Concurrent Start) (G1 Humongous Allocation) 442M->254M(1024M) 3.826ms
[2020-09-24T03:37:53.801+0000][23404][gc,cpu       ] GC(286) User=0.00s Sys=0.00s Real=0.00s
[2020-09-24T03:37:53.801+0000][23404][safepoint    ] Safepoint "G1TryInitiateConcMark", Time since last: 2268200 ns, Reaching safepoint: 161800 ns, At safepoint: 3980200 ns, Total: 4142000 ns
[2020-09-24T03:37:53.801+0000][23404][gc           ] GC(287) Concurrent Cycle
[2020-09-24T03:37:53.802+0000][23404][gc,marking   ] GC(287) Concurrent Clear Claimed Marks
[2020-09-24T03:37:53.802+0000][23404][gc,marking   ] GC(287) Concurrent Clear Claimed Marks 0.352ms
[2020-09-24T03:37:53.802+0000][23404][gc,marking   ] GC(287) Concurrent Scan Root Regions
[2020-09-24T03:37:53.803+0000][23404][gc,marking   ] GC(287) Concurrent Scan Root Regions 1.446ms
[2020-09-24T03:37:53.803+0000][23404][gc,marking   ] GC(287) Concurrent Mark (146.238s)
[2020-09-24T03:37:53.803+0000][23404][gc,marking   ] GC(287) Concurrent Mark From Roots
[2020-09-24T03:37:53.803+0000][23404][gc,task      ] GC(287) Using 2 workers of 2 for marking
[2020-09-24T03:37:53.901+0000][23404][gc,marking   ] GC(287) Concurrent Mark From Roots 97.103ms
[2020-09-24T03:37:53.901+0000][23404][gc,marking   ] GC(287) Concurrent Preclean
[2020-09-24T03:37:53.901+0000][23404][gc,marking   ] GC(287) Concurrent Preclean 0.272ms
[2020-09-24T03:37:53.901+0000][23404][gc,marking   ] GC(287) Concurrent Mark (146.238s, 146.335s) 97.497ms
[2020-09-24T03:37:53.901+0000][23404][gc,start     ] GC(287) Pause Remark
[2020-09-24T03:37:53.907+0000][23404][gc           ] GC(287) Pause Remark 321M->321M(1024M) 5.432ms
[2020-09-24T03:37:53.907+0000][23404][gc,cpu       ] GC(287) User=0.00s Sys=0.00s Real=0.01s
[2020-09-24T03:37:53.907+0000][23404][safepoint    ] Safepoint "G1Concurrent", Time since last: 99526500 ns, Reaching safepoint: 188700 ns, At safepoint: 5665000 ns, Total: 5853700 ns
[2020-09-24T03:37:53.907+0000][23404][gc,marking   ] GC(287) Concurrent Rebuild Remembered Sets
[2020-09-24T03:37:53.963+0000][23404][gc,marking   ] GC(287) Concurrent Rebuild Remembered Sets 56.079ms
[2020-09-24T03:37:53.963+0000][23404][gc,start     ] GC(287) Pause Cleanup
[2020-09-24T03:37:53.964+0000][23404][gc           ] GC(287) Pause Cleanup 464M->464M(1024M) 0.259ms
[2020-09-24T03:37:53.964+0000][23404][gc,cpu       ] GC(287) User=0.00s Sys=0.00s Real=0.00s
[2020-09-24T03:37:53.964+0000][23404][safepoint    ] Safepoint "G1Concurrent", Time since last: 56309900 ns, Reaching safepoint: 122300 ns, At safepoint: 420400 ns, Total: 542700 ns
[2020-09-24T03:37:53.964+0000][23404][gc,marking   ] GC(287) Concurrent Cleanup for Next Mark
[2020-09-24T03:37:53.965+0000][23404][gc,marking   ] GC(287) Concurrent Cleanup for Next Mark 1.301ms
[2020-09-24T03:37:53.965+0000][23404][gc           ] GC(287) Concurrent Cycle 163.649ms
[2020-09-24T03:37:53.992+0000][23404][gc,start     ] GC(288) Pause Young (Concurrent Start) (G1 Humongous Allocation)
[2020-09-24T03:37:53.992+0000][23404][gc,task      ] GC(288) Using 8 workers of 8 for evacuation
[2020-09-24T03:37:53.993+0000][23404][gc,age       ] GC(288) Desired survivor size 33554432 bytes, new threshold 15 (max threshold 15)
[2020-09-24T03:37:53.996+0000][23404][gc,age       ] GC(288) Age table with threshold 15 (max threshold 15)
[2020-09-24T03:37:53.996+0000][23404][gc,age       ] GC(288) - age   1:    3308112 bytes,    3308112 total
[2020-09-24T03:37:53.996+0000][23404][gc,age       ] GC(288) - age   2:     210032 bytes,    3518144 total
[2020-09-24T03:37:53.996+0000][23404][gc,age       ] GC(288) - age   3:       2896 bytes,    3521040 total
[2020-09-24T03:37:53.996+0000][23404][gc,age       ] GC(288) - age   4:       6592 bytes,    3527632 total
[2020-09-24T03:37:53.996+0000][23404][gc,age       ] GC(288) - age   5:       2544 bytes,    3530176 total
[2020-09-24T03:37:53.996+0000][23404][gc,age       ] GC(288) - age   6:      17928 bytes,    3548104 total
[2020-09-24T03:37:53.996+0000][23404][gc,age       ] GC(288) - age   7:       5472 bytes,    3553576 total
[2020-09-24T03:37:53.996+0000][23404][gc,age       ] GC(288) - age   8:       2280 bytes,    3555856 total
[2020-09-24T03:37:53.996+0000][23404][gc,age       ] GC(288) - age   9:     132936 bytes,    3688792 total
[2020-09-24T03:37:53.996+0000][23404][gc,age       ] GC(288) - age  10:      17824 bytes,    3706616 total
[2020-09-24T03:37:53.996+0000][23404][gc,age       ] GC(288) - age  11:     134776 bytes,    3841392 total
[2020-09-24T03:37:53.996+0000][23404][gc,age       ] GC(288) - age  12:        424 bytes,    3841816 total
[2020-09-24T03:37:53.996+0000][23404][gc,age       ] GC(288) - age  13:      11304 bytes,    3853120 total
[2020-09-24T03:37:53.996+0000][23404][gc,age       ] GC(288) - age  14:       1112 bytes,    3854232 total
[2020-09-24T03:37:53.996+0000][23404][gc,age       ] GC(288) - age  15:      10568 bytes,    3864800 total
[2020-09-24T03:37:53.996+0000][23404][gc,phases    ] GC(288)   Pre Evacuate Collection Set: 0.4ms
[2020-09-24T03:37:53.996+0000][23404][gc,phases    ] GC(288)   Merge Heap Roots: 0.1ms
[2020-09-24T03:37:53.996+0000][23404][gc,phases    ] GC(288)   Evacuate Collection Set: 2.2ms
[2020-09-24T03:37:53.996+0000][23404][gc,phases    ] GC(288)   Post Evacuate Collection Set: 0.7ms
[2020-09-24T03:37:53.996+0000][23404][gc,phases    ] GC(288)   Other: 0.7ms
[2020-09-24T03:37:53.996+0000][23404][gc,heap      ] GC(288) Eden regions: 69->0(503)
[2020-09-24T03:37:53.996+0000][23404][gc,heap      ] GC(288) Survivor regions: 3->4(64)
[2020-09-24T03:37:53.996+0000][23404][gc,heap      ] GC(288) Old regions: 79->79
[2020-09-24T03:37:53.997+0000][23404][gc,heap      ] GC(288) Archive regions: 0->0
[2020-09-24T03:37:53.997+0000][23404][gc,heap      ] GC(288) Humongous regions: 324->174
[2020-09-24T03:37:53.997+0000][23404][gc,metaspace ] GC(288) Metaspace: 89145K(95104K)->89145K(95104K) NonClass: 77829K(81408K)->77829K(81408K) Class: 11315K(13696K)->11315K(13696K)
[2020-09-24T03:37:53.997+0000][23404][gc           ] GC(288) Pause Young (Concurrent Start) (G1 Humongous Allocation) 473M->256M(1024M) 4.258ms
[2020-09-24T03:37:53.997+0000][23404][gc,cpu       ] GC(288) User=0.02s Sys=0.00s Real=0.00s
[2020-09-24T03:37:53.997+0000][23404][gc           ] GC(289) Concurrent Cycle
[2020-09-24T03:37:53.997+0000][23404][safepoint    ] Safepoint "G1TryInitiateConcMark", Time since last: 28570600 ns, Reaching safepoint: 120500 ns, At safepoint: 4445100 ns, Total: 4565600 ns
[2020-09-24T03:37:53.997+0000][23404][gc,marking   ] GC(289) Concurrent Clear Claimed Marks
[2020-09-24T03:37:53.997+0000][23404][gc,marking   ] GC(289) Concurrent Clear Claimed Marks 0.457ms
[2020-09-24T03:37:53.997+0000][23404][gc,marking   ] GC(289) Concurrent Scan Root Regions
[2020-09-24T03:37:53.999+0000][23404][gc,marking   ] GC(289) Concurrent Scan Root Regions 2.094ms
[2020-09-24T03:37:54.000+0000][23404][gc,marking   ] GC(289) Concurrent Mark (146.434s)
[2020-09-24T03:37:54.000+0000][23404][gc,marking   ] GC(289) Concurrent Mark From Roots
[2020-09-24T03:37:54.000+0000][23404][gc,task      ] GC(289) Using 2 workers of 2 for marking
[2020-09-24T03:37:54.090+0000][23404][gc,marking   ] GC(289) Concurrent Mark From Roots 90.783ms
[2020-09-24T03:37:54.090+0000][23404][gc,marking   ] GC(289) Concurrent Preclean
[2020-09-24T03:37:54.091+0000][23404][gc,marking   ] GC(289) Concurrent Preclean 0.268ms
[2020-09-24T03:37:54.091+0000][23404][gc,marking   ] GC(289) Concurrent Mark (146.434s, 146.525s) 91.220ms
[2020-09-24T03:37:54.091+0000][23404][gc,start     ] GC(289) Pause Remark
[2020-09-24T03:37:54.096+0000][23404][gc           ] GC(289) Pause Remark 329M->329M(1024M) 5.257ms
[2020-09-24T03:37:54.096+0000][23404][gc,cpu       ] GC(289) User=0.00s Sys=0.00s Real=0.00s
[2020-09-24T03:37:54.096+0000][23404][safepoint    ] Safepoint "G1Concurrent", Time since last: 94052000 ns, Reaching safepoint: 138000 ns, At safepoint: 5412200 ns, Total: 5550200 ns
[2020-09-24T03:37:54.096+0000][23404][gc,marking   ] GC(289) Concurrent Rebuild Remembered Sets
[2020-09-24T03:37:54.149+0000][23404][gc,marking   ] GC(289) Concurrent Rebuild Remembered Sets 52.191ms
[2020-09-24T03:37:54.149+0000][23404][gc,start     ] GC(289) Pause Cleanup
[2020-09-24T03:37:54.149+0000][23404][gc           ] GC(289) Pause Cleanup 392M->392M(1024M) 0.244ms
[2020-09-24T03:37:54.149+0000][23404][gc,cpu       ] GC(289) User=0.00s Sys=0.00s Real=0.00s
[2020-09-24T03:37:54.149+0000][23404][safepoint    ] Safepoint "G1Concurrent", Time since last: 52352800 ns, Reaching safepoint: 141600 ns, At safepoint: 407800 ns, Total: 549400 ns
[2020-09-24T03:37:54.149+0000][23404][gc,marking   ] GC(289) Concurrent Cleanup for Next Mark
[2020-09-24T03:37:54.151+0000][23404][gc,marking   ] GC(289) Concurrent Cleanup for Next Mark 1.356ms
[2020-09-24T03:37:54.151+0000][23404][gc           ] GC(289) Concurrent Cycle 154.020ms
[2020-09-24T03:37:54.173+0000][23404][gc,start     ] GC(290) Pause Young (Concurrent Start) (G1 Humongous Allocation)
[2020-09-24T03:37:54.173+0000][23404][gc,task      ] GC(290) Using 8 workers of 8 for evacuation
[2020-09-24T03:37:54.173+0000][23404][gc,age       ] GC(290) Desired survivor size 33554432 bytes, new threshold 15 (max threshold 15)
[2020-09-24T03:37:54.177+0000][23404][gc,age       ] GC(290) Age table with threshold 15 (max threshold 15)
[2020-09-24T03:37:54.177+0000][23404][gc,age       ] GC(290) - age   1:    2891808 bytes,    2891808 total
[2020-09-24T03:37:54.177+0000][23404][gc,age       ] GC(290) - age   2:      11944 bytes,    2903752 total
[2020-09-24T03:37:54.177+0000][23404][gc,age       ] GC(290) - age   3:       6824 bytes,    2910576 total
[2020-09-24T03:37:54.177+0000][23404][gc,age       ] GC(290) - age   4:       2736 bytes,    2913312 total
[2020-09-24T03:37:54.177+0000][23404][gc,age       ] GC(290) - age   5:       6560 bytes,    2919872 total
[2020-09-24T03:37:54.177+0000][23404][gc,age       ] GC(290) - age   6:       1856 bytes,    2921728 total
[2020-09-24T03:37:54.177+0000][23404][gc,age       ] GC(290) - age   7:      17800 bytes,    2939528 total
[2020-09-24T03:37:54.177+0000][23404][gc,age       ] GC(290) - age   8:       5472 bytes,    2945000 total
[2020-09-24T03:37:54.177+0000][23404][gc,age       ] GC(290) - age   9:       2280 bytes,    2947280 total
[2020-09-24T03:37:54.177+0000][23404][gc,age       ] GC(290) - age  10:     132936 bytes,    3080216 total
[2020-09-24T03:37:54.177+0000][23404][gc,age       ] GC(290) - age  11:      17824 bytes,    3098040 total
[2020-09-24T03:37:54.177+0000][23404][gc,age       ] GC(290) - age  12:     134552 bytes,    3232592 total
[2020-09-24T03:37:54.177+0000][23404][gc,age       ] GC(290) - age  13:        424 bytes,    3233016 total
[2020-09-24T03:37:54.177+0000][23404][gc,age       ] GC(290) - age  14:      11304 bytes,    3244320 total
[2020-09-24T03:37:54.177+0000][23404][gc,age       ] GC(290) - age  15:       1112 bytes,    3245432 total
[2020-09-24T03:37:54.177+0000][23404][gc,phases    ] GC(290)   Pre Evacuate Collection Set: 0.5ms
[2020-09-24T03:37:54.177+0000][23404][gc,phases    ] GC(290)   Merge Heap Roots: 0.1ms
[2020-09-24T03:37:54.177+0000][23404][gc,phases    ] GC(290)   Evacuate Collection Set: 2.3ms
[2020-09-24T03:37:54.177+0000][23404][gc,phases    ] GC(290)   Post Evacuate Collection Set: 0.6ms
[2020-09-24T03:37:54.177+0000][23404][gc,phases    ] GC(290)   Other: 0.7ms
[2020-09-24T03:37:54.178+0000][23404][gc,heap      ] GC(290) Eden regions: 40->0(503)
[2020-09-24T03:37:54.178+0000][23404][gc,heap      ] GC(290) Survivor regions: 4->4(64)
[2020-09-24T03:37:54.178+0000][23404][gc,heap      ] GC(290) Old regions: 79->79
[2020-09-24T03:37:54.178+0000][23404][gc,heap      ] GC(290) Archive regions: 0->0
[2020-09-24T03:37:54.178+0000][23404][gc,heap      ] GC(290) Humongous regions: 283->174
[2020-09-24T03:37:54.178+0000][23404][gc,metaspace ] GC(290) Metaspace: 89145K(95104K)->89145K(95104K) NonClass: 77829K(81408K)->77829K(81408K) Class: 11315K(13696K)->11315K(13696K)
[2020-09-24T03:37:54.178+0000][23404][gc           ] GC(290) Pause Young (Concurrent Start) (G1 Humongous Allocation) 405M->255M(1024M) 4.414ms
[2020-09-24T03:37:54.178+0000][23404][gc,cpu       ] GC(290) User=0.00s Sys=0.00s Real=0.00s
[2020-09-24T03:37:54.178+0000][23404][safepoint    ] Safepoint "G1TryInitiateConcMark", Time since last: 23711300 ns, Reaching safepoint: 168600 ns, At safepoint: 4554800 ns, Total: 4723400 ns
[2020-09-24T03:37:54.178+0000][23404][gc           ] GC(291) Concurrent Cycle
[2020-09-24T03:37:54.178+0000][23404][gc,marking   ] GC(291) Concurrent Clear Claimed Marks
[2020-09-24T03:37:54.178+0000][23404][gc,marking   ] GC(291) Concurrent Clear Claimed Marks 0.369ms
[2020-09-24T03:37:54.178+0000][23404][gc,marking   ] GC(291) Concurrent Scan Root Regions
[2020-09-24T03:37:54.181+0000][23404][gc,marking   ] GC(291) Concurrent Scan Root Regions 3.079ms
[2020-09-24T03:37:54.181+0000][23404][gc,marking   ] GC(291) Concurrent Mark (146.616s)
[2020-09-24T03:37:54.181+0000][23404][gc,marking   ] GC(291) Concurrent Mark From Roots
[2020-09-24T03:37:54.181+0000][23404][gc,task      ] GC(291) Using 2 workers of 2 for marking
[2020-09-24T03:37:54.281+0000][23404][gc,marking   ] GC(291) Concurrent Mark From Roots 99.296ms
[2020-09-24T03:37:54.281+0000][23404][gc,marking   ] GC(291) Concurrent Preclean
[2020-09-24T03:37:54.281+0000][23404][gc,marking   ] GC(291) Concurrent Preclean 0.292ms
[2020-09-24T03:37:54.281+0000][23404][gc,marking   ] GC(291) Concurrent Mark (146.616s, 146.716s) 99.736ms
[2020-09-24T03:37:54.281+0000][23404][gc,start     ] GC(291) Pause Remark
[2020-09-24T03:37:54.287+0000][23404][gc           ] GC(291) Pause Remark 360M->360M(1024M) 5.320ms
[2020-09-24T03:37:54.287+0000][23404][gc,cpu       ] GC(291) User=0.00s Sys=0.00s Real=0.01s
[2020-09-24T03:37:54.287+0000][23404][safepoint    ] Safepoint "G1Concurrent", Time since last: 103469700 ns, Reaching safepoint: 125400 ns, At safepoint: 5554900 ns, Total: 5680300 ns
[2020-09-24T03:37:54.287+0000][23404][gc,marking   ] GC(291) Concurrent Rebuild Remembered Sets
[2020-09-24T03:37:54.345+0000][23404][gc,marking   ] GC(291) Concurrent Rebuild Remembered Sets 58.369ms
[2020-09-24T03:37:54.346+0000][23404][gc,start     ] GC(291) Pause Cleanup
[2020-09-24T03:37:54.346+0000][23404][gc           ] GC(291) Pause Cleanup 485M->485M(1024M) 0.374ms
[2020-09-24T03:37:54.346+0000][23404][gc,cpu       ] GC(291) User=0.00s Sys=0.00s Real=0.00s
[2020-09-24T03:37:54.346+0000][23404][safepoint    ] Safepoint "G1Concurrent", Time since last: 58574700 ns, Reaching safepoint: 217800 ns, At safepoint: 519900 ns, Total: 737700 ns
[2020-09-24T03:37:54.346+0000][23404][gc,marking   ] GC(291) Concurrent Cleanup for Next Mark
[2020-09-24T03:37:54.349+0000][23404][gc,marking   ] GC(291) Concurrent Cleanup for Next Mark 2.389ms
[2020-09-24T03:37:54.349+0000][23404][gc           ] GC(291) Concurrent Cycle 171.012ms
[2020-09-24T03:37:54.454+0000][23404][gc,start     ] GC(292) Pause Young (Concurrent Start) (G1 Humongous Allocation)
[2020-09-24T03:37:54.454+0000][23404][gc,task      ] GC(292) Using 8 workers of 8 for evacuation
[2020-09-24T03:37:54.454+0000][23404][gc,age       ] GC(292) Desired survivor size 33554432 bytes, new threshold 15 (max threshold 15)
[2020-09-24T03:37:54.457+0000][23404][gc,age       ] GC(292) Age table with threshold 15 (max threshold 15)
[2020-09-24T03:37:54.458+0000][23404][gc,age       ] GC(292) - age   1:    2705560 bytes,    2705560 total
[2020-09-24T03:37:54.458+0000][23404][gc,age       ] GC(292) - age   2:       9680 bytes,    2715240 total
[2020-09-24T03:37:54.458+0000][23404][gc,age       ] GC(292) - age   3:      10832 bytes,    2726072 total
[2020-09-24T03:37:54.458+0000][23404][gc,age       ] GC(292) - age   4:       6600 bytes,    2732672 total
[2020-09-24T03:37:54.458+0000][23404][gc,age       ] GC(292) - age   5:       2576 bytes,    2735248 total
[2020-09-24T03:37:54.458+0000][23404][gc,age       ] GC(292) - age   6:       3696 bytes,    2738944 total
[2020-09-24T03:37:54.458+0000][23404][gc,age       ] GC(292) - age   7:       1216 bytes,    2740160 total
[2020-09-24T03:37:54.458+0000][23404][gc,age       ] GC(292) - age   8:      15344 bytes,    2755504 total
[2020-09-24T03:37:54.458+0000][23404][gc,age       ] GC(292) - age   9:       5400 bytes,    2760904 total
[2020-09-24T03:37:54.458+0000][23404][gc,age       ] GC(292) - age  10:       2152 bytes,    2763056 total
[2020-09-24T03:37:54.458+0000][23404][gc,age       ] GC(292) - age  11:     132328 bytes,    2895384 total
[2020-09-24T03:37:54.458+0000][23404][gc,age       ] GC(292) - age  12:      17760 bytes,    2913144 total
[2020-09-24T03:37:54.458+0000][23404][gc,age       ] GC(292) - age  13:     134552 bytes,    3047696 total
[2020-09-24T03:37:54.458+0000][23404][gc,age       ] GC(292) - age  14:        296 bytes,    3047992 total
[2020-09-24T03:37:54.458+0000][23404][gc,age       ] GC(292) - age  15:      11272 bytes,    3059264 total
[2020-09-24T03:37:54.458+0000][23404][gc,phases    ] GC(292)   Pre Evacuate Collection Set: 0.4ms
[2020-09-24T03:37:54.458+0000][23404][gc,phases    ] GC(292)   Merge Heap Roots: 0.1ms
[2020-09-24T03:37:54.458+0000][23404][gc,phases    ] GC(292)   Evacuate Collection Set: 2.2ms
[2020-09-24T03:37:54.458+0000][23404][gc,phases    ] GC(292)   Post Evacuate Collection Set: 0.8ms
[2020-09-24T03:37:54.458+0000][23404][gc,phases    ] GC(292)   Other: 0.7ms
[2020-09-24T03:37:54.458+0000][23404][gc,heap      ] GC(292) Eden regions: 77->0(503)
[2020-09-24T03:37:54.458+0000][23404][gc,heap      ] GC(292) Survivor regions: 4->4(64)
[2020-09-24T03:37:54.458+0000][23404][gc,heap      ] GC(292) Old regions: 79->79
[2020-09-24T03:37:54.458+0000][23404][gc,heap      ] GC(292) Archive regions: 0->0
[2020-09-24T03:37:54.458+0000][23404][gc,heap      ] GC(292) Humongous regions: 360->174
[2020-09-24T03:37:54.458+0000][23404][gc,metaspace ] GC(292) Metaspace: 89169K(95104K)->89169K(95104K) NonClass: 77852K(81408K)->77852K(81408K) Class: 11317K(13696K)->11317K(13696K)
[2020-09-24T03:37:54.458+0000][23404][gc           ] GC(292) Pause Young (Concurrent Start) (G1 Humongous Allocation) 518M->255M(1024M) 4.358ms
[2020-09-24T03:37:54.458+0000][23404][gc,cpu       ] GC(292) User=0.00s Sys=0.00s Real=0.00s
[2020-09-24T03:37:54.458+0000][23404][safepoint    ] Safepoint "G1TryInitiateConcMark", Time since last: 107435800 ns, Reaching safepoint: 135900 ns, At safepoint: 4486200 ns, Total: 4622100 ns
[2020-09-24T03:37:54.458+0000][23404][gc           ] GC(293) Concurrent Cycle
[2020-09-24T03:37:54.458+0000][23404][gc,marking   ] GC(293) Concurrent Clear Claimed Marks
[2020-09-24T03:37:54.459+0000][23404][gc,marking   ] GC(293) Concurrent Clear Claimed Marks 0.377ms
[2020-09-24T03:37:54.459+0000][23404][gc,marking   ] GC(293) Concurrent Scan Root Regions
[2020-09-24T03:37:54.461+0000][23404][gc,marking   ] GC(293) Concurrent Scan Root Regions 2.082ms
[2020-09-24T03:37:54.461+0000][23404][gc,marking   ] GC(293) Concurrent Mark (146.896s)
[2020-09-24T03:37:54.461+0000][23404][gc,marking   ] GC(293) Concurrent Mark From Roots
[2020-09-24T03:37:54.461+0000][23404][gc,task      ] GC(293) Using 2 workers of 2 for marking
[2020-09-24T03:37:54.583+0000][23404][gc,marking   ] GC(293) Concurrent Mark From Roots 121.689ms
[2020-09-24T03:37:54.583+0000][23404][gc,marking   ] GC(293) Concurrent Preclean
[2020-09-24T03:37:54.583+0000][23404][gc,marking   ] GC(293) Concurrent Preclean 0.364ms
[2020-09-24T03:37:54.583+0000][23404][gc,marking   ] GC(293) Concurrent Mark (146.896s, 147.018s) 122.222ms
[2020-09-24T03:37:54.583+0000][23404][gc,start     ] GC(293) Pause Remark
[2020-09-24T03:37:54.590+0000][23404][gc           ] GC(293) Pause Remark 423M->423M(1024M) 6.225ms
[2020-09-24T03:37:54.590+0000][23404][gc,cpu       ] GC(293) User=0.11s Sys=0.00s Real=0.01s
[2020-09-24T03:37:54.590+0000][23404][safepoint    ] Safepoint "G1Concurrent", Time since last: 125012800 ns, Reaching safepoint: 159100 ns, At safepoint: 6483300 ns, Total: 6642400 ns
[2020-09-24T03:37:54.590+0000][23404][gc,marking   ] GC(293) Concurrent Rebuild Remembered Sets
[2020-09-24T03:37:54.671+0000][23404][gc,marking   ] GC(293) Concurrent Rebuild Remembered Sets 81.124ms
[2020-09-24T03:37:54.671+0000][23404][gc,start     ] GC(293) Pause Cleanup
[2020-09-24T03:37:54.672+0000][23404][gc           ] GC(293) Pause Cleanup 500M->500M(1024M) 0.477ms
[2020-09-24T03:37:54.672+0000][23404][gc,cpu       ] GC(293) User=0.00s Sys=0.00s Real=0.00s
[2020-09-24T03:37:54.672+0000][23404][safepoint    ] Safepoint "G1Concurrent", Time since last: 81313600 ns, Reaching safepoint: 160800 ns, At safepoint: 688700 ns, Total: 849500 ns
[2020-09-24T03:37:54.672+0000][23404][gc,marking   ] GC(293) Concurrent Cleanup for Next Mark
[2020-09-24T03:37:54.674+0000][23404][gc,marking   ] GC(293) Concurrent Cleanup for Next Mark 1.883ms
[2020-09-24T03:37:54.674+0000][23404][gc           ] GC(293) Concurrent Cycle 215.874ms
[2020-09-24T03:37:54.706+0000][23404][gc,start     ] GC(294) Pause Young (Concurrent Start) (G1 Humongous Allocation)
[2020-09-24T03:37:54.706+0000][23404][gc,task      ] GC(294) Using 8 workers of 8 for evacuation
[2020-09-24T03:37:54.707+0000][23404][gc,age       ] GC(294) Desired survivor size 33554432 bytes, new threshold 15 (max threshold 15)
[2020-09-24T03:37:54.711+0000][23404][gc,age       ] GC(294) Age table with threshold 15 (max threshold 15)
[2020-09-24T03:37:54.711+0000][23404][gc,age       ] GC(294) - age   1:    3402320 bytes,    3402320 total
[2020-09-24T03:37:54.712+0000][23404][gc,age       ] GC(294) - age   2:      25248 bytes,    3427568 total
[2020-09-24T03:37:54.712+0000][23404][gc,age       ] GC(294) - age   3:       6512 bytes,    3434080 total
[2020-09-24T03:37:54.712+0000][23404][gc,age       ] GC(294) - age   4:      10288 bytes,    3444368 total
[2020-09-24T03:37:54.712+0000][23404][gc,age       ] GC(294) - age   5:       5808 bytes,    3450176 total
[2020-09-24T03:37:54.712+0000][23404][gc,age       ] GC(294) - age   6:       2512 bytes,    3452688 total
[2020-09-24T03:37:54.712+0000][23404][gc,age       ] GC(294) - age   7:       3696 bytes,    3456384 total
[2020-09-24T03:37:54.712+0000][23404][gc,age       ] GC(294) - age   8:       1152 bytes,    3457536 total
[2020-09-24T03:37:54.712+0000][23404][gc,age       ] GC(294) - age   9:      12872 bytes,    3470408 total
[2020-09-24T03:37:54.712+0000][23404][gc,age       ] GC(294) - age  10:       4568 bytes,    3474976 total
[2020-09-24T03:37:54.712+0000][23404][gc,age       ] GC(294) - age  11:       2152 bytes,    3477128 total
[2020-09-24T03:37:54.712+0000][23404][gc,age       ] GC(294) - age  12:     132328 bytes,    3609456 total
[2020-09-24T03:37:54.712+0000][23404][gc,age       ] GC(294) - age  13:      17760 bytes,    3627216 total
[2020-09-24T03:37:54.712+0000][23404][gc,age       ] GC(294) - age  14:     134552 bytes,    3761768 total
[2020-09-24T03:37:54.712+0000][23404][gc,age       ] GC(294) - age  15:        296 bytes,    3762064 total
[2020-09-24T03:37:54.712+0000][23404][gc,phases    ] GC(294)   Pre Evacuate Collection Set: 0.9ms
[2020-09-24T03:37:54.712+0000][23404][gc,phases    ] GC(294)   Merge Heap Roots: 0.1ms
[2020-09-24T03:37:54.712+0000][23404][gc,phases    ] GC(294)   Evacuate Collection Set: 2.7ms
[2020-09-24T03:37:54.712+0000][23404][gc,phases    ] GC(294)   Post Evacuate Collection Set: 1.0ms
[2020-09-24T03:37:54.712+0000][23404][gc,phases    ] GC(294)   Other: 1.1ms
[2020-09-24T03:37:54.712+0000][23404][gc,heap      ] GC(294) Eden regions: 72->0(502)
[2020-09-24T03:37:54.712+0000][23404][gc,heap      ] GC(294) Survivor regions: 4->4(64)
[2020-09-24T03:37:54.712+0000][23404][gc,heap      ] GC(294) Old regions: 79->79
[2020-09-24T03:37:54.712+0000][23404][gc,heap      ] GC(294) Archive regions: 0->0
[2020-09-24T03:37:54.712+0000][23404][gc,heap      ] GC(294) Humongous regions: 355->174
[2020-09-24T03:37:54.712+0000][23404][gc,metaspace ] GC(294) Metaspace: 89170K(95104K)->89170K(95104K) NonClass: 77853K(81408K)->77853K(81408K) Class: 11317K(13696K)->11317K(13696K)
[2020-09-24T03:37:54.712+0000][23404][gc           ] GC(294) Pause Young (Concurrent Start) (G1 Humongous Allocation) 508M->256M(1024M) 6.063ms
[2020-09-24T03:37:54.712+0000][23404][gc,cpu       ] GC(294) User=0.03s Sys=0.00s Real=0.01s
[2020-09-24T03:37:54.712+0000][23404][safepoint    ] Safepoint "G1TryInitiateConcMark", Time since last: 33971800 ns, Reaching safepoint: 137500 ns, At safepoint: 6270500 ns, Total: 6408000 ns
[2020-09-24T03:37:54.712+0000][23404][gc           ] GC(295) Concurrent Cycle
[2020-09-24T03:37:54.713+0000][23404][gc,marking   ] GC(295) Concurrent Clear Claimed Marks
[2020-09-24T03:37:54.713+0000][23404][gc,marking   ] GC(295) Concurrent Clear Claimed Marks 0.608ms
[2020-09-24T03:37:54.713+0000][23404][gc,marking   ] GC(295) Concurrent Scan Root Regions
[2020-09-24T03:37:54.717+0000][23404][gc,marking   ] GC(295) Concurrent Scan Root Regions 3.354ms
[2020-09-24T03:37:54.717+0000][23404][gc,marking   ] GC(295) Concurrent Mark (147.151s)
[2020-09-24T03:37:54.717+0000][23404][gc,marking   ] GC(295) Concurrent Mark From Roots
[2020-09-24T03:37:54.717+0000][23404][gc,task      ] GC(295) Using 2 workers of 2 for marking
[2020-09-24T03:37:54.856+0000][23404][gc,marking   ] GC(295) Concurrent Mark From Roots 139.145ms
[2020-09-24T03:37:54.856+0000][23404][gc,marking   ] GC(295) Concurrent Preclean
[2020-09-24T03:37:54.856+0000][23404][gc,marking   ] GC(295) Concurrent Preclean 0.401ms
[2020-09-24T03:37:54.856+0000][23404][gc,marking   ] GC(295) Concurrent Mark (147.151s, 147.291s) 139.728ms
[2020-09-24T03:37:54.857+0000][23404][gc,start     ] GC(295) Pause Remark
[2020-09-24T03:37:54.864+0000][23404][gc           ] GC(295) Pause Remark 333M->333M(1024M) 6.935ms
[2020-09-24T03:37:54.864+0000][23404][gc,cpu       ] GC(295) User=0.00s Sys=0.00s Real=0.01s
[2020-09-24T03:37:54.864+0000][23404][safepoint    ] Safepoint "G1Concurrent", Time since last: 144108900 ns, Reaching safepoint: 186800 ns, At safepoint: 7166900 ns, Total: 7353700 ns
[2020-09-24T03:37:54.864+0000][23404][gc,marking   ] GC(295) Concurrent Rebuild Remembered Sets
[2020-09-24T03:37:54.948+0000][23404][gc,marking   ] GC(295) Concurrent Rebuild Remembered Sets 83.647ms
[2020-09-24T03:37:54.948+0000][23404][gc,start     ] GC(295) Pause Cleanup
[2020-09-24T03:37:54.948+0000][23404][gc           ] GC(295) Pause Cleanup 335M->335M(1024M) 0.304ms
[2020-09-24T03:37:54.948+0000][23404][gc,cpu       ] GC(295) User=0.00s Sys=0.00s Real=0.00s
[2020-09-24T03:37:54.948+0000][23404][safepoint    ] Safepoint "G1Concurrent", Time since last: 83841700 ns, Reaching safepoint: 139000 ns, At safepoint: 460100 ns, Total: 599100 ns
[2020-09-24T03:37:54.948+0000][23404][gc,marking   ] GC(295) Concurrent Cleanup for Next Mark
[2020-09-24T03:37:54.950+0000][23404][gc,marking   ] GC(295) Concurrent Cleanup for Next Mark 1.453ms
[2020-09-24T03:37:54.950+0000][23404][gc           ] GC(295) Concurrent Cycle 237.539ms
[2020-09-24T03:37:54.964+0000][23404][gc,start     ] GC(296) Pause Young (Concurrent Start) (G1 Humongous Allocation)
[2020-09-24T03:37:54.964+0000][23404][gc,task      ] GC(296) Using 8 workers of 8 for evacuation
[2020-09-24T03:37:54.964+0000][23404][gc,age       ] GC(296) Desired survivor size 33554432 bytes, new threshold 15 (max threshold 15)
[2020-09-24T03:37:54.968+0000][23404][gc,age       ] GC(296) Age table with threshold 15 (max threshold 15)
[2020-09-24T03:37:54.968+0000][23404][gc,age       ] GC(296) - age   1:    2705672 bytes,    2705672 total
[2020-09-24T03:37:54.968+0000][23404][gc,age       ] GC(296) - age   2:       5240 bytes,    2710912 total
[2020-09-24T03:37:54.968+0000][23404][gc,age       ] GC(296) - age   3:      22552 bytes,    2733464 total
[2020-09-24T03:37:54.968+0000][23404][gc,age       ] GC(296) - age   4:       6152 bytes,    2739616 total
[2020-09-24T03:37:54.968+0000][23404][gc,age       ] GC(296) - age   5:      10224 bytes,    2749840 total
[2020-09-24T03:37:54.968+0000][23404][gc,age       ] GC(296) - age   6:       5608 bytes,    2755448 total
[2020-09-24T03:37:54.968+0000][23404][gc,age       ] GC(296) - age   7:       2480 bytes,    2757928 total
[2020-09-24T03:37:54.968+0000][23404][gc,age       ] GC(296) - age   8:       3192 bytes,    2761120 total
[2020-09-24T03:37:54.968+0000][23404][gc,age       ] GC(296) - age   9:       1152 bytes,    2762272 total
[2020-09-24T03:37:54.968+0000][23404][gc,age       ] GC(296) - age  10:      10064 bytes,    2772336 total
[2020-09-24T03:37:54.968+0000][23404][gc,age       ] GC(296) - age  11:       4544 bytes,    2776880 total
[2020-09-24T03:37:54.968+0000][23404][gc,age       ] GC(296) - age  12:       2088 bytes,    2778968 total
[2020-09-24T03:37:54.968+0000][23404][gc,age       ] GC(296) - age  13:     132328 bytes,    2911296 total
[2020-09-24T03:37:54.968+0000][23404][gc,age       ] GC(296) - age  14:      17512 bytes,    2928808 total
[2020-09-24T03:37:54.968+0000][23404][gc,age       ] GC(296) - age  15:     126296 bytes,    3055104 total
[2020-09-24T03:37:54.968+0000][23404][gc,phases    ] GC(296)   Pre Evacuate Collection Set: 0.4ms
[2020-09-24T03:37:54.968+0000][23404][gc,phases    ] GC(296)   Merge Heap Roots: 0.1ms
[2020-09-24T03:37:54.968+0000][23404][gc,phases    ] GC(296)   Evacuate Collection Set: 2.2ms
[2020-09-24T03:37:54.968+0000][23404][gc,phases    ] GC(296)   Post Evacuate Collection Set: 0.6ms
[2020-09-24T03:37:54.968+0000][23404][gc,phases    ] GC(296)   Other: 0.7ms
[2020-09-24T03:37:54.968+0000][23404][gc,heap      ] GC(296) Eden regions: 28->0(503)
[2020-09-24T03:37:54.968+0000][23404][gc,heap      ] GC(296) Survivor regions: 4->4(64)
[2020-09-24T03:37:54.968+0000][23404][gc,heap      ] GC(296) Old regions: 79->79
[2020-09-24T03:37:54.968+0000][23404][gc,heap      ] GC(296) Archive regions: 0->0
[2020-09-24T03:37:54.968+0000][23404][gc,heap      ] GC(296) Humongous regions: 231->174
[2020-09-24T03:37:54.968+0000][23404][gc,metaspace ] GC(296) Metaspace: 89189K(95104K)->89189K(95104K) NonClass: 77869K(81408K)->77869K(81408K) Class: 11320K(13696K)->11320K(13696K)
[2020-09-24T03:37:54.969+0000][23404][gc           ] GC(296) Pause Young (Concurrent Start) (G1 Humongous Allocation) 340M->255M(1024M) 4.301ms
[2020-09-24T03:37:54.969+0000][23404][gc,cpu       ] GC(296) User=0.00s Sys=0.00s Real=0.01s
[2020-09-24T03:37:54.969+0000][23404][gc           ] GC(297) Concurrent Cycle
[2020-09-24T03:37:54.969+0000][23404][safepoint    ] Safepoint "G1TryInitiateConcMark", Time since last: 15671300 ns, Reaching safepoint: 122800 ns, At safepoint: 4478500 ns, Total: 4601300 ns
[2020-09-24T03:37:54.969+0000][23404][gc,marking   ] GC(297) Concurrent Clear Claimed Marks
[2020-09-24T03:37:54.969+0000][23404][gc,marking   ] GC(297) Concurrent Clear Claimed Marks 0.482ms
[2020-09-24T03:37:54.969+0000][23404][gc,marking   ] GC(297) Concurrent Scan Root Regions
[2020-09-24T03:37:54.971+0000][23404][gc,marking   ] GC(297) Concurrent Scan Root Regions 2.089ms
[2020-09-24T03:37:54.971+0000][23404][gc,marking   ] GC(297) Concurrent Mark (147.406s)
[2020-09-24T03:37:54.971+0000][23404][gc,marking   ] GC(297) Concurrent Mark From Roots
[2020-09-24T03:37:54.971+0000][23404][gc,task      ] GC(297) Using 2 workers of 2 for marking
[2020-09-24T03:37:55.084+0000][23404][gc,marking   ] GC(297) Concurrent Mark From Roots 112.463ms
[2020-09-24T03:37:55.084+0000][23404][gc,marking   ] GC(297) Concurrent Preclean
[2020-09-24T03:37:55.084+0000][23404][gc,marking   ] GC(297) Concurrent Preclean 0.289ms
[2020-09-24T03:37:55.084+0000][23404][gc,marking   ] GC(297) Concurrent Mark (147.406s, 147.519s) 112.876ms
[2020-09-24T03:37:55.085+0000][23404][gc,start     ] GC(297) Pause Remark
[2020-09-24T03:37:55.091+0000][23404][gc           ] GC(297) Pause Remark 424M->424M(1024M) 6.060ms
[2020-09-24T03:37:55.091+0000][23404][gc,cpu       ] GC(297) User=0.13s Sys=0.00s Real=0.01s
[2020-09-24T03:37:55.091+0000][23404][safepoint    ] Safepoint "G1Concurrent", Time since last: 115697100 ns, Reaching safepoint: 130200 ns, At safepoint: 6303500 ns, Total: 6433700 ns
[2020-09-24T03:37:55.091+0000][23404][gc,marking   ] GC(297) Concurrent Rebuild Remembered Sets
[2020-09-24T03:37:55.155+0000][23404][gc,marking   ] GC(297) Concurrent Rebuild Remembered Sets 64.441ms
[2020-09-24T03:37:55.156+0000][23404][gc,start     ] GC(297) Pause Cleanup
[2020-09-24T03:37:55.156+0000][23404][gc           ] GC(297) Pause Cleanup 502M->502M(1024M) 0.267ms
[2020-09-24T03:37:55.156+0000][23404][gc,cpu       ] GC(297) User=0.00s Sys=0.00s Real=0.00s
[2020-09-24T03:37:55.156+0000][23404][safepoint    ] Safepoint "G1Concurrent", Time since last: 64615600 ns, Reaching safepoint: 152900 ns, At safepoint: 414700 ns, Total: 567600 ns
[2020-09-24T03:37:55.156+0000][23404][gc,marking   ] GC(297) Concurrent Cleanup for Next Mark
[2020-09-24T03:37:55.158+0000][23404][gc,marking   ] GC(297) Concurrent Cleanup for Next Mark 2.078ms
[2020-09-24T03:37:55.158+0000][23404][gc           ] GC(297) Concurrent Cycle 189.570ms
[2020-09-24T03:37:55.169+0000][23404][gc,start     ] GC(298) Pause Young (Concurrent Start) (G1 Humongous Allocation)
[2020-09-24T03:37:55.169+0000][23404][gc,task      ] GC(298) Using 8 workers of 8 for evacuation
[2020-09-24T03:37:55.169+0000][23404][gc,age       ] GC(298) Desired survivor size 33554432 bytes, new threshold 15 (max threshold 15)
[2020-09-24T03:37:55.173+0000][23404][gc,age       ] GC(298) Age table with threshold 15 (max threshold 15)
[2020-09-24T03:37:55.173+0000][23404][gc,age       ] GC(298) - age   1:    3409912 bytes,    3409912 total
[2020-09-24T03:37:55.173+0000][23404][gc,age       ] GC(298) - age   2:      25416 bytes,    3435328 total
[2020-09-24T03:37:55.173+0000][23404][gc,age       ] GC(298) - age   3:       3736 bytes,    3439064 total
[2020-09-24T03:37:55.173+0000][23404][gc,age       ] GC(298) - age   4:      21976 bytes,    3461040 total
[2020-09-24T03:37:55.173+0000][23404][gc,age       ] GC(298) - age   5:       5496 bytes,    3466536 total
[2020-09-24T03:37:55.173+0000][23404][gc,age       ] GC(298) - age   6:      10224 bytes,    3476760 total
[2020-09-24T03:37:55.173+0000][23404][gc,age       ] GC(298) - age   7:       3376 bytes,    3480136 total
[2020-09-24T03:37:55.173+0000][23404][gc,age       ] GC(298) - age   8:       2072 bytes,    3482208 total
[2020-09-24T03:37:55.173+0000][23404][gc,age       ] GC(298) - age   9:        728 bytes,    3482936 total
[2020-09-24T03:37:55.173+0000][23404][gc,age       ] GC(298) - age  10:       1024 bytes,    3483960 total
[2020-09-24T03:37:55.173+0000][23404][gc,age       ] GC(298) - age  11:      10064 bytes,    3494024 total
[2020-09-24T03:37:55.173+0000][23404][gc,age       ] GC(298) - age  12:       4544 bytes,    3498568 total
[2020-09-24T03:37:55.173+0000][23404][gc,age       ] GC(298) - age  13:       2056 bytes,    3500624 total
[2020-09-24T03:37:55.173+0000][23404][gc,age       ] GC(298) - age  14:     132328 bytes,    3632952 total
[2020-09-24T03:37:55.174+0000][23404][gc,age       ] GC(298) - age  15:      17480 bytes,    3650432 total
[2020-09-24T03:37:55.174+0000][23404][gc,phases    ] GC(298)   Pre Evacuate Collection Set: 0.4ms
[2020-09-24T03:37:55.174+0000][23404][gc,phases    ] GC(298)   Merge Heap Roots: 0.1ms
[2020-09-24T03:37:55.174+0000][23404][gc,phases    ] GC(298)   Evacuate Collection Set: 2.3ms
[2020-09-24T03:37:55.174+0000][23404][gc,phases    ] GC(298)   Post Evacuate Collection Set: 0.8ms
[2020-09-24T03:37:55.174+0000][23404][gc,phases    ] GC(298)   Other: 0.8ms
[2020-09-24T03:37:55.174+0000][23404][gc,heap      ] GC(298) Eden regions: 73->0(502)
[2020-09-24T03:37:55.174+0000][23404][gc,heap      ] GC(298) Survivor regions: 4->4(64)
[2020-09-24T03:37:55.174+0000][23404][gc,heap      ] GC(298) Old regions: 79->79
[2020-09-24T03:37:55.174+0000][23404][gc,heap      ] GC(298) Archive regions: 0->0
[2020-09-24T03:37:55.174+0000][23404][gc,heap      ] GC(298) Humongous regions: 355->174
[2020-09-24T03:37:55.174+0000][23404][gc,metaspace ] GC(298) Metaspace: 89191K(95104K)->89191K(95104K) NonClass: 77871K(81408K)->77871K(81408K) Class: 11320K(13696K)->11320K(13696K)
[2020-09-24T03:37:55.174+0000][23404][gc           ] GC(298) Pause Young (Concurrent Start) (G1 Humongous Allocation) 509M->256M(1024M) 4.624ms
[2020-09-24T03:37:55.174+0000][23404][gc,cpu       ] GC(298) User=0.00s Sys=0.00s Real=0.01s
[2020-09-24T03:37:55.174+0000][23404][gc           ] GC(299) Concurrent Cycle
[2020-09-24T03:37:55.174+0000][23404][safepoint    ] Safepoint "G1TryInitiateConcMark", Time since last: 13209700 ns, Reaching safepoint: 125500 ns, At safepoint: 4799000 ns, Total: 4924500 ns
[2020-09-24T03:37:55.174+0000][23404][gc,marking   ] GC(299) Concurrent Clear Claimed Marks
[2020-09-24T03:37:55.175+0000][23404][gc,marking   ] GC(299) Concurrent Clear Claimed Marks 0.533ms
[2020-09-24T03:37:55.175+0000][23404][gc,marking   ] GC(299) Concurrent Scan Root Regions
[2020-09-24T03:37:55.177+0000][23404][gc,marking   ] GC(299) Concurrent Scan Root Regions 2.449ms
[2020-09-24T03:37:55.177+0000][23404][gc,marking   ] GC(299) Concurrent Mark (147.612s)
[2020-09-24T03:37:55.177+0000][23404][gc,marking   ] GC(299) Concurrent Mark From Roots
[2020-09-24T03:37:55.177+0000][23404][gc,task      ] GC(299) Using 2 workers of 2 for marking
[2020-09-24T03:37:55.279+0000][23404][gc,marking   ] GC(299) Concurrent Mark From Roots 101.144ms
[2020-09-24T03:37:55.279+0000][23404][gc,marking   ] GC(299) Concurrent Preclean
[2020-09-24T03:37:55.279+0000][23404][gc,marking   ] GC(299) Concurrent Preclean 0.257ms
[2020-09-24T03:37:55.279+0000][23404][gc,marking   ] GC(299) Concurrent Mark (147.612s, 147.713s) 101.534ms
[2020-09-24T03:37:55.279+0000][23404][gc,start     ] GC(299) Pause Remark
[2020-09-24T03:37:55.286+0000][23404][gc           ] GC(299) Pause Remark 334M->334M(1024M) 6.884ms
[2020-09-24T03:37:55.286+0000][23404][gc,cpu       ] GC(299) User=0.00s Sys=0.00s Real=0.01s
[2020-09-24T03:37:55.286+0000][23404][safepoint    ] Safepoint "G1Concurrent", Time since last: 104851900 ns, Reaching safepoint: 136700 ns, At safepoint: 7047800 ns, Total: 7184500 ns
[2020-09-24T03:37:55.286+0000][23404][gc,marking   ] GC(299) Concurrent Rebuild Remembered Sets
[2020-09-24T03:37:55.351+0000][23404][gc,marking   ] GC(299) Concurrent Rebuild Remembered Sets 65.270ms
[2020-09-24T03:37:55.352+0000][23404][gc,start     ] GC(299) Pause Cleanup
[2020-09-24T03:37:55.352+0000][23404][gc           ] GC(299) Pause Cleanup 402M->402M(1024M) 0.292ms
[2020-09-24T03:37:55.352+0000][23404][gc,cpu       ] GC(299) User=0.00s Sys=0.00s Real=0.00s
[2020-09-24T03:37:55.352+0000][23404][safepoint    ] Safepoint "G1Concurrent", Time since last: 65492000 ns, Reaching safepoint: 121500 ns, At safepoint: 464200 ns, Total: 585700 ns
[2020-09-24T03:37:55.352+0000][23404][gc,marking   ] GC(299) Concurrent Cleanup for Next Mark
[2020-09-24T03:37:55.354+0000][23404][gc,marking   ] GC(299) Concurrent Cleanup for Next Mark 1.246ms
[2020-09-24T03:37:55.354+0000][23404][gc           ] GC(299) Concurrent Cycle 179.599ms
[2020-09-24T03:37:55.366+0000][23404][gc,start     ] GC(300) Pause Young (Concurrent Start) (G1 Humongous Allocation)
[2020-09-24T03:37:55.366+0000][23404][gc,task      ] GC(300) Using 8 workers of 8 for evacuation
[2020-09-24T03:37:55.366+0000][23404][gc,age       ] GC(300) Desired survivor size 33554432 bytes, new threshold 15 (max threshold 15)
[2020-09-24T03:37:55.369+0000][23404][gc,age       ] GC(300) Age table with threshold 15 (max threshold 15)
[2020-09-24T03:37:55.369+0000][23404][gc,age       ] GC(300) - age   1:    2892256 bytes,    2892256 total
[2020-09-24T03:37:55.369+0000][23404][gc,age       ] GC(300) - age   2:       3464 bytes,    2895720 total
[2020-09-24T03:37:55.369+0000][23404][gc,age       ] GC(300) - age   3:      22928 bytes,    2918648 total
[2020-09-24T03:37:55.369+0000][23404][gc,age       ] GC(300) - age   4:       3352 bytes,    2922000 total
[2020-09-24T03:37:55.369+0000][23404][gc,age       ] GC(300) - age   5:      21512 bytes,    2943512 total
[2020-09-24T03:37:55.369+0000][23404][gc,age       ] GC(300) - age   6:       5496 bytes,    2949008 total
[2020-09-24T03:37:55.369+0000][23404][gc,age       ] GC(300) - age   7:      10224 bytes,    2959232 total
[2020-09-24T03:37:55.369+0000][23404][gc,age       ] GC(300) - age   8:       3376 bytes,    2962608 total
[2020-09-24T03:37:55.369+0000][23404][gc,age       ] GC(300) - age   9:       2008 bytes,    2964616 total
[2020-09-24T03:37:55.370+0000][23404][gc,age       ] GC(300) - age  10:        728 bytes,    2965344 total
[2020-09-24T03:37:55.370+0000][23404][gc,age       ] GC(300) - age  11:        992 bytes,    2966336 total
[2020-09-24T03:37:55.370+0000][23404][gc,age       ] GC(300) - age  12:      10064 bytes,    2976400 total
[2020-09-24T03:37:55.370+0000][23404][gc,age       ] GC(300) - age  13:       4544 bytes,    2980944 total
[2020-09-24T03:37:55.370+0000][23404][gc,age       ] GC(300) - age  14:       2056 bytes,    2983000 total
[2020-09-24T03:37:55.370+0000][23404][gc,age       ] GC(300) - age  15:     132200 bytes,    3115200 total
[2020-09-24T03:37:55.370+0000][23404][gc,phases    ] GC(300)   Pre Evacuate Collection Set: 0.4ms
[2020-09-24T03:37:55.370+0000][23404][gc,phases    ] GC(300)   Merge Heap Roots: 0.1ms
[2020-09-24T03:37:55.370+0000][23404][gc,phases    ] GC(300)   Evacuate Collection Set: 2.0ms
[2020-09-24T03:37:55.370+0000][23404][gc,phases    ] GC(300)   Post Evacuate Collection Set: 0.7ms
[2020-09-24T03:37:55.370+0000][23404][gc,phases    ] GC(300)   Other: 0.7ms
[2020-09-24T03:37:55.370+0000][23404][gc,heap      ] GC(300) Eden regions: 45->0(503)
[2020-09-24T03:37:55.370+0000][23404][gc,heap      ] GC(300) Survivor regions: 4->4(64)
[2020-09-24T03:37:55.370+0000][23404][gc,heap      ] GC(300) Old regions: 79->79
[2020-09-24T03:37:55.370+0000][23404][gc,heap      ] GC(300) Archive regions: 0->0
[2020-09-24T03:37:55.370+0000][23404][gc,heap      ] GC(300) Humongous regions: 283->174
[2020-09-24T03:37:55.370+0000][23404][gc,metaspace ] GC(300) Metaspace: 89192K(95104K)->89192K(95104K) NonClass: 77872K(81408K)->77872K(81408K) Class: 11320K(13696K)->11320K(13696K)
[2020-09-24T03:37:55.370+0000][23404][gc           ] GC(300) Pause Young (Concurrent Start) (G1 Humongous Allocation) 409M->255M(1024M) 4.088ms
[2020-09-24T03:37:55.370+0000][23404][gc,cpu       ] GC(300) User=0.13s Sys=0.00s Real=0.00s
[2020-09-24T03:37:55.370+0000][23404][gc           ] GC(301) Concurrent Cycle
[2020-09-24T03:37:55.370+0000][23404][safepoint    ] Safepoint "G1TryInitiateConcMark", Time since last: 13485900 ns, Reaching safepoint: 139000 ns, At safepoint: 4268700 ns, Total: 4407700 ns
[2020-09-24T03:37:55.370+0000][23404][gc,marking   ] GC(301) Concurrent Clear Claimed Marks
[2020-09-24T03:37:55.371+0000][23404][gc,marking   ] GC(301) Concurrent Clear Claimed Marks 0.597ms
[2020-09-24T03:37:55.371+0000][23404][gc,marking   ] GC(301) Concurrent Scan Root Regions
[2020-09-24T03:37:55.372+0000][23404][gc,marking   ] GC(301) Concurrent Scan Root Regions 1.696ms
[2020-09-24T03:37:55.373+0000][23404][gc,marking   ] GC(301) Concurrent Mark (147.807s)
[2020-09-24T03:37:55.373+0000][23404][gc,marking   ] GC(301) Concurrent Mark From Roots
[2020-09-24T03:37:55.373+0000][23404][gc,task      ] GC(301) Using 2 workers of 2 for marking
[2020-09-24T03:37:55.477+0000][23404][gc,marking   ] GC(301) Concurrent Mark From Roots 104.783ms
[2020-09-24T03:37:55.478+0000][23404][gc,marking   ] GC(301) Concurrent Preclean
[2020-09-24T03:37:55.478+0000][23404][gc,marking   ] GC(301) Concurrent Preclean 0.279ms
[2020-09-24T03:37:55.478+0000][23404][gc,marking   ] GC(301) Concurrent Mark (147.807s, 147.912s) 105.205ms
[2020-09-24T03:37:55.478+0000][23404][gc,start     ] GC(301) Pause Remark
[2020-09-24T03:37:55.489+0000][23404][gc           ] GC(301) Pause Remark 359M->359M(1024M) 11.262ms
[2020-09-24T03:37:55.489+0000][23404][gc,cpu       ] GC(301) User=0.00s Sys=0.00s Real=0.01s
[2020-09-24T03:37:55.489+0000][23404][safepoint    ] Safepoint "G1Concurrent", Time since last: 107752800 ns, Reaching safepoint: 100000 ns, At safepoint: 11489300 ns, Total: 11589300 ns
[2020-09-24T03:37:55.490+0000][23404][gc,marking   ] GC(301) Concurrent Rebuild Remembered Sets
[2020-09-24T03:37:55.550+0000][23404][safepoint    ] Safepoint "ICBufferFull", Time since last: 59758200 ns, Reaching safepoint: 409600 ns, At safepoint: 21800 ns, Total: 431400 ns
[2020-09-24T03:37:55.566+0000][23404][gc,marking   ] GC(301) Concurrent Rebuild Remembered Sets 76.439ms
[2020-09-24T03:37:55.566+0000][23404][gc,start     ] GC(301) Pause Cleanup
[2020-09-24T03:37:55.567+0000][23404][gc           ] GC(301) Pause Cleanup 478M->478M(1024M) 0.349ms
[2020-09-24T03:37:55.567+0000][23404][gc,cpu       ] GC(301) User=0.00s Sys=0.00s Real=0.00s
[2020-09-24T03:37:55.567+0000][23404][safepoint    ] Safepoint "G1Concurrent", Time since last: 16498700 ns, Reaching safepoint: 182600 ns, At safepoint: 521400 ns, Total: 704000 ns
[2020-09-24T03:37:55.567+0000][23404][gc,marking   ] GC(301) Concurrent Cleanup for Next Mark
[2020-09-24T03:37:55.569+0000][23404][gc,marking   ] GC(301) Concurrent Cleanup for Next Mark 2.424ms
[2020-09-24T03:37:55.569+0000][23404][gc           ] GC(301) Concurrent Cycle 199.417ms
[2020-09-24T03:37:55.570+0000][23404][gc,start     ] GC(302) Pause Young (Concurrent Start) (G1 Humongous Allocation)
[2020-09-24T03:37:55.570+0000][23404][gc,task      ] GC(302) Using 8 workers of 8 for evacuation
[2020-09-24T03:37:55.570+0000][23404][gc,age       ] GC(302) Desired survivor size 33554432 bytes, new threshold 15 (max threshold 15)
[2020-09-24T03:37:55.574+0000][23404][gc,age       ] GC(302) Age table with threshold 15 (max threshold 15)
[2020-09-24T03:37:55.574+0000][23404][gc,age       ] GC(302) - age   1:    1619520 bytes,    1619520 total
[2020-09-24T03:37:55.574+0000][23404][gc,age       ] GC(302) - age   2:     210416 bytes,    1829936 total
[2020-09-24T03:37:55.574+0000][23404][gc,age       ] GC(302) - age   3:       2736 bytes,    1832672 total
[2020-09-24T03:37:55.574+0000][23404][gc,age       ] GC(302) - age   4:      19952 bytes,    1852624 total
[2020-09-24T03:37:55.574+0000][23404][gc,age       ] GC(302) - age   5:       2936 bytes,    1855560 total
[2020-09-24T03:37:55.575+0000][23404][gc,age       ] GC(302) - age   6:      20824 bytes,    1876384 total
[2020-09-24T03:37:55.575+0000][23404][gc,age       ] GC(302) - age   7:       3264 bytes,    1879648 total
[2020-09-24T03:37:55.575+0000][23404][gc,age       ] GC(302) - age   8:       9840 bytes,    1889488 total
[2020-09-24T03:37:55.575+0000][23404][gc,age       ] GC(302) - age   9:       3376 bytes,    1892864 total
[2020-09-24T03:37:55.575+0000][23404][gc,age       ] GC(302) - age  10:       2008 bytes,    1894872 total
[2020-09-24T03:37:55.575+0000][23404][gc,age       ] GC(302) - age  11:        728 bytes,    1895600 total
[2020-09-24T03:37:55.575+0000][23404][gc,age       ] GC(302) - age  12:        992 bytes,    1896592 total
[2020-09-24T03:37:55.575+0000][23404][gc,age       ] GC(302) - age  13:      10064 bytes,    1906656 total
[2020-09-24T03:37:55.575+0000][23404][gc,age       ] GC(302) - age  14:       4544 bytes,    1911200 total
[2020-09-24T03:37:55.575+0000][23404][gc,age       ] GC(302) - age  15:       2056 bytes,    1913256 total
[2020-09-24T03:37:55.575+0000][23404][gc,phases    ] GC(302)   Pre Evacuate Collection Set: 0.4ms
[2020-09-24T03:37:55.575+0000][23404][gc,phases    ] GC(302)   Merge Heap Roots: 0.1ms
[2020-09-24T03:37:55.575+0000][23404][gc,phases    ] GC(302)   Evacuate Collection Set: 2.7ms
[2020-09-24T03:37:55.575+0000][23404][gc,phases    ] GC(302)   Post Evacuate Collection Set: 0.9ms
[2020-09-24T03:37:55.575+0000][23404][gc,phases    ] GC(302)   Other: 0.9ms
[2020-09-24T03:37:55.575+0000][23404][gc,heap      ] GC(302) Eden regions: 56->0(505)
[2020-09-24T03:37:55.575+0000][23404][gc,heap      ] GC(302) Survivor regions: 4->2(64)
[2020-09-24T03:37:55.575+0000][23404][gc,heap      ] GC(302) Old regions: 79->79
[2020-09-24T03:37:55.575+0000][23404][gc,heap      ] GC(302) Archive regions: 0->0
[2020-09-24T03:37:55.575+0000][23404][gc,heap      ] GC(302) Humongous regions: 356->174
[2020-09-24T03:37:55.575+0000][23404][gc,metaspace ] GC(302) Metaspace: 89189K(95104K)->89189K(95104K) NonClass: 77869K(81408K)->77869K(81408K) Class: 11319K(13696K)->11319K(13696K)
[2020-09-24T03:37:55.575+0000][23404][gc           ] GC(302) Pause Young (Concurrent Start) (G1 Humongous Allocation) 492M->254M(1024M) 5.254ms
[2020-09-24T03:37:55.575+0000][23404][gc,cpu       ] GC(302) User=0.08s Sys=0.02s Real=0.01s
[2020-09-24T03:37:55.575+0000][23404][gc           ] GC(303) Concurrent Cycle
[2020-09-24T03:37:55.575+0000][23404][safepoint    ] Safepoint "G1TryInitiateConcMark", Time since last: 2776900 ns, Reaching safepoint: 196400 ns, At safepoint: 5463500 ns, Total: 5659900 ns
[2020-09-24T03:37:55.575+0000][23404][gc,marking   ] GC(303) Concurrent Clear Claimed Marks
[2020-09-24T03:37:55.576+0000][23404][gc,marking   ] GC(303) Concurrent Clear Claimed Marks 0.578ms
[2020-09-24T03:37:55.576+0000][23404][gc,marking   ] GC(303) Concurrent Scan Root Regions
[2020-09-24T03:37:55.578+0000][23404][gc,marking   ] GC(303) Concurrent Scan Root Regions 1.866ms
[2020-09-24T03:37:55.578+0000][23404][gc,marking   ] GC(303) Concurrent Mark (148.012s)
[2020-09-24T03:37:55.578+0000][23404][gc,marking   ] GC(303) Concurrent Mark From Roots
[2020-09-24T03:37:55.578+0000][23404][gc,task      ] GC(303) Using 2 workers of 2 for marking
[2020-09-24T03:37:55.731+0000][23404][gc,marking   ] GC(303) Concurrent Mark From Roots 152.777ms
[2020-09-24T03:37:55.731+0000][23404][gc,marking   ] GC(303) Concurrent Preclean
[2020-09-24T03:37:55.731+0000][23404][gc,marking   ] GC(303) Concurrent Preclean 0.401ms
[2020-09-24T03:37:55.731+0000][23404][gc,marking   ] GC(303) Concurrent Mark (148.012s, 148.166s) 153.374ms
[2020-09-24T03:37:55.732+0000][23404][gc,start     ] GC(303) Pause Remark
[2020-09-24T03:37:55.738+0000][23404][gc           ] GC(303) Pause Remark 421M->421M(1024M) 6.705ms
[2020-09-24T03:37:55.738+0000][23404][gc,cpu       ] GC(303) User=0.00s Sys=0.00s Real=0.01s
[2020-09-24T03:37:55.739+0000][23404][safepoint    ] Safepoint "G1Concurrent", Time since last: 156081900 ns, Reaching safepoint: 183700 ns, At safepoint: 7021100 ns, Total: 7204800 ns
[2020-09-24T03:37:55.739+0000][23404][gc,marking   ] GC(303) Concurrent Rebuild Remembered Sets
[2020-09-24T03:37:55.831+0000][23404][gc,marking   ] GC(303) Concurrent Rebuild Remembered Sets 92.051ms
[2020-09-24T03:37:55.831+0000][23404][gc,start     ] GC(303) Pause Cleanup
[2020-09-24T03:37:55.831+0000][23404][gc           ] GC(303) Pause Cleanup 502M->502M(1024M) 0.336ms
[2020-09-24T03:37:55.831+0000][23404][gc,cpu       ] GC(303) User=0.00s Sys=0.00s Real=0.00s
[2020-09-24T03:37:55.831+0000][23404][safepoint    ] Safepoint "G1Concurrent", Time since last: 92257800 ns, Reaching safepoint: 169800 ns, At safepoint: 492800 ns, Total: 662600 ns
[2020-09-24T03:37:55.832+0000][23404][gc,marking   ] GC(303) Concurrent Cleanup for Next Mark
[2020-09-24T03:37:55.833+0000][23404][gc,marking   ] GC(303) Concurrent Cleanup for Next Mark 1.683ms
[2020-09-24T03:37:55.833+0000][23404][gc           ] GC(303) Concurrent Cycle 258.104ms
[2020-09-24T03:37:55.963+0000][23404][gc,start     ] GC(304) Pause Young (Concurrent Start) (G1 Humongous Allocation)
[2020-09-24T03:37:55.963+0000][23404][gc,task      ] GC(304) Using 8 workers of 8 for evacuation
[2020-09-24T03:37:55.963+0000][23404][gc,age       ] GC(304) Desired survivor size 33554432 bytes, new threshold 15 (max threshold 15)
[2020-09-24T03:37:55.966+0000][23404][gc,age       ] GC(304) Age table with threshold 15 (max threshold 15)
[2020-09-24T03:37:55.967+0000][23404][gc,age       ] GC(304) - age   1:    2798584 bytes,    2798584 total
[2020-09-24T03:37:55.967+0000][23404][gc,age       ] GC(304) - age   2:       2640 bytes,    2801224 total
[2020-09-24T03:37:55.967+0000][23404][gc,age       ] GC(304) - age   3:       7360 bytes,    2808584 total
[2020-09-24T03:37:55.967+0000][23404][gc,age       ] GC(304) - age   4:       2000 bytes,    2810584 total
[2020-09-24T03:37:55.967+0000][23404][gc,age       ] GC(304) - age   5:      19712 bytes,    2830296 total
[2020-09-24T03:37:55.967+0000][23404][gc,age       ] GC(304) - age   6:       2048 bytes,    2832344 total
[2020-09-24T03:37:55.967+0000][23404][gc,age       ] GC(304) - age   7:      18608 bytes,    2850952 total
[2020-09-24T03:37:55.967+0000][23404][gc,age       ] GC(304) - age   8:       3264 bytes,    2854216 total
[2020-09-24T03:37:55.967+0000][23404][gc,age       ] GC(304) - age   9:       9712 bytes,    2863928 total
[2020-09-24T03:37:55.967+0000][23404][gc,age       ] GC(304) - age  10:       3376 bytes,    2867304 total
[2020-09-24T03:37:55.967+0000][23404][gc,age       ] GC(304) - age  11:       1848 bytes,    2869152 total
[2020-09-24T03:37:55.967+0000][23404][gc,age       ] GC(304) - age  12:        728 bytes,    2869880 total
[2020-09-24T03:37:55.967+0000][23404][gc,age       ] GC(304) - age  13:        928 bytes,    2870808 total
[2020-09-24T03:37:55.967+0000][23404][gc,age       ] GC(304) - age  14:       9960 bytes,    2880768 total
[2020-09-24T03:37:55.967+0000][23404][gc,age       ] GC(304) - age  15:       4416 bytes,    2885184 total
[2020-09-24T03:37:55.967+0000][23404][gc,phases    ] GC(304)   Pre Evacuate Collection Set: 0.4ms
[2020-09-24T03:37:55.967+0000][23404][gc,phases    ] GC(304)   Merge Heap Roots: 0.1ms
[2020-09-24T03:37:55.967+0000][23404][gc,phases    ] GC(304)   Evacuate Collection Set: 2.0ms
[2020-09-24T03:37:55.967+0000][23404][gc,phases    ] GC(304)   Post Evacuate Collection Set: 0.7ms
[2020-09-24T03:37:55.967+0000][23404][gc,phases    ] GC(304)   Other: 1.0ms
[2020-09-24T03:37:55.967+0000][23404][gc,heap      ] GC(304) Eden regions: 73->0(504)
[2020-09-24T03:37:55.967+0000][23404][gc,heap      ] GC(304) Survivor regions: 2->3(64)
[2020-09-24T03:37:55.967+0000][23404][gc,heap      ] GC(304) Old regions: 79->79
[2020-09-24T03:37:55.967+0000][23404][gc,heap      ] GC(304) Archive regions: 0->0
[2020-09-24T03:37:55.967+0000][23404][gc,heap      ] GC(304) Humongous regions: 358->174
[2020-09-24T03:37:55.967+0000][23404][gc,metaspace ] GC(304) Metaspace: 89228K(95104K)->89228K(95104K) NonClass: 77905K(81408K)->77905K(81408K) Class: 11323K(13696K)->11323K(13696K)
[2020-09-24T03:37:55.967+0000][23404][gc           ] GC(304) Pause Young (Concurrent Start) (G1 Humongous Allocation) 511M->255M(1024M) 4.538ms
[2020-09-24T03:37:55.967+0000][23404][gc,cpu       ] GC(304) User=0.00s Sys=0.00s Real=0.00s
[2020-09-24T03:37:55.967+0000][23404][safepoint    ] Safepoint "G1TryInitiateConcMark", Time since last: 131063300 ns, Reaching safepoint: 160200 ns, At safepoint: 4693700 ns, Total: 4853900 ns
[2020-09-24T03:37:55.967+0000][23404][gc           ] GC(305) Concurrent Cycle
[2020-09-24T03:37:55.968+0000][23404][gc,marking   ] GC(305) Concurrent Clear Claimed Marks
[2020-09-24T03:37:55.968+0000][23404][gc,marking   ] GC(305) Concurrent Clear Claimed Marks 0.412ms
[2020-09-24T03:37:55.968+0000][23404][gc,marking   ] GC(305) Concurrent Scan Root Regions
[2020-09-24T03:37:55.970+0000][23404][gc,marking   ] GC(305) Concurrent Scan Root Regions 2.013ms
[2020-09-24T03:37:55.970+0000][23404][gc,marking   ] GC(305) Concurrent Mark (148.405s)
[2020-09-24T03:37:55.970+0000][23404][gc,marking   ] GC(305) Concurrent Mark From Roots
[2020-09-24T03:37:55.970+0000][23404][gc,task      ] GC(305) Using 2 workers of 2 for marking
[2020-09-24T03:37:56.120+0000][23404][gc,marking   ] GC(305) Concurrent Mark From Roots 149.835ms
[2020-09-24T03:37:56.120+0000][23404][gc,marking   ] GC(305) Concurrent Preclean
[2020-09-24T03:37:56.120+0000][23404][gc,marking   ] GC(305) Concurrent Preclean 0.296ms
[2020-09-24T03:37:56.120+0000][23404][gc,marking   ] GC(305) Concurrent Mark (148.405s, 148.555s) 150.266ms
[2020-09-24T03:37:56.121+0000][23404][gc,start     ] GC(305) Pause Remark
[2020-09-24T03:37:56.134+0000][23404][gc           ] GC(305) Pause Remark 412M->412M(1024M) 13.264ms
[2020-09-24T03:37:56.134+0000][23404][gc,cpu       ] GC(305) User=0.13s Sys=0.00s Real=0.01s
[2020-09-24T03:37:56.134+0000][23404][safepoint    ] Safepoint "G1Concurrent", Time since last: 153057500 ns, Reaching safepoint: 212900 ns, At safepoint: 13656500 ns, Total: 13869400 ns
[2020-09-24T03:37:56.134+0000][23404][gc,marking   ] GC(305) Concurrent Rebuild Remembered Sets
[2020-09-24T03:37:56.207+0000][23404][safepoint    ] Safepoint "ICBufferFull", Time since last: 72004100 ns, Reaching safepoint: 645000 ns, At safepoint: 30400 ns, Total: 675400 ns
[2020-09-24T03:37:56.226+0000][23404][gc,marking   ] GC(305) Concurrent Rebuild Remembered Sets 91.774ms
[2020-09-24T03:37:56.227+0000][23404][gc,start     ] GC(305) Pause Cleanup
[2020-09-24T03:37:56.227+0000][23404][gc           ] GC(305) Pause Cleanup 499M->499M(1024M) 0.417ms
[2020-09-24T03:37:56.227+0000][23404][gc,cpu       ] GC(305) User=0.00s Sys=0.00s Real=0.00s
[2020-09-24T03:37:56.227+0000][23404][safepoint    ] Safepoint "G1Concurrent", Time since last: 19338600 ns, Reaching safepoint: 166300 ns, At safepoint: 615600 ns, Total: 781900 ns
[2020-09-24T03:37:56.227+0000][23404][gc,marking   ] GC(305) Concurrent Cleanup for Next Mark
[2020-09-24T03:37:56.229+0000][23404][gc,marking   ] GC(305) Concurrent Cleanup for Next Mark 1.679ms
[2020-09-24T03:37:56.229+0000][23404][gc           ] GC(305) Concurrent Cycle 261.611ms
[2020-09-24T03:37:56.265+0000][23404][gc,start     ] GC(306) Pause Young (Concurrent Start) (G1 Humongous Allocation)
[2020-09-24T03:37:56.265+0000][23404][gc,task      ] GC(306) Using 8 workers of 8 for evacuation
[2020-09-24T03:37:56.265+0000][23404][gc,age       ] GC(306) Desired survivor size 33554432 bytes, new threshold 15 (max threshold 15)
[2020-09-24T03:37:56.269+0000][23404][gc,age       ] GC(306) Age table with threshold 15 (max threshold 15)
[2020-09-24T03:37:56.269+0000][23404][gc,age       ] GC(306) - age   1:    3404424 bytes,    3404424 total
[2020-09-24T03:37:56.269+0000][23404][gc,age       ] GC(306) - age   2:     115888 bytes,    3520312 total
[2020-09-24T03:37:56.269+0000][23404][gc,age       ] GC(306) - age   3:       1784 bytes,    3522096 total
[2020-09-24T03:37:56.269+0000][23404][gc,age       ] GC(306) - age   4:       6544 bytes,    3528640 total
[2020-09-24T03:37:56.269+0000][23404][gc,age       ] GC(306) - age   5:        960 bytes,    3529600 total
[2020-09-24T03:37:56.269+0000][23404][gc,age       ] GC(306) - age   6:      19640 bytes,    3549240 total
[2020-09-24T03:37:56.269+0000][23404][gc,age       ] GC(306) - age   7:       1600 bytes,    3550840 total
[2020-09-24T03:37:56.269+0000][23404][gc,age       ] GC(306) - age   8:      18608 bytes,    3569448 total
[2020-09-24T03:37:56.269+0000][23404][gc,age       ] GC(306) - age   9:       3264 bytes,    3572712 total
[2020-09-24T03:37:56.269+0000][23404][gc,age       ] GC(306) - age  10:       9584 bytes,    3582296 total
[2020-09-24T03:37:56.269+0000][23404][gc,age       ] GC(306) - age  11:       3376 bytes,    3585672 total
[2020-09-24T03:37:56.269+0000][23404][gc,age       ] GC(306) - age  12:       1720 bytes,    3587392 total
[2020-09-24T03:37:56.269+0000][23404][gc,age       ] GC(306) - age  13:        728 bytes,    3588120 total
[2020-09-24T03:37:56.269+0000][23404][gc,age       ] GC(306) - age  14:        832 bytes,    3588952 total
[2020-09-24T03:37:56.269+0000][23404][gc,age       ] GC(306) - age  15:       9960 bytes,    3598912 total
[2020-09-24T03:37:56.270+0000][23404][gc,phases    ] GC(306)   Pre Evacuate Collection Set: 0.5ms
[2020-09-24T03:37:56.270+0000][23404][gc,phases    ] GC(306)   Merge Heap Roots: 0.1ms
[2020-09-24T03:37:56.270+0000][23404][gc,phases    ] GC(306)   Evacuate Collection Set: 2.1ms
[2020-09-24T03:37:56.270+0000][23404][gc,phases    ] GC(306)   Post Evacuate Collection Set: 0.9ms
[2020-09-24T03:37:56.270+0000][23404][gc,phases    ] GC(306)   Other: 1.0ms
[2020-09-24T03:37:56.270+0000][23404][gc,heap      ] GC(306) Eden regions: 73->0(503)
[2020-09-24T03:37:56.270+0000][23404][gc,heap      ] GC(306) Survivor regions: 3->4(64)
[2020-09-24T03:37:56.270+0000][23404][gc,heap      ] GC(306) Old regions: 79->79
[2020-09-24T03:37:56.270+0000][23404][gc,heap      ] GC(306) Archive regions: 0->0
[2020-09-24T03:37:56.270+0000][23404][gc,heap      ] GC(306) Humongous regions: 355->174
[2020-09-24T03:37:56.270+0000][23404][gc,metaspace ] GC(306) Metaspace: 89225K(95104K)->89225K(95104K) NonClass: 77902K(81408K)->77902K(81408K) Class: 11322K(13696K)->11322K(13696K)
[2020-09-24T03:37:56.270+0000][23404][gc           ] GC(306) Pause Young (Concurrent Start) (G1 Humongous Allocation) 509M->256M(1024M) 4.889ms
[2020-09-24T03:37:56.270+0000][23404][gc,cpu       ] GC(306) User=0.00s Sys=0.00s Real=0.00s
[2020-09-24T03:37:56.270+0000][23404][safepoint    ] Safepoint "G1TryInitiateConcMark", Time since last: 37728700 ns, Reaching safepoint: 160300 ns, At safepoint: 5061200 ns, Total: 5221500 ns
[2020-09-24T03:37:56.270+0000][23404][gc           ] GC(307) Concurrent Cycle
[2020-09-24T03:37:56.270+0000][23404][gc,marking   ] GC(307) Concurrent Clear Claimed Marks
[2020-09-24T03:37:56.271+0000][23404][gc,marking   ] GC(307) Concurrent Clear Claimed Marks 0.483ms
[2020-09-24T03:37:56.271+0000][23404][gc,marking   ] GC(307) Concurrent Scan Root Regions
[2020-09-24T03:37:56.273+0000][23404][gc,marking   ] GC(307) Concurrent Scan Root Regions 2.755ms
[2020-09-24T03:37:56.274+0000][23404][gc,marking   ] GC(307) Concurrent Mark (148.708s)
[2020-09-24T03:37:56.274+0000][23404][gc,marking   ] GC(307) Concurrent Mark From Roots
[2020-09-24T03:37:56.274+0000][23404][gc,task      ] GC(307) Using 2 workers of 2 for marking
[2020-09-24T03:37:56.430+0000][23404][gc,marking   ] GC(307) Concurrent Mark From Roots 156.510ms
[2020-09-24T03:37:56.430+0000][23404][gc,marking   ] GC(307) Concurrent Preclean
[2020-09-24T03:37:56.431+0000][23404][gc,marking   ] GC(307) Concurrent Preclean 0.394ms
[2020-09-24T03:37:56.431+0000][23404][gc,marking   ] GC(307) Concurrent Mark (148.708s, 148.865s) 157.082ms
[2020-09-24T03:37:56.431+0000][23404][gc,start     ] GC(307) Pause Remark
[2020-09-24T03:37:56.438+0000][23404][gc           ] GC(307) Pause Remark 335M->335M(1024M) 6.722ms
[2020-09-24T03:37:56.438+0000][23404][gc,cpu       ] GC(307) User=0.00s Sys=0.00s Real=0.01s
[2020-09-24T03:37:56.438+0000][23404][safepoint    ] Safepoint "G1Concurrent", Time since last: 160698800 ns, Reaching safepoint: 283800 ns, At safepoint: 6942400 ns, Total: 7226200 ns
[2020-09-24T03:37:56.438+0000][23404][gc,marking   ] GC(307) Concurrent Rebuild Remembered Sets
[2020-09-24T03:37:56.518+0000][23404][gc,marking   ] GC(307) Concurrent Rebuild Remembered Sets 79.929ms
[2020-09-24T03:37:56.518+0000][23404][gc,start     ] GC(307) Pause Cleanup
[2020-09-24T03:37:56.519+0000][23404][gc           ] GC(307) Pause Cleanup 406M->406M(1024M) 0.311ms
[2020-09-24T03:37:56.519+0000][23404][gc,cpu       ] GC(307) User=0.00s Sys=0.00s Real=0.00s
[2020-09-24T03:37:56.519+0000][23404][safepoint    ] Safepoint "G1Concurrent", Time since last: 80104200 ns, Reaching safepoint: 221900 ns, At safepoint: 487400 ns, Total: 709300 ns
[2020-09-24T03:37:56.519+0000][23404][gc,marking   ] GC(307) Concurrent Cleanup for Next Mark
[2020-09-24T03:37:56.520+0000][23404][gc,marking   ] GC(307) Concurrent Cleanup for Next Mark 1.525ms
[2020-09-24T03:37:56.520+0000][23404][gc           ] GC(307) Concurrent Cycle 250.420ms
[2020-09-24T03:37:56.531+0000][23404][gc,start     ] GC(308) Pause Young (Concurrent Start) (G1 Humongous Allocation)
[2020-09-24T03:37:56.531+0000][23404][gc,task      ] GC(308) Using 8 workers of 8 for evacuation
[2020-09-24T03:37:56.531+0000][23404][gc,age       ] GC(308) Desired survivor size 33554432 bytes, new threshold 15 (max threshold 15)
[2020-09-24T03:37:56.535+0000][23404][gc,age       ] GC(308) Age table with threshold 15 (max threshold 15)
[2020-09-24T03:37:56.535+0000][23404][gc,age       ] GC(308) - age   1:    2918896 bytes,    2918896 total
[2020-09-24T03:37:56.535+0000][23404][gc,age       ] GC(308) - age   2:       3776 bytes,    2922672 total
[2020-09-24T03:37:56.535+0000][23404][gc,age       ] GC(308) - age   3:     113736 bytes,    3036408 total
[2020-09-24T03:37:56.535+0000][23404][gc,age       ] GC(308) - age   4:       1496 bytes,    3037904 total
[2020-09-24T03:37:56.535+0000][23404][gc,age       ] GC(308) - age   5:       5680 bytes,    3043584 total
[2020-09-24T03:37:56.535+0000][23404][gc,age       ] GC(308) - age   6:        896 bytes,    3044480 total
[2020-09-24T03:37:56.535+0000][23404][gc,age       ] GC(308) - age   7:      16536 bytes,    3061016 total
[2020-09-24T03:37:56.535+0000][23404][gc,age       ] GC(308) - age   8:       1536 bytes,    3062552 total
[2020-09-24T03:37:56.535+0000][23404][gc,age       ] GC(308) - age   9:      18544 bytes,    3081096 total
[2020-09-24T03:37:56.535+0000][23404][gc,age       ] GC(308) - age  10:       3200 bytes,    3084296 total
[2020-09-24T03:37:56.535+0000][23404][gc,age       ] GC(308) - age  11:       9584 bytes,    3093880 total
[2020-09-24T03:37:56.535+0000][23404][gc,age       ] GC(308) - age  12:       3376 bytes,    3097256 total
[2020-09-24T03:37:56.535+0000][23404][gc,age       ] GC(308) - age  13:       1720 bytes,    3098976 total
[2020-09-24T03:37:56.535+0000][23404][gc,age       ] GC(308) - age  14:        728 bytes,    3099704 total
[2020-09-24T03:37:56.535+0000][23404][gc,age       ] GC(308) - age  15:        800 bytes,    3100504 total
[2020-09-24T03:37:56.535+0000][23404][gc,phases    ] GC(308)   Pre Evacuate Collection Set: 0.4ms
[2020-09-24T03:37:56.535+0000][23404][gc,phases    ] GC(308)   Merge Heap Roots: 0.1ms
[2020-09-24T03:37:56.535+0000][23404][gc,phases    ] GC(308)   Evacuate Collection Set: 2.0ms
[2020-09-24T03:37:56.535+0000][23404][gc,phases    ] GC(308)   Post Evacuate Collection Set: 0.7ms
[2020-09-24T03:37:56.535+0000][23404][gc,phases    ] GC(308)   Other: 0.9ms
[2020-09-24T03:37:56.535+0000][23404][gc,heap      ] GC(308) Eden regions: 46->0(503)
[2020-09-24T03:37:56.535+0000][23404][gc,heap      ] GC(308) Survivor regions: 4->4(64)
[2020-09-24T03:37:56.535+0000][23404][gc,heap      ] GC(308) Old regions: 79->79
[2020-09-24T03:37:56.535+0000][23404][gc,heap      ] GC(308) Archive regions: 0->0
[2020-09-24T03:37:56.535+0000][23404][gc,heap      ] GC(308) Humongous regions: 283->174
[2020-09-24T03:37:56.535+0000][23404][gc,metaspace ] GC(308) Metaspace: 89225K(95104K)->89225K(95104K) NonClass: 77902K(81408K)->77902K(81408K) Class: 11322K(13696K)->11322K(13696K)
[2020-09-24T03:37:56.535+0000][23404][gc           ] GC(308) Pause Young (Concurrent Start) (G1 Humongous Allocation) 411M->255M(1024M) 4.374ms
[2020-09-24T03:37:56.536+0000][23404][gc,cpu       ] GC(308) User=0.00s Sys=0.00s Real=0.01s
[2020-09-24T03:37:56.536+0000][23404][gc           ] GC(309) Concurrent Cycle
[2020-09-24T03:37:56.536+0000][23404][safepoint    ] Safepoint "G1TryInitiateConcMark", Time since last: 12082600 ns, Reaching safepoint: 140000 ns, At safepoint: 4560600 ns, Total: 4700600 ns
[2020-09-24T03:37:56.536+0000][23404][gc,marking   ] GC(309) Concurrent Clear Claimed Marks
[2020-09-24T03:37:56.536+0000][23404][gc,marking   ] GC(309) Concurrent Clear Claimed Marks 0.622ms
[2020-09-24T03:37:56.536+0000][23404][gc,marking   ] GC(309) Concurrent Scan Root Regions
[2020-09-24T03:37:56.539+0000][23404][gc,marking   ] GC(309) Concurrent Scan Root Regions 2.717ms
[2020-09-24T03:37:56.539+0000][23404][gc,marking   ] GC(309) Concurrent Mark (148.974s)
[2020-09-24T03:37:56.539+0000][23404][gc,marking   ] GC(309) Concurrent Mark From Roots
[2020-09-24T03:37:56.539+0000][23404][gc,task      ] GC(309) Using 2 workers of 2 for marking
[2020-09-24T03:37:56.686+0000][23404][gc,marking   ] GC(309) Concurrent Mark From Roots 147.043ms
[2020-09-24T03:37:56.686+0000][23404][gc,marking   ] GC(309) Concurrent Preclean
[2020-09-24T03:37:56.687+0000][23404][gc,marking   ] GC(309) Concurrent Preclean 0.344ms
[2020-09-24T03:37:56.687+0000][23404][gc,marking   ] GC(309) Concurrent Mark (148.974s, 149.121s) 147.527ms
[2020-09-24T03:37:56.687+0000][23404][gc,start     ] GC(309) Pause Remark
[2020-09-24T03:37:56.694+0000][23404][gc           ] GC(309) Pause Remark 359M->359M(1024M) 6.636ms
[2020-09-24T03:37:56.694+0000][23404][gc,cpu       ] GC(309) User=0.00s Sys=0.00s Real=0.01s
[2020-09-24T03:37:56.694+0000][23404][safepoint    ] Safepoint "G1Concurrent", Time since last: 151239500 ns, Reaching safepoint: 186500 ns, At safepoint: 6872000 ns, Total: 7058500 ns
[2020-09-24T03:37:56.694+0000][23404][gc,marking   ] GC(309) Concurrent Rebuild Remembered Sets
[2020-09-24T03:37:56.786+0000][23404][gc,marking   ] GC(309) Concurrent Rebuild Remembered Sets 92.007ms
[2020-09-24T03:37:56.786+0000][23404][gc,start     ] GC(309) Pause Cleanup
[2020-09-24T03:37:56.787+0000][23404][gc           ] GC(309) Pause Cleanup 499M->499M(1024M) 0.308ms
[2020-09-24T03:37:56.787+0000][23404][gc,cpu       ] GC(309) User=0.00s Sys=0.00s Real=0.00s
[2020-09-24T03:37:56.787+0000][23404][safepoint    ] Safepoint "G1Concurrent", Time since last: 92231100 ns, Reaching safepoint: 149400 ns, At safepoint: 463600 ns, Total: 613000 ns
[2020-09-24T03:37:56.787+0000][23404][gc,marking   ] GC(309) Concurrent Cleanup for Next Mark
[2020-09-24T03:37:56.788+0000][23404][gc,marking   ] GC(309) Concurrent Cleanup for Next Mark 1.573ms
[2020-09-24T03:37:56.788+0000][23404][gc           ] GC(309) Concurrent Cycle 252.892ms
[2020-09-24T03:37:56.830+0000][23404][gc,start     ] GC(310) Pause Young (Concurrent Start) (G1 Humongous Allocation)
[2020-09-24T03:37:56.830+0000][23404][gc,task      ] GC(310) Using 8 workers of 8 for evacuation
[2020-09-24T03:37:56.830+0000][23404][gc,age       ] GC(310) Desired survivor size 33554432 bytes, new threshold 15 (max threshold 15)
[2020-09-24T03:37:56.833+0000][23404][gc,age       ] GC(310) Age table with threshold 15 (max threshold 15)
[2020-09-24T03:37:56.833+0000][23404][gc,age       ] GC(310) - age   1:    3356040 bytes,    3356040 total
[2020-09-24T03:37:56.834+0000][23404][gc,age       ] GC(310) - age   2:     229168 bytes,    3585208 total
[2020-09-24T03:37:56.834+0000][23404][gc,age       ] GC(310) - age   3:       2920 bytes,    3588128 total
[2020-09-24T03:37:56.834+0000][23404][gc,age       ] GC(310) - age   4:     109808 bytes,    3697936 total
[2020-09-24T03:37:56.834+0000][23404][gc,age       ] GC(310) - age   5:       1176 bytes,    3699112 total
[2020-09-24T03:37:56.834+0000][23404][gc,age       ] GC(310) - age   6:       3360 bytes,    3702472 total
[2020-09-24T03:37:56.834+0000][23404][gc,age       ] GC(310) - age   7:        480 bytes,    3702952 total
[2020-09-24T03:37:56.834+0000][23404][gc,age       ] GC(310) - age   8:      14208 bytes,    3717160 total
[2020-09-24T03:37:56.834+0000][23404][gc,age       ] GC(310) - age   9:       1064 bytes,    3718224 total
[2020-09-24T03:37:56.834+0000][23404][gc,age       ] GC(310) - age  10:      18480 bytes,    3736704 total
[2020-09-24T03:37:56.834+0000][23404][gc,age       ] GC(310) - age  11:       3136 bytes,    3739840 total
[2020-09-24T03:37:56.834+0000][23404][gc,age       ] GC(310) - age  12:       9520 bytes,    3749360 total
[2020-09-24T03:37:56.834+0000][23404][gc,age       ] GC(310) - age  13:       3312 bytes,    3752672 total
[2020-09-24T03:37:56.834+0000][23404][gc,age       ] GC(310) - age  14:       1656 bytes,    3754328 total
[2020-09-24T03:37:56.834+0000][23404][gc,age       ] GC(310) - age  15:        728 bytes,    3755056 total
[2020-09-24T03:37:56.834+0000][23404][gc,phases    ] GC(310)   Pre Evacuate Collection Set: 0.4ms
[2020-09-24T03:37:56.834+0000][23404][gc,phases    ] GC(310)   Merge Heap Roots: 0.1ms
[2020-09-24T03:37:56.834+0000][23404][gc,phases    ] GC(310)   Evacuate Collection Set: 2.2ms
[2020-09-24T03:37:56.834+0000][23404][gc,phases    ] GC(310)   Post Evacuate Collection Set: 0.7ms
[2020-09-24T03:37:56.834+0000][23404][gc,phases    ] GC(310)   Other: 0.8ms
[2020-09-24T03:37:56.834+0000][23404][gc,heap      ] GC(310) Eden regions: 76->0(502)
[2020-09-24T03:37:56.834+0000][23404][gc,heap      ] GC(310) Survivor regions: 4->4(64)
[2020-09-24T03:37:56.834+0000][23404][gc,heap      ] GC(310) Old regions: 79->79
[2020-09-24T03:37:56.834+0000][23404][gc,heap      ] GC(310) Archive regions: 0->0
[2020-09-24T03:37:56.834+0000][23404][gc,heap      ] GC(310) Humongous regions: 360->174
[2020-09-24T03:37:56.834+0000][23404][gc,metaspace ] GC(310) Metaspace: 89231K(95104K)->89231K(95104K) NonClass: 77907K(81408K)->77907K(81408K) Class: 11324K(13696K)->11324K(13696K)
[2020-09-24T03:37:56.834+0000][23404][gc           ] GC(310) Pause Young (Concurrent Start) (G1 Humongous Allocation) 517M->256M(1024M) 4.346ms
[2020-09-24T03:37:56.834+0000][23404][gc,cpu       ] GC(310) User=0.00s Sys=0.00s Real=0.00s
[2020-09-24T03:37:56.834+0000][23404][safepoint    ] Safepoint "G1TryInitiateConcMark", Time since last: 42860400 ns, Reaching safepoint: 163600 ns, At safepoint: 4507900 ns, Total: 4671500 ns
[2020-09-24T03:37:56.834+0000][23404][gc           ] GC(311) Concurrent Cycle
[2020-09-24T03:37:56.834+0000][23404][gc,marking   ] GC(311) Concurrent Clear Claimed Marks
[2020-09-24T03:37:56.835+0000][23404][gc,marking   ] GC(311) Concurrent Clear Claimed Marks 0.453ms
[2020-09-24T03:37:56.835+0000][23404][gc,marking   ] GC(311) Concurrent Scan Root Regions
[2020-09-24T03:37:56.837+0000][23404][gc,marking   ] GC(311) Concurrent Scan Root Regions 2.252ms
[2020-09-24T03:37:56.837+0000][23404][gc,marking   ] GC(311) Concurrent Mark (149.272s)
[2020-09-24T03:37:56.837+0000][23404][gc,marking   ] GC(311) Concurrent Mark From Roots
[2020-09-24T03:37:56.837+0000][23404][gc,task      ] GC(311) Using 2 workers of 2 for marking
[2020-09-24T03:37:56.947+0000][23404][gc,marking   ] GC(311) Concurrent Mark From Roots 109.375ms
[2020-09-24T03:37:56.947+0000][23404][gc,marking   ] GC(311) Concurrent Preclean
[2020-09-24T03:37:56.947+0000][23404][gc,marking   ] GC(311) Concurrent Preclean 0.377ms
[2020-09-24T03:37:56.947+0000][23404][gc,marking   ] GC(311) Concurrent Mark (149.272s, 149.382s) 109.943ms
[2020-09-24T03:37:56.947+0000][23404][gc,start     ] GC(311) Pause Remark
[2020-09-24T03:37:56.959+0000][23404][gc           ] GC(311) Pause Remark 326M->326M(1024M) 11.531ms
[2020-09-24T03:37:56.959+0000][23404][gc,cpu       ] GC(311) User=0.00s Sys=0.00s Real=0.01s
[2020-09-24T03:37:56.959+0000][23404][safepoint    ] Safepoint "G1Concurrent", Time since last: 113031300 ns, Reaching safepoint: 139000 ns, At safepoint: 11840200 ns, Total: 11979200 ns
[2020-09-24T03:37:56.959+0000][23404][gc,marking   ] GC(311) Concurrent Rebuild Remembered Sets
[2020-09-24T03:37:57.025+0000][23404][safepoint    ] Safepoint "ICBufferFull", Time since last: 65140000 ns, Reaching safepoint: 770100 ns, At safepoint: 26000 ns, Total: 796100 ns
[2020-09-24T03:37:57.033+0000][23404][gc,marking   ] GC(311) Concurrent Rebuild Remembered Sets 73.544ms
[2020-09-24T03:37:57.033+0000][23404][gc,start     ] GC(311) Pause Cleanup
[2020-09-24T03:37:57.033+0000][23404][gc           ] GC(311) Pause Cleanup 401M->401M(1024M) 0.268ms
[2020-09-24T03:37:57.034+0000][23404][gc,cpu       ] GC(311) User=0.00s Sys=0.00s Real=0.00s
[2020-09-24T03:37:57.034+0000][23404][safepoint    ] Safepoint "G1Concurrent", Time since last: 7808500 ns, Reaching safepoint: 145700 ns, At safepoint: 432600 ns, Total: 578300 ns
[2020-09-24T03:37:57.034+0000][23404][gc,marking   ] GC(311) Concurrent Cleanup for Next Mark
[2020-09-24T03:37:57.035+0000][23404][gc,marking   ] GC(311) Concurrent Cleanup for Next Mark 1.414ms
[2020-09-24T03:37:57.035+0000][23404][gc           ] GC(311) Concurrent Cycle 200.883ms
[2020-09-24T03:37:57.037+0000][23404][gc,start     ] GC(312) Pause Young (Concurrent Start) (G1 Humongous Allocation)
[2020-09-24T03:37:57.037+0000][23404][gc,task      ] GC(312) Using 8 workers of 8 for evacuation
[2020-09-24T03:37:57.037+0000][23404][gc,age       ] GC(312) Desired survivor size 33554432 bytes, new threshold 15 (max threshold 15)
[2020-09-24T03:37:57.041+0000][23404][gc,age       ] GC(312) Age table with threshold 15 (max threshold 15)
[2020-09-24T03:37:57.041+0000][23404][gc,age       ] GC(312) - age   1:    2891392 bytes,    2891392 total
[2020-09-24T03:37:57.041+0000][23404][gc,age       ] GC(312) - age   2:      18232 bytes,    2909624 total
[2020-09-24T03:37:57.041+0000][23404][gc,age       ] GC(312) - age   3:      26016 bytes,    2935640 total
[2020-09-24T03:37:57.041+0000][23404][gc,age       ] GC(312) - age   4:       2472 bytes,    2938112 total
[2020-09-24T03:37:57.041+0000][23404][gc,age       ] GC(312) - age   5:     109808 bytes,    3047920 total
[2020-09-24T03:37:57.041+0000][23404][gc,age       ] GC(312) - age   6:       1016 bytes,    3048936 total
[2020-09-24T03:37:57.041+0000][23404][gc,age       ] GC(312) - age   7:       3360 bytes,    3052296 total
[2020-09-24T03:37:57.041+0000][23404][gc,age       ] GC(312) - age   8:        480 bytes,    3052776 total
[2020-09-24T03:37:57.041+0000][23404][gc,age       ] GC(312) - age   9:      14208 bytes,    3066984 total
[2020-09-24T03:37:57.041+0000][23404][gc,age       ] GC(312) - age  10:       1064 bytes,    3068048 total
[2020-09-24T03:37:57.041+0000][23404][gc,age       ] GC(312) - age  11:      18416 bytes,    3086464 total
[2020-09-24T03:37:57.041+0000][23404][gc,age       ] GC(312) - age  12:       3136 bytes,    3089600 total
[2020-09-24T03:37:57.041+0000][23404][gc,age       ] GC(312) - age  13:       9456 bytes,    3099056 total
[2020-09-24T03:37:57.041+0000][23404][gc,age       ] GC(312) - age  14:       3216 bytes,    3102272 total
[2020-09-24T03:37:57.041+0000][23404][gc,age       ] GC(312) - age  15:       1656 bytes,    3103928 total
[2020-09-24T03:37:57.041+0000][23404][gc,phases    ] GC(312)   Pre Evacuate Collection Set: 0.4ms
[2020-09-24T03:37:57.041+0000][23404][gc,phases    ] GC(312)   Merge Heap Roots: 0.1ms
[2020-09-24T03:37:57.041+0000][23404][gc,phases    ] GC(312)   Evacuate Collection Set: 2.2ms
[2020-09-24T03:37:57.041+0000][23404][gc,phases    ] GC(312)   Post Evacuate Collection Set: 0.8ms
[2020-09-24T03:37:57.041+0000][23404][gc,phases    ] GC(312)   Other: 0.7ms
[2020-09-24T03:37:57.041+0000][23404][gc,heap      ] GC(312) Eden regions: 37->0(502)
[2020-09-24T03:37:57.041+0000][23404][gc,heap      ] GC(312) Survivor regions: 4->4(64)
[2020-09-24T03:37:57.041+0000][23404][gc,heap      ] GC(312) Old regions: 79->79
[2020-09-24T03:37:57.041+0000][23404][gc,heap      ] GC(312) Archive regions: 0->0
[2020-09-24T03:37:57.041+0000][23404][gc,heap      ] GC(312) Humongous regions: 283->174
[2020-09-24T03:37:57.041+0000][23404][gc,metaspace ] GC(312) Metaspace: 89227K(95104K)->89227K(95104K) NonClass: 77904K(81408K)->77904K(81408K) Class: 11323K(13696K)->11323K(13696K)
[2020-09-24T03:37:57.042+0000][23404][gc           ] GC(312) Pause Young (Concurrent Start) (G1 Humongous Allocation) 402M->255M(1024M) 4.485ms
[2020-09-24T03:37:57.042+0000][23404][gc,cpu       ] GC(312) User=0.03s Sys=0.00s Real=0.01s
[2020-09-24T03:37:57.042+0000][23404][gc           ] GC(313) Concurrent Cycle
[2020-09-24T03:37:57.042+0000][23404][safepoint    ] Safepoint "G1TryInitiateConcMark", Time since last: 3212400 ns, Reaching safepoint: 141900 ns, At safepoint: 4706200 ns, Total: 4848100 ns
[2020-09-24T03:37:57.042+0000][23404][gc,marking   ] GC(313) Concurrent Clear Claimed Marks
[2020-09-24T03:37:57.042+0000][23404][gc,marking   ] GC(313) Concurrent Clear Claimed Marks 0.433ms
[2020-09-24T03:37:57.042+0000][23404][gc,marking   ] GC(313) Concurrent Scan Root Regions
[2020-09-24T03:37:57.044+0000][23404][gc,marking   ] GC(313) Concurrent Scan Root Regions 1.719ms
[2020-09-24T03:37:57.044+0000][23404][gc,marking   ] GC(313) Concurrent Mark (149.479s)
[2020-09-24T03:37:57.044+0000][23404][gc,marking   ] GC(313) Concurrent Mark From Roots
[2020-09-24T03:37:57.044+0000][23404][gc,task      ] GC(313) Using 2 workers of 2 for marking
[2020-09-24T03:37:57.161+0000][23404][gc,marking   ] GC(313) Concurrent Mark From Roots 117.199ms
[2020-09-24T03:37:57.161+0000][23404][gc,marking   ] GC(313) Concurrent Preclean
[2020-09-24T03:37:57.162+0000][23404][gc,marking   ] GC(313) Concurrent Preclean 0.448ms
[2020-09-24T03:37:57.162+0000][23404][gc,marking   ] GC(313) Concurrent Mark (149.479s, 149.596s) 117.850ms
[2020-09-24T03:37:57.162+0000][23404][gc,start     ] GC(313) Pause Remark
[2020-09-24T03:37:57.168+0000][23404][gc           ] GC(313) Pause Remark 359M->359M(1024M) 6.068ms
[2020-09-24T03:37:57.168+0000][23404][gc,cpu       ] GC(313) User=0.11s Sys=0.00s Real=0.01s
[2020-09-24T03:37:57.168+0000][23404][safepoint    ] Safepoint "G1Concurrent", Time since last: 120315200 ns, Reaching safepoint: 216700 ns, At safepoint: 6274800 ns, Total: 6491500 ns
[2020-09-24T03:37:57.169+0000][23404][gc,marking   ] GC(313) Concurrent Rebuild Remembered Sets
[2020-09-24T03:37:57.250+0000][23404][gc,marking   ] GC(313) Concurrent Rebuild Remembered Sets 81.629ms
[2020-09-24T03:37:57.250+0000][23404][gc,start     ] GC(313) Pause Cleanup
[2020-09-24T03:37:57.251+0000][23404][gc           ] GC(313) Pause Cleanup 505M->505M(1024M) 0.288ms
[2020-09-24T03:37:57.251+0000][23404][gc,cpu       ] GC(313) User=0.00s Sys=0.00s Real=0.00s
[2020-09-24T03:37:57.251+0000][23404][safepoint    ] Safepoint "G1Concurrent", Time since last: 81793100 ns, Reaching safepoint: 150200 ns, At safepoint: 442700 ns, Total: 592900 ns
[2020-09-24T03:37:57.251+0000][23404][gc,marking   ] GC(313) Concurrent Cleanup for Next Mark
[2020-09-24T03:37:57.252+0000][23404][gc,marking   ] GC(313) Concurrent Cleanup for Next Mark 1.429ms
[2020-09-24T03:37:57.252+0000][23404][gc           ] GC(313) Concurrent Cycle 210.796ms
[2020-09-24T03:37:57.657+0000][23404][gc,start     ] GC(314) Pause Young (Concurrent Start) (G1 Humongous Allocation)
[2020-09-24T03:37:57.657+0000][23404][gc,task      ] GC(314) Using 8 workers of 8 for evacuation
[2020-09-24T03:37:57.657+0000][23404][gc,age       ] GC(314) Desired survivor size 33554432 bytes, new threshold 15 (max threshold 15)
[2020-09-24T03:37:57.661+0000][23404][gc,age       ] GC(314) Age table with threshold 15 (max threshold 15)
[2020-09-24T03:37:57.661+0000][23404][gc,age       ] GC(314) - age   1:    2698504 bytes,    2698504 total
[2020-09-24T03:37:57.661+0000][23404][gc,age       ] GC(314) - age   2:       7000 bytes,    2705504 total
[2020-09-24T03:37:57.661+0000][23404][gc,age       ] GC(314) - age   3:      15992 bytes,    2721496 total
[2020-09-24T03:37:57.661+0000][23404][gc,age       ] GC(314) - age   4:      22760 bytes,    2744256 total
[2020-09-24T03:37:57.661+0000][23404][gc,age       ] GC(314) - age   5:       1512 bytes,    2745768 total
[2020-09-24T03:37:57.661+0000][23404][gc,age       ] GC(314) - age   6:     109488 bytes,    2855256 total
[2020-09-24T03:37:57.661+0000][23404][gc,age       ] GC(314) - age   7:       1016 bytes,    2856272 total
[2020-09-24T03:37:57.661+0000][23404][gc,age       ] GC(314) - age   8:       3360 bytes,    2859632 total
[2020-09-24T03:37:57.661+0000][23404][gc,age       ] GC(314) - age   9:        448 bytes,    2860080 total
[2020-09-24T03:37:57.661+0000][23404][gc,age       ] GC(314) - age  10:      14208 bytes,    2874288 total
[2020-09-24T03:37:57.661+0000][23404][gc,age       ] GC(314) - age  11:        936 bytes,    2875224 total
[2020-09-24T03:37:57.661+0000][23404][gc,age       ] GC(314) - age  12:      18416 bytes,    2893640 total
[2020-09-24T03:37:57.661+0000][23404][gc,age       ] GC(314) - age  13:        704 bytes,    2894344 total
[2020-09-24T03:37:57.661+0000][23404][gc,age       ] GC(314) - age  14:       9384 bytes,    2903728 total
[2020-09-24T03:37:57.661+0000][23404][gc,age       ] GC(314) - age  15:       3216 bytes,    2906944 total
[2020-09-24T03:37:57.661+0000][23404][gc,phases    ] GC(314)   Pre Evacuate Collection Set: 0.5ms
[2020-09-24T03:37:57.661+0000][23404][gc,phases    ] GC(314)   Merge Heap Roots: 0.2ms
[2020-09-24T03:37:57.661+0000][23404][gc,phases    ] GC(314)   Evacuate Collection Set: 2.1ms
[2020-09-24T03:37:57.661+0000][23404][gc,phases    ] GC(314)   Post Evacuate Collection Set: 0.8ms
[2020-09-24T03:37:57.661+0000][23404][gc,phases    ] GC(314)   Other: 1.0ms
[2020-09-24T03:37:57.661+0000][23404][gc,heap      ] GC(314) Eden regions: 88->0(504)
[2020-09-24T03:37:57.661+0000][23404][gc,heap      ] GC(314) Survivor regions: 4->3(64)
[2020-09-24T03:37:57.661+0000][23404][gc,heap      ] GC(314) Old regions: 79->79
[2020-09-24T03:37:57.661+0000][23404][gc,heap      ] GC(314) Archive regions: 0->0
[2020-09-24T03:37:57.661+0000][23404][gc,heap      ] GC(314) Humongous regions: 360->174
[2020-09-24T03:37:57.661+0000][23404][gc,metaspace ] GC(314) Metaspace: 89278K(95104K)->89278K(95104K) NonClass: 77955K(81408K)->77955K(81408K) Class: 11323K(13696K)->11323K(13696K)
[2020-09-24T03:37:57.661+0000][23404][gc           ] GC(314) Pause Young (Concurrent Start) (G1 Humongous Allocation) 529M->255M(1024M) 4.850ms
[2020-09-24T03:37:57.661+0000][23404][gc,cpu       ] GC(314) User=0.00s Sys=0.00s Real=0.00s
[2020-09-24T03:37:57.661+0000][23404][safepoint    ] Safepoint "G1TryInitiateConcMark", Time since last: 405294700 ns, Reaching safepoint: 302500 ns, At safepoint: 5015600 ns, Total: 5318100 ns
[2020-09-24T03:37:57.661+0000][23404][gc           ] GC(315) Concurrent Cycle
[2020-09-24T03:37:57.662+0000][23404][gc,marking   ] GC(315) Concurrent Clear Claimed Marks
[2020-09-24T03:37:57.662+0000][23404][gc,marking   ] GC(315) Concurrent Clear Claimed Marks 0.388ms
[2020-09-24T03:37:57.662+0000][23404][gc,marking   ] GC(315) Concurrent Scan Root Regions
[2020-09-24T03:37:57.664+0000][23404][gc,marking   ] GC(315) Concurrent Scan Root Regions 2.325ms
[2020-09-24T03:37:57.664+0000][23404][gc,marking   ] GC(315) Concurrent Mark (150.099s)
[2020-09-24T03:37:57.664+0000][23404][gc,marking   ] GC(315) Concurrent Mark From Roots
[2020-09-24T03:37:57.665+0000][23404][gc,task      ] GC(315) Using 2 workers of 2 for marking
[2020-09-24T03:37:57.773+0000][23404][gc,marking   ] GC(315) Concurrent Mark From Roots 108.023ms
[2020-09-24T03:37:57.773+0000][23404][gc,marking   ] GC(315) Concurrent Preclean
[2020-09-24T03:37:57.773+0000][23404][gc,marking   ] GC(315) Concurrent Preclean 0.428ms
[2020-09-24T03:37:57.773+0000][23404][gc,marking   ] GC(315) Concurrent Mark (150.099s, 150.208s) 108.686ms
[2020-09-24T03:37:57.774+0000][23404][gc,start     ] GC(315) Pause Remark
[2020-09-24T03:37:57.779+0000][23404][gc           ] GC(315) Pause Remark 411M->411M(1024M) 5.949ms
[2020-09-24T03:37:57.780+0000][23404][gc,cpu       ] GC(315) User=0.00s Sys=0.00s Real=0.01s
[2020-09-24T03:37:57.780+0000][23404][safepoint    ] Safepoint "G1Concurrent", Time since last: 111725700 ns, Reaching safepoint: 242300 ns, At safepoint: 6242900 ns, Total: 6485200 ns
[2020-09-24T03:37:57.780+0000][23404][gc,marking   ] GC(315) Concurrent Rebuild Remembered Sets
[2020-09-24T03:37:57.847+0000][23404][gc,marking   ] GC(315) Concurrent Rebuild Remembered Sets 67.219ms
[2020-09-24T03:37:57.847+0000][23404][gc,start     ] GC(315) Pause Cleanup
[2020-09-24T03:37:57.848+0000][23404][gc           ] GC(315) Pause Cleanup 500M->500M(1024M) 0.312ms
[2020-09-24T03:37:57.848+0000][23404][gc,cpu       ] GC(315) User=0.00s Sys=0.00s Real=0.00s
[2020-09-24T03:37:57.848+0000][23404][safepoint    ] Safepoint "G1Concurrent", Time since last: 67396800 ns, Reaching safepoint: 150900 ns, At safepoint: 456400 ns, Total: 607300 ns
[2020-09-24T03:37:57.848+0000][23404][gc,marking   ] GC(315) Concurrent Cleanup for Next Mark
[2020-09-24T03:37:57.849+0000][23404][gc,marking   ] GC(315) Concurrent Cleanup for Next Mark 1.388ms
[2020-09-24T03:37:57.849+0000][23404][gc           ] GC(315) Concurrent Cycle 187.746ms
[2020-09-24T03:37:57.867+0000][23404][gc,start     ] GC(316) Pause Young (Concurrent Start) (G1 Humongous Allocation)
[2020-09-24T03:37:57.867+0000][23404][gc,task      ] GC(316) Using 8 workers of 8 for evacuation
[2020-09-24T03:37:57.867+0000][23404][gc,age       ] GC(316) Desired survivor size 33554432 bytes, new threshold 15 (max threshold 15)
[2020-09-24T03:37:57.870+0000][23404][gc,age       ] GC(316) Age table with threshold 15 (max threshold 15)
[2020-09-24T03:37:57.870+0000][23404][gc,age       ] GC(316) - age   1:    3401328 bytes,    3401328 total
[2020-09-24T03:37:57.870+0000][23404][gc,age       ] GC(316) - age   2:      18520 bytes,    3419848 total
[2020-09-24T03:37:57.870+0000][23404][gc,age       ] GC(316) - age   3:       3768 bytes,    3423616 total
[2020-09-24T03:37:57.870+0000][23404][gc,age       ] GC(316) - age   4:      14088 bytes,    3437704 total
[2020-09-24T03:37:57.870+0000][23404][gc,age       ] GC(316) - age   5:      22744 bytes,    3460448 total
[2020-09-24T03:37:57.870+0000][23404][gc,age       ] GC(316) - age   6:       1000 bytes,    3461448 total
[2020-09-24T03:37:57.871+0000][23404][gc,age       ] GC(316) - age   7:     109424 bytes,    3570872 total
[2020-09-24T03:37:57.871+0000][23404][gc,age       ] GC(316) - age   8:       1016 bytes,    3571888 total
[2020-09-24T03:37:57.871+0000][23404][gc,age       ] GC(316) - age   9:        928 bytes,    3572816 total
[2020-09-24T03:37:57.871+0000][23404][gc,age       ] GC(316) - age  10:        376 bytes,    3573192 total
[2020-09-24T03:37:57.871+0000][23404][gc,age       ] GC(316) - age  11:      14144 bytes,    3587336 total
[2020-09-24T03:37:57.871+0000][23404][gc,age       ] GC(316) - age  12:        904 bytes,    3588240 total
[2020-09-24T03:37:57.871+0000][23404][gc,age       ] GC(316) - age  13:      18416 bytes,    3606656 total
[2020-09-24T03:37:57.871+0000][23404][gc,age       ] GC(316) - age  14:        704 bytes,    3607360 total
[2020-09-24T03:37:57.871+0000][23404][gc,age       ] GC(316) - age  15:       9384 bytes,    3616744 total
[2020-09-24T03:37:57.871+0000][23404][gc,phases    ] GC(316)   Pre Evacuate Collection Set: 0.4ms
[2020-09-24T03:37:57.871+0000][23404][gc,phases    ] GC(316)   Merge Heap Roots: 0.1ms
[2020-09-24T03:37:57.871+0000][23404][gc,phases    ] GC(316)   Evacuate Collection Set: 2.0ms
[2020-09-24T03:37:57.871+0000][23404][gc,phases    ] GC(316)   Post Evacuate Collection Set: 0.6ms
[2020-09-24T03:37:57.871+0000][23404][gc,phases    ] GC(316)   Other: 0.7ms
[2020-09-24T03:37:57.871+0000][23404][gc,heap      ] GC(316) Eden regions: 72->0(502)
[2020-09-24T03:37:57.871+0000][23404][gc,heap      ] GC(316) Survivor regions: 3->4(64)
[2020-09-24T03:37:57.871+0000][23404][gc,heap      ] GC(316) Old regions: 79->79
[2020-09-24T03:37:57.871+0000][23404][gc,heap      ] GC(316) Archive regions: 0->0
[2020-09-24T03:37:57.871+0000][23404][gc,heap      ] GC(316) Humongous regions: 355->174
[2020-09-24T03:37:57.871+0000][23404][gc,metaspace ] GC(316) Metaspace: 89278K(95104K)->89278K(95104K) NonClass: 77955K(81408K)->77955K(81408K) Class: 11323K(13696K)->11323K(13696K)
[2020-09-24T03:37:57.871+0000][23404][gc           ] GC(316) Pause Young (Concurrent Start) (G1 Humongous Allocation) 508M->256M(1024M) 3.976ms
[2020-09-24T03:37:57.871+0000][23404][gc,cpu       ] GC(316) User=0.02s Sys=0.00s Real=0.00s
[2020-09-24T03:37:57.871+0000][23404][safepoint    ] Safepoint "G1TryInitiateConcMark", Time since last: 19181300 ns, Reaching safepoint: 132200 ns, At safepoint: 4109800 ns, Total: 4242000 ns
[2020-09-24T03:37:57.871+0000][23404][gc           ] GC(317) Concurrent Cycle
[2020-09-24T03:37:57.871+0000][23404][gc,marking   ] GC(317) Concurrent Clear Claimed Marks
[2020-09-24T03:37:57.872+0000][23404][gc,marking   ] GC(317) Concurrent Clear Claimed Marks 0.421ms
[2020-09-24T03:37:57.872+0000][23404][gc,marking   ] GC(317) Concurrent Scan Root Regions
[2020-09-24T03:37:57.875+0000][23404][gc,marking   ] GC(317) Concurrent Scan Root Regions 2.527ms
[2020-09-24T03:37:57.875+0000][23404][gc,marking   ] GC(317) Concurrent Mark (150.309s)
[2020-09-24T03:37:57.875+0000][23404][gc,marking   ] GC(317) Concurrent Mark From Roots
[2020-09-24T03:37:57.875+0000][23404][gc,task      ] GC(317) Using 2 workers of 2 for marking
[2020-09-24T03:37:57.993+0000][23404][gc,marking   ] GC(317) Concurrent Mark From Roots 118.849ms
[2020-09-24T03:37:57.993+0000][23404][gc,marking   ] GC(317) Concurrent Preclean
[2020-09-24T03:37:57.994+0000][23404][gc,marking   ] GC(317) Concurrent Preclean 0.326ms
[2020-09-24T03:37:57.994+0000][23404][gc,marking   ] GC(317) Concurrent Mark (150.309s, 150.428s) 119.310ms
[2020-09-24T03:37:57.994+0000][23404][gc,start     ] GC(317) Pause Remark
[2020-09-24T03:37:58.003+0000][23404][gc           ] GC(317) Pause Remark 404M->404M(1024M) 8.589ms
[2020-09-24T03:37:58.003+0000][23404][gc,cpu       ] GC(317) User=0.00s Sys=0.00s Real=0.01s
[2020-09-24T03:37:58.003+0000][23404][safepoint    ] Safepoint "G1Concurrent", Time since last: 122564900 ns, Reaching safepoint: 202000 ns, At safepoint: 8796700 ns, Total: 8998700 ns
[2020-09-24T03:37:58.003+0000][23404][gc,marking   ] GC(317) Concurrent Rebuild Remembered Sets
[2020-09-24T03:37:58.067+0000][23404][gc,marking   ] GC(317) Concurrent Rebuild Remembered Sets 64.731ms
[2020-09-24T03:37:58.068+0000][23404][gc,start     ] GC(317) Pause Cleanup
[2020-09-24T03:37:58.070+0000][23404][gc           ] GC(317) Pause Cleanup 404M->404M(1024M) 1.909ms
[2020-09-24T03:37:58.070+0000][23404][gc,cpu       ] GC(317) User=0.00s Sys=0.00s Real=0.00s
[2020-09-24T03:37:58.070+0000][23404][safepoint    ] Safepoint "G1Concurrent", Time since last: 64907300 ns, Reaching safepoint: 137700 ns, At safepoint: 2181500 ns, Total: 2319200 ns
[2020-09-24T03:37:58.070+0000][23404][gc,marking   ] GC(317) Concurrent Cleanup for Next Mark
[2020-09-24T03:37:58.072+0000][23404][gc,marking   ] GC(317) Concurrent Cleanup for Next Mark 2.213ms
[2020-09-24T03:37:58.072+0000][23404][gc           ] GC(317) Concurrent Cycle 201.219ms
[2020-09-24T03:37:58.086+0000][23404][gc,start     ] GC(318) Pause Young (Concurrent Start) (G1 Humongous Allocation)
[2020-09-24T03:37:58.086+0000][23404][gc,task      ] GC(318) Using 8 workers of 8 for evacuation
[2020-09-24T03:37:58.086+0000][23404][gc,age       ] GC(318) Desired survivor size 33554432 bytes, new threshold 15 (max threshold 15)
[2020-09-24T03:37:58.092+0000][23404][gc,age       ] GC(318) Age table with threshold 15 (max threshold 15)
[2020-09-24T03:37:58.092+0000][23404][gc,age       ] GC(318) - age   1:    2717432 bytes,    2717432 total
[2020-09-24T03:37:58.092+0000][23404][gc,age       ] GC(318) - age   2:       3888 bytes,    2721320 total
[2020-09-24T03:37:58.092+0000][23404][gc,age       ] GC(318) - age   3:      15120 bytes,    2736440 total
[2020-09-24T03:37:58.092+0000][23404][gc,age       ] GC(318) - age   4:       3512 bytes,    2739952 total
[2020-09-24T03:37:58.092+0000][23404][gc,age       ] GC(318) - age   5:       5464 bytes,    2745416 total
[2020-09-24T03:37:58.092+0000][23404][gc,age       ] GC(318) - age   6:      20280 bytes,    2765696 total
[2020-09-24T03:37:58.092+0000][23404][gc,age       ] GC(318) - age   7:        904 bytes,    2766600 total
[2020-09-24T03:37:58.092+0000][23404][gc,age       ] GC(318) - age   8:     109424 bytes,    2876024 total
[2020-09-24T03:37:58.092+0000][23404][gc,age       ] GC(318) - age   9:        888 bytes,    2876912 total
[2020-09-24T03:37:58.092+0000][23404][gc,age       ] GC(318) - age  10:        864 bytes,    2877776 total
[2020-09-24T03:37:58.092+0000][23404][gc,age       ] GC(318) - age  11:        376 bytes,    2878152 total
[2020-09-24T03:37:58.092+0000][23404][gc,age       ] GC(318) - age  12:      14144 bytes,    2892296 total
[2020-09-24T03:37:58.092+0000][23404][gc,age       ] GC(318) - age  13:        904 bytes,    2893200 total
[2020-09-24T03:37:58.092+0000][23404][gc,age       ] GC(318) - age  14:      18416 bytes,    2911616 total
[2020-09-24T03:37:58.092+0000][23404][gc,age       ] GC(318) - age  15:        704 bytes,    2912320 total
[2020-09-24T03:37:58.093+0000][23404][gc,phases    ] GC(318)   Pre Evacuate Collection Set: 0.6ms
[2020-09-24T03:37:58.093+0000][23404][gc,phases    ] GC(318)   Merge Heap Roots: 1.1ms
[2020-09-24T03:37:58.093+0000][23404][gc,phases    ] GC(318)   Evacuate Collection Set: 3.2ms
[2020-09-24T03:37:58.093+0000][23404][gc,phases    ] GC(318)   Post Evacuate Collection Set: 1.0ms
[2020-09-24T03:37:58.093+0000][23404][gc,phases    ] GC(318)   Other: 0.9ms
[2020-09-24T03:37:58.093+0000][23404][gc,heap      ] GC(318) Eden regions: 40->0(504)
[2020-09-24T03:37:58.093+0000][23404][gc,heap      ] GC(318) Survivor regions: 4->3(64)
[2020-09-24T03:37:58.093+0000][23404][gc,heap      ] GC(318) Old regions: 79->79
[2020-09-24T03:37:58.093+0000][23404][gc,heap      ] GC(318) Archive regions: 0->0
[2020-09-24T03:37:58.093+0000][23404][gc,heap      ] GC(318) Humongous regions: 288->174
[2020-09-24T03:37:58.093+0000][23404][gc,metaspace ] GC(318) Metaspace: 89278K(95104K)->89278K(95104K) NonClass: 77955K(81408K)->77955K(81408K) Class: 11323K(13696K)->11323K(13696K)
[2020-09-24T03:37:58.093+0000][23404][gc           ] GC(318) Pause Young (Concurrent Start) (G1 Humongous Allocation) 410M->255M(1024M) 7.001ms
[2020-09-24T03:37:58.093+0000][23404][gc,cpu       ] GC(318) User=0.02s Sys=0.00s Real=0.01s
[2020-09-24T03:37:58.093+0000][23404][safepoint    ] Safepoint "G1TryInitiateConcMark", Time since last: 15713500 ns, Reaching safepoint: 127000 ns, At safepoint: 7140200 ns, Total: 7267200 ns
[2020-09-24T03:37:58.093+0000][23404][gc           ] GC(319) Concurrent Cycle
[2020-09-24T03:37:58.093+0000][23404][gc,marking   ] GC(319) Concurrent Clear Claimed Marks
[2020-09-24T03:37:58.093+0000][23404][gc,marking   ] GC(319) Concurrent Clear Claimed Marks 0.433ms
[2020-09-24T03:37:58.093+0000][23404][gc,marking   ] GC(319) Concurrent Scan Root Regions
[2020-09-24T03:37:58.095+0000][23404][gc,marking   ] GC(319) Concurrent Scan Root Regions 1.611ms
[2020-09-24T03:37:58.095+0000][23404][gc,marking   ] GC(319) Concurrent Mark (150.530s)
[2020-09-24T03:37:58.095+0000][23404][gc,marking   ] GC(319) Concurrent Mark From Roots
[2020-09-24T03:37:58.095+0000][23404][gc,task      ] GC(319) Using 2 workers of 2 for marking
[2020-09-24T03:37:58.210+0000][23404][gc,marking   ] GC(319) Concurrent Mark From Roots 115.257ms
[2020-09-24T03:37:58.211+0000][23404][gc,marking   ] GC(319) Concurrent Preclean
[2020-09-24T03:37:58.211+0000][23404][gc,marking   ] GC(319) Concurrent Preclean 0.299ms
[2020-09-24T03:37:58.211+0000][23404][gc,marking   ] GC(319) Concurrent Mark (150.530s, 150.645s) 115.706ms
[2020-09-24T03:37:58.211+0000][23404][gc,start     ] GC(319) Pause Remark
[2020-09-24T03:37:58.219+0000][23404][gc           ] GC(319) Pause Remark 395M->395M(1024M) 8.073ms
[2020-09-24T03:37:58.219+0000][23404][gc,cpu       ] GC(319) User=0.13s Sys=0.00s Real=0.01s
[2020-09-24T03:37:58.219+0000][23404][safepoint    ] Safepoint "G1Concurrent", Time since last: 118069600 ns, Reaching safepoint: 120700 ns, At safepoint: 8320700 ns, Total: 8441400 ns
[2020-09-24T03:37:58.219+0000][23404][gc,marking   ] GC(319) Concurrent Rebuild Remembered Sets
[2020-09-24T03:37:58.291+0000][23404][gc,marking   ] GC(319) Concurrent Rebuild Remembered Sets 71.258ms
[2020-09-24T03:37:58.291+0000][23404][gc,start     ] GC(319) Pause Cleanup
[2020-09-24T03:37:58.291+0000][23404][gc           ] GC(319) Pause Cleanup 414M->414M(1024M) 0.274ms
[2020-09-24T03:37:58.291+0000][23404][gc,cpu       ] GC(319) User=0.00s Sys=0.00s Real=0.00s
[2020-09-24T03:37:58.292+0000][23404][safepoint    ] Safepoint "G1Concurrent", Time since last: 71515100 ns, Reaching safepoint: 228900 ns, At safepoint: 434800 ns, Total: 663700 ns
[2020-09-24T03:37:58.292+0000][23404][gc,marking   ] GC(319) Concurrent Cleanup for Next Mark
[2020-09-24T03:37:58.293+0000][23404][gc,marking   ] GC(319) Concurrent Cleanup for Next Mark 1.669ms
[2020-09-24T03:37:58.293+0000][23404][gc           ] GC(319) Concurrent Cycle 200.519ms
[2020-09-24T03:37:58.351+0000][23404][gc,start     ] GC(320) Pause Young (Concurrent Start) (G1 Humongous Allocation)
[2020-09-24T03:37:58.351+0000][23404][gc,task      ] GC(320) Using 8 workers of 8 for evacuation
[2020-09-24T03:37:58.351+0000][23404][gc,age       ] GC(320) Desired survivor size 33554432 bytes, new threshold 15 (max threshold 15)
[2020-09-24T03:37:58.354+0000][23404][gc,age       ] GC(320) Age table with threshold 15 (max threshold 15)
[2020-09-24T03:37:58.354+0000][23404][gc,age       ] GC(320) - age   1:     638424 bytes,     638424 total
[2020-09-24T03:37:58.354+0000][23404][gc,age       ] GC(320) - age   2:      36600 bytes,     675024 total
[2020-09-24T03:37:58.354+0000][23404][gc,age       ] GC(320) - age   3:       2864 bytes,     677888 total
[2020-09-24T03:37:58.354+0000][23404][gc,age       ] GC(320) - age   4:      13504 bytes,     691392 total
[2020-09-24T03:37:58.354+0000][23404][gc,age       ] GC(320) - age   5:       3472 bytes,     694864 total
[2020-09-24T03:37:58.354+0000][23404][gc,age       ] GC(320) - age   6:       5232 bytes,     700096 total
[2020-09-24T03:37:58.354+0000][23404][gc,age       ] GC(320) - age   7:      20248 bytes,     720344 total
[2020-09-24T03:37:58.354+0000][23404][gc,age       ] GC(320) - age   8:        840 bytes,     721184 total
[2020-09-24T03:37:58.354+0000][23404][gc,age       ] GC(320) - age   9:     109424 bytes,     830608 total
[2020-09-24T03:37:58.354+0000][23404][gc,age       ] GC(320) - age  10:        888 bytes,     831496 total
[2020-09-24T03:37:58.354+0000][23404][gc,age       ] GC(320) - age  11:        864 bytes,     832360 total
[2020-09-24T03:37:58.354+0000][23404][gc,age       ] GC(320) - age  12:        352 bytes,     832712 total
[2020-09-24T03:37:58.354+0000][23404][gc,age       ] GC(320) - age  13:      14144 bytes,     846856 total
[2020-09-24T03:37:58.354+0000][23404][gc,age       ] GC(320) - age  14:        904 bytes,     847760 total
[2020-09-24T03:37:58.354+0000][23404][gc,age       ] GC(320) - age  15:      18416 bytes,     866176 total
[2020-09-24T03:37:58.354+0000][23404][gc,phases    ] GC(320)   Pre Evacuate Collection Set: 0.3ms
[2020-09-24T03:37:58.354+0000][23404][gc,phases    ] GC(320)   Merge Heap Roots: 0.1ms
[2020-09-24T03:37:58.354+0000][23404][gc,phases    ] GC(320)   Evacuate Collection Set: 1.5ms
[2020-09-24T03:37:58.354+0000][23404][gc,phases    ] GC(320)   Post Evacuate Collection Set: 0.6ms
[2020-09-24T03:37:58.354+0000][23404][gc,phases    ] GC(320)   Other: 0.6ms
[2020-09-24T03:37:58.354+0000][23404][gc,heap      ] GC(320) Eden regions: 48->0(507)
[2020-09-24T03:37:58.354+0000][23404][gc,heap      ] GC(320) Survivor regions: 3->1(64)
[2020-09-24T03:37:58.354+0000][23404][gc,heap      ] GC(320) Old regions: 79->79
[2020-09-24T03:37:58.354+0000][23404][gc,heap      ] GC(320) Archive regions: 0->0
[2020-09-24T03:37:58.354+0000][23404][gc,heap      ] GC(320) Humongous regions: 288->174
[2020-09-24T03:37:58.354+0000][23404][gc,metaspace ] GC(320) Metaspace: 89278K(95104K)->89278K(95104K) NonClass: 77955K(81408K)->77955K(81408K) Class: 11323K(13696K)->11323K(13696K)
[2020-09-24T03:37:58.354+0000][23404][gc           ] GC(320) Pause Young (Concurrent Start) (G1 Humongous Allocation) 417M->253M(1024M) 3.344ms
[2020-09-24T03:37:58.354+0000][23404][gc,cpu       ] GC(320) User=0.11s Sys=0.00s Real=0.00s
[2020-09-24T03:37:58.354+0000][23404][safepoint    ] Safepoint "G1TryInitiateConcMark", Time since last: 59150200 ns, Reaching safepoint: 129900 ns, At safepoint: 3478900 ns, Total: 3608800 ns
[2020-09-24T03:37:58.354+0000][23404][gc           ] GC(321) Concurrent Cycle
[2020-09-24T03:37:58.354+0000][23404][gc,marking   ] GC(321) Concurrent Clear Claimed Marks
[2020-09-24T03:37:58.355+0000][23404][gc,marking   ] GC(321) Concurrent Clear Claimed Marks 0.346ms
[2020-09-24T03:37:58.355+0000][23404][gc,marking   ] GC(321) Concurrent Scan Root Regions
[2020-09-24T03:37:58.356+0000][23404][gc,marking   ] GC(321) Concurrent Scan Root Regions 1.327ms
[2020-09-24T03:37:58.356+0000][23404][gc,marking   ] GC(321) Concurrent Mark (150.791s)
[2020-09-24T03:37:58.356+0000][23404][gc,marking   ] GC(321) Concurrent Mark From Roots
[2020-09-24T03:37:58.356+0000][23404][gc,task      ] GC(321) Using 2 workers of 2 for marking
[2020-09-24T03:37:58.455+0000][23404][gc,marking   ] GC(321) Concurrent Mark From Roots 98.824ms
[2020-09-24T03:37:58.455+0000][23404][gc,marking   ] GC(321) Concurrent Preclean
[2020-09-24T03:37:58.455+0000][23404][gc,marking   ] GC(321) Concurrent Preclean 0.263ms
[2020-09-24T03:37:58.455+0000][23404][gc,marking   ] GC(321) Concurrent Mark (150.791s, 150.890s) 99.224ms
[2020-09-24T03:37:58.456+0000][23404][gc,start     ] GC(321) Pause Remark
[2020-09-24T03:37:58.461+0000][23404][gc           ] GC(321) Pause Remark 292M->292M(1024M) 5.739ms
[2020-09-24T03:37:58.462+0000][23404][gc,cpu       ] GC(321) User=0.00s Sys=0.02s Real=0.01s
[2020-09-24T03:37:58.462+0000][23404][safepoint    ] Safepoint "G1Concurrent", Time since last: 101167300 ns, Reaching safepoint: 216700 ns, At safepoint: 5910500 ns, Total: 6127200 ns
[2020-09-24T03:37:58.462+0000][23404][gc,marking   ] GC(321) Concurrent Rebuild Remembered Sets
[2020-09-24T03:37:58.515+0000][23404][gc,marking   ] GC(321) Concurrent Rebuild Remembered Sets 53.565ms
[2020-09-24T03:37:58.516+0000][23404][gc,start     ] GC(321) Pause Cleanup
[2020-09-24T03:37:58.516+0000][23404][gc           ] GC(321) Pause Cleanup 301M->301M(1024M) 0.261ms
[2020-09-24T03:37:58.516+0000][23404][gc,cpu       ] GC(321) User=0.00s Sys=0.00s Real=0.00s
[2020-09-24T03:37:58.516+0000][23404][safepoint    ] Safepoint "G1Concurrent", Time since last: 53766200 ns, Reaching safepoint: 100000 ns, At safepoint: 378200 ns, Total: 478200 ns
[2020-09-24T03:37:58.516+0000][23404][gc,marking   ] GC(321) Concurrent Cleanup for Next Mark
[2020-09-24T03:37:58.517+0000][23404][gc,marking   ] GC(321) Concurrent Cleanup for Next Mark 1.354ms
[2020-09-24T03:37:58.517+0000][23404][gc           ] GC(321) Concurrent Cycle 163.026ms
[2020-09-24T03:37:58.736+0000][23404][gc,start     ] GC(322) Pause Young (Concurrent Start) (G1 Humongous Allocation)
[2020-09-24T03:37:58.736+0000][23404][gc,task      ] GC(322) Using 8 workers of 8 for evacuation
[2020-09-24T03:37:58.736+0000][23404][gc,age       ] GC(322) Desired survivor size 33554432 bytes, new threshold 15 (max threshold 15)
[2020-09-24T03:37:58.739+0000][23404][gc,age       ] GC(322) Age table with threshold 15 (max threshold 15)
[2020-09-24T03:37:58.739+0000][23404][gc,age       ] GC(322) - age   1:     621544 bytes,     621544 total
[2020-09-24T03:37:58.739+0000][23404][gc,age       ] GC(322) - age   2:       9104 bytes,     630648 total
[2020-09-24T03:37:58.739+0000][23404][gc,age       ] GC(322) - age   3:      33712 bytes,     664360 total
[2020-09-24T03:37:58.739+0000][23404][gc,age       ] GC(322) - age   4:       1328 bytes,     665688 total
[2020-09-24T03:37:58.739+0000][23404][gc,age       ] GC(322) - age   5:      13280 bytes,     678968 total
[2020-09-24T03:37:58.739+0000][23404][gc,age       ] GC(322) - age   6:       1056 bytes,     680024 total
[2020-09-24T03:37:58.739+0000][23404][gc,age       ] GC(322) - age   7:       4976 bytes,     685000 total
[2020-09-24T03:37:58.739+0000][23404][gc,age       ] GC(322) - age   8:      20248 bytes,     705248 total
[2020-09-24T03:37:58.739+0000][23404][gc,age       ] GC(322) - age   9:        776 bytes,     706024 total
[2020-09-24T03:37:58.739+0000][23404][gc,age       ] GC(322) - age  10:     109232 bytes,     815256 total
[2020-09-24T03:37:58.739+0000][23404][gc,age       ] GC(322) - age  11:        760 bytes,     816016 total
[2020-09-24T03:37:58.739+0000][23404][gc,age       ] GC(322) - age  12:        864 bytes,     816880 total
[2020-09-24T03:37:58.739+0000][23404][gc,age       ] GC(322) - age  13:        352 bytes,     817232 total
[2020-09-24T03:37:58.739+0000][23404][gc,age       ] GC(322) - age  14:      14144 bytes,     831376 total
[2020-09-24T03:37:58.739+0000][23404][gc,age       ] GC(322) - age  15:        904 bytes,     832280 total
[2020-09-24T03:37:58.739+0000][23404][gc,phases    ] GC(322)   Pre Evacuate Collection Set: 0.4ms
[2020-09-24T03:37:58.739+0000][23404][gc,phases    ] GC(322)   Merge Heap Roots: 0.1ms
[2020-09-24T03:37:58.739+0000][23404][gc,phases    ] GC(322)   Evacuate Collection Set: 1.8ms
[2020-09-24T03:37:58.739+0000][23404][gc,phases    ] GC(322)   Post Evacuate Collection Set: 0.7ms
[2020-09-24T03:37:58.739+0000][23404][gc,phases    ] GC(322)   Other: 0.7ms
[2020-09-24T03:37:58.739+0000][23404][gc,heap      ] GC(322) Eden regions: 59->0(508)
[2020-09-24T03:37:58.739+0000][23404][gc,heap      ] GC(322) Survivor regions: 1->1(64)
[2020-09-24T03:37:58.739+0000][23404][gc,heap      ] GC(322) Old regions: 79->79
[2020-09-24T03:37:58.739+0000][23404][gc,heap      ] GC(322) Archive regions: 0->0
[2020-09-24T03:37:58.739+0000][23404][gc,heap      ] GC(322) Humongous regions: 228->174
[2020-09-24T03:37:58.739+0000][23404][gc,metaspace ] GC(322) Metaspace: 89314K(95360K)->89314K(95360K) NonClass: 77990K(81664K)->77990K(81664K) Class: 11324K(13696K)->11324K(13696K)
[2020-09-24T03:37:58.739+0000][23404][gc           ] GC(322) Pause Young (Concurrent Start) (G1 Humongous Allocation) 366M->253M(1024M) 3.772ms
[2020-09-24T03:37:58.739+0000][23404][gc,cpu       ] GC(322) User=0.00s Sys=0.00s Real=0.00s
[2020-09-24T03:37:58.739+0000][23404][safepoint    ] Safepoint "G1TryInitiateConcMark", Time since last: 219455200 ns, Reaching safepoint: 139300 ns, At safepoint: 3972100 ns, Total: 4111400 ns
[2020-09-24T03:37:58.739+0000][23404][gc           ] GC(323) Concurrent Cycle
[2020-09-24T03:37:58.740+0000][23404][gc,marking   ] GC(323) Concurrent Clear Claimed Marks
[2020-09-24T03:37:58.740+0000][23404][gc,marking   ] GC(323) Concurrent Clear Claimed Marks 0.464ms
[2020-09-24T03:37:58.740+0000][23404][gc,marking   ] GC(323) Concurrent Scan Root Regions
[2020-09-24T03:37:58.741+0000][23404][gc,marking   ] GC(323) Concurrent Scan Root Regions 1.302ms
[2020-09-24T03:37:58.741+0000][23404][gc,marking   ] GC(323) Concurrent Mark (151.176s)
[2020-09-24T03:37:58.741+0000][23404][gc,marking   ] GC(323) Concurrent Mark From Roots
[2020-09-24T03:37:58.741+0000][23404][gc,task      ] GC(323) Using 2 workers of 2 for marking
[2020-09-24T03:37:58.867+0000][23404][gc,marking   ] GC(323) Concurrent Mark From Roots 125.901ms
[2020-09-24T03:37:58.867+0000][23404][gc,marking   ] GC(323) Concurrent Preclean
[2020-09-24T03:37:58.868+0000][23404][gc,marking   ] GC(323) Concurrent Preclean 0.345ms
[2020-09-24T03:37:58.868+0000][23404][gc,marking   ] GC(323) Concurrent Mark (151.176s, 151.302s) 126.390ms
[2020-09-24T03:37:58.868+0000][23404][gc,start     ] GC(323) Pause Remark
[2020-09-24T03:37:58.873+0000][23404][gc           ] GC(323) Pause Remark 308M->308M(1024M) 5.257ms
[2020-09-24T03:37:58.873+0000][23404][gc,cpu       ] GC(323) User=0.00s Sys=0.00s Real=0.00s
[2020-09-24T03:37:58.874+0000][23404][safepoint    ] Safepoint "G1Concurrent", Time since last: 128451300 ns, Reaching safepoint: 128300 ns, At safepoint: 5497700 ns, Total: 5626000 ns
[2020-09-24T03:37:58.874+0000][23404][gc,marking   ] GC(323) Concurrent Rebuild Remembered Sets
[2020-09-24T03:37:58.929+0000][23404][gc,marking   ] GC(323) Concurrent Rebuild Remembered Sets 55.208ms
[2020-09-24T03:37:58.929+0000][23404][gc,start     ] GC(323) Pause Cleanup
[2020-09-24T03:37:58.929+0000][23404][gc           ] GC(323) Pause Cleanup 309M->309M(1024M) 0.280ms
[2020-09-24T03:37:58.929+0000][23404][gc,cpu       ] GC(323) User=0.00s Sys=0.00s Real=0.00s
[2020-09-24T03:37:58.929+0000][23404][safepoint    ] Safepoint "G1Concurrent", Time since last: 55389900 ns, Reaching safepoint: 104200 ns, At safepoint: 406900 ns, Total: 511100 ns
[2020-09-24T03:37:58.929+0000][23404][gc,marking   ] GC(323) Concurrent Cleanup for Next Mark
[2020-09-24T03:37:58.931+0000][23404][gc,marking   ] GC(323) Concurrent Cleanup for Next Mark 1.266ms
[2020-09-24T03:37:58.931+0000][23404][gc           ] GC(323) Concurrent Cycle 191.453ms
[2020-09-24T03:37:59.054+0000][23404][gc,start     ] GC(324) Pause Young (Concurrent Start) (G1 Humongous Allocation)
[2020-09-24T03:37:59.054+0000][23404][gc,task      ] GC(324) Using 8 workers of 8 for evacuation
[2020-09-24T03:37:59.054+0000][23404][gc,age       ] GC(324) Desired survivor size 33554432 bytes, new threshold 15 (max threshold 15)
[2020-09-24T03:37:59.057+0000][23404][gc,age       ] GC(324) Age table with threshold 15 (max threshold 15)
[2020-09-24T03:37:59.057+0000][23404][gc,age       ] GC(324) - age   1:     533680 bytes,     533680 total
[2020-09-24T03:37:59.057+0000][23404][gc,age       ] GC(324) - age   2:      31688 bytes,     565368 total
[2020-09-24T03:37:59.057+0000][23404][gc,age       ] GC(324) - age   3:       8184 bytes,     573552 total
[2020-09-24T03:37:59.057+0000][23404][gc,age       ] GC(324) - age   4:      33552 bytes,     607104 total
[2020-09-24T03:37:59.057+0000][23404][gc,age       ] GC(324) - age   5:       1072 bytes,     608176 total
[2020-09-24T03:37:59.057+0000][23404][gc,age       ] GC(324) - age   6:      10704 bytes,     618880 total
[2020-09-24T03:37:59.057+0000][23404][gc,age       ] GC(324) - age   7:       1056 bytes,     619936 total
[2020-09-24T03:37:59.057+0000][23404][gc,age       ] GC(324) - age   8:       4912 bytes,     624848 total
[2020-09-24T03:37:59.057+0000][23404][gc,age       ] GC(324) - age   9:      20248 bytes,     645096 total
[2020-09-24T03:37:59.057+0000][23404][gc,age       ] GC(324) - age  10:        712 bytes,     645808 total
[2020-09-24T03:37:59.057+0000][23404][gc,age       ] GC(324) - age  11:     109104 bytes,     754912 total
[2020-09-24T03:37:59.057+0000][23404][gc,age       ] GC(324) - age  12:        728 bytes,     755640 total
[2020-09-24T03:37:59.057+0000][23404][gc,age       ] GC(324) - age  13:        800 bytes,     756440 total
[2020-09-24T03:37:59.057+0000][23404][gc,age       ] GC(324) - age  14:        352 bytes,     756792 total
[2020-09-24T03:37:59.057+0000][23404][gc,age       ] GC(324) - age  15:      14144 bytes,     770936 total
[2020-09-24T03:37:59.057+0000][23404][gc,phases    ] GC(324)   Pre Evacuate Collection Set: 0.4ms
[2020-09-24T03:37:59.057+0000][23404][gc,phases    ] GC(324)   Merge Heap Roots: 0.1ms
[2020-09-24T03:37:59.057+0000][23404][gc,phases    ] GC(324)   Evacuate Collection Set: 1.7ms
[2020-09-24T03:37:59.057+0000][23404][gc,phases    ] GC(324)   Post Evacuate Collection Set: 0.8ms
[2020-09-24T03:37:59.057+0000][23404][gc,phases    ] GC(324)   Other: 0.7ms
[2020-09-24T03:37:59.058+0000][23404][gc,heap      ] GC(324) Eden regions: 49->0(509)
[2020-09-24T03:37:59.058+0000][23404][gc,heap      ] GC(324) Survivor regions: 1->1(64)
[2020-09-24T03:37:59.058+0000][23404][gc,heap      ] GC(324) Old regions: 79->79
[2020-09-24T03:37:59.058+0000][23404][gc,heap      ] GC(324) Archive regions: 0->0
[2020-09-24T03:37:59.058+0000][23404][gc,heap      ] GC(324) Humongous regions: 228->174
[2020-09-24T03:37:59.058+0000][23404][gc,metaspace ] GC(324) Metaspace: 89320K(95360K)->89320K(95360K) NonClass: 77994K(81664K)->77994K(81664K) Class: 11325K(13696K)->11325K(13696K)
[2020-09-24T03:37:59.058+0000][23404][gc           ] GC(324) Pause Young (Concurrent Start) (G1 Humongous Allocation) 356M->253M(1024M) 3.927ms
[2020-09-24T03:37:59.058+0000][23404][gc,cpu       ] GC(324) User=0.11s Sys=0.00s Real=0.00s
[2020-09-24T03:37:59.058+0000][23404][safepoint    ] Safepoint "G1TryInitiateConcMark", Time since last: 124171000 ns, Reaching safepoint: 142100 ns, At safepoint: 4054600 ns, Total: 4196700 ns
[2020-09-24T03:37:59.058+0000][23404][gc           ] GC(325) Concurrent Cycle
[2020-09-24T03:37:59.058+0000][23404][gc,marking   ] GC(325) Concurrent Clear Claimed Marks
[2020-09-24T03:37:59.058+0000][23404][gc,marking   ] GC(325) Concurrent Clear Claimed Marks 0.331ms
[2020-09-24T03:37:59.058+0000][23404][gc,marking   ] GC(325) Concurrent Scan Root Regions
[2020-09-24T03:37:59.060+0000][23404][gc,marking   ] GC(325) Concurrent Scan Root Regions 1.534ms
[2020-09-24T03:37:59.060+0000][23404][gc,marking   ] GC(325) Concurrent Mark (151.494s)
[2020-09-24T03:37:59.060+0000][23404][gc,marking   ] GC(325) Concurrent Mark From Roots
[2020-09-24T03:37:59.060+0000][23404][gc,task      ] GC(325) Using 2 workers of 2 for marking
[2020-09-24T03:37:59.138+0000][23404][gc,marking   ] GC(325) Concurrent Mark From Roots 77.685ms
[2020-09-24T03:37:59.138+0000][23404][gc,marking   ] GC(325) Concurrent Preclean
[2020-09-24T03:37:59.138+0000][23404][gc,marking   ] GC(325) Concurrent Preclean 0.236ms
[2020-09-24T03:37:59.138+0000][23404][gc,marking   ] GC(325) Concurrent Mark (151.494s, 151.572s) 78.033ms
[2020-09-24T03:37:59.138+0000][23404][gc,start     ] GC(325) Pause Remark
[2020-09-24T03:37:59.143+0000][23404][gc           ] GC(325) Pause Remark 286M->286M(1024M) 5.155ms
[2020-09-24T03:37:59.143+0000][23404][gc,cpu       ] GC(325) User=0.00s Sys=0.00s Real=0.00s
[2020-09-24T03:37:59.143+0000][23404][safepoint    ] Safepoint "G1Concurrent", Time since last: 80140200 ns, Reaching safepoint: 147900 ns, At safepoint: 5404500 ns, Total: 5552400 ns
[2020-09-24T03:37:59.144+0000][23404][gc,marking   ] GC(325) Concurrent Rebuild Remembered Sets
[2020-09-24T03:37:59.198+0000][23404][gc,marking   ] GC(325) Concurrent Rebuild Remembered Sets 54.562ms
[2020-09-24T03:37:59.198+0000][23404][gc,start     ] GC(325) Pause Cleanup
[2020-09-24T03:37:59.199+0000][23404][gc           ] GC(325) Pause Cleanup 303M->303M(1024M) 0.252ms
[2020-09-24T03:37:59.199+0000][23404][gc,cpu       ] GC(325) User=0.00s Sys=0.00s Real=0.00s
[2020-09-24T03:37:59.199+0000][23404][safepoint    ] Safepoint "G1Concurrent", Time since last: 54702600 ns, Reaching safepoint: 198400 ns, At safepoint: 404400 ns, Total: 602800 ns
[2020-09-24T03:37:59.199+0000][23404][gc,marking   ] GC(325) Concurrent Cleanup for Next Mark
[2020-09-24T03:37:59.200+0000][23404][gc,marking   ] GC(325) Concurrent Cleanup for Next Mark 1.226ms
[2020-09-24T03:37:59.200+0000][23404][gc           ] GC(325) Concurrent Cycle 142.376ms
[2020-09-24T03:37:59.326+0000][23404][gc,start     ] GC(326) Pause Young (Concurrent Start) (G1 Humongous Allocation)
[2020-09-24T03:37:59.326+0000][23404][gc,task      ] GC(326) Using 8 workers of 8 for evacuation
[2020-09-24T03:37:59.326+0000][23404][gc,age       ] GC(326) Desired survivor size 33554432 bytes, new threshold 15 (max threshold 15)
[2020-09-24T03:37:59.330+0000][23404][gc,age       ] GC(326) Age table with threshold 15 (max threshold 15)
[2020-09-24T03:37:59.330+0000][23404][gc,age       ] GC(326) - age   1:    2139040 bytes,    2139040 total
[2020-09-24T03:37:59.330+0000][23404][gc,age       ] GC(326) - age   2:      10320 bytes,    2149360 total
[2020-09-24T03:37:59.330+0000][23404][gc,age       ] GC(326) - age   3:      30880 bytes,    2180240 total
[2020-09-24T03:37:59.330+0000][23404][gc,age       ] GC(326) - age   4:       6856 bytes,    2187096 total
[2020-09-24T03:37:59.330+0000][23404][gc,age       ] GC(326) - age   5:      33064 bytes,    2220160 total
[2020-09-24T03:37:59.330+0000][23404][gc,age       ] GC(326) - age   6:       1008 bytes,    2221168 total
[2020-09-24T03:37:59.330+0000][23404][gc,age       ] GC(326) - age   7:      10544 bytes,    2231712 total
[2020-09-24T03:37:59.330+0000][23404][gc,age       ] GC(326) - age   8:       1056 bytes,    2232768 total
[2020-09-24T03:37:59.330+0000][23404][gc,age       ] GC(326) - age   9:       4848 bytes,    2237616 total
[2020-09-24T03:37:59.330+0000][23404][gc,age       ] GC(326) - age  10:      20248 bytes,    2257864 total
[2020-09-24T03:37:59.330+0000][23404][gc,age       ] GC(326) - age  11:        712 bytes,    2258576 total
[2020-09-24T03:37:59.330+0000][23404][gc,age       ] GC(326) - age  12:     109104 bytes,    2367680 total
[2020-09-24T03:37:59.330+0000][23404][gc,age       ] GC(326) - age  13:        728 bytes,    2368408 total
[2020-09-24T03:37:59.330+0000][23404][gc,age       ] GC(326) - age  14:        800 bytes,    2369208 total
[2020-09-24T03:37:59.330+0000][23404][gc,age       ] GC(326) - age  15:        352 bytes,    2369560 total
[2020-09-24T03:37:59.330+0000][23404][gc,phases    ] GC(326)   Pre Evacuate Collection Set: 0.4ms
[2020-09-24T03:37:59.330+0000][23404][gc,phases    ] GC(326)   Merge Heap Roots: 0.1ms
[2020-09-24T03:37:59.330+0000][23404][gc,phases    ] GC(326)   Evacuate Collection Set: 2.0ms
[2020-09-24T03:37:59.330+0000][23404][gc,phases    ] GC(326)   Post Evacuate Collection Set: 0.7ms
[2020-09-24T03:37:59.330+0000][23404][gc,phases    ] GC(326)   Other: 0.6ms
[2020-09-24T03:37:59.330+0000][23404][gc,heap      ] GC(326) Eden regions: 45->0(506)
[2020-09-24T03:37:59.330+0000][23404][gc,heap      ] GC(326) Survivor regions: 1->3(64)
[2020-09-24T03:37:59.330+0000][23404][gc,heap      ] GC(326) Old regions: 79->79
[2020-09-24T03:37:59.330+0000][23404][gc,heap      ] GC(326) Archive regions: 0->0
[2020-09-24T03:37:59.330+0000][23404][gc,heap      ] GC(326) Humongous regions: 228->174
[2020-09-24T03:37:59.330+0000][23404][gc,metaspace ] GC(326) Metaspace: 89320K(95360K)->89320K(95360K) NonClass: 77994K(81664K)->77994K(81664K) Class: 11325K(13696K)->11325K(13696K)
[2020-09-24T03:37:59.330+0000][23404][gc           ] GC(326) Pause Young (Concurrent Start) (G1 Humongous Allocation) 352M->255M(1024M) 4.099ms
[2020-09-24T03:37:59.330+0000][23404][gc,cpu       ] GC(326) User=0.00s Sys=0.00s Real=0.00s
[2020-09-24T03:37:59.330+0000][23404][safepoint    ] Safepoint "G1TryInitiateConcMark", Time since last: 127157100 ns, Reaching safepoint: 176800 ns, At safepoint: 4222700 ns, Total: 4399500 ns
[2020-09-24T03:37:59.330+0000][23404][gc           ] GC(327) Concurrent Cycle
[2020-09-24T03:37:59.330+0000][23404][gc,marking   ] GC(327) Concurrent Clear Claimed Marks
[2020-09-24T03:37:59.331+0000][23404][gc,marking   ] GC(327) Concurrent Clear Claimed Marks 0.350ms
[2020-09-24T03:37:59.331+0000][23404][gc,marking   ] GC(327) Concurrent Scan Root Regions
[2020-09-24T03:37:59.333+0000][23404][gc,marking   ] GC(327) Concurrent Scan Root Regions 2.038ms
[2020-09-24T03:37:59.333+0000][23404][gc,marking   ] GC(327) Concurrent Mark (151.767s)
[2020-09-24T03:37:59.333+0000][23404][gc,marking   ] GC(327) Concurrent Mark From Roots
[2020-09-24T03:37:59.333+0000][23404][gc,task      ] GC(327) Using 2 workers of 2 for marking
[2020-09-24T03:37:59.424+0000][23404][gc,marking   ] GC(327) Concurrent Mark From Roots 90.732ms
[2020-09-24T03:37:59.424+0000][23404][gc,marking   ] GC(327) Concurrent Preclean
[2020-09-24T03:37:59.424+0000][23404][gc,marking   ] GC(327) Concurrent Preclean 0.239ms
[2020-09-24T03:37:59.424+0000][23404][gc,marking   ] GC(327) Concurrent Mark (151.767s, 151.859s) 91.117ms
[2020-09-24T03:37:59.424+0000][23404][gc,start     ] GC(327) Pause Remark
[2020-09-24T03:37:59.430+0000][23404][gc           ] GC(327) Pause Remark 314M->314M(1024M) 5.448ms
[2020-09-24T03:37:59.430+0000][23404][gc,cpu       ] GC(327) User=0.00s Sys=0.00s Real=0.01s
[2020-09-24T03:37:59.430+0000][23404][safepoint    ] Safepoint "G1Concurrent", Time since last: 93814500 ns, Reaching safepoint: 126200 ns, At safepoint: 5664400 ns, Total: 5790600 ns
[2020-09-24T03:37:59.430+0000][23404][gc,marking   ] GC(327) Concurrent Rebuild Remembered Sets
[2020-09-24T03:37:59.490+0000][23404][gc,marking   ] GC(327) Concurrent Rebuild Remembered Sets 60.281ms
[2020-09-24T03:37:59.491+0000][23404][gc,start     ] GC(327) Pause Cleanup
[2020-09-24T03:37:59.491+0000][23404][gc           ] GC(327) Pause Cleanup 317M->317M(1024M) 0.269ms
[2020-09-24T03:37:59.491+0000][23404][gc,cpu       ] GC(327) User=0.00s Sys=0.00s Real=0.00s
[2020-09-24T03:37:59.491+0000][23404][safepoint    ] Safepoint "G1Concurrent", Time since last: 60434500 ns, Reaching safepoint: 172000 ns, At safepoint: 381100 ns, Total: 553100 ns
[2020-09-24T03:37:59.491+0000][23404][gc,marking   ] GC(327) Concurrent Cleanup for Next Mark
[2020-09-24T03:37:59.492+0000][23404][gc,marking   ] GC(327) Concurrent Cleanup for Next Mark 1.257ms
[2020-09-24T03:37:59.492+0000][23404][gc           ] GC(327) Concurrent Cycle 161.949ms
[2020-09-24T03:37:59.510+0000][23404][gc,start     ] GC(328) Pause Young (Concurrent Start) (G1 Humongous Allocation)
[2020-09-24T03:37:59.510+0000][23404][gc,task      ] GC(328) Using 8 workers of 8 for evacuation
[2020-09-24T03:37:59.510+0000][23404][gc,age       ] GC(328) Desired survivor size 33554432 bytes, new threshold 15 (max threshold 15)
[2020-09-24T03:37:59.513+0000][23404][gc,age       ] GC(328) Age table with threshold 15 (max threshold 15)
[2020-09-24T03:37:59.514+0000][23404][gc,age       ] GC(328) - age   1:    2229360 bytes,    2229360 total
[2020-09-24T03:37:59.514+0000][23404][gc,age       ] GC(328) - age   2:      16944 bytes,    2246304 total
[2020-09-24T03:37:59.514+0000][23404][gc,age       ] GC(328) - age   3:       9592 bytes,    2255896 total
[2020-09-24T03:37:59.514+0000][23404][gc,age       ] GC(328) - age   4:      30880 bytes,    2286776 total
[2020-09-24T03:37:59.514+0000][23404][gc,age       ] GC(328) - age   5:       4168 bytes,    2290944 total
[2020-09-24T03:37:59.514+0000][23404][gc,age       ] GC(328) - age   6:      32776 bytes,    2323720 total
[2020-09-24T03:37:59.514+0000][23404][gc,age       ] GC(328) - age   7:       1008 bytes,    2324728 total
[2020-09-24T03:37:59.514+0000][23404][gc,age       ] GC(328) - age   8:      10448 bytes,    2335176 total
[2020-09-24T03:37:59.514+0000][23404][gc,age       ] GC(328) - age   9:       1056 bytes,    2336232 total
[2020-09-24T03:37:59.514+0000][23404][gc,age       ] GC(328) - age  10:       4848 bytes,    2341080 total
[2020-09-24T03:37:59.514+0000][23404][gc,age       ] GC(328) - age  11:      20216 bytes,    2361296 total
[2020-09-24T03:37:59.514+0000][23404][gc,age       ] GC(328) - age  12:        712 bytes,    2362008 total
[2020-09-24T03:37:59.514+0000][23404][gc,age       ] GC(328) - age  13:     109104 bytes,    2471112 total
[2020-09-24T03:37:59.514+0000][23404][gc,age       ] GC(328) - age  14:        728 bytes,    2471840 total
[2020-09-24T03:37:59.514+0000][23404][gc,age       ] GC(328) - age  15:        768 bytes,    2472608 total
[2020-09-24T03:37:59.514+0000][23404][gc,phases    ] GC(328)   Pre Evacuate Collection Set: 0.3ms
[2020-09-24T03:37:59.514+0000][23404][gc,phases    ] GC(328)   Merge Heap Roots: 0.1ms
[2020-09-24T03:37:59.514+0000][23404][gc,phases    ] GC(328)   Evacuate Collection Set: 1.8ms
[2020-09-24T03:37:59.514+0000][23404][gc,phases    ] GC(328)   Post Evacuate Collection Set: 0.7ms
[2020-09-24T03:37:59.514+0000][23404][gc,phases    ] GC(328)   Other: 0.7ms
[2020-09-24T03:37:59.514+0000][23404][gc,heap      ] GC(328) Eden regions: 30->0(506)
[2020-09-24T03:37:59.514+0000][23404][gc,heap      ] GC(328) Survivor regions: 3->3(64)
[2020-09-24T03:37:59.514+0000][23404][gc,heap      ] GC(328) Old regions: 79->79
[2020-09-24T03:37:59.514+0000][23404][gc,heap      ] GC(328) Archive regions: 0->0
[2020-09-24T03:37:59.514+0000][23404][gc,heap      ] GC(328) Humongous regions: 228->174
[2020-09-24T03:37:59.514+0000][23404][gc,metaspace ] GC(328) Metaspace: 89320K(95360K)->89320K(95360K) NonClass: 77994K(81664K)->77994K(81664K) Class: 11325K(13696K)->11325K(13696K)
[2020-09-24T03:37:59.514+0000][23404][gc           ] GC(328) Pause Young (Concurrent Start) (G1 Humongous Allocation) 338M->255M(1024M) 3.763ms
[2020-09-24T03:37:59.514+0000][23404][gc,cpu       ] GC(328) User=0.00s Sys=0.00s Real=0.00s
[2020-09-24T03:37:59.514+0000][23404][safepoint    ] Safepoint "G1TryInitiateConcMark", Time since last: 19232800 ns, Reaching safepoint: 163900 ns, At safepoint: 3896600 ns, Total: 4060500 ns
[2020-09-24T03:37:59.514+0000][23404][gc           ] GC(329) Concurrent Cycle
[2020-09-24T03:37:59.514+0000][23404][gc,marking   ] GC(329) Concurrent Clear Claimed Marks
[2020-09-24T03:37:59.515+0000][23404][gc,marking   ] GC(329) Concurrent Clear Claimed Marks 0.354ms
[2020-09-24T03:37:59.515+0000][23404][gc,marking   ] GC(329) Concurrent Scan Root Regions
[2020-09-24T03:37:59.516+0000][23404][gc,marking   ] GC(329) Concurrent Scan Root Regions 1.372ms
[2020-09-24T03:37:59.516+0000][23404][gc,marking   ] GC(329) Concurrent Mark (151.951s)
[2020-09-24T03:37:59.516+0000][23404][gc,marking   ] GC(329) Concurrent Mark From Roots
[2020-09-24T03:37:59.516+0000][23404][gc,task      ] GC(329) Using 2 workers of 2 for marking
[2020-09-24T03:37:59.611+0000][23404][gc,marking   ] GC(329) Concurrent Mark From Roots 94.867ms
[2020-09-24T03:37:59.611+0000][23404][gc,marking   ] GC(329) Concurrent Preclean
[2020-09-24T03:37:59.611+0000][23404][gc,marking   ] GC(329) Concurrent Preclean 0.251ms
[2020-09-24T03:37:59.611+0000][23404][gc,marking   ] GC(329) Concurrent Mark (151.951s, 152.046s) 95.226ms
[2020-09-24T03:37:59.612+0000][23404][gc,start     ] GC(329) Pause Remark
[2020-09-24T03:37:59.617+0000][23404][gc           ] GC(329) Pause Remark 319M->319M(1024M) 5.159ms
[2020-09-24T03:37:59.617+0000][23404][gc,cpu       ] GC(329) User=0.00s Sys=0.00s Real=0.01s
[2020-09-24T03:37:59.617+0000][23404][safepoint    ] Safepoint "G1Concurrent", Time since last: 97220900 ns, Reaching safepoint: 204600 ns, At safepoint: 5311800 ns, Total: 5516400 ns
[2020-09-24T03:37:59.617+0000][23404][gc,marking   ] GC(329) Concurrent Rebuild Remembered Sets
[2020-09-24T03:37:59.680+0000][23404][gc,marking   ] GC(329) Concurrent Rebuild Remembered Sets 63.079ms
[2020-09-24T03:37:59.680+0000][23404][gc,start     ] GC(329) Pause Cleanup
[2020-09-24T03:37:59.681+0000][23404][gc           ] GC(329) Pause Cleanup 392M->392M(1024M) 0.283ms
[2020-09-24T03:37:59.681+0000][23404][gc,cpu       ] GC(329) User=0.00s Sys=0.00s Real=0.00s
[2020-09-24T03:37:59.681+0000][23404][safepoint    ] Safepoint "G1Concurrent", Time since last: 63216900 ns, Reaching safepoint: 133400 ns, At safepoint: 422600 ns, Total: 556000 ns
[2020-09-24T03:37:59.681+0000][23404][gc,marking   ] GC(329) Concurrent Cleanup for Next Mark
[2020-09-24T03:37:59.682+0000][23404][gc,marking   ] GC(329) Concurrent Cleanup for Next Mark 1.465ms
[2020-09-24T03:37:59.682+0000][23404][gc           ] GC(329) Concurrent Cycle 168.127ms
[2020-09-24T03:37:59.685+0000][23404][gc,start     ] GC(330) Pause Young (Concurrent Start) (G1 Humongous Allocation)
[2020-09-24T03:37:59.685+0000][23404][gc,task      ] GC(330) Using 8 workers of 8 for evacuation
[2020-09-24T03:37:59.685+0000][23404][gc,age       ] GC(330) Desired survivor size 33554432 bytes, new threshold 15 (max threshold 15)
[2020-09-24T03:37:59.688+0000][23404][gc,age       ] GC(330) Age table with threshold 15 (max threshold 15)
[2020-09-24T03:37:59.689+0000][23404][gc,age       ] GC(330) - age   1:    2883320 bytes,    2883320 total
[2020-09-24T03:37:59.689+0000][23404][gc,age       ] GC(330) - age   2:       1904 bytes,    2885224 total
[2020-09-24T03:37:59.689+0000][23404][gc,age       ] GC(330) - age   3:      16056 bytes,    2901280 total
[2020-09-24T03:37:59.689+0000][23404][gc,age       ] GC(330) - age   4:       9368 bytes,    2910648 total
[2020-09-24T03:37:59.689+0000][23404][gc,age       ] GC(330) - age   5:      30816 bytes,    2941464 total
[2020-09-24T03:37:59.689+0000][23404][gc,age       ] GC(330) - age   6:       3536 bytes,    2945000 total
[2020-09-24T03:37:59.689+0000][23404][gc,age       ] GC(330) - age   7:      32712 bytes,    2977712 total
[2020-09-24T03:37:59.689+0000][23404][gc,age       ] GC(330) - age   8:       1008 bytes,    2978720 total
[2020-09-24T03:37:59.689+0000][23404][gc,age       ] GC(330) - age   9:      10448 bytes,    2989168 total
[2020-09-24T03:37:59.689+0000][23404][gc,age       ] GC(330) - age  10:       1056 bytes,    2990224 total
[2020-09-24T03:37:59.689+0000][23404][gc,age       ] GC(330) - age  11:       4848 bytes,    2995072 total
[2020-09-24T03:37:59.689+0000][23404][gc,age       ] GC(330) - age  12:      20216 bytes,    3015288 total
[2020-09-24T03:37:59.689+0000][23404][gc,age       ] GC(330) - age  13:        712 bytes,    3016000 total
[2020-09-24T03:37:59.689+0000][23404][gc,age       ] GC(330) - age  14:     109104 bytes,    3125104 total
[2020-09-24T03:37:59.689+0000][23404][gc,age       ] GC(330) - age  15:        728 bytes,    3125832 total
[2020-09-24T03:37:59.689+0000][23404][gc,phases    ] GC(330)   Pre Evacuate Collection Set: 0.4ms
[2020-09-24T03:37:59.689+0000][23404][gc,phases    ] GC(330)   Merge Heap Roots: 0.1ms
[2020-09-24T03:37:59.689+0000][23404][gc,phases    ] GC(330)   Evacuate Collection Set: 1.9ms
[2020-09-24T03:37:59.689+0000][23404][gc,phases    ] GC(330)   Post Evacuate Collection Set: 0.7ms
[2020-09-24T03:37:59.689+0000][23404][gc,phases    ] GC(330)   Other: 0.9ms
[2020-09-24T03:37:59.689+0000][23404][gc,heap      ] GC(330) Eden regions: 45->0(505)
[2020-09-24T03:37:59.689+0000][23404][gc,heap      ] GC(330) Survivor regions: 3->4(64)
[2020-09-24T03:37:59.689+0000][23404][gc,heap      ] GC(330) Old regions: 79->79
[2020-09-24T03:37:59.689+0000][23404][gc,heap      ] GC(330) Archive regions: 0->0
[2020-09-24T03:37:59.689+0000][23404][gc,heap      ] GC(330) Humongous regions: 268->174
[2020-09-24T03:37:59.689+0000][23404][gc,metaspace ] GC(330) Metaspace: 89320K(95360K)->89320K(95360K) NonClass: 77994K(81664K)->77994K(81664K) Class: 11325K(13696K)->11325K(13696K)
[2020-09-24T03:37:59.690+0000][23404][gc           ] GC(330) Pause Young (Concurrent Start) (G1 Humongous Allocation) 393M->256M(1024M) 4.382ms
[2020-09-24T03:37:59.690+0000][23404][gc,cpu       ] GC(330) User=0.00s Sys=0.00s Real=0.01s
[2020-09-24T03:37:59.690+0000][23404][gc           ] GC(331) Concurrent Cycle
[2020-09-24T03:37:59.690+0000][23404][safepoint    ] Safepoint "G1TryInitiateConcMark", Time since last: 4237800 ns, Reaching safepoint: 130900 ns, At safepoint: 4592400 ns, Total: 4723300 ns
[2020-09-24T03:37:59.690+0000][23404][gc,marking   ] GC(331) Concurrent Clear Claimed Marks
[2020-09-24T03:37:59.691+0000][23404][gc,marking   ] GC(331) Concurrent Clear Claimed Marks 0.818ms
[2020-09-24T03:37:59.691+0000][23404][gc,marking   ] GC(331) Concurrent Scan Root Regions
[2020-09-24T03:37:59.693+0000][23404][gc,marking   ] GC(331) Concurrent Scan Root Regions 2.184ms
[2020-09-24T03:37:59.693+0000][23404][gc,marking   ] GC(331) Concurrent Mark (152.128s)
[2020-09-24T03:37:59.693+0000][23404][gc,marking   ] GC(331) Concurrent Mark From Roots
[2020-09-24T03:37:59.693+0000][23404][gc,task      ] GC(331) Using 2 workers of 2 for marking
[2020-09-24T03:37:59.825+0000][23404][gc,marking   ] GC(331) Concurrent Mark From Roots 132.449ms
[2020-09-24T03:37:59.826+0000][23404][gc,marking   ] GC(331) Concurrent Preclean
[2020-09-24T03:37:59.826+0000][23404][gc,marking   ] GC(331) Concurrent Preclean 0.390ms
[2020-09-24T03:37:59.826+0000][23404][gc,marking   ] GC(331) Concurrent Mark (152.128s, 152.261s) 133.030ms
[2020-09-24T03:37:59.826+0000][23404][gc,start     ] GC(331) Pause Remark
[2020-09-24T03:37:59.832+0000][23404][gc           ] GC(331) Pause Remark 354M->354M(1024M) 6.024ms
[2020-09-24T03:37:59.832+0000][23404][gc,cpu       ] GC(331) User=0.00s Sys=0.00s Real=0.01s
[2020-09-24T03:37:59.833+0000][23404][safepoint    ] Safepoint "G1Concurrent", Time since last: 136369600 ns, Reaching safepoint: 266700 ns, At safepoint: 6214800 ns, Total: 6481500 ns
[2020-09-24T03:37:59.833+0000][23404][gc,marking   ] GC(331) Concurrent Rebuild Remembered Sets
[2020-09-24T03:37:59.905+0000][23404][gc,marking   ] GC(331) Concurrent Rebuild Remembered Sets 72.632ms
[2020-09-24T03:37:59.906+0000][23404][gc,start     ] GC(331) Pause Cleanup
[2020-09-24T03:37:59.906+0000][23404][gc           ] GC(331) Pause Cleanup 417M->417M(1024M) 0.315ms
[2020-09-24T03:37:59.906+0000][23404][gc,cpu       ] GC(331) User=0.00s Sys=0.00s Real=0.00s
[2020-09-24T03:37:59.906+0000][23404][safepoint    ] Safepoint "G1Concurrent", Time since last: 72825400 ns, Reaching safepoint: 128400 ns, At safepoint: 477200 ns, Total: 605600 ns
[2020-09-24T03:37:59.906+0000][23404][gc,marking   ] GC(331) Concurrent Cleanup for Next Mark
[2020-09-24T03:37:59.908+0000][23404][gc,marking   ] GC(331) Concurrent Cleanup for Next Mark 2.176ms
[2020-09-24T03:37:59.908+0000][23404][gc           ] GC(331) Concurrent Cycle 218.605ms
[2020-09-24T03:37:59.985+0000][23404][gc,start     ] GC(332) Pause Young (Concurrent Start) (G1 Humongous Allocation)
[2020-09-24T03:37:59.985+0000][23404][gc,task      ] GC(332) Using 8 workers of 8 for evacuation
[2020-09-24T03:37:59.985+0000][23404][gc,age       ] GC(332) Desired survivor size 33554432 bytes, new threshold 15 (max threshold 15)
[2020-09-24T03:37:59.989+0000][23404][gc,age       ] GC(332) Age table with threshold 15 (max threshold 15)
[2020-09-24T03:37:59.989+0000][23404][gc,age       ] GC(332) - age   1:    2818024 bytes,    2818024 total
[2020-09-24T03:37:59.989+0000][23404][gc,age       ] GC(332) - age   2:       1728 bytes,    2819752 total
[2020-09-24T03:37:59.989+0000][23404][gc,age       ] GC(332) - age   3:        944 bytes,    2820696 total
[2020-09-24T03:37:59.989+0000][23404][gc,age       ] GC(332) - age   4:      15576 bytes,    2836272 total
[2020-09-24T03:37:59.989+0000][23404][gc,age       ] GC(332) - age   5:       9016 bytes,    2845288 total
[2020-09-24T03:37:59.989+0000][23404][gc,age       ] GC(332) - age   6:      29992 bytes,    2875280 total
[2020-09-24T03:37:59.989+0000][23404][gc,age       ] GC(332) - age   7:       1008 bytes,    2876288 total
[2020-09-24T03:37:59.989+0000][23404][gc,age       ] GC(332) - age   8:      32200 bytes,    2908488 total
[2020-09-24T03:37:59.989+0000][23404][gc,age       ] GC(332) - age   9:        912 bytes,    2909400 total
[2020-09-24T03:37:59.989+0000][23404][gc,age       ] GC(332) - age  10:      10352 bytes,    2919752 total
[2020-09-24T03:37:59.989+0000][23404][gc,age       ] GC(332) - age  11:        992 bytes,    2920744 total
[2020-09-24T03:37:59.989+0000][23404][gc,age       ] GC(332) - age  12:       4784 bytes,    2925528 total
[2020-09-24T03:37:59.989+0000][23404][gc,age       ] GC(332) - age  13:      20216 bytes,    2945744 total
[2020-09-24T03:37:59.989+0000][23404][gc,age       ] GC(332) - age  14:        712 bytes,    2946456 total
[2020-09-24T03:37:59.989+0000][23404][gc,age       ] GC(332) - age  15:     108880 bytes,    3055336 total
[2020-09-24T03:37:59.989+0000][23404][gc,phases    ] GC(332)   Pre Evacuate Collection Set: 0.5ms
[2020-09-24T03:37:59.989+0000][23404][gc,phases    ] GC(332)   Merge Heap Roots: 0.1ms
[2020-09-24T03:37:59.989+0000][23404][gc,phases    ] GC(332)   Evacuate Collection Set: 2.1ms
[2020-09-24T03:37:59.989+0000][23404][gc,phases    ] GC(332)   Post Evacuate Collection Set: 0.7ms
[2020-09-24T03:37:59.989+0000][23404][gc,phases    ] GC(332)   Other: 0.8ms
[2020-09-24T03:37:59.989+0000][23404][gc,heap      ] GC(332) Eden regions: 62->0(505)
[2020-09-24T03:37:59.989+0000][23404][gc,heap      ] GC(332) Survivor regions: 4->3(64)
[2020-09-24T03:37:59.989+0000][23404][gc,heap      ] GC(332) Old regions: 79->79
[2020-09-24T03:37:59.989+0000][23404][gc,heap      ] GC(332) Archive regions: 0->0
[2020-09-24T03:37:59.989+0000][23404][gc,heap      ] GC(332) Humongous regions: 286->174
[2020-09-24T03:37:59.989+0000][23404][gc,metaspace ] GC(332) Metaspace: 89342K(95360K)->89342K(95360K) NonClass: 78015K(81664K)->78015K(81664K) Class: 11327K(13696K)->11327K(13696K)
[2020-09-24T03:37:59.990+0000][23404][gc           ] GC(332) Pause Young (Concurrent Start) (G1 Humongous Allocation) 429M->255M(1024M) 4.372ms
[2020-09-24T03:37:59.990+0000][23404][gc,cpu       ] GC(332) User=0.00s Sys=0.00s Real=0.01s
[2020-09-24T03:37:59.990+0000][23404][safepoint    ] Safepoint "G1TryInitiateConcMark", Time since last: 78517400 ns, Reaching safepoint: 140000 ns, At safepoint: 4547000 ns, Total: 4687000 ns
[2020-09-24T03:37:59.990+0000][23404][gc           ] GC(333) Concurrent Cycle
[2020-09-24T03:37:59.990+0000][23404][gc,marking   ] GC(333) Concurrent Clear Claimed Marks
[2020-09-24T03:37:59.990+0000][23404][gc,marking   ] GC(333) Concurrent Clear Claimed Marks 0.652ms
[2020-09-24T03:37:59.991+0000][23404][gc,marking   ] GC(333) Concurrent Scan Root Regions
[2020-09-24T03:37:59.993+0000][23404][gc,marking   ] GC(333) Concurrent Scan Root Regions 2.785ms
[2020-09-24T03:37:59.993+0000][23404][gc,marking   ] GC(333) Concurrent Mark (152.428s)
[2020-09-24T03:37:59.993+0000][23404][gc,marking   ] GC(333) Concurrent Mark From Roots
[2020-09-24T03:37:59.994+0000][23404][gc,task      ] GC(333) Using 2 workers of 2 for marking
[2020-09-24T03:38:00.122+0000][23404][gc,marking   ] GC(333) Concurrent Mark From Roots 128.230ms
[2020-09-24T03:38:00.122+0000][23404][gc,marking   ] GC(333) Concurrent Preclean
[2020-09-24T03:38:00.122+0000][23404][gc,marking   ] GC(333) Concurrent Preclean 0.431ms
[2020-09-24T03:38:00.122+0000][23404][gc,marking   ] GC(333) Concurrent Mark (152.428s, 152.556s) 128.866ms
[2020-09-24T03:38:00.123+0000][23404][gc,start     ] GC(333) Pause Remark
[2020-09-24T03:38:00.130+0000][23404][gc           ] GC(333) Pause Remark 318M->318M(1024M) 7.163ms
[2020-09-24T03:38:00.130+0000][23404][gc,cpu       ] GC(333) User=0.00s Sys=0.00s Real=0.01s
[2020-09-24T03:38:00.130+0000][23404][safepoint    ] Safepoint "G1Concurrent", Time since last: 132754900 ns, Reaching safepoint: 204900 ns, At safepoint: 7389200 ns, Total: 7594100 ns
[2020-09-24T03:38:00.130+0000][23404][gc,marking   ] GC(333) Concurrent Rebuild Remembered Sets
[2020-09-24T03:38:00.223+0000][23404][gc,marking   ] GC(333) Concurrent Rebuild Remembered Sets 93.186ms
[2020-09-24T03:38:00.224+0000][23404][gc,start     ] GC(333) Pause Cleanup
[2020-09-24T03:38:00.224+0000][23404][gc           ] GC(333) Pause Cleanup 657M->657M(1024M) 0.363ms
[2020-09-24T03:38:00.224+0000][23404][gc,cpu       ] GC(333) User=0.00s Sys=0.00s Real=0.00s
[2020-09-24T03:38:00.224+0000][23404][safepoint    ] Safepoint "G1Concurrent", Time since last: 93356300 ns, Reaching safepoint: 204200 ns, At safepoint: 535100 ns, Total: 739300 ns
[2020-09-24T03:38:00.224+0000][23404][gc,marking   ] GC(333) Concurrent Cleanup for Next Mark
[2020-09-24T03:38:00.226+0000][23404][gc,marking   ] GC(333) Concurrent Cleanup for Next Mark 1.687ms
[2020-09-24T03:38:00.226+0000][23404][gc           ] GC(333) Concurrent Cycle 236.319ms
[2020-09-24T03:38:00.239+0000][23404][gc,start     ] GC(334) Pause Young (Concurrent Start) (G1 Humongous Allocation)
[2020-09-24T03:38:00.239+0000][23404][gc,task      ] GC(334) Using 8 workers of 8 for evacuation
[2020-09-24T03:38:00.239+0000][23404][gc,age       ] GC(334) Desired survivor size 33554432 bytes, new threshold 15 (max threshold 15)
[2020-09-24T03:38:00.243+0000][23404][gc,age       ] GC(334) Age table with threshold 15 (max threshold 15)
[2020-09-24T03:38:00.243+0000][23404][gc,age       ] GC(334) - age   1:    3521304 bytes,    3521304 total
[2020-09-24T03:38:00.243+0000][23404][gc,age       ] GC(334) - age   2:      35016 bytes,    3556320 total
[2020-09-24T03:38:00.243+0000][23404][gc,age       ] GC(334) - age   3:       1176 bytes,    3557496 total
[2020-09-24T03:38:00.243+0000][23404][gc,age       ] GC(334) - age   4:        880 bytes,    3558376 total
[2020-09-24T03:38:00.243+0000][23404][gc,age       ] GC(334) - age   5:      14632 bytes,    3573008 total
[2020-09-24T03:38:00.243+0000][23404][gc,age       ] GC(334) - age   6:       8376 bytes,    3581384 total
[2020-09-24T03:38:00.243+0000][23404][gc,age       ] GC(334) - age   7:      29928 bytes,    3611312 total
[2020-09-24T03:38:00.243+0000][23404][gc,age       ] GC(334) - age   8:        944 bytes,    3612256 total
[2020-09-24T03:38:00.243+0000][23404][gc,age       ] GC(334) - age   9:      32168 bytes,    3644424 total
[2020-09-24T03:38:00.243+0000][23404][gc,age       ] GC(334) - age  10:        912 bytes,    3645336 total
[2020-09-24T03:38:00.243+0000][23404][gc,age       ] GC(334) - age  11:      10320 bytes,    3655656 total
[2020-09-24T03:38:00.243+0000][23404][gc,age       ] GC(334) - age  12:        992 bytes,    3656648 total
[2020-09-24T03:38:00.243+0000][23404][gc,age       ] GC(334) - age  13:       4688 bytes,    3661336 total
[2020-09-24T03:38:00.244+0000][23404][gc,age       ] GC(334) - age  14:      20216 bytes,    3681552 total
[2020-09-24T03:38:00.244+0000][23404][gc,age       ] GC(334) - age  15:        648 bytes,    3682200 total
[2020-09-24T03:38:00.244+0000][23404][gc,phases    ] GC(334)   Pre Evacuate Collection Set: 0.5ms
[2020-09-24T03:38:00.244+0000][23404][gc,phases    ] GC(334)   Merge Heap Roots: 0.1ms
[2020-09-24T03:38:00.244+0000][23404][gc,phases    ] GC(334)   Evacuate Collection Set: 2.5ms
[2020-09-24T03:38:00.244+0000][23404][gc,phases    ] GC(334)   Post Evacuate Collection Set: 1.0ms
[2020-09-24T03:38:00.244+0000][23404][gc,phases    ] GC(334)   Other: 1.0ms
[2020-09-24T03:38:00.244+0000][23404][gc,heap      ] GC(334) Eden regions: 115->0(501)
[2020-09-24T03:38:00.244+0000][23404][gc,heap      ] GC(334) Survivor regions: 3->4(64)
[2020-09-24T03:38:00.244+0000][23404][gc,heap      ] GC(334) Old regions: 79->80
[2020-09-24T03:38:00.244+0000][23404][gc,heap      ] GC(334) Archive regions: 0->0
[2020-09-24T03:38:00.244+0000][23404][gc,heap      ] GC(334) Humongous regions: 468->174
[2020-09-24T03:38:00.244+0000][23404][gc,metaspace ] GC(334) Metaspace: 89342K(95360K)->89342K(95360K) NonClass: 78015K(81664K)->78015K(81664K) Class: 11327K(13696K)->11327K(13696K)
[2020-09-24T03:38:00.244+0000][23404][gc           ] GC(334) Pause Young (Concurrent Start) (G1 Humongous Allocation) 664M->256M(1024M) 5.417ms
[2020-09-24T03:38:00.244+0000][23404][gc,cpu       ] GC(334) User=0.02s Sys=0.00s Real=0.00s
[2020-09-24T03:38:00.244+0000][23404][safepoint    ] Safepoint "G1TryInitiateConcMark", Time since last: 14341300 ns, Reaching safepoint: 140900 ns, At safepoint: 5617600 ns, Total: 5758500 ns
[2020-09-24T03:38:00.244+0000][23404][gc           ] GC(335) Concurrent Cycle
[2020-09-24T03:38:00.244+0000][23404][gc,marking   ] GC(335) Concurrent Clear Claimed Marks
[2020-09-24T03:38:00.245+0000][23404][gc,marking   ] GC(335) Concurrent Clear Claimed Marks 0.525ms
[2020-09-24T03:38:00.245+0000][23404][gc,marking   ] GC(335) Concurrent Scan Root Regions
[2020-09-24T03:38:00.248+0000][23404][gc,marking   ] GC(335) Concurrent Scan Root Regions 2.759ms
[2020-09-24T03:38:00.248+0000][23404][gc,marking   ] GC(335) Concurrent Mark (152.682s)
[2020-09-24T03:38:00.248+0000][23404][gc,marking   ] GC(335) Concurrent Mark From Roots
[2020-09-24T03:38:00.248+0000][23404][gc,task      ] GC(335) Using 2 workers of 2 for marking
[2020-09-24T03:38:00.355+0000][23404][gc,marking   ] GC(335) Concurrent Mark From Roots 107.177ms
[2020-09-24T03:38:00.355+0000][23404][gc,marking   ] GC(335) Concurrent Preclean
[2020-09-24T03:38:00.355+0000][23404][gc,marking   ] GC(335) Concurrent Preclean 0.326ms
[2020-09-24T03:38:00.356+0000][23404][gc,marking   ] GC(335) Concurrent Mark (152.682s, 152.790s) 107.661ms
[2020-09-24T03:38:00.356+0000][23404][gc,start     ] GC(335) Pause Remark
[2020-09-24T03:38:00.362+0000][23404][gc           ] GC(335) Pause Remark 450M->450M(1024M) 6.172ms
[2020-09-24T03:38:00.362+0000][23404][gc,cpu       ] GC(335) User=0.00s Sys=0.00s Real=0.01s
[2020-09-24T03:38:00.362+0000][23404][safepoint    ] Safepoint "G1Concurrent", Time since last: 111384800 ns, Reaching safepoint: 147700 ns, At safepoint: 6376700 ns, Total: 6524400 ns
[2020-09-24T03:38:00.362+0000][23404][gc,marking   ] GC(335) Concurrent Rebuild Remembered Sets
[2020-09-24T03:38:00.426+0000][23404][gc,marking   ] GC(335) Concurrent Rebuild Remembered Sets 64.255ms
[2020-09-24T03:38:00.427+0000][23404][gc,start     ] GC(335) Pause Cleanup
[2020-09-24T03:38:00.427+0000][23404][gc           ] GC(335) Pause Cleanup 527M->527M(1024M) 0.307ms
[2020-09-24T03:38:00.427+0000][23404][gc,cpu       ] GC(335) User=0.00s Sys=0.00s Real=0.00s
[2020-09-24T03:38:00.427+0000][23404][safepoint    ] Safepoint "G1Concurrent", Time since last: 64480300 ns, Reaching safepoint: 147300 ns, At safepoint: 468100 ns, Total: 615400 ns
[2020-09-24T03:38:00.427+0000][23404][gc,marking   ] GC(335) Concurrent Cleanup for Next Mark
[2020-09-24T03:38:00.429+0000][23404][gc,marking   ] GC(335) Concurrent Cleanup for Next Mark 1.574ms
[2020-09-24T03:38:00.429+0000][23404][gc           ] GC(335) Concurrent Cycle 184.777ms
[2020-09-24T03:38:00.435+0000][23404][gc,start     ] GC(336) Pause Young (Concurrent Start) (G1 Humongous Allocation)
[2020-09-24T03:38:00.435+0000][23404][gc,task      ] GC(336) Using 8 workers of 8 for evacuation
[2020-09-24T03:38:00.435+0000][23404][gc,age       ] GC(336) Desired survivor size 33554432 bytes, new threshold 15 (max threshold 15)
[2020-09-24T03:38:00.439+0000][23404][gc,age       ] GC(336) Age table with threshold 15 (max threshold 15)
[2020-09-24T03:38:00.439+0000][23404][gc,age       ] GC(336) - age   1:    3897160 bytes,    3897160 total
[2020-09-24T03:38:00.439+0000][23404][gc,age       ] GC(336) - age   2:     205632 bytes,    4102792 total
[2020-09-24T03:38:00.439+0000][23404][gc,age       ] GC(336) - age   3:      34824 bytes,    4137616 total
[2020-09-24T03:38:00.439+0000][23404][gc,age       ] GC(336) - age   4:       1080 bytes,    4138696 total
[2020-09-24T03:38:00.439+0000][23404][gc,age       ] GC(336) - age   5:        656 bytes,    4139352 total
[2020-09-24T03:38:00.439+0000][23404][gc,age       ] GC(336) - age   6:      14072 bytes,    4153424 total
[2020-09-24T03:38:00.439+0000][23404][gc,age       ] GC(336) - age   7:       8120 bytes,    4161544 total
[2020-09-24T03:38:00.439+0000][23404][gc,age       ] GC(336) - age   8:      29864 bytes,    4191408 total
[2020-09-24T03:38:00.439+0000][23404][gc,age       ] GC(336) - age   9:        816 bytes,    4192224 total
[2020-09-24T03:38:00.439+0000][23404][gc,age       ] GC(336) - age  10:      31920 bytes,    4224144 total
[2020-09-24T03:38:00.439+0000][23404][gc,age       ] GC(336) - age  11:        848 bytes,    4224992 total
[2020-09-24T03:38:00.439+0000][23404][gc,age       ] GC(336) - age  12:      10320 bytes,    4235312 total
[2020-09-24T03:38:00.439+0000][23404][gc,age       ] GC(336) - age  13:        992 bytes,    4236304 total
[2020-09-24T03:38:00.439+0000][23404][gc,age       ] GC(336) - age  14:       4624 bytes,    4240928 total
[2020-09-24T03:38:00.439+0000][23404][gc,age       ] GC(336) - age  15:      20216 bytes,    4261144 total
[2020-09-24T03:38:00.439+0000][23404][gc,phases    ] GC(336)   Pre Evacuate Collection Set: 0.4ms
[2020-09-24T03:38:00.440+0000][23404][gc,phases    ] GC(336)   Merge Heap Roots: 0.1ms
[2020-09-24T03:38:00.440+0000][23404][gc,phases    ] GC(336)   Evacuate Collection Set: 2.1ms
[2020-09-24T03:38:00.440+0000][23404][gc,phases    ] GC(336)   Post Evacuate Collection Set: 0.8ms
[2020-09-24T03:38:00.440+0000][23404][gc,phases    ] GC(336)   Other: 0.9ms
[2020-09-24T03:38:00.440+0000][23404][gc,heap      ] GC(336) Eden regions: 80->0(499)
[2020-09-24T03:38:00.440+0000][23404][gc,heap      ] GC(336) Survivor regions: 4->5(64)
[2020-09-24T03:38:00.440+0000][23404][gc,heap      ] GC(336) Old regions: 80->80
[2020-09-24T03:38:00.440+0000][23404][gc,heap      ] GC(336) Archive regions: 0->0
[2020-09-24T03:38:00.440+0000][23404][gc,heap      ] GC(336) Humongous regions: 370->174
[2020-09-24T03:38:00.440+0000][23404][gc,metaspace ] GC(336) Metaspace: 89342K(95360K)->89342K(95360K) NonClass: 78015K(81664K)->78015K(81664K) Class: 11327K(13696K)->11327K(13696K)
[2020-09-24T03:38:00.440+0000][23404][gc           ] GC(336) Pause Young (Concurrent Start) (G1 Humongous Allocation) 532M->257M(1024M) 4.666ms
[2020-09-24T03:38:00.440+0000][23404][gc,cpu       ] GC(336) User=0.00s Sys=0.00s Real=0.01s
[2020-09-24T03:38:00.440+0000][23404][safepoint    ] Safepoint "G1TryInitiateConcMark", Time since last: 7801600 ns, Reaching safepoint: 157100 ns, At safepoint: 4831500 ns, Total: 4988600 ns
[2020-09-24T03:38:00.440+0000][23404][gc           ] GC(337) Concurrent Cycle
[2020-09-24T03:38:00.440+0000][23404][gc,marking   ] GC(337) Concurrent Clear Claimed Marks
[2020-09-24T03:38:00.440+0000][23404][gc,marking   ] GC(337) Concurrent Clear Claimed Marks 0.402ms
[2020-09-24T03:38:00.441+0000][23404][gc,marking   ] GC(337) Concurrent Scan Root Regions
[2020-09-24T03:38:00.443+0000][23404][gc,marking   ] GC(337) Concurrent Scan Root Regions 2.408ms
[2020-09-24T03:38:00.443+0000][23404][gc,marking   ] GC(337) Concurrent Mark (152.877s)
[2020-09-24T03:38:00.443+0000][23404][gc,marking   ] GC(337) Concurrent Mark From Roots
[2020-09-24T03:38:00.443+0000][23404][gc,task      ] GC(337) Using 2 workers of 2 for marking
[2020-09-24T03:38:00.552+0000][23404][gc,marking   ] GC(337) Concurrent Mark From Roots 108.699ms
[2020-09-24T03:38:00.552+0000][23404][gc,marking   ] GC(337) Concurrent Preclean
[2020-09-24T03:38:00.552+0000][23404][gc,marking   ] GC(337) Concurrent Preclean 0.275ms
[2020-09-24T03:38:00.552+0000][23404][gc,marking   ] GC(337) Concurrent Mark (152.877s, 152.986s) 109.120ms
[2020-09-24T03:38:00.553+0000][23404][gc,start     ] GC(337) Pause Remark
[2020-09-24T03:38:00.558+0000][23404][gc           ] GC(337) Pause Remark 460M->460M(1024M) 5.880ms
[2020-09-24T03:38:00.559+0000][23404][gc,cpu       ] GC(337) User=0.11s Sys=0.00s Real=0.01s
[2020-09-24T03:38:00.559+0000][23404][safepoint    ] Safepoint "G1Concurrent", Time since last: 112343800 ns, Reaching safepoint: 153800 ns, At safepoint: 6110900 ns, Total: 6264700 ns
[2020-09-24T03:38:00.559+0000][23404][gc,marking   ] GC(337) Concurrent Rebuild Remembered Sets
[2020-09-24T03:38:00.622+0000][23404][gc,marking   ] GC(337) Concurrent Rebuild Remembered Sets 63.047ms
[2020-09-24T03:38:00.622+0000][23404][gc,start     ] GC(337) Pause Cleanup
[2020-09-24T03:38:00.622+0000][23404][gc           ] GC(337) Pause Cleanup 533M->533M(1024M) 0.297ms
[2020-09-24T03:38:00.622+0000][23404][gc,cpu       ] GC(337) User=0.00s Sys=0.00s Real=0.00s
[2020-09-24T03:38:00.622+0000][23404][safepoint    ] Safepoint "G1Concurrent", Time since last: 63249400 ns, Reaching safepoint: 185300 ns, At safepoint: 437300 ns, Total: 622600 ns
[2020-09-24T03:38:00.623+0000][23404][gc,marking   ] GC(337) Concurrent Cleanup for Next Mark
[2020-09-24T03:38:00.624+0000][23404][gc,marking   ] GC(337) Concurrent Cleanup for Next Mark 1.759ms
[2020-09-24T03:38:00.624+0000][23404][gc           ] GC(337) Concurrent Cycle 184.475ms
[2020-09-24T03:38:00.768+0000][23404][gc,start     ] GC(338) Pause Young (Concurrent Start) (G1 Humongous Allocation)
[2020-09-24T03:38:00.768+0000][23404][gc,task      ] GC(338) Using 8 workers of 8 for evacuation
[2020-09-24T03:38:00.768+0000][23404][gc,age       ] GC(338) Desired survivor size 33030144 bytes, new threshold 15 (max threshold 15)
[2020-09-24T03:38:00.772+0000][23404][gc,age       ] GC(338) Age table with threshold 15 (max threshold 15)
[2020-09-24T03:38:00.772+0000][23404][gc,age       ] GC(338) - age   1:    2387720 bytes,    2387720 total
[2020-09-24T03:38:00.772+0000][23404][gc,age       ] GC(338) - age   2:       5992 bytes,    2393712 total
[2020-09-24T03:38:00.772+0000][23404][gc,age       ] GC(338) - age   3:       2448 bytes,    2396160 total
[2020-09-24T03:38:00.772+0000][23404][gc,age       ] GC(338) - age   4:      32608 bytes,    2428768 total
[2020-09-24T03:38:00.772+0000][23404][gc,age       ] GC(338) - age   5:        888 bytes,    2429656 total
[2020-09-24T03:38:00.772+0000][23404][gc,age       ] GC(338) - age   6:        656 bytes,    2430312 total
[2020-09-24T03:38:00.772+0000][23404][gc,age       ] GC(338) - age   7:      13912 bytes,    2444224 total
[2020-09-24T03:38:00.772+0000][23404][gc,age       ] GC(338) - age   8:       7864 bytes,    2452088 total
[2020-09-24T03:38:00.772+0000][23404][gc,age       ] GC(338) - age   9:      29800 bytes,    2481888 total
[2020-09-24T03:38:00.772+0000][23404][gc,age       ] GC(338) - age  10:        816 bytes,    2482704 total
[2020-09-24T03:38:00.772+0000][23404][gc,age       ] GC(338) - age  11:      31920 bytes,    2514624 total
[2020-09-24T03:38:00.772+0000][23404][gc,age       ] GC(338) - age  12:        752 bytes,    2515376 total
[2020-09-24T03:38:00.772+0000][23404][gc,age       ] GC(338) - age  13:      10128 bytes,    2525504 total
[2020-09-24T03:38:00.772+0000][23404][gc,age       ] GC(338) - age  14:        992 bytes,    2526496 total
[2020-09-24T03:38:00.772+0000][23404][gc,age       ] GC(338) - age  15:       4624 bytes,    2531120 total
[2020-09-24T03:38:00.772+0000][23404][gc,phases    ] GC(338)   Pre Evacuate Collection Set: 0.4ms
[2020-09-24T03:38:00.772+0000][23404][gc,phases    ] GC(338)   Merge Heap Roots: 0.1ms
[2020-09-24T03:38:00.772+0000][23404][gc,phases    ] GC(338)   Evacuate Collection Set: 2.0ms
[2020-09-24T03:38:00.772+0000][23404][gc,phases    ] GC(338)   Post Evacuate Collection Set: 0.7ms
[2020-09-24T03:38:00.772+0000][23404][gc,phases    ] GC(338)   Other: 0.9ms
[2020-09-24T03:38:00.773+0000][23404][gc,heap      ] GC(338) Eden regions: 94->0(502)
[2020-09-24T03:38:00.773+0000][23404][gc,heap      ] GC(338) Survivor regions: 5->3(63)
[2020-09-24T03:38:00.773+0000][23404][gc,heap      ] GC(338) Old regions: 80->80
[2020-09-24T03:38:00.773+0000][23404][gc,heap      ] GC(338) Archive regions: 0->0
[2020-09-24T03:38:00.773+0000][23404][gc,heap      ] GC(338) Humongous regions: 374->174
[2020-09-24T03:38:00.773+0000][23404][gc,metaspace ] GC(338) Metaspace: 89353K(95360K)->89353K(95360K) NonClass: 78026K(81664K)->78026K(81664K) Class: 11327K(13696K)->11327K(13696K)
[2020-09-24T03:38:00.773+0000][23404][gc           ] GC(338) Pause Young (Concurrent Start) (G1 Humongous Allocation) 551M->255M(1024M) 4.387ms
[2020-09-24T03:38:00.773+0000][23404][gc,cpu       ] GC(338) User=0.00s Sys=0.00s Real=0.01s
[2020-09-24T03:38:00.773+0000][23404][gc           ] GC(339) Concurrent Cycle
[2020-09-24T03:38:00.773+0000][23404][safepoint    ] Safepoint "G1TryInitiateConcMark", Time since last: 145547900 ns, Reaching safepoint: 247200 ns, At safepoint: 4566300 ns, Total: 4813500 ns
[2020-09-24T03:38:00.773+0000][23404][gc,marking   ] GC(339) Concurrent Clear Claimed Marks
[2020-09-24T03:38:00.773+0000][23404][gc,marking   ] GC(339) Concurrent Clear Claimed Marks 0.527ms
[2020-09-24T03:38:00.773+0000][23404][gc,marking   ] GC(339) Concurrent Scan Root Regions
[2020-09-24T03:38:00.776+0000][23404][gc,marking   ] GC(339) Concurrent Scan Root Regions 2.570ms
[2020-09-24T03:38:00.776+0000][23404][gc,marking   ] GC(339) Concurrent Mark (153.210s)
[2020-09-24T03:38:00.776+0000][23404][gc,marking   ] GC(339) Concurrent Mark From Roots
[2020-09-24T03:38:00.776+0000][23404][gc,task      ] GC(339) Using 2 workers of 2 for marking
[2020-09-24T03:38:00.866+0000][23404][gc,marking   ] GC(339) Concurrent Mark From Roots 90.248ms
[2020-09-24T03:38:00.866+0000][23404][gc,marking   ] GC(339) Concurrent Preclean
[2020-09-24T03:38:00.867+0000][23404][gc,marking   ] GC(339) Concurrent Preclean 0.360ms
[2020-09-24T03:38:00.867+0000][23404][gc,marking   ] GC(339) Concurrent Mark (153.210s, 153.301s) 90.779ms
[2020-09-24T03:38:00.867+0000][23404][gc,start     ] GC(339) Pause Remark
[2020-09-24T03:38:00.873+0000][23404][gc           ] GC(339) Pause Remark 375M->375M(1024M) 6.072ms
[2020-09-24T03:38:00.873+0000][23404][gc,cpu       ] GC(339) User=0.11s Sys=0.00s Real=0.01s
[2020-09-24T03:38:00.873+0000][23404][safepoint    ] Safepoint "G1Concurrent", Time since last: 94115100 ns, Reaching safepoint: 100300 ns, At safepoint: 6318200 ns, Total: 6418500 ns
[2020-09-24T03:38:00.873+0000][23404][gc,marking   ] GC(339) Concurrent Rebuild Remembered Sets
[2020-09-24T03:38:00.932+0000][23404][gc,marking   ] GC(339) Concurrent Rebuild Remembered Sets 58.336ms
[2020-09-24T03:38:00.932+0000][23404][gc,start     ] GC(339) Pause Cleanup
[2020-09-24T03:38:00.932+0000][23404][gc           ] GC(339) Pause Cleanup 440M->440M(1024M) 0.262ms
[2020-09-24T03:38:00.932+0000][23404][gc,cpu       ] GC(339) User=0.00s Sys=0.00s Real=0.00s
[2020-09-24T03:38:00.932+0000][23404][safepoint    ] Safepoint "G1Concurrent", Time since last: 58507100 ns, Reaching safepoint: 129000 ns, At safepoint: 399100 ns, Total: 528100 ns
[2020-09-24T03:38:00.932+0000][23404][gc,marking   ] GC(339) Concurrent Cleanup for Next Mark
[2020-09-24T03:38:00.934+0000][23404][gc,marking   ] GC(339) Concurrent Cleanup for Next Mark 1.262ms
[2020-09-24T03:38:00.934+0000][23404][gc           ] GC(339) Concurrent Cycle 160.979ms
[2020-09-24T03:38:01.122+0000][23404][gc,start     ] GC(340) Pause Young (Concurrent Start) (G1 Humongous Allocation)
[2020-09-24T03:38:01.122+0000][23404][gc,task      ] GC(340) Using 8 workers of 8 for evacuation
[2020-09-24T03:38:01.122+0000][23404][gc,age       ] GC(340) Desired survivor size 33554432 bytes, new threshold 15 (max threshold 15)
[2020-09-24T03:38:01.125+0000][23404][gc,age       ] GC(340) Age table with threshold 15 (max threshold 15)
[2020-09-24T03:38:01.125+0000][23404][gc,age       ] GC(340) - age   1:    2582240 bytes,    2582240 total
[2020-09-24T03:38:01.125+0000][23404][gc,age       ] GC(340) - age   2:      24608 bytes,    2606848 total
[2020-09-24T03:38:01.125+0000][23404][gc,age       ] GC(340) - age   3:       4424 bytes,    2611272 total
[2020-09-24T03:38:01.125+0000][23404][gc,age       ] GC(340) - age   4:       2256 bytes,    2613528 total
[2020-09-24T03:38:01.125+0000][23404][gc,age       ] GC(340) - age   5:      32608 bytes,    2646136 total
[2020-09-24T03:38:01.125+0000][23404][gc,age       ] GC(340) - age   6:        632 bytes,    2646768 total
[2020-09-24T03:38:01.125+0000][23404][gc,age       ] GC(340) - age   7:        656 bytes,    2647424 total
[2020-09-24T03:38:01.125+0000][23404][gc,age       ] GC(340) - age   8:      13656 bytes,    2661080 total
[2020-09-24T03:38:01.125+0000][23404][gc,age       ] GC(340) - age   9:       7864 bytes,    2668944 total
[2020-09-24T03:38:01.125+0000][23404][gc,age       ] GC(340) - age  10:      29800 bytes,    2698744 total
[2020-09-24T03:38:01.125+0000][23404][gc,age       ] GC(340) - age  11:        816 bytes,    2699560 total
[2020-09-24T03:38:01.125+0000][23404][gc,age       ] GC(340) - age  12:      31920 bytes,    2731480 total
[2020-09-24T03:38:01.125+0000][23404][gc,age       ] GC(340) - age  13:        752 bytes,    2732232 total
[2020-09-24T03:38:01.125+0000][23404][gc,age       ] GC(340) - age  14:      10128 bytes,    2742360 total
[2020-09-24T03:38:01.125+0000][23404][gc,age       ] GC(340) - age  15:        992 bytes,    2743352 total
[2020-09-24T03:38:01.125+0000][23404][gc,phases    ] GC(340)   Pre Evacuate Collection Set: 0.4ms
[2020-09-24T03:38:01.125+0000][23404][gc,phases    ] GC(340)   Merge Heap Roots: 0.1ms
[2020-09-24T03:38:01.125+0000][23404][gc,phases    ] GC(340)   Evacuate Collection Set: 2.0ms
[2020-09-24T03:38:01.125+0000][23404][gc,phases    ] GC(340)   Post Evacuate Collection Set: 0.8ms
[2020-09-24T03:38:01.125+0000][23404][gc,phases    ] GC(340)   Other: 0.6ms
[2020-09-24T03:38:01.125+0000][23404][gc,heap      ] GC(340) Eden regions: 56->0(502)
[2020-09-24T03:38:01.125+0000][23404][gc,heap      ] GC(340) Survivor regions: 3->3(64)
[2020-09-24T03:38:01.125+0000][23404][gc,heap      ] GC(340) Old regions: 80->80
[2020-09-24T03:38:01.125+0000][23404][gc,heap      ] GC(340) Archive regions: 0->0
[2020-09-24T03:38:01.126+0000][23404][gc,heap      ] GC(340) Humongous regions: 308->174
[2020-09-24T03:38:01.126+0000][23404][gc,metaspace ] GC(340) Metaspace: 89353K(95360K)->89353K(95360K) NonClass: 78026K(81664K)->78026K(81664K) Class: 11327K(13696K)->11327K(13696K)
[2020-09-24T03:38:01.126+0000][23404][gc           ] GC(340) Pause Young (Concurrent Start) (G1 Humongous Allocation) 445M->255M(1024M) 4.078ms
[2020-09-24T03:38:01.126+0000][23404][gc,cpu       ] GC(340) User=0.00s Sys=0.00s Real=0.00s
[2020-09-24T03:38:01.126+0000][23404][safepoint    ] Safepoint "G1TryInitiateConcMark", Time since last: 188918500 ns, Reaching safepoint: 153900 ns, At safepoint: 4232400 ns, Total: 4386300 ns
[2020-09-24T03:38:01.126+0000][23404][gc           ] GC(341) Concurrent Cycle
[2020-09-24T03:38:01.126+0000][23404][gc,marking   ] GC(341) Concurrent Clear Claimed Marks
[2020-09-24T03:38:01.126+0000][23404][gc,marking   ] GC(341) Concurrent Clear Claimed Marks 0.320ms
[2020-09-24T03:38:01.126+0000][23404][gc,marking   ] GC(341) Concurrent Scan Root Regions
[2020-09-24T03:38:01.128+0000][23404][gc,marking   ] GC(341) Concurrent Scan Root Regions 1.465ms
[2020-09-24T03:38:01.128+0000][23404][gc,marking   ] GC(341) Concurrent Mark (153.562s)
[2020-09-24T03:38:01.128+0000][23404][gc,marking   ] GC(341) Concurrent Mark From Roots
[2020-09-24T03:38:01.128+0000][23404][gc,task      ] GC(341) Using 2 workers of 2 for marking
[2020-09-24T03:38:01.202+0000][23404][gc,marking   ] GC(341) Concurrent Mark From Roots 74.791ms
[2020-09-24T03:38:01.202+0000][23404][gc,marking   ] GC(341) Concurrent Preclean
[2020-09-24T03:38:01.202+0000][23404][gc,marking   ] GC(341) Concurrent Preclean 0.269ms
[2020-09-24T03:38:01.202+0000][23404][gc,marking   ] GC(341) Concurrent Mark (153.562s, 153.637s) 75.155ms
[2020-09-24T03:38:01.203+0000][23404][gc,start     ] GC(341) Pause Remark
[2020-09-24T03:38:01.208+0000][23404][gc           ] GC(341) Pause Remark 386M->386M(1024M) 5.147ms
[2020-09-24T03:38:01.208+0000][23404][gc,cpu       ] GC(341) User=0.00s Sys=0.00s Real=0.00s
[2020-09-24T03:38:01.208+0000][23404][safepoint    ] Safepoint "G1Concurrent", Time since last: 77223100 ns, Reaching safepoint: 133400 ns, At safepoint: 5394700 ns, Total: 5528100 ns
[2020-09-24T03:38:01.208+0000][23404][gc,marking   ] GC(341) Concurrent Rebuild Remembered Sets
[2020-09-24T03:38:01.273+0000][23404][gc,marking   ] GC(341) Concurrent Rebuild Remembered Sets 64.706ms
[2020-09-24T03:38:01.273+0000][23404][gc,start     ] GC(341) Pause Cleanup
[2020-09-24T03:38:01.274+0000][23404][gc           ] GC(341) Pause Cleanup 437M->437M(1024M) 0.380ms
[2020-09-24T03:38:01.274+0000][23404][gc,cpu       ] GC(341) User=0.00s Sys=0.00s Real=0.00s
[2020-09-24T03:38:01.274+0000][23404][safepoint    ] Safepoint "G1Concurrent", Time since last: 64953400 ns, Reaching safepoint: 263500 ns, At safepoint: 571200 ns, Total: 834700 ns
[2020-09-24T03:38:01.274+0000][23404][gc,marking   ] GC(341) Concurrent Cleanup for Next Mark
[2020-09-24T03:38:01.277+0000][23404][gc,marking   ] GC(341) Concurrent Cleanup for Next Mark 3.280ms
[2020-09-24T03:38:01.277+0000][23404][gc           ] GC(341) Concurrent Cycle 152.163ms
[2020-09-24T03:38:01.278+0000][23404][gc,start     ] GC(342) Pause Young (Concurrent Start) (G1 Humongous Allocation)
[2020-09-24T03:38:01.278+0000][23404][gc,task      ] GC(342) Using 8 workers of 8 for evacuation
[2020-09-24T03:38:01.278+0000][23404][gc,age       ] GC(342) Desired survivor size 33554432 bytes, new threshold 15 (max threshold 15)
[2020-09-24T03:38:01.283+0000][23404][gc,age       ] GC(342) Age table with threshold 15 (max threshold 15)
[2020-09-24T03:38:01.283+0000][23404][gc,age       ] GC(342) - age   1:   14265480 bytes,   14265480 total
[2020-09-24T03:38:01.283+0000][23404][gc,age       ] GC(342) - age   2:       5200 bytes,   14270680 total
[2020-09-24T03:38:01.283+0000][23404][gc,age       ] GC(342) - age   3:      20160 bytes,   14290840 total
[2020-09-24T03:38:01.283+0000][23404][gc,age       ] GC(342) - age   4:       3480 bytes,   14294320 total
[2020-09-24T03:38:01.283+0000][23404][gc,age       ] GC(342) - age   5:       1504 bytes,   14295824 total
[2020-09-24T03:38:01.283+0000][23404][gc,age       ] GC(342) - age   6:      32480 bytes,   14328304 total
[2020-09-24T03:38:01.283+0000][23404][gc,age       ] GC(342) - age   7:        632 bytes,   14328936 total
[2020-09-24T03:38:01.283+0000][23404][gc,age       ] GC(342) - age   8:        656 bytes,   14329592 total
[2020-09-24T03:38:01.283+0000][23404][gc,age       ] GC(342) - age   9:      13592 bytes,   14343184 total
[2020-09-24T03:38:01.283+0000][23404][gc,age       ] GC(342) - age  10:       7864 bytes,   14351048 total
[2020-09-24T03:38:01.283+0000][23404][gc,age       ] GC(342) - age  11:      29768 bytes,   14380816 total
[2020-09-24T03:38:01.283+0000][23404][gc,age       ] GC(342) - age  12:        752 bytes,   14381568 total
[2020-09-24T03:38:01.284+0000][23404][gc,age       ] GC(342) - age  13:      31856 bytes,   14413424 total
[2020-09-24T03:38:01.284+0000][23404][gc,age       ] GC(342) - age  14:        752 bytes,   14414176 total
[2020-09-24T03:38:01.284+0000][23404][gc,age       ] GC(342) - age  15:      10128 bytes,   14424304 total
[2020-09-24T03:38:01.284+0000][23404][gc,phases    ] GC(342)   Pre Evacuate Collection Set: 0.5ms
[2020-09-24T03:38:01.284+0000][23404][gc,phases    ] GC(342)   Merge Heap Roots: 0.1ms
[2020-09-24T03:38:01.284+0000][23404][gc,phases    ] GC(342)   Evacuate Collection Set: 3.8ms
[2020-09-24T03:38:01.284+0000][23404][gc,phases    ] GC(342)   Post Evacuate Collection Set: 0.8ms
[2020-09-24T03:38:01.284+0000][23404][gc,phases    ] GC(342)   Other: 0.7ms
[2020-09-24T03:38:01.284+0000][23404][gc,heap      ] GC(342) Eden regions: 66->0(479)
[2020-09-24T03:38:01.284+0000][23404][gc,heap      ] GC(342) Survivor regions: 3->14(64)
[2020-09-24T03:38:01.284+0000][23404][gc,heap      ] GC(342) Old regions: 80->80
[2020-09-24T03:38:01.284+0000][23404][gc,heap      ] GC(342) Archive regions: 0->0
[2020-09-24T03:38:01.284+0000][23404][gc,heap      ] GC(342) Humongous regions: 328->174
[2020-09-24T03:38:01.284+0000][23404][gc,metaspace ] GC(342) Metaspace: 89353K(95360K)->89353K(95360K) NonClass: 78026K(81664K)->78026K(81664K) Class: 11327K(13696K)->11327K(13696K)
[2020-09-24T03:38:01.284+0000][23404][gc           ] GC(342) Pause Young (Concurrent Start) (G1 Humongous Allocation) 475M->267M(1024M) 6.070ms
[2020-09-24T03:38:01.284+0000][23404][gc,cpu       ] GC(342) User=0.00s Sys=0.00s Real=0.01s
[2020-09-24T03:38:01.284+0000][23404][safepoint    ] Safepoint "G1TryInitiateConcMark", Time since last: 3820900 ns, Reaching safepoint: 219800 ns, At safepoint: 6252900 ns, Total: 6472700 ns
[2020-09-24T03:38:01.284+0000][23404][gc           ] GC(343) Concurrent Cycle
[2020-09-24T03:38:01.284+0000][23404][gc,marking   ] GC(343) Concurrent Clear Claimed Marks
[2020-09-24T03:38:01.284+0000][23404][safepoint    ] Safepoint "G1TryInitiateConcMark", Time since last: 86400 ns, Reaching safepoint: 133200 ns, At safepoint: 33200 ns, Total: 166400 ns
[2020-09-24T03:38:01.285+0000][23404][gc,marking   ] GC(343) Concurrent Clear Claimed Marks 0.528ms
[2020-09-24T03:38:01.285+0000][23404][gc,marking   ] GC(343) Concurrent Scan Root Regions
[2020-09-24T03:38:01.290+0000][23404][gc,marking   ] GC(343) Concurrent Scan Root Regions 4.890ms
[2020-09-24T03:38:01.290+0000][23404][gc,marking   ] GC(343) Concurrent Mark (153.724s)
[2020-09-24T03:38:01.290+0000][23404][gc,marking   ] GC(343) Concurrent Mark From Roots
[2020-09-24T03:38:01.290+0000][23404][gc,task      ] GC(343) Using 2 workers of 2 for marking
[2020-09-24T03:38:01.401+0000][23404][gc,marking   ] GC(343) Concurrent Mark From Roots 110.955ms
[2020-09-24T03:38:01.401+0000][23404][gc,marking   ] GC(343) Concurrent Preclean
[2020-09-24T03:38:01.401+0000][23404][gc,marking   ] GC(343) Concurrent Preclean 0.240ms
[2020-09-24T03:38:01.401+0000][23404][gc,marking   ] GC(343) Concurrent Mark (153.724s, 153.836s) 111.338ms
[2020-09-24T03:38:01.401+0000][23404][gc,start     ] GC(343) Pause Remark
[2020-09-24T03:38:01.406+0000][23404][gc           ] GC(343) Pause Remark 648M->648M(1024M) 5.038ms
[2020-09-24T03:38:01.406+0000][23404][gc,cpu       ] GC(343) User=0.00s Sys=0.00s Real=0.00s
[2020-09-24T03:38:01.407+0000][23404][safepoint    ] Safepoint "G1Concurrent", Time since last: 116925700 ns, Reaching safepoint: 117100 ns, At safepoint: 5225400 ns, Total: 5342500 ns
[2020-09-24T03:38:01.407+0000][23404][gc,marking   ] GC(343) Concurrent Rebuild Remembered Sets
[2020-09-24T03:38:01.461+0000][23404][gc,marking   ] GC(343) Concurrent Rebuild Remembered Sets 54.238ms
[2020-09-24T03:38:01.461+0000][23404][gc,start     ] GC(343) Pause Cleanup
[2020-09-24T03:38:01.462+0000][23404][gc           ] GC(343) Pause Cleanup 650M->650M(1024M) 0.317ms
[2020-09-24T03:38:01.462+0000][23404][gc,cpu       ] GC(343) User=0.00s Sys=0.00s Real=0.00s
[2020-09-24T03:38:01.462+0000][23404][safepoint    ] Safepoint "G1Concurrent", Time since last: 54534600 ns, Reaching safepoint: 148900 ns, At safepoint: 977200 ns, Total: 1126100 ns
[2020-09-24T03:38:01.462+0000][23404][gc,marking   ] GC(343) Concurrent Cleanup for Next Mark
[2020-09-24T03:38:01.464+0000][23404][gc,marking   ] GC(343) Concurrent Cleanup for Next Mark 2.106ms
[2020-09-24T03:38:01.465+0000][23404][gc           ] GC(343) Concurrent Cycle 180.544ms
[2020-09-24T03:38:01.532+0000][23404][gc,start     ] GC(344) Pause Young (Concurrent Start) (G1 Humongous Allocation)
[2020-09-24T03:38:01.532+0000][23404][gc,task      ] GC(344) Using 8 workers of 8 for evacuation
[2020-09-24T03:38:01.532+0000][23404][gc,age       ] GC(344) Desired survivor size 32505856 bytes, new threshold 15 (max threshold 15)
[2020-09-24T03:38:01.535+0000][23404][gc,age       ] GC(344) Age table with threshold 15 (max threshold 15)
[2020-09-24T03:38:01.535+0000][23404][gc,age       ] GC(344) - age   1:    2439088 bytes,    2439088 total
[2020-09-24T03:38:01.535+0000][23404][gc,age       ] GC(344) - age   2:       6904 bytes,    2445992 total
[2020-09-24T03:38:01.535+0000][23404][gc,age       ] GC(344) - age   3:       4552 bytes,    2450544 total
[2020-09-24T03:38:01.535+0000][23404][gc,age       ] GC(344) - age   4:       8368 bytes,    2458912 total
[2020-09-24T03:38:01.535+0000][23404][gc,age       ] GC(344) - age   5:       3072 bytes,    2461984 total
[2020-09-24T03:38:01.535+0000][23404][gc,age       ] GC(344) - age   6:       1184 bytes,    2463168 total
[2020-09-24T03:38:01.535+0000][23404][gc,age       ] GC(344) - age   7:      32352 bytes,    2495520 total
[2020-09-24T03:38:01.535+0000][23404][gc,age       ] GC(344) - age   8:        632 bytes,    2496152 total
[2020-09-24T03:38:01.535+0000][23404][gc,age       ] GC(344) - age   9:        656 bytes,    2496808 total
[2020-09-24T03:38:01.535+0000][23404][gc,age       ] GC(344) - age  10:      13592 bytes,    2510400 total
[2020-09-24T03:38:01.535+0000][23404][gc,age       ] GC(344) - age  11:       7832 bytes,    2518232 total
[2020-09-24T03:38:01.535+0000][23404][gc,age       ] GC(344) - age  12:      29704 bytes,    2547936 total
[2020-09-24T03:38:01.535+0000][23404][gc,age       ] GC(344) - age  13:        752 bytes,    2548688 total
[2020-09-24T03:38:01.535+0000][23404][gc,age       ] GC(344) - age  14:      31856 bytes,    2580544 total
[2020-09-24T03:38:01.535+0000][23404][gc,age       ] GC(344) - age  15:        752 bytes,    2581296 total
[2020-09-24T03:38:01.535+0000][23404][gc,phases    ] GC(344)   Pre Evacuate Collection Set: 0.3ms
[2020-09-24T03:38:01.535+0000][23404][gc,phases    ] GC(344)   Merge Heap Roots: 0.1ms
[2020-09-24T03:38:01.535+0000][23404][gc,phases    ] GC(344)   Evacuate Collection Set: 1.7ms
[2020-09-24T03:38:01.535+0000][23404][gc,phases    ] GC(344)   Post Evacuate Collection Set: 0.7ms
[2020-09-24T03:38:01.535+0000][23404][gc,phases    ] GC(344)   Other: 0.6ms
[2020-09-24T03:38:01.535+0000][23404][gc,heap      ] GC(344) Eden regions: 110->0(493)
[2020-09-24T03:38:01.536+0000][23404][gc,heap      ] GC(344) Survivor regions: 14->3(62)
[2020-09-24T03:38:01.536+0000][23404][gc,heap      ] GC(344) Old regions: 80->80
[2020-09-24T03:38:01.536+0000][23404][gc,heap      ] GC(344) Archive regions: 0->0
[2020-09-24T03:38:01.536+0000][23404][gc,heap      ] GC(344) Humongous regions: 458->174
[2020-09-24T03:38:01.536+0000][23404][gc,metaspace ] GC(344) Metaspace: 89361K(95360K)->89361K(95360K) NonClass: 78033K(81664K)->78033K(81664K) Class: 11327K(13696K)->11327K(13696K)
[2020-09-24T03:38:01.536+0000][23404][gc           ] GC(344) Pause Young (Concurrent Start) (G1 Humongous Allocation) 661M->255M(1024M) 3.678ms
[2020-09-24T03:38:01.536+0000][23404][gc,cpu       ] GC(344) User=0.00s Sys=0.00s Real=0.00s
[2020-09-24T03:38:01.536+0000][23404][safepoint    ] Safepoint "G1TryInitiateConcMark", Time since last: 69577900 ns, Reaching safepoint: 131700 ns, At safepoint: 3805000 ns, Total: 3936700 ns
[2020-09-24T03:38:01.536+0000][23404][gc           ] GC(345) Concurrent Cycle
[2020-09-24T03:38:01.536+0000][23404][gc,marking   ] GC(345) Concurrent Clear Claimed Marks
[2020-09-24T03:38:01.536+0000][23404][gc,marking   ] GC(345) Concurrent Clear Claimed Marks 0.338ms
[2020-09-24T03:38:01.536+0000][23404][gc,marking   ] GC(345) Concurrent Scan Root Regions
[2020-09-24T03:38:01.538+0000][23404][gc,marking   ] GC(345) Concurrent Scan Root Regions 1.330ms
[2020-09-24T03:38:01.538+0000][23404][gc,marking   ] GC(345) Concurrent Mark (153.972s)
[2020-09-24T03:38:01.538+0000][23404][gc,marking   ] GC(345) Concurrent Mark From Roots
[2020-09-24T03:38:01.538+0000][23404][gc,task      ] GC(345) Using 2 workers of 2 for marking
[2020-09-24T03:38:01.633+0000][23404][gc,marking   ] GC(345) Concurrent Mark From Roots 95.138ms
[2020-09-24T03:38:01.633+0000][23404][gc,marking   ] GC(345) Concurrent Preclean
[2020-09-24T03:38:01.633+0000][23404][gc,marking   ] GC(345) Concurrent Preclean 0.273ms
[2020-09-24T03:38:01.633+0000][23404][gc,marking   ] GC(345) Concurrent Mark (153.972s, 154.068s) 95.520ms
[2020-09-24T03:38:01.633+0000][23404][gc,start     ] GC(345) Pause Remark
[2020-09-24T03:38:01.640+0000][23404][gc           ] GC(345) Pause Remark 376M->376M(1024M) 6.236ms
[2020-09-24T03:38:01.640+0000][23404][gc,cpu       ] GC(345) User=0.00s Sys=0.00s Real=0.01s
[2020-09-24T03:38:01.640+0000][23404][safepoint    ] Safepoint "G1Concurrent", Time since last: 97508300 ns, Reaching safepoint: 137200 ns, At safepoint: 6439000 ns, Total: 6576200 ns
[2020-09-24T03:38:01.640+0000][23404][gc,marking   ] GC(345) Concurrent Rebuild Remembered Sets
[2020-09-24T03:38:01.714+0000][23404][gc,marking   ] GC(345) Concurrent Rebuild Remembered Sets 74.598ms
[2020-09-24T03:38:01.715+0000][23404][gc,start     ] GC(345) Pause Cleanup
[2020-09-24T03:38:01.715+0000][23404][gc           ] GC(345) Pause Cleanup 435M->435M(1024M) 0.320ms
[2020-09-24T03:38:01.715+0000][23404][gc,cpu       ] GC(345) User=0.00s Sys=0.00s Real=0.00s
[2020-09-24T03:38:01.715+0000][23404][safepoint    ] Safepoint "G1Concurrent", Time since last: 74811400 ns, Reaching safepoint: 123000 ns, At safepoint: 444200 ns, Total: 567200 ns
[2020-09-24T03:38:01.715+0000][23404][gc,marking   ] GC(345) Concurrent Cleanup for Next Mark
[2020-09-24T03:38:01.717+0000][23404][gc,marking   ] GC(345) Concurrent Cleanup for Next Mark 1.455ms
[2020-09-24T03:38:01.717+0000][23404][gc           ] GC(345) Concurrent Cycle 181.079ms
[2020-09-24T03:38:01.789+0000][23404][gc,start     ] GC(346) Pause Young (Concurrent Start) (G1 Humongous Allocation)
[2020-09-24T03:38:01.789+0000][23404][gc,task      ] GC(346) Using 8 workers of 8 for evacuation
[2020-09-24T03:38:01.789+0000][23404][gc,age       ] GC(346) Desired survivor size 32505856 bytes, new threshold 15 (max threshold 15)
[2020-09-24T03:38:01.793+0000][23404][gc,age       ] GC(346) Age table with threshold 15 (max threshold 15)
[2020-09-24T03:38:01.793+0000][23404][gc,age       ] GC(346) - age   1:    7591904 bytes,    7591904 total
[2020-09-24T03:38:01.793+0000][23404][gc,age       ] GC(346) - age   2:      11864 bytes,    7603768 total
[2020-09-24T03:38:01.793+0000][23404][gc,age       ] GC(346) - age   3:       5840 bytes,    7609608 total
[2020-09-24T03:38:01.793+0000][23404][gc,age       ] GC(346) - age   4:       1552 bytes,    7611160 total
[2020-09-24T03:38:01.794+0000][23404][gc,age       ] GC(346) - age   5:       7232 bytes,    7618392 total
[2020-09-24T03:38:01.794+0000][23404][gc,age       ] GC(346) - age   6:       2816 bytes,    7621208 total
[2020-09-24T03:38:01.794+0000][23404][gc,age       ] GC(346) - age   7:       1056 bytes,    7622264 total
[2020-09-24T03:38:01.794+0000][23404][gc,age       ] GC(346) - age   8:      32352 bytes,    7654616 total
[2020-09-24T03:38:01.794+0000][23404][gc,age       ] GC(346) - age   9:        632 bytes,    7655248 total
[2020-09-24T03:38:01.794+0000][23404][gc,age       ] GC(346) - age  10:        656 bytes,    7655904 total
[2020-09-24T03:38:01.794+0000][23404][gc,age       ] GC(346) - age  11:      13528 bytes,    7669432 total
[2020-09-24T03:38:01.794+0000][23404][gc,age       ] GC(346) - age  12:       7640 bytes,    7677072 total
[2020-09-24T03:38:01.794+0000][23404][gc,age       ] GC(346) - age  13:      29640 bytes,    7706712 total
[2020-09-24T03:38:01.794+0000][23404][gc,age       ] GC(346) - age  14:        752 bytes,    7707464 total
[2020-09-24T03:38:01.794+0000][23404][gc,age       ] GC(346) - age  15:      31856 bytes,    7739320 total
[2020-09-24T03:38:01.794+0000][23404][gc,phases    ] GC(346)   Pre Evacuate Collection Set: 0.4ms
[2020-09-24T03:38:01.794+0000][23404][gc,phases    ] GC(346)   Merge Heap Roots: 0.1ms
[2020-09-24T03:38:01.794+0000][23404][gc,phases    ] GC(346)   Evacuate Collection Set: 2.9ms
[2020-09-24T03:38:01.794+0000][23404][gc,phases    ] GC(346)   Post Evacuate Collection Set: 0.9ms
[2020-09-24T03:38:01.794+0000][23404][gc,phases    ] GC(346)   Other: 1.1ms
[2020-09-24T03:38:01.794+0000][23404][gc,heap      ] GC(346) Eden regions: 64->0(486)
[2020-09-24T03:38:01.794+0000][23404][gc,heap      ] GC(346) Survivor regions: 3->8(62)
[2020-09-24T03:38:01.794+0000][23404][gc,heap      ] GC(346) Old regions: 80->80
[2020-09-24T03:38:01.794+0000][23404][gc,heap      ] GC(346) Archive regions: 0->0
[2020-09-24T03:38:01.794+0000][23404][gc,heap      ] GC(346) Humongous regions: 304->174
[2020-09-24T03:38:01.794+0000][23404][gc,metaspace ] GC(346) Metaspace: 89361K(95360K)->89361K(95360K) NonClass: 78033K(81664K)->78033K(81664K) Class: 11327K(13696K)->11327K(13696K)
[2020-09-24T03:38:01.794+0000][23404][gc           ] GC(346) Pause Young (Concurrent Start) (G1 Humongous Allocation) 449M->260M(1024M) 5.812ms
[2020-09-24T03:38:01.795+0000][23404][gc,cpu       ] GC(346) User=0.09s Sys=0.00s Real=0.01s
[2020-09-24T03:38:01.795+0000][23404][gc           ] GC(347) Concurrent Cycle
[2020-09-24T03:38:01.795+0000][23404][gc,marking   ] GC(347) Concurrent Clear Claimed Marks
[2020-09-24T03:38:01.795+0000][23404][safepoint    ] Safepoint "G1TryInitiateConcMark", Time since last: 73168300 ns, Reaching safepoint: 193400 ns, At safepoint: 6213300 ns, Total: 6406700 ns
[2020-09-24T03:38:01.795+0000][23404][gc,marking   ] GC(347) Concurrent Clear Claimed Marks 0.312ms
[2020-09-24T03:38:01.795+0000][23404][gc,marking   ] GC(347) Concurrent Scan Root Regions
[2020-09-24T03:38:01.798+0000][23404][gc,marking   ] GC(347) Concurrent Scan Root Regions 2.537ms
[2020-09-24T03:38:01.798+0000][23404][gc,marking   ] GC(347) Concurrent Mark (154.232s)
[2020-09-24T03:38:01.798+0000][23404][gc,marking   ] GC(347) Concurrent Mark From Roots
[2020-09-24T03:38:01.798+0000][23404][gc,task      ] GC(347) Using 2 workers of 2 for marking
[2020-09-24T03:38:01.932+0000][23404][gc,marking   ] GC(347) Concurrent Mark From Roots 134.438ms
[2020-09-24T03:38:01.932+0000][23404][gc,marking   ] GC(347) Concurrent Preclean
[2020-09-24T03:38:01.933+0000][23404][gc,marking   ] GC(347) Concurrent Preclean 0.286ms
[2020-09-24T03:38:01.933+0000][23404][gc,marking   ] GC(347) Concurrent Mark (154.232s, 154.367s) 134.863ms
[2020-09-24T03:38:01.933+0000][23404][gc,start     ] GC(347) Pause Remark
[2020-09-24T03:38:01.938+0000][23404][gc           ] GC(347) Pause Remark 716M->716M(1024M) 5.413ms
[2020-09-24T03:38:01.938+0000][23404][gc,cpu       ] GC(347) User=0.00s Sys=0.00s Real=0.00s
[2020-09-24T03:38:01.938+0000][23404][safepoint    ] Safepoint "G1Concurrent", Time since last: 137914900 ns, Reaching safepoint: 119600 ns, At safepoint: 5598300 ns, Total: 5717900 ns
[2020-09-24T03:38:01.938+0000][23404][gc,marking   ] GC(347) Concurrent Rebuild Remembered Sets
[2020-09-24T03:38:02.012+0000][23404][gc,marking   ] GC(347) Concurrent Rebuild Remembered Sets 73.595ms
[2020-09-24T03:38:02.012+0000][23404][gc,start     ] GC(347) Pause Cleanup
[2020-09-24T03:38:02.013+0000][23404][gc           ] GC(347) Pause Cleanup 724M->724M(1024M) 0.339ms
[2020-09-24T03:38:02.013+0000][23404][gc,cpu       ] GC(347) User=0.00s Sys=0.00s Real=0.00s
[2020-09-24T03:38:02.013+0000][23404][safepoint    ] Safepoint "G1Concurrent", Time since last: 73746200 ns, Reaching safepoint: 121200 ns, At safepoint: 502100 ns, Total: 623300 ns
[2020-09-24T03:38:02.013+0000][23404][gc,marking   ] GC(347) Concurrent Cleanup for Next Mark
[2020-09-24T03:38:02.014+0000][23404][gc,marking   ] GC(347) Concurrent Cleanup for Next Mark 1.589ms
[2020-09-24T03:38:02.015+0000][23404][gc           ] GC(347) Concurrent Cycle 220.000ms
[2020-09-24T03:38:02.066+0000][23404][gc,start     ] GC(348) Pause Young (Concurrent Start) (G1 Humongous Allocation)
[2020-09-24T03:38:02.066+0000][23404][gc,task      ] GC(348) Using 8 workers of 8 for evacuation
[2020-09-24T03:38:02.066+0000][23404][gc,age       ] GC(348) Desired survivor size 32505856 bytes, new threshold 15 (max threshold 15)
[2020-09-24T03:38:02.071+0000][23404][gc,age       ] GC(348) Age table with threshold 15 (max threshold 15)
[2020-09-24T03:38:02.071+0000][23404][gc,age       ] GC(348) - age   1:   11077888 bytes,   11077888 total
[2020-09-24T03:38:02.071+0000][23404][gc,age       ] GC(348) - age   2:       6664 bytes,   11084552 total
[2020-09-24T03:38:02.071+0000][23404][gc,age       ] GC(348) - age   3:       4200 bytes,   11088752 total
[2020-09-24T03:38:02.071+0000][23404][gc,age       ] GC(348) - age   4:       4936 bytes,   11093688 total
[2020-09-24T03:38:02.071+0000][23404][gc,age       ] GC(348) - age   5:       1296 bytes,   11094984 total
[2020-09-24T03:38:02.071+0000][23404][gc,age       ] GC(348) - age   6:       6680 bytes,   11101664 total
[2020-09-24T03:38:02.071+0000][23404][gc,age       ] GC(348) - age   7:       2752 bytes,   11104416 total
[2020-09-24T03:38:02.071+0000][23404][gc,age       ] GC(348) - age   8:       1056 bytes,   11105472 total
[2020-09-24T03:38:02.071+0000][23404][gc,age       ] GC(348) - age   9:      29768 bytes,   11135240 total
[2020-09-24T03:38:02.071+0000][23404][gc,age       ] GC(348) - age  10:        272 bytes,   11135512 total
[2020-09-24T03:38:02.071+0000][23404][gc,age       ] GC(348) - age  11:        656 bytes,   11136168 total
[2020-09-24T03:38:02.071+0000][23404][gc,age       ] GC(348) - age  12:      13528 bytes,   11149696 total
[2020-09-24T03:38:02.071+0000][23404][gc,age       ] GC(348) - age  13:       7640 bytes,   11157336 total
[2020-09-24T03:38:02.071+0000][23404][gc,age       ] GC(348) - age  14:      29640 bytes,   11186976 total
[2020-09-24T03:38:02.071+0000][23404][gc,age       ] GC(348) - age  15:        752 bytes,   11187728 total
[2020-09-24T03:38:02.071+0000][23404][gc,phases    ] GC(348)   Pre Evacuate Collection Set: 0.4ms
[2020-09-24T03:38:02.071+0000][23404][gc,phases    ] GC(348)   Merge Heap Roots: 0.1ms
[2020-09-24T03:38:02.071+0000][23404][gc,phases    ] GC(348)   Evacuate Collection Set: 3.6ms
[2020-09-24T03:38:02.071+0000][23404][gc,phases    ] GC(348)   Post Evacuate Collection Set: 0.9ms
[2020-09-24T03:38:02.071+0000][23404][gc,phases    ] GC(348)   Other: 0.8ms
[2020-09-24T03:38:02.071+0000][23404][gc,heap      ] GC(348) Eden regions: 140->0(470)
[2020-09-24T03:38:02.071+0000][23404][gc,heap      ] GC(348) Survivor regions: 8->11(62)
[2020-09-24T03:38:02.071+0000][23404][gc,heap      ] GC(348) Old regions: 80->80
[2020-09-24T03:38:02.072+0000][23404][gc,heap      ] GC(348) Archive regions: 0->0
[2020-09-24T03:38:02.072+0000][23404][gc,heap      ] GC(348) Humongous regions: 516->174
[2020-09-24T03:38:02.072+0000][23404][gc,metaspace ] GC(348) Metaspace: 89371K(95360K)->89371K(95360K) NonClass: 78043K(81664K)->78043K(81664K) Class: 11327K(13696K)->11327K(13696K)
[2020-09-24T03:38:02.072+0000][23404][gc           ] GC(348) Pause Young (Concurrent Start) (G1 Humongous Allocation) 742M->263M(1024M) 5.964ms
[2020-09-24T03:38:02.072+0000][23404][gc,cpu       ] GC(348) User=0.06s Sys=0.02s Real=0.01s
[2020-09-24T03:38:02.072+0000][23404][gc           ] GC(349) Concurrent Cycle
[2020-09-24T03:38:02.072+0000][23404][gc,marking   ] GC(349) Concurrent Clear Claimed Marks
[2020-09-24T03:38:02.072+0000][23404][safepoint    ] Safepoint "G1TryInitiateConcMark", Time since last: 52637800 ns, Reaching safepoint: 194700 ns, At safepoint: 6552400 ns, Total: 6747100 ns
[2020-09-24T03:38:02.072+0000][23404][gc,marking   ] GC(349) Concurrent Clear Claimed Marks 0.364ms
[2020-09-24T03:38:02.072+0000][23404][gc,marking   ] GC(349) Concurrent Scan Root Regions
[2020-09-24T03:38:02.075+0000][23404][gc,marking   ] GC(349) Concurrent Scan Root Regions 2.667ms
[2020-09-24T03:38:02.075+0000][23404][gc,marking   ] GC(349) Concurrent Mark (154.510s)
[2020-09-24T03:38:02.075+0000][23404][gc,marking   ] GC(349) Concurrent Mark From Roots
[2020-09-24T03:38:02.075+0000][23404][gc,task      ] GC(349) Using 2 workers of 2 for marking
[2020-09-24T03:38:02.209+0000][23404][gc,marking   ] GC(349) Concurrent Mark From Roots 133.860ms
[2020-09-24T03:38:02.209+0000][23404][gc,marking   ] GC(349) Concurrent Preclean
[2020-09-24T03:38:02.209+0000][23404][gc,marking   ] GC(349) Concurrent Preclean 0.278ms
[2020-09-24T03:38:02.209+0000][23404][gc,marking   ] GC(349) Concurrent Mark (154.510s, 154.644s) 134.295ms
[2020-09-24T03:38:02.210+0000][23404][gc,start     ] GC(349) Pause Remark
[2020-09-24T03:38:02.217+0000][23404][gc           ] GC(349) Pause Remark 661M->661M(1024M) 7.398ms
[2020-09-24T03:38:02.217+0000][23404][gc,cpu       ] GC(349) User=0.11s Sys=0.00s Real=0.01s
[2020-09-24T03:38:02.217+0000][23404][safepoint    ] Safepoint "G1Concurrent", Time since last: 137266400 ns, Reaching safepoint: 131000 ns, At safepoint: 7655500 ns, Total: 7786500 ns
[2020-09-24T03:38:02.217+0000][23404][gc,marking   ] GC(349) Concurrent Rebuild Remembered Sets
[2020-09-24T03:38:02.284+0000][23404][gc,marking   ] GC(349) Concurrent Rebuild Remembered Sets 67.119ms
[2020-09-24T03:38:02.285+0000][23404][gc,start     ] GC(349) Pause Cleanup
[2020-09-24T03:38:02.285+0000][23404][gc           ] GC(349) Pause Cleanup 667M->667M(1024M) 0.302ms
[2020-09-24T03:38:02.285+0000][23404][gc,cpu       ] GC(349) User=0.00s Sys=0.00s Real=0.00s
[2020-09-24T03:38:02.285+0000][23404][safepoint    ] Safepoint "G1Concurrent", Time since last: 67392400 ns, Reaching safepoint: 233100 ns, At safepoint: 492900 ns, Total: 726000 ns
[2020-09-24T03:38:02.285+0000][23404][gc,marking   ] GC(349) Concurrent Cleanup for Next Mark
[2020-09-24T03:38:02.287+0000][23404][gc,marking   ] GC(349) Concurrent Cleanup for Next Mark 1.675ms
[2020-09-24T03:38:02.287+0000][23404][gc           ] GC(349) Concurrent Cycle 215.475ms
[2020-09-24T03:38:02.361+0000][23404][gc,start     ] GC(350) Pause Young (Concurrent Start) (G1 Humongous Allocation)
[2020-09-24T03:38:02.361+0000][23404][gc,task      ] GC(350) Using 8 workers of 8 for evacuation
[2020-09-24T03:38:02.361+0000][23404][gc,age       ] GC(350) Desired survivor size 31981568 bytes, new threshold 15 (max threshold 15)
[2020-09-24T03:38:02.365+0000][23404][gc,age       ] GC(350) Age table with threshold 15 (max threshold 15)
[2020-09-24T03:38:02.365+0000][23404][gc,age       ] GC(350) - age   1:    1948952 bytes,    1948952 total
[2020-09-24T03:38:02.365+0000][23404][gc,age       ] GC(350) - age   2:      10608 bytes,    1959560 total
[2020-09-24T03:38:02.365+0000][23404][gc,age       ] GC(350) - age   3:       6344 bytes,    1965904 total
[2020-09-24T03:38:02.365+0000][23404][gc,age       ] GC(350) - age   4:       3552 bytes,    1969456 total
[2020-09-24T03:38:02.365+0000][23404][gc,age       ] GC(350) - age   5:       3984 bytes,    1973440 total
[2020-09-24T03:38:02.365+0000][23404][gc,age       ] GC(350) - age   6:       1296 bytes,    1974736 total
[2020-09-24T03:38:02.365+0000][23404][gc,age       ] GC(350) - age   7:       6680 bytes,    1981416 total
[2020-09-24T03:38:02.365+0000][23404][gc,age       ] GC(350) - age   8:       2688 bytes,    1984104 total
[2020-09-24T03:38:02.365+0000][23404][gc,age       ] GC(350) - age   9:       1056 bytes,    1985160 total
[2020-09-24T03:38:02.365+0000][23404][gc,age       ] GC(350) - age  10:      29552 bytes,    2014712 total
[2020-09-24T03:38:02.365+0000][23404][gc,age       ] GC(350) - age  11:        272 bytes,    2014984 total
[2020-09-24T03:38:02.365+0000][23404][gc,age       ] GC(350) - age  12:        656 bytes,    2015640 total
[2020-09-24T03:38:02.365+0000][23404][gc,age       ] GC(350) - age  13:      13528 bytes,    2029168 total
[2020-09-24T03:38:02.365+0000][23404][gc,age       ] GC(350) - age  14:       7640 bytes,    2036808 total
[2020-09-24T03:38:02.365+0000][23404][gc,age       ] GC(350) - age  15:      29576 bytes,    2066384 total
[2020-09-24T03:38:02.365+0000][23404][gc,phases    ] GC(350)   Pre Evacuate Collection Set: 0.4ms
[2020-09-24T03:38:02.365+0000][23404][gc,phases    ] GC(350)   Merge Heap Roots: 0.1ms
[2020-09-24T03:38:02.365+0000][23404][gc,phases    ] GC(350)   Evacuate Collection Set: 1.8ms
[2020-09-24T03:38:02.365+0000][23404][gc,phases    ] GC(350)   Post Evacuate Collection Set: 0.8ms
[2020-09-24T03:38:02.365+0000][23404][gc,phases    ] GC(350)   Other: 0.8ms
[2020-09-24T03:38:02.365+0000][23404][gc,heap      ] GC(350) Eden regions: 111->0(484)
[2020-09-24T03:38:02.365+0000][23404][gc,heap      ] GC(350) Survivor regions: 11->3(61)
[2020-09-24T03:38:02.365+0000][23404][gc,heap      ] GC(350) Old regions: 80->80
[2020-09-24T03:38:02.365+0000][23404][gc,heap      ] GC(350) Archive regions: 0->0
[2020-09-24T03:38:02.365+0000][23404][gc,heap      ] GC(350) Humongous regions: 474->174
[2020-09-24T03:38:02.365+0000][23404][gc,metaspace ] GC(350) Metaspace: 89373K(95360K)->89373K(95360K) NonClass: 78045K(81664K)->78045K(81664K) Class: 11327K(13696K)->11327K(13696K)
[2020-09-24T03:38:02.365+0000][23404][gc           ] GC(350) Pause Young (Concurrent Start) (G1 Humongous Allocation) 674M->255M(1024M) 4.117ms
[2020-09-24T03:38:02.366+0000][23404][gc,cpu       ] GC(350) User=0.00s Sys=0.00s Real=0.00s
[2020-09-24T03:38:02.366+0000][23404][safepoint    ] Safepoint "G1TryInitiateConcMark", Time since last: 75819500 ns, Reaching safepoint: 132500 ns, At safepoint: 4277000 ns, Total: 4409500 ns
[2020-09-24T03:38:02.366+0000][23404][gc           ] GC(351) Concurrent Cycle
[2020-09-24T03:38:02.366+0000][23404][gc,marking   ] GC(351) Concurrent Clear Claimed Marks
[2020-09-24T03:38:02.366+0000][23404][gc,marking   ] GC(351) Concurrent Clear Claimed Marks 0.396ms
[2020-09-24T03:38:02.366+0000][23404][gc,marking   ] GC(351) Concurrent Scan Root Regions
[2020-09-24T03:38:02.368+0000][23404][gc,marking   ] GC(351) Concurrent Scan Root Regions 1.923ms
[2020-09-24T03:38:02.368+0000][23404][gc,marking   ] GC(351) Concurrent Mark (154.803s)
[2020-09-24T03:38:02.368+0000][23404][gc,marking   ] GC(351) Concurrent Mark From Roots
[2020-09-24T03:38:02.368+0000][23404][gc,task      ] GC(351) Using 2 workers of 2 for marking
[2020-09-24T03:38:02.488+0000][23404][gc,marking   ] GC(351) Concurrent Mark From Roots 119.720ms
[2020-09-24T03:38:02.488+0000][23404][gc,marking   ] GC(351) Concurrent Preclean
[2020-09-24T03:38:02.488+0000][23404][gc,marking   ] GC(351) Concurrent Preclean 0.298ms
[2020-09-24T03:38:02.488+0000][23404][gc,marking   ] GC(351) Concurrent Mark (154.803s, 154.923s) 120.184ms
[2020-09-24T03:38:02.488+0000][23404][gc,start     ] GC(351) Pause Remark
[2020-09-24T03:38:02.495+0000][23404][gc           ] GC(351) Pause Remark 347M->347M(1024M) 6.550ms
[2020-09-24T03:38:02.495+0000][23404][gc,cpu       ] GC(351) User=0.11s Sys=0.00s Real=0.01s
[2020-09-24T03:38:02.495+0000][23404][safepoint    ] Safepoint "G1Concurrent", Time since last: 122775000 ns, Reaching safepoint: 143800 ns, At safepoint: 6733400 ns, Total: 6877200 ns
[2020-09-24T03:38:02.495+0000][23404][gc,marking   ] GC(351) Concurrent Rebuild Remembered Sets
[2020-09-24T03:38:02.571+0000][23404][gc,marking   ] GC(351) Concurrent Rebuild Remembered Sets 75.784ms
[2020-09-24T03:38:02.571+0000][23404][gc,start     ] GC(351) Pause Cleanup
[2020-09-24T03:38:02.572+0000][23404][gc           ] GC(351) Pause Cleanup 413M->413M(1024M) 0.372ms
[2020-09-24T03:38:02.572+0000][23404][gc,cpu       ] GC(351) User=0.00s Sys=0.00s Real=0.00s
[2020-09-24T03:38:02.572+0000][23404][safepoint    ] Safepoint "G1Concurrent", Time since last: 75968500 ns, Reaching safepoint: 164400 ns, At safepoint: 552100 ns, Total: 716500 ns
[2020-09-24T03:38:02.572+0000][23404][gc,marking   ] GC(351) Concurrent Cleanup for Next Mark
[2020-09-24T03:38:02.574+0000][23404][gc,marking   ] GC(351) Concurrent Cleanup for Next Mark 2.258ms
[2020-09-24T03:38:02.574+0000][23404][gc           ] GC(351) Concurrent Cycle 208.887ms
[2020-09-24T03:38:02.681+0000][23404][gc,start     ] GC(352) Pause Young (Concurrent Start) (G1 Humongous Allocation)
[2020-09-24T03:38:02.681+0000][23404][gc,task      ] GC(352) Using 8 workers of 8 for evacuation
[2020-09-24T03:38:02.681+0000][23404][gc,age       ] GC(352) Desired survivor size 31981568 bytes, new threshold 15 (max threshold 15)
[2020-09-24T03:38:02.685+0000][23404][gc,age       ] GC(352) Age table with threshold 15 (max threshold 15)
[2020-09-24T03:38:02.685+0000][23404][gc,age       ] GC(352) - age   1:    2906904 bytes,    2906904 total
[2020-09-24T03:38:02.685+0000][23404][gc,age       ] GC(352) - age   2:      26728 bytes,    2933632 total
[2020-09-24T03:38:02.685+0000][23404][gc,age       ] GC(352) - age   3:       9824 bytes,    2943456 total
[2020-09-24T03:38:02.685+0000][23404][gc,age       ] GC(352) - age   4:       6184 bytes,    2949640 total
[2020-09-24T03:38:02.685+0000][23404][gc,age       ] GC(352) - age   5:       3320 bytes,    2952960 total
[2020-09-24T03:38:02.685+0000][23404][gc,age       ] GC(352) - age   6:       3856 bytes,    2956816 total
[2020-09-24T03:38:02.685+0000][23404][gc,age       ] GC(352) - age   7:       1296 bytes,    2958112 total
[2020-09-24T03:38:02.685+0000][23404][gc,age       ] GC(352) - age   8:       6328 bytes,    2964440 total
[2020-09-24T03:38:02.685+0000][23404][gc,age       ] GC(352) - age   9:       2688 bytes,    2967128 total
[2020-09-24T03:38:02.685+0000][23404][gc,age       ] GC(352) - age  10:       1056 bytes,    2968184 total
[2020-09-24T03:38:02.685+0000][23404][gc,age       ] GC(352) - age  11:      29456 bytes,    2997640 total
[2020-09-24T03:38:02.685+0000][23404][gc,age       ] GC(352) - age  12:        272 bytes,    2997912 total
[2020-09-24T03:38:02.685+0000][23404][gc,age       ] GC(352) - age  13:        656 bytes,    2998568 total
[2020-09-24T03:38:02.685+0000][23404][gc,age       ] GC(352) - age  14:      13528 bytes,    3012096 total
[2020-09-24T03:38:02.685+0000][23404][gc,age       ] GC(352) - age  15:       7640 bytes,    3019736 total
[2020-09-24T03:38:02.685+0000][23404][gc,phases    ] GC(352)   Pre Evacuate Collection Set: 0.4ms
[2020-09-24T03:38:02.685+0000][23404][gc,phases    ] GC(352)   Merge Heap Roots: 0.1ms
[2020-09-24T03:38:02.685+0000][23404][gc,phases    ] GC(352)   Evacuate Collection Set: 2.1ms
[2020-09-24T03:38:02.685+0000][23404][gc,phases    ] GC(352)   Post Evacuate Collection Set: 0.8ms
[2020-09-24T03:38:02.685+0000][23404][gc,phases    ] GC(352)   Other: 0.9ms
[2020-09-24T03:38:02.685+0000][23404][gc,heap      ] GC(352) Eden regions: 58->0(487)
[2020-09-24T03:38:02.685+0000][23404][gc,heap      ] GC(352) Survivor regions: 3->4(61)
[2020-09-24T03:38:02.685+0000][23404][gc,heap      ] GC(352) Old regions: 80->80
[2020-09-24T03:38:02.685+0000][23404][gc,heap      ] GC(352) Archive regions: 0->0
[2020-09-24T03:38:02.686+0000][23404][gc,heap      ] GC(352) Humongous regions: 286->174
[2020-09-24T03:38:02.686+0000][23404][gc,metaspace ] GC(352) Metaspace: 89375K(95360K)->89375K(95360K) NonClass: 78048K(81664K)->78048K(81664K) Class: 11327K(13696K)->11327K(13696K)
[2020-09-24T03:38:02.686+0000][23404][gc           ] GC(352) Pause Young (Concurrent Start) (G1 Humongous Allocation) 425M->256M(1024M) 4.633ms
[2020-09-24T03:38:02.686+0000][23404][gc,cpu       ] GC(352) User=0.00s Sys=0.00s Real=0.01s
[2020-09-24T03:38:02.686+0000][23404][safepoint    ] Safepoint "G1TryInitiateConcMark", Time since last: 108923500 ns, Reaching safepoint: 158600 ns, At safepoint: 4785000 ns, Total: 4943600 ns
[2020-09-24T03:38:02.686+0000][23404][gc           ] GC(353) Concurrent Cycle
[2020-09-24T03:38:02.686+0000][23404][gc,marking   ] GC(353) Concurrent Clear Claimed Marks
[2020-09-24T03:38:02.687+0000][23404][gc,marking   ] GC(353) Concurrent Clear Claimed Marks 0.938ms
[2020-09-24T03:38:02.687+0000][23404][gc,marking   ] GC(353) Concurrent Scan Root Regions
[2020-09-24T03:38:02.690+0000][23404][gc,marking   ] GC(353) Concurrent Scan Root Regions 2.903ms
[2020-09-24T03:38:02.690+0000][23404][gc,marking   ] GC(353) Concurrent Mark (155.125s)
[2020-09-24T03:38:02.690+0000][23404][gc,marking   ] GC(353) Concurrent Mark From Roots
[2020-09-24T03:38:02.690+0000][23404][gc,task      ] GC(353) Using 2 workers of 2 for marking
[2020-09-24T03:38:02.829+0000][23404][gc,marking   ] GC(353) Concurrent Mark From Roots 138.636ms
[2020-09-24T03:38:02.829+0000][23404][gc,marking   ] GC(353) Concurrent Preclean
[2020-09-24T03:38:02.829+0000][23404][gc,marking   ] GC(353) Concurrent Preclean 0.321ms
[2020-09-24T03:38:02.829+0000][23404][gc,marking   ] GC(353) Concurrent Mark (155.125s, 155.264s) 139.133ms
[2020-09-24T03:38:02.829+0000][23404][gc,start     ] GC(353) Pause Remark
[2020-09-24T03:38:02.836+0000][23404][gc           ] GC(353) Pause Remark 325M->325M(1024M) 6.229ms
[2020-09-24T03:38:02.836+0000][23404][gc,cpu       ] GC(353) User=0.03s Sys=0.00s Real=0.01s
[2020-09-24T03:38:02.836+0000][23404][safepoint    ] Safepoint "G1Concurrent", Time since last: 143441300 ns, Reaching safepoint: 134700 ns, At safepoint: 6449400 ns, Total: 6584100 ns
[2020-09-24T03:38:02.836+0000][23404][gc,marking   ] GC(353) Concurrent Rebuild Remembered Sets
[2020-09-24T03:38:02.910+0000][23404][gc,marking   ] GC(353) Concurrent Rebuild Remembered Sets 74.163ms
[2020-09-24T03:38:02.910+0000][23404][gc,start     ] GC(353) Pause Cleanup
[2020-09-24T03:38:02.911+0000][23404][gc           ] GC(353) Pause Cleanup 325M->325M(1024M) 0.280ms
[2020-09-24T03:38:02.911+0000][23404][gc,cpu       ] GC(353) User=0.00s Sys=0.00s Real=0.00s
[2020-09-24T03:38:02.911+0000][23404][safepoint    ] Safepoint "G1Concurrent", Time since last: 74336900 ns, Reaching safepoint: 117200 ns, At safepoint: 472900 ns, Total: 590100 ns
[2020-09-24T03:38:02.911+0000][23404][gc,marking   ] GC(353) Concurrent Cleanup for Next Mark
[2020-09-24T03:38:02.912+0000][23404][gc,marking   ] GC(353) Concurrent Cleanup for Next Mark 1.689ms
[2020-09-24T03:38:02.913+0000][23404][gc           ] GC(353) Concurrent Cycle 226.870ms
[2020-09-24T03:38:02.950+0000][23404][gc,start     ] GC(354) Pause Young (Concurrent Start) (G1 Humongous Allocation)
[2020-09-24T03:38:02.950+0000][23404][gc,task      ] GC(354) Using 8 workers of 8 for evacuation
[2020-09-24T03:38:02.950+0000][23404][gc,age       ] GC(354) Desired survivor size 32505856 bytes, new threshold 15 (max threshold 15)
[2020-09-24T03:38:02.955+0000][23404][gc,age       ] GC(354) Age table with threshold 15 (max threshold 15)
[2020-09-24T03:38:02.955+0000][23404][gc,age       ] GC(354) - age   1:   13507720 bytes,   13507720 total
[2020-09-24T03:38:02.955+0000][23404][gc,age       ] GC(354) - age   2:      20384 bytes,   13528104 total
[2020-09-24T03:38:02.955+0000][23404][gc,age       ] GC(354) - age   3:      24864 bytes,   13552968 total
[2020-09-24T03:38:02.955+0000][23404][gc,age       ] GC(354) - age   4:       9048 bytes,   13562016 total
[2020-09-24T03:38:02.955+0000][23404][gc,age       ] GC(354) - age   5:       5136 bytes,   13567152 total
[2020-09-24T03:38:02.955+0000][23404][gc,age       ] GC(354) - age   6:       3256 bytes,   13570408 total
[2020-09-24T03:38:02.955+0000][23404][gc,age       ] GC(354) - age   7:       3824 bytes,   13574232 total
[2020-09-24T03:38:02.955+0000][23404][gc,age       ] GC(354) - age   8:       1296 bytes,   13575528 total
[2020-09-24T03:38:02.955+0000][23404][gc,age       ] GC(354) - age   9:       6296 bytes,   13581824 total
[2020-09-24T03:38:02.955+0000][23404][gc,age       ] GC(354) - age  10:       2688 bytes,   13584512 total
[2020-09-24T03:38:02.955+0000][23404][gc,age       ] GC(354) - age  11:       1056 bytes,   13585568 total
[2020-09-24T03:38:02.955+0000][23404][gc,age       ] GC(354) - age  12:      29456 bytes,   13615024 total
[2020-09-24T03:38:02.955+0000][23404][gc,age       ] GC(354) - age  13:        272 bytes,   13615296 total
[2020-09-24T03:38:02.955+0000][23404][gc,age       ] GC(354) - age  14:        656 bytes,   13615952 total
[2020-09-24T03:38:02.955+0000][23404][gc,age       ] GC(354) - age  15:      13464 bytes,   13629416 total
[2020-09-24T03:38:02.955+0000][23404][gc,phases    ] GC(354)   Pre Evacuate Collection Set: 0.4ms
[2020-09-24T03:38:02.956+0000][23404][gc,phases    ] GC(354)   Merge Heap Roots: 0.1ms
[2020-09-24T03:38:02.956+0000][23404][gc,phases    ] GC(354)   Evacuate Collection Set: 3.6ms
[2020-09-24T03:38:02.956+0000][23404][gc,phases    ] GC(354)   Post Evacuate Collection Set: 0.7ms
[2020-09-24T03:38:02.956+0000][23404][gc,phases    ] GC(354)   Other: 1.0ms
[2020-09-24T03:38:02.956+0000][23404][gc,heap      ] GC(354) Eden regions: 44->0(472)
[2020-09-24T03:38:02.956+0000][23404][gc,heap      ] GC(354) Survivor regions: 4->14(62)
[2020-09-24T03:38:02.956+0000][23404][gc,heap      ] GC(354) Old regions: 80->80
[2020-09-24T03:38:02.956+0000][23404][gc,heap      ] GC(354) Archive regions: 0->0
[2020-09-24T03:38:02.956+0000][23404][gc,heap      ] GC(354) Humongous regions: 227->174
[2020-09-24T03:38:02.956+0000][23404][gc,metaspace ] GC(354) Metaspace: 89376K(95360K)->89376K(95360K) NonClass: 78049K(81664K)->78049K(81664K) Class: 11327K(13696K)->11327K(13696K)
[2020-09-24T03:38:02.956+0000][23404][gc           ] GC(354) Pause Young (Concurrent Start) (G1 Humongous Allocation) 352M->266M(1024M) 6.209ms
[2020-09-24T03:38:02.956+0000][23404][gc,cpu       ] GC(354) User=0.00s Sys=0.00s Real=0.01s
[2020-09-24T03:38:02.956+0000][23404][gc           ] GC(355) Concurrent Cycle
[2020-09-24T03:38:02.956+0000][23404][gc,marking   ] GC(355) Concurrent Clear Claimed Marks
[2020-09-24T03:38:02.957+0000][23404][safepoint    ] Safepoint "G1TryInitiateConcMark", Time since last: 38856200 ns, Reaching safepoint: 176500 ns, At safepoint: 6659600 ns, Total: 6836100 ns
[2020-09-24T03:38:02.957+0000][23404][gc,marking   ] GC(355) Concurrent Clear Claimed Marks 0.474ms
[2020-09-24T03:38:02.957+0000][23404][gc,marking   ] GC(355) Concurrent Scan Root Regions
[2020-09-24T03:38:02.960+0000][23404][gc,marking   ] GC(355) Concurrent Scan Root Regions 3.535ms
[2020-09-24T03:38:02.960+0000][23404][gc,marking   ] GC(355) Concurrent Mark (155.395s)
[2020-09-24T03:38:02.961+0000][23404][gc,marking   ] GC(355) Concurrent Mark From Roots
[2020-09-24T03:38:02.961+0000][23404][gc,task      ] GC(355) Using 2 workers of 2 for marking
[2020-09-24T03:38:03.115+0000][23404][gc,marking   ] GC(355) Concurrent Mark From Roots 154.052ms
[2020-09-24T03:38:03.115+0000][23404][gc,marking   ] GC(355) Concurrent Preclean
[2020-09-24T03:38:03.115+0000][23404][gc,marking   ] GC(355) Concurrent Preclean 0.292ms
[2020-09-24T03:38:03.115+0000][23404][gc,marking   ] GC(355) Concurrent Mark (155.395s, 155.550s) 154.477ms
[2020-09-24T03:38:03.115+0000][23404][gc,start     ] GC(355) Pause Remark
[2020-09-24T03:38:03.121+0000][23404][gc           ] GC(355) Pause Remark 722M->722M(1024M) 5.687ms
[2020-09-24T03:38:03.121+0000][23404][gc,cpu       ] GC(355) User=0.13s Sys=0.00s Real=0.01s
[2020-09-24T03:38:03.121+0000][23404][safepoint    ] Safepoint "G1Concurrent", Time since last: 158612400 ns, Reaching safepoint: 132800 ns, At safepoint: 5877300 ns, Total: 6010100 ns
[2020-09-24T03:38:03.121+0000][23404][gc,marking   ] GC(355) Concurrent Rebuild Remembered Sets
[2020-09-24T03:38:03.187+0000][23404][gc,marking   ] GC(355) Concurrent Rebuild Remembered Sets 65.732ms
[2020-09-24T03:38:03.187+0000][23404][gc,start     ] GC(355) Pause Cleanup
[2020-09-24T03:38:03.187+0000][23404][gc           ] GC(355) Pause Cleanup 801M->801M(1024M) 0.280ms
[2020-09-24T03:38:03.187+0000][23404][gc,cpu       ] GC(355) User=0.00s Sys=0.00s Real=0.00s
[2020-09-24T03:38:03.187+0000][23404][safepoint    ] Safepoint "G1Concurrent", Time since last: 65902600 ns, Reaching safepoint: 141600 ns, At safepoint: 414200 ns, Total: 555800 ns
[2020-09-24T03:38:03.188+0000][23404][gc,marking   ] GC(355) Concurrent Cleanup for Next Mark
[2020-09-24T03:38:03.189+0000][23404][gc,marking   ] GC(355) Concurrent Cleanup for Next Mark 1.933ms
[2020-09-24T03:38:03.190+0000][23404][gc           ] GC(355) Concurrent Cycle 233.523ms
[2020-09-24T03:38:03.190+0000][23404][gc,start     ] GC(356) Pause Young (Concurrent Start) (G1 Humongous Allocation)
[2020-09-24T03:38:03.190+0000][23404][gc,task      ] GC(356) Using 8 workers of 8 for evacuation
[2020-09-24T03:38:03.190+0000][23404][gc,age       ] GC(356) Desired survivor size 31981568 bytes, new threshold 15 (max threshold 15)
[2020-09-24T03:38:03.194+0000][23404][gc,age       ] GC(356) Age table with threshold 15 (max threshold 15)
[2020-09-24T03:38:03.194+0000][23404][gc,age       ] GC(356) - age   1:    3852584 bytes,    3852584 total
[2020-09-24T03:38:03.194+0000][23404][gc,age       ] GC(356) - age   2:       6288 bytes,    3858872 total
[2020-09-24T03:38:03.194+0000][23404][gc,age       ] GC(356) - age   3:      17480 bytes,    3876352 total
[2020-09-24T03:38:03.194+0000][23404][gc,age       ] GC(356) - age   4:      23920 bytes,    3900272 total
[2020-09-24T03:38:03.194+0000][23404][gc,age       ] GC(356) - age   5:       6296 bytes,    3906568 total
[2020-09-24T03:38:03.194+0000][23404][gc,age       ] GC(356) - age   6:       4848 bytes,    3911416 total
[2020-09-24T03:38:03.194+0000][23404][gc,age       ] GC(356) - age   7:       3192 bytes,    3914608 total
[2020-09-24T03:38:03.194+0000][23404][gc,age       ] GC(356) - age   8:       3760 bytes,    3918368 total
[2020-09-24T03:38:03.194+0000][23404][gc,age       ] GC(356) - age   9:       1296 bytes,    3919664 total
[2020-09-24T03:38:03.194+0000][23404][gc,age       ] GC(356) - age  10:       6104 bytes,    3925768 total
[2020-09-24T03:38:03.194+0000][23404][gc,age       ] GC(356) - age  11:       2592 bytes,    3928360 total
[2020-09-24T03:38:03.194+0000][23404][gc,age       ] GC(356) - age  12:       1056 bytes,    3929416 total
[2020-09-24T03:38:03.194+0000][23404][gc,age       ] GC(356) - age  13:      29424 bytes,    3958840 total
[2020-09-24T03:38:03.194+0000][23404][gc,age       ] GC(356) - age  14:        272 bytes,    3959112 total
[2020-09-24T03:38:03.194+0000][23404][gc,age       ] GC(356) - age  15:        656 bytes,    3959768 total
[2020-09-24T03:38:03.195+0000][23404][gc,phases    ] GC(356)   Pre Evacuate Collection Set: 0.5ms
[2020-09-24T03:38:03.195+0000][23404][gc,phases    ] GC(356)   Merge Heap Roots: 0.1ms
[2020-09-24T03:38:03.195+0000][23404][gc,phases    ] GC(356)   Evacuate Collection Set: 2.4ms
[2020-09-24T03:38:03.195+0000][23404][gc,phases    ] GC(356)   Post Evacuate Collection Set: 0.9ms
[2020-09-24T03:38:03.195+0000][23404][gc,phases    ] GC(356)   Other: 0.7ms
[2020-09-24T03:38:03.195+0000][23404][gc,heap      ] GC(356) Eden regions: 138->0(484)
[2020-09-24T03:38:03.195+0000][23404][gc,heap      ] GC(356) Survivor regions: 14->5(61)
[2020-09-24T03:38:03.195+0000][23404][gc,heap      ] GC(356) Old regions: 80->80
[2020-09-24T03:38:03.195+0000][23404][gc,heap      ] GC(356) Archive regions: 0->0
[2020-09-24T03:38:03.195+0000][23404][gc,heap      ] GC(356) Humongous regions: 586->174
[2020-09-24T03:38:03.195+0000][23404][gc,metaspace ] GC(356) Metaspace: 89380K(95360K)->89380K(95360K) NonClass: 78052K(81664K)->78052K(81664K) Class: 11327K(13696K)->11327K(13696K)
[2020-09-24T03:38:03.195+0000][23404][gc           ] GC(356) Pause Young (Concurrent Start) (G1 Humongous Allocation) 816M->257M(1024M) 4.821ms
[2020-09-24T03:38:03.195+0000][23404][gc,cpu       ] GC(356) User=0.00s Sys=0.00s Real=0.00s
[2020-09-24T03:38:03.195+0000][23404][safepoint    ] Safepoint "G1TryInitiateConcMark", Time since last: 2261800 ns, Reaching safepoint: 196800 ns, At safepoint: 4970200 ns, Total: 5167000 ns
[2020-09-24T03:38:03.195+0000][23404][gc           ] GC(357) Concurrent Cycle
[2020-09-24T03:38:03.195+0000][23404][gc,marking   ] GC(357) Concurrent Clear Claimed Marks
[2020-09-24T03:38:03.195+0000][23404][gc,marking   ] GC(357) Concurrent Clear Claimed Marks 0.383ms
[2020-09-24T03:38:03.195+0000][23404][gc,marking   ] GC(357) Concurrent Scan Root Regions
[2020-09-24T03:38:03.197+0000][23404][gc,marking   ] GC(357) Concurrent Scan Root Regions 2.037ms
[2020-09-24T03:38:03.198+0000][23404][gc,marking   ] GC(357) Concurrent Mark (155.632s)
[2020-09-24T03:38:03.198+0000][23404][gc,marking   ] GC(357) Concurrent Mark From Roots
[2020-09-24T03:38:03.198+0000][23404][gc,task      ] GC(357) Using 2 workers of 2 for marking
[2020-09-24T03:38:03.308+0000][23404][gc,marking   ] GC(357) Concurrent Mark From Roots 110.883ms
[2020-09-24T03:38:03.309+0000][23404][gc,marking   ] GC(357) Concurrent Preclean
[2020-09-24T03:38:03.309+0000][23404][gc,marking   ] GC(357) Concurrent Preclean 0.307ms
[2020-09-24T03:38:03.309+0000][23404][gc,marking   ] GC(357) Concurrent Mark (155.632s, 155.743s) 111.338ms
[2020-09-24T03:38:03.309+0000][23404][gc,start     ] GC(357) Pause Remark
[2020-09-24T03:38:03.315+0000][23404][gc           ] GC(357) Pause Remark 441M->441M(1024M) 6.087ms
[2020-09-24T03:38:03.315+0000][23404][gc,cpu       ] GC(357) User=0.00s Sys=0.00s Real=0.01s
[2020-09-24T03:38:03.315+0000][23404][safepoint    ] Safepoint "G1Concurrent", Time since last: 114025600 ns, Reaching safepoint: 149500 ns, At safepoint: 6295200 ns, Total: 6444700 ns
[2020-09-24T03:38:03.315+0000][23404][gc,marking   ] GC(357) Concurrent Rebuild Remembered Sets
[2020-09-24T03:38:03.379+0000][23404][gc,marking   ] GC(357) Concurrent Rebuild Remembered Sets 63.721ms
[2020-09-24T03:38:03.379+0000][23404][gc,start     ] GC(357) Pause Cleanup
[2020-09-24T03:38:03.380+0000][23404][gc           ] GC(357) Pause Cleanup 519M->519M(1024M) 0.277ms
[2020-09-24T03:38:03.380+0000][23404][gc,cpu       ] GC(357) User=0.00s Sys=0.00s Real=0.00s
[2020-09-24T03:38:03.380+0000][23404][safepoint    ] Safepoint "G1Concurrent", Time since last: 63878500 ns, Reaching safepoint: 136500 ns, At safepoint: 424200 ns, Total: 560700 ns
[2020-09-24T03:38:03.380+0000][23404][gc,marking   ] GC(357) Concurrent Cleanup for Next Mark
[2020-09-24T03:38:03.381+0000][23404][gc,marking   ] GC(357) Concurrent Cleanup for Next Mark 1.237ms
[2020-09-24T03:38:03.381+0000][23404][gc           ] GC(357) Concurrent Cycle 186.305ms
[2020-09-24T03:38:03.383+0000][23404][gc,start     ] GC(358) Pause Young (Concurrent Start) (G1 Humongous Allocation)
[2020-09-24T03:38:03.384+0000][23404][gc,task      ] GC(358) Using 8 workers of 8 for evacuation
[2020-09-24T03:38:03.384+0000][23404][gc,age       ] GC(358) Desired survivor size 32505856 bytes, new threshold 15 (max threshold 15)
[2020-09-24T03:38:03.387+0000][23404][gc,age       ] GC(358) Age table with threshold 15 (max threshold 15)
[2020-09-24T03:38:03.387+0000][23404][gc,age       ] GC(358) - age   1:    3697216 bytes,    3697216 total
[2020-09-24T03:38:03.387+0000][23404][gc,age       ] GC(358) - age   2:     604872 bytes,    4302088 total
[2020-09-24T03:38:03.387+0000][23404][gc,age       ] GC(358) - age   3:       3768 bytes,    4305856 total
[2020-09-24T03:38:03.387+0000][23404][gc,age       ] GC(358) - age   4:      16912 bytes,    4322768 total
[2020-09-24T03:38:03.387+0000][23404][gc,age       ] GC(358) - age   5:      22968 bytes,    4345736 total
[2020-09-24T03:38:03.387+0000][23404][gc,age       ] GC(358) - age   6:       6264 bytes,    4352000 total
[2020-09-24T03:38:03.387+0000][23404][gc,age       ] GC(358) - age   7:       4720 bytes,    4356720 total
[2020-09-24T03:38:03.387+0000][23404][gc,age       ] GC(358) - age   8:       3160 bytes,    4359880 total
[2020-09-24T03:38:03.387+0000][23404][gc,age       ] GC(358) - age   9:       3696 bytes,    4363576 total
[2020-09-24T03:38:03.387+0000][23404][gc,age       ] GC(358) - age  10:       1232 bytes,    4364808 total
[2020-09-24T03:38:03.387+0000][23404][gc,age       ] GC(358) - age  11:       6040 bytes,    4370848 total
[2020-09-24T03:38:03.387+0000][23404][gc,age       ] GC(358) - age  12:       2592 bytes,    4373440 total
[2020-09-24T03:38:03.387+0000][23404][gc,age       ] GC(358) - age  13:       1056 bytes,    4374496 total
[2020-09-24T03:38:03.387+0000][23404][gc,age       ] GC(358) - age  14:      29360 bytes,    4403856 total
[2020-09-24T03:38:03.387+0000][23404][gc,age       ] GC(358) - age  15:        248 bytes,    4404104 total
[2020-09-24T03:38:03.388+0000][23404][gc,phases    ] GC(358)   Pre Evacuate Collection Set: 0.4ms
[2020-09-24T03:38:03.388+0000][23404][gc,phases    ] GC(358)   Merge Heap Roots: 0.1ms
[2020-09-24T03:38:03.388+0000][23404][gc,phases    ] GC(358)   Evacuate Collection Set: 2.3ms
[2020-09-24T03:38:03.388+0000][23404][gc,phases    ] GC(358)   Post Evacuate Collection Set: 0.7ms
[2020-09-24T03:38:03.388+0000][23404][gc,phases    ] GC(358)   Other: 0.7ms
[2020-09-24T03:38:03.388+0000][23404][gc,heap      ] GC(358) Eden regions: 79->0(487)
[2020-09-24T03:38:03.388+0000][23404][gc,heap      ] GC(358) Survivor regions: 5->5(62)
[2020-09-24T03:38:03.388+0000][23404][gc,heap      ] GC(358) Old regions: 80->80
[2020-09-24T03:38:03.388+0000][23404][gc,heap      ] GC(358) Archive regions: 0->0
[2020-09-24T03:38:03.388+0000][23404][gc,heap      ] GC(358) Humongous regions: 359->174
[2020-09-24T03:38:03.388+0000][23404][gc,metaspace ] GC(358) Metaspace: 89380K(95360K)->89380K(95360K) NonClass: 78052K(81664K)->78052K(81664K) Class: 11327K(13696K)->11327K(13696K)
[2020-09-24T03:38:03.388+0000][23404][gc           ] GC(358) Pause Young (Concurrent Start) (G1 Humongous Allocation) 521M->258M(1024M) 4.310ms
[2020-09-24T03:38:03.388+0000][23404][gc,cpu       ] GC(358) User=0.00s Sys=0.00s Real=0.01s
[2020-09-24T03:38:03.388+0000][23404][safepoint    ] Safepoint "G1TryInitiateConcMark", Time since last: 3481400 ns, Reaching safepoint: 152800 ns, At safepoint: 4456700 ns, Total: 4609500 ns
[2020-09-24T03:38:03.388+0000][23404][gc           ] GC(359) Concurrent Cycle
[2020-09-24T03:38:03.388+0000][23404][gc,marking   ] GC(359) Concurrent Clear Claimed Marks
[2020-09-24T03:38:03.389+0000][23404][gc,marking   ] GC(359) Concurrent Clear Claimed Marks 0.638ms
[2020-09-24T03:38:03.389+0000][23404][gc,marking   ] GC(359) Concurrent Scan Root Regions
[2020-09-24T03:38:03.392+0000][23404][gc,marking   ] GC(359) Concurrent Scan Root Regions 3.476ms
[2020-09-24T03:38:03.392+0000][23404][gc,marking   ] GC(359) Concurrent Mark (155.827s)
[2020-09-24T03:38:03.392+0000][23404][gc,marking   ] GC(359) Concurrent Mark From Roots
[2020-09-24T03:38:03.392+0000][23404][gc,task      ] GC(359) Using 2 workers of 2 for marking
[2020-09-24T03:38:03.415+0000][23404][safepoint    ] Safepoint "BulkRevokeBias", Time since last: 25977100 ns, Reaching safepoint: 157700 ns, At safepoint: 1018800 ns, Total: 1176500 ns
[2020-09-24T03:38:03.499+0000][23404][gc,marking   ] GC(359) Concurrent Mark From Roots 106.408ms
[2020-09-24T03:38:03.499+0000][23404][gc,marking   ] GC(359) Concurrent Preclean
[2020-09-24T03:38:03.499+0000][23404][gc,marking   ] GC(359) Concurrent Preclean 0.291ms
[2020-09-24T03:38:03.499+0000][23404][gc,marking   ] GC(359) Concurrent Mark (155.827s, 155.934s) 106.827ms
[2020-09-24T03:38:03.499+0000][23404][gc,start     ] GC(359) Pause Remark
[2020-09-24T03:38:03.505+0000][23404][gc           ] GC(359) Pause Remark 334M->334M(1024M) 5.501ms
[2020-09-24T03:38:03.505+0000][23404][gc,cpu       ] GC(359) User=0.00s Sys=0.00s Real=0.01s
[2020-09-24T03:38:03.505+0000][23404][safepoint    ] Safepoint "G1Concurrent", Time since last: 84103300 ns, Reaching safepoint: 157200 ns, At safepoint: 5698400 ns, Total: 5855600 ns
[2020-09-24T03:38:03.505+0000][23404][gc,marking   ] GC(359) Concurrent Rebuild Remembered Sets
[2020-09-24T03:38:03.567+0000][23404][gc,marking   ] GC(359) Concurrent Rebuild Remembered Sets 61.499ms
[2020-09-24T03:38:03.567+0000][23404][gc,start     ] GC(359) Pause Cleanup
[2020-09-24T03:38:03.567+0000][23404][gc           ] GC(359) Pause Cleanup 348M->348M(1024M) 0.268ms
[2020-09-24T03:38:03.567+0000][23404][gc,cpu       ] GC(359) User=0.00s Sys=0.00s Real=0.00s
[2020-09-24T03:38:03.567+0000][23404][safepoint    ] Safepoint "G1Concurrent", Time since last: 61673100 ns, Reaching safepoint: 122000 ns, At safepoint: 397200 ns, Total: 519200 ns
[2020-09-24T03:38:03.567+0000][23404][gc,marking   ] GC(359) Concurrent Cleanup for Next Mark
[2020-09-24T03:38:03.568+0000][23404][gc,marking   ] GC(359) Concurrent Cleanup for Next Mark 1.213ms
[2020-09-24T03:38:03.569+0000][23404][gc           ] GC(359) Concurrent Cycle 180.730ms
[2020-09-24T03:38:03.624+0000][23404][gc,start     ] GC(360) Pause Young (Concurrent Start) (G1 Humongous Allocation)
[2020-09-24T03:38:03.624+0000][23404][gc,task      ] GC(360) Using 8 workers of 8 for evacuation
[2020-09-24T03:38:03.624+0000][23404][gc,age       ] GC(360) Desired survivor size 32505856 bytes, new threshold 15 (max threshold 15)
[2020-09-24T03:38:03.628+0000][23404][gc,age       ] GC(360) Age table with threshold 15 (max threshold 15)
[2020-09-24T03:38:03.628+0000][23404][gc,age       ] GC(360) - age   1:    8112472 bytes,    8112472 total
[2020-09-24T03:38:03.628+0000][23404][gc,age       ] GC(360) - age   2:       5088 bytes,    8117560 total
[2020-09-24T03:38:03.628+0000][23404][gc,age       ] GC(360) - age   3:       1984 bytes,    8119544 total
[2020-09-24T03:38:03.628+0000][23404][gc,age       ] GC(360) - age   4:       2448 bytes,    8121992 total
[2020-09-24T03:38:03.628+0000][23404][gc,age       ] GC(360) - age   5:      16232 bytes,    8138224 total
[2020-09-24T03:38:03.628+0000][23404][gc,age       ] GC(360) - age   6:      22648 bytes,    8160872 total
[2020-09-24T03:38:03.629+0000][23404][gc,age       ] GC(360) - age   7:       6200 bytes,    8167072 total
[2020-09-24T03:38:03.629+0000][23404][gc,age       ] GC(360) - age   8:       1912 bytes,    8168984 total
[2020-09-24T03:38:03.629+0000][23404][gc,age       ] GC(360) - age   9:       3096 bytes,    8172080 total
[2020-09-24T03:38:03.629+0000][23404][gc,age       ] GC(360) - age  10:       3696 bytes,    8175776 total
[2020-09-24T03:38:03.629+0000][23404][gc,age       ] GC(360) - age  11:       1136 bytes,    8176912 total
[2020-09-24T03:38:03.629+0000][23404][gc,age       ] GC(360) - age  12:       6040 bytes,    8182952 total
[2020-09-24T03:38:03.629+0000][23404][gc,age       ] GC(360) - age  13:       2592 bytes,    8185544 total
[2020-09-24T03:38:03.629+0000][23404][gc,age       ] GC(360) - age  14:       1056 bytes,    8186600 total
[2020-09-24T03:38:03.629+0000][23404][gc,age       ] GC(360) - age  15:      29296 bytes,    8215896 total
[2020-09-24T03:38:03.629+0000][23404][gc,phases    ] GC(360)   Pre Evacuate Collection Set: 0.4ms
[2020-09-24T03:38:03.629+0000][23404][gc,phases    ] GC(360)   Merge Heap Roots: 0.1ms
[2020-09-24T03:38:03.629+0000][23404][gc,phases    ] GC(360)   Evacuate Collection Set: 2.7ms
[2020-09-24T03:38:03.629+0000][23404][gc,phases    ] GC(360)   Post Evacuate Collection Set: 0.7ms
[2020-09-24T03:38:03.629+0000][23404][gc,phases    ] GC(360)   Other: 0.8ms
[2020-09-24T03:38:03.629+0000][23404][gc,heap      ] GC(360) Eden regions: 53->0(482)
[2020-09-24T03:38:03.629+0000][23404][gc,heap      ] GC(360) Survivor regions: 5->9(62)
[2020-09-24T03:38:03.629+0000][23404][gc,heap      ] GC(360) Old regions: 80->80
[2020-09-24T03:38:03.629+0000][23404][gc,heap      ] GC(360) Archive regions: 0->0
[2020-09-24T03:38:03.629+0000][23404][gc,heap      ] GC(360) Humongous regions: 228->174
[2020-09-24T03:38:03.629+0000][23404][gc,metaspace ] GC(360) Metaspace: 89384K(95360K)->89384K(95360K) NonClass: 78056K(81664K)->78056K(81664K) Class: 11327K(13696K)->11327K(13696K)
[2020-09-24T03:38:03.629+0000][23404][gc           ] GC(360) Pause Young (Concurrent Start) (G1 Humongous Allocation) 364M->261M(1024M) 4.927ms
[2020-09-24T03:38:03.629+0000][23404][gc,cpu       ] GC(360) User=0.00s Sys=0.00s Real=0.00s
[2020-09-24T03:38:03.629+0000][23404][safepoint    ] Safepoint "G1TryInitiateConcMark", Time since last: 56736700 ns, Reaching safepoint: 125700 ns, At safepoint: 5153900 ns, Total: 5279600 ns
[2020-09-24T03:38:03.629+0000][23404][gc           ] GC(361) Concurrent Cycle
[2020-09-24T03:38:03.629+0000][23404][gc,marking   ] GC(361) Concurrent Clear Claimed Marks
[2020-09-24T03:38:03.629+0000][23404][safepoint    ] Safepoint "G1TryInitiateConcMark", Time since last: 85000 ns, Reaching safepoint: 145500 ns, At safepoint: 34900 ns, Total: 180400 ns
[2020-09-24T03:38:03.630+0000][23404][gc,marking   ] GC(361) Concurrent Clear Claimed Marks 0.477ms
[2020-09-24T03:38:03.630+0000][23404][gc,marking   ] GC(361) Concurrent Scan Root Regions
[2020-09-24T03:38:03.633+0000][23404][gc,marking   ] GC(361) Concurrent Scan Root Regions 3.252ms
[2020-09-24T03:38:03.633+0000][23404][gc,marking   ] GC(361) Concurrent Mark (156.068s)
[2020-09-24T03:38:03.633+0000][23404][gc,marking   ] GC(361) Concurrent Mark From Roots
[2020-09-24T03:38:03.633+0000][23404][gc,task      ] GC(361) Using 2 workers of 2 for marking
[2020-09-24T03:38:03.762+0000][23404][gc,marking   ] GC(361) Concurrent Mark From Roots 128.826ms
[2020-09-24T03:38:03.762+0000][23404][gc,marking   ] GC(361) Concurrent Preclean
[2020-09-24T03:38:03.763+0000][23404][gc,marking   ] GC(361) Concurrent Preclean 0.351ms
[2020-09-24T03:38:03.763+0000][23404][gc,marking   ] GC(361) Concurrent Mark (156.068s, 156.197s) 129.328ms
[2020-09-24T03:38:03.763+0000][23404][gc,start     ] GC(361) Pause Remark
[2020-09-24T03:38:03.769+0000][23404][gc           ] GC(361) Pause Remark 455M->455M(1024M) 6.336ms
[2020-09-24T03:38:03.769+0000][23404][gc,cpu       ] GC(361) User=0.00s Sys=0.00s Real=0.01s
[2020-09-24T03:38:03.769+0000][23404][safepoint    ] Safepoint "G1Concurrent", Time since last: 133185800 ns, Reaching safepoint: 145100 ns, At safepoint: 6551800 ns, Total: 6696900 ns
[2020-09-24T03:38:03.769+0000][23404][gc,marking   ] GC(361) Concurrent Rebuild Remembered Sets
[2020-09-24T03:38:03.845+0000][23404][gc,marking   ] GC(361) Concurrent Rebuild Remembered Sets 75.918ms
[2020-09-24T03:38:03.846+0000][23404][gc,start     ] GC(361) Pause Cleanup
[2020-09-24T03:38:03.846+0000][23404][gc           ] GC(361) Pause Cleanup 461M->461M(1024M) 0.299ms
[2020-09-24T03:38:03.846+0000][23404][gc,cpu       ] GC(361) User=0.00s Sys=0.00s Real=0.00s
[2020-09-24T03:38:03.846+0000][23404][safepoint    ] Safepoint "G1Concurrent", Time since last: 76111500 ns, Reaching safepoint: 152400 ns, At safepoint: 439100 ns, Total: 591500 ns
[2020-09-24T03:38:03.846+0000][23404][gc,marking   ] GC(361) Concurrent Cleanup for Next Mark
[2020-09-24T03:38:03.848+0000][23404][gc,marking   ] GC(361) Concurrent Cleanup for Next Mark 1.561ms
[2020-09-24T03:38:03.848+0000][23404][gc           ] GC(361) Concurrent Cycle 218.533ms
[2020-09-24T03:38:03.867+0000][23404][gc,start     ] GC(362) Pause Young (Concurrent Start) (G1 Humongous Allocation)
[2020-09-24T03:38:03.867+0000][23404][gc,task      ] GC(362) Using 8 workers of 8 for evacuation
[2020-09-24T03:38:03.867+0000][23404][gc,age       ] GC(362) Desired survivor size 32505856 bytes, new threshold 15 (max threshold 15)
[2020-09-24T03:38:03.874+0000][23404][gc,age       ] GC(362) Age table with threshold 15 (max threshold 15)
[2020-09-24T03:38:03.874+0000][23404][gc,age       ] GC(362) - age   1:   18517648 bytes,   18517648 total
[2020-09-24T03:38:03.874+0000][23404][gc,age       ] GC(362) - age   2:      43216 bytes,   18560864 total
[2020-09-24T03:38:03.874+0000][23404][gc,age       ] GC(362) - age   3:       4112 bytes,   18564976 total
[2020-09-24T03:38:03.874+0000][23404][gc,age       ] GC(362) - age   4:       1768 bytes,   18566744 total
[2020-09-24T03:38:03.874+0000][23404][gc,age       ] GC(362) - age   5:       1200 bytes,   18567944 total
[2020-09-24T03:38:03.874+0000][23404][gc,age       ] GC(362) - age   6:      16232 bytes,   18584176 total
[2020-09-24T03:38:03.874+0000][23404][gc,age       ] GC(362) - age   7:      22648 bytes,   18606824 total
[2020-09-24T03:38:03.874+0000][23404][gc,age       ] GC(362) - age   8:       5744 bytes,   18612568 total
[2020-09-24T03:38:03.874+0000][23404][gc,age       ] GC(362) - age   9:       1768 bytes,   18614336 total
[2020-09-24T03:38:03.874+0000][23404][gc,age       ] GC(362) - age  10:       3096 bytes,   18617432 total
[2020-09-24T03:38:03.874+0000][23404][gc,age       ] GC(362) - age  11:       3696 bytes,   18621128 total
[2020-09-24T03:38:03.874+0000][23404][gc,age       ] GC(362) - age  12:       1136 bytes,   18622264 total
[2020-09-24T03:38:03.874+0000][23404][gc,age       ] GC(362) - age  13:       5952 bytes,   18628216 total
[2020-09-24T03:38:03.874+0000][23404][gc,age       ] GC(362) - age  14:       2560 bytes,   18630776 total
[2020-09-24T03:38:03.874+0000][23404][gc,age       ] GC(362) - age  15:        992 bytes,   18631768 total
[2020-09-24T03:38:03.874+0000][23404][gc,phases    ] GC(362)   Pre Evacuate Collection Set: 0.4ms
[2020-09-24T03:38:03.874+0000][23404][gc,phases    ] GC(362)   Merge Heap Roots: 0.1ms
[2020-09-24T03:38:03.874+0000][23404][gc,phases    ] GC(362)   Evacuate Collection Set: 5.0ms
[2020-09-24T03:38:03.874+0000][23404][gc,phases    ] GC(362)   Post Evacuate Collection Set: 0.8ms
[2020-09-24T03:38:03.874+0000][23404][gc,phases    ] GC(362)   Other: 0.8ms
[2020-09-24T03:38:03.874+0000][23404][gc,heap      ] GC(362) Eden regions: 78->0(463)
[2020-09-24T03:38:03.874+0000][23404][gc,heap      ] GC(362) Survivor regions: 9->19(62)
[2020-09-24T03:38:03.874+0000][23404][gc,heap      ] GC(362) Old regions: 80->80
[2020-09-24T03:38:03.874+0000][23404][gc,heap      ] GC(362) Archive regions: 0->0
[2020-09-24T03:38:03.874+0000][23404][gc,heap      ] GC(362) Humongous regions: 324->174
[2020-09-24T03:38:03.874+0000][23404][gc,metaspace ] GC(362) Metaspace: 89390K(95360K)->89390K(95360K) NonClass: 78062K(81664K)->78062K(81664K) Class: 11328K(13696K)->11328K(13696K)
[2020-09-24T03:38:03.874+0000][23404][gc           ] GC(362) Pause Young (Concurrent Start) (G1 Humongous Allocation) 489M->272M(1024M) 7.315ms
[2020-09-24T03:38:03.874+0000][23404][gc,cpu       ] GC(362) User=0.02s Sys=0.00s Real=0.01s
[2020-09-24T03:38:03.874+0000][23404][gc           ] GC(363) Concurrent Cycle
[2020-09-24T03:38:03.874+0000][23404][safepoint    ] Safepoint "G1TryInitiateConcMark", Time since last: 20641900 ns, Reaching safepoint: 160800 ns, At safepoint: 7485200 ns, Total: 7646000 ns
[2020-09-24T03:38:03.874+0000][23404][gc,marking   ] GC(363) Concurrent Clear Claimed Marks
[2020-09-24T03:38:03.875+0000][23404][gc,marking   ] GC(363) Concurrent Clear Claimed Marks 0.712ms
[2020-09-24T03:38:03.875+0000][23404][gc,marking   ] GC(363) Concurrent Scan Root Regions
[2020-09-24T03:38:03.880+0000][23404][gc,marking   ] GC(363) Concurrent Scan Root Regions 4.630ms
[2020-09-24T03:38:03.880+0000][23404][gc,marking   ] GC(363) Concurrent Mark (156.315s)
[2020-09-24T03:38:03.880+0000][23404][gc,marking   ] GC(363) Concurrent Mark From Roots
[2020-09-24T03:38:03.880+0000][23404][gc,task      ] GC(363) Using 2 workers of 2 for marking
[2020-09-24T03:38:04.021+0000][23404][gc,marking   ] GC(363) Concurrent Mark From Roots 140.987ms
[2020-09-24T03:38:04.021+0000][23404][gc,marking   ] GC(363) Concurrent Preclean
[2020-09-24T03:38:04.022+0000][23404][gc,marking   ] GC(363) Concurrent Preclean 0.439ms
[2020-09-24T03:38:04.022+0000][23404][gc,marking   ] GC(363) Concurrent Mark (156.315s, 156.456s) 141.668ms
[2020-09-24T03:38:04.022+0000][23404][gc,start     ] GC(363) Pause Remark
[2020-09-24T03:38:04.029+0000][23404][gc           ] GC(363) Pause Remark 786M->786M(1024M) 6.698ms
[2020-09-24T03:38:04.029+0000][23404][gc,cpu       ] GC(363) User=0.09s Sys=0.00s Real=0.01s
[2020-09-24T03:38:04.029+0000][23404][safepoint    ] Safepoint "G1Concurrent", Time since last: 147466000 ns, Reaching safepoint: 212000 ns, At safepoint: 6978200 ns, Total: 7190200 ns
[2020-09-24T03:38:04.029+0000][23404][gc,marking   ] GC(363) Concurrent Rebuild Remembered Sets
[2020-09-24T03:38:04.097+0000][23404][gc,marking   ] GC(363) Concurrent Rebuild Remembered Sets 68.058ms
[2020-09-24T03:38:04.097+0000][23404][gc,start     ] GC(363) Pause Cleanup
[2020-09-24T03:38:04.098+0000][23404][gc           ] GC(363) Pause Cleanup 914M->914M(1024M) 0.300ms
[2020-09-24T03:38:04.098+0000][23404][gc,cpu       ] GC(363) User=0.00s Sys=0.00s Real=0.00s
[2020-09-24T03:38:04.098+0000][23404][safepoint    ] Safepoint "G1Concurrent", Time since last: 68248500 ns, Reaching safepoint: 136500 ns, At safepoint: 434500 ns, Total: 571000 ns
[2020-09-24T03:38:04.098+0000][23404][gc,marking   ] GC(363) Concurrent Cleanup for Next Mark
[2020-09-24T03:38:04.099+0000][23404][gc,marking   ] GC(363) Concurrent Cleanup for Next Mark 1.196ms
[2020-09-24T03:38:04.099+0000][23404][gc           ] GC(363) Concurrent Cycle 224.826ms
[2020-09-24T03:38:04.129+0000][23404][gc,start     ] GC(364) Pause Young (Concurrent Start) (G1 Humongous Allocation)
[2020-09-24T03:38:04.129+0000][23404][gc,task      ] GC(364) Using 8 workers of 8 for evacuation
[2020-09-24T03:38:04.129+0000][23404][gc,age       ] GC(364) Desired survivor size 31981568 bytes, new threshold 15 (max threshold 15)
[2020-09-24T03:38:04.133+0000][23404][gc,age       ] GC(364) Age table with threshold 15 (max threshold 15)
[2020-09-24T03:38:04.133+0000][23404][gc,age       ] GC(364) - age   1:    4271744 bytes,    4271744 total
[2020-09-24T03:38:04.133+0000][23404][gc,age       ] GC(364) - age   2:      22880 bytes,    4294624 total
[2020-09-24T03:38:04.133+0000][23404][gc,age       ] GC(364) - age   3:      37056 bytes,    4331680 total
[2020-09-24T03:38:04.133+0000][23404][gc,age       ] GC(364) - age   4:       3360 bytes,    4335040 total
[2020-09-24T03:38:04.133+0000][23404][gc,age       ] GC(364) - age   5:       1064 bytes,    4336104 total
[2020-09-24T03:38:04.133+0000][23404][gc,age       ] GC(364) - age   6:       1136 bytes,    4337240 total
[2020-09-24T03:38:04.133+0000][23404][gc,age       ] GC(364) - age   7:      16232 bytes,    4353472 total
[2020-09-24T03:38:04.133+0000][23404][gc,age       ] GC(364) - age   8:      22616 bytes,    4376088 total
[2020-09-24T03:38:04.133+0000][23404][gc,age       ] GC(364) - age   9:       3192 bytes,    4379280 total
[2020-09-24T03:38:04.133+0000][23404][gc,age       ] GC(364) - age  10:       1704 bytes,    4380984 total
[2020-09-24T03:38:04.133+0000][23404][gc,age       ] GC(364) - age  11:       3096 bytes,    4384080 total
[2020-09-24T03:38:04.133+0000][23404][gc,age       ] GC(364) - age  12:       3504 bytes,    4387584 total
[2020-09-24T03:38:04.133+0000][23404][gc,age       ] GC(364) - age  13:       1072 bytes,    4388656 total
[2020-09-24T03:38:04.133+0000][23404][gc,age       ] GC(364) - age  14:       5792 bytes,    4394448 total
[2020-09-24T03:38:04.133+0000][23404][gc,age       ] GC(364) - age  15:       2464 bytes,    4396912 total
[2020-09-24T03:38:04.133+0000][23404][gc,phases    ] GC(364)   Pre Evacuate Collection Set: 0.4ms
[2020-09-24T03:38:04.133+0000][23404][gc,phases    ] GC(364)   Merge Heap Roots: 0.1ms
[2020-09-24T03:38:04.133+0000][23404][gc,phases    ] GC(364)   Evacuate Collection Set: 2.1ms
[2020-09-24T03:38:04.133+0000][23404][gc,phases    ] GC(364)   Post Evacuate Collection Set: 1.0ms
[2020-09-24T03:38:04.133+0000][23404][gc,phases    ] GC(364)   Other: 0.8ms
[2020-09-24T03:38:04.133+0000][23404][gc,heap      ] GC(364) Eden regions: 165->0(480)
[2020-09-24T03:38:04.133+0000][23404][gc,heap      ] GC(364) Survivor regions: 19->6(61)
[2020-09-24T03:38:04.133+0000][23404][gc,heap      ] GC(364) Old regions: 80->80
[2020-09-24T03:38:04.133+0000][23404][gc,heap      ] GC(364) Archive regions: 0->0
[2020-09-24T03:38:04.133+0000][23404][gc,heap      ] GC(364) Humongous regions: 666->174
[2020-09-24T03:38:04.133+0000][23404][gc,metaspace ] GC(364) Metaspace: 89390K(95360K)->89390K(95360K) NonClass: 78062K(81664K)->78062K(81664K) Class: 11328K(13696K)->11328K(13696K)
[2020-09-24T03:38:04.133+0000][23404][gc           ] GC(364) Pause Young (Concurrent Start) (G1 Humongous Allocation) 929M->259M(1024M) 4.595ms
[2020-09-24T03:38:04.133+0000][23404][gc,cpu       ] GC(364) User=0.02s Sys=0.00s Real=0.00s
[2020-09-24T03:38:04.133+0000][23404][safepoint    ] Safepoint "G1TryInitiateConcMark", Time since last: 30729100 ns, Reaching safepoint: 142100 ns, At safepoint: 4748600 ns, Total: 4890700 ns
[2020-09-24T03:38:04.133+0000][23404][gc           ] GC(365) Concurrent Cycle
[2020-09-24T03:38:04.134+0000][23404][gc,marking   ] GC(365) Concurrent Clear Claimed Marks
[2020-09-24T03:38:04.134+0000][23404][gc,marking   ] GC(365) Concurrent Clear Claimed Marks 0.509ms
[2020-09-24T03:38:04.134+0000][23404][gc,marking   ] GC(365) Concurrent Scan Root Regions
[2020-09-24T03:38:04.137+0000][23404][gc,marking   ] GC(365) Concurrent Scan Root Regions 2.749ms
[2020-09-24T03:38:04.137+0000][23404][gc,marking   ] GC(365) Concurrent Mark (156.572s)
[2020-09-24T03:38:04.137+0000][23404][gc,marking   ] GC(365) Concurrent Mark From Roots
[2020-09-24T03:38:04.137+0000][23404][gc,task      ] GC(365) Using 2 workers of 2 for marking
[2020-09-24T03:38:04.252+0000][23404][gc,marking   ] GC(365) Concurrent Mark From Roots 115.376ms
[2020-09-24T03:38:04.252+0000][23404][gc,marking   ] GC(365) Concurrent Preclean
[2020-09-24T03:38:04.253+0000][23404][gc,marking   ] GC(365) Concurrent Preclean 0.404ms
[2020-09-24T03:38:04.253+0000][23404][gc,marking   ] GC(365) Concurrent Mark (156.572s, 156.687s) 115.925ms
[2020-09-24T03:38:04.253+0000][23404][gc,start     ] GC(365) Pause Remark
[2020-09-24T03:38:04.260+0000][23404][gc           ] GC(365) Pause Remark 458M->458M(1024M) 6.787ms
[2020-09-24T03:38:04.260+0000][23404][gc,cpu       ] GC(365) User=0.11s Sys=0.00s Real=0.01s
[2020-09-24T03:38:04.260+0000][23404][safepoint    ] Safepoint "G1Concurrent", Time since last: 119472300 ns, Reaching safepoint: 138700 ns, At safepoint: 7017600 ns, Total: 7156300 ns
[2020-09-24T03:38:04.260+0000][23404][gc,marking   ] GC(365) Concurrent Rebuild Remembered Sets
[2020-09-24T03:38:04.329+0000][23404][gc,marking   ] GC(365) Concurrent Rebuild Remembered Sets 69.343ms
[2020-09-24T03:38:04.330+0000][23404][gc,start     ] GC(365) Pause Cleanup
[2020-09-24T03:38:04.330+0000][23404][gc           ] GC(365) Pause Cleanup 541M->541M(1024M) 0.277ms
[2020-09-24T03:38:04.330+0000][23404][gc,cpu       ] GC(365) User=0.00s Sys=0.00s Real=0.00s
[2020-09-24T03:38:04.330+0000][23404][safepoint    ] Safepoint "G1Concurrent", Time since last: 69543100 ns, Reaching safepoint: 209300 ns, At safepoint: 564400 ns, Total: 773700 ns
[2020-09-24T03:38:04.330+0000][23404][gc,marking   ] GC(365) Concurrent Cleanup for Next Mark
[2020-09-24T03:38:04.332+0000][23404][gc,marking   ] GC(365) Concurrent Cleanup for Next Mark 2.002ms
[2020-09-24T03:38:04.333+0000][23404][gc           ] GC(365) Concurrent Cycle 199.278ms
[2020-09-24T03:38:04.384+0000][23404][gc,start     ] GC(366) Pause Young (Concurrent Start) (G1 Humongous Allocation)
[2020-09-24T03:38:04.384+0000][23404][gc,task      ] GC(366) Using 8 workers of 8 for evacuation
[2020-09-24T03:38:04.384+0000][23404][gc,age       ] GC(366) Desired survivor size 31981568 bytes, new threshold 15 (max threshold 15)
[2020-09-24T03:38:04.387+0000][23404][gc,age       ] GC(366) Age table with threshold 15 (max threshold 15)
[2020-09-24T03:38:04.387+0000][23404][gc,age       ] GC(366) - age   1:    2696336 bytes,    2696336 total
[2020-09-24T03:38:04.387+0000][23404][gc,age       ] GC(366) - age   2:       4560 bytes,    2700896 total
[2020-09-24T03:38:04.387+0000][23404][gc,age       ] GC(366) - age   3:      19704 bytes,    2720600 total
[2020-09-24T03:38:04.387+0000][23404][gc,age       ] GC(366) - age   4:      36120 bytes,    2756720 total
[2020-09-24T03:38:04.387+0000][23404][gc,age       ] GC(366) - age   5:       2152 bytes,    2758872 total
[2020-09-24T03:38:04.387+0000][23404][gc,age       ] GC(366) - age   6:        936 bytes,    2759808 total
[2020-09-24T03:38:04.387+0000][23404][gc,age       ] GC(366) - age   7:       1136 bytes,    2760944 total
[2020-09-24T03:38:04.387+0000][23404][gc,age       ] GC(366) - age   8:      16168 bytes,    2777112 total
[2020-09-24T03:38:04.387+0000][23404][gc,age       ] GC(366) - age   9:      22520 bytes,    2799632 total
[2020-09-24T03:38:04.387+0000][23404][gc,age       ] GC(366) - age  10:       3072 bytes,    2802704 total
[2020-09-24T03:38:04.387+0000][23404][gc,age       ] GC(366) - age  11:       1552 bytes,    2804256 total
[2020-09-24T03:38:04.387+0000][23404][gc,age       ] GC(366) - age  12:       3096 bytes,    2807352 total
[2020-09-24T03:38:04.387+0000][23404][gc,age       ] GC(366) - age  13:       3504 bytes,    2810856 total
[2020-09-24T03:38:04.387+0000][23404][gc,age       ] GC(366) - age  14:       1072 bytes,    2811928 total
[2020-09-24T03:38:04.387+0000][23404][gc,age       ] GC(366) - age  15:       5728 bytes,    2817656 total
[2020-09-24T03:38:04.387+0000][23404][gc,phases    ] GC(366)   Pre Evacuate Collection Set: 0.4ms
[2020-09-24T03:38:04.387+0000][23404][gc,phases    ] GC(366)   Merge Heap Roots: 0.1ms
[2020-09-24T03:38:04.387+0000][23404][gc,phases    ] GC(366)   Evacuate Collection Set: 1.9ms
[2020-09-24T03:38:04.387+0000][23404][gc,phases    ] GC(366)   Post Evacuate Collection Set: 0.7ms
[2020-09-24T03:38:04.387+0000][23404][gc,phases    ] GC(366)   Other: 0.7ms
[2020-09-24T03:38:04.387+0000][23404][gc,heap      ] GC(366) Eden regions: 90->0(487)
[2020-09-24T03:38:04.387+0000][23404][gc,heap      ] GC(366) Survivor regions: 6->4(61)
[2020-09-24T03:38:04.387+0000][23404][gc,heap      ] GC(366) Old regions: 80->80
[2020-09-24T03:38:04.387+0000][23404][gc,heap      ] GC(366) Archive regions: 0->0
[2020-09-24T03:38:04.388+0000][23404][gc,heap      ] GC(366) Humongous regions: 374->174
[2020-09-24T03:38:04.388+0000][23404][gc,metaspace ] GC(366) Metaspace: 89394K(95360K)->89394K(95360K) NonClass: 78066K(81664K)->78066K(81664K) Class: 11328K(13696K)->11328K(13696K)
[2020-09-24T03:38:04.388+0000][23404][gc           ] GC(366) Pause Young (Concurrent Start) (G1 Humongous Allocation) 548M->256M(1024M) 4.065ms
[2020-09-24T03:38:04.388+0000][23404][gc,cpu       ] GC(366) User=0.00s Sys=0.00s Real=0.00s
[2020-09-24T03:38:04.388+0000][23404][safepoint    ] Safepoint "G1TryInitiateConcMark", Time since last: 52972400 ns, Reaching safepoint: 134000 ns, At safepoint: 4215900 ns, Total: 4349900 ns
[2020-09-24T03:38:04.388+0000][23404][gc           ] GC(367) Concurrent Cycle
[2020-09-24T03:38:04.388+0000][23404][gc,marking   ] GC(367) Concurrent Clear Claimed Marks
[2020-09-24T03:38:04.388+0000][23404][gc,marking   ] GC(367) Concurrent Clear Claimed Marks 0.563ms
[2020-09-24T03:38:04.388+0000][23404][gc,marking   ] GC(367) Concurrent Scan Root Regions
[2020-09-24T03:38:04.391+0000][23404][gc,marking   ] GC(367) Concurrent Scan Root Regions 2.543ms
[2020-09-24T03:38:04.391+0000][23404][gc,marking   ] GC(367) Concurrent Mark (156.826s)
[2020-09-24T03:38:04.391+0000][23404][gc,marking   ] GC(367) Concurrent Mark From Roots
[2020-09-24T03:38:04.391+0000][23404][gc,task      ] GC(367) Using 2 workers of 2 for marking
[2020-09-24T03:38:04.474+0000][23404][gc,marking   ] GC(367) Concurrent Mark From Roots 82.949ms
[2020-09-24T03:38:04.474+0000][23404][gc,marking   ] GC(367) Concurrent Preclean
[2020-09-24T03:38:04.474+0000][23404][gc,marking   ] GC(367) Concurrent Preclean 0.305ms
[2020-09-24T03:38:04.474+0000][23404][gc,marking   ] GC(367) Concurrent Mark (156.826s, 156.909s) 83.373ms
[2020-09-24T03:38:04.475+0000][23404][gc,start     ] GC(367) Pause Remark
[2020-09-24T03:38:04.480+0000][23404][gc           ] GC(367) Pause Remark 395M->395M(1024M) 5.185ms
[2020-09-24T03:38:04.480+0000][23404][gc,cpu       ] GC(367) User=0.11s Sys=0.02s Real=0.01s
[2020-09-24T03:38:04.480+0000][23404][safepoint    ] Safepoint "G1Concurrent", Time since last: 86826700 ns, Reaching safepoint: 124500 ns, At safepoint: 5368400 ns, Total: 5492900 ns
[2020-09-24T03:38:04.480+0000][23404][gc,marking   ] GC(367) Concurrent Rebuild Remembered Sets
[2020-09-24T03:38:04.535+0000][23404][gc,marking   ] GC(367) Concurrent Rebuild Remembered Sets 55.419ms
[2020-09-24T03:38:04.536+0000][23404][gc,start     ] GC(367) Pause Cleanup
[2020-09-24T03:38:04.536+0000][23404][gc           ] GC(367) Pause Cleanup 450M->450M(1024M) 0.233ms
[2020-09-24T03:38:04.536+0000][23404][gc,cpu       ] GC(367) User=0.00s Sys=0.00s Real=0.00s
[2020-09-24T03:38:04.536+0000][23404][safepoint    ] Safepoint "G1Concurrent", Time since last: 55616500 ns, Reaching safepoint: 132300 ns, At safepoint: 394200 ns, Total: 526500 ns
[2020-09-24T03:38:04.536+0000][23404][gc,marking   ] GC(367) Concurrent Cleanup for Next Mark
[2020-09-24T03:38:04.538+0000][23404][gc,marking   ] GC(367) Concurrent Cleanup for Next Mark 1.470ms
[2020-09-24T03:38:04.538+0000][23404][gc           ] GC(367) Concurrent Cycle 150.065ms
[2020-09-24T03:38:04.559+0000][23404][gc,start     ] GC(368) Pause Young (Concurrent Start) (G1 Humongous Allocation)
[2020-09-24T03:38:04.559+0000][23404][gc,task      ] GC(368) Using 8 workers of 8 for evacuation
[2020-09-24T03:38:04.559+0000][23404][gc,age       ] GC(368) Desired survivor size 32505856 bytes, new threshold 15 (max threshold 15)
[2020-09-24T03:38:04.562+0000][23404][gc,age       ] GC(368) Age table with threshold 15 (max threshold 15)
[2020-09-24T03:38:04.562+0000][23404][gc,age       ] GC(368) - age   1:    2600120 bytes,    2600120 total
[2020-09-24T03:38:04.562+0000][23404][gc,age       ] GC(368) - age   2:      50888 bytes,    2651008 total
[2020-09-24T03:38:04.562+0000][23404][gc,age       ] GC(368) - age   3:       3728 bytes,    2654736 total
[2020-09-24T03:38:04.562+0000][23404][gc,age       ] GC(368) - age   4:      19384 bytes,    2674120 total
[2020-09-24T03:38:04.562+0000][23404][gc,age       ] GC(368) - age   5:      35824 bytes,    2709944 total
[2020-09-24T03:38:04.562+0000][23404][gc,age       ] GC(368) - age   6:       2152 bytes,    2712096 total
[2020-09-24T03:38:04.562+0000][23404][gc,age       ] GC(368) - age   7:        616 bytes,    2712712 total
[2020-09-24T03:38:04.562+0000][23404][gc,age       ] GC(368) - age   8:       1136 bytes,    2713848 total
[2020-09-24T03:38:04.563+0000][23404][gc,age       ] GC(368) - age   9:      16080 bytes,    2729928 total
[2020-09-24T03:38:04.563+0000][23404][gc,age       ] GC(368) - age  10:      22520 bytes,    2752448 total
[2020-09-24T03:38:04.563+0000][23404][gc,age       ] GC(368) - age  11:       3072 bytes,    2755520 total
[2020-09-24T03:38:04.563+0000][23404][gc,age       ] GC(368) - age  12:       1488 bytes,    2757008 total
[2020-09-24T03:38:04.563+0000][23404][gc,age       ] GC(368) - age  13:       3032 bytes,    2760040 total
[2020-09-24T03:38:04.563+0000][23404][gc,age       ] GC(368) - age  14:       3504 bytes,    2763544 total
[2020-09-24T03:38:04.563+0000][23404][gc,age       ] GC(368) - age  15:       1008 bytes,    2764552 total
[2020-09-24T03:38:04.563+0000][23404][gc,phases    ] GC(368)   Pre Evacuate Collection Set: 0.4ms
[2020-09-24T03:38:04.563+0000][23404][gc,phases    ] GC(368)   Merge Heap Roots: 0.1ms
[2020-09-24T03:38:04.563+0000][23404][gc,phases    ] GC(368)   Evacuate Collection Set: 1.9ms
[2020-09-24T03:38:04.563+0000][23404][gc,phases    ] GC(368)   Post Evacuate Collection Set: 0.8ms
[2020-09-24T03:38:04.563+0000][23404][gc,phases    ] GC(368)   Other: 0.7ms
[2020-09-24T03:38:04.563+0000][23404][gc,heap      ] GC(368) Eden regions: 62->0(490)
[2020-09-24T03:38:04.563+0000][23404][gc,heap      ] GC(368) Survivor regions: 4->4(62)
[2020-09-24T03:38:04.563+0000][23404][gc,heap      ] GC(368) Old regions: 80->80
[2020-09-24T03:38:04.563+0000][23404][gc,heap      ] GC(368) Archive regions: 0->0
[2020-09-24T03:38:04.563+0000][23404][gc,heap      ] GC(368) Humongous regions: 316->174
[2020-09-24T03:38:04.563+0000][23404][gc,metaspace ] GC(368) Metaspace: 89394K(95360K)->89394K(95360K) NonClass: 78066K(81664K)->78066K(81664K) Class: 11328K(13696K)->11328K(13696K)
[2020-09-24T03:38:04.563+0000][23404][gc           ] GC(368) Pause Young (Concurrent Start) (G1 Humongous Allocation) 459M->256M(1024M) 3.944ms
[2020-09-24T03:38:04.563+0000][23404][gc,cpu       ] GC(368) User=0.00s Sys=0.00s Real=0.00s
[2020-09-24T03:38:04.563+0000][23404][safepoint    ] Safepoint "G1TryInitiateConcMark", Time since last: 22807900 ns, Reaching safepoint: 114900 ns, At safepoint: 4077900 ns, Total: 4192800 ns
[2020-09-24T03:38:04.563+0000][23404][gc           ] GC(369) Concurrent Cycle
[2020-09-24T03:38:04.563+0000][23404][gc,marking   ] GC(369) Concurrent Clear Claimed Marks
[2020-09-24T03:38:04.563+0000][23404][gc,marking   ] GC(369) Concurrent Clear Claimed Marks 0.351ms
[2020-09-24T03:38:04.564+0000][23404][gc,marking   ] GC(369) Concurrent Scan Root Regions
[2020-09-24T03:38:04.565+0000][23404][gc,marking   ] GC(369) Concurrent Scan Root Regions 1.580ms
[2020-09-24T03:38:04.565+0000][23404][gc,marking   ] GC(369) Concurrent Mark (157.000s)
[2020-09-24T03:38:04.565+0000][23404][gc,marking   ] GC(369) Concurrent Mark From Roots
[2020-09-24T03:38:04.565+0000][23404][gc,task      ] GC(369) Using 2 workers of 2 for marking
[2020-09-24T03:38:04.664+0000][23404][gc,marking   ] GC(369) Concurrent Mark From Roots 98.544ms
[2020-09-24T03:38:04.664+0000][23404][gc,marking   ] GC(369) Concurrent Preclean
[2020-09-24T03:38:04.664+0000][23404][gc,marking   ] GC(369) Concurrent Preclean 0.300ms
[2020-09-24T03:38:04.664+0000][23404][gc,marking   ] GC(369) Concurrent Mark (157.000s, 157.099s) 98.953ms
[2020-09-24T03:38:04.664+0000][23404][gc,start     ] GC(369) Pause Remark
[2020-09-24T03:38:04.670+0000][23404][gc           ] GC(369) Pause Remark 373M->373M(1024M) 5.873ms
[2020-09-24T03:38:04.670+0000][23404][gc,cpu       ] GC(369) User=0.00s Sys=0.00s Real=0.01s
[2020-09-24T03:38:04.670+0000][23404][safepoint    ] Safepoint "G1Concurrent", Time since last: 101171200 ns, Reaching safepoint: 145600 ns, At safepoint: 6051600 ns, Total: 6197200 ns
[2020-09-24T03:38:04.671+0000][23404][gc,marking   ] GC(369) Concurrent Rebuild Remembered Sets
[2020-09-24T03:38:04.732+0000][23404][gc,marking   ] GC(369) Concurrent Rebuild Remembered Sets 61.262ms
[2020-09-24T03:38:04.732+0000][23404][gc,start     ] GC(369) Pause Cleanup
[2020-09-24T03:38:04.732+0000][23404][gc           ] GC(369) Pause Cleanup 425M->425M(1024M) 0.283ms
[2020-09-24T03:38:04.732+0000][23404][gc,cpu       ] GC(369) User=0.00s Sys=0.00s Real=0.00s
[2020-09-24T03:38:04.733+0000][23404][safepoint    ] Safepoint "G1Concurrent", Time since last: 61468100 ns, Reaching safepoint: 156600 ns, At safepoint: 464600 ns, Total: 621200 ns
[2020-09-24T03:38:04.733+0000][23404][gc,marking   ] GC(369) Concurrent Cleanup for Next Mark
[2020-09-24T03:38:04.734+0000][23404][gc,marking   ] GC(369) Concurrent Cleanup for Next Mark 1.846ms
[2020-09-24T03:38:04.735+0000][23404][gc           ] GC(369) Concurrent Cycle 171.517ms
[2020-09-24T03:38:04.785+0000][23404][gc,start     ] GC(370) Pause Young (Concurrent Start) (G1 Humongous Allocation)
[2020-09-24T03:38:04.786+0000][23404][gc,task      ] GC(370) Using 8 workers of 8 for evacuation
[2020-09-24T03:38:04.786+0000][23404][gc,age       ] GC(370) Desired survivor size 32505856 bytes, new threshold 15 (max threshold 15)
[2020-09-24T03:38:04.790+0000][23404][gc,age       ] GC(370) Age table with threshold 15 (max threshold 15)
[2020-09-24T03:38:04.790+0000][23404][gc,age       ] GC(370) - age   1:    2652408 bytes,    2652408 total
[2020-09-24T03:38:04.790+0000][23404][gc,age       ] GC(370) - age   2:      11728 bytes,    2664136 total
[2020-09-24T03:38:04.790+0000][23404][gc,age       ] GC(370) - age   3:      47352 bytes,    2711488 total
[2020-09-24T03:38:04.790+0000][23404][gc,age       ] GC(370) - age   4:       2632 bytes,    2714120 total
[2020-09-24T03:38:04.790+0000][23404][gc,age       ] GC(370) - age   5:      18368 bytes,    2732488 total
[2020-09-24T03:38:04.790+0000][23404][gc,age       ] GC(370) - age   6:      35824 bytes,    2768312 total
[2020-09-24T03:38:04.790+0000][23404][gc,age       ] GC(370) - age   7:       1768 bytes,    2770080 total
[2020-09-24T03:38:04.790+0000][23404][gc,age       ] GC(370) - age   8:        552 bytes,    2770632 total
[2020-09-24T03:38:04.790+0000][23404][gc,age       ] GC(370) - age   9:       1136 bytes,    2771768 total
[2020-09-24T03:38:04.790+0000][23404][gc,age       ] GC(370) - age  10:      15952 bytes,    2787720 total
[2020-09-24T03:38:04.790+0000][23404][gc,age       ] GC(370) - age  11:      22520 bytes,    2810240 total
[2020-09-24T03:38:04.790+0000][23404][gc,age       ] GC(370) - age  12:       3008 bytes,    2813248 total
[2020-09-24T03:38:04.790+0000][23404][gc,age       ] GC(370) - age  13:       1360 bytes,    2814608 total
[2020-09-24T03:38:04.790+0000][23404][gc,age       ] GC(370) - age  14:       3032 bytes,    2817640 total
[2020-09-24T03:38:04.790+0000][23404][gc,age       ] GC(370) - age  15:       3472 bytes,    2821112 total
[2020-09-24T03:38:04.790+0000][23404][gc,phases    ] GC(370)   Pre Evacuate Collection Set: 0.4ms
[2020-09-24T03:38:04.791+0000][23404][gc,phases    ] GC(370)   Merge Heap Roots: 0.1ms
[2020-09-24T03:38:04.791+0000][23404][gc,phases    ] GC(370)   Evacuate Collection Set: 2.3ms
[2020-09-24T03:38:04.791+0000][23404][gc,phases    ] GC(370)   Post Evacuate Collection Set: 1.1ms
[2020-09-24T03:38:04.791+0000][23404][gc,phases    ] GC(370)   Other: 1.2ms
[2020-09-24T03:38:04.791+0000][23404][gc,heap      ] GC(370) Eden regions: 56->0(494)
[2020-09-24T03:38:04.791+0000][23404][gc,heap      ] GC(370) Survivor regions: 4->3(62)
[2020-09-24T03:38:04.791+0000][23404][gc,heap      ] GC(370) Old regions: 80->80
[2020-09-24T03:38:04.791+0000][23404][gc,heap      ] GC(370) Archive regions: 0->0
[2020-09-24T03:38:04.791+0000][23404][gc,heap      ] GC(370) Humongous regions: 302->174
[2020-09-24T03:38:04.791+0000][23404][gc,metaspace ] GC(370) Metaspace: 89416K(95360K)->89416K(95360K) NonClass: 78087K(81664K)->78087K(81664K) Class: 11329K(13696K)->11329K(13696K)
[2020-09-24T03:38:04.791+0000][23404][gc           ] GC(370) Pause Young (Concurrent Start) (G1 Humongous Allocation) 439M->256M(1024M) 5.454ms
[2020-09-24T03:38:04.791+0000][23404][gc,cpu       ] GC(370) User=0.03s Sys=0.00s Real=0.01s
[2020-09-24T03:38:04.791+0000][23404][gc           ] GC(371) Concurrent Cycle
[2020-09-24T03:38:04.791+0000][23404][safepoint    ] Safepoint "G1TryInitiateConcMark", Time since last: 52650100 ns, Reaching safepoint: 230800 ns, At safepoint: 5669800 ns, Total: 5900600 ns
[2020-09-24T03:38:04.791+0000][23404][gc,marking   ] GC(371) Concurrent Clear Claimed Marks
[2020-09-24T03:38:04.792+0000][23404][gc,marking   ] GC(371) Concurrent Clear Claimed Marks 0.581ms
[2020-09-24T03:38:04.792+0000][23404][gc,marking   ] GC(371) Concurrent Scan Root Regions
[2020-09-24T03:38:04.794+0000][23404][gc,marking   ] GC(371) Concurrent Scan Root Regions 2.570ms
[2020-09-24T03:38:04.795+0000][23404][gc,marking   ] GC(371) Concurrent Mark (157.229s)
[2020-09-24T03:38:04.795+0000][23404][gc,marking   ] GC(371) Concurrent Mark From Roots
[2020-09-24T03:38:04.795+0000][23404][gc,task      ] GC(371) Using 2 workers of 2 for marking
[2020-09-24T03:38:04.939+0000][23404][gc,marking   ] GC(371) Concurrent Mark From Roots 144.437ms
[2020-09-24T03:38:04.939+0000][23404][gc,marking   ] GC(371) Concurrent Preclean
[2020-09-24T03:38:04.940+0000][23404][gc,marking   ] GC(371) Concurrent Preclean 0.594ms
[2020-09-24T03:38:04.940+0000][23404][gc,marking   ] GC(371) Concurrent Mark (157.229s, 157.374s) 145.230ms
[2020-09-24T03:38:04.940+0000][23404][gc,start     ] GC(371) Pause Remark
[2020-09-24T03:38:04.946+0000][23404][gc           ] GC(371) Pause Remark 370M->370M(1024M) 6.216ms
[2020-09-24T03:38:04.946+0000][23404][gc,cpu       ] GC(371) User=0.13s Sys=0.00s Real=0.01s
[2020-09-24T03:38:04.946+0000][23404][safepoint    ] Safepoint "G1Concurrent", Time since last: 148705200 ns, Reaching safepoint: 173200 ns, At safepoint: 6419700 ns, Total: 6592900 ns
[2020-09-24T03:38:04.946+0000][23404][gc,marking   ] GC(371) Concurrent Rebuild Remembered Sets
[2020-09-24T03:38:05.019+0000][23404][gc,marking   ] GC(371) Concurrent Rebuild Remembered Sets 72.595ms
[2020-09-24T03:38:05.019+0000][23404][gc,start     ] GC(371) Pause Cleanup
[2020-09-24T03:38:05.020+0000][23404][gc           ] GC(371) Pause Cleanup 375M->375M(1024M) 0.250ms
[2020-09-24T03:38:05.020+0000][23404][gc,cpu       ] GC(371) User=0.00s Sys=0.00s Real=0.00s
[2020-09-24T03:38:05.020+0000][23404][safepoint    ] Safepoint "G1Concurrent", Time since last: 72742500 ns, Reaching safepoint: 104300 ns, At safepoint: 428500 ns, Total: 532800 ns
[2020-09-24T03:38:05.020+0000][23404][gc,marking   ] GC(371) Concurrent Cleanup for Next Mark
[2020-09-24T03:38:05.021+0000][23404][gc,marking   ] GC(371) Concurrent Cleanup for Next Mark 1.494ms
[2020-09-24T03:38:05.021+0000][23404][gc           ] GC(371) Concurrent Cycle 230.257ms
[2020-09-24T03:38:05.117+0000][23404][gc,start     ] GC(372) Pause Young (Concurrent Start) (G1 Humongous Allocation)
[2020-09-24T03:38:05.117+0000][23404][gc,task      ] GC(372) Using 8 workers of 8 for evacuation
[2020-09-24T03:38:05.117+0000][23404][gc,age       ] GC(372) Desired survivor size 33030144 bytes, new threshold 15 (max threshold 15)
[2020-09-24T03:38:05.122+0000][23404][gc,age       ] GC(372) Age table with threshold 15 (max threshold 15)
[2020-09-24T03:38:05.122+0000][23404][gc,age       ] GC(372) - age   1:   10710200 bytes,   10710200 total
[2020-09-24T03:38:05.122+0000][23404][gc,age       ] GC(372) - age   2:      10352 bytes,   10720552 total
[2020-09-24T03:38:05.122+0000][23404][gc,age       ] GC(372) - age   3:      10208 bytes,   10730760 total
[2020-09-24T03:38:05.122+0000][23404][gc,age       ] GC(372) - age   4:      46328 bytes,   10777088 total
[2020-09-24T03:38:05.122+0000][23404][gc,age       ] GC(372) - age   5:       1824 bytes,   10778912 total
[2020-09-24T03:38:05.122+0000][23404][gc,age       ] GC(372) - age   6:      18176 bytes,   10797088 total
[2020-09-24T03:38:05.122+0000][23404][gc,age       ] GC(372) - age   7:      35824 bytes,   10832912 total
[2020-09-24T03:38:05.122+0000][23404][gc,age       ] GC(372) - age   8:       1648 bytes,   10834560 total
[2020-09-24T03:38:05.122+0000][23404][gc,age       ] GC(372) - age   9:        488 bytes,   10835048 total
[2020-09-24T03:38:05.122+0000][23404][gc,age       ] GC(372) - age  10:       1008 bytes,   10836056 total
[2020-09-24T03:38:05.123+0000][23404][gc,age       ] GC(372) - age  11:      15952 bytes,   10852008 total
[2020-09-24T03:38:05.123+0000][23404][gc,age       ] GC(372) - age  12:      22392 bytes,   10874400 total
[2020-09-24T03:38:05.123+0000][23404][gc,age       ] GC(372) - age  13:       2944 bytes,   10877344 total
[2020-09-24T03:38:05.123+0000][23404][gc,age       ] GC(372) - age  14:       1360 bytes,   10878704 total
[2020-09-24T03:38:05.123+0000][23404][gc,age       ] GC(372) - age  15:       3032 bytes,   10881736 total
[2020-09-24T03:38:05.123+0000][23404][gc,phases    ] GC(372)   Pre Evacuate Collection Set: 0.5ms
[2020-09-24T03:38:05.123+0000][23404][gc,phases    ] GC(372)   Merge Heap Roots: 0.1ms
[2020-09-24T03:38:05.123+0000][23404][gc,phases    ] GC(372)   Evacuate Collection Set: 3.2ms
[2020-09-24T03:38:05.123+0000][23404][gc,phases    ] GC(372)   Post Evacuate Collection Set: 0.8ms
[2020-09-24T03:38:05.123+0000][23404][gc,phases    ] GC(372)   Other: 1.1ms
[2020-09-24T03:38:05.123+0000][23404][gc,heap      ] GC(372) Eden regions: 53->0(482)
[2020-09-24T03:38:05.123+0000][23404][gc,heap      ] GC(372) Survivor regions: 3->11(63)
[2020-09-24T03:38:05.123+0000][23404][gc,heap      ] GC(372) Old regions: 80->80
[2020-09-24T03:38:05.123+0000][23404][gc,heap      ] GC(372) Archive regions: 0->0
[2020-09-24T03:38:05.123+0000][23404][gc,heap      ] GC(372) Humongous regions: 260->174
[2020-09-24T03:38:05.123+0000][23404][gc,metaspace ] GC(372) Metaspace: 89416K(95360K)->89416K(95360K) NonClass: 78087K(81664K)->78087K(81664K) Class: 11329K(13696K)->11329K(13696K)
[2020-09-24T03:38:05.123+0000][23404][gc           ] GC(372) Pause Young (Concurrent Start) (G1 Humongous Allocation) 395M->263M(1024M) 5.886ms
[2020-09-24T03:38:05.123+0000][23404][gc,cpu       ] GC(372) User=0.02s Sys=0.00s Real=0.01s
[2020-09-24T03:38:05.123+0000][23404][gc           ] GC(373) Concurrent Cycle
[2020-09-24T03:38:05.123+0000][23404][gc,marking   ] GC(373) Concurrent Clear Claimed Marks
[2020-09-24T03:38:05.123+0000][23404][safepoint    ] Safepoint "G1TryInitiateConcMark", Time since last: 97181300 ns, Reaching safepoint: 192000 ns, At safepoint: 6217400 ns, Total: 6409400 ns
[2020-09-24T03:38:05.124+0000][23404][gc,marking   ] GC(373) Concurrent Clear Claimed Marks 0.406ms
[2020-09-24T03:38:05.124+0000][23404][gc,marking   ] GC(373) Concurrent Scan Root Regions
[2020-09-24T03:38:05.127+0000][23404][gc,marking   ] GC(373) Concurrent Scan Root Regions 3.089ms
[2020-09-24T03:38:05.127+0000][23404][gc,marking   ] GC(373) Concurrent Mark (157.562s)
[2020-09-24T03:38:05.127+0000][23404][gc,marking   ] GC(373) Concurrent Mark From Roots
[2020-09-24T03:38:05.127+0000][23404][gc,task      ] GC(373) Using 2 workers of 2 for marking
[2020-09-24T03:38:05.288+0000][23404][gc,marking   ] GC(373) Concurrent Mark From Roots 160.537ms
[2020-09-24T03:38:05.288+0000][23404][gc,marking   ] GC(373) Concurrent Preclean
[2020-09-24T03:38:05.288+0000][23404][gc,marking   ] GC(373) Concurrent Preclean 0.433ms
[2020-09-24T03:38:05.288+0000][23404][gc,marking   ] GC(373) Concurrent Mark (157.562s, 157.723s) 161.152ms
[2020-09-24T03:38:05.288+0000][23404][gc,start     ] GC(373) Pause Remark
[2020-09-24T03:38:05.296+0000][23404][gc           ] GC(373) Pause Remark 714M->714M(1024M) 7.415ms
[2020-09-24T03:38:05.296+0000][23404][gc,cpu       ] GC(373) User=0.08s Sys=0.00s Real=0.01s
[2020-09-24T03:38:05.296+0000][23404][safepoint    ] Safepoint "G1Concurrent", Time since last: 164942900 ns, Reaching safepoint: 160900 ns, At safepoint: 7663200 ns, Total: 7824100 ns
[2020-09-24T03:38:05.296+0000][23404][gc,marking   ] GC(373) Concurrent Rebuild Remembered Sets
[2020-09-24T03:38:05.382+0000][23404][gc,marking   ] GC(373) Concurrent Rebuild Remembered Sets 85.153ms
[2020-09-24T03:38:05.382+0000][23404][gc,start     ] GC(373) Pause Cleanup
[2020-09-24T03:38:05.382+0000][23404][gc           ] GC(373) Pause Cleanup 839M->839M(1024M) 0.300ms
[2020-09-24T03:38:05.382+0000][23404][gc,cpu       ] GC(373) User=0.00s Sys=0.00s Real=0.00s
[2020-09-24T03:38:05.382+0000][23404][safepoint    ] Safepoint "G1Concurrent", Time since last: 85338600 ns, Reaching safepoint: 148600 ns, At safepoint: 474400 ns, Total: 623000 ns
[2020-09-24T03:38:05.382+0000][23404][gc,marking   ] GC(373) Concurrent Cleanup for Next Mark
[2020-09-24T03:38:05.384+0000][23404][gc,marking   ] GC(373) Concurrent Cleanup for Next Mark 1.815ms
[2020-09-24T03:38:05.384+0000][23404][gc           ] GC(373) Concurrent Cycle 260.909ms
[2020-09-24T03:38:05.424+0000][23404][gc,start     ] GC(374) Pause Young (Concurrent Start) (G1 Humongous Allocation)
[2020-09-24T03:38:05.424+0000][23404][gc,task      ] GC(374) Using 8 workers of 8 for evacuation
[2020-09-24T03:38:05.424+0000][23404][gc,age       ] GC(374) Desired survivor size 32505856 bytes, new threshold 15 (max threshold 15)
[2020-09-24T03:38:05.428+0000][23404][gc,age       ] GC(374) Age table with threshold 15 (max threshold 15)
[2020-09-24T03:38:05.428+0000][23404][gc,age       ] GC(374) - age   1:    4227384 bytes,    4227384 total
[2020-09-24T03:38:05.428+0000][23404][gc,age       ] GC(374) - age   2:      12736 bytes,    4240120 total
[2020-09-24T03:38:05.428+0000][23404][gc,age       ] GC(374) - age   3:       9336 bytes,    4249456 total
[2020-09-24T03:38:05.428+0000][23404][gc,age       ] GC(374) - age   4:       9944 bytes,    4259400 total
[2020-09-24T03:38:05.429+0000][23404][gc,age       ] GC(374) - age   5:      39992 bytes,    4299392 total
[2020-09-24T03:38:05.429+0000][23404][gc,age       ] GC(374) - age   6:       1320 bytes,    4300712 total
[2020-09-24T03:38:05.429+0000][23404][gc,age       ] GC(374) - age   7:      18016 bytes,    4318728 total
[2020-09-24T03:38:05.429+0000][23404][gc,age       ] GC(374) - age   8:      35728 bytes,    4354456 total
[2020-09-24T03:38:05.429+0000][23404][gc,age       ] GC(374) - age   9:       1648 bytes,    4356104 total
[2020-09-24T03:38:05.429+0000][23404][gc,age       ] GC(374) - age  10:        424 bytes,    4356528 total
[2020-09-24T03:38:05.429+0000][23404][gc,age       ] GC(374) - age  11:       1008 bytes,    4357536 total
[2020-09-24T03:38:05.429+0000][23404][gc,age       ] GC(374) - age  12:      15872 bytes,    4373408 total
[2020-09-24T03:38:05.429+0000][23404][gc,age       ] GC(374) - age  13:      22392 bytes,    4395800 total
[2020-09-24T03:38:05.429+0000][23404][gc,age       ] GC(374) - age  14:       2880 bytes,    4398680 total
[2020-09-24T03:38:05.429+0000][23404][gc,age       ] GC(374) - age  15:       1360 bytes,    4400040 total
[2020-09-24T03:38:05.429+0000][23404][gc,phases    ] GC(374)   Pre Evacuate Collection Set: 0.5ms
[2020-09-24T03:38:05.429+0000][23404][gc,phases    ] GC(374)   Merge Heap Roots: 0.1ms
[2020-09-24T03:38:05.429+0000][23404][gc,phases    ] GC(374)   Evacuate Collection Set: 2.5ms
[2020-09-24T03:38:05.429+0000][23404][gc,phases    ] GC(374)   Post Evacuate Collection Set: 1.1ms
[2020-09-24T03:38:05.429+0000][23404][gc,phases    ] GC(374)   Other: 0.9ms
[2020-09-24T03:38:05.429+0000][23404][gc,heap      ] GC(374) Eden regions: 152->0(490)
[2020-09-24T03:38:05.429+0000][23404][gc,heap      ] GC(374) Survivor regions: 11->5(62)
[2020-09-24T03:38:05.429+0000][23404][gc,heap      ] GC(374) Old regions: 80->80
[2020-09-24T03:38:05.429+0000][23404][gc,heap      ] GC(374) Archive regions: 0->0
[2020-09-24T03:38:05.429+0000][23404][gc,heap      ] GC(374) Humongous regions: 612->174
[2020-09-24T03:38:05.429+0000][23404][gc,metaspace ] GC(374) Metaspace: 89416K(95360K)->89416K(95360K) NonClass: 78087K(81664K)->78087K(81664K) Class: 11329K(13696K)->11329K(13696K)
[2020-09-24T03:38:05.429+0000][23404][gc           ] GC(374) Pause Young (Concurrent Start) (G1 Humongous Allocation) 853M->257M(1024M) 5.583ms
[2020-09-24T03:38:05.429+0000][23404][gc,cpu       ] GC(374) User=0.00s Sys=0.00s Real=0.00s
[2020-09-24T03:38:05.430+0000][23404][gc           ] GC(375) Concurrent Cycle
[2020-09-24T03:38:05.430+0000][23404][safepoint    ] Safepoint "G1TryInitiateConcMark", Time since last: 41219500 ns, Reaching safepoint: 161400 ns, At safepoint: 5804300 ns, Total: 5965700 ns
[2020-09-24T03:38:05.430+0000][23404][gc,marking   ] GC(375) Concurrent Clear Claimed Marks
[2020-09-24T03:38:05.430+0000][23404][gc,marking   ] GC(375) Concurrent Clear Claimed Marks 0.496ms
[2020-09-24T03:38:05.430+0000][23404][gc,marking   ] GC(375) Concurrent Scan Root Regions
[2020-09-24T03:38:05.434+0000][23404][gc,marking   ] GC(375) Concurrent Scan Root Regions 3.362ms
[2020-09-24T03:38:05.434+0000][23404][gc,marking   ] GC(375) Concurrent Mark (157.868s)
[2020-09-24T03:38:05.434+0000][23404][gc,marking   ] GC(375) Concurrent Mark From Roots
[2020-09-24T03:38:05.434+0000][23404][gc,task      ] GC(375) Using 2 workers of 2 for marking
[2020-09-24T03:38:05.564+0000][23404][gc,marking   ] GC(375) Concurrent Mark From Roots 130.187ms
[2020-09-24T03:38:05.564+0000][23404][gc,marking   ] GC(375) Concurrent Preclean
[2020-09-24T03:38:05.564+0000][23404][gc,marking   ] GC(375) Concurrent Preclean 0.312ms
[2020-09-24T03:38:05.564+0000][23404][gc,marking   ] GC(375) Concurrent Mark (157.868s, 157.999s) 130.650ms
[2020-09-24T03:38:05.565+0000][23404][gc,start     ] GC(375) Pause Remark
[2020-09-24T03:38:05.574+0000][23404][gc           ] GC(375) Pause Remark 449M->449M(1024M) 9.468ms
[2020-09-24T03:38:05.574+0000][23404][gc,cpu       ] GC(375) User=0.09s Sys=0.02s Real=0.01s
[2020-09-24T03:38:05.577+0000][23404][safepoint    ] Safepoint "G1Concurrent", Time since last: 134817800 ns, Reaching safepoint: 170300 ns, At safepoint: 11867200 ns, Total: 12037500 ns
[2020-09-24T03:38:05.579+0000][23404][gc,marking   ] GC(375) Concurrent Rebuild Remembered Sets
[2020-09-24T03:38:05.656+0000][23404][gc,marking   ] GC(375) Concurrent Rebuild Remembered Sets 77.157ms
[2020-09-24T03:38:05.656+0000][23404][gc,start     ] GC(375) Pause Cleanup
[2020-09-24T03:38:05.657+0000][23404][gc           ] GC(375) Pause Cleanup 523M->523M(1024M) 0.454ms
[2020-09-24T03:38:05.657+0000][23404][gc,cpu       ] GC(375) User=0.00s Sys=0.00s Real=0.00s
[2020-09-24T03:38:05.657+0000][23404][safepoint    ] Safepoint "G1Concurrent", Time since last: 79443300 ns, Reaching safepoint: 175900 ns, At safepoint: 682100 ns, Total: 858000 ns
[2020-09-24T03:38:05.657+0000][23404][gc,marking   ] GC(375) Concurrent Cleanup for Next Mark
[2020-09-24T03:38:05.659+0000][23404][gc,marking   ] GC(375) Concurrent Cleanup for Next Mark 2.282ms
[2020-09-24T03:38:05.659+0000][23404][gc           ] GC(375) Concurrent Cycle 229.696ms
[2020-09-24T03:38:05.668+0000][23404][gc,start     ] GC(376) Pause Young (Concurrent Start) (G1 Humongous Allocation)
[2020-09-24T03:38:05.668+0000][23404][gc,task      ] GC(376) Using 8 workers of 8 for evacuation
[2020-09-24T03:38:05.669+0000][23404][gc,age       ] GC(376) Desired survivor size 32505856 bytes, new threshold 15 (max threshold 15)
[2020-09-24T03:38:05.673+0000][23404][gc,age       ] GC(376) Age table with threshold 15 (max threshold 15)
[2020-09-24T03:38:05.673+0000][23404][gc,age       ] GC(376) - age   1:    3699304 bytes,    3699304 total
[2020-09-24T03:38:05.673+0000][23404][gc,age       ] GC(376) - age   2:     602520 bytes,    4301824 total
[2020-09-24T03:38:05.673+0000][23404][gc,age       ] GC(376) - age   3:      11040 bytes,    4312864 total
[2020-09-24T03:38:05.673+0000][23404][gc,age       ] GC(376) - age   4:       9176 bytes,    4322040 total
[2020-09-24T03:38:05.673+0000][23404][gc,age       ] GC(376) - age   5:       9752 bytes,    4331792 total
[2020-09-24T03:38:05.673+0000][23404][gc,age       ] GC(376) - age   6:      39864 bytes,    4371656 total
[2020-09-24T03:38:05.673+0000][23404][gc,age       ] GC(376) - age   7:       1224 bytes,    4372880 total
[2020-09-24T03:38:05.673+0000][23404][gc,age       ] GC(376) - age   8:      17888 bytes,    4390768 total
[2020-09-24T03:38:05.673+0000][23404][gc,age       ] GC(376) - age   9:      35728 bytes,    4426496 total
[2020-09-24T03:38:05.673+0000][23404][gc,age       ] GC(376) - age  10:       1584 bytes,    4428080 total
[2020-09-24T03:38:05.673+0000][23404][gc,age       ] GC(376) - age  11:        424 bytes,    4428504 total
[2020-09-24T03:38:05.673+0000][23404][gc,age       ] GC(376) - age  12:       1008 bytes,    4429512 total
[2020-09-24T03:38:05.673+0000][23404][gc,age       ] GC(376) - age  13:      15872 bytes,    4445384 total
[2020-09-24T03:38:05.673+0000][23404][gc,age       ] GC(376) - age  14:      22392 bytes,    4467776 total
[2020-09-24T03:38:05.673+0000][23404][gc,age       ] GC(376) - age  15:       2816 bytes,    4470592 total
[2020-09-24T03:38:05.673+0000][23404][gc,phases    ] GC(376)   Pre Evacuate Collection Set: 0.4ms
[2020-09-24T03:38:05.673+0000][23404][gc,phases    ] GC(376)   Merge Heap Roots: 0.2ms
[2020-09-24T03:38:05.673+0000][23404][gc,phases    ] GC(376)   Evacuate Collection Set: 2.5ms
[2020-09-24T03:38:05.674+0000][23404][gc,phases    ] GC(376)   Post Evacuate Collection Set: 0.9ms
[2020-09-24T03:38:05.674+0000][23404][gc,phases    ] GC(376)   Other: 1.1ms
[2020-09-24T03:38:05.674+0000][23404][gc,heap      ] GC(376) Eden regions: 76->0(492)
[2020-09-24T03:38:05.674+0000][23404][gc,heap      ] GC(376) Survivor regions: 5->5(62)
[2020-09-24T03:38:05.674+0000][23404][gc,heap      ] GC(376) Old regions: 80->80
[2020-09-24T03:38:05.674+0000][23404][gc,heap      ] GC(376) Archive regions: 0->0
[2020-09-24T03:38:05.674+0000][23404][gc,heap      ] GC(376) Humongous regions: 370->174
[2020-09-24T03:38:05.674+0000][23404][gc,metaspace ] GC(376) Metaspace: 89416K(95360K)->89416K(95360K) NonClass: 78087K(81664K)->78087K(81664K) Class: 11329K(13696K)->11329K(13696K)
[2020-09-24T03:38:05.674+0000][23404][gc           ] GC(376) Pause Young (Concurrent Start) (G1 Humongous Allocation) 529M->258M(1024M) 5.421ms
[2020-09-24T03:38:05.674+0000][23404][gc,cpu       ] GC(376) User=0.00s Sys=0.00s Real=0.01s
[2020-09-24T03:38:05.674+0000][23404][gc           ] GC(377) Concurrent Cycle
[2020-09-24T03:38:05.674+0000][23404][safepoint    ] Safepoint "G1TryInitiateConcMark", Time since last: 11492200 ns, Reaching safepoint: 140600 ns, At safepoint: 5604500 ns, Total: 5745100 ns
[2020-09-24T03:38:05.674+0000][23404][gc,marking   ] GC(377) Concurrent Clear Claimed Marks
[2020-09-24T03:38:05.675+0000][23404][gc,marking   ] GC(377) Concurrent Clear Claimed Marks 0.546ms
[2020-09-24T03:38:05.675+0000][23404][gc,marking   ] GC(377) Concurrent Scan Root Regions
[2020-09-24T03:38:05.678+0000][23404][gc,marking   ] GC(377) Concurrent Scan Root Regions 3.149ms
[2020-09-24T03:38:05.678+0000][23404][gc,marking   ] GC(377) Concurrent Mark (158.112s)
[2020-09-24T03:38:05.678+0000][23404][gc,marking   ] GC(377) Concurrent Mark From Roots
[2020-09-24T03:38:05.678+0000][23404][gc,task      ] GC(377) Using 2 workers of 2 for marking
[2020-09-24T03:38:05.814+0000][23404][gc,marking   ] GC(377) Concurrent Mark From Roots 136.166ms
[2020-09-24T03:38:05.814+0000][23404][gc,marking   ] GC(377) Concurrent Preclean
[2020-09-24T03:38:05.815+0000][23404][gc,marking   ] GC(377) Concurrent Preclean 0.358ms
[2020-09-24T03:38:05.815+0000][23404][gc,marking   ] GC(377) Concurrent Mark (158.112s, 158.249s) 136.669ms
[2020-09-24T03:38:05.815+0000][23404][gc,start     ] GC(377) Pause Remark
[2020-09-24T03:38:05.821+0000][23404][gc           ] GC(377) Pause Remark 334M->334M(1024M) 6.497ms
[2020-09-24T03:38:05.822+0000][23404][gc,cpu       ] GC(377) User=0.11s Sys=0.00s Real=0.01s
[2020-09-24T03:38:05.822+0000][23404][safepoint    ] Safepoint "G1Concurrent", Time since last: 140696700 ns, Reaching safepoint: 191900 ns, At safepoint: 6718800 ns, Total: 6910700 ns
[2020-09-24T03:38:05.822+0000][23404][gc,marking   ] GC(377) Concurrent Rebuild Remembered Sets
[2020-09-24T03:38:05.918+0000][23404][gc,marking   ] GC(377) Concurrent Rebuild Remembered Sets 96.325ms
[2020-09-24T03:38:05.918+0000][23404][gc,start     ] GC(377) Pause Cleanup
[2020-09-24T03:38:05.919+0000][23404][gc           ] GC(377) Pause Cleanup 731M->731M(1024M) 0.444ms
[2020-09-24T03:38:05.919+0000][23404][gc,cpu       ] GC(377) User=0.00s Sys=0.00s Real=0.00s
[2020-09-24T03:38:05.919+0000][23404][safepoint    ] Safepoint "G1Concurrent", Time since last: 96527600 ns, Reaching safepoint: 170000 ns, At safepoint: 659200 ns, Total: 829200 ns
[2020-09-24T03:38:05.919+0000][23404][gc,marking   ] GC(377) Concurrent Cleanup for Next Mark
[2020-09-24T03:38:05.921+0000][23404][gc,marking   ] GC(377) Concurrent Cleanup for Next Mark 1.833ms
[2020-09-24T03:38:05.921+0000][23404][gc           ] GC(377) Concurrent Cycle 247.178ms
[2020-09-24T03:38:05.925+0000][23404][gc,start     ] GC(378) Pause Young (Concurrent Start) (G1 Humongous Allocation)
[2020-09-24T03:38:05.925+0000][23404][gc,task      ] GC(378) Using 8 workers of 8 for evacuation
[2020-09-24T03:38:05.925+0000][23404][gc,age       ] GC(378) Desired survivor size 33030144 bytes, new threshold 15 (max threshold 15)
[2020-09-24T03:38:05.929+0000][23404][gc,age       ] GC(378) Age table with threshold 15 (max threshold 15)
[2020-09-24T03:38:05.929+0000][23404][gc,age       ] GC(378) - age   1:    7044152 bytes,    7044152 total
[2020-09-24T03:38:05.929+0000][23404][gc,age       ] GC(378) - age   2:       2664 bytes,    7046816 total
[2020-09-24T03:38:05.929+0000][23404][gc,age       ] GC(378) - age   3:       3680 bytes,    7050496 total
[2020-09-24T03:38:05.929+0000][23404][gc,age       ] GC(378) - age   4:      10552 bytes,    7061048 total
[2020-09-24T03:38:05.929+0000][23404][gc,age       ] GC(378) - age   5:       8384 bytes,    7069432 total
[2020-09-24T03:38:05.929+0000][23404][gc,age       ] GC(378) - age   6:       8984 bytes,    7078416 total
[2020-09-24T03:38:05.929+0000][23404][gc,age       ] GC(378) - age   7:      38280 bytes,    7116696 total
[2020-09-24T03:38:05.929+0000][23404][gc,age       ] GC(378) - age   8:       1144 bytes,    7117840 total
[2020-09-24T03:38:05.930+0000][23404][gc,age       ] GC(378) - age   9:      17888 bytes,    7135728 total
[2020-09-24T03:38:05.930+0000][23404][gc,age       ] GC(378) - age  10:      35704 bytes,    7171432 total
[2020-09-24T03:38:05.930+0000][23404][gc,age       ] GC(378) - age  11:       1584 bytes,    7173016 total
[2020-09-24T03:38:05.930+0000][23404][gc,age       ] GC(378) - age  12:        392 bytes,    7173408 total
[2020-09-24T03:38:05.930+0000][23404][gc,age       ] GC(378) - age  13:        976 bytes,    7174384 total
[2020-09-24T03:38:05.930+0000][23404][gc,age       ] GC(378) - age  14:      15872 bytes,    7190256 total
[2020-09-24T03:38:05.930+0000][23404][gc,age       ] GC(378) - age  15:      22272 bytes,    7212528 total
[2020-09-24T03:38:05.930+0000][23404][gc,phases    ] GC(378)   Pre Evacuate Collection Set: 0.4ms
[2020-09-24T03:38:05.930+0000][23404][gc,phases    ] GC(378)   Merge Heap Roots: 0.1ms
[2020-09-24T03:38:05.930+0000][23404][gc,phases    ] GC(378)   Evacuate Collection Set: 2.6ms
[2020-09-24T03:38:05.930+0000][23404][gc,phases    ] GC(378)   Post Evacuate Collection Set: 1.2ms
[2020-09-24T03:38:05.930+0000][23404][gc,phases    ] GC(378)   Other: 1.0ms
[2020-09-24T03:38:05.930+0000][23404][gc,heap      ] GC(378) Eden regions: 134->0(486)
[2020-09-24T03:38:05.930+0000][23404][gc,heap      ] GC(378) Survivor regions: 5->8(63)
[2020-09-24T03:38:05.930+0000][23404][gc,heap      ] GC(378) Old regions: 80->80
[2020-09-24T03:38:05.930+0000][23404][gc,heap      ] GC(378) Archive regions: 0->0
[2020-09-24T03:38:05.930+0000][23404][gc,heap      ] GC(378) Humongous regions: 516->174
[2020-09-24T03:38:05.930+0000][23404][gc,metaspace ] GC(378) Metaspace: 89429K(95360K)->89429K(95360K) NonClass: 78100K(81664K)->78100K(81664K) Class: 11329K(13696K)->11329K(13696K)
[2020-09-24T03:38:05.930+0000][23404][gc           ] GC(378) Pause Young (Concurrent Start) (G1 Humongous Allocation) 734M->260M(1024M) 5.726ms
[2020-09-24T03:38:05.930+0000][23404][gc,cpu       ] GC(378) User=0.02s Sys=0.02s Real=0.01s
[2020-09-24T03:38:05.930+0000][23404][gc           ] GC(379) Concurrent Cycle
[2020-09-24T03:38:05.930+0000][23404][safepoint    ] Safepoint "G1TryInitiateConcMark", Time since last: 5393500 ns, Reaching safepoint: 283400 ns, At safepoint: 5926000 ns, Total: 6209400 ns
[2020-09-24T03:38:05.931+0000][23404][gc,marking   ] GC(379) Concurrent Clear Claimed Marks
[2020-09-24T03:38:05.931+0000][23404][gc,marking   ] GC(379) Concurrent Clear Claimed Marks 0.749ms
[2020-09-24T03:38:05.931+0000][23404][gc,marking   ] GC(379) Concurrent Scan Root Regions
[2020-09-24T03:38:05.935+0000][23404][gc,marking   ] GC(379) Concurrent Scan Root Regions 3.697ms
[2020-09-24T03:38:05.935+0000][23404][gc,marking   ] GC(379) Concurrent Mark (158.370s)
[2020-09-24T03:38:05.935+0000][23404][gc,marking   ] GC(379) Concurrent Mark From Roots
[2020-09-24T03:38:05.935+0000][23404][gc,task      ] GC(379) Using 2 workers of 2 for marking
[2020-09-24T03:38:06.076+0000][23404][gc,marking   ] GC(379) Concurrent Mark From Roots 140.992ms
[2020-09-24T03:38:06.076+0000][23404][gc,marking   ] GC(379) Concurrent Preclean
[2020-09-24T03:38:06.077+0000][23404][gc,marking   ] GC(379) Concurrent Preclean 0.365ms
[2020-09-24T03:38:06.077+0000][23404][gc,marking   ] GC(379) Concurrent Mark (158.370s, 158.511s) 141.531ms
[2020-09-24T03:38:06.077+0000][23404][gc,start     ] GC(379) Pause Remark
[2020-09-24T03:38:06.084+0000][23404][gc           ] GC(379) Pause Remark 474M->474M(1024M) 7.465ms
[2020-09-24T03:38:06.085+0000][23404][gc,cpu       ] GC(379) User=0.00s Sys=0.00s Real=0.01s
[2020-09-24T03:38:06.085+0000][23404][safepoint    ] Safepoint "G1Concurrent", Time since last: 146339300 ns, Reaching safepoint: 161400 ns, At safepoint: 7688900 ns, Total: 7850300 ns
[2020-09-24T03:38:06.085+0000][23404][gc,marking   ] GC(379) Concurrent Rebuild Remembered Sets
[2020-09-24T03:38:06.148+0000][23404][gc,marking   ] GC(379) Concurrent Rebuild Remembered Sets 63.057ms
[2020-09-24T03:38:06.148+0000][23404][gc,start     ] GC(379) Pause Cleanup
[2020-09-24T03:38:06.148+0000][23404][gc           ] GC(379) Pause Cleanup 528M->528M(1024M) 0.262ms
[2020-09-24T03:38:06.148+0000][23404][gc,cpu       ] GC(379) User=0.00s Sys=0.00s Real=0.00s
[2020-09-24T03:38:06.148+0000][23404][safepoint    ] Safepoint "G1Concurrent", Time since last: 63258400 ns, Reaching safepoint: 118600 ns, At safepoint: 415200 ns, Total: 533800 ns
[2020-09-24T03:38:06.148+0000][23404][gc,marking   ] GC(379) Concurrent Cleanup for Next Mark
[2020-09-24T03:38:06.150+0000][23404][gc,marking   ] GC(379) Concurrent Cleanup for Next Mark 1.290ms
[2020-09-24T03:38:06.150+0000][23404][gc           ] GC(379) Concurrent Cycle 219.443ms
[2020-09-24T03:38:06.181+0000][23404][gc,start     ] GC(380) Pause Young (Concurrent Start) (G1 Humongous Allocation)
[2020-09-24T03:38:06.181+0000][23404][gc,task      ] GC(380) Using 8 workers of 8 for evacuation
[2020-09-24T03:38:06.182+0000][23404][gc,age       ] GC(380) Desired survivor size 32505856 bytes, new threshold 15 (max threshold 15)
[2020-09-24T03:38:06.185+0000][23404][gc,age       ] GC(380) Age table with threshold 15 (max threshold 15)
[2020-09-24T03:38:06.185+0000][23404][gc,age       ] GC(380) - age   1:    2594160 bytes,    2594160 total
[2020-09-24T03:38:06.185+0000][23404][gc,age       ] GC(380) - age   2:      35968 bytes,    2630128 total
[2020-09-24T03:38:06.186+0000][23404][gc,age       ] GC(380) - age   3:       2504 bytes,    2632632 total
[2020-09-24T03:38:06.186+0000][23404][gc,age       ] GC(380) - age   4:       3040 bytes,    2635672 total
[2020-09-24T03:38:06.186+0000][23404][gc,age       ] GC(380) - age   5:       5560 bytes,    2641232 total
[2020-09-24T03:38:06.186+0000][23404][gc,age       ] GC(380) - age   6:       8384 bytes,    2649616 total
[2020-09-24T03:38:06.186+0000][23404][gc,age       ] GC(380) - age   7:       8856 bytes,    2658472 total
[2020-09-24T03:38:06.186+0000][23404][gc,age       ] GC(380) - age   8:      35800 bytes,    2694272 total
[2020-09-24T03:38:06.186+0000][23404][gc,age       ] GC(380) - age   9:       1112 bytes,    2695384 total
[2020-09-24T03:38:06.186+0000][23404][gc,age       ] GC(380) - age  10:      17856 bytes,    2713240 total
[2020-09-24T03:38:06.186+0000][23404][gc,age       ] GC(380) - age  11:      35616 bytes,    2748856 total
[2020-09-24T03:38:06.186+0000][23404][gc,age       ] GC(380) - age  12:       1584 bytes,    2750440 total
[2020-09-24T03:38:06.186+0000][23404][gc,age       ] GC(380) - age  13:        392 bytes,    2750832 total
[2020-09-24T03:38:06.186+0000][23404][gc,age       ] GC(380) - age  14:        976 bytes,    2751808 total
[2020-09-24T03:38:06.186+0000][23404][gc,age       ] GC(380) - age  15:      15872 bytes,    2767680 total
[2020-09-24T03:38:06.186+0000][23404][gc,phases    ] GC(380)   Pre Evacuate Collection Set: 0.4ms
[2020-09-24T03:38:06.186+0000][23404][gc,phases    ] GC(380)   Merge Heap Roots: 0.1ms
[2020-09-24T03:38:06.186+0000][23404][gc,phases    ] GC(380)   Evacuate Collection Set: 2.2ms
[2020-09-24T03:38:06.186+0000][23404][gc,phases    ] GC(380)   Post Evacuate Collection Set: 0.9ms
[2020-09-24T03:38:06.186+0000][23404][gc,phases    ] GC(380)   Other: 1.0ms
[2020-09-24T03:38:06.186+0000][23404][gc,heap      ] GC(380) Eden regions: 86->0(492)
[2020-09-24T03:38:06.186+0000][23404][gc,heap      ] GC(380) Survivor regions: 8->4(62)
[2020-09-24T03:38:06.186+0000][23404][gc,heap      ] GC(380) Old regions: 80->80
[2020-09-24T03:38:06.186+0000][23404][gc,heap      ] GC(380) Archive regions: 0->0
[2020-09-24T03:38:06.186+0000][23404][gc,heap      ] GC(380) Humongous regions: 366->174
[2020-09-24T03:38:06.186+0000][23404][gc,metaspace ] GC(380) Metaspace: 89436K(95360K)->89436K(95360K) NonClass: 78107K(81664K)->78107K(81664K) Class: 11329K(13696K)->11329K(13696K)
[2020-09-24T03:38:06.186+0000][23404][gc           ] GC(380) Pause Young (Concurrent Start) (G1 Humongous Allocation) 538M->256M(1024M) 5.030ms
[2020-09-24T03:38:06.186+0000][23404][gc,cpu       ] GC(380) User=0.00s Sys=0.00s Real=0.01s
[2020-09-24T03:38:06.187+0000][23404][safepoint    ] Safepoint "G1TryInitiateConcMark", Time since last: 32660000 ns, Reaching safepoint: 202700 ns, At safepoint: 5239300 ns, Total: 5442000 ns
[2020-09-24T03:38:06.187+0000][23404][gc           ] GC(381) Concurrent Cycle
[2020-09-24T03:38:06.187+0000][23404][gc,marking   ] GC(381) Concurrent Clear Claimed Marks
[2020-09-24T03:38:06.187+0000][23404][gc,marking   ] GC(381) Concurrent Clear Claimed Marks 0.391ms
[2020-09-24T03:38:06.187+0000][23404][gc,marking   ] GC(381) Concurrent Scan Root Regions
[2020-09-24T03:38:06.189+0000][23404][gc,marking   ] GC(381) Concurrent Scan Root Regions 1.716ms
[2020-09-24T03:38:06.189+0000][23404][gc,marking   ] GC(381) Concurrent Mark (158.623s)
[2020-09-24T03:38:06.189+0000][23404][gc,marking   ] GC(381) Concurrent Mark From Roots
[2020-09-24T03:38:06.189+0000][23404][gc,task      ] GC(381) Using 2 workers of 2 for marking
[2020-09-24T03:38:06.289+0000][23404][gc,marking   ] GC(381) Concurrent Mark From Roots 100.413ms
[2020-09-24T03:38:06.290+0000][23404][gc,marking   ] GC(381) Concurrent Preclean
[2020-09-24T03:38:06.290+0000][23404][gc,marking   ] GC(381) Concurrent Preclean 0.778ms
[2020-09-24T03:38:06.291+0000][23404][gc,marking   ] GC(381) Concurrent Mark (158.623s, 158.725s) 101.618ms
[2020-09-24T03:38:06.291+0000][23404][gc,start     ] GC(381) Pause Remark
[2020-09-24T03:38:06.297+0000][23404][gc           ] GC(381) Pause Remark 388M->388M(1024M) 6.219ms
[2020-09-24T03:38:06.297+0000][23404][gc,cpu       ] GC(381) User=0.00s Sys=0.00s Real=0.01s
[2020-09-24T03:38:06.297+0000][23404][safepoint    ] Safepoint "G1Concurrent", Time since last: 104106000 ns, Reaching safepoint: 232800 ns, At safepoint: 6536400 ns, Total: 6769200 ns
[2020-09-24T03:38:06.297+0000][23404][gc,marking   ] GC(381) Concurrent Rebuild Remembered Sets
[2020-09-24T03:38:06.376+0000][23404][gc,marking   ] GC(381) Concurrent Rebuild Remembered Sets 78.129ms
[2020-09-24T03:38:06.376+0000][23404][gc,start     ] GC(381) Pause Cleanup
[2020-09-24T03:38:06.376+0000][23404][gc           ] GC(381) Pause Cleanup 780M->780M(1024M) 0.291ms
[2020-09-24T03:38:06.376+0000][23404][gc,cpu       ] GC(381) User=0.00s Sys=0.00s Real=0.00s
[2020-09-24T03:38:06.376+0000][23404][safepoint    ] Safepoint "G1Concurrent", Time since last: 78291600 ns, Reaching safepoint: 153600 ns, At safepoint: 426700 ns, Total: 580300 ns
[2020-09-24T03:38:06.376+0000][23404][gc,marking   ] GC(381) Concurrent Cleanup for Next Mark
[2020-09-24T03:38:06.378+0000][23404][gc,marking   ] GC(381) Concurrent Cleanup for Next Mark 1.220ms
[2020-09-24T03:38:06.378+0000][23404][gc           ] GC(381) Concurrent Cycle 191.129ms
[2020-09-24T03:38:06.400+0000][23404][gc,start     ] GC(382) Pause Young (Concurrent Start) (G1 Humongous Allocation)
[2020-09-24T03:38:06.400+0000][23404][gc,task      ] GC(382) Using 8 workers of 8 for evacuation
[2020-09-24T03:38:06.400+0000][23404][gc,age       ] GC(382) Desired survivor size 32505856 bytes, new threshold 15 (max threshold 15)
[2020-09-24T03:38:06.404+0000][23404][gc,age       ] GC(382) Age table with threshold 15 (max threshold 15)
[2020-09-24T03:38:06.404+0000][23404][gc,age       ] GC(382) - age   1:    4228360 bytes,    4228360 total
[2020-09-24T03:38:06.404+0000][23404][gc,age       ] GC(382) - age   2:       6552 bytes,    4234912 total
[2020-09-24T03:38:06.404+0000][23404][gc,age       ] GC(382) - age   3:      32064 bytes,    4266976 total
[2020-09-24T03:38:06.404+0000][23404][gc,age       ] GC(382) - age   4:       2472 bytes,    4269448 total
[2020-09-24T03:38:06.404+0000][23404][gc,age       ] GC(382) - age   5:       1408 bytes,    4270856 total
[2020-09-24T03:38:06.404+0000][23404][gc,age       ] GC(382) - age   6:       5528 bytes,    4276384 total
[2020-09-24T03:38:06.404+0000][23404][gc,age       ] GC(382) - age   7:       8256 bytes,    4284640 total
[2020-09-24T03:38:06.404+0000][23404][gc,age       ] GC(382) - age   8:       8856 bytes,    4293496 total
[2020-09-24T03:38:06.404+0000][23404][gc,age       ] GC(382) - age   9:      35576 bytes,    4329072 total
[2020-09-24T03:38:06.405+0000][23404][gc,age       ] GC(382) - age  10:       1056 bytes,    4330128 total
[2020-09-24T03:38:06.405+0000][23404][gc,age       ] GC(382) - age  11:      17792 bytes,    4347920 total
[2020-09-24T03:38:06.405+0000][23404][gc,age       ] GC(382) - age  12:      35520 bytes,    4383440 total
[2020-09-24T03:38:06.405+0000][23404][gc,age       ] GC(382) - age  13:       1424 bytes,    4384864 total
[2020-09-24T03:38:06.405+0000][23404][gc,age       ] GC(382) - age  14:        392 bytes,    4385256 total
[2020-09-24T03:38:06.405+0000][23404][gc,age       ] GC(382) - age  15:        976 bytes,    4386232 total
[2020-09-24T03:38:06.405+0000][23404][gc,phases    ] GC(382)   Pre Evacuate Collection Set: 0.4ms
[2020-09-24T03:38:06.405+0000][23404][gc,phases    ] GC(382)   Merge Heap Roots: 0.1ms
[2020-09-24T03:38:06.405+0000][23404][gc,phases    ] GC(382)   Evacuate Collection Set: 2.2ms
[2020-09-24T03:38:06.405+0000][23404][gc,phases    ] GC(382)   Post Evacuate Collection Set: 0.9ms
[2020-09-24T03:38:06.405+0000][23404][gc,phases    ] GC(382)   Other: 0.8ms
[2020-09-24T03:38:06.405+0000][23404][gc,heap      ] GC(382) Eden regions: 147->0(492)
[2020-09-24T03:38:06.405+0000][23404][gc,heap      ] GC(382) Survivor regions: 4->5(62)
[2020-09-24T03:38:06.405+0000][23404][gc,heap      ] GC(382) Old regions: 80->80
[2020-09-24T03:38:06.405+0000][23404][gc,heap      ] GC(382) Archive regions: 0->0
[2020-09-24T03:38:06.405+0000][23404][gc,heap      ] GC(382) Humongous regions: 562->174
[2020-09-24T03:38:06.405+0000][23404][gc,metaspace ] GC(382) Metaspace: 89436K(95360K)->89436K(95360K) NonClass: 78107K(81664K)->78107K(81664K) Class: 11329K(13696K)->11329K(13696K)
[2020-09-24T03:38:06.405+0000][23404][gc           ] GC(382) Pause Young (Concurrent Start) (G1 Humongous Allocation) 791M->257M(1024M) 4.772ms
[2020-09-24T03:38:06.405+0000][23404][gc,cpu       ] GC(382) User=0.00s Sys=0.00s Real=0.00s
[2020-09-24T03:38:06.405+0000][23404][safepoint    ] Safepoint "G1TryInitiateConcMark", Time since last: 23882200 ns, Reaching safepoint: 140600 ns, At safepoint: 4912300 ns, Total: 5052900 ns
[2020-09-24T03:38:06.405+0000][23404][gc           ] GC(383) Concurrent Cycle
[2020-09-24T03:38:06.405+0000][23404][gc,marking   ] GC(383) Concurrent Clear Claimed Marks
[2020-09-24T03:38:06.406+0000][23404][gc,marking   ] GC(383) Concurrent Clear Claimed Marks 0.410ms
[2020-09-24T03:38:06.406+0000][23404][gc,marking   ] GC(383) Concurrent Scan Root Regions
[2020-09-24T03:38:06.409+0000][23404][gc,marking   ] GC(383) Concurrent Scan Root Regions 2.893ms
[2020-09-24T03:38:06.409+0000][23404][gc,marking   ] GC(383) Concurrent Mark (158.843s)
[2020-09-24T03:38:06.409+0000][23404][gc,marking   ] GC(383) Concurrent Mark From Roots
[2020-09-24T03:38:06.409+0000][23404][gc,task      ] GC(383) Using 2 workers of 2 for marking
[2020-09-24T03:38:06.523+0000][23404][gc,marking   ] GC(383) Concurrent Mark From Roots 114.034ms
[2020-09-24T03:38:06.523+0000][23404][gc,marking   ] GC(383) Concurrent Preclean
[2020-09-24T03:38:06.523+0000][23404][gc,marking   ] GC(383) Concurrent Preclean 0.449ms
[2020-09-24T03:38:06.523+0000][23404][gc,marking   ] GC(383) Concurrent Mark (158.843s, 158.958s) 114.649ms
[2020-09-24T03:38:06.524+0000][23404][gc,start     ] GC(383) Pause Remark
[2020-09-24T03:38:06.529+0000][23404][gc           ] GC(383) Pause Remark 454M->454M(1024M) 5.664ms
[2020-09-24T03:38:06.529+0000][23404][gc,cpu       ] GC(383) User=0.00s Sys=0.00s Real=0.01s
[2020-09-24T03:38:06.530+0000][23404][safepoint    ] Safepoint "G1Concurrent", Time since last: 118321400 ns, Reaching safepoint: 153900 ns, At safepoint: 5880500 ns, Total: 6034400 ns
[2020-09-24T03:38:06.530+0000][23404][gc,marking   ] GC(383) Concurrent Rebuild Remembered Sets
[2020-09-24T03:38:06.608+0000][23404][gc,marking   ] GC(383) Concurrent Rebuild Remembered Sets 78.401ms
[2020-09-24T03:38:06.608+0000][23404][gc,start     ] GC(383) Pause Cleanup
[2020-09-24T03:38:06.609+0000][23404][gc           ] GC(383) Pause Cleanup 527M->527M(1024M) 0.344ms
[2020-09-24T03:38:06.609+0000][23404][gc,cpu       ] GC(383) User=0.00s Sys=0.00s Real=0.00s
[2020-09-24T03:38:06.609+0000][23404][safepoint    ] Safepoint "G1Concurrent", Time since last: 78599200 ns, Reaching safepoint: 139700 ns, At safepoint: 520700 ns, Total: 660400 ns
[2020-09-24T03:38:06.609+0000][23404][gc,marking   ] GC(383) Concurrent Cleanup for Next Mark
[2020-09-24T03:38:06.611+0000][23404][gc,marking   ] GC(383) Concurrent Cleanup for Next Mark 1.830ms
[2020-09-24T03:38:06.611+0000][23404][gc           ] GC(383) Concurrent Cycle 205.638ms
[2020-09-24T03:38:06.619+0000][23404][gc,start     ] GC(384) Pause Young (Concurrent Start) (G1 Humongous Allocation)
[2020-09-24T03:38:06.619+0000][23404][gc,task      ] GC(384) Using 8 workers of 8 for evacuation
[2020-09-24T03:38:06.619+0000][23404][gc,age       ] GC(384) Desired survivor size 33030144 bytes, new threshold 15 (max threshold 15)
[2020-09-24T03:38:06.623+0000][23404][gc,age       ] GC(384) Age table with threshold 15 (max threshold 15)
[2020-09-24T03:38:06.623+0000][23404][gc,age       ] GC(384) - age   1:    3673152 bytes,    3673152 total
[2020-09-24T03:38:06.623+0000][23404][gc,age       ] GC(384) - age   2:     607808 bytes,    4280960 total
[2020-09-24T03:38:06.623+0000][23404][gc,age       ] GC(384) - age   3:       6496 bytes,    4287456 total
[2020-09-24T03:38:06.623+0000][23404][gc,age       ] GC(384) - age   4:      32000 bytes,    4319456 total
[2020-09-24T03:38:06.623+0000][23404][gc,age       ] GC(384) - age   5:       1920 bytes,    4321376 total
[2020-09-24T03:38:06.623+0000][23404][gc,age       ] GC(384) - age   6:       1184 bytes,    4322560 total
[2020-09-24T03:38:06.623+0000][23404][gc,age       ] GC(384) - age   7:       5336 bytes,    4327896 total
[2020-09-24T03:38:06.623+0000][23404][gc,age       ] GC(384) - age   8:       8256 bytes,    4336152 total
[2020-09-24T03:38:06.623+0000][23404][gc,age       ] GC(384) - age   9:       8856 bytes,    4345008 total
[2020-09-24T03:38:06.623+0000][23404][gc,age       ] GC(384) - age  10:      35416 bytes,    4380424 total
[2020-09-24T03:38:06.624+0000][23404][gc,age       ] GC(384) - age  11:       1056 bytes,    4381480 total
[2020-09-24T03:38:06.624+0000][23404][gc,age       ] GC(384) - age  12:      17792 bytes,    4399272 total
[2020-09-24T03:38:06.624+0000][23404][gc,age       ] GC(384) - age  13:      35520 bytes,    4434792 total
[2020-09-24T03:38:06.624+0000][23404][gc,age       ] GC(384) - age  14:       1424 bytes,    4436216 total
[2020-09-24T03:38:06.624+0000][23404][gc,age       ] GC(384) - age  15:        392 bytes,    4436608 total
[2020-09-24T03:38:06.624+0000][23404][gc,phases    ] GC(384)   Pre Evacuate Collection Set: 0.4ms
[2020-09-24T03:38:06.624+0000][23404][gc,phases    ] GC(384)   Merge Heap Roots: 0.1ms
[2020-09-24T03:38:06.624+0000][23404][gc,phases    ] GC(384)   Evacuate Collection Set: 2.4ms
[2020-09-24T03:38:06.624+0000][23404][gc,phases    ] GC(384)   Post Evacuate Collection Set: 1.0ms
[2020-09-24T03:38:06.624+0000][23404][gc,phases    ] GC(384)   Other: 1.1ms
[2020-09-24T03:38:06.624+0000][23404][gc,heap      ] GC(384) Eden regions: 78->0(493)
[2020-09-24T03:38:06.624+0000][23404][gc,heap      ] GC(384) Survivor regions: 5->5(63)
[2020-09-24T03:38:06.624+0000][23404][gc,heap      ] GC(384) Old regions: 80->80
[2020-09-24T03:38:06.624+0000][23404][gc,heap      ] GC(384) Archive regions: 0->0
[2020-09-24T03:38:06.624+0000][23404][gc,heap      ] GC(384) Humongous regions: 370->174
[2020-09-24T03:38:06.624+0000][23404][gc,metaspace ] GC(384) Metaspace: 89437K(95360K)->89437K(95360K) NonClass: 78108K(81664K)->78108K(81664K) Class: 11329K(13696K)->11329K(13696K)
[2020-09-24T03:38:06.624+0000][23404][gc           ] GC(384) Pause Young (Concurrent Start) (G1 Humongous Allocation) 531M->257M(1024M) 5.323ms
[2020-09-24T03:38:06.624+0000][23404][gc,cpu       ] GC(384) User=0.00s Sys=0.00s Real=0.01s
[2020-09-24T03:38:06.624+0000][23404][gc           ] GC(385) Concurrent Cycle
[2020-09-24T03:38:06.624+0000][23404][safepoint    ] Safepoint "G1TryInitiateConcMark", Time since last: 9804600 ns, Reaching safepoint: 137400 ns, At safepoint: 5525200 ns, Total: 5662600 ns
[2020-09-24T03:38:06.624+0000][23404][gc,marking   ] GC(385) Concurrent Clear Claimed Marks
[2020-09-24T03:38:06.625+0000][23404][gc,marking   ] GC(385) Concurrent Clear Claimed Marks 0.545ms
[2020-09-24T03:38:06.625+0000][23404][gc,marking   ] GC(385) Concurrent Scan Root Regions
[2020-09-24T03:38:06.628+0000][23404][gc,marking   ] GC(385) Concurrent Scan Root Regions 2.774ms
[2020-09-24T03:38:06.628+0000][23404][gc,marking   ] GC(385) Concurrent Mark (159.062s)
[2020-09-24T03:38:06.628+0000][23404][gc,marking   ] GC(385) Concurrent Mark From Roots
[2020-09-24T03:38:06.628+0000][23404][gc,task      ] GC(385) Using 2 workers of 2 for marking
[2020-09-24T03:38:06.774+0000][23404][gc,marking   ] GC(385) Concurrent Mark From Roots 145.868ms
[2020-09-24T03:38:06.774+0000][23404][gc,marking   ] GC(385) Concurrent Preclean
[2020-09-24T03:38:06.774+0000][23404][gc,marking   ] GC(385) Concurrent Preclean 0.448ms
[2020-09-24T03:38:06.774+0000][23404][gc,marking   ] GC(385) Concurrent Mark (159.062s, 159.209s) 146.484ms
[2020-09-24T03:38:06.775+0000][23404][gc,start     ] GC(385) Pause Remark
[2020-09-24T03:38:06.780+0000][23404][gc           ] GC(385) Pause Remark 457M->457M(1024M) 6.248ms
[2020-09-24T03:38:06.780+0000][23404][gc,cpu       ] GC(385) User=0.00s Sys=0.00s Real=0.00s
[2020-09-24T03:38:06.781+0000][23404][safepoint    ] Safepoint "G1Concurrent", Time since last: 150110300 ns, Reaching safepoint: 155900 ns, At safepoint: 6605500 ns, Total: 6761400 ns
[2020-09-24T03:38:06.781+0000][23404][gc,marking   ] GC(385) Concurrent Rebuild Remembered Sets
[2020-09-24T03:38:06.866+0000][23404][gc,marking   ] GC(385) Concurrent Rebuild Remembered Sets 85.313ms
[2020-09-24T03:38:06.866+0000][23404][gc,start     ] GC(385) Pause Cleanup
[2020-09-24T03:38:06.867+0000][23404][gc           ] GC(385) Pause Cleanup 470M->470M(1024M) 0.347ms
[2020-09-24T03:38:06.867+0000][23404][gc,cpu       ] GC(385) User=0.05s Sys=0.00s Real=0.00s
[2020-09-24T03:38:06.867+0000][23404][safepoint    ] Safepoint "G1Concurrent", Time since last: 85495300 ns, Reaching safepoint: 140600 ns, At safepoint: 502100 ns, Total: 642700 ns
[2020-09-24T03:38:06.867+0000][23404][gc,marking   ] GC(385) Concurrent Cleanup for Next Mark
[2020-09-24T03:38:06.869+0000][23404][gc,marking   ] GC(385) Concurrent Cleanup for Next Mark 1.775ms
[2020-09-24T03:38:06.869+0000][23404][gc           ] GC(385) Concurrent Cycle 244.967ms
[2020-09-24T03:38:06.917+0000][23404][gc,start     ] GC(386) Pause Young (Concurrent Start) (G1 Humongous Allocation)
[2020-09-24T03:38:06.917+0000][23404][gc,task      ] GC(386) Using 8 workers of 8 for evacuation
[2020-09-24T03:38:06.917+0000][23404][gc,age       ] GC(386) Desired survivor size 33030144 bytes, new threshold 15 (max threshold 15)
[2020-09-24T03:38:06.921+0000][23404][gc,age       ] GC(386) Age table with threshold 15 (max threshold 15)
[2020-09-24T03:38:06.921+0000][23404][gc,age       ] GC(386) - age   1:    2657696 bytes,    2657696 total
[2020-09-24T03:38:06.921+0000][23404][gc,age       ] GC(386) - age   2:       2736 bytes,    2660432 total
[2020-09-24T03:38:06.921+0000][23404][gc,age       ] GC(386) - age   3:       6544 bytes,    2666976 total
[2020-09-24T03:38:06.921+0000][23404][gc,age       ] GC(386) - age   4:       5592 bytes,    2672568 total
[2020-09-24T03:38:06.921+0000][23404][gc,age       ] GC(386) - age   5:      30920 bytes,    2703488 total
[2020-09-24T03:38:06.921+0000][23404][gc,age       ] GC(386) - age   6:       1728 bytes,    2705216 total
[2020-09-24T03:38:06.921+0000][23404][gc,age       ] GC(386) - age   7:       1184 bytes,    2706400 total
[2020-09-24T03:38:06.921+0000][23404][gc,age       ] GC(386) - age   8:       5272 bytes,    2711672 total
[2020-09-24T03:38:06.921+0000][23404][gc,age       ] GC(386) - age   9:       8256 bytes,    2719928 total
[2020-09-24T03:38:06.921+0000][23404][gc,age       ] GC(386) - age  10:       8792 bytes,    2728720 total
[2020-09-24T03:38:06.921+0000][23404][gc,age       ] GC(386) - age  11:      35416 bytes,    2764136 total
[2020-09-24T03:38:06.921+0000][23404][gc,age       ] GC(386) - age  12:       1056 bytes,    2765192 total
[2020-09-24T03:38:06.921+0000][23404][gc,age       ] GC(386) - age  13:      17792 bytes,    2782984 total
[2020-09-24T03:38:06.921+0000][23404][gc,age       ] GC(386) - age  14:      35520 bytes,    2818504 total
[2020-09-24T03:38:06.921+0000][23404][gc,age       ] GC(386) - age  15:       1424 bytes,    2819928 total
[2020-09-24T03:38:06.922+0000][23404][gc,phases    ] GC(386)   Pre Evacuate Collection Set: 0.4ms
[2020-09-24T03:38:06.922+0000][23404][gc,phases    ] GC(386)   Merge Heap Roots: 0.1ms
[2020-09-24T03:38:06.922+0000][23404][gc,phases    ] GC(386)   Evacuate Collection Set: 2.2ms
[2020-09-24T03:38:06.922+0000][23404][gc,phases    ] GC(386)   Post Evacuate Collection Set: 0.9ms
[2020-09-24T03:38:06.922+0000][23404][gc,phases    ] GC(386)   Other: 1.1ms
[2020-09-24T03:38:06.922+0000][23404][gc,heap      ] GC(386) Eden regions: 68->0(497)
[2020-09-24T03:38:06.922+0000][23404][gc,heap      ] GC(386) Survivor regions: 5->3(63)
[2020-09-24T03:38:06.922+0000][23404][gc,heap      ] GC(386) Old regions: 80->80
[2020-09-24T03:38:06.922+0000][23404][gc,heap      ] GC(386) Archive regions: 0->0
[2020-09-24T03:38:06.922+0000][23404][gc,heap      ] GC(386) Humongous regions: 324->174
[2020-09-24T03:38:06.922+0000][23404][gc,metaspace ] GC(386) Metaspace: 89447K(95360K)->89447K(95360K) NonClass: 78118K(81664K)->78118K(81664K) Class: 11329K(13696K)->11329K(13696K)
[2020-09-24T03:38:06.922+0000][23404][gc           ] GC(386) Pause Young (Concurrent Start) (G1 Humongous Allocation) 475M->256M(1024M) 5.297ms
[2020-09-24T03:38:06.922+0000][23404][gc,cpu       ] GC(386) User=0.00s Sys=0.00s Real=0.00s
[2020-09-24T03:38:06.922+0000][23404][safepoint    ] Safepoint "G1TryInitiateConcMark", Time since last: 50026300 ns, Reaching safepoint: 136000 ns, At safepoint: 5479500 ns, Total: 5615500 ns
[2020-09-24T03:38:06.922+0000][23404][gc           ] GC(387) Concurrent Cycle
[2020-09-24T03:38:06.923+0000][23404][gc,marking   ] GC(387) Concurrent Clear Claimed Marks
[2020-09-24T03:38:06.923+0000][23404][gc,marking   ] GC(387) Concurrent Clear Claimed Marks 0.704ms
[2020-09-24T03:38:06.923+0000][23404][gc,marking   ] GC(387) Concurrent Scan Root Regions
[2020-09-24T03:38:06.926+0000][23404][gc,marking   ] GC(387) Concurrent Scan Root Regions 2.647ms
[2020-09-24T03:38:06.926+0000][23404][gc,marking   ] GC(387) Concurrent Mark (159.361s)
[2020-09-24T03:38:06.926+0000][23404][gc,marking   ] GC(387) Concurrent Mark From Roots
[2020-09-24T03:38:06.926+0000][23404][gc,task      ] GC(387) Using 2 workers of 2 for marking
[2020-09-24T03:38:07.051+0000][23404][gc,marking   ] GC(387) Concurrent Mark From Roots 124.474ms
[2020-09-24T03:38:07.051+0000][23404][gc,marking   ] GC(387) Concurrent Preclean
[2020-09-24T03:38:07.052+0000][23404][gc,marking   ] GC(387) Concurrent Preclean 0.373ms
[2020-09-24T03:38:07.052+0000][23404][gc,marking   ] GC(387) Concurrent Mark (159.361s, 159.486s) 125.030ms
[2020-09-24T03:38:07.052+0000][23404][gc,start     ] GC(387) Pause Remark
[2020-09-24T03:38:07.058+0000][23404][gc           ] GC(387) Pause Remark 322M->322M(1024M) 6.353ms
[2020-09-24T03:38:07.059+0000][23404][gc,cpu       ] GC(387) User=0.11s Sys=0.00s Real=0.01s
[2020-09-24T03:38:07.059+0000][23404][safepoint    ] Safepoint "G1Concurrent", Time since last: 129004100 ns, Reaching safepoint: 164000 ns, At safepoint: 6631300 ns, Total: 6795300 ns
[2020-09-24T03:38:07.059+0000][23404][gc,marking   ] GC(387) Concurrent Rebuild Remembered Sets
[2020-09-24T03:38:07.132+0000][23404][gc,marking   ] GC(387) Concurrent Rebuild Remembered Sets 73.568ms
[2020-09-24T03:38:07.133+0000][23404][gc,start     ] GC(387) Pause Cleanup
[2020-09-24T03:38:07.133+0000][23404][gc           ] GC(387) Pause Cleanup 389M->389M(1024M) 0.327ms
[2020-09-24T03:38:07.133+0000][23404][gc,cpu       ] GC(387) User=0.00s Sys=0.00s Real=0.00s
[2020-09-24T03:38:07.133+0000][23404][safepoint    ] Safepoint "G1Concurrent", Time since last: 73802000 ns, Reaching safepoint: 140300 ns, At safepoint: 506800 ns, Total: 647100 ns
[2020-09-24T03:38:07.133+0000][23404][gc,marking   ] GC(387) Concurrent Cleanup for Next Mark
[2020-09-24T03:38:07.135+0000][23404][gc,marking   ] GC(387) Concurrent Cleanup for Next Mark 1.405ms
[2020-09-24T03:38:07.135+0000][23404][gc           ] GC(387) Concurrent Cycle 211.817ms
[2020-09-24T03:38:07.276+0000][23404][safepoint    ] Safepoint "BulkRevokeBias", Time since last: 141925500 ns, Reaching safepoint: 181800 ns, At safepoint: 936300 ns, Total: 1118100 ns
[2020-09-24T03:38:07.277+0000][23404][safepoint    ] Safepoint "BulkRevokeBias", Time since last: 92200 ns, Reaching safepoint: 86600 ns, At safepoint: 864800 ns, Total: 951400 ns
[2020-09-24T03:38:07.278+0000][23404][safepoint    ] Safepoint "BulkRevokeBias", Time since last: 148000 ns, Reaching safepoint: 107900 ns, At safepoint: 868600 ns, Total: 976500 ns
[2020-09-24T03:38:07.394+0000][23404][safepoint    ] Safepoint "BulkRevokeBias", Time since last: 114720800 ns, Reaching safepoint: 131500 ns, At safepoint: 888300 ns, Total: 1019800 ns
[2020-09-24T03:38:07.396+0000][23404][safepoint    ] Safepoint "BulkRevokeBias", Time since last: 584100 ns, Reaching safepoint: 104800 ns, At safepoint: 882200 ns, Total: 987000 ns
[2020-09-24T03:38:07.397+0000][23404][safepoint    ] Safepoint "BulkRevokeBias", Time since last: 267000 ns, Reaching safepoint: 103400 ns, At safepoint: 815600 ns, Total: 919000 ns
[2020-09-24T03:38:08.398+0000][23404][safepoint    ] Safepoint "Cleanup", Time since last: 1000707100 ns, Reaching safepoint: 266300 ns, At safepoint: 7100 ns, Total: 273400 ns
[2020-09-24T03:38:09.399+0000][23404][safepoint    ] Safepoint "Cleanup", Time since last: 1000621000 ns, Reaching safepoint: 138300 ns, At safepoint: 6300 ns, Total: 144600 ns
[2020-09-24T03:38:10.399+0000][23404][safepoint    ] Safepoint "Cleanup", Time since last: 1000635800 ns, Reaching safepoint: 138400 ns, At safepoint: 10300 ns, Total: 148700 ns
[2020-09-24T03:38:11.400+0000][23404][safepoint    ] Safepoint "Cleanup", Time since last: 1000751000 ns, Reaching safepoint: 128100 ns, At safepoint: 4900 ns, Total: 133000 ns
[2020-09-24T03:38:12.401+0000][23404][safepoint    ] Safepoint "Cleanup", Time since last: 1000328600 ns, Reaching safepoint: 329900 ns, At safepoint: 20600 ns, Total: 350500 ns
[2020-09-24T03:38:13.402+0000][23404][safepoint    ] Safepoint "Cleanup", Time since last: 1000821600 ns, Reaching safepoint: 196600 ns, At safepoint: 11300 ns, Total: 207900 ns
[2020-09-24T03:38:14.403+0000][23404][safepoint    ] Safepoint "Cleanup", Time since last: 1000543900 ns, Reaching safepoint: 93200 ns, At safepoint: 8700 ns, Total: 101900 ns
[2020-09-24T03:38:15.403+0000][23404][safepoint    ] Safepoint "Cleanup", Time since last: 1000185000 ns, Reaching safepoint: 86800 ns, At safepoint: 2900 ns, Total: 89700 ns
[2020-09-24T03:38:16.404+0000][23404][safepoint    ] Safepoint "Cleanup", Time since last: 1000586900 ns, Reaching safepoint: 387600 ns, At safepoint: 27500 ns, Total: 415100 ns
[2020-09-24T03:38:17.404+0000][23404][safepoint    ] Safepoint "Cleanup", Time since last: 1000550200 ns, Reaching safepoint: 380900 ns, At safepoint: 25800 ns, Total: 406700 ns
[2020-09-24T03:38:18.406+0000][23404][safepoint    ] Safepoint "Cleanup", Time since last: 1000620200 ns, Reaching safepoint: 167100 ns, At safepoint: 5500 ns, Total: 172600 ns
[2020-09-24T03:38:19.406+0000][23404][safepoint    ] Safepoint "Cleanup", Time since last: 1000253700 ns, Reaching safepoint: 133200 ns, At safepoint: 5700 ns, Total: 138900 ns
[2020-09-24T03:38:21.406+0000][23404][safepoint    ] Safepoint "Cleanup", Time since last: 2000300000 ns, Reaching safepoint: 108200 ns, At safepoint: 7000 ns, Total: 115200 ns
[2020-09-24T03:38:22.406+0000][23404][safepoint    ] Safepoint "Cleanup", Time since last: 1000187500 ns, Reaching safepoint: 388300 ns, At safepoint: 28000 ns, Total: 416300 ns
[2020-09-24T03:38:23.408+0000][23404][safepoint    ] Safepoint "Cleanup", Time since last: 1001329500 ns, Reaching safepoint: 236400 ns, At safepoint: 20100 ns, Total: 256500 ns
[2020-09-24T03:38:24.409+0000][23404][safepoint    ] Safepoint "Cleanup", Time since last: 1000173100 ns, Reaching safepoint: 181500 ns, At safepoint: 8100 ns, Total: 189600 ns
[2020-09-24T03:38:25.409+0000][23404][safepoint    ] Safepoint "Cleanup", Time since last: 1000482600 ns, Reaching safepoint: 249400 ns, At safepoint: 15200 ns, Total: 264600 ns
[2020-09-24T03:38:27.409+0000][23404][safepoint    ] Safepoint "Cleanup", Time since last: 1999803300 ns, Reaching safepoint: 108900 ns, At safepoint: 5600 ns, Total: 114500 ns
[2020-09-24T03:38:28.410+0000][23404][safepoint    ] Safepoint "Cleanup", Time since last: 1000263800 ns, Reaching safepoint: 149200 ns, At safepoint: 6600 ns, Total: 155800 ns
[2020-09-24T03:38:29.410+0000][23404][safepoint    ] Safepoint "Cleanup", Time since last: 1000042200 ns, Reaching safepoint: 85000 ns, At safepoint: 3500 ns, Total: 88500 ns
[2020-09-24T03:38:30.411+0000][23404][safepoint    ] Safepoint "Cleanup", Time since last: 1000456000 ns, Reaching safepoint: 118000 ns, At safepoint: 9700 ns, Total: 127700 ns
[2020-09-24T03:38:31.411+0000][23404][safepoint    ] Safepoint "Cleanup", Time since last: 1000419300 ns, Reaching safepoint: 124900 ns, At safepoint: 12200 ns, Total: 137100 ns
[2020-09-24T03:38:32.411+0000][23404][safepoint    ] Safepoint "Cleanup", Time since last: 1000034800 ns, Reaching safepoint: 132900 ns, At safepoint: 10200 ns, Total: 143100 ns
[2020-09-24T03:38:33.412+0000][23404][safepoint    ] Safepoint "Cleanup", Time since last: 1000811000 ns, Reaching safepoint: 154300 ns, At safepoint: 9800 ns, Total: 164100 ns
[2020-09-24T03:38:34.413+0000][23404][safepoint    ] Safepoint "Cleanup", Time since last: 1000341400 ns, Reaching safepoint: 101500 ns, At safepoint: 8500 ns, Total: 110000 ns
[2020-09-24T03:38:35.413+0000][23404][safepoint    ] Safepoint "Cleanup", Time since last: 1000439700 ns, Reaching safepoint: 127200 ns, At safepoint: 4100 ns, Total: 131300 ns
[2020-09-24T03:38:36.414+0000][23404][safepoint    ] Safepoint "Cleanup", Time since last: 1000856300 ns, Reaching safepoint: 143600 ns, At safepoint: 25400 ns, Total: 169000 ns
[2020-09-24T03:38:38.414+0000][23404][safepoint    ] Safepoint "Cleanup", Time since last: 1999901800 ns, Reaching safepoint: 163100 ns, At safepoint: 10600 ns, Total: 173700 ns
[2020-09-24T03:38:39.415+0000][23404][safepoint    ] Safepoint "Cleanup", Time since last: 1000820700 ns, Reaching safepoint: 122500 ns, At safepoint: 10400 ns, Total: 132900 ns
[2020-09-24T03:38:41.415+0000][23404][safepoint    ] Safepoint "Cleanup", Time since last: 1999886900 ns, Reaching safepoint: 110600 ns, At safepoint: 16200 ns, Total: 126800 ns
[2020-09-24T03:38:42.416+0000][23404][safepoint    ] Safepoint "Cleanup", Time since last: 1000847500 ns, Reaching safepoint: 110700 ns, At safepoint: 5400 ns, Total: 116100 ns
[2020-09-24T03:38:44.417+0000][23404][safepoint    ] Safepoint "Cleanup", Time since last: 2000427200 ns, Reaching safepoint: 156200 ns, At safepoint: 11900 ns, Total: 168100 ns
[2020-09-24T03:38:46.417+0000][23404][safepoint    ] Safepoint "Cleanup", Time since last: 1999944800 ns, Reaching safepoint: 128500 ns, At safepoint: 9700 ns, Total: 138200 ns
[2020-09-24T03:38:47.764+0000][23404][safepoint    ] Safepoint "Cleanup", Time since last: 1346877100 ns, Reaching safepoint: 171000 ns, At safepoint: 9200 ns, Total: 180200 ns
[2020-09-24T03:38:49.765+0000][23404][safepoint    ] Safepoint "Cleanup", Time since last: 2000481300 ns, Reaching safepoint: 128900 ns, At safepoint: 7300 ns, Total: 136200 ns
[2020-09-24T03:38:50.765+0000][23404][safepoint    ] Safepoint "Cleanup", Time since last: 1000109700 ns, Reaching safepoint: 316700 ns, At safepoint: 22700 ns, Total: 339400 ns
[2020-09-24T03:38:51.766+0000][23404][safepoint    ] Safepoint "Cleanup", Time since last: 1000705700 ns, Reaching safepoint: 209100 ns, At safepoint: 51100 ns, Total: 260200 ns
[2020-09-24T03:38:52.766+0000][23404][safepoint    ] Safepoint "Cleanup", Time since last: 1000394800 ns, Reaching safepoint: 342900 ns, At safepoint: 84500 ns, Total: 427400 ns
[2020-09-24T03:38:53.767+0000][23404][safepoint    ] Safepoint "Cleanup", Time since last: 1000498000 ns, Reaching safepoint: 251100 ns, At safepoint: 9400 ns, Total: 260500 ns
[2020-09-24T03:38:54.768+0000][23404][safepoint    ] Safepoint "Cleanup", Time since last: 1000076300 ns, Reaching safepoint: 229200 ns, At safepoint: 12800 ns, Total: 242000 ns
[2020-09-24T03:38:55.768+0000][23404][safepoint    ] Safepoint "Cleanup", Time since last: 1000517400 ns, Reaching safepoint: 119500 ns, At safepoint: 8100 ns, Total: 127600 ns
[2020-09-24T03:38:56.769+0000][23404][safepoint    ] Safepoint "Cleanup", Time since last: 1000282600 ns, Reaching safepoint: 227700 ns, At safepoint: 13900 ns, Total: 241600 ns
[2020-09-24T03:38:57.769+0000][23404][safepoint    ] Safepoint "Cleanup", Time since last: 1000222200 ns, Reaching safepoint: 283100 ns, At safepoint: 106700 ns, Total: 389800 ns
[2020-09-24T03:38:58.770+0000][23404][safepoint    ] Safepoint "Cleanup", Time since last: 1000180900 ns, Reaching safepoint: 141600 ns, At safepoint: 6800 ns, Total: 148400 ns
[2020-09-24T03:38:59.770+0000][23404][safepoint    ] Safepoint "Cleanup", Time since last: 1000066900 ns, Reaching safepoint: 159300 ns, At safepoint: 10700 ns, Total: 170000 ns
[2020-09-24T03:39:00.771+0000][23404][safepoint    ] Safepoint "Cleanup", Time since last: 1000519400 ns, Reaching safepoint: 228700 ns, At safepoint: 14300 ns, Total: 243000 ns
[2020-09-24T03:39:02.771+0000][23404][safepoint    ] Safepoint "Cleanup", Time since last: 2000050300 ns, Reaching safepoint: 173100 ns, At safepoint: 5200 ns, Total: 178300 ns
[2020-09-24T03:39:03.771+0000][23404][safepoint    ] Safepoint "Cleanup", Time since last: 1000207000 ns, Reaching safepoint: 163900 ns, At safepoint: 6600 ns, Total: 170500 ns
[2020-09-24T03:39:04.772+0000][23404][safepoint    ] Safepoint "Cleanup", Time since last: 1000789100 ns, Reaching safepoint: 249500 ns, At safepoint: 16600 ns, Total: 266100 ns
[2020-09-24T03:39:05.773+0000][23404][safepoint    ] Safepoint "Cleanup", Time since last: 1000080300 ns, Reaching safepoint: 119300 ns, At safepoint: 9700 ns, Total: 129000 ns
[2020-09-24T03:39:06.773+0000][23404][safepoint    ] Safepoint "Cleanup", Time since last: 1000345800 ns, Reaching safepoint: 207600 ns, At safepoint: 6300 ns, Total: 213900 ns
[2020-09-24T03:39:07.774+0000][23404][safepoint    ] Safepoint "Cleanup", Time since last: 1000481900 ns, Reaching safepoint: 104700 ns, At safepoint: 5500 ns, Total: 110200 ns
[2020-09-24T03:39:08.775+0000][23404][safepoint    ] Safepoint "Cleanup", Time since last: 1000976600 ns, Reaching safepoint: 219200 ns, At safepoint: 10500 ns, Total: 229700 ns
[2020-09-24T03:39:10.775+0000][23404][safepoint    ] Safepoint "Cleanup", Time since last: 1999931200 ns, Reaching safepoint: 205800 ns, At safepoint: 9900 ns, Total: 215700 ns
[2020-09-24T03:39:11.776+0000][23404][safepoint    ] Safepoint "Cleanup", Time since last: 1000323900 ns, Reaching safepoint: 278500 ns, At safepoint: 15900 ns, Total: 294400 ns
[2020-09-24T03:39:12.776+0000][23404][safepoint    ] Safepoint "Cleanup", Time since last: 1000099000 ns, Reaching safepoint: 107800 ns, At safepoint: 4200 ns, Total: 112000 ns
[2020-09-24T03:39:13.777+0000][23404][safepoint    ] Safepoint "Cleanup", Time since last: 1000552000 ns, Reaching safepoint: 125200 ns, At safepoint: 3500 ns, Total: 128700 ns
[2020-09-24T03:39:14.778+0000][23404][safepoint    ] Safepoint "Cleanup", Time since last: 1000921300 ns, Reaching safepoint: 157400 ns, At safepoint: 10800 ns, Total: 168200 ns
[2020-09-24T03:39:15.779+0000][23404][safepoint    ] Safepoint "Cleanup", Time since last: 1000814300 ns, Reaching safepoint: 209400 ns, At safepoint: 94100 ns, Total: 303500 ns
[2020-09-24T03:39:16.779+0000][23404][safepoint    ] Safepoint "Cleanup", Time since last: 1000269200 ns, Reaching safepoint: 435000 ns, At safepoint: 40300 ns, Total: 475300 ns
[2020-09-24T03:39:17.780+0000][23404][safepoint    ] Safepoint "Cleanup", Time since last: 1000570500 ns, Reaching safepoint: 336100 ns, At safepoint: 16400 ns, Total: 352500 ns
[2020-09-24T03:39:19.781+0000][23404][safepoint    ] Safepoint "Cleanup", Time since last: 1999968800 ns, Reaching safepoint: 224600 ns, At safepoint: 8100 ns, Total: 232700 ns
[2020-09-24T03:39:21.781+0000][23404][safepoint    ] Safepoint "Cleanup", Time since last: 1999990800 ns, Reaching safepoint: 599600 ns, At safepoint: 44500 ns, Total: 644100 ns
[2020-09-24T03:39:22.782+0000][23404][safepoint    ] Safepoint "Cleanup", Time since last: 1000858800 ns, Reaching safepoint: 95500 ns, At safepoint: 6200 ns, Total: 101700 ns
[2020-09-24T03:39:23.782+0000][23404][safepoint    ] Safepoint "Cleanup", Time since last: 1000017400 ns, Reaching safepoint: 138000 ns, At safepoint: 5100 ns, Total: 143100 ns
[2020-09-24T03:39:24.783+0000][23404][safepoint    ] Safepoint "Cleanup", Time since last: 1000479700 ns, Reaching safepoint: 119700 ns, At safepoint: 7000 ns, Total: 126700 ns
[2020-09-24T03:39:25.784+0000][23404][safepoint    ] Safepoint "Cleanup", Time since last: 1000851500 ns, Reaching safepoint: 337900 ns, At safepoint: 6000 ns, Total: 343900 ns
[2020-09-24T03:39:26.784+0000][23404][safepoint    ] Safepoint "Cleanup", Time since last: 1000117200 ns, Reaching safepoint: 123900 ns, At safepoint: 3400 ns, Total: 127300 ns
[2020-09-24T03:39:27.785+0000][23404][safepoint    ] Safepoint "Cleanup", Time since last: 1000409300 ns, Reaching safepoint: 161600 ns, At safepoint: 8800 ns, Total: 170400 ns
[2020-09-24T03:39:28.786+0000][23404][safepoint    ] Safepoint "Cleanup", Time since last: 1000825200 ns, Reaching safepoint: 179600 ns, At safepoint: 9700 ns, Total: 189300 ns
[2020-09-24T03:39:29.787+0000][23404][safepoint    ] Safepoint "Cleanup", Time since last: 1000653800 ns, Reaching safepoint: 130200 ns, At safepoint: 4100 ns, Total: 134300 ns
[2020-09-24T03:39:30.787+0000][23404][safepoint    ] Safepoint "Cleanup", Time since last: 1000567000 ns, Reaching safepoint: 159200 ns, At safepoint: 5000 ns, Total: 164200 ns
[2020-09-24T03:39:31.788+0000][23404][safepoint    ] Safepoint "Cleanup", Time since last: 1000147400 ns, Reaching safepoint: 365300 ns, At safepoint: 9700 ns, Total: 375000 ns
[2020-09-24T03:39:32.789+0000][23404][safepoint    ] Safepoint "Cleanup", Time since last: 1000481200 ns, Reaching safepoint: 123700 ns, At safepoint: 6100 ns, Total: 129800 ns
[2020-09-24T03:39:33.789+0000][23404][safepoint    ] Safepoint "Cleanup", Time since last: 1000242700 ns, Reaching safepoint: 108600 ns, At safepoint: 6400 ns, Total: 115000 ns
[2020-09-24T03:39:34.790+0000][23404][safepoint    ] Safepoint "Cleanup", Time since last: 1000601800 ns, Reaching safepoint: 185800 ns, At safepoint: 25800 ns, Total: 211600 ns
[2020-09-24T03:39:35.791+0000][23404][safepoint    ] Safepoint "Cleanup", Time since last: 1000691800 ns, Reaching safepoint: 142800 ns, At safepoint: 6500 ns, Total: 149300 ns
[2020-09-24T03:39:36.791+0000][23404][safepoint    ] Safepoint "Cleanup", Time since last: 1000106800 ns, Reaching safepoint: 127200 ns, At safepoint: 3800 ns, Total: 131000 ns
[2020-09-24T03:39:37.791+0000][23404][safepoint    ] Safepoint "Cleanup", Time since last: 1000253300 ns, Reaching safepoint: 144600 ns, At safepoint: 8600 ns, Total: 153200 ns
[2020-09-24T03:39:38.792+0000][23404][safepoint    ] Safepoint "Cleanup", Time since last: 1000401300 ns, Reaching safepoint: 120600 ns, At safepoint: 3100 ns, Total: 123700 ns
[2020-09-24T03:39:40.792+0000][23404][safepoint    ] Safepoint "Cleanup", Time since last: 2000473800 ns, Reaching safepoint: 461900 ns, At safepoint: 61900 ns, Total: 523800 ns
[2020-09-24T03:39:41.793+0000][23404][safepoint    ] Safepoint "Cleanup", Time since last: 1000698100 ns, Reaching safepoint: 467200 ns, At safepoint: 33600 ns, Total: 500800 ns
[2020-09-24T03:39:43.794+0000][23404][safepoint    ] Safepoint "Cleanup", Time since last: 1999973900 ns, Reaching safepoint: 120000 ns, At safepoint: 5100 ns, Total: 125100 ns
[2020-09-24T03:39:44.795+0000][23404][safepoint    ] Safepoint "Cleanup", Time since last: 1000726000 ns, Reaching safepoint: 183700 ns, At safepoint: 9000 ns, Total: 192700 ns
[2020-09-24T03:39:45.795+0000][23404][safepoint    ] Safepoint "Cleanup", Time since last: 1000329700 ns, Reaching safepoint: 214100 ns, At safepoint: 11700 ns, Total: 225800 ns
[2020-09-24T03:39:46.796+0000][23404][safepoint    ] Safepoint "Cleanup", Time since last: 1000331900 ns, Reaching safepoint: 186400 ns, At safepoint: 12400 ns, Total: 198800 ns
[2020-09-24T03:39:47.796+0000][23404][safepoint    ] Safepoint "Cleanup", Time since last: 1000204100 ns, Reaching safepoint: 155700 ns, At safepoint: 6500 ns, Total: 162200 ns
[2020-09-24T03:39:48.797+0000][23404][safepoint    ] Safepoint "Cleanup", Time since last: 1000364500 ns, Reaching safepoint: 141600 ns, At safepoint: 7500 ns, Total: 149100 ns
[2020-09-24T03:39:49.797+0000][23404][safepoint    ] Safepoint "Cleanup", Time since last: 1000375000 ns, Reaching safepoint: 96400 ns, At safepoint: 3000 ns, Total: 99400 ns
[2020-09-24T03:39:50.798+0000][23404][safepoint    ] Safepoint "Cleanup", Time since last: 1000201100 ns, Reaching safepoint: 115300 ns, At safepoint: 5800 ns, Total: 121100 ns
[2020-09-24T03:39:51.798+0000][23404][safepoint    ] Safepoint "Cleanup", Time since last: 1000158800 ns, Reaching safepoint: 134400 ns, At safepoint: 5700 ns, Total: 140100 ns
[2020-09-24T03:39:53.158+0000][23404][safepoint    ] Safepoint "Cleanup", Time since last: 1359896800 ns, Reaching safepoint: 124300 ns, At safepoint: 32700 ns, Total: 157000 ns
[2020-09-24T03:39:54.159+0000][23404][safepoint    ] Safepoint "Cleanup", Time since last: 1000548800 ns, Reaching safepoint: 307200 ns, At safepoint: 7700 ns, Total: 314900 ns
[2020-09-24T03:39:55.159+0000][23404][safepoint    ] Safepoint "Cleanup", Time since last: 1000102000 ns, Reaching safepoint: 135900 ns, At safepoint: 5200 ns, Total: 141100 ns
[2020-09-24T03:39:57.159+0000][23404][safepoint    ] Safepoint "Cleanup", Time since last: 2000105600 ns, Reaching safepoint: 374800 ns, At safepoint: 18000 ns, Total: 392800 ns
[2020-09-24T03:39:58.160+0000][23404][safepoint    ] Safepoint "Cleanup", Time since last: 1000218000 ns, Reaching safepoint: 132800 ns, At safepoint: 5500 ns, Total: 138300 ns
[2020-09-24T03:39:59.161+0000][23404][safepoint    ] Safepoint "Cleanup", Time since last: 1000564600 ns, Reaching safepoint: 229800 ns, At safepoint: 78100 ns, Total: 307900 ns
[2020-09-24T03:40:00.161+0000][23404][safepoint    ] Safepoint "Cleanup", Time since last: 1000493100 ns, Reaching safepoint: 142300 ns, At safepoint: 17800 ns, Total: 160100 ns
[2020-09-24T03:40:01.162+0000][23404][safepoint    ] Safepoint "Cleanup", Time since last: 1000518600 ns, Reaching safepoint: 159600 ns, At safepoint: 16100 ns, Total: 175700 ns
[2020-09-24T03:40:02.163+0000][23404][safepoint    ] Safepoint "Cleanup", Time since last: 1000453300 ns, Reaching safepoint: 158000 ns, At safepoint: 8400 ns, Total: 166400 ns
[2020-09-24T03:40:03.163+0000][23404][safepoint    ] Safepoint "Cleanup", Time since last: 1000292700 ns, Reaching safepoint: 378100 ns, At safepoint: 13300 ns, Total: 391400 ns
[2020-09-24T03:40:05.165+0000][23404][safepoint    ] Safepoint "Cleanup", Time since last: 2000941900 ns, Reaching safepoint: 142700 ns, At safepoint: 6700 ns, Total: 149400 ns
[2020-09-24T03:40:06.165+0000][23404][safepoint    ] Safepoint "Cleanup", Time since last: 1000657300 ns, Reaching safepoint: 104800 ns, At safepoint: 7500 ns, Total: 112300 ns
[2020-09-24T03:40:07.166+0000][23404][safepoint    ] Safepoint "Cleanup", Time since last: 1000220700 ns, Reaching safepoint: 127700 ns, At safepoint: 5300 ns, Total: 133000 ns
[2020-09-24T03:40:08.166+0000][23404][safepoint    ] Safepoint "Cleanup", Time since last: 1000471300 ns, Reaching safepoint: 118100 ns, At safepoint: 10300 ns, Total: 128400 ns
[2020-09-24T03:40:09.167+0000][23404][safepoint    ] Safepoint "Cleanup", Time since last: 1000642100 ns, Reaching safepoint: 121000 ns, At safepoint: 4900 ns, Total: 125900 ns
[2020-09-24T03:40:10.168+0000][23404][safepoint    ] Safepoint "Cleanup", Time since last: 1000651900 ns, Reaching safepoint: 139500 ns, At safepoint: 10000 ns, Total: 149500 ns
[2020-09-24T03:40:12.168+0000][23404][safepoint    ] Safepoint "Cleanup", Time since last: 1999928300 ns, Reaching safepoint: 116700 ns, At safepoint: 2700 ns, Total: 119400 ns
[2020-09-24T03:40:14.168+0000][23404][safepoint    ] Safepoint "Cleanup", Time since last: 2000214800 ns, Reaching safepoint: 117600 ns, At safepoint: 5900 ns, Total: 123500 ns
[2020-09-24T03:40:15.168+0000][23404][safepoint    ] Safepoint "Cleanup", Time since last: 1000192100 ns, Reaching safepoint: 110300 ns, At safepoint: 17600 ns, Total: 127900 ns
[2020-09-24T03:40:16.169+0000][23404][safepoint    ] Safepoint "Cleanup", Time since last: 1000468700 ns, Reaching safepoint: 98300 ns, At safepoint: 3900 ns, Total: 102200 ns
[2020-09-24T03:40:17.170+0000][23404][safepoint    ] Safepoint "Cleanup", Time since last: 1000507300 ns, Reaching safepoint: 127900 ns, At safepoint: 5400 ns, Total: 133300 ns
[2020-09-24T03:40:19.170+0000][23404][safepoint    ] Safepoint "Cleanup", Time since last: 2000066500 ns, Reaching safepoint: 139400 ns, At safepoint: 11600 ns, Total: 151000 ns
[2020-09-24T03:40:20.171+0000][23404][safepoint    ] Safepoint "Cleanup", Time since last: 1000749300 ns, Reaching safepoint: 141200 ns, At safepoint: 5600 ns, Total: 146800 ns
[2020-09-24T03:40:21.171+0000][23404][safepoint    ] Safepoint "Cleanup", Time since last: 1000010600 ns, Reaching safepoint: 134400 ns, At safepoint: 11500 ns, Total: 145900 ns
[2020-09-24T03:40:22.171+0000][23404][safepoint    ] Safepoint "Cleanup", Time since last: 1000497800 ns, Reaching safepoint: 127400 ns, At safepoint: 3900 ns, Total: 131300 ns
[2020-09-24T03:40:23.172+0000][23404][safepoint    ] Safepoint "Cleanup", Time since last: 1000098500 ns, Reaching safepoint: 466600 ns, At safepoint: 23700 ns, Total: 490300 ns
[2020-09-24T03:40:24.172+0000][23404][safepoint    ] Safepoint "Cleanup", Time since last: 1000134400 ns, Reaching safepoint: 277600 ns, At safepoint: 18700 ns, Total: 296300 ns
[2020-09-24T03:40:26.173+0000][23404][safepoint    ] Safepoint "Cleanup", Time since last: 2000218400 ns, Reaching safepoint: 401100 ns, At safepoint: 23300 ns, Total: 424400 ns
[2020-09-24T03:40:28.173+0000][23404][safepoint    ] Safepoint "Cleanup", Time since last: 1999893600 ns, Reaching safepoint: 142800 ns, At safepoint: 5600 ns, Total: 148400 ns
[2020-09-24T03:40:29.174+0000][23404][safepoint    ] Safepoint "Cleanup", Time since last: 1000595400 ns, Reaching safepoint: 490100 ns, At safepoint: 34700 ns, Total: 524800 ns
[2020-09-24T03:40:30.176+0000][23404][safepoint    ] Safepoint "Cleanup", Time since last: 1001162200 ns, Reaching safepoint: 138100 ns, At safepoint: 6100 ns, Total: 144200 ns
[2020-09-24T03:40:31.177+0000][23404][safepoint    ] Safepoint "Cleanup", Time since last: 1000759100 ns, Reaching safepoint: 195600 ns, At safepoint: 10400 ns, Total: 206000 ns
[2020-09-24T03:40:32.177+0000][23404][safepoint    ] Safepoint "Cleanup", Time since last: 1000159700 ns, Reaching safepoint: 120200 ns, At safepoint: 4300 ns, Total: 124500 ns
[2020-09-24T03:40:33.177+0000][23404][safepoint    ] Safepoint "Cleanup", Time since last: 1000093200 ns, Reaching safepoint: 127400 ns, At safepoint: 5600 ns, Total: 133000 ns
[2020-09-24T03:40:34.178+0000][23404][safepoint    ] Safepoint "Cleanup", Time since last: 1000908800 ns, Reaching safepoint: 137500 ns, At safepoint: 5000 ns, Total: 142500 ns
[2020-09-24T03:40:35.179+0000][23404][safepoint    ] Safepoint "Cleanup", Time since last: 1000816500 ns, Reaching safepoint: 121600 ns, At safepoint: 5500 ns, Total: 127100 ns
[2020-09-24T03:40:36.180+0000][23404][safepoint    ] Safepoint "Cleanup", Time since last: 1000681300 ns, Reaching safepoint: 368800 ns, At safepoint: 18000 ns, Total: 386800 ns
[2020-09-24T03:40:37.182+0000][23404][safepoint    ] Safepoint "Cleanup", Time since last: 1001292200 ns, Reaching safepoint: 122200 ns, At safepoint: 8000 ns, Total: 130200 ns
[2020-09-24T03:40:38.183+0000][23404][safepoint    ] Safepoint "Cleanup", Time since last: 1000704700 ns, Reaching safepoint: 132200 ns, At safepoint: 6600 ns, Total: 138800 ns
[2020-09-24T03:40:39.183+0000][23404][safepoint    ] Safepoint "Cleanup", Time since last: 1000012100 ns, Reaching safepoint: 158300 ns, At safepoint: 5300 ns, Total: 163600 ns
[2020-09-24T03:40:41.183+0000][23404][safepoint    ] Safepoint "Cleanup", Time since last: 2000249700 ns, Reaching safepoint: 119100 ns, At safepoint: 5000 ns, Total: 124100 ns
[2020-09-24T03:40:43.184+0000][23404][safepoint    ] Safepoint "Cleanup", Time since last: 2000270900 ns, Reaching safepoint: 130300 ns, At safepoint: 5900 ns, Total: 136200 ns
[2020-09-24T03:40:44.185+0000][23404][safepoint    ] Safepoint "Cleanup", Time since last: 1000848500 ns, Reaching safepoint: 395900 ns, At safepoint: 15200 ns, Total: 411100 ns
[2020-09-24T03:40:46.186+0000][23404][safepoint    ] Safepoint "Cleanup", Time since last: 2000410100 ns, Reaching safepoint: 405100 ns, At safepoint: 20600 ns, Total: 425700 ns
[2020-09-24T03:40:48.187+0000][23404][safepoint    ] Safepoint "Cleanup", Time since last: 2000674900 ns, Reaching safepoint: 304100 ns, At safepoint: 7500 ns, Total: 311600 ns
[2020-09-24T03:40:49.188+0000][23404][safepoint    ] Safepoint "Cleanup", Time since last: 1000315800 ns, Reaching safepoint: 446400 ns, At safepoint: 14800 ns, Total: 461200 ns
[2020-09-24T03:40:51.189+0000][23404][safepoint    ] Safepoint "Cleanup", Time since last: 2000721900 ns, Reaching safepoint: 109400 ns, At safepoint: 3800 ns, Total: 113200 ns
[2020-09-24T03:40:52.190+0000][23404][safepoint    ] Safepoint "Cleanup", Time since last: 1000457300 ns, Reaching safepoint: 124600 ns, At safepoint: 6300 ns, Total: 130900 ns
[2020-09-24T03:40:53.190+0000][23404][safepoint    ] Safepoint "Cleanup", Time since last: 1000706400 ns, Reaching safepoint: 167300 ns, At safepoint: 8000 ns, Total: 175300 ns
[2020-09-24T03:40:54.191+0000][23404][safepoint    ] Safepoint "Cleanup", Time since last: 1000131600 ns, Reaching safepoint: 144900 ns, At safepoint: 8800 ns, Total: 153700 ns
[2020-09-24T03:40:55.191+0000][23404][safepoint    ] Safepoint "Cleanup", Time since last: 1000168200 ns, Reaching safepoint: 147400 ns, At safepoint: 3600 ns, Total: 151000 ns
[2020-09-24T03:40:56.192+0000][23404][safepoint    ] Safepoint "Cleanup", Time since last: 1000765200 ns, Reaching safepoint: 227800 ns, At safepoint: 12900 ns, Total: 240700 ns
[2020-09-24T03:40:58.192+0000][23404][safepoint    ] Safepoint "Cleanup", Time since last: 2000039200 ns, Reaching safepoint: 152800 ns, At safepoint: 5300 ns, Total: 158100 ns
[2020-09-24T03:40:59.193+0000][23404][safepoint    ] Safepoint "Cleanup", Time since last: 1000305500 ns, Reaching safepoint: 283200 ns, At safepoint: 18900 ns, Total: 302100 ns
[2020-09-24T03:41:01.194+0000][23404][safepoint    ] Safepoint "Cleanup", Time since last: 2000230600 ns, Reaching safepoint: 138000 ns, At safepoint: 6600 ns, Total: 144600 ns
[2020-09-24T03:41:02.194+0000][23404][safepoint    ] Safepoint "Cleanup", Time since last: 1000287300 ns, Reaching safepoint: 115000 ns, At safepoint: 2700 ns, Total: 117700 ns
[2020-09-24T03:41:03.195+0000][23404][safepoint    ] Safepoint "Cleanup", Time since last: 1000545400 ns, Reaching safepoint: 120200 ns, At safepoint: 4900 ns, Total: 125100 ns
[2020-09-24T03:41:04.195+0000][23404][safepoint    ] Safepoint "Cleanup", Time since last: 1000351200 ns, Reaching safepoint: 133400 ns, At safepoint: 4600 ns, Total: 138000 ns
[2020-09-24T03:41:05.196+0000][23404][safepoint    ] Safepoint "Cleanup", Time since last: 1000303600 ns, Reaching safepoint: 76000 ns, At safepoint: 2400 ns, Total: 78400 ns
[2020-09-24T03:41:06.197+0000][23404][safepoint    ] Safepoint "Cleanup", Time since last: 1000659200 ns, Reaching safepoint: 180400 ns, At safepoint: 10800 ns, Total: 191200 ns
[2020-09-24T03:41:07.198+0000][23404][safepoint    ] Safepoint "Cleanup", Time since last: 1000728800 ns, Reaching safepoint: 251300 ns, At safepoint: 9400 ns, Total: 260700 ns
[2020-09-24T03:41:09.198+0000][23404][safepoint    ] Safepoint "Cleanup", Time since last: 2000467900 ns, Reaching safepoint: 330700 ns, At safepoint: 19400 ns, Total: 350100 ns
[2020-09-24T03:41:11.199+0000][23404][safepoint    ] Safepoint "Cleanup", Time since last: 1999820000 ns, Reaching safepoint: 145400 ns, At safepoint: 6900 ns, Total: 152300 ns
[2020-09-24T03:41:12.200+0000][23404][safepoint    ] Safepoint "Cleanup", Time since last: 1000925800 ns, Reaching safepoint: 434400 ns, At safepoint: 21800 ns, Total: 456200 ns
[2020-09-24T03:41:13.202+0000][23404][safepoint    ] Safepoint "Cleanup", Time since last: 1001474700 ns, Reaching safepoint: 424800 ns, At safepoint: 12100 ns, Total: 436900 ns
[2020-09-24T03:41:14.203+0000][23404][safepoint    ] Safepoint "Cleanup", Time since last: 1000436100 ns, Reaching safepoint: 137100 ns, At safepoint: 4600 ns, Total: 141700 ns
[2020-09-24T03:41:16.203+0000][23404][safepoint    ] Safepoint "Cleanup", Time since last: 2000152200 ns, Reaching safepoint: 125400 ns, At safepoint: 3600 ns, Total: 129000 ns
[2020-09-24T03:41:17.203+0000][23404][safepoint    ] Safepoint "Cleanup", Time since last: 1000366100 ns, Reaching safepoint: 187900 ns, At safepoint: 6300 ns, Total: 194200 ns
[2020-09-24T03:41:19.204+0000][23404][safepoint    ] Safepoint "Cleanup", Time since last: 2000585600 ns, Reaching safepoint: 134400 ns, At safepoint: 9000 ns, Total: 143400 ns
[2020-09-24T03:41:20.205+0000][23404][safepoint    ] Safepoint "Cleanup", Time since last: 1000322300 ns, Reaching safepoint: 122600 ns, At safepoint: 4800 ns, Total: 127400 ns
[2020-09-24T03:41:21.206+0000][23404][safepoint    ] Safepoint "Cleanup", Time since last: 1000594000 ns, Reaching safepoint: 170500 ns, At safepoint: 5300 ns, Total: 175800 ns
[2020-09-24T03:41:22.206+0000][23404][safepoint    ] Safepoint "Cleanup", Time since last: 1000139700 ns, Reaching safepoint: 225900 ns, At safepoint: 12800 ns, Total: 238700 ns
[2020-09-24T03:41:23.207+0000][23404][safepoint    ] Safepoint "Cleanup", Time since last: 1001012600 ns, Reaching safepoint: 279400 ns, At safepoint: 12600 ns, Total: 292000 ns
[2020-09-24T03:41:24.208+0000][23404][safepoint    ] Safepoint "Cleanup", Time since last: 1000497900 ns, Reaching safepoint: 300900 ns, At safepoint: 19800 ns, Total: 320700 ns
[2020-09-24T03:41:26.208+0000][23404][safepoint    ] Safepoint "Cleanup", Time since last: 1999811400 ns, Reaching safepoint: 219400 ns, At safepoint: 10700 ns, Total: 230100 ns
[2020-09-24T03:41:27.209+0000][23404][safepoint    ] Safepoint "Cleanup", Time since last: 1000736300 ns, Reaching safepoint: 167200 ns, At safepoint: 4600 ns, Total: 171800 ns
[2020-09-24T03:41:28.210+0000][23404][safepoint    ] Safepoint "Cleanup", Time since last: 1000116900 ns, Reaching safepoint: 186500 ns, At safepoint: 6600 ns, Total: 193100 ns
[2020-09-24T03:41:29.210+0000][23404][safepoint    ] Safepoint "Cleanup", Time since last: 1000360700 ns, Reaching safepoint: 127700 ns, At safepoint: 5900 ns, Total: 133600 ns
[2020-09-24T03:41:30.211+0000][23404][safepoint    ] Safepoint "Cleanup", Time since last: 1000248700 ns, Reaching safepoint: 371500 ns, At safepoint: 29400 ns, Total: 400900 ns
[2020-09-24T03:41:32.211+0000][23404][safepoint    ] Safepoint "Cleanup", Time since last: 1999661800 ns, Reaching safepoint: 107600 ns, At safepoint: 6500 ns, Total: 114100 ns
[2020-09-24T03:41:33.211+0000][23404][safepoint    ] Safepoint "Cleanup", Time since last: 1000384800 ns, Reaching safepoint: 86600 ns, At safepoint: 3600 ns, Total: 90200 ns
[2020-09-24T03:41:34.212+0000][23404][safepoint    ] Safepoint "Cleanup", Time since last: 1000524300 ns, Reaching safepoint: 141900 ns, At safepoint: 15900 ns, Total: 157800 ns
[2020-09-24T03:41:35.213+0000][23404][safepoint    ] Safepoint "Cleanup", Time since last: 1000415700 ns, Reaching safepoint: 122800 ns, At safepoint: 7700 ns, Total: 130500 ns
[2020-09-24T03:41:36.213+0000][23404][safepoint    ] Safepoint "Cleanup", Time since last: 1000514500 ns, Reaching safepoint: 85500 ns, At safepoint: 4300 ns, Total: 89800 ns
[2020-09-24T03:41:37.214+0000][23404][safepoint    ] Safepoint "Cleanup", Time since last: 1000250800 ns, Reaching safepoint: 268200 ns, At safepoint: 33400 ns, Total: 301600 ns
[2020-09-24T03:41:38.215+0000][23404][safepoint    ] Safepoint "Cleanup", Time since last: 1000802200 ns, Reaching safepoint: 209600 ns, At safepoint: 6400 ns, Total: 216000 ns
[2020-09-24T03:41:40.215+0000][23404][safepoint    ] Safepoint "Cleanup", Time since last: 1999998700 ns, Reaching safepoint: 127100 ns, At safepoint: 7000 ns, Total: 134100 ns
[2020-09-24T03:41:41.216+0000][23404][safepoint    ] Safepoint "Cleanup", Time since last: 1000458700 ns, Reaching safepoint: 325100 ns, At safepoint: 15700 ns, Total: 340800 ns
[2020-09-24T03:41:42.217+0000][23404][safepoint    ] Safepoint "Cleanup", Time since last: 1000525200 ns, Reaching safepoint: 212200 ns, At safepoint: 13700 ns, Total: 225900 ns
[2020-09-24T03:41:44.217+0000][23404][safepoint    ] Safepoint "Cleanup", Time since last: 2000340200 ns, Reaching safepoint: 140300 ns, At safepoint: 8400 ns, Total: 148700 ns
[2020-09-24T03:41:45.218+0000][23404][safepoint    ] Safepoint "Cleanup", Time since last: 1000548600 ns, Reaching safepoint: 459300 ns, At safepoint: 25700 ns, Total: 485000 ns
[2020-09-24T03:41:47.220+0000][23404][safepoint    ] Safepoint "Cleanup", Time since last: 2001257500 ns, Reaching safepoint: 230800 ns, At safepoint: 8000 ns, Total: 238800 ns
[2020-09-24T03:41:48.220+0000][23404][safepoint    ] Safepoint "Cleanup", Time since last: 1000075600 ns, Reaching safepoint: 129200 ns, At safepoint: 3600 ns, Total: 132800 ns
[2020-09-24T03:41:49.221+0000][23404][safepoint    ] Safepoint "Cleanup", Time since last: 1000508200 ns, Reaching safepoint: 379500 ns, At safepoint: 27700 ns, Total: 407200 ns
[2020-09-24T03:41:50.222+0000][23404][safepoint    ] Safepoint "Cleanup", Time since last: 1000825300 ns, Reaching safepoint: 132600 ns, At safepoint: 6800 ns, Total: 139400 ns
[2020-09-24T03:41:51.223+0000][23404][safepoint    ] Safepoint "Cleanup", Time since last: 1000358800 ns, Reaching safepoint: 292800 ns, At safepoint: 16900 ns, Total: 309700 ns
[2020-09-24T03:41:53.223+0000][23404][safepoint    ] Safepoint "Cleanup", Time since last: 1999819700 ns, Reaching safepoint: 259600 ns, At safepoint: 11900 ns, Total: 271500 ns
[2020-09-24T03:41:54.224+0000][23404][safepoint    ] Safepoint "Cleanup", Time since last: 1000303300 ns, Reaching safepoint: 130600 ns, At safepoint: 8200 ns, Total: 138800 ns
[2020-09-24T03:41:55.224+0000][23404][safepoint    ] Safepoint "Cleanup", Time since last: 1000702300 ns, Reaching safepoint: 138000 ns, At safepoint: 6100 ns, Total: 144100 ns
[2020-09-24T03:41:56.225+0000][23404][safepoint    ] Safepoint "Cleanup", Time since last: 1000107800 ns, Reaching safepoint: 174100 ns, At safepoint: 6800 ns, Total: 180900 ns
[2020-09-24T03:41:57.226+0000][23404][safepoint    ] Safepoint "Cleanup", Time since last: 1000791400 ns, Reaching safepoint: 128200 ns, At safepoint: 4800 ns, Total: 133000 ns
[2020-09-24T03:41:58.395+0000][23404][safepoint    ] Safepoint "Cleanup", Time since last: 1169238400 ns, Reaching safepoint: 141100 ns, At safepoint: 8300 ns, Total: 149400 ns
[2020-09-24T03:41:59.397+0000][23404][safepoint    ] Safepoint "Cleanup", Time since last: 1001520000 ns, Reaching safepoint: 337400 ns, At safepoint: 27200 ns, Total: 364600 ns
[2020-09-24T03:42:01.398+0000][23404][safepoint    ] Safepoint "Cleanup", Time since last: 2000175600 ns, Reaching safepoint: 121600 ns, At safepoint: 4700 ns, Total: 126300 ns
[2020-09-24T03:42:02.398+0000][23404][safepoint    ] Safepoint "Cleanup", Time since last: 1000372700 ns, Reaching safepoint: 141600 ns, At safepoint: 5500 ns, Total: 147100 ns
[2020-09-24T03:42:03.398+0000][23404][safepoint    ] Safepoint "Cleanup", Time since last: 1000139000 ns, Reaching safepoint: 160100 ns, At safepoint: 5600 ns, Total: 165700 ns
[2020-09-24T03:42:04.399+0000][23404][safepoint    ] Safepoint "Cleanup", Time since last: 1000843500 ns, Reaching safepoint: 185500 ns, At safepoint: 4800 ns, Total: 190300 ns
[2020-09-24T03:42:06.400+0000][23404][safepoint    ] Safepoint "Cleanup", Time since last: 2000348100 ns, Reaching safepoint: 142800 ns, At safepoint: 4800 ns, Total: 147600 ns
[2020-09-24T03:42:08.401+0000][23404][safepoint    ] Safepoint "Cleanup", Time since last: 2000878400 ns, Reaching safepoint: 122900 ns, At safepoint: 5100 ns, Total: 128000 ns
[2020-09-24T03:42:09.402+0000][23404][safepoint    ] Safepoint "Cleanup", Time since last: 1000326000 ns, Reaching safepoint: 141300 ns, At safepoint: 9900 ns, Total: 151200 ns
[2020-09-24T03:42:10.402+0000][23404][safepoint    ] Safepoint "Cleanup", Time since last: 1000351200 ns, Reaching safepoint: 131400 ns, At safepoint: 6700 ns, Total: 138100 ns
[2020-09-24T03:42:11.402+0000][23404][safepoint    ] Safepoint "Cleanup", Time since last: 1000131600 ns, Reaching safepoint: 134600 ns, At safepoint: 6400 ns, Total: 141000 ns
[2020-09-24T03:42:12.403+0000][23404][safepoint    ] Safepoint "Cleanup", Time since last: 1000332600 ns, Reaching safepoint: 178700 ns, At safepoint: 9300 ns, Total: 188000 ns
[2020-09-24T03:42:13.404+0000][23404][safepoint    ] Safepoint "Cleanup", Time since last: 1000717600 ns, Reaching safepoint: 175200 ns, At safepoint: 7100 ns, Total: 182300 ns
[2020-09-24T03:42:14.404+0000][23404][safepoint    ] Safepoint "Cleanup", Time since last: 1000337700 ns, Reaching safepoint: 123100 ns, At safepoint: 4400 ns, Total: 127500 ns
[2020-09-24T03:42:15.405+0000][23404][safepoint    ] Safepoint "Cleanup", Time since last: 1000177700 ns, Reaching safepoint: 142000 ns, At safepoint: 6300 ns, Total: 148300 ns
[2020-09-24T03:42:16.405+0000][23404][safepoint    ] Safepoint "Cleanup", Time since last: 1000220600 ns, Reaching safepoint: 185500 ns, At safepoint: 22800 ns, Total: 208300 ns
[2020-09-24T03:42:17.406+0000][23404][safepoint    ] Safepoint "Cleanup", Time since last: 1000626200 ns, Reaching safepoint: 269800 ns, At safepoint: 12500 ns, Total: 282300 ns
[2020-09-24T03:42:19.406+0000][23404][safepoint    ] Safepoint "Cleanup", Time since last: 1999973300 ns, Reaching safepoint: 115000 ns, At safepoint: 4300 ns, Total: 119300 ns
[2020-09-24T03:42:20.407+0000][23404][safepoint    ] Safepoint "Cleanup", Time since last: 1000242400 ns, Reaching safepoint: 125100 ns, At safepoint: 18200 ns, Total: 143300 ns
[2020-09-24T03:42:21.408+0000][23404][safepoint    ] Safepoint "Cleanup", Time since last: 1000759900 ns, Reaching safepoint: 231000 ns, At safepoint: 15900 ns, Total: 246900 ns
[2020-09-24T03:42:23.408+0000][23404][safepoint    ] Safepoint "Cleanup", Time since last: 1999933100 ns, Reaching safepoint: 215400 ns, At safepoint: 14300 ns, Total: 229700 ns
[2020-09-24T03:42:25.409+0000][23404][safepoint    ] Safepoint "Cleanup", Time since last: 2000761500 ns, Reaching safepoint: 150100 ns, At safepoint: 6800 ns, Total: 156900 ns
[2020-09-24T03:42:26.410+0000][23404][safepoint    ] Safepoint "Cleanup", Time since last: 1000690900 ns, Reaching safepoint: 230200 ns, At safepoint: 15500 ns, Total: 245700 ns
[2020-09-24T03:42:27.411+0000][23404][safepoint    ] Safepoint "Cleanup", Time since last: 1000303300 ns, Reaching safepoint: 232200 ns, At safepoint: 16400 ns, Total: 248600 ns
[2020-09-24T03:42:28.411+0000][23404][safepoint    ] Safepoint "Cleanup", Time since last: 1000318300 ns, Reaching safepoint: 562000 ns, At safepoint: 30200 ns, Total: 592200 ns
[2020-09-24T03:42:30.035+0000][23404][safepoint    ] Safepoint "Cleanup", Time since last: 1623244100 ns, Reaching safepoint: 137500 ns, At safepoint: 8900 ns, Total: 146400 ns
[2020-09-24T03:42:31.036+0000][23404][safepoint    ] Safepoint "Cleanup", Time since last: 1000855300 ns, Reaching safepoint: 129400 ns, At safepoint: 17800 ns, Total: 147200 ns
[2020-09-24T03:42:32.037+0000][23404][safepoint    ] Safepoint "Cleanup", Time since last: 1000134700 ns, Reaching safepoint: 118100 ns, At safepoint: 5600 ns, Total: 123700 ns
[2020-09-24T03:42:33.037+0000][23404][safepoint    ] Safepoint "Cleanup", Time since last: 1000575900 ns, Reaching safepoint: 133000 ns, At safepoint: 6500 ns, Total: 139500 ns
[2020-09-24T03:42:34.038+0000][23404][safepoint    ] Safepoint "Cleanup", Time since last: 1000276700 ns, Reaching safepoint: 95800 ns, At safepoint: 2600 ns, Total: 98400 ns
[2020-09-24T03:42:35.039+0000][23404][safepoint    ] Safepoint "Cleanup", Time since last: 1000797900 ns, Reaching safepoint: 151700 ns, At safepoint: 11100 ns, Total: 162800 ns
[2020-09-24T03:42:36.039+0000][23404][safepoint    ] Safepoint "Cleanup", Time since last: 1000224200 ns, Reaching safepoint: 151300 ns, At safepoint: 5700 ns, Total: 157000 ns
[2020-09-24T03:42:37.039+0000][23404][safepoint    ] Safepoint "Cleanup", Time since last: 1000124900 ns, Reaching safepoint: 410400 ns, At safepoint: 14600 ns, Total: 425000 ns
[2020-09-24T03:42:38.040+0000][23404][safepoint    ] Safepoint "Cleanup", Time since last: 1000308900 ns, Reaching safepoint: 190900 ns, At safepoint: 9100 ns, Total: 200000 ns
[2020-09-24T03:42:39.041+0000][23404][safepoint    ] Safepoint "Cleanup", Time since last: 1000781500 ns, Reaching safepoint: 244500 ns, At safepoint: 21100 ns, Total: 265600 ns
[2020-09-24T03:42:40.042+0000][23404][safepoint    ] Safepoint "Cleanup", Time since last: 1000713100 ns, Reaching safepoint: 246400 ns, At safepoint: 16600 ns, Total: 263000 ns
[2020-09-24T03:42:41.043+0000][23404][safepoint    ] Safepoint "Cleanup", Time since last: 1000132300 ns, Reaching safepoint: 326400 ns, At safepoint: 24400 ns, Total: 350800 ns
[2020-09-24T03:42:42.044+0000][23404][safepoint    ] Safepoint "Cleanup", Time since last: 1001180700 ns, Reaching safepoint: 103000 ns, At safepoint: 6500 ns, Total: 109500 ns
[2020-09-24T03:42:43.045+0000][23404][safepoint    ] Safepoint "Cleanup", Time since last: 1000781100 ns, Reaching safepoint: 157400 ns, At safepoint: 7700 ns, Total: 165100 ns
[2020-09-24T03:42:44.046+0000][23404][safepoint    ] Safepoint "Cleanup", Time since last: 1000625400 ns, Reaching safepoint: 111400 ns, At safepoint: 4900 ns, Total: 116300 ns
[2020-09-24T03:42:45.047+0000][23404][safepoint    ] Safepoint "Cleanup", Time since last: 1000653600 ns, Reaching safepoint: 305900 ns, At safepoint: 28400 ns, Total: 334300 ns
[2020-09-24T03:42:47.047+0000][23404][safepoint    ] Safepoint "Cleanup", Time since last: 1999781800 ns, Reaching safepoint: 147100 ns, At safepoint: 7700 ns, Total: 154800 ns
[2020-09-24T03:42:48.047+0000][23404][safepoint    ] Safepoint "Cleanup", Time since last: 1000087200 ns, Reaching safepoint: 217200 ns, At safepoint: 10200 ns, Total: 227400 ns
[2020-09-24T03:42:49.048+0000][23404][safepoint    ] Safepoint "Cleanup", Time since last: 1000762800 ns, Reaching safepoint: 196200 ns, At safepoint: 15000 ns, Total: 211200 ns
[2020-09-24T03:42:50.049+0000][23404][safepoint    ] Safepoint "Cleanup", Time since last: 1000546900 ns, Reaching safepoint: 110200 ns, At safepoint: 6500 ns, Total: 116700 ns
[2020-09-24T03:42:51.049+0000][23404][safepoint    ] Safepoint "Cleanup", Time since last: 1000068900 ns, Reaching safepoint: 96500 ns, At safepoint: 3300 ns, Total: 99800 ns
[2020-09-24T03:42:52.050+0000][23404][safepoint    ] Safepoint "Cleanup", Time since last: 1000383000 ns, Reaching safepoint: 156700 ns, At safepoint: 3100 ns, Total: 159800 ns
[2020-09-24T03:42:53.051+0000][23404][safepoint    ] Safepoint "Cleanup", Time since last: 1000608300 ns, Reaching safepoint: 341200 ns, At safepoint: 20700 ns, Total: 361900 ns
[2020-09-24T03:42:54.051+0000][23404][safepoint    ] Safepoint "Cleanup", Time since last: 1000257800 ns, Reaching safepoint: 144800 ns, At safepoint: 5000 ns, Total: 149800 ns
[2020-09-24T03:42:55.052+0000][23404][safepoint    ] Safepoint "Cleanup", Time since last: 1000635700 ns, Reaching safepoint: 169400 ns, At safepoint: 13900 ns, Total: 183300 ns
[2020-09-24T03:42:56.053+0000][23404][safepoint    ] Safepoint "Cleanup", Time since last: 1000461200 ns, Reaching safepoint: 135900 ns, At safepoint: 8000 ns, Total: 143900 ns
[2020-09-24T03:42:57.053+0000][23404][safepoint    ] Safepoint "Cleanup", Time since last: 1000323500 ns, Reaching safepoint: 153100 ns, At safepoint: 6400 ns, Total: 159500 ns
[2020-09-24T03:42:58.054+0000][23404][safepoint    ] Safepoint "Cleanup", Time since last: 1000915200 ns, Reaching safepoint: 193400 ns, At safepoint: 33500 ns, Total: 226900 ns
[2020-09-24T03:42:59.055+0000][23404][safepoint    ] Safepoint "Cleanup", Time since last: 1000553400 ns, Reaching safepoint: 96300 ns, At safepoint: 18200 ns, Total: 114500 ns
[2020-09-24T03:43:01.056+0000][23404][safepoint    ] Safepoint "Cleanup", Time since last: 2000262600 ns, Reaching safepoint: 207100 ns, At safepoint: 13800 ns, Total: 220900 ns
[2020-09-24T03:43:02.057+0000][23404][safepoint    ] Safepoint "Cleanup", Time since last: 1000759600 ns, Reaching safepoint: 388700 ns, At safepoint: 19900 ns, Total: 408600 ns
[2020-09-24T03:43:03.057+0000][23404][safepoint    ] Safepoint "Cleanup", Time since last: 1000201400 ns, Reaching safepoint: 560000 ns, At safepoint: 45500 ns, Total: 605500 ns
[2020-09-24T03:43:04.058+0000][23404][safepoint    ] Safepoint "Cleanup", Time since last: 1000336300 ns, Reaching safepoint: 102500 ns, At safepoint: 78400 ns, Total: 180900 ns
[2020-09-24T03:43:05.059+0000][23404][safepoint    ] Safepoint "Cleanup", Time since last: 1000159300 ns, Reaching safepoint: 166900 ns, At safepoint: 7700 ns, Total: 174600 ns
[2020-09-24T03:43:06.685+0000][23404][safepoint    ] Safepoint "Cleanup", Time since last: 1626281900 ns, Reaching safepoint: 160400 ns, At safepoint: 8100 ns, Total: 168500 ns
[2020-09-24T03:43:34.698+0000][23404][safepoint    ] Safepoint "Cleanup", Time since last: 28011076500 ns, Reaching safepoint: 157200 ns, At safepoint: 8300 ns, Total: 165500 ns
[2020-09-24T03:43:58.714+0000][23404][safepoint    ] Safepoint "Cleanup", Time since last: 24015291100 ns, Reaching safepoint: 146300 ns, At safepoint: 10000 ns, Total: 156300 ns
[2020-09-24T03:45:42.770+0000][23404][safepoint    ] Safepoint "Cleanup", Time since last: 104051824100 ns, Reaching safepoint: 97300 ns, At safepoint: 6300 ns, Total: 103600 ns
[2020-09-24T03:46:02.777+0000][23404][safepoint    ] Safepoint "Cleanup", Time since last: 20007306300 ns, Reaching safepoint: 198500 ns, At safepoint: 10900 ns, Total: 209400 ns
[2020-09-24T03:46:03.778+0000][23404][safepoint    ] Safepoint "Cleanup", Time since last: 1000513800 ns, Reaching safepoint: 105300 ns, At safepoint: 5600 ns, Total: 110900 ns
[2020-09-24T03:46:19.787+0000][23404][safepoint    ] Safepoint "Cleanup", Time since last: 16007950400 ns, Reaching safepoint: 170500 ns, At safepoint: 8200 ns, Total: 178700 ns
[2020-09-24T03:49:19.880+0000][23404][safepoint    ] Safepoint "Cleanup", Time since last: 180090021700 ns, Reaching safepoint: 150800 ns, At safepoint: 20300 ns, Total: 171100 ns
[2020-09-24T03:57:01.118+0000][23404][safepoint    ] Safepoint "Cleanup", Time since last: 461234213200 ns, Reaching safepoint: 430700 ns, At safepoint: 14000 ns, Total: 444700 ns
[2020-09-24T03:57:06.122+0000][23404][safepoint    ] Safepoint "Cleanup", Time since last: 5003502900 ns, Reaching safepoint: 239500 ns, At safepoint: 17900 ns, Total: 257400 ns
[2020-09-24T03:58:33.170+0000][23404][safepoint    ] Safepoint "Cleanup", Time since last: 87044899500 ns, Reaching safepoint: 215700 ns, At safepoint: 17200 ns, Total: 232900 ns
[2020-09-24T03:58:45.177+0000][23404][safepoint    ] Safepoint "Cleanup", Time since last: 12006992600 ns, Reaching safepoint: 96000 ns, At safepoint: 5900 ns, Total: 101900 ns
[2020-09-24T03:58:46.178+0000][23404][safepoint    ] Safepoint "Cleanup", Time since last: 1000538600 ns, Reaching safepoint: 291600 ns, At safepoint: 17200 ns, Total: 308800 ns
[2020-09-24T04:01:34.267+0000][23404][safepoint    ] Safepoint "Cleanup", Time since last: 168080218100 ns, Reaching safepoint: 350900 ns, At safepoint: 18300 ns, Total: 369200 ns
[2020-09-24T04:02:28.300+0000][23404][safepoint    ] Safepoint "Cleanup", Time since last: 54029755000 ns, Reaching safepoint: 102200 ns, At safepoint: 5300 ns, Total: 107500 ns
[2020-09-24T04:03:27.331+0000][23404][safepoint    ] Safepoint "Cleanup", Time since last: 59029774800 ns, Reaching safepoint: 108900 ns, At safepoint: 6100 ns, Total: 115000 ns
[2020-09-24T04:06:15.419+0000][23404][safepoint    ] Safepoint "Cleanup", Time since last: 168084294400 ns, Reaching safepoint: 181100 ns, At safepoint: 6500 ns, Total: 187600 ns
[2020-09-24T04:07:41.462+0000][23404][safepoint    ] Safepoint "Cleanup", Time since last: 86041133000 ns, Reaching safepoint: 208600 ns, At safepoint: 14300 ns, Total: 222900 ns
[2020-09-24T04:09:46.579+0000][23404][gc,start     ] GC(388) Pause Young (Normal) (G1 Evacuation Pause)
[2020-09-24T04:09:46.579+0000][23404][gc,task      ] GC(388) Using 8 workers of 8 for evacuation
[2020-09-24T04:09:46.579+0000][23404][gc,age       ] GC(388) Desired survivor size 33030144 bytes, new threshold 15 (max threshold 15)
[2020-09-24T04:09:46.582+0000][23404][gc,age       ] GC(388) Age table with threshold 15 (max threshold 15)
[2020-09-24T04:09:46.582+0000][23404][gc,age       ] GC(388) - age   1:     310360 bytes,     310360 total
[2020-09-24T04:09:46.582+0000][23404][gc,age       ] GC(388) - age   2:       7112 bytes,     317472 total
[2020-09-24T04:09:46.582+0000][23404][gc,age       ] GC(388) - age   3:       2248 bytes,     319720 total
[2020-09-24T04:09:46.582+0000][23404][gc,age       ] GC(388) - age   4:       2488 bytes,     322208 total
[2020-09-24T04:09:46.582+0000][23404][gc,age       ] GC(388) - age   5:       4008 bytes,     326216 total
[2020-09-24T04:09:46.582+0000][23404][gc,age       ] GC(388) - age   6:      30032 bytes,     356248 total
[2020-09-24T04:09:46.582+0000][23404][gc,age       ] GC(388) - age   7:       1568 bytes,     357816 total
[2020-09-24T04:09:46.582+0000][23404][gc,age       ] GC(388) - age   8:        992 bytes,     358808 total
[2020-09-24T04:09:46.582+0000][23404][gc,age       ] GC(388) - age   9:       2040 bytes,     360848 total
[2020-09-24T04:09:46.582+0000][23404][gc,age       ] GC(388) - age  10:       7248 bytes,     368096 total
[2020-09-24T04:09:46.582+0000][23404][gc,age       ] GC(388) - age  11:       8640 bytes,     376736 total
[2020-09-24T04:09:46.582+0000][23404][gc,age       ] GC(388) - age  12:      34408 bytes,     411144 total
[2020-09-24T04:09:46.582+0000][23404][gc,age       ] GC(388) - age  13:       1056 bytes,     412200 total
[2020-09-24T04:09:46.582+0000][23404][gc,age       ] GC(388) - age  14:      16960 bytes,     429160 total
[2020-09-24T04:09:46.582+0000][23404][gc,age       ] GC(388) - age  15:      34368 bytes,     463528 total
[2020-09-24T04:09:46.582+0000][23404][gc,phases    ] GC(388)   Pre Evacuate Collection Set: 0.1ms
[2020-09-24T04:09:46.582+0000][23404][gc,phases    ] GC(388)   Merge Heap Roots: 0.2ms
[2020-09-24T04:09:46.582+0000][23404][gc,phases    ] GC(388)   Evacuate Collection Set: 0.9ms
[2020-09-24T04:09:46.582+0000][23404][gc,phases    ] GC(388)   Post Evacuate Collection Set: 1.2ms
[2020-09-24T04:09:46.582+0000][23404][gc,phases    ] GC(388)   Other: 0.5ms
[2020-09-24T04:09:46.582+0000][23404][gc,heap      ] GC(388) Eden regions: 497->0(502)
[2020-09-24T04:09:46.582+0000][23404][gc,heap      ] GC(388) Survivor regions: 3->1(63)
[2020-09-24T04:09:46.582+0000][23404][gc,heap      ] GC(388) Old regions: 80->80
[2020-09-24T04:09:46.582+0000][23404][gc,heap      ] GC(388) Archive regions: 0->0
[2020-09-24T04:09:46.582+0000][23404][gc,heap      ] GC(388) Humongous regions: 272->174
[2020-09-24T04:09:46.582+0000][23404][gc,metaspace ] GC(388) Metaspace: 89640K(95744K)->89640K(95744K) NonClass: 78289K(81920K)->78289K(81920K) Class: 11351K(13824K)->11351K(13824K)
[2020-09-24T04:09:46.582+0000][23404][gc           ] GC(388) Pause Young (Normal) (G1 Evacuation Pause) 851M->254M(1024M) 3.158ms
[2020-09-24T04:09:46.582+0000][23404][gc,cpu       ] GC(388) User=0.06s Sys=0.02s Real=0.00s
[2020-09-24T04:09:46.582+0000][23404][safepoint    ] Safepoint "G1CollectForAllocation", Time since last: 125115762400 ns, Reaching safepoint: 116700 ns, At safepoint: 3298700 ns, Total: 3415400 ns
[2020-09-24T04:11:57.655+0000][23404][safepoint    ] Safepoint "Cleanup", Time since last: 131071276900 ns, Reaching safepoint: 149000 ns, At safepoint: 7600 ns, Total: 156600 ns
[2020-09-24T04:20:29.928+0000][23404][safepoint    ] Safepoint "Cleanup", Time since last: 512257369200 ns, Reaching safepoint: 557300 ns, At safepoint: 20700 ns, Total: 578000 ns
[2020-09-24T04:21:12.956+0000][23404][safepoint    ] Safepoint "Cleanup", Time since last: 43025281300 ns, Reaching safepoint: 1555100 ns, At safepoint: 36600 ns, Total: 1591700 ns
[2020-09-24T04:22:06.475+0000][23404][safepoint    ] Safepoint "Cleanup", Time since last: 53517621400 ns, Reaching safepoint: 377900 ns, At safepoint: 64100 ns, Total: 442000 ns
[2020-09-24T04:22:06.725+0000][23404][safepoint    ] Safepoint "BulkRevokeBias", Time since last: 246335500 ns, Reaching safepoint: 321900 ns, At safepoint: 2844700 ns, Total: 3166600 ns
[2020-09-24T04:22:41.093+0000][23404][safepoint    ] Safepoint "Cleanup", Time since last: 34366999700 ns, Reaching safepoint: 549500 ns, At safepoint: 30600 ns, Total: 580100 ns
[2020-09-24T04:22:41.616+0000][23404][safepoint    ] Safepoint "ICBufferFull", Time since last: 522578100 ns, Reaching safepoint: 306700 ns, At safepoint: 34700 ns, Total: 341400 ns
[2020-09-24T04:22:42.285+0000][23404][safepoint    ] Safepoint "BulkRevokeBias", Time since last: 667576300 ns, Reaching safepoint: 255200 ns, At safepoint: 1657700 ns, Total: 1912900 ns
[2020-09-24T04:22:42.826+0000][23404][safepoint    ] Safepoint "BulkRevokeBias", Time since last: 539295100 ns, Reaching safepoint: 208800 ns, At safepoint: 1503100 ns, Total: 1711900 ns
[2020-09-24T04:22:42.840+0000][23404][safepoint    ] Safepoint "BulkRevokeBias", Time since last: 12127900 ns, Reaching safepoint: 129300 ns, At safepoint: 1695000 ns, Total: 1824300 ns
[2020-09-24T04:22:42.879+0000][23404][safepoint    ] Safepoint "BulkRevokeBias", Time since last: 37419000 ns, Reaching safepoint: 166400 ns, At safepoint: 1422100 ns, Total: 1588500 ns
[2020-09-24T04:22:43.267+0000][23404][safepoint    ] Safepoint "BulkRevokeBias", Time since last: 381538200 ns, Reaching safepoint: 852800 ns, At safepoint: 5300300 ns, Total: 6153100 ns
[2020-09-24T04:22:43.331+0000][23404][safepoint    ] Safepoint "BulkRevokeBias", Time since last: 62399200 ns, Reaching safepoint: 337400 ns, At safepoint: 1794300 ns, Total: 2131700 ns
[2020-09-24T04:22:43.480+0000][23404][safepoint    ] Safepoint "BulkRevokeBias", Time since last: 146794100 ns, Reaching safepoint: 291400 ns, At safepoint: 1350200 ns, Total: 1641600 ns
[2020-09-24T04:22:43.768+0000][23404][gc,start     ] GC(389) Pause Young (Concurrent Start) (G1 Humongous Allocation)
[2020-09-24T04:22:43.768+0000][23404][gc,task      ] GC(389) Using 8 workers of 8 for evacuation
[2020-09-24T04:22:43.768+0000][23404][gc,age       ] GC(389) Desired survivor size 33030144 bytes, new threshold 15 (max threshold 15)
[2020-09-24T04:22:43.777+0000][23404][gc,age       ] GC(389) Age table with threshold 15 (max threshold 15)
[2020-09-24T04:22:43.777+0000][23404][gc,age       ] GC(389) - age   1:    7026744 bytes,    7026744 total
[2020-09-24T04:22:43.777+0000][23404][gc,age       ] GC(389) - age   2:     295312 bytes,    7322056 total
[2020-09-24T04:22:43.777+0000][23404][gc,age       ] GC(389) - age   3:       5736 bytes,    7327792 total
[2020-09-24T04:22:43.777+0000][23404][gc,age       ] GC(389) - age   4:       1864 bytes,    7329656 total
[2020-09-24T04:22:43.777+0000][23404][gc,age       ] GC(389) - age   5:       1944 bytes,    7331600 total
[2020-09-24T04:22:43.777+0000][23404][gc,age       ] GC(389) - age   6:       3632 bytes,    7335232 total
[2020-09-24T04:22:43.777+0000][23404][gc,age       ] GC(389) - age   7:      29552 bytes,    7364784 total
[2020-09-24T04:22:43.777+0000][23404][gc,age       ] GC(389) - age   8:       1440 bytes,    7366224 total
[2020-09-24T04:22:43.777+0000][23404][gc,age       ] GC(389) - age   9:        800 bytes,    7367024 total
[2020-09-24T04:22:43.778+0000][23404][gc,age       ] GC(389) - age  10:       1752 bytes,    7368776 total
[2020-09-24T04:22:43.778+0000][23404][gc,age       ] GC(389) - age  11:       6176 bytes,    7374952 total
[2020-09-24T04:22:43.778+0000][23404][gc,age       ] GC(389) - age  12:       8544 bytes,    7383496 total
[2020-09-24T04:22:43.778+0000][23404][gc,age       ] GC(389) - age  13:      34248 bytes,    7417744 total
[2020-09-24T04:22:43.778+0000][23404][gc,age       ] GC(389) - age  14:        864 bytes,    7418608 total
[2020-09-24T04:22:43.778+0000][23404][gc,age       ] GC(389) - age  15:      16928 bytes,    7435536 total
[2020-09-24T04:22:43.778+0000][23404][gc,phases    ] GC(389)   Pre Evacuate Collection Set: 0.5ms
[2020-09-24T04:22:43.778+0000][23404][gc,phases    ] GC(389)   Merge Heap Roots: 0.1ms
[2020-09-24T04:22:43.778+0000][23404][gc,phases    ] GC(389)   Evacuate Collection Set: 6.5ms
[2020-09-24T04:22:43.778+0000][23404][gc,phases    ] GC(389)   Post Evacuate Collection Set: 1.6ms
[2020-09-24T04:22:43.778+0000][23404][gc,phases    ] GC(389)   Other: 1.3ms
[2020-09-24T04:22:43.778+0000][23404][gc,heap      ] GC(389) Eden regions: 411->0(490)
[2020-09-24T04:22:43.778+0000][23404][gc,heap      ] GC(389) Survivor regions: 1->8(63)
[2020-09-24T04:22:43.778+0000][23404][gc,heap      ] GC(389) Old regions: 80->80
[2020-09-24T04:22:43.778+0000][23404][gc,heap      ] GC(389) Archive regions: 0->0
[2020-09-24T04:22:43.778+0000][23404][gc,heap      ] GC(389) Humongous regions: 227->175
[2020-09-24T04:22:43.778+0000][23404][gc,metaspace ] GC(389) Metaspace: 89957K(96000K)->89957K(96000K) NonClass: 78605K(82176K)->78605K(82176K) Class: 11352K(13824K)->11352K(13824K)
[2020-09-24T04:22:43.778+0000][23404][gc           ] GC(389) Pause Young (Concurrent Start) (G1 Humongous Allocation) 717M->261M(1024M) 10.378ms
[2020-09-24T04:22:43.778+0000][23404][gc,cpu       ] GC(389) User=0.11s Sys=0.02s Real=0.01s
[2020-09-24T04:22:43.778+0000][23404][safepoint    ] Safepoint "G1TryInitiateConcMark", Time since last: 286683100 ns, Reaching safepoint: 823300 ns, At safepoint: 10723400 ns, Total: 11546700 ns
[2020-09-24T04:22:43.778+0000][23404][gc           ] GC(390) Concurrent Cycle
[2020-09-24T04:22:43.779+0000][23404][gc,marking   ] GC(390) Concurrent Clear Claimed Marks
[2020-09-24T04:22:43.779+0000][23404][gc,marking   ] GC(390) Concurrent Clear Claimed Marks 0.522ms
[2020-09-24T04:22:43.779+0000][23404][gc,marking   ] GC(390) Concurrent Scan Root Regions
[2020-09-24T04:22:43.789+0000][23404][gc,marking   ] GC(390) Concurrent Scan Root Regions 9.871ms
[2020-09-24T04:22:43.789+0000][23404][gc,marking   ] GC(390) Concurrent Mark (2836.164s)
[2020-09-24T04:22:43.789+0000][23404][gc,marking   ] GC(390) Concurrent Mark From Roots
[2020-09-24T04:22:43.789+0000][23404][gc,task      ] GC(390) Using 2 workers of 2 for marking
[2020-09-24T04:22:44.013+0000][23404][gc,marking   ] GC(390) Concurrent Mark From Roots 223.568ms
[2020-09-24T04:22:44.013+0000][23404][gc,marking   ] GC(390) Concurrent Preclean
[2020-09-24T04:22:44.014+0000][23404][gc,marking   ] GC(390) Concurrent Preclean 1.168ms
[2020-09-24T04:22:44.014+0000][23404][gc,marking   ] GC(390) Concurrent Mark (2836.164s, 2836.389s) 224.926ms
[2020-09-24T04:22:44.014+0000][23404][gc,start     ] GC(390) Pause Remark
[2020-09-24T04:22:44.087+0000][23404][gc           ] GC(390) Pause Remark 383M->383M(1024M) 72.418ms
[2020-09-24T04:22:44.087+0000][23404][gc,cpu       ] GC(390) User=0.27s Sys=0.14s Real=0.07s
[2020-09-24T04:22:44.087+0000][23404][safepoint    ] Safepoint "G1Concurrent", Time since last: 235764800 ns, Reaching safepoint: 170100 ns, At safepoint: 72830800 ns, Total: 73000900 ns
[2020-09-24T04:22:44.087+0000][23404][gc,marking   ] GC(390) Concurrent Rebuild Remembered Sets
[2020-09-24T04:22:44.171+0000][23404][gc,marking   ] GC(390) Concurrent Rebuild Remembered Sets 83.879ms
[2020-09-24T04:22:44.172+0000][23404][gc,start     ] GC(390) Pause Cleanup
[2020-09-24T04:22:44.172+0000][23404][gc           ] GC(390) Pause Cleanup 383M->383M(1024M) 0.632ms
[2020-09-24T04:22:44.172+0000][23404][gc,cpu       ] GC(390) User=0.00s Sys=0.00s Real=0.00s
[2020-09-24T04:22:44.172+0000][23404][safepoint    ] Safepoint "G1Concurrent", Time since last: 84095500 ns, Reaching safepoint: 157900 ns, At safepoint: 792500 ns, Total: 950400 ns
[2020-09-24T04:22:44.172+0000][23404][gc,marking   ] GC(390) Concurrent Cleanup for Next Mark
[2020-09-24T04:22:44.182+0000][23404][gc,marking   ] GC(390) Concurrent Cleanup for Next Mark 9.247ms
[2020-09-24T04:22:44.182+0000][23404][gc           ] GC(390) Concurrent Cycle 403.293ms
[2020-09-24T04:22:44.794+0000][23404][safepoint    ] Safepoint "ICBufferFull", Time since last: 621297200 ns, Reaching safepoint: 326600 ns, At safepoint: 11500 ns, Total: 338100 ns
[2020-09-24T04:22:44.839+0000][23404][safepoint    ] Safepoint "BulkRevokeBias", Time since last: 43206600 ns, Reaching safepoint: 212800 ns, At safepoint: 1342200 ns, Total: 1555000 ns
[2020-09-24T04:22:44.843+0000][23404][safepoint    ] Safepoint "BulkRevokeBias", Time since last: 2823400 ns, Reaching safepoint: 159900 ns, At safepoint: 1138200 ns, Total: 1298100 ns
[2020-09-24T04:22:44.927+0000][23404][gc,start     ] GC(391) Pause Young (Concurrent Start) (G1 Humongous Allocation)
[2020-09-24T04:22:44.927+0000][23404][gc,task      ] GC(391) Using 8 workers of 8 for evacuation
[2020-09-24T04:22:44.927+0000][23404][gc,age       ] GC(391) Desired survivor size 33030144 bytes, new threshold 15 (max threshold 15)
[2020-09-24T04:22:44.933+0000][23404][gc,age       ] GC(391) Age table with threshold 15 (max threshold 15)
[2020-09-24T04:22:44.933+0000][23404][gc,age       ] GC(391) - age   1:    2863296 bytes,    2863296 total
[2020-09-24T04:22:44.933+0000][23404][gc,age       ] GC(391) - age   2:    2493392 bytes,    5356688 total
[2020-09-24T04:22:44.933+0000][23404][gc,age       ] GC(391) - age   3:     292984 bytes,    5649672 total
[2020-09-24T04:22:44.933+0000][23404][gc,age       ] GC(391) - age   4:       4760 bytes,    5654432 total
[2020-09-24T04:22:44.933+0000][23404][gc,age       ] GC(391) - age   5:       1576 bytes,    5656008 total
[2020-09-24T04:22:44.933+0000][23404][gc,age       ] GC(391) - age   6:       1800 bytes,    5657808 total
[2020-09-24T04:22:44.933+0000][23404][gc,age       ] GC(391) - age   7:       2656 bytes,    5660464 total
[2020-09-24T04:22:44.933+0000][23404][gc,age       ] GC(391) - age   8:       2064 bytes,    5662528 total
[2020-09-24T04:22:44.933+0000][23404][gc,age       ] GC(391) - age   9:       1024 bytes,    5663552 total
[2020-09-24T04:22:44.933+0000][23404][gc,age       ] GC(391) - age  10:        736 bytes,    5664288 total
[2020-09-24T04:22:44.933+0000][23404][gc,age       ] GC(391) - age  11:       1752 bytes,    5666040 total
[2020-09-24T04:22:44.933+0000][23404][gc,age       ] GC(391) - age  12:       6096 bytes,    5672136 total
[2020-09-24T04:22:44.933+0000][23404][gc,age       ] GC(391) - age  13:        784 bytes,    5672920 total
[2020-09-24T04:22:44.933+0000][23404][gc,age       ] GC(391) - age  14:      33984 bytes,    5706904 total
[2020-09-24T04:22:44.933+0000][23404][gc,age       ] GC(391) - age  15:        800 bytes,    5707704 total
[2020-09-24T04:22:44.933+0000][23404][gc,phases    ] GC(391)   Pre Evacuate Collection Set: 0.4ms
[2020-09-24T04:22:44.933+0000][23404][gc,phases    ] GC(391)   Merge Heap Roots: 0.1ms
[2020-09-24T04:22:44.933+0000][23404][gc,phases    ] GC(391)   Evacuate Collection Set: 3.9ms
[2020-09-24T04:22:44.933+0000][23404][gc,phases    ] GC(391)   Post Evacuate Collection Set: 1.0ms
[2020-09-24T04:22:44.933+0000][23404][gc,phases    ] GC(391)   Other: 1.2ms
[2020-09-24T04:22:44.933+0000][23404][gc,heap      ] GC(391) Eden regions: 53->0(494)
[2020-09-24T04:22:44.933+0000][23404][gc,heap      ] GC(391) Survivor regions: 8->6(63)
[2020-09-24T04:22:44.934+0000][23404][gc,heap      ] GC(391) Old regions: 80->80
[2020-09-24T04:22:44.934+0000][23404][gc,heap      ] GC(391) Archive regions: 0->0
[2020-09-24T04:22:44.934+0000][23404][gc,heap      ] GC(391) Humongous regions: 258->174
[2020-09-24T04:22:44.934+0000][23404][gc,metaspace ] GC(391) Metaspace: 89835K(96000K)->89835K(96000K) NonClass: 78518K(82176K)->78518K(82176K) Class: 11316K(13824K)->11316K(13824K)
[2020-09-24T04:22:44.934+0000][23404][gc           ] GC(391) Pause Young (Concurrent Start) (G1 Humongous Allocation) 397M->259M(1024M) 7.015ms
[2020-09-24T04:22:44.934+0000][23404][gc,cpu       ] GC(391) User=0.13s Sys=0.00s Real=0.01s
[2020-09-24T04:22:44.934+0000][23404][safepoint    ] Safepoint "G1TryInitiateConcMark", Time since last: 83656600 ns, Reaching safepoint: 258300 ns, At safepoint: 7207300 ns, Total: 7465600 ns
[2020-09-24T04:22:44.934+0000][23404][gc           ] GC(392) Concurrent Cycle
[2020-09-24T04:22:44.934+0000][23404][gc,marking   ] GC(392) Concurrent Clear Claimed Marks
[2020-09-24T04:22:44.934+0000][23404][gc,marking   ] GC(392) Concurrent Clear Claimed Marks 0.430ms
[2020-09-24T04:22:44.934+0000][23404][gc,marking   ] GC(392) Concurrent Scan Root Regions
[2020-09-24T04:22:44.939+0000][23404][gc,marking   ] GC(392) Concurrent Scan Root Regions 4.633ms
[2020-09-24T04:22:44.939+0000][23404][gc,marking   ] GC(392) Concurrent Mark (2837.314s)
[2020-09-24T04:22:44.939+0000][23404][gc,marking   ] GC(392) Concurrent Mark From Roots
[2020-09-24T04:22:44.939+0000][23404][gc,task      ] GC(392) Using 2 workers of 2 for marking
[2020-09-24T04:22:45.053+0000][23404][gc,marking   ] GC(392) Concurrent Mark From Roots 113.392ms
[2020-09-24T04:22:45.053+0000][23404][gc,marking   ] GC(392) Concurrent Preclean
[2020-09-24T04:22:45.053+0000][23404][gc,marking   ] GC(392) Concurrent Preclean 0.569ms
[2020-09-24T04:22:45.053+0000][23404][gc,marking   ] GC(392) Concurrent Mark (2837.314s, 2837.428s) 114.161ms
[2020-09-24T04:22:45.054+0000][23404][gc,start     ] GC(392) Pause Remark
[2020-09-24T04:22:45.061+0000][23404][gc           ] GC(392) Pause Remark 373M->373M(1024M) 6.883ms
[2020-09-24T04:22:45.061+0000][23404][gc,cpu       ] GC(392) User=0.00s Sys=0.00s Real=0.01s
[2020-09-24T04:22:45.061+0000][23404][safepoint    ] Safepoint "G1Concurrent", Time since last: 119559300 ns, Reaching safepoint: 528300 ns, At safepoint: 7137900 ns, Total: 7666200 ns
[2020-09-24T04:22:45.061+0000][23404][gc,marking   ] GC(392) Concurrent Rebuild Remembered Sets
[2020-09-24T04:22:45.134+0000][23404][gc,marking   ] GC(392) Concurrent Rebuild Remembered Sets 73.063ms
[2020-09-24T04:22:45.135+0000][23404][gc,start     ] GC(392) Pause Cleanup
[2020-09-24T04:22:45.135+0000][23404][gc           ] GC(392) Pause Cleanup 393M->393M(1024M) 0.483ms
[2020-09-24T04:22:45.135+0000][23404][gc,cpu       ] GC(392) User=0.00s Sys=0.00s Real=0.00s
[2020-09-24T04:22:45.135+0000][23404][safepoint    ] Safepoint "G1Concurrent", Time since last: 73284300 ns, Reaching safepoint: 154800 ns, At safepoint: 684700 ns, Total: 839500 ns
[2020-09-24T04:22:45.135+0000][23404][gc,marking   ] GC(392) Concurrent Cleanup for Next Mark
[2020-09-24T04:22:45.142+0000][23404][gc,marking   ] GC(392) Concurrent Cleanup for Next Mark 6.744ms
[2020-09-24T04:22:45.142+0000][23404][gc           ] GC(392) Concurrent Cycle 208.271ms
[2020-09-24T04:22:45.336+0000][23404][gc,start     ] GC(393) Pause Young (Concurrent Start) (G1 Humongous Allocation)
[2020-09-24T04:22:45.336+0000][23404][gc,task      ] GC(393) Using 8 workers of 8 for evacuation
[2020-09-24T04:22:45.336+0000][23404][gc,age       ] GC(393) Desired survivor size 33030144 bytes, new threshold 15 (max threshold 15)
[2020-09-24T04:22:45.340+0000][23404][gc,age       ] GC(393) Age table with threshold 15 (max threshold 15)
[2020-09-24T04:22:45.340+0000][23404][gc,age       ] GC(393) - age   1:    2805240 bytes,    2805240 total
[2020-09-24T04:22:45.340+0000][23404][gc,age       ] GC(393) - age   2:     216936 bytes,    3022176 total
[2020-09-24T04:22:45.340+0000][23404][gc,age       ] GC(393) - age   3:    2490704 bytes,    5512880 total
[2020-09-24T04:22:45.340+0000][23404][gc,age       ] GC(393) - age   4:     292952 bytes,    5805832 total
[2020-09-24T04:22:45.340+0000][23404][gc,age       ] GC(393) - age   5:       4568 bytes,    5810400 total
[2020-09-24T04:22:45.340+0000][23404][gc,age       ] GC(393) - age   6:       1416 bytes,    5811816 total
[2020-09-24T04:22:45.340+0000][23404][gc,age       ] GC(393) - age   7:       1672 bytes,    5813488 total
[2020-09-24T04:22:45.340+0000][23404][gc,age       ] GC(393) - age   8:       2592 bytes,    5816080 total
[2020-09-24T04:22:45.340+0000][23404][gc,age       ] GC(393) - age   9:       2064 bytes,    5818144 total
[2020-09-24T04:22:45.340+0000][23404][gc,age       ] GC(393) - age  10:        928 bytes,    5819072 total
[2020-09-24T04:22:45.340+0000][23404][gc,age       ] GC(393) - age  11:        704 bytes,    5819776 total
[2020-09-24T04:22:45.340+0000][23404][gc,age       ] GC(393) - age  12:       1752 bytes,    5821528 total
[2020-09-24T04:22:45.340+0000][23404][gc,age       ] GC(393) - age  13:       6032 bytes,    5827560 total
[2020-09-24T04:22:45.340+0000][23404][gc,age       ] GC(393) - age  14:        784 bytes,    5828344 total
[2020-09-24T04:22:45.340+0000][23404][gc,age       ] GC(393) - age  15:      33984 bytes,    5862328 total
[2020-09-24T04:22:45.340+0000][23404][gc,phases    ] GC(393)   Pre Evacuate Collection Set: 0.4ms
[2020-09-24T04:22:45.340+0000][23404][gc,phases    ] GC(393)   Merge Heap Roots: 0.1ms
[2020-09-24T04:22:45.340+0000][23404][gc,phases    ] GC(393)   Evacuate Collection Set: 2.9ms
[2020-09-24T04:22:45.340+0000][23404][gc,phases    ] GC(393)   Post Evacuate Collection Set: 0.8ms
[2020-09-24T04:22:45.341+0000][23404][gc,phases    ] GC(393)   Other: 0.8ms
[2020-09-24T04:22:45.341+0000][23404][gc,heap      ] GC(393) Eden regions: 45->0(495)
[2020-09-24T04:22:45.341+0000][23404][gc,heap      ] GC(393) Survivor regions: 6->7(63)
[2020-09-24T04:22:45.341+0000][23404][gc,heap      ] GC(393) Old regions: 80->80
[2020-09-24T04:22:45.341+0000][23404][gc,heap      ] GC(393) Archive regions: 0->0
[2020-09-24T04:22:45.341+0000][23404][gc,heap      ] GC(393) Humongous regions: 274->174
[2020-09-24T04:22:45.341+0000][23404][gc,metaspace ] GC(393) Metaspace: 89835K(96000K)->89835K(96000K) NonClass: 78518K(82176K)->78518K(82176K) Class: 11316K(13824K)->11316K(13824K)
[2020-09-24T04:22:45.341+0000][23404][gc           ] GC(393) Pause Young (Concurrent Start) (G1 Humongous Allocation) 403M->259M(1024M) 5.151ms
[2020-09-24T04:22:45.341+0000][23404][gc,cpu       ] GC(393) User=0.00s Sys=0.00s Real=0.01s
[2020-09-24T04:22:45.341+0000][23404][gc           ] GC(394) Concurrent Cycle
[2020-09-24T04:22:45.341+0000][23404][safepoint    ] Safepoint "G1TryInitiateConcMark", Time since last: 200703100 ns, Reaching safepoint: 163100 ns, At safepoint: 5370100 ns, Total: 5533200 ns
[2020-09-24T04:22:45.341+0000][23404][gc,marking   ] GC(394) Concurrent Clear Claimed Marks
[2020-09-24T04:22:45.341+0000][23404][gc,marking   ] GC(394) Concurrent Clear Claimed Marks 0.429ms
[2020-09-24T04:22:45.341+0000][23404][gc,marking   ] GC(394) Concurrent Scan Root Regions
[2020-09-24T04:22:45.345+0000][23404][gc,marking   ] GC(394) Concurrent Scan Root Regions 3.173ms
[2020-09-24T04:22:45.345+0000][23404][gc,marking   ] GC(394) Concurrent Mark (2837.720s)
[2020-09-24T04:22:45.345+0000][23404][gc,marking   ] GC(394) Concurrent Mark From Roots
[2020-09-24T04:22:45.345+0000][23404][gc,task      ] GC(394) Using 2 workers of 2 for marking
[2020-09-24T04:22:45.455+0000][23404][gc,marking   ] GC(394) Concurrent Mark From Roots 109.583ms
[2020-09-24T04:22:45.455+0000][23404][gc,marking   ] GC(394) Concurrent Preclean
[2020-09-24T04:22:45.455+0000][23404][gc,marking   ] GC(394) Concurrent Preclean 0.348ms
[2020-09-24T04:22:45.455+0000][23404][gc,marking   ] GC(394) Concurrent Mark (2837.720s, 2837.830s) 110.103ms
[2020-09-24T04:22:45.455+0000][23404][gc,start     ] GC(394) Pause Remark
[2020-09-24T04:22:45.462+0000][23404][gc           ] GC(394) Pause Remark 393M->393M(1024M) 6.023ms
[2020-09-24T04:22:45.462+0000][23404][gc,cpu       ] GC(394) User=0.11s Sys=0.02s Real=0.01s
[2020-09-24T04:22:45.462+0000][23404][safepoint    ] Safepoint "G1Concurrent", Time since last: 113954100 ns, Reaching safepoint: 117100 ns, At safepoint: 6295400 ns, Total: 6412500 ns
[2020-09-24T04:22:45.462+0000][23404][gc,marking   ] GC(394) Concurrent Rebuild Remembered Sets
[2020-09-24T04:22:45.533+0000][23404][gc,marking   ] GC(394) Concurrent Rebuild Remembered Sets 71.623ms
[2020-09-24T04:22:45.534+0000][23404][gc,start     ] GC(394) Pause Cleanup
[2020-09-24T04:22:45.534+0000][23404][gc           ] GC(394) Pause Cleanup 393M->393M(1024M) 0.332ms
[2020-09-24T04:22:45.534+0000][23404][gc,cpu       ] GC(394) User=0.00s Sys=0.00s Real=0.00s
[2020-09-24T04:22:45.534+0000][23404][safepoint    ] Safepoint "G1Concurrent", Time since last: 71841700 ns, Reaching safepoint: 102500 ns, At safepoint: 453700 ns, Total: 556200 ns
[2020-09-24T04:22:45.534+0000][23404][gc,marking   ] GC(394) Concurrent Cleanup for Next Mark
[2020-09-24T04:22:45.536+0000][23404][gc,marking   ] GC(394) Concurrent Cleanup for Next Mark 1.525ms
[2020-09-24T04:22:45.536+0000][23404][gc           ] GC(394) Concurrent Cycle 194.470ms
[2020-09-24T04:22:46.342+0000][23404][safepoint    ] Safepoint "BulkRevokeBias", Time since last: 807718400 ns, Reaching safepoint: 249400 ns, At safepoint: 1121900 ns, Total: 1371300 ns
[2020-09-24T04:22:46.345+0000][23404][safepoint    ] Safepoint "BulkRevokeBias", Time since last: 1150600 ns, Reaching safepoint: 124300 ns, At safepoint: 1116300 ns, Total: 1240600 ns
[2020-09-24T04:22:46.351+0000][23404][gc,start     ] GC(395) Pause Young (Concurrent Start) (G1 Humongous Allocation)
[2020-09-24T04:22:46.351+0000][23404][gc,task      ] GC(395) Using 8 workers of 8 for evacuation
[2020-09-24T04:22:46.351+0000][23404][gc,age       ] GC(395) Desired survivor size 33030144 bytes, new threshold 15 (max threshold 15)
[2020-09-24T04:22:46.355+0000][23404][gc,age       ] GC(395) Age table with threshold 15 (max threshold 15)
[2020-09-24T04:22:46.355+0000][23404][gc,age       ] GC(395) - age   1:    2697680 bytes,    2697680 total
[2020-09-24T04:22:46.355+0000][23404][gc,age       ] GC(395) - age   2:     160024 bytes,    2857704 total
[2020-09-24T04:22:46.355+0000][23404][gc,age       ] GC(395) - age   3:     214496 bytes,    3072200 total
[2020-09-24T04:22:46.355+0000][23404][gc,age       ] GC(395) - age   4:    2474664 bytes,    5546864 total
[2020-09-24T04:22:46.355+0000][23404][gc,age       ] GC(395) - age   5:     292664 bytes,    5839528 total
[2020-09-24T04:22:46.355+0000][23404][gc,age       ] GC(395) - age   6:       4344 bytes,    5843872 total
[2020-09-24T04:22:46.355+0000][23404][gc,age       ] GC(395) - age   7:       1416 bytes,    5845288 total
[2020-09-24T04:22:46.355+0000][23404][gc,age       ] GC(395) - age   8:       1512 bytes,    5846800 total
[2020-09-24T04:22:46.355+0000][23404][gc,age       ] GC(395) - age   9:       2592 bytes,    5849392 total
[2020-09-24T04:22:46.355+0000][23404][gc,age       ] GC(395) - age  10:       2064 bytes,    5851456 total
[2020-09-24T04:22:46.355+0000][23404][gc,age       ] GC(395) - age  11:        864 bytes,    5852320 total
[2020-09-24T04:22:46.355+0000][23404][gc,age       ] GC(395) - age  12:        640 bytes,    5852960 total
[2020-09-24T04:22:46.355+0000][23404][gc,age       ] GC(395) - age  13:       1752 bytes,    5854712 total
[2020-09-24T04:22:46.355+0000][23404][gc,age       ] GC(395) - age  14:       5968 bytes,    5860680 total
[2020-09-24T04:22:46.355+0000][23404][gc,age       ] GC(395) - age  15:        784 bytes,    5861464 total
[2020-09-24T04:22:46.355+0000][23404][gc,phases    ] GC(395)   Pre Evacuate Collection Set: 0.3ms
[2020-09-24T04:22:46.355+0000][23404][gc,phases    ] GC(395)   Merge Heap Roots: 0.1ms
[2020-09-24T04:22:46.355+0000][23404][gc,phases    ] GC(395)   Evacuate Collection Set: 2.6ms
[2020-09-24T04:22:46.355+0000][23404][gc,phases    ] GC(395)   Post Evacuate Collection Set: 0.7ms
[2020-09-24T04:22:46.355+0000][23404][gc,phases    ] GC(395)   Other: 0.7ms
[2020-09-24T04:22:46.355+0000][23404][gc,heap      ] GC(395) Eden regions: 44->0(496)
[2020-09-24T04:22:46.355+0000][23404][gc,heap      ] GC(395) Survivor regions: 7->7(63)
[2020-09-24T04:22:46.355+0000][23404][gc,heap      ] GC(395) Old regions: 80->80
[2020-09-24T04:22:46.355+0000][23404][gc,heap      ] GC(395) Archive regions: 0->0
[2020-09-24T04:22:46.355+0000][23404][gc,heap      ] GC(395) Humongous regions: 274->174
[2020-09-24T04:22:46.355+0000][23404][gc,metaspace ] GC(395) Metaspace: 89835K(96000K)->89835K(96000K) NonClass: 78519K(82176K)->78519K(82176K) Class: 11316K(13824K)->11316K(13824K)
[2020-09-24T04:22:46.355+0000][23404][gc           ] GC(395) Pause Young (Concurrent Start) (G1 Humongous Allocation) 403M->259M(1024M) 4.632ms
[2020-09-24T04:22:46.355+0000][23404][gc,cpu       ] GC(395) User=0.00s Sys=0.00s Real=0.00s
[2020-09-24T04:22:46.355+0000][23404][safepoint    ] Safepoint "G1TryInitiateConcMark", Time since last: 5600900 ns, Reaching safepoint: 136200 ns, At safepoint: 4764600 ns, Total: 4900800 ns
[2020-09-24T04:22:46.355+0000][23404][gc           ] GC(396) Concurrent Cycle
[2020-09-24T04:22:46.355+0000][23404][gc,marking   ] GC(396) Concurrent Clear Claimed Marks
[2020-09-24T04:22:46.356+0000][23404][gc,marking   ] GC(396) Concurrent Clear Claimed Marks 0.564ms
[2020-09-24T04:22:46.356+0000][23404][gc,marking   ] GC(396) Concurrent Scan Root Regions
[2020-09-24T04:22:46.361+0000][23404][gc,marking   ] GC(396) Concurrent Scan Root Regions 4.893ms
[2020-09-24T04:22:46.361+0000][23404][gc,marking   ] GC(396) Concurrent Mark (2838.737s)
[2020-09-24T04:22:46.361+0000][23404][gc,marking   ] GC(396) Concurrent Mark From Roots
[2020-09-24T04:22:46.361+0000][23404][gc,task      ] GC(396) Using 2 workers of 2 for marking
[2020-09-24T04:22:46.471+0000][23404][gc,marking   ] GC(396) Concurrent Mark From Roots 109.902ms
[2020-09-24T04:22:46.471+0000][23404][gc,marking   ] GC(396) Concurrent Preclean
[2020-09-24T04:22:46.471+0000][23404][gc,marking   ] GC(396) Concurrent Preclean 0.295ms
[2020-09-24T04:22:46.471+0000][23404][gc,marking   ] GC(396) Concurrent Mark (2838.737s, 2838.847s) 110.320ms
[2020-09-24T04:22:46.472+0000][23404][gc,start     ] GC(396) Pause Remark
[2020-09-24T04:22:46.478+0000][23404][gc           ] GC(396) Pause Remark 447M->447M(1024M) 5.994ms
[2020-09-24T04:22:46.478+0000][23404][gc,cpu       ] GC(396) User=0.11s Sys=0.00s Real=0.01s
[2020-09-24T04:22:46.478+0000][23404][safepoint    ] Safepoint "G1Concurrent", Time since last: 116146100 ns, Reaching safepoint: 144900 ns, At safepoint: 6187800 ns, Total: 6332700 ns
[2020-09-24T04:22:46.478+0000][23404][gc,marking   ] GC(396) Concurrent Rebuild Remembered Sets
[2020-09-24T04:22:46.535+0000][23404][gc,marking   ] GC(396) Concurrent Rebuild Remembered Sets 57.471ms
[2020-09-24T04:22:46.536+0000][23404][gc,start     ] GC(396) Pause Cleanup
[2020-09-24T04:22:46.536+0000][23404][gc           ] GC(396) Pause Cleanup 516M->516M(1024M) 0.343ms
[2020-09-24T04:22:46.536+0000][23404][gc,cpu       ] GC(396) User=0.00s Sys=0.00s Real=0.00s
[2020-09-24T04:22:46.536+0000][23404][safepoint    ] Safepoint "G1Concurrent", Time since last: 57619100 ns, Reaching safepoint: 121800 ns, At safepoint: 487100 ns, Total: 608900 ns
[2020-09-24T04:22:46.536+0000][23404][gc,marking   ] GC(396) Concurrent Cleanup for Next Mark
[2020-09-24T04:22:46.538+0000][23404][gc,marking   ] GC(396) Concurrent Cleanup for Next Mark 1.445ms
[2020-09-24T04:22:46.538+0000][23404][gc           ] GC(396) Concurrent Cycle 182.334ms
[2020-09-24T04:22:46.560+0000][23404][gc,start     ] GC(397) Pause Young (Concurrent Start) (G1 Humongous Allocation)
[2020-09-24T04:22:46.560+0000][23404][gc,task      ] GC(397) Using 8 workers of 8 for evacuation
[2020-09-24T04:22:46.560+0000][23404][gc,age       ] GC(397) Desired survivor size 33030144 bytes, new threshold 15 (max threshold 15)
[2020-09-24T04:22:46.565+0000][23404][gc,age       ] GC(397) Age table with threshold 15 (max threshold 15)
[2020-09-24T04:22:46.565+0000][23404][gc,age       ] GC(397) - age   1:    3150888 bytes,    3150888 total
[2020-09-24T04:22:46.565+0000][23404][gc,age       ] GC(397) - age   2:     137808 bytes,    3288696 total
[2020-09-24T04:22:46.565+0000][23404][gc,age       ] GC(397) - age   3:     158880 bytes,    3447576 total
[2020-09-24T04:22:46.566+0000][23404][gc,age       ] GC(397) - age   4:     211528 bytes,    3659104 total
[2020-09-24T04:22:46.566+0000][23404][gc,age       ] GC(397) - age   5:    2468312 bytes,    6127416 total
[2020-09-24T04:22:46.566+0000][23404][gc,age       ] GC(397) - age   6:     292216 bytes,    6419632 total
[2020-09-24T04:22:46.566+0000][23404][gc,age       ] GC(397) - age   7:       4312 bytes,    6423944 total
[2020-09-24T04:22:46.566+0000][23404][gc,age       ] GC(397) - age   8:       1160 bytes,    6425104 total
[2020-09-24T04:22:46.566+0000][23404][gc,age       ] GC(397) - age   9:       1512 bytes,    6426616 total
[2020-09-24T04:22:46.566+0000][23404][gc,age       ] GC(397) - age  10:       2592 bytes,    6429208 total
[2020-09-24T04:22:46.566+0000][23404][gc,age       ] GC(397) - age  11:       2000 bytes,    6431208 total
[2020-09-24T04:22:46.566+0000][23404][gc,age       ] GC(397) - age  12:        800 bytes,    6432008 total
[2020-09-24T04:22:46.566+0000][23404][gc,age       ] GC(397) - age  13:        640 bytes,    6432648 total
[2020-09-24T04:22:46.566+0000][23404][gc,age       ] GC(397) - age  14:       1752 bytes,    6434400 total
[2020-09-24T04:22:46.566+0000][23404][gc,age       ] GC(397) - age  15:       5968 bytes,    6440368 total
[2020-09-24T04:22:46.566+0000][23404][gc,phases    ] GC(397)   Pre Evacuate Collection Set: 0.4ms
[2020-09-24T04:22:46.566+0000][23404][gc,phases    ] GC(397)   Merge Heap Roots: 0.1ms
[2020-09-24T04:22:46.566+0000][23404][gc,phases    ] GC(397)   Evacuate Collection Set: 3.8ms
[2020-09-24T04:22:46.566+0000][23404][gc,phases    ] GC(397)   Post Evacuate Collection Set: 0.9ms
[2020-09-24T04:22:46.566+0000][23404][gc,phases    ] GC(397)   Other: 0.7ms
[2020-09-24T04:22:46.566+0000][23404][gc,heap      ] GC(397) Eden regions: 74->0(496)
[2020-09-24T04:22:46.566+0000][23404][gc,heap      ] GC(397) Survivor regions: 7->7(63)
[2020-09-24T04:22:46.566+0000][23404][gc,heap      ] GC(397) Old regions: 80->80
[2020-09-24T04:22:46.566+0000][23404][gc,heap      ] GC(397) Archive regions: 0->0
[2020-09-24T04:22:46.566+0000][23404][gc,heap      ] GC(397) Humongous regions: 366->174
[2020-09-24T04:22:46.566+0000][23404][gc,metaspace ] GC(397) Metaspace: 89836K(96000K)->89836K(96000K) NonClass: 78519K(82176K)->78519K(82176K) Class: 11316K(13824K)->11316K(13824K)
[2020-09-24T04:22:46.566+0000][23404][gc           ] GC(397) Pause Young (Concurrent Start) (G1 Humongous Allocation) 525M->260M(1024M) 5.993ms
[2020-09-24T04:22:46.566+0000][23404][gc,cpu       ] GC(397) User=0.00s Sys=0.00s Real=0.01s
[2020-09-24T04:22:46.566+0000][23404][safepoint    ] Safepoint "G1TryInitiateConcMark", Time since last: 23782900 ns, Reaching safepoint: 123700 ns, At safepoint: 6164200 ns, Total: 6287900 ns
[2020-09-24T04:22:46.566+0000][23404][gc           ] GC(398) Concurrent Cycle
[2020-09-24T04:22:46.566+0000][23404][gc,marking   ] GC(398) Concurrent Clear Claimed Marks
[2020-09-24T04:22:46.567+0000][23404][gc,marking   ] GC(398) Concurrent Clear Claimed Marks 0.426ms
[2020-09-24T04:22:46.567+0000][23404][gc,marking   ] GC(398) Concurrent Scan Root Regions
[2020-09-24T04:22:46.571+0000][23404][gc,marking   ] GC(398) Concurrent Scan Root Regions 4.385ms
[2020-09-24T04:22:46.571+0000][23404][gc,marking   ] GC(398) Concurrent Mark (2838.947s)
[2020-09-24T04:22:46.571+0000][23404][gc,marking   ] GC(398) Concurrent Mark From Roots
[2020-09-24T04:22:46.571+0000][23404][gc,task      ] GC(398) Using 2 workers of 2 for marking
[2020-09-24T04:22:46.666+0000][23404][gc,marking   ] GC(398) Concurrent Mark From Roots 94.547ms
[2020-09-24T04:22:46.666+0000][23404][gc,marking   ] GC(398) Concurrent Preclean
[2020-09-24T04:22:46.666+0000][23404][gc,marking   ] GC(398) Concurrent Preclean 0.466ms
[2020-09-24T04:22:46.666+0000][23404][gc,marking   ] GC(398) Concurrent Mark (2838.947s, 2839.042s) 95.174ms
[2020-09-24T04:22:46.667+0000][23404][gc,start     ] GC(398) Pause Remark
[2020-09-24T04:22:46.672+0000][23404][gc           ] GC(398) Pause Remark 454M->454M(1024M) 5.697ms
[2020-09-24T04:22:46.672+0000][23404][gc,cpu       ] GC(398) User=0.00s Sys=0.00s Real=0.00s
[2020-09-24T04:22:46.673+0000][23404][safepoint    ] Safepoint "G1Concurrent", Time since last: 100245200 ns, Reaching safepoint: 151900 ns, At safepoint: 5980200 ns, Total: 6132100 ns
[2020-09-24T04:22:46.673+0000][23404][gc,marking   ] GC(398) Concurrent Rebuild Remembered Sets
[2020-09-24T04:22:46.753+0000][23404][gc,marking   ] GC(398) Concurrent Rebuild Remembered Sets 80.900ms
[2020-09-24T04:22:46.754+0000][23404][gc,start     ] GC(398) Pause Cleanup
[2020-09-24T04:22:46.754+0000][23404][gc           ] GC(398) Pause Cleanup 525M->525M(1024M) 0.286ms
[2020-09-24T04:22:46.754+0000][23404][gc,cpu       ] GC(398) User=0.00s Sys=0.00s Real=0.00s
[2020-09-24T04:22:46.754+0000][23404][safepoint    ] Safepoint "G1Concurrent", Time since last: 81168800 ns, Reaching safepoint: 163100 ns, At safepoint: 458700 ns, Total: 621800 ns
[2020-09-24T04:22:46.754+0000][23404][gc,marking   ] GC(398) Concurrent Cleanup for Next Mark
[2020-09-24T04:22:46.757+0000][23404][gc,marking   ] GC(398) Concurrent Cleanup for Next Mark 2.135ms
[2020-09-24T04:22:46.757+0000][23404][gc           ] GC(398) Concurrent Cycle 190.509ms
[2020-09-24T04:22:46.775+0000][23404][gc,start     ] GC(399) Pause Young (Concurrent Start) (G1 Humongous Allocation)
[2020-09-24T04:22:46.776+0000][23404][gc,task      ] GC(399) Using 8 workers of 8 for evacuation
[2020-09-24T04:22:46.776+0000][23404][gc,age       ] GC(399) Desired survivor size 33030144 bytes, new threshold 15 (max threshold 15)
[2020-09-24T04:22:46.781+0000][23404][gc,age       ] GC(399) Age table with threshold 15 (max threshold 15)
[2020-09-24T04:22:46.781+0000][23404][gc,age       ] GC(399) - age   1:    3013480 bytes,    3013480 total
[2020-09-24T04:22:46.781+0000][23404][gc,age       ] GC(399) - age   2:     528568 bytes,    3542048 total
[2020-09-24T04:22:46.781+0000][23404][gc,age       ] GC(399) - age   3:     135312 bytes,    3677360 total
[2020-09-24T04:22:46.781+0000][23404][gc,age       ] GC(399) - age   4:     156080 bytes,    3833440 total
[2020-09-24T04:22:46.781+0000][23404][gc,age       ] GC(399) - age   5:     211464 bytes,    4044904 total
[2020-09-24T04:22:46.781+0000][23404][gc,age       ] GC(399) - age   6:    2461528 bytes,    6506432 total
[2020-09-24T04:22:46.781+0000][23404][gc,age       ] GC(399) - age   7:     292056 bytes,    6798488 total
[2020-09-24T04:22:46.781+0000][23404][gc,age       ] GC(399) - age   8:       4184 bytes,    6802672 total
[2020-09-24T04:22:46.781+0000][23404][gc,age       ] GC(399) - age   9:       1096 bytes,    6803768 total
[2020-09-24T04:22:46.781+0000][23404][gc,age       ] GC(399) - age  10:       1512 bytes,    6805280 total
[2020-09-24T04:22:46.782+0000][23404][gc,age       ] GC(399) - age  11:       2592 bytes,    6807872 total
[2020-09-24T04:22:46.782+0000][23404][gc,age       ] GC(399) - age  12:       2000 bytes,    6809872 total
[2020-09-24T04:22:46.782+0000][23404][gc,age       ] GC(399) - age  13:        800 bytes,    6810672 total
[2020-09-24T04:22:46.782+0000][23404][gc,age       ] GC(399) - age  14:        640 bytes,    6811312 total
[2020-09-24T04:22:46.782+0000][23404][gc,age       ] GC(399) - age  15:       1688 bytes,    6813000 total
[2020-09-24T04:22:46.782+0000][23404][gc,phases    ] GC(399)   Pre Evacuate Collection Set: 0.4ms
[2020-09-24T04:22:46.782+0000][23404][gc,phases    ] GC(399)   Merge Heap Roots: 0.1ms
[2020-09-24T04:22:46.782+0000][23404][gc,phases    ] GC(399)   Evacuate Collection Set: 3.7ms
[2020-09-24T04:22:46.782+0000][23404][gc,phases    ] GC(399)   Post Evacuate Collection Set: 1.2ms
[2020-09-24T04:22:46.782+0000][23404][gc,phases    ] GC(399)   Other: 1.1ms
[2020-09-24T04:22:46.782+0000][23404][gc,heap      ] GC(399) Eden regions: 75->0(496)
[2020-09-24T04:22:46.782+0000][23404][gc,heap      ] GC(399) Survivor regions: 7->8(63)
[2020-09-24T04:22:46.782+0000][23404][gc,heap      ] GC(399) Old regions: 80->80
[2020-09-24T04:22:46.782+0000][23404][gc,heap      ] GC(399) Archive regions: 0->0
[2020-09-24T04:22:46.782+0000][23404][gc,heap      ] GC(399) Humongous regions: 370->174
[2020-09-24T04:22:46.782+0000][23404][gc,metaspace ] GC(399) Metaspace: 89836K(96000K)->89836K(96000K) NonClass: 78519K(82176K)->78519K(82176K) Class: 11316K(13824K)->11316K(13824K)
[2020-09-24T04:22:46.782+0000][23404][gc           ] GC(399) Pause Young (Concurrent Start) (G1 Humongous Allocation) 530M->260M(1024M) 6.747ms
[2020-09-24T04:22:46.782+0000][23404][gc,cpu       ] GC(399) User=0.00s Sys=0.00s Real=0.01s
[2020-09-24T04:22:46.782+0000][23404][safepoint    ] Safepoint "G1TryInitiateConcMark", Time since last: 20903800 ns, Reaching safepoint: 168300 ns, At safepoint: 6945600 ns, Total: 7113900 ns
[2020-09-24T04:22:46.782+0000][23404][gc           ] GC(400) Concurrent Cycle
[2020-09-24T04:22:46.782+0000][23404][gc,marking   ] GC(400) Concurrent Clear Claimed Marks
[2020-09-24T04:22:46.783+0000][23404][gc,marking   ] GC(400) Concurrent Clear Claimed Marks 0.565ms
[2020-09-24T04:22:46.783+0000][23404][gc,marking   ] GC(400) Concurrent Scan Root Regions
[2020-09-24T04:22:46.788+0000][23404][gc,marking   ] GC(400) Concurrent Scan Root Regions 5.033ms
[2020-09-24T04:22:46.788+0000][23404][gc,marking   ] GC(400) Concurrent Mark (2839.164s)
[2020-09-24T04:22:46.788+0000][23404][gc,marking   ] GC(400) Concurrent Mark From Roots
[2020-09-24T04:22:46.788+0000][23404][gc,task      ] GC(400) Using 2 workers of 2 for marking
[2020-09-24T04:22:46.914+0000][23404][gc,marking   ] GC(400) Concurrent Mark From Roots 126.011ms
[2020-09-24T04:22:46.914+0000][23404][gc,marking   ] GC(400) Concurrent Preclean
[2020-09-24T04:22:46.915+0000][23404][gc,marking   ] GC(400) Concurrent Preclean 0.361ms
[2020-09-24T04:22:46.915+0000][23404][gc,marking   ] GC(400) Concurrent Mark (2839.164s, 2839.290s) 126.519ms
[2020-09-24T04:22:46.915+0000][23404][gc,start     ] GC(400) Pause Remark
[2020-09-24T04:22:46.922+0000][23404][gc           ] GC(400) Pause Remark 451M->451M(1024M) 6.687ms
[2020-09-24T04:22:46.922+0000][23404][gc,cpu       ] GC(400) User=0.00s Sys=0.00s Real=0.01s
[2020-09-24T04:22:46.922+0000][23404][safepoint    ] Safepoint "G1Concurrent", Time since last: 132499100 ns, Reaching safepoint: 243500 ns, At safepoint: 6911000 ns, Total: 7154500 ns
[2020-09-24T04:22:46.922+0000][23404][gc,marking   ] GC(400) Concurrent Rebuild Remembered Sets
[2020-09-24T04:22:46.992+0000][23404][gc,marking   ] GC(400) Concurrent Rebuild Remembered Sets 69.494ms
[2020-09-24T04:22:46.992+0000][23404][gc,start     ] GC(400) Pause Cleanup
[2020-09-24T04:22:46.992+0000][23404][gc           ] GC(400) Pause Cleanup 526M->526M(1024M) 0.346ms
[2020-09-24T04:22:46.992+0000][23404][gc,cpu       ] GC(400) User=0.00s Sys=0.00s Real=0.00s
[2020-09-24T04:22:46.992+0000][23404][safepoint    ] Safepoint "G1Concurrent", Time since last: 69686500 ns, Reaching safepoint: 150200 ns, At safepoint: 482600 ns, Total: 632800 ns
[2020-09-24T04:22:46.992+0000][23404][gc,marking   ] GC(400) Concurrent Cleanup for Next Mark
[2020-09-24T04:22:46.995+0000][23404][gc,marking   ] GC(400) Concurrent Cleanup for Next Mark 1.523ms
[2020-09-24T04:22:46.995+0000][23404][gc           ] GC(400) Concurrent Cycle 211.718ms
[2020-09-24T04:22:47.003+0000][23404][gc,start     ] GC(401) Pause Young (Concurrent Start) (G1 Humongous Allocation)
[2020-09-24T04:22:47.003+0000][23404][gc,task      ] GC(401) Using 8 workers of 8 for evacuation
[2020-09-24T04:22:47.003+0000][23404][gc,age       ] GC(401) Desired survivor size 33030144 bytes, new threshold 15 (max threshold 15)
[2020-09-24T04:22:47.009+0000][23404][gc,age       ] GC(401) Age table with threshold 15 (max threshold 15)
[2020-09-24T04:22:47.009+0000][23404][gc,age       ] GC(401) - age   1:    2988504 bytes,    2988504 total
[2020-09-24T04:22:47.009+0000][23404][gc,age       ] GC(401) - age   2:     446784 bytes,    3435288 total
[2020-09-24T04:22:47.009+0000][23404][gc,age       ] GC(401) - age   3:     526824 bytes,    3962112 total
[2020-09-24T04:22:47.009+0000][23404][gc,age       ] GC(401) - age   4:     132760 bytes,    4094872 total
[2020-09-24T04:22:47.009+0000][23404][gc,age       ] GC(401) - age   5:     155864 bytes,    4250736 total
[2020-09-24T04:22:47.009+0000][23404][gc,age       ] GC(401) - age   6:     211368 bytes,    4462104 total
[2020-09-24T04:22:47.009+0000][23404][gc,age       ] GC(401) - age   7:    2460776 bytes,    6922880 total
[2020-09-24T04:22:47.009+0000][23404][gc,age       ] GC(401) - age   8:     292056 bytes,    7214936 total
[2020-09-24T04:22:47.009+0000][23404][gc,age       ] GC(401) - age   9:       3992 bytes,    7218928 total
[2020-09-24T04:22:47.009+0000][23404][gc,age       ] GC(401) - age  10:       1096 bytes,    7220024 total
[2020-09-24T04:22:47.009+0000][23404][gc,age       ] GC(401) - age  11:       1320 bytes,    7221344 total
[2020-09-24T04:22:47.009+0000][23404][gc,age       ] GC(401) - age  12:       2464 bytes,    7223808 total
[2020-09-24T04:22:47.009+0000][23404][gc,age       ] GC(401) - age  13:       2000 bytes,    7225808 total
[2020-09-24T04:22:47.009+0000][23404][gc,age       ] GC(401) - age  14:        608 bytes,    7226416 total
[2020-09-24T04:22:47.009+0000][23404][gc,age       ] GC(401) - age  15:        640 bytes,    7227056 total
[2020-09-24T04:22:47.009+0000][23404][gc,phases    ] GC(401)   Pre Evacuate Collection Set: 0.4ms
[2020-09-24T04:22:47.009+0000][23404][gc,phases    ] GC(401)   Merge Heap Roots: 0.1ms
[2020-09-24T04:22:47.010+0000][23404][gc,phases    ] GC(401)   Evacuate Collection Set: 3.9ms
[2020-09-24T04:22:47.010+0000][23404][gc,phases    ] GC(401)   Post Evacuate Collection Set: 1.1ms
[2020-09-24T04:22:47.010+0000][23404][gc,phases    ] GC(401)   Other: 1.0ms
[2020-09-24T04:22:47.010+0000][23404][gc,heap      ] GC(401) Eden regions: 75->0(496)
[2020-09-24T04:22:47.010+0000][23404][gc,heap      ] GC(401) Survivor regions: 8->8(63)
[2020-09-24T04:22:47.010+0000][23404][gc,heap      ] GC(401) Old regions: 80->80
[2020-09-24T04:22:47.010+0000][23404][gc,heap      ] GC(401) Archive regions: 0->0
[2020-09-24T04:22:47.010+0000][23404][gc,heap      ] GC(401) Humongous regions: 370->174
[2020-09-24T04:22:47.010+0000][23404][gc,metaspace ] GC(401) Metaspace: 89837K(96000K)->89837K(96000K) NonClass: 78520K(82176K)->78520K(82176K) Class: 11316K(13824K)->11316K(13824K)
[2020-09-24T04:22:47.010+0000][23404][gc           ] GC(401) Pause Young (Concurrent Start) (G1 Humongous Allocation) 531M->261M(1024M) 6.785ms
[2020-09-24T04:22:47.010+0000][23404][gc,cpu       ] GC(401) User=0.11s Sys=0.02s Real=0.01s
[2020-09-24T04:22:47.010+0000][23404][gc           ] GC(402) Concurrent Cycle
[2020-09-24T04:22:47.010+0000][23404][safepoint    ] Safepoint "G1TryInitiateConcMark", Time since last: 10579400 ns, Reaching safepoint: 131500 ns, At safepoint: 6974500 ns, Total: 7106000 ns
[2020-09-24T04:22:47.010+0000][23404][gc,marking   ] GC(402) Concurrent Clear Claimed Marks
[2020-09-24T04:22:47.010+0000][23404][gc,marking   ] GC(402) Concurrent Clear Claimed Marks 0.453ms
[2020-09-24T04:22:47.011+0000][23404][gc,marking   ] GC(402) Concurrent Scan Root Regions
[2020-09-24T04:22:47.016+0000][23404][gc,marking   ] GC(402) Concurrent Scan Root Regions 5.290ms
[2020-09-24T04:22:47.016+0000][23404][gc,marking   ] GC(402) Concurrent Mark (2839.391s)
[2020-09-24T04:22:47.016+0000][23404][gc,marking   ] GC(402) Concurrent Mark From Roots
[2020-09-24T04:22:47.016+0000][23404][gc,task      ] GC(402) Using 2 workers of 2 for marking
[2020-09-24T04:22:47.141+0000][23404][gc,marking   ] GC(402) Concurrent Mark From Roots 124.767ms
[2020-09-24T04:22:47.141+0000][23404][gc,marking   ] GC(402) Concurrent Preclean
[2020-09-24T04:22:47.141+0000][23404][gc,marking   ] GC(402) Concurrent Preclean 0.543ms
[2020-09-24T04:22:47.141+0000][23404][gc,marking   ] GC(402) Concurrent Mark (2839.391s, 2839.517s) 125.485ms
[2020-09-24T04:22:47.142+0000][23404][gc,start     ] GC(402) Pause Remark
[2020-09-24T04:22:47.149+0000][23404][gc           ] GC(402) Pause Remark 449M->449M(1024M) 7.135ms
[2020-09-24T04:22:47.149+0000][23404][gc,cpu       ] GC(402) User=0.11s Sys=0.00s Real=0.01s
[2020-09-24T04:22:47.149+0000][23404][safepoint    ] Safepoint "G1Concurrent", Time since last: 131567900 ns, Reaching safepoint: 162700 ns, At safepoint: 7436100 ns, Total: 7598800 ns
[2020-09-24T04:22:47.149+0000][23404][gc,marking   ] GC(402) Concurrent Rebuild Remembered Sets
[2020-09-24T04:22:47.231+0000][23404][gc,marking   ] GC(402) Concurrent Rebuild Remembered Sets 81.590ms
[2020-09-24T04:22:47.231+0000][23404][gc,start     ] GC(402) Pause Cleanup
[2020-09-24T04:22:47.231+0000][23404][gc           ] GC(402) Pause Cleanup 519M->519M(1024M) 0.277ms
[2020-09-24T04:22:47.232+0000][23404][gc,cpu       ] GC(402) User=0.00s Sys=0.00s Real=0.00s
[2020-09-24T04:22:47.232+0000][23404][safepoint    ] Safepoint "G1Concurrent", Time since last: 81819600 ns, Reaching safepoint: 164300 ns, At safepoint: 457500 ns, Total: 621800 ns
[2020-09-24T04:22:47.232+0000][23404][gc,marking   ] GC(402) Concurrent Cleanup for Next Mark
[2020-09-24T04:22:47.235+0000][23404][gc,marking   ] GC(402) Concurrent Cleanup for Next Mark 2.016ms
[2020-09-24T04:22:47.235+0000][23404][gc           ] GC(402) Concurrent Cycle 223.806ms
[2020-09-24T04:22:47.261+0000][23404][gc,start     ] GC(403) Pause Young (Concurrent Start) (G1 Humongous Allocation)
[2020-09-24T04:22:47.261+0000][23404][gc,task      ] GC(403) Using 8 workers of 8 for evacuation
[2020-09-24T04:22:47.261+0000][23404][gc,age       ] GC(403) Desired survivor size 33030144 bytes, new threshold 15 (max threshold 15)
[2020-09-24T04:22:47.267+0000][23404][gc,age       ] GC(403) Age table with threshold 15 (max threshold 15)
[2020-09-24T04:22:47.267+0000][23404][gc,age       ] GC(403) - age   1:    3032928 bytes,    3032928 total
[2020-09-24T04:22:47.267+0000][23404][gc,age       ] GC(403) - age   2:     414464 bytes,    3447392 total
[2020-09-24T04:22:47.267+0000][23404][gc,age       ] GC(403) - age   3:     445472 bytes,    3892864 total
[2020-09-24T04:22:47.267+0000][23404][gc,age       ] GC(403) - age   4:     523416 bytes,    4416280 total
[2020-09-24T04:22:47.267+0000][23404][gc,age       ] GC(403) - age   5:     132400 bytes,    4548680 total
[2020-09-24T04:22:47.267+0000][23404][gc,age       ] GC(403) - age   6:     155768 bytes,    4704448 total
[2020-09-24T04:22:47.267+0000][23404][gc,age       ] GC(403) - age   7:     211328 bytes,    4915776 total
[2020-09-24T04:22:47.267+0000][23404][gc,age       ] GC(403) - age   8:    2460304 bytes,    7376080 total
[2020-09-24T04:22:47.267+0000][23404][gc,age       ] GC(403) - age   9:     292056 bytes,    7668136 total
[2020-09-24T04:22:47.267+0000][23404][gc,age       ] GC(403) - age  10:       3928 bytes,    7672064 total
[2020-09-24T04:22:47.267+0000][23404][gc,age       ] GC(403) - age  11:       1096 bytes,    7673160 total
[2020-09-24T04:22:47.267+0000][23404][gc,age       ] GC(403) - age  12:       1192 bytes,    7674352 total
[2020-09-24T04:22:47.267+0000][23404][gc,age       ] GC(403) - age  13:       2464 bytes,    7676816 total
[2020-09-24T04:22:47.267+0000][23404][gc,age       ] GC(403) - age  14:       2000 bytes,    7678816 total
[2020-09-24T04:22:47.267+0000][23404][gc,age       ] GC(403) - age  15:        608 bytes,    7679424 total
[2020-09-24T04:22:47.267+0000][23404][gc,phases    ] GC(403)   Pre Evacuate Collection Set: 0.4ms
[2020-09-24T04:22:47.267+0000][23404][gc,phases    ] GC(403)   Merge Heap Roots: 0.1ms
[2020-09-24T04:22:47.267+0000][23404][gc,phases    ] GC(403)   Evacuate Collection Set: 4.0ms
[2020-09-24T04:22:47.267+0000][23404][gc,phases    ] GC(403)   Post Evacuate Collection Set: 1.1ms
[2020-09-24T04:22:47.267+0000][23404][gc,phases    ] GC(403)   Other: 1.0ms
[2020-09-24T04:22:47.267+0000][23404][gc,heap      ] GC(403) Eden regions: 75->0(496)
[2020-09-24T04:22:47.267+0000][23404][gc,heap      ] GC(403) Survivor regions: 8->8(63)
[2020-09-24T04:22:47.268+0000][23404][gc,heap      ] GC(403) Old regions: 80->80
[2020-09-24T04:22:47.268+0000][23404][gc,heap      ] GC(403) Archive regions: 0->0
[2020-09-24T04:22:47.268+0000][23404][gc,heap      ] GC(403) Humongous regions: 366->174
[2020-09-24T04:22:47.268+0000][23404][gc,metaspace ] GC(403) Metaspace: 89837K(96000K)->89837K(96000K) NonClass: 78520K(82176K)->78520K(82176K) Class: 11316K(13824K)->11316K(13824K)
[2020-09-24T04:22:47.268+0000][23404][gc           ] GC(403) Pause Young (Concurrent Start) (G1 Humongous Allocation) 527M->261M(1024M) 6.886ms
[2020-09-24T04:22:47.268+0000][23404][gc,cpu       ] GC(403) User=0.00s Sys=0.00s Real=0.01s
[2020-09-24T04:22:47.268+0000][23404][safepoint    ] Safepoint "G1TryInitiateConcMark", Time since last: 28972000 ns, Reaching safepoint: 147000 ns, At safepoint: 7047200 ns, Total: 7194200 ns
[2020-09-24T04:22:47.268+0000][23404][gc           ] GC(404) Concurrent Cycle
[2020-09-24T04:22:47.268+0000][23404][gc,marking   ] GC(404) Concurrent Clear Claimed Marks
[2020-09-24T04:22:47.268+0000][23404][gc,marking   ] GC(404) Concurrent Clear Claimed Marks 0.361ms
[2020-09-24T04:22:47.268+0000][23404][gc,marking   ] GC(404) Concurrent Scan Root Regions
[2020-09-24T04:22:47.274+0000][23404][gc,marking   ] GC(404) Concurrent Scan Root Regions 5.235ms
[2020-09-24T04:22:47.274+0000][23404][gc,marking   ] GC(404) Concurrent Mark (2839.649s)
[2020-09-24T04:22:47.274+0000][23404][gc,marking   ] GC(404) Concurrent Mark From Roots
[2020-09-24T04:22:47.274+0000][23404][gc,task      ] GC(404) Using 2 workers of 2 for marking
[2020-09-24T04:22:47.402+0000][23404][gc,marking   ] GC(404) Concurrent Mark From Roots 127.511ms
[2020-09-24T04:22:47.402+0000][23404][gc,marking   ] GC(404) Concurrent Preclean
[2020-09-24T04:22:47.403+0000][23404][gc,marking   ] GC(404) Concurrent Preclean 0.471ms
[2020-09-24T04:22:47.403+0000][23404][gc,marking   ] GC(404) Concurrent Mark (2839.649s, 2839.777s) 128.137ms
[2020-09-24T04:22:47.403+0000][23404][gc,start     ] GC(404) Pause Remark
[2020-09-24T04:22:47.410+0000][23404][gc           ] GC(404) Pause Remark 457M->457M(1024M) 6.990ms
[2020-09-24T04:22:47.410+0000][23404][gc,cpu       ] GC(404) User=0.00s Sys=0.00s Real=0.01s
[2020-09-24T04:22:47.410+0000][23404][safepoint    ] Safepoint "G1Concurrent", Time since last: 134056800 ns, Reaching safepoint: 143800 ns, At safepoint: 7270900 ns, Total: 7414700 ns
[2020-09-24T04:22:47.410+0000][23404][gc,marking   ] GC(404) Concurrent Rebuild Remembered Sets
[2020-09-24T04:22:47.490+0000][23404][gc,marking   ] GC(404) Concurrent Rebuild Remembered Sets 79.387ms
[2020-09-24T04:22:47.490+0000][23404][gc,start     ] GC(404) Pause Cleanup
[2020-09-24T04:22:47.491+0000][23404][gc           ] GC(404) Pause Cleanup 527M->527M(1024M) 0.630ms
[2020-09-24T04:22:47.491+0000][23404][gc,cpu       ] GC(404) User=0.00s Sys=0.00s Real=0.00s
[2020-09-24T04:22:47.491+0000][23404][safepoint    ] Safepoint "G1Concurrent", Time since last: 79654600 ns, Reaching safepoint: 231200 ns, At safepoint: 894600 ns, Total: 1125800 ns
[2020-09-24T04:22:47.491+0000][23404][gc,marking   ] GC(404) Concurrent Cleanup for Next Mark
[2020-09-24T04:22:47.493+0000][23404][gc,marking   ] GC(404) Concurrent Cleanup for Next Mark 2.024ms
[2020-09-24T04:22:47.493+0000][23404][gc           ] GC(404) Concurrent Cycle 224.519ms
[2020-09-24T04:22:47.507+0000][23404][gc,start     ] GC(405) Pause Young (Concurrent Start) (G1 Humongous Allocation)
[2020-09-24T04:22:47.507+0000][23404][gc,task      ] GC(405) Using 8 workers of 8 for evacuation
[2020-09-24T04:22:47.507+0000][23404][gc,age       ] GC(405) Desired survivor size 33030144 bytes, new threshold 15 (max threshold 15)
[2020-09-24T04:22:47.515+0000][23404][gc,age       ] GC(405) Age table with threshold 15 (max threshold 15)
[2020-09-24T04:22:47.515+0000][23404][gc,age       ] GC(405) - age   1:    2982832 bytes,    2982832 total
[2020-09-24T04:22:47.515+0000][23404][gc,age       ] GC(405) - age   2:     405792 bytes,    3388624 total
[2020-09-24T04:22:47.515+0000][23404][gc,age       ] GC(405) - age   3:     413032 bytes,    3801656 total
[2020-09-24T04:22:47.515+0000][23404][gc,age       ] GC(405) - age   4:     445408 bytes,    4247064 total
[2020-09-24T04:22:47.515+0000][23404][gc,age       ] GC(405) - age   5:     522464 bytes,    4769528 total
[2020-09-24T04:22:47.515+0000][23404][gc,age       ] GC(405) - age   6:     132232 bytes,    4901760 total
[2020-09-24T04:22:47.515+0000][23404][gc,age       ] GC(405) - age   7:     155768 bytes,    5057528 total
[2020-09-24T04:22:47.515+0000][23404][gc,age       ] GC(405) - age   8:     208912 bytes,    5266440 total
[2020-09-24T04:22:47.515+0000][23404][gc,age       ] GC(405) - age   9:    2456848 bytes,    7723288 total
[2020-09-24T04:22:47.515+0000][23404][gc,age       ] GC(405) - age  10:     292056 bytes,    8015344 total
[2020-09-24T04:22:47.515+0000][23404][gc,age       ] GC(405) - age  11:       3928 bytes,    8019272 total
[2020-09-24T04:22:47.515+0000][23404][gc,age       ] GC(405) - age  12:       1096 bytes,    8020368 total
[2020-09-24T04:22:47.515+0000][23404][gc,age       ] GC(405) - age  13:       1192 bytes,    8021560 total
[2020-09-24T04:22:47.515+0000][23404][gc,age       ] GC(405) - age  14:       2464 bytes,    8024024 total
[2020-09-24T04:22:47.515+0000][23404][gc,age       ] GC(405) - age  15:       1936 bytes,    8025960 total
[2020-09-24T04:22:47.516+0000][23404][gc,phases    ] GC(405)   Pre Evacuate Collection Set: 0.5ms
[2020-09-24T04:22:47.516+0000][23404][gc,phases    ] GC(405)   Merge Heap Roots: 0.1ms
[2020-09-24T04:22:47.516+0000][23404][gc,phases    ] GC(405)   Evacuate Collection Set: 5.3ms
[2020-09-24T04:22:47.516+0000][23404][gc,phases    ] GC(405)   Post Evacuate Collection Set: 1.5ms
[2020-09-24T04:22:47.516+0000][23404][gc,phases    ] GC(405)   Other: 1.2ms
[2020-09-24T04:22:47.516+0000][23404][gc,heap      ] GC(405) Eden regions: 75->0(496)
[2020-09-24T04:22:47.516+0000][23404][gc,heap      ] GC(405) Survivor regions: 8->9(63)
[2020-09-24T04:22:47.516+0000][23404][gc,heap      ] GC(405) Old regions: 80->80
[2020-09-24T04:22:47.516+0000][23404][gc,heap      ] GC(405) Archive regions: 0->0
[2020-09-24T04:22:47.516+0000][23404][gc,heap      ] GC(405) Humongous regions: 370->174
[2020-09-24T04:22:47.516+0000][23404][gc,metaspace ] GC(405) Metaspace: 89837K(96000K)->89837K(96000K) NonClass: 78520K(82176K)->78520K(82176K) Class: 11316K(13824K)->11316K(13824K)
[2020-09-24T04:22:47.516+0000][23404][gc           ] GC(405) Pause Young (Concurrent Start) (G1 Humongous Allocation) 532M->262M(1024M) 8.967ms
[2020-09-24T04:22:47.516+0000][23404][gc,cpu       ] GC(405) User=0.00s Sys=0.00s Real=0.01s
[2020-09-24T04:22:47.516+0000][23404][gc           ] GC(406) Concurrent Cycle
[2020-09-24T04:22:47.516+0000][23404][safepoint    ] Safepoint "G1TryInitiateConcMark", Time since last: 16020600 ns, Reaching safepoint: 119800 ns, At safepoint: 9204800 ns, Total: 9324600 ns
[2020-09-24T04:22:47.516+0000][23404][gc,marking   ] GC(406) Concurrent Clear Claimed Marks
[2020-09-24T04:22:47.517+0000][23404][gc,marking   ] GC(406) Concurrent Clear Claimed Marks 0.604ms
[2020-09-24T04:22:47.517+0000][23404][gc,marking   ] GC(406) Concurrent Scan Root Regions
[2020-09-24T04:22:47.523+0000][23404][gc,marking   ] GC(406) Concurrent Scan Root Regions 6.167ms
[2020-09-24T04:22:47.523+0000][23404][gc,marking   ] GC(406) Concurrent Mark (2839.898s)
[2020-09-24T04:22:47.523+0000][23404][gc,marking   ] GC(406) Concurrent Mark From Roots
[2020-09-24T04:22:47.523+0000][23404][gc,task      ] GC(406) Using 2 workers of 2 for marking
[2020-09-24T04:22:47.675+0000][23404][gc,marking   ] GC(406) Concurrent Mark From Roots 152.001ms
[2020-09-24T04:22:47.675+0000][23404][gc,marking   ] GC(406) Concurrent Preclean
[2020-09-24T04:22:47.676+0000][23404][gc,marking   ] GC(406) Concurrent Preclean 0.496ms
[2020-09-24T04:22:47.676+0000][23404][gc,marking   ] GC(406) Concurrent Mark (2839.898s, 2840.051s) 152.678ms
[2020-09-24T04:22:47.676+0000][23404][gc,start     ] GC(406) Pause Remark
[2020-09-24T04:22:47.684+0000][23404][gc           ] GC(406) Pause Remark 456M->456M(1024M) 8.129ms
[2020-09-24T04:22:47.685+0000][23404][gc,cpu       ] GC(406) User=0.09s Sys=0.00s Real=0.01s
[2020-09-24T04:22:47.685+0000][23404][safepoint    ] Safepoint "G1Concurrent", Time since last: 159782100 ns, Reaching safepoint: 162900 ns, At safepoint: 8383900 ns, Total: 8546800 ns
[2020-09-24T04:22:47.685+0000][23404][gc,marking   ] GC(406) Concurrent Rebuild Remembered Sets
[2020-09-24T04:22:47.767+0000][23404][gc,marking   ] GC(406) Concurrent Rebuild Remembered Sets 82.559ms
[2020-09-24T04:22:47.768+0000][23404][gc,start     ] GC(406) Pause Cleanup
[2020-09-24T04:22:47.768+0000][23404][gc           ] GC(406) Pause Cleanup 528M->528M(1024M) 0.342ms
[2020-09-24T04:22:47.768+0000][23404][gc,cpu       ] GC(406) User=0.00s Sys=0.00s Real=0.00s
[2020-09-24T04:22:47.768+0000][23404][safepoint    ] Safepoint "G1Concurrent", Time since last: 82745600 ns, Reaching safepoint: 141600 ns, At safepoint: 542400 ns, Total: 684000 ns
[2020-09-24T04:22:47.768+0000][23404][gc,marking   ] GC(406) Concurrent Cleanup for Next Mark
[2020-09-24T04:22:47.770+0000][23404][gc,marking   ] GC(406) Concurrent Cleanup for Next Mark 2.239ms
[2020-09-24T04:22:47.771+0000][23404][gc           ] GC(406) Concurrent Cycle 254.304ms
[2020-09-24T04:22:47.779+0000][23404][gc,start     ] GC(407) Pause Young (Concurrent Start) (G1 Humongous Allocation)
[2020-09-24T04:22:47.779+0000][23404][gc,task      ] GC(407) Using 8 workers of 8 for evacuation
[2020-09-24T04:22:47.779+0000][23404][gc,age       ] GC(407) Desired survivor size 33554432 bytes, new threshold 15 (max threshold 15)
[2020-09-24T04:22:47.787+0000][23404][gc,age       ] GC(407) Age table with threshold 15 (max threshold 15)
[2020-09-24T04:22:47.787+0000][23404][gc,age       ] GC(407) - age   1:    2976624 bytes,    2976624 total
[2020-09-24T04:22:47.787+0000][23404][gc,age       ] GC(407) - age   2:     411904 bytes,    3388528 total
[2020-09-24T04:22:47.787+0000][23404][gc,age       ] GC(407) - age   3:     404728 bytes,    3793256 total
[2020-09-24T04:22:47.787+0000][23404][gc,age       ] GC(407) - age   4:     409632 bytes,    4202888 total
[2020-09-24T04:22:47.787+0000][23404][gc,age       ] GC(407) - age   5:     443688 bytes,    4646576 total
[2020-09-24T04:22:47.787+0000][23404][gc,age       ] GC(407) - age   6:     521904 bytes,    5168480 total
[2020-09-24T04:22:47.787+0000][23404][gc,age       ] GC(407) - age   7:     132176 bytes,    5300656 total
[2020-09-24T04:22:47.787+0000][23404][gc,age       ] GC(407) - age   8:     155768 bytes,    5456424 total
[2020-09-24T04:22:47.787+0000][23404][gc,age       ] GC(407) - age   9:     208912 bytes,    5665336 total
[2020-09-24T04:22:47.787+0000][23404][gc,age       ] GC(407) - age  10:    2456704 bytes,    8122040 total
[2020-09-24T04:22:47.787+0000][23404][gc,age       ] GC(407) - age  11:     292056 bytes,    8414096 total
[2020-09-24T04:22:47.787+0000][23404][gc,age       ] GC(407) - age  12:       3928 bytes,    8418024 total
[2020-09-24T04:22:47.787+0000][23404][gc,age       ] GC(407) - age  13:        968 bytes,    8418992 total
[2020-09-24T04:22:47.787+0000][23404][gc,age       ] GC(407) - age  14:       1192 bytes,    8420184 total
[2020-09-24T04:22:47.787+0000][23404][gc,age       ] GC(407) - age  15:       2464 bytes,    8422648 total
[2020-09-24T04:22:47.788+0000][23404][gc,phases    ] GC(407)   Pre Evacuate Collection Set: 0.5ms
[2020-09-24T04:22:47.788+0000][23404][gc,phases    ] GC(407)   Merge Heap Roots: 0.1ms
[2020-09-24T04:22:47.788+0000][23404][gc,phases    ] GC(407)   Evacuate Collection Set: 5.6ms
[2020-09-24T04:22:47.788+0000][23404][gc,phases    ] GC(407)   Post Evacuate Collection Set: 1.4ms
[2020-09-24T04:22:47.788+0000][23404][gc,phases    ] GC(407)   Other: 1.1ms
[2020-09-24T04:22:47.788+0000][23404][gc,heap      ] GC(407) Eden regions: 76->0(496)
[2020-09-24T04:22:47.788+0000][23404][gc,heap      ] GC(407) Survivor regions: 9->9(64)
[2020-09-24T04:22:47.788+0000][23404][gc,heap      ] GC(407) Old regions: 80->80
[2020-09-24T04:22:47.788+0000][23404][gc,heap      ] GC(407) Archive regions: 0->0
[2020-09-24T04:22:47.788+0000][23404][gc,heap      ] GC(407) Humongous regions: 370->174
[2020-09-24T04:22:47.788+0000][23404][gc,metaspace ] GC(407) Metaspace: 89837K(96000K)->89837K(96000K) NonClass: 78520K(82176K)->78520K(82176K) Class: 11316K(13824K)->11316K(13824K)
[2020-09-24T04:22:47.788+0000][23404][gc           ] GC(407) Pause Young (Concurrent Start) (G1 Humongous Allocation) 533M->262M(1024M) 9.345ms
[2020-09-24T04:22:47.788+0000][23404][gc,cpu       ] GC(407) User=0.03s Sys=0.00s Real=0.01s
[2020-09-24T04:22:47.788+0000][23404][gc           ] GC(408) Concurrent Cycle
[2020-09-24T04:22:47.788+0000][23404][safepoint    ] Safepoint "G1TryInitiateConcMark", Time since last: 10572300 ns, Reaching safepoint: 189900 ns, At safepoint: 9573400 ns, Total: 9763300 ns
[2020-09-24T04:22:47.788+0000][23404][gc,marking   ] GC(408) Concurrent Clear Claimed Marks
[2020-09-24T04:22:47.789+0000][23404][gc,marking   ] GC(408) Concurrent Clear Claimed Marks 0.457ms
[2020-09-24T04:22:47.789+0000][23404][gc,marking   ] GC(408) Concurrent Scan Root Regions
[2020-09-24T04:22:47.795+0000][23404][gc,marking   ] GC(408) Concurrent Scan Root Regions 6.443ms
[2020-09-24T04:22:47.796+0000][23404][gc,marking   ] GC(408) Concurrent Mark (2840.170s)
[2020-09-24T04:22:47.796+0000][23404][gc,marking   ] GC(408) Concurrent Mark From Roots
[2020-09-24T04:22:47.796+0000][23404][gc,task      ] GC(408) Using 2 workers of 2 for marking
[2020-09-24T04:22:47.943+0000][23404][gc,marking   ] GC(408) Concurrent Mark From Roots 147.169ms
[2020-09-24T04:22:47.943+0000][23404][gc,marking   ] GC(408) Concurrent Preclean
[2020-09-24T04:22:47.943+0000][23404][gc,marking   ] GC(408) Concurrent Preclean 0.498ms
[2020-09-24T04:22:47.943+0000][23404][gc,marking   ] GC(408) Concurrent Mark (2840.170s, 2840.318s) 147.841ms
[2020-09-24T04:22:47.944+0000][23404][gc,start     ] GC(408) Pause Remark
[2020-09-24T04:22:47.951+0000][23404][gc           ] GC(408) Pause Remark 453M->453M(1024M) 7.513ms
[2020-09-24T04:22:47.951+0000][23404][gc,cpu       ] GC(408) User=0.00s Sys=0.00s Real=0.01s
[2020-09-24T04:22:47.951+0000][23404][safepoint    ] Safepoint "G1Concurrent", Time since last: 155111600 ns, Reaching safepoint: 163800 ns, At safepoint: 7744900 ns, Total: 7908700 ns
[2020-09-24T04:22:47.951+0000][23404][gc,marking   ] GC(408) Concurrent Rebuild Remembered Sets
[2020-09-24T04:22:48.023+0000][23404][gc,marking   ] GC(408) Concurrent Rebuild Remembered Sets 71.807ms
[2020-09-24T04:22:48.024+0000][23404][gc,start     ] GC(408) Pause Cleanup
[2020-09-24T04:22:48.024+0000][23404][gc           ] GC(408) Pause Cleanup 523M->523M(1024M) 0.390ms
[2020-09-24T04:22:48.024+0000][23404][gc,cpu       ] GC(408) User=0.00s Sys=0.00s Real=0.00s
[2020-09-24T04:22:48.024+0000][23404][safepoint    ] Safepoint "G1Concurrent", Time since last: 72054400 ns, Reaching safepoint: 160100 ns, At safepoint: 570100 ns, Total: 730200 ns
[2020-09-24T04:22:48.024+0000][23404][gc,marking   ] GC(408) Concurrent Cleanup for Next Mark
[2020-09-24T04:22:48.026+0000][23404][gc,marking   ] GC(408) Concurrent Cleanup for Next Mark 1.960ms
[2020-09-24T04:22:48.026+0000][23404][gc           ] GC(408) Concurrent Cycle 237.945ms
[2020-09-24T04:22:48.039+0000][23404][gc,start     ] GC(409) Pause Young (Concurrent Start) (G1 Humongous Allocation)
[2020-09-24T04:22:48.039+0000][23404][gc,task      ] GC(409) Using 8 workers of 8 for evacuation
[2020-09-24T04:22:48.039+0000][23404][gc,age       ] GC(409) Desired survivor size 33554432 bytes, new threshold 15 (max threshold 15)
[2020-09-24T04:22:48.046+0000][23404][gc,age       ] GC(409) Age table with threshold 15 (max threshold 15)
[2020-09-24T04:22:48.046+0000][23404][gc,age       ] GC(409) - age   1:    3052992 bytes,    3052992 total
[2020-09-24T04:22:48.046+0000][23404][gc,age       ] GC(409) - age   2:     408120 bytes,    3461112 total
[2020-09-24T04:22:48.046+0000][23404][gc,age       ] GC(409) - age   3:     410904 bytes,    3872016 total
[2020-09-24T04:22:48.046+0000][23404][gc,age       ] GC(409) - age   4:     404664 bytes,    4276680 total
[2020-09-24T04:22:48.046+0000][23404][gc,age       ] GC(409) - age   5:     409024 bytes,    4685704 total
[2020-09-24T04:22:48.046+0000][23404][gc,age       ] GC(409) - age   6:     443656 bytes,    5129360 total
[2020-09-24T04:22:48.046+0000][23404][gc,age       ] GC(409) - age   7:     518520 bytes,    5647880 total
[2020-09-24T04:22:48.046+0000][23404][gc,age       ] GC(409) - age   8:     132176 bytes,    5780056 total
[2020-09-24T04:22:48.046+0000][23404][gc,age       ] GC(409) - age   9:     155768 bytes,    5935824 total
[2020-09-24T04:22:48.046+0000][23404][gc,age       ] GC(409) - age  10:     208856 bytes,    6144680 total
[2020-09-24T04:22:48.046+0000][23404][gc,age       ] GC(409) - age  11:    2456624 bytes,    8601304 total
[2020-09-24T04:22:48.046+0000][23404][gc,age       ] GC(409) - age  12:     292056 bytes,    8893360 total
[2020-09-24T04:22:48.046+0000][23404][gc,age       ] GC(409) - age  13:       3928 bytes,    8897288 total
[2020-09-24T04:22:48.047+0000][23404][gc,age       ] GC(409) - age  14:        968 bytes,    8898256 total
[2020-09-24T04:22:48.047+0000][23404][gc,age       ] GC(409) - age  15:       1192 bytes,    8899448 total
[2020-09-24T04:22:48.047+0000][23404][gc,phases    ] GC(409)   Pre Evacuate Collection Set: 0.3ms
[2020-09-24T04:22:48.047+0000][23404][gc,phases    ] GC(409)   Merge Heap Roots: 0.1ms
[2020-09-24T04:22:48.047+0000][23404][gc,phases    ] GC(409)   Evacuate Collection Set: 4.5ms
[2020-09-24T04:22:48.047+0000][23404][gc,phases    ] GC(409)   Post Evacuate Collection Set: 1.3ms
[2020-09-24T04:22:48.047+0000][23404][gc,phases    ] GC(409)   Other: 1.1ms
[2020-09-24T04:22:48.047+0000][23404][gc,heap      ] GC(409) Eden regions: 75->0(494)
[2020-09-24T04:22:48.047+0000][23404][gc,heap      ] GC(409) Survivor regions: 9->10(64)
[2020-09-24T04:22:48.047+0000][23404][gc,heap      ] GC(409) Old regions: 80->80
[2020-09-24T04:22:48.047+0000][23404][gc,heap      ] GC(409) Archive regions: 0->0
[2020-09-24T04:22:48.047+0000][23404][gc,heap      ] GC(409) Humongous regions: 366->174
[2020-09-24T04:22:48.047+0000][23404][gc,metaspace ] GC(409) Metaspace: 89837K(96000K)->89837K(96000K) NonClass: 78521K(82176K)->78521K(82176K) Class: 11316K(13824K)->11316K(13824K)
[2020-09-24T04:22:48.047+0000][23404][gc           ] GC(409) Pause Young (Concurrent Start) (G1 Humongous Allocation) 528M->263M(1024M) 7.591ms
[2020-09-24T04:22:48.047+0000][23404][gc,cpu       ] GC(409) User=0.00s Sys=0.00s Real=0.01s
[2020-09-24T04:22:48.047+0000][23404][gc           ] GC(410) Concurrent Cycle
[2020-09-24T04:22:48.047+0000][23404][safepoint    ] Safepoint "G1TryInitiateConcMark", Time since last: 15007600 ns, Reaching safepoint: 126500 ns, At safepoint: 7994200 ns, Total: 8120700 ns
[2020-09-24T04:22:48.047+0000][23404][gc,marking   ] GC(410) Concurrent Clear Claimed Marks
[2020-09-24T04:22:48.048+0000][23404][gc,marking   ] GC(410) Concurrent Clear Claimed Marks 0.626ms
[2020-09-24T04:22:48.048+0000][23404][gc,marking   ] GC(410) Concurrent Scan Root Regions
[2020-09-24T04:22:48.054+0000][23404][gc,marking   ] GC(410) Concurrent Scan Root Regions 6.091ms
[2020-09-24T04:22:48.054+0000][23404][gc,marking   ] GC(410) Concurrent Mark (2840.429s)
[2020-09-24T04:22:48.054+0000][23404][gc,marking   ] GC(410) Concurrent Mark From Roots
[2020-09-24T04:22:48.054+0000][23404][gc,task      ] GC(410) Using 2 workers of 2 for marking
[2020-09-24T04:22:48.193+0000][23404][gc,marking   ] GC(410) Concurrent Mark From Roots 138.403ms
[2020-09-24T04:22:48.193+0000][23404][gc,marking   ] GC(410) Concurrent Preclean
[2020-09-24T04:22:48.193+0000][23404][gc,marking   ] GC(410) Concurrent Preclean 0.434ms
[2020-09-24T04:22:48.193+0000][23404][gc,marking   ] GC(410) Concurrent Mark (2840.429s, 2840.568s) 139.025ms
[2020-09-24T04:22:48.194+0000][23404][gc,start     ] GC(410) Pause Remark
[2020-09-24T04:22:48.201+0000][23404][gc           ] GC(410) Pause Remark 396M->396M(1024M) 7.460ms
[2020-09-24T04:22:48.201+0000][23404][gc,cpu       ] GC(410) User=0.00s Sys=0.00s Real=0.01s
[2020-09-24T04:22:48.201+0000][23404][safepoint    ] Safepoint "G1Concurrent", Time since last: 146050900 ns, Reaching safepoint: 138200 ns, At safepoint: 7696500 ns, Total: 7834700 ns
[2020-09-24T04:22:48.201+0000][23404][gc,marking   ] GC(410) Concurrent Rebuild Remembered Sets
[2020-09-24T04:22:48.294+0000][23404][gc,marking   ] GC(410) Concurrent Rebuild Remembered Sets 92.558ms
[2020-09-24T04:22:48.294+0000][23404][gc,start     ] GC(410) Pause Cleanup
[2020-09-24T04:22:48.295+0000][23404][gc           ] GC(410) Pause Cleanup 407M->407M(1024M) 0.432ms
[2020-09-24T04:22:48.295+0000][23404][gc,cpu       ] GC(410) User=0.00s Sys=0.00s Real=0.00s
[2020-09-24T04:22:48.296+0000][23404][safepoint    ] Safepoint "G1Concurrent", Time since last: 92807200 ns, Reaching safepoint: 239700 ns, At safepoint: 1955900 ns, Total: 2195600 ns
[2020-09-24T04:22:48.296+0000][23404][gc,marking   ] GC(410) Concurrent Cleanup for Next Mark
[2020-09-24T04:22:48.298+0000][23404][gc,marking   ] GC(410) Concurrent Cleanup for Next Mark 1.871ms
[2020-09-24T04:22:48.298+0000][23404][gc           ] GC(410) Concurrent Cycle 251.128ms
[2020-09-24T04:22:49.298+0000][23404][safepoint    ] Safepoint "Cleanup", Time since last: 1002095000 ns, Reaching safepoint: 192800 ns, At safepoint: 87200 ns, Total: 280000 ns
[2020-09-24T04:22:49.326+0000][23404][gc,start     ] GC(411) Pause Young (Concurrent Start) (G1 Humongous Allocation)
[2020-09-24T04:22:49.326+0000][23404][gc,task      ] GC(411) Using 8 workers of 8 for evacuation
[2020-09-24T04:22:49.326+0000][23404][gc,age       ] GC(411) Desired survivor size 33030144 bytes, new threshold 15 (max threshold 15)
[2020-09-24T04:22:49.331+0000][23404][gc,age       ] GC(411) Age table with threshold 15 (max threshold 15)
[2020-09-24T04:22:49.331+0000][23404][gc,age       ] GC(411) - age   1:    3061064 bytes,    3061064 total
[2020-09-24T04:22:49.331+0000][23404][gc,age       ] GC(411) - age   2:       2712 bytes,    3063776 total
[2020-09-24T04:22:49.331+0000][23404][gc,age       ] GC(411) - age   3:       2232 bytes,    3066008 total
[2020-09-24T04:22:49.332+0000][23404][gc,age       ] GC(411) - age   4:       3552 bytes,    3069560 total
[2020-09-24T04:22:49.332+0000][23404][gc,age       ] GC(411) - age   5:       3048 bytes,    3072608 total
[2020-09-24T04:22:49.332+0000][23404][gc,age       ] GC(411) - age   6:      10232 bytes,    3082840 total
[2020-09-24T04:22:49.332+0000][23404][gc,age       ] GC(411) - age   7:      45504 bytes,    3128344 total
[2020-09-24T04:22:49.332+0000][23404][gc,age       ] GC(411) - age   8:     123376 bytes,    3251720 total
[2020-09-24T04:22:49.332+0000][23404][gc,age       ] GC(411) - age   9:     131824 bytes,    3383544 total
[2020-09-24T04:22:49.332+0000][23404][gc,age       ] GC(411) - age  10:     155352 bytes,    3538896 total
[2020-09-24T04:22:49.332+0000][23404][gc,age       ] GC(411) - age  11:     208824 bytes,    3747720 total
[2020-09-24T04:22:49.332+0000][23404][gc,age       ] GC(411) - age  12:    2455672 bytes,    6203392 total
[2020-09-24T04:22:49.332+0000][23404][gc,age       ] GC(411) - age  13:     291960 bytes,    6495352 total
[2020-09-24T04:22:49.332+0000][23404][gc,age       ] GC(411) - age  14:       3704 bytes,    6499056 total
[2020-09-24T04:22:49.332+0000][23404][gc,age       ] GC(411) - age  15:        968 bytes,    6500024 total
[2020-09-24T04:22:49.332+0000][23404][gc,phases    ] GC(411)   Pre Evacuate Collection Set: 0.4ms
[2020-09-24T04:22:49.332+0000][23404][gc,phases    ] GC(411)   Merge Heap Roots: 0.1ms
[2020-09-24T04:22:49.332+0000][23404][gc,phases    ] GC(411)   Evacuate Collection Set: 3.4ms
[2020-09-24T04:22:49.332+0000][23404][gc,phases    ] GC(411)   Post Evacuate Collection Set: 1.0ms
[2020-09-24T04:22:49.332+0000][23404][gc,phases    ] GC(411)   Other: 0.9ms
[2020-09-24T04:22:49.332+0000][23404][gc,heap      ] GC(411) Eden regions: 59->0(498)
[2020-09-24T04:22:49.332+0000][23404][gc,heap      ] GC(411) Survivor regions: 10->7(63)
[2020-09-24T04:22:49.332+0000][23404][gc,heap      ] GC(411) Old regions: 80->80
[2020-09-24T04:22:49.332+0000][23404][gc,heap      ] GC(411) Archive regions: 0->0
[2020-09-24T04:22:49.332+0000][23404][gc,heap      ] GC(411) Humongous regions: 274->174
[2020-09-24T04:22:49.332+0000][23404][gc,metaspace ] GC(411) Metaspace: 89865K(96000K)->89865K(96000K) NonClass: 78549K(82176K)->78549K(82176K) Class: 11316K(13824K)->11316K(13824K)
[2020-09-24T04:22:49.332+0000][23404][gc           ] GC(411) Pause Young (Concurrent Start) (G1 Humongous Allocation) 421M->260M(1024M) 5.984ms
[2020-09-24T04:22:49.332+0000][23404][gc,cpu       ] GC(411) User=0.00s Sys=0.00s Real=0.01s
[2020-09-24T04:22:49.332+0000][23404][safepoint    ] Safepoint "G1TryInitiateConcMark", Time since last: 27772800 ns, Reaching safepoint: 140300 ns, At safepoint: 6119900 ns, Total: 6260200 ns
[2020-09-24T04:22:49.332+0000][23404][gc           ] GC(412) Concurrent Cycle
[2020-09-24T04:22:49.332+0000][23404][gc,marking   ] GC(412) Concurrent Clear Claimed Marks
[2020-09-24T04:22:49.333+0000][23404][gc,marking   ] GC(412) Concurrent Clear Claimed Marks 0.509ms
[2020-09-24T04:22:49.333+0000][23404][gc,marking   ] GC(412) Concurrent Scan Root Regions
[2020-09-24T04:22:49.337+0000][23404][gc,marking   ] GC(412) Concurrent Scan Root Regions 3.876ms
[2020-09-24T04:22:49.337+0000][23404][gc,marking   ] GC(412) Concurrent Mark (2841.712s)
[2020-09-24T04:22:49.337+0000][23404][gc,marking   ] GC(412) Concurrent Mark From Roots
[2020-09-24T04:22:49.337+0000][23404][gc,task      ] GC(412) Using 2 workers of 2 for marking
[2020-09-24T04:22:49.413+0000][23404][gc,marking   ] GC(412) Concurrent Mark From Roots 76.371ms
[2020-09-24T04:22:49.413+0000][23404][gc,marking   ] GC(412) Concurrent Preclean
[2020-09-24T04:22:49.414+0000][23404][gc,marking   ] GC(412) Concurrent Preclean 0.303ms
[2020-09-24T04:22:49.414+0000][23404][gc,marking   ] GC(412) Concurrent Mark (2841.712s, 2841.789s) 76.822ms
[2020-09-24T04:22:49.414+0000][23404][gc,start     ] GC(412) Pause Remark
[2020-09-24T04:22:49.420+0000][23404][gc           ] GC(412) Pause Remark 402M->402M(1024M) 5.755ms
[2020-09-24T04:22:49.420+0000][23404][gc,cpu       ] GC(412) User=0.00s Sys=0.00s Real=0.01s
[2020-09-24T04:22:49.420+0000][23404][safepoint    ] Safepoint "G1Concurrent", Time since last: 81524000 ns, Reaching safepoint: 122400 ns, At safepoint: 5941400 ns, Total: 6063800 ns
[2020-09-24T04:22:49.420+0000][23404][gc,marking   ] GC(412) Concurrent Rebuild Remembered Sets
[2020-09-24T04:22:49.465+0000][23404][gc,marking   ] GC(412) Concurrent Rebuild Remembered Sets 44.552ms
[2020-09-24T04:22:49.465+0000][23404][gc,start     ] GC(412) Pause Cleanup
[2020-09-24T04:22:49.465+0000][23404][gc           ] GC(412) Pause Cleanup 402M->402M(1024M) 0.244ms
[2020-09-24T04:22:49.465+0000][23404][gc,cpu       ] GC(412) User=0.00s Sys=0.00s Real=0.00s
[2020-09-24T04:22:49.465+0000][23404][safepoint    ] Safepoint "G1Concurrent", Time since last: 44729300 ns, Reaching safepoint: 96900 ns, At safepoint: 347400 ns, Total: 444300 ns
[2020-09-24T04:22:49.465+0000][23404][gc,marking   ] GC(412) Concurrent Cleanup for Next Mark
[2020-09-24T04:22:49.466+0000][23404][gc,marking   ] GC(412) Concurrent Cleanup for Next Mark 1.078ms
[2020-09-24T04:22:49.466+0000][23404][gc           ] GC(412) Concurrent Cycle 133.923ms
[2020-09-24T04:22:49.510+0000][23404][safepoint    ] Safepoint "BulkRevokeBias", Time since last: 44256000 ns, Reaching safepoint: 134300 ns, At safepoint: 923800 ns, Total: 1058100 ns
[2020-09-24T04:22:49.588+0000][23404][gc,start     ] GC(413) Pause Young (Concurrent Start) (G1 Humongous Allocation)
[2020-09-24T04:22:49.588+0000][23404][gc,task      ] GC(413) Using 8 workers of 8 for evacuation
[2020-09-24T04:22:49.588+0000][23404][gc,age       ] GC(413) Desired survivor size 33554432 bytes, new threshold 15 (max threshold 15)
[2020-09-24T04:22:49.593+0000][23404][gc,age       ] GC(413) Age table with threshold 15 (max threshold 15)
[2020-09-24T04:22:49.593+0000][23404][gc,age       ] GC(413) - age   1:    2789880 bytes,    2789880 total
[2020-09-24T04:22:49.593+0000][23404][gc,age       ] GC(413) - age   2:     288880 bytes,    3078760 total
[2020-09-24T04:22:49.593+0000][23404][gc,age       ] GC(413) - age   3:       2680 bytes,    3081440 total
[2020-09-24T04:22:49.593+0000][23404][gc,age       ] GC(413) - age   4:       1944 bytes,    3083384 total
[2020-09-24T04:22:49.593+0000][23404][gc,age       ] GC(413) - age   5:       3456 bytes,    3086840 total
[2020-09-24T04:22:49.593+0000][23404][gc,age       ] GC(413) - age   6:       2672 bytes,    3089512 total
[2020-09-24T04:22:49.593+0000][23404][gc,age       ] GC(413) - age   7:      10232 bytes,    3099744 total
[2020-09-24T04:22:49.593+0000][23404][gc,age       ] GC(413) - age   8:      45504 bytes,    3145248 total
[2020-09-24T04:22:49.593+0000][23404][gc,age       ] GC(413) - age   9:     123312 bytes,    3268560 total
[2020-09-24T04:22:49.593+0000][23404][gc,age       ] GC(413) - age  10:     131624 bytes,    3400184 total
[2020-09-24T04:22:49.593+0000][23404][gc,age       ] GC(413) - age  11:     155352 bytes,    3555536 total
[2020-09-24T04:22:49.593+0000][23404][gc,age       ] GC(413) - age  12:     208672 bytes,    3764208 total
[2020-09-24T04:22:49.593+0000][23404][gc,age       ] GC(413) - age  13:    2455632 bytes,    6219840 total
[2020-09-24T04:22:49.594+0000][23404][gc,age       ] GC(413) - age  14:     291960 bytes,    6511800 total
[2020-09-24T04:22:49.594+0000][23404][gc,age       ] GC(413) - age  15:       3704 bytes,    6515504 total
[2020-09-24T04:22:49.594+0000][23404][gc,phases    ] GC(413)   Pre Evacuate Collection Set: 0.4ms
[2020-09-24T04:22:49.594+0000][23404][gc,phases    ] GC(413)   Merge Heap Roots: 0.1ms
[2020-09-24T04:22:49.594+0000][23404][gc,phases    ] GC(413)   Evacuate Collection Set: 3.2ms
[2020-09-24T04:22:49.594+0000][23404][gc,phases    ] GC(413)   Post Evacuate Collection Set: 0.8ms
[2020-09-24T04:22:49.594+0000][23404][gc,phases    ] GC(413)   Other: 0.9ms
[2020-09-24T04:22:49.594+0000][23404][gc,heap      ] GC(413) Eden regions: 45->0(499)
[2020-09-24T04:22:49.594+0000][23404][gc,heap      ] GC(413) Survivor regions: 7->7(64)
[2020-09-24T04:22:49.594+0000][23404][gc,heap      ] GC(413) Old regions: 80->80
[2020-09-24T04:22:49.594+0000][23404][gc,heap      ] GC(413) Archive regions: 0->0
[2020-09-24T04:22:49.594+0000][23404][gc,heap      ] GC(413) Humongous regions: 282->174
[2020-09-24T04:22:49.594+0000][23404][gc,metaspace ] GC(413) Metaspace: 89875K(96000K)->89875K(96000K) NonClass: 78558K(82176K)->78558K(82176K) Class: 11316K(13824K)->11316K(13824K)
[2020-09-24T04:22:49.594+0000][23404][gc           ] GC(413) Pause Young (Concurrent Start) (G1 Humongous Allocation) 413M->260M(1024M) 5.701ms
[2020-09-24T04:22:49.594+0000][23404][gc,cpu       ] GC(413) User=0.00s Sys=0.00s Real=0.01s
[2020-09-24T04:22:49.594+0000][23404][gc           ] GC(414) Concurrent Cycle
[2020-09-24T04:22:49.594+0000][23404][safepoint    ] Safepoint "G1TryInitiateConcMark", Time since last: 77548500 ns, Reaching safepoint: 179000 ns, At safepoint: 5903400 ns, Total: 6082400 ns
[2020-09-24T04:22:49.594+0000][23404][gc,marking   ] GC(414) Concurrent Clear Claimed Marks
[2020-09-24T04:22:49.595+0000][23404][gc,marking   ] GC(414) Concurrent Clear Claimed Marks 0.712ms
[2020-09-24T04:22:49.595+0000][23404][gc,marking   ] GC(414) Concurrent Scan Root Regions
[2020-09-24T04:22:49.600+0000][23404][gc,marking   ] GC(414) Concurrent Scan Root Regions 5.288ms
[2020-09-24T04:22:49.600+0000][23404][gc,marking   ] GC(414) Concurrent Mark (2841.975s)
[2020-09-24T04:22:49.600+0000][23404][gc,marking   ] GC(414) Concurrent Mark From Roots
[2020-09-24T04:22:49.600+0000][23404][gc,task      ] GC(414) Using 2 workers of 2 for marking
[2020-09-24T04:22:49.729+0000][23404][gc,marking   ] GC(414) Concurrent Mark From Roots 128.545ms
[2020-09-24T04:22:49.729+0000][23404][gc,marking   ] GC(414) Concurrent Preclean
[2020-09-24T04:22:49.730+0000][23404][gc,marking   ] GC(414) Concurrent Preclean 0.763ms
[2020-09-24T04:22:49.730+0000][23404][gc,marking   ] GC(414) Concurrent Mark (2841.975s, 2842.105s) 129.528ms
[2020-09-24T04:22:49.730+0000][23404][gc,start     ] GC(414) Pause Remark
[2020-09-24T04:22:49.736+0000][23404][gc           ] GC(414) Pause Remark 603M->603M(1024M) 6.076ms
[2020-09-24T04:22:49.736+0000][23404][gc,cpu       ] GC(414) User=0.00s Sys=0.00s Real=0.01s
[2020-09-24T04:22:49.736+0000][23404][safepoint    ] Safepoint "G1Concurrent", Time since last: 135873100 ns, Reaching safepoint: 132700 ns, At safepoint: 6304800 ns, Total: 6437500 ns
[2020-09-24T04:22:49.736+0000][23404][gc,marking   ] GC(414) Concurrent Rebuild Remembered Sets
[2020-09-24T04:22:49.807+0000][23404][gc,marking   ] GC(414) Concurrent Rebuild Remembered Sets 70.493ms
[2020-09-24T04:22:49.807+0000][23404][gc,start     ] GC(414) Pause Cleanup
[2020-09-24T04:22:49.808+0000][23404][gc           ] GC(414) Pause Cleanup 606M->606M(1024M) 0.416ms
[2020-09-24T04:22:49.808+0000][23404][gc,cpu       ] GC(414) User=0.00s Sys=0.00s Real=0.00s
[2020-09-24T04:22:49.808+0000][23404][safepoint    ] Safepoint "G1Concurrent", Time since last: 70683000 ns, Reaching safepoint: 140500 ns, At safepoint: 557200 ns, Total: 697700 ns
[2020-09-24T04:22:49.808+0000][23404][gc,marking   ] GC(414) Concurrent Cleanup for Next Mark
[2020-09-24T04:22:49.810+0000][23404][gc,marking   ] GC(414) Concurrent Cleanup for Next Mark 2.101ms
[2020-09-24T04:22:49.810+0000][23404][gc           ] GC(414) Concurrent Cycle 216.028ms
[2020-09-24T04:22:49.883+0000][23404][gc,start     ] GC(415) Pause Young (Concurrent Start) (G1 Humongous Allocation)
[2020-09-24T04:22:49.883+0000][23404][gc,task      ] GC(415) Using 8 workers of 8 for evacuation
[2020-09-24T04:22:49.883+0000][23404][gc,age       ] GC(415) Desired survivor size 33554432 bytes, new threshold 15 (max threshold 15)
[2020-09-24T04:22:49.890+0000][23404][gc,age       ] GC(415) Age table with threshold 15 (max threshold 15)
[2020-09-24T04:22:49.890+0000][23404][gc,age       ] GC(415) - age   1:   11053392 bytes,   11053392 total
[2020-09-24T04:22:49.890+0000][23404][gc,age       ] GC(415) - age   2:      42104 bytes,   11095496 total
[2020-09-24T04:22:49.890+0000][23404][gc,age       ] GC(415) - age   3:     278096 bytes,   11373592 total
[2020-09-24T04:22:49.890+0000][23404][gc,age       ] GC(415) - age   4:       2328 bytes,   11375920 total
[2020-09-24T04:22:49.890+0000][23404][gc,age       ] GC(415) - age   5:       1944 bytes,   11377864 total
[2020-09-24T04:22:49.890+0000][23404][gc,age       ] GC(415) - age   6:       2616 bytes,   11380480 total
[2020-09-24T04:22:49.890+0000][23404][gc,age       ] GC(415) - age   7:       2216 bytes,   11382696 total
[2020-09-24T04:22:49.890+0000][23404][gc,age       ] GC(415) - age   8:      10080 bytes,   11392776 total
[2020-09-24T04:22:49.891+0000][23404][gc,age       ] GC(415) - age   9:      45352 bytes,   11438128 total
[2020-09-24T04:22:49.891+0000][23404][gc,age       ] GC(415) - age  10:     123040 bytes,   11561168 total
[2020-09-24T04:22:49.891+0000][23404][gc,age       ] GC(415) - age  11:     131496 bytes,   11692664 total
[2020-09-24T04:22:49.891+0000][23404][gc,age       ] GC(415) - age  12:     155352 bytes,   11848016 total
[2020-09-24T04:22:49.891+0000][23404][gc,age       ] GC(415) - age  13:     208488 bytes,   12056504 total
[2020-09-24T04:22:49.891+0000][23404][gc,age       ] GC(415) - age  14:    2454096 bytes,   14510600 total
[2020-09-24T04:22:49.891+0000][23404][gc,age       ] GC(415) - age  15:     291960 bytes,   14802560 total
[2020-09-24T04:22:49.891+0000][23404][gc,phases    ] GC(415)   Pre Evacuate Collection Set: 0.5ms
[2020-09-24T04:22:49.891+0000][23404][gc,phases    ] GC(415)   Merge Heap Roots: 0.1ms
[2020-09-24T04:22:49.891+0000][23404][gc,phases    ] GC(415)   Evacuate Collection Set: 4.9ms
[2020-09-24T04:22:49.891+0000][23404][gc,phases    ] GC(415)   Post Evacuate Collection Set: 1.4ms
[2020-09-24T04:22:49.891+0000][23404][gc,phases    ] GC(415)   Other: 1.0ms
[2020-09-24T04:22:49.891+0000][23404][gc,heap      ] GC(415) Eden regions: 109->0(446)
[2020-09-24T04:22:49.891+0000][23404][gc,heap      ] GC(415) Survivor regions: 7->16(64)
[2020-09-24T04:22:49.891+0000][23404][gc,heap      ] GC(415) Old regions: 80->80
[2020-09-24T04:22:49.891+0000][23404][gc,heap      ] GC(415) Archive regions: 0->0
[2020-09-24T04:22:49.891+0000][23404][gc,heap      ] GC(415) Humongous regions: 430->174
[2020-09-24T04:22:49.891+0000][23404][gc,metaspace ] GC(415) Metaspace: 89875K(96000K)->89875K(96000K) NonClass: 78558K(82176K)->78558K(82176K) Class: 11316K(13824K)->11316K(13824K)
[2020-09-24T04:22:49.891+0000][23404][gc           ] GC(415) Pause Young (Concurrent Start) (G1 Humongous Allocation) 625M->268M(1024M) 8.230ms
[2020-09-24T04:22:49.891+0000][23404][gc,cpu       ] GC(415) User=0.00s Sys=0.00s Real=0.01s
[2020-09-24T04:22:49.891+0000][23404][gc           ] GC(416) Concurrent Cycle
[2020-09-24T04:22:49.891+0000][23404][gc,marking   ] GC(416) Concurrent Clear Claimed Marks
[2020-09-24T04:22:49.891+0000][23404][safepoint    ] Safepoint "G1TryInitiateConcMark", Time since last: 74860600 ns, Reaching safepoint: 339300 ns, At safepoint: 8575700 ns, Total: 8915000 ns
[2020-09-24T04:22:49.892+0000][23404][gc,marking   ] GC(416) Concurrent Clear Claimed Marks 0.379ms
[2020-09-24T04:22:49.892+0000][23404][gc,marking   ] GC(416) Concurrent Scan Root Regions
[2020-09-24T04:22:49.897+0000][23404][gc,marking   ] GC(416) Concurrent Scan Root Regions 5.627ms
[2020-09-24T04:22:49.898+0000][23404][gc,marking   ] GC(416) Concurrent Mark (2842.272s)
[2020-09-24T04:22:49.898+0000][23404][gc,marking   ] GC(416) Concurrent Mark From Roots
[2020-09-24T04:22:49.898+0000][23404][gc,task      ] GC(416) Using 2 workers of 2 for marking
[2020-09-24T04:22:50.055+0000][23404][gc,marking   ] GC(416) Concurrent Mark From Roots 157.271ms
[2020-09-24T04:22:50.055+0000][23404][gc,marking   ] GC(416) Concurrent Preclean
[2020-09-24T04:22:50.056+0000][23404][gc,marking   ] GC(416) Concurrent Preclean 0.577ms
[2020-09-24T04:22:50.056+0000][23404][gc,marking   ] GC(416) Concurrent Mark (2842.272s, 2842.430s) 158.060ms
[2020-09-24T04:22:50.056+0000][23404][gc,start     ] GC(416) Pause Remark
[2020-09-24T04:22:50.063+0000][23404][gc           ] GC(416) Pause Remark 592M->592M(1024M) 7.395ms
[2020-09-24T04:22:50.063+0000][23404][gc,cpu       ] GC(416) User=0.00s Sys=0.00s Real=0.01s
[2020-09-24T04:22:50.064+0000][23404][safepoint    ] Safepoint "G1Concurrent", Time since last: 164211500 ns, Reaching safepoint: 162200 ns, At safepoint: 8374700 ns, Total: 8536900 ns
[2020-09-24T04:22:50.064+0000][23404][gc,marking   ] GC(416) Concurrent Rebuild Remembered Sets
[2020-09-24T04:22:50.150+0000][23404][gc,marking   ] GC(416) Concurrent Rebuild Remembered Sets 86.100ms
[2020-09-24T04:22:50.151+0000][23404][gc,start     ] GC(416) Pause Cleanup
[2020-09-24T04:22:50.151+0000][23404][gc           ] GC(416) Pause Cleanup 599M->599M(1024M) 0.353ms
[2020-09-24T04:22:50.151+0000][23404][gc,cpu       ] GC(416) User=0.00s Sys=0.00s Real=0.00s
[2020-09-24T04:22:50.151+0000][23404][safepoint    ] Safepoint "G1Concurrent", Time since last: 86399700 ns, Reaching safepoint: 192600 ns, At safepoint: 579300 ns, Total: 771900 ns
[2020-09-24T04:22:50.151+0000][23404][gc,marking   ] GC(416) Concurrent Cleanup for Next Mark
[2020-09-24T04:22:50.154+0000][23404][gc,marking   ] GC(416) Concurrent Cleanup for Next Mark 2.165ms
[2020-09-24T04:22:50.154+0000][23404][gc           ] GC(416) Concurrent Cycle 262.519ms
[2020-09-24T04:22:50.164+0000][23404][gc,start     ] GC(417) Pause Young (Concurrent Start) (G1 Humongous Allocation)
[2020-09-24T04:22:50.164+0000][23404][gc,task      ] GC(417) Using 8 workers of 8 for evacuation
[2020-09-24T04:22:50.164+0000][23404][gc,age       ] GC(417) Desired survivor size 30408704 bytes, new threshold 15 (max threshold 15)
[2020-09-24T04:22:50.170+0000][23404][gc,age       ] GC(417) Age table with threshold 15 (max threshold 15)
[2020-09-24T04:22:50.171+0000][23404][gc,age       ] GC(417) - age   1:    3897768 bytes,    3897768 total
[2020-09-24T04:22:50.171+0000][23404][gc,age       ] GC(417) - age   2:      95064 bytes,    3992832 total
[2020-09-24T04:22:50.171+0000][23404][gc,age       ] GC(417) - age   3:      41912 bytes,    4034744 total
[2020-09-24T04:22:50.171+0000][23404][gc,age       ] GC(417) - age   4:     277904 bytes,    4312648 total
[2020-09-24T04:22:50.171+0000][23404][gc,age       ] GC(417) - age   5:       2168 bytes,    4314816 total
[2020-09-24T04:22:50.171+0000][23404][gc,age       ] GC(417) - age   6:       1944 bytes,    4316760 total
[2020-09-24T04:22:50.171+0000][23404][gc,age       ] GC(417) - age   7:       2328 bytes,    4319088 total
[2020-09-24T04:22:50.171+0000][23404][gc,age       ] GC(417) - age   8:       2216 bytes,    4321304 total
[2020-09-24T04:22:50.171+0000][23404][gc,age       ] GC(417) - age   9:      10080 bytes,    4331384 total
[2020-09-24T04:22:50.171+0000][23404][gc,age       ] GC(417) - age  10:      45352 bytes,    4376736 total
[2020-09-24T04:22:50.171+0000][23404][gc,age       ] GC(417) - age  11:     122976 bytes,    4499712 total
[2020-09-24T04:22:50.171+0000][23404][gc,age       ] GC(417) - age  12:     131464 bytes,    4631176 total
[2020-09-24T04:22:50.171+0000][23404][gc,age       ] GC(417) - age  13:     155352 bytes,    4786528 total
[2020-09-24T04:22:50.171+0000][23404][gc,age       ] GC(417) - age  14:     208488 bytes,    4995016 total
[2020-09-24T04:22:50.171+0000][23404][gc,age       ] GC(417) - age  15:    2452848 bytes,    7447864 total
[2020-09-24T04:22:50.171+0000][23404][gc,phases    ] GC(417)   Pre Evacuate Collection Set: 0.5ms
[2020-09-24T04:22:50.171+0000][23404][gc,phases    ] GC(417)   Merge Heap Roots: 0.1ms
[2020-09-24T04:22:50.171+0000][23404][gc,phases    ] GC(417)   Evacuate Collection Set: 4.7ms
[2020-09-24T04:22:50.171+0000][23404][gc,phases    ] GC(417)   Post Evacuate Collection Set: 1.1ms
[2020-09-24T04:22:50.171+0000][23404][gc,phases    ] GC(417)   Other: 1.4ms
[2020-09-24T04:22:50.172+0000][23404][gc,heap      ] GC(417) Eden regions: 80->0(461)
[2020-09-24T04:22:50.172+0000][23404][gc,heap      ] GC(417) Survivor regions: 16->8(58)
[2020-09-24T04:22:50.172+0000][23404][gc,heap      ] GC(417) Old regions: 80->81
[2020-09-24T04:22:50.172+0000][23404][gc,heap      ] GC(417) Archive regions: 0->0
[2020-09-24T04:22:50.172+0000][23404][gc,heap      ] GC(417) Humongous regions: 430->174
[2020-09-24T04:22:50.172+0000][23404][gc,metaspace ] GC(417) Metaspace: 89875K(96000K)->89875K(96000K) NonClass: 78558K(82176K)->78558K(82176K) Class: 11316K(13824K)->11316K(13824K)
[2020-09-24T04:22:50.172+0000][23404][gc           ] GC(417) Pause Young (Concurrent Start) (G1 Humongous Allocation) 604M->262M(1024M) 8.297ms
[2020-09-24T04:22:50.172+0000][23404][gc,cpu       ] GC(417) User=0.00s Sys=0.00s Real=0.01s
[2020-09-24T04:22:50.172+0000][23404][gc           ] GC(418) Concurrent Cycle
[2020-09-24T04:22:50.172+0000][23404][safepoint    ] Safepoint "G1TryInitiateConcMark", Time since last: 11819500 ns, Reaching safepoint: 217200 ns, At safepoint: 8539700 ns, Total: 8756900 ns
[2020-09-24T04:22:50.172+0000][23404][gc,marking   ] GC(418) Concurrent Clear Claimed Marks
[2020-09-24T04:22:50.173+0000][23404][gc,marking   ] GC(418) Concurrent Clear Claimed Marks 0.815ms
[2020-09-24T04:22:50.173+0000][23404][gc,marking   ] GC(418) Concurrent Scan Root Regions
[2020-09-24T04:22:50.179+0000][23404][gc,marking   ] GC(418) Concurrent Scan Root Regions 5.587ms
[2020-09-24T04:22:50.179+0000][23404][gc,marking   ] GC(418) Concurrent Mark (2842.553s)
[2020-09-24T04:22:50.179+0000][23404][gc,marking   ] GC(418) Concurrent Mark From Roots
[2020-09-24T04:22:50.179+0000][23404][gc,task      ] GC(418) Using 2 workers of 2 for marking
[2020-09-24T04:22:50.327+0000][23404][gc,marking   ] GC(418) Concurrent Mark From Roots 148.242ms
[2020-09-24T04:22:50.327+0000][23404][gc,marking   ] GC(418) Concurrent Preclean
[2020-09-24T04:22:50.328+0000][23404][gc,marking   ] GC(418) Concurrent Preclean 0.561ms
[2020-09-24T04:22:50.328+0000][23404][gc,marking   ] GC(418) Concurrent Mark (2842.553s, 2842.702s) 149.005ms
[2020-09-24T04:22:50.328+0000][23404][gc,start     ] GC(418) Pause Remark
[2020-09-24T04:22:50.336+0000][23404][gc           ] GC(418) Pause Remark 405M->405M(1024M) 7.591ms
[2020-09-24T04:22:50.336+0000][23404][gc,cpu       ] GC(418) User=0.13s Sys=0.00s Real=0.01s
[2020-09-24T04:22:50.336+0000][23404][safepoint    ] Safepoint "G1Concurrent", Time since last: 155775600 ns, Reaching safepoint: 176800 ns, At safepoint: 7863000 ns, Total: 8039800 ns
[2020-09-24T04:22:50.336+0000][23404][gc,marking   ] GC(418) Concurrent Rebuild Remembered Sets
[2020-09-24T04:22:50.422+0000][23404][gc,marking   ] GC(418) Concurrent Rebuild Remembered Sets 86.199ms
[2020-09-24T04:22:50.422+0000][23404][gc,start     ] GC(418) Pause Cleanup
[2020-09-24T04:22:50.423+0000][23404][gc           ] GC(418) Pause Cleanup 533M->533M(1024M) 0.396ms
[2020-09-24T04:22:50.423+0000][23404][gc,cpu       ] GC(418) User=0.00s Sys=0.00s Real=0.00s
[2020-09-24T04:22:50.423+0000][23404][safepoint    ] Safepoint "G1Concurrent", Time since last: 86398900 ns, Reaching safepoint: 204700 ns, At safepoint: 600100 ns, Total: 804800 ns
[2020-09-24T04:22:50.423+0000][23404][gc,marking   ] GC(418) Concurrent Cleanup for Next Mark
[2020-09-24T04:22:50.425+0000][23404][gc,marking   ] GC(418) Concurrent Cleanup for Next Mark 1.999ms
[2020-09-24T04:22:50.425+0000][23404][gc           ] GC(418) Concurrent Cycle 253.291ms
[2020-09-24T04:22:50.476+0000][23404][gc,start     ] GC(419) Pause Young (Concurrent Start) (G1 Humongous Allocation)
[2020-09-24T04:22:50.476+0000][23404][gc,task      ] GC(419) Using 8 workers of 8 for evacuation
[2020-09-24T04:22:50.476+0000][23404][gc,age       ] GC(419) Desired survivor size 30932992 bytes, new threshold 15 (max threshold 15)
[2020-09-24T04:22:50.483+0000][23404][gc,age       ] GC(419) Age table with threshold 15 (max threshold 15)
[2020-09-24T04:22:50.483+0000][23404][gc,age       ] GC(419) - age   1:    3664304 bytes,    3664304 total
[2020-09-24T04:22:50.483+0000][23404][gc,age       ] GC(419) - age   2:     201880 bytes,    3866184 total
[2020-09-24T04:22:50.484+0000][23404][gc,age       ] GC(419) - age   3:      90416 bytes,    3956600 total
[2020-09-24T04:22:50.484+0000][23404][gc,age       ] GC(419) - age   4:      41848 bytes,    3998448 total
[2020-09-24T04:22:50.484+0000][23404][gc,age       ] GC(419) - age   5:     277576 bytes,    4276024 total
[2020-09-24T04:22:50.484+0000][23404][gc,age       ] GC(419) - age   6:       1944 bytes,    4277968 total
[2020-09-24T04:22:50.484+0000][23404][gc,age       ] GC(419) - age   7:       1752 bytes,    4279720 total
[2020-09-24T04:22:50.484+0000][23404][gc,age       ] GC(419) - age   8:       2104 bytes,    4281824 total
[2020-09-24T04:22:50.484+0000][23404][gc,age       ] GC(419) - age   9:       2120 bytes,    4283944 total
[2020-09-24T04:22:50.484+0000][23404][gc,age       ] GC(419) - age  10:      10016 bytes,    4293960 total
[2020-09-24T04:22:50.484+0000][23404][gc,age       ] GC(419) - age  11:      45328 bytes,    4339288 total
[2020-09-24T04:22:50.484+0000][23404][gc,age       ] GC(419) - age  12:     122976 bytes,    4462264 total
[2020-09-24T04:22:50.484+0000][23404][gc,age       ] GC(419) - age  13:     131464 bytes,    4593728 total
[2020-09-24T04:22:50.484+0000][23404][gc,age       ] GC(419) - age  14:     155352 bytes,    4749080 total
[2020-09-24T04:22:50.484+0000][23404][gc,age       ] GC(419) - age  15:     208488 bytes,    4957568 total
[2020-09-24T04:22:50.484+0000][23404][gc,phases    ] GC(419)   Pre Evacuate Collection Set: 0.5ms
[2020-09-24T04:22:50.484+0000][23404][gc,phases    ] GC(419)   Merge Heap Roots: 0.1ms
[2020-09-24T04:22:50.484+0000][23404][gc,phases    ] GC(419)   Evacuate Collection Set: 4.8ms
[2020-09-24T04:22:50.484+0000][23404][gc,phases    ] GC(419)   Post Evacuate Collection Set: 1.2ms
[2020-09-24T04:22:50.484+0000][23404][gc,phases    ] GC(419)   Other: 1.2ms
[2020-09-24T04:22:50.484+0000][23404][gc,heap      ] GC(419) Eden regions: 78->0(468)
[2020-09-24T04:22:50.484+0000][23404][gc,heap      ] GC(419) Survivor regions: 8->6(59)
[2020-09-24T04:22:50.484+0000][23404][gc,heap      ] GC(419) Old regions: 81->83
[2020-09-24T04:22:50.484+0000][23404][gc,heap      ] GC(419) Archive regions: 0->0
[2020-09-24T04:22:50.484+0000][23404][gc,heap      ] GC(419) Humongous regions: 382->174
[2020-09-24T04:22:50.484+0000][23404][gc,metaspace ] GC(419) Metaspace: 89875K(96000K)->89875K(96000K) NonClass: 78558K(82176K)->78558K(82176K) Class: 11316K(13824K)->11316K(13824K)
[2020-09-24T04:22:50.485+0000][23404][gc           ] GC(419) Pause Young (Concurrent Start) (G1 Humongous Allocation) 547M->261M(1024M) 8.271ms
[2020-09-24T04:22:50.485+0000][23404][gc,cpu       ] GC(419) User=0.00s Sys=0.00s Real=0.01s
[2020-09-24T04:22:50.485+0000][23404][gc           ] GC(420) Concurrent Cycle
[2020-09-24T04:22:50.485+0000][23404][safepoint    ] Safepoint "G1TryInitiateConcMark", Time since last: 53065200 ns, Reaching safepoint: 144500 ns, At safepoint: 8479200 ns, Total: 8623700 ns
[2020-09-24T04:22:50.485+0000][23404][gc,marking   ] GC(420) Concurrent Clear Claimed Marks
[2020-09-24T04:22:50.486+0000][23404][gc,marking   ] GC(420) Concurrent Clear Claimed Marks 0.781ms
[2020-09-24T04:22:50.486+0000][23404][gc,marking   ] GC(420) Concurrent Scan Root Regions
[2020-09-24T04:22:50.491+0000][23404][gc,marking   ] GC(420) Concurrent Scan Root Regions 5.569ms
[2020-09-24T04:22:50.491+0000][23404][gc,marking   ] GC(420) Concurrent Mark (2842.866s)
[2020-09-24T04:22:50.491+0000][23404][gc,marking   ] GC(420) Concurrent Mark From Roots
[2020-09-24T04:22:50.491+0000][23404][gc,task      ] GC(420) Using 2 workers of 2 for marking
[2020-09-24T04:22:50.627+0000][23404][gc,marking   ] GC(420) Concurrent Mark From Roots 135.806ms
[2020-09-24T04:22:50.627+0000][23404][gc,marking   ] GC(420) Concurrent Preclean
[2020-09-24T04:22:50.628+0000][23404][gc,marking   ] GC(420) Concurrent Preclean 0.337ms
[2020-09-24T04:22:50.628+0000][23404][gc,marking   ] GC(420) Concurrent Mark (2842.866s, 2843.002s) 136.302ms
[2020-09-24T04:22:50.628+0000][23404][gc,start     ] GC(420) Pause Remark
[2020-09-24T04:22:50.641+0000][23404][gc           ] GC(420) Pause Remark 394M->394M(1024M) 12.913ms
[2020-09-24T04:22:50.641+0000][23404][gc,cpu       ] GC(420) User=0.11s Sys=0.00s Real=0.01s
[2020-09-24T04:22:50.641+0000][23404][safepoint    ] Safepoint "G1Concurrent", Time since last: 143020500 ns, Reaching safepoint: 169800 ns, At safepoint: 13154200 ns, Total: 13324000 ns
[2020-09-24T04:22:50.641+0000][23404][gc,marking   ] GC(420) Concurrent Rebuild Remembered Sets
[2020-09-24T04:22:50.671+0000][23404][safepoint    ] Safepoint "ICBufferFull", Time since last: 28390700 ns, Reaching safepoint: 1101500 ns, At safepoint: 43100 ns, Total: 1144600 ns
[2020-09-24T04:22:50.720+0000][23404][gc,marking   ] GC(420) Concurrent Rebuild Remembered Sets 78.777ms
[2020-09-24T04:22:50.720+0000][23404][gc,start     ] GC(420) Pause Cleanup
[2020-09-24T04:22:50.721+0000][23404][gc           ] GC(420) Pause Cleanup 467M->467M(1024M) 0.574ms
[2020-09-24T04:22:50.721+0000][23404][gc,cpu       ] GC(420) User=0.00s Sys=0.00s Real=0.00s
[2020-09-24T04:22:50.721+0000][23404][safepoint    ] Safepoint "G1Concurrent", Time since last: 49426500 ns, Reaching safepoint: 170400 ns, At safepoint: 704500 ns, Total: 874900 ns
[2020-09-24T04:22:50.721+0000][23404][gc,marking   ] GC(420) Concurrent Cleanup for Next Mark
[2020-09-24T04:22:50.722+0000][23404][gc,marking   ] GC(420) Concurrent Cleanup for Next Mark 1.317ms
[2020-09-24T04:22:50.722+0000][23404][gc           ] GC(420) Concurrent Cycle 237.683ms
[2020-09-24T04:22:50.852+0000][23404][gc,start     ] GC(421) Pause Young (Concurrent Start) (G1 Humongous Allocation)
[2020-09-24T04:22:50.852+0000][23404][gc,task      ] GC(421) Using 8 workers of 8 for evacuation
[2020-09-24T04:22:50.852+0000][23404][gc,age       ] GC(421) Desired survivor size 31457280 bytes, new threshold 15 (max threshold 15)
[2020-09-24T04:22:50.857+0000][23404][gc,age       ] GC(421) Age table with threshold 15 (max threshold 15)
[2020-09-24T04:22:50.857+0000][23404][gc,age       ] GC(421) - age   1:   13459784 bytes,   13459784 total
[2020-09-24T04:22:50.857+0000][23404][gc,age       ] GC(421) - age   2:      76256 bytes,   13536040 total
[2020-09-24T04:22:50.857+0000][23404][gc,age       ] GC(421) - age   3:       1696 bytes,   13537736 total
[2020-09-24T04:22:50.857+0000][23404][gc,age       ] GC(421) - age   4:      88296 bytes,   13626032 total
[2020-09-24T04:22:50.857+0000][23404][gc,age       ] GC(421) - age   5:      40960 bytes,   13666992 total
[2020-09-24T04:22:50.857+0000][23404][gc,age       ] GC(421) - age   6:     277264 bytes,   13944256 total
[2020-09-24T04:22:50.857+0000][23404][gc,age       ] GC(421) - age   7:       1848 bytes,   13946104 total
[2020-09-24T04:22:50.857+0000][23404][gc,age       ] GC(421) - age   8:       1752 bytes,   13947856 total
[2020-09-24T04:22:50.857+0000][23404][gc,age       ] GC(421) - age   9:       2040 bytes,   13949896 total
[2020-09-24T04:22:50.857+0000][23404][gc,age       ] GC(421) - age  10:       1928 bytes,   13951824 total
[2020-09-24T04:22:50.858+0000][23404][gc,age       ] GC(421) - age  11:      10016 bytes,   13961840 total
[2020-09-24T04:22:50.858+0000][23404][gc,age       ] GC(421) - age  12:      45264 bytes,   14007104 total
[2020-09-24T04:22:50.858+0000][23404][gc,age       ] GC(421) - age  13:     122944 bytes,   14130048 total
[2020-09-24T04:22:50.858+0000][23404][gc,age       ] GC(421) - age  14:     131368 bytes,   14261416 total
[2020-09-24T04:22:50.858+0000][23404][gc,age       ] GC(421) - age  15:     155352 bytes,   14416768 total
[2020-09-24T04:22:50.858+0000][23404][gc,phases    ] GC(421)   Pre Evacuate Collection Set: 0.4ms
[2020-09-24T04:22:50.858+0000][23404][gc,phases    ] GC(421)   Merge Heap Roots: 0.1ms
[2020-09-24T04:22:50.858+0000][23404][gc,phases    ] GC(421)   Evacuate Collection Set: 3.8ms
[2020-09-24T04:22:50.858+0000][23404][gc,phases    ] GC(421)   Post Evacuate Collection Set: 0.8ms
[2020-09-24T04:22:50.858+0000][23404][gc,phases    ] GC(421)   Other: 1.0ms
[2020-09-24T04:22:50.858+0000][23404][gc,heap      ] GC(421) Eden regions: 81->0(457)
[2020-09-24T04:22:50.858+0000][23404][gc,heap      ] GC(421) Survivor regions: 6->15(60)
[2020-09-24T04:22:50.858+0000][23404][gc,heap      ] GC(421) Old regions: 83->83
[2020-09-24T04:22:50.858+0000][23404][gc,heap      ] GC(421) Archive regions: 0->0
[2020-09-24T04:22:50.858+0000][23404][gc,heap      ] GC(421) Humongous regions: 322->174
[2020-09-24T04:22:50.858+0000][23404][gc,metaspace ] GC(421) Metaspace: 89864K(96000K)->89864K(96000K) NonClass: 78556K(82176K)->78556K(82176K) Class: 11307K(13824K)->11307K(13824K)
[2020-09-24T04:22:50.858+0000][23404][gc           ] GC(421) Pause Young (Concurrent Start) (G1 Humongous Allocation) 490M->270M(1024M) 6.542ms
[2020-09-24T04:22:50.858+0000][23404][gc,cpu       ] GC(421) User=0.00s Sys=0.00s Real=0.01s
[2020-09-24T04:22:50.858+0000][23404][safepoint    ] Safepoint "G1TryInitiateConcMark", Time since last: 130322200 ns, Reaching safepoint: 356300 ns, At safepoint: 6773300 ns, Total: 7129600 ns
[2020-09-24T04:22:50.858+0000][23404][gc           ] GC(422) Concurrent Cycle
[2020-09-24T04:22:50.858+0000][23404][gc,marking   ] GC(422) Concurrent Clear Claimed Marks
[2020-09-24T04:22:50.859+0000][23404][gc,marking   ] GC(422) Concurrent Clear Claimed Marks 0.596ms
[2020-09-24T04:22:50.859+0000][23404][gc,marking   ] GC(422) Concurrent Scan Root Regions
[2020-09-24T04:22:50.862+0000][23404][gc,marking   ] GC(422) Concurrent Scan Root Regions 3.121ms
[2020-09-24T04:22:50.862+0000][23404][gc,marking   ] GC(422) Concurrent Mark (2843.237s)
[2020-09-24T04:22:50.862+0000][23404][gc,marking   ] GC(422) Concurrent Mark From Roots
[2020-09-24T04:22:50.862+0000][23404][gc,task      ] GC(422) Using 2 workers of 2 for marking
[2020-09-24T04:22:50.982+0000][23404][gc,marking   ] GC(422) Concurrent Mark From Roots 119.050ms
[2020-09-24T04:22:50.982+0000][23404][gc,marking   ] GC(422) Concurrent Preclean
[2020-09-24T04:22:50.982+0000][23404][gc,marking   ] GC(422) Concurrent Preclean 0.387ms
[2020-09-24T04:22:50.982+0000][23404][gc,marking   ] GC(422) Concurrent Mark (2843.237s, 2843.357s) 119.617ms
[2020-09-24T04:22:50.982+0000][23404][gc,start     ] GC(422) Pause Remark
[2020-09-24T04:22:50.988+0000][23404][gc           ] GC(422) Pause Remark 664M->664M(1024M) 5.923ms
[2020-09-24T04:22:50.988+0000][23404][gc,cpu       ] GC(422) User=0.00s Sys=0.00s Real=0.01s
[2020-09-24T04:22:50.988+0000][23404][safepoint    ] Safepoint "G1Concurrent", Time since last: 123741100 ns, Reaching safepoint: 145800 ns, At safepoint: 6099800 ns, Total: 6245600 ns
[2020-09-24T04:22:50.988+0000][23404][gc,marking   ] GC(422) Concurrent Rebuild Remembered Sets
[2020-09-24T04:22:51.054+0000][23404][gc,marking   ] GC(422) Concurrent Rebuild Remembered Sets 65.492ms
[2020-09-24T04:22:51.054+0000][23404][gc,start     ] GC(422) Pause Cleanup
[2020-09-24T04:22:51.054+0000][23404][gc           ] GC(422) Pause Cleanup 740M->740M(1024M) 0.310ms
[2020-09-24T04:22:51.055+0000][23404][gc,cpu       ] GC(422) User=0.00s Sys=0.00s Real=0.00s
[2020-09-24T04:22:51.055+0000][23404][safepoint    ] Safepoint "G1Concurrent", Time since last: 65667700 ns, Reaching safepoint: 133800 ns, At safepoint: 455700 ns, Total: 589500 ns
[2020-09-24T04:22:51.055+0000][23404][gc,marking   ] GC(422) Concurrent Cleanup for Next Mark
[2020-09-24T04:22:51.056+0000][23404][gc,marking   ] GC(422) Concurrent Cleanup for Next Mark 1.538ms
[2020-09-24T04:22:51.056+0000][23404][gc           ] GC(422) Concurrent Cycle 197.932ms
[2020-09-24T04:22:51.068+0000][23404][gc,start     ] GC(423) Pause Young (Concurrent Start) (G1 Humongous Allocation)
[2020-09-24T04:22:51.068+0000][23404][gc,task      ] GC(423) Using 8 workers of 8 for evacuation
[2020-09-24T04:22:51.068+0000][23404][gc,age       ] GC(423) Desired survivor size 30932992 bytes, new threshold 15 (max threshold 15)
[2020-09-24T04:22:51.072+0000][23404][gc,age       ] GC(423) Age table with threshold 15 (max threshold 15)
[2020-09-24T04:22:51.072+0000][23404][gc,age       ] GC(423) - age   1:    3907128 bytes,    3907128 total
[2020-09-24T04:22:51.072+0000][23404][gc,age       ] GC(423) - age   2:      31416 bytes,    3938544 total
[2020-09-24T04:22:51.072+0000][23404][gc,age       ] GC(423) - age   3:      75688 bytes,    4014232 total
[2020-09-24T04:22:51.072+0000][23404][gc,age       ] GC(423) - age   4:       1312 bytes,    4015544 total
[2020-09-24T04:22:51.072+0000][23404][gc,age       ] GC(423) - age   5:      88232 bytes,    4103776 total
[2020-09-24T04:22:51.073+0000][23404][gc,age       ] GC(423) - age   6:      40864 bytes,    4144640 total
[2020-09-24T04:22:51.073+0000][23404][gc,age       ] GC(423) - age   7:     277232 bytes,    4421872 total
[2020-09-24T04:22:51.073+0000][23404][gc,age       ] GC(423) - age   8:       1848 bytes,    4423720 total
[2020-09-24T04:22:51.073+0000][23404][gc,age       ] GC(423) - age   9:       1688 bytes,    4425408 total
[2020-09-24T04:22:51.073+0000][23404][gc,age       ] GC(423) - age  10:       1976 bytes,    4427384 total
[2020-09-24T04:22:51.073+0000][23404][gc,age       ] GC(423) - age  11:       1840 bytes,    4429224 total
[2020-09-24T04:22:51.073+0000][23404][gc,age       ] GC(423) - age  12:      10016 bytes,    4439240 total
[2020-09-24T04:22:51.073+0000][23404][gc,age       ] GC(423) - age  13:      45168 bytes,    4484408 total
[2020-09-24T04:22:51.073+0000][23404][gc,age       ] GC(423) - age  14:     122944 bytes,    4607352 total
[2020-09-24T04:22:51.073+0000][23404][gc,age       ] GC(423) - age  15:     131368 bytes,    4738720 total
[2020-09-24T04:22:51.073+0000][23404][gc,phases    ] GC(423)   Pre Evacuate Collection Set: 0.5ms
[2020-09-24T04:22:51.073+0000][23404][gc,phases    ] GC(423)   Merge Heap Roots: 0.1ms
[2020-09-24T04:22:51.073+0000][23404][gc,phases    ] GC(423)   Evacuate Collection Set: 2.3ms
[2020-09-24T04:22:51.073+0000][23404][gc,phases    ] GC(423)   Post Evacuate Collection Set: 1.0ms
[2020-09-24T04:22:51.073+0000][23404][gc,phases    ] GC(423)   Other: 0.7ms
[2020-09-24T04:22:51.073+0000][23404][gc,heap      ] GC(423) Eden regions: 115->0(472)
[2020-09-24T04:22:51.073+0000][23404][gc,heap      ] GC(423) Survivor regions: 15->6(59)
[2020-09-24T04:22:51.073+0000][23404][gc,heap      ] GC(423) Old regions: 83->83
[2020-09-24T04:22:51.073+0000][23404][gc,heap      ] GC(423) Archive regions: 0->0
[2020-09-24T04:22:51.073+0000][23404][gc,heap      ] GC(423) Humongous regions: 534->174
[2020-09-24T04:22:51.073+0000][23404][gc,metaspace ] GC(423) Metaspace: 89866K(96000K)->89866K(96000K) NonClass: 78558K(82176K)->78558K(82176K) Class: 11307K(13824K)->11307K(13824K)
[2020-09-24T04:22:51.073+0000][23404][gc           ] GC(423) Pause Young (Concurrent Start) (G1 Humongous Allocation) 745M->262M(1024M) 4.851ms
[2020-09-24T04:22:51.073+0000][23404][gc,cpu       ] GC(423) User=0.00s Sys=0.00s Real=0.00s
[2020-09-24T04:22:51.073+0000][23404][safepoint    ] Safepoint "G1TryInitiateConcMark", Time since last: 13465200 ns, Reaching safepoint: 147000 ns, At safepoint: 4984100 ns, Total: 5131100 ns
[2020-09-24T04:22:51.073+0000][23404][gc           ] GC(424) Concurrent Cycle
[2020-09-24T04:22:51.073+0000][23404][gc,marking   ] GC(424) Concurrent Clear Claimed Marks
[2020-09-24T04:22:51.074+0000][23404][gc,marking   ] GC(424) Concurrent Clear Claimed Marks 0.455ms
[2020-09-24T04:22:51.074+0000][23404][gc,marking   ] GC(424) Concurrent Scan Root Regions
[2020-09-24T04:22:51.077+0000][23404][gc,marking   ] GC(424) Concurrent Scan Root Regions 2.913ms
[2020-09-24T04:22:51.077+0000][23404][gc,marking   ] GC(424) Concurrent Mark (2843.452s)
[2020-09-24T04:22:51.077+0000][23404][gc,marking   ] GC(424) Concurrent Mark From Roots
[2020-09-24T04:22:51.077+0000][23404][gc,task      ] GC(424) Using 2 workers of 2 for marking
[2020-09-24T04:22:51.213+0000][23404][gc,marking   ] GC(424) Concurrent Mark From Roots 136.546ms
[2020-09-24T04:22:51.213+0000][23404][gc,marking   ] GC(424) Concurrent Preclean
[2020-09-24T04:22:51.214+0000][23404][gc,marking   ] GC(424) Concurrent Preclean 0.534ms
[2020-09-24T04:22:51.214+0000][23404][gc,marking   ] GC(424) Concurrent Mark (2843.452s, 2843.589s) 137.231ms
[2020-09-24T04:22:51.214+0000][23404][gc,start     ] GC(424) Pause Remark
[2020-09-24T04:22:51.220+0000][23404][gc           ] GC(424) Pause Remark 462M->462M(1024M) 6.205ms
[2020-09-24T04:22:51.221+0000][23404][gc,cpu       ] GC(424) User=0.00s Sys=0.00s Real=0.01s
[2020-09-24T04:22:51.221+0000][23404][safepoint    ] Safepoint "G1Concurrent", Time since last: 140911200 ns, Reaching safepoint: 147200 ns, At safepoint: 6417800 ns, Total: 6565000 ns
[2020-09-24T04:22:51.221+0000][23404][gc,marking   ] GC(424) Concurrent Rebuild Remembered Sets
[2020-09-24T04:22:51.309+0000][23404][gc,marking   ] GC(424) Concurrent Rebuild Remembered Sets 88.074ms
[2020-09-24T04:22:51.309+0000][23404][gc,start     ] GC(424) Pause Cleanup
[2020-09-24T04:22:51.310+0000][23404][gc           ] GC(424) Pause Cleanup 635M->635M(1024M) 0.511ms
[2020-09-24T04:22:51.310+0000][23404][gc,cpu       ] GC(424) User=0.00s Sys=0.00s Real=0.00s
[2020-09-24T04:22:51.310+0000][23404][safepoint    ] Safepoint "G1Concurrent", Time since last: 88327600 ns, Reaching safepoint: 366700 ns, At safepoint: 778900 ns, Total: 1145600 ns
[2020-09-24T04:22:51.310+0000][23404][gc,marking   ] GC(424) Concurrent Cleanup for Next Mark
[2020-09-24T04:22:51.313+0000][23404][gc,marking   ] GC(424) Concurrent Cleanup for Next Mark 3.078ms
[2020-09-24T04:22:51.314+0000][23404][gc           ] GC(424) Concurrent Cycle 240.363ms
[2020-09-24T04:22:51.314+0000][23404][gc,start     ] GC(425) Pause Young (Concurrent Start) (G1 Humongous Allocation)
[2020-09-24T04:22:51.314+0000][23404][gc,task      ] GC(425) Using 8 workers of 8 for evacuation
[2020-09-24T04:22:51.314+0000][23404][gc,age       ] GC(425) Desired survivor size 31457280 bytes, new threshold 15 (max threshold 15)
[2020-09-24T04:22:51.319+0000][23404][gc,age       ] GC(425) Age table with threshold 15 (max threshold 15)
[2020-09-24T04:22:51.319+0000][23404][gc,age       ] GC(425) - age   1:    7606584 bytes,    7606584 total
[2020-09-24T04:22:51.320+0000][23404][gc,age       ] GC(425) - age   2:       2744 bytes,    7609328 total
[2020-09-24T04:22:51.320+0000][23404][gc,age       ] GC(425) - age   3:      28536 bytes,    7637864 total
[2020-09-24T04:22:51.320+0000][23404][gc,age       ] GC(425) - age   4:      75272 bytes,    7713136 total
[2020-09-24T04:22:51.320+0000][23404][gc,age       ] GC(425) - age   5:       1176 bytes,    7714312 total
[2020-09-24T04:22:51.320+0000][23404][gc,age       ] GC(425) - age   6:      88168 bytes,    7802480 total
[2020-09-24T04:22:51.320+0000][23404][gc,age       ] GC(425) - age   7:      40864 bytes,    7843344 total
[2020-09-24T04:22:51.320+0000][23404][gc,age       ] GC(425) - age   8:     277232 bytes,    8120576 total
[2020-09-24T04:22:51.320+0000][23404][gc,age       ] GC(425) - age   9:       1784 bytes,    8122360 total
[2020-09-24T04:22:51.320+0000][23404][gc,age       ] GC(425) - age  10:       1560 bytes,    8123920 total
[2020-09-24T04:22:51.320+0000][23404][gc,age       ] GC(425) - age  11:       1848 bytes,    8125768 total
[2020-09-24T04:22:51.320+0000][23404][gc,age       ] GC(425) - age  12:       1840 bytes,    8127608 total
[2020-09-24T04:22:51.320+0000][23404][gc,age       ] GC(425) - age  13:      10016 bytes,    8137624 total
[2020-09-24T04:22:51.320+0000][23404][gc,age       ] GC(425) - age  14:      45104 bytes,    8182728 total
[2020-09-24T04:22:51.320+0000][23404][gc,age       ] GC(425) - age  15:     122912 bytes,    8305640 total
[2020-09-24T04:22:51.320+0000][23404][gc,phases    ] GC(425)   Pre Evacuate Collection Set: 0.5ms
[2020-09-24T04:22:51.320+0000][23404][gc,phases    ] GC(425)   Merge Heap Roots: 0.2ms
[2020-09-24T04:22:51.321+0000][23404][gc,phases    ] GC(425)   Evacuate Collection Set: 3.0ms
[2020-09-24T04:22:51.321+0000][23404][gc,phases    ] GC(425)   Post Evacuate Collection Set: 1.2ms
[2020-09-24T04:22:51.321+0000][23404][gc,phases    ] GC(425)   Other: 1.4ms
[2020-09-24T04:22:51.321+0000][23404][gc,heap      ] GC(425) Eden regions: 89->0(468)
[2020-09-24T04:22:51.321+0000][23404][gc,heap      ] GC(425) Survivor regions: 6->9(60)
[2020-09-24T04:22:51.321+0000][23404][gc,heap      ] GC(425) Old regions: 83->84
[2020-09-24T04:22:51.321+0000][23404][gc,heap      ] GC(425) Archive regions: 0->0
[2020-09-24T04:22:51.321+0000][23404][gc,heap      ] GC(425) Humongous regions: 480->174
[2020-09-24T04:22:51.321+0000][23404][gc,metaspace ] GC(425) Metaspace: 89867K(96000K)->89867K(96000K) NonClass: 78559K(82176K)->78559K(82176K) Class: 11307K(13824K)->11307K(13824K)
[2020-09-24T04:22:51.321+0000][23404][gc           ] GC(425) Pause Young (Concurrent Start) (G1 Humongous Allocation) 657M->265M(1024M) 6.832ms
[2020-09-24T04:22:51.321+0000][23404][gc,cpu       ] GC(425) User=0.13s Sys=0.00s Real=0.01s
[2020-09-24T04:22:51.321+0000][23404][gc           ] GC(426) Concurrent Cycle
[2020-09-24T04:22:51.321+0000][23404][safepoint    ] Safepoint "G1TryInitiateConcMark", Time since last: 3526400 ns, Reaching safepoint: 510400 ns, At safepoint: 7060500 ns, Total: 7570900 ns
[2020-09-24T04:22:51.321+0000][23404][gc,marking   ] GC(426) Concurrent Clear Claimed Marks
[2020-09-24T04:22:51.322+0000][23404][gc,marking   ] GC(426) Concurrent Clear Claimed Marks 0.924ms
[2020-09-24T04:22:51.322+0000][23404][gc,marking   ] GC(426) Concurrent Scan Root Regions
[2020-09-24T04:22:51.325+0000][23404][gc,marking   ] GC(426) Concurrent Scan Root Regions 3.031ms
[2020-09-24T04:22:51.326+0000][23404][gc,marking   ] GC(426) Concurrent Mark (2843.700s)
[2020-09-24T04:22:51.326+0000][23404][gc,marking   ] GC(426) Concurrent Mark From Roots
[2020-09-24T04:22:51.326+0000][23404][gc,task      ] GC(426) Using 2 workers of 2 for marking
[2020-09-24T04:22:51.449+0000][23404][gc,marking   ] GC(426) Concurrent Mark From Roots 123.285ms
[2020-09-24T04:22:51.449+0000][23404][gc,marking   ] GC(426) Concurrent Preclean
[2020-09-24T04:22:51.449+0000][23404][gc,marking   ] GC(426) Concurrent Preclean 0.419ms
[2020-09-24T04:22:51.449+0000][23404][gc,marking   ] GC(426) Concurrent Mark (2843.700s, 2843.824s) 123.896ms
[2020-09-24T04:22:51.450+0000][23404][gc,start     ] GC(426) Pause Remark
[2020-09-24T04:22:51.456+0000][23404][gc           ] GC(426) Pause Remark 493M->493M(1024M) 6.422ms
[2020-09-24T04:22:51.456+0000][23404][gc,cpu       ] GC(426) User=0.00s Sys=0.00s Real=0.01s
[2020-09-24T04:22:51.456+0000][23404][safepoint    ] Safepoint "G1Concurrent", Time since last: 128344100 ns, Reaching safepoint: 146800 ns, At safepoint: 6642900 ns, Total: 6789700 ns
[2020-09-24T04:22:51.456+0000][23404][gc,marking   ] GC(426) Concurrent Rebuild Remembered Sets
[2020-09-24T04:22:51.527+0000][23404][gc,marking   ] GC(426) Concurrent Rebuild Remembered Sets 71.001ms
[2020-09-24T04:22:51.528+0000][23404][gc,start     ] GC(426) Pause Cleanup
[2020-09-24T04:22:51.528+0000][23404][gc           ] GC(426) Pause Cleanup 572M->572M(1024M) 0.362ms
[2020-09-24T04:22:51.528+0000][23404][gc,cpu       ] GC(426) User=0.00s Sys=0.00s Real=0.00s
[2020-09-24T04:22:51.528+0000][23404][safepoint    ] Safepoint "G1Concurrent", Time since last: 71170900 ns, Reaching safepoint: 255400 ns, At safepoint: 546800 ns, Total: 802200 ns
[2020-09-24T04:22:51.528+0000][23404][gc,marking   ] GC(426) Concurrent Cleanup for Next Mark
[2020-09-24T04:22:51.530+0000][23404][gc,marking   ] GC(426) Concurrent Cleanup for Next Mark 1.835ms
[2020-09-24T04:22:51.530+0000][23404][gc           ] GC(426) Concurrent Cycle 209.239ms
[2020-09-24T04:22:51.533+0000][23404][gc,start     ] GC(427) Pause Young (Concurrent Start) (G1 Humongous Allocation)
[2020-09-24T04:22:51.534+0000][23404][gc,task      ] GC(427) Using 8 workers of 8 for evacuation
[2020-09-24T04:22:51.534+0000][23404][gc,age       ] GC(427) Desired survivor size 31457280 bytes, new threshold 15 (max threshold 15)
[2020-09-24T04:22:51.537+0000][23404][gc,age       ] GC(427) Age table with threshold 15 (max threshold 15)
[2020-09-24T04:22:51.537+0000][23404][gc,age       ] GC(427) - age   1:    3906688 bytes,    3906688 total
[2020-09-24T04:22:51.537+0000][23404][gc,age       ] GC(427) - age   2:       5240 bytes,    3911928 total
[2020-09-24T04:22:51.537+0000][23404][gc,age       ] GC(427) - age   3:       2200 bytes,    3914128 total
[2020-09-24T04:22:51.537+0000][23404][gc,age       ] GC(427) - age   4:      28208 bytes,    3942336 total
[2020-09-24T04:22:51.537+0000][23404][gc,age       ] GC(427) - age   5:      75016 bytes,    4017352 total
[2020-09-24T04:22:51.537+0000][23404][gc,age       ] GC(427) - age   6:       1016 bytes,    4018368 total
[2020-09-24T04:22:51.537+0000][23404][gc,age       ] GC(427) - age   7:      88136 bytes,    4106504 total
[2020-09-24T04:22:51.537+0000][23404][gc,age       ] GC(427) - age   8:      40864 bytes,    4147368 total
[2020-09-24T04:22:51.538+0000][23404][gc,age       ] GC(427) - age   9:     277200 bytes,    4424568 total
[2020-09-24T04:22:51.538+0000][23404][gc,age       ] GC(427) - age  10:       1688 bytes,    4426256 total
[2020-09-24T04:22:51.538+0000][23404][gc,age       ] GC(427) - age  11:       1560 bytes,    4427816 total
[2020-09-24T04:22:51.538+0000][23404][gc,age       ] GC(427) - age  12:       1848 bytes,    4429664 total
[2020-09-24T04:22:51.538+0000][23404][gc,age       ] GC(427) - age  13:       1840 bytes,    4431504 total
[2020-09-24T04:22:51.538+0000][23404][gc,age       ] GC(427) - age  14:      10016 bytes,    4441520 total
[2020-09-24T04:22:51.538+0000][23404][gc,age       ] GC(427) - age  15:      45072 bytes,    4486592 total
[2020-09-24T04:22:51.538+0000][23404][gc,phases    ] GC(427)   Pre Evacuate Collection Set: 0.4ms
[2020-09-24T04:22:51.538+0000][23404][gc,phases    ] GC(427)   Merge Heap Roots: 0.1ms
[2020-09-24T04:22:51.538+0000][23404][gc,phases    ] GC(427)   Evacuate Collection Set: 2.0ms
[2020-09-24T04:22:51.538+0000][23404][gc,phases    ] GC(427)   Post Evacuate Collection Set: 0.9ms
[2020-09-24T04:22:51.538+0000][23404][gc,phases    ] GC(427)   Other: 1.0ms
[2020-09-24T04:22:51.538+0000][23404][gc,heap      ] GC(427) Eden regions: 102->0(476)
[2020-09-24T04:22:51.538+0000][23404][gc,heap      ] GC(427) Survivor regions: 9->5(60)
[2020-09-24T04:22:51.538+0000][23404][gc,heap      ] GC(427) Old regions: 84->84
[2020-09-24T04:22:51.538+0000][23404][gc,heap      ] GC(427) Archive regions: 0->0
[2020-09-24T04:22:51.538+0000][23404][gc,heap      ] GC(427) Humongous regions: 380->174
[2020-09-24T04:22:51.538+0000][23404][gc,metaspace ] GC(427) Metaspace: 89867K(96000K)->89867K(96000K) NonClass: 78559K(82176K)->78559K(82176K) Class: 11307K(13824K)->11307K(13824K)
[2020-09-24T04:22:51.538+0000][23404][gc           ] GC(427) Pause Young (Concurrent Start) (G1 Humongous Allocation) 573M->262M(1024M) 4.826ms
[2020-09-24T04:22:51.538+0000][23404][gc,cpu       ] GC(427) User=0.11s Sys=0.00s Real=0.01s
[2020-09-24T04:22:51.538+0000][23404][gc           ] GC(428) Concurrent Cycle
[2020-09-24T04:22:51.538+0000][23404][safepoint    ] Safepoint "G1TryInitiateConcMark", Time since last: 4918100 ns, Reaching safepoint: 145200 ns, At safepoint: 5045500 ns, Total: 5190700 ns
[2020-09-24T04:22:51.538+0000][23404][gc,marking   ] GC(428) Concurrent Clear Claimed Marks
[2020-09-24T04:22:51.539+0000][23404][gc,marking   ] GC(428) Concurrent Clear Claimed Marks 0.506ms
[2020-09-24T04:22:51.539+0000][23404][gc,marking   ] GC(428) Concurrent Scan Root Regions
[2020-09-24T04:22:51.542+0000][23404][gc,marking   ] GC(428) Concurrent Scan Root Regions 3.052ms
[2020-09-24T04:22:51.542+0000][23404][gc,marking   ] GC(428) Concurrent Mark (2843.917s)
[2020-09-24T04:22:51.542+0000][23404][gc,marking   ] GC(428) Concurrent Mark From Roots
[2020-09-24T04:22:51.542+0000][23404][gc,task      ] GC(428) Using 2 workers of 2 for marking
[2020-09-24T04:22:51.683+0000][23404][gc,marking   ] GC(428) Concurrent Mark From Roots 140.890ms
[2020-09-24T04:22:51.683+0000][23404][gc,marking   ] GC(428) Concurrent Preclean
[2020-09-24T04:22:51.684+0000][23404][gc,marking   ] GC(428) Concurrent Preclean 0.530ms
[2020-09-24T04:22:51.684+0000][23404][gc,marking   ] GC(428) Concurrent Mark (2843.917s, 2844.059s) 141.590ms
[2020-09-24T04:22:51.684+0000][23404][gc,start     ] GC(428) Pause Remark
[2020-09-24T04:22:51.691+0000][23404][gc           ] GC(428) Pause Remark 464M->464M(1024M) 6.970ms
[2020-09-24T04:22:51.691+0000][23404][gc,cpu       ] GC(428) User=0.00s Sys=0.00s Real=0.01s
[2020-09-24T04:22:51.691+0000][23404][safepoint    ] Safepoint "G1Concurrent", Time since last: 145506900 ns, Reaching safepoint: 149700 ns, At safepoint: 7204900 ns, Total: 7354600 ns
[2020-09-24T04:22:51.691+0000][23404][gc,marking   ] GC(428) Concurrent Rebuild Remembered Sets
[2020-09-24T04:22:51.763+0000][23404][gc,marking   ] GC(428) Concurrent Rebuild Remembered Sets 71.292ms
[2020-09-24T04:22:51.763+0000][23404][gc,start     ] GC(428) Pause Cleanup
[2020-09-24T04:22:51.763+0000][23404][gc           ] GC(428) Pause Cleanup 467M->467M(1024M) 0.398ms
[2020-09-24T04:22:51.763+0000][23404][gc,cpu       ] GC(428) User=0.00s Sys=0.00s Real=0.00s
[2020-09-24T04:22:51.764+0000][23404][safepoint    ] Safepoint "G1Concurrent", Time since last: 71505700 ns, Reaching safepoint: 146400 ns, At safepoint: 582900 ns, Total: 729300 ns
[2020-09-24T04:22:51.764+0000][23404][gc,marking   ] GC(428) Concurrent Cleanup for Next Mark
[2020-09-24T04:22:51.765+0000][23404][gc,marking   ] GC(428) Concurrent Cleanup for Next Mark 1.360ms
[2020-09-24T04:22:51.765+0000][23404][gc           ] GC(428) Concurrent Cycle 226.638ms
[2020-09-24T04:22:51.955+0000][23404][gc,start     ] GC(429) Pause Young (Concurrent Start) (G1 Humongous Allocation)
[2020-09-24T04:22:51.955+0000][23404][gc,task      ] GC(429) Using 8 workers of 8 for evacuation
[2020-09-24T04:22:51.955+0000][23404][gc,age       ] GC(429) Desired survivor size 31981568 bytes, new threshold 15 (max threshold 15)
[2020-09-24T04:22:51.959+0000][23404][gc,age       ] GC(429) Age table with threshold 15 (max threshold 15)
[2020-09-24T04:22:51.959+0000][23404][gc,age       ] GC(429) - age   1:    2712096 bytes,    2712096 total
[2020-09-24T04:22:51.959+0000][23404][gc,age       ] GC(429) - age   2:       4000 bytes,    2716096 total
[2020-09-24T04:22:51.959+0000][23404][gc,age       ] GC(429) - age   3:       1784 bytes,    2717880 total
[2020-09-24T04:22:51.959+0000][23404][gc,age       ] GC(429) - age   4:       1912 bytes,    2719792 total
[2020-09-24T04:22:51.959+0000][23404][gc,age       ] GC(429) - age   5:      26832 bytes,    2746624 total
[2020-09-24T04:22:51.959+0000][23404][gc,age       ] GC(429) - age   6:      74856 bytes,    2821480 total
[2020-09-24T04:22:51.959+0000][23404][gc,age       ] GC(429) - age   7:        952 bytes,    2822432 total
[2020-09-24T04:22:51.959+0000][23404][gc,age       ] GC(429) - age   8:      87752 bytes,    2910184 total
[2020-09-24T04:22:51.959+0000][23404][gc,age       ] GC(429) - age   9:      40864 bytes,    2951048 total
[2020-09-24T04:22:51.959+0000][23404][gc,age       ] GC(429) - age  10:     277184 bytes,    3228232 total
[2020-09-24T04:22:51.959+0000][23404][gc,age       ] GC(429) - age  11:       1688 bytes,    3229920 total
[2020-09-24T04:22:51.959+0000][23404][gc,age       ] GC(429) - age  12:       1528 bytes,    3231448 total
[2020-09-24T04:22:51.959+0000][23404][gc,age       ] GC(429) - age  13:       1720 bytes,    3233168 total
[2020-09-24T04:22:51.959+0000][23404][gc,age       ] GC(429) - age  14:       1840 bytes,    3235008 total
[2020-09-24T04:22:51.959+0000][23404][gc,age       ] GC(429) - age  15:      10016 bytes,    3245024 total
[2020-09-24T04:22:51.959+0000][23404][gc,phases    ] GC(429)   Pre Evacuate Collection Set: 0.4ms
[2020-09-24T04:22:51.959+0000][23404][gc,phases    ] GC(429)   Merge Heap Roots: 0.1ms
[2020-09-24T04:22:51.959+0000][23404][gc,phases    ] GC(429)   Evacuate Collection Set: 2.0ms
[2020-09-24T04:22:51.959+0000][23404][gc,phases    ] GC(429)   Post Evacuate Collection Set: 0.8ms
[2020-09-24T04:22:51.959+0000][23404][gc,phases    ] GC(429)   Other: 0.8ms
[2020-09-24T04:22:51.959+0000][23404][gc,heap      ] GC(429) Eden regions: 66->0(481)
[2020-09-24T04:22:51.959+0000][23404][gc,heap      ] GC(429) Survivor regions: 5->4(61)
[2020-09-24T04:22:51.959+0000][23404][gc,heap      ] GC(429) Old regions: 84->84
[2020-09-24T04:22:51.959+0000][23404][gc,heap      ] GC(429) Archive regions: 0->0
[2020-09-24T04:22:51.959+0000][23404][gc,heap      ] GC(429) Humongous regions: 326->174
[2020-09-24T04:22:51.959+0000][23404][gc,metaspace ] GC(429) Metaspace: 89878K(96000K)->89878K(96000K) NonClass: 78570K(82176K)->78570K(82176K) Class: 11307K(13824K)->11307K(13824K)
[2020-09-24T04:22:51.959+0000][23404][gc           ] GC(429) Pause Young (Concurrent Start) (G1 Humongous Allocation) 479M->260M(1024M) 4.223ms
[2020-09-24T04:22:51.959+0000][23404][gc,cpu       ] GC(429) User=0.05s Sys=0.00s Real=0.00s
[2020-09-24T04:22:51.960+0000][23404][safepoint    ] Safepoint "G1TryInitiateConcMark", Time since last: 191766300 ns, Reaching safepoint: 255100 ns, At safepoint: 4392200 ns, Total: 4647300 ns
[2020-09-24T04:22:51.960+0000][23404][gc           ] GC(430) Concurrent Cycle
[2020-09-24T04:22:51.960+0000][23404][gc,marking   ] GC(430) Concurrent Clear Claimed Marks
[2020-09-24T04:22:51.960+0000][23404][gc,marking   ] GC(430) Concurrent Clear Claimed Marks 0.459ms
[2020-09-24T04:22:51.960+0000][23404][gc,marking   ] GC(430) Concurrent Scan Root Regions
[2020-09-24T04:22:51.964+0000][23404][gc,marking   ] GC(430) Concurrent Scan Root Regions 3.651ms
[2020-09-24T04:22:51.964+0000][23404][gc,marking   ] GC(430) Concurrent Mark (2844.339s)
[2020-09-24T04:22:51.964+0000][23404][gc,marking   ] GC(430) Concurrent Mark From Roots
[2020-09-24T04:22:51.964+0000][23404][gc,task      ] GC(430) Using 2 workers of 2 for marking
[2020-09-24T04:22:52.068+0000][23404][gc,marking   ] GC(430) Concurrent Mark From Roots 103.919ms
[2020-09-24T04:22:52.068+0000][23404][gc,marking   ] GC(430) Concurrent Preclean
[2020-09-24T04:22:52.068+0000][23404][gc,marking   ] GC(430) Concurrent Preclean 0.390ms
[2020-09-24T04:22:52.068+0000][23404][gc,marking   ] GC(430) Concurrent Mark (2844.339s, 2844.444s) 104.447ms
[2020-09-24T04:22:52.069+0000][23404][gc,start     ] GC(430) Pause Remark
[2020-09-24T04:22:52.075+0000][23404][gc           ] GC(430) Pause Remark 457M->457M(1024M) 6.112ms
[2020-09-24T04:22:52.075+0000][23404][gc,cpu       ] GC(430) User=0.00s Sys=0.00s Real=0.01s
[2020-09-24T04:22:52.075+0000][23404][safepoint    ] Safepoint "G1Concurrent", Time since last: 108934600 ns, Reaching safepoint: 189200 ns, At safepoint: 6338600 ns, Total: 6527800 ns
[2020-09-24T04:22:52.075+0000][23404][gc,marking   ] GC(430) Concurrent Rebuild Remembered Sets
[2020-09-24T04:22:52.154+0000][23404][gc,marking   ] GC(430) Concurrent Rebuild Remembered Sets 78.479ms
[2020-09-24T04:22:52.154+0000][23404][gc,start     ] GC(430) Pause Cleanup
[2020-09-24T04:22:52.154+0000][23404][gc           ] GC(430) Pause Cleanup 531M->531M(1024M) 0.295ms
[2020-09-24T04:22:52.154+0000][23404][gc,cpu       ] GC(430) User=0.00s Sys=0.00s Real=0.00s
[2020-09-24T04:22:52.154+0000][23404][safepoint    ] Safepoint "G1Concurrent", Time since last: 78658700 ns, Reaching safepoint: 153100 ns, At safepoint: 460600 ns, Total: 613700 ns
[2020-09-24T04:22:52.154+0000][23404][gc,marking   ] GC(430) Concurrent Cleanup for Next Mark
[2020-09-24T04:22:52.156+0000][23404][gc,marking   ] GC(430) Concurrent Cleanup for Next Mark 1.590ms
[2020-09-24T04:22:52.156+0000][23404][gc           ] GC(430) Concurrent Cycle 196.519ms
[2020-09-24T04:22:52.175+0000][23404][gc,start     ] GC(431) Pause Young (Concurrent Start) (G1 Humongous Allocation)
[2020-09-24T04:22:52.175+0000][23404][gc,task      ] GC(431) Using 8 workers of 8 for evacuation
[2020-09-24T04:22:52.175+0000][23404][gc,age       ] GC(431) Desired survivor size 31981568 bytes, new threshold 15 (max threshold 15)
[2020-09-24T04:22:52.178+0000][23404][gc,age       ] GC(431) Age table with threshold 15 (max threshold 15)
[2020-09-24T04:22:52.179+0000][23404][gc,age       ] GC(431) - age   1:    3047336 bytes,    3047336 total
[2020-09-24T04:22:52.179+0000][23404][gc,age       ] GC(431) - age   2:      70816 bytes,    3118152 total
[2020-09-24T04:22:52.179+0000][23404][gc,age       ] GC(431) - age   3:       3096 bytes,    3121248 total
[2020-09-24T04:22:52.179+0000][23404][gc,age       ] GC(431) - age   4:       1456 bytes,    3122704 total
[2020-09-24T04:22:52.179+0000][23404][gc,age       ] GC(431) - age   5:       1752 bytes,    3124456 total
[2020-09-24T04:22:52.179+0000][23404][gc,age       ] GC(431) - age   6:      26832 bytes,    3151288 total
[2020-09-24T04:22:52.179+0000][23404][gc,age       ] GC(431) - age   7:      74664 bytes,    3225952 total
[2020-09-24T04:22:52.179+0000][23404][gc,age       ] GC(431) - age   8:        952 bytes,    3226904 total
[2020-09-24T04:22:52.179+0000][23404][gc,age       ] GC(431) - age   9:      87752 bytes,    3314656 total
[2020-09-24T04:22:52.179+0000][23404][gc,age       ] GC(431) - age  10:      40864 bytes,    3355520 total
[2020-09-24T04:22:52.179+0000][23404][gc,age       ] GC(431) - age  11:     277000 bytes,    3632520 total
[2020-09-24T04:22:52.179+0000][23404][gc,age       ] GC(431) - age  12:       1688 bytes,    3634208 total
[2020-09-24T04:22:52.179+0000][23404][gc,age       ] GC(431) - age  13:       1104 bytes,    3635312 total
[2020-09-24T04:22:52.179+0000][23404][gc,age       ] GC(431) - age  14:       1720 bytes,    3637032 total
[2020-09-24T04:22:52.179+0000][23404][gc,age       ] GC(431) - age  15:       1840 bytes,    3638872 total
[2020-09-24T04:22:52.179+0000][23404][gc,phases    ] GC(431)   Pre Evacuate Collection Set: 0.4ms
[2020-09-24T04:22:52.179+0000][23404][gc,phases    ] GC(431)   Merge Heap Roots: 0.1ms
[2020-09-24T04:22:52.179+0000][23404][gc,phases    ] GC(431)   Evacuate Collection Set: 2.1ms
[2020-09-24T04:22:52.179+0000][23404][gc,phases    ] GC(431)   Post Evacuate Collection Set: 0.9ms
[2020-09-24T04:22:52.179+0000][23404][gc,phases    ] GC(431)   Other: 1.1ms
[2020-09-24T04:22:52.179+0000][23404][gc,heap      ] GC(431) Eden regions: 79->0(485)
[2020-09-24T04:22:52.179+0000][23404][gc,heap      ] GC(431) Survivor regions: 4->4(61)
[2020-09-24T04:22:52.180+0000][23404][gc,heap      ] GC(431) Old regions: 84->84
[2020-09-24T04:22:52.180+0000][23404][gc,heap      ] GC(431) Archive regions: 0->0
[2020-09-24T04:22:52.180+0000][23404][gc,heap      ] GC(431) Humongous regions: 374->174
[2020-09-24T04:22:52.180+0000][23404][gc,metaspace ] GC(431) Metaspace: 89878K(96000K)->89878K(96000K) NonClass: 78570K(82176K)->78570K(82176K) Class: 11307K(13824K)->11307K(13824K)
[2020-09-24T04:22:52.180+0000][23404][gc           ] GC(431) Pause Young (Concurrent Start) (G1 Humongous Allocation) 539M->261M(1024M) 5.074ms
[2020-09-24T04:22:52.180+0000][23404][gc,cpu       ] GC(431) User=0.11s Sys=0.00s Real=0.01s
[2020-09-24T04:22:52.180+0000][23404][gc           ] GC(432) Concurrent Cycle
[2020-09-24T04:22:52.180+0000][23404][gc,marking   ] GC(432) Concurrent Clear Claimed Marks
[2020-09-24T04:22:52.180+0000][23404][safepoint    ] Safepoint "G1TryInitiateConcMark", Time since last: 20151500 ns, Reaching safepoint: 158400 ns, At safepoint: 5373300 ns, Total: 5531700 ns
[2020-09-24T04:22:52.180+0000][23404][gc,marking   ] GC(432) Concurrent Clear Claimed Marks 0.347ms
[2020-09-24T04:22:52.180+0000][23404][gc,marking   ] GC(432) Concurrent Scan Root Regions
[2020-09-24T04:22:52.182+0000][23404][gc,marking   ] GC(432) Concurrent Scan Root Regions 2.080ms
[2020-09-24T04:22:52.182+0000][23404][gc,marking   ] GC(432) Concurrent Mark (2844.558s)
[2020-09-24T04:22:52.182+0000][23404][gc,marking   ] GC(432) Concurrent Mark From Roots
[2020-09-24T04:22:52.183+0000][23404][gc,task      ] GC(432) Using 2 workers of 2 for marking
[2020-09-24T04:22:52.324+0000][23404][gc,marking   ] GC(432) Concurrent Mark From Roots 141.991ms
[2020-09-24T04:22:52.325+0000][23404][gc,marking   ] GC(432) Concurrent Preclean
[2020-09-24T04:22:52.325+0000][23404][gc,marking   ] GC(432) Concurrent Preclean 0.589ms
[2020-09-24T04:22:52.325+0000][23404][gc,marking   ] GC(432) Concurrent Mark (2844.558s, 2844.700s) 142.773ms
[2020-09-24T04:22:52.325+0000][23404][gc,start     ] GC(432) Pause Remark
[2020-09-24T04:22:52.332+0000][23404][gc           ] GC(432) Pause Remark 460M->460M(1024M) 6.764ms
[2020-09-24T04:22:52.332+0000][23404][gc,cpu       ] GC(432) User=0.00s Sys=0.00s Real=0.01s
[2020-09-24T04:22:52.332+0000][23404][safepoint    ] Safepoint "G1Concurrent", Time since last: 145345100 ns, Reaching safepoint: 186100 ns, At safepoint: 6984600 ns, Total: 7170700 ns
[2020-09-24T04:22:52.332+0000][23404][gc,marking   ] GC(432) Concurrent Rebuild Remembered Sets
[2020-09-24T04:22:52.413+0000][23404][gc,marking   ] GC(432) Concurrent Rebuild Remembered Sets 80.276ms
[2020-09-24T04:22:52.414+0000][23404][gc,start     ] GC(432) Pause Cleanup
[2020-09-24T04:22:52.414+0000][23404][gc           ] GC(432) Pause Cleanup 534M->534M(1024M) 0.325ms
[2020-09-24T04:22:52.414+0000][23404][gc,cpu       ] GC(432) User=0.00s Sys=0.00s Real=0.00s
[2020-09-24T04:22:52.414+0000][23404][safepoint    ] Safepoint "G1Concurrent", Time since last: 80465400 ns, Reaching safepoint: 182800 ns, At safepoint: 508300 ns, Total: 691100 ns
[2020-09-24T04:22:52.414+0000][23404][gc,marking   ] GC(432) Concurrent Cleanup for Next Mark
[2020-09-24T04:22:52.415+0000][23404][gc,marking   ] GC(432) Concurrent Cleanup for Next Mark 1.350ms
[2020-09-24T04:22:52.415+0000][23404][gc           ] GC(432) Concurrent Cycle 235.327ms
[2020-09-24T04:22:52.426+0000][23404][gc,start     ] GC(433) Pause Young (Concurrent Start) (G1 Humongous Allocation)
[2020-09-24T04:22:52.426+0000][23404][gc,task      ] GC(433) Using 8 workers of 8 for evacuation
[2020-09-24T04:22:52.426+0000][23404][gc,age       ] GC(433) Desired survivor size 32505856 bytes, new threshold 15 (max threshold 15)
[2020-09-24T04:22:52.430+0000][23404][gc,age       ] GC(433) Age table with threshold 15 (max threshold 15)
[2020-09-24T04:22:52.430+0000][23404][gc,age       ] GC(433) - age   1:    3056336 bytes,    3056336 total
[2020-09-24T04:22:52.430+0000][23404][gc,age       ] GC(433) - age   2:     411432 bytes,    3467768 total
[2020-09-24T04:22:52.430+0000][23404][gc,age       ] GC(433) - age   3:      67024 bytes,    3534792 total
[2020-09-24T04:22:52.430+0000][23404][gc,age       ] GC(433) - age   4:       2640 bytes,    3537432 total
[2020-09-24T04:22:52.431+0000][23404][gc,age       ] GC(433) - age   5:       1264 bytes,    3538696 total
[2020-09-24T04:22:52.431+0000][23404][gc,age       ] GC(433) - age   6:       1752 bytes,    3540448 total
[2020-09-24T04:22:52.431+0000][23404][gc,age       ] GC(433) - age   7:      26832 bytes,    3567280 total
[2020-09-24T04:22:52.431+0000][23404][gc,age       ] GC(433) - age   8:      74536 bytes,    3641816 total
[2020-09-24T04:22:52.431+0000][23404][gc,age       ] GC(433) - age   9:        952 bytes,    3642768 total
[2020-09-24T04:22:52.431+0000][23404][gc,age       ] GC(433) - age  10:      87752 bytes,    3730520 total
[2020-09-24T04:22:52.431+0000][23404][gc,age       ] GC(433) - age  11:      40864 bytes,    3771384 total
[2020-09-24T04:22:52.431+0000][23404][gc,age       ] GC(433) - age  12:     274624 bytes,    4046008 total
[2020-09-24T04:22:52.431+0000][23404][gc,age       ] GC(433) - age  13:       1688 bytes,    4047696 total
[2020-09-24T04:22:52.431+0000][23404][gc,age       ] GC(433) - age  14:       1008 bytes,    4048704 total
[2020-09-24T04:22:52.431+0000][23404][gc,age       ] GC(433) - age  15:       1720 bytes,    4050424 total
[2020-09-24T04:22:52.431+0000][23404][gc,phases    ] GC(433)   Pre Evacuate Collection Set: 0.4ms
[2020-09-24T04:22:52.431+0000][23404][gc,phases    ] GC(433)   Merge Heap Roots: 0.1ms
[2020-09-24T04:22:52.431+0000][23404][gc,phases    ] GC(433)   Evacuate Collection Set: 2.3ms
[2020-09-24T04:22:52.431+0000][23404][gc,phases    ] GC(433)   Post Evacuate Collection Set: 1.0ms
[2020-09-24T04:22:52.431+0000][23404][gc,phases    ] GC(433)   Other: 1.2ms
[2020-09-24T04:22:52.431+0000][23404][gc,heap      ] GC(433) Eden regions: 79->0(487)
[2020-09-24T04:22:52.431+0000][23404][gc,heap      ] GC(433) Survivor regions: 4->5(62)
[2020-09-24T04:22:52.431+0000][23404][gc,heap      ] GC(433) Old regions: 84->84
[2020-09-24T04:22:52.431+0000][23404][gc,heap      ] GC(433) Archive regions: 0->0
[2020-09-24T04:22:52.431+0000][23404][gc,heap      ] GC(433) Humongous regions: 374->174
[2020-09-24T04:22:52.431+0000][23404][gc,metaspace ] GC(433) Metaspace: 89878K(96000K)->89878K(96000K) NonClass: 78570K(82176K)->78570K(82176K) Class: 11307K(13824K)->11307K(13824K)
[2020-09-24T04:22:52.431+0000][23404][gc           ] GC(433) Pause Young (Concurrent Start) (G1 Humongous Allocation) 539M->261M(1024M) 5.333ms
[2020-09-24T04:22:52.431+0000][23404][gc,cpu       ] GC(433) User=0.02s Sys=0.02s Real=0.00s
[2020-09-24T04:22:52.432+0000][23404][safepoint    ] Safepoint "G1TryInitiateConcMark", Time since last: 11969500 ns, Reaching safepoint: 142100 ns, At safepoint: 5508600 ns, Total: 5650700 ns
[2020-09-24T04:22:52.432+0000][23404][gc           ] GC(434) Concurrent Cycle
[2020-09-24T04:22:52.432+0000][23404][gc,marking   ] GC(434) Concurrent Clear Claimed Marks
[2020-09-24T04:22:52.432+0000][23404][gc,marking   ] GC(434) Concurrent Clear Claimed Marks 0.421ms
[2020-09-24T04:22:52.432+0000][23404][gc,marking   ] GC(434) Concurrent Scan Root Regions
[2020-09-24T04:22:52.435+0000][23404][gc,marking   ] GC(434) Concurrent Scan Root Regions 2.823ms
[2020-09-24T04:22:52.435+0000][23404][gc,marking   ] GC(434) Concurrent Mark (2844.810s)
[2020-09-24T04:22:52.435+0000][23404][gc,marking   ] GC(434) Concurrent Mark From Roots
[2020-09-24T04:22:52.435+0000][23404][gc,task      ] GC(434) Using 2 workers of 2 for marking
[2020-09-24T04:22:52.560+0000][23404][gc,marking   ] GC(434) Concurrent Mark From Roots 124.841ms
[2020-09-24T04:22:52.560+0000][23404][gc,marking   ] GC(434) Concurrent Preclean
[2020-09-24T04:22:52.561+0000][23404][gc,marking   ] GC(434) Concurrent Preclean 0.462ms
[2020-09-24T04:22:52.561+0000][23404][gc,marking   ] GC(434) Concurrent Mark (2844.810s, 2844.936s) 125.467ms
[2020-09-24T04:22:52.561+0000][23404][gc,start     ] GC(434) Pause Remark
[2020-09-24T04:22:52.568+0000][23404][gc           ] GC(434) Pause Remark 459M->459M(1024M) 7.423ms
[2020-09-24T04:22:52.569+0000][23404][gc,cpu       ] GC(434) User=0.11s Sys=0.00s Real=0.01s
[2020-09-24T04:22:52.569+0000][23404][safepoint    ] Safepoint "G1Concurrent", Time since last: 129107900 ns, Reaching safepoint: 269500 ns, At safepoint: 7754900 ns, Total: 8024400 ns
[2020-09-24T04:22:52.569+0000][23404][gc,marking   ] GC(434) Concurrent Rebuild Remembered Sets
[2020-09-24T04:22:52.649+0000][23404][gc,marking   ] GC(434) Concurrent Rebuild Remembered Sets 80.251ms
[2020-09-24T04:22:52.649+0000][23404][gc,start     ] GC(434) Pause Cleanup
[2020-09-24T04:22:52.650+0000][23404][gc           ] GC(434) Pause Cleanup 535M->535M(1024M) 0.451ms
[2020-09-24T04:22:52.650+0000][23404][gc,cpu       ] GC(434) User=0.00s Sys=0.00s Real=0.00s
[2020-09-24T04:22:52.650+0000][23404][safepoint    ] Safepoint "G1Concurrent", Time since last: 80505200 ns, Reaching safepoint: 230900 ns, At safepoint: 646200 ns, Total: 877100 ns
[2020-09-24T04:22:52.650+0000][23404][gc,marking   ] GC(434) Concurrent Cleanup for Next Mark
[2020-09-24T04:22:52.652+0000][23404][gc,marking   ] GC(434) Concurrent Cleanup for Next Mark 2.259ms
[2020-09-24T04:22:52.653+0000][23404][gc           ] GC(434) Concurrent Cycle 221.031ms
[2020-09-24T04:22:52.663+0000][23404][gc,start     ] GC(435) Pause Young (Concurrent Start) (G1 Humongous Allocation)
[2020-09-24T04:22:52.663+0000][23404][gc,task      ] GC(435) Using 8 workers of 8 for evacuation
[2020-09-24T04:22:52.663+0000][23404][gc,age       ] GC(435) Desired survivor size 32505856 bytes, new threshold 15 (max threshold 15)
[2020-09-24T04:22:52.667+0000][23404][gc,age       ] GC(435) Age table with threshold 15 (max threshold 15)
[2020-09-24T04:22:52.668+0000][23404][gc,age       ] GC(435) - age   1:    3073824 bytes,    3073824 total
[2020-09-24T04:22:52.668+0000][23404][gc,age       ] GC(435) - age   2:     411768 bytes,    3485592 total
[2020-09-24T04:22:52.668+0000][23404][gc,age       ] GC(435) - age   3:     406928 bytes,    3892520 total
[2020-09-24T04:22:52.668+0000][23404][gc,age       ] GC(435) - age   4:      65704 bytes,    3958224 total
[2020-09-24T04:22:52.668+0000][23404][gc,age       ] GC(435) - age   5:       2184 bytes,    3960408 total
[2020-09-24T04:22:52.668+0000][23404][gc,age       ] GC(435) - age   6:       1264 bytes,    3961672 total
[2020-09-24T04:22:52.668+0000][23404][gc,age       ] GC(435) - age   7:       1592 bytes,    3963264 total
[2020-09-24T04:22:52.668+0000][23404][gc,age       ] GC(435) - age   8:      26768 bytes,    3990032 total
[2020-09-24T04:22:52.668+0000][23404][gc,age       ] GC(435) - age   9:      74472 bytes,    4064504 total
[2020-09-24T04:22:52.668+0000][23404][gc,age       ] GC(435) - age  10:        952 bytes,    4065456 total
[2020-09-24T04:22:52.668+0000][23404][gc,age       ] GC(435) - age  11:      87752 bytes,    4153208 total
[2020-09-24T04:22:52.668+0000][23404][gc,age       ] GC(435) - age  12:      40800 bytes,    4194008 total
[2020-09-24T04:22:52.668+0000][23404][gc,age       ] GC(435) - age  13:     274560 bytes,    4468568 total
[2020-09-24T04:22:52.668+0000][23404][gc,age       ] GC(435) - age  14:       1688 bytes,    4470256 total
[2020-09-24T04:22:52.668+0000][23404][gc,age       ] GC(435) - age  15:        848 bytes,    4471104 total
[2020-09-24T04:22:52.668+0000][23404][gc,phases    ] GC(435)   Pre Evacuate Collection Set: 0.5ms
[2020-09-24T04:22:52.668+0000][23404][gc,phases    ] GC(435)   Merge Heap Roots: 0.1ms
[2020-09-24T04:22:52.668+0000][23404][gc,phases    ] GC(435)   Evacuate Collection Set: 2.5ms
[2020-09-24T04:22:52.668+0000][23404][gc,phases    ] GC(435)   Post Evacuate Collection Set: 0.8ms
[2020-09-24T04:22:52.668+0000][23404][gc,phases    ] GC(435)   Other: 0.9ms
[2020-09-24T04:22:52.668+0000][23404][gc,heap      ] GC(435) Eden regions: 80->0(488)
[2020-09-24T04:22:52.668+0000][23404][gc,heap      ] GC(435) Survivor regions: 5->5(62)
[2020-09-24T04:22:52.668+0000][23404][gc,heap      ] GC(435) Old regions: 84->84
[2020-09-24T04:22:52.668+0000][23404][gc,heap      ] GC(435) Archive regions: 0->0
[2020-09-24T04:22:52.668+0000][23404][gc,heap      ] GC(435) Humongous regions: 374->174
[2020-09-24T04:22:52.668+0000][23404][gc,metaspace ] GC(435) Metaspace: 89878K(96000K)->89878K(96000K) NonClass: 78570K(82176K)->78570K(82176K) Class: 11307K(13824K)->11307K(13824K)
[2020-09-24T04:22:52.668+0000][23404][gc           ] GC(435) Pause Young (Concurrent Start) (G1 Humongous Allocation) 540M->261M(1024M) 5.070ms
[2020-09-24T04:22:52.668+0000][23404][gc,cpu       ] GC(435) User=0.00s Sys=0.00s Real=0.00s
[2020-09-24T04:22:52.668+0000][23404][safepoint    ] Safepoint "G1TryInitiateConcMark", Time since last: 12935600 ns, Reaching safepoint: 147900 ns, At safepoint: 5225600 ns, Total: 5373500 ns
[2020-09-24T04:22:52.668+0000][23404][gc           ] GC(436) Concurrent Cycle
[2020-09-24T04:22:52.668+0000][23404][gc,marking   ] GC(436) Concurrent Clear Claimed Marks
[2020-09-24T04:22:52.669+0000][23404][gc,marking   ] GC(436) Concurrent Clear Claimed Marks 0.714ms
[2020-09-24T04:22:52.669+0000][23404][gc,marking   ] GC(436) Concurrent Scan Root Regions
[2020-09-24T04:22:52.673+0000][23404][gc,marking   ] GC(436) Concurrent Scan Root Regions 3.270ms
[2020-09-24T04:22:52.673+0000][23404][gc,marking   ] GC(436) Concurrent Mark (2845.048s)
[2020-09-24T04:22:52.673+0000][23404][gc,marking   ] GC(436) Concurrent Mark From Roots
[2020-09-24T04:22:52.673+0000][23404][gc,task      ] GC(436) Using 2 workers of 2 for marking
[2020-09-24T04:22:52.823+0000][23404][gc,marking   ] GC(436) Concurrent Mark From Roots 150.320ms
[2020-09-24T04:22:52.823+0000][23404][gc,marking   ] GC(436) Concurrent Preclean
[2020-09-24T04:22:52.824+0000][23404][gc,marking   ] GC(436) Concurrent Preclean 0.657ms
[2020-09-24T04:22:52.824+0000][23404][gc,marking   ] GC(436) Concurrent Mark (2845.048s, 2845.199s) 151.179ms
[2020-09-24T04:22:52.824+0000][23404][gc,start     ] GC(436) Pause Remark
[2020-09-24T04:22:52.833+0000][23404][gc           ] GC(436) Pause Remark 460M->460M(1024M) 8.363ms
[2020-09-24T04:22:52.833+0000][23404][gc,cpu       ] GC(436) User=0.00s Sys=0.00s Real=0.01s
[2020-09-24T04:22:52.833+0000][23404][safepoint    ] Safepoint "G1Concurrent", Time since last: 155655100 ns, Reaching safepoint: 192500 ns, At safepoint: 8666700 ns, Total: 8859200 ns
[2020-09-24T04:22:52.833+0000][23404][gc,marking   ] GC(436) Concurrent Rebuild Remembered Sets
[2020-09-24T04:22:52.920+0000][23404][gc,marking   ] GC(436) Concurrent Rebuild Remembered Sets 86.670ms
[2020-09-24T04:22:52.920+0000][23404][gc,start     ] GC(436) Pause Cleanup
[2020-09-24T04:22:52.920+0000][23404][gc           ] GC(436) Pause Cleanup 534M->534M(1024M) 0.361ms
[2020-09-24T04:22:52.920+0000][23404][gc,cpu       ] GC(436) User=0.00s Sys=0.00s Real=0.00s
[2020-09-24T04:22:52.920+0000][23404][safepoint    ] Safepoint "G1Concurrent", Time since last: 86886000 ns, Reaching safepoint: 133800 ns, At safepoint: 545600 ns, Total: 679400 ns
[2020-09-24T04:22:52.921+0000][23404][gc,marking   ] GC(436) Concurrent Cleanup for Next Mark
[2020-09-24T04:22:52.922+0000][23404][gc,marking   ] GC(436) Concurrent Cleanup for Next Mark 1.795ms
[2020-09-24T04:22:52.922+0000][23404][gc           ] GC(436) Concurrent Cycle 254.099ms
[2020-09-24T04:22:52.932+0000][23404][gc,start     ] GC(437) Pause Young (Concurrent Start) (G1 Humongous Allocation)
[2020-09-24T04:22:52.932+0000][23404][gc,task      ] GC(437) Using 8 workers of 8 for evacuation
[2020-09-24T04:22:52.932+0000][23404][gc,age       ] GC(437) Desired survivor size 32505856 bytes, new threshold 15 (max threshold 15)
[2020-09-24T04:22:52.937+0000][23404][gc,age       ] GC(437) Age table with threshold 15 (max threshold 15)
[2020-09-24T04:22:52.937+0000][23404][gc,age       ] GC(437) - age   1:    3058808 bytes,    3058808 total
[2020-09-24T04:22:52.937+0000][23404][gc,age       ] GC(437) - age   2:     406248 bytes,    3465056 total
[2020-09-24T04:22:52.937+0000][23404][gc,age       ] GC(437) - age   3:     410704 bytes,    3875760 total
[2020-09-24T04:22:52.937+0000][23404][gc,age       ] GC(437) - age   4:     406816 bytes,    4282576 total
[2020-09-24T04:22:52.937+0000][23404][gc,age       ] GC(437) - age   5:      62696 bytes,    4345272 total
[2020-09-24T04:22:52.937+0000][23404][gc,age       ] GC(437) - age   6:       1696 bytes,    4346968 total
[2020-09-24T04:22:52.937+0000][23404][gc,age       ] GC(437) - age   7:       1264 bytes,    4348232 total
[2020-09-24T04:22:52.937+0000][23404][gc,age       ] GC(437) - age   8:       1528 bytes,    4349760 total
[2020-09-24T04:22:52.937+0000][23404][gc,age       ] GC(437) - age   9:      26768 bytes,    4376528 total
[2020-09-24T04:22:52.937+0000][23404][gc,age       ] GC(437) - age  10:      74472 bytes,    4451000 total
[2020-09-24T04:22:52.937+0000][23404][gc,age       ] GC(437) - age  11:        952 bytes,    4451952 total
[2020-09-24T04:22:52.937+0000][23404][gc,age       ] GC(437) - age  12:      87752 bytes,    4539704 total
[2020-09-24T04:22:52.937+0000][23404][gc,age       ] GC(437) - age  13:      40800 bytes,    4580504 total
[2020-09-24T04:22:52.937+0000][23404][gc,age       ] GC(437) - age  14:     274536 bytes,    4855040 total
[2020-09-24T04:22:52.937+0000][23404][gc,age       ] GC(437) - age  15:       1688 bytes,    4856728 total
[2020-09-24T04:22:52.938+0000][23404][gc,phases    ] GC(437)   Pre Evacuate Collection Set: 0.5ms
[2020-09-24T04:22:52.938+0000][23404][gc,phases    ] GC(437)   Merge Heap Roots: 0.1ms
[2020-09-24T04:22:52.938+0000][23404][gc,phases    ] GC(437)   Evacuate Collection Set: 2.8ms
[2020-09-24T04:22:52.938+0000][23404][gc,phases    ] GC(437)   Post Evacuate Collection Set: 1.0ms
[2020-09-24T04:22:52.938+0000][23404][gc,phases    ] GC(437)   Other: 1.1ms
[2020-09-24T04:22:52.938+0000][23404][gc,heap      ] GC(437) Eden regions: 78->0(490)
[2020-09-24T04:22:52.938+0000][23404][gc,heap      ] GC(437) Survivor regions: 5->5(62)
[2020-09-24T04:22:52.938+0000][23404][gc,heap      ] GC(437) Old regions: 84->84
[2020-09-24T04:22:52.938+0000][23404][gc,heap      ] GC(437) Archive regions: 0->0
[2020-09-24T04:22:52.938+0000][23404][gc,heap      ] GC(437) Humongous regions: 374->174
[2020-09-24T04:22:52.938+0000][23404][gc,metaspace ] GC(437) Metaspace: 89880K(96000K)->89880K(96000K) NonClass: 78572K(82176K)->78572K(82176K) Class: 11307K(13824K)->11307K(13824K)
[2020-09-24T04:22:52.938+0000][23404][gc           ] GC(437) Pause Young (Concurrent Start) (G1 Humongous Allocation) 539M->261M(1024M) 5.840ms
[2020-09-24T04:22:52.938+0000][23404][gc,cpu       ] GC(437) User=0.00s Sys=0.00s Real=0.01s
[2020-09-24T04:22:52.938+0000][23404][gc           ] GC(438) Concurrent Cycle
[2020-09-24T04:22:52.938+0000][23404][gc,marking   ] GC(438) Concurrent Clear Claimed Marks
[2020-09-24T04:22:52.938+0000][23404][safepoint    ] Safepoint "G1TryInitiateConcMark", Time since last: 11508300 ns, Reaching safepoint: 150800 ns, At safepoint: 6146400 ns, Total: 6297200 ns
[2020-09-24T04:22:52.939+0000][23404][gc,marking   ] GC(438) Concurrent Clear Claimed Marks 0.479ms
[2020-09-24T04:22:52.939+0000][23404][gc,marking   ] GC(438) Concurrent Scan Root Regions
[2020-09-24T04:22:52.942+0000][23404][gc,marking   ] GC(438) Concurrent Scan Root Regions 3.170ms
[2020-09-24T04:22:52.942+0000][23404][gc,marking   ] GC(438) Concurrent Mark (2845.317s)
[2020-09-24T04:22:52.942+0000][23404][gc,marking   ] GC(438) Concurrent Mark From Roots
[2020-09-24T04:22:52.942+0000][23404][gc,task      ] GC(438) Using 2 workers of 2 for marking
[2020-09-24T04:22:53.091+0000][23404][gc,marking   ] GC(438) Concurrent Mark From Roots 148.976ms
[2020-09-24T04:22:53.091+0000][23404][gc,marking   ] GC(438) Concurrent Preclean
[2020-09-24T04:22:53.092+0000][23404][gc,marking   ] GC(438) Concurrent Preclean 0.575ms
[2020-09-24T04:22:53.092+0000][23404][gc,marking   ] GC(438) Concurrent Mark (2845.317s, 2845.467s) 149.768ms
[2020-09-24T04:22:53.092+0000][23404][gc,start     ] GC(438) Pause Remark
[2020-09-24T04:22:53.100+0000][23404][gc           ] GC(438) Pause Remark 460M->460M(1024M) 7.754ms
[2020-09-24T04:22:53.100+0000][23404][gc,cpu       ] GC(438) User=0.11s Sys=0.00s Real=0.01s
[2020-09-24T04:22:53.100+0000][23404][safepoint    ] Safepoint "G1Concurrent", Time since last: 153671900 ns, Reaching safepoint: 130400 ns, At safepoint: 7974600 ns, Total: 8105000 ns
[2020-09-24T04:22:53.100+0000][23404][gc,marking   ] GC(438) Concurrent Rebuild Remembered Sets
[2020-09-24T04:22:53.182+0000][23404][gc,marking   ] GC(438) Concurrent Rebuild Remembered Sets 82.370ms
[2020-09-24T04:22:53.183+0000][23404][gc,start     ] GC(438) Pause Cleanup
[2020-09-24T04:22:53.183+0000][23404][gc           ] GC(438) Pause Cleanup 533M->533M(1024M) 0.378ms
[2020-09-24T04:22:53.183+0000][23404][gc,cpu       ] GC(438) User=0.00s Sys=0.00s Real=0.00s
[2020-09-24T04:22:53.183+0000][23404][safepoint    ] Safepoint "G1Concurrent", Time since last: 82545400 ns, Reaching safepoint: 170600 ns, At safepoint: 548600 ns, Total: 719200 ns
[2020-09-24T04:22:53.183+0000][23404][gc,marking   ] GC(438) Concurrent Cleanup for Next Mark
[2020-09-24T04:22:53.185+0000][23404][gc,marking   ] GC(438) Concurrent Cleanup for Next Mark 1.991ms
[2020-09-24T04:22:53.185+0000][23404][gc           ] GC(438) Concurrent Cycle 247.328ms
[2020-09-24T04:22:55.184+0000][23404][safepoint    ] Safepoint "Cleanup", Time since last: 2000488600 ns, Reaching safepoint: 243600 ns, At safepoint: 6300 ns, Total: 249900 ns
[2020-09-24T04:22:56.185+0000][23404][safepoint    ] Safepoint "Cleanup", Time since last: 1000120000 ns, Reaching safepoint: 166100 ns, At safepoint: 5800 ns, Total: 171900 ns
[2020-09-24T04:22:56.446+0000][23404][gc,start     ] GC(439) Pause Young (Concurrent Start) (G1 Humongous Allocation)
[2020-09-24T04:22:56.446+0000][23404][gc,task      ] GC(439) Using 8 workers of 8 for evacuation
[2020-09-24T04:22:56.446+0000][23404][gc,age       ] GC(439) Desired survivor size 32505856 bytes, new threshold 15 (max threshold 15)
[2020-09-24T04:22:56.451+0000][23404][gc,age       ] GC(439) Age table with threshold 15 (max threshold 15)
[2020-09-24T04:22:56.451+0000][23404][gc,age       ] GC(439) - age   1:   13280888 bytes,   13280888 total
[2020-09-24T04:22:56.451+0000][23404][gc,age       ] GC(439) - age   2:       1680 bytes,   13282568 total
[2020-09-24T04:22:56.451+0000][23404][gc,age       ] GC(439) - age   3:       1872 bytes,   13284440 total
[2020-09-24T04:22:56.451+0000][23404][gc,age       ] GC(439) - age   4:       1440 bytes,   13285880 total
[2020-09-24T04:22:56.451+0000][23404][gc,age       ] GC(439) - age   5:        856 bytes,   13286736 total
[2020-09-24T04:22:56.451+0000][23404][gc,age       ] GC(439) - age   6:      61536 bytes,   13348272 total
[2020-09-24T04:22:56.451+0000][23404][gc,age       ] GC(439) - age   7:       1632 bytes,   13349904 total
[2020-09-24T04:22:56.451+0000][23404][gc,age       ] GC(439) - age   8:       1200 bytes,   13351104 total
[2020-09-24T04:22:56.451+0000][23404][gc,age       ] GC(439) - age   9:       1528 bytes,   13352632 total
[2020-09-24T04:22:56.451+0000][23404][gc,age       ] GC(439) - age  10:      26256 bytes,   13378888 total
[2020-09-24T04:22:56.451+0000][23404][gc,age       ] GC(439) - age  11:      74472 bytes,   13453360 total
[2020-09-24T04:22:56.451+0000][23404][gc,age       ] GC(439) - age  12:        888 bytes,   13454248 total
[2020-09-24T04:22:56.451+0000][23404][gc,age       ] GC(439) - age  13:      87592 bytes,   13541840 total
[2020-09-24T04:22:56.451+0000][23404][gc,age       ] GC(439) - age  14:      40800 bytes,   13582640 total
[2020-09-24T04:22:56.451+0000][23404][gc,age       ] GC(439) - age  15:     273088 bytes,   13855728 total
[2020-09-24T04:22:56.452+0000][23404][gc,phases    ] GC(439)   Pre Evacuate Collection Set: 0.4ms
[2020-09-24T04:22:56.452+0000][23404][gc,phases    ] GC(439)   Merge Heap Roots: 0.1ms
[2020-09-24T04:22:56.452+0000][23404][gc,phases    ] GC(439)   Evacuate Collection Set: 3.5ms
[2020-09-24T04:22:56.452+0000][23404][gc,phases    ] GC(439)   Post Evacuate Collection Set: 0.8ms
[2020-09-24T04:22:56.452+0000][23404][gc,phases    ] GC(439)   Other: 0.8ms
[2020-09-24T04:22:56.452+0000][23404][gc,heap      ] GC(439) Eden regions: 107->0(473)
[2020-09-24T04:22:56.452+0000][23404][gc,heap      ] GC(439) Survivor regions: 5->14(62)
[2020-09-24T04:22:56.452+0000][23404][gc,heap      ] GC(439) Old regions: 84->84
[2020-09-24T04:22:56.452+0000][23404][gc,heap      ] GC(439) Archive regions: 0->0
[2020-09-24T04:22:56.452+0000][23404][gc,heap      ] GC(439) Humongous regions: 374->174
[2020-09-24T04:22:56.452+0000][23404][gc,metaspace ] GC(439) Metaspace: 89910K(96000K)->89910K(96000K) NonClass: 78602K(82176K)->78602K(82176K) Class: 11307K(13824K)->11307K(13824K)
[2020-09-24T04:22:56.452+0000][23404][gc           ] GC(439) Pause Young (Concurrent Start) (G1 Humongous Allocation) 568M->270M(1024M) 5.885ms
[2020-09-24T04:22:56.452+0000][23404][gc,cpu       ] GC(439) User=0.00s Sys=0.00s Real=0.01s
[2020-09-24T04:22:56.452+0000][23404][gc           ] GC(440) Concurrent Cycle
[2020-09-24T04:22:56.452+0000][23404][safepoint    ] Safepoint "G1TryInitiateConcMark", Time since last: 261763400 ns, Reaching safepoint: 150500 ns, At safepoint: 6089500 ns, Total: 6240000 ns
[2020-09-24T04:22:56.452+0000][23404][gc,marking   ] GC(440) Concurrent Clear Claimed Marks
[2020-09-24T04:22:56.453+0000][23404][gc,marking   ] GC(440) Concurrent Clear Claimed Marks 1.023ms
[2020-09-24T04:22:56.453+0000][23404][gc,marking   ] GC(440) Concurrent Scan Root Regions
[2020-09-24T04:22:56.458+0000][23404][gc,marking   ] GC(440) Concurrent Scan Root Regions 4.380ms
[2020-09-24T04:22:56.458+0000][23404][gc,marking   ] GC(440) Concurrent Mark (2848.833s)
[2020-09-24T04:22:56.458+0000][23404][gc,marking   ] GC(440) Concurrent Mark From Roots
[2020-09-24T04:22:56.458+0000][23404][gc,task      ] GC(440) Using 2 workers of 2 for marking
[2020-09-24T04:22:56.559+0000][23404][gc,marking   ] GC(440) Concurrent Mark From Roots 100.974ms
[2020-09-24T04:22:56.559+0000][23404][gc,marking   ] GC(440) Concurrent Preclean
[2020-09-24T04:22:56.559+0000][23404][gc,marking   ] GC(440) Concurrent Preclean 0.342ms
[2020-09-24T04:22:56.559+0000][23404][gc,marking   ] GC(440) Concurrent Mark (2848.833s, 2848.935s) 101.455ms
[2020-09-24T04:22:56.559+0000][23404][gc,start     ] GC(440) Pause Remark
[2020-09-24T04:22:56.566+0000][23404][gc           ] GC(440) Pause Remark 603M->603M(1024M) 6.195ms
[2020-09-24T04:22:56.566+0000][23404][gc,cpu       ] GC(440) User=0.00s Sys=0.00s Real=0.01s
[2020-09-24T04:22:56.566+0000][23404][safepoint    ] Safepoint "G1Concurrent", Time since last: 107339900 ns, Reaching safepoint: 114200 ns, At safepoint: 6514100 ns, Total: 6628300 ns
[2020-09-24T04:22:56.566+0000][23404][gc,marking   ] GC(440) Concurrent Rebuild Remembered Sets
[2020-09-24T04:22:56.627+0000][23404][gc,marking   ] GC(440) Concurrent Rebuild Remembered Sets 60.924ms
[2020-09-24T04:22:56.627+0000][23404][gc,start     ] GC(440) Pause Cleanup
[2020-09-24T04:22:56.627+0000][23404][gc           ] GC(440) Pause Cleanup 735M->735M(1024M) 0.295ms
[2020-09-24T04:22:56.628+0000][23404][gc,cpu       ] GC(440) User=0.00s Sys=0.00s Real=0.00s
[2020-09-24T04:22:56.628+0000][23404][safepoint    ] Safepoint "G1Concurrent", Time since last: 61073600 ns, Reaching safepoint: 137800 ns, At safepoint: 483500 ns, Total: 621300 ns
[2020-09-24T04:22:56.628+0000][23404][gc,marking   ] GC(440) Concurrent Cleanup for Next Mark
[2020-09-24T04:22:56.630+0000][23404][gc,marking   ] GC(440) Concurrent Cleanup for Next Mark 1.913ms
[2020-09-24T04:22:56.630+0000][23404][gc           ] GC(440) Concurrent Cycle 177.781ms
[2020-09-24T04:22:56.895+0000][23404][gc,start     ] GC(441) Pause Young (Concurrent Start) (G1 Humongous Allocation)
[2020-09-24T04:22:56.895+0000][23404][gc,task      ] GC(441) Using 8 workers of 8 for evacuation
[2020-09-24T04:22:56.895+0000][23404][gc,age       ] GC(441) Desired survivor size 31981568 bytes, new threshold 15 (max threshold 15)
[2020-09-24T04:22:56.899+0000][23404][gc,age       ] GC(441) Age table with threshold 15 (max threshold 15)
[2020-09-24T04:22:56.899+0000][23404][gc,age       ] GC(441) - age   1:    2724968 bytes,    2724968 total
[2020-09-24T04:22:56.899+0000][23404][gc,age       ] GC(441) - age   2:      68248 bytes,    2793216 total
[2020-09-24T04:22:56.899+0000][23404][gc,age       ] GC(441) - age   3:       1520 bytes,    2794736 total
[2020-09-24T04:22:56.899+0000][23404][gc,age       ] GC(441) - age   4:       1744 bytes,    2796480 total
[2020-09-24T04:22:56.899+0000][23404][gc,age       ] GC(441) - age   5:       1208 bytes,    2797688 total
[2020-09-24T04:22:56.899+0000][23404][gc,age       ] GC(441) - age   6:        760 bytes,    2798448 total
[2020-09-24T04:22:56.899+0000][23404][gc,age       ] GC(441) - age   7:      61040 bytes,    2859488 total
[2020-09-24T04:22:56.899+0000][23404][gc,age       ] GC(441) - age   8:       1408 bytes,    2860896 total
[2020-09-24T04:22:56.899+0000][23404][gc,age       ] GC(441) - age   9:       1200 bytes,    2862096 total
[2020-09-24T04:22:56.899+0000][23404][gc,age       ] GC(441) - age  10:       1432 bytes,    2863528 total
[2020-09-24T04:22:56.899+0000][23404][gc,age       ] GC(441) - age  11:      26120 bytes,    2889648 total
[2020-09-24T04:22:56.899+0000][23404][gc,age       ] GC(441) - age  12:      74472 bytes,    2964120 total
[2020-09-24T04:22:56.899+0000][23404][gc,age       ] GC(441) - age  13:        888 bytes,    2965008 total
[2020-09-24T04:22:56.899+0000][23404][gc,age       ] GC(441) - age  14:      87416 bytes,    3052424 total
[2020-09-24T04:22:56.899+0000][23404][gc,age       ] GC(441) - age  15:      40624 bytes,    3093048 total
[2020-09-24T04:22:56.899+0000][23404][gc,phases    ] GC(441)   Pre Evacuate Collection Set: 0.5ms
[2020-09-24T04:22:56.899+0000][23404][gc,phases    ] GC(441)   Merge Heap Roots: 0.1ms
[2020-09-24T04:22:56.899+0000][23404][gc,phases    ] GC(441)   Evacuate Collection Set: 2.1ms
[2020-09-24T04:22:56.899+0000][23404][gc,phases    ] GC(441)   Post Evacuate Collection Set: 0.9ms
[2020-09-24T04:22:56.899+0000][23404][gc,phases    ] GC(441)   Other: 0.6ms
[2020-09-24T04:22:56.900+0000][23404][gc,heap      ] GC(441) Eden regions: 124->0(486)
[2020-09-24T04:22:56.900+0000][23404][gc,heap      ] GC(441) Survivor regions: 14->4(61)
[2020-09-24T04:22:56.900+0000][23404][gc,heap      ] GC(441) Old regions: 84->84
[2020-09-24T04:22:56.900+0000][23404][gc,heap      ] GC(441) Archive regions: 0->0
[2020-09-24T04:22:56.900+0000][23404][gc,heap      ] GC(441) Humongous regions: 530->174
[2020-09-24T04:22:56.900+0000][23404][gc,metaspace ] GC(441) Metaspace: 89923K(96000K)->89923K(96000K) NonClass: 78615K(82176K)->78615K(82176K) Class: 11307K(13824K)->11307K(13824K)
[2020-09-24T04:22:56.900+0000][23404][gc           ] GC(441) Pause Young (Concurrent Start) (G1 Humongous Allocation) 750M->261M(1024M) 4.513ms
[2020-09-24T04:22:56.900+0000][23404][gc,cpu       ] GC(441) User=0.02s Sys=0.00s Real=0.01s
[2020-09-24T04:22:56.900+0000][23404][gc           ] GC(442) Concurrent Cycle
[2020-09-24T04:22:56.900+0000][23404][safepoint    ] Safepoint "G1TryInitiateConcMark", Time since last: 267217000 ns, Reaching safepoint: 225300 ns, At safepoint: 4656700 ns, Total: 4882000 ns
[2020-09-24T04:22:56.900+0000][23404][gc,marking   ] GC(442) Concurrent Clear Claimed Marks
[2020-09-24T04:22:56.900+0000][23404][gc,marking   ] GC(442) Concurrent Clear Claimed Marks 0.664ms
[2020-09-24T04:22:56.901+0000][23404][gc,marking   ] GC(442) Concurrent Scan Root Regions
[2020-09-24T04:22:56.903+0000][23404][gc,marking   ] GC(442) Concurrent Scan Root Regions 1.695ms
[2020-09-24T04:22:56.903+0000][23404][gc,marking   ] GC(442) Concurrent Mark (2849.278s)
[2020-09-24T04:22:56.903+0000][23404][gc,marking   ] GC(442) Concurrent Mark From Roots
[2020-09-24T04:22:56.903+0000][23404][gc,task      ] GC(442) Using 2 workers of 2 for marking
[2020-09-24T04:22:57.007+0000][23404][gc,marking   ] GC(442) Concurrent Mark From Roots 104.246ms
[2020-09-24T04:22:57.007+0000][23404][gc,marking   ] GC(442) Concurrent Preclean
[2020-09-24T04:22:57.007+0000][23404][gc,marking   ] GC(442) Concurrent Preclean 0.395ms
[2020-09-24T04:22:57.007+0000][23404][gc,marking   ] GC(442) Concurrent Mark (2849.278s, 2849.382s) 104.786ms
[2020-09-24T04:22:57.007+0000][23404][gc,start     ] GC(442) Pause Remark
[2020-09-24T04:22:57.014+0000][23404][gc           ] GC(442) Pause Remark 395M->395M(1024M) 6.317ms
[2020-09-24T04:22:57.014+0000][23404][gc,cpu       ] GC(442) User=0.00s Sys=0.00s Real=0.01s
[2020-09-24T04:22:57.014+0000][23404][safepoint    ] Safepoint "G1Concurrent", Time since last: 107490000 ns, Reaching safepoint: 115800 ns, At safepoint: 6499800 ns, Total: 6615600 ns
[2020-09-24T04:22:57.014+0000][23404][gc,marking   ] GC(442) Concurrent Rebuild Remembered Sets
[2020-09-24T04:22:57.073+0000][23404][gc,marking   ] GC(442) Concurrent Rebuild Remembered Sets 58.767ms
[2020-09-24T04:22:57.073+0000][23404][gc,start     ] GC(442) Pause Cleanup
[2020-09-24T04:22:57.073+0000][23404][gc           ] GC(442) Pause Cleanup 395M->395M(1024M) 0.282ms
[2020-09-24T04:22:57.073+0000][23404][gc,cpu       ] GC(442) User=0.00s Sys=0.00s Real=0.00s
[2020-09-24T04:22:57.073+0000][23404][safepoint    ] Safepoint "G1Concurrent", Time since last: 58897800 ns, Reaching safepoint: 110400 ns, At safepoint: 400900 ns, Total: 511300 ns
[2020-09-24T04:22:57.073+0000][23404][gc,marking   ] GC(442) Concurrent Cleanup for Next Mark
[2020-09-24T04:22:57.075+0000][23404][gc,marking   ] GC(442) Concurrent Cleanup for Next Mark 1.987ms
[2020-09-24T04:22:57.075+0000][23404][gc           ] GC(442) Concurrent Cycle 175.687ms
[2020-09-24T04:22:57.108+0000][23404][gc,start     ] GC(443) Pause Young (Concurrent Start) (G1 Humongous Allocation)
[2020-09-24T04:22:57.109+0000][23404][gc,task      ] GC(443) Using 8 workers of 8 for evacuation
[2020-09-24T04:22:57.109+0000][23404][gc,age       ] GC(443) Desired survivor size 32505856 bytes, new threshold 15 (max threshold 15)
[2020-09-24T04:22:57.115+0000][23404][gc,age       ] GC(443) Age table with threshold 15 (max threshold 15)
[2020-09-24T04:22:57.115+0000][23404][gc,age       ] GC(443) - age   1:   13344624 bytes,   13344624 total
[2020-09-24T04:22:57.115+0000][23404][gc,age       ] GC(443) - age   2:      75488 bytes,   13420112 total
[2020-09-24T04:22:57.116+0000][23404][gc,age       ] GC(443) - age   3:      67184 bytes,   13487296 total
[2020-09-24T04:22:57.116+0000][23404][gc,age       ] GC(443) - age   4:       1520 bytes,   13488816 total
[2020-09-24T04:22:57.116+0000][23404][gc,age       ] GC(443) - age   5:       1616 bytes,   13490432 total
[2020-09-24T04:22:57.116+0000][23404][gc,age       ] GC(443) - age   6:       1080 bytes,   13491512 total
[2020-09-24T04:22:57.116+0000][23404][gc,age       ] GC(443) - age   7:        664 bytes,   13492176 total
[2020-09-24T04:22:57.116+0000][23404][gc,age       ] GC(443) - age   8:      61040 bytes,   13553216 total
[2020-09-24T04:22:57.116+0000][23404][gc,age       ] GC(443) - age   9:       1344 bytes,   13554560 total
[2020-09-24T04:22:57.116+0000][23404][gc,age       ] GC(443) - age  10:       1200 bytes,   13555760 total
[2020-09-24T04:22:57.116+0000][23404][gc,age       ] GC(443) - age  11:       1432 bytes,   13557192 total
[2020-09-24T04:22:57.116+0000][23404][gc,age       ] GC(443) - age  12:      26120 bytes,   13583312 total
[2020-09-24T04:22:57.116+0000][23404][gc,age       ] GC(443) - age  13:      74472 bytes,   13657784 total
[2020-09-24T04:22:57.116+0000][23404][gc,age       ] GC(443) - age  14:        888 bytes,   13658672 total
[2020-09-24T04:22:57.116+0000][23404][gc,age       ] GC(443) - age  15:      87416 bytes,   13746088 total
[2020-09-24T04:22:57.116+0000][23404][gc,phases    ] GC(443)   Pre Evacuate Collection Set: 0.4ms
[2020-09-24T04:22:57.116+0000][23404][gc,phases    ] GC(443)   Merge Heap Roots: 0.1ms
[2020-09-24T04:22:57.116+0000][23404][gc,phases    ] GC(443)   Evacuate Collection Set: 5.0ms
[2020-09-24T04:22:57.116+0000][23404][gc,phases    ] GC(443)   Post Evacuate Collection Set: 1.0ms
[2020-09-24T04:22:57.116+0000][23404][gc,phases    ] GC(443)   Other: 1.2ms
[2020-09-24T04:22:57.116+0000][23404][gc,heap      ] GC(443) Eden regions: 55->0(471)
[2020-09-24T04:22:57.116+0000][23404][gc,heap      ] GC(443) Survivor regions: 4->14(62)
[2020-09-24T04:22:57.116+0000][23404][gc,heap      ] GC(443) Old regions: 84->84
[2020-09-24T04:22:57.116+0000][23404][gc,heap      ] GC(443) Archive regions: 0->0
[2020-09-24T04:22:57.116+0000][23404][gc,heap      ] GC(443) Humongous regions: 274->174
[2020-09-24T04:22:57.116+0000][23404][gc,metaspace ] GC(443) Metaspace: 89923K(96000K)->89923K(96000K) NonClass: 78615K(82176K)->78615K(82176K) Class: 11307K(13824K)->11307K(13824K)
[2020-09-24T04:22:57.117+0000][23404][gc           ] GC(443) Pause Young (Concurrent Start) (G1 Humongous Allocation) 415M->271M(1024M) 8.135ms
[2020-09-24T04:22:57.117+0000][23404][gc,cpu       ] GC(443) User=0.00s Sys=0.03s Real=0.01s
[2020-09-24T04:22:57.117+0000][23404][gc           ] GC(444) Concurrent Cycle
[2020-09-24T04:22:57.117+0000][23404][gc,marking   ] GC(444) Concurrent Clear Claimed Marks
[2020-09-24T04:22:57.117+0000][23404][gc,marking   ] GC(444) Concurrent Clear Claimed Marks 0.345ms
[2020-09-24T04:22:57.117+0000][23404][gc,marking   ] GC(444) Concurrent Scan Root Regions
[2020-09-24T04:22:57.119+0000][23404][safepoint    ] Safepoint "G1TryInitiateConcMark", Time since last: 34814800 ns, Reaching safepoint: 277000 ns, At safepoint: 10328100 ns, Total: 10605100 ns
[2020-09-24T04:22:57.119+0000][23404][gc,marking   ] GC(444) Concurrent Scan Root Regions 1.549ms
[2020-09-24T04:22:57.119+0000][23404][gc,marking   ] GC(444) Concurrent Mark (2849.494s)
[2020-09-24T04:22:57.119+0000][23404][gc,marking   ] GC(444) Concurrent Mark From Roots
[2020-09-24T04:22:57.119+0000][23404][gc,task      ] GC(444) Using 2 workers of 2 for marking
[2020-09-24T04:22:57.268+0000][23404][gc,marking   ] GC(444) Concurrent Mark From Roots 149.382ms
[2020-09-24T04:22:57.268+0000][23404][gc,marking   ] GC(444) Concurrent Preclean
[2020-09-24T04:22:57.269+0000][23404][gc,marking   ] GC(444) Concurrent Preclean 0.588ms
[2020-09-24T04:22:57.269+0000][23404][gc,marking   ] GC(444) Concurrent Mark (2849.494s, 2849.644s) 150.164ms
[2020-09-24T04:22:57.269+0000][23404][gc,start     ] GC(444) Pause Remark
[2020-09-24T04:22:57.276+0000][23404][gc           ] GC(444) Pause Remark 600M->600M(1024M) 6.341ms
[2020-09-24T04:22:57.276+0000][23404][gc,cpu       ] GC(444) User=0.13s Sys=0.00s Real=0.01s
[2020-09-24T04:22:57.276+0000][23404][safepoint    ] Safepoint "G1Concurrent", Time since last: 150369800 ns, Reaching safepoint: 296200 ns, At safepoint: 6586600 ns, Total: 6882800 ns
[2020-09-24T04:22:57.276+0000][23404][gc,marking   ] GC(444) Concurrent Rebuild Remembered Sets
[2020-09-24T04:22:57.366+0000][23404][gc,marking   ] GC(444) Concurrent Rebuild Remembered Sets 88.887ms
[2020-09-24T04:22:57.366+0000][23404][gc,start     ] GC(444) Pause Cleanup
[2020-09-24T04:22:57.366+0000][23404][gc           ] GC(444) Pause Cleanup 666M->666M(1024M) 0.308ms
[2020-09-24T04:22:57.366+0000][23404][gc,cpu       ] GC(444) User=0.00s Sys=0.00s Real=0.00s
[2020-09-24T04:22:57.366+0000][23404][safepoint    ] Safepoint "G1Concurrent", Time since last: 89051300 ns, Reaching safepoint: 158400 ns, At safepoint: 462500 ns, Total: 620900 ns
[2020-09-24T04:22:57.366+0000][23404][gc,marking   ] GC(444) Concurrent Cleanup for Next Mark
[2020-09-24T04:22:57.369+0000][23404][gc,marking   ] GC(444) Concurrent Cleanup for Next Mark 2.070ms
[2020-09-24T04:22:57.369+0000][23404][gc           ] GC(444) Concurrent Cycle 251.190ms
[2020-09-24T04:22:57.405+0000][23404][gc,start     ] GC(445) Pause Young (Concurrent Start) (G1 Humongous Allocation)
[2020-09-24T04:22:57.405+0000][23404][gc,task      ] GC(445) Using 8 workers of 8 for evacuation
[2020-09-24T04:22:57.405+0000][23404][gc,age       ] GC(445) Desired survivor size 31981568 bytes, new threshold 15 (max threshold 15)
[2020-09-24T04:22:57.409+0000][23404][gc,age       ] GC(445) Age table with threshold 15 (max threshold 15)
[2020-09-24T04:22:57.409+0000][23404][gc,age       ] GC(445) - age   1:    3086608 bytes,    3086608 total
[2020-09-24T04:22:57.409+0000][23404][gc,age       ] GC(445) - age   2:       2328 bytes,    3088936 total
[2020-09-24T04:22:57.409+0000][23404][gc,age       ] GC(445) - age   3:      66040 bytes,    3154976 total
[2020-09-24T04:22:57.409+0000][23404][gc,age       ] GC(445) - age   4:      66848 bytes,    3221824 total
[2020-09-24T04:22:57.409+0000][23404][gc,age       ] GC(445) - age   5:       1520 bytes,    3223344 total
[2020-09-24T04:22:57.409+0000][23404][gc,age       ] GC(445) - age   6:       1520 bytes,    3224864 total
[2020-09-24T04:22:57.409+0000][23404][gc,age       ] GC(445) - age   7:       1048 bytes,    3225912 total
[2020-09-24T04:22:57.409+0000][23404][gc,age       ] GC(445) - age   8:        632 bytes,    3226544 total
[2020-09-24T04:22:57.409+0000][23404][gc,age       ] GC(445) - age   9:      61040 bytes,    3287584 total
[2020-09-24T04:22:57.409+0000][23404][gc,age       ] GC(445) - age  10:       1152 bytes,    3288736 total
[2020-09-24T04:22:57.409+0000][23404][gc,age       ] GC(445) - age  11:       1168 bytes,    3289904 total
[2020-09-24T04:22:57.409+0000][23404][gc,age       ] GC(445) - age  12:       1432 bytes,    3291336 total
[2020-09-24T04:22:57.409+0000][23404][gc,age       ] GC(445) - age  13:      26088 bytes,    3317424 total
[2020-09-24T04:22:57.409+0000][23404][gc,age       ] GC(445) - age  14:      74472 bytes,    3391896 total
[2020-09-24T04:22:57.409+0000][23404][gc,age       ] GC(445) - age  15:        888 bytes,    3392784 total
[2020-09-24T04:22:57.409+0000][23404][gc,phases    ] GC(445)   Pre Evacuate Collection Set: 0.4ms
[2020-09-24T04:22:57.409+0000][23404][gc,phases    ] GC(445)   Merge Heap Roots: 0.1ms
[2020-09-24T04:22:57.409+0000][23404][gc,phases    ] GC(445)   Evacuate Collection Set: 2.0ms
[2020-09-24T04:22:57.409+0000][23404][gc,phases    ] GC(445)   Post Evacuate Collection Set: 0.9ms
[2020-09-24T04:22:57.409+0000][23404][gc,phases    ] GC(445)   Other: 0.9ms
[2020-09-24T04:22:57.409+0000][23404][gc,heap      ] GC(445) Eden regions: 103->0(481)
[2020-09-24T04:22:57.409+0000][23404][gc,heap      ] GC(445) Survivor regions: 14->4(61)
[2020-09-24T04:22:57.409+0000][23404][gc,heap      ] GC(445) Old regions: 84->84
[2020-09-24T04:22:57.409+0000][23404][gc,heap      ] GC(445) Archive regions: 0->0
[2020-09-24T04:22:57.409+0000][23404][gc,heap      ] GC(445) Humongous regions: 480->174
[2020-09-24T04:22:57.409+0000][23404][gc,metaspace ] GC(445) Metaspace: 89926K(96000K)->89926K(96000K) NonClass: 78618K(82176K)->78618K(82176K) Class: 11307K(13824K)->11307K(13824K)
[2020-09-24T04:22:57.409+0000][23404][gc           ] GC(445) Pause Young (Concurrent Start) (G1 Humongous Allocation) 680M->261M(1024M) 4.637ms
[2020-09-24T04:22:57.410+0000][23404][gc,cpu       ] GC(445) User=0.00s Sys=0.00s Real=0.01s
[2020-09-24T04:22:57.410+0000][23404][safepoint    ] Safepoint "G1TryInitiateConcMark", Time since last: 39041100 ns, Reaching safepoint: 131000 ns, At safepoint: 4809400 ns, Total: 4940400 ns
[2020-09-24T04:22:57.410+0000][23404][gc           ] GC(446) Concurrent Cycle
[2020-09-24T04:22:57.410+0000][23404][gc,marking   ] GC(446) Concurrent Clear Claimed Marks
[2020-09-24T04:22:57.410+0000][23404][gc,marking   ] GC(446) Concurrent Clear Claimed Marks 0.493ms
[2020-09-24T04:22:57.410+0000][23404][gc,marking   ] GC(446) Concurrent Scan Root Regions
[2020-09-24T04:22:57.413+0000][23404][gc,marking   ] GC(446) Concurrent Scan Root Regions 2.558ms
[2020-09-24T04:22:57.413+0000][23404][gc,marking   ] GC(446) Concurrent Mark (2849.788s)
[2020-09-24T04:22:57.413+0000][23404][gc,marking   ] GC(446) Concurrent Mark From Roots
[2020-09-24T04:22:57.413+0000][23404][gc,task      ] GC(446) Using 2 workers of 2 for marking
[2020-09-24T04:22:57.537+0000][23404][gc,marking   ] GC(446) Concurrent Mark From Roots 123.134ms
[2020-09-24T04:22:57.537+0000][23404][gc,marking   ] GC(446) Concurrent Preclean
[2020-09-24T04:22:57.538+0000][23404][gc,marking   ] GC(446) Concurrent Preclean 0.827ms
[2020-09-24T04:22:57.538+0000][23404][gc,marking   ] GC(446) Concurrent Mark (2849.788s, 2849.913s) 124.240ms
[2020-09-24T04:22:57.538+0000][23404][gc,start     ] GC(446) Pause Remark
[2020-09-24T04:22:57.544+0000][23404][gc           ] GC(446) Pause Remark 435M->435M(1024M) 6.336ms
[2020-09-24T04:22:57.544+0000][23404][gc,cpu       ] GC(446) User=0.00s Sys=0.00s Real=0.01s
[2020-09-24T04:22:57.544+0000][23404][safepoint    ] Safepoint "G1Concurrent", Time since last: 127728400 ns, Reaching safepoint: 191000 ns, At safepoint: 6625100 ns, Total: 6816100 ns
[2020-09-24T04:22:57.544+0000][23404][gc,marking   ] GC(446) Concurrent Rebuild Remembered Sets
[2020-09-24T04:22:57.619+0000][23404][gc,marking   ] GC(446) Concurrent Rebuild Remembered Sets 75.111ms
[2020-09-24T04:22:57.620+0000][23404][gc,start     ] GC(446) Pause Cleanup
[2020-09-24T04:22:57.620+0000][23404][gc           ] GC(446) Pause Cleanup 531M->531M(1024M) 0.301ms
[2020-09-24T04:22:57.620+0000][23404][gc,cpu       ] GC(446) User=0.00s Sys=0.00s Real=0.00s
[2020-09-24T04:22:57.620+0000][23404][safepoint    ] Safepoint "G1Concurrent", Time since last: 75279700 ns, Reaching safepoint: 142600 ns, At safepoint: 451100 ns, Total: 593700 ns
[2020-09-24T04:22:57.620+0000][23404][gc,marking   ] GC(446) Concurrent Cleanup for Next Mark
[2020-09-24T04:22:57.623+0000][23404][gc,marking   ] GC(446) Concurrent Cleanup for Next Mark 1.679ms
[2020-09-24T04:22:57.623+0000][23404][gc           ] GC(446) Concurrent Cycle 212.255ms
[2020-09-24T04:22:57.645+0000][23404][gc,start     ] GC(447) Pause Young (Concurrent Start) (G1 Humongous Allocation)
[2020-09-24T04:22:57.645+0000][23404][gc,task      ] GC(447) Using 8 workers of 8 for evacuation
[2020-09-24T04:22:57.645+0000][23404][gc,age       ] GC(447) Desired survivor size 31981568 bytes, new threshold 15 (max threshold 15)
[2020-09-24T04:22:57.648+0000][23404][gc,age       ] GC(447) Age table with threshold 15 (max threshold 15)
[2020-09-24T04:22:57.648+0000][23404][gc,age       ] GC(447) - age   1:    3469960 bytes,    3469960 total
[2020-09-24T04:22:57.649+0000][23404][gc,age       ] GC(447) - age   2:      22976 bytes,    3492936 total
[2020-09-24T04:22:57.649+0000][23404][gc,age       ] GC(447) - age   3:       1688 bytes,    3494624 total
[2020-09-24T04:22:57.649+0000][23404][gc,age       ] GC(447) - age   4:      65480 bytes,    3560104 total
[2020-09-24T04:22:57.649+0000][23404][gc,age       ] GC(447) - age   5:      66816 bytes,    3626920 total
[2020-09-24T04:22:57.649+0000][23404][gc,age       ] GC(447) - age   6:       1424 bytes,    3628344 total
[2020-09-24T04:22:57.649+0000][23404][gc,age       ] GC(447) - age   7:       1360 bytes,    3629704 total
[2020-09-24T04:22:57.649+0000][23404][gc,age       ] GC(447) - age   8:        856 bytes,    3630560 total
[2020-09-24T04:22:57.649+0000][23404][gc,age       ] GC(447) - age   9:        632 bytes,    3631192 total
[2020-09-24T04:22:57.649+0000][23404][gc,age       ] GC(447) - age  10:      60848 bytes,    3692040 total
[2020-09-24T04:22:57.649+0000][23404][gc,age       ] GC(447) - age  11:       1120 bytes,    3693160 total
[2020-09-24T04:22:57.649+0000][23404][gc,age       ] GC(447) - age  12:       1168 bytes,    3694328 total
[2020-09-24T04:22:57.649+0000][23404][gc,age       ] GC(447) - age  13:       1432 bytes,    3695760 total
[2020-09-24T04:22:57.649+0000][23404][gc,age       ] GC(447) - age  14:      26024 bytes,    3721784 total
[2020-09-24T04:22:57.649+0000][23404][gc,age       ] GC(447) - age  15:      74472 bytes,    3796256 total
[2020-09-24T04:22:57.649+0000][23404][gc,phases    ] GC(447)   Pre Evacuate Collection Set: 0.4ms
[2020-09-24T04:22:57.649+0000][23404][gc,phases    ] GC(447)   Merge Heap Roots: 0.1ms
[2020-09-24T04:22:57.649+0000][23404][gc,phases    ] GC(447)   Evacuate Collection Set: 2.1ms
[2020-09-24T04:22:57.649+0000][23404][gc,phases    ] GC(447)   Post Evacuate Collection Set: 0.7ms
[2020-09-24T04:22:57.649+0000][23404][gc,phases    ] GC(447)   Other: 0.8ms
[2020-09-24T04:22:57.649+0000][23404][gc,heap      ] GC(447) Eden regions: 78->0(484)
[2020-09-24T04:22:57.649+0000][23404][gc,heap      ] GC(447) Survivor regions: 4->5(61)
[2020-09-24T04:22:57.649+0000][23404][gc,heap      ] GC(447) Old regions: 84->84
[2020-09-24T04:22:57.649+0000][23404][gc,heap      ] GC(447) Archive regions: 0->0
[2020-09-24T04:22:57.649+0000][23404][gc,heap      ] GC(447) Humongous regions: 374->174
[2020-09-24T04:22:57.649+0000][23404][gc,metaspace ] GC(447) Metaspace: 89926K(96000K)->89926K(96000K) NonClass: 78618K(82176K)->78618K(82176K) Class: 11307K(13824K)->11307K(13824K)
[2020-09-24T04:22:57.649+0000][23404][gc           ] GC(447) Pause Young (Concurrent Start) (G1 Humongous Allocation) 539M->261M(1024M) 4.420ms
[2020-09-24T04:22:57.649+0000][23404][gc,cpu       ] GC(447) User=0.00s Sys=0.02s Real=0.00s
[2020-09-24T04:22:57.649+0000][23404][safepoint    ] Safepoint "G1TryInitiateConcMark", Time since last: 24537600 ns, Reaching safepoint: 139500 ns, At safepoint: 4564700 ns, Total: 4704200 ns
[2020-09-24T04:22:57.649+0000][23404][gc           ] GC(448) Concurrent Cycle
[2020-09-24T04:22:57.649+0000][23404][gc,marking   ] GC(448) Concurrent Clear Claimed Marks
[2020-09-24T04:22:57.650+0000][23404][gc,marking   ] GC(448) Concurrent Clear Claimed Marks 0.502ms
[2020-09-24T04:22:57.650+0000][23404][gc,marking   ] GC(448) Concurrent Scan Root Regions
[2020-09-24T04:22:57.653+0000][23404][gc,marking   ] GC(448) Concurrent Scan Root Regions 2.126ms
[2020-09-24T04:22:57.653+0000][23404][gc,marking   ] GC(448) Concurrent Mark (2850.027s)
[2020-09-24T04:22:57.653+0000][23404][gc,marking   ] GC(448) Concurrent Mark From Roots
[2020-09-24T04:22:57.653+0000][23404][gc,task      ] GC(448) Using 2 workers of 2 for marking
[2020-09-24T04:22:57.760+0000][23404][gc,marking   ] GC(448) Concurrent Mark From Roots 107.569ms
[2020-09-24T04:22:57.760+0000][23404][gc,marking   ] GC(448) Concurrent Preclean
[2020-09-24T04:22:57.760+0000][23404][gc,marking   ] GC(448) Concurrent Preclean 0.422ms
[2020-09-24T04:22:57.760+0000][23404][gc,marking   ] GC(448) Concurrent Mark (2850.027s, 2850.136s) 108.172ms
[2020-09-24T04:22:57.761+0000][23404][gc,start     ] GC(448) Pause Remark
[2020-09-24T04:22:57.769+0000][23404][gc           ] GC(448) Pause Remark 455M->455M(1024M) 7.437ms
[2020-09-24T04:22:57.769+0000][23404][gc,cpu       ] GC(448) User=0.00s Sys=0.00s Real=0.01s
[2020-09-24T04:22:57.769+0000][23404][safepoint    ] Safepoint "G1Concurrent", Time since last: 111223100 ns, Reaching safepoint: 214400 ns, At safepoint: 7676000 ns, Total: 7890400 ns
[2020-09-24T04:22:57.769+0000][23404][gc,marking   ] GC(448) Concurrent Rebuild Remembered Sets
[2020-09-24T04:22:57.846+0000][23404][gc,marking   ] GC(448) Concurrent Rebuild Remembered Sets 77.528ms
[2020-09-24T04:22:57.846+0000][23404][gc,start     ] GC(448) Pause Cleanup
[2020-09-24T04:22:57.847+0000][23404][gc           ] GC(448) Pause Cleanup 533M->533M(1024M) 0.474ms
[2020-09-24T04:22:57.847+0000][23404][gc,cpu       ] GC(448) User=0.00s Sys=0.00s Real=0.00s
[2020-09-24T04:22:57.847+0000][23404][safepoint    ] Safepoint "G1Concurrent", Time since last: 77737300 ns, Reaching safepoint: 140500 ns, At safepoint: 648900 ns, Total: 789400 ns
[2020-09-24T04:22:57.847+0000][23404][gc,marking   ] GC(448) Concurrent Cleanup for Next Mark
[2020-09-24T04:22:57.850+0000][23404][gc,marking   ] GC(448) Concurrent Cleanup for Next Mark 1.622ms
[2020-09-24T04:22:57.850+0000][23404][gc           ] GC(448) Concurrent Cycle 199.452ms
[2020-09-24T04:22:57.860+0000][23404][gc,start     ] GC(449) Pause Young (Concurrent Start) (G1 Humongous Allocation)
[2020-09-24T04:22:57.861+0000][23404][gc,task      ] GC(449) Using 8 workers of 8 for evacuation
[2020-09-24T04:22:57.861+0000][23404][gc,age       ] GC(449) Desired survivor size 32505856 bytes, new threshold 15 (max threshold 15)
[2020-09-24T04:22:57.864+0000][23404][gc,age       ] GC(449) Age table with threshold 15 (max threshold 15)
[2020-09-24T04:22:57.864+0000][23404][gc,age       ] GC(449) - age   1:    3472528 bytes,    3472528 total
[2020-09-24T04:22:57.864+0000][23404][gc,age       ] GC(449) - age   2:     410680 bytes,    3883208 total
[2020-09-24T04:22:57.864+0000][23404][gc,age       ] GC(449) - age   3:      17064 bytes,    3900272 total
[2020-09-24T04:22:57.866+0000][23404][gc,age       ] GC(449) - age   4:        880 bytes,    3901152 total
[2020-09-24T04:22:57.866+0000][23404][gc,age       ] GC(449) - age   5:      64240 bytes,    3965392 total
[2020-09-24T04:22:57.866+0000][23404][gc,age       ] GC(449) - age   6:      66560 bytes,    4031952 total
[2020-09-24T04:22:57.866+0000][23404][gc,age       ] GC(449) - age   7:       1328 bytes,    4033280 total
[2020-09-24T04:22:57.866+0000][23404][gc,age       ] GC(449) - age   8:       1200 bytes,    4034480 total
[2020-09-24T04:22:57.866+0000][23404][gc,age       ] GC(449) - age   9:        696 bytes,    4035176 total
[2020-09-24T04:22:57.866+0000][23404][gc,age       ] GC(449) - age  10:        632 bytes,    4035808 total
[2020-09-24T04:22:57.866+0000][23404][gc,age       ] GC(449) - age  11:      60816 bytes,    4096624 total
[2020-09-24T04:22:57.866+0000][23404][gc,age       ] GC(449) - age  12:       1120 bytes,    4097744 total
[2020-09-24T04:22:57.866+0000][23404][gc,age       ] GC(449) - age  13:       1168 bytes,    4098912 total
[2020-09-24T04:22:57.866+0000][23404][gc,age       ] GC(449) - age  14:       1432 bytes,    4100344 total
[2020-09-24T04:22:57.866+0000][23404][gc,age       ] GC(449) - age  15:      26024 bytes,    4126368 total
[2020-09-24T04:22:57.866+0000][23404][gc,phases    ] GC(449)   Pre Evacuate Collection Set: 0.6ms
[2020-09-24T04:22:57.866+0000][23404][gc,phases    ] GC(449)   Merge Heap Roots: 0.1ms
[2020-09-24T04:22:57.866+0000][23404][gc,phases    ] GC(449)   Evacuate Collection Set: 2.1ms
[2020-09-24T04:22:57.866+0000][23404][gc,phases    ] GC(449)   Post Evacuate Collection Set: 0.8ms
[2020-09-24T04:22:57.866+0000][23404][gc,phases    ] GC(449)   Other: 1.1ms
[2020-09-24T04:22:57.866+0000][23404][gc,heap      ] GC(449) Eden regions: 78->0(486)
[2020-09-24T04:22:57.866+0000][23404][gc,heap      ] GC(449) Survivor regions: 5->5(62)
[2020-09-24T04:22:57.866+0000][23404][gc,heap      ] GC(449) Old regions: 84->84
[2020-09-24T04:22:57.866+0000][23404][gc,heap      ] GC(449) Archive regions: 0->0
[2020-09-24T04:22:57.866+0000][23404][gc,heap      ] GC(449) Humongous regions: 374->174
[2020-09-24T04:22:57.866+0000][23404][gc,metaspace ] GC(449) Metaspace: 89928K(96000K)->89928K(96000K) NonClass: 78621K(82176K)->78621K(82176K) Class: 11307K(13824K)->11307K(13824K)
[2020-09-24T04:22:57.866+0000][23404][gc           ] GC(449) Pause Young (Concurrent Start) (G1 Humongous Allocation) 539M->262M(1024M) 4.981ms
[2020-09-24T04:22:57.866+0000][23404][gc,cpu       ] GC(449) User=0.00s Sys=0.02s Real=0.01s
[2020-09-24T04:22:57.866+0000][23404][gc           ] GC(450) Concurrent Cycle
[2020-09-24T04:22:57.866+0000][23404][safepoint    ] Safepoint "G1TryInitiateConcMark", Time since last: 13354500 ns, Reaching safepoint: 139100 ns, At safepoint: 5162300 ns, Total: 5301400 ns
[2020-09-24T04:22:57.866+0000][23404][gc,marking   ] GC(450) Concurrent Clear Claimed Marks
[2020-09-24T04:22:57.866+0000][23404][gc,marking   ] GC(450) Concurrent Clear Claimed Marks 0.416ms
[2020-09-24T04:22:57.866+0000][23404][gc,marking   ] GC(450) Concurrent Scan Root Regions
[2020-09-24T04:22:57.870+0000][23404][gc,marking   ] GC(450) Concurrent Scan Root Regions 2.631ms
[2020-09-24T04:22:57.870+0000][23404][gc,marking   ] GC(450) Concurrent Mark (2850.244s)
[2020-09-24T04:22:57.870+0000][23404][gc,marking   ] GC(450) Concurrent Mark From Roots
[2020-09-24T04:22:57.870+0000][23404][gc,task      ] GC(450) Using 2 workers of 2 for marking
[2020-09-24T04:22:57.984+0000][23404][gc,marking   ] GC(450) Concurrent Mark From Roots 115.565ms
[2020-09-24T04:22:57.986+0000][23404][gc,marking   ] GC(450) Concurrent Preclean
[2020-09-24T04:22:57.986+0000][23404][gc,marking   ] GC(450) Concurrent Preclean 0.607ms
[2020-09-24T04:22:57.986+0000][23404][gc,marking   ] GC(450) Concurrent Mark (2850.244s, 2850.360s) 116.336ms
[2020-09-24T04:22:57.986+0000][23404][gc,start     ] GC(450) Pause Remark
[2020-09-24T04:22:57.992+0000][23404][gc           ] GC(450) Pause Remark 465M->465M(1024M) 6.669ms
[2020-09-24T04:22:57.992+0000][23404][gc,cpu       ] GC(450) User=0.11s Sys=0.00s Real=0.01s
[2020-09-24T04:22:57.992+0000][23404][safepoint    ] Safepoint "G1Concurrent", Time since last: 119705200 ns, Reaching safepoint: 136900 ns, At safepoint: 6898200 ns, Total: 7035100 ns
[2020-09-24T04:22:57.992+0000][23404][gc,marking   ] GC(450) Concurrent Rebuild Remembered Sets
[2020-09-24T04:22:58.069+0000][23404][gc,marking   ] GC(450) Concurrent Rebuild Remembered Sets 75.283ms
[2020-09-24T04:22:58.069+0000][23404][gc,start     ] GC(450) Pause Cleanup
[2020-09-24T04:22:58.069+0000][23404][gc           ] GC(450) Pause Cleanup 594M->594M(1024M) 0.321ms
[2020-09-24T04:22:58.069+0000][23404][gc,cpu       ] GC(450) User=0.00s Sys=0.00s Real=0.00s
[2020-09-24T04:22:58.069+0000][23404][safepoint    ] Safepoint "G1Concurrent", Time since last: 75467400 ns, Reaching safepoint: 151600 ns, At safepoint: 530000 ns, Total: 681600 ns
[2020-09-24T04:22:58.070+0000][23404][gc,marking   ] GC(450) Concurrent Cleanup for Next Mark
[2020-09-24T04:22:58.071+0000][23404][gc,marking   ] GC(450) Concurrent Cleanup for Next Mark 1.661ms
[2020-09-24T04:22:58.071+0000][23404][gc           ] GC(450) Concurrent Cycle 204.792ms
[2020-09-24T04:22:58.116+0000][23404][gc,start     ] GC(451) Pause Young (Concurrent Start) (G1 Humongous Allocation)
[2020-09-24T04:22:58.116+0000][23404][gc,task      ] GC(451) Using 8 workers of 8 for evacuation
[2020-09-24T04:22:58.116+0000][23404][gc,age       ] GC(451) Desired survivor size 32505856 bytes, new threshold 15 (max threshold 15)
[2020-09-24T04:22:58.120+0000][23404][gc,age       ] GC(451) Age table with threshold 15 (max threshold 15)
[2020-09-24T04:22:58.120+0000][23404][gc,age       ] GC(451) - age   1:    3270680 bytes,    3270680 total
[2020-09-24T04:22:58.120+0000][23404][gc,age       ] GC(451) - age   2:     406776 bytes,    3677456 total
[2020-09-24T04:22:58.120+0000][23404][gc,age       ] GC(451) - age   3:     408104 bytes,    4085560 total
[2020-09-24T04:22:58.120+0000][23404][gc,age       ] GC(451) - age   4:      16968 bytes,    4102528 total
[2020-09-24T04:22:58.120+0000][23404][gc,age       ] GC(451) - age   5:        880 bytes,    4103408 total
[2020-09-24T04:22:58.120+0000][23404][gc,age       ] GC(451) - age   6:      64208 bytes,    4167616 total
[2020-09-24T04:22:58.120+0000][23404][gc,age       ] GC(451) - age   7:      66464 bytes,    4234080 total
[2020-09-24T04:22:58.120+0000][23404][gc,age       ] GC(451) - age   8:       1200 bytes,    4235280 total
[2020-09-24T04:22:58.120+0000][23404][gc,age       ] GC(451) - age   9:       1176 bytes,    4236456 total
[2020-09-24T04:22:58.121+0000][23404][gc,age       ] GC(451) - age  10:        696 bytes,    4237152 total
[2020-09-24T04:22:58.121+0000][23404][gc,age       ] GC(451) - age  11:        632 bytes,    4237784 total
[2020-09-24T04:22:58.121+0000][23404][gc,age       ] GC(451) - age  12:      60816 bytes,    4298600 total
[2020-09-24T04:22:58.121+0000][23404][gc,age       ] GC(451) - age  13:       1120 bytes,    4299720 total
[2020-09-24T04:22:58.121+0000][23404][gc,age       ] GC(451) - age  14:       1168 bytes,    4300888 total
[2020-09-24T04:22:58.121+0000][23404][gc,age       ] GC(451) - age  15:       1432 bytes,    4302320 total
[2020-09-24T04:22:58.121+0000][23404][gc,phases    ] GC(451)   Pre Evacuate Collection Set: 0.4ms
[2020-09-24T04:22:58.121+0000][23404][gc,phases    ] GC(451)   Merge Heap Roots: 0.1ms
[2020-09-24T04:22:58.121+0000][23404][gc,phases    ] GC(451)   Evacuate Collection Set: 2.2ms
[2020-09-24T04:22:58.121+0000][23404][gc,phases    ] GC(451)   Post Evacuate Collection Set: 1.1ms
[2020-09-24T04:22:58.121+0000][23404][gc,phases    ] GC(451)   Other: 0.8ms
[2020-09-24T04:22:58.121+0000][23404][gc,heap      ] GC(451) Eden regions: 97->0(488)
[2020-09-24T04:22:58.121+0000][23404][gc,heap      ] GC(451) Survivor regions: 5->5(62)
[2020-09-24T04:22:58.121+0000][23404][gc,heap      ] GC(451) Old regions: 84->84
[2020-09-24T04:22:58.121+0000][23404][gc,heap      ] GC(451) Archive regions: 0->0
[2020-09-24T04:22:58.121+0000][23404][gc,heap      ] GC(451) Humongous regions: 424->174
[2020-09-24T04:22:58.121+0000][23404][gc,metaspace ] GC(451) Metaspace: 89928K(96000K)->89928K(96000K) NonClass: 78621K(82176K)->78621K(82176K) Class: 11307K(13824K)->11307K(13824K)
[2020-09-24T04:22:58.121+0000][23404][gc           ] GC(451) Pause Young (Concurrent Start) (G1 Humongous Allocation) 609M->262M(1024M) 4.919ms
[2020-09-24T04:22:58.121+0000][23404][gc,cpu       ] GC(451) User=0.00s Sys=0.00s Real=0.01s
[2020-09-24T04:22:58.121+0000][23404][gc           ] GC(452) Concurrent Cycle
[2020-09-24T04:22:58.121+0000][23404][safepoint    ] Safepoint "G1TryInitiateConcMark", Time since last: 46507000 ns, Reaching safepoint: 158000 ns, At safepoint: 5071900 ns, Total: 5229900 ns
[2020-09-24T04:22:58.121+0000][23404][gc,marking   ] GC(452) Concurrent Clear Claimed Marks
[2020-09-24T04:22:58.122+0000][23404][gc,marking   ] GC(452) Concurrent Clear Claimed Marks 0.607ms
[2020-09-24T04:22:58.122+0000][23404][gc,marking   ] GC(452) Concurrent Scan Root Regions
[2020-09-24T04:22:58.125+0000][23404][gc,marking   ] GC(452) Concurrent Scan Root Regions 3.406ms
[2020-09-24T04:22:58.126+0000][23404][gc,marking   ] GC(452) Concurrent Mark (2850.500s)
[2020-09-24T04:22:58.126+0000][23404][gc,marking   ] GC(452) Concurrent Mark From Roots
[2020-09-24T04:22:58.126+0000][23404][gc,task      ] GC(452) Using 2 workers of 2 for marking
[2020-09-24T04:22:58.263+0000][23404][gc,marking   ] GC(452) Concurrent Mark From Roots 137.049ms
[2020-09-24T04:22:58.263+0000][23404][gc,marking   ] GC(452) Concurrent Preclean
[2020-09-24T04:22:58.264+0000][23404][gc,marking   ] GC(452) Concurrent Preclean 0.676ms
[2020-09-24T04:22:58.264+0000][23404][gc,marking   ] GC(452) Concurrent Mark (2850.500s, 2850.638s) 138.093ms
[2020-09-24T04:22:58.264+0000][23404][gc,start     ] GC(452) Pause Remark
[2020-09-24T04:22:58.271+0000][23404][gc           ] GC(452) Pause Remark 463M->463M(1024M) 7.362ms
[2020-09-24T04:22:58.271+0000][23404][gc,cpu       ] GC(452) User=0.00s Sys=0.00s Real=0.01s
[2020-09-24T04:22:58.272+0000][23404][safepoint    ] Safepoint "G1Concurrent", Time since last: 142512500 ns, Reaching safepoint: 241700 ns, At safepoint: 7658600 ns, Total: 7900300 ns
[2020-09-24T04:22:58.272+0000][23404][gc,marking   ] GC(452) Concurrent Rebuild Remembered Sets
[2020-09-24T04:22:58.357+0000][23404][gc,marking   ] GC(452) Concurrent Rebuild Remembered Sets 85.602ms
[2020-09-24T04:22:58.358+0000][23404][gc,start     ] GC(452) Pause Cleanup
[2020-09-24T04:22:58.358+0000][23404][gc           ] GC(452) Pause Cleanup 537M->537M(1024M) 0.335ms
[2020-09-24T04:22:58.358+0000][23404][gc,cpu       ] GC(452) User=0.00s Sys=0.00s Real=0.00s
[2020-09-24T04:22:58.358+0000][23404][safepoint    ] Safepoint "G1Concurrent", Time since last: 85785000 ns, Reaching safepoint: 353700 ns, At safepoint: 493900 ns, Total: 847600 ns
[2020-09-24T04:22:58.358+0000][23404][gc,marking   ] GC(452) Concurrent Cleanup for Next Mark
[2020-09-24T04:22:58.360+0000][23404][gc,marking   ] GC(452) Concurrent Cleanup for Next Mark 1.472ms
[2020-09-24T04:22:58.360+0000][23404][gc           ] GC(452) Concurrent Cycle 238.677ms
[2020-09-24T04:22:58.366+0000][23404][gc,start     ] GC(453) Pause Young (Concurrent Start) (G1 Humongous Allocation)
[2020-09-24T04:22:58.366+0000][23404][gc,task      ] GC(453) Using 8 workers of 8 for evacuation
[2020-09-24T04:22:58.366+0000][23404][gc,age       ] GC(453) Desired survivor size 32505856 bytes, new threshold 15 (max threshold 15)
[2020-09-24T04:22:58.370+0000][23404][gc,age       ] GC(453) Age table with threshold 15 (max threshold 15)
[2020-09-24T04:22:58.370+0000][23404][gc,age       ] GC(453) - age   1:    3078096 bytes,    3078096 total
[2020-09-24T04:22:58.370+0000][23404][gc,age       ] GC(453) - age   2:     612584 bytes,    3690680 total
[2020-09-24T04:22:58.370+0000][23404][gc,age       ] GC(453) - age   3:     405752 bytes,    4096432 total
[2020-09-24T04:22:58.370+0000][23404][gc,age       ] GC(453) - age   4:     403760 bytes,    4500192 total
[2020-09-24T04:22:58.370+0000][23404][gc,age       ] GC(453) - age   5:      16600 bytes,    4516792 total
[2020-09-24T04:22:58.370+0000][23404][gc,age       ] GC(453) - age   6:        688 bytes,    4517480 total
[2020-09-24T04:22:58.370+0000][23404][gc,age       ] GC(453) - age   7:      64176 bytes,    4581656 total
[2020-09-24T04:22:58.370+0000][23404][gc,age       ] GC(453) - age   8:      66000 bytes,    4647656 total
[2020-09-24T04:22:58.370+0000][23404][gc,age       ] GC(453) - age   9:       1200 bytes,    4648856 total
[2020-09-24T04:22:58.370+0000][23404][gc,age       ] GC(453) - age  10:        952 bytes,    4649808 total
[2020-09-24T04:22:58.370+0000][23404][gc,age       ] GC(453) - age  11:        696 bytes,    4650504 total
[2020-09-24T04:22:58.370+0000][23404][gc,age       ] GC(453) - age  12:        632 bytes,    4651136 total
[2020-09-24T04:22:58.370+0000][23404][gc,age       ] GC(453) - age  13:      60816 bytes,    4711952 total
[2020-09-24T04:22:58.370+0000][23404][gc,age       ] GC(453) - age  14:       1120 bytes,    4713072 total
[2020-09-24T04:22:58.370+0000][23404][gc,age       ] GC(453) - age  15:       1168 bytes,    4714240 total
[2020-09-24T04:22:58.371+0000][23404][gc,phases    ] GC(453)   Pre Evacuate Collection Set: 0.4ms
[2020-09-24T04:22:58.371+0000][23404][gc,phases    ] GC(453)   Merge Heap Roots: 0.1ms
[2020-09-24T04:22:58.371+0000][23404][gc,phases    ] GC(453)   Evacuate Collection Set: 2.4ms
[2020-09-24T04:22:58.371+0000][23404][gc,phases    ] GC(453)   Post Evacuate Collection Set: 0.9ms
[2020-09-24T04:22:58.371+0000][23404][gc,phases    ] GC(453)   Other: 0.7ms
[2020-09-24T04:22:58.371+0000][23404][gc,heap      ] GC(453) Eden regions: 79->0(490)
[2020-09-24T04:22:58.371+0000][23404][gc,heap      ] GC(453) Survivor regions: 5->5(62)
[2020-09-24T04:22:58.371+0000][23404][gc,heap      ] GC(453) Old regions: 84->84
[2020-09-24T04:22:58.371+0000][23404][gc,heap      ] GC(453) Archive regions: 0->0
[2020-09-24T04:22:58.371+0000][23404][gc,heap      ] GC(453) Humongous regions: 374->174
[2020-09-24T04:22:58.371+0000][23404][gc,metaspace ] GC(453) Metaspace: 89928K(96000K)->89928K(96000K) NonClass: 78621K(82176K)->78621K(82176K) Class: 11307K(13824K)->11307K(13824K)
[2020-09-24T04:22:58.371+0000][23404][gc           ] GC(453) Pause Young (Concurrent Start) (G1 Humongous Allocation) 541M->262M(1024M) 4.762ms
[2020-09-24T04:22:58.371+0000][23404][gc,cpu       ] GC(453) User=0.00s Sys=0.00s Real=0.01s
[2020-09-24T04:22:58.371+0000][23404][safepoint    ] Safepoint "G1TryInitiateConcMark", Time since last: 7622800 ns, Reaching safepoint: 151600 ns, At safepoint: 4918300 ns, Total: 5069900 ns
[2020-09-24T04:22:58.371+0000][23404][gc           ] GC(454) Concurrent Cycle
[2020-09-24T04:22:58.371+0000][23404][gc,marking   ] GC(454) Concurrent Clear Claimed Marks
[2020-09-24T04:22:58.371+0000][23404][gc,marking   ] GC(454) Concurrent Clear Claimed Marks 0.409ms
[2020-09-24T04:22:58.371+0000][23404][gc,marking   ] GC(454) Concurrent Scan Root Regions
[2020-09-24T04:22:58.375+0000][23404][gc,marking   ] GC(454) Concurrent Scan Root Regions 3.415ms
[2020-09-24T04:22:58.375+0000][23404][gc,marking   ] GC(454) Concurrent Mark (2850.749s)
[2020-09-24T04:22:58.375+0000][23404][gc,marking   ] GC(454) Concurrent Mark From Roots
[2020-09-24T04:22:58.375+0000][23404][gc,task      ] GC(454) Using 2 workers of 2 for marking
[2020-09-24T04:22:58.495+0000][23404][gc,marking   ] GC(454) Concurrent Mark From Roots 119.878ms
[2020-09-24T04:22:58.495+0000][23404][gc,marking   ] GC(454) Concurrent Preclean
[2020-09-24T04:22:58.496+0000][23404][gc,marking   ] GC(454) Concurrent Preclean 0.559ms
[2020-09-24T04:22:58.496+0000][23404][gc,marking   ] GC(454) Concurrent Mark (2850.749s, 2850.870s) 120.699ms
[2020-09-24T04:22:58.496+0000][23404][gc,start     ] GC(454) Pause Remark
[2020-09-24T04:22:58.503+0000][23404][gc           ] GC(454) Pause Remark 403M->403M(1024M) 7.359ms
[2020-09-24T04:22:58.504+0000][23404][gc,cpu       ] GC(454) User=0.00s Sys=0.00s Real=0.01s
[2020-09-24T04:22:58.504+0000][23404][safepoint    ] Safepoint "G1Concurrent", Time since last: 124879600 ns, Reaching safepoint: 164100 ns, At safepoint: 7677700 ns, Total: 7841800 ns
[2020-09-24T04:22:58.504+0000][23404][gc,marking   ] GC(454) Concurrent Rebuild Remembered Sets
[2020-09-24T04:22:58.569+0000][23404][gc,marking   ] GC(454) Concurrent Rebuild Remembered Sets 65.108ms
[2020-09-24T04:22:58.569+0000][23404][gc,start     ] GC(454) Pause Cleanup
[2020-09-24T04:22:58.569+0000][23404][gc           ] GC(454) Pause Cleanup 403M->403M(1024M) 0.337ms
[2020-09-24T04:22:58.569+0000][23404][gc,cpu       ] GC(454) User=0.00s Sys=0.00s Real=0.00s
[2020-09-24T04:22:58.570+0000][23404][safepoint    ] Safepoint "G1Concurrent", Time since last: 65320800 ns, Reaching safepoint: 104300 ns, At safepoint: 503100 ns, Total: 607400 ns
[2020-09-24T04:22:58.570+0000][23404][gc,marking   ] GC(454) Concurrent Cleanup for Next Mark
[2020-09-24T04:22:58.571+0000][23404][gc,marking   ] GC(454) Concurrent Cleanup for Next Mark 1.322ms
[2020-09-24T04:22:58.571+0000][23404][gc           ] GC(454) Concurrent Cycle 200.113ms
[2020-09-24T04:22:59.570+0000][23404][safepoint    ] Safepoint "Cleanup", Time since last: 1000137400 ns, Reaching safepoint: 99400 ns, At safepoint: 7400 ns, Total: 106800 ns
[2020-09-24T04:23:00.475+0000][23404][gc,start     ] GC(455) Pause Young (Concurrent Start) (G1 Humongous Allocation)
[2020-09-24T04:23:00.475+0000][23404][gc,task      ] GC(455) Using 8 workers of 8 for evacuation
[2020-09-24T04:23:00.475+0000][23404][gc,age       ] GC(455) Desired survivor size 32505856 bytes, new threshold 15 (max threshold 15)
[2020-09-24T04:23:00.479+0000][23404][gc,age       ] GC(455) Age table with threshold 15 (max threshold 15)
[2020-09-24T04:23:00.479+0000][23404][gc,age       ] GC(455) - age   1:    2725680 bytes,    2725680 total
[2020-09-24T04:23:00.479+0000][23404][gc,age       ] GC(455) - age   2:       2648 bytes,    2728328 total
[2020-09-24T04:23:00.479+0000][23404][gc,age       ] GC(455) - age   3:       2144 bytes,    2730472 total
[2020-09-24T04:23:00.479+0000][23404][gc,age       ] GC(455) - age   4:       2152 bytes,    2732624 total
[2020-09-24T04:23:00.479+0000][23404][gc,age       ] GC(455) - age   5:       1056 bytes,    2733680 total
[2020-09-24T04:23:00.479+0000][23404][gc,age       ] GC(455) - age   6:      15304 bytes,    2748984 total
[2020-09-24T04:23:00.479+0000][23404][gc,age       ] GC(455) - age   7:        656 bytes,    2749640 total
[2020-09-24T04:23:00.479+0000][23404][gc,age       ] GC(455) - age   8:      63824 bytes,    2813464 total
[2020-09-24T04:23:00.479+0000][23404][gc,age       ] GC(455) - age   9:      65072 bytes,    2878536 total
[2020-09-24T04:23:00.479+0000][23404][gc,age       ] GC(455) - age  10:       1104 bytes,    2879640 total
[2020-09-24T04:23:00.479+0000][23404][gc,age       ] GC(455) - age  11:        920 bytes,    2880560 total
[2020-09-24T04:23:00.479+0000][23404][gc,age       ] GC(455) - age  12:        696 bytes,    2881256 total
[2020-09-24T04:23:00.479+0000][23404][gc,age       ] GC(455) - age  13:        600 bytes,    2881856 total
[2020-09-24T04:23:00.479+0000][23404][gc,age       ] GC(455) - age  14:      60816 bytes,    2942672 total
[2020-09-24T04:23:00.479+0000][23404][gc,age       ] GC(455) - age  15:       1120 bytes,    2943792 total
[2020-09-24T04:23:00.479+0000][23404][gc,phases    ] GC(455)   Pre Evacuate Collection Set: 0.4ms
[2020-09-24T04:23:00.480+0000][23404][gc,phases    ] GC(455)   Merge Heap Roots: 0.1ms
[2020-09-24T04:23:00.480+0000][23404][gc,phases    ] GC(455)   Evacuate Collection Set: 2.0ms
[2020-09-24T04:23:00.480+0000][23404][gc,phases    ] GC(455)   Post Evacuate Collection Set: 1.0ms
[2020-09-24T04:23:00.480+0000][23404][gc,phases    ] GC(455)   Other: 0.9ms
[2020-09-24T04:23:00.480+0000][23404][gc,heap      ] GC(455) Eden regions: 55->0(493)
[2020-09-24T04:23:00.480+0000][23404][gc,heap      ] GC(455) Survivor regions: 5->4(62)
[2020-09-24T04:23:00.480+0000][23404][gc,heap      ] GC(455) Old regions: 84->84
[2020-09-24T04:23:00.480+0000][23404][gc,heap      ] GC(455) Archive regions: 0->0
[2020-09-24T04:23:00.480+0000][23404][gc,heap      ] GC(455) Humongous regions: 274->174
[2020-09-24T04:23:00.480+0000][23404][gc,metaspace ] GC(455) Metaspace: 89941K(96000K)->89941K(96000K) NonClass: 78633K(82176K)->78633K(82176K) Class: 11307K(13824K)->11307K(13824K)
[2020-09-24T04:23:00.480+0000][23404][gc           ] GC(455) Pause Young (Concurrent Start) (G1 Humongous Allocation) 416M->260M(1024M) 4.743ms
[2020-09-24T04:23:00.480+0000][23404][gc,cpu       ] GC(455) User=0.00s Sys=0.00s Real=0.01s
[2020-09-24T04:23:00.480+0000][23404][safepoint    ] Safepoint "G1TryInitiateConcMark", Time since last: 905436600 ns, Reaching safepoint: 147200 ns, At safepoint: 4937100 ns, Total: 5084300 ns
[2020-09-24T04:23:00.480+0000][23404][gc           ] GC(456) Concurrent Cycle
[2020-09-24T04:23:00.480+0000][23404][gc,marking   ] GC(456) Concurrent Clear Claimed Marks
[2020-09-24T04:23:00.481+0000][23404][gc,marking   ] GC(456) Concurrent Clear Claimed Marks 0.830ms
[2020-09-24T04:23:00.481+0000][23404][gc,marking   ] GC(456) Concurrent Scan Root Regions
[2020-09-24T04:23:00.483+0000][23404][gc,marking   ] GC(456) Concurrent Scan Root Regions 2.415ms
[2020-09-24T04:23:00.484+0000][23404][gc,marking   ] GC(456) Concurrent Mark (2852.858s)
[2020-09-24T04:23:00.484+0000][23404][gc,marking   ] GC(456) Concurrent Mark From Roots
[2020-09-24T04:23:00.484+0000][23404][gc,task      ] GC(456) Using 2 workers of 2 for marking
[2020-09-24T04:23:00.585+0000][23404][gc,marking   ] GC(456) Concurrent Mark From Roots 101.393ms
[2020-09-24T04:23:00.585+0000][23404][gc,marking   ] GC(456) Concurrent Preclean
[2020-09-24T04:23:00.585+0000][23404][gc,marking   ] GC(456) Concurrent Preclean 0.345ms
[2020-09-24T04:23:00.585+0000][23404][gc,marking   ] GC(456) Concurrent Mark (2852.858s, 2852.960s) 101.857ms
[2020-09-24T04:23:00.586+0000][23404][gc,start     ] GC(456) Pause Remark
[2020-09-24T04:23:00.591+0000][23404][gc           ] GC(456) Pause Remark 395M->395M(1024M) 5.449ms
[2020-09-24T04:23:00.591+0000][23404][gc,cpu       ] GC(456) User=0.00s Sys=0.00s Real=0.01s
[2020-09-24T04:23:00.591+0000][23404][safepoint    ] Safepoint "G1Concurrent", Time since last: 105571400 ns, Reaching safepoint: 113500 ns, At safepoint: 5655300 ns, Total: 5768800 ns
[2020-09-24T04:23:00.591+0000][23404][gc,marking   ] GC(456) Concurrent Rebuild Remembered Sets
[2020-09-24T04:23:00.650+0000][23404][gc,marking   ] GC(456) Concurrent Rebuild Remembered Sets 58.968ms
[2020-09-24T04:23:00.651+0000][23404][gc,start     ] GC(456) Pause Cleanup
[2020-09-24T04:23:00.651+0000][23404][gc           ] GC(456) Pause Cleanup 526M->526M(1024M) 0.317ms
[2020-09-24T04:23:00.651+0000][23404][gc,cpu       ] GC(456) User=0.00s Sys=0.00s Real=0.00s
[2020-09-24T04:23:00.651+0000][23404][safepoint    ] Safepoint "G1Concurrent", Time since last: 59138500 ns, Reaching safepoint: 131700 ns, At safepoint: 483800 ns, Total: 615500 ns
[2020-09-24T04:23:00.651+0000][23404][gc,marking   ] GC(456) Concurrent Cleanup for Next Mark
[2020-09-24T04:23:00.653+0000][23404][gc,marking   ] GC(456) Concurrent Cleanup for Next Mark 1.440ms
[2020-09-24T04:23:00.653+0000][23404][gc           ] GC(456) Concurrent Cycle 172.769ms
[2020-09-24T04:23:00.663+0000][23404][gc,start     ] GC(457) Pause Young (Concurrent Start) (G1 Humongous Allocation)
[2020-09-24T04:23:00.663+0000][23404][gc,task      ] GC(457) Using 8 workers of 8 for evacuation
[2020-09-24T04:23:00.663+0000][23404][gc,age       ] GC(457) Desired survivor size 33030144 bytes, new threshold 15 (max threshold 15)
[2020-09-24T04:23:00.666+0000][23404][gc,age       ] GC(457) Age table with threshold 15 (max threshold 15)
[2020-09-24T04:23:00.666+0000][23404][gc,age       ] GC(457) - age   1:    2746592 bytes,    2746592 total
[2020-09-24T04:23:00.666+0000][23404][gc,age       ] GC(457) - age   2:      77312 bytes,    2823904 total
[2020-09-24T04:23:00.667+0000][23404][gc,age       ] GC(457) - age   3:       2336 bytes,    2826240 total
[2020-09-24T04:23:00.667+0000][23404][gc,age       ] GC(457) - age   4:       1432 bytes,    2827672 total
[2020-09-24T04:23:00.667+0000][23404][gc,age       ] GC(457) - age   5:       1864 bytes,    2829536 total
[2020-09-24T04:23:00.667+0000][23404][gc,age       ] GC(457) - age   6:        928 bytes,    2830464 total
[2020-09-24T04:23:00.667+0000][23404][gc,age       ] GC(457) - age   7:      15304 bytes,    2845768 total
[2020-09-24T04:23:00.667+0000][23404][gc,age       ] GC(457) - age   8:        656 bytes,    2846424 total
[2020-09-24T04:23:00.667+0000][23404][gc,age       ] GC(457) - age   9:      63768 bytes,    2910192 total
[2020-09-24T04:23:00.667+0000][23404][gc,age       ] GC(457) - age  10:      62072 bytes,    2972264 total
[2020-09-24T04:23:00.667+0000][23404][gc,age       ] GC(457) - age  11:       1040 bytes,    2973304 total
[2020-09-24T04:23:00.667+0000][23404][gc,age       ] GC(457) - age  12:        824 bytes,    2974128 total
[2020-09-24T04:23:00.667+0000][23404][gc,age       ] GC(457) - age  13:        696 bytes,    2974824 total
[2020-09-24T04:23:00.667+0000][23404][gc,age       ] GC(457) - age  14:        568 bytes,    2975392 total
[2020-09-24T04:23:00.667+0000][23404][gc,age       ] GC(457) - age  15:      60752 bytes,    3036144 total
[2020-09-24T04:23:00.667+0000][23404][gc,phases    ] GC(457)   Pre Evacuate Collection Set: 0.4ms
[2020-09-24T04:23:00.667+0000][23404][gc,phases    ] GC(457)   Merge Heap Roots: 0.1ms
[2020-09-24T04:23:00.667+0000][23404][gc,phases    ] GC(457)   Evacuate Collection Set: 1.9ms
[2020-09-24T04:23:00.667+0000][23404][gc,phases    ] GC(457)   Post Evacuate Collection Set: 0.6ms
[2020-09-24T04:23:00.667+0000][23404][gc,phases    ] GC(457)   Other: 0.7ms
[2020-09-24T04:23:00.667+0000][23404][gc,heap      ] GC(457) Eden regions: 71->0(494)
[2020-09-24T04:23:00.667+0000][23404][gc,heap      ] GC(457) Survivor regions: 4->4(63)
[2020-09-24T04:23:00.667+0000][23404][gc,heap      ] GC(457) Old regions: 84->84
[2020-09-24T04:23:00.667+0000][23404][gc,heap      ] GC(457) Archive regions: 0->0
[2020-09-24T04:23:00.667+0000][23404][gc,heap      ] GC(457) Humongous regions: 374->174
[2020-09-24T04:23:00.667+0000][23404][gc,metaspace ] GC(457) Metaspace: 89941K(96000K)->89941K(96000K) NonClass: 78633K(82176K)->78633K(82176K) Class: 11307K(13824K)->11307K(13824K)
[2020-09-24T04:23:00.667+0000][23404][gc           ] GC(457) Pause Young (Concurrent Start) (G1 Humongous Allocation) 531M->260M(1024M) 3.856ms
[2020-09-24T04:23:00.667+0000][23404][gc,cpu       ] GC(457) User=0.00s Sys=0.00s Real=0.00s
[2020-09-24T04:23:00.667+0000][23404][gc           ] GC(458) Concurrent Cycle
[2020-09-24T04:23:00.667+0000][23404][safepoint    ] Safepoint "G1TryInitiateConcMark", Time since last: 11991900 ns, Reaching safepoint: 117600 ns, At safepoint: 3998400 ns, Total: 4116000 ns
[2020-09-24T04:23:00.667+0000][23404][gc,marking   ] GC(458) Concurrent Clear Claimed Marks
[2020-09-24T04:23:00.668+0000][23404][gc,marking   ] GC(458) Concurrent Clear Claimed Marks 0.667ms
[2020-09-24T04:23:00.668+0000][23404][gc,marking   ] GC(458) Concurrent Scan Root Regions
[2020-09-24T04:23:00.670+0000][23404][gc,marking   ] GC(458) Concurrent Scan Root Regions 1.834ms
[2020-09-24T04:23:00.670+0000][23404][gc,marking   ] GC(458) Concurrent Mark (2853.045s)
[2020-09-24T04:23:00.670+0000][23404][gc,marking   ] GC(458) Concurrent Mark From Roots
[2020-09-24T04:23:00.670+0000][23404][gc,task      ] GC(458) Using 2 workers of 2 for marking
[2020-09-24T04:23:00.760+0000][23404][gc,marking   ] GC(458) Concurrent Mark From Roots 90.480ms
[2020-09-24T04:23:00.761+0000][23404][gc,marking   ] GC(458) Concurrent Preclean
[2020-09-24T04:23:00.761+0000][23404][gc,marking   ] GC(458) Concurrent Preclean 0.606ms
[2020-09-24T04:23:00.761+0000][23404][gc,marking   ] GC(458) Concurrent Mark (2853.045s, 2853.136s) 91.337ms
[2020-09-24T04:23:00.762+0000][23404][gc,start     ] GC(458) Pause Remark
[2020-09-24T04:23:00.769+0000][23404][gc           ] GC(458) Pause Remark 399M->399M(1024M) 6.716ms
[2020-09-24T04:23:00.769+0000][23404][gc,cpu       ] GC(458) User=0.00s Sys=0.00s Real=0.01s
[2020-09-24T04:23:00.769+0000][23404][safepoint    ] Safepoint "G1Concurrent", Time since last: 94214500 ns, Reaching safepoint: 580300 ns, At safepoint: 6937400 ns, Total: 7517700 ns
[2020-09-24T04:23:00.769+0000][23404][gc,marking   ] GC(458) Concurrent Rebuild Remembered Sets
[2020-09-24T04:23:00.833+0000][23404][gc,marking   ] GC(458) Concurrent Rebuild Remembered Sets 64.142ms
[2020-09-24T04:23:00.833+0000][23404][gc,start     ] GC(458) Pause Cleanup
[2020-09-24T04:23:00.834+0000][23404][gc           ] GC(458) Pause Cleanup 523M->523M(1024M) 0.308ms
[2020-09-24T04:23:00.834+0000][23404][gc,cpu       ] GC(458) User=0.02s Sys=0.00s Real=0.00s
[2020-09-24T04:23:00.834+0000][23404][safepoint    ] Safepoint "G1Concurrent", Time since last: 64345400 ns, Reaching safepoint: 153500 ns, At safepoint: 455500 ns, Total: 609000 ns
[2020-09-24T04:23:00.834+0000][23404][gc,marking   ] GC(458) Concurrent Cleanup for Next Mark
[2020-09-24T04:23:00.836+0000][23404][gc,marking   ] GC(458) Concurrent Cleanup for Next Mark 1.531ms
[2020-09-24T04:23:00.836+0000][23404][gc           ] GC(458) Concurrent Cycle 168.471ms
[2020-09-24T04:23:00.847+0000][23404][gc,start     ] GC(459) Pause Young (Concurrent Start) (G1 Humongous Allocation)
[2020-09-24T04:23:00.847+0000][23404][gc,task      ] GC(459) Using 8 workers of 8 for evacuation
[2020-09-24T04:23:00.847+0000][23404][gc,age       ] GC(459) Desired survivor size 33030144 bytes, new threshold 15 (max threshold 15)
[2020-09-24T04:23:00.850+0000][23404][gc,age       ] GC(459) Age table with threshold 15 (max threshold 15)
[2020-09-24T04:23:00.850+0000][23404][gc,age       ] GC(459) - age   1:    2953776 bytes,    2953776 total
[2020-09-24T04:23:00.850+0000][23404][gc,age       ] GC(459) - age   2:     207656 bytes,    3161432 total
[2020-09-24T04:23:00.850+0000][23404][gc,age       ] GC(459) - age   3:      73216 bytes,    3234648 total
[2020-09-24T04:23:00.850+0000][23404][gc,age       ] GC(459) - age   4:       2048 bytes,    3236696 total
[2020-09-24T04:23:00.851+0000][23404][gc,age       ] GC(459) - age   5:       1112 bytes,    3237808 total
[2020-09-24T04:23:00.851+0000][23404][gc,age       ] GC(459) - age   6:       1512 bytes,    3239320 total
[2020-09-24T04:23:00.851+0000][23404][gc,age       ] GC(459) - age   7:        928 bytes,    3240248 total
[2020-09-24T04:23:00.851+0000][23404][gc,age       ] GC(459) - age   8:      15304 bytes,    3255552 total
[2020-09-24T04:23:00.851+0000][23404][gc,age       ] GC(459) - age   9:        656 bytes,    3256208 total
[2020-09-24T04:23:00.851+0000][23404][gc,age       ] GC(459) - age  10:      63576 bytes,    3319784 total
[2020-09-24T04:23:00.851+0000][23404][gc,age       ] GC(459) - age  11:      61976 bytes,    3381760 total
[2020-09-24T04:23:00.851+0000][23404][gc,age       ] GC(459) - age  12:       1040 bytes,    3382800 total
[2020-09-24T04:23:00.851+0000][23404][gc,age       ] GC(459) - age  13:        824 bytes,    3383624 total
[2020-09-24T04:23:00.851+0000][23404][gc,age       ] GC(459) - age  14:        696 bytes,    3384320 total
[2020-09-24T04:23:00.851+0000][23404][gc,age       ] GC(459) - age  15:        504 bytes,    3384824 total
[2020-09-24T04:23:00.851+0000][23404][gc,phases    ] GC(459)   Pre Evacuate Collection Set: 0.3ms
[2020-09-24T04:23:00.851+0000][23404][gc,phases    ] GC(459)   Merge Heap Roots: 0.1ms
[2020-09-24T04:23:00.851+0000][23404][gc,phases    ] GC(459)   Evacuate Collection Set: 2.0ms
[2020-09-24T04:23:00.851+0000][23404][gc,phases    ] GC(459)   Post Evacuate Collection Set: 0.7ms
[2020-09-24T04:23:00.851+0000][23404][gc,phases    ] GC(459)   Other: 0.7ms
[2020-09-24T04:23:00.851+0000][23404][gc,heap      ] GC(459) Eden regions: 72->0(495)
[2020-09-24T04:23:00.851+0000][23404][gc,heap      ] GC(459) Survivor regions: 4->4(63)
[2020-09-24T04:23:00.851+0000][23404][gc,heap      ] GC(459) Old regions: 84->84
[2020-09-24T04:23:00.851+0000][23404][gc,heap      ] GC(459) Archive regions: 0->0
[2020-09-24T04:23:00.851+0000][23404][gc,heap      ] GC(459) Humongous regions: 370->174
[2020-09-24T04:23:00.851+0000][23404][gc,metaspace ] GC(459) Metaspace: 89941K(96000K)->89941K(96000K) NonClass: 78633K(82176K)->78633K(82176K) Class: 11307K(13824K)->11307K(13824K)
[2020-09-24T04:23:00.851+0000][23404][gc           ] GC(459) Pause Young (Concurrent Start) (G1 Humongous Allocation) 528M->261M(1024M) 4.173ms
[2020-09-24T04:23:00.851+0000][23404][gc,cpu       ] GC(459) User=0.03s Sys=0.00s Real=0.00s
[2020-09-24T04:23:00.851+0000][23404][safepoint    ] Safepoint "G1TryInitiateConcMark", Time since last: 12903200 ns, Reaching safepoint: 139700 ns, At safepoint: 4311800 ns, Total: 4451500 ns
[2020-09-24T04:23:00.851+0000][23404][gc           ] GC(460) Concurrent Cycle
[2020-09-24T04:23:00.851+0000][23404][gc,marking   ] GC(460) Concurrent Clear Claimed Marks
[2020-09-24T04:23:00.852+0000][23404][gc,marking   ] GC(460) Concurrent Clear Claimed Marks 0.508ms
[2020-09-24T04:23:00.852+0000][23404][gc,marking   ] GC(460) Concurrent Scan Root Regions
[2020-09-24T04:23:00.854+0000][23404][gc,marking   ] GC(460) Concurrent Scan Root Regions 2.407ms
[2020-09-24T04:23:00.854+0000][23404][gc,marking   ] GC(460) Concurrent Mark (2853.229s)
[2020-09-24T04:23:00.854+0000][23404][gc,marking   ] GC(460) Concurrent Mark From Roots
[2020-09-24T04:23:00.854+0000][23404][gc,task      ] GC(460) Using 2 workers of 2 for marking
[2020-09-24T04:23:00.952+0000][23404][gc,marking   ] GC(460) Concurrent Mark From Roots 97.178ms
[2020-09-24T04:23:00.952+0000][23404][gc,marking   ] GC(460) Concurrent Preclean
[2020-09-24T04:23:00.952+0000][23404][gc,marking   ] GC(460) Concurrent Preclean 0.392ms
[2020-09-24T04:23:00.952+0000][23404][gc,marking   ] GC(460) Concurrent Mark (2853.229s, 2853.327s) 97.706ms
[2020-09-24T04:23:00.952+0000][23404][gc,start     ] GC(460) Pause Remark
[2020-09-24T04:23:00.958+0000][23404][gc           ] GC(460) Pause Remark 451M->451M(1024M) 5.953ms
[2020-09-24T04:23:00.958+0000][23404][gc,cpu       ] GC(460) User=0.00s Sys=0.00s Real=0.01s
[2020-09-24T04:23:00.958+0000][23404][safepoint    ] Safepoint "G1Concurrent", Time since last: 100972700 ns, Reaching safepoint: 124200 ns, At safepoint: 6143900 ns, Total: 6268100 ns
[2020-09-24T04:23:00.959+0000][23404][gc,marking   ] GC(460) Concurrent Rebuild Remembered Sets
[2020-09-24T04:23:01.034+0000][23404][gc,marking   ] GC(460) Concurrent Rebuild Remembered Sets 75.361ms
[2020-09-24T04:23:01.034+0000][23404][gc,start     ] GC(460) Pause Cleanup
[2020-09-24T04:23:01.035+0000][23404][gc           ] GC(460) Pause Cleanup 527M->527M(1024M) 0.344ms
[2020-09-24T04:23:01.035+0000][23404][gc,cpu       ] GC(460) User=0.00s Sys=0.00s Real=0.00s
[2020-09-24T04:23:01.035+0000][23404][safepoint    ] Safepoint "G1Concurrent", Time since last: 75587100 ns, Reaching safepoint: 155300 ns, At safepoint: 493700 ns, Total: 649000 ns
[2020-09-24T04:23:01.035+0000][23404][gc,marking   ] GC(460) Concurrent Cleanup for Next Mark
[2020-09-24T04:23:01.036+0000][23404][gc,marking   ] GC(460) Concurrent Cleanup for Next Mark 1.437ms
[2020-09-24T04:23:01.036+0000][23404][gc           ] GC(460) Concurrent Cycle 185.064ms
[2020-09-24T04:23:01.038+0000][23404][gc,start     ] GC(461) Pause Young (Concurrent Start) (G1 Humongous Allocation)
[2020-09-24T04:23:01.038+0000][23404][gc,task      ] GC(461) Using 8 workers of 8 for evacuation
[2020-09-24T04:23:01.038+0000][23404][gc,age       ] GC(461) Desired survivor size 33030144 bytes, new threshold 15 (max threshold 15)
[2020-09-24T04:23:01.042+0000][23404][gc,age       ] GC(461) Age table with threshold 15 (max threshold 15)
[2020-09-24T04:23:01.042+0000][23404][gc,age       ] GC(461) - age   1:    2941344 bytes,    2941344 total
[2020-09-24T04:23:01.042+0000][23404][gc,age       ] GC(461) - age   2:     406712 bytes,    3348056 total
[2020-09-24T04:23:01.042+0000][23404][gc,age       ] GC(461) - age   3:     206104 bytes,    3554160 total
[2020-09-24T04:23:01.042+0000][23404][gc,age       ] GC(461) - age   4:      73056 bytes,    3627216 total
[2020-09-24T04:23:01.042+0000][23404][gc,age       ] GC(461) - age   5:       1760 bytes,    3628976 total
[2020-09-24T04:23:01.042+0000][23404][gc,age       ] GC(461) - age   6:        864 bytes,    3629840 total
[2020-09-24T04:23:01.042+0000][23404][gc,age       ] GC(461) - age   7:       1512 bytes,    3631352 total
[2020-09-24T04:23:01.042+0000][23404][gc,age       ] GC(461) - age   8:        928 bytes,    3632280 total
[2020-09-24T04:23:01.042+0000][23404][gc,age       ] GC(461) - age   9:      15304 bytes,    3647584 total
[2020-09-24T04:23:01.042+0000][23404][gc,age       ] GC(461) - age  10:        656 bytes,    3648240 total
[2020-09-24T04:23:01.042+0000][23404][gc,age       ] GC(461) - age  11:      63512 bytes,    3711752 total
[2020-09-24T04:23:01.042+0000][23404][gc,age       ] GC(461) - age  12:      61976 bytes,    3773728 total
[2020-09-24T04:23:01.042+0000][23404][gc,age       ] GC(461) - age  13:        912 bytes,    3774640 total
[2020-09-24T04:23:01.042+0000][23404][gc,age       ] GC(461) - age  14:        824 bytes,    3775464 total
[2020-09-24T04:23:01.042+0000][23404][gc,age       ] GC(461) - age  15:        632 bytes,    3776096 total
[2020-09-24T04:23:01.042+0000][23404][gc,phases    ] GC(461)   Pre Evacuate Collection Set: 0.4ms
[2020-09-24T04:23:01.042+0000][23404][gc,phases    ] GC(461)   Merge Heap Roots: 0.1ms
[2020-09-24T04:23:01.042+0000][23404][gc,phases    ] GC(461)   Evacuate Collection Set: 2.0ms
[2020-09-24T04:23:01.042+0000][23404][gc,phases    ] GC(461)   Post Evacuate Collection Set: 0.8ms
[2020-09-24T04:23:01.042+0000][23404][gc,phases    ] GC(461)   Other: 0.9ms
[2020-09-24T04:23:01.043+0000][23404][gc,heap      ] GC(461) Eden regions: 71->0(495)
[2020-09-24T04:23:01.043+0000][23404][gc,heap      ] GC(461) Survivor regions: 4->4(63)
[2020-09-24T04:23:01.043+0000][23404][gc,heap      ] GC(461) Old regions: 84->84
[2020-09-24T04:23:01.043+0000][23404][gc,heap      ] GC(461) Archive regions: 0->0
[2020-09-24T04:23:01.043+0000][23404][gc,heap      ] GC(461) Humongous regions: 370->174
[2020-09-24T04:23:01.043+0000][23404][gc,metaspace ] GC(461) Metaspace: 89941K(96000K)->89941K(96000K) NonClass: 78633K(82176K)->78633K(82176K) Class: 11307K(13824K)->11307K(13824K)
[2020-09-24T04:23:01.043+0000][23404][gc           ] GC(461) Pause Young (Concurrent Start) (G1 Humongous Allocation) 528M->261M(1024M) 4.634ms
[2020-09-24T04:23:01.043+0000][23404][gc,cpu       ] GC(461) User=0.00s Sys=0.00s Real=0.00s
[2020-09-24T04:23:01.043+0000][23404][gc           ] GC(462) Concurrent Cycle
[2020-09-24T04:23:01.043+0000][23404][safepoint    ] Safepoint "G1TryInitiateConcMark", Time since last: 3250500 ns, Reaching safepoint: 132600 ns, At safepoint: 4804200 ns, Total: 4936800 ns
[2020-09-24T04:23:01.043+0000][23404][gc,marking   ] GC(462) Concurrent Clear Claimed Marks
[2020-09-24T04:23:01.043+0000][23404][gc,marking   ] GC(462) Concurrent Clear Claimed Marks 0.546ms
[2020-09-24T04:23:01.044+0000][23404][gc,marking   ] GC(462) Concurrent Scan Root Regions
[2020-09-24T04:23:01.047+0000][23404][gc,marking   ] GC(462) Concurrent Scan Root Regions 3.787ms
[2020-09-24T04:23:01.048+0000][23404][gc,marking   ] GC(462) Concurrent Mark (2853.422s)
[2020-09-24T04:23:01.048+0000][23404][gc,marking   ] GC(462) Concurrent Mark From Roots
[2020-09-24T04:23:01.048+0000][23404][gc,task      ] GC(462) Using 2 workers of 2 for marking
[2020-09-24T04:23:01.166+0000][23404][gc,marking   ] GC(462) Concurrent Mark From Roots 118.723ms
[2020-09-24T04:23:01.166+0000][23404][gc,marking   ] GC(462) Concurrent Preclean
[2020-09-24T04:23:01.167+0000][23404][gc,marking   ] GC(462) Concurrent Preclean 0.600ms
[2020-09-24T04:23:01.167+0000][23404][gc,marking   ] GC(462) Concurrent Mark (2853.422s, 2853.542s) 119.520ms
[2020-09-24T04:23:01.167+0000][23404][gc,start     ] GC(462) Pause Remark
[2020-09-24T04:23:01.174+0000][23404][gc           ] GC(462) Pause Remark 453M->453M(1024M) 6.875ms
[2020-09-24T04:23:01.174+0000][23404][gc,cpu       ] GC(462) User=0.00s Sys=0.00s Real=0.01s
[2020-09-24T04:23:01.175+0000][23404][safepoint    ] Safepoint "G1Concurrent", Time since last: 124275200 ns, Reaching safepoint: 144400 ns, At safepoint: 7485700 ns, Total: 7630100 ns
[2020-09-24T04:23:01.175+0000][23404][gc,marking   ] GC(462) Concurrent Rebuild Remembered Sets
[2020-09-24T04:23:01.258+0000][23404][gc,marking   ] GC(462) Concurrent Rebuild Remembered Sets 82.743ms
[2020-09-24T04:23:01.258+0000][23404][gc,start     ] GC(462) Pause Cleanup
[2020-09-24T04:23:01.258+0000][23404][gc           ] GC(462) Pause Cleanup 579M->579M(1024M) 0.384ms
[2020-09-24T04:23:01.258+0000][23404][gc,cpu       ] GC(462) User=0.00s Sys=0.00s Real=0.00s
[2020-09-24T04:23:01.258+0000][23404][safepoint    ] Safepoint "G1Concurrent", Time since last: 82977000 ns, Reaching safepoint: 147900 ns, At safepoint: 573500 ns, Total: 721400 ns
[2020-09-24T04:23:01.259+0000][23404][gc,marking   ] GC(462) Concurrent Cleanup for Next Mark
[2020-09-24T04:23:01.260+0000][23404][gc,marking   ] GC(462) Concurrent Cleanup for Next Mark 1.759ms
[2020-09-24T04:23:01.260+0000][23404][gc           ] GC(462) Concurrent Cycle 217.550ms
[2020-09-24T04:23:01.307+0000][23404][gc,start     ] GC(463) Pause Young (Concurrent Start) (G1 Humongous Allocation)
[2020-09-24T04:23:01.307+0000][23404][gc,task      ] GC(463) Using 8 workers of 8 for evacuation
[2020-09-24T04:23:01.308+0000][23404][gc,age       ] GC(463) Desired survivor size 33030144 bytes, new threshold 15 (max threshold 15)
[2020-09-24T04:23:01.312+0000][23404][gc,age       ] GC(463) Age table with threshold 15 (max threshold 15)
[2020-09-24T04:23:01.312+0000][23404][gc,age       ] GC(463) - age   1:    3376672 bytes,    3376672 total
[2020-09-24T04:23:01.312+0000][23404][gc,age       ] GC(463) - age   2:     400288 bytes,    3776960 total
[2020-09-24T04:23:01.312+0000][23404][gc,age       ] GC(463) - age   3:     400904 bytes,    4177864 total
[2020-09-24T04:23:01.312+0000][23404][gc,age       ] GC(463) - age   4:     203408 bytes,    4381272 total
[2020-09-24T04:23:01.312+0000][23404][gc,age       ] GC(463) - age   5:      72664 bytes,    4453936 total
[2020-09-24T04:23:01.312+0000][23404][gc,age       ] GC(463) - age   6:       1536 bytes,    4455472 total
[2020-09-24T04:23:01.313+0000][23404][gc,age       ] GC(463) - age   7:        864 bytes,    4456336 total
[2020-09-24T04:23:01.313+0000][23404][gc,age       ] GC(463) - age   8:       1512 bytes,    4457848 total
[2020-09-24T04:23:01.313+0000][23404][gc,age       ] GC(463) - age   9:        544 bytes,    4458392 total
[2020-09-24T04:23:01.313+0000][23404][gc,age       ] GC(463) - age  10:      15176 bytes,    4473568 total
[2020-09-24T04:23:01.313+0000][23404][gc,age       ] GC(463) - age  11:        656 bytes,    4474224 total
[2020-09-24T04:23:01.313+0000][23404][gc,age       ] GC(463) - age  12:      63512 bytes,    4537736 total
[2020-09-24T04:23:01.313+0000][23404][gc,age       ] GC(463) - age  13:      61976 bytes,    4599712 total
[2020-09-24T04:23:01.313+0000][23404][gc,age       ] GC(463) - age  14:        848 bytes,    4600560 total
[2020-09-24T04:23:01.313+0000][23404][gc,age       ] GC(463) - age  15:        824 bytes,    4601384 total
[2020-09-24T04:23:01.313+0000][23404][gc,phases    ] GC(463)   Pre Evacuate Collection Set: 0.4ms
[2020-09-24T04:23:01.313+0000][23404][gc,phases    ] GC(463)   Merge Heap Roots: 0.1ms
[2020-09-24T04:23:01.313+0000][23404][gc,phases    ] GC(463)   Evacuate Collection Set: 2.9ms
[2020-09-24T04:23:01.313+0000][23404][gc,phases    ] GC(463)   Post Evacuate Collection Set: 1.0ms
[2020-09-24T04:23:01.313+0000][23404][gc,phases    ] GC(463)   Other: 1.4ms
[2020-09-24T04:23:01.313+0000][23404][gc,heap      ] GC(463) Eden regions: 89->0(495)
[2020-09-24T04:23:01.313+0000][23404][gc,heap      ] GC(463) Survivor regions: 4->5(63)
[2020-09-24T04:23:01.313+0000][23404][gc,heap      ] GC(463) Old regions: 84->84
[2020-09-24T04:23:01.313+0000][23404][gc,heap      ] GC(463) Archive regions: 0->0
[2020-09-24T04:23:01.313+0000][23404][gc,heap      ] GC(463) Humongous regions: 418->174
[2020-09-24T04:23:01.314+0000][23404][gc,metaspace ] GC(463) Metaspace: 89942K(96000K)->89942K(96000K) NonClass: 78634K(82176K)->78634K(82176K) Class: 11307K(13824K)->11307K(13824K)
[2020-09-24T04:23:01.314+0000][23404][gc           ] GC(463) Pause Young (Concurrent Start) (G1 Humongous Allocation) 593M->262M(1024M) 6.186ms
[2020-09-24T04:23:01.314+0000][23404][gc,cpu       ] GC(463) User=0.00s Sys=0.00s Real=0.01s
[2020-09-24T04:23:01.314+0000][23404][gc           ] GC(464) Concurrent Cycle
[2020-09-24T04:23:01.314+0000][23404][safepoint    ] Safepoint "G1TryInitiateConcMark", Time since last: 48679300 ns, Reaching safepoint: 135600 ns, At safepoint: 6388000 ns, Total: 6523600 ns
[2020-09-24T04:23:01.314+0000][23404][gc,marking   ] GC(464) Concurrent Clear Claimed Marks
[2020-09-24T04:23:01.314+0000][23404][gc,marking   ] GC(464) Concurrent Clear Claimed Marks 0.453ms
[2020-09-24T04:23:01.314+0000][23404][gc,marking   ] GC(464) Concurrent Scan Root Regions
[2020-09-24T04:23:01.317+0000][23404][gc,marking   ] GC(464) Concurrent Scan Root Regions 3.053ms
[2020-09-24T04:23:01.317+0000][23404][gc,marking   ] GC(464) Concurrent Mark (2853.692s)
[2020-09-24T04:23:01.317+0000][23404][gc,marking   ] GC(464) Concurrent Mark From Roots
[2020-09-24T04:23:01.318+0000][23404][gc,task      ] GC(464) Using 2 workers of 2 for marking
[2020-09-24T04:23:01.445+0000][23404][gc,marking   ] GC(464) Concurrent Mark From Roots 127.365ms
[2020-09-24T04:23:01.445+0000][23404][gc,marking   ] GC(464) Concurrent Preclean
[2020-09-24T04:23:01.446+0000][23404][gc,marking   ] GC(464) Concurrent Preclean 1.092ms
[2020-09-24T04:23:01.446+0000][23404][gc,marking   ] GC(464) Concurrent Mark (2853.692s, 2853.821s) 128.769ms
[2020-09-24T04:23:01.447+0000][23404][gc,start     ] GC(464) Pause Remark
[2020-09-24T04:23:01.454+0000][23404][gc           ] GC(464) Pause Remark 403M->403M(1024M) 7.100ms
[2020-09-24T04:23:01.454+0000][23404][gc,cpu       ] GC(464) User=0.00s Sys=0.00s Real=0.01s
[2020-09-24T04:23:01.454+0000][23404][safepoint    ] Safepoint "G1Concurrent", Time since last: 132581400 ns, Reaching safepoint: 210800 ns, At safepoint: 7333600 ns, Total: 7544400 ns
[2020-09-24T04:23:01.454+0000][23404][gc,marking   ] GC(464) Concurrent Rebuild Remembered Sets
[2020-09-24T04:23:01.524+0000][23404][gc,marking   ] GC(464) Concurrent Rebuild Remembered Sets 69.832ms
[2020-09-24T04:23:01.524+0000][23404][gc,start     ] GC(464) Pause Cleanup
[2020-09-24T04:23:01.524+0000][23404][gc           ] GC(464) Pause Cleanup 474M->474M(1024M) 0.336ms
[2020-09-24T04:23:01.524+0000][23404][gc,cpu       ] GC(464) User=0.00s Sys=0.00s Real=0.00s
[2020-09-24T04:23:01.524+0000][23404][safepoint    ] Safepoint "G1Concurrent", Time since last: 70025400 ns, Reaching safepoint: 124800 ns, At safepoint: 463600 ns, Total: 588400 ns
[2020-09-24T04:23:01.524+0000][23404][gc,marking   ] GC(464) Concurrent Cleanup for Next Mark
[2020-09-24T04:23:01.526+0000][23404][gc,marking   ] GC(464) Concurrent Cleanup for Next Mark 1.108ms
[2020-09-24T04:23:01.526+0000][23404][gc           ] GC(464) Concurrent Cycle 212.005ms
[2020-09-24T04:23:01.634+0000][23404][gc,start     ] GC(465) Pause Young (Concurrent Start) (G1 Humongous Allocation)
[2020-09-24T04:23:01.634+0000][23404][gc,task      ] GC(465) Using 8 workers of 8 for evacuation
[2020-09-24T04:23:01.634+0000][23404][gc,age       ] GC(465) Desired survivor size 33030144 bytes, new threshold 15 (max threshold 15)
[2020-09-24T04:23:01.638+0000][23404][gc,age       ] GC(465) Age table with threshold 15 (max threshold 15)
[2020-09-24T04:23:01.638+0000][23404][gc,age       ] GC(465) - age   1:    2668648 bytes,    2668648 total
[2020-09-24T04:23:01.638+0000][23404][gc,age       ] GC(465) - age   2:       4408 bytes,    2673056 total
[2020-09-24T04:23:01.638+0000][23404][gc,age       ] GC(465) - age   3:       1376 bytes,    2674432 total
[2020-09-24T04:23:01.638+0000][23404][gc,age       ] GC(465) - age   4:       2512 bytes,    2676944 total
[2020-09-24T04:23:01.638+0000][23404][gc,age       ] GC(465) - age   5:       2256 bytes,    2679200 total
[2020-09-24T04:23:01.638+0000][23404][gc,age       ] GC(465) - age   6:      68264 bytes,    2747464 total
[2020-09-24T04:23:01.638+0000][23404][gc,age       ] GC(465) - age   7:       1080 bytes,    2748544 total
[2020-09-24T04:23:01.638+0000][23404][gc,age       ] GC(465) - age   8:        768 bytes,    2749312 total
[2020-09-24T04:23:01.638+0000][23404][gc,age       ] GC(465) - age   9:       1152 bytes,    2750464 total
[2020-09-24T04:23:01.638+0000][23404][gc,age       ] GC(465) - age  10:        544 bytes,    2751008 total
[2020-09-24T04:23:01.638+0000][23404][gc,age       ] GC(465) - age  11:      14800 bytes,    2765808 total
[2020-09-24T04:23:01.638+0000][23404][gc,age       ] GC(465) - age  12:        656 bytes,    2766464 total
[2020-09-24T04:23:01.638+0000][23404][gc,age       ] GC(465) - age  13:      63472 bytes,    2829936 total
[2020-09-24T04:23:01.638+0000][23404][gc,age       ] GC(465) - age  14:      61944 bytes,    2891880 total
[2020-09-24T04:23:01.638+0000][23404][gc,age       ] GC(465) - age  15:        784 bytes,    2892664 total
[2020-09-24T04:23:01.638+0000][23404][gc,phases    ] GC(465)   Pre Evacuate Collection Set: 0.4ms
[2020-09-24T04:23:01.638+0000][23404][gc,phases    ] GC(465)   Merge Heap Roots: 0.1ms
[2020-09-24T04:23:01.638+0000][23404][gc,phases    ] GC(465)   Evacuate Collection Set: 1.9ms
[2020-09-24T04:23:01.638+0000][23404][gc,phases    ] GC(465)   Post Evacuate Collection Set: 0.8ms
[2020-09-24T04:23:01.638+0000][23404][gc,phases    ] GC(465)   Other: 0.8ms
[2020-09-24T04:23:01.638+0000][23404][gc,heap      ] GC(465) Eden regions: 71->0(497)
[2020-09-24T04:23:01.638+0000][23404][gc,heap      ] GC(465) Survivor regions: 5->3(63)
[2020-09-24T04:23:01.638+0000][23404][gc,heap      ] GC(465) Old regions: 84->84
[2020-09-24T04:23:01.638+0000][23404][gc,heap      ] GC(465) Archive regions: 0->0
[2020-09-24T04:23:01.638+0000][23404][gc,heap      ] GC(465) Humongous regions: 322->174
[2020-09-24T04:23:01.638+0000][23404][gc,metaspace ] GC(465) Metaspace: 89954K(96000K)->89954K(96000K) NonClass: 78646K(82176K)->78646K(82176K) Class: 11307K(13824K)->11307K(13824K)
[2020-09-24T04:23:01.638+0000][23404][gc           ] GC(465) Pause Young (Concurrent Start) (G1 Humongous Allocation) 480M->260M(1024M) 4.169ms
[2020-09-24T04:23:01.638+0000][23404][gc,cpu       ] GC(465) User=0.00s Sys=0.00s Real=0.00s
[2020-09-24T04:23:01.638+0000][23404][safepoint    ] Safepoint "G1TryInitiateConcMark", Time since last: 109553500 ns, Reaching safepoint: 143000 ns, At safepoint: 4312100 ns, Total: 4455100 ns
[2020-09-24T04:23:01.638+0000][23404][gc           ] GC(466) Concurrent Cycle
[2020-09-24T04:23:01.639+0000][23404][gc,marking   ] GC(466) Concurrent Clear Claimed Marks
[2020-09-24T04:23:01.639+0000][23404][gc,marking   ] GC(466) Concurrent Clear Claimed Marks 0.379ms
[2020-09-24T04:23:01.639+0000][23404][gc,marking   ] GC(466) Concurrent Scan Root Regions
[2020-09-24T04:23:01.641+0000][23404][gc,marking   ] GC(466) Concurrent Scan Root Regions 1.746ms
[2020-09-24T04:23:01.641+0000][23404][gc,marking   ] GC(466) Concurrent Mark (2854.015s)
[2020-09-24T04:23:01.641+0000][23404][gc,marking   ] GC(466) Concurrent Mark From Roots
[2020-09-24T04:23:01.641+0000][23404][gc,task      ] GC(466) Using 2 workers of 2 for marking
[2020-09-24T04:23:01.745+0000][23404][gc,marking   ] GC(466) Concurrent Mark From Roots 103.647ms
[2020-09-24T04:23:01.745+0000][23404][gc,marking   ] GC(466) Concurrent Preclean
[2020-09-24T04:23:01.745+0000][23404][gc,marking   ] GC(466) Concurrent Preclean 0.369ms
[2020-09-24T04:23:01.745+0000][23404][gc,marking   ] GC(466) Concurrent Mark (2854.015s, 2854.120s) 104.179ms
[2020-09-24T04:23:01.745+0000][23404][gc,start     ] GC(466) Pause Remark
[2020-09-24T04:23:01.752+0000][23404][gc           ] GC(466) Pause Remark 462M->462M(1024M) 6.640ms
[2020-09-24T04:23:01.752+0000][23404][gc,cpu       ] GC(466) User=0.00s Sys=0.00s Real=0.01s
[2020-09-24T04:23:01.752+0000][23404][safepoint    ] Safepoint "G1Concurrent", Time since last: 106615500 ns, Reaching safepoint: 144600 ns, At safepoint: 6901400 ns, Total: 7046000 ns
[2020-09-24T04:23:01.752+0000][23404][gc,marking   ] GC(466) Concurrent Rebuild Remembered Sets
[2020-09-24T04:23:01.823+0000][23404][gc,marking   ] GC(466) Concurrent Rebuild Remembered Sets 71.065ms
[2020-09-24T04:23:01.824+0000][23404][gc,start     ] GC(466) Pause Cleanup
[2020-09-24T04:23:01.824+0000][23404][gc           ] GC(466) Pause Cleanup 593M->593M(1024M) 0.392ms
[2020-09-24T04:23:01.824+0000][23404][gc,cpu       ] GC(466) User=0.00s Sys=0.00s Real=0.00s
[2020-09-24T04:23:01.824+0000][23404][safepoint    ] Safepoint "G1Concurrent", Time since last: 71269300 ns, Reaching safepoint: 151200 ns, At safepoint: 593800 ns, Total: 745000 ns
[2020-09-24T04:23:01.824+0000][23404][gc,marking   ] GC(466) Concurrent Cleanup for Next Mark
[2020-09-24T04:23:01.826+0000][23404][gc,marking   ] GC(466) Concurrent Cleanup for Next Mark 1.842ms
[2020-09-24T04:23:01.826+0000][23404][gc           ] GC(466) Concurrent Cycle 187.683ms
[2020-09-24T04:23:01.867+0000][23404][gc,start     ] GC(467) Pause Young (Concurrent Start) (G1 Humongous Allocation)
[2020-09-24T04:23:01.867+0000][23404][gc,task      ] GC(467) Using 8 workers of 8 for evacuation
[2020-09-24T04:23:01.867+0000][23404][gc,age       ] GC(467) Desired survivor size 33030144 bytes, new threshold 15 (max threshold 15)
[2020-09-24T04:23:01.871+0000][23404][gc,age       ] GC(467) Age table with threshold 15 (max threshold 15)
[2020-09-24T04:23:01.871+0000][23404][gc,age       ] GC(467) - age   1:    3480808 bytes,    3480808 total
[2020-09-24T04:23:01.871+0000][23404][gc,age       ] GC(467) - age   2:      24368 bytes,    3505176 total
[2020-09-24T04:23:01.871+0000][23404][gc,age       ] GC(467) - age   3:       2944 bytes,    3508120 total
[2020-09-24T04:23:01.871+0000][23404][gc,age       ] GC(467) - age   4:       1120 bytes,    3509240 total
[2020-09-24T04:23:01.871+0000][23404][gc,age       ] GC(467) - age   5:       1176 bytes,    3510416 total
[2020-09-24T04:23:01.871+0000][23404][gc,age       ] GC(467) - age   6:       2056 bytes,    3512472 total
[2020-09-24T04:23:01.871+0000][23404][gc,age       ] GC(467) - age   7:      65840 bytes,    3578312 total
[2020-09-24T04:23:01.871+0000][23404][gc,age       ] GC(467) - age   8:       1016 bytes,    3579328 total
[2020-09-24T04:23:01.871+0000][23404][gc,age       ] GC(467) - age   9:        704 bytes,    3580032 total
[2020-09-24T04:23:01.871+0000][23404][gc,age       ] GC(467) - age  10:       1024 bytes,    3581056 total
[2020-09-24T04:23:01.871+0000][23404][gc,age       ] GC(467) - age  11:        544 bytes,    3581600 total
[2020-09-24T04:23:01.871+0000][23404][gc,age       ] GC(467) - age  12:      14800 bytes,    3596400 total
[2020-09-24T04:23:01.871+0000][23404][gc,age       ] GC(467) - age  13:        656 bytes,    3597056 total
[2020-09-24T04:23:01.871+0000][23404][gc,age       ] GC(467) - age  14:      63440 bytes,    3660496 total
[2020-09-24T04:23:01.871+0000][23404][gc,age       ] GC(467) - age  15:      61944 bytes,    3722440 total
[2020-09-24T04:23:01.871+0000][23404][gc,phases    ] GC(467)   Pre Evacuate Collection Set: 0.4ms
[2020-09-24T04:23:01.871+0000][23404][gc,phases    ] GC(467)   Merge Heap Roots: 0.1ms
[2020-09-24T04:23:01.871+0000][23404][gc,phases    ] GC(467)   Evacuate Collection Set: 2.2ms
[2020-09-24T04:23:01.871+0000][23404][gc,phases    ] GC(467)   Post Evacuate Collection Set: 1.0ms
[2020-09-24T04:23:01.871+0000][23404][gc,phases    ] GC(467)   Other: 1.0ms
[2020-09-24T04:23:01.871+0000][23404][gc,heap      ] GC(467) Eden regions: 98->0(496)
[2020-09-24T04:23:01.872+0000][23404][gc,heap      ] GC(467) Survivor regions: 3->4(63)
[2020-09-24T04:23:01.872+0000][23404][gc,heap      ] GC(467) Old regions: 84->84
[2020-09-24T04:23:01.872+0000][23404][gc,heap      ] GC(467) Archive regions: 0->0
[2020-09-24T04:23:01.872+0000][23404][gc,heap      ] GC(467) Humongous regions: 424->174
[2020-09-24T04:23:01.872+0000][23404][gc,metaspace ] GC(467) Metaspace: 89954K(96000K)->89954K(96000K) NonClass: 78646K(82176K)->78646K(82176K) Class: 11307K(13824K)->11307K(13824K)
[2020-09-24T04:23:01.872+0000][23404][gc           ] GC(467) Pause Young (Concurrent Start) (G1 Humongous Allocation) 608M->261M(1024M) 5.140ms
[2020-09-24T04:23:01.872+0000][23404][gc,cpu       ] GC(467) User=0.00s Sys=0.00s Real=0.00s
[2020-09-24T04:23:01.872+0000][23404][gc           ] GC(468) Concurrent Cycle
[2020-09-24T04:23:01.872+0000][23404][safepoint    ] Safepoint "G1TryInitiateConcMark", Time since last: 42283500 ns, Reaching safepoint: 157300 ns, At safepoint: 5350200 ns, Total: 5507500 ns
[2020-09-24T04:23:01.872+0000][23404][gc,marking   ] GC(468) Concurrent Clear Claimed Marks
[2020-09-24T04:23:01.873+0000][23404][gc,marking   ] GC(468) Concurrent Clear Claimed Marks 0.546ms
[2020-09-24T04:23:01.873+0000][23404][gc,marking   ] GC(468) Concurrent Scan Root Regions
[2020-09-24T04:23:01.877+0000][23404][gc,marking   ] GC(468) Concurrent Scan Root Regions 4.013ms
[2020-09-24T04:23:01.877+0000][23404][gc,marking   ] GC(468) Concurrent Mark (2854.251s)
[2020-09-24T04:23:01.877+0000][23404][gc,marking   ] GC(468) Concurrent Mark From Roots
[2020-09-24T04:23:01.877+0000][23404][gc,task      ] GC(468) Using 2 workers of 2 for marking
[2020-09-24T04:23:02.000+0000][23404][gc,marking   ] GC(468) Concurrent Mark From Roots 123.068ms
[2020-09-24T04:23:02.000+0000][23404][gc,marking   ] GC(468) Concurrent Preclean
[2020-09-24T04:23:02.001+0000][23404][gc,marking   ] GC(468) Concurrent Preclean 0.564ms
[2020-09-24T04:23:02.001+0000][23404][gc,marking   ] GC(468) Concurrent Mark (2854.251s, 2854.375s) 123.880ms
[2020-09-24T04:23:02.001+0000][23404][gc,start     ] GC(468) Pause Remark
[2020-09-24T04:23:02.008+0000][23404][gc           ] GC(468) Pause Remark 461M->461M(1024M) 6.885ms
[2020-09-24T04:23:02.008+0000][23404][gc,cpu       ] GC(468) User=0.11s Sys=0.00s Real=0.01s
[2020-09-24T04:23:02.008+0000][23404][safepoint    ] Safepoint "G1Concurrent", Time since last: 128817800 ns, Reaching safepoint: 140600 ns, At safepoint: 7112600 ns, Total: 7253200 ns
[2020-09-24T04:23:02.008+0000][23404][gc,marking   ] GC(468) Concurrent Rebuild Remembered Sets
[2020-09-24T04:23:02.076+0000][23404][gc,marking   ] GC(468) Concurrent Rebuild Remembered Sets 67.470ms
[2020-09-24T04:23:02.076+0000][23404][gc,start     ] GC(468) Pause Cleanup
[2020-09-24T04:23:02.076+0000][23404][gc           ] GC(468) Pause Cleanup 539M->539M(1024M) 0.289ms
[2020-09-24T04:23:02.076+0000][23404][gc,cpu       ] GC(468) User=0.00s Sys=0.00s Real=0.00s
[2020-09-24T04:23:02.076+0000][23404][safepoint    ] Safepoint "G1Concurrent", Time since last: 67644800 ns, Reaching safepoint: 154000 ns, At safepoint: 442000 ns, Total: 596000 ns
[2020-09-24T04:23:02.076+0000][23404][gc,marking   ] GC(468) Concurrent Cleanup for Next Mark
[2020-09-24T04:23:02.078+0000][23404][gc,marking   ] GC(468) Concurrent Cleanup for Next Mark 1.607ms
[2020-09-24T04:23:02.078+0000][23404][gc           ] GC(468) Concurrent Cycle 206.135ms
[2020-09-24T04:23:02.079+0000][23404][gc,start     ] GC(469) Pause Young (Concurrent Start) (G1 Humongous Allocation)
[2020-09-24T04:23:02.079+0000][23404][gc,task      ] GC(469) Using 8 workers of 8 for evacuation
[2020-09-24T04:23:02.079+0000][23404][gc,age       ] GC(469) Desired survivor size 33030144 bytes, new threshold 15 (max threshold 15)
[2020-09-24T04:23:02.082+0000][23404][gc,age       ] GC(469) Age table with threshold 15 (max threshold 15)
[2020-09-24T04:23:02.083+0000][23404][gc,age       ] GC(469) - age   1:    3484240 bytes,    3484240 total
[2020-09-24T04:23:02.083+0000][23404][gc,age       ] GC(469) - age   2:     406664 bytes,    3890904 total
[2020-09-24T04:23:02.083+0000][23404][gc,age       ] GC(469) - age   3:      23688 bytes,    3914592 total
[2020-09-24T04:23:02.083+0000][23404][gc,age       ] GC(469) - age   4:       2656 bytes,    3917248 total
[2020-09-24T04:23:02.083+0000][23404][gc,age       ] GC(469) - age   5:       1088 bytes,    3918336 total
[2020-09-24T04:23:02.083+0000][23404][gc,age       ] GC(469) - age   6:       1176 bytes,    3919512 total
[2020-09-24T04:23:02.083+0000][23404][gc,age       ] GC(469) - age   7:       1992 bytes,    3921504 total
[2020-09-24T04:23:02.083+0000][23404][gc,age       ] GC(469) - age   8:      65776 bytes,    3987280 total
[2020-09-24T04:23:02.083+0000][23404][gc,age       ] GC(469) - age   9:        952 bytes,    3988232 total
[2020-09-24T04:23:02.083+0000][23404][gc,age       ] GC(469) - age  10:        704 bytes,    3988936 total
[2020-09-24T04:23:02.083+0000][23404][gc,age       ] GC(469) - age  11:       1024 bytes,    3989960 total
[2020-09-24T04:23:02.083+0000][23404][gc,age       ] GC(469) - age  12:        544 bytes,    3990504 total
[2020-09-24T04:23:02.083+0000][23404][gc,age       ] GC(469) - age  13:      14800 bytes,    4005304 total
[2020-09-24T04:23:02.083+0000][23404][gc,age       ] GC(469) - age  14:        656 bytes,    4005960 total
[2020-09-24T04:23:02.083+0000][23404][gc,age       ] GC(469) - age  15:      63440 bytes,    4069400 total
[2020-09-24T04:23:02.083+0000][23404][gc,phases    ] GC(469)   Pre Evacuate Collection Set: 0.4ms
[2020-09-24T04:23:02.083+0000][23404][gc,phases    ] GC(469)   Merge Heap Roots: 0.1ms
[2020-09-24T04:23:02.083+0000][23404][gc,phases    ] GC(469)   Evacuate Collection Set: 2.1ms
[2020-09-24T04:23:02.083+0000][23404][gc,phases    ] GC(469)   Post Evacuate Collection Set: 0.7ms
[2020-09-24T04:23:02.083+0000][23404][gc,phases    ] GC(469)   Other: 0.8ms
[2020-09-24T04:23:02.083+0000][23404][gc,heap      ] GC(469) Eden regions: 78->0(494)
[2020-09-24T04:23:02.083+0000][23404][gc,heap      ] GC(469) Survivor regions: 4->5(63)
[2020-09-24T04:23:02.083+0000][23404][gc,heap      ] GC(469) Old regions: 84->85
[2020-09-24T04:23:02.083+0000][23404][gc,heap      ] GC(469) Archive regions: 0->0
[2020-09-24T04:23:02.083+0000][23404][gc,heap      ] GC(469) Humongous regions: 374->174
[2020-09-24T04:23:02.083+0000][23404][gc,metaspace ] GC(469) Metaspace: 89954K(96000K)->89954K(96000K) NonClass: 78646K(82176K)->78646K(82176K) Class: 11307K(13824K)->11307K(13824K)
[2020-09-24T04:23:02.083+0000][23404][gc           ] GC(469) Pause Young (Concurrent Start) (G1 Humongous Allocation) 539M->262M(1024M) 4.390ms
[2020-09-24T04:23:02.083+0000][23404][gc,cpu       ] GC(469) User=0.00s Sys=0.00s Real=0.00s
[2020-09-24T04:23:02.083+0000][23404][safepoint    ] Safepoint "G1TryInitiateConcMark", Time since last: 2494200 ns, Reaching safepoint: 141700 ns, At safepoint: 4529800 ns, Total: 4671500 ns
[2020-09-24T04:23:02.083+0000][23404][gc           ] GC(470) Concurrent Cycle
[2020-09-24T04:23:02.083+0000][23404][gc,marking   ] GC(470) Concurrent Clear Claimed Marks
[2020-09-24T04:23:02.084+0000][23404][gc,marking   ] GC(470) Concurrent Clear Claimed Marks 0.388ms
[2020-09-24T04:23:02.084+0000][23404][gc,marking   ] GC(470) Concurrent Scan Root Regions
[2020-09-24T04:23:02.086+0000][23404][gc,marking   ] GC(470) Concurrent Scan Root Regions 2.265ms
[2020-09-24T04:23:02.086+0000][23404][gc,marking   ] GC(470) Concurrent Mark (2854.461s)
[2020-09-24T04:23:02.086+0000][23404][gc,marking   ] GC(470) Concurrent Mark From Roots
[2020-09-24T04:23:02.086+0000][23404][gc,task      ] GC(470) Using 2 workers of 2 for marking
[2020-09-24T04:23:02.199+0000][23404][gc,marking   ] GC(470) Concurrent Mark From Roots 112.377ms
[2020-09-24T04:23:02.199+0000][23404][gc,marking   ] GC(470) Concurrent Preclean
[2020-09-24T04:23:02.199+0000][23404][gc,marking   ] GC(470) Concurrent Preclean 0.378ms
[2020-09-24T04:23:02.199+0000][23404][gc,marking   ] GC(470) Concurrent Mark (2854.461s, 2854.574s) 112.873ms
[2020-09-24T04:23:02.199+0000][23404][gc,start     ] GC(470) Pause Remark
[2020-09-24T04:23:02.205+0000][23404][gc           ] GC(470) Pause Remark 334M->334M(1024M) 6.030ms
[2020-09-24T04:23:02.205+0000][23404][gc,cpu       ] GC(470) User=0.00s Sys=0.00s Real=0.01s
[2020-09-24T04:23:02.206+0000][23404][safepoint    ] Safepoint "G1Concurrent", Time since last: 115813900 ns, Reaching safepoint: 127000 ns, At safepoint: 6250400 ns, Total: 6377400 ns
[2020-09-24T04:23:02.206+0000][23404][gc,marking   ] GC(470) Concurrent Rebuild Remembered Sets
[2020-09-24T04:23:02.275+0000][23404][gc,marking   ] GC(470) Concurrent Rebuild Remembered Sets 69.419ms
[2020-09-24T04:23:02.275+0000][23404][gc,start     ] GC(470) Pause Cleanup
[2020-09-24T04:23:02.276+0000][23404][gc           ] GC(470) Pause Cleanup 334M->334M(1024M) 0.360ms
[2020-09-24T04:23:02.276+0000][23404][gc,cpu       ] GC(470) User=0.00s Sys=0.00s Real=0.00s
[2020-09-24T04:23:02.276+0000][23404][safepoint    ] Safepoint "G1Concurrent", Time since last: 69602200 ns, Reaching safepoint: 117000 ns, At safepoint: 548400 ns, Total: 665400 ns
[2020-09-24T04:23:02.276+0000][23404][gc,marking   ] GC(470) Concurrent Cleanup for Next Mark
[2020-09-24T04:23:02.278+0000][23404][gc,marking   ] GC(470) Concurrent Cleanup for Next Mark 1.843ms
[2020-09-24T04:23:02.278+0000][23404][gc           ] GC(470) Concurrent Cycle 194.523ms
[2020-09-24T04:23:03.426+0000][23404][gc,start     ] GC(471) Pause Young (Concurrent Start) (G1 Humongous Allocation)
[2020-09-24T04:23:03.426+0000][23404][gc,task      ] GC(471) Using 8 workers of 8 for evacuation
[2020-09-24T04:23:03.426+0000][23404][gc,age       ] GC(471) Desired survivor size 33030144 bytes, new threshold 15 (max threshold 15)
[2020-09-24T04:23:03.431+0000][23404][gc,age       ] GC(471) Age table with threshold 15 (max threshold 15)
[2020-09-24T04:23:03.431+0000][23404][gc,age       ] GC(471) - age   1:    3008104 bytes,    3008104 total
[2020-09-24T04:23:03.431+0000][23404][gc,age       ] GC(471) - age   2:       4128 bytes,    3012232 total
[2020-09-24T04:23:03.431+0000][23404][gc,age       ] GC(471) - age   3:       2032 bytes,    3014264 total
[2020-09-24T04:23:03.431+0000][23404][gc,age       ] GC(471) - age   4:      21224 bytes,    3035488 total
[2020-09-24T04:23:03.431+0000][23404][gc,age       ] GC(471) - age   5:       2520 bytes,    3038008 total
[2020-09-24T04:23:03.431+0000][23404][gc,age       ] GC(471) - age   6:       1088 bytes,    3039096 total
[2020-09-24T04:23:03.431+0000][23404][gc,age       ] GC(471) - age   7:       1176 bytes,    3040272 total
[2020-09-24T04:23:03.431+0000][23404][gc,age       ] GC(471) - age   8:       1992 bytes,    3042264 total
[2020-09-24T04:23:03.431+0000][23404][gc,age       ] GC(471) - age   9:      65152 bytes,    3107416 total
[2020-09-24T04:23:03.431+0000][23404][gc,age       ] GC(471) - age  10:        616 bytes,    3108032 total
[2020-09-24T04:23:03.432+0000][23404][gc,age       ] GC(471) - age  11:        704 bytes,    3108736 total
[2020-09-24T04:23:03.432+0000][23404][gc,age       ] GC(471) - age  12:        992 bytes,    3109728 total
[2020-09-24T04:23:03.432+0000][23404][gc,age       ] GC(471) - age  13:        544 bytes,    3110272 total
[2020-09-24T04:23:03.432+0000][23404][gc,age       ] GC(471) - age  14:      14544 bytes,    3124816 total
[2020-09-24T04:23:03.432+0000][23404][gc,age       ] GC(471) - age  15:        624 bytes,    3125440 total
[2020-09-24T04:23:03.432+0000][23404][gc,phases    ] GC(471)   Pre Evacuate Collection Set: 0.7ms
[2020-09-24T04:23:03.432+0000][23404][gc,phases    ] GC(471)   Merge Heap Roots: 0.2ms
[2020-09-24T04:23:03.432+0000][23404][gc,phases    ] GC(471)   Evacuate Collection Set: 3.1ms
[2020-09-24T04:23:03.432+0000][23404][gc,phases    ] GC(471)   Post Evacuate Collection Set: 0.8ms
[2020-09-24T04:23:03.432+0000][23404][gc,phases    ] GC(471)   Other: 1.3ms
[2020-09-24T04:23:03.432+0000][23404][gc,heap      ] GC(471) Eden regions: 53->0(496)
[2020-09-24T04:23:03.432+0000][23404][gc,heap      ] GC(471) Survivor regions: 5->4(63)
[2020-09-24T04:23:03.432+0000][23404][gc,heap      ] GC(471) Old regions: 85->85
[2020-09-24T04:23:03.432+0000][23404][gc,heap      ] GC(471) Archive regions: 0->0
[2020-09-24T04:23:03.432+0000][23404][gc,heap      ] GC(471) Humongous regions: 224->174
[2020-09-24T04:23:03.432+0000][23404][gc,metaspace ] GC(471) Metaspace: 89969K(96000K)->89969K(96000K) NonClass: 78660K(82176K)->78660K(82176K) Class: 11308K(13824K)->11308K(13824K)
[2020-09-24T04:23:03.432+0000][23404][gc           ] GC(471) Pause Young (Concurrent Start) (G1 Humongous Allocation) 365M->261M(1024M) 6.608ms
[2020-09-24T04:23:03.432+0000][23404][gc,cpu       ] GC(471) User=0.03s Sys=0.00s Real=0.01s
[2020-09-24T04:23:03.433+0000][23404][gc           ] GC(472) Concurrent Cycle
[2020-09-24T04:23:03.433+0000][23404][safepoint    ] Safepoint "G1TryInitiateConcMark", Time since last: 1149852800 ns, Reaching safepoint: 211100 ns, At safepoint: 6827600 ns, Total: 7038700 ns
[2020-09-24T04:23:03.433+0000][23404][gc,marking   ] GC(472) Concurrent Clear Claimed Marks
[2020-09-24T04:23:03.433+0000][23404][gc,marking   ] GC(472) Concurrent Clear Claimed Marks 0.504ms
[2020-09-24T04:23:03.433+0000][23404][gc,marking   ] GC(472) Concurrent Scan Root Regions
[2020-09-24T04:23:03.436+0000][23404][gc,marking   ] GC(472) Concurrent Scan Root Regions 2.401ms
[2020-09-24T04:23:03.436+0000][23404][gc,marking   ] GC(472) Concurrent Mark (2855.811s)
[2020-09-24T04:23:03.436+0000][23404][gc,marking   ] GC(472) Concurrent Mark From Roots
[2020-09-24T04:23:03.436+0000][23404][gc,task      ] GC(472) Using 2 workers of 2 for marking
[2020-09-24T04:23:03.609+0000][23404][gc,marking   ] GC(472) Concurrent Mark From Roots 172.481ms
[2020-09-24T04:23:03.609+0000][23404][gc,marking   ] GC(472) Concurrent Preclean
[2020-09-24T04:23:03.609+0000][23404][gc,marking   ] GC(472) Concurrent Preclean 0.693ms
[2020-09-24T04:23:03.609+0000][23404][gc,marking   ] GC(472) Concurrent Mark (2855.811s, 2855.984s) 173.409ms
[2020-09-24T04:23:03.610+0000][23404][gc,start     ] GC(472) Pause Remark
[2020-09-24T04:23:03.619+0000][23404][gc           ] GC(472) Pause Remark 330M->330M(1024M) 9.383ms
[2020-09-24T04:23:03.619+0000][23404][gc,cpu       ] GC(472) User=0.13s Sys=0.00s Real=0.01s
[2020-09-24T04:23:03.619+0000][23404][safepoint    ] Safepoint "G1Concurrent", Time since last: 176672600 ns, Reaching safepoint: 149200 ns, At safepoint: 9671200 ns, Total: 9820400 ns
[2020-09-24T04:23:03.619+0000][23404][gc,marking   ] GC(472) Concurrent Rebuild Remembered Sets
[2020-09-24T04:23:03.714+0000][23404][gc,marking   ] GC(472) Concurrent Rebuild Remembered Sets 94.547ms
[2020-09-24T04:23:03.714+0000][23404][gc,start     ] GC(472) Pause Cleanup
[2020-09-24T04:23:03.715+0000][23404][gc           ] GC(472) Pause Cleanup 333M->333M(1024M) 0.419ms
[2020-09-24T04:23:03.715+0000][23404][gc,cpu       ] GC(472) User=0.00s Sys=0.00s Real=0.00s
[2020-09-24T04:23:03.715+0000][23404][safepoint    ] Safepoint "G1Concurrent", Time since last: 94763400 ns, Reaching safepoint: 145200 ns, At safepoint: 602500 ns, Total: 747700 ns
[2020-09-24T04:23:03.715+0000][23404][gc,marking   ] GC(472) Concurrent Cleanup for Next Mark
[2020-09-24T04:23:03.717+0000][23404][gc,marking   ] GC(472) Concurrent Cleanup for Next Mark 1.815ms
[2020-09-24T04:23:03.717+0000][23404][gc           ] GC(472) Concurrent Cycle 284.112ms
[2020-09-24T04:23:04.515+0000][23404][gc,start     ] GC(473) Pause Young (Concurrent Start) (G1 Humongous Allocation)
[2020-09-24T04:23:04.515+0000][23404][gc,task      ] GC(473) Using 8 workers of 8 for evacuation
[2020-09-24T04:23:04.515+0000][23404][gc,age       ] GC(473) Desired survivor size 33030144 bytes, new threshold 15 (max threshold 15)
[2020-09-24T04:23:04.519+0000][23404][gc,age       ] GC(473) Age table with threshold 15 (max threshold 15)
[2020-09-24T04:23:04.519+0000][23404][gc,age       ] GC(473) - age   1:    2786600 bytes,    2786600 total
[2020-09-24T04:23:04.519+0000][23404][gc,age       ] GC(473) - age   2:     218824 bytes,    3005424 total
[2020-09-24T04:23:04.519+0000][23404][gc,age       ] GC(473) - age   3:       3656 bytes,    3009080 total
[2020-09-24T04:23:04.519+0000][23404][gc,age       ] GC(473) - age   4:       1616 bytes,    3010696 total
[2020-09-24T04:23:04.519+0000][23404][gc,age       ] GC(473) - age   5:      18704 bytes,    3029400 total
[2020-09-24T04:23:04.519+0000][23404][gc,age       ] GC(473) - age   6:       2488 bytes,    3031888 total
[2020-09-24T04:23:04.519+0000][23404][gc,age       ] GC(473) - age   7:       1024 bytes,    3032912 total
[2020-09-24T04:23:04.519+0000][23404][gc,age       ] GC(473) - age   8:       1112 bytes,    3034024 total
[2020-09-24T04:23:04.519+0000][23404][gc,age       ] GC(473) - age   9:       1992 bytes,    3036016 total
[2020-09-24T04:23:04.519+0000][23404][gc,age       ] GC(473) - age  10:      65024 bytes,    3101040 total
[2020-09-24T04:23:04.519+0000][23404][gc,age       ] GC(473) - age  11:        584 bytes,    3101624 total
[2020-09-24T04:23:04.519+0000][23404][gc,age       ] GC(473) - age  12:        704 bytes,    3102328 total
[2020-09-24T04:23:04.519+0000][23404][gc,age       ] GC(473) - age  13:        928 bytes,    3103256 total
[2020-09-24T04:23:04.519+0000][23404][gc,age       ] GC(473) - age  14:        544 bytes,    3103800 total
[2020-09-24T04:23:04.519+0000][23404][gc,age       ] GC(473) - age  15:      14416 bytes,    3118216 total
[2020-09-24T04:23:04.519+0000][23404][gc,phases    ] GC(473)   Pre Evacuate Collection Set: 0.5ms
[2020-09-24T04:23:04.519+0000][23404][gc,phases    ] GC(473)   Merge Heap Roots: 0.1ms
[2020-09-24T04:23:04.519+0000][23404][gc,phases    ] GC(473)   Evacuate Collection Set: 2.2ms
[2020-09-24T04:23:04.520+0000][23404][gc,phases    ] GC(473)   Post Evacuate Collection Set: 0.9ms
[2020-09-24T04:23:04.520+0000][23404][gc,phases    ] GC(473)   Other: 0.9ms
[2020-09-24T04:23:04.520+0000][23404][gc,heap      ] GC(473) Eden regions: 60->0(495)
[2020-09-24T04:23:04.520+0000][23404][gc,heap      ] GC(473) Survivor regions: 4->4(63)
[2020-09-24T04:23:04.520+0000][23404][gc,heap      ] GC(473) Old regions: 85->85
[2020-09-24T04:23:04.520+0000][23404][gc,heap      ] GC(473) Archive regions: 0->0
[2020-09-24T04:23:04.520+0000][23404][gc,heap      ] GC(473) Humongous regions: 228->174
[2020-09-24T04:23:04.520+0000][23404][gc,metaspace ] GC(473) Metaspace: 89969K(96000K)->89969K(96000K) NonClass: 78660K(82176K)->78660K(82176K) Class: 11308K(13824K)->11308K(13824K)
[2020-09-24T04:23:04.520+0000][23404][gc           ] GC(473) Pause Young (Concurrent Start) (G1 Humongous Allocation) 374M->261M(1024M) 4.767ms
[2020-09-24T04:23:04.520+0000][23404][gc,cpu       ] GC(473) User=0.00s Sys=0.00s Real=0.00s
[2020-09-24T04:23:04.520+0000][23404][gc           ] GC(474) Concurrent Cycle
[2020-09-24T04:23:04.520+0000][23404][safepoint    ] Safepoint "G1TryInitiateConcMark", Time since last: 800349400 ns, Reaching safepoint: 242800 ns, At safepoint: 4940700 ns, Total: 5183500 ns
[2020-09-24T04:23:04.520+0000][23404][gc,marking   ] GC(474) Concurrent Clear Claimed Marks
[2020-09-24T04:23:04.520+0000][23404][gc,marking   ] GC(474) Concurrent Clear Claimed Marks 0.391ms
[2020-09-24T04:23:04.520+0000][23404][safepoint    ] Safepoint "G1TryInitiateConcMark", Time since last: 229900 ns, Reaching safepoint: 139600 ns, At safepoint: 89700 ns, Total: 229300 ns
[2020-09-24T04:23:04.520+0000][23404][gc,marking   ] GC(474) Concurrent Scan Root Regions
[2020-09-24T04:23:04.524+0000][23404][gc,marking   ] GC(474) Concurrent Scan Root Regions 3.138ms
[2020-09-24T04:23:04.524+0000][23404][gc,marking   ] GC(474) Concurrent Mark (2856.899s)
[2020-09-24T04:23:04.524+0000][23404][gc,marking   ] GC(474) Concurrent Mark From Roots
[2020-09-24T04:23:04.524+0000][23404][gc,task      ] GC(474) Using 2 workers of 2 for marking
[2020-09-24T04:23:04.657+0000][23404][gc,marking   ] GC(474) Concurrent Mark From Roots 133.194ms
[2020-09-24T04:23:04.657+0000][23404][gc,marking   ] GC(474) Concurrent Preclean
[2020-09-24T04:23:04.657+0000][23404][gc,marking   ] GC(474) Concurrent Preclean 0.521ms
[2020-09-24T04:23:04.658+0000][23404][gc,marking   ] GC(474) Concurrent Mark (2856.899s, 2857.033s) 133.940ms
[2020-09-24T04:23:04.658+0000][23404][gc,start     ] GC(474) Pause Remark
[2020-09-24T04:23:04.664+0000][23404][gc           ] GC(474) Pause Remark 332M->332M(1024M) 6.313ms
[2020-09-24T04:23:04.664+0000][23404][gc,cpu       ] GC(474) User=0.13s Sys=0.00s Real=0.01s
[2020-09-24T04:23:04.666+0000][23404][safepoint    ] Safepoint "G1Concurrent", Time since last: 137321200 ns, Reaching safepoint: 214200 ns, At safepoint: 7724800 ns, Total: 7939000 ns
[2020-09-24T04:23:04.666+0000][23404][gc,marking   ] GC(474) Concurrent Rebuild Remembered Sets
[2020-09-24T04:23:04.748+0000][23404][safepoint    ] Safepoint "BulkRevokeBias", Time since last: 80267500 ns, Reaching safepoint: 682400 ns, At safepoint: 1336300 ns, Total: 2018700 ns
[2020-09-24T04:23:04.748+0000][23404][gc,marking   ] GC(474) Concurrent Rebuild Remembered Sets 82.202ms
[2020-09-24T04:23:04.748+0000][23404][gc,start     ] GC(474) Pause Cleanup
[2020-09-24T04:23:04.749+0000][23404][gc           ] GC(474) Pause Cleanup 337M->337M(1024M) 0.329ms
[2020-09-24T04:23:04.749+0000][23404][gc,cpu       ] GC(474) User=0.00s Sys=0.00s Real=0.00s
[2020-09-24T04:23:04.749+0000][23404][safepoint    ] Safepoint "G1Concurrent", Time since last: 160200 ns, Reaching safepoint: 132700 ns, At safepoint: 510500 ns, Total: 643200 ns
[2020-09-24T04:23:04.749+0000][23404][gc,marking   ] GC(474) Concurrent Cleanup for Next Mark
[2020-09-24T04:23:04.751+0000][23404][gc,marking   ] GC(474) Concurrent Cleanup for Next Mark 1.849ms
[2020-09-24T04:23:04.751+0000][23404][gc           ] GC(474) Concurrent Cycle 230.867ms
[2020-09-24T04:23:04.755+0000][23404][gc,start     ] GC(475) Pause Young (Concurrent Start) (G1 Humongous Allocation)
[2020-09-24T04:23:04.755+0000][23404][gc,task      ] GC(475) Using 8 workers of 8 for evacuation
[2020-09-24T04:23:04.756+0000][23404][gc,age       ] GC(475) Desired survivor size 33030144 bytes, new threshold 15 (max threshold 15)
[2020-09-24T04:23:04.759+0000][23404][gc,age       ] GC(475) Age table with threshold 15 (max threshold 15)
[2020-09-24T04:23:04.759+0000][23404][gc,age       ] GC(475) - age   1:     132648 bytes,     132648 total
[2020-09-24T04:23:04.759+0000][23404][gc,age       ] GC(475) - age   2:     270440 bytes,     403088 total
[2020-09-24T04:23:04.759+0000][23404][gc,age       ] GC(475) - age   3:     218288 bytes,     621376 total
[2020-09-24T04:23:04.759+0000][23404][gc,age       ] GC(475) - age   4:       3408 bytes,     624784 total
[2020-09-24T04:23:04.759+0000][23404][gc,age       ] GC(475) - age   5:       1616 bytes,     626400 total
[2020-09-24T04:23:04.759+0000][23404][gc,age       ] GC(475) - age   6:      18640 bytes,     645040 total
[2020-09-24T04:23:04.759+0000][23404][gc,age       ] GC(475) - age   7:       2488 bytes,     647528 total
[2020-09-24T04:23:04.759+0000][23404][gc,age       ] GC(475) - age   8:       1024 bytes,     648552 total
[2020-09-24T04:23:04.759+0000][23404][gc,age       ] GC(475) - age   9:       1112 bytes,     649664 total
[2020-09-24T04:23:04.759+0000][23404][gc,age       ] GC(475) - age  10:       1992 bytes,     651656 total
[2020-09-24T04:23:04.759+0000][23404][gc,age       ] GC(475) - age  11:      64928 bytes,     716584 total
[2020-09-24T04:23:04.759+0000][23404][gc,age       ] GC(475) - age  12:        552 bytes,     717136 total
[2020-09-24T04:23:04.759+0000][23404][gc,age       ] GC(475) - age  13:        704 bytes,     717840 total
[2020-09-24T04:23:04.759+0000][23404][gc,age       ] GC(475) - age  14:        928 bytes,     718768 total
[2020-09-24T04:23:04.759+0000][23404][gc,age       ] GC(475) - age  15:        544 bytes,     719312 total
[2020-09-24T04:23:04.759+0000][23404][gc,phases    ] GC(475)   Pre Evacuate Collection Set: 0.4ms
[2020-09-24T04:23:04.759+0000][23404][gc,phases    ] GC(475)   Merge Heap Roots: 0.1ms
[2020-09-24T04:23:04.759+0000][23404][gc,phases    ] GC(475)   Evacuate Collection Set: 1.9ms
[2020-09-24T04:23:04.759+0000][23404][gc,phases    ] GC(475)   Post Evacuate Collection Set: 0.7ms
[2020-09-24T04:23:04.759+0000][23404][gc,phases    ] GC(475)   Other: 1.0ms
[2020-09-24T04:23:04.760+0000][23404][gc,heap      ] GC(475) Eden regions: 37->0(500)
[2020-09-24T04:23:04.760+0000][23404][gc,heap      ] GC(475) Survivor regions: 4->1(63)
[2020-09-24T04:23:04.760+0000][23404][gc,heap      ] GC(475) Old regions: 85->85
[2020-09-24T04:23:04.760+0000][23404][gc,heap      ] GC(475) Archive regions: 0->0
[2020-09-24T04:23:04.760+0000][23404][gc,heap      ] GC(475) Humongous regions: 222->174
[2020-09-24T04:23:04.760+0000][23404][gc,metaspace ] GC(475) Metaspace: 89973K(96000K)->89973K(96000K) NonClass: 78665K(82176K)->78665K(82176K) Class: 11308K(13824K)->11308K(13824K)
[2020-09-24T04:23:04.760+0000][23404][gc           ] GC(475) Pause Young (Concurrent Start) (G1 Humongous Allocation) 346M->258M(1024M) 4.409ms
[2020-09-24T04:23:04.760+0000][23404][gc,cpu       ] GC(475) User=0.00s Sys=0.00s Real=0.00s
[2020-09-24T04:23:04.760+0000][23404][gc           ] GC(476) Concurrent Cycle
[2020-09-24T04:23:04.760+0000][23404][safepoint    ] Safepoint "G1TryInitiateConcMark", Time since last: 6349000 ns, Reaching safepoint: 227300 ns, At safepoint: 4606900 ns, Total: 4834200 ns
[2020-09-24T04:23:04.760+0000][23404][gc,marking   ] GC(476) Concurrent Clear Claimed Marks
[2020-09-24T04:23:04.761+0000][23404][gc,marking   ] GC(476) Concurrent Clear Claimed Marks 0.672ms
[2020-09-24T04:23:04.761+0000][23404][gc,marking   ] GC(476) Concurrent Scan Root Regions
[2020-09-24T04:23:04.763+0000][23404][gc,marking   ] GC(476) Concurrent Scan Root Regions 2.192ms
[2020-09-24T04:23:04.763+0000][23404][gc,marking   ] GC(476) Concurrent Mark (2857.138s)
[2020-09-24T04:23:04.763+0000][23404][gc,marking   ] GC(476) Concurrent Mark From Roots
[2020-09-24T04:23:04.763+0000][23404][gc,task      ] GC(476) Using 2 workers of 2 for marking
[2020-09-24T04:23:04.889+0000][23404][safepoint    ] Safepoint "BulkRevokeBias", Time since last: 127007100 ns, Reaching safepoint: 289700 ns, At safepoint: 1807600 ns, Total: 2097300 ns
[2020-09-24T04:23:04.922+0000][23404][gc,marking   ] GC(476) Concurrent Mark From Roots 158.628ms
[2020-09-24T04:23:04.922+0000][23404][gc,marking   ] GC(476) Concurrent Preclean
[2020-09-24T04:23:04.923+0000][23404][gc,marking   ] GC(476) Concurrent Preclean 0.758ms
[2020-09-24T04:23:04.923+0000][23404][gc,marking   ] GC(476) Concurrent Mark (2857.138s, 2857.298s) 159.650ms
[2020-09-24T04:23:04.923+0000][23404][gc,start     ] GC(476) Pause Remark
[2020-09-24T04:23:04.930+0000][23404][gc           ] GC(476) Pause Remark 365M->365M(1024M) 7.483ms
[2020-09-24T04:23:04.930+0000][23404][gc,cpu       ] GC(476) User=0.09s Sys=0.00s Real=0.01s
[2020-09-24T04:23:04.931+0000][23404][safepoint    ] Safepoint "G1Concurrent", Time since last: 33725800 ns, Reaching safepoint: 139800 ns, At safepoint: 7740300 ns, Total: 7880100 ns
[2020-09-24T04:23:04.931+0000][23404][gc,marking   ] GC(476) Concurrent Rebuild Remembered Sets
[2020-09-24T04:23:05.023+0000][23404][gc,marking   ] GC(476) Concurrent Rebuild Remembered Sets 92.659ms
[2020-09-24T04:23:05.024+0000][23404][gc,start     ] GC(476) Pause Cleanup
[2020-09-24T04:23:05.024+0000][23404][gc           ] GC(476) Pause Cleanup 451M->451M(1024M) 0.384ms
[2020-09-24T04:23:05.024+0000][23404][gc,cpu       ] GC(476) User=0.00s Sys=0.00s Real=0.00s
[2020-09-24T04:23:05.025+0000][23404][safepoint    ] Safepoint "G1Concurrent", Time since last: 92857000 ns, Reaching safepoint: 228000 ns, At safepoint: 1001500 ns, Total: 1229500 ns
[2020-09-24T04:23:05.025+0000][23404][gc,marking   ] GC(476) Concurrent Cleanup for Next Mark
[2020-09-24T04:23:05.027+0000][23404][gc,marking   ] GC(476) Concurrent Cleanup for Next Mark 2.237ms
[2020-09-24T04:23:05.027+0000][23404][gc           ] GC(476) Concurrent Cycle 267.291ms
[2020-09-24T04:23:05.113+0000][23404][gc,start     ] GC(477) Pause Young (Concurrent Start) (G1 Humongous Allocation)
[2020-09-24T04:23:05.113+0000][23404][gc,task      ] GC(477) Using 8 workers of 8 for evacuation
[2020-09-24T04:23:05.113+0000][23404][gc,age       ] GC(477) Desired survivor size 33030144 bytes, new threshold 15 (max threshold 15)
[2020-09-24T04:23:05.117+0000][23404][gc,age       ] GC(477) Age table with threshold 15 (max threshold 15)
[2020-09-24T04:23:05.118+0000][23404][gc,age       ] GC(477) - age   1:    3123440 bytes,    3123440 total
[2020-09-24T04:23:05.118+0000][23404][gc,age       ] GC(477) - age   2:       5896 bytes,    3129336 total
[2020-09-24T04:23:05.118+0000][23404][gc,age       ] GC(477) - age   3:     266400 bytes,    3395736 total
[2020-09-24T04:23:05.118+0000][23404][gc,age       ] GC(477) - age   4:     218016 bytes,    3613752 total
[2020-09-24T04:23:05.118+0000][23404][gc,age       ] GC(477) - age   5:       3120 bytes,    3616872 total
[2020-09-24T04:23:05.118+0000][23404][gc,age       ] GC(477) - age   6:       1552 bytes,    3618424 total
[2020-09-24T04:23:05.118+0000][23404][gc,age       ] GC(477) - age   7:      18512 bytes,    3636936 total
[2020-09-24T04:23:05.118+0000][23404][gc,age       ] GC(477) - age   8:       2488 bytes,    3639424 total
[2020-09-24T04:23:05.118+0000][23404][gc,age       ] GC(477) - age   9:        960 bytes,    3640384 total
[2020-09-24T04:23:05.118+0000][23404][gc,age       ] GC(477) - age  10:       1112 bytes,    3641496 total
[2020-09-24T04:23:05.118+0000][23404][gc,age       ] GC(477) - age  11:       1928 bytes,    3643424 total
[2020-09-24T04:23:05.118+0000][23404][gc,age       ] GC(477) - age  12:      64832 bytes,    3708256 total
[2020-09-24T04:23:05.118+0000][23404][gc,age       ] GC(477) - age  13:        488 bytes,    3708744 total
[2020-09-24T04:23:05.118+0000][23404][gc,age       ] GC(477) - age  14:        672 bytes,    3709416 total
[2020-09-24T04:23:05.118+0000][23404][gc,age       ] GC(477) - age  15:        928 bytes,    3710344 total
[2020-09-24T04:23:05.118+0000][23404][gc,phases    ] GC(477)   Pre Evacuate Collection Set: 0.5ms
[2020-09-24T04:23:05.118+0000][23404][gc,phases    ] GC(477)   Merge Heap Roots: 0.1ms
[2020-09-24T04:23:05.118+0000][23404][gc,phases    ] GC(477)   Evacuate Collection Set: 2.7ms
[2020-09-24T04:23:05.118+0000][23404][gc,phases    ] GC(477)   Post Evacuate Collection Set: 0.9ms
[2020-09-24T04:23:05.118+0000][23404][gc,phases    ] GC(477)   Other: 1.2ms
[2020-09-24T04:23:05.119+0000][23404][gc,heap      ] GC(477) Eden regions: 109->0(497)
[2020-09-24T04:23:05.119+0000][23404][gc,heap      ] GC(477) Survivor regions: 1->4(63)
[2020-09-24T04:23:05.119+0000][23404][gc,heap      ] GC(477) Old regions: 85->85
[2020-09-24T04:23:05.119+0000][23404][gc,heap      ] GC(477) Archive regions: 0->0
[2020-09-24T04:23:05.119+0000][23404][gc,heap      ] GC(477) Humongous regions: 276->174
[2020-09-24T04:23:05.119+0000][23404][gc,metaspace ] GC(477) Metaspace: 89973K(96000K)->89973K(96000K) NonClass: 78665K(82176K)->78665K(82176K) Class: 11308K(13824K)->11308K(13824K)
[2020-09-24T04:23:05.119+0000][23404][gc           ] GC(477) Pause Young (Concurrent Start) (G1 Humongous Allocation) 469M->261M(1024M) 5.994ms
[2020-09-24T04:23:05.119+0000][23404][gc,cpu       ] GC(477) User=0.11s Sys=0.00s Real=0.01s
[2020-09-24T04:23:05.119+0000][23404][gc           ] GC(478) Concurrent Cycle
[2020-09-24T04:23:05.119+0000][23404][gc,marking   ] GC(478) Concurrent Clear Claimed Marks
[2020-09-24T04:23:05.120+0000][23404][gc,marking   ] GC(478) Concurrent Clear Claimed Marks 0.521ms
[2020-09-24T04:23:05.120+0000][23404][gc,marking   ] GC(478) Concurrent Scan Root Regions
[2020-09-24T04:23:05.120+0000][23404][safepoint    ] Safepoint "G1TryInitiateConcMark", Time since last: 87594400 ns, Reaching safepoint: 493100 ns, At safepoint: 6799800 ns, Total: 7292900 ns
[2020-09-24T04:23:05.121+0000][23404][gc,marking   ] GC(478) Concurrent Scan Root Regions 1.805ms
[2020-09-24T04:23:05.122+0000][23404][gc,marking   ] GC(478) Concurrent Mark (2857.497s)
[2020-09-24T04:23:05.122+0000][23404][gc,marking   ] GC(478) Concurrent Mark From Roots
[2020-09-24T04:23:05.122+0000][23404][gc,task      ] GC(478) Using 2 workers of 2 for marking
[2020-09-24T04:23:05.281+0000][23404][gc,marking   ] GC(478) Concurrent Mark From Roots 159.160ms
[2020-09-24T04:23:05.281+0000][23404][gc,marking   ] GC(478) Concurrent Preclean
[2020-09-24T04:23:05.282+0000][23404][gc,marking   ] GC(478) Concurrent Preclean 0.725ms
[2020-09-24T04:23:05.282+0000][23404][gc,marking   ] GC(478) Concurrent Mark (2857.497s, 2857.657s) 160.157ms
[2020-09-24T04:23:05.282+0000][23404][gc,start     ] GC(478) Pause Remark
[2020-09-24T04:23:05.289+0000][23404][gc           ] GC(478) Pause Remark 355M->355M(1024M) 6.940ms
[2020-09-24T04:23:05.289+0000][23404][gc,cpu       ] GC(478) User=0.13s Sys=0.00s Real=0.01s
[2020-09-24T04:23:05.290+0000][23404][safepoint    ] Safepoint "G1Concurrent", Time since last: 162261400 ns, Reaching safepoint: 221600 ns, At safepoint: 8437000 ns, Total: 8658600 ns
[2020-09-24T04:23:05.291+0000][23404][gc,marking   ] GC(478) Concurrent Rebuild Remembered Sets
[2020-09-24T04:23:05.376+0000][23404][gc,marking   ] GC(478) Concurrent Rebuild Remembered Sets 85.754ms
[2020-09-24T04:23:05.378+0000][23404][gc,start     ] GC(478) Pause Cleanup
[2020-09-24T04:23:05.378+0000][23404][gc           ] GC(478) Pause Cleanup 439M->439M(1024M) 0.474ms
[2020-09-24T04:23:05.378+0000][23404][gc,cpu       ] GC(478) User=0.00s Sys=0.00s Real=0.00s
[2020-09-24T04:23:05.378+0000][23404][safepoint    ] Safepoint "G1Concurrent", Time since last: 86071000 ns, Reaching safepoint: 1030900 ns, At safepoint: 746100 ns, Total: 1777000 ns
[2020-09-24T04:23:05.378+0000][23404][gc,marking   ] GC(478) Concurrent Cleanup for Next Mark
[2020-09-24T04:23:05.381+0000][23404][gc,marking   ] GC(478) Concurrent Cleanup for Next Mark 2.398ms
[2020-09-24T04:23:05.381+0000][23404][gc           ] GC(478) Concurrent Cycle 261.958ms
[2020-09-24T04:23:05.474+0000][23404][gc,start     ] GC(479) Pause Young (Concurrent Start) (G1 Humongous Allocation)
[2020-09-24T04:23:05.474+0000][23404][gc,task      ] GC(479) Using 8 workers of 8 for evacuation
[2020-09-24T04:23:05.474+0000][23404][gc,age       ] GC(479) Desired survivor size 33030144 bytes, new threshold 15 (max threshold 15)
[2020-09-24T04:23:05.482+0000][23404][gc,age       ] GC(479) Age table with threshold 15 (max threshold 15)
[2020-09-24T04:23:05.482+0000][23404][gc,age       ] GC(479) - age   1:    3188528 bytes,    3188528 total
[2020-09-24T04:23:05.482+0000][23404][gc,age       ] GC(479) - age   2:       6576 bytes,    3195104 total
[2020-09-24T04:23:05.482+0000][23404][gc,age       ] GC(479) - age   3:       5768 bytes,    3200872 total
[2020-09-24T04:23:05.482+0000][23404][gc,age       ] GC(479) - age   4:     265808 bytes,    3466680 total
[2020-09-24T04:23:05.482+0000][23404][gc,age       ] GC(479) - age   5:     218016 bytes,    3684696 total
[2020-09-24T04:23:05.483+0000][23404][gc,age       ] GC(479) - age   6:       3056 bytes,    3687752 total
[2020-09-24T04:23:05.483+0000][23404][gc,age       ] GC(479) - age   7:       1552 bytes,    3689304 total
[2020-09-24T04:23:05.483+0000][23404][gc,age       ] GC(479) - age   8:      18352 bytes,    3707656 total
[2020-09-24T04:23:05.483+0000][23404][gc,age       ] GC(479) - age   9:       2424 bytes,    3710080 total
[2020-09-24T04:23:05.483+0000][23404][gc,age       ] GC(479) - age  10:        768 bytes,    3710848 total
[2020-09-24T04:23:05.483+0000][23404][gc,age       ] GC(479) - age  11:       1080 bytes,    3711928 total
[2020-09-24T04:23:05.483+0000][23404][gc,age       ] GC(479) - age  12:       1928 bytes,    3713856 total
[2020-09-24T04:23:05.483+0000][23404][gc,age       ] GC(479) - age  13:      64832 bytes,    3778688 total
[2020-09-24T04:23:05.483+0000][23404][gc,age       ] GC(479) - age  14:        488 bytes,    3779176 total
[2020-09-24T04:23:05.483+0000][23404][gc,age       ] GC(479) - age  15:        672 bytes,    3779848 total
[2020-09-24T04:23:05.483+0000][23404][gc,phases    ] GC(479)   Pre Evacuate Collection Set: 2.5ms
[2020-09-24T04:23:05.483+0000][23404][gc,phases    ] GC(479)   Merge Heap Roots: 0.1ms
[2020-09-24T04:23:05.483+0000][23404][gc,phases    ] GC(479)   Evacuate Collection Set: 4.3ms
[2020-09-24T04:23:05.483+0000][23404][gc,phases    ] GC(479)   Post Evacuate Collection Set: 1.1ms
[2020-09-24T04:23:05.483+0000][23404][gc,phases    ] GC(479)   Other: 1.2ms
[2020-09-24T04:23:05.483+0000][23404][gc,heap      ] GC(479) Eden regions: 97->0(497)
[2020-09-24T04:23:05.483+0000][23404][gc,heap      ] GC(479) Survivor regions: 4->4(63)
[2020-09-24T04:23:05.483+0000][23404][gc,heap      ] GC(479) Old regions: 85->85
[2020-09-24T04:23:05.483+0000][23404][gc,heap      ] GC(479) Archive regions: 0->0
[2020-09-24T04:23:05.483+0000][23404][gc,heap      ] GC(479) Humongous regions: 274->174
[2020-09-24T04:23:05.483+0000][23404][gc,metaspace ] GC(479) Metaspace: 89973K(96000K)->89973K(96000K) NonClass: 78665K(82176K)->78665K(82176K) Class: 11308K(13824K)->11308K(13824K)
[2020-09-24T04:23:05.484+0000][23404][gc           ] GC(479) Pause Young (Concurrent Start) (G1 Humongous Allocation) 458M->261M(1024M) 9.837ms
[2020-09-24T04:23:05.484+0000][23404][gc,cpu       ] GC(479) User=0.00s Sys=0.00s Real=0.01s
[2020-09-24T04:23:05.484+0000][23404][gc           ] GC(480) Concurrent Cycle
[2020-09-24T04:23:05.484+0000][23404][gc,marking   ] GC(480) Concurrent Clear Claimed Marks
[2020-09-24T04:23:05.484+0000][23404][safepoint    ] Safepoint "G1TryInitiateConcMark", Time since last: 95096200 ns, Reaching safepoint: 281100 ns, At safepoint: 10309200 ns, Total: 10590300 ns
[2020-09-24T04:23:05.484+0000][23404][gc,marking   ] GC(480) Concurrent Clear Claimed Marks 0.539ms
[2020-09-24T04:23:05.484+0000][23404][gc,marking   ] GC(480) Concurrent Scan Root Regions
[2020-09-24T04:23:05.487+0000][23404][gc,marking   ] GC(480) Concurrent Scan Root Regions 2.332ms
[2020-09-24T04:23:05.487+0000][23404][gc,marking   ] GC(480) Concurrent Mark (2857.862s)
[2020-09-24T04:23:05.487+0000][23404][gc,marking   ] GC(480) Concurrent Mark From Roots
[2020-09-24T04:23:05.487+0000][23404][gc,task      ] GC(480) Using 2 workers of 2 for marking
[2020-09-24T04:23:05.654+0000][23404][gc,marking   ] GC(480) Concurrent Mark From Roots 166.563ms
[2020-09-24T04:23:05.654+0000][23404][gc,marking   ] GC(480) Concurrent Preclean
[2020-09-24T04:23:05.655+0000][23404][gc,marking   ] GC(480) Concurrent Preclean 0.546ms
[2020-09-24T04:23:05.655+0000][23404][gc,marking   ] GC(480) Concurrent Mark (2857.862s, 2858.029s) 167.311ms
[2020-09-24T04:23:05.657+0000][23404][gc,start     ] GC(480) Pause Remark
[2020-09-24T04:23:05.668+0000][23404][gc           ] GC(480) Pause Remark 354M->354M(1024M) 11.137ms
[2020-09-24T04:23:05.668+0000][23404][gc,cpu       ] GC(480) User=0.09s Sys=0.00s Real=0.01s
[2020-09-24T04:23:05.670+0000][23404][safepoint    ] Safepoint "G1Concurrent", Time since last: 170322800 ns, Reaching safepoint: 1754600 ns, At safepoint: 12969500 ns, Total: 14724100 ns
[2020-09-24T04:23:05.670+0000][23404][gc,marking   ] GC(480) Concurrent Rebuild Remembered Sets
[2020-09-24T04:23:05.767+0000][23404][gc,marking   ] GC(480) Concurrent Rebuild Remembered Sets 97.694ms
[2020-09-24T04:23:05.768+0000][23404][gc,start     ] GC(480) Pause Cleanup
[2020-09-24T04:23:05.770+0000][23404][gc           ] GC(480) Pause Cleanup 390M->390M(1024M) 2.043ms
[2020-09-24T04:23:05.770+0000][23404][gc,cpu       ] GC(480) User=0.00s Sys=0.00s Real=0.00s
[2020-09-24T04:23:05.773+0000][23404][safepoint    ] Safepoint "G1Concurrent", Time since last: 97992500 ns, Reaching safepoint: 180500 ns, At safepoint: 5018700 ns, Total: 5199200 ns
[2020-09-24T04:23:05.773+0000][23404][gc,marking   ] GC(480) Concurrent Cleanup for Next Mark
[2020-09-24T04:23:05.775+0000][23404][gc,marking   ] GC(480) Concurrent Cleanup for Next Mark 2.551ms
[2020-09-24T04:23:05.775+0000][23404][gc           ] GC(480) Concurrent Cycle 291.301ms
[2020-09-24T04:23:05.823+0000][23404][gc,start     ] GC(481) Pause Young (Concurrent Start) (G1 Humongous Allocation)
[2020-09-24T04:23:05.824+0000][23404][gc,task      ] GC(481) Using 8 workers of 8 for evacuation
[2020-09-24T04:23:05.824+0000][23404][gc,age       ] GC(481) Desired survivor size 33030144 bytes, new threshold 15 (max threshold 15)
[2020-09-24T04:23:05.827+0000][23404][gc,age       ] GC(481) Age table with threshold 15 (max threshold 15)
[2020-09-24T04:23:05.827+0000][23404][gc,age       ] GC(481) - age   1:    1254680 bytes,    1254680 total
[2020-09-24T04:23:05.827+0000][23404][gc,age       ] GC(481) - age   2:       2232 bytes,    1256912 total
[2020-09-24T04:23:05.827+0000][23404][gc,age       ] GC(481) - age   3:       6448 bytes,    1263360 total
[2020-09-24T04:23:05.827+0000][23404][gc,age       ] GC(481) - age   4:       4456 bytes,    1267816 total
[2020-09-24T04:23:05.827+0000][23404][gc,age       ] GC(481) - age   5:     265544 bytes,    1533360 total
[2020-09-24T04:23:05.827+0000][23404][gc,age       ] GC(481) - age   6:     218016 bytes,    1751376 total
[2020-09-24T04:23:05.827+0000][23404][gc,age       ] GC(481) - age   7:       3056 bytes,    1754432 total
[2020-09-24T04:23:05.828+0000][23404][gc,age       ] GC(481) - age   8:       1552 bytes,    1755984 total
[2020-09-24T04:23:05.828+0000][23404][gc,age       ] GC(481) - age   9:      18320 bytes,    1774304 total
[2020-09-24T04:23:05.828+0000][23404][gc,age       ] GC(481) - age  10:       2328 bytes,    1776632 total
[2020-09-24T04:23:05.828+0000][23404][gc,age       ] GC(481) - age  11:        768 bytes,    1777400 total
[2020-09-24T04:23:05.828+0000][23404][gc,age       ] GC(481) - age  12:       1016 bytes,    1778416 total
[2020-09-24T04:23:05.828+0000][23404][gc,age       ] GC(481) - age  13:       1928 bytes,    1780344 total
[2020-09-24T04:23:05.828+0000][23404][gc,age       ] GC(481) - age  14:      64800 bytes,    1845144 total
[2020-09-24T04:23:05.828+0000][23404][gc,age       ] GC(481) - age  15:        488 bytes,    1845632 total
[2020-09-24T04:23:05.828+0000][23404][gc,phases    ] GC(481)   Pre Evacuate Collection Set: 0.5ms
[2020-09-24T04:23:05.828+0000][23404][gc,phases    ] GC(481)   Merge Heap Roots: 0.1ms
[2020-09-24T04:23:05.828+0000][23404][gc,phases    ] GC(481)   Evacuate Collection Set: 2.1ms
[2020-09-24T04:23:05.828+0000][23404][gc,phases    ] GC(481)   Post Evacuate Collection Set: 0.8ms
[2020-09-24T04:23:05.828+0000][23404][gc,phases    ] GC(481)   Other: 1.1ms
[2020-09-24T04:23:05.828+0000][23404][gc,heap      ] GC(481) Eden regions: 68->0(500)
[2020-09-24T04:23:05.828+0000][23404][gc,heap      ] GC(481) Survivor regions: 4->2(63)
[2020-09-24T04:23:05.828+0000][23404][gc,heap      ] GC(481) Old regions: 85->85
[2020-09-24T04:23:05.828+0000][23404][gc,heap      ] GC(481) Archive regions: 0->0
[2020-09-24T04:23:05.828+0000][23404][gc,heap      ] GC(481) Humongous regions: 244->174
[2020-09-24T04:23:05.828+0000][23404][gc,metaspace ] GC(481) Metaspace: 89976K(96256K)->89976K(96256K) NonClass: 78667K(82432K)->78667K(82432K) Class: 11308K(13824K)->11308K(13824K)
[2020-09-24T04:23:05.828+0000][23404][gc           ] GC(481) Pause Young (Concurrent Start) (G1 Humongous Allocation) 399M->260M(1024M) 4.898ms
[2020-09-24T04:23:05.828+0000][23404][gc,cpu       ] GC(481) User=0.00s Sys=0.00s Real=0.01s
[2020-09-24T04:23:05.829+0000][23404][gc           ] GC(482) Concurrent Cycle
[2020-09-24T04:23:05.829+0000][23404][gc,marking   ] GC(482) Concurrent Clear Claimed Marks
[2020-09-24T04:23:05.829+0000][23404][safepoint    ] Safepoint "G1TryInitiateConcMark", Time since last: 50674000 ns, Reaching safepoint: 126900 ns, At safepoint: 5320500 ns, Total: 5447400 ns
[2020-09-24T04:23:05.829+0000][23404][gc,marking   ] GC(482) Concurrent Clear Claimed Marks 0.389ms
[2020-09-24T04:23:05.829+0000][23404][gc,marking   ] GC(482) Concurrent Scan Root Regions
[2020-09-24T04:23:05.831+0000][23404][gc,marking   ] GC(482) Concurrent Scan Root Regions 2.194ms
[2020-09-24T04:23:05.831+0000][23404][gc,marking   ] GC(482) Concurrent Mark (2858.206s)
[2020-09-24T04:23:05.831+0000][23404][gc,marking   ] GC(482) Concurrent Mark From Roots
[2020-09-24T04:23:05.831+0000][23404][gc,task      ] GC(482) Using 2 workers of 2 for marking
[2020-09-24T04:23:05.994+0000][23404][gc,marking   ] GC(482) Concurrent Mark From Roots 162.401ms
[2020-09-24T04:23:05.994+0000][23404][gc,marking   ] GC(482) Concurrent Preclean
[2020-09-24T04:23:05.995+0000][23404][gc,marking   ] GC(482) Concurrent Preclean 0.707ms
[2020-09-24T04:23:05.995+0000][23404][gc,marking   ] GC(482) Concurrent Mark (2858.206s, 2858.369s) 163.324ms
[2020-09-24T04:23:05.995+0000][23404][gc,start     ] GC(482) Pause Remark
[2020-09-24T04:23:06.004+0000][23404][gc           ] GC(482) Pause Remark 394M->394M(1024M) 8.911ms
[2020-09-24T04:23:06.004+0000][23404][gc,cpu       ] GC(482) User=0.00s Sys=0.00s Real=0.01s
[2020-09-24T04:23:06.004+0000][23404][safepoint    ] Safepoint "G1Concurrent", Time since last: 166030900 ns, Reaching safepoint: 167400 ns, At safepoint: 9198900 ns, Total: 9366300 ns
[2020-09-24T04:23:06.004+0000][23404][gc,marking   ] GC(482) Concurrent Rebuild Remembered Sets
[2020-09-24T04:23:06.090+0000][23404][gc,marking   ] GC(482) Concurrent Rebuild Remembered Sets 85.487ms
[2020-09-24T04:23:06.090+0000][23404][gc,start     ] GC(482) Pause Cleanup
[2020-09-24T04:23:06.090+0000][23404][gc           ] GC(482) Pause Cleanup 432M->432M(1024M) 0.424ms
[2020-09-24T04:23:06.090+0000][23404][gc,cpu       ] GC(482) User=0.00s Sys=0.00s Real=0.00s
[2020-09-24T04:23:06.091+0000][23404][safepoint    ] Safepoint "G1Concurrent", Time since last: 85719600 ns, Reaching safepoint: 157600 ns, At safepoint: 639500 ns, Total: 797100 ns
[2020-09-24T04:23:06.091+0000][23404][gc,marking   ] GC(482) Concurrent Cleanup for Next Mark
[2020-09-24T04:23:06.092+0000][23404][gc,marking   ] GC(482) Concurrent Cleanup for Next Mark 1.685ms
[2020-09-24T04:23:06.092+0000][23404][gc           ] GC(482) Concurrent Cycle 263.998ms
[2020-09-24T04:23:06.155+0000][23404][gc,start     ] GC(483) Pause Young (Concurrent Start) (G1 Humongous Allocation)
[2020-09-24T04:23:06.155+0000][23404][gc,task      ] GC(483) Using 8 workers of 8 for evacuation
[2020-09-24T04:23:06.155+0000][23404][gc,age       ] GC(483) Desired survivor size 33030144 bytes, new threshold 15 (max threshold 15)
[2020-09-24T04:23:06.159+0000][23404][gc,age       ] GC(483) Age table with threshold 15 (max threshold 15)
[2020-09-24T04:23:06.159+0000][23404][gc,age       ] GC(483) - age   1:    1245872 bytes,    1245872 total
[2020-09-24T04:23:06.159+0000][23404][gc,age       ] GC(483) - age   2:       2504 bytes,    1248376 total
[2020-09-24T04:23:06.159+0000][23404][gc,age       ] GC(483) - age   3:       1424 bytes,    1249800 total
[2020-09-24T04:23:06.159+0000][23404][gc,age       ] GC(483) - age   4:       6288 bytes,    1256088 total
[2020-09-24T04:23:06.159+0000][23404][gc,age       ] GC(483) - age   5:       4456 bytes,    1260544 total
[2020-09-24T04:23:06.159+0000][23404][gc,age       ] GC(483) - age   6:     264968 bytes,    1525512 total
[2020-09-24T04:23:06.159+0000][23404][gc,age       ] GC(483) - age   7:     217952 bytes,    1743464 total
[2020-09-24T04:23:06.159+0000][23404][gc,age       ] GC(483) - age   8:       3056 bytes,    1746520 total
[2020-09-24T04:23:06.159+0000][23404][gc,age       ] GC(483) - age   9:       1552 bytes,    1748072 total
[2020-09-24T04:23:06.159+0000][23404][gc,age       ] GC(483) - age  10:      18288 bytes,    1766360 total
[2020-09-24T04:23:06.160+0000][23404][gc,age       ] GC(483) - age  11:       2328 bytes,    1768688 total
[2020-09-24T04:23:06.160+0000][23404][gc,age       ] GC(483) - age  12:        672 bytes,    1769360 total
[2020-09-24T04:23:06.160+0000][23404][gc,age       ] GC(483) - age  13:        952 bytes,    1770312 total
[2020-09-24T04:23:06.160+0000][23404][gc,age       ] GC(483) - age  14:       1928 bytes,    1772240 total
[2020-09-24T04:23:06.160+0000][23404][gc,age       ] GC(483) - age  15:      64800 bytes,    1837040 total
[2020-09-24T04:23:06.160+0000][23404][gc,phases    ] GC(483)   Pre Evacuate Collection Set: 0.5ms
[2020-09-24T04:23:06.160+0000][23404][gc,phases    ] GC(483)   Merge Heap Roots: 0.1ms
[2020-09-24T04:23:06.160+0000][23404][gc,phases    ] GC(483)   Evacuate Collection Set: 2.1ms
[2020-09-24T04:23:06.160+0000][23404][gc,phases    ] GC(483)   Post Evacuate Collection Set: 0.8ms
[2020-09-24T04:23:06.160+0000][23404][gc,phases    ] GC(483)   Other: 1.1ms
[2020-09-24T04:23:06.160+0000][23404][gc,heap      ] GC(483) Eden regions: 88->0(500)
[2020-09-24T04:23:06.160+0000][23404][gc,heap      ] GC(483) Survivor regions: 2->2(63)
[2020-09-24T04:23:06.160+0000][23404][gc,heap      ] GC(483) Old regions: 85->85
[2020-09-24T04:23:06.160+0000][23404][gc,heap      ] GC(483) Archive regions: 0->0
[2020-09-24T04:23:06.160+0000][23404][gc,heap      ] GC(483) Humongous regions: 264->174
[2020-09-24T04:23:06.160+0000][23404][gc,metaspace ] GC(483) Metaspace: 89987K(96256K)->89987K(96256K) NonClass: 78678K(82432K)->78678K(82432K) Class: 11309K(13824K)->11309K(13824K)
[2020-09-24T04:23:06.160+0000][23404][gc           ] GC(483) Pause Young (Concurrent Start) (G1 Humongous Allocation) 438M->259M(1024M) 4.976ms
[2020-09-24T04:23:06.160+0000][23404][gc,cpu       ] GC(483) User=0.00s Sys=0.00s Real=0.01s
[2020-09-24T04:23:06.160+0000][23404][gc           ] GC(484) Concurrent Cycle
[2020-09-24T04:23:06.160+0000][23404][safepoint    ] Safepoint "G1TryInitiateConcMark", Time since last: 64247200 ns, Reaching safepoint: 331400 ns, At safepoint: 5175700 ns, Total: 5507100 ns
[2020-09-24T04:23:06.160+0000][23404][gc,marking   ] GC(484) Concurrent Clear Claimed Marks
[2020-09-24T04:23:06.161+0000][23404][gc,marking   ] GC(484) Concurrent Clear Claimed Marks 0.952ms
[2020-09-24T04:23:06.161+0000][23404][gc,marking   ] GC(484) Concurrent Scan Root Regions
[2020-09-24T04:23:06.163+0000][23404][gc,marking   ] GC(484) Concurrent Scan Root Regions 1.729ms
[2020-09-24T04:23:06.163+0000][23404][gc,marking   ] GC(484) Concurrent Mark (2858.538s)
[2020-09-24T04:23:06.163+0000][23404][gc,marking   ] GC(484) Concurrent Mark From Roots
[2020-09-24T04:23:06.163+0000][23404][gc,task      ] GC(484) Using 2 workers of 2 for marking
[2020-09-24T04:23:06.326+0000][23404][gc,marking   ] GC(484) Concurrent Mark From Roots 162.531ms
[2020-09-24T04:23:06.326+0000][23404][gc,marking   ] GC(484) Concurrent Preclean
[2020-09-24T04:23:06.327+0000][23404][gc,marking   ] GC(484) Concurrent Preclean 0.686ms
[2020-09-24T04:23:06.327+0000][23404][gc,marking   ] GC(484) Concurrent Mark (2858.538s, 2858.701s) 163.454ms
[2020-09-24T04:23:06.327+0000][23404][gc,start     ] GC(484) Pause Remark
[2020-09-24T04:23:06.335+0000][23404][gc           ] GC(484) Pause Remark 369M->369M(1024M) 7.715ms
[2020-09-24T04:23:06.335+0000][23404][gc,cpu       ] GC(484) User=0.11s Sys=0.00s Real=0.01s
[2020-09-24T04:23:06.335+0000][23404][safepoint    ] Safepoint "G1Concurrent", Time since last: 166484200 ns, Reaching safepoint: 594500 ns, At safepoint: 7978600 ns, Total: 8573100 ns
[2020-09-24T04:23:06.335+0000][23404][gc,marking   ] GC(484) Concurrent Rebuild Remembered Sets
[2020-09-24T04:23:06.426+0000][23404][gc,marking   ] GC(484) Concurrent Rebuild Remembered Sets 90.500ms
[2020-09-24T04:23:06.426+0000][23404][gc,start     ] GC(484) Pause Cleanup
[2020-09-24T04:23:06.427+0000][23404][gc           ] GC(484) Pause Cleanup 430M->430M(1024M) 0.430ms
[2020-09-24T04:23:06.427+0000][23404][gc,cpu       ] GC(484) User=0.00s Sys=0.00s Real=0.00s
[2020-09-24T04:23:06.427+0000][23404][safepoint    ] Safepoint "G1Concurrent", Time since last: 90694700 ns, Reaching safepoint: 226200 ns, At safepoint: 818300 ns, Total: 1044500 ns
[2020-09-24T04:23:06.427+0000][23404][gc,marking   ] GC(484) Concurrent Cleanup for Next Mark
[2020-09-24T04:23:06.430+0000][23404][gc,marking   ] GC(484) Concurrent Cleanup for Next Mark 2.311ms
[2020-09-24T04:23:06.430+0000][23404][gc           ] GC(484) Concurrent Cycle 269.612ms
[2020-09-24T04:23:06.456+0000][23404][gc,start     ] GC(485) Pause Young (Concurrent Start) (G1 Humongous Allocation)
[2020-09-24T04:23:06.456+0000][23404][gc,task      ] GC(485) Using 8 workers of 8 for evacuation
[2020-09-24T04:23:06.456+0000][23404][gc,age       ] GC(485) Desired survivor size 33030144 bytes, new threshold 15 (max threshold 15)
[2020-09-24T04:23:06.459+0000][23404][gc,age       ] GC(485) Age table with threshold 15 (max threshold 15)
[2020-09-24T04:23:06.459+0000][23404][gc,age       ] GC(485) - age   1:     730640 bytes,     730640 total
[2020-09-24T04:23:06.459+0000][23404][gc,age       ] GC(485) - age   2:       6104 bytes,     736744 total
[2020-09-24T04:23:06.459+0000][23404][gc,age       ] GC(485) - age   3:       2344 bytes,     739088 total
[2020-09-24T04:23:06.459+0000][23404][gc,age       ] GC(485) - age   4:       1056 bytes,     740144 total
[2020-09-24T04:23:06.460+0000][23404][gc,age       ] GC(485) - age   5:       6224 bytes,     746368 total
[2020-09-24T04:23:06.460+0000][23404][gc,age       ] GC(485) - age   6:       4456 bytes,     750824 total
[2020-09-24T04:23:06.460+0000][23404][gc,age       ] GC(485) - age   7:     264520 bytes,    1015344 total
[2020-09-24T04:23:06.460+0000][23404][gc,age       ] GC(485) - age   8:     217824 bytes,    1233168 total
[2020-09-24T04:23:06.460+0000][23404][gc,age       ] GC(485) - age   9:       3024 bytes,    1236192 total
[2020-09-24T04:23:06.460+0000][23404][gc,age       ] GC(485) - age  10:       1552 bytes,    1237744 total
[2020-09-24T04:23:06.460+0000][23404][gc,age       ] GC(485) - age  11:      18160 bytes,    1255904 total
[2020-09-24T04:23:06.460+0000][23404][gc,age       ] GC(485) - age  12:       2136 bytes,    1258040 total
[2020-09-24T04:23:06.460+0000][23404][gc,age       ] GC(485) - age  13:        608 bytes,    1258648 total
[2020-09-24T04:23:06.460+0000][23404][gc,age       ] GC(485) - age  14:        952 bytes,    1259600 total
[2020-09-24T04:23:06.460+0000][23404][gc,age       ] GC(485) - age  15:       1800 bytes,    1261400 total
[2020-09-24T04:23:06.460+0000][23404][gc,phases    ] GC(485)   Pre Evacuate Collection Set: 0.4ms
[2020-09-24T04:23:06.460+0000][23404][gc,phases    ] GC(485)   Merge Heap Roots: 0.1ms
[2020-09-24T04:23:06.460+0000][23404][gc,phases    ] GC(485)   Evacuate Collection Set: 2.0ms
[2020-09-24T04:23:06.460+0000][23404][gc,phases    ] GC(485)   Post Evacuate Collection Set: 0.8ms
[2020-09-24T04:23:06.460+0000][23404][gc,phases    ] GC(485)   Other: 1.1ms
[2020-09-24T04:23:06.460+0000][23404][gc,heap      ] GC(485) Eden regions: 91->0(501)
[2020-09-24T04:23:06.460+0000][23404][gc,heap      ] GC(485) Survivor regions: 2->2(63)
[2020-09-24T04:23:06.460+0000][23404][gc,heap      ] GC(485) Old regions: 85->85
[2020-09-24T04:23:06.460+0000][23404][gc,heap      ] GC(485) Archive regions: 0->0
[2020-09-24T04:23:06.460+0000][23404][gc,heap      ] GC(485) Humongous regions: 274->174
[2020-09-24T04:23:06.460+0000][23404][gc,metaspace ] GC(485) Metaspace: 89992K(96256K)->89992K(96256K) NonClass: 78682K(82432K)->78682K(82432K) Class: 11309K(13824K)->11309K(13824K)
[2020-09-24T04:23:06.460+0000][23404][gc           ] GC(485) Pause Young (Concurrent Start) (G1 Humongous Allocation) 450M->259M(1024M) 4.821ms
[2020-09-24T04:23:06.461+0000][23404][gc,cpu       ] GC(485) User=0.02s Sys=0.00s Real=0.00s
[2020-09-24T04:23:06.461+0000][23404][gc           ] GC(486) Concurrent Cycle
[2020-09-24T04:23:06.461+0000][23404][safepoint    ] Safepoint "G1TryInitiateConcMark", Time since last: 28257500 ns, Reaching safepoint: 203600 ns, At safepoint: 5073700 ns, Total: 5277300 ns
[2020-09-24T04:23:06.461+0000][23404][gc,marking   ] GC(486) Concurrent Clear Claimed Marks
[2020-09-24T04:23:06.462+0000][23404][gc,marking   ] GC(486) Concurrent Clear Claimed Marks 0.976ms
[2020-09-24T04:23:06.462+0000][23404][gc,marking   ] GC(486) Concurrent Scan Root Regions
[2020-09-24T04:23:06.463+0000][23404][gc,marking   ] GC(486) Concurrent Scan Root Regions 1.684ms
[2020-09-24T04:23:06.464+0000][23404][gc,marking   ] GC(486) Concurrent Mark (2858.838s)
[2020-09-24T04:23:06.464+0000][23404][gc,marking   ] GC(486) Concurrent Mark From Roots
[2020-09-24T04:23:06.464+0000][23404][gc,task      ] GC(486) Using 2 workers of 2 for marking
[2020-09-24T04:23:06.618+0000][23404][gc,marking   ] GC(486) Concurrent Mark From Roots 154.818ms
[2020-09-24T04:23:06.619+0000][23404][gc,marking   ] GC(486) Concurrent Preclean
[2020-09-24T04:23:06.619+0000][23404][gc,marking   ] GC(486) Concurrent Preclean 0.593ms
[2020-09-24T04:23:06.619+0000][23404][gc,marking   ] GC(486) Concurrent Mark (2858.838s, 2858.994s) 155.615ms
[2020-09-24T04:23:06.620+0000][23404][gc,start     ] GC(486) Pause Remark
[2020-09-24T04:23:06.628+0000][23404][gc           ] GC(486) Pause Remark 337M->337M(1024M) 8.106ms
[2020-09-24T04:23:06.628+0000][23404][gc,cpu       ] GC(486) User=0.00s Sys=0.00s Real=0.01s
[2020-09-24T04:23:06.629+0000][23404][safepoint    ] Safepoint "G1Concurrent", Time since last: 158609400 ns, Reaching safepoint: 288200 ns, At safepoint: 9031900 ns, Total: 9320100 ns
[2020-09-24T04:23:06.629+0000][23404][gc,marking   ] GC(486) Concurrent Rebuild Remembered Sets
[2020-09-24T04:23:06.722+0000][23404][gc,marking   ] GC(486) Concurrent Rebuild Remembered Sets 93.665ms
[2020-09-24T04:23:06.723+0000][23404][gc,start     ] GC(486) Pause Cleanup
[2020-09-24T04:23:06.723+0000][23404][gc           ] GC(486) Pause Cleanup 388M->388M(1024M) 0.352ms
[2020-09-24T04:23:06.723+0000][23404][gc,cpu       ] GC(486) User=0.00s Sys=0.00s Real=0.00s
[2020-09-24T04:23:06.723+0000][23404][safepoint    ] Safepoint "G1Concurrent", Time since last: 93912300 ns, Reaching safepoint: 217500 ns, At safepoint: 531600 ns, Total: 749100 ns
[2020-09-24T04:23:06.723+0000][23404][gc,marking   ] GC(486) Concurrent Cleanup for Next Mark
[2020-09-24T04:23:06.726+0000][23404][gc,marking   ] GC(486) Concurrent Cleanup for Next Mark 2.555ms
[2020-09-24T04:23:06.726+0000][23404][gc           ] GC(486) Concurrent Cycle 265.396ms
[2020-09-24T04:23:06.761+0000][23404][gc,start     ] GC(487) Pause Young (Concurrent Start) (G1 Humongous Allocation)
[2020-09-24T04:23:06.761+0000][23404][gc,task      ] GC(487) Using 8 workers of 8 for evacuation
[2020-09-24T04:23:06.761+0000][23404][gc,age       ] GC(487) Desired survivor size 33030144 bytes, new threshold 15 (max threshold 15)
[2020-09-24T04:23:06.764+0000][23404][gc,age       ] GC(487) Age table with threshold 15 (max threshold 15)
[2020-09-24T04:23:06.765+0000][23404][gc,age       ] GC(487) - age   1:     760640 bytes,     760640 total
[2020-09-24T04:23:06.765+0000][23404][gc,age       ] GC(487) - age   2:       1904 bytes,     762544 total
[2020-09-24T04:23:06.765+0000][23404][gc,age       ] GC(487) - age   3:       1768 bytes,     764312 total
[2020-09-24T04:23:06.765+0000][23404][gc,age       ] GC(487) - age   4:        768 bytes,     765080 total
[2020-09-24T04:23:06.765+0000][23404][gc,age       ] GC(487) - age   5:        992 bytes,     766072 total
[2020-09-24T04:23:06.765+0000][23404][gc,age       ] GC(487) - age   6:       6128 bytes,     772200 total
[2020-09-24T04:23:06.765+0000][23404][gc,age       ] GC(487) - age   7:       4296 bytes,     776496 total
[2020-09-24T04:23:06.765+0000][23404][gc,age       ] GC(487) - age   8:     264392 bytes,    1040888 total
[2020-09-24T04:23:06.765+0000][23404][gc,age       ] GC(487) - age   9:     217824 bytes,    1258712 total
[2020-09-24T04:23:06.765+0000][23404][gc,age       ] GC(487) - age  10:       2800 bytes,    1261512 total
[2020-09-24T04:23:06.765+0000][23404][gc,age       ] GC(487) - age  11:       1200 bytes,    1262712 total
[2020-09-24T04:23:06.765+0000][23404][gc,age       ] GC(487) - age  12:      17968 bytes,    1280680 total
[2020-09-24T04:23:06.765+0000][23404][gc,age       ] GC(487) - age  13:       2104 bytes,    1282784 total
[2020-09-24T04:23:06.765+0000][23404][gc,age       ] GC(487) - age  14:        480 bytes,    1283264 total
[2020-09-24T04:23:06.765+0000][23404][gc,age       ] GC(487) - age  15:        856 bytes,    1284120 total
[2020-09-24T04:23:06.765+0000][23404][gc,phases    ] GC(487)   Pre Evacuate Collection Set: 0.7ms
[2020-09-24T04:23:06.765+0000][23404][gc,phases    ] GC(487)   Merge Heap Roots: 0.1ms
[2020-09-24T04:23:06.765+0000][23404][gc,phases    ] GC(487)   Evacuate Collection Set: 2.1ms
[2020-09-24T04:23:06.765+0000][23404][gc,phases    ] GC(487)   Post Evacuate Collection Set: 0.7ms
[2020-09-24T04:23:06.765+0000][23404][gc,phases    ] GC(487)   Other: 1.2ms
[2020-09-24T04:23:06.765+0000][23404][gc,heap      ] GC(487) Eden regions: 83->0(501)
[2020-09-24T04:23:06.765+0000][23404][gc,heap      ] GC(487) Survivor regions: 2->2(63)
[2020-09-24T04:23:06.766+0000][23404][gc,heap      ] GC(487) Old regions: 85->85
[2020-09-24T04:23:06.766+0000][23404][gc,heap      ] GC(487) Archive regions: 0->0
[2020-09-24T04:23:06.766+0000][23404][gc,heap      ] GC(487) Humongous regions: 254->174
[2020-09-24T04:23:06.766+0000][23404][gc,metaspace ] GC(487) Metaspace: 90018K(96256K)->90018K(96256K) NonClass: 78708K(82432K)->78708K(82432K) Class: 11309K(13824K)->11309K(13824K)
[2020-09-24T04:23:06.766+0000][23404][gc           ] GC(487) Pause Young (Concurrent Start) (G1 Humongous Allocation) 422M->259M(1024M) 5.214ms
[2020-09-24T04:23:06.766+0000][23404][gc,cpu       ] GC(487) User=0.00s Sys=0.00s Real=0.01s
[2020-09-24T04:23:06.766+0000][23404][gc           ] GC(488) Concurrent Cycle
[2020-09-24T04:23:06.766+0000][23404][safepoint    ] Safepoint "G1TryInitiateConcMark", Time since last: 37100400 ns, Reaching safepoint: 186300 ns, At safepoint: 5445000 ns, Total: 5631300 ns
[2020-09-24T04:23:06.766+0000][23404][gc,marking   ] GC(488) Concurrent Clear Claimed Marks
[2020-09-24T04:23:06.767+0000][23404][gc,marking   ] GC(488) Concurrent Clear Claimed Marks 0.782ms
[2020-09-24T04:23:06.767+0000][23404][gc,marking   ] GC(488) Concurrent Scan Root Regions
[2020-09-24T04:23:06.769+0000][23404][gc,marking   ] GC(488) Concurrent Scan Root Regions 2.089ms
[2020-09-24T04:23:06.769+0000][23404][gc,marking   ] GC(488) Concurrent Mark (2859.144s)
[2020-09-24T04:23:06.769+0000][23404][gc,marking   ] GC(488) Concurrent Mark From Roots
[2020-09-24T04:23:06.769+0000][23404][gc,task      ] GC(488) Using 2 workers of 2 for marking
[2020-09-24T04:23:06.917+0000][23404][gc,marking   ] GC(488) Concurrent Mark From Roots 147.655ms
[2020-09-24T04:23:06.917+0000][23404][gc,marking   ] GC(488) Concurrent Preclean
[2020-09-24T04:23:06.918+0000][23404][gc,marking   ] GC(488) Concurrent Preclean 0.645ms
[2020-09-24T04:23:06.918+0000][23404][gc,marking   ] GC(488) Concurrent Mark (2859.144s, 2859.292s) 148.511ms
[2020-09-24T04:23:06.918+0000][23404][gc,start     ] GC(488) Pause Remark
[2020-09-24T04:23:06.925+0000][23404][gc           ] GC(488) Pause Remark 346M->346M(1024M) 7.285ms
[2020-09-24T04:23:06.925+0000][23404][gc,cpu       ] GC(488) User=0.00s Sys=0.00s Real=0.01s
[2020-09-24T04:23:06.925+0000][23404][safepoint    ] Safepoint "G1Concurrent", Time since last: 151727700 ns, Reaching safepoint: 136800 ns, At safepoint: 7527000 ns, Total: 7663800 ns
[2020-09-24T04:23:06.925+0000][23404][gc,marking   ] GC(488) Concurrent Rebuild Remembered Sets
[2020-09-24T04:23:07.022+0000][23404][gc,marking   ] GC(488) Concurrent Rebuild Remembered Sets 96.374ms
[2020-09-24T04:23:07.025+0000][23404][gc,start     ] GC(488) Pause Cleanup
[2020-09-24T04:23:07.025+0000][23404][gc           ] GC(488) Pause Cleanup 615M->615M(1024M) 0.462ms
[2020-09-24T04:23:07.025+0000][23404][gc,cpu       ] GC(488) User=0.00s Sys=0.00s Real=0.00s
[2020-09-24T04:23:07.025+0000][23404][safepoint    ] Safepoint "G1Concurrent", Time since last: 96549400 ns, Reaching safepoint: 2815800 ns, At safepoint: 677800 ns, Total: 3493600 ns
[2020-09-24T04:23:07.025+0000][23404][gc,marking   ] GC(488) Concurrent Cleanup for Next Mark
[2020-09-24T04:23:07.027+0000][23404][gc,marking   ] GC(488) Concurrent Cleanup for Next Mark 2.035ms
[2020-09-24T04:23:07.028+0000][23404][gc           ] GC(488) Concurrent Cycle 261.706ms
[2020-09-24T04:23:07.049+0000][23404][gc,start     ] GC(489) Pause Young (Concurrent Start) (G1 Humongous Allocation)
[2020-09-24T04:23:07.049+0000][23404][gc,task      ] GC(489) Using 8 workers of 8 for evacuation
[2020-09-24T04:23:07.049+0000][23404][gc,age       ] GC(489) Desired survivor size 33030144 bytes, new threshold 15 (max threshold 15)
[2020-09-24T04:23:07.053+0000][23404][gc,age       ] GC(489) Age table with threshold 15 (max threshold 15)
[2020-09-24T04:23:07.053+0000][23404][gc,age       ] GC(489) - age   1:    3555856 bytes,    3555856 total
[2020-09-24T04:23:07.053+0000][23404][gc,age       ] GC(489) - age   2:      13040 bytes,    3568896 total
[2020-09-24T04:23:07.053+0000][23404][gc,age       ] GC(489) - age   3:       1456 bytes,    3570352 total
[2020-09-24T04:23:07.053+0000][23404][gc,age       ] GC(489) - age   4:       1640 bytes,    3571992 total
[2020-09-24T04:23:07.053+0000][23404][gc,age       ] GC(489) - age   5:        768 bytes,    3572760 total
[2020-09-24T04:23:07.053+0000][23404][gc,age       ] GC(489) - age   6:        960 bytes,    3573720 total
[2020-09-24T04:23:07.053+0000][23404][gc,age       ] GC(489) - age   7:       6064 bytes,    3579784 total
[2020-09-24T04:23:07.053+0000][23404][gc,age       ] GC(489) - age   8:       4296 bytes,    3584080 total
[2020-09-24T04:23:07.053+0000][23404][gc,age       ] GC(489) - age   9:     258984 bytes,    3843064 total
[2020-09-24T04:23:07.053+0000][23404][gc,age       ] GC(489) - age  10:     211672 bytes,    4054736 total
[2020-09-24T04:23:07.053+0000][23404][gc,age       ] GC(489) - age  11:       1920 bytes,    4056656 total
[2020-09-24T04:23:07.053+0000][23404][gc,age       ] GC(489) - age  12:       1200 bytes,    4057856 total
[2020-09-24T04:23:07.053+0000][23404][gc,age       ] GC(489) - age  13:      15456 bytes,    4073312 total
[2020-09-24T04:23:07.053+0000][23404][gc,age       ] GC(489) - age  14:       1680 bytes,    4074992 total
[2020-09-24T04:23:07.053+0000][23404][gc,age       ] GC(489) - age  15:        480 bytes,    4075472 total
[2020-09-24T04:23:07.053+0000][23404][gc,phases    ] GC(489)   Pre Evacuate Collection Set: 0.4ms
[2020-09-24T04:23:07.053+0000][23404][gc,phases    ] GC(489)   Merge Heap Roots: 0.1ms
[2020-09-24T04:23:07.053+0000][23404][gc,phases    ] GC(489)   Evacuate Collection Set: 2.1ms
[2020-09-24T04:23:07.053+0000][23404][gc,phases    ] GC(489)   Post Evacuate Collection Set: 0.9ms
[2020-09-24T04:23:07.053+0000][23404][gc,phases    ] GC(489)   Other: 1.0ms
[2020-09-24T04:23:07.053+0000][23404][gc,heap      ] GC(489) Eden regions: 111->0(497)
[2020-09-24T04:23:07.054+0000][23404][gc,heap      ] GC(489) Survivor regions: 2->4(63)
[2020-09-24T04:23:07.054+0000][23404][gc,heap      ] GC(489) Old regions: 85->85
[2020-09-24T04:23:07.054+0000][23404][gc,heap      ] GC(489) Archive regions: 0->0
[2020-09-24T04:23:07.054+0000][23404][gc,heap      ] GC(489) Humongous regions: 436->174
[2020-09-24T04:23:07.054+0000][23404][gc,metaspace ] GC(489) Metaspace: 90019K(96256K)->90019K(96256K) NonClass: 78709K(82432K)->78709K(82432K) Class: 11309K(13824K)->11309K(13824K)
[2020-09-24T04:23:07.054+0000][23404][gc           ] GC(489) Pause Young (Concurrent Start) (G1 Humongous Allocation) 632M->262M(1024M) 4.876ms
[2020-09-24T04:23:07.054+0000][23404][gc,cpu       ] GC(489) User=0.02s Sys=0.00s Real=0.00s
[2020-09-24T04:23:07.054+0000][23404][gc           ] GC(490) Concurrent Cycle
[2020-09-24T04:23:07.054+0000][23404][safepoint    ] Safepoint "G1TryInitiateConcMark", Time since last: 23171900 ns, Reaching safepoint: 232700 ns, At safepoint: 5061100 ns, Total: 5293800 ns
[2020-09-24T04:23:07.054+0000][23404][gc,marking   ] GC(490) Concurrent Clear Claimed Marks
[2020-09-24T04:23:07.055+0000][23404][gc,marking   ] GC(490) Concurrent Clear Claimed Marks 0.898ms
[2020-09-24T04:23:07.055+0000][23404][gc,marking   ] GC(490) Concurrent Scan Root Regions
[2020-09-24T04:23:07.058+0000][23404][gc,marking   ] GC(490) Concurrent Scan Root Regions 3.148ms
[2020-09-24T04:23:07.058+0000][23404][gc,marking   ] GC(490) Concurrent Mark (2859.433s)
[2020-09-24T04:23:07.058+0000][23404][gc,marking   ] GC(490) Concurrent Mark From Roots
[2020-09-24T04:23:07.058+0000][23404][gc,task      ] GC(490) Using 2 workers of 2 for marking
[2020-09-24T04:23:07.164+0000][23404][gc,marking   ] GC(490) Concurrent Mark From Roots 105.705ms
[2020-09-24T04:23:07.164+0000][23404][gc,marking   ] GC(490) Concurrent Preclean
[2020-09-24T04:23:07.164+0000][23404][gc,marking   ] GC(490) Concurrent Preclean 0.366ms
[2020-09-24T04:23:07.164+0000][23404][gc,marking   ] GC(490) Concurrent Mark (2859.433s, 2859.539s) 106.220ms
[2020-09-24T04:23:07.165+0000][23404][gc,start     ] GC(490) Pause Remark
[2020-09-24T04:23:07.172+0000][23404][gc           ] GC(490) Pause Remark 329M->329M(1024M) 7.301ms
[2020-09-24T04:23:07.172+0000][23404][gc,cpu       ] GC(490) User=0.00s Sys=0.00s Real=0.01s
[2020-09-24T04:23:07.172+0000][23404][safepoint    ] Safepoint "G1Concurrent", Time since last: 110702400 ns, Reaching safepoint: 145100 ns, At safepoint: 7545900 ns, Total: 7691000 ns
[2020-09-24T04:23:07.172+0000][23404][gc,marking   ] GC(490) Concurrent Rebuild Remembered Sets
[2020-09-24T04:23:07.245+0000][23404][gc,marking   ] GC(490) Concurrent Rebuild Remembered Sets 72.754ms
[2020-09-24T04:23:07.245+0000][23404][gc,start     ] GC(490) Pause Cleanup
[2020-09-24T04:23:07.246+0000][23404][gc           ] GC(490) Pause Cleanup 331M->331M(1024M) 0.310ms
[2020-09-24T04:23:07.246+0000][23404][gc,cpu       ] GC(490) User=0.00s Sys=0.00s Real=0.00s
[2020-09-24T04:23:07.246+0000][23404][safepoint    ] Safepoint "G1Concurrent", Time since last: 72938000 ns, Reaching safepoint: 100000 ns, At safepoint: 441800 ns, Total: 541800 ns
[2020-09-24T04:23:07.246+0000][23404][gc,marking   ] GC(490) Concurrent Cleanup for Next Mark
[2020-09-24T04:23:07.247+0000][23404][gc,marking   ] GC(490) Concurrent Cleanup for Next Mark 1.622ms
[2020-09-24T04:23:07.247+0000][23404][gc           ] GC(490) Concurrent Cycle 193.635ms
[2020-09-24T04:23:07.296+0000][23404][gc,start     ] GC(491) Pause Young (Concurrent Start) (G1 Humongous Allocation)
[2020-09-24T04:23:07.296+0000][23404][gc,task      ] GC(491) Using 8 workers of 8 for evacuation
[2020-09-24T04:23:07.296+0000][23404][gc,age       ] GC(491) Desired survivor size 33030144 bytes, new threshold 15 (max threshold 15)
[2020-09-24T04:23:07.299+0000][23404][gc,age       ] GC(491) Age table with threshold 15 (max threshold 15)
[2020-09-24T04:23:07.300+0000][23404][gc,age       ] GC(491) - age   1:    2561520 bytes,    2561520 total
[2020-09-24T04:23:07.300+0000][23404][gc,age       ] GC(491) - age   2:      24120 bytes,    2585640 total
[2020-09-24T04:23:07.300+0000][23404][gc,age       ] GC(491) - age   3:      12528 bytes,    2598168 total
[2020-09-24T04:23:07.300+0000][23404][gc,age       ] GC(491) - age   4:       1192 bytes,    2599360 total
[2020-09-24T04:23:07.300+0000][23404][gc,age       ] GC(491) - age   5:       1576 bytes,    2600936 total
[2020-09-24T04:23:07.300+0000][23404][gc,age       ] GC(491) - age   6:        736 bytes,    2601672 total
[2020-09-24T04:23:07.300+0000][23404][gc,age       ] GC(491) - age   7:        960 bytes,    2602632 total
[2020-09-24T04:23:07.300+0000][23404][gc,age       ] GC(491) - age   8:       5968 bytes,    2608600 total
[2020-09-24T04:23:07.300+0000][23404][gc,age       ] GC(491) - age   9:       4296 bytes,    2612896 total
[2020-09-24T04:23:07.300+0000][23404][gc,age       ] GC(491) - age  10:     258840 bytes,    2871736 total
[2020-09-24T04:23:07.300+0000][23404][gc,age       ] GC(491) - age  11:     211536 bytes,    3083272 total
[2020-09-24T04:23:07.300+0000][23404][gc,age       ] GC(491) - age  12:       1920 bytes,    3085192 total
[2020-09-24T04:23:07.300+0000][23404][gc,age       ] GC(491) - age  13:       1200 bytes,    3086392 total
[2020-09-24T04:23:07.300+0000][23404][gc,age       ] GC(491) - age  14:      15432 bytes,    3101824 total
[2020-09-24T04:23:07.300+0000][23404][gc,age       ] GC(491) - age  15:       1680 bytes,    3103504 total
[2020-09-24T04:23:07.300+0000][23404][gc,phases    ] GC(491)   Pre Evacuate Collection Set: 0.4ms
[2020-09-24T04:23:07.300+0000][23404][gc,phases    ] GC(491)   Merge Heap Roots: 0.1ms
[2020-09-24T04:23:07.300+0000][23404][gc,phases    ] GC(491)   Evacuate Collection Set: 2.1ms
[2020-09-24T04:23:07.300+0000][23404][gc,phases    ] GC(491)   Post Evacuate Collection Set: 0.7ms
[2020-09-24T04:23:07.300+0000][23404][gc,phases    ] GC(491)   Other: 0.9ms
[2020-09-24T04:23:07.300+0000][23404][gc,heap      ] GC(491) Eden regions: 25->0(488)
[2020-09-24T04:23:07.300+0000][23404][gc,heap      ] GC(491) Survivor regions: 4->4(63)
[2020-09-24T04:23:07.300+0000][23404][gc,heap      ] GC(491) Old regions: 85->85
[2020-09-24T04:23:07.300+0000][23404][gc,heap      ] GC(491) Archive regions: 0->0
[2020-09-24T04:23:07.300+0000][23404][gc,heap      ] GC(491) Humongous regions: 226->174
[2020-09-24T04:23:07.301+0000][23404][gc,metaspace ] GC(491) Metaspace: 90019K(96256K)->90019K(96256K) NonClass: 78709K(82432K)->78709K(82432K) Class: 11309K(13824K)->11309K(13824K)
[2020-09-24T04:23:07.301+0000][23404][gc           ] GC(491) Pause Young (Concurrent Start) (G1 Humongous Allocation) 338M->261M(1024M) 4.594ms
[2020-09-24T04:23:07.301+0000][23404][gc,cpu       ] GC(491) User=0.00s Sys=0.00s Real=0.01s
[2020-09-24T04:23:07.301+0000][23404][gc           ] GC(492) Concurrent Cycle
[2020-09-24T04:23:07.301+0000][23404][safepoint    ] Safepoint "G1TryInitiateConcMark", Time since last: 50152100 ns, Reaching safepoint: 135800 ns, At safepoint: 4765000 ns, Total: 4900800 ns
[2020-09-24T04:23:07.301+0000][23404][gc,marking   ] GC(492) Concurrent Clear Claimed Marks
[2020-09-24T04:23:07.301+0000][23404][gc,marking   ] GC(492) Concurrent Clear Claimed Marks 0.455ms
[2020-09-24T04:23:07.301+0000][23404][gc,marking   ] GC(492) Concurrent Scan Root Regions
[2020-09-24T04:23:07.303+0000][23404][gc,marking   ] GC(492) Concurrent Scan Root Regions 2.144ms
[2020-09-24T04:23:07.304+0000][23404][gc,marking   ] GC(492) Concurrent Mark (2859.678s)
[2020-09-24T04:23:07.304+0000][23404][gc,marking   ] GC(492) Concurrent Mark From Roots
[2020-09-24T04:23:07.304+0000][23404][gc,task      ] GC(492) Using 2 workers of 2 for marking
[2020-09-24T04:23:07.447+0000][23404][gc,marking   ] GC(492) Concurrent Mark From Roots 143.516ms
[2020-09-24T04:23:07.447+0000][23404][gc,marking   ] GC(492) Concurrent Preclean
[2020-09-24T04:23:07.448+0000][23404][gc,marking   ] GC(492) Concurrent Preclean 0.583ms
[2020-09-24T04:23:07.448+0000][23404][gc,marking   ] GC(492) Concurrent Mark (2859.678s, 2859.823s) 144.384ms
[2020-09-24T04:23:07.448+0000][23404][gc,start     ] GC(492) Pause Remark
[2020-09-24T04:23:07.456+0000][23404][gc           ] GC(492) Pause Remark 663M->663M(1024M) 7.325ms
[2020-09-24T04:23:07.456+0000][23404][gc,cpu       ] GC(492) User=0.00s Sys=0.00s Real=0.01s
[2020-09-24T04:23:07.456+0000][23404][safepoint    ] Safepoint "G1Concurrent", Time since last: 147276700 ns, Reaching safepoint: 193500 ns, At safepoint: 7641800 ns, Total: 7835300 ns
[2020-09-24T04:23:07.456+0000][23404][gc,marking   ] GC(492) Concurrent Rebuild Remembered Sets
[2020-09-24T04:23:07.544+0000][23404][gc,marking   ] GC(492) Concurrent Rebuild Remembered Sets 88.220ms
[2020-09-24T04:23:07.544+0000][23404][gc,start     ] GC(492) Pause Cleanup
[2020-09-24T04:23:07.545+0000][23404][gc           ] GC(492) Pause Cleanup 739M->739M(1024M) 0.499ms
[2020-09-24T04:23:07.545+0000][23404][gc,cpu       ] GC(492) User=0.00s Sys=0.00s Real=0.00s
[2020-09-24T04:23:07.545+0000][23404][safepoint    ] Safepoint "G1Concurrent", Time since last: 88434400 ns, Reaching safepoint: 175600 ns, At safepoint: 742700 ns, Total: 918300 ns
[2020-09-24T04:23:07.545+0000][23404][gc,marking   ] GC(492) Concurrent Cleanup for Next Mark
[2020-09-24T04:23:07.547+0000][23404][gc,marking   ] GC(492) Concurrent Cleanup for Next Mark 1.973ms
[2020-09-24T04:23:07.547+0000][23404][gc           ] GC(492) Concurrent Cycle 246.635ms
[2020-09-24T04:23:07.575+0000][23404][gc,start     ] GC(493) Pause Young (Concurrent Start) (G1 Humongous Allocation)
[2020-09-24T04:23:07.575+0000][23404][gc,task      ] GC(493) Using 8 workers of 8 for evacuation
[2020-09-24T04:23:07.575+0000][23404][gc,age       ] GC(493) Desired survivor size 32505856 bytes, new threshold 15 (max threshold 15)
[2020-09-24T04:23:07.580+0000][23404][gc,age       ] GC(493) Age table with threshold 15 (max threshold 15)
[2020-09-24T04:23:07.580+0000][23404][gc,age       ] GC(493) - age   1:    3935416 bytes,    3935416 total
[2020-09-24T04:23:07.580+0000][23404][gc,age       ] GC(493) - age   2:       1216 bytes,    3936632 total
[2020-09-24T04:23:07.580+0000][23404][gc,age       ] GC(493) - age   3:      21760 bytes,    3958392 total
[2020-09-24T04:23:07.580+0000][23404][gc,age       ] GC(493) - age   4:      11520 bytes,    3969912 total
[2020-09-24T04:23:07.580+0000][23404][gc,age       ] GC(493) - age   5:       1128 bytes,    3971040 total
[2020-09-24T04:23:07.581+0000][23404][gc,age       ] GC(493) - age   6:       1544 bytes,    3972584 total
[2020-09-24T04:23:07.581+0000][23404][gc,age       ] GC(493) - age   7:        736 bytes,    3973320 total
[2020-09-24T04:23:07.581+0000][23404][gc,age       ] GC(493) - age   8:        960 bytes,    3974280 total
[2020-09-24T04:23:07.581+0000][23404][gc,age       ] GC(493) - age   9:       5936 bytes,    3980216 total
[2020-09-24T04:23:07.581+0000][23404][gc,age       ] GC(493) - age  10:       4264 bytes,    3984480 total
[2020-09-24T04:23:07.581+0000][23404][gc,age       ] GC(493) - age  11:     258776 bytes,    4243256 total
[2020-09-24T04:23:07.581+0000][23404][gc,age       ] GC(493) - age  12:     211536 bytes,    4454792 total
[2020-09-24T04:23:07.581+0000][23404][gc,age       ] GC(493) - age  13:       1888 bytes,    4456680 total
[2020-09-24T04:23:07.581+0000][23404][gc,age       ] GC(493) - age  14:        976 bytes,    4457656 total
[2020-09-24T04:23:07.581+0000][23404][gc,age       ] GC(493) - age  15:      15336 bytes,    4472992 total
[2020-09-24T04:23:07.581+0000][23404][gc,phases    ] GC(493)   Pre Evacuate Collection Set: 0.5ms
[2020-09-24T04:23:07.581+0000][23404][gc,phases    ] GC(493)   Merge Heap Roots: 0.1ms
[2020-09-24T04:23:07.581+0000][23404][gc,phases    ] GC(493)   Evacuate Collection Set: 3.1ms
[2020-09-24T04:23:07.581+0000][23404][gc,phases    ] GC(493)   Post Evacuate Collection Set: 1.0ms
[2020-09-24T04:23:07.581+0000][23404][gc,phases    ] GC(493)   Other: 0.9ms
[2020-09-24T04:23:07.581+0000][23404][gc,heap      ] GC(493) Eden regions: 131->0(488)
[2020-09-24T04:23:07.581+0000][23404][gc,heap      ] GC(493) Survivor regions: 4->5(62)
[2020-09-24T04:23:07.581+0000][23404][gc,heap      ] GC(493) Old regions: 85->85
[2020-09-24T04:23:07.581+0000][23404][gc,heap      ] GC(493) Archive regions: 0->0
[2020-09-24T04:23:07.581+0000][23404][gc,heap      ] GC(493) Humongous regions: 530->174
[2020-09-24T04:23:07.581+0000][23404][gc,metaspace ] GC(493) Metaspace: 90019K(96256K)->90019K(96256K) NonClass: 78709K(82432K)->78709K(82432K) Class: 11309K(13824K)->11309K(13824K)
[2020-09-24T04:23:07.581+0000][23404][gc           ] GC(493) Pause Young (Concurrent Start) (G1 Humongous Allocation) 748M->262M(1024M) 5.971ms
[2020-09-24T04:23:07.581+0000][23404][gc,cpu       ] GC(493) User=0.00s Sys=0.00s Real=0.01s
[2020-09-24T04:23:07.581+0000][23404][safepoint    ] Safepoint "G1TryInitiateConcMark", Time since last: 29763800 ns, Reaching safepoint: 146700 ns, At safepoint: 6116700 ns, Total: 6263400 ns
[2020-09-24T04:23:07.581+0000][23404][gc           ] GC(494) Concurrent Cycle
[2020-09-24T04:23:07.581+0000][23404][gc,marking   ] GC(494) Concurrent Clear Claimed Marks
[2020-09-24T04:23:07.582+0000][23404][gc,marking   ] GC(494) Concurrent Clear Claimed Marks 0.495ms
[2020-09-24T04:23:07.582+0000][23404][gc,marking   ] GC(494) Concurrent Scan Root Regions
[2020-09-24T04:23:07.586+0000][23404][gc,marking   ] GC(494) Concurrent Scan Root Regions 3.700ms
[2020-09-24T04:23:07.586+0000][23404][gc,marking   ] GC(494) Concurrent Mark (2859.961s)
[2020-09-24T04:23:07.586+0000][23404][gc,marking   ] GC(494) Concurrent Mark From Roots
[2020-09-24T04:23:07.586+0000][23404][gc,task      ] GC(494) Using 2 workers of 2 for marking
[2020-09-24T04:23:07.705+0000][23404][gc,marking   ] GC(494) Concurrent Mark From Roots 119.501ms
[2020-09-24T04:23:07.705+0000][23404][gc,marking   ] GC(494) Concurrent Preclean
[2020-09-24T04:23:07.706+0000][23404][gc,marking   ] GC(494) Concurrent Preclean 0.703ms
[2020-09-24T04:23:07.706+0000][23404][gc,marking   ] GC(494) Concurrent Mark (2859.961s, 2860.081s) 120.416ms
[2020-09-24T04:23:07.706+0000][23404][gc,start     ] GC(494) Pause Remark
[2020-09-24T04:23:07.714+0000][23404][gc           ] GC(494) Pause Remark 467M->467M(1024M) 7.532ms
[2020-09-24T04:23:07.714+0000][23404][gc,cpu       ] GC(494) User=0.11s Sys=0.00s Real=0.01s
[2020-09-24T04:23:07.714+0000][23404][safepoint    ] Safepoint "G1Concurrent", Time since last: 125015700 ns, Reaching safepoint: 246500 ns, At safepoint: 7808500 ns, Total: 8055000 ns
[2020-09-24T04:23:07.714+0000][23404][gc,marking   ] GC(494) Concurrent Rebuild Remembered Sets
[2020-09-24T04:23:07.787+0000][23404][gc,marking   ] GC(494) Concurrent Rebuild Remembered Sets 72.234ms
[2020-09-24T04:23:07.787+0000][23404][gc,start     ] GC(494) Pause Cleanup
[2020-09-24T04:23:07.787+0000][23404][gc           ] GC(494) Pause Cleanup 539M->539M(1024M) 0.308ms
[2020-09-24T04:23:07.787+0000][23404][gc,cpu       ] GC(494) User=0.00s Sys=0.00s Real=0.00s
[2020-09-24T04:23:07.787+0000][23404][safepoint    ] Safepoint "G1Concurrent", Time since last: 72443000 ns, Reaching safepoint: 102500 ns, At safepoint: 493600 ns, Total: 596100 ns
[2020-09-24T04:23:07.787+0000][23404][gc,marking   ] GC(494) Concurrent Cleanup for Next Mark
[2020-09-24T04:23:07.789+0000][23404][gc,marking   ] GC(494) Concurrent Cleanup for Next Mark 1.901ms
[2020-09-24T04:23:07.789+0000][23404][gc           ] GC(494) Concurrent Cycle 208.251ms
[2020-09-24T04:23:07.819+0000][23404][gc,start     ] GC(495) Pause Young (Concurrent Start) (G1 Humongous Allocation)
[2020-09-24T04:23:07.819+0000][23404][gc,task      ] GC(495) Using 8 workers of 8 for evacuation
[2020-09-24T04:23:07.819+0000][23404][gc,age       ] GC(495) Desired survivor size 32505856 bytes, new threshold 15 (max threshold 15)
[2020-09-24T04:23:07.825+0000][23404][gc,age       ] GC(495) Age table with threshold 15 (max threshold 15)
[2020-09-24T04:23:07.825+0000][23404][gc,age       ] GC(495) - age   1:   13581072 bytes,   13581072 total
[2020-09-24T04:23:07.825+0000][23404][gc,age       ] GC(495) - age   2:      12496 bytes,   13593568 total
[2020-09-24T04:23:07.825+0000][23404][gc,age       ] GC(495) - age   3:        408 bytes,   13593976 total
[2020-09-24T04:23:07.825+0000][23404][gc,age       ] GC(495) - age   4:      21632 bytes,   13615608 total
[2020-09-24T04:23:07.825+0000][23404][gc,age       ] GC(495) - age   5:       9696 bytes,   13625304 total
[2020-09-24T04:23:07.825+0000][23404][gc,age       ] GC(495) - age   6:       1096 bytes,   13626400 total
[2020-09-24T04:23:07.825+0000][23404][gc,age       ] GC(495) - age   7:       1544 bytes,   13627944 total
[2020-09-24T04:23:07.825+0000][23404][gc,age       ] GC(495) - age   8:        672 bytes,   13628616 total
[2020-09-24T04:23:07.825+0000][23404][gc,age       ] GC(495) - age   9:        960 bytes,   13629576 total
[2020-09-24T04:23:07.825+0000][23404][gc,age       ] GC(495) - age  10:       5936 bytes,   13635512 total
[2020-09-24T04:23:07.825+0000][23404][gc,age       ] GC(495) - age  11:       4264 bytes,   13639776 total
[2020-09-24T04:23:07.825+0000][23404][gc,age       ] GC(495) - age  12:     258520 bytes,   13898296 total
[2020-09-24T04:23:07.825+0000][23404][gc,age       ] GC(495) - age  13:     211376 bytes,   14109672 total
[2020-09-24T04:23:07.825+0000][23404][gc,age       ] GC(495) - age  14:       1632 bytes,   14111304 total
[2020-09-24T04:23:07.825+0000][23404][gc,age       ] GC(495) - age  15:        688 bytes,   14111992 total
[2020-09-24T04:23:07.826+0000][23404][gc,phases    ] GC(495)   Pre Evacuate Collection Set: 0.4ms
[2020-09-24T04:23:07.826+0000][23404][gc,phases    ] GC(495)   Merge Heap Roots: 0.1ms
[2020-09-24T04:23:07.826+0000][23404][gc,phases    ] GC(495)   Evacuate Collection Set: 3.8ms
[2020-09-24T04:23:07.826+0000][23404][gc,phases    ] GC(495)   Post Evacuate Collection Set: 0.9ms
[2020-09-24T04:23:07.826+0000][23404][gc,phases    ] GC(495)   Other: 1.0ms
[2020-09-24T04:23:07.826+0000][23404][gc,heap      ] GC(495) Eden regions: 100->0(470)
[2020-09-24T04:23:07.826+0000][23404][gc,heap      ] GC(495) Survivor regions: 5->14(62)
[2020-09-24T04:23:07.826+0000][23404][gc,heap      ] GC(495) Old regions: 85->85
[2020-09-24T04:23:07.826+0000][23404][gc,heap      ] GC(495) Archive regions: 0->0
[2020-09-24T04:23:07.826+0000][23404][gc,heap      ] GC(495) Humongous regions: 378->174
[2020-09-24T04:23:07.826+0000][23404][gc,metaspace ] GC(495) Metaspace: 90024K(96256K)->90024K(96256K) NonClass: 78715K(82432K)->78715K(82432K) Class: 11309K(13824K)->11309K(13824K)
[2020-09-24T04:23:07.826+0000][23404][gc           ] GC(495) Pause Young (Concurrent Start) (G1 Humongous Allocation) 566M->271M(1024M) 6.674ms
[2020-09-24T04:23:07.826+0000][23404][gc,cpu       ] GC(495) User=0.00s Sys=0.00s Real=0.01s
[2020-09-24T04:23:07.826+0000][23404][gc           ] GC(496) Concurrent Cycle
[2020-09-24T04:23:07.826+0000][23404][gc,marking   ] GC(496) Concurrent Clear Claimed Marks
[2020-09-24T04:23:07.826+0000][23404][safepoint    ] Safepoint "G1TryInitiateConcMark", Time since last: 31724400 ns, Reaching safepoint: 224600 ns, At safepoint: 7032100 ns, Total: 7256700 ns
[2020-09-24T04:23:07.827+0000][23404][gc,marking   ] GC(496) Concurrent Clear Claimed Marks 0.360ms
[2020-09-24T04:23:07.827+0000][23404][gc,marking   ] GC(496) Concurrent Scan Root Regions
[2020-09-24T04:23:07.831+0000][23404][gc,marking   ] GC(496) Concurrent Scan Root Regions 3.998ms
[2020-09-24T04:23:07.831+0000][23404][gc,marking   ] GC(496) Concurrent Mark (2860.206s)
[2020-09-24T04:23:07.831+0000][23404][gc,marking   ] GC(496) Concurrent Mark From Roots
[2020-09-24T04:23:07.831+0000][23404][gc,task      ] GC(496) Using 2 workers of 2 for marking
[2020-09-24T04:23:07.977+0000][23404][gc,marking   ] GC(496) Concurrent Mark From Roots 145.857ms
[2020-09-24T04:23:07.977+0000][23404][gc,marking   ] GC(496) Concurrent Preclean
[2020-09-24T04:23:07.978+0000][23404][gc,marking   ] GC(496) Concurrent Preclean 0.887ms
[2020-09-24T04:23:07.978+0000][23404][gc,marking   ] GC(496) Concurrent Mark (2860.206s, 2860.353s) 147.007ms
[2020-09-24T04:23:07.978+0000][23404][gc,start     ] GC(496) Pause Remark
[2020-09-24T04:23:07.985+0000][23404][gc           ] GC(496) Pause Remark 620M->620M(1024M) 7.171ms
[2020-09-24T04:23:07.985+0000][23404][gc,cpu       ] GC(496) User=0.00s Sys=0.00s Real=0.01s
[2020-09-24T04:23:07.986+0000][23404][safepoint    ] Safepoint "G1Concurrent", Time since last: 151587900 ns, Reaching safepoint: 232900 ns, At safepoint: 7499700 ns, Total: 7732600 ns
[2020-09-24T04:23:07.986+0000][23404][gc,marking   ] GC(496) Concurrent Rebuild Remembered Sets
[2020-09-24T04:23:08.082+0000][23404][gc,marking   ] GC(496) Concurrent Rebuild Remembered Sets 96.415ms
[2020-09-24T04:23:08.082+0000][23404][gc,start     ] GC(496) Pause Cleanup
[2020-09-24T04:23:08.083+0000][23404][gc           ] GC(496) Pause Cleanup 945M->945M(1024M) 0.419ms
[2020-09-24T04:23:08.083+0000][23404][gc,cpu       ] GC(496) User=0.00s Sys=0.00s Real=0.00s
[2020-09-24T04:23:08.083+0000][23404][safepoint    ] Safepoint "G1Concurrent", Time since last: 96626900 ns, Reaching safepoint: 142000 ns, At safepoint: 582800 ns, Total: 724800 ns
[2020-09-24T04:23:08.083+0000][23404][gc,marking   ] GC(496) Concurrent Cleanup for Next Mark
[2020-09-24T04:23:08.084+0000][23404][gc,marking   ] GC(496) Concurrent Cleanup for Next Mark 1.530ms
[2020-09-24T04:23:08.085+0000][23404][gc           ] GC(496) Concurrent Cycle 258.602ms
[2020-09-24T04:23:08.132+0000][23404][gc,start     ] GC(497) Pause Young (Concurrent Start) (G1 Humongous Allocation)
[2020-09-24T04:23:08.132+0000][23404][gc,task      ] GC(497) Using 8 workers of 8 for evacuation
[2020-09-24T04:23:08.132+0000][23404][gc,age       ] GC(497) Desired survivor size 31981568 bytes, new threshold 15 (max threshold 15)
[2020-09-24T04:23:08.138+0000][23404][gc,age       ] GC(497) Age table with threshold 15 (max threshold 15)
[2020-09-24T04:23:08.138+0000][23404][gc,age       ] GC(497) - age   1:   10597008 bytes,   10597008 total
[2020-09-24T04:23:08.138+0000][23404][gc,age       ] GC(497) - age   2:      14600 bytes,   10611608 total
[2020-09-24T04:23:08.138+0000][23404][gc,age       ] GC(497) - age   3:      11528 bytes,   10623136 total
[2020-09-24T04:23:08.138+0000][23404][gc,age       ] GC(497) - age   4:        376 bytes,   10623512 total
[2020-09-24T04:23:08.138+0000][23404][gc,age       ] GC(497) - age   5:      21568 bytes,   10645080 total
[2020-09-24T04:23:08.139+0000][23404][gc,age       ] GC(497) - age   6:       9696 bytes,   10654776 total
[2020-09-24T04:23:08.139+0000][23404][gc,age       ] GC(497) - age   7:       1064 bytes,   10655840 total
[2020-09-24T04:23:08.139+0000][23404][gc,age       ] GC(497) - age   8:       1416 bytes,   10657256 total
[2020-09-24T04:23:08.139+0000][23404][gc,age       ] GC(497) - age   9:        672 bytes,   10657928 total
[2020-09-24T04:23:08.139+0000][23404][gc,age       ] GC(497) - age  10:        864 bytes,   10658792 total
[2020-09-24T04:23:08.139+0000][23404][gc,age       ] GC(497) - age  11:       5936 bytes,   10664728 total
[2020-09-24T04:23:08.139+0000][23404][gc,age       ] GC(497) - age  12:       4168 bytes,   10668896 total
[2020-09-24T04:23:08.139+0000][23404][gc,age       ] GC(497) - age  13:     258520 bytes,   10927416 total
[2020-09-24T04:23:08.139+0000][23404][gc,age       ] GC(497) - age  14:     211376 bytes,   11138792 total
[2020-09-24T04:23:08.139+0000][23404][gc,age       ] GC(497) - age  15:       1632 bytes,   11140424 total
[2020-09-24T04:23:08.139+0000][23404][gc,phases    ] GC(497)   Pre Evacuate Collection Set: 0.5ms
[2020-09-24T04:23:08.139+0000][23404][gc,phases    ] GC(497)   Merge Heap Roots: 0.1ms
[2020-09-24T04:23:08.139+0000][23404][gc,phases    ] GC(497)   Evacuate Collection Set: 3.7ms
[2020-09-24T04:23:08.139+0000][23404][gc,phases    ] GC(497)   Post Evacuate Collection Set: 1.7ms
[2020-09-24T04:23:08.139+0000][23404][gc,phases    ] GC(497)   Other: 1.0ms
[2020-09-24T04:23:08.139+0000][23404][gc,heap      ] GC(497) Eden regions: 189->0(470)
[2020-09-24T04:23:08.139+0000][23404][gc,heap      ] GC(497) Survivor regions: 14->12(50)
[2020-09-24T04:23:08.139+0000][23404][gc,heap      ] GC(497) Old regions: 85->85
[2020-09-24T04:23:08.139+0000][23404][gc,heap      ] GC(497) Archive regions: 0->0
[2020-09-24T04:23:08.139+0000][23404][gc,heap      ] GC(497) Humongous regions: 686->174
[2020-09-24T04:23:08.139+0000][23404][gc,metaspace ] GC(497) Metaspace: 90024K(96256K)->90024K(96256K) NonClass: 78715K(82432K)->78715K(82432K) Class: 11309K(13824K)->11309K(13824K)
[2020-09-24T04:23:08.139+0000][23404][gc           ] GC(497) Pause Young (Concurrent Start) (G1 Humongous Allocation) 972M->269M(1024M) 7.432ms
[2020-09-24T04:23:08.139+0000][23404][gc,cpu       ] GC(497) User=0.00s Sys=0.00s Real=0.01s
[2020-09-24T04:23:08.139+0000][23404][gc           ] GC(498) Concurrent Cycle
[2020-09-24T04:23:08.140+0000][23404][gc,marking   ] GC(498) Concurrent Clear Claimed Marks
[2020-09-24T04:23:08.140+0000][23404][safepoint    ] Safepoint "G1TryInitiateConcMark", Time since last: 48816400 ns, Reaching safepoint: 182500 ns, At safepoint: 8000300 ns, Total: 8182800 ns
[2020-09-24T04:23:08.140+0000][23404][gc,marking   ] GC(498) Concurrent Clear Claimed Marks 0.348ms
[2020-09-24T04:23:08.140+0000][23404][gc,marking   ] GC(498) Concurrent Scan Root Regions
[2020-09-24T04:23:08.143+0000][23404][gc,marking   ] GC(498) Concurrent Scan Root Regions 2.801ms
[2020-09-24T04:23:08.143+0000][23404][gc,marking   ] GC(498) Concurrent Mark (2860.518s)
[2020-09-24T04:23:08.143+0000][23404][gc,marking   ] GC(498) Concurrent Mark From Roots
[2020-09-24T04:23:08.143+0000][23404][gc,task      ] GC(498) Using 2 workers of 2 for marking
[2020-09-24T04:23:08.300+0000][23404][gc,marking   ] GC(498) Concurrent Mark From Roots 157.102ms
[2020-09-24T04:23:08.300+0000][23404][gc,marking   ] GC(498) Concurrent Preclean
[2020-09-24T04:23:08.301+0000][23404][gc,marking   ] GC(498) Concurrent Preclean 0.652ms
[2020-09-24T04:23:08.301+0000][23404][gc,marking   ] GC(498) Concurrent Mark (2860.518s, 2860.676s) 157.967ms
[2020-09-24T04:23:08.301+0000][23404][gc,start     ] GC(498) Pause Remark
[2020-09-24T04:23:08.309+0000][23404][gc           ] GC(498) Pause Remark 591M->591M(1024M) 7.492ms
[2020-09-24T04:23:08.309+0000][23404][gc,cpu       ] GC(498) User=0.02s Sys=0.00s Real=0.01s
[2020-09-24T04:23:08.309+0000][23404][safepoint    ] Safepoint "G1Concurrent", Time since last: 161089000 ns, Reaching safepoint: 174700 ns, At safepoint: 7795900 ns, Total: 7970600 ns
[2020-09-24T04:23:08.309+0000][23404][gc,marking   ] GC(498) Concurrent Rebuild Remembered Sets
[2020-09-24T04:23:08.401+0000][23404][gc,marking   ] GC(498) Concurrent Rebuild Remembered Sets 92.523ms
[2020-09-24T04:23:08.405+0000][23404][gc,start     ] GC(498) Pause Cleanup
[2020-09-24T04:23:08.405+0000][23404][gc           ] GC(498) Pause Cleanup 663M->663M(1024M) 0.450ms
[2020-09-24T04:23:08.405+0000][23404][gc,cpu       ] GC(498) User=0.00s Sys=0.00s Real=0.00s
[2020-09-24T04:23:08.405+0000][23404][safepoint    ] Safepoint "G1Concurrent", Time since last: 92749700 ns, Reaching safepoint: 3110700 ns, At safepoint: 649300 ns, Total: 3760000 ns
[2020-09-24T04:23:08.405+0000][23404][gc,marking   ] GC(498) Concurrent Cleanup for Next Mark
[2020-09-24T04:23:08.408+0000][23404][gc,marking   ] GC(498) Concurrent Cleanup for Next Mark 2.114ms
[2020-09-24T04:23:08.408+0000][23404][gc           ] GC(498) Concurrent Cycle 268.264ms
[2020-09-24T04:23:08.433+0000][23404][gc,start     ] GC(499) Pause Young (Concurrent Start) (G1 Humongous Allocation)
[2020-09-24T04:23:08.434+0000][23404][gc,task      ] GC(499) Using 8 workers of 8 for evacuation
[2020-09-24T04:23:08.434+0000][23404][gc,age       ] GC(499) Desired survivor size 31981568 bytes, new threshold 15 (max threshold 15)
[2020-09-24T04:23:08.438+0000][23404][gc,age       ] GC(499) Age table with threshold 15 (max threshold 15)
[2020-09-24T04:23:08.439+0000][23404][gc,age       ] GC(499) - age   1:    3892280 bytes,    3892280 total
[2020-09-24T04:23:08.439+0000][23404][gc,age       ] GC(499) - age   2:       7152 bytes,    3899432 total
[2020-09-24T04:23:08.439+0000][23404][gc,age       ] GC(499) - age   3:      14232 bytes,    3913664 total
[2020-09-24T04:23:08.439+0000][23404][gc,age       ] GC(499) - age   4:      11336 bytes,    3925000 total
[2020-09-24T04:23:08.439+0000][23404][gc,age       ] GC(499) - age   5:        240 bytes,    3925240 total
[2020-09-24T04:23:08.439+0000][23404][gc,age       ] GC(499) - age   6:      21504 bytes,    3946744 total
[2020-09-24T04:23:08.439+0000][23404][gc,age       ] GC(499) - age   7:       9664 bytes,    3956408 total
[2020-09-24T04:23:08.439+0000][23404][gc,age       ] GC(499) - age   8:        904 bytes,    3957312 total
[2020-09-24T04:23:08.439+0000][23404][gc,age       ] GC(499) - age   9:       1416 bytes,    3958728 total
[2020-09-24T04:23:08.439+0000][23404][gc,age       ] GC(499) - age  10:        672 bytes,    3959400 total
[2020-09-24T04:23:08.439+0000][23404][gc,age       ] GC(499) - age  11:        864 bytes,    3960264 total
[2020-09-24T04:23:08.439+0000][23404][gc,age       ] GC(499) - age  12:       5936 bytes,    3966200 total
[2020-09-24T04:23:08.439+0000][23404][gc,age       ] GC(499) - age  13:       4168 bytes,    3970368 total
[2020-09-24T04:23:08.439+0000][23404][gc,age       ] GC(499) - age  14:     258520 bytes,    4228888 total
[2020-09-24T04:23:08.439+0000][23404][gc,age       ] GC(499) - age  15:     211008 bytes,    4439896 total
[2020-09-24T04:23:08.439+0000][23404][gc,phases    ] GC(499)   Pre Evacuate Collection Set: 0.5ms
[2020-09-24T04:23:08.439+0000][23404][gc,phases    ] GC(499)   Merge Heap Roots: 0.1ms
[2020-09-24T04:23:08.439+0000][23404][gc,phases    ] GC(499)   Evacuate Collection Set: 2.7ms
[2020-09-24T04:23:08.439+0000][23404][gc,phases    ] GC(499)   Post Evacuate Collection Set: 1.2ms
[2020-09-24T04:23:08.439+0000][23404][gc,phases    ] GC(499)   Other: 1.2ms
[2020-09-24T04:23:08.439+0000][23404][gc,heap      ] GC(499) Eden regions: 101->0(480)
[2020-09-24T04:23:08.439+0000][23404][gc,heap      ] GC(499) Survivor regions: 12->5(61)
[2020-09-24T04:23:08.439+0000][23404][gc,heap      ] GC(499) Old regions: 85->85
[2020-09-24T04:23:08.439+0000][23404][gc,heap      ] GC(499) Archive regions: 0->0
[2020-09-24T04:23:08.440+0000][23404][gc,heap      ] GC(499) Humongous regions: 474->174
[2020-09-24T04:23:08.440+0000][23404][gc,metaspace ] GC(499) Metaspace: 90024K(96256K)->90024K(96256K) NonClass: 78715K(82432K)->78715K(82432K) Class: 11309K(13824K)->11309K(13824K)
[2020-09-24T04:23:08.440+0000][23404][gc           ] GC(499) Pause Young (Concurrent Start) (G1 Humongous Allocation) 670M->263M(1024M) 6.198ms
[2020-09-24T04:23:08.440+0000][23404][gc,cpu       ] GC(499) User=0.00s Sys=0.00s Real=0.01s
[2020-09-24T04:23:08.440+0000][23404][gc           ] GC(500) Concurrent Cycle
[2020-09-24T04:23:08.440+0000][23404][safepoint    ] Safepoint "G1TryInitiateConcMark", Time since last: 27909200 ns, Reaching safepoint: 164900 ns, At safepoint: 6423500 ns, Total: 6588400 ns
[2020-09-24T04:23:08.440+0000][23404][gc,marking   ] GC(500) Concurrent Clear Claimed Marks
[2020-09-24T04:23:08.440+0000][23404][gc,marking   ] GC(500) Concurrent Clear Claimed Marks 0.513ms
[2020-09-24T04:23:08.440+0000][23404][gc,marking   ] GC(500) Concurrent Scan Root Regions
[2020-09-24T04:23:08.445+0000][23404][gc,marking   ] GC(500) Concurrent Scan Root Regions 4.346ms
[2020-09-24T04:23:08.445+0000][23404][gc,marking   ] GC(500) Concurrent Mark (2860.820s)
[2020-09-24T04:23:08.445+0000][23404][gc,marking   ] GC(500) Concurrent Mark From Roots
[2020-09-24T04:23:08.445+0000][23404][gc,task      ] GC(500) Using 2 workers of 2 for marking
[2020-09-24T04:23:08.601+0000][23404][gc,marking   ] GC(500) Concurrent Mark From Roots 154.742ms
[2020-09-24T04:23:08.601+0000][23404][gc,marking   ] GC(500) Concurrent Preclean
[2020-09-24T04:23:08.601+0000][23404][gc,marking   ] GC(500) Concurrent Preclean 0.555ms
[2020-09-24T04:23:08.601+0000][23404][gc,marking   ] GC(500) Concurrent Mark (2860.820s, 2860.976s) 155.508ms
[2020-09-24T04:23:08.602+0000][23404][gc,start     ] GC(500) Pause Remark
[2020-09-24T04:23:08.608+0000][23404][gc           ] GC(500) Pause Remark 399M->399M(1024M) 6.556ms
[2020-09-24T04:23:08.608+0000][23404][gc,cpu       ] GC(500) User=0.00s Sys=0.00s Real=0.01s
[2020-09-24T04:23:08.609+0000][23404][safepoint    ] Safepoint "G1Concurrent", Time since last: 160749300 ns, Reaching safepoint: 163900 ns, At safepoint: 6834300 ns, Total: 6998200 ns
[2020-09-24T04:23:08.609+0000][23404][gc,marking   ] GC(500) Concurrent Rebuild Remembered Sets
[2020-09-24T04:23:08.706+0000][23404][gc,marking   ] GC(500) Concurrent Rebuild Remembered Sets 97.698ms
[2020-09-24T04:23:08.707+0000][23404][gc,start     ] GC(500) Pause Cleanup
[2020-09-24T04:23:08.707+0000][23404][gc           ] GC(500) Pause Cleanup 532M->532M(1024M) 0.726ms
[2020-09-24T04:23:08.708+0000][23404][gc,cpu       ] GC(500) User=0.00s Sys=0.00s Real=0.00s
[2020-09-24T04:23:08.708+0000][23404][safepoint    ] Safepoint "G1Concurrent", Time since last: 97928400 ns, Reaching safepoint: 191700 ns, At safepoint: 985800 ns, Total: 1177500 ns
[2020-09-24T04:23:08.708+0000][23404][gc,marking   ] GC(500) Concurrent Cleanup for Next Mark
[2020-09-24T04:23:08.710+0000][23404][gc,marking   ] GC(500) Concurrent Cleanup for Next Mark 1.856ms
[2020-09-24T04:23:08.710+0000][23404][gc           ] GC(500) Concurrent Cycle 269.027ms
[2020-09-24T04:23:08.810+0000][23404][gc,start     ] GC(501) Pause Young (Concurrent Start) (G1 Humongous Allocation)
[2020-09-24T04:23:08.810+0000][23404][gc,task      ] GC(501) Using 8 workers of 8 for evacuation
[2020-09-24T04:23:08.810+0000][23404][gc,age       ] GC(501) Desired survivor size 31981568 bytes, new threshold 15 (max threshold 15)
[2020-09-24T04:23:08.814+0000][23404][gc,age       ] GC(501) Age table with threshold 15 (max threshold 15)
[2020-09-24T04:23:08.814+0000][23404][gc,age       ] GC(501) - age   1:    2618728 bytes,    2618728 total
[2020-09-24T04:23:08.814+0000][23404][gc,age       ] GC(501) - age   2:       2776 bytes,    2621504 total
[2020-09-24T04:23:08.814+0000][23404][gc,age       ] GC(501) - age   3:       2032 bytes,    2623536 total
[2020-09-24T04:23:08.814+0000][23404][gc,age       ] GC(501) - age   4:      12216 bytes,    2635752 total
[2020-09-24T04:23:08.814+0000][23404][gc,age       ] GC(501) - age   5:      10528 bytes,    2646280 total
[2020-09-24T04:23:08.814+0000][23404][gc,age       ] GC(501) - age   6:        240 bytes,    2646520 total
[2020-09-24T04:23:08.814+0000][23404][gc,age       ] GC(501) - age   7:      21472 bytes,    2667992 total
[2020-09-24T04:23:08.814+0000][23404][gc,age       ] GC(501) - age   8:       9632 bytes,    2677624 total
[2020-09-24T04:23:08.814+0000][23404][gc,age       ] GC(501) - age   9:        840 bytes,    2678464 total
[2020-09-24T04:23:08.814+0000][23404][gc,age       ] GC(501) - age  10:       1416 bytes,    2679880 total
[2020-09-24T04:23:08.814+0000][23404][gc,age       ] GC(501) - age  11:        672 bytes,    2680552 total
[2020-09-24T04:23:08.814+0000][23404][gc,age       ] GC(501) - age  12:        832 bytes,    2681384 total
[2020-09-24T04:23:08.814+0000][23404][gc,age       ] GC(501) - age  13:       5936 bytes,    2687320 total
[2020-09-24T04:23:08.814+0000][23404][gc,age       ] GC(501) - age  14:       4136 bytes,    2691456 total
[2020-09-24T04:23:08.814+0000][23404][gc,age       ] GC(501) - age  15:     255600 bytes,    2947056 total
[2020-09-24T04:23:08.814+0000][23404][gc,phases    ] GC(501)   Pre Evacuate Collection Set: 0.5ms
[2020-09-24T04:23:08.814+0000][23404][gc,phases    ] GC(501)   Merge Heap Roots: 0.1ms
[2020-09-24T04:23:08.814+0000][23404][gc,phases    ] GC(501)   Evacuate Collection Set: 2.4ms
[2020-09-24T04:23:08.815+0000][23404][gc,phases    ] GC(501)   Post Evacuate Collection Set: 0.8ms
[2020-09-24T04:23:08.815+0000][23404][gc,phases    ] GC(501)   Other: 0.8ms
[2020-09-24T04:23:08.815+0000][23404][gc,heap      ] GC(501) Eden regions: 90->0(485)
[2020-09-24T04:23:08.815+0000][23404][gc,heap      ] GC(501) Survivor regions: 5->4(61)
[2020-09-24T04:23:08.815+0000][23404][gc,heap      ] GC(501) Old regions: 85->85
[2020-09-24T04:23:08.815+0000][23404][gc,heap      ] GC(501) Archive regions: 0->0
[2020-09-24T04:23:08.815+0000][23404][gc,heap      ] GC(501) Humongous regions: 374->174
[2020-09-24T04:23:08.815+0000][23404][gc,metaspace ] GC(501) Metaspace: 90035K(96256K)->90035K(96256K) NonClass: 78725K(82432K)->78725K(82432K) Class: 11309K(13824K)->11309K(13824K)
[2020-09-24T04:23:08.815+0000][23404][gc           ] GC(501) Pause Young (Concurrent Start) (G1 Humongous Allocation) 552M->261M(1024M) 4.930ms
[2020-09-24T04:23:08.815+0000][23404][gc,cpu       ] GC(501) User=0.00s Sys=0.00s Real=0.01s
[2020-09-24T04:23:08.815+0000][23404][safepoint    ] Safepoint "G1TryInitiateConcMark", Time since last: 101969300 ns, Reaching safepoint: 163000 ns, At safepoint: 5087500 ns, Total: 5250500 ns
[2020-09-24T04:23:08.815+0000][23404][gc           ] GC(502) Concurrent Cycle
[2020-09-24T04:23:08.815+0000][23404][gc,marking   ] GC(502) Concurrent Clear Claimed Marks
[2020-09-24T04:23:08.815+0000][23404][gc,marking   ] GC(502) Concurrent Clear Claimed Marks 0.329ms
[2020-09-24T04:23:08.815+0000][23404][gc,marking   ] GC(502) Concurrent Scan Root Regions
[2020-09-24T04:23:08.817+0000][23404][gc,marking   ] GC(502) Concurrent Scan Root Regions 2.004ms
[2020-09-24T04:23:08.817+0000][23404][gc,marking   ] GC(502) Concurrent Mark (2861.191s)
[2020-09-24T04:23:08.817+0000][23404][gc,marking   ] GC(502) Concurrent Mark From Roots
[2020-09-24T04:23:08.817+0000][23404][gc,task      ] GC(502) Using 2 workers of 2 for marking
[2020-09-24T04:23:08.975+0000][23404][gc,marking   ] GC(502) Concurrent Mark From Roots 157.669ms
[2020-09-24T04:23:08.975+0000][23404][gc,marking   ] GC(502) Concurrent Preclean
[2020-09-24T04:23:08.976+0000][23404][gc,marking   ] GC(502) Concurrent Preclean 0.589ms
[2020-09-24T04:23:08.976+0000][23404][gc,marking   ] GC(502) Concurrent Mark (2861.191s, 2861.350s) 158.424ms
[2020-09-24T04:23:08.976+0000][23404][gc,start     ] GC(502) Pause Remark
[2020-09-24T04:23:08.984+0000][23404][gc           ] GC(502) Pause Remark 580M->580M(1024M) 7.334ms
[2020-09-24T04:23:08.984+0000][23404][gc,cpu       ] GC(502) User=0.00s Sys=0.00s Real=0.01s
[2020-09-24T04:23:08.984+0000][23404][safepoint    ] Safepoint "G1Concurrent", Time since last: 161043600 ns, Reaching safepoint: 355700 ns, At safepoint: 7741300 ns, Total: 8097000 ns
[2020-09-24T04:23:08.984+0000][23404][gc,marking   ] GC(502) Concurrent Rebuild Remembered Sets
[2020-09-24T04:23:09.069+0000][23404][gc,marking   ] GC(502) Concurrent Rebuild Remembered Sets 85.382ms
[2020-09-24T04:23:09.070+0000][23404][gc,start     ] GC(502) Pause Cleanup
[2020-09-24T04:23:09.070+0000][23404][gc           ] GC(502) Pause Cleanup 732M->732M(1024M) 0.418ms
[2020-09-24T04:23:09.070+0000][23404][gc,cpu       ] GC(502) User=0.00s Sys=0.00s Real=0.00s
[2020-09-24T04:23:09.070+0000][23404][safepoint    ] Safepoint "G1Concurrent", Time since last: 85631500 ns, Reaching safepoint: 153000 ns, At safepoint: 629900 ns, Total: 782900 ns
[2020-09-24T04:23:09.070+0000][23404][gc,marking   ] GC(502) Concurrent Cleanup for Next Mark
[2020-09-24T04:23:09.072+0000][23404][gc,marking   ] GC(502) Concurrent Cleanup for Next Mark 1.866ms
[2020-09-24T04:23:09.072+0000][23404][gc           ] GC(502) Concurrent Cycle 257.648ms
[2020-09-24T04:23:09.251+0000][23404][gc,start     ] GC(503) Pause Young (Concurrent Start) (G1 Humongous Allocation)
[2020-09-24T04:23:09.251+0000][23404][gc,task      ] GC(503) Using 8 workers of 8 for evacuation
[2020-09-24T04:23:09.251+0000][23404][gc,age       ] GC(503) Desired survivor size 32505856 bytes, new threshold 15 (max threshold 15)
[2020-09-24T04:23:09.257+0000][23404][gc,age       ] GC(503) Age table with threshold 15 (max threshold 15)
[2020-09-24T04:23:09.257+0000][23404][gc,age       ] GC(503) - age   1:   13845120 bytes,   13845120 total
[2020-09-24T04:23:09.257+0000][23404][gc,age       ] GC(503) - age   2:      15496 bytes,   13860616 total
[2020-09-24T04:23:09.257+0000][23404][gc,age       ] GC(503) - age   3:       1896 bytes,   13862512 total
[2020-09-24T04:23:09.257+0000][23404][gc,age       ] GC(503) - age   4:       1520 bytes,   13864032 total
[2020-09-24T04:23:09.257+0000][23404][gc,age       ] GC(503) - age   5:      11928 bytes,   13875960 total
[2020-09-24T04:23:09.257+0000][23404][gc,age       ] GC(503) - age   6:      10464 bytes,   13886424 total
[2020-09-24T04:23:09.257+0000][23404][gc,age       ] GC(503) - age   7:        240 bytes,   13886664 total
[2020-09-24T04:23:09.257+0000][23404][gc,age       ] GC(503) - age   8:      21440 bytes,   13908104 total
[2020-09-24T04:23:09.257+0000][23404][gc,age       ] GC(503) - age   9:       9472 bytes,   13917576 total
[2020-09-24T04:23:09.257+0000][23404][gc,age       ] GC(503) - age  10:        744 bytes,   13918320 total
[2020-09-24T04:23:09.257+0000][23404][gc,age       ] GC(503) - age  11:       1352 bytes,   13919672 total
[2020-09-24T04:23:09.257+0000][23404][gc,age       ] GC(503) - age  12:        672 bytes,   13920344 total
[2020-09-24T04:23:09.257+0000][23404][gc,age       ] GC(503) - age  13:        832 bytes,   13921176 total
[2020-09-24T04:23:09.257+0000][23404][gc,age       ] GC(503) - age  14:       5872 bytes,   13927048 total
[2020-09-24T04:23:09.257+0000][23404][gc,age       ] GC(503) - age  15:       4136 bytes,   13931184 total
[2020-09-24T04:23:09.257+0000][23404][gc,phases    ] GC(503)   Pre Evacuate Collection Set: 0.4ms
[2020-09-24T04:23:09.257+0000][23404][gc,phases    ] GC(503)   Merge Heap Roots: 0.2ms
[2020-09-24T04:23:09.257+0000][23404][gc,phases    ] GC(503)   Evacuate Collection Set: 3.5ms
[2020-09-24T04:23:09.257+0000][23404][gc,phases    ] GC(503)   Post Evacuate Collection Set: 1.4ms
[2020-09-24T04:23:09.258+0000][23404][gc,phases    ] GC(503)   Other: 1.1ms
[2020-09-24T04:23:09.258+0000][23404][gc,heap      ] GC(503) Eden regions: 151->0(469)
[2020-09-24T04:23:09.258+0000][23404][gc,heap      ] GC(503) Survivor regions: 4->14(62)
[2020-09-24T04:23:09.258+0000][23404][gc,heap      ] GC(503) Old regions: 85->85
[2020-09-24T04:23:09.258+0000][23404][gc,heap      ] GC(503) Archive regions: 0->0
[2020-09-24T04:23:09.258+0000][23404][gc,heap      ] GC(503) Humongous regions: 526->174
[2020-09-24T04:23:09.258+0000][23404][gc,metaspace ] GC(503) Metaspace: 90035K(96256K)->90035K(96256K) NonClass: 78726K(82432K)->78726K(82432K) Class: 11309K(13824K)->11309K(13824K)
[2020-09-24T04:23:09.258+0000][23404][gc           ] GC(503) Pause Young (Concurrent Start) (G1 Humongous Allocation) 764M->272M(1024M) 7.156ms
[2020-09-24T04:23:09.258+0000][23404][gc,cpu       ] GC(503) User=0.02s Sys=0.00s Real=0.01s
[2020-09-24T04:23:09.258+0000][23404][gc           ] GC(504) Concurrent Cycle
[2020-09-24T04:23:09.258+0000][23404][gc,marking   ] GC(504) Concurrent Clear Claimed Marks
[2020-09-24T04:23:09.258+0000][23404][safepoint    ] Safepoint "G1TryInitiateConcMark", Time since last: 180345100 ns, Reaching safepoint: 198200 ns, At safepoint: 7533100 ns, Total: 7731300 ns
[2020-09-24T04:23:09.258+0000][23404][gc,marking   ] GC(504) Concurrent Clear Claimed Marks 0.360ms
[2020-09-24T04:23:09.258+0000][23404][gc,marking   ] GC(504) Concurrent Scan Root Regions
[2020-09-24T04:23:09.262+0000][23404][gc,marking   ] GC(504) Concurrent Scan Root Regions 3.581ms
[2020-09-24T04:23:09.262+0000][23404][gc,marking   ] GC(504) Concurrent Mark (2861.637s)
[2020-09-24T04:23:09.262+0000][23404][gc,marking   ] GC(504) Concurrent Mark From Roots
[2020-09-24T04:23:09.262+0000][23404][gc,task      ] GC(504) Using 2 workers of 2 for marking
[2020-09-24T04:23:09.416+0000][23404][gc,marking   ] GC(504) Concurrent Mark From Roots 153.381ms
[2020-09-24T04:23:09.416+0000][23404][gc,marking   ] GC(504) Concurrent Preclean
[2020-09-24T04:23:09.417+0000][23404][gc,marking   ] GC(504) Concurrent Preclean 0.810ms
[2020-09-24T04:23:09.417+0000][23404][gc,marking   ] GC(504) Concurrent Mark (2861.637s, 2861.791s) 154.445ms
[2020-09-24T04:23:09.417+0000][23404][gc,start     ] GC(504) Pause Remark
[2020-09-24T04:23:09.424+0000][23404][gc           ] GC(504) Pause Remark 598M->598M(1024M) 7.134ms
[2020-09-24T04:23:09.424+0000][23404][gc,cpu       ] GC(504) User=0.00s Sys=0.00s Real=0.01s
[2020-09-24T04:23:09.424+0000][23404][safepoint    ] Safepoint "G1Concurrent", Time since last: 158518800 ns, Reaching safepoint: 225900 ns, At safepoint: 7443300 ns, Total: 7669200 ns
[2020-09-24T04:23:09.424+0000][23404][gc,marking   ] GC(504) Concurrent Rebuild Remembered Sets
[2020-09-24T04:23:09.515+0000][23404][gc,marking   ] GC(504) Concurrent Rebuild Remembered Sets 90.243ms
[2020-09-24T04:23:09.519+0000][23404][gc,start     ] GC(504) Pause Cleanup
[2020-09-24T04:23:09.519+0000][23404][gc           ] GC(504) Pause Cleanup 860M->860M(1024M) 0.467ms
[2020-09-24T04:23:09.519+0000][23404][gc,cpu       ] GC(504) User=0.00s Sys=0.00s Real=0.00s
[2020-09-24T04:23:09.520+0000][23404][safepoint    ] Safepoint "G1Concurrent", Time since last: 90477600 ns, Reaching safepoint: 3831000 ns, At safepoint: 882200 ns, Total: 4713200 ns
[2020-09-24T04:23:09.520+0000][23404][gc,marking   ] GC(504) Concurrent Cleanup for Next Mark
[2020-09-24T04:23:09.522+0000][23404][gc,marking   ] GC(504) Concurrent Cleanup for Next Mark 1.987ms
[2020-09-24T04:23:09.522+0000][23404][gc           ] GC(504) Concurrent Cycle 263.814ms
[2020-09-24T04:23:09.557+0000][23404][gc,start     ] GC(505) Pause Young (Concurrent Start) (G1 Humongous Allocation)
[2020-09-24T04:23:09.557+0000][23404][gc,task      ] GC(505) Using 8 workers of 8 for evacuation
[2020-09-24T04:23:09.557+0000][23404][gc,age       ] GC(505) Desired survivor size 31981568 bytes, new threshold 15 (max threshold 15)
[2020-09-24T04:23:09.562+0000][23404][gc,age       ] GC(505) Age table with threshold 15 (max threshold 15)
[2020-09-24T04:23:09.562+0000][23404][gc,age       ] GC(505) - age   1:    3708472 bytes,    3708472 total
[2020-09-24T04:23:09.562+0000][23404][gc,age       ] GC(505) - age   2:      17408 bytes,    3725880 total
[2020-09-24T04:23:09.562+0000][23404][gc,age       ] GC(505) - age   3:      15160 bytes,    3741040 total
[2020-09-24T04:23:09.562+0000][23404][gc,age       ] GC(505) - age   4:       1800 bytes,    3742840 total
[2020-09-24T04:23:09.562+0000][23404][gc,age       ] GC(505) - age   5:       1520 bytes,    3744360 total
[2020-09-24T04:23:09.562+0000][23404][gc,age       ] GC(505) - age   6:      11928 bytes,    3756288 total
[2020-09-24T04:23:09.562+0000][23404][gc,age       ] GC(505) - age   7:      10432 bytes,    3766720 total
[2020-09-24T04:23:09.562+0000][23404][gc,age       ] GC(505) - age   8:        240 bytes,    3766960 total
[2020-09-24T04:23:09.562+0000][23404][gc,age       ] GC(505) - age   9:      21440 bytes,    3788400 total
[2020-09-24T04:23:09.563+0000][23404][gc,age       ] GC(505) - age  10:       9440 bytes,    3797840 total
[2020-09-24T04:23:09.563+0000][23404][gc,age       ] GC(505) - age  11:        680 bytes,    3798520 total
[2020-09-24T04:23:09.563+0000][23404][gc,age       ] GC(505) - age  12:       1320 bytes,    3799840 total
[2020-09-24T04:23:09.563+0000][23404][gc,age       ] GC(505) - age  13:        672 bytes,    3800512 total
[2020-09-24T04:23:09.563+0000][23404][gc,age       ] GC(505) - age  14:        832 bytes,    3801344 total
[2020-09-24T04:23:09.563+0000][23404][gc,age       ] GC(505) - age  15:       5808 bytes,    3807152 total
[2020-09-24T04:23:09.563+0000][23404][gc,phases    ] GC(505)   Pre Evacuate Collection Set: 0.5ms
[2020-09-24T04:23:09.563+0000][23404][gc,phases    ] GC(505)   Merge Heap Roots: 0.1ms
[2020-09-24T04:23:09.563+0000][23404][gc,phases    ] GC(505)   Evacuate Collection Set: 2.1ms
[2020-09-24T04:23:09.563+0000][23404][gc,phases    ] GC(505)   Post Evacuate Collection Set: 1.6ms
[2020-09-24T04:23:09.563+0000][23404][gc,phases    ] GC(505)   Other: 1.5ms
[2020-09-24T04:23:09.563+0000][23404][gc,heap      ] GC(505) Eden regions: 145->0(480)
[2020-09-24T04:23:09.563+0000][23404][gc,heap      ] GC(505) Survivor regions: 14->5(61)
[2020-09-24T04:23:09.563+0000][23404][gc,heap      ] GC(505) Old regions: 85->85
[2020-09-24T04:23:09.563+0000][23404][gc,heap      ] GC(505) Archive regions: 0->0
[2020-09-24T04:23:09.563+0000][23404][gc,heap      ] GC(505) Humongous regions: 634->174
[2020-09-24T04:23:09.564+0000][23404][gc,metaspace ] GC(505) Metaspace: 90035K(96256K)->90035K(96256K) NonClass: 78726K(82432K)->78726K(82432K) Class: 11309K(13824K)->11309K(13824K)
[2020-09-24T04:23:09.564+0000][23404][gc           ] GC(505) Pause Young (Concurrent Start) (G1 Humongous Allocation) 876M->263M(1024M) 6.337ms
[2020-09-24T04:23:09.564+0000][23404][gc,cpu       ] GC(505) User=0.00s Sys=0.00s Real=0.01s
[2020-09-24T04:23:09.564+0000][23404][gc           ] GC(506) Concurrent Cycle
[2020-09-24T04:23:09.564+0000][23404][gc,marking   ] GC(506) Concurrent Clear Claimed Marks
[2020-09-24T04:23:09.564+0000][23404][safepoint    ] Safepoint "G1TryInitiateConcMark", Time since last: 37491200 ns, Reaching safepoint: 154000 ns, At safepoint: 6755500 ns, Total: 6909500 ns
[2020-09-24T04:23:09.564+0000][23404][gc,marking   ] GC(506) Concurrent Clear Claimed Marks 0.306ms
[2020-09-24T04:23:09.564+0000][23404][gc,marking   ] GC(506) Concurrent Scan Root Regions
[2020-09-24T04:23:09.567+0000][23404][gc,marking   ] GC(506) Concurrent Scan Root Regions 2.991ms
[2020-09-24T04:23:09.567+0000][23404][gc,marking   ] GC(506) Concurrent Mark (2861.942s)
[2020-09-24T04:23:09.567+0000][23404][gc,marking   ] GC(506) Concurrent Mark From Roots
[2020-09-24T04:23:09.567+0000][23404][gc,task      ] GC(506) Using 2 workers of 2 for marking
[2020-09-24T04:23:09.717+0000][23404][gc,marking   ] GC(506) Concurrent Mark From Roots 150.130ms
[2020-09-24T04:23:09.718+0000][23404][gc,marking   ] GC(506) Concurrent Preclean
[2020-09-24T04:23:09.718+0000][23404][gc,marking   ] GC(506) Concurrent Preclean 0.689ms
[2020-09-24T04:23:09.718+0000][23404][gc,marking   ] GC(506) Concurrent Mark (2861.942s, 2862.093s) 151.067ms
[2020-09-24T04:23:09.719+0000][23404][gc,start     ] GC(506) Pause Remark
[2020-09-24T04:23:09.726+0000][23404][gc           ] GC(506) Pause Remark 473M->473M(1024M) 6.933ms
[2020-09-24T04:23:09.726+0000][23404][gc,cpu       ] GC(506) User=0.11s Sys=0.00s Real=0.01s
[2020-09-24T04:23:09.726+0000][23404][safepoint    ] Safepoint "G1Concurrent", Time since last: 154457300 ns, Reaching safepoint: 162500 ns, At safepoint: 7234000 ns, Total: 7396500 ns
[2020-09-24T04:23:09.726+0000][23404][gc,marking   ] GC(506) Concurrent Rebuild Remembered Sets
[2020-09-24T04:23:09.816+0000][23404][gc,marking   ] GC(506) Concurrent Rebuild Remembered Sets 89.955ms
[2020-09-24T04:23:09.816+0000][23404][gc,start     ] GC(506) Pause Cleanup
[2020-09-24T04:23:09.817+0000][23404][gc           ] GC(506) Pause Cleanup 547M->547M(1024M) 0.445ms
[2020-09-24T04:23:09.817+0000][23404][gc,cpu       ] GC(506) User=0.00s Sys=0.00s Real=0.00s
[2020-09-24T04:23:09.817+0000][23404][safepoint    ] Safepoint "G1Concurrent", Time since last: 90176400 ns, Reaching safepoint: 188300 ns, At safepoint: 714100 ns, Total: 902400 ns
[2020-09-24T04:23:09.817+0000][23404][gc,marking   ] GC(506) Concurrent Cleanup for Next Mark
[2020-09-24T04:23:09.819+0000][23404][gc,marking   ] GC(506) Concurrent Cleanup for Next Mark 1.840ms
[2020-09-24T04:23:09.819+0000][23404][gc           ] GC(506) Concurrent Cycle 255.190ms
[2020-09-24T04:23:09.842+0000][23404][gc,start     ] GC(507) Pause Young (Concurrent Start) (G1 Humongous Allocation)
[2020-09-24T04:23:09.842+0000][23404][gc,task      ] GC(507) Using 8 workers of 8 for evacuation
[2020-09-24T04:23:09.842+0000][23404][gc,age       ] GC(507) Desired survivor size 31981568 bytes, new threshold 15 (max threshold 15)
[2020-09-24T04:23:09.847+0000][23404][gc,age       ] GC(507) Age table with threshold 15 (max threshold 15)
[2020-09-24T04:23:09.847+0000][23404][gc,age       ] GC(507) - age   1:    3730336 bytes,    3730336 total
[2020-09-24T04:23:09.847+0000][23404][gc,age       ] GC(507) - age   2:     203096 bytes,    3933432 total
[2020-09-24T04:23:09.847+0000][23404][gc,age       ] GC(507) - age   3:      16688 bytes,    3950120 total
[2020-09-24T04:23:09.847+0000][23404][gc,age       ] GC(507) - age   4:      13168 bytes,    3963288 total
[2020-09-24T04:23:09.847+0000][23404][gc,age       ] GC(507) - age   5:       1480 bytes,    3964768 total
[2020-09-24T04:23:09.847+0000][23404][gc,age       ] GC(507) - age   6:       1456 bytes,    3966224 total
[2020-09-24T04:23:09.847+0000][23404][gc,age       ] GC(507) - age   7:      11608 bytes,    3977832 total
[2020-09-24T04:23:09.847+0000][23404][gc,age       ] GC(507) - age   8:      10368 bytes,    3988200 total
[2020-09-24T04:23:09.847+0000][23404][gc,age       ] GC(507) - age   9:        240 bytes,    3988440 total
[2020-09-24T04:23:09.847+0000][23404][gc,age       ] GC(507) - age  10:      21408 bytes,    4009848 total
[2020-09-24T04:23:09.847+0000][23404][gc,age       ] GC(507) - age  11:       9376 bytes,    4019224 total
[2020-09-24T04:23:09.848+0000][23404][gc,age       ] GC(507) - age  12:        680 bytes,    4019904 total
[2020-09-24T04:23:09.848+0000][23404][gc,age       ] GC(507) - age  13:       1320 bytes,    4021224 total
[2020-09-24T04:23:09.848+0000][23404][gc,age       ] GC(507) - age  14:        640 bytes,    4021864 total
[2020-09-24T04:23:09.848+0000][23404][gc,age       ] GC(507) - age  15:        832 bytes,    4022696 total
[2020-09-24T04:23:09.848+0000][23404][gc,phases    ] GC(507)   Pre Evacuate Collection Set: 0.5ms
[2020-09-24T04:23:09.848+0000][23404][gc,phases    ] GC(507)   Merge Heap Roots: 0.1ms
[2020-09-24T04:23:09.848+0000][23404][gc,phases    ] GC(507)   Evacuate Collection Set: 2.9ms
[2020-09-24T04:23:09.848+0000][23404][gc,phases    ] GC(507)   Post Evacuate Collection Set: 1.1ms
[2020-09-24T04:23:09.848+0000][23404][gc,phases    ] GC(507)   Other: 1.2ms
[2020-09-24T04:23:09.848+0000][23404][gc,heap      ] GC(507) Eden regions: 85->0(483)
[2020-09-24T04:23:09.848+0000][23404][gc,heap      ] GC(507) Survivor regions: 5->5(61)
[2020-09-24T04:23:09.848+0000][23404][gc,heap      ] GC(507) Old regions: 85->85
[2020-09-24T04:23:09.848+0000][23404][gc,heap      ] GC(507) Archive regions: 0->0
[2020-09-24T04:23:09.848+0000][23404][gc,heap      ] GC(507) Humongous regions: 382->174
[2020-09-24T04:23:09.848+0000][23404][gc,metaspace ] GC(507) Metaspace: 90035K(96256K)->90035K(96256K) NonClass: 78726K(82432K)->78726K(82432K) Class: 11309K(13824K)->11309K(13824K)
[2020-09-24T04:23:09.848+0000][23404][gc           ] GC(507) Pause Young (Concurrent Start) (G1 Humongous Allocation) 555M->262M(1024M) 6.186ms
[2020-09-24T04:23:09.848+0000][23404][gc,cpu       ] GC(507) User=0.00s Sys=0.00s Real=0.01s
[2020-09-24T04:23:09.848+0000][23404][safepoint    ] Safepoint "G1TryInitiateConcMark", Time since last: 24925100 ns, Reaching safepoint: 182400 ns, At safepoint: 6391500 ns, Total: 6573900 ns
[2020-09-24T04:23:09.848+0000][23404][gc           ] GC(508) Concurrent Cycle
[2020-09-24T04:23:09.849+0000][23404][gc,marking   ] GC(508) Concurrent Clear Claimed Marks
[2020-09-24T04:23:09.849+0000][23404][gc,marking   ] GC(508) Concurrent Clear Claimed Marks 0.472ms
[2020-09-24T04:23:09.849+0000][23404][gc,marking   ] GC(508) Concurrent Scan Root Regions
[2020-09-24T04:23:09.852+0000][23404][gc,marking   ] GC(508) Concurrent Scan Root Regions 2.652ms
[2020-09-24T04:23:09.852+0000][23404][gc,marking   ] GC(508) Concurrent Mark (2862.226s)
[2020-09-24T04:23:09.852+0000][23404][gc,marking   ] GC(508) Concurrent Mark From Roots
[2020-09-24T04:23:09.852+0000][23404][gc,task      ] GC(508) Using 2 workers of 2 for marking
[2020-09-24T04:23:10.000+0000][23404][gc,marking   ] GC(508) Concurrent Mark From Roots 148.034ms
[2020-09-24T04:23:10.000+0000][23404][gc,marking   ] GC(508) Concurrent Preclean
[2020-09-24T04:23:10.001+0000][23404][gc,marking   ] GC(508) Concurrent Preclean 0.757ms
[2020-09-24T04:23:10.001+0000][23404][gc,marking   ] GC(508) Concurrent Mark (2862.226s, 2862.375s) 149.069ms
[2020-09-24T04:23:10.001+0000][23404][gc,start     ] GC(508) Pause Remark
[2020-09-24T04:23:10.010+0000][23404][gc           ] GC(508) Pause Remark 398M->398M(1024M) 8.735ms
[2020-09-24T04:23:10.010+0000][23404][gc,cpu       ] GC(508) User=0.11s Sys=0.00s Real=0.01s
[2020-09-24T04:23:10.011+0000][23404][safepoint    ] Safepoint "G1Concurrent", Time since last: 152644200 ns, Reaching safepoint: 123100 ns, At safepoint: 9191400 ns, Total: 9314500 ns
[2020-09-24T04:23:10.011+0000][23404][gc,marking   ] GC(508) Concurrent Rebuild Remembered Sets
[2020-09-24T04:23:10.101+0000][23404][gc,marking   ] GC(508) Concurrent Rebuild Remembered Sets 90.055ms
[2020-09-24T04:23:10.102+0000][23404][gc,start     ] GC(508) Pause Cleanup
[2020-09-24T04:23:10.102+0000][23404][gc           ] GC(508) Pause Cleanup 465M->465M(1024M) 0.419ms
[2020-09-24T04:23:10.102+0000][23404][gc,cpu       ] GC(508) User=0.00s Sys=0.00s Real=0.00s
[2020-09-24T04:23:10.102+0000][23404][safepoint    ] Safepoint "G1Concurrent", Time since last: 91149400 ns, Reaching safepoint: 171100 ns, At safepoint: 610700 ns, Total: 781800 ns
[2020-09-24T04:23:10.102+0000][23404][gc,marking   ] GC(508) Concurrent Cleanup for Next Mark
[2020-09-24T04:23:10.104+0000][23404][gc,marking   ] GC(508) Concurrent Cleanup for Next Mark 1.854ms
[2020-09-24T04:23:10.104+0000][23404][gc           ] GC(508) Concurrent Cycle 255.904ms
[2020-09-24T04:23:10.167+0000][23404][gc,start     ] GC(509) Pause Young (Concurrent Start) (G1 Humongous Allocation)
[2020-09-24T04:23:10.167+0000][23404][gc,task      ] GC(509) Using 8 workers of 8 for evacuation
[2020-09-24T04:23:10.167+0000][23404][gc,age       ] GC(509) Desired survivor size 31981568 bytes, new threshold 15 (max threshold 15)
[2020-09-24T04:23:10.173+0000][23404][gc,age       ] GC(509) Age table with threshold 15 (max threshold 15)
[2020-09-24T04:23:10.173+0000][23404][gc,age       ] GC(509) - age   1:   11704576 bytes,   11704576 total
[2020-09-24T04:23:10.173+0000][23404][gc,age       ] GC(509) - age   2:       5216 bytes,   11709792 total
[2020-09-24T04:23:10.173+0000][23404][gc,age       ] GC(509) - age   3:       2648 bytes,   11712440 total
[2020-09-24T04:23:10.173+0000][23404][gc,age       ] GC(509) - age   4:      16112 bytes,   11728552 total
[2020-09-24T04:23:10.173+0000][23404][gc,age       ] GC(509) - age   5:      12744 bytes,   11741296 total
[2020-09-24T04:23:10.173+0000][23404][gc,age       ] GC(509) - age   6:       1480 bytes,   11742776 total
[2020-09-24T04:23:10.173+0000][23404][gc,age       ] GC(509) - age   7:       1456 bytes,   11744232 total
[2020-09-24T04:23:10.173+0000][23404][gc,age       ] GC(509) - age   8:      11376 bytes,   11755608 total
[2020-09-24T04:23:10.173+0000][23404][gc,age       ] GC(509) - age   9:      10368 bytes,   11765976 total
[2020-09-24T04:23:10.174+0000][23404][gc,age       ] GC(509) - age  10:        240 bytes,   11766216 total
[2020-09-24T04:23:10.174+0000][23404][gc,age       ] GC(509) - age  11:      21408 bytes,   11787624 total
[2020-09-24T04:23:10.174+0000][23404][gc,age       ] GC(509) - age  12:       9184 bytes,   11796808 total
[2020-09-24T04:23:10.174+0000][23404][gc,age       ] GC(509) - age  13:        680 bytes,   11797488 total
[2020-09-24T04:23:10.174+0000][23404][gc,age       ] GC(509) - age  14:       1320 bytes,   11798808 total
[2020-09-24T04:23:10.174+0000][23404][gc,age       ] GC(509) - age  15:        640 bytes,   11799448 total
[2020-09-24T04:23:10.174+0000][23404][gc,phases    ] GC(509)   Pre Evacuate Collection Set: 0.5ms
[2020-09-24T04:23:10.174+0000][23404][gc,phases    ] GC(509)   Merge Heap Roots: 0.1ms
[2020-09-24T04:23:10.174+0000][23404][gc,phases    ] GC(509)   Evacuate Collection Set: 3.8ms
[2020-09-24T04:23:10.174+0000][23404][gc,phases    ] GC(509)   Post Evacuate Collection Set: 1.1ms
[2020-09-24T04:23:10.174+0000][23404][gc,phases    ] GC(509)   Other: 1.4ms
[2020-09-24T04:23:10.174+0000][23404][gc,heap      ] GC(509) Eden regions: 78->0(472)
[2020-09-24T04:23:10.174+0000][23404][gc,heap      ] GC(509) Survivor regions: 5->12(61)
[2020-09-24T04:23:10.174+0000][23404][gc,heap      ] GC(509) Old regions: 85->85
[2020-09-24T04:23:10.174+0000][23404][gc,heap      ] GC(509) Archive regions: 0->0
[2020-09-24T04:23:10.174+0000][23404][gc,heap      ] GC(509) Humongous regions: 322->174
[2020-09-24T04:23:10.174+0000][23404][gc,metaspace ] GC(509) Metaspace: 90037K(96256K)->90037K(96256K) NonClass: 78727K(82432K)->78727K(82432K) Class: 11309K(13824K)->11309K(13824K)
[2020-09-24T04:23:10.175+0000][23404][gc           ] GC(509) Pause Young (Concurrent Start) (G1 Humongous Allocation) 488M->270M(1024M) 7.526ms
[2020-09-24T04:23:10.175+0000][23404][gc,cpu       ] GC(509) User=0.00s Sys=0.00s Real=0.01s
[2020-09-24T04:23:10.175+0000][23404][gc           ] GC(510) Concurrent Cycle
[2020-09-24T04:23:10.175+0000][23404][gc,marking   ] GC(510) Concurrent Clear Claimed Marks
[2020-09-24T04:23:10.175+0000][23404][safepoint    ] Safepoint "G1TryInitiateConcMark", Time since last: 64392300 ns, Reaching safepoint: 310700 ns, At safepoint: 7970400 ns, Total: 8281100 ns
[2020-09-24T04:23:10.175+0000][23404][gc,marking   ] GC(510) Concurrent Clear Claimed Marks 0.363ms
[2020-09-24T04:23:10.175+0000][23404][gc,marking   ] GC(510) Concurrent Scan Root Regions
[2020-09-24T04:23:10.178+0000][23404][gc,marking   ] GC(510) Concurrent Scan Root Regions 3.099ms
[2020-09-24T04:23:10.179+0000][23404][gc,marking   ] GC(510) Concurrent Mark (2862.553s)
[2020-09-24T04:23:10.179+0000][23404][gc,marking   ] GC(510) Concurrent Mark From Roots
[2020-09-24T04:23:10.179+0000][23404][gc,task      ] GC(510) Using 2 workers of 2 for marking
[2020-09-24T04:23:10.333+0000][23404][gc,marking   ] GC(510) Concurrent Mark From Roots 154.736ms
[2020-09-24T04:23:10.333+0000][23404][gc,marking   ] GC(510) Concurrent Preclean
[2020-09-24T04:23:10.334+0000][23404][gc,marking   ] GC(510) Concurrent Preclean 0.618ms
[2020-09-24T04:23:10.334+0000][23404][gc,marking   ] GC(510) Concurrent Mark (2862.553s, 2862.708s) 155.557ms
[2020-09-24T04:23:10.334+0000][23404][gc,start     ] GC(510) Pause Remark
[2020-09-24T04:23:10.341+0000][23404][gc           ] GC(510) Pause Remark 597M->597M(1024M) 7.042ms
[2020-09-24T04:23:10.341+0000][23404][gc,cpu       ] GC(510) User=0.00s Sys=0.00s Real=0.01s
[2020-09-24T04:23:10.342+0000][23404][safepoint    ] Safepoint "G1Concurrent", Time since last: 159209600 ns, Reaching safepoint: 129900 ns, At safepoint: 7294900 ns, Total: 7424800 ns
[2020-09-24T04:23:10.342+0000][23404][gc,marking   ] GC(510) Concurrent Rebuild Remembered Sets
[2020-09-24T04:23:10.431+0000][23404][gc,marking   ] GC(510) Concurrent Rebuild Remembered Sets 89.067ms
[2020-09-24T04:23:10.431+0000][23404][gc,start     ] GC(510) Pause Cleanup
[2020-09-24T04:23:10.432+0000][23404][gc           ] GC(510) Pause Cleanup 847M->847M(1024M) 0.442ms
[2020-09-24T04:23:10.432+0000][23404][gc,cpu       ] GC(510) User=0.00s Sys=0.00s Real=0.00s
[2020-09-24T04:23:10.432+0000][23404][safepoint    ] Safepoint "G1Concurrent", Time since last: 89256800 ns, Reaching safepoint: 185900 ns, At safepoint: 687300 ns, Total: 873200 ns
[2020-09-24T04:23:10.432+0000][23404][gc,marking   ] GC(510) Concurrent Cleanup for Next Mark
[2020-09-24T04:23:10.434+0000][23404][gc,marking   ] GC(510) Concurrent Cleanup for Next Mark 2.100ms
[2020-09-24T04:23:10.434+0000][23404][gc           ] GC(510) Concurrent Cycle 259.311ms
[2020-09-24T04:23:10.460+0000][23404][gc,start     ] GC(511) Pause Young (Concurrent Start) (G1 Humongous Allocation)
[2020-09-24T04:23:10.460+0000][23404][gc,task      ] GC(511) Using 8 workers of 8 for evacuation
[2020-09-24T04:23:10.460+0000][23404][gc,age       ] GC(511) Desired survivor size 31981568 bytes, new threshold 15 (max threshold 15)
[2020-09-24T04:23:10.465+0000][23404][gc,age       ] GC(511) Age table with threshold 15 (max threshold 15)
[2020-09-24T04:23:10.465+0000][23404][gc,age       ] GC(511) - age   1:    3341248 bytes,    3341248 total
[2020-09-24T04:23:10.465+0000][23404][gc,age       ] GC(511) - age   2:      22184 bytes,    3363432 total
[2020-09-24T04:23:10.465+0000][23404][gc,age       ] GC(511) - age   3:       4608 bytes,    3368040 total
[2020-09-24T04:23:10.465+0000][23404][gc,age       ] GC(511) - age   4:       2168 bytes,    3370208 total
[2020-09-24T04:23:10.465+0000][23404][gc,age       ] GC(511) - age   5:      15944 bytes,    3386152 total
[2020-09-24T04:23:10.465+0000][23404][gc,age       ] GC(511) - age   6:      12680 bytes,    3398832 total
[2020-09-24T04:23:10.465+0000][23404][gc,age       ] GC(511) - age   7:       1480 bytes,    3400312 total
[2020-09-24T04:23:10.465+0000][23404][gc,age       ] GC(511) - age   8:       1456 bytes,    3401768 total
[2020-09-24T04:23:10.465+0000][23404][gc,age       ] GC(511) - age   9:      11376 bytes,    3413144 total
[2020-09-24T04:23:10.465+0000][23404][gc,age       ] GC(511) - age  10:      10368 bytes,    3423512 total
[2020-09-24T04:23:10.465+0000][23404][gc,age       ] GC(511) - age  11:        240 bytes,    3423752 total
[2020-09-24T04:23:10.465+0000][23404][gc,age       ] GC(511) - age  12:      21344 bytes,    3445096 total
[2020-09-24T04:23:10.465+0000][23404][gc,age       ] GC(511) - age  13:       9152 bytes,    3454248 total
[2020-09-24T04:23:10.466+0000][23404][gc,age       ] GC(511) - age  14:        680 bytes,    3454928 total
[2020-09-24T04:23:10.466+0000][23404][gc,age       ] GC(511) - age  15:       1320 bytes,    3456248 total
[2020-09-24T04:23:10.466+0000][23404][gc,phases    ] GC(511)   Pre Evacuate Collection Set: 0.7ms
[2020-09-24T04:23:10.466+0000][23404][gc,phases    ] GC(511)   Merge Heap Roots: 0.2ms
[2020-09-24T04:23:10.466+0000][23404][gc,phases    ] GC(511)   Evacuate Collection Set: 2.4ms
[2020-09-24T04:23:10.466+0000][23404][gc,phases    ] GC(511)   Post Evacuate Collection Set: 1.4ms
[2020-09-24T04:23:10.466+0000][23404][gc,phases    ] GC(511)   Other: 1.3ms
[2020-09-24T04:23:10.466+0000][23404][gc,heap      ] GC(511) Eden regions: 144->0(481)
[2020-09-24T04:23:10.466+0000][23404][gc,heap      ] GC(511) Survivor regions: 12->5(61)
[2020-09-24T04:23:10.466+0000][23404][gc,heap      ] GC(511) Old regions: 85->85
[2020-09-24T04:23:10.466+0000][23404][gc,heap      ] GC(511) Archive regions: 0->0
[2020-09-24T04:23:10.466+0000][23404][gc,heap      ] GC(511) Humongous regions: 634->174
[2020-09-24T04:23:10.466+0000][23404][gc,metaspace ] GC(511) Metaspace: 90037K(96256K)->90037K(96256K) NonClass: 78728K(82432K)->78728K(82432K) Class: 11309K(13824K)->11309K(13824K)
[2020-09-24T04:23:10.466+0000][23404][gc           ] GC(511) Pause Young (Concurrent Start) (G1 Humongous Allocation) 873M->262M(1024M) 6.364ms
[2020-09-24T04:23:10.466+0000][23404][gc,cpu       ] GC(511) User=0.00s Sys=0.00s Real=0.01s
[2020-09-24T04:23:10.466+0000][23404][gc           ] GC(512) Concurrent Cycle
[2020-09-24T04:23:10.466+0000][23404][safepoint    ] Safepoint "G1TryInitiateConcMark", Time since last: 27673400 ns, Reaching safepoint: 196400 ns, At safepoint: 6747300 ns, Total: 6943700 ns
[2020-09-24T04:23:10.466+0000][23404][gc,marking   ] GC(512) Concurrent Clear Claimed Marks
[2020-09-24T04:23:10.467+0000][23404][gc,marking   ] GC(512) Concurrent Clear Claimed Marks 0.694ms
[2020-09-24T04:23:10.467+0000][23404][gc,marking   ] GC(512) Concurrent Scan Root Regions
[2020-09-24T04:23:10.470+0000][23404][gc,marking   ] GC(512) Concurrent Scan Root Regions 3.114ms
[2020-09-24T04:23:10.470+0000][23404][gc,marking   ] GC(512) Concurrent Mark (2862.845s)
[2020-09-24T04:23:10.471+0000][23404][gc,marking   ] GC(512) Concurrent Mark From Roots
[2020-09-24T04:23:10.471+0000][23404][gc,task      ] GC(512) Using 2 workers of 2 for marking
[2020-09-24T04:23:10.626+0000][23404][gc,marking   ] GC(512) Concurrent Mark From Roots 155.144ms
[2020-09-24T04:23:10.626+0000][23404][gc,marking   ] GC(512) Concurrent Preclean
[2020-09-24T04:23:10.626+0000][23404][gc,marking   ] GC(512) Concurrent Preclean 0.611ms
[2020-09-24T04:23:10.626+0000][23404][gc,marking   ] GC(512) Concurrent Mark (2862.845s, 2863.001s) 155.955ms
[2020-09-24T04:23:10.627+0000][23404][gc,start     ] GC(512) Pause Remark
[2020-09-24T04:23:10.634+0000][23404][gc           ] GC(512) Pause Remark 612M->612M(1024M) 7.457ms
[2020-09-24T04:23:10.634+0000][23404][gc,cpu       ] GC(512) User=0.11s Sys=0.00s Real=0.01s
[2020-09-24T04:23:10.635+0000][23404][safepoint    ] Safepoint "G1Concurrent", Time since last: 160148700 ns, Reaching safepoint: 260100 ns, At safepoint: 7786000 ns, Total: 8046100 ns
[2020-09-24T04:23:10.635+0000][23404][gc,marking   ] GC(512) Concurrent Rebuild Remembered Sets
[2020-09-24T04:23:10.725+0000][23404][gc,marking   ] GC(512) Concurrent Rebuild Remembered Sets 90.187ms
[2020-09-24T04:23:10.725+0000][23404][gc,start     ] GC(512) Pause Cleanup
[2020-09-24T04:23:10.726+0000][23404][gc           ] GC(512) Pause Cleanup 696M->696M(1024M) 0.582ms
[2020-09-24T04:23:10.726+0000][23404][gc,cpu       ] GC(512) User=0.00s Sys=0.00s Real=0.00s
[2020-09-24T04:23:10.726+0000][23404][safepoint    ] Safepoint "G1Concurrent", Time since last: 90423500 ns, Reaching safepoint: 202500 ns, At safepoint: 1071800 ns, Total: 1274300 ns
[2020-09-24T04:23:10.726+0000][23404][gc,marking   ] GC(512) Concurrent Cleanup for Next Mark
[2020-09-24T04:23:10.728+0000][23404][gc,marking   ] GC(512) Concurrent Cleanup for Next Mark 1.995ms
[2020-09-24T04:23:10.729+0000][23404][gc           ] GC(512) Concurrent Cycle 262.283ms
[2020-09-24T04:23:10.750+0000][23404][gc,start     ] GC(513) Pause Young (Concurrent Start) (G1 Humongous Allocation)
[2020-09-24T04:23:10.750+0000][23404][gc,task      ] GC(513) Using 8 workers of 8 for evacuation
[2020-09-24T04:23:10.750+0000][23404][gc,age       ] GC(513) Desired survivor size 31981568 bytes, new threshold 15 (max threshold 15)
[2020-09-24T04:23:10.755+0000][23404][gc,age       ] GC(513) Age table with threshold 15 (max threshold 15)
[2020-09-24T04:23:10.755+0000][23404][gc,age       ] GC(513) - age   1:   13107224 bytes,   13107224 total
[2020-09-24T04:23:10.756+0000][23404][gc,age       ] GC(513) - age   2:       1712 bytes,   13108936 total
[2020-09-24T04:23:10.756+0000][23404][gc,age       ] GC(513) - age   3:      21272 bytes,   13130208 total
[2020-09-24T04:23:10.756+0000][23404][gc,age       ] GC(513) - age   4:       2848 bytes,   13133056 total
[2020-09-24T04:23:10.756+0000][23404][gc,age       ] GC(513) - age   5:       1968 bytes,   13135024 total
[2020-09-24T04:23:10.756+0000][23404][gc,age       ] GC(513) - age   6:      15912 bytes,   13150936 total
[2020-09-24T04:23:10.756+0000][23404][gc,age       ] GC(513) - age   7:      12680 bytes,   13163616 total
[2020-09-24T04:23:10.756+0000][23404][gc,age       ] GC(513) - age   8:       1416 bytes,   13165032 total
[2020-09-24T04:23:10.756+0000][23404][gc,age       ] GC(513) - age   9:       1232 bytes,   13166264 total
[2020-09-24T04:23:10.756+0000][23404][gc,age       ] GC(513) - age  10:      11280 bytes,   13177544 total
[2020-09-24T04:23:10.756+0000][23404][gc,age       ] GC(513) - age  11:      10368 bytes,   13187912 total
[2020-09-24T04:23:10.756+0000][23404][gc,age       ] GC(513) - age  12:        240 bytes,   13188152 total
[2020-09-24T04:23:10.756+0000][23404][gc,age       ] GC(513) - age  13:      21344 bytes,   13209496 total
[2020-09-24T04:23:10.756+0000][23404][gc,age       ] GC(513) - age  14:       9056 bytes,   13218552 total
[2020-09-24T04:23:10.756+0000][23404][gc,age       ] GC(513) - age  15:        680 bytes,   13219232 total
[2020-09-24T04:23:10.756+0000][23404][gc,phases    ] GC(513)   Pre Evacuate Collection Set: 0.4ms
[2020-09-24T04:23:10.756+0000][23404][gc,phases    ] GC(513)   Merge Heap Roots: 0.1ms
[2020-09-24T04:23:10.756+0000][23404][gc,phases    ] GC(513)   Evacuate Collection Set: 3.7ms
[2020-09-24T04:23:10.756+0000][23404][gc,phases    ] GC(513)   Post Evacuate Collection Set: 1.1ms
[2020-09-24T04:23:10.757+0000][23404][gc,phases    ] GC(513)   Other: 1.3ms
[2020-09-24T04:23:10.757+0000][23404][gc,heap      ] GC(513) Eden regions: 144->0(468)
[2020-09-24T04:23:10.757+0000][23404][gc,heap      ] GC(513) Survivor regions: 5->14(61)
[2020-09-24T04:23:10.757+0000][23404][gc,heap      ] GC(513) Old regions: 85->85
[2020-09-24T04:23:10.757+0000][23404][gc,heap      ] GC(513) Archive regions: 0->0
[2020-09-24T04:23:10.757+0000][23404][gc,heap      ] GC(513) Humongous regions: 482->174
[2020-09-24T04:23:10.757+0000][23404][gc,metaspace ] GC(513) Metaspace: 90042K(96256K)->90042K(96256K) NonClass: 78733K(82432K)->78733K(82432K) Class: 11309K(13824K)->11309K(13824K)
[2020-09-24T04:23:10.757+0000][23404][gc           ] GC(513) Pause Young (Concurrent Start) (G1 Humongous Allocation) 714M->272M(1024M) 7.362ms
[2020-09-24T04:23:10.757+0000][23404][gc,cpu       ] GC(513) User=0.03s Sys=0.00s Real=0.01s
[2020-09-24T04:23:10.757+0000][23404][gc           ] GC(514) Concurrent Cycle
[2020-09-24T04:23:10.757+0000][23404][gc,marking   ] GC(514) Concurrent Clear Claimed Marks
[2020-09-24T04:23:10.757+0000][23404][safepoint    ] Safepoint "G1TryInitiateConcMark", Time since last: 23000500 ns, Reaching safepoint: 206600 ns, At safepoint: 7800700 ns, Total: 8007300 ns
[2020-09-24T04:23:10.757+0000][23404][gc,marking   ] GC(514) Concurrent Clear Claimed Marks 0.367ms
[2020-09-24T04:23:10.758+0000][23404][gc,marking   ] GC(514) Concurrent Scan Root Regions
[2020-09-24T04:23:10.761+0000][23404][gc,marking   ] GC(514) Concurrent Scan Root Regions 3.077ms
[2020-09-24T04:23:10.761+0000][23404][gc,marking   ] GC(514) Concurrent Mark (2863.135s)
[2020-09-24T04:23:10.761+0000][23404][gc,marking   ] GC(514) Concurrent Mark From Roots
[2020-09-24T04:23:10.761+0000][23404][gc,task      ] GC(514) Using 2 workers of 2 for marking
[2020-09-24T04:23:10.916+0000][23404][gc,marking   ] GC(514) Concurrent Mark From Roots 154.916ms
[2020-09-24T04:23:10.916+0000][23404][gc,marking   ] GC(514) Concurrent Preclean
[2020-09-24T04:23:10.916+0000][23404][gc,marking   ] GC(514) Concurrent Preclean 0.501ms
[2020-09-24T04:23:10.916+0000][23404][gc,marking   ] GC(514) Concurrent Mark (2863.135s, 2863.291s) 155.568ms
[2020-09-24T04:23:10.917+0000][23404][gc,start     ] GC(514) Pause Remark
[2020-09-24T04:23:10.924+0000][23404][gc           ] GC(514) Pause Remark 858M->858M(1024M) 7.509ms
[2020-09-24T04:23:10.924+0000][23404][gc,cpu       ] GC(514) User=0.00s Sys=0.00s Real=0.01s
[2020-09-24T04:23:10.925+0000][23404][safepoint    ] Safepoint "G1Concurrent", Time since last: 159206800 ns, Reaching safepoint: 306600 ns, At safepoint: 7844500 ns, Total: 8151100 ns
[2020-09-24T04:23:10.925+0000][23404][gc,marking   ] GC(514) Concurrent Rebuild Remembered Sets
[2020-09-24T04:23:11.012+0000][23404][gc,marking   ] GC(514) Concurrent Rebuild Remembered Sets 87.427ms
[2020-09-24T04:23:11.013+0000][23404][gc,start     ] GC(514) Pause Cleanup
[2020-09-24T04:23:11.013+0000][23404][gc           ] GC(514) Pause Cleanup 950M->950M(1024M) 0.518ms
[2020-09-24T04:23:11.013+0000][23404][gc,cpu       ] GC(514) User=0.00s Sys=0.00s Real=0.00s
[2020-09-24T04:23:11.013+0000][23404][safepoint    ] Safepoint "G1Concurrent", Time since last: 87721600 ns, Reaching safepoint: 166700 ns, At safepoint: 799300 ns, Total: 966000 ns
[2020-09-24T04:23:11.013+0000][23404][gc,marking   ] GC(514) Concurrent Cleanup for Next Mark
[2020-09-24T04:23:11.016+0000][23404][gc,marking   ] GC(514) Concurrent Cleanup for Next Mark 2.449ms
[2020-09-24T04:23:11.016+0000][23404][gc           ] GC(514) Concurrent Cycle 258.947ms
[2020-09-24T04:23:11.048+0000][23404][gc,start     ] GC(515) Pause Young (Concurrent Start) (G1 Humongous Allocation)
[2020-09-24T04:23:11.048+0000][23404][gc,task      ] GC(515) Using 8 workers of 8 for evacuation
[2020-09-24T04:23:11.048+0000][23404][gc,age       ] GC(515) Desired survivor size 31981568 bytes, new threshold 15 (max threshold 15)
[2020-09-24T04:23:11.054+0000][23404][gc,age       ] GC(515) Age table with threshold 15 (max threshold 15)
[2020-09-24T04:23:11.054+0000][23404][gc,age       ] GC(515) - age   1:   13658480 bytes,   13658480 total
[2020-09-24T04:23:11.054+0000][23404][gc,age       ] GC(515) - age   2:       3304 bytes,   13661784 total
[2020-09-24T04:23:11.054+0000][23404][gc,age       ] GC(515) - age   3:       1536 bytes,   13663320 total
[2020-09-24T04:23:11.054+0000][23404][gc,age       ] GC(515) - age   4:      21208 bytes,   13684528 total
[2020-09-24T04:23:11.054+0000][23404][gc,age       ] GC(515) - age   5:       2520 bytes,   13687048 total
[2020-09-24T04:23:11.055+0000][23404][gc,age       ] GC(515) - age   6:       1904 bytes,   13688952 total
[2020-09-24T04:23:11.055+0000][23404][gc,age       ] GC(515) - age   7:      15912 bytes,   13704864 total
[2020-09-24T04:23:11.055+0000][23404][gc,age       ] GC(515) - age   8:      12680 bytes,   13717544 total
[2020-09-24T04:23:11.055+0000][23404][gc,age       ] GC(515) - age   9:       1256 bytes,   13718800 total
[2020-09-24T04:23:11.055+0000][23404][gc,age       ] GC(515) - age  10:       1136 bytes,   13719936 total
[2020-09-24T04:23:11.055+0000][23404][gc,age       ] GC(515) - age  11:      11184 bytes,   13731120 total
[2020-09-24T04:23:11.055+0000][23404][gc,age       ] GC(515) - age  12:      10368 bytes,   13741488 total
[2020-09-24T04:23:11.055+0000][23404][gc,age       ] GC(515) - age  13:        240 bytes,   13741728 total
[2020-09-24T04:23:11.055+0000][23404][gc,age       ] GC(515) - age  14:      21344 bytes,   13763072 total
[2020-09-24T04:23:11.055+0000][23404][gc,age       ] GC(515) - age  15:       9024 bytes,   13772096 total
[2020-09-24T04:23:11.055+0000][23404][gc,phases    ] GC(515)   Pre Evacuate Collection Set: 0.6ms
[2020-09-24T04:23:11.055+0000][23404][gc,phases    ] GC(515)   Merge Heap Roots: 0.1ms
[2020-09-24T04:23:11.055+0000][23404][gc,phases    ] GC(515)   Evacuate Collection Set: 3.8ms
[2020-09-24T04:23:11.055+0000][23404][gc,phases    ] GC(515)   Post Evacuate Collection Set: 1.5ms
[2020-09-24T04:23:11.055+0000][23404][gc,phases    ] GC(515)   Other: 1.0ms
[2020-09-24T04:23:11.055+0000][23404][gc,heap      ] GC(515) Eden regions: 192->0(464)
[2020-09-24T04:23:11.055+0000][23404][gc,heap      ] GC(515) Survivor regions: 14->15(47)
[2020-09-24T04:23:11.055+0000][23404][gc,heap      ] GC(515) Old regions: 85->85
[2020-09-24T04:23:11.055+0000][23404][gc,heap      ] GC(515) Archive regions: 0->0
[2020-09-24T04:23:11.055+0000][23404][gc,heap      ] GC(515) Humongous regions: 686->174
[2020-09-24T04:23:11.055+0000][23404][gc,metaspace ] GC(515) Metaspace: 90055K(96256K)->90055K(96256K) NonClass: 78745K(82432K)->78745K(82432K) Class: 11309K(13824K)->11309K(13824K)
[2020-09-24T04:23:11.055+0000][23404][gc           ] GC(515) Pause Young (Concurrent Start) (G1 Humongous Allocation) 975M->272M(1024M) 7.366ms
[2020-09-24T04:23:11.055+0000][23404][gc,cpu       ] GC(515) User=0.11s Sys=0.00s Real=0.01s
[2020-09-24T04:23:11.055+0000][23404][gc           ] GC(516) Concurrent Cycle
[2020-09-24T04:23:11.055+0000][23404][safepoint    ] Safepoint "G1TryInitiateConcMark", Time since last: 34422700 ns, Reaching safepoint: 183200 ns, At safepoint: 7567200 ns, Total: 7750400 ns
[2020-09-24T04:23:11.056+0000][23404][gc,marking   ] GC(516) Concurrent Clear Claimed Marks
[2020-09-24T04:23:11.056+0000][23404][gc,marking   ] GC(516) Concurrent Clear Claimed Marks 0.743ms
[2020-09-24T04:23:11.056+0000][23404][gc,marking   ] GC(516) Concurrent Scan Root Regions
[2020-09-24T04:23:11.060+0000][23404][gc,marking   ] GC(516) Concurrent Scan Root Regions 3.263ms
[2020-09-24T04:23:11.060+0000][23404][gc,marking   ] GC(516) Concurrent Mark (2863.434s)
[2020-09-24T04:23:11.060+0000][23404][gc,marking   ] GC(516) Concurrent Mark From Roots
[2020-09-24T04:23:11.060+0000][23404][gc,task      ] GC(516) Using 2 workers of 2 for marking
[2020-09-24T04:23:11.224+0000][23404][gc,marking   ] GC(516) Concurrent Mark From Roots 163.713ms
[2020-09-24T04:23:11.224+0000][23404][gc,marking   ] GC(516) Concurrent Preclean
[2020-09-24T04:23:11.224+0000][23404][gc,marking   ] GC(516) Concurrent Preclean 0.781ms
[2020-09-24T04:23:11.225+0000][23404][gc,marking   ] GC(516) Concurrent Mark (2863.434s, 2863.599s) 164.740ms
[2020-09-24T04:23:11.225+0000][23404][gc,start     ] GC(516) Pause Remark
[2020-09-24T04:23:11.232+0000][23404][gc           ] GC(516) Pause Remark 659M->659M(1024M) 7.508ms
[2020-09-24T04:23:11.232+0000][23404][gc,cpu       ] GC(516) User=0.00s Sys=0.00s Real=0.01s
[2020-09-24T04:23:11.233+0000][23404][safepoint    ] Safepoint "G1Concurrent", Time since last: 169177300 ns, Reaching safepoint: 170400 ns, At safepoint: 7749200 ns, Total: 7919600 ns
[2020-09-24T04:23:11.233+0000][23404][gc,marking   ] GC(516) Concurrent Rebuild Remembered Sets
[2020-09-24T04:23:11.329+0000][23404][gc,marking   ] GC(516) Concurrent Rebuild Remembered Sets 96.160ms
[2020-09-24T04:23:11.329+0000][23404][gc,start     ] GC(516) Pause Cleanup
[2020-09-24T04:23:11.329+0000][23404][gc           ] GC(516) Pause Cleanup 733M->733M(1024M) 0.356ms
[2020-09-24T04:23:11.330+0000][23404][gc,cpu       ] GC(516) User=0.00s Sys=0.00s Real=0.00s
[2020-09-24T04:23:11.330+0000][23404][safepoint    ] Safepoint "G1Concurrent", Time since last: 96356700 ns, Reaching safepoint: 153000 ns, At safepoint: 509500 ns, Total: 662500 ns
[2020-09-24T04:23:11.330+0000][23404][gc,marking   ] GC(516) Concurrent Cleanup for Next Mark
[2020-09-24T04:23:11.331+0000][23404][gc,marking   ] GC(516) Concurrent Cleanup for Next Mark 1.743ms
[2020-09-24T04:23:11.332+0000][23404][gc           ] GC(516) Concurrent Cycle 276.111ms
[2020-09-24T04:23:11.388+0000][23404][gc,start     ] GC(517) Pause Young (Concurrent Start) (G1 Humongous Allocation)
[2020-09-24T04:23:11.388+0000][23404][gc,task      ] GC(517) Using 8 workers of 8 for evacuation
[2020-09-24T04:23:11.389+0000][23404][gc,age       ] GC(517) Desired survivor size 31457280 bytes, new threshold 15 (max threshold 15)
[2020-09-24T04:23:11.393+0000][23404][gc,age       ] GC(517) Age table with threshold 15 (max threshold 15)
[2020-09-24T04:23:11.393+0000][23404][gc,age       ] GC(517) - age   1:    2598728 bytes,    2598728 total
[2020-09-24T04:23:11.393+0000][23404][gc,age       ] GC(517) - age   2:       3280 bytes,    2602008 total
[2020-09-24T04:23:11.393+0000][23404][gc,age       ] GC(517) - age   3:       3160 bytes,    2605168 total
[2020-09-24T04:23:11.393+0000][23404][gc,age       ] GC(517) - age   4:       1368 bytes,    2606536 total
[2020-09-24T04:23:11.393+0000][23404][gc,age       ] GC(517) - age   5:      20912 bytes,    2627448 total
[2020-09-24T04:23:11.393+0000][23404][gc,age       ] GC(517) - age   6:       2328 bytes,    2629776 total
[2020-09-24T04:23:11.393+0000][23404][gc,age       ] GC(517) - age   7:       1904 bytes,    2631680 total
[2020-09-24T04:23:11.393+0000][23404][gc,age       ] GC(517) - age   8:      15816 bytes,    2647496 total
[2020-09-24T04:23:11.393+0000][23404][gc,age       ] GC(517) - age   9:      12456 bytes,    2659952 total
[2020-09-24T04:23:11.393+0000][23404][gc,age       ] GC(517) - age  10:       1256 bytes,    2661208 total
[2020-09-24T04:23:11.393+0000][23404][gc,age       ] GC(517) - age  11:       1136 bytes,    2662344 total
[2020-09-24T04:23:11.393+0000][23404][gc,age       ] GC(517) - age  12:      11184 bytes,    2673528 total
[2020-09-24T04:23:11.393+0000][23404][gc,age       ] GC(517) - age  13:      10336 bytes,    2683864 total
[2020-09-24T04:23:11.393+0000][23404][gc,age       ] GC(517) - age  14:        240 bytes,    2684104 total
[2020-09-24T04:23:11.393+0000][23404][gc,age       ] GC(517) - age  15:      21312 bytes,    2705416 total
[2020-09-24T04:23:11.393+0000][23404][gc,phases    ] GC(517)   Pre Evacuate Collection Set: 0.5ms
[2020-09-24T04:23:11.393+0000][23404][gc,phases    ] GC(517)   Merge Heap Roots: 0.1ms
[2020-09-24T04:23:11.393+0000][23404][gc,phases    ] GC(517)   Evacuate Collection Set: 2.1ms
[2020-09-24T04:23:11.393+0000][23404][gc,phases    ] GC(517)   Post Evacuate Collection Set: 1.2ms
[2020-09-24T04:23:11.393+0000][23404][gc,phases    ] GC(517)   Other: 0.9ms
[2020-09-24T04:23:11.393+0000][23404][gc,heap      ] GC(517) Eden regions: 122->0(480)
[2020-09-24T04:23:11.393+0000][23404][gc,heap      ] GC(517) Survivor regions: 15->4(60)
[2020-09-24T04:23:11.393+0000][23404][gc,heap      ] GC(517) Old regions: 85->85
[2020-09-24T04:23:11.393+0000][23404][gc,heap      ] GC(517) Archive regions: 0->0
[2020-09-24T04:23:11.393+0000][23404][gc,heap      ] GC(517) Humongous regions: 526->174
[2020-09-24T04:23:11.394+0000][23404][gc,metaspace ] GC(517) Metaspace: 90063K(96256K)->90063K(96256K) NonClass: 78754K(82432K)->78754K(82432K) Class: 11309K(13824K)->11309K(13824K)
[2020-09-24T04:23:11.394+0000][23404][gc           ] GC(517) Pause Young (Concurrent Start) (G1 Humongous Allocation) 746M->262M(1024M) 5.142ms
[2020-09-24T04:23:11.394+0000][23404][gc,cpu       ] GC(517) User=0.00s Sys=0.00s Real=0.01s
[2020-09-24T04:23:11.394+0000][23404][gc           ] GC(518) Concurrent Cycle
[2020-09-24T04:23:11.394+0000][23404][gc,marking   ] GC(518) Concurrent Clear Claimed Marks
[2020-09-24T04:23:11.394+0000][23404][safepoint    ] Safepoint "G1TryInitiateConcMark", Time since last: 58576300 ns, Reaching safepoint: 176600 ns, At safepoint: 5509800 ns, Total: 5686400 ns
[2020-09-24T04:23:11.394+0000][23404][gc,marking   ] GC(518) Concurrent Clear Claimed Marks 0.442ms
[2020-09-24T04:23:11.394+0000][23404][gc,marking   ] GC(518) Concurrent Scan Root Regions
[2020-09-24T04:23:11.397+0000][23404][gc,marking   ] GC(518) Concurrent Scan Root Regions 2.814ms
[2020-09-24T04:23:11.397+0000][23404][gc,marking   ] GC(518) Concurrent Mark (2863.772s)
[2020-09-24T04:23:11.397+0000][23404][gc,marking   ] GC(518) Concurrent Mark From Roots
[2020-09-24T04:23:11.397+0000][23404][gc,task      ] GC(518) Using 2 workers of 2 for marking
[2020-09-24T04:23:11.550+0000][23404][gc,marking   ] GC(518) Concurrent Mark From Roots 152.235ms
[2020-09-24T04:23:11.550+0000][23404][gc,marking   ] GC(518) Concurrent Preclean
[2020-09-24T04:23:11.550+0000][23404][gc,marking   ] GC(518) Concurrent Preclean 0.659ms
[2020-09-24T04:23:11.550+0000][23404][gc,marking   ] GC(518) Concurrent Mark (2863.772s, 2863.925s) 153.114ms
[2020-09-24T04:23:11.558+0000][23404][gc,start     ] GC(518) Pause Remark
[2020-09-24T04:23:11.567+0000][23404][gc           ] GC(518) Pause Remark 392M->392M(1024M) 9.137ms
[2020-09-24T04:23:11.567+0000][23404][gc,cpu       ] GC(518) User=0.00s Sys=0.00s Real=0.01s
[2020-09-24T04:23:11.567+0000][23404][safepoint    ] Safepoint "G1Concurrent", Time since last: 156698000 ns, Reaching safepoint: 7126700 ns, At safepoint: 9392200 ns, Total: 16518900 ns
[2020-09-24T04:23:11.567+0000][23404][gc,marking   ] GC(518) Concurrent Rebuild Remembered Sets
[2020-09-24T04:23:11.659+0000][23404][gc,marking   ] GC(518) Concurrent Rebuild Remembered Sets 91.562ms
[2020-09-24T04:23:11.659+0000][23404][gc,start     ] GC(518) Pause Cleanup
[2020-09-24T04:23:11.660+0000][23404][gc           ] GC(518) Pause Cleanup 457M->457M(1024M) 0.413ms
[2020-09-24T04:23:11.660+0000][23404][gc,cpu       ] GC(518) User=0.00s Sys=0.00s Real=0.00s
[2020-09-24T04:23:11.660+0000][23404][safepoint    ] Safepoint "G1Concurrent", Time since last: 91807600 ns, Reaching safepoint: 168700 ns, At safepoint: 637300 ns, Total: 806000 ns
[2020-09-24T04:23:11.660+0000][23404][gc,marking   ] GC(518) Concurrent Cleanup for Next Mark
[2020-09-24T04:23:11.663+0000][23404][gc,marking   ] GC(518) Concurrent Cleanup for Next Mark 2.670ms
[2020-09-24T04:23:11.663+0000][23404][gc           ] GC(518) Concurrent Cycle 268.974ms
[2020-09-24T04:23:11.706+0000][23404][gc,start     ] GC(519) Pause Young (Concurrent Start) (G1 Humongous Allocation)
[2020-09-24T04:23:11.706+0000][23404][gc,task      ] GC(519) Using 8 workers of 8 for evacuation
[2020-09-24T04:23:11.706+0000][23404][gc,age       ] GC(519) Desired survivor size 31981568 bytes, new threshold 15 (max threshold 15)
[2020-09-24T04:23:11.710+0000][23404][gc,age       ] GC(519) Age table with threshold 15 (max threshold 15)
[2020-09-24T04:23:11.710+0000][23404][gc,age       ] GC(519) - age   1:    3009624 bytes,    3009624 total
[2020-09-24T04:23:11.710+0000][23404][gc,age       ] GC(519) - age   2:      24536 bytes,    3034160 total
[2020-09-24T04:23:11.710+0000][23404][gc,age       ] GC(519) - age   3:       2928 bytes,    3037088 total
[2020-09-24T04:23:11.710+0000][23404][gc,age       ] GC(519) - age   4:       2728 bytes,    3039816 total
[2020-09-24T04:23:11.710+0000][23404][gc,age       ] GC(519) - age   5:       1368 bytes,    3041184 total
[2020-09-24T04:23:11.710+0000][23404][gc,age       ] GC(519) - age   6:      20816 bytes,    3062000 total
[2020-09-24T04:23:11.710+0000][23404][gc,age       ] GC(519) - age   7:       2008 bytes,    3064008 total
[2020-09-24T04:23:11.710+0000][23404][gc,age       ] GC(519) - age   8:       1840 bytes,    3065848 total
[2020-09-24T04:23:11.710+0000][23404][gc,age       ] GC(519) - age   9:      15816 bytes,    3081664 total
[2020-09-24T04:23:11.710+0000][23404][gc,age       ] GC(519) - age  10:      12392 bytes,    3094056 total
[2020-09-24T04:23:11.710+0000][23404][gc,age       ] GC(519) - age  11:       1192 bytes,    3095248 total
[2020-09-24T04:23:11.710+0000][23404][gc,age       ] GC(519) - age  12:       1136 bytes,    3096384 total
[2020-09-24T04:23:11.710+0000][23404][gc,age       ] GC(519) - age  13:      11152 bytes,    3107536 total
[2020-09-24T04:23:11.710+0000][23404][gc,age       ] GC(519) - age  14:      10304 bytes,    3117840 total
[2020-09-24T04:23:11.710+0000][23404][gc,age       ] GC(519) - age  15:        240 bytes,    3118080 total
[2020-09-24T04:23:11.710+0000][23404][gc,phases    ] GC(519)   Pre Evacuate Collection Set: 0.4ms
[2020-09-24T04:23:11.710+0000][23404][gc,phases    ] GC(519)   Merge Heap Roots: 0.1ms
[2020-09-24T04:23:11.710+0000][23404][gc,phases    ] GC(519)   Evacuate Collection Set: 2.0ms
[2020-09-24T04:23:11.711+0000][23404][gc,phases    ] GC(519)   Post Evacuate Collection Set: 1.0ms
[2020-09-24T04:23:11.711+0000][23404][gc,phases    ] GC(519)   Other: 0.9ms
[2020-09-24T04:23:11.711+0000][23404][gc,heap      ] GC(519) Eden regions: 62->0(484)
[2020-09-24T04:23:11.711+0000][23404][gc,heap      ] GC(519) Survivor regions: 4->4(61)
[2020-09-24T04:23:11.711+0000][23404][gc,heap      ] GC(519) Old regions: 85->85
[2020-09-24T04:23:11.711+0000][23404][gc,heap      ] GC(519) Archive regions: 0->0
[2020-09-24T04:23:11.711+0000][23404][gc,heap      ] GC(519) Humongous regions: 318->174
[2020-09-24T04:23:11.711+0000][23404][gc,metaspace ] GC(519) Metaspace: 90064K(96256K)->90064K(96256K) NonClass: 78755K(82432K)->78755K(82432K) Class: 11309K(13824K)->11309K(13824K)
[2020-09-24T04:23:11.711+0000][23404][gc           ] GC(519) Pause Young (Concurrent Start) (G1 Humongous Allocation) 467M->262M(1024M) 4.940ms
[2020-09-24T04:23:11.711+0000][23404][gc,cpu       ] GC(519) User=0.09s Sys=0.02s Real=0.00s
[2020-09-24T04:23:11.711+0000][23404][gc           ] GC(520) Concurrent Cycle
[2020-09-24T04:23:11.711+0000][23404][safepoint    ] Safepoint "G1TryInitiateConcMark", Time since last: 46185300 ns, Reaching safepoint: 136400 ns, At safepoint: 5197300 ns, Total: 5333700 ns
[2020-09-24T04:23:11.711+0000][23404][gc,marking   ] GC(520) Concurrent Clear Claimed Marks
[2020-09-24T04:23:11.712+0000][23404][gc,marking   ] GC(520) Concurrent Clear Claimed Marks 1.177ms
[2020-09-24T04:23:11.713+0000][23404][gc,marking   ] GC(520) Concurrent Scan Root Regions
[2020-09-24T04:23:11.715+0000][23404][gc,marking   ] GC(520) Concurrent Scan Root Regions 2.273ms
[2020-09-24T04:23:11.715+0000][23404][gc,marking   ] GC(520) Concurrent Mark (2864.090s)
[2020-09-24T04:23:11.715+0000][23404][gc,marking   ] GC(520) Concurrent Mark From Roots
[2020-09-24T04:23:11.715+0000][23404][gc,task      ] GC(520) Using 2 workers of 2 for marking
[2020-09-24T04:23:11.853+0000][23404][gc,marking   ] GC(520) Concurrent Mark From Roots 138.273ms
[2020-09-24T04:23:11.854+0000][23404][gc,marking   ] GC(520) Concurrent Preclean
[2020-09-24T04:23:11.854+0000][23404][gc,marking   ] GC(520) Concurrent Preclean 0.645ms
[2020-09-24T04:23:11.854+0000][23404][gc,marking   ] GC(520) Concurrent Mark (2864.090s, 2864.229s) 139.130ms
[2020-09-24T04:23:11.859+0000][23404][gc,start     ] GC(520) Pause Remark
[2020-09-24T04:23:11.866+0000][23404][gc           ] GC(520) Pause Remark 459M->459M(1024M) 7.082ms
[2020-09-24T04:23:11.866+0000][23404][gc,cpu       ] GC(520) User=0.09s Sys=0.02s Real=0.01s
[2020-09-24T04:23:11.866+0000][23404][safepoint    ] Safepoint "G1Concurrent", Time since last: 143153600 ns, Reaching safepoint: 4301400 ns, At safepoint: 7588400 ns, Total: 11889800 ns
[2020-09-24T04:23:11.866+0000][23404][gc,marking   ] GC(520) Concurrent Rebuild Remembered Sets
[2020-09-24T04:23:11.951+0000][23404][gc,marking   ] GC(520) Concurrent Rebuild Remembered Sets 84.569ms
[2020-09-24T04:23:11.951+0000][23404][gc,start     ] GC(520) Pause Cleanup
[2020-09-24T04:23:11.952+0000][23404][gc           ] GC(520) Pause Cleanup 593M->593M(1024M) 0.353ms
[2020-09-24T04:23:11.952+0000][23404][gc,cpu       ] GC(520) User=0.00s Sys=0.00s Real=0.00s
[2020-09-24T04:23:11.952+0000][23404][safepoint    ] Safepoint "G1Concurrent", Time since last: 84807100 ns, Reaching safepoint: 136600 ns, At safepoint: 522100 ns, Total: 658700 ns
[2020-09-24T04:23:11.952+0000][23404][gc,marking   ] GC(520) Concurrent Cleanup for Next Mark
[2020-09-24T04:23:11.954+0000][23404][gc,marking   ] GC(520) Concurrent Cleanup for Next Mark 2.031ms
[2020-09-24T04:23:11.954+0000][23404][gc           ] GC(520) Concurrent Cycle 242.724ms
[2020-09-24T04:23:11.979+0000][23404][gc,start     ] GC(521) Pause Young (Concurrent Start) (G1 Humongous Allocation)
[2020-09-24T04:23:11.979+0000][23404][gc,task      ] GC(521) Using 8 workers of 8 for evacuation
[2020-09-24T04:23:11.979+0000][23404][gc,age       ] GC(521) Desired survivor size 31981568 bytes, new threshold 15 (max threshold 15)
[2020-09-24T04:23:11.983+0000][23404][gc,age       ] GC(521) Age table with threshold 15 (max threshold 15)
[2020-09-24T04:23:11.983+0000][23404][gc,age       ] GC(521) - age   1:    5102688 bytes,    5102688 total
[2020-09-24T04:23:11.983+0000][23404][gc,age       ] GC(521) - age   2:      16104 bytes,    5118792 total
[2020-09-24T04:23:11.983+0000][23404][gc,age       ] GC(521) - age   3:      16536 bytes,    5135328 total
[2020-09-24T04:23:11.983+0000][23404][gc,age       ] GC(521) - age   4:       1736 bytes,    5137064 total
[2020-09-24T04:23:11.983+0000][23404][gc,age       ] GC(521) - age   5:       1648 bytes,    5138712 total
[2020-09-24T04:23:11.983+0000][23404][gc,age       ] GC(521) - age   6:       1368 bytes,    5140080 total
[2020-09-24T04:23:11.983+0000][23404][gc,age       ] GC(521) - age   7:      20720 bytes,    5160800 total
[2020-09-24T04:23:11.983+0000][23404][gc,age       ] GC(521) - age   8:       1912 bytes,    5162712 total
[2020-09-24T04:23:11.983+0000][23404][gc,age       ] GC(521) - age   9:       1776 bytes,    5164488 total
[2020-09-24T04:23:11.983+0000][23404][gc,age       ] GC(521) - age  10:      15792 bytes,    5180280 total
[2020-09-24T04:23:11.983+0000][23404][gc,age       ] GC(521) - age  11:      12360 bytes,    5192640 total
[2020-09-24T04:23:11.983+0000][23404][gc,age       ] GC(521) - age  12:       1192 bytes,    5193832 total
[2020-09-24T04:23:11.983+0000][23404][gc,age       ] GC(521) - age  13:       1136 bytes,    5194968 total
[2020-09-24T04:23:11.983+0000][23404][gc,age       ] GC(521) - age  14:      11120 bytes,    5206088 total
[2020-09-24T04:23:11.983+0000][23404][gc,age       ] GC(521) - age  15:      10304 bytes,    5216392 total
[2020-09-24T04:23:11.984+0000][23404][gc,phases    ] GC(521)   Pre Evacuate Collection Set: 0.4ms
[2020-09-24T04:23:11.984+0000][23404][gc,phases    ] GC(521)   Merge Heap Roots: 0.1ms
[2020-09-24T04:23:11.984+0000][23404][gc,phases    ] GC(521)   Evacuate Collection Set: 2.5ms
[2020-09-24T04:23:11.984+0000][23404][gc,phases    ] GC(521)   Post Evacuate Collection Set: 1.0ms
[2020-09-24T04:23:11.984+0000][23404][gc,phases    ] GC(521)   Other: 0.9ms
[2020-09-24T04:23:11.984+0000][23404][gc,heap      ] GC(521) Eden regions: 103->0(483)
[2020-09-24T04:23:11.984+0000][23404][gc,heap      ] GC(521) Survivor regions: 4->6(61)
[2020-09-24T04:23:11.984+0000][23404][gc,heap      ] GC(521) Old regions: 85->85
[2020-09-24T04:23:11.984+0000][23404][gc,heap      ] GC(521) Archive regions: 0->0
[2020-09-24T04:23:11.984+0000][23404][gc,heap      ] GC(521) Humongous regions: 414->174
[2020-09-24T04:23:11.984+0000][23404][gc,metaspace ] GC(521) Metaspace: 90070K(96256K)->90070K(96256K) NonClass: 78760K(82432K)->78760K(82432K) Class: 11309K(13824K)->11309K(13824K)
[2020-09-24T04:23:11.984+0000][23404][gc           ] GC(521) Pause Young (Concurrent Start) (G1 Humongous Allocation) 605M->263M(1024M) 5.199ms
[2020-09-24T04:23:11.984+0000][23404][gc,cpu       ] GC(521) User=0.00s Sys=0.00s Real=0.00s
[2020-09-24T04:23:11.984+0000][23404][gc           ] GC(522) Concurrent Cycle
[2020-09-24T04:23:11.984+0000][23404][safepoint    ] Safepoint "G1TryInitiateConcMark", Time since last: 26720700 ns, Reaching safepoint: 147300 ns, At safepoint: 5381000 ns, Total: 5528300 ns
[2020-09-24T04:23:11.984+0000][23404][gc,marking   ] GC(522) Concurrent Clear Claimed Marks
[2020-09-24T04:23:11.985+0000][23404][gc,marking   ] GC(522) Concurrent Clear Claimed Marks 0.861ms
[2020-09-24T04:23:11.985+0000][23404][gc,marking   ] GC(522) Concurrent Scan Root Regions
[2020-09-24T04:23:11.989+0000][23404][gc,marking   ] GC(522) Concurrent Scan Root Regions 3.753ms
[2020-09-24T04:23:11.989+0000][23404][gc,marking   ] GC(522) Concurrent Mark (2864.363s)
[2020-09-24T04:23:11.989+0000][23404][gc,marking   ] GC(522) Concurrent Mark From Roots
[2020-09-24T04:23:11.989+0000][23404][gc,task      ] GC(522) Using 2 workers of 2 for marking
[2020-09-24T04:23:12.142+0000][23404][gc,marking   ] GC(522) Concurrent Mark From Roots 153.001ms
[2020-09-24T04:23:12.142+0000][23404][gc,marking   ] GC(522) Concurrent Preclean
[2020-09-24T04:23:12.143+0000][23404][gc,marking   ] GC(522) Concurrent Preclean 0.901ms
[2020-09-24T04:23:12.143+0000][23404][gc,marking   ] GC(522) Concurrent Mark (2864.363s, 2864.518s) 154.147ms
[2020-09-24T04:23:12.144+0000][23404][gc,start     ] GC(522) Pause Remark
[2020-09-24T04:23:12.152+0000][23404][gc           ] GC(522) Pause Remark 663M->663M(1024M) 8.242ms
[2020-09-24T04:23:12.152+0000][23404][gc,cpu       ] GC(522) User=0.11s Sys=0.00s Real=0.01s
[2020-09-24T04:23:12.152+0000][23404][safepoint    ] Safepoint "G1Concurrent", Time since last: 159317900 ns, Reaching safepoint: 201400 ns, At safepoint: 8545200 ns, Total: 8746600 ns
[2020-09-24T04:23:12.152+0000][23404][gc,marking   ] GC(522) Concurrent Rebuild Remembered Sets
[2020-09-24T04:23:12.201+0000][23404][safepoint    ] Safepoint "BulkRevokeBias", Time since last: 45857800 ns, Reaching safepoint: 1032300 ns, At safepoint: 2098200 ns, Total: 3130500 ns
[2020-09-24T04:23:12.246+0000][23404][gc,marking   ] GC(522) Concurrent Rebuild Remembered Sets 93.649ms
[2020-09-24T04:23:12.246+0000][23404][gc,start     ] GC(522) Pause Cleanup
[2020-09-24T04:23:12.247+0000][23404][gc           ] GC(522) Pause Cleanup 742M->742M(1024M) 0.507ms
[2020-09-24T04:23:12.247+0000][23404][gc,cpu       ] GC(522) User=0.00s Sys=0.00s Real=0.00s
[2020-09-24T04:23:12.247+0000][23404][safepoint    ] Safepoint "G1Concurrent", Time since last: 44896600 ns, Reaching safepoint: 175000 ns, At safepoint: 745900 ns, Total: 920900 ns
[2020-09-24T04:23:12.247+0000][23404][gc,marking   ] GC(522) Concurrent Cleanup for Next Mark
[2020-09-24T04:23:12.249+0000][23404][gc,marking   ] GC(522) Concurrent Cleanup for Next Mark 1.918ms
[2020-09-24T04:23:12.249+0000][23404][gc           ] GC(522) Concurrent Cycle 265.063ms
[2020-09-24T04:23:12.261+0000][23404][gc,start     ] GC(523) Pause Young (Concurrent Start) (G1 Humongous Allocation)
[2020-09-24T04:23:12.261+0000][23404][gc,task      ] GC(523) Using 8 workers of 8 for evacuation
[2020-09-24T04:23:12.261+0000][23404][gc,age       ] GC(523) Desired survivor size 32505856 bytes, new threshold 15 (max threshold 15)
[2020-09-24T04:23:12.266+0000][23404][gc,age       ] GC(523) Age table with threshold 15 (max threshold 15)
[2020-09-24T04:23:12.266+0000][23404][gc,age       ] GC(523) - age   1:    3916392 bytes,    3916392 total
[2020-09-24T04:23:12.266+0000][23404][gc,age       ] GC(523) - age   2:      16920 bytes,    3933312 total
[2020-09-24T04:23:12.266+0000][23404][gc,age       ] GC(523) - age   3:      13032 bytes,    3946344 total
[2020-09-24T04:23:12.266+0000][23404][gc,age       ] GC(523) - age   4:      12504 bytes,    3958848 total
[2020-09-24T04:23:12.266+0000][23404][gc,age       ] GC(523) - age   5:       1616 bytes,    3960464 total
[2020-09-24T04:23:12.266+0000][23404][gc,age       ] GC(523) - age   6:       1648 bytes,    3962112 total
[2020-09-24T04:23:12.266+0000][23404][gc,age       ] GC(523) - age   7:       1368 bytes,    3963480 total
[2020-09-24T04:23:12.266+0000][23404][gc,age       ] GC(523) - age   8:      20656 bytes,    3984136 total
[2020-09-24T04:23:12.266+0000][23404][gc,age       ] GC(523) - age   9:       1816 bytes,    3985952 total
[2020-09-24T04:23:12.266+0000][23404][gc,age       ] GC(523) - age  10:       1744 bytes,    3987696 total
[2020-09-24T04:23:12.266+0000][23404][gc,age       ] GC(523) - age  11:      15696 bytes,    4003392 total
[2020-09-24T04:23:12.266+0000][23404][gc,age       ] GC(523) - age  12:      12168 bytes,    4015560 total
[2020-09-24T04:23:12.266+0000][23404][gc,age       ] GC(523) - age  13:       1192 bytes,    4016752 total
[2020-09-24T04:23:12.266+0000][23404][gc,age       ] GC(523) - age  14:       1112 bytes,    4017864 total
[2020-09-24T04:23:12.266+0000][23404][gc,age       ] GC(523) - age  15:      11120 bytes,    4028984 total
[2020-09-24T04:23:12.266+0000][23404][gc,phases    ] GC(523)   Pre Evacuate Collection Set: 0.5ms
[2020-09-24T04:23:12.266+0000][23404][gc,phases    ] GC(523)   Merge Heap Roots: 0.1ms
[2020-09-24T04:23:12.266+0000][23404][gc,phases    ] GC(523)   Evacuate Collection Set: 2.4ms
[2020-09-24T04:23:12.266+0000][23404][gc,phases    ] GC(523)   Post Evacuate Collection Set: 1.1ms
[2020-09-24T04:23:12.266+0000][23404][gc,phases    ] GC(523)   Other: 1.0ms
[2020-09-24T04:23:12.266+0000][23404][gc,heap      ] GC(523) Eden regions: 132->0(487)
[2020-09-24T04:23:12.266+0000][23404][gc,heap      ] GC(523) Survivor regions: 6->4(62)
[2020-09-24T04:23:12.266+0000][23404][gc,heap      ] GC(523) Old regions: 85->85
[2020-09-24T04:23:12.266+0000][23404][gc,heap      ] GC(523) Archive regions: 0->0
[2020-09-24T04:23:12.266+0000][23404][gc,heap      ] GC(523) Humongous regions: 526->174
[2020-09-24T04:23:12.266+0000][23404][gc,metaspace ] GC(523) Metaspace: 90079K(96256K)->90079K(96256K) NonClass: 78770K(82432K)->78770K(82432K) Class: 11309K(13824K)->11309K(13824K)
[2020-09-24T04:23:12.266+0000][23404][gc           ] GC(523) Pause Young (Concurrent Start) (G1 Humongous Allocation) 747M->262M(1024M) 5.427ms
[2020-09-24T04:23:12.267+0000][23404][gc,cpu       ] GC(523) User=0.00s Sys=0.00s Real=0.01s
[2020-09-24T04:23:12.267+0000][23404][gc           ] GC(524) Concurrent Cycle
[2020-09-24T04:23:12.267+0000][23404][safepoint    ] Safepoint "G1TryInitiateConcMark", Time since last: 13970700 ns, Reaching safepoint: 190300 ns, At safepoint: 5665200 ns, Total: 5855500 ns
[2020-09-24T04:23:12.267+0000][23404][gc,marking   ] GC(524) Concurrent Clear Claimed Marks
[2020-09-24T04:23:12.267+0000][23404][gc,marking   ] GC(524) Concurrent Clear Claimed Marks 0.559ms
[2020-09-24T04:23:12.267+0000][23404][gc,marking   ] GC(524) Concurrent Scan Root Regions
[2020-09-24T04:23:12.270+0000][23404][gc,marking   ] GC(524) Concurrent Scan Root Regions 3.012ms
[2020-09-24T04:23:12.270+0000][23404][gc,marking   ] GC(524) Concurrent Mark (2864.645s)
[2020-09-24T04:23:12.271+0000][23404][gc,marking   ] GC(524) Concurrent Mark From Roots
[2020-09-24T04:23:12.271+0000][23404][gc,task      ] GC(524) Using 2 workers of 2 for marking
[2020-09-24T04:23:12.420+0000][23404][gc,marking   ] GC(524) Concurrent Mark From Roots 149.629ms
[2020-09-24T04:23:12.420+0000][23404][gc,marking   ] GC(524) Concurrent Preclean
[2020-09-24T04:23:12.421+0000][23404][gc,marking   ] GC(524) Concurrent Preclean 0.468ms
[2020-09-24T04:23:12.421+0000][23404][gc,marking   ] GC(524) Concurrent Mark (2864.645s, 2864.795s) 150.280ms
[2020-09-24T04:23:12.421+0000][23404][gc,start     ] GC(524) Pause Remark
[2020-09-24T04:23:12.428+0000][23404][gc           ] GC(524) Pause Remark 406M->406M(1024M) 6.586ms
[2020-09-24T04:23:12.428+0000][23404][gc,cpu       ] GC(524) User=0.11s Sys=0.00s Real=0.01s
[2020-09-24T04:23:12.428+0000][23404][safepoint    ] Safepoint "G1Concurrent", Time since last: 154166300 ns, Reaching safepoint: 145500 ns, At safepoint: 6835800 ns, Total: 6981300 ns
[2020-09-24T04:23:12.428+0000][23404][gc,marking   ] GC(524) Concurrent Rebuild Remembered Sets
[2020-09-24T04:23:12.510+0000][23404][gc,marking   ] GC(524) Concurrent Rebuild Remembered Sets 81.807ms
[2020-09-24T04:23:12.510+0000][23404][gc,start     ] GC(524) Pause Cleanup
[2020-09-24T04:23:12.511+0000][23404][gc           ] GC(524) Pause Cleanup 540M->540M(1024M) 0.486ms
[2020-09-24T04:23:12.511+0000][23404][gc,cpu       ] GC(524) User=0.00s Sys=0.00s Real=0.00s
[2020-09-24T04:23:12.511+0000][23404][safepoint    ] Safepoint "G1Concurrent", Time since last: 82032600 ns, Reaching safepoint: 404800 ns, At safepoint: 724900 ns, Total: 1129700 ns
[2020-09-24T04:23:12.511+0000][23404][gc,marking   ] GC(524) Concurrent Cleanup for Next Mark
[2020-09-24T04:23:12.513+0000][23404][gc,marking   ] GC(524) Concurrent Cleanup for Next Mark 1.869ms
[2020-09-24T04:23:12.513+0000][23404][gc           ] GC(524) Concurrent Cycle 246.434ms
[2020-09-24T04:23:12.541+0000][23404][gc,start     ] GC(525) Pause Young (Concurrent Start) (G1 Humongous Allocation)
[2020-09-24T04:23:12.541+0000][23404][gc,task      ] GC(525) Using 8 workers of 8 for evacuation
[2020-09-24T04:23:12.541+0000][23404][gc,age       ] GC(525) Desired survivor size 32505856 bytes, new threshold 15 (max threshold 15)
[2020-09-24T04:23:12.546+0000][23404][gc,age       ] GC(525) Age table with threshold 15 (max threshold 15)
[2020-09-24T04:23:12.546+0000][23404][gc,age       ] GC(525) - age   1:    3592088 bytes,    3592088 total
[2020-09-24T04:23:12.546+0000][23404][gc,age       ] GC(525) - age   2:     212784 bytes,    3804872 total
[2020-09-24T04:23:12.546+0000][23404][gc,age       ] GC(525) - age   3:      16648 bytes,    3821520 total
[2020-09-24T04:23:12.546+0000][23404][gc,age       ] GC(525) - age   4:      12584 bytes,    3834104 total
[2020-09-24T04:23:12.546+0000][23404][gc,age       ] GC(525) - age   5:      11952 bytes,    3846056 total
[2020-09-24T04:23:12.546+0000][23404][gc,age       ] GC(525) - age   6:       1616 bytes,    3847672 total
[2020-09-24T04:23:12.546+0000][23404][gc,age       ] GC(525) - age   7:       1584 bytes,    3849256 total
[2020-09-24T04:23:12.546+0000][23404][gc,age       ] GC(525) - age   8:       1336 bytes,    3850592 total
[2020-09-24T04:23:12.546+0000][23404][gc,age       ] GC(525) - age   9:      20560 bytes,    3871152 total
[2020-09-24T04:23:12.546+0000][23404][gc,age       ] GC(525) - age  10:       1528 bytes,    3872680 total
[2020-09-24T04:23:12.546+0000][23404][gc,age       ] GC(525) - age  11:       1744 bytes,    3874424 total
[2020-09-24T04:23:12.546+0000][23404][gc,age       ] GC(525) - age  12:      15696 bytes,    3890120 total
[2020-09-24T04:23:12.546+0000][23404][gc,age       ] GC(525) - age  13:      12072 bytes,    3902192 total
[2020-09-24T04:23:12.546+0000][23404][gc,age       ] GC(525) - age  14:       1128 bytes,    3903320 total
[2020-09-24T04:23:12.546+0000][23404][gc,age       ] GC(525) - age  15:       1112 bytes,    3904432 total
[2020-09-24T04:23:12.547+0000][23404][gc,phases    ] GC(525)   Pre Evacuate Collection Set: 0.4ms
[2020-09-24T04:23:12.547+0000][23404][gc,phases    ] GC(525)   Merge Heap Roots: 0.2ms
[2020-09-24T04:23:12.547+0000][23404][gc,phases    ] GC(525)   Evacuate Collection Set: 3.2ms
[2020-09-24T04:23:12.547+0000][23404][gc,phases    ] GC(525)   Post Evacuate Collection Set: 0.9ms
[2020-09-24T04:23:12.547+0000][23404][gc,phases    ] GC(525)   Other: 1.1ms
[2020-09-24T04:23:12.547+0000][23404][gc,heap      ] GC(525) Eden regions: 80->0(489)
[2020-09-24T04:23:12.547+0000][23404][gc,heap      ] GC(525) Survivor regions: 4->4(62)
[2020-09-24T04:23:12.547+0000][23404][gc,heap      ] GC(525) Old regions: 85->85
[2020-09-24T04:23:12.547+0000][23404][gc,heap      ] GC(525) Archive regions: 0->0
[2020-09-24T04:23:12.547+0000][23404][gc,heap      ] GC(525) Humongous regions: 382->174
[2020-09-24T04:23:12.547+0000][23404][gc,metaspace ] GC(525) Metaspace: 90079K(96256K)->90079K(96256K) NonClass: 78770K(82432K)->78770K(82432K) Class: 11309K(13824K)->11309K(13824K)
[2020-09-24T04:23:12.547+0000][23404][gc           ] GC(525) Pause Young (Concurrent Start) (G1 Humongous Allocation) 550M->262M(1024M) 6.122ms
[2020-09-24T04:23:12.547+0000][23404][gc,cpu       ] GC(525) User=0.00s Sys=0.00s Real=0.01s
[2020-09-24T04:23:12.547+0000][23404][gc           ] GC(526) Concurrent Cycle
[2020-09-24T04:23:12.547+0000][23404][safepoint    ] Safepoint "G1TryInitiateConcMark", Time since last: 29732600 ns, Reaching safepoint: 130400 ns, At safepoint: 6334300 ns, Total: 6464700 ns
[2020-09-24T04:23:12.547+0000][23404][gc,marking   ] GC(526) Concurrent Clear Claimed Marks
[2020-09-24T04:23:12.548+0000][23404][gc,marking   ] GC(526) Concurrent Clear Claimed Marks 0.493ms
[2020-09-24T04:23:12.548+0000][23404][gc,marking   ] GC(526) Concurrent Scan Root Regions
[2020-09-24T04:23:12.551+0000][23404][gc,marking   ] GC(526) Concurrent Scan Root Regions 3.071ms
[2020-09-24T04:23:12.551+0000][23404][gc,marking   ] GC(526) Concurrent Mark (2864.925s)
[2020-09-24T04:23:12.551+0000][23404][gc,marking   ] GC(526) Concurrent Mark From Roots
[2020-09-24T04:23:12.551+0000][23404][gc,task      ] GC(526) Using 2 workers of 2 for marking
[2020-09-24T04:23:12.685+0000][23404][gc,marking   ] GC(526) Concurrent Mark From Roots 134.168ms
[2020-09-24T04:23:12.685+0000][23404][gc,marking   ] GC(526) Concurrent Preclean
[2020-09-24T04:23:12.687+0000][23404][gc,marking   ] GC(526) Concurrent Preclean 1.393ms
[2020-09-24T04:23:12.687+0000][23404][gc,marking   ] GC(526) Concurrent Mark (2864.925s, 2865.061s) 135.906ms
[2020-09-24T04:23:12.687+0000][23404][gc,start     ] GC(526) Pause Remark
[2020-09-24T04:23:12.694+0000][23404][gc           ] GC(526) Pause Remark 508M->508M(1024M) 7.206ms
[2020-09-24T04:23:12.695+0000][23404][gc,cpu       ] GC(526) User=0.09s Sys=0.00s Real=0.01s
[2020-09-24T04:23:12.695+0000][23404][safepoint    ] Safepoint "G1Concurrent", Time since last: 139775100 ns, Reaching safepoint: 269400 ns, At safepoint: 7539700 ns, Total: 7809100 ns
[2020-09-24T04:23:12.695+0000][23404][gc,marking   ] GC(526) Concurrent Rebuild Remembered Sets
[2020-09-24T04:23:12.779+0000][23404][gc,marking   ] GC(526) Concurrent Rebuild Remembered Sets 84.189ms
[2020-09-24T04:23:12.779+0000][23404][gc,start     ] GC(526) Pause Cleanup
[2020-09-24T04:23:12.780+0000][23404][gc           ] GC(526) Pause Cleanup 672M->672M(1024M) 0.382ms
[2020-09-24T04:23:12.780+0000][23404][gc,cpu       ] GC(526) User=0.00s Sys=0.00s Real=0.00s
[2020-09-24T04:23:12.780+0000][23404][safepoint    ] Safepoint "G1Concurrent", Time since last: 84424000 ns, Reaching safepoint: 175900 ns, At safepoint: 553100 ns, Total: 729000 ns
[2020-09-24T04:23:12.780+0000][23404][gc,marking   ] GC(526) Concurrent Cleanup for Next Mark
[2020-09-24T04:23:12.782+0000][23404][gc,marking   ] GC(526) Concurrent Cleanup for Next Mark 2.139ms
[2020-09-24T04:23:12.782+0000][23404][gc           ] GC(526) Concurrent Cycle 235.070ms
[2020-09-24T04:23:12.824+0000][23404][gc,start     ] GC(527) Pause Young (Concurrent Start) (G1 Humongous Allocation)
[2020-09-24T04:23:12.824+0000][23404][gc,task      ] GC(527) Using 8 workers of 8 for evacuation
[2020-09-24T04:23:12.824+0000][23404][gc,age       ] GC(527) Desired survivor size 32505856 bytes, new threshold 15 (max threshold 15)
[2020-09-24T04:23:12.830+0000][23404][gc,age       ] GC(527) Age table with threshold 15 (max threshold 15)
[2020-09-24T04:23:12.831+0000][23404][gc,age       ] GC(527) - age   1:   13598608 bytes,   13598608 total
[2020-09-24T04:23:12.831+0000][23404][gc,age       ] GC(527) - age   2:       3296 bytes,   13601904 total
[2020-09-24T04:23:12.831+0000][23404][gc,age       ] GC(527) - age   3:      10904 bytes,   13612808 total
[2020-09-24T04:23:12.831+0000][23404][gc,age       ] GC(527) - age   4:      14928 bytes,   13627736 total
[2020-09-24T04:23:12.831+0000][23404][gc,age       ] GC(527) - age   5:      11896 bytes,   13639632 total
[2020-09-24T04:23:12.831+0000][23404][gc,age       ] GC(527) - age   6:      11760 bytes,   13651392 total
[2020-09-24T04:23:12.831+0000][23404][gc,age       ] GC(527) - age   7:       1552 bytes,   13652944 total
[2020-09-24T04:23:12.831+0000][23404][gc,age       ] GC(527) - age   8:       1520 bytes,   13654464 total
[2020-09-24T04:23:12.831+0000][23404][gc,age       ] GC(527) - age   9:       1272 bytes,   13655736 total
[2020-09-24T04:23:12.831+0000][23404][gc,age       ] GC(527) - age  10:      20488 bytes,   13676224 total
[2020-09-24T04:23:12.831+0000][23404][gc,age       ] GC(527) - age  11:       1400 bytes,   13677624 total
[2020-09-24T04:23:12.831+0000][23404][gc,age       ] GC(527) - age  12:       1744 bytes,   13679368 total
[2020-09-24T04:23:12.831+0000][23404][gc,age       ] GC(527) - age  13:      15664 bytes,   13695032 total
[2020-09-24T04:23:12.831+0000][23404][gc,age       ] GC(527) - age  14:      12072 bytes,   13707104 total
[2020-09-24T04:23:12.831+0000][23404][gc,age       ] GC(527) - age  15:       1128 bytes,   13708232 total
[2020-09-24T04:23:12.831+0000][23404][gc,phases    ] GC(527)   Pre Evacuate Collection Set: 0.5ms
[2020-09-24T04:23:12.831+0000][23404][gc,phases    ] GC(527)   Merge Heap Roots: 0.1ms
[2020-09-24T04:23:12.831+0000][23404][gc,phases    ] GC(527)   Evacuate Collection Set: 4.2ms
[2020-09-24T04:23:12.831+0000][23404][gc,phases    ] GC(527)   Post Evacuate Collection Set: 1.1ms
[2020-09-24T04:23:12.831+0000][23404][gc,phases    ] GC(527)   Other: 1.0ms
[2020-09-24T04:23:12.831+0000][23404][gc,heap      ] GC(527) Eden regions: 136->0(471)
[2020-09-24T04:23:12.831+0000][23404][gc,heap      ] GC(527) Survivor regions: 4->14(62)
[2020-09-24T04:23:12.831+0000][23404][gc,heap      ] GC(527) Old regions: 85->85
[2020-09-24T04:23:12.831+0000][23404][gc,heap      ] GC(527) Archive regions: 0->0
[2020-09-24T04:23:12.831+0000][23404][gc,heap      ] GC(527) Humongous regions: 478->174
[2020-09-24T04:23:12.831+0000][23404][gc,metaspace ] GC(527) Metaspace: 90096K(96256K)->90096K(96256K) NonClass: 78786K(82432K)->78786K(82432K) Class: 11309K(13824K)->11309K(13824K)
[2020-09-24T04:23:12.831+0000][23404][gc           ] GC(527) Pause Young (Concurrent Start) (G1 Humongous Allocation) 702M->272M(1024M) 7.143ms
[2020-09-24T04:23:12.831+0000][23404][gc,cpu       ] GC(527) User=0.00s Sys=0.00s Real=0.01s
[2020-09-24T04:23:12.831+0000][23404][gc           ] GC(528) Concurrent Cycle
[2020-09-24T04:23:12.831+0000][23404][safepoint    ] Safepoint "G1TryInitiateConcMark", Time since last: 44108900 ns, Reaching safepoint: 138600 ns, At safepoint: 7335300 ns, Total: 7473900 ns
[2020-09-24T04:23:12.832+0000][23404][gc,marking   ] GC(528) Concurrent Clear Claimed Marks
[2020-09-24T04:23:12.832+0000][23404][gc,marking   ] GC(528) Concurrent Clear Claimed Marks 0.719ms
[2020-09-24T04:23:12.832+0000][23404][gc,marking   ] GC(528) Concurrent Scan Root Regions
[2020-09-24T04:23:12.836+0000][23404][gc,marking   ] GC(528) Concurrent Scan Root Regions 3.278ms
[2020-09-24T04:23:12.836+0000][23404][gc,marking   ] GC(528) Concurrent Mark (2865.210s)
[2020-09-24T04:23:12.836+0000][23404][gc,marking   ] GC(528) Concurrent Mark From Roots
[2020-09-24T04:23:12.836+0000][23404][gc,task      ] GC(528) Using 2 workers of 2 for marking
[2020-09-24T04:23:12.991+0000][23404][gc,marking   ] GC(528) Concurrent Mark From Roots 155.043ms
[2020-09-24T04:23:12.991+0000][23404][gc,marking   ] GC(528) Concurrent Preclean
[2020-09-24T04:23:12.992+0000][23404][gc,marking   ] GC(528) Concurrent Preclean 0.758ms
[2020-09-24T04:23:12.992+0000][23404][gc,marking   ] GC(528) Concurrent Mark (2865.210s, 2865.366s) 156.014ms
[2020-09-24T04:23:12.992+0000][23404][gc,start     ] GC(528) Pause Remark
[2020-09-24T04:23:13.000+0000][23404][gc           ] GC(528) Pause Remark 854M->854M(1024M) 7.350ms
[2020-09-24T04:23:13.000+0000][23404][gc,cpu       ] GC(528) User=0.00s Sys=0.00s Real=0.01s
[2020-09-24T04:23:13.001+0000][23404][safepoint    ] Safepoint "G1Concurrent", Time since last: 160422700 ns, Reaching safepoint: 448000 ns, At safepoint: 8206400 ns, Total: 8654400 ns
[2020-09-24T04:23:13.001+0000][23404][gc,marking   ] GC(528) Concurrent Rebuild Remembered Sets
[2020-09-24T04:23:13.087+0000][23404][gc,marking   ] GC(528) Concurrent Rebuild Remembered Sets 86.353ms
[2020-09-24T04:23:13.087+0000][23404][gc,start     ] GC(528) Pause Cleanup
[2020-09-24T04:23:13.088+0000][23404][gc           ] GC(528) Pause Cleanup 951M->951M(1024M) 0.419ms
[2020-09-24T04:23:13.088+0000][23404][gc,cpu       ] GC(528) User=0.00s Sys=0.00s Real=0.00s
[2020-09-24T04:23:13.088+0000][23404][safepoint    ] Safepoint "G1Concurrent", Time since last: 86562500 ns, Reaching safepoint: 148500 ns, At safepoint: 615500 ns, Total: 764000 ns
[2020-09-24T04:23:13.088+0000][23404][gc,marking   ] GC(528) Concurrent Cleanup for Next Mark
[2020-09-24T04:23:13.090+0000][23404][gc,marking   ] GC(528) Concurrent Cleanup for Next Mark 2.004ms
[2020-09-24T04:23:13.090+0000][23404][gc           ] GC(528) Concurrent Cycle 258.720ms
[2020-09-24T04:23:13.113+0000][23404][gc,start     ] GC(529) Pause Young (Concurrent Start) (G1 Humongous Allocation)
[2020-09-24T04:23:13.113+0000][23404][gc,task      ] GC(529) Using 8 workers of 8 for evacuation
[2020-09-24T04:23:13.113+0000][23404][gc,age       ] GC(529) Desired survivor size 31981568 bytes, new threshold 15 (max threshold 15)
[2020-09-24T04:23:13.119+0000][23404][gc,age       ] GC(529) Age table with threshold 15 (max threshold 15)
[2020-09-24T04:23:13.119+0000][23404][gc,age       ] GC(529) - age   1:    5969136 bytes,    5969136 total
[2020-09-24T04:23:13.119+0000][23404][gc,age       ] GC(529) - age   2:      13272 bytes,    5982408 total
[2020-09-24T04:23:13.119+0000][23404][gc,age       ] GC(529) - age   3:       3056 bytes,    5985464 total
[2020-09-24T04:23:13.119+0000][23404][gc,age       ] GC(529) - age   4:      10784 bytes,    5996248 total
[2020-09-24T04:23:13.119+0000][23404][gc,age       ] GC(529) - age   5:      14792 bytes,    6011040 total
[2020-09-24T04:23:13.119+0000][23404][gc,age       ] GC(529) - age   6:      11896 bytes,    6022936 total
[2020-09-24T04:23:13.119+0000][23404][gc,age       ] GC(529) - age   7:      11696 bytes,    6034632 total
[2020-09-24T04:23:13.119+0000][23404][gc,age       ] GC(529) - age   8:       1424 bytes,    6036056 total
[2020-09-24T04:23:13.119+0000][23404][gc,age       ] GC(529) - age   9:       1488 bytes,    6037544 total
[2020-09-24T04:23:13.119+0000][23404][gc,age       ] GC(529) - age  10:       1272 bytes,    6038816 total
[2020-09-24T04:23:13.119+0000][23404][gc,age       ] GC(529) - age  11:      20488 bytes,    6059304 total
[2020-09-24T04:23:13.119+0000][23404][gc,age       ] GC(529) - age  12:       1400 bytes,    6060704 total
[2020-09-24T04:23:13.119+0000][23404][gc,age       ] GC(529) - age  13:       1744 bytes,    6062448 total
[2020-09-24T04:23:13.119+0000][23404][gc,age       ] GC(529) - age  14:      15568 bytes,    6078016 total
[2020-09-24T04:23:13.119+0000][23404][gc,age       ] GC(529) - age  15:      12072 bytes,    6090088 total
[2020-09-24T04:23:13.120+0000][23404][gc,phases    ] GC(529)   Pre Evacuate Collection Set: 0.5ms
[2020-09-24T04:23:13.120+0000][23404][gc,phases    ] GC(529)   Merge Heap Roots: 0.1ms
[2020-09-24T04:23:13.120+0000][23404][gc,phases    ] GC(529)   Evacuate Collection Set: 2.5ms
[2020-09-24T04:23:13.120+0000][23404][gc,phases    ] GC(529)   Post Evacuate Collection Set: 2.0ms
[2020-09-24T04:23:13.120+0000][23404][gc,phases    ] GC(529)   Other: 1.4ms
[2020-09-24T04:23:13.120+0000][23404][gc,heap      ] GC(529) Eden regions: 180->0(479)
[2020-09-24T04:23:13.120+0000][23404][gc,heap      ] GC(529) Survivor regions: 14->7(59)
[2020-09-24T04:23:13.120+0000][23404][gc,heap      ] GC(529) Old regions: 85->85
[2020-09-24T04:23:13.120+0000][23404][gc,heap      ] GC(529) Archive regions: 0->0
[2020-09-24T04:23:13.120+0000][23404][gc,heap      ] GC(529) Humongous regions: 686->174
[2020-09-24T04:23:13.120+0000][23404][gc,metaspace ] GC(529) Metaspace: 90096K(96256K)->90096K(96256K) NonClass: 78786K(82432K)->78786K(82432K) Class: 11309K(13824K)->11309K(13824K)
[2020-09-24T04:23:13.120+0000][23404][gc           ] GC(529) Pause Young (Concurrent Start) (G1 Humongous Allocation) 963M->265M(1024M) 7.036ms
[2020-09-24T04:23:13.120+0000][23404][gc,cpu       ] GC(529) User=0.13s Sys=0.00s Real=0.01s
[2020-09-24T04:23:13.120+0000][23404][gc           ] GC(530) Concurrent Cycle
[2020-09-24T04:23:13.120+0000][23404][safepoint    ] Safepoint "G1TryInitiateConcMark", Time since last: 24854500 ns, Reaching safepoint: 260300 ns, At safepoint: 7308300 ns, Total: 7568600 ns
[2020-09-24T04:23:13.120+0000][23404][gc,marking   ] GC(530) Concurrent Clear Claimed Marks
[2020-09-24T04:23:13.121+0000][23404][gc,marking   ] GC(530) Concurrent Clear Claimed Marks 0.923ms
[2020-09-24T04:23:13.122+0000][23404][gc,marking   ] GC(530) Concurrent Scan Root Regions
[2020-09-24T04:23:13.124+0000][23404][gc,marking   ] GC(530) Concurrent Scan Root Regions 2.716ms
[2020-09-24T04:23:13.125+0000][23404][gc,marking   ] GC(530) Concurrent Mark (2865.499s)
[2020-09-24T04:23:13.125+0000][23404][gc,marking   ] GC(530) Concurrent Mark From Roots
[2020-09-24T04:23:13.125+0000][23404][gc,task      ] GC(530) Using 2 workers of 2 for marking
[2020-09-24T04:23:13.280+0000][23404][gc,marking   ] GC(530) Concurrent Mark From Roots 155.376ms
[2020-09-24T04:23:13.280+0000][23404][gc,marking   ] GC(530) Concurrent Preclean
[2020-09-24T04:23:13.281+0000][23404][gc,marking   ] GC(530) Concurrent Preclean 0.554ms
[2020-09-24T04:23:13.281+0000][23404][gc,marking   ] GC(530) Concurrent Mark (2865.499s, 2865.655s) 156.171ms
[2020-09-24T04:23:13.281+0000][23404][gc,start     ] GC(530) Pause Remark
[2020-09-24T04:23:13.289+0000][23404][gc           ] GC(530) Pause Remark 609M->609M(1024M) 7.675ms
[2020-09-24T04:23:13.289+0000][23404][gc,cpu       ] GC(530) User=0.11s Sys=0.00s Real=0.01s
[2020-09-24T04:23:13.292+0000][23404][safepoint    ] Safepoint "G1Concurrent", Time since last: 160442000 ns, Reaching safepoint: 191900 ns, At safepoint: 11027400 ns, Total: 11219300 ns
[2020-09-24T04:23:13.292+0000][23404][gc,marking   ] GC(530) Concurrent Rebuild Remembered Sets
[2020-09-24T04:23:13.379+0000][23404][gc,marking   ] GC(530) Concurrent Rebuild Remembered Sets 86.602ms
[2020-09-24T04:23:13.379+0000][23404][gc,start     ] GC(530) Pause Cleanup
[2020-09-24T04:23:13.380+0000][23404][gc           ] GC(530) Pause Cleanup 741M->741M(1024M) 0.458ms
[2020-09-24T04:23:13.380+0000][23404][gc,cpu       ] GC(530) User=0.00s Sys=0.00s Real=0.00s
[2020-09-24T04:23:13.380+0000][23404][safepoint    ] Safepoint "G1Concurrent", Time since last: 86866200 ns, Reaching safepoint: 197500 ns, At safepoint: 695900 ns, Total: 893400 ns
[2020-09-24T04:23:13.380+0000][23404][gc,marking   ] GC(530) Concurrent Cleanup for Next Mark
[2020-09-24T04:23:13.382+0000][23404][gc,marking   ] GC(530) Concurrent Cleanup for Next Mark 1.973ms
[2020-09-24T04:23:13.382+0000][23404][gc           ] GC(530) Concurrent Cycle 261.641ms
[2020-09-24T04:23:13.400+0000][23404][gc,start     ] GC(531) Pause Young (Concurrent Start) (G1 Humongous Allocation)
[2020-09-24T04:23:13.400+0000][23404][gc,task      ] GC(531) Using 8 workers of 8 for evacuation
[2020-09-24T04:23:13.400+0000][23404][gc,age       ] GC(531) Desired survivor size 31981568 bytes, new threshold 15 (max threshold 15)
[2020-09-24T04:23:13.404+0000][23404][gc,age       ] GC(531) Age table with threshold 15 (max threshold 15)
[2020-09-24T04:23:13.404+0000][23404][gc,age       ] GC(531) - age   1:    2922968 bytes,    2922968 total
[2020-09-24T04:23:13.404+0000][23404][gc,age       ] GC(531) - age   2:       3384 bytes,    2926352 total
[2020-09-24T04:23:13.404+0000][23404][gc,age       ] GC(531) - age   3:      13104 bytes,    2939456 total
[2020-09-24T04:23:13.405+0000][23404][gc,age       ] GC(531) - age   4:       2792 bytes,    2942248 total
[2020-09-24T04:23:13.405+0000][23404][gc,age       ] GC(531) - age   5:      10784 bytes,    2953032 total
[2020-09-24T04:23:13.405+0000][23404][gc,age       ] GC(531) - age   6:      14792 bytes,    2967824 total
[2020-09-24T04:23:13.405+0000][23404][gc,age       ] GC(531) - age   7:      11896 bytes,    2979720 total
[2020-09-24T04:23:13.405+0000][23404][gc,age       ] GC(531) - age   8:      11664 bytes,    2991384 total
[2020-09-24T04:23:13.405+0000][23404][gc,age       ] GC(531) - age   9:       1392 bytes,    2992776 total
[2020-09-24T04:23:13.405+0000][23404][gc,age       ] GC(531) - age  10:       1456 bytes,    2994232 total
[2020-09-24T04:23:13.405+0000][23404][gc,age       ] GC(531) - age  11:       1272 bytes,    2995504 total
[2020-09-24T04:23:13.405+0000][23404][gc,age       ] GC(531) - age  12:      20488 bytes,    3015992 total
[2020-09-24T04:23:13.405+0000][23404][gc,age       ] GC(531) - age  13:       1400 bytes,    3017392 total
[2020-09-24T04:23:13.405+0000][23404][gc,age       ] GC(531) - age  14:       1744 bytes,    3019136 total
[2020-09-24T04:23:13.405+0000][23404][gc,age       ] GC(531) - age  15:      15536 bytes,    3034672 total
[2020-09-24T04:23:13.405+0000][23404][gc,phases    ] GC(531)   Pre Evacuate Collection Set: 0.5ms
[2020-09-24T04:23:13.405+0000][23404][gc,phases    ] GC(531)   Merge Heap Roots: 0.1ms
[2020-09-24T04:23:13.405+0000][23404][gc,phases    ] GC(531)   Evacuate Collection Set: 2.1ms
[2020-09-24T04:23:13.405+0000][23404][gc,phases    ] GC(531)   Post Evacuate Collection Set: 1.1ms
[2020-09-24T04:23:13.405+0000][23404][gc,phases    ] GC(531)   Other: 1.2ms
[2020-09-24T04:23:13.405+0000][23404][gc,heap      ] GC(531) Eden regions: 135->0(485)
[2020-09-24T04:23:13.405+0000][23404][gc,heap      ] GC(531) Survivor regions: 7->4(61)
[2020-09-24T04:23:13.405+0000][23404][gc,heap      ] GC(531) Old regions: 85->85
[2020-09-24T04:23:13.405+0000][23404][gc,heap      ] GC(531) Archive regions: 0->0
[2020-09-24T04:23:13.405+0000][23404][gc,heap      ] GC(531) Humongous regions: 526->174
[2020-09-24T04:23:13.405+0000][23404][gc,metaspace ] GC(531) Metaspace: 90096K(96256K)->90096K(96256K) NonClass: 78786K(82432K)->78786K(82432K) Class: 11309K(13824K)->11309K(13824K)
[2020-09-24T04:23:13.406+0000][23404][gc           ] GC(531) Pause Young (Concurrent Start) (G1 Humongous Allocation) 751M->262M(1024M) 5.293ms
[2020-09-24T04:23:13.406+0000][23404][gc,cpu       ] GC(531) User=0.00s Sys=0.00s Real=0.01s
[2020-09-24T04:23:13.406+0000][23404][gc           ] GC(532) Concurrent Cycle
[2020-09-24T04:23:13.406+0000][23404][safepoint    ] Safepoint "G1TryInitiateConcMark", Time since last: 20286000 ns, Reaching safepoint: 157500 ns, At safepoint: 5524700 ns, Total: 5682200 ns
[2020-09-24T04:23:13.406+0000][23404][gc,marking   ] GC(532) Concurrent Clear Claimed Marks
[2020-09-24T04:23:13.406+0000][23404][gc,marking   ] GC(532) Concurrent Clear Claimed Marks 0.611ms
[2020-09-24T04:23:13.406+0000][23404][gc,marking   ] GC(532) Concurrent Scan Root Regions
[2020-09-24T04:23:13.409+0000][23404][gc,marking   ] GC(532) Concurrent Scan Root Regions 2.600ms
[2020-09-24T04:23:13.409+0000][23404][gc,marking   ] GC(532) Concurrent Mark (2865.784s)
[2020-09-24T04:23:13.409+0000][23404][gc,marking   ] GC(532) Concurrent Mark From Roots
[2020-09-24T04:23:13.409+0000][23404][gc,task      ] GC(532) Using 2 workers of 2 for marking
[2020-09-24T04:23:13.550+0000][23404][gc,marking   ] GC(532) Concurrent Mark From Roots 140.886ms
[2020-09-24T04:23:13.550+0000][23404][gc,marking   ] GC(532) Concurrent Preclean
[2020-09-24T04:23:13.550+0000][23404][gc,marking   ] GC(532) Concurrent Preclean 0.607ms
[2020-09-24T04:23:13.550+0000][23404][gc,marking   ] GC(532) Concurrent Mark (2865.784s, 2865.925s) 141.684ms
[2020-09-24T04:23:13.551+0000][23404][gc,start     ] GC(532) Pause Remark
[2020-09-24T04:23:13.560+0000][23404][gc           ] GC(532) Pause Remark 455M->455M(1024M) 8.981ms
[2020-09-24T04:23:13.560+0000][23404][gc,cpu       ] GC(532) User=0.02s Sys=0.02s Real=0.01s
[2020-09-24T04:23:13.560+0000][23404][safepoint    ] Safepoint "G1Concurrent", Time since last: 145292700 ns, Reaching safepoint: 170300 ns, At safepoint: 9556000 ns, Total: 9726300 ns
[2020-09-24T04:23:13.560+0000][23404][gc,marking   ] GC(532) Concurrent Rebuild Remembered Sets
[2020-09-24T04:23:13.649+0000][23404][gc,marking   ] GC(532) Concurrent Rebuild Remembered Sets 87.638ms
[2020-09-24T04:23:13.649+0000][23404][gc,start     ] GC(532) Pause Cleanup
[2020-09-24T04:23:13.650+0000][23404][gc           ] GC(532) Pause Cleanup 523M->523M(1024M) 0.432ms
[2020-09-24T04:23:13.650+0000][23404][gc,cpu       ] GC(532) User=0.00s Sys=0.00s Real=0.00s
[2020-09-24T04:23:13.650+0000][23404][safepoint    ] Safepoint "G1Concurrent", Time since last: 87905200 ns, Reaching safepoint: 292000 ns, At safepoint: 671000 ns, Total: 963000 ns
[2020-09-24T04:23:13.650+0000][23404][gc,marking   ] GC(532) Concurrent Cleanup for Next Mark
[2020-09-24T04:23:13.652+0000][23404][gc,marking   ] GC(532) Concurrent Cleanup for Next Mark 2.111ms
[2020-09-24T04:23:13.652+0000][23404][gc           ] GC(532) Concurrent Cycle 246.236ms
[2020-09-24T04:23:13.729+0000][23404][gc,start     ] GC(533) Pause Young (Concurrent Start) (G1 Humongous Allocation)
[2020-09-24T04:23:13.729+0000][23404][gc,task      ] GC(533) Using 8 workers of 8 for evacuation
[2020-09-24T04:23:13.729+0000][23404][gc,age       ] GC(533) Desired survivor size 32505856 bytes, new threshold 15 (max threshold 15)
[2020-09-24T04:23:13.735+0000][23404][gc,age       ] GC(533) Age table with threshold 15 (max threshold 15)
[2020-09-24T04:23:13.735+0000][23404][gc,age       ] GC(533) - age   1:   13368824 bytes,   13368824 total
[2020-09-24T04:23:13.736+0000][23404][gc,age       ] GC(533) - age   2:       7872 bytes,   13376696 total
[2020-09-24T04:23:13.736+0000][23404][gc,age       ] GC(533) - age   3:       2512 bytes,   13379208 total
[2020-09-24T04:23:13.736+0000][23404][gc,age       ] GC(533) - age   4:      11536 bytes,   13390744 total
[2020-09-24T04:23:13.736+0000][23404][gc,age       ] GC(533) - age   5:       2280 bytes,   13393024 total
[2020-09-24T04:23:13.736+0000][23404][gc,age       ] GC(533) - age   6:      10432 bytes,   13403456 total
[2020-09-24T04:23:13.736+0000][23404][gc,age       ] GC(533) - age   7:      14696 bytes,   13418152 total
[2020-09-24T04:23:13.736+0000][23404][gc,age       ] GC(533) - age   8:      11864 bytes,   13430016 total
[2020-09-24T04:23:13.736+0000][23404][gc,age       ] GC(533) - age   9:      11664 bytes,   13441680 total
[2020-09-24T04:23:13.736+0000][23404][gc,age       ] GC(533) - age  10:       1328 bytes,   13443008 total
[2020-09-24T04:23:13.736+0000][23404][gc,age       ] GC(533) - age  11:       1456 bytes,   13444464 total
[2020-09-24T04:23:13.736+0000][23404][gc,age       ] GC(533) - age  12:       1272 bytes,   13445736 total
[2020-09-24T04:23:13.736+0000][23404][gc,age       ] GC(533) - age  13:      20488 bytes,   13466224 total
[2020-09-24T04:23:13.736+0000][23404][gc,age       ] GC(533) - age  14:       1400 bytes,   13467624 total
[2020-09-24T04:23:13.736+0000][23404][gc,age       ] GC(533) - age  15:       1712 bytes,   13469336 total
[2020-09-24T04:23:13.737+0000][23404][gc,phases    ] GC(533)   Pre Evacuate Collection Set: 0.6ms
[2020-09-24T04:23:13.737+0000][23404][gc,phases    ] GC(533)   Merge Heap Roots: 0.1ms
[2020-09-24T04:23:13.737+0000][23404][gc,phases    ] GC(533)   Evacuate Collection Set: 3.5ms
[2020-09-24T04:23:13.737+0000][23404][gc,phases    ] GC(533)   Post Evacuate Collection Set: 1.5ms
[2020-09-24T04:23:13.737+0000][23404][gc,phases    ] GC(533)   Other: 2.2ms
[2020-09-24T04:23:13.737+0000][23404][gc,heap      ] GC(533) Eden regions: 99->0(407)
[2020-09-24T04:23:13.737+0000][23404][gc,heap      ] GC(533) Survivor regions: 4->14(62)
[2020-09-24T04:23:13.737+0000][23404][gc,heap      ] GC(533) Old regions: 85->85
[2020-09-24T04:23:13.737+0000][23404][gc,heap      ] GC(533) Archive regions: 0->0
[2020-09-24T04:23:13.737+0000][23404][gc,heap      ] GC(533) Humongous regions: 366->174
[2020-09-24T04:23:13.737+0000][23404][gc,metaspace ] GC(533) Metaspace: 90098K(96256K)->90098K(96256K) NonClass: 78789K(82432K)->78789K(82432K) Class: 11309K(13824K)->11309K(13824K)
[2020-09-24T04:23:13.737+0000][23404][gc           ] GC(533) Pause Young (Concurrent Start) (G1 Humongous Allocation) 553M->272M(1024M) 8.137ms
[2020-09-24T04:23:13.737+0000][23404][gc,cpu       ] GC(533) User=0.00s Sys=0.00s Real=0.01s
[2020-09-24T04:23:13.737+0000][23404][gc           ] GC(534) Concurrent Cycle
[2020-09-24T04:23:13.737+0000][23404][safepoint    ] Safepoint "G1TryInitiateConcMark", Time since last: 78819400 ns, Reaching safepoint: 628100 ns, At safepoint: 8422800 ns, Total: 9050900 ns
[2020-09-24T04:23:13.737+0000][23404][gc,marking   ] GC(534) Concurrent Clear Claimed Marks
[2020-09-24T04:23:13.738+0000][23404][gc,marking   ] GC(534) Concurrent Clear Claimed Marks 0.684ms
[2020-09-24T04:23:13.738+0000][23404][gc,marking   ] GC(534) Concurrent Scan Root Regions
[2020-09-24T04:23:13.741+0000][23404][gc,marking   ] GC(534) Concurrent Scan Root Regions 2.946ms
[2020-09-24T04:23:13.741+0000][23404][gc,marking   ] GC(534) Concurrent Mark (2866.116s)
[2020-09-24T04:23:13.741+0000][23404][gc,marking   ] GC(534) Concurrent Mark From Roots
[2020-09-24T04:23:13.742+0000][23404][gc,task      ] GC(534) Using 2 workers of 2 for marking
[2020-09-24T04:23:13.901+0000][23404][gc,marking   ] GC(534) Concurrent Mark From Roots 159.170ms
[2020-09-24T04:23:13.901+0000][23404][gc,marking   ] GC(534) Concurrent Preclean
[2020-09-24T04:23:13.902+0000][23404][gc,marking   ] GC(534) Concurrent Preclean 0.753ms
[2020-09-24T04:23:13.902+0000][23404][gc,marking   ] GC(534) Concurrent Mark (2866.116s, 2866.276s) 160.225ms
[2020-09-24T04:23:13.902+0000][23404][gc,start     ] GC(534) Pause Remark
[2020-09-24T04:23:13.909+0000][23404][gc           ] GC(534) Pause Remark 596M->596M(1024M) 7.598ms
[2020-09-24T04:23:13.910+0000][23404][gc,cpu       ] GC(534) User=0.00s Sys=0.00s Real=0.01s
[2020-09-24T04:23:13.910+0000][23404][safepoint    ] Safepoint "G1Concurrent", Time since last: 164400500 ns, Reaching safepoint: 142300 ns, At safepoint: 7920100 ns, Total: 8062400 ns
[2020-09-24T04:23:13.910+0000][23404][gc,marking   ] GC(534) Concurrent Rebuild Remembered Sets
[2020-09-24T04:23:14.011+0000][23404][gc,marking   ] GC(534) Concurrent Rebuild Remembered Sets 100.820ms
[2020-09-24T04:23:14.011+0000][23404][gc,start     ] GC(534) Pause Cleanup
[2020-09-24T04:23:14.012+0000][23404][gc           ] GC(534) Pause Cleanup 792M->792M(1024M) 0.488ms
[2020-09-24T04:23:14.012+0000][23404][gc,cpu       ] GC(534) User=0.00s Sys=0.00s Real=0.00s
[2020-09-24T04:23:14.012+0000][23404][safepoint    ] Safepoint "G1Concurrent", Time since last: 101150600 ns, Reaching safepoint: 411500 ns, At safepoint: 867600 ns, Total: 1279100 ns
[2020-09-24T04:23:14.012+0000][23404][gc,marking   ] GC(534) Concurrent Cleanup for Next Mark
[2020-09-24T04:23:14.014+0000][23404][gc,marking   ] GC(534) Concurrent Cleanup for Next Mark 1.986ms
[2020-09-24T04:23:14.014+0000][23404][gc           ] GC(534) Concurrent Cycle 277.126ms
[2020-09-24T04:23:14.015+0000][23404][gc,start     ] GC(535) Pause Young (Concurrent Start) (G1 Humongous Allocation)
[2020-09-24T04:23:14.015+0000][23404][gc,task      ] GC(535) Using 8 workers of 8 for evacuation
[2020-09-24T04:23:14.015+0000][23404][gc,age       ] GC(535) Desired survivor size 27787264 bytes, new threshold 15 (max threshold 15)
[2020-09-24T04:23:14.020+0000][23404][gc,age       ] GC(535) Age table with threshold 15 (max threshold 15)
[2020-09-24T04:23:14.020+0000][23404][gc,age       ] GC(535) - age   1:    7566816 bytes,    7566816 total
[2020-09-24T04:23:14.020+0000][23404][gc,age       ] GC(535) - age   2:      16864 bytes,    7583680 total
[2020-09-24T04:23:14.020+0000][23404][gc,age       ] GC(535) - age   3:       1296 bytes,    7584976 total
[2020-09-24T04:23:14.020+0000][23404][gc,age       ] GC(535) - age   4:       2152 bytes,    7587128 total
[2020-09-24T04:23:14.020+0000][23404][gc,age       ] GC(535) - age   5:      11304 bytes,    7598432 total
[2020-09-24T04:23:14.020+0000][23404][gc,age       ] GC(535) - age   6:       2280 bytes,    7600712 total
[2020-09-24T04:23:14.020+0000][23404][gc,age       ] GC(535) - age   7:      10368 bytes,    7611080 total
[2020-09-24T04:23:14.020+0000][23404][gc,age       ] GC(535) - age   8:      14696 bytes,    7625776 total
[2020-09-24T04:23:14.020+0000][23404][gc,age       ] GC(535) - age   9:      11864 bytes,    7637640 total
[2020-09-24T04:23:14.020+0000][23404][gc,age       ] GC(535) - age  10:      11600 bytes,    7649240 total
[2020-09-24T04:23:14.020+0000][23404][gc,age       ] GC(535) - age  11:       1328 bytes,    7650568 total
[2020-09-24T04:23:14.020+0000][23404][gc,age       ] GC(535) - age  12:       1424 bytes,    7651992 total
[2020-09-24T04:23:14.021+0000][23404][gc,age       ] GC(535) - age  13:       1272 bytes,    7653264 total
[2020-09-24T04:23:14.021+0000][23404][gc,age       ] GC(535) - age  14:      20456 bytes,    7673720 total
[2020-09-24T04:23:14.021+0000][23404][gc,age       ] GC(535) - age  15:       1368 bytes,    7675088 total
[2020-09-24T04:23:14.021+0000][23404][gc,phases    ] GC(535)   Pre Evacuate Collection Set: 0.6ms
[2020-09-24T04:23:14.021+0000][23404][gc,phases    ] GC(535)   Merge Heap Roots: 0.1ms
[2020-09-24T04:23:14.021+0000][23404][gc,phases    ] GC(535)   Evacuate Collection Set: 2.7ms
[2020-09-24T04:23:14.021+0000][23404][gc,phases    ] GC(535)   Post Evacuate Collection Set: 1.4ms
[2020-09-24T04:23:14.021+0000][23404][gc,phases    ] GC(535)   Other: 1.1ms
[2020-09-24T04:23:14.021+0000][23404][gc,heap      ] GC(535) Eden regions: 110->0(423)
[2020-09-24T04:23:14.021+0000][23404][gc,heap      ] GC(535) Survivor regions: 14->9(53)
[2020-09-24T04:23:14.021+0000][23404][gc,heap      ] GC(535) Old regions: 85->85
[2020-09-24T04:23:14.021+0000][23404][gc,heap      ] GC(535) Archive regions: 0->0
[2020-09-24T04:23:14.021+0000][23404][gc,heap      ] GC(535) Humongous regions: 585->174
[2020-09-24T04:23:14.021+0000][23404][gc,metaspace ] GC(535) Metaspace: 90098K(96256K)->90098K(96256K) NonClass: 78789K(82432K)->78789K(82432K) Class: 11309K(13824K)->11309K(13824K)
[2020-09-24T04:23:14.021+0000][23404][gc           ] GC(535) Pause Young (Concurrent Start) (G1 Humongous Allocation) 793M->267M(1024M) 6.202ms
[2020-09-24T04:23:14.021+0000][23404][gc,cpu       ] GC(535) User=0.00s Sys=0.00s Real=0.01s
[2020-09-24T04:23:14.021+0000][23404][gc           ] GC(536) Concurrent Cycle
[2020-09-24T04:23:14.021+0000][23404][gc,marking   ] GC(536) Concurrent Clear Claimed Marks
[2020-09-24T04:23:14.022+0000][23404][safepoint    ] Safepoint "G1TryInitiateConcMark", Time since last: 2364700 ns, Reaching safepoint: 268800 ns, At safepoint: 6731800 ns, Total: 7000600 ns
[2020-09-24T04:23:14.022+0000][23404][gc,marking   ] GC(536) Concurrent Clear Claimed Marks 0.426ms
[2020-09-24T04:23:14.022+0000][23404][gc,marking   ] GC(536) Concurrent Scan Root Regions
[2020-09-24T04:23:14.024+0000][23404][gc,marking   ] GC(536) Concurrent Scan Root Regions 1.988ms
[2020-09-24T04:23:14.024+0000][23404][gc,marking   ] GC(536) Concurrent Mark (2866.398s)
[2020-09-24T04:23:14.024+0000][23404][gc,marking   ] GC(536) Concurrent Mark From Roots
[2020-09-24T04:23:14.024+0000][23404][gc,task      ] GC(536) Using 2 workers of 2 for marking
[2020-09-24T04:23:14.194+0000][23404][gc,marking   ] GC(536) Concurrent Mark From Roots 169.719ms
[2020-09-24T04:23:14.194+0000][23404][gc,marking   ] GC(536) Concurrent Preclean
[2020-09-24T04:23:14.195+0000][23404][gc,marking   ] GC(536) Concurrent Preclean 0.662ms
[2020-09-24T04:23:14.195+0000][23404][gc,marking   ] GC(536) Concurrent Mark (2866.398s, 2866.569s) 170.603ms
[2020-09-24T04:23:14.195+0000][23404][gc,start     ] GC(536) Pause Remark
[2020-09-24T04:23:14.202+0000][23404][gc           ] GC(536) Pause Remark 493M->493M(1024M) 7.325ms
[2020-09-24T04:23:14.202+0000][23404][gc,cpu       ] GC(536) User=0.00s Sys=0.00s Real=0.01s
[2020-09-24T04:23:14.203+0000][23404][safepoint    ] Safepoint "G1Concurrent", Time since last: 173106100 ns, Reaching safepoint: 230300 ns, At safepoint: 7704700 ns, Total: 7935000 ns
[2020-09-24T04:23:14.203+0000][23404][gc,marking   ] GC(536) Concurrent Rebuild Remembered Sets
[2020-09-24T04:23:14.299+0000][23404][gc,marking   ] GC(536) Concurrent Rebuild Remembered Sets 96.599ms
[2020-09-24T04:23:14.300+0000][23404][gc,start     ] GC(536) Pause Cleanup
[2020-09-24T04:23:14.300+0000][23404][gc           ] GC(536) Pause Cleanup 566M->566M(1024M) 0.426ms
[2020-09-24T04:23:14.300+0000][23404][gc,cpu       ] GC(536) User=0.00s Sys=0.00s Real=0.00s
[2020-09-24T04:23:14.300+0000][23404][safepoint    ] Safepoint "G1Concurrent", Time since last: 96838000 ns, Reaching safepoint: 258200 ns, At safepoint: 659200 ns, Total: 917400 ns
[2020-09-24T04:23:14.300+0000][23404][gc,marking   ] GC(536) Concurrent Cleanup for Next Mark
[2020-09-24T04:23:14.302+0000][23404][gc,marking   ] GC(536) Concurrent Cleanup for Next Mark 1.808ms
[2020-09-24T04:23:14.302+0000][23404][gc           ] GC(536) Concurrent Cycle 281.051ms
[2020-09-24T04:23:14.329+0000][23404][gc,start     ] GC(537) Pause Young (Concurrent Start) (G1 Humongous Allocation)
[2020-09-24T04:23:14.329+0000][23404][gc,task      ] GC(537) Using 8 workers of 8 for evacuation
[2020-09-24T04:23:14.329+0000][23404][gc,age       ] GC(537) Desired survivor size 28311552 bytes, new threshold 15 (max threshold 15)
[2020-09-24T04:23:14.334+0000][23404][gc,age       ] GC(537) Age table with threshold 15 (max threshold 15)
[2020-09-24T04:23:14.334+0000][23404][gc,age       ] GC(537) - age   1:    3908752 bytes,    3908752 total
[2020-09-24T04:23:14.334+0000][23404][gc,age       ] GC(537) - age   2:       5792 bytes,    3914544 total
[2020-09-24T04:23:14.334+0000][23404][gc,age       ] GC(537) - age   3:      16320 bytes,    3930864 total
[2020-09-24T04:23:14.334+0000][23404][gc,age       ] GC(537) - age   4:        968 bytes,    3931832 total
[2020-09-24T04:23:14.334+0000][23404][gc,age       ] GC(537) - age   5:       2120 bytes,    3933952 total
[2020-09-24T04:23:14.334+0000][23404][gc,age       ] GC(537) - age   6:      11272 bytes,    3945224 total
[2020-09-24T04:23:14.334+0000][23404][gc,age       ] GC(537) - age   7:       1608 bytes,    3946832 total
[2020-09-24T04:23:14.334+0000][23404][gc,age       ] GC(537) - age   8:      10344 bytes,    3957176 total
[2020-09-24T04:23:14.334+0000][23404][gc,age       ] GC(537) - age   9:      14664 bytes,    3971840 total
[2020-09-24T04:23:14.334+0000][23404][gc,age       ] GC(537) - age  10:      11736 bytes,    3983576 total
[2020-09-24T04:23:14.334+0000][23404][gc,age       ] GC(537) - age  11:      11600 bytes,    3995176 total
[2020-09-24T04:23:14.334+0000][23404][gc,age       ] GC(537) - age  12:       1296 bytes,    3996472 total
[2020-09-24T04:23:14.334+0000][23404][gc,age       ] GC(537) - age  13:       1424 bytes,    3997896 total
[2020-09-24T04:23:14.334+0000][23404][gc,age       ] GC(537) - age  14:       1272 bytes,    3999168 total
[2020-09-24T04:23:14.334+0000][23404][gc,age       ] GC(537) - age  15:      20456 bytes,    4019624 total
[2020-09-24T04:23:14.335+0000][23404][gc,phases    ] GC(537)   Pre Evacuate Collection Set: 0.5ms
[2020-09-24T04:23:14.335+0000][23404][gc,phases    ] GC(537)   Merge Heap Roots: 0.2ms
[2020-09-24T04:23:14.335+0000][23404][gc,phases    ] GC(537)   Evacuate Collection Set: 2.5ms
[2020-09-24T04:23:14.335+0000][23404][gc,phases    ] GC(537)   Post Evacuate Collection Set: 1.0ms
[2020-09-24T04:23:14.335+0000][23404][gc,phases    ] GC(537)   Other: 1.2ms
[2020-09-24T04:23:14.335+0000][23404][gc,heap      ] GC(537) Eden regions: 102->0(440)
[2020-09-24T04:23:14.335+0000][23404][gc,heap      ] GC(537) Survivor regions: 9->5(54)
[2020-09-24T04:23:14.335+0000][23404][gc,heap      ] GC(537) Old regions: 85->85
[2020-09-24T04:23:14.335+0000][23404][gc,heap      ] GC(537) Archive regions: 0->0
[2020-09-24T04:23:14.335+0000][23404][gc,heap      ] GC(537) Humongous regions: 379->174
[2020-09-24T04:23:14.335+0000][23404][gc,metaspace ] GC(537) Metaspace: 90098K(96256K)->90098K(96256K) NonClass: 78789K(82432K)->78789K(82432K) Class: 11309K(13824K)->11309K(13824K)
[2020-09-24T04:23:14.335+0000][23404][gc           ] GC(537) Pause Young (Concurrent Start) (G1 Humongous Allocation) 574M->263M(1024M) 5.839ms
[2020-09-24T04:23:14.335+0000][23404][gc,cpu       ] GC(537) User=0.03s Sys=0.00s Real=0.01s
[2020-09-24T04:23:14.335+0000][23404][safepoint    ] Safepoint "G1TryInitiateConcMark", Time since last: 28537800 ns, Reaching safepoint: 223200 ns, At safepoint: 6041000 ns, Total: 6264200 ns
[2020-09-24T04:23:14.335+0000][23404][gc           ] GC(538) Concurrent Cycle
[2020-09-24T04:23:14.335+0000][23404][gc,marking   ] GC(538) Concurrent Clear Claimed Marks
[2020-09-24T04:23:14.336+0000][23404][gc,marking   ] GC(538) Concurrent Clear Claimed Marks 0.459ms
[2020-09-24T04:23:14.336+0000][23404][gc,marking   ] GC(538) Concurrent Scan Root Regions
[2020-09-24T04:23:14.339+0000][23404][gc,marking   ] GC(538) Concurrent Scan Root Regions 2.977ms
[2020-09-24T04:23:14.339+0000][23404][gc,marking   ] GC(538) Concurrent Mark (2866.713s)
[2020-09-24T04:23:14.339+0000][23404][gc,marking   ] GC(538) Concurrent Mark From Roots
[2020-09-24T04:23:14.339+0000][23404][gc,task      ] GC(538) Using 2 workers of 2 for marking
[2020-09-24T04:23:14.502+0000][23404][gc,marking   ] GC(538) Concurrent Mark From Roots 162.887ms
[2020-09-24T04:23:14.502+0000][23404][gc,marking   ] GC(538) Concurrent Preclean
[2020-09-24T04:23:14.503+0000][23404][gc,marking   ] GC(538) Concurrent Preclean 0.560ms
[2020-09-24T04:23:14.503+0000][23404][gc,marking   ] GC(538) Concurrent Mark (2866.713s, 2866.877s) 163.650ms
[2020-09-24T04:23:14.503+0000][23404][gc,start     ] GC(538) Pause Remark
[2020-09-24T04:23:14.511+0000][23404][gc           ] GC(538) Pause Remark 401M->401M(1024M) 7.226ms
[2020-09-24T04:23:14.511+0000][23404][gc,cpu       ] GC(538) User=0.11s Sys=0.00s Real=0.01s
[2020-09-24T04:23:14.511+0000][23404][safepoint    ] Safepoint "G1Concurrent", Time since last: 167537100 ns, Reaching safepoint: 170800 ns, At safepoint: 7627300 ns, Total: 7798100 ns
[2020-09-24T04:23:14.511+0000][23404][gc,marking   ] GC(538) Concurrent Rebuild Remembered Sets
[2020-09-24T04:23:14.597+0000][23404][gc,marking   ] GC(538) Concurrent Rebuild Remembered Sets 86.328ms
[2020-09-24T04:23:14.597+0000][23404][gc,start     ] GC(538) Pause Cleanup
[2020-09-24T04:23:14.598+0000][23404][gc           ] GC(538) Pause Cleanup 468M->468M(1024M) 0.370ms
[2020-09-24T04:23:14.598+0000][23404][gc,cpu       ] GC(538) User=0.00s Sys=0.00s Real=0.00s
[2020-09-24T04:23:14.598+0000][23404][safepoint    ] Safepoint "G1Concurrent", Time since last: 86559800 ns, Reaching safepoint: 139900 ns, At safepoint: 554400 ns, Total: 694300 ns
[2020-09-24T04:23:14.598+0000][23404][gc,marking   ] GC(538) Concurrent Cleanup for Next Mark
[2020-09-24T04:23:14.600+0000][23404][gc,marking   ] GC(538) Concurrent Cleanup for Next Mark 2.107ms
[2020-09-24T04:23:14.600+0000][23404][gc           ] GC(538) Concurrent Cycle 264.902ms
[2020-09-24T04:23:14.648+0000][23404][gc,start     ] GC(539) Pause Young (Concurrent Start) (G1 Humongous Allocation)
[2020-09-24T04:23:14.649+0000][23404][gc,task      ] GC(539) Using 8 workers of 8 for evacuation
[2020-09-24T04:23:14.649+0000][23404][gc,age       ] GC(539) Desired survivor size 29360128 bytes, new threshold 15 (max threshold 15)
[2020-09-24T04:23:14.653+0000][23404][gc,age       ] GC(539) Age table with threshold 15 (max threshold 15)
[2020-09-24T04:23:14.653+0000][23404][gc,age       ] GC(539) - age   1:    7920504 bytes,    7920504 total
[2020-09-24T04:23:14.653+0000][23404][gc,age       ] GC(539) - age   2:       3864 bytes,    7924368 total
[2020-09-24T04:23:14.653+0000][23404][gc,age       ] GC(539) - age   3:       2216 bytes,    7926584 total
[2020-09-24T04:23:14.653+0000][23404][gc,age       ] GC(539) - age   4:      14896 bytes,    7941480 total
[2020-09-24T04:23:14.653+0000][23404][gc,age       ] GC(539) - age   5:        936 bytes,    7942416 total
[2020-09-24T04:23:14.653+0000][23404][gc,age       ] GC(539) - age   6:       2120 bytes,    7944536 total
[2020-09-24T04:23:14.653+0000][23404][gc,age       ] GC(539) - age   7:      11112 bytes,    7955648 total
[2020-09-24T04:23:14.653+0000][23404][gc,age       ] GC(539) - age   8:       1608 bytes,    7957256 total
[2020-09-24T04:23:14.653+0000][23404][gc,age       ] GC(539) - age   9:      10256 bytes,    7967512 total
[2020-09-24T04:23:14.653+0000][23404][gc,age       ] GC(539) - age  10:      14592 bytes,    7982104 total
[2020-09-24T04:23:14.653+0000][23404][gc,age       ] GC(539) - age  11:      11248 bytes,    7993352 total
[2020-09-24T04:23:14.653+0000][23404][gc,age       ] GC(539) - age  12:      11536 bytes,    8004888 total
[2020-09-24T04:23:14.653+0000][23404][gc,age       ] GC(539) - age  13:       1296 bytes,    8006184 total
[2020-09-24T04:23:14.653+0000][23404][gc,age       ] GC(539) - age  14:       1272 bytes,    8007456 total
[2020-09-24T04:23:14.653+0000][23404][gc,age       ] GC(539) - age  15:       1208 bytes,    8008664 total
[2020-09-24T04:23:14.654+0000][23404][gc,phases    ] GC(539)   Pre Evacuate Collection Set: 0.5ms
[2020-09-24T04:23:14.654+0000][23404][gc,phases    ] GC(539)   Merge Heap Roots: 0.1ms
[2020-09-24T04:23:14.654+0000][23404][gc,phases    ] GC(539)   Evacuate Collection Set: 2.9ms
[2020-09-24T04:23:14.654+0000][23404][gc,phases    ] GC(539)   Post Evacuate Collection Set: 0.8ms
[2020-09-24T04:23:14.654+0000][23404][gc,phases    ] GC(539)   Other: 0.9ms
[2020-09-24T04:23:14.654+0000][23404][gc,heap      ] GC(539) Eden regions: 74->0(444)
[2020-09-24T04:23:14.654+0000][23404][gc,heap      ] GC(539) Survivor regions: 5->9(56)
[2020-09-24T04:23:14.654+0000][23404][gc,heap      ] GC(539) Old regions: 85->85
[2020-09-24T04:23:14.654+0000][23404][gc,heap      ] GC(539) Archive regions: 0->0
[2020-09-24T04:23:14.654+0000][23404][gc,heap      ] GC(539) Humongous regions: 326->174
[2020-09-24T04:23:14.654+0000][23404][gc,metaspace ] GC(539) Metaspace: 90100K(96256K)->90100K(96256K) NonClass: 78791K(82432K)->78791K(82432K) Class: 11309K(13824K)->11309K(13824K)
[2020-09-24T04:23:14.654+0000][23404][gc           ] GC(539) Pause Young (Concurrent Start) (G1 Humongous Allocation) 489M->267M(1024M) 5.462ms
[2020-09-24T04:23:14.654+0000][23404][gc,cpu       ] GC(539) User=0.00s Sys=0.00s Real=0.01s
[2020-09-24T04:23:14.654+0000][23404][gc           ] GC(540) Concurrent Cycle
[2020-09-24T04:23:14.654+0000][23404][safepoint    ] Safepoint "G1TryInitiateConcMark", Time since last: 50469400 ns, Reaching safepoint: 175800 ns, At safepoint: 5667600 ns, Total: 5843400 ns
[2020-09-24T04:23:14.654+0000][23404][gc,marking   ] GC(540) Concurrent Clear Claimed Marks
[2020-09-24T04:23:14.655+0000][23404][gc,marking   ] GC(540) Concurrent Clear Claimed Marks 0.772ms
[2020-09-24T04:23:14.655+0000][23404][gc,marking   ] GC(540) Concurrent Scan Root Regions
[2020-09-24T04:23:14.659+0000][23404][gc,marking   ] GC(540) Concurrent Scan Root Regions 3.632ms
[2020-09-24T04:23:14.659+0000][23404][gc,marking   ] GC(540) Concurrent Mark (2867.033s)
[2020-09-24T04:23:14.659+0000][23404][gc,marking   ] GC(540) Concurrent Mark From Roots
[2020-09-24T04:23:14.659+0000][23404][gc,task      ] GC(540) Using 2 workers of 2 for marking
[2020-09-24T04:23:14.794+0000][23404][gc,marking   ] GC(540) Concurrent Mark From Roots 135.316ms
[2020-09-24T04:23:14.794+0000][23404][gc,marking   ] GC(540) Concurrent Preclean
[2020-09-24T04:23:14.795+0000][23404][gc,marking   ] GC(540) Concurrent Preclean 0.611ms
[2020-09-24T04:23:14.795+0000][23404][gc,marking   ] GC(540) Concurrent Mark (2867.033s, 2867.170s) 136.183ms
[2020-09-24T04:23:14.795+0000][23404][gc,start     ] GC(540) Pause Remark
[2020-09-24T04:23:14.802+0000][23404][gc           ] GC(540) Pause Remark 456M->456M(1024M) 6.639ms
[2020-09-24T04:23:14.802+0000][23404][gc,cpu       ] GC(540) User=0.00s Sys=0.00s Real=0.01s
[2020-09-24T04:23:14.802+0000][23404][safepoint    ] Safepoint "G1Concurrent", Time since last: 141142000 ns, Reaching safepoint: 115700 ns, At safepoint: 6922700 ns, Total: 7038400 ns
[2020-09-24T04:23:14.802+0000][23404][gc,marking   ] GC(540) Concurrent Rebuild Remembered Sets
[2020-09-24T04:23:14.884+0000][23404][gc,marking   ] GC(540) Concurrent Rebuild Remembered Sets 81.641ms
[2020-09-24T04:23:14.884+0000][23404][gc,start     ] GC(540) Pause Cleanup
[2020-09-24T04:23:14.885+0000][23404][gc           ] GC(540) Pause Cleanup 585M->585M(1024M) 0.342ms
[2020-09-24T04:23:14.885+0000][23404][gc,cpu       ] GC(540) User=0.00s Sys=0.00s Real=0.00s
[2020-09-24T04:23:14.885+0000][23404][safepoint    ] Safepoint "G1Concurrent", Time since last: 81829800 ns, Reaching safepoint: 153700 ns, At safepoint: 498300 ns, Total: 652000 ns
[2020-09-24T04:23:14.885+0000][23404][gc,marking   ] GC(540) Concurrent Cleanup for Next Mark
[2020-09-24T04:23:14.886+0000][23404][gc,marking   ] GC(540) Concurrent Cleanup for Next Mark 1.516ms
[2020-09-24T04:23:14.886+0000][23404][gc           ] GC(540) Concurrent Cycle 232.327ms
[2020-09-24T04:23:14.936+0000][23404][gc,start     ] GC(541) Pause Young (Concurrent Start) (G1 Humongous Allocation)
[2020-09-24T04:23:14.936+0000][23404][gc,task      ] GC(541) Using 8 workers of 8 for evacuation
[2020-09-24T04:23:14.936+0000][23404][gc,age       ] GC(541) Desired survivor size 29884416 bytes, new threshold 15 (max threshold 15)
[2020-09-24T04:23:14.941+0000][23404][gc,age       ] GC(541) Age table with threshold 15 (max threshold 15)
[2020-09-24T04:23:14.941+0000][23404][gc,age       ] GC(541) - age   1:    7206448 bytes,    7206448 total
[2020-09-24T04:23:14.941+0000][23404][gc,age       ] GC(541) - age   2:      73360 bytes,    7279808 total
[2020-09-24T04:23:14.941+0000][23404][gc,age       ] GC(541) - age   3:       2248 bytes,    7282056 total
[2020-09-24T04:23:14.941+0000][23404][gc,age       ] GC(541) - age   4:       1664 bytes,    7283720 total
[2020-09-24T04:23:14.941+0000][23404][gc,age       ] GC(541) - age   5:      13536 bytes,    7297256 total
[2020-09-24T04:23:14.941+0000][23404][gc,age       ] GC(541) - age   6:        936 bytes,    7298192 total
[2020-09-24T04:23:14.941+0000][23404][gc,age       ] GC(541) - age   7:       2120 bytes,    7300312 total
[2020-09-24T04:23:14.941+0000][23404][gc,age       ] GC(541) - age   8:      11112 bytes,    7311424 total
[2020-09-24T04:23:14.941+0000][23404][gc,age       ] GC(541) - age   9:       1352 bytes,    7312776 total
[2020-09-24T04:23:14.941+0000][23404][gc,age       ] GC(541) - age  10:      10224 bytes,    7323000 total
[2020-09-24T04:23:14.941+0000][23404][gc,age       ] GC(541) - age  11:      12144 bytes,    7335144 total
[2020-09-24T04:23:14.941+0000][23404][gc,age       ] GC(541) - age  12:      11184 bytes,    7346328 total
[2020-09-24T04:23:14.941+0000][23404][gc,age       ] GC(541) - age  13:      11536 bytes,    7357864 total
[2020-09-24T04:23:14.941+0000][23404][gc,age       ] GC(541) - age  14:       1296 bytes,    7359160 total
[2020-09-24T04:23:14.941+0000][23404][gc,age       ] GC(541) - age  15:       1208 bytes,    7360368 total
[2020-09-24T04:23:14.942+0000][23404][gc,phases    ] GC(541)   Pre Evacuate Collection Set: 0.4ms
[2020-09-24T04:23:14.942+0000][23404][gc,phases    ] GC(541)   Merge Heap Roots: 0.1ms
[2020-09-24T04:23:14.942+0000][23404][gc,phases    ] GC(541)   Evacuate Collection Set: 2.7ms
[2020-09-24T04:23:14.942+0000][23404][gc,phases    ] GC(541)   Post Evacuate Collection Set: 1.0ms
[2020-09-24T04:23:14.942+0000][23404][gc,phases    ] GC(541)   Other: 1.0ms
[2020-09-24T04:23:14.942+0000][23404][gc,heap      ] GC(541) Eden regions: 100->0(451)
[2020-09-24T04:23:14.942+0000][23404][gc,heap      ] GC(541) Survivor regions: 9->8(57)
[2020-09-24T04:23:14.942+0000][23404][gc,heap      ] GC(541) Old regions: 85->86
[2020-09-24T04:23:14.942+0000][23404][gc,heap      ] GC(541) Archive regions: 0->0
[2020-09-24T04:23:14.942+0000][23404][gc,heap      ] GC(541) Humongous regions: 414->174
[2020-09-24T04:23:14.942+0000][23404][gc,metaspace ] GC(541) Metaspace: 90100K(96256K)->90100K(96256K) NonClass: 78791K(82432K)->78791K(82432K) Class: 11309K(13824K)->11309K(13824K)
[2020-09-24T04:23:14.942+0000][23404][gc           ] GC(541) Pause Young (Concurrent Start) (G1 Humongous Allocation) 607M->266M(1024M) 5.684ms
[2020-09-24T04:23:14.942+0000][23404][gc,cpu       ] GC(541) User=0.00s Sys=0.00s Real=0.01s
[2020-09-24T04:23:14.942+0000][23404][gc           ] GC(542) Concurrent Cycle
[2020-09-24T04:23:14.942+0000][23404][gc,marking   ] GC(542) Concurrent Clear Claimed Marks
[2020-09-24T04:23:14.942+0000][23404][safepoint    ] Safepoint "G1TryInitiateConcMark", Time since last: 51354000 ns, Reaching safepoint: 226800 ns, At safepoint: 6020500 ns, Total: 6247300 ns
[2020-09-24T04:23:14.943+0000][23404][gc,marking   ] GC(542) Concurrent Clear Claimed Marks 0.385ms
[2020-09-24T04:23:14.943+0000][23404][gc,marking   ] GC(542) Concurrent Scan Root Regions
[2020-09-24T04:23:14.946+0000][23404][gc,marking   ] GC(542) Concurrent Scan Root Regions 2.865ms
[2020-09-24T04:23:14.946+0000][23404][gc,marking   ] GC(542) Concurrent Mark (2867.320s)
[2020-09-24T04:23:14.946+0000][23404][gc,marking   ] GC(542) Concurrent Mark From Roots
[2020-09-24T04:23:14.946+0000][23404][gc,task      ] GC(542) Using 2 workers of 2 for marking
[2020-09-24T04:23:15.088+0000][23404][gc,marking   ] GC(542) Concurrent Mark From Roots 142.421ms
[2020-09-24T04:23:15.088+0000][23404][gc,marking   ] GC(542) Concurrent Preclean
[2020-09-24T04:23:15.089+0000][23404][gc,marking   ] GC(542) Concurrent Preclean 0.619ms
[2020-09-24T04:23:15.089+0000][23404][gc,marking   ] GC(542) Concurrent Mark (2867.320s, 2867.463s) 143.252ms
[2020-09-24T04:23:15.089+0000][23404][gc,start     ] GC(542) Pause Remark
[2020-09-24T04:23:15.096+0000][23404][gc           ] GC(542) Pause Remark 664M->664M(1024M) 6.921ms
[2020-09-24T04:23:15.096+0000][23404][gc,cpu       ] GC(542) User=0.00s Sys=0.00s Real=0.01s
[2020-09-24T04:23:15.096+0000][23404][safepoint    ] Safepoint "G1Concurrent", Time since last: 146668200 ns, Reaching safepoint: 125300 ns, At safepoint: 7191700 ns, Total: 7317000 ns
[2020-09-24T04:23:15.096+0000][23404][gc,marking   ] GC(542) Concurrent Rebuild Remembered Sets
[2020-09-24T04:23:15.187+0000][23404][gc,marking   ] GC(542) Concurrent Rebuild Remembered Sets 90.125ms
[2020-09-24T04:23:15.187+0000][23404][gc,start     ] GC(542) Pause Cleanup
[2020-09-24T04:23:15.187+0000][23404][gc           ] GC(542) Pause Cleanup 794M->794M(1024M) 0.358ms
[2020-09-24T04:23:15.187+0000][23404][gc,cpu       ] GC(542) User=0.00s Sys=0.00s Real=0.00s
[2020-09-24T04:23:15.187+0000][23404][safepoint    ] Safepoint "G1Concurrent", Time since last: 90371800 ns, Reaching safepoint: 135100 ns, At safepoint: 524000 ns, Total: 659100 ns
[2020-09-24T04:23:15.187+0000][23404][gc,marking   ] GC(542) Concurrent Cleanup for Next Mark
[2020-09-24T04:23:15.189+0000][23404][gc,marking   ] GC(542) Concurrent Cleanup for Next Mark 1.783ms
[2020-09-24T04:23:15.189+0000][23404][gc           ] GC(542) Concurrent Cycle 247.166ms
[2020-09-24T04:23:15.230+0000][23404][gc,start     ] GC(543) Pause Young (Concurrent Start) (G1 Humongous Allocation)
[2020-09-24T04:23:15.230+0000][23404][gc,task      ] GC(543) Using 8 workers of 8 for evacuation
[2020-09-24T04:23:15.230+0000][23404][gc,age       ] GC(543) Desired survivor size 30408704 bytes, new threshold 15 (max threshold 15)
[2020-09-24T04:23:15.234+0000][23404][gc,age       ] GC(543) Age table with threshold 15 (max threshold 15)
[2020-09-24T04:23:15.234+0000][23404][gc,age       ] GC(543) - age   1:    3903352 bytes,    3903352 total
[2020-09-24T04:23:15.234+0000][23404][gc,age       ] GC(543) - age   2:       7544 bytes,    3910896 total
[2020-09-24T04:23:15.234+0000][23404][gc,age       ] GC(543) - age   3:      66320 bytes,    3977216 total
[2020-09-24T04:23:15.234+0000][23404][gc,age       ] GC(543) - age   4:       1400 bytes,    3978616 total
[2020-09-24T04:23:15.234+0000][23404][gc,age       ] GC(543) - age   5:       1464 bytes,    3980080 total
[2020-09-24T04:23:15.234+0000][23404][gc,age       ] GC(543) - age   6:      13408 bytes,    3993488 total
[2020-09-24T04:23:15.234+0000][23404][gc,age       ] GC(543) - age   7:        840 bytes,    3994328 total
[2020-09-24T04:23:15.234+0000][23404][gc,age       ] GC(543) - age   8:       2088 bytes,    3996416 total
[2020-09-24T04:23:15.234+0000][23404][gc,age       ] GC(543) - age   9:      11016 bytes,    4007432 total
[2020-09-24T04:23:15.234+0000][23404][gc,age       ] GC(543) - age  10:       1288 bytes,    4008720 total
[2020-09-24T04:23:15.234+0000][23404][gc,age       ] GC(543) - age  11:      10192 bytes,    4018912 total
[2020-09-24T04:23:15.234+0000][23404][gc,age       ] GC(543) - age  12:      12144 bytes,    4031056 total
[2020-09-24T04:23:15.234+0000][23404][gc,age       ] GC(543) - age  13:      11184 bytes,    4042240 total
[2020-09-24T04:23:15.234+0000][23404][gc,age       ] GC(543) - age  14:      11536 bytes,    4053776 total
[2020-09-24T04:23:15.234+0000][23404][gc,age       ] GC(543) - age  15:       1272 bytes,    4055048 total
[2020-09-24T04:23:15.234+0000][23404][gc,phases    ] GC(543)   Pre Evacuate Collection Set: 0.4ms
[2020-09-24T04:23:15.234+0000][23404][gc,phases    ] GC(543)   Merge Heap Roots: 0.1ms
[2020-09-24T04:23:15.234+0000][23404][gc,phases    ] GC(543)   Evacuate Collection Set: 2.5ms
[2020-09-24T04:23:15.234+0000][23404][gc,phases    ] GC(543)   Post Evacuate Collection Set: 1.0ms
[2020-09-24T04:23:15.235+0000][23404][gc,phases    ] GC(543)   Other: 0.8ms
[2020-09-24T04:23:15.235+0000][23404][gc,heap      ] GC(543) Eden regions: 143->0(461)
[2020-09-24T04:23:15.235+0000][23404][gc,heap      ] GC(543) Survivor regions: 8->5(58)
[2020-09-24T04:23:15.235+0000][23404][gc,heap      ] GC(543) Old regions: 86->86
[2020-09-24T04:23:15.235+0000][23404][gc,heap      ] GC(543) Archive regions: 0->0
[2020-09-24T04:23:15.235+0000][23404][gc,heap      ] GC(543) Humongous regions: 574->174
[2020-09-24T04:23:15.235+0000][23404][gc,metaspace ] GC(543) Metaspace: 90100K(96256K)->90100K(96256K) NonClass: 78791K(82432K)->78791K(82432K) Class: 11309K(13824K)->11309K(13824K)
[2020-09-24T04:23:15.235+0000][23404][gc           ] GC(543) Pause Young (Concurrent Start) (G1 Humongous Allocation) 809M->263M(1024M) 4.958ms
[2020-09-24T04:23:15.235+0000][23404][gc,cpu       ] GC(543) User=0.00s Sys=0.00s Real=0.00s
[2020-09-24T04:23:15.235+0000][23404][safepoint    ] Safepoint "G1TryInitiateConcMark", Time since last: 42246500 ns, Reaching safepoint: 126700 ns, At safepoint: 5116300 ns, Total: 5243000 ns
[2020-09-24T04:23:15.235+0000][23404][gc           ] GC(544) Concurrent Cycle
[2020-09-24T04:23:15.235+0000][23404][gc,marking   ] GC(544) Concurrent Clear Claimed Marks
[2020-09-24T04:23:15.235+0000][23404][gc,marking   ] GC(544) Concurrent Clear Claimed Marks 0.392ms
[2020-09-24T04:23:15.235+0000][23404][gc,marking   ] GC(544) Concurrent Scan Root Regions
[2020-09-24T04:23:15.238+0000][23404][gc,marking   ] GC(544) Concurrent Scan Root Regions 2.343ms
[2020-09-24T04:23:15.238+0000][23404][gc,marking   ] GC(544) Concurrent Mark (2867.612s)
[2020-09-24T04:23:15.238+0000][23404][gc,marking   ] GC(544) Concurrent Mark From Roots
[2020-09-24T04:23:15.238+0000][23404][gc,task      ] GC(544) Using 2 workers of 2 for marking
[2020-09-24T04:23:15.372+0000][23404][gc,marking   ] GC(544) Concurrent Mark From Roots 134.552ms
[2020-09-24T04:23:15.372+0000][23404][gc,marking   ] GC(544) Concurrent Preclean
[2020-09-24T04:23:15.373+0000][23404][gc,marking   ] GC(544) Concurrent Preclean 0.591ms
[2020-09-24T04:23:15.373+0000][23404][gc,marking   ] GC(544) Concurrent Mark (2867.612s, 2867.748s) 135.303ms
[2020-09-24T04:23:15.373+0000][23404][gc,start     ] GC(544) Pause Remark
[2020-09-24T04:23:15.381+0000][23404][gc           ] GC(544) Pause Remark 406M->406M(1024M) 7.406ms
[2020-09-24T04:23:15.381+0000][23404][gc,cpu       ] GC(544) User=0.05s Sys=0.00s Real=0.01s
[2020-09-24T04:23:15.381+0000][23404][safepoint    ] Safepoint "G1Concurrent", Time since last: 138347800 ns, Reaching safepoint: 124700 ns, At safepoint: 7650100 ns, Total: 7774800 ns
[2020-09-24T04:23:15.381+0000][23404][gc,marking   ] GC(544) Concurrent Rebuild Remembered Sets
[2020-09-24T04:23:15.471+0000][23404][gc,marking   ] GC(544) Concurrent Rebuild Remembered Sets 89.960ms
[2020-09-24T04:23:15.472+0000][23404][gc,start     ] GC(544) Pause Cleanup
[2020-09-24T04:23:15.472+0000][23404][gc           ] GC(544) Pause Cleanup 671M->671M(1024M) 0.449ms
[2020-09-24T04:23:15.472+0000][23404][gc,cpu       ] GC(544) User=0.00s Sys=0.00s Real=0.00s
[2020-09-24T04:23:15.473+0000][23404][safepoint    ] Safepoint "G1Concurrent", Time since last: 90146500 ns, Reaching safepoint: 662300 ns, At safepoint: 778900 ns, Total: 1441200 ns
[2020-09-24T04:23:15.473+0000][23404][gc,marking   ] GC(544) Concurrent Cleanup for Next Mark
[2020-09-24T04:23:15.475+0000][23404][gc,marking   ] GC(544) Concurrent Cleanup for Next Mark 1.881ms
[2020-09-24T04:23:15.475+0000][23404][gc           ] GC(544) Concurrent Cycle 239.819ms
[2020-09-24T04:23:15.550+0000][23404][gc,start     ] GC(545) Pause Young (Concurrent Start) (G1 Humongous Allocation)
[2020-09-24T04:23:15.550+0000][23404][gc,task      ] GC(545) Using 8 workers of 8 for evacuation
[2020-09-24T04:23:15.550+0000][23404][gc,age       ] GC(545) Desired survivor size 30932992 bytes, new threshold 15 (max threshold 15)
[2020-09-24T04:23:15.555+0000][23404][gc,age       ] GC(545) Age table with threshold 15 (max threshold 15)
[2020-09-24T04:23:15.555+0000][23404][gc,age       ] GC(545) - age   1:    3484824 bytes,    3484824 total
[2020-09-24T04:23:15.555+0000][23404][gc,age       ] GC(545) - age   2:       4872 bytes,    3489696 total
[2020-09-24T04:23:15.555+0000][23404][gc,age       ] GC(545) - age   3:       6152 bytes,    3495848 total
[2020-09-24T04:23:15.555+0000][23404][gc,age       ] GC(545) - age   4:      65464 bytes,    3561312 total
[2020-09-24T04:23:15.555+0000][23404][gc,age       ] GC(545) - age   5:       1168 bytes,    3562480 total
[2020-09-24T04:23:15.555+0000][23404][gc,age       ] GC(545) - age   6:       1336 bytes,    3563816 total
[2020-09-24T04:23:15.555+0000][23404][gc,age       ] GC(545) - age   7:      13248 bytes,    3577064 total
[2020-09-24T04:23:15.555+0000][23404][gc,age       ] GC(545) - age   8:        840 bytes,    3577904 total
[2020-09-24T04:23:15.555+0000][23404][gc,age       ] GC(545) - age   9:       1864 bytes,    3579768 total
[2020-09-24T04:23:15.555+0000][23404][gc,age       ] GC(545) - age  10:      10888 bytes,    3590656 total
[2020-09-24T04:23:15.555+0000][23404][gc,age       ] GC(545) - age  11:       1288 bytes,    3591944 total
[2020-09-24T04:23:15.555+0000][23404][gc,age       ] GC(545) - age  12:      10160 bytes,    3602104 total
[2020-09-24T04:23:15.555+0000][23404][gc,age       ] GC(545) - age  13:      12144 bytes,    3614248 total
[2020-09-24T04:23:15.555+0000][23404][gc,age       ] GC(545) - age  14:      11152 bytes,    3625400 total
[2020-09-24T04:23:15.555+0000][23404][gc,age       ] GC(545) - age  15:      11536 bytes,    3636936 total
[2020-09-24T04:23:15.555+0000][23404][gc,phases    ] GC(545)   Pre Evacuate Collection Set: 0.5ms
[2020-09-24T04:23:15.555+0000][23404][gc,phases    ] GC(545)   Merge Heap Roots: 0.1ms
[2020-09-24T04:23:15.555+0000][23404][gc,phases    ] GC(545)   Evacuate Collection Set: 2.5ms
[2020-09-24T04:23:15.556+0000][23404][gc,phases    ] GC(545)   Post Evacuate Collection Set: 1.1ms
[2020-09-24T04:23:15.556+0000][23404][gc,phases    ] GC(545)   Other: 1.1ms
[2020-09-24T04:23:15.556+0000][23404][gc,heap      ] GC(545) Eden regions: 119->0(468)
[2020-09-24T04:23:15.556+0000][23404][gc,heap      ] GC(545) Survivor regions: 5->4(59)
[2020-09-24T04:23:15.556+0000][23404][gc,heap      ] GC(545) Old regions: 86->86
[2020-09-24T04:23:15.556+0000][23404][gc,heap      ] GC(545) Archive regions: 0->0
[2020-09-24T04:23:15.556+0000][23404][gc,heap      ] GC(545) Humongous regions: 478->174
[2020-09-24T04:23:15.556+0000][23404][gc,metaspace ] GC(545) Metaspace: 90102K(96256K)->90102K(96256K) NonClass: 78793K(82432K)->78793K(82432K) Class: 11309K(13824K)->11309K(13824K)
[2020-09-24T04:23:15.556+0000][23404][gc           ] GC(545) Pause Young (Concurrent Start) (G1 Humongous Allocation) 686M->262M(1024M) 5.779ms
[2020-09-24T04:23:15.556+0000][23404][gc,cpu       ] GC(545) User=0.13s Sys=0.00s Real=0.01s
[2020-09-24T04:23:15.556+0000][23404][gc           ] GC(546) Concurrent Cycle
[2020-09-24T04:23:15.556+0000][23404][safepoint    ] Safepoint "G1TryInitiateConcMark", Time since last: 77254100 ns, Reaching safepoint: 267600 ns, At safepoint: 6018200 ns, Total: 6285800 ns
[2020-09-24T04:23:15.556+0000][23404][gc,marking   ] GC(546) Concurrent Clear Claimed Marks
[2020-09-24T04:23:15.557+0000][23404][gc,marking   ] GC(546) Concurrent Clear Claimed Marks 0.640ms
[2020-09-24T04:23:15.557+0000][23404][gc,marking   ] GC(546) Concurrent Scan Root Regions
[2020-09-24T04:23:15.560+0000][23404][gc,marking   ] GC(546) Concurrent Scan Root Regions 3.054ms
[2020-09-24T04:23:15.560+0000][23404][gc,marking   ] GC(546) Concurrent Mark (2867.935s)
[2020-09-24T04:23:15.560+0000][23404][gc,marking   ] GC(546) Concurrent Mark From Roots
[2020-09-24T04:23:15.560+0000][23404][gc,task      ] GC(546) Using 2 workers of 2 for marking
[2020-09-24T04:23:15.746+0000][23404][gc,marking   ] GC(546) Concurrent Mark From Roots 185.373ms
[2020-09-24T04:23:15.746+0000][23404][gc,marking   ] GC(546) Concurrent Preclean
[2020-09-24T04:23:15.747+0000][23404][gc,marking   ] GC(546) Concurrent Preclean 0.909ms
[2020-09-24T04:23:15.747+0000][23404][gc,marking   ] GC(546) Concurrent Mark (2867.935s, 2868.121s) 186.522ms
[2020-09-24T04:23:15.747+0000][23404][gc,start     ] GC(546) Pause Remark
[2020-09-24T04:23:15.758+0000][23404][gc           ] GC(546) Pause Remark 417M->417M(1024M) 10.993ms
[2020-09-24T04:23:15.758+0000][23404][gc,cpu       ] GC(546) User=0.09s Sys=0.00s Real=0.01s
[2020-09-24T04:23:15.761+0000][23404][safepoint    ] Safepoint "G1Concurrent", Time since last: 190601100 ns, Reaching safepoint: 291300 ns, At safepoint: 13989800 ns, Total: 14281100 ns
[2020-09-24T04:23:15.761+0000][23404][gc,marking   ] GC(546) Concurrent Rebuild Remembered Sets
[2020-09-24T04:23:15.903+0000][23404][gc,marking   ] GC(546) Concurrent Rebuild Remembered Sets 142.256ms
[2020-09-24T04:23:15.904+0000][23404][gc,start     ] GC(546) Pause Cleanup
[2020-09-24T04:23:15.905+0000][23404][gc           ] GC(546) Pause Cleanup 590M->590M(1024M) 0.538ms
[2020-09-24T04:23:15.905+0000][23404][gc,cpu       ] GC(546) User=0.00s Sys=0.00s Real=0.00s
[2020-09-24T04:23:15.905+0000][23404][safepoint    ] Safepoint "G1Concurrent", Time since last: 142558400 ns, Reaching safepoint: 859400 ns, At safepoint: 1037200 ns, Total: 1896600 ns
[2020-09-24T04:23:15.905+0000][23404][gc,marking   ] GC(546) Concurrent Cleanup for Next Mark
[2020-09-24T04:23:15.909+0000][23404][gc,marking   ] GC(546) Concurrent Cleanup for Next Mark 3.256ms
[2020-09-24T04:23:15.909+0000][23404][gc           ] GC(546) Concurrent Cycle 352.837ms
[2020-09-24T04:23:15.968+0000][23404][gc,start     ] GC(547) Pause Young (Concurrent Start) (G1 Humongous Allocation)
[2020-09-24T04:23:15.968+0000][23404][gc,task      ] GC(547) Using 8 workers of 8 for evacuation
[2020-09-24T04:23:15.968+0000][23404][gc,age       ] GC(547) Desired survivor size 30932992 bytes, new threshold 15 (max threshold 15)
[2020-09-24T04:23:15.972+0000][23404][gc,age       ] GC(547) Age table with threshold 15 (max threshold 15)
[2020-09-24T04:23:15.972+0000][23404][gc,age       ] GC(547) - age   1:    3356008 bytes,    3356008 total
[2020-09-24T04:23:15.972+0000][23404][gc,age       ] GC(547) - age   2:       3280 bytes,    3359288 total
[2020-09-24T04:23:15.972+0000][23404][gc,age       ] GC(547) - age   3:       4312 bytes,    3363600 total
[2020-09-24T04:23:15.972+0000][23404][gc,age       ] GC(547) - age   4:       4688 bytes,    3368288 total
[2020-09-24T04:23:15.972+0000][23404][gc,age       ] GC(547) - age   5:      65080 bytes,    3433368 total
[2020-09-24T04:23:15.973+0000][23404][gc,age       ] GC(547) - age   6:       1136 bytes,    3434504 total
[2020-09-24T04:23:15.973+0000][23404][gc,age       ] GC(547) - age   7:       1336 bytes,    3435840 total
[2020-09-24T04:23:15.973+0000][23404][gc,age       ] GC(547) - age   8:      13248 bytes,    3449088 total
[2020-09-24T04:23:15.973+0000][23404][gc,age       ] GC(547) - age   9:        840 bytes,    3449928 total
[2020-09-24T04:23:15.973+0000][23404][gc,age       ] GC(547) - age  10:       1864 bytes,    3451792 total
[2020-09-24T04:23:15.973+0000][23404][gc,age       ] GC(547) - age  11:      10888 bytes,    3462680 total
[2020-09-24T04:23:15.973+0000][23404][gc,age       ] GC(547) - age  12:       1224 bytes,    3463904 total
[2020-09-24T04:23:15.973+0000][23404][gc,age       ] GC(547) - age  13:      10160 bytes,    3474064 total
[2020-09-24T04:23:15.973+0000][23404][gc,age       ] GC(547) - age  14:      12080 bytes,    3486144 total
[2020-09-24T04:23:15.973+0000][23404][gc,age       ] GC(547) - age  15:      11152 bytes,    3497296 total
[2020-09-24T04:23:15.973+0000][23404][gc,phases    ] GC(547)   Pre Evacuate Collection Set: 0.4ms
[2020-09-24T04:23:15.973+0000][23404][gc,phases    ] GC(547)   Merge Heap Roots: 0.1ms
[2020-09-24T04:23:15.973+0000][23404][gc,phases    ] GC(547)   Evacuate Collection Set: 2.5ms
[2020-09-24T04:23:15.973+0000][23404][gc,phases    ] GC(547)   Post Evacuate Collection Set: 1.1ms
[2020-09-24T04:23:15.973+0000][23404][gc,phases    ] GC(547)   Other: 1.4ms
[2020-09-24T04:23:15.973+0000][23404][gc,heap      ] GC(547) Eden regions: 96->0(472)
[2020-09-24T04:23:15.974+0000][23404][gc,heap      ] GC(547) Survivor regions: 4->4(59)
[2020-09-24T04:23:15.974+0000][23404][gc,heap      ] GC(547) Old regions: 86->86
[2020-09-24T04:23:15.974+0000][23404][gc,heap      ] GC(547) Archive regions: 0->0
[2020-09-24T04:23:15.974+0000][23404][gc,heap      ] GC(547) Humongous regions: 430->174
[2020-09-24T04:23:15.974+0000][23404][gc,metaspace ] GC(547) Metaspace: 90102K(96256K)->90102K(96256K) NonClass: 78793K(82432K)->78793K(82432K) Class: 11309K(13824K)->11309K(13824K)
[2020-09-24T04:23:15.974+0000][23404][gc           ] GC(547) Pause Young (Concurrent Start) (G1 Humongous Allocation) 614M->262M(1024M) 6.219ms
[2020-09-24T04:23:15.974+0000][23404][gc,cpu       ] GC(547) User=0.00s Sys=0.00s Real=0.01s
[2020-09-24T04:23:15.974+0000][23404][gc           ] GC(548) Concurrent Cycle
[2020-09-24T04:23:15.974+0000][23404][gc,marking   ] GC(548) Concurrent Clear Claimed Marks
[2020-09-24T04:23:15.974+0000][23404][safepoint    ] Safepoint "G1TryInitiateConcMark", Time since last: 61582100 ns, Reaching safepoint: 167400 ns, At safepoint: 6708500 ns, Total: 6875900 ns
[2020-09-24T04:23:15.974+0000][23404][gc,marking   ] GC(548) Concurrent Clear Claimed Marks 0.292ms
[2020-09-24T04:23:15.974+0000][23404][gc,marking   ] GC(548) Concurrent Scan Root Regions
[2020-09-24T04:23:15.977+0000][23404][gc,marking   ] GC(548) Concurrent Scan Root Regions 2.469ms
[2020-09-24T04:23:15.977+0000][23404][gc,marking   ] GC(548) Concurrent Mark (2868.351s)
[2020-09-24T04:23:15.977+0000][23404][gc,marking   ] GC(548) Concurrent Mark From Roots
[2020-09-24T04:23:15.977+0000][23404][gc,task      ] GC(548) Using 2 workers of 2 for marking
[2020-09-24T04:23:16.157+0000][23404][gc,marking   ] GC(548) Concurrent Mark From Roots 180.213ms
[2020-09-24T04:23:16.157+0000][23404][gc,marking   ] GC(548) Concurrent Preclean
[2020-09-24T04:23:16.158+0000][23404][gc,marking   ] GC(548) Concurrent Preclean 0.743ms
[2020-09-24T04:23:16.158+0000][23404][gc,marking   ] GC(548) Concurrent Mark (2868.351s, 2868.532s) 181.161ms
[2020-09-24T04:23:16.158+0000][23404][gc,start     ] GC(548) Pause Remark
[2020-09-24T04:23:16.168+0000][23404][gc           ] GC(548) Pause Remark 600M->600M(1024M) 9.830ms
[2020-09-24T04:23:16.168+0000][23404][gc,cpu       ] GC(548) User=0.09s Sys=0.02s Real=0.01s
[2020-09-24T04:23:16.169+0000][23404][safepoint    ] Safepoint "G1Concurrent", Time since last: 184011000 ns, Reaching safepoint: 168700 ns, At safepoint: 10300800 ns, Total: 10469500 ns
[2020-09-24T04:23:16.169+0000][23404][gc,marking   ] GC(548) Concurrent Rebuild Remembered Sets
[2020-09-24T04:23:16.263+0000][23404][gc,marking   ] GC(548) Concurrent Rebuild Remembered Sets 93.706ms
[2020-09-24T04:23:16.263+0000][23404][gc,start     ] GC(548) Pause Cleanup
[2020-09-24T04:23:16.263+0000][23404][gc           ] GC(548) Pause Cleanup 677M->677M(1024M) 0.432ms
[2020-09-24T04:23:16.263+0000][23404][gc,cpu       ] GC(548) User=0.00s Sys=0.00s Real=0.00s
[2020-09-24T04:23:16.264+0000][23404][safepoint    ] Safepoint "G1Concurrent", Time since last: 94005800 ns, Reaching safepoint: 139500 ns, At safepoint: 657500 ns, Total: 797000 ns
[2020-09-24T04:23:16.264+0000][23404][gc,marking   ] GC(548) Concurrent Cleanup for Next Mark
[2020-09-24T04:23:16.266+0000][23404][gc,marking   ] GC(548) Concurrent Cleanup for Next Mark 2.007ms
[2020-09-24T04:23:16.266+0000][23404][gc           ] GC(548) Concurrent Cycle 291.748ms
[2020-09-24T04:23:16.304+0000][23404][gc,start     ] GC(549) Pause Young (Concurrent Start) (G1 Humongous Allocation)
[2020-09-24T04:23:16.304+0000][23404][gc,task      ] GC(549) Using 8 workers of 8 for evacuation
[2020-09-24T04:23:16.304+0000][23404][gc,age       ] GC(549) Desired survivor size 31457280 bytes, new threshold 15 (max threshold 15)
[2020-09-24T04:23:16.309+0000][23404][gc,age       ] GC(549) Age table with threshold 15 (max threshold 15)
[2020-09-24T04:23:16.309+0000][23404][gc,age       ] GC(549) - age   1:    3907584 bytes,    3907584 total
[2020-09-24T04:23:16.309+0000][23404][gc,age       ] GC(549) - age   2:      11408 bytes,    3918992 total
[2020-09-24T04:23:16.309+0000][23404][gc,age       ] GC(549) - age   3:       2296 bytes,    3921288 total
[2020-09-24T04:23:16.309+0000][23404][gc,age       ] GC(549) - age   4:       3960 bytes,    3925248 total
[2020-09-24T04:23:16.309+0000][23404][gc,age       ] GC(549) - age   5:       4528 bytes,    3929776 total
[2020-09-24T04:23:16.309+0000][23404][gc,age       ] GC(549) - age   6:      64952 bytes,    3994728 total
[2020-09-24T04:23:16.309+0000][23404][gc,age       ] GC(549) - age   7:       1104 bytes,    3995832 total
[2020-09-24T04:23:16.309+0000][23404][gc,age       ] GC(549) - age   8:       1336 bytes,    3997168 total
[2020-09-24T04:23:16.309+0000][23404][gc,age       ] GC(549) - age   9:      13152 bytes,    4010320 total
[2020-09-24T04:23:16.309+0000][23404][gc,age       ] GC(549) - age  10:        720 bytes,    4011040 total
[2020-09-24T04:23:16.309+0000][23404][gc,age       ] GC(549) - age  11:       1832 bytes,    4012872 total
[2020-09-24T04:23:16.309+0000][23404][gc,age       ] GC(549) - age  12:      10888 bytes,    4023760 total
[2020-09-24T04:23:16.309+0000][23404][gc,age       ] GC(549) - age  13:       1224 bytes,    4024984 total
[2020-09-24T04:23:16.309+0000][23404][gc,age       ] GC(549) - age  14:      10160 bytes,    4035144 total
[2020-09-24T04:23:16.309+0000][23404][gc,age       ] GC(549) - age  15:      12080 bytes,    4047224 total
[2020-09-24T04:23:16.310+0000][23404][gc,phases    ] GC(549)   Pre Evacuate Collection Set: 0.5ms
[2020-09-24T04:23:16.310+0000][23404][gc,phases    ] GC(549)   Merge Heap Roots: 0.1ms
[2020-09-24T04:23:16.310+0000][23404][gc,phases    ] GC(549)   Evacuate Collection Set: 2.6ms
[2020-09-24T04:23:16.310+0000][23404][gc,phases    ] GC(549)   Post Evacuate Collection Set: 1.2ms
[2020-09-24T04:23:16.310+0000][23404][gc,phases    ] GC(549)   Other: 1.2ms
[2020-09-24T04:23:16.310+0000][23404][gc,heap      ] GC(549) Eden regions: 118->0(476)
[2020-09-24T04:23:16.310+0000][23404][gc,heap      ] GC(549) Survivor regions: 4->4(60)
[2020-09-24T04:23:16.310+0000][23404][gc,heap      ] GC(549) Old regions: 86->86
[2020-09-24T04:23:16.310+0000][23404][gc,heap      ] GC(549) Archive regions: 0->0
[2020-09-24T04:23:16.310+0000][23404][gc,heap      ] GC(549) Humongous regions: 482->174
[2020-09-24T04:23:16.310+0000][23404][gc,metaspace ] GC(549) Metaspace: 90102K(96256K)->90102K(96256K) NonClass: 78793K(82432K)->78793K(82432K) Class: 11309K(13824K)->11309K(13824K)
[2020-09-24T04:23:16.310+0000][23404][gc           ] GC(549) Pause Young (Concurrent Start) (G1 Humongous Allocation) 688M->263M(1024M) 6.097ms
[2020-09-24T04:23:16.310+0000][23404][gc,cpu       ] GC(549) User=0.00s Sys=0.00s Real=0.01s
[2020-09-24T04:23:16.310+0000][23404][safepoint    ] Safepoint "G1TryInitiateConcMark", Time since last: 40194100 ns, Reaching safepoint: 170000 ns, At safepoint: 6313100 ns, Total: 6483100 ns
[2020-09-24T04:23:16.310+0000][23404][gc           ] GC(550) Concurrent Cycle
[2020-09-24T04:23:16.310+0000][23404][gc,marking   ] GC(550) Concurrent Clear Claimed Marks
[2020-09-24T04:23:16.311+0000][23404][gc,marking   ] GC(550) Concurrent Clear Claimed Marks 0.832ms
[2020-09-24T04:23:16.311+0000][23404][gc,marking   ] GC(550) Concurrent Scan Root Regions
[2020-09-24T04:23:16.315+0000][23404][gc,marking   ] GC(550) Concurrent Scan Root Regions 3.294ms
[2020-09-24T04:23:16.315+0000][23404][gc,marking   ] GC(550) Concurrent Mark (2868.689s)
[2020-09-24T04:23:16.315+0000][23404][gc,marking   ] GC(550) Concurrent Mark From Roots
[2020-09-24T04:23:16.315+0000][23404][gc,task      ] GC(550) Using 2 workers of 2 for marking
[2020-09-24T04:23:16.473+0000][23404][gc,marking   ] GC(550) Concurrent Mark From Roots 157.688ms
[2020-09-24T04:23:16.473+0000][23404][gc,marking   ] GC(550) Concurrent Preclean
[2020-09-24T04:23:16.473+0000][23404][gc,marking   ] GC(550) Concurrent Preclean 0.645ms
[2020-09-24T04:23:16.473+0000][23404][gc,marking   ] GC(550) Concurrent Mark (2868.689s, 2868.848s) 158.565ms
[2020-09-24T04:23:16.474+0000][23404][gc,start     ] GC(550) Pause Remark
[2020-09-24T04:23:16.483+0000][23404][gc           ] GC(550) Pause Remark 462M->462M(1024M) 9.288ms
[2020-09-24T04:23:16.483+0000][23404][gc,cpu       ] GC(550) User=0.06s Sys=0.02s Real=0.01s
[2020-09-24T04:23:16.483+0000][23404][safepoint    ] Safepoint "G1Concurrent", Time since last: 163269400 ns, Reaching safepoint: 184600 ns, At safepoint: 9540700 ns, Total: 9725300 ns
[2020-09-24T04:23:16.483+0000][23404][gc,marking   ] GC(550) Concurrent Rebuild Remembered Sets
[2020-09-24T04:23:16.587+0000][23404][gc,marking   ] GC(550) Concurrent Rebuild Remembered Sets 103.992ms
[2020-09-24T04:23:16.588+0000][23404][gc,start     ] GC(550) Pause Cleanup
[2020-09-24T04:23:16.588+0000][23404][gc           ] GC(550) Pause Cleanup 539M->539M(1024M) 0.405ms
[2020-09-24T04:23:16.588+0000][23404][gc,cpu       ] GC(550) User=0.00s Sys=0.00s Real=0.00s
[2020-09-24T04:23:16.588+0000][23404][safepoint    ] Safepoint "G1Concurrent", Time since last: 104172600 ns, Reaching safepoint: 202500 ns, At safepoint: 615400 ns, Total: 817900 ns
[2020-09-24T04:23:16.588+0000][23404][gc,marking   ] GC(550) Concurrent Cleanup for Next Mark
[2020-09-24T04:23:16.590+0000][23404][gc,marking   ] GC(550) Concurrent Cleanup for Next Mark 1.822ms
[2020-09-24T04:23:16.590+0000][23404][gc           ] GC(550) Concurrent Cycle 280.023ms
[2020-09-24T04:23:16.658+0000][23404][gc,start     ] GC(551) Pause Young (Concurrent Start) (G1 Humongous Allocation)
[2020-09-24T04:23:16.658+0000][23404][gc,task      ] GC(551) Using 8 workers of 8 for evacuation
[2020-09-24T04:23:16.658+0000][23404][gc,age       ] GC(551) Desired survivor size 31457280 bytes, new threshold 15 (max threshold 15)
[2020-09-24T04:23:16.665+0000][23404][gc,age       ] GC(551) Age table with threshold 15 (max threshold 15)
[2020-09-24T04:23:16.665+0000][23404][gc,age       ] GC(551) - age   1:    3591544 bytes,    3591544 total
[2020-09-24T04:23:16.665+0000][23404][gc,age       ] GC(551) - age   2:     204080 bytes,    3795624 total
[2020-09-24T04:23:16.665+0000][23404][gc,age       ] GC(551) - age   3:      10808 bytes,    3806432 total
[2020-09-24T04:23:16.665+0000][23404][gc,age       ] GC(551) - age   4:       2000 bytes,    3808432 total
[2020-09-24T04:23:16.665+0000][23404][gc,age       ] GC(551) - age   5:       3192 bytes,    3811624 total
[2020-09-24T04:23:16.665+0000][23404][gc,age       ] GC(551) - age   6:       4344 bytes,    3815968 total
[2020-09-24T04:23:16.665+0000][23404][gc,age       ] GC(551) - age   7:      64824 bytes,    3880792 total
[2020-09-24T04:23:16.665+0000][23404][gc,age       ] GC(551) - age   8:       1104 bytes,    3881896 total
[2020-09-24T04:23:16.665+0000][23404][gc,age       ] GC(551) - age   9:       1336 bytes,    3883232 total
[2020-09-24T04:23:16.665+0000][23404][gc,age       ] GC(551) - age  10:      13152 bytes,    3896384 total
[2020-09-24T04:23:16.665+0000][23404][gc,age       ] GC(551) - age  11:        720 bytes,    3897104 total
[2020-09-24T04:23:16.665+0000][23404][gc,age       ] GC(551) - age  12:       1832 bytes,    3898936 total
[2020-09-24T04:23:16.665+0000][23404][gc,age       ] GC(551) - age  13:      10824 bytes,    3909760 total
[2020-09-24T04:23:16.666+0000][23404][gc,age       ] GC(551) - age  14:       1224 bytes,    3910984 total
[2020-09-24T04:23:16.666+0000][23404][gc,age       ] GC(551) - age  15:      10096 bytes,    3921080 total
[2020-09-24T04:23:16.666+0000][23404][gc,phases    ] GC(551)   Pre Evacuate Collection Set: 0.5ms
[2020-09-24T04:23:16.666+0000][23404][gc,phases    ] GC(551)   Merge Heap Roots: 0.3ms
[2020-09-24T04:23:16.666+0000][23404][gc,phases    ] GC(551)   Evacuate Collection Set: 3.3ms
[2020-09-24T04:23:16.666+0000][23404][gc,phases    ] GC(551)   Post Evacuate Collection Set: 2.6ms
[2020-09-24T04:23:16.667+0000][23404][gc,phases    ] GC(551)   Other: 2.1ms
[2020-09-24T04:23:16.667+0000][23404][gc,heap      ] GC(551) Eden regions: 79->0(479)
[2020-09-24T04:23:16.667+0000][23404][gc,heap      ] GC(551) Survivor regions: 4->4(60)
[2020-09-24T04:23:16.667+0000][23404][gc,heap      ] GC(551) Old regions: 86->86
[2020-09-24T04:23:16.667+0000][23404][gc,heap      ] GC(551) Archive regions: 0->0
[2020-09-24T04:23:16.667+0000][23404][gc,heap      ] GC(551) Humongous regions: 382->174
[2020-09-24T04:23:16.667+0000][23404][gc,metaspace ] GC(551) Metaspace: 90102K(96256K)->90102K(96256K) NonClass: 78793K(82432K)->78793K(82432K) Class: 11309K(13824K)->11309K(13824K)
[2020-09-24T04:23:16.667+0000][23404][gc           ] GC(551) Pause Young (Concurrent Start) (G1 Humongous Allocation) 549M->262M(1024M) 9.410ms
[2020-09-24T04:23:16.667+0000][23404][gc,cpu       ] GC(551) User=0.02s Sys=0.00s Real=0.01s
[2020-09-24T04:23:16.667+0000][23404][gc           ] GC(552) Concurrent Cycle
[2020-09-24T04:23:16.667+0000][23404][safepoint    ] Safepoint "G1TryInitiateConcMark", Time since last: 69213000 ns, Reaching safepoint: 150700 ns, At safepoint: 9706200 ns, Total: 9856900 ns
[2020-09-24T04:23:16.667+0000][23404][gc,marking   ] GC(552) Concurrent Clear Claimed Marks
[2020-09-24T04:23:16.668+0000][23404][gc,marking   ] GC(552) Concurrent Clear Claimed Marks 0.484ms
[2020-09-24T04:23:16.668+0000][23404][gc,marking   ] GC(552) Concurrent Scan Root Regions
[2020-09-24T04:23:16.671+0000][23404][gc,marking   ] GC(552) Concurrent Scan Root Regions 3.053ms
[2020-09-24T04:23:16.671+0000][23404][gc,marking   ] GC(552) Concurrent Mark (2869.045s)
[2020-09-24T04:23:16.671+0000][23404][gc,marking   ] GC(552) Concurrent Mark From Roots
[2020-09-24T04:23:16.671+0000][23404][gc,task      ] GC(552) Using 2 workers of 2 for marking
[2020-09-24T04:23:16.839+0000][23404][gc,marking   ] GC(552) Concurrent Mark From Roots 167.575ms
[2020-09-24T04:23:16.839+0000][23404][gc,marking   ] GC(552) Concurrent Preclean
[2020-09-24T04:23:16.839+0000][23404][gc,marking   ] GC(552) Concurrent Preclean 0.712ms
[2020-09-24T04:23:16.840+0000][23404][gc,marking   ] GC(552) Concurrent Mark (2869.045s, 2869.214s) 168.504ms
[2020-09-24T04:23:16.840+0000][23404][gc,start     ] GC(552) Pause Remark
[2020-09-24T04:23:16.848+0000][23404][gc           ] GC(552) Pause Remark 512M->512M(1024M) 7.774ms
[2020-09-24T04:23:16.848+0000][23404][gc,cpu       ] GC(552) User=0.00s Sys=0.00s Real=0.01s
[2020-09-24T04:23:16.849+0000][23404][safepoint    ] Safepoint "G1Concurrent", Time since last: 172343600 ns, Reaching safepoint: 265100 ns, At safepoint: 8687000 ns, Total: 8952100 ns
[2020-09-24T04:23:16.849+0000][23404][gc,marking   ] GC(552) Concurrent Rebuild Remembered Sets
[2020-09-24T04:23:16.941+0000][23404][gc,marking   ] GC(552) Concurrent Rebuild Remembered Sets 91.888ms
[2020-09-24T04:23:16.941+0000][23404][gc,start     ] GC(552) Pause Cleanup
[2020-09-24T04:23:16.941+0000][23404][gc           ] GC(552) Pause Cleanup 531M->531M(1024M) 0.379ms
[2020-09-24T04:23:16.941+0000][23404][gc,cpu       ] GC(552) User=0.00s Sys=0.00s Real=0.00s
[2020-09-24T04:23:16.941+0000][23404][safepoint    ] Safepoint "G1Concurrent", Time since last: 92138800 ns, Reaching safepoint: 145500 ns, At safepoint: 530700 ns, Total: 676200 ns
[2020-09-24T04:23:16.941+0000][23404][gc,marking   ] GC(552) Concurrent Cleanup for Next Mark
[2020-09-24T04:23:16.943+0000][23404][gc,marking   ] GC(552) Concurrent Cleanup for Next Mark 1.978ms
[2020-09-24T04:23:16.944+0000][23404][gc           ] GC(552) Concurrent Cycle 276.324ms
[2020-09-24T04:23:16.966+0000][23404][gc,start     ] GC(553) Pause Young (Concurrent Start) (G1 Humongous Allocation)
[2020-09-24T04:23:16.966+0000][23404][gc,task      ] GC(553) Using 8 workers of 8 for evacuation
[2020-09-24T04:23:16.967+0000][23404][gc,age       ] GC(553) Desired survivor size 31981568 bytes, new threshold 15 (max threshold 15)
[2020-09-24T04:23:16.971+0000][23404][gc,age       ] GC(553) Age table with threshold 15 (max threshold 15)
[2020-09-24T04:23:16.971+0000][23404][gc,age       ] GC(553) - age   1:    8869392 bytes,    8869392 total
[2020-09-24T04:23:16.971+0000][23404][gc,age       ] GC(553) - age   2:       3480 bytes,    8872872 total
[2020-09-24T04:23:16.971+0000][23404][gc,age       ] GC(553) - age   3:       2472 bytes,    8875344 total
[2020-09-24T04:23:16.971+0000][23404][gc,age       ] GC(553) - age   4:       4680 bytes,    8880024 total
[2020-09-24T04:23:16.971+0000][23404][gc,age       ] GC(553) - age   5:       1712 bytes,    8881736 total
[2020-09-24T04:23:16.971+0000][23404][gc,age       ] GC(553) - age   6:       2968 bytes,    8884704 total
[2020-09-24T04:23:16.971+0000][23404][gc,age       ] GC(553) - age   7:       4216 bytes,    8888920 total
[2020-09-24T04:23:16.971+0000][23404][gc,age       ] GC(553) - age   8:      64824 bytes,    8953744 total
[2020-09-24T04:23:16.971+0000][23404][gc,age       ] GC(553) - age   9:       1008 bytes,    8954752 total
[2020-09-24T04:23:16.971+0000][23404][gc,age       ] GC(553) - age  10:       1304 bytes,    8956056 total
[2020-09-24T04:23:16.971+0000][23404][gc,age       ] GC(553) - age  11:      13152 bytes,    8969208 total
[2020-09-24T04:23:16.971+0000][23404][gc,age       ] GC(553) - age  12:        656 bytes,    8969864 total
[2020-09-24T04:23:16.971+0000][23404][gc,age       ] GC(553) - age  13:       1800 bytes,    8971664 total
[2020-09-24T04:23:16.971+0000][23404][gc,age       ] GC(553) - age  14:      10752 bytes,    8982416 total
[2020-09-24T04:23:16.971+0000][23404][gc,age       ] GC(553) - age  15:       1192 bytes,    8983608 total
[2020-09-24T04:23:16.971+0000][23404][gc,phases    ] GC(553)   Pre Evacuate Collection Set: 0.4ms
[2020-09-24T04:23:16.971+0000][23404][gc,phases    ] GC(553)   Merge Heap Roots: 0.1ms
[2020-09-24T04:23:16.971+0000][23404][gc,phases    ] GC(553)   Evacuate Collection Set: 2.8ms
[2020-09-24T04:23:16.971+0000][23404][gc,phases    ] GC(553)   Post Evacuate Collection Set: 0.9ms
[2020-09-24T04:23:16.971+0000][23404][gc,phases    ] GC(553)   Other: 0.7ms
[2020-09-24T04:23:16.971+0000][23404][gc,heap      ] GC(553) Eden regions: 93->0(472)
[2020-09-24T04:23:16.971+0000][23404][gc,heap      ] GC(553) Survivor regions: 4->9(61)
[2020-09-24T04:23:16.972+0000][23404][gc,heap      ] GC(553) Old regions: 86->86
[2020-09-24T04:23:16.972+0000][23404][gc,heap      ] GC(553) Archive regions: 0->0
[2020-09-24T04:23:16.972+0000][23404][gc,heap      ] GC(553) Humongous regions: 366->174
[2020-09-24T04:23:16.972+0000][23404][gc,metaspace ] GC(553) Metaspace: 90103K(96256K)->90103K(96256K) NonClass: 78794K(82432K)->78794K(82432K) Class: 11309K(13824K)->11309K(13824K)
[2020-09-24T04:23:16.972+0000][23404][gc           ] GC(553) Pause Young (Concurrent Start) (G1 Humongous Allocation) 547M->267M(1024M) 5.271ms
[2020-09-24T04:23:16.972+0000][23404][gc,cpu       ] GC(553) User=0.00s Sys=0.00s Real=0.01s
[2020-09-24T04:23:16.972+0000][23404][gc           ] GC(554) Concurrent Cycle
[2020-09-24T04:23:16.972+0000][23404][safepoint    ] Safepoint "G1TryInitiateConcMark", Time since last: 24842200 ns, Reaching safepoint: 141800 ns, At safepoint: 5447400 ns, Total: 5589200 ns
[2020-09-24T04:23:16.972+0000][23404][gc,marking   ] GC(554) Concurrent Clear Claimed Marks
[2020-09-24T04:23:16.972+0000][23404][safepoint    ] Safepoint "G1TryInitiateConcMark", Time since last: 212000 ns, Reaching safepoint: 149900 ns, At safepoint: 15100 ns, Total: 165000 ns
[2020-09-24T04:23:16.972+0000][23404][gc,marking   ] GC(554) Concurrent Clear Claimed Marks 0.480ms
[2020-09-24T04:23:16.972+0000][23404][gc,marking   ] GC(554) Concurrent Scan Root Regions
[2020-09-24T04:23:16.976+0000][23404][gc,marking   ] GC(554) Concurrent Scan Root Regions 3.760ms
[2020-09-24T04:23:16.976+0000][23404][gc,marking   ] GC(554) Concurrent Mark (2869.350s)
[2020-09-24T04:23:16.976+0000][23404][gc,marking   ] GC(554) Concurrent Mark From Roots
[2020-09-24T04:23:16.976+0000][23404][gc,task      ] GC(554) Using 2 workers of 2 for marking
[2020-09-24T04:23:17.135+0000][23404][gc,marking   ] GC(554) Concurrent Mark From Roots 158.760ms
[2020-09-24T04:23:17.135+0000][23404][gc,marking   ] GC(554) Concurrent Preclean
[2020-09-24T04:23:17.136+0000][23404][gc,marking   ] GC(554) Concurrent Preclean 0.616ms
[2020-09-24T04:23:17.136+0000][23404][gc,marking   ] GC(554) Concurrent Mark (2869.350s, 2869.510s) 159.594ms
[2020-09-24T04:23:17.136+0000][23404][gc,start     ] GC(554) Pause Remark
[2020-09-24T04:23:17.145+0000][23404][gc           ] GC(554) Pause Remark 667M->667M(1024M) 8.991ms
[2020-09-24T04:23:17.145+0000][23404][gc,cpu       ] GC(554) User=0.00s Sys=0.00s Real=0.01s
[2020-09-24T04:23:17.146+0000][23404][safepoint    ] Safepoint "G1Concurrent", Time since last: 163838800 ns, Reaching safepoint: 156600 ns, At safepoint: 9579300 ns, Total: 9735900 ns
[2020-09-24T04:23:17.146+0000][23404][gc,marking   ] GC(554) Concurrent Rebuild Remembered Sets
[2020-09-24T04:23:17.231+0000][23404][gc,marking   ] GC(554) Concurrent Rebuild Remembered Sets 85.395ms
[2020-09-24T04:23:17.232+0000][23404][gc,start     ] GC(554) Pause Cleanup
[2020-09-24T04:23:17.232+0000][23404][gc           ] GC(554) Pause Cleanup 677M->677M(1024M) 0.410ms
[2020-09-24T04:23:17.232+0000][23404][gc,cpu       ] GC(554) User=0.00s Sys=0.00s Real=0.00s
[2020-09-24T04:23:17.232+0000][23404][safepoint    ] Safepoint "G1Concurrent", Time since last: 85662200 ns, Reaching safepoint: 196400 ns, At safepoint: 630100 ns, Total: 826500 ns
[2020-09-24T04:23:17.232+0000][23404][gc,marking   ] GC(554) Concurrent Cleanup for Next Mark
[2020-09-24T04:23:17.234+0000][23404][gc,marking   ] GC(554) Concurrent Cleanup for Next Mark 2.062ms
[2020-09-24T04:23:17.234+0000][23404][gc           ] GC(554) Concurrent Cycle 262.689ms
[2020-09-24T04:23:17.253+0000][23404][gc,start     ] GC(555) Pause Young (Concurrent Start) (G1 Humongous Allocation)
[2020-09-24T04:23:17.254+0000][23404][gc,task      ] GC(555) Using 8 workers of 8 for evacuation
[2020-09-24T04:23:17.254+0000][23404][gc,age       ] GC(555) Desired survivor size 31981568 bytes, new threshold 15 (max threshold 15)
[2020-09-24T04:23:17.259+0000][23404][gc,age       ] GC(555) Age table with threshold 15 (max threshold 15)
[2020-09-24T04:23:17.259+0000][23404][gc,age       ] GC(555) - age   1:    8657776 bytes,    8657776 total
[2020-09-24T04:23:17.259+0000][23404][gc,age       ] GC(555) - age   2:       8464 bytes,    8666240 total
[2020-09-24T04:23:17.259+0000][23404][gc,age       ] GC(555) - age   3:       2048 bytes,    8668288 total
[2020-09-24T04:23:17.259+0000][23404][gc,age       ] GC(555) - age   4:       2112 bytes,    8670400 total
[2020-09-24T04:23:17.259+0000][23404][gc,age       ] GC(555) - age   5:       4680 bytes,    8675080 total
[2020-09-24T04:23:17.259+0000][23404][gc,age       ] GC(555) - age   6:       1712 bytes,    8676792 total
[2020-09-24T04:23:17.259+0000][23404][gc,age       ] GC(555) - age   7:       2776 bytes,    8679568 total
[2020-09-24T04:23:17.259+0000][23404][gc,age       ] GC(555) - age   8:       4024 bytes,    8683592 total
[2020-09-24T04:23:17.259+0000][23404][gc,age       ] GC(555) - age   9:      64760 bytes,    8748352 total
[2020-09-24T04:23:17.259+0000][23404][gc,age       ] GC(555) - age  10:        976 bytes,    8749328 total
[2020-09-24T04:23:17.259+0000][23404][gc,age       ] GC(555) - age  11:       1304 bytes,    8750632 total
[2020-09-24T04:23:17.259+0000][23404][gc,age       ] GC(555) - age  12:      13120 bytes,    8763752 total
[2020-09-24T04:23:17.259+0000][23404][gc,age       ] GC(555) - age  13:        656 bytes,    8764408 total
[2020-09-24T04:23:17.259+0000][23404][gc,age       ] GC(555) - age  14:       1768 bytes,    8766176 total
[2020-09-24T04:23:17.259+0000][23404][gc,age       ] GC(555) - age  15:      10752 bytes,    8776928 total
[2020-09-24T04:23:17.259+0000][23404][gc,phases    ] GC(555)   Pre Evacuate Collection Set: 0.4ms
[2020-09-24T04:23:17.259+0000][23404][gc,phases    ] GC(555)   Merge Heap Roots: 0.1ms
[2020-09-24T04:23:17.259+0000][23404][gc,phases    ] GC(555)   Evacuate Collection Set: 3.0ms
[2020-09-24T04:23:17.259+0000][23404][gc,phases    ] GC(555)   Post Evacuate Collection Set: 1.1ms
[2020-09-24T04:23:17.259+0000][23404][gc,phases    ] GC(555)   Other: 1.3ms
[2020-09-24T04:23:17.260+0000][23404][gc,heap      ] GC(555) Eden regions: 118->0(472)
[2020-09-24T04:23:17.260+0000][23404][gc,heap      ] GC(555) Survivor regions: 9->9(61)
[2020-09-24T04:23:17.260+0000][23404][gc,heap      ] GC(555) Old regions: 86->86
[2020-09-24T04:23:17.260+0000][23404][gc,heap      ] GC(555) Archive regions: 0->0
[2020-09-24T04:23:17.260+0000][23404][gc,heap      ] GC(555) Humongous regions: 480->174
[2020-09-24T04:23:17.260+0000][23404][gc,metaspace ] GC(555) Metaspace: 90103K(96256K)->90103K(96256K) NonClass: 78794K(82432K)->78794K(82432K) Class: 11309K(13824K)->11309K(13824K)
[2020-09-24T04:23:17.260+0000][23404][gc           ] GC(555) Pause Young (Concurrent Start) (G1 Humongous Allocation) 691M->268M(1024M) 6.397ms
[2020-09-24T04:23:17.260+0000][23404][gc,cpu       ] GC(555) User=0.13s Sys=0.00s Real=0.01s
[2020-09-24T04:23:17.260+0000][23404][gc           ] GC(556) Concurrent Cycle
[2020-09-24T04:23:17.260+0000][23404][gc,marking   ] GC(556) Concurrent Clear Claimed Marks
[2020-09-24T04:23:17.261+0000][23404][safepoint    ] Safepoint "G1TryInitiateConcMark", Time since last: 20931700 ns, Reaching safepoint: 203300 ns, At safepoint: 6927300 ns, Total: 7130600 ns
[2020-09-24T04:23:17.261+0000][23404][gc,marking   ] GC(556) Concurrent Clear Claimed Marks 0.444ms
[2020-09-24T04:23:17.261+0000][23404][gc,marking   ] GC(556) Concurrent Scan Root Regions
[2020-09-24T04:23:17.264+0000][23404][gc,marking   ] GC(556) Concurrent Scan Root Regions 3.683ms
[2020-09-24T04:23:17.265+0000][23404][gc,marking   ] GC(556) Concurrent Mark (2869.639s)
[2020-09-24T04:23:17.265+0000][23404][gc,marking   ] GC(556) Concurrent Mark From Roots
[2020-09-24T04:23:17.265+0000][23404][gc,task      ] GC(556) Using 2 workers of 2 for marking
[2020-09-24T04:23:17.429+0000][23404][gc,marking   ] GC(556) Concurrent Mark From Roots 164.669ms
[2020-09-24T04:23:17.429+0000][23404][gc,marking   ] GC(556) Concurrent Preclean
[2020-09-24T04:23:17.430+0000][23404][gc,marking   ] GC(556) Concurrent Preclean 0.983ms
[2020-09-24T04:23:17.431+0000][23404][gc,marking   ] GC(556) Concurrent Mark (2869.639s, 2869.805s) 165.924ms
[2020-09-24T04:23:17.431+0000][23404][gc,start     ] GC(556) Pause Remark
[2020-09-24T04:23:17.438+0000][23404][gc           ] GC(556) Pause Remark 606M->606M(1024M) 7.551ms
[2020-09-24T04:23:17.439+0000][23404][gc,cpu       ] GC(556) User=0.00s Sys=0.00s Real=0.01s
[2020-09-24T04:23:17.439+0000][23404][safepoint    ] Safepoint "G1Concurrent", Time since last: 170274900 ns, Reaching safepoint: 243500 ns, At safepoint: 8493600 ns, Total: 8737100 ns
[2020-09-24T04:23:17.439+0000][23404][gc,marking   ] GC(556) Concurrent Rebuild Remembered Sets
[2020-09-24T04:23:17.537+0000][23404][gc,marking   ] GC(556) Concurrent Rebuild Remembered Sets 97.755ms
[2020-09-24T04:23:17.538+0000][23404][gc,start     ] GC(556) Pause Cleanup
[2020-09-24T04:23:17.538+0000][23404][gc           ] GC(556) Pause Cleanup 868M->868M(1024M) 0.423ms
[2020-09-24T04:23:17.538+0000][23404][gc,cpu       ] GC(556) User=0.00s Sys=0.00s Real=0.00s
[2020-09-24T04:23:17.538+0000][23404][safepoint    ] Safepoint "G1Concurrent", Time since last: 97990700 ns, Reaching safepoint: 178900 ns, At safepoint: 764600 ns, Total: 943500 ns
[2020-09-24T04:23:17.538+0000][23404][gc,marking   ] GC(556) Concurrent Cleanup for Next Mark
[2020-09-24T04:23:17.540+0000][23404][gc,marking   ] GC(556) Concurrent Cleanup for Next Mark 1.930ms
[2020-09-24T04:23:17.540+0000][23404][gc           ] GC(556) Concurrent Cycle 280.338ms
[2020-09-24T04:23:17.589+0000][23404][gc,start     ] GC(557) Pause Young (Concurrent Start) (G1 Humongous Allocation)
[2020-09-24T04:23:17.589+0000][23404][gc,task      ] GC(557) Using 8 workers of 8 for evacuation
[2020-09-24T04:23:17.590+0000][23404][gc,age       ] GC(557) Desired survivor size 31981568 bytes, new threshold 15 (max threshold 15)
[2020-09-24T04:23:17.594+0000][23404][gc,age       ] GC(557) Age table with threshold 15 (max threshold 15)
[2020-09-24T04:23:17.594+0000][23404][gc,age       ] GC(557) - age   1:    3502400 bytes,    3502400 total
[2020-09-24T04:23:17.595+0000][23404][gc,age       ] GC(557) - age   2:       3016 bytes,    3505416 total
[2020-09-24T04:23:17.595+0000][23404][gc,age       ] GC(557) - age   3:       4632 bytes,    3510048 total
[2020-09-24T04:23:17.595+0000][23404][gc,age       ] GC(557) - age   4:       1680 bytes,    3511728 total
[2020-09-24T04:23:17.595+0000][23404][gc,age       ] GC(557) - age   5:       1272 bytes,    3513000 total
[2020-09-24T04:23:17.595+0000][23404][gc,age       ] GC(557) - age   6:       4616 bytes,    3517616 total
[2020-09-24T04:23:17.595+0000][23404][gc,age       ] GC(557) - age   7:       1712 bytes,    3519328 total
[2020-09-24T04:23:17.595+0000][23404][gc,age       ] GC(557) - age   8:       2776 bytes,    3522104 total
[2020-09-24T04:23:17.595+0000][23404][gc,age       ] GC(557) - age   9:       3992 bytes,    3526096 total
[2020-09-24T04:23:17.595+0000][23404][gc,age       ] GC(557) - age  10:      64760 bytes,    3590856 total
[2020-09-24T04:23:17.595+0000][23404][gc,age       ] GC(557) - age  11:        976 bytes,    3591832 total
[2020-09-24T04:23:17.595+0000][23404][gc,age       ] GC(557) - age  12:       1304 bytes,    3593136 total
[2020-09-24T04:23:17.595+0000][23404][gc,age       ] GC(557) - age  13:      13088 bytes,    3606224 total
[2020-09-24T04:23:17.595+0000][23404][gc,age       ] GC(557) - age  14:        656 bytes,    3606880 total
[2020-09-24T04:23:17.595+0000][23404][gc,age       ] GC(557) - age  15:       1768 bytes,    3608648 total
[2020-09-24T04:23:17.595+0000][23404][gc,phases    ] GC(557)   Pre Evacuate Collection Set: 0.4ms
[2020-09-24T04:23:17.595+0000][23404][gc,phases    ] GC(557)   Merge Heap Roots: 0.1ms
[2020-09-24T04:23:17.595+0000][23404][gc,phases    ] GC(557)   Evacuate Collection Set: 2.2ms
[2020-09-24T04:23:17.595+0000][23404][gc,phases    ] GC(557)   Post Evacuate Collection Set: 1.9ms
[2020-09-24T04:23:17.595+0000][23404][gc,phases    ] GC(557)   Other: 1.3ms
[2020-09-24T04:23:17.595+0000][23404][gc,heap      ] GC(557) Eden regions: 160->0(479)
[2020-09-24T04:23:17.596+0000][23404][gc,heap      ] GC(557) Survivor regions: 9->4(61)
[2020-09-24T04:23:17.596+0000][23404][gc,heap      ] GC(557) Old regions: 86->86
[2020-09-24T04:23:17.596+0000][23404][gc,heap      ] GC(557) Archive regions: 0->0
[2020-09-24T04:23:17.596+0000][23404][gc,heap      ] GC(557) Humongous regions: 636->174
[2020-09-24T04:23:17.596+0000][23404][gc,metaspace ] GC(557) Metaspace: 90103K(96256K)->90103K(96256K) NonClass: 78794K(82432K)->78794K(82432K) Class: 11309K(13824K)->11309K(13824K)
[2020-09-24T04:23:17.596+0000][23404][gc           ] GC(557) Pause Young (Concurrent Start) (G1 Humongous Allocation) 890M->263M(1024M) 6.388ms
[2020-09-24T04:23:17.596+0000][23404][gc,cpu       ] GC(557) User=0.00s Sys=0.00s Real=0.01s
[2020-09-24T04:23:17.596+0000][23404][gc           ] GC(558) Concurrent Cycle
[2020-09-24T04:23:17.596+0000][23404][safepoint    ] Safepoint "G1TryInitiateConcMark", Time since last: 50910900 ns, Reaching safepoint: 152900 ns, At safepoint: 6633800 ns, Total: 6786700 ns
[2020-09-24T04:23:17.596+0000][23404][gc,marking   ] GC(558) Concurrent Clear Claimed Marks
[2020-09-24T04:23:17.597+0000][23404][gc,marking   ] GC(558) Concurrent Clear Claimed Marks 0.582ms
[2020-09-24T04:23:17.597+0000][23404][gc,marking   ] GC(558) Concurrent Scan Root Regions
[2020-09-24T04:23:17.600+0000][23404][gc,marking   ] GC(558) Concurrent Scan Root Regions 3.349ms
[2020-09-24T04:23:17.600+0000][23404][gc,marking   ] GC(558) Concurrent Mark (2869.974s)
[2020-09-24T04:23:17.600+0000][23404][gc,marking   ] GC(558) Concurrent Mark From Roots
[2020-09-24T04:23:17.600+0000][23404][gc,task      ] GC(558) Using 2 workers of 2 for marking
[2020-09-24T04:23:17.757+0000][23404][gc,marking   ] GC(558) Concurrent Mark From Roots 157.113ms
[2020-09-24T04:23:17.757+0000][23404][gc,marking   ] GC(558) Concurrent Preclean
[2020-09-24T04:23:17.758+0000][23404][gc,marking   ] GC(558) Concurrent Preclean 0.505ms
[2020-09-24T04:23:17.758+0000][23404][gc,marking   ] GC(558) Concurrent Mark (2869.974s, 2870.132s) 157.808ms
[2020-09-24T04:23:17.758+0000][23404][gc,start     ] GC(558) Pause Remark
[2020-09-24T04:23:17.765+0000][23404][gc           ] GC(558) Pause Remark 669M->669M(1024M) 7.074ms
[2020-09-24T04:23:17.766+0000][23404][gc,cpu       ] GC(558) User=0.00s Sys=0.00s Real=0.01s
[2020-09-24T04:23:17.766+0000][23404][safepoint    ] Safepoint "G1Concurrent", Time since last: 162120900 ns, Reaching safepoint: 241700 ns, At safepoint: 7377100 ns, Total: 7618800 ns
[2020-09-24T04:23:17.766+0000][23404][gc,marking   ] GC(558) Concurrent Rebuild Remembered Sets
[2020-09-24T04:23:17.860+0000][23404][gc,marking   ] GC(558) Concurrent Rebuild Remembered Sets 94.135ms
[2020-09-24T04:23:17.861+0000][23404][gc,start     ] GC(558) Pause Cleanup
[2020-09-24T04:23:17.861+0000][23404][gc           ] GC(558) Pause Cleanup 688M->688M(1024M) 0.609ms
[2020-09-24T04:23:17.861+0000][23404][gc,cpu       ] GC(558) User=0.00s Sys=0.00s Real=0.00s
[2020-09-24T04:23:17.861+0000][23404][safepoint    ] Safepoint "G1Concurrent", Time since last: 94615400 ns, Reaching safepoint: 222500 ns, At safepoint: 853600 ns, Total: 1076100 ns
[2020-09-24T04:23:17.861+0000][23404][gc,marking   ] GC(558) Concurrent Cleanup for Next Mark
[2020-09-24T04:23:17.864+0000][23404][gc,marking   ] GC(558) Concurrent Cleanup for Next Mark 2.131ms
[2020-09-24T04:23:17.864+0000][23404][gc           ] GC(558) Concurrent Cycle 267.820ms
[2020-09-24T04:23:17.868+0000][23404][gc,start     ] GC(559) Pause Young (Concurrent Start) (G1 Humongous Allocation)
[2020-09-24T04:23:17.868+0000][23404][gc,task      ] GC(559) Using 8 workers of 8 for evacuation
[2020-09-24T04:23:17.868+0000][23404][gc,age       ] GC(559) Desired survivor size 31981568 bytes, new threshold 15 (max threshold 15)
[2020-09-24T04:23:17.872+0000][23404][gc,age       ] GC(559) Age table with threshold 15 (max threshold 15)
[2020-09-24T04:23:17.872+0000][23404][gc,age       ] GC(559) - age   1:    2601672 bytes,    2601672 total
[2020-09-24T04:23:17.872+0000][23404][gc,age       ] GC(559) - age   2:       3248 bytes,    2604920 total
[2020-09-24T04:23:17.872+0000][23404][gc,age       ] GC(559) - age   3:       2680 bytes,    2607600 total
[2020-09-24T04:23:17.872+0000][23404][gc,age       ] GC(559) - age   4:       3040 bytes,    2610640 total
[2020-09-24T04:23:17.872+0000][23404][gc,age       ] GC(559) - age   5:       1456 bytes,    2612096 total
[2020-09-24T04:23:17.872+0000][23404][gc,age       ] GC(559) - age   6:       1272 bytes,    2613368 total
[2020-09-24T04:23:17.872+0000][23404][gc,age       ] GC(559) - age   7:       4616 bytes,    2617984 total
[2020-09-24T04:23:17.872+0000][23404][gc,age       ] GC(559) - age   8:       1584 bytes,    2619568 total
[2020-09-24T04:23:17.872+0000][23404][gc,age       ] GC(559) - age   9:       2616 bytes,    2622184 total
[2020-09-24T04:23:17.872+0000][23404][gc,age       ] GC(559) - age  10:       3928 bytes,    2626112 total
[2020-09-24T04:23:17.872+0000][23404][gc,age       ] GC(559) - age  11:      64760 bytes,    2690872 total
[2020-09-24T04:23:17.872+0000][23404][gc,age       ] GC(559) - age  12:        976 bytes,    2691848 total
[2020-09-24T04:23:17.872+0000][23404][gc,age       ] GC(559) - age  13:       1304 bytes,    2693152 total
[2020-09-24T04:23:17.872+0000][23404][gc,age       ] GC(559) - age  14:      13032 bytes,    2706184 total
[2020-09-24T04:23:17.872+0000][23404][gc,age       ] GC(559) - age  15:        656 bytes,    2706840 total
[2020-09-24T04:23:17.872+0000][23404][gc,phases    ] GC(559)   Pre Evacuate Collection Set: 0.4ms
[2020-09-24T04:23:17.872+0000][23404][gc,phases    ] GC(559)   Merge Heap Roots: 0.1ms
[2020-09-24T04:23:17.872+0000][23404][gc,phases    ] GC(559)   Evacuate Collection Set: 2.2ms
[2020-09-24T04:23:17.872+0000][23404][gc,phases    ] GC(559)   Post Evacuate Collection Set: 1.0ms
[2020-09-24T04:23:17.873+0000][23404][gc,phases    ] GC(559)   Other: 0.8ms
[2020-09-24T04:23:17.873+0000][23404][gc,heap      ] GC(559) Eden regions: 119->0(483)
[2020-09-24T04:23:17.873+0000][23404][gc,heap      ] GC(559) Survivor regions: 4->4(61)
[2020-09-24T04:23:17.873+0000][23404][gc,heap      ] GC(559) Old regions: 86->86
[2020-09-24T04:23:17.873+0000][23404][gc,heap      ] GC(559) Archive regions: 0->0
[2020-09-24T04:23:17.873+0000][23404][gc,heap      ] GC(559) Humongous regions: 482->174
[2020-09-24T04:23:17.873+0000][23404][gc,metaspace ] GC(559) Metaspace: 90103K(96256K)->90103K(96256K) NonClass: 78794K(82432K)->78794K(82432K) Class: 11309K(13824K)->11309K(13824K)
[2020-09-24T04:23:17.873+0000][23404][gc           ] GC(559) Pause Young (Concurrent Start) (G1 Humongous Allocation) 689M->262M(1024M) 4.902ms
[2020-09-24T04:23:17.873+0000][23404][gc,cpu       ] GC(559) User=0.00s Sys=0.00s Real=0.00s
[2020-09-24T04:23:17.873+0000][23404][safepoint    ] Safepoint "G1TryInitiateConcMark", Time since last: 6253100 ns, Reaching safepoint: 174800 ns, At safepoint: 5055800 ns, Total: 5230600 ns
[2020-09-24T04:23:17.873+0000][23404][gc           ] GC(560) Concurrent Cycle
[2020-09-24T04:23:17.873+0000][23404][gc,marking   ] GC(560) Concurrent Clear Claimed Marks
[2020-09-24T04:23:17.873+0000][23404][gc,marking   ] GC(560) Concurrent Clear Claimed Marks 0.403ms
[2020-09-24T04:23:17.873+0000][23404][gc,marking   ] GC(560) Concurrent Scan Root Regions
[2020-09-24T04:23:17.876+0000][23404][gc,marking   ] GC(560) Concurrent Scan Root Regions 2.276ms
[2020-09-24T04:23:17.876+0000][23404][gc,marking   ] GC(560) Concurrent Mark (2870.250s)
[2020-09-24T04:23:17.876+0000][23404][gc,marking   ] GC(560) Concurrent Mark From Roots
[2020-09-24T04:23:17.876+0000][23404][gc,task      ] GC(560) Using 2 workers of 2 for marking
[2020-09-24T04:23:18.023+0000][23404][gc,marking   ] GC(560) Concurrent Mark From Roots 146.965ms
[2020-09-24T04:23:18.023+0000][23404][gc,marking   ] GC(560) Concurrent Preclean
[2020-09-24T04:23:18.023+0000][23404][gc,marking   ] GC(560) Concurrent Preclean 0.446ms
[2020-09-24T04:23:18.023+0000][23404][gc,marking   ] GC(560) Concurrent Mark (2870.250s, 2870.398s) 147.578ms
[2020-09-24T04:23:18.024+0000][23404][gc,start     ] GC(560) Pause Remark
[2020-09-24T04:23:18.030+0000][23404][gc           ] GC(560) Pause Remark 446M->446M(1024M) 6.480ms
[2020-09-24T04:23:18.030+0000][23404][gc,cpu       ] GC(560) User=0.00s Sys=0.00s Real=0.01s
[2020-09-24T04:23:18.030+0000][23404][safepoint    ] Safepoint "G1Concurrent", Time since last: 150674600 ns, Reaching safepoint: 158500 ns, At safepoint: 6740700 ns, Total: 6899200 ns
[2020-09-24T04:23:18.031+0000][23404][gc,marking   ] GC(560) Concurrent Rebuild Remembered Sets
[2020-09-24T04:23:18.112+0000][23404][gc,marking   ] GC(560) Concurrent Rebuild Remembered Sets 80.983ms
[2020-09-24T04:23:18.112+0000][23404][gc,start     ] GC(560) Pause Cleanup
[2020-09-24T04:23:18.113+0000][23404][gc           ] GC(560) Pause Cleanup 707M->707M(1024M) 0.644ms
[2020-09-24T04:23:18.113+0000][23404][gc,cpu       ] GC(560) User=0.00s Sys=0.00s Real=0.00s
[2020-09-24T04:23:18.113+0000][23404][safepoint    ] Safepoint "G1Concurrent", Time since last: 81435300 ns, Reaching safepoint: 270100 ns, At safepoint: 1066200 ns, Total: 1336300 ns
[2020-09-24T04:23:18.113+0000][23404][gc,marking   ] GC(560) Concurrent Cleanup for Next Mark
[2020-09-24T04:23:18.117+0000][23404][gc,marking   ] GC(560) Concurrent Cleanup for Next Mark 3.365ms
[2020-09-24T04:23:18.117+0000][23404][gc           ] GC(560) Concurrent Cycle 244.071ms
[2020-09-24T04:23:18.139+0000][23404][gc,start     ] GC(561) Pause Young (Concurrent Start) (G1 Humongous Allocation)
[2020-09-24T04:23:18.139+0000][23404][gc,task      ] GC(561) Using 8 workers of 8 for evacuation
[2020-09-24T04:23:18.139+0000][23404][gc,age       ] GC(561) Desired survivor size 31981568 bytes, new threshold 15 (max threshold 15)
[2020-09-24T04:23:18.144+0000][23404][gc,age       ] GC(561) Age table with threshold 15 (max threshold 15)
[2020-09-24T04:23:18.144+0000][23404][gc,age       ] GC(561) - age   1:    2839464 bytes,    2839464 total
[2020-09-24T04:23:18.144+0000][23404][gc,age       ] GC(561) - age   2:      14952 bytes,    2854416 total
[2020-09-24T04:23:18.144+0000][23404][gc,age       ] GC(561) - age   3:       3024 bytes,    2857440 total
[2020-09-24T04:23:18.144+0000][23404][gc,age       ] GC(561) - age   4:       2320 bytes,    2859760 total
[2020-09-24T04:23:18.144+0000][23404][gc,age       ] GC(561) - age   5:       2688 bytes,    2862448 total
[2020-09-24T04:23:18.144+0000][23404][gc,age       ] GC(561) - age   6:       1200 bytes,    2863648 total
[2020-09-24T04:23:18.144+0000][23404][gc,age       ] GC(561) - age   7:       1176 bytes,    2864824 total
[2020-09-24T04:23:18.144+0000][23404][gc,age       ] GC(561) - age   8:       4616 bytes,    2869440 total
[2020-09-24T04:23:18.144+0000][23404][gc,age       ] GC(561) - age   9:       1584 bytes,    2871024 total
[2020-09-24T04:23:18.144+0000][23404][gc,age       ] GC(561) - age  10:       2520 bytes,    2873544 total
[2020-09-24T04:23:18.144+0000][23404][gc,age       ] GC(561) - age  11:       3864 bytes,    2877408 total
[2020-09-24T04:23:18.144+0000][23404][gc,age       ] GC(561) - age  12:      64696 bytes,    2942104 total
[2020-09-24T04:23:18.144+0000][23404][gc,age       ] GC(561) - age  13:        912 bytes,    2943016 total
[2020-09-24T04:23:18.144+0000][23404][gc,age       ] GC(561) - age  14:       1304 bytes,    2944320 total
[2020-09-24T04:23:18.144+0000][23404][gc,age       ] GC(561) - age  15:      12968 bytes,    2957288 total
[2020-09-24T04:23:18.144+0000][23404][gc,phases    ] GC(561)   Pre Evacuate Collection Set: 0.4ms
[2020-09-24T04:23:18.144+0000][23404][gc,phases    ] GC(561)   Merge Heap Roots: 0.1ms
[2020-09-24T04:23:18.144+0000][23404][gc,phases    ] GC(561)   Evacuate Collection Set: 2.2ms
[2020-09-24T04:23:18.144+0000][23404][gc,phases    ] GC(561)   Post Evacuate Collection Set: 1.2ms
[2020-09-24T04:23:18.145+0000][23404][gc,phases    ] GC(561)   Other: 1.1ms
[2020-09-24T04:23:18.145+0000][23404][gc,heap      ] GC(561) Eden regions: 121->0(486)
[2020-09-24T04:23:18.145+0000][23404][gc,heap      ] GC(561) Survivor regions: 4->3(61)
[2020-09-24T04:23:18.145+0000][23404][gc,heap      ] GC(561) Old regions: 86->86
[2020-09-24T04:23:18.145+0000][23404][gc,heap      ] GC(561) Archive regions: 0->0
[2020-09-24T04:23:18.145+0000][23404][gc,heap      ] GC(561) Humongous regions: 520->174
[2020-09-24T04:23:18.145+0000][23404][gc,metaspace ] GC(561) Metaspace: 90105K(96256K)->90105K(96256K) NonClass: 78795K(82432K)->78795K(82432K) Class: 11309K(13824K)->11309K(13824K)
[2020-09-24T04:23:18.145+0000][23404][gc           ] GC(561) Pause Young (Concurrent Start) (G1 Humongous Allocation) 728M->262M(1024M) 5.476ms
[2020-09-24T04:23:18.145+0000][23404][gc,cpu       ] GC(561) User=0.00s Sys=0.00s Real=0.01s
[2020-09-24T04:23:18.145+0000][23404][gc           ] GC(562) Concurrent Cycle
[2020-09-24T04:23:18.145+0000][23404][safepoint    ] Safepoint "G1TryInitiateConcMark", Time since last: 25962600 ns, Reaching safepoint: 166600 ns, At safepoint: 5714900 ns, Total: 5881500 ns
[2020-09-24T04:23:18.145+0000][23404][gc,marking   ] GC(562) Concurrent Clear Claimed Marks
[2020-09-24T04:23:18.146+0000][23404][gc,marking   ] GC(562) Concurrent Clear Claimed Marks 0.617ms
[2020-09-24T04:23:18.146+0000][23404][gc,marking   ] GC(562) Concurrent Scan Root Regions
[2020-09-24T04:23:18.148+0000][23404][gc,marking   ] GC(562) Concurrent Scan Root Regions 2.625ms
[2020-09-24T04:23:18.148+0000][23404][gc,marking   ] GC(562) Concurrent Mark (2870.523s)
[2020-09-24T04:23:18.148+0000][23404][gc,marking   ] GC(562) Concurrent Mark From Roots
[2020-09-24T04:23:18.149+0000][23404][gc,task      ] GC(562) Using 2 workers of 2 for marking
[2020-09-24T04:23:18.294+0000][23404][gc,marking   ] GC(562) Concurrent Mark From Roots 145.559ms
[2020-09-24T04:23:18.294+0000][23404][gc,marking   ] GC(562) Concurrent Preclean
[2020-09-24T04:23:18.295+0000][23404][gc,marking   ] GC(562) Concurrent Preclean 0.601ms
[2020-09-24T04:23:18.295+0000][23404][gc,marking   ] GC(562) Concurrent Mark (2870.523s, 2870.669s) 146.359ms
[2020-09-24T04:23:18.295+0000][23404][gc,start     ] GC(562) Pause Remark
[2020-09-24T04:23:18.304+0000][23404][gc           ] GC(562) Pause Remark 409M->409M(1024M) 8.851ms
[2020-09-24T04:23:18.304+0000][23404][gc,cpu       ] GC(562) User=0.09s Sys=0.00s Real=0.01s
[2020-09-24T04:23:18.304+0000][23404][safepoint    ] Safepoint "G1Concurrent", Time since last: 149910600 ns, Reaching safepoint: 174300 ns, At safepoint: 9189300 ns, Total: 9363600 ns
[2020-09-24T04:23:18.304+0000][23404][gc,marking   ] GC(562) Concurrent Rebuild Remembered Sets
[2020-09-24T04:23:18.415+0000][23404][gc,marking   ] GC(562) Concurrent Rebuild Remembered Sets 110.895ms
[2020-09-24T04:23:18.416+0000][23404][gc,start     ] GC(562) Pause Cleanup
[2020-09-24T04:23:18.416+0000][23404][gc           ] GC(562) Pause Cleanup 480M->480M(1024M) 0.377ms
[2020-09-24T04:23:18.416+0000][23404][gc,cpu       ] GC(562) User=0.00s Sys=0.00s Real=0.00s
[2020-09-24T04:23:18.416+0000][23404][safepoint    ] Safepoint "G1Concurrent", Time since last: 111125900 ns, Reaching safepoint: 188500 ns, At safepoint: 573100 ns, Total: 761600 ns
[2020-09-24T04:23:18.416+0000][23404][gc,marking   ] GC(562) Concurrent Cleanup for Next Mark
[2020-09-24T04:23:18.418+0000][23404][gc,marking   ] GC(562) Concurrent Cleanup for Next Mark 2.122ms
[2020-09-24T04:23:18.418+0000][23404][gc           ] GC(562) Concurrent Cycle 273.541ms
[2020-09-24T04:23:18.460+0000][23404][gc,start     ] GC(563) Pause Young (Concurrent Start) (G1 Humongous Allocation)
[2020-09-24T04:23:18.460+0000][23404][gc,task      ] GC(563) Using 8 workers of 8 for evacuation
[2020-09-24T04:23:18.460+0000][23404][gc,age       ] GC(563) Desired survivor size 32505856 bytes, new threshold 15 (max threshold 15)
[2020-09-24T04:23:18.465+0000][23404][gc,age       ] GC(563) Age table with threshold 15 (max threshold 15)
[2020-09-24T04:23:18.465+0000][23404][gc,age       ] GC(563) - age   1:    3904720 bytes,    3904720 total
[2020-09-24T04:23:18.465+0000][23404][gc,age       ] GC(563) - age   2:       8072 bytes,    3912792 total
[2020-09-24T04:23:18.465+0000][23404][gc,age       ] GC(563) - age   3:       7672 bytes,    3920464 total
[2020-09-24T04:23:18.465+0000][23404][gc,age       ] GC(563) - age   4:       2712 bytes,    3923176 total
[2020-09-24T04:23:18.465+0000][23404][gc,age       ] GC(563) - age   5:       1840 bytes,    3925016 total
[2020-09-24T04:23:18.465+0000][23404][gc,age       ] GC(563) - age   6:       2656 bytes,    3927672 total
[2020-09-24T04:23:18.465+0000][23404][gc,age       ] GC(563) - age   7:       1008 bytes,    3928680 total
[2020-09-24T04:23:18.465+0000][23404][gc,age       ] GC(563) - age   8:       1080 bytes,    3929760 total
[2020-09-24T04:23:18.465+0000][23404][gc,age       ] GC(563) - age   9:       4616 bytes,    3934376 total
[2020-09-24T04:23:18.465+0000][23404][gc,age       ] GC(563) - age  10:       1584 bytes,    3935960 total
[2020-09-24T04:23:18.465+0000][23404][gc,age       ] GC(563) - age  11:       2520 bytes,    3938480 total
[2020-09-24T04:23:18.465+0000][23404][gc,age       ] GC(563) - age  12:       3800 bytes,    3942280 total
[2020-09-24T04:23:18.465+0000][23404][gc,age       ] GC(563) - age  13:      64696 bytes,    4006976 total
[2020-09-24T04:23:18.465+0000][23404][gc,age       ] GC(563) - age  14:        912 bytes,    4007888 total
[2020-09-24T04:23:18.465+0000][23404][gc,age       ] GC(563) - age  15:       1304 bytes,    4009192 total
[2020-09-24T04:23:18.465+0000][23404][gc,phases    ] GC(563)   Pre Evacuate Collection Set: 0.6ms
[2020-09-24T04:23:18.465+0000][23404][gc,phases    ] GC(563)   Merge Heap Roots: 0.1ms
[2020-09-24T04:23:18.465+0000][23404][gc,phases    ] GC(563)   Evacuate Collection Set: 2.8ms
[2020-09-24T04:23:18.465+0000][23404][gc,phases    ] GC(563)   Post Evacuate Collection Set: 1.0ms
[2020-09-24T04:23:18.466+0000][23404][gc,phases    ] GC(563)   Other: 1.2ms
[2020-09-24T04:23:18.466+0000][23404][gc,heap      ] GC(563) Eden regions: 71->0(486)
[2020-09-24T04:23:18.466+0000][23404][gc,heap      ] GC(563) Survivor regions: 3->4(62)
[2020-09-24T04:23:18.466+0000][23404][gc,heap      ] GC(563) Old regions: 86->86
[2020-09-24T04:23:18.466+0000][23404][gc,heap      ] GC(563) Archive regions: 0->0
[2020-09-24T04:23:18.466+0000][23404][gc,heap      ] GC(563) Humongous regions: 330->174
[2020-09-24T04:23:18.466+0000][23404][gc,metaspace ] GC(563) Metaspace: 90105K(96256K)->90105K(96256K) NonClass: 78795K(82432K)->78795K(82432K) Class: 11309K(13824K)->11309K(13824K)
[2020-09-24T04:23:18.466+0000][23404][gc           ] GC(563) Pause Young (Concurrent Start) (G1 Humongous Allocation) 489M->263M(1024M) 6.221ms
[2020-09-24T04:23:18.466+0000][23404][gc,cpu       ] GC(563) User=0.00s Sys=0.00s Real=0.01s
[2020-09-24T04:23:18.466+0000][23404][safepoint    ] Safepoint "G1TryInitiateConcMark", Time since last: 43219200 ns, Reaching safepoint: 233800 ns, At safepoint: 6440200 ns, Total: 6674000 ns
[2020-09-24T04:23:18.466+0000][23404][gc           ] GC(564) Concurrent Cycle
[2020-09-24T04:23:18.466+0000][23404][gc,marking   ] GC(564) Concurrent Clear Claimed Marks
[2020-09-24T04:23:18.467+0000][23404][gc,marking   ] GC(564) Concurrent Clear Claimed Marks 0.581ms
[2020-09-24T04:23:18.467+0000][23404][gc,marking   ] GC(564) Concurrent Scan Root Regions
[2020-09-24T04:23:18.469+0000][23404][gc,marking   ] GC(564) Concurrent Scan Root Regions 2.602ms
[2020-09-24T04:23:18.470+0000][23404][gc,marking   ] GC(564) Concurrent Mark (2870.844s)
[2020-09-24T04:23:18.470+0000][23404][gc,marking   ] GC(564) Concurrent Mark From Roots
[2020-09-24T04:23:18.470+0000][23404][gc,task      ] GC(564) Using 2 workers of 2 for marking
[2020-09-24T04:23:18.628+0000][23404][gc,marking   ] GC(564) Concurrent Mark From Roots 158.306ms
[2020-09-24T04:23:18.628+0000][23404][gc,marking   ] GC(564) Concurrent Preclean
[2020-09-24T04:23:18.629+0000][23404][gc,marking   ] GC(564) Concurrent Preclean 0.737ms
[2020-09-24T04:23:18.629+0000][23404][gc,marking   ] GC(564) Concurrent Mark (2870.844s, 2871.003s) 159.257ms
[2020-09-24T04:23:18.629+0000][23404][gc,start     ] GC(564) Pause Remark
[2020-09-24T04:23:18.637+0000][23404][gc           ] GC(564) Pause Remark 458M->458M(1024M) 8.187ms
[2020-09-24T04:23:18.637+0000][23404][gc,cpu       ] GC(564) User=0.08s Sys=0.00s Real=0.01s
[2020-09-24T04:23:18.638+0000][23404][safepoint    ] Safepoint "G1Concurrent", Time since last: 162866500 ns, Reaching safepoint: 211200 ns, At safepoint: 8487700 ns, Total: 8698900 ns
[2020-09-24T04:23:18.638+0000][23404][gc,marking   ] GC(564) Concurrent Rebuild Remembered Sets
[2020-09-24T04:23:18.732+0000][23404][gc,marking   ] GC(564) Concurrent Rebuild Remembered Sets 94.571ms
[2020-09-24T04:23:18.732+0000][23404][gc,start     ] GC(564) Pause Cleanup
[2020-09-24T04:23:18.733+0000][23404][gc           ] GC(564) Pause Cleanup 475M->475M(1024M) 0.435ms
[2020-09-24T04:23:18.733+0000][23404][gc,cpu       ] GC(564) User=0.00s Sys=0.00s Real=0.00s
[2020-09-24T04:23:18.733+0000][23404][safepoint    ] Safepoint "G1Concurrent", Time since last: 94798800 ns, Reaching safepoint: 165300 ns, At safepoint: 643700 ns, Total: 809000 ns
[2020-09-24T04:23:18.733+0000][23404][gc,marking   ] GC(564) Concurrent Cleanup for Next Mark
[2020-09-24T04:23:18.735+0000][23404][gc,marking   ] GC(564) Concurrent Cleanup for Next Mark 2.182ms
[2020-09-24T04:23:18.735+0000][23404][gc           ] GC(564) Concurrent Cycle 269.572ms
[2020-09-24T04:23:18.744+0000][23404][gc,start     ] GC(565) Pause Young (Concurrent Start) (G1 Humongous Allocation)
[2020-09-24T04:23:18.744+0000][23404][gc,task      ] GC(565) Using 8 workers of 8 for evacuation
[2020-09-24T04:23:18.744+0000][23404][gc,age       ] GC(565) Desired survivor size 32505856 bytes, new threshold 15 (max threshold 15)
[2020-09-24T04:23:18.748+0000][23404][gc,age       ] GC(565) Age table with threshold 15 (max threshold 15)
[2020-09-24T04:23:18.748+0000][23404][gc,age       ] GC(565) - age   1:    2656352 bytes,    2656352 total
[2020-09-24T04:23:18.748+0000][23404][gc,age       ] GC(565) - age   2:       4072 bytes,    2660424 total
[2020-09-24T04:23:18.748+0000][23404][gc,age       ] GC(565) - age   3:       1824 bytes,    2662248 total
[2020-09-24T04:23:18.748+0000][23404][gc,age       ] GC(565) - age   4:       5760 bytes,    2668008 total
[2020-09-24T04:23:18.749+0000][23404][gc,age       ] GC(565) - age   5:       2408 bytes,    2670416 total
[2020-09-24T04:23:18.749+0000][23404][gc,age       ] GC(565) - age   6:       1680 bytes,    2672096 total
[2020-09-24T04:23:18.749+0000][23404][gc,age       ] GC(565) - age   7:       2656 bytes,    2674752 total
[2020-09-24T04:23:18.749+0000][23404][gc,age       ] GC(565) - age   8:        496 bytes,    2675248 total
[2020-09-24T04:23:18.749+0000][23404][gc,age       ] GC(565) - age   9:        952 bytes,    2676200 total
[2020-09-24T04:23:18.749+0000][23404][gc,age       ] GC(565) - age  10:       4616 bytes,    2680816 total
[2020-09-24T04:23:18.749+0000][23404][gc,age       ] GC(565) - age  11:       1584 bytes,    2682400 total
[2020-09-24T04:23:18.749+0000][23404][gc,age       ] GC(565) - age  12:       2456 bytes,    2684856 total
[2020-09-24T04:23:18.749+0000][23404][gc,age       ] GC(565) - age  13:       3784 bytes,    2688640 total
[2020-09-24T04:23:18.749+0000][23404][gc,age       ] GC(565) - age  14:      64696 bytes,    2753336 total
[2020-09-24T04:23:18.749+0000][23404][gc,age       ] GC(565) - age  15:        848 bytes,    2754184 total
[2020-09-24T04:23:18.749+0000][23404][gc,phases    ] GC(565)   Pre Evacuate Collection Set: 0.6ms
[2020-09-24T04:23:18.749+0000][23404][gc,phases    ] GC(565)   Merge Heap Roots: 0.1ms
[2020-09-24T04:23:18.749+0000][23404][gc,phases    ] GC(565)   Evacuate Collection Set: 2.4ms
[2020-09-24T04:23:18.749+0000][23404][gc,phases    ] GC(565)   Post Evacuate Collection Set: 0.8ms
[2020-09-24T04:23:18.749+0000][23404][gc,phases    ] GC(565)   Other: 0.9ms
[2020-09-24T04:23:18.749+0000][23404][gc,heap      ] GC(565) Eden regions: 66->0(489)
[2020-09-24T04:23:18.749+0000][23404][gc,heap      ] GC(565) Survivor regions: 4->3(62)
[2020-09-24T04:23:18.749+0000][23404][gc,heap      ] GC(565) Old regions: 86->86
[2020-09-24T04:23:18.749+0000][23404][gc,heap      ] GC(565) Archive regions: 0->0
[2020-09-24T04:23:18.749+0000][23404][gc,heap      ] GC(565) Humongous regions: 326->174
[2020-09-24T04:23:18.749+0000][23404][gc,metaspace ] GC(565) Metaspace: 90106K(96256K)->90106K(96256K) NonClass: 78796K(82432K)->78796K(82432K) Class: 11309K(13824K)->11309K(13824K)
[2020-09-24T04:23:18.749+0000][23404][gc           ] GC(565) Pause Young (Concurrent Start) (G1 Humongous Allocation) 480M->261M(1024M) 5.281ms
[2020-09-24T04:23:18.749+0000][23404][gc,cpu       ] GC(565) User=0.00s Sys=0.00s Real=0.01s
[2020-09-24T04:23:18.750+0000][23404][gc           ] GC(566) Concurrent Cycle
[2020-09-24T04:23:18.750+0000][23404][safepoint    ] Safepoint "G1TryInitiateConcMark", Time since last: 10705900 ns, Reaching safepoint: 258500 ns, At safepoint: 5540500 ns, Total: 5799000 ns
[2020-09-24T04:23:18.750+0000][23404][gc,marking   ] GC(566) Concurrent Clear Claimed Marks
[2020-09-24T04:23:18.750+0000][23404][gc,marking   ] GC(566) Concurrent Clear Claimed Marks 0.532ms
[2020-09-24T04:23:18.750+0000][23404][gc,marking   ] GC(566) Concurrent Scan Root Regions
[2020-09-24T04:23:18.752+0000][23404][gc,marking   ] GC(566) Concurrent Scan Root Regions 1.865ms
[2020-09-24T04:23:18.752+0000][23404][gc,marking   ] GC(566) Concurrent Mark (2871.127s)
[2020-09-24T04:23:18.752+0000][23404][gc,marking   ] GC(566) Concurrent Mark From Roots
[2020-09-24T04:23:18.752+0000][23404][gc,task      ] GC(566) Using 2 workers of 2 for marking
[2020-09-24T04:23:18.891+0000][23404][gc,marking   ] GC(566) Concurrent Mark From Roots 138.353ms
[2020-09-24T04:23:18.891+0000][23404][gc,marking   ] GC(566) Concurrent Preclean
[2020-09-24T04:23:18.891+0000][23404][gc,marking   ] GC(566) Concurrent Preclean 0.514ms
[2020-09-24T04:23:18.891+0000][23404][gc,marking   ] GC(566) Concurrent Mark (2871.127s, 2871.266s) 139.036ms
[2020-09-24T04:23:18.892+0000][23404][gc,start     ] GC(566) Pause Remark
[2020-09-24T04:23:18.899+0000][23404][gc           ] GC(566) Pause Remark 393M->393M(1024M) 7.248ms
[2020-09-24T04:23:18.899+0000][23404][gc,cpu       ] GC(566) User=0.13s Sys=0.00s Real=0.01s
[2020-09-24T04:23:18.899+0000][23404][safepoint    ] Safepoint "G1Concurrent", Time since last: 141837900 ns, Reaching safepoint: 230400 ns, At safepoint: 7541900 ns, Total: 7772300 ns
[2020-09-24T04:23:18.899+0000][23404][gc,marking   ] GC(566) Concurrent Rebuild Remembered Sets
[2020-09-24T04:23:18.995+0000][23404][gc,marking   ] GC(566) Concurrent Rebuild Remembered Sets 95.697ms
[2020-09-24T04:23:18.999+0000][23404][gc,start     ] GC(566) Pause Cleanup
[2020-09-24T04:23:18.999+0000][23404][gc           ] GC(566) Pause Cleanup 667M->667M(1024M) 0.451ms
[2020-09-24T04:23:18.999+0000][23404][gc,cpu       ] GC(566) User=0.00s Sys=0.00s Real=0.00s
[2020-09-24T04:23:19.000+0000][23404][safepoint    ] Safepoint "G1Concurrent", Time since last: 96186700 ns, Reaching safepoint: 3359700 ns, At safepoint: 989800 ns, Total: 4349500 ns
[2020-09-24T04:23:19.000+0000][23404][gc,marking   ] GC(566) Concurrent Cleanup for Next Mark
[2020-09-24T04:23:19.002+0000][23404][gc,marking   ] GC(566) Concurrent Cleanup for Next Mark 1.825ms
[2020-09-24T04:23:19.002+0000][23404][gc           ] GC(566) Concurrent Cycle 252.246ms
[2020-09-24T04:23:19.025+0000][23404][gc,start     ] GC(567) Pause Young (Concurrent Start) (G1 Humongous Allocation)
[2020-09-24T04:23:19.025+0000][23404][gc,task      ] GC(567) Using 8 workers of 8 for evacuation
[2020-09-24T04:23:19.025+0000][23404][gc,age       ] GC(567) Desired survivor size 32505856 bytes, new threshold 15 (max threshold 15)
[2020-09-24T04:23:19.030+0000][23404][gc,age       ] GC(567) Age table with threshold 15 (max threshold 15)
[2020-09-24T04:23:19.030+0000][23404][gc,age       ] GC(567) - age   1:    3483208 bytes,    3483208 total
[2020-09-24T04:23:19.030+0000][23404][gc,age       ] GC(567) - age   2:      63768 bytes,    3546976 total
[2020-09-24T04:23:19.030+0000][23404][gc,age       ] GC(567) - age   3:       2792 bytes,    3549768 total
[2020-09-24T04:23:19.030+0000][23404][gc,age       ] GC(567) - age   4:       1472 bytes,    3551240 total
[2020-09-24T04:23:19.030+0000][23404][gc,age       ] GC(567) - age   5:       5600 bytes,    3556840 total
[2020-09-24T04:23:19.030+0000][23404][gc,age       ] GC(567) - age   6:       2408 bytes,    3559248 total
[2020-09-24T04:23:19.030+0000][23404][gc,age       ] GC(567) - age   7:       1680 bytes,    3560928 total
[2020-09-24T04:23:19.030+0000][23404][gc,age       ] GC(567) - age   8:       2656 bytes,    3563584 total
[2020-09-24T04:23:19.030+0000][23404][gc,age       ] GC(567) - age   9:        400 bytes,    3563984 total
[2020-09-24T04:23:19.030+0000][23404][gc,age       ] GC(567) - age  10:        792 bytes,    3564776 total
[2020-09-24T04:23:19.030+0000][23404][gc,age       ] GC(567) - age  11:       4616 bytes,    3569392 total
[2020-09-24T04:23:19.030+0000][23404][gc,age       ] GC(567) - age  12:       1488 bytes,    3570880 total
[2020-09-24T04:23:19.031+0000][23404][gc,age       ] GC(567) - age  13:       2456 bytes,    3573336 total
[2020-09-24T04:23:19.031+0000][23404][gc,age       ] GC(567) - age  14:       3752 bytes,    3577088 total
[2020-09-24T04:23:19.031+0000][23404][gc,age       ] GC(567) - age  15:      64696 bytes,    3641784 total
[2020-09-24T04:23:19.031+0000][23404][gc,phases    ] GC(567)   Pre Evacuate Collection Set: 0.6ms
[2020-09-24T04:23:19.031+0000][23404][gc,phases    ] GC(567)   Merge Heap Roots: 0.1ms
[2020-09-24T04:23:19.031+0000][23404][gc,phases    ] GC(567)   Evacuate Collection Set: 2.9ms
[2020-09-24T04:23:19.031+0000][23404][gc,phases    ] GC(567)   Post Evacuate Collection Set: 1.2ms
[2020-09-24T04:23:19.031+0000][23404][gc,phases    ] GC(567)   Other: 1.2ms
[2020-09-24T04:23:19.031+0000][23404][gc,heap      ] GC(567) Eden regions: 113->0(488)
[2020-09-24T04:23:19.031+0000][23404][gc,heap      ] GC(567) Survivor regions: 3->4(62)
[2020-09-24T04:23:19.031+0000][23404][gc,heap      ] GC(567) Old regions: 86->86
[2020-09-24T04:23:19.031+0000][23404][gc,heap      ] GC(567) Archive regions: 0->0
[2020-09-24T04:23:19.031+0000][23404][gc,heap      ] GC(567) Humongous regions: 474->174
[2020-09-24T04:23:19.031+0000][23404][gc,metaspace ] GC(567) Metaspace: 90106K(96256K)->90106K(96256K) NonClass: 78796K(82432K)->78796K(82432K) Class: 11309K(13824K)->11309K(13824K)
[2020-09-24T04:23:19.031+0000][23404][gc           ] GC(567) Pause Young (Concurrent Start) (G1 Humongous Allocation) 674M->262M(1024M) 6.533ms
[2020-09-24T04:23:19.031+0000][23404][gc,cpu       ] GC(567) User=0.00s Sys=0.00s Real=0.01s
[2020-09-24T04:23:19.031+0000][23404][gc           ] GC(568) Concurrent Cycle
[2020-09-24T04:23:19.031+0000][23404][safepoint    ] Safepoint "G1TryInitiateConcMark", Time since last: 24712400 ns, Reaching safepoint: 272500 ns, At safepoint: 6805500 ns, Total: 7078000 ns
[2020-09-24T04:23:19.032+0000][23404][gc,marking   ] GC(568) Concurrent Clear Claimed Marks
[2020-09-24T04:23:19.032+0000][23404][gc,marking   ] GC(568) Concurrent Clear Claimed Marks 0.598ms
[2020-09-24T04:23:19.032+0000][23404][gc,marking   ] GC(568) Concurrent Scan Root Regions
[2020-09-24T04:23:19.035+0000][23404][gc,marking   ] GC(568) Concurrent Scan Root Regions 3.037ms
[2020-09-24T04:23:19.035+0000][23404][gc,marking   ] GC(568) Concurrent Mark (2871.410s)
[2020-09-24T04:23:19.035+0000][23404][gc,marking   ] GC(568) Concurrent Mark From Roots
[2020-09-24T04:23:19.036+0000][23404][gc,task      ] GC(568) Using 2 workers of 2 for marking
[2020-09-24T04:23:19.191+0000][23404][gc,marking   ] GC(568) Concurrent Mark From Roots 155.303ms
[2020-09-24T04:23:19.191+0000][23404][gc,marking   ] GC(568) Concurrent Preclean
[2020-09-24T04:23:19.191+0000][23404][gc,marking   ] GC(568) Concurrent Preclean 0.563ms
[2020-09-24T04:23:19.192+0000][23404][gc,marking   ] GC(568) Concurrent Mark (2871.410s, 2871.566s) 156.074ms
[2020-09-24T04:23:19.192+0000][23404][gc,start     ] GC(568) Pause Remark
[2020-09-24T04:23:19.200+0000][23404][gc           ] GC(568) Pause Remark 464M->464M(1024M) 8.606ms
[2020-09-24T04:23:19.201+0000][23404][gc,cpu       ] GC(568) User=0.08s Sys=0.00s Real=0.01s
[2020-09-24T04:23:19.201+0000][23404][safepoint    ] Safepoint "G1Concurrent", Time since last: 160097600 ns, Reaching safepoint: 167200 ns, At safepoint: 8940900 ns, Total: 9108100 ns
[2020-09-24T04:23:19.201+0000][23404][gc,marking   ] GC(568) Concurrent Rebuild Remembered Sets
[2020-09-24T04:23:19.293+0000][23404][gc,marking   ] GC(568) Concurrent Rebuild Remembered Sets 92.670ms
[2020-09-24T04:23:19.297+0000][23404][gc,start     ] GC(568) Pause Cleanup
[2020-09-24T04:23:19.297+0000][23404][gc           ] GC(568) Pause Cleanup 539M->539M(1024M) 0.513ms
[2020-09-24T04:23:19.297+0000][23404][gc,cpu       ] GC(568) User=0.00s Sys=0.00s Real=0.00s
[2020-09-24T04:23:19.298+0000][23404][safepoint    ] Safepoint "G1Concurrent", Time since last: 92931500 ns, Reaching safepoint: 3111300 ns, At safepoint: 787100 ns, Total: 3898400 ns
[2020-09-24T04:23:19.298+0000][23404][gc,marking   ] GC(568) Concurrent Cleanup for Next Mark
[2020-09-24T04:23:19.300+0000][23404][gc,marking   ] GC(568) Concurrent Cleanup for Next Mark 1.915ms
[2020-09-24T04:23:19.300+0000][23404][gc           ] GC(568) Concurrent Cycle 268.199ms
[2020-09-24T04:23:19.333+0000][23404][gc,start     ] GC(569) Pause Young (Concurrent Start) (G1 Humongous Allocation)
[2020-09-24T04:23:19.333+0000][23404][gc,task      ] GC(569) Using 8 workers of 8 for evacuation
[2020-09-24T04:23:19.333+0000][23404][gc,age       ] GC(569) Desired survivor size 32505856 bytes, new threshold 15 (max threshold 15)
[2020-09-24T04:23:19.337+0000][23404][gc,age       ] GC(569) Age table with threshold 15 (max threshold 15)
[2020-09-24T04:23:19.337+0000][23404][gc,age       ] GC(569) - age   1:    3727480 bytes,    3727480 total
[2020-09-24T04:23:19.337+0000][23404][gc,age       ] GC(569) - age   2:     202560 bytes,    3930040 total
[2020-09-24T04:23:19.337+0000][23404][gc,age       ] GC(569) - age   3:      62904 bytes,    3992944 total
[2020-09-24T04:23:19.337+0000][23404][gc,age       ] GC(569) - age   4:       2112 bytes,    3995056 total
[2020-09-24T04:23:19.337+0000][23404][gc,age       ] GC(569) - age   5:       1176 bytes,    3996232 total
[2020-09-24T04:23:19.337+0000][23404][gc,age       ] GC(569) - age   6:       5568 bytes,    4001800 total
[2020-09-24T04:23:19.337+0000][23404][gc,age       ] GC(569) - age   7:       2408 bytes,    4004208 total
[2020-09-24T04:23:19.337+0000][23404][gc,age       ] GC(569) - age   8:       1592 bytes,    4005800 total
[2020-09-24T04:23:19.337+0000][23404][gc,age       ] GC(569) - age   9:       2656 bytes,    4008456 total
[2020-09-24T04:23:19.337+0000][23404][gc,age       ] GC(569) - age  10:        400 bytes,    4008856 total
[2020-09-24T04:23:19.337+0000][23404][gc,age       ] GC(569) - age  11:        792 bytes,    4009648 total
[2020-09-24T04:23:19.337+0000][23404][gc,age       ] GC(569) - age  12:       4584 bytes,    4014232 total
[2020-09-24T04:23:19.337+0000][23404][gc,age       ] GC(569) - age  13:       1488 bytes,    4015720 total
[2020-09-24T04:23:19.337+0000][23404][gc,age       ] GC(569) - age  14:       2360 bytes,    4018080 total
[2020-09-24T04:23:19.338+0000][23404][gc,age       ] GC(569) - age  15:       3688 bytes,    4021768 total
[2020-09-24T04:23:19.338+0000][23404][gc,phases    ] GC(569)   Pre Evacuate Collection Set: 0.4ms
[2020-09-24T04:23:19.338+0000][23404][gc,phases    ] GC(569)   Merge Heap Roots: 0.1ms
[2020-09-24T04:23:19.338+0000][23404][gc,phases    ] GC(569)   Evacuate Collection Set: 2.1ms
[2020-09-24T04:23:19.338+0000][23404][gc,phases    ] GC(569)   Post Evacuate Collection Set: 0.9ms
[2020-09-24T04:23:19.338+0000][23404][gc,phases    ] GC(569)   Other: 1.0ms
[2020-09-24T04:23:19.338+0000][23404][gc,heap      ] GC(569) Eden regions: 78->0(489)
[2020-09-24T04:23:19.338+0000][23404][gc,heap      ] GC(569) Survivor regions: 4->4(62)
[2020-09-24T04:23:19.338+0000][23404][gc,heap      ] GC(569) Old regions: 86->86
[2020-09-24T04:23:19.338+0000][23404][gc,heap      ] GC(569) Archive regions: 0->0
[2020-09-24T04:23:19.338+0000][23404][gc,heap      ] GC(569) Humongous regions: 382->174
[2020-09-24T04:23:19.338+0000][23404][gc,metaspace ] GC(569) Metaspace: 90106K(96256K)->90106K(96256K) NonClass: 78796K(82432K)->78796K(82432K) Class: 11309K(13824K)->11309K(13824K)
[2020-09-24T04:23:19.338+0000][23404][gc           ] GC(569) Pause Young (Concurrent Start) (G1 Humongous Allocation) 548M->263M(1024M) 4.856ms
[2020-09-24T04:23:19.338+0000][23404][gc,cpu       ] GC(569) User=0.02s Sys=0.00s Real=0.01s
[2020-09-24T04:23:19.338+0000][23404][gc           ] GC(570) Concurrent Cycle
[2020-09-24T04:23:19.338+0000][23404][safepoint    ] Safepoint "G1TryInitiateConcMark", Time since last: 35457600 ns, Reaching safepoint: 192900 ns, At safepoint: 5076400 ns, Total: 5269300 ns
[2020-09-24T04:23:19.338+0000][23404][gc,marking   ] GC(570) Concurrent Clear Claimed Marks
[2020-09-24T04:23:19.339+0000][23404][gc,marking   ] GC(570) Concurrent Clear Claimed Marks 0.480ms
[2020-09-24T04:23:19.339+0000][23404][gc,marking   ] GC(570) Concurrent Scan Root Regions
[2020-09-24T04:23:19.341+0000][23404][gc,marking   ] GC(570) Concurrent Scan Root Regions 2.539ms
[2020-09-24T04:23:19.342+0000][23404][gc,marking   ] GC(570) Concurrent Mark (2871.716s)
[2020-09-24T04:23:19.342+0000][23404][gc,marking   ] GC(570) Concurrent Mark From Roots
[2020-09-24T04:23:19.342+0000][23404][gc,task      ] GC(570) Using 2 workers of 2 for marking
[2020-09-24T04:23:19.490+0000][23404][gc,marking   ] GC(570) Concurrent Mark From Roots 147.913ms
[2020-09-24T04:23:19.490+0000][23404][gc,marking   ] GC(570) Concurrent Preclean
[2020-09-24T04:23:19.491+0000][23404][gc,marking   ] GC(570) Concurrent Preclean 0.698ms
[2020-09-24T04:23:19.491+0000][23404][gc,marking   ] GC(570) Concurrent Mark (2871.716s, 2871.865s) 148.891ms
[2020-09-24T04:23:19.491+0000][23404][gc,start     ] GC(570) Pause Remark
[2020-09-24T04:23:19.499+0000][23404][gc           ] GC(570) Pause Remark 403M->403M(1024M) 7.658ms
[2020-09-24T04:23:19.499+0000][23404][gc,cpu       ] GC(570) User=0.00s Sys=0.00s Real=0.01s
[2020-09-24T04:23:19.499+0000][23404][safepoint    ] Safepoint "G1Concurrent", Time since last: 152420500 ns, Reaching safepoint: 195400 ns, At safepoint: 8100300 ns, Total: 8295700 ns
[2020-09-24T04:23:19.499+0000][23404][gc,marking   ] GC(570) Concurrent Rebuild Remembered Sets
[2020-09-24T04:23:19.596+0000][23404][gc,marking   ] GC(570) Concurrent Rebuild Remembered Sets 96.522ms
[2020-09-24T04:23:19.596+0000][23404][gc,start     ] GC(570) Pause Cleanup
[2020-09-24T04:23:19.596+0000][23404][gc           ] GC(570) Pause Cleanup 672M->672M(1024M) 0.415ms
[2020-09-24T04:23:19.596+0000][23404][gc,cpu       ] GC(570) User=0.00s Sys=0.00s Real=0.00s
[2020-09-24T04:23:19.596+0000][23404][safepoint    ] Safepoint "G1Concurrent", Time since last: 96760800 ns, Reaching safepoint: 164500 ns, At safepoint: 606600 ns, Total: 771100 ns
[2020-09-24T04:23:19.597+0000][23404][gc,marking   ] GC(570) Concurrent Cleanup for Next Mark
[2020-09-24T04:23:19.599+0000][23404][gc,marking   ] GC(570) Concurrent Cleanup for Next Mark 1.991ms
[2020-09-24T04:23:19.599+0000][23404][gc           ] GC(570) Concurrent Cycle 260.491ms
[2020-09-24T04:23:19.619+0000][23404][gc,start     ] GC(571) Pause Young (Concurrent Start) (G1 Humongous Allocation)
[2020-09-24T04:23:19.619+0000][23404][gc,task      ] GC(571) Using 8 workers of 8 for evacuation
[2020-09-24T04:23:19.619+0000][23404][gc,age       ] GC(571) Desired survivor size 32505856 bytes, new threshold 15 (max threshold 15)
[2020-09-24T04:23:19.623+0000][23404][gc,age       ] GC(571) Age table with threshold 15 (max threshold 15)
[2020-09-24T04:23:19.623+0000][23404][gc,age       ] GC(571) - age   1:    3551648 bytes,    3551648 total
[2020-09-24T04:23:19.624+0000][23404][gc,age       ] GC(571) - age   2:       2696 bytes,    3554344 total
[2020-09-24T04:23:19.624+0000][23404][gc,age       ] GC(571) - age   3:       1888 bytes,    3556232 total
[2020-09-24T04:23:19.624+0000][23404][gc,age       ] GC(571) - age   4:      62440 bytes,    3618672 total
[2020-09-24T04:23:19.624+0000][23404][gc,age       ] GC(571) - age   5:       2048 bytes,    3620720 total
[2020-09-24T04:23:19.624+0000][23404][gc,age       ] GC(571) - age   6:       1112 bytes,    3621832 total
[2020-09-24T04:23:19.624+0000][23404][gc,age       ] GC(571) - age   7:       5152 bytes,    3626984 total
[2020-09-24T04:23:19.624+0000][23404][gc,age       ] GC(571) - age   8:       2352 bytes,    3629336 total
[2020-09-24T04:23:19.624+0000][23404][gc,age       ] GC(571) - age   9:       1528 bytes,    3630864 total
[2020-09-24T04:23:19.624+0000][23404][gc,age       ] GC(571) - age  10:       2592 bytes,    3633456 total
[2020-09-24T04:23:19.624+0000][23404][gc,age       ] GC(571) - age  11:        400 bytes,    3633856 total
[2020-09-24T04:23:19.624+0000][23404][gc,age       ] GC(571) - age  12:        760 bytes,    3634616 total
[2020-09-24T04:23:19.624+0000][23404][gc,age       ] GC(571) - age  13:       4584 bytes,    3639200 total
[2020-09-24T04:23:19.624+0000][23404][gc,age       ] GC(571) - age  14:       1488 bytes,    3640688 total
[2020-09-24T04:23:19.624+0000][23404][gc,age       ] GC(571) - age  15:       2328 bytes,    3643016 total
[2020-09-24T04:23:19.624+0000][23404][gc,phases    ] GC(571)   Pre Evacuate Collection Set: 0.5ms
[2020-09-24T04:23:19.624+0000][23404][gc,phases    ] GC(571)   Merge Heap Roots: 0.2ms
[2020-09-24T04:23:19.624+0000][23404][gc,phases    ] GC(571)   Evacuate Collection Set: 2.7ms
[2020-09-24T04:23:19.624+0000][23404][gc,phases    ] GC(571)   Post Evacuate Collection Set: 1.1ms
[2020-09-24T04:23:19.624+0000][23404][gc,phases    ] GC(571)   Other: 0.9ms
[2020-09-24T04:23:19.624+0000][23404][gc,heap      ] GC(571) Eden regions: 120->0(489)
[2020-09-24T04:23:19.624+0000][23404][gc,heap      ] GC(571) Survivor regions: 4->4(62)
[2020-09-24T04:23:19.624+0000][23404][gc,heap      ] GC(571) Old regions: 86->86
[2020-09-24T04:23:19.624+0000][23404][gc,heap      ] GC(571) Archive regions: 0->0
[2020-09-24T04:23:19.624+0000][23404][gc,heap      ] GC(571) Humongous regions: 474->174
[2020-09-24T04:23:19.624+0000][23404][gc,metaspace ] GC(571) Metaspace: 90117K(96256K)->90117K(96256K) NonClass: 78808K(82432K)->78808K(82432K) Class: 11309K(13824K)->11309K(13824K)
[2020-09-24T04:23:19.624+0000][23404][gc           ] GC(571) Pause Young (Concurrent Start) (G1 Humongous Allocation) 683M->262M(1024M) 5.577ms
[2020-09-24T04:23:19.624+0000][23404][gc,cpu       ] GC(571) User=0.00s Sys=0.00s Real=0.01s
[2020-09-24T04:23:19.624+0000][23404][gc           ] GC(572) Concurrent Cycle
[2020-09-24T04:23:19.624+0000][23404][gc,marking   ] GC(572) Concurrent Clear Claimed Marks
[2020-09-24T04:23:19.625+0000][23404][safepoint    ] Safepoint "G1TryInitiateConcMark", Time since last: 21924500 ns, Reaching safepoint: 199600 ns, At safepoint: 5947600 ns, Total: 6147200 ns
[2020-09-24T04:23:19.625+0000][23404][gc,marking   ] GC(572) Concurrent Clear Claimed Marks 0.471ms
[2020-09-24T04:23:19.625+0000][23404][gc,marking   ] GC(572) Concurrent Scan Root Regions
[2020-09-24T04:23:19.629+0000][23404][gc,marking   ] GC(572) Concurrent Scan Root Regions 3.639ms
[2020-09-24T04:23:19.629+0000][23404][gc,marking   ] GC(572) Concurrent Mark (2872.003s)
[2020-09-24T04:23:19.629+0000][23404][gc,marking   ] GC(572) Concurrent Mark From Roots
[2020-09-24T04:23:19.629+0000][23404][gc,task      ] GC(572) Using 2 workers of 2 for marking
[2020-09-24T04:23:19.770+0000][23404][gc,marking   ] GC(572) Concurrent Mark From Roots 139.927ms
[2020-09-24T04:23:19.770+0000][23404][gc,marking   ] GC(572) Concurrent Preclean
[2020-09-24T04:23:19.770+0000][23404][gc,marking   ] GC(572) Concurrent Preclean 0.412ms
[2020-09-24T04:23:19.770+0000][23404][gc,marking   ] GC(572) Concurrent Mark (2872.003s, 2872.144s) 140.560ms
[2020-09-24T04:23:19.770+0000][23404][gc,start     ] GC(572) Pause Remark
[2020-09-24T04:23:19.777+0000][23404][gc           ] GC(572) Pause Remark 460M->460M(1024M) 6.407ms
[2020-09-24T04:23:19.777+0000][23404][gc,cpu       ] GC(572) User=0.13s Sys=0.00s Real=0.01s
[2020-09-24T04:23:19.777+0000][23404][safepoint    ] Safepoint "G1Concurrent", Time since last: 145124300 ns, Reaching safepoint: 156300 ns, At safepoint: 7143500 ns, Total: 7299800 ns
[2020-09-24T04:23:19.778+0000][23404][gc,marking   ] GC(572) Concurrent Rebuild Remembered Sets
[2020-09-24T04:23:19.854+0000][23404][gc,marking   ] GC(572) Concurrent Rebuild Remembered Sets 76.214ms
[2020-09-24T04:23:19.854+0000][23404][gc,start     ] GC(572) Pause Cleanup
[2020-09-24T04:23:19.854+0000][23404][gc           ] GC(572) Pause Cleanup 538M->538M(1024M) 0.315ms
[2020-09-24T04:23:19.854+0000][23404][gc,cpu       ] GC(572) User=0.00s Sys=0.00s Real=0.00s
[2020-09-24T04:23:19.855+0000][23404][safepoint    ] Safepoint "G1Concurrent", Time since last: 76489100 ns, Reaching safepoint: 126900 ns, At safepoint: 471100 ns, Total: 598000 ns
[2020-09-24T04:23:19.855+0000][23404][gc,marking   ] GC(572) Concurrent Cleanup for Next Mark
[2020-09-24T04:23:19.856+0000][23404][gc,marking   ] GC(572) Concurrent Cleanup for Next Mark 1.575ms
[2020-09-24T04:23:19.856+0000][23404][gc           ] GC(572) Concurrent Cycle 231.456ms
[2020-09-24T04:23:19.871+0000][23404][gc,start     ] GC(573) Pause Young (Concurrent Start) (G1 Humongous Allocation)
[2020-09-24T04:23:19.871+0000][23404][gc,task      ] GC(573) Using 8 workers of 8 for evacuation
[2020-09-24T04:23:19.871+0000][23404][gc,age       ] GC(573) Desired survivor size 32505856 bytes, new threshold 15 (max threshold 15)
[2020-09-24T04:23:19.875+0000][23404][gc,age       ] GC(573) Age table with threshold 15 (max threshold 15)
[2020-09-24T04:23:19.875+0000][23404][gc,age       ] GC(573) - age   1:    3699104 bytes,    3699104 total
[2020-09-24T04:23:19.875+0000][23404][gc,age       ] GC(573) - age   2:     266200 bytes,    3965304 total
[2020-09-24T04:23:19.875+0000][23404][gc,age       ] GC(573) - age   3:       1848 bytes,    3967152 total
[2020-09-24T04:23:19.875+0000][23404][gc,age       ] GC(573) - age   4:       1368 bytes,    3968520 total
[2020-09-24T04:23:19.875+0000][23404][gc,age       ] GC(573) - age   5:      61240 bytes,    4029760 total
[2020-09-24T04:23:19.875+0000][23404][gc,age       ] GC(573) - age   6:       1728 bytes,    4031488 total
[2020-09-24T04:23:19.875+0000][23404][gc,age       ] GC(573) - age   7:        984 bytes,    4032472 total
[2020-09-24T04:23:19.875+0000][23404][gc,age       ] GC(573) - age   8:       5088 bytes,    4037560 total
[2020-09-24T04:23:19.875+0000][23404][gc,age       ] GC(573) - age   9:       2352 bytes,    4039912 total
[2020-09-24T04:23:19.875+0000][23404][gc,age       ] GC(573) - age  10:       1496 bytes,    4041408 total
[2020-09-24T04:23:19.875+0000][23404][gc,age       ] GC(573) - age  11:       2528 bytes,    4043936 total
[2020-09-24T04:23:19.875+0000][23404][gc,age       ] GC(573) - age  12:        400 bytes,    4044336 total
[2020-09-24T04:23:19.875+0000][23404][gc,age       ] GC(573) - age  13:        760 bytes,    4045096 total
[2020-09-24T04:23:19.875+0000][23404][gc,age       ] GC(573) - age  14:       4552 bytes,    4049648 total
[2020-09-24T04:23:19.875+0000][23404][gc,age       ] GC(573) - age  15:       1488 bytes,    4051136 total
[2020-09-24T04:23:19.875+0000][23404][gc,phases    ] GC(573)   Pre Evacuate Collection Set: 0.4ms
[2020-09-24T04:23:19.875+0000][23404][gc,phases    ] GC(573)   Merge Heap Roots: 0.1ms
[2020-09-24T04:23:19.875+0000][23404][gc,phases    ] GC(573)   Evacuate Collection Set: 2.4ms
[2020-09-24T04:23:19.875+0000][23404][gc,phases    ] GC(573)   Post Evacuate Collection Set: 0.9ms
[2020-09-24T04:23:19.876+0000][23404][gc,phases    ] GC(573)   Other: 1.0ms
[2020-09-24T04:23:19.876+0000][23404][gc,heap      ] GC(573) Eden regions: 81->0(490)
[2020-09-24T04:23:19.876+0000][23404][gc,heap      ] GC(573) Survivor regions: 4->4(62)
[2020-09-24T04:23:19.876+0000][23404][gc,heap      ] GC(573) Old regions: 86->86
[2020-09-24T04:23:19.876+0000][23404][gc,heap      ] GC(573) Archive regions: 0->0
[2020-09-24T04:23:19.876+0000][23404][gc,heap      ] GC(573) Humongous regions: 374->174
[2020-09-24T04:23:19.876+0000][23404][gc,metaspace ] GC(573) Metaspace: 90117K(96256K)->90117K(96256K) NonClass: 78808K(82432K)->78808K(82432K) Class: 11309K(13824K)->11309K(13824K)
[2020-09-24T04:23:19.876+0000][23404][gc           ] GC(573) Pause Young (Concurrent Start) (G1 Humongous Allocation) 543M->263M(1024M) 5.251ms
[2020-09-24T04:23:19.876+0000][23404][gc,cpu       ] GC(573) User=0.00s Sys=0.00s Real=0.00s
[2020-09-24T04:23:19.876+0000][23404][gc           ] GC(574) Concurrent Cycle
[2020-09-24T04:23:19.876+0000][23404][safepoint    ] Safepoint "G1TryInitiateConcMark", Time since last: 15846800 ns, Reaching safepoint: 169000 ns, At safepoint: 5456500 ns, Total: 5625500 ns
[2020-09-24T04:23:19.876+0000][23404][gc,marking   ] GC(574) Concurrent Clear Claimed Marks
[2020-09-24T04:23:19.877+0000][23404][gc,marking   ] GC(574) Concurrent Clear Claimed Marks 0.722ms
[2020-09-24T04:23:19.877+0000][23404][gc,marking   ] GC(574) Concurrent Scan Root Regions
[2020-09-24T04:23:19.880+0000][23404][gc,marking   ] GC(574) Concurrent Scan Root Regions 2.591ms
[2020-09-24T04:23:19.880+0000][23404][gc,marking   ] GC(574) Concurrent Mark (2872.254s)
[2020-09-24T04:23:19.880+0000][23404][gc,marking   ] GC(574) Concurrent Mark From Roots
[2020-09-24T04:23:19.880+0000][23404][gc,task      ] GC(574) Using 2 workers of 2 for marking
[2020-09-24T04:23:20.000+0000][23404][gc,marking   ] GC(574) Concurrent Mark From Roots 120.105ms
[2020-09-24T04:23:20.000+0000][23404][gc,marking   ] GC(574) Concurrent Preclean
[2020-09-24T04:23:20.001+0000][23404][gc,marking   ] GC(574) Concurrent Preclean 0.683ms
[2020-09-24T04:23:20.001+0000][23404][gc,marking   ] GC(574) Concurrent Mark (2872.254s, 2872.375s) 120.972ms
[2020-09-24T04:23:20.001+0000][23404][gc,start     ] GC(574) Pause Remark
[2020-09-24T04:23:20.007+0000][23404][gc           ] GC(574) Pause Remark 407M->407M(1024M) 6.051ms
[2020-09-24T04:23:20.007+0000][23404][gc,cpu       ] GC(574) User=0.02s Sys=0.02s Real=0.01s
[2020-09-24T04:23:20.007+0000][23404][safepoint    ] Safepoint "G1Concurrent", Time since last: 124701400 ns, Reaching safepoint: 139700 ns, At safepoint: 6291100 ns, Total: 6430800 ns
[2020-09-24T04:23:20.007+0000][23404][gc,marking   ] GC(574) Concurrent Rebuild Remembered Sets
[2020-09-24T04:23:20.084+0000][23404][gc,marking   ] GC(574) Concurrent Rebuild Remembered Sets 76.701ms
[2020-09-24T04:23:20.084+0000][23404][gc,start     ] GC(574) Pause Cleanup
[2020-09-24T04:23:20.085+0000][23404][gc           ] GC(574) Pause Cleanup 514M->514M(1024M) 0.388ms
[2020-09-24T04:23:20.085+0000][23404][gc,cpu       ] GC(574) User=0.02s Sys=0.00s Real=0.00s
[2020-09-24T04:23:20.085+0000][23404][safepoint    ] Safepoint "G1Concurrent", Time since last: 77027800 ns, Reaching safepoint: 199700 ns, At safepoint: 658200 ns, Total: 857900 ns
[2020-09-24T04:23:20.085+0000][23404][gc,marking   ] GC(574) Concurrent Cleanup for Next Mark
[2020-09-24T04:23:20.088+0000][23404][gc,marking   ] GC(574) Concurrent Cleanup for Next Mark 2.406ms
[2020-09-24T04:23:20.088+0000][23404][gc           ] GC(574) Concurrent Cycle 211.765ms
[2020-09-24T04:23:20.171+0000][23404][gc,start     ] GC(575) Pause Young (Concurrent Start) (G1 Humongous Allocation)
[2020-09-24T04:23:20.172+0000][23404][gc,task      ] GC(575) Using 8 workers of 8 for evacuation
[2020-09-24T04:23:20.172+0000][23404][gc,age       ] GC(575) Desired survivor size 32505856 bytes, new threshold 15 (max threshold 15)
[2020-09-24T04:23:20.175+0000][23404][gc,age       ] GC(575) Age table with threshold 15 (max threshold 15)
[2020-09-24T04:23:20.175+0000][23404][gc,age       ] GC(575) - age   1:    2617688 bytes,    2617688 total
[2020-09-24T04:23:20.176+0000][23404][gc,age       ] GC(575) - age   2:       4120 bytes,    2621808 total
[2020-09-24T04:23:20.176+0000][23404][gc,age       ] GC(575) - age   3:      61648 bytes,    2683456 total
[2020-09-24T04:23:20.176+0000][23404][gc,age       ] GC(575) - age   4:       1264 bytes,    2684720 total
[2020-09-24T04:23:20.176+0000][23404][gc,age       ] GC(575) - age   5:       1144 bytes,    2685864 total
[2020-09-24T04:23:20.176+0000][23404][gc,age       ] GC(575) - age   6:      60760 bytes,    2746624 total
[2020-09-24T04:23:20.176+0000][23404][gc,age       ] GC(575) - age   7:       1568 bytes,    2748192 total
[2020-09-24T04:23:20.176+0000][23404][gc,age       ] GC(575) - age   8:        920 bytes,    2749112 total
[2020-09-24T04:23:20.176+0000][23404][gc,age       ] GC(575) - age   9:       4992 bytes,    2754104 total
[2020-09-24T04:23:20.176+0000][23404][gc,age       ] GC(575) - age  10:       2352 bytes,    2756456 total
[2020-09-24T04:23:20.176+0000][23404][gc,age       ] GC(575) - age  11:       1432 bytes,    2757888 total
[2020-09-24T04:23:20.176+0000][23404][gc,age       ] GC(575) - age  12:       2400 bytes,    2760288 total
[2020-09-24T04:23:20.176+0000][23404][gc,age       ] GC(575) - age  13:        368 bytes,    2760656 total
[2020-09-24T04:23:20.176+0000][23404][gc,age       ] GC(575) - age  14:        760 bytes,    2761416 total
[2020-09-24T04:23:20.176+0000][23404][gc,age       ] GC(575) - age  15:       4552 bytes,    2765968 total
[2020-09-24T04:23:20.176+0000][23404][gc,phases    ] GC(575)   Pre Evacuate Collection Set: 0.4ms
[2020-09-24T04:23:20.176+0000][23404][gc,phases    ] GC(575)   Merge Heap Roots: 0.1ms
[2020-09-24T04:23:20.176+0000][23404][gc,phases    ] GC(575)   Evacuate Collection Set: 2.1ms
[2020-09-24T04:23:20.176+0000][23404][gc,phases    ] GC(575)   Post Evacuate Collection Set: 1.0ms
[2020-09-24T04:23:20.176+0000][23404][gc,phases    ] GC(575)   Other: 1.2ms
[2020-09-24T04:23:20.176+0000][23404][gc,heap      ] GC(575) Eden regions: 90->0(492)
[2020-09-24T04:23:20.176+0000][23404][gc,heap      ] GC(575) Survivor regions: 4->3(62)
[2020-09-24T04:23:20.177+0000][23404][gc,heap      ] GC(575) Old regions: 86->86
[2020-09-24T04:23:20.177+0000][23404][gc,heap      ] GC(575) Archive regions: 0->0
[2020-09-24T04:23:20.177+0000][23404][gc,heap      ] GC(575) Humongous regions: 370->174
[2020-09-24T04:23:20.177+0000][23404][gc,metaspace ] GC(575) Metaspace: 90139K(96256K)->90139K(96256K) NonClass: 78829K(82432K)->78829K(82432K) Class: 11309K(13824K)->11309K(13824K)
[2020-09-24T04:23:20.177+0000][23404][gc           ] GC(575) Pause Young (Concurrent Start) (G1 Humongous Allocation) 549M->262M(1024M) 5.309ms
[2020-09-24T04:23:20.177+0000][23404][gc,cpu       ] GC(575) User=0.00s Sys=0.00s Real=0.01s
[2020-09-24T04:23:20.177+0000][23404][gc           ] GC(576) Concurrent Cycle
[2020-09-24T04:23:20.177+0000][23404][safepoint    ] Safepoint "G1TryInitiateConcMark", Time since last: 86183200 ns, Reaching safepoint: 166000 ns, At safepoint: 5540700 ns, Total: 5706700 ns
[2020-09-24T04:23:20.177+0000][23404][gc,marking   ] GC(576) Concurrent Clear Claimed Marks
[2020-09-24T04:23:20.178+0000][23404][gc,marking   ] GC(576) Concurrent Clear Claimed Marks 0.966ms
[2020-09-24T04:23:20.178+0000][23404][gc,marking   ] GC(576) Concurrent Scan Root Regions
[2020-09-24T04:23:20.180+0000][23404][gc,marking   ] GC(576) Concurrent Scan Root Regions 2.326ms
[2020-09-24T04:23:20.181+0000][23404][gc,marking   ] GC(576) Concurrent Mark (2872.555s)
[2020-09-24T04:23:20.181+0000][23404][gc,marking   ] GC(576) Concurrent Mark From Roots
[2020-09-24T04:23:20.181+0000][23404][gc,task      ] GC(576) Using 2 workers of 2 for marking
[2020-09-24T04:23:20.322+0000][23404][gc,marking   ] GC(576) Concurrent Mark From Roots 141.358ms
[2020-09-24T04:23:20.322+0000][23404][gc,marking   ] GC(576) Concurrent Preclean
[2020-09-24T04:23:20.323+0000][23404][gc,marking   ] GC(576) Concurrent Preclean 0.619ms
[2020-09-24T04:23:20.323+0000][23404][gc,marking   ] GC(576) Concurrent Mark (2872.555s, 2872.697s) 142.170ms
[2020-09-24T04:23:20.323+0000][23404][gc,start     ] GC(576) Pause Remark
[2020-09-24T04:23:20.332+0000][23404][gc           ] GC(576) Pause Remark 396M->396M(1024M) 9.190ms
[2020-09-24T04:23:20.332+0000][23404][gc,cpu       ] GC(576) User=0.00s Sys=0.00s Real=0.01s
[2020-09-24T04:23:20.334+0000][23404][safepoint    ] Safepoint "G1Concurrent", Time since last: 145935700 ns, Reaching safepoint: 152600 ns, At safepoint: 10675600 ns, Total: 10828200 ns
[2020-09-24T04:23:20.334+0000][23404][gc,marking   ] GC(576) Concurrent Rebuild Remembered Sets
[2020-09-24T04:23:20.421+0000][23404][gc,marking   ] GC(576) Concurrent Rebuild Remembered Sets 87.347ms
[2020-09-24T04:23:20.421+0000][23404][gc,start     ] GC(576) Pause Cleanup
[2020-09-24T04:23:20.422+0000][23404][gc           ] GC(576) Pause Cleanup 465M->465M(1024M) 0.380ms
[2020-09-24T04:23:20.422+0000][23404][gc,cpu       ] GC(576) User=0.00s Sys=0.00s Real=0.00s
[2020-09-24T04:23:20.422+0000][23404][safepoint    ] Safepoint "G1Concurrent", Time since last: 87561400 ns, Reaching safepoint: 156800 ns, At safepoint: 607000 ns, Total: 763800 ns
[2020-09-24T04:23:20.422+0000][23404][gc,marking   ] GC(576) Concurrent Cleanup for Next Mark
[2020-09-24T04:23:20.424+0000][23404][gc,marking   ] GC(576) Concurrent Cleanup for Next Mark 1.734ms
[2020-09-24T04:23:20.424+0000][23404][gc           ] GC(576) Concurrent Cycle 246.990ms
[2020-09-24T04:23:20.429+0000][23404][gc,start     ] GC(577) Pause Young (Concurrent Start) (G1 Humongous Allocation)
[2020-09-24T04:23:20.429+0000][23404][gc,task      ] GC(577) Using 8 workers of 8 for evacuation
[2020-09-24T04:23:20.429+0000][23404][gc,age       ] GC(577) Desired survivor size 32505856 bytes, new threshold 15 (max threshold 15)
[2020-09-24T04:23:20.433+0000][23404][gc,age       ] GC(577) Age table with threshold 15 (max threshold 15)
[2020-09-24T04:23:20.433+0000][23404][gc,age       ] GC(577) - age   1:    3010256 bytes,    3010256 total
[2020-09-24T04:23:20.433+0000][23404][gc,age       ] GC(577) - age   2:      32304 bytes,    3042560 total
[2020-09-24T04:23:20.433+0000][23404][gc,age       ] GC(577) - age   3:       3288 bytes,    3045848 total
[2020-09-24T04:23:20.433+0000][23404][gc,age       ] GC(577) - age   4:      61488 bytes,    3107336 total
[2020-09-24T04:23:20.433+0000][23404][gc,age       ] GC(577) - age   5:       1000 bytes,    3108336 total
[2020-09-24T04:23:20.433+0000][23404][gc,age       ] GC(577) - age   6:        952 bytes,    3109288 total
[2020-09-24T04:23:20.433+0000][23404][gc,age       ] GC(577) - age   7:      60696 bytes,    3169984 total
[2020-09-24T04:23:20.433+0000][23404][gc,age       ] GC(577) - age   8:       1536 bytes,    3171520 total
[2020-09-24T04:23:20.433+0000][23404][gc,age       ] GC(577) - age   9:        728 bytes,    3172248 total
[2020-09-24T04:23:20.433+0000][23404][gc,age       ] GC(577) - age  10:       4992 bytes,    3177240 total
[2020-09-24T04:23:20.433+0000][23404][gc,age       ] GC(577) - age  11:       2320 bytes,    3179560 total
[2020-09-24T04:23:20.433+0000][23404][gc,age       ] GC(577) - age  12:       1304 bytes,    3180864 total
[2020-09-24T04:23:20.433+0000][23404][gc,age       ] GC(577) - age  13:       2336 bytes,    3183200 total
[2020-09-24T04:23:20.433+0000][23404][gc,age       ] GC(577) - age  14:        368 bytes,    3183568 total
[2020-09-24T04:23:20.433+0000][23404][gc,age       ] GC(577) - age  15:        760 bytes,    3184328 total
[2020-09-24T04:23:20.433+0000][23404][gc,phases    ] GC(577)   Pre Evacuate Collection Set: 0.4ms
[2020-09-24T04:23:20.433+0000][23404][gc,phases    ] GC(577)   Merge Heap Roots: 0.1ms
[2020-09-24T04:23:20.433+0000][23404][gc,phases    ] GC(577)   Evacuate Collection Set: 2.1ms
[2020-09-24T04:23:20.433+0000][23404][gc,phases    ] GC(577)   Post Evacuate Collection Set: 0.8ms
[2020-09-24T04:23:20.433+0000][23404][gc,phases    ] GC(577)   Other: 1.0ms
[2020-09-24T04:23:20.434+0000][23404][gc,heap      ] GC(577) Eden regions: 62->0(492)
[2020-09-24T04:23:20.434+0000][23404][gc,heap      ] GC(577) Survivor regions: 3->4(62)
[2020-09-24T04:23:20.434+0000][23404][gc,heap      ] GC(577) Old regions: 86->86
[2020-09-24T04:23:20.434+0000][23404][gc,heap      ] GC(577) Archive regions: 0->0
[2020-09-24T04:23:20.434+0000][23404][gc,heap      ] GC(577) Humongous regions: 318->174
[2020-09-24T04:23:20.434+0000][23404][gc,metaspace ] GC(577) Metaspace: 90142K(96256K)->90142K(96256K) NonClass: 78832K(82432K)->78832K(82432K) Class: 11310K(13824K)->11310K(13824K)
[2020-09-24T04:23:20.434+0000][23404][gc           ] GC(577) Pause Young (Concurrent Start) (G1 Humongous Allocation) 467M->262M(1024M) 4.722ms
[2020-09-24T04:23:20.434+0000][23404][gc,cpu       ] GC(577) User=0.00s Sys=0.00s Real=0.01s
[2020-09-24T04:23:20.434+0000][23404][gc           ] GC(578) Concurrent Cycle
[2020-09-24T04:23:20.434+0000][23404][safepoint    ] Safepoint "G1TryInitiateConcMark", Time since last: 6784600 ns, Reaching safepoint: 160700 ns, At safepoint: 4930000 ns, Total: 5090700 ns
[2020-09-24T04:23:20.434+0000][23404][gc,marking   ] GC(578) Concurrent Clear Claimed Marks
[2020-09-24T04:23:20.434+0000][23404][gc,marking   ] GC(578) Concurrent Clear Claimed Marks 0.454ms
[2020-09-24T04:23:20.434+0000][23404][gc,marking   ] GC(578) Concurrent Scan Root Regions
[2020-09-24T04:23:20.437+0000][23404][gc,marking   ] GC(578) Concurrent Scan Root Regions 2.208ms
[2020-09-24T04:23:20.437+0000][23404][gc,marking   ] GC(578) Concurrent Mark (2872.811s)
[2020-09-24T04:23:20.437+0000][23404][gc,marking   ] GC(578) Concurrent Mark From Roots
[2020-09-24T04:23:20.437+0000][23404][gc,task      ] GC(578) Using 2 workers of 2 for marking
[2020-09-24T04:23:20.572+0000][23404][gc,marking   ] GC(578) Concurrent Mark From Roots 135.424ms
[2020-09-24T04:23:20.572+0000][23404][gc,marking   ] GC(578) Concurrent Preclean
[2020-09-24T04:23:20.573+0000][23404][gc,marking   ] GC(578) Concurrent Preclean 0.442ms
[2020-09-24T04:23:20.573+0000][23404][gc,marking   ] GC(578) Concurrent Mark (2872.811s, 2872.947s) 136.033ms
[2020-09-24T04:23:20.573+0000][23404][gc,start     ] GC(578) Pause Remark
[2020-09-24T04:23:20.581+0000][23404][gc           ] GC(578) Pause Remark 462M->462M(1024M) 8.374ms
[2020-09-24T04:23:20.581+0000][23404][gc,cpu       ] GC(578) User=0.00s Sys=0.00s Real=0.01s
[2020-09-24T04:23:20.581+0000][23404][safepoint    ] Safepoint "G1Concurrent", Time since last: 138991600 ns, Reaching safepoint: 145700 ns, At safepoint: 8636400 ns, Total: 8782100 ns
[2020-09-24T04:23:20.581+0000][23404][gc,marking   ] GC(578) Concurrent Rebuild Remembered Sets
[2020-09-24T04:23:20.664+0000][23404][gc,marking   ] GC(578) Concurrent Rebuild Remembered Sets 82.665ms
[2020-09-24T04:23:20.664+0000][23404][gc,start     ] GC(578) Pause Cleanup
[2020-09-24T04:23:20.665+0000][23404][gc           ] GC(578) Pause Cleanup 665M->665M(1024M) 0.448ms
[2020-09-24T04:23:20.665+0000][23404][gc,cpu       ] GC(578) User=0.00s Sys=0.00s Real=0.00s
[2020-09-24T04:23:20.665+0000][23404][safepoint    ] Safepoint "G1Concurrent", Time since last: 82992100 ns, Reaching safepoint: 217400 ns, At safepoint: 606000 ns, Total: 823400 ns
[2020-09-24T04:23:20.665+0000][23404][gc,marking   ] GC(578) Concurrent Cleanup for Next Mark
[2020-09-24T04:23:20.668+0000][23404][gc,marking   ] GC(578) Concurrent Cleanup for Next Mark 3.057ms
[2020-09-24T04:23:20.668+0000][23404][gc           ] GC(578) Concurrent Cycle 234.912ms
[2020-09-24T04:23:20.669+0000][23404][gc,start     ] GC(579) Pause Young (Concurrent Start) (G1 Humongous Allocation)
[2020-09-24T04:23:20.669+0000][23404][gc,task      ] GC(579) Using 8 workers of 8 for evacuation
[2020-09-24T04:23:20.669+0000][23404][gc,age       ] GC(579) Desired survivor size 32505856 bytes, new threshold 15 (max threshold 15)
[2020-09-24T04:23:20.672+0000][23404][gc,age       ] GC(579) Age table with threshold 15 (max threshold 15)
[2020-09-24T04:23:20.672+0000][23404][gc,age       ] GC(579) - age   1:    2239736 bytes,    2239736 total
[2020-09-24T04:23:20.672+0000][23404][gc,age       ] GC(579) - age   2:      13040 bytes,    2252776 total
[2020-09-24T04:23:20.672+0000][23404][gc,age       ] GC(579) - age   3:      26912 bytes,    2279688 total
[2020-09-24T04:23:20.672+0000][23404][gc,age       ] GC(579) - age   4:       2528 bytes,    2282216 total
[2020-09-24T04:23:20.672+0000][23404][gc,age       ] GC(579) - age   5:      61088 bytes,    2343304 total
[2020-09-24T04:23:20.672+0000][23404][gc,age       ] GC(579) - age   6:       1000 bytes,    2344304 total
[2020-09-24T04:23:20.672+0000][23404][gc,age       ] GC(579) - age   7:        920 bytes,    2345224 total
[2020-09-24T04:23:20.672+0000][23404][gc,age       ] GC(579) - age   8:      60696 bytes,    2405920 total
[2020-09-24T04:23:20.672+0000][23404][gc,age       ] GC(579) - age   9:       1536 bytes,    2407456 total
[2020-09-24T04:23:20.672+0000][23404][gc,age       ] GC(579) - age  10:        704 bytes,    2408160 total
[2020-09-24T04:23:20.672+0000][23404][gc,age       ] GC(579) - age  11:       4896 bytes,    2413056 total
[2020-09-24T04:23:20.672+0000][23404][gc,age       ] GC(579) - age  12:       2224 bytes,    2415280 total
[2020-09-24T04:23:20.673+0000][23404][gc,age       ] GC(579) - age  13:       1304 bytes,    2416584 total
[2020-09-24T04:23:20.673+0000][23404][gc,age       ] GC(579) - age  14:       2336 bytes,    2418920 total
[2020-09-24T04:23:20.673+0000][23404][gc,age       ] GC(579) - age  15:        368 bytes,    2419288 total
[2020-09-24T04:23:20.673+0000][23404][gc,phases    ] GC(579)   Pre Evacuate Collection Set: 0.4ms
[2020-09-24T04:23:20.673+0000][23404][gc,phases    ] GC(579)   Merge Heap Roots: 0.1ms
[2020-09-24T04:23:20.673+0000][23404][gc,phases    ] GC(579)   Evacuate Collection Set: 2.1ms
[2020-09-24T04:23:20.673+0000][23404][gc,phases    ] GC(579)   Post Evacuate Collection Set: 0.8ms
[2020-09-24T04:23:20.673+0000][23404][gc,phases    ] GC(579)   Other: 0.8ms
[2020-09-24T04:23:20.673+0000][23404][gc,heap      ] GC(579) Eden regions: 108->0(494)
[2020-09-24T04:23:20.673+0000][23404][gc,heap      ] GC(579) Survivor regions: 4->3(62)
[2020-09-24T04:23:20.673+0000][23404][gc,heap      ] GC(579) Old regions: 86->86
[2020-09-24T04:23:20.673+0000][23404][gc,heap      ] GC(579) Archive regions: 0->0
[2020-09-24T04:23:20.673+0000][23404][gc,heap      ] GC(579) Humongous regions: 506->174
[2020-09-24T04:23:20.673+0000][23404][gc,metaspace ] GC(579) Metaspace: 90155K(96256K)->90155K(96256K) NonClass: 78845K(82432K)->78845K(82432K) Class: 11310K(13824K)->11310K(13824K)
[2020-09-24T04:23:20.673+0000][23404][gc           ] GC(579) Pause Young (Concurrent Start) (G1 Humongous Allocation) 702M->261M(1024M) 4.386ms
[2020-09-24T04:23:20.673+0000][23404][gc,cpu       ] GC(579) User=0.00s Sys=0.00s Real=0.00s
[2020-09-24T04:23:20.673+0000][23404][safepoint    ] Safepoint "G1TryInitiateConcMark", Time since last: 3359600 ns, Reaching safepoint: 211900 ns, At safepoint: 4591300 ns, Total: 4803200 ns
[2020-09-24T04:23:20.673+0000][23404][gc           ] GC(580) Concurrent Cycle
[2020-09-24T04:23:20.673+0000][23404][gc,marking   ] GC(580) Concurrent Clear Claimed Marks
[2020-09-24T04:23:20.674+0000][23404][gc,marking   ] GC(580) Concurrent Clear Claimed Marks 0.486ms
[2020-09-24T04:23:20.674+0000][23404][gc,marking   ] GC(580) Concurrent Scan Root Regions
[2020-09-24T04:23:20.675+0000][23404][gc,marking   ] GC(580) Concurrent Scan Root Regions 1.591ms
[2020-09-24T04:23:20.675+0000][23404][gc,marking   ] GC(580) Concurrent Mark (2873.050s)
[2020-09-24T04:23:20.675+0000][23404][gc,marking   ] GC(580) Concurrent Mark From Roots
[2020-09-24T04:23:20.675+0000][23404][gc,task      ] GC(580) Using 2 workers of 2 for marking
[2020-09-24T04:23:20.788+0000][23404][gc,marking   ] GC(580) Concurrent Mark From Roots 112.837ms
[2020-09-24T04:23:20.788+0000][23404][gc,marking   ] GC(580) Concurrent Preclean
[2020-09-24T04:23:20.789+0000][23404][gc,marking   ] GC(580) Concurrent Preclean 0.648ms
[2020-09-24T04:23:20.789+0000][23404][gc,marking   ] GC(580) Concurrent Mark (2873.050s, 2873.164s) 113.718ms
[2020-09-24T04:23:20.789+0000][23404][gc,start     ] GC(580) Pause Remark
[2020-09-24T04:23:20.797+0000][23404][gc           ] GC(580) Pause Remark 415M->415M(1024M) 7.382ms
[2020-09-24T04:23:20.797+0000][23404][gc,cpu       ] GC(580) User=0.00s Sys=0.00s Real=0.01s
[2020-09-24T04:23:20.797+0000][23404][safepoint    ] Safepoint "G1Concurrent", Time since last: 116122300 ns, Reaching safepoint: 179700 ns, At safepoint: 7727700 ns, Total: 7907400 ns
[2020-09-24T04:23:20.797+0000][23404][gc,marking   ] GC(580) Concurrent Rebuild Remembered Sets
[2020-09-24T04:23:20.882+0000][23404][gc,marking   ] GC(580) Concurrent Rebuild Remembered Sets 85.308ms
[2020-09-24T04:23:20.883+0000][23404][gc,start     ] GC(580) Pause Cleanup
[2020-09-24T04:23:20.883+0000][23404][gc           ] GC(580) Pause Cleanup 674M->674M(1024M) 0.313ms
[2020-09-24T04:23:20.883+0000][23404][gc,cpu       ] GC(580) User=0.00s Sys=0.00s Real=0.00s
[2020-09-24T04:23:20.883+0000][23404][safepoint    ] Safepoint "G1Concurrent", Time since last: 85492300 ns, Reaching safepoint: 154100 ns, At safepoint: 464200 ns, Total: 618300 ns
[2020-09-24T04:23:20.883+0000][23404][gc,marking   ] GC(580) Concurrent Cleanup for Next Mark
[2020-09-24T04:23:20.885+0000][23404][gc,marking   ] GC(580) Concurrent Cleanup for Next Mark 1.686ms
[2020-09-24T04:23:20.885+0000][23404][gc           ] GC(580) Concurrent Cycle 212.058ms
[2020-09-24T04:23:20.917+0000][23404][gc,start     ] GC(581) Pause Young (Concurrent Start) (G1 Humongous Allocation)
[2020-09-24T04:23:20.917+0000][23404][gc,task      ] GC(581) Using 8 workers of 8 for evacuation
[2020-09-24T04:23:20.917+0000][23404][gc,age       ] GC(581) Desired survivor size 33030144 bytes, new threshold 15 (max threshold 15)
[2020-09-24T04:23:20.921+0000][23404][gc,age       ] GC(581) Age table with threshold 15 (max threshold 15)
[2020-09-24T04:23:20.921+0000][23404][gc,age       ] GC(581) - age   1:    3544160 bytes,    3544160 total
[2020-09-24T04:23:20.922+0000][23404][gc,age       ] GC(581) - age   2:       2000 bytes,    3546160 total
[2020-09-24T04:23:20.922+0000][23404][gc,age       ] GC(581) - age   3:      12296 bytes,    3558456 total
[2020-09-24T04:23:20.922+0000][23404][gc,age       ] GC(581) - age   4:      23256 bytes,    3581712 total
[2020-09-24T04:23:20.922+0000][23404][gc,age       ] GC(581) - age   5:       1352 bytes,    3583064 total
[2020-09-24T04:23:20.922+0000][23404][gc,age       ] GC(581) - age   6:      61088 bytes,    3644152 total
[2020-09-24T04:23:20.922+0000][23404][gc,age       ] GC(581) - age   7:       1000 bytes,    3645152 total
[2020-09-24T04:23:20.922+0000][23404][gc,age       ] GC(581) - age   8:        920 bytes,    3646072 total
[2020-09-24T04:23:20.922+0000][23404][gc,age       ] GC(581) - age   9:      60640 bytes,    3706712 total
[2020-09-24T04:23:20.922+0000][23404][gc,age       ] GC(581) - age  10:       1344 bytes,    3708056 total
[2020-09-24T04:23:20.922+0000][23404][gc,age       ] GC(581) - age  11:        704 bytes,    3708760 total
[2020-09-24T04:23:20.922+0000][23404][gc,age       ] GC(581) - age  12:       4896 bytes,    3713656 total
[2020-09-24T04:23:20.922+0000][23404][gc,age       ] GC(581) - age  13:       2200 bytes,    3715856 total
[2020-09-24T04:23:20.922+0000][23404][gc,age       ] GC(581) - age  14:       1240 bytes,    3717096 total
[2020-09-24T04:23:20.922+0000][23404][gc,age       ] GC(581) - age  15:       2304 bytes,    3719400 total
[2020-09-24T04:23:20.922+0000][23404][gc,phases    ] GC(581)   Pre Evacuate Collection Set: 0.4ms
[2020-09-24T04:23:20.922+0000][23404][gc,phases    ] GC(581)   Merge Heap Roots: 0.1ms
[2020-09-24T04:23:20.922+0000][23404][gc,phases    ] GC(581)   Evacuate Collection Set: 2.0ms
[2020-09-24T04:23:20.922+0000][23404][gc,phases    ] GC(581)   Post Evacuate Collection Set: 1.2ms
[2020-09-24T04:23:20.922+0000][23404][gc,phases    ] GC(581)   Other: 1.1ms
[2020-09-24T04:23:20.922+0000][23404][gc,heap      ] GC(581) Eden regions: 145->0(492)
[2020-09-24T04:23:20.922+0000][23404][gc,heap      ] GC(581) Survivor regions: 3->4(63)
[2020-09-24T04:23:20.922+0000][23404][gc,heap      ] GC(581) Old regions: 86->86
[2020-09-24T04:23:20.922+0000][23404][gc,heap      ] GC(581) Archive regions: 0->0
[2020-09-24T04:23:20.922+0000][23404][gc,heap      ] GC(581) Humongous regions: 478->174
[2020-09-24T04:23:20.922+0000][23404][gc,metaspace ] GC(581) Metaspace: 90158K(96256K)->90158K(96256K) NonClass: 78848K(82432K)->78848K(82432K) Class: 11310K(13824K)->11310K(13824K)
[2020-09-24T04:23:20.923+0000][23404][gc           ] GC(581) Pause Young (Concurrent Start) (G1 Humongous Allocation) 710M->262M(1024M) 5.238ms
[2020-09-24T04:23:20.923+0000][23404][gc,cpu       ] GC(581) User=0.00s Sys=0.00s Real=0.01s
[2020-09-24T04:23:20.923+0000][23404][gc           ] GC(582) Concurrent Cycle
[2020-09-24T04:23:20.923+0000][23404][safepoint    ] Safepoint "G1TryInitiateConcMark", Time since last: 33884800 ns, Reaching safepoint: 181500 ns, At safepoint: 5500600 ns, Total: 5682100 ns
[2020-09-24T04:23:20.923+0000][23404][gc,marking   ] GC(582) Concurrent Clear Claimed Marks
[2020-09-24T04:23:20.924+0000][23404][gc,marking   ] GC(582) Concurrent Clear Claimed Marks 0.977ms
[2020-09-24T04:23:20.924+0000][23404][gc,marking   ] GC(582) Concurrent Scan Root Regions
[2020-09-24T04:23:20.929+0000][23404][gc,marking   ] GC(582) Concurrent Scan Root Regions 4.764ms
[2020-09-24T04:23:20.929+0000][23404][gc,marking   ] GC(582) Concurrent Mark (2873.303s)
[2020-09-24T04:23:20.929+0000][23404][gc,marking   ] GC(582) Concurrent Mark From Roots
[2020-09-24T04:23:20.929+0000][23404][gc,task      ] GC(582) Using 2 workers of 2 for marking
[2020-09-24T04:23:21.049+0000][23404][gc,marking   ] GC(582) Concurrent Mark From Roots 120.173ms
[2020-09-24T04:23:21.049+0000][23404][gc,marking   ] GC(582) Concurrent Preclean
[2020-09-24T04:23:21.050+0000][23404][gc,marking   ] GC(582) Concurrent Preclean 0.409ms
[2020-09-24T04:23:21.050+0000][23404][gc,marking   ] GC(582) Concurrent Mark (2873.303s, 2873.424s) 120.762ms
[2020-09-24T04:23:21.050+0000][23404][gc,start     ] GC(582) Pause Remark
[2020-09-24T04:23:21.056+0000][23404][gc           ] GC(582) Pause Remark 468M->468M(1024M) 6.200ms
[2020-09-24T04:23:21.056+0000][23404][gc,cpu       ] GC(582) User=0.13s Sys=0.00s Real=0.01s
[2020-09-24T04:23:21.056+0000][23404][safepoint    ] Safepoint "G1Concurrent", Time since last: 126922600 ns, Reaching safepoint: 125800 ns, At safepoint: 6478400 ns, Total: 6604200 ns
[2020-09-24T04:23:21.056+0000][23404][gc,marking   ] GC(582) Concurrent Rebuild Remembered Sets
[2020-09-24T04:23:21.143+0000][23404][gc,marking   ] GC(582) Concurrent Rebuild Remembered Sets 86.489ms
[2020-09-24T04:23:21.144+0000][23404][gc,start     ] GC(582) Pause Cleanup
[2020-09-24T04:23:21.144+0000][23404][gc           ] GC(582) Pause Cleanup 547M->547M(1024M) 0.477ms
[2020-09-24T04:23:21.144+0000][23404][gc,cpu       ] GC(582) User=0.00s Sys=0.00s Real=0.00s
[2020-09-24T04:23:21.144+0000][23404][safepoint    ] Safepoint "G1Concurrent", Time since last: 86716600 ns, Reaching safepoint: 173100 ns, At safepoint: 685500 ns, Total: 858600 ns
[2020-09-24T04:23:21.144+0000][23404][gc,marking   ] GC(582) Concurrent Cleanup for Next Mark
[2020-09-24T04:23:21.146+0000][23404][gc,marking   ] GC(582) Concurrent Cleanup for Next Mark 2.107ms
[2020-09-24T04:23:21.146+0000][23404][gc           ] GC(582) Concurrent Cycle 223.470ms
[2020-09-24T04:23:21.147+0000][23404][gc,start     ] GC(583) Pause Young (Concurrent Start) (G1 Humongous Allocation)
[2020-09-24T04:23:21.147+0000][23404][gc,task      ] GC(583) Using 8 workers of 8 for evacuation
[2020-09-24T04:23:21.147+0000][23404][gc,age       ] GC(583) Desired survivor size 32505856 bytes, new threshold 15 (max threshold 15)
[2020-09-24T04:23:21.152+0000][23404][gc,age       ] GC(583) Age table with threshold 15 (max threshold 15)
[2020-09-24T04:23:21.152+0000][23404][gc,age       ] GC(583) - age   1:    3727688 bytes,    3727688 total
[2020-09-24T04:23:21.152+0000][23404][gc,age       ] GC(583) - age   2:     207000 bytes,    3934688 total
[2020-09-24T04:23:21.152+0000][23404][gc,age       ] GC(583) - age   3:       1728 bytes,    3936416 total
[2020-09-24T04:23:21.152+0000][23404][gc,age       ] GC(583) - age   4:      12040 bytes,    3948456 total
[2020-09-24T04:23:21.152+0000][23404][gc,age       ] GC(583) - age   5:      22632 bytes,    3971088 total
[2020-09-24T04:23:21.152+0000][23404][gc,age       ] GC(583) - age   6:        872 bytes,    3971960 total
[2020-09-24T04:23:21.152+0000][23404][gc,age       ] GC(583) - age   7:      60960 bytes,    4032920 total
[2020-09-24T04:23:21.152+0000][23404][gc,age       ] GC(583) - age   8:       1000 bytes,    4033920 total
[2020-09-24T04:23:21.152+0000][23404][gc,age       ] GC(583) - age   9:        856 bytes,    4034776 total
[2020-09-24T04:23:21.152+0000][23404][gc,age       ] GC(583) - age  10:      60608 bytes,    4095384 total
[2020-09-24T04:23:21.152+0000][23404][gc,age       ] GC(583) - age  11:       1344 bytes,    4096728 total
[2020-09-24T04:23:21.152+0000][23404][gc,age       ] GC(583) - age  12:        704 bytes,    4097432 total
[2020-09-24T04:23:21.152+0000][23404][gc,age       ] GC(583) - age  13:       4896 bytes,    4102328 total
[2020-09-24T04:23:21.152+0000][23404][gc,age       ] GC(583) - age  14:       2104 bytes,    4104432 total
[2020-09-24T04:23:21.152+0000][23404][gc,age       ] GC(583) - age  15:       1240 bytes,    4105672 total
[2020-09-24T04:23:21.152+0000][23404][gc,phases    ] GC(583)   Pre Evacuate Collection Set: 0.5ms
[2020-09-24T04:23:21.152+0000][23404][gc,phases    ] GC(583)   Merge Heap Roots: 0.1ms
[2020-09-24T04:23:21.152+0000][23404][gc,phases    ] GC(583)   Evacuate Collection Set: 2.3ms
[2020-09-24T04:23:21.152+0000][23404][gc,phases    ] GC(583)   Post Evacuate Collection Set: 1.1ms
[2020-09-24T04:23:21.152+0000][23404][gc,phases    ] GC(583)   Other: 1.0ms
[2020-09-24T04:23:21.152+0000][23404][gc,heap      ] GC(583) Eden regions: 78->0(492)
[2020-09-24T04:23:21.152+0000][23404][gc,heap      ] GC(583) Survivor regions: 4->4(62)
[2020-09-24T04:23:21.152+0000][23404][gc,heap      ] GC(583) Old regions: 86->86
[2020-09-24T04:23:21.152+0000][23404][gc,heap      ] GC(583) Archive regions: 0->0
[2020-09-24T04:23:21.152+0000][23404][gc,heap      ] GC(583) Humongous regions: 382->174
[2020-09-24T04:23:21.152+0000][23404][gc,metaspace ] GC(583) Metaspace: 90158K(96256K)->90158K(96256K) NonClass: 78848K(82432K)->78848K(82432K) Class: 11310K(13824K)->11310K(13824K)
[2020-09-24T04:23:21.153+0000][23404][gc           ] GC(583) Pause Young (Concurrent Start) (G1 Humongous Allocation) 548M->263M(1024M) 5.280ms
[2020-09-24T04:23:21.153+0000][23404][gc,cpu       ] GC(583) User=0.00s Sys=0.00s Real=0.01s
[2020-09-24T04:23:21.153+0000][23404][safepoint    ] Safepoint "G1TryInitiateConcMark", Time since last: 3204600 ns, Reaching safepoint: 181800 ns, At safepoint: 5437400 ns, Total: 5619200 ns
[2020-09-24T04:23:21.153+0000][23404][gc           ] GC(584) Concurrent Cycle
[2020-09-24T04:23:21.153+0000][23404][gc,marking   ] GC(584) Concurrent Clear Claimed Marks
[2020-09-24T04:23:21.153+0000][23404][gc,marking   ] GC(584) Concurrent Clear Claimed Marks 0.490ms
[2020-09-24T04:23:21.153+0000][23404][gc,marking   ] GC(584) Concurrent Scan Root Regions
[2020-09-24T04:23:21.156+0000][23404][gc,marking   ] GC(584) Concurrent Scan Root Regions 3.097ms
[2020-09-24T04:23:21.157+0000][23404][gc,marking   ] GC(584) Concurrent Mark (2873.531s)
[2020-09-24T04:23:21.157+0000][23404][gc,marking   ] GC(584) Concurrent Mark From Roots
[2020-09-24T04:23:21.157+0000][23404][gc,task      ] GC(584) Using 2 workers of 2 for marking
[2020-09-24T04:23:21.312+0000][23404][gc,marking   ] GC(584) Concurrent Mark From Roots 155.328ms
[2020-09-24T04:23:21.312+0000][23404][gc,marking   ] GC(584) Concurrent Preclean
[2020-09-24T04:23:21.313+0000][23404][gc,marking   ] GC(584) Concurrent Preclean 0.610ms
[2020-09-24T04:23:21.313+0000][23404][gc,marking   ] GC(584) Concurrent Mark (2873.531s, 2873.687s) 156.206ms
[2020-09-24T04:23:21.313+0000][23404][gc,start     ] GC(584) Pause Remark
[2020-09-24T04:23:21.320+0000][23404][gc           ] GC(584) Pause Remark 404M->404M(1024M) 7.182ms
[2020-09-24T04:23:21.320+0000][23404][gc,cpu       ] GC(584) User=0.11s Sys=0.00s Real=0.01s
[2020-09-24T04:23:21.321+0000][23404][safepoint    ] Safepoint "G1Concurrent", Time since last: 160148200 ns, Reaching safepoint: 203500 ns, At safepoint: 7782700 ns, Total: 7986200 ns
[2020-09-24T04:23:21.321+0000][23404][gc,marking   ] GC(584) Concurrent Rebuild Remembered Sets
[2020-09-24T04:23:21.421+0000][23404][gc,marking   ] GC(584) Concurrent Rebuild Remembered Sets 99.646ms
[2020-09-24T04:23:21.421+0000][23404][gc,start     ] GC(584) Pause Cleanup
[2020-09-24T04:23:21.421+0000][23404][gc           ] GC(584) Pause Cleanup 471M->471M(1024M) 0.361ms
[2020-09-24T04:23:21.421+0000][23404][gc,cpu       ] GC(584) User=0.00s Sys=0.00s Real=0.00s
[2020-09-24T04:23:21.421+0000][23404][safepoint    ] Safepoint "G1Concurrent", Time since last: 99873400 ns, Reaching safepoint: 153900 ns, At safepoint: 518900 ns, Total: 672800 ns
[2020-09-24T04:23:21.421+0000][23404][gc,marking   ] GC(584) Concurrent Cleanup for Next Mark
[2020-09-24T04:23:21.423+0000][23404][gc,marking   ] GC(584) Concurrent Cleanup for Next Mark 1.517ms
[2020-09-24T04:23:21.423+0000][23404][gc           ] GC(584) Concurrent Cycle 270.382ms
[2020-09-24T04:23:21.433+0000][23404][gc,start     ] GC(585) Pause Young (Concurrent Start) (G1 Humongous Allocation)
[2020-09-24T04:23:21.433+0000][23404][gc,task      ] GC(585) Using 8 workers of 8 for evacuation
[2020-09-24T04:23:21.434+0000][23404][gc,age       ] GC(585) Desired survivor size 32505856 bytes, new threshold 15 (max threshold 15)
[2020-09-24T04:23:21.437+0000][23404][gc,age       ] GC(585) Age table with threshold 15 (max threshold 15)
[2020-09-24T04:23:21.437+0000][23404][gc,age       ] GC(585) - age   1:    3017272 bytes,    3017272 total
[2020-09-24T04:23:21.437+0000][23404][gc,age       ] GC(585) - age   2:       3504 bytes,    3020776 total
[2020-09-24T04:23:21.437+0000][23404][gc,age       ] GC(585) - age   3:       6104 bytes,    3026880 total
[2020-09-24T04:23:21.437+0000][23404][gc,age       ] GC(585) - age   4:       1448 bytes,    3028328 total
[2020-09-24T04:23:21.437+0000][23404][gc,age       ] GC(585) - age   5:      11712 bytes,    3040040 total
[2020-09-24T04:23:21.437+0000][23404][gc,age       ] GC(585) - age   6:      22408 bytes,    3062448 total
[2020-09-24T04:23:21.437+0000][23404][gc,age       ] GC(585) - age   7:        872 bytes,    3063320 total
[2020-09-24T04:23:21.437+0000][23404][gc,age       ] GC(585) - age   8:      60904 bytes,    3124224 total
[2020-09-24T04:23:21.437+0000][23404][gc,age       ] GC(585) - age   9:        936 bytes,    3125160 total
[2020-09-24T04:23:21.437+0000][23404][gc,age       ] GC(585) - age  10:        856 bytes,    3126016 total
[2020-09-24T04:23:21.437+0000][23404][gc,age       ] GC(585) - age  11:      60480 bytes,    3186496 total
[2020-09-24T04:23:21.437+0000][23404][gc,age       ] GC(585) - age  12:       1344 bytes,    3187840 total
[2020-09-24T04:23:21.437+0000][23404][gc,age       ] GC(585) - age  13:        672 bytes,    3188512 total
[2020-09-24T04:23:21.437+0000][23404][gc,age       ] GC(585) - age  14:       4896 bytes,    3193408 total
[2020-09-24T04:23:21.437+0000][23404][gc,age       ] GC(585) - age  15:       2104 bytes,    3195512 total
[2020-09-24T04:23:21.437+0000][23404][gc,phases    ] GC(585)   Pre Evacuate Collection Set: 0.4ms
[2020-09-24T04:23:21.438+0000][23404][gc,phases    ] GC(585)   Merge Heap Roots: 0.1ms
[2020-09-24T04:23:21.438+0000][23404][gc,phases    ] GC(585)   Evacuate Collection Set: 1.9ms
[2020-09-24T04:23:21.438+0000][23404][gc,phases    ] GC(585)   Post Evacuate Collection Set: 0.8ms
[2020-09-24T04:23:21.438+0000][23404][gc,phases    ] GC(585)   Other: 0.9ms
[2020-09-24T04:23:21.438+0000][23404][gc,heap      ] GC(585) Eden regions: 65->0(492)
[2020-09-24T04:23:21.438+0000][23404][gc,heap      ] GC(585) Survivor regions: 4->4(62)
[2020-09-24T04:23:21.438+0000][23404][gc,heap      ] GC(585) Old regions: 86->86
[2020-09-24T04:23:21.438+0000][23404][gc,heap      ] GC(585) Archive regions: 0->0
[2020-09-24T04:23:21.438+0000][23404][gc,heap      ] GC(585) Humongous regions: 322->174
[2020-09-24T04:23:21.438+0000][23404][gc,metaspace ] GC(585) Metaspace: 90167K(96256K)->90167K(96256K) NonClass: 78856K(82432K)->78856K(82432K) Class: 11310K(13824K)->11310K(13824K)
[2020-09-24T04:23:21.438+0000][23404][gc           ] GC(585) Pause Young (Concurrent Start) (G1 Humongous Allocation) 476M->262M(1024M) 4.468ms
[2020-09-24T04:23:21.438+0000][23404][gc,cpu       ] GC(585) User=0.00s Sys=0.00s Real=0.00s
[2020-09-24T04:23:21.438+0000][23404][safepoint    ] Safepoint "G1TryInitiateConcMark", Time since last: 11856400 ns, Reaching safepoint: 165000 ns, At safepoint: 4649400 ns, Total: 4814400 ns
[2020-09-24T04:23:21.438+0000][23404][gc           ] GC(586) Concurrent Cycle
[2020-09-24T04:23:21.438+0000][23404][gc,marking   ] GC(586) Concurrent Clear Claimed Marks
[2020-09-24T04:23:21.439+0000][23404][gc,marking   ] GC(586) Concurrent Clear Claimed Marks 0.471ms
[2020-09-24T04:23:21.439+0000][23404][gc,marking   ] GC(586) Concurrent Scan Root Regions
[2020-09-24T04:23:21.441+0000][23404][gc,marking   ] GC(586) Concurrent Scan Root Regions 2.031ms
[2020-09-24T04:23:21.441+0000][23404][gc,marking   ] GC(586) Concurrent Mark (2873.815s)
[2020-09-24T04:23:21.441+0000][23404][gc,marking   ] GC(586) Concurrent Mark From Roots
[2020-09-24T04:23:21.441+0000][23404][gc,task      ] GC(586) Using 2 workers of 2 for marking
[2020-09-24T04:23:21.614+0000][23404][gc,marking   ] GC(586) Concurrent Mark From Roots 173.643ms
[2020-09-24T04:23:21.615+0000][23404][gc,marking   ] GC(586) Concurrent Preclean
[2020-09-24T04:23:21.615+0000][23404][gc,marking   ] GC(586) Concurrent Preclean 0.737ms
[2020-09-24T04:23:21.615+0000][23404][gc,marking   ] GC(586) Concurrent Mark (2873.815s, 2873.990s) 174.606ms
[2020-09-24T04:23:21.616+0000][23404][gc,start     ] GC(586) Pause Remark
[2020-09-24T04:23:21.623+0000][23404][gc           ] GC(586) Pause Remark 519M->519M(1024M) 7.489ms
[2020-09-24T04:23:21.623+0000][23404][gc,cpu       ] GC(586) User=0.00s Sys=0.00s Real=0.01s
[2020-09-24T04:23:21.624+0000][23404][safepoint    ] Safepoint "G1Concurrent", Time since last: 177495000 ns, Reaching safepoint: 191100 ns, At safepoint: 8295700 ns, Total: 8486800 ns
[2020-09-24T04:23:21.624+0000][23404][gc,marking   ] GC(586) Concurrent Rebuild Remembered Sets
[2020-09-24T04:23:21.718+0000][23404][gc,marking   ] GC(586) Concurrent Rebuild Remembered Sets 94.102ms
[2020-09-24T04:23:21.719+0000][23404][gc,start     ] GC(586) Pause Cleanup
[2020-09-24T04:23:21.719+0000][23404][gc           ] GC(586) Pause Cleanup 666M->666M(1024M) 0.412ms
[2020-09-24T04:23:21.719+0000][23404][gc,cpu       ] GC(586) User=0.00s Sys=0.00s Real=0.00s
[2020-09-24T04:23:21.719+0000][23404][safepoint    ] Safepoint "G1Concurrent", Time since last: 94351100 ns, Reaching safepoint: 158600 ns, At safepoint: 631400 ns, Total: 790000 ns
[2020-09-24T04:23:21.719+0000][23404][gc,marking   ] GC(586) Concurrent Cleanup for Next Mark
[2020-09-24T04:23:21.722+0000][23404][gc,marking   ] GC(586) Concurrent Cleanup for Next Mark 2.892ms
[2020-09-24T04:23:21.722+0000][23404][gc           ] GC(586) Concurrent Cycle 284.298ms
[2020-09-24T04:23:21.752+0000][23404][gc,start     ] GC(587) Pause Young (Concurrent Start) (G1 Humongous Allocation)
[2020-09-24T04:23:21.752+0000][23404][gc,task      ] GC(587) Using 8 workers of 8 for evacuation
[2020-09-24T04:23:21.752+0000][23404][gc,age       ] GC(587) Desired survivor size 32505856 bytes, new threshold 15 (max threshold 15)
[2020-09-24T04:23:21.757+0000][23404][gc,age       ] GC(587) Age table with threshold 15 (max threshold 15)
[2020-09-24T04:23:21.757+0000][23404][gc,age       ] GC(587) - age   1:    3909032 bytes,    3909032 total
[2020-09-24T04:23:21.757+0000][23404][gc,age       ] GC(587) - age   2:       2752 bytes,    3911784 total
[2020-09-24T04:23:21.757+0000][23404][gc,age       ] GC(587) - age   3:       2072 bytes,    3913856 total
[2020-09-24T04:23:21.757+0000][23404][gc,age       ] GC(587) - age   4:       4352 bytes,    3918208 total
[2020-09-24T04:23:21.757+0000][23404][gc,age       ] GC(587) - age   5:       1016 bytes,    3919224 total
[2020-09-24T04:23:21.757+0000][23404][gc,age       ] GC(587) - age   6:      11672 bytes,    3930896 total
[2020-09-24T04:23:21.757+0000][23404][gc,age       ] GC(587) - age   7:      22312 bytes,    3953208 total
[2020-09-24T04:23:21.757+0000][23404][gc,age       ] GC(587) - age   8:        872 bytes,    3954080 total
[2020-09-24T04:23:21.757+0000][23404][gc,age       ] GC(587) - age   9:      60872 bytes,    4014952 total
[2020-09-24T04:23:21.757+0000][23404][gc,age       ] GC(587) - age  10:        808 bytes,    4015760 total
[2020-09-24T04:23:21.757+0000][23404][gc,age       ] GC(587) - age  11:        856 bytes,    4016616 total
[2020-09-24T04:23:21.757+0000][23404][gc,age       ] GC(587) - age  12:      60480 bytes,    4077096 total
[2020-09-24T04:23:21.757+0000][23404][gc,age       ] GC(587) - age  13:       1216 bytes,    4078312 total
[2020-09-24T04:23:21.757+0000][23404][gc,age       ] GC(587) - age  14:        672 bytes,    4078984 total
[2020-09-24T04:23:21.758+0000][23404][gc,age       ] GC(587) - age  15:       4832 bytes,    4083816 total
[2020-09-24T04:23:21.758+0000][23404][gc,phases    ] GC(587)   Pre Evacuate Collection Set: 0.4ms
[2020-09-24T04:23:21.758+0000][23404][gc,phases    ] GC(587)   Merge Heap Roots: 0.2ms
[2020-09-24T04:23:21.758+0000][23404][gc,phases    ] GC(587)   Evacuate Collection Set: 2.7ms
[2020-09-24T04:23:21.758+0000][23404][gc,phases    ] GC(587)   Post Evacuate Collection Set: 0.9ms
[2020-09-24T04:23:21.758+0000][23404][gc,phases    ] GC(587)   Other: 1.1ms
[2020-09-24T04:23:21.758+0000][23404][gc,heap      ] GC(587) Eden regions: 115->0(492)
[2020-09-24T04:23:21.758+0000][23404][gc,heap      ] GC(587) Survivor regions: 4->4(62)
[2020-09-24T04:23:21.758+0000][23404][gc,heap      ] GC(587) Old regions: 86->86
[2020-09-24T04:23:21.758+0000][23404][gc,heap      ] GC(587) Archive regions: 0->0
[2020-09-24T04:23:21.758+0000][23404][gc,heap      ] GC(587) Humongous regions: 478->174
[2020-09-24T04:23:21.758+0000][23404][gc,metaspace ] GC(587) Metaspace: 90177K(96256K)->90177K(96256K) NonClass: 78867K(82432K)->78867K(82432K) Class: 11310K(13824K)->11310K(13824K)
[2020-09-24T04:23:21.758+0000][23404][gc           ] GC(587) Pause Young (Concurrent Start) (G1 Humongous Allocation) 681M->263M(1024M) 5.752ms
[2020-09-24T04:23:21.758+0000][23404][gc,cpu       ] GC(587) User=0.09s Sys=0.00s Real=0.01s
[2020-09-24T04:23:21.758+0000][23404][gc           ] GC(588) Concurrent Cycle
[2020-09-24T04:23:21.758+0000][23404][safepoint    ] Safepoint "G1TryInitiateConcMark", Time since last: 32991900 ns, Reaching safepoint: 148700 ns, At safepoint: 5965000 ns, Total: 6113700 ns
[2020-09-24T04:23:21.758+0000][23404][gc,marking   ] GC(588) Concurrent Clear Claimed Marks
[2020-09-24T04:23:21.759+0000][23404][gc,marking   ] GC(588) Concurrent Clear Claimed Marks 0.581ms
[2020-09-24T04:23:21.759+0000][23404][gc,marking   ] GC(588) Concurrent Scan Root Regions
[2020-09-24T04:23:21.762+0000][23404][gc,marking   ] GC(588) Concurrent Scan Root Regions 3.177ms
[2020-09-24T04:23:21.762+0000][23404][gc,marking   ] GC(588) Concurrent Mark (2874.137s)
[2020-09-24T04:23:21.762+0000][23404][gc,marking   ] GC(588) Concurrent Mark From Roots
[2020-09-24T04:23:21.762+0000][23404][gc,task      ] GC(588) Using 2 workers of 2 for marking
[2020-09-24T04:23:21.922+0000][23404][gc,marking   ] GC(588) Concurrent Mark From Roots 159.950ms
[2020-09-24T04:23:21.922+0000][23404][gc,marking   ] GC(588) Concurrent Preclean
[2020-09-24T04:23:21.923+0000][23404][gc,marking   ] GC(588) Concurrent Preclean 0.648ms
[2020-09-24T04:23:21.923+0000][23404][gc,marking   ] GC(588) Concurrent Mark (2874.137s, 2874.298s) 160.840ms
[2020-09-24T04:23:21.923+0000][23404][gc,start     ] GC(588) Pause Remark
[2020-09-24T04:23:21.932+0000][23404][gc           ] GC(588) Pause Remark 405M->405M(1024M) 8.177ms
[2020-09-24T04:23:21.932+0000][23404][gc,cpu       ] GC(588) User=0.13s Sys=0.00s Real=0.01s
[2020-09-24T04:23:21.932+0000][23404][safepoint    ] Safepoint "G1Concurrent", Time since last: 165043200 ns, Reaching safepoint: 166800 ns, At safepoint: 8506900 ns, Total: 8673700 ns
[2020-09-24T04:23:21.932+0000][23404][gc,marking   ] GC(588) Concurrent Rebuild Remembered Sets
[2020-09-24T04:23:22.028+0000][23404][gc,marking   ] GC(588) Concurrent Rebuild Remembered Sets 95.931ms
[2020-09-24T04:23:22.028+0000][23404][gc,start     ] GC(588) Pause Cleanup
[2020-09-24T04:23:22.029+0000][23404][gc           ] GC(588) Pause Cleanup 476M->476M(1024M) 0.416ms
[2020-09-24T04:23:22.029+0000][23404][gc,cpu       ] GC(588) User=0.00s Sys=0.00s Real=0.00s
[2020-09-24T04:23:22.029+0000][23404][safepoint    ] Safepoint "G1Concurrent", Time since last: 96145400 ns, Reaching safepoint: 181900 ns, At safepoint: 753200 ns, Total: 935100 ns
[2020-09-24T04:23:22.029+0000][23404][gc,marking   ] GC(588) Concurrent Cleanup for Next Mark
[2020-09-24T04:23:22.031+0000][23404][gc,marking   ] GC(588) Concurrent Cleanup for Next Mark 2.113ms
[2020-09-24T04:23:22.031+0000][23404][gc           ] GC(588) Concurrent Cycle 273.123ms
[2020-09-24T04:23:22.035+0000][23404][gc,start     ] GC(589) Pause Young (Concurrent Start) (G1 Humongous Allocation)
[2020-09-24T04:23:22.035+0000][23404][gc,task      ] GC(589) Using 8 workers of 8 for evacuation
[2020-09-24T04:23:22.035+0000][23404][gc,age       ] GC(589) Desired survivor size 32505856 bytes, new threshold 15 (max threshold 15)
[2020-09-24T04:23:22.039+0000][23404][gc,age       ] GC(589) Age table with threshold 15 (max threshold 15)
[2020-09-24T04:23:22.039+0000][23404][gc,age       ] GC(589) - age   1:    3527464 bytes,    3527464 total
[2020-09-24T04:23:22.039+0000][23404][gc,age       ] GC(589) - age   2:     403944 bytes,    3931408 total
[2020-09-24T04:23:22.039+0000][23404][gc,age       ] GC(589) - age   3:       2224 bytes,    3933632 total
[2020-09-24T04:23:22.039+0000][23404][gc,age       ] GC(589) - age   4:       1720 bytes,    3935352 total
[2020-09-24T04:23:22.039+0000][23404][gc,age       ] GC(589) - age   5:       4352 bytes,    3939704 total
[2020-09-24T04:23:22.039+0000][23404][gc,age       ] GC(589) - age   6:       1016 bytes,    3940720 total
[2020-09-24T04:23:22.039+0000][23404][gc,age       ] GC(589) - age   7:      11672 bytes,    3952392 total
[2020-09-24T04:23:22.040+0000][23404][gc,age       ] GC(589) - age   8:      22056 bytes,    3974448 total
[2020-09-24T04:23:22.040+0000][23404][gc,age       ] GC(589) - age   9:        840 bytes,    3975288 total
[2020-09-24T04:23:22.040+0000][23404][gc,age       ] GC(589) - age  10:      60872 bytes,    4036160 total
[2020-09-24T04:23:22.040+0000][23404][gc,age       ] GC(589) - age  11:        552 bytes,    4036712 total
[2020-09-24T04:23:22.040+0000][23404][gc,age       ] GC(589) - age  12:        856 bytes,    4037568 total
[2020-09-24T04:23:22.040+0000][23404][gc,age       ] GC(589) - age  13:      60480 bytes,    4098048 total
[2020-09-24T04:23:22.040+0000][23404][gc,age       ] GC(589) - age  14:       1216 bytes,    4099264 total
[2020-09-24T04:23:22.040+0000][23404][gc,age       ] GC(589) - age  15:        672 bytes,    4099936 total
[2020-09-24T04:23:22.040+0000][23404][gc,phases    ] GC(589)   Pre Evacuate Collection Set: 0.5ms
[2020-09-24T04:23:22.040+0000][23404][gc,phases    ] GC(589)   Merge Heap Roots: 0.1ms
[2020-09-24T04:23:22.040+0000][23404][gc,phases    ] GC(589)   Evacuate Collection Set: 2.4ms
[2020-09-24T04:23:22.040+0000][23404][gc,phases    ] GC(589)   Post Evacuate Collection Set: 1.0ms
[2020-09-24T04:23:22.040+0000][23404][gc,phases    ] GC(589)   Other: 1.3ms
[2020-09-24T04:23:22.040+0000][23404][gc,heap      ] GC(589) Eden regions: 59->0(492)
[2020-09-24T04:23:22.040+0000][23404][gc,heap      ] GC(589) Survivor regions: 4->5(62)
[2020-09-24T04:23:22.040+0000][23404][gc,heap      ] GC(589) Old regions: 86->86
[2020-09-24T04:23:22.040+0000][23404][gc,heap      ] GC(589) Archive regions: 0->0
[2020-09-24T04:23:22.040+0000][23404][gc,heap      ] GC(589) Humongous regions: 330->174
[2020-09-24T04:23:22.040+0000][23404][gc,metaspace ] GC(589) Metaspace: 90178K(96256K)->90178K(96256K) NonClass: 78867K(82432K)->78867K(82432K) Class: 11310K(13824K)->11310K(13824K)
[2020-09-24T04:23:22.040+0000][23404][gc           ] GC(589) Pause Young (Concurrent Start) (G1 Humongous Allocation) 477M->263M(1024M) 5.626ms
[2020-09-24T04:23:22.041+0000][23404][gc,cpu       ] GC(589) User=0.11s Sys=0.00s Real=0.01s
[2020-09-24T04:23:22.041+0000][23404][safepoint    ] Safepoint "G1TryInitiateConcMark", Time since last: 5644800 ns, Reaching safepoint: 148300 ns, At safepoint: 5891100 ns, Total: 6039400 ns
[2020-09-24T04:23:22.041+0000][23404][gc           ] GC(590) Concurrent Cycle
[2020-09-24T04:23:22.041+0000][23404][gc,marking   ] GC(590) Concurrent Clear Claimed Marks
[2020-09-24T04:23:22.042+0000][23404][gc,marking   ] GC(590) Concurrent Clear Claimed Marks 0.681ms
[2020-09-24T04:23:22.042+0000][23404][gc,marking   ] GC(590) Concurrent Scan Root Regions
[2020-09-24T04:23:22.044+0000][23404][gc,marking   ] GC(590) Concurrent Scan Root Regions 2.465ms
[2020-09-24T04:23:22.044+0000][23404][gc,marking   ] GC(590) Concurrent Mark (2874.419s)
[2020-09-24T04:23:22.044+0000][23404][gc,marking   ] GC(590) Concurrent Mark From Roots
[2020-09-24T04:23:22.044+0000][23404][gc,task      ] GC(590) Using 2 workers of 2 for marking
[2020-09-24T04:23:22.214+0000][23404][gc,marking   ] GC(590) Concurrent Mark From Roots 169.769ms
[2020-09-24T04:23:22.214+0000][23404][gc,marking   ] GC(590) Concurrent Preclean
[2020-09-24T04:23:22.215+0000][23404][gc,marking   ] GC(590) Concurrent Preclean 0.695ms
[2020-09-24T04:23:22.215+0000][23404][gc,marking   ] GC(590) Concurrent Mark (2874.419s, 2874.590s) 170.682ms
[2020-09-24T04:23:22.215+0000][23404][gc,start     ] GC(590) Pause Remark
[2020-09-24T04:23:22.223+0000][23404][gc           ] GC(590) Pause Remark 404M->404M(1024M) 7.111ms
[2020-09-24T04:23:22.223+0000][23404][gc,cpu       ] GC(590) User=0.00s Sys=0.00s Real=0.01s
[2020-09-24T04:23:22.223+0000][23404][safepoint    ] Safepoint "G1Concurrent", Time since last: 174501800 ns, Reaching safepoint: 266600 ns, At safepoint: 7962600 ns, Total: 8229200 ns
[2020-09-24T04:23:22.224+0000][23404][gc,marking   ] GC(590) Concurrent Rebuild Remembered Sets
[2020-09-24T04:23:22.318+0000][23404][gc,marking   ] GC(590) Concurrent Rebuild Remembered Sets 94.094ms
[2020-09-24T04:23:22.318+0000][23404][gc,start     ] GC(590) Pause Cleanup
[2020-09-24T04:23:22.319+0000][23404][gc           ] GC(590) Pause Cleanup 661M->661M(1024M) 0.468ms
[2020-09-24T04:23:22.319+0000][23404][gc,cpu       ] GC(590) User=0.00s Sys=0.00s Real=0.00s
[2020-09-24T04:23:22.319+0000][23404][safepoint    ] Safepoint "G1Concurrent", Time since last: 94368100 ns, Reaching safepoint: 279900 ns, At safepoint: 713900 ns, Total: 993800 ns
[2020-09-24T04:23:22.319+0000][23404][gc,marking   ] GC(590) Concurrent Cleanup for Next Mark
[2020-09-24T04:23:22.321+0000][23404][gc,marking   ] GC(590) Concurrent Cleanup for Next Mark 1.851ms
[2020-09-24T04:23:22.321+0000][23404][gc           ] GC(590) Concurrent Cycle 280.079ms
[2020-09-24T04:23:22.376+0000][23404][gc,start     ] GC(591) Pause Young (Concurrent Start) (G1 Humongous Allocation)
[2020-09-24T04:23:22.376+0000][23404][gc,task      ] GC(591) Using 8 workers of 8 for evacuation
[2020-09-24T04:23:22.376+0000][23404][gc,age       ] GC(591) Desired survivor size 33030144 bytes, new threshold 15 (max threshold 15)
[2020-09-24T04:23:22.381+0000][23404][gc,age       ] GC(591) Age table with threshold 15 (max threshold 15)
[2020-09-24T04:23:22.381+0000][23404][gc,age       ] GC(591) - age   1:    3190632 bytes,    3190632 total
[2020-09-24T04:23:22.381+0000][23404][gc,age       ] GC(591) - age   2:       1768 bytes,    3192400 total
[2020-09-24T04:23:22.381+0000][23404][gc,age       ] GC(591) - age   3:       4368 bytes,    3196768 total
[2020-09-24T04:23:22.381+0000][23404][gc,age       ] GC(591) - age   4:       1200 bytes,    3197968 total
[2020-09-24T04:23:22.381+0000][23404][gc,age       ] GC(591) - age   5:       1520 bytes,    3199488 total
[2020-09-24T04:23:22.381+0000][23404][gc,age       ] GC(591) - age   6:       4288 bytes,    3203776 total
[2020-09-24T04:23:22.381+0000][23404][gc,age       ] GC(591) - age   7:        984 bytes,    3204760 total
[2020-09-24T04:23:22.381+0000][23404][gc,age       ] GC(591) - age   8:      11672 bytes,    3216432 total
[2020-09-24T04:23:22.381+0000][23404][gc,age       ] GC(591) - age   9:      21960 bytes,    3238392 total
[2020-09-24T04:23:22.381+0000][23404][gc,age       ] GC(591) - age  10:        776 bytes,    3239168 total
[2020-09-24T04:23:22.381+0000][23404][gc,age       ] GC(591) - age  11:      60872 bytes,    3300040 total
[2020-09-24T04:23:22.381+0000][23404][gc,age       ] GC(591) - age  12:        424 bytes,    3300464 total
[2020-09-24T04:23:22.381+0000][23404][gc,age       ] GC(591) - age  13:        856 bytes,    3301320 total
[2020-09-24T04:23:22.381+0000][23404][gc,age       ] GC(591) - age  14:      60448 bytes,    3361768 total
[2020-09-24T04:23:22.381+0000][23404][gc,age       ] GC(591) - age  15:       1216 bytes,    3362984 total
[2020-09-24T04:23:22.381+0000][23404][gc,phases    ] GC(591)   Pre Evacuate Collection Set: 0.5ms
[2020-09-24T04:23:22.382+0000][23404][gc,phases    ] GC(591)   Merge Heap Roots: 0.1ms
[2020-09-24T04:23:22.382+0000][23404][gc,phases    ] GC(591)   Evacuate Collection Set: 2.1ms
[2020-09-24T04:23:22.382+0000][23404][gc,phases    ] GC(591)   Post Evacuate Collection Set: 1.2ms
[2020-09-24T04:23:22.382+0000][23404][gc,phases    ] GC(591)   Other: 1.4ms
[2020-09-24T04:23:22.382+0000][23404][gc,heap      ] GC(591) Eden regions: 112->0(492)
[2020-09-24T04:23:22.382+0000][23404][gc,heap      ] GC(591) Survivor regions: 5->4(63)
[2020-09-24T04:23:22.382+0000][23404][gc,heap      ] GC(591) Old regions: 86->86
[2020-09-24T04:23:22.382+0000][23404][gc,heap      ] GC(591) Archive regions: 0->0
[2020-09-24T04:23:22.382+0000][23404][gc,heap      ] GC(591) Humongous regions: 478->174
[2020-09-24T04:23:22.382+0000][23404][gc,metaspace ] GC(591) Metaspace: 90186K(96256K)->90186K(96256K) NonClass: 78875K(82432K)->78875K(82432K) Class: 11310K(13824K)->11310K(13824K)
[2020-09-24T04:23:22.382+0000][23404][gc           ] GC(591) Pause Young (Concurrent Start) (G1 Humongous Allocation) 679M->262M(1024M) 5.795ms
[2020-09-24T04:23:22.382+0000][23404][gc,cpu       ] GC(591) User=0.02s Sys=0.00s Real=0.01s
[2020-09-24T04:23:22.382+0000][23404][gc           ] GC(592) Concurrent Cycle
[2020-09-24T04:23:22.382+0000][23404][safepoint    ] Safepoint "G1TryInitiateConcMark", Time since last: 57278900 ns, Reaching safepoint: 180900 ns, At safepoint: 6050400 ns, Total: 6231300 ns
[2020-09-24T04:23:22.382+0000][23404][gc,marking   ] GC(592) Concurrent Clear Claimed Marks
[2020-09-24T04:23:22.383+0000][23404][gc,marking   ] GC(592) Concurrent Clear Claimed Marks 0.771ms
[2020-09-24T04:23:22.383+0000][23404][gc,marking   ] GC(592) Concurrent Scan Root Regions
[2020-09-24T04:23:22.386+0000][23404][gc,marking   ] GC(592) Concurrent Scan Root Regions 2.841ms
[2020-09-24T04:23:22.386+0000][23404][gc,marking   ] GC(592) Concurrent Mark (2874.761s)
[2020-09-24T04:23:22.386+0000][23404][gc,marking   ] GC(592) Concurrent Mark From Roots
[2020-09-24T04:23:22.386+0000][23404][gc,task      ] GC(592) Using 2 workers of 2 for marking
[2020-09-24T04:23:22.547+0000][23404][gc,marking   ] GC(592) Concurrent Mark From Roots 160.587ms
[2020-09-24T04:23:22.547+0000][23404][gc,marking   ] GC(592) Concurrent Preclean
[2020-09-24T04:23:22.549+0000][23404][gc,marking   ] GC(592) Concurrent Preclean 1.486ms
[2020-09-24T04:23:22.549+0000][23404][gc,marking   ] GC(592) Concurrent Mark (2874.761s, 2874.923s) 162.584ms
[2020-09-24T04:23:22.549+0000][23404][gc,start     ] GC(592) Pause Remark
[2020-09-24T04:23:22.556+0000][23404][gc           ] GC(592) Pause Remark 566M->566M(1024M) 6.848ms
[2020-09-24T04:23:22.556+0000][23404][gc,cpu       ] GC(592) User=0.11s Sys=0.00s Real=0.01s
[2020-09-24T04:23:22.556+0000][23404][safepoint    ] Safepoint "G1Concurrent", Time since last: 166650500 ns, Reaching safepoint: 260900 ns, At safepoint: 7179200 ns, Total: 7440100 ns
[2020-09-24T04:23:22.556+0000][23404][gc,marking   ] GC(592) Concurrent Rebuild Remembered Sets
[2020-09-24T04:23:22.654+0000][23404][gc,marking   ] GC(592) Concurrent Rebuild Remembered Sets 97.249ms
[2020-09-24T04:23:22.654+0000][23404][gc,start     ] GC(592) Pause Cleanup
[2020-09-24T04:23:22.654+0000][23404][gc           ] GC(592) Pause Cleanup 673M->673M(1024M) 0.435ms
[2020-09-24T04:23:22.655+0000][23404][gc,cpu       ] GC(592) User=0.00s Sys=0.00s Real=0.00s
[2020-09-24T04:23:22.655+0000][23404][safepoint    ] Safepoint "G1Concurrent", Time since last: 97474100 ns, Reaching safepoint: 166500 ns, At safepoint: 664900 ns, Total: 831400 ns
[2020-09-24T04:23:22.655+0000][23404][gc,marking   ] GC(592) Concurrent Cleanup for Next Mark
[2020-09-24T04:23:22.657+0000][23404][gc,marking   ] GC(592) Concurrent Cleanup for Next Mark 2.034ms
[2020-09-24T04:23:22.657+0000][23404][gc           ] GC(592) Concurrent Cycle 274.645ms
[2020-09-24T04:23:22.719+0000][23404][gc,start     ] GC(593) Pause Young (Concurrent Start) (G1 Humongous Allocation)
[2020-09-24T04:23:22.719+0000][23404][gc,task      ] GC(593) Using 8 workers of 8 for evacuation
[2020-09-24T04:23:22.719+0000][23404][gc,age       ] GC(593) Desired survivor size 32505856 bytes, new threshold 15 (max threshold 15)
[2020-09-24T04:23:22.724+0000][23404][gc,age       ] GC(593) Age table with threshold 15 (max threshold 15)
[2020-09-24T04:23:22.724+0000][23404][gc,age       ] GC(593) - age   1:    3907472 bytes,    3907472 total
[2020-09-24T04:23:22.724+0000][23404][gc,age       ] GC(593) - age   2:      13112 bytes,    3920584 total
[2020-09-24T04:23:22.724+0000][23404][gc,age       ] GC(593) - age   3:       1528 bytes,    3922112 total
[2020-09-24T04:23:22.724+0000][23404][gc,age       ] GC(593) - age   4:       3040 bytes,    3925152 total
[2020-09-24T04:23:22.724+0000][23404][gc,age       ] GC(593) - age   5:       1104 bytes,    3926256 total
[2020-09-24T04:23:22.724+0000][23404][gc,age       ] GC(593) - age   6:       1328 bytes,    3927584 total
[2020-09-24T04:23:22.724+0000][23404][gc,age       ] GC(593) - age   7:       4256 bytes,    3931840 total
[2020-09-24T04:23:22.724+0000][23404][gc,age       ] GC(593) - age   8:        984 bytes,    3932824 total
[2020-09-24T04:23:22.724+0000][23404][gc,age       ] GC(593) - age   9:      11672 bytes,    3944496 total
[2020-09-24T04:23:22.724+0000][23404][gc,age       ] GC(593) - age  10:      21928 bytes,    3966424 total
[2020-09-24T04:23:22.724+0000][23404][gc,age       ] GC(593) - age  11:        744 bytes,    3967168 total
[2020-09-24T04:23:22.724+0000][23404][gc,age       ] GC(593) - age  12:      60872 bytes,    4028040 total
[2020-09-24T04:23:22.724+0000][23404][gc,age       ] GC(593) - age  13:        392 bytes,    4028432 total
[2020-09-24T04:23:22.725+0000][23404][gc,age       ] GC(593) - age  14:        856 bytes,    4029288 total
[2020-09-24T04:23:22.725+0000][23404][gc,age       ] GC(593) - age  15:      60448 bytes,    4089736 total
[2020-09-24T04:23:22.725+0000][23404][gc,phases    ] GC(593)   Pre Evacuate Collection Set: 0.4ms
[2020-09-24T04:23:22.725+0000][23404][gc,phases    ] GC(593)   Merge Heap Roots: 0.1ms
[2020-09-24T04:23:22.725+0000][23404][gc,phases    ] GC(593)   Evacuate Collection Set: 2.9ms
[2020-09-24T04:23:22.725+0000][23404][gc,phases    ] GC(593)   Post Evacuate Collection Set: 1.0ms
[2020-09-24T04:23:22.725+0000][23404][gc,phases    ] GC(593)   Other: 1.1ms
[2020-09-24T04:23:22.725+0000][23404][gc,heap      ] GC(593) Eden regions: 120->0(492)
[2020-09-24T04:23:22.725+0000][23404][gc,heap      ] GC(593) Survivor regions: 4->4(62)
[2020-09-24T04:23:22.725+0000][23404][gc,heap      ] GC(593) Old regions: 86->86
[2020-09-24T04:23:22.725+0000][23404][gc,heap      ] GC(593) Archive regions: 0->0
[2020-09-24T04:23:22.725+0000][23404][gc,heap      ] GC(593) Humongous regions: 482->174
[2020-09-24T04:23:22.725+0000][23404][gc,metaspace ] GC(593) Metaspace: 90186K(96256K)->90186K(96256K) NonClass: 78876K(82432K)->78876K(82432K) Class: 11310K(13824K)->11310K(13824K)
[2020-09-24T04:23:22.725+0000][23404][gc           ] GC(593) Pause Young (Concurrent Start) (G1 Humongous Allocation) 690M->263M(1024M) 6.143ms
[2020-09-24T04:23:22.725+0000][23404][gc,cpu       ] GC(593) User=0.00s Sys=0.02s Real=0.01s
[2020-09-24T04:23:22.725+0000][23404][gc           ] GC(594) Concurrent Cycle
[2020-09-24T04:23:22.725+0000][23404][safepoint    ] Safepoint "G1TryInitiateConcMark", Time since last: 64294400 ns, Reaching safepoint: 150600 ns, At safepoint: 6387700 ns, Total: 6538300 ns
[2020-09-24T04:23:22.726+0000][23404][gc,marking   ] GC(594) Concurrent Clear Claimed Marks
[2020-09-24T04:23:22.726+0000][23404][gc,marking   ] GC(594) Concurrent Clear Claimed Marks 0.519ms
[2020-09-24T04:23:22.726+0000][23404][gc,marking   ] GC(594) Concurrent Scan Root Regions
[2020-09-24T04:23:22.729+0000][23404][gc,marking   ] GC(594) Concurrent Scan Root Regions 3.179ms
[2020-09-24T04:23:22.729+0000][23404][gc,marking   ] GC(594) Concurrent Mark (2875.104s)
[2020-09-24T04:23:22.729+0000][23404][gc,marking   ] GC(594) Concurrent Mark From Roots
[2020-09-24T04:23:22.729+0000][23404][gc,task      ] GC(594) Using 2 workers of 2 for marking
[2020-09-24T04:23:22.870+0000][23404][gc,marking   ] GC(594) Concurrent Mark From Roots 140.483ms
[2020-09-24T04:23:22.870+0000][23404][gc,marking   ] GC(594) Concurrent Preclean
[2020-09-24T04:23:22.871+0000][23404][gc,marking   ] GC(594) Concurrent Preclean 0.555ms
[2020-09-24T04:23:22.871+0000][23404][gc,marking   ] GC(594) Concurrent Mark (2875.104s, 2875.245s) 141.207ms
[2020-09-24T04:23:22.871+0000][23404][gc,start     ] GC(594) Pause Remark
[2020-09-24T04:23:22.878+0000][23404][gc           ] GC(594) Pause Remark 462M->462M(1024M) 6.670ms
[2020-09-24T04:23:22.878+0000][23404][gc,cpu       ] GC(594) User=0.00s Sys=0.00s Real=0.01s
[2020-09-24T04:23:22.878+0000][23404][safepoint    ] Safepoint "G1Concurrent", Time since last: 145263100 ns, Reaching safepoint: 153700 ns, At safepoint: 6946400 ns, Total: 7100100 ns
[2020-09-24T04:23:22.878+0000][23404][gc,marking   ] GC(594) Concurrent Rebuild Remembered Sets
[2020-09-24T04:23:22.968+0000][23404][gc,marking   ] GC(594) Concurrent Rebuild Remembered Sets 90.568ms
[2020-09-24T04:23:22.969+0000][23404][gc,start     ] GC(594) Pause Cleanup
[2020-09-24T04:23:22.969+0000][23404][gc           ] GC(594) Pause Cleanup 540M->540M(1024M) 0.413ms
[2020-09-24T04:23:22.969+0000][23404][gc,cpu       ] GC(594) User=0.00s Sys=0.00s Real=0.00s
[2020-09-24T04:23:22.969+0000][23404][safepoint    ] Safepoint "G1Concurrent", Time since last: 90766400 ns, Reaching safepoint: 174800 ns, At safepoint: 587200 ns, Total: 762000 ns
[2020-09-24T04:23:22.969+0000][23404][gc,marking   ] GC(594) Concurrent Cleanup for Next Mark
[2020-09-24T04:23:22.971+0000][23404][gc,marking   ] GC(594) Concurrent Cleanup for Next Mark 1.762ms
[2020-09-24T04:23:22.971+0000][23404][gc           ] GC(594) Concurrent Cycle 245.817ms
[2020-09-24T04:23:23.000+0000][23404][gc,start     ] GC(595) Pause Young (Concurrent Start) (G1 Humongous Allocation)
[2020-09-24T04:23:23.000+0000][23404][gc,task      ] GC(595) Using 8 workers of 8 for evacuation
[2020-09-24T04:23:23.000+0000][23404][gc,age       ] GC(595) Desired survivor size 32505856 bytes, new threshold 15 (max threshold 15)
[2020-09-24T04:23:23.004+0000][23404][gc,age       ] GC(595) Age table with threshold 15 (max threshold 15)
[2020-09-24T04:23:23.004+0000][23404][gc,age       ] GC(595) - age   1:    3592112 bytes,    3592112 total
[2020-09-24T04:23:23.004+0000][23404][gc,age       ] GC(595) - age   2:     204120 bytes,    3796232 total
[2020-09-24T04:23:23.004+0000][23404][gc,age       ] GC(595) - age   3:      12744 bytes,    3808976 total
[2020-09-24T04:23:23.004+0000][23404][gc,age       ] GC(595) - age   4:        792 bytes,    3809768 total
[2020-09-24T04:23:23.004+0000][23404][gc,age       ] GC(595) - age   5:       1672 bytes,    3811440 total
[2020-09-24T04:23:23.004+0000][23404][gc,age       ] GC(595) - age   6:       1104 bytes,    3812544 total
[2020-09-24T04:23:23.004+0000][23404][gc,age       ] GC(595) - age   7:       1104 bytes,    3813648 total
[2020-09-24T04:23:23.004+0000][23404][gc,age       ] GC(595) - age   8:       4256 bytes,    3817904 total
[2020-09-24T04:23:23.004+0000][23404][gc,age       ] GC(595) - age   9:        984 bytes,    3818888 total
[2020-09-24T04:23:23.004+0000][23404][gc,age       ] GC(595) - age  10:      11480 bytes,    3830368 total
[2020-09-24T04:23:23.004+0000][23404][gc,age       ] GC(595) - age  11:      21864 bytes,    3852232 total
[2020-09-24T04:23:23.004+0000][23404][gc,age       ] GC(595) - age  12:        744 bytes,    3852976 total
[2020-09-24T04:23:23.004+0000][23404][gc,age       ] GC(595) - age  13:      60872 bytes,    3913848 total
[2020-09-24T04:23:23.004+0000][23404][gc,age       ] GC(595) - age  14:        392 bytes,    3914240 total
[2020-09-24T04:23:23.005+0000][23404][gc,age       ] GC(595) - age  15:        856 bytes,    3915096 total
[2020-09-24T04:23:23.005+0000][23404][gc,phases    ] GC(595)   Pre Evacuate Collection Set: 0.4ms
[2020-09-24T04:23:23.005+0000][23404][gc,phases    ] GC(595)   Merge Heap Roots: 0.1ms
[2020-09-24T04:23:23.005+0000][23404][gc,phases    ] GC(595)   Evacuate Collection Set: 2.4ms
[2020-09-24T04:23:23.005+0000][23404][gc,phases    ] GC(595)   Post Evacuate Collection Set: 0.8ms
[2020-09-24T04:23:23.005+0000][23404][gc,phases    ] GC(595)   Other: 0.9ms
[2020-09-24T04:23:23.005+0000][23404][gc,heap      ] GC(595) Eden regions: 78->0(492)
[2020-09-24T04:23:23.005+0000][23404][gc,heap      ] GC(595) Survivor regions: 4->4(62)
[2020-09-24T04:23:23.005+0000][23404][gc,heap      ] GC(595) Old regions: 86->86
[2020-09-24T04:23:23.005+0000][23404][gc,heap      ] GC(595) Archive regions: 0->0
[2020-09-24T04:23:23.005+0000][23404][gc,heap      ] GC(595) Humongous regions: 382->174
[2020-09-24T04:23:23.005+0000][23404][gc,metaspace ] GC(595) Metaspace: 90186K(96256K)->90186K(96256K) NonClass: 78876K(82432K)->78876K(82432K) Class: 11310K(13824K)->11310K(13824K)
[2020-09-24T04:23:23.005+0000][23404][gc           ] GC(595) Pause Young (Concurrent Start) (G1 Humongous Allocation) 549M->263M(1024M) 4.904ms
[2020-09-24T04:23:23.005+0000][23404][gc,cpu       ] GC(595) User=0.00s Sys=0.00s Real=0.01s
[2020-09-24T04:23:23.005+0000][23404][safepoint    ] Safepoint "G1TryInitiateConcMark", Time since last: 30438100 ns, Reaching safepoint: 157500 ns, At safepoint: 5055900 ns, Total: 5213400 ns
[2020-09-24T04:23:23.005+0000][23404][gc           ] GC(596) Concurrent Cycle
[2020-09-24T04:23:23.005+0000][23404][gc,marking   ] GC(596) Concurrent Clear Claimed Marks
[2020-09-24T04:23:23.005+0000][23404][gc,marking   ] GC(596) Concurrent Clear Claimed Marks 0.344ms
[2020-09-24T04:23:23.005+0000][23404][gc,marking   ] GC(596) Concurrent Scan Root Regions
[2020-09-24T04:23:23.008+0000][23404][gc,marking   ] GC(596) Concurrent Scan Root Regions 2.889ms
[2020-09-24T04:23:23.009+0000][23404][gc,marking   ] GC(596) Concurrent Mark (2875.383s)
[2020-09-24T04:23:23.009+0000][23404][gc,marking   ] GC(596) Concurrent Mark From Roots
[2020-09-24T04:23:23.009+0000][23404][gc,task      ] GC(596) Using 2 workers of 2 for marking
[2020-09-24T04:23:23.164+0000][23404][gc,marking   ] GC(596) Concurrent Mark From Roots 155.227ms
[2020-09-24T04:23:23.164+0000][23404][gc,marking   ] GC(596) Concurrent Preclean
[2020-09-24T04:23:23.165+0000][23404][gc,marking   ] GC(596) Concurrent Preclean 0.640ms
[2020-09-24T04:23:23.165+0000][23404][gc,marking   ] GC(596) Concurrent Mark (2875.383s, 2875.539s) 156.089ms
[2020-09-24T04:23:23.165+0000][23404][gc,start     ] GC(596) Pause Remark
[2020-09-24T04:23:23.172+0000][23404][gc           ] GC(596) Pause Remark 399M->399M(1024M) 7.097ms
[2020-09-24T04:23:23.172+0000][23404][gc,cpu       ] GC(596) User=0.00s Sys=0.00s Real=0.01s
[2020-09-24T04:23:23.172+0000][23404][safepoint    ] Safepoint "G1Concurrent", Time since last: 159718200 ns, Reaching safepoint: 158300 ns, At safepoint: 7294700 ns, Total: 7453000 ns
[2020-09-24T04:23:23.172+0000][23404][gc,marking   ] GC(596) Concurrent Rebuild Remembered Sets
[2020-09-24T04:23:23.260+0000][23404][gc,marking   ] GC(596) Concurrent Rebuild Remembered Sets 88.082ms
[2020-09-24T04:23:23.261+0000][23404][gc,start     ] GC(596) Pause Cleanup
[2020-09-24T04:23:23.261+0000][23404][gc           ] GC(596) Pause Cleanup 470M->470M(1024M) 0.427ms
[2020-09-24T04:23:23.261+0000][23404][gc,cpu       ] GC(596) User=0.00s Sys=0.00s Real=0.00s
[2020-09-24T04:23:23.261+0000][23404][safepoint    ] Safepoint "G1Concurrent", Time since last: 88255900 ns, Reaching safepoint: 192200 ns, At safepoint: 645900 ns, Total: 838100 ns
[2020-09-24T04:23:23.261+0000][23404][gc,marking   ] GC(596) Concurrent Cleanup for Next Mark
[2020-09-24T04:23:23.263+0000][23404][gc,marking   ] GC(596) Concurrent Cleanup for Next Mark 2.028ms
[2020-09-24T04:23:23.264+0000][23404][gc           ] GC(596) Concurrent Cycle 258.493ms
[2020-09-24T04:23:23.285+0000][23404][gc,start     ] GC(597) Pause Young (Concurrent Start) (G1 Humongous Allocation)
[2020-09-24T04:23:23.285+0000][23404][gc,task      ] GC(597) Using 8 workers of 8 for evacuation
[2020-09-24T04:23:23.285+0000][23404][gc,age       ] GC(597) Desired survivor size 32505856 bytes, new threshold 15 (max threshold 15)
[2020-09-24T04:23:23.292+0000][23404][gc,age       ] GC(597) Age table with threshold 15 (max threshold 15)
[2020-09-24T04:23:23.292+0000][23404][gc,age       ] GC(597) - age   1:   13705496 bytes,   13705496 total
[2020-09-24T04:23:23.292+0000][23404][gc,age       ] GC(597) - age   2:       3384 bytes,   13708880 total
[2020-09-24T04:23:23.292+0000][23404][gc,age       ] GC(597) - age   3:       2432 bytes,   13711312 total
[2020-09-24T04:23:23.292+0000][23404][gc,age       ] GC(597) - age   4:      11928 bytes,   13723240 total
[2020-09-24T04:23:23.292+0000][23404][gc,age       ] GC(597) - age   5:        472 bytes,   13723712 total
[2020-09-24T04:23:23.292+0000][23404][gc,age       ] GC(597) - age   6:       1640 bytes,   13725352 total
[2020-09-24T04:23:23.292+0000][23404][gc,age       ] GC(597) - age   7:        784 bytes,   13726136 total
[2020-09-24T04:23:23.292+0000][23404][gc,age       ] GC(597) - age   8:       1008 bytes,   13727144 total
[2020-09-24T04:23:23.292+0000][23404][gc,age       ] GC(597) - age   9:       1240 bytes,   13728384 total
[2020-09-24T04:23:23.293+0000][23404][gc,age       ] GC(597) - age  10:        920 bytes,   13729304 total
[2020-09-24T04:23:23.293+0000][23404][gc,age       ] GC(597) - age  11:      11352 bytes,   13740656 total
[2020-09-24T04:23:23.293+0000][23404][gc,age       ] GC(597) - age  12:      21864 bytes,   13762520 total
[2020-09-24T04:23:23.293+0000][23404][gc,age       ] GC(597) - age  13:        680 bytes,   13763200 total
[2020-09-24T04:23:23.293+0000][23404][gc,age       ] GC(597) - age  14:      60840 bytes,   13824040 total
[2020-09-24T04:23:23.293+0000][23404][gc,age       ] GC(597) - age  15:        392 bytes,   13824432 total
[2020-09-24T04:23:23.293+0000][23404][gc,phases    ] GC(597)   Pre Evacuate Collection Set: 0.6ms
[2020-09-24T04:23:23.293+0000][23404][gc,phases    ] GC(597)   Merge Heap Roots: 0.2ms
[2020-09-24T04:23:23.293+0000][23404][gc,phases    ] GC(597)   Evacuate Collection Set: 4.0ms
[2020-09-24T04:23:23.293+0000][23404][gc,phases    ] GC(597)   Post Evacuate Collection Set: 1.3ms
[2020-09-24T04:23:23.293+0000][23404][gc,phases    ] GC(597)   Other: 1.6ms
[2020-09-24T04:23:23.293+0000][23404][gc,heap      ] GC(597) Eden regions: 85->0(472)
[2020-09-24T04:23:23.293+0000][23404][gc,heap      ] GC(597) Survivor regions: 4->14(62)
[2020-09-24T04:23:23.293+0000][23404][gc,heap      ] GC(597) Old regions: 86->86
[2020-09-24T04:23:23.293+0000][23404][gc,heap      ] GC(597) Archive regions: 0->0
[2020-09-24T04:23:23.293+0000][23404][gc,heap      ] GC(597) Humongous regions: 318->174
[2020-09-24T04:23:23.293+0000][23404][gc,metaspace ] GC(597) Metaspace: 90197K(96256K)->90197K(96256K) NonClass: 78886K(82432K)->78886K(82432K) Class: 11310K(13824K)->11310K(13824K)
[2020-09-24T04:23:23.293+0000][23404][gc           ] GC(597) Pause Young (Concurrent Start) (G1 Humongous Allocation) 491M->272M(1024M) 8.165ms
[2020-09-24T04:23:23.293+0000][23404][gc,cpu       ] GC(597) User=0.09s Sys=0.00s Real=0.01s
[2020-09-24T04:23:23.294+0000][23404][gc           ] GC(598) Concurrent Cycle
[2020-09-24T04:23:23.294+0000][23404][gc,marking   ] GC(598) Concurrent Clear Claimed Marks
[2020-09-24T04:23:23.294+0000][23404][gc,marking   ] GC(598) Concurrent Clear Claimed Marks 0.429ms
[2020-09-24T04:23:23.294+0000][23404][gc,marking   ] GC(598) Concurrent Scan Root Regions
[2020-09-24T04:23:23.296+0000][23404][safepoint    ] Safepoint "G1TryInitiateConcMark", Time since last: 23588700 ns, Reaching safepoint: 239100 ns, At safepoint: 10857500 ns, Total: 11096600 ns
[2020-09-24T04:23:23.296+0000][23404][gc,marking   ] GC(598) Concurrent Scan Root Regions 1.875ms
[2020-09-24T04:23:23.296+0000][23404][gc,marking   ] GC(598) Concurrent Mark (2875.671s)
[2020-09-24T04:23:23.296+0000][23404][gc,marking   ] GC(598) Concurrent Mark From Roots
[2020-09-24T04:23:23.296+0000][23404][gc,task      ] GC(598) Using 2 workers of 2 for marking
[2020-09-24T04:23:23.458+0000][23404][gc,marking   ] GC(598) Concurrent Mark From Roots 161.699ms
[2020-09-24T04:23:23.458+0000][23404][gc,marking   ] GC(598) Concurrent Preclean
[2020-09-24T04:23:23.459+0000][23404][gc,marking   ] GC(598) Concurrent Preclean 0.698ms
[2020-09-24T04:23:23.459+0000][23404][gc,marking   ] GC(598) Concurrent Mark (2875.671s, 2875.833s) 162.623ms
[2020-09-24T04:23:23.459+0000][23404][gc,start     ] GC(598) Pause Remark
[2020-09-24T04:23:23.467+0000][23404][gc           ] GC(598) Pause Remark 591M->591M(1024M) 8.347ms
[2020-09-24T04:23:23.467+0000][23404][gc,cpu       ] GC(598) User=0.00s Sys=0.00s Real=0.01s
[2020-09-24T04:23:23.468+0000][23404][safepoint    ] Safepoint "G1Concurrent", Time since last: 162851900 ns, Reaching safepoint: 153400 ns, At safepoint: 8603600 ns, Total: 8757000 ns
[2020-09-24T04:23:23.468+0000][23404][gc,marking   ] GC(598) Concurrent Rebuild Remembered Sets
[2020-09-24T04:23:23.567+0000][23404][gc,marking   ] GC(598) Concurrent Rebuild Remembered Sets 99.681ms
[2020-09-24T04:23:23.568+0000][23404][gc,start     ] GC(598) Pause Cleanup
[2020-09-24T04:23:23.568+0000][23404][gc           ] GC(598) Pause Cleanup 663M->663M(1024M) 0.327ms
[2020-09-24T04:23:23.568+0000][23404][gc,cpu       ] GC(598) User=0.00s Sys=0.00s Real=0.00s
[2020-09-24T04:23:23.568+0000][23404][safepoint    ] Safepoint "G1Concurrent", Time since last: 99863400 ns, Reaching safepoint: 185900 ns, At safepoint: 487600 ns, Total: 673500 ns
[2020-09-24T04:23:23.568+0000][23404][gc,marking   ] GC(598) Concurrent Cleanup for Next Mark
[2020-09-24T04:23:23.570+0000][23404][gc,marking   ] GC(598) Concurrent Cleanup for Next Mark 2.088ms
[2020-09-24T04:23:23.570+0000][23404][gc           ] GC(598) Concurrent Cycle 276.811ms
[2020-09-24T04:23:23.597+0000][23404][gc,start     ] GC(599) Pause Young (Concurrent Start) (G1 Humongous Allocation)
[2020-09-24T04:23:23.597+0000][23404][gc,task      ] GC(599) Using 8 workers of 8 for evacuation
[2020-09-24T04:23:23.597+0000][23404][gc,age       ] GC(599) Desired survivor size 31981568 bytes, new threshold 15 (max threshold 15)
[2020-09-24T04:23:23.601+0000][23404][gc,age       ] GC(599) Age table with threshold 15 (max threshold 15)
[2020-09-24T04:23:23.601+0000][23404][gc,age       ] GC(599) - age   1:    3892000 bytes,    3892000 total
[2020-09-24T04:23:23.601+0000][23404][gc,age       ] GC(599) - age   2:      20496 bytes,    3912496 total
[2020-09-24T04:23:23.601+0000][23404][gc,age       ] GC(599) - age   3:       2856 bytes,    3915352 total
[2020-09-24T04:23:23.601+0000][23404][gc,age       ] GC(599) - age   4:       1792 bytes,    3917144 total
[2020-09-24T04:23:23.601+0000][23404][gc,age       ] GC(599) - age   5:      11568 bytes,    3928712 total
[2020-09-24T04:23:23.601+0000][23404][gc,age       ] GC(599) - age   6:        408 bytes,    3929120 total
[2020-09-24T04:23:23.601+0000][23404][gc,age       ] GC(599) - age   7:       1576 bytes,    3930696 total
[2020-09-24T04:23:23.601+0000][23404][gc,age       ] GC(599) - age   8:        720 bytes,    3931416 total
[2020-09-24T04:23:23.601+0000][23404][gc,age       ] GC(599) - age   9:        880 bytes,    3932296 total
[2020-09-24T04:23:23.601+0000][23404][gc,age       ] GC(599) - age  10:       1240 bytes,    3933536 total
[2020-09-24T04:23:23.601+0000][23404][gc,age       ] GC(599) - age  11:        920 bytes,    3934456 total
[2020-09-24T04:23:23.601+0000][23404][gc,age       ] GC(599) - age  12:      11352 bytes,    3945808 total
[2020-09-24T04:23:23.601+0000][23404][gc,age       ] GC(599) - age  13:      21800 bytes,    3967608 total
[2020-09-24T04:23:23.601+0000][23404][gc,age       ] GC(599) - age  14:        680 bytes,    3968288 total
[2020-09-24T04:23:23.601+0000][23404][gc,age       ] GC(599) - age  15:      60840 bytes,    4029128 total
[2020-09-24T04:23:23.601+0000][23404][gc,phases    ] GC(599)   Pre Evacuate Collection Set: 0.4ms
[2020-09-24T04:23:23.601+0000][23404][gc,phases    ] GC(599)   Merge Heap Roots: 0.1ms
[2020-09-24T04:23:23.601+0000][23404][gc,phases    ] GC(599)   Evacuate Collection Set: 2.3ms
[2020-09-24T04:23:23.601+0000][23404][gc,phases    ] GC(599)   Post Evacuate Collection Set: 1.0ms
[2020-09-24T04:23:23.602+0000][23404][gc,phases    ] GC(599)   Other: 1.0ms
[2020-09-24T04:23:23.602+0000][23404][gc,heap      ] GC(599) Eden regions: 100->0(483)
[2020-09-24T04:23:23.602+0000][23404][gc,heap      ] GC(599) Survivor regions: 14->5(61)
[2020-09-24T04:23:23.602+0000][23404][gc,heap      ] GC(599) Old regions: 86->86
[2020-09-24T04:23:23.602+0000][23404][gc,heap      ] GC(599) Archive regions: 0->0
[2020-09-24T04:23:23.602+0000][23404][gc,heap      ] GC(599) Humongous regions: 474->174
[2020-09-24T04:23:23.602+0000][23404][gc,metaspace ] GC(599) Metaspace: 90197K(96256K)->90197K(96256K) NonClass: 78886K(82432K)->78886K(82432K) Class: 11310K(13824K)->11310K(13824K)
[2020-09-24T04:23:23.602+0000][23404][gc           ] GC(599) Pause Young (Concurrent Start) (G1 Humongous Allocation) 672M->263M(1024M) 5.195ms
[2020-09-24T04:23:23.602+0000][23404][gc,cpu       ] GC(599) User=0.03s Sys=0.00s Real=0.01s
[2020-09-24T04:23:23.602+0000][23404][safepoint    ] Safepoint "G1TryInitiateConcMark", Time since last: 28287100 ns, Reaching safepoint: 160500 ns, At safepoint: 5369900 ns, Total: 5530400 ns
[2020-09-24T04:23:23.602+0000][23404][gc           ] GC(600) Concurrent Cycle
[2020-09-24T04:23:23.602+0000][23404][gc,marking   ] GC(600) Concurrent Clear Claimed Marks
[2020-09-24T04:23:23.602+0000][23404][gc,marking   ] GC(600) Concurrent Clear Claimed Marks 0.398ms
[2020-09-24T04:23:23.602+0000][23404][gc,marking   ] GC(600) Concurrent Scan Root Regions
[2020-09-24T04:23:23.605+0000][23404][gc,marking   ] GC(600) Concurrent Scan Root Regions 2.693ms
[2020-09-24T04:23:23.605+0000][23404][gc,marking   ] GC(600) Concurrent Mark (2875.980s)
[2020-09-24T04:23:23.605+0000][23404][gc,marking   ] GC(600) Concurrent Mark From Roots
[2020-09-24T04:23:23.605+0000][23404][gc,task      ] GC(600) Using 2 workers of 2 for marking
[2020-09-24T04:23:23.729+0000][23404][gc,marking   ] GC(600) Concurrent Mark From Roots 123.835ms
[2020-09-24T04:23:23.729+0000][23404][gc,marking   ] GC(600) Concurrent Preclean
[2020-09-24T04:23:23.730+0000][23404][gc,marking   ] GC(600) Concurrent Preclean 0.479ms
[2020-09-24T04:23:23.730+0000][23404][gc,marking   ] GC(600) Concurrent Mark (2875.980s, 2876.104s) 124.466ms
[2020-09-24T04:23:23.730+0000][23404][gc,start     ] GC(600) Pause Remark
[2020-09-24T04:23:23.737+0000][23404][gc           ] GC(600) Pause Remark 404M->404M(1024M) 6.689ms
[2020-09-24T04:23:23.737+0000][23404][gc,cpu       ] GC(600) User=0.00s Sys=0.00s Real=0.01s
[2020-09-24T04:23:23.737+0000][23404][safepoint    ] Safepoint "G1Concurrent", Time since last: 127881800 ns, Reaching safepoint: 143500 ns, At safepoint: 6935300 ns, Total: 7078800 ns
[2020-09-24T04:23:23.737+0000][23404][gc,marking   ] GC(600) Concurrent Rebuild Remembered Sets
[2020-09-24T04:23:23.822+0000][23404][gc,marking   ] GC(600) Concurrent Rebuild Remembered Sets 85.272ms
[2020-09-24T04:23:23.822+0000][23404][gc,start     ] GC(600) Pause Cleanup
[2020-09-24T04:23:23.823+0000][23404][gc           ] GC(600) Pause Cleanup 534M->534M(1024M) 0.339ms
[2020-09-24T04:23:23.823+0000][23404][gc,cpu       ] GC(600) User=0.00s Sys=0.00s Real=0.00s
[2020-09-24T04:23:23.823+0000][23404][safepoint    ] Safepoint "G1Concurrent", Time since last: 85423900 ns, Reaching safepoint: 123000 ns, At safepoint: 511100 ns, Total: 634100 ns
[2020-09-24T04:23:23.823+0000][23404][gc,marking   ] GC(600) Concurrent Cleanup for Next Mark
[2020-09-24T04:23:23.825+0000][23404][gc,marking   ] GC(600) Concurrent Cleanup for Next Mark 2.152ms
[2020-09-24T04:23:23.825+0000][23404][gc           ] GC(600) Concurrent Cycle 223.351ms
[2020-09-24T04:23:23.884+0000][23404][gc,start     ] GC(601) Pause Young (Concurrent Start) (G1 Humongous Allocation)
[2020-09-24T04:23:23.884+0000][23404][gc,task      ] GC(601) Using 8 workers of 8 for evacuation
[2020-09-24T04:23:23.884+0000][23404][gc,age       ] GC(601) Desired survivor size 31981568 bytes, new threshold 15 (max threshold 15)
[2020-09-24T04:23:23.887+0000][23404][gc,age       ] GC(601) Age table with threshold 15 (max threshold 15)
[2020-09-24T04:23:23.887+0000][23404][gc,age       ] GC(601) - age   1:    2598248 bytes,    2598248 total
[2020-09-24T04:23:23.887+0000][23404][gc,age       ] GC(601) - age   2:       2744 bytes,    2600992 total
[2020-09-24T04:23:23.887+0000][23404][gc,age       ] GC(601) - age   3:      15328 bytes,    2616320 total
[2020-09-24T04:23:23.887+0000][23404][gc,age       ] GC(601) - age   4:       1168 bytes,    2617488 total
[2020-09-24T04:23:23.887+0000][23404][gc,age       ] GC(601) - age   5:       1208 bytes,    2618696 total
[2020-09-24T04:23:23.887+0000][23404][gc,age       ] GC(601) - age   6:      11568 bytes,    2630264 total
[2020-09-24T04:23:23.887+0000][23404][gc,age       ] GC(601) - age   7:        408 bytes,    2630672 total
[2020-09-24T04:23:23.887+0000][23404][gc,age       ] GC(601) - age   8:       1488 bytes,    2632160 total
[2020-09-24T04:23:23.887+0000][23404][gc,age       ] GC(601) - age   9:        720 bytes,    2632880 total
[2020-09-24T04:23:23.887+0000][23404][gc,age       ] GC(601) - age  10:        560 bytes,    2633440 total
[2020-09-24T04:23:23.887+0000][23404][gc,age       ] GC(601) - age  11:       1240 bytes,    2634680 total
[2020-09-24T04:23:23.887+0000][23404][gc,age       ] GC(601) - age  12:        920 bytes,    2635600 total
[2020-09-24T04:23:23.887+0000][23404][gc,age       ] GC(601) - age  13:      11288 bytes,    2646888 total
[2020-09-24T04:23:23.887+0000][23404][gc,age       ] GC(601) - age  14:      21736 bytes,    2668624 total
[2020-09-24T04:23:23.887+0000][23404][gc,age       ] GC(601) - age  15:        552 bytes,    2669176 total
[2020-09-24T04:23:23.888+0000][23404][gc,phases    ] GC(601)   Pre Evacuate Collection Set: 0.4ms
[2020-09-24T04:23:23.888+0000][23404][gc,phases    ] GC(601)   Merge Heap Roots: 0.1ms
[2020-09-24T04:23:23.888+0000][23404][gc,phases    ] GC(601)   Evacuate Collection Set: 2.0ms
[2020-09-24T04:23:23.888+0000][23404][gc,phases    ] GC(601)   Post Evacuate Collection Set: 0.7ms
[2020-09-24T04:23:23.888+0000][23404][gc,phases    ] GC(601)   Other: 0.8ms
[2020-09-24T04:23:23.888+0000][23404][gc,heap      ] GC(601) Eden regions: 89->0(488)
[2020-09-24T04:23:23.888+0000][23404][gc,heap      ] GC(601) Survivor regions: 5->3(61)
[2020-09-24T04:23:23.888+0000][23404][gc,heap      ] GC(601) Old regions: 86->86
[2020-09-24T04:23:23.888+0000][23404][gc,heap      ] GC(601) Archive regions: 0->0
[2020-09-24T04:23:23.888+0000][23404][gc,heap      ] GC(601) Humongous regions: 374->174
[2020-09-24T04:23:23.888+0000][23404][gc,metaspace ] GC(601) Metaspace: 90198K(96256K)->90198K(96256K) NonClass: 78888K(82432K)->78888K(82432K) Class: 11310K(13824K)->11310K(13824K)
[2020-09-24T04:23:23.888+0000][23404][gc           ] GC(601) Pause Young (Concurrent Start) (G1 Humongous Allocation) 552M->262M(1024M) 4.194ms
[2020-09-24T04:23:23.888+0000][23404][gc,cpu       ] GC(601) User=0.00s Sys=0.00s Real=0.00s
[2020-09-24T04:23:23.888+0000][23404][safepoint    ] Safepoint "G1TryInitiateConcMark", Time since last: 60492700 ns, Reaching safepoint: 166900 ns, At safepoint: 4342900 ns, Total: 4509800 ns
[2020-09-24T04:23:23.888+0000][23404][gc           ] GC(602) Concurrent Cycle
[2020-09-24T04:23:23.888+0000][23404][gc,marking   ] GC(602) Concurrent Clear Claimed Marks
[2020-09-24T04:23:23.888+0000][23404][gc,marking   ] GC(602) Concurrent Clear Claimed Marks 0.410ms
[2020-09-24T04:23:23.889+0000][23404][gc,marking   ] GC(602) Concurrent Scan Root Regions
[2020-09-24T04:23:23.891+0000][23404][gc,marking   ] GC(602) Concurrent Scan Root Regions 2.729ms
[2020-09-24T04:23:23.891+0000][23404][gc,marking   ] GC(602) Concurrent Mark (2876.266s)
[2020-09-24T04:23:23.891+0000][23404][gc,marking   ] GC(602) Concurrent Mark From Roots
[2020-09-24T04:23:23.892+0000][23404][gc,task      ] GC(602) Using 2 workers of 2 for marking
[2020-09-24T04:23:24.022+0000][23404][gc,marking   ] GC(602) Concurrent Mark From Roots 130.218ms
[2020-09-24T04:23:24.022+0000][23404][gc,marking   ] GC(602) Concurrent Preclean
[2020-09-24T04:23:24.023+0000][23404][gc,marking   ] GC(602) Concurrent Preclean 1.051ms
[2020-09-24T04:23:24.023+0000][23404][gc,marking   ] GC(602) Concurrent Mark (2876.266s, 2876.398s) 131.677ms
[2020-09-24T04:23:24.023+0000][23404][gc,start     ] GC(602) Pause Remark
[2020-09-24T04:23:24.031+0000][23404][gc           ] GC(602) Pause Remark 452M->452M(1024M) 7.808ms
[2020-09-24T04:23:24.031+0000][23404][gc,cpu       ] GC(602) User=0.00s Sys=0.00s Real=0.01s
[2020-09-24T04:23:24.033+0000][23404][safepoint    ] Safepoint "G1Concurrent", Time since last: 135323300 ns, Reaching safepoint: 193200 ns, At safepoint: 9105500 ns, Total: 9298700 ns
[2020-09-24T04:23:24.033+0000][23404][gc,marking   ] GC(602) Concurrent Rebuild Remembered Sets
[2020-09-24T04:23:24.124+0000][23404][gc,marking   ] GC(602) Concurrent Rebuild Remembered Sets 91.049ms
[2020-09-24T04:23:24.124+0000][23404][gc,start     ] GC(602) Pause Cleanup
[2020-09-24T04:23:24.125+0000][23404][gc           ] GC(602) Pause Cleanup 735M->735M(1024M) 0.568ms
[2020-09-24T04:23:24.125+0000][23404][gc,cpu       ] GC(602) User=0.00s Sys=0.00s Real=0.00s
[2020-09-24T04:23:24.125+0000][23404][safepoint    ] Safepoint "G1Concurrent", Time since last: 91270900 ns, Reaching safepoint: 205200 ns, At safepoint: 795900 ns, Total: 1001100 ns
[2020-09-24T04:23:24.125+0000][23404][gc,marking   ] GC(602) Concurrent Cleanup for Next Mark
[2020-09-24T04:23:24.127+0000][23404][gc,marking   ] GC(602) Concurrent Cleanup for Next Mark 2.065ms
[2020-09-24T04:23:24.127+0000][23404][gc           ] GC(602) Concurrent Cycle 239.188ms
[2020-09-24T04:23:24.165+0000][23404][gc,start     ] GC(603) Pause Young (Concurrent Start) (G1 Humongous Allocation)
[2020-09-24T04:23:24.165+0000][23404][gc,task      ] GC(603) Using 8 workers of 8 for evacuation
[2020-09-24T04:23:24.165+0000][23404][gc,age       ] GC(603) Desired survivor size 32505856 bytes, new threshold 15 (max threshold 15)
[2020-09-24T04:23:24.169+0000][23404][gc,age       ] GC(603) Age table with threshold 15 (max threshold 15)
[2020-09-24T04:23:24.169+0000][23404][gc,age       ] GC(603) - age   1:    2595920 bytes,    2595920 total
[2020-09-24T04:23:24.169+0000][23404][gc,age       ] GC(603) - age   2:       5248 bytes,    2601168 total
[2020-09-24T04:23:24.169+0000][23404][gc,age       ] GC(603) - age   3:       1984 bytes,    2603152 total
[2020-09-24T04:23:24.169+0000][23404][gc,age       ] GC(603) - age   4:      14784 bytes,    2617936 total
[2020-09-24T04:23:24.169+0000][23404][gc,age       ] GC(603) - age   5:       1168 bytes,    2619104 total
[2020-09-24T04:23:24.169+0000][23404][gc,age       ] GC(603) - age   6:       1144 bytes,    2620248 total
[2020-09-24T04:23:24.169+0000][23404][gc,age       ] GC(603) - age   7:      11472 bytes,    2631720 total
[2020-09-24T04:23:24.169+0000][23404][gc,age       ] GC(603) - age   8:        408 bytes,    2632128 total
[2020-09-24T04:23:24.169+0000][23404][gc,age       ] GC(603) - age   9:       1424 bytes,    2633552 total
[2020-09-24T04:23:24.169+0000][23404][gc,age       ] GC(603) - age  10:        592 bytes,    2634144 total
[2020-09-24T04:23:24.169+0000][23404][gc,age       ] GC(603) - age  11:        560 bytes,    2634704 total
[2020-09-24T04:23:24.169+0000][23404][gc,age       ] GC(603) - age  12:       1176 bytes,    2635880 total
[2020-09-24T04:23:24.169+0000][23404][gc,age       ] GC(603) - age  13:        920 bytes,    2636800 total
[2020-09-24T04:23:24.169+0000][23404][gc,age       ] GC(603) - age  14:      11288 bytes,    2648088 total
[2020-09-24T04:23:24.169+0000][23404][gc,age       ] GC(603) - age  15:      21736 bytes,    2669824 total
[2020-09-24T04:23:24.170+0000][23404][gc,phases    ] GC(603)   Pre Evacuate Collection Set: 0.4ms
[2020-09-24T04:23:24.170+0000][23404][gc,phases    ] GC(603)   Merge Heap Roots: 0.1ms
[2020-09-24T04:23:24.170+0000][23404][gc,phases    ] GC(603)   Evacuate Collection Set: 2.0ms
[2020-09-24T04:23:24.170+0000][23404][gc,phases    ] GC(603)   Post Evacuate Collection Set: 1.0ms
[2020-09-24T04:23:24.170+0000][23404][gc,phases    ] GC(603)   Other: 1.1ms
[2020-09-24T04:23:24.170+0000][23404][gc,heap      ] GC(603) Eden regions: 133->0(490)
[2020-09-24T04:23:24.170+0000][23404][gc,heap      ] GC(603) Survivor regions: 3->3(62)
[2020-09-24T04:23:24.170+0000][23404][gc,heap      ] GC(603) Old regions: 86->86
[2020-09-24T04:23:24.170+0000][23404][gc,heap      ] GC(603) Archive regions: 0->0
[2020-09-24T04:23:24.170+0000][23404][gc,heap      ] GC(603) Humongous regions: 526->174
[2020-09-24T04:23:24.170+0000][23404][gc,metaspace ] GC(603) Metaspace: 90199K(96256K)->90199K(96256K) NonClass: 78889K(82432K)->78889K(82432K) Class: 11310K(13824K)->11310K(13824K)
[2020-09-24T04:23:24.170+0000][23404][gc           ] GC(603) Pause Young (Concurrent Start) (G1 Humongous Allocation) 747M->262M(1024M) 5.111ms
[2020-09-24T04:23:24.170+0000][23404][gc,cpu       ] GC(603) User=0.00s Sys=0.00s Real=0.01s
[2020-09-24T04:23:24.170+0000][23404][safepoint    ] Safepoint "G1TryInitiateConcMark", Time since last: 39986900 ns, Reaching safepoint: 132300 ns, At safepoint: 5302600 ns, Total: 5434900 ns
[2020-09-24T04:23:24.170+0000][23404][gc           ] GC(604) Concurrent Cycle
[2020-09-24T04:23:24.170+0000][23404][gc,marking   ] GC(604) Concurrent Clear Claimed Marks
[2020-09-24T04:23:24.171+0000][23404][gc,marking   ] GC(604) Concurrent Clear Claimed Marks 0.506ms
[2020-09-24T04:23:24.171+0000][23404][gc,marking   ] GC(604) Concurrent Scan Root Regions
[2020-09-24T04:23:24.173+0000][23404][gc,marking   ] GC(604) Concurrent Scan Root Regions 2.176ms
[2020-09-24T04:23:24.173+0000][23404][gc,marking   ] GC(604) Concurrent Mark (2876.548s)
[2020-09-24T04:23:24.173+0000][23404][gc,marking   ] GC(604) Concurrent Mark From Roots
[2020-09-24T04:23:24.173+0000][23404][gc,task      ] GC(604) Using 2 workers of 2 for marking
[2020-09-24T04:23:24.338+0000][23404][gc,marking   ] GC(604) Concurrent Mark From Roots 165.015ms
[2020-09-24T04:23:24.338+0000][23404][gc,marking   ] GC(604) Concurrent Preclean
[2020-09-24T04:23:24.339+0000][23404][gc,marking   ] GC(604) Concurrent Preclean 0.647ms
[2020-09-24T04:23:24.339+0000][23404][gc,marking   ] GC(604) Concurrent Mark (2876.548s, 2876.714s) 165.912ms
[2020-09-24T04:23:24.339+0000][23404][gc,start     ] GC(604) Pause Remark
[2020-09-24T04:23:24.348+0000][23404][gc           ] GC(604) Pause Remark 332M->332M(1024M) 8.313ms
[2020-09-24T04:23:24.348+0000][23404][gc,cpu       ] GC(604) User=0.00s Sys=0.00s Real=0.01s
[2020-09-24T04:23:24.348+0000][23404][safepoint    ] Safepoint "G1Concurrent", Time since last: 169018600 ns, Reaching safepoint: 163400 ns, At safepoint: 8590600 ns, Total: 8754000 ns
[2020-09-24T04:23:24.348+0000][23404][gc,marking   ] GC(604) Concurrent Rebuild Remembered Sets
[2020-09-24T04:23:24.448+0000][23404][gc,marking   ] GC(604) Concurrent Rebuild Remembered Sets 99.962ms
[2020-09-24T04:23:24.449+0000][23404][gc,start     ] GC(604) Pause Cleanup
[2020-09-24T04:23:24.450+0000][23404][gc           ] GC(604) Pause Cleanup 339M->339M(1024M) 0.643ms
[2020-09-24T04:23:24.450+0000][23404][gc,cpu       ] GC(604) User=0.00s Sys=0.00s Real=0.00s
[2020-09-24T04:23:24.450+0000][23404][safepoint    ] Safepoint "G1Concurrent", Time since last: 100191300 ns, Reaching safepoint: 282400 ns, At safepoint: 1124900 ns, Total: 1407300 ns
[2020-09-24T04:23:24.450+0000][23404][gc,marking   ] GC(604) Concurrent Cleanup for Next Mark
[2020-09-24T04:23:24.452+0000][23404][gc,marking   ] GC(604) Concurrent Cleanup for Next Mark 2.123ms
[2020-09-24T04:23:24.452+0000][23404][gc           ] GC(604) Concurrent Cycle 281.772ms
[2020-09-24T04:23:25.451+0000][23404][safepoint    ] Safepoint "Cleanup", Time since last: 1000102100 ns, Reaching safepoint: 227100 ns, At safepoint: 56700 ns, Total: 283800 ns
[2020-09-24T04:23:26.013+0000][23404][gc,start     ] GC(605) Pause Young (Concurrent Start) (G1 Humongous Allocation)
[2020-09-24T04:23:26.013+0000][23404][gc,task      ] GC(605) Using 8 workers of 8 for evacuation
[2020-09-24T04:23:26.014+0000][23404][gc,age       ] GC(605) Desired survivor size 32505856 bytes, new threshold 15 (max threshold 15)
[2020-09-24T04:23:26.018+0000][23404][gc,age       ] GC(605) Age table with threshold 15 (max threshold 15)
[2020-09-24T04:23:26.018+0000][23404][gc,age       ] GC(605) - age   1:    2820536 bytes,    2820536 total
[2020-09-24T04:23:26.018+0000][23404][gc,age       ] GC(605) - age   2:      14216 bytes,    2834752 total
[2020-09-24T04:23:26.018+0000][23404][gc,age       ] GC(605) - age   3:       2680 bytes,    2837432 total
[2020-09-24T04:23:26.018+0000][23404][gc,age       ] GC(605) - age   4:       1816 bytes,    2839248 total
[2020-09-24T04:23:26.018+0000][23404][gc,age       ] GC(605) - age   5:      14320 bytes,    2853568 total
[2020-09-24T04:23:26.018+0000][23404][gc,age       ] GC(605) - age   6:       1168 bytes,    2854736 total
[2020-09-24T04:23:26.018+0000][23404][gc,age       ] GC(605) - age   7:       1080 bytes,    2855816 total
[2020-09-24T04:23:26.018+0000][23404][gc,age       ] GC(605) - age   8:      11472 bytes,    2867288 total
[2020-09-24T04:23:26.018+0000][23404][gc,age       ] GC(605) - age   9:        408 bytes,    2867696 total
[2020-09-24T04:23:26.018+0000][23404][gc,age       ] GC(605) - age  10:       1224 bytes,    2868920 total
[2020-09-24T04:23:26.018+0000][23404][gc,age       ] GC(605) - age  11:        464 bytes,    2869384 total
[2020-09-24T04:23:26.018+0000][23404][gc,age       ] GC(605) - age  12:        560 bytes,    2869944 total
[2020-09-24T04:23:26.018+0000][23404][gc,age       ] GC(605) - age  13:       1080 bytes,    2871024 total
[2020-09-24T04:23:26.018+0000][23404][gc,age       ] GC(605) - age  14:        856 bytes,    2871880 total
[2020-09-24T04:23:26.018+0000][23404][gc,age       ] GC(605) - age  15:      11288 bytes,    2883168 total
[2020-09-24T04:23:26.019+0000][23404][gc,phases    ] GC(605)   Pre Evacuate Collection Set: 0.5ms
[2020-09-24T04:23:26.019+0000][23404][gc,phases    ] GC(605)   Merge Heap Roots: 0.1ms
[2020-09-24T04:23:26.019+0000][23404][gc,phases    ] GC(605)   Evacuate Collection Set: 2.1ms
[2020-09-24T04:23:26.019+0000][23404][gc,phases    ] GC(605)   Post Evacuate Collection Set: 1.2ms
[2020-09-24T04:23:26.019+0000][23404][gc,phases    ] GC(605)   Other: 1.4ms
[2020-09-24T04:23:26.019+0000][23404][gc,heap      ] GC(605) Eden regions: 148->0(492)
[2020-09-24T04:23:26.019+0000][23404][gc,heap      ] GC(605) Survivor regions: 3->3(62)
[2020-09-24T04:23:26.019+0000][23404][gc,heap      ] GC(605) Old regions: 86->86
[2020-09-24T04:23:26.019+0000][23404][gc,heap      ] GC(605) Archive regions: 0->0
[2020-09-24T04:23:26.019+0000][23404][gc,heap      ] GC(605) Humongous regions: 222->174
[2020-09-24T04:23:26.019+0000][23404][gc,metaspace ] GC(605) Metaspace: 90205K(96256K)->90205K(96256K) NonClass: 78895K(82432K)->78895K(82432K) Class: 11310K(13824K)->11310K(13824K)
[2020-09-24T04:23:26.019+0000][23404][gc           ] GC(605) Pause Young (Concurrent Start) (G1 Humongous Allocation) 458M->262M(1024M) 5.774ms
[2020-09-24T04:23:26.019+0000][23404][gc,cpu       ] GC(605) User=0.00s Sys=0.00s Real=0.01s
[2020-09-24T04:23:26.019+0000][23404][gc           ] GC(606) Concurrent Cycle
[2020-09-24T04:23:26.019+0000][23404][safepoint    ] Safepoint "G1TryInitiateConcMark", Time since last: 562763200 ns, Reaching safepoint: 266900 ns, At safepoint: 6052900 ns, Total: 6319800 ns
[2020-09-24T04:23:26.019+0000][23404][gc,marking   ] GC(606) Concurrent Clear Claimed Marks
[2020-09-24T04:23:26.020+0000][23404][gc,marking   ] GC(606) Concurrent Clear Claimed Marks 0.653ms
[2020-09-24T04:23:26.020+0000][23404][gc,marking   ] GC(606) Concurrent Scan Root Regions
[2020-09-24T04:23:26.023+0000][23404][gc,marking   ] GC(606) Concurrent Scan Root Regions 2.521ms
[2020-09-24T04:23:26.023+0000][23404][gc,marking   ] GC(606) Concurrent Mark (2878.397s)
[2020-09-24T04:23:26.023+0000][23404][gc,marking   ] GC(606) Concurrent Mark From Roots
[2020-09-24T04:23:26.023+0000][23404][gc,task      ] GC(606) Using 2 workers of 2 for marking
[2020-09-24T04:23:26.189+0000][23404][gc,marking   ] GC(606) Concurrent Mark From Roots 166.247ms
[2020-09-24T04:23:26.189+0000][23404][gc,marking   ] GC(606) Concurrent Preclean
[2020-09-24T04:23:26.190+0000][23404][gc,marking   ] GC(606) Concurrent Preclean 0.664ms
[2020-09-24T04:23:26.190+0000][23404][gc,marking   ] GC(606) Concurrent Mark (2878.397s, 2878.564s) 167.137ms
[2020-09-24T04:23:26.193+0000][23404][gc,start     ] GC(606) Pause Remark
[2020-09-24T04:23:26.200+0000][23404][gc           ] GC(606) Pause Remark 395M->395M(1024M) 7.257ms
[2020-09-24T04:23:26.200+0000][23404][gc,cpu       ] GC(606) User=0.03s Sys=0.00s Real=0.01s
[2020-09-24T04:23:26.201+0000][23404][safepoint    ] Safepoint "G1Concurrent", Time since last: 170651900 ns, Reaching safepoint: 2608800 ns, At safepoint: 7879100 ns, Total: 10487900 ns
[2020-09-24T04:23:26.201+0000][23404][gc,marking   ] GC(606) Concurrent Rebuild Remembered Sets
[2020-09-24T04:23:26.298+0000][23404][gc,marking   ] GC(606) Concurrent Rebuild Remembered Sets 97.063ms
[2020-09-24T04:23:26.298+0000][23404][gc,start     ] GC(606) Pause Cleanup
[2020-09-24T04:23:26.298+0000][23404][gc           ] GC(606) Pause Cleanup 414M->414M(1024M) 0.396ms
[2020-09-24T04:23:26.299+0000][23404][gc,cpu       ] GC(606) User=0.00s Sys=0.00s Real=0.00s
[2020-09-24T04:23:26.299+0000][23404][safepoint    ] Safepoint "G1Concurrent", Time since last: 97281700 ns, Reaching safepoint: 172700 ns, At safepoint: 590400 ns, Total: 763100 ns
[2020-09-24T04:23:26.299+0000][23404][gc,marking   ] GC(606) Concurrent Cleanup for Next Mark
[2020-09-24T04:23:26.300+0000][23404][gc,marking   ] GC(606) Concurrent Cleanup for Next Mark 1.572ms
[2020-09-24T04:23:26.300+0000][23404][gc           ] GC(606) Concurrent Cycle 280.959ms
[2020-09-24T04:23:26.334+0000][23404][gc,start     ] GC(607) Pause Young (Concurrent Start) (G1 Humongous Allocation)
[2020-09-24T04:23:26.334+0000][23404][gc,task      ] GC(607) Using 8 workers of 8 for evacuation
[2020-09-24T04:23:26.334+0000][23404][gc,age       ] GC(607) Desired survivor size 32505856 bytes, new threshold 15 (max threshold 15)
[2020-09-24T04:23:26.338+0000][23404][gc,age       ] GC(607) Age table with threshold 15 (max threshold 15)
[2020-09-24T04:23:26.338+0000][23404][gc,age       ] GC(607) - age   1:    1063168 bytes,    1063168 total
[2020-09-24T04:23:26.338+0000][23404][gc,age       ] GC(607) - age   2:     144728 bytes,    1207896 total
[2020-09-24T04:23:26.338+0000][23404][gc,age       ] GC(607) - age   3:       9600 bytes,    1217496 total
[2020-09-24T04:23:26.338+0000][23404][gc,age       ] GC(607) - age   4:       2568 bytes,    1220064 total
[2020-09-24T04:23:26.338+0000][23404][gc,age       ] GC(607) - age   5:       1816 bytes,    1221880 total
[2020-09-24T04:23:26.338+0000][23404][gc,age       ] GC(607) - age   6:      14320 bytes,    1236200 total
[2020-09-24T04:23:26.338+0000][23404][gc,age       ] GC(607) - age   7:       1168 bytes,    1237368 total
[2020-09-24T04:23:26.338+0000][23404][gc,age       ] GC(607) - age   8:       1080 bytes,    1238448 total
[2020-09-24T04:23:26.338+0000][23404][gc,age       ] GC(607) - age   9:      11472 bytes,    1249920 total
[2020-09-24T04:23:26.338+0000][23404][gc,age       ] GC(607) - age  10:        408 bytes,    1250328 total
[2020-09-24T04:23:26.338+0000][23404][gc,age       ] GC(607) - age  11:       1224 bytes,    1251552 total
[2020-09-24T04:23:26.338+0000][23404][gc,age       ] GC(607) - age  12:        464 bytes,    1252016 total
[2020-09-24T04:23:26.338+0000][23404][gc,age       ] GC(607) - age  13:        496 bytes,    1252512 total
[2020-09-24T04:23:26.338+0000][23404][gc,age       ] GC(607) - age  14:       1080 bytes,    1253592 total
[2020-09-24T04:23:26.339+0000][23404][gc,age       ] GC(607) - age  15:        856 bytes,    1254448 total
[2020-09-24T04:23:26.339+0000][23404][gc,phases    ] GC(607)   Pre Evacuate Collection Set: 0.5ms
[2020-09-24T04:23:26.339+0000][23404][gc,phases    ] GC(607)   Merge Heap Roots: 0.1ms
[2020-09-24T04:23:26.339+0000][23404][gc,phases    ] GC(607)   Evacuate Collection Set: 2.1ms
[2020-09-24T04:23:26.339+0000][23404][gc,phases    ] GC(607)   Post Evacuate Collection Set: 0.8ms
[2020-09-24T04:23:26.339+0000][23404][gc,phases    ] GC(607)   Other: 1.1ms
[2020-09-24T04:23:26.339+0000][23404][gc,heap      ] GC(607) Eden regions: 44->0(495)
[2020-09-24T04:23:26.339+0000][23404][gc,heap      ] GC(607) Survivor regions: 3->2(62)
[2020-09-24T04:23:26.339+0000][23404][gc,heap      ] GC(607) Old regions: 86->86
[2020-09-24T04:23:26.339+0000][23404][gc,heap      ] GC(607) Archive regions: 0->0
[2020-09-24T04:23:26.339+0000][23404][gc,heap      ] GC(607) Humongous regions: 288->174
[2020-09-24T04:23:26.339+0000][23404][gc,metaspace ] GC(607) Metaspace: 90205K(96256K)->90205K(96256K) NonClass: 78895K(82432K)->78895K(82432K) Class: 11310K(13824K)->11310K(13824K)
[2020-09-24T04:23:26.339+0000][23404][gc           ] GC(607) Pause Young (Concurrent Start) (G1 Humongous Allocation) 420M->260M(1024M) 4.838ms
[2020-09-24T04:23:26.339+0000][23404][gc,cpu       ] GC(607) User=0.00s Sys=0.00s Real=0.00s
[2020-09-24T04:23:26.339+0000][23404][gc           ] GC(608) Concurrent Cycle
[2020-09-24T04:23:26.339+0000][23404][safepoint    ] Safepoint "G1TryInitiateConcMark", Time since last: 35420000 ns, Reaching safepoint: 142400 ns, At safepoint: 5083500 ns, Total: 5225900 ns
[2020-09-24T04:23:26.339+0000][23404][gc,marking   ] GC(608) Concurrent Clear Claimed Marks
[2020-09-24T04:23:26.340+0000][23404][gc,marking   ] GC(608) Concurrent Clear Claimed Marks 0.618ms
[2020-09-24T04:23:26.340+0000][23404][gc,marking   ] GC(608) Concurrent Scan Root Regions
[2020-09-24T04:23:26.342+0000][23404][gc,marking   ] GC(608) Concurrent Scan Root Regions 2.269ms
[2020-09-24T04:23:26.342+0000][23404][gc,marking   ] GC(608) Concurrent Mark (2878.717s)
[2020-09-24T04:23:26.342+0000][23404][gc,marking   ] GC(608) Concurrent Mark From Roots
[2020-09-24T04:23:26.342+0000][23404][gc,task      ] GC(608) Using 2 workers of 2 for marking
[2020-09-24T04:23:26.497+0000][23404][gc,marking   ] GC(608) Concurrent Mark From Roots 154.424ms
[2020-09-24T04:23:26.497+0000][23404][gc,marking   ] GC(608) Concurrent Preclean
[2020-09-24T04:23:26.497+0000][23404][gc,marking   ] GC(608) Concurrent Preclean 0.528ms
[2020-09-24T04:23:26.498+0000][23404][gc,marking   ] GC(608) Concurrent Mark (2878.717s, 2878.872s) 155.211ms
[2020-09-24T04:23:26.498+0000][23404][gc,start     ] GC(608) Pause Remark
[2020-09-24T04:23:26.505+0000][23404][gc           ] GC(608) Pause Remark 279M->279M(1024M) 7.215ms
[2020-09-24T04:23:26.505+0000][23404][gc,cpu       ] GC(608) User=0.00s Sys=0.00s Real=0.01s
[2020-09-24T04:23:26.505+0000][23404][safepoint    ] Safepoint "G1Concurrent", Time since last: 158421000 ns, Reaching safepoint: 176500 ns, At safepoint: 7461400 ns, Total: 7637900 ns
[2020-09-24T04:23:26.505+0000][23404][gc,marking   ] GC(608) Concurrent Rebuild Remembered Sets
[2020-09-24T04:23:26.599+0000][23404][gc,marking   ] GC(608) Concurrent Rebuild Remembered Sets 93.258ms
[2020-09-24T04:23:26.599+0000][23404][gc,start     ] GC(608) Pause Cleanup
[2020-09-24T04:23:26.599+0000][23404][gc           ] GC(608) Pause Cleanup 348M->348M(1024M) 0.365ms
[2020-09-24T04:23:26.599+0000][23404][gc,cpu       ] GC(608) User=0.00s Sys=0.00s Real=0.00s
[2020-09-24T04:23:26.599+0000][23404][safepoint    ] Safepoint "G1Concurrent", Time since last: 93469100 ns, Reaching safepoint: 148100 ns, At safepoint: 547300 ns, Total: 695400 ns
[2020-09-24T04:23:26.600+0000][23404][gc,marking   ] GC(608) Concurrent Cleanup for Next Mark
[2020-09-24T04:23:26.601+0000][23404][gc,marking   ] GC(608) Concurrent Cleanup for Next Mark 1.890ms
[2020-09-24T04:23:26.602+0000][23404][gc           ] GC(608) Concurrent Cycle 262.324ms
[2020-09-24T04:23:26.643+0000][23404][gc,start     ] GC(609) Pause Young (Concurrent Start) (G1 Humongous Allocation)
[2020-09-24T04:23:26.644+0000][23404][gc,task      ] GC(609) Using 8 workers of 8 for evacuation
[2020-09-24T04:23:26.644+0000][23404][gc,age       ] GC(609) Desired survivor size 33030144 bytes, new threshold 15 (max threshold 15)
[2020-09-24T04:23:26.647+0000][23404][gc,age       ] GC(609) Age table with threshold 15 (max threshold 15)
[2020-09-24T04:23:26.647+0000][23404][gc,age       ] GC(609) - age   1:    2989192 bytes,    2989192 total
[2020-09-24T04:23:26.647+0000][23404][gc,age       ] GC(609) - age   2:     439488 bytes,    3428680 total
[2020-09-24T04:23:26.647+0000][23404][gc,age       ] GC(609) - age   3:     144464 bytes,    3573144 total
[2020-09-24T04:23:26.648+0000][23404][gc,age       ] GC(609) - age   4:       8992 bytes,    3582136 total
[2020-09-24T04:23:26.648+0000][23404][gc,age       ] GC(609) - age   5:       2056 bytes,    3584192 total
[2020-09-24T04:23:26.648+0000][23404][gc,age       ] GC(609) - age   6:       1528 bytes,    3585720 total
[2020-09-24T04:23:26.648+0000][23404][gc,age       ] GC(609) - age   7:      14320 bytes,    3600040 total
[2020-09-24T04:23:26.648+0000][23404][gc,age       ] GC(609) - age   8:       1104 bytes,    3601144 total
[2020-09-24T04:23:26.648+0000][23404][gc,age       ] GC(609) - age   9:       1016 bytes,    3602160 total
[2020-09-24T04:23:26.648+0000][23404][gc,age       ] GC(609) - age  10:      11472 bytes,    3613632 total
[2020-09-24T04:23:26.648+0000][23404][gc,age       ] GC(609) - age  11:        408 bytes,    3614040 total
[2020-09-24T04:23:26.648+0000][23404][gc,age       ] GC(609) - age  12:       1192 bytes,    3615232 total
[2020-09-24T04:23:26.648+0000][23404][gc,age       ] GC(609) - age  13:        464 bytes,    3615696 total
[2020-09-24T04:23:26.648+0000][23404][gc,age       ] GC(609) - age  14:        496 bytes,    3616192 total
[2020-09-24T04:23:26.648+0000][23404][gc,age       ] GC(609) - age  15:       1080 bytes,    3617272 total
[2020-09-24T04:23:26.648+0000][23404][gc,phases    ] GC(609)   Pre Evacuate Collection Set: 0.4ms
[2020-09-24T04:23:26.648+0000][23404][gc,phases    ] GC(609)   Merge Heap Roots: 0.1ms
[2020-09-24T04:23:26.648+0000][23404][gc,phases    ] GC(609)   Evacuate Collection Set: 2.2ms
[2020-09-24T04:23:26.648+0000][23404][gc,phases    ] GC(609)   Post Evacuate Collection Set: 0.8ms
[2020-09-24T04:23:26.648+0000][23404][gc,phases    ] GC(609)   Other: 1.1ms
[2020-09-24T04:23:26.648+0000][23404][gc,heap      ] GC(609) Eden regions: 29->0(493)
[2020-09-24T04:23:26.648+0000][23404][gc,heap      ] GC(609) Survivor regions: 2->4(63)
[2020-09-24T04:23:26.648+0000][23404][gc,heap      ] GC(609) Old regions: 86->86
[2020-09-24T04:23:26.648+0000][23404][gc,heap      ] GC(609) Archive regions: 0->0
[2020-09-24T04:23:26.648+0000][23404][gc,heap      ] GC(609) Humongous regions: 241->174
[2020-09-24T04:23:26.648+0000][23404][gc,metaspace ] GC(609) Metaspace: 90205K(96256K)->90205K(96256K) NonClass: 78895K(82432K)->78895K(82432K) Class: 11310K(13824K)->11310K(13824K)
[2020-09-24T04:23:26.648+0000][23404][gc           ] GC(609) Pause Young (Concurrent Start) (G1 Humongous Allocation) 356M->263M(1024M) 5.016ms
[2020-09-24T04:23:26.649+0000][23404][gc,cpu       ] GC(609) User=0.02s Sys=0.00s Real=0.01s
[2020-09-24T04:23:26.649+0000][23404][safepoint    ] Safepoint "G1TryInitiateConcMark", Time since last: 43755100 ns, Reaching safepoint: 170800 ns, At safepoint: 5239300 ns, Total: 5410100 ns
[2020-09-24T04:23:26.649+0000][23404][gc           ] GC(610) Concurrent Cycle
[2020-09-24T04:23:26.649+0000][23404][gc,marking   ] GC(610) Concurrent Clear Claimed Marks
[2020-09-24T04:23:26.649+0000][23404][gc,marking   ] GC(610) Concurrent Clear Claimed Marks 0.528ms
[2020-09-24T04:23:26.649+0000][23404][gc,marking   ] GC(610) Concurrent Scan Root Regions
[2020-09-24T04:23:26.652+0000][23404][gc,marking   ] GC(610) Concurrent Scan Root Regions 2.764ms
[2020-09-24T04:23:26.652+0000][23404][gc,marking   ] GC(610) Concurrent Mark (2879.027s)
[2020-09-24T04:23:26.652+0000][23404][gc,marking   ] GC(610) Concurrent Mark From Roots
[2020-09-24T04:23:26.652+0000][23404][gc,task      ] GC(610) Using 2 workers of 2 for marking
[2020-09-24T04:23:26.804+0000][23404][gc,marking   ] GC(610) Concurrent Mark From Roots 151.192ms
[2020-09-24T04:23:26.804+0000][23404][gc,marking   ] GC(610) Concurrent Preclean
[2020-09-24T04:23:26.804+0000][23404][gc,marking   ] GC(610) Concurrent Preclean 0.641ms
[2020-09-24T04:23:26.804+0000][23404][gc,marking   ] GC(610) Concurrent Mark (2879.027s, 2879.179s) 152.077ms
[2020-09-24T04:23:26.805+0000][23404][gc,start     ] GC(610) Pause Remark
[2020-09-24T04:23:26.813+0000][23404][gc           ] GC(610) Pause Remark 333M->333M(1024M) 8.322ms
[2020-09-24T04:23:26.813+0000][23404][gc,cpu       ] GC(610) User=0.00s Sys=0.00s Real=0.01s
[2020-09-24T04:23:26.813+0000][23404][safepoint    ] Safepoint "G1Concurrent", Time since last: 155847000 ns, Reaching safepoint: 127700 ns, At safepoint: 8555100 ns, Total: 8682800 ns
[2020-09-24T04:23:26.813+0000][23404][gc,marking   ] GC(610) Concurrent Rebuild Remembered Sets
[2020-09-24T04:23:26.905+0000][23404][gc,marking   ] GC(610) Concurrent Rebuild Remembered Sets 91.337ms
[2020-09-24T04:23:26.905+0000][23404][gc,start     ] GC(610) Pause Cleanup
[2020-09-24T04:23:26.906+0000][23404][gc           ] GC(610) Pause Cleanup 335M->335M(1024M) 0.378ms
[2020-09-24T04:23:26.906+0000][23404][gc,cpu       ] GC(610) User=0.00s Sys=0.00s Real=0.00s
[2020-09-24T04:23:26.906+0000][23404][safepoint    ] Safepoint "G1Concurrent", Time since last: 91516400 ns, Reaching safepoint: 189700 ns, At safepoint: 573000 ns, Total: 762700 ns
[2020-09-24T04:23:26.906+0000][23404][gc,marking   ] GC(610) Concurrent Cleanup for Next Mark
[2020-09-24T04:23:26.907+0000][23404][gc,marking   ] GC(610) Concurrent Cleanup for Next Mark 1.890ms
[2020-09-24T04:23:26.907+0000][23404][gc           ] GC(610) Concurrent Cycle 258.908ms
[2020-09-24T04:23:27.158+0000][23404][gc,start     ] GC(611) Pause Young (Concurrent Start) (G1 Humongous Allocation)
[2020-09-24T04:23:27.158+0000][23404][gc,task      ] GC(611) Using 8 workers of 8 for evacuation
[2020-09-24T04:23:27.158+0000][23404][gc,age       ] GC(611) Desired survivor size 33030144 bytes, new threshold 15 (max threshold 15)
[2020-09-24T04:23:27.161+0000][23404][gc,age       ] GC(611) Age table with threshold 15 (max threshold 15)
[2020-09-24T04:23:27.161+0000][23404][gc,age       ] GC(611) - age   1:    2696632 bytes,    2696632 total
[2020-09-24T04:23:27.161+0000][23404][gc,age       ] GC(611) - age   2:      26072 bytes,    2722704 total
[2020-09-24T04:23:27.161+0000][23404][gc,age       ] GC(611) - age   3:       1480 bytes,    2724184 total
[2020-09-24T04:23:27.161+0000][23404][gc,age       ] GC(611) - age   4:     140416 bytes,    2864600 total
[2020-09-24T04:23:27.161+0000][23404][gc,age       ] GC(611) - age   5:       8792 bytes,    2873392 total
[2020-09-24T04:23:27.161+0000][23404][gc,age       ] GC(611) - age   6:       1960 bytes,    2875352 total
[2020-09-24T04:23:27.161+0000][23404][gc,age       ] GC(611) - age   7:       1528 bytes,    2876880 total
[2020-09-24T04:23:27.161+0000][23404][gc,age       ] GC(611) - age   8:      14320 bytes,    2891200 total
[2020-09-24T04:23:27.161+0000][23404][gc,age       ] GC(611) - age   9:       1104 bytes,    2892304 total
[2020-09-24T04:23:27.161+0000][23404][gc,age       ] GC(611) - age  10:       1016 bytes,    2893320 total
[2020-09-24T04:23:27.162+0000][23404][gc,age       ] GC(611) - age  11:      11472 bytes,    2904792 total
[2020-09-24T04:23:27.162+0000][23404][gc,age       ] GC(611) - age  12:        408 bytes,    2905200 total
[2020-09-24T04:23:27.162+0000][23404][gc,age       ] GC(611) - age  13:       1160 bytes,    2906360 total
[2020-09-24T04:23:27.162+0000][23404][gc,age       ] GC(611) - age  14:        464 bytes,    2906824 total
[2020-09-24T04:23:27.162+0000][23404][gc,age       ] GC(611) - age  15:        432 bytes,    2907256 total
[2020-09-24T04:23:27.162+0000][23404][gc,phases    ] GC(611)   Pre Evacuate Collection Set: 0.5ms
[2020-09-24T04:23:27.162+0000][23404][gc,phases    ] GC(611)   Merge Heap Roots: 0.1ms
[2020-09-24T04:23:27.162+0000][23404][gc,phases    ] GC(611)   Evacuate Collection Set: 1.9ms
[2020-09-24T04:23:27.162+0000][23404][gc,phases    ] GC(611)   Post Evacuate Collection Set: 0.7ms
[2020-09-24T04:23:27.162+0000][23404][gc,phases    ] GC(611)   Other: 0.9ms
[2020-09-24T04:23:27.162+0000][23404][gc,heap      ] GC(611) Eden regions: 27->0(495)
[2020-09-24T04:23:27.162+0000][23404][gc,heap      ] GC(611) Survivor regions: 4->3(63)
[2020-09-24T04:23:27.162+0000][23404][gc,heap      ] GC(611) Old regions: 86->86
[2020-09-24T04:23:27.162+0000][23404][gc,heap      ] GC(611) Archive regions: 0->0
[2020-09-24T04:23:27.162+0000][23404][gc,heap      ] GC(611) Humongous regions: 231->174
[2020-09-24T04:23:27.162+0000][23404][gc,metaspace ] GC(611) Metaspace: 90208K(96256K)->90208K(96256K) NonClass: 78898K(82432K)->78898K(82432K) Class: 11310K(13824K)->11310K(13824K)
[2020-09-24T04:23:27.162+0000][23404][gc           ] GC(611) Pause Young (Concurrent Start) (G1 Humongous Allocation) 346M->262M(1024M) 4.405ms
[2020-09-24T04:23:27.162+0000][23404][gc,cpu       ] GC(611) User=0.00s Sys=0.00s Real=0.00s
[2020-09-24T04:23:27.162+0000][23404][safepoint    ] Safepoint "G1TryInitiateConcMark", Time since last: 251617400 ns, Reaching safepoint: 201700 ns, At safepoint: 4584300 ns, Total: 4786000 ns
[2020-09-24T04:23:27.162+0000][23404][gc           ] GC(612) Concurrent Cycle
[2020-09-24T04:23:27.162+0000][23404][gc,marking   ] GC(612) Concurrent Clear Claimed Marks
[2020-09-24T04:23:27.163+0000][23404][gc,marking   ] GC(612) Concurrent Clear Claimed Marks 0.662ms
[2020-09-24T04:23:27.163+0000][23404][gc,marking   ] GC(612) Concurrent Scan Root Regions
[2020-09-24T04:23:27.166+0000][23404][gc,marking   ] GC(612) Concurrent Scan Root Regions 2.615ms
[2020-09-24T04:23:27.166+0000][23404][gc,marking   ] GC(612) Concurrent Mark (2879.540s)
[2020-09-24T04:23:27.166+0000][23404][gc,marking   ] GC(612) Concurrent Mark From Roots
[2020-09-24T04:23:27.166+0000][23404][gc,task      ] GC(612) Using 2 workers of 2 for marking
[2020-09-24T04:23:27.292+0000][23404][gc,marking   ] GC(612) Concurrent Mark From Roots 126.598ms
[2020-09-24T04:23:27.293+0000][23404][gc,marking   ] GC(612) Concurrent Preclean
[2020-09-24T04:23:27.293+0000][23404][gc,marking   ] GC(612) Concurrent Preclean 0.638ms
[2020-09-24T04:23:27.293+0000][23404][gc,marking   ] GC(612) Concurrent Mark (2879.540s, 2879.667s) 127.443ms
[2020-09-24T04:23:27.293+0000][23404][gc,start     ] GC(612) Pause Remark
[2020-09-24T04:23:27.300+0000][23404][gc           ] GC(612) Pause Remark 417M->417M(1024M) 6.560ms
[2020-09-24T04:23:27.300+0000][23404][gc,cpu       ] GC(612) User=0.00s Sys=0.00s Real=0.01s
[2020-09-24T04:23:27.300+0000][23404][safepoint    ] Safepoint "G1Concurrent", Time since last: 131126000 ns, Reaching safepoint: 136900 ns, At safepoint: 6827700 ns, Total: 6964600 ns
[2020-09-24T04:23:27.300+0000][23404][gc,marking   ] GC(612) Concurrent Rebuild Remembered Sets
[2020-09-24T04:23:27.384+0000][23404][gc,marking   ] GC(612) Concurrent Rebuild Remembered Sets 83.531ms
[2020-09-24T04:23:27.385+0000][23404][gc,start     ] GC(612) Pause Cleanup
[2020-09-24T04:23:27.385+0000][23404][gc           ] GC(612) Pause Cleanup 504M->504M(1024M) 0.426ms
[2020-09-24T04:23:27.385+0000][23404][gc,cpu       ] GC(612) User=0.00s Sys=0.00s Real=0.00s
[2020-09-24T04:23:27.385+0000][23404][safepoint    ] Safepoint "G1Concurrent", Time since last: 83981600 ns, Reaching safepoint: 214000 ns, At safepoint: 616500 ns, Total: 830500 ns
[2020-09-24T04:23:27.385+0000][23404][gc,marking   ] GC(612) Concurrent Cleanup for Next Mark
[2020-09-24T04:23:27.387+0000][23404][gc,marking   ] GC(612) Concurrent Cleanup for Next Mark 1.621ms
[2020-09-24T04:23:27.387+0000][23404][gc           ] GC(612) Concurrent Cycle 225.268ms
[2020-09-24T04:23:27.417+0000][23404][gc,start     ] GC(613) Pause Young (Concurrent Start) (G1 Humongous Allocation)
[2020-09-24T04:23:27.417+0000][23404][gc,task      ] GC(613) Using 8 workers of 8 for evacuation
[2020-09-24T04:23:27.417+0000][23404][gc,age       ] GC(613) Desired survivor size 33030144 bytes, new threshold 15 (max threshold 15)
[2020-09-24T04:23:27.420+0000][23404][gc,age       ] GC(613) Age table with threshold 15 (max threshold 15)
[2020-09-24T04:23:27.420+0000][23404][gc,age       ] GC(613) - age   1:    3417000 bytes,    3417000 total
[2020-09-24T04:23:27.420+0000][23404][gc,age       ] GC(613) - age   2:      13824 bytes,    3430824 total
[2020-09-24T04:23:27.420+0000][23404][gc,age       ] GC(613) - age   3:      25008 bytes,    3455832 total
[2020-09-24T04:23:27.420+0000][23404][gc,age       ] GC(613) - age   4:        520 bytes,    3456352 total
[2020-09-24T04:23:27.420+0000][23404][gc,age       ] GC(613) - age   5:     140288 bytes,    3596640 total
[2020-09-24T04:23:27.420+0000][23404][gc,age       ] GC(613) - age   6:       8480 bytes,    3605120 total
[2020-09-24T04:23:27.420+0000][23404][gc,age       ] GC(613) - age   7:       1864 bytes,    3606984 total
[2020-09-24T04:23:27.420+0000][23404][gc,age       ] GC(613) - age   8:       1400 bytes,    3608384 total
[2020-09-24T04:23:27.420+0000][23404][gc,age       ] GC(613) - age   9:      14256 bytes,    3622640 total
[2020-09-24T04:23:27.421+0000][23404][gc,age       ] GC(613) - age  10:       1040 bytes,    3623680 total
[2020-09-24T04:23:27.421+0000][23404][gc,age       ] GC(613) - age  11:        984 bytes,    3624664 total
[2020-09-24T04:23:27.421+0000][23404][gc,age       ] GC(613) - age  12:      11472 bytes,    3636136 total
[2020-09-24T04:23:27.421+0000][23404][gc,age       ] GC(613) - age  13:        408 bytes,    3636544 total
[2020-09-24T04:23:27.421+0000][23404][gc,age       ] GC(613) - age  14:       1160 bytes,    3637704 total
[2020-09-24T04:23:27.421+0000][23404][gc,age       ] GC(613) - age  15:        464 bytes,    3638168 total
[2020-09-24T04:23:27.421+0000][23404][gc,phases    ] GC(613)   Pre Evacuate Collection Set: 0.4ms
[2020-09-24T04:23:27.421+0000][23404][gc,phases    ] GC(613)   Merge Heap Roots: 0.1ms
[2020-09-24T04:23:27.421+0000][23404][gc,phases    ] GC(613)   Evacuate Collection Set: 2.2ms
[2020-09-24T04:23:27.421+0000][23404][gc,phases    ] GC(613)   Post Evacuate Collection Set: 0.8ms
[2020-09-24T04:23:27.421+0000][23404][gc,phases    ] GC(613)   Other: 0.8ms
[2020-09-24T04:23:27.421+0000][23404][gc,heap      ] GC(613) Eden regions: 72->0(494)
[2020-09-24T04:23:27.421+0000][23404][gc,heap      ] GC(613) Survivor regions: 3->4(63)
[2020-09-24T04:23:27.421+0000][23404][gc,heap      ] GC(613) Old regions: 86->86
[2020-09-24T04:23:27.421+0000][23404][gc,heap      ] GC(613) Archive regions: 0->0
[2020-09-24T04:23:27.421+0000][23404][gc,heap      ] GC(613) Humongous regions: 355->174
[2020-09-24T04:23:27.421+0000][23404][gc,metaspace ] GC(613) Metaspace: 90208K(96256K)->90208K(96256K) NonClass: 78898K(82432K)->78898K(82432K) Class: 11310K(13824K)->11310K(13824K)
[2020-09-24T04:23:27.421+0000][23404][gc           ] GC(613) Pause Young (Concurrent Start) (G1 Humongous Allocation) 515M->263M(1024M) 4.542ms
[2020-09-24T04:23:27.421+0000][23404][gc,cpu       ] GC(613) User=0.00s Sys=0.00s Real=0.00s
[2020-09-24T04:23:27.421+0000][23404][safepoint    ] Safepoint "G1TryInitiateConcMark", Time since last: 31237000 ns, Reaching safepoint: 144400 ns, At safepoint: 4701600 ns, Total: 4846000 ns
[2020-09-24T04:23:27.421+0000][23404][gc           ] GC(614) Concurrent Cycle
[2020-09-24T04:23:27.421+0000][23404][gc,marking   ] GC(614) Concurrent Clear Claimed Marks
[2020-09-24T04:23:27.422+0000][23404][gc,marking   ] GC(614) Concurrent Clear Claimed Marks 0.486ms
[2020-09-24T04:23:27.422+0000][23404][gc,marking   ] GC(614) Concurrent Scan Root Regions
[2020-09-24T04:23:27.424+0000][23404][gc,marking   ] GC(614) Concurrent Scan Root Regions 2.035ms
[2020-09-24T04:23:27.424+0000][23404][gc,marking   ] GC(614) Concurrent Mark (2879.798s)
[2020-09-24T04:23:27.424+0000][23404][gc,marking   ] GC(614) Concurrent Mark From Roots
[2020-09-24T04:23:27.424+0000][23404][gc,task      ] GC(614) Using 2 workers of 2 for marking
[2020-09-24T04:23:27.539+0000][23404][gc,marking   ] GC(614) Concurrent Mark From Roots 114.779ms
[2020-09-24T04:23:27.539+0000][23404][gc,marking   ] GC(614) Concurrent Preclean
[2020-09-24T04:23:27.540+0000][23404][gc,marking   ] GC(614) Concurrent Preclean 0.751ms
[2020-09-24T04:23:27.540+0000][23404][gc,marking   ] GC(614) Concurrent Mark (2879.798s, 2879.914s) 115.838ms
[2020-09-24T04:23:27.540+0000][23404][gc,start     ] GC(614) Pause Remark
[2020-09-24T04:23:27.547+0000][23404][gc           ] GC(614) Pause Remark 460M->460M(1024M) 6.756ms
[2020-09-24T04:23:27.547+0000][23404][gc,cpu       ] GC(614) User=0.00s Sys=0.00s Real=0.01s
[2020-09-24T04:23:27.547+0000][23404][safepoint    ] Safepoint "G1Concurrent", Time since last: 118827600 ns, Reaching safepoint: 205700 ns, At safepoint: 6989800 ns, Total: 7195500 ns
[2020-09-24T04:23:27.547+0000][23404][gc,marking   ] GC(614) Concurrent Rebuild Remembered Sets
[2020-09-24T04:23:27.627+0000][23404][gc,marking   ] GC(614) Concurrent Rebuild Remembered Sets 79.361ms
[2020-09-24T04:23:27.627+0000][23404][gc,start     ] GC(614) Pause Cleanup
[2020-09-24T04:23:27.627+0000][23404][gc           ] GC(614) Pause Cleanup 561M->561M(1024M) 0.340ms
[2020-09-24T04:23:27.627+0000][23404][gc,cpu       ] GC(614) User=0.00s Sys=0.00s Real=0.00s
[2020-09-24T04:23:27.627+0000][23404][safepoint    ] Safepoint "G1Concurrent", Time since last: 79606400 ns, Reaching safepoint: 202200 ns, At safepoint: 491300 ns, Total: 693500 ns
[2020-09-24T04:23:27.628+0000][23404][gc,marking   ] GC(614) Concurrent Cleanup for Next Mark
[2020-09-24T04:23:27.630+0000][23404][gc,marking   ] GC(614) Concurrent Cleanup for Next Mark 2.212ms
[2020-09-24T04:23:27.630+0000][23404][gc           ] GC(614) Concurrent Cycle 208.739ms
[2020-09-24T04:23:27.846+0000][23404][gc,start     ] GC(615) Pause Young (Concurrent Start) (G1 Humongous Allocation)
[2020-09-24T04:23:27.846+0000][23404][gc,task      ] GC(615) Using 8 workers of 8 for evacuation
[2020-09-24T04:23:27.846+0000][23404][gc,age       ] GC(615) Desired survivor size 33030144 bytes, new threshold 15 (max threshold 15)
[2020-09-24T04:23:27.850+0000][23404][gc,age       ] GC(615) Age table with threshold 15 (max threshold 15)
[2020-09-24T04:23:27.850+0000][23404][gc,age       ] GC(615) - age   1:    2699840 bytes,    2699840 total
[2020-09-24T04:23:27.850+0000][23404][gc,age       ] GC(615) - age   2:       6536 bytes,    2706376 total
[2020-09-24T04:23:27.850+0000][23404][gc,age       ] GC(615) - age   3:      10352 bytes,    2716728 total
[2020-09-24T04:23:27.850+0000][23404][gc,age       ] GC(615) - age   4:      24128 bytes,    2740856 total
[2020-09-24T04:23:27.850+0000][23404][gc,age       ] GC(615) - age   5:        456 bytes,    2741312 total
[2020-09-24T04:23:27.850+0000][23404][gc,age       ] GC(615) - age   6:     140288 bytes,    2881600 total
[2020-09-24T04:23:27.850+0000][23404][gc,age       ] GC(615) - age   7:       8240 bytes,    2889840 total
[2020-09-24T04:23:27.850+0000][23404][gc,age       ] GC(615) - age   8:       1736 bytes,    2891576 total
[2020-09-24T04:23:27.850+0000][23404][gc,age       ] GC(615) - age   9:       1336 bytes,    2892912 total
[2020-09-24T04:23:27.850+0000][23404][gc,age       ] GC(615) - age  10:      14256 bytes,    2907168 total
[2020-09-24T04:23:27.850+0000][23404][gc,age       ] GC(615) - age  11:       1008 bytes,    2908176 total
[2020-09-24T04:23:27.850+0000][23404][gc,age       ] GC(615) - age  12:        888 bytes,    2909064 total
[2020-09-24T04:23:27.850+0000][23404][gc,age       ] GC(615) - age  13:      11472 bytes,    2920536 total
[2020-09-24T04:23:27.851+0000][23404][gc,age       ] GC(615) - age  14:        408 bytes,    2920944 total
[2020-09-24T04:23:27.851+0000][23404][gc,age       ] GC(615) - age  15:       1064 bytes,    2922008 total
[2020-09-24T04:23:27.851+0000][23404][gc,phases    ] GC(615)   Pre Evacuate Collection Set: 0.4ms
[2020-09-24T04:23:27.851+0000][23404][gc,phases    ] GC(615)   Merge Heap Roots: 0.1ms
[2020-09-24T04:23:27.851+0000][23404][gc,phases    ] GC(615)   Evacuate Collection Set: 1.9ms
[2020-09-24T04:23:27.851+0000][23404][gc,phases    ] GC(615)   Post Evacuate Collection Set: 0.9ms
[2020-09-24T04:23:27.851+0000][23404][gc,phases    ] GC(615)   Other: 0.9ms
[2020-09-24T04:23:27.851+0000][23404][gc,heap      ] GC(615) Eden regions: 73->0(495)
[2020-09-24T04:23:27.851+0000][23404][gc,heap      ] GC(615) Survivor regions: 4->3(63)
[2020-09-24T04:23:27.851+0000][23404][gc,heap      ] GC(615) Old regions: 86->86
[2020-09-24T04:23:27.851+0000][23404][gc,heap      ] GC(615) Archive regions: 0->0
[2020-09-24T04:23:27.851+0000][23404][gc,heap      ] GC(615) Humongous regions: 411->174
[2020-09-24T04:23:27.851+0000][23404][gc,metaspace ] GC(615) Metaspace: 90208K(96256K)->90208K(96256K) NonClass: 78898K(82432K)->78898K(82432K) Class: 11310K(13824K)->11310K(13824K)
[2020-09-24T04:23:27.851+0000][23404][gc           ] GC(615) Pause Young (Concurrent Start) (G1 Humongous Allocation) 573M->262M(1024M) 4.687ms
[2020-09-24T04:23:27.851+0000][23404][gc,cpu       ] GC(615) User=0.05s Sys=0.02s Real=0.01s
[2020-09-24T04:23:27.851+0000][23404][gc           ] GC(616) Concurrent Cycle
[2020-09-24T04:23:27.851+0000][23404][safepoint    ] Safepoint "G1TryInitiateConcMark", Time since last: 218664200 ns, Reaching safepoint: 154600 ns, At safepoint: 4850400 ns, Total: 5005000 ns
[2020-09-24T04:23:27.851+0000][23404][gc,marking   ] GC(616) Concurrent Clear Claimed Marks
[2020-09-24T04:23:27.852+0000][23404][gc,marking   ] GC(616) Concurrent Clear Claimed Marks 0.491ms
[2020-09-24T04:23:27.852+0000][23404][gc,marking   ] GC(616) Concurrent Scan Root Regions
[2020-09-24T04:23:27.854+0000][23404][gc,marking   ] GC(616) Concurrent Scan Root Regions 2.182ms
[2020-09-24T04:23:27.854+0000][23404][gc,marking   ] GC(616) Concurrent Mark (2880.228s)
[2020-09-24T04:23:27.854+0000][23404][gc,marking   ] GC(616) Concurrent Mark From Roots
[2020-09-24T04:23:27.854+0000][23404][gc,task      ] GC(616) Using 2 workers of 2 for marking
[2020-09-24T04:23:27.988+0000][23404][gc,marking   ] GC(616) Concurrent Mark From Roots 133.422ms
[2020-09-24T04:23:27.988+0000][23404][gc,marking   ] GC(616) Concurrent Preclean
[2020-09-24T04:23:27.988+0000][23404][gc,marking   ] GC(616) Concurrent Preclean 0.376ms
[2020-09-24T04:23:27.988+0000][23404][gc,marking   ] GC(616) Concurrent Mark (2880.228s, 2880.362s) 133.957ms
[2020-09-24T04:23:27.988+0000][23404][gc,start     ] GC(616) Pause Remark
[2020-09-24T04:23:27.995+0000][23404][gc           ] GC(616) Pause Remark 400M->400M(1024M) 7.004ms
[2020-09-24T04:23:27.995+0000][23404][gc,cpu       ] GC(616) User=0.06s Sys=0.00s Real=0.01s
[2020-09-24T04:23:27.995+0000][23404][safepoint    ] Safepoint "G1Concurrent", Time since last: 136945700 ns, Reaching safepoint: 124700 ns, At safepoint: 7241400 ns, Total: 7366100 ns
[2020-09-24T04:23:27.996+0000][23404][gc,marking   ] GC(616) Concurrent Rebuild Remembered Sets
[2020-09-24T04:23:28.078+0000][23404][gc,marking   ] GC(616) Concurrent Rebuild Remembered Sets 82.270ms
[2020-09-24T04:23:28.078+0000][23404][gc,start     ] GC(616) Pause Cleanup
[2020-09-24T04:23:28.079+0000][23404][gc           ] GC(616) Pause Cleanup 460M->460M(1024M) 0.467ms
[2020-09-24T04:23:28.079+0000][23404][gc,cpu       ] GC(616) User=0.00s Sys=0.00s Real=0.00s
[2020-09-24T04:23:28.079+0000][23404][safepoint    ] Safepoint "G1Concurrent", Time since last: 82512400 ns, Reaching safepoint: 282700 ns, At safepoint: 797400 ns, Total: 1080100 ns
[2020-09-24T04:23:28.079+0000][23404][gc,marking   ] GC(616) Concurrent Cleanup for Next Mark
[2020-09-24T04:23:28.081+0000][23404][gc,marking   ] GC(616) Concurrent Cleanup for Next Mark 1.881ms
[2020-09-24T04:23:28.081+0000][23404][gc           ] GC(616) Concurrent Cycle 229.969ms
[2020-09-24T04:23:28.131+0000][23404][gc,start     ] GC(617) Pause Young (Concurrent Start) (G1 Humongous Allocation)
[2020-09-24T04:23:28.131+0000][23404][gc,task      ] GC(617) Using 8 workers of 8 for evacuation
[2020-09-24T04:23:28.132+0000][23404][gc,age       ] GC(617) Desired survivor size 33030144 bytes, new threshold 15 (max threshold 15)
[2020-09-24T04:23:28.135+0000][23404][gc,age       ] GC(617) Age table with threshold 15 (max threshold 15)
[2020-09-24T04:23:28.135+0000][23404][gc,age       ] GC(617) - age   1:    2886496 bytes,    2886496 total
[2020-09-24T04:23:28.135+0000][23404][gc,age       ] GC(617) - age   2:      18368 bytes,    2904864 total
[2020-09-24T04:23:28.135+0000][23404][gc,age       ] GC(617) - age   3:       5760 bytes,    2910624 total
[2020-09-24T04:23:28.135+0000][23404][gc,age       ] GC(617) - age   4:      10192 bytes,    2920816 total
[2020-09-24T04:23:28.135+0000][23404][gc,age       ] GC(617) - age   5:      24096 bytes,    2944912 total
[2020-09-24T04:23:28.135+0000][23404][gc,age       ] GC(617) - age   6:        456 bytes,    2945368 total
[2020-09-24T04:23:28.135+0000][23404][gc,age       ] GC(617) - age   7:     140288 bytes,    3085656 total
[2020-09-24T04:23:28.135+0000][23404][gc,age       ] GC(617) - age   8:       8176 bytes,    3093832 total
[2020-09-24T04:23:28.135+0000][23404][gc,age       ] GC(617) - age   9:       1736 bytes,    3095568 total
[2020-09-24T04:23:28.135+0000][23404][gc,age       ] GC(617) - age  10:       1304 bytes,    3096872 total
[2020-09-24T04:23:28.135+0000][23404][gc,age       ] GC(617) - age  11:      14256 bytes,    3111128 total
[2020-09-24T04:23:28.135+0000][23404][gc,age       ] GC(617) - age  12:        912 bytes,    3112040 total
[2020-09-24T04:23:28.135+0000][23404][gc,age       ] GC(617) - age  13:        888 bytes,    3112928 total
[2020-09-24T04:23:28.135+0000][23404][gc,age       ] GC(617) - age  14:      11472 bytes,    3124400 total
[2020-09-24T04:23:28.135+0000][23404][gc,age       ] GC(617) - age  15:        344 bytes,    3124744 total
[2020-09-24T04:23:28.136+0000][23404][gc,phases    ] GC(617)   Pre Evacuate Collection Set: 0.4ms
[2020-09-24T04:23:28.136+0000][23404][gc,phases    ] GC(617)   Merge Heap Roots: 0.1ms
[2020-09-24T04:23:28.136+0000][23404][gc,phases    ] GC(617)   Evacuate Collection Set: 2.1ms
[2020-09-24T04:23:28.136+0000][23404][gc,phases    ] GC(617)   Post Evacuate Collection Set: 0.8ms
[2020-09-24T04:23:28.136+0000][23404][gc,phases    ] GC(617)   Other: 0.9ms
[2020-09-24T04:23:28.136+0000][23404][gc,heap      ] GC(617) Eden regions: 57->0(495)
[2020-09-24T04:23:28.136+0000][23404][gc,heap      ] GC(617) Survivor regions: 3->4(63)
[2020-09-24T04:23:28.136+0000][23404][gc,heap      ] GC(617) Old regions: 86->86
[2020-09-24T04:23:28.136+0000][23404][gc,heap      ] GC(617) Archive regions: 0->0
[2020-09-24T04:23:28.136+0000][23404][gc,heap      ] GC(617) Humongous regions: 330->174
[2020-09-24T04:23:28.136+0000][23404][gc,metaspace ] GC(617) Metaspace: 90208K(96256K)->90208K(96256K) NonClass: 78898K(82432K)->78898K(82432K) Class: 11310K(13824K)->11310K(13824K)
[2020-09-24T04:23:28.136+0000][23404][gc           ] GC(617) Pause Young (Concurrent Start) (G1 Humongous Allocation) 475M->262M(1024M) 5.014ms
[2020-09-24T04:23:28.137+0000][23404][gc,cpu       ] GC(617) User=0.00s Sys=0.00s Real=0.00s
[2020-09-24T04:23:28.137+0000][23404][gc           ] GC(618) Concurrent Cycle
[2020-09-24T04:23:28.137+0000][23404][safepoint    ] Safepoint "G1TryInitiateConcMark", Time since last: 52100600 ns, Reaching safepoint: 129900 ns, At safepoint: 5342300 ns, Total: 5472200 ns
[2020-09-24T04:23:28.137+0000][23404][gc,marking   ] GC(618) Concurrent Clear Claimed Marks
[2020-09-24T04:23:28.138+0000][23404][gc,marking   ] GC(618) Concurrent Clear Claimed Marks 1.355ms
[2020-09-24T04:23:28.138+0000][23404][gc,marking   ] GC(618) Concurrent Scan Root Regions
[2020-09-24T04:23:28.141+0000][23404][gc,marking   ] GC(618) Concurrent Scan Root Regions 2.629ms
[2020-09-24T04:23:28.141+0000][23404][gc,marking   ] GC(618) Concurrent Mark (2880.515s)
[2020-09-24T04:23:28.141+0000][23404][gc,marking   ] GC(618) Concurrent Mark From Roots
[2020-09-24T04:23:28.141+0000][23404][gc,task      ] GC(618) Using 2 workers of 2 for marking
[2020-09-24T04:23:28.279+0000][23404][gc,marking   ] GC(618) Concurrent Mark From Roots 137.678ms
[2020-09-24T04:23:28.279+0000][23404][gc,marking   ] GC(618) Concurrent Preclean
[2020-09-24T04:23:28.279+0000][23404][gc,marking   ] GC(618) Concurrent Preclean 0.548ms
[2020-09-24T04:23:28.279+0000][23404][gc,marking   ] GC(618) Concurrent Mark (2880.515s, 2880.653s) 138.426ms
[2020-09-24T04:23:28.280+0000][23404][gc,start     ] GC(618) Pause Remark
[2020-09-24T04:23:28.287+0000][23404][gc           ] GC(618) Pause Remark 367M->367M(1024M) 7.000ms
[2020-09-24T04:23:28.287+0000][23404][gc,cpu       ] GC(618) User=0.00s Sys=0.00s Real=0.01s
[2020-09-24T04:23:28.287+0000][23404][safepoint    ] Safepoint "G1Concurrent", Time since last: 142806800 ns, Reaching safepoint: 147500 ns, At safepoint: 7261200 ns, Total: 7408700 ns
[2020-09-24T04:23:28.287+0000][23404][gc,marking   ] GC(618) Concurrent Rebuild Remembered Sets
[2020-09-24T04:23:28.366+0000][23404][safepoint    ] Safepoint "BulkRevokeBias", Time since last: 77404200 ns, Reaching safepoint: 801600 ns, At safepoint: 1238200 ns, Total: 2039800 ns
[2020-09-24T04:23:28.371+0000][23404][safepoint    ] Safepoint "BulkRevokeBias", Time since last: 2889900 ns, Reaching safepoint: 990400 ns, At safepoint: 1255300 ns, Total: 2245700 ns
[2020-09-24T04:23:28.373+0000][23404][safepoint    ] Safepoint "BulkRevokeBias", Time since last: 169800 ns, Reaching safepoint: 321100 ns, At safepoint: 1309200 ns, Total: 1630300 ns
[2020-09-24T04:23:28.375+0000][23404][safepoint    ] Safepoint "BulkRevokeBias", Time since last: 233700 ns, Reaching safepoint: 284100 ns, At safepoint: 1182500 ns, Total: 1466600 ns
[2020-09-24T04:23:28.377+0000][23404][safepoint    ] Safepoint "BulkRevokeBias", Time since last: 156300 ns, Reaching safepoint: 840200 ns, At safepoint: 1131100 ns, Total: 1971300 ns
[2020-09-24T04:23:28.382+0000][23404][gc,marking   ] GC(618) Concurrent Rebuild Remembered Sets 94.778ms
[2020-09-24T04:23:28.382+0000][23404][gc,start     ] GC(618) Pause Cleanup
[2020-09-24T04:23:28.383+0000][23404][gc           ] GC(618) Pause Cleanup 476M->476M(1024M) 0.468ms
[2020-09-24T04:23:28.383+0000][23404][gc,cpu       ] GC(618) User=0.00s Sys=0.00s Real=0.00s
[2020-09-24T04:23:28.383+0000][23404][safepoint    ] Safepoint "G1Concurrent", Time since last: 4887000 ns, Reaching safepoint: 232700 ns, At safepoint: 666600 ns, Total: 899300 ns
[2020-09-24T04:23:28.383+0000][23404][gc,marking   ] GC(618) Concurrent Cleanup for Next Mark
[2020-09-24T04:23:28.385+0000][23404][gc,marking   ] GC(618) Concurrent Cleanup for Next Mark 1.901ms
[2020-09-24T04:23:28.385+0000][23404][gc           ] GC(618) Concurrent Cycle 248.432ms
[2020-09-24T04:23:28.385+0000][23404][gc,start     ] GC(619) Pause Young (Concurrent Start) (G1 Humongous Allocation)
[2020-09-24T04:23:28.385+0000][23404][gc,task      ] GC(619) Using 8 workers of 8 for evacuation
[2020-09-24T04:23:28.385+0000][23404][gc,age       ] GC(619) Desired survivor size 33030144 bytes, new threshold 15 (max threshold 15)
[2020-09-24T04:23:28.389+0000][23404][gc,age       ] GC(619) Age table with threshold 15 (max threshold 15)
[2020-09-24T04:23:28.389+0000][23404][gc,age       ] GC(619) - age   1:    1984072 bytes,    1984072 total
[2020-09-24T04:23:28.389+0000][23404][gc,age       ] GC(619) - age   2:     205024 bytes,    2189096 total
[2020-09-24T04:23:28.389+0000][23404][gc,age       ] GC(619) - age   3:      17320 bytes,    2206416 total
[2020-09-24T04:23:28.389+0000][23404][gc,age       ] GC(619) - age   4:       5008 bytes,    2211424 total
[2020-09-24T04:23:28.389+0000][23404][gc,age       ] GC(619) - age   5:       2824 bytes,    2214248 total
[2020-09-24T04:23:28.389+0000][23404][gc,age       ] GC(619) - age   6:      23560 bytes,    2237808 total
[2020-09-24T04:23:28.389+0000][23404][gc,age       ] GC(619) - age   7:        256 bytes,    2238064 total
[2020-09-24T04:23:28.389+0000][23404][gc,age       ] GC(619) - age   8:     140288 bytes,    2378352 total
[2020-09-24T04:23:28.389+0000][23404][gc,age       ] GC(619) - age   9:       8048 bytes,    2386400 total
[2020-09-24T04:23:28.389+0000][23404][gc,age       ] GC(619) - age  10:       1672 bytes,    2388072 total
[2020-09-24T04:23:28.389+0000][23404][gc,age       ] GC(619) - age  11:       1240 bytes,    2389312 total
[2020-09-24T04:23:28.389+0000][23404][gc,age       ] GC(619) - age  12:      14128 bytes,    2403440 total
[2020-09-24T04:23:28.390+0000][23404][gc,age       ] GC(619) - age  13:        816 bytes,    2404256 total
[2020-09-24T04:23:28.390+0000][23404][gc,age       ] GC(619) - age  14:        888 bytes,    2405144 total
[2020-09-24T04:23:28.390+0000][23404][gc,age       ] GC(619) - age  15:      11472 bytes,    2416616 total
[2020-09-24T04:23:28.390+0000][23404][gc,phases    ] GC(619)   Pre Evacuate Collection Set: 0.4ms
[2020-09-24T04:23:28.390+0000][23404][gc,phases    ] GC(619)   Merge Heap Roots: 0.1ms
[2020-09-24T04:23:28.390+0000][23404][gc,phases    ] GC(619)   Evacuate Collection Set: 2.1ms
[2020-09-24T04:23:28.390+0000][23404][gc,phases    ] GC(619)   Post Evacuate Collection Set: 0.8ms
[2020-09-24T04:23:28.390+0000][23404][gc,phases    ] GC(619)   Other: 1.0ms
[2020-09-24T04:23:28.390+0000][23404][gc,heap      ] GC(619) Eden regions: 56->0(496)
[2020-09-24T04:23:28.390+0000][23404][gc,heap      ] GC(619) Survivor regions: 4->3(63)
[2020-09-24T04:23:28.390+0000][23404][gc,heap      ] GC(619) Old regions: 86->86
[2020-09-24T04:23:28.390+0000][23404][gc,heap      ] GC(619) Archive regions: 0->0
[2020-09-24T04:23:28.390+0000][23404][gc,heap      ] GC(619) Humongous regions: 345->174
[2020-09-24T04:23:28.390+0000][23404][gc,metaspace ] GC(619) Metaspace: 90208K(96256K)->90208K(96256K) NonClass: 78898K(82432K)->78898K(82432K) Class: 11310K(13824K)->11310K(13824K)
[2020-09-24T04:23:28.390+0000][23404][gc           ] GC(619) Pause Young (Concurrent Start) (G1 Humongous Allocation) 489M->262M(1024M) 4.858ms
[2020-09-24T04:23:28.390+0000][23404][gc,cpu       ] GC(619) User=0.00s Sys=0.00s Real=0.01s
[2020-09-24T04:23:28.390+0000][23404][safepoint    ] Safepoint "G1TryInitiateConcMark", Time since last: 2243100 ns, Reaching safepoint: 178300 ns, At safepoint: 5075300 ns, Total: 5253600 ns
[2020-09-24T04:23:28.390+0000][23404][gc           ] GC(620) Concurrent Cycle
[2020-09-24T04:23:28.390+0000][23404][gc,marking   ] GC(620) Concurrent Clear Claimed Marks
[2020-09-24T04:23:28.391+0000][23404][gc,marking   ] GC(620) Concurrent Clear Claimed Marks 0.524ms
[2020-09-24T04:23:28.391+0000][23404][gc,marking   ] GC(620) Concurrent Scan Root Regions
[2020-09-24T04:23:28.394+0000][23404][gc,marking   ] GC(620) Concurrent Scan Root Regions 2.518ms
[2020-09-24T04:23:28.394+0000][23404][gc,marking   ] GC(620) Concurrent Mark (2880.768s)
[2020-09-24T04:23:28.394+0000][23404][gc,marking   ] GC(620) Concurrent Mark From Roots
[2020-09-24T04:23:28.394+0000][23404][gc,task      ] GC(620) Using 2 workers of 2 for marking
[2020-09-24T04:23:28.416+0000][23404][safepoint    ] Safepoint "BulkRevokeBias", Time since last: 24452800 ns, Reaching safepoint: 293500 ns, At safepoint: 1231400 ns, Total: 1524900 ns
[2020-09-24T04:23:28.430+0000][23404][safepoint    ] Safepoint "BulkRevokeBias", Time since last: 11767400 ns, Reaching safepoint: 248100 ns, At safepoint: 1297700 ns, Total: 1545800 ns
[2020-09-24T04:23:28.432+0000][23404][safepoint    ] Safepoint "BulkRevokeBias", Time since last: 511100 ns, Reaching safepoint: 207700 ns, At safepoint: 1286800 ns, Total: 1494500 ns
[2020-09-24T04:23:28.436+0000][23404][safepoint    ] Safepoint "BulkRevokeBias", Time since last: 3143800 ns, Reaching safepoint: 171200 ns, At safepoint: 1160100 ns, Total: 1331300 ns
[2020-09-24T04:23:28.531+0000][23404][gc,marking   ] GC(620) Concurrent Mark From Roots 137.354ms
[2020-09-24T04:23:28.531+0000][23404][gc,marking   ] GC(620) Concurrent Preclean
[2020-09-24T04:23:28.532+0000][23404][gc,marking   ] GC(620) Concurrent Preclean 0.582ms
[2020-09-24T04:23:28.532+0000][23404][gc,marking   ] GC(620) Concurrent Mark (2880.768s, 2880.906s) 138.137ms
[2020-09-24T04:23:28.532+0000][23404][gc,start     ] GC(620) Pause Remark
[2020-09-24T04:23:28.539+0000][23404][gc           ] GC(620) Pause Remark 367M->367M(1024M) 7.218ms
[2020-09-24T04:23:28.539+0000][23404][gc,cpu       ] GC(620) User=0.11s Sys=0.00s Real=0.01s
[2020-09-24T04:23:28.539+0000][23404][safepoint    ] Safepoint "G1Concurrent", Time since last: 95804800 ns, Reaching safepoint: 125100 ns, At safepoint: 7409000 ns, Total: 7534100 ns
[2020-09-24T04:23:28.540+0000][23404][gc,marking   ] GC(620) Concurrent Rebuild Remembered Sets
[2020-09-24T04:23:28.619+0000][23404][gc,marking   ] GC(620) Concurrent Rebuild Remembered Sets 79.752ms
[2020-09-24T04:23:28.620+0000][23404][gc,start     ] GC(620) Pause Cleanup
[2020-09-24T04:23:28.620+0000][23404][gc           ] GC(620) Pause Cleanup 367M->367M(1024M) 0.476ms
[2020-09-24T04:23:28.620+0000][23404][gc,cpu       ] GC(620) User=0.00s Sys=0.00s Real=0.00s
[2020-09-24T04:23:28.620+0000][23404][safepoint    ] Safepoint "G1Concurrent", Time since last: 79938200 ns, Reaching safepoint: 150500 ns, At safepoint: 685400 ns, Total: 835900 ns
[2020-09-24T04:23:28.620+0000][23404][gc,marking   ] GC(620) Concurrent Cleanup for Next Mark
[2020-09-24T04:23:28.622+0000][23404][gc,marking   ] GC(620) Concurrent Cleanup for Next Mark 1.677ms
[2020-09-24T04:23:28.622+0000][23404][gc           ] GC(620) Concurrent Cycle 231.733ms
[2020-09-24T04:23:28.653+0000][23404][gc,start     ] GC(621) Pause Young (Concurrent Start) (G1 Humongous Allocation)
[2020-09-24T04:23:28.653+0000][23404][gc,task      ] GC(621) Using 8 workers of 8 for evacuation
[2020-09-24T04:23:28.653+0000][23404][gc,age       ] GC(621) Desired survivor size 33030144 bytes, new threshold 15 (max threshold 15)
[2020-09-24T04:23:28.656+0000][23404][gc,age       ] GC(621) Age table with threshold 15 (max threshold 15)
[2020-09-24T04:23:28.656+0000][23404][gc,age       ] GC(621) - age   1:    2694920 bytes,    2694920 total
[2020-09-24T04:23:28.656+0000][23404][gc,age       ] GC(621) - age   2:      12664 bytes,    2707584 total
[2020-09-24T04:23:28.656+0000][23404][gc,age       ] GC(621) - age   3:       1088 bytes,    2708672 total
[2020-09-24T04:23:28.656+0000][23404][gc,age       ] GC(621) - age   4:      16920 bytes,    2725592 total
[2020-09-24T04:23:28.656+0000][23404][gc,age       ] GC(621) - age   5:       4976 bytes,    2730568 total
[2020-09-24T04:23:28.656+0000][23404][gc,age       ] GC(621) - age   6:       2824 bytes,    2733392 total
[2020-09-24T04:23:28.656+0000][23404][gc,age       ] GC(621) - age   7:      23496 bytes,    2756888 total
[2020-09-24T04:23:28.656+0000][23404][gc,age       ] GC(621) - age   8:        256 bytes,    2757144 total
[2020-09-24T04:23:28.656+0000][23404][gc,age       ] GC(621) - age   9:     140288 bytes,    2897432 total
[2020-09-24T04:23:28.656+0000][23404][gc,age       ] GC(621) - age  10:       8048 bytes,    2905480 total
[2020-09-24T04:23:28.656+0000][23404][gc,age       ] GC(621) - age  11:       1480 bytes,    2906960 total
[2020-09-24T04:23:28.656+0000][23404][gc,age       ] GC(621) - age  12:        872 bytes,    2907832 total
[2020-09-24T04:23:28.656+0000][23404][gc,age       ] GC(621) - age  13:      14128 bytes,    2921960 total
[2020-09-24T04:23:28.656+0000][23404][gc,age       ] GC(621) - age  14:        720 bytes,    2922680 total
[2020-09-24T04:23:28.656+0000][23404][gc,age       ] GC(621) - age  15:        888 bytes,    2923568 total
[2020-09-24T04:23:28.656+0000][23404][gc,phases    ] GC(621)   Pre Evacuate Collection Set: 0.4ms
[2020-09-24T04:23:28.656+0000][23404][gc,phases    ] GC(621)   Merge Heap Roots: 0.1ms
[2020-09-24T04:23:28.656+0000][23404][gc,phases    ] GC(621)   Evacuate Collection Set: 1.9ms
[2020-09-24T04:23:28.656+0000][23404][gc,phases    ] GC(621)   Post Evacuate Collection Set: 0.6ms
[2020-09-24T04:23:28.656+0000][23404][gc,phases    ] GC(621)   Other: 0.9ms
[2020-09-24T04:23:28.657+0000][23404][gc,heap      ] GC(621) Eden regions: 38->0(497)
[2020-09-24T04:23:28.657+0000][23404][gc,heap      ] GC(621) Survivor regions: 3->3(63)
[2020-09-24T04:23:28.657+0000][23404][gc,heap      ] GC(621) Old regions: 86->86
[2020-09-24T04:23:28.657+0000][23404][gc,heap      ] GC(621) Archive regions: 0->0
[2020-09-24T04:23:28.657+0000][23404][gc,heap      ] GC(621) Humongous regions: 246->174
[2020-09-24T04:23:28.657+0000][23404][gc,metaspace ] GC(621) Metaspace: 90208K(96256K)->90208K(96256K) NonClass: 78898K(82432K)->78898K(82432K) Class: 11310K(13824K)->11310K(13824K)
[2020-09-24T04:23:28.657+0000][23404][gc           ] GC(621) Pause Young (Concurrent Start) (G1 Humongous Allocation) 371M->262M(1024M) 4.114ms
[2020-09-24T04:23:28.657+0000][23404][gc,cpu       ] GC(621) User=0.00s Sys=0.00s Real=0.00s
[2020-09-24T04:23:28.657+0000][23404][gc           ] GC(622) Concurrent Cycle
[2020-09-24T04:23:28.657+0000][23404][safepoint    ] Safepoint "G1TryInitiateConcMark", Time since last: 32120300 ns, Reaching safepoint: 136900 ns, At safepoint: 4299200 ns, Total: 4436100 ns
[2020-09-24T04:23:28.657+0000][23404][gc,marking   ] GC(622) Concurrent Clear Claimed Marks
[2020-09-24T04:23:28.658+0000][23404][gc,marking   ] GC(622) Concurrent Clear Claimed Marks 0.713ms
[2020-09-24T04:23:28.658+0000][23404][gc,marking   ] GC(622) Concurrent Scan Root Regions
[2020-09-24T04:23:28.660+0000][23404][gc,marking   ] GC(622) Concurrent Scan Root Regions 2.448ms
[2020-09-24T04:23:28.660+0000][23404][gc,marking   ] GC(622) Concurrent Mark (2881.034s)
[2020-09-24T04:23:28.660+0000][23404][gc,marking   ] GC(622) Concurrent Mark From Roots
[2020-09-24T04:23:28.660+0000][23404][gc,task      ] GC(622) Using 2 workers of 2 for marking
[2020-09-24T04:23:28.816+0000][23404][gc,marking   ] GC(622) Concurrent Mark From Roots 155.870ms
[2020-09-24T04:23:28.816+0000][23404][gc,marking   ] GC(622) Concurrent Preclean
[2020-09-24T04:23:28.817+0000][23404][gc,marking   ] GC(622) Concurrent Preclean 0.703ms
[2020-09-24T04:23:28.817+0000][23404][gc,marking   ] GC(622) Concurrent Mark (2881.034s, 2881.191s) 156.762ms
[2020-09-24T04:23:28.817+0000][23404][gc,start     ] GC(622) Pause Remark
[2020-09-24T04:23:28.824+0000][23404][gc           ] GC(622) Pause Remark 416M->416M(1024M) 7.143ms
[2020-09-24T04:23:28.825+0000][23404][gc,cpu       ] GC(622) User=0.11s Sys=0.00s Real=0.01s
[2020-09-24T04:23:28.825+0000][23404][safepoint    ] Safepoint "G1Concurrent", Time since last: 160376400 ns, Reaching safepoint: 154000 ns, At safepoint: 7417800 ns, Total: 7571800 ns
[2020-09-24T04:23:28.825+0000][23404][gc,marking   ] GC(622) Concurrent Rebuild Remembered Sets
[2020-09-24T04:23:28.922+0000][23404][gc,marking   ] GC(622) Concurrent Rebuild Remembered Sets 97.483ms
[2020-09-24T04:23:28.923+0000][23404][gc,start     ] GC(622) Pause Cleanup
[2020-09-24T04:23:28.923+0000][23404][gc           ] GC(622) Pause Cleanup 438M->438M(1024M) 0.431ms
[2020-09-24T04:23:28.923+0000][23404][gc,cpu       ] GC(622) User=0.00s Sys=0.00s Real=0.00s
[2020-09-24T04:23:28.923+0000][23404][safepoint    ] Safepoint "G1Concurrent", Time since last: 97704600 ns, Reaching safepoint: 134000 ns, At safepoint: 666100 ns, Total: 800100 ns
[2020-09-24T04:23:28.923+0000][23404][gc,marking   ] GC(622) Concurrent Cleanup for Next Mark
[2020-09-24T04:23:28.925+0000][23404][gc,marking   ] GC(622) Concurrent Cleanup for Next Mark 2.023ms
[2020-09-24T04:23:28.926+0000][23404][gc           ] GC(622) Concurrent Cycle 268.825ms
[2020-09-24T04:23:28.938+0000][23404][gc,start     ] GC(623) Pause Young (Concurrent Start) (G1 Humongous Allocation)
[2020-09-24T04:23:28.938+0000][23404][gc,task      ] GC(623) Using 8 workers of 8 for evacuation
[2020-09-24T04:23:28.938+0000][23404][gc,age       ] GC(623) Desired survivor size 33030144 bytes, new threshold 15 (max threshold 15)
[2020-09-24T04:23:28.942+0000][23404][gc,age       ] GC(623) Age table with threshold 15 (max threshold 15)
[2020-09-24T04:23:28.942+0000][23404][gc,age       ] GC(623) - age   1:    3302232 bytes,    3302232 total
[2020-09-24T04:23:28.942+0000][23404][gc,age       ] GC(623) - age   2:      14864 bytes,    3317096 total
[2020-09-24T04:23:28.942+0000][23404][gc,age       ] GC(623) - age   3:      11704 bytes,    3328800 total
[2020-09-24T04:23:28.942+0000][23404][gc,age       ] GC(623) - age   4:        272 bytes,    3329072 total
[2020-09-24T04:23:28.942+0000][23404][gc,age       ] GC(623) - age   5:      12848 bytes,    3341920 total
[2020-09-24T04:23:28.942+0000][23404][gc,age       ] GC(623) - age   6:       4776 bytes,    3346696 total
[2020-09-24T04:23:28.942+0000][23404][gc,age       ] GC(623) - age   7:       2824 bytes,    3349520 total
[2020-09-24T04:23:28.942+0000][23404][gc,age       ] GC(623) - age   8:      23496 bytes,    3373016 total
[2020-09-24T04:23:28.942+0000][23404][gc,age       ] GC(623) - age   9:        256 bytes,    3373272 total
[2020-09-24T04:23:28.942+0000][23404][gc,age       ] GC(623) - age  10:     140256 bytes,    3513528 total
[2020-09-24T04:23:28.942+0000][23404][gc,age       ] GC(623) - age  11:       8048 bytes,    3521576 total
[2020-09-24T04:23:28.942+0000][23404][gc,age       ] GC(623) - age  12:       1416 bytes,    3522992 total
[2020-09-24T04:23:28.942+0000][23404][gc,age       ] GC(623) - age  13:        808 bytes,    3523800 total
[2020-09-24T04:23:28.942+0000][23404][gc,age       ] GC(623) - age  14:      14128 bytes,    3537928 total
[2020-09-24T04:23:28.942+0000][23404][gc,age       ] GC(623) - age  15:        688 bytes,    3538616 total
[2020-09-24T04:23:28.942+0000][23404][gc,phases    ] GC(623)   Pre Evacuate Collection Set: 0.4ms
[2020-09-24T04:23:28.942+0000][23404][gc,phases    ] GC(623)   Merge Heap Roots: 0.1ms
[2020-09-24T04:23:28.942+0000][23404][gc,phases    ] GC(623)   Evacuate Collection Set: 2.2ms
[2020-09-24T04:23:28.942+0000][23404][gc,phases    ] GC(623)   Post Evacuate Collection Set: 0.8ms
[2020-09-24T04:23:28.942+0000][23404][gc,phases    ] GC(623)   Other: 1.0ms
[2020-09-24T04:23:28.942+0000][23404][gc,heap      ] GC(623) Eden regions: 57->0(495)
[2020-09-24T04:23:28.942+0000][23404][gc,heap      ] GC(623) Survivor regions: 3->4(63)
[2020-09-24T04:23:28.942+0000][23404][gc,heap      ] GC(623) Old regions: 86->86
[2020-09-24T04:23:28.942+0000][23404][gc,heap      ] GC(623) Archive regions: 0->0
[2020-09-24T04:23:28.942+0000][23404][gc,heap      ] GC(623) Humongous regions: 298->174
[2020-09-24T04:23:28.943+0000][23404][gc,metaspace ] GC(623) Metaspace: 90208K(96256K)->90208K(96256K) NonClass: 78898K(82432K)->78898K(82432K) Class: 11310K(13824K)->11310K(13824K)
[2020-09-24T04:23:28.943+0000][23404][gc           ] GC(623) Pause Young (Concurrent Start) (G1 Humongous Allocation) 443M->263M(1024M) 4.787ms
[2020-09-24T04:23:28.943+0000][23404][gc,cpu       ] GC(623) User=0.00s Sys=0.00s Real=0.01s
[2020-09-24T04:23:28.943+0000][23404][safepoint    ] Safepoint "G1TryInitiateConcMark", Time since last: 14359500 ns, Reaching safepoint: 128900 ns, At safepoint: 4966800 ns, Total: 5095700 ns
[2020-09-24T04:23:28.943+0000][23404][gc           ] GC(624) Concurrent Cycle
[2020-09-24T04:23:28.943+0000][23404][gc,marking   ] GC(624) Concurrent Clear Claimed Marks
[2020-09-24T04:23:28.943+0000][23404][gc,marking   ] GC(624) Concurrent Clear Claimed Marks 0.441ms
[2020-09-24T04:23:28.943+0000][23404][gc,marking   ] GC(624) Concurrent Scan Root Regions
[2020-09-24T04:23:28.946+0000][23404][gc,marking   ] GC(624) Concurrent Scan Root Regions 3.007ms
[2020-09-24T04:23:28.946+0000][23404][gc,marking   ] GC(624) Concurrent Mark (2881.320s)
[2020-09-24T04:23:28.946+0000][23404][gc,marking   ] GC(624) Concurrent Mark From Roots
[2020-09-24T04:23:28.947+0000][23404][gc,task      ] GC(624) Using 2 workers of 2 for marking
[2020-09-24T04:23:29.097+0000][23404][gc,marking   ] GC(624) Concurrent Mark From Roots 150.566ms
[2020-09-24T04:23:29.097+0000][23404][gc,marking   ] GC(624) Concurrent Preclean
[2020-09-24T04:23:29.098+0000][23404][gc,marking   ] GC(624) Concurrent Preclean 0.534ms
[2020-09-24T04:23:29.098+0000][23404][gc,marking   ] GC(624) Concurrent Mark (2881.320s, 2881.472s) 151.280ms
[2020-09-24T04:23:29.098+0000][23404][gc,start     ] GC(624) Pause Remark
[2020-09-24T04:23:29.106+0000][23404][gc           ] GC(624) Pause Remark 409M->409M(1024M) 7.933ms
[2020-09-24T04:23:29.106+0000][23404][gc,cpu       ] GC(624) User=0.08s Sys=0.02s Real=0.01s
[2020-09-24T04:23:29.106+0000][23404][safepoint    ] Safepoint "G1Concurrent", Time since last: 155099200 ns, Reaching safepoint: 145200 ns, At safepoint: 8245200 ns, Total: 8390400 ns
[2020-09-24T04:23:29.106+0000][23404][gc,marking   ] GC(624) Concurrent Rebuild Remembered Sets
[2020-09-24T04:23:29.192+0000][23404][gc,marking   ] GC(624) Concurrent Rebuild Remembered Sets 85.580ms
[2020-09-24T04:23:29.192+0000][23404][gc,start     ] GC(624) Pause Cleanup
[2020-09-24T04:23:29.193+0000][23404][gc           ] GC(624) Pause Cleanup 409M->409M(1024M) 0.529ms
[2020-09-24T04:23:29.193+0000][23404][gc,cpu       ] GC(624) User=0.00s Sys=0.00s Real=0.00s
[2020-09-24T04:23:29.193+0000][23404][safepoint    ] Safepoint "G1Concurrent", Time since last: 85808200 ns, Reaching safepoint: 467600 ns, At safepoint: 750800 ns, Total: 1218400 ns
[2020-09-24T04:23:29.193+0000][23404][gc,marking   ] GC(624) Concurrent Cleanup for Next Mark
[2020-09-24T04:23:29.195+0000][23404][gc,marking   ] GC(624) Concurrent Cleanup for Next Mark 1.907ms
[2020-09-24T04:23:29.195+0000][23404][gc           ] GC(624) Concurrent Cycle 252.640ms
[2020-09-24T04:23:29.204+0000][23404][gc,start     ] GC(625) Pause Young (Concurrent Start) (G1 Humongous Allocation)
[2020-09-24T04:23:29.204+0000][23404][gc,task      ] GC(625) Using 8 workers of 8 for evacuation
[2020-09-24T04:23:29.204+0000][23404][gc,age       ] GC(625) Desired survivor size 33030144 bytes, new threshold 15 (max threshold 15)
[2020-09-24T04:23:29.207+0000][23404][gc,age       ] GC(625) Age table with threshold 15 (max threshold 15)
[2020-09-24T04:23:29.207+0000][23404][gc,age       ] GC(625) - age   1:    2691728 bytes,    2691728 total
[2020-09-24T04:23:29.207+0000][23404][gc,age       ] GC(625) - age   2:      14600 bytes,    2706328 total
[2020-09-24T04:23:29.207+0000][23404][gc,age       ] GC(625) - age   3:      10264 bytes,    2716592 total
[2020-09-24T04:23:29.207+0000][23404][gc,age       ] GC(625) - age   4:      10904 bytes,    2727496 total
[2020-09-24T04:23:29.207+0000][23404][gc,age       ] GC(625) - age   5:        272 bytes,    2727768 total
[2020-09-24T04:23:29.208+0000][23404][gc,age       ] GC(625) - age   6:      12720 bytes,    2740488 total
[2020-09-24T04:23:29.208+0000][23404][gc,age       ] GC(625) - age   7:       4776 bytes,    2745264 total
[2020-09-24T04:23:29.208+0000][23404][gc,age       ] GC(625) - age   8:       2824 bytes,    2748088 total
[2020-09-24T04:23:29.208+0000][23404][gc,age       ] GC(625) - age   9:      23496 bytes,    2771584 total
[2020-09-24T04:23:29.208+0000][23404][gc,age       ] GC(625) - age  10:        256 bytes,    2771840 total
[2020-09-24T04:23:29.208+0000][23404][gc,age       ] GC(625) - age  11:     140256 bytes,    2912096 total
[2020-09-24T04:23:29.208+0000][23404][gc,age       ] GC(625) - age  12:       8048 bytes,    2920144 total
[2020-09-24T04:23:29.208+0000][23404][gc,age       ] GC(625) - age  13:       1416 bytes,    2921560 total
[2020-09-24T04:23:29.208+0000][23404][gc,age       ] GC(625) - age  14:        808 bytes,    2922368 total
[2020-09-24T04:23:29.208+0000][23404][gc,age       ] GC(625) - age  15:      14096 bytes,    2936464 total
[2020-09-24T04:23:29.208+0000][23404][gc,phases    ] GC(625)   Pre Evacuate Collection Set: 0.4ms
[2020-09-24T04:23:29.208+0000][23404][gc,phases    ] GC(625)   Merge Heap Roots: 0.1ms
[2020-09-24T04:23:29.208+0000][23404][gc,phases    ] GC(625)   Evacuate Collection Set: 2.1ms
[2020-09-24T04:23:29.208+0000][23404][gc,phases    ] GC(625)   Post Evacuate Collection Set: 0.8ms
[2020-09-24T04:23:29.208+0000][23404][gc,phases    ] GC(625)   Other: 1.3ms
[2020-09-24T04:23:29.208+0000][23404][gc,heap      ] GC(625) Eden regions: 37->0(496)
[2020-09-24T04:23:29.208+0000][23404][gc,heap      ] GC(625) Survivor regions: 4->3(63)
[2020-09-24T04:23:29.208+0000][23404][gc,heap      ] GC(625) Old regions: 86->86
[2020-09-24T04:23:29.208+0000][23404][gc,heap      ] GC(625) Archive regions: 0->0
[2020-09-24T04:23:29.208+0000][23404][gc,heap      ] GC(625) Humongous regions: 288->174
[2020-09-24T04:23:29.209+0000][23404][gc,metaspace ] GC(625) Metaspace: 90208K(96256K)->90208K(96256K) NonClass: 78898K(82432K)->78898K(82432K) Class: 11310K(13824K)->11310K(13824K)
[2020-09-24T04:23:29.209+0000][23404][gc           ] GC(625) Pause Young (Concurrent Start) (G1 Humongous Allocation) 414M->262M(1024M) 5.030ms
[2020-09-24T04:23:29.209+0000][23404][gc,cpu       ] GC(625) User=0.00s Sys=0.00s Real=0.01s
[2020-09-24T04:23:29.209+0000][23404][gc           ] GC(626) Concurrent Cycle
[2020-09-24T04:23:29.209+0000][23404][gc,marking   ] GC(626) Concurrent Clear Claimed Marks
[2020-09-24T04:23:29.209+0000][23404][safepoint    ] Safepoint "G1TryInitiateConcMark", Time since last: 10162200 ns, Reaching safepoint: 142400 ns, At safepoint: 5360500 ns, Total: 5502900 ns
[2020-09-24T04:23:29.210+0000][23404][gc,marking   ] GC(626) Concurrent Clear Claimed Marks 0.843ms
[2020-09-24T04:23:29.210+0000][23404][gc,marking   ] GC(626) Concurrent Scan Root Regions
[2020-09-24T04:23:29.212+0000][23404][gc,marking   ] GC(626) Concurrent Scan Root Regions 2.089ms
[2020-09-24T04:23:29.212+0000][23404][gc,marking   ] GC(626) Concurrent Mark (2881.586s)
[2020-09-24T04:23:29.212+0000][23404][gc,marking   ] GC(626) Concurrent Mark From Roots
[2020-09-24T04:23:29.212+0000][23404][gc,task      ] GC(626) Using 2 workers of 2 for marking
[2020-09-24T04:23:29.368+0000][23404][gc,marking   ] GC(626) Concurrent Mark From Roots 155.656ms
[2020-09-24T04:23:29.368+0000][23404][gc,marking   ] GC(626) Concurrent Preclean
[2020-09-24T04:23:29.368+0000][23404][gc,marking   ] GC(626) Concurrent Preclean 0.504ms
[2020-09-24T04:23:29.369+0000][23404][gc,marking   ] GC(626) Concurrent Mark (2881.586s, 2881.742s) 156.399ms
[2020-09-24T04:23:29.369+0000][23404][gc,start     ] GC(626) Pause Remark
[2020-09-24T04:23:29.376+0000][23404][gc           ] GC(626) Pause Remark 416M->416M(1024M) 7.415ms
[2020-09-24T04:23:29.376+0000][23404][gc,cpu       ] GC(626) User=0.00s Sys=0.00s Real=0.01s
[2020-09-24T04:23:29.377+0000][23404][safepoint    ] Safepoint "G1Concurrent", Time since last: 159740700 ns, Reaching safepoint: 140300 ns, At safepoint: 7841900 ns, Total: 7982200 ns
[2020-09-24T04:23:29.377+0000][23404][gc,marking   ] GC(626) Concurrent Rebuild Remembered Sets
[2020-09-24T04:23:29.458+0000][23404][gc,marking   ] GC(626) Concurrent Rebuild Remembered Sets 81.697ms
[2020-09-24T04:23:29.459+0000][23404][gc,start     ] GC(626) Pause Cleanup
[2020-09-24T04:23:29.459+0000][23404][gc           ] GC(626) Pause Cleanup 441M->441M(1024M) 0.366ms
[2020-09-24T04:23:29.459+0000][23404][gc,cpu       ] GC(626) User=0.00s Sys=0.00s Real=0.00s
[2020-09-24T04:23:29.459+0000][23404][safepoint    ] Safepoint "G1Concurrent", Time since last: 81915700 ns, Reaching safepoint: 197900 ns, At safepoint: 537000 ns, Total: 734900 ns
[2020-09-24T04:23:29.459+0000][23404][gc,marking   ] GC(626) Concurrent Cleanup for Next Mark
[2020-09-24T04:23:29.461+0000][23404][gc,marking   ] GC(626) Concurrent Cleanup for Next Mark 1.984ms
[2020-09-24T04:23:29.461+0000][23404][gc           ] GC(626) Concurrent Cycle 252.657ms
[2020-09-24T04:23:29.462+0000][23404][gc,start     ] GC(627) Pause Young (Concurrent Start) (G1 Humongous Allocation)
[2020-09-24T04:23:29.462+0000][23404][gc,task      ] GC(627) Using 8 workers of 8 for evacuation
[2020-09-24T04:23:29.462+0000][23404][gc,age       ] GC(627) Desired survivor size 33030144 bytes, new threshold 15 (max threshold 15)
[2020-09-24T04:23:29.466+0000][23404][gc,age       ] GC(627) Age table with threshold 15 (max threshold 15)
[2020-09-24T04:23:29.466+0000][23404][gc,age       ] GC(627) - age   1:    3288616 bytes,    3288616 total
[2020-09-24T04:23:29.466+0000][23404][gc,age       ] GC(627) - age   2:      11864 bytes,    3300480 total
[2020-09-24T04:23:29.466+0000][23404][gc,age       ] GC(627) - age   3:      12912 bytes,    3313392 total
[2020-09-24T04:23:29.466+0000][23404][gc,age       ] GC(627) - age   4:       9880 bytes,    3323272 total
[2020-09-24T04:23:29.466+0000][23404][gc,age       ] GC(627) - age   5:      10504 bytes,    3333776 total
[2020-09-24T04:23:29.466+0000][23404][gc,age       ] GC(627) - age   6:        272 bytes,    3334048 total
[2020-09-24T04:23:29.466+0000][23404][gc,age       ] GC(627) - age   7:      10224 bytes,    3344272 total
[2020-09-24T04:23:29.466+0000][23404][gc,age       ] GC(627) - age   8:       4552 bytes,    3348824 total
[2020-09-24T04:23:29.466+0000][23404][gc,age       ] GC(627) - age   9:       2824 bytes,    3351648 total
[2020-09-24T04:23:29.467+0000][23404][gc,age       ] GC(627) - age  10:      23496 bytes,    3375144 total
[2020-09-24T04:23:29.467+0000][23404][gc,age       ] GC(627) - age  11:        256 bytes,    3375400 total
[2020-09-24T04:23:29.467+0000][23404][gc,age       ] GC(627) - age  12:     140256 bytes,    3515656 total
[2020-09-24T04:23:29.467+0000][23404][gc,age       ] GC(627) - age  13:       7824 bytes,    3523480 total
[2020-09-24T04:23:29.467+0000][23404][gc,age       ] GC(627) - age  14:       1288 bytes,    3524768 total
[2020-09-24T04:23:29.467+0000][23404][gc,age       ] GC(627) - age  15:        808 bytes,    3525576 total
[2020-09-24T04:23:29.467+0000][23404][gc,phases    ] GC(627)   Pre Evacuate Collection Set: 0.4ms
[2020-09-24T04:23:29.467+0000][23404][gc,phases    ] GC(627)   Merge Heap Roots: 0.1ms
[2020-09-24T04:23:29.467+0000][23404][gc,phases    ] GC(627)   Evacuate Collection Set: 2.4ms
[2020-09-24T04:23:29.467+0000][23404][gc,phases    ] GC(627)   Post Evacuate Collection Set: 0.7ms
[2020-09-24T04:23:29.467+0000][23404][gc,phases    ] GC(627)   Other: 0.8ms
[2020-09-24T04:23:29.467+0000][23404][gc,heap      ] GC(627) Eden regions: 56->0(495)
[2020-09-24T04:23:29.467+0000][23404][gc,heap      ] GC(627) Survivor regions: 3->4(63)
[2020-09-24T04:23:29.467+0000][23404][gc,heap      ] GC(627) Old regions: 86->86
[2020-09-24T04:23:29.467+0000][23404][gc,heap      ] GC(627) Archive regions: 0->0
[2020-09-24T04:23:29.467+0000][23404][gc,heap      ] GC(627) Humongous regions: 298->174
[2020-09-24T04:23:29.467+0000][23404][gc,metaspace ] GC(627) Metaspace: 90208K(96256K)->90208K(96256K) NonClass: 78898K(82432K)->78898K(82432K) Class: 11310K(13824K)->11310K(13824K)
[2020-09-24T04:23:29.467+0000][23404][gc           ] GC(627) Pause Young (Concurrent Start) (G1 Humongous Allocation) 442M->263M(1024M) 4.748ms
[2020-09-24T04:23:29.467+0000][23404][gc,cpu       ] GC(627) User=0.00s Sys=0.00s Real=0.01s
[2020-09-24T04:23:29.467+0000][23404][safepoint    ] Safepoint "G1TryInitiateConcMark", Time since last: 2964400 ns, Reaching safepoint: 140900 ns, At safepoint: 4888700 ns, Total: 5029600 ns
[2020-09-24T04:23:29.467+0000][23404][gc           ] GC(628) Concurrent Cycle
[2020-09-24T04:23:29.467+0000][23404][gc,marking   ] GC(628) Concurrent Clear Claimed Marks
[2020-09-24T04:23:29.468+0000][23404][gc,marking   ] GC(628) Concurrent Clear Claimed Marks 0.581ms
[2020-09-24T04:23:29.468+0000][23404][gc,marking   ] GC(628) Concurrent Scan Root Regions
[2020-09-24T04:23:29.470+0000][23404][gc,marking   ] GC(628) Concurrent Scan Root Regions 2.315ms
[2020-09-24T04:23:29.470+0000][23404][gc,marking   ] GC(628) Concurrent Mark (2881.844s)
[2020-09-24T04:23:29.470+0000][23404][gc,marking   ] GC(628) Concurrent Mark From Roots
[2020-09-24T04:23:29.471+0000][23404][gc,task      ] GC(628) Using 2 workers of 2 for marking
[2020-09-24T04:23:29.609+0000][23404][gc,marking   ] GC(628) Concurrent Mark From Roots 138.734ms
[2020-09-24T04:23:29.609+0000][23404][gc,marking   ] GC(628) Concurrent Preclean
[2020-09-24T04:23:29.610+0000][23404][gc,marking   ] GC(628) Concurrent Preclean 0.611ms
[2020-09-24T04:23:29.610+0000][23404][gc,marking   ] GC(628) Concurrent Mark (2881.844s, 2881.984s) 139.586ms
[2020-09-24T04:23:29.610+0000][23404][gc,start     ] GC(628) Pause Remark
[2020-09-24T04:23:29.617+0000][23404][gc           ] GC(628) Pause Remark 412M->412M(1024M) 7.183ms
[2020-09-24T04:23:29.618+0000][23404][gc,cpu       ] GC(628) User=0.11s Sys=0.00s Real=0.01s
[2020-09-24T04:23:29.618+0000][23404][safepoint    ] Safepoint "G1Concurrent", Time since last: 142921600 ns, Reaching safepoint: 148800 ns, At safepoint: 7457000 ns, Total: 7605800 ns
[2020-09-24T04:23:29.618+0000][23404][gc,marking   ] GC(628) Concurrent Rebuild Remembered Sets
[2020-09-24T04:23:29.697+0000][23404][gc,marking   ] GC(628) Concurrent Rebuild Remembered Sets 79.142ms
[2020-09-24T04:23:29.697+0000][23404][gc,start     ] GC(628) Pause Cleanup
[2020-09-24T04:23:29.698+0000][23404][gc           ] GC(628) Pause Cleanup 505M->505M(1024M) 0.381ms
[2020-09-24T04:23:29.698+0000][23404][gc,cpu       ] GC(628) User=0.00s Sys=0.00s Real=0.00s
[2020-09-24T04:23:29.698+0000][23404][safepoint    ] Safepoint "G1Concurrent", Time since last: 79437600 ns, Reaching safepoint: 224600 ns, At safepoint: 539900 ns, Total: 764500 ns
[2020-09-24T04:23:29.698+0000][23404][gc,marking   ] GC(628) Concurrent Cleanup for Next Mark
[2020-09-24T04:23:29.700+0000][23404][gc,marking   ] GC(628) Concurrent Cleanup for Next Mark 1.830ms
[2020-09-24T04:23:29.700+0000][23404][gc           ] GC(628) Concurrent Cycle 232.769ms
[2020-09-24T04:23:29.700+0000][23404][gc,start     ] GC(629) Pause Young (Concurrent Start) (G1 Humongous Allocation)
[2020-09-24T04:23:29.700+0000][23404][gc,task      ] GC(629) Using 8 workers of 8 for evacuation
[2020-09-24T04:23:29.700+0000][23404][gc,age       ] GC(629) Desired survivor size 33030144 bytes, new threshold 15 (max threshold 15)
[2020-09-24T04:23:29.704+0000][23404][gc,age       ] GC(629) Age table with threshold 15 (max threshold 15)
[2020-09-24T04:23:29.704+0000][23404][gc,age       ] GC(629) - age   1:    2238072 bytes,    2238072 total
[2020-09-24T04:23:29.704+0000][23404][gc,age       ] GC(629) - age   2:     509432 bytes,    2747504 total
[2020-09-24T04:23:29.704+0000][23404][gc,age       ] GC(629) - age   3:       8600 bytes,    2756104 total
[2020-09-24T04:23:29.704+0000][23404][gc,age       ] GC(629) - age   4:      12096 bytes,    2768200 total
[2020-09-24T04:23:29.704+0000][23404][gc,age       ] GC(629) - age   5:       7064 bytes,    2775264 total
[2020-09-24T04:23:29.704+0000][23404][gc,age       ] GC(629) - age   6:      10504 bytes,    2785768 total
[2020-09-24T04:23:29.704+0000][23404][gc,age       ] GC(629) - age   7:        272 bytes,    2786040 total
[2020-09-24T04:23:29.704+0000][23404][gc,age       ] GC(629) - age   8:       9960 bytes,    2796000 total
[2020-09-24T04:23:29.704+0000][23404][gc,age       ] GC(629) - age   9:       4552 bytes,    2800552 total
[2020-09-24T04:23:29.704+0000][23404][gc,age       ] GC(629) - age  10:       2312 bytes,    2802864 total
[2020-09-24T04:23:29.704+0000][23404][gc,age       ] GC(629) - age  11:      23496 bytes,    2826360 total
[2020-09-24T04:23:29.704+0000][23404][gc,age       ] GC(629) - age  12:        256 bytes,    2826616 total
[2020-09-24T04:23:29.704+0000][23404][gc,age       ] GC(629) - age  13:     132704 bytes,    2959320 total
[2020-09-24T04:23:29.704+0000][23404][gc,age       ] GC(629) - age  14:       7824 bytes,    2967144 total
[2020-09-24T04:23:29.704+0000][23404][gc,age       ] GC(629) - age  15:       1288 bytes,    2968432 total
[2020-09-24T04:23:29.704+0000][23404][gc,phases    ] GC(629)   Pre Evacuate Collection Set: 0.5ms
[2020-09-24T04:23:29.705+0000][23404][gc,phases    ] GC(629)   Merge Heap Roots: 0.1ms
[2020-09-24T04:23:29.705+0000][23404][gc,phases    ] GC(629)   Evacuate Collection Set: 2.0ms
[2020-09-24T04:23:29.705+0000][23404][gc,phases    ] GC(629)   Post Evacuate Collection Set: 0.8ms
[2020-09-24T04:23:29.705+0000][23404][gc,phases    ] GC(629)   Other: 0.9ms
[2020-09-24T04:23:29.705+0000][23404][gc,heap      ] GC(629) Eden regions: 55->0(497)
[2020-09-24T04:23:29.705+0000][23404][gc,heap      ] GC(629) Survivor regions: 4->3(63)
[2020-09-24T04:23:29.705+0000][23404][gc,heap      ] GC(629) Old regions: 86->86
[2020-09-24T04:23:29.705+0000][23404][gc,heap      ] GC(629) Archive regions: 0->0
[2020-09-24T04:23:29.705+0000][23404][gc,heap      ] GC(629) Humongous regions: 375->174
[2020-09-24T04:23:29.705+0000][23404][gc,metaspace ] GC(629) Metaspace: 90211K(96256K)->90211K(96256K) NonClass: 78901K(82432K)->78901K(82432K) Class: 11310K(13824K)->11310K(13824K)
[2020-09-24T04:23:29.705+0000][23404][gc           ] GC(629) Pause Young (Concurrent Start) (G1 Humongous Allocation) 518M->262M(1024M) 4.611ms
[2020-09-24T04:23:29.705+0000][23404][gc,cpu       ] GC(629) User=0.00s Sys=0.00s Real=0.00s
[2020-09-24T04:23:29.705+0000][23404][safepoint    ] Safepoint "G1TryInitiateConcMark", Time since last: 2145300 ns, Reaching safepoint: 156900 ns, At safepoint: 4776800 ns, Total: 4933700 ns
[2020-09-24T04:23:29.705+0000][23404][gc           ] GC(630) Concurrent Cycle
[2020-09-24T04:23:29.705+0000][23404][gc,marking   ] GC(630) Concurrent Clear Claimed Marks
[2020-09-24T04:23:29.705+0000][23404][gc,marking   ] GC(630) Concurrent Clear Claimed Marks 0.406ms
[2020-09-24T04:23:29.706+0000][23404][gc,marking   ] GC(630) Concurrent Scan Root Regions
[2020-09-24T04:23:29.708+0000][23404][gc,marking   ] GC(630) Concurrent Scan Root Regions 2.376ms
[2020-09-24T04:23:29.708+0000][23404][gc,marking   ] GC(630) Concurrent Mark (2882.082s)
[2020-09-24T04:23:29.708+0000][23404][gc,marking   ] GC(630) Concurrent Mark From Roots
[2020-09-24T04:23:29.708+0000][23404][gc,task      ] GC(630) Using 2 workers of 2 for marking
[2020-09-24T04:23:29.832+0000][23404][gc,marking   ] GC(630) Concurrent Mark From Roots 123.778ms
[2020-09-24T04:23:29.832+0000][23404][gc,marking   ] GC(630) Concurrent Preclean
[2020-09-24T04:23:29.832+0000][23404][gc,marking   ] GC(630) Concurrent Preclean 0.322ms
[2020-09-24T04:23:29.832+0000][23404][gc,marking   ] GC(630) Concurrent Mark (2882.082s, 2882.206s) 124.255ms
[2020-09-24T04:23:29.832+0000][23404][gc,start     ] GC(630) Pause Remark
[2020-09-24T04:23:29.839+0000][23404][gc           ] GC(630) Pause Remark 304M->304M(1024M) 6.969ms
[2020-09-24T04:23:29.840+0000][23404][gc,cpu       ] GC(630) User=0.11s Sys=0.00s Real=0.01s
[2020-09-24T04:23:29.840+0000][23404][safepoint    ] Safepoint "G1Concurrent", Time since last: 127353300 ns, Reaching safepoint: 132400 ns, At safepoint: 7227800 ns, Total: 7360200 ns
[2020-09-24T04:23:29.840+0000][23404][gc,marking   ] GC(630) Concurrent Rebuild Remembered Sets
[2020-09-24T04:23:29.924+0000][23404][gc,marking   ] GC(630) Concurrent Rebuild Remembered Sets 84.353ms
[2020-09-24T04:23:29.924+0000][23404][gc,start     ] GC(630) Pause Cleanup
[2020-09-24T04:23:29.925+0000][23404][gc           ] GC(630) Pause Cleanup 438M->438M(1024M) 0.473ms
[2020-09-24T04:23:29.925+0000][23404][gc,cpu       ] GC(630) User=0.00s Sys=0.00s Real=0.00s
[2020-09-24T04:23:29.925+0000][23404][safepoint    ] Safepoint "G1Concurrent", Time since last: 84569100 ns, Reaching safepoint: 180400 ns, At safepoint: 897200 ns, Total: 1077600 ns
[2020-09-24T04:23:29.925+0000][23404][gc,marking   ] GC(630) Concurrent Cleanup for Next Mark
[2020-09-24T04:23:29.928+0000][23404][gc,marking   ] GC(630) Concurrent Cleanup for Next Mark 2.430ms
[2020-09-24T04:23:29.928+0000][23404][gc           ] GC(630) Concurrent Cycle 223.084ms
[2020-09-24T04:23:29.953+0000][23404][gc,start     ] GC(631) Pause Young (Concurrent Start) (G1 Humongous Allocation)
[2020-09-24T04:23:29.953+0000][23404][gc,task      ] GC(631) Using 8 workers of 8 for evacuation
[2020-09-24T04:23:29.953+0000][23404][gc,age       ] GC(631) Desired survivor size 33030144 bytes, new threshold 15 (max threshold 15)
[2020-09-24T04:23:29.956+0000][23404][gc,age       ] GC(631) Age table with threshold 15 (max threshold 15)
[2020-09-24T04:23:29.956+0000][23404][gc,age       ] GC(631) - age   1:    1058896 bytes,    1058896 total
[2020-09-24T04:23:29.956+0000][23404][gc,age       ] GC(631) - age   2:      84024 bytes,    1142920 total
[2020-09-24T04:23:29.956+0000][23404][gc,age       ] GC(631) - age   3:       2080 bytes,    1145000 total
[2020-09-24T04:23:29.956+0000][23404][gc,age       ] GC(631) - age   4:       7016 bytes,    1152016 total
[2020-09-24T04:23:29.956+0000][23404][gc,age       ] GC(631) - age   5:      10888 bytes,    1162904 total
[2020-09-24T04:23:29.956+0000][23404][gc,age       ] GC(631) - age   6:       7032 bytes,    1169936 total
[2020-09-24T04:23:29.956+0000][23404][gc,age       ] GC(631) - age   7:      10504 bytes,    1180440 total
[2020-09-24T04:23:29.956+0000][23404][gc,age       ] GC(631) - age   8:        272 bytes,    1180712 total
[2020-09-24T04:23:29.956+0000][23404][gc,age       ] GC(631) - age   9:       9960 bytes,    1190672 total
[2020-09-24T04:23:29.956+0000][23404][gc,age       ] GC(631) - age  10:       4552 bytes,    1195224 total
[2020-09-24T04:23:29.956+0000][23404][gc,age       ] GC(631) - age  11:       2312 bytes,    1197536 total
[2020-09-24T04:23:29.957+0000][23404][gc,age       ] GC(631) - age  12:      23496 bytes,    1221032 total
[2020-09-24T04:23:29.957+0000][23404][gc,age       ] GC(631) - age  13:        256 bytes,    1221288 total
[2020-09-24T04:23:29.957+0000][23404][gc,age       ] GC(631) - age  14:     132704 bytes,    1353992 total
[2020-09-24T04:23:29.957+0000][23404][gc,age       ] GC(631) - age  15:       7824 bytes,    1361816 total
[2020-09-24T04:23:29.957+0000][23404][gc,phases    ] GC(631)   Pre Evacuate Collection Set: 0.4ms
[2020-09-24T04:23:29.957+0000][23404][gc,phases    ] GC(631)   Merge Heap Roots: 0.1ms
[2020-09-24T04:23:29.957+0000][23404][gc,phases    ] GC(631)   Evacuate Collection Set: 1.7ms
[2020-09-24T04:23:29.957+0000][23404][gc,phases    ] GC(631)   Post Evacuate Collection Set: 0.7ms
[2020-09-24T04:23:29.957+0000][23404][gc,phases    ] GC(631)   Other: 1.0ms
[2020-09-24T04:23:29.957+0000][23404][gc,heap      ] GC(631) Eden regions: 53->0(499)
[2020-09-24T04:23:29.957+0000][23404][gc,heap      ] GC(631) Survivor regions: 3->2(63)
[2020-09-24T04:23:29.957+0000][23404][gc,heap      ] GC(631) Old regions: 86->86
[2020-09-24T04:23:29.957+0000][23404][gc,heap      ] GC(631) Archive regions: 0->0
[2020-09-24T04:23:29.957+0000][23404][gc,heap      ] GC(631) Humongous regions: 305->174
[2020-09-24T04:23:29.957+0000][23404][gc,metaspace ] GC(631) Metaspace: 90211K(96256K)->90211K(96256K) NonClass: 78901K(82432K)->78901K(82432K) Class: 11310K(13824K)->11310K(13824K)
[2020-09-24T04:23:29.957+0000][23404][gc           ] GC(631) Pause Young (Concurrent Start) (G1 Humongous Allocation) 445M->261M(1024M) 4.225ms
[2020-09-24T04:23:29.957+0000][23404][gc,cpu       ] GC(631) User=0.00s Sys=0.00s Real=0.00s
[2020-09-24T04:23:29.957+0000][23404][gc           ] GC(632) Concurrent Cycle
[2020-09-24T04:23:29.957+0000][23404][safepoint    ] Safepoint "G1TryInitiateConcMark", Time since last: 27416600 ns, Reaching safepoint: 158700 ns, At safepoint: 4406200 ns, Total: 4564900 ns
[2020-09-24T04:23:29.957+0000][23404][gc,marking   ] GC(632) Concurrent Clear Claimed Marks
[2020-09-24T04:23:29.958+0000][23404][gc,marking   ] GC(632) Concurrent Clear Claimed Marks 0.602ms
[2020-09-24T04:23:29.958+0000][23404][gc,marking   ] GC(632) Concurrent Scan Root Regions
[2020-09-24T04:23:29.960+0000][23404][gc,marking   ] GC(632) Concurrent Scan Root Regions 1.873ms
[2020-09-24T04:23:29.960+0000][23404][gc,marking   ] GC(632) Concurrent Mark (2882.334s)
[2020-09-24T04:23:29.960+0000][23404][gc,marking   ] GC(632) Concurrent Mark From Roots
[2020-09-24T04:23:29.960+0000][23404][gc,task      ] GC(632) Using 2 workers of 2 for marking
[2020-09-24T04:23:30.101+0000][23404][gc,marking   ] GC(632) Concurrent Mark From Roots 141.069ms
[2020-09-24T04:23:30.101+0000][23404][gc,marking   ] GC(632) Concurrent Preclean
[2020-09-24T04:23:30.102+0000][23404][gc,marking   ] GC(632) Concurrent Preclean 0.369ms
[2020-09-24T04:23:30.102+0000][23404][gc,marking   ] GC(632) Concurrent Mark (2882.334s, 2882.476s) 141.568ms
[2020-09-24T04:23:30.102+0000][23404][gc,start     ] GC(632) Pause Remark
[2020-09-24T04:23:30.108+0000][23404][gc           ] GC(632) Pause Remark 367M->367M(1024M) 6.376ms
[2020-09-24T04:23:30.108+0000][23404][gc,cpu       ] GC(632) User=0.00s Sys=0.00s Real=0.01s
[2020-09-24T04:23:30.108+0000][23404][safepoint    ] Safepoint "G1Concurrent", Time since last: 144343000 ns, Reaching safepoint: 194800 ns, At safepoint: 6594400 ns, Total: 6789200 ns
[2020-09-24T04:23:30.109+0000][23404][gc,marking   ] GC(632) Concurrent Rebuild Remembered Sets
[2020-09-24T04:23:30.199+0000][23404][gc,marking   ] GC(632) Concurrent Rebuild Remembered Sets 90.670ms
[2020-09-24T04:23:30.200+0000][23404][gc,start     ] GC(632) Pause Cleanup
[2020-09-24T04:23:30.200+0000][23404][gc           ] GC(632) Pause Cleanup 445M->445M(1024M) 0.354ms
[2020-09-24T04:23:30.200+0000][23404][gc,cpu       ] GC(632) User=0.00s Sys=0.00s Real=0.00s
[2020-09-24T04:23:30.200+0000][23404][safepoint    ] Safepoint "G1Concurrent", Time since last: 90901500 ns, Reaching safepoint: 173000 ns, At safepoint: 551700 ns, Total: 724700 ns
[2020-09-24T04:23:30.200+0000][23404][gc,marking   ] GC(632) Concurrent Cleanup for Next Mark
[2020-09-24T04:23:30.202+0000][23404][gc,marking   ] GC(632) Concurrent Cleanup for Next Mark 1.756ms
[2020-09-24T04:23:30.202+0000][23404][gc           ] GC(632) Concurrent Cycle 244.659ms
[2020-09-24T04:23:30.970+0000][23404][gc,start     ] GC(633) Pause Young (Concurrent Start) (G1 Humongous Allocation)
[2020-09-24T04:23:30.970+0000][23404][gc,task      ] GC(633) Using 8 workers of 8 for evacuation
[2020-09-24T04:23:30.970+0000][23404][gc,age       ] GC(633) Desired survivor size 33030144 bytes, new threshold 15 (max threshold 15)
[2020-09-24T04:23:30.974+0000][23404][gc,age       ] GC(633) Age table with threshold 15 (max threshold 15)
[2020-09-24T04:23:30.974+0000][23404][gc,age       ] GC(633) - age   1:    2703784 bytes,    2703784 total
[2020-09-24T04:23:30.974+0000][23404][gc,age       ] GC(633) - age   2:      21176 bytes,    2724960 total
[2020-09-24T04:23:30.974+0000][23404][gc,age       ] GC(633) - age   3:      81680 bytes,    2806640 total
[2020-09-24T04:23:30.974+0000][23404][gc,age       ] GC(633) - age   4:       1056 bytes,    2807696 total
[2020-09-24T04:23:30.974+0000][23404][gc,age       ] GC(633) - age   5:       4488 bytes,    2812184 total
[2020-09-24T04:23:30.974+0000][23404][gc,age       ] GC(633) - age   6:      10496 bytes,    2822680 total
[2020-09-24T04:23:30.974+0000][23404][gc,age       ] GC(633) - age   7:       6968 bytes,    2829648 total
[2020-09-24T04:23:30.974+0000][23404][gc,age       ] GC(633) - age   8:      10344 bytes,    2839992 total
[2020-09-24T04:23:30.974+0000][23404][gc,age       ] GC(633) - age   9:        272 bytes,    2840264 total
[2020-09-24T04:23:30.974+0000][23404][gc,age       ] GC(633) - age  10:       9736 bytes,    2850000 total
[2020-09-24T04:23:30.974+0000][23404][gc,age       ] GC(633) - age  11:       4296 bytes,    2854296 total
[2020-09-24T04:23:30.974+0000][23404][gc,age       ] GC(633) - age  12:       2112 bytes,    2856408 total
[2020-09-24T04:23:30.974+0000][23404][gc,age       ] GC(633) - age  13:      23496 bytes,    2879904 total
[2020-09-24T04:23:30.974+0000][23404][gc,age       ] GC(633) - age  14:        256 bytes,    2880160 total
[2020-09-24T04:23:30.974+0000][23404][gc,age       ] GC(633) - age  15:      86432 bytes,    2966592 total
[2020-09-24T04:23:30.974+0000][23404][gc,phases    ] GC(633)   Pre Evacuate Collection Set: 0.4ms
[2020-09-24T04:23:30.975+0000][23404][gc,phases    ] GC(633)   Merge Heap Roots: 0.1ms
[2020-09-24T04:23:30.975+0000][23404][gc,phases    ] GC(633)   Evacuate Collection Set: 2.1ms
[2020-09-24T04:23:30.975+0000][23404][gc,phases    ] GC(633)   Post Evacuate Collection Set: 0.9ms
[2020-09-24T04:23:30.975+0000][23404][gc,phases    ] GC(633)   Other: 1.1ms
[2020-09-24T04:23:30.975+0000][23404][gc,heap      ] GC(633) Eden regions: 76->0(497)
[2020-09-24T04:23:30.975+0000][23404][gc,heap      ] GC(633) Survivor regions: 2->3(63)
[2020-09-24T04:23:30.975+0000][23404][gc,heap      ] GC(633) Old regions: 86->86
[2020-09-24T04:23:30.975+0000][23404][gc,heap      ] GC(633) Archive regions: 0->0
[2020-09-24T04:23:30.975+0000][23404][gc,heap      ] GC(633) Humongous regions: 308->174
[2020-09-24T04:23:30.975+0000][23404][gc,metaspace ] GC(633) Metaspace: 90222K(96256K)->90222K(96256K) NonClass: 78912K(82432K)->78912K(82432K) Class: 11310K(13824K)->11310K(13824K)
[2020-09-24T04:23:30.975+0000][23404][gc           ] GC(633) Pause Young (Concurrent Start) (G1 Humongous Allocation) 470M->262M(1024M) 5.083ms
[2020-09-24T04:23:30.975+0000][23404][gc,cpu       ] GC(633) User=0.00s Sys=0.02s Real=0.00s
[2020-09-24T04:23:30.976+0000][23404][gc           ] GC(634) Concurrent Cycle
[2020-09-24T04:23:30.976+0000][23404][safepoint    ] Safepoint "G1TryInitiateConcMark", Time since last: 770089000 ns, Reaching safepoint: 195400 ns, At safepoint: 5581700 ns, Total: 5777100 ns
[2020-09-24T04:23:30.976+0000][23404][gc,marking   ] GC(634) Concurrent Clear Claimed Marks
[2020-09-24T04:23:30.976+0000][23404][gc,marking   ] GC(634) Concurrent Clear Claimed Marks 0.488ms
[2020-09-24T04:23:30.976+0000][23404][gc,marking   ] GC(634) Concurrent Scan Root Regions
[2020-09-24T04:23:30.979+0000][23404][gc,marking   ] GC(634) Concurrent Scan Root Regions 3.084ms
[2020-09-24T04:23:30.979+0000][23404][gc,marking   ] GC(634) Concurrent Mark (2883.354s)
[2020-09-24T04:23:30.979+0000][23404][gc,marking   ] GC(634) Concurrent Mark From Roots
[2020-09-24T04:23:30.979+0000][23404][gc,task      ] GC(634) Using 2 workers of 2 for marking
[2020-09-24T04:23:31.114+0000][23404][gc,marking   ] GC(634) Concurrent Mark From Roots 134.130ms
[2020-09-24T04:23:31.114+0000][23404][gc,marking   ] GC(634) Concurrent Preclean
[2020-09-24T04:23:31.114+0000][23404][gc,marking   ] GC(634) Concurrent Preclean 0.397ms
[2020-09-24T04:23:31.114+0000][23404][gc,marking   ] GC(634) Concurrent Mark (2883.354s, 2883.488s) 134.686ms
[2020-09-24T04:23:31.114+0000][23404][gc,start     ] GC(634) Pause Remark
[2020-09-24T04:23:31.121+0000][23404][gc           ] GC(634) Pause Remark 416M->416M(1024M) 6.645ms
[2020-09-24T04:23:31.121+0000][23404][gc,cpu       ] GC(634) User=0.11s Sys=0.00s Real=0.01s
[2020-09-24T04:23:31.121+0000][23404][safepoint    ] Safepoint "G1Concurrent", Time since last: 138558100 ns, Reaching safepoint: 152000 ns, At safepoint: 6867500 ns, Total: 7019500 ns
[2020-09-24T04:23:31.121+0000][23404][gc,marking   ] GC(634) Concurrent Rebuild Remembered Sets
[2020-09-24T04:23:31.210+0000][23404][gc,marking   ] GC(634) Concurrent Rebuild Remembered Sets 88.585ms
[2020-09-24T04:23:31.210+0000][23404][gc,start     ] GC(634) Pause Cleanup
[2020-09-24T04:23:31.210+0000][23404][gc           ] GC(634) Pause Cleanup 439M->439M(1024M) 0.332ms
[2020-09-24T04:23:31.210+0000][23404][gc,cpu       ] GC(634) User=0.00s Sys=0.00s Real=0.00s
[2020-09-24T04:23:31.211+0000][23404][safepoint    ] Safepoint "G1Concurrent", Time since last: 88772000 ns, Reaching safepoint: 131600 ns, At safepoint: 507000 ns, Total: 638600 ns
[2020-09-24T04:23:31.211+0000][23404][gc,marking   ] GC(634) Concurrent Cleanup for Next Mark
[2020-09-24T04:23:31.213+0000][23404][gc,marking   ] GC(634) Concurrent Cleanup for Next Mark 2.012ms
[2020-09-24T04:23:31.213+0000][23404][gc           ] GC(634) Concurrent Cycle 237.243ms
[2020-09-24T04:23:31.287+0000][23404][gc,start     ] GC(635) Pause Young (Concurrent Start) (G1 Humongous Allocation)
[2020-09-24T04:23:31.287+0000][23404][gc,task      ] GC(635) Using 8 workers of 8 for evacuation
[2020-09-24T04:23:31.287+0000][23404][gc,age       ] GC(635) Desired survivor size 33030144 bytes, new threshold 15 (max threshold 15)
[2020-09-24T04:23:31.290+0000][23404][gc,age       ] GC(635) Age table with threshold 15 (max threshold 15)
[2020-09-24T04:23:31.290+0000][23404][gc,age       ] GC(635) - age   1:    2686856 bytes,    2686856 total
[2020-09-24T04:23:31.291+0000][23404][gc,age       ] GC(635) - age   2:      18992 bytes,    2705848 total
[2020-09-24T04:23:31.291+0000][23404][gc,age       ] GC(635) - age   3:      20408 bytes,    2726256 total
[2020-09-24T04:23:31.291+0000][23404][gc,age       ] GC(635) - age   4:      81488 bytes,    2807744 total
[2020-09-24T04:23:31.291+0000][23404][gc,age       ] GC(635) - age   5:        640 bytes,    2808384 total
[2020-09-24T04:23:31.291+0000][23404][gc,age       ] GC(635) - age   6:       4424 bytes,    2812808 total
[2020-09-24T04:23:31.291+0000][23404][gc,age       ] GC(635) - age   7:      10368 bytes,    2823176 total
[2020-09-24T04:23:31.291+0000][23404][gc,age       ] GC(635) - age   8:       6904 bytes,    2830080 total
[2020-09-24T04:23:31.291+0000][23404][gc,age       ] GC(635) - age   9:      10344 bytes,    2840424 total
[2020-09-24T04:23:31.291+0000][23404][gc,age       ] GC(635) - age  10:        208 bytes,    2840632 total
[2020-09-24T04:23:31.291+0000][23404][gc,age       ] GC(635) - age  11:       9736 bytes,    2850368 total
[2020-09-24T04:23:31.291+0000][23404][gc,age       ] GC(635) - age  12:       4264 bytes,    2854632 total
[2020-09-24T04:23:31.291+0000][23404][gc,age       ] GC(635) - age  13:       2112 bytes,    2856744 total
[2020-09-24T04:23:31.291+0000][23404][gc,age       ] GC(635) - age  14:      23432 bytes,    2880176 total
[2020-09-24T04:23:31.291+0000][23404][gc,age       ] GC(635) - age  15:        256 bytes,    2880432 total
[2020-09-24T04:23:31.291+0000][23404][gc,phases    ] GC(635)   Pre Evacuate Collection Set: 0.4ms
[2020-09-24T04:23:31.291+0000][23404][gc,phases    ] GC(635)   Merge Heap Roots: 0.1ms
[2020-09-24T04:23:31.291+0000][23404][gc,phases    ] GC(635)   Evacuate Collection Set: 2.0ms
[2020-09-24T04:23:31.291+0000][23404][gc,phases    ] GC(635)   Post Evacuate Collection Set: 0.8ms
[2020-09-24T04:23:31.291+0000][23404][gc,phases    ] GC(635)   Other: 0.8ms
[2020-09-24T04:23:31.291+0000][23404][gc,heap      ] GC(635) Eden regions: 59->0(497)
[2020-09-24T04:23:31.291+0000][23404][gc,heap      ] GC(635) Survivor regions: 3->3(63)
[2020-09-24T04:23:31.291+0000][23404][gc,heap      ] GC(635) Old regions: 86->86
[2020-09-24T04:23:31.291+0000][23404][gc,heap      ] GC(635) Archive regions: 0->0
[2020-09-24T04:23:31.291+0000][23404][gc,heap      ] GC(635) Humongous regions: 298->174
[2020-09-24T04:23:31.291+0000][23404][gc,metaspace ] GC(635) Metaspace: 90222K(96256K)->90222K(96256K) NonClass: 78912K(82432K)->78912K(82432K) Class: 11310K(13824K)->11310K(13824K)
[2020-09-24T04:23:31.291+0000][23404][gc           ] GC(635) Pause Young (Concurrent Start) (G1 Humongous Allocation) 445M->262M(1024M) 4.497ms
[2020-09-24T04:23:31.292+0000][23404][gc,cpu       ] GC(635) User=0.00s Sys=0.00s Real=0.00s
[2020-09-24T04:23:31.292+0000][23404][gc           ] GC(636) Concurrent Cycle
[2020-09-24T04:23:31.292+0000][23404][safepoint    ] Safepoint "G1TryInitiateConcMark", Time since last: 76098400 ns, Reaching safepoint: 127000 ns, At safepoint: 4814400 ns, Total: 4941400 ns
[2020-09-24T04:23:31.292+0000][23404][gc,marking   ] GC(636) Concurrent Clear Claimed Marks
[2020-09-24T04:23:31.293+0000][23404][gc,marking   ] GC(636) Concurrent Clear Claimed Marks 1.014ms
[2020-09-24T04:23:31.293+0000][23404][gc,marking   ] GC(636) Concurrent Scan Root Regions
[2020-09-24T04:23:31.296+0000][23404][gc,marking   ] GC(636) Concurrent Scan Root Regions 2.950ms
[2020-09-24T04:23:31.296+0000][23404][gc,marking   ] GC(636) Concurrent Mark (2883.670s)
[2020-09-24T04:23:31.296+0000][23404][gc,marking   ] GC(636) Concurrent Mark From Roots
[2020-09-24T04:23:31.296+0000][23404][gc,task      ] GC(636) Using 2 workers of 2 for marking
[2020-09-24T04:23:31.409+0000][23404][gc,marking   ] GC(636) Concurrent Mark From Roots 112.892ms
[2020-09-24T04:23:31.409+0000][23404][gc,marking   ] GC(636) Concurrent Preclean
[2020-09-24T04:23:31.410+0000][23404][gc,marking   ] GC(636) Concurrent Preclean 0.719ms
[2020-09-24T04:23:31.410+0000][23404][gc,marking   ] GC(636) Concurrent Mark (2883.670s, 2883.784s) 113.843ms
[2020-09-24T04:23:31.410+0000][23404][gc,start     ] GC(636) Pause Remark
[2020-09-24T04:23:31.417+0000][23404][gc           ] GC(636) Pause Remark 418M->418M(1024M) 6.755ms
[2020-09-24T04:23:31.417+0000][23404][gc,cpu       ] GC(636) User=0.09s Sys=0.02s Real=0.01s
[2020-09-24T04:23:31.417+0000][23404][safepoint    ] Safepoint "G1Concurrent", Time since last: 118377700 ns, Reaching safepoint: 408000 ns, At safepoint: 7055700 ns, Total: 7463700 ns
[2020-09-24T04:23:31.417+0000][23404][gc,marking   ] GC(636) Concurrent Rebuild Remembered Sets
[2020-09-24T04:23:31.499+0000][23404][gc,marking   ] GC(636) Concurrent Rebuild Remembered Sets 82.018ms
[2020-09-24T04:23:31.500+0000][23404][gc,start     ] GC(636) Pause Cleanup
[2020-09-24T04:23:31.500+0000][23404][gc           ] GC(636) Pause Cleanup 505M->505M(1024M) 0.290ms
[2020-09-24T04:23:31.500+0000][23404][gc,cpu       ] GC(636) User=0.00s Sys=0.00s Real=0.00s
[2020-09-24T04:23:31.500+0000][23404][safepoint    ] Safepoint "G1Concurrent", Time since last: 82181100 ns, Reaching safepoint: 178300 ns, At safepoint: 431400 ns, Total: 609700 ns
[2020-09-24T04:23:31.500+0000][23404][gc,marking   ] GC(636) Concurrent Cleanup for Next Mark
[2020-09-24T04:23:31.502+0000][23404][gc,marking   ] GC(636) Concurrent Cleanup for Next Mark 1.380ms
[2020-09-24T04:23:31.502+0000][23404][gc           ] GC(636) Concurrent Cycle 210.209ms
[2020-09-24T04:23:31.533+0000][23404][gc,start     ] GC(637) Pause Young (Concurrent Start) (G1 Humongous Allocation)
[2020-09-24T04:23:31.533+0000][23404][gc,task      ] GC(637) Using 8 workers of 8 for evacuation
[2020-09-24T04:23:31.533+0000][23404][gc,age       ] GC(637) Desired survivor size 33030144 bytes, new threshold 15 (max threshold 15)
[2020-09-24T04:23:31.536+0000][23404][gc,age       ] GC(637) Age table with threshold 15 (max threshold 15)
[2020-09-24T04:23:31.536+0000][23404][gc,age       ] GC(637) - age   1:    3412720 bytes,    3412720 total
[2020-09-24T04:23:31.536+0000][23404][gc,age       ] GC(637) - age   2:       3592 bytes,    3416312 total
[2020-09-24T04:23:31.536+0000][23404][gc,age       ] GC(637) - age   3:      15320 bytes,    3431632 total
[2020-09-24T04:23:31.536+0000][23404][gc,age       ] GC(637) - age   4:      20376 bytes,    3452008 total
[2020-09-24T04:23:31.536+0000][23404][gc,age       ] GC(637) - age   5:      81360 bytes,    3533368 total
[2020-09-24T04:23:31.536+0000][23404][gc,age       ] GC(637) - age   6:        544 bytes,    3533912 total
[2020-09-24T04:23:31.536+0000][23404][gc,age       ] GC(637) - age   7:       4360 bytes,    3538272 total
[2020-09-24T04:23:31.536+0000][23404][gc,age       ] GC(637) - age   8:      10240 bytes,    3548512 total
[2020-09-24T04:23:31.536+0000][23404][gc,age       ] GC(637) - age   9:       4448 bytes,    3552960 total
[2020-09-24T04:23:31.536+0000][23404][gc,age       ] GC(637) - age  10:      10120 bytes,    3563080 total
[2020-09-24T04:23:31.536+0000][23404][gc,age       ] GC(637) - age  11:        208 bytes,    3563288 total
[2020-09-24T04:23:31.536+0000][23404][gc,age       ] GC(637) - age  12:       9736 bytes,    3573024 total
[2020-09-24T04:23:31.536+0000][23404][gc,age       ] GC(637) - age  13:       4040 bytes,    3577064 total
[2020-09-24T04:23:31.536+0000][23404][gc,age       ] GC(637) - age  14:       2112 bytes,    3579176 total
[2020-09-24T04:23:31.536+0000][23404][gc,age       ] GC(637) - age  15:      23432 bytes,    3602608 total
[2020-09-24T04:23:31.537+0000][23404][gc,phases    ] GC(637)   Pre Evacuate Collection Set: 0.4ms
[2020-09-24T04:23:31.537+0000][23404][gc,phases    ] GC(637)   Merge Heap Roots: 0.1ms
[2020-09-24T04:23:31.537+0000][23404][gc,phases    ] GC(637)   Evacuate Collection Set: 1.8ms
[2020-09-24T04:23:31.537+0000][23404][gc,phases    ] GC(637)   Post Evacuate Collection Set: 0.7ms
[2020-09-24T04:23:31.537+0000][23404][gc,phases    ] GC(637)   Other: 0.8ms
[2020-09-24T04:23:31.537+0000][23404][gc,heap      ] GC(637) Eden regions: 73->0(496)
[2020-09-24T04:23:31.537+0000][23404][gc,heap      ] GC(637) Survivor regions: 3->4(63)
[2020-09-24T04:23:31.537+0000][23404][gc,heap      ] GC(637) Old regions: 86->86
[2020-09-24T04:23:31.537+0000][23404][gc,heap      ] GC(637) Archive regions: 0->0
[2020-09-24T04:23:31.537+0000][23404][gc,heap      ] GC(637) Humongous regions: 355->174
[2020-09-24T04:23:31.537+0000][23404][gc,metaspace ] GC(637) Metaspace: 90222K(96256K)->90222K(96256K) NonClass: 78912K(82432K)->78912K(82432K) Class: 11310K(13824K)->11310K(13824K)
[2020-09-24T04:23:31.537+0000][23404][gc           ] GC(637) Pause Young (Concurrent Start) (G1 Humongous Allocation) 515M->263M(1024M) 4.082ms
[2020-09-24T04:23:31.537+0000][23404][gc,cpu       ] GC(637) User=0.02s Sys=0.00s Real=0.00s
[2020-09-24T04:23:31.537+0000][23404][gc           ] GC(638) Concurrent Cycle
[2020-09-24T04:23:31.537+0000][23404][safepoint    ] Safepoint "G1TryInitiateConcMark", Time since last: 32498100 ns, Reaching safepoint: 120400 ns, At safepoint: 4230400 ns, Total: 4350800 ns
[2020-09-24T04:23:31.537+0000][23404][gc,marking   ] GC(638) Concurrent Clear Claimed Marks
[2020-09-24T04:23:31.537+0000][23404][gc,marking   ] GC(638) Concurrent Clear Claimed Marks 0.476ms
[2020-09-24T04:23:31.538+0000][23404][gc,marking   ] GC(638) Concurrent Scan Root Regions
[2020-09-24T04:23:31.541+0000][23404][gc,marking   ] GC(638) Concurrent Scan Root Regions 3.178ms
[2020-09-24T04:23:31.541+0000][23404][gc,marking   ] GC(638) Concurrent Mark (2883.916s)
[2020-09-24T04:23:31.541+0000][23404][gc,marking   ] GC(638) Concurrent Mark From Roots
[2020-09-24T04:23:31.541+0000][23404][gc,task      ] GC(638) Using 2 workers of 2 for marking
[2020-09-24T04:23:31.658+0000][23404][gc,marking   ] GC(638) Concurrent Mark From Roots 116.636ms
[2020-09-24T04:23:31.658+0000][23404][gc,marking   ] GC(638) Concurrent Preclean
