[2020-10-05T08:16:59.794+0000][34308][gc,heap] Heap region size: 1M
[2020-10-05T08:16:59.794+0000][34308][gc,heap,coops] Heap address: 0x00000000c0000000, size: 1024 MB, Compressed Oops mode: 32-bit
[2020-10-05T08:17:00.384+0000][34308][gc           ] Using G1
[2020-10-05T08:17:00.410+0000][34308][gc           ] Periodic GC disabled
[2020-10-05T08:17:01.053+0000][34308][safepoint    ] Safepoint "ICBufferFull", Time since last: 656265400 ns, Reaching safepoint: 176800 ns, At safepoint: 13700 ns, Total: 190500 ns
[2020-10-05T08:17:02.191+0000][34308][safepoint    ] Safepoint "ICBufferFull", Time since last: 1138129700 ns, Reaching safepoint: 282800 ns, At safepoint: 49300 ns, Total: 332100 ns
[2020-10-05T08:17:02.571+0000][34308][gc,start     ] GC(0) Pause Young (Normal) (G1 Evacuation Pause)
[2020-10-05T08:17:02.572+0000][34308][gc,task      ] GC(0) Using 8 workers of 8 for evacuation
[2020-10-05T08:17:02.572+0000][34308][gc,age       ] GC(0) Desired survivor size 3670016 bytes, new threshold 15 (max threshold 15)
[2020-10-05T08:17:02.578+0000][34308][gc,age       ] GC(0) Age table with threshold 15 (max threshold 15)
[2020-10-05T08:17:02.578+0000][34308][gc,age       ] GC(0) - age   1:    5235648 bytes,    5235648 total
[2020-10-05T08:17:02.578+0000][34308][gc,phases    ] GC(0)   Pre Evacuate Collection Set: 0.1ms
[2020-10-05T08:17:02.578+0000][34308][gc,phases    ] GC(0)   Merge Heap Roots: 0.1ms
[2020-10-05T08:17:02.578+0000][34308][gc,phases    ] GC(0)   Evacuate Collection Set: 4.6ms
[2020-10-05T08:17:02.579+0000][34308][gc,phases    ] GC(0)   Post Evacuate Collection Set: 1.0ms
[2020-10-05T08:17:02.579+0000][34308][gc,phases    ] GC(0)   Other: 1.6ms
[2020-10-05T08:17:02.579+0000][34308][gc,heap      ] GC(0) Eden regions: 51->0(56)
[2020-10-05T08:17:02.579+0000][34308][gc,heap      ] GC(0) Survivor regions: 0->6(7)
[2020-10-05T08:17:02.579+0000][34308][gc,heap      ] GC(0) Old regions: 0->0
[2020-10-05T08:17:02.579+0000][34308][gc,heap      ] GC(0) Archive regions: 0->0
[2020-10-05T08:17:02.579+0000][34308][gc,heap      ] GC(0) Humongous regions: 1->1
[2020-10-05T08:17:02.579+0000][34308][gc,metaspace ] GC(0) Metaspace: 12459K(13056K)->12459K(13056K) NonClass: 10938K(11264K)->10938K(11264K) Class: 1521K(1792K)->1521K(1792K)
[2020-10-05T08:17:02.579+0000][34308][gc           ] GC(0) Pause Young (Normal) (G1 Evacuation Pause) 52M->6M(1024M) 7.949ms
[2020-10-05T08:17:02.579+0000][34308][gc,cpu       ] GC(0) User=0.00s Sys=0.02s Real=0.01s
[2020-10-05T08:17:02.579+0000][34308][safepoint    ] Safepoint "G1CollectForAllocation", Time since last: 380110200 ns, Reaching safepoint: 93300 ns, At safepoint: 8135300 ns, Total: 8228600 ns
[2020-10-05T08:17:03.240+0000][34308][safepoint    ] Safepoint "BulkRevokeBias", Time since last: 660811200 ns, Reaching safepoint: 199300 ns, At safepoint: 345700 ns, Total: 545000 ns
[2020-10-05T08:17:03.671+0000][34308][gc,start     ] GC(1) Pause Young (Normal) (G1 Evacuation Pause)
[2020-10-05T08:17:03.671+0000][34308][gc,task      ] GC(1) Using 8 workers of 8 for evacuation
[2020-10-05T08:17:03.671+0000][34308][gc,age       ] GC(1) Desired survivor size 4194304 bytes, new threshold 1 (max threshold 15)
[2020-10-05T08:17:03.678+0000][34308][gc,age       ] GC(1) Age table with threshold 1 (max threshold 15)
[2020-10-05T08:17:03.678+0000][34308][gc,age       ] GC(1) - age   1:    1235488 bytes,    1235488 total
[2020-10-05T08:17:03.678+0000][34308][gc,phases    ] GC(1)   Pre Evacuate Collection Set: 0.1ms
[2020-10-05T08:17:03.678+0000][34308][gc,phases    ] GC(1)   Merge Heap Roots: 0.1ms
[2020-10-05T08:17:03.678+0000][34308][gc,phases    ] GC(1)   Evacuate Collection Set: 5.8ms
[2020-10-05T08:17:03.678+0000][34308][gc,phases    ] GC(1)   Post Evacuate Collection Set: 0.8ms
[2020-10-05T08:17:03.678+0000][34308][gc,phases    ] GC(1)   Other: 0.5ms
[2020-10-05T08:17:03.678+0000][34308][gc,heap      ] GC(1) Eden regions: 56->0(612)
[2020-10-05T08:17:03.678+0000][34308][gc,heap      ] GC(1) Survivor regions: 6->2(8)
[2020-10-05T08:17:03.678+0000][34308][gc,heap      ] GC(1) Old regions: 0->5
[2020-10-05T08:17:03.679+0000][34308][gc,heap      ] GC(1) Archive regions: 0->0
[2020-10-05T08:17:03.679+0000][34308][gc,heap      ] GC(1) Humongous regions: 1->1
[2020-10-05T08:17:03.679+0000][34308][gc,metaspace ] GC(1) Metaspace: 14931K(15616K)->14931K(15616K) NonClass: 13140K(13568K)->13140K(13568K) Class: 1791K(2048K)->1791K(2048K)
[2020-10-05T08:17:03.679+0000][34308][gc           ] GC(1) Pause Young (Normal) (G1 Evacuation Pause) 62M->7M(1024M) 7.946ms
[2020-10-05T08:17:03.679+0000][34308][gc,cpu       ] GC(1) User=0.00s Sys=0.00s Real=0.01s
[2020-10-05T08:17:03.679+0000][34308][safepoint    ] Safepoint "G1CollectForAllocation", Time since last: 430277200 ns, Reaching safepoint: 146600 ns, At safepoint: 8143100 ns, Total: 8289700 ns
[2020-10-05T08:17:03.680+0000][34308][safepoint    ] Safepoint "BulkRevokeBias", Time since last: 323400 ns, Reaching safepoint: 124400 ns, At safepoint: 168800 ns, Total: 293200 ns
[2020-10-05T08:17:03.681+0000][34308][safepoint    ] Safepoint "BulkRevokeBias", Time since last: 1602600 ns, Reaching safepoint: 84800 ns, At safepoint: 156400 ns, Total: 241200 ns
[2020-10-05T08:17:03.682+0000][34308][safepoint    ] Safepoint "BulkRevokeBias", Time since last: 139900 ns, Reaching safepoint: 108100 ns, At safepoint: 153400 ns, Total: 261500 ns
[2020-10-05T08:17:04.752+0000][34308][safepoint    ] Safepoint "Cleanup", Time since last: 1069711400 ns, Reaching safepoint: 204700 ns, At safepoint: 3100 ns, Total: 207800 ns
[2020-10-05T08:17:05.647+0000][34308][gc,start     ] GC(2) Pause Young (Concurrent Start) (Metadata GC Threshold)
[2020-10-05T08:17:05.647+0000][34308][gc,task      ] GC(2) Using 8 workers of 8 for evacuation
[2020-10-05T08:17:05.647+0000][34308][gc,age       ] GC(2) Desired survivor size 40370176 bytes, new threshold 15 (max threshold 15)
[2020-10-05T08:17:05.655+0000][34308][gc,age       ] GC(2) Age table with threshold 15 (max threshold 15)
[2020-10-05T08:17:05.655+0000][34308][gc,age       ] GC(2) - age   1:    6473120 bytes,    6473120 total
[2020-10-05T08:17:05.655+0000][34308][gc,age       ] GC(2) - age   2:    1204600 bytes,    7677720 total
[2020-10-05T08:17:05.655+0000][34308][gc,phases    ] GC(2)   Pre Evacuate Collection Set: 0.2ms
[2020-10-05T08:17:05.655+0000][34308][gc,phases    ] GC(2)   Merge Heap Roots: 0.1ms
[2020-10-05T08:17:05.655+0000][34308][gc,phases    ] GC(2)   Evacuate Collection Set: 5.8ms
[2020-10-05T08:17:05.655+0000][34308][gc,phases    ] GC(2)   Post Evacuate Collection Set: 1.5ms
[2020-10-05T08:17:05.655+0000][34308][gc,phases    ] GC(2)   Other: 0.7ms
[2020-10-05T08:17:05.655+0000][34308][gc,heap      ] GC(2) Eden regions: 347->0(473)
[2020-10-05T08:17:05.655+0000][34308][gc,heap      ] GC(2) Survivor regions: 2->8(77)
[2020-10-05T08:17:05.655+0000][34308][gc,heap      ] GC(2) Old regions: 5->5
[2020-10-05T08:17:05.655+0000][34308][gc,heap      ] GC(2) Archive regions: 0->0
[2020-10-05T08:17:05.655+0000][34308][gc,heap      ] GC(2) Humongous regions: 1->1
[2020-10-05T08:17:05.655+0000][34308][gc,metaspace ] GC(2) Metaspace: 20158K(21248K)->20158K(21248K) NonClass: 17762K(18432K)->17762K(18432K) Class: 2395K(2816K)->2395K(2816K)
[2020-10-05T08:17:05.656+0000][34308][gc           ] GC(2) Pause Young (Concurrent Start) (Metadata GC Threshold) 353M->13M(1024M) 8.812ms
[2020-10-05T08:17:05.656+0000][34308][gc,cpu       ] GC(2) User=0.13s Sys=0.00s Real=0.01s
[2020-10-05T08:17:05.656+0000][34308][gc           ] GC(3) Concurrent Cycle
[2020-10-05T08:17:05.656+0000][34308][gc,marking   ] GC(3) Concurrent Clear Claimed Marks
[2020-10-05T08:17:05.656+0000][34308][gc,marking   ] GC(3) Concurrent Clear Claimed Marks 0.079ms
[2020-10-05T08:17:05.656+0000][34308][gc,marking   ] GC(3) Concurrent Scan Root Regions
[2020-10-05T08:17:05.656+0000][34308][safepoint    ] Safepoint "CollectForMetadataAllocation", Time since last: 894655800 ns, Reaching safepoint: 145900 ns, At safepoint: 9285900 ns, Total: 9431800 ns
[2020-10-05T08:17:05.660+0000][34308][gc,marking   ] GC(3) Concurrent Scan Root Regions 4.385ms
[2020-10-05T08:17:05.660+0000][34308][gc,marking   ] GC(3) Concurrent Mark (5.903s)
[2020-10-05T08:17:05.660+0000][34308][gc,marking   ] GC(3) Concurrent Mark From Roots
[2020-10-05T08:17:05.660+0000][34308][gc,task      ] GC(3) Using 2 workers of 2 for marking
[2020-10-05T08:17:05.661+0000][34308][safepoint    ] Safepoint "BulkRevokeBias", Time since last: 4325100 ns, Reaching safepoint: 312700 ns, At safepoint: 184700 ns, Total: 497400 ns
[2020-10-05T08:17:05.671+0000][34308][safepoint    ] Safepoint "BulkRevokeBias", Time since last: 9977100 ns, Reaching safepoint: 142700 ns, At safepoint: 147300 ns, Total: 290000 ns
[2020-10-05T08:17:05.672+0000][34308][safepoint    ] Safepoint "BulkRevokeBias", Time since last: 410900 ns, Reaching safepoint: 125200 ns, At safepoint: 109400 ns, Total: 234600 ns
[2020-10-05T08:17:05.673+0000][34308][safepoint    ] Safepoint "BulkRevokeBias", Time since last: 918400 ns, Reaching safepoint: 92800 ns, At safepoint: 139000 ns, Total: 231800 ns
[2020-10-05T08:17:05.673+0000][34308][gc,marking   ] GC(3) Concurrent Mark From Roots 12.637ms
[2020-10-05T08:17:05.673+0000][34308][gc,marking   ] GC(3) Concurrent Preclean
[2020-10-05T08:17:05.673+0000][34308][gc,marking   ] GC(3) Concurrent Preclean 0.335ms
[2020-10-05T08:17:05.674+0000][34308][gc,marking   ] GC(3) Concurrent Mark (5.903s, 5.916s) 13.143ms
[2020-10-05T08:17:05.674+0000][34308][gc,start     ] GC(3) Pause Remark
[2020-10-05T08:17:05.676+0000][34308][gc           ] GC(3) Pause Remark 14M->14M(1024M) 2.111ms
[2020-10-05T08:17:05.676+0000][34308][gc,cpu       ] GC(3) User=0.00s Sys=0.00s Real=0.00s
[2020-10-05T08:17:05.676+0000][34308][safepoint    ] Safepoint "G1Concurrent", Time since last: 782800 ns, Reaching safepoint: 322500 ns, At safepoint: 2290500 ns, Total: 2613000 ns
[2020-10-05T08:17:05.676+0000][34308][gc,marking   ] GC(3) Concurrent Rebuild Remembered Sets
[2020-10-05T08:17:05.681+0000][34308][gc,marking   ] GC(3) Concurrent Rebuild Remembered Sets 4.924ms
[2020-10-05T08:17:05.682+0000][34308][gc,start     ] GC(3) Pause Cleanup
[2020-10-05T08:17:05.682+0000][34308][gc           ] GC(3) Pause Cleanup 14M->14M(1024M) 0.196ms
[2020-10-05T08:17:05.682+0000][34308][gc,cpu       ] GC(3) User=0.00s Sys=0.00s Real=0.00s
[2020-10-05T08:17:05.682+0000][34308][safepoint    ] Safepoint "G1Concurrent", Time since last: 5112100 ns, Reaching safepoint: 465400 ns, At safepoint: 316700 ns, Total: 782100 ns
[2020-10-05T08:17:05.682+0000][34308][gc,marking   ] GC(3) Concurrent Cleanup for Next Mark
[2020-10-05T08:17:05.684+0000][34308][gc,marking   ] GC(3) Concurrent Cleanup for Next Mark 1.642ms
[2020-10-05T08:17:05.684+0000][34308][gc           ] GC(3) Concurrent Cycle 28.370ms
[2020-10-05T08:17:06.683+0000][34308][safepoint    ] Safepoint "Cleanup", Time since last: 1000324000 ns, Reaching safepoint: 158700 ns, At safepoint: 15800 ns, Total: 174500 ns
[2020-10-05T08:17:07.872+0000][34308][safepoint    ] Safepoint "Cleanup", Time since last: 1188591300 ns, Reaching safepoint: 86400 ns, At safepoint: 1900 ns, Total: 88300 ns
[2020-10-05T08:17:08.132+0000][34308][gc,start     ] GC(4) Pause Young (Normal) (G1 Evacuation Pause)
[2020-10-05T08:17:08.132+0000][34308][gc,task      ] GC(4) Using 8 workers of 8 for evacuation
[2020-10-05T08:17:08.132+0000][34308][gc,age       ] GC(4) Desired survivor size 34078720 bytes, new threshold 15 (max threshold 15)
[2020-10-05T08:17:08.139+0000][34308][gc,age       ] GC(4) Age table with threshold 15 (max threshold 15)
[2020-10-05T08:17:08.139+0000][34308][gc,age       ] GC(4) - age   1:    4624168 bytes,    4624168 total
[2020-10-05T08:17:08.139+0000][34308][gc,age       ] GC(4) - age   2:    6261288 bytes,   10885456 total
[2020-10-05T08:17:08.139+0000][34308][gc,age       ] GC(4) - age   3:    1157240 bytes,   12042696 total
[2020-10-05T08:17:08.139+0000][34308][gc,phases    ] GC(4)   Pre Evacuate Collection Set: 0.1ms
[2020-10-05T08:17:08.139+0000][34308][gc,phases    ] GC(4)   Merge Heap Roots: 0.1ms
[2020-10-05T08:17:08.139+0000][34308][gc,phases    ] GC(4)   Evacuate Collection Set: 5.9ms
[2020-10-05T08:17:08.139+0000][34308][gc,phases    ] GC(4)   Post Evacuate Collection Set: 1.0ms
[2020-10-05T08:17:08.139+0000][34308][gc,phases    ] GC(4)   Other: 0.4ms
[2020-10-05T08:17:08.139+0000][34308][gc,heap      ] GC(4) Eden regions: 507->0(601)
[2020-10-05T08:17:08.139+0000][34308][gc,heap      ] GC(4) Survivor regions: 8->13(65)
[2020-10-05T08:17:08.139+0000][34308][gc,heap      ] GC(4) Old regions: 5->5
[2020-10-05T08:17:08.139+0000][34308][gc,heap      ] GC(4) Archive regions: 0->0
[2020-10-05T08:17:08.139+0000][34308][gc,heap      ] GC(4) Humongous regions: 2->1
[2020-10-05T08:17:08.139+0000][34308][gc,metaspace ] GC(4) Metaspace: 27381K(29184K)->27381K(29184K) NonClass: 24081K(25344K)->24081K(25344K) Class: 3299K(3840K)->3299K(3840K)
[2020-10-05T08:17:08.140+0000][34308][gc           ] GC(4) Pause Young (Normal) (G1 Evacuation Pause) 521M->17M(1024M) 7.836ms
[2020-10-05T08:17:08.140+0000][34308][gc,cpu       ] GC(4) User=0.11s Sys=0.00s Real=0.01s
[2020-10-05T08:17:08.140+0000][34308][safepoint    ] Safepoint "G1CollectForAllocation", Time since last: 260128000 ns, Reaching safepoint: 192200 ns, At safepoint: 8016700 ns, Total: 8208900 ns
[2020-10-05T08:17:09.162+0000][34308][safepoint    ] Safepoint "Cleanup", Time since last: 1021883300 ns, Reaching safepoint: 268700 ns, At safepoint: 31400 ns, Total: 300100 ns
[2020-10-05T08:17:10.785+0000][34308][gc,start     ] GC(5) Pause Young (Concurrent Start) (Metadata GC Threshold)
[2020-10-05T08:17:10.785+0000][34308][gc,task      ] GC(5) Using 8 workers of 8 for evacuation
[2020-10-05T08:17:10.785+0000][34308][gc,age       ] GC(5) Desired survivor size 40370176 bytes, new threshold 15 (max threshold 15)
[2020-10-05T08:17:10.820+0000][34308][gc,age       ] GC(5) Age table with threshold 15 (max threshold 15)
[2020-10-05T08:17:10.820+0000][34308][gc,age       ] GC(5) - age   1:   34703640 bytes,   34703640 total
[2020-10-05T08:17:10.820+0000][34308][gc,age       ] GC(5) - age   2:    4516720 bytes,   39220360 total
[2020-10-05T08:17:10.820+0000][34308][gc,age       ] GC(5) - age   3:    6227800 bytes,   45448160 total
[2020-10-05T08:17:10.820+0000][34308][gc,age       ] GC(5) - age   4:    1140936 bytes,   46589096 total
[2020-10-05T08:17:10.820+0000][34308][gc,phases    ] GC(5)   Pre Evacuate Collection Set: 0.2ms
[2020-10-05T08:17:10.820+0000][34308][gc,phases    ] GC(5)   Merge Heap Roots: 0.1ms
[2020-10-05T08:17:10.820+0000][34308][gc,phases    ] GC(5)   Evacuate Collection Set: 32.9ms
[2020-10-05T08:17:10.820+0000][34308][gc,phases    ] GC(5)   Post Evacuate Collection Set: 1.7ms
[2020-10-05T08:17:10.821+0000][34308][gc,phases    ] GC(5)   Other: 0.7ms
[2020-10-05T08:17:10.821+0000][34308][gc,heap      ] GC(5) Eden regions: 207->0(371)
[2020-10-05T08:17:10.821+0000][34308][gc,heap      ] GC(5) Survivor regions: 13->46(77)
[2020-10-05T08:17:10.821+0000][34308][gc,heap      ] GC(5) Old regions: 5->5
[2020-10-05T08:17:10.821+0000][34308][gc,heap      ] GC(5) Archive regions: 0->0
[2020-10-05T08:17:10.821+0000][34308][gc,heap      ] GC(5) Humongous regions: 1->1
[2020-10-05T08:17:10.821+0000][34308][gc,metaspace ] GC(5) Metaspace: 33497K(35840K)->33497K(35840K) NonClass: 29234K(30720K)->29234K(30720K) Class: 4262K(5120K)->4262K(5120K)
[2020-10-05T08:17:10.821+0000][34308][gc           ] GC(5) Pause Young (Concurrent Start) (Metadata GC Threshold) 224M->51M(1024M) 36.120ms
[2020-10-05T08:17:10.821+0000][34308][gc,cpu       ] GC(5) User=0.22s Sys=0.00s Real=0.04s
[2020-10-05T08:17:10.821+0000][34308][gc           ] GC(6) Concurrent Cycle
[2020-10-05T08:17:10.821+0000][34308][gc,marking   ] GC(6) Concurrent Clear Claimed Marks
[2020-10-05T08:17:10.821+0000][34308][gc,marking   ] GC(6) Concurrent Clear Claimed Marks 0.138ms
[2020-10-05T08:17:10.821+0000][34308][gc,marking   ] GC(6) Concurrent Scan Root Regions
[2020-10-05T08:17:10.821+0000][34308][safepoint    ] Safepoint "CollectForMetadataAllocation", Time since last: 1622694600 ns, Reaching safepoint: 178700 ns, At safepoint: 36563800 ns, Total: 36742500 ns
[2020-10-05T08:17:10.848+0000][34308][gc,marking   ] GC(6) Concurrent Scan Root Regions 27.234ms
[2020-10-05T08:17:10.849+0000][34308][gc,marking   ] GC(6) Concurrent Mark (11.091s)
[2020-10-05T08:17:10.849+0000][34308][gc,marking   ] GC(6) Concurrent Mark From Roots
[2020-10-05T08:17:10.849+0000][34308][gc,task      ] GC(6) Using 2 workers of 2 for marking
[2020-10-05T08:17:10.858+0000][34308][gc,marking   ] GC(6) Concurrent Mark From Roots 9.525ms
[2020-10-05T08:17:10.858+0000][34308][gc,marking   ] GC(6) Concurrent Preclean
[2020-10-05T08:17:10.859+0000][34308][gc,marking   ] GC(6) Concurrent Preclean 0.385ms
[2020-10-05T08:17:10.859+0000][34308][gc,marking   ] GC(6) Concurrent Mark (11.091s, 11.101s) 10.104ms
[2020-10-05T08:17:10.859+0000][34308][gc,start     ] GC(6) Pause Remark
[2020-10-05T08:17:10.861+0000][34308][gc           ] GC(6) Pause Remark 53M->53M(1024M) 2.219ms
[2020-10-05T08:17:10.861+0000][34308][gc,cpu       ] GC(6) User=0.00s Sys=0.00s Real=0.00s
[2020-10-05T08:17:10.861+0000][34308][safepoint    ] Safepoint "G1Concurrent", Time since last: 37445100 ns, Reaching safepoint: 101100 ns, At safepoint: 2385300 ns, Total: 2486400 ns
[2020-10-05T08:17:10.861+0000][34308][gc,marking   ] GC(6) Concurrent Rebuild Remembered Sets
[2020-10-05T08:17:10.866+0000][34308][gc,marking   ] GC(6) Concurrent Rebuild Remembered Sets 4.999ms
[2020-10-05T08:17:10.874+0000][34308][gc,start     ] GC(6) Pause Cleanup
[2020-10-05T08:17:10.874+0000][34308][gc           ] GC(6) Pause Cleanup 54M->54M(1024M) 0.252ms
[2020-10-05T08:17:10.874+0000][34308][gc,cpu       ] GC(6) User=0.00s Sys=0.00s Real=0.00s
[2020-10-05T08:17:10.874+0000][34308][safepoint    ] Safepoint "G1Concurrent", Time since last: 5192400 ns, Reaching safepoint: 7559300 ns, At safepoint: 396500 ns, Total: 7955800 ns
[2020-10-05T08:17:10.874+0000][34308][gc,marking   ] GC(6) Concurrent Cleanup for Next Mark
[2020-10-05T08:17:10.876+0000][34308][gc,marking   ] GC(6) Concurrent Cleanup for Next Mark 1.759ms
[2020-10-05T08:17:10.876+0000][34308][gc           ] GC(6) Concurrent Cycle 55.362ms
[2020-10-05T08:17:12.546+0000][34308][safepoint    ] Safepoint "ICBufferFull", Time since last: 1671643300 ns, Reaching safepoint: 218700 ns, At safepoint: 5800 ns, Total: 224500 ns
[2020-10-05T08:17:13.647+0000][34308][safepoint    ] Safepoint "ICBufferFull", Time since last: 1100874800 ns, Reaching safepoint: 208400 ns, At safepoint: 4800 ns, Total: 213200 ns
[2020-10-05T08:17:14.498+0000][34308][safepoint    ] Safepoint "BulkRevokeBias", Time since last: 851114000 ns, Reaching safepoint: 265800 ns, At safepoint: 172200 ns, Total: 438000 ns
[2020-10-05T08:17:14.504+0000][34308][safepoint    ] Safepoint "BulkRevokeBias", Time since last: 4921000 ns, Reaching safepoint: 82000 ns, At safepoint: 135300 ns, Total: 217300 ns
[2020-10-05T08:17:14.508+0000][34308][safepoint    ] Safepoint "BulkRevokeBias", Time since last: 4490300 ns, Reaching safepoint: 113400 ns, At safepoint: 157500 ns, Total: 270900 ns
[2020-10-05T08:17:15.516+0000][34308][safepoint    ] Safepoint "Cleanup", Time since last: 1006636500 ns, Reaching safepoint: 476600 ns, At safepoint: 42900 ns, Total: 519500 ns
[2020-10-05T08:17:15.727+0000][34308][gc,start     ] GC(7) Pause Young (Concurrent Start) (Metadata GC Threshold)
[2020-10-05T08:17:15.727+0000][34308][gc,task      ] GC(7) Using 8 workers of 8 for evacuation
[2020-10-05T08:17:15.727+0000][34308][gc,age       ] GC(7) Desired survivor size 29884416 bytes, new threshold 1 (max threshold 15)
[2020-10-05T08:17:15.777+0000][34308][gc,age       ] GC(7) Age table with threshold 1 (max threshold 15)
[2020-10-05T08:17:15.778+0000][34308][gc,age       ] GC(7) - age   1:    8779544 bytes,    8779544 total
[2020-10-05T08:17:15.778+0000][34308][gc,phases    ] GC(7)   Pre Evacuate Collection Set: 0.3ms
[2020-10-05T08:17:15.778+0000][34308][gc,phases    ] GC(7)   Merge Heap Roots: 0.1ms
[2020-10-05T08:17:15.778+0000][34308][gc,phases    ] GC(7)   Evacuate Collection Set: 47.2ms
[2020-10-05T08:17:15.778+0000][34308][gc,phases    ] GC(7)   Post Evacuate Collection Set: 2.1ms
[2020-10-05T08:17:15.778+0000][34308][gc,phases    ] GC(7)   Other: 0.6ms
[2020-10-05T08:17:15.778+0000][34308][gc,heap      ] GC(7) Eden regions: 245->0(527)
[2020-10-05T08:17:15.778+0000][34308][gc,heap      ] GC(7) Survivor regions: 46->11(57)
[2020-10-05T08:17:15.778+0000][34308][gc,heap      ] GC(7) Old regions: 5->50
[2020-10-05T08:17:15.778+0000][34308][gc,heap      ] GC(7) Archive regions: 0->0
[2020-10-05T08:17:15.778+0000][34308][gc,heap      ] GC(7) Humongous regions: 1->1
[2020-10-05T08:17:15.778+0000][34308][gc,metaspace ] GC(7) Metaspace: 55994K(60160K)->55994K(60160K) NonClass: 48336K(50816K)->48336K(50816K) Class: 7658K(9344K)->7658K(9344K)
[2020-10-05T08:17:15.778+0000][34308][gc           ] GC(7) Pause Young (Concurrent Start) (Metadata GC Threshold) 295M->61M(1024M) 50.834ms
[2020-10-05T08:17:15.778+0000][34308][gc,cpu       ] GC(7) User=0.45s Sys=0.02s Real=0.05s
[2020-10-05T08:17:15.778+0000][34308][gc           ] GC(8) Concurrent Cycle
[2020-10-05T08:17:15.778+0000][34308][gc,marking   ] GC(8) Concurrent Clear Claimed Marks
[2020-10-05T08:17:15.779+0000][34308][gc,marking   ] GC(8) Concurrent Clear Claimed Marks 0.321ms
[2020-10-05T08:17:15.779+0000][34308][gc,marking   ] GC(8) Concurrent Scan Root Regions
[2020-10-05T08:17:15.779+0000][34308][safepoint    ] Safepoint "CollectForMetadataAllocation", Time since last: 211556600 ns, Reaching safepoint: 123700 ns, At safepoint: 51638100 ns, Total: 51761800 ns
[2020-10-05T08:17:15.819+0000][34308][gc,marking   ] GC(8) Concurrent Scan Root Regions 40.321ms
[2020-10-05T08:17:15.820+0000][34308][gc,marking   ] GC(8) Concurrent Mark (16.062s)
[2020-10-05T08:17:15.820+0000][34308][gc,marking   ] GC(8) Concurrent Mark From Roots
[2020-10-05T08:17:15.820+0000][34308][gc,task      ] GC(8) Using 2 workers of 2 for marking
[2020-10-05T08:17:15.830+0000][34308][gc,marking   ] GC(8) Concurrent Mark From Roots 9.856ms
[2020-10-05T08:17:15.830+0000][34308][gc,marking   ] GC(8) Concurrent Preclean
[2020-10-05T08:17:15.830+0000][34308][gc,marking   ] GC(8) Concurrent Preclean 0.405ms
[2020-10-05T08:17:15.830+0000][34308][gc,marking   ] GC(8) Concurrent Mark (16.062s, 16.072s) 10.533ms
[2020-10-05T08:17:15.830+0000][34308][gc,start     ] GC(8) Pause Remark
[2020-10-05T08:17:15.833+0000][34308][gc           ] GC(8) Pause Remark 64M->64M(1024M) 2.753ms
[2020-10-05T08:17:15.833+0000][34308][gc,cpu       ] GC(8) User=0.00s Sys=0.00s Real=0.00s
[2020-10-05T08:17:15.833+0000][34308][safepoint    ] Safepoint "G1Concurrent", Time since last: 50922300 ns, Reaching safepoint: 121900 ns, At safepoint: 2911300 ns, Total: 3033200 ns
[2020-10-05T08:17:15.833+0000][34308][gc,marking   ] GC(8) Concurrent Rebuild Remembered Sets
[2020-10-05T08:17:15.875+0000][34308][gc,marking   ] GC(8) Concurrent Rebuild Remembered Sets 41.523ms
[2020-10-05T08:17:15.875+0000][34308][gc,start     ] GC(8) Pause Cleanup
[2020-10-05T08:17:15.876+0000][34308][gc           ] GC(8) Pause Cleanup 65M->65M(1024M) 0.247ms
[2020-10-05T08:17:15.876+0000][34308][gc,cpu       ] GC(8) User=0.00s Sys=0.00s Real=0.00s
[2020-10-05T08:17:15.876+0000][34308][safepoint    ] Safepoint "G1Concurrent", Time since last: 41752100 ns, Reaching safepoint: 666900 ns, At safepoint: 397900 ns, Total: 1064800 ns
[2020-10-05T08:17:15.876+0000][34308][gc,marking   ] GC(8) Concurrent Cleanup for Next Mark
[2020-10-05T08:17:15.877+0000][34308][gc,marking   ] GC(8) Concurrent Cleanup for Next Mark 1.577ms
[2020-10-05T08:17:15.878+0000][34308][gc           ] GC(8) Concurrent Cycle 99.204ms
[2020-10-05T08:17:16.853+0000][34308][safepoint    ] Safepoint "ICBufferFull", Time since last: 976389400 ns, Reaching safepoint: 1086100 ns, At safepoint: 42100 ns, Total: 1128200 ns
[2020-10-05T08:17:17.543+0000][34308][safepoint    ] Safepoint "BulkRevokeBias", Time since last: 688541800 ns, Reaching safepoint: 148700 ns, At safepoint: 514300 ns, Total: 663000 ns
[2020-10-05T08:17:19.531+0000][34308][safepoint    ] Safepoint "Cleanup", Time since last: 1988330700 ns, Reaching safepoint: 132200 ns, At safepoint: 3100 ns, Total: 135300 ns
[2020-10-05T08:17:20.533+0000][34308][safepoint    ] Safepoint "Cleanup", Time since last: 1001507400 ns, Reaching safepoint: 82900 ns, At safepoint: 3100 ns, Total: 86000 ns
[2020-10-05T08:17:20.628+0000][34308][safepoint    ] Safepoint "BulkRevokeBias", Time since last: 93897800 ns, Reaching safepoint: 177100 ns, At safepoint: 862300 ns, Total: 1039400 ns
[2020-10-05T08:17:20.629+0000][34308][safepoint    ] Safepoint "BulkRevokeBias", Time since last: 391600 ns, Reaching safepoint: 92200 ns, At safepoint: 648400 ns, Total: 740600 ns
[2020-10-05T08:17:20.630+0000][34308][safepoint    ] Safepoint "BulkRevokeBias", Time since last: 240100 ns, Reaching safepoint: 61800 ns, At safepoint: 742800 ns, Total: 804600 ns
[2020-10-05T08:17:20.760+0000][34308][safepoint    ] Safepoint "BulkRevokeBias", Time since last: 125889600 ns, Reaching safepoint: 99600 ns, At safepoint: 3540900 ns, Total: 3640500 ns
[2020-10-05T08:17:20.892+0000][34308][safepoint    ] Safepoint "BulkRevokeBias", Time since last: 130837300 ns, Reaching safepoint: 161900 ns, At safepoint: 825000 ns, Total: 986900 ns
[2020-10-05T08:17:22.599+0000][34308][safepoint    ] Safepoint "BulkRevokeBias", Time since last: 1707301900 ns, Reaching safepoint: 185600 ns, At safepoint: 593000 ns, Total: 778600 ns
[2020-10-05T08:17:23.600+0000][34308][safepoint    ] Safepoint "Cleanup", Time since last: 1000415600 ns, Reaching safepoint: 109300 ns, At safepoint: 3600 ns, Total: 112900 ns
[2020-10-05T08:17:24.601+0000][34308][safepoint    ] Safepoint "Cleanup", Time since last: 1000374600 ns, Reaching safepoint: 100800 ns, At safepoint: 4100 ns, Total: 104900 ns
[2020-10-05T08:17:25.601+0000][34308][safepoint    ] Safepoint "Cleanup", Time since last: 1000453300 ns, Reaching safepoint: 94000 ns, At safepoint: 3700 ns, Total: 97700 ns
[2020-10-05T08:17:26.602+0000][34308][safepoint    ] Safepoint "Cleanup", Time since last: 1000244400 ns, Reaching safepoint: 121300 ns, At safepoint: 4700 ns, Total: 126000 ns
[2020-10-05T08:17:27.602+0000][34308][safepoint    ] Safepoint "Cleanup", Time since last: 1000072100 ns, Reaching safepoint: 69500 ns, At safepoint: 4000 ns, Total: 73500 ns
[2020-10-05T08:17:29.602+0000][34308][safepoint    ] Safepoint "Cleanup", Time since last: 2000593800 ns, Reaching safepoint: 127600 ns, At safepoint: 3300 ns, Total: 130900 ns
[2020-10-05T08:17:31.603+0000][34308][safepoint    ] Safepoint "Cleanup", Time since last: 2000973300 ns, Reaching safepoint: 150600 ns, At safepoint: 22400 ns, Total: 173000 ns
[2020-10-05T08:17:32.604+0000][34308][safepoint    ] Safepoint "Cleanup", Time since last: 1000197000 ns, Reaching safepoint: 126700 ns, At safepoint: 4600 ns, Total: 131300 ns
[2020-10-05T08:17:33.604+0000][34308][safepoint    ] Safepoint "Cleanup", Time since last: 1000399400 ns, Reaching safepoint: 107200 ns, At safepoint: 4600 ns, Total: 111800 ns
[2020-10-05T08:17:34.605+0000][34308][safepoint    ] Safepoint "Cleanup", Time since last: 1000289500 ns, Reaching safepoint: 93400 ns, At safepoint: 3600 ns, Total: 97000 ns
[2020-10-05T08:17:35.606+0000][34308][safepoint    ] Safepoint "Cleanup", Time since last: 1000715400 ns, Reaching safepoint: 103200 ns, At safepoint: 3800 ns, Total: 107000 ns
[2020-10-05T08:17:36.606+0000][34308][safepoint    ] Safepoint "Cleanup", Time since last: 1000035700 ns, Reaching safepoint: 172300 ns, At safepoint: 5100 ns, Total: 177400 ns
[2020-10-05T08:17:37.607+0000][34308][safepoint    ] Safepoint "Cleanup", Time since last: 1000627600 ns, Reaching safepoint: 86600 ns, At safepoint: 5100 ns, Total: 91700 ns
[2020-10-05T08:17:38.607+0000][34308][safepoint    ] Safepoint "Cleanup", Time since last: 1000611100 ns, Reaching safepoint: 85100 ns, At safepoint: 4600 ns, Total: 89700 ns
[2020-10-05T08:17:39.608+0000][34308][safepoint    ] Safepoint "Cleanup", Time since last: 1000420500 ns, Reaching safepoint: 97200 ns, At safepoint: 3900 ns, Total: 101100 ns
[2020-10-05T08:17:40.608+0000][34308][safepoint    ] Safepoint "Cleanup", Time since last: 1000187400 ns, Reaching safepoint: 148100 ns, At safepoint: 3700 ns, Total: 151800 ns
[2020-10-05T08:17:41.608+0000][34308][safepoint    ] Safepoint "Cleanup", Time since last: 1000256500 ns, Reaching safepoint: 84200 ns, At safepoint: 4600 ns, Total: 88800 ns
[2020-10-05T08:17:42.609+0000][34308][safepoint    ] Safepoint "Cleanup", Time since last: 1000332600 ns, Reaching safepoint: 80600 ns, At safepoint: 3700 ns, Total: 84300 ns
[2020-10-05T08:17:43.609+0000][34308][safepoint    ] Safepoint "Cleanup", Time since last: 1000254500 ns, Reaching safepoint: 145500 ns, At safepoint: 4200 ns, Total: 149700 ns
[2020-10-05T08:17:44.610+0000][34308][safepoint    ] Safepoint "Cleanup", Time since last: 1000216100 ns, Reaching safepoint: 97900 ns, At safepoint: 5800 ns, Total: 103700 ns
[2020-10-05T08:17:45.610+0000][34308][safepoint    ] Safepoint "Cleanup", Time since last: 1000091800 ns, Reaching safepoint: 130100 ns, At safepoint: 4700 ns, Total: 134800 ns
[2020-10-05T08:17:46.610+0000][34308][safepoint    ] Safepoint "Cleanup", Time since last: 1000528500 ns, Reaching safepoint: 143100 ns, At safepoint: 5600 ns, Total: 148700 ns
[2020-10-05T08:17:47.611+0000][34308][safepoint    ] Safepoint "Cleanup", Time since last: 1000775200 ns, Reaching safepoint: 80400 ns, At safepoint: 2800 ns, Total: 83200 ns
[2020-10-05T08:17:48.612+0000][34308][safepoint    ] Safepoint "Cleanup", Time since last: 1000511100 ns, Reaching safepoint: 135100 ns, At safepoint: 3600 ns, Total: 138700 ns
[2020-10-05T08:17:49.612+0000][34308][safepoint    ] Safepoint "Cleanup", Time since last: 1000109100 ns, Reaching safepoint: 143800 ns, At safepoint: 4100 ns, Total: 147900 ns
[2020-10-05T08:17:50.612+0000][34308][safepoint    ] Safepoint "Cleanup", Time since last: 1000004400 ns, Reaching safepoint: 95400 ns, At safepoint: 3600 ns, Total: 99000 ns
[2020-10-05T08:17:51.613+0000][34308][safepoint    ] Safepoint "Cleanup", Time since last: 1000493000 ns, Reaching safepoint: 104800 ns, At safepoint: 3600 ns, Total: 108400 ns
[2020-10-05T08:17:53.614+0000][34308][safepoint    ] Safepoint "Cleanup", Time since last: 2000527700 ns, Reaching safepoint: 140000 ns, At safepoint: 4100 ns, Total: 144100 ns
[2020-10-05T08:17:54.614+0000][34308][safepoint    ] Safepoint "Cleanup", Time since last: 1000214300 ns, Reaching safepoint: 119600 ns, At safepoint: 7800 ns, Total: 127400 ns
[2020-10-05T08:17:55.615+0000][34308][safepoint    ] Safepoint "Cleanup", Time since last: 1000534200 ns, Reaching safepoint: 100900 ns, At safepoint: 4300 ns, Total: 105200 ns
[2020-10-05T08:17:57.616+0000][34308][safepoint    ] Safepoint "Cleanup", Time since last: 2000796800 ns, Reaching safepoint: 116400 ns, At safepoint: 4800 ns, Total: 121200 ns
[2020-10-05T08:17:59.616+0000][34308][safepoint    ] Safepoint "Cleanup", Time since last: 2000554600 ns, Reaching safepoint: 271100 ns, At safepoint: 7700 ns, Total: 278800 ns
[2020-10-05T08:18:00.617+0000][34308][safepoint    ] Safepoint "Cleanup", Time since last: 1000124100 ns, Reaching safepoint: 106400 ns, At safepoint: 5200 ns, Total: 111600 ns
[2020-10-05T08:18:01.617+0000][34308][safepoint    ] Safepoint "Cleanup", Time since last: 1000229700 ns, Reaching safepoint: 100500 ns, At safepoint: 17700 ns, Total: 118200 ns
[2020-10-05T08:18:02.618+0000][34308][safepoint    ] Safepoint "Cleanup", Time since last: 1000448200 ns, Reaching safepoint: 203000 ns, At safepoint: 9700 ns, Total: 212700 ns
[2020-10-05T08:18:03.618+0000][34308][safepoint    ] Safepoint "Cleanup", Time since last: 1000093100 ns, Reaching safepoint: 133200 ns, At safepoint: 16600 ns, Total: 149800 ns
[2020-10-05T08:18:04.619+0000][34308][safepoint    ] Safepoint "Cleanup", Time since last: 1000723900 ns, Reaching safepoint: 155700 ns, At safepoint: 7600 ns, Total: 163300 ns
[2020-10-05T08:18:05.619+0000][34308][safepoint    ] Safepoint "Cleanup", Time since last: 1000298900 ns, Reaching safepoint: 205300 ns, At safepoint: 22900 ns, Total: 228200 ns
[2020-10-05T08:18:06.620+0000][34308][safepoint    ] Safepoint "Cleanup", Time since last: 1000786400 ns, Reaching safepoint: 176000 ns, At safepoint: 11100 ns, Total: 187100 ns
[2020-10-05T08:18:07.621+0000][34308][safepoint    ] Safepoint "Cleanup", Time since last: 1000770600 ns, Reaching safepoint: 156800 ns, At safepoint: 9100 ns, Total: 165900 ns
[2020-10-05T08:18:08.622+0000][34308][safepoint    ] Safepoint "Cleanup", Time since last: 1000251000 ns, Reaching safepoint: 141100 ns, At safepoint: 9000 ns, Total: 150100 ns
[2020-10-05T08:18:09.623+0000][34308][safepoint    ] Safepoint "Cleanup", Time since last: 1000862800 ns, Reaching safepoint: 123700 ns, At safepoint: 5700 ns, Total: 129400 ns
[2020-10-05T08:18:10.623+0000][34308][safepoint    ] Safepoint "Cleanup", Time since last: 1000558900 ns, Reaching safepoint: 145700 ns, At safepoint: 4300 ns, Total: 150000 ns
[2020-10-05T08:18:11.624+0000][34308][safepoint    ] Safepoint "Cleanup", Time since last: 1000551000 ns, Reaching safepoint: 108900 ns, At safepoint: 5900 ns, Total: 114800 ns
[2020-10-05T08:18:13.624+0000][34308][safepoint    ] Safepoint "Cleanup", Time since last: 2000103200 ns, Reaching safepoint: 176300 ns, At safepoint: 4700 ns, Total: 181000 ns
[2020-10-05T08:18:15.625+0000][34308][safepoint    ] Safepoint "Cleanup", Time since last: 2000481900 ns, Reaching safepoint: 158400 ns, At safepoint: 5400 ns, Total: 163800 ns
[2020-10-05T08:18:16.626+0000][34308][safepoint    ] Safepoint "Cleanup", Time since last: 1000632300 ns, Reaching safepoint: 236400 ns, At safepoint: 13400 ns, Total: 249800 ns
[2020-10-05T08:18:17.626+0000][34308][safepoint    ] Safepoint "Cleanup", Time since last: 1000398600 ns, Reaching safepoint: 206200 ns, At safepoint: 5700 ns, Total: 211900 ns
[2020-10-05T08:18:18.627+0000][34308][safepoint    ] Safepoint "Cleanup", Time since last: 1000763300 ns, Reaching safepoint: 468400 ns, At safepoint: 32900 ns, Total: 501300 ns
[2020-10-05T08:18:20.628+0000][34308][safepoint    ] Safepoint "Cleanup", Time since last: 2000286500 ns, Reaching safepoint: 342800 ns, At safepoint: 7500 ns, Total: 350300 ns
[2020-10-05T08:18:21.629+0000][34308][safepoint    ] Safepoint "Cleanup", Time since last: 1000604800 ns, Reaching safepoint: 266800 ns, At safepoint: 3500 ns, Total: 270300 ns
[2020-10-05T08:18:22.630+0000][34308][safepoint    ] Safepoint "Cleanup", Time since last: 1000241500 ns, Reaching safepoint: 167200 ns, At safepoint: 22400 ns, Total: 189600 ns
[2020-10-05T08:18:27.632+0000][34308][safepoint    ] Safepoint "Cleanup", Time since last: 5002472900 ns, Reaching safepoint: 157100 ns, At safepoint: 3600 ns, Total: 160700 ns
[2020-10-05T08:18:31.635+0000][34308][safepoint    ] Safepoint "Cleanup", Time since last: 4002781800 ns, Reaching safepoint: 90100 ns, At safepoint: 3600 ns, Total: 93700 ns
[2020-10-05T08:18:32.635+0000][34308][safepoint    ] Safepoint "Cleanup", Time since last: 1000115100 ns, Reaching safepoint: 81800 ns, At safepoint: 4000 ns, Total: 85800 ns
[2020-10-05T08:18:34.182+0000][34308][safepoint    ] Safepoint "Cleanup", Time since last: 1546239500 ns, Reaching safepoint: 175700 ns, At safepoint: 19100 ns, Total: 194800 ns
[2020-10-05T08:18:37.188+0000][34308][safepoint    ] Safepoint "Cleanup", Time since last: 3005944300 ns, Reaching safepoint: 120000 ns, At safepoint: 3900 ns, Total: 123900 ns
[2020-10-05T08:18:54.198+0000][34308][safepoint    ] Safepoint "Cleanup", Time since last: 17009653000 ns, Reaching safepoint: 103100 ns, At safepoint: 3300 ns, Total: 106400 ns
[2020-10-05T08:18:56.199+0000][34308][safepoint    ] Safepoint "Cleanup", Time since last: 2001675300 ns, Reaching safepoint: 83800 ns, At safepoint: 3000 ns, Total: 86800 ns
[2020-10-05T08:18:57.200+0000][34308][safepoint    ] Safepoint "Cleanup", Time since last: 1000602700 ns, Reaching safepoint: 77000 ns, At safepoint: 3300 ns, Total: 80300 ns
[2020-10-05T08:19:04.204+0000][34308][safepoint    ] Safepoint "Cleanup", Time since last: 7004022300 ns, Reaching safepoint: 108100 ns, At safepoint: 8200 ns, Total: 116300 ns
[2020-10-05T08:19:13.208+0000][34308][safepoint    ] Safepoint "Cleanup", Time since last: 9003649400 ns, Reaching safepoint: 97100 ns, At safepoint: 6100 ns, Total: 103200 ns
[2020-10-05T08:19:15.209+0000][34308][safepoint    ] Safepoint "Cleanup", Time since last: 2000584800 ns, Reaching safepoint: 170500 ns, At safepoint: 4400 ns, Total: 174900 ns
[2020-10-05T08:19:25.214+0000][34308][safepoint    ] Safepoint "Cleanup", Time since last: 10004575700 ns, Reaching safepoint: 128700 ns, At safepoint: 5100 ns, Total: 133800 ns
[2020-10-05T08:19:26.214+0000][34308][safepoint    ] Safepoint "Cleanup", Time since last: 1000324300 ns, Reaching safepoint: 95700 ns, At safepoint: 6300 ns, Total: 102000 ns
[2020-10-05T08:19:27.584+0000][34308][safepoint    ] Safepoint "Cleanup", Time since last: 1370868300 ns, Reaching safepoint: 137500 ns, At safepoint: 3700 ns, Total: 141200 ns
[2020-10-05T08:19:27.636+0000][34308][safepoint    ] Safepoint "BulkRevokeBias", Time since last: 49850300 ns, Reaching safepoint: 131700 ns, At safepoint: 1695100 ns, Total: 1826800 ns
[2020-10-05T08:19:28.402+0000][34308][safepoint    ] Safepoint "BulkRevokeBias", Time since last: 764185500 ns, Reaching safepoint: 177300 ns, At safepoint: 584600 ns, Total: 761900 ns
[2020-10-05T08:19:28.503+0000][34308][safepoint    ] Safepoint "BulkRevokeBias", Time since last: 98770900 ns, Reaching safepoint: 113900 ns, At safepoint: 3126000 ns, Total: 3239900 ns
[2020-10-05T08:19:28.775+0000][34308][safepoint    ] Safepoint "BulkRevokeBias", Time since last: 264498200 ns, Reaching safepoint: 370900 ns, At safepoint: 7357100 ns, Total: 7728000 ns
[2020-10-05T08:19:28.955+0000][34308][safepoint    ] Safepoint "BulkRevokeBias", Time since last: 176421000 ns, Reaching safepoint: 164900 ns, At safepoint: 3503000 ns, Total: 3667900 ns
[2020-10-05T08:19:29.158+0000][34308][safepoint    ] Safepoint "BulkRevokeBias", Time since last: 201359000 ns, Reaching safepoint: 188500 ns, At safepoint: 1139100 ns, Total: 1327600 ns
[2020-10-05T08:19:29.402+0000][34308][safepoint    ] Safepoint "BulkRevokeBias", Time since last: 242362400 ns, Reaching safepoint: 205500 ns, At safepoint: 1096400 ns, Total: 1301900 ns
[2020-10-05T08:19:29.803+0000][34308][safepoint    ] Safepoint "BulkRevokeBias", Time since last: 398920800 ns, Reaching safepoint: 250400 ns, At safepoint: 1637900 ns, Total: 1888300 ns
[2020-10-05T08:19:29.823+0000][34308][safepoint    ] Safepoint "BulkRevokeBias", Time since last: 16974800 ns, Reaching safepoint: 201100 ns, At safepoint: 3585000 ns, Total: 3786100 ns
[2020-10-05T08:19:29.953+0000][34308][safepoint    ] Safepoint "BulkRevokeBias", Time since last: 127856100 ns, Reaching safepoint: 165000 ns, At safepoint: 1949200 ns, Total: 2114200 ns
[2020-10-05T08:19:30.095+0000][34308][safepoint    ] Safepoint "BulkRevokeBias", Time since last: 140766400 ns, Reaching safepoint: 150200 ns, At safepoint: 953000 ns, Total: 1103200 ns
[2020-10-05T08:19:30.462+0000][34308][safepoint    ] Safepoint "BulkRevokeBias", Time since last: 365410700 ns, Reaching safepoint: 393700 ns, At safepoint: 730700 ns, Total: 1124400 ns
[2020-10-05T08:19:30.830+0000][34308][gc,start     ] GC(9) Pause Young (Concurrent Start) (G1 Humongous Allocation)
[2020-10-05T08:19:30.830+0000][34308][gc,task      ] GC(9) Using 8 workers of 8 for evacuation
[2020-10-05T08:19:30.830+0000][34308][gc,age       ] GC(9) Desired survivor size 38797312 bytes, new threshold 15 (max threshold 15)
[2020-10-05T08:19:30.849+0000][34308][gc,age       ] GC(9) Age table with threshold 15 (max threshold 15)
[2020-10-05T08:19:30.849+0000][34308][gc,age       ] GC(9) - age   1:   17988448 bytes,   17988448 total
[2020-10-05T08:19:30.849+0000][34308][gc,age       ] GC(9) - age   2:    8341168 bytes,   26329616 total
[2020-10-05T08:19:30.849+0000][34308][gc,phases    ] GC(9)   Pre Evacuate Collection Set: 0.4ms
[2020-10-05T08:19:30.849+0000][34308][gc,phases    ] GC(9)   Merge Heap Roots: 0.2ms
[2020-10-05T08:19:30.849+0000][34308][gc,phases    ] GC(9)   Evacuate Collection Set: 16.1ms
[2020-10-05T08:19:30.849+0000][34308][gc,phases    ] GC(9)   Post Evacuate Collection Set: 1.7ms
[2020-10-05T08:19:30.849+0000][34308][gc,phases    ] GC(9)   Other: 0.9ms
[2020-10-05T08:19:30.850+0000][34308][gc,heap      ] GC(9) Eden regions: 420->0(508)
[2020-10-05T08:19:30.850+0000][34308][gc,heap      ] GC(9) Survivor regions: 11->27(74)
[2020-10-05T08:19:30.850+0000][34308][gc,heap      ] GC(9) Old regions: 50->50
[2020-10-05T08:19:30.850+0000][34308][gc,heap      ] GC(9) Archive regions: 0->0
[2020-10-05T08:19:30.850+0000][34308][gc,heap      ] GC(9) Humongous regions: 257->93
[2020-10-05T08:19:30.850+0000][34308][gc,metaspace ] GC(9) Metaspace: 76986K(82560K)->76986K(82560K) NonClass: 66604K(69888K)->66604K(69888K) Class: 10382K(12672K)->10382K(12672K)
[2020-10-05T08:19:30.850+0000][34308][gc           ] GC(9) Pause Young (Concurrent Start) (G1 Humongous Allocation) 737M->169M(1024M) 19.736ms
[2020-10-05T08:19:30.850+0000][34308][gc,cpu       ] GC(9) User=0.13s Sys=0.00s Real=0.02s
[2020-10-05T08:19:30.850+0000][34308][gc           ] GC(10) Concurrent Cycle
[2020-10-05T08:19:30.850+0000][34308][safepoint    ] Safepoint "G1TryInitiateConcMark", Time since last: 367753200 ns, Reaching safepoint: 251000 ns, At safepoint: 20079000 ns, Total: 20330000 ns
[2020-10-05T08:19:30.850+0000][34308][gc,marking   ] GC(10) Concurrent Clear Claimed Marks
[2020-10-05T08:19:30.850+0000][34308][gc,marking   ] GC(10) Concurrent Clear Claimed Marks 0.437ms
[2020-10-05T08:19:30.851+0000][34308][gc,marking   ] GC(10) Concurrent Scan Root Regions
[2020-10-05T08:19:30.867+0000][34308][gc,marking   ] GC(10) Concurrent Scan Root Regions 16.385ms
[2020-10-05T08:19:30.867+0000][34308][gc,marking   ] GC(10) Concurrent Mark (151.109s)
[2020-10-05T08:19:30.867+0000][34308][gc,marking   ] GC(10) Concurrent Mark From Roots
[2020-10-05T08:19:30.867+0000][34308][gc,task      ] GC(10) Using 2 workers of 2 for marking
[2020-10-05T08:19:30.980+0000][34308][gc,marking   ] GC(10) Concurrent Mark From Roots 112.683ms
[2020-10-05T08:19:30.980+0000][34308][gc,marking   ] GC(10) Concurrent Preclean
[2020-10-05T08:19:30.980+0000][34308][gc,marking   ] GC(10) Concurrent Preclean 0.568ms
[2020-10-05T08:19:30.980+0000][34308][gc,marking   ] GC(10) Concurrent Mark (151.109s, 151.223s) 113.468ms
[2020-10-05T08:19:30.981+0000][34308][gc,start     ] GC(10) Pause Remark
[2020-10-05T08:19:30.985+0000][34308][gc           ] GC(10) Pause Remark 261M->261M(1024M) 3.684ms
[2020-10-05T08:19:30.985+0000][34308][gc,cpu       ] GC(10) User=0.00s Sys=0.00s Real=0.00s
[2020-10-05T08:19:30.985+0000][34308][safepoint    ] Safepoint "G1Concurrent", Time since last: 130567600 ns, Reaching safepoint: 277400 ns, At safepoint: 3924300 ns, Total: 4201700 ns
[2020-10-05T08:19:30.985+0000][34308][gc,marking   ] GC(10) Concurrent Rebuild Remembered Sets
[2020-10-05T08:19:31.049+0000][34308][gc,marking   ] GC(10) Concurrent Rebuild Remembered Sets 64.193ms
[2020-10-05T08:19:31.050+0000][34308][gc,start     ] GC(10) Pause Cleanup
[2020-10-05T08:19:31.050+0000][34308][gc           ] GC(10) Pause Cleanup 270M->270M(1024M) 0.283ms
[2020-10-05T08:19:31.050+0000][34308][gc,cpu       ] GC(10) User=0.00s Sys=0.00s Real=0.00s
[2020-10-05T08:19:31.050+0000][34308][safepoint    ] Safepoint "G1Concurrent", Time since last: 64399700 ns, Reaching safepoint: 595400 ns, At safepoint: 433300 ns, Total: 1028700 ns
[2020-10-05T08:19:31.050+0000][34308][gc,marking   ] GC(10) Concurrent Cleanup for Next Mark
[2020-10-05T08:19:31.052+0000][34308][gc,marking   ] GC(10) Concurrent Cleanup for Next Mark 2.017ms
[2020-10-05T08:19:31.052+0000][34308][gc           ] GC(10) Concurrent Cycle 202.514ms
[2020-10-05T08:19:31.169+0000][34308][safepoint    ] Safepoint "BulkRevokeBias", Time since last: 116895300 ns, Reaching safepoint: 150300 ns, At safepoint: 1062700 ns, Total: 1213000 ns
[2020-10-05T08:19:31.311+0000][34308][safepoint    ] Safepoint "ICBufferFull", Time since last: 139098100 ns, Reaching safepoint: 388400 ns, At safepoint: 2644000 ns, Total: 3032400 ns
[2020-10-05T08:19:32.245+0000][34308][safepoint    ] Safepoint "BulkRevokeBias", Time since last: 933853300 ns, Reaching safepoint: 168600 ns, At safepoint: 785200 ns, Total: 953800 ns
[2020-10-05T08:19:33.675+0000][34308][safepoint    ] Safepoint "BulkRevokeBias", Time since last: 1426297000 ns, Reaching safepoint: 136600 ns, At safepoint: 2869300 ns, Total: 3005900 ns
[2020-10-05T08:19:34.759+0000][34308][safepoint    ] Safepoint "Cleanup", Time since last: 1083932600 ns, Reaching safepoint: 91000 ns, At safepoint: 6400 ns, Total: 97400 ns
[2020-10-05T08:19:35.372+0000][34308][safepoint    ] Safepoint "BulkRevokeBias", Time since last: 610529600 ns, Reaching safepoint: 166300 ns, At safepoint: 2228600 ns, Total: 2394900 ns
[2020-10-05T08:19:36.577+0000][34308][safepoint    ] Safepoint "Cleanup", Time since last: 1205071500 ns, Reaching safepoint: 132000 ns, At safepoint: 21900 ns, Total: 153900 ns
[2020-10-05T08:19:37.724+0000][34308][safepoint    ] Safepoint "Cleanup", Time since last: 1147680000 ns, Reaching safepoint: 140800 ns, At safepoint: 28400 ns, Total: 169200 ns
[2020-10-05T08:19:39.034+0000][34308][safepoint    ] Safepoint "Cleanup", Time since last: 1309457400 ns, Reaching safepoint: 97100 ns, At safepoint: 5500 ns, Total: 102600 ns
[2020-10-05T08:19:40.184+0000][34308][safepoint    ] Safepoint "Cleanup", Time since last: 1149296000 ns, Reaching safepoint: 144500 ns, At safepoint: 7600 ns, Total: 152100 ns
[2020-10-05T08:19:41.222+0000][34308][safepoint    ] Safepoint "Cleanup", Time since last: 1037941700 ns, Reaching safepoint: 137400 ns, At safepoint: 7500 ns, Total: 144900 ns
[2020-10-05T08:19:41.852+0000][34308][safepoint    ] Safepoint "BulkRevokeBias", Time since last: 629332000 ns, Reaching safepoint: 127500 ns, At safepoint: 1325800 ns, Total: 1453300 ns
[2020-10-05T08:19:42.853+0000][34308][safepoint    ] Safepoint "Cleanup", Time since last: 1000225500 ns, Reaching safepoint: 111900 ns, At safepoint: 6000 ns, Total: 117900 ns
[2020-10-05T08:19:43.854+0000][34308][safepoint    ] Safepoint "Cleanup", Time since last: 1000595700 ns, Reaching safepoint: 129400 ns, At safepoint: 8000 ns, Total: 137400 ns
[2020-10-05T08:19:44.854+0000][34308][safepoint    ] Safepoint "Cleanup", Time since last: 1000470100 ns, Reaching safepoint: 104600 ns, At safepoint: 5800 ns, Total: 110400 ns
[2020-10-05T08:19:45.855+0000][34308][safepoint    ] Safepoint "Cleanup", Time since last: 1000398600 ns, Reaching safepoint: 130600 ns, At safepoint: 5500 ns, Total: 136100 ns
[2020-10-05T08:19:46.855+0000][34308][safepoint    ] Safepoint "Cleanup", Time since last: 1000272100 ns, Reaching safepoint: 140200 ns, At safepoint: 5800 ns, Total: 146000 ns
[2020-10-05T08:19:47.856+0000][34308][safepoint    ] Safepoint "Cleanup", Time since last: 1000570800 ns, Reaching safepoint: 143500 ns, At safepoint: 7600 ns, Total: 151100 ns
[2020-10-05T08:19:48.856+0000][34308][safepoint    ] Safepoint "Cleanup", Time since last: 1000278200 ns, Reaching safepoint: 125900 ns, At safepoint: 7400 ns, Total: 133300 ns
[2020-10-05T08:19:49.857+0000][34308][safepoint    ] Safepoint "Cleanup", Time since last: 1000538800 ns, Reaching safepoint: 94600 ns, At safepoint: 5600 ns, Total: 100200 ns
[2020-10-05T08:19:51.624+0000][34308][safepoint    ] Safepoint "Cleanup", Time since last: 1766257400 ns, Reaching safepoint: 127300 ns, At safepoint: 8600 ns, Total: 135900 ns
[2020-10-05T08:19:52.624+0000][34308][safepoint    ] Safepoint "Cleanup", Time since last: 1000358600 ns, Reaching safepoint: 138300 ns, At safepoint: 5900 ns, Total: 144200 ns
[2020-10-05T08:19:54.624+0000][34308][safepoint    ] Safepoint "Cleanup", Time since last: 2000256200 ns, Reaching safepoint: 160100 ns, At safepoint: 8300 ns, Total: 168400 ns
[2020-10-05T08:19:55.625+0000][34308][safepoint    ] Safepoint "Cleanup", Time since last: 1000247800 ns, Reaching safepoint: 154200 ns, At safepoint: 8600 ns, Total: 162800 ns
[2020-10-05T08:19:56.626+0000][34308][safepoint    ] Safepoint "Cleanup", Time since last: 1000719800 ns, Reaching safepoint: 113400 ns, At safepoint: 5000 ns, Total: 118400 ns
[2020-10-05T08:19:57.626+0000][34308][safepoint    ] Safepoint "Cleanup", Time since last: 1000190400 ns, Reaching safepoint: 105200 ns, At safepoint: 7000 ns, Total: 112200 ns
[2020-10-05T08:19:58.859+0000][34308][safepoint    ] Safepoint "Cleanup", Time since last: 1232617400 ns, Reaching safepoint: 138700 ns, At safepoint: 527200 ns, Total: 665900 ns
[2020-10-05T08:19:59.102+0000][34308][safepoint    ] Safepoint "BulkRevokeBias", Time since last: 241350600 ns, Reaching safepoint: 115800 ns, At safepoint: 1534900 ns, Total: 1650700 ns
[2020-10-05T08:20:01.711+0000][34308][safepoint    ] Safepoint "Cleanup", Time since last: 2608507600 ns, Reaching safepoint: 208300 ns, At safepoint: 97100 ns, Total: 305400 ns
[2020-10-05T08:20:02.712+0000][34308][safepoint    ] Safepoint "Cleanup", Time since last: 1000678900 ns, Reaching safepoint: 114400 ns, At safepoint: 26900 ns, Total: 141300 ns
[2020-10-05T08:20:03.713+0000][34308][safepoint    ] Safepoint "Cleanup", Time since last: 1000755800 ns, Reaching safepoint: 145100 ns, At safepoint: 26300 ns, Total: 171400 ns
[2020-10-05T08:20:04.714+0000][34308][safepoint    ] Safepoint "Cleanup", Time since last: 1000654900 ns, Reaching safepoint: 221000 ns, At safepoint: 22300 ns, Total: 243300 ns
[2020-10-05T08:20:06.715+0000][34308][safepoint    ] Safepoint "Cleanup", Time since last: 2000817100 ns, Reaching safepoint: 145900 ns, At safepoint: 34200 ns, Total: 180100 ns
[2020-10-05T08:20:08.716+0000][34308][safepoint    ] Safepoint "Cleanup", Time since last: 2000604600 ns, Reaching safepoint: 129000 ns, At safepoint: 27400 ns, Total: 156400 ns
[2020-10-05T08:20:09.716+0000][34308][safepoint    ] Safepoint "Cleanup", Time since last: 1000728500 ns, Reaching safepoint: 143300 ns, At safepoint: 24400 ns, Total: 167700 ns
[2020-10-05T08:20:10.717+0000][34308][safepoint    ] Safepoint "Cleanup", Time since last: 1000155000 ns, Reaching safepoint: 111200 ns, At safepoint: 94500 ns, Total: 205700 ns
[2020-10-05T08:20:11.717+0000][34308][safepoint    ] Safepoint "Cleanup", Time since last: 1000093300 ns, Reaching safepoint: 148300 ns, At safepoint: 22600 ns, Total: 170900 ns
[2020-10-05T08:20:12.718+0000][34308][safepoint    ] Safepoint "Cleanup", Time since last: 1000573900 ns, Reaching safepoint: 111300 ns, At safepoint: 23900 ns, Total: 135200 ns
[2020-10-05T08:20:13.718+0000][34308][safepoint    ] Safepoint "Cleanup", Time since last: 1000321800 ns, Reaching safepoint: 112800 ns, At safepoint: 17400 ns, Total: 130200 ns
[2020-10-05T08:20:14.719+0000][34308][safepoint    ] Safepoint "Cleanup", Time since last: 1000660100 ns, Reaching safepoint: 128800 ns, At safepoint: 53700 ns, Total: 182500 ns
[2020-10-05T08:20:17.720+0000][34308][safepoint    ] Safepoint "Cleanup", Time since last: 3001194700 ns, Reaching safepoint: 121500 ns, At safepoint: 92100 ns, Total: 213600 ns
[2020-10-05T08:20:18.721+0000][34308][safepoint    ] Safepoint "Cleanup", Time since last: 1000344000 ns, Reaching safepoint: 105600 ns, At safepoint: 5100 ns, Total: 110700 ns
[2020-10-05T08:20:19.721+0000][34308][safepoint    ] Safepoint "Cleanup", Time since last: 1000353000 ns, Reaching safepoint: 91100 ns, At safepoint: 16900 ns, Total: 108000 ns
[2020-10-05T08:20:21.632+0000][34308][safepoint    ] Safepoint "Cleanup", Time since last: 1910073700 ns, Reaching safepoint: 143600 ns, At safepoint: 5100 ns, Total: 148700 ns
[2020-10-05T08:20:23.633+0000][34308][safepoint    ] Safepoint "Cleanup", Time since last: 2000900300 ns, Reaching safepoint: 126600 ns, At safepoint: 4500 ns, Total: 131100 ns
[2020-10-05T08:20:25.633+0000][34308][safepoint    ] Safepoint "Cleanup", Time since last: 2000654200 ns, Reaching safepoint: 129400 ns, At safepoint: 9200 ns, Total: 138600 ns
[2020-10-05T08:20:27.634+0000][34308][safepoint    ] Safepoint "Cleanup", Time since last: 2000843900 ns, Reaching safepoint: 126500 ns, At safepoint: 8100 ns, Total: 134600 ns
[2020-10-05T08:20:28.873+0000][34308][safepoint    ] Safepoint "Cleanup", Time since last: 1238892300 ns, Reaching safepoint: 128700 ns, At safepoint: 7200 ns, Total: 135900 ns
[2020-10-05T08:20:29.112+0000][34308][safepoint    ] Safepoint "BulkRevokeBias", Time since last: 235037700 ns, Reaching safepoint: 84700 ns, At safepoint: 3704700 ns, Total: 3789400 ns
[2020-10-05T08:20:30.113+0000][34308][safepoint    ] Safepoint "Cleanup", Time since last: 1000145100 ns, Reaching safepoint: 160900 ns, At safepoint: 8100 ns, Total: 169000 ns
[2020-10-05T08:20:32.113+0000][34308][safepoint    ] Safepoint "Cleanup", Time since last: 2000725900 ns, Reaching safepoint: 127300 ns, At safepoint: 6000 ns, Total: 133300 ns
[2020-10-05T08:20:33.114+0000][34308][safepoint    ] Safepoint "Cleanup", Time since last: 1000439300 ns, Reaching safepoint: 123700 ns, At safepoint: 5200 ns, Total: 128900 ns
[2020-10-05T08:20:34.115+0000][34308][safepoint    ] Safepoint "Cleanup", Time since last: 1000364500 ns, Reaching safepoint: 112100 ns, At safepoint: 6800 ns, Total: 118900 ns
[2020-10-05T08:20:35.116+0000][34308][safepoint    ] Safepoint "Cleanup", Time since last: 1000858100 ns, Reaching safepoint: 116900 ns, At safepoint: 5600 ns, Total: 122500 ns
[2020-10-05T08:20:36.116+0000][34308][safepoint    ] Safepoint "Cleanup", Time since last: 1000277600 ns, Reaching safepoint: 112800 ns, At safepoint: 2800 ns, Total: 115600 ns
[2020-10-05T08:20:37.116+0000][34308][safepoint    ] Safepoint "Cleanup", Time since last: 1000346500 ns, Reaching safepoint: 154800 ns, At safepoint: 8100 ns, Total: 162900 ns
[2020-10-05T08:20:38.117+0000][34308][safepoint    ] Safepoint "Cleanup", Time since last: 1000706700 ns, Reaching safepoint: 99100 ns, At safepoint: 5700 ns, Total: 104800 ns
[2020-10-05T08:20:39.118+0000][34308][safepoint    ] Safepoint "Cleanup", Time since last: 1000791000 ns, Reaching safepoint: 108100 ns, At safepoint: 5500 ns, Total: 113600 ns
[2020-10-05T08:20:40.118+0000][34308][safepoint    ] Safepoint "Cleanup", Time since last: 1000100200 ns, Reaching safepoint: 120500 ns, At safepoint: 6200 ns, Total: 126700 ns
[2020-10-05T08:20:41.119+0000][34308][safepoint    ] Safepoint "Cleanup", Time since last: 1000133800 ns, Reaching safepoint: 117000 ns, At safepoint: 5300 ns, Total: 122300 ns
[2020-10-05T08:20:42.119+0000][34308][safepoint    ] Safepoint "Cleanup", Time since last: 1000461000 ns, Reaching safepoint: 112200 ns, At safepoint: 8000 ns, Total: 120200 ns
[2020-10-05T08:20:43.120+0000][34308][safepoint    ] Safepoint "Cleanup", Time since last: 1000381000 ns, Reaching safepoint: 100900 ns, At safepoint: 6400 ns, Total: 107300 ns
[2020-10-05T08:20:44.121+0000][34308][safepoint    ] Safepoint "Cleanup", Time since last: 1000821400 ns, Reaching safepoint: 123900 ns, At safepoint: 9000 ns, Total: 132900 ns
[2020-10-05T08:20:45.121+0000][34308][safepoint    ] Safepoint "Cleanup", Time since last: 1000221400 ns, Reaching safepoint: 146500 ns, At safepoint: 6300 ns, Total: 152800 ns
[2020-10-05T08:20:46.122+0000][34308][safepoint    ] Safepoint "Cleanup", Time since last: 1000446000 ns, Reaching safepoint: 116300 ns, At safepoint: 6900 ns, Total: 123200 ns
[2020-10-05T08:20:47.122+0000][34308][safepoint    ] Safepoint "Cleanup", Time since last: 1000543400 ns, Reaching safepoint: 142800 ns, At safepoint: 18400 ns, Total: 161200 ns
[2020-10-05T08:20:49.123+0000][34308][safepoint    ] Safepoint "Cleanup", Time since last: 2000482100 ns, Reaching safepoint: 179200 ns, At safepoint: 6300 ns, Total: 185500 ns
[2020-10-05T08:20:50.124+0000][34308][safepoint    ] Safepoint "Cleanup", Time since last: 1000883900 ns, Reaching safepoint: 118100 ns, At safepoint: 8100 ns, Total: 126200 ns
[2020-10-05T08:20:52.124+0000][34308][safepoint    ] Safepoint "Cleanup", Time since last: 2000072000 ns, Reaching safepoint: 267300 ns, At safepoint: 7000 ns, Total: 274300 ns
[2020-10-05T08:20:54.125+0000][34308][safepoint    ] Safepoint "Cleanup", Time since last: 2000556100 ns, Reaching safepoint: 121000 ns, At safepoint: 5900 ns, Total: 126900 ns
[2020-10-05T08:20:55.126+0000][34308][safepoint    ] Safepoint "Cleanup", Time since last: 1000847400 ns, Reaching safepoint: 111800 ns, At safepoint: 5600 ns, Total: 117400 ns
[2020-10-05T08:20:56.126+0000][34308][safepoint    ] Safepoint "Cleanup", Time since last: 1000307800 ns, Reaching safepoint: 313500 ns, At safepoint: 26300 ns, Total: 339800 ns
[2020-10-05T08:20:58.128+0000][34308][safepoint    ] Safepoint "Cleanup", Time since last: 2001194000 ns, Reaching safepoint: 104000 ns, At safepoint: 4800 ns, Total: 108800 ns
[2020-10-05T08:20:59.128+0000][34308][safepoint    ] Safepoint "Cleanup", Time since last: 1000396600 ns, Reaching safepoint: 105600 ns, At safepoint: 5200 ns, Total: 110800 ns
[2020-10-05T08:21:00.714+0000][34308][safepoint    ] Safepoint "Cleanup", Time since last: 1585840700 ns, Reaching safepoint: 130700 ns, At safepoint: 6900 ns, Total: 137600 ns
[2020-10-05T08:21:01.715+0000][34308][safepoint    ] Safepoint "Cleanup", Time since last: 1000718300 ns, Reaching safepoint: 94900 ns, At safepoint: 2500 ns, Total: 97400 ns
[2020-10-05T08:21:02.716+0000][34308][safepoint    ] Safepoint "Cleanup", Time since last: 1000496300 ns, Reaching safepoint: 112100 ns, At safepoint: 6500 ns, Total: 118600 ns
[2020-10-05T08:21:03.717+0000][34308][safepoint    ] Safepoint "Cleanup", Time since last: 1000618500 ns, Reaching safepoint: 103600 ns, At safepoint: 5600 ns, Total: 109200 ns
[2020-10-05T08:21:04.717+0000][34308][safepoint    ] Safepoint "Cleanup", Time since last: 1000447300 ns, Reaching safepoint: 97000 ns, At safepoint: 6100 ns, Total: 103100 ns
[2020-10-05T08:21:05.717+0000][34308][safepoint    ] Safepoint "Cleanup", Time since last: 1000235100 ns, Reaching safepoint: 121300 ns, At safepoint: 6700 ns, Total: 128000 ns
[2020-10-05T08:21:07.718+0000][34308][safepoint    ] Safepoint "Cleanup", Time since last: 2000863400 ns, Reaching safepoint: 118500 ns, At safepoint: 6200 ns, Total: 124700 ns
[2020-10-05T08:21:20.724+0000][34308][safepoint    ] Safepoint "Cleanup", Time since last: 13005834600 ns, Reaching safepoint: 95000 ns, At safepoint: 3500 ns, Total: 98500 ns
[2020-10-05T08:21:36.732+0000][34308][safepoint    ] Safepoint "Cleanup", Time since last: 16007566200 ns, Reaching safepoint: 168500 ns, At safepoint: 5700 ns, Total: 174200 ns
[2020-10-05T08:21:38.733+0000][34308][safepoint    ] Safepoint "Cleanup", Time since last: 2001087700 ns, Reaching safepoint: 114300 ns, At safepoint: 28700 ns, Total: 143000 ns
[2020-10-05T08:21:58.743+0000][34308][safepoint    ] Safepoint "Cleanup", Time since last: 20008993400 ns, Reaching safepoint: 139300 ns, At safepoint: 17900 ns, Total: 157200 ns
[2020-10-05T08:21:59.743+0000][34308][safepoint    ] Safepoint "Cleanup", Time since last: 1000250400 ns, Reaching safepoint: 82000 ns, At safepoint: 5300 ns, Total: 87300 ns
[2020-10-05T08:22:01.964+0000][34308][safepoint    ] Safepoint "Cleanup", Time since last: 2221489300 ns, Reaching safepoint: 145300 ns, At safepoint: 6600 ns, Total: 151900 ns
[2020-10-05T08:22:03.329+0000][34308][safepoint    ] Safepoint "Cleanup", Time since last: 1364192400 ns, Reaching safepoint: 178800 ns, At safepoint: 52400 ns, Total: 231200 ns
[2020-10-05T08:22:30.342+0000][34308][safepoint    ] Safepoint "Cleanup", Time since last: 27012484300 ns, Reaching safepoint: 170300 ns, At safepoint: 5900 ns, Total: 176200 ns
[2020-10-05T08:22:49.353+0000][34308][safepoint    ] Safepoint "Cleanup", Time since last: 19011074300 ns, Reaching safepoint: 113000 ns, At safepoint: 5100 ns, Total: 118100 ns
[2020-10-05T08:22:51.354+0000][34308][safepoint    ] Safepoint "Cleanup", Time since last: 2001124500 ns, Reaching safepoint: 124100 ns, At safepoint: 5700 ns, Total: 129800 ns
[2020-10-05T08:22:55.357+0000][34308][safepoint    ] Safepoint "Cleanup", Time since last: 4002311700 ns, Reaching safepoint: 124400 ns, At safepoint: 10000 ns, Total: 134400 ns
[2020-10-05T08:23:10.363+0000][34308][safepoint    ] Safepoint "Cleanup", Time since last: 15005756700 ns, Reaching safepoint: 104000 ns, At safepoint: 4300 ns, Total: 108300 ns
[2020-10-05T08:23:13.365+0000][34308][safepoint    ] Safepoint "Cleanup", Time since last: 3001970000 ns, Reaching safepoint: 102600 ns, At safepoint: 4400 ns, Total: 107000 ns
[2020-10-05T08:23:18.367+0000][34308][safepoint    ] Safepoint "Cleanup", Time since last: 5002045300 ns, Reaching safepoint: 111600 ns, At safepoint: 4800 ns, Total: 116400 ns
[2020-10-05T08:23:21.369+0000][34308][safepoint    ] Safepoint "Cleanup", Time since last: 3002240600 ns, Reaching safepoint: 131000 ns, At safepoint: 3800 ns, Total: 134800 ns
[2020-10-05T08:23:29.372+0000][34308][safepoint    ] Safepoint "Cleanup", Time since last: 8002918600 ns, Reaching safepoint: 99300 ns, At safepoint: 5100 ns, Total: 104400 ns
[2020-10-05T08:23:35.375+0000][34308][safepoint    ] Safepoint "Cleanup", Time since last: 6002728100 ns, Reaching safepoint: 92800 ns, At safepoint: 5100 ns, Total: 97900 ns
[2020-10-05T08:23:36.376+0000][34308][safepoint    ] Safepoint "Cleanup", Time since last: 1000813900 ns, Reaching safepoint: 126500 ns, At safepoint: 6900 ns, Total: 133400 ns
[2020-10-05T08:23:51.384+0000][34308][safepoint    ] Safepoint "Cleanup", Time since last: 15007756300 ns, Reaching safepoint: 109800 ns, At safepoint: 4700 ns, Total: 114500 ns
[2020-10-05T08:24:00.387+0000][34308][safepoint    ] Safepoint "Cleanup", Time since last: 9003364100 ns, Reaching safepoint: 116400 ns, At safepoint: 6600 ns, Total: 123000 ns
[2020-10-05T08:24:21.670+0000][34308][safepoint    ] Safepoint "Cleanup", Time since last: 21282540900 ns, Reaching safepoint: 151800 ns, At safepoint: 22600 ns, Total: 174400 ns
[2020-10-05T08:24:22.671+0000][34308][safepoint    ] Safepoint "Cleanup", Time since last: 1000526400 ns, Reaching safepoint: 449800 ns, At safepoint: 10800 ns, Total: 460600 ns
[2020-10-05T08:24:32.664+0000][34308][safepoint    ] Safepoint "Cleanup", Time since last: 9993628800 ns, Reaching safepoint: 157700 ns, At safepoint: 22400 ns, Total: 180100 ns
[2020-10-05T08:24:32.709+0000][34308][safepoint    ] Safepoint "BulkRevokeBias", Time since last: 42328800 ns, Reaching safepoint: 518700 ns, At safepoint: 1890600 ns, Total: 2409300 ns
[2020-10-05T08:24:32.715+0000][34308][safepoint    ] Safepoint "BulkRevokeBias", Time since last: 4559000 ns, Reaching safepoint: 115200 ns, At safepoint: 1401200 ns, Total: 1516400 ns
[2020-10-05T08:24:32.723+0000][34308][safepoint    ] Safepoint "BulkRevokeBias", Time since last: 6157600 ns, Reaching safepoint: 131700 ns, At safepoint: 1538400 ns, Total: 1670100 ns
[2020-10-05T08:24:32.724+0000][34308][safepoint    ] Safepoint "BulkRevokeBias", Time since last: 211900 ns, Reaching safepoint: 135400 ns, At safepoint: 1177100 ns, Total: 1312500 ns
[2020-10-05T08:24:32.767+0000][34308][safepoint    ] Safepoint "BulkRevokeBias", Time since last: 40389200 ns, Reaching safepoint: 144500 ns, At safepoint: 1628000 ns, Total: 1772500 ns
[2020-10-05T08:24:32.795+0000][34308][safepoint    ] Safepoint "BulkRevokeBias", Time since last: 26421100 ns, Reaching safepoint: 160800 ns, At safepoint: 1506400 ns, Total: 1667200 ns
[2020-10-05T08:24:32.796+0000][34308][safepoint    ] Safepoint "BulkRevokeBias", Time since last: 185100 ns, Reaching safepoint: 148300 ns, At safepoint: 1415500 ns, Total: 1563800 ns
[2020-10-05T08:24:32.798+0000][34308][safepoint    ] Safepoint "BulkRevokeBias", Time since last: 192500 ns, Reaching safepoint: 150500 ns, At safepoint: 1410700 ns, Total: 1561200 ns
[2020-10-05T08:24:32.800+0000][34308][safepoint    ] Safepoint "BulkRevokeBias", Time since last: 431000 ns, Reaching safepoint: 172900 ns, At safepoint: 1526400 ns, Total: 1699300 ns
[2020-10-05T08:24:32.818+0000][34308][safepoint    ] Safepoint "BulkRevokeBias", Time since last: 15809300 ns, Reaching safepoint: 400300 ns, At safepoint: 1721900 ns, Total: 2122200 ns
[2020-10-05T08:24:32.820+0000][34308][safepoint    ] Safepoint "BulkRevokeBias", Time since last: 489200 ns, Reaching safepoint: 145400 ns, At safepoint: 1553700 ns, Total: 1699100 ns
[2020-10-05T08:24:32.822+0000][34308][safepoint    ] Safepoint "BulkRevokeBias", Time since last: 147300 ns, Reaching safepoint: 115200 ns, At safepoint: 1607000 ns, Total: 1722200 ns
[2020-10-05T08:24:34.489+0000][34308][safepoint    ] Safepoint "Cleanup", Time since last: 1665630400 ns, Reaching safepoint: 118100 ns, At safepoint: 6200 ns, Total: 124300 ns
[2020-10-05T08:24:35.489+0000][34308][safepoint    ] Safepoint "Cleanup", Time since last: 1000037800 ns, Reaching safepoint: 136900 ns, At safepoint: 7800 ns, Total: 144700 ns
[2020-10-05T08:24:37.490+0000][34308][safepoint    ] Safepoint "Cleanup", Time since last: 2000914400 ns, Reaching safepoint: 143100 ns, At safepoint: 8500 ns, Total: 151600 ns
[2020-10-05T08:24:38.490+0000][34308][safepoint    ] Safepoint "Cleanup", Time since last: 1000158200 ns, Reaching safepoint: 124300 ns, At safepoint: 7100 ns, Total: 131400 ns
[2020-10-05T08:24:39.491+0000][34308][safepoint    ] Safepoint "Cleanup", Time since last: 1000186000 ns, Reaching safepoint: 121600 ns, At safepoint: 14800 ns, Total: 136400 ns
[2020-10-05T08:24:41.491+0000][34308][safepoint    ] Safepoint "Cleanup", Time since last: 2000352600 ns, Reaching safepoint: 130300 ns, At safepoint: 7000 ns, Total: 137300 ns
[2020-10-05T08:24:42.491+0000][34308][safepoint    ] Safepoint "Cleanup", Time since last: 1000184900 ns, Reaching safepoint: 120900 ns, At safepoint: 11100 ns, Total: 132000 ns
[2020-10-05T08:24:43.492+0000][34308][safepoint    ] Safepoint "Cleanup", Time since last: 1000443500 ns, Reaching safepoint: 127400 ns, At safepoint: 9000 ns, Total: 136400 ns
[2020-10-05T08:24:44.492+0000][34308][safepoint    ] Safepoint "Cleanup", Time since last: 1000166900 ns, Reaching safepoint: 144000 ns, At safepoint: 8000 ns, Total: 152000 ns
[2020-10-05T08:24:45.493+0000][34308][safepoint    ] Safepoint "Cleanup", Time since last: 1000764500 ns, Reaching safepoint: 161200 ns, At safepoint: 8200 ns, Total: 169400 ns
[2020-10-05T08:24:47.493+0000][34308][safepoint    ] Safepoint "Cleanup", Time since last: 2000575500 ns, Reaching safepoint: 173000 ns, At safepoint: 115300 ns, Total: 288300 ns
[2020-10-05T08:24:48.495+0000][34308][safepoint    ] Safepoint "Cleanup", Time since last: 1000327500 ns, Reaching safepoint: 112800 ns, At safepoint: 8200 ns, Total: 121000 ns
[2020-10-05T08:24:49.495+0000][34308][safepoint    ] Safepoint "Cleanup", Time since last: 1000842800 ns, Reaching safepoint: 146100 ns, At safepoint: 7900 ns, Total: 154000 ns
[2020-10-05T08:24:50.496+0000][34308][safepoint    ] Safepoint "Cleanup", Time since last: 1000816300 ns, Reaching safepoint: 127300 ns, At safepoint: 9700 ns, Total: 137000 ns
[2020-10-05T08:24:51.497+0000][34308][safepoint    ] Safepoint "Cleanup", Time since last: 1000618400 ns, Reaching safepoint: 126500 ns, At safepoint: 8400 ns, Total: 134900 ns
[2020-10-05T08:24:52.497+0000][34308][safepoint    ] Safepoint "Cleanup", Time since last: 1000009300 ns, Reaching safepoint: 146200 ns, At safepoint: 6000 ns, Total: 152200 ns
[2020-10-05T08:24:53.498+0000][34308][safepoint    ] Safepoint "Cleanup", Time since last: 1000838900 ns, Reaching safepoint: 189500 ns, At safepoint: 9700 ns, Total: 199200 ns
[2020-10-05T08:24:54.499+0000][34308][safepoint    ] Safepoint "Cleanup", Time since last: 1000786500 ns, Reaching safepoint: 219800 ns, At safepoint: 6600 ns, Total: 226400 ns
[2020-10-05T08:24:55.500+0000][34308][safepoint    ] Safepoint "Cleanup", Time since last: 1000777200 ns, Reaching safepoint: 134400 ns, At safepoint: 9900 ns, Total: 144300 ns
[2020-10-05T08:24:56.501+0000][34308][safepoint    ] Safepoint "Cleanup", Time since last: 1000055200 ns, Reaching safepoint: 130700 ns, At safepoint: 23400 ns, Total: 154100 ns
[2020-10-05T08:24:58.501+0000][34308][safepoint    ] Safepoint "Cleanup", Time since last: 2000102700 ns, Reaching safepoint: 130000 ns, At safepoint: 9000 ns, Total: 139000 ns
[2020-10-05T08:25:00.501+0000][34308][safepoint    ] Safepoint "Cleanup", Time since last: 1999982100 ns, Reaching safepoint: 132800 ns, At safepoint: 9100 ns, Total: 141900 ns
[2020-10-05T08:25:01.501+0000][34308][safepoint    ] Safepoint "Cleanup", Time since last: 1000012000 ns, Reaching safepoint: 117600 ns, At safepoint: 7200 ns, Total: 124800 ns
[2020-10-05T08:25:02.502+0000][34308][safepoint    ] Safepoint "Cleanup", Time since last: 1000573400 ns, Reaching safepoint: 110200 ns, At safepoint: 7100 ns, Total: 117300 ns
[2020-10-05T08:25:03.502+0000][34308][safepoint    ] Safepoint "Cleanup", Time since last: 1000282400 ns, Reaching safepoint: 136400 ns, At safepoint: 9400 ns, Total: 145800 ns
[2020-10-05T08:25:05.503+0000][34308][safepoint    ] Safepoint "Cleanup", Time since last: 2000877100 ns, Reaching safepoint: 149500 ns, At safepoint: 14100 ns, Total: 163600 ns
[2020-10-05T08:25:07.503+0000][34308][safepoint    ] Safepoint "Cleanup", Time since last: 1999909100 ns, Reaching safepoint: 118300 ns, At safepoint: 8900 ns, Total: 127200 ns
[2020-10-05T08:25:08.503+0000][34308][safepoint    ] Safepoint "Cleanup", Time since last: 1000054500 ns, Reaching safepoint: 120500 ns, At safepoint: 7700 ns, Total: 128200 ns
[2020-10-05T08:25:09.504+0000][34308][safepoint    ] Safepoint "Cleanup", Time since last: 1000457400 ns, Reaching safepoint: 128600 ns, At safepoint: 9300 ns, Total: 137900 ns
[2020-10-05T08:25:11.505+0000][34308][safepoint    ] Safepoint "Cleanup", Time since last: 2000439800 ns, Reaching safepoint: 122900 ns, At safepoint: 7700 ns, Total: 130600 ns
[2020-10-05T08:25:12.505+0000][34308][safepoint    ] Safepoint "Cleanup", Time since last: 1000487300 ns, Reaching safepoint: 129700 ns, At safepoint: 8600 ns, Total: 138300 ns
[2020-10-05T08:25:13.506+0000][34308][safepoint    ] Safepoint "Cleanup", Time since last: 1000672800 ns, Reaching safepoint: 121500 ns, At safepoint: 9700 ns, Total: 131200 ns
[2020-10-05T08:25:14.507+0000][34308][safepoint    ] Safepoint "Cleanup", Time since last: 1000859900 ns, Reaching safepoint: 119600 ns, At safepoint: 9300 ns, Total: 128900 ns
[2020-10-05T08:25:15.507+0000][34308][safepoint    ] Safepoint "Cleanup", Time since last: 1000176300 ns, Reaching safepoint: 112400 ns, At safepoint: 9300 ns, Total: 121700 ns
[2020-10-05T08:25:16.508+0000][34308][safepoint    ] Safepoint "Cleanup", Time since last: 1000535400 ns, Reaching safepoint: 130800 ns, At safepoint: 6400 ns, Total: 137200 ns
[2020-10-05T08:25:17.509+0000][34308][safepoint    ] Safepoint "Cleanup", Time since last: 1000557700 ns, Reaching safepoint: 145800 ns, At safepoint: 8300 ns, Total: 154100 ns
[2020-10-05T08:25:18.509+0000][34308][safepoint    ] Safepoint "Cleanup", Time since last: 1000607300 ns, Reaching safepoint: 121300 ns, At safepoint: 7400 ns, Total: 128700 ns
[2020-10-05T08:25:19.510+0000][34308][safepoint    ] Safepoint "Cleanup", Time since last: 1000400600 ns, Reaching safepoint: 112600 ns, At safepoint: 7300 ns, Total: 119900 ns
[2020-10-05T08:25:20.511+0000][34308][safepoint    ] Safepoint "Cleanup", Time since last: 1000631700 ns, Reaching safepoint: 105400 ns, At safepoint: 7900 ns, Total: 113300 ns
[2020-10-05T08:25:21.511+0000][34308][safepoint    ] Safepoint "Cleanup", Time since last: 1000556300 ns, Reaching safepoint: 125500 ns, At safepoint: 7700 ns, Total: 133200 ns
[2020-10-05T08:25:23.512+0000][34308][safepoint    ] Safepoint "Cleanup", Time since last: 2000000400 ns, Reaching safepoint: 129200 ns, At safepoint: 4500 ns, Total: 133700 ns
[2020-10-05T08:25:24.513+0000][34308][safepoint    ] Safepoint "Cleanup", Time since last: 1000864200 ns, Reaching safepoint: 123600 ns, At safepoint: 5500 ns, Total: 129100 ns
[2020-10-05T08:25:26.513+0000][34308][safepoint    ] Safepoint "Cleanup", Time since last: 2000027700 ns, Reaching safepoint: 124500 ns, At safepoint: 8100 ns, Total: 132600 ns
[2020-10-05T08:25:28.514+0000][34308][safepoint    ] Safepoint "Cleanup", Time since last: 2000876500 ns, Reaching safepoint: 108300 ns, At safepoint: 5000 ns, Total: 113300 ns
[2020-10-05T08:25:29.515+0000][34308][safepoint    ] Safepoint "Cleanup", Time since last: 1000688000 ns, Reaching safepoint: 191400 ns, At safepoint: 3500 ns, Total: 194900 ns
[2020-10-05T08:25:30.515+0000][34308][safepoint    ] Safepoint "Cleanup", Time since last: 1000263800 ns, Reaching safepoint: 143900 ns, At safepoint: 6100 ns, Total: 150000 ns
[2020-10-05T08:25:31.516+0000][34308][safepoint    ] Safepoint "Cleanup", Time since last: 1000642900 ns, Reaching safepoint: 130800 ns, At safepoint: 8900 ns, Total: 139700 ns
[2020-10-05T08:25:33.517+0000][34308][safepoint    ] Safepoint "Cleanup", Time since last: 2000700100 ns, Reaching safepoint: 132900 ns, At safepoint: 8300 ns, Total: 141200 ns
[2020-10-05T08:25:34.517+0000][34308][safepoint    ] Safepoint "Cleanup", Time since last: 1000407500 ns, Reaching safepoint: 147100 ns, At safepoint: 7800 ns, Total: 154900 ns
[2020-10-05T08:25:35.518+0000][34308][safepoint    ] Safepoint "Cleanup", Time since last: 1000534400 ns, Reaching safepoint: 160700 ns, At safepoint: 9100 ns, Total: 169800 ns
[2020-10-05T08:25:37.519+0000][34308][safepoint    ] Safepoint "Cleanup", Time since last: 2000562500 ns, Reaching safepoint: 149200 ns, At safepoint: 14400 ns, Total: 163600 ns
[2020-10-05T08:25:38.519+0000][34308][safepoint    ] Safepoint "Cleanup", Time since last: 1000573700 ns, Reaching safepoint: 147700 ns, At safepoint: 9300 ns, Total: 157000 ns
[2020-10-05T08:25:39.520+0000][34308][safepoint    ] Safepoint "Cleanup", Time since last: 1000431300 ns, Reaching safepoint: 153400 ns, At safepoint: 7500 ns, Total: 160900 ns
[2020-10-05T08:25:40.520+0000][34308][safepoint    ] Safepoint "Cleanup", Time since last: 1000185500 ns, Reaching safepoint: 127800 ns, At safepoint: 7800 ns, Total: 135600 ns
[2020-10-05T08:25:41.521+0000][34308][safepoint    ] Safepoint "Cleanup", Time since last: 1000801500 ns, Reaching safepoint: 113400 ns, At safepoint: 6300 ns, Total: 119700 ns
[2020-10-05T08:25:42.522+0000][34308][safepoint    ] Safepoint "Cleanup", Time since last: 1000294100 ns, Reaching safepoint: 101000 ns, At safepoint: 5400 ns, Total: 106400 ns
[2020-10-05T08:25:43.522+0000][34308][safepoint    ] Safepoint "Cleanup", Time since last: 1000228200 ns, Reaching safepoint: 91800 ns, At safepoint: 4300 ns, Total: 96100 ns
[2020-10-05T08:25:44.523+0000][34308][safepoint    ] Safepoint "Cleanup", Time since last: 1000829500 ns, Reaching safepoint: 96000 ns, At safepoint: 5200 ns, Total: 101200 ns
[2020-10-05T08:25:45.524+0000][34308][safepoint    ] Safepoint "Cleanup", Time since last: 1000707000 ns, Reaching safepoint: 131800 ns, At safepoint: 20100 ns, Total: 151900 ns
[2020-10-05T08:25:46.524+0000][34308][safepoint    ] Safepoint "Cleanup", Time since last: 1000340700 ns, Reaching safepoint: 90900 ns, At safepoint: 4500 ns, Total: 95400 ns
[2020-10-05T08:25:47.525+0000][34308][safepoint    ] Safepoint "Cleanup", Time since last: 1000908400 ns, Reaching safepoint: 93400 ns, At safepoint: 5500 ns, Total: 98900 ns
[2020-10-05T08:25:49.153+0000][34308][safepoint    ] Safepoint "Cleanup", Time since last: 1627336600 ns, Reaching safepoint: 132200 ns, At safepoint: 6000 ns, Total: 138200 ns
[2020-10-05T08:25:50.153+0000][34308][safepoint    ] Safepoint "Cleanup", Time since last: 1000243600 ns, Reaching safepoint: 146400 ns, At safepoint: 10000 ns, Total: 156400 ns
[2020-10-05T08:25:52.154+0000][34308][safepoint    ] Safepoint "Cleanup", Time since last: 2000635800 ns, Reaching safepoint: 114700 ns, At safepoint: 4700 ns, Total: 119400 ns
[2020-10-05T08:25:53.154+0000][34308][safepoint    ] Safepoint "Cleanup", Time since last: 1000027500 ns, Reaching safepoint: 134000 ns, At safepoint: 18200 ns, Total: 152200 ns
[2020-10-05T08:25:54.155+0000][34308][safepoint    ] Safepoint "Cleanup", Time since last: 1000504100 ns, Reaching safepoint: 101500 ns, At safepoint: 4800 ns, Total: 106300 ns
[2020-10-05T08:25:55.156+0000][34308][safepoint    ] Safepoint "Cleanup", Time since last: 1000811700 ns, Reaching safepoint: 101400 ns, At safepoint: 6800 ns, Total: 108200 ns
[2020-10-05T08:25:56.156+0000][34308][safepoint    ] Safepoint "Cleanup", Time since last: 1000187700 ns, Reaching safepoint: 99600 ns, At safepoint: 4600 ns, Total: 104200 ns
[2020-10-05T08:25:57.157+0000][34308][safepoint    ] Safepoint "Cleanup", Time since last: 1000789100 ns, Reaching safepoint: 183700 ns, At safepoint: 10000 ns, Total: 193700 ns
[2020-10-05T08:25:58.157+0000][34308][safepoint    ] Safepoint "Cleanup", Time since last: 1000009100 ns, Reaching safepoint: 120800 ns, At safepoint: 7900 ns, Total: 128700 ns
[2020-10-05T08:26:00.157+0000][34308][safepoint    ] Safepoint "Cleanup", Time since last: 2000020100 ns, Reaching safepoint: 103400 ns, At safepoint: 6000 ns, Total: 109400 ns
[2020-10-05T08:26:01.157+0000][34308][safepoint    ] Safepoint "Cleanup", Time since last: 1000171500 ns, Reaching safepoint: 96800 ns, At safepoint: 4800 ns, Total: 101600 ns
[2020-10-05T08:26:02.158+0000][34308][safepoint    ] Safepoint "Cleanup", Time since last: 1000113500 ns, Reaching safepoint: 117600 ns, At safepoint: 5300 ns, Total: 122900 ns
[2020-10-05T08:26:03.158+0000][34308][safepoint    ] Safepoint "Cleanup", Time since last: 1000480400 ns, Reaching safepoint: 113200 ns, At safepoint: 5300 ns, Total: 118500 ns
[2020-10-05T08:26:04.159+0000][34308][safepoint    ] Safepoint "Cleanup", Time since last: 1000844900 ns, Reaching safepoint: 98900 ns, At safepoint: 10700 ns, Total: 109600 ns
[2020-10-05T08:26:05.159+0000][34308][safepoint    ] Safepoint "Cleanup", Time since last: 1000145500 ns, Reaching safepoint: 103500 ns, At safepoint: 10800 ns, Total: 114300 ns
[2020-10-05T08:26:06.160+0000][34308][safepoint    ] Safepoint "Cleanup", Time since last: 1000655400 ns, Reaching safepoint: 119300 ns, At safepoint: 5100 ns, Total: 124400 ns
[2020-10-05T08:26:07.160+0000][34308][safepoint    ] Safepoint "Cleanup", Time since last: 1000076300 ns, Reaching safepoint: 126400 ns, At safepoint: 6300 ns, Total: 132700 ns
[2020-10-05T08:26:09.161+0000][34308][safepoint    ] Safepoint "Cleanup", Time since last: 2000400700 ns, Reaching safepoint: 123700 ns, At safepoint: 7600 ns, Total: 131300 ns
[2020-10-05T08:26:10.161+0000][34308][safepoint    ] Safepoint "Cleanup", Time since last: 1000315900 ns, Reaching safepoint: 112200 ns, At safepoint: 5400 ns, Total: 117600 ns
[2020-10-05T08:26:11.162+0000][34308][safepoint    ] Safepoint "Cleanup", Time since last: 1000591800 ns, Reaching safepoint: 119600 ns, At safepoint: 4200 ns, Total: 123800 ns
[2020-10-05T08:26:12.163+0000][34308][safepoint    ] Safepoint "Cleanup", Time since last: 1000384800 ns, Reaching safepoint: 93700 ns, At safepoint: 2900 ns, Total: 96600 ns
[2020-10-05T08:26:13.163+0000][34308][safepoint    ] Safepoint "Cleanup", Time since last: 1000199800 ns, Reaching safepoint: 147200 ns, At safepoint: 7100 ns, Total: 154300 ns
[2020-10-05T08:26:14.164+0000][34308][safepoint    ] Safepoint "Cleanup", Time since last: 1000773300 ns, Reaching safepoint: 93700 ns, At safepoint: 3100 ns, Total: 96800 ns
[2020-10-05T08:26:15.165+0000][34308][safepoint    ] Safepoint "Cleanup", Time since last: 1000705300 ns, Reaching safepoint: 110200 ns, At safepoint: 8300 ns, Total: 118500 ns
[2020-10-05T08:26:16.165+0000][34308][safepoint    ] Safepoint "Cleanup", Time since last: 1000362200 ns, Reaching safepoint: 105800 ns, At safepoint: 5900 ns, Total: 111700 ns
[2020-10-05T08:26:17.166+0000][34308][safepoint    ] Safepoint "Cleanup", Time since last: 1000388900 ns, Reaching safepoint: 95100 ns, At safepoint: 5000 ns, Total: 100100 ns
[2020-10-05T08:26:19.166+0000][34308][safepoint    ] Safepoint "Cleanup", Time since last: 2000682100 ns, Reaching safepoint: 124200 ns, At safepoint: 5900 ns, Total: 130100 ns
[2020-10-05T08:26:20.167+0000][34308][safepoint    ] Safepoint "Cleanup", Time since last: 1000425700 ns, Reaching safepoint: 120900 ns, At safepoint: 9500 ns, Total: 130400 ns
[2020-10-05T08:26:21.168+0000][34308][safepoint    ] Safepoint "Cleanup", Time since last: 1000607100 ns, Reaching safepoint: 148500 ns, At safepoint: 8700 ns, Total: 157200 ns
[2020-10-05T08:26:22.168+0000][34308][safepoint    ] Safepoint "Cleanup", Time since last: 1000108500 ns, Reaching safepoint: 118800 ns, At safepoint: 4600 ns, Total: 123400 ns
[2020-10-05T08:26:24.169+0000][34308][safepoint    ] Safepoint "Cleanup", Time since last: 2000759800 ns, Reaching safepoint: 230700 ns, At safepoint: 8300 ns, Total: 239000 ns
[2020-10-05T08:26:25.169+0000][34308][safepoint    ] Safepoint "Cleanup", Time since last: 1000176100 ns, Reaching safepoint: 126100 ns, At safepoint: 8100 ns, Total: 134200 ns
[2020-10-05T08:26:27.170+0000][34308][safepoint    ] Safepoint "Cleanup", Time since last: 2000820900 ns, Reaching safepoint: 123200 ns, At safepoint: 9400 ns, Total: 132600 ns
[2020-10-05T08:26:28.170+0000][34308][safepoint    ] Safepoint "Cleanup", Time since last: 1000054900 ns, Reaching safepoint: 139400 ns, At safepoint: 8000 ns, Total: 147400 ns
[2020-10-05T08:26:29.171+0000][34308][safepoint    ] Safepoint "Cleanup", Time since last: 1000547400 ns, Reaching safepoint: 116500 ns, At safepoint: 5100 ns, Total: 121600 ns
[2020-10-05T08:26:30.171+0000][34308][safepoint    ] Safepoint "Cleanup", Time since last: 1000317400 ns, Reaching safepoint: 125800 ns, At safepoint: 8100 ns, Total: 133900 ns
[2020-10-05T08:26:31.172+0000][34308][safepoint    ] Safepoint "Cleanup", Time since last: 1000545200 ns, Reaching safepoint: 119600 ns, At safepoint: 13100 ns, Total: 132700 ns
[2020-10-05T08:26:32.173+0000][34308][safepoint    ] Safepoint "Cleanup", Time since last: 1000540300 ns, Reaching safepoint: 122000 ns, At safepoint: 11600 ns, Total: 133600 ns
[2020-10-05T08:26:33.173+0000][34308][safepoint    ] Safepoint "Cleanup", Time since last: 1000351500 ns, Reaching safepoint: 113700 ns, At safepoint: 5000 ns, Total: 118700 ns
[2020-10-05T08:26:34.174+0000][34308][safepoint    ] Safepoint "Cleanup", Time since last: 1000657000 ns, Reaching safepoint: 155200 ns, At safepoint: 7700 ns, Total: 162900 ns
[2020-10-05T08:26:35.174+0000][34308][safepoint    ] Safepoint "Cleanup", Time since last: 1000132800 ns, Reaching safepoint: 152900 ns, At safepoint: 7200 ns, Total: 160100 ns
[2020-10-05T08:26:36.175+0000][34308][safepoint    ] Safepoint "Cleanup", Time since last: 1000435700 ns, Reaching safepoint: 119700 ns, At safepoint: 5000 ns, Total: 124700 ns
[2020-10-05T08:26:37.176+0000][34308][safepoint    ] Safepoint "Cleanup", Time since last: 1000428300 ns, Reaching safepoint: 116700 ns, At safepoint: 3500 ns, Total: 120200 ns
[2020-10-05T08:26:39.041+0000][34308][safepoint    ] Safepoint "Cleanup", Time since last: 1865350400 ns, Reaching safepoint: 137200 ns, At safepoint: 6800 ns, Total: 144000 ns
[2020-10-05T08:26:40.042+0000][34308][safepoint    ] Safepoint "Cleanup", Time since last: 1000523900 ns, Reaching safepoint: 84500 ns, At safepoint: 3000 ns, Total: 87500 ns
[2020-10-05T08:26:41.042+0000][34308][safepoint    ] Safepoint "Cleanup", Time since last: 1000048100 ns, Reaching safepoint: 181500 ns, At safepoint: 8500 ns, Total: 190000 ns
[2020-10-05T08:26:43.042+0000][34308][safepoint    ] Safepoint "Cleanup", Time since last: 2000449800 ns, Reaching safepoint: 104200 ns, At safepoint: 7100 ns, Total: 111300 ns
[2020-10-05T08:26:45.043+0000][34308][safepoint    ] Safepoint "Cleanup", Time since last: 2000049500 ns, Reaching safepoint: 102800 ns, At safepoint: 3200 ns, Total: 106000 ns
[2020-10-05T08:26:46.043+0000][34308][safepoint    ] Safepoint "Cleanup", Time since last: 1000247900 ns, Reaching safepoint: 118400 ns, At safepoint: 5000 ns, Total: 123400 ns
[2020-10-05T08:26:48.043+0000][34308][safepoint    ] Safepoint "Cleanup", Time since last: 1999954200 ns, Reaching safepoint: 109000 ns, At safepoint: 10600 ns, Total: 119600 ns
[2020-10-05T08:26:49.044+0000][34308][safepoint    ] Safepoint "Cleanup", Time since last: 1000742100 ns, Reaching safepoint: 153100 ns, At safepoint: 4000 ns, Total: 157100 ns
[2020-10-05T08:26:50.044+0000][34308][safepoint    ] Safepoint "Cleanup", Time since last: 1000274600 ns, Reaching safepoint: 86300 ns, At safepoint: 4200 ns, Total: 90500 ns
[2020-10-05T08:26:51.719+0000][34308][safepoint    ] Safepoint "Cleanup", Time since last: 1674634700 ns, Reaching safepoint: 112400 ns, At safepoint: 6000 ns, Total: 118400 ns
[2020-10-05T08:26:52.720+0000][34308][safepoint    ] Safepoint "Cleanup", Time since last: 1000445900 ns, Reaching safepoint: 116300 ns, At safepoint: 4800 ns, Total: 121100 ns
[2020-10-05T08:26:54.720+0000][34308][safepoint    ] Safepoint "Cleanup", Time since last: 1999959100 ns, Reaching safepoint: 104800 ns, At safepoint: 5800 ns, Total: 110600 ns
[2020-10-05T08:26:55.720+0000][34308][safepoint    ] Safepoint "Cleanup", Time since last: 1000233500 ns, Reaching safepoint: 95400 ns, At safepoint: 4300 ns, Total: 99700 ns
[2020-10-05T08:26:56.721+0000][34308][safepoint    ] Safepoint "Cleanup", Time since last: 1000587300 ns, Reaching safepoint: 92800 ns, At safepoint: 6600 ns, Total: 99400 ns
[2020-10-05T08:26:57.721+0000][34308][safepoint    ] Safepoint "Cleanup", Time since last: 1000187200 ns, Reaching safepoint: 113000 ns, At safepoint: 9300 ns, Total: 122300 ns
[2020-10-05T08:26:58.722+0000][34308][safepoint    ] Safepoint "Cleanup", Time since last: 1000804000 ns, Reaching safepoint: 115900 ns, At safepoint: 5400 ns, Total: 121300 ns
[2020-10-05T08:27:00.723+0000][34308][safepoint    ] Safepoint "Cleanup", Time since last: 2000799100 ns, Reaching safepoint: 79700 ns, At safepoint: 4800 ns, Total: 84500 ns
[2020-10-05T08:27:01.724+0000][34308][safepoint    ] Safepoint "Cleanup", Time since last: 1000827000 ns, Reaching safepoint: 107800 ns, At safepoint: 4500 ns, Total: 112300 ns
[2020-10-05T08:27:02.725+0000][34308][safepoint    ] Safepoint "Cleanup", Time since last: 1000640100 ns, Reaching safepoint: 141500 ns, At safepoint: 6900 ns, Total: 148400 ns
[2020-10-05T08:27:04.069+0000][34308][safepoint    ] Safepoint "Cleanup", Time since last: 1344707000 ns, Reaching safepoint: 129900 ns, At safepoint: 5500 ns, Total: 135400 ns
[2020-10-05T08:27:05.070+0000][34308][safepoint    ] Safepoint "Cleanup", Time since last: 1000483900 ns, Reaching safepoint: 121400 ns, At safepoint: 21300 ns, Total: 142700 ns
[2020-10-05T08:27:06.071+0000][34308][safepoint    ] Safepoint "Cleanup", Time since last: 1000671300 ns, Reaching safepoint: 120700 ns, At safepoint: 4900 ns, Total: 125600 ns
[2020-10-05T08:27:08.071+0000][34308][safepoint    ] Safepoint "Cleanup", Time since last: 2000447200 ns, Reaching safepoint: 117200 ns, At safepoint: 19800 ns, Total: 137000 ns
[2020-10-05T08:27:09.072+0000][34308][safepoint    ] Safepoint "Cleanup", Time since last: 1000374700 ns, Reaching safepoint: 129700 ns, At safepoint: 6100 ns, Total: 135800 ns
[2020-10-05T08:27:10.073+0000][34308][safepoint    ] Safepoint "Cleanup", Time since last: 1000503900 ns, Reaching safepoint: 122900 ns, At safepoint: 7100 ns, Total: 130000 ns
[2020-10-05T08:27:11.073+0000][34308][safepoint    ] Safepoint "Cleanup", Time since last: 1000706600 ns, Reaching safepoint: 117700 ns, At safepoint: 4400 ns, Total: 122100 ns
[2020-10-05T08:27:12.074+0000][34308][safepoint    ] Safepoint "Cleanup", Time since last: 1000259900 ns, Reaching safepoint: 132700 ns, At safepoint: 8900 ns, Total: 141600 ns
[2020-10-05T08:27:13.074+0000][34308][safepoint    ] Safepoint "Cleanup", Time since last: 1000245600 ns, Reaching safepoint: 120400 ns, At safepoint: 7100 ns, Total: 127500 ns
[2020-10-05T08:27:14.075+0000][34308][safepoint    ] Safepoint "Cleanup", Time since last: 1000653500 ns, Reaching safepoint: 114700 ns, At safepoint: 4000 ns, Total: 118700 ns
[2020-10-05T08:27:15.075+0000][34308][safepoint    ] Safepoint "Cleanup", Time since last: 1000026400 ns, Reaching safepoint: 96200 ns, At safepoint: 5700 ns, Total: 101900 ns
[2020-10-05T08:27:16.075+0000][34308][safepoint    ] Safepoint "Cleanup", Time since last: 1000266200 ns, Reaching safepoint: 100400 ns, At safepoint: 5300 ns, Total: 105700 ns
[2020-10-05T08:27:17.076+0000][34308][safepoint    ] Safepoint "Cleanup", Time since last: 1000103200 ns, Reaching safepoint: 124300 ns, At safepoint: 5700 ns, Total: 130000 ns
[2020-10-05T08:27:18.077+0000][34308][safepoint    ] Safepoint "Cleanup", Time since last: 1000753000 ns, Reaching safepoint: 104300 ns, At safepoint: 5600 ns, Total: 109900 ns
[2020-10-05T08:27:20.077+0000][34308][safepoint    ] Safepoint "Cleanup", Time since last: 2000067000 ns, Reaching safepoint: 99800 ns, At safepoint: 5100 ns, Total: 104900 ns
[2020-10-05T08:27:21.077+0000][34308][safepoint    ] Safepoint "Cleanup", Time since last: 1000591200 ns, Reaching safepoint: 111100 ns, At safepoint: 6000 ns, Total: 117100 ns
[2020-10-05T08:27:22.078+0000][34308][safepoint    ] Safepoint "Cleanup", Time since last: 1000337300 ns, Reaching safepoint: 96300 ns, At safepoint: 4600 ns, Total: 100900 ns
[2020-10-05T08:27:23.079+0000][34308][safepoint    ] Safepoint "Cleanup", Time since last: 1000773800 ns, Reaching safepoint: 108800 ns, At safepoint: 6500 ns, Total: 115300 ns
[2020-10-05T08:27:24.079+0000][34308][safepoint    ] Safepoint "Cleanup", Time since last: 1000049400 ns, Reaching safepoint: 164000 ns, At safepoint: 6600 ns, Total: 170600 ns
[2020-10-05T08:27:25.079+0000][34308][safepoint    ] Safepoint "Cleanup", Time since last: 1000056500 ns, Reaching safepoint: 439000 ns, At safepoint: 10800 ns, Total: 449800 ns
[2020-10-05T08:27:27.080+0000][34308][safepoint    ] Safepoint "Cleanup", Time since last: 2000024900 ns, Reaching safepoint: 131000 ns, At safepoint: 6700 ns, Total: 137700 ns
[2020-10-05T08:27:28.080+0000][34308][safepoint    ] Safepoint "Cleanup", Time since last: 1000002100 ns, Reaching safepoint: 145700 ns, At safepoint: 7000 ns, Total: 152700 ns
[2020-10-05T08:27:29.081+0000][34308][safepoint    ] Safepoint "Cleanup", Time since last: 1000758000 ns, Reaching safepoint: 162200 ns, At safepoint: 6300 ns, Total: 168500 ns
[2020-10-05T08:27:30.082+0000][34308][safepoint    ] Safepoint "Cleanup", Time since last: 1000803300 ns, Reaching safepoint: 123500 ns, At safepoint: 5600 ns, Total: 129100 ns
[2020-10-05T08:27:31.082+0000][34308][safepoint    ] Safepoint "Cleanup", Time since last: 1000414500 ns, Reaching safepoint: 105100 ns, At safepoint: 5500 ns, Total: 110600 ns
[2020-10-05T08:27:32.083+0000][34308][safepoint    ] Safepoint "Cleanup", Time since last: 1000588500 ns, Reaching safepoint: 129800 ns, At safepoint: 7000 ns, Total: 136800 ns
[2020-10-05T08:27:33.084+0000][34308][safepoint    ] Safepoint "Cleanup", Time since last: 1000734800 ns, Reaching safepoint: 125100 ns, At safepoint: 17400 ns, Total: 142500 ns
[2020-10-05T08:27:34.084+0000][34308][safepoint    ] Safepoint "Cleanup", Time since last: 1000401200 ns, Reaching safepoint: 121700 ns, At safepoint: 4800 ns, Total: 126500 ns
[2020-10-05T08:27:35.085+0000][34308][safepoint    ] Safepoint "Cleanup", Time since last: 1000235300 ns, Reaching safepoint: 97200 ns, At safepoint: 6600 ns, Total: 103800 ns
[2020-10-05T08:27:36.085+0000][34308][safepoint    ] Safepoint "Cleanup", Time since last: 1000382900 ns, Reaching safepoint: 124700 ns, At safepoint: 4400 ns, Total: 129100 ns
[2020-10-05T08:27:37.086+0000][34308][safepoint    ] Safepoint "Cleanup", Time since last: 1000849600 ns, Reaching safepoint: 112200 ns, At safepoint: 4800 ns, Total: 117000 ns
[2020-10-05T08:27:38.086+0000][34308][safepoint    ] Safepoint "Cleanup", Time since last: 1000123100 ns, Reaching safepoint: 214100 ns, At safepoint: 15000 ns, Total: 229100 ns
[2020-10-05T08:27:40.087+0000][34308][safepoint    ] Safepoint "Cleanup", Time since last: 2000887700 ns, Reaching safepoint: 157000 ns, At safepoint: 6300 ns, Total: 163300 ns
[2020-10-05T08:27:41.088+0000][34308][safepoint    ] Safepoint "Cleanup", Time since last: 1000387800 ns, Reaching safepoint: 125600 ns, At safepoint: 12500 ns, Total: 138100 ns
[2020-10-05T08:27:42.089+0000][34308][safepoint    ] Safepoint "Cleanup", Time since last: 1000682500 ns, Reaching safepoint: 116300 ns, At safepoint: 5200 ns, Total: 121500 ns
[2020-10-05T08:27:43.090+0000][34308][safepoint    ] Safepoint "Cleanup", Time since last: 1000654100 ns, Reaching safepoint: 129700 ns, At safepoint: 8500 ns, Total: 138200 ns
[2020-10-05T08:27:44.090+0000][34308][safepoint    ] Safepoint "Cleanup", Time since last: 1000271200 ns, Reaching safepoint: 169100 ns, At safepoint: 3300 ns, Total: 172400 ns
[2020-10-05T08:27:45.091+0000][34308][safepoint    ] Safepoint "Cleanup", Time since last: 1000471400 ns, Reaching safepoint: 135500 ns, At safepoint: 8300 ns, Total: 143800 ns
[2020-10-05T08:27:46.091+0000][34308][safepoint    ] Safepoint "Cleanup", Time since last: 1000219400 ns, Reaching safepoint: 127900 ns, At safepoint: 9900 ns, Total: 137800 ns
[2020-10-05T08:27:47.091+0000][34308][safepoint    ] Safepoint "Cleanup", Time since last: 1000205200 ns, Reaching safepoint: 200000 ns, At safepoint: 17000 ns, Total: 217000 ns
[2020-10-05T08:27:48.092+0000][34308][safepoint    ] Safepoint "Cleanup", Time since last: 1000093100 ns, Reaching safepoint: 155700 ns, At safepoint: 7100 ns, Total: 162800 ns
[2020-10-05T08:27:49.093+0000][34308][safepoint    ] Safepoint "Cleanup", Time since last: 1000794700 ns, Reaching safepoint: 166400 ns, At safepoint: 20300 ns, Total: 186700 ns
[2020-10-05T08:27:50.093+0000][34308][safepoint    ] Safepoint "Cleanup", Time since last: 1000667600 ns, Reaching safepoint: 235500 ns, At safepoint: 11000 ns, Total: 246500 ns
[2020-10-05T08:27:52.095+0000][34308][safepoint    ] Safepoint "Cleanup", Time since last: 2000865900 ns, Reaching safepoint: 166100 ns, At safepoint: 5500 ns, Total: 171600 ns
[2020-10-05T08:27:54.095+0000][34308][safepoint    ] Safepoint "Cleanup", Time since last: 2000114100 ns, Reaching safepoint: 166500 ns, At safepoint: 14100 ns, Total: 180600 ns
[2020-10-05T08:27:55.095+0000][34308][safepoint    ] Safepoint "Cleanup", Time since last: 1000202400 ns, Reaching safepoint: 148700 ns, At safepoint: 11200 ns, Total: 159900 ns
[2020-10-05T08:27:57.096+0000][34308][safepoint    ] Safepoint "Cleanup", Time since last: 2000130700 ns, Reaching safepoint: 175000 ns, At safepoint: 13400 ns, Total: 188400 ns
[2020-10-05T08:27:58.096+0000][34308][safepoint    ] Safepoint "Cleanup", Time since last: 1000468900 ns, Reaching safepoint: 179400 ns, At safepoint: 12800 ns, Total: 192200 ns
[2020-10-05T08:27:59.097+0000][34308][safepoint    ] Safepoint "Cleanup", Time since last: 1000826200 ns, Reaching safepoint: 232700 ns, At safepoint: 10000 ns, Total: 242700 ns
[2020-10-05T08:28:01.098+0000][34308][safepoint    ] Safepoint "Cleanup", Time since last: 2000772300 ns, Reaching safepoint: 161600 ns, At safepoint: 9300 ns, Total: 170900 ns
[2020-10-05T08:28:03.098+0000][34308][safepoint    ] Safepoint "Cleanup", Time since last: 1999935800 ns, Reaching safepoint: 208300 ns, At safepoint: 7900 ns, Total: 216200 ns
[2020-10-05T08:28:04.099+0000][34308][safepoint    ] Safepoint "Cleanup", Time since last: 1000418300 ns, Reaching safepoint: 215700 ns, At safepoint: 8700 ns, Total: 224400 ns
[2020-10-05T08:28:05.100+0000][34308][safepoint    ] Safepoint "Cleanup", Time since last: 1000383600 ns, Reaching safepoint: 155200 ns, At safepoint: 9500 ns, Total: 164700 ns
[2020-10-05T08:28:06.100+0000][34308][safepoint    ] Safepoint "Cleanup", Time since last: 1000552700 ns, Reaching safepoint: 220200 ns, At safepoint: 18800 ns, Total: 239000 ns
[2020-10-05T08:28:07.101+0000][34308][safepoint    ] Safepoint "Cleanup", Time since last: 1000324800 ns, Reaching safepoint: 195800 ns, At safepoint: 12400 ns, Total: 208200 ns
[2020-10-05T08:28:08.101+0000][34308][safepoint    ] Safepoint "Cleanup", Time since last: 1000210000 ns, Reaching safepoint: 159800 ns, At safepoint: 7000 ns, Total: 166800 ns
[2020-10-05T08:28:09.102+0000][34308][safepoint    ] Safepoint "Cleanup", Time since last: 1000555900 ns, Reaching safepoint: 178800 ns, At safepoint: 6600 ns, Total: 185400 ns
[2020-10-05T08:28:11.102+0000][34308][safepoint    ] Safepoint "Cleanup", Time since last: 1999989900 ns, Reaching safepoint: 182800 ns, At safepoint: 10900 ns, Total: 193700 ns
[2020-10-05T08:28:12.103+0000][34308][safepoint    ] Safepoint "Cleanup", Time since last: 1000329300 ns, Reaching safepoint: 176900 ns, At safepoint: 13700 ns, Total: 190600 ns
[2020-10-05T08:28:13.103+0000][34308][safepoint    ] Safepoint "Cleanup", Time since last: 1000542400 ns, Reaching safepoint: 165400 ns, At safepoint: 7700 ns, Total: 173100 ns
[2020-10-05T08:28:14.104+0000][34308][safepoint    ] Safepoint "Cleanup", Time since last: 1000449400 ns, Reaching safepoint: 154400 ns, At safepoint: 12700 ns, Total: 167100 ns
[2020-10-05T08:28:15.105+0000][34308][safepoint    ] Safepoint "Cleanup", Time since last: 1000497700 ns, Reaching safepoint: 184900 ns, At safepoint: 13200 ns, Total: 198100 ns
[2020-10-05T08:28:16.106+0000][34308][safepoint    ] Safepoint "Cleanup", Time since last: 1000598200 ns, Reaching safepoint: 233000 ns, At safepoint: 31200 ns, Total: 264200 ns
[2020-10-05T08:28:17.106+0000][34308][safepoint    ] Safepoint "Cleanup", Time since last: 1000319400 ns, Reaching safepoint: 143500 ns, At safepoint: 9000 ns, Total: 152500 ns
[2020-10-05T08:28:18.107+0000][34308][safepoint    ] Safepoint "Cleanup", Time since last: 1000773200 ns, Reaching safepoint: 128700 ns, At safepoint: 6800 ns, Total: 135500 ns
[2020-10-05T08:28:19.170+0000][34308][safepoint    ] Safepoint "Cleanup", Time since last: 1062812200 ns, Reaching safepoint: 100900 ns, At safepoint: 5500 ns, Total: 106400 ns
[2020-10-05T08:28:20.171+0000][34308][safepoint    ] Safepoint "Cleanup", Time since last: 1000825000 ns, Reaching safepoint: 103400 ns, At safepoint: 4500 ns, Total: 107900 ns
[2020-10-05T08:28:21.172+0000][34308][safepoint    ] Safepoint "Cleanup", Time since last: 1000718400 ns, Reaching safepoint: 116200 ns, At safepoint: 6200 ns, Total: 122400 ns
[2020-10-05T08:28:22.172+0000][34308][safepoint    ] Safepoint "Cleanup", Time since last: 1000574100 ns, Reaching safepoint: 115700 ns, At safepoint: 5300 ns, Total: 121000 ns
[2020-10-05T08:28:23.173+0000][34308][safepoint    ] Safepoint "Cleanup", Time since last: 1000626800 ns, Reaching safepoint: 132700 ns, At safepoint: 22600 ns, Total: 155300 ns
[2020-10-05T08:28:24.173+0000][34308][safepoint    ] Safepoint "Cleanup", Time since last: 1000082100 ns, Reaching safepoint: 107400 ns, At safepoint: 5800 ns, Total: 113200 ns
[2020-10-05T08:28:25.174+0000][34308][safepoint    ] Safepoint "Cleanup", Time since last: 1000287200 ns, Reaching safepoint: 148000 ns, At safepoint: 7700 ns, Total: 155700 ns
[2020-10-05T08:28:26.175+0000][34308][safepoint    ] Safepoint "Cleanup", Time since last: 1000613900 ns, Reaching safepoint: 123400 ns, At safepoint: 7300 ns, Total: 130700 ns
[2020-10-05T08:28:28.176+0000][34308][safepoint    ] Safepoint "Cleanup", Time since last: 2000827000 ns, Reaching safepoint: 131500 ns, At safepoint: 22900 ns, Total: 154400 ns
[2020-10-05T08:28:29.176+0000][34308][safepoint    ] Safepoint "Cleanup", Time since last: 1000685000 ns, Reaching safepoint: 132000 ns, At safepoint: 8200 ns, Total: 140200 ns
[2020-10-05T08:28:30.177+0000][34308][safepoint    ] Safepoint "Cleanup", Time since last: 1000691300 ns, Reaching safepoint: 112500 ns, At safepoint: 7500 ns, Total: 120000 ns
[2020-10-05T08:28:32.178+0000][34308][safepoint    ] Safepoint "Cleanup", Time since last: 2000201800 ns, Reaching safepoint: 121300 ns, At safepoint: 7700 ns, Total: 129000 ns
[2020-10-05T08:28:33.178+0000][34308][safepoint    ] Safepoint "Cleanup", Time since last: 1000635500 ns, Reaching safepoint: 104100 ns, At safepoint: 7900 ns, Total: 112000 ns
[2020-10-05T08:28:34.179+0000][34308][safepoint    ] Safepoint "Cleanup", Time since last: 1000817700 ns, Reaching safepoint: 127600 ns, At safepoint: 7400 ns, Total: 135000 ns
[2020-10-05T08:28:35.180+0000][34308][safepoint    ] Safepoint "Cleanup", Time since last: 1000441400 ns, Reaching safepoint: 135200 ns, At safepoint: 21400 ns, Total: 156600 ns
[2020-10-05T08:28:36.181+0000][34308][safepoint    ] Safepoint "Cleanup", Time since last: 1000833000 ns, Reaching safepoint: 121000 ns, At safepoint: 4600 ns, Total: 125600 ns
[2020-10-05T08:28:37.181+0000][34308][safepoint    ] Safepoint "Cleanup", Time since last: 1000006600 ns, Reaching safepoint: 121900 ns, At safepoint: 9700 ns, Total: 131600 ns
[2020-10-05T08:28:39.182+0000][34308][safepoint    ] Safepoint "Cleanup", Time since last: 2000841500 ns, Reaching safepoint: 126600 ns, At safepoint: 14700 ns, Total: 141300 ns
[2020-10-05T08:28:41.183+0000][34308][safepoint    ] Safepoint "Cleanup", Time since last: 2000893800 ns, Reaching safepoint: 118800 ns, At safepoint: 7900 ns, Total: 126700 ns
[2020-10-05T08:28:42.184+0000][34308][safepoint    ] Safepoint "Cleanup", Time since last: 1000468500 ns, Reaching safepoint: 118400 ns, At safepoint: 7000 ns, Total: 125400 ns
[2020-10-05T08:28:43.184+0000][34308][safepoint    ] Safepoint "Cleanup", Time since last: 1000002000 ns, Reaching safepoint: 135100 ns, At safepoint: 6800 ns, Total: 141900 ns
[2020-10-05T08:28:44.184+0000][34308][safepoint    ] Safepoint "Cleanup", Time since last: 1000459900 ns, Reaching safepoint: 131900 ns, At safepoint: 7900 ns, Total: 139800 ns
[2020-10-05T08:28:45.185+0000][34308][safepoint    ] Safepoint "Cleanup", Time since last: 1000460200 ns, Reaching safepoint: 105000 ns, At safepoint: 6800 ns, Total: 111800 ns
[2020-10-05T08:28:46.185+0000][34308][safepoint    ] Safepoint "Cleanup", Time since last: 1000069600 ns, Reaching safepoint: 110900 ns, At safepoint: 6700 ns, Total: 117600 ns
[2020-10-05T08:28:47.186+0000][34308][safepoint    ] Safepoint "Cleanup", Time since last: 1000395600 ns, Reaching safepoint: 110100 ns, At safepoint: 6600 ns, Total: 116700 ns
[2020-10-05T08:28:48.186+0000][34308][safepoint    ] Safepoint "Cleanup", Time since last: 1000659200 ns, Reaching safepoint: 131100 ns, At safepoint: 7500 ns, Total: 138600 ns
[2020-10-05T08:28:49.187+0000][34308][safepoint    ] Safepoint "Cleanup", Time since last: 1000682000 ns, Reaching safepoint: 144700 ns, At safepoint: 6900 ns, Total: 151600 ns
[2020-10-05T08:28:50.188+0000][34308][safepoint    ] Safepoint "Cleanup", Time since last: 1000472500 ns, Reaching safepoint: 115900 ns, At safepoint: 4900 ns, Total: 120800 ns
[2020-10-05T08:28:51.189+0000][34308][safepoint    ] Safepoint "Cleanup", Time since last: 1000676000 ns, Reaching safepoint: 113900 ns, At safepoint: 7400 ns, Total: 121300 ns
[2020-10-05T08:28:52.190+0000][34308][safepoint    ] Safepoint "Cleanup", Time since last: 1000856300 ns, Reaching safepoint: 133800 ns, At safepoint: 5600 ns, Total: 139400 ns
[2020-10-05T08:28:53.190+0000][34308][safepoint    ] Safepoint "Cleanup", Time since last: 1000646800 ns, Reaching safepoint: 117500 ns, At safepoint: 4800 ns, Total: 122300 ns
[2020-10-05T08:28:55.191+0000][34308][safepoint    ] Safepoint "Cleanup", Time since last: 2000518000 ns, Reaching safepoint: 123500 ns, At safepoint: 6300 ns, Total: 129800 ns
[2020-10-05T08:28:57.191+0000][34308][safepoint    ] Safepoint "Cleanup", Time since last: 2000129500 ns, Reaching safepoint: 126100 ns, At safepoint: 7900 ns, Total: 134000 ns
[2020-10-05T08:28:58.192+0000][34308][safepoint    ] Safepoint "Cleanup", Time since last: 1000341200 ns, Reaching safepoint: 186100 ns, At safepoint: 7900 ns, Total: 194000 ns
[2020-10-05T08:28:59.192+0000][34308][safepoint    ] Safepoint "Cleanup", Time since last: 1000223800 ns, Reaching safepoint: 133100 ns, At safepoint: 7900 ns, Total: 141000 ns
[2020-10-05T08:29:00.192+0000][34308][safepoint    ] Safepoint "Cleanup", Time since last: 1000106900 ns, Reaching safepoint: 121100 ns, At safepoint: 5100 ns, Total: 126200 ns
[2020-10-05T08:29:01.193+0000][34308][safepoint    ] Safepoint "Cleanup", Time since last: 1000592400 ns, Reaching safepoint: 129300 ns, At safepoint: 12500 ns, Total: 141800 ns
[2020-10-05T08:29:02.193+0000][34308][safepoint    ] Safepoint "Cleanup", Time since last: 1000142600 ns, Reaching safepoint: 125600 ns, At safepoint: 7300 ns, Total: 132900 ns
[2020-10-05T08:29:03.194+0000][34308][safepoint    ] Safepoint "Cleanup", Time since last: 1000677300 ns, Reaching safepoint: 163000 ns, At safepoint: 8900 ns, Total: 171900 ns
[2020-10-05T08:29:04.195+0000][34308][safepoint    ] Safepoint "Cleanup", Time since last: 1000230900 ns, Reaching safepoint: 112300 ns, At safepoint: 3500 ns, Total: 115800 ns
[2020-10-05T08:29:05.195+0000][34308][safepoint    ] Safepoint "Cleanup", Time since last: 1000572100 ns, Reaching safepoint: 104100 ns, At safepoint: 6300 ns, Total: 110400 ns
[2020-10-05T08:29:07.196+0000][34308][safepoint    ] Safepoint "Cleanup", Time since last: 2000354600 ns, Reaching safepoint: 99000 ns, At safepoint: 6200 ns, Total: 105200 ns
[2020-10-05T08:29:08.197+0000][34308][safepoint    ] Safepoint "Cleanup", Time since last: 1000751300 ns, Reaching safepoint: 111800 ns, At safepoint: 5700 ns, Total: 117500 ns
[2020-10-05T08:29:09.197+0000][34308][safepoint    ] Safepoint "Cleanup", Time since last: 1000596700 ns, Reaching safepoint: 117000 ns, At safepoint: 8200 ns, Total: 125200 ns
[2020-10-05T08:29:10.198+0000][34308][safepoint    ] Safepoint "Cleanup", Time since last: 1000440000 ns, Reaching safepoint: 152900 ns, At safepoint: 8600 ns, Total: 161500 ns
[2020-10-05T08:29:11.199+0000][34308][safepoint    ] Safepoint "Cleanup", Time since last: 1000443300 ns, Reaching safepoint: 121400 ns, At safepoint: 5800 ns, Total: 127200 ns
[2020-10-05T08:29:12.199+0000][34308][safepoint    ] Safepoint "Cleanup", Time since last: 1000373900 ns, Reaching safepoint: 89300 ns, At safepoint: 3800 ns, Total: 93100 ns
[2020-10-05T08:29:13.200+0000][34308][safepoint    ] Safepoint "Cleanup", Time since last: 1000891900 ns, Reaching safepoint: 136700 ns, At safepoint: 5800 ns, Total: 142500 ns
[2020-10-05T08:29:15.200+0000][34308][safepoint    ] Safepoint "Cleanup", Time since last: 2000122400 ns, Reaching safepoint: 128400 ns, At safepoint: 6200 ns, Total: 134600 ns
[2020-10-05T08:29:16.201+0000][34308][safepoint    ] Safepoint "Cleanup", Time since last: 1000455300 ns, Reaching safepoint: 97400 ns, At safepoint: 3200 ns, Total: 100600 ns
[2020-10-05T08:29:17.202+0000][34308][safepoint    ] Safepoint "Cleanup", Time since last: 1000694500 ns, Reaching safepoint: 81800 ns, At safepoint: 3500 ns, Total: 85300 ns
[2020-10-05T08:29:18.202+0000][34308][safepoint    ] Safepoint "Cleanup", Time since last: 1000131200 ns, Reaching safepoint: 110700 ns, At safepoint: 6500 ns, Total: 117200 ns
[2020-10-05T08:29:19.202+0000][34308][safepoint    ] Safepoint "Cleanup", Time since last: 1000401400 ns, Reaching safepoint: 108700 ns, At safepoint: 6100 ns, Total: 114800 ns
[2020-10-05T08:29:20.203+0000][34308][safepoint    ] Safepoint "Cleanup", Time since last: 1000878600 ns, Reaching safepoint: 128700 ns, At safepoint: 4400 ns, Total: 133100 ns
[2020-10-05T08:29:21.204+0000][34308][safepoint    ] Safepoint "Cleanup", Time since last: 1000414000 ns, Reaching safepoint: 120400 ns, At safepoint: 5300 ns, Total: 125700 ns
[2020-10-05T08:29:22.205+0000][34308][safepoint    ] Safepoint "Cleanup", Time since last: 1000600800 ns, Reaching safepoint: 87300 ns, At safepoint: 2900 ns, Total: 90200 ns
[2020-10-05T08:29:23.205+0000][34308][safepoint    ] Safepoint "Cleanup", Time since last: 1000017700 ns, Reaching safepoint: 143300 ns, At safepoint: 6000 ns, Total: 149300 ns
[2020-10-05T08:29:24.205+0000][34308][safepoint    ] Safepoint "Cleanup", Time since last: 1000538100 ns, Reaching safepoint: 117500 ns, At safepoint: 7400 ns, Total: 124900 ns
[2020-10-05T08:29:25.206+0000][34308][safepoint    ] Safepoint "Cleanup", Time since last: 1000792700 ns, Reaching safepoint: 123700 ns, At safepoint: 4900 ns, Total: 128600 ns
[2020-10-05T08:29:26.207+0000][34308][safepoint    ] Safepoint "Cleanup", Time since last: 1000438600 ns, Reaching safepoint: 174500 ns, At safepoint: 5600 ns, Total: 180100 ns
[2020-10-05T08:29:27.208+0000][34308][safepoint    ] Safepoint "Cleanup", Time since last: 1000516200 ns, Reaching safepoint: 106900 ns, At safepoint: 5700 ns, Total: 112600 ns
[2020-10-05T08:29:28.208+0000][34308][safepoint    ] Safepoint "Cleanup", Time since last: 1000213700 ns, Reaching safepoint: 85600 ns, At safepoint: 3800 ns, Total: 89400 ns
[2020-10-05T08:29:29.461+0000][34308][safepoint    ] Safepoint "Cleanup", Time since last: 1252734300 ns, Reaching safepoint: 94900 ns, At safepoint: 4800 ns, Total: 99700 ns
[2020-10-05T08:29:30.707+0000][34308][safepoint    ] Safepoint "Cleanup", Time since last: 1246315700 ns, Reaching safepoint: 98200 ns, At safepoint: 4500 ns, Total: 102700 ns
[2020-10-05T08:29:32.708+0000][34308][safepoint    ] Safepoint "Cleanup", Time since last: 2000523100 ns, Reaching safepoint: 136600 ns, At safepoint: 9700 ns, Total: 146300 ns
[2020-10-05T08:29:43.715+0000][34308][safepoint    ] Safepoint "Cleanup", Time since last: 11006711000 ns, Reaching safepoint: 151500 ns, At safepoint: 9700 ns, Total: 161200 ns
[2020-10-05T08:29:59.723+0000][34308][safepoint    ] Safepoint "Cleanup", Time since last: 16008069300 ns, Reaching safepoint: 102300 ns, At safepoint: 5600 ns, Total: 107900 ns
[2020-10-05T08:30:21.742+0000][34308][safepoint    ] Safepoint "Cleanup", Time since last: 22018502500 ns, Reaching safepoint: 111900 ns, At safepoint: 6300 ns, Total: 118200 ns
[2020-10-05T08:30:28.747+0000][34308][safepoint    ] Safepoint "Cleanup", Time since last: 7004927400 ns, Reaching safepoint: 135300 ns, At safepoint: 13300 ns, Total: 148600 ns
[2020-10-05T08:30:50.757+0000][34308][safepoint    ] Safepoint "Cleanup", Time since last: 22010274500 ns, Reaching safepoint: 109800 ns, At safepoint: 5100 ns, Total: 114900 ns
[2020-10-05T08:30:58.761+0000][34308][safepoint    ] Safepoint "Cleanup", Time since last: 8003489600 ns, Reaching safepoint: 134200 ns, At safepoint: 4500 ns, Total: 138700 ns
[2020-10-05T08:31:31.776+0000][34308][safepoint    ] Safepoint "Cleanup", Time since last: 33015008600 ns, Reaching safepoint: 110400 ns, At safepoint: 4500 ns, Total: 114900 ns
[2020-10-05T08:32:29.804+0000][34308][safepoint    ] Safepoint "Cleanup", Time since last: 58028054500 ns, Reaching safepoint: 142200 ns, At safepoint: 4100 ns, Total: 146300 ns
[2020-10-05T08:32:48.811+0000][34308][safepoint    ] Safepoint "Cleanup", Time since last: 19007196700 ns, Reaching safepoint: 118600 ns, At safepoint: 5100 ns, Total: 123700 ns
[2020-10-05T08:32:50.813+0000][34308][safepoint    ] Safepoint "Cleanup", Time since last: 2001294500 ns, Reaching safepoint: 105500 ns, At safepoint: 4100 ns, Total: 109600 ns
[2020-10-05T08:32:58.817+0000][34308][safepoint    ] Safepoint "Cleanup", Time since last: 8004175600 ns, Reaching safepoint: 116500 ns, At safepoint: 5500 ns, Total: 122000 ns
[2020-10-05T08:33:20.828+0000][34308][safepoint    ] Safepoint "Cleanup", Time since last: 22010954000 ns, Reaching safepoint: 104700 ns, At safepoint: 4900 ns, Total: 109600 ns
[2020-10-05T08:34:20.858+0000][34308][safepoint    ] Safepoint "Cleanup", Time since last: 60029914700 ns, Reaching safepoint: 116200 ns, At safepoint: 6800 ns, Total: 123000 ns
[2020-10-05T08:34:23.860+0000][34308][safepoint    ] Safepoint "Cleanup", Time since last: 3001495900 ns, Reaching safepoint: 135500 ns, At safepoint: 9200 ns, Total: 144700 ns
[2020-10-05T08:35:03.880+0000][34308][safepoint    ] Safepoint "Cleanup", Time since last: 40020478500 ns, Reaching safepoint: 100300 ns, At safepoint: 5800 ns, Total: 106100 ns
[2020-10-05T08:35:23.888+0000][34308][safepoint    ] Safepoint "Cleanup", Time since last: 20007618900 ns, Reaching safepoint: 121900 ns, At safepoint: 6700 ns, Total: 128600 ns
[2020-10-05T08:35:50.901+0000][34308][safepoint    ] Safepoint "Cleanup", Time since last: 27013085200 ns, Reaching safepoint: 103400 ns, At safepoint: 5000 ns, Total: 108400 ns
[2020-10-05T08:37:31.955+0000][34308][safepoint    ] Safepoint "Cleanup", Time since last: 101053342000 ns, Reaching safepoint: 125400 ns, At safepoint: 6000 ns, Total: 131400 ns
[2020-10-05T08:37:58.972+0000][34308][safepoint    ] Safepoint "Cleanup", Time since last: 27016711900 ns, Reaching safepoint: 153200 ns, At safepoint: 7900 ns, Total: 161100 ns
[2020-10-05T08:38:23.984+0000][34308][safepoint    ] Safepoint "Cleanup", Time since last: 25012371700 ns, Reaching safepoint: 111100 ns, At safepoint: 7600 ns, Total: 118700 ns
[2020-10-05T08:38:38.993+0000][34308][safepoint    ] Safepoint "Cleanup", Time since last: 15008350900 ns, Reaching safepoint: 91000 ns, At safepoint: 5200 ns, Total: 96200 ns
[2020-10-05T08:39:51.028+0000][34308][safepoint    ] Safepoint "Cleanup", Time since last: 72034895300 ns, Reaching safepoint: 146300 ns, At safepoint: 5300 ns, Total: 151600 ns
[2020-10-05T08:39:57.031+0000][34308][safepoint    ] Safepoint "Cleanup", Time since last: 6003483300 ns, Reaching safepoint: 88300 ns, At safepoint: 4000 ns, Total: 92300 ns
[2020-10-05T08:40:13.042+0000][34308][safepoint    ] Safepoint "Cleanup", Time since last: 16010231700 ns, Reaching safepoint: 183100 ns, At safepoint: 7200 ns, Total: 190300 ns
[2020-10-05T08:41:19.180+0000][34308][gc,start     ] GC(11) Pause Young (Normal) (G1 Evacuation Pause)
[2020-10-05T08:41:19.181+0000][34308][gc,task      ] GC(11) Using 8 workers of 8 for evacuation
[2020-10-05T08:41:19.181+0000][34308][gc,age       ] GC(11) Desired survivor size 35127296 bytes, new threshold 15 (max threshold 15)
[2020-10-05T08:41:19.206+0000][34308][gc,age       ] GC(11) Age table with threshold 15 (max threshold 15)
[2020-10-05T08:41:19.206+0000][34308][gc,age       ] GC(11) - age   1:    2211632 bytes,    2211632 total
[2020-10-05T08:41:19.206+0000][34308][gc,age       ] GC(11) - age   2:   11077624 bytes,   13289256 total
[2020-10-05T08:41:19.206+0000][34308][gc,age       ] GC(11) - age   3:    8331384 bytes,   21620640 total
[2020-10-05T08:41:19.206+0000][34308][gc,phases    ] GC(11)   Pre Evacuate Collection Set: 0.2ms
[2020-10-05T08:41:19.206+0000][34308][gc,phases    ] GC(11)   Merge Heap Roots: 0.5ms
[2020-10-05T08:41:19.206+0000][34308][gc,phases    ] GC(11)   Evacuate Collection Set: 19.0ms
[2020-10-05T08:41:19.206+0000][34308][gc,phases    ] GC(11)   Post Evacuate Collection Set: 4.5ms
[2020-10-05T08:41:19.206+0000][34308][gc,phases    ] GC(11)   Other: 2.3ms
[2020-10-05T08:41:19.206+0000][34308][gc,heap      ] GC(11) Eden regions: 508->0(536)
[2020-10-05T08:41:19.206+0000][34308][gc,heap      ] GC(11) Survivor regions: 27->22(67)
[2020-10-05T08:41:19.206+0000][34308][gc,heap      ] GC(11) Old regions: 50->50
[2020-10-05T08:41:19.207+0000][34308][gc,heap      ] GC(11) Archive regions: 0->0
[2020-10-05T08:41:19.207+0000][34308][gc,heap      ] GC(11) Humongous regions: 217->89
[2020-10-05T08:41:19.207+0000][34308][gc,metaspace ] GC(11) Metaspace: 80194K(85888K)->80194K(85888K) NonClass: 69583K(72960K)->69583K(72960K) Class: 10610K(12928K)->10610K(12928K)
[2020-10-05T08:41:19.207+0000][34308][gc           ] GC(11) Pause Young (Normal) (G1 Evacuation Pause) 801M->160M(1024M) 26.354ms
[2020-10-05T08:41:19.207+0000][34308][gc,cpu       ] GC(11) User=0.20s Sys=0.00s Real=0.03s
[2020-10-05T08:41:19.207+0000][34308][safepoint    ] Safepoint "G1CollectForAllocation", Time since last: 66137769000 ns, Reaching safepoint: 118700 ns, At safepoint: 27107300 ns, Total: 27226000 ns
[2020-10-05T08:41:51.225+0000][34308][safepoint    ] Safepoint "Cleanup", Time since last: 32018195400 ns, Reaching safepoint: 145400 ns, At safepoint: 7600 ns, Total: 153000 ns
[2020-10-05T08:43:11.260+0000][34308][safepoint    ] Safepoint "Cleanup", Time since last: 80034856400 ns, Reaching safepoint: 145900 ns, At safepoint: 6100 ns, Total: 152000 ns
[2020-10-05T08:43:30.268+0000][34308][safepoint    ] Safepoint "Cleanup", Time since last: 19007965100 ns, Reaching safepoint: 118500 ns, At safepoint: 5800 ns, Total: 124300 ns
[2020-10-05T08:43:32.270+0000][34308][safepoint    ] Safepoint "Cleanup", Time since last: 2001226100 ns, Reaching safepoint: 108400 ns, At safepoint: 6300 ns, Total: 114700 ns
[2020-10-05T08:45:29.326+0000][34308][safepoint    ] Safepoint "Cleanup", Time since last: 117055724200 ns, Reaching safepoint: 141300 ns, At safepoint: 6100 ns, Total: 147400 ns
[2020-10-05T08:46:05.340+0000][34308][safepoint    ] Safepoint "Cleanup", Time since last: 36014258400 ns, Reaching safepoint: 115200 ns, At safepoint: 5900 ns, Total: 121100 ns
[2020-10-05T08:46:21.349+0000][34308][safepoint    ] Safepoint "Cleanup", Time since last: 16008250200 ns, Reaching safepoint: 89200 ns, At safepoint: 5600 ns, Total: 94800 ns
[2020-10-05T08:47:54.393+0000][34308][safepoint    ] Safepoint "Cleanup", Time since last: 93043776400 ns, Reaching safepoint: 148800 ns, At safepoint: 8100 ns, Total: 156900 ns
[2020-10-05T08:48:30.410+0000][34308][safepoint    ] Safepoint "Cleanup", Time since last: 36017411700 ns, Reaching safepoint: 123800 ns, At safepoint: 7200 ns, Total: 131000 ns
[2020-10-05T08:49:55.453+0000][34308][safepoint    ] Safepoint "Cleanup", Time since last: 85042763700 ns, Reaching safepoint: 114300 ns, At safepoint: 6800 ns, Total: 121100 ns
[2020-10-05T08:52:35.534+0000][34308][safepoint    ] Safepoint "Cleanup", Time since last: 160080690800 ns, Reaching safepoint: 221900 ns, At safepoint: 26500 ns, Total: 248400 ns
[2020-10-05T08:53:35.314+0000][34308][safepoint    ] Safepoint "Cleanup", Time since last: 59779401100 ns, Reaching safepoint: 111100 ns, At safepoint: 9600 ns, Total: 120700 ns
[2020-10-05T08:56:51.407+0000][34308][safepoint    ] Safepoint "Cleanup", Time since last: 196092701100 ns, Reaching safepoint: 156500 ns, At safepoint: 7700 ns, Total: 164200 ns
[2020-10-05T08:58:51.472+0000][34308][safepoint    ] Safepoint "Cleanup", Time since last: 120065316400 ns, Reaching safepoint: 114200 ns, At safepoint: 4300 ns, Total: 118500 ns
[2020-10-05T08:59:38.495+0000][34308][safepoint    ] Safepoint "Cleanup", Time since last: 47022854600 ns, Reaching safepoint: 142100 ns, At safepoint: 7800 ns, Total: 149900 ns
[2020-10-05T08:59:40.496+0000][34308][safepoint    ] Safepoint "Cleanup", Time since last: 2000583800 ns, Reaching safepoint: 109000 ns, At safepoint: 5600 ns, Total: 114600 ns
[2020-10-05T08:59:41.496+0000][34308][safepoint    ] Safepoint "Cleanup", Time since last: 1000258000 ns, Reaching safepoint: 111200 ns, At safepoint: 6700 ns, Total: 117900 ns
[2020-10-05T09:00:05.739+0000][34308][safepoint    ] Safepoint "Cleanup", Time since last: 24242241300 ns, Reaching safepoint: 126600 ns, At safepoint: 7500 ns, Total: 134100 ns
[2020-10-05T09:00:08.740+0000][34308][safepoint    ] Safepoint "Cleanup", Time since last: 3000891000 ns, Reaching safepoint: 151200 ns, At safepoint: 8200 ns, Total: 159400 ns
[2020-10-05T09:00:21.746+0000][34308][safepoint    ] Safepoint "Cleanup", Time since last: 13006500800 ns, Reaching safepoint: 161800 ns, At safepoint: 5400 ns, Total: 167200 ns
[2020-10-05T09:01:58.797+0000][34308][safepoint    ] Safepoint "Cleanup", Time since last: 97050392100 ns, Reaching safepoint: 102400 ns, At safepoint: 2900 ns, Total: 105300 ns
[2020-10-05T09:02:07.802+0000][34308][safepoint    ] Safepoint "Cleanup", Time since last: 9004840800 ns, Reaching safepoint: 120600 ns, At safepoint: 7300 ns, Total: 127900 ns
[2020-10-05T09:04:51.883+0000][34308][safepoint    ] Safepoint "Cleanup", Time since last: 164080638300 ns, Reaching safepoint: 186800 ns, At safepoint: 8400 ns, Total: 195200 ns
[2020-10-05T09:05:16.828+0000][34308][safepoint    ] Safepoint "Cleanup", Time since last: 24944890800 ns, Reaching safepoint: 119200 ns, At safepoint: 7100 ns, Total: 126300 ns
[2020-10-05T09:05:17.830+0000][34308][safepoint    ] Safepoint "Cleanup", Time since last: 1001840200 ns, Reaching safepoint: 208400 ns, At safepoint: 21200 ns, Total: 229600 ns
[2020-10-05T09:05:18.018+0000][34308][safepoint    ] Safepoint "BulkRevokeBias", Time since last: 187104800 ns, Reaching safepoint: 143400 ns, At safepoint: 1268200 ns, Total: 1411600 ns
[2020-10-05T09:05:20.019+0000][34308][safepoint    ] Safepoint "Cleanup", Time since last: 2000224000 ns, Reaching safepoint: 154900 ns, At safepoint: 8200 ns, Total: 163100 ns
[2020-10-05T09:05:21.020+0000][34308][safepoint    ] Safepoint "Cleanup", Time since last: 1000834400 ns, Reaching safepoint: 147300 ns, At safepoint: 13000 ns, Total: 160300 ns
[2020-10-05T09:05:22.020+0000][34308][safepoint    ] Safepoint "Cleanup", Time since last: 1000185700 ns, Reaching safepoint: 124700 ns, At safepoint: 5800 ns, Total: 130500 ns
[2020-10-05T09:05:23.021+0000][34308][safepoint    ] Safepoint "Cleanup", Time since last: 1000301400 ns, Reaching safepoint: 104700 ns, At safepoint: 6600 ns, Total: 111300 ns
[2020-10-05T09:05:24.021+0000][34308][safepoint    ] Safepoint "Cleanup", Time since last: 1000490100 ns, Reaching safepoint: 106400 ns, At safepoint: 7100 ns, Total: 113500 ns
[2020-10-05T09:05:25.022+0000][34308][safepoint    ] Safepoint "Cleanup", Time since last: 1000196000 ns, Reaching safepoint: 124200 ns, At safepoint: 8300 ns, Total: 132500 ns
[2020-10-05T09:05:26.022+0000][34308][safepoint    ] Safepoint "Cleanup", Time since last: 1000561500 ns, Reaching safepoint: 144700 ns, At safepoint: 7800 ns, Total: 152500 ns
[2020-10-05T09:05:28.023+0000][34308][safepoint    ] Safepoint "Cleanup", Time since last: 2000303200 ns, Reaching safepoint: 108200 ns, At safepoint: 8700 ns, Total: 116900 ns
[2020-10-05T09:05:29.023+0000][34308][safepoint    ] Safepoint "Cleanup", Time since last: 1000390600 ns, Reaching safepoint: 208700 ns, At safepoint: 8300 ns, Total: 217000 ns
[2020-10-05T09:05:30.024+0000][34308][safepoint    ] Safepoint "Cleanup", Time since last: 1000232100 ns, Reaching safepoint: 132400 ns, At safepoint: 8200 ns, Total: 140600 ns
[2020-10-05T09:05:31.024+0000][34308][safepoint    ] Safepoint "Cleanup", Time since last: 1000396500 ns, Reaching safepoint: 118500 ns, At safepoint: 6500 ns, Total: 125000 ns
[2020-10-05T09:05:32.025+0000][34308][safepoint    ] Safepoint "Cleanup", Time since last: 1000655100 ns, Reaching safepoint: 118300 ns, At safepoint: 9100 ns, Total: 127400 ns
[2020-10-05T09:05:34.026+0000][34308][safepoint    ] Safepoint "Cleanup", Time since last: 2000873700 ns, Reaching safepoint: 127500 ns, At safepoint: 7900 ns, Total: 135400 ns
[2020-10-05T09:05:35.026+0000][34308][safepoint    ] Safepoint "Cleanup", Time since last: 1000107800 ns, Reaching safepoint: 102400 ns, At safepoint: 6000 ns, Total: 108400 ns
[2020-10-05T09:05:37.027+0000][34308][safepoint    ] Safepoint "Cleanup", Time since last: 2000565900 ns, Reaching safepoint: 118500 ns, At safepoint: 6900 ns, Total: 125400 ns
[2020-10-05T09:05:38.028+0000][34308][safepoint    ] Safepoint "Cleanup", Time since last: 1000593200 ns, Reaching safepoint: 157400 ns, At safepoint: 8900 ns, Total: 166300 ns
[2020-10-05T09:05:39.029+0000][34308][safepoint    ] Safepoint "Cleanup", Time since last: 1000660400 ns, Reaching safepoint: 102700 ns, At safepoint: 7500 ns, Total: 110200 ns
[2020-10-05T09:05:40.029+0000][34308][safepoint    ] Safepoint "Cleanup", Time since last: 1000402200 ns, Reaching safepoint: 110600 ns, At safepoint: 3300 ns, Total: 113900 ns
[2020-10-05T09:05:42.030+0000][34308][safepoint    ] Safepoint "Cleanup", Time since last: 2000487800 ns, Reaching safepoint: 115900 ns, At safepoint: 9100 ns, Total: 125000 ns
[2020-10-05T09:05:43.031+0000][34308][safepoint    ] Safepoint "Cleanup", Time since last: 1000694300 ns, Reaching safepoint: 159800 ns, At safepoint: 8900 ns, Total: 168700 ns
[2020-10-05T09:05:44.031+0000][34308][safepoint    ] Safepoint "Cleanup", Time since last: 1000038400 ns, Reaching safepoint: 113900 ns, At safepoint: 6400 ns, Total: 120300 ns
[2020-10-05T09:05:46.031+0000][34308][safepoint    ] Safepoint "Cleanup", Time since last: 2000192600 ns, Reaching safepoint: 157500 ns, At safepoint: 7700 ns, Total: 165200 ns
[2020-10-05T09:05:48.032+0000][34308][safepoint    ] Safepoint "Cleanup", Time since last: 2000546800 ns, Reaching safepoint: 113100 ns, At safepoint: 7500 ns, Total: 120600 ns
[2020-10-05T09:05:49.032+0000][34308][safepoint    ] Safepoint "Cleanup", Time since last: 1000031200 ns, Reaching safepoint: 142400 ns, At safepoint: 11900 ns, Total: 154300 ns
[2020-10-05T09:05:50.032+0000][34308][safepoint    ] Safepoint "Cleanup", Time since last: 1000118700 ns, Reaching safepoint: 144600 ns, At safepoint: 8600 ns, Total: 153200 ns
[2020-10-05T09:05:51.930+0000][34308][safepoint    ] Safepoint "Cleanup", Time since last: 1897826700 ns, Reaching safepoint: 175400 ns, At safepoint: 6800 ns, Total: 182200 ns
[2020-10-05T09:05:52.931+0000][34308][safepoint    ] Safepoint "Cleanup", Time since last: 1000363400 ns, Reaching safepoint: 132900 ns, At safepoint: 8100 ns, Total: 141000 ns
[2020-10-05T09:05:54.932+0000][34308][safepoint    ] Safepoint "Cleanup", Time since last: 2000813200 ns, Reaching safepoint: 132500 ns, At safepoint: 9100 ns, Total: 141600 ns
[2020-10-05T09:05:56.932+0000][34308][safepoint    ] Safepoint "Cleanup", Time since last: 2000150500 ns, Reaching safepoint: 114300 ns, At safepoint: 8700 ns, Total: 123000 ns
[2020-10-05T09:05:57.932+0000][34308][safepoint    ] Safepoint "Cleanup", Time since last: 1000041500 ns, Reaching safepoint: 138000 ns, At safepoint: 18000 ns, Total: 156000 ns
[2020-10-05T09:05:58.932+0000][34308][safepoint    ] Safepoint "Cleanup", Time since last: 1000077800 ns, Reaching safepoint: 128600 ns, At safepoint: 8100 ns, Total: 136700 ns
[2020-10-05T09:06:00.934+0000][34308][safepoint    ] Safepoint "Cleanup", Time since last: 2000921300 ns, Reaching safepoint: 110300 ns, At safepoint: 6500 ns, Total: 116800 ns
[2020-10-05T09:06:01.934+0000][34308][safepoint    ] Safepoint "Cleanup", Time since last: 1000154000 ns, Reaching safepoint: 103600 ns, At safepoint: 5600 ns, Total: 109200 ns
[2020-10-05T09:06:02.934+0000][34308][safepoint    ] Safepoint "Cleanup", Time since last: 1000095900 ns, Reaching safepoint: 112500 ns, At safepoint: 4600 ns, Total: 117100 ns
[2020-10-05T09:06:03.934+0000][34308][safepoint    ] Safepoint "Cleanup", Time since last: 1000145500 ns, Reaching safepoint: 118400 ns, At safepoint: 8600 ns, Total: 127000 ns
[2020-10-05T09:06:04.935+0000][34308][safepoint    ] Safepoint "Cleanup", Time since last: 1000688600 ns, Reaching safepoint: 124900 ns, At safepoint: 9500 ns, Total: 134400 ns
[2020-10-05T09:06:05.936+0000][34308][safepoint    ] Safepoint "Cleanup", Time since last: 1000573500 ns, Reaching safepoint: 121000 ns, At safepoint: 7200 ns, Total: 128200 ns
[2020-10-05T09:06:06.937+0000][34308][safepoint    ] Safepoint "Cleanup", Time since last: 1000683500 ns, Reaching safepoint: 191700 ns, At safepoint: 21100 ns, Total: 212800 ns
[2020-10-05T09:06:07.937+0000][34308][safepoint    ] Safepoint "Cleanup", Time since last: 1000279000 ns, Reaching safepoint: 139100 ns, At safepoint: 9900 ns, Total: 149000 ns
[2020-10-05T09:06:08.938+0000][34308][safepoint    ] Safepoint "Cleanup", Time since last: 1000316800 ns, Reaching safepoint: 118400 ns, At safepoint: 4600 ns, Total: 123000 ns
[2020-10-05T09:06:09.938+0000][34308][safepoint    ] Safepoint "Cleanup", Time since last: 1000684700 ns, Reaching safepoint: 171700 ns, At safepoint: 9200 ns, Total: 180900 ns
[2020-10-05T09:06:10.939+0000][34308][safepoint    ] Safepoint "Cleanup", Time since last: 1000490400 ns, Reaching safepoint: 115100 ns, At safepoint: 8400 ns, Total: 123500 ns
[2020-10-05T09:06:11.940+0000][34308][safepoint    ] Safepoint "Cleanup", Time since last: 1000781200 ns, Reaching safepoint: 128900 ns, At safepoint: 7700 ns, Total: 136600 ns
[2020-10-05T09:06:13.940+0000][34308][safepoint    ] Safepoint "Cleanup", Time since last: 1999957500 ns, Reaching safepoint: 129200 ns, At safepoint: 8600 ns, Total: 137800 ns
[2020-10-05T09:06:14.940+0000][34308][safepoint    ] Safepoint "Cleanup", Time since last: 1000326500 ns, Reaching safepoint: 135200 ns, At safepoint: 17300 ns, Total: 152500 ns
[2020-10-05T09:06:15.941+0000][34308][safepoint    ] Safepoint "Cleanup", Time since last: 1000253900 ns, Reaching safepoint: 132900 ns, At safepoint: 24000 ns, Total: 156900 ns
[2020-10-05T09:06:16.942+0000][34308][safepoint    ] Safepoint "Cleanup", Time since last: 1000713500 ns, Reaching safepoint: 116900 ns, At safepoint: 4200 ns, Total: 121100 ns
[2020-10-05T09:06:17.943+0000][34308][safepoint    ] Safepoint "Cleanup", Time since last: 1000663100 ns, Reaching safepoint: 127100 ns, At safepoint: 8400 ns, Total: 135500 ns
[2020-10-05T09:06:19.943+0000][34308][safepoint    ] Safepoint "Cleanup", Time since last: 2000419700 ns, Reaching safepoint: 130800 ns, At safepoint: 9100 ns, Total: 139900 ns
[2020-10-05T09:06:20.944+0000][34308][safepoint    ] Safepoint "Cleanup", Time since last: 1000827600 ns, Reaching safepoint: 128600 ns, At safepoint: 10400 ns, Total: 139000 ns
[2020-10-05T09:06:22.945+0000][34308][safepoint    ] Safepoint "Cleanup", Time since last: 2000959700 ns, Reaching safepoint: 169800 ns, At safepoint: 6300 ns, Total: 176100 ns
[2020-10-05T09:06:23.946+0000][34308][safepoint    ] Safepoint "Cleanup", Time since last: 1000456600 ns, Reaching safepoint: 136300 ns, At safepoint: 9800 ns, Total: 146100 ns
[2020-10-05T09:06:24.946+0000][34308][safepoint    ] Safepoint "Cleanup", Time since last: 1000439900 ns, Reaching safepoint: 136500 ns, At safepoint: 10700 ns, Total: 147200 ns
[2020-10-05T09:06:26.334+0000][34308][safepoint    ] Safepoint "Cleanup", Time since last: 1387363400 ns, Reaching safepoint: 133700 ns, At safepoint: 7900 ns, Total: 141600 ns
[2020-10-05T09:06:27.335+0000][34308][safepoint    ] Safepoint "Cleanup", Time since last: 1000832900 ns, Reaching safepoint: 122200 ns, At safepoint: 9100 ns, Total: 131300 ns
[2020-10-05T09:06:28.335+0000][34308][safepoint    ] Safepoint "Cleanup", Time since last: 1000015000 ns, Reaching safepoint: 120700 ns, At safepoint: 9200 ns, Total: 129900 ns
[2020-10-05T09:06:29.336+0000][34308][safepoint    ] Safepoint "Cleanup", Time since last: 1000863800 ns, Reaching safepoint: 105000 ns, At safepoint: 5800 ns, Total: 110800 ns
[2020-10-05T09:06:30.337+0000][34308][safepoint    ] Safepoint "Cleanup", Time since last: 1000599300 ns, Reaching safepoint: 127300 ns, At safepoint: 7800 ns, Total: 135100 ns
[2020-10-05T09:06:31.337+0000][34308][safepoint    ] Safepoint "Cleanup", Time since last: 1000271300 ns, Reaching safepoint: 634800 ns, At safepoint: 20700 ns, Total: 655500 ns
[2020-10-05T09:06:33.338+0000][34308][safepoint    ] Safepoint "Cleanup", Time since last: 2000398600 ns, Reaching safepoint: 124200 ns, At safepoint: 34000 ns, Total: 158200 ns
[2020-10-05T09:06:35.339+0000][34308][safepoint    ] Safepoint "Cleanup", Time since last: 2000299100 ns, Reaching safepoint: 144000 ns, At safepoint: 7900 ns, Total: 151900 ns
[2020-10-05T09:06:37.339+0000][34308][safepoint    ] Safepoint "Cleanup", Time since last: 2000267000 ns, Reaching safepoint: 109800 ns, At safepoint: 4700 ns, Total: 114500 ns
[2020-10-05T09:06:39.340+0000][34308][safepoint    ] Safepoint "Cleanup", Time since last: 2000490900 ns, Reaching safepoint: 143200 ns, At safepoint: 9100 ns, Total: 152300 ns
[2020-10-05T09:06:40.341+0000][34308][safepoint    ] Safepoint "Cleanup", Time since last: 1000860500 ns, Reaching safepoint: 143600 ns, At safepoint: 10500 ns, Total: 154100 ns
[2020-10-05T09:06:44.573+0000][34308][safepoint    ] Safepoint "Cleanup", Time since last: 4232428800 ns, Reaching safepoint: 118600 ns, At safepoint: 17200 ns, Total: 135800 ns
[2020-10-05T09:06:45.579+0000][34308][safepoint    ] Safepoint "Cleanup", Time since last: 1005672600 ns, Reaching safepoint: 180900 ns, At safepoint: 516200 ns, Total: 697100 ns
[2020-10-05T09:06:45.996+0000][34308][safepoint    ] Safepoint "BulkRevokeBias", Time since last: 413691800 ns, Reaching safepoint: 188900 ns, At safepoint: 2140900 ns, Total: 2329800 ns
[2020-10-05T09:06:47.006+0000][34308][safepoint    ] Safepoint "Cleanup", Time since last: 1009742200 ns, Reaching safepoint: 172700 ns, At safepoint: 12000 ns, Total: 184700 ns
[2020-10-05T09:06:49.006+0000][34308][safepoint    ] Safepoint "Cleanup", Time since last: 1999900500 ns, Reaching safepoint: 287500 ns, At safepoint: 11800 ns, Total: 299300 ns
[2020-10-05T09:06:50.006+0000][34308][safepoint    ] Safepoint "Cleanup", Time since last: 1000349500 ns, Reaching safepoint: 169600 ns, At safepoint: 12700 ns, Total: 182300 ns
[2020-10-05T09:06:52.007+0000][34308][safepoint    ] Safepoint "Cleanup", Time since last: 2000762900 ns, Reaching safepoint: 275300 ns, At safepoint: 13100 ns, Total: 288400 ns
[2020-10-05T09:06:54.008+0000][34308][safepoint    ] Safepoint "Cleanup", Time since last: 2000501000 ns, Reaching safepoint: 204000 ns, At safepoint: 11600 ns, Total: 215600 ns
[2020-10-05T09:06:55.008+0000][34308][safepoint    ] Safepoint "Cleanup", Time since last: 1000218200 ns, Reaching safepoint: 234500 ns, At safepoint: 8700 ns, Total: 243200 ns
[2020-10-05T09:06:56.009+0000][34308][safepoint    ] Safepoint "Cleanup", Time since last: 1000307600 ns, Reaching safepoint: 135500 ns, At safepoint: 15300 ns, Total: 150800 ns
[2020-10-05T09:06:57.009+0000][34308][safepoint    ] Safepoint "Cleanup", Time since last: 1000101600 ns, Reaching safepoint: 123300 ns, At safepoint: 6500 ns, Total: 129800 ns
[2020-10-05T09:06:58.010+0000][34308][safepoint    ] Safepoint "Cleanup", Time since last: 1000243000 ns, Reaching safepoint: 222600 ns, At safepoint: 7300 ns, Total: 229900 ns
[2020-10-05T09:07:00.010+0000][34308][safepoint    ] Safepoint "Cleanup", Time since last: 2000427600 ns, Reaching safepoint: 140300 ns, At safepoint: 8100 ns, Total: 148400 ns
[2020-10-05T09:07:01.011+0000][34308][safepoint    ] Safepoint "Cleanup", Time since last: 1000172500 ns, Reaching safepoint: 139100 ns, At safepoint: 6600 ns, Total: 145700 ns
[2020-10-05T09:07:02.011+0000][34308][safepoint    ] Safepoint "Cleanup", Time since last: 1000577500 ns, Reaching safepoint: 109200 ns, At safepoint: 4800 ns, Total: 114000 ns
[2020-10-05T09:07:03.012+0000][34308][safepoint    ] Safepoint "Cleanup", Time since last: 1000638200 ns, Reaching safepoint: 213800 ns, At safepoint: 10600 ns, Total: 224400 ns
[2020-10-05T09:07:04.013+0000][34308][safepoint    ] Safepoint "Cleanup", Time since last: 1000572500 ns, Reaching safepoint: 219900 ns, At safepoint: 13300 ns, Total: 233200 ns
[2020-10-05T09:07:05.013+0000][34308][safepoint    ] Safepoint "Cleanup", Time since last: 1000006900 ns, Reaching safepoint: 178000 ns, At safepoint: 15700 ns, Total: 193700 ns
[2020-10-05T09:07:07.013+0000][34308][safepoint    ] Safepoint "Cleanup", Time since last: 2000048400 ns, Reaching safepoint: 176100 ns, At safepoint: 14100 ns, Total: 190200 ns
[2020-10-05T09:07:08.014+0000][34308][safepoint    ] Safepoint "Cleanup", Time since last: 1000507100 ns, Reaching safepoint: 178400 ns, At safepoint: 10000 ns, Total: 188400 ns
[2020-10-05T09:07:09.015+0000][34308][safepoint    ] Safepoint "Cleanup", Time since last: 1000339500 ns, Reaching safepoint: 179500 ns, At safepoint: 11200 ns, Total: 190700 ns
[2020-10-05T09:07:10.015+0000][34308][safepoint    ] Safepoint "Cleanup", Time since last: 1000241800 ns, Reaching safepoint: 266300 ns, At safepoint: 20400 ns, Total: 286700 ns
[2020-10-05T09:07:12.016+0000][34308][safepoint    ] Safepoint "Cleanup", Time since last: 2000408900 ns, Reaching safepoint: 195400 ns, At safepoint: 15200 ns, Total: 210600 ns
[2020-10-05T09:07:14.016+0000][34308][safepoint    ] Safepoint "Cleanup", Time since last: 1999984800 ns, Reaching safepoint: 220300 ns, At safepoint: 14800 ns, Total: 235100 ns
[2020-10-05T09:07:16.016+0000][34308][safepoint    ] Safepoint "Cleanup", Time since last: 1999918800 ns, Reaching safepoint: 179000 ns, At safepoint: 13300 ns, Total: 192300 ns
[2020-10-05T09:07:17.017+0000][34308][safepoint    ] Safepoint "Cleanup", Time since last: 1000565700 ns, Reaching safepoint: 289500 ns, At safepoint: 16200 ns, Total: 305700 ns
[2020-10-05T09:07:19.017+0000][34308][safepoint    ] Safepoint "Cleanup", Time since last: 2000237600 ns, Reaching safepoint: 184900 ns, At safepoint: 13300 ns, Total: 198200 ns
[2020-10-05T09:07:20.018+0000][34308][safepoint    ] Safepoint "Cleanup", Time since last: 1000331500 ns, Reaching safepoint: 177700 ns, At safepoint: 10100 ns, Total: 187800 ns
[2020-10-05T09:07:21.945+0000][34308][safepoint    ] Safepoint "Cleanup", Time since last: 1926639100 ns, Reaching safepoint: 128600 ns, At safepoint: 6800 ns, Total: 135400 ns
[2020-10-05T09:07:22.945+0000][34308][safepoint    ] Safepoint "Cleanup", Time since last: 1000161300 ns, Reaching safepoint: 117600 ns, At safepoint: 6700 ns, Total: 124300 ns
[2020-10-05T09:07:23.945+0000][34308][safepoint    ] Safepoint "Cleanup", Time since last: 1000323800 ns, Reaching safepoint: 126700 ns, At safepoint: 7000 ns, Total: 133700 ns
[2020-10-05T09:07:24.946+0000][34308][safepoint    ] Safepoint "Cleanup", Time since last: 1000324600 ns, Reaching safepoint: 140900 ns, At safepoint: 4700 ns, Total: 145600 ns
[2020-10-05T09:07:25.953+0000][34308][safepoint    ] Safepoint "Cleanup", Time since last: 1007222400 ns, Reaching safepoint: 170400 ns, At safepoint: 27600 ns, Total: 198000 ns
[2020-10-05T09:07:27.490+0000][34308][safepoint    ] Safepoint "Cleanup", Time since last: 1536107800 ns, Reaching safepoint: 178500 ns, At safepoint: 7500 ns, Total: 186000 ns
[2020-10-05T09:07:28.490+0000][34308][safepoint    ] Safepoint "Cleanup", Time since last: 1000181000 ns, Reaching safepoint: 118000 ns, At safepoint: 7100 ns, Total: 125100 ns
[2020-10-05T09:07:29.491+0000][34308][safepoint    ] Safepoint "Cleanup", Time since last: 1000718600 ns, Reaching safepoint: 104400 ns, At safepoint: 5000 ns, Total: 109400 ns
[2020-10-05T09:07:30.491+0000][34308][safepoint    ] Safepoint "Cleanup", Time since last: 1000481100 ns, Reaching safepoint: 129000 ns, At safepoint: 7400 ns, Total: 136400 ns
[2020-10-05T09:07:31.492+0000][34308][safepoint    ] Safepoint "Cleanup", Time since last: 1000135800 ns, Reaching safepoint: 130400 ns, At safepoint: 8100 ns, Total: 138500 ns
[2020-10-05T09:07:32.493+0000][34308][safepoint    ] Safepoint "Cleanup", Time since last: 1000754500 ns, Reaching safepoint: 105800 ns, At safepoint: 12100 ns, Total: 117900 ns
[2020-10-05T09:07:33.493+0000][34308][safepoint    ] Safepoint "Cleanup", Time since last: 1000077500 ns, Reaching safepoint: 105100 ns, At safepoint: 6100 ns, Total: 111200 ns
[2020-10-05T09:07:34.493+0000][34308][safepoint    ] Safepoint "Cleanup", Time since last: 1000105000 ns, Reaching safepoint: 101900 ns, At safepoint: 3000 ns, Total: 104900 ns
[2020-10-05T09:07:35.494+0000][34308][safepoint    ] Safepoint "Cleanup", Time since last: 1000424500 ns, Reaching safepoint: 128200 ns, At safepoint: 6600 ns, Total: 134800 ns
[2020-10-05T09:07:36.494+0000][34308][safepoint    ] Safepoint "Cleanup", Time since last: 1000363400 ns, Reaching safepoint: 113800 ns, At safepoint: 5000 ns, Total: 118800 ns
[2020-10-05T09:07:37.495+0000][34308][safepoint    ] Safepoint "Cleanup", Time since last: 1000730600 ns, Reaching safepoint: 227800 ns, At safepoint: 13000 ns, Total: 240800 ns
[2020-10-05T09:07:38.496+0000][34308][safepoint    ] Safepoint "Cleanup", Time since last: 1000615600 ns, Reaching safepoint: 145500 ns, At safepoint: 18200 ns, Total: 163700 ns
[2020-10-05T09:07:39.496+0000][34308][safepoint    ] Safepoint "Cleanup", Time since last: 1000249700 ns, Reaching safepoint: 105000 ns, At safepoint: 4000 ns, Total: 109000 ns
[2020-10-05T09:07:40.497+0000][34308][safepoint    ] Safepoint "Cleanup", Time since last: 1000302900 ns, Reaching safepoint: 153900 ns, At safepoint: 8000 ns, Total: 161900 ns
[2020-10-05T09:07:41.497+0000][34308][safepoint    ] Safepoint "Cleanup", Time since last: 1000153000 ns, Reaching safepoint: 134500 ns, At safepoint: 7500 ns, Total: 142000 ns
[2020-10-05T09:07:42.497+0000][34308][safepoint    ] Safepoint "Cleanup", Time since last: 1000465300 ns, Reaching safepoint: 134300 ns, At safepoint: 9300 ns, Total: 143600 ns
[2020-10-05T09:07:43.498+0000][34308][safepoint    ] Safepoint "Cleanup", Time since last: 1000614700 ns, Reaching safepoint: 132900 ns, At safepoint: 7400 ns, Total: 140300 ns
[2020-10-05T09:07:45.490+0000][34308][safepoint    ] Safepoint "Cleanup", Time since last: 1991366100 ns, Reaching safepoint: 178200 ns, At safepoint: 22800 ns, Total: 201000 ns
[2020-10-05T09:07:46.490+0000][34308][safepoint    ] Safepoint "Cleanup", Time since last: 1000410900 ns, Reaching safepoint: 256900 ns, At safepoint: 24900 ns, Total: 281800 ns
[2020-10-05T09:07:48.491+0000][34308][safepoint    ] Safepoint "Cleanup", Time since last: 2000786400 ns, Reaching safepoint: 124000 ns, At safepoint: 8100 ns, Total: 132100 ns
[2020-10-05T09:07:49.492+0000][34308][safepoint    ] Safepoint "Cleanup", Time since last: 1000632800 ns, Reaching safepoint: 158100 ns, At safepoint: 9300 ns, Total: 167400 ns
[2020-10-05T09:07:50.493+0000][34308][safepoint    ] Safepoint "Cleanup", Time since last: 1000553700 ns, Reaching safepoint: 118000 ns, At safepoint: 8400 ns, Total: 126400 ns
[2020-10-05T09:07:51.494+0000][34308][safepoint    ] Safepoint "Cleanup", Time since last: 1000337000 ns, Reaching safepoint: 143000 ns, At safepoint: 21600 ns, Total: 164600 ns
[2020-10-05T09:07:52.494+0000][34308][safepoint    ] Safepoint "Cleanup", Time since last: 1000006100 ns, Reaching safepoint: 110400 ns, At safepoint: 7300 ns, Total: 117700 ns
[2020-10-05T09:07:53.494+0000][34308][safepoint    ] Safepoint "Cleanup", Time since last: 1000556800 ns, Reaching safepoint: 96300 ns, At safepoint: 3700 ns, Total: 100000 ns
[2020-10-05T09:07:54.495+0000][34308][safepoint    ] Safepoint "Cleanup", Time since last: 1000211300 ns, Reaching safepoint: 136700 ns, At safepoint: 7200 ns, Total: 143900 ns
[2020-10-05T09:07:55.496+0000][34308][safepoint    ] Safepoint "Cleanup", Time since last: 1000844200 ns, Reaching safepoint: 139100 ns, At safepoint: 7800 ns, Total: 146900 ns
[2020-10-05T09:07:56.496+0000][34308][safepoint    ] Safepoint "Cleanup", Time since last: 1000759700 ns, Reaching safepoint: 116400 ns, At safepoint: 4200 ns, Total: 120600 ns
[2020-10-05T09:07:57.497+0000][34308][safepoint    ] Safepoint "Cleanup", Time since last: 1000073400 ns, Reaching safepoint: 119000 ns, At safepoint: 6600 ns, Total: 125600 ns
[2020-10-05T09:07:58.498+0000][34308][safepoint    ] Safepoint "Cleanup", Time since last: 1000792400 ns, Reaching safepoint: 110600 ns, At safepoint: 5500 ns, Total: 116100 ns
[2020-10-05T09:07:59.498+0000][34308][safepoint    ] Safepoint "Cleanup", Time since last: 1000569100 ns, Reaching safepoint: 126500 ns, At safepoint: 7800 ns, Total: 134300 ns
[2020-10-05T09:08:00.499+0000][34308][safepoint    ] Safepoint "Cleanup", Time since last: 1000571400 ns, Reaching safepoint: 127400 ns, At safepoint: 11700 ns, Total: 139100 ns
[2020-10-05T09:08:01.500+0000][34308][safepoint    ] Safepoint "Cleanup", Time since last: 1000610300 ns, Reaching safepoint: 275900 ns, At safepoint: 8200 ns, Total: 284100 ns
[2020-10-05T09:08:03.501+0000][34308][safepoint    ] Safepoint "Cleanup", Time since last: 2000525800 ns, Reaching safepoint: 149300 ns, At safepoint: 6900 ns, Total: 156200 ns
[2020-10-05T09:08:04.502+0000][34308][safepoint    ] Safepoint "Cleanup", Time since last: 1000854000 ns, Reaching safepoint: 127900 ns, At safepoint: 5900 ns, Total: 133800 ns
[2020-10-05T09:08:05.502+0000][34308][safepoint    ] Safepoint "Cleanup", Time since last: 1000533100 ns, Reaching safepoint: 123700 ns, At safepoint: 7200 ns, Total: 130900 ns
[2020-10-05T09:08:06.503+0000][34308][safepoint    ] Safepoint "Cleanup", Time since last: 1000222900 ns, Reaching safepoint: 146200 ns, At safepoint: 8600 ns, Total: 154800 ns
[2020-10-05T09:08:07.503+0000][34308][safepoint    ] Safepoint "Cleanup", Time since last: 1000644000 ns, Reaching safepoint: 99100 ns, At safepoint: 6600 ns, Total: 105700 ns
[2020-10-05T09:08:08.504+0000][34308][safepoint    ] Safepoint "Cleanup", Time since last: 1000697900 ns, Reaching safepoint: 120200 ns, At safepoint: 8600 ns, Total: 128800 ns
[2020-10-05T09:08:10.505+0000][34308][safepoint    ] Safepoint "Cleanup", Time since last: 2000524700 ns, Reaching safepoint: 88600 ns, At safepoint: 3600 ns, Total: 92200 ns
[2020-10-05T09:08:11.505+0000][34308][safepoint    ] Safepoint "Cleanup", Time since last: 1000287100 ns, Reaching safepoint: 154200 ns, At safepoint: 7900 ns, Total: 162100 ns
[2020-10-05T09:08:12.506+0000][34308][safepoint    ] Safepoint "Cleanup", Time since last: 1000257600 ns, Reaching safepoint: 141500 ns, At safepoint: 8400 ns, Total: 149900 ns
[2020-10-05T09:08:13.507+0000][34308][safepoint    ] Safepoint "Cleanup", Time since last: 1000791400 ns, Reaching safepoint: 144300 ns, At safepoint: 7800 ns, Total: 152100 ns
[2020-10-05T09:08:14.507+0000][34308][safepoint    ] Safepoint "Cleanup", Time since last: 1000287800 ns, Reaching safepoint: 127700 ns, At safepoint: 7700 ns, Total: 135400 ns
[2020-10-05T09:08:15.507+0000][34308][safepoint    ] Safepoint "Cleanup", Time since last: 1000284700 ns, Reaching safepoint: 127100 ns, At safepoint: 4400 ns, Total: 131500 ns
[2020-10-05T09:08:16.508+0000][34308][safepoint    ] Safepoint "Cleanup", Time since last: 1000107300 ns, Reaching safepoint: 130400 ns, At safepoint: 8900 ns, Total: 139300 ns
[2020-10-05T09:08:17.509+0000][34308][safepoint    ] Safepoint "Cleanup", Time since last: 1000734900 ns, Reaching safepoint: 136200 ns, At safepoint: 9300 ns, Total: 145500 ns
[2020-10-05T09:08:18.509+0000][34308][safepoint    ] Safepoint "Cleanup", Time since last: 1000734800 ns, Reaching safepoint: 130100 ns, At safepoint: 8400 ns, Total: 138500 ns
[2020-10-05T09:08:19.510+0000][34308][safepoint    ] Safepoint "Cleanup", Time since last: 1000403000 ns, Reaching safepoint: 137900 ns, At safepoint: 6100 ns, Total: 144000 ns
[2020-10-05T09:08:20.511+0000][34308][safepoint    ] Safepoint "Cleanup", Time since last: 1000459900 ns, Reaching safepoint: 144800 ns, At safepoint: 5900 ns, Total: 150700 ns
[2020-10-05T09:08:21.512+0000][34308][safepoint    ] Safepoint "Cleanup", Time since last: 1000845600 ns, Reaching safepoint: 109400 ns, At safepoint: 6100 ns, Total: 115500 ns
[2020-10-05T09:08:22.512+0000][34308][safepoint    ] Safepoint "Cleanup", Time since last: 1000073700 ns, Reaching safepoint: 99600 ns, At safepoint: 3600 ns, Total: 103200 ns
[2020-10-05T09:08:23.513+0000][34308][safepoint    ] Safepoint "Cleanup", Time since last: 1000762200 ns, Reaching safepoint: 148500 ns, At safepoint: 8100 ns, Total: 156600 ns
[2020-10-05T09:08:24.513+0000][34308][safepoint    ] Safepoint "Cleanup", Time since last: 1000618100 ns, Reaching safepoint: 150200 ns, At safepoint: 7900 ns, Total: 158100 ns
[2020-10-05T09:08:25.514+0000][34308][safepoint    ] Safepoint "Cleanup", Time since last: 1000624100 ns, Reaching safepoint: 113500 ns, At safepoint: 8600 ns, Total: 122100 ns
[2020-10-05T09:08:27.514+0000][34308][safepoint    ] Safepoint "Cleanup", Time since last: 2000133600 ns, Reaching safepoint: 128300 ns, At safepoint: 3900 ns, Total: 132200 ns
[2020-10-05T09:08:28.515+0000][34308][safepoint    ] Safepoint "Cleanup", Time since last: 1000790600 ns, Reaching safepoint: 151100 ns, At safepoint: 7800 ns, Total: 158900 ns
[2020-10-05T09:08:30.516+0000][34308][safepoint    ] Safepoint "Cleanup", Time since last: 2000695500 ns, Reaching safepoint: 138300 ns, At safepoint: 8200 ns, Total: 146500 ns
[2020-10-05T09:08:31.577+0000][34308][safepoint    ] Safepoint "Cleanup", Time since last: 1060628800 ns, Reaching safepoint: 135500 ns, At safepoint: 8700 ns, Total: 144200 ns
[2020-10-05T09:08:32.577+0000][34308][safepoint    ] Safepoint "Cleanup", Time since last: 1000275200 ns, Reaching safepoint: 118300 ns, At safepoint: 7700 ns, Total: 126000 ns
[2020-10-05T09:08:34.578+0000][34308][safepoint    ] Safepoint "Cleanup", Time since last: 2000344100 ns, Reaching safepoint: 155200 ns, At safepoint: 7800 ns, Total: 163000 ns
[2020-10-05T09:08:35.579+0000][34308][safepoint    ] Safepoint "Cleanup", Time since last: 1000551400 ns, Reaching safepoint: 144500 ns, At safepoint: 9900 ns, Total: 154400 ns
[2020-10-05T09:08:36.579+0000][34308][safepoint    ] Safepoint "Cleanup", Time since last: 1000174000 ns, Reaching safepoint: 129000 ns, At safepoint: 7300 ns, Total: 136300 ns
[2020-10-05T09:08:37.580+0000][34308][safepoint    ] Safepoint "Cleanup", Time since last: 1000693700 ns, Reaching safepoint: 249900 ns, At safepoint: 23800 ns, Total: 273700 ns
[2020-10-05T09:08:38.580+0000][34308][safepoint    ] Safepoint "Cleanup", Time since last: 1000225100 ns, Reaching safepoint: 181200 ns, At safepoint: 8700 ns, Total: 189900 ns
[2020-10-05T09:08:39.581+0000][34308][safepoint    ] Safepoint "Cleanup", Time since last: 1000226700 ns, Reaching safepoint: 114800 ns, At safepoint: 5100 ns, Total: 119900 ns
[2020-10-05T09:08:40.582+0000][34308][safepoint    ] Safepoint "Cleanup", Time since last: 1000704500 ns, Reaching safepoint: 145700 ns, At safepoint: 35000 ns, Total: 180700 ns
[2020-10-05T09:08:42.582+0000][34308][safepoint    ] Safepoint "Cleanup", Time since last: 1999941100 ns, Reaching safepoint: 124600 ns, At safepoint: 6900 ns, Total: 131500 ns
[2020-10-05T09:08:43.582+0000][34308][safepoint    ] Safepoint "Cleanup", Time since last: 1000655500 ns, Reaching safepoint: 133200 ns, At safepoint: 7200 ns, Total: 140400 ns
[2020-10-05T09:08:45.583+0000][34308][safepoint    ] Safepoint "Cleanup", Time since last: 2000158300 ns, Reaching safepoint: 130900 ns, At safepoint: 6800 ns, Total: 137700 ns
[2020-10-05T09:08:46.583+0000][34308][safepoint    ] Safepoint "Cleanup", Time since last: 1000323000 ns, Reaching safepoint: 103200 ns, At safepoint: 10700 ns, Total: 113900 ns
[2020-10-05T09:08:47.584+0000][34308][safepoint    ] Safepoint "Cleanup", Time since last: 1000195900 ns, Reaching safepoint: 120400 ns, At safepoint: 8700 ns, Total: 129100 ns
[2020-10-05T09:08:48.584+0000][34308][safepoint    ] Safepoint "Cleanup", Time since last: 1000234700 ns, Reaching safepoint: 117300 ns, At safepoint: 6700 ns, Total: 124000 ns
[2020-10-05T09:08:49.584+0000][34308][safepoint    ] Safepoint "Cleanup", Time since last: 1000137000 ns, Reaching safepoint: 135900 ns, At safepoint: 5400 ns, Total: 141300 ns
[2020-10-05T09:08:50.585+0000][34308][safepoint    ] Safepoint "Cleanup", Time since last: 1000298500 ns, Reaching safepoint: 130500 ns, At safepoint: 6700 ns, Total: 137200 ns
[2020-10-05T09:08:51.586+0000][34308][safepoint    ] Safepoint "Cleanup", Time since last: 1000860800 ns, Reaching safepoint: 117100 ns, At safepoint: 7600 ns, Total: 124700 ns
[2020-10-05T09:08:53.586+0000][34308][safepoint    ] Safepoint "Cleanup", Time since last: 2000651600 ns, Reaching safepoint: 110000 ns, At safepoint: 4400 ns, Total: 114400 ns
[2020-10-05T09:08:54.587+0000][34308][safepoint    ] Safepoint "Cleanup", Time since last: 1000796800 ns, Reaching safepoint: 158800 ns, At safepoint: 9300 ns, Total: 168100 ns
[2020-10-05T09:08:55.588+0000][34308][safepoint    ] Safepoint "Cleanup", Time since last: 1000421400 ns, Reaching safepoint: 126800 ns, At safepoint: 8100 ns, Total: 134900 ns
[2020-10-05T09:08:56.588+0000][34308][safepoint    ] Safepoint "Cleanup", Time since last: 1000065100 ns, Reaching safepoint: 119100 ns, At safepoint: 9000 ns, Total: 128100 ns
[2020-10-05T09:08:57.589+0000][34308][safepoint    ] Safepoint "Cleanup", Time since last: 1000840200 ns, Reaching safepoint: 130000 ns, At safepoint: 8900 ns, Total: 138900 ns
[2020-10-05T09:08:58.590+0000][34308][safepoint    ] Safepoint "Cleanup", Time since last: 1000701500 ns, Reaching safepoint: 198400 ns, At safepoint: 7700 ns, Total: 206100 ns
[2020-10-05T09:08:59.590+0000][34308][safepoint    ] Safepoint "Cleanup", Time since last: 1000275300 ns, Reaching safepoint: 137000 ns, At safepoint: 24200 ns, Total: 161200 ns
[2020-10-05T09:09:01.591+0000][34308][safepoint    ] Safepoint "Cleanup", Time since last: 2000906000 ns, Reaching safepoint: 208700 ns, At safepoint: 9000 ns, Total: 217700 ns
[2020-10-05T09:09:02.592+0000][34308][safepoint    ] Safepoint "Cleanup", Time since last: 1000421400 ns, Reaching safepoint: 115300 ns, At safepoint: 5500 ns, Total: 120800 ns
[2020-10-05T09:09:03.593+0000][34308][safepoint    ] Safepoint "Cleanup", Time since last: 1000451800 ns, Reaching safepoint: 147000 ns, At safepoint: 9900 ns, Total: 156900 ns
[2020-10-05T09:09:05.593+0000][34308][safepoint    ] Safepoint "Cleanup", Time since last: 1999941200 ns, Reaching safepoint: 141400 ns, At safepoint: 7000 ns, Total: 148400 ns
[2020-10-05T09:09:06.594+0000][34308][safepoint    ] Safepoint "Cleanup", Time since last: 1000853300 ns, Reaching safepoint: 123500 ns, At safepoint: 6300 ns, Total: 129800 ns
[2020-10-05T09:09:07.594+0000][34308][safepoint    ] Safepoint "Cleanup", Time since last: 1000330300 ns, Reaching safepoint: 112900 ns, At safepoint: 7100 ns, Total: 120000 ns
[2020-10-05T09:09:08.595+0000][34308][safepoint    ] Safepoint "Cleanup", Time since last: 1000336000 ns, Reaching safepoint: 110400 ns, At safepoint: 8600 ns, Total: 119000 ns
[2020-10-05T09:09:09.595+0000][34308][safepoint    ] Safepoint "Cleanup", Time since last: 1000612900 ns, Reaching safepoint: 113000 ns, At safepoint: 17400 ns, Total: 130400 ns
[2020-10-05T09:09:10.596+0000][34308][safepoint    ] Safepoint "Cleanup", Time since last: 1000622900 ns, Reaching safepoint: 139700 ns, At safepoint: 7500 ns, Total: 147200 ns
[2020-10-05T09:09:11.597+0000][34308][safepoint    ] Safepoint "Cleanup", Time since last: 1000246500 ns, Reaching safepoint: 131200 ns, At safepoint: 4700 ns, Total: 135900 ns
[2020-10-05T09:09:12.597+0000][34308][safepoint    ] Safepoint "Cleanup", Time since last: 1000681900 ns, Reaching safepoint: 105900 ns, At safepoint: 3800 ns, Total: 109700 ns
[2020-10-05T09:09:13.598+0000][34308][safepoint    ] Safepoint "Cleanup", Time since last: 1000056600 ns, Reaching safepoint: 191700 ns, At safepoint: 11300 ns, Total: 203000 ns
[2020-10-05T09:09:14.598+0000][34308][safepoint    ] Safepoint "Cleanup", Time since last: 1000129600 ns, Reaching safepoint: 138500 ns, At safepoint: 8400 ns, Total: 146900 ns
[2020-10-05T09:09:15.599+0000][34308][safepoint    ] Safepoint "Cleanup", Time since last: 1000694900 ns, Reaching safepoint: 139300 ns, At safepoint: 8300 ns, Total: 147600 ns
[2020-10-05T09:09:16.600+0000][34308][safepoint    ] Safepoint "Cleanup", Time since last: 1000784500 ns, Reaching safepoint: 150000 ns, At safepoint: 4900 ns, Total: 154900 ns
[2020-10-05T09:09:17.600+0000][34308][safepoint    ] Safepoint "Cleanup", Time since last: 1000166100 ns, Reaching safepoint: 139700 ns, At safepoint: 8400 ns, Total: 148100 ns
[2020-10-05T09:09:18.601+0000][34308][safepoint    ] Safepoint "Cleanup", Time since last: 1000405500 ns, Reaching safepoint: 135400 ns, At safepoint: 9000 ns, Total: 144400 ns
[2020-10-05T09:09:20.601+0000][34308][safepoint    ] Safepoint "Cleanup", Time since last: 2000644800 ns, Reaching safepoint: 163400 ns, At safepoint: 7500 ns, Total: 170900 ns
[2020-10-05T09:09:21.957+0000][34308][safepoint    ] Safepoint "Cleanup", Time since last: 1355190500 ns, Reaching safepoint: 185000 ns, At safepoint: 8800 ns, Total: 193800 ns
[2020-10-05T09:09:23.957+0000][34308][safepoint    ] Safepoint "Cleanup", Time since last: 2000591800 ns, Reaching safepoint: 150400 ns, At safepoint: 9400 ns, Total: 159800 ns
[2020-10-05T09:09:25.958+0000][34308][safepoint    ] Safepoint "Cleanup", Time since last: 2000042000 ns, Reaching safepoint: 175000 ns, At safepoint: 10000 ns, Total: 185000 ns
[2020-10-05T09:09:26.959+0000][34308][safepoint    ] Safepoint "Cleanup", Time since last: 1000762400 ns, Reaching safepoint: 147000 ns, At safepoint: 9900 ns, Total: 156900 ns
[2020-10-05T09:09:27.959+0000][34308][safepoint    ] Safepoint "Cleanup", Time since last: 1000468800 ns, Reaching safepoint: 271400 ns, At safepoint: 28800 ns, Total: 300200 ns
[2020-10-05T09:09:28.960+0000][34308][safepoint    ] Safepoint "Cleanup", Time since last: 1000020200 ns, Reaching safepoint: 153800 ns, At safepoint: 11200 ns, Total: 165000 ns
[2020-10-05T09:09:29.960+0000][34308][safepoint    ] Safepoint "Cleanup", Time since last: 1000364500 ns, Reaching safepoint: 126700 ns, At safepoint: 9100 ns, Total: 135800 ns
[2020-10-05T09:09:30.960+0000][34308][safepoint    ] Safepoint "Cleanup", Time since last: 1000081900 ns, Reaching safepoint: 110400 ns, At safepoint: 5700 ns, Total: 116100 ns
[2020-10-05T09:09:31.960+0000][34308][safepoint    ] Safepoint "Cleanup", Time since last: 1000038200 ns, Reaching safepoint: 122100 ns, At safepoint: 9600 ns, Total: 131700 ns
[2020-10-05T09:09:33.961+0000][34308][safepoint    ] Safepoint "Cleanup", Time since last: 2000129700 ns, Reaching safepoint: 120500 ns, At safepoint: 19500 ns, Total: 140000 ns
[2020-10-05T09:09:34.961+0000][34308][safepoint    ] Safepoint "Cleanup", Time since last: 1000583400 ns, Reaching safepoint: 234700 ns, At safepoint: 12700 ns, Total: 247400 ns
[2020-10-05T09:09:35.962+0000][34308][safepoint    ] Safepoint "Cleanup", Time since last: 1000531200 ns, Reaching safepoint: 180800 ns, At safepoint: 10100 ns, Total: 190900 ns
[2020-10-05T09:09:37.963+0000][34308][safepoint    ] Safepoint "Cleanup", Time since last: 2000833300 ns, Reaching safepoint: 129500 ns, At safepoint: 8500 ns, Total: 138000 ns
[2020-10-05T09:09:38.964+0000][34308][safepoint    ] Safepoint "Cleanup", Time since last: 1000450500 ns, Reaching safepoint: 125900 ns, At safepoint: 8500 ns, Total: 134400 ns
[2020-10-05T09:09:39.965+0000][34308][safepoint    ] Safepoint "Cleanup", Time since last: 1000807000 ns, Reaching safepoint: 172300 ns, At safepoint: 10700 ns, Total: 183000 ns
[2020-10-05T09:09:40.965+0000][34308][safepoint    ] Safepoint "Cleanup", Time since last: 1000018000 ns, Reaching safepoint: 196800 ns, At safepoint: 11300 ns, Total: 208100 ns
[2020-10-05T09:09:41.966+0000][34308][safepoint    ] Safepoint "Cleanup", Time since last: 1000592200 ns, Reaching safepoint: 125600 ns, At safepoint: 9900 ns, Total: 135500 ns
[2020-10-05T09:09:42.966+0000][34308][safepoint    ] Safepoint "Cleanup", Time since last: 1000458900 ns, Reaching safepoint: 150200 ns, At safepoint: 8100 ns, Total: 158300 ns
[2020-10-05T09:09:43.967+0000][34308][safepoint    ] Safepoint "Cleanup", Time since last: 1000091100 ns, Reaching safepoint: 147800 ns, At safepoint: 19300 ns, Total: 167100 ns
[2020-10-05T09:09:44.967+0000][34308][safepoint    ] Safepoint "Cleanup", Time since last: 1000443900 ns, Reaching safepoint: 134800 ns, At safepoint: 8000 ns, Total: 142800 ns
[2020-10-05T09:09:45.968+0000][34308][safepoint    ] Safepoint "Cleanup", Time since last: 1000253700 ns, Reaching safepoint: 147100 ns, At safepoint: 8300 ns, Total: 155400 ns
[2020-10-05T09:09:47.968+0000][34308][safepoint    ] Safepoint "Cleanup", Time since last: 2000067200 ns, Reaching safepoint: 154000 ns, At safepoint: 10400 ns, Total: 164400 ns
[2020-10-05T09:09:48.968+0000][34308][safepoint    ] Safepoint "Cleanup", Time since last: 1000125800 ns, Reaching safepoint: 144300 ns, At safepoint: 9600 ns, Total: 153900 ns
[2020-10-05T09:09:49.969+0000][34308][safepoint    ] Safepoint "Cleanup", Time since last: 1000308700 ns, Reaching safepoint: 129400 ns, At safepoint: 9100 ns, Total: 138500 ns
[2020-10-05T09:09:50.969+0000][34308][safepoint    ] Safepoint "Cleanup", Time since last: 1000434700 ns, Reaching safepoint: 122000 ns, At safepoint: 7600 ns, Total: 129600 ns
[2020-10-05T09:09:51.969+0000][34308][safepoint    ] Safepoint "Cleanup", Time since last: 1000170300 ns, Reaching safepoint: 141600 ns, At safepoint: 8900 ns, Total: 150500 ns
[2020-10-05T09:09:53.970+0000][34308][safepoint    ] Safepoint "Cleanup", Time since last: 2000673700 ns, Reaching safepoint: 119500 ns, At safepoint: 8300 ns, Total: 127800 ns
[2020-10-05T09:09:54.971+0000][34308][safepoint    ] Safepoint "Cleanup", Time since last: 1000364200 ns, Reaching safepoint: 156500 ns, At safepoint: 7900 ns, Total: 164400 ns
[2020-10-05T09:09:55.972+0000][34308][safepoint    ] Safepoint "Cleanup", Time since last: 1000810100 ns, Reaching safepoint: 108600 ns, At safepoint: 8400 ns, Total: 117000 ns
[2020-10-05T09:09:57.972+0000][34308][safepoint    ] Safepoint "Cleanup", Time since last: 2000320500 ns, Reaching safepoint: 117500 ns, At safepoint: 8100 ns, Total: 125600 ns
[2020-10-05T09:09:58.973+0000][34308][safepoint    ] Safepoint "Cleanup", Time since last: 1000504100 ns, Reaching safepoint: 120100 ns, At safepoint: 6100 ns, Total: 126200 ns
[2020-10-05T09:09:59.974+0000][34308][safepoint    ] Safepoint "Cleanup", Time since last: 1000574700 ns, Reaching safepoint: 126900 ns, At safepoint: 9600 ns, Total: 136500 ns
[2020-10-05T09:10:00.974+0000][34308][safepoint    ] Safepoint "Cleanup", Time since last: 1000118500 ns, Reaching safepoint: 109600 ns, At safepoint: 7500 ns, Total: 117100 ns
[2020-10-05T09:10:02.974+0000][34308][safepoint    ] Safepoint "Cleanup", Time since last: 2000285400 ns, Reaching safepoint: 98100 ns, At safepoint: 3100 ns, Total: 101200 ns
[2020-10-05T09:10:04.231+0000][34308][safepoint    ] Safepoint "Cleanup", Time since last: 1256810400 ns, Reaching safepoint: 129900 ns, At safepoint: 17700 ns, Total: 147600 ns
[2020-10-05T09:10:05.232+0000][34308][safepoint    ] Safepoint "Cleanup", Time since last: 1000390100 ns, Reaching safepoint: 97600 ns, At safepoint: 6300 ns, Total: 103900 ns
[2020-10-05T09:10:06.233+0000][34308][safepoint    ] Safepoint "Cleanup", Time since last: 1000897700 ns, Reaching safepoint: 117800 ns, At safepoint: 5600 ns, Total: 123400 ns
[2020-10-05T09:10:07.233+0000][34308][safepoint    ] Safepoint "Cleanup", Time since last: 1000240500 ns, Reaching safepoint: 105200 ns, At safepoint: 6200 ns, Total: 111400 ns
[2020-10-05T09:10:09.233+0000][34308][safepoint    ] Safepoint "Cleanup", Time since last: 2000199300 ns, Reaching safepoint: 142400 ns, At safepoint: 7700 ns, Total: 150100 ns
[2020-10-05T09:10:10.234+0000][34308][safepoint    ] Safepoint "Cleanup", Time since last: 1000089600 ns, Reaching safepoint: 155100 ns, At safepoint: 32000 ns, Total: 187100 ns
[2020-10-05T09:10:12.234+0000][34308][safepoint    ] Safepoint "Cleanup", Time since last: 2000458800 ns, Reaching safepoint: 118900 ns, At safepoint: 8100 ns, Total: 127000 ns
[2020-10-05T09:10:13.234+0000][34308][safepoint    ] Safepoint "Cleanup", Time since last: 1000046200 ns, Reaching safepoint: 109000 ns, At safepoint: 6300 ns, Total: 115300 ns
[2020-10-05T09:10:14.235+0000][34308][safepoint    ] Safepoint "Cleanup", Time since last: 1000252800 ns, Reaching safepoint: 118100 ns, At safepoint: 3100 ns, Total: 121200 ns
[2020-10-05T09:10:15.235+0000][34308][safepoint    ] Safepoint "Cleanup", Time since last: 1000029900 ns, Reaching safepoint: 126500 ns, At safepoint: 6400 ns, Total: 132900 ns
[2020-10-05T09:10:16.236+0000][34308][safepoint    ] Safepoint "Cleanup", Time since last: 1000449500 ns, Reaching safepoint: 120900 ns, At safepoint: 9500 ns, Total: 130400 ns
[2020-10-05T09:10:17.236+0000][34308][safepoint    ] Safepoint "Cleanup", Time since last: 1000412600 ns, Reaching safepoint: 330200 ns, At safepoint: 7900 ns, Total: 338100 ns
[2020-10-05T09:10:18.237+0000][34308][safepoint    ] Safepoint "Cleanup", Time since last: 1000438300 ns, Reaching safepoint: 142200 ns, At safepoint: 7200 ns, Total: 149400 ns
[2020-10-05T09:10:19.237+0000][34308][safepoint    ] Safepoint "Cleanup", Time since last: 1000617800 ns, Reaching safepoint: 170300 ns, At safepoint: 8900 ns, Total: 179200 ns
[2020-10-05T09:10:21.238+0000][34308][safepoint    ] Safepoint "Cleanup", Time since last: 2000531600 ns, Reaching safepoint: 151500 ns, At safepoint: 9600 ns, Total: 161100 ns
[2020-10-05T09:10:22.239+0000][34308][safepoint    ] Safepoint "Cleanup", Time since last: 1000762000 ns, Reaching safepoint: 216900 ns, At safepoint: 13900 ns, Total: 230800 ns
[2020-10-05T09:10:23.240+0000][34308][safepoint    ] Safepoint "Cleanup", Time since last: 1000639900 ns, Reaching safepoint: 152300 ns, At safepoint: 22300 ns, Total: 174600 ns
[2020-10-05T09:10:24.241+0000][34308][safepoint    ] Safepoint "Cleanup", Time since last: 1000553700 ns, Reaching safepoint: 275200 ns, At safepoint: 11800 ns, Total: 287000 ns
[2020-10-05T09:10:26.242+0000][34308][safepoint    ] Safepoint "Cleanup", Time since last: 2000810600 ns, Reaching safepoint: 334500 ns, At safepoint: 59000 ns, Total: 393500 ns
[2020-10-05T09:10:28.243+0000][34308][safepoint    ] Safepoint "Cleanup", Time since last: 2000581600 ns, Reaching safepoint: 119200 ns, At safepoint: 6700 ns, Total: 125900 ns
[2020-10-05T09:10:29.244+0000][34308][safepoint    ] Safepoint "Cleanup", Time since last: 1000516400 ns, Reaching safepoint: 128300 ns, At safepoint: 14200 ns, Total: 142500 ns
[2020-10-05T09:10:30.244+0000][34308][safepoint    ] Safepoint "Cleanup", Time since last: 1000256400 ns, Reaching safepoint: 106000 ns, At safepoint: 31000 ns, Total: 137000 ns
[2020-10-05T09:10:31.245+0000][34308][safepoint    ] Safepoint "Cleanup", Time since last: 1000595500 ns, Reaching safepoint: 140600 ns, At safepoint: 188100 ns, Total: 328700 ns
[2020-10-05T09:10:32.245+0000][34308][safepoint    ] Safepoint "Cleanup", Time since last: 1000021900 ns, Reaching safepoint: 209500 ns, At safepoint: 23200 ns, Total: 232700 ns
[2020-10-05T09:10:34.246+0000][34308][safepoint    ] Safepoint "Cleanup", Time since last: 2000512500 ns, Reaching safepoint: 116400 ns, At safepoint: 19200 ns, Total: 135600 ns
[2020-10-05T09:10:35.246+0000][34308][safepoint    ] Safepoint "Cleanup", Time since last: 1000326000 ns, Reaching safepoint: 135700 ns, At safepoint: 27500 ns, Total: 163200 ns
[2020-10-05T09:10:36.247+0000][34308][safepoint    ] Safepoint "Cleanup", Time since last: 1000550600 ns, Reaching safepoint: 145200 ns, At safepoint: 22100 ns, Total: 167300 ns
[2020-10-05T09:10:37.248+0000][34308][safepoint    ] Safepoint "Cleanup", Time since last: 1000853000 ns, Reaching safepoint: 136100 ns, At safepoint: 30600 ns, Total: 166700 ns
[2020-10-05T09:10:38.248+0000][34308][safepoint    ] Safepoint "Cleanup", Time since last: 1000071000 ns, Reaching safepoint: 286600 ns, At safepoint: 9400 ns, Total: 296000 ns
[2020-10-05T09:10:40.249+0000][34308][safepoint    ] Safepoint "Cleanup", Time since last: 2000619700 ns, Reaching safepoint: 114300 ns, At safepoint: 18800 ns, Total: 133100 ns
[2020-10-05T09:10:41.250+0000][34308][safepoint    ] Safepoint "Cleanup", Time since last: 1001139100 ns, Reaching safepoint: 259700 ns, At safepoint: 10300 ns, Total: 270000 ns
[2020-10-05T09:10:42.251+0000][34308][safepoint    ] Safepoint "Cleanup", Time since last: 1000343400 ns, Reaching safepoint: 246200 ns, At safepoint: 31000 ns, Total: 277200 ns
[2020-10-05T09:10:43.638+0000][34308][safepoint    ] Safepoint "Cleanup", Time since last: 1386300900 ns, Reaching safepoint: 162600 ns, At safepoint: 17800 ns, Total: 180400 ns
[2020-10-05T09:10:44.639+0000][34308][safepoint    ] Safepoint "Cleanup", Time since last: 1000711000 ns, Reaching safepoint: 137000 ns, At safepoint: 19100 ns, Total: 156100 ns
[2020-10-05T09:10:45.639+0000][34308][safepoint    ] Safepoint "Cleanup", Time since last: 1000509400 ns, Reaching safepoint: 134800 ns, At safepoint: 19500 ns, Total: 154300 ns
[2020-10-05T09:10:46.640+0000][34308][safepoint    ] Safepoint "Cleanup", Time since last: 1000782300 ns, Reaching safepoint: 137100 ns, At safepoint: 8000 ns, Total: 145100 ns
[2020-10-05T09:10:47.640+0000][34308][safepoint    ] Safepoint "Cleanup", Time since last: 1000077300 ns, Reaching safepoint: 291300 ns, At safepoint: 51000 ns, Total: 342300 ns
[2020-10-05T09:10:48.641+0000][34308][safepoint    ] Safepoint "Cleanup", Time since last: 1000439300 ns, Reaching safepoint: 120400 ns, At safepoint: 4700 ns, Total: 125100 ns
[2020-10-05T09:10:49.641+0000][34308][safepoint    ] Safepoint "Cleanup", Time since last: 1000012000 ns, Reaching safepoint: 177500 ns, At safepoint: 14200 ns, Total: 191700 ns
[2020-10-05T09:10:50.643+0000][34308][safepoint    ] Safepoint "Cleanup", Time since last: 1000424600 ns, Reaching safepoint: 1627400 ns, At safepoint: 24600 ns, Total: 1652000 ns
[2020-10-05T09:10:52.644+0000][34308][safepoint    ] Safepoint "Cleanup", Time since last: 2000427400 ns, Reaching safepoint: 196700 ns, At safepoint: 23800 ns, Total: 220500 ns
[2020-10-05T09:10:53.644+0000][34308][safepoint    ] Safepoint "Cleanup", Time since last: 1000240300 ns, Reaching safepoint: 152000 ns, At safepoint: 18900 ns, Total: 170900 ns
[2020-10-05T09:10:54.645+0000][34308][safepoint    ] Safepoint "Cleanup", Time since last: 1000494400 ns, Reaching safepoint: 134600 ns, At safepoint: 8300 ns, Total: 142900 ns
[2020-10-05T09:10:55.646+0000][34308][safepoint    ] Safepoint "Cleanup", Time since last: 1000638000 ns, Reaching safepoint: 172300 ns, At safepoint: 19200 ns, Total: 191500 ns
[2020-10-05T09:10:56.646+0000][34308][safepoint    ] Safepoint "Cleanup", Time since last: 1000009900 ns, Reaching safepoint: 162900 ns, At safepoint: 11000 ns, Total: 173900 ns
[2020-10-05T09:10:58.647+0000][34308][safepoint    ] Safepoint "Cleanup", Time since last: 2000484600 ns, Reaching safepoint: 164500 ns, At safepoint: 22800 ns, Total: 187300 ns
[2020-10-05T09:10:59.647+0000][34308][safepoint    ] Safepoint "Cleanup", Time since last: 1000512300 ns, Reaching safepoint: 148000 ns, At safepoint: 13300 ns, Total: 161300 ns
[2020-10-05T09:11:00.648+0000][34308][safepoint    ] Safepoint "Cleanup", Time since last: 1000135700 ns, Reaching safepoint: 194500 ns, At safepoint: 15700 ns, Total: 210200 ns
[2020-10-05T09:11:01.648+0000][34308][safepoint    ] Safepoint "Cleanup", Time since last: 1000344700 ns, Reaching safepoint: 343200 ns, At safepoint: 28400 ns, Total: 371600 ns
[2020-10-05T09:11:03.649+0000][34308][safepoint    ] Safepoint "Cleanup", Time since last: 2000105100 ns, Reaching safepoint: 345900 ns, At safepoint: 39800 ns, Total: 385700 ns
[2020-10-05T09:11:05.650+0000][34308][safepoint    ] Safepoint "Cleanup", Time since last: 2000628700 ns, Reaching safepoint: 137100 ns, At safepoint: 27600 ns, Total: 164700 ns
[2020-10-05T09:11:06.651+0000][34308][safepoint    ] Safepoint "Cleanup", Time since last: 1000758400 ns, Reaching safepoint: 115800 ns, At safepoint: 6400 ns, Total: 122200 ns
[2020-10-05T09:11:07.651+0000][34308][safepoint    ] Safepoint "Cleanup", Time since last: 1000148200 ns, Reaching safepoint: 108300 ns, At safepoint: 18500 ns, Total: 126800 ns
[2020-10-05T09:11:08.652+0000][34308][safepoint    ] Safepoint "Cleanup", Time since last: 1000769000 ns, Reaching safepoint: 118900 ns, At safepoint: 32200 ns, Total: 151100 ns
[2020-10-05T09:11:09.652+0000][34308][safepoint    ] Safepoint "Cleanup", Time since last: 1000106600 ns, Reaching safepoint: 141200 ns, At safepoint: 20300 ns, Total: 161500 ns
[2020-10-05T09:11:11.653+0000][34308][safepoint    ] Safepoint "Cleanup", Time since last: 2000686500 ns, Reaching safepoint: 143800 ns, At safepoint: 63400 ns, Total: 207200 ns
[2020-10-05T09:11:12.653+0000][34308][safepoint    ] Safepoint "Cleanup", Time since last: 1000168800 ns, Reaching safepoint: 87000 ns, At safepoint: 3600 ns, Total: 90600 ns
[2020-10-05T09:11:14.653+0000][34308][safepoint    ] Safepoint "Cleanup", Time since last: 1999880200 ns, Reaching safepoint: 191000 ns, At safepoint: 19600 ns, Total: 210600 ns
[2020-10-05T09:11:15.654+0000][34308][safepoint    ] Safepoint "Cleanup", Time since last: 1000710200 ns, Reaching safepoint: 143600 ns, At safepoint: 24700 ns, Total: 168300 ns
[2020-10-05T09:11:16.655+0000][34308][safepoint    ] Safepoint "Cleanup", Time since last: 1000216300 ns, Reaching safepoint: 129800 ns, At safepoint: 20700 ns, Total: 150500 ns
[2020-10-05T09:11:17.655+0000][34308][safepoint    ] Safepoint "Cleanup", Time since last: 1000092800 ns, Reaching safepoint: 122200 ns, At safepoint: 18500 ns, Total: 140700 ns
[2020-10-05T09:11:18.655+0000][34308][safepoint    ] Safepoint "Cleanup", Time since last: 1000436300 ns, Reaching safepoint: 133000 ns, At safepoint: 17000 ns, Total: 150000 ns
[2020-10-05T09:11:19.656+0000][34308][safepoint    ] Safepoint "Cleanup", Time since last: 1000567800 ns, Reaching safepoint: 144800 ns, At safepoint: 28300 ns, Total: 173100 ns
[2020-10-05T09:11:20.657+0000][34308][safepoint    ] Safepoint "Cleanup", Time since last: 1000788100 ns, Reaching safepoint: 210200 ns, At safepoint: 29400 ns, Total: 239600 ns
[2020-10-05T09:11:21.657+0000][34308][safepoint    ] Safepoint "Cleanup", Time since last: 1000009700 ns, Reaching safepoint: 155600 ns, At safepoint: 24300 ns, Total: 179900 ns
[2020-10-05T09:11:23.658+0000][34308][safepoint    ] Safepoint "Cleanup", Time since last: 2000038700 ns, Reaching safepoint: 200400 ns, At safepoint: 38000 ns, Total: 238400 ns
[2020-10-05T09:11:25.658+0000][34308][safepoint    ] Safepoint "Cleanup", Time since last: 2000405400 ns, Reaching safepoint: 141300 ns, At safepoint: 19400 ns, Total: 160700 ns
[2020-10-05T09:11:26.659+0000][34308][safepoint    ] Safepoint "Cleanup", Time since last: 1000750900 ns, Reaching safepoint: 246800 ns, At safepoint: 51300 ns, Total: 298100 ns
[2020-10-05T09:11:27.659+0000][34308][safepoint    ] Safepoint "Cleanup", Time since last: 1000008400 ns, Reaching safepoint: 213200 ns, At safepoint: 23000 ns, Total: 236200 ns
[2020-10-05T09:11:29.660+0000][34308][safepoint    ] Safepoint "Cleanup", Time since last: 2000367300 ns, Reaching safepoint: 189700 ns, At safepoint: 23100 ns, Total: 212800 ns
[2020-10-05T09:11:30.661+0000][34308][safepoint    ] Safepoint "Cleanup", Time since last: 1000349200 ns, Reaching safepoint: 131000 ns, At safepoint: 21200 ns, Total: 152200 ns
[2020-10-05T09:11:31.661+0000][34308][safepoint    ] Safepoint "Cleanup", Time since last: 1000283000 ns, Reaching safepoint: 186600 ns, At safepoint: 36300 ns, Total: 222900 ns
[2020-10-05T09:11:32.661+0000][34308][safepoint    ] Safepoint "Cleanup", Time since last: 1000123700 ns, Reaching safepoint: 163000 ns, At safepoint: 19500 ns, Total: 182500 ns
[2020-10-05T09:11:33.662+0000][34308][safepoint    ] Safepoint "Cleanup", Time since last: 1000265100 ns, Reaching safepoint: 178300 ns, At safepoint: 10300 ns, Total: 188600 ns
[2020-10-05T09:11:34.662+0000][34308][safepoint    ] Safepoint "Cleanup", Time since last: 1000037600 ns, Reaching safepoint: 422200 ns, At safepoint: 67300 ns, Total: 489500 ns
[2020-10-05T09:11:36.663+0000][34308][safepoint    ] Safepoint "Cleanup", Time since last: 2000584200 ns, Reaching safepoint: 143900 ns, At safepoint: 77200 ns, Total: 221100 ns
[2020-10-05T09:11:37.664+0000][34308][safepoint    ] Safepoint "Cleanup", Time since last: 1000431800 ns, Reaching safepoint: 214400 ns, At safepoint: 28400 ns, Total: 242800 ns
[2020-10-05T09:11:38.664+0000][34308][safepoint    ] Safepoint "Cleanup", Time since last: 1000113000 ns, Reaching safepoint: 169300 ns, At safepoint: 27200 ns, Total: 196500 ns
[2020-10-05T09:11:39.666+0000][34308][safepoint    ] Safepoint "Cleanup", Time since last: 1000491300 ns, Reaching safepoint: 1064000 ns, At safepoint: 26400 ns, Total: 1090400 ns
[2020-10-05T09:11:40.667+0000][34308][safepoint    ] Safepoint "Cleanup", Time since last: 1000567400 ns, Reaching safepoint: 155100 ns, At safepoint: 32500 ns, Total: 187600 ns
[2020-10-05T09:11:41.667+0000][34308][safepoint    ] Safepoint "Cleanup", Time since last: 1000549300 ns, Reaching safepoint: 138100 ns, At safepoint: 21600 ns, Total: 159700 ns
[2020-10-05T09:11:43.668+0000][34308][safepoint    ] Safepoint "Cleanup", Time since last: 2000126200 ns, Reaching safepoint: 168500 ns, At safepoint: 32900 ns, Total: 201400 ns
[2020-10-05T09:11:44.668+0000][34308][safepoint    ] Safepoint "Cleanup", Time since last: 1000410700 ns, Reaching safepoint: 143300 ns, At safepoint: 5700 ns, Total: 149000 ns
[2020-10-05T09:11:45.669+0000][34308][safepoint    ] Safepoint "Cleanup", Time since last: 1000732400 ns, Reaching safepoint: 141300 ns, At safepoint: 24000 ns, Total: 165300 ns
[2020-10-05T09:11:46.670+0000][34308][safepoint    ] Safepoint "Cleanup", Time since last: 1000341900 ns, Reaching safepoint: 165100 ns, At safepoint: 41800 ns, Total: 206900 ns
[2020-10-05T09:11:46.934+0000][34308][safepoint    ] Safepoint "BulkRevokeBias", Time since last: 261137700 ns, Reaching safepoint: 862000 ns, At safepoint: 2116600 ns, Total: 2978600 ns
[2020-10-05T09:11:46.939+0000][34308][safepoint    ] Safepoint "BulkRevokeBias", Time since last: 2978800 ns, Reaching safepoint: 123400 ns, At safepoint: 1633000 ns, Total: 1756400 ns
[2020-10-05T09:11:47.939+0000][34308][safepoint    ] Safepoint "Cleanup", Time since last: 1000543600 ns, Reaching safepoint: 166800 ns, At safepoint: 12000 ns, Total: 178800 ns
[2020-10-05T09:11:49.940+0000][34308][safepoint    ] Safepoint "Cleanup", Time since last: 2000384300 ns, Reaching safepoint: 132600 ns, At safepoint: 8600 ns, Total: 141200 ns
[2020-10-05T09:11:50.941+0000][34308][safepoint    ] Safepoint "Cleanup", Time since last: 1000858100 ns, Reaching safepoint: 115200 ns, At safepoint: 5600 ns, Total: 120800 ns
[2020-10-05T09:11:51.941+0000][34308][safepoint    ] Safepoint "Cleanup", Time since last: 1000032400 ns, Reaching safepoint: 156200 ns, At safepoint: 21700 ns, Total: 177900 ns
[2020-10-05T09:11:52.942+0000][34308][safepoint    ] Safepoint "Cleanup", Time since last: 1000491100 ns, Reaching safepoint: 209300 ns, At safepoint: 5200 ns, Total: 214500 ns
[2020-10-05T09:11:53.942+0000][34308][safepoint    ] Safepoint "Cleanup", Time since last: 1000517800 ns, Reaching safepoint: 264600 ns, At safepoint: 24200 ns, Total: 288800 ns
[2020-10-05T09:11:54.943+0000][34308][safepoint    ] Safepoint "Cleanup", Time since last: 1000694100 ns, Reaching safepoint: 125500 ns, At safepoint: 7200 ns, Total: 132700 ns
[2020-10-05T09:11:56.946+0000][34308][safepoint    ] Safepoint "Cleanup", Time since last: 2000769800 ns, Reaching safepoint: 2332300 ns, At safepoint: 27500 ns, Total: 2359800 ns
[2020-10-05T09:11:58.947+0000][34308][safepoint    ] Safepoint "Cleanup", Time since last: 2000720200 ns, Reaching safepoint: 120600 ns, At safepoint: 6800 ns, Total: 127400 ns
[2020-10-05T09:12:00.948+0000][34308][safepoint    ] Safepoint "Cleanup", Time since last: 2000747100 ns, Reaching safepoint: 89800 ns, At safepoint: 4300 ns, Total: 94100 ns
[2020-10-05T09:12:01.949+0000][34308][safepoint    ] Safepoint "Cleanup", Time since last: 1000755000 ns, Reaching safepoint: 120700 ns, At safepoint: 5300 ns, Total: 126000 ns
[2020-10-05T09:12:02.950+0000][34308][safepoint    ] Safepoint "Cleanup", Time since last: 1000456900 ns, Reaching safepoint: 121000 ns, At safepoint: 6100 ns, Total: 127100 ns
[2020-10-05T09:12:04.950+0000][34308][safepoint    ] Safepoint "Cleanup", Time since last: 2000687300 ns, Reaching safepoint: 106800 ns, At safepoint: 6800 ns, Total: 113600 ns
[2020-10-05T09:12:05.951+0000][34308][safepoint    ] Safepoint "Cleanup", Time since last: 1000310400 ns, Reaching safepoint: 109300 ns, At safepoint: 4300 ns, Total: 113600 ns
[2020-10-05T09:12:06.952+0000][34308][safepoint    ] Safepoint "Cleanup", Time since last: 1000676600 ns, Reaching safepoint: 101700 ns, At safepoint: 4100 ns, Total: 105800 ns
[2020-10-05T09:12:07.952+0000][34308][safepoint    ] Safepoint "Cleanup", Time since last: 1000201200 ns, Reaching safepoint: 115500 ns, At safepoint: 18800 ns, Total: 134300 ns
[2020-10-05T09:12:08.952+0000][34308][safepoint    ] Safepoint "Cleanup", Time since last: 1000248400 ns, Reaching safepoint: 109500 ns, At safepoint: 8400 ns, Total: 117900 ns
[2020-10-05T09:12:09.953+0000][34308][safepoint    ] Safepoint "Cleanup", Time since last: 1000763600 ns, Reaching safepoint: 130400 ns, At safepoint: 7000 ns, Total: 137400 ns
[2020-10-05T09:12:10.953+0000][34308][safepoint    ] Safepoint "Cleanup", Time since last: 1000167400 ns, Reaching safepoint: 97000 ns, At safepoint: 3200 ns, Total: 100200 ns
[2020-10-05T09:12:11.954+0000][34308][safepoint    ] Safepoint "Cleanup", Time since last: 1000654100 ns, Reaching safepoint: 143300 ns, At safepoint: 6000 ns, Total: 149300 ns
[2020-10-05T09:12:12.955+0000][34308][safepoint    ] Safepoint "Cleanup", Time since last: 1000616500 ns, Reaching safepoint: 160000 ns, At safepoint: 8100 ns, Total: 168100 ns
[2020-10-05T09:12:13.956+0000][34308][safepoint    ] Safepoint "Cleanup", Time since last: 1000521400 ns, Reaching safepoint: 131300 ns, At safepoint: 7300 ns, Total: 138600 ns
[2020-10-05T09:12:14.956+0000][34308][safepoint    ] Safepoint "Cleanup", Time since last: 1000099600 ns, Reaching safepoint: 104700 ns, At safepoint: 7400 ns, Total: 112100 ns
[2020-10-05T09:12:15.956+0000][34308][safepoint    ] Safepoint "Cleanup", Time since last: 1000294000 ns, Reaching safepoint: 123300 ns, At safepoint: 13900 ns, Total: 137200 ns
[2020-10-05T09:12:16.956+0000][34308][safepoint    ] Safepoint "Cleanup", Time since last: 1000018700 ns, Reaching safepoint: 121400 ns, At safepoint: 8300 ns, Total: 129700 ns
[2020-10-05T09:12:17.957+0000][34308][safepoint    ] Safepoint "Cleanup", Time since last: 1000083000 ns, Reaching safepoint: 338700 ns, At safepoint: 13100 ns, Total: 351800 ns
[2020-10-05T09:12:19.958+0000][34308][safepoint    ] Safepoint "Cleanup", Time since last: 2000622400 ns, Reaching safepoint: 125500 ns, At safepoint: 4800 ns, Total: 130300 ns
[2020-10-05T09:12:20.958+0000][34308][safepoint    ] Safepoint "Cleanup", Time since last: 1000483600 ns, Reaching safepoint: 103700 ns, At safepoint: 6000 ns, Total: 109700 ns
[2020-10-05T09:12:21.959+0000][34308][safepoint    ] Safepoint "Cleanup", Time since last: 1000830400 ns, Reaching safepoint: 83000 ns, At safepoint: 3700 ns, Total: 86700 ns
[2020-10-05T09:12:22.960+0000][34308][safepoint    ] Safepoint "Cleanup", Time since last: 1000585700 ns, Reaching safepoint: 106100 ns, At safepoint: 5400 ns, Total: 111500 ns
[2020-10-05T09:12:23.960+0000][34308][safepoint    ] Safepoint "Cleanup", Time since last: 1000084700 ns, Reaching safepoint: 106300 ns, At safepoint: 5500 ns, Total: 111800 ns
[2020-10-05T09:12:24.960+0000][34308][safepoint    ] Safepoint "Cleanup", Time since last: 1000151200 ns, Reaching safepoint: 98300 ns, At safepoint: 2600 ns, Total: 100900 ns
[2020-10-05T09:12:26.961+0000][34308][safepoint    ] Safepoint "Cleanup", Time since last: 2000513000 ns, Reaching safepoint: 141900 ns, At safepoint: 6800 ns, Total: 148700 ns
[2020-10-05T09:12:28.961+0000][34308][safepoint    ] Safepoint "Cleanup", Time since last: 1999915500 ns, Reaching safepoint: 102100 ns, At safepoint: 5500 ns, Total: 107600 ns
[2020-10-05T09:12:29.961+0000][34308][safepoint    ] Safepoint "Cleanup", Time since last: 1000072100 ns, Reaching safepoint: 141200 ns, At safepoint: 9000 ns, Total: 150200 ns
[2020-10-05T09:12:31.962+0000][34308][safepoint    ] Safepoint "Cleanup", Time since last: 2000742700 ns, Reaching safepoint: 157400 ns, At safepoint: 9300 ns, Total: 166700 ns
[2020-10-05T09:12:32.962+0000][34308][safepoint    ] Safepoint "Cleanup", Time since last: 1000208100 ns, Reaching safepoint: 135400 ns, At safepoint: 5600 ns, Total: 141000 ns
[2020-10-05T09:12:34.963+0000][34308][safepoint    ] Safepoint "Cleanup", Time since last: 2000633500 ns, Reaching safepoint: 108500 ns, At safepoint: 4100 ns, Total: 112600 ns
[2020-10-05T09:12:35.964+0000][34308][safepoint    ] Safepoint "Cleanup", Time since last: 1000543400 ns, Reaching safepoint: 132700 ns, At safepoint: 7600 ns, Total: 140300 ns
[2020-10-05T09:12:36.964+0000][34308][safepoint    ] Safepoint "Cleanup", Time since last: 1000056800 ns, Reaching safepoint: 159100 ns, At safepoint: 6300 ns, Total: 165400 ns
[2020-10-05T09:12:37.965+0000][34308][safepoint    ] Safepoint "Cleanup", Time since last: 1000812000 ns, Reaching safepoint: 208600 ns, At safepoint: 9500 ns, Total: 218100 ns
[2020-10-05T09:12:38.966+0000][34308][safepoint    ] Safepoint "Cleanup", Time since last: 1000588200 ns, Reaching safepoint: 143100 ns, At safepoint: 8600 ns, Total: 151700 ns
[2020-10-05T09:12:39.966+0000][34308][safepoint    ] Safepoint "Cleanup", Time since last: 1000204200 ns, Reaching safepoint: 126200 ns, At safepoint: 6200 ns, Total: 132400 ns
[2020-10-05T09:12:40.967+0000][34308][safepoint    ] Safepoint "Cleanup", Time since last: 1000208200 ns, Reaching safepoint: 153600 ns, At safepoint: 6200 ns, Total: 159800 ns
[2020-10-05T09:12:41.967+0000][34308][safepoint    ] Safepoint "Cleanup", Time since last: 1000129100 ns, Reaching safepoint: 142000 ns, At safepoint: 7500 ns, Total: 149500 ns
[2020-10-05T09:12:42.967+0000][34308][safepoint    ] Safepoint "Cleanup", Time since last: 1000331500 ns, Reaching safepoint: 118800 ns, At safepoint: 4000 ns, Total: 122800 ns
[2020-10-05T09:12:43.968+0000][34308][safepoint    ] Safepoint "Cleanup", Time since last: 1000336500 ns, Reaching safepoint: 193000 ns, At safepoint: 12100 ns, Total: 205100 ns
[2020-10-05T09:12:44.968+0000][34308][safepoint    ] Safepoint "Cleanup", Time since last: 1000136300 ns, Reaching safepoint: 264200 ns, At safepoint: 14500 ns, Total: 278700 ns
[2020-10-05T09:12:45.969+0000][34308][safepoint    ] Safepoint "Cleanup", Time since last: 1000540800 ns, Reaching safepoint: 103100 ns, At safepoint: 6000 ns, Total: 109100 ns
[2020-10-05T09:12:47.970+0000][34308][safepoint    ] Safepoint "Cleanup", Time since last: 2000750400 ns, Reaching safepoint: 107400 ns, At safepoint: 7300 ns, Total: 114700 ns
[2020-10-05T09:12:48.971+0000][34308][safepoint    ] Safepoint "Cleanup", Time since last: 1000705300 ns, Reaching safepoint: 150200 ns, At safepoint: 10200 ns, Total: 160400 ns
[2020-10-05T09:12:49.971+0000][34308][safepoint    ] Safepoint "Cleanup", Time since last: 1000583500 ns, Reaching safepoint: 99200 ns, At safepoint: 5400 ns, Total: 104600 ns
[2020-10-05T09:12:50.972+0000][34308][safepoint    ] Safepoint "Cleanup", Time since last: 1000698300 ns, Reaching safepoint: 129700 ns, At safepoint: 21200 ns, Total: 150900 ns
[2020-10-05T09:12:51.997+0000][34308][safepoint    ] Safepoint "Cleanup", Time since last: 1024796200 ns, Reaching safepoint: 106800 ns, At safepoint: 4500 ns, Total: 111300 ns
[2020-10-05T09:12:52.998+0000][34308][safepoint    ] Safepoint "Cleanup", Time since last: 1000335300 ns, Reaching safepoint: 473900 ns, At safepoint: 28300 ns, Total: 502200 ns
[2020-10-05T09:12:54.998+0000][34308][safepoint    ] Safepoint "Cleanup", Time since last: 1999554000 ns, Reaching safepoint: 180300 ns, At safepoint: 12900 ns, Total: 193200 ns
[2020-10-05T09:12:55.998+0000][34308][safepoint    ] Safepoint "Cleanup", Time since last: 1000196100 ns, Reaching safepoint: 96600 ns, At safepoint: 3800 ns, Total: 100400 ns
[2020-10-05T09:12:57.998+0000][34308][safepoint    ] Safepoint "Cleanup", Time since last: 2000018700 ns, Reaching safepoint: 176800 ns, At safepoint: 6400 ns, Total: 183200 ns
[2020-10-05T09:12:59.999+0000][34308][safepoint    ] Safepoint "Cleanup", Time since last: 2000180000 ns, Reaching safepoint: 110100 ns, At safepoint: 5500 ns, Total: 115600 ns
[2020-10-05T09:13:00.999+0000][34308][safepoint    ] Safepoint "Cleanup", Time since last: 1000476100 ns, Reaching safepoint: 144700 ns, At safepoint: 7500 ns, Total: 152200 ns
[2020-10-05T09:13:01.999+0000][34308][safepoint    ] Safepoint "Cleanup", Time since last: 1000037000 ns, Reaching safepoint: 193300 ns, At safepoint: 7900 ns, Total: 201200 ns
[2020-10-05T09:13:02.999+0000][34308][safepoint    ] Safepoint "Cleanup", Time since last: 1000165700 ns, Reaching safepoint: 155800 ns, At safepoint: 9000 ns, Total: 164800 ns
[2020-10-05T09:13:05.000+0000][34308][safepoint    ] Safepoint "Cleanup", Time since last: 2000537000 ns, Reaching safepoint: 197300 ns, At safepoint: 8800 ns, Total: 206100 ns
[2020-10-05T09:13:06.001+0000][34308][safepoint    ] Safepoint "Cleanup", Time since last: 1000210300 ns, Reaching safepoint: 497700 ns, At safepoint: 57600 ns, Total: 555300 ns
[2020-10-05T09:13:08.002+0000][34308][safepoint    ] Safepoint "Cleanup", Time since last: 2000650100 ns, Reaching safepoint: 152300 ns, At safepoint: 7800 ns, Total: 160100 ns
[2020-10-05T09:13:09.003+0000][34308][safepoint    ] Safepoint "Cleanup", Time since last: 1000506200 ns, Reaching safepoint: 119900 ns, At safepoint: 5700 ns, Total: 125600 ns
[2020-10-05T09:13:10.003+0000][34308][safepoint    ] Safepoint "Cleanup", Time since last: 1000605800 ns, Reaching safepoint: 152000 ns, At safepoint: 9200 ns, Total: 161200 ns
[2020-10-05T09:13:11.004+0000][34308][safepoint    ] Safepoint "Cleanup", Time since last: 1000477800 ns, Reaching safepoint: 141800 ns, At safepoint: 9000 ns, Total: 150800 ns
[2020-10-05T09:13:12.005+0000][34308][safepoint    ] Safepoint "Cleanup", Time since last: 1000410500 ns, Reaching safepoint: 135200 ns, At safepoint: 8200 ns, Total: 143400 ns
[2020-10-05T09:13:13.005+0000][34308][safepoint    ] Safepoint "Cleanup", Time since last: 1000361300 ns, Reaching safepoint: 145800 ns, At safepoint: 22800 ns, Total: 168600 ns
[2020-10-05T09:13:14.006+0000][34308][safepoint    ] Safepoint "Cleanup", Time since last: 1000185500 ns, Reaching safepoint: 124900 ns, At safepoint: 4700 ns, Total: 129600 ns
[2020-10-05T09:13:15.007+0000][34308][safepoint    ] Safepoint "Cleanup", Time since last: 1000876100 ns, Reaching safepoint: 260600 ns, At safepoint: 9500 ns, Total: 270100 ns
[2020-10-05T09:13:16.007+0000][34308][safepoint    ] Safepoint "Cleanup", Time since last: 1000094300 ns, Reaching safepoint: 136600 ns, At safepoint: 7900 ns, Total: 144500 ns
[2020-10-05T09:13:17.007+0000][34308][safepoint    ] Safepoint "Cleanup", Time since last: 1000015300 ns, Reaching safepoint: 144900 ns, At safepoint: 9900 ns, Total: 154800 ns
[2020-10-05T09:13:18.008+0000][34308][safepoint    ] Safepoint "Cleanup", Time since last: 1000712500 ns, Reaching safepoint: 155000 ns, At safepoint: 8800 ns, Total: 163800 ns
[2020-10-05T09:13:19.009+0000][34308][safepoint    ] Safepoint "Cleanup", Time since last: 1000826000 ns, Reaching safepoint: 122400 ns, At safepoint: 10400 ns, Total: 132800 ns
[2020-10-05T09:13:20.010+0000][34308][safepoint    ] Safepoint "Cleanup", Time since last: 1000732600 ns, Reaching safepoint: 138900 ns, At safepoint: 9900 ns, Total: 148800 ns
[2020-10-05T09:13:22.001+0000][34308][safepoint    ] Safepoint "Cleanup", Time since last: 1991406200 ns, Reaching safepoint: 169600 ns, At safepoint: 5300 ns, Total: 174900 ns
[2020-10-05T09:13:24.002+0000][34308][safepoint    ] Safepoint "Cleanup", Time since last: 2000020900 ns, Reaching safepoint: 126000 ns, At safepoint: 8500 ns, Total: 134500 ns
[2020-10-05T09:13:25.002+0000][34308][safepoint    ] Safepoint "Cleanup", Time since last: 1000825700 ns, Reaching safepoint: 129900 ns, At safepoint: 10900 ns, Total: 140800 ns
[2020-10-05T09:13:26.005+0000][34308][safepoint    ] Safepoint "Cleanup", Time since last: 1003143000 ns, Reaching safepoint: 298800 ns, At safepoint: 7600 ns, Total: 306400 ns
[2020-10-05T09:13:27.007+0000][34308][safepoint    ] Safepoint "Cleanup", Time since last: 1000819900 ns, Reaching safepoint: 122400 ns, At safepoint: 6000 ns, Total: 128400 ns
[2020-10-05T09:13:28.008+0000][34308][safepoint    ] Safepoint "Cleanup", Time since last: 1000734500 ns, Reaching safepoint: 166100 ns, At safepoint: 10500 ns, Total: 176600 ns
[2020-10-05T09:13:29.008+0000][34308][safepoint    ] Safepoint "Cleanup", Time since last: 1000050700 ns, Reaching safepoint: 154900 ns, At safepoint: 8900 ns, Total: 163800 ns
[2020-10-05T09:13:30.009+0000][34308][safepoint    ] Safepoint "Cleanup", Time since last: 1000669600 ns, Reaching safepoint: 136600 ns, At safepoint: 7800 ns, Total: 144400 ns
[2020-10-05T09:13:31.009+0000][34308][safepoint    ] Safepoint "Cleanup", Time since last: 1000518900 ns, Reaching safepoint: 131200 ns, At safepoint: 9100 ns, Total: 140300 ns
[2020-10-05T09:13:33.010+0000][34308][safepoint    ] Safepoint "Cleanup", Time since last: 2000850500 ns, Reaching safepoint: 151000 ns, At safepoint: 7800 ns, Total: 158800 ns
[2020-10-05T09:13:34.011+0000][34308][safepoint    ] Safepoint "Cleanup", Time since last: 1000385800 ns, Reaching safepoint: 134300 ns, At safepoint: 8200 ns, Total: 142500 ns
[2020-10-05T09:13:35.011+0000][34308][safepoint    ] Safepoint "Cleanup", Time since last: 1000032400 ns, Reaching safepoint: 173800 ns, At safepoint: 11800 ns, Total: 185600 ns
[2020-10-05T09:13:37.012+0000][34308][safepoint    ] Safepoint "Cleanup", Time since last: 2000323100 ns, Reaching safepoint: 153700 ns, At safepoint: 8700 ns, Total: 162400 ns
[2020-10-05T09:13:38.012+0000][34308][safepoint    ] Safepoint "Cleanup", Time since last: 1000130600 ns, Reaching safepoint: 165300 ns, At safepoint: 10500 ns, Total: 175800 ns
[2020-10-05T09:13:40.012+0000][34308][safepoint    ] Safepoint "Cleanup", Time since last: 2000094400 ns, Reaching safepoint: 156400 ns, At safepoint: 10000 ns, Total: 166400 ns
[2020-10-05T09:13:41.012+0000][34308][safepoint    ] Safepoint "Cleanup", Time since last: 1000004300 ns, Reaching safepoint: 133100 ns, At safepoint: 7500 ns, Total: 140600 ns
[2020-10-05T09:13:42.013+0000][34308][safepoint    ] Safepoint "Cleanup", Time since last: 1000096200 ns, Reaching safepoint: 761700 ns, At safepoint: 13000 ns, Total: 774700 ns
[2020-10-05T09:13:43.014+0000][34308][safepoint    ] Safepoint "Cleanup", Time since last: 1000192400 ns, Reaching safepoint: 128700 ns, At safepoint: 11900 ns, Total: 140600 ns
[2020-10-05T09:13:44.015+0000][34308][safepoint    ] Safepoint "Cleanup", Time since last: 1000823300 ns, Reaching safepoint: 188800 ns, At safepoint: 24100 ns, Total: 212900 ns
[2020-10-05T09:13:45.015+0000][34308][safepoint    ] Safepoint "Cleanup", Time since last: 1000006100 ns, Reaching safepoint: 129200 ns, At safepoint: 8100 ns, Total: 137300 ns
[2020-10-05T09:13:46.015+0000][34308][safepoint    ] Safepoint "Cleanup", Time since last: 1000063400 ns, Reaching safepoint: 144800 ns, At safepoint: 8100 ns, Total: 152900 ns
[2020-10-05T09:13:47.016+0000][34308][safepoint    ] Safepoint "Cleanup", Time since last: 1000460400 ns, Reaching safepoint: 135300 ns, At safepoint: 9900 ns, Total: 145200 ns
[2020-10-05T09:13:49.016+0000][34308][safepoint    ] Safepoint "Cleanup", Time since last: 2000239300 ns, Reaching safepoint: 158700 ns, At safepoint: 10400 ns, Total: 169100 ns
[2020-10-05T09:13:50.017+0000][34308][safepoint    ] Safepoint "Cleanup", Time since last: 1000663700 ns, Reaching safepoint: 175100 ns, At safepoint: 8900 ns, Total: 184000 ns
[2020-10-05T09:13:52.000+0000][34308][safepoint    ] Safepoint "Cleanup", Time since last: 1982527600 ns, Reaching safepoint: 123000 ns, At safepoint: 5500 ns, Total: 128500 ns
[2020-10-05T09:13:53.000+0000][34308][safepoint    ] Safepoint "Cleanup", Time since last: 1000663400 ns, Reaching safepoint: 260500 ns, At safepoint: 9400 ns, Total: 269900 ns
[2020-10-05T09:13:54.001+0000][34308][safepoint    ] Safepoint "Cleanup", Time since last: 1000597300 ns, Reaching safepoint: 141100 ns, At safepoint: 9900 ns, Total: 151000 ns
[2020-10-05T09:13:55.002+0000][34308][safepoint    ] Safepoint "Cleanup", Time since last: 1000814100 ns, Reaching safepoint: 167300 ns, At safepoint: 18600 ns, Total: 185900 ns
[2020-10-05T09:13:56.003+0000][34308][safepoint    ] Safepoint "Cleanup", Time since last: 1000290800 ns, Reaching safepoint: 145100 ns, At safepoint: 7300 ns, Total: 152400 ns
[2020-10-05T09:13:57.004+0000][34308][safepoint    ] Safepoint "Cleanup", Time since last: 1000734400 ns, Reaching safepoint: 124600 ns, At safepoint: 8200 ns, Total: 132800 ns
[2020-10-05T09:13:58.004+0000][34308][safepoint    ] Safepoint "Cleanup", Time since last: 1000356500 ns, Reaching safepoint: 177300 ns, At safepoint: 7000 ns, Total: 184300 ns
[2020-10-05T09:14:00.005+0000][34308][safepoint    ] Safepoint "Cleanup", Time since last: 2000457100 ns, Reaching safepoint: 131500 ns, At safepoint: 5400 ns, Total: 136900 ns
[2020-10-05T09:14:02.005+0000][34308][safepoint    ] Safepoint "Cleanup", Time since last: 1999969200 ns, Reaching safepoint: 151200 ns, At safepoint: 7800 ns, Total: 159000 ns
[2020-10-05T09:14:03.006+0000][34308][safepoint    ] Safepoint "Cleanup", Time since last: 1000639500 ns, Reaching safepoint: 136500 ns, At safepoint: 7700 ns, Total: 144200 ns
[2020-10-05T09:14:04.006+0000][34308][safepoint    ] Safepoint "Cleanup", Time since last: 1000294000 ns, Reaching safepoint: 135300 ns, At safepoint: 18800 ns, Total: 154100 ns
[2020-10-05T09:14:05.006+0000][34308][safepoint    ] Safepoint "Cleanup", Time since last: 1000090700 ns, Reaching safepoint: 164500 ns, At safepoint: 9400 ns, Total: 173900 ns
[2020-10-05T09:14:06.007+0000][34308][safepoint    ] Safepoint "Cleanup", Time since last: 1000669300 ns, Reaching safepoint: 147800 ns, At safepoint: 4600 ns, Total: 152400 ns
[2020-10-05T09:14:07.008+0000][34308][safepoint    ] Safepoint "Cleanup", Time since last: 1000350100 ns, Reaching safepoint: 159600 ns, At safepoint: 12300 ns, Total: 171900 ns
[2020-10-05T09:14:09.009+0000][34308][safepoint    ] Safepoint "Cleanup", Time since last: 2000850900 ns, Reaching safepoint: 151000 ns, At safepoint: 7000 ns, Total: 158000 ns
[2020-10-05T09:14:10.009+0000][34308][safepoint    ] Safepoint "Cleanup", Time since last: 1000077800 ns, Reaching safepoint: 161400 ns, At safepoint: 8000 ns, Total: 169400 ns
[2020-10-05T09:14:11.010+0000][34308][safepoint    ] Safepoint "Cleanup", Time since last: 1000661200 ns, Reaching safepoint: 140200 ns, At safepoint: 8100 ns, Total: 148300 ns
[2020-10-05T09:14:12.010+0000][34308][safepoint    ] Safepoint "Cleanup", Time since last: 1000212900 ns, Reaching safepoint: 141500 ns, At safepoint: 5100 ns, Total: 146600 ns
[2020-10-05T09:14:13.226+0000][34308][safepoint    ] Safepoint "Cleanup", Time since last: 1215924700 ns, Reaching safepoint: 157100 ns, At safepoint: 8700 ns, Total: 165800 ns
[2020-10-05T09:14:15.227+0000][34308][safepoint    ] Safepoint "Cleanup", Time since last: 2000888600 ns, Reaching safepoint: 135800 ns, At safepoint: 5900 ns, Total: 141700 ns
[2020-10-05T09:14:16.228+0000][34308][safepoint    ] Safepoint "Cleanup", Time since last: 1000739800 ns, Reaching safepoint: 131200 ns, At safepoint: 6100 ns, Total: 137300 ns
[2020-10-05T09:14:17.229+0000][34308][safepoint    ] Safepoint "Cleanup", Time since last: 1000341100 ns, Reaching safepoint: 198000 ns, At safepoint: 8500 ns, Total: 206500 ns
[2020-10-05T09:14:18.229+0000][34308][safepoint    ] Safepoint "Cleanup", Time since last: 1000012200 ns, Reaching safepoint: 145700 ns, At safepoint: 19700 ns, Total: 165400 ns
[2020-10-05T09:14:19.229+0000][34308][safepoint    ] Safepoint "Cleanup", Time since last: 1000442100 ns, Reaching safepoint: 218900 ns, At safepoint: 9800 ns, Total: 228700 ns
[2020-10-05T09:14:20.230+0000][34308][safepoint    ] Safepoint "Cleanup", Time since last: 1000484900 ns, Reaching safepoint: 182300 ns, At safepoint: 8500 ns, Total: 190800 ns
[2020-10-05T09:14:21.231+0000][34308][safepoint    ] Safepoint "Cleanup", Time since last: 1000630400 ns, Reaching safepoint: 171800 ns, At safepoint: 11000 ns, Total: 182800 ns
[2020-10-05T09:14:23.232+0000][34308][safepoint    ] Safepoint "Cleanup", Time since last: 2000487200 ns, Reaching safepoint: 153300 ns, At safepoint: 10700 ns, Total: 164000 ns
[2020-10-05T09:14:25.232+0000][34308][safepoint    ] Safepoint "Cleanup", Time since last: 1999915200 ns, Reaching safepoint: 168000 ns, At safepoint: 8600 ns, Total: 176600 ns
[2020-10-05T09:14:26.232+0000][34308][safepoint    ] Safepoint "Cleanup", Time since last: 1000553000 ns, Reaching safepoint: 144400 ns, At safepoint: 7000 ns, Total: 151400 ns
[2020-10-05T09:14:27.233+0000][34308][safepoint    ] Safepoint "Cleanup", Time since last: 1000714100 ns, Reaching safepoint: 134900 ns, At safepoint: 7200 ns, Total: 142100 ns
[2020-10-05T09:14:29.234+0000][34308][safepoint    ] Safepoint "Cleanup", Time since last: 2000487200 ns, Reaching safepoint: 132500 ns, At safepoint: 4300 ns, Total: 136800 ns
[2020-10-05T09:14:30.235+0000][34308][safepoint    ] Safepoint "Cleanup", Time since last: 1000672500 ns, Reaching safepoint: 134000 ns, At safepoint: 11000 ns, Total: 145000 ns
[2020-10-05T09:14:32.235+0000][34308][safepoint    ] Safepoint "Cleanup", Time since last: 2000332700 ns, Reaching safepoint: 149200 ns, At safepoint: 8300 ns, Total: 157500 ns
[2020-10-05T09:14:33.236+0000][34308][safepoint    ] Safepoint "Cleanup", Time since last: 1000486000 ns, Reaching safepoint: 121300 ns, At safepoint: 12100 ns, Total: 133400 ns
[2020-10-05T09:14:35.236+0000][34308][safepoint    ] Safepoint "Cleanup", Time since last: 2000049300 ns, Reaching safepoint: 133800 ns, At safepoint: 9100 ns, Total: 142900 ns
[2020-10-05T09:14:36.236+0000][34308][safepoint    ] Safepoint "Cleanup", Time since last: 1000266200 ns, Reaching safepoint: 162400 ns, At safepoint: 10500 ns, Total: 172900 ns
[2020-10-05T09:14:37.237+0000][34308][safepoint    ] Safepoint "Cleanup", Time since last: 1000421200 ns, Reaching safepoint: 134100 ns, At safepoint: 9500 ns, Total: 143600 ns
[2020-10-05T09:14:38.237+0000][34308][safepoint    ] Safepoint "Cleanup", Time since last: 1000077300 ns, Reaching safepoint: 245600 ns, At safepoint: 14500 ns, Total: 260100 ns
[2020-10-05T09:14:39.238+0000][34308][safepoint    ] Safepoint "Cleanup", Time since last: 1000378200 ns, Reaching safepoint: 134800 ns, At safepoint: 9500 ns, Total: 144300 ns
[2020-10-05T09:14:40.238+0000][34308][safepoint    ] Safepoint "Cleanup", Time since last: 1000014700 ns, Reaching safepoint: 164900 ns, At safepoint: 6100 ns, Total: 171000 ns
[2020-10-05T09:14:42.239+0000][34308][safepoint    ] Safepoint "Cleanup", Time since last: 2000567500 ns, Reaching safepoint: 173700 ns, At safepoint: 8100 ns, Total: 181800 ns
[2020-10-05T09:14:44.239+0000][34308][safepoint    ] Safepoint "Cleanup", Time since last: 2000393200 ns, Reaching safepoint: 113100 ns, At safepoint: 7200 ns, Total: 120300 ns
[2020-10-05T09:14:45.240+0000][34308][safepoint    ] Safepoint "Cleanup", Time since last: 1000674300 ns, Reaching safepoint: 152300 ns, At safepoint: 5200 ns, Total: 157500 ns
[2020-10-05T09:14:46.241+0000][34308][safepoint    ] Safepoint "Cleanup", Time since last: 1000336000 ns, Reaching safepoint: 191700 ns, At safepoint: 8900 ns, Total: 200600 ns
[2020-10-05T09:14:47.241+0000][34308][safepoint    ] Safepoint "Cleanup", Time since last: 1000232400 ns, Reaching safepoint: 111300 ns, At safepoint: 5700 ns, Total: 117000 ns
[2020-10-05T09:14:48.242+0000][34308][safepoint    ] Safepoint "Cleanup", Time since last: 1000745100 ns, Reaching safepoint: 114200 ns, At safepoint: 3900 ns, Total: 118100 ns
[2020-10-05T09:14:49.243+0000][34308][safepoint    ] Safepoint "Cleanup", Time since last: 1000649300 ns, Reaching safepoint: 107200 ns, At safepoint: 4400 ns, Total: 111600 ns
[2020-10-05T09:14:51.243+0000][34308][safepoint    ] Safepoint "Cleanup", Time since last: 2000148500 ns, Reaching safepoint: 145000 ns, At safepoint: 9800 ns, Total: 154800 ns
[2020-10-05T09:14:52.244+0000][34308][safepoint    ] Safepoint "Cleanup", Time since last: 1000476600 ns, Reaching safepoint: 155100 ns, At safepoint: 11100 ns, Total: 166200 ns
[2020-10-05T09:14:53.244+0000][34308][safepoint    ] Safepoint "Cleanup", Time since last: 1000611500 ns, Reaching safepoint: 173800 ns, At safepoint: 9100 ns, Total: 182900 ns
[2020-10-05T09:14:54.245+0000][34308][safepoint    ] Safepoint "Cleanup", Time since last: 1000081800 ns, Reaching safepoint: 145400 ns, At safepoint: 8600 ns, Total: 154000 ns
[2020-10-05T09:14:55.245+0000][34308][safepoint    ] Safepoint "Cleanup", Time since last: 1000581700 ns, Reaching safepoint: 135400 ns, At safepoint: 12800 ns, Total: 148200 ns
[2020-10-05T09:14:56.246+0000][34308][safepoint    ] Safepoint "Cleanup", Time since last: 1000518200 ns, Reaching safepoint: 119900 ns, At safepoint: 16700 ns, Total: 136600 ns
[2020-10-05T09:14:57.247+0000][34308][safepoint    ] Safepoint "Cleanup", Time since last: 1000616400 ns, Reaching safepoint: 140600 ns, At safepoint: 11000 ns, Total: 151600 ns
[2020-10-05T09:14:58.247+0000][34308][safepoint    ] Safepoint "Cleanup", Time since last: 1000102600 ns, Reaching safepoint: 143000 ns, At safepoint: 9300 ns, Total: 152300 ns
[2020-10-05T09:14:59.247+0000][34308][safepoint    ] Safepoint "Cleanup", Time since last: 1000049200 ns, Reaching safepoint: 278100 ns, At safepoint: 13600 ns, Total: 291700 ns
[2020-10-05T09:15:00.248+0000][34308][safepoint    ] Safepoint "Cleanup", Time since last: 1000132100 ns, Reaching safepoint: 154900 ns, At safepoint: 8200 ns, Total: 163100 ns
[2020-10-05T09:15:01.249+0000][34308][safepoint    ] Safepoint "Cleanup", Time since last: 1000722400 ns, Reaching safepoint: 154500 ns, At safepoint: 9600 ns, Total: 164100 ns
[2020-10-05T09:15:02.249+0000][34308][safepoint    ] Safepoint "Cleanup", Time since last: 1000688200 ns, Reaching safepoint: 129900 ns, At safepoint: 7500 ns, Total: 137400 ns
[2020-10-05T09:15:03.250+0000][34308][safepoint    ] Safepoint "Cleanup", Time since last: 1000698800 ns, Reaching safepoint: 153100 ns, At safepoint: 8800 ns, Total: 161900 ns
[2020-10-05T09:15:04.251+0000][34308][safepoint    ] Safepoint "Cleanup", Time since last: 1000476000 ns, Reaching safepoint: 364900 ns, At safepoint: 14500 ns, Total: 379400 ns
[2020-10-05T09:15:05.252+0000][34308][safepoint    ] Safepoint "Cleanup", Time since last: 1000308200 ns, Reaching safepoint: 138200 ns, At safepoint: 9600 ns, Total: 147800 ns
[2020-10-05T09:15:06.252+0000][34308][safepoint    ] Safepoint "Cleanup", Time since last: 1000241200 ns, Reaching safepoint: 127300 ns, At safepoint: 3500 ns, Total: 130800 ns
[2020-10-05T09:15:07.253+0000][34308][safepoint    ] Safepoint "Cleanup", Time since last: 1000870500 ns, Reaching safepoint: 136800 ns, At safepoint: 6900 ns, Total: 143700 ns
[2020-10-05T09:15:08.254+0000][34308][safepoint    ] Safepoint "Cleanup", Time since last: 1000558500 ns, Reaching safepoint: 128400 ns, At safepoint: 8100 ns, Total: 136500 ns
[2020-10-05T09:15:09.254+0000][34308][safepoint    ] Safepoint "Cleanup", Time since last: 1000326300 ns, Reaching safepoint: 139700 ns, At safepoint: 7600 ns, Total: 147300 ns
[2020-10-05T09:15:10.255+0000][34308][safepoint    ] Safepoint "Cleanup", Time since last: 1000788200 ns, Reaching safepoint: 129400 ns, At safepoint: 8900 ns, Total: 138300 ns
[2020-10-05T09:15:11.256+0000][34308][safepoint    ] Safepoint "Cleanup", Time since last: 1000439200 ns, Reaching safepoint: 131100 ns, At safepoint: 8000 ns, Total: 139100 ns
[2020-10-05T09:15:12.257+0000][34308][safepoint    ] Safepoint "Cleanup", Time since last: 1000832600 ns, Reaching safepoint: 120200 ns, At safepoint: 8500 ns, Total: 128700 ns
[2020-10-05T09:15:13.257+0000][34308][safepoint    ] Safepoint "Cleanup", Time since last: 1000452000 ns, Reaching safepoint: 132300 ns, At safepoint: 8100 ns, Total: 140400 ns
[2020-10-05T09:15:14.258+0000][34308][safepoint    ] Safepoint "Cleanup", Time since last: 1000539900 ns, Reaching safepoint: 547700 ns, At safepoint: 47000 ns, Total: 594700 ns
[2020-10-05T09:15:15.259+0000][34308][safepoint    ] Safepoint "Cleanup", Time since last: 1000706500 ns, Reaching safepoint: 134300 ns, At safepoint: 8600 ns, Total: 142900 ns
[2020-10-05T09:15:16.260+0000][34308][safepoint    ] Safepoint "Cleanup", Time since last: 1000183700 ns, Reaching safepoint: 168700 ns, At safepoint: 8300 ns, Total: 177000 ns
[2020-10-05T09:15:17.260+0000][34308][safepoint    ] Safepoint "Cleanup", Time since last: 1000631400 ns, Reaching safepoint: 209200 ns, At safepoint: 8200 ns, Total: 217400 ns
[2020-10-05T09:15:18.261+0000][34308][safepoint    ] Safepoint "Cleanup", Time since last: 1000524500 ns, Reaching safepoint: 137800 ns, At safepoint: 9200 ns, Total: 147000 ns
[2020-10-05T09:15:20.262+0000][34308][safepoint    ] Safepoint "Cleanup", Time since last: 2000338800 ns, Reaching safepoint: 141700 ns, At safepoint: 8300 ns, Total: 150000 ns
[2020-10-05T09:15:21.262+0000][34308][safepoint    ] Safepoint "Cleanup", Time since last: 1000424500 ns, Reaching safepoint: 113800 ns, At safepoint: 6600 ns, Total: 120400 ns
[2020-10-05T09:15:23.263+0000][34308][safepoint    ] Safepoint "Cleanup", Time since last: 2000694200 ns, Reaching safepoint: 117800 ns, At safepoint: 5100 ns, Total: 122900 ns
[2020-10-05T09:15:24.263+0000][34308][safepoint    ] Safepoint "Cleanup", Time since last: 1000167500 ns, Reaching safepoint: 124800 ns, At safepoint: 6700 ns, Total: 131500 ns
[2020-10-05T09:15:25.264+0000][34308][safepoint    ] Safepoint "Cleanup", Time since last: 1000782500 ns, Reaching safepoint: 180200 ns, At safepoint: 16200 ns, Total: 196400 ns
[2020-10-05T09:15:26.265+0000][34308][safepoint    ] Safepoint "Cleanup", Time since last: 1000715400 ns, Reaching safepoint: 137100 ns, At safepoint: 9200 ns, Total: 146300 ns
[2020-10-05T09:15:27.266+0000][34308][safepoint    ] Safepoint "Cleanup", Time since last: 1000746500 ns, Reaching safepoint: 223300 ns, At safepoint: 9600 ns, Total: 232900 ns
[2020-10-05T09:15:28.267+0000][34308][safepoint    ] Safepoint "Cleanup", Time since last: 1000386900 ns, Reaching safepoint: 153500 ns, At safepoint: 9800 ns, Total: 163300 ns
[2020-10-05T09:15:29.267+0000][34308][safepoint    ] Safepoint "Cleanup", Time since last: 1000263500 ns, Reaching safepoint: 147300 ns, At safepoint: 9300 ns, Total: 156600 ns
[2020-10-05T09:15:30.267+0000][34308][safepoint    ] Safepoint "Cleanup", Time since last: 1000069200 ns, Reaching safepoint: 543000 ns, At safepoint: 26700 ns, Total: 569700 ns
[2020-10-05T09:15:31.269+0000][34308][safepoint    ] Safepoint "Cleanup", Time since last: 1000621600 ns, Reaching safepoint: 123500 ns, At safepoint: 7200 ns, Total: 130700 ns
[2020-10-05T09:15:33.269+0000][34308][safepoint    ] Safepoint "Cleanup", Time since last: 2000181600 ns, Reaching safepoint: 248600 ns, At safepoint: 12600 ns, Total: 261200 ns
[2020-10-05T09:15:35.269+0000][34308][safepoint    ] Safepoint "Cleanup", Time since last: 2000174600 ns, Reaching safepoint: 98400 ns, At safepoint: 3400 ns, Total: 101800 ns
[2020-10-05T09:15:36.270+0000][34308][safepoint    ] Safepoint "Cleanup", Time since last: 1000316100 ns, Reaching safepoint: 135900 ns, At safepoint: 7200 ns, Total: 143100 ns
[2020-10-05T09:15:37.271+0000][34308][safepoint    ] Safepoint "Cleanup", Time since last: 1000723400 ns, Reaching safepoint: 115800 ns, At safepoint: 11700 ns, Total: 127500 ns
[2020-10-05T09:15:39.272+0000][34308][safepoint    ] Safepoint "Cleanup", Time since last: 2001505500 ns, Reaching safepoint: 159800 ns, At safepoint: 11000 ns, Total: 170800 ns
[2020-10-05T09:15:41.273+0000][34308][safepoint    ] Safepoint "Cleanup", Time since last: 2000809400 ns, Reaching safepoint: 116000 ns, At safepoint: 4300 ns, Total: 120300 ns
[2020-10-05T09:15:42.274+0000][34308][safepoint    ] Safepoint "Cleanup", Time since last: 1000700600 ns, Reaching safepoint: 149000 ns, At safepoint: 7500 ns, Total: 156500 ns
[2020-10-05T09:15:43.275+0000][34308][safepoint    ] Safepoint "Cleanup", Time since last: 1000692400 ns, Reaching safepoint: 155000 ns, At safepoint: 9100 ns, Total: 164100 ns
[2020-10-05T09:15:44.275+0000][34308][safepoint    ] Safepoint "Cleanup", Time since last: 1000094500 ns, Reaching safepoint: 154700 ns, At safepoint: 9300 ns, Total: 164000 ns
[2020-10-05T09:15:45.275+0000][34308][safepoint    ] Safepoint "Cleanup", Time since last: 1000229300 ns, Reaching safepoint: 129500 ns, At safepoint: 19900 ns, Total: 149400 ns
[2020-10-05T09:15:46.276+0000][34308][safepoint    ] Safepoint "Cleanup", Time since last: 1000472000 ns, Reaching safepoint: 167800 ns, At safepoint: 9200 ns, Total: 177000 ns
[2020-10-05T09:15:47.277+0000][34308][safepoint    ] Safepoint "Cleanup", Time since last: 1000688700 ns, Reaching safepoint: 153800 ns, At safepoint: 11000 ns, Total: 164800 ns
[2020-10-05T09:15:48.277+0000][34308][safepoint    ] Safepoint "Cleanup", Time since last: 1000053100 ns, Reaching safepoint: 146700 ns, At safepoint: 10300 ns, Total: 157000 ns
[2020-10-05T09:15:49.277+0000][34308][safepoint    ] Safepoint "Cleanup", Time since last: 1000254800 ns, Reaching safepoint: 157200 ns, At safepoint: 6700 ns, Total: 163900 ns
[2020-10-05T09:15:50.278+0000][34308][safepoint    ] Safepoint "Cleanup", Time since last: 1000072500 ns, Reaching safepoint: 166700 ns, At safepoint: 11700 ns, Total: 178400 ns
[2020-10-05T09:15:52.010+0000][34308][safepoint    ] Safepoint "Cleanup", Time since last: 1731707400 ns, Reaching safepoint: 129500 ns, At safepoint: 8400 ns, Total: 137900 ns
[2020-10-05T09:15:53.011+0000][34308][safepoint    ] Safepoint "Cleanup", Time since last: 1000813100 ns, Reaching safepoint: 157900 ns, At safepoint: 8500 ns, Total: 166400 ns
[2020-10-05T09:15:54.011+0000][34308][safepoint    ] Safepoint "Cleanup", Time since last: 1000085400 ns, Reaching safepoint: 112800 ns, At safepoint: 4500 ns, Total: 117300 ns
[2020-10-05T09:15:55.011+0000][34308][safepoint    ] Safepoint "Cleanup", Time since last: 1000460500 ns, Reaching safepoint: 148500 ns, At safepoint: 14700 ns, Total: 163200 ns
[2020-10-05T09:15:56.012+0000][34308][safepoint    ] Safepoint "Cleanup", Time since last: 1000323500 ns, Reaching safepoint: 158900 ns, At safepoint: 7600 ns, Total: 166500 ns
[2020-10-05T09:15:57.013+0000][34308][safepoint    ] Safepoint "Cleanup", Time since last: 1000494300 ns, Reaching safepoint: 120400 ns, At safepoint: 11100 ns, Total: 131500 ns
[2020-10-05T09:15:59.014+0000][34308][safepoint    ] Safepoint "Cleanup", Time since last: 2000842000 ns, Reaching safepoint: 118000 ns, At safepoint: 7700 ns, Total: 125700 ns
[2020-10-05T09:16:00.014+0000][34308][safepoint    ] Safepoint "Cleanup", Time since last: 1000070200 ns, Reaching safepoint: 169700 ns, At safepoint: 4700 ns, Total: 174400 ns
[2020-10-05T09:16:01.014+0000][34308][safepoint    ] Safepoint "Cleanup", Time since last: 1000488800 ns, Reaching safepoint: 156600 ns, At safepoint: 8400 ns, Total: 165000 ns
[2020-10-05T09:16:02.015+0000][34308][safepoint    ] Safepoint "Cleanup", Time since last: 1000338500 ns, Reaching safepoint: 178500 ns, At safepoint: 8600 ns, Total: 187100 ns
[2020-10-05T09:16:03.016+0000][34308][safepoint    ] Safepoint "Cleanup", Time since last: 1000516600 ns, Reaching safepoint: 127100 ns, At safepoint: 8700 ns, Total: 135800 ns
[2020-10-05T09:16:04.017+0000][34308][safepoint    ] Safepoint "Cleanup", Time since last: 1000784700 ns, Reaching safepoint: 133400 ns, At safepoint: 9000 ns, Total: 142400 ns
[2020-10-05T09:16:05.017+0000][34308][safepoint    ] Safepoint "Cleanup", Time since last: 1000707000 ns, Reaching safepoint: 110300 ns, At safepoint: 13500 ns, Total: 123800 ns
[2020-10-05T09:16:06.018+0000][34308][safepoint    ] Safepoint "Cleanup", Time since last: 1000724000 ns, Reaching safepoint: 133500 ns, At safepoint: 13900 ns, Total: 147400 ns
[2020-10-05T09:16:07.019+0000][34308][safepoint    ] Safepoint "Cleanup", Time since last: 1000701300 ns, Reaching safepoint: 133100 ns, At safepoint: 8200 ns, Total: 141300 ns
[2020-10-05T09:16:08.019+0000][34308][safepoint    ] Safepoint "Cleanup", Time since last: 1000080100 ns, Reaching safepoint: 169800 ns, At safepoint: 12800 ns, Total: 182600 ns
[2020-10-05T09:16:10.020+0000][34308][safepoint    ] Safepoint "Cleanup", Time since last: 2000535900 ns, Reaching safepoint: 139900 ns, At safepoint: 7100 ns, Total: 147000 ns
[2020-10-05T09:16:11.021+0000][34308][safepoint    ] Safepoint "Cleanup", Time since last: 1000699100 ns, Reaching safepoint: 121900 ns, At safepoint: 9100 ns, Total: 131000 ns
[2020-10-05T09:16:12.022+0000][34308][safepoint    ] Safepoint "Cleanup", Time since last: 1000549200 ns, Reaching safepoint: 137500 ns, At safepoint: 16200 ns, Total: 153700 ns
[2020-10-05T09:16:13.023+0000][34308][safepoint    ] Safepoint "Cleanup", Time since last: 1000874700 ns, Reaching safepoint: 138800 ns, At safepoint: 5500 ns, Total: 144300 ns
[2020-10-05T09:16:14.024+0000][34308][safepoint    ] Safepoint "Cleanup", Time since last: 1000712400 ns, Reaching safepoint: 128100 ns, At safepoint: 3200 ns, Total: 131300 ns
[2020-10-05T09:16:15.024+0000][34308][safepoint    ] Safepoint "Cleanup", Time since last: 1000648500 ns, Reaching safepoint: 133900 ns, At safepoint: 8200 ns, Total: 142100 ns
[2020-10-05T09:16:16.025+0000][34308][safepoint    ] Safepoint "Cleanup", Time since last: 1000733000 ns, Reaching safepoint: 149600 ns, At safepoint: 9000 ns, Total: 158600 ns
[2020-10-05T09:16:17.026+0000][34308][safepoint    ] Safepoint "Cleanup", Time since last: 1000276100 ns, Reaching safepoint: 125900 ns, At safepoint: 8000 ns, Total: 133900 ns
[2020-10-05T09:16:19.026+0000][34308][safepoint    ] Safepoint "Cleanup", Time since last: 2000154300 ns, Reaching safepoint: 127100 ns, At safepoint: 8000 ns, Total: 135100 ns
[2020-10-05T09:16:20.026+0000][34308][safepoint    ] Safepoint "Cleanup", Time since last: 1000271900 ns, Reaching safepoint: 126300 ns, At safepoint: 9800 ns, Total: 136100 ns
[2020-10-05T09:16:21.027+0000][34308][safepoint    ] Safepoint "Cleanup", Time since last: 1000320100 ns, Reaching safepoint: 121700 ns, At safepoint: 7800 ns, Total: 129500 ns
[2020-10-05T09:16:22.028+0000][34308][safepoint    ] Safepoint "Cleanup", Time since last: 1000656900 ns, Reaching safepoint: 148300 ns, At safepoint: 7700 ns, Total: 156000 ns
[2020-10-05T09:16:23.028+0000][34308][safepoint    ] Safepoint "Cleanup", Time since last: 1000417800 ns, Reaching safepoint: 166000 ns, At safepoint: 8000 ns, Total: 174000 ns
[2020-10-05T09:16:24.029+0000][34308][safepoint    ] Safepoint "Cleanup", Time since last: 1000502700 ns, Reaching safepoint: 145300 ns, At safepoint: 7300 ns, Total: 152600 ns
[2020-10-05T09:16:25.029+0000][34308][safepoint    ] Safepoint "Cleanup", Time since last: 1000302700 ns, Reaching safepoint: 117000 ns, At safepoint: 7700 ns, Total: 124700 ns
[2020-10-05T09:16:26.030+0000][34308][safepoint    ] Safepoint "Cleanup", Time since last: 1000548300 ns, Reaching safepoint: 126200 ns, At safepoint: 6500 ns, Total: 132700 ns
[2020-10-05T09:16:27.031+0000][34308][safepoint    ] Safepoint "Cleanup", Time since last: 1000703000 ns, Reaching safepoint: 156500 ns, At safepoint: 7100 ns, Total: 163600 ns
[2020-10-05T09:16:28.031+0000][34308][safepoint    ] Safepoint "Cleanup", Time since last: 1000360500 ns, Reaching safepoint: 128800 ns, At safepoint: 7600 ns, Total: 136400 ns
[2020-10-05T09:16:29.032+0000][34308][safepoint    ] Safepoint "Cleanup", Time since last: 1000485300 ns, Reaching safepoint: 118800 ns, At safepoint: 7200 ns, Total: 126000 ns
[2020-10-05T09:16:30.032+0000][34308][safepoint    ] Safepoint "Cleanup", Time since last: 1000100100 ns, Reaching safepoint: 141900 ns, At safepoint: 7100 ns, Total: 149000 ns
[2020-10-05T09:16:31.032+0000][34308][safepoint    ] Safepoint "Cleanup", Time since last: 1000020500 ns, Reaching safepoint: 118800 ns, At safepoint: 6500 ns, Total: 125300 ns
[2020-10-05T09:16:32.032+0000][34308][safepoint    ] Safepoint "Cleanup", Time since last: 1000027900 ns, Reaching safepoint: 161200 ns, At safepoint: 7200 ns, Total: 168400 ns
[2020-10-05T09:16:33.033+0000][34308][safepoint    ] Safepoint "Cleanup", Time since last: 1000581800 ns, Reaching safepoint: 150800 ns, At safepoint: 7900 ns, Total: 158700 ns
[2020-10-05T09:16:34.034+0000][34308][safepoint    ] Safepoint "Cleanup", Time since last: 1000644400 ns, Reaching safepoint: 125600 ns, At safepoint: 5100 ns, Total: 130700 ns
[2020-10-05T09:16:36.035+0000][34308][safepoint    ] Safepoint "Cleanup", Time since last: 2000558200 ns, Reaching safepoint: 123900 ns, At safepoint: 7200 ns, Total: 131100 ns
[2020-10-05T09:16:37.035+0000][34308][safepoint    ] Safepoint "Cleanup", Time since last: 1000234300 ns, Reaching safepoint: 128500 ns, At safepoint: 8600 ns, Total: 137100 ns
[2020-10-05T09:16:38.036+0000][34308][safepoint    ] Safepoint "Cleanup", Time since last: 1000639600 ns, Reaching safepoint: 120600 ns, At safepoint: 7700 ns, Total: 128300 ns
[2020-10-05T09:16:39.036+0000][34308][safepoint    ] Safepoint "Cleanup", Time since last: 1000238700 ns, Reaching safepoint: 131600 ns, At safepoint: 8500 ns, Total: 140100 ns
[2020-10-05T09:16:40.037+0000][34308][safepoint    ] Safepoint "Cleanup", Time since last: 1000218000 ns, Reaching safepoint: 135700 ns, At safepoint: 7500 ns, Total: 143200 ns
[2020-10-05T09:16:41.037+0000][34308][safepoint    ] Safepoint "Cleanup", Time since last: 1000018100 ns, Reaching safepoint: 107200 ns, At safepoint: 7000 ns, Total: 114200 ns
[2020-10-05T09:16:42.037+0000][34308][safepoint    ] Safepoint "Cleanup", Time since last: 1000404200 ns, Reaching safepoint: 131400 ns, At safepoint: 7300 ns, Total: 138700 ns
[2020-10-05T09:16:43.038+0000][34308][safepoint    ] Safepoint "Cleanup", Time since last: 1000437000 ns, Reaching safepoint: 145300 ns, At safepoint: 7800 ns, Total: 153100 ns
[2020-10-05T09:16:45.039+0000][34308][safepoint    ] Safepoint "Cleanup", Time since last: 2000591100 ns, Reaching safepoint: 132900 ns, At safepoint: 7300 ns, Total: 140200 ns
[2020-10-05T09:16:46.039+0000][34308][safepoint    ] Safepoint "Cleanup", Time since last: 1000296500 ns, Reaching safepoint: 135800 ns, At safepoint: 10900 ns, Total: 146700 ns
[2020-10-05T09:16:48.040+0000][34308][safepoint    ] Safepoint "Cleanup", Time since last: 2000457700 ns, Reaching safepoint: 105900 ns, At safepoint: 8300 ns, Total: 114200 ns
[2020-10-05T09:16:49.040+0000][34308][safepoint    ] Safepoint "Cleanup", Time since last: 1000354200 ns, Reaching safepoint: 99000 ns, At safepoint: 3200 ns, Total: 102200 ns
[2020-10-05T09:16:50.041+0000][34308][safepoint    ] Safepoint "Cleanup", Time since last: 1000677800 ns, Reaching safepoint: 115300 ns, At safepoint: 5400 ns, Total: 120700 ns
[2020-10-05T09:16:51.041+0000][34308][safepoint    ] Safepoint "Cleanup", Time since last: 1000280000 ns, Reaching safepoint: 154400 ns, At safepoint: 8800 ns, Total: 163200 ns
[2020-10-05T09:16:52.042+0000][34308][safepoint    ] Safepoint "Cleanup", Time since last: 1000229700 ns, Reaching safepoint: 138200 ns, At safepoint: 7000 ns, Total: 145200 ns
[2020-10-05T09:16:53.042+0000][34308][safepoint    ] Safepoint "Cleanup", Time since last: 1000093700 ns, Reaching safepoint: 163700 ns, At safepoint: 8500 ns, Total: 172200 ns
[2020-10-05T09:16:54.042+0000][34308][safepoint    ] Safepoint "Cleanup", Time since last: 1000285000 ns, Reaching safepoint: 128800 ns, At safepoint: 6000 ns, Total: 134800 ns
[2020-10-05T09:16:55.043+0000][34308][safepoint    ] Safepoint "Cleanup", Time since last: 1000595600 ns, Reaching safepoint: 180700 ns, At safepoint: 7200 ns, Total: 187900 ns
[2020-10-05T09:16:56.044+0000][34308][safepoint    ] Safepoint "Cleanup", Time since last: 1000625100 ns, Reaching safepoint: 114700 ns, At safepoint: 6400 ns, Total: 121100 ns
[2020-10-05T09:16:57.044+0000][34308][safepoint    ] Safepoint "Cleanup", Time since last: 1000007200 ns, Reaching safepoint: 105100 ns, At safepoint: 4600 ns, Total: 109700 ns
[2020-10-05T09:16:59.045+0000][34308][safepoint    ] Safepoint "Cleanup", Time since last: 2000800700 ns, Reaching safepoint: 115300 ns, At safepoint: 6400 ns, Total: 121700 ns
[2020-10-05T09:17:00.046+0000][34308][safepoint    ] Safepoint "Cleanup", Time since last: 1000466000 ns, Reaching safepoint: 124500 ns, At safepoint: 7000 ns, Total: 131500 ns
[2020-10-05T09:17:02.046+0000][34308][safepoint    ] Safepoint "Cleanup", Time since last: 2000408300 ns, Reaching safepoint: 106300 ns, At safepoint: 6400 ns, Total: 112700 ns
[2020-10-05T09:17:03.047+0000][34308][safepoint    ] Safepoint "Cleanup", Time since last: 1000810300 ns, Reaching safepoint: 148700 ns, At safepoint: 8300 ns, Total: 157000 ns
[2020-10-05T09:17:04.047+0000][34308][safepoint    ] Safepoint "Cleanup", Time since last: 1000059600 ns, Reaching safepoint: 111900 ns, At safepoint: 7200 ns, Total: 119100 ns
[2020-10-05T09:17:05.047+0000][34308][safepoint    ] Safepoint "Cleanup", Time since last: 1000009100 ns, Reaching safepoint: 132600 ns, At safepoint: 4800 ns, Total: 137400 ns
[2020-10-05T09:17:06.048+0000][34308][safepoint    ] Safepoint "Cleanup", Time since last: 1000075600 ns, Reaching safepoint: 112600 ns, At safepoint: 4900 ns, Total: 117500 ns
[2020-10-05T09:17:07.048+0000][34308][safepoint    ] Safepoint "Cleanup", Time since last: 1000408900 ns, Reaching safepoint: 135100 ns, At safepoint: 6600 ns, Total: 141700 ns
[2020-10-05T09:17:08.495+0000][34308][safepoint    ] Safepoint "Cleanup", Time since last: 1446475600 ns, Reaching safepoint: 102100 ns, At safepoint: 5100 ns, Total: 107200 ns
[2020-10-05T09:17:10.495+0000][34308][safepoint    ] Safepoint "Cleanup", Time since last: 2000041800 ns, Reaching safepoint: 104800 ns, At safepoint: 4900 ns, Total: 109700 ns
[2020-10-05T09:17:12.496+0000][34308][safepoint    ] Safepoint "Cleanup", Time since last: 2000816500 ns, Reaching safepoint: 112100 ns, At safepoint: 6700 ns, Total: 118800 ns
[2020-10-05T09:17:13.496+0000][34308][safepoint    ] Safepoint "Cleanup", Time since last: 1000100400 ns, Reaching safepoint: 116100 ns, At safepoint: 14000 ns, Total: 130100 ns
[2020-10-05T09:17:14.497+0000][34308][safepoint    ] Safepoint "Cleanup", Time since last: 1000436300 ns, Reaching safepoint: 118000 ns, At safepoint: 6500 ns, Total: 124500 ns
[2020-10-05T09:17:15.497+0000][34308][safepoint    ] Safepoint "Cleanup", Time since last: 1000440100 ns, Reaching safepoint: 115200 ns, At safepoint: 6500 ns, Total: 121700 ns
[2020-10-05T09:17:16.498+0000][34308][safepoint    ] Safepoint "Cleanup", Time since last: 1000680000 ns, Reaching safepoint: 150600 ns, At safepoint: 25300 ns, Total: 175900 ns
[2020-10-05T09:17:17.499+0000][34308][safepoint    ] Safepoint "Cleanup", Time since last: 1000634800 ns, Reaching safepoint: 197400 ns, At safepoint: 19600 ns, Total: 217000 ns
[2020-10-05T09:17:18.500+0000][34308][safepoint    ] Safepoint "Cleanup", Time since last: 1000675200 ns, Reaching safepoint: 182800 ns, At safepoint: 8000 ns, Total: 190800 ns
[2020-10-05T09:17:20.500+0000][34308][safepoint    ] Safepoint "Cleanup", Time since last: 2000615300 ns, Reaching safepoint: 92200 ns, At safepoint: 3900 ns, Total: 96100 ns
[2020-10-05T09:17:21.501+0000][34308][safepoint    ] Safepoint "Cleanup", Time since last: 1000233500 ns, Reaching safepoint: 130100 ns, At safepoint: 7400 ns, Total: 137500 ns
[2020-10-05T09:17:22.502+0000][34308][safepoint    ] Safepoint "Cleanup", Time since last: 1000811300 ns, Reaching safepoint: 110800 ns, At safepoint: 4600 ns, Total: 115400 ns
[2020-10-05T09:17:23.502+0000][34308][safepoint    ] Safepoint "Cleanup", Time since last: 1000428000 ns, Reaching safepoint: 130000 ns, At safepoint: 6500 ns, Total: 136500 ns
[2020-10-05T09:17:24.502+0000][34308][safepoint    ] Safepoint "Cleanup", Time since last: 1000055900 ns, Reaching safepoint: 121500 ns, At safepoint: 8900 ns, Total: 130400 ns
[2020-10-05T09:17:26.503+0000][34308][safepoint    ] Safepoint "Cleanup", Time since last: 2000212400 ns, Reaching safepoint: 126400 ns, At safepoint: 3300 ns, Total: 129700 ns
[2020-10-05T09:17:27.503+0000][34308][safepoint    ] Safepoint "Cleanup", Time since last: 1000494000 ns, Reaching safepoint: 125500 ns, At safepoint: 9000 ns, Total: 134500 ns
[2020-10-05T09:17:29.504+0000][34308][safepoint    ] Safepoint "Cleanup", Time since last: 2000026300 ns, Reaching safepoint: 123000 ns, At safepoint: 7800 ns, Total: 130800 ns
[2020-10-05T09:17:30.504+0000][34308][safepoint    ] Safepoint "Cleanup", Time since last: 1000461200 ns, Reaching safepoint: 341700 ns, At safepoint: 27800 ns, Total: 369500 ns
[2020-10-05T09:17:32.505+0000][34308][safepoint    ] Safepoint "Cleanup", Time since last: 2000182400 ns, Reaching safepoint: 137900 ns, At safepoint: 9400 ns, Total: 147300 ns
[2020-10-05T09:17:34.505+0000][34308][safepoint    ] Safepoint "Cleanup", Time since last: 1999913700 ns, Reaching safepoint: 117700 ns, At safepoint: 5400 ns, Total: 123100 ns
[2020-10-05T09:17:35.505+0000][34308][safepoint    ] Safepoint "Cleanup", Time since last: 1000548100 ns, Reaching safepoint: 150900 ns, At safepoint: 7800 ns, Total: 158700 ns
[2020-10-05T09:17:36.506+0000][34308][safepoint    ] Safepoint "Cleanup", Time since last: 1000590600 ns, Reaching safepoint: 133100 ns, At safepoint: 8400 ns, Total: 141500 ns
[2020-10-05T09:17:37.507+0000][34308][safepoint    ] Safepoint "Cleanup", Time since last: 1000704600 ns, Reaching safepoint: 132800 ns, At safepoint: 16900 ns, Total: 149700 ns
[2020-10-05T09:17:38.508+0000][34308][safepoint    ] Safepoint "Cleanup", Time since last: 1000753300 ns, Reaching safepoint: 166900 ns, At safepoint: 8400 ns, Total: 175300 ns
[2020-10-05T09:17:39.509+0000][34308][safepoint    ] Safepoint "Cleanup", Time since last: 1000410200 ns, Reaching safepoint: 147400 ns, At safepoint: 12600 ns, Total: 160000 ns
[2020-10-05T09:17:40.509+0000][34308][safepoint    ] Safepoint "Cleanup", Time since last: 1000378300 ns, Reaching safepoint: 158300 ns, At safepoint: 14600 ns, Total: 172900 ns
[2020-10-05T09:17:41.510+0000][34308][safepoint    ] Safepoint "Cleanup", Time since last: 1000659800 ns, Reaching safepoint: 135700 ns, At safepoint: 9100 ns, Total: 144800 ns
[2020-10-05T09:17:42.511+0000][34308][safepoint    ] Safepoint "Cleanup", Time since last: 1000624500 ns, Reaching safepoint: 169400 ns, At safepoint: 7800 ns, Total: 177200 ns
[2020-10-05T09:17:44.511+0000][34308][safepoint    ] Safepoint "Cleanup", Time since last: 2000419500 ns, Reaching safepoint: 138700 ns, At safepoint: 10000 ns, Total: 148700 ns
[2020-10-05T09:17:45.512+0000][34308][safepoint    ] Safepoint "Cleanup", Time since last: 1000232900 ns, Reaching safepoint: 120000 ns, At safepoint: 5600 ns, Total: 125600 ns
[2020-10-05T09:17:46.512+0000][34308][safepoint    ] Safepoint "Cleanup", Time since last: 1000461100 ns, Reaching safepoint: 139200 ns, At safepoint: 10800 ns, Total: 150000 ns
[2020-10-05T09:17:47.513+0000][34308][safepoint    ] Safepoint "Cleanup", Time since last: 1000534100 ns, Reaching safepoint: 141300 ns, At safepoint: 9800 ns, Total: 151100 ns
[2020-10-05T09:17:49.514+0000][34308][safepoint    ] Safepoint "Cleanup", Time since last: 2000476500 ns, Reaching safepoint: 123200 ns, At safepoint: 7500 ns, Total: 130700 ns
[2020-10-05T09:17:50.514+0000][34308][safepoint    ] Safepoint "Cleanup", Time since last: 1000408500 ns, Reaching safepoint: 135500 ns, At safepoint: 7000 ns, Total: 142500 ns
[2020-10-05T09:17:51.515+0000][34308][safepoint    ] Safepoint "Cleanup", Time since last: 1000287700 ns, Reaching safepoint: 124300 ns, At safepoint: 7500 ns, Total: 131800 ns
[2020-10-05T09:17:53.515+0000][34308][safepoint    ] Safepoint "Cleanup", Time since last: 2000272900 ns, Reaching safepoint: 138700 ns, At safepoint: 8100 ns, Total: 146800 ns
[2020-10-05T09:17:54.516+0000][34308][safepoint    ] Safepoint "Cleanup", Time since last: 1000494800 ns, Reaching safepoint: 159700 ns, At safepoint: 8100 ns, Total: 167800 ns
[2020-10-05T09:17:55.516+0000][34308][safepoint    ] Safepoint "Cleanup", Time since last: 1000229900 ns, Reaching safepoint: 128900 ns, At safepoint: 5400 ns, Total: 134300 ns
[2020-10-05T09:17:56.516+0000][34308][safepoint    ] Safepoint "Cleanup", Time since last: 1000195100 ns, Reaching safepoint: 139000 ns, At safepoint: 7400 ns, Total: 146400 ns
[2020-10-05T09:17:57.517+0000][34308][safepoint    ] Safepoint "Cleanup", Time since last: 1000387600 ns, Reaching safepoint: 131500 ns, At safepoint: 8500 ns, Total: 140000 ns
[2020-10-05T09:17:58.518+0000][34308][safepoint    ] Safepoint "Cleanup", Time since last: 1000541500 ns, Reaching safepoint: 130600 ns, At safepoint: 7900 ns, Total: 138500 ns
[2020-10-05T09:18:12.590+0000][34308][gc,start     ] GC(12) Pause Young (Normal) (G1 Evacuation Pause)
[2020-10-05T09:18:12.590+0000][34308][gc,task      ] GC(12) Using 8 workers of 8 for evacuation
[2020-10-05T09:18:12.590+0000][34308][gc,age       ] GC(12) Desired survivor size 36700160 bytes, new threshold 15 (max threshold 15)
[2020-10-05T09:18:12.614+0000][34308][gc,age       ] GC(12) Age table with threshold 15 (max threshold 15)
[2020-10-05T09:18:12.614+0000][34308][gc,age       ] GC(12) - age   1:    2820312 bytes,    2820312 total
[2020-10-05T09:18:12.614+0000][34308][gc,age       ] GC(12) - age   2:    2003360 bytes,    4823672 total
[2020-10-05T09:18:12.614+0000][34308][gc,age       ] GC(12) - age   3:   10105128 bytes,   14928800 total
[2020-10-05T09:18:12.614+0000][34308][gc,age       ] GC(12) - age   4:    7911968 bytes,   22840768 total
[2020-10-05T09:18:12.614+0000][34308][gc,phases    ] GC(12)   Pre Evacuate Collection Set: 0.5ms
[2020-10-05T09:18:12.614+0000][34308][gc,phases    ] GC(12)   Merge Heap Roots: 0.1ms
[2020-10-05T09:18:12.614+0000][34308][gc,phases    ] GC(12)   Evacuate Collection Set: 20.2ms
[2020-10-05T09:18:12.614+0000][34308][gc,phases    ] GC(12)   Post Evacuate Collection Set: 2.3ms
[2020-10-05T09:18:12.614+0000][34308][gc,phases    ] GC(12)   Other: 1.7ms
[2020-10-05T09:18:12.614+0000][34308][gc,heap      ] GC(12) Eden regions: 536->0(466)
[2020-10-05T09:18:12.614+0000][34308][gc,heap      ] GC(12) Survivor regions: 22->24(70)
[2020-10-05T09:18:12.614+0000][34308][gc,heap      ] GC(12) Old regions: 50->50
[2020-10-05T09:18:12.614+0000][34308][gc,heap      ] GC(12) Archive regions: 0->0
[2020-10-05T09:18:12.614+0000][34308][gc,heap      ] GC(12) Humongous regions: 174->174
[2020-10-05T09:18:12.614+0000][34308][gc,metaspace ] GC(12) Metaspace: 80545K(86144K)->80545K(86144K) NonClass: 69897K(73216K)->69897K(73216K) Class: 10647K(12928K)->10647K(12928K)
[2020-10-05T09:18:12.614+0000][34308][gc           ] GC(12) Pause Young (Normal) (G1 Evacuation Pause) 781M->247M(1024M) 24.676ms
[2020-10-05T09:18:12.614+0000][34308][gc,cpu       ] GC(12) User=0.08s Sys=0.02s Real=0.02s
[2020-10-05T09:18:12.614+0000][34308][safepoint    ] Safepoint "G1CollectForAllocation", Time since last: 14071536900 ns, Reaching safepoint: 152800 ns, At safepoint: 25352500 ns, Total: 25505300 ns
[2020-10-05T09:18:22.022+0000][34308][safepoint    ] Safepoint "Cleanup", Time since last: 9407003700 ns, Reaching safepoint: 108700 ns, At safepoint: 6900 ns, Total: 115600 ns
[2020-10-05T09:20:55.101+0000][34308][safepoint    ] Safepoint "Cleanup", Time since last: 153078781500 ns, Reaching safepoint: 129400 ns, At safepoint: 7700 ns, Total: 137100 ns
[2020-10-05T09:21:08.108+0000][34308][safepoint    ] Safepoint "Cleanup", Time since last: 13007400000 ns, Reaching safepoint: 119200 ns, At safepoint: 6900 ns, Total: 126100 ns
[2020-10-05T09:21:23.117+0000][34308][safepoint    ] Safepoint "Cleanup", Time since last: 15008039200 ns, Reaching safepoint: 851500 ns, At safepoint: 33400 ns, Total: 884900 ns
[2020-10-05T09:21:51.132+0000][34308][safepoint    ] Safepoint "Cleanup", Time since last: 28014455300 ns, Reaching safepoint: 209300 ns, At safepoint: 10900 ns, Total: 220200 ns
[2020-10-05T09:23:04.168+0000][34308][safepoint    ] Safepoint "Cleanup", Time since last: 73035868800 ns, Reaching safepoint: 192300 ns, At safepoint: 10600 ns, Total: 202900 ns
[2020-10-05T09:23:49.189+0000][34308][safepoint    ] Safepoint "Cleanup", Time since last: 45020931300 ns, Reaching safepoint: 136400 ns, At safepoint: 8000 ns, Total: 144400 ns
[2020-10-05T09:23:52.191+0000][34308][safepoint    ] Safepoint "Cleanup", Time since last: 3001920000 ns, Reaching safepoint: 136400 ns, At safepoint: 3300 ns, Total: 139700 ns
[2020-10-05T09:24:43.216+0000][34308][safepoint    ] Safepoint "Cleanup", Time since last: 51024189100 ns, Reaching safepoint: 162000 ns, At safepoint: 8000 ns, Total: 170000 ns
[2020-10-05T09:24:51.219+0000][34308][safepoint    ] Safepoint "Cleanup", Time since last: 8003225700 ns, Reaching safepoint: 149600 ns, At safepoint: 6900 ns, Total: 156500 ns
[2020-10-05T09:24:54.219+0000][34308][safepoint    ] Safepoint "Cleanup", Time since last: 3000207100 ns, Reaching safepoint: 115500 ns, At safepoint: 7500 ns, Total: 123000 ns
[2020-10-05T09:24:55.220+0000][34308][safepoint    ] Safepoint "Cleanup", Time since last: 1000729800 ns, Reaching safepoint: 128100 ns, At safepoint: 7500 ns, Total: 135600 ns
[2020-10-05T09:24:57.221+0000][34308][safepoint    ] Safepoint "Cleanup", Time since last: 2000410700 ns, Reaching safepoint: 111000 ns, At safepoint: 32700 ns, Total: 143700 ns
[2020-10-05T09:24:58.222+0000][34308][safepoint    ] Safepoint "Cleanup", Time since last: 1000676000 ns, Reaching safepoint: 125700 ns, At safepoint: 7700 ns, Total: 133400 ns
[2020-10-05T09:24:59.222+0000][34308][safepoint    ] Safepoint "Cleanup", Time since last: 1000598900 ns, Reaching safepoint: 146200 ns, At safepoint: 7100 ns, Total: 153300 ns
[2020-10-05T09:25:00.223+0000][34308][safepoint    ] Safepoint "Cleanup", Time since last: 1000531100 ns, Reaching safepoint: 157200 ns, At safepoint: 6900 ns, Total: 164100 ns
[2020-10-05T09:25:01.223+0000][34308][safepoint    ] Safepoint "Cleanup", Time since last: 1000223400 ns, Reaching safepoint: 145400 ns, At safepoint: 9200 ns, Total: 154600 ns
[2020-10-05T09:25:02.224+0000][34308][safepoint    ] Safepoint "Cleanup", Time since last: 1000623100 ns, Reaching safepoint: 171100 ns, At safepoint: 10500 ns, Total: 181600 ns
[2020-10-05T09:25:03.225+0000][34308][safepoint    ] Safepoint "Cleanup", Time since last: 1000252300 ns, Reaching safepoint: 144700 ns, At safepoint: 22200 ns, Total: 166900 ns
[2020-10-05T09:25:04.225+0000][34308][safepoint    ] Safepoint "Cleanup", Time since last: 1000510800 ns, Reaching safepoint: 144600 ns, At safepoint: 8000 ns, Total: 152600 ns
[2020-10-05T09:25:05.226+0000][34308][safepoint    ] Safepoint "Cleanup", Time since last: 1000765200 ns, Reaching safepoint: 172600 ns, At safepoint: 11400 ns, Total: 184000 ns
[2020-10-05T09:25:06.227+0000][34308][safepoint    ] Safepoint "Cleanup", Time since last: 1000179100 ns, Reaching safepoint: 105400 ns, At safepoint: 4100 ns, Total: 109500 ns
[2020-10-05T09:25:07.228+0000][34308][safepoint    ] Safepoint "Cleanup", Time since last: 1000849700 ns, Reaching safepoint: 124700 ns, At safepoint: 18300 ns, Total: 143000 ns
[2020-10-05T09:25:08.228+0000][34308][safepoint    ] Safepoint "Cleanup", Time since last: 1000043900 ns, Reaching safepoint: 145800 ns, At safepoint: 10100 ns, Total: 155900 ns
[2020-10-05T09:25:09.228+0000][34308][safepoint    ] Safepoint "Cleanup", Time since last: 1000387400 ns, Reaching safepoint: 156100 ns, At safepoint: 9600 ns, Total: 165700 ns
[2020-10-05T09:25:10.229+0000][34308][safepoint    ] Safepoint "Cleanup", Time since last: 1000780100 ns, Reaching safepoint: 124400 ns, At safepoint: 4900 ns, Total: 129300 ns
[2020-10-05T09:25:11.230+0000][34308][safepoint    ] Safepoint "Cleanup", Time since last: 1000688600 ns, Reaching safepoint: 152700 ns, At safepoint: 8300 ns, Total: 161000 ns
[2020-10-05T09:25:13.231+0000][34308][safepoint    ] Safepoint "Cleanup", Time since last: 2000552800 ns, Reaching safepoint: 136400 ns, At safepoint: 10000 ns, Total: 146400 ns
[2020-10-05T09:25:14.232+0000][34308][safepoint    ] Safepoint "Cleanup", Time since last: 1000637600 ns, Reaching safepoint: 138700 ns, At safepoint: 7700 ns, Total: 146400 ns
[2020-10-05T09:25:15.232+0000][34308][safepoint    ] Safepoint "Cleanup", Time since last: 1000417200 ns, Reaching safepoint: 140100 ns, At safepoint: 8600 ns, Total: 148700 ns
[2020-10-05T09:25:16.233+0000][34308][safepoint    ] Safepoint "Cleanup", Time since last: 1000412300 ns, Reaching safepoint: 183400 ns, At safepoint: 7400 ns, Total: 190800 ns
[2020-10-05T09:25:18.234+0000][34308][safepoint    ] Safepoint "Cleanup", Time since last: 2000674400 ns, Reaching safepoint: 124200 ns, At safepoint: 7100 ns, Total: 131300 ns
[2020-10-05T09:25:19.234+0000][34308][safepoint    ] Safepoint "Cleanup", Time since last: 1000394800 ns, Reaching safepoint: 119500 ns, At safepoint: 10000 ns, Total: 129500 ns
[2020-10-05T09:25:20.235+0000][34308][safepoint    ] Safepoint "Cleanup", Time since last: 1000437700 ns, Reaching safepoint: 115200 ns, At safepoint: 7700 ns, Total: 122900 ns
[2020-10-05T09:25:21.236+0000][34308][safepoint    ] Safepoint "Cleanup", Time since last: 1000902600 ns, Reaching safepoint: 131000 ns, At safepoint: 8800 ns, Total: 139800 ns
[2020-10-05T09:25:22.236+0000][34308][safepoint    ] Safepoint "Cleanup", Time since last: 1000138800 ns, Reaching safepoint: 140800 ns, At safepoint: 7100 ns, Total: 147900 ns
[2020-10-05T09:25:23.236+0000][34308][safepoint    ] Safepoint "Cleanup", Time since last: 1000015700 ns, Reaching safepoint: 176000 ns, At safepoint: 8000 ns, Total: 184000 ns
[2020-10-05T09:25:25.237+0000][34308][safepoint    ] Safepoint "Cleanup", Time since last: 2000274600 ns, Reaching safepoint: 118400 ns, At safepoint: 7600 ns, Total: 126000 ns
[2020-10-05T09:25:26.237+0000][34308][safepoint    ] Safepoint "Cleanup", Time since last: 1000428100 ns, Reaching safepoint: 147000 ns, At safepoint: 8700 ns, Total: 155700 ns
[2020-10-05T09:25:27.238+0000][34308][safepoint    ] Safepoint "Cleanup", Time since last: 1000595000 ns, Reaching safepoint: 132900 ns, At safepoint: 6600 ns, Total: 139500 ns
[2020-10-05T09:25:28.238+0000][34308][safepoint    ] Safepoint "Cleanup", Time since last: 1000200900 ns, Reaching safepoint: 513000 ns, At safepoint: 22600 ns, Total: 535600 ns
[2020-10-05T09:25:30.239+0000][34308][safepoint    ] Safepoint "Cleanup", Time since last: 2000462000 ns, Reaching safepoint: 119300 ns, At safepoint: 8200 ns, Total: 127500 ns
[2020-10-05T09:25:31.240+0000][34308][safepoint    ] Safepoint "Cleanup", Time since last: 1000144600 ns, Reaching safepoint: 113100 ns, At safepoint: 8000 ns, Total: 121100 ns
[2020-10-05T09:25:32.240+0000][34308][safepoint    ] Safepoint "Cleanup", Time since last: 1000523000 ns, Reaching safepoint: 136500 ns, At safepoint: 7900 ns, Total: 144400 ns
[2020-10-05T09:25:33.241+0000][34308][safepoint    ] Safepoint "Cleanup", Time since last: 1000788500 ns, Reaching safepoint: 141800 ns, At safepoint: 8500 ns, Total: 150300 ns
[2020-10-05T09:25:34.242+0000][34308][safepoint    ] Safepoint "Cleanup", Time since last: 1000258300 ns, Reaching safepoint: 414000 ns, At safepoint: 31400 ns, Total: 445400 ns
[2020-10-05T09:25:35.242+0000][34308][safepoint    ] Safepoint "Cleanup", Time since last: 1000237200 ns, Reaching safepoint: 386000 ns, At safepoint: 20500 ns, Total: 406500 ns
[2020-10-05T09:25:37.243+0000][34308][safepoint    ] Safepoint "Cleanup", Time since last: 2000425300 ns, Reaching safepoint: 132900 ns, At safepoint: 7700 ns, Total: 140600 ns
[2020-10-05T09:25:38.243+0000][34308][safepoint    ] Safepoint "Cleanup", Time since last: 1000178200 ns, Reaching safepoint: 169400 ns, At safepoint: 9700 ns, Total: 179100 ns
[2020-10-05T09:25:40.244+0000][34308][safepoint    ] Safepoint "Cleanup", Time since last: 2000776300 ns, Reaching safepoint: 169700 ns, At safepoint: 10900 ns, Total: 180600 ns
[2020-10-05T09:25:41.245+0000][34308][safepoint    ] Safepoint "Cleanup", Time since last: 1000817500 ns, Reaching safepoint: 179100 ns, At safepoint: 8100 ns, Total: 187200 ns
[2020-10-05T09:25:42.246+0000][34308][safepoint    ] Safepoint "Cleanup", Time since last: 1000286100 ns, Reaching safepoint: 126300 ns, At safepoint: 7500 ns, Total: 133800 ns
[2020-10-05T09:25:43.246+0000][34308][safepoint    ] Safepoint "Cleanup", Time since last: 1000344300 ns, Reaching safepoint: 117700 ns, At safepoint: 6800 ns, Total: 124500 ns
[2020-10-05T09:25:44.247+0000][34308][safepoint    ] Safepoint "Cleanup", Time since last: 1000418400 ns, Reaching safepoint: 138000 ns, At safepoint: 9200 ns, Total: 147200 ns
[2020-10-05T09:25:45.247+0000][34308][safepoint    ] Safepoint "Cleanup", Time since last: 1000480900 ns, Reaching safepoint: 154100 ns, At safepoint: 6300 ns, Total: 160400 ns
[2020-10-05T09:25:46.248+0000][34308][safepoint    ] Safepoint "Cleanup", Time since last: 1000110900 ns, Reaching safepoint: 108600 ns, At safepoint: 11000 ns, Total: 119600 ns
[2020-10-05T09:25:47.248+0000][34308][safepoint    ] Safepoint "Cleanup", Time since last: 1000548600 ns, Reaching safepoint: 121900 ns, At safepoint: 5400 ns, Total: 127300 ns
[2020-10-05T09:25:48.249+0000][34308][safepoint    ] Safepoint "Cleanup", Time since last: 1000485500 ns, Reaching safepoint: 122100 ns, At safepoint: 13700 ns, Total: 135800 ns
[2020-10-05T09:25:49.250+0000][34308][safepoint    ] Safepoint "Cleanup", Time since last: 1000437500 ns, Reaching safepoint: 112000 ns, At safepoint: 5500 ns, Total: 117500 ns
[2020-10-05T09:25:50.250+0000][34308][safepoint    ] Safepoint "Cleanup", Time since last: 1000652300 ns, Reaching safepoint: 111600 ns, At safepoint: 5500 ns, Total: 117100 ns
[2020-10-05T09:25:51.251+0000][34308][safepoint    ] Safepoint "Cleanup", Time since last: 1000813600 ns, Reaching safepoint: 154300 ns, At safepoint: 8700 ns, Total: 163000 ns
[2020-10-05T09:25:52.252+0000][34308][safepoint    ] Safepoint "Cleanup", Time since last: 1000438400 ns, Reaching safepoint: 513200 ns, At safepoint: 79100 ns, Total: 592300 ns
[2020-10-05T09:25:53.254+0000][34308][safepoint    ] Safepoint "Cleanup", Time since last: 1001104200 ns, Reaching safepoint: 130800 ns, At safepoint: 8400 ns, Total: 139200 ns
[2020-10-05T09:25:54.254+0000][34308][safepoint    ] Safepoint "Cleanup", Time since last: 1000465600 ns, Reaching safepoint: 134300 ns, At safepoint: 8600 ns, Total: 142900 ns
[2020-10-05T09:25:55.255+0000][34308][safepoint    ] Safepoint "Cleanup", Time since last: 1000525800 ns, Reaching safepoint: 169700 ns, At safepoint: 5800 ns, Total: 175500 ns
[2020-10-05T09:25:56.255+0000][34308][safepoint    ] Safepoint "Cleanup", Time since last: 1000095000 ns, Reaching safepoint: 122100 ns, At safepoint: 5900 ns, Total: 128000 ns
[2020-10-05T09:25:57.256+0000][34308][safepoint    ] Safepoint "Cleanup", Time since last: 1000866700 ns, Reaching safepoint: 108900 ns, At safepoint: 4100 ns, Total: 113000 ns
[2020-10-05T09:25:58.257+0000][34308][safepoint    ] Safepoint "Cleanup", Time since last: 1000354900 ns, Reaching safepoint: 109900 ns, At safepoint: 3700 ns, Total: 113600 ns
[2020-10-05T09:25:59.257+0000][34308][safepoint    ] Safepoint "Cleanup", Time since last: 1000380200 ns, Reaching safepoint: 134900 ns, At safepoint: 7200 ns, Total: 142100 ns
[2020-10-05T09:26:01.258+0000][34308][safepoint    ] Safepoint "Cleanup", Time since last: 2000397400 ns, Reaching safepoint: 127900 ns, At safepoint: 12100 ns, Total: 140000 ns
[2020-10-05T09:26:02.259+0000][34308][safepoint    ] Safepoint "Cleanup", Time since last: 1000840100 ns, Reaching safepoint: 132000 ns, At safepoint: 9500 ns, Total: 141500 ns
[2020-10-05T09:26:03.259+0000][34308][safepoint    ] Safepoint "Cleanup", Time since last: 1000563000 ns, Reaching safepoint: 136400 ns, At safepoint: 6600 ns, Total: 143000 ns
[2020-10-05T09:26:04.260+0000][34308][safepoint    ] Safepoint "Cleanup", Time since last: 1000737400 ns, Reaching safepoint: 118200 ns, At safepoint: 9100 ns, Total: 127300 ns
[2020-10-05T09:26:05.261+0000][34308][safepoint    ] Safepoint "Cleanup", Time since last: 1000216500 ns, Reaching safepoint: 118900 ns, At safepoint: 6600 ns, Total: 125500 ns
[2020-10-05T09:26:06.262+0000][34308][safepoint    ] Safepoint "Cleanup", Time since last: 1000827500 ns, Reaching safepoint: 118000 ns, At safepoint: 7500 ns, Total: 125500 ns
[2020-10-05T09:26:07.262+0000][34308][safepoint    ] Safepoint "Cleanup", Time since last: 1000523800 ns, Reaching safepoint: 114200 ns, At safepoint: 6100 ns, Total: 120300 ns
[2020-10-05T09:26:08.263+0000][34308][safepoint    ] Safepoint "Cleanup", Time since last: 1000749000 ns, Reaching safepoint: 163800 ns, At safepoint: 9600 ns, Total: 173400 ns
[2020-10-05T09:26:09.264+0000][34308][safepoint    ] Safepoint "Cleanup", Time since last: 1000467300 ns, Reaching safepoint: 255800 ns, At safepoint: 12200 ns, Total: 268000 ns
[2020-10-05T09:26:10.264+0000][34308][safepoint    ] Safepoint "Cleanup", Time since last: 1000225100 ns, Reaching safepoint: 230200 ns, At safepoint: 12000 ns, Total: 242200 ns
[2020-10-05T09:26:11.265+0000][34308][safepoint    ] Safepoint "Cleanup", Time since last: 1000497200 ns, Reaching safepoint: 229600 ns, At safepoint: 10100 ns, Total: 239700 ns
[2020-10-05T09:26:13.266+0000][34308][safepoint    ] Safepoint "Cleanup", Time since last: 2000760200 ns, Reaching safepoint: 283500 ns, At safepoint: 20800 ns, Total: 304300 ns
[2020-10-05T09:26:14.267+0000][34308][safepoint    ] Safepoint "Cleanup", Time since last: 1000436800 ns, Reaching safepoint: 206800 ns, At safepoint: 27600 ns, Total: 234400 ns
[2020-10-05T09:26:15.267+0000][34308][safepoint    ] Safepoint "Cleanup", Time since last: 1000438000 ns, Reaching safepoint: 102000 ns, At safepoint: 7000 ns, Total: 109000 ns
[2020-10-05T09:26:16.268+0000][34308][safepoint    ] Safepoint "Cleanup", Time since last: 1000790400 ns, Reaching safepoint: 108000 ns, At safepoint: 6900 ns, Total: 114900 ns
[2020-10-05T09:26:18.269+0000][34308][safepoint    ] Safepoint "Cleanup", Time since last: 2000419900 ns, Reaching safepoint: 117900 ns, At safepoint: 7100 ns, Total: 125000 ns
[2020-10-05T09:26:19.269+0000][34308][safepoint    ] Safepoint "Cleanup", Time since last: 1000304500 ns, Reaching safepoint: 121000 ns, At safepoint: 18700 ns, Total: 139700 ns
[2020-10-05T09:26:20.270+0000][34308][safepoint    ] Safepoint "Cleanup", Time since last: 1000599400 ns, Reaching safepoint: 115300 ns, At safepoint: 5800 ns, Total: 121100 ns
[2020-10-05T09:26:22.271+0000][34308][safepoint    ] Safepoint "Cleanup", Time since last: 2000991300 ns, Reaching safepoint: 128400 ns, At safepoint: 7500 ns, Total: 135900 ns
[2020-10-05T09:26:23.272+0000][34308][safepoint    ] Safepoint "Cleanup", Time since last: 1000776600 ns, Reaching safepoint: 101000 ns, At safepoint: 6400 ns, Total: 107400 ns
[2020-10-05T09:26:24.272+0000][34308][safepoint    ] Safepoint "Cleanup", Time since last: 1000083400 ns, Reaching safepoint: 118200 ns, At safepoint: 7100 ns, Total: 125300 ns
[2020-10-05T09:26:26.273+0000][34308][safepoint    ] Safepoint "Cleanup", Time since last: 2000394800 ns, Reaching safepoint: 132900 ns, At safepoint: 7100 ns, Total: 140000 ns
[2020-10-05T09:26:27.274+0000][34308][safepoint    ] Safepoint "Cleanup", Time since last: 1000769300 ns, Reaching safepoint: 102700 ns, At safepoint: 4400 ns, Total: 107100 ns
[2020-10-05T09:26:28.274+0000][34308][safepoint    ] Safepoint "Cleanup", Time since last: 1000716800 ns, Reaching safepoint: 106900 ns, At safepoint: 6000 ns, Total: 112900 ns
[2020-10-05T09:26:29.275+0000][34308][safepoint    ] Safepoint "Cleanup", Time since last: 1000384300 ns, Reaching safepoint: 110800 ns, At safepoint: 6700 ns, Total: 117500 ns
[2020-10-05T09:26:30.276+0000][34308][safepoint    ] Safepoint "Cleanup", Time since last: 1000499900 ns, Reaching safepoint: 142100 ns, At safepoint: 6000 ns, Total: 148100 ns
[2020-10-05T09:26:31.277+0000][34308][safepoint    ] Safepoint "Cleanup", Time since last: 1000841800 ns, Reaching safepoint: 120000 ns, At safepoint: 7800 ns, Total: 127800 ns
[2020-10-05T09:26:32.277+0000][34308][safepoint    ] Safepoint "Cleanup", Time since last: 1000530600 ns, Reaching safepoint: 143100 ns, At safepoint: 7100 ns, Total: 150200 ns
[2020-10-05T09:26:33.278+0000][34308][safepoint    ] Safepoint "Cleanup", Time since last: 1000801500 ns, Reaching safepoint: 132700 ns, At safepoint: 7700 ns, Total: 140400 ns
[2020-10-05T09:26:34.278+0000][34308][safepoint    ] Safepoint "Cleanup", Time since last: 1000140000 ns, Reaching safepoint: 512400 ns, At safepoint: 50500 ns, Total: 562900 ns
[2020-10-05T09:26:36.279+0000][34308][safepoint    ] Safepoint "Cleanup", Time since last: 2000445800 ns, Reaching safepoint: 157100 ns, At safepoint: 8200 ns, Total: 165300 ns
[2020-10-05T09:26:37.280+0000][34308][safepoint    ] Safepoint "Cleanup", Time since last: 1000484900 ns, Reaching safepoint: 200900 ns, At safepoint: 9800 ns, Total: 210700 ns
[2020-10-05T09:26:38.280+0000][34308][safepoint    ] Safepoint "Cleanup", Time since last: 1000047300 ns, Reaching safepoint: 206300 ns, At safepoint: 9900 ns, Total: 216200 ns
[2020-10-05T09:26:39.281+0000][34308][safepoint    ] Safepoint "Cleanup", Time since last: 1000588900 ns, Reaching safepoint: 188100 ns, At safepoint: 9700 ns, Total: 197800 ns
[2020-10-05T09:26:40.282+0000][34308][safepoint    ] Safepoint "Cleanup", Time since last: 1000451300 ns, Reaching safepoint: 176800 ns, At safepoint: 7600 ns, Total: 184400 ns
[2020-10-05T09:26:41.282+0000][34308][safepoint    ] Safepoint "Cleanup", Time since last: 1000384700 ns, Reaching safepoint: 128800 ns, At safepoint: 6400 ns, Total: 135200 ns
[2020-10-05T09:26:42.283+0000][34308][safepoint    ] Safepoint "Cleanup", Time since last: 1000569500 ns, Reaching safepoint: 105000 ns, At safepoint: 7500 ns, Total: 112500 ns
[2020-10-05T09:26:43.283+0000][34308][safepoint    ] Safepoint "Cleanup", Time since last: 1000312500 ns, Reaching safepoint: 108800 ns, At safepoint: 6300 ns, Total: 115100 ns
[2020-10-05T09:26:44.284+0000][34308][safepoint    ] Safepoint "Cleanup", Time since last: 1000261000 ns, Reaching safepoint: 103200 ns, At safepoint: 5100 ns, Total: 108300 ns
[2020-10-05T09:26:45.285+0000][34308][safepoint    ] Safepoint "Cleanup", Time since last: 1000831600 ns, Reaching safepoint: 127600 ns, At safepoint: 7400 ns, Total: 135000 ns
[2020-10-05T09:26:46.285+0000][34308][safepoint    ] Safepoint "Cleanup", Time since last: 1000120800 ns, Reaching safepoint: 123100 ns, At safepoint: 7600 ns, Total: 130700 ns
[2020-10-05T09:26:47.286+0000][34308][safepoint    ] Safepoint "Cleanup", Time since last: 1000426600 ns, Reaching safepoint: 144700 ns, At safepoint: 18700 ns, Total: 163400 ns
[2020-10-05T09:26:49.286+0000][34308][safepoint    ] Safepoint "Cleanup", Time since last: 2000546300 ns, Reaching safepoint: 113600 ns, At safepoint: 6100 ns, Total: 119700 ns
[2020-10-05T09:26:50.287+0000][34308][safepoint    ] Safepoint "Cleanup", Time since last: 1000836000 ns, Reaching safepoint: 116700 ns, At safepoint: 7900 ns, Total: 124600 ns
[2020-10-05T09:26:51.288+0000][34308][safepoint    ] Safepoint "Cleanup", Time since last: 1000367500 ns, Reaching safepoint: 114700 ns, At safepoint: 6700 ns, Total: 121400 ns
[2020-10-05T09:26:53.288+0000][34308][safepoint    ] Safepoint "Cleanup", Time since last: 2000451200 ns, Reaching safepoint: 110200 ns, At safepoint: 7500 ns, Total: 117700 ns
[2020-10-05T09:26:55.289+0000][34308][safepoint    ] Safepoint "Cleanup", Time since last: 2000812500 ns, Reaching safepoint: 170400 ns, At safepoint: 8900 ns, Total: 179300 ns
[2020-10-05T09:26:56.290+0000][34308][safepoint    ] Safepoint "Cleanup", Time since last: 1000592400 ns, Reaching safepoint: 148200 ns, At safepoint: 10200 ns, Total: 158400 ns
[2020-10-05T09:26:57.291+0000][34308][safepoint    ] Safepoint "Cleanup", Time since last: 1000273800 ns, Reaching safepoint: 146400 ns, At safepoint: 8100 ns, Total: 154500 ns
[2020-10-05T09:26:58.291+0000][34308][safepoint    ] Safepoint "Cleanup", Time since last: 1000483600 ns, Reaching safepoint: 125500 ns, At safepoint: 8600 ns, Total: 134100 ns
[2020-10-05T09:26:59.292+0000][34308][safepoint    ] Safepoint "Cleanup", Time since last: 1000344100 ns, Reaching safepoint: 131500 ns, At safepoint: 5800 ns, Total: 137300 ns
[2020-10-05T09:27:00.292+0000][34308][safepoint    ] Safepoint "Cleanup", Time since last: 1000417600 ns, Reaching safepoint: 430900 ns, At safepoint: 19400 ns, Total: 450300 ns
[2020-10-05T09:27:01.745+0000][34308][safepoint    ] Safepoint "Cleanup", Time since last: 1452305700 ns, Reaching safepoint: 149000 ns, At safepoint: 8700 ns, Total: 157700 ns
[2020-10-05T09:27:02.746+0000][34308][safepoint    ] Safepoint "Cleanup", Time since last: 1000559100 ns, Reaching safepoint: 114600 ns, At safepoint: 6400 ns, Total: 121000 ns
[2020-10-05T09:27:04.746+0000][34308][safepoint    ] Safepoint "Cleanup", Time since last: 2000126200 ns, Reaching safepoint: 131900 ns, At safepoint: 6900 ns, Total: 138800 ns
[2020-10-05T09:27:05.746+0000][34308][safepoint    ] Safepoint "Cleanup", Time since last: 1000290600 ns, Reaching safepoint: 124000 ns, At safepoint: 6600 ns, Total: 130600 ns
[2020-10-05T09:27:07.747+0000][34308][safepoint    ] Safepoint "Cleanup", Time since last: 2000806700 ns, Reaching safepoint: 326000 ns, At safepoint: 147800 ns, Total: 473800 ns
[2020-10-05T09:27:08.748+0000][34308][safepoint    ] Safepoint "Cleanup", Time since last: 1000377300 ns, Reaching safepoint: 132100 ns, At safepoint: 21400 ns, Total: 153500 ns
[2020-10-05T09:27:09.749+0000][34308][safepoint    ] Safepoint "Cleanup", Time since last: 1000439400 ns, Reaching safepoint: 141500 ns, At safepoint: 7400 ns, Total: 148900 ns
[2020-10-05T09:27:11.749+0000][34308][safepoint    ] Safepoint "Cleanup", Time since last: 2000289300 ns, Reaching safepoint: 131000 ns, At safepoint: 8700 ns, Total: 139700 ns
[2020-10-05T09:27:12.749+0000][34308][safepoint    ] Safepoint "Cleanup", Time since last: 1000122100 ns, Reaching safepoint: 162500 ns, At safepoint: 7200 ns, Total: 169700 ns
[2020-10-05T09:27:13.750+0000][34308][safepoint    ] Safepoint "Cleanup", Time since last: 1000574400 ns, Reaching safepoint: 135900 ns, At safepoint: 8700 ns, Total: 144600 ns
[2020-10-05T09:27:14.750+0000][34308][safepoint    ] Safepoint "Cleanup", Time since last: 1000086900 ns, Reaching safepoint: 107100 ns, At safepoint: 9200 ns, Total: 116300 ns
[2020-10-05T09:27:15.751+0000][34308][safepoint    ] Safepoint "Cleanup", Time since last: 1000625800 ns, Reaching safepoint: 170400 ns, At safepoint: 9500 ns, Total: 179900 ns
[2020-10-05T09:27:16.751+0000][34308][safepoint    ] Safepoint "Cleanup", Time since last: 1000019300 ns, Reaching safepoint: 143000 ns, At safepoint: 6700 ns, Total: 149700 ns
[2020-10-05T09:27:17.752+0000][34308][safepoint    ] Safepoint "Cleanup", Time since last: 1000311000 ns, Reaching safepoint: 134400 ns, At safepoint: 4900 ns, Total: 139300 ns
[2020-10-05T09:27:18.835+0000][34308][safepoint    ] Safepoint "Cleanup", Time since last: 1083296900 ns, Reaching safepoint: 138300 ns, At safepoint: 7500 ns, Total: 145800 ns
[2020-10-05T09:27:19.836+0000][34308][safepoint    ] Safepoint "Cleanup", Time since last: 1000735000 ns, Reaching safepoint: 142000 ns, At safepoint: 9300 ns, Total: 151300 ns
[2020-10-05T09:27:20.837+0000][34308][safepoint    ] Safepoint "Cleanup", Time since last: 1000764500 ns, Reaching safepoint: 167700 ns, At safepoint: 7900 ns, Total: 175600 ns
[2020-10-05T09:27:22.837+0000][34308][safepoint    ] Safepoint "Cleanup", Time since last: 2000051700 ns, Reaching safepoint: 131800 ns, At safepoint: 9100 ns, Total: 140900 ns
[2020-10-05T09:27:24.838+0000][34308][safepoint    ] Safepoint "Cleanup", Time since last: 2000631700 ns, Reaching safepoint: 150600 ns, At safepoint: 8000 ns, Total: 158600 ns
[2020-10-05T09:27:25.838+0000][34308][safepoint    ] Safepoint "Cleanup", Time since last: 1000193300 ns, Reaching safepoint: 133000 ns, At safepoint: 16000 ns, Total: 149000 ns
[2020-10-05T09:27:26.839+0000][34308][safepoint    ] Safepoint "Cleanup", Time since last: 1000061800 ns, Reaching safepoint: 134000 ns, At safepoint: 6900 ns, Total: 140900 ns
[2020-10-05T09:27:28.839+0000][34308][safepoint    ] Safepoint "Cleanup", Time since last: 2000305600 ns, Reaching safepoint: 118500 ns, At safepoint: 6400 ns, Total: 124900 ns
[2020-10-05T09:27:30.840+0000][34308][safepoint    ] Safepoint "Cleanup", Time since last: 2000780100 ns, Reaching safepoint: 152400 ns, At safepoint: 9400 ns, Total: 161800 ns
[2020-10-05T09:27:31.841+0000][34308][safepoint    ] Safepoint "Cleanup", Time since last: 1000827100 ns, Reaching safepoint: 148700 ns, At safepoint: 7200 ns, Total: 155900 ns
[2020-10-05T09:27:32.841+0000][34308][safepoint    ] Safepoint "Cleanup", Time since last: 1000277400 ns, Reaching safepoint: 144300 ns, At safepoint: 8300 ns, Total: 152600 ns
[2020-10-05T09:27:34.842+0000][34308][safepoint    ] Safepoint "Cleanup", Time since last: 2000516800 ns, Reaching safepoint: 125600 ns, At safepoint: 7600 ns, Total: 133200 ns
[2020-10-05T09:27:35.843+0000][34308][safepoint    ] Safepoint "Cleanup", Time since last: 1000461900 ns, Reaching safepoint: 144400 ns, At safepoint: 10400 ns, Total: 154800 ns
[2020-10-05T09:27:37.843+0000][34308][safepoint    ] Safepoint "Cleanup", Time since last: 2000500500 ns, Reaching safepoint: 152100 ns, At safepoint: 7300 ns, Total: 159400 ns
[2020-10-05T09:27:38.844+0000][34308][safepoint    ] Safepoint "Cleanup", Time since last: 1000211900 ns, Reaching safepoint: 134100 ns, At safepoint: 6700 ns, Total: 140800 ns
[2020-10-05T09:27:39.845+0000][34308][safepoint    ] Safepoint "Cleanup", Time since last: 1000715100 ns, Reaching safepoint: 125900 ns, At safepoint: 8000 ns, Total: 133900 ns
[2020-10-05T09:27:40.845+0000][34308][safepoint    ] Safepoint "Cleanup", Time since last: 1000108000 ns, Reaching safepoint: 159500 ns, At safepoint: 8100 ns, Total: 167600 ns
[2020-10-05T09:27:41.846+0000][34308][safepoint    ] Safepoint "Cleanup", Time since last: 1000795800 ns, Reaching safepoint: 114800 ns, At safepoint: 5800 ns, Total: 120600 ns
[2020-10-05T09:27:42.846+0000][34308][safepoint    ] Safepoint "Cleanup", Time since last: 1000460600 ns, Reaching safepoint: 113200 ns, At safepoint: 7900 ns, Total: 121100 ns
[2020-10-05T09:27:43.847+0000][34308][safepoint    ] Safepoint "Cleanup", Time since last: 1000175800 ns, Reaching safepoint: 125900 ns, At safepoint: 5100 ns, Total: 131000 ns
[2020-10-05T09:27:44.847+0000][34308][safepoint    ] Safepoint "Cleanup", Time since last: 1000395300 ns, Reaching safepoint: 128900 ns, At safepoint: 14600 ns, Total: 143500 ns
[2020-10-05T09:27:45.848+0000][34308][safepoint    ] Safepoint "Cleanup", Time since last: 1000597000 ns, Reaching safepoint: 190600 ns, At safepoint: 9100 ns, Total: 199700 ns
[2020-10-05T09:27:46.849+0000][34308][safepoint    ] Safepoint "Cleanup", Time since last: 1000709000 ns, Reaching safepoint: 136400 ns, At safepoint: 10900 ns, Total: 147300 ns
[2020-10-05T09:27:47.849+0000][34308][safepoint    ] Safepoint "Cleanup", Time since last: 1000373700 ns, Reaching safepoint: 168900 ns, At safepoint: 24700 ns, Total: 193600 ns
[2020-10-05T09:27:48.850+0000][34308][safepoint    ] Safepoint "Cleanup", Time since last: 1000806900 ns, Reaching safepoint: 410000 ns, At safepoint: 383100 ns, Total: 793100 ns
[2020-10-05T09:27:49.895+0000][34308][safepoint    ] Safepoint "Cleanup", Time since last: 1043439000 ns, Reaching safepoint: 142700 ns, At safepoint: 9600 ns, Total: 152300 ns
[2020-10-05T09:27:50.895+0000][34308][safepoint    ] Safepoint "Cleanup", Time since last: 1000053200 ns, Reaching safepoint: 206400 ns, At safepoint: 9200 ns, Total: 215600 ns
[2020-10-05T09:27:51.895+0000][34308][safepoint    ] Safepoint "Cleanup", Time since last: 1000244300 ns, Reaching safepoint: 134900 ns, At safepoint: 9900 ns, Total: 144800 ns
[2020-10-05T09:27:52.896+0000][34308][safepoint    ] Safepoint "Cleanup", Time since last: 1000314400 ns, Reaching safepoint: 122000 ns, At safepoint: 4200 ns, Total: 126200 ns
[2020-10-05T09:27:53.897+0000][34308][safepoint    ] Safepoint "Cleanup", Time since last: 1000838900 ns, Reaching safepoint: 157800 ns, At safepoint: 9500 ns, Total: 167300 ns
[2020-10-05T09:27:54.897+0000][34308][safepoint    ] Safepoint "Cleanup", Time since last: 1000643300 ns, Reaching safepoint: 126000 ns, At safepoint: 5000 ns, Total: 131000 ns
[2020-10-05T09:27:55.898+0000][34308][safepoint    ] Safepoint "Cleanup", Time since last: 1000012800 ns, Reaching safepoint: 139400 ns, At safepoint: 9500 ns, Total: 148900 ns
[2020-10-05T09:27:56.898+0000][34308][safepoint    ] Safepoint "Cleanup", Time since last: 1000386200 ns, Reaching safepoint: 311900 ns, At safepoint: 19500 ns, Total: 331400 ns
[2020-10-05T09:27:57.899+0000][34308][safepoint    ] Safepoint "Cleanup", Time since last: 1000108500 ns, Reaching safepoint: 140700 ns, At safepoint: 9300 ns, Total: 150000 ns
[2020-10-05T09:27:58.900+0000][34308][safepoint    ] Safepoint "Cleanup", Time since last: 1001031500 ns, Reaching safepoint: 536400 ns, At safepoint: 43300 ns, Total: 579700 ns
[2020-10-05T09:28:00.900+0000][34308][safepoint    ] Safepoint "Cleanup", Time since last: 1999466900 ns, Reaching safepoint: 189300 ns, At safepoint: 22900 ns, Total: 212200 ns
[2020-10-05T09:28:01.901+0000][34308][safepoint    ] Safepoint "Cleanup", Time since last: 1000649500 ns, Reaching safepoint: 161000 ns, At safepoint: 9100 ns, Total: 170100 ns
[2020-10-05T09:28:02.901+0000][34308][safepoint    ] Safepoint "Cleanup", Time since last: 1000542400 ns, Reaching safepoint: 162800 ns, At safepoint: 8500 ns, Total: 171300 ns
[2020-10-05T09:28:04.902+0000][34308][safepoint    ] Safepoint "Cleanup", Time since last: 2000375800 ns, Reaching safepoint: 185900 ns, At safepoint: 13000 ns, Total: 198900 ns
[2020-10-05T09:28:05.903+0000][34308][safepoint    ] Safepoint "Cleanup", Time since last: 1000438600 ns, Reaching safepoint: 123900 ns, At safepoint: 6400 ns, Total: 130300 ns
[2020-10-05T09:28:06.904+0000][34308][safepoint    ] Safepoint "Cleanup", Time since last: 1000832100 ns, Reaching safepoint: 97100 ns, At safepoint: 7900 ns, Total: 105000 ns
[2020-10-05T09:28:08.904+0000][34308][safepoint    ] Safepoint "Cleanup", Time since last: 2000132800 ns, Reaching safepoint: 121800 ns, At safepoint: 7800 ns, Total: 129600 ns
[2020-10-05T09:28:09.904+0000][34308][safepoint    ] Safepoint "Cleanup", Time since last: 1000285900 ns, Reaching safepoint: 126500 ns, At safepoint: 7400 ns, Total: 133900 ns
[2020-10-05T09:28:10.905+0000][34308][safepoint    ] Safepoint "Cleanup", Time since last: 1000224200 ns, Reaching safepoint: 110800 ns, At safepoint: 6100 ns, Total: 116900 ns
[2020-10-05T09:28:11.905+0000][34308][safepoint    ] Safepoint "Cleanup", Time since last: 1000764900 ns, Reaching safepoint: 99500 ns, At safepoint: 5100 ns, Total: 104600 ns
[2020-10-05T09:28:12.906+0000][34308][safepoint    ] Safepoint "Cleanup", Time since last: 1000846400 ns, Reaching safepoint: 93100 ns, At safepoint: 4500 ns, Total: 97600 ns
[2020-10-05T09:28:13.907+0000][34308][safepoint    ] Safepoint "Cleanup", Time since last: 1000202400 ns, Reaching safepoint: 114900 ns, At safepoint: 19300 ns, Total: 134200 ns
[2020-10-05T09:28:14.908+0000][34308][safepoint    ] Safepoint "Cleanup", Time since last: 1000759200 ns, Reaching safepoint: 131600 ns, At safepoint: 6100 ns, Total: 137700 ns
[2020-10-05T09:28:15.908+0000][34308][safepoint    ] Safepoint "Cleanup", Time since last: 1000540200 ns, Reaching safepoint: 130900 ns, At safepoint: 7400 ns, Total: 138300 ns
[2020-10-05T09:28:16.909+0000][34308][safepoint    ] Safepoint "Cleanup", Time since last: 1000121700 ns, Reaching safepoint: 183900 ns, At safepoint: 8600 ns, Total: 192500 ns
[2020-10-05T09:28:17.909+0000][34308][safepoint    ] Safepoint "Cleanup", Time since last: 1000280100 ns, Reaching safepoint: 121400 ns, At safepoint: 4200 ns, Total: 125600 ns
[2020-10-05T09:28:18.910+0000][34308][safepoint    ] Safepoint "Cleanup", Time since last: 1000507600 ns, Reaching safepoint: 216300 ns, At safepoint: 21500 ns, Total: 237800 ns
[2020-10-05T09:28:19.910+0000][34308][safepoint    ] Safepoint "Cleanup", Time since last: 1000465300 ns, Reaching safepoint: 106200 ns, At safepoint: 8300 ns, Total: 114500 ns
[2020-10-05T09:28:20.911+0000][34308][safepoint    ] Safepoint "Cleanup", Time since last: 1000356300 ns, Reaching safepoint: 144900 ns, At safepoint: 7000 ns, Total: 151900 ns
[2020-10-05T09:28:21.912+0000][34308][safepoint    ] Safepoint "Cleanup", Time since last: 1000786700 ns, Reaching safepoint: 109700 ns, At safepoint: 4400 ns, Total: 114100 ns
[2020-10-05T09:28:22.913+0000][34308][safepoint    ] Safepoint "Cleanup", Time since last: 1000785500 ns, Reaching safepoint: 138400 ns, At safepoint: 9600 ns, Total: 148000 ns
[2020-10-05T09:28:23.913+0000][34308][safepoint    ] Safepoint "Cleanup", Time since last: 1000173000 ns, Reaching safepoint: 139400 ns, At safepoint: 10600 ns, Total: 150000 ns
[2020-10-05T09:28:24.914+0000][34308][safepoint    ] Safepoint "Cleanup", Time since last: 1000423700 ns, Reaching safepoint: 143100 ns, At safepoint: 4200 ns, Total: 147300 ns
[2020-10-05T09:28:25.915+0000][34308][safepoint    ] Safepoint "Cleanup", Time since last: 1001026200 ns, Reaching safepoint: 137600 ns, At safepoint: 7100 ns, Total: 144700 ns
[2020-10-05T09:28:26.915+0000][34308][safepoint    ] Safepoint "Cleanup", Time since last: 1000045300 ns, Reaching safepoint: 143600 ns, At safepoint: 6800 ns, Total: 150400 ns
[2020-10-05T09:28:27.915+0000][34308][safepoint    ] Safepoint "Cleanup", Time since last: 1000397500 ns, Reaching safepoint: 113300 ns, At safepoint: 6300 ns, Total: 119600 ns
[2020-10-05T09:28:28.916+0000][34308][safepoint    ] Safepoint "Cleanup", Time since last: 1000304100 ns, Reaching safepoint: 116700 ns, At safepoint: 6400 ns, Total: 123100 ns
[2020-10-05T09:28:29.916+0000][34308][safepoint    ] Safepoint "Cleanup", Time since last: 1000291600 ns, Reaching safepoint: 118800 ns, At safepoint: 6500 ns, Total: 125300 ns
[2020-10-05T09:28:30.917+0000][34308][safepoint    ] Safepoint "Cleanup", Time since last: 1000727800 ns, Reaching safepoint: 121900 ns, At safepoint: 8200 ns, Total: 130100 ns
[2020-10-05T09:28:31.917+0000][34308][safepoint    ] Safepoint "Cleanup", Time since last: 1000058900 ns, Reaching safepoint: 104100 ns, At safepoint: 7000 ns, Total: 111100 ns
[2020-10-05T09:28:32.918+0000][34308][safepoint    ] Safepoint "Cleanup", Time since last: 1000395500 ns, Reaching safepoint: 115100 ns, At safepoint: 5700 ns, Total: 120800 ns
[2020-10-05T09:28:34.918+0000][34308][safepoint    ] Safepoint "Cleanup", Time since last: 2000142700 ns, Reaching safepoint: 137700 ns, At safepoint: 5300 ns, Total: 143000 ns
[2020-10-05T09:28:36.919+0000][34308][safepoint    ] Safepoint "Cleanup", Time since last: 2000485800 ns, Reaching safepoint: 108900 ns, At safepoint: 3700 ns, Total: 112600 ns
[2020-10-05T09:28:37.920+0000][34308][safepoint    ] Safepoint "Cleanup", Time since last: 1000817700 ns, Reaching safepoint: 112600 ns, At safepoint: 5700 ns, Total: 118300 ns
[2020-10-05T09:28:38.920+0000][34308][safepoint    ] Safepoint "Cleanup", Time since last: 1000482300 ns, Reaching safepoint: 120200 ns, At safepoint: 7000 ns, Total: 127200 ns
[2020-10-05T09:28:39.921+0000][34308][safepoint    ] Safepoint "Cleanup", Time since last: 1000347200 ns, Reaching safepoint: 164400 ns, At safepoint: 10400 ns, Total: 174800 ns
[2020-10-05T09:28:40.921+0000][34308][safepoint    ] Safepoint "Cleanup", Time since last: 1000473500 ns, Reaching safepoint: 164700 ns, At safepoint: 7700 ns, Total: 172400 ns
[2020-10-05T09:28:42.923+0000][34308][safepoint    ] Safepoint "Cleanup", Time since last: 2000971400 ns, Reaching safepoint: 116600 ns, At safepoint: 6300 ns, Total: 122900 ns
[2020-10-05T09:28:43.923+0000][34308][safepoint    ] Safepoint "Cleanup", Time since last: 1000673000 ns, Reaching safepoint: 131200 ns, At safepoint: 6900 ns, Total: 138100 ns
[2020-10-05T09:28:44.924+0000][34308][safepoint    ] Safepoint "Cleanup", Time since last: 1000350200 ns, Reaching safepoint: 212400 ns, At safepoint: 8100 ns, Total: 220500 ns
[2020-10-05T09:28:45.964+0000][34308][safepoint    ] Safepoint "Cleanup", Time since last: 1039833900 ns, Reaching safepoint: 132100 ns, At safepoint: 5900 ns, Total: 138000 ns
[2020-10-05T09:28:46.964+0000][34308][safepoint    ] Safepoint "Cleanup", Time since last: 1000303700 ns, Reaching safepoint: 104400 ns, At safepoint: 5200 ns, Total: 109600 ns
[2020-10-05T09:28:47.965+0000][34308][safepoint    ] Safepoint "Cleanup", Time since last: 1000607400 ns, Reaching safepoint: 123300 ns, At safepoint: 6600 ns, Total: 129900 ns
[2020-10-05T09:28:48.965+0000][34308][safepoint    ] Safepoint "Cleanup", Time since last: 1000278900 ns, Reaching safepoint: 137200 ns, At safepoint: 30700 ns, Total: 167900 ns
[2020-10-05T09:28:49.966+0000][34308][safepoint    ] Safepoint "Cleanup", Time since last: 1000379200 ns, Reaching safepoint: 121000 ns, At safepoint: 29500 ns, Total: 150500 ns
[2020-10-05T09:28:50.967+0000][34308][safepoint    ] Safepoint "Cleanup", Time since last: 1000750300 ns, Reaching safepoint: 127400 ns, At safepoint: 20200 ns, Total: 147600 ns
[2020-10-05T09:28:51.967+0000][34308][safepoint    ] Safepoint "Cleanup", Time since last: 1000335800 ns, Reaching safepoint: 119900 ns, At safepoint: 3700 ns, Total: 123600 ns
[2020-10-05T09:28:52.968+0000][34308][safepoint    ] Safepoint "Cleanup", Time since last: 1000464400 ns, Reaching safepoint: 147700 ns, At safepoint: 6000 ns, Total: 153700 ns
[2020-10-05T09:28:53.969+0000][34308][safepoint    ] Safepoint "Cleanup", Time since last: 1000733900 ns, Reaching safepoint: 142900 ns, At safepoint: 23700 ns, Total: 166600 ns
[2020-10-05T09:28:55.970+0000][34308][safepoint    ] Safepoint "Cleanup", Time since last: 2000488700 ns, Reaching safepoint: 133300 ns, At safepoint: 9200 ns, Total: 142500 ns
[2020-10-05T09:28:56.970+0000][34308][safepoint    ] Safepoint "Cleanup", Time since last: 1000582200 ns, Reaching safepoint: 142900 ns, At safepoint: 7300 ns, Total: 150200 ns
[2020-10-05T09:28:57.971+0000][34308][safepoint    ] Safepoint "Cleanup", Time since last: 1000363300 ns, Reaching safepoint: 93200 ns, At safepoint: 3500 ns, Total: 96700 ns
[2020-10-05T09:28:59.971+0000][34308][safepoint    ] Safepoint "Cleanup", Time since last: 2000476800 ns, Reaching safepoint: 141600 ns, At safepoint: 6700 ns, Total: 148300 ns
[2020-10-05T09:29:00.972+0000][34308][safepoint    ] Safepoint "Cleanup", Time since last: 1000613600 ns, Reaching safepoint: 98600 ns, At safepoint: 3700 ns, Total: 102300 ns
[2020-10-05T09:29:01.972+0000][34308][safepoint    ] Safepoint "Cleanup", Time since last: 1000142100 ns, Reaching safepoint: 106900 ns, At safepoint: 5900 ns, Total: 112800 ns
[2020-10-05T09:29:02.973+0000][34308][safepoint    ] Safepoint "Cleanup", Time since last: 1000372300 ns, Reaching safepoint: 98300 ns, At safepoint: 6200 ns, Total: 104500 ns
[2020-10-05T09:29:03.973+0000][34308][safepoint    ] Safepoint "Cleanup", Time since last: 1000089400 ns, Reaching safepoint: 116000 ns, At safepoint: 7200 ns, Total: 123200 ns
[2020-10-05T09:29:04.974+0000][34308][safepoint    ] Safepoint "Cleanup", Time since last: 1000852500 ns, Reaching safepoint: 115200 ns, At safepoint: 4700 ns, Total: 119900 ns
[2020-10-05T09:29:05.975+0000][34308][safepoint    ] Safepoint "Cleanup", Time since last: 1000499200 ns, Reaching safepoint: 122500 ns, At safepoint: 9100 ns, Total: 131600 ns
[2020-10-05T09:29:06.975+0000][34308][safepoint    ] Safepoint "Cleanup", Time since last: 1000397200 ns, Reaching safepoint: 106800 ns, At safepoint: 4400 ns, Total: 111200 ns
[2020-10-05T09:29:08.976+0000][34308][safepoint    ] Safepoint "Cleanup", Time since last: 2000271200 ns, Reaching safepoint: 146600 ns, At safepoint: 9400 ns, Total: 156000 ns
[2020-10-05T09:29:10.976+0000][34308][safepoint    ] Safepoint "Cleanup", Time since last: 2000252300 ns, Reaching safepoint: 150400 ns, At safepoint: 9300 ns, Total: 159700 ns
[2020-10-05T09:29:11.976+0000][34308][safepoint    ] Safepoint "Cleanup", Time since last: 1000024400 ns, Reaching safepoint: 157200 ns, At safepoint: 9300 ns, Total: 166500 ns
[2020-10-05T09:29:13.976+0000][34308][safepoint    ] Safepoint "Cleanup", Time since last: 1999972300 ns, Reaching safepoint: 123900 ns, At safepoint: 7800 ns, Total: 131700 ns
[2020-10-05T09:29:14.977+0000][34308][safepoint    ] Safepoint "Cleanup", Time since last: 1000200400 ns, Reaching safepoint: 115300 ns, At safepoint: 7300 ns, Total: 122600 ns
[2020-10-05T09:29:15.977+0000][34308][safepoint    ] Safepoint "Cleanup", Time since last: 1000487600 ns, Reaching safepoint: 139400 ns, At safepoint: 9500 ns, Total: 148900 ns
[2020-10-05T09:29:16.978+0000][34308][safepoint    ] Safepoint "Cleanup", Time since last: 1000178100 ns, Reaching safepoint: 130800 ns, At safepoint: 11000 ns, Total: 141800 ns
[2020-10-05T09:29:18.147+0000][34308][safepoint    ] Safepoint "Cleanup", Time since last: 1169131400 ns, Reaching safepoint: 138600 ns, At safepoint: 10000 ns, Total: 148600 ns
[2020-10-05T09:29:19.148+0000][34308][safepoint    ] Safepoint "Cleanup", Time since last: 1000741400 ns, Reaching safepoint: 170300 ns, At safepoint: 8800 ns, Total: 179100 ns
[2020-10-05T09:29:21.148+0000][34308][safepoint    ] Safepoint "Cleanup", Time since last: 2000362600 ns, Reaching safepoint: 144600 ns, At safepoint: 8600 ns, Total: 153200 ns
[2020-10-05T09:29:22.149+0000][34308][safepoint    ] Safepoint "Cleanup", Time since last: 1000273300 ns, Reaching safepoint: 138000 ns, At safepoint: 9800 ns, Total: 147800 ns
[2020-10-05T09:29:23.150+0000][34308][safepoint    ] Safepoint "Cleanup", Time since last: 1000733900 ns, Reaching safepoint: 154000 ns, At safepoint: 9500 ns, Total: 163500 ns
[2020-10-05T09:29:24.150+0000][34308][safepoint    ] Safepoint "Cleanup", Time since last: 1000419400 ns, Reaching safepoint: 161000 ns, At safepoint: 5800 ns, Total: 166800 ns
[2020-10-05T09:29:25.151+0000][34308][safepoint    ] Safepoint "Cleanup", Time since last: 1000458900 ns, Reaching safepoint: 240600 ns, At safepoint: 9200 ns, Total: 249800 ns
[2020-10-05T09:29:26.152+0000][34308][safepoint    ] Safepoint "Cleanup", Time since last: 1000633400 ns, Reaching safepoint: 166800 ns, At safepoint: 8100 ns, Total: 174900 ns
[2020-10-05T09:29:27.152+0000][34308][safepoint    ] Safepoint "Cleanup", Time since last: 1000498400 ns, Reaching safepoint: 147100 ns, At safepoint: 11800 ns, Total: 158900 ns
[2020-10-05T09:29:28.153+0000][34308][safepoint    ] Safepoint "Cleanup", Time since last: 1000552300 ns, Reaching safepoint: 128800 ns, At safepoint: 7800 ns, Total: 136600 ns
[2020-10-05T09:29:30.153+0000][34308][safepoint    ] Safepoint "Cleanup", Time since last: 2000164800 ns, Reaching safepoint: 154500 ns, At safepoint: 9800 ns, Total: 164300 ns
[2020-10-05T09:29:32.154+0000][34308][safepoint    ] Safepoint "Cleanup", Time since last: 2000239300 ns, Reaching safepoint: 140400 ns, At safepoint: 7500 ns, Total: 147900 ns
[2020-10-05T09:29:33.154+0000][34308][safepoint    ] Safepoint "Cleanup", Time since last: 1000389300 ns, Reaching safepoint: 125600 ns, At safepoint: 7400 ns, Total: 133000 ns
[2020-10-05T09:29:34.155+0000][34308][safepoint    ] Safepoint "Cleanup", Time since last: 1000383400 ns, Reaching safepoint: 150500 ns, At safepoint: 11300 ns, Total: 161800 ns
[2020-10-05T09:29:35.155+0000][34308][safepoint    ] Safepoint "Cleanup", Time since last: 1000304600 ns, Reaching safepoint: 143400 ns, At safepoint: 13200 ns, Total: 156600 ns
[2020-10-05T09:29:36.156+0000][34308][safepoint    ] Safepoint "Cleanup", Time since last: 1000693100 ns, Reaching safepoint: 127400 ns, At safepoint: 6900 ns, Total: 134300 ns
[2020-10-05T09:29:37.157+0000][34308][safepoint    ] Safepoint "Cleanup", Time since last: 1000775100 ns, Reaching safepoint: 156900 ns, At safepoint: 6900 ns, Total: 163800 ns
[2020-10-05T09:29:38.157+0000][34308][safepoint    ] Safepoint "Cleanup", Time since last: 1000235600 ns, Reaching safepoint: 125000 ns, At safepoint: 8500 ns, Total: 133500 ns
[2020-10-05T09:29:39.158+0000][34308][safepoint    ] Safepoint "Cleanup", Time since last: 1000634800 ns, Reaching safepoint: 115500 ns, At safepoint: 4000 ns, Total: 119500 ns
[2020-10-05T09:29:40.159+0000][34308][safepoint    ] Safepoint "Cleanup", Time since last: 1000786200 ns, Reaching safepoint: 140000 ns, At safepoint: 7100 ns, Total: 147100 ns
[2020-10-05T09:29:41.160+0000][34308][safepoint    ] Safepoint "Cleanup", Time since last: 1000840200 ns, Reaching safepoint: 165500 ns, At safepoint: 8700 ns, Total: 174200 ns
[2020-10-05T09:29:43.161+0000][34308][safepoint    ] Safepoint "Cleanup", Time since last: 2000284200 ns, Reaching safepoint: 132700 ns, At safepoint: 8700 ns, Total: 141400 ns
[2020-10-05T09:29:44.161+0000][34308][safepoint    ] Safepoint "Cleanup", Time since last: 1000173800 ns, Reaching safepoint: 218400 ns, At safepoint: 10000 ns, Total: 228400 ns
[2020-10-05T09:29:45.162+0000][34308][safepoint    ] Safepoint "Cleanup", Time since last: 1000463300 ns, Reaching safepoint: 162900 ns, At safepoint: 3700 ns, Total: 166600 ns
[2020-10-05T09:29:46.162+0000][34308][safepoint    ] Safepoint "Cleanup", Time since last: 1000372600 ns, Reaching safepoint: 145000 ns, At safepoint: 7300 ns, Total: 152300 ns
[2020-10-05T09:29:47.163+0000][34308][safepoint    ] Safepoint "Cleanup", Time since last: 1000319900 ns, Reaching safepoint: 152200 ns, At safepoint: 8100 ns, Total: 160300 ns
[2020-10-05T09:29:48.164+0000][34308][safepoint    ] Safepoint "Cleanup", Time since last: 1000735500 ns, Reaching safepoint: 174000 ns, At safepoint: 9400 ns, Total: 183400 ns
[2020-10-05T09:29:50.164+0000][34308][safepoint    ] Safepoint "Cleanup", Time since last: 2000431800 ns, Reaching safepoint: 141200 ns, At safepoint: 8900 ns, Total: 150100 ns
[2020-10-05T09:29:52.094+0000][34308][safepoint    ] Safepoint "Cleanup", Time since last: 1930171300 ns, Reaching safepoint: 137600 ns, At safepoint: 7600 ns, Total: 145200 ns
[2020-10-05T09:29:53.095+0000][34308][safepoint    ] Safepoint "Cleanup", Time since last: 1000250600 ns, Reaching safepoint: 173200 ns, At safepoint: 8000 ns, Total: 181200 ns
[2020-10-05T09:29:55.095+0000][34308][safepoint    ] Safepoint "Cleanup", Time since last: 2000269400 ns, Reaching safepoint: 118300 ns, At safepoint: 3600 ns, Total: 121900 ns
[2020-10-05T09:29:57.096+0000][34308][safepoint    ] Safepoint "Cleanup", Time since last: 2000758800 ns, Reaching safepoint: 139400 ns, At safepoint: 7900 ns, Total: 147300 ns
[2020-10-05T09:29:58.097+0000][34308][safepoint    ] Safepoint "Cleanup", Time since last: 1000610300 ns, Reaching safepoint: 120700 ns, At safepoint: 12500 ns, Total: 133200 ns
[2020-10-05T09:29:59.097+0000][34308][safepoint    ] Safepoint "Cleanup", Time since last: 1000034000 ns, Reaching safepoint: 120400 ns, At safepoint: 5800 ns, Total: 126200 ns
[2020-10-05T09:30:01.098+0000][34308][safepoint    ] Safepoint "Cleanup", Time since last: 2000631900 ns, Reaching safepoint: 162100 ns, At safepoint: 6400 ns, Total: 168500 ns
[2020-10-05T09:30:02.099+0000][34308][safepoint    ] Safepoint "Cleanup", Time since last: 1000554400 ns, Reaching safepoint: 125200 ns, At safepoint: 23500 ns, Total: 148700 ns
[2020-10-05T09:30:03.099+0000][34308][safepoint    ] Safepoint "Cleanup", Time since last: 1000046300 ns, Reaching safepoint: 141000 ns, At safepoint: 23200 ns, Total: 164200 ns
[2020-10-05T09:30:05.100+0000][34308][safepoint    ] Safepoint "Cleanup", Time since last: 2000631800 ns, Reaching safepoint: 144500 ns, At safepoint: 9000 ns, Total: 153500 ns
[2020-10-05T09:30:06.100+0000][34308][safepoint    ] Safepoint "Cleanup", Time since last: 1000393400 ns, Reaching safepoint: 168300 ns, At safepoint: 8800 ns, Total: 177100 ns
[2020-10-05T09:30:07.101+0000][34308][safepoint    ] Safepoint "Cleanup", Time since last: 1000617200 ns, Reaching safepoint: 137600 ns, At safepoint: 7400 ns, Total: 145000 ns
[2020-10-05T09:30:08.102+0000][34308][safepoint    ] Safepoint "Cleanup", Time since last: 1000843900 ns, Reaching safepoint: 152800 ns, At safepoint: 7300 ns, Total: 160100 ns
[2020-10-05T09:30:09.102+0000][34308][safepoint    ] Safepoint "Cleanup", Time since last: 1000210000 ns, Reaching safepoint: 168800 ns, At safepoint: 8600 ns, Total: 177400 ns
[2020-10-05T09:30:10.103+0000][34308][safepoint    ] Safepoint "Cleanup", Time since last: 1000697900 ns, Reaching safepoint: 170900 ns, At safepoint: 7800 ns, Total: 178700 ns
[2020-10-05T09:30:11.104+0000][34308][safepoint    ] Safepoint "Cleanup", Time since last: 1000453600 ns, Reaching safepoint: 126100 ns, At safepoint: 6900 ns, Total: 133000 ns
[2020-10-05T09:30:12.105+0000][34308][safepoint    ] Safepoint "Cleanup", Time since last: 1000702800 ns, Reaching safepoint: 102400 ns, At safepoint: 5400 ns, Total: 107800 ns
[2020-10-05T09:30:13.105+0000][34308][safepoint    ] Safepoint "Cleanup", Time since last: 1000099700 ns, Reaching safepoint: 108500 ns, At safepoint: 5700 ns, Total: 114200 ns
[2020-10-05T09:30:14.106+0000][34308][safepoint    ] Safepoint "Cleanup", Time since last: 1000767400 ns, Reaching safepoint: 345000 ns, At safepoint: 12500 ns, Total: 357500 ns
[2020-10-05T09:30:15.106+0000][34308][safepoint    ] Safepoint "Cleanup", Time since last: 1000296600 ns, Reaching safepoint: 107200 ns, At safepoint: 5500 ns, Total: 112700 ns
[2020-10-05T09:30:17.107+0000][34308][safepoint    ] Safepoint "Cleanup", Time since last: 2000680200 ns, Reaching safepoint: 134600 ns, At safepoint: 7700 ns, Total: 142300 ns
[2020-10-05T09:30:18.107+0000][34308][safepoint    ] Safepoint "Cleanup", Time since last: 1000117600 ns, Reaching safepoint: 172100 ns, At safepoint: 7700 ns, Total: 179800 ns
[2020-10-05T09:30:19.108+0000][34308][safepoint    ] Safepoint "Cleanup", Time since last: 1000543000 ns, Reaching safepoint: 254500 ns, At safepoint: 20700 ns, Total: 275200 ns
[2020-10-05T09:30:20.108+0000][34308][safepoint    ] Safepoint "Cleanup", Time since last: 1000049500 ns, Reaching safepoint: 140500 ns, At safepoint: 6900 ns, Total: 147400 ns
[2020-10-05T09:30:21.109+0000][34308][safepoint    ] Safepoint "Cleanup", Time since last: 1000317600 ns, Reaching safepoint: 145500 ns, At safepoint: 14500 ns, Total: 160000 ns
[2020-10-05T09:30:22.110+0000][34308][safepoint    ] Safepoint "Cleanup", Time since last: 1000442500 ns, Reaching safepoint: 113700 ns, At safepoint: 7200 ns, Total: 120900 ns
[2020-10-05T09:30:23.110+0000][34308][safepoint    ] Safepoint "Cleanup", Time since last: 1000375100 ns, Reaching safepoint: 162600 ns, At safepoint: 8700 ns, Total: 171300 ns
[2020-10-05T09:30:24.111+0000][34308][safepoint    ] Safepoint "Cleanup", Time since last: 1000377700 ns, Reaching safepoint: 115400 ns, At safepoint: 4900 ns, Total: 120300 ns
[2020-10-05T09:30:25.111+0000][34308][safepoint    ] Safepoint "Cleanup", Time since last: 1000126600 ns, Reaching safepoint: 165800 ns, At safepoint: 8200 ns, Total: 174000 ns
[2020-10-05T09:30:26.111+0000][34308][safepoint    ] Safepoint "Cleanup", Time since last: 1000275200 ns, Reaching safepoint: 159800 ns, At safepoint: 8100 ns, Total: 167900 ns
[2020-10-05T09:30:28.112+0000][34308][safepoint    ] Safepoint "Cleanup", Time since last: 2000666700 ns, Reaching safepoint: 134100 ns, At safepoint: 8400 ns, Total: 142500 ns
[2020-10-05T09:30:29.113+0000][34308][safepoint    ] Safepoint "Cleanup", Time since last: 1000395400 ns, Reaching safepoint: 312200 ns, At safepoint: 13600 ns, Total: 325800 ns
[2020-10-05T09:30:30.114+0000][34308][safepoint    ] Safepoint "Cleanup", Time since last: 1000944800 ns, Reaching safepoint: 171500 ns, At safepoint: 8000 ns, Total: 179500 ns
[2020-10-05T09:30:31.115+0000][34308][safepoint    ] Safepoint "Cleanup", Time since last: 1000789400 ns, Reaching safepoint: 190400 ns, At safepoint: 9900 ns, Total: 200300 ns
[2020-10-05T09:30:32.116+0000][34308][safepoint    ] Safepoint "Cleanup", Time since last: 1000707000 ns, Reaching safepoint: 162300 ns, At safepoint: 9800 ns, Total: 172100 ns
[2020-10-05T09:30:33.116+0000][34308][safepoint    ] Safepoint "Cleanup", Time since last: 1000130100 ns, Reaching safepoint: 146400 ns, At safepoint: 5100 ns, Total: 151500 ns
[2020-10-05T09:30:34.117+0000][34308][safepoint    ] Safepoint "Cleanup", Time since last: 1000391500 ns, Reaching safepoint: 114800 ns, At safepoint: 7100 ns, Total: 121900 ns
[2020-10-05T09:30:35.118+0000][34308][safepoint    ] Safepoint "Cleanup", Time since last: 1000784800 ns, Reaching safepoint: 114400 ns, At safepoint: 3600 ns, Total: 118000 ns
[2020-10-05T09:30:36.119+0000][34308][safepoint    ] Safepoint "Cleanup", Time since last: 1000838200 ns, Reaching safepoint: 117300 ns, At safepoint: 8000 ns, Total: 125300 ns
[2020-10-05T09:30:37.119+0000][34308][safepoint    ] Safepoint "Cleanup", Time since last: 1000761500 ns, Reaching safepoint: 124700 ns, At safepoint: 5400 ns, Total: 130100 ns
[2020-10-05T09:30:38.120+0000][34308][safepoint    ] Safepoint "Cleanup", Time since last: 1000165600 ns, Reaching safepoint: 226100 ns, At safepoint: 13300 ns, Total: 239400 ns
[2020-10-05T09:30:39.121+0000][34308][safepoint    ] Safepoint "Cleanup", Time since last: 1000697100 ns, Reaching safepoint: 112500 ns, At safepoint: 5600 ns, Total: 118100 ns
[2020-10-05T09:30:40.121+0000][34308][safepoint    ] Safepoint "Cleanup", Time since last: 1000447400 ns, Reaching safepoint: 113200 ns, At safepoint: 6600 ns, Total: 119800 ns
[2020-10-05T09:30:41.122+0000][34308][safepoint    ] Safepoint "Cleanup", Time since last: 1000212500 ns, Reaching safepoint: 189100 ns, At safepoint: 7100 ns, Total: 196200 ns
[2020-10-05T09:30:42.122+0000][34308][safepoint    ] Safepoint "Cleanup", Time since last: 1000372400 ns, Reaching safepoint: 129100 ns, At safepoint: 7400 ns, Total: 136500 ns
[2020-10-05T09:30:43.123+0000][34308][safepoint    ] Safepoint "Cleanup", Time since last: 1000772600 ns, Reaching safepoint: 100400 ns, At safepoint: 2500 ns, Total: 102900 ns
[2020-10-05T09:30:44.124+0000][34308][safepoint    ] Safepoint "Cleanup", Time since last: 1000434500 ns, Reaching safepoint: 134100 ns, At safepoint: 6200 ns, Total: 140300 ns
[2020-10-05T09:30:45.124+0000][34308][safepoint    ] Safepoint "Cleanup", Time since last: 1000082700 ns, Reaching safepoint: 128300 ns, At safepoint: 7800 ns, Total: 136100 ns
[2020-10-05T09:30:47.125+0000][34308][safepoint    ] Safepoint "Cleanup", Time since last: 2000591100 ns, Reaching safepoint: 111200 ns, At safepoint: 6500 ns, Total: 117700 ns
[2020-10-05T09:30:49.126+0000][34308][safepoint    ] Safepoint "Cleanup", Time since last: 2000858900 ns, Reaching safepoint: 149400 ns, At safepoint: 12500 ns, Total: 161900 ns
[2020-10-05T09:30:50.126+0000][34308][safepoint    ] Safepoint "Cleanup", Time since last: 1000251700 ns, Reaching safepoint: 133500 ns, At safepoint: 5900 ns, Total: 139400 ns
[2020-10-05T09:30:52.100+0000][34308][safepoint    ] Safepoint "Cleanup", Time since last: 1974419000 ns, Reaching safepoint: 130700 ns, At safepoint: 9400 ns, Total: 140100 ns
[2020-10-05T09:30:53.101+0000][34308][safepoint    ] Safepoint "Cleanup", Time since last: 1000921900 ns, Reaching safepoint: 142900 ns, At safepoint: 7300 ns, Total: 150200 ns
[2020-10-05T09:30:54.102+0000][34308][safepoint    ] Safepoint "Cleanup", Time since last: 1000010300 ns, Reaching safepoint: 125200 ns, At safepoint: 9300 ns, Total: 134500 ns
[2020-10-05T09:30:55.102+0000][34308][safepoint    ] Safepoint "Cleanup", Time since last: 1000022200 ns, Reaching safepoint: 117200 ns, At safepoint: 3600 ns, Total: 120800 ns
[2020-10-05T09:30:56.103+0000][34308][safepoint    ] Safepoint "Cleanup", Time since last: 1000588900 ns, Reaching safepoint: 137600 ns, At safepoint: 8000 ns, Total: 145600 ns
[2020-10-05T09:30:57.103+0000][34308][safepoint    ] Safepoint "Cleanup", Time since last: 1000669400 ns, Reaching safepoint: 121500 ns, At safepoint: 8000 ns, Total: 129500 ns
[2020-10-05T09:30:58.104+0000][34308][safepoint    ] Safepoint "Cleanup", Time since last: 1000364800 ns, Reaching safepoint: 142800 ns, At safepoint: 8200 ns, Total: 151000 ns
[2020-10-05T09:30:59.104+0000][34308][safepoint    ] Safepoint "Cleanup", Time since last: 1000212000 ns, Reaching safepoint: 120800 ns, At safepoint: 6600 ns, Total: 127400 ns
[2020-10-05T09:31:00.105+0000][34308][safepoint    ] Safepoint "Cleanup", Time since last: 1000259000 ns, Reaching safepoint: 132000 ns, At safepoint: 6000 ns, Total: 138000 ns
[2020-10-05T09:31:01.105+0000][34308][safepoint    ] Safepoint "Cleanup", Time since last: 1000364100 ns, Reaching safepoint: 110100 ns, At safepoint: 8100 ns, Total: 118200 ns
[2020-10-05T09:31:02.106+0000][34308][safepoint    ] Safepoint "Cleanup", Time since last: 1000296800 ns, Reaching safepoint: 113600 ns, At safepoint: 8500 ns, Total: 122100 ns
[2020-10-05T09:31:03.106+0000][34308][safepoint    ] Safepoint "Cleanup", Time since last: 1000288000 ns, Reaching safepoint: 101900 ns, At safepoint: 2700 ns, Total: 104600 ns
[2020-10-05T09:31:04.106+0000][34308][safepoint    ] Safepoint "Cleanup", Time since last: 1000090000 ns, Reaching safepoint: 131000 ns, At safepoint: 6300 ns, Total: 137300 ns
[2020-10-05T09:31:05.107+0000][34308][safepoint    ] Safepoint "Cleanup", Time since last: 1000504800 ns, Reaching safepoint: 115200 ns, At safepoint: 5700 ns, Total: 120900 ns
[2020-10-05T09:31:06.108+0000][34308][safepoint    ] Safepoint "Cleanup", Time since last: 1000826500 ns, Reaching safepoint: 135100 ns, At safepoint: 7600 ns, Total: 142700 ns
[2020-10-05T09:31:07.108+0000][34308][safepoint    ] Safepoint "Cleanup", Time since last: 1000188100 ns, Reaching safepoint: 142700 ns, At safepoint: 7700 ns, Total: 150400 ns
[2020-10-05T09:31:08.108+0000][34308][safepoint    ] Safepoint "Cleanup", Time since last: 1000160100 ns, Reaching safepoint: 140800 ns, At safepoint: 7500 ns, Total: 148300 ns
[2020-10-05T09:31:10.109+0000][34308][safepoint    ] Safepoint "Cleanup", Time since last: 2000879600 ns, Reaching safepoint: 132700 ns, At safepoint: 7400 ns, Total: 140100 ns
[2020-10-05T09:31:11.110+0000][34308][safepoint    ] Safepoint "Cleanup", Time since last: 1000572900 ns, Reaching safepoint: 138000 ns, At safepoint: 8200 ns, Total: 146200 ns
[2020-10-05T09:31:12.111+0000][34308][safepoint    ] Safepoint "Cleanup", Time since last: 1000488400 ns, Reaching safepoint: 130200 ns, At safepoint: 8600 ns, Total: 138800 ns
[2020-10-05T09:31:14.111+0000][34308][safepoint    ] Safepoint "Cleanup", Time since last: 2000531400 ns, Reaching safepoint: 155600 ns, At safepoint: 8300 ns, Total: 163900 ns
[2020-10-05T09:31:15.112+0000][34308][safepoint    ] Safepoint "Cleanup", Time since last: 1000394900 ns, Reaching safepoint: 163000 ns, At safepoint: 10000 ns, Total: 173000 ns
[2020-10-05T09:31:17.112+0000][34308][safepoint    ] Safepoint "Cleanup", Time since last: 1999990300 ns, Reaching safepoint: 159200 ns, At safepoint: 4500 ns, Total: 163700 ns
[2020-10-05T09:31:18.113+0000][34308][safepoint    ] Safepoint "Cleanup", Time since last: 1000508600 ns, Reaching safepoint: 143100 ns, At safepoint: 8300 ns, Total: 151400 ns
[2020-10-05T09:31:19.113+0000][34308][safepoint    ] Safepoint "Cleanup", Time since last: 1000326700 ns, Reaching safepoint: 186900 ns, At safepoint: 11100 ns, Total: 198000 ns
[2020-10-05T09:31:20.114+0000][34308][safepoint    ] Safepoint "Cleanup", Time since last: 1000724300 ns, Reaching safepoint: 165100 ns, At safepoint: 10400 ns, Total: 175500 ns
[2020-10-05T09:31:22.103+0000][34308][safepoint    ] Safepoint "Cleanup", Time since last: 1988273000 ns, Reaching safepoint: 148300 ns, At safepoint: 7600 ns, Total: 155900 ns
[2020-10-05T09:31:23.103+0000][34308][safepoint    ] Safepoint "Cleanup", Time since last: 1000431400 ns, Reaching safepoint: 135800 ns, At safepoint: 9400 ns, Total: 145200 ns
[2020-10-05T09:31:24.104+0000][34308][safepoint    ] Safepoint "Cleanup", Time since last: 1000330000 ns, Reaching safepoint: 159600 ns, At safepoint: 10200 ns, Total: 169800 ns
[2020-10-05T09:31:25.105+0000][34308][safepoint    ] Safepoint "Cleanup", Time since last: 1000730000 ns, Reaching safepoint: 145000 ns, At safepoint: 8800 ns, Total: 153800 ns
[2020-10-05T09:31:26.105+0000][34308][safepoint    ] Safepoint "Cleanup", Time since last: 1000336700 ns, Reaching safepoint: 121100 ns, At safepoint: 4400 ns, Total: 125500 ns
[2020-10-05T09:31:27.106+0000][34308][safepoint    ] Safepoint "Cleanup", Time since last: 1000714700 ns, Reaching safepoint: 175900 ns, At safepoint: 8600 ns, Total: 184500 ns
[2020-10-05T09:31:28.107+0000][34308][safepoint    ] Safepoint "Cleanup", Time since last: 1000393700 ns, Reaching safepoint: 118500 ns, At safepoint: 3900 ns, Total: 122400 ns
[2020-10-05T09:31:30.107+0000][34308][safepoint    ] Safepoint "Cleanup", Time since last: 2000043400 ns, Reaching safepoint: 200200 ns, At safepoint: 9800 ns, Total: 210000 ns
[2020-10-05T09:31:31.108+0000][34308][safepoint    ] Safepoint "Cleanup", Time since last: 1000731000 ns, Reaching safepoint: 155300 ns, At safepoint: 11000 ns, Total: 166300 ns
[2020-10-05T09:31:33.109+0000][34308][safepoint    ] Safepoint "Cleanup", Time since last: 2000736300 ns, Reaching safepoint: 149300 ns, At safepoint: 9800 ns, Total: 159100 ns
[2020-10-05T09:31:34.109+0000][34308][safepoint    ] Safepoint "Cleanup", Time since last: 1000731600 ns, Reaching safepoint: 274500 ns, At safepoint: 11400 ns, Total: 285900 ns
[2020-10-05T09:31:36.110+0000][34308][safepoint    ] Safepoint "Cleanup", Time since last: 2000182700 ns, Reaching safepoint: 163700 ns, At safepoint: 8500 ns, Total: 172200 ns
[2020-10-05T09:31:37.111+0000][34308][safepoint    ] Safepoint "Cleanup", Time since last: 1000599900 ns, Reaching safepoint: 138100 ns, At safepoint: 8800 ns, Total: 146900 ns
[2020-10-05T09:31:38.111+0000][34308][safepoint    ] Safepoint "Cleanup", Time since last: 1000005900 ns, Reaching safepoint: 130500 ns, At safepoint: 8800 ns, Total: 139300 ns
[2020-10-05T09:31:39.112+0000][34308][safepoint    ] Safepoint "Cleanup", Time since last: 1000767000 ns, Reaching safepoint: 119900 ns, At safepoint: 7000 ns, Total: 126900 ns
[2020-10-05T09:31:40.112+0000][34308][safepoint    ] Safepoint "Cleanup", Time since last: 1000013500 ns, Reaching safepoint: 178700 ns, At safepoint: 26200 ns, Total: 204900 ns
[2020-10-05T09:31:42.113+0000][34308][safepoint    ] Safepoint "Cleanup", Time since last: 2000462300 ns, Reaching safepoint: 143700 ns, At safepoint: 10000 ns, Total: 153700 ns
[2020-10-05T09:31:43.113+0000][34308][safepoint    ] Safepoint "Cleanup", Time since last: 1000326700 ns, Reaching safepoint: 157100 ns, At safepoint: 8000 ns, Total: 165100 ns
[2020-10-05T09:31:44.113+0000][34308][safepoint    ] Safepoint "Cleanup", Time since last: 1000241800 ns, Reaching safepoint: 148600 ns, At safepoint: 5200 ns, Total: 153800 ns
[2020-10-05T09:31:45.114+0000][34308][safepoint    ] Safepoint "Cleanup", Time since last: 1000306800 ns, Reaching safepoint: 138300 ns, At safepoint: 8600 ns, Total: 146900 ns
[2020-10-05T09:31:47.115+0000][34308][safepoint    ] Safepoint "Cleanup", Time since last: 2000599900 ns, Reaching safepoint: 149000 ns, At safepoint: 9000 ns, Total: 158000 ns
[2020-10-05T09:31:49.115+0000][34308][safepoint    ] Safepoint "Cleanup", Time since last: 2000289800 ns, Reaching safepoint: 146100 ns, At safepoint: 19700 ns, Total: 165800 ns
[2020-10-05T09:31:50.116+0000][34308][safepoint    ] Safepoint "Cleanup", Time since last: 1000558400 ns, Reaching safepoint: 149500 ns, At safepoint: 9300 ns, Total: 158800 ns
[2020-10-05T09:31:52.104+0000][34308][safepoint    ] Safepoint "Cleanup", Time since last: 1987776100 ns, Reaching safepoint: 108800 ns, At safepoint: 4000 ns, Total: 112800 ns
[2020-10-05T09:31:53.105+0000][34308][safepoint    ] Safepoint "Cleanup", Time since last: 1000839300 ns, Reaching safepoint: 117100 ns, At safepoint: 4900 ns, Total: 122000 ns
[2020-10-05T09:31:54.105+0000][34308][safepoint    ] Safepoint "Cleanup", Time since last: 1000223400 ns, Reaching safepoint: 316800 ns, At safepoint: 12700 ns, Total: 329500 ns
[2020-10-05T09:31:55.106+0000][34308][safepoint    ] Safepoint "Cleanup", Time since last: 1000670800 ns, Reaching safepoint: 147700 ns, At safepoint: 8300 ns, Total: 156000 ns
[2020-10-05T09:31:56.107+0000][34308][safepoint    ] Safepoint "Cleanup", Time since last: 1000646700 ns, Reaching safepoint: 153600 ns, At safepoint: 11100 ns, Total: 164700 ns
[2020-10-05T09:31:58.107+0000][34308][safepoint    ] Safepoint "Cleanup", Time since last: 2000113700 ns, Reaching safepoint: 126400 ns, At safepoint: 7800 ns, Total: 134200 ns
[2020-10-05T09:31:59.108+0000][34308][safepoint    ] Safepoint "Cleanup", Time since last: 1000294800 ns, Reaching safepoint: 250200 ns, At safepoint: 12500 ns, Total: 262700 ns
[2020-10-05T09:32:01.109+0000][34308][safepoint    ] Safepoint "Cleanup", Time since last: 2000733600 ns, Reaching safepoint: 216700 ns, At safepoint: 9600 ns, Total: 226300 ns
[2020-10-05T09:32:02.109+0000][34308][safepoint    ] Safepoint "Cleanup", Time since last: 1000445700 ns, Reaching safepoint: 139900 ns, At safepoint: 10600 ns, Total: 150500 ns
[2020-10-05T09:32:03.110+0000][34308][safepoint    ] Safepoint "Cleanup", Time since last: 1000482100 ns, Reaching safepoint: 322500 ns, At safepoint: 15900 ns, Total: 338400 ns
[2020-10-05T09:32:04.110+0000][34308][safepoint    ] Safepoint "Cleanup", Time since last: 1000198700 ns, Reaching safepoint: 136200 ns, At safepoint: 23200 ns, Total: 159400 ns
[2020-10-05T09:32:05.111+0000][34308][safepoint    ] Safepoint "Cleanup", Time since last: 1000075300 ns, Reaching safepoint: 163400 ns, At safepoint: 10100 ns, Total: 173500 ns
[2020-10-05T09:32:06.111+0000][34308][safepoint    ] Safepoint "Cleanup", Time since last: 1000400300 ns, Reaching safepoint: 146000 ns, At safepoint: 7800 ns, Total: 153800 ns
[2020-10-05T09:32:08.112+0000][34308][safepoint    ] Safepoint "Cleanup", Time since last: 2000356100 ns, Reaching safepoint: 143500 ns, At safepoint: 8500 ns, Total: 152000 ns
[2020-10-05T09:32:09.112+0000][34308][safepoint    ] Safepoint "Cleanup", Time since last: 1000060100 ns, Reaching safepoint: 151900 ns, At safepoint: 7700 ns, Total: 159600 ns
[2020-10-05T09:32:11.113+0000][34308][safepoint    ] Safepoint "Cleanup", Time since last: 2000501600 ns, Reaching safepoint: 126200 ns, At safepoint: 5000 ns, Total: 131200 ns
[2020-10-05T09:32:12.113+0000][34308][safepoint    ] Safepoint "Cleanup", Time since last: 1000590600 ns, Reaching safepoint: 161500 ns, At safepoint: 7500 ns, Total: 169000 ns
[2020-10-05T09:32:13.114+0000][34308][safepoint    ] Safepoint "Cleanup", Time since last: 1000173200 ns, Reaching safepoint: 140800 ns, At safepoint: 8800 ns, Total: 149600 ns
[2020-10-05T09:32:15.115+0000][34308][safepoint    ] Safepoint "Cleanup", Time since last: 2000946000 ns, Reaching safepoint: 163200 ns, At safepoint: 8700 ns, Total: 171900 ns
[2020-10-05T09:32:16.115+0000][34308][safepoint    ] Safepoint "Cleanup", Time since last: 1000481900 ns, Reaching safepoint: 137500 ns, At safepoint: 6500 ns, Total: 144000 ns
[2020-10-05T09:32:17.116+0000][34308][safepoint    ] Safepoint "Cleanup", Time since last: 1000044800 ns, Reaching safepoint: 164300 ns, At safepoint: 11200 ns, Total: 175500 ns
[2020-10-05T09:32:18.117+0000][34308][safepoint    ] Safepoint "Cleanup", Time since last: 1000525300 ns, Reaching safepoint: 895300 ns, At safepoint: 35500 ns, Total: 930800 ns
[2020-10-05T09:32:19.118+0000][34308][safepoint    ] Safepoint "Cleanup", Time since last: 1000563900 ns, Reaching safepoint: 468400 ns, At safepoint: 31900 ns, Total: 500300 ns
[2020-10-05T09:32:21.108+0000][34308][safepoint    ] Safepoint "Cleanup", Time since last: 1989197900 ns, Reaching safepoint: 571100 ns, At safepoint: 99700 ns, Total: 670800 ns
[2020-10-05T09:32:22.110+0000][34308][safepoint    ] Safepoint "Cleanup", Time since last: 1001733700 ns, Reaching safepoint: 157900 ns, At safepoint: 8200 ns, Total: 166100 ns
[2020-10-05T09:32:23.110+0000][34308][safepoint    ] Safepoint "Cleanup", Time since last: 1000083200 ns, Reaching safepoint: 170300 ns, At safepoint: 4800 ns, Total: 175100 ns
[2020-10-05T09:32:24.111+0000][34308][safepoint    ] Safepoint "Cleanup", Time since last: 1000768500 ns, Reaching safepoint: 139100 ns, At safepoint: 5600 ns, Total: 144700 ns
[2020-10-05T09:32:25.112+0000][34308][safepoint    ] Safepoint "Cleanup", Time since last: 1000825300 ns, Reaching safepoint: 146300 ns, At safepoint: 8200 ns, Total: 154500 ns
[2020-10-05T09:32:26.113+0000][34308][safepoint    ] Safepoint "Cleanup", Time since last: 1000592500 ns, Reaching safepoint: 141200 ns, At safepoint: 7900 ns, Total: 149100 ns
[2020-10-05T09:32:28.113+0000][34308][safepoint    ] Safepoint "Cleanup", Time since last: 2000075700 ns, Reaching safepoint: 129700 ns, At safepoint: 7000 ns, Total: 136700 ns
[2020-10-05T09:32:29.114+0000][34308][safepoint    ] Safepoint "Cleanup", Time since last: 1000412600 ns, Reaching safepoint: 174000 ns, At safepoint: 9700 ns, Total: 183700 ns
[2020-10-05T09:32:31.114+0000][34308][safepoint    ] Safepoint "Cleanup", Time since last: 2000170800 ns, Reaching safepoint: 146000 ns, At safepoint: 7600 ns, Total: 153600 ns
[2020-10-05T09:32:32.114+0000][34308][safepoint    ] Safepoint "Cleanup", Time since last: 1000128300 ns, Reaching safepoint: 121800 ns, At safepoint: 4300 ns, Total: 126100 ns
[2020-10-05T09:32:33.115+0000][34308][safepoint    ] Safepoint "Cleanup", Time since last: 1000105800 ns, Reaching safepoint: 147500 ns, At safepoint: 10900 ns, Total: 158400 ns
[2020-10-05T09:32:35.115+0000][34308][safepoint    ] Safepoint "Cleanup", Time since last: 2000216700 ns, Reaching safepoint: 176900 ns, At safepoint: 9700 ns, Total: 186600 ns
[2020-10-05T09:32:36.116+0000][34308][safepoint    ] Safepoint "Cleanup", Time since last: 1000634400 ns, Reaching safepoint: 136900 ns, At safepoint: 9800 ns, Total: 146700 ns
[2020-10-05T09:32:37.117+0000][34308][safepoint    ] Safepoint "Cleanup", Time since last: 1000649000 ns, Reaching safepoint: 123800 ns, At safepoint: 8700 ns, Total: 132500 ns
[2020-10-05T09:32:38.118+0000][34308][safepoint    ] Safepoint "Cleanup", Time since last: 1000845200 ns, Reaching safepoint: 150400 ns, At safepoint: 6800 ns, Total: 157200 ns
[2020-10-05T09:32:39.118+0000][34308][safepoint    ] Safepoint "Cleanup", Time since last: 1000044900 ns, Reaching safepoint: 132400 ns, At safepoint: 4200 ns, Total: 136600 ns
[2020-10-05T09:32:40.118+0000][34308][safepoint    ] Safepoint "Cleanup", Time since last: 1000117300 ns, Reaching safepoint: 177400 ns, At safepoint: 10800 ns, Total: 188200 ns
[2020-10-05T09:32:41.119+0000][34308][safepoint    ] Safepoint "Cleanup", Time since last: 1000613900 ns, Reaching safepoint: 102500 ns, At safepoint: 3700 ns, Total: 106200 ns
[2020-10-05T09:32:42.120+0000][34308][safepoint    ] Safepoint "Cleanup", Time since last: 1000732600 ns, Reaching safepoint: 143400 ns, At safepoint: 9900 ns, Total: 153300 ns
[2020-10-05T09:32:43.121+0000][34308][safepoint    ] Safepoint "Cleanup", Time since last: 1000806200 ns, Reaching safepoint: 103300 ns, At safepoint: 3600 ns, Total: 106900 ns
[2020-10-05T09:32:44.121+0000][34308][safepoint    ] Safepoint "Cleanup", Time since last: 1000177100 ns, Reaching safepoint: 153300 ns, At safepoint: 20000 ns, Total: 173300 ns
[2020-10-05T09:32:45.122+0000][34308][safepoint    ] Safepoint "Cleanup", Time since last: 1000656800 ns, Reaching safepoint: 176300 ns, At safepoint: 11700 ns, Total: 188000 ns
[2020-10-05T09:32:47.123+0000][34308][safepoint    ] Safepoint "Cleanup", Time since last: 2000864900 ns, Reaching safepoint: 146700 ns, At safepoint: 8400 ns, Total: 155100 ns
[2020-10-05T09:32:48.124+0000][34308][safepoint    ] Safepoint "Cleanup", Time since last: 1000897500 ns, Reaching safepoint: 137800 ns, At safepoint: 7400 ns, Total: 145200 ns
[2020-10-05T09:32:50.125+0000][34308][safepoint    ] Safepoint "Cleanup", Time since last: 2000781000 ns, Reaching safepoint: 197100 ns, At safepoint: 8000 ns, Total: 205100 ns
[2020-10-05T09:32:51.125+0000][34308][safepoint    ] Safepoint "Cleanup", Time since last: 1000481800 ns, Reaching safepoint: 140900 ns, At safepoint: 7100 ns, Total: 148000 ns
[2020-10-05T09:32:52.126+0000][34308][safepoint    ] Safepoint "Cleanup", Time since last: 1000059800 ns, Reaching safepoint: 146700 ns, At safepoint: 9200 ns, Total: 155900 ns
[2020-10-05T09:32:53.126+0000][34308][safepoint    ] Safepoint "Cleanup", Time since last: 1000288100 ns, Reaching safepoint: 135200 ns, At safepoint: 14500 ns, Total: 149700 ns
[2020-10-05T09:32:54.127+0000][34308][safepoint    ] Safepoint "Cleanup", Time since last: 1000419300 ns, Reaching safepoint: 137200 ns, At safepoint: 7700 ns, Total: 144900 ns
[2020-10-05T09:32:55.127+0000][34308][safepoint    ] Safepoint "Cleanup", Time since last: 1000562200 ns, Reaching safepoint: 132100 ns, At safepoint: 8700 ns, Total: 140800 ns
[2020-10-05T09:32:56.128+0000][34308][safepoint    ] Safepoint "Cleanup", Time since last: 1000287600 ns, Reaching safepoint: 135700 ns, At safepoint: 9300 ns, Total: 145000 ns
[2020-10-05T09:32:58.128+0000][34308][safepoint    ] Safepoint "Cleanup", Time since last: 2000235500 ns, Reaching safepoint: 144200 ns, At safepoint: 11200 ns, Total: 155400 ns
[2020-10-05T09:33:00.129+0000][34308][safepoint    ] Safepoint "Cleanup", Time since last: 2000463600 ns, Reaching safepoint: 174000 ns, At safepoint: 7300 ns, Total: 181300 ns
[2020-10-05T09:33:01.129+0000][34308][safepoint    ] Safepoint "Cleanup", Time since last: 1000434400 ns, Reaching safepoint: 133300 ns, At safepoint: 7900 ns, Total: 141200 ns
[2020-10-05T09:33:02.130+0000][34308][safepoint    ] Safepoint "Cleanup", Time since last: 1000599900 ns, Reaching safepoint: 164000 ns, At safepoint: 6600 ns, Total: 170600 ns
[2020-10-05T09:33:04.131+0000][34308][safepoint    ] Safepoint "Cleanup", Time since last: 2000559400 ns, Reaching safepoint: 134200 ns, At safepoint: 7600 ns, Total: 141800 ns
[2020-10-05T09:33:05.131+0000][34308][safepoint    ] Safepoint "Cleanup", Time since last: 1000220900 ns, Reaching safepoint: 117700 ns, At safepoint: 8800 ns, Total: 126500 ns
[2020-10-05T09:33:06.131+0000][34308][safepoint    ] Safepoint "Cleanup", Time since last: 1000003700 ns, Reaching safepoint: 156900 ns, At safepoint: 7900 ns, Total: 164800 ns
[2020-10-05T09:33:07.132+0000][34308][safepoint    ] Safepoint "Cleanup", Time since last: 1000148100 ns, Reaching safepoint: 128200 ns, At safepoint: 7200 ns, Total: 135400 ns
[2020-10-05T09:33:08.132+0000][34308][safepoint    ] Safepoint "Cleanup", Time since last: 1000504100 ns, Reaching safepoint: 134700 ns, At safepoint: 14800 ns, Total: 149500 ns
[2020-10-05T09:33:10.133+0000][34308][safepoint    ] Safepoint "Cleanup", Time since last: 2000617500 ns, Reaching safepoint: 124400 ns, At safepoint: 7400 ns, Total: 131800 ns
[2020-10-05T09:33:11.134+0000][34308][safepoint    ] Safepoint "Cleanup", Time since last: 1000444100 ns, Reaching safepoint: 135300 ns, At safepoint: 8300 ns, Total: 143600 ns
[2020-10-05T09:33:12.134+0000][34308][safepoint    ] Safepoint "Cleanup", Time since last: 1000046000 ns, Reaching safepoint: 136900 ns, At safepoint: 7900 ns, Total: 144800 ns
[2020-10-05T09:33:13.134+0000][34308][safepoint    ] Safepoint "Cleanup", Time since last: 1000480400 ns, Reaching safepoint: 123000 ns, At safepoint: 8300 ns, Total: 131300 ns
[2020-10-05T09:33:14.135+0000][34308][safepoint    ] Safepoint "Cleanup", Time since last: 1000683600 ns, Reaching safepoint: 152900 ns, At safepoint: 7200 ns, Total: 160100 ns
[2020-10-05T09:33:15.136+0000][34308][safepoint    ] Safepoint "Cleanup", Time since last: 1000268400 ns, Reaching safepoint: 118900 ns, At safepoint: 7600 ns, Total: 126500 ns
[2020-10-05T09:33:16.136+0000][34308][safepoint    ] Safepoint "Cleanup", Time since last: 1000645000 ns, Reaching safepoint: 130100 ns, At safepoint: 7900 ns, Total: 138000 ns
[2020-10-05T09:33:18.137+0000][34308][safepoint    ] Safepoint "Cleanup", Time since last: 2000485200 ns, Reaching safepoint: 147800 ns, At safepoint: 7400 ns, Total: 155200 ns
[2020-10-05T09:33:19.137+0000][34308][safepoint    ] Safepoint "Cleanup", Time since last: 1000154600 ns, Reaching safepoint: 135000 ns, At safepoint: 8200 ns, Total: 143200 ns
[2020-10-05T09:33:20.568+0000][34308][safepoint    ] Safepoint "Cleanup", Time since last: 1430171900 ns, Reaching safepoint: 181800 ns, At safepoint: 7300 ns, Total: 189100 ns
[2020-10-05T09:33:21.568+0000][34308][safepoint    ] Safepoint "Cleanup", Time since last: 1000332000 ns, Reaching safepoint: 161900 ns, At safepoint: 9500 ns, Total: 171400 ns
[2020-10-05T09:33:22.569+0000][34308][safepoint    ] Safepoint "Cleanup", Time since last: 1000158500 ns, Reaching safepoint: 136800 ns, At safepoint: 7600 ns, Total: 144400 ns
[2020-10-05T09:33:23.569+0000][34308][safepoint    ] Safepoint "Cleanup", Time since last: 1000562300 ns, Reaching safepoint: 154400 ns, At safepoint: 6900 ns, Total: 161300 ns
[2020-10-05T09:33:24.570+0000][34308][safepoint    ] Safepoint "Cleanup", Time since last: 1000677100 ns, Reaching safepoint: 196900 ns, At safepoint: 11800 ns, Total: 208700 ns
[2020-10-05T09:33:25.570+0000][34308][safepoint    ] Safepoint "Cleanup", Time since last: 1000013100 ns, Reaching safepoint: 143100 ns, At safepoint: 6700 ns, Total: 149800 ns
[2020-10-05T09:33:26.571+0000][34308][safepoint    ] Safepoint "Cleanup", Time since last: 1000318900 ns, Reaching safepoint: 113800 ns, At safepoint: 7900 ns, Total: 121700 ns
[2020-10-05T09:33:27.571+0000][34308][safepoint    ] Safepoint "Cleanup", Time since last: 1000396500 ns, Reaching safepoint: 149000 ns, At safepoint: 21100 ns, Total: 170100 ns
[2020-10-05T09:33:28.571+0000][34308][safepoint    ] Safepoint "Cleanup", Time since last: 1000318900 ns, Reaching safepoint: 140300 ns, At safepoint: 10300 ns, Total: 150600 ns
[2020-10-05T09:33:29.572+0000][34308][safepoint    ] Safepoint "Cleanup", Time since last: 1000201100 ns, Reaching safepoint: 152600 ns, At safepoint: 22400 ns, Total: 175000 ns
[2020-10-05T09:33:30.572+0000][34308][safepoint    ] Safepoint "Cleanup", Time since last: 1000112100 ns, Reaching safepoint: 187100 ns, At safepoint: 8600 ns, Total: 195700 ns
[2020-10-05T09:33:32.572+0000][34308][safepoint    ] Safepoint "Cleanup", Time since last: 1999979300 ns, Reaching safepoint: 139700 ns, At safepoint: 9200 ns, Total: 148900 ns
[2020-10-05T09:33:33.573+0000][34308][safepoint    ] Safepoint "Cleanup", Time since last: 1000704100 ns, Reaching safepoint: 163100 ns, At safepoint: 9800 ns, Total: 172900 ns
[2020-10-05T09:33:34.574+0000][34308][safepoint    ] Safepoint "Cleanup", Time since last: 1001260400 ns, Reaching safepoint: 125600 ns, At safepoint: 21300 ns, Total: 146900 ns
[2020-10-05T09:33:35.575+0000][34308][safepoint    ] Safepoint "Cleanup", Time since last: 1000747100 ns, Reaching safepoint: 110600 ns, At safepoint: 4300 ns, Total: 114900 ns
[2020-10-05T09:33:36.576+0000][34308][safepoint    ] Safepoint "Cleanup", Time since last: 1000612200 ns, Reaching safepoint: 141000 ns, At safepoint: 8100 ns, Total: 149100 ns
[2020-10-05T09:33:37.576+0000][34308][safepoint    ] Safepoint "Cleanup", Time since last: 1000713700 ns, Reaching safepoint: 108100 ns, At safepoint: 5100 ns, Total: 113200 ns
[2020-10-05T09:33:39.577+0000][34308][safepoint    ] Safepoint "Cleanup", Time since last: 2000790100 ns, Reaching safepoint: 134300 ns, At safepoint: 8000 ns, Total: 142300 ns
[2020-10-05T09:33:40.578+0000][34308][safepoint    ] Safepoint "Cleanup", Time since last: 1000622200 ns, Reaching safepoint: 251600 ns, At safepoint: 16400 ns, Total: 268000 ns
[2020-10-05T09:33:41.579+0000][34308][safepoint    ] Safepoint "Cleanup", Time since last: 1000620900 ns, Reaching safepoint: 171000 ns, At safepoint: 8100 ns, Total: 179100 ns
[2020-10-05T09:33:42.579+0000][34308][safepoint    ] Safepoint "Cleanup", Time since last: 1000122500 ns, Reaching safepoint: 154300 ns, At safepoint: 9200 ns, Total: 163500 ns
[2020-10-05T09:33:43.580+0000][34308][safepoint    ] Safepoint "Cleanup", Time since last: 1000508700 ns, Reaching safepoint: 133300 ns, At safepoint: 9200 ns, Total: 142500 ns
[2020-10-05T09:33:44.580+0000][34308][safepoint    ] Safepoint "Cleanup", Time since last: 1000066400 ns, Reaching safepoint: 153100 ns, At safepoint: 9400 ns, Total: 162500 ns
[2020-10-05T09:33:45.580+0000][34308][safepoint    ] Safepoint "Cleanup", Time since last: 1000007000 ns, Reaching safepoint: 134800 ns, At safepoint: 7600 ns, Total: 142400 ns
[2020-10-05T09:33:46.581+0000][34308][safepoint    ] Safepoint "Cleanup", Time since last: 1000689000 ns, Reaching safepoint: 536000 ns, At safepoint: 9400 ns, Total: 545400 ns
[2020-10-05T09:33:47.581+0000][34308][safepoint    ] Safepoint "Cleanup", Time since last: 1000307000 ns, Reaching safepoint: 110800 ns, At safepoint: 7200 ns, Total: 118000 ns
[2020-10-05T09:33:48.582+0000][34308][safepoint    ] Safepoint "Cleanup", Time since last: 1000533600 ns, Reaching safepoint: 117700 ns, At safepoint: 7200 ns, Total: 124900 ns
[2020-10-05T09:33:49.582+0000][34308][safepoint    ] Safepoint "Cleanup", Time since last: 1000076700 ns, Reaching safepoint: 134200 ns, At safepoint: 10800 ns, Total: 145000 ns
[2020-10-05T09:33:51.583+0000][34308][safepoint    ] Safepoint "Cleanup", Time since last: 2000587000 ns, Reaching safepoint: 123300 ns, At safepoint: 8400 ns, Total: 131700 ns
[2020-10-05T09:33:53.583+0000][34308][safepoint    ] Safepoint "Cleanup", Time since last: 2000301900 ns, Reaching safepoint: 134300 ns, At safepoint: 8400 ns, Total: 142700 ns
[2020-10-05T09:33:54.584+0000][34308][safepoint    ] Safepoint "Cleanup", Time since last: 1000561500 ns, Reaching safepoint: 128800 ns, At safepoint: 8500 ns, Total: 137300 ns
[2020-10-05T09:33:55.584+0000][34308][safepoint    ] Safepoint "Cleanup", Time since last: 1000437200 ns, Reaching safepoint: 164600 ns, At safepoint: 8800 ns, Total: 173400 ns
[2020-10-05T09:33:56.585+0000][34308][safepoint    ] Safepoint "Cleanup", Time since last: 1000450200 ns, Reaching safepoint: 161400 ns, At safepoint: 10500 ns, Total: 171900 ns
[2020-10-05T09:33:58.585+0000][34308][safepoint    ] Safepoint "Cleanup", Time since last: 2000098900 ns, Reaching safepoint: 148700 ns, At safepoint: 12900 ns, Total: 161600 ns
[2020-10-05T09:33:59.585+0000][34308][safepoint    ] Safepoint "Cleanup", Time since last: 1000061100 ns, Reaching safepoint: 144900 ns, At safepoint: 5500 ns, Total: 150400 ns
[2020-10-05T09:34:00.585+0000][34308][safepoint    ] Safepoint "Cleanup", Time since last: 1000268500 ns, Reaching safepoint: 129500 ns, At safepoint: 7600 ns, Total: 137100 ns
[2020-10-05T09:34:01.586+0000][34308][safepoint    ] Safepoint "Cleanup", Time since last: 1000065600 ns, Reaching safepoint: 145300 ns, At safepoint: 7100 ns, Total: 152400 ns
[2020-10-05T09:34:03.586+0000][34308][safepoint    ] Safepoint "Cleanup", Time since last: 2000704700 ns, Reaching safepoint: 151900 ns, At safepoint: 6900 ns, Total: 158800 ns
[2020-10-05T09:34:04.587+0000][34308][safepoint    ] Safepoint "Cleanup", Time since last: 1000224200 ns, Reaching safepoint: 115200 ns, At safepoint: 7200 ns, Total: 122400 ns
[2020-10-05T09:34:06.587+0000][34308][safepoint    ] Safepoint "Cleanup", Time since last: 2000779300 ns, Reaching safepoint: 184400 ns, At safepoint: 9000 ns, Total: 193400 ns
[2020-10-05T09:34:07.588+0000][34308][safepoint    ] Safepoint "Cleanup", Time since last: 1000556500 ns, Reaching safepoint: 140400 ns, At safepoint: 7700 ns, Total: 148100 ns
[2020-10-05T09:34:08.588+0000][34308][safepoint    ] Safepoint "Cleanup", Time since last: 1000342100 ns, Reaching safepoint: 106800 ns, At safepoint: 7100 ns, Total: 113900 ns
[2020-10-05T09:34:09.630+0000][34308][safepoint    ] Safepoint "Cleanup", Time since last: 1041643300 ns, Reaching safepoint: 131900 ns, At safepoint: 18700 ns, Total: 150600 ns
[2020-10-05T09:34:11.630+0000][34308][safepoint    ] Safepoint "Cleanup", Time since last: 2000233800 ns, Reaching safepoint: 162200 ns, At safepoint: 11100 ns, Total: 173300 ns
[2020-10-05T09:34:13.631+0000][34308][safepoint    ] Safepoint "Cleanup", Time since last: 2000230700 ns, Reaching safepoint: 359700 ns, At safepoint: 10900 ns, Total: 370600 ns
[2020-10-05T09:34:14.632+0000][34308][safepoint    ] Safepoint "Cleanup", Time since last: 1000633600 ns, Reaching safepoint: 262100 ns, At safepoint: 12200 ns, Total: 274300 ns
[2020-10-05T09:34:15.632+0000][34308][safepoint    ] Safepoint "Cleanup", Time since last: 1000521400 ns, Reaching safepoint: 170300 ns, At safepoint: 6300 ns, Total: 176600 ns
[2020-10-05T09:34:16.633+0000][34308][safepoint    ] Safepoint "Cleanup", Time since last: 1000615000 ns, Reaching safepoint: 338100 ns, At safepoint: 17100 ns, Total: 355200 ns
[2020-10-05T09:34:18.633+0000][34308][safepoint    ] Safepoint "Cleanup", Time since last: 2000122600 ns, Reaching safepoint: 157200 ns, At safepoint: 9500 ns, Total: 166700 ns
[2020-10-05T09:34:19.634+0000][34308][safepoint    ] Safepoint "Cleanup", Time since last: 1000262500 ns, Reaching safepoint: 125200 ns, At safepoint: 7600 ns, Total: 132800 ns
[2020-10-05T09:34:20.634+0000][34308][safepoint    ] Safepoint "Cleanup", Time since last: 1000640100 ns, Reaching safepoint: 250400 ns, At safepoint: 31700 ns, Total: 282100 ns
[2020-10-05T09:34:21.635+0000][34308][safepoint    ] Safepoint "Cleanup", Time since last: 1000502900 ns, Reaching safepoint: 177200 ns, At safepoint: 11900 ns, Total: 189100 ns
[2020-10-05T09:34:22.635+0000][34308][safepoint    ] Safepoint "Cleanup", Time since last: 1000122500 ns, Reaching safepoint: 150800 ns, At safepoint: 5000 ns, Total: 155800 ns
[2020-10-05T09:34:23.636+0000][34308][safepoint    ] Safepoint "Cleanup", Time since last: 1000202800 ns, Reaching safepoint: 379600 ns, At safepoint: 24000 ns, Total: 403600 ns
[2020-10-05T09:34:24.636+0000][34308][safepoint    ] Safepoint "Cleanup", Time since last: 1000175700 ns, Reaching safepoint: 145300 ns, At safepoint: 7600 ns, Total: 152900 ns
[2020-10-05T09:34:25.636+0000][34308][safepoint    ] Safepoint "Cleanup", Time since last: 1000024200 ns, Reaching safepoint: 261100 ns, At safepoint: 43100 ns, Total: 304200 ns
[2020-10-05T09:34:26.637+0000][34308][safepoint    ] Safepoint "Cleanup", Time since last: 1000071000 ns, Reaching safepoint: 147600 ns, At safepoint: 9200 ns, Total: 156800 ns
[2020-10-05T09:34:27.637+0000][34308][safepoint    ] Safepoint "Cleanup", Time since last: 1000687300 ns, Reaching safepoint: 139200 ns, At safepoint: 8800 ns, Total: 148000 ns
[2020-10-05T09:34:28.638+0000][34308][safepoint    ] Safepoint "Cleanup", Time since last: 1000767500 ns, Reaching safepoint: 153200 ns, At safepoint: 4000 ns, Total: 157200 ns
[2020-10-05T09:34:29.639+0000][34308][safepoint    ] Safepoint "Cleanup", Time since last: 1000625000 ns, Reaching safepoint: 150100 ns, At safepoint: 4900 ns, Total: 155000 ns
[2020-10-05T09:34:31.640+0000][34308][safepoint    ] Safepoint "Cleanup", Time since last: 2000722500 ns, Reaching safepoint: 120500 ns, At safepoint: 8300 ns, Total: 128800 ns
[2020-10-05T09:34:32.640+0000][34308][safepoint    ] Safepoint "Cleanup", Time since last: 1000219900 ns, Reaching safepoint: 135600 ns, At safepoint: 9100 ns, Total: 144700 ns
[2020-10-05T09:34:33.640+0000][34308][safepoint    ] Safepoint "Cleanup", Time since last: 1000182000 ns, Reaching safepoint: 191600 ns, At safepoint: 8000 ns, Total: 199600 ns
[2020-10-05T09:34:34.641+0000][34308][safepoint    ] Safepoint "Cleanup", Time since last: 1000126800 ns, Reaching safepoint: 128700 ns, At safepoint: 8700 ns, Total: 137400 ns
[2020-10-05T09:34:35.641+0000][34308][safepoint    ] Safepoint "Cleanup", Time since last: 1000788700 ns, Reaching safepoint: 114100 ns, At safepoint: 4300 ns, Total: 118400 ns
[2020-10-05T09:34:36.642+0000][34308][safepoint    ] Safepoint "Cleanup", Time since last: 1000123700 ns, Reaching safepoint: 532800 ns, At safepoint: 16500 ns, Total: 549300 ns
[2020-10-05T09:34:38.642+0000][34308][safepoint    ] Safepoint "Cleanup", Time since last: 2000377300 ns, Reaching safepoint: 136300 ns, At safepoint: 9000 ns, Total: 145300 ns
[2020-10-05T09:34:40.643+0000][34308][safepoint    ] Safepoint "Cleanup", Time since last: 2000856800 ns, Reaching safepoint: 170800 ns, At safepoint: 7600 ns, Total: 178400 ns
[2020-10-05T09:34:41.644+0000][34308][safepoint    ] Safepoint "Cleanup", Time since last: 1000726700 ns, Reaching safepoint: 131200 ns, At safepoint: 4200 ns, Total: 135400 ns
[2020-10-05T09:34:42.644+0000][34308][safepoint    ] Safepoint "Cleanup", Time since last: 1000209300 ns, Reaching safepoint: 136600 ns, At safepoint: 7300 ns, Total: 143900 ns
[2020-10-05T09:34:43.645+0000][34308][safepoint    ] Safepoint "Cleanup", Time since last: 1000296100 ns, Reaching safepoint: 530500 ns, At safepoint: 15700 ns, Total: 546200 ns
[2020-10-05T09:34:44.646+0000][34308][safepoint    ] Safepoint "Cleanup", Time since last: 1000323500 ns, Reaching safepoint: 149500 ns, At safepoint: 20600 ns, Total: 170100 ns
[2020-10-05T09:34:45.646+0000][34308][safepoint    ] Safepoint "Cleanup", Time since last: 1000410400 ns, Reaching safepoint: 320800 ns, At safepoint: 27500 ns, Total: 348300 ns
[2020-10-05T09:34:47.647+0000][34308][safepoint    ] Safepoint "Cleanup", Time since last: 2000337700 ns, Reaching safepoint: 131800 ns, At safepoint: 12600 ns, Total: 144400 ns
[2020-10-05T09:34:48.647+0000][34308][safepoint    ] Safepoint "Cleanup", Time since last: 1000189000 ns, Reaching safepoint: 139100 ns, At safepoint: 8600 ns, Total: 147700 ns
[2020-10-05T09:34:49.648+0000][34308][safepoint    ] Safepoint "Cleanup", Time since last: 1000582000 ns, Reaching safepoint: 115600 ns, At safepoint: 6800 ns, Total: 122400 ns
[2020-10-05T09:34:50.648+0000][34308][safepoint    ] Safepoint "Cleanup", Time since last: 1000659000 ns, Reaching safepoint: 112500 ns, At safepoint: 21200 ns, Total: 133700 ns
[2020-10-05T09:34:52.121+0000][34308][safepoint    ] Safepoint "Cleanup", Time since last: 1472721400 ns, Reaching safepoint: 143700 ns, At safepoint: 8300 ns, Total: 152000 ns
[2020-10-05T09:34:53.122+0000][34308][safepoint    ] Safepoint "Cleanup", Time since last: 1000735700 ns, Reaching safepoint: 131900 ns, At safepoint: 15800 ns, Total: 147700 ns
[2020-10-05T09:34:54.123+0000][34308][safepoint    ] Safepoint "Cleanup", Time since last: 1000528100 ns, Reaching safepoint: 144800 ns, At safepoint: 7500 ns, Total: 152300 ns
[2020-10-05T09:34:55.123+0000][34308][safepoint    ] Safepoint "Cleanup", Time since last: 1000656400 ns, Reaching safepoint: 179800 ns, At safepoint: 7000 ns, Total: 186800 ns
[2020-10-05T09:34:56.123+0000][34308][safepoint    ] Safepoint "Cleanup", Time since last: 1000057300 ns, Reaching safepoint: 233500 ns, At safepoint: 11100 ns, Total: 244600 ns
[2020-10-05T09:34:57.124+0000][34308][safepoint    ] Safepoint "Cleanup", Time since last: 1000550800 ns, Reaching safepoint: 123500 ns, At safepoint: 6600 ns, Total: 130100 ns
[2020-10-05T09:34:58.124+0000][34308][safepoint    ] Safepoint "Cleanup", Time since last: 1000246300 ns, Reaching safepoint: 124000 ns, At safepoint: 9700 ns, Total: 133700 ns
[2020-10-05T09:34:59.125+0000][34308][safepoint    ] Safepoint "Cleanup", Time since last: 1000184900 ns, Reaching safepoint: 128300 ns, At safepoint: 6800 ns, Total: 135100 ns
[2020-10-05T09:35:00.126+0000][34308][safepoint    ] Safepoint "Cleanup", Time since last: 1000690200 ns, Reaching safepoint: 123200 ns, At safepoint: 7500 ns, Total: 130700 ns
[2020-10-05T09:35:01.126+0000][34308][safepoint    ] Safepoint "Cleanup", Time since last: 1000868600 ns, Reaching safepoint: 146900 ns, At safepoint: 7300 ns, Total: 154200 ns
[2020-10-05T09:35:02.127+0000][34308][safepoint    ] Safepoint "Cleanup", Time since last: 1000034200 ns, Reaching safepoint: 158300 ns, At safepoint: 11700 ns, Total: 170000 ns
[2020-10-05T09:35:03.127+0000][34308][safepoint    ] Safepoint "Cleanup", Time since last: 1000508400 ns, Reaching safepoint: 158200 ns, At safepoint: 24500 ns, Total: 182700 ns
[2020-10-05T09:35:04.127+0000][34308][safepoint    ] Safepoint "Cleanup", Time since last: 1000008000 ns, Reaching safepoint: 214800 ns, At safepoint: 9100 ns, Total: 223900 ns
[2020-10-05T09:35:06.128+0000][34308][safepoint    ] Safepoint "Cleanup", Time since last: 2000556400 ns, Reaching safepoint: 130300 ns, At safepoint: 7400 ns, Total: 137700 ns
[2020-10-05T09:35:08.128+0000][34308][safepoint    ] Safepoint "Cleanup", Time since last: 2000462100 ns, Reaching safepoint: 95700 ns, At safepoint: 3900 ns, Total: 99600 ns
[2020-10-05T09:35:10.129+0000][34308][safepoint    ] Safepoint "Cleanup", Time since last: 2000427300 ns, Reaching safepoint: 149600 ns, At safepoint: 5900 ns, Total: 155500 ns
[2020-10-05T09:35:11.129+0000][34308][safepoint    ] Safepoint "Cleanup", Time since last: 1000313700 ns, Reaching safepoint: 133100 ns, At safepoint: 6000 ns, Total: 139100 ns
[2020-10-05T09:35:12.130+0000][34308][safepoint    ] Safepoint "Cleanup", Time since last: 1000667600 ns, Reaching safepoint: 125500 ns, At safepoint: 6900 ns, Total: 132400 ns
[2020-10-05T09:35:13.130+0000][34308][safepoint    ] Safepoint "Cleanup", Time since last: 1000392300 ns, Reaching safepoint: 108200 ns, At safepoint: 6500 ns, Total: 114700 ns
[2020-10-05T09:35:14.131+0000][34308][safepoint    ] Safepoint "Cleanup", Time since last: 1000263500 ns, Reaching safepoint: 114800 ns, At safepoint: 7700 ns, Total: 122500 ns
[2020-10-05T09:35:15.131+0000][34308][safepoint    ] Safepoint "Cleanup", Time since last: 1000624100 ns, Reaching safepoint: 102100 ns, At safepoint: 2600 ns, Total: 104700 ns
[2020-10-05T09:35:16.132+0000][34308][safepoint    ] Safepoint "Cleanup", Time since last: 1000864300 ns, Reaching safepoint: 103900 ns, At safepoint: 6800 ns, Total: 110700 ns
[2020-10-05T09:35:17.133+0000][34308][safepoint    ] Safepoint "Cleanup", Time since last: 1000613400 ns, Reaching safepoint: 112000 ns, At safepoint: 6600 ns, Total: 118600 ns
[2020-10-05T09:35:18.134+0000][34308][safepoint    ] Safepoint "Cleanup", Time since last: 1000778400 ns, Reaching safepoint: 144700 ns, At safepoint: 10000 ns, Total: 154700 ns
[2020-10-05T09:35:19.134+0000][34308][safepoint    ] Safepoint "Cleanup", Time since last: 1000484600 ns, Reaching safepoint: 139700 ns, At safepoint: 11300 ns, Total: 151000 ns
[2020-10-05T09:35:20.135+0000][34308][safepoint    ] Safepoint "Cleanup", Time since last: 1000019900 ns, Reaching safepoint: 141500 ns, At safepoint: 8900 ns, Total: 150400 ns
[2020-10-05T09:35:22.124+0000][34308][safepoint    ] Safepoint "Cleanup", Time since last: 1989437900 ns, Reaching safepoint: 111000 ns, At safepoint: 6700 ns, Total: 117700 ns
[2020-10-05T09:35:23.125+0000][34308][safepoint    ] Safepoint "Cleanup", Time since last: 1000862300 ns, Reaching safepoint: 123800 ns, At safepoint: 6100 ns, Total: 129900 ns
[2020-10-05T09:35:24.126+0000][34308][safepoint    ] Safepoint "Cleanup", Time since last: 1000802000 ns, Reaching safepoint: 140300 ns, At safepoint: 7300 ns, Total: 147600 ns
[2020-10-05T09:35:26.126+0000][34308][safepoint    ] Safepoint "Cleanup", Time since last: 2000091000 ns, Reaching safepoint: 124000 ns, At safepoint: 5500 ns, Total: 129500 ns
[2020-10-05T09:35:27.126+0000][34308][safepoint    ] Safepoint "Cleanup", Time since last: 1000019300 ns, Reaching safepoint: 135400 ns, At safepoint: 6400 ns, Total: 141800 ns
[2020-10-05T09:35:28.127+0000][34308][safepoint    ] Safepoint "Cleanup", Time since last: 1000835800 ns, Reaching safepoint: 148800 ns, At safepoint: 6200 ns, Total: 155000 ns
[2020-10-05T09:35:29.128+0000][34308][safepoint    ] Safepoint "Cleanup", Time since last: 1000782500 ns, Reaching safepoint: 106200 ns, At safepoint: 5800 ns, Total: 112000 ns
[2020-10-05T09:35:30.128+0000][34308][safepoint    ] Safepoint "Cleanup", Time since last: 1000452900 ns, Reaching safepoint: 132800 ns, At safepoint: 6300 ns, Total: 139100 ns
[2020-10-05T09:35:31.129+0000][34308][safepoint    ] Safepoint "Cleanup", Time since last: 1000540400 ns, Reaching safepoint: 100000 ns, At safepoint: 5200 ns, Total: 105200 ns
[2020-10-05T09:35:32.129+0000][34308][safepoint    ] Safepoint "Cleanup", Time since last: 1000489500 ns, Reaching safepoint: 119400 ns, At safepoint: 5800 ns, Total: 125200 ns
[2020-10-05T09:35:33.130+0000][34308][safepoint    ] Safepoint "Cleanup", Time since last: 1000358700 ns, Reaching safepoint: 117400 ns, At safepoint: 5000 ns, Total: 122400 ns
[2020-10-05T09:35:35.130+0000][34308][safepoint    ] Safepoint "Cleanup", Time since last: 2000385900 ns, Reaching safepoint: 107600 ns, At safepoint: 5300 ns, Total: 112900 ns
[2020-10-05T09:35:37.131+0000][34308][safepoint    ] Safepoint "Cleanup", Time since last: 2000848100 ns, Reaching safepoint: 128000 ns, At safepoint: 6700 ns, Total: 134700 ns
[2020-10-05T09:35:38.131+0000][34308][safepoint    ] Safepoint "Cleanup", Time since last: 1000378600 ns, Reaching safepoint: 111500 ns, At safepoint: 7700 ns, Total: 119200 ns
[2020-10-05T09:35:39.132+0000][34308][safepoint    ] Safepoint "Cleanup", Time since last: 1000477300 ns, Reaching safepoint: 98300 ns, At safepoint: 3200 ns, Total: 101500 ns
[2020-10-05T09:35:40.132+0000][34308][safepoint    ] Safepoint "Cleanup", Time since last: 1000128400 ns, Reaching safepoint: 117100 ns, At safepoint: 7100 ns, Total: 124200 ns
[2020-10-05T09:35:41.133+0000][34308][safepoint    ] Safepoint "Cleanup", Time since last: 1000510900 ns, Reaching safepoint: 139000 ns, At safepoint: 4700 ns, Total: 143700 ns
[2020-10-05T09:35:42.133+0000][34308][safepoint    ] Safepoint "Cleanup", Time since last: 1000662800 ns, Reaching safepoint: 102400 ns, At safepoint: 5100 ns, Total: 107500 ns
[2020-10-05T09:35:43.133+0000][34308][safepoint    ] Safepoint "Cleanup", Time since last: 1000010100 ns, Reaching safepoint: 136600 ns, At safepoint: 6500 ns, Total: 143100 ns
[2020-10-05T09:35:44.134+0000][34308][safepoint    ] Safepoint "Cleanup", Time since last: 1000089800 ns, Reaching safepoint: 140100 ns, At safepoint: 6800 ns, Total: 146900 ns
[2020-10-05T09:35:45.134+0000][34308][safepoint    ] Safepoint "Cleanup", Time since last: 1000271500 ns, Reaching safepoint: 92000 ns, At safepoint: 3600 ns, Total: 95600 ns
[2020-10-05T09:35:46.134+0000][34308][safepoint    ] Safepoint "Cleanup", Time since last: 1000249200 ns, Reaching safepoint: 93500 ns, At safepoint: 4500 ns, Total: 98000 ns
[2020-10-05T09:35:47.135+0000][34308][safepoint    ] Safepoint "Cleanup", Time since last: 1000511300 ns, Reaching safepoint: 128700 ns, At safepoint: 6600 ns, Total: 135300 ns
[2020-10-05T09:35:48.135+0000][34308][safepoint    ] Safepoint "Cleanup", Time since last: 1000250700 ns, Reaching safepoint: 114800 ns, At safepoint: 6000 ns, Total: 120800 ns
[2020-10-05T09:35:49.136+0000][34308][safepoint    ] Safepoint "Cleanup", Time since last: 1000520500 ns, Reaching safepoint: 107200 ns, At safepoint: 6200 ns, Total: 113400 ns
[2020-10-05T09:35:50.137+0000][34308][safepoint    ] Safepoint "Cleanup", Time since last: 1000785300 ns, Reaching safepoint: 107700 ns, At safepoint: 19200 ns, Total: 126900 ns
[2020-10-05T09:35:51.137+0000][34308][safepoint    ] Safepoint "Cleanup", Time since last: 1000196700 ns, Reaching safepoint: 122800 ns, At safepoint: 8100 ns, Total: 130900 ns
[2020-10-05T09:35:52.138+0000][34308][safepoint    ] Safepoint "Cleanup", Time since last: 1000603000 ns, Reaching safepoint: 108800 ns, At safepoint: 5300 ns, Total: 114100 ns
[2020-10-05T09:35:53.138+0000][34308][safepoint    ] Safepoint "Cleanup", Time since last: 1000778200 ns, Reaching safepoint: 110600 ns, At safepoint: 3600 ns, Total: 114200 ns
[2020-10-05T09:35:54.139+0000][34308][safepoint    ] Safepoint "Cleanup", Time since last: 1000702100 ns, Reaching safepoint: 143600 ns, At safepoint: 5800 ns, Total: 149400 ns
[2020-10-05T09:35:55.140+0000][34308][safepoint    ] Safepoint "Cleanup", Time since last: 1000743700 ns, Reaching safepoint: 111300 ns, At safepoint: 6400 ns, Total: 117700 ns
[2020-10-05T09:35:56.141+0000][34308][safepoint    ] Safepoint "Cleanup", Time since last: 1000538100 ns, Reaching safepoint: 138600 ns, At safepoint: 5800 ns, Total: 144400 ns
[2020-10-05T09:35:58.141+0000][34308][safepoint    ] Safepoint "Cleanup", Time since last: 2000907100 ns, Reaching safepoint: 105300 ns, At safepoint: 5400 ns, Total: 110700 ns
[2020-10-05T09:35:59.142+0000][34308][safepoint    ] Safepoint "Cleanup", Time since last: 1000259200 ns, Reaching safepoint: 130200 ns, At safepoint: 7400 ns, Total: 137600 ns
[2020-10-05T09:36:00.142+0000][34308][safepoint    ] Safepoint "Cleanup", Time since last: 1000433500 ns, Reaching safepoint: 117300 ns, At safepoint: 6000 ns, Total: 123300 ns
[2020-10-05T09:36:01.143+0000][34308][safepoint    ] Safepoint "Cleanup", Time since last: 1000504100 ns, Reaching safepoint: 141600 ns, At safepoint: 8000 ns, Total: 149600 ns
[2020-10-05T09:36:02.143+0000][34308][safepoint    ] Safepoint "Cleanup", Time since last: 1000205800 ns, Reaching safepoint: 122400 ns, At safepoint: 6800 ns, Total: 129200 ns
[2020-10-05T09:36:03.144+0000][34308][safepoint    ] Safepoint "Cleanup", Time since last: 1000274400 ns, Reaching safepoint: 165900 ns, At safepoint: 6700 ns, Total: 172600 ns
[2020-10-05T09:36:04.144+0000][34308][safepoint    ] Safepoint "Cleanup", Time since last: 1000686900 ns, Reaching safepoint: 125400 ns, At safepoint: 6800 ns, Total: 132200 ns
[2020-10-05T09:36:05.144+0000][34308][safepoint    ] Safepoint "Cleanup", Time since last: 1000043600 ns, Reaching safepoint: 137400 ns, At safepoint: 5900 ns, Total: 143300 ns
[2020-10-05T09:36:07.145+0000][34308][safepoint    ] Safepoint "Cleanup", Time since last: 2000673800 ns, Reaching safepoint: 161300 ns, At safepoint: 7500 ns, Total: 168800 ns
[2020-10-05T09:36:08.145+0000][34308][safepoint    ] Safepoint "Cleanup", Time since last: 1000154900 ns, Reaching safepoint: 147700 ns, At safepoint: 6600 ns, Total: 154300 ns
[2020-10-05T09:36:09.146+0000][34308][safepoint    ] Safepoint "Cleanup", Time since last: 1000693600 ns, Reaching safepoint: 117800 ns, At safepoint: 9200 ns, Total: 127000 ns
[2020-10-05T09:36:10.146+0000][34308][safepoint    ] Safepoint "Cleanup", Time since last: 1000197100 ns, Reaching safepoint: 114700 ns, At safepoint: 3300 ns, Total: 118000 ns
[2020-10-05T09:36:12.147+0000][34308][safepoint    ] Safepoint "Cleanup", Time since last: 2000319700 ns, Reaching safepoint: 142900 ns, At safepoint: 7200 ns, Total: 150100 ns
[2020-10-05T09:36:14.147+0000][34308][safepoint    ] Safepoint "Cleanup", Time since last: 2000340700 ns, Reaching safepoint: 127600 ns, At safepoint: 5900 ns, Total: 133500 ns
[2020-10-05T09:36:15.148+0000][34308][safepoint    ] Safepoint "Cleanup", Time since last: 1000389900 ns, Reaching safepoint: 126800 ns, At safepoint: 6600 ns, Total: 133400 ns
[2020-10-05T09:36:16.148+0000][34308][safepoint    ] Safepoint "Cleanup", Time since last: 1000111400 ns, Reaching safepoint: 132400 ns, At safepoint: 5900 ns, Total: 138300 ns
[2020-10-05T09:36:17.148+0000][34308][safepoint    ] Safepoint "Cleanup", Time since last: 1000558500 ns, Reaching safepoint: 108500 ns, At safepoint: 6000 ns, Total: 114500 ns
[2020-10-05T09:36:18.149+0000][34308][safepoint    ] Safepoint "Cleanup", Time since last: 1000838400 ns, Reaching safepoint: 94600 ns, At safepoint: 3300 ns, Total: 97900 ns
[2020-10-05T09:36:19.150+0000][34308][safepoint    ] Safepoint "Cleanup", Time since last: 1000605300 ns, Reaching safepoint: 115600 ns, At safepoint: 5900 ns, Total: 121500 ns
[2020-10-05T09:36:20.150+0000][34308][safepoint    ] Safepoint "Cleanup", Time since last: 1000042600 ns, Reaching safepoint: 122600 ns, At safepoint: 4700 ns, Total: 127300 ns
[2020-10-05T09:36:22.138+0000][34308][safepoint    ] Safepoint "Cleanup", Time since last: 1987677200 ns, Reaching safepoint: 124000 ns, At safepoint: 3700 ns, Total: 127700 ns
[2020-10-05T09:36:23.138+0000][34308][safepoint    ] Safepoint "Cleanup", Time since last: 1000205800 ns, Reaching safepoint: 142800 ns, At safepoint: 6800 ns, Total: 149600 ns
[2020-10-05T09:36:24.139+0000][34308][safepoint    ] Safepoint "Cleanup", Time since last: 1000806700 ns, Reaching safepoint: 171300 ns, At safepoint: 5900 ns, Total: 177200 ns
[2020-10-05T09:36:25.139+0000][34308][safepoint    ] Safepoint "Cleanup", Time since last: 1000461600 ns, Reaching safepoint: 123800 ns, At safepoint: 7400 ns, Total: 131200 ns
[2020-10-05T09:36:26.140+0000][34308][safepoint    ] Safepoint "Cleanup", Time since last: 1000095600 ns, Reaching safepoint: 137600 ns, At safepoint: 4800 ns, Total: 142400 ns
[2020-10-05T09:36:27.140+0000][34308][safepoint    ] Safepoint "Cleanup", Time since last: 1000369200 ns, Reaching safepoint: 102500 ns, At safepoint: 2900 ns, Total: 105400 ns
[2020-10-05T09:36:28.140+0000][34308][safepoint    ] Safepoint "Cleanup", Time since last: 1000319500 ns, Reaching safepoint: 162100 ns, At safepoint: 6400 ns, Total: 168500 ns
[2020-10-05T09:36:30.141+0000][34308][safepoint    ] Safepoint "Cleanup", Time since last: 2000578900 ns, Reaching safepoint: 143000 ns, At safepoint: 10300 ns, Total: 153300 ns
[2020-10-05T09:36:31.142+0000][34308][safepoint    ] Safepoint "Cleanup", Time since last: 1000757700 ns, Reaching safepoint: 116600 ns, At safepoint: 6500 ns, Total: 123100 ns
[2020-10-05T09:36:33.143+0000][34308][safepoint    ] Safepoint "Cleanup", Time since last: 2000826200 ns, Reaching safepoint: 148100 ns, At safepoint: 7500 ns, Total: 155600 ns
[2020-10-05T09:36:34.143+0000][34308][safepoint    ] Safepoint "Cleanup", Time since last: 1000750100 ns, Reaching safepoint: 238900 ns, At safepoint: 13700 ns, Total: 252600 ns
[2020-10-05T09:36:35.144+0000][34308][safepoint    ] Safepoint "Cleanup", Time since last: 1000543100 ns, Reaching safepoint: 119900 ns, At safepoint: 7200 ns, Total: 127100 ns
[2020-10-05T09:36:36.145+0000][34308][safepoint    ] Safepoint "Cleanup", Time since last: 1000743600 ns, Reaching safepoint: 143800 ns, At safepoint: 7400 ns, Total: 151200 ns
[2020-10-05T09:36:37.145+0000][34308][safepoint    ] Safepoint "Cleanup", Time since last: 1000350500 ns, Reaching safepoint: 163500 ns, At safepoint: 7400 ns, Total: 170900 ns
[2020-10-05T09:36:38.146+0000][34308][safepoint    ] Safepoint "Cleanup", Time since last: 1000690200 ns, Reaching safepoint: 123600 ns, At safepoint: 5900 ns, Total: 129500 ns
[2020-10-05T09:36:39.147+0000][34308][safepoint    ] Safepoint "Cleanup", Time since last: 1000378200 ns, Reaching safepoint: 125700 ns, At safepoint: 6100 ns, Total: 131800 ns
[2020-10-05T09:36:41.147+0000][34308][safepoint    ] Safepoint "Cleanup", Time since last: 2000097100 ns, Reaching safepoint: 221500 ns, At safepoint: 8300 ns, Total: 229800 ns
[2020-10-05T09:36:42.148+0000][34308][safepoint    ] Safepoint "Cleanup", Time since last: 1000734800 ns, Reaching safepoint: 149100 ns, At safepoint: 10200 ns, Total: 159300 ns
[2020-10-05T09:36:43.148+0000][34308][safepoint    ] Safepoint "Cleanup", Time since last: 1000699900 ns, Reaching safepoint: 126400 ns, At safepoint: 7600 ns, Total: 134000 ns
[2020-10-05T09:36:44.149+0000][34308][safepoint    ] Safepoint "Cleanup", Time since last: 1000229500 ns, Reaching safepoint: 115500 ns, At safepoint: 5000 ns, Total: 120500 ns
[2020-10-05T09:36:45.150+0000][34308][safepoint    ] Safepoint "Cleanup", Time since last: 1000861100 ns, Reaching safepoint: 136300 ns, At safepoint: 6800 ns, Total: 143100 ns
[2020-10-05T09:36:46.150+0000][34308][safepoint    ] Safepoint "Cleanup", Time since last: 1000012300 ns, Reaching safepoint: 114100 ns, At safepoint: 5700 ns, Total: 119800 ns
[2020-10-05T09:36:47.150+0000][34308][safepoint    ] Safepoint "Cleanup", Time since last: 1000160300 ns, Reaching safepoint: 98300 ns, At safepoint: 3800 ns, Total: 102100 ns
[2020-10-05T09:36:48.151+0000][34308][safepoint    ] Safepoint "Cleanup", Time since last: 1000720300 ns, Reaching safepoint: 125100 ns, At safepoint: 5200 ns, Total: 130300 ns
[2020-10-05T09:36:50.152+0000][34308][safepoint    ] Safepoint "Cleanup", Time since last: 2000645600 ns, Reaching safepoint: 172700 ns, At safepoint: 9800 ns, Total: 182500 ns
[2020-10-05T09:36:51.152+0000][34308][safepoint    ] Safepoint "Cleanup", Time since last: 1000112100 ns, Reaching safepoint: 172100 ns, At safepoint: 8700 ns, Total: 180800 ns
[2020-10-05T09:36:52.152+0000][34308][safepoint    ] Safepoint "Cleanup", Time since last: 1000742600 ns, Reaching safepoint: 131800 ns, At safepoint: 6900 ns, Total: 138700 ns
[2020-10-05T09:36:53.153+0000][34308][safepoint    ] Safepoint "Cleanup", Time since last: 1000583900 ns, Reaching safepoint: 129900 ns, At safepoint: 7600 ns, Total: 137500 ns
[2020-10-05T09:36:54.154+0000][34308][safepoint    ] Safepoint "Cleanup", Time since last: 1000554400 ns, Reaching safepoint: 120300 ns, At safepoint: 8000 ns, Total: 128300 ns
[2020-10-05T09:36:55.155+0000][34308][safepoint    ] Safepoint "Cleanup", Time since last: 1000766300 ns, Reaching safepoint: 139400 ns, At safepoint: 6500 ns, Total: 145900 ns
[2020-10-05T09:36:56.155+0000][34308][safepoint    ] Safepoint "Cleanup", Time since last: 1000550200 ns, Reaching safepoint: 104500 ns, At safepoint: 3700 ns, Total: 108200 ns
[2020-10-05T09:36:57.156+0000][34308][safepoint    ] Safepoint "Cleanup", Time since last: 1000408200 ns, Reaching safepoint: 123500 ns, At safepoint: 5700 ns, Total: 129200 ns
[2020-10-05T09:36:58.156+0000][34308][safepoint    ] Safepoint "Cleanup", Time since last: 1000766100 ns, Reaching safepoint: 122600 ns, At safepoint: 3600 ns, Total: 126200 ns
[2020-10-05T09:37:00.157+0000][34308][safepoint    ] Safepoint "Cleanup", Time since last: 2000528500 ns, Reaching safepoint: 166600 ns, At safepoint: 5200 ns, Total: 171800 ns
[2020-10-05T09:37:01.158+0000][34308][safepoint    ] Safepoint "Cleanup", Time since last: 1000398500 ns, Reaching safepoint: 107000 ns, At safepoint: 4300 ns, Total: 111300 ns
[2020-10-05T09:37:02.158+0000][34308][safepoint    ] Safepoint "Cleanup", Time since last: 1000879600 ns, Reaching safepoint: 115800 ns, At safepoint: 5700 ns, Total: 121500 ns
[2020-10-05T09:37:03.159+0000][34308][safepoint    ] Safepoint "Cleanup", Time since last: 1000345600 ns, Reaching safepoint: 141700 ns, At safepoint: 5000 ns, Total: 146700 ns
[2020-10-05T09:37:04.159+0000][34308][safepoint    ] Safepoint "Cleanup", Time since last: 1000213200 ns, Reaching safepoint: 163700 ns, At safepoint: 6400 ns, Total: 170100 ns
[2020-10-05T09:37:05.160+0000][34308][safepoint    ] Safepoint "Cleanup", Time since last: 1000421000 ns, Reaching safepoint: 149600 ns, At safepoint: 7600 ns, Total: 157200 ns
[2020-10-05T09:37:06.160+0000][34308][safepoint    ] Safepoint "Cleanup", Time since last: 1000368600 ns, Reaching safepoint: 114400 ns, At safepoint: 5700 ns, Total: 120100 ns
[2020-10-05T09:37:07.161+0000][34308][safepoint    ] Safepoint "Cleanup", Time since last: 1000552300 ns, Reaching safepoint: 127800 ns, At safepoint: 4800 ns, Total: 132600 ns
[2020-10-05T09:37:08.161+0000][34308][safepoint    ] Safepoint "Cleanup", Time since last: 1000031600 ns, Reaching safepoint: 162700 ns, At safepoint: 4700 ns, Total: 167400 ns
[2020-10-05T09:37:09.161+0000][34308][safepoint    ] Safepoint "Cleanup", Time since last: 1000241500 ns, Reaching safepoint: 129000 ns, At safepoint: 2800 ns, Total: 131800 ns
[2020-10-05T09:37:10.162+0000][34308][safepoint    ] Safepoint "Cleanup", Time since last: 1000450300 ns, Reaching safepoint: 134800 ns, At safepoint: 5200 ns, Total: 140000 ns
[2020-10-05T09:37:11.162+0000][34308][safepoint    ] Safepoint "Cleanup", Time since last: 1000599200 ns, Reaching safepoint: 142700 ns, At safepoint: 10000 ns, Total: 152700 ns
[2020-10-05T09:37:13.162+0000][34308][safepoint    ] Safepoint "Cleanup", Time since last: 1999949000 ns, Reaching safepoint: 111000 ns, At safepoint: 6100 ns, Total: 117100 ns
[2020-10-05T09:37:14.163+0000][34308][safepoint    ] Safepoint "Cleanup", Time since last: 1000286600 ns, Reaching safepoint: 120000 ns, At safepoint: 6900 ns, Total: 126900 ns
[2020-10-05T09:37:15.165+0000][34308][safepoint    ] Safepoint "Cleanup", Time since last: 1001647400 ns, Reaching safepoint: 220500 ns, At safepoint: 7700 ns, Total: 228200 ns
[2020-10-05T09:37:16.165+0000][34308][safepoint    ] Safepoint "Cleanup", Time since last: 1000058900 ns, Reaching safepoint: 167700 ns, At safepoint: 4500 ns, Total: 172200 ns
[2020-10-05T09:37:17.165+0000][34308][safepoint    ] Safepoint "Cleanup", Time since last: 1000269100 ns, Reaching safepoint: 102400 ns, At safepoint: 2700 ns, Total: 105100 ns
[2020-10-05T09:37:18.165+0000][34308][safepoint    ] Safepoint "Cleanup", Time since last: 1000047300 ns, Reaching safepoint: 104100 ns, At safepoint: 5100 ns, Total: 109200 ns
[2020-10-05T09:37:19.166+0000][34308][safepoint    ] Safepoint "Cleanup", Time since last: 1000536100 ns, Reaching safepoint: 147200 ns, At safepoint: 6700 ns, Total: 153900 ns
[2020-10-05T09:37:20.166+0000][34308][safepoint    ] Safepoint "Cleanup", Time since last: 1000353500 ns, Reaching safepoint: 124600 ns, At safepoint: 4000 ns, Total: 128600 ns
[2020-10-05T09:37:21.167+0000][34308][safepoint    ] Safepoint "Cleanup", Time since last: 1001084800 ns, Reaching safepoint: 472800 ns, At safepoint: 16700 ns, Total: 489500 ns
[2020-10-05T09:37:22.168+0000][34308][safepoint    ] Safepoint "Cleanup", Time since last: 1000052400 ns, Reaching safepoint: 155100 ns, At safepoint: 3000 ns, Total: 158100 ns
[2020-10-05T09:37:23.168+0000][34308][safepoint    ] Safepoint "Cleanup", Time since last: 1000521700 ns, Reaching safepoint: 132300 ns, At safepoint: 4700 ns, Total: 137000 ns
[2020-10-05T09:37:24.169+0000][34308][safepoint    ] Safepoint "Cleanup", Time since last: 1000665800 ns, Reaching safepoint: 125500 ns, At safepoint: 4500 ns, Total: 130000 ns
[2020-10-05T09:37:25.170+0000][34308][safepoint    ] Safepoint "Cleanup", Time since last: 1000459400 ns, Reaching safepoint: 125800 ns, At safepoint: 4600 ns, Total: 130400 ns
[2020-10-05T09:37:27.170+0000][34308][safepoint    ] Safepoint "Cleanup", Time since last: 2000804100 ns, Reaching safepoint: 134200 ns, At safepoint: 4500 ns, Total: 138700 ns
[2020-10-05T09:37:28.171+0000][34308][safepoint    ] Safepoint "Cleanup", Time since last: 1000116600 ns, Reaching safepoint: 106300 ns, At safepoint: 5300 ns, Total: 111600 ns
[2020-10-05T09:37:29.171+0000][34308][safepoint    ] Safepoint "Cleanup", Time since last: 1000652700 ns, Reaching safepoint: 100300 ns, At safepoint: 4400 ns, Total: 104700 ns
[2020-10-05T09:37:30.172+0000][34308][safepoint    ] Safepoint "Cleanup", Time since last: 1000583600 ns, Reaching safepoint: 162800 ns, At safepoint: 5400 ns, Total: 168200 ns
[2020-10-05T09:37:31.172+0000][34308][safepoint    ] Safepoint "Cleanup", Time since last: 1000204700 ns, Reaching safepoint: 110000 ns, At safepoint: 3800 ns, Total: 113800 ns
[2020-10-05T09:37:32.173+0000][34308][safepoint    ] Safepoint "Cleanup", Time since last: 1000746000 ns, Reaching safepoint: 108600 ns, At safepoint: 2100 ns, Total: 110700 ns
[2020-10-05T09:37:33.173+0000][34308][safepoint    ] Safepoint "Cleanup", Time since last: 1000063800 ns, Reaching safepoint: 120800 ns, At safepoint: 4300 ns, Total: 125100 ns
[2020-10-05T09:37:34.174+0000][34308][safepoint    ] Safepoint "Cleanup", Time since last: 1000399700 ns, Reaching safepoint: 112100 ns, At safepoint: 4000 ns, Total: 116100 ns
[2020-10-05T09:37:35.174+0000][34308][safepoint    ] Safepoint "Cleanup", Time since last: 1000637600 ns, Reaching safepoint: 117500 ns, At safepoint: 4700 ns, Total: 122200 ns
[2020-10-05T09:37:36.175+0000][34308][safepoint    ] Safepoint "Cleanup", Time since last: 1000730700 ns, Reaching safepoint: 90300 ns, At safepoint: 4900 ns, Total: 95200 ns
[2020-10-05T09:37:37.175+0000][34308][safepoint    ] Safepoint "Cleanup", Time since last: 1000358000 ns, Reaching safepoint: 115600 ns, At safepoint: 6400 ns, Total: 122000 ns
[2020-10-05T09:37:38.176+0000][34308][safepoint    ] Safepoint "Cleanup", Time since last: 1000523400 ns, Reaching safepoint: 84700 ns, At safepoint: 2000 ns, Total: 86700 ns
[2020-10-05T09:37:39.177+0000][34308][safepoint    ] Safepoint "Cleanup", Time since last: 1000516700 ns, Reaching safepoint: 117200 ns, At safepoint: 4500 ns, Total: 121700 ns
[2020-10-05T09:37:40.177+0000][34308][safepoint    ] Safepoint "Cleanup", Time since last: 1000454900 ns, Reaching safepoint: 129900 ns, At safepoint: 4600 ns, Total: 134500 ns
[2020-10-05T09:37:42.178+0000][34308][safepoint    ] Safepoint "Cleanup", Time since last: 2000990300 ns, Reaching safepoint: 94000 ns, At safepoint: 2700 ns, Total: 96700 ns
[2020-10-05T09:37:43.179+0000][34308][safepoint    ] Safepoint "Cleanup", Time since last: 1000779000 ns, Reaching safepoint: 149300 ns, At safepoint: 4600 ns, Total: 153900 ns
[2020-10-05T09:37:44.179+0000][34308][safepoint    ] Safepoint "Cleanup", Time since last: 1000259300 ns, Reaching safepoint: 106200 ns, At safepoint: 4200 ns, Total: 110400 ns
[2020-10-05T09:37:45.181+0000][34308][safepoint    ] Safepoint "Cleanup", Time since last: 1001256500 ns, Reaching safepoint: 343500 ns, At safepoint: 11900 ns, Total: 355400 ns
[2020-10-05T09:37:47.181+0000][34308][safepoint    ] Safepoint "Cleanup", Time since last: 2000228200 ns, Reaching safepoint: 98200 ns, At safepoint: 11100 ns, Total: 109300 ns
[2020-10-05T09:37:48.181+0000][34308][safepoint    ] Safepoint "Cleanup", Time since last: 1000325300 ns, Reaching safepoint: 135800 ns, At safepoint: 19900 ns, Total: 155700 ns
[2020-10-05T09:37:49.182+0000][34308][safepoint    ] Safepoint "Cleanup", Time since last: 1000726100 ns, Reaching safepoint: 83000 ns, At safepoint: 3300 ns, Total: 86300 ns
[2020-10-05T09:37:50.182+0000][34308][safepoint    ] Safepoint "Cleanup", Time since last: 1000186600 ns, Reaching safepoint: 117300 ns, At safepoint: 5100 ns, Total: 122400 ns
[2020-10-05T09:37:51.183+0000][34308][safepoint    ] Safepoint "Cleanup", Time since last: 1000470000 ns, Reaching safepoint: 108900 ns, At safepoint: 5800 ns, Total: 114700 ns
[2020-10-05T09:37:53.184+0000][34308][safepoint    ] Safepoint "Cleanup", Time since last: 2000797800 ns, Reaching safepoint: 155300 ns, At safepoint: 4000 ns, Total: 159300 ns
[2020-10-05T09:37:54.185+0000][34308][safepoint    ] Safepoint "Cleanup", Time since last: 1000633100 ns, Reaching safepoint: 138600 ns, At safepoint: 9000 ns, Total: 147600 ns
[2020-10-05T09:37:55.185+0000][34308][safepoint    ] Safepoint "Cleanup", Time since last: 1000147000 ns, Reaching safepoint: 117900 ns, At safepoint: 5700 ns, Total: 123600 ns
[2020-10-05T09:37:56.186+0000][34308][safepoint    ] Safepoint "Cleanup", Time since last: 1000747500 ns, Reaching safepoint: 91000 ns, At safepoint: 4600 ns, Total: 95600 ns
[2020-10-05T09:37:57.186+0000][34308][safepoint    ] Safepoint "Cleanup", Time since last: 1000882600 ns, Reaching safepoint: 104400 ns, At safepoint: 20600 ns, Total: 125000 ns
[2020-10-05T09:37:59.187+0000][34308][safepoint    ] Safepoint "Cleanup", Time since last: 2000776500 ns, Reaching safepoint: 143900 ns, At safepoint: 7000 ns, Total: 150900 ns
[2020-10-05T09:38:00.188+0000][34308][safepoint    ] Safepoint "Cleanup", Time since last: 1000049000 ns, Reaching safepoint: 154100 ns, At safepoint: 5700 ns, Total: 159800 ns
[2020-10-05T09:38:01.188+0000][34308][safepoint    ] Safepoint "Cleanup", Time since last: 1000828300 ns, Reaching safepoint: 95800 ns, At safepoint: 4900 ns, Total: 100700 ns
[2020-10-05T09:38:02.188+0000][34308][safepoint    ] Safepoint "Cleanup", Time since last: 1000064300 ns, Reaching safepoint: 98700 ns, At safepoint: 2600 ns, Total: 101300 ns
[2020-10-05T09:38:03.189+0000][34308][safepoint    ] Safepoint "Cleanup", Time since last: 1000712000 ns, Reaching safepoint: 103800 ns, At safepoint: 4500 ns, Total: 108300 ns
[2020-10-05T09:38:04.189+0000][34308][safepoint    ] Safepoint "Cleanup", Time since last: 1000031700 ns, Reaching safepoint: 114500 ns, At safepoint: 3400 ns, Total: 117900 ns
[2020-10-05T09:38:05.189+0000][34308][safepoint    ] Safepoint "Cleanup", Time since last: 1000217300 ns, Reaching safepoint: 230100 ns, At safepoint: 4300 ns, Total: 234400 ns
[2020-10-05T09:38:06.190+0000][34308][safepoint    ] Safepoint "Cleanup", Time since last: 1000562700 ns, Reaching safepoint: 108100 ns, At safepoint: 5300 ns, Total: 113400 ns
[2020-10-05T09:38:07.915+0000][34308][safepoint    ] Safepoint "Cleanup", Time since last: 1724643400 ns, Reaching safepoint: 149900 ns, At safepoint: 20100 ns, Total: 170000 ns
[2020-10-05T09:38:08.916+0000][34308][safepoint    ] Safepoint "Cleanup", Time since last: 1000692300 ns, Reaching safepoint: 203900 ns, At safepoint: 4600 ns, Total: 208500 ns
[2020-10-05T09:38:09.916+0000][34308][safepoint    ] Safepoint "Cleanup", Time since last: 1000217500 ns, Reaching safepoint: 97200 ns, At safepoint: 10000 ns, Total: 107200 ns
[2020-10-05T09:38:10.916+0000][34308][safepoint    ] Safepoint "Cleanup", Time since last: 1000393600 ns, Reaching safepoint: 148200 ns, At safepoint: 4100 ns, Total: 152300 ns
[2020-10-05T09:38:11.917+0000][34308][safepoint    ] Safepoint "Cleanup", Time since last: 1000172800 ns, Reaching safepoint: 86900 ns, At safepoint: 4200 ns, Total: 91100 ns
[2020-10-05T09:38:12.917+0000][34308][safepoint    ] Safepoint "Cleanup", Time since last: 1000469600 ns, Reaching safepoint: 114100 ns, At safepoint: 6100 ns, Total: 120200 ns
[2020-10-05T09:38:13.918+0000][34308][safepoint    ] Safepoint "Cleanup", Time since last: 1000614100 ns, Reaching safepoint: 226300 ns, At safepoint: 5100 ns, Total: 231400 ns
[2020-10-05T09:38:14.918+0000][34308][safepoint    ] Safepoint "Cleanup", Time since last: 1000245700 ns, Reaching safepoint: 85300 ns, At safepoint: 3200 ns, Total: 88500 ns
[2020-10-05T09:38:15.919+0000][34308][safepoint    ] Safepoint "Cleanup", Time since last: 1000665900 ns, Reaching safepoint: 135100 ns, At safepoint: 5700 ns, Total: 140800 ns
[2020-10-05T09:38:17.919+0000][34308][safepoint    ] Safepoint "Cleanup", Time since last: 1999978700 ns, Reaching safepoint: 134200 ns, At safepoint: 4900 ns, Total: 139100 ns
[2020-10-05T09:38:18.920+0000][34308][safepoint    ] Safepoint "Cleanup", Time since last: 1000630600 ns, Reaching safepoint: 108100 ns, At safepoint: 4900 ns, Total: 113000 ns
[2020-10-05T09:38:19.920+0000][34308][safepoint    ] Safepoint "Cleanup", Time since last: 1000608100 ns, Reaching safepoint: 118900 ns, At safepoint: 4700 ns, Total: 123600 ns
[2020-10-05T09:38:20.921+0000][34308][safepoint    ] Safepoint "Cleanup", Time since last: 1000658500 ns, Reaching safepoint: 156600 ns, At safepoint: 11500 ns, Total: 168100 ns
[2020-10-05T09:38:21.922+0000][34308][safepoint    ] Safepoint "Cleanup", Time since last: 1000521700 ns, Reaching safepoint: 184500 ns, At safepoint: 6100 ns, Total: 190600 ns
[2020-10-05T09:38:22.922+0000][34308][safepoint    ] Safepoint "Cleanup", Time since last: 1000599700 ns, Reaching safepoint: 115000 ns, At safepoint: 5400 ns, Total: 120400 ns
[2020-10-05T09:38:23.923+0000][34308][safepoint    ] Safepoint "Cleanup", Time since last: 1000568800 ns, Reaching safepoint: 96700 ns, At safepoint: 5100 ns, Total: 101800 ns
[2020-10-05T09:38:24.923+0000][34308][safepoint    ] Safepoint "Cleanup", Time since last: 1000218700 ns, Reaching safepoint: 137800 ns, At safepoint: 6200 ns, Total: 144000 ns
[2020-10-05T09:38:26.923+0000][34308][safepoint    ] Safepoint "Cleanup", Time since last: 1999973400 ns, Reaching safepoint: 140300 ns, At safepoint: 5200 ns, Total: 145500 ns
[2020-10-05T09:38:27.924+0000][34308][safepoint    ] Safepoint "Cleanup", Time since last: 1000858600 ns, Reaching safepoint: 108100 ns, At safepoint: 4300 ns, Total: 112400 ns
[2020-10-05T09:38:28.925+0000][34308][safepoint    ] Safepoint "Cleanup", Time since last: 1000738700 ns, Reaching safepoint: 141400 ns, At safepoint: 5200 ns, Total: 146600 ns
[2020-10-05T09:38:29.925+0000][34308][safepoint    ] Safepoint "Cleanup", Time since last: 1000059900 ns, Reaching safepoint: 111400 ns, At safepoint: 4500 ns, Total: 115900 ns
[2020-10-05T09:38:30.926+0000][34308][safepoint    ] Safepoint "Cleanup", Time since last: 1000422500 ns, Reaching safepoint: 120500 ns, At safepoint: 4400 ns, Total: 124900 ns
[2020-10-05T09:38:32.926+0000][34308][safepoint    ] Safepoint "Cleanup", Time since last: 2000419900 ns, Reaching safepoint: 144800 ns, At safepoint: 4400 ns, Total: 149200 ns
[2020-10-05T09:38:33.927+0000][34308][safepoint    ] Safepoint "Cleanup", Time since last: 1000457600 ns, Reaching safepoint: 109700 ns, At safepoint: 5400 ns, Total: 115100 ns
[2020-10-05T09:38:34.927+0000][34308][safepoint    ] Safepoint "Cleanup", Time since last: 1000479600 ns, Reaching safepoint: 96800 ns, At safepoint: 5600 ns, Total: 102400 ns
[2020-10-05T09:38:35.928+0000][34308][safepoint    ] Safepoint "Cleanup", Time since last: 1000488100 ns, Reaching safepoint: 104700 ns, At safepoint: 5600 ns, Total: 110300 ns
[2020-10-05T09:38:36.928+0000][34308][safepoint    ] Safepoint "Cleanup", Time since last: 1000227800 ns, Reaching safepoint: 125600 ns, At safepoint: 4100 ns, Total: 129700 ns
[2020-10-05T09:38:38.928+0000][34308][safepoint    ] Safepoint "Cleanup", Time since last: 2000146600 ns, Reaching safepoint: 137500 ns, At safepoint: 6500 ns, Total: 144000 ns
[2020-10-05T09:38:39.929+0000][34308][safepoint    ] Safepoint "Cleanup", Time since last: 1000430200 ns, Reaching safepoint: 136300 ns, At safepoint: 7700 ns, Total: 144000 ns
[2020-10-05T09:38:40.929+0000][34308][safepoint    ] Safepoint "Cleanup", Time since last: 1000184400 ns, Reaching safepoint: 95300 ns, At safepoint: 4900 ns, Total: 100200 ns
[2020-10-05T09:38:41.929+0000][34308][safepoint    ] Safepoint "Cleanup", Time since last: 1000087800 ns, Reaching safepoint: 113400 ns, At safepoint: 4900 ns, Total: 118300 ns
[2020-10-05T09:38:42.930+0000][34308][safepoint    ] Safepoint "Cleanup", Time since last: 1000556900 ns, Reaching safepoint: 113000 ns, At safepoint: 5600 ns, Total: 118600 ns
[2020-10-05T09:38:43.930+0000][34308][safepoint    ] Safepoint "Cleanup", Time since last: 1000486900 ns, Reaching safepoint: 133900 ns, At safepoint: 4700 ns, Total: 138600 ns
[2020-10-05T09:38:44.931+0000][34308][safepoint    ] Safepoint "Cleanup", Time since last: 1000418500 ns, Reaching safepoint: 110100 ns, At safepoint: 5700 ns, Total: 115800 ns
[2020-10-05T09:38:45.932+0000][34308][safepoint    ] Safepoint "Cleanup", Time since last: 1000550700 ns, Reaching safepoint: 150100 ns, At safepoint: 4200 ns, Total: 154300 ns
[2020-10-05T09:38:46.932+0000][34308][safepoint    ] Safepoint "Cleanup", Time since last: 1000444400 ns, Reaching safepoint: 89000 ns, At safepoint: 5400 ns, Total: 94400 ns
[2020-10-05T09:38:47.933+0000][34308][safepoint    ] Safepoint "Cleanup", Time since last: 1000451500 ns, Reaching safepoint: 99300 ns, At safepoint: 5000 ns, Total: 104300 ns
[2020-10-05T09:38:48.934+0000][34308][safepoint    ] Safepoint "Cleanup", Time since last: 1000798400 ns, Reaching safepoint: 106400 ns, At safepoint: 4800 ns, Total: 111200 ns
[2020-10-05T09:38:49.934+0000][34308][safepoint    ] Safepoint "Cleanup", Time since last: 1000022000 ns, Reaching safepoint: 159300 ns, At safepoint: 4100 ns, Total: 163400 ns
[2020-10-05T09:38:50.934+0000][34308][safepoint    ] Safepoint "Cleanup", Time since last: 1000588800 ns, Reaching safepoint: 122300 ns, At safepoint: 5600 ns, Total: 127900 ns
[2020-10-05T09:38:52.128+0000][34308][safepoint    ] Safepoint "Cleanup", Time since last: 1193831100 ns, Reaching safepoint: 154000 ns, At safepoint: 5400 ns, Total: 159400 ns
[2020-10-05T09:38:53.129+0000][34308][safepoint    ] Safepoint "Cleanup", Time since last: 1000228100 ns, Reaching safepoint: 105400 ns, At safepoint: 16100 ns, Total: 121500 ns
[2020-10-05T09:38:54.129+0000][34308][safepoint    ] Safepoint "Cleanup", Time since last: 1000624300 ns, Reaching safepoint: 119300 ns, At safepoint: 5500 ns, Total: 124800 ns
[2020-10-05T09:38:55.130+0000][34308][safepoint    ] Safepoint "Cleanup", Time since last: 1000751800 ns, Reaching safepoint: 95900 ns, At safepoint: 4300 ns, Total: 100200 ns
[2020-10-05T09:38:56.131+0000][34308][safepoint    ] Safepoint "Cleanup", Time since last: 1000734700 ns, Reaching safepoint: 89700 ns, At safepoint: 4700 ns, Total: 94400 ns
[2020-10-05T09:38:58.132+0000][34308][safepoint    ] Safepoint "Cleanup", Time since last: 2000627800 ns, Reaching safepoint: 83700 ns, At safepoint: 3300 ns, Total: 87000 ns
[2020-10-05T09:38:59.132+0000][34308][safepoint    ] Safepoint "Cleanup", Time since last: 1000794800 ns, Reaching safepoint: 115700 ns, At safepoint: 5100 ns, Total: 120800 ns
[2020-10-05T09:39:00.133+0000][34308][safepoint    ] Safepoint "Cleanup", Time since last: 1000156300 ns, Reaching safepoint: 113000 ns, At safepoint: 6400 ns, Total: 119400 ns
[2020-10-05T09:39:01.133+0000][34308][safepoint    ] Safepoint "Cleanup", Time since last: 1000369600 ns, Reaching safepoint: 98700 ns, At safepoint: 4500 ns, Total: 103200 ns
[2020-10-05T09:39:02.133+0000][34308][safepoint    ] Safepoint "Cleanup", Time since last: 1000067200 ns, Reaching safepoint: 103300 ns, At safepoint: 5000 ns, Total: 108300 ns
[2020-10-05T09:39:03.133+0000][34308][safepoint    ] Safepoint "Cleanup", Time since last: 1000066300 ns, Reaching safepoint: 105400 ns, At safepoint: 5700 ns, Total: 111100 ns
[2020-10-05T09:39:04.134+0000][34308][safepoint    ] Safepoint "Cleanup", Time since last: 1000326700 ns, Reaching safepoint: 131100 ns, At safepoint: 4700 ns, Total: 135800 ns
[2020-10-05T09:39:05.135+0000][34308][safepoint    ] Safepoint "Cleanup", Time since last: 1000731400 ns, Reaching safepoint: 107300 ns, At safepoint: 3000 ns, Total: 110300 ns
[2020-10-05T09:39:07.136+0000][34308][safepoint    ] Safepoint "Cleanup", Time since last: 2000981900 ns, Reaching safepoint: 112000 ns, At safepoint: 5200 ns, Total: 117200 ns
[2020-10-05T09:39:08.136+0000][34308][safepoint    ] Safepoint "Cleanup", Time since last: 1000589400 ns, Reaching safepoint: 155900 ns, At safepoint: 5300 ns, Total: 161200 ns
[2020-10-05T09:39:09.136+0000][34308][safepoint    ] Safepoint "Cleanup", Time since last: 1000057200 ns, Reaching safepoint: 102100 ns, At safepoint: 4300 ns, Total: 106400 ns
[2020-10-05T09:39:10.136+0000][34308][safepoint    ] Safepoint "Cleanup", Time since last: 1000007500 ns, Reaching safepoint: 103900 ns, At safepoint: 5000 ns, Total: 108900 ns
[2020-10-05T09:39:11.137+0000][34308][safepoint    ] Safepoint "Cleanup", Time since last: 1000413100 ns, Reaching safepoint: 102500 ns, At safepoint: 4500 ns, Total: 107000 ns
[2020-10-05T09:39:12.137+0000][34308][safepoint    ] Safepoint "Cleanup", Time since last: 1000049100 ns, Reaching safepoint: 115000 ns, At safepoint: 5000 ns, Total: 120000 ns
[2020-10-05T09:39:13.137+0000][34308][safepoint    ] Safepoint "Cleanup", Time since last: 1000109200 ns, Reaching safepoint: 102200 ns, At safepoint: 5200 ns, Total: 107400 ns
[2020-10-05T09:39:14.137+0000][34308][safepoint    ] Safepoint "Cleanup", Time since last: 1000187600 ns, Reaching safepoint: 105000 ns, At safepoint: 4400 ns, Total: 109400 ns
[2020-10-05T09:39:16.138+0000][34308][safepoint    ] Safepoint "Cleanup", Time since last: 2000721200 ns, Reaching safepoint: 177900 ns, At safepoint: 4500 ns, Total: 182400 ns
[2020-10-05T09:39:17.138+0000][34308][safepoint    ] Safepoint "Cleanup", Time since last: 1000044500 ns, Reaching safepoint: 126900 ns, At safepoint: 4600 ns, Total: 131500 ns
[2020-10-05T09:39:18.139+0000][34308][safepoint    ] Safepoint "Cleanup", Time since last: 1000578700 ns, Reaching safepoint: 134500 ns, At safepoint: 6200 ns, Total: 140700 ns
[2020-10-05T09:39:19.140+0000][34308][safepoint    ] Safepoint "Cleanup", Time since last: 1000711600 ns, Reaching safepoint: 102300 ns, At safepoint: 5000 ns, Total: 107300 ns
[2020-10-05T09:39:20.141+0000][34308][safepoint    ] Safepoint "Cleanup", Time since last: 1000783600 ns, Reaching safepoint: 109000 ns, At safepoint: 6100 ns, Total: 115100 ns
[2020-10-05T09:39:21.141+0000][34308][safepoint    ] Safepoint "Cleanup", Time since last: 1000505800 ns, Reaching safepoint: 98200 ns, At safepoint: 5200 ns, Total: 103400 ns
[2020-10-05T09:39:22.142+0000][34308][safepoint    ] Safepoint "Cleanup", Time since last: 1000276900 ns, Reaching safepoint: 129000 ns, At safepoint: 4000 ns, Total: 133000 ns
[2020-10-05T09:39:23.143+0000][34308][safepoint    ] Safepoint "Cleanup", Time since last: 1000845400 ns, Reaching safepoint: 128300 ns, At safepoint: 4800 ns, Total: 133100 ns
[2020-10-05T09:39:25.143+0000][34308][safepoint    ] Safepoint "Cleanup", Time since last: 2000837400 ns, Reaching safepoint: 156300 ns, At safepoint: 4400 ns, Total: 160700 ns
[2020-10-05T09:39:26.144+0000][34308][safepoint    ] Safepoint "Cleanup", Time since last: 1000167400 ns, Reaching safepoint: 162200 ns, At safepoint: 5000 ns, Total: 167200 ns
[2020-10-05T09:39:27.144+0000][34308][safepoint    ] Safepoint "Cleanup", Time since last: 1000349100 ns, Reaching safepoint: 182800 ns, At safepoint: 4400 ns, Total: 187200 ns
[2020-10-05T09:39:28.145+0000][34308][safepoint    ] Safepoint "Cleanup", Time since last: 1000495700 ns, Reaching safepoint: 118800 ns, At safepoint: 2700 ns, Total: 121500 ns
[2020-10-05T09:39:29.146+0000][34308][safepoint    ] Safepoint "Cleanup", Time since last: 1000619900 ns, Reaching safepoint: 102500 ns, At safepoint: 4800 ns, Total: 107300 ns
[2020-10-05T09:39:30.713+0000][34308][safepoint    ] Safepoint "Cleanup", Time since last: 1566983400 ns, Reaching safepoint: 171900 ns, At safepoint: 4500 ns, Total: 176400 ns
[2020-10-05T09:39:31.713+0000][34308][safepoint    ] Safepoint "Cleanup", Time since last: 1000703000 ns, Reaching safepoint: 141600 ns, At safepoint: 19600 ns, Total: 161200 ns
[2020-10-05T09:39:32.714+0000][34308][safepoint    ] Safepoint "Cleanup", Time since last: 1000467800 ns, Reaching safepoint: 101700 ns, At safepoint: 4700 ns, Total: 106400 ns
[2020-10-05T09:39:33.714+0000][34308][safepoint    ] Safepoint "Cleanup", Time since last: 1000383700 ns, Reaching safepoint: 132500 ns, At safepoint: 4600 ns, Total: 137100 ns
[2020-10-05T09:39:34.715+0000][34308][safepoint    ] Safepoint "Cleanup", Time since last: 1000455900 ns, Reaching safepoint: 140500 ns, At safepoint: 4400 ns, Total: 144900 ns
[2020-10-05T09:39:35.715+0000][34308][safepoint    ] Safepoint "Cleanup", Time since last: 1000225300 ns, Reaching safepoint: 121100 ns, At safepoint: 5000 ns, Total: 126100 ns
[2020-10-05T09:39:36.716+0000][34308][safepoint    ] Safepoint "Cleanup", Time since last: 1000392300 ns, Reaching safepoint: 103600 ns, At safepoint: 5100 ns, Total: 108700 ns
[2020-10-05T09:39:38.717+0000][34308][safepoint    ] Safepoint "Cleanup", Time since last: 2000728900 ns, Reaching safepoint: 158600 ns, At safepoint: 8900 ns, Total: 167500 ns
[2020-10-05T09:39:39.717+0000][34308][safepoint    ] Safepoint "Cleanup", Time since last: 1000678700 ns, Reaching safepoint: 119200 ns, At safepoint: 8100 ns, Total: 127300 ns
[2020-10-05T09:39:40.718+0000][34308][safepoint    ] Safepoint "Cleanup", Time since last: 1000643400 ns, Reaching safepoint: 110500 ns, At safepoint: 5000 ns, Total: 115500 ns
[2020-10-05T09:39:41.719+0000][34308][safepoint    ] Safepoint "Cleanup", Time since last: 1000654900 ns, Reaching safepoint: 126200 ns, At safepoint: 4300 ns, Total: 130500 ns
[2020-10-05T09:39:42.719+0000][34308][safepoint    ] Safepoint "Cleanup", Time since last: 1000677200 ns, Reaching safepoint: 109200 ns, At safepoint: 4500 ns, Total: 113700 ns
[2020-10-05T09:39:43.720+0000][34308][safepoint    ] Safepoint "Cleanup", Time since last: 1000206000 ns, Reaching safepoint: 166200 ns, At safepoint: 5500 ns, Total: 171700 ns
[2020-10-05T09:39:44.721+0000][34308][safepoint    ] Safepoint "Cleanup", Time since last: 1000768700 ns, Reaching safepoint: 152700 ns, At safepoint: 4500 ns, Total: 157200 ns
[2020-10-05T09:39:45.722+0000][34308][safepoint    ] Safepoint "Cleanup", Time since last: 1001332800 ns, Reaching safepoint: 225900 ns, At safepoint: 6900 ns, Total: 232800 ns
[2020-10-05T09:39:46.723+0000][34308][safepoint    ] Safepoint "Cleanup", Time since last: 1000881700 ns, Reaching safepoint: 112800 ns, At safepoint: 4700 ns, Total: 117500 ns
[2020-10-05T09:39:47.723+0000][34308][safepoint    ] Safepoint "Cleanup", Time since last: 1000128100 ns, Reaching safepoint: 98400 ns, At safepoint: 2600 ns, Total: 101000 ns
[2020-10-05T09:39:48.724+0000][34308][safepoint    ] Safepoint "Cleanup", Time since last: 1000399000 ns, Reaching safepoint: 128100 ns, At safepoint: 5600 ns, Total: 133700 ns
[2020-10-05T09:39:49.725+0000][34308][safepoint    ] Safepoint "Cleanup", Time since last: 1000703100 ns, Reaching safepoint: 105100 ns, At safepoint: 4800 ns, Total: 109900 ns
[2020-10-05T09:39:50.726+0000][34308][safepoint    ] Safepoint "Cleanup", Time since last: 1000887500 ns, Reaching safepoint: 119600 ns, At safepoint: 5200 ns, Total: 124800 ns
[2020-10-05T09:39:51.726+0000][34308][safepoint    ] Safepoint "Cleanup", Time since last: 1000733300 ns, Reaching safepoint: 111200 ns, At safepoint: 4600 ns, Total: 115800 ns
[2020-10-05T09:39:52.727+0000][34308][safepoint    ] Safepoint "Cleanup", Time since last: 1000542600 ns, Reaching safepoint: 116800 ns, At safepoint: 4500 ns, Total: 121300 ns
[2020-10-05T09:39:53.727+0000][34308][safepoint    ] Safepoint "Cleanup", Time since last: 1000382800 ns, Reaching safepoint: 119800 ns, At safepoint: 19800 ns, Total: 139600 ns
[2020-10-05T09:39:54.728+0000][34308][safepoint    ] Safepoint "Cleanup", Time since last: 1000906400 ns, Reaching safepoint: 129800 ns, At safepoint: 5900 ns, Total: 135700 ns
[2020-10-05T09:39:55.729+0000][34308][safepoint    ] Safepoint "Cleanup", Time since last: 1000681900 ns, Reaching safepoint: 105900 ns, At safepoint: 13400 ns, Total: 119300 ns
[2020-10-05T09:39:56.730+0000][34308][safepoint    ] Safepoint "Cleanup", Time since last: 1000576300 ns, Reaching safepoint: 150200 ns, At safepoint: 3200 ns, Total: 153400 ns
[2020-10-05T09:39:57.730+0000][34308][safepoint    ] Safepoint "Cleanup", Time since last: 1000458100 ns, Reaching safepoint: 115300 ns, At safepoint: 4600 ns, Total: 119900 ns
[2020-10-05T09:39:58.731+0000][34308][safepoint    ] Safepoint "Cleanup", Time since last: 1000530000 ns, Reaching safepoint: 145700 ns, At safepoint: 19900 ns, Total: 165600 ns
[2020-10-05T09:39:59.731+0000][34308][safepoint    ] Safepoint "Cleanup", Time since last: 1000304300 ns, Reaching safepoint: 126200 ns, At safepoint: 4500 ns, Total: 130700 ns
[2020-10-05T09:40:00.732+0000][34308][safepoint    ] Safepoint "Cleanup", Time since last: 1000356800 ns, Reaching safepoint: 147900 ns, At safepoint: 5700 ns, Total: 153600 ns
[2020-10-05T09:40:01.732+0000][34308][safepoint    ] Safepoint "Cleanup", Time since last: 1000247700 ns, Reaching safepoint: 122000 ns, At safepoint: 5800 ns, Total: 127800 ns
[2020-10-05T09:40:02.733+0000][34308][safepoint    ] Safepoint "Cleanup", Time since last: 1000722500 ns, Reaching safepoint: 133700 ns, At safepoint: 9600 ns, Total: 143300 ns
[2020-10-05T09:40:03.733+0000][34308][safepoint    ] Safepoint "Cleanup", Time since last: 1000102500 ns, Reaching safepoint: 101600 ns, At safepoint: 5200 ns, Total: 106800 ns
[2020-10-05T09:40:04.734+0000][34308][safepoint    ] Safepoint "Cleanup", Time since last: 1000687100 ns, Reaching safepoint: 98000 ns, At safepoint: 4700 ns, Total: 102700 ns
[2020-10-05T09:40:05.734+0000][34308][safepoint    ] Safepoint "Cleanup", Time since last: 1000023500 ns, Reaching safepoint: 168000 ns, At safepoint: 4500 ns, Total: 172500 ns
[2020-10-05T09:40:06.735+0000][34308][safepoint    ] Safepoint "Cleanup", Time since last: 1000403900 ns, Reaching safepoint: 129000 ns, At safepoint: 4300 ns, Total: 133300 ns
[2020-10-05T09:40:08.735+0000][34308][safepoint    ] Safepoint "Cleanup", Time since last: 2000801900 ns, Reaching safepoint: 143400 ns, At safepoint: 5000 ns, Total: 148400 ns
[2020-10-05T09:40:09.736+0000][34308][safepoint    ] Safepoint "Cleanup", Time since last: 1000249400 ns, Reaching safepoint: 117700 ns, At safepoint: 5700 ns, Total: 123400 ns
[2020-10-05T09:40:11.736+0000][34308][safepoint    ] Safepoint "Cleanup", Time since last: 2000043900 ns, Reaching safepoint: 151500 ns, At safepoint: 5000 ns, Total: 156500 ns
[2020-10-05T09:40:12.736+0000][34308][safepoint    ] Safepoint "Cleanup", Time since last: 1000216200 ns, Reaching safepoint: 128600 ns, At safepoint: 5600 ns, Total: 134200 ns
[2020-10-05T09:40:13.736+0000][34308][safepoint    ] Safepoint "Cleanup", Time since last: 1000013200 ns, Reaching safepoint: 162400 ns, At safepoint: 7000 ns, Total: 169400 ns
[2020-10-05T09:40:14.737+0000][34308][safepoint    ] Safepoint "Cleanup", Time since last: 1000568300 ns, Reaching safepoint: 119000 ns, At safepoint: 2400 ns, Total: 121400 ns
[2020-10-05T09:40:15.737+0000][34308][safepoint    ] Safepoint "Cleanup", Time since last: 1000295600 ns, Reaching safepoint: 156400 ns, At safepoint: 8500 ns, Total: 164900 ns
[2020-10-05T09:40:16.738+0000][34308][safepoint    ] Safepoint "Cleanup", Time since last: 1000142600 ns, Reaching safepoint: 157300 ns, At safepoint: 8000 ns, Total: 165300 ns
[2020-10-05T09:40:17.738+0000][34308][safepoint    ] Safepoint "Cleanup", Time since last: 1000202800 ns, Reaching safepoint: 138200 ns, At safepoint: 6300 ns, Total: 144500 ns
[2020-10-05T09:40:18.738+0000][34308][safepoint    ] Safepoint "Cleanup", Time since last: 1000119500 ns, Reaching safepoint: 177300 ns, At safepoint: 6600 ns, Total: 183900 ns
[2020-10-05T09:40:20.738+0000][34308][safepoint    ] Safepoint "Cleanup", Time since last: 1999918000 ns, Reaching safepoint: 138200 ns, At safepoint: 3900 ns, Total: 142100 ns
[2020-10-05T09:40:21.739+0000][34308][safepoint    ] Safepoint "Cleanup", Time since last: 1000358700 ns, Reaching safepoint: 112700 ns, At safepoint: 4400 ns, Total: 117100 ns
[2020-10-05T09:40:22.739+0000][34308][safepoint    ] Safepoint "Cleanup", Time since last: 1000317700 ns, Reaching safepoint: 147600 ns, At safepoint: 6900 ns, Total: 154500 ns
[2020-10-05T09:40:23.740+0000][34308][safepoint    ] Safepoint "Cleanup", Time since last: 1000788400 ns, Reaching safepoint: 114200 ns, At safepoint: 3700 ns, Total: 117900 ns
[2020-10-05T09:40:24.741+0000][34308][safepoint    ] Safepoint "Cleanup", Time since last: 1000786500 ns, Reaching safepoint: 145600 ns, At safepoint: 6400 ns, Total: 152000 ns
[2020-10-05T09:40:25.741+0000][34308][safepoint    ] Safepoint "Cleanup", Time since last: 1000447500 ns, Reaching safepoint: 143600 ns, At safepoint: 7900 ns, Total: 151500 ns
[2020-10-05T09:40:26.742+0000][34308][safepoint    ] Safepoint "Cleanup", Time since last: 1000456500 ns, Reaching safepoint: 170800 ns, At safepoint: 9400 ns, Total: 180200 ns
[2020-10-05T09:40:27.743+0000][34308][safepoint    ] Safepoint "Cleanup", Time since last: 1000439100 ns, Reaching safepoint: 168800 ns, At safepoint: 8400 ns, Total: 177200 ns
[2020-10-05T09:40:28.743+0000][34308][safepoint    ] Safepoint "Cleanup", Time since last: 1000586900 ns, Reaching safepoint: 154900 ns, At safepoint: 8700 ns, Total: 163600 ns
[2020-10-05T09:40:29.744+0000][34308][safepoint    ] Safepoint "Cleanup", Time since last: 1000475900 ns, Reaching safepoint: 400700 ns, At safepoint: 8600 ns, Total: 409300 ns
[2020-10-05T09:40:31.744+0000][34308][safepoint    ] Safepoint "Cleanup", Time since last: 2000303100 ns, Reaching safepoint: 123100 ns, At safepoint: 6000 ns, Total: 129100 ns
[2020-10-05T09:40:32.745+0000][34308][safepoint    ] Safepoint "Cleanup", Time since last: 1000349300 ns, Reaching safepoint: 120900 ns, At safepoint: 4800 ns, Total: 125700 ns
[2020-10-05T09:40:33.746+0000][34308][safepoint    ] Safepoint "Cleanup", Time since last: 1000705200 ns, Reaching safepoint: 105900 ns, At safepoint: 5000 ns, Total: 110900 ns
[2020-10-05T09:40:35.746+0000][34308][safepoint    ] Safepoint "Cleanup", Time since last: 2000710400 ns, Reaching safepoint: 156000 ns, At safepoint: 6700 ns, Total: 162700 ns
[2020-10-05T09:40:36.747+0000][34308][safepoint    ] Safepoint "Cleanup", Time since last: 1000245000 ns, Reaching safepoint: 113800 ns, At safepoint: 4700 ns, Total: 118500 ns
[2020-10-05T09:40:37.747+0000][34308][safepoint    ] Safepoint "Cleanup", Time since last: 1000023100 ns, Reaching safepoint: 181400 ns, At safepoint: 4600 ns, Total: 186000 ns
[2020-10-05T09:40:38.748+0000][34308][safepoint    ] Safepoint "Cleanup", Time since last: 1000748200 ns, Reaching safepoint: 108100 ns, At safepoint: 6400 ns, Total: 114500 ns
[2020-10-05T09:40:39.748+0000][34308][safepoint    ] Safepoint "Cleanup", Time since last: 1000198300 ns, Reaching safepoint: 137200 ns, At safepoint: 5100 ns, Total: 142300 ns
[2020-10-05T09:40:41.749+0000][34308][safepoint    ] Safepoint "Cleanup", Time since last: 2000940900 ns, Reaching safepoint: 202800 ns, At safepoint: 7500 ns, Total: 210300 ns
[2020-10-05T09:40:42.749+0000][34308][safepoint    ] Safepoint "Cleanup", Time since last: 1000169500 ns, Reaching safepoint: 178300 ns, At safepoint: 7100 ns, Total: 185400 ns
[2020-10-05T09:40:43.750+0000][34308][safepoint    ] Safepoint "Cleanup", Time since last: 1000435800 ns, Reaching safepoint: 165600 ns, At safepoint: 7400 ns, Total: 173000 ns
[2020-10-05T09:40:44.750+0000][34308][safepoint    ] Safepoint "Cleanup", Time since last: 1000340100 ns, Reaching safepoint: 128900 ns, At safepoint: 5700 ns, Total: 134600 ns
[2020-10-05T09:40:45.751+0000][34308][safepoint    ] Safepoint "Cleanup", Time since last: 1000095800 ns, Reaching safepoint: 179800 ns, At safepoint: 6900 ns, Total: 186700 ns
[2020-10-05T09:40:46.751+0000][34308][safepoint    ] Safepoint "Cleanup", Time since last: 1000245500 ns, Reaching safepoint: 157200 ns, At safepoint: 9100 ns, Total: 166300 ns
[2020-10-05T09:40:47.751+0000][34308][safepoint    ] Safepoint "Cleanup", Time since last: 1000221800 ns, Reaching safepoint: 142600 ns, At safepoint: 4900 ns, Total: 147500 ns
[2020-10-05T09:40:48.752+0000][34308][safepoint    ] Safepoint "Cleanup", Time since last: 1000773300 ns, Reaching safepoint: 124700 ns, At safepoint: 7700 ns, Total: 132400 ns
[2020-10-05T09:40:49.753+0000][34308][safepoint    ] Safepoint "Cleanup", Time since last: 1000317400 ns, Reaching safepoint: 107000 ns, At safepoint: 6900 ns, Total: 113900 ns
[2020-10-05T09:40:50.753+0000][34308][safepoint    ] Safepoint "Cleanup", Time since last: 1000660900 ns, Reaching safepoint: 157200 ns, At safepoint: 6300 ns, Total: 163500 ns
[2020-10-05T09:40:51.754+0000][34308][safepoint    ] Safepoint "Cleanup", Time since last: 1000452900 ns, Reaching safepoint: 113800 ns, At safepoint: 6900 ns, Total: 120700 ns
[2020-10-05T09:40:52.754+0000][34308][safepoint    ] Safepoint "Cleanup", Time since last: 1000232800 ns, Reaching safepoint: 155300 ns, At safepoint: 10700 ns, Total: 166000 ns
[2020-10-05T09:40:53.755+0000][34308][safepoint    ] Safepoint "Cleanup", Time since last: 1000708000 ns, Reaching safepoint: 153700 ns, At safepoint: 8900 ns, Total: 162600 ns
[2020-10-05T09:40:54.755+0000][34308][safepoint    ] Safepoint "Cleanup", Time since last: 1000032600 ns, Reaching safepoint: 123500 ns, At safepoint: 9600 ns, Total: 133100 ns
[2020-10-05T09:40:55.756+0000][34308][safepoint    ] Safepoint "Cleanup", Time since last: 1000906600 ns, Reaching safepoint: 152600 ns, At safepoint: 8400 ns, Total: 161000 ns
[2020-10-05T09:40:56.757+0000][34308][safepoint    ] Safepoint "Cleanup", Time since last: 1000680800 ns, Reaching safepoint: 147500 ns, At safepoint: 7900 ns, Total: 155400 ns
[2020-10-05T09:40:57.757+0000][34308][safepoint    ] Safepoint "Cleanup", Time since last: 1000107800 ns, Reaching safepoint: 119900 ns, At safepoint: 8100 ns, Total: 128000 ns
[2020-10-05T09:40:58.758+0000][34308][safepoint    ] Safepoint "Cleanup", Time since last: 1000489700 ns, Reaching safepoint: 110600 ns, At safepoint: 8200 ns, Total: 118800 ns
[2020-10-05T09:41:00.758+0000][34308][safepoint    ] Safepoint "Cleanup", Time since last: 2000030500 ns, Reaching safepoint: 128000 ns, At safepoint: 17900 ns, Total: 145900 ns
[2020-10-05T09:41:01.758+0000][34308][safepoint    ] Safepoint "Cleanup", Time since last: 1000340000 ns, Reaching safepoint: 122800 ns, At safepoint: 5100 ns, Total: 127900 ns
[2020-10-05T09:41:02.759+0000][34308][safepoint    ] Safepoint "Cleanup", Time since last: 1000707200 ns, Reaching safepoint: 117800 ns, At safepoint: 5700 ns, Total: 123500 ns
[2020-10-05T09:41:04.759+0000][34308][safepoint    ] Safepoint "Cleanup", Time since last: 2000037100 ns, Reaching safepoint: 216200 ns, At safepoint: 14800 ns, Total: 231000 ns
[2020-10-05T09:41:05.759+0000][34308][safepoint    ] Safepoint "Cleanup", Time since last: 1000137400 ns, Reaching safepoint: 191400 ns, At safepoint: 13000 ns, Total: 204400 ns
[2020-10-05T09:41:06.760+0000][34308][safepoint    ] Safepoint "Cleanup", Time since last: 1000105000 ns, Reaching safepoint: 174000 ns, At safepoint: 8800 ns, Total: 182800 ns
[2020-10-05T09:41:07.760+0000][34308][safepoint    ] Safepoint "Cleanup", Time since last: 1000536000 ns, Reaching safepoint: 152800 ns, At safepoint: 9200 ns, Total: 162000 ns
[2020-10-05T09:41:08.761+0000][34308][safepoint    ] Safepoint "Cleanup", Time since last: 1000279100 ns, Reaching safepoint: 242500 ns, At safepoint: 18200 ns, Total: 260700 ns
[2020-10-05T09:41:09.761+0000][34308][safepoint    ] Safepoint "Cleanup", Time since last: 1000448600 ns, Reaching safepoint: 134400 ns, At safepoint: 7100 ns, Total: 141500 ns
[2020-10-05T09:41:10.762+0000][34308][safepoint    ] Safepoint "Cleanup", Time since last: 1000178900 ns, Reaching safepoint: 103900 ns, At safepoint: 3500 ns, Total: 107400 ns
[2020-10-05T09:41:11.762+0000][34308][safepoint    ] Safepoint "Cleanup", Time since last: 1000357600 ns, Reaching safepoint: 126600 ns, At safepoint: 9300 ns, Total: 135900 ns
[2020-10-05T09:41:12.762+0000][34308][safepoint    ] Safepoint "Cleanup", Time since last: 1000051100 ns, Reaching safepoint: 117800 ns, At safepoint: 7100 ns, Total: 124900 ns
[2020-10-05T09:41:13.762+0000][34308][safepoint    ] Safepoint "Cleanup", Time since last: 1000026900 ns, Reaching safepoint: 137900 ns, At safepoint: 9700 ns, Total: 147600 ns
[2020-10-05T09:41:14.763+0000][34308][safepoint    ] Safepoint "Cleanup", Time since last: 1000579900 ns, Reaching safepoint: 159100 ns, At safepoint: 9800 ns, Total: 168900 ns
[2020-10-05T09:41:15.764+0000][34308][safepoint    ] Safepoint "Cleanup", Time since last: 1000703900 ns, Reaching safepoint: 134200 ns, At safepoint: 9000 ns, Total: 143200 ns
[2020-10-05T09:41:16.764+0000][34308][safepoint    ] Safepoint "Cleanup", Time since last: 1000029400 ns, Reaching safepoint: 119800 ns, At safepoint: 4600 ns, Total: 124400 ns
[2020-10-05T09:41:18.764+0000][34308][safepoint    ] Safepoint "Cleanup", Time since last: 2000221300 ns, Reaching safepoint: 212000 ns, At safepoint: 10000 ns, Total: 222000 ns
[2020-10-05T09:41:19.765+0000][34308][safepoint    ] Safepoint "Cleanup", Time since last: 1000596000 ns, Reaching safepoint: 164800 ns, At safepoint: 11400 ns, Total: 176200 ns
[2020-10-05T09:41:20.765+0000][34308][safepoint    ] Safepoint "Cleanup", Time since last: 1000022800 ns, Reaching safepoint: 126500 ns, At safepoint: 5700 ns, Total: 132200 ns
[2020-10-05T09:41:22.141+0000][34308][safepoint    ] Safepoint "Cleanup", Time since last: 1375857300 ns, Reaching safepoint: 112800 ns, At safepoint: 3900 ns, Total: 116700 ns
[2020-10-05T09:41:23.142+0000][34308][safepoint    ] Safepoint "Cleanup", Time since last: 1000636200 ns, Reaching safepoint: 113900 ns, At safepoint: 3000 ns, Total: 116900 ns
[2020-10-05T09:41:24.142+0000][34308][safepoint    ] Safepoint "Cleanup", Time since last: 1000227000 ns, Reaching safepoint: 123100 ns, At safepoint: 6800 ns, Total: 129900 ns
[2020-10-05T09:41:25.143+0000][34308][safepoint    ] Safepoint "Cleanup", Time since last: 1000753200 ns, Reaching safepoint: 111800 ns, At safepoint: 5300 ns, Total: 117100 ns
[2020-10-05T09:41:26.143+0000][34308][safepoint    ] Safepoint "Cleanup", Time since last: 1000256800 ns, Reaching safepoint: 101400 ns, At safepoint: 4800 ns, Total: 106200 ns
[2020-10-05T09:41:27.144+0000][34308][safepoint    ] Safepoint "Cleanup", Time since last: 1000529500 ns, Reaching safepoint: 81000 ns, At safepoint: 3300 ns, Total: 84300 ns
[2020-10-05T09:41:28.144+0000][34308][safepoint    ] Safepoint "Cleanup", Time since last: 1000261000 ns, Reaching safepoint: 100400 ns, At safepoint: 3600 ns, Total: 104000 ns
[2020-10-05T09:41:30.145+0000][34308][safepoint    ] Safepoint "Cleanup", Time since last: 2000395000 ns, Reaching safepoint: 137300 ns, At safepoint: 4700 ns, Total: 142000 ns
[2020-10-05T09:41:31.145+0000][34308][safepoint    ] Safepoint "Cleanup", Time since last: 1000678000 ns, Reaching safepoint: 155300 ns, At safepoint: 8700 ns, Total: 164000 ns
[2020-10-05T09:41:32.146+0000][34308][safepoint    ] Safepoint "Cleanup", Time since last: 1000527600 ns, Reaching safepoint: 119700 ns, At safepoint: 5800 ns, Total: 125500 ns
[2020-10-05T09:41:33.147+0000][34308][safepoint    ] Safepoint "Cleanup", Time since last: 1000893600 ns, Reaching safepoint: 80700 ns, At safepoint: 2900 ns, Total: 83600 ns
[2020-10-05T09:41:35.148+0000][34308][safepoint    ] Safepoint "Cleanup", Time since last: 2000878400 ns, Reaching safepoint: 106600 ns, At safepoint: 6500 ns, Total: 113100 ns
[2020-10-05T09:41:36.149+0000][34308][safepoint    ] Safepoint "Cleanup", Time since last: 1000875600 ns, Reaching safepoint: 116400 ns, At safepoint: 5100 ns, Total: 121500 ns
[2020-10-05T09:41:37.149+0000][34308][safepoint    ] Safepoint "Cleanup", Time since last: 1000468500 ns, Reaching safepoint: 126000 ns, At safepoint: 8400 ns, Total: 134400 ns
[2020-10-05T09:41:39.150+0000][34308][safepoint    ] Safepoint "Cleanup", Time since last: 2000633900 ns, Reaching safepoint: 120800 ns, At safepoint: 6000 ns, Total: 126800 ns
[2020-10-05T09:41:40.150+0000][34308][safepoint    ] Safepoint "Cleanup", Time since last: 1000229300 ns, Reaching safepoint: 109500 ns, At safepoint: 5800 ns, Total: 115300 ns
[2020-10-05T09:41:41.151+0000][34308][safepoint    ] Safepoint "Cleanup", Time since last: 1000804600 ns, Reaching safepoint: 113000 ns, At safepoint: 6200 ns, Total: 119200 ns
[2020-10-05T09:41:42.151+0000][34308][safepoint    ] Safepoint "Cleanup", Time since last: 1000176300 ns, Reaching safepoint: 369000 ns, At safepoint: 12200 ns, Total: 381200 ns
[2020-10-05T09:41:43.152+0000][34308][safepoint    ] Safepoint "Cleanup", Time since last: 1000247400 ns, Reaching safepoint: 132700 ns, At safepoint: 6700 ns, Total: 139400 ns
[2020-10-05T09:41:45.152+0000][34308][safepoint    ] Safepoint "Cleanup", Time since last: 2000120700 ns, Reaching safepoint: 101500 ns, At safepoint: 3100 ns, Total: 104600 ns
[2020-10-05T09:41:46.153+0000][34308][safepoint    ] Safepoint "Cleanup", Time since last: 1000696000 ns, Reaching safepoint: 109200 ns, At safepoint: 6100 ns, Total: 115300 ns
[2020-10-05T09:41:47.154+0000][34308][safepoint    ] Safepoint "Cleanup", Time since last: 1000482800 ns, Reaching safepoint: 151100 ns, At safepoint: 4800 ns, Total: 155900 ns
[2020-10-05T09:41:48.154+0000][34308][safepoint    ] Safepoint "Cleanup", Time since last: 1000709000 ns, Reaching safepoint: 101200 ns, At safepoint: 6900 ns, Total: 108100 ns
[2020-10-05T09:41:50.154+0000][34308][safepoint    ] Safepoint "Cleanup", Time since last: 2000107100 ns, Reaching safepoint: 137300 ns, At safepoint: 13600 ns, Total: 150900 ns
[2020-10-05T09:41:51.155+0000][34308][safepoint    ] Safepoint "Cleanup", Time since last: 1000719400 ns, Reaching safepoint: 111300 ns, At safepoint: 5100 ns, Total: 116400 ns
[2020-10-05T09:41:52.156+0000][34308][safepoint    ] Safepoint "Cleanup", Time since last: 1000562500 ns, Reaching safepoint: 100900 ns, At safepoint: 4700 ns, Total: 105600 ns
[2020-10-05T09:41:53.156+0000][34308][safepoint    ] Safepoint "Cleanup", Time since last: 1000383800 ns, Reaching safepoint: 167200 ns, At safepoint: 5400 ns, Total: 172600 ns
[2020-10-05T09:41:54.157+0000][34308][safepoint    ] Safepoint "Cleanup", Time since last: 1000166400 ns, Reaching safepoint: 131200 ns, At safepoint: 5900 ns, Total: 137100 ns
[2020-10-05T09:41:55.157+0000][34308][safepoint    ] Safepoint "Cleanup", Time since last: 1000579200 ns, Reaching safepoint: 117000 ns, At safepoint: 6200 ns, Total: 123200 ns
[2020-10-05T09:41:56.158+0000][34308][safepoint    ] Safepoint "Cleanup", Time since last: 1000245300 ns, Reaching safepoint: 106100 ns, At safepoint: 7100 ns, Total: 113200 ns
[2020-10-05T09:41:57.159+0000][34308][safepoint    ] Safepoint "Cleanup", Time since last: 1000862100 ns, Reaching safepoint: 128300 ns, At safepoint: 21200 ns, Total: 149500 ns
[2020-10-05T09:41:58.159+0000][34308][safepoint    ] Safepoint "Cleanup", Time since last: 1000722900 ns, Reaching safepoint: 151600 ns, At safepoint: 27600 ns, Total: 179200 ns
[2020-10-05T09:42:00.160+0000][34308][safepoint    ] Safepoint "Cleanup", Time since last: 2000888300 ns, Reaching safepoint: 107900 ns, At safepoint: 19200 ns, Total: 127100 ns
[2020-10-05T09:42:01.161+0000][34308][safepoint    ] Safepoint "Cleanup", Time since last: 1000367700 ns, Reaching safepoint: 133100 ns, At safepoint: 16400 ns, Total: 149500 ns
[2020-10-05T09:42:02.161+0000][34308][safepoint    ] Safepoint "Cleanup", Time since last: 1000280600 ns, Reaching safepoint: 106600 ns, At safepoint: 5600 ns, Total: 112200 ns
[2020-10-05T09:42:03.162+0000][34308][safepoint    ] Safepoint "Cleanup", Time since last: 1000717900 ns, Reaching safepoint: 130000 ns, At safepoint: 4900 ns, Total: 134900 ns
[2020-10-05T09:42:04.162+0000][34308][safepoint    ] Safepoint "Cleanup", Time since last: 1000230900 ns, Reaching safepoint: 126200 ns, At safepoint: 53200 ns, Total: 179400 ns
[2020-10-05T09:42:05.163+0000][34308][safepoint    ] Safepoint "Cleanup", Time since last: 1000343700 ns, Reaching safepoint: 111200 ns, At safepoint: 44000 ns, Total: 155200 ns
[2020-10-05T09:42:06.163+0000][34308][safepoint    ] Safepoint "Cleanup", Time since last: 1000401500 ns, Reaching safepoint: 177100 ns, At safepoint: 48100 ns, Total: 225200 ns
[2020-10-05T09:42:07.164+0000][34308][safepoint    ] Safepoint "Cleanup", Time since last: 1000071400 ns, Reaching safepoint: 119600 ns, At safepoint: 43300 ns, Total: 162900 ns
[2020-10-05T09:42:08.164+0000][34308][safepoint    ] Safepoint "Cleanup", Time since last: 1000665700 ns, Reaching safepoint: 110700 ns, At safepoint: 22300 ns, Total: 133000 ns
[2020-10-05T09:42:09.165+0000][34308][safepoint    ] Safepoint "Cleanup", Time since last: 1000168500 ns, Reaching safepoint: 105900 ns, At safepoint: 19600 ns, Total: 125500 ns
[2020-10-05T09:42:10.166+0000][34308][safepoint    ] Safepoint "Cleanup", Time since last: 1000820800 ns, Reaching safepoint: 133600 ns, At safepoint: 54200 ns, Total: 187800 ns
[2020-10-05T09:42:11.166+0000][34308][safepoint    ] Safepoint "Cleanup", Time since last: 1000410400 ns, Reaching safepoint: 116900 ns, At safepoint: 18400 ns, Total: 135300 ns
[2020-10-05T09:42:12.167+0000][34308][safepoint    ] Safepoint "Cleanup", Time since last: 1000681400 ns, Reaching safepoint: 120200 ns, At safepoint: 22400 ns, Total: 142600 ns
[2020-10-05T09:42:13.168+0000][34308][safepoint    ] Safepoint "Cleanup", Time since last: 1000589400 ns, Reaching safepoint: 159500 ns, At safepoint: 59100 ns, Total: 218600 ns
[2020-10-05T09:42:14.168+0000][34308][safepoint    ] Safepoint "Cleanup", Time since last: 1000408200 ns, Reaching safepoint: 105200 ns, At safepoint: 19300 ns, Total: 124500 ns
[2020-10-05T09:42:15.169+0000][34308][safepoint    ] Safepoint "Cleanup", Time since last: 1000862000 ns, Reaching safepoint: 102700 ns, At safepoint: 6600 ns, Total: 109300 ns
[2020-10-05T09:42:16.170+0000][34308][safepoint    ] Safepoint "Cleanup", Time since last: 1000565100 ns, Reaching safepoint: 143000 ns, At safepoint: 81400 ns, Total: 224400 ns
[2020-10-05T09:42:17.170+0000][34308][safepoint    ] Safepoint "Cleanup", Time since last: 1000349700 ns, Reaching safepoint: 125600 ns, At safepoint: 5500 ns, Total: 131100 ns
[2020-10-05T09:42:18.171+0000][34308][safepoint    ] Safepoint "Cleanup", Time since last: 1000277300 ns, Reaching safepoint: 94300 ns, At safepoint: 4300 ns, Total: 98600 ns
[2020-10-05T09:42:19.171+0000][34308][safepoint    ] Safepoint "Cleanup", Time since last: 1000133200 ns, Reaching safepoint: 110300 ns, At safepoint: 51500 ns, Total: 161800 ns
[2020-10-05T09:42:20.171+0000][34308][safepoint    ] Safepoint "Cleanup", Time since last: 1000009900 ns, Reaching safepoint: 126300 ns, At safepoint: 55000 ns, Total: 181300 ns
[2020-10-05T09:42:21.171+0000][34308][safepoint    ] Safepoint "Cleanup", Time since last: 1000262800 ns, Reaching safepoint: 106500 ns, At safepoint: 4400 ns, Total: 110900 ns
[2020-10-05T09:42:22.172+0000][34308][safepoint    ] Safepoint "Cleanup", Time since last: 1000702700 ns, Reaching safepoint: 120400 ns, At safepoint: 2700 ns, Total: 123100 ns
[2020-10-05T09:42:23.172+0000][34308][safepoint    ] Safepoint "Cleanup", Time since last: 1000073800 ns, Reaching safepoint: 121800 ns, At safepoint: 62400 ns, Total: 184200 ns
[2020-10-05T09:42:24.173+0000][34308][safepoint    ] Safepoint "Cleanup", Time since last: 1000344500 ns, Reaching safepoint: 157500 ns, At safepoint: 56100 ns, Total: 213600 ns
[2020-10-05T09:42:26.174+0000][34308][safepoint    ] Safepoint "Cleanup", Time since last: 2000884600 ns, Reaching safepoint: 110600 ns, At safepoint: 4700 ns, Total: 115300 ns
[2020-10-05T09:42:27.174+0000][34308][safepoint    ] Safepoint "Cleanup", Time since last: 1000091700 ns, Reaching safepoint: 99900 ns, At safepoint: 5400 ns, Total: 105300 ns
[2020-10-05T09:42:29.174+0000][34308][safepoint    ] Safepoint "Cleanup", Time since last: 2000413900 ns, Reaching safepoint: 105300 ns, At safepoint: 48800 ns, Total: 154100 ns
[2020-10-05T09:42:30.175+0000][34308][safepoint    ] Safepoint "Cleanup", Time since last: 1000421100 ns, Reaching safepoint: 116700 ns, At safepoint: 4500 ns, Total: 121200 ns
[2020-10-05T09:42:31.175+0000][34308][safepoint    ] Safepoint "Cleanup", Time since last: 1000093800 ns, Reaching safepoint: 100800 ns, At safepoint: 28800 ns, Total: 129600 ns
[2020-10-05T09:42:32.176+0000][34308][safepoint    ] Safepoint "Cleanup", Time since last: 1000583000 ns, Reaching safepoint: 134800 ns, At safepoint: 27800 ns, Total: 162600 ns
[2020-10-05T09:42:33.176+0000][34308][safepoint    ] Safepoint "Cleanup", Time since last: 1000114200 ns, Reaching safepoint: 133600 ns, At safepoint: 21500 ns, Total: 155100 ns
[2020-10-05T09:42:34.177+0000][34308][safepoint    ] Safepoint "Cleanup", Time since last: 1000536300 ns, Reaching safepoint: 133800 ns, At safepoint: 17100 ns, Total: 150900 ns
[2020-10-05T09:42:36.177+0000][34308][safepoint    ] Safepoint "Cleanup", Time since last: 2000195400 ns, Reaching safepoint: 126900 ns, At safepoint: 5900 ns, Total: 132800 ns
[2020-10-05T09:42:38.177+0000][34308][safepoint    ] Safepoint "Cleanup", Time since last: 2000551800 ns, Reaching safepoint: 142100 ns, At safepoint: 139100 ns, Total: 281200 ns
[2020-10-05T09:42:39.178+0000][34308][safepoint    ] Safepoint "Cleanup", Time since last: 1000157100 ns, Reaching safepoint: 150300 ns, At safepoint: 5600 ns, Total: 155900 ns
[2020-10-05T09:42:40.179+0000][34308][safepoint    ] Safepoint "Cleanup", Time since last: 1000882000 ns, Reaching safepoint: 140100 ns, At safepoint: 5700 ns, Total: 145800 ns
[2020-10-05T09:42:41.180+0000][34308][safepoint    ] Safepoint "Cleanup", Time since last: 1000838200 ns, Reaching safepoint: 111000 ns, At safepoint: 4900 ns, Total: 115900 ns
[2020-10-05T09:42:43.180+0000][34308][safepoint    ] Safepoint "Cleanup", Time since last: 2000658800 ns, Reaching safepoint: 117400 ns, At safepoint: 24800 ns, Total: 142200 ns
[2020-10-05T09:42:44.181+0000][34308][safepoint    ] Safepoint "Cleanup", Time since last: 1000351000 ns, Reaching safepoint: 108500 ns, At safepoint: 60600 ns, Total: 169100 ns
[2020-10-05T09:42:45.181+0000][34308][safepoint    ] Safepoint "Cleanup", Time since last: 1000469000 ns, Reaching safepoint: 95900 ns, At safepoint: 56500 ns, Total: 152400 ns
[2020-10-05T09:42:46.182+0000][34308][safepoint    ] Safepoint "Cleanup", Time since last: 1000073600 ns, Reaching safepoint: 135200 ns, At safepoint: 23600 ns, Total: 158800 ns
[2020-10-05T09:42:47.183+0000][34308][safepoint    ] Safepoint "Cleanup", Time since last: 1000786000 ns, Reaching safepoint: 120000 ns, At safepoint: 20100 ns, Total: 140100 ns
[2020-10-05T09:42:48.183+0000][34308][safepoint    ] Safepoint "Cleanup", Time since last: 1000252700 ns, Reaching safepoint: 110400 ns, At safepoint: 4200 ns, Total: 114600 ns
[2020-10-05T09:42:49.184+0000][34308][safepoint    ] Safepoint "Cleanup", Time since last: 1000747000 ns, Reaching safepoint: 123300 ns, At safepoint: 9100 ns, Total: 132400 ns
[2020-10-05T09:42:50.184+0000][34308][safepoint    ] Safepoint "Cleanup", Time since last: 1000143700 ns, Reaching safepoint: 182600 ns, At safepoint: 31200 ns, Total: 213800 ns
[2020-10-05T09:42:51.185+0000][34308][safepoint    ] Safepoint "Cleanup", Time since last: 1000817500 ns, Reaching safepoint: 88900 ns, At safepoint: 13700 ns, Total: 102600 ns
[2020-10-05T09:42:52.185+0000][34308][safepoint    ] Safepoint "Cleanup", Time since last: 1000547600 ns, Reaching safepoint: 111500 ns, At safepoint: 20500 ns, Total: 132000 ns
[2020-10-05T09:42:53.186+0000][34308][safepoint    ] Safepoint "Cleanup", Time since last: 1000186200 ns, Reaching safepoint: 152900 ns, At safepoint: 33400 ns, Total: 186300 ns
[2020-10-05T09:42:54.186+0000][34308][safepoint    ] Safepoint "Cleanup", Time since last: 1000502100 ns, Reaching safepoint: 119200 ns, At safepoint: 32400 ns, Total: 151600 ns
[2020-10-05T09:42:56.187+0000][34308][safepoint    ] Safepoint "Cleanup", Time since last: 2000103500 ns, Reaching safepoint: 108700 ns, At safepoint: 6000 ns, Total: 114700 ns
[2020-10-05T09:42:58.187+0000][34308][safepoint    ] Safepoint "Cleanup", Time since last: 1999877200 ns, Reaching safepoint: 194500 ns, At safepoint: 122600 ns, Total: 317100 ns
[2020-10-05T09:42:59.579+0000][34308][safepoint    ] Safepoint "Cleanup", Time since last: 1392371400 ns, Reaching safepoint: 151600 ns, At safepoint: 7300 ns, Total: 158900 ns
[2020-10-05T09:43:01.580+0000][34308][safepoint    ] Safepoint "Cleanup", Time since last: 2000929500 ns, Reaching safepoint: 120400 ns, At safepoint: 5300 ns, Total: 125700 ns
[2020-10-05T09:43:02.581+0000][34308][safepoint    ] Safepoint "Cleanup", Time since last: 1000402200 ns, Reaching safepoint: 104700 ns, At safepoint: 5000 ns, Total: 109700 ns
[2020-10-05T09:43:03.581+0000][34308][safepoint    ] Safepoint "Cleanup", Time since last: 1000415000 ns, Reaching safepoint: 101000 ns, At safepoint: 4900 ns, Total: 105900 ns
[2020-10-05T09:43:05.582+0000][34308][safepoint    ] Safepoint "Cleanup", Time since last: 2000584200 ns, Reaching safepoint: 206000 ns, At safepoint: 7400 ns, Total: 213400 ns
[2020-10-05T09:43:06.583+0000][34308][safepoint    ] Safepoint "Cleanup", Time since last: 1000742900 ns, Reaching safepoint: 94000 ns, At safepoint: 4900 ns, Total: 98900 ns
[2020-10-05T09:43:07.583+0000][34308][safepoint    ] Safepoint "Cleanup", Time since last: 1000271200 ns, Reaching safepoint: 95800 ns, At safepoint: 4100 ns, Total: 99900 ns
[2020-10-05T09:43:08.583+0000][34308][safepoint    ] Safepoint "Cleanup", Time since last: 1000436800 ns, Reaching safepoint: 107000 ns, At safepoint: 6600 ns, Total: 113600 ns
[2020-10-05T09:43:09.584+0000][34308][safepoint    ] Safepoint "Cleanup", Time since last: 1000184100 ns, Reaching safepoint: 98600 ns, At safepoint: 5400 ns, Total: 104000 ns
[2020-10-05T09:43:10.584+0000][34308][safepoint    ] Safepoint "Cleanup", Time since last: 1000615100 ns, Reaching safepoint: 97700 ns, At safepoint: 11700 ns, Total: 109400 ns
[2020-10-05T09:43:11.584+0000][34308][safepoint    ] Safepoint "Cleanup", Time since last: 1000113800 ns, Reaching safepoint: 105100 ns, At safepoint: 6500 ns, Total: 111600 ns
[2020-10-05T09:43:13.585+0000][34308][safepoint    ] Safepoint "Cleanup", Time since last: 2000713800 ns, Reaching safepoint: 142200 ns, At safepoint: 4900 ns, Total: 147100 ns
[2020-10-05T09:43:14.586+0000][34308][safepoint    ] Safepoint "Cleanup", Time since last: 1000585000 ns, Reaching safepoint: 186200 ns, At safepoint: 9900 ns, Total: 196100 ns
[2020-10-05T09:43:15.587+0000][34308][safepoint    ] Safepoint "Cleanup", Time since last: 1000749000 ns, Reaching safepoint: 140000 ns, At safepoint: 23400 ns, Total: 163400 ns
[2020-10-05T09:43:16.588+0000][34308][safepoint    ] Safepoint "Cleanup", Time since last: 1000722500 ns, Reaching safepoint: 124000 ns, At safepoint: 9200 ns, Total: 133200 ns
[2020-10-05T09:43:17.588+0000][34308][safepoint    ] Safepoint "Cleanup", Time since last: 1000605300 ns, Reaching safepoint: 130000 ns, At safepoint: 7000 ns, Total: 137000 ns
[2020-10-05T09:43:18.589+0000][34308][safepoint    ] Safepoint "Cleanup", Time since last: 1000541200 ns, Reaching safepoint: 108000 ns, At safepoint: 7200 ns, Total: 115200 ns
[2020-10-05T09:43:19.589+0000][34308][safepoint    ] Safepoint "Cleanup", Time since last: 1000132200 ns, Reaching safepoint: 122700 ns, At safepoint: 4900 ns, Total: 127600 ns
[2020-10-05T09:43:21.589+0000][34308][safepoint    ] Safepoint "Cleanup", Time since last: 2000206200 ns, Reaching safepoint: 100000 ns, At safepoint: 7500 ns, Total: 107500 ns
[2020-10-05T09:43:22.590+0000][34308][safepoint    ] Safepoint "Cleanup", Time since last: 1000147600 ns, Reaching safepoint: 165300 ns, At safepoint: 9900 ns, Total: 175200 ns
[2020-10-05T09:43:24.591+0000][34308][safepoint    ] Safepoint "Cleanup", Time since last: 2000908900 ns, Reaching safepoint: 110100 ns, At safepoint: 7000 ns, Total: 117100 ns
[2020-10-05T09:43:25.592+0000][34308][safepoint    ] Safepoint "Cleanup", Time since last: 1000801100 ns, Reaching safepoint: 154800 ns, At safepoint: 7600 ns, Total: 162400 ns
[2020-10-05T09:43:26.592+0000][34308][safepoint    ] Safepoint "Cleanup", Time since last: 1000213000 ns, Reaching safepoint: 139600 ns, At safepoint: 5900 ns, Total: 145500 ns
[2020-10-05T09:43:27.593+0000][34308][safepoint    ] Safepoint "Cleanup", Time since last: 1000776700 ns, Reaching safepoint: 113800 ns, At safepoint: 10300 ns, Total: 124100 ns
[2020-10-05T09:43:28.594+0000][34308][safepoint    ] Safepoint "Cleanup", Time since last: 1000650000 ns, Reaching safepoint: 98500 ns, At safepoint: 6200 ns, Total: 104700 ns
[2020-10-05T09:43:30.594+0000][34308][safepoint    ] Safepoint "Cleanup", Time since last: 2000781200 ns, Reaching safepoint: 125700 ns, At safepoint: 7900 ns, Total: 133600 ns
[2020-10-05T09:43:31.595+0000][34308][safepoint    ] Safepoint "Cleanup", Time since last: 1000434500 ns, Reaching safepoint: 120300 ns, At safepoint: 6100 ns, Total: 126400 ns
[2020-10-05T09:43:32.595+0000][34308][safepoint    ] Safepoint "Cleanup", Time since last: 1000171000 ns, Reaching safepoint: 119300 ns, At safepoint: 7200 ns, Total: 126500 ns
[2020-10-05T09:43:34.596+0000][34308][safepoint    ] Safepoint "Cleanup", Time since last: 2000975700 ns, Reaching safepoint: 382700 ns, At safepoint: 23400 ns, Total: 406100 ns
[2020-10-05T09:43:35.597+0000][34308][safepoint    ] Safepoint "Cleanup", Time since last: 1000887700 ns, Reaching safepoint: 107400 ns, At safepoint: 4200 ns, Total: 111600 ns
[2020-10-05T09:43:36.598+0000][34308][safepoint    ] Safepoint "Cleanup", Time since last: 1000838500 ns, Reaching safepoint: 159700 ns, At safepoint: 6400 ns, Total: 166100 ns
[2020-10-05T09:43:37.599+0000][34308][safepoint    ] Safepoint "Cleanup", Time since last: 1000850800 ns, Reaching safepoint: 131800 ns, At safepoint: 5700 ns, Total: 137500 ns
[2020-10-05T09:43:38.600+0000][34308][safepoint    ] Safepoint "Cleanup", Time since last: 1000867700 ns, Reaching safepoint: 119700 ns, At safepoint: 6000 ns, Total: 125700 ns
[2020-10-05T09:43:39.601+0000][34308][safepoint    ] Safepoint "Cleanup", Time since last: 1000355500 ns, Reaching safepoint: 129800 ns, At safepoint: 8500 ns, Total: 138300 ns
[2020-10-05T09:43:40.601+0000][34308][safepoint    ] Safepoint "Cleanup", Time since last: 1000038600 ns, Reaching safepoint: 89600 ns, At safepoint: 3900 ns, Total: 93500 ns
[2020-10-05T09:43:41.602+0000][34308][safepoint    ] Safepoint "Cleanup", Time since last: 1000803800 ns, Reaching safepoint: 116400 ns, At safepoint: 5400 ns, Total: 121800 ns
[2020-10-05T09:43:43.603+0000][34308][safepoint    ] Safepoint "Cleanup", Time since last: 2000839600 ns, Reaching safepoint: 103800 ns, At safepoint: 5600 ns, Total: 109400 ns
[2020-10-05T09:43:45.603+0000][34308][safepoint    ] Safepoint "Cleanup", Time since last: 2000362600 ns, Reaching safepoint: 101900 ns, At safepoint: 3000 ns, Total: 104900 ns
[2020-10-05T09:43:46.603+0000][34308][safepoint    ] Safepoint "Cleanup", Time since last: 1000189600 ns, Reaching safepoint: 196400 ns, At safepoint: 19100 ns, Total: 215500 ns
[2020-10-05T09:43:47.604+0000][34308][safepoint    ] Safepoint "Cleanup", Time since last: 1000072400 ns, Reaching safepoint: 123200 ns, At safepoint: 6700 ns, Total: 129900 ns
[2020-10-05T09:43:49.605+0000][34308][safepoint    ] Safepoint "Cleanup", Time since last: 2000888600 ns, Reaching safepoint: 136000 ns, At safepoint: 6400 ns, Total: 142400 ns
[2020-10-05T09:43:50.605+0000][34308][safepoint    ] Safepoint "Cleanup", Time since last: 1000544700 ns, Reaching safepoint: 101500 ns, At safepoint: 3800 ns, Total: 105300 ns
[2020-10-05T09:43:51.606+0000][34308][safepoint    ] Safepoint "Cleanup", Time since last: 1000830400 ns, Reaching safepoint: 117500 ns, At safepoint: 5500 ns, Total: 123000 ns
[2020-10-05T09:43:53.607+0000][34308][safepoint    ] Safepoint "Cleanup", Time since last: 2000367100 ns, Reaching safepoint: 109900 ns, At safepoint: 10400 ns, Total: 120300 ns
[2020-10-05T09:43:54.607+0000][34308][safepoint    ] Safepoint "Cleanup", Time since last: 1000520700 ns, Reaching safepoint: 115000 ns, At safepoint: 3500 ns, Total: 118500 ns
[2020-10-05T09:43:56.608+0000][34308][safepoint    ] Safepoint "Cleanup", Time since last: 2000668300 ns, Reaching safepoint: 173300 ns, At safepoint: 7100 ns, Total: 180400 ns
[2020-10-05T09:43:57.608+0000][34308][safepoint    ] Safepoint "Cleanup", Time since last: 1000374300 ns, Reaching safepoint: 100200 ns, At safepoint: 4500 ns, Total: 104700 ns
[2020-10-05T09:43:58.609+0000][34308][safepoint    ] Safepoint "Cleanup", Time since last: 1000866300 ns, Reaching safepoint: 93200 ns, At safepoint: 3600 ns, Total: 96800 ns
[2020-10-05T09:44:00.610+0000][34308][safepoint    ] Safepoint "Cleanup", Time since last: 2000298100 ns, Reaching safepoint: 143600 ns, At safepoint: 6100 ns, Total: 149700 ns
[2020-10-05T09:44:01.610+0000][34308][safepoint    ] Safepoint "Cleanup", Time since last: 1000123100 ns, Reaching safepoint: 126600 ns, At safepoint: 6000 ns, Total: 132600 ns
[2020-10-05T09:44:02.610+0000][34308][safepoint    ] Safepoint "Cleanup", Time since last: 1000239400 ns, Reaching safepoint: 118900 ns, At safepoint: 6800 ns, Total: 125700 ns
[2020-10-05T09:44:03.611+0000][34308][safepoint    ] Safepoint "Cleanup", Time since last: 1000229200 ns, Reaching safepoint: 126300 ns, At safepoint: 6400 ns, Total: 132700 ns
[2020-10-05T09:44:05.611+0000][34308][safepoint    ] Safepoint "Cleanup", Time since last: 2000589200 ns, Reaching safepoint: 119800 ns, At safepoint: 16300 ns, Total: 136100 ns
[2020-10-05T09:44:06.611+0000][34308][safepoint    ] Safepoint "Cleanup", Time since last: 1000018000 ns, Reaching safepoint: 115000 ns, At safepoint: 7200 ns, Total: 122200 ns
[2020-10-05T09:44:07.612+0000][34308][safepoint    ] Safepoint "Cleanup", Time since last: 1000056900 ns, Reaching safepoint: 130400 ns, At safepoint: 13700 ns, Total: 144100 ns
[2020-10-05T09:44:08.612+0000][34308][safepoint    ] Safepoint "Cleanup", Time since last: 1000108900 ns, Reaching safepoint: 111500 ns, At safepoint: 3700 ns, Total: 115200 ns
[2020-10-05T09:44:09.612+0000][34308][safepoint    ] Safepoint "Cleanup", Time since last: 1000563200 ns, Reaching safepoint: 90300 ns, At safepoint: 6600 ns, Total: 96900 ns
[2020-10-05T09:44:10.613+0000][34308][safepoint    ] Safepoint "Cleanup", Time since last: 1000815200 ns, Reaching safepoint: 107200 ns, At safepoint: 3000 ns, Total: 110200 ns
[2020-10-05T09:44:11.613+0000][34308][safepoint    ] Safepoint "Cleanup", Time since last: 1000099500 ns, Reaching safepoint: 126600 ns, At safepoint: 8600 ns, Total: 135200 ns
[2020-10-05T09:44:12.614+0000][34308][safepoint    ] Safepoint "Cleanup", Time since last: 1000235400 ns, Reaching safepoint: 141400 ns, At safepoint: 6200 ns, Total: 147600 ns
[2020-10-05T09:44:13.615+0000][34308][safepoint    ] Safepoint "Cleanup", Time since last: 1000823000 ns, Reaching safepoint: 132200 ns, At safepoint: 6300 ns, Total: 138500 ns
[2020-10-05T09:44:14.615+0000][34308][safepoint    ] Safepoint "Cleanup", Time since last: 1000299600 ns, Reaching safepoint: 90400 ns, At safepoint: 3200 ns, Total: 93600 ns
[2020-10-05T09:44:15.616+0000][34308][safepoint    ] Safepoint "Cleanup", Time since last: 1000946500 ns, Reaching safepoint: 115300 ns, At safepoint: 15400 ns, Total: 130700 ns
[2020-10-05T09:44:16.617+0000][34308][safepoint    ] Safepoint "Cleanup", Time since last: 1000706900 ns, Reaching safepoint: 104800 ns, At safepoint: 6200 ns, Total: 111000 ns
[2020-10-05T09:44:17.618+0000][34308][safepoint    ] Safepoint "Cleanup", Time since last: 1000553700 ns, Reaching safepoint: 137900 ns, At safepoint: 69400 ns, Total: 207300 ns
[2020-10-05T09:44:18.618+0000][34308][safepoint    ] Safepoint "Cleanup", Time since last: 1000607100 ns, Reaching safepoint: 101100 ns, At safepoint: 5600 ns, Total: 106700 ns
[2020-10-05T09:44:20.619+0000][34308][safepoint    ] Safepoint "Cleanup", Time since last: 2000164800 ns, Reaching safepoint: 148700 ns, At safepoint: 6600 ns, Total: 155300 ns
[2020-10-05T09:44:21.620+0000][34308][safepoint    ] Safepoint "Cleanup", Time since last: 1000872300 ns, Reaching safepoint: 115100 ns, At safepoint: 7500 ns, Total: 122600 ns
[2020-10-05T09:44:22.620+0000][34308][safepoint    ] Safepoint "Cleanup", Time since last: 1000714300 ns, Reaching safepoint: 135100 ns, At safepoint: 8800 ns, Total: 143900 ns
[2020-10-05T09:44:23.622+0000][34308][safepoint    ] Safepoint "Cleanup", Time since last: 1002351100 ns, Reaching safepoint: 175800 ns, At safepoint: 6200 ns, Total: 182000 ns
[2020-10-05T09:44:25.623+0000][34308][safepoint    ] Safepoint "Cleanup", Time since last: 1999545200 ns, Reaching safepoint: 119800 ns, At safepoint: 6500 ns, Total: 126300 ns
[2020-10-05T09:44:27.622+0000][34308][safepoint    ] Safepoint "Cleanup", Time since last: 1999866600 ns, Reaching safepoint: 106600 ns, At safepoint: 7700 ns, Total: 114300 ns
[2020-10-05T09:44:28.623+0000][34308][safepoint    ] Safepoint "Cleanup", Time since last: 1000798000 ns, Reaching safepoint: 121300 ns, At safepoint: 5500 ns, Total: 126800 ns
[2020-10-05T09:44:29.624+0000][34308][safepoint    ] Safepoint "Cleanup", Time since last: 1000320500 ns, Reaching safepoint: 98300 ns, At safepoint: 4000 ns, Total: 102300 ns
[2020-10-05T09:44:30.624+0000][34308][safepoint    ] Safepoint "Cleanup", Time since last: 1000428300 ns, Reaching safepoint: 102200 ns, At safepoint: 5100 ns, Total: 107300 ns
[2020-10-05T09:44:32.625+0000][34308][safepoint    ] Safepoint "Cleanup", Time since last: 2000688900 ns, Reaching safepoint: 148400 ns, At safepoint: 7300 ns, Total: 155700 ns
[2020-10-05T09:44:33.626+0000][34308][safepoint    ] Safepoint "Cleanup", Time since last: 1000694900 ns, Reaching safepoint: 154100 ns, At safepoint: 8300 ns, Total: 162400 ns
[2020-10-05T09:44:35.627+0000][34308][safepoint    ] Safepoint "Cleanup", Time since last: 2000958600 ns, Reaching safepoint: 116200 ns, At safepoint: 6000 ns, Total: 122200 ns
[2020-10-05T09:44:36.628+0000][34308][safepoint    ] Safepoint "Cleanup", Time since last: 1000841400 ns, Reaching safepoint: 158800 ns, At safepoint: 9800 ns, Total: 168600 ns
[2020-10-05T09:44:37.628+0000][34308][safepoint    ] Safepoint "Cleanup", Time since last: 1000008100 ns, Reaching safepoint: 139600 ns, At safepoint: 8200 ns, Total: 147800 ns
[2020-10-05T09:44:38.628+0000][34308][safepoint    ] Safepoint "Cleanup", Time since last: 1000414500 ns, Reaching safepoint: 111400 ns, At safepoint: 6800 ns, Total: 118200 ns
[2020-10-05T09:44:40.629+0000][34308][safepoint    ] Safepoint "Cleanup", Time since last: 2000948400 ns, Reaching safepoint: 120500 ns, At safepoint: 6200 ns, Total: 126700 ns
[2020-10-05T09:44:41.630+0000][34308][safepoint    ] Safepoint "Cleanup", Time since last: 1000626000 ns, Reaching safepoint: 150000 ns, At safepoint: 5400 ns, Total: 155400 ns
[2020-10-05T09:44:42.631+0000][34308][safepoint    ] Safepoint "Cleanup", Time since last: 1000741200 ns, Reaching safepoint: 111600 ns, At safepoint: 5000 ns, Total: 116600 ns
[2020-10-05T09:44:43.631+0000][34308][safepoint    ] Safepoint "Cleanup", Time since last: 1000065400 ns, Reaching safepoint: 103700 ns, At safepoint: 3300 ns, Total: 107000 ns
[2020-10-05T09:44:44.631+0000][34308][safepoint    ] Safepoint "Cleanup", Time since last: 1000066700 ns, Reaching safepoint: 141800 ns, At safepoint: 5400 ns, Total: 147200 ns
[2020-10-05T09:44:45.632+0000][34308][safepoint    ] Safepoint "Cleanup", Time since last: 1000185400 ns, Reaching safepoint: 111000 ns, At safepoint: 3500 ns, Total: 114500 ns
[2020-10-05T09:44:46.632+0000][34308][safepoint    ] Safepoint "Cleanup", Time since last: 1000755100 ns, Reaching safepoint: 132000 ns, At safepoint: 7900 ns, Total: 139900 ns
[2020-10-05T09:44:47.633+0000][34308][safepoint    ] Safepoint "Cleanup", Time since last: 1000315300 ns, Reaching safepoint: 141200 ns, At safepoint: 5800 ns, Total: 147000 ns
[2020-10-05T09:44:48.633+0000][34308][safepoint    ] Safepoint "Cleanup", Time since last: 1000372600 ns, Reaching safepoint: 159200 ns, At safepoint: 6500 ns, Total: 165700 ns
[2020-10-05T09:44:50.634+0000][34308][safepoint    ] Safepoint "Cleanup", Time since last: 2000945700 ns, Reaching safepoint: 118600 ns, At safepoint: 4300 ns, Total: 122900 ns
[2020-10-05T09:44:51.635+0000][34308][safepoint    ] Safepoint "Cleanup", Time since last: 1000821200 ns, Reaching safepoint: 115700 ns, At safepoint: 5100 ns, Total: 120800 ns
[2020-10-05T09:44:52.636+0000][34308][safepoint    ] Safepoint "Cleanup", Time since last: 1000398300 ns, Reaching safepoint: 106500 ns, At safepoint: 5100 ns, Total: 111600 ns
[2020-10-05T09:44:53.636+0000][34308][safepoint    ] Safepoint "Cleanup", Time since last: 1000481400 ns, Reaching safepoint: 116600 ns, At safepoint: 5400 ns, Total: 122000 ns
[2020-10-05T09:44:54.637+0000][34308][safepoint    ] Safepoint "Cleanup", Time since last: 1000751800 ns, Reaching safepoint: 106700 ns, At safepoint: 4500 ns, Total: 111200 ns
[2020-10-05T09:44:56.638+0000][34308][safepoint    ] Safepoint "Cleanup", Time since last: 2000489100 ns, Reaching safepoint: 127600 ns, At safepoint: 5200 ns, Total: 132800 ns
[2020-10-05T09:44:57.638+0000][34308][safepoint    ] Safepoint "Cleanup", Time since last: 1000436700 ns, Reaching safepoint: 124900 ns, At safepoint: 5800 ns, Total: 130700 ns
[2020-10-05T09:44:58.639+0000][34308][safepoint    ] Safepoint "Cleanup", Time since last: 1000321900 ns, Reaching safepoint: 215300 ns, At safepoint: 4400 ns, Total: 219700 ns
[2020-10-05T09:44:59.640+0000][34308][safepoint    ] Safepoint "Cleanup", Time since last: 1000641600 ns, Reaching safepoint: 91600 ns, At safepoint: 4900 ns, Total: 96500 ns
[2020-10-05T09:45:00.640+0000][34308][safepoint    ] Safepoint "Cleanup", Time since last: 1000202300 ns, Reaching safepoint: 108000 ns, At safepoint: 4600 ns, Total: 112600 ns
[2020-10-05T09:45:01.640+0000][34308][safepoint    ] Safepoint "Cleanup", Time since last: 1000426300 ns, Reaching safepoint: 99700 ns, At safepoint: 4200 ns, Total: 103900 ns
[2020-10-05T09:45:02.641+0000][34308][safepoint    ] Safepoint "Cleanup", Time since last: 1000455700 ns, Reaching safepoint: 127500 ns, At safepoint: 5200 ns, Total: 132700 ns
[2020-10-05T09:45:03.641+0000][34308][safepoint    ] Safepoint "Cleanup", Time since last: 1000159500 ns, Reaching safepoint: 115600 ns, At safepoint: 5500 ns, Total: 121100 ns
[2020-10-05T09:45:04.641+0000][34308][safepoint    ] Safepoint "Cleanup", Time since last: 1000260300 ns, Reaching safepoint: 133800 ns, At safepoint: 7500 ns, Total: 141300 ns
[2020-10-05T09:45:05.642+0000][34308][safepoint    ] Safepoint "Cleanup", Time since last: 1000376200 ns, Reaching safepoint: 119200 ns, At safepoint: 6100 ns, Total: 125300 ns
[2020-10-05T09:45:06.642+0000][34308][safepoint    ] Safepoint "Cleanup", Time since last: 1000084800 ns, Reaching safepoint: 115700 ns, At safepoint: 4500 ns, Total: 120200 ns
[2020-10-05T09:45:07.643+0000][34308][safepoint    ] Safepoint "Cleanup", Time since last: 1000689900 ns, Reaching safepoint: 108900 ns, At safepoint: 4300 ns, Total: 113200 ns
[2020-10-05T09:45:08.643+0000][34308][safepoint    ] Safepoint "Cleanup", Time since last: 1000184500 ns, Reaching safepoint: 111000 ns, At safepoint: 4100 ns, Total: 115100 ns
[2020-10-05T09:45:09.644+0000][34308][safepoint    ] Safepoint "Cleanup", Time since last: 1000697200 ns, Reaching safepoint: 90600 ns, At safepoint: 3100 ns, Total: 93700 ns
[2020-10-05T09:45:10.645+0000][34308][safepoint    ] Safepoint "Cleanup", Time since last: 1000537100 ns, Reaching safepoint: 204900 ns, At safepoint: 8000 ns, Total: 212900 ns
[2020-10-05T09:45:11.645+0000][34308][safepoint    ] Safepoint "Cleanup", Time since last: 1000688300 ns, Reaching safepoint: 144400 ns, At safepoint: 7000 ns, Total: 151400 ns
[2020-10-05T09:45:12.646+0000][34308][safepoint    ] Safepoint "Cleanup", Time since last: 1000744700 ns, Reaching safepoint: 139300 ns, At safepoint: 5500 ns, Total: 144800 ns
[2020-10-05T09:45:13.647+0000][34308][safepoint    ] Safepoint "Cleanup", Time since last: 1000513900 ns, Reaching safepoint: 125600 ns, At safepoint: 6400 ns, Total: 132000 ns
[2020-10-05T09:45:14.647+0000][34308][safepoint    ] Safepoint "Cleanup", Time since last: 1000415700 ns, Reaching safepoint: 134600 ns, At safepoint: 10300 ns, Total: 144900 ns
[2020-10-05T09:45:15.648+0000][34308][safepoint    ] Safepoint "Cleanup", Time since last: 1000653600 ns, Reaching safepoint: 121000 ns, At safepoint: 7400 ns, Total: 128400 ns
[2020-10-05T09:45:16.649+0000][34308][safepoint    ] Safepoint "Cleanup", Time since last: 1000884100 ns, Reaching safepoint: 150000 ns, At safepoint: 7100 ns, Total: 157100 ns
[2020-10-05T09:45:17.650+0000][34308][safepoint    ] Safepoint "Cleanup", Time since last: 1000517100 ns, Reaching safepoint: 124900 ns, At safepoint: 7700 ns, Total: 132600 ns
[2020-10-05T09:45:18.650+0000][34308][safepoint    ] Safepoint "Cleanup", Time since last: 1000335800 ns, Reaching safepoint: 154400 ns, At safepoint: 3800 ns, Total: 158200 ns
[2020-10-05T09:45:19.651+0000][34308][safepoint    ] Safepoint "Cleanup", Time since last: 1000782000 ns, Reaching safepoint: 134800 ns, At safepoint: 6800 ns, Total: 141600 ns
[2020-10-05T09:45:20.652+0000][34308][safepoint    ] Safepoint "Cleanup", Time since last: 1000696500 ns, Reaching safepoint: 103600 ns, At safepoint: 3300 ns, Total: 106900 ns
[2020-10-05T09:45:22.157+0000][34308][safepoint    ] Safepoint "Cleanup", Time since last: 1504549500 ns, Reaching safepoint: 127700 ns, At safepoint: 4800 ns, Total: 132500 ns
[2020-10-05T09:45:23.157+0000][34308][safepoint    ] Safepoint "Cleanup", Time since last: 1000548800 ns, Reaching safepoint: 129400 ns, At safepoint: 4100 ns, Total: 133500 ns
[2020-10-05T09:45:24.158+0000][34308][safepoint    ] Safepoint "Cleanup", Time since last: 1000700800 ns, Reaching safepoint: 116100 ns, At safepoint: 8000 ns, Total: 124100 ns
[2020-10-05T09:45:25.158+0000][34308][safepoint    ] Safepoint "Cleanup", Time since last: 1000189600 ns, Reaching safepoint: 125000 ns, At safepoint: 8300 ns, Total: 133300 ns
[2020-10-05T09:45:26.159+0000][34308][safepoint    ] Safepoint "Cleanup", Time since last: 1000232700 ns, Reaching safepoint: 164000 ns, At safepoint: 5000 ns, Total: 169000 ns
[2020-10-05T09:45:27.159+0000][34308][safepoint    ] Safepoint "Cleanup", Time since last: 1000041700 ns, Reaching safepoint: 155500 ns, At safepoint: 7900 ns, Total: 163400 ns
[2020-10-05T09:45:28.159+0000][34308][safepoint    ] Safepoint "Cleanup", Time since last: 1000357300 ns, Reaching safepoint: 138800 ns, At safepoint: 24200 ns, Total: 163000 ns
[2020-10-05T09:45:29.160+0000][34308][safepoint    ] Safepoint "Cleanup", Time since last: 1000114700 ns, Reaching safepoint: 112700 ns, At safepoint: 6000 ns, Total: 118700 ns
[2020-10-05T09:45:30.160+0000][34308][safepoint    ] Safepoint "Cleanup", Time since last: 1000721700 ns, Reaching safepoint: 139900 ns, At safepoint: 7200 ns, Total: 147100 ns
[2020-10-05T09:45:31.161+0000][34308][safepoint    ] Safepoint "Cleanup", Time since last: 1000186000 ns, Reaching safepoint: 145900 ns, At safepoint: 8800 ns, Total: 154700 ns
[2020-10-05T09:45:33.161+0000][34308][safepoint    ] Safepoint "Cleanup", Time since last: 2000461300 ns, Reaching safepoint: 120200 ns, At safepoint: 6000 ns, Total: 126200 ns
[2020-10-05T09:45:34.162+0000][34308][safepoint    ] Safepoint "Cleanup", Time since last: 1000672200 ns, Reaching safepoint: 138800 ns, At safepoint: 7700 ns, Total: 146500 ns
[2020-10-05T09:45:35.162+0000][34308][safepoint    ] Safepoint "Cleanup", Time since last: 1000294700 ns, Reaching safepoint: 136400 ns, At safepoint: 7700 ns, Total: 144100 ns
[2020-10-05T09:45:37.163+0000][34308][safepoint    ] Safepoint "Cleanup", Time since last: 2000962300 ns, Reaching safepoint: 129300 ns, At safepoint: 3100 ns, Total: 132400 ns
[2020-10-05T09:45:38.164+0000][34308][safepoint    ] Safepoint "Cleanup", Time since last: 1000185300 ns, Reaching safepoint: 101800 ns, At safepoint: 4200 ns, Total: 106000 ns
[2020-10-05T09:45:40.165+0000][34308][safepoint    ] Safepoint "Cleanup", Time since last: 2000831000 ns, Reaching safepoint: 142400 ns, At safepoint: 7500 ns, Total: 149900 ns
[2020-10-05T09:45:42.165+0000][34308][safepoint    ] Safepoint "Cleanup", Time since last: 2000196800 ns, Reaching safepoint: 154800 ns, At safepoint: 8200 ns, Total: 163000 ns
[2020-10-05T09:45:43.165+0000][34308][safepoint    ] Safepoint "Cleanup", Time since last: 1000177400 ns, Reaching safepoint: 112800 ns, At safepoint: 12700 ns, Total: 125500 ns
[2020-10-05T09:45:44.166+0000][34308][safepoint    ] Safepoint "Cleanup", Time since last: 1000300500 ns, Reaching safepoint: 119900 ns, At safepoint: 10100 ns, Total: 130000 ns
[2020-10-05T09:45:46.166+0000][34308][safepoint    ] Safepoint "Cleanup", Time since last: 2000320300 ns, Reaching safepoint: 178000 ns, At safepoint: 10000 ns, Total: 188000 ns
[2020-10-05T09:45:48.166+0000][34308][safepoint    ] Safepoint "Cleanup", Time since last: 2000231800 ns, Reaching safepoint: 96000 ns, At safepoint: 5100 ns, Total: 101100 ns
[2020-10-05T09:45:49.167+0000][34308][safepoint    ] Safepoint "Cleanup", Time since last: 1000530800 ns, Reaching safepoint: 124200 ns, At safepoint: 6700 ns, Total: 130900 ns
[2020-10-05T09:45:51.167+0000][34308][safepoint    ] Safepoint "Cleanup", Time since last: 2000078000 ns, Reaching safepoint: 89000 ns, At safepoint: 3700 ns, Total: 92700 ns
[2020-10-05T09:45:52.167+0000][34308][safepoint    ] Safepoint "Cleanup", Time since last: 1000082400 ns, Reaching safepoint: 171000 ns, At safepoint: 7600 ns, Total: 178600 ns
[2020-10-05T09:45:54.168+0000][34308][safepoint    ] Safepoint "Cleanup", Time since last: 2000463700 ns, Reaching safepoint: 123400 ns, At safepoint: 3000 ns, Total: 126400 ns
[2020-10-05T09:45:56.169+0000][34308][safepoint    ] Safepoint "Cleanup", Time since last: 2000712400 ns, Reaching safepoint: 166800 ns, At safepoint: 8900 ns, Total: 175700 ns
[2020-10-05T09:45:57.169+0000][34308][safepoint    ] Safepoint "Cleanup", Time since last: 1000204700 ns, Reaching safepoint: 142000 ns, At safepoint: 6600 ns, Total: 148600 ns
[2020-10-05T09:45:58.170+0000][34308][safepoint    ] Safepoint "Cleanup", Time since last: 1000638700 ns, Reaching safepoint: 141500 ns, At safepoint: 20900 ns, Total: 162400 ns
[2020-10-05T09:45:59.171+0000][34308][safepoint    ] Safepoint "Cleanup", Time since last: 1000683800 ns, Reaching safepoint: 139500 ns, At safepoint: 22300 ns, Total: 161800 ns
[2020-10-05T09:46:01.171+0000][34308][safepoint    ] Safepoint "Cleanup", Time since last: 2000548700 ns, Reaching safepoint: 117400 ns, At safepoint: 7700 ns, Total: 125100 ns
[2020-10-05T09:46:03.172+0000][34308][safepoint    ] Safepoint "Cleanup", Time since last: 2000792800 ns, Reaching safepoint: 113200 ns, At safepoint: 6100 ns, Total: 119300 ns
[2020-10-05T09:46:04.173+0000][34308][safepoint    ] Safepoint "Cleanup", Time since last: 1000855400 ns, Reaching safepoint: 127100 ns, At safepoint: 6600 ns, Total: 133700 ns
[2020-10-05T09:46:05.173+0000][34308][safepoint    ] Safepoint "Cleanup", Time since last: 1000341100 ns, Reaching safepoint: 141600 ns, At safepoint: 8200 ns, Total: 149800 ns
[2020-10-05T09:46:06.174+0000][34308][safepoint    ] Safepoint "Cleanup", Time since last: 1000056100 ns, Reaching safepoint: 136700 ns, At safepoint: 4300 ns, Total: 141000 ns
[2020-10-05T09:46:08.174+0000][34308][safepoint    ] Safepoint "Cleanup", Time since last: 2000017200 ns, Reaching safepoint: 124600 ns, At safepoint: 7100 ns, Total: 131700 ns
[2020-10-05T09:46:09.175+0000][34308][safepoint    ] Safepoint "Cleanup", Time since last: 1000844400 ns, Reaching safepoint: 113800 ns, At safepoint: 8100 ns, Total: 121900 ns
[2020-10-05T09:46:10.175+0000][34308][safepoint    ] Safepoint "Cleanup", Time since last: 1000650800 ns, Reaching safepoint: 133300 ns, At safepoint: 9900 ns, Total: 143200 ns
[2020-10-05T09:46:11.176+0000][34308][safepoint    ] Safepoint "Cleanup", Time since last: 1000098700 ns, Reaching safepoint: 97700 ns, At safepoint: 3900 ns, Total: 101600 ns
[2020-10-05T09:46:12.176+0000][34308][safepoint    ] Safepoint "Cleanup", Time since last: 1000733800 ns, Reaching safepoint: 135100 ns, At safepoint: 7200 ns, Total: 142300 ns
[2020-10-05T09:46:13.177+0000][34308][safepoint    ] Safepoint "Cleanup", Time since last: 1000152900 ns, Reaching safepoint: 127100 ns, At safepoint: 3900 ns, Total: 131000 ns
[2020-10-05T09:46:14.177+0000][34308][safepoint    ] Safepoint "Cleanup", Time since last: 1000270100 ns, Reaching safepoint: 135100 ns, At safepoint: 15000 ns, Total: 150100 ns
[2020-10-05T09:46:16.177+0000][34308][safepoint    ] Safepoint "Cleanup", Time since last: 2000158700 ns, Reaching safepoint: 112400 ns, At safepoint: 5900 ns, Total: 118300 ns
[2020-10-05T09:46:17.178+0000][34308][safepoint    ] Safepoint "Cleanup", Time since last: 1000387100 ns, Reaching safepoint: 138800 ns, At safepoint: 8100 ns, Total: 146900 ns
[2020-10-05T09:46:18.178+0000][34308][safepoint    ] Safepoint "Cleanup", Time since last: 1000349800 ns, Reaching safepoint: 139200 ns, At safepoint: 9400 ns, Total: 148600 ns
[2020-10-05T09:46:19.179+0000][34308][safepoint    ] Safepoint "Cleanup", Time since last: 1000711800 ns, Reaching safepoint: 123100 ns, At safepoint: 3800 ns, Total: 126900 ns
[2020-10-05T09:46:21.179+0000][34308][safepoint    ] Safepoint "Cleanup", Time since last: 2000162400 ns, Reaching safepoint: 121100 ns, At safepoint: 7000 ns, Total: 128100 ns
[2020-10-05T09:46:22.180+0000][34308][safepoint    ] Safepoint "Cleanup", Time since last: 1000817600 ns, Reaching safepoint: 94600 ns, At safepoint: 2400 ns, Total: 97000 ns
[2020-10-05T09:46:24.181+0000][34308][safepoint    ] Safepoint "Cleanup", Time since last: 2000325600 ns, Reaching safepoint: 138600 ns, At safepoint: 6600 ns, Total: 145200 ns
[2020-10-05T09:46:25.181+0000][34308][safepoint    ] Safepoint "Cleanup", Time since last: 1000486700 ns, Reaching safepoint: 132400 ns, At safepoint: 6500 ns, Total: 138900 ns
[2020-10-05T09:46:26.182+0000][34308][safepoint    ] Safepoint "Cleanup", Time since last: 1000831800 ns, Reaching safepoint: 172600 ns, At safepoint: 6200 ns, Total: 178800 ns
[2020-10-05T09:46:27.183+0000][34308][safepoint    ] Safepoint "Cleanup", Time since last: 1000687500 ns, Reaching safepoint: 162100 ns, At safepoint: 5500 ns, Total: 167600 ns
[2020-10-05T09:46:28.184+0000][34308][safepoint    ] Safepoint "Cleanup", Time since last: 1000533200 ns, Reaching safepoint: 143800 ns, At safepoint: 4200 ns, Total: 148000 ns
[2020-10-05T09:46:29.184+0000][34308][safepoint    ] Safepoint "Cleanup", Time since last: 1000345900 ns, Reaching safepoint: 120200 ns, At safepoint: 5000 ns, Total: 125200 ns
[2020-10-05T09:46:30.185+0000][34308][safepoint    ] Safepoint "Cleanup", Time since last: 1000782400 ns, Reaching safepoint: 104900 ns, At safepoint: 4900 ns, Total: 109800 ns
[2020-10-05T09:46:31.186+0000][34308][safepoint    ] Safepoint "Cleanup", Time since last: 1000894700 ns, Reaching safepoint: 128000 ns, At safepoint: 5800 ns, Total: 133800 ns
[2020-10-05T09:46:32.186+0000][34308][safepoint    ] Safepoint "Cleanup", Time since last: 1000020600 ns, Reaching safepoint: 140000 ns, At safepoint: 7600 ns, Total: 147600 ns
[2020-10-05T09:46:34.186+0000][34308][safepoint    ] Safepoint "Cleanup", Time since last: 2000299400 ns, Reaching safepoint: 171500 ns, At safepoint: 6300 ns, Total: 177800 ns
[2020-10-05T09:46:35.187+0000][34308][safepoint    ] Safepoint "Cleanup", Time since last: 1000077600 ns, Reaching safepoint: 99000 ns, At safepoint: 4300 ns, Total: 103300 ns
[2020-10-05T09:46:36.187+0000][34308][safepoint    ] Safepoint "Cleanup", Time since last: 1000785600 ns, Reaching safepoint: 97500 ns, At safepoint: 5300 ns, Total: 102800 ns
[2020-10-05T09:46:37.188+0000][34308][safepoint    ] Safepoint "Cleanup", Time since last: 1000139100 ns, Reaching safepoint: 109500 ns, At safepoint: 6300 ns, Total: 115800 ns
[2020-10-05T09:46:38.188+0000][34308][safepoint    ] Safepoint "Cleanup", Time since last: 1000093500 ns, Reaching safepoint: 97600 ns, At safepoint: 5300 ns, Total: 102900 ns
[2020-10-05T09:46:39.189+0000][34308][safepoint    ] Safepoint "Cleanup", Time since last: 1000693900 ns, Reaching safepoint: 144300 ns, At safepoint: 5600 ns, Total: 149900 ns
[2020-10-05T09:46:40.190+0000][34308][safepoint    ] Safepoint "Cleanup", Time since last: 1000894000 ns, Reaching safepoint: 150600 ns, At safepoint: 5600 ns, Total: 156200 ns
[2020-10-05T09:46:41.190+0000][34308][safepoint    ] Safepoint "Cleanup", Time since last: 1000160600 ns, Reaching safepoint: 107000 ns, At safepoint: 5100 ns, Total: 112100 ns
[2020-10-05T09:46:42.190+0000][34308][safepoint    ] Safepoint "Cleanup", Time since last: 1000382100 ns, Reaching safepoint: 127700 ns, At safepoint: 4200 ns, Total: 131900 ns
[2020-10-05T09:46:43.191+0000][34308][safepoint    ] Safepoint "Cleanup", Time since last: 1000227700 ns, Reaching safepoint: 129600 ns, At safepoint: 4700 ns, Total: 134300 ns
[2020-10-05T09:46:44.191+0000][34308][safepoint    ] Safepoint "Cleanup", Time since last: 1000196500 ns, Reaching safepoint: 145300 ns, At safepoint: 4200 ns, Total: 149500 ns
[2020-10-05T09:46:45.192+0000][34308][safepoint    ] Safepoint "Cleanup", Time since last: 1000692600 ns, Reaching safepoint: 96900 ns, At safepoint: 5400 ns, Total: 102300 ns
[2020-10-05T09:46:46.192+0000][34308][safepoint    ] Safepoint "Cleanup", Time since last: 1000162200 ns, Reaching safepoint: 129600 ns, At safepoint: 4900 ns, Total: 134500 ns
[2020-10-05T09:46:47.192+0000][34308][safepoint    ] Safepoint "Cleanup", Time since last: 1000171000 ns, Reaching safepoint: 93900 ns, At safepoint: 4900 ns, Total: 98800 ns
[2020-10-05T09:46:48.193+0000][34308][safepoint    ] Safepoint "Cleanup", Time since last: 1000200800 ns, Reaching safepoint: 123700 ns, At safepoint: 7700 ns, Total: 131400 ns
[2020-10-05T09:46:49.193+0000][34308][safepoint    ] Safepoint "Cleanup", Time since last: 1000544000 ns, Reaching safepoint: 128000 ns, At safepoint: 4500 ns, Total: 132500 ns
[2020-10-05T09:46:50.194+0000][34308][safepoint    ] Safepoint "Cleanup", Time since last: 1000830200 ns, Reaching safepoint: 115300 ns, At safepoint: 3900 ns, Total: 119200 ns
[2020-10-05T09:46:52.162+0000][34308][safepoint    ] Safepoint "Cleanup", Time since last: 1967903500 ns, Reaching safepoint: 107500 ns, At safepoint: 5000 ns, Total: 112500 ns
[2020-10-05T09:46:53.163+0000][34308][safepoint    ] Safepoint "Cleanup", Time since last: 1000529200 ns, Reaching safepoint: 131700 ns, At safepoint: 4200 ns, Total: 135900 ns
[2020-10-05T09:46:54.163+0000][34308][safepoint    ] Safepoint "Cleanup", Time since last: 1000569300 ns, Reaching safepoint: 112400 ns, At safepoint: 5000 ns, Total: 117400 ns
[2020-10-05T09:46:56.164+0000][34308][safepoint    ] Safepoint "Cleanup", Time since last: 2000171100 ns, Reaching safepoint: 88400 ns, At safepoint: 3100 ns, Total: 91500 ns
[2020-10-05T09:46:57.164+0000][34308][safepoint    ] Safepoint "Cleanup", Time since last: 1000588800 ns, Reaching safepoint: 116500 ns, At safepoint: 4400 ns, Total: 120900 ns
[2020-10-05T09:46:59.164+0000][34308][safepoint    ] Safepoint "Cleanup", Time since last: 2000039500 ns, Reaching safepoint: 125400 ns, At safepoint: 4100 ns, Total: 129500 ns
[2020-10-05T09:47:00.165+0000][34308][safepoint    ] Safepoint "Cleanup", Time since last: 1000448100 ns, Reaching safepoint: 97700 ns, At safepoint: 4700 ns, Total: 102400 ns
[2020-10-05T09:47:01.165+0000][34308][safepoint    ] Safepoint "Cleanup", Time since last: 1000273300 ns, Reaching safepoint: 87800 ns, At safepoint: 6000 ns, Total: 93800 ns
[2020-10-05T09:47:02.165+0000][34308][safepoint    ] Safepoint "Cleanup", Time since last: 1000194000 ns, Reaching safepoint: 127300 ns, At safepoint: 5300 ns, Total: 132600 ns
[2020-10-05T09:47:03.166+0000][34308][safepoint    ] Safepoint "Cleanup", Time since last: 1000202100 ns, Reaching safepoint: 181300 ns, At safepoint: 4700 ns, Total: 186000 ns
[2020-10-05T09:47:04.166+0000][34308][safepoint    ] Safepoint "Cleanup", Time since last: 1000096300 ns, Reaching safepoint: 109200 ns, At safepoint: 6000 ns, Total: 115200 ns
[2020-10-05T09:47:05.167+0000][34308][safepoint    ] Safepoint "Cleanup", Time since last: 1000642300 ns, Reaching safepoint: 115700 ns, At safepoint: 7500 ns, Total: 123200 ns
[2020-10-05T09:47:07.167+0000][34308][safepoint    ] Safepoint "Cleanup", Time since last: 2000075700 ns, Reaching safepoint: 152000 ns, At safepoint: 7400 ns, Total: 159400 ns
[2020-10-05T09:47:08.167+0000][34308][safepoint    ] Safepoint "Cleanup", Time since last: 1000059500 ns, Reaching safepoint: 116000 ns, At safepoint: 5800 ns, Total: 121800 ns
[2020-10-05T09:47:09.168+0000][34308][safepoint    ] Safepoint "Cleanup", Time since last: 1000748800 ns, Reaching safepoint: 101500 ns, At safepoint: 3100 ns, Total: 104600 ns
[2020-10-05T09:47:10.168+0000][34308][safepoint    ] Safepoint "Cleanup", Time since last: 1000439900 ns, Reaching safepoint: 100500 ns, At safepoint: 4900 ns, Total: 105400 ns
[2020-10-05T09:47:11.169+0000][34308][safepoint    ] Safepoint "Cleanup", Time since last: 1000066300 ns, Reaching safepoint: 92100 ns, At safepoint: 4600 ns, Total: 96700 ns
[2020-10-05T09:47:12.169+0000][34308][safepoint    ] Safepoint "Cleanup", Time since last: 1000632300 ns, Reaching safepoint: 113500 ns, At safepoint: 4900 ns, Total: 118400 ns
[2020-10-05T09:47:13.170+0000][34308][safepoint    ] Safepoint "Cleanup", Time since last: 1000406300 ns, Reaching safepoint: 113600 ns, At safepoint: 4300 ns, Total: 117900 ns
[2020-10-05T09:47:14.170+0000][34308][safepoint    ] Safepoint "Cleanup", Time since last: 1000019100 ns, Reaching safepoint: 105900 ns, At safepoint: 4300 ns, Total: 110200 ns
[2020-10-05T09:47:15.171+0000][34308][safepoint    ] Safepoint "Cleanup", Time since last: 1000879600 ns, Reaching safepoint: 113400 ns, At safepoint: 4300 ns, Total: 117700 ns
[2020-10-05T09:47:16.171+0000][34308][safepoint    ] Safepoint "Cleanup", Time since last: 1000332700 ns, Reaching safepoint: 144500 ns, At safepoint: 30500 ns, Total: 175000 ns
[2020-10-05T09:47:17.172+0000][34308][safepoint    ] Safepoint "Cleanup", Time since last: 1000434700 ns, Reaching safepoint: 133200 ns, At safepoint: 4600 ns, Total: 137800 ns
[2020-10-05T09:47:18.173+0000][34308][safepoint    ] Safepoint "Cleanup", Time since last: 1000649800 ns, Reaching safepoint: 116200 ns, At safepoint: 4400 ns, Total: 120600 ns
[2020-10-05T09:47:19.173+0000][34308][safepoint    ] Safepoint "Cleanup", Time since last: 1000049600 ns, Reaching safepoint: 95300 ns, At safepoint: 4400 ns, Total: 99700 ns
[2020-10-05T09:47:20.173+0000][34308][safepoint    ] Safepoint "Cleanup", Time since last: 1000637200 ns, Reaching safepoint: 155300 ns, At safepoint: 4600 ns, Total: 159900 ns
[2020-10-05T09:47:21.174+0000][34308][safepoint    ] Safepoint "Cleanup", Time since last: 1000089500 ns, Reaching safepoint: 123600 ns, At safepoint: 5900 ns, Total: 129500 ns
[2020-10-05T09:47:22.174+0000][34308][safepoint    ] Safepoint "Cleanup", Time since last: 1000674000 ns, Reaching safepoint: 96800 ns, At safepoint: 5400 ns, Total: 102200 ns
[2020-10-05T09:47:23.175+0000][34308][safepoint    ] Safepoint "Cleanup", Time since last: 1000766400 ns, Reaching safepoint: 91200 ns, At safepoint: 3000 ns, Total: 94200 ns
[2020-10-05T09:47:24.176+0000][34308][safepoint    ] Safepoint "Cleanup", Time since last: 1000754300 ns, Reaching safepoint: 106200 ns, At safepoint: 10500 ns, Total: 116700 ns
[2020-10-05T09:47:25.176+0000][34308][safepoint    ] Safepoint "Cleanup", Time since last: 1000054400 ns, Reaching safepoint: 118100 ns, At safepoint: 4500 ns, Total: 122600 ns
[2020-10-05T09:47:26.766+0000][34308][safepoint    ] Safepoint "Cleanup", Time since last: 1589405800 ns, Reaching safepoint: 109800 ns, At safepoint: 5000 ns, Total: 114800 ns
[2020-10-05T09:47:27.766+0000][34308][safepoint    ] Safepoint "Cleanup", Time since last: 1000190800 ns, Reaching safepoint: 99100 ns, At safepoint: 4600 ns, Total: 103700 ns
[2020-10-05T09:47:28.767+0000][34308][safepoint    ] Safepoint "Cleanup", Time since last: 1000837400 ns, Reaching safepoint: 115400 ns, At safepoint: 4600 ns, Total: 120000 ns
[2020-10-05T09:47:29.767+0000][34308][safepoint    ] Safepoint "Cleanup", Time since last: 1000521900 ns, Reaching safepoint: 116500 ns, At safepoint: 5200 ns, Total: 121700 ns
[2020-10-05T09:47:30.768+0000][34308][safepoint    ] Safepoint "Cleanup", Time since last: 1000095500 ns, Reaching safepoint: 125500 ns, At safepoint: 4900 ns, Total: 130400 ns
[2020-10-05T09:47:31.769+0000][34308][safepoint    ] Safepoint "Cleanup", Time since last: 1000759600 ns, Reaching safepoint: 144200 ns, At safepoint: 5900 ns, Total: 150100 ns
[2020-10-05T09:47:32.769+0000][34308][safepoint    ] Safepoint "Cleanup", Time since last: 1000465100 ns, Reaching safepoint: 110700 ns, At safepoint: 5000 ns, Total: 115700 ns
[2020-10-05T09:47:33.770+0000][34308][safepoint    ] Safepoint "Cleanup", Time since last: 1000636400 ns, Reaching safepoint: 85400 ns, At safepoint: 5200 ns, Total: 90600 ns
[2020-10-05T09:47:34.770+0000][34308][safepoint    ] Safepoint "Cleanup", Time since last: 1000344000 ns, Reaching safepoint: 120300 ns, At safepoint: 20000 ns, Total: 140300 ns
[2020-10-05T09:47:36.771+0000][34308][safepoint    ] Safepoint "Cleanup", Time since last: 2000266700 ns, Reaching safepoint: 100900 ns, At safepoint: 4300 ns, Total: 105200 ns
[2020-10-05T09:47:38.771+0000][34308][safepoint    ] Safepoint "Cleanup", Time since last: 1999938900 ns, Reaching safepoint: 128900 ns, At safepoint: 5400 ns, Total: 134300 ns
[2020-10-05T09:47:39.771+0000][34308][safepoint    ] Safepoint "Cleanup", Time since last: 1000235900 ns, Reaching safepoint: 83600 ns, At safepoint: 2400 ns, Total: 86000 ns
[2020-10-05T09:47:40.771+0000][34308][safepoint    ] Safepoint "Cleanup", Time since last: 1000364300 ns, Reaching safepoint: 155000 ns, At safepoint: 175600 ns, Total: 330600 ns
[2020-10-05T09:47:41.772+0000][34308][safepoint    ] Safepoint "Cleanup", Time since last: 1000137200 ns, Reaching safepoint: 218300 ns, At safepoint: 8700 ns, Total: 227000 ns
[2020-10-05T09:47:43.773+0000][34308][safepoint    ] Safepoint "Cleanup", Time since last: 2000766600 ns, Reaching safepoint: 120200 ns, At safepoint: 6000 ns, Total: 126200 ns
[2020-10-05T09:47:45.774+0000][34308][safepoint    ] Safepoint "Cleanup", Time since last: 2000810100 ns, Reaching safepoint: 138100 ns, At safepoint: 4600 ns, Total: 142700 ns
[2020-10-05T09:47:46.774+0000][34308][safepoint    ] Safepoint "Cleanup", Time since last: 1000600600 ns, Reaching safepoint: 139600 ns, At safepoint: 5000 ns, Total: 144600 ns
[2020-10-05T09:47:47.775+0000][34308][safepoint    ] Safepoint "Cleanup", Time since last: 1000675200 ns, Reaching safepoint: 122100 ns, At safepoint: 5300 ns, Total: 127400 ns
[2020-10-05T09:47:48.776+0000][34308][safepoint    ] Safepoint "Cleanup", Time since last: 1000839500 ns, Reaching safepoint: 115800 ns, At safepoint: 4200 ns, Total: 120000 ns
[2020-10-05T09:47:49.777+0000][34308][safepoint    ] Safepoint "Cleanup", Time since last: 1000842200 ns, Reaching safepoint: 111600 ns, At safepoint: 19700 ns, Total: 131300 ns
[2020-10-05T09:47:51.778+0000][34308][safepoint    ] Safepoint "Cleanup", Time since last: 2000669900 ns, Reaching safepoint: 84700 ns, At safepoint: 3200 ns, Total: 87900 ns
[2020-10-05T09:47:52.779+0000][34308][safepoint    ] Safepoint "Cleanup", Time since last: 1000847500 ns, Reaching safepoint: 95600 ns, At safepoint: 2300 ns, Total: 97900 ns
[2020-10-05T09:47:53.779+0000][34308][safepoint    ] Safepoint "Cleanup", Time since last: 1000441900 ns, Reaching safepoint: 101700 ns, At safepoint: 2500 ns, Total: 104200 ns
[2020-10-05T09:47:54.779+0000][34308][safepoint    ] Safepoint "Cleanup", Time since last: 1000130000 ns, Reaching safepoint: 127400 ns, At safepoint: 4100 ns, Total: 131500 ns
[2020-10-05T09:47:55.780+0000][34308][safepoint    ] Safepoint "Cleanup", Time since last: 1000520500 ns, Reaching safepoint: 99300 ns, At safepoint: 4600 ns, Total: 103900 ns
[2020-10-05T09:47:56.781+0000][34308][safepoint    ] Safepoint "Cleanup", Time since last: 1000532200 ns, Reaching safepoint: 97400 ns, At safepoint: 2600 ns, Total: 100000 ns
[2020-10-05T09:47:57.781+0000][34308][safepoint    ] Safepoint "Cleanup", Time since last: 1000819100 ns, Reaching safepoint: 97900 ns, At safepoint: 4800 ns, Total: 102700 ns
[2020-10-05T09:47:58.782+0000][34308][safepoint    ] Safepoint "Cleanup", Time since last: 1000811200 ns, Reaching safepoint: 97100 ns, At safepoint: 4900 ns, Total: 102000 ns
[2020-10-05T09:47:59.783+0000][34308][safepoint    ] Safepoint "Cleanup", Time since last: 1000527700 ns, Reaching safepoint: 164900 ns, At safepoint: 4100 ns, Total: 169000 ns
[2020-10-05T09:48:00.783+0000][34308][safepoint    ] Safepoint "Cleanup", Time since last: 1000416400 ns, Reaching safepoint: 145000 ns, At safepoint: 21200 ns, Total: 166200 ns
[2020-10-05T09:48:01.784+0000][34308][safepoint    ] Safepoint "Cleanup", Time since last: 1000178900 ns, Reaching safepoint: 127000 ns, At safepoint: 4600 ns, Total: 131600 ns
[2020-10-05T09:48:02.784+0000][34308][safepoint    ] Safepoint "Cleanup", Time since last: 1000503000 ns, Reaching safepoint: 146100 ns, At safepoint: 4300 ns, Total: 150400 ns
[2020-10-05T09:48:03.785+0000][34308][safepoint    ] Safepoint "Cleanup", Time since last: 1000529100 ns, Reaching safepoint: 110700 ns, At safepoint: 4400 ns, Total: 115100 ns
[2020-10-05T09:48:04.785+0000][34308][safepoint    ] Safepoint "Cleanup", Time since last: 1000318900 ns, Reaching safepoint: 191400 ns, At safepoint: 4100 ns, Total: 195500 ns
[2020-10-05T09:48:06.785+0000][34308][safepoint    ] Safepoint "Cleanup", Time since last: 1999949500 ns, Reaching safepoint: 95400 ns, At safepoint: 4500 ns, Total: 99900 ns
[2020-10-05T09:48:07.786+0000][34308][safepoint    ] Safepoint "Cleanup", Time since last: 1000933700 ns, Reaching safepoint: 159200 ns, At safepoint: 4500 ns, Total: 163700 ns
[2020-10-05T09:48:09.787+0000][34308][safepoint    ] Safepoint "Cleanup", Time since last: 2000678600 ns, Reaching safepoint: 91200 ns, At safepoint: 5700 ns, Total: 96900 ns
[2020-10-05T09:48:10.788+0000][34308][safepoint    ] Safepoint "Cleanup", Time since last: 1000554800 ns, Reaching safepoint: 114400 ns, At safepoint: 6000 ns, Total: 120400 ns
[2020-10-05T09:48:11.788+0000][34308][safepoint    ] Safepoint "Cleanup", Time since last: 1000409700 ns, Reaching safepoint: 113300 ns, At safepoint: 4500 ns, Total: 117800 ns
[2020-10-05T09:48:12.789+0000][34308][safepoint    ] Safepoint "Cleanup", Time since last: 1000289300 ns, Reaching safepoint: 108600 ns, At safepoint: 4900 ns, Total: 113500 ns
[2020-10-05T09:48:13.789+0000][34308][safepoint    ] Safepoint "Cleanup", Time since last: 1000152800 ns, Reaching safepoint: 123800 ns, At safepoint: 5100 ns, Total: 128900 ns
[2020-10-05T09:48:14.789+0000][34308][safepoint    ] Safepoint "Cleanup", Time since last: 1000278400 ns, Reaching safepoint: 115300 ns, At safepoint: 5500 ns, Total: 120800 ns
[2020-10-05T09:48:16.790+0000][34308][safepoint    ] Safepoint "Cleanup", Time since last: 2000775900 ns, Reaching safepoint: 200500 ns, At safepoint: 6500 ns, Total: 207000 ns
[2020-10-05T09:48:17.791+0000][34308][safepoint    ] Safepoint "Cleanup", Time since last: 1000558900 ns, Reaching safepoint: 143200 ns, At safepoint: 5700 ns, Total: 148900 ns
[2020-10-05T09:48:19.792+0000][34308][safepoint    ] Safepoint "Cleanup", Time since last: 2000834900 ns, Reaching safepoint: 109000 ns, At safepoint: 2900 ns, Total: 111900 ns
[2020-10-05T09:48:20.792+0000][34308][safepoint    ] Safepoint "Cleanup", Time since last: 1000094300 ns, Reaching safepoint: 119000 ns, At safepoint: 5900 ns, Total: 124900 ns
[2020-10-05T09:48:22.163+0000][34308][safepoint    ] Safepoint "Cleanup", Time since last: 1371009800 ns, Reaching safepoint: 152900 ns, At safepoint: 8200 ns, Total: 161100 ns
[2020-10-05T09:48:23.164+0000][34308][safepoint    ] Safepoint "Cleanup", Time since last: 1000747700 ns, Reaching safepoint: 161500 ns, At safepoint: 5000 ns, Total: 166500 ns
[2020-10-05T09:48:24.165+0000][34308][safepoint    ] Safepoint "Cleanup", Time since last: 1000688900 ns, Reaching safepoint: 118600 ns, At safepoint: 6700 ns, Total: 125300 ns
[2020-10-05T09:48:26.166+0000][34308][safepoint    ] Safepoint "Cleanup", Time since last: 2000691600 ns, Reaching safepoint: 119500 ns, At safepoint: 7500 ns, Total: 127000 ns
[2020-10-05T09:48:27.166+0000][34308][safepoint    ] Safepoint "Cleanup", Time since last: 1000135000 ns, Reaching safepoint: 126000 ns, At safepoint: 6100 ns, Total: 132100 ns
[2020-10-05T09:48:28.166+0000][34308][safepoint    ] Safepoint "Cleanup", Time since last: 1000053800 ns, Reaching safepoint: 121600 ns, At safepoint: 6300 ns, Total: 127900 ns
[2020-10-05T09:48:29.167+0000][34308][safepoint    ] Safepoint "Cleanup", Time since last: 1000559100 ns, Reaching safepoint: 112600 ns, At safepoint: 6200 ns, Total: 118800 ns
[2020-10-05T09:48:30.167+0000][34308][safepoint    ] Safepoint "Cleanup", Time since last: 1000401500 ns, Reaching safepoint: 127600 ns, At safepoint: 4900 ns, Total: 132500 ns
[2020-10-05T09:48:31.168+0000][34308][safepoint    ] Safepoint "Cleanup", Time since last: 1000508100 ns, Reaching safepoint: 98900 ns, At safepoint: 5100 ns, Total: 104000 ns
[2020-10-05T09:48:32.168+0000][34308][safepoint    ] Safepoint "Cleanup", Time since last: 1000449600 ns, Reaching safepoint: 100500 ns, At safepoint: 5100 ns, Total: 105600 ns
[2020-10-05T09:48:33.169+0000][34308][safepoint    ] Safepoint "Cleanup", Time since last: 1000125800 ns, Reaching safepoint: 84900 ns, At safepoint: 3000 ns, Total: 87900 ns
[2020-10-05T09:48:34.169+0000][34308][safepoint    ] Safepoint "Cleanup", Time since last: 1000056300 ns, Reaching safepoint: 179900 ns, At safepoint: 5400 ns, Total: 185300 ns
[2020-10-05T09:48:35.169+0000][34308][safepoint    ] Safepoint "Cleanup", Time since last: 1000135200 ns, Reaching safepoint: 125800 ns, At safepoint: 5000 ns, Total: 130800 ns
[2020-10-05T09:48:36.169+0000][34308][safepoint    ] Safepoint "Cleanup", Time since last: 1000361700 ns, Reaching safepoint: 132300 ns, At safepoint: 4700 ns, Total: 137000 ns
[2020-10-05T09:48:37.170+0000][34308][safepoint    ] Safepoint "Cleanup", Time since last: 1000060400 ns, Reaching safepoint: 85400 ns, At safepoint: 2700 ns, Total: 88100 ns
[2020-10-05T09:48:38.170+0000][34308][safepoint    ] Safepoint "Cleanup", Time since last: 1000803200 ns, Reaching safepoint: 94200 ns, At safepoint: 4400 ns, Total: 98600 ns
[2020-10-05T09:48:39.171+0000][34308][safepoint    ] Safepoint "Cleanup", Time since last: 1000227000 ns, Reaching safepoint: 101700 ns, At safepoint: 4100 ns, Total: 105800 ns
[2020-10-05T09:48:40.171+0000][34308][safepoint    ] Safepoint "Cleanup", Time since last: 1000297600 ns, Reaching safepoint: 102600 ns, At safepoint: 2800 ns, Total: 105400 ns
[2020-10-05T09:48:41.171+0000][34308][safepoint    ] Safepoint "Cleanup", Time since last: 1000207600 ns, Reaching safepoint: 186200 ns, At safepoint: 27700 ns, Total: 213900 ns
[2020-10-05T09:48:43.171+0000][34308][safepoint    ] Safepoint "Cleanup", Time since last: 1999867400 ns, Reaching safepoint: 127500 ns, At safepoint: 4800 ns, Total: 132300 ns
[2020-10-05T09:48:44.172+0000][34308][safepoint    ] Safepoint "Cleanup", Time since last: 1000184200 ns, Reaching safepoint: 89500 ns, At safepoint: 4900 ns, Total: 94400 ns
[2020-10-05T09:48:45.172+0000][34308][safepoint    ] Safepoint "Cleanup", Time since last: 1000013900 ns, Reaching safepoint: 116400 ns, At safepoint: 5300 ns, Total: 121700 ns
[2020-10-05T09:48:46.172+0000][34308][safepoint    ] Safepoint "Cleanup", Time since last: 1000473700 ns, Reaching safepoint: 111000 ns, At safepoint: 5300 ns, Total: 116300 ns
[2020-10-05T09:48:47.173+0000][34308][safepoint    ] Safepoint "Cleanup", Time since last: 1000663100 ns, Reaching safepoint: 100900 ns, At safepoint: 5100 ns, Total: 106000 ns
[2020-10-05T09:48:48.174+0000][34308][safepoint    ] Safepoint "Cleanup", Time since last: 1000743600 ns, Reaching safepoint: 107300 ns, At safepoint: 7700 ns, Total: 115000 ns
[2020-10-05T09:48:49.175+0000][34308][safepoint    ] Safepoint "Cleanup", Time since last: 1000855300 ns, Reaching safepoint: 96900 ns, At safepoint: 5000 ns, Total: 101900 ns
[2020-10-05T09:48:50.176+0000][34308][safepoint    ] Safepoint "Cleanup", Time since last: 1000514400 ns, Reaching safepoint: 105300 ns, At safepoint: 4800 ns, Total: 110100 ns
[2020-10-05T09:48:52.165+0000][34308][safepoint    ] Safepoint "Cleanup", Time since last: 1989285200 ns, Reaching safepoint: 113800 ns, At safepoint: 4000 ns, Total: 117800 ns
[2020-10-05T09:48:53.166+0000][34308][safepoint    ] Safepoint "Cleanup", Time since last: 1000725600 ns, Reaching safepoint: 113200 ns, At safepoint: 4300 ns, Total: 117500 ns
[2020-10-05T09:48:54.166+0000][34308][safepoint    ] Safepoint "Cleanup", Time since last: 1000320800 ns, Reaching safepoint: 181400 ns, At safepoint: 5100 ns, Total: 186500 ns
[2020-10-05T09:48:55.167+0000][34308][safepoint    ] Safepoint "Cleanup", Time since last: 1000555300 ns, Reaching safepoint: 130700 ns, At safepoint: 5700 ns, Total: 136400 ns
[2020-10-05T09:48:57.167+0000][34308][safepoint    ] Safepoint "Cleanup", Time since last: 1999996500 ns, Reaching safepoint: 167100 ns, At safepoint: 9000 ns, Total: 176100 ns
[2020-10-05T09:48:59.167+0000][34308][safepoint    ] Safepoint "Cleanup", Time since last: 2000187000 ns, Reaching safepoint: 146800 ns, At safepoint: 8100 ns, Total: 154900 ns
[2020-10-05T09:49:00.168+0000][34308][safepoint    ] Safepoint "Cleanup", Time since last: 1000335900 ns, Reaching safepoint: 117500 ns, At safepoint: 8800 ns, Total: 126300 ns
[2020-10-05T09:49:01.168+0000][34308][safepoint    ] Safepoint "Cleanup", Time since last: 1000055800 ns, Reaching safepoint: 147900 ns, At safepoint: 9900 ns, Total: 157800 ns
[2020-10-05T09:49:02.168+0000][34308][safepoint    ] Safepoint "Cleanup", Time since last: 1000212800 ns, Reaching safepoint: 125600 ns, At safepoint: 8000 ns, Total: 133600 ns
[2020-10-05T09:49:03.169+0000][34308][safepoint    ] Safepoint "Cleanup", Time since last: 1000550300 ns, Reaching safepoint: 137200 ns, At safepoint: 9500 ns, Total: 146700 ns
[2020-10-05T09:49:05.169+0000][34308][safepoint    ] Safepoint "Cleanup", Time since last: 2000325700 ns, Reaching safepoint: 165700 ns, At safepoint: 12200 ns, Total: 177900 ns
[2020-10-05T09:49:06.170+0000][34308][safepoint    ] Safepoint "Cleanup", Time since last: 1000287100 ns, Reaching safepoint: 188500 ns, At safepoint: 14500 ns, Total: 203000 ns
[2020-10-05T09:49:07.170+0000][34308][safepoint    ] Safepoint "Cleanup", Time since last: 1000117100 ns, Reaching safepoint: 146000 ns, At safepoint: 10100 ns, Total: 156100 ns
[2020-10-05T09:49:08.171+0000][34308][safepoint    ] Safepoint "Cleanup", Time since last: 1000362100 ns, Reaching safepoint: 150700 ns, At safepoint: 9900 ns, Total: 160600 ns
[2020-10-05T09:49:09.171+0000][34308][safepoint    ] Safepoint "Cleanup", Time since last: 1000059900 ns, Reaching safepoint: 160100 ns, At safepoint: 8800 ns, Total: 168900 ns
[2020-10-05T09:49:10.172+0000][34308][safepoint    ] Safepoint "Cleanup", Time since last: 1000642200 ns, Reaching safepoint: 153500 ns, At safepoint: 5100 ns, Total: 158600 ns
[2020-10-05T09:49:11.172+0000][34308][safepoint    ] Safepoint "Cleanup", Time since last: 1000187100 ns, Reaching safepoint: 159300 ns, At safepoint: 8500 ns, Total: 167800 ns
[2020-10-05T09:49:13.172+0000][34308][safepoint    ] Safepoint "Cleanup", Time since last: 2000104200 ns, Reaching safepoint: 109500 ns, At safepoint: 4300 ns, Total: 113800 ns
[2020-10-05T09:49:14.173+0000][34308][safepoint    ] Safepoint "Cleanup", Time since last: 1000454700 ns, Reaching safepoint: 94500 ns, At safepoint: 10500 ns, Total: 105000 ns
[2020-10-05T09:49:15.174+0000][34308][safepoint    ] Safepoint "Cleanup", Time since last: 1000787600 ns, Reaching safepoint: 102200 ns, At safepoint: 6500 ns, Total: 108700 ns
[2020-10-05T09:49:16.174+0000][34308][safepoint    ] Safepoint "Cleanup", Time since last: 1000275200 ns, Reaching safepoint: 113200 ns, At safepoint: 27500 ns, Total: 140700 ns
[2020-10-05T09:49:17.175+0000][34308][safepoint    ] Safepoint "Cleanup", Time since last: 1000889700 ns, Reaching safepoint: 97800 ns, At safepoint: 5200 ns, Total: 103000 ns
[2020-10-05T09:49:18.175+0000][34308][safepoint    ] Safepoint "Cleanup", Time since last: 1000198200 ns, Reaching safepoint: 121900 ns, At safepoint: 5700 ns, Total: 127600 ns
[2020-10-05T09:49:19.176+0000][34308][safepoint    ] Safepoint "Cleanup", Time since last: 1000272000 ns, Reaching safepoint: 109900 ns, At safepoint: 6300 ns, Total: 116200 ns
[2020-10-05T09:49:20.176+0000][34308][safepoint    ] Safepoint "Cleanup", Time since last: 1000551400 ns, Reaching safepoint: 131300 ns, At safepoint: 8900 ns, Total: 140200 ns
[2020-10-05T09:49:21.177+0000][34308][safepoint    ] Safepoint "Cleanup", Time since last: 1000190300 ns, Reaching safepoint: 115200 ns, At safepoint: 6200 ns, Total: 121400 ns
[2020-10-05T09:49:22.177+0000][34308][safepoint    ] Safepoint "Cleanup", Time since last: 1000053800 ns, Reaching safepoint: 106500 ns, At safepoint: 3600 ns, Total: 110100 ns
[2020-10-05T09:49:23.177+0000][34308][safepoint    ] Safepoint "Cleanup", Time since last: 1000484400 ns, Reaching safepoint: 100100 ns, At safepoint: 6700 ns, Total: 106800 ns
[2020-10-05T09:49:24.178+0000][34308][safepoint    ] Safepoint "Cleanup", Time since last: 1000664400 ns, Reaching safepoint: 192100 ns, At safepoint: 11900 ns, Total: 204000 ns
[2020-10-05T09:49:25.179+0000][34308][safepoint    ] Safepoint "Cleanup", Time since last: 1000327300 ns, Reaching safepoint: 170100 ns, At safepoint: 8200 ns, Total: 178300 ns
[2020-10-05T09:49:26.179+0000][34308][safepoint    ] Safepoint "Cleanup", Time since last: 1000499000 ns, Reaching safepoint: 130700 ns, At safepoint: 5100 ns, Total: 135800 ns
[2020-10-05T09:49:27.179+0000][34308][safepoint    ] Safepoint "Cleanup", Time since last: 1000008900 ns, Reaching safepoint: 238800 ns, At safepoint: 10200 ns, Total: 249000 ns
[2020-10-05T09:49:28.180+0000][34308][safepoint    ] Safepoint "Cleanup", Time since last: 1000209200 ns, Reaching safepoint: 144800 ns, At safepoint: 7300 ns, Total: 152100 ns
[2020-10-05T09:49:29.181+0000][34308][safepoint    ] Safepoint "Cleanup", Time since last: 1000761600 ns, Reaching safepoint: 103100 ns, At safepoint: 5100 ns, Total: 108200 ns
[2020-10-05T09:49:30.443+0000][34308][safepoint    ] Safepoint "Cleanup", Time since last: 1261808900 ns, Reaching safepoint: 108300 ns, At safepoint: 4700 ns, Total: 113000 ns
[2020-10-05T09:49:31.443+0000][34308][safepoint    ] Safepoint "Cleanup", Time since last: 1000330000 ns, Reaching safepoint: 85500 ns, At safepoint: 3000 ns, Total: 88500 ns
[2020-10-05T09:49:32.444+0000][34308][safepoint    ] Safepoint "Cleanup", Time since last: 1000714500 ns, Reaching safepoint: 166300 ns, At safepoint: 4700 ns, Total: 171000 ns
[2020-10-05T09:49:34.444+0000][34308][safepoint    ] Safepoint "Cleanup", Time since last: 2000091400 ns, Reaching safepoint: 118200 ns, At safepoint: 5300 ns, Total: 123500 ns
[2020-10-05T09:49:35.445+0000][34308][safepoint    ] Safepoint "Cleanup", Time since last: 1000662600 ns, Reaching safepoint: 90100 ns, At safepoint: 2800 ns, Total: 92900 ns
[2020-10-05T09:49:37.445+0000][34308][safepoint    ] Safepoint "Cleanup", Time since last: 2000377900 ns, Reaching safepoint: 177500 ns, At safepoint: 9800 ns, Total: 187300 ns
[2020-10-05T09:49:38.446+0000][34308][safepoint    ] Safepoint "Cleanup", Time since last: 1000517200 ns, Reaching safepoint: 105900 ns, At safepoint: 6600 ns, Total: 112500 ns
[2020-10-05T09:49:39.446+0000][34308][safepoint    ] Safepoint "Cleanup", Time since last: 1000529800 ns, Reaching safepoint: 117200 ns, At safepoint: 5300 ns, Total: 122500 ns
[2020-10-05T09:49:40.447+0000][34308][safepoint    ] Safepoint "Cleanup", Time since last: 1000180700 ns, Reaching safepoint: 102100 ns, At safepoint: 5000 ns, Total: 107100 ns
[2020-10-05T09:49:41.447+0000][34308][safepoint    ] Safepoint "Cleanup", Time since last: 1000144100 ns, Reaching safepoint: 183800 ns, At safepoint: 9600 ns, Total: 193400 ns
[2020-10-05T09:49:42.447+0000][34308][safepoint    ] Safepoint "Cleanup", Time since last: 1000140100 ns, Reaching safepoint: 107600 ns, At safepoint: 4900 ns, Total: 112500 ns
[2020-10-05T09:49:43.448+0000][34308][safepoint    ] Safepoint "Cleanup", Time since last: 1000194000 ns, Reaching safepoint: 116700 ns, At safepoint: 6800 ns, Total: 123500 ns
[2020-10-05T09:49:44.448+0000][34308][safepoint    ] Safepoint "Cleanup", Time since last: 1000241600 ns, Reaching safepoint: 116300 ns, At safepoint: 4500 ns, Total: 120800 ns
[2020-10-05T09:49:45.449+0000][34308][safepoint    ] Safepoint "Cleanup", Time since last: 1000602700 ns, Reaching safepoint: 83800 ns, At safepoint: 3200 ns, Total: 87000 ns
[2020-10-05T09:49:46.449+0000][34308][safepoint    ] Safepoint "Cleanup", Time since last: 1000183500 ns, Reaching safepoint: 101200 ns, At safepoint: 4700 ns, Total: 105900 ns
[2020-10-05T09:49:47.450+0000][34308][safepoint    ] Safepoint "Cleanup", Time since last: 1000890700 ns, Reaching safepoint: 103500 ns, At safepoint: 5100 ns, Total: 108600 ns
[2020-10-05T09:49:48.450+0000][34308][safepoint    ] Safepoint "Cleanup", Time since last: 1000184800 ns, Reaching safepoint: 157300 ns, At safepoint: 4900 ns, Total: 162200 ns
[2020-10-05T09:49:49.451+0000][34308][safepoint    ] Safepoint "Cleanup", Time since last: 1000600300 ns, Reaching safepoint: 113300 ns, At safepoint: 6200 ns, Total: 119500 ns
[2020-10-05T09:49:50.452+0000][34308][safepoint    ] Safepoint "Cleanup", Time since last: 1000668500 ns, Reaching safepoint: 183800 ns, At safepoint: 6700 ns, Total: 190500 ns
[2020-10-05T09:49:52.168+0000][34308][safepoint    ] Safepoint "Cleanup", Time since last: 1715798400 ns, Reaching safepoint: 109900 ns, At safepoint: 5600 ns, Total: 115500 ns
[2020-10-05T09:49:53.168+0000][34308][safepoint    ] Safepoint "Cleanup", Time since last: 1000316100 ns, Reaching safepoint: 152100 ns, At safepoint: 10600 ns, Total: 162700 ns
[2020-10-05T09:49:55.168+0000][34308][safepoint    ] Safepoint "Cleanup", Time since last: 1999963000 ns, Reaching safepoint: 152100 ns, At safepoint: 10000 ns, Total: 162100 ns
[2020-10-05T09:49:56.168+0000][34308][safepoint    ] Safepoint "Cleanup", Time since last: 1000202300 ns, Reaching safepoint: 136400 ns, At safepoint: 6700 ns, Total: 143100 ns
[2020-10-05T09:49:57.169+0000][34308][safepoint    ] Safepoint "Cleanup", Time since last: 1000261500 ns, Reaching safepoint: 144600 ns, At safepoint: 4300 ns, Total: 148900 ns
[2020-10-05T09:49:58.170+0000][34308][safepoint    ] Safepoint "Cleanup", Time since last: 1000685900 ns, Reaching safepoint: 96600 ns, At safepoint: 5000 ns, Total: 101600 ns
[2020-10-05T09:49:59.170+0000][34308][safepoint    ] Safepoint "Cleanup", Time since last: 1000244300 ns, Reaching safepoint: 111500 ns, At safepoint: 5800 ns, Total: 117300 ns
[2020-10-05T09:50:00.171+0000][34308][safepoint    ] Safepoint "Cleanup", Time since last: 1000816300 ns, Reaching safepoint: 311600 ns, At safepoint: 9300 ns, Total: 320900 ns
[2020-10-05T09:50:01.171+0000][34308][safepoint    ] Safepoint "Cleanup", Time since last: 1000023400 ns, Reaching safepoint: 118300 ns, At safepoint: 6400 ns, Total: 124700 ns
[2020-10-05T09:50:03.171+0000][34308][safepoint    ] Safepoint "Cleanup", Time since last: 2000174200 ns, Reaching safepoint: 118300 ns, At safepoint: 4800 ns, Total: 123100 ns
[2020-10-05T09:50:04.172+0000][34308][safepoint    ] Safepoint "Cleanup", Time since last: 1000653000 ns, Reaching safepoint: 111500 ns, At safepoint: 5800 ns, Total: 117300 ns
[2020-10-05T09:50:06.172+0000][34308][safepoint    ] Safepoint "Cleanup", Time since last: 2000019000 ns, Reaching safepoint: 159200 ns, At safepoint: 4800 ns, Total: 164000 ns
[2020-10-05T09:50:07.173+0000][34308][safepoint    ] Safepoint "Cleanup", Time since last: 1000413500 ns, Reaching safepoint: 105600 ns, At safepoint: 4600 ns, Total: 110200 ns
[2020-10-05T09:50:08.173+0000][34308][safepoint    ] Safepoint "Cleanup", Time since last: 1000401500 ns, Reaching safepoint: 153500 ns, At safepoint: 8200 ns, Total: 161700 ns
[2020-10-05T09:50:09.174+0000][34308][safepoint    ] Safepoint "Cleanup", Time since last: 1000595300 ns, Reaching safepoint: 131000 ns, At safepoint: 4500 ns, Total: 135500 ns
[2020-10-05T09:50:10.174+0000][34308][safepoint    ] Safepoint "Cleanup", Time since last: 1000165000 ns, Reaching safepoint: 102200 ns, At safepoint: 4500 ns, Total: 106700 ns
[2020-10-05T09:50:11.175+0000][34308][safepoint    ] Safepoint "Cleanup", Time since last: 1000801300 ns, Reaching safepoint: 126000 ns, At safepoint: 5700 ns, Total: 131700 ns
[2020-10-05T09:50:13.176+0000][34308][safepoint    ] Safepoint "Cleanup", Time since last: 2000387300 ns, Reaching safepoint: 94700 ns, At safepoint: 5400 ns, Total: 100100 ns
[2020-10-05T09:50:14.176+0000][34308][safepoint    ] Safepoint "Cleanup", Time since last: 1000603500 ns, Reaching safepoint: 95500 ns, At safepoint: 7100 ns, Total: 102600 ns
[2020-10-05T09:50:15.177+0000][34308][safepoint    ] Safepoint "Cleanup", Time since last: 1000710900 ns, Reaching safepoint: 99400 ns, At safepoint: 4900 ns, Total: 104300 ns
[2020-10-05T09:50:16.178+0000][34308][safepoint    ] Safepoint "Cleanup", Time since last: 1000382700 ns, Reaching safepoint: 100900 ns, At safepoint: 4900 ns, Total: 105800 ns
[2020-10-05T09:50:17.178+0000][34308][safepoint    ] Safepoint "Cleanup", Time since last: 1000433600 ns, Reaching safepoint: 136300 ns, At safepoint: 4600 ns, Total: 140900 ns
[2020-10-05T09:50:18.179+0000][34308][safepoint    ] Safepoint "Cleanup", Time since last: 1000599200 ns, Reaching safepoint: 102600 ns, At safepoint: 5900 ns, Total: 108500 ns
[2020-10-05T09:50:19.179+0000][34308][safepoint    ] Safepoint "Cleanup", Time since last: 1000397500 ns, Reaching safepoint: 142300 ns, At safepoint: 8900 ns, Total: 151200 ns
[2020-10-05T09:50:20.180+0000][34308][safepoint    ] Safepoint "Cleanup", Time since last: 1000663000 ns, Reaching safepoint: 131600 ns, At safepoint: 5900 ns, Total: 137500 ns
[2020-10-05T09:50:21.181+0000][34308][safepoint    ] Safepoint "Cleanup", Time since last: 1000478300 ns, Reaching safepoint: 366100 ns, At safepoint: 10700 ns, Total: 376800 ns
[2020-10-05T09:50:22.181+0000][34308][safepoint    ] Safepoint "Cleanup", Time since last: 1000148200 ns, Reaching safepoint: 151600 ns, At safepoint: 6700 ns, Total: 158300 ns
[2020-10-05T09:50:24.182+0000][34308][safepoint    ] Safepoint "Cleanup", Time since last: 2000706700 ns, Reaching safepoint: 134200 ns, At safepoint: 4600 ns, Total: 138800 ns
[2020-10-05T09:50:25.183+0000][34308][safepoint    ] Safepoint "Cleanup", Time since last: 1000732900 ns, Reaching safepoint: 137200 ns, At safepoint: 4900 ns, Total: 142100 ns
[2020-10-05T09:50:26.183+0000][34308][safepoint    ] Safepoint "Cleanup", Time since last: 1000230100 ns, Reaching safepoint: 118200 ns, At safepoint: 9500 ns, Total: 127700 ns
[2020-10-05T09:50:28.184+0000][34308][safepoint    ] Safepoint "Cleanup", Time since last: 2000657900 ns, Reaching safepoint: 128300 ns, At safepoint: 9200 ns, Total: 137500 ns
[2020-10-05T09:50:29.185+0000][34308][safepoint    ] Safepoint "Cleanup", Time since last: 1000494600 ns, Reaching safepoint: 101900 ns, At safepoint: 3900 ns, Total: 105800 ns
[2020-10-05T09:50:30.185+0000][34308][safepoint    ] Safepoint "Cleanup", Time since last: 1000111300 ns, Reaching safepoint: 136000 ns, At safepoint: 6200 ns, Total: 142200 ns
[2020-10-05T09:50:32.185+0000][34308][safepoint    ] Safepoint "Cleanup", Time since last: 2000421900 ns, Reaching safepoint: 122000 ns, At safepoint: 7100 ns, Total: 129100 ns
[2020-10-05T09:50:34.186+0000][34308][safepoint    ] Safepoint "Cleanup", Time since last: 2000523200 ns, Reaching safepoint: 117600 ns, At safepoint: 6500 ns, Total: 124100 ns
[2020-10-05T09:50:35.187+0000][34308][safepoint    ] Safepoint "Cleanup", Time since last: 1000653900 ns, Reaching safepoint: 129200 ns, At safepoint: 5100 ns, Total: 134300 ns
[2020-10-05T09:50:36.187+0000][34308][safepoint    ] Safepoint "Cleanup", Time since last: 1000565100 ns, Reaching safepoint: 116800 ns, At safepoint: 7300 ns, Total: 124100 ns
[2020-10-05T09:50:37.187+0000][34308][safepoint    ] Safepoint "Cleanup", Time since last: 1000153700 ns, Reaching safepoint: 431700 ns, At safepoint: 44000 ns, Total: 475700 ns
[2020-10-05T09:50:39.188+0000][34308][safepoint    ] Safepoint "Cleanup", Time since last: 2000342400 ns, Reaching safepoint: 175500 ns, At safepoint: 5200 ns, Total: 180700 ns
[2020-10-05T09:50:40.189+0000][34308][safepoint    ] Safepoint "Cleanup", Time since last: 1000402200 ns, Reaching safepoint: 101700 ns, At safepoint: 4600 ns, Total: 106300 ns
[2020-10-05T09:50:41.190+0000][34308][safepoint    ] Safepoint "Cleanup", Time since last: 1000709700 ns, Reaching safepoint: 114300 ns, At safepoint: 5100 ns, Total: 119400 ns
[2020-10-05T09:50:42.190+0000][34308][safepoint    ] Safepoint "Cleanup", Time since last: 1000511200 ns, Reaching safepoint: 100600 ns, At safepoint: 4200 ns, Total: 104800 ns
[2020-10-05T09:50:43.191+0000][34308][safepoint    ] Safepoint "Cleanup", Time since last: 1000458900 ns, Reaching safepoint: 85900 ns, At safepoint: 3000 ns, Total: 88900 ns
[2020-10-05T09:50:44.191+0000][34308][safepoint    ] Safepoint "Cleanup", Time since last: 1000368200 ns, Reaching safepoint: 122700 ns, At safepoint: 5300 ns, Total: 128000 ns
[2020-10-05T09:50:45.192+0000][34308][safepoint    ] Safepoint "Cleanup", Time since last: 1000851400 ns, Reaching safepoint: 97100 ns, At safepoint: 2900 ns, Total: 100000 ns
[2020-10-05T09:50:46.192+0000][34308][safepoint    ] Safepoint "Cleanup", Time since last: 1000224700 ns, Reaching safepoint: 105000 ns, At safepoint: 2900 ns, Total: 107900 ns
[2020-10-05T09:50:47.193+0000][34308][safepoint    ] Safepoint "Cleanup", Time since last: 1000307200 ns, Reaching safepoint: 128400 ns, At safepoint: 16700 ns, Total: 145100 ns
[2020-10-05T09:50:48.194+0000][34308][safepoint    ] Safepoint "Cleanup", Time since last: 1000634800 ns, Reaching safepoint: 113700 ns, At safepoint: 5000 ns, Total: 118700 ns
[2020-10-05T09:50:49.194+0000][34308][safepoint    ] Safepoint "Cleanup", Time since last: 1000544400 ns, Reaching safepoint: 117600 ns, At safepoint: 4800 ns, Total: 122400 ns
[2020-10-05T09:50:50.195+0000][34308][safepoint    ] Safepoint "Cleanup", Time since last: 1000812200 ns, Reaching safepoint: 185800 ns, At safepoint: 7500 ns, Total: 193300 ns
[2020-10-05T09:50:51.176+0000][34308][gc,start     ] GC(13) Pause Young (Normal) (G1 Evacuation Pause)
[2020-10-05T09:50:51.176+0000][34308][gc,task      ] GC(13) Using 8 workers of 8 for evacuation
[2020-10-05T09:50:51.176+0000][34308][gc,age       ] GC(13) Desired survivor size 32505856 bytes, new threshold 15 (max threshold 15)
[2020-10-05T09:50:51.215+0000][34308][gc,age       ] GC(13) Age table with threshold 15 (max threshold 15)
[2020-10-05T09:50:51.215+0000][34308][gc,age       ] GC(13) - age   1:      37552 bytes,      37552 total
[2020-10-05T09:50:51.215+0000][34308][gc,age       ] GC(13) - age   2:    2509608 bytes,    2547160 total
[2020-10-05T09:50:51.215+0000][34308][gc,age       ] GC(13) - age   3:    1921184 bytes,    4468344 total
[2020-10-05T09:50:51.215+0000][34308][gc,age       ] GC(13) - age   4:   10066024 bytes,   14534368 total
[2020-10-05T09:50:51.215+0000][34308][gc,age       ] GC(13) - age   5:    7906816 bytes,   22441184 total
[2020-10-05T09:50:51.215+0000][34308][gc,phases    ] GC(13)   Pre Evacuate Collection Set: 0.4ms
[2020-10-05T09:50:51.215+0000][34308][gc,phases    ] GC(13)   Merge Heap Roots: 0.5ms
[2020-10-05T09:50:51.215+0000][34308][gc,phases    ] GC(13)   Evacuate Collection Set: 34.7ms
[2020-10-05T09:50:51.215+0000][34308][gc,phases    ] GC(13)   Post Evacuate Collection Set: 2.9ms
[2020-10-05T09:50:51.215+0000][34308][gc,phases    ] GC(13)   Other: 9.3ms
[2020-10-05T09:50:51.215+0000][34308][gc,heap      ] GC(13) Eden regions: 466->0(477)
[2020-10-05T09:50:51.215+0000][34308][gc,heap      ] GC(13) Survivor regions: 24->24(62)
[2020-10-05T09:50:51.215+0000][34308][gc,heap      ] GC(13) Old regions: 50->50
[2020-10-05T09:50:51.215+0000][34308][gc,heap      ] GC(13) Archive regions: 0->0
[2020-10-05T09:50:51.215+0000][34308][gc,heap      ] GC(13) Humongous regions: 174->174
[2020-10-05T09:50:51.215+0000][34308][gc,metaspace ] GC(13) Metaspace: 80583K(86144K)->80583K(86144K) NonClass: 69936K(73216K)->69936K(73216K) Class: 10647K(12928K)->10647K(12928K)
[2020-10-05T09:50:51.215+0000][34308][gc           ] GC(13) Pause Young (Normal) (G1 Evacuation Pause) 713M->247M(1024M) 39.208ms
[2020-10-05T09:50:51.215+0000][34308][gc,cpu       ] GC(13) User=0.13s Sys=0.09s Real=0.04s
[2020-10-05T09:50:51.215+0000][34308][safepoint    ] Safepoint "G1CollectForAllocation", Time since last: 972711700 ns, Reaching safepoint: 165800 ns, At safepoint: 48134800 ns, Total: 48300600 ns
[2020-10-05T09:50:52.217+0000][34308][safepoint    ] Safepoint "Cleanup", Time since last: 1000823000 ns, Reaching safepoint: 156000 ns, At safepoint: 4600 ns, Total: 160600 ns
[2020-10-05T09:50:54.218+0000][34308][safepoint    ] Safepoint "Cleanup", Time since last: 2000386800 ns, Reaching safepoint: 124200 ns, At safepoint: 5800 ns, Total: 130000 ns
[2020-10-05T09:50:55.218+0000][34308][safepoint    ] Safepoint "Cleanup", Time since last: 1000357800 ns, Reaching safepoint: 136100 ns, At safepoint: 5400 ns, Total: 141500 ns
[2020-10-05T09:50:56.218+0000][34308][safepoint    ] Safepoint "Cleanup", Time since last: 1000169900 ns, Reaching safepoint: 112900 ns, At safepoint: 4200 ns, Total: 117100 ns
[2020-10-05T09:50:57.219+0000][34308][safepoint    ] Safepoint "Cleanup", Time since last: 1000181300 ns, Reaching safepoint: 88900 ns, At safepoint: 3100 ns, Total: 92000 ns
[2020-10-05T09:50:59.219+0000][34308][safepoint    ] Safepoint "Cleanup", Time since last: 2000173400 ns, Reaching safepoint: 98500 ns, At safepoint: 2100 ns, Total: 100600 ns
[2020-10-05T09:51:00.219+0000][34308][safepoint    ] Safepoint "Cleanup", Time since last: 1000260400 ns, Reaching safepoint: 151900 ns, At safepoint: 5600 ns, Total: 157500 ns
[2020-10-05T09:51:01.220+0000][34308][safepoint    ] Safepoint "Cleanup", Time since last: 1000525600 ns, Reaching safepoint: 104000 ns, At safepoint: 3400 ns, Total: 107400 ns
[2020-10-05T09:51:02.221+0000][34308][safepoint    ] Safepoint "Cleanup", Time since last: 1000528300 ns, Reaching safepoint: 107200 ns, At safepoint: 5000 ns, Total: 112200 ns
[2020-10-05T09:51:03.221+0000][34308][safepoint    ] Safepoint "Cleanup", Time since last: 1000401200 ns, Reaching safepoint: 117400 ns, At safepoint: 4500 ns, Total: 121900 ns
[2020-10-05T09:51:04.222+0000][34308][safepoint    ] Safepoint "Cleanup", Time since last: 1000536600 ns, Reaching safepoint: 96200 ns, At safepoint: 5800 ns, Total: 102000 ns
[2020-10-05T09:51:05.223+0000][34308][safepoint    ] Safepoint "Cleanup", Time since last: 1000751400 ns, Reaching safepoint: 141100 ns, At safepoint: 6600 ns, Total: 147700 ns
[2020-10-05T09:51:06.223+0000][34308][safepoint    ] Safepoint "Cleanup", Time since last: 1000735800 ns, Reaching safepoint: 112600 ns, At safepoint: 5400 ns, Total: 118000 ns
[2020-10-05T09:51:07.224+0000][34308][safepoint    ] Safepoint "Cleanup", Time since last: 1000282700 ns, Reaching safepoint: 95300 ns, At safepoint: 4700 ns, Total: 100000 ns
[2020-10-05T09:51:08.225+0000][34308][safepoint    ] Safepoint "Cleanup", Time since last: 1000786300 ns, Reaching safepoint: 107200 ns, At safepoint: 2900 ns, Total: 110100 ns
[2020-10-05T09:51:09.225+0000][34308][safepoint    ] Safepoint "Cleanup", Time since last: 1000311700 ns, Reaching safepoint: 93300 ns, At safepoint: 5600 ns, Total: 98900 ns
[2020-10-05T09:51:10.226+0000][34308][safepoint    ] Safepoint "Cleanup", Time since last: 1000542100 ns, Reaching safepoint: 115600 ns, At safepoint: 4600 ns, Total: 120200 ns
[2020-10-05T09:51:12.227+0000][34308][safepoint    ] Safepoint "Cleanup", Time since last: 2000879100 ns, Reaching safepoint: 118600 ns, At safepoint: 4300 ns, Total: 122900 ns
[2020-10-05T09:51:14.227+0000][34308][safepoint    ] Safepoint "Cleanup", Time since last: 2000584600 ns, Reaching safepoint: 122600 ns, At safepoint: 4100 ns, Total: 126700 ns
[2020-10-05T09:51:15.228+0000][34308][safepoint    ] Safepoint "Cleanup", Time since last: 1000635700 ns, Reaching safepoint: 129600 ns, At safepoint: 6000 ns, Total: 135600 ns
[2020-10-05T09:51:16.228+0000][34308][safepoint    ] Safepoint "Cleanup", Time since last: 1000209500 ns, Reaching safepoint: 123900 ns, At safepoint: 4400 ns, Total: 128300 ns
[2020-10-05T09:51:17.229+0000][34308][safepoint    ] Safepoint "Cleanup", Time since last: 1000135300 ns, Reaching safepoint: 102800 ns, At safepoint: 5400 ns, Total: 108200 ns
[2020-10-05T09:51:19.229+0000][34308][safepoint    ] Safepoint "Cleanup", Time since last: 2000583800 ns, Reaching safepoint: 157600 ns, At safepoint: 4800 ns, Total: 162400 ns
[2020-10-05T09:51:21.233+0000][34308][safepoint    ] Safepoint "Cleanup", Time since last: 2000215000 ns, Reaching safepoint: 3193800 ns, At safepoint: 81800 ns, Total: 3275600 ns
[2020-10-05T09:51:22.247+0000][34308][safepoint    ] Safepoint "Cleanup", Time since last: 1014523800 ns, Reaching safepoint: 169800 ns, At safepoint: 6400 ns, Total: 176200 ns
[2020-10-05T09:51:23.248+0000][34308][safepoint    ] Safepoint "Cleanup", Time since last: 1000143000 ns, Reaching safepoint: 159200 ns, At safepoint: 7600 ns, Total: 166800 ns
[2020-10-05T09:51:25.248+0000][34308][safepoint    ] Safepoint "Cleanup", Time since last: 2000652400 ns, Reaching safepoint: 133100 ns, At safepoint: 9400 ns, Total: 142500 ns
[2020-10-05T09:51:26.249+0000][34308][safepoint    ] Safepoint "Cleanup", Time since last: 1000242700 ns, Reaching safepoint: 172800 ns, At safepoint: 8000 ns, Total: 180800 ns
[2020-10-05T09:51:27.249+0000][34308][safepoint    ] Safepoint "Cleanup", Time since last: 1000458800 ns, Reaching safepoint: 113000 ns, At safepoint: 7000 ns, Total: 120000 ns
[2020-10-05T09:51:28.250+0000][34308][safepoint    ] Safepoint "Cleanup", Time since last: 1000141900 ns, Reaching safepoint: 162500 ns, At safepoint: 7500 ns, Total: 170000 ns
[2020-10-05T09:51:30.251+0000][34308][safepoint    ] Safepoint "Cleanup", Time since last: 2000854900 ns, Reaching safepoint: 190000 ns, At safepoint: 6900 ns, Total: 196900 ns
[2020-10-05T09:51:31.252+0000][34308][safepoint    ] Safepoint "Cleanup", Time since last: 1000757400 ns, Reaching safepoint: 161900 ns, At safepoint: 7300 ns, Total: 169200 ns
[2020-10-05T09:51:32.252+0000][34308][safepoint    ] Safepoint "Cleanup", Time since last: 1000077200 ns, Reaching safepoint: 206700 ns, At safepoint: 19300 ns, Total: 226000 ns
[2020-10-05T09:51:33.252+0000][34308][safepoint    ] Safepoint "Cleanup", Time since last: 1000063800 ns, Reaching safepoint: 129200 ns, At safepoint: 6900 ns, Total: 136100 ns
[2020-10-05T09:51:35.253+0000][34308][safepoint    ] Safepoint "Cleanup", Time since last: 2000526000 ns, Reaching safepoint: 129900 ns, At safepoint: 3400 ns, Total: 133300 ns
[2020-10-05T09:51:36.253+0000][34308][safepoint    ] Safepoint "Cleanup", Time since last: 1000741500 ns, Reaching safepoint: 128000 ns, At safepoint: 6100 ns, Total: 134100 ns
[2020-10-05T09:51:38.254+0000][34308][safepoint    ] Safepoint "Cleanup", Time since last: 2000456000 ns, Reaching safepoint: 137900 ns, At safepoint: 5900 ns, Total: 143800 ns
[2020-10-05T09:51:39.255+0000][34308][safepoint    ] Safepoint "Cleanup", Time since last: 1000777700 ns, Reaching safepoint: 118500 ns, At safepoint: 8100 ns, Total: 126600 ns
[2020-10-05T09:51:40.255+0000][34308][safepoint    ] Safepoint "Cleanup", Time since last: 1000177500 ns, Reaching safepoint: 130600 ns, At safepoint: 5900 ns, Total: 136500 ns
[2020-10-05T09:51:42.255+0000][34308][safepoint    ] Safepoint "Cleanup", Time since last: 1999876800 ns, Reaching safepoint: 113400 ns, At safepoint: 6100 ns, Total: 119500 ns
[2020-10-05T09:51:43.256+0000][34308][safepoint    ] Safepoint "Cleanup", Time since last: 1000408500 ns, Reaching safepoint: 134900 ns, At safepoint: 6800 ns, Total: 141700 ns
[2020-10-05T09:51:44.256+0000][34308][safepoint    ] Safepoint "Cleanup", Time since last: 1000266300 ns, Reaching safepoint: 85800 ns, At safepoint: 3200 ns, Total: 89000 ns
[2020-10-05T09:51:45.257+0000][34308][safepoint    ] Safepoint "Cleanup", Time since last: 1000563000 ns, Reaching safepoint: 97100 ns, At safepoint: 5200 ns, Total: 102300 ns
[2020-10-05T09:51:46.257+0000][34308][safepoint    ] Safepoint "Cleanup", Time since last: 1000014800 ns, Reaching safepoint: 102700 ns, At safepoint: 4500 ns, Total: 107200 ns
[2020-10-05T09:51:47.257+0000][34308][safepoint    ] Safepoint "Cleanup", Time since last: 1000462200 ns, Reaching safepoint: 109700 ns, At safepoint: 6100 ns, Total: 115800 ns
[2020-10-05T09:51:49.258+0000][34308][safepoint    ] Safepoint "Cleanup", Time since last: 2000123000 ns, Reaching safepoint: 175000 ns, At safepoint: 10600 ns, Total: 185600 ns
[2020-10-05T09:51:50.258+0000][34308][safepoint    ] Safepoint "Cleanup", Time since last: 1000635500 ns, Reaching safepoint: 122900 ns, At safepoint: 8000 ns, Total: 130900 ns
[2020-10-05T09:51:51.259+0000][34308][safepoint    ] Safepoint "Cleanup", Time since last: 1000212200 ns, Reaching safepoint: 142900 ns, At safepoint: 8200 ns, Total: 151100 ns
[2020-10-05T09:51:52.260+0000][34308][safepoint    ] Safepoint "Cleanup", Time since last: 1000731800 ns, Reaching safepoint: 123200 ns, At safepoint: 8300 ns, Total: 131500 ns
[2020-10-05T09:51:53.260+0000][34308][safepoint    ] Safepoint "Cleanup", Time since last: 1000426600 ns, Reaching safepoint: 165300 ns, At safepoint: 8600 ns, Total: 173900 ns
[2020-10-05T09:51:54.261+0000][34308][safepoint    ] Safepoint "Cleanup", Time since last: 1000650800 ns, Reaching safepoint: 120700 ns, At safepoint: 7900 ns, Total: 128600 ns
[2020-10-05T09:51:55.261+0000][34308][safepoint    ] Safepoint "Cleanup", Time since last: 1000160800 ns, Reaching safepoint: 116000 ns, At safepoint: 4800 ns, Total: 120800 ns
[2020-10-05T09:51:56.262+0000][34308][safepoint    ] Safepoint "Cleanup", Time since last: 1000773900 ns, Reaching safepoint: 154000 ns, At safepoint: 7300 ns, Total: 161300 ns
[2020-10-05T09:51:57.263+0000][34308][safepoint    ] Safepoint "Cleanup", Time since last: 1000357200 ns, Reaching safepoint: 124700 ns, At safepoint: 7400 ns, Total: 132100 ns
[2020-10-05T09:51:58.263+0000][34308][safepoint    ] Safepoint "Cleanup", Time since last: 1000483400 ns, Reaching safepoint: 130800 ns, At safepoint: 5600 ns, Total: 136400 ns
[2020-10-05T09:51:59.264+0000][34308][safepoint    ] Safepoint "Cleanup", Time since last: 1000512100 ns, Reaching safepoint: 318000 ns, At safepoint: 15000 ns, Total: 333000 ns
[2020-10-05T09:52:00.264+0000][34308][safepoint    ] Safepoint "Cleanup", Time since last: 1000401400 ns, Reaching safepoint: 226700 ns, At safepoint: 9800 ns, Total: 236500 ns
[2020-10-05T09:52:01.265+0000][34308][safepoint    ] Safepoint "Cleanup", Time since last: 1000094200 ns, Reaching safepoint: 136400 ns, At safepoint: 4800 ns, Total: 141200 ns
[2020-10-05T09:52:03.265+0000][34308][safepoint    ] Safepoint "Cleanup", Time since last: 2000482500 ns, Reaching safepoint: 156700 ns, At safepoint: 3000 ns, Total: 159700 ns
[2020-10-05T09:52:04.266+0000][34308][safepoint    ] Safepoint "Cleanup", Time since last: 1000557400 ns, Reaching safepoint: 140600 ns, At safepoint: 8200 ns, Total: 148800 ns
[2020-10-05T09:52:05.266+0000][34308][safepoint    ] Safepoint "Cleanup", Time since last: 1000067200 ns, Reaching safepoint: 114500 ns, At safepoint: 6300 ns, Total: 120800 ns
[2020-10-05T09:52:06.267+0000][34308][safepoint    ] Safepoint "Cleanup", Time since last: 1000422700 ns, Reaching safepoint: 159600 ns, At safepoint: 5500 ns, Total: 165100 ns
[2020-10-05T09:52:07.267+0000][34308][safepoint    ] Safepoint "Cleanup", Time since last: 1000189400 ns, Reaching safepoint: 110600 ns, At safepoint: 5800 ns, Total: 116400 ns
[2020-10-05T09:52:08.267+0000][34308][safepoint    ] Safepoint "Cleanup", Time since last: 1000282300 ns, Reaching safepoint: 158400 ns, At safepoint: 8600 ns, Total: 167000 ns
[2020-10-05T09:52:09.268+0000][34308][safepoint    ] Safepoint "Cleanup", Time since last: 1000300400 ns, Reaching safepoint: 116900 ns, At safepoint: 3800 ns, Total: 120700 ns
[2020-10-05T09:52:10.269+0000][34308][safepoint    ] Safepoint "Cleanup", Time since last: 1000766300 ns, Reaching safepoint: 131600 ns, At safepoint: 5100 ns, Total: 136700 ns
[2020-10-05T09:52:11.269+0000][34308][safepoint    ] Safepoint "Cleanup", Time since last: 1000448600 ns, Reaching safepoint: 98500 ns, At safepoint: 4900 ns, Total: 103400 ns
[2020-10-05T09:52:12.270+0000][34308][safepoint    ] Safepoint "Cleanup", Time since last: 1000190500 ns, Reaching safepoint: 114300 ns, At safepoint: 4600 ns, Total: 118900 ns
[2020-10-05T09:52:13.270+0000][34308][safepoint    ] Safepoint "Cleanup", Time since last: 1000136000 ns, Reaching safepoint: 126600 ns, At safepoint: 6100 ns, Total: 132700 ns
[2020-10-05T09:52:14.271+0000][34308][safepoint    ] Safepoint "Cleanup", Time since last: 1000681700 ns, Reaching safepoint: 87400 ns, At safepoint: 4700 ns, Total: 92100 ns
[2020-10-05T09:52:15.271+0000][34308][safepoint    ] Safepoint "Cleanup", Time since last: 1000657200 ns, Reaching safepoint: 110800 ns, At safepoint: 2200 ns, Total: 113000 ns
[2020-10-05T09:52:16.272+0000][34308][safepoint    ] Safepoint "Cleanup", Time since last: 1000060200 ns, Reaching safepoint: 128500 ns, At safepoint: 5100 ns, Total: 133600 ns
[2020-10-05T09:52:17.272+0000][34308][safepoint    ] Safepoint "Cleanup", Time since last: 1000249300 ns, Reaching safepoint: 132100 ns, At safepoint: 2600 ns, Total: 134700 ns
[2020-10-05T09:52:18.272+0000][34308][safepoint    ] Safepoint "Cleanup", Time since last: 1000407900 ns, Reaching safepoint: 112500 ns, At safepoint: 5300 ns, Total: 117800 ns
[2020-10-05T09:52:19.273+0000][34308][safepoint    ] Safepoint "Cleanup", Time since last: 1000009900 ns, Reaching safepoint: 151500 ns, At safepoint: 6500 ns, Total: 158000 ns
[2020-10-05T09:52:20.273+0000][34308][safepoint    ] Safepoint "Cleanup", Time since last: 1000154900 ns, Reaching safepoint: 108800 ns, At safepoint: 6900 ns, Total: 115700 ns
[2020-10-05T09:52:21.273+0000][34308][safepoint    ] Safepoint "Cleanup", Time since last: 1000582500 ns, Reaching safepoint: 135300 ns, At safepoint: 5700 ns, Total: 141000 ns
[2020-10-05T09:52:22.274+0000][34308][safepoint    ] Safepoint "Cleanup", Time since last: 1000834000 ns, Reaching safepoint: 104200 ns, At safepoint: 3200 ns, Total: 107400 ns
[2020-10-05T09:52:23.275+0000][34308][safepoint    ] Safepoint "Cleanup", Time since last: 1000401800 ns, Reaching safepoint: 134600 ns, At safepoint: 9200 ns, Total: 143800 ns
[2020-10-05T09:52:24.275+0000][34308][safepoint    ] Safepoint "Cleanup", Time since last: 1000301900 ns, Reaching safepoint: 118000 ns, At safepoint: 7300 ns, Total: 125300 ns
[2020-10-05T09:52:25.276+0000][34308][safepoint    ] Safepoint "Cleanup", Time since last: 1000713100 ns, Reaching safepoint: 216100 ns, At safepoint: 8000 ns, Total: 224100 ns
[2020-10-05T09:52:26.277+0000][34308][safepoint    ] Safepoint "Cleanup", Time since last: 1000249300 ns, Reaching safepoint: 170900 ns, At safepoint: 13100 ns, Total: 184000 ns
[2020-10-05T09:52:27.278+0000][34308][safepoint    ] Safepoint "Cleanup", Time since last: 1000798400 ns, Reaching safepoint: 138900 ns, At safepoint: 3700 ns, Total: 142600 ns
[2020-10-05T09:52:28.278+0000][34308][safepoint    ] Safepoint "Cleanup", Time since last: 1000030000 ns, Reaching safepoint: 134800 ns, At safepoint: 6400 ns, Total: 141200 ns
[2020-10-05T09:52:29.278+0000][34308][safepoint    ] Safepoint "Cleanup", Time since last: 1000465600 ns, Reaching safepoint: 104200 ns, At safepoint: 5400 ns, Total: 109600 ns
[2020-10-05T09:52:30.279+0000][34308][safepoint    ] Safepoint "Cleanup", Time since last: 1000813700 ns, Reaching safepoint: 167500 ns, At safepoint: 6100 ns, Total: 173600 ns
[2020-10-05T09:52:31.280+0000][34308][safepoint    ] Safepoint "Cleanup", Time since last: 1000594200 ns, Reaching safepoint: 130800 ns, At safepoint: 6300 ns, Total: 137100 ns
[2020-10-05T09:52:32.280+0000][34308][safepoint    ] Safepoint "Cleanup", Time since last: 1000320800 ns, Reaching safepoint: 101600 ns, At safepoint: 3300 ns, Total: 104900 ns
[2020-10-05T09:52:33.281+0000][34308][safepoint    ] Safepoint "Cleanup", Time since last: 1000876900 ns, Reaching safepoint: 116900 ns, At safepoint: 7100 ns, Total: 124000 ns
[2020-10-05T09:52:34.282+0000][34308][safepoint    ] Safepoint "Cleanup", Time since last: 1000321500 ns, Reaching safepoint: 107700 ns, At safepoint: 5100 ns, Total: 112800 ns
[2020-10-05T09:52:35.283+0000][34308][safepoint    ] Safepoint "Cleanup", Time since last: 1000706200 ns, Reaching safepoint: 124800 ns, At safepoint: 5600 ns, Total: 130400 ns
[2020-10-05T09:52:36.283+0000][34308][safepoint    ] Safepoint "Cleanup", Time since last: 1000203500 ns, Reaching safepoint: 121400 ns, At safepoint: 5200 ns, Total: 126600 ns
[2020-10-05T09:52:37.284+0000][34308][safepoint    ] Safepoint "Cleanup", Time since last: 1000785300 ns, Reaching safepoint: 113900 ns, At safepoint: 4800 ns, Total: 118700 ns
[2020-10-05T09:52:38.284+0000][34308][safepoint    ] Safepoint "Cleanup", Time since last: 1000370600 ns, Reaching safepoint: 132800 ns, At safepoint: 5000 ns, Total: 137800 ns
[2020-10-05T09:52:39.285+0000][34308][safepoint    ] Safepoint "Cleanup", Time since last: 1000175600 ns, Reaching safepoint: 120300 ns, At safepoint: 6900 ns, Total: 127200 ns
[2020-10-05T09:52:40.285+0000][34308][safepoint    ] Safepoint "Cleanup", Time since last: 1000643000 ns, Reaching safepoint: 130100 ns, At safepoint: 5400 ns, Total: 135500 ns
[2020-10-05T09:52:41.286+0000][34308][safepoint    ] Safepoint "Cleanup", Time since last: 1000374600 ns, Reaching safepoint: 128300 ns, At safepoint: 6300 ns, Total: 134600 ns
[2020-10-05T09:52:43.286+0000][34308][safepoint    ] Safepoint "Cleanup", Time since last: 2000319000 ns, Reaching safepoint: 105100 ns, At safepoint: 4600 ns, Total: 109700 ns
[2020-10-05T09:52:44.286+0000][34308][safepoint    ] Safepoint "Cleanup", Time since last: 1000183400 ns, Reaching safepoint: 95900 ns, At safepoint: 6000 ns, Total: 101900 ns
[2020-10-05T09:52:45.287+0000][34308][safepoint    ] Safepoint "Cleanup", Time since last: 1000497100 ns, Reaching safepoint: 111900 ns, At safepoint: 4800 ns, Total: 116700 ns
[2020-10-05T09:52:46.287+0000][34308][safepoint    ] Safepoint "Cleanup", Time since last: 1000361300 ns, Reaching safepoint: 112400 ns, At safepoint: 7200 ns, Total: 119600 ns
[2020-10-05T09:52:47.288+0000][34308][safepoint    ] Safepoint "Cleanup", Time since last: 1000223300 ns, Reaching safepoint: 169800 ns, At safepoint: 5600 ns, Total: 175400 ns
[2020-10-05T09:52:48.289+0000][34308][safepoint    ] Safepoint "Cleanup", Time since last: 1000598500 ns, Reaching safepoint: 174800 ns, At safepoint: 8100 ns, Total: 182900 ns
[2020-10-05T09:52:49.289+0000][34308][safepoint    ] Safepoint "Cleanup", Time since last: 1000693100 ns, Reaching safepoint: 104000 ns, At safepoint: 6000 ns, Total: 110000 ns
[2020-10-05T09:52:50.290+0000][34308][safepoint    ] Safepoint "Cleanup", Time since last: 1000284100 ns, Reaching safepoint: 130600 ns, At safepoint: 3600 ns, Total: 134200 ns
[2020-10-05T09:52:51.290+0000][34308][safepoint    ] Safepoint "Cleanup", Time since last: 1000184600 ns, Reaching safepoint: 129800 ns, At safepoint: 6600 ns, Total: 136400 ns
[2020-10-05T09:52:52.291+0000][34308][safepoint    ] Safepoint "Cleanup", Time since last: 1000430700 ns, Reaching safepoint: 116200 ns, At safepoint: 5900 ns, Total: 122100 ns
[2020-10-05T09:52:53.291+0000][34308][safepoint    ] Safepoint "Cleanup", Time since last: 1000154800 ns, Reaching safepoint: 97300 ns, At safepoint: 6000 ns, Total: 103300 ns
[2020-10-05T09:52:54.292+0000][34308][safepoint    ] Safepoint "Cleanup", Time since last: 1000771100 ns, Reaching safepoint: 112700 ns, At safepoint: 6000 ns, Total: 118700 ns
[2020-10-05T09:52:55.292+0000][34308][safepoint    ] Safepoint "Cleanup", Time since last: 1000658400 ns, Reaching safepoint: 112700 ns, At safepoint: 4400 ns, Total: 117100 ns
[2020-10-05T09:52:56.293+0000][34308][safepoint    ] Safepoint "Cleanup", Time since last: 1000763200 ns, Reaching safepoint: 124800 ns, At safepoint: 4900 ns, Total: 129700 ns
[2020-10-05T09:52:57.294+0000][34308][safepoint    ] Safepoint "Cleanup", Time since last: 1000762000 ns, Reaching safepoint: 107200 ns, At safepoint: 6700 ns, Total: 113900 ns
[2020-10-05T09:52:58.294+0000][34308][safepoint    ] Safepoint "Cleanup", Time since last: 1000168800 ns, Reaching safepoint: 103400 ns, At safepoint: 4500 ns, Total: 107900 ns
[2020-10-05T09:52:59.295+0000][34308][safepoint    ] Safepoint "Cleanup", Time since last: 1000624900 ns, Reaching safepoint: 123700 ns, At safepoint: 4300 ns, Total: 128000 ns
[2020-10-05T09:53:01.296+0000][34308][safepoint    ] Safepoint "Cleanup", Time since last: 2000964400 ns, Reaching safepoint: 104500 ns, At safepoint: 7600 ns, Total: 112100 ns
[2020-10-05T09:53:02.297+0000][34308][safepoint    ] Safepoint "Cleanup", Time since last: 1000839400 ns, Reaching safepoint: 114000 ns, At safepoint: 2600 ns, Total: 116600 ns
[2020-10-05T09:53:03.298+0000][34308][safepoint    ] Safepoint "Cleanup", Time since last: 1000364900 ns, Reaching safepoint: 112100 ns, At safepoint: 4600 ns, Total: 116700 ns
[2020-10-05T09:53:04.298+0000][34308][safepoint    ] Safepoint "Cleanup", Time since last: 1000454400 ns, Reaching safepoint: 120800 ns, At safepoint: 19500 ns, Total: 140300 ns
[2020-10-05T09:53:05.299+0000][34308][safepoint    ] Safepoint "Cleanup", Time since last: 1000454400 ns, Reaching safepoint: 103200 ns, At safepoint: 5600 ns, Total: 108800 ns
[2020-10-05T09:53:07.299+0000][34308][safepoint    ] Safepoint "Cleanup", Time since last: 2000203900 ns, Reaching safepoint: 189800 ns, At safepoint: 22300 ns, Total: 212100 ns
[2020-10-05T09:53:08.300+0000][34308][safepoint    ] Safepoint "Cleanup", Time since last: 1000609200 ns, Reaching safepoint: 103400 ns, At safepoint: 5400 ns, Total: 108800 ns
[2020-10-05T09:53:09.300+0000][34308][safepoint    ] Safepoint "Cleanup", Time since last: 1000144000 ns, Reaching safepoint: 113000 ns, At safepoint: 5000 ns, Total: 118000 ns
[2020-10-05T09:53:10.301+0000][34308][safepoint    ] Safepoint "Cleanup", Time since last: 1000826900 ns, Reaching safepoint: 110700 ns, At safepoint: 5200 ns, Total: 115900 ns
[2020-10-05T09:53:11.302+0000][34308][safepoint    ] Safepoint "Cleanup", Time since last: 1000745900 ns, Reaching safepoint: 174400 ns, At safepoint: 9100 ns, Total: 183500 ns
[2020-10-05T09:53:12.302+0000][34308][safepoint    ] Safepoint "Cleanup", Time since last: 1000130400 ns, Reaching safepoint: 148300 ns, At safepoint: 7400 ns, Total: 155700 ns
[2020-10-05T09:53:13.302+0000][34308][safepoint    ] Safepoint "Cleanup", Time since last: 1000079600 ns, Reaching safepoint: 111200 ns, At safepoint: 5800 ns, Total: 117000 ns
[2020-10-05T09:53:15.302+0000][34308][safepoint    ] Safepoint "Cleanup", Time since last: 2000110600 ns, Reaching safepoint: 163300 ns, At safepoint: 8000 ns, Total: 171300 ns
[2020-10-05T09:53:17.303+0000][34308][safepoint    ] Safepoint "Cleanup", Time since last: 2000610000 ns, Reaching safepoint: 119400 ns, At safepoint: 4800 ns, Total: 124200 ns
[2020-10-05T09:53:18.304+0000][34308][safepoint    ] Safepoint "Cleanup", Time since last: 1000451600 ns, Reaching safepoint: 375100 ns, At safepoint: 10800 ns, Total: 385900 ns
[2020-10-05T09:53:20.305+0000][34308][safepoint    ] Safepoint "Cleanup", Time since last: 2000427400 ns, Reaching safepoint: 130800 ns, At safepoint: 9800 ns, Total: 140600 ns
[2020-10-05T09:53:22.242+0000][34308][safepoint    ] Safepoint "Cleanup", Time since last: 1937531600 ns, Reaching safepoint: 109600 ns, At safepoint: 9000 ns, Total: 118600 ns
[2020-10-05T09:53:23.243+0000][34308][safepoint    ] Safepoint "Cleanup", Time since last: 1000708700 ns, Reaching safepoint: 113100 ns, At safepoint: 7600 ns, Total: 120700 ns
[2020-10-05T09:53:24.243+0000][34308][safepoint    ] Safepoint "Cleanup", Time since last: 1000422100 ns, Reaching safepoint: 132500 ns, At safepoint: 5100 ns, Total: 137600 ns
[2020-10-05T09:53:25.244+0000][34308][safepoint    ] Safepoint "Cleanup", Time since last: 1000472400 ns, Reaching safepoint: 114300 ns, At safepoint: 7700 ns, Total: 122000 ns
[2020-10-05T09:53:26.244+0000][34308][safepoint    ] Safepoint "Cleanup", Time since last: 1000019200 ns, Reaching safepoint: 140100 ns, At safepoint: 8800 ns, Total: 148900 ns
[2020-10-05T09:53:28.245+0000][34308][safepoint    ] Safepoint "Cleanup", Time since last: 2000493600 ns, Reaching safepoint: 151800 ns, At safepoint: 8800 ns, Total: 160600 ns
[2020-10-05T09:53:29.246+0000][34308][safepoint    ] Safepoint "Cleanup", Time since last: 1000819200 ns, Reaching safepoint: 168900 ns, At safepoint: 8600 ns, Total: 177500 ns
[2020-10-05T09:53:30.247+0000][34308][safepoint    ] Safepoint "Cleanup", Time since last: 1000727300 ns, Reaching safepoint: 143500 ns, At safepoint: 8600 ns, Total: 152100 ns
[2020-10-05T09:53:31.248+0000][34308][safepoint    ] Safepoint "Cleanup", Time since last: 1000720600 ns, Reaching safepoint: 127700 ns, At safepoint: 8600 ns, Total: 136300 ns
[2020-10-05T09:53:32.248+0000][34308][safepoint    ] Safepoint "Cleanup", Time since last: 1000574600 ns, Reaching safepoint: 113000 ns, At safepoint: 7300 ns, Total: 120300 ns
[2020-10-05T09:53:33.249+0000][34308][safepoint    ] Safepoint "Cleanup", Time since last: 1000427800 ns, Reaching safepoint: 158200 ns, At safepoint: 8600 ns, Total: 166800 ns
[2020-10-05T09:53:35.250+0000][34308][safepoint    ] Safepoint "Cleanup", Time since last: 2000797700 ns, Reaching safepoint: 152200 ns, At safepoint: 9400 ns, Total: 161600 ns
[2020-10-05T09:53:36.250+0000][34308][safepoint    ] Safepoint "Cleanup", Time since last: 1000298500 ns, Reaching safepoint: 126800 ns, At safepoint: 8300 ns, Total: 135100 ns
[2020-10-05T09:53:37.250+0000][34308][safepoint    ] Safepoint "Cleanup", Time since last: 1000164800 ns, Reaching safepoint: 172100 ns, At safepoint: 8200 ns, Total: 180300 ns
[2020-10-05T09:53:38.251+0000][34308][safepoint    ] Safepoint "Cleanup", Time since last: 1000149300 ns, Reaching safepoint: 129400 ns, At safepoint: 4800 ns, Total: 134200 ns
[2020-10-05T09:53:39.251+0000][34308][safepoint    ] Safepoint "Cleanup", Time since last: 1000498000 ns, Reaching safepoint: 125000 ns, At safepoint: 5500 ns, Total: 130500 ns
[2020-10-05T09:53:40.252+0000][34308][safepoint    ] Safepoint "Cleanup", Time since last: 1000786900 ns, Reaching safepoint: 123200 ns, At safepoint: 5600 ns, Total: 128800 ns
[2020-10-05T09:53:41.253+0000][34308][safepoint    ] Safepoint "Cleanup", Time since last: 1000496500 ns, Reaching safepoint: 132800 ns, At safepoint: 4500 ns, Total: 137300 ns
[2020-10-05T09:53:42.253+0000][34308][safepoint    ] Safepoint "Cleanup", Time since last: 1000143700 ns, Reaching safepoint: 152000 ns, At safepoint: 10000 ns, Total: 162000 ns
[2020-10-05T09:53:43.254+0000][34308][safepoint    ] Safepoint "Cleanup", Time since last: 1000740000 ns, Reaching safepoint: 133800 ns, At safepoint: 9200 ns, Total: 143000 ns
[2020-10-05T09:53:44.254+0000][34308][safepoint    ] Safepoint "Cleanup", Time since last: 1000178600 ns, Reaching safepoint: 116000 ns, At safepoint: 4800 ns, Total: 120800 ns
[2020-10-05T09:53:45.255+0000][34308][safepoint    ] Safepoint "Cleanup", Time since last: 1000844600 ns, Reaching safepoint: 104600 ns, At safepoint: 5500 ns, Total: 110100 ns
[2020-10-05T09:53:46.256+0000][34308][safepoint    ] Safepoint "Cleanup", Time since last: 1000670000 ns, Reaching safepoint: 115300 ns, At safepoint: 4800 ns, Total: 120100 ns
[2020-10-05T09:53:47.257+0000][34308][safepoint    ] Safepoint "Cleanup", Time since last: 1000541000 ns, Reaching safepoint: 86300 ns, At safepoint: 4900 ns, Total: 91200 ns
[2020-10-05T09:53:48.257+0000][34308][safepoint    ] Safepoint "Cleanup", Time since last: 1000245600 ns, Reaching safepoint: 147700 ns, At safepoint: 4700 ns, Total: 152400 ns
[2020-10-05T09:53:49.257+0000][34308][safepoint    ] Safepoint "Cleanup", Time since last: 1000338900 ns, Reaching safepoint: 155600 ns, At safepoint: 8600 ns, Total: 164200 ns
[2020-10-05T09:53:50.258+0000][34308][safepoint    ] Safepoint "Cleanup", Time since last: 1000055400 ns, Reaching safepoint: 102000 ns, At safepoint: 7300 ns, Total: 109300 ns
[2020-10-05T09:53:52.252+0000][34308][safepoint    ] Safepoint "Cleanup", Time since last: 1993792300 ns, Reaching safepoint: 123100 ns, At safepoint: 6100 ns, Total: 129200 ns
[2020-10-05T09:53:53.252+0000][34308][safepoint    ] Safepoint "Cleanup", Time since last: 1000367200 ns, Reaching safepoint: 123700 ns, At safepoint: 5600 ns, Total: 129300 ns
[2020-10-05T09:53:54.252+0000][34308][safepoint    ] Safepoint "Cleanup", Time since last: 1000018100 ns, Reaching safepoint: 146300 ns, At safepoint: 7500 ns, Total: 153800 ns
[2020-10-05T09:53:55.253+0000][34308][safepoint    ] Safepoint "Cleanup", Time since last: 1000287400 ns, Reaching safepoint: 99500 ns, At safepoint: 7000 ns, Total: 106500 ns
[2020-10-05T09:53:56.253+0000][34308][safepoint    ] Safepoint "Cleanup", Time since last: 1000103600 ns, Reaching safepoint: 132600 ns, At safepoint: 7400 ns, Total: 140000 ns
[2020-10-05T09:53:57.253+0000][34308][safepoint    ] Safepoint "Cleanup", Time since last: 1000325500 ns, Reaching safepoint: 449600 ns, At safepoint: 10700 ns, Total: 460300 ns
[2020-10-05T09:53:58.254+0000][34308][safepoint    ] Safepoint "Cleanup", Time since last: 1000467200 ns, Reaching safepoint: 133400 ns, At safepoint: 8100 ns, Total: 141500 ns
[2020-10-05T09:53:59.255+0000][34308][safepoint    ] Safepoint "Cleanup", Time since last: 1000299300 ns, Reaching safepoint: 154600 ns, At safepoint: 8600 ns, Total: 163200 ns
[2020-10-05T09:54:00.255+0000][34308][safepoint    ] Safepoint "Cleanup", Time since last: 1000400200 ns, Reaching safepoint: 159800 ns, At safepoint: 27300 ns, Total: 187100 ns
[2020-10-05T09:54:01.256+0000][34308][safepoint    ] Safepoint "Cleanup", Time since last: 1000299000 ns, Reaching safepoint: 167800 ns, At safepoint: 8900 ns, Total: 176700 ns
[2020-10-05T09:54:03.256+0000][34308][safepoint    ] Safepoint "Cleanup", Time since last: 2000307100 ns, Reaching safepoint: 112900 ns, At safepoint: 5700 ns, Total: 118600 ns
[2020-10-05T09:54:04.256+0000][34308][safepoint    ] Safepoint "Cleanup", Time since last: 1000169800 ns, Reaching safepoint: 112000 ns, At safepoint: 8400 ns, Total: 120400 ns
[2020-10-05T09:54:05.257+0000][34308][safepoint    ] Safepoint "Cleanup", Time since last: 1000280400 ns, Reaching safepoint: 118800 ns, At safepoint: 6100 ns, Total: 124900 ns
[2020-10-05T09:54:07.257+0000][34308][safepoint    ] Safepoint "Cleanup", Time since last: 2000472600 ns, Reaching safepoint: 164200 ns, At safepoint: 4600 ns, Total: 168800 ns
[2020-10-05T09:54:08.258+0000][34308][safepoint    ] Safepoint "Cleanup", Time since last: 1000538500 ns, Reaching safepoint: 137400 ns, At safepoint: 5500 ns, Total: 142900 ns
[2020-10-05T09:54:09.259+0000][34308][safepoint    ] Safepoint "Cleanup", Time since last: 1000744300 ns, Reaching safepoint: 111000 ns, At safepoint: 5500 ns, Total: 116500 ns
[2020-10-05T09:54:11.260+0000][34308][safepoint    ] Safepoint "Cleanup", Time since last: 2000929500 ns, Reaching safepoint: 95200 ns, At safepoint: 2700 ns, Total: 97900 ns
[2020-10-05T09:54:12.261+0000][34308][safepoint    ] Safepoint "Cleanup", Time since last: 1000801600 ns, Reaching safepoint: 133800 ns, At safepoint: 6100 ns, Total: 139900 ns
[2020-10-05T09:54:13.261+0000][34308][safepoint    ] Safepoint "Cleanup", Time since last: 1000520700 ns, Reaching safepoint: 141700 ns, At safepoint: 5400 ns, Total: 147100 ns
[2020-10-05T09:54:14.262+0000][34308][safepoint    ] Safepoint "Cleanup", Time since last: 1000118400 ns, Reaching safepoint: 124800 ns, At safepoint: 5300 ns, Total: 130100 ns
[2020-10-05T09:54:15.262+0000][34308][safepoint    ] Safepoint "Cleanup", Time since last: 1000311300 ns, Reaching safepoint: 109200 ns, At safepoint: 4900 ns, Total: 114100 ns
[2020-10-05T09:54:16.262+0000][34308][safepoint    ] Safepoint "Cleanup", Time since last: 1000342800 ns, Reaching safepoint: 95800 ns, At safepoint: 4400 ns, Total: 100200 ns
[2020-10-05T09:54:17.263+0000][34308][safepoint    ] Safepoint "Cleanup", Time since last: 1000294400 ns, Reaching safepoint: 102400 ns, At safepoint: 5000 ns, Total: 107400 ns
[2020-10-05T09:54:18.264+0000][34308][safepoint    ] Safepoint "Cleanup", Time since last: 1000756900 ns, Reaching safepoint: 99600 ns, At safepoint: 5200 ns, Total: 104800 ns
[2020-10-05T09:54:19.264+0000][34308][safepoint    ] Safepoint "Cleanup", Time since last: 1000470800 ns, Reaching safepoint: 119700 ns, At safepoint: 5000 ns, Total: 124700 ns
[2020-10-05T09:54:20.265+0000][34308][safepoint    ] Safepoint "Cleanup", Time since last: 1000840400 ns, Reaching safepoint: 112800 ns, At safepoint: 5900 ns, Total: 118700 ns
[2020-10-05T09:54:21.265+0000][34308][safepoint    ] Safepoint "Cleanup", Time since last: 1000031400 ns, Reaching safepoint: 167100 ns, At safepoint: 4600 ns, Total: 171700 ns
[2020-10-05T09:54:22.266+0000][34308][safepoint    ] Safepoint "Cleanup", Time since last: 1000768100 ns, Reaching safepoint: 106300 ns, At safepoint: 3700 ns, Total: 110000 ns
[2020-10-05T09:54:23.267+0000][34308][safepoint    ] Safepoint "Cleanup", Time since last: 1000211400 ns, Reaching safepoint: 110500 ns, At safepoint: 5200 ns, Total: 115700 ns
[2020-10-05T09:54:24.267+0000][34308][safepoint    ] Safepoint "Cleanup", Time since last: 1000695200 ns, Reaching safepoint: 125000 ns, At safepoint: 7200 ns, Total: 132200 ns
[2020-10-05T09:54:25.268+0000][34308][safepoint    ] Safepoint "Cleanup", Time since last: 1000095900 ns, Reaching safepoint: 108100 ns, At safepoint: 19700 ns, Total: 127800 ns
[2020-10-05T09:54:27.268+0000][34308][safepoint    ] Safepoint "Cleanup", Time since last: 2000602000 ns, Reaching safepoint: 122000 ns, At safepoint: 3000 ns, Total: 125000 ns
[2020-10-05T09:54:28.269+0000][34308][safepoint    ] Safepoint "Cleanup", Time since last: 1000365000 ns, Reaching safepoint: 96000 ns, At safepoint: 4500 ns, Total: 100500 ns
[2020-10-05T09:54:30.269+0000][34308][safepoint    ] Safepoint "Cleanup", Time since last: 2000123400 ns, Reaching safepoint: 95300 ns, At safepoint: 5000 ns, Total: 100300 ns
[2020-10-05T09:54:31.269+0000][34308][safepoint    ] Safepoint "Cleanup", Time since last: 1000372300 ns, Reaching safepoint: 106400 ns, At safepoint: 3800 ns, Total: 110200 ns
[2020-10-05T09:54:32.270+0000][34308][safepoint    ] Safepoint "Cleanup", Time since last: 1000243100 ns, Reaching safepoint: 131800 ns, At safepoint: 4500 ns, Total: 136300 ns
[2020-10-05T09:54:33.270+0000][34308][safepoint    ] Safepoint "Cleanup", Time since last: 1000085800 ns, Reaching safepoint: 100500 ns, At safepoint: 4800 ns, Total: 105300 ns
[2020-10-05T09:54:35.271+0000][34308][safepoint    ] Safepoint "Cleanup", Time since last: 2000560200 ns, Reaching safepoint: 112300 ns, At safepoint: 6100 ns, Total: 118400 ns
[2020-10-05T09:54:36.272+0000][34308][safepoint    ] Safepoint "Cleanup", Time since last: 1000835300 ns, Reaching safepoint: 99300 ns, At safepoint: 2500 ns, Total: 101800 ns
[2020-10-05T09:54:37.272+0000][34308][safepoint    ] Safepoint "Cleanup", Time since last: 1000767000 ns, Reaching safepoint: 104100 ns, At safepoint: 7300 ns, Total: 111400 ns
[2020-10-05T09:54:38.273+0000][34308][safepoint    ] Safepoint "Cleanup", Time since last: 1000754500 ns, Reaching safepoint: 107900 ns, At safepoint: 5100 ns, Total: 113000 ns
[2020-10-05T09:54:39.274+0000][34308][safepoint    ] Safepoint "Cleanup", Time since last: 1000318400 ns, Reaching safepoint: 117500 ns, At safepoint: 5300 ns, Total: 122800 ns
[2020-10-05T09:54:40.274+0000][34308][safepoint    ] Safepoint "Cleanup", Time since last: 1000626300 ns, Reaching safepoint: 109900 ns, At safepoint: 4700 ns, Total: 114600 ns
[2020-10-05T09:54:42.275+0000][34308][safepoint    ] Safepoint "Cleanup", Time since last: 2000339300 ns, Reaching safepoint: 87200 ns, At safepoint: 4600 ns, Total: 91800 ns
[2020-10-05T09:54:43.275+0000][34308][safepoint    ] Safepoint "Cleanup", Time since last: 1000050700 ns, Reaching safepoint: 134200 ns, At safepoint: 6200 ns, Total: 140400 ns
[2020-10-05T09:54:44.276+0000][34308][safepoint    ] Safepoint "Cleanup", Time since last: 1000519200 ns, Reaching safepoint: 92500 ns, At safepoint: 2800 ns, Total: 95300 ns
[2020-10-05T09:54:45.276+0000][34308][safepoint    ] Safepoint "Cleanup", Time since last: 1000497800 ns, Reaching safepoint: 167900 ns, At safepoint: 6700 ns, Total: 174600 ns
[2020-10-05T09:54:46.277+0000][34308][safepoint    ] Safepoint "Cleanup", Time since last: 1000586100 ns, Reaching safepoint: 123200 ns, At safepoint: 5200 ns, Total: 128400 ns
[2020-10-05T09:54:47.278+0000][34308][safepoint    ] Safepoint "Cleanup", Time since last: 1000794000 ns, Reaching safepoint: 106800 ns, At safepoint: 4900 ns, Total: 111700 ns
[2020-10-05T09:54:49.278+0000][34308][safepoint    ] Safepoint "Cleanup", Time since last: 2000020900 ns, Reaching safepoint: 101800 ns, At safepoint: 5400 ns, Total: 107200 ns
[2020-10-05T09:54:50.278+0000][34308][safepoint    ] Safepoint "Cleanup", Time since last: 1000373200 ns, Reaching safepoint: 102700 ns, At safepoint: 6100 ns, Total: 108800 ns
[2020-10-05T09:54:51.279+0000][34308][safepoint    ] Safepoint "Cleanup", Time since last: 1000522300 ns, Reaching safepoint: 145100 ns, At safepoint: 5900 ns, Total: 151000 ns
[2020-10-05T09:54:52.280+0000][34308][safepoint    ] Safepoint "Cleanup", Time since last: 1000486100 ns, Reaching safepoint: 145800 ns, At safepoint: 7900 ns, Total: 153700 ns
[2020-10-05T09:54:54.280+0000][34308][safepoint    ] Safepoint "Cleanup", Time since last: 2000094700 ns, Reaching safepoint: 110800 ns, At safepoint: 4000 ns, Total: 114800 ns
[2020-10-05T09:54:56.281+0000][34308][safepoint    ] Safepoint "Cleanup", Time since last: 2000877800 ns, Reaching safepoint: 84200 ns, At safepoint: 3000 ns, Total: 87200 ns
[2020-10-05T09:54:57.282+0000][34308][safepoint    ] Safepoint "Cleanup", Time since last: 1000845700 ns, Reaching safepoint: 103900 ns, At safepoint: 5700 ns, Total: 109600 ns
[2020-10-05T09:54:58.282+0000][34308][safepoint    ] Safepoint "Cleanup", Time since last: 1000213900 ns, Reaching safepoint: 122700 ns, At safepoint: 4300 ns, Total: 127000 ns
[2020-10-05T09:54:59.283+0000][34308][safepoint    ] Safepoint "Cleanup", Time since last: 1000699300 ns, Reaching safepoint: 108200 ns, At safepoint: 5300 ns, Total: 113500 ns
[2020-10-05T09:55:00.283+0000][34308][safepoint    ] Safepoint "Cleanup", Time since last: 1000435800 ns, Reaching safepoint: 106400 ns, At safepoint: 4700 ns, Total: 111100 ns
[2020-10-05T09:55:01.284+0000][34308][safepoint    ] Safepoint "Cleanup", Time since last: 1000270100 ns, Reaching safepoint: 149500 ns, At safepoint: 20200 ns, Total: 169700 ns
[2020-10-05T09:55:02.285+0000][34308][safepoint    ] Safepoint "Cleanup", Time since last: 1000798500 ns, Reaching safepoint: 125200 ns, At safepoint: 7400 ns, Total: 132600 ns
[2020-10-05T09:55:03.285+0000][34308][safepoint    ] Safepoint "Cleanup", Time since last: 1000172700 ns, Reaching safepoint: 105600 ns, At safepoint: 4800 ns, Total: 110400 ns
[2020-10-05T09:55:04.286+0000][34308][safepoint    ] Safepoint "Cleanup", Time since last: 1000644600 ns, Reaching safepoint: 127900 ns, At safepoint: 4800 ns, Total: 132700 ns
[2020-10-05T09:55:05.286+0000][34308][safepoint    ] Safepoint "Cleanup", Time since last: 1000349400 ns, Reaching safepoint: 154100 ns, At safepoint: 6800 ns, Total: 160900 ns
[2020-10-05T09:55:06.286+0000][34308][safepoint    ] Safepoint "Cleanup", Time since last: 1000146500 ns, Reaching safepoint: 106500 ns, At safepoint: 5100 ns, Total: 111600 ns
[2020-10-05T09:55:07.287+0000][34308][safepoint    ] Safepoint "Cleanup", Time since last: 1000280600 ns, Reaching safepoint: 108400 ns, At safepoint: 6200 ns, Total: 114600 ns
[2020-10-05T09:55:08.287+0000][34308][safepoint    ] Safepoint "Cleanup", Time since last: 1000166800 ns, Reaching safepoint: 102900 ns, At safepoint: 5400 ns, Total: 108300 ns
[2020-10-05T09:55:09.288+0000][34308][safepoint    ] Safepoint "Cleanup", Time since last: 1000723500 ns, Reaching safepoint: 108200 ns, At safepoint: 13000 ns, Total: 121200 ns
[2020-10-05T09:55:10.288+0000][34308][safepoint    ] Safepoint "Cleanup", Time since last: 1000028800 ns, Reaching safepoint: 107900 ns, At safepoint: 4500 ns, Total: 112400 ns
[2020-10-05T09:55:11.289+0000][34308][safepoint    ] Safepoint "Cleanup", Time since last: 1000684800 ns, Reaching safepoint: 108500 ns, At safepoint: 4900 ns, Total: 113400 ns
[2020-10-05T09:55:12.289+0000][34308][safepoint    ] Safepoint "Cleanup", Time since last: 1000562300 ns, Reaching safepoint: 131800 ns, At safepoint: 4700 ns, Total: 136500 ns
[2020-10-05T09:55:13.290+0000][34308][safepoint    ] Safepoint "Cleanup", Time since last: 1000742600 ns, Reaching safepoint: 97800 ns, At safepoint: 4800 ns, Total: 102600 ns
[2020-10-05T09:55:14.291+0000][34308][safepoint    ] Safepoint "Cleanup", Time since last: 1000249300 ns, Reaching safepoint: 118600 ns, At safepoint: 4500 ns, Total: 123100 ns
[2020-10-05T09:55:15.291+0000][34308][safepoint    ] Safepoint "Cleanup", Time since last: 1000648400 ns, Reaching safepoint: 123700 ns, At safepoint: 4500 ns, Total: 128200 ns
[2020-10-05T09:55:17.292+0000][34308][safepoint    ] Safepoint "Cleanup", Time since last: 2000753400 ns, Reaching safepoint: 114300 ns, At safepoint: 4700 ns, Total: 119000 ns
[2020-10-05T09:55:18.293+0000][34308][safepoint    ] Safepoint "Cleanup", Time since last: 1000816100 ns, Reaching safepoint: 151000 ns, At safepoint: 9100 ns, Total: 160100 ns
[2020-10-05T09:55:19.294+0000][34308][safepoint    ] Safepoint "Cleanup", Time since last: 1000756000 ns, Reaching safepoint: 113600 ns, At safepoint: 4600 ns, Total: 118200 ns
[2020-10-05T09:55:20.295+0000][34308][safepoint    ] Safepoint "Cleanup", Time since last: 1000469200 ns, Reaching safepoint: 105200 ns, At safepoint: 2600 ns, Total: 107800 ns
[2020-10-05T09:55:21.295+0000][34308][safepoint    ] Safepoint "Cleanup", Time since last: 1000042400 ns, Reaching safepoint: 104600 ns, At safepoint: 5200 ns, Total: 109800 ns
[2020-10-05T09:55:22.295+0000][34308][safepoint    ] Safepoint "Cleanup", Time since last: 1000058600 ns, Reaching safepoint: 95500 ns, At safepoint: 4400 ns, Total: 99900 ns
[2020-10-05T09:55:24.296+0000][34308][safepoint    ] Safepoint "Cleanup", Time since last: 2000494700 ns, Reaching safepoint: 101700 ns, At safepoint: 4900 ns, Total: 106600 ns
[2020-10-05T09:55:26.296+0000][34308][safepoint    ] Safepoint "Cleanup", Time since last: 2000049700 ns, Reaching safepoint: 125800 ns, At safepoint: 5400 ns, Total: 131200 ns
[2020-10-05T09:55:27.296+0000][34308][safepoint    ] Safepoint "Cleanup", Time since last: 1000439300 ns, Reaching safepoint: 129900 ns, At safepoint: 5100 ns, Total: 135000 ns
[2020-10-05T09:55:29.294+0000][34308][safepoint    ] Safepoint "Cleanup", Time since last: 1997249300 ns, Reaching safepoint: 111600 ns, At safepoint: 53200 ns, Total: 164800 ns
[2020-10-05T09:55:30.295+0000][34308][safepoint    ] Safepoint "Cleanup", Time since last: 1001701000 ns, Reaching safepoint: 111600 ns, At safepoint: 6900 ns, Total: 118500 ns
[2020-10-05T09:55:31.296+0000][34308][safepoint    ] Safepoint "Cleanup", Time since last: 1000082200 ns, Reaching safepoint: 101700 ns, At safepoint: 4900 ns, Total: 106600 ns
[2020-10-05T09:55:32.296+0000][34308][safepoint    ] Safepoint "Cleanup", Time since last: 1000166200 ns, Reaching safepoint: 129700 ns, At safepoint: 6000 ns, Total: 135700 ns
[2020-10-05T09:55:33.297+0000][34308][safepoint    ] Safepoint "Cleanup", Time since last: 1000830300 ns, Reaching safepoint: 127700 ns, At safepoint: 6200 ns, Total: 133900 ns
[2020-10-05T09:55:34.298+0000][34308][safepoint    ] Safepoint "Cleanup", Time since last: 1000730800 ns, Reaching safepoint: 130500 ns, At safepoint: 4900 ns, Total: 135400 ns
[2020-10-05T09:55:35.298+0000][34308][safepoint    ] Safepoint "Cleanup", Time since last: 1000522900 ns, Reaching safepoint: 123800 ns, At safepoint: 6400 ns, Total: 130200 ns
[2020-10-05T09:55:36.299+0000][34308][safepoint    ] Safepoint "Cleanup", Time since last: 1000299200 ns, Reaching safepoint: 103500 ns, At safepoint: 6300 ns, Total: 109800 ns
[2020-10-05T09:55:37.300+0000][34308][safepoint    ] Safepoint "Cleanup", Time since last: 1000835900 ns, Reaching safepoint: 115600 ns, At safepoint: 4200 ns, Total: 119800 ns
[2020-10-05T09:55:38.300+0000][34308][safepoint    ] Safepoint "Cleanup", Time since last: 1000205800 ns, Reaching safepoint: 110100 ns, At safepoint: 5000 ns, Total: 115100 ns
[2020-10-05T09:55:39.301+0000][34308][safepoint    ] Safepoint "Cleanup", Time since last: 1000723600 ns, Reaching safepoint: 121700 ns, At safepoint: 5700 ns, Total: 127400 ns
[2020-10-05T09:55:40.301+0000][34308][safepoint    ] Safepoint "Cleanup", Time since last: 1000208300 ns, Reaching safepoint: 99000 ns, At safepoint: 5100 ns, Total: 104100 ns
[2020-10-05T09:55:41.301+0000][34308][safepoint    ] Safepoint "Cleanup", Time since last: 1000095500 ns, Reaching safepoint: 138300 ns, At safepoint: 5200 ns, Total: 143500 ns
[2020-10-05T09:55:42.302+0000][34308][safepoint    ] Safepoint "Cleanup", Time since last: 1000251700 ns, Reaching safepoint: 134600 ns, At safepoint: 4900 ns, Total: 139500 ns
[2020-10-05T09:55:43.303+0000][34308][safepoint    ] Safepoint "Cleanup", Time since last: 1000713300 ns, Reaching safepoint: 127700 ns, At safepoint: 4700 ns, Total: 132400 ns
[2020-10-05T09:55:44.303+0000][34308][safepoint    ] Safepoint "Cleanup", Time since last: 1000808600 ns, Reaching safepoint: 98700 ns, At safepoint: 5200 ns, Total: 103900 ns
[2020-10-05T09:55:46.304+0000][34308][safepoint    ] Safepoint "Cleanup", Time since last: 2000613000 ns, Reaching safepoint: 117200 ns, At safepoint: 5100 ns, Total: 122300 ns
[2020-10-05T09:55:47.305+0000][34308][safepoint    ] Safepoint "Cleanup", Time since last: 1000630500 ns, Reaching safepoint: 94900 ns, At safepoint: 6900 ns, Total: 101800 ns
[2020-10-05T09:55:48.305+0000][34308][safepoint    ] Safepoint "Cleanup", Time since last: 1000023700 ns, Reaching safepoint: 148700 ns, At safepoint: 5100 ns, Total: 153800 ns
[2020-10-05T09:55:49.306+0000][34308][safepoint    ] Safepoint "Cleanup", Time since last: 1000386500 ns, Reaching safepoint: 104500 ns, At safepoint: 2600 ns, Total: 107100 ns
[2020-10-05T09:55:50.306+0000][34308][safepoint    ] Safepoint "Cleanup", Time since last: 1000815100 ns, Reaching safepoint: 106200 ns, At safepoint: 6800 ns, Total: 113000 ns
[2020-10-05T09:55:52.258+0000][34308][safepoint    ] Safepoint "Cleanup", Time since last: 1951201900 ns, Reaching safepoint: 102500 ns, At safepoint: 6800 ns, Total: 109300 ns
[2020-10-05T09:55:54.259+0000][34308][safepoint    ] Safepoint "Cleanup", Time since last: 2000877600 ns, Reaching safepoint: 114500 ns, At safepoint: 5200 ns, Total: 119700 ns
[2020-10-05T09:55:55.259+0000][34308][safepoint    ] Safepoint "Cleanup", Time since last: 1000598000 ns, Reaching safepoint: 102200 ns, At safepoint: 3100 ns, Total: 105300 ns
[2020-10-05T09:55:57.260+0000][34308][safepoint    ] Safepoint "Cleanup", Time since last: 2000411200 ns, Reaching safepoint: 120000 ns, At safepoint: 6200 ns, Total: 126200 ns
[2020-10-05T09:55:58.260+0000][34308][safepoint    ] Safepoint "Cleanup", Time since last: 1000334700 ns, Reaching safepoint: 103600 ns, At safepoint: 5900 ns, Total: 109500 ns
[2020-10-05T09:56:00.261+0000][34308][safepoint    ] Safepoint "Cleanup", Time since last: 2000285800 ns, Reaching safepoint: 116600 ns, At safepoint: 6900 ns, Total: 123500 ns
[2020-10-05T09:56:01.261+0000][34308][safepoint    ] Safepoint "Cleanup", Time since last: 1000243400 ns, Reaching safepoint: 150000 ns, At safepoint: 9200 ns, Total: 159200 ns
[2020-10-05T09:56:02.261+0000][34308][safepoint    ] Safepoint "Cleanup", Time since last: 1000239000 ns, Reaching safepoint: 123600 ns, At safepoint: 8100 ns, Total: 131700 ns
[2020-10-05T09:57:09.542+0000][34308][safepoint    ] Safepoint "Cleanup", Time since last: 67281940200 ns, Reaching safepoint: 127800 ns, At safepoint: 16700 ns, Total: 144500 ns
[2020-10-05T09:57:09.581+0000][34308][safepoint    ] Safepoint "BulkRevokeBias", Time since last: 36331700 ns, Reaching safepoint: 824400 ns, At safepoint: 2214900 ns, Total: 3039300 ns
[2020-10-05T09:57:10.055+0000][34308][safepoint    ] Safepoint "BulkRevokeBias", Time since last: 472330300 ns, Reaching safepoint: 214300 ns, At safepoint: 826200 ns, Total: 1040500 ns
[2020-10-05T09:57:11.192+0000][34308][safepoint    ] Safepoint "Cleanup", Time since last: 1136930200 ns, Reaching safepoint: 155300 ns, At safepoint: 9300 ns, Total: 164600 ns
[2020-10-05T09:58:22.225+0000][34308][safepoint    ] Safepoint "Cleanup", Time since last: 71033844100 ns, Reaching safepoint: 158600 ns, At safepoint: 5800 ns, Total: 164400 ns
[2020-10-05T09:59:38.265+0000][34308][safepoint    ] Safepoint "Cleanup", Time since last: 76040492300 ns, Reaching safepoint: 107300 ns, At safepoint: 3700 ns, Total: 111000 ns
[2020-10-05T09:59:40.266+0000][34308][safepoint    ] Safepoint "Cleanup", Time since last: 2000811600 ns, Reaching safepoint: 104300 ns, At safepoint: 4000 ns, Total: 108300 ns
[2020-10-05T09:59:41.267+0000][34308][safepoint    ] Safepoint "Cleanup", Time since last: 1000870200 ns, Reaching safepoint: 118200 ns, At safepoint: 6600 ns, Total: 124800 ns
[2020-10-05T09:59:42.267+0000][34308][safepoint    ] Safepoint "Cleanup", Time since last: 1000130500 ns, Reaching safepoint: 146300 ns, At safepoint: 8200 ns, Total: 154500 ns
[2020-10-05T09:59:43.268+0000][34308][safepoint    ] Safepoint "Cleanup", Time since last: 1000612400 ns, Reaching safepoint: 141800 ns, At safepoint: 7000 ns, Total: 148800 ns
[2020-10-05T09:59:44.268+0000][34308][safepoint    ] Safepoint "Cleanup", Time since last: 1000061800 ns, Reaching safepoint: 108700 ns, At safepoint: 8900 ns, Total: 117600 ns
[2020-10-05T09:59:45.268+0000][34308][safepoint    ] Safepoint "Cleanup", Time since last: 1000017500 ns, Reaching safepoint: 124000 ns, At safepoint: 6900 ns, Total: 130900 ns
[2020-10-05T09:59:46.269+0000][34308][safepoint    ] Safepoint "Cleanup", Time since last: 1000632100 ns, Reaching safepoint: 216900 ns, At safepoint: 8900 ns, Total: 225800 ns
[2020-10-05T09:59:47.270+0000][34308][safepoint    ] Safepoint "Cleanup", Time since last: 1000691300 ns, Reaching safepoint: 131400 ns, At safepoint: 7200 ns, Total: 138600 ns
[2020-10-05T09:59:48.271+0000][34308][safepoint    ] Safepoint "Cleanup", Time since last: 1000589600 ns, Reaching safepoint: 122600 ns, At safepoint: 6600 ns, Total: 129200 ns
[2020-10-05T09:59:49.271+0000][34308][safepoint    ] Safepoint "Cleanup", Time since last: 1000262200 ns, Reaching safepoint: 166500 ns, At safepoint: 8900 ns, Total: 175400 ns
[2020-10-05T09:59:51.271+0000][34308][safepoint    ] Safepoint "Cleanup", Time since last: 2000047800 ns, Reaching safepoint: 111500 ns, At safepoint: 23400 ns, Total: 134900 ns
[2020-10-05T09:59:52.272+0000][34308][safepoint    ] Safepoint "Cleanup", Time since last: 1000764700 ns, Reaching safepoint: 119800 ns, At safepoint: 6200 ns, Total: 126000 ns
[2020-10-05T09:59:53.272+0000][34308][safepoint    ] Safepoint "Cleanup", Time since last: 1000317700 ns, Reaching safepoint: 121800 ns, At safepoint: 8400 ns, Total: 130200 ns
[2020-10-05T09:59:54.273+0000][34308][safepoint    ] Safepoint "Cleanup", Time since last: 1000698200 ns, Reaching safepoint: 113500 ns, At safepoint: 5100 ns, Total: 118600 ns
[2020-10-05T09:59:55.274+0000][34308][safepoint    ] Safepoint "Cleanup", Time since last: 1000510000 ns, Reaching safepoint: 99500 ns, At safepoint: 3000 ns, Total: 102500 ns
[2020-10-05T09:59:57.275+0000][34308][safepoint    ] Safepoint "Cleanup", Time since last: 2000928500 ns, Reaching safepoint: 120900 ns, At safepoint: 7000 ns, Total: 127900 ns
[2020-10-05T09:59:58.275+0000][34308][safepoint    ] Safepoint "Cleanup", Time since last: 1000003000 ns, Reaching safepoint: 150500 ns, At safepoint: 5000 ns, Total: 155500 ns
[2020-10-05T09:59:59.275+0000][34308][safepoint    ] Safepoint "Cleanup", Time since last: 1000143600 ns, Reaching safepoint: 130500 ns, At safepoint: 5900 ns, Total: 136400 ns
[2020-10-05T10:00:00.276+0000][34308][safepoint    ] Safepoint "Cleanup", Time since last: 1000097000 ns, Reaching safepoint: 166800 ns, At safepoint: 20300 ns, Total: 187100 ns
[2020-10-05T10:00:01.276+0000][34308][safepoint    ] Safepoint "Cleanup", Time since last: 1000053200 ns, Reaching safepoint: 145800 ns, At safepoint: 18500 ns, Total: 164300 ns
[2020-10-05T10:00:03.277+0000][34308][safepoint    ] Safepoint "Cleanup", Time since last: 2000752400 ns, Reaching safepoint: 146200 ns, At safepoint: 8000 ns, Total: 154200 ns
[2020-10-05T10:00:04.277+0000][34308][safepoint    ] Safepoint "Cleanup", Time since last: 1000022000 ns, Reaching safepoint: 140300 ns, At safepoint: 6800 ns, Total: 147100 ns
[2020-10-05T10:00:05.277+0000][34308][safepoint    ] Safepoint "Cleanup", Time since last: 1000070900 ns, Reaching safepoint: 130500 ns, At safepoint: 5800 ns, Total: 136300 ns
[2020-10-05T10:00:06.277+0000][34308][safepoint    ] Safepoint "Cleanup", Time since last: 1000082300 ns, Reaching safepoint: 114800 ns, At safepoint: 4700 ns, Total: 119500 ns
[2020-10-05T10:00:08.278+0000][34308][safepoint    ] Safepoint "Cleanup", Time since last: 2000828900 ns, Reaching safepoint: 103900 ns, At safepoint: 3400 ns, Total: 107300 ns
[2020-10-05T10:00:09.279+0000][34308][safepoint    ] Safepoint "Cleanup", Time since last: 1000615600 ns, Reaching safepoint: 100900 ns, At safepoint: 5000 ns, Total: 105900 ns
[2020-10-05T10:00:10.280+0000][34308][safepoint    ] Safepoint "Cleanup", Time since last: 1000767400 ns, Reaching safepoint: 91500 ns, At safepoint: 5600 ns, Total: 97100 ns
[2020-10-05T10:00:12.281+0000][34308][safepoint    ] Safepoint "Cleanup", Time since last: 2000799600 ns, Reaching safepoint: 110500 ns, At safepoint: 4800 ns, Total: 115300 ns
[2020-10-05T10:00:13.281+0000][34308][safepoint    ] Safepoint "Cleanup", Time since last: 1000728000 ns, Reaching safepoint: 124200 ns, At safepoint: 8200 ns, Total: 132400 ns
[2020-10-05T10:00:14.282+0000][34308][safepoint    ] Safepoint "Cleanup", Time since last: 1000024800 ns, Reaching safepoint: 135600 ns, At safepoint: 5700 ns, Total: 141300 ns
[2020-10-05T10:00:16.282+0000][34308][safepoint    ] Safepoint "Cleanup", Time since last: 2000273700 ns, Reaching safepoint: 143700 ns, At safepoint: 5600 ns, Total: 149300 ns
[2020-10-05T10:00:17.282+0000][34308][safepoint    ] Safepoint "Cleanup", Time since last: 1000329200 ns, Reaching safepoint: 136400 ns, At safepoint: 8500 ns, Total: 144900 ns
[2020-10-05T10:00:18.283+0000][34308][safepoint    ] Safepoint "Cleanup", Time since last: 1000815800 ns, Reaching safepoint: 168900 ns, At safepoint: 9300 ns, Total: 178200 ns
[2020-10-05T10:00:19.284+0000][34308][safepoint    ] Safepoint "Cleanup", Time since last: 1000365300 ns, Reaching safepoint: 140300 ns, At safepoint: 9500 ns, Total: 149800 ns
[2020-10-05T10:00:20.284+0000][34308][safepoint    ] Safepoint "Cleanup", Time since last: 1000365400 ns, Reaching safepoint: 165400 ns, At safepoint: 9800 ns, Total: 175200 ns
[2020-10-05T10:00:21.285+0000][34308][safepoint    ] Safepoint "Cleanup", Time since last: 1000218700 ns, Reaching safepoint: 293500 ns, At safepoint: 27100 ns, Total: 320600 ns
[2020-10-05T10:00:22.294+0000][34308][safepoint    ] Safepoint "Cleanup", Time since last: 1009283500 ns, Reaching safepoint: 143700 ns, At safepoint: 9800 ns, Total: 153500 ns
[2020-10-05T10:00:24.295+0000][34308][safepoint    ] Safepoint "Cleanup", Time since last: 2000927800 ns, Reaching safepoint: 131400 ns, At safepoint: 9200 ns, Total: 140600 ns
[2020-10-05T10:00:25.296+0000][34308][safepoint    ] Safepoint "Cleanup", Time since last: 1000142400 ns, Reaching safepoint: 169700 ns, At safepoint: 7800 ns, Total: 177500 ns
[2020-10-05T10:00:26.296+0000][34308][safepoint    ] Safepoint "Cleanup", Time since last: 1000397400 ns, Reaching safepoint: 127200 ns, At safepoint: 7500 ns, Total: 134700 ns
[2020-10-05T10:00:28.297+0000][34308][safepoint    ] Safepoint "Cleanup", Time since last: 2000800800 ns, Reaching safepoint: 159300 ns, At safepoint: 8400 ns, Total: 167700 ns
[2020-10-05T10:00:30.298+0000][34308][safepoint    ] Safepoint "Cleanup", Time since last: 2000805500 ns, Reaching safepoint: 139100 ns, At safepoint: 8600 ns, Total: 147700 ns
[2020-10-05T10:00:31.298+0000][34308][safepoint    ] Safepoint "Cleanup", Time since last: 1000028900 ns, Reaching safepoint: 121300 ns, At safepoint: 8500 ns, Total: 129800 ns
[2020-10-05T10:00:32.299+0000][34308][safepoint    ] Safepoint "Cleanup", Time since last: 1000796500 ns, Reaching safepoint: 116900 ns, At safepoint: 7200 ns, Total: 124100 ns
[2020-10-05T10:00:33.300+0000][34308][safepoint    ] Safepoint "Cleanup", Time since last: 1000741500 ns, Reaching safepoint: 144800 ns, At safepoint: 10400 ns, Total: 155200 ns
[2020-10-05T10:00:34.300+0000][34308][safepoint    ] Safepoint "Cleanup", Time since last: 1000185200 ns, Reaching safepoint: 126600 ns, At safepoint: 6700 ns, Total: 133300 ns
[2020-10-05T10:00:35.301+0000][34308][safepoint    ] Safepoint "Cleanup", Time since last: 1000451700 ns, Reaching safepoint: 122400 ns, At safepoint: 9800 ns, Total: 132200 ns
[2020-10-05T10:00:36.302+0000][34308][safepoint    ] Safepoint "Cleanup", Time since last: 1000706500 ns, Reaching safepoint: 145000 ns, At safepoint: 6000 ns, Total: 151000 ns
[2020-10-05T10:00:37.302+0000][34308][safepoint    ] Safepoint "Cleanup", Time since last: 1000273300 ns, Reaching safepoint: 129200 ns, At safepoint: 9200 ns, Total: 138400 ns
[2020-10-05T10:00:39.302+0000][34308][safepoint    ] Safepoint "Cleanup", Time since last: 1999997900 ns, Reaching safepoint: 138600 ns, At safepoint: 7400 ns, Total: 146000 ns
[2020-10-05T10:00:40.303+0000][34308][safepoint    ] Safepoint "Cleanup", Time since last: 1000509300 ns, Reaching safepoint: 130000 ns, At safepoint: 8900 ns, Total: 138900 ns
[2020-10-05T10:00:41.303+0000][34308][safepoint    ] Safepoint "Cleanup", Time since last: 1000041100 ns, Reaching safepoint: 122300 ns, At safepoint: 11500 ns, Total: 133800 ns
[2020-10-05T10:00:42.304+0000][34308][safepoint    ] Safepoint "Cleanup", Time since last: 1000676300 ns, Reaching safepoint: 171900 ns, At safepoint: 7300 ns, Total: 179200 ns
[2020-10-05T10:00:43.305+0000][34308][safepoint    ] Safepoint "Cleanup", Time since last: 1000637900 ns, Reaching safepoint: 139300 ns, At safepoint: 10300 ns, Total: 149600 ns
[2020-10-05T10:00:44.305+0000][34308][safepoint    ] Safepoint "Cleanup", Time since last: 1000275200 ns, Reaching safepoint: 111200 ns, At safepoint: 3600 ns, Total: 114800 ns
[2020-10-05T10:00:46.305+0000][34308][safepoint    ] Safepoint "Cleanup", Time since last: 1999946300 ns, Reaching safepoint: 119500 ns, At safepoint: 9000 ns, Total: 128500 ns
[2020-10-05T10:00:47.305+0000][34308][safepoint    ] Safepoint "Cleanup", Time since last: 1000056200 ns, Reaching safepoint: 136100 ns, At safepoint: 10300 ns, Total: 146400 ns
[2020-10-05T10:00:48.306+0000][34308][safepoint    ] Safepoint "Cleanup", Time since last: 1000055900 ns, Reaching safepoint: 189400 ns, At safepoint: 10500 ns, Total: 199900 ns
[2020-10-05T10:00:49.306+0000][34308][safepoint    ] Safepoint "Cleanup", Time since last: 1000461300 ns, Reaching safepoint: 146600 ns, At safepoint: 20400 ns, Total: 167000 ns
[2020-10-05T10:00:50.307+0000][34308][safepoint    ] Safepoint "Cleanup", Time since last: 1000799800 ns, Reaching safepoint: 150900 ns, At safepoint: 5200 ns, Total: 156100 ns
[2020-10-05T10:00:52.295+0000][34308][safepoint    ] Safepoint "Cleanup", Time since last: 1987770600 ns, Reaching safepoint: 133500 ns, At safepoint: 12600 ns, Total: 146100 ns
[2020-10-05T10:00:53.296+0000][34308][safepoint    ] Safepoint "Cleanup", Time since last: 1000770900 ns, Reaching safepoint: 145500 ns, At safepoint: 8200 ns, Total: 153700 ns
[2020-10-05T10:00:54.297+0000][34308][safepoint    ] Safepoint "Cleanup", Time since last: 1000370900 ns, Reaching safepoint: 131600 ns, At safepoint: 9800 ns, Total: 141400 ns
[2020-10-05T10:00:55.297+0000][34308][safepoint    ] Safepoint "Cleanup", Time since last: 1000724900 ns, Reaching safepoint: 147700 ns, At safepoint: 9400 ns, Total: 157100 ns
[2020-10-05T10:00:56.298+0000][34308][safepoint    ] Safepoint "Cleanup", Time since last: 1000682300 ns, Reaching safepoint: 152200 ns, At safepoint: 9300 ns, Total: 161500 ns
[2020-10-05T10:00:57.299+0000][34308][safepoint    ] Safepoint "Cleanup", Time since last: 1000163900 ns, Reaching safepoint: 141000 ns, At safepoint: 8500 ns, Total: 149500 ns
[2020-10-05T10:00:58.299+0000][34308][safepoint    ] Safepoint "Cleanup", Time since last: 1000594900 ns, Reaching safepoint: 162500 ns, At safepoint: 7500 ns, Total: 170000 ns
[2020-10-05T10:00:59.300+0000][34308][safepoint    ] Safepoint "Cleanup", Time since last: 1000399100 ns, Reaching safepoint: 150000 ns, At safepoint: 9200 ns, Total: 159200 ns
[2020-10-05T10:01:00.301+0000][34308][safepoint    ] Safepoint "Cleanup", Time since last: 1000742700 ns, Reaching safepoint: 110200 ns, At safepoint: 8800 ns, Total: 119000 ns
[2020-10-05T10:01:01.301+0000][34308][safepoint    ] Safepoint "Cleanup", Time since last: 1000039600 ns, Reaching safepoint: 122300 ns, At safepoint: 25400 ns, Total: 147700 ns
[2020-10-05T10:01:02.301+0000][34308][safepoint    ] Safepoint "Cleanup", Time since last: 1000346300 ns, Reaching safepoint: 136700 ns, At safepoint: 6900 ns, Total: 143600 ns
[2020-10-05T10:01:03.302+0000][34308][safepoint    ] Safepoint "Cleanup", Time since last: 1000293400 ns, Reaching safepoint: 131600 ns, At safepoint: 5500 ns, Total: 137100 ns
[2020-10-05T10:01:04.303+0000][34308][safepoint    ] Safepoint "Cleanup", Time since last: 1000797000 ns, Reaching safepoint: 129800 ns, At safepoint: 6000 ns, Total: 135800 ns
[2020-10-05T10:01:05.303+0000][34308][safepoint    ] Safepoint "Cleanup", Time since last: 1000591200 ns, Reaching safepoint: 138800 ns, At safepoint: 10400 ns, Total: 149200 ns
[2020-10-05T10:01:06.304+0000][34308][safepoint    ] Safepoint "Cleanup", Time since last: 1000281900 ns, Reaching safepoint: 223300 ns, At safepoint: 10400 ns, Total: 233700 ns
[2020-10-05T10:01:07.305+0000][34308][safepoint    ] Safepoint "Cleanup", Time since last: 1000777000 ns, Reaching safepoint: 157500 ns, At safepoint: 11600 ns, Total: 169100 ns
[2020-10-05T10:01:08.305+0000][34308][safepoint    ] Safepoint "Cleanup", Time since last: 1000337900 ns, Reaching safepoint: 220400 ns, At safepoint: 8800 ns, Total: 229200 ns
[2020-10-05T10:01:09.306+0000][34308][safepoint    ] Safepoint "Cleanup", Time since last: 1000686500 ns, Reaching safepoint: 172600 ns, At safepoint: 10600 ns, Total: 183200 ns
[2020-10-05T10:01:10.307+0000][34308][safepoint    ] Safepoint "Cleanup", Time since last: 1000439700 ns, Reaching safepoint: 116700 ns, At safepoint: 9200 ns, Total: 125900 ns
[2020-10-05T10:01:11.307+0000][34308][safepoint    ] Safepoint "Cleanup", Time since last: 1000084000 ns, Reaching safepoint: 137500 ns, At safepoint: 7800 ns, Total: 145300 ns
[2020-10-05T10:01:12.308+0000][34308][safepoint    ] Safepoint "Cleanup", Time since last: 1000315700 ns, Reaching safepoint: 131900 ns, At safepoint: 7200 ns, Total: 139100 ns
[2020-10-05T10:01:13.308+0000][34308][safepoint    ] Safepoint "Cleanup", Time since last: 1000437900 ns, Reaching safepoint: 178500 ns, At safepoint: 10100 ns, Total: 188600 ns
[2020-10-05T10:01:14.309+0000][34308][safepoint    ] Safepoint "Cleanup", Time since last: 1000385700 ns, Reaching safepoint: 141000 ns, At safepoint: 8800 ns, Total: 149800 ns
[2020-10-05T10:01:15.309+0000][34308][safepoint    ] Safepoint "Cleanup", Time since last: 1000696000 ns, Reaching safepoint: 127900 ns, At safepoint: 5000 ns, Total: 132900 ns
[2020-10-05T10:01:16.310+0000][34308][safepoint    ] Safepoint "Cleanup", Time since last: 1000714400 ns, Reaching safepoint: 146000 ns, At safepoint: 7200 ns, Total: 153200 ns
[2020-10-05T10:01:17.311+0000][34308][safepoint    ] Safepoint "Cleanup", Time since last: 1000616800 ns, Reaching safepoint: 249500 ns, At safepoint: 13900 ns, Total: 263400 ns
[2020-10-05T10:01:18.312+0000][34308][safepoint    ] Safepoint "Cleanup", Time since last: 1000456800 ns, Reaching safepoint: 98300 ns, At safepoint: 4800 ns, Total: 103100 ns
[2020-10-05T10:01:20.312+0000][34308][safepoint    ] Safepoint "Cleanup", Time since last: 2000566600 ns, Reaching safepoint: 102200 ns, At safepoint: 4700 ns, Total: 106900 ns
[2020-10-05T10:01:21.313+0000][34308][safepoint    ] Safepoint "Cleanup", Time since last: 1000829700 ns, Reaching safepoint: 110500 ns, At safepoint: 4800 ns, Total: 115300 ns
[2020-10-05T10:01:22.314+0000][34308][safepoint    ] Safepoint "Cleanup", Time since last: 1000393800 ns, Reaching safepoint: 118000 ns, At safepoint: 7300 ns, Total: 125300 ns
[2020-10-05T10:01:23.315+0000][34308][safepoint    ] Safepoint "Cleanup", Time since last: 1000578200 ns, Reaching safepoint: 128200 ns, At safepoint: 6900 ns, Total: 135100 ns
[2020-10-05T10:01:24.315+0000][34308][safepoint    ] Safepoint "Cleanup", Time since last: 1000128600 ns, Reaching safepoint: 127100 ns, At safepoint: 6900 ns, Total: 134000 ns
[2020-10-05T10:01:25.316+0000][34308][safepoint    ] Safepoint "Cleanup", Time since last: 1000617000 ns, Reaching safepoint: 120100 ns, At safepoint: 5000 ns, Total: 125100 ns
[2020-10-05T10:01:26.316+0000][34308][safepoint    ] Safepoint "Cleanup", Time since last: 1000576300 ns, Reaching safepoint: 99200 ns, At safepoint: 4700 ns, Total: 103900 ns
[2020-10-05T10:01:27.317+0000][34308][safepoint    ] Safepoint "Cleanup", Time since last: 1000928200 ns, Reaching safepoint: 119300 ns, At safepoint: 5200 ns, Total: 124500 ns
[2020-10-05T10:01:28.318+0000][34308][safepoint    ] Safepoint "Cleanup", Time since last: 1000289500 ns, Reaching safepoint: 101300 ns, At safepoint: 6600 ns, Total: 107900 ns
[2020-10-05T10:01:30.318+0000][34308][safepoint    ] Safepoint "Cleanup", Time since last: 2000353800 ns, Reaching safepoint: 98200 ns, At safepoint: 5500 ns, Total: 103700 ns
[2020-10-05T10:01:31.319+0000][34308][safepoint    ] Safepoint "Cleanup", Time since last: 1000609100 ns, Reaching safepoint: 130000 ns, At safepoint: 4900 ns, Total: 134900 ns
[2020-10-05T10:01:32.319+0000][34308][safepoint    ] Safepoint "Cleanup", Time since last: 1000321500 ns, Reaching safepoint: 137600 ns, At safepoint: 4600 ns, Total: 142200 ns
[2020-10-05T10:01:33.320+0000][34308][safepoint    ] Safepoint "Cleanup", Time since last: 1000286800 ns, Reaching safepoint: 109300 ns, At safepoint: 5300 ns, Total: 114600 ns
[2020-10-05T10:01:35.320+0000][34308][safepoint    ] Safepoint "Cleanup", Time since last: 2000057900 ns, Reaching safepoint: 104000 ns, At safepoint: 5800 ns, Total: 109800 ns
[2020-10-05T10:01:37.320+0000][34308][safepoint    ] Safepoint "Cleanup", Time since last: 2000627000 ns, Reaching safepoint: 119000 ns, At safepoint: 5900 ns, Total: 124900 ns
[2020-10-05T10:01:38.321+0000][34308][safepoint    ] Safepoint "Cleanup", Time since last: 1000233800 ns, Reaching safepoint: 128100 ns, At safepoint: 6200 ns, Total: 134300 ns
[2020-10-05T10:01:39.321+0000][34308][safepoint    ] Safepoint "Cleanup", Time since last: 1000402400 ns, Reaching safepoint: 95300 ns, At safepoint: 4900 ns, Total: 100200 ns
[2020-10-05T10:01:41.322+0000][34308][safepoint    ] Safepoint "Cleanup", Time since last: 2000892600 ns, Reaching safepoint: 118900 ns, At safepoint: 5400 ns, Total: 124300 ns
[2020-10-05T10:01:42.323+0000][34308][safepoint    ] Safepoint "Cleanup", Time since last: 1000813600 ns, Reaching safepoint: 119200 ns, At safepoint: 5500 ns, Total: 124700 ns
[2020-10-05T10:01:43.324+0000][34308][safepoint    ] Safepoint "Cleanup", Time since last: 1000541500 ns, Reaching safepoint: 114000 ns, At safepoint: 4600 ns, Total: 118600 ns
[2020-10-05T10:01:44.325+0000][34308][safepoint    ] Safepoint "Cleanup", Time since last: 1000597600 ns, Reaching safepoint: 91900 ns, At safepoint: 3000 ns, Total: 94900 ns
[2020-10-05T10:01:45.325+0000][34308][safepoint    ] Safepoint "Cleanup", Time since last: 1000450700 ns, Reaching safepoint: 83000 ns, At safepoint: 2300 ns, Total: 85300 ns
[2020-10-05T10:01:46.326+0000][34308][safepoint    ] Safepoint "Cleanup", Time since last: 1000841700 ns, Reaching safepoint: 126700 ns, At safepoint: 5200 ns, Total: 131900 ns
[2020-10-05T10:01:47.326+0000][34308][safepoint    ] Safepoint "Cleanup", Time since last: 1000203600 ns, Reaching safepoint: 144800 ns, At safepoint: 7000 ns, Total: 151800 ns
[2020-10-05T10:01:48.327+0000][34308][safepoint    ] Safepoint "Cleanup", Time since last: 1000082000 ns, Reaching safepoint: 97400 ns, At safepoint: 6100 ns, Total: 103500 ns
[2020-10-05T10:01:49.328+0000][34308][safepoint    ] Safepoint "Cleanup", Time since last: 1000898300 ns, Reaching safepoint: 120800 ns, At safepoint: 5000 ns, Total: 125800 ns
[2020-10-05T10:01:50.329+0000][34308][safepoint    ] Safepoint "Cleanup", Time since last: 1000784300 ns, Reaching safepoint: 100800 ns, At safepoint: 4700 ns, Total: 105500 ns
[2020-10-05T10:01:52.299+0000][34308][safepoint    ] Safepoint "Cleanup", Time since last: 1970548600 ns, Reaching safepoint: 95300 ns, At safepoint: 5600 ns, Total: 100900 ns
[2020-10-05T10:01:53.299+0000][34308][safepoint    ] Safepoint "Cleanup", Time since last: 1000097200 ns, Reaching safepoint: 135100 ns, At safepoint: 6800 ns, Total: 141900 ns
[2020-10-05T10:01:54.300+0000][34308][safepoint    ] Safepoint "Cleanup", Time since last: 1000834900 ns, Reaching safepoint: 119600 ns, At safepoint: 5000 ns, Total: 124600 ns
[2020-10-05T10:01:55.301+0000][34308][safepoint    ] Safepoint "Cleanup", Time since last: 1000651300 ns, Reaching safepoint: 103400 ns, At safepoint: 6900 ns, Total: 110300 ns
[2020-10-05T10:01:56.301+0000][34308][safepoint    ] Safepoint "Cleanup", Time since last: 1000072200 ns, Reaching safepoint: 102200 ns, At safepoint: 5700 ns, Total: 107900 ns
[2020-10-05T10:01:57.302+0000][34308][safepoint    ] Safepoint "Cleanup", Time since last: 1000097400 ns, Reaching safepoint: 138200 ns, At safepoint: 19600 ns, Total: 157800 ns
[2020-10-05T10:01:58.302+0000][34308][safepoint    ] Safepoint "Cleanup", Time since last: 1000279600 ns, Reaching safepoint: 105900 ns, At safepoint: 4800 ns, Total: 110700 ns
[2020-10-05T10:01:59.303+0000][34308][safepoint    ] Safepoint "Cleanup", Time since last: 1000700400 ns, Reaching safepoint: 156800 ns, At safepoint: 4800 ns, Total: 161600 ns
[2020-10-05T10:02:00.303+0000][34308][safepoint    ] Safepoint "Cleanup", Time since last: 1000461400 ns, Reaching safepoint: 97800 ns, At safepoint: 4700 ns, Total: 102500 ns
[2020-10-05T10:02:02.304+0000][34308][safepoint    ] Safepoint "Cleanup", Time since last: 2000598000 ns, Reaching safepoint: 93300 ns, At safepoint: 4400 ns, Total: 97700 ns
[2020-10-05T10:02:03.305+0000][34308][safepoint    ] Safepoint "Cleanup", Time since last: 1000675100 ns, Reaching safepoint: 136200 ns, At safepoint: 6700 ns, Total: 142900 ns
[2020-10-05T10:02:04.306+0000][34308][safepoint    ] Safepoint "Cleanup", Time since last: 1000687300 ns, Reaching safepoint: 588800 ns, At safepoint: 71800 ns, Total: 660600 ns
[2020-10-05T10:02:05.307+0000][34308][safepoint    ] Safepoint "Cleanup", Time since last: 1000480500 ns, Reaching safepoint: 111700 ns, At safepoint: 5800 ns, Total: 117500 ns
[2020-10-05T10:02:06.307+0000][34308][safepoint    ] Safepoint "Cleanup", Time since last: 1000695000 ns, Reaching safepoint: 136400 ns, At safepoint: 5100 ns, Total: 141500 ns
[2020-10-05T10:02:07.308+0000][34308][safepoint    ] Safepoint "Cleanup", Time since last: 1000718000 ns, Reaching safepoint: 119900 ns, At safepoint: 10200 ns, Total: 130100 ns
[2020-10-05T10:02:08.309+0000][34308][safepoint    ] Safepoint "Cleanup", Time since last: 1000139400 ns, Reaching safepoint: 126000 ns, At safepoint: 9100 ns, Total: 135100 ns
[2020-10-05T10:02:09.309+0000][34308][safepoint    ] Safepoint "Cleanup", Time since last: 1000425400 ns, Reaching safepoint: 207700 ns, At safepoint: 16000 ns, Total: 223700 ns
[2020-10-05T10:02:10.310+0000][34308][safepoint    ] Safepoint "Cleanup", Time since last: 1000634800 ns, Reaching safepoint: 119700 ns, At safepoint: 4800 ns, Total: 124500 ns
[2020-10-05T10:02:11.311+0000][34308][safepoint    ] Safepoint "Cleanup", Time since last: 1000511700 ns, Reaching safepoint: 91500 ns, At safepoint: 5000 ns, Total: 96500 ns
[2020-10-05T10:02:13.157+0000][34308][safepoint    ] Safepoint "Cleanup", Time since last: 1845962900 ns, Reaching safepoint: 93200 ns, At safepoint: 4800 ns, Total: 98000 ns
[2020-10-05T10:02:14.157+0000][34308][safepoint    ] Safepoint "Cleanup", Time since last: 1000084400 ns, Reaching safepoint: 155700 ns, At safepoint: 4400 ns, Total: 160100 ns
[2020-10-05T10:02:15.158+0000][34308][safepoint    ] Safepoint "Cleanup", Time since last: 1000570000 ns, Reaching safepoint: 113300 ns, At safepoint: 5900 ns, Total: 119200 ns
[2020-10-05T10:02:16.159+0000][34308][safepoint    ] Safepoint "Cleanup", Time since last: 1000883600 ns, Reaching safepoint: 126500 ns, At safepoint: 5200 ns, Total: 131700 ns
[2020-10-05T10:02:17.159+0000][34308][safepoint    ] Safepoint "Cleanup", Time since last: 1000379700 ns, Reaching safepoint: 107400 ns, At safepoint: 5400 ns, Total: 112800 ns
[2020-10-05T10:02:19.160+0000][34308][safepoint    ] Safepoint "Cleanup", Time since last: 2000474100 ns, Reaching safepoint: 139300 ns, At safepoint: 5000 ns, Total: 144300 ns
[2020-10-05T10:02:20.160+0000][34308][safepoint    ] Safepoint "Cleanup", Time since last: 1000587300 ns, Reaching safepoint: 118100 ns, At safepoint: 5400 ns, Total: 123500 ns
[2020-10-05T10:02:21.161+0000][34308][safepoint    ] Safepoint "Cleanup", Time since last: 1000743000 ns, Reaching safepoint: 89400 ns, At safepoint: 3600 ns, Total: 93000 ns
[2020-10-05T10:02:22.162+0000][34308][safepoint    ] Safepoint "Cleanup", Time since last: 1000830600 ns, Reaching safepoint: 114800 ns, At safepoint: 3400 ns, Total: 118200 ns
[2020-10-05T10:02:24.163+0000][34308][safepoint    ] Safepoint "Cleanup", Time since last: 2000677200 ns, Reaching safepoint: 95900 ns, At safepoint: 6000 ns, Total: 101900 ns
[2020-10-05T10:02:25.164+0000][34308][safepoint    ] Safepoint "Cleanup", Time since last: 1000564000 ns, Reaching safepoint: 103700 ns, At safepoint: 4900 ns, Total: 108600 ns
[2020-10-05T10:02:26.164+0000][34308][safepoint    ] Safepoint "Cleanup", Time since last: 1000843400 ns, Reaching safepoint: 102400 ns, At safepoint: 3900 ns, Total: 106300 ns
[2020-10-05T10:02:27.165+0000][34308][safepoint    ] Safepoint "Cleanup", Time since last: 1000350900 ns, Reaching safepoint: 186400 ns, At safepoint: 25900 ns, Total: 212300 ns
[2020-10-05T10:02:28.166+0000][34308][safepoint    ] Safepoint "Cleanup", Time since last: 1000726700 ns, Reaching safepoint: 102000 ns, At safepoint: 4900 ns, Total: 106900 ns
[2020-10-05T10:02:29.167+0000][34308][safepoint    ] Safepoint "Cleanup", Time since last: 1000584400 ns, Reaching safepoint: 171000 ns, At safepoint: 4600 ns, Total: 175600 ns
[2020-10-05T10:02:30.167+0000][34308][safepoint    ] Safepoint "Cleanup", Time since last: 1000175800 ns, Reaching safepoint: 162000 ns, At safepoint: 8800 ns, Total: 170800 ns
[2020-10-05T10:02:31.167+0000][34308][safepoint    ] Safepoint "Cleanup", Time since last: 1000292600 ns, Reaching safepoint: 144600 ns, At safepoint: 10100 ns, Total: 154700 ns
[2020-10-05T10:02:32.168+0000][34308][safepoint    ] Safepoint "Cleanup", Time since last: 1000252000 ns, Reaching safepoint: 136200 ns, At safepoint: 6400 ns, Total: 142600 ns
[2020-10-05T10:02:33.168+0000][34308][safepoint    ] Safepoint "Cleanup", Time since last: 1000302300 ns, Reaching safepoint: 138700 ns, At safepoint: 8900 ns, Total: 147600 ns
[2020-10-05T10:02:34.169+0000][34308][safepoint    ] Safepoint "Cleanup", Time since last: 1000718100 ns, Reaching safepoint: 117900 ns, At safepoint: 5600 ns, Total: 123500 ns
[2020-10-05T10:02:35.169+0000][34308][safepoint    ] Safepoint "Cleanup", Time since last: 1000131100 ns, Reaching safepoint: 148200 ns, At safepoint: 11200 ns, Total: 159400 ns
[2020-10-05T10:02:36.170+0000][34308][safepoint    ] Safepoint "Cleanup", Time since last: 1000381400 ns, Reaching safepoint: 215000 ns, At safepoint: 9500 ns, Total: 224500 ns
[2020-10-05T10:02:37.171+0000][34308][safepoint    ] Safepoint "Cleanup", Time since last: 1000735600 ns, Reaching safepoint: 123100 ns, At safepoint: 8100 ns, Total: 131200 ns
[2020-10-05T10:02:38.172+0000][34308][safepoint    ] Safepoint "Cleanup", Time since last: 1000726200 ns, Reaching safepoint: 132900 ns, At safepoint: 14600 ns, Total: 147500 ns
[2020-10-05T10:02:39.172+0000][34308][safepoint    ] Safepoint "Cleanup", Time since last: 1000555200 ns, Reaching safepoint: 141100 ns, At safepoint: 8700 ns, Total: 149800 ns
[2020-10-05T10:02:40.173+0000][34308][safepoint    ] Safepoint "Cleanup", Time since last: 1000655900 ns, Reaching safepoint: 120400 ns, At safepoint: 6500 ns, Total: 126900 ns
[2020-10-05T10:02:42.174+0000][34308][safepoint    ] Safepoint "Cleanup", Time since last: 2000765300 ns, Reaching safepoint: 157000 ns, At safepoint: 4900 ns, Total: 161900 ns
[2020-10-05T10:02:43.174+0000][34308][safepoint    ] Safepoint "Cleanup", Time since last: 1000006300 ns, Reaching safepoint: 120200 ns, At safepoint: 5300 ns, Total: 125500 ns
[2020-10-05T10:02:44.174+0000][34308][safepoint    ] Safepoint "Cleanup", Time since last: 1000121900 ns, Reaching safepoint: 420300 ns, At safepoint: 18100 ns, Total: 438400 ns
[2020-10-05T10:02:45.175+0000][34308][safepoint    ] Safepoint "Cleanup", Time since last: 1000199100 ns, Reaching safepoint: 119900 ns, At safepoint: 6600 ns, Total: 126500 ns
[2020-10-05T10:02:46.176+0000][34308][safepoint    ] Safepoint "Cleanup", Time since last: 1000408700 ns, Reaching safepoint: 110800 ns, At safepoint: 4700 ns, Total: 115500 ns
[2020-10-05T10:02:47.176+0000][34308][safepoint    ] Safepoint "Cleanup", Time since last: 1000686400 ns, Reaching safepoint: 131600 ns, At safepoint: 6600 ns, Total: 138200 ns
[2020-10-05T10:02:48.177+0000][34308][safepoint    ] Safepoint "Cleanup", Time since last: 1000735800 ns, Reaching safepoint: 106300 ns, At safepoint: 3300 ns, Total: 109600 ns
[2020-10-05T10:02:49.178+0000][34308][safepoint    ] Safepoint "Cleanup", Time since last: 1000779200 ns, Reaching safepoint: 110200 ns, At safepoint: 4900 ns, Total: 115100 ns
[2020-10-05T10:02:50.179+0000][34308][safepoint    ] Safepoint "Cleanup", Time since last: 1000892600 ns, Reaching safepoint: 111500 ns, At safepoint: 7000 ns, Total: 118500 ns
[2020-10-05T10:02:51.179+0000][34308][safepoint    ] Safepoint "Cleanup", Time since last: 1000210300 ns, Reaching safepoint: 142200 ns, At safepoint: 7600 ns, Total: 149800 ns
[2020-10-05T10:02:52.180+0000][34308][safepoint    ] Safepoint "Cleanup", Time since last: 1000851800 ns, Reaching safepoint: 120300 ns, At safepoint: 6000 ns, Total: 126300 ns
[2020-10-05T10:02:53.181+0000][34308][safepoint    ] Safepoint "Cleanup", Time since last: 1000390000 ns, Reaching safepoint: 108900 ns, At safepoint: 6900 ns, Total: 115800 ns
[2020-10-05T10:02:54.181+0000][34308][safepoint    ] Safepoint "Cleanup", Time since last: 1000199400 ns, Reaching safepoint: 138000 ns, At safepoint: 6400 ns, Total: 144400 ns
[2020-10-05T10:02:55.181+0000][34308][safepoint    ] Safepoint "Cleanup", Time since last: 1000138900 ns, Reaching safepoint: 130300 ns, At safepoint: 5200 ns, Total: 135500 ns
[2020-10-05T10:02:57.182+0000][34308][safepoint    ] Safepoint "Cleanup", Time since last: 2000142900 ns, Reaching safepoint: 123200 ns, At safepoint: 8600 ns, Total: 131800 ns
[2020-10-05T10:02:59.182+0000][34308][safepoint    ] Safepoint "Cleanup", Time since last: 2000678200 ns, Reaching safepoint: 128400 ns, At safepoint: 9500 ns, Total: 137900 ns
[2020-10-05T10:03:00.183+0000][34308][safepoint    ] Safepoint "Cleanup", Time since last: 1000237500 ns, Reaching safepoint: 122800 ns, At safepoint: 7100 ns, Total: 129900 ns
[2020-10-05T10:03:01.183+0000][34308][safepoint    ] Safepoint "Cleanup", Time since last: 1000328500 ns, Reaching safepoint: 114400 ns, At safepoint: 4400 ns, Total: 118800 ns
[2020-10-05T10:03:03.184+0000][34308][safepoint    ] Safepoint "Cleanup", Time since last: 2000582900 ns, Reaching safepoint: 176700 ns, At safepoint: 7900 ns, Total: 184600 ns
[2020-10-05T10:03:04.185+0000][34308][safepoint    ] Safepoint "Cleanup", Time since last: 1000633600 ns, Reaching safepoint: 126400 ns, At safepoint: 7400 ns, Total: 133800 ns
[2020-10-05T10:03:05.185+0000][34308][safepoint    ] Safepoint "Cleanup", Time since last: 1000496500 ns, Reaching safepoint: 153000 ns, At safepoint: 7200 ns, Total: 160200 ns
[2020-10-05T10:03:06.186+0000][34308][safepoint    ] Safepoint "Cleanup", Time since last: 1000579800 ns, Reaching safepoint: 103700 ns, At safepoint: 4900 ns, Total: 108600 ns
[2020-10-05T10:03:07.187+0000][34308][safepoint    ] Safepoint "Cleanup", Time since last: 1000352200 ns, Reaching safepoint: 96500 ns, At safepoint: 6300 ns, Total: 102800 ns
[2020-10-05T10:03:08.187+0000][34308][safepoint    ] Safepoint "Cleanup", Time since last: 1000734900 ns, Reaching safepoint: 93400 ns, At safepoint: 4900 ns, Total: 98300 ns
[2020-10-05T10:03:10.188+0000][34308][safepoint    ] Safepoint "Cleanup", Time since last: 2000335100 ns, Reaching safepoint: 124500 ns, At safepoint: 6000 ns, Total: 130500 ns
[2020-10-05T10:03:11.189+0000][34308][safepoint    ] Safepoint "Cleanup", Time since last: 1000623800 ns, Reaching safepoint: 142900 ns, At safepoint: 6700 ns, Total: 149600 ns
[2020-10-05T10:03:12.189+0000][34308][safepoint    ] Safepoint "Cleanup", Time since last: 1000183200 ns, Reaching safepoint: 106400 ns, At safepoint: 5000 ns, Total: 111400 ns
[2020-10-05T10:03:13.189+0000][34308][safepoint    ] Safepoint "Cleanup", Time since last: 1000078900 ns, Reaching safepoint: 103600 ns, At safepoint: 7200 ns, Total: 110800 ns
[2020-10-05T10:03:14.190+0000][34308][safepoint    ] Safepoint "Cleanup", Time since last: 1000860300 ns, Reaching safepoint: 140600 ns, At safepoint: 5000 ns, Total: 145600 ns
[2020-10-05T10:03:15.191+0000][34308][safepoint    ] Safepoint "Cleanup", Time since last: 1000801000 ns, Reaching safepoint: 119600 ns, At safepoint: 6100 ns, Total: 125700 ns
[2020-10-05T10:03:16.192+0000][34308][safepoint    ] Safepoint "Cleanup", Time since last: 1000833800 ns, Reaching safepoint: 103900 ns, At safepoint: 10800 ns, Total: 114700 ns
[2020-10-05T10:03:18.123+0000][34308][safepoint    ] Safepoint "Cleanup", Time since last: 1931218800 ns, Reaching safepoint: 117500 ns, At safepoint: 5300 ns, Total: 122800 ns
[2020-10-05T10:03:19.124+0000][34308][safepoint    ] Safepoint "Cleanup", Time since last: 1000524900 ns, Reaching safepoint: 102200 ns, At safepoint: 5000 ns, Total: 107200 ns
[2020-10-05T10:03:20.124+0000][34308][safepoint    ] Safepoint "Cleanup", Time since last: 1000282600 ns, Reaching safepoint: 106800 ns, At safepoint: 5500 ns, Total: 112300 ns
[2020-10-05T10:03:21.124+0000][34308][safepoint    ] Safepoint "Cleanup", Time since last: 1000076800 ns, Reaching safepoint: 178500 ns, At safepoint: 6300 ns, Total: 184800 ns
[2020-10-05T10:03:22.125+0000][34308][safepoint    ] Safepoint "Cleanup", Time since last: 1000347100 ns, Reaching safepoint: 89900 ns, At safepoint: 3800 ns, Total: 93700 ns
[2020-10-05T10:03:23.126+0000][34308][safepoint    ] Safepoint "Cleanup", Time since last: 1000863000 ns, Reaching safepoint: 158800 ns, At safepoint: 4800 ns, Total: 163600 ns
[2020-10-05T10:03:24.126+0000][34308][safepoint    ] Safepoint "Cleanup", Time since last: 1000278200 ns, Reaching safepoint: 98300 ns, At safepoint: 5100 ns, Total: 103400 ns
[2020-10-05T10:03:26.126+0000][34308][safepoint    ] Safepoint "Cleanup", Time since last: 1999965200 ns, Reaching safepoint: 167300 ns, At safepoint: 5800 ns, Total: 173100 ns
[2020-10-05T10:03:28.127+0000][34308][safepoint    ] Safepoint "Cleanup", Time since last: 2000491300 ns, Reaching safepoint: 90800 ns, At safepoint: 5100 ns, Total: 95900 ns
[2020-10-05T10:03:29.128+0000][34308][safepoint    ] Safepoint "Cleanup", Time since last: 1000522800 ns, Reaching safepoint: 90600 ns, At safepoint: 5300 ns, Total: 95900 ns
[2020-10-05T10:03:30.128+0000][34308][safepoint    ] Safepoint "Cleanup", Time since last: 1000588100 ns, Reaching safepoint: 123800 ns, At safepoint: 10500 ns, Total: 134300 ns
[2020-10-05T10:03:31.129+0000][34308][safepoint    ] Safepoint "Cleanup", Time since last: 1000259100 ns, Reaching safepoint: 121100 ns, At safepoint: 2400 ns, Total: 123500 ns
[2020-10-05T10:03:32.129+0000][34308][safepoint    ] Safepoint "Cleanup", Time since last: 1000358600 ns, Reaching safepoint: 110200 ns, At safepoint: 6600 ns, Total: 116800 ns
[2020-10-05T10:03:34.130+0000][34308][safepoint    ] Safepoint "Cleanup", Time since last: 2000283400 ns, Reaching safepoint: 680400 ns, At safepoint: 15000 ns, Total: 695400 ns
[2020-10-05T10:03:35.131+0000][34308][safepoint    ] Safepoint "Cleanup", Time since last: 1000685600 ns, Reaching safepoint: 119000 ns, At safepoint: 6800 ns, Total: 125800 ns
[2020-10-05T10:03:36.132+0000][34308][safepoint    ] Safepoint "Cleanup", Time since last: 1000525400 ns, Reaching safepoint: 106100 ns, At safepoint: 5100 ns, Total: 111200 ns
[2020-10-05T10:03:37.133+0000][34308][safepoint    ] Safepoint "Cleanup", Time since last: 1000869000 ns, Reaching safepoint: 102700 ns, At safepoint: 4300 ns, Total: 107000 ns
[2020-10-05T10:03:38.133+0000][34308][safepoint    ] Safepoint "Cleanup", Time since last: 1000104100 ns, Reaching safepoint: 139600 ns, At safepoint: 6000 ns, Total: 145600 ns
[2020-10-05T10:03:40.134+0000][34308][safepoint    ] Safepoint "Cleanup", Time since last: 2000829100 ns, Reaching safepoint: 115200 ns, At safepoint: 6500 ns, Total: 121700 ns
[2020-10-05T10:03:41.135+0000][34308][safepoint    ] Safepoint "Cleanup", Time since last: 1000679000 ns, Reaching safepoint: 104400 ns, At safepoint: 8800 ns, Total: 113200 ns
[2020-10-05T10:03:42.135+0000][34308][safepoint    ] Safepoint "Cleanup", Time since last: 1000558500 ns, Reaching safepoint: 145400 ns, At safepoint: 8200 ns, Total: 153600 ns
[2020-10-05T10:03:43.136+0000][34308][safepoint    ] Safepoint "Cleanup", Time since last: 1000325400 ns, Reaching safepoint: 117500 ns, At safepoint: 7200 ns, Total: 124700 ns
[2020-10-05T10:03:44.136+0000][34308][safepoint    ] Safepoint "Cleanup", Time since last: 1000447800 ns, Reaching safepoint: 126400 ns, At safepoint: 8300 ns, Total: 134700 ns
[2020-10-05T10:03:45.137+0000][34308][safepoint    ] Safepoint "Cleanup", Time since last: 1000722500 ns, Reaching safepoint: 107700 ns, At safepoint: 3200 ns, Total: 110900 ns
[2020-10-05T10:03:46.138+0000][34308][safepoint    ] Safepoint "Cleanup", Time since last: 1000604400 ns, Reaching safepoint: 145700 ns, At safepoint: 4600 ns, Total: 150300 ns
[2020-10-05T10:03:47.138+0000][34308][safepoint    ] Safepoint "Cleanup", Time since last: 1000103400 ns, Reaching safepoint: 94200 ns, At safepoint: 2900 ns, Total: 97100 ns
[2020-10-05T10:03:48.139+0000][34308][safepoint    ] Safepoint "Cleanup", Time since last: 1000565700 ns, Reaching safepoint: 115000 ns, At safepoint: 5000 ns, Total: 120000 ns
[2020-10-05T10:03:50.139+0000][34308][safepoint    ] Safepoint "Cleanup", Time since last: 2000049100 ns, Reaching safepoint: 156100 ns, At safepoint: 5600 ns, Total: 161700 ns
[2020-10-05T10:03:51.301+0000][34308][safepoint    ] Safepoint "Cleanup", Time since last: 1162716800 ns, Reaching safepoint: 115600 ns, At safepoint: 18400 ns, Total: 134000 ns
[2020-10-05T10:03:52.302+0000][34308][safepoint    ] Safepoint "Cleanup", Time since last: 1000236700 ns, Reaching safepoint: 97600 ns, At safepoint: 6000 ns, Total: 103600 ns
[2020-10-05T10:03:53.302+0000][34308][safepoint    ] Safepoint "Cleanup", Time since last: 1000207600 ns, Reaching safepoint: 113500 ns, At safepoint: 5900 ns, Total: 119400 ns
[2020-10-05T10:03:55.302+0000][34308][safepoint    ] Safepoint "Cleanup", Time since last: 1999963500 ns, Reaching safepoint: 93900 ns, At safepoint: 2200 ns, Total: 96100 ns
[2020-10-05T10:03:56.303+0000][34308][safepoint    ] Safepoint "Cleanup", Time since last: 1000351700 ns, Reaching safepoint: 131600 ns, At safepoint: 5500 ns, Total: 137100 ns
[2020-10-05T10:03:58.303+0000][34308][safepoint    ] Safepoint "Cleanup", Time since last: 2000062100 ns, Reaching safepoint: 139300 ns, At safepoint: 8400 ns, Total: 147700 ns
[2020-10-05T10:04:00.304+0000][34308][safepoint    ] Safepoint "Cleanup", Time since last: 2000955500 ns, Reaching safepoint: 137500 ns, At safepoint: 8300 ns, Total: 145800 ns
[2020-10-05T10:04:01.304+0000][34308][safepoint    ] Safepoint "Cleanup", Time since last: 1000138700 ns, Reaching safepoint: 119200 ns, At safepoint: 7100 ns, Total: 126300 ns
[2020-10-05T10:04:02.305+0000][34308][safepoint    ] Safepoint "Cleanup", Time since last: 1000650000 ns, Reaching safepoint: 162100 ns, At safepoint: 4900 ns, Total: 167000 ns
[2020-10-05T10:04:03.306+0000][34308][safepoint    ] Safepoint "Cleanup", Time since last: 1000425900 ns, Reaching safepoint: 146000 ns, At safepoint: 4100 ns, Total: 150100 ns
[2020-10-05T10:04:04.306+0000][34308][safepoint    ] Safepoint "Cleanup", Time since last: 1000493800 ns, Reaching safepoint: 103100 ns, At safepoint: 5600 ns, Total: 108700 ns
[2020-10-05T10:04:05.307+0000][34308][safepoint    ] Safepoint "Cleanup", Time since last: 1000591200 ns, Reaching safepoint: 127200 ns, At safepoint: 5900 ns, Total: 133100 ns
[2020-10-05T10:04:06.308+0000][34308][safepoint    ] Safepoint "Cleanup", Time since last: 1000703500 ns, Reaching safepoint: 202000 ns, At safepoint: 5100 ns, Total: 207100 ns
[2020-10-05T10:04:07.308+0000][34308][safepoint    ] Safepoint "Cleanup", Time since last: 1000230600 ns, Reaching safepoint: 141200 ns, At safepoint: 3600 ns, Total: 144800 ns
[2020-10-05T10:04:08.309+0000][34308][safepoint    ] Safepoint "Cleanup", Time since last: 1000052600 ns, Reaching safepoint: 119400 ns, At safepoint: 5700 ns, Total: 125100 ns
[2020-10-05T10:04:09.309+0000][34308][safepoint    ] Safepoint "Cleanup", Time since last: 1000261100 ns, Reaching safepoint: 160800 ns, At safepoint: 13800 ns, Total: 174600 ns
[2020-10-05T10:04:10.310+0000][34308][safepoint    ] Safepoint "Cleanup", Time since last: 1000649600 ns, Reaching safepoint: 101200 ns, At safepoint: 6300 ns, Total: 107500 ns
[2020-10-05T10:04:11.310+0000][34308][safepoint    ] Safepoint "Cleanup", Time since last: 1000243400 ns, Reaching safepoint: 118200 ns, At safepoint: 5700 ns, Total: 123900 ns
[2020-10-05T10:04:12.310+0000][34308][safepoint    ] Safepoint "Cleanup", Time since last: 1000100400 ns, Reaching safepoint: 120800 ns, At safepoint: 5700 ns, Total: 126500 ns
[2020-10-05T10:04:13.311+0000][34308][safepoint    ] Safepoint "Cleanup", Time since last: 1000119400 ns, Reaching safepoint: 172000 ns, At safepoint: 8600 ns, Total: 180600 ns
[2020-10-05T10:04:14.311+0000][34308][safepoint    ] Safepoint "Cleanup", Time since last: 1000217700 ns, Reaching safepoint: 94000 ns, At safepoint: 4500 ns, Total: 98500 ns
[2020-10-05T10:04:15.311+0000][34308][safepoint    ] Safepoint "Cleanup", Time since last: 1000148000 ns, Reaching safepoint: 95300 ns, At safepoint: 6100 ns, Total: 101400 ns
[2020-10-05T10:04:17.312+0000][34308][safepoint    ] Safepoint "Cleanup", Time since last: 2000530800 ns, Reaching safepoint: 108400 ns, At safepoint: 6300 ns, Total: 114700 ns
[2020-10-05T10:04:18.313+0000][34308][safepoint    ] Safepoint "Cleanup", Time since last: 1000708800 ns, Reaching safepoint: 115900 ns, At safepoint: 6500 ns, Total: 122400 ns
[2020-10-05T10:04:19.313+0000][34308][safepoint    ] Safepoint "Cleanup", Time since last: 1000650700 ns, Reaching safepoint: 120500 ns, At safepoint: 5300 ns, Total: 125800 ns
[2020-10-05T10:04:20.314+0000][34308][safepoint    ] Safepoint "Cleanup", Time since last: 1000365300 ns, Reaching safepoint: 96400 ns, At safepoint: 5000 ns, Total: 101400 ns
[2020-10-05T10:04:21.314+0000][34308][safepoint    ] Safepoint "Cleanup", Time since last: 1000371100 ns, Reaching safepoint: 532700 ns, At safepoint: 50500 ns, Total: 583200 ns
[2020-10-05T10:04:23.315+0000][34308][safepoint    ] Safepoint "Cleanup", Time since last: 2000224300 ns, Reaching safepoint: 126500 ns, At safepoint: 6000 ns, Total: 132500 ns
[2020-10-05T10:04:25.316+0000][34308][safepoint    ] Safepoint "Cleanup", Time since last: 2000614600 ns, Reaching safepoint: 122400 ns, At safepoint: 8400 ns, Total: 130800 ns
[2020-10-05T10:04:26.317+0000][34308][safepoint    ] Safepoint "Cleanup", Time since last: 1000758600 ns, Reaching safepoint: 103700 ns, At safepoint: 10400 ns, Total: 114100 ns
[2020-10-05T10:04:27.317+0000][34308][safepoint    ] Safepoint "Cleanup", Time since last: 1000551600 ns, Reaching safepoint: 97700 ns, At safepoint: 6600 ns, Total: 104300 ns
[2020-10-05T10:04:28.317+0000][34308][safepoint    ] Safepoint "Cleanup", Time since last: 1000038900 ns, Reaching safepoint: 152700 ns, At safepoint: 5800 ns, Total: 158500 ns
[2020-10-05T10:04:29.318+0000][34308][safepoint    ] Safepoint "Cleanup", Time since last: 1000007000 ns, Reaching safepoint: 105200 ns, At safepoint: 4900 ns, Total: 110100 ns
[2020-10-05T10:04:30.319+0000][34308][safepoint    ] Safepoint "Cleanup", Time since last: 1000789100 ns, Reaching safepoint: 142000 ns, At safepoint: 7200 ns, Total: 149200 ns
[2020-10-05T10:04:31.319+0000][34308][safepoint    ] Safepoint "Cleanup", Time since last: 1000586300 ns, Reaching safepoint: 123500 ns, At safepoint: 2400 ns, Total: 125900 ns
[2020-10-05T10:04:32.320+0000][34308][safepoint    ] Safepoint "Cleanup", Time since last: 1000648900 ns, Reaching safepoint: 109300 ns, At safepoint: 5400 ns, Total: 114700 ns
[2020-10-05T10:04:33.320+0000][34308][safepoint    ] Safepoint "Cleanup", Time since last: 1000129600 ns, Reaching safepoint: 119500 ns, At safepoint: 6000 ns, Total: 125500 ns
[2020-10-05T10:04:34.321+0000][34308][safepoint    ] Safepoint "Cleanup", Time since last: 1000304000 ns, Reaching safepoint: 109600 ns, At safepoint: 5100 ns, Total: 114700 ns
[2020-10-05T10:04:35.322+0000][34308][safepoint    ] Safepoint "Cleanup", Time since last: 1000699800 ns, Reaching safepoint: 123000 ns, At safepoint: 5200 ns, Total: 128200 ns
[2020-10-05T10:04:36.322+0000][34308][safepoint    ] Safepoint "Cleanup", Time since last: 1000524300 ns, Reaching safepoint: 107800 ns, At safepoint: 6400 ns, Total: 114200 ns
[2020-10-05T10:04:37.323+0000][34308][safepoint    ] Safepoint "Cleanup", Time since last: 1000453500 ns, Reaching safepoint: 109300 ns, At safepoint: 2900 ns, Total: 112200 ns
[2020-10-05T10:04:38.324+0000][34308][safepoint    ] Safepoint "Cleanup", Time since last: 1000787200 ns, Reaching safepoint: 102400 ns, At safepoint: 6800 ns, Total: 109200 ns
[2020-10-05T10:04:40.325+0000][34308][safepoint    ] Safepoint "Cleanup", Time since last: 2000680100 ns, Reaching safepoint: 155800 ns, At safepoint: 5200 ns, Total: 161000 ns
[2020-10-05T10:04:41.325+0000][34308][safepoint    ] Safepoint "Cleanup", Time since last: 1000810500 ns, Reaching safepoint: 140600 ns, At safepoint: 4700 ns, Total: 145300 ns
[2020-10-05T10:04:42.326+0000][34308][safepoint    ] Safepoint "Cleanup", Time since last: 1000257900 ns, Reaching safepoint: 97500 ns, At safepoint: 5000 ns, Total: 102500 ns
[2020-10-05T10:04:43.327+0000][34308][safepoint    ] Safepoint "Cleanup", Time since last: 1000842200 ns, Reaching safepoint: 145300 ns, At safepoint: 6300 ns, Total: 151600 ns
[2020-10-05T10:04:44.327+0000][34308][safepoint    ] Safepoint "Cleanup", Time since last: 1000551800 ns, Reaching safepoint: 112100 ns, At safepoint: 6600 ns, Total: 118700 ns
[2020-10-05T10:04:46.328+0000][34308][safepoint    ] Safepoint "Cleanup", Time since last: 2000724600 ns, Reaching safepoint: 118000 ns, At safepoint: 6900 ns, Total: 124900 ns
[2020-10-05T10:04:47.329+0000][34308][safepoint    ] Safepoint "Cleanup", Time since last: 1000570600 ns, Reaching safepoint: 99500 ns, At safepoint: 4600 ns, Total: 104100 ns
[2020-10-05T10:04:49.330+0000][34308][safepoint    ] Safepoint "Cleanup", Time since last: 2000633400 ns, Reaching safepoint: 102100 ns, At safepoint: 4400 ns, Total: 106500 ns
[2020-10-05T10:04:50.330+0000][34308][safepoint    ] Safepoint "Cleanup", Time since last: 1000570300 ns, Reaching safepoint: 107900 ns, At safepoint: 4600 ns, Total: 112500 ns
[2020-10-05T10:04:51.331+0000][34308][safepoint    ] Safepoint "Cleanup", Time since last: 1000126100 ns, Reaching safepoint: 105000 ns, At safepoint: 4800 ns, Total: 109800 ns
[2020-10-05T10:04:52.339+0000][34308][safepoint    ] Safepoint "Cleanup", Time since last: 1008878900 ns, Reaching safepoint: 101400 ns, At safepoint: 5100 ns, Total: 106500 ns
[2020-10-05T10:04:53.340+0000][34308][safepoint    ] Safepoint "Cleanup", Time since last: 1000008500 ns, Reaching safepoint: 141600 ns, At safepoint: 6900 ns, Total: 148500 ns
[2020-10-05T10:04:54.340+0000][34308][safepoint    ] Safepoint "Cleanup", Time since last: 1000222300 ns, Reaching safepoint: 107600 ns, At safepoint: 5700 ns, Total: 113300 ns
[2020-10-05T10:04:55.340+0000][34308][safepoint    ] Safepoint "Cleanup", Time since last: 1000383100 ns, Reaching safepoint: 106300 ns, At safepoint: 4800 ns, Total: 111100 ns
[2020-10-05T10:04:56.341+0000][34308][safepoint    ] Safepoint "Cleanup", Time since last: 1000386900 ns, Reaching safepoint: 131200 ns, At safepoint: 8500 ns, Total: 139700 ns
[2020-10-05T10:04:57.341+0000][34308][safepoint    ] Safepoint "Cleanup", Time since last: 1000155100 ns, Reaching safepoint: 153700 ns, At safepoint: 8300 ns, Total: 162000 ns
[2020-10-05T10:04:58.342+0000][34308][safepoint    ] Safepoint "Cleanup", Time since last: 1000446000 ns, Reaching safepoint: 119300 ns, At safepoint: 5000 ns, Total: 124300 ns
[2020-10-05T10:05:00.342+0000][34308][safepoint    ] Safepoint "Cleanup", Time since last: 2000453100 ns, Reaching safepoint: 113100 ns, At safepoint: 5200 ns, Total: 118300 ns
[2020-10-05T10:05:01.343+0000][34308][safepoint    ] Safepoint "Cleanup", Time since last: 1000208100 ns, Reaching safepoint: 103200 ns, At safepoint: 6100 ns, Total: 109300 ns
[2020-10-05T10:05:02.343+0000][34308][safepoint    ] Safepoint "Cleanup", Time since last: 1000054700 ns, Reaching safepoint: 102000 ns, At safepoint: 4700 ns, Total: 106700 ns
[2020-10-05T10:05:03.343+0000][34308][safepoint    ] Safepoint "Cleanup", Time since last: 1000226800 ns, Reaching safepoint: 95500 ns, At safepoint: 21000 ns, Total: 116500 ns
[2020-10-05T10:05:04.344+0000][34308][safepoint    ] Safepoint "Cleanup", Time since last: 1000282900 ns, Reaching safepoint: 104900 ns, At safepoint: 5600 ns, Total: 110500 ns
[2020-10-05T10:05:05.344+0000][34308][safepoint    ] Safepoint "Cleanup", Time since last: 1000320200 ns, Reaching safepoint: 92200 ns, At safepoint: 5000 ns, Total: 97200 ns
[2020-10-05T10:05:06.344+0000][34308][safepoint    ] Safepoint "Cleanup", Time since last: 1000292200 ns, Reaching safepoint: 124400 ns, At safepoint: 4700 ns, Total: 129100 ns
[2020-10-05T10:05:08.345+0000][34308][safepoint    ] Safepoint "Cleanup", Time since last: 2000987900 ns, Reaching safepoint: 130300 ns, At safepoint: 5500 ns, Total: 135800 ns
[2020-10-05T10:05:09.704+0000][34308][safepoint    ] Safepoint "Cleanup", Time since last: 1358537100 ns, Reaching safepoint: 119600 ns, At safepoint: 4800 ns, Total: 124400 ns
[2020-10-05T10:05:10.705+0000][34308][safepoint    ] Safepoint "Cleanup", Time since last: 1000470200 ns, Reaching safepoint: 137900 ns, At safepoint: 6600 ns, Total: 144500 ns
[2020-10-05T10:05:11.705+0000][34308][safepoint    ] Safepoint "Cleanup", Time since last: 1000265800 ns, Reaching safepoint: 129500 ns, At safepoint: 6700 ns, Total: 136200 ns
[2020-10-05T10:05:12.706+0000][34308][safepoint    ] Safepoint "Cleanup", Time since last: 1000803700 ns, Reaching safepoint: 150200 ns, At safepoint: 8000 ns, Total: 158200 ns
[2020-10-05T10:05:14.707+0000][34308][safepoint    ] Safepoint "Cleanup", Time since last: 2000809500 ns, Reaching safepoint: 157400 ns, At safepoint: 5300 ns, Total: 162700 ns
[2020-10-05T10:05:15.708+0000][34308][safepoint    ] Safepoint "Cleanup", Time since last: 1000592300 ns, Reaching safepoint: 101800 ns, At safepoint: 9400 ns, Total: 111200 ns
[2020-10-05T10:05:16.708+0000][34308][safepoint    ] Safepoint "Cleanup", Time since last: 1000606100 ns, Reaching safepoint: 105900 ns, At safepoint: 4700 ns, Total: 110600 ns
[2020-10-05T10:05:17.709+0000][34308][safepoint    ] Safepoint "Cleanup", Time since last: 1000486600 ns, Reaching safepoint: 121700 ns, At safepoint: 6500 ns, Total: 128200 ns
[2020-10-05T10:05:18.710+0000][34308][safepoint    ] Safepoint "Cleanup", Time since last: 1000492700 ns, Reaching safepoint: 113900 ns, At safepoint: 4800 ns, Total: 118700 ns
[2020-10-05T10:05:19.710+0000][34308][safepoint    ] Safepoint "Cleanup", Time since last: 1000519200 ns, Reaching safepoint: 98300 ns, At safepoint: 4900 ns, Total: 103200 ns
[2020-10-05T10:05:20.711+0000][34308][safepoint    ] Safepoint "Cleanup", Time since last: 1000887400 ns, Reaching safepoint: 100600 ns, At safepoint: 5500 ns, Total: 106100 ns
[2020-10-05T10:05:21.712+0000][34308][safepoint    ] Safepoint "Cleanup", Time since last: 1000173500 ns, Reaching safepoint: 120600 ns, At safepoint: 3100 ns, Total: 123700 ns
[2020-10-05T10:05:22.712+0000][34308][safepoint    ] Safepoint "Cleanup", Time since last: 1000288200 ns, Reaching safepoint: 108400 ns, At safepoint: 4800 ns, Total: 113200 ns
[2020-10-05T10:05:23.713+0000][34308][safepoint    ] Safepoint "Cleanup", Time since last: 1000494700 ns, Reaching safepoint: 145500 ns, At safepoint: 6500 ns, Total: 152000 ns
[2020-10-05T10:05:24.713+0000][34308][safepoint    ] Safepoint "Cleanup", Time since last: 1000057800 ns, Reaching safepoint: 124400 ns, At safepoint: 6400 ns, Total: 130800 ns
[2020-10-05T10:05:25.713+0000][34308][safepoint    ] Safepoint "Cleanup", Time since last: 1000223700 ns, Reaching safepoint: 103300 ns, At safepoint: 4400 ns, Total: 107700 ns
[2020-10-05T10:05:26.713+0000][34308][safepoint    ] Safepoint "Cleanup", Time since last: 1000012000 ns, Reaching safepoint: 132000 ns, At safepoint: 4700 ns, Total: 136700 ns
[2020-10-05T10:05:27.714+0000][34308][safepoint    ] Safepoint "Cleanup", Time since last: 1000522100 ns, Reaching safepoint: 119900 ns, At safepoint: 6700 ns, Total: 126600 ns
[2020-10-05T10:05:28.714+0000][34308][safepoint    ] Safepoint "Cleanup", Time since last: 1000455200 ns, Reaching safepoint: 152600 ns, At safepoint: 17700 ns, Total: 170300 ns
[2020-10-05T10:05:29.715+0000][34308][safepoint    ] Safepoint "Cleanup", Time since last: 1000156600 ns, Reaching safepoint: 100200 ns, At safepoint: 5300 ns, Total: 105500 ns
[2020-10-05T10:05:30.715+0000][34308][safepoint    ] Safepoint "Cleanup", Time since last: 1000013100 ns, Reaching safepoint: 129900 ns, At safepoint: 19500 ns, Total: 149400 ns
[2020-10-05T10:05:31.715+0000][34308][safepoint    ] Safepoint "Cleanup", Time since last: 1000340300 ns, Reaching safepoint: 112400 ns, At safepoint: 4800 ns, Total: 117200 ns
[2020-10-05T10:05:32.716+0000][34308][safepoint    ] Safepoint "Cleanup", Time since last: 1000032500 ns, Reaching safepoint: 103700 ns, At safepoint: 4400 ns, Total: 108100 ns
[2020-10-05T10:05:33.716+0000][34308][safepoint    ] Safepoint "Cleanup", Time since last: 1000866200 ns, Reaching safepoint: 99800 ns, At safepoint: 4000 ns, Total: 103800 ns
[2020-10-05T10:05:34.717+0000][34308][safepoint    ] Safepoint "Cleanup", Time since last: 1000557400 ns, Reaching safepoint: 112600 ns, At safepoint: 5000 ns, Total: 117600 ns
[2020-10-05T10:05:35.718+0000][34308][safepoint    ] Safepoint "Cleanup", Time since last: 1000609800 ns, Reaching safepoint: 119400 ns, At safepoint: 4700 ns, Total: 124100 ns
[2020-10-05T10:05:36.719+0000][34308][safepoint    ] Safepoint "Cleanup", Time since last: 1000835800 ns, Reaching safepoint: 109900 ns, At safepoint: 5400 ns, Total: 115300 ns
[2020-10-05T10:05:37.720+0000][34308][safepoint    ] Safepoint "Cleanup", Time since last: 1000828400 ns, Reaching safepoint: 130300 ns, At safepoint: 4600 ns, Total: 134900 ns
[2020-10-05T10:05:38.721+0000][34308][safepoint    ] Safepoint "Cleanup", Time since last: 1000730700 ns, Reaching safepoint: 122300 ns, At safepoint: 4300 ns, Total: 126600 ns
[2020-10-05T10:05:40.721+0000][34308][safepoint    ] Safepoint "Cleanup", Time since last: 2000631100 ns, Reaching safepoint: 170600 ns, At safepoint: 4900 ns, Total: 175500 ns
[2020-10-05T10:05:41.722+0000][34308][safepoint    ] Safepoint "Cleanup", Time since last: 1000752000 ns, Reaching safepoint: 90300 ns, At safepoint: 4300 ns, Total: 94600 ns
[2020-10-05T10:05:42.723+0000][34308][safepoint    ] Safepoint "Cleanup", Time since last: 1000420700 ns, Reaching safepoint: 88000 ns, At safepoint: 4400 ns, Total: 92400 ns
[2020-10-05T10:05:43.723+0000][34308][safepoint    ] Safepoint "Cleanup", Time since last: 1000606100 ns, Reaching safepoint: 102100 ns, At safepoint: 4800 ns, Total: 106900 ns
[2020-10-05T10:05:44.724+0000][34308][safepoint    ] Safepoint "Cleanup", Time since last: 1000316700 ns, Reaching safepoint: 114700 ns, At safepoint: 8200 ns, Total: 122900 ns
[2020-10-05T10:05:45.725+0000][34308][safepoint    ] Safepoint "Cleanup", Time since last: 1000484000 ns, Reaching safepoint: 95300 ns, At safepoint: 3200 ns, Total: 98500 ns
[2020-10-05T10:05:46.725+0000][34308][safepoint    ] Safepoint "Cleanup", Time since last: 1000333100 ns, Reaching safepoint: 103300 ns, At safepoint: 4800 ns, Total: 108100 ns
[2020-10-05T10:05:47.726+0000][34308][safepoint    ] Safepoint "Cleanup", Time since last: 1000716800 ns, Reaching safepoint: 104800 ns, At safepoint: 4300 ns, Total: 109100 ns
[2020-10-05T10:05:48.726+0000][34308][safepoint    ] Safepoint "Cleanup", Time since last: 1000314500 ns, Reaching safepoint: 105700 ns, At safepoint: 5000 ns, Total: 110700 ns
[2020-10-05T10:05:49.727+0000][34308][safepoint    ] Safepoint "Cleanup", Time since last: 1000584100 ns, Reaching safepoint: 98800 ns, At safepoint: 5500 ns, Total: 104300 ns
[2020-10-05T10:05:50.727+0000][34308][safepoint    ] Safepoint "Cleanup", Time since last: 1000361400 ns, Reaching safepoint: 131100 ns, At safepoint: 5300 ns, Total: 136400 ns
[2020-10-05T10:05:52.315+0000][34308][safepoint    ] Safepoint "Cleanup", Time since last: 1587593500 ns, Reaching safepoint: 94700 ns, At safepoint: 2800 ns, Total: 97500 ns
[2020-10-05T10:05:53.316+0000][34308][safepoint    ] Safepoint "Cleanup", Time since last: 1000443900 ns, Reaching safepoint: 146000 ns, At safepoint: 6800 ns, Total: 152800 ns
[2020-10-05T10:05:55.317+0000][34308][safepoint    ] Safepoint "Cleanup", Time since last: 2000900100 ns, Reaching safepoint: 107000 ns, At safepoint: 5100 ns, Total: 112100 ns
[2020-10-05T10:05:56.317+0000][34308][safepoint    ] Safepoint "Cleanup", Time since last: 1000532200 ns, Reaching safepoint: 97700 ns, At safepoint: 5000 ns, Total: 102700 ns
[2020-10-05T10:05:57.317+0000][34308][safepoint    ] Safepoint "Cleanup", Time since last: 1000074600 ns, Reaching safepoint: 96100 ns, At safepoint: 5400 ns, Total: 101500 ns
[2020-10-05T10:05:58.318+0000][34308][safepoint    ] Safepoint "Cleanup", Time since last: 1000843100 ns, Reaching safepoint: 117400 ns, At safepoint: 4700 ns, Total: 122100 ns
[2020-10-05T10:05:59.319+0000][34308][safepoint    ] Safepoint "Cleanup", Time since last: 1000746900 ns, Reaching safepoint: 94100 ns, At safepoint: 4900 ns, Total: 99000 ns
[2020-10-05T10:06:00.320+0000][34308][safepoint    ] Safepoint "Cleanup", Time since last: 1000470000 ns, Reaching safepoint: 127900 ns, At safepoint: 5400 ns, Total: 133300 ns
[2020-10-05T10:06:01.320+0000][34308][safepoint    ] Safepoint "Cleanup", Time since last: 1000360400 ns, Reaching safepoint: 89300 ns, At safepoint: 3300 ns, Total: 92600 ns
[2020-10-05T10:06:02.320+0000][34308][safepoint    ] Safepoint "Cleanup", Time since last: 1000009000 ns, Reaching safepoint: 131400 ns, At safepoint: 4600 ns, Total: 136000 ns
[2020-10-05T10:06:04.321+0000][34308][safepoint    ] Safepoint "Cleanup", Time since last: 2000051900 ns, Reaching safepoint: 86800 ns, At safepoint: 3700 ns, Total: 90500 ns
[2020-10-05T10:06:05.321+0000][34308][safepoint    ] Safepoint "Cleanup", Time since last: 1000750100 ns, Reaching safepoint: 170500 ns, At safepoint: 5100 ns, Total: 175600 ns
[2020-10-05T10:06:06.322+0000][34308][safepoint    ] Safepoint "Cleanup", Time since last: 1000005400 ns, Reaching safepoint: 132800 ns, At safepoint: 2800 ns, Total: 135600 ns
[2020-10-05T10:06:07.322+0000][34308][safepoint    ] Safepoint "Cleanup", Time since last: 1000796700 ns, Reaching safepoint: 128500 ns, At safepoint: 5800 ns, Total: 134300 ns
[2020-10-05T10:06:08.323+0000][34308][safepoint    ] Safepoint "Cleanup", Time since last: 1000818500 ns, Reaching safepoint: 124400 ns, At safepoint: 6000 ns, Total: 130400 ns
[2020-10-05T10:06:09.324+0000][34308][safepoint    ] Safepoint "Cleanup", Time since last: 1000293000 ns, Reaching safepoint: 123700 ns, At safepoint: 5700 ns, Total: 129400 ns
[2020-10-05T10:06:10.325+0000][34308][safepoint    ] Safepoint "Cleanup", Time since last: 1000837800 ns, Reaching safepoint: 101600 ns, At safepoint: 4700 ns, Total: 106300 ns
[2020-10-05T10:06:11.325+0000][34308][safepoint    ] Safepoint "Cleanup", Time since last: 1000024500 ns, Reaching safepoint: 98300 ns, At safepoint: 5300 ns, Total: 103600 ns
[2020-10-05T10:06:12.325+0000][34308][safepoint    ] Safepoint "Cleanup", Time since last: 1000252000 ns, Reaching safepoint: 115700 ns, At safepoint: 5100 ns, Total: 120800 ns
[2020-10-05T10:06:13.326+0000][34308][safepoint    ] Safepoint "Cleanup", Time since last: 1000540900 ns, Reaching safepoint: 102400 ns, At safepoint: 4900 ns, Total: 107300 ns
[2020-10-05T10:06:14.510+0000][34308][safepoint    ] Safepoint "Cleanup", Time since last: 1173508600 ns, Reaching safepoint: 11440700 ns, At safepoint: 22700 ns, Total: 11463400 ns
[2020-10-05T10:06:15.511+0000][34308][safepoint    ] Safepoint "Cleanup", Time since last: 1000257200 ns, Reaching safepoint: 92900 ns, At safepoint: 71500 ns, Total: 164400 ns
[2020-10-05T10:06:16.512+0000][34308][safepoint    ] Safepoint "Cleanup", Time since last: 1000643800 ns, Reaching safepoint: 121600 ns, At safepoint: 5600 ns, Total: 127200 ns
[2020-10-05T10:06:17.513+0000][34308][safepoint    ] Safepoint "Cleanup", Time since last: 1000595900 ns, Reaching safepoint: 134100 ns, At safepoint: 16200 ns, Total: 150300 ns
[2020-10-05T10:06:18.513+0000][34308][safepoint    ] Safepoint "Cleanup", Time since last: 1000049300 ns, Reaching safepoint: 101900 ns, At safepoint: 5900 ns, Total: 107800 ns
[2020-10-05T10:06:19.514+0000][34308][safepoint    ] Safepoint "Cleanup", Time since last: 1000769000 ns, Reaching safepoint: 103000 ns, At safepoint: 5600 ns, Total: 108600 ns
[2020-10-05T10:06:20.514+0000][34308][safepoint    ] Safepoint "Cleanup", Time since last: 1000481300 ns, Reaching safepoint: 158700 ns, At safepoint: 5000 ns, Total: 163700 ns
[2020-10-05T10:06:21.515+0000][34308][safepoint    ] Safepoint "Cleanup", Time since last: 1000189300 ns, Reaching safepoint: 121400 ns, At safepoint: 5600 ns, Total: 127000 ns
[2020-10-05T10:06:22.515+0000][34308][safepoint    ] Safepoint "Cleanup", Time since last: 1000547900 ns, Reaching safepoint: 109700 ns, At safepoint: 5200 ns, Total: 114900 ns
[2020-10-05T10:06:23.516+0000][34308][safepoint    ] Safepoint "Cleanup", Time since last: 1000360900 ns, Reaching safepoint: 140100 ns, At safepoint: 4500 ns, Total: 144600 ns
[2020-10-05T10:06:24.516+0000][34308][safepoint    ] Safepoint "Cleanup", Time since last: 1000329700 ns, Reaching safepoint: 101200 ns, At safepoint: 5900 ns, Total: 107100 ns
[2020-10-05T10:06:25.517+0000][34308][safepoint    ] Safepoint "Cleanup", Time since last: 1000814600 ns, Reaching safepoint: 103600 ns, At safepoint: 5000 ns, Total: 108600 ns
[2020-10-05T10:06:26.518+0000][34308][safepoint    ] Safepoint "Cleanup", Time since last: 1000752600 ns, Reaching safepoint: 87500 ns, At safepoint: 2900 ns, Total: 90400 ns
[2020-10-05T10:06:27.519+0000][34308][safepoint    ] Safepoint "Cleanup", Time since last: 1000639800 ns, Reaching safepoint: 101000 ns, At safepoint: 11800 ns, Total: 112800 ns
[2020-10-05T10:06:28.519+0000][34308][safepoint    ] Safepoint "Cleanup", Time since last: 1000277600 ns, Reaching safepoint: 116400 ns, At safepoint: 5100 ns, Total: 121500 ns
[2020-10-05T10:06:30.519+0000][34308][safepoint    ] Safepoint "Cleanup", Time since last: 2000000100 ns, Reaching safepoint: 128300 ns, At safepoint: 7100 ns, Total: 135400 ns
[2020-10-05T10:06:31.520+0000][34308][safepoint    ] Safepoint "Cleanup", Time since last: 1000413900 ns, Reaching safepoint: 100000 ns, At safepoint: 5600 ns, Total: 105600 ns
[2020-10-05T10:06:32.520+0000][34308][safepoint    ] Safepoint "Cleanup", Time since last: 1000067500 ns, Reaching safepoint: 158800 ns, At safepoint: 4800 ns, Total: 163600 ns
[2020-10-05T10:06:33.520+0000][34308][safepoint    ] Safepoint "Cleanup", Time since last: 1000062500 ns, Reaching safepoint: 119200 ns, At safepoint: 5100 ns, Total: 124300 ns
[2020-10-05T10:06:34.521+0000][34308][safepoint    ] Safepoint "Cleanup", Time since last: 1000816300 ns, Reaching safepoint: 165400 ns, At safepoint: 7500 ns, Total: 172900 ns
[2020-10-05T10:06:35.522+0000][34308][safepoint    ] Safepoint "Cleanup", Time since last: 1000628800 ns, Reaching safepoint: 130600 ns, At safepoint: 6700 ns, Total: 137300 ns
[2020-10-05T10:06:36.522+0000][34308][safepoint    ] Safepoint "Cleanup", Time since last: 1000176900 ns, Reaching safepoint: 280500 ns, At safepoint: 25500 ns, Total: 306000 ns
[2020-10-05T10:06:38.523+0000][34308][safepoint    ] Safepoint "Cleanup", Time since last: 2000458500 ns, Reaching safepoint: 91600 ns, At safepoint: 5700 ns, Total: 97300 ns
[2020-10-05T10:06:39.523+0000][34308][safepoint    ] Safepoint "Cleanup", Time since last: 1000394000 ns, Reaching safepoint: 504800 ns, At safepoint: 30400 ns, Total: 535200 ns
[2020-10-05T10:06:41.525+0000][34308][safepoint    ] Safepoint "Cleanup", Time since last: 2000816900 ns, Reaching safepoint: 98600 ns, At safepoint: 6800 ns, Total: 105400 ns
[2020-10-05T10:06:42.525+0000][34308][safepoint    ] Safepoint "Cleanup", Time since last: 1000354200 ns, Reaching safepoint: 147600 ns, At safepoint: 6400 ns, Total: 154000 ns
[2020-10-05T10:06:43.526+0000][34308][safepoint    ] Safepoint "Cleanup", Time since last: 1000706900 ns, Reaching safepoint: 113000 ns, At safepoint: 5900 ns, Total: 118900 ns
[2020-10-05T10:06:44.526+0000][34308][safepoint    ] Safepoint "Cleanup", Time since last: 1000134100 ns, Reaching safepoint: 107500 ns, At safepoint: 3300 ns, Total: 110800 ns
[2020-10-05T10:06:45.527+0000][34308][safepoint    ] Safepoint "Cleanup", Time since last: 1000710400 ns, Reaching safepoint: 107900 ns, At safepoint: 4700 ns, Total: 112600 ns
[2020-10-05T10:06:47.528+0000][34308][safepoint    ] Safepoint "Cleanup", Time since last: 2000462000 ns, Reaching safepoint: 146500 ns, At safepoint: 7700 ns, Total: 154200 ns
[2020-10-05T10:06:49.529+0000][34308][safepoint    ] Safepoint "Cleanup", Time since last: 2001276800 ns, Reaching safepoint: 220300 ns, At safepoint: 10400 ns, Total: 230700 ns
[2020-10-05T10:06:50.530+0000][34308][safepoint    ] Safepoint "Cleanup", Time since last: 1000162400 ns, Reaching safepoint: 126100 ns, At safepoint: 4600 ns, Total: 130700 ns
[2020-10-05T10:06:51.530+0000][34308][safepoint    ] Safepoint "Cleanup", Time since last: 1000574000 ns, Reaching safepoint: 130200 ns, At safepoint: 9200 ns, Total: 139400 ns
[2020-10-05T10:06:52.531+0000][34308][safepoint    ] Safepoint "Cleanup", Time since last: 1000634300 ns, Reaching safepoint: 115100 ns, At safepoint: 6700 ns, Total: 121800 ns
[2020-10-05T10:06:54.531+0000][34308][safepoint    ] Safepoint "Cleanup", Time since last: 2000037900 ns, Reaching safepoint: 140300 ns, At safepoint: 10100 ns, Total: 150400 ns
[2020-10-05T10:06:55.532+0000][34308][safepoint    ] Safepoint "Cleanup", Time since last: 1000382300 ns, Reaching safepoint: 124000 ns, At safepoint: 8900 ns, Total: 132900 ns
[2020-10-05T10:06:56.532+0000][34308][safepoint    ] Safepoint "Cleanup", Time since last: 1000757200 ns, Reaching safepoint: 568000 ns, At safepoint: 98300 ns, Total: 666300 ns
[2020-10-05T10:06:57.533+0000][34308][safepoint    ] Safepoint "Cleanup", Time since last: 1000205600 ns, Reaching safepoint: 100700 ns, At safepoint: 3700 ns, Total: 104400 ns
[2020-10-05T10:06:58.534+0000][34308][safepoint    ] Safepoint "Cleanup", Time since last: 1000438000 ns, Reaching safepoint: 155500 ns, At safepoint: 8500 ns, Total: 164000 ns
[2020-10-05T10:06:59.535+0000][34308][safepoint    ] Safepoint "Cleanup", Time since last: 1000371000 ns, Reaching safepoint: 144000 ns, At safepoint: 15500 ns, Total: 159500 ns
[2020-10-05T10:07:00.687+0000][34308][safepoint    ] Safepoint "Cleanup", Time since last: 1152215900 ns, Reaching safepoint: 114300 ns, At safepoint: 7700 ns, Total: 122000 ns
[2020-10-05T10:07:01.687+0000][34308][safepoint    ] Safepoint "Cleanup", Time since last: 1000372100 ns, Reaching safepoint: 104400 ns, At safepoint: 3800 ns, Total: 108200 ns
[2020-10-05T10:07:02.688+0000][34308][safepoint    ] Safepoint "Cleanup", Time since last: 1000508900 ns, Reaching safepoint: 135200 ns, At safepoint: 6100 ns, Total: 141300 ns
[2020-10-05T10:07:03.689+0000][34308][safepoint    ] Safepoint "Cleanup", Time since last: 1000469800 ns, Reaching safepoint: 158600 ns, At safepoint: 4800 ns, Total: 163400 ns
[2020-10-05T10:07:04.689+0000][34308][safepoint    ] Safepoint "Cleanup", Time since last: 1000427900 ns, Reaching safepoint: 96700 ns, At safepoint: 5300 ns, Total: 102000 ns
[2020-10-05T10:07:05.689+0000][34308][safepoint    ] Safepoint "Cleanup", Time since last: 1000063400 ns, Reaching safepoint: 110100 ns, At safepoint: 4700 ns, Total: 114800 ns
[2020-10-05T10:07:06.690+0000][34308][safepoint    ] Safepoint "Cleanup", Time since last: 1000609100 ns, Reaching safepoint: 118000 ns, At safepoint: 5500 ns, Total: 123500 ns
[2020-10-05T10:07:07.691+0000][34308][safepoint    ] Safepoint "Cleanup", Time since last: 1000439800 ns, Reaching safepoint: 148700 ns, At safepoint: 8500 ns, Total: 157200 ns
[2020-10-05T10:07:08.691+0000][34308][safepoint    ] Safepoint "Cleanup", Time since last: 1000247300 ns, Reaching safepoint: 169300 ns, At safepoint: 8500 ns, Total: 177800 ns
[2020-10-05T10:07:10.692+0000][34308][safepoint    ] Safepoint "Cleanup", Time since last: 2000711900 ns, Reaching safepoint: 129400 ns, At safepoint: 6000 ns, Total: 135400 ns
[2020-10-05T10:07:11.692+0000][34308][safepoint    ] Safepoint "Cleanup", Time since last: 1000348100 ns, Reaching safepoint: 127000 ns, At safepoint: 6000 ns, Total: 133000 ns
[2020-10-05T10:07:12.693+0000][34308][safepoint    ] Safepoint "Cleanup", Time since last: 1000131200 ns, Reaching safepoint: 115000 ns, At safepoint: 7000 ns, Total: 122000 ns
[2020-10-05T10:07:13.693+0000][34308][safepoint    ] Safepoint "Cleanup", Time since last: 1000645000 ns, Reaching safepoint: 135900 ns, At safepoint: 9500 ns, Total: 145400 ns
[2020-10-05T10:07:14.694+0000][34308][safepoint    ] Safepoint "Cleanup", Time since last: 1000582900 ns, Reaching safepoint: 160900 ns, At safepoint: 10300 ns, Total: 171200 ns
[2020-10-05T10:07:15.695+0000][34308][safepoint    ] Safepoint "Cleanup", Time since last: 1000263600 ns, Reaching safepoint: 145000 ns, At safepoint: 15300 ns, Total: 160300 ns
[2020-10-05T10:07:16.695+0000][34308][safepoint    ] Safepoint "Cleanup", Time since last: 1000618400 ns, Reaching safepoint: 140000 ns, At safepoint: 8500 ns, Total: 148500 ns
[2020-10-05T10:07:17.696+0000][34308][safepoint    ] Safepoint "Cleanup", Time since last: 1000735800 ns, Reaching safepoint: 117100 ns, At safepoint: 7900 ns, Total: 125000 ns
[2020-10-05T10:07:18.697+0000][34308][safepoint    ] Safepoint "Cleanup", Time since last: 1000713900 ns, Reaching safepoint: 131600 ns, At safepoint: 9700 ns, Total: 141300 ns
[2020-10-05T10:07:19.697+0000][34308][safepoint    ] Safepoint "Cleanup", Time since last: 1000267500 ns, Reaching safepoint: 120800 ns, At safepoint: 7100 ns, Total: 127900 ns
[2020-10-05T10:07:20.698+0000][34308][safepoint    ] Safepoint "Cleanup", Time since last: 1000229100 ns, Reaching safepoint: 97600 ns, At safepoint: 4900 ns, Total: 102500 ns
[2020-10-05T10:07:21.698+0000][34308][safepoint    ] Safepoint "Cleanup", Time since last: 1000074900 ns, Reaching safepoint: 100000 ns, At safepoint: 2700 ns, Total: 102700 ns
[2020-10-05T10:07:22.699+0000][34308][safepoint    ] Safepoint "Cleanup", Time since last: 1000668500 ns, Reaching safepoint: 116600 ns, At safepoint: 5100 ns, Total: 121700 ns
[2020-10-05T10:07:23.699+0000][34308][safepoint    ] Safepoint "Cleanup", Time since last: 1000124200 ns, Reaching safepoint: 127400 ns, At safepoint: 4700 ns, Total: 132100 ns
[2020-10-05T10:07:24.700+0000][34308][safepoint    ] Safepoint "Cleanup", Time since last: 1000829100 ns, Reaching safepoint: 111600 ns, At safepoint: 2200 ns, Total: 113800 ns
[2020-10-05T10:07:25.700+0000][34308][safepoint    ] Safepoint "Cleanup", Time since last: 1000459100 ns, Reaching safepoint: 95200 ns, At safepoint: 5000 ns, Total: 100200 ns
[2020-10-05T10:07:27.701+0000][34308][safepoint    ] Safepoint "Cleanup", Time since last: 2000660200 ns, Reaching safepoint: 97100 ns, At safepoint: 5000 ns, Total: 102100 ns
[2020-10-05T10:07:29.702+0000][34308][safepoint    ] Safepoint "Cleanup", Time since last: 2000362500 ns, Reaching safepoint: 117600 ns, At safepoint: 9200 ns, Total: 126800 ns
[2020-10-05T10:07:30.702+0000][34308][safepoint    ] Safepoint "Cleanup", Time since last: 1000096100 ns, Reaching safepoint: 119800 ns, At safepoint: 4300 ns, Total: 124100 ns
[2020-10-05T10:07:31.702+0000][34308][safepoint    ] Safepoint "Cleanup", Time since last: 1000434500 ns, Reaching safepoint: 86000 ns, At safepoint: 2300 ns, Total: 88300 ns
[2020-10-05T10:07:33.703+0000][34308][safepoint    ] Safepoint "Cleanup", Time since last: 2000652100 ns, Reaching safepoint: 147200 ns, At safepoint: 6600 ns, Total: 153800 ns
[2020-10-05T10:07:34.704+0000][34308][safepoint    ] Safepoint "Cleanup", Time since last: 1000726500 ns, Reaching safepoint: 112200 ns, At safepoint: 5100 ns, Total: 117300 ns
[2020-10-05T10:07:35.704+0000][34308][safepoint    ] Safepoint "Cleanup", Time since last: 1000404200 ns, Reaching safepoint: 120900 ns, At safepoint: 17200 ns, Total: 138100 ns
[2020-10-05T10:07:36.705+0000][34308][safepoint    ] Safepoint "Cleanup", Time since last: 1000566200 ns, Reaching safepoint: 115500 ns, At safepoint: 5300 ns, Total: 120800 ns
[2020-10-05T10:07:37.706+0000][34308][safepoint    ] Safepoint "Cleanup", Time since last: 1000443700 ns, Reaching safepoint: 177700 ns, At safepoint: 6100 ns, Total: 183800 ns
[2020-10-05T10:07:38.706+0000][34308][safepoint    ] Safepoint "Cleanup", Time since last: 1000079100 ns, Reaching safepoint: 91700 ns, At safepoint: 3100 ns, Total: 94800 ns
[2020-10-05T10:07:39.707+0000][34308][safepoint    ] Safepoint "Cleanup", Time since last: 1000610500 ns, Reaching safepoint: 166900 ns, At safepoint: 7000 ns, Total: 173900 ns
[2020-10-05T10:07:40.707+0000][34308][safepoint    ] Safepoint "Cleanup", Time since last: 1000324500 ns, Reaching safepoint: 106800 ns, At safepoint: 5800 ns, Total: 112600 ns
[2020-10-05T10:07:41.708+0000][34308][safepoint    ] Safepoint "Cleanup", Time since last: 1000547200 ns, Reaching safepoint: 123400 ns, At safepoint: 5800 ns, Total: 129200 ns
[2020-10-05T10:07:42.708+0000][34308][safepoint    ] Safepoint "Cleanup", Time since last: 1000256500 ns, Reaching safepoint: 122000 ns, At safepoint: 4600 ns, Total: 126600 ns
[2020-10-05T10:07:43.709+0000][34308][safepoint    ] Safepoint "Cleanup", Time since last: 1000236500 ns, Reaching safepoint: 157200 ns, At safepoint: 4600 ns, Total: 161800 ns
[2020-10-05T10:07:44.709+0000][34308][safepoint    ] Safepoint "Cleanup", Time since last: 1000550900 ns, Reaching safepoint: 95800 ns, At safepoint: 6100 ns, Total: 101900 ns
[2020-10-05T10:07:45.710+0000][34308][safepoint    ] Safepoint "Cleanup", Time since last: 1000666600 ns, Reaching safepoint: 133900 ns, At safepoint: 8500 ns, Total: 142400 ns
[2020-10-05T10:07:47.711+0000][34308][safepoint    ] Safepoint "Cleanup", Time since last: 2000697300 ns, Reaching safepoint: 103300 ns, At safepoint: 5500 ns, Total: 108800 ns
[2020-10-05T10:07:48.712+0000][34308][safepoint    ] Safepoint "Cleanup", Time since last: 1000920400 ns, Reaching safepoint: 109000 ns, At safepoint: 5000 ns, Total: 114000 ns
[2020-10-05T10:07:49.713+0000][34308][safepoint    ] Safepoint "Cleanup", Time since last: 1000807700 ns, Reaching safepoint: 399100 ns, At safepoint: 31000 ns, Total: 430100 ns
[2020-10-05T10:07:51.641+0000][34308][safepoint    ] Safepoint "Cleanup", Time since last: 1927573200 ns, Reaching safepoint: 99000 ns, At safepoint: 5600 ns, Total: 104600 ns
[2020-10-05T10:07:52.642+0000][34308][safepoint    ] Safepoint "Cleanup", Time since last: 1000631800 ns, Reaching safepoint: 98700 ns, At safepoint: 6300 ns, Total: 105000 ns
[2020-10-05T10:07:53.642+0000][34308][safepoint    ] Safepoint "Cleanup", Time since last: 1000459700 ns, Reaching safepoint: 108400 ns, At safepoint: 6500 ns, Total: 114900 ns
[2020-10-05T10:07:54.642+0000][34308][safepoint    ] Safepoint "Cleanup", Time since last: 1000063800 ns, Reaching safepoint: 101500 ns, At safepoint: 2000 ns, Total: 103500 ns
[2020-10-05T10:07:55.643+0000][34308][safepoint    ] Safepoint "Cleanup", Time since last: 1000857500 ns, Reaching safepoint: 114100 ns, At safepoint: 5600 ns, Total: 119700 ns
[2020-10-05T10:07:56.643+0000][34308][safepoint    ] Safepoint "Cleanup", Time since last: 1000009300 ns, Reaching safepoint: 150200 ns, At safepoint: 8700 ns, Total: 158900 ns
[2020-10-05T10:07:57.644+0000][34308][safepoint    ] Safepoint "Cleanup", Time since last: 1000190000 ns, Reaching safepoint: 129200 ns, At safepoint: 5700 ns, Total: 134900 ns
[2020-10-05T10:07:59.644+0000][34308][safepoint    ] Safepoint "Cleanup", Time since last: 2000524500 ns, Reaching safepoint: 113200 ns, At safepoint: 4400 ns, Total: 117600 ns
[2020-10-05T10:08:00.645+0000][34308][safepoint    ] Safepoint "Cleanup", Time since last: 1000385000 ns, Reaching safepoint: 112600 ns, At safepoint: 2900 ns, Total: 115500 ns
[2020-10-05T10:08:01.645+0000][34308][safepoint    ] Safepoint "Cleanup", Time since last: 1000309900 ns, Reaching safepoint: 681300 ns, At safepoint: 14400 ns, Total: 695700 ns
[2020-10-05T10:08:03.646+0000][34308][safepoint    ] Safepoint "Cleanup", Time since last: 2000023800 ns, Reaching safepoint: 143700 ns, At safepoint: 9500 ns, Total: 153200 ns
[2020-10-05T10:08:04.646+0000][34308][safepoint    ] Safepoint "Cleanup", Time since last: 1000187200 ns, Reaching safepoint: 138700 ns, At safepoint: 9800 ns, Total: 148500 ns
[2020-10-05T10:08:05.647+0000][34308][safepoint    ] Safepoint "Cleanup", Time since last: 1000259500 ns, Reaching safepoint: 111400 ns, At safepoint: 3000 ns, Total: 114400 ns
[2020-10-05T10:08:06.647+0000][34308][safepoint    ] Safepoint "Cleanup", Time since last: 1000210000 ns, Reaching safepoint: 133600 ns, At safepoint: 9300 ns, Total: 142900 ns
[2020-10-05T10:08:07.648+0000][34308][safepoint    ] Safepoint "Cleanup", Time since last: 1000827900 ns, Reaching safepoint: 130700 ns, At safepoint: 7700 ns, Total: 138400 ns
[2020-10-05T10:08:08.648+0000][34308][safepoint    ] Safepoint "Cleanup", Time since last: 1000208800 ns, Reaching safepoint: 160400 ns, At safepoint: 10000 ns, Total: 170400 ns
[2020-10-05T10:08:09.649+0000][34308][safepoint    ] Safepoint "Cleanup", Time since last: 1000462800 ns, Reaching safepoint: 175000 ns, At safepoint: 9900 ns, Total: 184900 ns
[2020-10-05T10:08:10.650+0000][34308][safepoint    ] Safepoint "Cleanup", Time since last: 1000588200 ns, Reaching safepoint: 126100 ns, At safepoint: 10800 ns, Total: 136900 ns
[2020-10-05T10:08:11.650+0000][34308][safepoint    ] Safepoint "Cleanup", Time since last: 1000509900 ns, Reaching safepoint: 158400 ns, At safepoint: 9200 ns, Total: 167600 ns
[2020-10-05T10:08:12.651+0000][34308][safepoint    ] Safepoint "Cleanup", Time since last: 1000014900 ns, Reaching safepoint: 128800 ns, At safepoint: 21500 ns, Total: 150300 ns
[2020-10-05T10:08:13.651+0000][34308][safepoint    ] Safepoint "Cleanup", Time since last: 1000579900 ns, Reaching safepoint: 130300 ns, At safepoint: 8200 ns, Total: 138500 ns
[2020-10-05T10:08:14.652+0000][34308][safepoint    ] Safepoint "Cleanup", Time since last: 1000433100 ns, Reaching safepoint: 150400 ns, At safepoint: 11000 ns, Total: 161400 ns
[2020-10-05T10:08:15.652+0000][34308][safepoint    ] Safepoint "Cleanup", Time since last: 1000487200 ns, Reaching safepoint: 162500 ns, At safepoint: 10500 ns, Total: 173000 ns
[2020-10-05T10:08:16.653+0000][34308][safepoint    ] Safepoint "Cleanup", Time since last: 1000117800 ns, Reaching safepoint: 118500 ns, At safepoint: 7500 ns, Total: 126000 ns
[2020-10-05T10:08:17.653+0000][34308][safepoint    ] Safepoint "Cleanup", Time since last: 1000011400 ns, Reaching safepoint: 129300 ns, At safepoint: 8400 ns, Total: 137700 ns
[2020-10-05T10:08:18.653+0000][34308][safepoint    ] Safepoint "Cleanup", Time since last: 1000443400 ns, Reaching safepoint: 149400 ns, At safepoint: 7800 ns, Total: 157200 ns
[2020-10-05T10:08:20.654+0000][34308][safepoint    ] Safepoint "Cleanup", Time since last: 2000163700 ns, Reaching safepoint: 138600 ns, At safepoint: 6900 ns, Total: 145500 ns
[2020-10-05T10:08:22.341+0000][34308][safepoint    ] Safepoint "Cleanup", Time since last: 1687584500 ns, Reaching safepoint: 157300 ns, At safepoint: 7000 ns, Total: 164300 ns
[2020-10-05T10:08:23.342+0000][34308][safepoint    ] Safepoint "Cleanup", Time since last: 1000310400 ns, Reaching safepoint: 232600 ns, At safepoint: 8800 ns, Total: 241400 ns
[2020-10-05T10:08:24.342+0000][34308][safepoint    ] Safepoint "Cleanup", Time since last: 1000021300 ns, Reaching safepoint: 377400 ns, At safepoint: 13900 ns, Total: 391300 ns
[2020-10-05T10:08:26.343+0000][34308][safepoint    ] Safepoint "Cleanup", Time since last: 2000488400 ns, Reaching safepoint: 128100 ns, At safepoint: 5400 ns, Total: 133500 ns
[2020-10-05T10:08:27.343+0000][34308][safepoint    ] Safepoint "Cleanup", Time since last: 1000114500 ns, Reaching safepoint: 146100 ns, At safepoint: 13800 ns, Total: 159900 ns
[2020-10-05T10:08:28.344+0000][34308][safepoint    ] Safepoint "Cleanup", Time since last: 1000788200 ns, Reaching safepoint: 138400 ns, At safepoint: 5200 ns, Total: 143600 ns
[2020-10-05T10:08:29.344+0000][34308][safepoint    ] Safepoint "Cleanup", Time since last: 1000113200 ns, Reaching safepoint: 151000 ns, At safepoint: 5900 ns, Total: 156900 ns
[2020-10-05T10:08:30.345+0000][34308][safepoint    ] Safepoint "Cleanup", Time since last: 1000567500 ns, Reaching safepoint: 123200 ns, At safepoint: 6000 ns, Total: 129200 ns
[2020-10-05T10:08:31.346+0000][34308][safepoint    ] Safepoint "Cleanup", Time since last: 1000424400 ns, Reaching safepoint: 101000 ns, At safepoint: 6700 ns, Total: 107700 ns
[2020-10-05T10:08:32.346+0000][34308][safepoint    ] Safepoint "Cleanup", Time since last: 1000005100 ns, Reaching safepoint: 118600 ns, At safepoint: 5900 ns, Total: 124500 ns
[2020-10-05T10:08:33.346+0000][34308][safepoint    ] Safepoint "Cleanup", Time since last: 1000010700 ns, Reaching safepoint: 150000 ns, At safepoint: 5200 ns, Total: 155200 ns
[2020-10-05T10:08:34.346+0000][34308][safepoint    ] Safepoint "Cleanup", Time since last: 1000220700 ns, Reaching safepoint: 101900 ns, At safepoint: 6500 ns, Total: 108400 ns
[2020-10-05T10:08:35.347+0000][34308][safepoint    ] Safepoint "Cleanup", Time since last: 1000385400 ns, Reaching safepoint: 178200 ns, At safepoint: 5100 ns, Total: 183300 ns
[2020-10-05T10:08:36.347+0000][34308][safepoint    ] Safepoint "Cleanup", Time since last: 1000064500 ns, Reaching safepoint: 105200 ns, At safepoint: 6000 ns, Total: 111200 ns
[2020-10-05T10:08:37.348+0000][34308][safepoint    ] Safepoint "Cleanup", Time since last: 1000305400 ns, Reaching safepoint: 94400 ns, At safepoint: 5600 ns, Total: 100000 ns
[2020-10-05T10:08:38.348+0000][34308][safepoint    ] Safepoint "Cleanup", Time since last: 1000494400 ns, Reaching safepoint: 107800 ns, At safepoint: 4500 ns, Total: 112300 ns
[2020-10-05T10:08:39.349+0000][34308][safepoint    ] Safepoint "Cleanup", Time since last: 1000548500 ns, Reaching safepoint: 137600 ns, At safepoint: 8000 ns, Total: 145600 ns
[2020-10-05T10:08:40.349+0000][34308][safepoint    ] Safepoint "Cleanup", Time since last: 1000051000 ns, Reaching safepoint: 134400 ns, At safepoint: 6500 ns, Total: 140900 ns
[2020-10-05T10:08:41.350+0000][34308][safepoint    ] Safepoint "Cleanup", Time since last: 1000461100 ns, Reaching safepoint: 142000 ns, At safepoint: 7400 ns, Total: 149400 ns
[2020-10-05T10:08:42.350+0000][34308][safepoint    ] Safepoint "Cleanup", Time since last: 1000676100 ns, Reaching safepoint: 88800 ns, At safepoint: 3400 ns, Total: 92200 ns
[2020-10-05T10:08:43.351+0000][34308][safepoint    ] Safepoint "Cleanup", Time since last: 1000592400 ns, Reaching safepoint: 148300 ns, At safepoint: 9900 ns, Total: 158200 ns
[2020-10-05T10:08:45.351+0000][34308][safepoint    ] Safepoint "Cleanup", Time since last: 1999906200 ns, Reaching safepoint: 150200 ns, At safepoint: 7500 ns, Total: 157700 ns
[2020-10-05T10:08:47.351+0000][34308][safepoint    ] Safepoint "Cleanup", Time since last: 2000247800 ns, Reaching safepoint: 110700 ns, At safepoint: 4900 ns, Total: 115600 ns
[2020-10-05T10:08:48.352+0000][34308][safepoint    ] Safepoint "Cleanup", Time since last: 1000726200 ns, Reaching safepoint: 124500 ns, At safepoint: 8500 ns, Total: 133000 ns
[2020-10-05T10:08:50.353+0000][34308][safepoint    ] Safepoint "Cleanup", Time since last: 2000084600 ns, Reaching safepoint: 146100 ns, At safepoint: 8400 ns, Total: 154500 ns
[2020-10-05T10:08:52.340+0000][34308][safepoint    ] Safepoint "Cleanup", Time since last: 1987302500 ns, Reaching safepoint: 133000 ns, At safepoint: 4500 ns, Total: 137500 ns
[2020-10-05T10:08:53.341+0000][34308][safepoint    ] Safepoint "Cleanup", Time since last: 1000689100 ns, Reaching safepoint: 160500 ns, At safepoint: 5100 ns, Total: 165600 ns
[2020-10-05T10:08:55.342+0000][34308][safepoint    ] Safepoint "Cleanup", Time since last: 2000811400 ns, Reaching safepoint: 115100 ns, At safepoint: 4600 ns, Total: 119700 ns
[2020-10-05T10:08:56.342+0000][34308][safepoint    ] Safepoint "Cleanup", Time since last: 1000083500 ns, Reaching safepoint: 147000 ns, At safepoint: 4800 ns, Total: 151800 ns
[2020-10-05T10:08:57.343+0000][34308][safepoint    ] Safepoint "Cleanup", Time since last: 1000765500 ns, Reaching safepoint: 162500 ns, At safepoint: 4700 ns, Total: 167200 ns
[2020-10-05T10:08:58.343+0000][34308][safepoint    ] Safepoint "Cleanup", Time since last: 1000130800 ns, Reaching safepoint: 165300 ns, At safepoint: 4500 ns, Total: 169800 ns
[2020-10-05T10:08:59.344+0000][34308][safepoint    ] Safepoint "Cleanup", Time since last: 1000153100 ns, Reaching safepoint: 160700 ns, At safepoint: 5700 ns, Total: 166400 ns
[2020-10-05T10:09:00.344+0000][34308][safepoint    ] Safepoint "Cleanup", Time since last: 1000448800 ns, Reaching safepoint: 102300 ns, At safepoint: 4700 ns, Total: 107000 ns
[2020-10-05T10:09:01.344+0000][34308][safepoint    ] Safepoint "Cleanup", Time since last: 1000112800 ns, Reaching safepoint: 96200 ns, At safepoint: 4500 ns, Total: 100700 ns
[2020-10-05T10:09:02.345+0000][34308][safepoint    ] Safepoint "Cleanup", Time since last: 1000803000 ns, Reaching safepoint: 102200 ns, At safepoint: 5000 ns, Total: 107200 ns
[2020-10-05T10:09:03.346+0000][34308][safepoint    ] Safepoint "Cleanup", Time since last: 1000272900 ns, Reaching safepoint: 116400 ns, At safepoint: 6500 ns, Total: 122900 ns
[2020-10-05T10:09:04.346+0000][34308][safepoint    ] Safepoint "Cleanup", Time since last: 1000122800 ns, Reaching safepoint: 115900 ns, At safepoint: 11600 ns, Total: 127500 ns
[2020-10-05T10:09:06.346+0000][34308][safepoint    ] Safepoint "Cleanup", Time since last: 2000532200 ns, Reaching safepoint: 134700 ns, At safepoint: 6400 ns, Total: 141100 ns
[2020-10-05T10:09:07.347+0000][34308][safepoint    ] Safepoint "Cleanup", Time since last: 1000610000 ns, Reaching safepoint: 103700 ns, At safepoint: 4400 ns, Total: 108100 ns
[2020-10-05T10:09:08.348+0000][34308][safepoint    ] Safepoint "Cleanup", Time since last: 1000593600 ns, Reaching safepoint: 108600 ns, At safepoint: 5300 ns, Total: 113900 ns
[2020-10-05T10:09:09.349+0000][34308][safepoint    ] Safepoint "Cleanup", Time since last: 1000610400 ns, Reaching safepoint: 136800 ns, At safepoint: 3700 ns, Total: 140500 ns
[2020-10-05T10:09:11.349+0000][34308][safepoint    ] Safepoint "Cleanup", Time since last: 1999872700 ns, Reaching safepoint: 120200 ns, At safepoint: 1700 ns, Total: 121900 ns
[2020-10-05T10:09:12.350+0000][34308][safepoint    ] Safepoint "Cleanup", Time since last: 1000767900 ns, Reaching safepoint: 99900 ns, At safepoint: 6600 ns, Total: 106500 ns
[2020-10-05T10:09:13.350+0000][34308][safepoint    ] Safepoint "Cleanup", Time since last: 1000196100 ns, Reaching safepoint: 119300 ns, At safepoint: 2000 ns, Total: 121300 ns
[2020-10-05T10:09:14.350+0000][34308][safepoint    ] Safepoint "Cleanup", Time since last: 1000513200 ns, Reaching safepoint: 103200 ns, At safepoint: 4400 ns, Total: 107600 ns
[2020-10-05T10:09:16.351+0000][34308][safepoint    ] Safepoint "Cleanup", Time since last: 2000864200 ns, Reaching safepoint: 113100 ns, At safepoint: 4300 ns, Total: 117400 ns
[2020-10-05T10:09:17.352+0000][34308][safepoint    ] Safepoint "Cleanup", Time since last: 1000859400 ns, Reaching safepoint: 95100 ns, At safepoint: 5100 ns, Total: 100200 ns
[2020-10-05T10:09:18.353+0000][34308][safepoint    ] Safepoint "Cleanup", Time since last: 1000751600 ns, Reaching safepoint: 122600 ns, At safepoint: 5300 ns, Total: 127900 ns
[2020-10-05T10:09:19.354+0000][34308][safepoint    ] Safepoint "Cleanup", Time since last: 1000266900 ns, Reaching safepoint: 111000 ns, At safepoint: 10100 ns, Total: 121100 ns
[2020-10-05T10:09:20.354+0000][34308][safepoint    ] Safepoint "Cleanup", Time since last: 1000399400 ns, Reaching safepoint: 126200 ns, At safepoint: 4800 ns, Total: 131000 ns
[2020-10-05T10:09:21.355+0000][34308][safepoint    ] Safepoint "Cleanup", Time since last: 1000775900 ns, Reaching safepoint: 185500 ns, At safepoint: 5300 ns, Total: 190800 ns
[2020-10-05T10:09:22.355+0000][34308][safepoint    ] Safepoint "Cleanup", Time since last: 1000031000 ns, Reaching safepoint: 106700 ns, At safepoint: 4600 ns, Total: 111300 ns
[2020-10-05T10:09:23.356+0000][34308][safepoint    ] Safepoint "Cleanup", Time since last: 1000377100 ns, Reaching safepoint: 111800 ns, At safepoint: 5500 ns, Total: 117300 ns
[2020-10-05T10:09:24.357+0000][34308][safepoint    ] Safepoint "Cleanup", Time since last: 1000731900 ns, Reaching safepoint: 121700 ns, At safepoint: 5400 ns, Total: 127100 ns
[2020-10-05T10:09:25.357+0000][34308][safepoint    ] Safepoint "Cleanup", Time since last: 1000668600 ns, Reaching safepoint: 101000 ns, At safepoint: 4000 ns, Total: 105000 ns
[2020-10-05T10:09:26.358+0000][34308][safepoint    ] Safepoint "Cleanup", Time since last: 1000298800 ns, Reaching safepoint: 95900 ns, At safepoint: 5000 ns, Total: 100900 ns
[2020-10-05T10:09:27.359+0000][34308][safepoint    ] Safepoint "Cleanup", Time since last: 1000784600 ns, Reaching safepoint: 107800 ns, At safepoint: 7700 ns, Total: 115500 ns
[2020-10-05T10:09:28.359+0000][34308][safepoint    ] Safepoint "Cleanup", Time since last: 1000083900 ns, Reaching safepoint: 118400 ns, At safepoint: 6800 ns, Total: 125200 ns
[2020-10-05T10:09:29.818+0000][34308][safepoint    ] Safepoint "Cleanup", Time since last: 1459271400 ns, Reaching safepoint: 99300 ns, At safepoint: 5300 ns, Total: 104600 ns
[2020-10-05T10:09:30.818+0000][34308][safepoint    ] Safepoint "Cleanup", Time since last: 1000072100 ns, Reaching safepoint: 108000 ns, At safepoint: 4700 ns, Total: 112700 ns
[2020-10-05T10:09:31.819+0000][34308][safepoint    ] Safepoint "Cleanup", Time since last: 1000132100 ns, Reaching safepoint: 144600 ns, At safepoint: 5600 ns, Total: 150200 ns
[2020-10-05T10:09:32.819+0000][34308][safepoint    ] Safepoint "Cleanup", Time since last: 1000256500 ns, Reaching safepoint: 102700 ns, At safepoint: 2600 ns, Total: 105300 ns
[2020-10-05T10:09:33.819+0000][34308][safepoint    ] Safepoint "Cleanup", Time since last: 1000338300 ns, Reaching safepoint: 94300 ns, At safepoint: 4700 ns, Total: 99000 ns
[2020-10-05T10:09:34.820+0000][34308][safepoint    ] Safepoint "Cleanup", Time since last: 1000882500 ns, Reaching safepoint: 123600 ns, At safepoint: 5900 ns, Total: 129500 ns
[2020-10-05T10:09:35.821+0000][34308][safepoint    ] Safepoint "Cleanup", Time since last: 1000820200 ns, Reaching safepoint: 133300 ns, At safepoint: 9600 ns, Total: 142900 ns
[2020-10-05T10:09:36.822+0000][34308][safepoint    ] Safepoint "Cleanup", Time since last: 1000229200 ns, Reaching safepoint: 145800 ns, At safepoint: 8900 ns, Total: 154700 ns
[2020-10-05T10:09:37.822+0000][34308][safepoint    ] Safepoint "Cleanup", Time since last: 1000514300 ns, Reaching safepoint: 128900 ns, At safepoint: 9100 ns, Total: 138000 ns
[2020-10-05T10:09:38.823+0000][34308][safepoint    ] Safepoint "Cleanup", Time since last: 1000610800 ns, Reaching safepoint: 189200 ns, At safepoint: 10800 ns, Total: 200000 ns
[2020-10-05T10:09:40.824+0000][34308][safepoint    ] Safepoint "Cleanup", Time since last: 2000301600 ns, Reaching safepoint: 174500 ns, At safepoint: 7500 ns, Total: 182000 ns
[2020-10-05T10:09:41.825+0000][34308][safepoint    ] Safepoint "Cleanup", Time since last: 1000702800 ns, Reaching safepoint: 127400 ns, At safepoint: 8000 ns, Total: 135400 ns
[2020-10-05T10:09:42.825+0000][34308][safepoint    ] Safepoint "Cleanup", Time since last: 1000582100 ns, Reaching safepoint: 114100 ns, At safepoint: 4800 ns, Total: 118900 ns
[2020-10-05T10:09:44.825+0000][34308][safepoint    ] Safepoint "Cleanup", Time since last: 1999994500 ns, Reaching safepoint: 117200 ns, At safepoint: 6900 ns, Total: 124100 ns
[2020-10-05T10:09:45.826+0000][34308][safepoint    ] Safepoint "Cleanup", Time since last: 1000209800 ns, Reaching safepoint: 147500 ns, At safepoint: 6500 ns, Total: 154000 ns
[2020-10-05T10:09:46.826+0000][34308][safepoint    ] Safepoint "Cleanup", Time since last: 1000476900 ns, Reaching safepoint: 110800 ns, At safepoint: 6000 ns, Total: 116800 ns
[2020-10-05T10:09:47.827+0000][34308][safepoint    ] Safepoint "Cleanup", Time since last: 1000190600 ns, Reaching safepoint: 90300 ns, At safepoint: 3500 ns, Total: 93800 ns
[2020-10-05T10:09:48.827+0000][34308][safepoint    ] Safepoint "Cleanup", Time since last: 1000785800 ns, Reaching safepoint: 133600 ns, At safepoint: 5900 ns, Total: 139500 ns
[2020-10-05T10:09:49.828+0000][34308][safepoint    ] Safepoint "Cleanup", Time since last: 1000345900 ns, Reaching safepoint: 116500 ns, At safepoint: 5500 ns, Total: 122000 ns
[2020-10-05T10:09:51.342+0000][34308][safepoint    ] Safepoint "Cleanup", Time since last: 1514144800 ns, Reaching safepoint: 98300 ns, At safepoint: 20200 ns, Total: 118500 ns
[2020-10-05T10:09:52.343+0000][34308][safepoint    ] Safepoint "Cleanup", Time since last: 1000939200 ns, Reaching safepoint: 162900 ns, At safepoint: 7300 ns, Total: 170200 ns
[2020-10-05T10:09:53.344+0000][34308][safepoint    ] Safepoint "Cleanup", Time since last: 1000328200 ns, Reaching safepoint: 155100 ns, At safepoint: 8700 ns, Total: 163800 ns
[2020-10-05T10:09:54.344+0000][34308][safepoint    ] Safepoint "Cleanup", Time since last: 1000275700 ns, Reaching safepoint: 168300 ns, At safepoint: 8400 ns, Total: 176700 ns
[2020-10-05T10:09:55.345+0000][34308][safepoint    ] Safepoint "Cleanup", Time since last: 1000681600 ns, Reaching safepoint: 105400 ns, At safepoint: 6500 ns, Total: 111900 ns
[2020-10-05T10:09:56.345+0000][34308][safepoint    ] Safepoint "Cleanup", Time since last: 1000192300 ns, Reaching safepoint: 107500 ns, At safepoint: 11200 ns, Total: 118700 ns
[2020-10-05T10:09:57.346+0000][34308][safepoint    ] Safepoint "Cleanup", Time since last: 1000375100 ns, Reaching safepoint: 105400 ns, At safepoint: 3700 ns, Total: 109100 ns
[2020-10-05T10:09:58.397+0000][34308][safepoint    ] Safepoint "Cleanup", Time since last: 1052098500 ns, Reaching safepoint: 152500 ns, At safepoint: 61800 ns, Total: 214300 ns
[2020-10-05T10:09:59.985+0000][34308][safepoint    ] Safepoint "Cleanup", Time since last: 1586408200 ns, Reaching safepoint: 115300 ns, At safepoint: 5900 ns, Total: 121200 ns
[2020-10-05T10:10:00.986+0000][34308][safepoint    ] Safepoint "Cleanup", Time since last: 1000723900 ns, Reaching safepoint: 135400 ns, At safepoint: 6000 ns, Total: 141400 ns
[2020-10-05T10:10:02.986+0000][34308][safepoint    ] Safepoint "Cleanup", Time since last: 2000493200 ns, Reaching safepoint: 99300 ns, At safepoint: 5200 ns, Total: 104500 ns
[2020-10-05T10:10:03.986+0000][34308][safepoint    ] Safepoint "Cleanup", Time since last: 1000008600 ns, Reaching safepoint: 100600 ns, At safepoint: 6100 ns, Total: 106700 ns
[2020-10-05T10:10:04.987+0000][34308][safepoint    ] Safepoint "Cleanup", Time since last: 1000685100 ns, Reaching safepoint: 102200 ns, At safepoint: 5300 ns, Total: 107500 ns
[2020-10-05T10:10:05.988+0000][34308][safepoint    ] Safepoint "Cleanup", Time since last: 1000375300 ns, Reaching safepoint: 95600 ns, At safepoint: 4800 ns, Total: 100400 ns
[2020-10-05T10:10:06.988+0000][34308][safepoint    ] Safepoint "Cleanup", Time since last: 1000232900 ns, Reaching safepoint: 97600 ns, At safepoint: 4800 ns, Total: 102400 ns
[2020-10-05T10:10:07.988+0000][34308][safepoint    ] Safepoint "Cleanup", Time since last: 1000411000 ns, Reaching safepoint: 129700 ns, At safepoint: 11200 ns, Total: 140900 ns
[2020-10-05T10:10:09.989+0000][34308][safepoint    ] Safepoint "Cleanup", Time since last: 2000615600 ns, Reaching safepoint: 113900 ns, At safepoint: 4400 ns, Total: 118300 ns
[2020-10-05T10:10:10.989+0000][34308][safepoint    ] Safepoint "Cleanup", Time since last: 1000118100 ns, Reaching safepoint: 110700 ns, At safepoint: 4700 ns, Total: 115400 ns
[2020-10-05T10:10:11.990+0000][34308][safepoint    ] Safepoint "Cleanup", Time since last: 1000159900 ns, Reaching safepoint: 94400 ns, At safepoint: 5200 ns, Total: 99600 ns
[2020-10-05T10:10:12.990+0000][34308][safepoint    ] Safepoint "Cleanup", Time since last: 1000523500 ns, Reaching safepoint: 119600 ns, At safepoint: 7300 ns, Total: 126900 ns
[2020-10-05T10:10:13.991+0000][34308][safepoint    ] Safepoint "Cleanup", Time since last: 1000833900 ns, Reaching safepoint: 143900 ns, At safepoint: 6400 ns, Total: 150300 ns
[2020-10-05T10:10:14.992+0000][34308][safepoint    ] Safepoint "Cleanup", Time since last: 1000550200 ns, Reaching safepoint: 133200 ns, At safepoint: 4200 ns, Total: 137400 ns
[2020-10-05T10:10:16.992+0000][34308][safepoint    ] Safepoint "Cleanup", Time since last: 2000169100 ns, Reaching safepoint: 122300 ns, At safepoint: 5800 ns, Total: 128100 ns
[2020-10-05T10:10:17.992+0000][34308][safepoint    ] Safepoint "Cleanup", Time since last: 1000142000 ns, Reaching safepoint: 100900 ns, At safepoint: 5000 ns, Total: 105900 ns
[2020-10-05T10:10:18.993+0000][34308][safepoint    ] Safepoint "Cleanup", Time since last: 1000496700 ns, Reaching safepoint: 184500 ns, At safepoint: 5000 ns, Total: 189500 ns
[2020-10-05T10:10:19.994+0000][34308][safepoint    ] Safepoint "Cleanup", Time since last: 1000656600 ns, Reaching safepoint: 95400 ns, At safepoint: 6500 ns, Total: 101900 ns
[2020-10-05T10:10:20.995+0000][34308][safepoint    ] Safepoint "Cleanup", Time since last: 1000540400 ns, Reaching safepoint: 114300 ns, At safepoint: 5100 ns, Total: 119400 ns
[2020-10-05T10:10:22.345+0000][34308][safepoint    ] Safepoint "Cleanup", Time since last: 1350104700 ns, Reaching safepoint: 120700 ns, At safepoint: 2900 ns, Total: 123600 ns
[2020-10-05T10:10:24.345+0000][34308][safepoint    ] Safepoint "Cleanup", Time since last: 2000652000 ns, Reaching safepoint: 92600 ns, At safepoint: 2800 ns, Total: 95400 ns
[2020-10-05T10:10:25.346+0000][34308][safepoint    ] Safepoint "Cleanup", Time since last: 1000164500 ns, Reaching safepoint: 114400 ns, At safepoint: 6700 ns, Total: 121100 ns
[2020-10-05T10:10:26.346+0000][34308][safepoint    ] Safepoint "Cleanup", Time since last: 1000168500 ns, Reaching safepoint: 141200 ns, At safepoint: 8000 ns, Total: 149200 ns
[2020-10-05T10:10:27.346+0000][34308][safepoint    ] Safepoint "Cleanup", Time since last: 1000059800 ns, Reaching safepoint: 122100 ns, At safepoint: 6600 ns, Total: 128700 ns
[2020-10-05T10:10:28.347+0000][34308][safepoint    ] Safepoint "Cleanup", Time since last: 1000539400 ns, Reaching safepoint: 144700 ns, At safepoint: 11600 ns, Total: 156300 ns
[2020-10-05T10:10:29.347+0000][34308][safepoint    ] Safepoint "Cleanup", Time since last: 1000063000 ns, Reaching safepoint: 157900 ns, At safepoint: 7700 ns, Total: 165600 ns
[2020-10-05T10:10:30.348+0000][34308][safepoint    ] Safepoint "Cleanup", Time since last: 1000697800 ns, Reaching safepoint: 120200 ns, At safepoint: 8500 ns, Total: 128700 ns
[2020-10-05T10:10:31.349+0000][34308][safepoint    ] Safepoint "Cleanup", Time since last: 1000814200 ns, Reaching safepoint: 95000 ns, At safepoint: 9200 ns, Total: 104200 ns
[2020-10-05T10:10:32.349+0000][34308][safepoint    ] Safepoint "Cleanup", Time since last: 1000201500 ns, Reaching safepoint: 99300 ns, At safepoint: 5500 ns, Total: 104800 ns
[2020-10-05T10:10:33.349+0000][34308][safepoint    ] Safepoint "Cleanup", Time since last: 1000011100 ns, Reaching safepoint: 106200 ns, At safepoint: 4500 ns, Total: 110700 ns
[2020-10-05T10:10:34.350+0000][34308][safepoint    ] Safepoint "Cleanup", Time since last: 1000776300 ns, Reaching safepoint: 122900 ns, At safepoint: 5500 ns, Total: 128400 ns
[2020-10-05T10:10:35.351+0000][34308][safepoint    ] Safepoint "Cleanup", Time since last: 1000602400 ns, Reaching safepoint: 155300 ns, At safepoint: 8600 ns, Total: 163900 ns
[2020-10-05T10:10:37.351+0000][34308][safepoint    ] Safepoint "Cleanup", Time since last: 2000086500 ns, Reaching safepoint: 222700 ns, At safepoint: 6500 ns, Total: 229200 ns
[2020-10-05T10:10:39.351+0000][34308][safepoint    ] Safepoint "Cleanup", Time since last: 1999974100 ns, Reaching safepoint: 127700 ns, At safepoint: 5100 ns, Total: 132800 ns
[2020-10-05T10:10:41.352+0000][34308][safepoint    ] Safepoint "Cleanup", Time since last: 2000228300 ns, Reaching safepoint: 92200 ns, At safepoint: 4400 ns, Total: 96600 ns
[2020-10-05T10:10:42.352+0000][34308][safepoint    ] Safepoint "Cleanup", Time since last: 1000010500 ns, Reaching safepoint: 99200 ns, At safepoint: 5700 ns, Total: 104900 ns
[2020-10-05T10:10:43.352+0000][34308][safepoint    ] Safepoint "Cleanup", Time since last: 1000530700 ns, Reaching safepoint: 134100 ns, At safepoint: 5500 ns, Total: 139600 ns
[2020-10-05T10:10:44.353+0000][34308][safepoint    ] Safepoint "Cleanup", Time since last: 1000245000 ns, Reaching safepoint: 121900 ns, At safepoint: 4900 ns, Total: 126800 ns
[2020-10-05T10:10:45.354+0000][34308][safepoint    ] Safepoint "Cleanup", Time since last: 1000610400 ns, Reaching safepoint: 143900 ns, At safepoint: 5400 ns, Total: 149300 ns
[2020-10-05T10:10:46.354+0000][34308][safepoint    ] Safepoint "Cleanup", Time since last: 1000780400 ns, Reaching safepoint: 102900 ns, At safepoint: 2500 ns, Total: 105400 ns
[2020-10-05T10:10:47.355+0000][34308][safepoint    ] Safepoint "Cleanup", Time since last: 1000702400 ns, Reaching safepoint: 82000 ns, At safepoint: 3700 ns, Total: 85700 ns
[2020-10-05T10:10:48.356+0000][34308][safepoint    ] Safepoint "Cleanup", Time since last: 1000714900 ns, Reaching safepoint: 115300 ns, At safepoint: 5600 ns, Total: 120900 ns
[2020-10-05T10:10:50.357+0000][34308][safepoint    ] Safepoint "Cleanup", Time since last: 2000912600 ns, Reaching safepoint: 117400 ns, At safepoint: 4900 ns, Total: 122300 ns
[2020-10-05T10:10:51.357+0000][34308][safepoint    ] Safepoint "Cleanup", Time since last: 1000238800 ns, Reaching safepoint: 115200 ns, At safepoint: 4900 ns, Total: 120100 ns
[2020-10-05T10:10:52.358+0000][34308][safepoint    ] Safepoint "Cleanup", Time since last: 1000613900 ns, Reaching safepoint: 110300 ns, At safepoint: 4100 ns, Total: 114400 ns
[2020-10-05T10:10:53.359+0000][34308][safepoint    ] Safepoint "Cleanup", Time since last: 1000538000 ns, Reaching safepoint: 138700 ns, At safepoint: 4700 ns, Total: 143400 ns
[2020-10-05T10:10:54.359+0000][34308][safepoint    ] Safepoint "Cleanup", Time since last: 1000358400 ns, Reaching safepoint: 116900 ns, At safepoint: 4700 ns, Total: 121600 ns
[2020-10-05T10:10:56.360+0000][34308][safepoint    ] Safepoint "Cleanup", Time since last: 2000592400 ns, Reaching safepoint: 135000 ns, At safepoint: 6300 ns, Total: 141300 ns
[2020-10-05T10:10:57.360+0000][34308][safepoint    ] Safepoint "Cleanup", Time since last: 1000168700 ns, Reaching safepoint: 100200 ns, At safepoint: 6000 ns, Total: 106200 ns
[2020-10-05T10:10:58.361+0000][34308][safepoint    ] Safepoint "Cleanup", Time since last: 1000093300 ns, Reaching safepoint: 120700 ns, At safepoint: 8500 ns, Total: 129200 ns
[2020-10-05T10:10:59.361+0000][34308][safepoint    ] Safepoint "Cleanup", Time since last: 1000197200 ns, Reaching safepoint: 121100 ns, At safepoint: 7200 ns, Total: 128300 ns
[2020-10-05T10:11:00.361+0000][34308][safepoint    ] Safepoint "Cleanup", Time since last: 1000440700 ns, Reaching safepoint: 205300 ns, At safepoint: 7000 ns, Total: 212300 ns
[2020-10-05T10:11:01.362+0000][34308][safepoint    ] Safepoint "Cleanup", Time since last: 1000775500 ns, Reaching safepoint: 172000 ns, At safepoint: 4500 ns, Total: 176500 ns
[2020-10-05T10:11:02.363+0000][34308][safepoint    ] Safepoint "Cleanup", Time since last: 1000833300 ns, Reaching safepoint: 121800 ns, At safepoint: 11200 ns, Total: 133000 ns
[2020-10-05T10:11:03.364+0000][34308][safepoint    ] Safepoint "Cleanup", Time since last: 1000617600 ns, Reaching safepoint: 115900 ns, At safepoint: 4800 ns, Total: 120700 ns
[2020-10-05T10:11:04.365+0000][34308][safepoint    ] Safepoint "Cleanup", Time since last: 1000743700 ns, Reaching safepoint: 89500 ns, At safepoint: 3500 ns, Total: 93000 ns
[2020-10-05T10:11:05.365+0000][34308][safepoint    ] Safepoint "Cleanup", Time since last: 1000175300 ns, Reaching safepoint: 101200 ns, At safepoint: 5100 ns, Total: 106300 ns
[2020-10-05T10:11:06.366+0000][34308][safepoint    ] Safepoint "Cleanup", Time since last: 1000388100 ns, Reaching safepoint: 137900 ns, At safepoint: 4400 ns, Total: 142300 ns
[2020-10-05T10:11:07.366+0000][34308][safepoint    ] Safepoint "Cleanup", Time since last: 1000223000 ns, Reaching safepoint: 112800 ns, At safepoint: 4800 ns, Total: 117600 ns
[2020-10-05T10:11:08.366+0000][34308][safepoint    ] Safepoint "Cleanup", Time since last: 1000068500 ns, Reaching safepoint: 100000 ns, At safepoint: 4600 ns, Total: 104600 ns
[2020-10-05T10:11:09.367+0000][34308][safepoint    ] Safepoint "Cleanup", Time since last: 1000820600 ns, Reaching safepoint: 144300 ns, At safepoint: 5000 ns, Total: 149300 ns
[2020-10-05T10:11:10.368+0000][34308][safepoint    ] Safepoint "Cleanup", Time since last: 1000152600 ns, Reaching safepoint: 148400 ns, At safepoint: 6500 ns, Total: 154900 ns
[2020-10-05T10:11:11.368+0000][34308][safepoint    ] Safepoint "Cleanup", Time since last: 1000154300 ns, Reaching safepoint: 152000 ns, At safepoint: 6400 ns, Total: 158400 ns
[2020-10-05T10:11:12.369+0000][34308][safepoint    ] Safepoint "Cleanup", Time since last: 1000899100 ns, Reaching safepoint: 179200 ns, At safepoint: 11300 ns, Total: 190500 ns
[2020-10-05T10:11:13.369+0000][34308][safepoint    ] Safepoint "Cleanup", Time since last: 1000038700 ns, Reaching safepoint: 120600 ns, At safepoint: 4400 ns, Total: 125000 ns
[2020-10-05T10:11:14.370+0000][34308][safepoint    ] Safepoint "Cleanup", Time since last: 1000409000 ns, Reaching safepoint: 107600 ns, At safepoint: 4900 ns, Total: 112500 ns
[2020-10-05T10:11:15.370+0000][34308][safepoint    ] Safepoint "Cleanup", Time since last: 1000058700 ns, Reaching safepoint: 108500 ns, At safepoint: 3900 ns, Total: 112400 ns
[2020-10-05T10:11:16.370+0000][34308][safepoint    ] Safepoint "Cleanup", Time since last: 1000569900 ns, Reaching safepoint: 97200 ns, At safepoint: 5700 ns, Total: 102900 ns
[2020-10-05T10:11:17.371+0000][34308][safepoint    ] Safepoint "Cleanup", Time since last: 1000753500 ns, Reaching safepoint: 119400 ns, At safepoint: 5400 ns, Total: 124800 ns
[2020-10-05T10:11:19.372+0000][34308][safepoint    ] Safepoint "Cleanup", Time since last: 2000487300 ns, Reaching safepoint: 117700 ns, At safepoint: 5800 ns, Total: 123500 ns
[2020-10-05T10:11:20.372+0000][34308][safepoint    ] Safepoint "Cleanup", Time since last: 1000451300 ns, Reaching safepoint: 119400 ns, At safepoint: 5400 ns, Total: 124800 ns
[2020-10-05T10:11:21.373+0000][34308][safepoint    ] Safepoint "Cleanup", Time since last: 1000162900 ns, Reaching safepoint: 129900 ns, At safepoint: 9300 ns, Total: 139200 ns
[2020-10-05T10:11:23.373+0000][34308][safepoint    ] Safepoint "Cleanup", Time since last: 1999997700 ns, Reaching safepoint: 185500 ns, At safepoint: 6900 ns, Total: 192400 ns
[2020-10-05T10:11:25.374+0000][34308][safepoint    ] Safepoint "Cleanup", Time since last: 2000462800 ns, Reaching safepoint: 138600 ns, At safepoint: 7200 ns, Total: 145800 ns
[2020-10-05T10:11:26.374+0000][34308][safepoint    ] Safepoint "Cleanup", Time since last: 1000013100 ns, Reaching safepoint: 122600 ns, At safepoint: 5500 ns, Total: 128100 ns
[2020-10-05T10:11:27.374+0000][34308][safepoint    ] Safepoint "Cleanup", Time since last: 1000585200 ns, Reaching safepoint: 100900 ns, At safepoint: 8000 ns, Total: 108900 ns
[2020-10-05T10:11:28.375+0000][34308][safepoint    ] Safepoint "Cleanup", Time since last: 1000054900 ns, Reaching safepoint: 123000 ns, At safepoint: 5900 ns, Total: 128900 ns
[2020-10-05T10:11:30.335+0000][34308][safepoint    ] Safepoint "Cleanup", Time since last: 1960487300 ns, Reaching safepoint: 117500 ns, At safepoint: 6600 ns, Total: 124100 ns
[2020-10-05T10:11:31.335+0000][34308][safepoint    ] Safepoint "Cleanup", Time since last: 1000110000 ns, Reaching safepoint: 103400 ns, At safepoint: 3500 ns, Total: 106900 ns
[2020-10-05T10:11:32.336+0000][34308][safepoint    ] Safepoint "Cleanup", Time since last: 1000699300 ns, Reaching safepoint: 116700 ns, At safepoint: 5800 ns, Total: 122500 ns
[2020-10-05T10:11:33.337+0000][34308][safepoint    ] Safepoint "Cleanup", Time since last: 1000498300 ns, Reaching safepoint: 132500 ns, At safepoint: 6500 ns, Total: 139000 ns
[2020-10-05T10:11:34.338+0000][34308][safepoint    ] Safepoint "Cleanup", Time since last: 1000656100 ns, Reaching safepoint: 99500 ns, At safepoint: 18400 ns, Total: 117900 ns
[2020-10-05T10:11:36.338+0000][34308][safepoint    ] Safepoint "Cleanup", Time since last: 2000400700 ns, Reaching safepoint: 115400 ns, At safepoint: 5100 ns, Total: 120500 ns
[2020-10-05T10:11:37.339+0000][34308][safepoint    ] Safepoint "Cleanup", Time since last: 1000418700 ns, Reaching safepoint: 100200 ns, At safepoint: 5400 ns, Total: 105600 ns
[2020-10-05T10:11:38.340+0000][34308][safepoint    ] Safepoint "Cleanup", Time since last: 1000849500 ns, Reaching safepoint: 117600 ns, At safepoint: 5800 ns, Total: 123400 ns
[2020-10-05T10:11:39.340+0000][34308][safepoint    ] Safepoint "Cleanup", Time since last: 1000766800 ns, Reaching safepoint: 106100 ns, At safepoint: 4700 ns, Total: 110800 ns
[2020-10-05T10:11:40.341+0000][34308][safepoint    ] Safepoint "Cleanup", Time since last: 1000636800 ns, Reaching safepoint: 145200 ns, At safepoint: 6900 ns, Total: 152100 ns
[2020-10-05T10:11:41.341+0000][34308][safepoint    ] Safepoint "Cleanup", Time since last: 1000072100 ns, Reaching safepoint: 133600 ns, At safepoint: 8600 ns, Total: 142200 ns
[2020-10-05T10:11:42.342+0000][34308][safepoint    ] Safepoint "Cleanup", Time since last: 1000181200 ns, Reaching safepoint: 137300 ns, At safepoint: 10900 ns, Total: 148200 ns
[2020-10-05T10:11:43.343+0000][34308][safepoint    ] Safepoint "Cleanup", Time since last: 1000785200 ns, Reaching safepoint: 112100 ns, At safepoint: 5000 ns, Total: 117100 ns
[2020-10-05T10:11:44.343+0000][34308][safepoint    ] Safepoint "Cleanup", Time since last: 1000648300 ns, Reaching safepoint: 117900 ns, At safepoint: 5700 ns, Total: 123600 ns
[2020-10-05T10:11:45.344+0000][34308][safepoint    ] Safepoint "Cleanup", Time since last: 1000101600 ns, Reaching safepoint: 119100 ns, At safepoint: 4800 ns, Total: 123900 ns
[2020-10-05T10:11:46.345+0000][34308][safepoint    ] Safepoint "Cleanup", Time since last: 1000771700 ns, Reaching safepoint: 126300 ns, At safepoint: 5300 ns, Total: 131600 ns
[2020-10-05T10:11:47.345+0000][34308][safepoint    ] Safepoint "Cleanup", Time since last: 1000683700 ns, Reaching safepoint: 147600 ns, At safepoint: 5400 ns, Total: 153000 ns
[2020-10-05T10:11:48.346+0000][34308][safepoint    ] Safepoint "Cleanup", Time since last: 1000124000 ns, Reaching safepoint: 128300 ns, At safepoint: 4400 ns, Total: 132700 ns
[2020-10-05T10:11:49.346+0000][34308][safepoint    ] Safepoint "Cleanup", Time since last: 1000142900 ns, Reaching safepoint: 165200 ns, At safepoint: 6300 ns, Total: 171500 ns
[2020-10-05T10:11:50.347+0000][34308][safepoint    ] Safepoint "Cleanup", Time since last: 1000667300 ns, Reaching safepoint: 141700 ns, At safepoint: 5100 ns, Total: 146800 ns
[2020-10-05T10:11:51.347+0000][34308][safepoint    ] Safepoint "Cleanup", Time since last: 1000165300 ns, Reaching safepoint: 194100 ns, At safepoint: 5900 ns, Total: 200000 ns
[2020-10-05T10:11:53.348+0000][34308][safepoint    ] Safepoint "Cleanup", Time since last: 2000251300 ns, Reaching safepoint: 98500 ns, At safepoint: 4700 ns, Total: 103200 ns
[2020-10-05T10:11:54.348+0000][34308][safepoint    ] Safepoint "Cleanup", Time since last: 1000517800 ns, Reaching safepoint: 130500 ns, At safepoint: 4600 ns, Total: 135100 ns
[2020-10-05T10:11:55.348+0000][34308][safepoint    ] Safepoint "Cleanup", Time since last: 1000015500 ns, Reaching safepoint: 104600 ns, At safepoint: 5100 ns, Total: 109700 ns
[2020-10-05T10:11:56.349+0000][34308][safepoint    ] Safepoint "Cleanup", Time since last: 1000260200 ns, Reaching safepoint: 98200 ns, At safepoint: 5000 ns, Total: 103200 ns
[2020-10-05T10:11:57.349+0000][34308][safepoint    ] Safepoint "Cleanup", Time since last: 1000393200 ns, Reaching safepoint: 120700 ns, At safepoint: 5100 ns, Total: 125800 ns
[2020-10-05T10:11:58.349+0000][34308][safepoint    ] Safepoint "Cleanup", Time since last: 1000054700 ns, Reaching safepoint: 118300 ns, At safepoint: 6400 ns, Total: 124700 ns
[2020-10-05T10:11:59.350+0000][34308][safepoint    ] Safepoint "Cleanup", Time since last: 1000768000 ns, Reaching safepoint: 113300 ns, At safepoint: 5300 ns, Total: 118600 ns
[2020-10-05T10:12:00.351+0000][34308][safepoint    ] Safepoint "Cleanup", Time since last: 1000559000 ns, Reaching safepoint: 125400 ns, At safepoint: 7400 ns, Total: 132800 ns
[2020-10-05T10:12:01.351+0000][34308][safepoint    ] Safepoint "Cleanup", Time since last: 1000097900 ns, Reaching safepoint: 132500 ns, At safepoint: 5100 ns, Total: 137600 ns
[2020-10-05T10:12:02.352+0000][34308][safepoint    ] Safepoint "Cleanup", Time since last: 1000690300 ns, Reaching safepoint: 91500 ns, At safepoint: 5100 ns, Total: 96600 ns
[2020-10-05T10:12:03.352+0000][34308][safepoint    ] Safepoint "Cleanup", Time since last: 1000075000 ns, Reaching safepoint: 232300 ns, At safepoint: 6700 ns, Total: 239000 ns
[2020-10-05T10:12:04.353+0000][34308][safepoint    ] Safepoint "Cleanup", Time since last: 1000179600 ns, Reaching safepoint: 250700 ns, At safepoint: 15400 ns, Total: 266100 ns
[2020-10-05T10:12:05.353+0000][34308][safepoint    ] Safepoint "Cleanup", Time since last: 1000210600 ns, Reaching safepoint: 290700 ns, At safepoint: 21400 ns, Total: 312100 ns
[2020-10-05T10:12:06.354+0000][34308][safepoint    ] Safepoint "Cleanup", Time since last: 1000392600 ns, Reaching safepoint: 108100 ns, At safepoint: 5400 ns, Total: 113500 ns
[2020-10-05T10:12:07.354+0000][34308][safepoint    ] Safepoint "Cleanup", Time since last: 1000103100 ns, Reaching safepoint: 121900 ns, At safepoint: 5900 ns, Total: 127800 ns
[2020-10-05T10:12:08.354+0000][34308][safepoint    ] Safepoint "Cleanup", Time since last: 1000117800 ns, Reaching safepoint: 118100 ns, At safepoint: 6100 ns, Total: 124200 ns
[2020-10-05T10:12:09.355+0000][34308][safepoint    ] Safepoint "Cleanup", Time since last: 1000316200 ns, Reaching safepoint: 128900 ns, At safepoint: 7600 ns, Total: 136500 ns
[2020-10-05T10:12:11.356+0000][34308][safepoint    ] Safepoint "Cleanup", Time since last: 2000889200 ns, Reaching safepoint: 160900 ns, At safepoint: 5100 ns, Total: 166000 ns
[2020-10-05T10:12:12.356+0000][34308][safepoint    ] Safepoint "Cleanup", Time since last: 1000313200 ns, Reaching safepoint: 138700 ns, At safepoint: 5800 ns, Total: 144500 ns
[2020-10-05T10:12:14.356+0000][34308][safepoint    ] Safepoint "Cleanup", Time since last: 2000213600 ns, Reaching safepoint: 125600 ns, At safepoint: 6900 ns, Total: 132500 ns
[2020-10-05T10:12:15.357+0000][34308][safepoint    ] Safepoint "Cleanup", Time since last: 1000734900 ns, Reaching safepoint: 124100 ns, At safepoint: 4500 ns, Total: 128600 ns
[2020-10-05T10:12:17.358+0000][34308][safepoint    ] Safepoint "Cleanup", Time since last: 2000209900 ns, Reaching safepoint: 126300 ns, At safepoint: 5800 ns, Total: 132100 ns
[2020-10-05T10:12:18.894+0000][34308][safepoint    ] Safepoint "Cleanup", Time since last: 1536647000 ns, Reaching safepoint: 120400 ns, At safepoint: 6300 ns, Total: 126700 ns
[2020-10-05T10:12:19.895+0000][34308][safepoint    ] Safepoint "Cleanup", Time since last: 1000280500 ns, Reaching safepoint: 140300 ns, At safepoint: 7100 ns, Total: 147400 ns
[2020-10-05T10:12:20.895+0000][34308][safepoint    ] Safepoint "Cleanup", Time since last: 1000242900 ns, Reaching safepoint: 179000 ns, At safepoint: 7500 ns, Total: 186500 ns
[2020-10-05T10:12:21.896+0000][34308][safepoint    ] Safepoint "Cleanup", Time since last: 1000489700 ns, Reaching safepoint: 130500 ns, At safepoint: 7300 ns, Total: 137800 ns
[2020-10-05T10:12:22.896+0000][34308][safepoint    ] Safepoint "Cleanup", Time since last: 1000350700 ns, Reaching safepoint: 398300 ns, At safepoint: 18200 ns, Total: 416500 ns
[2020-10-05T10:12:24.897+0000][34308][safepoint    ] Safepoint "Cleanup", Time since last: 2000581000 ns, Reaching safepoint: 150000 ns, At safepoint: 8000 ns, Total: 158000 ns
[2020-10-05T10:12:25.898+0000][34308][safepoint    ] Safepoint "Cleanup", Time since last: 1000493300 ns, Reaching safepoint: 147400 ns, At safepoint: 8800 ns, Total: 156200 ns
[2020-10-05T10:12:27.898+0000][34308][safepoint    ] Safepoint "Cleanup", Time since last: 2000099700 ns, Reaching safepoint: 102400 ns, At safepoint: 5900 ns, Total: 108300 ns
[2020-10-05T10:12:28.899+0000][34308][safepoint    ] Safepoint "Cleanup", Time since last: 1000221700 ns, Reaching safepoint: 93800 ns, At safepoint: 2400 ns, Total: 96200 ns
[2020-10-05T10:12:29.899+0000][34308][safepoint    ] Safepoint "Cleanup", Time since last: 1000405900 ns, Reaching safepoint: 169900 ns, At safepoint: 9700 ns, Total: 179600 ns
[2020-10-05T10:12:30.899+0000][34308][safepoint    ] Safepoint "Cleanup", Time since last: 1000174400 ns, Reaching safepoint: 157400 ns, At safepoint: 7400 ns, Total: 164800 ns
[2020-10-05T10:12:31.900+0000][34308][safepoint    ] Safepoint "Cleanup", Time since last: 1000289900 ns, Reaching safepoint: 115500 ns, At safepoint: 2900 ns, Total: 118400 ns
[2020-10-05T10:12:32.901+0000][34308][safepoint    ] Safepoint "Cleanup", Time since last: 1000658900 ns, Reaching safepoint: 114000 ns, At safepoint: 10400 ns, Total: 124400 ns
[2020-10-05T10:12:33.901+0000][34308][safepoint    ] Safepoint "Cleanup", Time since last: 1000476300 ns, Reaching safepoint: 106500 ns, At safepoint: 5600 ns, Total: 112100 ns
[2020-10-05T10:12:34.901+0000][34308][safepoint    ] Safepoint "Cleanup", Time since last: 1000102700 ns, Reaching safepoint: 135200 ns, At safepoint: 5400 ns, Total: 140600 ns
[2020-10-05T10:12:35.902+0000][34308][safepoint    ] Safepoint "Cleanup", Time since last: 1000274300 ns, Reaching safepoint: 172000 ns, At safepoint: 8800 ns, Total: 180800 ns
[2020-10-05T10:12:36.902+0000][34308][safepoint    ] Safepoint "Cleanup", Time since last: 1000420600 ns, Reaching safepoint: 113600 ns, At safepoint: 7000 ns, Total: 120600 ns
[2020-10-05T10:12:37.903+0000][34308][safepoint    ] Safepoint "Cleanup", Time since last: 1000429200 ns, Reaching safepoint: 95500 ns, At safepoint: 3200 ns, Total: 98700 ns
[2020-10-05T10:12:38.903+0000][34308][safepoint    ] Safepoint "Cleanup", Time since last: 1000389500 ns, Reaching safepoint: 193300 ns, At safepoint: 4700 ns, Total: 198000 ns
[2020-10-05T10:12:39.904+0000][34308][safepoint    ] Safepoint "Cleanup", Time since last: 1000473100 ns, Reaching safepoint: 92700 ns, At safepoint: 2600 ns, Total: 95300 ns
[2020-10-05T10:12:40.905+0000][34308][safepoint    ] Safepoint "Cleanup", Time since last: 1000546500 ns, Reaching safepoint: 212000 ns, At safepoint: 9700 ns, Total: 221700 ns
[2020-10-05T10:12:41.905+0000][34308][safepoint    ] Safepoint "Cleanup", Time since last: 1000457100 ns, Reaching safepoint: 124700 ns, At safepoint: 6200 ns, Total: 130900 ns
[2020-10-05T10:12:42.906+0000][34308][safepoint    ] Safepoint "Cleanup", Time since last: 1000739100 ns, Reaching safepoint: 96200 ns, At safepoint: 6700 ns, Total: 102900 ns
[2020-10-05T10:12:43.907+0000][34308][safepoint    ] Safepoint "Cleanup", Time since last: 1000843500 ns, Reaching safepoint: 134300 ns, At safepoint: 4900 ns, Total: 139200 ns
[2020-10-05T10:12:44.908+0000][34308][safepoint    ] Safepoint "Cleanup", Time since last: 1000367800 ns, Reaching safepoint: 128000 ns, At safepoint: 7000 ns, Total: 135000 ns
[2020-10-05T10:12:45.908+0000][34308][safepoint    ] Safepoint "Cleanup", Time since last: 1000126500 ns, Reaching safepoint: 117000 ns, At safepoint: 6600 ns, Total: 123600 ns
[2020-10-05T10:12:47.909+0000][34308][safepoint    ] Safepoint "Cleanup", Time since last: 2000423300 ns, Reaching safepoint: 106900 ns, At safepoint: 3400 ns, Total: 110300 ns
[2020-10-05T10:12:48.909+0000][34308][safepoint    ] Safepoint "Cleanup", Time since last: 1000433600 ns, Reaching safepoint: 133100 ns, At safepoint: 7800 ns, Total: 140900 ns
[2020-10-05T10:12:49.910+0000][34308][safepoint    ] Safepoint "Cleanup", Time since last: 1000654400 ns, Reaching safepoint: 126200 ns, At safepoint: 7000 ns, Total: 133200 ns
[2020-10-05T10:12:50.911+0000][34308][safepoint    ] Safepoint "Cleanup", Time since last: 1000889700 ns, Reaching safepoint: 103700 ns, At safepoint: 5400 ns, Total: 109100 ns
[2020-10-05T10:12:51.911+0000][34308][safepoint    ] Safepoint "Cleanup", Time since last: 1000433500 ns, Reaching safepoint: 104000 ns, At safepoint: 7400 ns, Total: 111400 ns
[2020-10-05T10:12:52.912+0000][34308][safepoint    ] Safepoint "Cleanup", Time since last: 1000498600 ns, Reaching safepoint: 130800 ns, At safepoint: 4000 ns, Total: 134800 ns
[2020-10-05T10:12:53.912+0000][34308][safepoint    ] Safepoint "Cleanup", Time since last: 1000110500 ns, Reaching safepoint: 115100 ns, At safepoint: 9700 ns, Total: 124800 ns
[2020-10-05T10:12:54.913+0000][34308][safepoint    ] Safepoint "Cleanup", Time since last: 1000920700 ns, Reaching safepoint: 126300 ns, At safepoint: 5300 ns, Total: 131600 ns
[2020-10-05T10:12:55.914+0000][34308][safepoint    ] Safepoint "Cleanup", Time since last: 1000468900 ns, Reaching safepoint: 100600 ns, At safepoint: 3000 ns, Total: 103600 ns
[2020-10-05T10:12:56.914+0000][34308][safepoint    ] Safepoint "Cleanup", Time since last: 1000298300 ns, Reaching safepoint: 100400 ns, At safepoint: 10700 ns, Total: 111100 ns
[2020-10-05T10:12:57.915+0000][34308][safepoint    ] Safepoint "Cleanup", Time since last: 1000341900 ns, Reaching safepoint: 97100 ns, At safepoint: 5100 ns, Total: 102200 ns
[2020-10-05T10:12:58.916+0000][34308][safepoint    ] Safepoint "Cleanup", Time since last: 1000824400 ns, Reaching safepoint: 114000 ns, At safepoint: 4400 ns, Total: 118400 ns
[2020-10-05T10:12:59.916+0000][34308][safepoint    ] Safepoint "Cleanup", Time since last: 1000405600 ns, Reaching safepoint: 128100 ns, At safepoint: 4800 ns, Total: 132900 ns
[2020-10-05T10:13:01.916+0000][34308][safepoint    ] Safepoint "Cleanup", Time since last: 2000240700 ns, Reaching safepoint: 111700 ns, At safepoint: 4500 ns, Total: 116200 ns
[2020-10-05T10:13:02.917+0000][34308][safepoint    ] Safepoint "Cleanup", Time since last: 1000303800 ns, Reaching safepoint: 181200 ns, At safepoint: 5200 ns, Total: 186400 ns
[2020-10-05T10:13:03.917+0000][34308][safepoint    ] Safepoint "Cleanup", Time since last: 1000085200 ns, Reaching safepoint: 150600 ns, At safepoint: 4700 ns, Total: 155300 ns
[2020-10-05T10:13:04.918+0000][34308][safepoint    ] Safepoint "Cleanup", Time since last: 1000320000 ns, Reaching safepoint: 100500 ns, At safepoint: 5000 ns, Total: 105500 ns
[2020-10-05T10:13:05.918+0000][34308][safepoint    ] Safepoint "Cleanup", Time since last: 1000396200 ns, Reaching safepoint: 106000 ns, At safepoint: 5400 ns, Total: 111400 ns
[2020-10-05T10:13:06.919+0000][34308][safepoint    ] Safepoint "Cleanup", Time since last: 1000701100 ns, Reaching safepoint: 107200 ns, At safepoint: 6500 ns, Total: 113700 ns
[2020-10-05T10:13:07.919+0000][34308][safepoint    ] Safepoint "Cleanup", Time since last: 1000353500 ns, Reaching safepoint: 164000 ns, At safepoint: 5500 ns, Total: 169500 ns
[2020-10-05T10:13:08.920+0000][34308][safepoint    ] Safepoint "Cleanup", Time since last: 1000423300 ns, Reaching safepoint: 108000 ns, At safepoint: 4700 ns, Total: 112700 ns
[2020-10-05T10:13:09.921+0000][34308][safepoint    ] Safepoint "Cleanup", Time since last: 1000674300 ns, Reaching safepoint: 100100 ns, At safepoint: 4500 ns, Total: 104600 ns
[2020-10-05T10:13:10.921+0000][34308][safepoint    ] Safepoint "Cleanup", Time since last: 1000512000 ns, Reaching safepoint: 111100 ns, At safepoint: 4500 ns, Total: 115600 ns
[2020-10-05T10:13:11.922+0000][34308][safepoint    ] Safepoint "Cleanup", Time since last: 1000604000 ns, Reaching safepoint: 137000 ns, At safepoint: 5000 ns, Total: 142000 ns
[2020-10-05T10:13:12.923+0000][34308][safepoint    ] Safepoint "Cleanup", Time since last: 1000403700 ns, Reaching safepoint: 128600 ns, At safepoint: 5900 ns, Total: 134500 ns
[2020-10-05T10:13:13.923+0000][34308][safepoint    ] Safepoint "Cleanup", Time since last: 1000295000 ns, Reaching safepoint: 267700 ns, At safepoint: 8600 ns, Total: 276300 ns
[2020-10-05T10:13:15.924+0000][34308][safepoint    ] Safepoint "Cleanup", Time since last: 2000454100 ns, Reaching safepoint: 159600 ns, At safepoint: 5300 ns, Total: 164900 ns
[2020-10-05T10:13:17.924+0000][34308][safepoint    ] Safepoint "Cleanup", Time since last: 1999953300 ns, Reaching safepoint: 132200 ns, At safepoint: 17000 ns, Total: 149200 ns
[2020-10-05T10:13:18.925+0000][34308][safepoint    ] Safepoint "Cleanup", Time since last: 1000524000 ns, Reaching safepoint: 104500 ns, At safepoint: 6800 ns, Total: 111300 ns
[2020-10-05T10:13:19.925+0000][34308][safepoint    ] Safepoint "Cleanup", Time since last: 1000393600 ns, Reaching safepoint: 125800 ns, At safepoint: 6800 ns, Total: 132600 ns
[2020-10-05T10:13:20.925+0000][34308][safepoint    ] Safepoint "Cleanup", Time since last: 1000022300 ns, Reaching safepoint: 116300 ns, At safepoint: 5000 ns, Total: 121300 ns
[2020-10-05T10:13:22.359+0000][34308][safepoint    ] Safepoint "Cleanup", Time since last: 1433464100 ns, Reaching safepoint: 96500 ns, At safepoint: 3700 ns, Total: 100200 ns
[2020-10-05T10:13:24.359+0000][34308][safepoint    ] Safepoint "Cleanup", Time since last: 2000287000 ns, Reaching safepoint: 103600 ns, At safepoint: 4100 ns, Total: 107700 ns
[2020-10-05T10:13:25.360+0000][34308][safepoint    ] Safepoint "Cleanup", Time since last: 1000408800 ns, Reaching safepoint: 208900 ns, At safepoint: 12300 ns, Total: 221200 ns
[2020-10-05T10:13:27.360+0000][34308][safepoint    ] Safepoint "Cleanup", Time since last: 2000600900 ns, Reaching safepoint: 98100 ns, At safepoint: 4400 ns, Total: 102500 ns
[2020-10-05T10:13:28.361+0000][34308][safepoint    ] Safepoint "Cleanup", Time since last: 1000164300 ns, Reaching safepoint: 131900 ns, At safepoint: 5200 ns, Total: 137100 ns
[2020-10-05T10:13:30.362+0000][34308][safepoint    ] Safepoint "Cleanup", Time since last: 2000612700 ns, Reaching safepoint: 92900 ns, At safepoint: 4600 ns, Total: 97500 ns
[2020-10-05T10:13:31.362+0000][34308][safepoint    ] Safepoint "Cleanup", Time since last: 1000134800 ns, Reaching safepoint: 97400 ns, At safepoint: 4100 ns, Total: 101500 ns
[2020-10-05T10:13:32.362+0000][34308][safepoint    ] Safepoint "Cleanup", Time since last: 1000174900 ns, Reaching safepoint: 143000 ns, At safepoint: 8100 ns, Total: 151100 ns
[2020-10-05T10:13:33.363+0000][34308][safepoint    ] Safepoint "Cleanup", Time since last: 1000585400 ns, Reaching safepoint: 118400 ns, At safepoint: 4600 ns, Total: 123000 ns
[2020-10-05T10:13:34.363+0000][34308][safepoint    ] Safepoint "Cleanup", Time since last: 1000272300 ns, Reaching safepoint: 109000 ns, At safepoint: 6000 ns, Total: 115000 ns
[2020-10-05T10:13:35.363+0000][34308][safepoint    ] Safepoint "Cleanup", Time since last: 1000179600 ns, Reaching safepoint: 175900 ns, At safepoint: 4800 ns, Total: 180700 ns
[2020-10-05T10:13:36.364+0000][34308][safepoint    ] Safepoint "Cleanup", Time since last: 1000095500 ns, Reaching safepoint: 115400 ns, At safepoint: 4200 ns, Total: 119600 ns
[2020-10-05T10:13:37.364+0000][34308][safepoint    ] Safepoint "Cleanup", Time since last: 1000393400 ns, Reaching safepoint: 133800 ns, At safepoint: 6000 ns, Total: 139800 ns
[2020-10-05T10:13:38.364+0000][34308][safepoint    ] Safepoint "Cleanup", Time since last: 1000049200 ns, Reaching safepoint: 129900 ns, At safepoint: 5300 ns, Total: 135200 ns
[2020-10-05T10:13:39.365+0000][34308][safepoint    ] Safepoint "Cleanup", Time since last: 1000206000 ns, Reaching safepoint: 121800 ns, At safepoint: 4900 ns, Total: 126700 ns
[2020-10-05T10:13:40.366+0000][34308][safepoint    ] Safepoint "Cleanup", Time since last: 1000811900 ns, Reaching safepoint: 118100 ns, At safepoint: 4400 ns, Total: 122500 ns
[2020-10-05T10:13:41.367+0000][34308][safepoint    ] Safepoint "Cleanup", Time since last: 1000819600 ns, Reaching safepoint: 104300 ns, At safepoint: 6900 ns, Total: 111200 ns
[2020-10-05T10:13:42.367+0000][34308][safepoint    ] Safepoint "Cleanup", Time since last: 1000469200 ns, Reaching safepoint: 149900 ns, At safepoint: 4300 ns, Total: 154200 ns
[2020-10-05T10:13:43.368+0000][34308][safepoint    ] Safepoint "Cleanup", Time since last: 1000493700 ns, Reaching safepoint: 99600 ns, At safepoint: 4500 ns, Total: 104100 ns
[2020-10-05T10:13:44.369+0000][34308][safepoint    ] Safepoint "Cleanup", Time since last: 1000605300 ns, Reaching safepoint: 116900 ns, At safepoint: 6300 ns, Total: 123200 ns
[2020-10-05T10:13:45.370+0000][34308][safepoint    ] Safepoint "Cleanup", Time since last: 1000847200 ns, Reaching safepoint: 82600 ns, At safepoint: 3500 ns, Total: 86100 ns
[2020-10-05T10:13:46.370+0000][34308][safepoint    ] Safepoint "Cleanup", Time since last: 1000029000 ns, Reaching safepoint: 145700 ns, At safepoint: 8300 ns, Total: 154000 ns
[2020-10-05T10:13:47.370+0000][34308][safepoint    ] Safepoint "Cleanup", Time since last: 1000306000 ns, Reaching safepoint: 132000 ns, At safepoint: 6700 ns, Total: 138700 ns
[2020-10-05T10:13:48.371+0000][34308][safepoint    ] Safepoint "Cleanup", Time since last: 1000311400 ns, Reaching safepoint: 105600 ns, At safepoint: 5100 ns, Total: 110700 ns
[2020-10-05T10:13:49.371+0000][34308][safepoint    ] Safepoint "Cleanup", Time since last: 1000627500 ns, Reaching safepoint: 117000 ns, At safepoint: 4400 ns, Total: 121400 ns
[2020-10-05T10:13:50.372+0000][34308][safepoint    ] Safepoint "Cleanup", Time since last: 1000500100 ns, Reaching safepoint: 109200 ns, At safepoint: 5900 ns, Total: 115100 ns
[2020-10-05T10:13:52.373+0000][34308][safepoint    ] Safepoint "Cleanup", Time since last: 2000668900 ns, Reaching safepoint: 101400 ns, At safepoint: 3900 ns, Total: 105300 ns
[2020-10-05T10:13:53.374+0000][34308][safepoint    ] Safepoint "Cleanup", Time since last: 1000833800 ns, Reaching safepoint: 124000 ns, At safepoint: 5200 ns, Total: 129200 ns
[2020-10-05T10:13:54.374+0000][34308][safepoint    ] Safepoint "Cleanup", Time since last: 1000472600 ns, Reaching safepoint: 105900 ns, At safepoint: 5300 ns, Total: 111200 ns
[2020-10-05T10:13:55.374+0000][34308][safepoint    ] Safepoint "Cleanup", Time since last: 1000003400 ns, Reaching safepoint: 201000 ns, At safepoint: 9200 ns, Total: 210200 ns
[2020-10-05T10:13:56.375+0000][34308][safepoint    ] Safepoint "Cleanup", Time since last: 1000193200 ns, Reaching safepoint: 115400 ns, At safepoint: 4800 ns, Total: 120200 ns
[2020-10-05T10:13:57.376+0000][34308][safepoint    ] Safepoint "Cleanup", Time since last: 1000711200 ns, Reaching safepoint: 105500 ns, At safepoint: 6000 ns, Total: 111500 ns
[2020-10-05T10:13:59.100+0000][34308][safepoint    ] Safepoint "Cleanup", Time since last: 1724169100 ns, Reaching safepoint: 152100 ns, At safepoint: 9400 ns, Total: 161500 ns
[2020-10-05T10:14:00.100+0000][34308][safepoint    ] Safepoint "Cleanup", Time since last: 1000245000 ns, Reaching safepoint: 124300 ns, At safepoint: 4000 ns, Total: 128300 ns
[2020-10-05T10:14:01.100+0000][34308][safepoint    ] Safepoint "Cleanup", Time since last: 1000083300 ns, Reaching safepoint: 131400 ns, At safepoint: 7200 ns, Total: 138600 ns
[2020-10-05T10:14:03.101+0000][34308][safepoint    ] Safepoint "Cleanup", Time since last: 2000909500 ns, Reaching safepoint: 136800 ns, At safepoint: 4200 ns, Total: 141000 ns
[2020-10-05T10:14:05.102+0000][34308][safepoint    ] Safepoint "Cleanup", Time since last: 2000266600 ns, Reaching safepoint: 136100 ns, At safepoint: 9200 ns, Total: 145300 ns
[2020-10-05T10:14:06.103+0000][34308][safepoint    ] Safepoint "Cleanup", Time since last: 1000535500 ns, Reaching safepoint: 169700 ns, At safepoint: 9100 ns, Total: 178800 ns
[2020-10-05T10:14:07.103+0000][34308][safepoint    ] Safepoint "Cleanup", Time since last: 1000023200 ns, Reaching safepoint: 132800 ns, At safepoint: 7700 ns, Total: 140500 ns
[2020-10-05T10:14:08.103+0000][34308][safepoint    ] Safepoint "Cleanup", Time since last: 1000147800 ns, Reaching safepoint: 148300 ns, At safepoint: 16200 ns, Total: 164500 ns
[2020-10-05T10:14:09.104+0000][34308][safepoint    ] Safepoint "Cleanup", Time since last: 1000708700 ns, Reaching safepoint: 128700 ns, At safepoint: 7400 ns, Total: 136100 ns
[2020-10-05T10:14:10.105+0000][34308][safepoint    ] Safepoint "Cleanup", Time since last: 1000629100 ns, Reaching safepoint: 109900 ns, At safepoint: 6000 ns, Total: 115900 ns
[2020-10-05T10:14:11.105+0000][34308][safepoint    ] Safepoint "Cleanup", Time since last: 1000347600 ns, Reaching safepoint: 148300 ns, At safepoint: 5200 ns, Total: 153500 ns
[2020-10-05T10:14:12.106+0000][34308][safepoint    ] Safepoint "Cleanup", Time since last: 1000210300 ns, Reaching safepoint: 99300 ns, At safepoint: 5900 ns, Total: 105200 ns
[2020-10-05T10:14:13.106+0000][34308][safepoint    ] Safepoint "Cleanup", Time since last: 1000768100 ns, Reaching safepoint: 115100 ns, At safepoint: 4100 ns, Total: 119200 ns
[2020-10-05T10:14:14.107+0000][34308][safepoint    ] Safepoint "Cleanup", Time since last: 1000773400 ns, Reaching safepoint: 110700 ns, At safepoint: 5400 ns, Total: 116100 ns
[2020-10-05T10:14:15.108+0000][34308][safepoint    ] Safepoint "Cleanup", Time since last: 1000304400 ns, Reaching safepoint: 130800 ns, At safepoint: 6300 ns, Total: 137100 ns
[2020-10-05T10:14:16.108+0000][34308][safepoint    ] Safepoint "Cleanup", Time since last: 1000091900 ns, Reaching safepoint: 151600 ns, At safepoint: 6900 ns, Total: 158500 ns
[2020-10-05T10:14:17.109+0000][34308][safepoint    ] Safepoint "Cleanup", Time since last: 1000633000 ns, Reaching safepoint: 120700 ns, At safepoint: 6800 ns, Total: 127500 ns
[2020-10-05T10:14:18.110+0000][34308][safepoint    ] Safepoint "Cleanup", Time since last: 1000707100 ns, Reaching safepoint: 155900 ns, At safepoint: 7100 ns, Total: 163000 ns
[2020-10-05T10:14:19.110+0000][34308][safepoint    ] Safepoint "Cleanup", Time since last: 1000227300 ns, Reaching safepoint: 124400 ns, At safepoint: 8100 ns, Total: 132500 ns
[2020-10-05T10:14:21.110+0000][34308][safepoint    ] Safepoint "Cleanup", Time since last: 2000319900 ns, Reaching safepoint: 128100 ns, At safepoint: 7900 ns, Total: 136000 ns
[2020-10-05T10:14:22.362+0000][34308][safepoint    ] Safepoint "Cleanup", Time since last: 1251322400 ns, Reaching safepoint: 133100 ns, At safepoint: 5900 ns, Total: 139000 ns
[2020-10-05T10:14:23.362+0000][34308][safepoint    ] Safepoint "Cleanup", Time since last: 1000341000 ns, Reaching safepoint: 138700 ns, At safepoint: 8800 ns, Total: 147500 ns
[2020-10-05T10:14:24.363+0000][34308][safepoint    ] Safepoint "Cleanup", Time since last: 1000395400 ns, Reaching safepoint: 121300 ns, At safepoint: 5400 ns, Total: 126700 ns
[2020-10-05T10:14:26.363+0000][34308][safepoint    ] Safepoint "Cleanup", Time since last: 2000496900 ns, Reaching safepoint: 93800 ns, At safepoint: 5200 ns, Total: 99000 ns
[2020-10-05T10:14:28.364+0000][34308][safepoint    ] Safepoint "Cleanup", Time since last: 2000067100 ns, Reaching safepoint: 104700 ns, At safepoint: 6000 ns, Total: 110700 ns
[2020-10-05T10:14:29.364+0000][34308][safepoint    ] Safepoint "Cleanup", Time since last: 1000671900 ns, Reaching safepoint: 121400 ns, At safepoint: 6500 ns, Total: 127900 ns
[2020-10-05T10:14:30.365+0000][34308][safepoint    ] Safepoint "Cleanup", Time since last: 1000447400 ns, Reaching safepoint: 145200 ns, At safepoint: 7100 ns, Total: 152300 ns
[2020-10-05T10:14:31.366+0000][34308][safepoint    ] Safepoint "Cleanup", Time since last: 1000746300 ns, Reaching safepoint: 151400 ns, At safepoint: 4300 ns, Total: 155700 ns
[2020-10-05T10:14:32.366+0000][34308][safepoint    ] Safepoint "Cleanup", Time since last: 1000448900 ns, Reaching safepoint: 103100 ns, At safepoint: 7900 ns, Total: 111000 ns
[2020-10-05T10:14:33.367+0000][34308][safepoint    ] Safepoint "Cleanup", Time since last: 1000387300 ns, Reaching safepoint: 98600 ns, At safepoint: 4900 ns, Total: 103500 ns
[2020-10-05T10:14:34.367+0000][34308][safepoint    ] Safepoint "Cleanup", Time since last: 1000012800 ns, Reaching safepoint: 116400 ns, At safepoint: 4700 ns, Total: 121100 ns
[2020-10-05T10:14:35.367+0000][34308][safepoint    ] Safepoint "Cleanup", Time since last: 1000140700 ns, Reaching safepoint: 99500 ns, At safepoint: 3400 ns, Total: 102900 ns
[2020-10-05T10:14:36.368+0000][34308][safepoint    ] Safepoint "Cleanup", Time since last: 1000106600 ns, Reaching safepoint: 78600 ns, At safepoint: 5300 ns, Total: 83900 ns
[2020-10-05T10:14:37.368+0000][34308][safepoint    ] Safepoint "Cleanup", Time since last: 1000160000 ns, Reaching safepoint: 112400 ns, At safepoint: 6400 ns, Total: 118800 ns
[2020-10-05T10:14:38.369+0000][34308][safepoint    ] Safepoint "Cleanup", Time since last: 1000707800 ns, Reaching safepoint: 130800 ns, At safepoint: 5600 ns, Total: 136400 ns
[2020-10-05T10:14:39.370+0000][34308][safepoint    ] Safepoint "Cleanup", Time since last: 1000832500 ns, Reaching safepoint: 139100 ns, At safepoint: 7300 ns, Total: 146400 ns
[2020-10-05T10:14:40.370+0000][34308][safepoint    ] Safepoint "Cleanup", Time since last: 1000624500 ns, Reaching safepoint: 116200 ns, At safepoint: 6900 ns, Total: 123100 ns
[2020-10-05T10:14:41.370+0000][34308][safepoint    ] Safepoint "Cleanup", Time since last: 1000018300 ns, Reaching safepoint: 125400 ns, At safepoint: 5800 ns, Total: 131200 ns
[2020-10-05T10:14:42.371+0000][34308][safepoint    ] Safepoint "Cleanup", Time since last: 1000780600 ns, Reaching safepoint: 115200 ns, At safepoint: 6600 ns, Total: 121800 ns
[2020-10-05T10:14:43.372+0000][34308][safepoint    ] Safepoint "Cleanup", Time since last: 1000789000 ns, Reaching safepoint: 98100 ns, At safepoint: 4700 ns, Total: 102800 ns
[2020-10-05T10:14:44.373+0000][34308][safepoint    ] Safepoint "Cleanup", Time since last: 1000711100 ns, Reaching safepoint: 109800 ns, At safepoint: 5100 ns, Total: 114900 ns
[2020-10-05T10:14:45.374+0000][34308][safepoint    ] Safepoint "Cleanup", Time since last: 1000636500 ns, Reaching safepoint: 94000 ns, At safepoint: 4600 ns, Total: 98600 ns
[2020-10-05T10:14:46.374+0000][34308][safepoint    ] Safepoint "Cleanup", Time since last: 1000051800 ns, Reaching safepoint: 105500 ns, At safepoint: 4400 ns, Total: 109900 ns
[2020-10-05T10:14:47.374+0000][34308][safepoint    ] Safepoint "Cleanup", Time since last: 1000074000 ns, Reaching safepoint: 114600 ns, At safepoint: 5200 ns, Total: 119800 ns
[2020-10-05T10:14:48.375+0000][34308][safepoint    ] Safepoint "Cleanup", Time since last: 1000732900 ns, Reaching safepoint: 117500 ns, At safepoint: 4700 ns, Total: 122200 ns
[2020-10-05T10:14:49.375+0000][34308][safepoint    ] Safepoint "Cleanup", Time since last: 1000077600 ns, Reaching safepoint: 111200 ns, At safepoint: 4400 ns, Total: 115600 ns
[2020-10-05T10:14:50.376+0000][34308][safepoint    ] Safepoint "Cleanup", Time since last: 1000376100 ns, Reaching safepoint: 95700 ns, At safepoint: 2800 ns, Total: 98500 ns
[2020-10-05T10:14:52.364+0000][34308][safepoint    ] Safepoint "Cleanup", Time since last: 1988313300 ns, Reaching safepoint: 115100 ns, At safepoint: 5100 ns, Total: 120200 ns
[2020-10-05T10:14:53.364+0000][34308][safepoint    ] Safepoint "Cleanup", Time since last: 1000273700 ns, Reaching safepoint: 122300 ns, At safepoint: 4600 ns, Total: 126900 ns
[2020-10-05T10:14:54.365+0000][34308][safepoint    ] Safepoint "Cleanup", Time since last: 1000596200 ns, Reaching safepoint: 131500 ns, At safepoint: 4800 ns, Total: 136300 ns
[2020-10-05T10:14:55.366+0000][34308][safepoint    ] Safepoint "Cleanup", Time since last: 1000500900 ns, Reaching safepoint: 108300 ns, At safepoint: 3100 ns, Total: 111400 ns
[2020-10-05T10:14:56.366+0000][34308][safepoint    ] Safepoint "Cleanup", Time since last: 1000189500 ns, Reaching safepoint: 96400 ns, At safepoint: 5000 ns, Total: 101400 ns
[2020-10-05T10:14:57.367+0000][34308][safepoint    ] Safepoint "Cleanup", Time since last: 1000764900 ns, Reaching safepoint: 185800 ns, At safepoint: 4600 ns, Total: 190400 ns
[2020-10-05T10:14:59.368+0000][34308][safepoint    ] Safepoint "Cleanup", Time since last: 2000424200 ns, Reaching safepoint: 107900 ns, At safepoint: 4800 ns, Total: 112700 ns
[2020-10-05T10:15:00.368+0000][34308][safepoint    ] Safepoint "Cleanup", Time since last: 1000553300 ns, Reaching safepoint: 96000 ns, At safepoint: 4900 ns, Total: 100900 ns
[2020-10-05T10:15:02.369+0000][34308][safepoint    ] Safepoint "Cleanup", Time since last: 2000179400 ns, Reaching safepoint: 128600 ns, At safepoint: 5600 ns, Total: 134200 ns
[2020-10-05T10:15:03.111+0000][34308][safepoint    ] Safepoint "BulkRevokeBias", Time since last: 741721200 ns, Reaching safepoint: 312300 ns, At safepoint: 1112300 ns, Total: 1424600 ns
[2020-10-05T10:15:04.115+0000][34308][safepoint    ] Safepoint "Cleanup", Time since last: 1002809300 ns, Reaching safepoint: 146500 ns, At safepoint: 9000 ns, Total: 155500 ns
[2020-10-05T10:15:05.115+0000][34308][safepoint    ] Safepoint "Cleanup", Time since last: 1000298600 ns, Reaching safepoint: 136700 ns, At safepoint: 25700 ns, Total: 162400 ns
[2020-10-05T10:15:06.116+0000][34308][safepoint    ] Safepoint "Cleanup", Time since last: 1000647400 ns, Reaching safepoint: 114000 ns, At safepoint: 5200 ns, Total: 119200 ns
[2020-10-05T10:15:07.116+0000][34308][safepoint    ] Safepoint "Cleanup", Time since last: 1000402200 ns, Reaching safepoint: 119400 ns, At safepoint: 5200 ns, Total: 124600 ns
[2020-10-05T10:15:08.117+0000][34308][safepoint    ] Safepoint "Cleanup", Time since last: 1000181600 ns, Reaching safepoint: 105200 ns, At safepoint: 4900 ns, Total: 110100 ns
[2020-10-05T10:15:09.117+0000][34308][safepoint    ] Safepoint "Cleanup", Time since last: 1000672400 ns, Reaching safepoint: 147800 ns, At safepoint: 7000 ns, Total: 154800 ns
[2020-10-05T10:15:10.118+0000][34308][safepoint    ] Safepoint "Cleanup", Time since last: 1000816900 ns, Reaching safepoint: 104700 ns, At safepoint: 5000 ns, Total: 109700 ns
[2020-10-05T10:15:11.119+0000][34308][safepoint    ] Safepoint "Cleanup", Time since last: 1000028300 ns, Reaching safepoint: 93900 ns, At safepoint: 4700 ns, Total: 98600 ns
[2020-10-05T10:15:13.119+0000][34308][safepoint    ] Safepoint "Cleanup", Time since last: 1999978600 ns, Reaching safepoint: 109300 ns, At safepoint: 50700 ns, Total: 160000 ns
[2020-10-05T10:15:14.120+0000][34308][safepoint    ] Safepoint "Cleanup", Time since last: 1000728300 ns, Reaching safepoint: 106300 ns, At safepoint: 7400 ns, Total: 113700 ns
[2020-10-05T10:15:15.120+0000][34308][safepoint    ] Safepoint "Cleanup", Time since last: 1000449300 ns, Reaching safepoint: 104700 ns, At safepoint: 5800 ns, Total: 110500 ns
[2020-10-05T10:15:16.121+0000][34308][safepoint    ] Safepoint "Cleanup", Time since last: 1000315800 ns, Reaching safepoint: 169800 ns, At safepoint: 9500 ns, Total: 179300 ns
[2020-10-05T10:15:17.121+0000][34308][safepoint    ] Safepoint "Cleanup", Time since last: 1000587700 ns, Reaching safepoint: 127300 ns, At safepoint: 6000 ns, Total: 133300 ns
[2020-10-05T10:15:18.122+0000][34308][safepoint    ] Safepoint "Cleanup", Time since last: 1000604300 ns, Reaching safepoint: 152500 ns, At safepoint: 56800 ns, Total: 209300 ns
[2020-10-05T10:15:19.123+0000][34308][safepoint    ] Safepoint "Cleanup", Time since last: 1000723500 ns, Reaching safepoint: 146500 ns, At safepoint: 5200 ns, Total: 151700 ns
[2020-10-05T10:15:20.124+0000][34308][safepoint    ] Safepoint "Cleanup", Time since last: 1000485600 ns, Reaching safepoint: 131800 ns, At safepoint: 4700 ns, Total: 136500 ns
[2020-10-05T10:15:21.124+0000][34308][safepoint    ] Safepoint "Cleanup", Time since last: 1000428300 ns, Reaching safepoint: 129200 ns, At safepoint: 4400 ns, Total: 133600 ns
[2020-10-05T10:15:22.124+0000][34308][safepoint    ] Safepoint "Cleanup", Time since last: 1000007000 ns, Reaching safepoint: 135800 ns, At safepoint: 10300 ns, Total: 146100 ns
[2020-10-05T10:15:23.125+0000][34308][safepoint    ] Safepoint "Cleanup", Time since last: 1000240800 ns, Reaching safepoint: 101800 ns, At safepoint: 5300 ns, Total: 107100 ns
[2020-10-05T10:15:24.125+0000][34308][safepoint    ] Safepoint "Cleanup", Time since last: 1000489300 ns, Reaching safepoint: 106500 ns, At safepoint: 5800 ns, Total: 112300 ns
[2020-10-05T10:15:25.126+0000][34308][safepoint    ] Safepoint "Cleanup", Time since last: 1000847000 ns, Reaching safepoint: 180100 ns, At safepoint: 16500 ns, Total: 196600 ns
[2020-10-05T10:15:27.126+0000][34308][safepoint    ] Safepoint "Cleanup", Time since last: 1999938000 ns, Reaching safepoint: 90700 ns, At safepoint: 3200 ns, Total: 93900 ns
[2020-10-05T10:15:29.127+0000][34308][safepoint    ] Safepoint "Cleanup", Time since last: 2000340800 ns, Reaching safepoint: 179100 ns, At safepoint: 9800 ns, Total: 188900 ns
[2020-10-05T10:15:31.128+0000][34308][safepoint    ] Safepoint "Cleanup", Time since last: 2000662800 ns, Reaching safepoint: 118000 ns, At safepoint: 5300 ns, Total: 123300 ns
[2020-10-05T10:15:32.128+0000][34308][safepoint    ] Safepoint "Cleanup", Time since last: 1000537800 ns, Reaching safepoint: 142500 ns, At safepoint: 5800 ns, Total: 148300 ns
[2020-10-05T10:15:33.129+0000][34308][safepoint    ] Safepoint "Cleanup", Time since last: 1000242700 ns, Reaching safepoint: 101100 ns, At safepoint: 5400 ns, Total: 106500 ns
[2020-10-05T10:15:34.129+0000][34308][safepoint    ] Safepoint "Cleanup", Time since last: 1000275000 ns, Reaching safepoint: 106900 ns, At safepoint: 5800 ns, Total: 112700 ns
[2020-10-05T10:15:35.130+0000][34308][safepoint    ] Safepoint "Cleanup", Time since last: 1000595000 ns, Reaching safepoint: 104800 ns, At safepoint: 5100 ns, Total: 109900 ns
[2020-10-05T10:15:36.131+0000][34308][safepoint    ] Safepoint "Cleanup", Time since last: 1000863100 ns, Reaching safepoint: 135000 ns, At safepoint: 5700 ns, Total: 140700 ns
[2020-10-05T10:15:37.131+0000][34308][safepoint    ] Safepoint "Cleanup", Time since last: 1000236300 ns, Reaching safepoint: 173400 ns, At safepoint: 9300 ns, Total: 182700 ns
[2020-10-05T10:15:39.131+0000][34308][safepoint    ] Safepoint "Cleanup", Time since last: 2000196600 ns, Reaching safepoint: 129500 ns, At safepoint: 8100 ns, Total: 137600 ns
[2020-10-05T10:15:40.132+0000][34308][safepoint    ] Safepoint "Cleanup", Time since last: 1000085200 ns, Reaching safepoint: 92600 ns, At safepoint: 3200 ns, Total: 95800 ns
[2020-10-05T10:15:42.132+0000][34308][safepoint    ] Safepoint "Cleanup", Time since last: 2000113700 ns, Reaching safepoint: 121700 ns, At safepoint: 7500 ns, Total: 129200 ns
[2020-10-05T10:15:43.132+0000][34308][safepoint    ] Safepoint "Cleanup", Time since last: 1000115200 ns, Reaching safepoint: 147800 ns, At safepoint: 4000 ns, Total: 151800 ns
[2020-10-05T10:15:45.132+0000][34308][safepoint    ] Safepoint "Cleanup", Time since last: 2000193000 ns, Reaching safepoint: 146400 ns, At safepoint: 5500 ns, Total: 151900 ns
[2020-10-05T10:15:46.133+0000][34308][safepoint    ] Safepoint "Cleanup", Time since last: 1000279700 ns, Reaching safepoint: 130100 ns, At safepoint: 5100 ns, Total: 135200 ns
[2020-10-05T10:15:47.133+0000][34308][safepoint    ] Safepoint "Cleanup", Time since last: 1000152100 ns, Reaching safepoint: 133000 ns, At safepoint: 4500 ns, Total: 137500 ns
[2020-10-05T10:15:48.134+0000][34308][safepoint    ] Safepoint "Cleanup", Time since last: 1000388400 ns, Reaching safepoint: 121600 ns, At safepoint: 5800 ns, Total: 127400 ns
[2020-10-05T10:15:49.134+0000][34308][safepoint    ] Safepoint "Cleanup", Time since last: 1000496000 ns, Reaching safepoint: 119500 ns, At safepoint: 5100 ns, Total: 124600 ns
[2020-10-05T10:15:50.134+0000][34308][safepoint    ] Safepoint "Cleanup", Time since last: 1000012500 ns, Reaching safepoint: 133900 ns, At safepoint: 5900 ns, Total: 139800 ns
[2020-10-05T10:15:51.135+0000][34308][safepoint    ] Safepoint "Cleanup", Time since last: 1000325800 ns, Reaching safepoint: 172200 ns, At safepoint: 6000 ns, Total: 178200 ns
[2020-10-05T10:15:52.136+0000][34308][safepoint    ] Safepoint "Cleanup", Time since last: 1000472300 ns, Reaching safepoint: 85700 ns, At safepoint: 3800 ns, Total: 89500 ns
[2020-10-05T10:15:53.136+0000][34308][safepoint    ] Safepoint "Cleanup", Time since last: 1000759100 ns, Reaching safepoint: 91100 ns, At safepoint: 3000 ns, Total: 94100 ns
[2020-10-05T10:15:54.137+0000][34308][safepoint    ] Safepoint "Cleanup", Time since last: 1000851800 ns, Reaching safepoint: 151500 ns, At safepoint: 4700 ns, Total: 156200 ns
[2020-10-05T10:15:55.138+0000][34308][safepoint    ] Safepoint "Cleanup", Time since last: 1000434200 ns, Reaching safepoint: 108200 ns, At safepoint: 5200 ns, Total: 113400 ns
[2020-10-05T10:15:57.139+0000][34308][safepoint    ] Safepoint "Cleanup", Time since last: 2000554100 ns, Reaching safepoint: 102700 ns, At safepoint: 5000 ns, Total: 107700 ns
[2020-10-05T10:15:58.140+0000][34308][safepoint    ] Safepoint "Cleanup", Time since last: 1000887400 ns, Reaching safepoint: 118000 ns, At safepoint: 4600 ns, Total: 122600 ns
[2020-10-05T10:15:59.140+0000][34308][safepoint    ] Safepoint "Cleanup", Time since last: 1000783100 ns, Reaching safepoint: 111100 ns, At safepoint: 6600 ns, Total: 117700 ns
[2020-10-05T10:16:00.141+0000][34308][safepoint    ] Safepoint "Cleanup", Time since last: 1000722100 ns, Reaching safepoint: 107700 ns, At safepoint: 6800 ns, Total: 114500 ns
[2020-10-05T10:16:01.142+0000][34308][safepoint    ] Safepoint "Cleanup", Time since last: 1000867600 ns, Reaching safepoint: 167400 ns, At safepoint: 5200 ns, Total: 172600 ns
[2020-10-05T10:16:02.143+0000][34308][safepoint    ] Safepoint "Cleanup", Time since last: 1000105500 ns, Reaching safepoint: 83100 ns, At safepoint: 2900 ns, Total: 86000 ns
[2020-10-05T10:16:03.143+0000][34308][safepoint    ] Safepoint "Cleanup", Time since last: 1000196000 ns, Reaching safepoint: 101600 ns, At safepoint: 6800 ns, Total: 108400 ns
[2020-10-05T10:16:04.144+0000][34308][safepoint    ] Safepoint "Cleanup", Time since last: 1000833800 ns, Reaching safepoint: 170000 ns, At safepoint: 6400 ns, Total: 176400 ns
[2020-10-05T10:16:05.144+0000][34308][safepoint    ] Safepoint "Cleanup", Time since last: 1000063100 ns, Reaching safepoint: 136700 ns, At safepoint: 9000 ns, Total: 145700 ns
[2020-10-05T10:16:06.145+0000][34308][safepoint    ] Safepoint "Cleanup", Time since last: 1000413700 ns, Reaching safepoint: 240000 ns, At safepoint: 5500 ns, Total: 245500 ns
[2020-10-05T10:16:08.145+0000][34308][safepoint    ] Safepoint "Cleanup", Time since last: 2000545400 ns, Reaching safepoint: 135200 ns, At safepoint: 5800 ns, Total: 141000 ns
[2020-10-05T10:16:09.146+0000][34308][safepoint    ] Safepoint "Cleanup", Time since last: 1000305300 ns, Reaching safepoint: 130500 ns, At safepoint: 5200 ns, Total: 135700 ns
[2020-10-05T10:16:10.146+0000][34308][safepoint    ] Safepoint "Cleanup", Time since last: 1000328000 ns, Reaching safepoint: 115800 ns, At safepoint: 5100 ns, Total: 120900 ns
[2020-10-05T10:16:11.147+0000][34308][safepoint    ] Safepoint "Cleanup", Time since last: 1000812000 ns, Reaching safepoint: 110700 ns, At safepoint: 3000 ns, Total: 113700 ns
[2020-10-05T10:16:13.147+0000][34308][safepoint    ] Safepoint "Cleanup", Time since last: 2000028500 ns, Reaching safepoint: 138100 ns, At safepoint: 4900 ns, Total: 143000 ns
[2020-10-05T10:16:14.148+0000][34308][safepoint    ] Safepoint "Cleanup", Time since last: 1000839000 ns, Reaching safepoint: 123800 ns, At safepoint: 6500 ns, Total: 130300 ns
[2020-10-05T10:16:15.149+0000][34308][safepoint    ] Safepoint "Cleanup", Time since last: 1000092100 ns, Reaching safepoint: 109100 ns, At safepoint: 6100 ns, Total: 115200 ns
[2020-10-05T10:16:17.149+0000][34308][safepoint    ] Safepoint "Cleanup", Time since last: 2000069000 ns, Reaching safepoint: 80900 ns, At safepoint: 2700 ns, Total: 83600 ns
[2020-10-05T10:16:18.149+0000][34308][safepoint    ] Safepoint "Cleanup", Time since last: 1000191500 ns, Reaching safepoint: 124400 ns, At safepoint: 5200 ns, Total: 129600 ns
[2020-10-05T10:16:19.150+0000][34308][safepoint    ] Safepoint "Cleanup", Time since last: 1000445200 ns, Reaching safepoint: 114100 ns, At safepoint: 5800 ns, Total: 119900 ns
[2020-10-05T10:16:20.150+0000][34308][safepoint    ] Safepoint "Cleanup", Time since last: 1000740900 ns, Reaching safepoint: 86600 ns, At safepoint: 3300 ns, Total: 89900 ns
[2020-10-05T10:16:21.151+0000][34308][safepoint    ] Safepoint "Cleanup", Time since last: 1000018900 ns, Reaching safepoint: 171700 ns, At safepoint: 6000 ns, Total: 177700 ns
[2020-10-05T10:16:22.152+0000][34308][safepoint    ] Safepoint "Cleanup", Time since last: 1000955100 ns, Reaching safepoint: 109300 ns, At safepoint: 2800 ns, Total: 112100 ns
[2020-10-05T10:16:23.152+0000][34308][safepoint    ] Safepoint "Cleanup", Time since last: 1000386100 ns, Reaching safepoint: 102100 ns, At safepoint: 4000 ns, Total: 106100 ns
[2020-10-05T10:16:24.153+0000][34308][safepoint    ] Safepoint "Cleanup", Time since last: 1000677500 ns, Reaching safepoint: 110700 ns, At safepoint: 5100 ns, Total: 115800 ns
[2020-10-05T10:16:25.154+0000][34308][safepoint    ] Safepoint "Cleanup", Time since last: 1000651700 ns, Reaching safepoint: 106300 ns, At safepoint: 3500 ns, Total: 109800 ns
[2020-10-05T10:16:26.154+0000][34308][safepoint    ] Safepoint "Cleanup", Time since last: 1000355600 ns, Reaching safepoint: 104000 ns, At safepoint: 5100 ns, Total: 109100 ns
[2020-10-05T10:16:27.155+0000][34308][safepoint    ] Safepoint "Cleanup", Time since last: 1000539200 ns, Reaching safepoint: 113300 ns, At safepoint: 5000 ns, Total: 118300 ns
[2020-10-05T10:16:28.156+0000][34308][safepoint    ] Safepoint "Cleanup", Time since last: 1000747000 ns, Reaching safepoint: 165600 ns, At safepoint: 19000 ns, Total: 184600 ns
[2020-10-05T10:16:29.156+0000][34308][safepoint    ] Safepoint "Cleanup", Time since last: 1000107400 ns, Reaching safepoint: 154600 ns, At safepoint: 5200 ns, Total: 159800 ns
[2020-10-05T10:16:30.157+0000][34308][safepoint    ] Safepoint "Cleanup", Time since last: 1000531000 ns, Reaching safepoint: 137400 ns, At safepoint: 6600 ns, Total: 144000 ns
[2020-10-05T10:16:31.157+0000][34308][safepoint    ] Safepoint "Cleanup", Time since last: 1000180800 ns, Reaching safepoint: 120400 ns, At safepoint: 6300 ns, Total: 126700 ns
[2020-10-05T10:16:32.157+0000][34308][safepoint    ] Safepoint "Cleanup", Time since last: 1000150000 ns, Reaching safepoint: 123800 ns, At safepoint: 5000 ns, Total: 128800 ns
[2020-10-05T10:16:33.157+0000][34308][safepoint    ] Safepoint "Cleanup", Time since last: 1000091400 ns, Reaching safepoint: 109600 ns, At safepoint: 5800 ns, Total: 115400 ns
[2020-10-05T10:16:35.158+0000][34308][safepoint    ] Safepoint "Cleanup", Time since last: 2000803700 ns, Reaching safepoint: 123200 ns, At safepoint: 5900 ns, Total: 129100 ns
[2020-10-05T10:16:36.159+0000][34308][safepoint    ] Safepoint "Cleanup", Time since last: 1000758800 ns, Reaching safepoint: 106600 ns, At safepoint: 4500 ns, Total: 111100 ns
[2020-10-05T10:16:37.160+0000][34308][safepoint    ] Safepoint "Cleanup", Time since last: 1000475600 ns, Reaching safepoint: 113600 ns, At safepoint: 4900 ns, Total: 118500 ns
[2020-10-05T10:16:38.161+0000][34308][safepoint    ] Safepoint "Cleanup", Time since last: 1000787500 ns, Reaching safepoint: 135900 ns, At safepoint: 12800 ns, Total: 148700 ns
[2020-10-05T10:16:39.162+0000][34308][safepoint    ] Safepoint "Cleanup", Time since last: 1000826900 ns, Reaching safepoint: 101600 ns, At safepoint: 4900 ns, Total: 106500 ns
[2020-10-05T10:16:40.162+0000][34308][safepoint    ] Safepoint "Cleanup", Time since last: 1000476400 ns, Reaching safepoint: 122800 ns, At safepoint: 4600 ns, Total: 127400 ns
[2020-10-05T10:16:41.163+0000][34308][safepoint    ] Safepoint "Cleanup", Time since last: 1000312700 ns, Reaching safepoint: 153800 ns, At safepoint: 6700 ns, Total: 160500 ns
[2020-10-05T10:16:42.164+0000][34308][safepoint    ] Safepoint "Cleanup", Time since last: 1000656400 ns, Reaching safepoint: 88800 ns, At safepoint: 4300 ns, Total: 93100 ns
[2020-10-05T10:16:44.164+0000][34308][safepoint    ] Safepoint "Cleanup", Time since last: 2000619100 ns, Reaching safepoint: 99700 ns, At safepoint: 3300 ns, Total: 103000 ns
[2020-10-05T10:16:45.165+0000][34308][safepoint    ] Safepoint "Cleanup", Time since last: 1000177700 ns, Reaching safepoint: 139900 ns, At safepoint: 5100 ns, Total: 145000 ns
[2020-10-05T10:16:46.165+0000][34308][safepoint    ] Safepoint "Cleanup", Time since last: 1000756400 ns, Reaching safepoint: 113000 ns, At safepoint: 5200 ns, Total: 118200 ns
[2020-10-05T10:16:47.166+0000][34308][safepoint    ] Safepoint "Cleanup", Time since last: 1000827000 ns, Reaching safepoint: 104200 ns, At safepoint: 4800 ns, Total: 109000 ns
[2020-10-05T10:16:48.167+0000][34308][safepoint    ] Safepoint "Cleanup", Time since last: 1000054600 ns, Reaching safepoint: 154200 ns, At safepoint: 8200 ns, Total: 162400 ns
[2020-10-05T10:16:49.167+0000][34308][safepoint    ] Safepoint "Cleanup", Time since last: 1000364800 ns, Reaching safepoint: 192000 ns, At safepoint: 6400 ns, Total: 198400 ns
[2020-10-05T10:16:50.168+0000][34308][safepoint    ] Safepoint "Cleanup", Time since last: 1000355000 ns, Reaching safepoint: 135200 ns, At safepoint: 5100 ns, Total: 140300 ns
[2020-10-05T10:16:51.169+0000][34308][safepoint    ] Safepoint "Cleanup", Time since last: 1000858500 ns, Reaching safepoint: 133300 ns, At safepoint: 4700 ns, Total: 138000 ns
[2020-10-05T10:16:52.169+0000][34308][safepoint    ] Safepoint "Cleanup", Time since last: 1000780900 ns, Reaching safepoint: 128500 ns, At safepoint: 5300 ns, Total: 133800 ns
[2020-10-05T10:16:54.170+0000][34308][safepoint    ] Safepoint "Cleanup", Time since last: 2000870400 ns, Reaching safepoint: 143100 ns, At safepoint: 6900 ns, Total: 150000 ns
[2020-10-05T10:16:55.171+0000][34308][safepoint    ] Safepoint "Cleanup", Time since last: 1000085500 ns, Reaching safepoint: 105300 ns, At safepoint: 13500 ns, Total: 118800 ns
[2020-10-05T10:16:56.171+0000][34308][safepoint    ] Safepoint "Cleanup", Time since last: 1000128700 ns, Reaching safepoint: 104400 ns, At safepoint: 3300 ns, Total: 107700 ns
[2020-10-05T10:16:57.171+0000][34308][safepoint    ] Safepoint "Cleanup", Time since last: 1000170400 ns, Reaching safepoint: 102500 ns, At safepoint: 5700 ns, Total: 108200 ns
[2020-10-05T10:16:58.172+0000][34308][safepoint    ] Safepoint "Cleanup", Time since last: 1000216400 ns, Reaching safepoint: 171700 ns, At safepoint: 10300 ns, Total: 182000 ns
[2020-10-05T10:16:59.173+0000][34308][safepoint    ] Safepoint "Cleanup", Time since last: 1000784800 ns, Reaching safepoint: 105500 ns, At safepoint: 4700 ns, Total: 110200 ns
[2020-10-05T10:17:00.173+0000][34308][safepoint    ] Safepoint "Cleanup", Time since last: 1000064400 ns, Reaching safepoint: 112800 ns, At safepoint: 7900 ns, Total: 120700 ns
[2020-10-05T10:17:01.173+0000][34308][safepoint    ] Safepoint "Cleanup", Time since last: 1000676500 ns, Reaching safepoint: 121400 ns, At safepoint: 5300 ns, Total: 126700 ns
[2020-10-05T10:17:02.174+0000][34308][safepoint    ] Safepoint "Cleanup", Time since last: 1000410400 ns, Reaching safepoint: 77600 ns, At safepoint: 3200 ns, Total: 80800 ns
[2020-10-05T10:17:03.174+0000][34308][safepoint    ] Safepoint "Cleanup", Time since last: 1000254800 ns, Reaching safepoint: 126300 ns, At safepoint: 5200 ns, Total: 131500 ns
[2020-10-05T10:17:04.175+0000][34308][safepoint    ] Safepoint "Cleanup", Time since last: 1000629900 ns, Reaching safepoint: 136600 ns, At safepoint: 14400 ns, Total: 151000 ns
[2020-10-05T10:17:05.176+0000][34308][safepoint    ] Safepoint "Cleanup", Time since last: 1000742400 ns, Reaching safepoint: 98400 ns, At safepoint: 3400 ns, Total: 101800 ns
[2020-10-05T10:17:06.176+0000][34308][safepoint    ] Safepoint "Cleanup", Time since last: 1000065000 ns, Reaching safepoint: 109200 ns, At safepoint: 8300 ns, Total: 117500 ns
[2020-10-05T10:17:07.177+0000][34308][safepoint    ] Safepoint "Cleanup", Time since last: 1000841800 ns, Reaching safepoint: 124600 ns, At safepoint: 8800 ns, Total: 133400 ns
[2020-10-05T10:17:08.178+0000][34308][safepoint    ] Safepoint "Cleanup", Time since last: 1000530400 ns, Reaching safepoint: 99000 ns, At safepoint: 4300 ns, Total: 103300 ns
[2020-10-05T10:17:09.178+0000][34308][safepoint    ] Safepoint "Cleanup", Time since last: 1000368400 ns, Reaching safepoint: 129000 ns, At safepoint: 5500 ns, Total: 134500 ns
[2020-10-05T10:17:10.179+0000][34308][safepoint    ] Safepoint "Cleanup", Time since last: 1000197300 ns, Reaching safepoint: 148800 ns, At safepoint: 6700 ns, Total: 155500 ns
[2020-10-05T10:17:11.179+0000][34308][safepoint    ] Safepoint "Cleanup", Time since last: 1000809100 ns, Reaching safepoint: 152800 ns, At safepoint: 6500 ns, Total: 159300 ns
[2020-10-05T10:17:12.180+0000][34308][safepoint    ] Safepoint "Cleanup", Time since last: 1000548400 ns, Reaching safepoint: 151800 ns, At safepoint: 22900 ns, Total: 174700 ns
[2020-10-05T10:17:13.181+0000][34308][safepoint    ] Safepoint "Cleanup", Time since last: 1000704500 ns, Reaching safepoint: 118300 ns, At safepoint: 5200 ns, Total: 123500 ns
[2020-10-05T10:17:14.182+0000][34308][safepoint    ] Safepoint "Cleanup", Time since last: 1000317200 ns, Reaching safepoint: 141500 ns, At safepoint: 7200 ns, Total: 148700 ns
[2020-10-05T10:17:15.182+0000][34308][safepoint    ] Safepoint "Cleanup", Time since last: 1000022800 ns, Reaching safepoint: 118000 ns, At safepoint: 5300 ns, Total: 123300 ns
[2020-10-05T10:17:16.182+0000][34308][safepoint    ] Safepoint "Cleanup", Time since last: 1000637900 ns, Reaching safepoint: 101300 ns, At safepoint: 5000 ns, Total: 106300 ns
[2020-10-05T10:17:17.183+0000][34308][safepoint    ] Safepoint "Cleanup", Time since last: 1000131100 ns, Reaching safepoint: 128000 ns, At safepoint: 6100 ns, Total: 134100 ns
[2020-10-05T10:17:18.183+0000][34308][safepoint    ] Safepoint "Cleanup", Time since last: 1000593200 ns, Reaching safepoint: 179300 ns, At safepoint: 4800 ns, Total: 184100 ns
[2020-10-05T10:17:19.184+0000][34308][safepoint    ] Safepoint "Cleanup", Time since last: 1000728100 ns, Reaching safepoint: 87100 ns, At safepoint: 2600 ns, Total: 89700 ns
[2020-10-05T10:17:20.185+0000][34308][safepoint    ] Safepoint "Cleanup", Time since last: 1000142600 ns, Reaching safepoint: 104700 ns, At safepoint: 4400 ns, Total: 109100 ns
[2020-10-05T10:17:21.185+0000][34308][safepoint    ] Safepoint "Cleanup", Time since last: 1000645900 ns, Reaching safepoint: 165800 ns, At safepoint: 5900 ns, Total: 171700 ns
[2020-10-05T10:17:22.186+0000][34308][safepoint    ] Safepoint "Cleanup", Time since last: 1000375400 ns, Reaching safepoint: 230200 ns, At safepoint: 8200 ns, Total: 238400 ns
[2020-10-05T10:17:24.186+0000][34308][safepoint    ] Safepoint "Cleanup", Time since last: 2000292600 ns, Reaching safepoint: 209200 ns, At safepoint: 10200 ns, Total: 219400 ns
[2020-10-05T10:17:25.187+0000][34308][safepoint    ] Safepoint "Cleanup", Time since last: 1000333600 ns, Reaching safepoint: 150000 ns, At safepoint: 6900 ns, Total: 156900 ns
[2020-10-05T10:17:26.187+0000][34308][safepoint    ] Safepoint "Cleanup", Time since last: 1000089100 ns, Reaching safepoint: 119500 ns, At safepoint: 6000 ns, Total: 125500 ns
[2020-10-05T10:17:27.188+0000][34308][safepoint    ] Safepoint "Cleanup", Time since last: 1000536900 ns, Reaching safepoint: 113100 ns, At safepoint: 7300 ns, Total: 120400 ns
[2020-10-05T10:17:28.188+0000][34308][safepoint    ] Safepoint "Cleanup", Time since last: 1000337700 ns, Reaching safepoint: 124600 ns, At safepoint: 5800 ns, Total: 130400 ns
[2020-10-05T10:17:29.189+0000][34308][safepoint    ] Safepoint "Cleanup", Time since last: 1000306800 ns, Reaching safepoint: 120100 ns, At safepoint: 8600 ns, Total: 128700 ns
[2020-10-05T10:17:30.189+0000][34308][safepoint    ] Safepoint "Cleanup", Time since last: 1000487600 ns, Reaching safepoint: 172300 ns, At safepoint: 5200 ns, Total: 177500 ns
[2020-10-05T10:17:31.190+0000][34308][safepoint    ] Safepoint "Cleanup", Time since last: 1000491900 ns, Reaching safepoint: 92000 ns, At safepoint: 5600 ns, Total: 97600 ns
[2020-10-05T10:17:32.191+0000][34308][safepoint    ] Safepoint "Cleanup", Time since last: 1000387500 ns, Reaching safepoint: 125600 ns, At safepoint: 13000 ns, Total: 138600 ns
[2020-10-05T10:17:33.191+0000][34308][safepoint    ] Safepoint "Cleanup", Time since last: 1000426500 ns, Reaching safepoint: 144700 ns, At safepoint: 10000 ns, Total: 154700 ns
[2020-10-05T10:17:34.191+0000][34308][safepoint    ] Safepoint "Cleanup", Time since last: 1000174700 ns, Reaching safepoint: 124800 ns, At safepoint: 3800 ns, Total: 128600 ns
[2020-10-05T10:17:35.192+0000][34308][safepoint    ] Safepoint "Cleanup", Time since last: 1000848100 ns, Reaching safepoint: 115400 ns, At safepoint: 6000 ns, Total: 121400 ns
[2020-10-05T10:17:36.193+0000][34308][safepoint    ] Safepoint "Cleanup", Time since last: 1000734500 ns, Reaching safepoint: 110400 ns, At safepoint: 5500 ns, Total: 115900 ns
[2020-10-05T10:17:37.194+0000][34308][safepoint    ] Safepoint "Cleanup", Time since last: 1000707900 ns, Reaching safepoint: 114600 ns, At safepoint: 8700 ns, Total: 123300 ns
[2020-10-05T10:17:38.194+0000][34308][safepoint    ] Safepoint "Cleanup", Time since last: 1000333200 ns, Reaching safepoint: 121200 ns, At safepoint: 6200 ns, Total: 127400 ns
[2020-10-05T10:17:39.195+0000][34308][safepoint    ] Safepoint "Cleanup", Time since last: 1000232000 ns, Reaching safepoint: 114500 ns, At safepoint: 6500 ns, Total: 121000 ns
[2020-10-05T10:17:40.195+0000][34308][safepoint    ] Safepoint "Cleanup", Time since last: 1000431400 ns, Reaching safepoint: 90100 ns, At safepoint: 3500 ns, Total: 93600 ns
[2020-10-05T10:17:41.196+0000][34308][safepoint    ] Safepoint "Cleanup", Time since last: 1000841000 ns, Reaching safepoint: 171500 ns, At safepoint: 6800 ns, Total: 178300 ns
[2020-10-05T10:17:42.197+0000][34308][safepoint    ] Safepoint "Cleanup", Time since last: 1000114600 ns, Reaching safepoint: 160800 ns, At safepoint: 7900 ns, Total: 168700 ns
[2020-10-05T10:17:43.198+0000][34308][safepoint    ] Safepoint "Cleanup", Time since last: 1000756200 ns, Reaching safepoint: 147700 ns, At safepoint: 7000 ns, Total: 154700 ns
[2020-10-05T10:17:44.198+0000][34308][safepoint    ] Safepoint "Cleanup", Time since last: 1000638500 ns, Reaching safepoint: 147900 ns, At safepoint: 4300 ns, Total: 152200 ns
[2020-10-05T10:17:45.199+0000][34308][safepoint    ] Safepoint "Cleanup", Time since last: 1000113600 ns, Reaching safepoint: 102300 ns, At safepoint: 3800 ns, Total: 106100 ns
[2020-10-05T10:17:46.199+0000][34308][safepoint    ] Safepoint "Cleanup", Time since last: 1000396900 ns, Reaching safepoint: 137000 ns, At safepoint: 5400 ns, Total: 142400 ns
[2020-10-05T10:17:47.199+0000][34308][safepoint    ] Safepoint "Cleanup", Time since last: 1000090600 ns, Reaching safepoint: 96700 ns, At safepoint: 5200 ns, Total: 101900 ns
[2020-10-05T10:17:48.200+0000][34308][safepoint    ] Safepoint "Cleanup", Time since last: 1000574900 ns, Reaching safepoint: 104800 ns, At safepoint: 5700 ns, Total: 110500 ns
[2020-10-05T10:17:49.200+0000][34308][safepoint    ] Safepoint "Cleanup", Time since last: 1000179200 ns, Reaching safepoint: 112600 ns, At safepoint: 5700 ns, Total: 118300 ns
[2020-10-05T10:17:50.201+0000][34308][safepoint    ] Safepoint "Cleanup", Time since last: 1000520400 ns, Reaching safepoint: 108000 ns, At safepoint: 10000 ns, Total: 118000 ns
[2020-10-05T10:17:51.201+0000][34308][safepoint    ] Safepoint "Cleanup", Time since last: 1000317500 ns, Reaching safepoint: 132800 ns, At safepoint: 2600 ns, Total: 135400 ns
[2020-10-05T10:17:52.378+0000][34308][safepoint    ] Safepoint "Cleanup", Time since last: 1176038200 ns, Reaching safepoint: 82400 ns, At safepoint: 2100 ns, Total: 84500 ns
[2020-10-05T10:17:54.379+0000][34308][safepoint    ] Safepoint "Cleanup", Time since last: 2000955100 ns, Reaching safepoint: 95400 ns, At safepoint: 4300 ns, Total: 99700 ns
[2020-10-05T10:17:55.379+0000][34308][safepoint    ] Safepoint "Cleanup", Time since last: 1000081700 ns, Reaching safepoint: 91300 ns, At safepoint: 4700 ns, Total: 96000 ns
[2020-10-05T10:17:56.380+0000][34308][safepoint    ] Safepoint "Cleanup", Time since last: 1000820900 ns, Reaching safepoint: 96500 ns, At safepoint: 4900 ns, Total: 101400 ns
[2020-10-05T10:17:57.380+0000][34308][safepoint    ] Safepoint "Cleanup", Time since last: 1000437900 ns, Reaching safepoint: 125400 ns, At safepoint: 6600 ns, Total: 132000 ns
[2020-10-05T10:17:58.380+0000][34308][safepoint    ] Safepoint "Cleanup", Time since last: 1000174700 ns, Reaching safepoint: 104300 ns, At safepoint: 5100 ns, Total: 109400 ns
[2020-10-05T10:17:59.381+0000][34308][safepoint    ] Safepoint "Cleanup", Time since last: 1000239900 ns, Reaching safepoint: 109500 ns, At safepoint: 5000 ns, Total: 114500 ns
[2020-10-05T10:18:00.382+0000][34308][safepoint    ] Safepoint "Cleanup", Time since last: 1000816600 ns, Reaching safepoint: 145900 ns, At safepoint: 6900 ns, Total: 152800 ns
[2020-10-05T10:18:01.382+0000][34308][safepoint    ] Safepoint "Cleanup", Time since last: 1000072300 ns, Reaching safepoint: 96200 ns, At safepoint: 7100 ns, Total: 103300 ns
[2020-10-05T10:18:02.383+0000][34308][safepoint    ] Safepoint "Cleanup", Time since last: 1000838700 ns, Reaching safepoint: 98600 ns, At safepoint: 5500 ns, Total: 104100 ns
[2020-10-05T10:18:03.384+0000][34308][safepoint    ] Safepoint "Cleanup", Time since last: 1000894500 ns, Reaching safepoint: 115600 ns, At safepoint: 4700 ns, Total: 120300 ns
[2020-10-05T10:18:04.385+0000][34308][safepoint    ] Safepoint "Cleanup", Time since last: 1000684600 ns, Reaching safepoint: 109200 ns, At safepoint: 4100 ns, Total: 113300 ns
[2020-10-05T10:18:05.385+0000][34308][safepoint    ] Safepoint "Cleanup", Time since last: 1000049600 ns, Reaching safepoint: 97700 ns, At safepoint: 5200 ns, Total: 102900 ns
[2020-10-05T10:18:07.385+0000][34308][safepoint    ] Safepoint "Cleanup", Time since last: 2000375400 ns, Reaching safepoint: 82900 ns, At safepoint: 5900 ns, Total: 88800 ns
[2020-10-05T10:18:08.386+0000][34308][safepoint    ] Safepoint "Cleanup", Time since last: 1000617900 ns, Reaching safepoint: 95100 ns, At safepoint: 6400 ns, Total: 101500 ns
[2020-10-05T10:18:09.386+0000][34308][safepoint    ] Safepoint "Cleanup", Time since last: 1000160600 ns, Reaching safepoint: 137700 ns, At safepoint: 6200 ns, Total: 143900 ns
[2020-10-05T10:18:10.387+0000][34308][safepoint    ] Safepoint "Cleanup", Time since last: 1000442400 ns, Reaching safepoint: 134700 ns, At safepoint: 6800 ns, Total: 141500 ns
[2020-10-05T10:18:12.388+0000][34308][safepoint    ] Safepoint "Cleanup", Time since last: 2000765500 ns, Reaching safepoint: 100700 ns, At safepoint: 5200 ns, Total: 105900 ns
[2020-10-05T10:18:13.389+0000][34308][safepoint    ] Safepoint "Cleanup", Time since last: 1000808200 ns, Reaching safepoint: 109600 ns, At safepoint: 5000 ns, Total: 114600 ns
[2020-10-05T10:18:14.389+0000][34308][safepoint    ] Safepoint "Cleanup", Time since last: 1000166900 ns, Reaching safepoint: 108700 ns, At safepoint: 4700 ns, Total: 113400 ns
[2020-10-05T10:18:15.390+0000][34308][safepoint    ] Safepoint "Cleanup", Time since last: 1000752600 ns, Reaching safepoint: 109000 ns, At safepoint: 4400 ns, Total: 113400 ns
[2020-10-05T10:18:16.391+0000][34308][safepoint    ] Safepoint "Cleanup", Time since last: 1000700200 ns, Reaching safepoint: 107200 ns, At safepoint: 4000 ns, Total: 111200 ns
[2020-10-05T10:18:17.392+0000][34308][safepoint    ] Safepoint "Cleanup", Time since last: 1000748600 ns, Reaching safepoint: 163800 ns, At safepoint: 8600 ns, Total: 172400 ns
[2020-10-05T10:18:18.392+0000][34308][safepoint    ] Safepoint "Cleanup", Time since last: 1000358600 ns, Reaching safepoint: 129000 ns, At safepoint: 4600 ns, Total: 133600 ns
[2020-10-05T10:18:19.393+0000][34308][safepoint    ] Safepoint "Cleanup", Time since last: 1000664700 ns, Reaching safepoint: 117800 ns, At safepoint: 3200 ns, Total: 121000 ns
[2020-10-05T10:18:20.393+0000][34308][safepoint    ] Safepoint "Cleanup", Time since last: 1000048300 ns, Reaching safepoint: 113700 ns, At safepoint: 4400 ns, Total: 118100 ns
[2020-10-05T10:18:21.394+0000][34308][safepoint    ] Safepoint "Cleanup", Time since last: 1000774300 ns, Reaching safepoint: 148100 ns, At safepoint: 19500 ns, Total: 167600 ns
[2020-10-05T10:18:22.395+0000][34308][safepoint    ] Safepoint "Cleanup", Time since last: 1000480000 ns, Reaching safepoint: 88600 ns, At safepoint: 2700 ns, Total: 91300 ns
[2020-10-05T10:18:23.395+0000][34308][safepoint    ] Safepoint "Cleanup", Time since last: 1000675700 ns, Reaching safepoint: 102300 ns, At safepoint: 2900 ns, Total: 105200 ns
[2020-10-05T10:18:24.396+0000][34308][safepoint    ] Safepoint "Cleanup", Time since last: 1000372500 ns, Reaching safepoint: 95200 ns, At safepoint: 5000 ns, Total: 100200 ns
[2020-10-05T10:18:25.397+0000][34308][safepoint    ] Safepoint "Cleanup", Time since last: 1000712800 ns, Reaching safepoint: 136100 ns, At safepoint: 5100 ns, Total: 141200 ns
[2020-10-05T10:18:26.397+0000][34308][safepoint    ] Safepoint "Cleanup", Time since last: 1000111000 ns, Reaching safepoint: 121300 ns, At safepoint: 6200 ns, Total: 127500 ns
[2020-10-05T10:18:27.398+0000][34308][safepoint    ] Safepoint "Cleanup", Time since last: 1000775000 ns, Reaching safepoint: 146200 ns, At safepoint: 5600 ns, Total: 151800 ns
[2020-10-05T10:18:28.398+0000][34308][safepoint    ] Safepoint "Cleanup", Time since last: 1000045600 ns, Reaching safepoint: 133800 ns, At safepoint: 5400 ns, Total: 139200 ns
[2020-10-05T10:18:29.398+0000][34308][safepoint    ] Safepoint "Cleanup", Time since last: 1000140400 ns, Reaching safepoint: 140700 ns, At safepoint: 7200 ns, Total: 147900 ns
[2020-10-05T10:18:30.398+0000][34308][safepoint    ] Safepoint "Cleanup", Time since last: 1000050000 ns, Reaching safepoint: 136500 ns, At safepoint: 5400 ns, Total: 141900 ns
[2020-10-05T10:18:31.399+0000][34308][safepoint    ] Safepoint "Cleanup", Time since last: 1000649300 ns, Reaching safepoint: 98200 ns, At safepoint: 5300 ns, Total: 103500 ns
[2020-10-05T10:18:32.400+0000][34308][safepoint    ] Safepoint "Cleanup", Time since last: 1000635800 ns, Reaching safepoint: 101700 ns, At safepoint: 5400 ns, Total: 107100 ns
[2020-10-05T10:18:34.400+0000][34308][safepoint    ] Safepoint "Cleanup", Time since last: 1999976200 ns, Reaching safepoint: 105300 ns, At safepoint: 7400 ns, Total: 112700 ns
[2020-10-05T10:18:35.400+0000][34308][safepoint    ] Safepoint "Cleanup", Time since last: 1000181700 ns, Reaching safepoint: 207200 ns, At safepoint: 5200 ns, Total: 212400 ns
[2020-10-05T10:18:36.401+0000][34308][safepoint    ] Safepoint "Cleanup", Time since last: 1000668000 ns, Reaching safepoint: 100200 ns, At safepoint: 3900 ns, Total: 104100 ns
[2020-10-05T10:18:37.402+0000][34308][safepoint    ] Safepoint "Cleanup", Time since last: 1000683300 ns, Reaching safepoint: 131600 ns, At safepoint: 4700 ns, Total: 136300 ns
[2020-10-05T10:18:38.402+0000][34308][safepoint    ] Safepoint "Cleanup", Time since last: 1000350400 ns, Reaching safepoint: 124700 ns, At safepoint: 5000 ns, Total: 129700 ns
[2020-10-05T10:18:39.403+0000][34308][safepoint    ] Safepoint "Cleanup", Time since last: 1000138600 ns, Reaching safepoint: 161100 ns, At safepoint: 8400 ns, Total: 169500 ns
[2020-10-05T10:18:41.403+0000][34308][safepoint    ] Safepoint "Cleanup", Time since last: 2000335100 ns, Reaching safepoint: 113300 ns, At safepoint: 5600 ns, Total: 118900 ns
[2020-10-05T10:18:42.404+0000][34308][safepoint    ] Safepoint "Cleanup", Time since last: 1000291200 ns, Reaching safepoint: 110500 ns, At safepoint: 5900 ns, Total: 116400 ns
[2020-10-05T10:18:43.404+0000][34308][safepoint    ] Safepoint "Cleanup", Time since last: 1000301300 ns, Reaching safepoint: 165800 ns, At safepoint: 5300 ns, Total: 171100 ns
[2020-10-05T10:18:44.405+0000][34308][safepoint    ] Safepoint "Cleanup", Time since last: 1000430600 ns, Reaching safepoint: 136700 ns, At safepoint: 4200 ns, Total: 140900 ns
[2020-10-05T10:18:45.405+0000][34308][safepoint    ] Safepoint "Cleanup", Time since last: 1000228200 ns, Reaching safepoint: 107500 ns, At safepoint: 5300 ns, Total: 112800 ns
[2020-10-05T10:18:46.406+0000][34308][safepoint    ] Safepoint "Cleanup", Time since last: 1000556600 ns, Reaching safepoint: 163500 ns, At safepoint: 4600 ns, Total: 168100 ns
[2020-10-05T10:18:47.407+0000][34308][safepoint    ] Safepoint "Cleanup", Time since last: 1000705100 ns, Reaching safepoint: 120500 ns, At safepoint: 11600 ns, Total: 132100 ns
[2020-10-05T10:18:48.407+0000][34308][safepoint    ] Safepoint "Cleanup", Time since last: 1000469100 ns, Reaching safepoint: 358100 ns, At safepoint: 13800 ns, Total: 371900 ns
[2020-10-05T10:18:50.408+0000][34308][safepoint    ] Safepoint "Cleanup", Time since last: 2000337500 ns, Reaching safepoint: 346300 ns, At safepoint: 20200 ns, Total: 366500 ns
[2020-10-05T10:18:52.409+0000][34308][safepoint    ] Safepoint "Cleanup", Time since last: 2000490100 ns, Reaching safepoint: 115400 ns, At safepoint: 4200 ns, Total: 119600 ns
[2020-10-05T10:18:54.410+0000][34308][safepoint    ] Safepoint "Cleanup", Time since last: 2000771200 ns, Reaching safepoint: 130400 ns, At safepoint: 5000 ns, Total: 135400 ns
[2020-10-05T10:18:55.410+0000][34308][safepoint    ] Safepoint "Cleanup", Time since last: 1000426900 ns, Reaching safepoint: 115400 ns, At safepoint: 4700 ns, Total: 120100 ns
[2020-10-05T10:18:56.411+0000][34308][safepoint    ] Safepoint "Cleanup", Time since last: 1000259000 ns, Reaching safepoint: 126800 ns, At safepoint: 5300 ns, Total: 132100 ns
[2020-10-05T10:18:57.411+0000][34308][safepoint    ] Safepoint "Cleanup", Time since last: 1000779700 ns, Reaching safepoint: 101400 ns, At safepoint: 4800 ns, Total: 106200 ns
[2020-10-05T10:18:58.412+0000][34308][safepoint    ] Safepoint "Cleanup", Time since last: 1000275900 ns, Reaching safepoint: 113300 ns, At safepoint: 4700 ns, Total: 118000 ns
[2020-10-05T10:18:59.412+0000][34308][safepoint    ] Safepoint "Cleanup", Time since last: 1000420900 ns, Reaching safepoint: 138900 ns, At safepoint: 4600 ns, Total: 143500 ns
[2020-10-05T10:19:01.413+0000][34308][safepoint    ] Safepoint "Cleanup", Time since last: 2000706500 ns, Reaching safepoint: 128800 ns, At safepoint: 6400 ns, Total: 135200 ns
[2020-10-05T10:19:02.414+0000][34308][safepoint    ] Safepoint "Cleanup", Time since last: 1000456200 ns, Reaching safepoint: 112600 ns, At safepoint: 3200 ns, Total: 115800 ns
[2020-10-05T10:19:04.414+0000][34308][safepoint    ] Safepoint "Cleanup", Time since last: 2000584500 ns, Reaching safepoint: 126500 ns, At safepoint: 5700 ns, Total: 132200 ns
[2020-10-05T10:19:05.415+0000][34308][safepoint    ] Safepoint "Cleanup", Time since last: 1000291200 ns, Reaching safepoint: 151400 ns, At safepoint: 10400 ns, Total: 161800 ns
[2020-10-05T10:19:06.416+0000][34308][safepoint    ] Safepoint "Cleanup", Time since last: 1000479600 ns, Reaching safepoint: 101000 ns, At safepoint: 3500 ns, Total: 104500 ns
[2020-10-05T10:19:07.416+0000][34308][safepoint    ] Safepoint "Cleanup", Time since last: 1000599700 ns, Reaching safepoint: 156700 ns, At safepoint: 4500 ns, Total: 161200 ns
[2020-10-05T10:19:09.389+0000][34308][safepoint    ] Safepoint "Cleanup", Time since last: 1972966300 ns, Reaching safepoint: 158600 ns, At safepoint: 7600 ns, Total: 166200 ns
[2020-10-05T10:19:10.390+0000][34308][safepoint    ] Safepoint "Cleanup", Time since last: 1000653300 ns, Reaching safepoint: 104200 ns, At safepoint: 2600 ns, Total: 106800 ns
[2020-10-05T10:19:11.391+0000][34308][safepoint    ] Safepoint "Cleanup", Time since last: 1000453300 ns, Reaching safepoint: 146400 ns, At safepoint: 8200 ns, Total: 154600 ns
[2020-10-05T10:19:12.391+0000][34308][safepoint    ] Safepoint "Cleanup", Time since last: 1000083300 ns, Reaching safepoint: 129900 ns, At safepoint: 15700 ns, Total: 145600 ns
[2020-10-05T10:19:14.392+0000][34308][safepoint    ] Safepoint "Cleanup", Time since last: 2000508900 ns, Reaching safepoint: 132600 ns, At safepoint: 4500 ns, Total: 137100 ns
[2020-10-05T10:19:15.392+0000][34308][safepoint    ] Safepoint "Cleanup", Time since last: 1000260800 ns, Reaching safepoint: 95100 ns, At safepoint: 5300 ns, Total: 100400 ns
[2020-10-05T10:19:16.393+0000][34308][safepoint    ] Safepoint "Cleanup", Time since last: 1000817100 ns, Reaching safepoint: 122500 ns, At safepoint: 5500 ns, Total: 128000 ns
[2020-10-05T10:19:17.394+0000][34308][safepoint    ] Safepoint "Cleanup", Time since last: 1000662500 ns, Reaching safepoint: 158400 ns, At safepoint: 4600 ns, Total: 163000 ns
[2020-10-05T10:19:19.395+0000][34308][safepoint    ] Safepoint "Cleanup", Time since last: 2000704000 ns, Reaching safepoint: 105700 ns, At safepoint: 6000 ns, Total: 111700 ns
[2020-10-05T10:19:21.395+0000][34308][safepoint    ] Safepoint "Cleanup", Time since last: 2000333900 ns, Reaching safepoint: 127200 ns, At safepoint: 5700 ns, Total: 132900 ns
[2020-10-05T10:19:22.396+0000][34308][safepoint    ] Safepoint "Cleanup", Time since last: 1000562900 ns, Reaching safepoint: 138400 ns, At safepoint: 6000 ns, Total: 144400 ns
[2020-10-05T10:19:23.397+0000][34308][safepoint    ] Safepoint "Cleanup", Time since last: 1000677100 ns, Reaching safepoint: 125100 ns, At safepoint: 6300 ns, Total: 131400 ns
[2020-10-05T10:19:24.397+0000][34308][safepoint    ] Safepoint "Cleanup", Time since last: 1000747400 ns, Reaching safepoint: 98300 ns, At safepoint: 6800 ns, Total: 105100 ns
[2020-10-05T10:19:25.398+0000][34308][safepoint    ] Safepoint "Cleanup", Time since last: 1000361900 ns, Reaching safepoint: 111400 ns, At safepoint: 11000 ns, Total: 122400 ns
[2020-10-05T10:19:26.399+0000][34308][safepoint    ] Safepoint "Cleanup", Time since last: 1000844300 ns, Reaching safepoint: 132500 ns, At safepoint: 6700 ns, Total: 139200 ns
[2020-10-05T10:19:27.400+0000][34308][safepoint    ] Safepoint "Cleanup", Time since last: 1000838500 ns, Reaching safepoint: 117200 ns, At safepoint: 6000 ns, Total: 123200 ns
[2020-10-05T10:19:28.400+0000][34308][safepoint    ] Safepoint "Cleanup", Time since last: 1000077200 ns, Reaching safepoint: 138400 ns, At safepoint: 7200 ns, Total: 145600 ns
[2020-10-05T10:19:29.400+0000][34308][safepoint    ] Safepoint "Cleanup", Time since last: 1000144500 ns, Reaching safepoint: 166800 ns, At safepoint: 5600 ns, Total: 172400 ns
[2020-10-05T10:19:30.401+0000][34308][safepoint    ] Safepoint "Cleanup", Time since last: 1000261300 ns, Reaching safepoint: 114700 ns, At safepoint: 5700 ns, Total: 120400 ns
[2020-10-05T10:19:32.401+0000][34308][safepoint    ] Safepoint "Cleanup", Time since last: 2000213100 ns, Reaching safepoint: 109800 ns, At safepoint: 5200 ns, Total: 115000 ns
[2020-10-05T10:19:33.401+0000][34308][safepoint    ] Safepoint "Cleanup", Time since last: 1000344600 ns, Reaching safepoint: 119200 ns, At safepoint: 4900 ns, Total: 124100 ns
[2020-10-05T10:19:34.402+0000][34308][safepoint    ] Safepoint "Cleanup", Time since last: 1000331800 ns, Reaching safepoint: 112500 ns, At safepoint: 4600 ns, Total: 117100 ns
[2020-10-05T10:19:35.403+0000][34308][safepoint    ] Safepoint "Cleanup", Time since last: 1000594400 ns, Reaching safepoint: 87700 ns, At safepoint: 2700 ns, Total: 90400 ns
[2020-10-05T10:19:37.403+0000][34308][safepoint    ] Safepoint "Cleanup", Time since last: 2000007200 ns, Reaching safepoint: 175600 ns, At safepoint: 11100 ns, Total: 186700 ns
[2020-10-05T10:19:38.403+0000][34308][safepoint    ] Safepoint "Cleanup", Time since last: 1000057400 ns, Reaching safepoint: 106400 ns, At safepoint: 5400 ns, Total: 111800 ns
[2020-10-05T10:19:39.404+0000][34308][safepoint    ] Safepoint "Cleanup", Time since last: 1000678800 ns, Reaching safepoint: 167900 ns, At safepoint: 5300 ns, Total: 173200 ns
[2020-10-05T10:19:40.404+0000][34308][safepoint    ] Safepoint "Cleanup", Time since last: 1000244200 ns, Reaching safepoint: 118700 ns, At safepoint: 4900 ns, Total: 123600 ns
[2020-10-05T10:19:41.404+0000][34308][safepoint    ] Safepoint "Cleanup", Time since last: 1000072400 ns, Reaching safepoint: 107600 ns, At safepoint: 4600 ns, Total: 112200 ns
[2020-10-05T10:19:42.405+0000][34308][safepoint    ] Safepoint "Cleanup", Time since last: 1000520800 ns, Reaching safepoint: 118400 ns, At safepoint: 8300 ns, Total: 126700 ns
[2020-10-05T10:19:43.406+0000][34308][safepoint    ] Safepoint "Cleanup", Time since last: 1000571000 ns, Reaching safepoint: 133600 ns, At safepoint: 15600 ns, Total: 149200 ns
[2020-10-05T10:19:44.406+0000][34308][safepoint    ] Safepoint "Cleanup", Time since last: 1000114000 ns, Reaching safepoint: 103900 ns, At safepoint: 4600 ns, Total: 108500 ns
[2020-10-05T10:19:45.407+0000][34308][safepoint    ] Safepoint "Cleanup", Time since last: 1000616800 ns, Reaching safepoint: 152300 ns, At safepoint: 7400 ns, Total: 159700 ns
[2020-10-05T10:19:46.407+0000][34308][safepoint    ] Safepoint "Cleanup", Time since last: 1000329200 ns, Reaching safepoint: 121800 ns, At safepoint: 6100 ns, Total: 127900 ns
[2020-10-05T10:19:47.408+0000][34308][safepoint    ] Safepoint "Cleanup", Time since last: 1000519200 ns, Reaching safepoint: 119700 ns, At safepoint: 7600 ns, Total: 127300 ns
[2020-10-05T10:19:48.408+0000][34308][safepoint    ] Safepoint "Cleanup", Time since last: 1000332500 ns, Reaching safepoint: 106600 ns, At safepoint: 3400 ns, Total: 110000 ns
[2020-10-05T10:19:49.409+0000][34308][safepoint    ] Safepoint "Cleanup", Time since last: 1000421200 ns, Reaching safepoint: 100200 ns, At safepoint: 5900 ns, Total: 106100 ns
[2020-10-05T10:19:50.409+0000][34308][safepoint    ] Safepoint "Cleanup", Time since last: 1000256600 ns, Reaching safepoint: 109500 ns, At safepoint: 4700 ns, Total: 114200 ns
[2020-10-05T10:19:51.410+0000][34308][safepoint    ] Safepoint "Cleanup", Time since last: 1000844300 ns, Reaching safepoint: 106100 ns, At safepoint: 5800 ns, Total: 111900 ns
[2020-10-05T10:19:52.411+0000][34308][safepoint    ] Safepoint "Cleanup", Time since last: 1000603900 ns, Reaching safepoint: 120600 ns, At safepoint: 4800 ns, Total: 125400 ns
[2020-10-05T10:19:54.412+0000][34308][safepoint    ] Safepoint "Cleanup", Time since last: 2000589200 ns, Reaching safepoint: 122800 ns, At safepoint: 8300 ns, Total: 131100 ns
[2020-10-05T10:19:56.412+0000][34308][safepoint    ] Safepoint "Cleanup", Time since last: 2000681900 ns, Reaching safepoint: 107800 ns, At safepoint: 5100 ns, Total: 112900 ns
[2020-10-05T10:19:57.413+0000][34308][safepoint    ] Safepoint "Cleanup", Time since last: 1000527000 ns, Reaching safepoint: 107300 ns, At safepoint: 4500 ns, Total: 111800 ns
[2020-10-05T10:19:58.414+0000][34308][safepoint    ] Safepoint "Cleanup", Time since last: 1000804400 ns, Reaching safepoint: 100700 ns, At safepoint: 5000 ns, Total: 105700 ns
[2020-10-05T10:19:59.414+0000][34308][safepoint    ] Safepoint "Cleanup", Time since last: 1000375800 ns, Reaching safepoint: 123400 ns, At safepoint: 5100 ns, Total: 128500 ns
[2020-10-05T10:20:00.415+0000][34308][safepoint    ] Safepoint "Cleanup", Time since last: 1000836400 ns, Reaching safepoint: 133300 ns, At safepoint: 2400 ns, Total: 135700 ns
[2020-10-05T10:20:01.416+0000][34308][safepoint    ] Safepoint "Cleanup", Time since last: 1000045700 ns, Reaching safepoint: 96800 ns, At safepoint: 5300 ns, Total: 102100 ns
[2020-10-05T10:20:02.416+0000][34308][safepoint    ] Safepoint "Cleanup", Time since last: 1000097900 ns, Reaching safepoint: 139400 ns, At safepoint: 4600 ns, Total: 144000 ns
[2020-10-05T10:20:03.416+0000][34308][safepoint    ] Safepoint "Cleanup", Time since last: 1000254900 ns, Reaching safepoint: 125900 ns, At safepoint: 4400 ns, Total: 130300 ns
[2020-10-05T10:20:04.417+0000][34308][safepoint    ] Safepoint "Cleanup", Time since last: 1000680000 ns, Reaching safepoint: 457200 ns, At safepoint: 13000 ns, Total: 470200 ns
[2020-10-05T10:20:06.418+0000][34308][safepoint    ] Safepoint "Cleanup", Time since last: 2000452700 ns, Reaching safepoint: 123300 ns, At safepoint: 5000 ns, Total: 128300 ns
[2020-10-05T10:20:08.419+0000][34308][safepoint    ] Safepoint "Cleanup", Time since last: 2000952800 ns, Reaching safepoint: 160900 ns, At safepoint: 4400 ns, Total: 165300 ns
[2020-10-05T10:20:09.420+0000][34308][safepoint    ] Safepoint "Cleanup", Time since last: 1000601800 ns, Reaching safepoint: 119100 ns, At safepoint: 5200 ns, Total: 124300 ns
[2020-10-05T10:20:10.421+0000][34308][safepoint    ] Safepoint "Cleanup", Time since last: 1000768400 ns, Reaching safepoint: 164600 ns, At safepoint: 7100 ns, Total: 171700 ns
[2020-10-05T10:20:11.421+0000][34308][safepoint    ] Safepoint "Cleanup", Time since last: 1000571800 ns, Reaching safepoint: 116800 ns, At safepoint: 5100 ns, Total: 121900 ns
[2020-10-05T10:20:13.421+0000][34308][safepoint    ] Safepoint "Cleanup", Time since last: 1999987900 ns, Reaching safepoint: 79000 ns, At safepoint: 3300 ns, Total: 82300 ns
[2020-10-05T10:20:14.422+0000][34308][safepoint    ] Safepoint "Cleanup", Time since last: 1000004900 ns, Reaching safepoint: 102800 ns, At safepoint: 4300 ns, Total: 107100 ns
[2020-10-05T10:20:15.423+0000][34308][safepoint    ] Safepoint "Cleanup", Time since last: 1000928600 ns, Reaching safepoint: 102200 ns, At safepoint: 4500 ns, Total: 106700 ns
[2020-10-05T10:20:16.423+0000][34308][safepoint    ] Safepoint "Cleanup", Time since last: 1000313900 ns, Reaching safepoint: 106800 ns, At safepoint: 4300 ns, Total: 111100 ns
[2020-10-05T10:20:17.424+0000][34308][safepoint    ] Safepoint "Cleanup", Time since last: 1000453500 ns, Reaching safepoint: 127600 ns, At safepoint: 59600 ns, Total: 187200 ns
[2020-10-05T10:20:18.424+0000][34308][safepoint    ] Safepoint "Cleanup", Time since last: 1000246300 ns, Reaching safepoint: 140500 ns, At safepoint: 4800 ns, Total: 145300 ns
[2020-10-05T10:20:19.425+0000][34308][safepoint    ] Safepoint "Cleanup", Time since last: 1000450000 ns, Reaching safepoint: 587100 ns, At safepoint: 16600 ns, Total: 603700 ns
[2020-10-05T10:20:20.425+0000][34308][safepoint    ] Safepoint "Cleanup", Time since last: 1000050100 ns, Reaching safepoint: 100100 ns, At safepoint: 4800 ns, Total: 104900 ns
[2020-10-05T10:20:21.426+0000][34308][safepoint    ] Safepoint "Cleanup", Time since last: 1000865300 ns, Reaching safepoint: 169300 ns, At safepoint: 5100 ns, Total: 174400 ns
[2020-10-05T10:20:22.427+0000][34308][safepoint    ] Safepoint "Cleanup", Time since last: 1000708200 ns, Reaching safepoint: 114500 ns, At safepoint: 4500 ns, Total: 119000 ns
[2020-10-05T10:20:23.427+0000][34308][safepoint    ] Safepoint "Cleanup", Time since last: 1000059100 ns, Reaching safepoint: 97100 ns, At safepoint: 6500 ns, Total: 103600 ns
[2020-10-05T10:20:24.428+0000][34308][safepoint    ] Safepoint "Cleanup", Time since last: 1000717900 ns, Reaching safepoint: 105000 ns, At safepoint: 14800 ns, Total: 119800 ns
[2020-10-05T10:20:25.429+0000][34308][safepoint    ] Safepoint "Cleanup", Time since last: 1000829300 ns, Reaching safepoint: 116500 ns, At safepoint: 3800 ns, Total: 120300 ns
[2020-10-05T10:20:26.429+0000][34308][safepoint    ] Safepoint "Cleanup", Time since last: 1000220100 ns, Reaching safepoint: 88900 ns, At safepoint: 13300 ns, Total: 102200 ns
[2020-10-05T10:20:27.430+0000][34308][safepoint    ] Safepoint "Cleanup", Time since last: 1000095300 ns, Reaching safepoint: 103200 ns, At safepoint: 20000 ns, Total: 123200 ns
[2020-10-05T10:20:29.430+0000][34308][safepoint    ] Safepoint "Cleanup", Time since last: 2000221500 ns, Reaching safepoint: 99600 ns, At safepoint: 4900 ns, Total: 104500 ns
[2020-10-05T10:20:30.431+0000][34308][safepoint    ] Safepoint "Cleanup", Time since last: 1000756200 ns, Reaching safepoint: 105600 ns, At safepoint: 2900 ns, Total: 108500 ns
[2020-10-05T10:20:31.431+0000][34308][safepoint    ] Safepoint "Cleanup", Time since last: 1000580600 ns, Reaching safepoint: 98500 ns, At safepoint: 4000 ns, Total: 102500 ns
[2020-10-05T10:20:33.432+0000][34308][safepoint    ] Safepoint "Cleanup", Time since last: 2000769600 ns, Reaching safepoint: 139300 ns, At safepoint: 4600 ns, Total: 143900 ns
[2020-10-05T10:20:35.432+0000][34308][safepoint    ] Safepoint "Cleanup", Time since last: 1999947400 ns, Reaching safepoint: 166000 ns, At safepoint: 5800 ns, Total: 171800 ns
[2020-10-05T10:20:36.433+0000][34308][safepoint    ] Safepoint "Cleanup", Time since last: 1000790000 ns, Reaching safepoint: 109200 ns, At safepoint: 5000 ns, Total: 114200 ns
[2020-10-05T10:20:37.434+0000][34308][safepoint    ] Safepoint "Cleanup", Time since last: 1000590400 ns, Reaching safepoint: 123800 ns, At safepoint: 5300 ns, Total: 129100 ns
[2020-10-05T10:20:39.435+0000][34308][safepoint    ] Safepoint "Cleanup", Time since last: 2000451800 ns, Reaching safepoint: 121000 ns, At safepoint: 4300 ns, Total: 125300 ns
[2020-10-05T10:20:40.435+0000][34308][safepoint    ] Safepoint "Cleanup", Time since last: 1000357300 ns, Reaching safepoint: 109000 ns, At safepoint: 6600 ns, Total: 115600 ns
[2020-10-05T10:20:41.435+0000][34308][safepoint    ] Safepoint "Cleanup", Time since last: 1000074700 ns, Reaching safepoint: 96900 ns, At safepoint: 5000 ns, Total: 101900 ns
[2020-10-05T10:20:42.435+0000][34308][safepoint    ] Safepoint "Cleanup", Time since last: 1000052100 ns, Reaching safepoint: 120100 ns, At safepoint: 5700 ns, Total: 125800 ns
[2020-10-05T10:20:43.436+0000][34308][safepoint    ] Safepoint "Cleanup", Time since last: 1000424900 ns, Reaching safepoint: 130500 ns, At safepoint: 6100 ns, Total: 136600 ns
[2020-10-05T10:20:44.437+0000][34308][safepoint    ] Safepoint "Cleanup", Time since last: 1000841800 ns, Reaching safepoint: 114900 ns, At safepoint: 5800 ns, Total: 120700 ns
[2020-10-05T10:20:46.438+0000][34308][safepoint    ] Safepoint "Cleanup", Time since last: 2000508700 ns, Reaching safepoint: 94800 ns, At safepoint: 5200 ns, Total: 100000 ns
[2020-10-05T10:20:47.438+0000][34308][safepoint    ] Safepoint "Cleanup", Time since last: 1000639900 ns, Reaching safepoint: 127800 ns, At safepoint: 4600 ns, Total: 132400 ns
[2020-10-05T10:20:48.439+0000][34308][safepoint    ] Safepoint "Cleanup", Time since last: 1000364200 ns, Reaching safepoint: 107900 ns, At safepoint: 5900 ns, Total: 113800 ns
[2020-10-05T10:20:49.439+0000][34308][safepoint    ] Safepoint "Cleanup", Time since last: 1000245700 ns, Reaching safepoint: 156100 ns, At safepoint: 6300 ns, Total: 162400 ns
[2020-10-05T10:20:50.440+0000][34308][safepoint    ] Safepoint "Cleanup", Time since last: 1000241300 ns, Reaching safepoint: 140600 ns, At safepoint: 8300 ns, Total: 148900 ns
[2020-10-05T10:20:51.440+0000][34308][safepoint    ] Safepoint "Cleanup", Time since last: 1000561800 ns, Reaching safepoint: 112100 ns, At safepoint: 4300 ns, Total: 116400 ns
[2020-10-05T10:20:52.441+0000][34308][safepoint    ] Safepoint "Cleanup", Time since last: 1000340700 ns, Reaching safepoint: 86900 ns, At safepoint: 2800 ns, Total: 89700 ns
[2020-10-05T10:20:53.441+0000][34308][safepoint    ] Safepoint "Cleanup", Time since last: 1000175900 ns, Reaching safepoint: 136200 ns, At safepoint: 11400 ns, Total: 147600 ns
[2020-10-05T10:20:54.442+0000][34308][safepoint    ] Safepoint "Cleanup", Time since last: 1000784600 ns, Reaching safepoint: 95000 ns, At safepoint: 4600 ns, Total: 99600 ns
[2020-10-05T10:20:55.442+0000][34308][safepoint    ] Safepoint "Cleanup", Time since last: 1000258900 ns, Reaching safepoint: 109400 ns, At safepoint: 5500 ns, Total: 114900 ns
[2020-10-05T10:20:56.443+0000][34308][safepoint    ] Safepoint "Cleanup", Time since last: 1000151900 ns, Reaching safepoint: 117300 ns, At safepoint: 4600 ns, Total: 121900 ns
[2020-10-05T10:20:57.443+0000][34308][safepoint    ] Safepoint "Cleanup", Time since last: 1000151300 ns, Reaching safepoint: 113500 ns, At safepoint: 5500 ns, Total: 119000 ns
[2020-10-05T10:20:58.444+0000][34308][safepoint    ] Safepoint "Cleanup", Time since last: 1000708500 ns, Reaching safepoint: 105600 ns, At safepoint: 5000 ns, Total: 110600 ns
[2020-10-05T10:20:59.444+0000][34308][safepoint    ] Safepoint "Cleanup", Time since last: 1000188100 ns, Reaching safepoint: 197900 ns, At safepoint: 11500 ns, Total: 209400 ns
[2020-10-05T10:21:00.445+0000][34308][safepoint    ] Safepoint "Cleanup", Time since last: 1000524800 ns, Reaching safepoint: 121200 ns, At safepoint: 4700 ns, Total: 125900 ns
[2020-10-05T10:21:01.446+0000][34308][safepoint    ] Safepoint "Cleanup", Time since last: 1001238400 ns, Reaching safepoint: 201300 ns, At safepoint: 9600 ns, Total: 210900 ns
[2020-10-05T10:21:02.446+0000][34308][safepoint    ] Safepoint "Cleanup", Time since last: 1000111600 ns, Reaching safepoint: 98500 ns, At safepoint: 4000 ns, Total: 102500 ns
[2020-10-05T10:21:03.447+0000][34308][safepoint    ] Safepoint "Cleanup", Time since last: 1000780000 ns, Reaching safepoint: 106400 ns, At safepoint: 5700 ns, Total: 112100 ns
[2020-10-05T10:21:04.448+0000][34308][safepoint    ] Safepoint "Cleanup", Time since last: 1000436400 ns, Reaching safepoint: 126500 ns, At safepoint: 6800 ns, Total: 133300 ns
[2020-10-05T10:21:05.449+0000][34308][safepoint    ] Safepoint "Cleanup", Time since last: 1000841100 ns, Reaching safepoint: 123100 ns, At safepoint: 7200 ns, Total: 130300 ns
[2020-10-05T10:21:06.450+0000][34308][safepoint    ] Safepoint "Cleanup", Time since last: 1000771200 ns, Reaching safepoint: 166100 ns, At safepoint: 7500 ns, Total: 173600 ns
[2020-10-05T10:21:07.450+0000][34308][safepoint    ] Safepoint "Cleanup", Time since last: 1000446300 ns, Reaching safepoint: 115500 ns, At safepoint: 4900 ns, Total: 120400 ns
[2020-10-05T10:21:08.451+0000][34308][safepoint    ] Safepoint "Cleanup", Time since last: 1000138700 ns, Reaching safepoint: 96300 ns, At safepoint: 4900 ns, Total: 101200 ns
[2020-10-05T10:21:09.451+0000][34308][safepoint    ] Safepoint "Cleanup", Time since last: 1000490600 ns, Reaching safepoint: 104300 ns, At safepoint: 5600 ns, Total: 109900 ns
[2020-10-05T10:21:11.451+0000][34308][safepoint    ] Safepoint "Cleanup", Time since last: 2000103000 ns, Reaching safepoint: 87100 ns, At safepoint: 3400 ns, Total: 90500 ns
[2020-10-05T10:21:12.452+0000][34308][safepoint    ] Safepoint "Cleanup", Time since last: 1000227000 ns, Reaching safepoint: 150100 ns, At safepoint: 4300 ns, Total: 154400 ns
[2020-10-05T10:21:13.452+0000][34308][safepoint    ] Safepoint "Cleanup", Time since last: 1000188000 ns, Reaching safepoint: 124500 ns, At safepoint: 4800 ns, Total: 129300 ns
[2020-10-05T10:21:14.453+0000][34308][safepoint    ] Safepoint "Cleanup", Time since last: 1000824300 ns, Reaching safepoint: 126900 ns, At safepoint: 5200 ns, Total: 132100 ns
[2020-10-05T10:21:15.454+0000][34308][safepoint    ] Safepoint "Cleanup", Time since last: 1000685700 ns, Reaching safepoint: 121800 ns, At safepoint: 4400 ns, Total: 126200 ns
[2020-10-05T10:21:16.454+0000][34308][safepoint    ] Safepoint "Cleanup", Time since last: 1000575900 ns, Reaching safepoint: 97200 ns, At safepoint: 4900 ns, Total: 102100 ns
[2020-10-05T10:21:17.455+0000][34308][safepoint    ] Safepoint "Cleanup", Time since last: 1000352800 ns, Reaching safepoint: 147700 ns, At safepoint: 22900 ns, Total: 170600 ns
[2020-10-05T10:21:18.456+0000][34308][safepoint    ] Safepoint "Cleanup", Time since last: 1000434100 ns, Reaching safepoint: 93700 ns, At safepoint: 5000 ns, Total: 98700 ns
[2020-10-05T10:21:19.456+0000][34308][safepoint    ] Safepoint "Cleanup", Time since last: 1000313100 ns, Reaching safepoint: 105700 ns, At safepoint: 4600 ns, Total: 110300 ns
[2020-10-05T10:21:20.457+0000][34308][safepoint    ] Safepoint "Cleanup", Time since last: 1000500700 ns, Reaching safepoint: 109000 ns, At safepoint: 5900 ns, Total: 114900 ns
[2020-10-05T10:21:21.457+0000][34308][safepoint    ] Safepoint "Cleanup", Time since last: 1000485500 ns, Reaching safepoint: 126800 ns, At safepoint: 5500 ns, Total: 132300 ns
[2020-10-05T10:21:22.457+0000][34308][safepoint    ] Safepoint "Cleanup", Time since last: 1000089100 ns, Reaching safepoint: 105200 ns, At safepoint: 5000 ns, Total: 110200 ns
[2020-10-05T10:21:23.458+0000][34308][safepoint    ] Safepoint "Cleanup", Time since last: 1000692700 ns, Reaching safepoint: 143000 ns, At safepoint: 2600 ns, Total: 145600 ns
[2020-10-05T10:21:24.459+0000][34308][safepoint    ] Safepoint "Cleanup", Time since last: 1000472000 ns, Reaching safepoint: 109900 ns, At safepoint: 4800 ns, Total: 114700 ns
[2020-10-05T10:21:25.459+0000][34308][safepoint    ] Safepoint "Cleanup", Time since last: 1000224100 ns, Reaching safepoint: 115800 ns, At safepoint: 5400 ns, Total: 121200 ns
[2020-10-05T10:21:26.460+0000][34308][safepoint    ] Safepoint "Cleanup", Time since last: 1000502900 ns, Reaching safepoint: 145100 ns, At safepoint: 6900 ns, Total: 152000 ns
[2020-10-05T10:21:28.460+0000][34308][safepoint    ] Safepoint "Cleanup", Time since last: 2000490100 ns, Reaching safepoint: 139300 ns, At safepoint: 7800 ns, Total: 147100 ns
[2020-10-05T10:21:29.461+0000][34308][safepoint    ] Safepoint "Cleanup", Time since last: 1000553000 ns, Reaching safepoint: 115500 ns, At safepoint: 4900 ns, Total: 120400 ns
[2020-10-05T10:21:30.462+0000][34308][safepoint    ] Safepoint "Cleanup", Time since last: 1000354900 ns, Reaching safepoint: 124300 ns, At safepoint: 7100 ns, Total: 131400 ns
[2020-10-05T10:21:31.462+0000][34308][safepoint    ] Safepoint "Cleanup", Time since last: 1000362100 ns, Reaching safepoint: 145100 ns, At safepoint: 8200 ns, Total: 153300 ns
[2020-10-05T10:21:33.463+0000][34308][safepoint    ] Safepoint "Cleanup", Time since last: 2000914600 ns, Reaching safepoint: 133800 ns, At safepoint: 5900 ns, Total: 139700 ns
[2020-10-05T10:21:35.464+0000][34308][safepoint    ] Safepoint "Cleanup", Time since last: 2000530500 ns, Reaching safepoint: 105800 ns, At safepoint: 5300 ns, Total: 111100 ns
[2020-10-05T10:21:36.465+0000][34308][safepoint    ] Safepoint "Cleanup", Time since last: 1000753600 ns, Reaching safepoint: 106300 ns, At safepoint: 5200 ns, Total: 111500 ns
[2020-10-05T10:21:37.465+0000][34308][safepoint    ] Safepoint "Cleanup", Time since last: 1000606400 ns, Reaching safepoint: 132900 ns, At safepoint: 3900 ns, Total: 136800 ns
[2020-10-05T10:21:38.466+0000][34308][safepoint    ] Safepoint "Cleanup", Time since last: 1000613000 ns, Reaching safepoint: 125100 ns, At safepoint: 7600 ns, Total: 132700 ns
[2020-10-05T10:21:39.467+0000][34308][safepoint    ] Safepoint "Cleanup", Time since last: 1000755800 ns, Reaching safepoint: 140300 ns, At safepoint: 10200 ns, Total: 150500 ns
[2020-10-05T10:21:40.467+0000][34308][safepoint    ] Safepoint "Cleanup", Time since last: 1000038700 ns, Reaching safepoint: 143200 ns, At safepoint: 6300 ns, Total: 149500 ns
[2020-10-05T10:21:41.468+0000][34308][safepoint    ] Safepoint "Cleanup", Time since last: 1000777800 ns, Reaching safepoint: 164900 ns, At safepoint: 10000 ns, Total: 174900 ns
[2020-10-05T10:21:42.468+0000][34308][safepoint    ] Safepoint "Cleanup", Time since last: 1000068300 ns, Reaching safepoint: 126300 ns, At safepoint: 7100 ns, Total: 133400 ns
[2020-10-05T10:21:43.469+0000][34308][safepoint    ] Safepoint "Cleanup", Time since last: 1000421400 ns, Reaching safepoint: 145700 ns, At safepoint: 6800 ns, Total: 152500 ns
[2020-10-05T10:21:44.469+0000][34308][safepoint    ] Safepoint "Cleanup", Time since last: 1000216500 ns, Reaching safepoint: 124700 ns, At safepoint: 6200 ns, Total: 130900 ns
[2020-10-05T10:21:45.470+0000][34308][safepoint    ] Safepoint "Cleanup", Time since last: 1000625900 ns, Reaching safepoint: 146000 ns, At safepoint: 7500 ns, Total: 153500 ns
[2020-10-05T10:21:46.471+0000][34308][safepoint    ] Safepoint "Cleanup", Time since last: 1000740000 ns, Reaching safepoint: 119400 ns, At safepoint: 6700 ns, Total: 126100 ns
[2020-10-05T10:21:47.472+0000][34308][safepoint    ] Safepoint "Cleanup", Time since last: 1000800200 ns, Reaching safepoint: 104100 ns, At safepoint: 4900 ns, Total: 109000 ns
[2020-10-05T10:21:49.472+0000][34308][safepoint    ] Safepoint "Cleanup", Time since last: 2000190200 ns, Reaching safepoint: 131100 ns, At safepoint: 6700 ns, Total: 137800 ns
[2020-10-05T10:21:50.473+0000][34308][safepoint    ] Safepoint "Cleanup", Time since last: 1000357200 ns, Reaching safepoint: 113800 ns, At safepoint: 5300 ns, Total: 119100 ns
[2020-10-05T10:21:52.389+0000][34308][safepoint    ] Safepoint "Cleanup", Time since last: 1916179400 ns, Reaching safepoint: 125000 ns, At safepoint: 17900 ns, Total: 142900 ns
[2020-10-05T10:21:53.390+0000][34308][safepoint    ] Safepoint "Cleanup", Time since last: 1000752300 ns, Reaching safepoint: 134500 ns, At safepoint: 3100 ns, Total: 137600 ns
[2020-10-05T10:21:55.390+0000][34308][safepoint    ] Safepoint "Cleanup", Time since last: 2000352600 ns, Reaching safepoint: 116600 ns, At safepoint: 4300 ns, Total: 120900 ns
[2020-10-05T10:21:56.391+0000][34308][safepoint    ] Safepoint "Cleanup", Time since last: 1000417800 ns, Reaching safepoint: 139400 ns, At safepoint: 5700 ns, Total: 145100 ns
[2020-10-05T10:21:57.392+0000][34308][safepoint    ] Safepoint "Cleanup", Time since last: 1000876000 ns, Reaching safepoint: 111100 ns, At safepoint: 4700 ns, Total: 115800 ns
[2020-10-05T10:21:58.392+0000][34308][safepoint    ] Safepoint "Cleanup", Time since last: 1000397200 ns, Reaching safepoint: 108700 ns, At safepoint: 2100 ns, Total: 110800 ns
[2020-10-05T10:21:59.393+0000][34308][safepoint    ] Safepoint "Cleanup", Time since last: 1000628100 ns, Reaching safepoint: 141500 ns, At safepoint: 4400 ns, Total: 145900 ns
[2020-10-05T10:22:00.394+0000][34308][safepoint    ] Safepoint "Cleanup", Time since last: 1000816400 ns, Reaching safepoint: 80800 ns, At safepoint: 3200 ns, Total: 84000 ns
[2020-10-05T10:22:01.395+0000][34308][safepoint    ] Safepoint "Cleanup", Time since last: 1000618300 ns, Reaching safepoint: 130200 ns, At safepoint: 4300 ns, Total: 134500 ns
[2020-10-05T10:22:02.395+0000][34308][safepoint    ] Safepoint "Cleanup", Time since last: 1000026100 ns, Reaching safepoint: 222200 ns, At safepoint: 6500 ns, Total: 228700 ns
[2020-10-05T10:22:03.395+0000][34308][safepoint    ] Safepoint "Cleanup", Time since last: 1000270300 ns, Reaching safepoint: 135700 ns, At safepoint: 4400 ns, Total: 140100 ns
[2020-10-05T10:22:04.396+0000][34308][safepoint    ] Safepoint "Cleanup", Time since last: 1000783800 ns, Reaching safepoint: 141700 ns, At safepoint: 4400 ns, Total: 146100 ns
[2020-10-05T10:22:05.397+0000][34308][safepoint    ] Safepoint "Cleanup", Time since last: 1000431200 ns, Reaching safepoint: 108900 ns, At safepoint: 7100 ns, Total: 116000 ns
[2020-10-05T10:22:06.397+0000][34308][safepoint    ] Safepoint "Cleanup", Time since last: 1000303400 ns, Reaching safepoint: 92300 ns, At safepoint: 4900 ns, Total: 97200 ns
[2020-10-05T10:22:07.397+0000][34308][safepoint    ] Safepoint "Cleanup", Time since last: 1000031700 ns, Reaching safepoint: 103800 ns, At safepoint: 5600 ns, Total: 109400 ns
[2020-10-05T10:22:08.398+0000][34308][safepoint    ] Safepoint "Cleanup", Time since last: 1000436900 ns, Reaching safepoint: 124400 ns, At safepoint: 3000 ns, Total: 127400 ns
[2020-10-05T10:22:09.399+0000][34308][safepoint    ] Safepoint "Cleanup", Time since last: 1000769300 ns, Reaching safepoint: 124400 ns, At safepoint: 5100 ns, Total: 129500 ns
[2020-10-05T10:22:10.400+0000][34308][safepoint    ] Safepoint "Cleanup", Time since last: 1000477900 ns, Reaching safepoint: 93400 ns, At safepoint: 4900 ns, Total: 98300 ns
[2020-10-05T10:22:11.400+0000][34308][safepoint    ] Safepoint "Cleanup", Time since last: 1000021000 ns, Reaching safepoint: 119200 ns, At safepoint: 7500 ns, Total: 126700 ns
[2020-10-05T10:22:13.400+0000][34308][safepoint    ] Safepoint "Cleanup", Time since last: 2000695100 ns, Reaching safepoint: 97700 ns, At safepoint: 3300 ns, Total: 101000 ns
[2020-10-05T10:22:14.401+0000][34308][safepoint    ] Safepoint "Cleanup", Time since last: 1000769800 ns, Reaching safepoint: 106000 ns, At safepoint: 4800 ns, Total: 110800 ns
[2020-10-05T10:22:15.402+0000][34308][safepoint    ] Safepoint "Cleanup", Time since last: 1000836100 ns, Reaching safepoint: 99400 ns, At safepoint: 4800 ns, Total: 104200 ns
[2020-10-05T10:22:17.403+0000][34308][safepoint    ] Safepoint "Cleanup", Time since last: 2000398800 ns, Reaching safepoint: 92200 ns, At safepoint: 4600 ns, Total: 96800 ns
[2020-10-05T10:22:19.403+0000][34308][safepoint    ] Safepoint "Cleanup", Time since last: 2000594200 ns, Reaching safepoint: 151900 ns, At safepoint: 5600 ns, Total: 157500 ns
[2020-10-05T10:22:20.404+0000][34308][safepoint    ] Safepoint "Cleanup", Time since last: 1000241400 ns, Reaching safepoint: 111200 ns, At safepoint: 4700 ns, Total: 115900 ns
[2020-10-05T10:22:22.398+0000][34308][safepoint    ] Safepoint "Cleanup", Time since last: 1994120100 ns, Reaching safepoint: 112100 ns, At safepoint: 5400 ns, Total: 117500 ns
[2020-10-05T10:22:23.399+0000][34308][safepoint    ] Safepoint "Cleanup", Time since last: 1000394600 ns, Reaching safepoint: 106300 ns, At safepoint: 7300 ns, Total: 113600 ns
[2020-10-05T10:22:24.399+0000][34308][safepoint    ] Safepoint "Cleanup", Time since last: 1000127300 ns, Reaching safepoint: 96600 ns, At safepoint: 4000 ns, Total: 100600 ns
[2020-10-05T10:22:25.400+0000][34308][safepoint    ] Safepoint "Cleanup", Time since last: 1000722500 ns, Reaching safepoint: 105600 ns, At safepoint: 5100 ns, Total: 110700 ns
[2020-10-05T10:22:26.400+0000][34308][safepoint    ] Safepoint "Cleanup", Time since last: 1000197700 ns, Reaching safepoint: 96200 ns, At safepoint: 5500 ns, Total: 101700 ns
[2020-10-05T10:22:28.401+0000][34308][safepoint    ] Safepoint "Cleanup", Time since last: 2000571800 ns, Reaching safepoint: 115500 ns, At safepoint: 4400 ns, Total: 119900 ns
[2020-10-05T10:22:30.401+0000][34308][safepoint    ] Safepoint "Cleanup", Time since last: 2000177100 ns, Reaching safepoint: 106000 ns, At safepoint: 4100 ns, Total: 110100 ns
[2020-10-05T10:22:31.402+0000][34308][safepoint    ] Safepoint "Cleanup", Time since last: 1000629200 ns, Reaching safepoint: 105000 ns, At safepoint: 4000 ns, Total: 109000 ns
[2020-10-05T10:22:32.402+0000][34308][safepoint    ] Safepoint "Cleanup", Time since last: 1000169200 ns, Reaching safepoint: 138600 ns, At safepoint: 7200 ns, Total: 145800 ns
[2020-10-05T10:22:34.403+0000][34308][safepoint    ] Safepoint "Cleanup", Time since last: 2000726100 ns, Reaching safepoint: 133100 ns, At safepoint: 5800 ns, Total: 138900 ns
[2020-10-05T10:22:35.403+0000][34308][safepoint    ] Safepoint "Cleanup", Time since last: 1000518000 ns, Reaching safepoint: 115800 ns, At safepoint: 5400 ns, Total: 121200 ns
[2020-10-05T10:22:36.404+0000][34308][safepoint    ] Safepoint "Cleanup", Time since last: 1000069400 ns, Reaching safepoint: 118800 ns, At safepoint: 4200 ns, Total: 123000 ns
[2020-10-05T10:22:37.404+0000][34308][safepoint    ] Safepoint "Cleanup", Time since last: 1000477000 ns, Reaching safepoint: 146600 ns, At safepoint: 5300 ns, Total: 151900 ns
[2020-10-05T10:22:39.405+0000][34308][safepoint    ] Safepoint "Cleanup", Time since last: 2000797100 ns, Reaching safepoint: 101800 ns, At safepoint: 5700 ns, Total: 107500 ns
[2020-10-05T10:22:40.406+0000][34308][safepoint    ] Safepoint "Cleanup", Time since last: 1000427500 ns, Reaching safepoint: 153700 ns, At safepoint: 5400 ns, Total: 159100 ns
[2020-10-05T10:22:41.406+0000][34308][safepoint    ] Safepoint "Cleanup", Time since last: 1000290500 ns, Reaching safepoint: 104900 ns, At safepoint: 4400 ns, Total: 109300 ns
[2020-10-05T10:22:42.406+0000][34308][safepoint    ] Safepoint "Cleanup", Time since last: 1000188700 ns, Reaching safepoint: 87500 ns, At safepoint: 3700 ns, Total: 91200 ns
[2020-10-05T10:22:43.407+0000][34308][safepoint    ] Safepoint "Cleanup", Time since last: 1000384700 ns, Reaching safepoint: 99800 ns, At safepoint: 6800 ns, Total: 106600 ns
[2020-10-05T10:22:44.408+0000][34308][safepoint    ] Safepoint "Cleanup", Time since last: 1000867400 ns, Reaching safepoint: 102300 ns, At safepoint: 3800 ns, Total: 106100 ns
[2020-10-05T10:22:45.409+0000][34308][safepoint    ] Safepoint "Cleanup", Time since last: 1000772700 ns, Reaching safepoint: 111200 ns, At safepoint: 5600 ns, Total: 116800 ns
[2020-10-05T10:22:46.409+0000][34308][safepoint    ] Safepoint "Cleanup", Time since last: 1000512600 ns, Reaching safepoint: 114300 ns, At safepoint: 4100 ns, Total: 118400 ns
[2020-10-05T10:22:47.410+0000][34308][safepoint    ] Safepoint "Cleanup", Time since last: 1000824600 ns, Reaching safepoint: 126400 ns, At safepoint: 6400 ns, Total: 132800 ns
[2020-10-05T10:22:48.411+0000][34308][safepoint    ] Safepoint "Cleanup", Time since last: 1000437300 ns, Reaching safepoint: 103800 ns, At safepoint: 3300 ns, Total: 107100 ns
[2020-10-05T10:22:49.412+0000][34308][safepoint    ] Safepoint "Cleanup", Time since last: 1000490900 ns, Reaching safepoint: 121800 ns, At safepoint: 5300 ns, Total: 127100 ns
[2020-10-05T10:22:50.412+0000][34308][safepoint    ] Safepoint "Cleanup", Time since last: 1000323600 ns, Reaching safepoint: 108200 ns, At safepoint: 7500 ns, Total: 115700 ns
[2020-10-05T10:22:51.412+0000][34308][safepoint    ] Safepoint "Cleanup", Time since last: 1000293700 ns, Reaching safepoint: 194300 ns, At safepoint: 6600 ns, Total: 200900 ns
[2020-10-05T10:22:52.413+0000][34308][safepoint    ] Safepoint "Cleanup", Time since last: 1000194500 ns, Reaching safepoint: 140900 ns, At safepoint: 5500 ns, Total: 146400 ns
[2020-10-05T10:22:54.413+0000][34308][safepoint    ] Safepoint "Cleanup", Time since last: 2000559700 ns, Reaching safepoint: 136100 ns, At safepoint: 4800 ns, Total: 140900 ns
[2020-10-05T10:22:56.414+0000][34308][safepoint    ] Safepoint "Cleanup", Time since last: 2000177200 ns, Reaching safepoint: 142100 ns, At safepoint: 7200 ns, Total: 149300 ns
[2020-10-05T10:22:57.414+0000][34308][safepoint    ] Safepoint "Cleanup", Time since last: 1000194300 ns, Reaching safepoint: 120100 ns, At safepoint: 7000 ns, Total: 127100 ns
[2020-10-05T10:22:58.415+0000][34308][safepoint    ] Safepoint "Cleanup", Time since last: 1000760400 ns, Reaching safepoint: 156700 ns, At safepoint: 7900 ns, Total: 164600 ns
[2020-10-05T10:22:59.416+0000][34308][safepoint    ] Safepoint "Cleanup", Time since last: 1000612100 ns, Reaching safepoint: 161700 ns, At safepoint: 7800 ns, Total: 169500 ns
[2020-10-05T10:23:00.417+0000][34308][safepoint    ] Safepoint "Cleanup", Time since last: 1000560200 ns, Reaching safepoint: 106400 ns, At safepoint: 3000 ns, Total: 109400 ns
[2020-10-05T10:23:01.417+0000][34308][safepoint    ] Safepoint "Cleanup", Time since last: 1000095500 ns, Reaching safepoint: 113700 ns, At safepoint: 3600 ns, Total: 117300 ns
[2020-10-05T10:23:02.418+0000][34308][safepoint    ] Safepoint "Cleanup", Time since last: 1000838800 ns, Reaching safepoint: 109100 ns, At safepoint: 5000 ns, Total: 114100 ns
[2020-10-05T10:23:03.418+0000][34308][safepoint    ] Safepoint "Cleanup", Time since last: 1000216000 ns, Reaching safepoint: 105400 ns, At safepoint: 6400 ns, Total: 111800 ns
[2020-10-05T10:23:04.419+0000][34308][safepoint    ] Safepoint "Cleanup", Time since last: 1000750300 ns, Reaching safepoint: 112000 ns, At safepoint: 5000 ns, Total: 117000 ns
[2020-10-05T10:23:05.420+0000][34308][safepoint    ] Safepoint "Cleanup", Time since last: 1000575000 ns, Reaching safepoint: 113900 ns, At safepoint: 11000 ns, Total: 124900 ns
[2020-10-05T10:23:06.420+0000][34308][safepoint    ] Safepoint "Cleanup", Time since last: 1000632600 ns, Reaching safepoint: 111100 ns, At safepoint: 19800 ns, Total: 130900 ns
[2020-10-05T10:23:07.420+0000][34308][safepoint    ] Safepoint "Cleanup", Time since last: 1000020000 ns, Reaching safepoint: 97700 ns, At safepoint: 6100 ns, Total: 103800 ns
[2020-10-05T10:23:09.421+0000][34308][safepoint    ] Safepoint "Cleanup", Time since last: 2000275700 ns, Reaching safepoint: 123400 ns, At safepoint: 6400 ns, Total: 129800 ns
[2020-10-05T10:23:11.422+0000][34308][safepoint    ] Safepoint "Cleanup", Time since last: 2000666400 ns, Reaching safepoint: 108700 ns, At safepoint: 5600 ns, Total: 114300 ns
[2020-10-05T10:23:12.422+0000][34308][safepoint    ] Safepoint "Cleanup", Time since last: 1000252200 ns, Reaching safepoint: 101900 ns, At safepoint: 5000 ns, Total: 106900 ns
[2020-10-05T10:23:13.423+0000][34308][safepoint    ] Safepoint "Cleanup", Time since last: 1000955200 ns, Reaching safepoint: 148500 ns, At safepoint: 3600 ns, Total: 152100 ns
[2020-10-05T10:23:14.423+0000][34308][safepoint    ] Safepoint "Cleanup", Time since last: 1000008600 ns, Reaching safepoint: 187300 ns, At safepoint: 4900 ns, Total: 192200 ns
[2020-10-05T10:23:15.424+0000][34308][safepoint    ] Safepoint "Cleanup", Time since last: 1000724500 ns, Reaching safepoint: 87500 ns, At safepoint: 4800 ns, Total: 92300 ns
[2020-10-05T10:23:16.424+0000][34308][safepoint    ] Safepoint "Cleanup", Time since last: 1000090400 ns, Reaching safepoint: 103000 ns, At safepoint: 4100 ns, Total: 107100 ns
[2020-10-05T10:23:17.425+0000][34308][safepoint    ] Safepoint "Cleanup", Time since last: 1000486600 ns, Reaching safepoint: 110800 ns, At safepoint: 4900 ns, Total: 115700 ns
[2020-10-05T10:23:18.425+0000][34308][safepoint    ] Safepoint "Cleanup", Time since last: 1000155700 ns, Reaching safepoint: 113900 ns, At safepoint: 4400 ns, Total: 118300 ns
[2020-10-05T10:23:19.426+0000][34308][safepoint    ] Safepoint "Cleanup", Time since last: 1000853000 ns, Reaching safepoint: 117000 ns, At safepoint: 5600 ns, Total: 122600 ns
[2020-10-05T10:23:20.427+0000][34308][safepoint    ] Safepoint "Cleanup", Time since last: 1000706700 ns, Reaching safepoint: 101600 ns, At safepoint: 5000 ns, Total: 106600 ns
[2020-10-05T10:23:21.428+0000][34308][safepoint    ] Safepoint "Cleanup", Time since last: 1000616300 ns, Reaching safepoint: 111400 ns, At safepoint: 5000 ns, Total: 116400 ns
[2020-10-05T10:23:22.428+0000][34308][safepoint    ] Safepoint "Cleanup", Time since last: 1000629600 ns, Reaching safepoint: 224000 ns, At safepoint: 6600 ns, Total: 230600 ns
[2020-10-05T10:23:23.429+0000][34308][safepoint    ] Safepoint "Cleanup", Time since last: 1000706800 ns, Reaching safepoint: 100700 ns, At safepoint: 3100 ns, Total: 103800 ns
[2020-10-05T10:23:24.430+0000][34308][safepoint    ] Safepoint "Cleanup", Time since last: 1000613700 ns, Reaching safepoint: 109700 ns, At safepoint: 4500 ns, Total: 114200 ns
[2020-10-05T10:23:25.430+0000][34308][safepoint    ] Safepoint "Cleanup", Time since last: 1000251000 ns, Reaching safepoint: 148900 ns, At safepoint: 4800 ns, Total: 153700 ns
[2020-10-05T10:23:26.431+0000][34308][safepoint    ] Safepoint "Cleanup", Time since last: 1000072700 ns, Reaching safepoint: 117300 ns, At safepoint: 4400 ns, Total: 121700 ns
[2020-10-05T10:23:27.431+0000][34308][safepoint    ] Safepoint "Cleanup", Time since last: 1000106900 ns, Reaching safepoint: 150900 ns, At safepoint: 5100 ns, Total: 156000 ns
[2020-10-05T10:23:28.431+0000][34308][safepoint    ] Safepoint "Cleanup", Time since last: 1000170200 ns, Reaching safepoint: 141700 ns, At safepoint: 4900 ns, Total: 146600 ns
[2020-10-05T10:23:29.432+0000][34308][safepoint    ] Safepoint "Cleanup", Time since last: 1000813700 ns, Reaching safepoint: 114000 ns, At safepoint: 6500 ns, Total: 120500 ns
[2020-10-05T10:23:30.433+0000][34308][safepoint    ] Safepoint "Cleanup", Time since last: 1000512400 ns, Reaching safepoint: 152100 ns, At safepoint: 7800 ns, Total: 159900 ns
[2020-10-05T10:23:31.434+0000][34308][safepoint    ] Safepoint "Cleanup", Time since last: 1000813400 ns, Reaching safepoint: 114700 ns, At safepoint: 7300 ns, Total: 122000 ns
[2020-10-05T10:23:32.434+0000][34308][safepoint    ] Safepoint "Cleanup", Time since last: 1000512300 ns, Reaching safepoint: 136900 ns, At safepoint: 7200 ns, Total: 144100 ns
[2020-10-05T10:23:33.435+0000][34308][safepoint    ] Safepoint "Cleanup", Time since last: 1000009100 ns, Reaching safepoint: 114700 ns, At safepoint: 5500 ns, Total: 120200 ns
[2020-10-05T10:23:35.435+0000][34308][safepoint    ] Safepoint "Cleanup", Time since last: 2000175500 ns, Reaching safepoint: 147900 ns, At safepoint: 5600 ns, Total: 153500 ns
[2020-10-05T10:23:36.436+0000][34308][safepoint    ] Safepoint "Cleanup", Time since last: 1000740300 ns, Reaching safepoint: 110200 ns, At safepoint: 5700 ns, Total: 115900 ns
[2020-10-05T10:23:37.436+0000][34308][safepoint    ] Safepoint "Cleanup", Time since last: 1000526200 ns, Reaching safepoint: 124400 ns, At safepoint: 4900 ns, Total: 129300 ns
[2020-10-05T10:23:38.437+0000][34308][safepoint    ] Safepoint "Cleanup", Time since last: 1000034200 ns, Reaching safepoint: 184100 ns, At safepoint: 5500 ns, Total: 189600 ns
[2020-10-05T10:23:39.437+0000][34308][safepoint    ] Safepoint "Cleanup", Time since last: 1000037300 ns, Reaching safepoint: 106200 ns, At safepoint: 5700 ns, Total: 111900 ns
[2020-10-05T10:23:40.438+0000][34308][safepoint    ] Safepoint "Cleanup", Time since last: 1000641500 ns, Reaching safepoint: 88000 ns, At safepoint: 3400 ns, Total: 91400 ns
[2020-10-05T10:23:41.438+0000][34308][safepoint    ] Safepoint "Cleanup", Time since last: 1000835600 ns, Reaching safepoint: 111200 ns, At safepoint: 5100 ns, Total: 116300 ns
[2020-10-05T10:23:43.439+0000][34308][safepoint    ] Safepoint "Cleanup", Time since last: 2000773300 ns, Reaching safepoint: 114700 ns, At safepoint: 4800 ns, Total: 119500 ns
[2020-10-05T10:23:44.440+0000][34308][safepoint    ] Safepoint "Cleanup", Time since last: 1000105200 ns, Reaching safepoint: 244700 ns, At safepoint: 18000 ns, Total: 262700 ns
[2020-10-05T10:23:46.441+0000][34308][safepoint    ] Safepoint "Cleanup", Time since last: 2000716100 ns, Reaching safepoint: 101000 ns, At safepoint: 5100 ns, Total: 106100 ns
[2020-10-05T10:23:47.441+0000][34308][safepoint    ] Safepoint "Cleanup", Time since last: 1000043800 ns, Reaching safepoint: 106800 ns, At safepoint: 5700 ns, Total: 112500 ns
[2020-10-05T10:23:48.441+0000][34308][safepoint    ] Safepoint "Cleanup", Time since last: 1000703200 ns, Reaching safepoint: 101000 ns, At safepoint: 5200 ns, Total: 106200 ns
[2020-10-05T10:23:49.442+0000][34308][safepoint    ] Safepoint "Cleanup", Time since last: 1000061800 ns, Reaching safepoint: 125100 ns, At safepoint: 6600 ns, Total: 131700 ns
[2020-10-05T10:23:51.398+0000][34308][safepoint    ] Safepoint "Cleanup", Time since last: 1954799500 ns, Reaching safepoint: 957500 ns, At safepoint: 58300 ns, Total: 1015800 ns
[2020-10-05T10:23:52.407+0000][34308][safepoint    ] Safepoint "Cleanup", Time since last: 1000873200 ns, Reaching safepoint: 8726100 ns, At safepoint: 76300 ns, Total: 8802400 ns
[2020-10-05T10:23:54.408+0000][34308][safepoint    ] Safepoint "Cleanup", Time since last: 2000528700 ns, Reaching safepoint: 109200 ns, At safepoint: 62900 ns, Total: 172100 ns
[2020-10-05T10:23:55.409+0000][34308][safepoint    ] Safepoint "Cleanup", Time since last: 1000716100 ns, Reaching safepoint: 110800 ns, At safepoint: 43900 ns, Total: 154700 ns
[2020-10-05T10:23:56.410+0000][34308][safepoint    ] Safepoint "Cleanup", Time since last: 1000705300 ns, Reaching safepoint: 111900 ns, At safepoint: 22100 ns, Total: 134000 ns
[2020-10-05T10:23:57.410+0000][34308][safepoint    ] Safepoint "Cleanup", Time since last: 1000150900 ns, Reaching safepoint: 189900 ns, At safepoint: 69200 ns, Total: 259100 ns
[2020-10-05T10:23:58.410+0000][34308][safepoint    ] Safepoint "Cleanup", Time since last: 1000210100 ns, Reaching safepoint: 150700 ns, At safepoint: 16900 ns, Total: 167600 ns
[2020-10-05T10:23:58.818+0000][34308][gc,start     ] GC(14) Pause Young (Normal) (G1 Evacuation Pause)
[2020-10-05T10:23:58.818+0000][34308][gc,task      ] GC(14) Using 8 workers of 8 for evacuation
[2020-10-05T10:23:58.818+0000][34308][gc,age       ] GC(14) Desired survivor size 33030144 bytes, new threshold 15 (max threshold 15)
[2020-10-05T10:23:58.851+0000][34308][gc,age       ] GC(14) Age table with threshold 15 (max threshold 15)
[2020-10-05T10:23:58.851+0000][34308][gc,age       ] GC(14) - age   1:     469480 bytes,     469480 total
[2020-10-05T10:23:58.851+0000][34308][gc,age       ] GC(14) - age   2:       3304 bytes,     472784 total
[2020-10-05T10:23:58.851+0000][34308][gc,age       ] GC(14) - age   3:    2505328 bytes,    2978112 total
[2020-10-05T10:23:58.851+0000][34308][gc,age       ] GC(14) - age   4:    1916224 bytes,    4894336 total
[2020-10-05T10:23:58.851+0000][34308][gc,age       ] GC(14) - age   5:   10065248 bytes,   14959584 total
[2020-10-05T10:23:58.851+0000][34308][gc,age       ] GC(14) - age   6:    7906816 bytes,   22866400 total
[2020-10-05T10:23:58.851+0000][34308][gc,phases    ] GC(14)   Pre Evacuate Collection Set: 0.1ms
[2020-10-05T10:23:58.851+0000][34308][gc,phases    ] GC(14)   Merge Heap Roots: 0.1ms
[2020-10-05T10:23:58.851+0000][34308][gc,phases    ] GC(14)   Evacuate Collection Set: 29.4ms
[2020-10-05T10:23:58.851+0000][34308][gc,phases    ] GC(14)   Post Evacuate Collection Set: 3.1ms
[2020-10-05T10:23:58.852+0000][34308][gc,phases    ] GC(14)   Other: 2.4ms
[2020-10-05T10:23:58.852+0000][34308][gc,heap      ] GC(14) Eden regions: 477->0(486)
[2020-10-05T10:23:58.852+0000][34308][gc,heap      ] GC(14) Survivor regions: 24->24(63)
[2020-10-05T10:23:58.852+0000][34308][gc,heap      ] GC(14) Old regions: 50->50
[2020-10-05T10:23:58.852+0000][34308][gc,heap      ] GC(14) Archive regions: 0->0
[2020-10-05T10:23:58.852+0000][34308][gc,heap      ] GC(14) Humongous regions: 174->174
[2020-10-05T10:23:58.852+0000][34308][gc,metaspace ] GC(14) Metaspace: 80683K(86400K)->80683K(86400K) NonClass: 70035K(73472K)->70035K(73472K) Class: 10647K(12928K)->10647K(12928K)
[2020-10-05T10:23:58.852+0000][34308][gc           ] GC(14) Pause Young (Normal) (G1 Evacuation Pause) 724M->247M(1024M) 33.868ms
[2020-10-05T10:23:58.852+0000][34308][gc,cpu       ] GC(14) User=0.09s Sys=0.05s Real=0.03s
[2020-10-05T10:23:58.852+0000][34308][safepoint    ] Safepoint "G1CollectForAllocation", Time since last: 405963600 ns, Reaching safepoint: 88800 ns, At safepoint: 35522300 ns, Total: 35611100 ns
[2020-10-05T10:24:00.853+0000][34308][safepoint    ] Safepoint "Cleanup", Time since last: 2000800600 ns, Reaching safepoint: 214800 ns, At safepoint: 35800 ns, Total: 250600 ns
[2020-10-05T10:24:01.854+0000][34308][safepoint    ] Safepoint "Cleanup", Time since last: 1000470400 ns, Reaching safepoint: 103600 ns, At safepoint: 25700 ns, Total: 129300 ns
[2020-10-05T10:24:02.854+0000][34308][safepoint    ] Safepoint "Cleanup", Time since last: 1000072800 ns, Reaching safepoint: 107600 ns, At safepoint: 24800 ns, Total: 132400 ns
[2020-10-05T10:24:03.854+0000][34308][safepoint    ] Safepoint "Cleanup", Time since last: 1000452000 ns, Reaching safepoint: 124000 ns, At safepoint: 62600 ns, Total: 186600 ns
[2020-10-05T10:24:04.855+0000][34308][safepoint    ] Safepoint "Cleanup", Time since last: 1000278600 ns, Reaching safepoint: 127200 ns, At safepoint: 17900 ns, Total: 145100 ns
[2020-10-05T10:24:05.855+0000][34308][safepoint    ] Safepoint "Cleanup", Time since last: 1000103300 ns, Reaching safepoint: 99800 ns, At safepoint: 5300 ns, Total: 105100 ns
[2020-10-05T10:24:06.856+0000][34308][safepoint    ] Safepoint "Cleanup", Time since last: 1000616600 ns, Reaching safepoint: 159900 ns, At safepoint: 17900 ns, Total: 177800 ns
[2020-10-05T10:24:07.857+0000][34308][safepoint    ] Safepoint "Cleanup", Time since last: 1000821100 ns, Reaching safepoint: 129600 ns, At safepoint: 9100 ns, Total: 138700 ns
[2020-10-05T10:24:09.857+0000][34308][safepoint    ] Safepoint "Cleanup", Time since last: 2000580200 ns, Reaching safepoint: 116000 ns, At safepoint: 4700 ns, Total: 120700 ns
[2020-10-05T10:24:10.858+0000][34308][safepoint    ] Safepoint "Cleanup", Time since last: 1000511000 ns, Reaching safepoint: 128500 ns, At safepoint: 35300 ns, Total: 163800 ns
[2020-10-05T10:24:11.858+0000][34308][safepoint    ] Safepoint "Cleanup", Time since last: 1000230100 ns, Reaching safepoint: 193000 ns, At safepoint: 23500 ns, Total: 216500 ns
[2020-10-05T10:24:12.859+0000][34308][safepoint    ] Safepoint "Cleanup", Time since last: 1000238900 ns, Reaching safepoint: 115200 ns, At safepoint: 23400 ns, Total: 138600 ns
[2020-10-05T10:24:13.860+0000][34308][safepoint    ] Safepoint "Cleanup", Time since last: 1000575800 ns, Reaching safepoint: 96000 ns, At safepoint: 18900 ns, Total: 114900 ns
[2020-10-05T10:24:14.860+0000][34308][safepoint    ] Safepoint "Cleanup", Time since last: 1000458800 ns, Reaching safepoint: 107300 ns, At safepoint: 54300 ns, Total: 161600 ns
[2020-10-05T10:24:16.861+0000][34308][safepoint    ] Safepoint "Cleanup", Time since last: 2000640200 ns, Reaching safepoint: 118300 ns, At safepoint: 27100 ns, Total: 145400 ns
[2020-10-05T10:24:17.862+0000][34308][safepoint    ] Safepoint "Cleanup", Time since last: 1000643400 ns, Reaching safepoint: 130300 ns, At safepoint: 6700 ns, Total: 137000 ns
[2020-10-05T10:24:18.863+0000][34308][safepoint    ] Safepoint "Cleanup", Time since last: 1000578400 ns, Reaching safepoint: 166100 ns, At safepoint: 53400 ns, Total: 219500 ns
[2020-10-05T10:24:20.864+0000][34308][safepoint    ] Safepoint "Cleanup", Time since last: 2000822000 ns, Reaching safepoint: 151400 ns, At safepoint: 29200 ns, Total: 180600 ns
[2020-10-05T10:24:22.410+0000][34308][safepoint    ] Safepoint "Cleanup", Time since last: 1546158000 ns, Reaching safepoint: 150200 ns, At safepoint: 8200 ns, Total: 158400 ns
[2020-10-05T10:24:23.410+0000][34308][safepoint    ] Safepoint "Cleanup", Time since last: 1000209200 ns, Reaching safepoint: 125400 ns, At safepoint: 5100 ns, Total: 130500 ns
[2020-10-05T10:24:24.411+0000][34308][safepoint    ] Safepoint "Cleanup", Time since last: 1000850900 ns, Reaching safepoint: 156500 ns, At safepoint: 8400 ns, Total: 164900 ns
[2020-10-05T10:24:25.412+0000][34308][safepoint    ] Safepoint "Cleanup", Time since last: 1000131900 ns, Reaching safepoint: 125900 ns, At safepoint: 6600 ns, Total: 132500 ns
[2020-10-05T10:24:26.412+0000][34308][safepoint    ] Safepoint "Cleanup", Time since last: 1000177000 ns, Reaching safepoint: 228700 ns, At safepoint: 7500 ns, Total: 236200 ns
[2020-10-05T10:24:27.412+0000][34308][safepoint    ] Safepoint "Cleanup", Time since last: 1000246200 ns, Reaching safepoint: 261600 ns, At safepoint: 9100 ns, Total: 270700 ns
[2020-10-05T10:24:28.413+0000][34308][safepoint    ] Safepoint "Cleanup", Time since last: 1000315300 ns, Reaching safepoint: 79200 ns, At safepoint: 2800 ns, Total: 82000 ns
[2020-10-05T10:24:29.413+0000][34308][safepoint    ] Safepoint "Cleanup", Time since last: 1000201100 ns, Reaching safepoint: 95800 ns, At safepoint: 3300 ns, Total: 99100 ns
[2020-10-05T10:24:30.413+0000][34308][safepoint    ] Safepoint "Cleanup", Time since last: 1000138300 ns, Reaching safepoint: 125200 ns, At safepoint: 5100 ns, Total: 130300 ns
[2020-10-05T10:24:31.414+0000][34308][safepoint    ] Safepoint "Cleanup", Time since last: 1000767200 ns, Reaching safepoint: 126200 ns, At safepoint: 5300 ns, Total: 131500 ns
[2020-10-05T10:24:32.415+0000][34308][safepoint    ] Safepoint "Cleanup", Time since last: 1000436700 ns, Reaching safepoint: 118100 ns, At safepoint: 7500 ns, Total: 125600 ns
[2020-10-05T10:24:33.415+0000][34308][safepoint    ] Safepoint "Cleanup", Time since last: 1000356500 ns, Reaching safepoint: 169100 ns, At safepoint: 9300 ns, Total: 178400 ns
[2020-10-05T10:24:35.416+0000][34308][safepoint    ] Safepoint "Cleanup", Time since last: 2000528800 ns, Reaching safepoint: 89100 ns, At safepoint: 7000 ns, Total: 96100 ns
[2020-10-05T10:24:36.416+0000][34308][safepoint    ] Safepoint "Cleanup", Time since last: 1000034700 ns, Reaching safepoint: 110600 ns, At safepoint: 4000 ns, Total: 114600 ns
[2020-10-05T10:24:37.417+0000][34308][safepoint    ] Safepoint "Cleanup", Time since last: 1000599200 ns, Reaching safepoint: 100900 ns, At safepoint: 8200 ns, Total: 109100 ns
[2020-10-05T10:24:38.418+0000][34308][safepoint    ] Safepoint "Cleanup", Time since last: 1000503600 ns, Reaching safepoint: 146600 ns, At safepoint: 5200 ns, Total: 151800 ns
[2020-10-05T10:24:39.418+0000][34308][safepoint    ] Safepoint "Cleanup", Time since last: 1000665800 ns, Reaching safepoint: 131300 ns, At safepoint: 5200 ns, Total: 136500 ns
[2020-10-05T10:24:40.419+0000][34308][safepoint    ] Safepoint "Cleanup", Time since last: 1000772300 ns, Reaching safepoint: 117800 ns, At safepoint: 5300 ns, Total: 123100 ns
[2020-10-05T10:24:41.420+0000][34308][safepoint    ] Safepoint "Cleanup", Time since last: 1000317300 ns, Reaching safepoint: 118400 ns, At safepoint: 2700 ns, Total: 121100 ns
[2020-10-05T10:24:42.421+0000][34308][safepoint    ] Safepoint "Cleanup", Time since last: 1000663300 ns, Reaching safepoint: 111800 ns, At safepoint: 11000 ns, Total: 122800 ns
[2020-10-05T10:24:43.421+0000][34308][safepoint    ] Safepoint "Cleanup", Time since last: 1000740900 ns, Reaching safepoint: 97000 ns, At safepoint: 5300 ns, Total: 102300 ns
[2020-10-05T10:24:44.422+0000][34308][safepoint    ] Safepoint "Cleanup", Time since last: 1000059800 ns, Reaching safepoint: 93800 ns, At safepoint: 12800 ns, Total: 106600 ns
[2020-10-05T10:24:45.422+0000][34308][safepoint    ] Safepoint "Cleanup", Time since last: 1000489100 ns, Reaching safepoint: 144500 ns, At safepoint: 7600 ns, Total: 152100 ns
[2020-10-05T10:24:46.422+0000][34308][safepoint    ] Safepoint "Cleanup", Time since last: 1000068800 ns, Reaching safepoint: 139000 ns, At safepoint: 5500 ns, Total: 144500 ns
[2020-10-05T10:24:47.423+0000][34308][safepoint    ] Safepoint "Cleanup", Time since last: 1000518200 ns, Reaching safepoint: 97500 ns, At safepoint: 4700 ns, Total: 102200 ns
[2020-10-05T10:24:48.423+0000][34308][safepoint    ] Safepoint "Cleanup", Time since last: 1000209300 ns, Reaching safepoint: 112000 ns, At safepoint: 10700 ns, Total: 122700 ns
[2020-10-05T10:24:49.424+0000][34308][safepoint    ] Safepoint "Cleanup", Time since last: 1000116600 ns, Reaching safepoint: 107700 ns, At safepoint: 5100 ns, Total: 112800 ns
[2020-10-05T10:24:50.424+0000][34308][safepoint    ] Safepoint "Cleanup", Time since last: 1000793100 ns, Reaching safepoint: 113200 ns, At safepoint: 4900 ns, Total: 118100 ns
[2020-10-05T10:24:52.415+0000][34308][safepoint    ] Safepoint "Cleanup", Time since last: 1990677100 ns, Reaching safepoint: 97000 ns, At safepoint: 5400 ns, Total: 102400 ns
[2020-10-05T10:24:53.416+0000][34308][safepoint    ] Safepoint "Cleanup", Time since last: 1000619700 ns, Reaching safepoint: 97200 ns, At safepoint: 3500 ns, Total: 100700 ns
[2020-10-05T10:24:54.416+0000][34308][safepoint    ] Safepoint "Cleanup", Time since last: 1000355300 ns, Reaching safepoint: 91600 ns, At safepoint: 6000 ns, Total: 97600 ns
[2020-10-05T10:24:55.417+0000][34308][safepoint    ] Safepoint "Cleanup", Time since last: 1000107800 ns, Reaching safepoint: 102800 ns, At safepoint: 4900 ns, Total: 107700 ns
[2020-10-05T10:24:56.417+0000][34308][safepoint    ] Safepoint "Cleanup", Time since last: 1000695700 ns, Reaching safepoint: 138300 ns, At safepoint: 7500 ns, Total: 145800 ns
[2020-10-05T10:24:57.418+0000][34308][safepoint    ] Safepoint "Cleanup", Time since last: 1000453200 ns, Reaching safepoint: 138900 ns, At safepoint: 7800 ns, Total: 146700 ns
[2020-10-05T10:24:58.418+0000][34308][safepoint    ] Safepoint "Cleanup", Time since last: 1000154200 ns, Reaching safepoint: 137300 ns, At safepoint: 5300 ns, Total: 142600 ns
[2020-10-05T10:24:59.419+0000][34308][safepoint    ] Safepoint "Cleanup", Time since last: 1000286800 ns, Reaching safepoint: 102300 ns, At safepoint: 4900 ns, Total: 107200 ns
[2020-10-05T10:25:00.420+0000][34308][safepoint    ] Safepoint "Cleanup", Time since last: 1000696200 ns, Reaching safepoint: 143500 ns, At safepoint: 5100 ns, Total: 148600 ns
[2020-10-05T10:25:01.420+0000][34308][safepoint    ] Safepoint "Cleanup", Time since last: 1000366400 ns, Reaching safepoint: 113800 ns, At safepoint: 4200 ns, Total: 118000 ns
[2020-10-05T10:25:02.420+0000][34308][safepoint    ] Safepoint "Cleanup", Time since last: 1000063000 ns, Reaching safepoint: 102700 ns, At safepoint: 4900 ns, Total: 107600 ns
[2020-10-05T10:25:03.421+0000][34308][safepoint    ] Safepoint "Cleanup", Time since last: 1000861300 ns, Reaching safepoint: 113600 ns, At safepoint: 6700 ns, Total: 120300 ns
[2020-10-05T10:25:04.422+0000][34308][safepoint    ] Safepoint "Cleanup", Time since last: 1000868900 ns, Reaching safepoint: 197100 ns, At safepoint: 10600 ns, Total: 207700 ns
[2020-10-05T10:25:05.423+0000][34308][safepoint    ] Safepoint "Cleanup", Time since last: 1000579600 ns, Reaching safepoint: 557600 ns, At safepoint: 9900 ns, Total: 567500 ns
[2020-10-05T10:25:07.424+0000][34308][safepoint    ] Safepoint "Cleanup", Time since last: 2000254700 ns, Reaching safepoint: 120500 ns, At safepoint: 6400 ns, Total: 126900 ns
[2020-10-05T10:25:08.425+0000][34308][safepoint    ] Safepoint "Cleanup", Time since last: 1000645600 ns, Reaching safepoint: 128400 ns, At safepoint: 6200 ns, Total: 134600 ns
[2020-10-05T10:25:09.425+0000][34308][safepoint    ] Safepoint "Cleanup", Time since last: 1000426600 ns, Reaching safepoint: 132400 ns, At safepoint: 19400 ns, Total: 151800 ns
[2020-10-05T10:25:11.425+0000][34308][safepoint    ] Safepoint "Cleanup", Time since last: 2000168500 ns, Reaching safepoint: 234700 ns, At safepoint: 12600 ns, Total: 247300 ns
[2020-10-05T10:25:12.426+0000][34308][safepoint    ] Safepoint "Cleanup", Time since last: 1000454000 ns, Reaching safepoint: 132300 ns, At safepoint: 4700 ns, Total: 137000 ns
[2020-10-05T10:25:13.426+0000][34308][safepoint    ] Safepoint "Cleanup", Time since last: 1000091200 ns, Reaching safepoint: 153900 ns, At safepoint: 5300 ns, Total: 159200 ns
[2020-10-05T10:25:15.427+0000][34308][safepoint    ] Safepoint "Cleanup", Time since last: 2000041200 ns, Reaching safepoint: 126800 ns, At safepoint: 7900 ns, Total: 134700 ns
[2020-10-05T10:25:16.427+0000][34308][safepoint    ] Safepoint "Cleanup", Time since last: 1000492600 ns, Reaching safepoint: 116700 ns, At safepoint: 6200 ns, Total: 122900 ns
[2020-10-05T10:25:18.133+0000][34308][safepoint    ] Safepoint "Cleanup", Time since last: 1705829800 ns, Reaching safepoint: 95400 ns, At safepoint: 5100 ns, Total: 100500 ns
[2020-10-05T10:25:19.134+0000][34308][safepoint    ] Safepoint "Cleanup", Time since last: 1000529700 ns, Reaching safepoint: 97800 ns, At safepoint: 15800 ns, Total: 113600 ns
[2020-10-05T10:25:20.134+0000][34308][safepoint    ] Safepoint "Cleanup", Time since last: 1000082900 ns, Reaching safepoint: 84500 ns, At safepoint: 3100 ns, Total: 87600 ns
[2020-10-05T10:25:22.134+0000][34308][safepoint    ] Safepoint "Cleanup", Time since last: 2000103300 ns, Reaching safepoint: 130300 ns, At safepoint: 4900 ns, Total: 135200 ns
[2020-10-05T10:25:23.135+0000][34308][safepoint    ] Safepoint "Cleanup", Time since last: 1000842200 ns, Reaching safepoint: 125900 ns, At safepoint: 6600 ns, Total: 132500 ns
[2020-10-05T10:25:24.136+0000][34308][safepoint    ] Safepoint "Cleanup", Time since last: 1000726200 ns, Reaching safepoint: 187800 ns, At safepoint: 7000 ns, Total: 194800 ns
[2020-10-05T10:25:25.137+0000][34308][safepoint    ] Safepoint "Cleanup", Time since last: 1000590100 ns, Reaching safepoint: 130500 ns, At safepoint: 5900 ns, Total: 136400 ns
[2020-10-05T10:25:26.137+0000][34308][safepoint    ] Safepoint "Cleanup", Time since last: 1000450900 ns, Reaching safepoint: 154100 ns, At safepoint: 5000 ns, Total: 159100 ns
[2020-10-05T10:25:27.138+0000][34308][safepoint    ] Safepoint "Cleanup", Time since last: 1000483700 ns, Reaching safepoint: 117100 ns, At safepoint: 7700 ns, Total: 124800 ns
[2020-10-05T10:25:28.138+0000][34308][safepoint    ] Safepoint "Cleanup", Time since last: 1000242600 ns, Reaching safepoint: 117800 ns, At safepoint: 5300 ns, Total: 123100 ns
[2020-10-05T10:25:30.139+0000][34308][safepoint    ] Safepoint "Cleanup", Time since last: 2000073300 ns, Reaching safepoint: 106800 ns, At safepoint: 4100 ns, Total: 110900 ns
[2020-10-05T10:25:31.139+0000][34308][safepoint    ] Safepoint "Cleanup", Time since last: 1000639500 ns, Reaching safepoint: 125800 ns, At safepoint: 5900 ns, Total: 131700 ns
[2020-10-05T10:25:32.140+0000][34308][safepoint    ] Safepoint "Cleanup", Time since last: 1000619800 ns, Reaching safepoint: 108900 ns, At safepoint: 6700 ns, Total: 115600 ns
[2020-10-05T10:25:33.140+0000][34308][safepoint    ] Safepoint "Cleanup", Time since last: 1000068700 ns, Reaching safepoint: 114100 ns, At safepoint: 5500 ns, Total: 119600 ns
[2020-10-05T10:25:34.141+0000][34308][safepoint    ] Safepoint "Cleanup", Time since last: 1000303600 ns, Reaching safepoint: 87100 ns, At safepoint: 3600 ns, Total: 90700 ns
[2020-10-05T10:25:35.141+0000][34308][safepoint    ] Safepoint "Cleanup", Time since last: 1000086400 ns, Reaching safepoint: 131400 ns, At safepoint: 4600 ns, Total: 136000 ns
[2020-10-05T10:25:36.141+0000][34308][safepoint    ] Safepoint "Cleanup", Time since last: 1000174700 ns, Reaching safepoint: 136900 ns, At safepoint: 5700 ns, Total: 142600 ns
[2020-10-05T10:25:37.142+0000][34308][safepoint    ] Safepoint "Cleanup", Time since last: 1000235200 ns, Reaching safepoint: 113900 ns, At safepoint: 5800 ns, Total: 119700 ns
[2020-10-05T10:25:38.142+0000][34308][safepoint    ] Safepoint "Cleanup", Time since last: 1000116500 ns, Reaching safepoint: 120100 ns, At safepoint: 7300 ns, Total: 127400 ns
[2020-10-05T10:25:39.142+0000][34308][safepoint    ] Safepoint "Cleanup", Time since last: 1000154800 ns, Reaching safepoint: 94300 ns, At safepoint: 3000 ns, Total: 97300 ns
[2020-10-05T10:25:40.142+0000][34308][safepoint    ] Safepoint "Cleanup", Time since last: 1000013000 ns, Reaching safepoint: 121800 ns, At safepoint: 6100 ns, Total: 127900 ns
[2020-10-05T10:25:41.142+0000][34308][safepoint    ] Safepoint "Cleanup", Time since last: 1000064700 ns, Reaching safepoint: 116800 ns, At safepoint: 6300 ns, Total: 123100 ns
[2020-10-05T10:25:42.143+0000][34308][safepoint    ] Safepoint "Cleanup", Time since last: 1000522800 ns, Reaching safepoint: 154600 ns, At safepoint: 5800 ns, Total: 160400 ns
[2020-10-05T10:25:44.144+0000][34308][safepoint    ] Safepoint "Cleanup", Time since last: 2000739400 ns, Reaching safepoint: 122600 ns, At safepoint: 5100 ns, Total: 127700 ns
[2020-10-05T10:25:45.144+0000][34308][safepoint    ] Safepoint "Cleanup", Time since last: 1000429200 ns, Reaching safepoint: 93400 ns, At safepoint: 3600 ns, Total: 97000 ns
[2020-10-05T10:25:46.145+0000][34308][safepoint    ] Safepoint "Cleanup", Time since last: 1000569700 ns, Reaching safepoint: 130900 ns, At safepoint: 11000 ns, Total: 141900 ns
[2020-10-05T10:25:47.146+0000][34308][safepoint    ] Safepoint "Cleanup", Time since last: 1000262700 ns, Reaching safepoint: 87700 ns, At safepoint: 2000 ns, Total: 89700 ns
[2020-10-05T10:25:48.146+0000][34308][safepoint    ] Safepoint "Cleanup", Time since last: 1000244400 ns, Reaching safepoint: 105100 ns, At safepoint: 8000 ns, Total: 113100 ns
[2020-10-05T10:25:49.147+0000][34308][safepoint    ] Safepoint "Cleanup", Time since last: 1000786100 ns, Reaching safepoint: 115600 ns, At safepoint: 5800 ns, Total: 121400 ns
[2020-10-05T10:25:50.147+0000][34308][safepoint    ] Safepoint "Cleanup", Time since last: 1000462300 ns, Reaching safepoint: 109600 ns, At safepoint: 6000 ns, Total: 115600 ns
[2020-10-05T10:25:51.148+0000][34308][safepoint    ] Safepoint "Cleanup", Time since last: 1000548500 ns, Reaching safepoint: 115400 ns, At safepoint: 6000 ns, Total: 121400 ns
[2020-10-05T10:25:52.149+0000][34308][safepoint    ] Safepoint "Cleanup", Time since last: 1000592500 ns, Reaching safepoint: 95600 ns, At safepoint: 4800 ns, Total: 100400 ns
[2020-10-05T10:25:53.150+0000][34308][safepoint    ] Safepoint "Cleanup", Time since last: 1000860900 ns, Reaching safepoint: 130400 ns, At safepoint: 8400 ns, Total: 138800 ns
[2020-10-05T10:25:54.150+0000][34308][safepoint    ] Safepoint "Cleanup", Time since last: 1000404500 ns, Reaching safepoint: 132500 ns, At safepoint: 6200 ns, Total: 138700 ns
[2020-10-05T10:25:55.151+0000][34308][safepoint    ] Safepoint "Cleanup", Time since last: 1000100100 ns, Reaching safepoint: 106400 ns, At safepoint: 5000 ns, Total: 111400 ns
[2020-10-05T10:25:57.151+0000][34308][safepoint    ] Safepoint "Cleanup", Time since last: 2000891100 ns, Reaching safepoint: 120300 ns, At safepoint: 5300 ns, Total: 125600 ns
[2020-10-05T10:25:58.152+0000][34308][safepoint    ] Safepoint "Cleanup", Time since last: 1000445800 ns, Reaching safepoint: 126000 ns, At safepoint: 21700 ns, Total: 147700 ns
[2020-10-05T10:26:00.152+0000][34308][safepoint    ] Safepoint "Cleanup", Time since last: 2000137800 ns, Reaching safepoint: 101500 ns, At safepoint: 6100 ns, Total: 107600 ns
[2020-10-05T10:26:01.153+0000][34308][safepoint    ] Safepoint "Cleanup", Time since last: 1000457900 ns, Reaching safepoint: 176900 ns, At safepoint: 4000 ns, Total: 180900 ns
[2020-10-05T10:26:02.153+0000][34308][safepoint    ] Safepoint "Cleanup", Time since last: 1000281200 ns, Reaching safepoint: 125800 ns, At safepoint: 54800 ns, Total: 180600 ns
[2020-10-05T10:26:03.154+0000][34308][safepoint    ] Safepoint "Cleanup", Time since last: 1000617600 ns, Reaching safepoint: 119400 ns, At safepoint: 7900 ns, Total: 127300 ns
[2020-10-05T10:26:04.155+0000][34308][safepoint    ] Safepoint "Cleanup", Time since last: 1000470800 ns, Reaching safepoint: 162200 ns, At safepoint: 5400 ns, Total: 167600 ns
[2020-10-05T10:26:05.155+0000][34308][safepoint    ] Safepoint "Cleanup", Time since last: 1000371000 ns, Reaching safepoint: 154600 ns, At safepoint: 5100 ns, Total: 159700 ns
[2020-10-05T10:26:06.156+0000][34308][safepoint    ] Safepoint "Cleanup", Time since last: 1000447800 ns, Reaching safepoint: 98100 ns, At safepoint: 3300 ns, Total: 101400 ns
[2020-10-05T10:26:07.157+0000][34308][safepoint    ] Safepoint "Cleanup", Time since last: 1000882200 ns, Reaching safepoint: 116600 ns, At safepoint: 4000 ns, Total: 120600 ns
[2020-10-05T10:26:08.157+0000][34308][safepoint    ] Safepoint "Cleanup", Time since last: 1000190100 ns, Reaching safepoint: 117400 ns, At safepoint: 4900 ns, Total: 122300 ns
[2020-10-05T10:26:10.158+0000][34308][safepoint    ] Safepoint "Cleanup", Time since last: 2000222400 ns, Reaching safepoint: 92800 ns, At safepoint: 4900 ns, Total: 97700 ns
[2020-10-05T10:26:11.159+0000][34308][safepoint    ] Safepoint "Cleanup", Time since last: 1000892600 ns, Reaching safepoint: 106900 ns, At safepoint: 7100 ns, Total: 114000 ns
[2020-10-05T10:26:13.159+0000][34308][safepoint    ] Safepoint "Cleanup", Time since last: 2000201300 ns, Reaching safepoint: 112000 ns, At safepoint: 6000 ns, Total: 118000 ns
[2020-10-05T10:26:14.160+0000][34308][safepoint    ] Safepoint "Cleanup", Time since last: 1000600500 ns, Reaching safepoint: 180300 ns, At safepoint: 10400 ns, Total: 190700 ns
[2020-10-05T10:26:15.160+0000][34308][safepoint    ] Safepoint "Cleanup", Time since last: 1000440200 ns, Reaching safepoint: 186400 ns, At safepoint: 8300 ns, Total: 194700 ns
[2020-10-05T10:26:16.161+0000][34308][safepoint    ] Safepoint "Cleanup", Time since last: 1000307800 ns, Reaching safepoint: 154000 ns, At safepoint: 8700 ns, Total: 162700 ns
[2020-10-05T10:26:17.162+0000][34308][safepoint    ] Safepoint "Cleanup", Time since last: 1000749200 ns, Reaching safepoint: 144200 ns, At safepoint: 9000 ns, Total: 153200 ns
[2020-10-05T10:26:18.162+0000][34308][safepoint    ] Safepoint "Cleanup", Time since last: 1000653700 ns, Reaching safepoint: 148300 ns, At safepoint: 5000 ns, Total: 153300 ns
[2020-10-05T10:26:19.163+0000][34308][safepoint    ] Safepoint "Cleanup", Time since last: 1000666100 ns, Reaching safepoint: 130700 ns, At safepoint: 7300 ns, Total: 138000 ns
[2020-10-05T10:26:20.164+0000][34308][safepoint    ] Safepoint "Cleanup", Time since last: 1000696900 ns, Reaching safepoint: 143300 ns, At safepoint: 15600 ns, Total: 158900 ns
[2020-10-05T10:26:21.165+0000][34308][safepoint    ] Safepoint "Cleanup", Time since last: 1000346100 ns, Reaching safepoint: 98800 ns, At safepoint: 4700 ns, Total: 103500 ns
[2020-10-05T10:26:22.165+0000][34308][safepoint    ] Safepoint "Cleanup", Time since last: 1000753600 ns, Reaching safepoint: 112600 ns, At safepoint: 5200 ns, Total: 117800 ns
[2020-10-05T10:26:24.166+0000][34308][safepoint    ] Safepoint "Cleanup", Time since last: 2000977900 ns, Reaching safepoint: 108800 ns, At safepoint: 5600 ns, Total: 114400 ns
[2020-10-05T10:26:25.167+0000][34308][safepoint    ] Safepoint "Cleanup", Time since last: 1000136400 ns, Reaching safepoint: 99100 ns, At safepoint: 5300 ns, Total: 104400 ns
[2020-10-05T10:26:26.167+0000][34308][safepoint    ] Safepoint "Cleanup", Time since last: 1000034600 ns, Reaching safepoint: 139400 ns, At safepoint: 5500 ns, Total: 144900 ns
[2020-10-05T10:26:27.167+0000][34308][safepoint    ] Safepoint "Cleanup", Time since last: 1000191400 ns, Reaching safepoint: 107600 ns, At safepoint: 6000 ns, Total: 113600 ns
[2020-10-05T10:26:28.168+0000][34308][safepoint    ] Safepoint "Cleanup", Time since last: 1000542700 ns, Reaching safepoint: 108400 ns, At safepoint: 5900 ns, Total: 114300 ns
[2020-10-05T10:26:29.168+0000][34308][safepoint    ] Safepoint "Cleanup", Time since last: 1000377300 ns, Reaching safepoint: 134500 ns, At safepoint: 5400 ns, Total: 139900 ns
[2020-10-05T10:26:30.169+0000][34308][safepoint    ] Safepoint "Cleanup", Time since last: 1000754200 ns, Reaching safepoint: 142100 ns, At safepoint: 6000 ns, Total: 148100 ns
[2020-10-05T10:26:31.170+0000][34308][safepoint    ] Safepoint "Cleanup", Time since last: 1000330600 ns, Reaching safepoint: 114100 ns, At safepoint: 6400 ns, Total: 120500 ns
[2020-10-05T10:26:32.171+0000][34308][safepoint    ] Safepoint "Cleanup", Time since last: 1000840500 ns, Reaching safepoint: 122900 ns, At safepoint: 6300 ns, Total: 129200 ns
[2020-10-05T10:26:33.171+0000][34308][safepoint    ] Safepoint "Cleanup", Time since last: 1000403600 ns, Reaching safepoint: 117000 ns, At safepoint: 7900 ns, Total: 124900 ns
[2020-10-05T10:26:34.172+0000][34308][safepoint    ] Safepoint "Cleanup", Time since last: 1000162200 ns, Reaching safepoint: 108700 ns, At safepoint: 6900 ns, Total: 115600 ns
[2020-10-05T10:26:35.172+0000][34308][safepoint    ] Safepoint "Cleanup", Time since last: 1000302600 ns, Reaching safepoint: 129600 ns, At safepoint: 5800 ns, Total: 135400 ns
[2020-10-05T10:26:36.173+0000][34308][safepoint    ] Safepoint "Cleanup", Time since last: 1000724700 ns, Reaching safepoint: 101900 ns, At safepoint: 4700 ns, Total: 106600 ns
[2020-10-05T10:26:37.174+0000][34308][safepoint    ] Safepoint "Cleanup", Time since last: 1000759500 ns, Reaching safepoint: 93600 ns, At safepoint: 5200 ns, Total: 98800 ns
[2020-10-05T10:26:39.174+0000][34308][safepoint    ] Safepoint "Cleanup", Time since last: 2000509500 ns, Reaching safepoint: 131300 ns, At safepoint: 6800 ns, Total: 138100 ns
[2020-10-05T10:26:40.175+0000][34308][safepoint    ] Safepoint "Cleanup", Time since last: 1000371600 ns, Reaching safepoint: 114100 ns, At safepoint: 5800 ns, Total: 119900 ns
[2020-10-05T10:26:41.175+0000][34308][safepoint    ] Safepoint "Cleanup", Time since last: 1000265600 ns, Reaching safepoint: 110400 ns, At safepoint: 6200 ns, Total: 116600 ns
[2020-10-05T10:26:42.175+0000][34308][safepoint    ] Safepoint "Cleanup", Time since last: 1000156300 ns, Reaching safepoint: 118600 ns, At safepoint: 8100 ns, Total: 126700 ns
[2020-10-05T10:26:43.176+0000][34308][safepoint    ] Safepoint "Cleanup", Time since last: 1000374900 ns, Reaching safepoint: 136300 ns, At safepoint: 10600 ns, Total: 146900 ns
[2020-10-05T10:26:44.177+0000][34308][safepoint    ] Safepoint "Cleanup", Time since last: 1000428200 ns, Reaching safepoint: 98400 ns, At safepoint: 4600 ns, Total: 103000 ns
[2020-10-05T10:26:45.177+0000][34308][safepoint    ] Safepoint "Cleanup", Time since last: 1000153200 ns, Reaching safepoint: 373100 ns, At safepoint: 20100 ns, Total: 393200 ns
[2020-10-05T10:26:46.177+0000][34308][safepoint    ] Safepoint "Cleanup", Time since last: 1000084200 ns, Reaching safepoint: 119600 ns, At safepoint: 4300 ns, Total: 123900 ns
[2020-10-05T10:26:47.178+0000][34308][safepoint    ] Safepoint "Cleanup", Time since last: 1000307100 ns, Reaching safepoint: 161500 ns, At safepoint: 4800 ns, Total: 166300 ns
[2020-10-05T10:26:48.179+0000][34308][safepoint    ] Safepoint "Cleanup", Time since last: 1000806100 ns, Reaching safepoint: 89400 ns, At safepoint: 4500 ns, Total: 93900 ns
[2020-10-05T10:26:49.179+0000][34308][safepoint    ] Safepoint "Cleanup", Time since last: 1000381800 ns, Reaching safepoint: 98300 ns, At safepoint: 5300 ns, Total: 103600 ns
[2020-10-05T10:26:50.180+0000][34308][safepoint    ] Safepoint "Cleanup", Time since last: 1000725800 ns, Reaching safepoint: 105700 ns, At safepoint: 11000 ns, Total: 116700 ns
[2020-10-05T10:26:51.180+0000][34308][safepoint    ] Safepoint "Cleanup", Time since last: 1000186600 ns, Reaching safepoint: 148900 ns, At safepoint: 6900 ns, Total: 155800 ns
[2020-10-05T10:26:52.181+0000][34308][safepoint    ] Safepoint "Cleanup", Time since last: 1000873700 ns, Reaching safepoint: 101100 ns, At safepoint: 5100 ns, Total: 106200 ns
[2020-10-05T10:26:53.182+0000][34308][safepoint    ] Safepoint "Cleanup", Time since last: 1000446000 ns, Reaching safepoint: 114800 ns, At safepoint: 2700 ns, Total: 117500 ns
[2020-10-05T10:26:54.182+0000][34308][safepoint    ] Safepoint "Cleanup", Time since last: 1000365000 ns, Reaching safepoint: 93800 ns, At safepoint: 5100 ns, Total: 98900 ns
[2020-10-05T10:26:55.182+0000][34308][safepoint    ] Safepoint "Cleanup", Time since last: 1000091100 ns, Reaching safepoint: 124900 ns, At safepoint: 4600 ns, Total: 129500 ns
[2020-10-05T10:26:56.183+0000][34308][safepoint    ] Safepoint "Cleanup", Time since last: 1000241700 ns, Reaching safepoint: 97600 ns, At safepoint: 6300 ns, Total: 103900 ns
[2020-10-05T10:26:57.184+0000][34308][safepoint    ] Safepoint "Cleanup", Time since last: 1000809200 ns, Reaching safepoint: 140100 ns, At safepoint: 8500 ns, Total: 148600 ns
[2020-10-05T10:26:58.184+0000][34308][safepoint    ] Safepoint "Cleanup", Time since last: 1000450500 ns, Reaching safepoint: 108800 ns, At safepoint: 5000 ns, Total: 113800 ns
[2020-10-05T10:26:59.185+0000][34308][safepoint    ] Safepoint "Cleanup", Time since last: 1000346800 ns, Reaching safepoint: 110600 ns, At safepoint: 5200 ns, Total: 115800 ns
[2020-10-05T10:27:00.185+0000][34308][safepoint    ] Safepoint "Cleanup", Time since last: 1000235300 ns, Reaching safepoint: 124000 ns, At safepoint: 8500 ns, Total: 132500 ns
[2020-10-05T10:27:01.186+0000][34308][safepoint    ] Safepoint "Cleanup", Time since last: 1000237100 ns, Reaching safepoint: 102700 ns, At safepoint: 5100 ns, Total: 107800 ns
[2020-10-05T10:27:02.186+0000][34308][safepoint    ] Safepoint "Cleanup", Time since last: 1000146000 ns, Reaching safepoint: 94800 ns, At safepoint: 3900 ns, Total: 98700 ns
[2020-10-05T10:27:03.186+0000][34308][safepoint    ] Safepoint "Cleanup", Time since last: 1000598700 ns, Reaching safepoint: 104300 ns, At safepoint: 4200 ns, Total: 108500 ns
[2020-10-05T10:27:04.187+0000][34308][safepoint    ] Safepoint "Cleanup", Time since last: 1000178600 ns, Reaching safepoint: 113600 ns, At safepoint: 5600 ns, Total: 119200 ns
[2020-10-05T10:27:05.187+0000][34308][safepoint    ] Safepoint "Cleanup", Time since last: 1000204700 ns, Reaching safepoint: 95500 ns, At safepoint: 5400 ns, Total: 100900 ns
[2020-10-05T10:27:06.187+0000][34308][safepoint    ] Safepoint "Cleanup", Time since last: 1000161200 ns, Reaching safepoint: 106900 ns, At safepoint: 3700 ns, Total: 110600 ns
[2020-10-05T10:27:07.188+0000][34308][safepoint    ] Safepoint "Cleanup", Time since last: 1000664700 ns, Reaching safepoint: 97100 ns, At safepoint: 3600 ns, Total: 100700 ns
[2020-10-05T10:27:08.189+0000][34308][safepoint    ] Safepoint "Cleanup", Time since last: 1000719400 ns, Reaching safepoint: 158600 ns, At safepoint: 6300 ns, Total: 164900 ns
[2020-10-05T10:27:09.189+0000][34308][safepoint    ] Safepoint "Cleanup", Time since last: 1000168800 ns, Reaching safepoint: 101000 ns, At safepoint: 5100 ns, Total: 106100 ns
[2020-10-05T10:27:10.190+0000][34308][safepoint    ] Safepoint "Cleanup", Time since last: 1000576900 ns, Reaching safepoint: 127400 ns, At safepoint: 9400 ns, Total: 136800 ns
[2020-10-05T10:27:11.190+0000][34308][safepoint    ] Safepoint "Cleanup", Time since last: 1000243300 ns, Reaching safepoint: 107900 ns, At safepoint: 8700 ns, Total: 116600 ns
[2020-10-05T10:27:12.191+0000][34308][safepoint    ] Safepoint "Cleanup", Time since last: 1000342400 ns, Reaching safepoint: 170100 ns, At safepoint: 4700 ns, Total: 174800 ns
[2020-10-05T10:27:14.191+0000][34308][safepoint    ] Safepoint "Cleanup", Time since last: 2000442000 ns, Reaching safepoint: 127000 ns, At safepoint: 5200 ns, Total: 132200 ns
[2020-10-05T10:27:15.192+0000][34308][safepoint    ] Safepoint "Cleanup", Time since last: 1000804700 ns, Reaching safepoint: 120300 ns, At safepoint: 6200 ns, Total: 126500 ns
[2020-10-05T10:27:16.520+0000][34308][safepoint    ] Safepoint "Cleanup", Time since last: 1327885100 ns, Reaching safepoint: 98700 ns, At safepoint: 5100 ns, Total: 103800 ns
[2020-10-05T10:27:17.521+0000][34308][safepoint    ] Safepoint "Cleanup", Time since last: 1000225000 ns, Reaching safepoint: 87500 ns, At safepoint: 3100 ns, Total: 90600 ns
[2020-10-05T10:27:18.521+0000][34308][safepoint    ] Safepoint "Cleanup", Time since last: 1000262500 ns, Reaching safepoint: 118300 ns, At safepoint: 5400 ns, Total: 123700 ns
[2020-10-05T10:27:19.521+0000][34308][safepoint    ] Safepoint "Cleanup", Time since last: 1000123300 ns, Reaching safepoint: 112700 ns, At safepoint: 5100 ns, Total: 117800 ns
[2020-10-05T10:27:20.522+0000][34308][safepoint    ] Safepoint "Cleanup", Time since last: 1000385700 ns, Reaching safepoint: 140600 ns, At safepoint: 8300 ns, Total: 148900 ns
[2020-10-05T10:27:21.523+0000][34308][safepoint    ] Safepoint "Cleanup", Time since last: 1000641800 ns, Reaching safepoint: 110900 ns, At safepoint: 4200 ns, Total: 115100 ns
[2020-10-05T10:27:22.523+0000][34308][safepoint    ] Safepoint "Cleanup", Time since last: 1000035800 ns, Reaching safepoint: 125300 ns, At safepoint: 4500 ns, Total: 129800 ns
[2020-10-05T10:27:23.524+0000][34308][safepoint    ] Safepoint "Cleanup", Time since last: 1000612600 ns, Reaching safepoint: 102100 ns, At safepoint: 5700 ns, Total: 107800 ns
[2020-10-05T10:27:24.524+0000][34308][safepoint    ] Safepoint "Cleanup", Time since last: 1000288800 ns, Reaching safepoint: 110900 ns, At safepoint: 7400 ns, Total: 118300 ns
[2020-10-05T10:27:25.524+0000][34308][safepoint    ] Safepoint "Cleanup", Time since last: 1000341700 ns, Reaching safepoint: 98700 ns, At safepoint: 4800 ns, Total: 103500 ns
[2020-10-05T10:27:26.525+0000][34308][safepoint    ] Safepoint "Cleanup", Time since last: 1000673400 ns, Reaching safepoint: 120700 ns, At safepoint: 5600 ns, Total: 126300 ns
[2020-10-05T10:27:27.525+0000][34308][safepoint    ] Safepoint "Cleanup", Time since last: 1000199600 ns, Reaching safepoint: 79900 ns, At safepoint: 2700 ns, Total: 82600 ns
[2020-10-05T10:27:28.526+0000][34308][safepoint    ] Safepoint "Cleanup", Time since last: 1000733100 ns, Reaching safepoint: 106400 ns, At safepoint: 5100 ns, Total: 111500 ns
[2020-10-05T10:27:29.527+0000][34308][safepoint    ] Safepoint "Cleanup", Time since last: 1000581100 ns, Reaching safepoint: 113200 ns, At safepoint: 4300 ns, Total: 117500 ns
[2020-10-05T10:27:30.528+0000][34308][safepoint    ] Safepoint "Cleanup", Time since last: 1000687400 ns, Reaching safepoint: 111300 ns, At safepoint: 5100 ns, Total: 116400 ns
[2020-10-05T10:27:31.528+0000][34308][safepoint    ] Safepoint "Cleanup", Time since last: 1000567600 ns, Reaching safepoint: 130200 ns, At safepoint: 4100 ns, Total: 134300 ns
[2020-10-05T10:27:32.529+0000][34308][safepoint    ] Safepoint "Cleanup", Time since last: 1000448100 ns, Reaching safepoint: 142600 ns, At safepoint: 4900 ns, Total: 147500 ns
[2020-10-05T10:27:33.530+0000][34308][safepoint    ] Safepoint "Cleanup", Time since last: 1000667500 ns, Reaching safepoint: 113200 ns, At safepoint: 4900 ns, Total: 118100 ns
[2020-10-05T10:27:34.531+0000][34308][safepoint    ] Safepoint "Cleanup", Time since last: 1000601600 ns, Reaching safepoint: 169500 ns, At safepoint: 5200 ns, Total: 174700 ns
[2020-10-05T10:27:35.531+0000][34308][safepoint    ] Safepoint "Cleanup", Time since last: 1000263200 ns, Reaching safepoint: 124000 ns, At safepoint: 4900 ns, Total: 128900 ns
[2020-10-05T10:27:36.532+0000][34308][safepoint    ] Safepoint "Cleanup", Time since last: 1000701200 ns, Reaching safepoint: 152500 ns, At safepoint: 4800 ns, Total: 157300 ns
[2020-10-05T10:27:37.533+0000][34308][safepoint    ] Safepoint "Cleanup", Time since last: 1000726000 ns, Reaching safepoint: 99900 ns, At safepoint: 4900 ns, Total: 104800 ns
[2020-10-05T10:27:38.534+0000][34308][safepoint    ] Safepoint "Cleanup", Time since last: 1000715500 ns, Reaching safepoint: 121800 ns, At safepoint: 6300 ns, Total: 128100 ns
[2020-10-05T10:27:40.534+0000][34308][safepoint    ] Safepoint "Cleanup", Time since last: 2000252900 ns, Reaching safepoint: 93000 ns, At safepoint: 4700 ns, Total: 97700 ns
[2020-10-05T10:27:41.535+0000][34308][safepoint    ] Safepoint "Cleanup", Time since last: 1000676900 ns, Reaching safepoint: 92500 ns, At safepoint: 4200 ns, Total: 96700 ns
[2020-10-05T10:27:42.535+0000][34308][safepoint    ] Safepoint "Cleanup", Time since last: 1000693500 ns, Reaching safepoint: 99400 ns, At safepoint: 4800 ns, Total: 104200 ns
[2020-10-05T10:27:43.536+0000][34308][safepoint    ] Safepoint "Cleanup", Time since last: 1000575400 ns, Reaching safepoint: 96300 ns, At safepoint: 5300 ns, Total: 101600 ns
[2020-10-05T10:27:44.537+0000][34308][safepoint    ] Safepoint "Cleanup", Time since last: 1000370300 ns, Reaching safepoint: 104700 ns, At safepoint: 6400 ns, Total: 111100 ns
[2020-10-05T10:27:45.537+0000][34308][safepoint    ] Safepoint "Cleanup", Time since last: 1000364800 ns, Reaching safepoint: 119600 ns, At safepoint: 5600 ns, Total: 125200 ns
[2020-10-05T10:27:46.538+0000][34308][safepoint    ] Safepoint "Cleanup", Time since last: 1000667200 ns, Reaching safepoint: 116600 ns, At safepoint: 6900 ns, Total: 123500 ns
[2020-10-05T10:27:48.539+0000][34308][safepoint    ] Safepoint "Cleanup", Time since last: 2000944300 ns, Reaching safepoint: 134100 ns, At safepoint: 9000 ns, Total: 143100 ns
[2020-10-05T10:27:49.540+0000][34308][safepoint    ] Safepoint "Cleanup", Time since last: 1000568100 ns, Reaching safepoint: 159400 ns, At safepoint: 5500 ns, Total: 164900 ns
[2020-10-05T10:27:50.540+0000][34308][safepoint    ] Safepoint "Cleanup", Time since last: 1000299700 ns, Reaching safepoint: 96700 ns, At safepoint: 7500 ns, Total: 104200 ns
[2020-10-05T10:27:51.541+0000][34308][safepoint    ] Safepoint "Cleanup", Time since last: 1000368800 ns, Reaching safepoint: 100300 ns, At safepoint: 6000 ns, Total: 106300 ns
[2020-10-05T10:27:52.628+0000][34308][safepoint    ] Safepoint "Cleanup", Time since last: 1087241000 ns, Reaching safepoint: 132800 ns, At safepoint: 7100 ns, Total: 139900 ns
[2020-10-05T10:27:53.629+0000][34308][safepoint    ] Safepoint "Cleanup", Time since last: 1000597000 ns, Reaching safepoint: 108900 ns, At safepoint: 4600 ns, Total: 113500 ns
[2020-10-05T10:27:55.629+0000][34308][safepoint    ] Safepoint "Cleanup", Time since last: 2000559000 ns, Reaching safepoint: 91700 ns, At safepoint: 2900 ns, Total: 94600 ns
[2020-10-05T10:27:56.629+0000][34308][safepoint    ] Safepoint "Cleanup", Time since last: 1000065900 ns, Reaching safepoint: 133000 ns, At safepoint: 4800 ns, Total: 137800 ns
[2020-10-05T10:27:58.631+0000][34308][safepoint    ] Safepoint "Cleanup", Time since last: 2000886400 ns, Reaching safepoint: 119800 ns, At safepoint: 5900 ns, Total: 125700 ns
[2020-10-05T10:27:59.631+0000][34308][safepoint    ] Safepoint "Cleanup", Time since last: 1000753300 ns, Reaching safepoint: 183400 ns, At safepoint: 6100 ns, Total: 189500 ns
[2020-10-05T10:28:00.632+0000][34308][safepoint    ] Safepoint "Cleanup", Time since last: 1000541900 ns, Reaching safepoint: 173800 ns, At safepoint: 7700 ns, Total: 181500 ns
[2020-10-05T10:28:01.633+0000][34308][safepoint    ] Safepoint "Cleanup", Time since last: 1000394500 ns, Reaching safepoint: 136700 ns, At safepoint: 6400 ns, Total: 143100 ns
[2020-10-05T10:28:02.633+0000][34308][safepoint    ] Safepoint "Cleanup", Time since last: 1000551700 ns, Reaching safepoint: 122800 ns, At safepoint: 6400 ns, Total: 129200 ns
[2020-10-05T10:28:04.634+0000][34308][safepoint    ] Safepoint "Cleanup", Time since last: 2000104600 ns, Reaching safepoint: 148500 ns, At safepoint: 5400 ns, Total: 153900 ns
[2020-10-05T10:28:05.634+0000][34308][safepoint    ] Safepoint "Cleanup", Time since last: 1000588700 ns, Reaching safepoint: 147900 ns, At safepoint: 6500 ns, Total: 154400 ns
[2020-10-05T10:28:07.635+0000][34308][safepoint    ] Safepoint "Cleanup", Time since last: 2000091000 ns, Reaching safepoint: 103700 ns, At safepoint: 4700 ns, Total: 108400 ns
[2020-10-05T10:28:08.636+0000][34308][safepoint    ] Safepoint "Cleanup", Time since last: 1000909600 ns, Reaching safepoint: 100600 ns, At safepoint: 4600 ns, Total: 105200 ns
[2020-10-05T10:28:09.636+0000][34308][safepoint    ] Safepoint "Cleanup", Time since last: 1000217700 ns, Reaching safepoint: 160200 ns, At safepoint: 6200 ns, Total: 166400 ns
[2020-10-05T10:28:10.636+0000][34308][safepoint    ] Safepoint "Cleanup", Time since last: 1000210700 ns, Reaching safepoint: 107900 ns, At safepoint: 16700 ns, Total: 124600 ns
[2020-10-05T10:28:11.637+0000][34308][safepoint    ] Safepoint "Cleanup", Time since last: 1000652900 ns, Reaching safepoint: 109100 ns, At safepoint: 5000 ns, Total: 114100 ns
[2020-10-05T10:28:12.638+0000][34308][safepoint    ] Safepoint "Cleanup", Time since last: 1000647600 ns, Reaching safepoint: 98200 ns, At safepoint: 5400 ns, Total: 103600 ns
[2020-10-05T10:28:13.638+0000][34308][safepoint    ] Safepoint "Cleanup", Time since last: 1000021900 ns, Reaching safepoint: 115000 ns, At safepoint: 4100 ns, Total: 119100 ns
[2020-10-05T10:28:14.639+0000][34308][safepoint    ] Safepoint "Cleanup", Time since last: 1000494000 ns, Reaching safepoint: 126500 ns, At safepoint: 6100 ns, Total: 132600 ns
[2020-10-05T10:28:15.640+0000][34308][safepoint    ] Safepoint "Cleanup", Time since last: 1000860500 ns, Reaching safepoint: 95600 ns, At safepoint: 4500 ns, Total: 100100 ns
[2020-10-05T10:28:16.640+0000][34308][safepoint    ] Safepoint "Cleanup", Time since last: 1000180300 ns, Reaching safepoint: 113400 ns, At safepoint: 4500 ns, Total: 117900 ns
[2020-10-05T10:28:17.640+0000][34308][safepoint    ] Safepoint "Cleanup", Time since last: 1000109300 ns, Reaching safepoint: 134400 ns, At safepoint: 4900 ns, Total: 139300 ns
[2020-10-05T10:28:19.641+0000][34308][safepoint    ] Safepoint "Cleanup", Time since last: 2000500800 ns, Reaching safepoint: 116800 ns, At safepoint: 6200 ns, Total: 123000 ns
[2020-10-05T10:28:20.641+0000][34308][safepoint    ] Safepoint "Cleanup", Time since last: 1000278800 ns, Reaching safepoint: 131600 ns, At safepoint: 6700 ns, Total: 138300 ns
[2020-10-05T10:28:22.427+0000][34308][safepoint    ] Safepoint "Cleanup", Time since last: 1785738400 ns, Reaching safepoint: 149700 ns, At safepoint: 5200 ns, Total: 154900 ns
[2020-10-05T10:28:23.428+0000][34308][safepoint    ] Safepoint "Cleanup", Time since last: 1000441400 ns, Reaching safepoint: 99500 ns, At safepoint: 5000 ns, Total: 104500 ns
[2020-10-05T10:28:24.428+0000][34308][safepoint    ] Safepoint "Cleanup", Time since last: 1000622800 ns, Reaching safepoint: 121600 ns, At safepoint: 6200 ns, Total: 127800 ns
[2020-10-05T10:28:25.428+0000][34308][safepoint    ] Safepoint "Cleanup", Time since last: 1000009500 ns, Reaching safepoint: 134900 ns, At safepoint: 6500 ns, Total: 141400 ns
[2020-10-05T10:28:26.429+0000][34308][safepoint    ] Safepoint "Cleanup", Time since last: 1000259200 ns, Reaching safepoint: 124000 ns, At safepoint: 4500 ns, Total: 128500 ns
[2020-10-05T10:28:27.429+0000][34308][safepoint    ] Safepoint "Cleanup", Time since last: 1000234200 ns, Reaching safepoint: 171000 ns, At safepoint: 5700 ns, Total: 176700 ns
[2020-10-05T10:28:28.430+0000][34308][safepoint    ] Safepoint "Cleanup", Time since last: 1000677800 ns, Reaching safepoint: 133100 ns, At safepoint: 5800 ns, Total: 138900 ns
[2020-10-05T10:28:29.431+0000][34308][safepoint    ] Safepoint "Cleanup", Time since last: 1000521100 ns, Reaching safepoint: 135300 ns, At safepoint: 5700 ns, Total: 141000 ns
[2020-10-05T10:28:30.431+0000][34308][safepoint    ] Safepoint "Cleanup", Time since last: 1000105900 ns, Reaching safepoint: 101100 ns, At safepoint: 5200 ns, Total: 106300 ns
[2020-10-05T10:28:31.431+0000][34308][safepoint    ] Safepoint "Cleanup", Time since last: 1000352000 ns, Reaching safepoint: 195600 ns, At safepoint: 4600 ns, Total: 200200 ns
[2020-10-05T10:28:32.432+0000][34308][safepoint    ] Safepoint "Cleanup", Time since last: 1000649300 ns, Reaching safepoint: 196400 ns, At safepoint: 18100 ns, Total: 214500 ns
[2020-10-05T10:28:34.433+0000][34308][safepoint    ] Safepoint "Cleanup", Time since last: 2000644200 ns, Reaching safepoint: 144900 ns, At safepoint: 5500 ns, Total: 150400 ns
[2020-10-05T10:28:36.434+0000][34308][safepoint    ] Safepoint "Cleanup", Time since last: 2000252600 ns, Reaching safepoint: 200700 ns, At safepoint: 28100 ns, Total: 228800 ns
[2020-10-05T10:28:37.434+0000][34308][safepoint    ] Safepoint "Cleanup", Time since last: 1000156700 ns, Reaching safepoint: 194000 ns, At safepoint: 8100 ns, Total: 202100 ns
[2020-10-05T10:28:39.434+0000][34308][safepoint    ] Safepoint "Cleanup", Time since last: 2000202900 ns, Reaching safepoint: 187500 ns, At safepoint: 11300 ns, Total: 198800 ns
[2020-10-05T10:28:40.435+0000][34308][safepoint    ] Safepoint "Cleanup", Time since last: 1000245600 ns, Reaching safepoint: 197900 ns, At safepoint: 8100 ns, Total: 206000 ns
[2020-10-05T10:28:42.436+0000][34308][safepoint    ] Safepoint "Cleanup", Time since last: 2000698500 ns, Reaching safepoint: 236000 ns, At safepoint: 17300 ns, Total: 253300 ns
[2020-10-05T10:28:43.436+0000][34308][safepoint    ] Safepoint "Cleanup", Time since last: 1000322200 ns, Reaching safepoint: 181400 ns, At safepoint: 12400 ns, Total: 193800 ns
[2020-10-05T10:28:44.437+0000][34308][safepoint    ] Safepoint "Cleanup", Time since last: 1000253900 ns, Reaching safepoint: 237800 ns, At safepoint: 21700 ns, Total: 259500 ns
[2020-10-05T10:28:45.437+0000][34308][safepoint    ] Safepoint "Cleanup", Time since last: 1000259400 ns, Reaching safepoint: 148100 ns, At safepoint: 14200 ns, Total: 162300 ns
[2020-10-05T10:28:46.438+0000][34308][safepoint    ] Safepoint "Cleanup", Time since last: 1000233000 ns, Reaching safepoint: 227600 ns, At safepoint: 13700 ns, Total: 241300 ns
[2020-10-05T10:28:48.438+0000][34308][safepoint    ] Safepoint "Cleanup", Time since last: 2000632300 ns, Reaching safepoint: 190800 ns, At safepoint: 9500 ns, Total: 200300 ns
[2020-10-05T10:28:49.439+0000][34308][safepoint    ] Safepoint "Cleanup", Time since last: 1000198600 ns, Reaching safepoint: 230300 ns, At safepoint: 10700 ns, Total: 241000 ns
[2020-10-05T10:28:50.439+0000][34308][safepoint    ] Safepoint "Cleanup", Time since last: 1000261800 ns, Reaching safepoint: 204600 ns, At safepoint: 14800 ns, Total: 219400 ns
[2020-10-05T10:28:51.440+0000][34308][safepoint    ] Safepoint "Cleanup", Time since last: 1000126900 ns, Reaching safepoint: 196600 ns, At safepoint: 18400 ns, Total: 215000 ns
[2020-10-05T10:28:53.440+0000][34308][safepoint    ] Safepoint "Cleanup", Time since last: 2000417100 ns, Reaching safepoint: 204600 ns, At safepoint: 6500 ns, Total: 211100 ns
[2020-10-05T10:28:54.441+0000][34308][safepoint    ] Safepoint "Cleanup", Time since last: 1000118100 ns, Reaching safepoint: 203600 ns, At safepoint: 13600 ns, Total: 217200 ns
[2020-10-05T10:28:55.441+0000][34308][safepoint    ] Safepoint "Cleanup", Time since last: 1000473100 ns, Reaching safepoint: 231600 ns, At safepoint: 27000 ns, Total: 258600 ns
[2020-10-05T10:28:57.442+0000][34308][safepoint    ] Safepoint "Cleanup", Time since last: 2000100500 ns, Reaching safepoint: 225000 ns, At safepoint: 6300 ns, Total: 231300 ns
[2020-10-05T10:28:59.442+0000][34308][safepoint    ] Safepoint "Cleanup", Time since last: 2000087900 ns, Reaching safepoint: 279200 ns, At safepoint: 10700 ns, Total: 289900 ns
[2020-10-05T10:29:00.442+0000][34308][safepoint    ] Safepoint "Cleanup", Time since last: 1000165400 ns, Reaching safepoint: 672200 ns, At safepoint: 46000 ns, Total: 718200 ns
[2020-10-05T10:29:01.444+0000][34308][safepoint    ] Safepoint "Cleanup", Time since last: 1001131800 ns, Reaching safepoint: 275400 ns, At safepoint: 14800 ns, Total: 290200 ns
[2020-10-05T10:29:03.445+0000][34308][safepoint    ] Safepoint "Cleanup", Time since last: 2000760300 ns, Reaching safepoint: 169900 ns, At safepoint: 6000 ns, Total: 175900 ns
[2020-10-05T10:29:05.446+0000][34308][safepoint    ] Safepoint "Cleanup", Time since last: 2000746600 ns, Reaching safepoint: 112500 ns, At safepoint: 4600 ns, Total: 117100 ns
[2020-10-05T10:29:06.447+0000][34308][safepoint    ] Safepoint "Cleanup", Time since last: 1000509900 ns, Reaching safepoint: 78700 ns, At safepoint: 2500 ns, Total: 81200 ns
[2020-10-05T10:29:07.448+0000][34308][safepoint    ] Safepoint "Cleanup", Time since last: 1000928000 ns, Reaching safepoint: 105800 ns, At safepoint: 5100 ns, Total: 110900 ns
[2020-10-05T10:29:08.449+0000][34308][safepoint    ] Safepoint "Cleanup", Time since last: 1000555100 ns, Reaching safepoint: 119100 ns, At safepoint: 6200 ns, Total: 125300 ns
[2020-10-05T10:29:09.449+0000][34308][safepoint    ] Safepoint "Cleanup", Time since last: 1000061300 ns, Reaching safepoint: 90700 ns, At safepoint: 5500 ns, Total: 96200 ns
[2020-10-05T10:29:10.449+0000][34308][safepoint    ] Safepoint "Cleanup", Time since last: 1000129700 ns, Reaching safepoint: 161700 ns, At safepoint: 5900 ns, Total: 167600 ns
[2020-10-05T10:29:11.450+0000][34308][safepoint    ] Safepoint "Cleanup", Time since last: 1000665400 ns, Reaching safepoint: 109100 ns, At safepoint: 6100 ns, Total: 115200 ns
[2020-10-05T10:29:12.451+0000][34308][safepoint    ] Safepoint "Cleanup", Time since last: 1000836800 ns, Reaching safepoint: 114800 ns, At safepoint: 4900 ns, Total: 119700 ns
[2020-10-05T10:29:13.452+0000][34308][safepoint    ] Safepoint "Cleanup", Time since last: 1000618100 ns, Reaching safepoint: 136900 ns, At safepoint: 7100 ns, Total: 144000 ns
[2020-10-05T10:29:14.452+0000][34308][safepoint    ] Safepoint "Cleanup", Time since last: 1000012400 ns, Reaching safepoint: 127700 ns, At safepoint: 5400 ns, Total: 133100 ns
[2020-10-05T10:29:15.452+0000][34308][safepoint    ] Safepoint "Cleanup", Time since last: 1000092300 ns, Reaching safepoint: 89600 ns, At safepoint: 4600 ns, Total: 94200 ns
[2020-10-05T10:29:16.453+0000][34308][safepoint    ] Safepoint "Cleanup", Time since last: 1000462900 ns, Reaching safepoint: 145400 ns, At safepoint: 5900 ns, Total: 151300 ns
[2020-10-05T10:29:17.453+0000][34308][safepoint    ] Safepoint "Cleanup", Time since last: 1000788200 ns, Reaching safepoint: 136700 ns, At safepoint: 6400 ns, Total: 143100 ns
[2020-10-05T10:29:18.454+0000][34308][safepoint    ] Safepoint "Cleanup", Time since last: 1000402700 ns, Reaching safepoint: 124200 ns, At safepoint: 5800 ns, Total: 130000 ns
[2020-10-05T10:29:19.454+0000][34308][safepoint    ] Safepoint "Cleanup", Time since last: 1000169000 ns, Reaching safepoint: 119400 ns, At safepoint: 5800 ns, Total: 125200 ns
[2020-10-05T10:29:20.455+0000][34308][safepoint    ] Safepoint "Cleanup", Time since last: 1000787100 ns, Reaching safepoint: 122100 ns, At safepoint: 6800 ns, Total: 128900 ns
[2020-10-05T10:29:21.456+0000][34308][safepoint    ] Safepoint "Cleanup", Time since last: 1000742200 ns, Reaching safepoint: 103400 ns, At safepoint: 5100 ns, Total: 108500 ns
[2020-10-05T10:29:22.457+0000][34308][safepoint    ] Safepoint "Cleanup", Time since last: 1000681000 ns, Reaching safepoint: 106700 ns, At safepoint: 4900 ns, Total: 111600 ns
[2020-10-05T10:29:23.457+0000][34308][safepoint    ] Safepoint "Cleanup", Time since last: 1000417000 ns, Reaching safepoint: 125100 ns, At safepoint: 4900 ns, Total: 130000 ns
[2020-10-05T10:29:24.458+0000][34308][safepoint    ] Safepoint "Cleanup", Time since last: 1000627200 ns, Reaching safepoint: 105000 ns, At safepoint: 4300 ns, Total: 109300 ns
[2020-10-05T10:29:25.458+0000][34308][safepoint    ] Safepoint "Cleanup", Time since last: 1000082200 ns, Reaching safepoint: 124000 ns, At safepoint: 5700 ns, Total: 129700 ns
[2020-10-05T10:29:26.459+0000][34308][safepoint    ] Safepoint "Cleanup", Time since last: 1000275600 ns, Reaching safepoint: 134700 ns, At safepoint: 6200 ns, Total: 140900 ns
[2020-10-05T10:29:27.459+0000][34308][safepoint    ] Safepoint "Cleanup", Time since last: 1000299900 ns, Reaching safepoint: 128800 ns, At safepoint: 8400 ns, Total: 137200 ns
[2020-10-05T10:29:29.460+0000][34308][safepoint    ] Safepoint "Cleanup", Time since last: 2000381500 ns, Reaching safepoint: 123000 ns, At safepoint: 17400 ns, Total: 140400 ns
[2020-10-05T10:29:30.674+0000][34308][safepoint    ] Safepoint "Cleanup", Time since last: 1213950400 ns, Reaching safepoint: 129900 ns, At safepoint: 7700 ns, Total: 137600 ns
[2020-10-05T10:29:31.674+0000][34308][safepoint    ] Safepoint "Cleanup", Time since last: 1000064200 ns, Reaching safepoint: 137300 ns, At safepoint: 6600 ns, Total: 143900 ns
[2020-10-05T10:29:32.674+0000][34308][safepoint    ] Safepoint "Cleanup", Time since last: 1000228700 ns, Reaching safepoint: 123400 ns, At safepoint: 6400 ns, Total: 129800 ns
[2020-10-05T10:29:33.675+0000][34308][safepoint    ] Safepoint "Cleanup", Time since last: 1000641300 ns, Reaching safepoint: 131300 ns, At safepoint: 6800 ns, Total: 138100 ns
[2020-10-05T10:29:34.676+0000][34308][safepoint    ] Safepoint "Cleanup", Time since last: 1000397800 ns, Reaching safepoint: 121700 ns, At safepoint: 6600 ns, Total: 128300 ns
[2020-10-05T10:29:35.676+0000][34308][safepoint    ] Safepoint "Cleanup", Time since last: 1000655100 ns, Reaching safepoint: 127400 ns, At safepoint: 6200 ns, Total: 133600 ns
[2020-10-05T10:29:36.677+0000][34308][safepoint    ] Safepoint "Cleanup", Time since last: 1000808600 ns, Reaching safepoint: 172200 ns, At safepoint: 6000 ns, Total: 178200 ns
[2020-10-05T10:29:37.678+0000][34308][safepoint    ] Safepoint "Cleanup", Time since last: 1000111200 ns, Reaching safepoint: 94000 ns, At safepoint: 4900 ns, Total: 98900 ns
[2020-10-05T10:29:38.678+0000][34308][safepoint    ] Safepoint "Cleanup", Time since last: 1000154400 ns, Reaching safepoint: 108100 ns, At safepoint: 5000 ns, Total: 113100 ns
[2020-10-05T10:29:39.678+0000][34308][safepoint    ] Safepoint "Cleanup", Time since last: 1000080500 ns, Reaching safepoint: 86900 ns, At safepoint: 2700 ns, Total: 89600 ns
[2020-10-05T10:29:40.679+0000][34308][safepoint    ] Safepoint "Cleanup", Time since last: 1000876600 ns, Reaching safepoint: 115900 ns, At safepoint: 4600 ns, Total: 120500 ns
[2020-10-05T10:29:42.680+0000][34308][safepoint    ] Safepoint "Cleanup", Time since last: 2000963100 ns, Reaching safepoint: 103900 ns, At safepoint: 5300 ns, Total: 109200 ns
[2020-10-05T10:29:43.681+0000][34308][safepoint    ] Safepoint "Cleanup", Time since last: 1000391000 ns, Reaching safepoint: 141700 ns, At safepoint: 4500 ns, Total: 146200 ns
[2020-10-05T10:29:44.681+0000][34308][safepoint    ] Safepoint "Cleanup", Time since last: 1000677400 ns, Reaching safepoint: 116600 ns, At safepoint: 5100 ns, Total: 121700 ns
[2020-10-05T10:29:45.682+0000][34308][safepoint    ] Safepoint "Cleanup", Time since last: 1000769400 ns, Reaching safepoint: 124900 ns, At safepoint: 4700 ns, Total: 129600 ns
[2020-10-05T10:29:46.683+0000][34308][safepoint    ] Safepoint "Cleanup", Time since last: 1000401000 ns, Reaching safepoint: 105600 ns, At safepoint: 4900 ns, Total: 110500 ns
[2020-10-05T10:29:47.683+0000][34308][safepoint    ] Safepoint "Cleanup", Time since last: 1000318200 ns, Reaching safepoint: 120900 ns, At safepoint: 5400 ns, Total: 126300 ns
[2020-10-05T10:29:48.684+0000][34308][safepoint    ] Safepoint "Cleanup", Time since last: 1000757300 ns, Reaching safepoint: 128300 ns, At safepoint: 17200 ns, Total: 145500 ns
[2020-10-05T10:29:49.684+0000][34308][safepoint    ] Safepoint "Cleanup", Time since last: 1000087700 ns, Reaching safepoint: 150700 ns, At safepoint: 4800 ns, Total: 155500 ns
[2020-10-05T10:29:51.685+0000][34308][safepoint    ] Safepoint "Cleanup", Time since last: 2000842200 ns, Reaching safepoint: 122200 ns, At safepoint: 4700 ns, Total: 126900 ns
[2020-10-05T10:29:52.686+0000][34308][safepoint    ] Safepoint "Cleanup", Time since last: 1000296700 ns, Reaching safepoint: 133200 ns, At safepoint: 7000 ns, Total: 140200 ns
[2020-10-05T10:29:53.687+0000][34308][safepoint    ] Safepoint "Cleanup", Time since last: 1000823700 ns, Reaching safepoint: 102200 ns, At safepoint: 4800 ns, Total: 107000 ns
[2020-10-05T10:29:54.687+0000][34308][safepoint    ] Safepoint "Cleanup", Time since last: 1000092400 ns, Reaching safepoint: 199300 ns, At safepoint: 11100 ns, Total: 210400 ns
[2020-10-05T10:29:55.687+0000][34308][safepoint    ] Safepoint "Cleanup", Time since last: 1000003800 ns, Reaching safepoint: 130000 ns, At safepoint: 5300 ns, Total: 135300 ns
[2020-10-05T10:29:56.688+0000][34308][safepoint    ] Safepoint "Cleanup", Time since last: 1000810800 ns, Reaching safepoint: 92400 ns, At safepoint: 4800 ns, Total: 97200 ns
[2020-10-05T10:29:57.689+0000][34308][safepoint    ] Safepoint "Cleanup", Time since last: 1000486400 ns, Reaching safepoint: 119200 ns, At safepoint: 6700 ns, Total: 125900 ns
[2020-10-05T10:29:58.689+0000][34308][safepoint    ] Safepoint "Cleanup", Time since last: 1000408500 ns, Reaching safepoint: 135700 ns, At safepoint: 8400 ns, Total: 144100 ns
[2020-10-05T10:29:59.690+0000][34308][safepoint    ] Safepoint "Cleanup", Time since last: 1000202900 ns, Reaching safepoint: 100900 ns, At safepoint: 4800 ns, Total: 105700 ns
[2020-10-05T10:30:00.690+0000][34308][safepoint    ] Safepoint "Cleanup", Time since last: 1000284000 ns, Reaching safepoint: 617500 ns, At safepoint: 30600 ns, Total: 648100 ns
[2020-10-05T10:30:01.691+0000][34308][safepoint    ] Safepoint "Cleanup", Time since last: 1000451600 ns, Reaching safepoint: 179300 ns, At safepoint: 5200 ns, Total: 184500 ns
[2020-10-05T10:30:02.692+0000][34308][safepoint    ] Safepoint "Cleanup", Time since last: 1000711800 ns, Reaching safepoint: 132200 ns, At safepoint: 5000 ns, Total: 137200 ns
[2020-10-05T10:30:03.692+0000][34308][safepoint    ] Safepoint "Cleanup", Time since last: 1000110700 ns, Reaching safepoint: 123100 ns, At safepoint: 4800 ns, Total: 127900 ns
[2020-10-05T10:30:04.692+0000][34308][safepoint    ] Safepoint "Cleanup", Time since last: 1000019500 ns, Reaching safepoint: 92300 ns, At safepoint: 6100 ns, Total: 98400 ns
[2020-10-05T10:30:06.693+0000][34308][safepoint    ] Safepoint "Cleanup", Time since last: 2000186100 ns, Reaching safepoint: 95400 ns, At safepoint: 4400 ns, Total: 99800 ns
[2020-10-05T10:30:07.694+0000][34308][safepoint    ] Safepoint "Cleanup", Time since last: 1000824600 ns, Reaching safepoint: 156600 ns, At safepoint: 5000 ns, Total: 161600 ns
[2020-10-05T10:30:08.694+0000][34308][safepoint    ] Safepoint "Cleanup", Time since last: 1000511000 ns, Reaching safepoint: 185500 ns, At safepoint: 4400 ns, Total: 189900 ns
[2020-10-05T10:30:09.695+0000][34308][safepoint    ] Safepoint "Cleanup", Time since last: 1000421900 ns, Reaching safepoint: 113600 ns, At safepoint: 6100 ns, Total: 119700 ns
[2020-10-05T10:30:11.696+0000][34308][safepoint    ] Safepoint "Cleanup", Time since last: 2000747300 ns, Reaching safepoint: 122200 ns, At safepoint: 5600 ns, Total: 127800 ns
[2020-10-05T10:30:12.696+0000][34308][safepoint    ] Safepoint "Cleanup", Time since last: 1000056000 ns, Reaching safepoint: 87300 ns, At safepoint: 4200 ns, Total: 91500 ns
[2020-10-05T10:30:13.696+0000][34308][safepoint    ] Safepoint "Cleanup", Time since last: 1000358700 ns, Reaching safepoint: 105100 ns, At safepoint: 22700 ns, Total: 127800 ns
[2020-10-05T10:30:14.697+0000][34308][safepoint    ] Safepoint "Cleanup", Time since last: 1000536900 ns, Reaching safepoint: 101500 ns, At safepoint: 6700 ns, Total: 108200 ns
[2020-10-05T10:30:15.698+0000][34308][safepoint    ] Safepoint "Cleanup", Time since last: 1000765500 ns, Reaching safepoint: 148200 ns, At safepoint: 6600 ns, Total: 154800 ns
[2020-10-05T10:30:16.698+0000][34308][safepoint    ] Safepoint "Cleanup", Time since last: 1000280100 ns, Reaching safepoint: 121000 ns, At safepoint: 5800 ns, Total: 126800 ns
[2020-10-05T10:30:17.699+0000][34308][safepoint    ] Safepoint "Cleanup", Time since last: 1000205000 ns, Reaching safepoint: 114200 ns, At safepoint: 7000 ns, Total: 121200 ns
[2020-10-05T10:30:18.700+0000][34308][safepoint    ] Safepoint "Cleanup", Time since last: 1000693300 ns, Reaching safepoint: 185200 ns, At safepoint: 6200 ns, Total: 191400 ns
[2020-10-05T10:30:19.700+0000][34308][safepoint    ] Safepoint "Cleanup", Time since last: 1000529000 ns, Reaching safepoint: 125900 ns, At safepoint: 6700 ns, Total: 132600 ns
[2020-10-05T10:30:20.701+0000][34308][safepoint    ] Safepoint "Cleanup", Time since last: 1000659000 ns, Reaching safepoint: 103600 ns, At safepoint: 5000 ns, Total: 108600 ns
[2020-10-05T10:30:22.702+0000][34308][safepoint    ] Safepoint "Cleanup", Time since last: 2000435800 ns, Reaching safepoint: 118400 ns, At safepoint: 5700 ns, Total: 124100 ns
[2020-10-05T10:30:23.702+0000][34308][safepoint    ] Safepoint "Cleanup", Time since last: 1000314600 ns, Reaching safepoint: 107500 ns, At safepoint: 7000 ns, Total: 114500 ns
[2020-10-05T10:30:24.702+0000][34308][safepoint    ] Safepoint "Cleanup", Time since last: 1000071000 ns, Reaching safepoint: 121300 ns, At safepoint: 6400 ns, Total: 127700 ns
[2020-10-05T10:30:25.703+0000][34308][safepoint    ] Safepoint "Cleanup", Time since last: 1000831700 ns, Reaching safepoint: 94200 ns, At safepoint: 6300 ns, Total: 100500 ns
[2020-10-05T10:30:26.704+0000][34308][safepoint    ] Safepoint "Cleanup", Time since last: 1000683100 ns, Reaching safepoint: 86800 ns, At safepoint: 6400 ns, Total: 93200 ns
[2020-10-05T10:30:27.704+0000][34308][safepoint    ] Safepoint "Cleanup", Time since last: 1000101000 ns, Reaching safepoint: 110600 ns, At safepoint: 14400 ns, Total: 125000 ns
[2020-10-05T10:30:29.651+0000][34308][safepoint    ] Safepoint "Cleanup", Time since last: 1947011900 ns, Reaching safepoint: 115300 ns, At safepoint: 6600 ns, Total: 121900 ns
[2020-10-05T10:30:30.651+0000][34308][safepoint    ] Safepoint "Cleanup", Time since last: 1000030200 ns, Reaching safepoint: 110700 ns, At safepoint: 4300 ns, Total: 115000 ns
[2020-10-05T10:30:31.652+0000][34308][safepoint    ] Safepoint "Cleanup", Time since last: 1000543500 ns, Reaching safepoint: 124100 ns, At safepoint: 4800 ns, Total: 128900 ns
[2020-10-05T10:30:32.652+0000][34308][safepoint    ] Safepoint "Cleanup", Time since last: 1000151000 ns, Reaching safepoint: 103200 ns, At safepoint: 6400 ns, Total: 109600 ns
[2020-10-05T10:30:33.653+0000][34308][safepoint    ] Safepoint "Cleanup", Time since last: 1000143900 ns, Reaching safepoint: 102100 ns, At safepoint: 4900 ns, Total: 107000 ns
[2020-10-05T10:30:34.653+0000][34308][safepoint    ] Safepoint "Cleanup", Time since last: 1000462200 ns, Reaching safepoint: 78000 ns, At safepoint: 4100 ns, Total: 82100 ns
[2020-10-05T10:30:35.653+0000][34308][safepoint    ] Safepoint "Cleanup", Time since last: 1000228000 ns, Reaching safepoint: 124800 ns, At safepoint: 4700 ns, Total: 129500 ns
[2020-10-05T10:30:37.654+0000][34308][safepoint    ] Safepoint "Cleanup", Time since last: 1999974600 ns, Reaching safepoint: 111600 ns, At safepoint: 5200 ns, Total: 116800 ns
[2020-10-05T10:30:38.654+0000][34308][safepoint    ] Safepoint "Cleanup", Time since last: 1000696000 ns, Reaching safepoint: 119200 ns, At safepoint: 5400 ns, Total: 124600 ns
[2020-10-05T10:30:39.655+0000][34308][safepoint    ] Safepoint "Cleanup", Time since last: 1000639400 ns, Reaching safepoint: 204800 ns, At safepoint: 8400 ns, Total: 213200 ns
[2020-10-05T10:30:40.656+0000][34308][safepoint    ] Safepoint "Cleanup", Time since last: 1000406700 ns, Reaching safepoint: 134100 ns, At safepoint: 9300 ns, Total: 143400 ns
[2020-10-05T10:30:41.656+0000][34308][safepoint    ] Safepoint "Cleanup", Time since last: 1000322500 ns, Reaching safepoint: 109000 ns, At safepoint: 5600 ns, Total: 114600 ns
[2020-10-05T10:30:43.657+0000][34308][safepoint    ] Safepoint "Cleanup", Time since last: 2000471200 ns, Reaching safepoint: 134700 ns, At safepoint: 4900 ns, Total: 139600 ns
[2020-10-05T10:30:44.658+0000][34308][safepoint    ] Safepoint "Cleanup", Time since last: 1000552600 ns, Reaching safepoint: 129600 ns, At safepoint: 7400 ns, Total: 137000 ns
[2020-10-05T10:30:45.658+0000][34308][safepoint    ] Safepoint "Cleanup", Time since last: 1000355700 ns, Reaching safepoint: 113500 ns, At safepoint: 5300 ns, Total: 118800 ns
[2020-10-05T10:30:46.658+0000][34308][safepoint    ] Safepoint "Cleanup", Time since last: 1000148300 ns, Reaching safepoint: 110000 ns, At safepoint: 5300 ns, Total: 115300 ns
[2020-10-05T10:30:48.658+0000][34308][safepoint    ] Safepoint "Cleanup", Time since last: 2000042600 ns, Reaching safepoint: 136600 ns, At safepoint: 5200 ns, Total: 141800 ns
[2020-10-05T10:30:50.659+0000][34308][safepoint    ] Safepoint "Cleanup", Time since last: 2000336500 ns, Reaching safepoint: 118600 ns, At safepoint: 4800 ns, Total: 123400 ns
[2020-10-05T10:30:52.444+0000][34308][safepoint    ] Safepoint "Cleanup", Time since last: 1784525500 ns, Reaching safepoint: 137900 ns, At safepoint: 4800 ns, Total: 142700 ns
[2020-10-05T10:30:53.444+0000][34308][safepoint    ] Safepoint "Cleanup", Time since last: 1000691300 ns, Reaching safepoint: 113500 ns, At safepoint: 5800 ns, Total: 119300 ns
[2020-10-05T10:30:54.445+0000][34308][safepoint    ] Safepoint "Cleanup", Time since last: 1000729600 ns, Reaching safepoint: 127700 ns, At safepoint: 4600 ns, Total: 132300 ns
[2020-10-05T10:30:56.445+0000][34308][safepoint    ] Safepoint "Cleanup", Time since last: 2000001300 ns, Reaching safepoint: 174500 ns, At safepoint: 7000 ns, Total: 181500 ns
[2020-10-05T10:30:58.446+0000][34308][safepoint    ] Safepoint "Cleanup", Time since last: 2000787200 ns, Reaching safepoint: 99200 ns, At safepoint: 3100 ns, Total: 102300 ns
[2020-10-05T10:30:59.447+0000][34308][safepoint    ] Safepoint "Cleanup", Time since last: 1000809600 ns, Reaching safepoint: 106800 ns, At safepoint: 4600 ns, Total: 111400 ns
[2020-10-05T10:31:00.448+0000][34308][safepoint    ] Safepoint "Cleanup", Time since last: 1000318200 ns, Reaching safepoint: 324000 ns, At safepoint: 16700 ns, Total: 340700 ns
[2020-10-05T10:31:01.448+0000][34308][safepoint    ] Safepoint "Cleanup", Time since last: 1000455700 ns, Reaching safepoint: 134300 ns, At safepoint: 4800 ns, Total: 139100 ns
[2020-10-05T10:31:03.449+0000][34308][safepoint    ] Safepoint "Cleanup", Time since last: 2000304300 ns, Reaching safepoint: 171500 ns, At safepoint: 4700 ns, Total: 176200 ns
[2020-10-05T10:31:05.449+0000][34308][safepoint    ] Safepoint "Cleanup", Time since last: 1999964900 ns, Reaching safepoint: 113700 ns, At safepoint: 5600 ns, Total: 119300 ns
[2020-10-05T10:31:07.450+0000][34308][safepoint    ] Safepoint "Cleanup", Time since last: 2000721100 ns, Reaching safepoint: 98400 ns, At safepoint: 5100 ns, Total: 103500 ns
[2020-10-05T10:31:08.450+0000][34308][safepoint    ] Safepoint "Cleanup", Time since last: 1000137300 ns, Reaching safepoint: 115500 ns, At safepoint: 4800 ns, Total: 120300 ns
[2020-10-05T10:31:09.450+0000][34308][safepoint    ] Safepoint "Cleanup", Time since last: 1000009100 ns, Reaching safepoint: 109800 ns, At safepoint: 4500 ns, Total: 114300 ns
[2020-10-05T10:31:10.451+0000][34308][safepoint    ] Safepoint "Cleanup", Time since last: 1000861700 ns, Reaching safepoint: 143500 ns, At safepoint: 5100 ns, Total: 148600 ns
[2020-10-05T10:31:11.452+0000][34308][safepoint    ] Safepoint "Cleanup", Time since last: 1000804400 ns, Reaching safepoint: 94300 ns, At safepoint: 4600 ns, Total: 98900 ns
[2020-10-05T10:31:13.452+0000][34308][safepoint    ] Safepoint "Cleanup", Time since last: 2000012400 ns, Reaching safepoint: 100600 ns, At safepoint: 4500 ns, Total: 105100 ns
[2020-10-05T10:31:14.453+0000][34308][safepoint    ] Safepoint "Cleanup", Time since last: 1000652400 ns, Reaching safepoint: 164800 ns, At safepoint: 5300 ns, Total: 170100 ns
[2020-10-05T10:31:15.453+0000][34308][safepoint    ] Safepoint "Cleanup", Time since last: 1000211500 ns, Reaching safepoint: 105100 ns, At safepoint: 6400 ns, Total: 111500 ns
[2020-10-05T10:31:16.454+0000][34308][safepoint    ] Safepoint "Cleanup", Time since last: 1000315800 ns, Reaching safepoint: 95200 ns, At safepoint: 4900 ns, Total: 100100 ns
[2020-10-05T10:31:17.454+0000][34308][safepoint    ] Safepoint "Cleanup", Time since last: 1000194700 ns, Reaching safepoint: 115900 ns, At safepoint: 4600 ns, Total: 120500 ns
[2020-10-05T10:31:18.455+0000][34308][safepoint    ] Safepoint "Cleanup", Time since last: 1000495300 ns, Reaching safepoint: 125400 ns, At safepoint: 4600 ns, Total: 130000 ns
[2020-10-05T10:31:19.456+0000][34308][safepoint    ] Safepoint "Cleanup", Time since last: 1000577800 ns, Reaching safepoint: 113000 ns, At safepoint: 4900 ns, Total: 117900 ns
[2020-10-05T10:31:20.456+0000][34308][safepoint    ] Safepoint "Cleanup", Time since last: 1000349500 ns, Reaching safepoint: 119400 ns, At safepoint: 5900 ns, Total: 125300 ns
[2020-10-05T10:31:22.457+0000][34308][safepoint    ] Safepoint "Cleanup", Time since last: 2000877300 ns, Reaching safepoint: 212000 ns, At safepoint: 9300 ns, Total: 221300 ns
[2020-10-05T10:31:23.458+0000][34308][safepoint    ] Safepoint "Cleanup", Time since last: 1000654300 ns, Reaching safepoint: 139600 ns, At safepoint: 6200 ns, Total: 145800 ns
[2020-10-05T10:31:24.458+0000][34308][safepoint    ] Safepoint "Cleanup", Time since last: 1000050800 ns, Reaching safepoint: 121000 ns, At safepoint: 9200 ns, Total: 130200 ns
[2020-10-05T10:31:25.458+0000][34308][safepoint    ] Safepoint "Cleanup", Time since last: 1000060200 ns, Reaching safepoint: 87100 ns, At safepoint: 2500 ns, Total: 89600 ns
[2020-10-05T10:31:26.459+0000][34308][safepoint    ] Safepoint "Cleanup", Time since last: 1000261500 ns, Reaching safepoint: 142100 ns, At safepoint: 5800 ns, Total: 147900 ns
[2020-10-05T10:31:27.459+0000][34308][safepoint    ] Safepoint "Cleanup", Time since last: 1000622300 ns, Reaching safepoint: 154400 ns, At safepoint: 7700 ns, Total: 162100 ns
[2020-10-05T10:31:28.460+0000][34308][safepoint    ] Safepoint "Cleanup", Time since last: 1000571700 ns, Reaching safepoint: 129600 ns, At safepoint: 6400 ns, Total: 136000 ns
[2020-10-05T10:31:29.461+0000][34308][safepoint    ] Safepoint "Cleanup", Time since last: 1000486500 ns, Reaching safepoint: 492300 ns, At safepoint: 61500 ns, Total: 553800 ns
[2020-10-05T10:31:31.461+0000][34308][safepoint    ] Safepoint "Cleanup", Time since last: 1999720800 ns, Reaching safepoint: 136700 ns, At safepoint: 7400 ns, Total: 144100 ns
[2020-10-05T10:31:32.462+0000][34308][safepoint    ] Safepoint "Cleanup", Time since last: 1000627900 ns, Reaching safepoint: 165700 ns, At safepoint: 6300 ns, Total: 172000 ns
[2020-10-05T10:31:34.463+0000][34308][safepoint    ] Safepoint "Cleanup", Time since last: 2000842400 ns, Reaching safepoint: 107900 ns, At safepoint: 5500 ns, Total: 113400 ns
[2020-10-05T10:31:35.464+0000][34308][safepoint    ] Safepoint "Cleanup", Time since last: 1000845700 ns, Reaching safepoint: 111000 ns, At safepoint: 6000 ns, Total: 117000 ns
[2020-10-05T10:31:36.464+0000][34308][safepoint    ] Safepoint "Cleanup", Time since last: 1000345100 ns, Reaching safepoint: 84200 ns, At safepoint: 3100 ns, Total: 87300 ns
[2020-10-05T10:31:37.465+0000][34308][safepoint    ] Safepoint "Cleanup", Time since last: 1000449600 ns, Reaching safepoint: 103800 ns, At safepoint: 5100 ns, Total: 108900 ns
[2020-10-05T10:31:38.465+0000][34308][safepoint    ] Safepoint "Cleanup", Time since last: 1000669900 ns, Reaching safepoint: 127000 ns, At safepoint: 4300 ns, Total: 131300 ns
[2020-10-05T10:31:39.466+0000][34308][safepoint    ] Safepoint "Cleanup", Time since last: 1000135900 ns, Reaching safepoint: 102100 ns, At safepoint: 4900 ns, Total: 107000 ns
[2020-10-05T10:31:41.466+0000][34308][safepoint    ] Safepoint "Cleanup", Time since last: 2000631900 ns, Reaching safepoint: 117100 ns, At safepoint: 4300 ns, Total: 121400 ns
[2020-10-05T10:31:42.467+0000][34308][safepoint    ] Safepoint "Cleanup", Time since last: 1000664300 ns, Reaching safepoint: 117700 ns, At safepoint: 5100 ns, Total: 122800 ns
[2020-10-05T10:31:43.468+0000][34308][safepoint    ] Safepoint "Cleanup", Time since last: 1000794200 ns, Reaching safepoint: 121900 ns, At safepoint: 4600 ns, Total: 126500 ns
[2020-10-05T10:31:44.469+0000][34308][safepoint    ] Safepoint "Cleanup", Time since last: 1000692400 ns, Reaching safepoint: 127000 ns, At safepoint: 7000 ns, Total: 134000 ns
[2020-10-05T10:31:45.470+0000][34308][safepoint    ] Safepoint "Cleanup", Time since last: 1000562200 ns, Reaching safepoint: 206100 ns, At safepoint: 11000 ns, Total: 217100 ns
[2020-10-05T10:31:47.471+0000][34308][safepoint    ] Safepoint "Cleanup", Time since last: 2000773000 ns, Reaching safepoint: 213100 ns, At safepoint: 5200 ns, Total: 218300 ns
[2020-10-05T10:31:48.472+0000][34308][safepoint    ] Safepoint "Cleanup", Time since last: 1000719000 ns, Reaching safepoint: 127500 ns, At safepoint: 6800 ns, Total: 134300 ns
[2020-10-05T10:31:49.472+0000][34308][safepoint    ] Safepoint "Cleanup", Time since last: 1000609400 ns, Reaching safepoint: 150300 ns, At safepoint: 6000 ns, Total: 156300 ns
[2020-10-05T10:31:50.473+0000][34308][safepoint    ] Safepoint "Cleanup", Time since last: 1000878800 ns, Reaching safepoint: 111000 ns, At safepoint: 6100 ns, Total: 117100 ns
[2020-10-05T10:31:51.474+0000][34308][safepoint    ] Safepoint "Cleanup", Time since last: 1000269000 ns, Reaching safepoint: 109900 ns, At safepoint: 5000 ns, Total: 114900 ns
[2020-10-05T10:31:52.474+0000][34308][safepoint    ] Safepoint "Cleanup", Time since last: 1000422100 ns, Reaching safepoint: 108000 ns, At safepoint: 5000 ns, Total: 113000 ns
[2020-10-05T10:31:53.475+0000][34308][safepoint    ] Safepoint "Cleanup", Time since last: 1000403000 ns, Reaching safepoint: 122700 ns, At safepoint: 6400 ns, Total: 129100 ns
[2020-10-05T10:31:55.475+0000][34308][safepoint    ] Safepoint "Cleanup", Time since last: 1999947200 ns, Reaching safepoint: 114200 ns, At safepoint: 4300 ns, Total: 118500 ns
[2020-10-05T10:31:56.475+0000][34308][safepoint    ] Safepoint "Cleanup", Time since last: 1000106200 ns, Reaching safepoint: 106900 ns, At safepoint: 2000 ns, Total: 108900 ns
[2020-10-05T10:31:57.476+0000][34308][safepoint    ] Safepoint "Cleanup", Time since last: 1000292300 ns, Reaching safepoint: 124200 ns, At safepoint: 19900 ns, Total: 144100 ns
[2020-10-05T10:31:58.476+0000][34308][safepoint    ] Safepoint "Cleanup", Time since last: 1000218700 ns, Reaching safepoint: 151600 ns, At safepoint: 5000 ns, Total: 156600 ns
[2020-10-05T10:32:00.148+0000][34308][safepoint    ] Safepoint "Cleanup", Time since last: 1671646700 ns, Reaching safepoint: 134500 ns, At safepoint: 5600 ns, Total: 140100 ns
[2020-10-05T10:32:01.148+0000][34308][safepoint    ] Safepoint "Cleanup", Time since last: 1000366300 ns, Reaching safepoint: 168400 ns, At safepoint: 7800 ns, Total: 176200 ns
[2020-10-05T10:32:02.149+0000][34308][safepoint    ] Safepoint "Cleanup", Time since last: 1000181400 ns, Reaching safepoint: 114200 ns, At safepoint: 5200 ns, Total: 119400 ns
[2020-10-05T10:32:03.149+0000][34308][safepoint    ] Safepoint "Cleanup", Time since last: 1000633800 ns, Reaching safepoint: 101800 ns, At safepoint: 5400 ns, Total: 107200 ns
[2020-10-05T10:32:04.150+0000][34308][safepoint    ] Safepoint "Cleanup", Time since last: 1000141400 ns, Reaching safepoint: 164100 ns, At safepoint: 4700 ns, Total: 168800 ns
[2020-10-05T10:32:05.150+0000][34308][safepoint    ] Safepoint "Cleanup", Time since last: 1000401600 ns, Reaching safepoint: 118900 ns, At safepoint: 7400 ns, Total: 126300 ns
[2020-10-05T10:32:06.151+0000][34308][safepoint    ] Safepoint "Cleanup", Time since last: 1000317600 ns, Reaching safepoint: 142200 ns, At safepoint: 6200 ns, Total: 148400 ns
[2020-10-05T10:32:07.151+0000][34308][safepoint    ] Safepoint "Cleanup", Time since last: 1000039800 ns, Reaching safepoint: 148000 ns, At safepoint: 15600 ns, Total: 163600 ns
[2020-10-05T10:32:08.151+0000][34308][safepoint    ] Safepoint "Cleanup", Time since last: 1000438600 ns, Reaching safepoint: 189300 ns, At safepoint: 7300 ns, Total: 196600 ns
[2020-10-05T10:32:09.152+0000][34308][safepoint    ] Safepoint "Cleanup", Time since last: 1000453000 ns, Reaching safepoint: 88300 ns, At safepoint: 4000 ns, Total: 92300 ns
[2020-10-05T10:32:10.153+0000][34308][safepoint    ] Safepoint "Cleanup", Time since last: 1000763600 ns, Reaching safepoint: 87800 ns, At safepoint: 3500 ns, Total: 91300 ns
[2020-10-05T10:32:11.153+0000][34308][safepoint    ] Safepoint "Cleanup", Time since last: 1000005300 ns, Reaching safepoint: 166500 ns, At safepoint: 4900 ns, Total: 171400 ns
[2020-10-05T10:32:12.153+0000][34308][safepoint    ] Safepoint "Cleanup", Time since last: 1000034900 ns, Reaching safepoint: 105400 ns, At safepoint: 12900 ns, Total: 118300 ns
[2020-10-05T10:32:13.154+0000][34308][safepoint    ] Safepoint "Cleanup", Time since last: 1000319100 ns, Reaching safepoint: 137200 ns, At safepoint: 8300 ns, Total: 145500 ns
[2020-10-05T10:32:14.154+0000][34308][safepoint    ] Safepoint "Cleanup", Time since last: 1000531000 ns, Reaching safepoint: 105000 ns, At safepoint: 4600 ns, Total: 109600 ns
[2020-10-05T10:32:15.155+0000][34308][safepoint    ] Safepoint "Cleanup", Time since last: 1000912200 ns, Reaching safepoint: 110000 ns, At safepoint: 5300 ns, Total: 115300 ns
[2020-10-05T10:32:17.156+0000][34308][safepoint    ] Safepoint "Cleanup", Time since last: 2000913200 ns, Reaching safepoint: 117400 ns, At safepoint: 6000 ns, Total: 123400 ns
[2020-10-05T10:32:18.157+0000][34308][safepoint    ] Safepoint "Cleanup", Time since last: 1000857300 ns, Reaching safepoint: 137400 ns, At safepoint: 5900 ns, Total: 143300 ns
[2020-10-05T10:32:19.158+0000][34308][safepoint    ] Safepoint "Cleanup", Time since last: 1000181100 ns, Reaching safepoint: 118400 ns, At safepoint: 4200 ns, Total: 122600 ns
[2020-10-05T10:32:20.158+0000][34308][safepoint    ] Safepoint "Cleanup", Time since last: 1000068500 ns, Reaching safepoint: 115500 ns, At safepoint: 5400 ns, Total: 120900 ns
[2020-10-05T10:32:21.158+0000][34308][safepoint    ] Safepoint "Cleanup", Time since last: 1000038100 ns, Reaching safepoint: 137400 ns, At safepoint: 6400 ns, Total: 143800 ns
[2020-10-05T10:32:22.158+0000][34308][safepoint    ] Safepoint "Cleanup", Time since last: 1000338000 ns, Reaching safepoint: 112300 ns, At safepoint: 5000 ns, Total: 117300 ns
[2020-10-05T10:32:24.159+0000][34308][safepoint    ] Safepoint "Cleanup", Time since last: 2000619600 ns, Reaching safepoint: 113100 ns, At safepoint: 6200 ns, Total: 119300 ns
[2020-10-05T10:32:25.160+0000][34308][safepoint    ] Safepoint "Cleanup", Time since last: 1000192400 ns, Reaching safepoint: 142800 ns, At safepoint: 4400 ns, Total: 147200 ns
[2020-10-05T10:32:26.160+0000][34308][safepoint    ] Safepoint "Cleanup", Time since last: 1000747200 ns, Reaching safepoint: 121600 ns, At safepoint: 7600 ns, Total: 129200 ns
[2020-10-05T10:32:27.161+0000][34308][safepoint    ] Safepoint "Cleanup", Time since last: 1000228000 ns, Reaching safepoint: 104300 ns, At safepoint: 7300 ns, Total: 111600 ns
[2020-10-05T10:32:28.161+0000][34308][safepoint    ] Safepoint "Cleanup", Time since last: 1000046500 ns, Reaching safepoint: 115900 ns, At safepoint: 4700 ns, Total: 120600 ns
[2020-10-05T10:32:30.162+0000][34308][safepoint    ] Safepoint "Cleanup", Time since last: 2000673400 ns, Reaching safepoint: 101000 ns, At safepoint: 4400 ns, Total: 105400 ns
[2020-10-05T10:32:31.162+0000][34308][safepoint    ] Safepoint "Cleanup", Time since last: 1000434200 ns, Reaching safepoint: 119700 ns, At safepoint: 5500 ns, Total: 125200 ns
[2020-10-05T10:32:32.163+0000][34308][safepoint    ] Safepoint "Cleanup", Time since last: 1000809200 ns, Reaching safepoint: 108700 ns, At safepoint: 5400 ns, Total: 114100 ns
[2020-10-05T10:32:33.164+0000][34308][safepoint    ] Safepoint "Cleanup", Time since last: 1000810900 ns, Reaching safepoint: 154700 ns, At safepoint: 4500 ns, Total: 159200 ns
[2020-10-05T10:32:34.165+0000][34308][safepoint    ] Safepoint "Cleanup", Time since last: 1000764400 ns, Reaching safepoint: 105900 ns, At safepoint: 6500 ns, Total: 112400 ns
[2020-10-05T10:32:35.166+0000][34308][safepoint    ] Safepoint "Cleanup", Time since last: 1000528500 ns, Reaching safepoint: 126100 ns, At safepoint: 3000 ns, Total: 129100 ns
[2020-10-05T10:32:36.166+0000][34308][safepoint    ] Safepoint "Cleanup", Time since last: 1000712900 ns, Reaching safepoint: 123400 ns, At safepoint: 6000 ns, Total: 129400 ns
[2020-10-05T10:32:37.167+0000][34308][safepoint    ] Safepoint "Cleanup", Time since last: 1000499300 ns, Reaching safepoint: 109000 ns, At safepoint: 5200 ns, Total: 114200 ns
[2020-10-05T10:32:39.167+0000][34308][safepoint    ] Safepoint "Cleanup", Time since last: 2000190800 ns, Reaching safepoint: 156800 ns, At safepoint: 5300 ns, Total: 162100 ns
[2020-10-05T10:32:40.168+0000][34308][safepoint    ] Safepoint "Cleanup", Time since last: 1000866300 ns, Reaching safepoint: 113900 ns, At safepoint: 5000 ns, Total: 118900 ns
[2020-10-05T10:32:41.169+0000][34308][safepoint    ] Safepoint "Cleanup", Time since last: 1000620200 ns, Reaching safepoint: 122600 ns, At safepoint: 5900 ns, Total: 128500 ns
[2020-10-05T10:32:43.170+0000][34308][safepoint    ] Safepoint "Cleanup", Time since last: 2000186900 ns, Reaching safepoint: 114500 ns, At safepoint: 4500 ns, Total: 119000 ns
[2020-10-05T10:32:45.170+0000][34308][safepoint    ] Safepoint "Cleanup", Time since last: 2000289700 ns, Reaching safepoint: 118400 ns, At safepoint: 4700 ns, Total: 123100 ns
[2020-10-05T10:32:46.170+0000][34308][safepoint    ] Safepoint "Cleanup", Time since last: 1000025800 ns, Reaching safepoint: 154000 ns, At safepoint: 5000 ns, Total: 159000 ns
[2020-10-05T10:32:47.171+0000][34308][safepoint    ] Safepoint "Cleanup", Time since last: 1000429800 ns, Reaching safepoint: 90400 ns, At safepoint: 4900 ns, Total: 95300 ns
[2020-10-05T10:32:48.172+0000][34308][safepoint    ] Safepoint "Cleanup", Time since last: 1000896700 ns, Reaching safepoint: 94600 ns, At safepoint: 4700 ns, Total: 99300 ns
[2020-10-05T10:32:49.173+0000][34308][safepoint    ] Safepoint "Cleanup", Time since last: 1000799400 ns, Reaching safepoint: 117700 ns, At safepoint: 4700 ns, Total: 122400 ns
[2020-10-05T10:32:50.173+0000][34308][safepoint    ] Safepoint "Cleanup", Time since last: 1000020200 ns, Reaching safepoint: 94400 ns, At safepoint: 5600 ns, Total: 100000 ns
[2020-10-05T10:32:51.173+0000][34308][safepoint    ] Safepoint "Cleanup", Time since last: 1000098500 ns, Reaching safepoint: 114900 ns, At safepoint: 5000 ns, Total: 119900 ns
[2020-10-05T10:32:52.470+0000][34308][safepoint    ] Safepoint "Cleanup", Time since last: 1296869000 ns, Reaching safepoint: 97000 ns, At safepoint: 3500 ns, Total: 100500 ns
[2020-10-05T10:32:53.471+0000][34308][safepoint    ] Safepoint "Cleanup", Time since last: 1000786700 ns, Reaching safepoint: 114700 ns, At safepoint: 4900 ns, Total: 119600 ns
[2020-10-05T10:32:55.471+0000][34308][safepoint    ] Safepoint "Cleanup", Time since last: 2000391000 ns, Reaching safepoint: 169500 ns, At safepoint: 5800 ns, Total: 175300 ns
[2020-10-05T10:32:56.472+0000][34308][safepoint    ] Safepoint "Cleanup", Time since last: 1000293500 ns, Reaching safepoint: 101000 ns, At safepoint: 4700 ns, Total: 105700 ns
[2020-10-05T10:32:57.472+0000][34308][safepoint    ] Safepoint "Cleanup", Time since last: 1000364000 ns, Reaching safepoint: 116100 ns, At safepoint: 4700 ns, Total: 120800 ns
[2020-10-05T10:32:58.472+0000][34308][safepoint    ] Safepoint "Cleanup", Time since last: 1000014500 ns, Reaching safepoint: 103600 ns, At safepoint: 5200 ns, Total: 108800 ns
[2020-10-05T10:33:00.473+0000][34308][safepoint    ] Safepoint "Cleanup", Time since last: 2000710800 ns, Reaching safepoint: 132200 ns, At safepoint: 5300 ns, Total: 137500 ns
[2020-10-05T10:33:01.473+0000][34308][safepoint    ] Safepoint "Cleanup", Time since last: 1000066200 ns, Reaching safepoint: 147700 ns, At safepoint: 5500 ns, Total: 153200 ns
[2020-10-05T10:33:02.474+0000][34308][safepoint    ] Safepoint "Cleanup", Time since last: 1000795200 ns, Reaching safepoint: 82200 ns, At safepoint: 3200 ns, Total: 85400 ns
[2020-10-05T10:33:03.475+0000][34308][safepoint    ] Safepoint "Cleanup", Time since last: 1000863600 ns, Reaching safepoint: 111500 ns, At safepoint: 4800 ns, Total: 116300 ns
[2020-10-05T10:33:04.476+0000][34308][safepoint    ] Safepoint "Cleanup", Time since last: 1000643700 ns, Reaching safepoint: 94300 ns, At safepoint: 4900 ns, Total: 99200 ns
[2020-10-05T10:33:05.477+0000][34308][safepoint    ] Safepoint "Cleanup", Time since last: 1000406900 ns, Reaching safepoint: 120600 ns, At safepoint: 8100 ns, Total: 128700 ns
[2020-10-05T10:33:06.477+0000][34308][safepoint    ] Safepoint "Cleanup", Time since last: 1000393000 ns, Reaching safepoint: 106700 ns, At safepoint: 5600 ns, Total: 112300 ns
[2020-10-05T10:33:07.478+0000][34308][safepoint    ] Safepoint "Cleanup", Time since last: 1000797600 ns, Reaching safepoint: 128200 ns, At safepoint: 7200 ns, Total: 135400 ns
[2020-10-05T10:33:08.479+0000][34308][safepoint    ] Safepoint "Cleanup", Time since last: 1000799600 ns, Reaching safepoint: 114300 ns, At safepoint: 4300 ns, Total: 118600 ns
[2020-10-05T10:33:09.479+0000][34308][safepoint    ] Safepoint "Cleanup", Time since last: 1000138500 ns, Reaching safepoint: 121700 ns, At safepoint: 5300 ns, Total: 127000 ns
[2020-10-05T10:33:10.480+0000][34308][safepoint    ] Safepoint "Cleanup", Time since last: 1000649400 ns, Reaching safepoint: 123900 ns, At safepoint: 7200 ns, Total: 131100 ns
[2020-10-05T10:33:11.481+0000][34308][safepoint    ] Safepoint "Cleanup", Time since last: 1000643000 ns, Reaching safepoint: 103100 ns, At safepoint: 2600 ns, Total: 105700 ns
[2020-10-05T10:33:12.481+0000][34308][safepoint    ] Safepoint "Cleanup", Time since last: 1000522200 ns, Reaching safepoint: 99800 ns, At safepoint: 4600 ns, Total: 104400 ns
[2020-10-05T10:33:13.482+0000][34308][safepoint    ] Safepoint "Cleanup", Time since last: 1000708400 ns, Reaching safepoint: 95300 ns, At safepoint: 5100 ns, Total: 100400 ns
[2020-10-05T10:33:14.482+0000][34308][safepoint    ] Safepoint "Cleanup", Time since last: 1000182800 ns, Reaching safepoint: 100500 ns, At safepoint: 4200 ns, Total: 104700 ns
[2020-10-05T10:33:15.483+0000][34308][safepoint    ] Safepoint "Cleanup", Time since last: 1000683700 ns, Reaching safepoint: 99700 ns, At safepoint: 2800 ns, Total: 102500 ns
[2020-10-05T10:33:16.484+0000][34308][safepoint    ] Safepoint "Cleanup", Time since last: 1000146200 ns, Reaching safepoint: 97600 ns, At safepoint: 7100 ns, Total: 104700 ns
[2020-10-05T10:33:17.484+0000][34308][safepoint    ] Safepoint "Cleanup", Time since last: 1000418000 ns, Reaching safepoint: 88200 ns, At safepoint: 4900 ns, Total: 93100 ns
[2020-10-05T10:33:18.485+0000][34308][safepoint    ] Safepoint "Cleanup", Time since last: 1000495900 ns, Reaching safepoint: 103500 ns, At safepoint: 4500 ns, Total: 108000 ns
[2020-10-05T10:33:19.485+0000][34308][safepoint    ] Safepoint "Cleanup", Time since last: 1000186600 ns, Reaching safepoint: 90900 ns, At safepoint: 4300 ns, Total: 95200 ns
[2020-10-05T10:33:20.486+0000][34308][safepoint    ] Safepoint "Cleanup", Time since last: 1000570000 ns, Reaching safepoint: 111200 ns, At safepoint: 7000 ns, Total: 118200 ns
[2020-10-05T10:33:21.486+0000][34308][safepoint    ] Safepoint "Cleanup", Time since last: 1000677800 ns, Reaching safepoint: 123300 ns, At safepoint: 5100 ns, Total: 128400 ns
[2020-10-05T10:33:22.487+0000][34308][safepoint    ] Safepoint "Cleanup", Time since last: 1000325200 ns, Reaching safepoint: 103600 ns, At safepoint: 6200 ns, Total: 109800 ns
[2020-10-05T10:33:23.487+0000][34308][safepoint    ] Safepoint "Cleanup", Time since last: 1000323600 ns, Reaching safepoint: 96600 ns, At safepoint: 5400 ns, Total: 102000 ns
[2020-10-05T10:33:24.488+0000][34308][safepoint    ] Safepoint "Cleanup", Time since last: 1000518300 ns, Reaching safepoint: 101800 ns, At safepoint: 5400 ns, Total: 107200 ns
[2020-10-05T10:33:25.488+0000][34308][safepoint    ] Safepoint "Cleanup", Time since last: 1000201800 ns, Reaching safepoint: 172000 ns, At safepoint: 9000 ns, Total: 181000 ns
[2020-10-05T10:33:26.489+0000][34308][safepoint    ] Safepoint "Cleanup", Time since last: 1000254000 ns, Reaching safepoint: 100800 ns, At safepoint: 5100 ns, Total: 105900 ns
[2020-10-05T10:33:27.489+0000][34308][safepoint    ] Safepoint "Cleanup", Time since last: 1000312900 ns, Reaching safepoint: 107400 ns, At safepoint: 28800 ns, Total: 136200 ns
[2020-10-05T10:33:28.489+0000][34308][safepoint    ] Safepoint "Cleanup", Time since last: 1000333500 ns, Reaching safepoint: 157400 ns, At safepoint: 7700 ns, Total: 165100 ns
[2020-10-05T10:33:29.490+0000][34308][safepoint    ] Safepoint "Cleanup", Time since last: 1000674800 ns, Reaching safepoint: 107600 ns, At safepoint: 6400 ns, Total: 114000 ns
[2020-10-05T10:33:30.491+0000][34308][safepoint    ] Safepoint "Cleanup", Time since last: 1000491300 ns, Reaching safepoint: 116900 ns, At safepoint: 4800 ns, Total: 121700 ns
[2020-10-05T10:33:31.491+0000][34308][safepoint    ] Safepoint "Cleanup", Time since last: 1000224100 ns, Reaching safepoint: 111800 ns, At safepoint: 5500 ns, Total: 117300 ns
[2020-10-05T10:33:32.492+0000][34308][safepoint    ] Safepoint "Cleanup", Time since last: 1000782800 ns, Reaching safepoint: 120600 ns, At safepoint: 20300 ns, Total: 140900 ns
[2020-10-05T10:33:33.493+0000][34308][safepoint    ] Safepoint "Cleanup", Time since last: 1000459300 ns, Reaching safepoint: 107400 ns, At safepoint: 2600 ns, Total: 110000 ns
[2020-10-05T10:33:34.493+0000][34308][safepoint    ] Safepoint "Cleanup", Time since last: 1000610600 ns, Reaching safepoint: 111500 ns, At safepoint: 5600 ns, Total: 117100 ns
[2020-10-05T10:33:35.494+0000][34308][safepoint    ] Safepoint "Cleanup", Time since last: 1000009600 ns, Reaching safepoint: 95400 ns, At safepoint: 5100 ns, Total: 100500 ns
[2020-10-05T10:33:36.494+0000][34308][safepoint    ] Safepoint "Cleanup", Time since last: 1000301500 ns, Reaching safepoint: 136700 ns, At safepoint: 4900 ns, Total: 141600 ns
[2020-10-05T10:33:37.495+0000][34308][safepoint    ] Safepoint "Cleanup", Time since last: 1000571700 ns, Reaching safepoint: 147700 ns, At safepoint: 4500 ns, Total: 152200 ns
[2020-10-05T10:33:38.495+0000][34308][safepoint    ] Safepoint "Cleanup", Time since last: 1000620300 ns, Reaching safepoint: 106800 ns, At safepoint: 4500 ns, Total: 111300 ns
[2020-10-05T10:33:39.496+0000][34308][safepoint    ] Safepoint "Cleanup", Time since last: 1000851400 ns, Reaching safepoint: 111900 ns, At safepoint: 5800 ns, Total: 117700 ns
[2020-10-05T10:33:40.497+0000][34308][safepoint    ] Safepoint "Cleanup", Time since last: 1000169400 ns, Reaching safepoint: 96500 ns, At safepoint: 3400 ns, Total: 99900 ns
[2020-10-05T10:33:41.497+0000][34308][safepoint    ] Safepoint "Cleanup", Time since last: 1000146700 ns, Reaching safepoint: 126600 ns, At safepoint: 5400 ns, Total: 132000 ns
[2020-10-05T10:33:42.498+0000][34308][safepoint    ] Safepoint "Cleanup", Time since last: 1000463500 ns, Reaching safepoint: 131500 ns, At safepoint: 5200 ns, Total: 136700 ns
[2020-10-05T10:33:43.498+0000][34308][safepoint    ] Safepoint "Cleanup", Time since last: 1000248000 ns, Reaching safepoint: 110600 ns, At safepoint: 5600 ns, Total: 116200 ns
[2020-10-05T10:33:44.498+0000][34308][safepoint    ] Safepoint "Cleanup", Time since last: 1000319600 ns, Reaching safepoint: 113700 ns, At safepoint: 5000 ns, Total: 118700 ns
[2020-10-05T10:33:45.499+0000][34308][safepoint    ] Safepoint "Cleanup", Time since last: 1000289000 ns, Reaching safepoint: 118000 ns, At safepoint: 5600 ns, Total: 123600 ns
[2020-10-05T10:33:46.499+0000][34308][safepoint    ] Safepoint "Cleanup", Time since last: 1000503600 ns, Reaching safepoint: 142300 ns, At safepoint: 5300 ns, Total: 147600 ns
[2020-10-05T10:33:47.500+0000][34308][safepoint    ] Safepoint "Cleanup", Time since last: 1000700500 ns, Reaching safepoint: 142800 ns, At safepoint: 8800 ns, Total: 151600 ns
[2020-10-05T10:33:48.501+0000][34308][safepoint    ] Safepoint "Cleanup", Time since last: 1000061900 ns, Reaching safepoint: 107400 ns, At safepoint: 5200 ns, Total: 112600 ns
[2020-10-05T10:33:49.501+0000][34308][safepoint    ] Safepoint "Cleanup", Time since last: 1000250800 ns, Reaching safepoint: 116400 ns, At safepoint: 7700 ns, Total: 124100 ns
[2020-10-05T10:33:50.502+0000][34308][safepoint    ] Safepoint "Cleanup", Time since last: 1000649600 ns, Reaching safepoint: 89400 ns, At safepoint: 2500 ns, Total: 91900 ns
[2020-10-05T10:33:51.503+0000][34308][safepoint    ] Safepoint "Cleanup", Time since last: 1000841700 ns, Reaching safepoint: 112400 ns, At safepoint: 5200 ns, Total: 117600 ns
[2020-10-05T10:33:52.503+0000][34308][safepoint    ] Safepoint "Cleanup", Time since last: 1000067500 ns, Reaching safepoint: 94700 ns, At safepoint: 4800 ns, Total: 99500 ns
[2020-10-05T10:33:53.503+0000][34308][safepoint    ] Safepoint "Cleanup", Time since last: 1000613300 ns, Reaching safepoint: 92000 ns, At safepoint: 4100 ns, Total: 96100 ns
[2020-10-05T10:33:54.504+0000][34308][safepoint    ] Safepoint "Cleanup", Time since last: 1000434500 ns, Reaching safepoint: 112000 ns, At safepoint: 8400 ns, Total: 120400 ns
[2020-10-05T10:33:55.505+0000][34308][safepoint    ] Safepoint "Cleanup", Time since last: 1000826900 ns, Reaching safepoint: 111400 ns, At safepoint: 24500 ns, Total: 135900 ns
[2020-10-05T10:33:56.506+0000][34308][safepoint    ] Safepoint "Cleanup", Time since last: 1000849700 ns, Reaching safepoint: 110500 ns, At safepoint: 4900 ns, Total: 115400 ns
[2020-10-05T10:33:58.506+0000][34308][safepoint    ] Safepoint "Cleanup", Time since last: 2000208100 ns, Reaching safepoint: 234000 ns, At safepoint: 9900 ns, Total: 243900 ns
[2020-10-05T10:33:59.507+0000][34308][safepoint    ] Safepoint "Cleanup", Time since last: 1000178900 ns, Reaching safepoint: 140100 ns, At safepoint: 7400 ns, Total: 147500 ns
[2020-10-05T10:34:00.508+0000][34308][safepoint    ] Safepoint "Cleanup", Time since last: 1000799200 ns, Reaching safepoint: 118800 ns, At safepoint: 6100 ns, Total: 124900 ns
[2020-10-05T10:34:01.508+0000][34308][safepoint    ] Safepoint "Cleanup", Time since last: 1000609600 ns, Reaching safepoint: 124200 ns, At safepoint: 6400 ns, Total: 130600 ns
[2020-10-05T10:34:02.509+0000][34308][safepoint    ] Safepoint "Cleanup", Time since last: 1000345400 ns, Reaching safepoint: 124600 ns, At safepoint: 7300 ns, Total: 131900 ns
[2020-10-05T10:34:04.510+0000][34308][safepoint    ] Safepoint "Cleanup", Time since last: 2000614600 ns, Reaching safepoint: 123100 ns, At safepoint: 6100 ns, Total: 129200 ns
[2020-10-05T10:34:05.510+0000][34308][safepoint    ] Safepoint "Cleanup", Time since last: 1000110600 ns, Reaching safepoint: 105700 ns, At safepoint: 5000 ns, Total: 110700 ns
[2020-10-05T10:34:06.510+0000][34308][safepoint    ] Safepoint "Cleanup", Time since last: 1000494000 ns, Reaching safepoint: 100300 ns, At safepoint: 2900 ns, Total: 103200 ns
[2020-10-05T10:34:07.511+0000][34308][safepoint    ] Safepoint "Cleanup", Time since last: 1000245800 ns, Reaching safepoint: 124500 ns, At safepoint: 7000 ns, Total: 131500 ns
[2020-10-05T10:34:08.512+0000][34308][safepoint    ] Safepoint "Cleanup", Time since last: 1000711700 ns, Reaching safepoint: 153100 ns, At safepoint: 6300 ns, Total: 159400 ns
[2020-10-05T10:34:09.513+0000][34308][safepoint    ] Safepoint "Cleanup", Time since last: 1000794900 ns, Reaching safepoint: 113700 ns, At safepoint: 7100 ns, Total: 120800 ns
[2020-10-05T10:34:10.513+0000][34308][safepoint    ] Safepoint "Cleanup", Time since last: 1000487600 ns, Reaching safepoint: 138200 ns, At safepoint: 5900 ns, Total: 144100 ns
[2020-10-05T10:34:11.514+0000][34308][safepoint    ] Safepoint "Cleanup", Time since last: 1000539000 ns, Reaching safepoint: 139200 ns, At safepoint: 9400 ns, Total: 148600 ns
[2020-10-05T10:34:13.514+0000][34308][safepoint    ] Safepoint "Cleanup", Time since last: 2000181200 ns, Reaching safepoint: 130000 ns, At safepoint: 4100 ns, Total: 134100 ns
[2020-10-05T10:34:14.514+0000][34308][safepoint    ] Safepoint "Cleanup", Time since last: 1000006300 ns, Reaching safepoint: 116400 ns, At safepoint: 4200 ns, Total: 120600 ns
[2020-10-05T10:34:15.515+0000][34308][safepoint    ] Safepoint "Cleanup", Time since last: 1000569100 ns, Reaching safepoint: 117700 ns, At safepoint: 5000 ns, Total: 122700 ns
[2020-10-05T10:34:16.516+0000][34308][safepoint    ] Safepoint "Cleanup", Time since last: 1000417700 ns, Reaching safepoint: 127200 ns, At safepoint: 4600 ns, Total: 131800 ns
[2020-10-05T10:34:17.516+0000][34308][safepoint    ] Safepoint "Cleanup", Time since last: 1000560500 ns, Reaching safepoint: 146600 ns, At safepoint: 6300 ns, Total: 152900 ns
[2020-10-05T10:34:19.517+0000][34308][safepoint    ] Safepoint "Cleanup", Time since last: 2000429600 ns, Reaching safepoint: 265000 ns, At safepoint: 32800 ns, Total: 297800 ns
[2020-10-05T10:34:20.517+0000][34308][safepoint    ] Safepoint "Cleanup", Time since last: 1000227600 ns, Reaching safepoint: 119800 ns, At safepoint: 5700 ns, Total: 125500 ns
[2020-10-05T10:34:21.518+0000][34308][safepoint    ] Safepoint "Cleanup", Time since last: 1000085100 ns, Reaching safepoint: 123800 ns, At safepoint: 6100 ns, Total: 129900 ns
[2020-10-05T10:34:22.518+0000][34308][safepoint    ] Safepoint "Cleanup", Time since last: 1000191500 ns, Reaching safepoint: 115200 ns, At safepoint: 4700 ns, Total: 119900 ns
[2020-10-05T10:34:23.518+0000][34308][safepoint    ] Safepoint "Cleanup", Time since last: 1000238100 ns, Reaching safepoint: 129800 ns, At safepoint: 5000 ns, Total: 134800 ns
[2020-10-05T10:34:24.519+0000][34308][safepoint    ] Safepoint "Cleanup", Time since last: 1000100000 ns, Reaching safepoint: 148500 ns, At safepoint: 7800 ns, Total: 156300 ns
[2020-10-05T10:34:25.519+0000][34308][safepoint    ] Safepoint "Cleanup", Time since last: 1000396700 ns, Reaching safepoint: 147600 ns, At safepoint: 7600 ns, Total: 155200 ns
[2020-10-05T10:34:26.520+0000][34308][safepoint    ] Safepoint "Cleanup", Time since last: 1000894600 ns, Reaching safepoint: 130200 ns, At safepoint: 5900 ns, Total: 136100 ns
[2020-10-05T10:34:27.521+0000][34308][safepoint    ] Safepoint "Cleanup", Time since last: 1000326000 ns, Reaching safepoint: 114700 ns, At safepoint: 6400 ns, Total: 121100 ns
[2020-10-05T10:34:28.521+0000][34308][safepoint    ] Safepoint "Cleanup", Time since last: 1000119700 ns, Reaching safepoint: 130400 ns, At safepoint: 5700 ns, Total: 136100 ns
[2020-10-05T10:34:29.521+0000][34308][safepoint    ] Safepoint "Cleanup", Time since last: 1000465300 ns, Reaching safepoint: 128900 ns, At safepoint: 4300 ns, Total: 133200 ns
[2020-10-05T10:34:30.522+0000][34308][safepoint    ] Safepoint "Cleanup", Time since last: 1000726400 ns, Reaching safepoint: 152900 ns, At safepoint: 6200 ns, Total: 159100 ns
[2020-10-05T10:34:31.523+0000][34308][safepoint    ] Safepoint "Cleanup", Time since last: 1000386800 ns, Reaching safepoint: 110000 ns, At safepoint: 4600 ns, Total: 114600 ns
[2020-10-05T10:34:32.524+0000][34308][safepoint    ] Safepoint "Cleanup", Time since last: 1000898800 ns, Reaching safepoint: 102900 ns, At safepoint: 5300 ns, Total: 108200 ns
[2020-10-05T10:34:33.525+0000][34308][safepoint    ] Safepoint "Cleanup", Time since last: 1000782300 ns, Reaching safepoint: 143700 ns, At safepoint: 4500 ns, Total: 148200 ns
[2020-10-05T10:34:34.525+0000][34308][safepoint    ] Safepoint "Cleanup", Time since last: 1000202000 ns, Reaching safepoint: 157000 ns, At safepoint: 4800 ns, Total: 161800 ns
[2020-10-05T10:34:35.526+0000][34308][safepoint    ] Safepoint "Cleanup", Time since last: 1000819400 ns, Reaching safepoint: 137900 ns, At safepoint: 4600 ns, Total: 142500 ns
[2020-10-05T10:34:36.527+0000][34308][safepoint    ] Safepoint "Cleanup", Time since last: 1000493600 ns, Reaching safepoint: 104300 ns, At safepoint: 5000 ns, Total: 109300 ns
[2020-10-05T10:34:37.527+0000][34308][safepoint    ] Safepoint "Cleanup", Time since last: 1000226400 ns, Reaching safepoint: 89700 ns, At safepoint: 3000 ns, Total: 92700 ns
[2020-10-05T10:34:38.528+0000][34308][safepoint    ] Safepoint "Cleanup", Time since last: 1000596200 ns, Reaching safepoint: 175600 ns, At safepoint: 5700 ns, Total: 181300 ns
[2020-10-05T10:34:39.528+0000][34308][safepoint    ] Safepoint "Cleanup", Time since last: 1000468700 ns, Reaching safepoint: 107100 ns, At safepoint: 4400 ns, Total: 111500 ns
[2020-10-05T10:34:41.529+0000][34308][safepoint    ] Safepoint "Cleanup", Time since last: 2000637200 ns, Reaching safepoint: 147200 ns, At safepoint: 4400 ns, Total: 151600 ns
[2020-10-05T10:34:42.529+0000][34308][safepoint    ] Safepoint "Cleanup", Time since last: 1000069700 ns, Reaching safepoint: 170100 ns, At safepoint: 7100 ns, Total: 177200 ns
[2020-10-05T10:34:44.530+0000][34308][safepoint    ] Safepoint "Cleanup", Time since last: 2000517200 ns, Reaching safepoint: 96400 ns, At safepoint: 5800 ns, Total: 102200 ns
[2020-10-05T10:34:45.531+0000][34308][safepoint    ] Safepoint "Cleanup", Time since last: 1000676900 ns, Reaching safepoint: 107400 ns, At safepoint: 5100 ns, Total: 112500 ns
[2020-10-05T10:34:46.532+0000][34308][safepoint    ] Safepoint "Cleanup", Time since last: 1000712600 ns, Reaching safepoint: 120600 ns, At safepoint: 2700 ns, Total: 123300 ns
[2020-10-05T10:34:47.532+0000][34308][safepoint    ] Safepoint "Cleanup", Time since last: 1000439200 ns, Reaching safepoint: 115900 ns, At safepoint: 4600 ns, Total: 120500 ns
[2020-10-05T10:34:48.533+0000][34308][safepoint    ] Safepoint "Cleanup", Time since last: 1000806300 ns, Reaching safepoint: 103500 ns, At safepoint: 5100 ns, Total: 108600 ns
[2020-10-05T10:34:49.534+0000][34308][safepoint    ] Safepoint "Cleanup", Time since last: 1000816500 ns, Reaching safepoint: 122000 ns, At safepoint: 2600 ns, Total: 124600 ns
[2020-10-05T10:34:50.534+0000][34308][safepoint    ] Safepoint "Cleanup", Time since last: 1000184700 ns, Reaching safepoint: 136400 ns, At safepoint: 6000 ns, Total: 142400 ns
[2020-10-05T10:34:51.535+0000][34308][safepoint    ] Safepoint "Cleanup", Time since last: 1000203700 ns, Reaching safepoint: 129800 ns, At safepoint: 6400 ns, Total: 136200 ns
[2020-10-05T10:34:52.535+0000][34308][safepoint    ] Safepoint "Cleanup", Time since last: 1000273000 ns, Reaching safepoint: 173400 ns, At safepoint: 4700 ns, Total: 178100 ns
[2020-10-05T10:34:53.536+0000][34308][safepoint    ] Safepoint "Cleanup", Time since last: 1000756800 ns, Reaching safepoint: 92100 ns, At safepoint: 5500 ns, Total: 97600 ns
[2020-10-05T10:34:54.536+0000][34308][safepoint    ] Safepoint "Cleanup", Time since last: 1000286200 ns, Reaching safepoint: 116000 ns, At safepoint: 5400 ns, Total: 121400 ns
[2020-10-05T10:34:56.537+0000][34308][safepoint    ] Safepoint "Cleanup", Time since last: 1999969100 ns, Reaching safepoint: 124800 ns, At safepoint: 7600 ns, Total: 132400 ns
[2020-10-05T10:34:57.537+0000][34308][safepoint    ] Safepoint "Cleanup", Time since last: 1000706700 ns, Reaching safepoint: 96500 ns, At safepoint: 5700 ns, Total: 102200 ns
[2020-10-05T10:34:58.538+0000][34308][safepoint    ] Safepoint "Cleanup", Time since last: 1000503200 ns, Reaching safepoint: 124700 ns, At safepoint: 5000 ns, Total: 129700 ns
[2020-10-05T10:34:59.539+0000][34308][safepoint    ] Safepoint "Cleanup", Time since last: 1000455900 ns, Reaching safepoint: 116600 ns, At safepoint: 5700 ns, Total: 122300 ns
[2020-10-05T10:35:01.539+0000][34308][safepoint    ] Safepoint "Cleanup", Time since last: 2000778200 ns, Reaching safepoint: 94400 ns, At safepoint: 5200 ns, Total: 99600 ns
[2020-10-05T10:35:02.540+0000][34308][safepoint    ] Safepoint "Cleanup", Time since last: 1000113700 ns, Reaching safepoint: 98500 ns, At safepoint: 5300 ns, Total: 103800 ns
[2020-10-05T10:35:03.541+0000][34308][safepoint    ] Safepoint "Cleanup", Time since last: 1000880300 ns, Reaching safepoint: 157600 ns, At safepoint: 5700 ns, Total: 163300 ns
[2020-10-05T10:35:04.541+0000][34308][safepoint    ] Safepoint "Cleanup", Time since last: 1000628800 ns, Reaching safepoint: 112600 ns, At safepoint: 5300 ns, Total: 117900 ns
[2020-10-05T10:35:05.542+0000][34308][safepoint    ] Safepoint "Cleanup", Time since last: 1000264000 ns, Reaching safepoint: 100900 ns, At safepoint: 3900 ns, Total: 104800 ns
[2020-10-05T10:35:06.542+0000][34308][safepoint    ] Safepoint "Cleanup", Time since last: 1000076400 ns, Reaching safepoint: 97300 ns, At safepoint: 4900 ns, Total: 102200 ns
[2020-10-05T10:35:08.542+0000][34308][safepoint    ] Safepoint "Cleanup", Time since last: 2000194700 ns, Reaching safepoint: 95600 ns, At safepoint: 4400 ns, Total: 100000 ns
[2020-10-05T10:35:09.543+0000][34308][safepoint    ] Safepoint "Cleanup", Time since last: 1000820800 ns, Reaching safepoint: 121900 ns, At safepoint: 7500 ns, Total: 129400 ns
[2020-10-05T10:35:10.544+0000][34308][safepoint    ] Safepoint "Cleanup", Time since last: 1000656000 ns, Reaching safepoint: 99600 ns, At safepoint: 5400 ns, Total: 105000 ns
[2020-10-05T10:35:11.544+0000][34308][safepoint    ] Safepoint "Cleanup", Time since last: 1000104700 ns, Reaching safepoint: 129600 ns, At safepoint: 10300 ns, Total: 139900 ns
[2020-10-05T10:35:12.544+0000][34308][safepoint    ] Safepoint "Cleanup", Time since last: 1000142400 ns, Reaching safepoint: 102900 ns, At safepoint: 3600 ns, Total: 106500 ns
[2020-10-05T10:35:13.545+0000][34308][safepoint    ] Safepoint "Cleanup", Time since last: 1000762500 ns, Reaching safepoint: 106900 ns, At safepoint: 6200 ns, Total: 113100 ns
[2020-10-05T10:35:14.546+0000][34308][safepoint    ] Safepoint "Cleanup", Time since last: 1000363100 ns, Reaching safepoint: 115600 ns, At safepoint: 5600 ns, Total: 121200 ns
[2020-10-05T10:35:15.546+0000][34308][safepoint    ] Safepoint "Cleanup", Time since last: 1000060100 ns, Reaching safepoint: 130700 ns, At safepoint: 6500 ns, Total: 137200 ns
[2020-10-05T10:35:16.546+0000][34308][safepoint    ] Safepoint "Cleanup", Time since last: 1000230000 ns, Reaching safepoint: 156300 ns, At safepoint: 5300 ns, Total: 161600 ns
[2020-10-05T10:35:17.547+0000][34308][safepoint    ] Safepoint "Cleanup", Time since last: 1000566900 ns, Reaching safepoint: 86000 ns, At safepoint: 2800 ns, Total: 88800 ns
[2020-10-05T10:35:18.548+0000][34308][safepoint    ] Safepoint "Cleanup", Time since last: 1000317900 ns, Reaching safepoint: 112900 ns, At safepoint: 4700 ns, Total: 117600 ns
[2020-10-05T10:35:19.548+0000][34308][safepoint    ] Safepoint "Cleanup", Time since last: 1000055400 ns, Reaching safepoint: 147600 ns, At safepoint: 5900 ns, Total: 153500 ns
[2020-10-05T10:35:20.548+0000][34308][safepoint    ] Safepoint "Cleanup", Time since last: 1000468100 ns, Reaching safepoint: 103900 ns, At safepoint: 6400 ns, Total: 110300 ns
[2020-10-05T10:35:21.549+0000][34308][safepoint    ] Safepoint "Cleanup", Time since last: 1000853200 ns, Reaching safepoint: 141900 ns, At safepoint: 7800 ns, Total: 149700 ns
[2020-10-05T10:35:23.550+0000][34308][safepoint    ] Safepoint "Cleanup", Time since last: 2000434300 ns, Reaching safepoint: 170500 ns, At safepoint: 5600 ns, Total: 176100 ns
[2020-10-05T10:35:24.550+0000][34308][safepoint    ] Safepoint "Cleanup", Time since last: 1000128600 ns, Reaching safepoint: 213300 ns, At safepoint: 34800 ns, Total: 248100 ns
[2020-10-05T10:35:26.550+0000][34308][safepoint    ] Safepoint "Cleanup", Time since last: 1999957800 ns, Reaching safepoint: 140800 ns, At safepoint: 5600 ns, Total: 146400 ns
[2020-10-05T10:35:27.551+0000][34308][safepoint    ] Safepoint "Cleanup", Time since last: 1000717500 ns, Reaching safepoint: 96100 ns, At safepoint: 3400 ns, Total: 99500 ns
[2020-10-05T10:35:28.552+0000][34308][safepoint    ] Safepoint "Cleanup", Time since last: 1000830500 ns, Reaching safepoint: 122900 ns, At safepoint: 6200 ns, Total: 129100 ns
[2020-10-05T10:35:29.553+0000][34308][safepoint    ] Safepoint "Cleanup", Time since last: 1000507600 ns, Reaching safepoint: 103600 ns, At safepoint: 5300 ns, Total: 108900 ns
[2020-10-05T10:35:30.554+0000][34308][safepoint    ] Safepoint "Cleanup", Time since last: 1000739100 ns, Reaching safepoint: 166100 ns, At safepoint: 10000 ns, Total: 176100 ns
[2020-10-05T10:35:31.554+0000][34308][safepoint    ] Safepoint "Cleanup", Time since last: 1000588600 ns, Reaching safepoint: 183100 ns, At safepoint: 10700 ns, Total: 193800 ns
[2020-10-05T10:35:32.555+0000][34308][safepoint    ] Safepoint "Cleanup", Time since last: 1000765700 ns, Reaching safepoint: 140400 ns, At safepoint: 6900 ns, Total: 147300 ns
[2020-10-05T10:35:33.556+0000][34308][safepoint    ] Safepoint "Cleanup", Time since last: 1000850500 ns, Reaching safepoint: 141200 ns, At safepoint: 4500 ns, Total: 145700 ns
[2020-10-05T10:35:34.557+0000][34308][safepoint    ] Safepoint "Cleanup", Time since last: 1000691200 ns, Reaching safepoint: 166000 ns, At safepoint: 7200 ns, Total: 173200 ns
[2020-10-05T10:35:36.557+0000][34308][safepoint    ] Safepoint "Cleanup", Time since last: 2000056200 ns, Reaching safepoint: 116900 ns, At safepoint: 5800 ns, Total: 122700 ns
[2020-10-05T10:35:37.558+0000][34308][safepoint    ] Safepoint "Cleanup", Time since last: 1000262100 ns, Reaching safepoint: 128200 ns, At safepoint: 12700 ns, Total: 140900 ns
[2020-10-05T10:35:38.558+0000][34308][safepoint    ] Safepoint "Cleanup", Time since last: 1000433800 ns, Reaching safepoint: 178000 ns, At safepoint: 16800 ns, Total: 194800 ns
[2020-10-05T10:35:39.559+0000][34308][safepoint    ] Safepoint "Cleanup", Time since last: 1000710900 ns, Reaching safepoint: 148700 ns, At safepoint: 6200 ns, Total: 154900 ns
[2020-10-05T10:35:40.560+0000][34308][safepoint    ] Safepoint "Cleanup", Time since last: 1000738500 ns, Reaching safepoint: 357800 ns, At safepoint: 12400 ns, Total: 370200 ns
[2020-10-05T10:35:42.561+0000][34308][safepoint    ] Safepoint "Cleanup", Time since last: 2000434200 ns, Reaching safepoint: 133700 ns, At safepoint: 15000 ns, Total: 148700 ns
[2020-10-05T10:35:43.562+0000][34308][safepoint    ] Safepoint "Cleanup", Time since last: 1000613500 ns, Reaching safepoint: 150300 ns, At safepoint: 4200 ns, Total: 154500 ns
[2020-10-05T10:35:44.562+0000][34308][safepoint    ] Safepoint "Cleanup", Time since last: 1000152700 ns, Reaching safepoint: 149100 ns, At safepoint: 13400 ns, Total: 162500 ns
[2020-10-05T10:35:45.563+0000][34308][safepoint    ] Safepoint "Cleanup", Time since last: 1000533000 ns, Reaching safepoint: 116200 ns, At safepoint: 5800 ns, Total: 122000 ns
[2020-10-05T10:35:47.563+0000][34308][safepoint    ] Safepoint "Cleanup", Time since last: 2000503400 ns, Reaching safepoint: 130600 ns, At safepoint: 5500 ns, Total: 136100 ns
[2020-10-05T10:35:48.564+0000][34308][safepoint    ] Safepoint "Cleanup", Time since last: 1000300200 ns, Reaching safepoint: 103800 ns, At safepoint: 5700 ns, Total: 109500 ns
[2020-10-05T10:35:49.564+0000][34308][safepoint    ] Safepoint "Cleanup", Time since last: 1000395100 ns, Reaching safepoint: 100100 ns, At safepoint: 7000 ns, Total: 107100 ns
[2020-10-05T10:35:51.565+0000][34308][safepoint    ] Safepoint "Cleanup", Time since last: 2000625000 ns, Reaching safepoint: 94200 ns, At safepoint: 3100 ns, Total: 97300 ns
[2020-10-05T10:35:52.566+0000][34308][safepoint    ] Safepoint "Cleanup", Time since last: 1000610300 ns, Reaching safepoint: 114200 ns, At safepoint: 6300 ns, Total: 120500 ns
[2020-10-05T10:35:53.566+0000][34308][safepoint    ] Safepoint "Cleanup", Time since last: 1000325300 ns, Reaching safepoint: 128600 ns, At safepoint: 7100 ns, Total: 135700 ns
[2020-10-05T10:35:54.567+0000][34308][safepoint    ] Safepoint "Cleanup", Time since last: 1000280200 ns, Reaching safepoint: 205100 ns, At safepoint: 28600 ns, Total: 233700 ns
[2020-10-05T10:35:56.567+0000][34308][safepoint    ] Safepoint "Cleanup", Time since last: 2000136200 ns, Reaching safepoint: 136600 ns, At safepoint: 4500 ns, Total: 141100 ns
[2020-10-05T10:35:57.568+0000][34308][safepoint    ] Safepoint "Cleanup", Time since last: 1000575700 ns, Reaching safepoint: 175600 ns, At safepoint: 13200 ns, Total: 188800 ns
[2020-10-05T10:35:59.568+0000][34308][safepoint    ] Safepoint "Cleanup", Time since last: 1999961000 ns, Reaching safepoint: 136100 ns, At safepoint: 8500 ns, Total: 144600 ns
[2020-10-05T10:36:01.568+0000][34308][safepoint    ] Safepoint "Cleanup", Time since last: 2000400500 ns, Reaching safepoint: 89200 ns, At safepoint: 2900 ns, Total: 92100 ns
[2020-10-05T10:36:02.569+0000][34308][safepoint    ] Safepoint "Cleanup", Time since last: 1000583800 ns, Reaching safepoint: 142400 ns, At safepoint: 7700 ns, Total: 150100 ns
[2020-10-05T10:36:03.570+0000][34308][safepoint    ] Safepoint "Cleanup", Time since last: 1000768600 ns, Reaching safepoint: 134300 ns, At safepoint: 5500 ns, Total: 139800 ns
[2020-10-05T10:36:04.570+0000][34308][safepoint    ] Safepoint "Cleanup", Time since last: 1000395600 ns, Reaching safepoint: 400900 ns, At safepoint: 23100 ns, Total: 424000 ns
[2020-10-05T10:36:06.571+0000][34308][safepoint    ] Safepoint "Cleanup", Time since last: 2000251200 ns, Reaching safepoint: 116700 ns, At safepoint: 5800 ns, Total: 122500 ns
[2020-10-05T10:36:07.571+0000][34308][safepoint    ] Safepoint "Cleanup", Time since last: 1000115400 ns, Reaching safepoint: 115300 ns, At safepoint: 7300 ns, Total: 122600 ns
[2020-10-05T10:36:08.572+0000][34308][safepoint    ] Safepoint "Cleanup", Time since last: 1000332300 ns, Reaching safepoint: 110700 ns, At safepoint: 7000 ns, Total: 117700 ns
[2020-10-05T10:36:09.572+0000][34308][safepoint    ] Safepoint "Cleanup", Time since last: 1000052500 ns, Reaching safepoint: 131100 ns, At safepoint: 8300 ns, Total: 139400 ns
[2020-10-05T10:36:10.573+0000][34308][safepoint    ] Safepoint "Cleanup", Time since last: 1000383800 ns, Reaching safepoint: 94200 ns, At safepoint: 5000 ns, Total: 99200 ns
[2020-10-05T10:36:11.573+0000][34308][safepoint    ] Safepoint "Cleanup", Time since last: 1000692300 ns, Reaching safepoint: 114200 ns, At safepoint: 4300 ns, Total: 118500 ns
[2020-10-05T10:36:12.574+0000][34308][safepoint    ] Safepoint "Cleanup", Time since last: 1000394800 ns, Reaching safepoint: 121600 ns, At safepoint: 5200 ns, Total: 126800 ns
[2020-10-05T10:36:13.574+0000][34308][safepoint    ] Safepoint "Cleanup", Time since last: 1000183200 ns, Reaching safepoint: 123100 ns, At safepoint: 6000 ns, Total: 129100 ns
[2020-10-05T10:36:14.575+0000][34308][safepoint    ] Safepoint "Cleanup", Time since last: 1000775700 ns, Reaching safepoint: 170700 ns, At safepoint: 7900 ns, Total: 178600 ns
[2020-10-05T10:36:15.575+0000][34308][safepoint    ] Safepoint "Cleanup", Time since last: 1000105900 ns, Reaching safepoint: 118200 ns, At safepoint: 5300 ns, Total: 123500 ns
[2020-10-05T10:36:16.576+0000][34308][safepoint    ] Safepoint "Cleanup", Time since last: 1000736300 ns, Reaching safepoint: 136400 ns, At safepoint: 6500 ns, Total: 142900 ns
[2020-10-05T10:36:17.577+0000][34308][safepoint    ] Safepoint "Cleanup", Time since last: 1000794500 ns, Reaching safepoint: 111000 ns, At safepoint: 5100 ns, Total: 116100 ns
[2020-10-05T10:36:18.578+0000][34308][safepoint    ] Safepoint "Cleanup", Time since last: 1000571200 ns, Reaching safepoint: 108100 ns, At safepoint: 5900 ns, Total: 114000 ns
[2020-10-05T10:36:19.579+0000][34308][safepoint    ] Safepoint "Cleanup", Time since last: 1000554900 ns, Reaching safepoint: 107700 ns, At safepoint: 4800 ns, Total: 112500 ns
[2020-10-05T10:36:20.579+0000][34308][safepoint    ] Safepoint "Cleanup", Time since last: 1000168400 ns, Reaching safepoint: 205600 ns, At safepoint: 6500 ns, Total: 212100 ns
[2020-10-05T10:36:21.579+0000][34308][safepoint    ] Safepoint "Cleanup", Time since last: 1000428100 ns, Reaching safepoint: 86300 ns, At safepoint: 3400 ns, Total: 89700 ns
[2020-10-05T10:36:22.580+0000][34308][safepoint    ] Safepoint "Cleanup", Time since last: 1000668400 ns, Reaching safepoint: 101100 ns, At safepoint: 5900 ns, Total: 107000 ns
[2020-10-05T10:36:23.581+0000][34308][safepoint    ] Safepoint "Cleanup", Time since last: 1000589000 ns, Reaching safepoint: 107900 ns, At safepoint: 4700 ns, Total: 112600 ns
[2020-10-05T10:36:24.582+0000][34308][safepoint    ] Safepoint "Cleanup", Time since last: 1000559900 ns, Reaching safepoint: 209800 ns, At safepoint: 8100 ns, Total: 217900 ns
[2020-10-05T10:36:25.582+0000][34308][safepoint    ] Safepoint "Cleanup", Time since last: 1000410200 ns, Reaching safepoint: 108800 ns, At safepoint: 4400 ns, Total: 113200 ns
[2020-10-05T10:36:26.583+0000][34308][safepoint    ] Safepoint "Cleanup", Time since last: 1000867400 ns, Reaching safepoint: 95300 ns, At safepoint: 5300 ns, Total: 100600 ns
[2020-10-05T10:36:27.584+0000][34308][safepoint    ] Safepoint "Cleanup", Time since last: 1000452600 ns, Reaching safepoint: 111000 ns, At safepoint: 4600 ns, Total: 115600 ns
[2020-10-05T10:36:28.585+0000][34308][safepoint    ] Safepoint "Cleanup", Time since last: 1000751200 ns, Reaching safepoint: 108200 ns, At safepoint: 7200 ns, Total: 115400 ns
[2020-10-05T10:36:29.585+0000][34308][safepoint    ] Safepoint "Cleanup", Time since last: 1000079000 ns, Reaching safepoint: 164100 ns, At safepoint: 4900 ns, Total: 169000 ns
[2020-10-05T10:36:30.586+0000][34308][safepoint    ] Safepoint "Cleanup", Time since last: 1000640800 ns, Reaching safepoint: 121800 ns, At safepoint: 4900 ns, Total: 126700 ns
[2020-10-05T10:36:31.586+0000][34308][safepoint    ] Safepoint "Cleanup", Time since last: 1000288100 ns, Reaching safepoint: 132400 ns, At safepoint: 5700 ns, Total: 138100 ns
[2020-10-05T10:36:32.587+0000][34308][safepoint    ] Safepoint "Cleanup", Time since last: 1000465900 ns, Reaching safepoint: 115200 ns, At safepoint: 5400 ns, Total: 120600 ns
[2020-10-05T10:36:33.587+0000][34308][safepoint    ] Safepoint "Cleanup", Time since last: 1000722400 ns, Reaching safepoint: 121800 ns, At safepoint: 3700 ns, Total: 125500 ns
[2020-10-05T10:36:34.588+0000][34308][safepoint    ] Safepoint "Cleanup", Time since last: 1000246300 ns, Reaching safepoint: 101800 ns, At safepoint: 5800 ns, Total: 107600 ns
[2020-10-05T10:36:35.588+0000][34308][safepoint    ] Safepoint "Cleanup", Time since last: 1000466600 ns, Reaching safepoint: 119200 ns, At safepoint: 5200 ns, Total: 124400 ns
[2020-10-05T10:36:36.589+0000][34308][safepoint    ] Safepoint "Cleanup", Time since last: 1000830100 ns, Reaching safepoint: 116800 ns, At safepoint: 4600 ns, Total: 121400 ns
[2020-10-05T10:36:38.589+0000][34308][safepoint    ] Safepoint "Cleanup", Time since last: 1999937300 ns, Reaching safepoint: 152000 ns, At safepoint: 5000 ns, Total: 157000 ns
[2020-10-05T10:36:39.590+0000][34308][safepoint    ] Safepoint "Cleanup", Time since last: 1000100800 ns, Reaching safepoint: 132400 ns, At safepoint: 4300 ns, Total: 136700 ns
[2020-10-05T10:36:40.590+0000][34308][safepoint    ] Safepoint "Cleanup", Time since last: 1000317400 ns, Reaching safepoint: 100400 ns, At safepoint: 3600 ns, Total: 104000 ns
[2020-10-05T10:36:41.591+0000][34308][safepoint    ] Safepoint "Cleanup", Time since last: 1000359400 ns, Reaching safepoint: 113200 ns, At safepoint: 11800 ns, Total: 125000 ns
[2020-10-05T10:36:42.591+0000][34308][safepoint    ] Safepoint "Cleanup", Time since last: 1000614200 ns, Reaching safepoint: 104800 ns, At safepoint: 4100 ns, Total: 108900 ns
[2020-10-05T10:36:43.592+0000][34308][safepoint    ] Safepoint "Cleanup", Time since last: 1000789000 ns, Reaching safepoint: 116500 ns, At safepoint: 5000 ns, Total: 121500 ns
[2020-10-05T10:36:44.593+0000][34308][safepoint    ] Safepoint "Cleanup", Time since last: 1000476600 ns, Reaching safepoint: 121000 ns, At safepoint: 7200 ns, Total: 128200 ns
[2020-10-05T10:36:45.593+0000][34308][safepoint    ] Safepoint "Cleanup", Time since last: 1000042700 ns, Reaching safepoint: 111200 ns, At safepoint: 5500 ns, Total: 116700 ns
[2020-10-05T10:36:46.594+0000][34308][safepoint    ] Safepoint "Cleanup", Time since last: 1000547800 ns, Reaching safepoint: 114100 ns, At safepoint: 5700 ns, Total: 119800 ns
[2020-10-05T10:36:47.594+0000][34308][safepoint    ] Safepoint "Cleanup", Time since last: 1000130800 ns, Reaching safepoint: 102900 ns, At safepoint: 5800 ns, Total: 108700 ns
[2020-10-05T10:36:48.595+0000][34308][safepoint    ] Safepoint "Cleanup", Time since last: 1000845500 ns, Reaching safepoint: 113600 ns, At safepoint: 3400 ns, Total: 117000 ns
[2020-10-05T10:36:49.596+0000][34308][safepoint    ] Safepoint "Cleanup", Time since last: 1000808700 ns, Reaching safepoint: 132000 ns, At safepoint: 4600 ns, Total: 136600 ns
[2020-10-05T10:36:51.597+0000][34308][safepoint    ] Safepoint "Cleanup", Time since last: 2000782500 ns, Reaching safepoint: 106800 ns, At safepoint: 5400 ns, Total: 112200 ns
[2020-10-05T10:36:52.597+0000][34308][safepoint    ] Safepoint "Cleanup", Time since last: 1000173900 ns, Reaching safepoint: 156100 ns, At safepoint: 4400 ns, Total: 160500 ns
[2020-10-05T10:36:53.598+0000][34308][safepoint    ] Safepoint "Cleanup", Time since last: 1000728900 ns, Reaching safepoint: 124200 ns, At safepoint: 5400 ns, Total: 129600 ns
[2020-10-05T10:36:54.598+0000][34308][safepoint    ] Safepoint "Cleanup", Time since last: 1000177900 ns, Reaching safepoint: 118900 ns, At safepoint: 4700 ns, Total: 123600 ns
[2020-10-05T10:36:55.599+0000][34308][safepoint    ] Safepoint "Cleanup", Time since last: 1000644100 ns, Reaching safepoint: 137900 ns, At safepoint: 12800 ns, Total: 150700 ns
[2020-10-05T10:36:56.600+0000][34308][safepoint    ] Safepoint "Cleanup", Time since last: 1000653300 ns, Reaching safepoint: 111600 ns, At safepoint: 5500 ns, Total: 117100 ns
[2020-10-05T10:36:58.600+0000][34308][safepoint    ] Safepoint "Cleanup", Time since last: 2000123000 ns, Reaching safepoint: 109900 ns, At safepoint: 4700 ns, Total: 114600 ns
[2020-10-05T10:36:59.601+0000][34308][safepoint    ] Safepoint "Cleanup", Time since last: 1000393100 ns, Reaching safepoint: 126300 ns, At safepoint: 7000 ns, Total: 133300 ns
[2020-10-05T10:37:00.601+0000][34308][safepoint    ] Safepoint "Cleanup", Time since last: 1000258500 ns, Reaching safepoint: 112500 ns, At safepoint: 4900 ns, Total: 117400 ns
[2020-10-05T10:37:01.601+0000][34308][safepoint    ] Safepoint "Cleanup", Time since last: 1000284900 ns, Reaching safepoint: 137700 ns, At safepoint: 5200 ns, Total: 142900 ns
[2020-10-05T10:37:03.602+0000][34308][safepoint    ] Safepoint "Cleanup", Time since last: 2000797500 ns, Reaching safepoint: 119800 ns, At safepoint: 6500 ns, Total: 126300 ns
[2020-10-05T10:37:04.603+0000][34308][safepoint    ] Safepoint "Cleanup", Time since last: 1000445000 ns, Reaching safepoint: 115100 ns, At safepoint: 7100 ns, Total: 122200 ns
[2020-10-05T10:37:05.603+0000][34308][safepoint    ] Safepoint "Cleanup", Time since last: 1000548400 ns, Reaching safepoint: 111100 ns, At safepoint: 6600 ns, Total: 117700 ns
[2020-10-05T10:37:06.604+0000][34308][safepoint    ] Safepoint "Cleanup", Time since last: 1000605000 ns, Reaching safepoint: 113200 ns, At safepoint: 5400 ns, Total: 118600 ns
[2020-10-05T10:37:07.604+0000][34308][safepoint    ] Safepoint "Cleanup", Time since last: 1000014600 ns, Reaching safepoint: 102200 ns, At safepoint: 4200 ns, Total: 106400 ns
[2020-10-05T10:37:08.605+0000][34308][safepoint    ] Safepoint "Cleanup", Time since last: 1000758500 ns, Reaching safepoint: 98500 ns, At safepoint: 3000 ns, Total: 101500 ns
[2020-10-05T10:37:09.606+0000][34308][safepoint    ] Safepoint "Cleanup", Time since last: 1000294900 ns, Reaching safepoint: 107600 ns, At safepoint: 5400 ns, Total: 113000 ns
[2020-10-05T10:37:10.606+0000][34308][safepoint    ] Safepoint "Cleanup", Time since last: 1000282000 ns, Reaching safepoint: 104600 ns, At safepoint: 4800 ns, Total: 109400 ns
[2020-10-05T10:37:11.607+0000][34308][safepoint    ] Safepoint "Cleanup", Time since last: 1000792200 ns, Reaching safepoint: 102900 ns, At safepoint: 4700 ns, Total: 107600 ns
[2020-10-05T10:37:12.607+0000][34308][safepoint    ] Safepoint "Cleanup", Time since last: 1000073300 ns, Reaching safepoint: 109400 ns, At safepoint: 4700 ns, Total: 114100 ns
[2020-10-05T10:37:13.608+0000][34308][safepoint    ] Safepoint "Cleanup", Time since last: 1000876300 ns, Reaching safepoint: 112700 ns, At safepoint: 5500 ns, Total: 118200 ns
[2020-10-05T10:37:14.609+0000][34308][safepoint    ] Safepoint "Cleanup", Time since last: 1000674800 ns, Reaching safepoint: 147600 ns, At safepoint: 5200 ns, Total: 152800 ns
[2020-10-05T10:37:15.609+0000][34308][safepoint    ] Safepoint "Cleanup", Time since last: 1000207700 ns, Reaching safepoint: 147900 ns, At safepoint: 5100 ns, Total: 153000 ns
[2020-10-05T10:37:16.610+0000][34308][safepoint    ] Safepoint "Cleanup", Time since last: 1000469600 ns, Reaching safepoint: 118100 ns, At safepoint: 5900 ns, Total: 124000 ns
[2020-10-05T10:37:17.610+0000][34308][safepoint    ] Safepoint "Cleanup", Time since last: 1000130100 ns, Reaching safepoint: 102300 ns, At safepoint: 3600 ns, Total: 105900 ns
[2020-10-05T10:37:18.611+0000][34308][safepoint    ] Safepoint "Cleanup", Time since last: 1000513200 ns, Reaching safepoint: 101200 ns, At safepoint: 5800 ns, Total: 107000 ns
[2020-10-05T10:37:19.611+0000][34308][safepoint    ] Safepoint "Cleanup", Time since last: 1000418100 ns, Reaching safepoint: 380100 ns, At safepoint: 40000 ns, Total: 420100 ns
[2020-10-05T10:37:21.612+0000][34308][safepoint    ] Safepoint "Cleanup", Time since last: 2000373900 ns, Reaching safepoint: 110500 ns, At safepoint: 3200 ns, Total: 113700 ns
[2020-10-05T10:37:22.612+0000][34308][safepoint    ] Safepoint "Cleanup", Time since last: 1000367100 ns, Reaching safepoint: 131700 ns, At safepoint: 4700 ns, Total: 136400 ns
[2020-10-05T10:37:23.613+0000][34308][safepoint    ] Safepoint "Cleanup", Time since last: 1000447700 ns, Reaching safepoint: 88200 ns, At safepoint: 3200 ns, Total: 91400 ns
[2020-10-05T10:37:25.613+0000][34308][safepoint    ] Safepoint "Cleanup", Time since last: 2000295800 ns, Reaching safepoint: 127500 ns, At safepoint: 7900 ns, Total: 135400 ns
[2020-10-05T10:37:27.614+0000][34308][safepoint    ] Safepoint "Cleanup", Time since last: 2000321900 ns, Reaching safepoint: 117200 ns, At safepoint: 13200 ns, Total: 130400 ns
[2020-10-05T10:37:28.614+0000][34308][safepoint    ] Safepoint "Cleanup", Time since last: 1000366500 ns, Reaching safepoint: 93700 ns, At safepoint: 5600 ns, Total: 99300 ns
[2020-10-05T10:37:29.615+0000][34308][safepoint    ] Safepoint "Cleanup", Time since last: 1000104400 ns, Reaching safepoint: 93700 ns, At safepoint: 3400 ns, Total: 97100 ns
[2020-10-05T10:37:31.615+0000][34308][safepoint    ] Safepoint "Cleanup", Time since last: 2000509800 ns, Reaching safepoint: 98800 ns, At safepoint: 5000 ns, Total: 103800 ns
[2020-10-05T10:37:32.615+0000][34308][safepoint    ] Safepoint "Cleanup", Time since last: 1000039500 ns, Reaching safepoint: 157000 ns, At safepoint: 6400 ns, Total: 163400 ns
[2020-10-05T10:37:33.616+0000][34308][safepoint    ] Safepoint "Cleanup", Time since last: 1000055500 ns, Reaching safepoint: 174900 ns, At safepoint: 7000 ns, Total: 181900 ns
[2020-10-05T10:37:34.617+0000][34308][safepoint    ] Safepoint "Cleanup", Time since last: 1000780700 ns, Reaching safepoint: 101700 ns, At safepoint: 2100 ns, Total: 103800 ns
[2020-10-05T10:37:35.617+0000][34308][safepoint    ] Safepoint "Cleanup", Time since last: 1000229000 ns, Reaching safepoint: 117900 ns, At safepoint: 5400 ns, Total: 123300 ns
[2020-10-05T10:37:36.618+0000][34308][safepoint    ] Safepoint "Cleanup", Time since last: 1000670400 ns, Reaching safepoint: 104000 ns, At safepoint: 4100 ns, Total: 108100 ns
[2020-10-05T10:37:37.619+0000][34308][safepoint    ] Safepoint "Cleanup", Time since last: 1000748500 ns, Reaching safepoint: 122700 ns, At safepoint: 5000 ns, Total: 127700 ns
[2020-10-05T10:37:38.619+0000][34308][safepoint    ] Safepoint "Cleanup", Time since last: 1000459200 ns, Reaching safepoint: 108500 ns, At safepoint: 5400 ns, Total: 113900 ns
[2020-10-05T10:37:39.620+0000][34308][safepoint    ] Safepoint "Cleanup", Time since last: 1000559100 ns, Reaching safepoint: 123800 ns, At safepoint: 21100 ns, Total: 144900 ns
[2020-10-05T10:37:40.620+0000][34308][safepoint    ] Safepoint "Cleanup", Time since last: 1000317200 ns, Reaching safepoint: 125600 ns, At safepoint: 4600 ns, Total: 130200 ns
[2020-10-05T10:37:41.621+0000][34308][safepoint    ] Safepoint "Cleanup", Time since last: 1000813800 ns, Reaching safepoint: 101600 ns, At safepoint: 4800 ns, Total: 106400 ns
[2020-10-05T10:37:42.622+0000][34308][safepoint    ] Safepoint "Cleanup", Time since last: 1000297400 ns, Reaching safepoint: 110600 ns, At safepoint: 5300 ns, Total: 115900 ns
[2020-10-05T10:37:43.622+0000][34308][safepoint    ] Safepoint "Cleanup", Time since last: 1000068400 ns, Reaching safepoint: 171300 ns, At safepoint: 4700 ns, Total: 176000 ns
[2020-10-05T10:37:44.623+0000][34308][safepoint    ] Safepoint "Cleanup", Time since last: 1000661900 ns, Reaching safepoint: 115700 ns, At safepoint: 4700 ns, Total: 120400 ns
[2020-10-05T10:37:45.623+0000][34308][safepoint    ] Safepoint "Cleanup", Time since last: 1000310700 ns, Reaching safepoint: 130800 ns, At safepoint: 7900 ns, Total: 138700 ns
[2020-10-05T10:37:46.623+0000][34308][safepoint    ] Safepoint "Cleanup", Time since last: 1000319000 ns, Reaching safepoint: 109500 ns, At safepoint: 4400 ns, Total: 113900 ns
[2020-10-05T10:37:47.624+0000][34308][safepoint    ] Safepoint "Cleanup", Time since last: 1000056300 ns, Reaching safepoint: 155700 ns, At safepoint: 7400 ns, Total: 163100 ns
[2020-10-05T10:37:48.624+0000][34308][safepoint    ] Safepoint "Cleanup", Time since last: 1000215900 ns, Reaching safepoint: 132300 ns, At safepoint: 5900 ns, Total: 138200 ns
[2020-10-05T10:37:49.624+0000][34308][safepoint    ] Safepoint "Cleanup", Time since last: 1000277600 ns, Reaching safepoint: 146500 ns, At safepoint: 4700 ns, Total: 151200 ns
[2020-10-05T10:37:51.625+0000][34308][safepoint    ] Safepoint "Cleanup", Time since last: 2000171600 ns, Reaching safepoint: 122400 ns, At safepoint: 6600 ns, Total: 129000 ns
[2020-10-05T10:37:52.626+0000][34308][safepoint    ] Safepoint "Cleanup", Time since last: 1000747300 ns, Reaching safepoint: 140400 ns, At safepoint: 5000 ns, Total: 145400 ns
[2020-10-05T10:37:53.627+0000][34308][safepoint    ] Safepoint "Cleanup", Time since last: 1000820100 ns, Reaching safepoint: 105900 ns, At safepoint: 3200 ns, Total: 109100 ns
[2020-10-05T10:37:54.627+0000][34308][safepoint    ] Safepoint "Cleanup", Time since last: 1000511700 ns, Reaching safepoint: 108100 ns, At safepoint: 6100 ns, Total: 114200 ns
[2020-10-05T10:37:55.794+0000][34308][safepoint    ] Safepoint "Cleanup", Time since last: 1166233900 ns, Reaching safepoint: 144700 ns, At safepoint: 4600 ns, Total: 149300 ns
[2020-10-05T10:37:56.794+0000][34308][safepoint    ] Safepoint "Cleanup", Time since last: 1000018000 ns, Reaching safepoint: 112000 ns, At safepoint: 6200 ns, Total: 118200 ns
[2020-10-05T10:37:57.794+0000][34308][safepoint    ] Safepoint "Cleanup", Time since last: 1000342700 ns, Reaching safepoint: 95800 ns, At safepoint: 3500 ns, Total: 99300 ns
[2020-10-05T10:37:58.795+0000][34308][safepoint    ] Safepoint "Cleanup", Time since last: 1000471400 ns, Reaching safepoint: 122200 ns, At safepoint: 4500 ns, Total: 126700 ns
[2020-10-05T10:37:59.795+0000][34308][safepoint    ] Safepoint "Cleanup", Time since last: 1000165300 ns, Reaching safepoint: 132700 ns, At safepoint: 16100 ns, Total: 148800 ns
[2020-10-05T10:38:00.795+0000][34308][safepoint    ] Safepoint "Cleanup", Time since last: 1000104800 ns, Reaching safepoint: 101500 ns, At safepoint: 5200 ns, Total: 106700 ns
[2020-10-05T10:38:01.796+0000][34308][safepoint    ] Safepoint "Cleanup", Time since last: 1000761600 ns, Reaching safepoint: 104300 ns, At safepoint: 5100 ns, Total: 109400 ns
[2020-10-05T10:38:03.797+0000][34308][safepoint    ] Safepoint "Cleanup", Time since last: 2000383600 ns, Reaching safepoint: 110100 ns, At safepoint: 4800 ns, Total: 114900 ns
[2020-10-05T10:38:04.797+0000][34308][safepoint    ] Safepoint "Cleanup", Time since last: 1000176100 ns, Reaching safepoint: 110800 ns, At safepoint: 7400 ns, Total: 118200 ns
[2020-10-05T10:38:05.798+0000][34308][safepoint    ] Safepoint "Cleanup", Time since last: 1000512600 ns, Reaching safepoint: 112500 ns, At safepoint: 4200 ns, Total: 116700 ns
[2020-10-05T10:38:06.799+0000][34308][safepoint    ] Safepoint "Cleanup", Time since last: 1000861200 ns, Reaching safepoint: 91100 ns, At safepoint: 5200 ns, Total: 96300 ns
[2020-10-05T10:38:07.799+0000][34308][safepoint    ] Safepoint "Cleanup", Time since last: 1000430500 ns, Reaching safepoint: 103700 ns, At safepoint: 6200 ns, Total: 109900 ns
[2020-10-05T10:38:08.799+0000][34308][safepoint    ] Safepoint "Cleanup", Time since last: 1000116300 ns, Reaching safepoint: 129500 ns, At safepoint: 6500 ns, Total: 136000 ns
[2020-10-05T10:38:09.800+0000][34308][safepoint    ] Safepoint "Cleanup", Time since last: 1000128300 ns, Reaching safepoint: 123300 ns, At safepoint: 5500 ns, Total: 128800 ns
[2020-10-05T10:38:10.800+0000][34308][safepoint    ] Safepoint "Cleanup", Time since last: 1000506600 ns, Reaching safepoint: 108900 ns, At safepoint: 4700 ns, Total: 113600 ns
[2020-10-05T10:38:11.801+0000][34308][safepoint    ] Safepoint "Cleanup", Time since last: 1000630600 ns, Reaching safepoint: 147500 ns, At safepoint: 3200 ns, Total: 150700 ns
[2020-10-05T10:38:12.802+0000][34308][safepoint    ] Safepoint "Cleanup", Time since last: 1000851600 ns, Reaching safepoint: 126600 ns, At safepoint: 7400 ns, Total: 134000 ns
[2020-10-05T10:38:13.803+0000][34308][safepoint    ] Safepoint "Cleanup", Time since last: 1000338900 ns, Reaching safepoint: 142700 ns, At safepoint: 5300 ns, Total: 148000 ns
[2020-10-05T10:38:14.803+0000][34308][safepoint    ] Safepoint "Cleanup", Time since last: 1000145400 ns, Reaching safepoint: 115100 ns, At safepoint: 5300 ns, Total: 120400 ns
[2020-10-05T10:38:15.804+0000][34308][safepoint    ] Safepoint "Cleanup", Time since last: 1000672600 ns, Reaching safepoint: 105200 ns, At safepoint: 19700 ns, Total: 124900 ns
[2020-10-05T10:38:16.804+0000][34308][safepoint    ] Safepoint "Cleanup", Time since last: 1000718200 ns, Reaching safepoint: 94900 ns, At safepoint: 5100 ns, Total: 100000 ns
[2020-10-05T10:38:17.805+0000][34308][safepoint    ] Safepoint "Cleanup", Time since last: 1000118100 ns, Reaching safepoint: 115800 ns, At safepoint: 4600 ns, Total: 120400 ns
[2020-10-05T10:38:18.806+0000][34308][safepoint    ] Safepoint "Cleanup", Time since last: 1000793800 ns, Reaching safepoint: 122100 ns, At safepoint: 5900 ns, Total: 128000 ns
[2020-10-05T10:38:20.806+0000][34308][safepoint    ] Safepoint "Cleanup", Time since last: 1999997200 ns, Reaching safepoint: 101900 ns, At safepoint: 4400 ns, Total: 106300 ns
[2020-10-05T10:38:21.806+0000][34308][safepoint    ] Safepoint "Cleanup", Time since last: 1000628000 ns, Reaching safepoint: 112800 ns, At safepoint: 5000 ns, Total: 117800 ns
[2020-10-05T10:38:22.807+0000][34308][safepoint    ] Safepoint "Cleanup", Time since last: 1000791100 ns, Reaching safepoint: 106400 ns, At safepoint: 6700 ns, Total: 113100 ns
[2020-10-05T10:38:23.808+0000][34308][safepoint    ] Safepoint "Cleanup", Time since last: 1000596300 ns, Reaching safepoint: 133700 ns, At safepoint: 6600 ns, Total: 140300 ns
[2020-10-05T10:38:25.809+0000][34308][safepoint    ] Safepoint "Cleanup", Time since last: 2000359900 ns, Reaching safepoint: 87700 ns, At safepoint: 4500 ns, Total: 92200 ns
[2020-10-05T10:38:26.809+0000][34308][safepoint    ] Safepoint "Cleanup", Time since last: 1000214200 ns, Reaching safepoint: 115500 ns, At safepoint: 5000 ns, Total: 120500 ns
[2020-10-05T10:38:27.810+0000][34308][safepoint    ] Safepoint "Cleanup", Time since last: 1000876100 ns, Reaching safepoint: 127700 ns, At safepoint: 5500 ns, Total: 133200 ns
[2020-10-05T10:38:28.811+0000][34308][safepoint    ] Safepoint "Cleanup", Time since last: 1000781700 ns, Reaching safepoint: 123500 ns, At safepoint: 7700 ns, Total: 131200 ns
[2020-10-05T10:38:29.812+0000][34308][safepoint    ] Safepoint "Cleanup", Time since last: 1000714100 ns, Reaching safepoint: 129400 ns, At safepoint: 6900 ns, Total: 136300 ns
[2020-10-05T10:38:30.812+0000][34308][safepoint    ] Safepoint "Cleanup", Time since last: 1000650400 ns, Reaching safepoint: 125800 ns, At safepoint: 6000 ns, Total: 131800 ns
[2020-10-05T10:38:31.813+0000][34308][safepoint    ] Safepoint "Cleanup", Time since last: 1000209600 ns, Reaching safepoint: 99300 ns, At safepoint: 5800 ns, Total: 105100 ns
[2020-10-05T10:38:32.813+0000][34308][safepoint    ] Safepoint "Cleanup", Time since last: 1000161900 ns, Reaching safepoint: 103200 ns, At safepoint: 5800 ns, Total: 109000 ns
[2020-10-05T10:38:33.814+0000][34308][safepoint    ] Safepoint "Cleanup", Time since last: 1000655500 ns, Reaching safepoint: 121300 ns, At safepoint: 5200 ns, Total: 126500 ns
[2020-10-05T10:38:35.814+0000][34308][safepoint    ] Safepoint "Cleanup", Time since last: 2000443700 ns, Reaching safepoint: 95300 ns, At safepoint: 4200 ns, Total: 99500 ns
[2020-10-05T10:38:36.815+0000][34308][safepoint    ] Safepoint "Cleanup", Time since last: 1000492500 ns, Reaching safepoint: 160800 ns, At safepoint: 4400 ns, Total: 165200 ns
[2020-10-05T10:38:37.816+0000][34308][safepoint    ] Safepoint "Cleanup", Time since last: 1000796700 ns, Reaching safepoint: 139100 ns, At safepoint: 8200 ns, Total: 147300 ns
[2020-10-05T10:38:38.817+0000][34308][safepoint    ] Safepoint "Cleanup", Time since last: 1000654000 ns, Reaching safepoint: 513300 ns, At safepoint: 30400 ns, Total: 543700 ns
[2020-10-05T10:38:40.818+0000][34308][safepoint    ] Safepoint "Cleanup", Time since last: 2000572400 ns, Reaching safepoint: 294200 ns, At safepoint: 10700 ns, Total: 304900 ns
[2020-10-05T10:38:41.819+0000][34308][safepoint    ] Safepoint "Cleanup", Time since last: 1000378000 ns, Reaching safepoint: 110900 ns, At safepoint: 5400 ns, Total: 116300 ns
[2020-10-05T10:38:42.819+0000][34308][safepoint    ] Safepoint "Cleanup", Time since last: 1000873800 ns, Reaching safepoint: 100500 ns, At safepoint: 5100 ns, Total: 105600 ns
[2020-10-05T10:38:43.820+0000][34308][safepoint    ] Safepoint "Cleanup", Time since last: 1000403500 ns, Reaching safepoint: 117400 ns, At safepoint: 5300 ns, Total: 122700 ns
[2020-10-05T10:38:44.820+0000][34308][safepoint    ] Safepoint "Cleanup", Time since last: 1000166000 ns, Reaching safepoint: 138700 ns, At safepoint: 7300 ns, Total: 146000 ns
[2020-10-05T10:38:45.821+0000][34308][safepoint    ] Safepoint "Cleanup", Time since last: 1000294100 ns, Reaching safepoint: 125200 ns, At safepoint: 4000 ns, Total: 129200 ns
[2020-10-05T10:38:46.821+0000][34308][safepoint    ] Safepoint "Cleanup", Time since last: 1000267000 ns, Reaching safepoint: 146800 ns, At safepoint: 5800 ns, Total: 152600 ns
[2020-10-05T10:38:47.822+0000][34308][safepoint    ] Safepoint "Cleanup", Time since last: 1000428400 ns, Reaching safepoint: 101000 ns, At safepoint: 19500 ns, Total: 120500 ns
[2020-10-05T10:38:48.822+0000][34308][safepoint    ] Safepoint "Cleanup", Time since last: 1000234400 ns, Reaching safepoint: 103300 ns, At safepoint: 4500 ns, Total: 107800 ns
[2020-10-05T10:38:49.823+0000][34308][safepoint    ] Safepoint "Cleanup", Time since last: 1000866500 ns, Reaching safepoint: 110200 ns, At safepoint: 5700 ns, Total: 115900 ns
[2020-10-05T10:38:50.824+0000][34308][safepoint    ] Safepoint "Cleanup", Time since last: 1000373100 ns, Reaching safepoint: 99100 ns, At safepoint: 5600 ns, Total: 104700 ns
[2020-10-05T10:38:52.825+0000][34308][safepoint    ] Safepoint "Cleanup", Time since last: 2000901200 ns, Reaching safepoint: 112100 ns, At safepoint: 4500 ns, Total: 116600 ns
[2020-10-05T10:38:53.825+0000][34308][safepoint    ] Safepoint "Cleanup", Time since last: 1000204300 ns, Reaching safepoint: 89500 ns, At safepoint: 2700 ns, Total: 92200 ns
[2020-10-05T10:38:54.825+0000][34308][safepoint    ] Safepoint "Cleanup", Time since last: 1000155600 ns, Reaching safepoint: 98100 ns, At safepoint: 3500 ns, Total: 101600 ns
[2020-10-05T10:38:55.826+0000][34308][safepoint    ] Safepoint "Cleanup", Time since last: 1000786800 ns, Reaching safepoint: 105000 ns, At safepoint: 5000 ns, Total: 110000 ns
[2020-10-05T10:38:56.826+0000][34308][safepoint    ] Safepoint "Cleanup", Time since last: 1000011300 ns, Reaching safepoint: 129800 ns, At safepoint: 6500 ns, Total: 136300 ns
[2020-10-05T10:38:57.827+0000][34308][safepoint    ] Safepoint "Cleanup", Time since last: 1000354500 ns, Reaching safepoint: 169600 ns, At safepoint: 7100 ns, Total: 176700 ns
[2020-10-05T10:38:58.827+0000][34308][safepoint    ] Safepoint "Cleanup", Time since last: 1000064200 ns, Reaching safepoint: 119800 ns, At safepoint: 7800 ns, Total: 127600 ns
[2020-10-05T10:38:59.827+0000][34308][safepoint    ] Safepoint "Cleanup", Time since last: 1000409400 ns, Reaching safepoint: 100100 ns, At safepoint: 4900 ns, Total: 105000 ns
[2020-10-05T10:39:00.828+0000][34308][safepoint    ] Safepoint "Cleanup", Time since last: 1000428200 ns, Reaching safepoint: 101600 ns, At safepoint: 4900 ns, Total: 106500 ns
[2020-10-05T10:39:01.829+0000][34308][safepoint    ] Safepoint "Cleanup", Time since last: 1000743100 ns, Reaching safepoint: 127100 ns, At safepoint: 3700 ns, Total: 130800 ns
[2020-10-05T10:39:02.830+0000][34308][safepoint    ] Safepoint "Cleanup", Time since last: 1000859100 ns, Reaching safepoint: 119500 ns, At safepoint: 8600 ns, Total: 128100 ns
[2020-10-05T10:39:04.830+0000][34308][safepoint    ] Safepoint "Cleanup", Time since last: 2000112600 ns, Reaching safepoint: 115100 ns, At safepoint: 5400 ns, Total: 120500 ns
[2020-10-05T10:39:05.831+0000][34308][safepoint    ] Safepoint "Cleanup", Time since last: 1000808500 ns, Reaching safepoint: 109700 ns, At safepoint: 3500 ns, Total: 113200 ns
[2020-10-05T10:39:06.832+0000][34308][safepoint    ] Safepoint "Cleanup", Time since last: 1000554900 ns, Reaching safepoint: 101900 ns, At safepoint: 5100 ns, Total: 107000 ns
[2020-10-05T10:39:07.832+0000][34308][safepoint    ] Safepoint "Cleanup", Time since last: 1000631300 ns, Reaching safepoint: 155300 ns, At safepoint: 18800 ns, Total: 174100 ns
[2020-10-05T10:39:08.833+0000][34308][safepoint    ] Safepoint "Cleanup", Time since last: 1000425300 ns, Reaching safepoint: 113400 ns, At safepoint: 5300 ns, Total: 118700 ns
[2020-10-05T10:39:09.834+0000][34308][safepoint    ] Safepoint "Cleanup", Time since last: 1000852700 ns, Reaching safepoint: 119200 ns, At safepoint: 7700 ns, Total: 126900 ns
[2020-10-05T10:39:11.835+0000][34308][safepoint    ] Safepoint "Cleanup", Time since last: 2000915000 ns, Reaching safepoint: 116000 ns, At safepoint: 4700 ns, Total: 120700 ns
[2020-10-05T10:39:12.835+0000][34308][safepoint    ] Safepoint "Cleanup", Time since last: 1000304400 ns, Reaching safepoint: 190300 ns, At safepoint: 5200 ns, Total: 195500 ns
[2020-10-05T10:39:13.836+0000][34308][safepoint    ] Safepoint "Cleanup", Time since last: 1000774700 ns, Reaching safepoint: 107600 ns, At safepoint: 5100 ns, Total: 112700 ns
[2020-10-05T10:39:14.837+0000][34308][safepoint    ] Safepoint "Cleanup", Time since last: 1000173600 ns, Reaching safepoint: 97800 ns, At safepoint: 6300 ns, Total: 104100 ns
[2020-10-05T10:39:15.837+0000][34308][safepoint    ] Safepoint "Cleanup", Time since last: 1000169000 ns, Reaching safepoint: 107000 ns, At safepoint: 4700 ns, Total: 111700 ns
[2020-10-05T10:39:16.837+0000][34308][safepoint    ] Safepoint "Cleanup", Time since last: 1000244500 ns, Reaching safepoint: 93000 ns, At safepoint: 3300 ns, Total: 96300 ns
[2020-10-05T10:39:17.838+0000][34308][safepoint    ] Safepoint "Cleanup", Time since last: 1000722500 ns, Reaching safepoint: 120000 ns, At safepoint: 5300 ns, Total: 125300 ns
[2020-10-05T10:39:18.839+0000][34308][safepoint    ] Safepoint "Cleanup", Time since last: 1000349800 ns, Reaching safepoint: 105600 ns, At safepoint: 4500 ns, Total: 110100 ns
[2020-10-05T10:39:19.839+0000][34308][safepoint    ] Safepoint "Cleanup", Time since last: 1000851900 ns, Reaching safepoint: 127100 ns, At safepoint: 4400 ns, Total: 131500 ns
[2020-10-05T10:39:20.840+0000][34308][safepoint    ] Safepoint "Cleanup", Time since last: 1000737500 ns, Reaching safepoint: 230200 ns, At safepoint: 6600 ns, Total: 236800 ns
[2020-10-05T10:39:21.841+0000][34308][safepoint    ] Safepoint "Cleanup", Time since last: 1000405400 ns, Reaching safepoint: 113500 ns, At safepoint: 5200 ns, Total: 118700 ns
[2020-10-05T10:39:22.842+0000][34308][safepoint    ] Safepoint "Cleanup", Time since last: 1000878500 ns, Reaching safepoint: 105400 ns, At safepoint: 3800 ns, Total: 109200 ns
[2020-10-05T10:39:23.842+0000][34308][safepoint    ] Safepoint "Cleanup", Time since last: 1000293900 ns, Reaching safepoint: 164900 ns, At safepoint: 6700 ns, Total: 171600 ns
[2020-10-05T10:39:24.843+0000][34308][safepoint    ] Safepoint "Cleanup", Time since last: 1000389900 ns, Reaching safepoint: 187100 ns, At safepoint: 6100 ns, Total: 193200 ns
[2020-10-05T10:39:25.844+0000][34308][safepoint    ] Safepoint "Cleanup", Time since last: 1000741500 ns, Reaching safepoint: 113300 ns, At safepoint: 6700 ns, Total: 120000 ns
[2020-10-05T10:39:26.845+0000][34308][safepoint    ] Safepoint "Cleanup", Time since last: 1000726500 ns, Reaching safepoint: 442100 ns, At safepoint: 26600 ns, Total: 468700 ns
[2020-10-05T10:39:27.845+0000][34308][safepoint    ] Safepoint "Cleanup", Time since last: 1000132300 ns, Reaching safepoint: 126200 ns, At safepoint: 5000 ns, Total: 131200 ns
[2020-10-05T10:39:29.366+0000][34308][safepoint    ] Safepoint "Cleanup", Time since last: 1520670900 ns, Reaching safepoint: 130900 ns, At safepoint: 5100 ns, Total: 136000 ns
[2020-10-05T10:39:30.367+0000][34308][safepoint    ] Safepoint "Cleanup", Time since last: 1000774600 ns, Reaching safepoint: 150800 ns, At safepoint: 5700 ns, Total: 156500 ns
[2020-10-05T10:39:31.368+0000][34308][safepoint    ] Safepoint "Cleanup", Time since last: 1000389300 ns, Reaching safepoint: 146400 ns, At safepoint: 7600 ns, Total: 154000 ns
[2020-10-05T10:39:32.368+0000][34308][safepoint    ] Safepoint "Cleanup", Time since last: 1000674500 ns, Reaching safepoint: 84400 ns, At safepoint: 3600 ns, Total: 88000 ns
[2020-10-05T10:39:33.369+0000][34308][safepoint    ] Safepoint "Cleanup", Time since last: 1000080500 ns, Reaching safepoint: 142900 ns, At safepoint: 6800 ns, Total: 149700 ns
[2020-10-05T10:39:34.369+0000][34308][safepoint    ] Safepoint "Cleanup", Time since last: 1000042200 ns, Reaching safepoint: 179200 ns, At safepoint: 4300 ns, Total: 183500 ns
[2020-10-05T10:39:35.369+0000][34308][safepoint    ] Safepoint "Cleanup", Time since last: 1000351900 ns, Reaching safepoint: 159500 ns, At safepoint: 4700 ns, Total: 164200 ns
[2020-10-05T10:39:36.370+0000][34308][safepoint    ] Safepoint "Cleanup", Time since last: 1000481300 ns, Reaching safepoint: 96000 ns, At safepoint: 5800 ns, Total: 101800 ns
[2020-10-05T10:39:38.371+0000][34308][safepoint    ] Safepoint "Cleanup", Time since last: 2000909700 ns, Reaching safepoint: 116900 ns, At safepoint: 4600 ns, Total: 121500 ns
[2020-10-05T10:39:40.371+0000][34308][safepoint    ] Safepoint "Cleanup", Time since last: 2000231100 ns, Reaching safepoint: 135500 ns, At safepoint: 5500 ns, Total: 141000 ns
[2020-10-05T10:39:41.372+0000][34308][safepoint    ] Safepoint "Cleanup", Time since last: 1000771900 ns, Reaching safepoint: 109400 ns, At safepoint: 9800 ns, Total: 119200 ns
[2020-10-05T10:39:42.372+0000][34308][safepoint    ] Safepoint "Cleanup", Time since last: 1000061800 ns, Reaching safepoint: 97300 ns, At safepoint: 5500 ns, Total: 102800 ns
[2020-10-05T10:39:43.373+0000][34308][safepoint    ] Safepoint "Cleanup", Time since last: 1000751700 ns, Reaching safepoint: 131400 ns, At safepoint: 6300 ns, Total: 137700 ns
[2020-10-05T10:39:44.374+0000][34308][safepoint    ] Safepoint "Cleanup", Time since last: 1000781800 ns, Reaching safepoint: 121300 ns, At safepoint: 5600 ns, Total: 126900 ns
[2020-10-05T10:39:45.375+0000][34308][safepoint    ] Safepoint "Cleanup", Time since last: 1000308100 ns, Reaching safepoint: 201000 ns, At safepoint: 7000 ns, Total: 208000 ns
[2020-10-05T10:39:46.375+0000][34308][safepoint    ] Safepoint "Cleanup", Time since last: 1000603800 ns, Reaching safepoint: 105300 ns, At safepoint: 4500 ns, Total: 109800 ns
[2020-10-05T10:39:47.376+0000][34308][safepoint    ] Safepoint "Cleanup", Time since last: 1000450600 ns, Reaching safepoint: 130500 ns, At safepoint: 38800 ns, Total: 169300 ns
[2020-10-05T10:39:48.376+0000][34308][safepoint    ] Safepoint "Cleanup", Time since last: 1000179600 ns, Reaching safepoint: 99100 ns, At safepoint: 6000 ns, Total: 105100 ns
[2020-10-05T10:39:49.377+0000][34308][safepoint    ] Safepoint "Cleanup", Time since last: 1000573300 ns, Reaching safepoint: 112200 ns, At safepoint: 5000 ns, Total: 117200 ns
[2020-10-05T10:39:50.378+0000][34308][safepoint    ] Safepoint "Cleanup", Time since last: 1000760200 ns, Reaching safepoint: 147700 ns, At safepoint: 5500 ns, Total: 153200 ns
[2020-10-05T10:39:51.378+0000][34308][safepoint    ] Safepoint "Cleanup", Time since last: 1000093000 ns, Reaching safepoint: 120300 ns, At safepoint: 7100 ns, Total: 127400 ns
[2020-10-05T10:39:52.379+0000][34308][safepoint    ] Safepoint "Cleanup", Time since last: 1000421800 ns, Reaching safepoint: 108100 ns, At safepoint: 5400 ns, Total: 113500 ns
[2020-10-05T10:39:53.379+0000][34308][safepoint    ] Safepoint "Cleanup", Time since last: 1000022400 ns, Reaching safepoint: 95600 ns, At safepoint: 6200 ns, Total: 101800 ns
[2020-10-05T10:39:54.379+0000][34308][safepoint    ] Safepoint "Cleanup", Time since last: 1000213300 ns, Reaching safepoint: 105100 ns, At safepoint: 2900 ns, Total: 108000 ns
[2020-10-05T10:39:55.379+0000][34308][safepoint    ] Safepoint "Cleanup", Time since last: 1000111700 ns, Reaching safepoint: 129100 ns, At safepoint: 4900 ns, Total: 134000 ns
[2020-10-05T10:39:56.380+0000][34308][safepoint    ] Safepoint "Cleanup", Time since last: 1000587400 ns, Reaching safepoint: 124200 ns, At safepoint: 5300 ns, Total: 129500 ns
[2020-10-05T10:39:57.381+0000][34308][safepoint    ] Safepoint "Cleanup", Time since last: 1000326400 ns, Reaching safepoint: 136400 ns, At safepoint: 4400 ns, Total: 140800 ns
[2020-10-05T10:39:58.382+0000][34308][safepoint    ] Safepoint "Cleanup", Time since last: 1000917300 ns, Reaching safepoint: 96900 ns, At safepoint: 5100 ns, Total: 102000 ns
[2020-10-05T10:39:59.383+0000][34308][safepoint    ] Safepoint "Cleanup", Time since last: 1000812000 ns, Reaching safepoint: 86700 ns, At safepoint: 2600 ns, Total: 89300 ns
[2020-10-05T10:40:00.383+0000][34308][safepoint    ] Safepoint "Cleanup", Time since last: 1000788000 ns, Reaching safepoint: 117600 ns, At safepoint: 5000 ns, Total: 122600 ns
[2020-10-05T10:40:01.384+0000][34308][safepoint    ] Safepoint "Cleanup", Time since last: 1000744300 ns, Reaching safepoint: 97500 ns, At safepoint: 4700 ns, Total: 102200 ns
[2020-10-05T10:40:02.385+0000][34308][safepoint    ] Safepoint "Cleanup", Time since last: 1000718100 ns, Reaching safepoint: 114800 ns, At safepoint: 6500 ns, Total: 121300 ns
[2020-10-05T10:40:03.386+0000][34308][safepoint    ] Safepoint "Cleanup", Time since last: 1000207400 ns, Reaching safepoint: 130100 ns, At safepoint: 6800 ns, Total: 136900 ns
[2020-10-05T10:40:04.386+0000][34308][safepoint    ] Safepoint "Cleanup", Time since last: 1000170700 ns, Reaching safepoint: 94000 ns, At safepoint: 2700 ns, Total: 96700 ns
[2020-10-05T10:40:05.386+0000][34308][safepoint    ] Safepoint "Cleanup", Time since last: 1000250600 ns, Reaching safepoint: 117300 ns, At safepoint: 8000 ns, Total: 125300 ns
[2020-10-05T10:40:06.387+0000][34308][safepoint    ] Safepoint "Cleanup", Time since last: 1000542200 ns, Reaching safepoint: 191300 ns, At safepoint: 5700 ns, Total: 197000 ns
[2020-10-05T10:40:07.387+0000][34308][safepoint    ] Safepoint "Cleanup", Time since last: 1000438200 ns, Reaching safepoint: 107300 ns, At safepoint: 5600 ns, Total: 112900 ns
[2020-10-05T10:40:09.389+0000][34308][safepoint    ] Safepoint "Cleanup", Time since last: 2000974400 ns, Reaching safepoint: 209200 ns, At safepoint: 14000 ns, Total: 223200 ns
[2020-10-05T10:40:10.389+0000][34308][safepoint    ] Safepoint "Cleanup", Time since last: 1000543800 ns, Reaching safepoint: 209700 ns, At safepoint: 7700 ns, Total: 217400 ns
[2020-10-05T10:40:11.390+0000][34308][safepoint    ] Safepoint "Cleanup", Time since last: 1000516600 ns, Reaching safepoint: 120900 ns, At safepoint: 5900 ns, Total: 126800 ns
[2020-10-05T10:40:12.391+0000][34308][safepoint    ] Safepoint "Cleanup", Time since last: 1000732600 ns, Reaching safepoint: 101000 ns, At safepoint: 4800 ns, Total: 105800 ns
[2020-10-05T10:40:13.392+0000][34308][safepoint    ] Safepoint "Cleanup", Time since last: 1000607500 ns, Reaching safepoint: 119400 ns, At safepoint: 4800 ns, Total: 124200 ns
[2020-10-05T10:40:14.392+0000][34308][safepoint    ] Safepoint "Cleanup", Time since last: 1000502400 ns, Reaching safepoint: 153300 ns, At safepoint: 5700 ns, Total: 159000 ns
[2020-10-05T10:40:15.393+0000][34308][safepoint    ] Safepoint "Cleanup", Time since last: 1000358000 ns, Reaching safepoint: 120900 ns, At safepoint: 5000 ns, Total: 125900 ns
[2020-10-05T10:40:16.393+0000][34308][safepoint    ] Safepoint "Cleanup", Time since last: 1000560300 ns, Reaching safepoint: 172800 ns, At safepoint: 4600 ns, Total: 177400 ns
[2020-10-05T10:40:17.394+0000][34308][safepoint    ] Safepoint "Cleanup", Time since last: 1000690300 ns, Reaching safepoint: 105600 ns, At safepoint: 6300 ns, Total: 111900 ns
[2020-10-05T10:40:18.395+0000][34308][safepoint    ] Safepoint "Cleanup", Time since last: 1000484800 ns, Reaching safepoint: 121200 ns, At safepoint: 5200 ns, Total: 126400 ns
[2020-10-05T10:40:19.396+0000][34308][safepoint    ] Safepoint "Cleanup", Time since last: 1000581700 ns, Reaching safepoint: 124800 ns, At safepoint: 5200 ns, Total: 130000 ns
[2020-10-05T10:40:20.396+0000][34308][safepoint    ] Safepoint "Cleanup", Time since last: 1000581900 ns, Reaching safepoint: 139800 ns, At safepoint: 6500 ns, Total: 146300 ns
[2020-10-05T10:40:21.397+0000][34308][safepoint    ] Safepoint "Cleanup", Time since last: 1000024000 ns, Reaching safepoint: 118200 ns, At safepoint: 5500 ns, Total: 123700 ns
[2020-10-05T10:40:23.398+0000][34308][safepoint    ] Safepoint "Cleanup", Time since last: 2000928400 ns, Reaching safepoint: 109400 ns, At safepoint: 4700 ns, Total: 114100 ns
[2020-10-05T10:40:24.399+0000][34308][safepoint    ] Safepoint "Cleanup", Time since last: 1000844600 ns, Reaching safepoint: 88500 ns, At safepoint: 2400 ns, Total: 90900 ns
[2020-10-05T10:40:25.399+0000][34308][safepoint    ] Safepoint "Cleanup", Time since last: 1000504100 ns, Reaching safepoint: 106100 ns, At safepoint: 4600 ns, Total: 110700 ns
[2020-10-05T10:40:26.400+0000][34308][safepoint    ] Safepoint "Cleanup", Time since last: 1000717400 ns, Reaching safepoint: 113900 ns, At safepoint: 5500 ns, Total: 119400 ns
[2020-10-05T10:40:27.400+0000][34308][safepoint    ] Safepoint "Cleanup", Time since last: 1000292100 ns, Reaching safepoint: 160100 ns, At safepoint: 4700 ns, Total: 164800 ns
[2020-10-05T10:40:28.401+0000][34308][safepoint    ] Safepoint "Cleanup", Time since last: 1000247900 ns, Reaching safepoint: 158800 ns, At safepoint: 7200 ns, Total: 166000 ns
[2020-10-05T10:40:29.401+0000][34308][safepoint    ] Safepoint "Cleanup", Time since last: 1000438500 ns, Reaching safepoint: 81900 ns, At safepoint: 5600 ns, Total: 87500 ns
[2020-10-05T10:40:30.402+0000][34308][safepoint    ] Safepoint "Cleanup", Time since last: 1000472300 ns, Reaching safepoint: 136600 ns, At safepoint: 6300 ns, Total: 142900 ns
[2020-10-05T10:40:31.403+0000][34308][safepoint    ] Safepoint "Cleanup", Time since last: 1000610700 ns, Reaching safepoint: 155500 ns, At safepoint: 5800 ns, Total: 161300 ns
[2020-10-05T10:40:32.403+0000][34308][safepoint    ] Safepoint "Cleanup", Time since last: 1000321100 ns, Reaching safepoint: 110100 ns, At safepoint: 13900 ns, Total: 124000 ns
[2020-10-05T10:40:33.404+0000][34308][safepoint    ] Safepoint "Cleanup", Time since last: 1000573100 ns, Reaching safepoint: 147200 ns, At safepoint: 6600 ns, Total: 153800 ns
[2020-10-05T10:40:34.405+0000][34308][safepoint    ] Safepoint "Cleanup", Time since last: 1000758300 ns, Reaching safepoint: 107200 ns, At safepoint: 5600 ns, Total: 112800 ns
[2020-10-05T10:40:35.405+0000][34308][safepoint    ] Safepoint "Cleanup", Time since last: 1000133300 ns, Reaching safepoint: 104300 ns, At safepoint: 5500 ns, Total: 109800 ns
[2020-10-05T10:40:36.405+0000][34308][safepoint    ] Safepoint "Cleanup", Time since last: 1000342200 ns, Reaching safepoint: 97900 ns, At safepoint: 6100 ns, Total: 104000 ns
[2020-10-05T10:40:37.406+0000][34308][safepoint    ] Safepoint "Cleanup", Time since last: 1000736100 ns, Reaching safepoint: 93900 ns, At safepoint: 6100 ns, Total: 100000 ns
[2020-10-05T10:40:38.407+0000][34308][safepoint    ] Safepoint "Cleanup", Time since last: 1000461600 ns, Reaching safepoint: 125400 ns, At safepoint: 5000 ns, Total: 130400 ns
[2020-10-05T10:40:40.407+0000][34308][safepoint    ] Safepoint "Cleanup", Time since last: 2000213500 ns, Reaching safepoint: 109000 ns, At safepoint: 5300 ns, Total: 114300 ns
[2020-10-05T10:40:41.408+0000][34308][safepoint    ] Safepoint "Cleanup", Time since last: 1000365500 ns, Reaching safepoint: 102900 ns, At safepoint: 6800 ns, Total: 109700 ns
[2020-10-05T10:40:42.408+0000][34308][safepoint    ] Safepoint "Cleanup", Time since last: 1000180600 ns, Reaching safepoint: 108100 ns, At safepoint: 9900 ns, Total: 118000 ns
[2020-10-05T10:40:43.409+0000][34308][safepoint    ] Safepoint "Cleanup", Time since last: 1000689500 ns, Reaching safepoint: 93000 ns, At safepoint: 4600 ns, Total: 97600 ns
[2020-10-05T10:40:44.409+0000][34308][safepoint    ] Safepoint "Cleanup", Time since last: 1000077300 ns, Reaching safepoint: 116600 ns, At safepoint: 4800 ns, Total: 121400 ns
[2020-10-05T10:40:46.410+0000][34308][safepoint    ] Safepoint "Cleanup", Time since last: 2000657300 ns, Reaching safepoint: 109200 ns, At safepoint: 5600 ns, Total: 114800 ns
[2020-10-05T10:40:48.410+0000][34308][safepoint    ] Safepoint "Cleanup", Time since last: 2000260000 ns, Reaching safepoint: 175600 ns, At safepoint: 4900 ns, Total: 180500 ns
[2020-10-05T10:40:49.411+0000][34308][safepoint    ] Safepoint "Cleanup", Time since last: 1000649400 ns, Reaching safepoint: 97200 ns, At safepoint: 5500 ns, Total: 102700 ns
[2020-10-05T10:40:50.411+0000][34308][safepoint    ] Safepoint "Cleanup", Time since last: 1000028200 ns, Reaching safepoint: 98200 ns, At safepoint: 4800 ns, Total: 103000 ns
[2020-10-05T10:40:51.411+0000][34308][safepoint    ] Safepoint "Cleanup", Time since last: 1000024500 ns, Reaching safepoint: 99700 ns, At safepoint: 4800 ns, Total: 104500 ns
[2020-10-05T10:40:52.412+0000][34308][safepoint    ] Safepoint "Cleanup", Time since last: 1000454800 ns, Reaching safepoint: 119400 ns, At safepoint: 5400 ns, Total: 124800 ns
[2020-10-05T10:40:53.412+0000][34308][safepoint    ] Safepoint "Cleanup", Time since last: 1000099200 ns, Reaching safepoint: 97600 ns, At safepoint: 4400 ns, Total: 102000 ns
[2020-10-05T10:40:54.413+0000][34308][safepoint    ] Safepoint "Cleanup", Time since last: 1000832300 ns, Reaching safepoint: 107700 ns, At safepoint: 5100 ns, Total: 112800 ns
[2020-10-05T10:40:55.413+0000][34308][safepoint    ] Safepoint "Cleanup", Time since last: 1000171400 ns, Reaching safepoint: 108600 ns, At safepoint: 4400 ns, Total: 113000 ns
[2020-10-05T10:40:56.414+0000][34308][safepoint    ] Safepoint "Cleanup", Time since last: 1000528600 ns, Reaching safepoint: 113900 ns, At safepoint: 6000 ns, Total: 119900 ns
[2020-10-05T10:40:57.415+0000][34308][safepoint    ] Safepoint "Cleanup", Time since last: 1000607100 ns, Reaching safepoint: 85300 ns, At safepoint: 3000 ns, Total: 88300 ns
[2020-10-05T10:40:58.415+0000][34308][safepoint    ] Safepoint "Cleanup", Time since last: 1000538700 ns, Reaching safepoint: 113400 ns, At safepoint: 4400 ns, Total: 117800 ns
[2020-10-05T10:40:59.415+0000][34308][safepoint    ] Safepoint "Cleanup", Time since last: 1000099300 ns, Reaching safepoint: 101600 ns, At safepoint: 4500 ns, Total: 106100 ns
[2020-10-05T10:41:01.415+0000][34308][safepoint    ] Safepoint "Cleanup", Time since last: 1999937100 ns, Reaching safepoint: 108400 ns, At safepoint: 5000 ns, Total: 113400 ns
[2020-10-05T10:41:02.416+0000][34308][safepoint    ] Safepoint "Cleanup", Time since last: 1000355700 ns, Reaching safepoint: 121400 ns, At safepoint: 6000 ns, Total: 127400 ns
[2020-10-05T10:41:04.416+0000][34308][safepoint    ] Safepoint "Cleanup", Time since last: 2000310000 ns, Reaching safepoint: 161000 ns, At safepoint: 5400 ns, Total: 166400 ns
[2020-10-05T10:41:05.417+0000][34308][safepoint    ] Safepoint "Cleanup", Time since last: 1000438500 ns, Reaching safepoint: 134800 ns, At safepoint: 4600 ns, Total: 139400 ns
[2020-10-05T10:41:07.418+0000][34308][safepoint    ] Safepoint "Cleanup", Time since last: 2000617300 ns, Reaching safepoint: 167900 ns, At safepoint: 5200 ns, Total: 173100 ns
[2020-10-05T10:41:08.418+0000][34308][safepoint    ] Safepoint "Cleanup", Time since last: 1000422400 ns, Reaching safepoint: 91000 ns, At safepoint: 2900 ns, Total: 93900 ns
[2020-10-05T10:41:09.419+0000][34308][safepoint    ] Safepoint "Cleanup", Time since last: 1000104400 ns, Reaching safepoint: 105700 ns, At safepoint: 2600 ns, Total: 108300 ns
[2020-10-05T10:41:10.419+0000][34308][safepoint    ] Safepoint "Cleanup", Time since last: 1000660100 ns, Reaching safepoint: 108900 ns, At safepoint: 4500 ns, Total: 113400 ns
[2020-10-05T10:41:12.420+0000][34308][safepoint    ] Safepoint "Cleanup", Time since last: 2000173700 ns, Reaching safepoint: 122000 ns, At safepoint: 4100 ns, Total: 126100 ns
[2020-10-05T10:41:13.420+0000][34308][safepoint    ] Safepoint "Cleanup", Time since last: 1000710900 ns, Reaching safepoint: 109400 ns, At safepoint: 7100 ns, Total: 116500 ns
[2020-10-05T10:41:14.421+0000][34308][safepoint    ] Safepoint "Cleanup", Time since last: 1000068900 ns, Reaching safepoint: 99200 ns, At safepoint: 5700 ns, Total: 104900 ns
[2020-10-05T10:41:15.421+0000][34308][safepoint    ] Safepoint "Cleanup", Time since last: 1000747600 ns, Reaching safepoint: 160200 ns, At safepoint: 5000 ns, Total: 165200 ns
[2020-10-05T10:41:16.422+0000][34308][safepoint    ] Safepoint "Cleanup", Time since last: 1000355500 ns, Reaching safepoint: 115300 ns, At safepoint: 5500 ns, Total: 120800 ns
[2020-10-05T10:41:17.422+0000][34308][safepoint    ] Safepoint "Cleanup", Time since last: 1000333100 ns, Reaching safepoint: 113700 ns, At safepoint: 4500 ns, Total: 118200 ns
[2020-10-05T10:41:18.423+0000][34308][safepoint    ] Safepoint "Cleanup", Time since last: 1000820800 ns, Reaching safepoint: 108800 ns, At safepoint: 4600 ns, Total: 113400 ns
[2020-10-05T10:41:19.424+0000][34308][safepoint    ] Safepoint "Cleanup", Time since last: 1000507800 ns, Reaching safepoint: 95800 ns, At safepoint: 4500 ns, Total: 100300 ns
[2020-10-05T10:41:20.424+0000][34308][safepoint    ] Safepoint "Cleanup", Time since last: 1000123400 ns, Reaching safepoint: 87700 ns, At safepoint: 2900 ns, Total: 90600 ns
[2020-10-05T10:41:21.425+0000][34308][safepoint    ] Safepoint "Cleanup", Time since last: 1000351100 ns, Reaching safepoint: 160400 ns, At safepoint: 4600 ns, Total: 165000 ns
[2020-10-05T10:41:22.425+0000][34308][safepoint    ] Safepoint "Cleanup", Time since last: 1000357700 ns, Reaching safepoint: 108500 ns, At safepoint: 4900 ns, Total: 113400 ns
[2020-10-05T10:41:23.426+0000][34308][safepoint    ] Safepoint "Cleanup", Time since last: 1000447300 ns, Reaching safepoint: 131200 ns, At safepoint: 5600 ns, Total: 136800 ns
[2020-10-05T10:41:24.427+0000][34308][safepoint    ] Safepoint "Cleanup", Time since last: 1000652300 ns, Reaching safepoint: 135500 ns, At safepoint: 4800 ns, Total: 140300 ns
[2020-10-05T10:41:25.428+0000][34308][safepoint    ] Safepoint "Cleanup", Time since last: 1000867500 ns, Reaching safepoint: 117400 ns, At safepoint: 4900 ns, Total: 122300 ns
[2020-10-05T10:41:26.428+0000][34308][safepoint    ] Safepoint "Cleanup", Time since last: 1000488900 ns, Reaching safepoint: 136400 ns, At safepoint: 24200 ns, Total: 160600 ns
[2020-10-05T10:41:27.429+0000][34308][safepoint    ] Safepoint "Cleanup", Time since last: 1000477500 ns, Reaching safepoint: 107300 ns, At safepoint: 3300 ns, Total: 110600 ns
[2020-10-05T10:41:28.429+0000][34308][safepoint    ] Safepoint "Cleanup", Time since last: 1000331700 ns, Reaching safepoint: 113900 ns, At safepoint: 4400 ns, Total: 118300 ns
[2020-10-05T10:41:30.430+0000][34308][safepoint    ] Safepoint "Cleanup", Time since last: 2000391700 ns, Reaching safepoint: 112700 ns, At safepoint: 2600 ns, Total: 115300 ns
[2020-10-05T10:41:31.430+0000][34308][safepoint    ] Safepoint "Cleanup", Time since last: 1000561100 ns, Reaching safepoint: 106200 ns, At safepoint: 2400 ns, Total: 108600 ns
[2020-10-05T10:41:32.431+0000][34308][safepoint    ] Safepoint "Cleanup", Time since last: 1000229200 ns, Reaching safepoint: 98200 ns, At safepoint: 5100 ns, Total: 103300 ns
[2020-10-05T10:41:33.431+0000][34308][safepoint    ] Safepoint "Cleanup", Time since last: 1000497400 ns, Reaching safepoint: 115200 ns, At safepoint: 4900 ns, Total: 120100 ns
[2020-10-05T10:41:35.432+0000][34308][safepoint    ] Safepoint "Cleanup", Time since last: 2000632600 ns, Reaching safepoint: 94800 ns, At safepoint: 2400 ns, Total: 97200 ns
[2020-10-05T10:41:36.433+0000][34308][safepoint    ] Safepoint "Cleanup", Time since last: 1000791500 ns, Reaching safepoint: 108000 ns, At safepoint: 4600 ns, Total: 112600 ns
[2020-10-05T10:41:37.434+0000][34308][safepoint    ] Safepoint "Cleanup", Time since last: 1000558200 ns, Reaching safepoint: 111200 ns, At safepoint: 4700 ns, Total: 115900 ns
[2020-10-05T10:41:38.435+0000][34308][safepoint    ] Safepoint "Cleanup", Time since last: 1000842200 ns, Reaching safepoint: 126000 ns, At safepoint: 5200 ns, Total: 131200 ns
[2020-10-05T10:41:39.435+0000][34308][safepoint    ] Safepoint "Cleanup", Time since last: 1000012800 ns, Reaching safepoint: 96200 ns, At safepoint: 5300 ns, Total: 101500 ns
[2020-10-05T10:41:40.435+0000][34308][safepoint    ] Safepoint "Cleanup", Time since last: 1000106200 ns, Reaching safepoint: 122900 ns, At safepoint: 4300 ns, Total: 127200 ns
[2020-10-05T10:41:41.436+0000][34308][safepoint    ] Safepoint "Cleanup", Time since last: 1000613300 ns, Reaching safepoint: 109200 ns, At safepoint: 6200 ns, Total: 115400 ns
[2020-10-05T10:41:42.437+0000][34308][safepoint    ] Safepoint "Cleanup", Time since last: 1000735500 ns, Reaching safepoint: 97100 ns, At safepoint: 4800 ns, Total: 101900 ns
[2020-10-05T10:41:43.437+0000][34308][safepoint    ] Safepoint "Cleanup", Time since last: 1000746300 ns, Reaching safepoint: 108300 ns, At safepoint: 4200 ns, Total: 112500 ns
[2020-10-05T10:41:44.438+0000][34308][safepoint    ] Safepoint "Cleanup", Time since last: 1000067900 ns, Reaching safepoint: 105900 ns, At safepoint: 5400 ns, Total: 111300 ns
[2020-10-05T10:41:45.438+0000][34308][safepoint    ] Safepoint "Cleanup", Time since last: 1000740700 ns, Reaching safepoint: 109400 ns, At safepoint: 4800 ns, Total: 114200 ns
[2020-10-05T10:41:46.439+0000][34308][safepoint    ] Safepoint "Cleanup", Time since last: 1000159000 ns, Reaching safepoint: 161800 ns, At safepoint: 4300 ns, Total: 166100 ns
[2020-10-05T10:41:47.439+0000][34308][safepoint    ] Safepoint "Cleanup", Time since last: 1000536200 ns, Reaching safepoint: 156900 ns, At safepoint: 5200 ns, Total: 162100 ns
[2020-10-05T10:41:48.440+0000][34308][safepoint    ] Safepoint "Cleanup", Time since last: 1000240200 ns, Reaching safepoint: 100900 ns, At safepoint: 5100 ns, Total: 106000 ns
[2020-10-05T10:41:49.441+0000][34308][safepoint    ] Safepoint "Cleanup", Time since last: 1000782900 ns, Reaching safepoint: 116900 ns, At safepoint: 5800 ns, Total: 122700 ns
[2020-10-05T10:41:50.441+0000][34308][safepoint    ] Safepoint "Cleanup", Time since last: 1000170300 ns, Reaching safepoint: 100200 ns, At safepoint: 4800 ns, Total: 105000 ns
[2020-10-05T10:41:51.442+0000][34308][safepoint    ] Safepoint "Cleanup", Time since last: 1000751800 ns, Reaching safepoint: 97900 ns, At safepoint: 5900 ns, Total: 103800 ns
[2020-10-05T10:41:52.485+0000][34308][safepoint    ] Safepoint "Cleanup", Time since last: 1042694300 ns, Reaching safepoint: 121400 ns, At safepoint: 19700 ns, Total: 141100 ns
[2020-10-05T10:41:53.485+0000][34308][safepoint    ] Safepoint "Cleanup", Time since last: 1000427400 ns, Reaching safepoint: 148300 ns, At safepoint: 5900 ns, Total: 154200 ns
[2020-10-05T10:41:54.486+0000][34308][safepoint    ] Safepoint "Cleanup", Time since last: 1000425000 ns, Reaching safepoint: 119000 ns, At safepoint: 4600 ns, Total: 123600 ns
[2020-10-05T10:41:55.486+0000][34308][safepoint    ] Safepoint "Cleanup", Time since last: 1000253500 ns, Reaching safepoint: 126500 ns, At safepoint: 5800 ns, Total: 132300 ns
[2020-10-05T10:41:56.487+0000][34308][safepoint    ] Safepoint "Cleanup", Time since last: 1000141600 ns, Reaching safepoint: 106000 ns, At safepoint: 5200 ns, Total: 111200 ns
[2020-10-05T10:41:57.487+0000][34308][safepoint    ] Safepoint "Cleanup", Time since last: 1000081200 ns, Reaching safepoint: 199300 ns, At safepoint: 5200 ns, Total: 204500 ns
[2020-10-05T10:41:58.488+0000][34308][safepoint    ] Safepoint "Cleanup", Time since last: 1000588300 ns, Reaching safepoint: 94200 ns, At safepoint: 3300 ns, Total: 97500 ns
[2020-10-05T10:41:59.488+0000][34308][safepoint    ] Safepoint "Cleanup", Time since last: 1000261900 ns, Reaching safepoint: 123500 ns, At safepoint: 7300 ns, Total: 130800 ns
[2020-10-05T10:42:00.488+0000][34308][safepoint    ] Safepoint "Cleanup", Time since last: 1000191000 ns, Reaching safepoint: 100800 ns, At safepoint: 7900 ns, Total: 108700 ns
[2020-10-05T10:42:01.489+0000][34308][safepoint    ] Safepoint "Cleanup", Time since last: 1000712700 ns, Reaching safepoint: 132800 ns, At safepoint: 5300 ns, Total: 138100 ns
[2020-10-05T10:42:02.490+0000][34308][safepoint    ] Safepoint "Cleanup", Time since last: 1000493200 ns, Reaching safepoint: 132700 ns, At safepoint: 31100 ns, Total: 163800 ns
[2020-10-05T10:42:03.490+0000][34308][safepoint    ] Safepoint "Cleanup", Time since last: 1000404100 ns, Reaching safepoint: 119600 ns, At safepoint: 7300 ns, Total: 126900 ns
[2020-10-05T10:42:04.491+0000][34308][safepoint    ] Safepoint "Cleanup", Time since last: 1000761100 ns, Reaching safepoint: 114400 ns, At safepoint: 5300 ns, Total: 119700 ns
[2020-10-05T10:42:05.492+0000][34308][safepoint    ] Safepoint "Cleanup", Time since last: 1000816300 ns, Reaching safepoint: 101100 ns, At safepoint: 4600 ns, Total: 105700 ns
[2020-10-05T10:42:06.492+0000][34308][safepoint    ] Safepoint "Cleanup", Time since last: 1000183000 ns, Reaching safepoint: 178200 ns, At safepoint: 6000 ns, Total: 184200 ns
[2020-10-05T10:42:07.493+0000][34308][safepoint    ] Safepoint "Cleanup", Time since last: 1000149100 ns, Reaching safepoint: 115900 ns, At safepoint: 5400 ns, Total: 121300 ns
[2020-10-05T10:42:08.493+0000][34308][safepoint    ] Safepoint "Cleanup", Time since last: 1000131300 ns, Reaching safepoint: 93800 ns, At safepoint: 2900 ns, Total: 96700 ns
[2020-10-05T10:42:09.493+0000][34308][safepoint    ] Safepoint "Cleanup", Time since last: 1000095200 ns, Reaching safepoint: 110300 ns, At safepoint: 3900 ns, Total: 114200 ns
[2020-10-05T10:42:10.494+0000][34308][safepoint    ] Safepoint "Cleanup", Time since last: 1000824100 ns, Reaching safepoint: 181300 ns, At safepoint: 8400 ns, Total: 189700 ns
[2020-10-05T10:42:12.495+0000][34308][safepoint    ] Safepoint "Cleanup", Time since last: 2000560700 ns, Reaching safepoint: 119400 ns, At safepoint: 5000 ns, Total: 124400 ns
[2020-10-05T10:42:13.495+0000][34308][safepoint    ] Safepoint "Cleanup", Time since last: 1000089500 ns, Reaching safepoint: 101400 ns, At safepoint: 10600 ns, Total: 112000 ns
[2020-10-05T10:42:14.496+0000][34308][safepoint    ] Safepoint "Cleanup", Time since last: 1000387000 ns, Reaching safepoint: 120000 ns, At safepoint: 6600 ns, Total: 126600 ns
[2020-10-05T10:42:15.688+0000][34308][safepoint    ] Safepoint "Cleanup", Time since last: 1192756800 ns, Reaching safepoint: 126900 ns, At safepoint: 21000 ns, Total: 147900 ns
[2020-10-05T10:42:16.689+0000][34308][safepoint    ] Safepoint "Cleanup", Time since last: 1000356400 ns, Reaching safepoint: 133900 ns, At safepoint: 4400 ns, Total: 138300 ns
[2020-10-05T10:42:17.689+0000][34308][safepoint    ] Safepoint "Cleanup", Time since last: 1000044000 ns, Reaching safepoint: 102100 ns, At safepoint: 2800 ns, Total: 104900 ns
[2020-10-05T10:42:18.690+0000][34308][safepoint    ] Safepoint "Cleanup", Time since last: 1000726400 ns, Reaching safepoint: 154400 ns, At safepoint: 10200 ns, Total: 164600 ns
[2020-10-05T10:42:20.691+0000][34308][safepoint    ] Safepoint "Cleanup", Time since last: 2000828900 ns, Reaching safepoint: 110000 ns, At safepoint: 6000 ns, Total: 116000 ns
[2020-10-05T10:42:21.691+0000][34308][safepoint    ] Safepoint "Cleanup", Time since last: 1000051400 ns, Reaching safepoint: 125000 ns, At safepoint: 4700 ns, Total: 129700 ns
[2020-10-05T10:42:22.692+0000][34308][safepoint    ] Safepoint "Cleanup", Time since last: 1000372000 ns, Reaching safepoint: 166100 ns, At safepoint: 5000 ns, Total: 171100 ns
[2020-10-05T10:42:23.693+0000][34308][safepoint    ] Safepoint "Cleanup", Time since last: 1000667500 ns, Reaching safepoint: 104200 ns, At safepoint: 5000 ns, Total: 109200 ns
[2020-10-05T10:42:24.693+0000][34308][safepoint    ] Safepoint "Cleanup", Time since last: 1000742700 ns, Reaching safepoint: 106000 ns, At safepoint: 5500 ns, Total: 111500 ns
[2020-10-05T10:42:25.694+0000][34308][safepoint    ] Safepoint "Cleanup", Time since last: 1000645900 ns, Reaching safepoint: 106300 ns, At safepoint: 6100 ns, Total: 112400 ns
[2020-10-05T10:42:26.695+0000][34308][safepoint    ] Safepoint "Cleanup", Time since last: 1000390600 ns, Reaching safepoint: 119700 ns, At safepoint: 5800 ns, Total: 125500 ns
[2020-10-05T10:42:27.695+0000][34308][safepoint    ] Safepoint "Cleanup", Time since last: 1000693200 ns, Reaching safepoint: 122300 ns, At safepoint: 6100 ns, Total: 128400 ns
[2020-10-05T10:42:29.697+0000][34308][safepoint    ] Safepoint "Cleanup", Time since last: 2000837500 ns, Reaching safepoint: 106600 ns, At safepoint: 7100 ns, Total: 113700 ns
[2020-10-05T10:42:30.697+0000][34308][safepoint    ] Safepoint "Cleanup", Time since last: 1000799500 ns, Reaching safepoint: 122100 ns, At safepoint: 6100 ns, Total: 128200 ns
[2020-10-05T10:42:31.698+0000][34308][safepoint    ] Safepoint "Cleanup", Time since last: 1000562800 ns, Reaching safepoint: 137300 ns, At safepoint: 9200 ns, Total: 146500 ns
[2020-10-05T10:42:32.699+0000][34308][safepoint    ] Safepoint "Cleanup", Time since last: 1000321600 ns, Reaching safepoint: 155200 ns, At safepoint: 9700 ns, Total: 164900 ns
[2020-10-05T10:42:33.699+0000][34308][safepoint    ] Safepoint "Cleanup", Time since last: 1000134400 ns, Reaching safepoint: 130000 ns, At safepoint: 6700 ns, Total: 136700 ns
[2020-10-05T10:42:34.699+0000][34308][safepoint    ] Safepoint "Cleanup", Time since last: 1000264900 ns, Reaching safepoint: 114400 ns, At safepoint: 4500 ns, Total: 118900 ns
[2020-10-05T10:42:35.699+0000][34308][safepoint    ] Safepoint "Cleanup", Time since last: 1000098800 ns, Reaching safepoint: 111700 ns, At safepoint: 5500 ns, Total: 117200 ns
[2020-10-05T10:42:36.700+0000][34308][safepoint    ] Safepoint "Cleanup", Time since last: 1000349800 ns, Reaching safepoint: 119000 ns, At safepoint: 4300 ns, Total: 123300 ns
[2020-10-05T10:42:38.700+0000][34308][safepoint    ] Safepoint "Cleanup", Time since last: 2000048500 ns, Reaching safepoint: 138400 ns, At safepoint: 5000 ns, Total: 143400 ns
[2020-10-05T10:42:39.700+0000][34308][safepoint    ] Safepoint "Cleanup", Time since last: 1000203000 ns, Reaching safepoint: 143500 ns, At safepoint: 14200 ns, Total: 157700 ns
[2020-10-05T10:42:40.701+0000][34308][safepoint    ] Safepoint "Cleanup", Time since last: 1000069800 ns, Reaching safepoint: 124500 ns, At safepoint: 5400 ns, Total: 129900 ns
[2020-10-05T10:42:41.701+0000][34308][safepoint    ] Safepoint "Cleanup", Time since last: 1000425900 ns, Reaching safepoint: 116900 ns, At safepoint: 7000 ns, Total: 123900 ns
[2020-10-05T10:42:42.702+0000][34308][safepoint    ] Safepoint "Cleanup", Time since last: 1000231500 ns, Reaching safepoint: 117300 ns, At safepoint: 5200 ns, Total: 122500 ns
[2020-10-05T10:42:43.702+0000][34308][safepoint    ] Safepoint "Cleanup", Time since last: 1000539000 ns, Reaching safepoint: 92400 ns, At safepoint: 3800 ns, Total: 96200 ns
[2020-10-05T10:42:44.702+0000][34308][safepoint    ] Safepoint "Cleanup", Time since last: 1000043100 ns, Reaching safepoint: 123500 ns, At safepoint: 3500 ns, Total: 127000 ns
[2020-10-05T10:42:45.703+0000][34308][safepoint    ] Safepoint "Cleanup", Time since last: 1000051800 ns, Reaching safepoint: 95000 ns, At safepoint: 3000 ns, Total: 98000 ns
[2020-10-05T10:42:47.703+0000][34308][safepoint    ] Safepoint "Cleanup", Time since last: 2000203300 ns, Reaching safepoint: 111400 ns, At safepoint: 4200 ns, Total: 115600 ns
[2020-10-05T10:42:48.704+0000][34308][safepoint    ] Safepoint "Cleanup", Time since last: 1000575500 ns, Reaching safepoint: 170000 ns, At safepoint: 6100 ns, Total: 176100 ns
[2020-10-05T10:42:49.704+0000][34308][safepoint    ] Safepoint "Cleanup", Time since last: 1000300900 ns, Reaching safepoint: 121100 ns, At safepoint: 2500 ns, Total: 123600 ns
[2020-10-05T10:42:50.705+0000][34308][safepoint    ] Safepoint "Cleanup", Time since last: 1000662300 ns, Reaching safepoint: 108800 ns, At safepoint: 2600 ns, Total: 111400 ns
[2020-10-05T10:42:51.705+0000][34308][safepoint    ] Safepoint "Cleanup", Time since last: 1000259200 ns, Reaching safepoint: 131300 ns, At safepoint: 6500 ns, Total: 137800 ns
[2020-10-05T10:42:52.706+0000][34308][safepoint    ] Safepoint "Cleanup", Time since last: 1000461800 ns, Reaching safepoint: 127000 ns, At safepoint: 5100 ns, Total: 132100 ns
[2020-10-05T10:42:54.706+0000][34308][safepoint    ] Safepoint "Cleanup", Time since last: 1999949300 ns, Reaching safepoint: 122500 ns, At safepoint: 4600 ns, Total: 127100 ns
[2020-10-05T10:42:55.706+0000][34308][safepoint    ] Safepoint "Cleanup", Time since last: 1000305400 ns, Reaching safepoint: 200600 ns, At safepoint: 7900 ns, Total: 208500 ns
[2020-10-05T10:42:56.707+0000][34308][safepoint    ] Safepoint "Cleanup", Time since last: 1000068500 ns, Reaching safepoint: 122400 ns, At safepoint: 3800 ns, Total: 126200 ns
[2020-10-05T10:42:58.708+0000][34308][safepoint    ] Safepoint "Cleanup", Time since last: 2000761100 ns, Reaching safepoint: 130600 ns, At safepoint: 8600 ns, Total: 139200 ns
[2020-10-05T10:42:59.708+0000][34308][safepoint    ] Safepoint "Cleanup", Time since last: 1000076200 ns, Reaching safepoint: 174900 ns, At safepoint: 6200 ns, Total: 181100 ns
[2020-10-05T10:43:01.708+0000][34308][safepoint    ] Safepoint "Cleanup", Time since last: 2000340000 ns, Reaching safepoint: 146400 ns, At safepoint: 39300 ns, Total: 185700 ns
[2020-10-05T10:43:02.709+0000][34308][safepoint    ] Safepoint "Cleanup", Time since last: 1000286100 ns, Reaching safepoint: 129000 ns, At safepoint: 5200 ns, Total: 134200 ns
[2020-10-05T10:43:03.710+0000][34308][safepoint    ] Safepoint "Cleanup", Time since last: 1000808400 ns, Reaching safepoint: 112400 ns, At safepoint: 5200 ns, Total: 117600 ns
[2020-10-05T10:43:04.711+0000][34308][safepoint    ] Safepoint "Cleanup", Time since last: 1000859400 ns, Reaching safepoint: 101500 ns, At safepoint: 4700 ns, Total: 106200 ns
[2020-10-05T10:43:05.711+0000][34308][safepoint    ] Safepoint "Cleanup", Time since last: 1000340500 ns, Reaching safepoint: 97000 ns, At safepoint: 4600 ns, Total: 101600 ns
[2020-10-05T10:43:06.712+0000][34308][safepoint    ] Safepoint "Cleanup", Time since last: 1000515200 ns, Reaching safepoint: 160700 ns, At safepoint: 6800 ns, Total: 167500 ns
[2020-10-05T10:43:07.712+0000][34308][safepoint    ] Safepoint "Cleanup", Time since last: 1000365600 ns, Reaching safepoint: 167800 ns, At safepoint: 4800 ns, Total: 172600 ns
[2020-10-05T10:43:09.713+0000][34308][safepoint    ] Safepoint "Cleanup", Time since last: 2000060300 ns, Reaching safepoint: 87100 ns, At safepoint: 2300 ns, Total: 89400 ns
[2020-10-05T10:43:10.713+0000][34308][safepoint    ] Safepoint "Cleanup", Time since last: 1000017700 ns, Reaching safepoint: 92500 ns, At safepoint: 4600 ns, Total: 97100 ns
[2020-10-05T10:43:11.713+0000][34308][safepoint    ] Safepoint "Cleanup", Time since last: 1000056400 ns, Reaching safepoint: 104200 ns, At safepoint: 5900 ns, Total: 110100 ns
[2020-10-05T10:43:12.713+0000][34308][safepoint    ] Safepoint "Cleanup", Time since last: 1000453200 ns, Reaching safepoint: 125500 ns, At safepoint: 19400 ns, Total: 144900 ns
[2020-10-05T10:43:13.714+0000][34308][safepoint    ] Safepoint "Cleanup", Time since last: 1000317200 ns, Reaching safepoint: 102800 ns, At safepoint: 4500 ns, Total: 107300 ns
[2020-10-05T10:43:14.714+0000][34308][safepoint    ] Safepoint "Cleanup", Time since last: 1000179300 ns, Reaching safepoint: 179500 ns, At safepoint: 13000 ns, Total: 192500 ns
[2020-10-05T10:43:15.715+0000][34308][safepoint    ] Safepoint "Cleanup", Time since last: 1000369400 ns, Reaching safepoint: 133800 ns, At safepoint: 6600 ns, Total: 140400 ns
[2020-10-05T10:43:16.715+0000][34308][safepoint    ] Safepoint "Cleanup", Time since last: 1000286000 ns, Reaching safepoint: 247000 ns, At safepoint: 5800 ns, Total: 252800 ns
[2020-10-05T10:43:18.715+0000][34308][safepoint    ] Safepoint "Cleanup", Time since last: 1999915100 ns, Reaching safepoint: 124100 ns, At safepoint: 5300 ns, Total: 129400 ns
[2020-10-05T10:43:19.716+0000][34308][safepoint    ] Safepoint "Cleanup", Time since last: 1000153200 ns, Reaching safepoint: 134300 ns, At safepoint: 6200 ns, Total: 140500 ns
[2020-10-05T10:43:20.716+0000][34308][safepoint    ] Safepoint "Cleanup", Time since last: 1000595900 ns, Reaching safepoint: 110000 ns, At safepoint: 5200 ns, Total: 115200 ns
[2020-10-05T10:43:22.717+0000][34308][safepoint    ] Safepoint "Cleanup", Time since last: 2000618700 ns, Reaching safepoint: 111900 ns, At safepoint: 4800 ns, Total: 116700 ns
[2020-10-05T10:43:23.718+0000][34308][safepoint    ] Safepoint "Cleanup", Time since last: 1000343600 ns, Reaching safepoint: 186200 ns, At safepoint: 4800 ns, Total: 191000 ns
[2020-10-05T10:43:25.719+0000][34308][safepoint    ] Safepoint "Cleanup", Time since last: 2000840000 ns, Reaching safepoint: 97600 ns, At safepoint: 2300 ns, Total: 99900 ns
[2020-10-05T10:43:26.719+0000][34308][safepoint    ] Safepoint "Cleanup", Time since last: 1000557300 ns, Reaching safepoint: 93500 ns, At safepoint: 4800 ns, Total: 98300 ns
[2020-10-05T10:43:27.720+0000][34308][safepoint    ] Safepoint "Cleanup", Time since last: 1000648200 ns, Reaching safepoint: 103900 ns, At safepoint: 4800 ns, Total: 108700 ns
[2020-10-05T10:43:28.721+0000][34308][safepoint    ] Safepoint "Cleanup", Time since last: 1000328800 ns, Reaching safepoint: 83000 ns, At safepoint: 2500 ns, Total: 85500 ns
[2020-10-05T10:43:29.721+0000][34308][safepoint    ] Safepoint "Cleanup", Time since last: 1000520500 ns, Reaching safepoint: 98900 ns, At safepoint: 6400 ns, Total: 105300 ns
[2020-10-05T10:43:30.722+0000][34308][safepoint    ] Safepoint "Cleanup", Time since last: 1000594600 ns, Reaching safepoint: 104400 ns, At safepoint: 4600 ns, Total: 109000 ns
[2020-10-05T10:43:32.722+0000][34308][safepoint    ] Safepoint "Cleanup", Time since last: 2000432800 ns, Reaching safepoint: 146700 ns, At safepoint: 6200 ns, Total: 152900 ns
[2020-10-05T10:43:33.723+0000][34308][safepoint    ] Safepoint "Cleanup", Time since last: 1000016100 ns, Reaching safepoint: 90400 ns, At safepoint: 5800 ns, Total: 96200 ns
[2020-10-05T10:43:34.723+0000][34308][safepoint    ] Safepoint "Cleanup", Time since last: 1000485200 ns, Reaching safepoint: 108000 ns, At safepoint: 5800 ns, Total: 113800 ns
[2020-10-05T10:43:35.724+0000][34308][safepoint    ] Safepoint "Cleanup", Time since last: 1000465200 ns, Reaching safepoint: 175600 ns, At safepoint: 6100 ns, Total: 181700 ns
[2020-10-05T10:43:36.725+0000][34308][safepoint    ] Safepoint "Cleanup", Time since last: 1000682800 ns, Reaching safepoint: 116900 ns, At safepoint: 5300 ns, Total: 122200 ns
[2020-10-05T10:43:38.725+0000][34308][safepoint    ] Safepoint "Cleanup", Time since last: 2000513900 ns, Reaching safepoint: 114200 ns, At safepoint: 4300 ns, Total: 118500 ns
[2020-10-05T10:43:40.726+0000][34308][safepoint    ] Safepoint "Cleanup", Time since last: 2000234300 ns, Reaching safepoint: 114200 ns, At safepoint: 6200 ns, Total: 120400 ns
[2020-10-05T10:43:41.726+0000][34308][safepoint    ] Safepoint "Cleanup", Time since last: 1000077100 ns, Reaching safepoint: 111100 ns, At safepoint: 12700 ns, Total: 123800 ns
[2020-10-05T10:43:42.727+0000][34308][safepoint    ] Safepoint "Cleanup", Time since last: 1000689200 ns, Reaching safepoint: 111100 ns, At safepoint: 9000 ns, Total: 120100 ns
[2020-10-05T10:43:43.727+0000][34308][safepoint    ] Safepoint "Cleanup", Time since last: 1000116400 ns, Reaching safepoint: 121900 ns, At safepoint: 5500 ns, Total: 127400 ns
[2020-10-05T10:43:45.727+0000][34308][safepoint    ] Safepoint "Cleanup", Time since last: 2000304900 ns, Reaching safepoint: 115100 ns, At safepoint: 9200 ns, Total: 124300 ns
[2020-10-05T10:43:46.727+0000][34308][safepoint    ] Safepoint "Cleanup", Time since last: 1000023600 ns, Reaching safepoint: 111800 ns, At safepoint: 5100 ns, Total: 116900 ns
[2020-10-05T10:43:47.728+0000][34308][safepoint    ] Safepoint "Cleanup", Time since last: 1000638000 ns, Reaching safepoint: 136800 ns, At safepoint: 6700 ns, Total: 143500 ns
[2020-10-05T10:43:48.728+0000][34308][safepoint    ] Safepoint "Cleanup", Time since last: 1000087800 ns, Reaching safepoint: 105300 ns, At safepoint: 4000 ns, Total: 109300 ns
[2020-10-05T10:43:49.729+0000][34308][safepoint    ] Safepoint "Cleanup", Time since last: 1000055800 ns, Reaching safepoint: 154500 ns, At safepoint: 4600 ns, Total: 159100 ns
[2020-10-05T10:43:50.729+0000][34308][safepoint    ] Safepoint "Cleanup", Time since last: 1000558900 ns, Reaching safepoint: 106500 ns, At safepoint: 5800 ns, Total: 112300 ns
[2020-10-05T10:43:51.730+0000][34308][safepoint    ] Safepoint "Cleanup", Time since last: 1000442100 ns, Reaching safepoint: 144400 ns, At safepoint: 15000 ns, Total: 159400 ns
[2020-10-05T10:43:52.730+0000][34308][safepoint    ] Safepoint "Cleanup", Time since last: 1000064400 ns, Reaching safepoint: 160400 ns, At safepoint: 6300 ns, Total: 166700 ns
[2020-10-05T10:43:53.731+0000][34308][safepoint    ] Safepoint "Cleanup", Time since last: 1000716800 ns, Reaching safepoint: 106200 ns, At safepoint: 3100 ns, Total: 109300 ns
[2020-10-05T10:43:54.731+0000][34308][safepoint    ] Safepoint "Cleanup", Time since last: 1000026100 ns, Reaching safepoint: 132300 ns, At safepoint: 4700 ns, Total: 137000 ns
[2020-10-05T10:43:55.732+0000][34308][safepoint    ] Safepoint "Cleanup", Time since last: 1000829700 ns, Reaching safepoint: 121400 ns, At safepoint: 7700 ns, Total: 129100 ns
[2020-10-05T10:43:56.733+0000][34308][safepoint    ] Safepoint "Cleanup", Time since last: 1000647800 ns, Reaching safepoint: 114000 ns, At safepoint: 5800 ns, Total: 119800 ns
[2020-10-05T10:43:57.734+0000][34308][safepoint    ] Safepoint "Cleanup", Time since last: 1000615700 ns, Reaching safepoint: 176500 ns, At safepoint: 4600 ns, Total: 181100 ns
[2020-10-05T10:43:58.734+0000][34308][safepoint    ] Safepoint "Cleanup", Time since last: 1000249400 ns, Reaching safepoint: 99100 ns, At safepoint: 5100 ns, Total: 104200 ns
[2020-10-05T10:43:59.734+0000][34308][safepoint    ] Safepoint "Cleanup", Time since last: 1000191900 ns, Reaching safepoint: 105600 ns, At safepoint: 4800 ns, Total: 110400 ns
[2020-10-05T10:44:00.735+0000][34308][safepoint    ] Safepoint "Cleanup", Time since last: 1000583500 ns, Reaching safepoint: 124300 ns, At safepoint: 4400 ns, Total: 128700 ns
[2020-10-05T10:44:01.736+0000][34308][safepoint    ] Safepoint "Cleanup", Time since last: 1000678200 ns, Reaching safepoint: 113600 ns, At safepoint: 3800 ns, Total: 117400 ns
[2020-10-05T10:44:02.736+0000][34308][safepoint    ] Safepoint "Cleanup", Time since last: 1000047400 ns, Reaching safepoint: 122000 ns, At safepoint: 8200 ns, Total: 130200 ns
[2020-10-05T10:44:03.737+0000][34308][safepoint    ] Safepoint "Cleanup", Time since last: 1000918200 ns, Reaching safepoint: 112200 ns, At safepoint: 5600 ns, Total: 117800 ns
[2020-10-05T10:44:05.167+0000][34308][safepoint    ] Safepoint "Cleanup", Time since last: 1429065400 ns, Reaching safepoint: 179600 ns, At safepoint: 51700 ns, Total: 231300 ns
[2020-10-05T10:44:06.167+0000][34308][safepoint    ] Safepoint "Cleanup", Time since last: 1000872100 ns, Reaching safepoint: 104300 ns, At safepoint: 5000 ns, Total: 109300 ns
[2020-10-05T10:44:08.168+0000][34308][safepoint    ] Safepoint "Cleanup", Time since last: 2000015000 ns, Reaching safepoint: 86900 ns, At safepoint: 2600 ns, Total: 89500 ns
[2020-10-05T10:44:09.168+0000][34308][safepoint    ] Safepoint "Cleanup", Time since last: 1000273400 ns, Reaching safepoint: 117100 ns, At safepoint: 2900 ns, Total: 120000 ns
[2020-10-05T10:44:10.169+0000][34308][safepoint    ] Safepoint "Cleanup", Time since last: 1000741900 ns, Reaching safepoint: 113400 ns, At safepoint: 4600 ns, Total: 118000 ns
[2020-10-05T10:44:12.170+0000][34308][safepoint    ] Safepoint "Cleanup", Time since last: 2000836900 ns, Reaching safepoint: 114400 ns, At safepoint: 2400 ns, Total: 116800 ns
[2020-10-05T10:44:13.170+0000][34308][safepoint    ] Safepoint "Cleanup", Time since last: 1000450100 ns, Reaching safepoint: 212300 ns, At safepoint: 4700 ns, Total: 217000 ns
[2020-10-05T10:44:14.171+0000][34308][safepoint    ] Safepoint "Cleanup", Time since last: 1000507300 ns, Reaching safepoint: 103400 ns, At safepoint: 4800 ns, Total: 108200 ns
[2020-10-05T10:44:15.172+0000][34308][safepoint    ] Safepoint "Cleanup", Time since last: 1000366000 ns, Reaching safepoint: 106500 ns, At safepoint: 5800 ns, Total: 112300 ns
[2020-10-05T10:44:16.172+0000][34308][safepoint    ] Safepoint "Cleanup", Time since last: 1000186500 ns, Reaching safepoint: 102000 ns, At safepoint: 5200 ns, Total: 107200 ns
[2020-10-05T10:44:17.173+0000][34308][safepoint    ] Safepoint "Cleanup", Time since last: 1000580400 ns, Reaching safepoint: 162100 ns, At safepoint: 4500 ns, Total: 166600 ns
[2020-10-05T10:44:18.173+0000][34308][safepoint    ] Safepoint "Cleanup", Time since last: 1000539000 ns, Reaching safepoint: 104100 ns, At safepoint: 5200 ns, Total: 109300 ns
[2020-10-05T10:44:20.174+0000][34308][safepoint    ] Safepoint "Cleanup", Time since last: 2000896400 ns, Reaching safepoint: 212400 ns, At safepoint: 4600 ns, Total: 217000 ns
[2020-10-05T10:44:21.175+0000][34308][safepoint    ] Safepoint "Cleanup", Time since last: 1000063000 ns, Reaching safepoint: 96400 ns, At safepoint: 5100 ns, Total: 101500 ns
[2020-10-05T10:44:22.175+0000][34308][safepoint    ] Safepoint "Cleanup", Time since last: 1000179200 ns, Reaching safepoint: 118000 ns, At safepoint: 4700 ns, Total: 122700 ns
[2020-10-05T10:44:23.176+0000][34308][safepoint    ] Safepoint "Cleanup", Time since last: 1000821600 ns, Reaching safepoint: 221900 ns, At safepoint: 14400 ns, Total: 236300 ns
[2020-10-05T10:44:24.176+0000][34308][safepoint    ] Safepoint "Cleanup", Time since last: 1000504100 ns, Reaching safepoint: 165900 ns, At safepoint: 5600 ns, Total: 171500 ns
[2020-10-05T10:44:25.177+0000][34308][safepoint    ] Safepoint "Cleanup", Time since last: 1000476800 ns, Reaching safepoint: 170700 ns, At safepoint: 5100 ns, Total: 175800 ns
[2020-10-05T10:44:27.178+0000][34308][safepoint    ] Safepoint "Cleanup", Time since last: 2000209700 ns, Reaching safepoint: 185800 ns, At safepoint: 7400 ns, Total: 193200 ns
[2020-10-05T10:44:29.178+0000][34308][safepoint    ] Safepoint "Cleanup", Time since last: 2000329000 ns, Reaching safepoint: 117800 ns, At safepoint: 5200 ns, Total: 123000 ns
[2020-10-05T10:44:30.179+0000][34308][safepoint    ] Safepoint "Cleanup", Time since last: 1000628000 ns, Reaching safepoint: 136600 ns, At safepoint: 5000 ns, Total: 141600 ns
[2020-10-05T10:44:31.180+0000][34308][safepoint    ] Safepoint "Cleanup", Time since last: 1000598400 ns, Reaching safepoint: 149300 ns, At safepoint: 4500 ns, Total: 153800 ns
[2020-10-05T10:44:32.180+0000][34308][safepoint    ] Safepoint "Cleanup", Time since last: 1000358900 ns, Reaching safepoint: 120100 ns, At safepoint: 5900 ns, Total: 126000 ns
[2020-10-05T10:44:33.181+0000][34308][safepoint    ] Safepoint "Cleanup", Time since last: 1000271400 ns, Reaching safepoint: 109800 ns, At safepoint: 4500 ns, Total: 114300 ns
[2020-10-05T10:44:34.181+0000][34308][safepoint    ] Safepoint "Cleanup", Time since last: 1000522600 ns, Reaching safepoint: 94500 ns, At safepoint: 5500 ns, Total: 100000 ns
[2020-10-05T10:44:35.182+0000][34308][safepoint    ] Safepoint "Cleanup", Time since last: 1000435600 ns, Reaching safepoint: 110700 ns, At safepoint: 5300 ns, Total: 116000 ns
[2020-10-05T10:44:36.182+0000][34308][safepoint    ] Safepoint "Cleanup", Time since last: 1000583300 ns, Reaching safepoint: 93300 ns, At safepoint: 5100 ns, Total: 98400 ns
[2020-10-05T10:44:37.183+0000][34308][safepoint    ] Safepoint "Cleanup", Time since last: 1000717400 ns, Reaching safepoint: 89000 ns, At safepoint: 3000 ns, Total: 92000 ns
[2020-10-05T10:44:38.184+0000][34308][safepoint    ] Safepoint "Cleanup", Time since last: 1000204400 ns, Reaching safepoint: 129500 ns, At safepoint: 5600 ns, Total: 135100 ns
[2020-10-05T10:44:39.184+0000][34308][safepoint    ] Safepoint "Cleanup", Time since last: 1000533400 ns, Reaching safepoint: 129500 ns, At safepoint: 4000 ns, Total: 133500 ns
[2020-10-05T10:44:40.184+0000][34308][safepoint    ] Safepoint "Cleanup", Time since last: 1000095300 ns, Reaching safepoint: 100300 ns, At safepoint: 5000 ns, Total: 105300 ns
[2020-10-05T10:44:41.185+0000][34308][safepoint    ] Safepoint "Cleanup", Time since last: 1000932100 ns, Reaching safepoint: 148600 ns, At safepoint: 6400 ns, Total: 155000 ns
[2020-10-05T10:44:42.186+0000][34308][safepoint    ] Safepoint "Cleanup", Time since last: 1000467600 ns, Reaching safepoint: 164400 ns, At safepoint: 6800 ns, Total: 171200 ns
[2020-10-05T10:44:43.187+0000][34308][safepoint    ] Safepoint "Cleanup", Time since last: 1000217500 ns, Reaching safepoint: 111900 ns, At safepoint: 3000 ns, Total: 114900 ns
[2020-10-05T10:44:44.187+0000][34308][safepoint    ] Safepoint "Cleanup", Time since last: 1000776400 ns, Reaching safepoint: 132700 ns, At safepoint: 5400 ns, Total: 138100 ns
[2020-10-05T10:44:45.188+0000][34308][safepoint    ] Safepoint "Cleanup", Time since last: 1000687100 ns, Reaching safepoint: 85000 ns, At safepoint: 2200 ns, Total: 87200 ns
[2020-10-05T10:44:46.189+0000][34308][safepoint    ] Safepoint "Cleanup", Time since last: 1000281500 ns, Reaching safepoint: 85600 ns, At safepoint: 3700 ns, Total: 89300 ns
[2020-10-05T10:44:47.189+0000][34308][safepoint    ] Safepoint "Cleanup", Time since last: 1000031300 ns, Reaching safepoint: 124700 ns, At safepoint: 4500 ns, Total: 129200 ns
[2020-10-05T10:44:48.189+0000][34308][safepoint    ] Safepoint "Cleanup", Time since last: 1000060300 ns, Reaching safepoint: 120700 ns, At safepoint: 5300 ns, Total: 126000 ns
[2020-10-05T10:44:49.190+0000][34308][safepoint    ] Safepoint "Cleanup", Time since last: 1000486200 ns, Reaching safepoint: 144300 ns, At safepoint: 5400 ns, Total: 149700 ns
[2020-10-05T10:44:51.190+0000][34308][safepoint    ] Safepoint "Cleanup", Time since last: 2000686600 ns, Reaching safepoint: 98000 ns, At safepoint: 6200 ns, Total: 104200 ns
[2020-10-05T10:44:52.499+0000][34308][safepoint    ] Safepoint "Cleanup", Time since last: 1308874200 ns, Reaching safepoint: 116400 ns, At safepoint: 5600 ns, Total: 122000 ns
[2020-10-05T10:44:53.500+0000][34308][safepoint    ] Safepoint "Cleanup", Time since last: 1000475400 ns, Reaching safepoint: 206400 ns, At safepoint: 6500 ns, Total: 212900 ns
[2020-10-05T10:44:54.501+0000][34308][safepoint    ] Safepoint "Cleanup", Time since last: 1000591100 ns, Reaching safepoint: 125900 ns, At safepoint: 5700 ns, Total: 131600 ns
[2020-10-05T10:44:55.501+0000][34308][safepoint    ] Safepoint "Cleanup", Time since last: 1000635300 ns, Reaching safepoint: 537500 ns, At safepoint: 37300 ns, Total: 574800 ns
[2020-10-05T10:44:57.502+0000][34308][safepoint    ] Safepoint "Cleanup", Time since last: 1999954600 ns, Reaching safepoint: 121400 ns, At safepoint: 7100 ns, Total: 128500 ns
[2020-10-05T10:44:58.503+0000][34308][safepoint    ] Safepoint "Cleanup", Time since last: 1000448700 ns, Reaching safepoint: 193700 ns, At safepoint: 4300 ns, Total: 198000 ns
[2020-10-05T10:44:59.503+0000][34308][safepoint    ] Safepoint "Cleanup", Time since last: 1000512400 ns, Reaching safepoint: 92700 ns, At safepoint: 2800 ns, Total: 95500 ns
[2020-10-05T10:45:00.504+0000][34308][safepoint    ] Safepoint "Cleanup", Time since last: 1000034000 ns, Reaching safepoint: 128200 ns, At safepoint: 7500 ns, Total: 135700 ns
[2020-10-05T10:45:01.504+0000][34308][safepoint    ] Safepoint "Cleanup", Time since last: 1000046600 ns, Reaching safepoint: 97500 ns, At safepoint: 5700 ns, Total: 103200 ns
[2020-10-05T10:45:02.504+0000][34308][safepoint    ] Safepoint "Cleanup", Time since last: 1000281600 ns, Reaching safepoint: 95000 ns, At safepoint: 5100 ns, Total: 100100 ns
[2020-10-05T10:45:03.504+0000][34308][safepoint    ] Safepoint "Cleanup", Time since last: 1000005400 ns, Reaching safepoint: 113000 ns, At safepoint: 4800 ns, Total: 117800 ns
[2020-10-05T10:45:04.505+0000][34308][safepoint    ] Safepoint "Cleanup", Time since last: 1000584300 ns, Reaching safepoint: 125700 ns, At safepoint: 5300 ns, Total: 131000 ns
[2020-10-05T10:45:05.505+0000][34308][safepoint    ] Safepoint "Cleanup", Time since last: 1000164500 ns, Reaching safepoint: 98800 ns, At safepoint: 5200 ns, Total: 104000 ns
[2020-10-05T10:45:07.505+0000][34308][safepoint    ] Safepoint "Cleanup", Time since last: 1999965400 ns, Reaching safepoint: 96700 ns, At safepoint: 5000 ns, Total: 101700 ns
[2020-10-05T10:45:08.506+0000][34308][safepoint    ] Safepoint "Cleanup", Time since last: 1000592900 ns, Reaching safepoint: 92900 ns, At safepoint: 5900 ns, Total: 98800 ns
[2020-10-05T10:45:09.507+0000][34308][safepoint    ] Safepoint "Cleanup", Time since last: 1000855000 ns, Reaching safepoint: 112400 ns, At safepoint: 4400 ns, Total: 116800 ns
[2020-10-05T10:45:10.508+0000][34308][safepoint    ] Safepoint "Cleanup", Time since last: 1000707300 ns, Reaching safepoint: 98200 ns, At safepoint: 5200 ns, Total: 103400 ns
[2020-10-05T10:45:12.508+0000][34308][safepoint    ] Safepoint "Cleanup", Time since last: 2000054300 ns, Reaching safepoint: 121800 ns, At safepoint: 5900 ns, Total: 127700 ns
[2020-10-05T10:45:13.508+0000][34308][safepoint    ] Safepoint "Cleanup", Time since last: 1000235300 ns, Reaching safepoint: 128600 ns, At safepoint: 7000 ns, Total: 135600 ns
[2020-10-05T10:45:15.509+0000][34308][safepoint    ] Safepoint "Cleanup", Time since last: 2000151700 ns, Reaching safepoint: 99600 ns, At safepoint: 4700 ns, Total: 104300 ns
[2020-10-05T10:45:16.509+0000][34308][safepoint    ] Safepoint "Cleanup", Time since last: 1000598700 ns, Reaching safepoint: 99500 ns, At safepoint: 10700 ns, Total: 110200 ns
[2020-10-05T10:45:17.510+0000][34308][safepoint    ] Safepoint "Cleanup", Time since last: 1000773700 ns, Reaching safepoint: 120700 ns, At safepoint: 5900 ns, Total: 126600 ns
[2020-10-05T10:45:18.511+0000][34308][safepoint    ] Safepoint "Cleanup", Time since last: 1000447000 ns, Reaching safepoint: 111000 ns, At safepoint: 4600 ns, Total: 115600 ns
[2020-10-05T10:45:19.511+0000][34308][safepoint    ] Safepoint "Cleanup", Time since last: 1000355900 ns, Reaching safepoint: 109400 ns, At safepoint: 4900 ns, Total: 114300 ns
[2020-10-05T10:45:20.512+0000][34308][safepoint    ] Safepoint "Cleanup", Time since last: 1000494700 ns, Reaching safepoint: 143200 ns, At safepoint: 6100 ns, Total: 149300 ns
[2020-10-05T10:45:21.512+0000][34308][safepoint    ] Safepoint "Cleanup", Time since last: 1000003400 ns, Reaching safepoint: 181300 ns, At safepoint: 4800 ns, Total: 186100 ns
[2020-10-05T10:45:22.512+0000][34308][safepoint    ] Safepoint "Cleanup", Time since last: 1000179000 ns, Reaching safepoint: 110200 ns, At safepoint: 4100 ns, Total: 114300 ns
[2020-10-05T10:45:23.513+0000][34308][safepoint    ] Safepoint "Cleanup", Time since last: 1000287700 ns, Reaching safepoint: 150400 ns, At safepoint: 4500 ns, Total: 154900 ns
[2020-10-05T10:45:24.513+0000][34308][safepoint    ] Safepoint "Cleanup", Time since last: 1000154600 ns, Reaching safepoint: 113100 ns, At safepoint: 3200 ns, Total: 116300 ns
[2020-10-05T10:45:25.513+0000][34308][safepoint    ] Safepoint "Cleanup", Time since last: 1000091800 ns, Reaching safepoint: 109000 ns, At safepoint: 12300 ns, Total: 121300 ns
[2020-10-05T10:45:26.514+0000][34308][safepoint    ] Safepoint "Cleanup", Time since last: 1000091800 ns, Reaching safepoint: 108300 ns, At safepoint: 2800 ns, Total: 111100 ns
[2020-10-05T10:45:28.514+0000][34308][safepoint    ] Safepoint "Cleanup", Time since last: 2000114000 ns, Reaching safepoint: 115300 ns, At safepoint: 4900 ns, Total: 120200 ns
[2020-10-05T10:45:29.515+0000][34308][safepoint    ] Safepoint "Cleanup", Time since last: 1000736800 ns, Reaching safepoint: 141700 ns, At safepoint: 4000 ns, Total: 145700 ns
[2020-10-05T10:45:30.515+0000][34308][safepoint    ] Safepoint "Cleanup", Time since last: 1000122800 ns, Reaching safepoint: 161900 ns, At safepoint: 5000 ns, Total: 166900 ns
[2020-10-05T10:45:31.515+0000][34308][safepoint    ] Safepoint "Cleanup", Time since last: 1000029300 ns, Reaching safepoint: 138700 ns, At safepoint: 5800 ns, Total: 144500 ns
[2020-10-05T10:45:32.516+0000][34308][safepoint    ] Safepoint "Cleanup", Time since last: 1000568600 ns, Reaching safepoint: 115100 ns, At safepoint: 5100 ns, Total: 120200 ns
[2020-10-05T10:45:33.517+0000][34308][safepoint    ] Safepoint "Cleanup", Time since last: 1000706700 ns, Reaching safepoint: 98600 ns, At safepoint: 5300 ns, Total: 103900 ns
[2020-10-05T10:45:34.517+0000][34308][safepoint    ] Safepoint "Cleanup", Time since last: 1000425400 ns, Reaching safepoint: 122000 ns, At safepoint: 6300 ns, Total: 128300 ns
[2020-10-05T10:45:35.518+0000][34308][safepoint    ] Safepoint "Cleanup", Time since last: 1000373500 ns, Reaching safepoint: 108900 ns, At safepoint: 5000 ns, Total: 113900 ns
[2020-10-05T10:45:36.519+0000][34308][safepoint    ] Safepoint "Cleanup", Time since last: 1000814400 ns, Reaching safepoint: 117700 ns, At safepoint: 5300 ns, Total: 123000 ns
[2020-10-05T10:45:37.520+0000][34308][safepoint    ] Safepoint "Cleanup", Time since last: 1000695700 ns, Reaching safepoint: 123800 ns, At safepoint: 5400 ns, Total: 129200 ns
[2020-10-05T10:45:38.520+0000][34308][safepoint    ] Safepoint "Cleanup", Time since last: 1000538700 ns, Reaching safepoint: 85800 ns, At safepoint: 2500 ns, Total: 88300 ns
[2020-10-05T10:45:39.521+0000][34308][safepoint    ] Safepoint "Cleanup", Time since last: 1000237800 ns, Reaching safepoint: 209700 ns, At safepoint: 52200 ns, Total: 261900 ns
[2020-10-05T10:45:40.521+0000][34308][safepoint    ] Safepoint "Cleanup", Time since last: 1000711200 ns, Reaching safepoint: 90900 ns, At safepoint: 2900 ns, Total: 93800 ns
[2020-10-05T10:45:41.522+0000][34308][safepoint    ] Safepoint "Cleanup", Time since last: 1000822200 ns, Reaching safepoint: 105100 ns, At safepoint: 4300 ns, Total: 109400 ns
[2020-10-05T10:45:42.523+0000][34308][safepoint    ] Safepoint "Cleanup", Time since last: 1000729100 ns, Reaching safepoint: 243400 ns, At safepoint: 5100 ns, Total: 248500 ns
[2020-10-05T10:45:43.524+0000][34308][safepoint    ] Safepoint "Cleanup", Time since last: 1000566500 ns, Reaching safepoint: 220300 ns, At safepoint: 24400 ns, Total: 244700 ns
[2020-10-05T10:45:44.524+0000][34308][safepoint    ] Safepoint "Cleanup", Time since last: 1000016500 ns, Reaching safepoint: 112500 ns, At safepoint: 4300 ns, Total: 116800 ns
[2020-10-05T10:45:45.525+0000][34308][safepoint    ] Safepoint "Cleanup", Time since last: 1000584500 ns, Reaching safepoint: 101400 ns, At safepoint: 2600 ns, Total: 104000 ns
[2020-10-05T10:45:46.525+0000][34308][safepoint    ] Safepoint "Cleanup", Time since last: 1000232500 ns, Reaching safepoint: 116300 ns, At safepoint: 4400 ns, Total: 120700 ns
[2020-10-05T10:45:47.526+0000][34308][safepoint    ] Safepoint "Cleanup", Time since last: 1000506700 ns, Reaching safepoint: 103200 ns, At safepoint: 20500 ns, Total: 123700 ns
[2020-10-05T10:45:48.526+0000][34308][safepoint    ] Safepoint "Cleanup", Time since last: 1000334400 ns, Reaching safepoint: 119900 ns, At safepoint: 14200 ns, Total: 134100 ns
[2020-10-05T10:45:49.527+0000][34308][safepoint    ] Safepoint "Cleanup", Time since last: 1000419000 ns, Reaching safepoint: 111000 ns, At safepoint: 5700 ns, Total: 116700 ns
[2020-10-05T10:45:50.528+0000][34308][safepoint    ] Safepoint "Cleanup", Time since last: 1000582500 ns, Reaching safepoint: 101700 ns, At safepoint: 4500 ns, Total: 106200 ns
[2020-10-05T10:45:51.528+0000][34308][safepoint    ] Safepoint "Cleanup", Time since last: 1000176200 ns, Reaching safepoint: 116100 ns, At safepoint: 49800 ns, Total: 165900 ns
[2020-10-05T10:45:52.528+0000][34308][safepoint    ] Safepoint "Cleanup", Time since last: 1000275600 ns, Reaching safepoint: 120200 ns, At safepoint: 22400 ns, Total: 142600 ns
[2020-10-05T10:45:53.529+0000][34308][safepoint    ] Safepoint "Cleanup", Time since last: 1000077100 ns, Reaching safepoint: 104000 ns, At safepoint: 4800 ns, Total: 108800 ns
[2020-10-05T10:45:54.529+0000][34308][safepoint    ] Safepoint "Cleanup", Time since last: 1000168600 ns, Reaching safepoint: 99400 ns, At safepoint: 5600 ns, Total: 105000 ns
[2020-10-05T10:45:55.530+0000][34308][safepoint    ] Safepoint "Cleanup", Time since last: 1000550200 ns, Reaching safepoint: 110800 ns, At safepoint: 20300 ns, Total: 131100 ns
[2020-10-05T10:45:56.530+0000][34308][safepoint    ] Safepoint "Cleanup", Time since last: 1000660600 ns, Reaching safepoint: 133700 ns, At safepoint: 15700 ns, Total: 149400 ns
[2020-10-05T10:45:57.531+0000][34308][safepoint    ] Safepoint "Cleanup", Time since last: 1000528900 ns, Reaching safepoint: 122700 ns, At safepoint: 30500 ns, Total: 153200 ns
[2020-10-05T10:45:58.531+0000][34308][safepoint    ] Safepoint "Cleanup", Time since last: 1000135100 ns, Reaching safepoint: 192000 ns, At safepoint: 16600 ns, Total: 208600 ns
[2020-10-05T10:45:59.532+0000][34308][safepoint    ] Safepoint "Cleanup", Time since last: 1000203900 ns, Reaching safepoint: 119700 ns, At safepoint: 4400 ns, Total: 124100 ns
[2020-10-05T10:46:00.533+0000][34308][safepoint    ] Safepoint "Cleanup", Time since last: 1000651900 ns, Reaching safepoint: 173300 ns, At safepoint: 6200 ns, Total: 179500 ns
[2020-10-05T10:46:01.533+0000][34308][safepoint    ] Safepoint "Cleanup", Time since last: 1000214800 ns, Reaching safepoint: 200500 ns, At safepoint: 24500 ns, Total: 225000 ns
[2020-10-05T10:46:02.533+0000][34308][safepoint    ] Safepoint "Cleanup", Time since last: 1000109300 ns, Reaching safepoint: 176800 ns, At safepoint: 40200 ns, Total: 217000 ns
[2020-10-05T10:46:03.534+0000][34308][safepoint    ] Safepoint "Cleanup", Time since last: 1000062500 ns, Reaching safepoint: 247400 ns, At safepoint: 26300 ns, Total: 273700 ns
[2020-10-05T10:46:04.534+0000][34308][safepoint    ] Safepoint "Cleanup", Time since last: 1000572600 ns, Reaching safepoint: 207800 ns, At safepoint: 31100 ns, Total: 238900 ns
[2020-10-05T10:46:05.535+0000][34308][safepoint    ] Safepoint "Cleanup", Time since last: 1000063800 ns, Reaching safepoint: 143500 ns, At safepoint: 30300 ns, Total: 173800 ns
[2020-10-05T10:46:06.535+0000][34308][safepoint    ] Safepoint "Cleanup", Time since last: 1000283600 ns, Reaching safepoint: 207000 ns, At safepoint: 22000 ns, Total: 229000 ns
[2020-10-05T10:46:07.536+0000][34308][safepoint    ] Safepoint "Cleanup", Time since last: 1000613500 ns, Reaching safepoint: 265700 ns, At safepoint: 51200 ns, Total: 316900 ns
[2020-10-05T10:46:09.537+0000][34308][safepoint    ] Safepoint "Cleanup", Time since last: 2000932800 ns, Reaching safepoint: 185700 ns, At safepoint: 21300 ns, Total: 207000 ns
[2020-10-05T10:46:10.538+0000][34308][safepoint    ] Safepoint "Cleanup", Time since last: 1000612300 ns, Reaching safepoint: 243400 ns, At safepoint: 66200 ns, Total: 309600 ns
[2020-10-05T10:46:12.538+0000][34308][safepoint    ] Safepoint "Cleanup", Time since last: 1999754900 ns, Reaching safepoint: 207000 ns, At safepoint: 8800 ns, Total: 215800 ns
[2020-10-05T10:46:14.539+0000][34308][safepoint    ] Safepoint "Cleanup", Time since last: 2000486600 ns, Reaching safepoint: 178500 ns, At safepoint: 8400 ns, Total: 186900 ns
[2020-10-05T10:46:15.540+0000][34308][safepoint    ] Safepoint "Cleanup", Time since last: 1000446000 ns, Reaching safepoint: 181300 ns, At safepoint: 65200 ns, Total: 246500 ns
[2020-10-05T10:46:16.540+0000][34308][safepoint    ] Safepoint "Cleanup", Time since last: 1000060200 ns, Reaching safepoint: 215100 ns, At safepoint: 37800 ns, Total: 252900 ns
[2020-10-05T10:46:18.541+0000][34308][safepoint    ] Safepoint "Cleanup", Time since last: 2000504400 ns, Reaching safepoint: 141600 ns, At safepoint: 65600 ns, Total: 207200 ns
[2020-10-05T10:46:19.541+0000][34308][safepoint    ] Safepoint "Cleanup", Time since last: 1000628100 ns, Reaching safepoint: 225600 ns, At safepoint: 19100 ns, Total: 244700 ns
[2020-10-05T10:46:20.542+0000][34308][safepoint    ] Safepoint "Cleanup", Time since last: 1000005900 ns, Reaching safepoint: 157000 ns, At safepoint: 36200 ns, Total: 193200 ns
[2020-10-05T10:46:21.543+0000][34308][safepoint    ] Safepoint "Cleanup", Time since last: 1000792700 ns, Reaching safepoint: 164800 ns, At safepoint: 39300 ns, Total: 204100 ns
[2020-10-05T10:46:23.543+0000][34308][safepoint    ] Safepoint "Cleanup", Time since last: 2000286100 ns, Reaching safepoint: 185700 ns, At safepoint: 22800 ns, Total: 208500 ns
[2020-10-05T10:46:24.543+0000][34308][safepoint    ] Safepoint "Cleanup", Time since last: 1000026300 ns, Reaching safepoint: 189800 ns, At safepoint: 63000 ns, Total: 252800 ns
[2020-10-05T10:46:25.544+0000][34308][safepoint    ] Safepoint "Cleanup", Time since last: 1000015600 ns, Reaching safepoint: 154000 ns, At safepoint: 8700 ns, Total: 162700 ns
[2020-10-05T10:46:26.544+0000][34308][safepoint    ] Safepoint "Cleanup", Time since last: 1000592800 ns, Reaching safepoint: 173200 ns, At safepoint: 30000 ns, Total: 203200 ns
[2020-10-05T10:46:28.545+0000][34308][safepoint    ] Safepoint "Cleanup", Time since last: 2000260100 ns, Reaching safepoint: 211500 ns, At safepoint: 22500 ns, Total: 234000 ns
[2020-10-05T10:46:30.546+0000][34308][safepoint    ] Safepoint "Cleanup", Time since last: 2000802900 ns, Reaching safepoint: 217400 ns, At safepoint: 44000 ns, Total: 261400 ns
[2020-10-05T10:46:31.547+0000][34308][safepoint    ] Safepoint "Cleanup", Time since last: 1000209500 ns, Reaching safepoint: 182100 ns, At safepoint: 58100 ns, Total: 240200 ns
[2020-10-05T10:46:32.547+0000][34308][safepoint    ] Safepoint "Cleanup", Time since last: 1000700000 ns, Reaching safepoint: 194300 ns, At safepoint: 68600 ns, Total: 262900 ns
[2020-10-05T10:46:33.548+0000][34308][safepoint    ] Safepoint "Cleanup", Time since last: 1000040000 ns, Reaching safepoint: 210500 ns, At safepoint: 23600 ns, Total: 234100 ns
[2020-10-05T10:46:34.548+0000][34308][safepoint    ] Safepoint "Cleanup", Time since last: 1000082700 ns, Reaching safepoint: 167800 ns, At safepoint: 7700 ns, Total: 175500 ns
[2020-10-05T10:46:35.549+0000][34308][safepoint    ] Safepoint "Cleanup", Time since last: 1000563000 ns, Reaching safepoint: 208200 ns, At safepoint: 30600 ns, Total: 238800 ns
[2020-10-05T10:46:37.549+0000][34308][safepoint    ] Safepoint "Cleanup", Time since last: 2000321400 ns, Reaching safepoint: 188300 ns, At safepoint: 22900 ns, Total: 211200 ns
[2020-10-05T10:46:38.550+0000][34308][safepoint    ] Safepoint "Cleanup", Time since last: 1000336400 ns, Reaching safepoint: 222400 ns, At safepoint: 65600 ns, Total: 288000 ns
[2020-10-05T10:46:39.550+0000][34308][safepoint    ] Safepoint "Cleanup", Time since last: 1000075300 ns, Reaching safepoint: 166600 ns, At safepoint: 26400 ns, Total: 193000 ns
[2020-10-05T10:46:40.551+0000][34308][safepoint    ] Safepoint "Cleanup", Time since last: 1000119900 ns, Reaching safepoint: 198600 ns, At safepoint: 28300 ns, Total: 226900 ns
[2020-10-05T10:46:41.552+0000][34308][safepoint    ] Safepoint "Cleanup", Time since last: 1000648300 ns, Reaching safepoint: 210800 ns, At safepoint: 16900 ns, Total: 227700 ns
[2020-10-05T10:46:42.552+0000][34308][safepoint    ] Safepoint "Cleanup", Time since last: 1000700300 ns, Reaching safepoint: 178300 ns, At safepoint: 59500 ns, Total: 237800 ns
[2020-10-05T10:46:43.553+0000][34308][safepoint    ] Safepoint "Cleanup", Time since last: 1000371900 ns, Reaching safepoint: 289800 ns, At safepoint: 24400 ns, Total: 314200 ns
[2020-10-05T10:46:44.554+0000][34308][safepoint    ] Safepoint "Cleanup", Time since last: 1000550400 ns, Reaching safepoint: 261700 ns, At safepoint: 75200 ns, Total: 336900 ns
[2020-10-05T10:46:46.376+0000][34308][safepoint    ] Safepoint "Cleanup", Time since last: 1822157900 ns, Reaching safepoint: 105700 ns, At safepoint: 19600 ns, Total: 125300 ns
[2020-10-05T10:46:48.377+0000][34308][safepoint    ] Safepoint "Cleanup", Time since last: 2000261700 ns, Reaching safepoint: 117200 ns, At safepoint: 4500 ns, Total: 121700 ns
[2020-10-05T10:46:50.378+0000][34308][safepoint    ] Safepoint "Cleanup", Time since last: 2000875400 ns, Reaching safepoint: 113000 ns, At safepoint: 4900 ns, Total: 117900 ns
[2020-10-05T10:46:51.379+0000][34308][safepoint    ] Safepoint "Cleanup", Time since last: 1000726000 ns, Reaching safepoint: 108900 ns, At safepoint: 5200 ns, Total: 114100 ns
[2020-10-05T10:46:52.380+0000][34308][safepoint    ] Safepoint "Cleanup", Time since last: 1000853100 ns, Reaching safepoint: 122400 ns, At safepoint: 5800 ns, Total: 128200 ns
[2020-10-05T10:46:53.380+0000][34308][safepoint    ] Safepoint "Cleanup", Time since last: 1000485000 ns, Reaching safepoint: 110700 ns, At safepoint: 3300 ns, Total: 114000 ns
[2020-10-05T10:46:54.381+0000][34308][safepoint    ] Safepoint "Cleanup", Time since last: 1000490400 ns, Reaching safepoint: 94800 ns, At safepoint: 5700 ns, Total: 100500 ns
[2020-10-05T10:46:55.381+0000][34308][safepoint    ] Safepoint "Cleanup", Time since last: 1000426400 ns, Reaching safepoint: 89600 ns, At safepoint: 4500 ns, Total: 94100 ns
[2020-10-05T10:46:56.382+0000][34308][safepoint    ] Safepoint "Cleanup", Time since last: 1000150400 ns, Reaching safepoint: 107800 ns, At safepoint: 5600 ns, Total: 113400 ns
[2020-10-05T10:46:57.383+0000][34308][safepoint    ] Safepoint "Cleanup", Time since last: 1000854700 ns, Reaching safepoint: 104400 ns, At safepoint: 5700 ns, Total: 110100 ns
[2020-10-05T10:46:58.383+0000][34308][safepoint    ] Safepoint "Cleanup", Time since last: 1000624000 ns, Reaching safepoint: 105800 ns, At safepoint: 5400 ns, Total: 111200 ns
[2020-10-05T10:47:00.384+0000][34308][safepoint    ] Safepoint "Cleanup", Time since last: 2000461100 ns, Reaching safepoint: 96900 ns, At safepoint: 5400 ns, Total: 102300 ns
[2020-10-05T10:47:01.384+0000][34308][safepoint    ] Safepoint "Cleanup", Time since last: 1000009900 ns, Reaching safepoint: 215700 ns, At safepoint: 7800 ns, Total: 223500 ns
[2020-10-05T10:47:02.385+0000][34308][safepoint    ] Safepoint "Cleanup", Time since last: 1000680200 ns, Reaching safepoint: 112400 ns, At safepoint: 5900 ns, Total: 118300 ns
[2020-10-05T10:47:03.386+0000][34308][safepoint    ] Safepoint "Cleanup", Time since last: 1000765900 ns, Reaching safepoint: 130000 ns, At safepoint: 5700 ns, Total: 135700 ns
[2020-10-05T10:47:04.387+0000][34308][safepoint    ] Safepoint "Cleanup", Time since last: 1000684200 ns, Reaching safepoint: 102900 ns, At safepoint: 5500 ns, Total: 108400 ns
[2020-10-05T10:47:05.387+0000][34308][safepoint    ] Safepoint "Cleanup", Time since last: 1000570500 ns, Reaching safepoint: 120900 ns, At safepoint: 20000 ns, Total: 140900 ns
[2020-10-05T10:47:06.388+0000][34308][safepoint    ] Safepoint "Cleanup", Time since last: 1000395200 ns, Reaching safepoint: 111000 ns, At safepoint: 6100 ns, Total: 117100 ns
[2020-10-05T10:47:07.388+0000][34308][safepoint    ] Safepoint "Cleanup", Time since last: 1000138900 ns, Reaching safepoint: 95500 ns, At safepoint: 4900 ns, Total: 100400 ns
[2020-10-05T10:47:08.389+0000][34308][safepoint    ] Safepoint "Cleanup", Time since last: 1000480100 ns, Reaching safepoint: 108100 ns, At safepoint: 5000 ns, Total: 113100 ns
[2020-10-05T10:47:09.389+0000][34308][safepoint    ] Safepoint "Cleanup", Time since last: 1000072400 ns, Reaching safepoint: 97200 ns, At safepoint: 4800 ns, Total: 102000 ns
[2020-10-05T10:47:10.390+0000][34308][safepoint    ] Safepoint "Cleanup", Time since last: 1000865100 ns, Reaching safepoint: 118500 ns, At safepoint: 5000 ns, Total: 123500 ns
[2020-10-05T10:47:11.390+0000][34308][safepoint    ] Safepoint "Cleanup", Time since last: 1000057000 ns, Reaching safepoint: 397600 ns, At safepoint: 25100 ns, Total: 422700 ns
[2020-10-05T10:47:12.391+0000][34308][safepoint    ] Safepoint "Cleanup", Time since last: 1000127500 ns, Reaching safepoint: 110700 ns, At safepoint: 5600 ns, Total: 116300 ns
[2020-10-05T10:47:14.391+0000][34308][safepoint    ] Safepoint "Cleanup", Time since last: 2000228800 ns, Reaching safepoint: 96300 ns, At safepoint: 6200 ns, Total: 102500 ns
[2020-10-05T10:47:15.392+0000][34308][safepoint    ] Safepoint "Cleanup", Time since last: 1000467900 ns, Reaching safepoint: 101800 ns, At safepoint: 4100 ns, Total: 105900 ns
[2020-10-05T10:47:16.392+0000][34308][safepoint    ] Safepoint "Cleanup", Time since last: 1000286100 ns, Reaching safepoint: 89000 ns, At safepoint: 7100 ns, Total: 96100 ns
[2020-10-05T10:47:17.393+0000][34308][safepoint    ] Safepoint "Cleanup", Time since last: 1000778000 ns, Reaching safepoint: 117800 ns, At safepoint: 5600 ns, Total: 123400 ns
[2020-10-05T10:47:18.393+0000][34308][safepoint    ] Safepoint "Cleanup", Time since last: 1000449100 ns, Reaching safepoint: 140500 ns, At safepoint: 4700 ns, Total: 145200 ns
[2020-10-05T10:47:19.394+0000][34308][safepoint    ] Safepoint "Cleanup", Time since last: 1000239000 ns, Reaching safepoint: 94700 ns, At safepoint: 4800 ns, Total: 99500 ns
[2020-10-05T10:47:20.394+0000][34308][safepoint    ] Safepoint "Cleanup", Time since last: 1000525200 ns, Reaching safepoint: 123100 ns, At safepoint: 22300 ns, Total: 145400 ns
[2020-10-05T10:47:21.395+0000][34308][safepoint    ] Safepoint "Cleanup", Time since last: 1000199400 ns, Reaching safepoint: 115500 ns, At safepoint: 2800 ns, Total: 118300 ns
[2020-10-05T10:47:22.396+0000][34308][safepoint    ] Safepoint "Cleanup", Time since last: 1000880100 ns, Reaching safepoint: 105400 ns, At safepoint: 5400 ns, Total: 110800 ns
[2020-10-05T10:47:23.396+0000][34308][safepoint    ] Safepoint "Cleanup", Time since last: 1000074500 ns, Reaching safepoint: 100600 ns, At safepoint: 4900 ns, Total: 105500 ns
[2020-10-05T10:47:24.397+0000][34308][safepoint    ] Safepoint "Cleanup", Time since last: 1000728100 ns, Reaching safepoint: 93500 ns, At safepoint: 4800 ns, Total: 98300 ns
[2020-10-05T10:47:25.398+0000][34308][safepoint    ] Safepoint "Cleanup", Time since last: 1000755300 ns, Reaching safepoint: 158400 ns, At safepoint: 5100 ns, Total: 163500 ns
[2020-10-05T10:47:27.398+0000][34308][safepoint    ] Safepoint "Cleanup", Time since last: 2000219200 ns, Reaching safepoint: 150900 ns, At safepoint: 7500 ns, Total: 158400 ns
[2020-10-05T10:47:28.399+0000][34308][safepoint    ] Safepoint "Cleanup", Time since last: 1000242500 ns, Reaching safepoint: 106600 ns, At safepoint: 6000 ns, Total: 112600 ns
[2020-10-05T10:47:29.399+0000][34308][safepoint    ] Safepoint "Cleanup", Time since last: 1000580600 ns, Reaching safepoint: 118500 ns, At safepoint: 13200 ns, Total: 131700 ns
[2020-10-05T10:47:30.399+0000][34308][safepoint    ] Safepoint "Cleanup", Time since last: 1000100000 ns, Reaching safepoint: 126600 ns, At safepoint: 4800 ns, Total: 131400 ns
[2020-10-05T10:47:31.400+0000][34308][safepoint    ] Safepoint "Cleanup", Time since last: 1000219400 ns, Reaching safepoint: 133800 ns, At safepoint: 8800 ns, Total: 142600 ns
[2020-10-05T10:47:32.400+0000][34308][safepoint    ] Safepoint "Cleanup", Time since last: 1000544600 ns, Reaching safepoint: 107400 ns, At safepoint: 4600 ns, Total: 112000 ns
[2020-10-05T10:47:34.401+0000][34308][safepoint    ] Safepoint "Cleanup", Time since last: 2000698200 ns, Reaching safepoint: 135500 ns, At safepoint: 4900 ns, Total: 140400 ns
[2020-10-05T10:47:35.402+0000][34308][safepoint    ] Safepoint "Cleanup", Time since last: 1000831600 ns, Reaching safepoint: 116400 ns, At safepoint: 5600 ns, Total: 122000 ns
[2020-10-05T10:47:36.415+0000][34308][safepoint    ] Safepoint "Cleanup", Time since last: 1013249100 ns, Reaching safepoint: 348200 ns, At safepoint: 8200 ns, Total: 356400 ns
[2020-10-05T10:47:37.416+0000][34308][safepoint    ] Safepoint "Cleanup", Time since last: 1000023400 ns, Reaching safepoint: 295900 ns, At safepoint: 12200 ns, Total: 308100 ns
[2020-10-05T10:47:38.417+0000][34308][safepoint    ] Safepoint "Cleanup", Time since last: 1000689700 ns, Reaching safepoint: 99600 ns, At safepoint: 2400 ns, Total: 102000 ns
[2020-10-05T10:47:39.418+0000][34308][safepoint    ] Safepoint "Cleanup", Time since last: 1000430000 ns, Reaching safepoint: 105100 ns, At safepoint: 3200 ns, Total: 108300 ns
[2020-10-05T10:47:40.418+0000][34308][safepoint    ] Safepoint "Cleanup", Time since last: 1000361600 ns, Reaching safepoint: 124100 ns, At safepoint: 4800 ns, Total: 128900 ns
[2020-10-05T10:47:41.419+0000][34308][safepoint    ] Safepoint "Cleanup", Time since last: 1000764400 ns, Reaching safepoint: 108900 ns, At safepoint: 5100 ns, Total: 114000 ns
[2020-10-05T10:47:42.420+0000][34308][safepoint    ] Safepoint "Cleanup", Time since last: 1000652400 ns, Reaching safepoint: 126800 ns, At safepoint: 4200 ns, Total: 131000 ns
[2020-10-05T10:47:43.420+0000][34308][safepoint    ] Safepoint "Cleanup", Time since last: 1000433200 ns, Reaching safepoint: 99100 ns, At safepoint: 4600 ns, Total: 103700 ns
[2020-10-05T10:47:44.421+0000][34308][safepoint    ] Safepoint "Cleanup", Time since last: 1000490800 ns, Reaching safepoint: 199900 ns, At safepoint: 11300 ns, Total: 211200 ns
[2020-10-05T10:47:46.421+0000][34308][safepoint    ] Safepoint "Cleanup", Time since last: 2000211100 ns, Reaching safepoint: 109500 ns, At safepoint: 5200 ns, Total: 114700 ns
[2020-10-05T10:47:47.422+0000][34308][safepoint    ] Safepoint "Cleanup", Time since last: 1000692800 ns, Reaching safepoint: 123600 ns, At safepoint: 5300 ns, Total: 128900 ns
[2020-10-05T10:47:48.422+0000][34308][safepoint    ] Safepoint "Cleanup", Time since last: 1000066700 ns, Reaching safepoint: 106900 ns, At safepoint: 5600 ns, Total: 112500 ns
[2020-10-05T10:47:49.423+0000][34308][safepoint    ] Safepoint "Cleanup", Time since last: 1000681700 ns, Reaching safepoint: 113500 ns, At safepoint: 3800 ns, Total: 117300 ns
[2020-10-05T10:47:51.424+0000][34308][safepoint    ] Safepoint "Cleanup", Time since last: 2000433300 ns, Reaching safepoint: 141000 ns, At safepoint: 20600 ns, Total: 161600 ns
[2020-10-05T10:47:52.424+0000][34308][safepoint    ] Safepoint "Cleanup", Time since last: 1000306700 ns, Reaching safepoint: 113800 ns, At safepoint: 6100 ns, Total: 119900 ns
[2020-10-05T10:47:53.424+0000][34308][safepoint    ] Safepoint "Cleanup", Time since last: 1000061000 ns, Reaching safepoint: 109500 ns, At safepoint: 5100 ns, Total: 114600 ns
[2020-10-05T10:47:54.424+0000][34308][safepoint    ] Safepoint "Cleanup", Time since last: 1000038800 ns, Reaching safepoint: 108300 ns, At safepoint: 4300 ns, Total: 112600 ns
[2020-10-05T10:47:55.425+0000][34308][safepoint    ] Safepoint "Cleanup", Time since last: 1000844000 ns, Reaching safepoint: 93000 ns, At safepoint: 51900 ns, Total: 144900 ns
[2020-10-05T10:47:56.426+0000][34308][safepoint    ] Safepoint "Cleanup", Time since last: 1000635500 ns, Reaching safepoint: 94200 ns, At safepoint: 3200 ns, Total: 97400 ns
[2020-10-05T10:47:58.427+0000][34308][safepoint    ] Safepoint "Cleanup", Time since last: 2000415000 ns, Reaching safepoint: 147400 ns, At safepoint: 4500 ns, Total: 151900 ns
[2020-10-05T10:48:00.427+0000][34308][safepoint    ] Safepoint "Cleanup", Time since last: 1999944700 ns, Reaching safepoint: 111200 ns, At safepoint: 7400 ns, Total: 118600 ns
[2020-10-05T10:48:02.428+0000][34308][safepoint    ] Safepoint "Cleanup", Time since last: 2000654000 ns, Reaching safepoint: 114800 ns, At safepoint: 5300 ns, Total: 120100 ns
[2020-10-05T10:48:03.428+0000][34308][safepoint    ] Safepoint "Cleanup", Time since last: 1000570500 ns, Reaching safepoint: 93100 ns, At safepoint: 5000 ns, Total: 98100 ns
[2020-10-05T10:48:05.429+0000][34308][safepoint    ] Safepoint "Cleanup", Time since last: 2000754100 ns, Reaching safepoint: 122200 ns, At safepoint: 4900 ns, Total: 127100 ns
[2020-10-05T10:48:06.430+0000][34308][safepoint    ] Safepoint "Cleanup", Time since last: 1000545200 ns, Reaching safepoint: 261400 ns, At safepoint: 7000 ns, Total: 268400 ns
[2020-10-05T10:48:08.431+0000][34308][safepoint    ] Safepoint "Cleanup", Time since last: 2000643000 ns, Reaching safepoint: 107200 ns, At safepoint: 5900 ns, Total: 113100 ns
[2020-10-05T10:48:09.431+0000][34308][safepoint    ] Safepoint "Cleanup", Time since last: 1000087100 ns, Reaching safepoint: 104000 ns, At safepoint: 6900 ns, Total: 110900 ns
[2020-10-05T10:48:10.431+0000][34308][safepoint    ] Safepoint "Cleanup", Time since last: 1000002100 ns, Reaching safepoint: 99800 ns, At safepoint: 5000 ns, Total: 104800 ns
[2020-10-05T10:48:11.432+0000][34308][safepoint    ] Safepoint "Cleanup", Time since last: 1000431000 ns, Reaching safepoint: 93500 ns, At safepoint: 4500 ns, Total: 98000 ns
[2020-10-05T10:48:12.432+0000][34308][safepoint    ] Safepoint "Cleanup", Time since last: 1000679800 ns, Reaching safepoint: 127700 ns, At safepoint: 6400 ns, Total: 134100 ns
[2020-10-05T10:48:13.433+0000][34308][safepoint    ] Safepoint "Cleanup", Time since last: 1000445900 ns, Reaching safepoint: 108600 ns, At safepoint: 5000 ns, Total: 113600 ns
[2020-10-05T10:48:14.434+0000][34308][safepoint    ] Safepoint "Cleanup", Time since last: 1000583700 ns, Reaching safepoint: 194200 ns, At safepoint: 4900 ns, Total: 199100 ns
[2020-10-05T10:48:15.434+0000][34308][safepoint    ] Safepoint "Cleanup", Time since last: 1000277100 ns, Reaching safepoint: 101000 ns, At safepoint: 5200 ns, Total: 106200 ns
[2020-10-05T10:48:16.435+0000][34308][safepoint    ] Safepoint "Cleanup", Time since last: 1000565000 ns, Reaching safepoint: 109200 ns, At safepoint: 4900 ns, Total: 114100 ns
[2020-10-05T10:48:17.435+0000][34308][safepoint    ] Safepoint "Cleanup", Time since last: 1000483300 ns, Reaching safepoint: 105100 ns, At safepoint: 3000 ns, Total: 108100 ns
[2020-10-05T10:48:18.436+0000][34308][safepoint    ] Safepoint "Cleanup", Time since last: 1000368800 ns, Reaching safepoint: 123400 ns, At safepoint: 7300 ns, Total: 130700 ns
[2020-10-05T10:48:19.436+0000][34308][safepoint    ] Safepoint "Cleanup", Time since last: 1000305000 ns, Reaching safepoint: 163000 ns, At safepoint: 6700 ns, Total: 169700 ns
[2020-10-05T10:48:20.437+0000][34308][safepoint    ] Safepoint "Cleanup", Time since last: 1000800900 ns, Reaching safepoint: 114300 ns, At safepoint: 6200 ns, Total: 120500 ns
[2020-10-05T10:48:21.438+0000][34308][safepoint    ] Safepoint "Cleanup", Time since last: 1000541800 ns, Reaching safepoint: 111800 ns, At safepoint: 5300 ns, Total: 117100 ns
[2020-10-05T10:48:23.439+0000][34308][safepoint    ] Safepoint "Cleanup", Time since last: 2000906900 ns, Reaching safepoint: 97300 ns, At safepoint: 4800 ns, Total: 102100 ns
[2020-10-05T10:48:24.440+0000][34308][safepoint    ] Safepoint "Cleanup", Time since last: 1000574600 ns, Reaching safepoint: 184600 ns, At safepoint: 5100 ns, Total: 189700 ns
[2020-10-05T10:48:25.441+0000][34308][safepoint    ] Safepoint "Cleanup", Time since last: 1000698100 ns, Reaching safepoint: 76900 ns, At safepoint: 4100 ns, Total: 81000 ns
[2020-10-05T10:48:26.441+0000][34308][safepoint    ] Safepoint "Cleanup", Time since last: 1000617700 ns, Reaching safepoint: 141700 ns, At safepoint: 4500 ns, Total: 146200 ns
[2020-10-05T10:48:27.442+0000][34308][safepoint    ] Safepoint "Cleanup", Time since last: 1000489400 ns, Reaching safepoint: 111200 ns, At safepoint: 6000 ns, Total: 117200 ns
[2020-10-05T10:48:28.443+0000][34308][safepoint    ] Safepoint "Cleanup", Time since last: 1000545700 ns, Reaching safepoint: 110300 ns, At safepoint: 19800 ns, Total: 130100 ns
[2020-10-05T10:48:29.443+0000][34308][safepoint    ] Safepoint "Cleanup", Time since last: 1000206200 ns, Reaching safepoint: 105400 ns, At safepoint: 5300 ns, Total: 110700 ns
[2020-10-05T10:48:30.444+0000][34308][safepoint    ] Safepoint "Cleanup", Time since last: 1000589400 ns, Reaching safepoint: 91200 ns, At safepoint: 3800 ns, Total: 95000 ns
[2020-10-05T10:48:31.444+0000][34308][safepoint    ] Safepoint "Cleanup", Time since last: 1000505300 ns, Reaching safepoint: 140100 ns, At safepoint: 6400 ns, Total: 146500 ns
[2020-10-05T10:48:32.445+0000][34308][safepoint    ] Safepoint "Cleanup", Time since last: 1000822800 ns, Reaching safepoint: 84000 ns, At safepoint: 3600 ns, Total: 87600 ns
[2020-10-05T10:48:33.446+0000][34308][safepoint    ] Safepoint "Cleanup", Time since last: 1000494600 ns, Reaching safepoint: 191300 ns, At safepoint: 7500 ns, Total: 198800 ns
[2020-10-05T10:48:34.447+0000][34308][safepoint    ] Safepoint "Cleanup", Time since last: 1000773200 ns, Reaching safepoint: 112100 ns, At safepoint: 6200 ns, Total: 118300 ns
[2020-10-05T10:48:35.447+0000][34308][safepoint    ] Safepoint "Cleanup", Time since last: 1000430000 ns, Reaching safepoint: 136700 ns, At safepoint: 4400 ns, Total: 141100 ns
[2020-10-05T10:48:36.448+0000][34308][safepoint    ] Safepoint "Cleanup", Time since last: 1000745700 ns, Reaching safepoint: 132300 ns, At safepoint: 6400 ns, Total: 138700 ns
[2020-10-05T10:48:37.448+0000][34308][safepoint    ] Safepoint "Cleanup", Time since last: 1000011800 ns, Reaching safepoint: 134200 ns, At safepoint: 4500 ns, Total: 138700 ns
[2020-10-05T10:48:38.449+0000][34308][safepoint    ] Safepoint "Cleanup", Time since last: 1000156000 ns, Reaching safepoint: 159900 ns, At safepoint: 5000 ns, Total: 164900 ns
[2020-10-05T10:48:39.449+0000][34308][safepoint    ] Safepoint "Cleanup", Time since last: 1000339600 ns, Reaching safepoint: 127200 ns, At safepoint: 6500 ns, Total: 133700 ns
[2020-10-05T10:48:40.450+0000][34308][safepoint    ] Safepoint "Cleanup", Time since last: 1000229900 ns, Reaching safepoint: 117800 ns, At safepoint: 4800 ns, Total: 122600 ns
[2020-10-05T10:48:41.450+0000][34308][safepoint    ] Safepoint "Cleanup", Time since last: 1000415700 ns, Reaching safepoint: 127000 ns, At safepoint: 4800 ns, Total: 131800 ns
[2020-10-05T10:48:42.450+0000][34308][safepoint    ] Safepoint "Cleanup", Time since last: 1000178500 ns, Reaching safepoint: 115000 ns, At safepoint: 5200 ns, Total: 120200 ns
[2020-10-05T10:48:43.451+0000][34308][safepoint    ] Safepoint "Cleanup", Time since last: 1000063300 ns, Reaching safepoint: 99300 ns, At safepoint: 3200 ns, Total: 102500 ns
[2020-10-05T10:48:45.452+0000][34308][safepoint    ] Safepoint "Cleanup", Time since last: 2000812600 ns, Reaching safepoint: 238500 ns, At safepoint: 4100 ns, Total: 242600 ns
[2020-10-05T10:48:46.452+0000][34308][safepoint    ] Safepoint "Cleanup", Time since last: 1000323000 ns, Reaching safepoint: 79600 ns, At safepoint: 3400 ns, Total: 83000 ns
[2020-10-05T10:48:47.453+0000][34308][safepoint    ] Safepoint "Cleanup", Time since last: 1000289300 ns, Reaching safepoint: 91500 ns, At safepoint: 4200 ns, Total: 95700 ns
[2020-10-05T10:48:49.453+0000][34308][safepoint    ] Safepoint "Cleanup", Time since last: 2000371900 ns, Reaching safepoint: 113400 ns, At safepoint: 20200 ns, Total: 133600 ns
[2020-10-05T10:48:50.454+0000][34308][safepoint    ] Safepoint "Cleanup", Time since last: 1000796200 ns, Reaching safepoint: 134100 ns, At safepoint: 5800 ns, Total: 139900 ns
[2020-10-05T10:48:52.454+0000][34308][safepoint    ] Safepoint "Cleanup", Time since last: 2000020000 ns, Reaching safepoint: 126100 ns, At safepoint: 6100 ns, Total: 132200 ns
[2020-10-05T10:48:53.455+0000][34308][safepoint    ] Safepoint "Cleanup", Time since last: 1000714300 ns, Reaching safepoint: 148300 ns, At safepoint: 7100 ns, Total: 155400 ns
[2020-10-05T10:48:55.455+0000][34308][safepoint    ] Safepoint "Cleanup", Time since last: 2000177200 ns, Reaching safepoint: 394600 ns, At safepoint: 21200 ns, Total: 415800 ns
[2020-10-05T10:48:56.456+0000][34308][safepoint    ] Safepoint "Cleanup", Time since last: 1000375300 ns, Reaching safepoint: 98600 ns, At safepoint: 6600 ns, Total: 105200 ns
[2020-10-05T10:48:57.457+0000][34308][safepoint    ] Safepoint "Cleanup", Time since last: 1000767700 ns, Reaching safepoint: 174100 ns, At safepoint: 10300 ns, Total: 184400 ns
[2020-10-05T10:48:58.457+0000][34308][safepoint    ] Safepoint "Cleanup", Time since last: 1000039800 ns, Reaching safepoint: 140000 ns, At safepoint: 5100 ns, Total: 145100 ns
[2020-10-05T10:48:59.458+0000][34308][safepoint    ] Safepoint "Cleanup", Time since last: 1000704900 ns, Reaching safepoint: 111300 ns, At safepoint: 5800 ns, Total: 117100 ns
[2020-10-05T10:49:00.459+0000][34308][safepoint    ] Safepoint "Cleanup", Time since last: 1000493800 ns, Reaching safepoint: 153100 ns, At safepoint: 5400 ns, Total: 158500 ns
[2020-10-05T10:49:01.459+0000][34308][safepoint    ] Safepoint "Cleanup", Time since last: 1000543300 ns, Reaching safepoint: 102500 ns, At safepoint: 2800 ns, Total: 105300 ns
[2020-10-05T10:49:02.460+0000][34308][safepoint    ] Safepoint "Cleanup", Time since last: 1000037000 ns, Reaching safepoint: 119600 ns, At safepoint: 6000 ns, Total: 125600 ns
[2020-10-05T10:49:03.460+0000][34308][safepoint    ] Safepoint "Cleanup", Time since last: 1000756900 ns, Reaching safepoint: 124000 ns, At safepoint: 16800 ns, Total: 140800 ns
[2020-10-05T10:49:04.461+0000][34308][safepoint    ] Safepoint "Cleanup", Time since last: 1000732600 ns, Reaching safepoint: 122200 ns, At safepoint: 5500 ns, Total: 127700 ns
[2020-10-05T10:49:05.462+0000][34308][safepoint    ] Safepoint "Cleanup", Time since last: 1000320100 ns, Reaching safepoint: 104000 ns, At safepoint: 4500 ns, Total: 108500 ns
[2020-10-05T10:49:06.462+0000][34308][safepoint    ] Safepoint "Cleanup", Time since last: 1000023400 ns, Reaching safepoint: 80800 ns, At safepoint: 2300 ns, Total: 83100 ns
[2020-10-05T10:49:07.462+0000][34308][safepoint    ] Safepoint "Cleanup", Time since last: 1000308100 ns, Reaching safepoint: 119400 ns, At safepoint: 7500 ns, Total: 126900 ns
[2020-10-05T10:49:08.463+0000][34308][safepoint    ] Safepoint "Cleanup", Time since last: 1000604600 ns, Reaching safepoint: 115300 ns, At safepoint: 3000 ns, Total: 118300 ns
[2020-10-05T10:49:09.464+0000][34308][safepoint    ] Safepoint "Cleanup", Time since last: 1000682300 ns, Reaching safepoint: 125200 ns, At safepoint: 5100 ns, Total: 130300 ns
[2020-10-05T10:49:11.464+0000][34308][safepoint    ] Safepoint "Cleanup", Time since last: 2000443800 ns, Reaching safepoint: 155400 ns, At safepoint: 4900 ns, Total: 160300 ns
[2020-10-05T10:49:12.465+0000][34308][safepoint    ] Safepoint "Cleanup", Time since last: 1000048600 ns, Reaching safepoint: 110300 ns, At safepoint: 5200 ns, Total: 115500 ns
[2020-10-05T10:49:13.465+0000][34308][safepoint    ] Safepoint "Cleanup", Time since last: 1000320800 ns, Reaching safepoint: 148800 ns, At safepoint: 4700 ns, Total: 153500 ns
[2020-10-05T10:49:14.465+0000][34308][safepoint    ] Safepoint "Cleanup", Time since last: 1000036800 ns, Reaching safepoint: 97500 ns, At safepoint: 4300 ns, Total: 101800 ns
[2020-10-05T10:49:15.466+0000][34308][safepoint    ] Safepoint "Cleanup", Time since last: 1000879800 ns, Reaching safepoint: 107000 ns, At safepoint: 5100 ns, Total: 112100 ns
[2020-10-05T10:49:16.467+0000][34308][safepoint    ] Safepoint "Cleanup", Time since last: 1000486700 ns, Reaching safepoint: 98700 ns, At safepoint: 4900 ns, Total: 103600 ns
[2020-10-05T10:49:17.468+0000][34308][safepoint    ] Safepoint "Cleanup", Time since last: 1000868200 ns, Reaching safepoint: 104700 ns, At safepoint: 2700 ns, Total: 107400 ns
[2020-10-05T10:49:19.468+0000][34308][safepoint    ] Safepoint "Cleanup", Time since last: 2000522800 ns, Reaching safepoint: 127800 ns, At safepoint: 4900 ns, Total: 132700 ns
[2020-10-05T10:49:20.469+0000][34308][safepoint    ] Safepoint "Cleanup", Time since last: 1000420300 ns, Reaching safepoint: 105700 ns, At safepoint: 20100 ns, Total: 125800 ns
[2020-10-05T10:49:22.470+0000][34308][safepoint    ] Safepoint "Cleanup", Time since last: 2000387700 ns, Reaching safepoint: 116100 ns, At safepoint: 6600 ns, Total: 122700 ns
[2020-10-05T10:49:23.470+0000][34308][safepoint    ] Safepoint "Cleanup", Time since last: 1000736600 ns, Reaching safepoint: 148800 ns, At safepoint: 5400 ns, Total: 154200 ns
[2020-10-05T10:49:24.471+0000][34308][safepoint    ] Safepoint "Cleanup", Time since last: 1000469300 ns, Reaching safepoint: 102700 ns, At safepoint: 3900 ns, Total: 106600 ns
[2020-10-05T10:49:25.472+0000][34308][safepoint    ] Safepoint "Cleanup", Time since last: 1000549900 ns, Reaching safepoint: 103000 ns, At safepoint: 5200 ns, Total: 108200 ns
[2020-10-05T10:49:26.472+0000][34308][safepoint    ] Safepoint "Cleanup", Time since last: 1000237600 ns, Reaching safepoint: 105000 ns, At safepoint: 4800 ns, Total: 109800 ns
[2020-10-05T10:49:27.473+0000][34308][safepoint    ] Safepoint "Cleanup", Time since last: 1000913800 ns, Reaching safepoint: 122900 ns, At safepoint: 5700 ns, Total: 128600 ns
[2020-10-05T10:49:28.474+0000][34308][safepoint    ] Safepoint "Cleanup", Time since last: 1000695000 ns, Reaching safepoint: 84600 ns, At safepoint: 2200 ns, Total: 86800 ns
[2020-10-05T10:49:29.474+0000][34308][safepoint    ] Safepoint "Cleanup", Time since last: 1000161700 ns, Reaching safepoint: 144600 ns, At safepoint: 5100 ns, Total: 149700 ns
[2020-10-05T10:49:30.475+0000][34308][safepoint    ] Safepoint "Cleanup", Time since last: 1000720400 ns, Reaching safepoint: 107200 ns, At safepoint: 5000 ns, Total: 112200 ns
[2020-10-05T10:49:32.476+0000][34308][safepoint    ] Safepoint "Cleanup", Time since last: 2000651000 ns, Reaching safepoint: 106300 ns, At safepoint: 5000 ns, Total: 111300 ns
[2020-10-05T10:49:33.476+0000][34308][safepoint    ] Safepoint "Cleanup", Time since last: 1000432800 ns, Reaching safepoint: 103000 ns, At safepoint: 5100 ns, Total: 108100 ns
[2020-10-05T10:49:34.477+0000][34308][safepoint    ] Safepoint "Cleanup", Time since last: 1000652100 ns, Reaching safepoint: 119300 ns, At safepoint: 5000 ns, Total: 124300 ns
[2020-10-05T10:49:35.478+0000][34308][safepoint    ] Safepoint "Cleanup", Time since last: 1000775800 ns, Reaching safepoint: 145800 ns, At safepoint: 19800 ns, Total: 165600 ns
[2020-10-05T10:49:37.478+0000][34308][safepoint    ] Safepoint "Cleanup", Time since last: 2000216100 ns, Reaching safepoint: 114600 ns, At safepoint: 5700 ns, Total: 120300 ns
[2020-10-05T10:49:38.478+0000][34308][safepoint    ] Safepoint "Cleanup", Time since last: 1000011400 ns, Reaching safepoint: 80800 ns, At safepoint: 4700 ns, Total: 85500 ns
[2020-10-05T10:49:39.479+0000][34308][safepoint    ] Safepoint "Cleanup", Time since last: 1000484900 ns, Reaching safepoint: 90900 ns, At safepoint: 4700 ns, Total: 95600 ns
[2020-10-05T10:49:40.480+0000][34308][safepoint    ] Safepoint "Cleanup", Time since last: 1000607400 ns, Reaching safepoint: 114000 ns, At safepoint: 4500 ns, Total: 118500 ns
[2020-10-05T10:49:42.480+0000][34308][safepoint    ] Safepoint "Cleanup", Time since last: 2000526100 ns, Reaching safepoint: 127500 ns, At safepoint: 5400 ns, Total: 132900 ns
[2020-10-05T10:49:43.481+0000][34308][safepoint    ] Safepoint "Cleanup", Time since last: 1000344200 ns, Reaching safepoint: 111800 ns, At safepoint: 4600 ns, Total: 116400 ns
[2020-10-05T10:49:44.482+0000][34308][safepoint    ] Safepoint "Cleanup", Time since last: 1000604200 ns, Reaching safepoint: 116100 ns, At safepoint: 5100 ns, Total: 121200 ns
[2020-10-05T10:49:45.483+0000][34308][safepoint    ] Safepoint "Cleanup", Time since last: 1000835300 ns, Reaching safepoint: 108900 ns, At safepoint: 5600 ns, Total: 114500 ns
[2020-10-05T10:49:46.483+0000][34308][safepoint    ] Safepoint "Cleanup", Time since last: 1000409500 ns, Reaching safepoint: 121300 ns, At safepoint: 4800 ns, Total: 126100 ns
[2020-10-05T10:49:47.484+0000][34308][safepoint    ] Safepoint "Cleanup", Time since last: 1000524000 ns, Reaching safepoint: 112100 ns, At safepoint: 4500 ns, Total: 116600 ns
[2020-10-05T10:49:48.484+0000][34308][safepoint    ] Safepoint "Cleanup", Time since last: 1000058500 ns, Reaching safepoint: 97800 ns, At safepoint: 4600 ns, Total: 102400 ns
[2020-10-05T10:49:49.485+0000][34308][safepoint    ] Safepoint "Cleanup", Time since last: 1000822500 ns, Reaching safepoint: 97300 ns, At safepoint: 3300 ns, Total: 100600 ns
[2020-10-05T10:49:50.485+0000][34308][safepoint    ] Safepoint "Cleanup", Time since last: 1000173300 ns, Reaching safepoint: 164000 ns, At safepoint: 4500 ns, Total: 168500 ns
[2020-10-05T10:49:51.486+0000][34308][safepoint    ] Safepoint "Cleanup", Time since last: 1000702900 ns, Reaching safepoint: 124300 ns, At safepoint: 6000 ns, Total: 130300 ns
[2020-10-05T10:49:52.487+0000][34308][safepoint    ] Safepoint "Cleanup", Time since last: 1000463300 ns, Reaching safepoint: 142200 ns, At safepoint: 6200 ns, Total: 148400 ns
[2020-10-05T10:49:53.487+0000][34308][safepoint    ] Safepoint "Cleanup", Time since last: 1000310100 ns, Reaching safepoint: 127700 ns, At safepoint: 6900 ns, Total: 134600 ns
[2020-10-05T10:49:55.488+0000][34308][safepoint    ] Safepoint "Cleanup", Time since last: 2000731200 ns, Reaching safepoint: 98400 ns, At safepoint: 5500 ns, Total: 103900 ns
[2020-10-05T10:49:56.489+0000][34308][safepoint    ] Safepoint "Cleanup", Time since last: 1000737000 ns, Reaching safepoint: 123700 ns, At safepoint: 6000 ns, Total: 129700 ns
[2020-10-05T10:49:58.489+0000][34308][safepoint    ] Safepoint "Cleanup", Time since last: 2000337700 ns, Reaching safepoint: 119000 ns, At safepoint: 5400 ns, Total: 124400 ns
[2020-10-05T10:49:59.490+0000][34308][safepoint    ] Safepoint "Cleanup", Time since last: 1000469700 ns, Reaching safepoint: 123700 ns, At safepoint: 7200 ns, Total: 130900 ns
[2020-10-05T10:50:00.490+0000][34308][safepoint    ] Safepoint "Cleanup", Time since last: 1000102200 ns, Reaching safepoint: 107600 ns, At safepoint: 3800 ns, Total: 111400 ns
[2020-10-05T10:50:01.491+0000][34308][safepoint    ] Safepoint "Cleanup", Time since last: 1000776500 ns, Reaching safepoint: 102200 ns, At safepoint: 4100 ns, Total: 106300 ns
[2020-10-05T10:50:02.492+0000][34308][safepoint    ] Safepoint "Cleanup", Time since last: 1000788100 ns, Reaching safepoint: 237400 ns, At safepoint: 9700 ns, Total: 247100 ns
[2020-10-05T10:50:03.492+0000][34308][safepoint    ] Safepoint "Cleanup", Time since last: 1000021100 ns, Reaching safepoint: 106600 ns, At safepoint: 3200 ns, Total: 109800 ns
[2020-10-05T10:50:04.493+0000][34308][safepoint    ] Safepoint "Cleanup", Time since last: 1000717100 ns, Reaching safepoint: 141400 ns, At safepoint: 6200 ns, Total: 147600 ns
[2020-10-05T10:50:05.494+0000][34308][safepoint    ] Safepoint "Cleanup", Time since last: 1000515700 ns, Reaching safepoint: 131300 ns, At safepoint: 4700 ns, Total: 136000 ns
[2020-10-05T10:50:06.495+0000][34308][safepoint    ] Safepoint "Cleanup", Time since last: 1000762100 ns, Reaching safepoint: 112300 ns, At safepoint: 3600 ns, Total: 115900 ns
[2020-10-05T10:50:07.496+0000][34308][safepoint    ] Safepoint "Cleanup", Time since last: 1000764200 ns, Reaching safepoint: 106400 ns, At safepoint: 17000 ns, Total: 123400 ns
[2020-10-05T10:50:08.496+0000][34308][safepoint    ] Safepoint "Cleanup", Time since last: 1000326600 ns, Reaching safepoint: 161400 ns, At safepoint: 5100 ns, Total: 166500 ns
[2020-10-05T10:50:09.496+0000][34308][safepoint    ] Safepoint "Cleanup", Time since last: 1000149000 ns, Reaching safepoint: 125800 ns, At safepoint: 4300 ns, Total: 130100 ns
[2020-10-05T10:50:10.497+0000][34308][safepoint    ] Safepoint "Cleanup", Time since last: 1000481200 ns, Reaching safepoint: 98000 ns, At safepoint: 5300 ns, Total: 103300 ns
[2020-10-05T10:50:11.497+0000][34308][safepoint    ] Safepoint "Cleanup", Time since last: 1000065600 ns, Reaching safepoint: 86900 ns, At safepoint: 3100 ns, Total: 90000 ns
[2020-10-05T10:50:12.497+0000][34308][safepoint    ] Safepoint "Cleanup", Time since last: 1000072400 ns, Reaching safepoint: 142100 ns, At safepoint: 5200 ns, Total: 147300 ns
[2020-10-05T10:50:13.498+0000][34308][safepoint    ] Safepoint "Cleanup", Time since last: 1000475000 ns, Reaching safepoint: 114000 ns, At safepoint: 5000 ns, Total: 119000 ns
[2020-10-05T10:50:14.498+0000][34308][safepoint    ] Safepoint "Cleanup", Time since last: 1000285800 ns, Reaching safepoint: 143000 ns, At safepoint: 6800 ns, Total: 149800 ns
[2020-10-05T10:50:16.498+0000][34308][safepoint    ] Safepoint "Cleanup", Time since last: 1999994200 ns, Reaching safepoint: 137500 ns, At safepoint: 6200 ns, Total: 143700 ns
[2020-10-05T10:50:17.499+0000][34308][safepoint    ] Safepoint "Cleanup", Time since last: 1000247100 ns, Reaching safepoint: 117000 ns, At safepoint: 4600 ns, Total: 121600 ns
[2020-10-05T10:50:18.499+0000][34308][safepoint    ] Safepoint "Cleanup", Time since last: 1000376800 ns, Reaching safepoint: 115400 ns, At safepoint: 5200 ns, Total: 120600 ns
[2020-10-05T10:50:19.500+0000][34308][safepoint    ] Safepoint "Cleanup", Time since last: 1000523500 ns, Reaching safepoint: 97300 ns, At safepoint: 5100 ns, Total: 102400 ns
[2020-10-05T10:50:20.501+0000][34308][safepoint    ] Safepoint "Cleanup", Time since last: 1000821500 ns, Reaching safepoint: 123600 ns, At safepoint: 7800 ns, Total: 131400 ns
[2020-10-05T10:50:21.585+0000][34308][safepoint    ] Safepoint "Cleanup", Time since last: 1084060300 ns, Reaching safepoint: 88600 ns, At safepoint: 5000 ns, Total: 93600 ns
[2020-10-05T10:50:22.586+0000][34308][safepoint    ] Safepoint "Cleanup", Time since last: 1000576500 ns, Reaching safepoint: 226200 ns, At safepoint: 5500 ns, Total: 231700 ns
[2020-10-05T10:50:23.587+0000][34308][safepoint    ] Safepoint "Cleanup", Time since last: 1000647800 ns, Reaching safepoint: 91300 ns, At safepoint: 4800 ns, Total: 96100 ns
[2020-10-05T10:50:24.587+0000][34308][safepoint    ] Safepoint "Cleanup", Time since last: 1000091100 ns, Reaching safepoint: 103600 ns, At safepoint: 4900 ns, Total: 108500 ns
[2020-10-05T10:50:25.587+0000][34308][safepoint    ] Safepoint "Cleanup", Time since last: 1000126100 ns, Reaching safepoint: 131300 ns, At safepoint: 7000 ns, Total: 138300 ns
[2020-10-05T10:50:26.588+0000][34308][safepoint    ] Safepoint "Cleanup", Time since last: 1000817000 ns, Reaching safepoint: 128600 ns, At safepoint: 4400 ns, Total: 133000 ns
[2020-10-05T10:50:27.588+0000][34308][safepoint    ] Safepoint "Cleanup", Time since last: 1000163900 ns, Reaching safepoint: 101500 ns, At safepoint: 5300 ns, Total: 106800 ns
[2020-10-05T10:50:28.589+0000][34308][safepoint    ] Safepoint "Cleanup", Time since last: 1000675800 ns, Reaching safepoint: 107000 ns, At safepoint: 4900 ns, Total: 111900 ns
[2020-10-05T10:50:29.590+0000][34308][safepoint    ] Safepoint "Cleanup", Time since last: 1000539800 ns, Reaching safepoint: 157100 ns, At safepoint: 5800 ns, Total: 162900 ns
[2020-10-05T10:50:30.590+0000][34308][safepoint    ] Safepoint "Cleanup", Time since last: 1000005000 ns, Reaching safepoint: 98100 ns, At safepoint: 7600 ns, Total: 105700 ns
[2020-10-05T10:50:31.590+0000][34308][safepoint    ] Safepoint "Cleanup", Time since last: 1000228300 ns, Reaching safepoint: 120900 ns, At safepoint: 5400 ns, Total: 126300 ns
[2020-10-05T10:50:33.591+0000][34308][safepoint    ] Safepoint "Cleanup", Time since last: 2000856600 ns, Reaching safepoint: 123000 ns, At safepoint: 6100 ns, Total: 129100 ns
[2020-10-05T10:50:34.592+0000][34308][safepoint    ] Safepoint "Cleanup", Time since last: 1000228200 ns, Reaching safepoint: 89900 ns, At safepoint: 8200 ns, Total: 98100 ns
[2020-10-05T10:50:35.592+0000][34308][safepoint    ] Safepoint "Cleanup", Time since last: 1000434200 ns, Reaching safepoint: 91800 ns, At safepoint: 2600 ns, Total: 94400 ns
[2020-10-05T10:50:36.593+0000][34308][safepoint    ] Safepoint "Cleanup", Time since last: 1000345600 ns, Reaching safepoint: 105200 ns, At safepoint: 5500 ns, Total: 110700 ns
[2020-10-05T10:50:37.593+0000][34308][safepoint    ] Safepoint "Cleanup", Time since last: 1000403900 ns, Reaching safepoint: 143700 ns, At safepoint: 6900 ns, Total: 150600 ns
[2020-10-05T10:50:38.593+0000][34308][safepoint    ] Safepoint "Cleanup", Time since last: 1000161900 ns, Reaching safepoint: 130900 ns, At safepoint: 6200 ns, Total: 137100 ns
[2020-10-05T10:50:39.594+0000][34308][safepoint    ] Safepoint "Cleanup", Time since last: 1000112100 ns, Reaching safepoint: 109400 ns, At safepoint: 4800 ns, Total: 114200 ns
[2020-10-05T10:50:41.594+0000][34308][safepoint    ] Safepoint "Cleanup", Time since last: 2000677600 ns, Reaching safepoint: 92400 ns, At safepoint: 3100 ns, Total: 95500 ns
[2020-10-05T10:50:42.595+0000][34308][safepoint    ] Safepoint "Cleanup", Time since last: 1000065100 ns, Reaching safepoint: 132300 ns, At safepoint: 4400 ns, Total: 136700 ns
[2020-10-05T10:50:43.595+0000][34308][safepoint    ] Safepoint "Cleanup", Time since last: 1000655500 ns, Reaching safepoint: 111100 ns, At safepoint: 6900 ns, Total: 118000 ns
[2020-10-05T10:50:44.596+0000][34308][safepoint    ] Safepoint "Cleanup", Time since last: 1000244300 ns, Reaching safepoint: 120900 ns, At safepoint: 5800 ns, Total: 126700 ns
[2020-10-05T10:50:45.596+0000][34308][safepoint    ] Safepoint "Cleanup", Time since last: 1000186000 ns, Reaching safepoint: 117600 ns, At safepoint: 6000 ns, Total: 123600 ns
[2020-10-05T10:50:47.597+0000][34308][safepoint    ] Safepoint "Cleanup", Time since last: 2000802200 ns, Reaching safepoint: 116400 ns, At safepoint: 5100 ns, Total: 121500 ns
[2020-10-05T10:50:48.598+0000][34308][safepoint    ] Safepoint "Cleanup", Time since last: 1000482900 ns, Reaching safepoint: 105800 ns, At safepoint: 4300 ns, Total: 110100 ns
[2020-10-05T10:50:50.598+0000][34308][safepoint    ] Safepoint "Cleanup", Time since last: 1999967500 ns, Reaching safepoint: 111000 ns, At safepoint: 58800 ns, Total: 169800 ns
[2020-10-05T10:50:52.522+0000][34308][safepoint    ] Safepoint "Cleanup", Time since last: 1923954000 ns, Reaching safepoint: 127500 ns, At safepoint: 4500 ns, Total: 132000 ns
[2020-10-05T10:50:54.523+0000][34308][safepoint    ] Safepoint "Cleanup", Time since last: 2000959000 ns, Reaching safepoint: 96400 ns, At safepoint: 4700 ns, Total: 101100 ns
[2020-10-05T10:50:55.524+0000][34308][safepoint    ] Safepoint "Cleanup", Time since last: 1000413700 ns, Reaching safepoint: 108000 ns, At safepoint: 4500 ns, Total: 112500 ns
[2020-10-05T10:50:56.524+0000][34308][safepoint    ] Safepoint "Cleanup", Time since last: 1000699400 ns, Reaching safepoint: 97400 ns, At safepoint: 5300 ns, Total: 102700 ns
[2020-10-05T10:50:57.525+0000][34308][safepoint    ] Safepoint "Cleanup", Time since last: 1000850100 ns, Reaching safepoint: 88700 ns, At safepoint: 2500 ns, Total: 91200 ns
[2020-10-05T10:50:58.525+0000][34308][safepoint    ] Safepoint "Cleanup", Time since last: 1000078900 ns, Reaching safepoint: 100400 ns, At safepoint: 4700 ns, Total: 105100 ns
[2020-10-05T10:50:59.526+0000][34308][safepoint    ] Safepoint "Cleanup", Time since last: 1000309800 ns, Reaching safepoint: 124200 ns, At safepoint: 5600 ns, Total: 129800 ns
[2020-10-05T10:51:00.526+0000][34308][safepoint    ] Safepoint "Cleanup", Time since last: 1000302200 ns, Reaching safepoint: 114900 ns, At safepoint: 5300 ns, Total: 120200 ns
[2020-10-05T10:51:01.527+0000][34308][safepoint    ] Safepoint "Cleanup", Time since last: 1000324400 ns, Reaching safepoint: 88000 ns, At safepoint: 2600 ns, Total: 90600 ns
[2020-10-05T10:51:03.528+0000][34308][safepoint    ] Safepoint "Cleanup", Time since last: 2000718400 ns, Reaching safepoint: 101600 ns, At safepoint: 6000 ns, Total: 107600 ns
[2020-10-05T10:51:04.528+0000][34308][safepoint    ] Safepoint "Cleanup", Time since last: 1000308500 ns, Reaching safepoint: 104200 ns, At safepoint: 11600 ns, Total: 115800 ns
[2020-10-05T10:51:05.529+0000][34308][safepoint    ] Safepoint "Cleanup", Time since last: 1000513000 ns, Reaching safepoint: 118200 ns, At safepoint: 4400 ns, Total: 122600 ns
[2020-10-05T10:51:06.530+0000][34308][safepoint    ] Safepoint "Cleanup", Time since last: 1000830400 ns, Reaching safepoint: 102600 ns, At safepoint: 3400 ns, Total: 106000 ns
[2020-10-05T10:51:07.530+0000][34308][safepoint    ] Safepoint "Cleanup", Time since last: 1000536900 ns, Reaching safepoint: 151800 ns, At safepoint: 3900 ns, Total: 155700 ns
[2020-10-05T10:51:08.531+0000][34308][safepoint    ] Safepoint "Cleanup", Time since last: 1000805100 ns, Reaching safepoint: 118200 ns, At safepoint: 5100 ns, Total: 123300 ns
[2020-10-05T10:51:09.532+0000][34308][safepoint    ] Safepoint "Cleanup", Time since last: 1000309100 ns, Reaching safepoint: 113900 ns, At safepoint: 4700 ns, Total: 118600 ns
[2020-10-05T10:51:10.532+0000][34308][safepoint    ] Safepoint "Cleanup", Time since last: 1000257200 ns, Reaching safepoint: 95100 ns, At safepoint: 2200 ns, Total: 97300 ns
[2020-10-05T10:51:11.532+0000][34308][safepoint    ] Safepoint "Cleanup", Time since last: 1000221600 ns, Reaching safepoint: 99400 ns, At safepoint: 11600 ns, Total: 111000 ns
[2020-10-05T10:51:12.532+0000][34308][safepoint    ] Safepoint "Cleanup", Time since last: 1000009900 ns, Reaching safepoint: 93100 ns, At safepoint: 3100 ns, Total: 96200 ns
[2020-10-05T10:51:13.533+0000][34308][safepoint    ] Safepoint "Cleanup", Time since last: 1000377200 ns, Reaching safepoint: 185500 ns, At safepoint: 4400 ns, Total: 189900 ns
[2020-10-05T10:51:14.534+0000][34308][safepoint    ] Safepoint "Cleanup", Time since last: 1000706900 ns, Reaching safepoint: 124400 ns, At safepoint: 4200 ns, Total: 128600 ns
[2020-10-05T10:51:15.535+0000][34308][safepoint    ] Safepoint "Cleanup", Time since last: 1000610300 ns, Reaching safepoint: 116300 ns, At safepoint: 4600 ns, Total: 120900 ns
[2020-10-05T10:51:16.535+0000][34308][safepoint    ] Safepoint "Cleanup", Time since last: 1000427500 ns, Reaching safepoint: 160600 ns, At safepoint: 6900 ns, Total: 167500 ns
[2020-10-05T10:51:17.536+0000][34308][safepoint    ] Safepoint "Cleanup", Time since last: 1000284600 ns, Reaching safepoint: 87000 ns, At safepoint: 3300 ns, Total: 90300 ns
[2020-10-05T10:51:18.536+0000][34308][safepoint    ] Safepoint "Cleanup", Time since last: 1000302300 ns, Reaching safepoint: 113700 ns, At safepoint: 5900 ns, Total: 119600 ns
[2020-10-05T10:51:19.537+0000][34308][safepoint    ] Safepoint "Cleanup", Time since last: 1000571500 ns, Reaching safepoint: 436700 ns, At safepoint: 219400 ns, Total: 656100 ns
[2020-10-05T10:51:21.538+0000][34308][safepoint    ] Safepoint "Cleanup", Time since last: 2000680900 ns, Reaching safepoint: 110600 ns, At safepoint: 4700 ns, Total: 115300 ns
[2020-10-05T10:51:22.538+0000][34308][safepoint    ] Safepoint "Cleanup", Time since last: 1000023600 ns, Reaching safepoint: 158400 ns, At safepoint: 4600 ns, Total: 163000 ns
[2020-10-05T10:51:23.539+0000][34308][safepoint    ] Safepoint "Cleanup", Time since last: 1000543300 ns, Reaching safepoint: 101600 ns, At safepoint: 5000 ns, Total: 106600 ns
[2020-10-05T10:51:24.539+0000][34308][safepoint    ] Safepoint "Cleanup", Time since last: 1000339500 ns, Reaching safepoint: 114200 ns, At safepoint: 5000 ns, Total: 119200 ns
[2020-10-05T10:51:26.540+0000][34308][safepoint    ] Safepoint "Cleanup", Time since last: 2000102800 ns, Reaching safepoint: 118500 ns, At safepoint: 4900 ns, Total: 123400 ns
[2020-10-05T10:51:27.540+0000][34308][safepoint    ] Safepoint "Cleanup", Time since last: 1000096200 ns, Reaching safepoint: 114000 ns, At safepoint: 6400 ns, Total: 120400 ns
[2020-10-05T10:51:28.541+0000][34308][safepoint    ] Safepoint "Cleanup", Time since last: 1000870800 ns, Reaching safepoint: 97500 ns, At safepoint: 4800 ns, Total: 102300 ns
[2020-10-05T10:51:29.542+0000][34308][safepoint    ] Safepoint "Cleanup", Time since last: 1000781600 ns, Reaching safepoint: 80000 ns, At safepoint: 3100 ns, Total: 83100 ns
[2020-10-05T10:51:30.543+0000][34308][safepoint    ] Safepoint "Cleanup", Time since last: 1000766300 ns, Reaching safepoint: 130400 ns, At safepoint: 5200 ns, Total: 135600 ns
[2020-10-05T10:51:31.543+0000][34308][safepoint    ] Safepoint "Cleanup", Time since last: 1000356000 ns, Reaching safepoint: 161200 ns, At safepoint: 5600 ns, Total: 166800 ns
[2020-10-05T10:51:32.544+0000][34308][safepoint    ] Safepoint "Cleanup", Time since last: 1000303400 ns, Reaching safepoint: 97200 ns, At safepoint: 3400 ns, Total: 100600 ns
[2020-10-05T10:51:33.544+0000][34308][safepoint    ] Safepoint "Cleanup", Time since last: 1000492700 ns, Reaching safepoint: 103100 ns, At safepoint: 5100 ns, Total: 108200 ns
[2020-10-05T10:51:34.545+0000][34308][safepoint    ] Safepoint "Cleanup", Time since last: 1000692500 ns, Reaching safepoint: 115300 ns, At safepoint: 5000 ns, Total: 120300 ns
[2020-10-05T10:51:35.545+0000][34308][safepoint    ] Safepoint "Cleanup", Time since last: 1000132200 ns, Reaching safepoint: 95900 ns, At safepoint: 4600 ns, Total: 100500 ns
[2020-10-05T10:51:36.546+0000][34308][safepoint    ] Safepoint "Cleanup", Time since last: 1000888200 ns, Reaching safepoint: 105200 ns, At safepoint: 4500 ns, Total: 109700 ns
[2020-10-05T10:51:37.547+0000][34308][safepoint    ] Safepoint "Cleanup", Time since last: 1000477700 ns, Reaching safepoint: 128900 ns, At safepoint: 7900 ns, Total: 136800 ns
[2020-10-05T10:51:38.547+0000][34308][safepoint    ] Safepoint "Cleanup", Time since last: 1000088000 ns, Reaching safepoint: 119000 ns, At safepoint: 8300 ns, Total: 127300 ns
[2020-10-05T10:51:39.547+0000][34308][safepoint    ] Safepoint "Cleanup", Time since last: 1000257000 ns, Reaching safepoint: 104800 ns, At safepoint: 3500 ns, Total: 108300 ns
[2020-10-05T10:51:40.548+0000][34308][safepoint    ] Safepoint "Cleanup", Time since last: 1000692100 ns, Reaching safepoint: 118900 ns, At safepoint: 7500 ns, Total: 126400 ns
[2020-10-05T10:51:41.549+0000][34308][safepoint    ] Safepoint "Cleanup", Time since last: 1000757800 ns, Reaching safepoint: 117400 ns, At safepoint: 7000 ns, Total: 124400 ns
[2020-10-05T10:51:42.550+0000][34308][safepoint    ] Safepoint "Cleanup", Time since last: 1000623100 ns, Reaching safepoint: 75500 ns, At safepoint: 2100 ns, Total: 77600 ns
[2020-10-05T10:51:43.550+0000][34308][safepoint    ] Safepoint "Cleanup", Time since last: 1000258300 ns, Reaching safepoint: 105200 ns, At safepoint: 4900 ns, Total: 110100 ns
[2020-10-05T10:51:44.551+0000][34308][safepoint    ] Safepoint "Cleanup", Time since last: 1000333100 ns, Reaching safepoint: 157500 ns, At safepoint: 4600 ns, Total: 162100 ns
[2020-10-05T10:51:46.551+0000][34308][safepoint    ] Safepoint "Cleanup", Time since last: 2000223300 ns, Reaching safepoint: 103400 ns, At safepoint: 4700 ns, Total: 108100 ns
[2020-10-05T10:51:47.552+0000][34308][safepoint    ] Safepoint "Cleanup", Time since last: 1000484700 ns, Reaching safepoint: 85300 ns, At safepoint: 3300 ns, Total: 88600 ns
[2020-10-05T10:51:48.552+0000][34308][safepoint    ] Safepoint "Cleanup", Time since last: 1000517700 ns, Reaching safepoint: 96100 ns, At safepoint: 4500 ns, Total: 100600 ns
[2020-10-05T10:51:49.553+0000][34308][safepoint    ] Safepoint "Cleanup", Time since last: 1000370000 ns, Reaching safepoint: 85100 ns, At safepoint: 3100 ns, Total: 88200 ns
[2020-10-05T10:51:50.554+0000][34308][safepoint    ] Safepoint "Cleanup", Time since last: 1000838000 ns, Reaching safepoint: 94200 ns, At safepoint: 4900 ns, Total: 99100 ns
[2020-10-05T10:51:51.554+0000][34308][safepoint    ] Safepoint "Cleanup", Time since last: 1000799900 ns, Reaching safepoint: 113000 ns, At safepoint: 5100 ns, Total: 118100 ns
[2020-10-05T10:51:52.555+0000][34308][safepoint    ] Safepoint "Cleanup", Time since last: 1000630000 ns, Reaching safepoint: 119300 ns, At safepoint: 7300 ns, Total: 126600 ns
[2020-10-05T10:51:54.556+0000][34308][safepoint    ] Safepoint "Cleanup", Time since last: 2000510200 ns, Reaching safepoint: 103600 ns, At safepoint: 5300 ns, Total: 108900 ns
[2020-10-05T10:51:55.556+0000][34308][safepoint    ] Safepoint "Cleanup", Time since last: 1000081200 ns, Reaching safepoint: 168400 ns, At safepoint: 4700 ns, Total: 173100 ns
[2020-10-05T10:51:56.557+0000][34308][safepoint    ] Safepoint "Cleanup", Time since last: 1000234300 ns, Reaching safepoint: 129000 ns, At safepoint: 7300 ns, Total: 136300 ns
[2020-10-05T10:51:57.557+0000][34308][safepoint    ] Safepoint "Cleanup", Time since last: 1000542100 ns, Reaching safepoint: 99000 ns, At safepoint: 2500 ns, Total: 101500 ns
[2020-10-05T10:51:58.557+0000][34308][safepoint    ] Safepoint "Cleanup", Time since last: 1000083000 ns, Reaching safepoint: 98400 ns, At safepoint: 9500 ns, Total: 107900 ns
[2020-10-05T10:52:00.558+0000][34308][safepoint    ] Safepoint "Cleanup", Time since last: 2000264900 ns, Reaching safepoint: 164000 ns, At safepoint: 6100 ns, Total: 170100 ns
[2020-10-05T10:52:01.558+0000][34308][safepoint    ] Safepoint "Cleanup", Time since last: 1000598800 ns, Reaching safepoint: 144500 ns, At safepoint: 7700 ns, Total: 152200 ns
[2020-10-05T10:52:02.559+0000][34308][safepoint    ] Safepoint "Cleanup", Time since last: 1000752400 ns, Reaching safepoint: 103400 ns, At safepoint: 7200 ns, Total: 110600 ns
[2020-10-05T10:52:03.560+0000][34308][safepoint    ] Safepoint "Cleanup", Time since last: 1000071800 ns, Reaching safepoint: 155300 ns, At safepoint: 6400 ns, Total: 161700 ns
[2020-10-05T10:52:04.560+0000][34308][safepoint    ] Safepoint "Cleanup", Time since last: 1000479400 ns, Reaching safepoint: 103300 ns, At safepoint: 5200 ns, Total: 108500 ns
[2020-10-05T10:52:05.561+0000][34308][safepoint    ] Safepoint "Cleanup", Time since last: 1000884900 ns, Reaching safepoint: 115300 ns, At safepoint: 5100 ns, Total: 120400 ns
[2020-10-05T10:52:06.562+0000][34308][safepoint    ] Safepoint "Cleanup", Time since last: 1000107000 ns, Reaching safepoint: 131400 ns, At safepoint: 6700 ns, Total: 138100 ns
[2020-10-05T10:52:07.562+0000][34308][safepoint    ] Safepoint "Cleanup", Time since last: 1000598100 ns, Reaching safepoint: 116200 ns, At safepoint: 5400 ns, Total: 121600 ns
[2020-10-05T10:52:08.563+0000][34308][safepoint    ] Safepoint "Cleanup", Time since last: 1000894900 ns, Reaching safepoint: 180500 ns, At safepoint: 10000 ns, Total: 190500 ns
[2020-10-05T10:52:09.564+0000][34308][safepoint    ] Safepoint "Cleanup", Time since last: 1000797100 ns, Reaching safepoint: 120800 ns, At safepoint: 21900 ns, Total: 142700 ns
[2020-10-05T10:52:10.565+0000][34308][safepoint    ] Safepoint "Cleanup", Time since last: 1000842400 ns, Reaching safepoint: 132000 ns, At safepoint: 3900 ns, Total: 135900 ns
[2020-10-05T10:52:11.566+0000][34308][safepoint    ] Safepoint "Cleanup", Time since last: 1000527400 ns, Reaching safepoint: 124600 ns, At safepoint: 6300 ns, Total: 130900 ns
[2020-10-05T10:52:12.567+0000][34308][safepoint    ] Safepoint "Cleanup", Time since last: 1000610400 ns, Reaching safepoint: 112700 ns, At safepoint: 6300 ns, Total: 119000 ns
[2020-10-05T10:52:13.568+0000][34308][safepoint    ] Safepoint "Cleanup", Time since last: 1000731200 ns, Reaching safepoint: 116200 ns, At safepoint: 6800 ns, Total: 123000 ns
[2020-10-05T10:52:14.568+0000][34308][safepoint    ] Safepoint "Cleanup", Time since last: 1000183400 ns, Reaching safepoint: 99700 ns, At safepoint: 5700 ns, Total: 105400 ns
[2020-10-05T10:52:15.568+0000][34308][safepoint    ] Safepoint "Cleanup", Time since last: 1000468900 ns, Reaching safepoint: 110300 ns, At safepoint: 6100 ns, Total: 116400 ns
[2020-10-05T10:52:16.569+0000][34308][safepoint    ] Safepoint "Cleanup", Time since last: 1000769900 ns, Reaching safepoint: 153500 ns, At safepoint: 6600 ns, Total: 160100 ns
[2020-10-05T10:52:18.569+0000][34308][safepoint    ] Safepoint "Cleanup", Time since last: 2000013400 ns, Reaching safepoint: 108700 ns, At safepoint: 4700 ns, Total: 113400 ns
[2020-10-05T10:52:19.570+0000][34308][safepoint    ] Safepoint "Cleanup", Time since last: 1000373900 ns, Reaching safepoint: 220200 ns, At safepoint: 8700 ns, Total: 228900 ns
[2020-10-05T10:52:20.571+0000][34308][safepoint    ] Safepoint "Cleanup", Time since last: 1000416600 ns, Reaching safepoint: 129600 ns, At safepoint: 6400 ns, Total: 136000 ns
[2020-10-05T10:52:21.571+0000][34308][safepoint    ] Safepoint "Cleanup", Time since last: 1000619900 ns, Reaching safepoint: 262400 ns, At safepoint: 8700 ns, Total: 271100 ns
[2020-10-05T10:52:22.572+0000][34308][safepoint    ] Safepoint "Cleanup", Time since last: 1000164300 ns, Reaching safepoint: 117500 ns, At safepoint: 4800 ns, Total: 122300 ns
[2020-10-05T10:52:23.572+0000][34308][safepoint    ] Safepoint "Cleanup", Time since last: 1000050400 ns, Reaching safepoint: 87300 ns, At safepoint: 4600 ns, Total: 91900 ns
[2020-10-05T10:52:24.572+0000][34308][safepoint    ] Safepoint "Cleanup", Time since last: 1000113100 ns, Reaching safepoint: 165900 ns, At safepoint: 6800 ns, Total: 172700 ns
[2020-10-05T10:52:25.573+0000][34308][safepoint    ] Safepoint "Cleanup", Time since last: 1000810200 ns, Reaching safepoint: 135600 ns, At safepoint: 6200 ns, Total: 141800 ns
[2020-10-05T10:52:26.574+0000][34308][safepoint    ] Safepoint "Cleanup", Time since last: 1000802500 ns, Reaching safepoint: 170400 ns, At safepoint: 5700 ns, Total: 176100 ns
[2020-10-05T10:52:28.575+0000][34308][safepoint    ] Safepoint "Cleanup", Time since last: 2000705700 ns, Reaching safepoint: 127600 ns, At safepoint: 6700 ns, Total: 134300 ns
[2020-10-05T10:52:29.576+0000][34308][safepoint    ] Safepoint "Cleanup", Time since last: 1000579800 ns, Reaching safepoint: 166700 ns, At safepoint: 7700 ns, Total: 174400 ns
[2020-10-05T10:52:30.576+0000][34308][safepoint    ] Safepoint "Cleanup", Time since last: 1000286900 ns, Reaching safepoint: 162300 ns, At safepoint: 17500 ns, Total: 179800 ns
[2020-10-05T10:52:32.577+0000][34308][safepoint    ] Safepoint "Cleanup", Time since last: 2000673100 ns, Reaching safepoint: 175300 ns, At safepoint: 11800 ns, Total: 187100 ns
[2020-10-05T10:52:33.578+0000][34308][safepoint    ] Safepoint "Cleanup", Time since last: 1000544700 ns, Reaching safepoint: 161000 ns, At safepoint: 8900 ns, Total: 169900 ns
[2020-10-05T10:52:34.579+0000][34308][safepoint    ] Safepoint "Cleanup", Time since last: 1000660100 ns, Reaching safepoint: 138200 ns, At safepoint: 10200 ns, Total: 148400 ns
[2020-10-05T10:52:35.579+0000][34308][safepoint    ] Safepoint "Cleanup", Time since last: 1000715400 ns, Reaching safepoint: 207200 ns, At safepoint: 9100 ns, Total: 216300 ns
[2020-10-05T10:52:36.580+0000][34308][safepoint    ] Safepoint "Cleanup", Time since last: 1000347900 ns, Reaching safepoint: 122700 ns, At safepoint: 13000 ns, Total: 135700 ns
[2020-10-05T10:52:38.580+0000][34308][safepoint    ] Safepoint "Cleanup", Time since last: 1999981100 ns, Reaching safepoint: 131300 ns, At safepoint: 10100 ns, Total: 141400 ns
[2020-10-05T10:52:39.581+0000][34308][safepoint    ] Safepoint "Cleanup", Time since last: 1000860800 ns, Reaching safepoint: 155300 ns, At safepoint: 22400 ns, Total: 177700 ns
[2020-10-05T10:52:40.582+0000][34308][safepoint    ] Safepoint "Cleanup", Time since last: 1000528500 ns, Reaching safepoint: 136900 ns, At safepoint: 9700 ns, Total: 146600 ns
[2020-10-05T10:52:41.583+0000][34308][safepoint    ] Safepoint "Cleanup", Time since last: 1000652900 ns, Reaching safepoint: 163400 ns, At safepoint: 8500 ns, Total: 171900 ns
[2020-10-05T10:52:43.583+0000][34308][safepoint    ] Safepoint "Cleanup", Time since last: 1999957400 ns, Reaching safepoint: 154300 ns, At safepoint: 9900 ns, Total: 164200 ns
[2020-10-05T10:52:44.583+0000][34308][safepoint    ] Safepoint "Cleanup", Time since last: 1000096600 ns, Reaching safepoint: 149400 ns, At safepoint: 7900 ns, Total: 157300 ns
[2020-10-05T10:52:45.583+0000][34308][safepoint    ] Safepoint "Cleanup", Time since last: 1000215000 ns, Reaching safepoint: 158700 ns, At safepoint: 9400 ns, Total: 168100 ns
[2020-10-05T10:52:47.584+0000][34308][safepoint    ] Safepoint "Cleanup", Time since last: 2000256400 ns, Reaching safepoint: 152900 ns, At safepoint: 9900 ns, Total: 162800 ns
[2020-10-05T10:52:49.584+0000][34308][safepoint    ] Safepoint "Cleanup", Time since last: 2000375600 ns, Reaching safepoint: 148000 ns, At safepoint: 7900 ns, Total: 155900 ns
[2020-10-05T10:52:49.934+0000][34308][safepoint    ] Safepoint "BulkRevokeBias", Time since last: 306323500 ns, Reaching safepoint: 41067100 ns, At safepoint: 2960300 ns, Total: 44027400 ns
[2020-10-05T10:52:50.940+0000][34308][safepoint    ] Safepoint "Cleanup", Time since last: 1005829100 ns, Reaching safepoint: 199900 ns, At safepoint: 12800 ns, Total: 212700 ns
[2020-10-05T10:52:51.377+0000][34308][safepoint    ] Safepoint "BulkRevokeBias", Time since last: 330156200 ns, Reaching safepoint: 103374000 ns, At safepoint: 3078800 ns, Total: 106452800 ns
[2020-10-05T10:52:51.431+0000][34308][safepoint    ] Safepoint "BulkRevokeBias", Time since last: 8581100 ns, Reaching safepoint: 44368100 ns, At safepoint: 1564800 ns, Total: 45932900 ns
[2020-10-05T10:52:51.434+0000][34308][safepoint    ] Safepoint "BulkRevokeBias", Time since last: 334200 ns, Reaching safepoint: 1610600 ns, At safepoint: 1284800 ns, Total: 2895400 ns
[2020-10-05T10:52:51.437+0000][34308][safepoint    ] Safepoint "BulkRevokeBias", Time since last: 1101900 ns, Reaching safepoint: 160300 ns, At safepoint: 1579700 ns, Total: 1740000 ns
[2020-10-05T10:52:51.585+0000][34308][safepoint    ] Safepoint "BulkRevokeBias", Time since last: 115572500 ns, Reaching safepoint: 30918000 ns, At safepoint: 1186100 ns, Total: 32104100 ns
[2020-10-05T10:52:51.588+0000][34308][safepoint    ] Safepoint "BulkRevokeBias", Time since last: 1119900 ns, Reaching safepoint: 365100 ns, At safepoint: 1353600 ns, Total: 1718700 ns
[2020-10-05T10:52:51.626+0000][34308][safepoint    ] Safepoint "BulkRevokeBias", Time since last: 33772300 ns, Reaching safepoint: 3457600 ns, At safepoint: 1382800 ns, Total: 4840400 ns
