[2021-10-20T02:29:28.129+0000][5128][gc,heap] Heap region size: 1M
[2021-10-20T02:29:28.130+0000][5128][gc,heap,coops] Heap address: 0x00000000c0000000, size: 1024 MB, Compressed Oops mode: 32-bit
[2021-10-20T02:29:28.525+0000][5128][gc           ] Using G1
[2021-10-20T02:29:28.546+0000][5128][gc           ] Periodic GC disabled
[2021-10-20T02:29:29.241+0000][5128][safepoint    ] Safepoint "ICBufferFull", Time since last: 705561300 ns, Reaching safepoint: 194300 ns, At safepoint: 66500 ns, Total: 260800 ns
[2021-10-20T02:29:29.849+0000][5128][safepoint    ] Safepoint "ICBufferFull", Time since last: 607938500 ns, Reaching safepoint: 163500 ns, At safepoint: 52900 ns, Total: 216400 ns
[2021-10-20T02:29:30.143+0000][5128][gc,start     ] GC(0) Pause Young (Normal) (G1 Evacuation Pause)
[2021-10-20T02:29:30.144+0000][5128][gc,task      ] GC(0) Using 8 workers of 8 for evacuation
[2021-10-20T02:29:30.144+0000][5128][gc,age       ] GC(0) Desired survivor size 3670016 bytes, new threshold 15 (max threshold 15)
[2021-10-20T02:29:30.153+0000][5128][gc,age       ] GC(0) Age table with threshold 15 (max threshold 15)
[2021-10-20T02:29:30.153+0000][5128][gc,age       ] GC(0) - age   1:    5123176 bytes,    5123176 total
[2021-10-20T02:29:30.153+0000][5128][gc,phases    ] GC(0)   Pre Evacuate Collection Set: 0.3ms
[2021-10-20T02:29:30.153+0000][5128][gc,phases    ] GC(0)   Merge Heap Roots: 0.1ms
[2021-10-20T02:29:30.153+0000][5128][gc,phases    ] GC(0)   Evacuate Collection Set: 8.0ms
[2021-10-20T02:29:30.153+0000][5128][gc,phases    ] GC(0)   Post Evacuate Collection Set: 0.8ms
[2021-10-20T02:29:30.153+0000][5128][gc,phases    ] GC(0)   Other: 1.2ms
[2021-10-20T02:29:30.154+0000][5128][gc,heap      ] GC(0) Eden regions: 51->0(56)
[2021-10-20T02:29:30.154+0000][5128][gc,heap      ] GC(0) Survivor regions: 0->5(7)
[2021-10-20T02:29:30.154+0000][5128][gc,heap      ] GC(0) Old regions: 0->0
[2021-10-20T02:29:30.154+0000][5128][gc,heap      ] GC(0) Archive regions: 0->0
[2021-10-20T02:29:30.154+0000][5128][gc,heap      ] GC(0) Humongous regions: 1->1
[2021-10-20T02:29:30.154+0000][5128][gc,metaspace ] GC(0) Metaspace: 12519K(13056K)->12519K(13056K) NonClass: 10989K(11264K)->10989K(11264K) Class: 1530K(1792K)->1530K(1792K)
[2021-10-20T02:29:30.154+0000][5128][gc           ] GC(0) Pause Young (Normal) (G1 Evacuation Pause) 52M->5M(1024M) 10.722ms
[2021-10-20T02:29:30.154+0000][5128][gc,cpu       ] GC(0) User=0.05s Sys=0.00s Real=0.01s
[2021-10-20T02:29:30.154+0000][5128][safepoint    ] Safepoint "G1CollectForAllocation", Time since last: 293416700 ns, Reaching safepoint: 101300 ns, At safepoint: 10854800 ns, Total: 10956100 ns
[2021-10-20T02:29:30.911+0000][5128][gc,start     ] GC(1) Pause Young (Normal) (G1 Evacuation Pause)
[2021-10-20T02:29:30.911+0000][5128][gc,task      ] GC(1) Using 8 workers of 8 for evacuation
[2021-10-20T02:29:30.911+0000][5128][gc,age       ] GC(1) Desired survivor size 4194304 bytes, new threshold 1 (max threshold 15)
[2021-10-20T02:29:30.917+0000][5128][gc,age       ] GC(1) Age table with threshold 1 (max threshold 15)
[2021-10-20T02:29:30.917+0000][5128][gc,age       ] GC(1) - age   1:    1861960 bytes,    1861960 total
[2021-10-20T02:29:30.917+0000][5128][gc,phases    ] GC(1)   Pre Evacuate Collection Set: 0.1ms
[2021-10-20T02:29:30.917+0000][5128][gc,phases    ] GC(1)   Merge Heap Roots: 0.0ms
[2021-10-20T02:29:30.917+0000][5128][gc,phases    ] GC(1)   Evacuate Collection Set: 4.5ms
[2021-10-20T02:29:30.917+0000][5128][gc,phases    ] GC(1)   Post Evacuate Collection Set: 0.7ms
[2021-10-20T02:29:30.917+0000][5128][gc,phases    ] GC(1)   Other: 0.3ms
[2021-10-20T02:29:30.917+0000][5128][gc,heap      ] GC(1) Eden regions: 56->0(611)
[2021-10-20T02:29:30.917+0000][5128][gc,heap      ] GC(1) Survivor regions: 5->3(8)
[2021-10-20T02:29:30.917+0000][5128][gc,heap      ] GC(1) Old regions: 0->5
[2021-10-20T02:29:30.917+0000][5128][gc,heap      ] GC(1) Archive regions: 0->0
[2021-10-20T02:29:30.917+0000][5128][gc,heap      ] GC(1) Humongous regions: 1->1
[2021-10-20T02:29:30.917+0000][5128][gc,metaspace ] GC(1) Metaspace: 15223K(16000K)->15223K(16000K) NonClass: 13358K(13824K)->13358K(13824K) Class: 1865K(2176K)->1865K(2176K)
[2021-10-20T02:29:30.917+0000][5128][gc           ] GC(1) Pause Young (Normal) (G1 Evacuation Pause) 61M->7M(1024M) 5.950ms
[2021-10-20T02:29:30.917+0000][5128][gc,cpu       ] GC(1) User=0.09s Sys=0.02s Real=0.01s
[2021-10-20T02:29:30.917+0000][5128][safepoint    ] Safepoint "G1CollectForAllocation", Time since last: 758178900 ns, Reaching safepoint: 141300 ns, At safepoint: 6063300 ns, Total: 6204600 ns
[2021-10-20T02:29:30.918+0000][5128][safepoint    ] Safepoint "BulkRevokeBias", Time since last: 242300 ns, Reaching safepoint: 52700 ns, At safepoint: 57600 ns, Total: 110300 ns
[2021-10-20T02:29:30.919+0000][5128][safepoint    ] Safepoint "BulkRevokeBias", Time since last: 1053100 ns, Reaching safepoint: 39400 ns, At safepoint: 83100 ns, Total: 122500 ns
[2021-10-20T02:29:30.919+0000][5128][safepoint    ] Safepoint "BulkRevokeBias", Time since last: 68400 ns, Reaching safepoint: 99000 ns, At safepoint: 88400 ns, Total: 187400 ns
[2021-10-20T02:29:31.562+0000][5128][safepoint    ] Safepoint "ICBufferFull", Time since last: 642642700 ns, Reaching safepoint: 190700 ns, At safepoint: 13400 ns, Total: 204100 ns
[2021-10-20T02:29:32.572+0000][5128][safepoint    ] Safepoint "Cleanup", Time since last: 1009200600 ns, Reaching safepoint: 138000 ns, At safepoint: 3400 ns, Total: 141400 ns
[2021-10-20T02:29:32.799+0000][5128][gc,start     ] GC(2) Pause Young (Concurrent Start) (Metadata GC Threshold)
[2021-10-20T02:29:32.799+0000][5128][gc,task      ] GC(2) Using 8 workers of 8 for evacuation
[2021-10-20T02:29:32.799+0000][5128][gc,age       ] GC(2) Desired survivor size 40370176 bytes, new threshold 15 (max threshold 15)
[2021-10-20T02:29:32.804+0000][5128][gc,age       ] GC(2) Age table with threshold 15 (max threshold 15)
[2021-10-20T02:29:32.805+0000][5128][gc,age       ] GC(2) - age   1:    6209032 bytes,    6209032 total
[2021-10-20T02:29:32.805+0000][5128][gc,age       ] GC(2) - age   2:    1311288 bytes,    7520320 total
[2021-10-20T02:29:32.805+0000][5128][gc,phases    ] GC(2)   Pre Evacuate Collection Set: 0.1ms
[2021-10-20T02:29:32.805+0000][5128][gc,phases    ] GC(2)   Merge Heap Roots: 0.1ms
[2021-10-20T02:29:32.805+0000][5128][gc,phases    ] GC(2)   Evacuate Collection Set: 3.6ms
[2021-10-20T02:29:32.805+0000][5128][gc,phases    ] GC(2)   Post Evacuate Collection Set: 1.0ms
[2021-10-20T02:29:32.805+0000][5128][gc,phases    ] GC(2)   Other: 0.4ms
[2021-10-20T02:29:32.805+0000][5128][gc,heap      ] GC(2) Eden regions: 303->0(606)
[2021-10-20T02:29:32.805+0000][5128][gc,heap      ] GC(2) Survivor regions: 3->8(77)
[2021-10-20T02:29:32.805+0000][5128][gc,heap      ] GC(2) Old regions: 5->5
[2021-10-20T02:29:32.805+0000][5128][gc,heap      ] GC(2) Archive regions: 0->0
[2021-10-20T02:29:32.805+0000][5128][gc,heap      ] GC(2) Humongous regions: 1->1
[2021-10-20T02:29:32.805+0000][5128][gc,metaspace ] GC(2) Metaspace: 20221K(21248K)->20221K(21248K) NonClass: 17814K(18432K)->17814K(18432K) Class: 2406K(2816K)->2406K(2816K)
[2021-10-20T02:29:32.805+0000][5128][gc           ] GC(2) Pause Young (Concurrent Start) (Metadata GC Threshold) 310M->13M(1024M) 5.444ms
[2021-10-20T02:29:32.805+0000][5128][gc,cpu       ] GC(2) User=0.13s Sys=0.00s Real=0.01s
[2021-10-20T02:29:32.805+0000][5128][gc           ] GC(3) Concurrent Cycle
[2021-10-20T02:29:32.805+0000][5128][gc,marking   ] GC(3) Concurrent Clear Claimed Marks
[2021-10-20T02:29:32.805+0000][5128][gc,marking   ] GC(3) Concurrent Clear Claimed Marks 0.044ms
[2021-10-20T02:29:32.805+0000][5128][gc,marking   ] GC(3) Concurrent Scan Root Regions
[2021-10-20T02:29:32.805+0000][5128][safepoint    ] Safepoint "CollectForMetadataAllocation", Time since last: 227481600 ns, Reaching safepoint: 122200 ns, At safepoint: 5710700 ns, Total: 5832900 ns
[2021-10-20T02:29:32.806+0000][5128][safepoint    ] Safepoint "BulkRevokeBias", Time since last: 304900 ns, Reaching safepoint: 853300 ns, At safepoint: 119600 ns, Total: 972900 ns
[2021-10-20T02:29:32.807+0000][5128][gc,marking   ] GC(3) Concurrent Scan Root Regions 2.449ms
[2021-10-20T02:29:32.808+0000][5128][gc,marking   ] GC(3) Concurrent Mark (4.699s)
[2021-10-20T02:29:32.808+0000][5128][gc,marking   ] GC(3) Concurrent Mark From Roots
[2021-10-20T02:29:32.808+0000][5128][gc,task      ] GC(3) Using 2 workers of 2 for marking
[2021-10-20T02:29:32.810+0000][5128][safepoint    ] Safepoint "BulkRevokeBias", Time since last: 3500600 ns, Reaching safepoint: 153000 ns, At safepoint: 116900 ns, Total: 269900 ns
[2021-10-20T02:29:32.813+0000][5128][safepoint    ] Safepoint "BulkRevokeBias", Time since last: 2727300 ns, Reaching safepoint: 104300 ns, At safepoint: 121800 ns, Total: 226100 ns
[2021-10-20T02:29:32.814+0000][5128][gc,marking   ] GC(3) Concurrent Mark From Roots 6.821ms
[2021-10-20T02:29:32.814+0000][5128][gc,marking   ] GC(3) Concurrent Preclean
[2021-10-20T02:29:32.815+0000][5128][gc,marking   ] GC(3) Concurrent Preclean 0.150ms
[2021-10-20T02:29:32.815+0000][5128][gc,marking   ] GC(3) Concurrent Mark (4.699s, 4.706s) 7.051ms
[2021-10-20T02:29:32.815+0000][5128][gc,start     ] GC(3) Pause Remark
[2021-10-20T02:29:32.816+0000][5128][gc           ] GC(3) Pause Remark 14M->14M(1024M) 1.359ms
[2021-10-20T02:29:32.816+0000][5128][gc,cpu       ] GC(3) User=0.00s Sys=0.00s Real=0.00s
[2021-10-20T02:29:32.816+0000][5128][safepoint    ] Safepoint "G1Concurrent", Time since last: 1552100 ns, Reaching safepoint: 94800 ns, At safepoint: 1509800 ns, Total: 1604600 ns
[2021-10-20T02:29:32.816+0000][5128][gc,marking   ] GC(3) Concurrent Rebuild Remembered Sets
[2021-10-20T02:29:32.819+0000][5128][gc,marking   ] GC(3) Concurrent Rebuild Remembered Sets 2.540ms
[2021-10-20T02:29:32.819+0000][5128][gc,start     ] GC(3) Pause Cleanup
[2021-10-20T02:29:32.819+0000][5128][gc           ] GC(3) Pause Cleanup 15M->15M(1024M) 0.168ms
[2021-10-20T02:29:32.819+0000][5128][gc,cpu       ] GC(3) User=0.00s Sys=0.00s Real=0.00s
[2021-10-20T02:29:32.820+0000][5128][safepoint    ] Safepoint "G1Concurrent", Time since last: 2651400 ns, Reaching safepoint: 378600 ns, At safepoint: 283300 ns, Total: 661900 ns
[2021-10-20T02:29:32.820+0000][5128][gc,marking   ] GC(3) Concurrent Cleanup for Next Mark
[2021-10-20T02:29:32.821+0000][5128][gc,marking   ] GC(3) Concurrent Cleanup for Next Mark 1.597ms
[2021-10-20T02:29:32.821+0000][5128][gc           ] GC(3) Concurrent Cycle 16.320ms
[2021-10-20T02:29:33.092+0000][5128][safepoint    ] Safepoint "BulkRevokeBias", Time since last: 271923000 ns, Reaching safepoint: 117400 ns, At safepoint: 60000 ns, Total: 177400 ns
[2021-10-20T02:29:34.105+0000][5128][safepoint    ] Safepoint "Cleanup", Time since last: 1012762700 ns, Reaching safepoint: 130200 ns, At safepoint: 2400 ns, Total: 132600 ns
[2021-10-20T02:29:35.435+0000][5128][safepoint    ] Safepoint "Cleanup", Time since last: 1330376000 ns, Reaching safepoint: 230300 ns, At safepoint: 1700 ns, Total: 232000 ns
[2021-10-20T02:29:36.425+0000][5128][safepoint    ] Safepoint "ICBufferFull", Time since last: 989963700 ns, Reaching safepoint: 152700 ns, At safepoint: 13300 ns, Total: 166000 ns
[2021-10-20T02:29:36.544+0000][5128][gc,start     ] GC(4) Pause Young (Normal) (G1 Evacuation Pause)
[2021-10-20T02:29:36.544+0000][5128][gc,task      ] GC(4) Using 8 workers of 8 for evacuation
[2021-10-20T02:29:36.544+0000][5128][gc,age       ] GC(4) Desired survivor size 40370176 bytes, new threshold 15 (max threshold 15)
[2021-10-20T02:29:36.571+0000][5128][gc,age       ] GC(4) Age table with threshold 15 (max threshold 15)
[2021-10-20T02:29:36.571+0000][5128][gc,age       ] GC(4) - age   1:   34706120 bytes,   34706120 total
[2021-10-20T02:29:36.571+0000][5128][gc,age       ] GC(4) - age   2:    6102184 bytes,   40808304 total
[2021-10-20T02:29:36.571+0000][5128][gc,age       ] GC(4) - age   3:    1257488 bytes,   42065792 total
[2021-10-20T02:29:36.571+0000][5128][gc,phases    ] GC(4)   Pre Evacuate Collection Set: 0.1ms
[2021-10-20T02:29:36.571+0000][5128][gc,phases    ] GC(4)   Merge Heap Roots: 0.1ms
[2021-10-20T02:29:36.571+0000][5128][gc,phases    ] GC(4)   Evacuate Collection Set: 25.3ms
[2021-10-20T02:29:36.571+0000][5128][gc,phases    ] GC(4)   Post Evacuate Collection Set: 1.1ms
[2021-10-20T02:29:36.571+0000][5128][gc,phases    ] GC(4)   Other: 0.4ms
[2021-10-20T02:29:36.571+0000][5128][gc,heap      ] GC(4) Eden regions: 606->0(573)
[2021-10-20T02:29:36.571+0000][5128][gc,heap      ] GC(4) Survivor regions: 8->41(77)
[2021-10-20T02:29:36.571+0000][5128][gc,heap      ] GC(4) Old regions: 5->5
[2021-10-20T02:29:36.571+0000][5128][gc,heap      ] GC(4) Archive regions: 0->0
[2021-10-20T02:29:36.571+0000][5128][gc,heap      ] GC(4) Humongous regions: 2->1
[2021-10-20T02:29:36.571+0000][5128][gc,metaspace ] GC(4) Metaspace: 28391K(30464K)->28391K(30464K) NonClass: 24926K(26368K)->24926K(26368K) Class: 3464K(4096K)->3464K(4096K)
[2021-10-20T02:29:36.571+0000][5128][gc           ] GC(4) Pause Young (Normal) (G1 Evacuation Pause) 620M->46M(1024M) 27.152ms
[2021-10-20T02:29:36.571+0000][5128][gc,cpu       ] GC(4) User=0.25s Sys=0.00s Real=0.03s
[2021-10-20T02:29:36.571+0000][5128][safepoint    ] Safepoint "G1CollectForAllocation", Time since last: 118627900 ns, Reaching safepoint: 64500 ns, At safepoint: 27233200 ns, Total: 27297700 ns
[2021-10-20T02:29:36.971+0000][5128][gc,start     ] GC(5) Pause Young (Concurrent Start) (Metadata GC Threshold)
[2021-10-20T02:29:36.971+0000][5128][gc,task      ] GC(5) Using 8 workers of 8 for evacuation
[2021-10-20T02:29:36.971+0000][5128][gc,age       ] GC(5) Desired survivor size 40370176 bytes, new threshold 2 (max threshold 15)
[2021-10-20T02:29:36.994+0000][5128][gc,age       ] GC(5) Age table with threshold 2 (max threshold 15)
[2021-10-20T02:29:36.994+0000][5128][gc,age       ] GC(5) - age   1:    4566264 bytes,    4566264 total
[2021-10-20T02:29:36.994+0000][5128][gc,age       ] GC(5) - age   2:   34580520 bytes,   39146784 total
[2021-10-20T02:29:36.994+0000][5128][gc,phases    ] GC(5)   Pre Evacuate Collection Set: 0.1ms
[2021-10-20T02:29:36.994+0000][5128][gc,phases    ] GC(5)   Merge Heap Roots: 0.0ms
[2021-10-20T02:29:36.994+0000][5128][gc,phases    ] GC(5)   Evacuate Collection Set: 21.4ms
[2021-10-20T02:29:36.994+0000][5128][gc,phases    ] GC(5)   Post Evacuate Collection Set: 1.1ms
[2021-10-20T02:29:36.994+0000][5128][gc,phases    ] GC(5)   Other: 0.3ms
[2021-10-20T02:29:36.994+0000][5128][gc,heap      ] GC(5) Eden regions: 60->0(116)
[2021-10-20T02:29:36.994+0000][5128][gc,heap      ] GC(5) Survivor regions: 41->40(77)
[2021-10-20T02:29:36.994+0000][5128][gc,heap      ] GC(5) Old regions: 5->13
[2021-10-20T02:29:36.994+0000][5128][gc,heap      ] GC(5) Archive regions: 0->0
[2021-10-20T02:29:36.994+0000][5128][gc,heap      ] GC(5) Humongous regions: 1->1
[2021-10-20T02:29:36.994+0000][5128][gc,metaspace ] GC(5) Metaspace: 33527K(35840K)->33527K(35840K) NonClass: 29263K(30720K)->29263K(30720K) Class: 4263K(5120K)->4263K(5120K)
[2021-10-20T02:29:36.994+0000][5128][gc           ] GC(5) Pause Young (Concurrent Start) (Metadata GC Threshold) 105M->52M(1024M) 23.264ms
[2021-10-20T02:29:36.994+0000][5128][gc,cpu       ] GC(5) User=0.25s Sys=0.00s Real=0.02s
[2021-10-20T02:29:36.994+0000][5128][gc           ] GC(6) Concurrent Cycle
[2021-10-20T02:29:36.994+0000][5128][gc,marking   ] GC(6) Concurrent Clear Claimed Marks
[2021-10-20T02:29:36.994+0000][5128][gc,marking   ] GC(6) Concurrent Clear Claimed Marks 0.081ms
[2021-10-20T02:29:36.994+0000][5128][safepoint    ] Safepoint "CollectForMetadataAllocation", Time since last: 399557200 ns, Reaching safepoint: 107900 ns, At safepoint: 23500700 ns, Total: 23608600 ns
[2021-10-20T02:29:36.994+0000][5128][gc,marking   ] GC(6) Concurrent Scan Root Regions
[2021-10-20T02:29:37.007+0000][5128][gc,marking   ] GC(6) Concurrent Scan Root Regions 13.243ms
[2021-10-20T02:29:37.007+0000][5128][gc,marking   ] GC(6) Concurrent Mark (8.900s)
[2021-10-20T02:29:37.008+0000][5128][gc,marking   ] GC(6) Concurrent Mark From Roots
[2021-10-20T02:29:37.008+0000][5128][gc,task      ] GC(6) Using 2 workers of 2 for marking
[2021-10-20T02:29:37.012+0000][5128][gc,marking   ] GC(6) Concurrent Mark From Roots 4.280ms
[2021-10-20T02:29:37.012+0000][5128][gc,marking   ] GC(6) Concurrent Preclean
[2021-10-20T02:29:37.012+0000][5128][gc,marking   ] GC(6) Concurrent Preclean 0.164ms
[2021-10-20T02:29:37.012+0000][5128][gc,marking   ] GC(6) Concurrent Mark (8.900s, 8.904s) 4.550ms
[2021-10-20T02:29:37.012+0000][5128][gc,start     ] GC(6) Pause Remark
[2021-10-20T02:29:37.014+0000][5128][gc           ] GC(6) Pause Remark 57M->57M(1024M) 1.397ms
[2021-10-20T02:29:37.014+0000][5128][gc,cpu       ] GC(6) User=0.00s Sys=0.00s Real=0.00s
[2021-10-20T02:29:37.014+0000][5128][safepoint    ] Safepoint "G1Concurrent", Time since last: 17899800 ns, Reaching safepoint: 107200 ns, At safepoint: 1517200 ns, Total: 1624400 ns
[2021-10-20T02:29:37.014+0000][5128][gc,marking   ] GC(6) Concurrent Rebuild Remembered Sets
[2021-10-20T02:29:37.019+0000][5128][gc,marking   ] GC(6) Concurrent Rebuild Remembered Sets 5.460ms
[2021-10-20T02:29:37.020+0000][5128][gc,start     ] GC(6) Pause Cleanup
[2021-10-20T02:29:37.020+0000][5128][gc           ] GC(6) Pause Cleanup 60M->60M(1024M) 0.224ms
[2021-10-20T02:29:37.020+0000][5128][gc,cpu       ] GC(6) User=0.00s Sys=0.00s Real=0.00s
[2021-10-20T02:29:37.020+0000][5128][safepoint    ] Safepoint "G1Concurrent", Time since last: 5625900 ns, Reaching safepoint: 302200 ns, At safepoint: 323800 ns, Total: 626000 ns
[2021-10-20T02:29:37.020+0000][5128][gc,marking   ] GC(6) Concurrent Cleanup for Next Mark
[2021-10-20T02:29:37.022+0000][5128][gc,marking   ] GC(6) Concurrent Cleanup for Next Mark 1.680ms
[2021-10-20T02:29:37.022+0000][5128][gc           ] GC(6) Concurrent Cycle 27.775ms
[2021-10-20T02:29:38.019+0000][5128][safepoint    ] Safepoint "ICBufferFull", Time since last: 997942000 ns, Reaching safepoint: 158600 ns, At safepoint: 57600 ns, Total: 216200 ns
[2021-10-20T02:29:38.318+0000][5128][safepoint    ] Safepoint "ICBufferFull", Time since last: 299752300 ns, Reaching safepoint: 159100 ns, At safepoint: 3600 ns, Total: 162700 ns
[2021-10-20T02:29:38.665+0000][5128][safepoint    ] Safepoint "BulkRevokeBias", Time since last: 346458700 ns, Reaching safepoint: 600700 ns, At safepoint: 340600 ns, Total: 941300 ns
[2021-10-20T02:29:38.711+0000][5128][safepoint    ] Safepoint "BulkRevokeBias", Time since last: 44366400 ns, Reaching safepoint: 320500 ns, At safepoint: 895800 ns, Total: 1216300 ns
[2021-10-20T02:29:38.720+0000][5128][safepoint    ] Safepoint "BulkRevokeBias", Time since last: 8274200 ns, Reaching safepoint: 273100 ns, At safepoint: 281100 ns, Total: 554200 ns
[2021-10-20T02:29:38.730+0000][5128][safepoint    ] Safepoint "BulkRevokeBias", Time since last: 9479700 ns, Reaching safepoint: 640400 ns, At safepoint: 695000 ns, Total: 1335400 ns
[2021-10-20T02:29:38.810+0000][5128][gc,start     ] GC(7) Pause Young (Normal) (G1 Evacuation Pause)
[2021-10-20T02:29:38.811+0000][5128][gc,task      ] GC(7) Using 8 workers of 8 for evacuation
[2021-10-20T02:29:38.811+0000][5128][gc,age       ] GC(7) Desired survivor size 13631488 bytes, new threshold 2 (max threshold 15)
[2021-10-20T02:29:38.835+0000][5128][gc,age       ] GC(7) Age table with threshold 2 (max threshold 15)
[2021-10-20T02:29:38.836+0000][5128][gc,age       ] GC(7) - age   1:    7113760 bytes,    7113760 total
[2021-10-20T02:29:38.836+0000][5128][gc,age       ] GC(7) - age   2:    4489984 bytes,   11603744 total
[2021-10-20T02:29:38.836+0000][5128][gc,phases    ] GC(7)   Pre Evacuate Collection Set: 0.1ms
[2021-10-20T02:29:38.836+0000][5128][gc,phases    ] GC(7)   Merge Heap Roots: 0.1ms
[2021-10-20T02:29:38.836+0000][5128][gc,phases    ] GC(7)   Evacuate Collection Set: 22.8ms
[2021-10-20T02:29:38.836+0000][5128][gc,phases    ] GC(7)   Post Evacuate Collection Set: 1.5ms
[2021-10-20T02:29:38.836+0000][5128][gc,phases    ] GC(7)   Other: 0.3ms
[2021-10-20T02:29:38.836+0000][5128][gc,heap      ] GC(7) Eden regions: 167->0(601)
[2021-10-20T02:29:38.836+0000][5128][gc,heap      ] GC(7) Survivor regions: 40->13(26)
[2021-10-20T02:29:38.836+0000][5128][gc,heap      ] GC(7) Old regions: 13->46
[2021-10-20T02:29:38.836+0000][5128][gc,heap      ] GC(7) Archive regions: 0->0
[2021-10-20T02:29:38.836+0000][5128][gc,heap      ] GC(7) Humongous regions: 1->1
[2021-10-20T02:29:38.836+0000][5128][gc,metaspace ] GC(7) Metaspace: 48692K(52224K)->48692K(52224K) NonClass: 42166K(44288K)->42166K(44288K) Class: 6525K(7936K)->6525K(7936K)
[2021-10-20T02:29:38.836+0000][5128][gc           ] GC(7) Pause Young (Normal) (G1 Evacuation Pause) 219M->59M(1024M) 25.071ms
[2021-10-20T02:29:38.836+0000][5128][gc,cpu       ] GC(7) User=0.25s Sys=0.00s Real=0.03s
[2021-10-20T02:29:38.836+0000][5128][safepoint    ] Safepoint "G1CollectForAllocation", Time since last: 79481900 ns, Reaching safepoint: 165200 ns, At safepoint: 25209800 ns, Total: 25375000 ns
[2021-10-20T02:29:39.295+0000][5128][gc,start     ] GC(8) Pause Young (Concurrent Start) (Metadata GC Threshold)
[2021-10-20T02:29:39.295+0000][5128][gc,task      ] GC(8) Using 8 workers of 8 for evacuation
[2021-10-20T02:29:39.295+0000][5128][gc,age       ] GC(8) Desired survivor size 40370176 bytes, new threshold 15 (max threshold 15)
[2021-10-20T02:29:39.304+0000][5128][gc,age       ] GC(8) Age table with threshold 15 (max threshold 15)
[2021-10-20T02:29:39.304+0000][5128][gc,age       ] GC(8) - age   1:    1643904 bytes,    1643904 total
[2021-10-20T02:29:39.304+0000][5128][gc,age       ] GC(8) - age   2:    6939296 bytes,    8583200 total
[2021-10-20T02:29:39.304+0000][5128][gc,age       ] GC(8) - age   3:    4407208 bytes,   12990408 total
[2021-10-20T02:29:39.304+0000][5128][gc,phases    ] GC(8)   Pre Evacuate Collection Set: 0.2ms
[2021-10-20T02:29:39.305+0000][5128][gc,phases    ] GC(8)   Merge Heap Roots: 0.1ms
[2021-10-20T02:29:39.305+0000][5128][gc,phases    ] GC(8)   Evacuate Collection Set: 7.9ms
[2021-10-20T02:29:39.305+0000][5128][gc,phases    ] GC(8)   Post Evacuate Collection Set: 0.8ms
[2021-10-20T02:29:39.305+0000][5128][gc,phases    ] GC(8)   Other: 0.3ms
[2021-10-20T02:29:39.305+0000][5128][gc,heap      ] GC(8) Eden regions: 82->0(600)
[2021-10-20T02:29:39.305+0000][5128][gc,heap      ] GC(8) Survivor regions: 13->14(77)
[2021-10-20T02:29:39.305+0000][5128][gc,heap      ] GC(8) Old regions: 46->46
[2021-10-20T02:29:39.305+0000][5128][gc,heap      ] GC(8) Archive regions: 0->0
[2021-10-20T02:29:39.305+0000][5128][gc,heap      ] GC(8) Humongous regions: 1->1
[2021-10-20T02:29:39.305+0000][5128][gc,metaspace ] GC(8) Metaspace: 55967K(60160K)->55967K(60160K) NonClass: 48301K(50688K)->48301K(50688K) Class: 7665K(9472K)->7665K(9472K)
[2021-10-20T02:29:39.305+0000][5128][gc           ] GC(8) Pause Young (Concurrent Start) (Metadata GC Threshold) 141M->59M(1024M) 9.469ms
[2021-10-20T02:29:39.305+0000][5128][gc,cpu       ] GC(8) User=0.13s Sys=0.00s Real=0.01s
[2021-10-20T02:29:39.305+0000][5128][gc           ] GC(9) Concurrent Cycle
[2021-10-20T02:29:39.305+0000][5128][gc,marking   ] GC(9) Concurrent Clear Claimed Marks
[2021-10-20T02:29:39.305+0000][5128][safepoint    ] Safepoint "CollectForMetadataAllocation", Time since last: 459563500 ns, Reaching safepoint: 231000 ns, At safepoint: 9693800 ns, Total: 9924800 ns
[2021-10-20T02:29:39.305+0000][5128][gc,marking   ] GC(9) Concurrent Clear Claimed Marks 0.171ms
[2021-10-20T02:29:39.305+0000][5128][gc,marking   ] GC(9) Concurrent Scan Root Regions
[2021-10-20T02:29:39.311+0000][5128][gc,marking   ] GC(9) Concurrent Scan Root Regions 5.569ms
[2021-10-20T02:29:39.311+0000][5128][gc,marking   ] GC(9) Concurrent Mark (11.203s)
[2021-10-20T02:29:39.311+0000][5128][gc,marking   ] GC(9) Concurrent Mark From Roots
[2021-10-20T02:29:39.311+0000][5128][gc,task      ] GC(9) Using 2 workers of 2 for marking
[2021-10-20T02:29:39.322+0000][5128][safepoint    ] Safepoint "CollectForMetadataAllocation", Time since last: 16679000 ns, Reaching safepoint: 206400 ns, At safepoint: 114700 ns, Total: 321100 ns
[2021-10-20T02:29:39.352+0000][5128][safepoint    ] Safepoint "CollectForMetadataAllocation", Time since last: 29896100 ns, Reaching safepoint: 140600 ns, At safepoint: 69500 ns, Total: 210100 ns
[2021-10-20T02:29:39.357+0000][5128][gc,marking   ] GC(9) Concurrent Mark From Roots 46.151ms
[2021-10-20T02:29:39.357+0000][5128][gc,marking   ] GC(9) Concurrent Preclean
[2021-10-20T02:29:39.357+0000][5128][gc,marking   ] GC(9) Concurrent Preclean 0.266ms
[2021-10-20T02:29:39.357+0000][5128][gc,marking   ] GC(9) Concurrent Mark (11.203s, 11.249s) 46.499ms
[2021-10-20T02:29:39.357+0000][5128][gc,start     ] GC(9) Pause Remark
[2021-10-20T02:29:39.359+0000][5128][gc           ] GC(9) Pause Remark 64M->64M(1024M) 1.553ms
[2021-10-20T02:29:39.359+0000][5128][gc,cpu       ] GC(9) User=0.00s Sys=0.00s Real=0.00s
[2021-10-20T02:29:39.359+0000][5128][safepoint    ] Safepoint "G1Concurrent", Time since last: 5168500 ns, Reaching safepoint: 292400 ns, At safepoint: 1635800 ns, Total: 1928200 ns
[2021-10-20T02:29:39.359+0000][5128][gc,marking   ] GC(9) Concurrent Rebuild Remembered Sets
[2021-10-20T02:29:39.390+0000][5128][gc,marking   ] GC(9) Concurrent Rebuild Remembered Sets 30.698ms
[2021-10-20T02:29:39.391+0000][5128][gc,start     ] GC(9) Pause Cleanup
[2021-10-20T02:29:39.391+0000][5128][gc           ] GC(9) Pause Cleanup 66M->66M(1024M) 0.213ms
[2021-10-20T02:29:39.391+0000][5128][gc,cpu       ] GC(9) User=0.00s Sys=0.00s Real=0.00s
[2021-10-20T02:29:39.391+0000][5128][safepoint    ] Safepoint "G1Concurrent", Time since last: 30815500 ns, Reaching safepoint: 621300 ns, At safepoint: 334000 ns, Total: 955300 ns
[2021-10-20T02:29:39.391+0000][5128][gc,marking   ] GC(9) Concurrent Cleanup for Next Mark
[2021-10-20T02:29:39.392+0000][5128][gc,marking   ] GC(9) Concurrent Cleanup for Next Mark 1.425ms
[2021-10-20T02:29:39.392+0000][5128][gc           ] GC(9) Concurrent Cycle 87.609ms
[2021-10-20T02:29:39.898+0000][5128][safepoint    ] Safepoint "ICBufferFull", Time since last: 506217300 ns, Reaching safepoint: 582200 ns, At safepoint: 3600 ns, Total: 585800 ns
[2021-10-20T02:29:40.422+0000][5128][safepoint    ] Safepoint "BulkRevokeBias", Time since last: 523407400 ns, Reaching safepoint: 200300 ns, At safepoint: 355800 ns, Total: 556100 ns
[2021-10-20T02:29:42.434+0000][5128][safepoint    ] Safepoint "Cleanup", Time since last: 2011880500 ns, Reaching safepoint: 263800 ns, At safepoint: 77100 ns, Total: 340900 ns
[2021-10-20T02:29:43.436+0000][5128][safepoint    ] Safepoint "Cleanup", Time since last: 1001766900 ns, Reaching safepoint: 216800 ns, At safepoint: 2700 ns, Total: 219500 ns
[2021-10-20T02:29:43.501+0000][5128][safepoint    ] Safepoint "BulkRevokeBias", Time since last: 64580100 ns, Reaching safepoint: 122100 ns, At safepoint: 515300 ns, Total: 637400 ns
[2021-10-20T02:29:43.502+0000][5128][safepoint    ] Safepoint "BulkRevokeBias", Time since last: 224800 ns, Reaching safepoint: 144600 ns, At safepoint: 639400 ns, Total: 784000 ns
[2021-10-20T02:29:43.504+0000][5128][safepoint    ] Safepoint "BulkRevokeBias", Time since last: 346600 ns, Reaching safepoint: 205800 ns, At safepoint: 925800 ns, Total: 1131600 ns
[2021-10-20T02:29:43.565+0000][5128][safepoint    ] Safepoint "BulkRevokeBias", Time since last: 59778300 ns, Reaching safepoint: 210500 ns, At safepoint: 1101300 ns, Total: 1311800 ns
[2021-10-20T02:29:43.579+0000][5128][safepoint    ] Safepoint "BulkRevokeBias", Time since last: 12937100 ns, Reaching safepoint: 109900 ns, At safepoint: 950800 ns, Total: 1060700 ns
[2021-10-20T02:29:43.825+0000][5128][safepoint    ] Safepoint "ICBufferFull", Time since last: 245445600 ns, Reaching safepoint: 219100 ns, At safepoint: 36000 ns, Total: 255100 ns
[2021-10-20T02:29:45.006+0000][5128][safepoint    ] Safepoint "ICBufferFull", Time since last: 1180111200 ns, Reaching safepoint: 784500 ns, At safepoint: 129400 ns, Total: 913900 ns
[2021-10-20T02:29:46.009+0000][5128][safepoint    ] Safepoint "Cleanup", Time since last: 1003329900 ns, Reaching safepoint: 242800 ns, At safepoint: 112100 ns, Total: 354900 ns
[2021-10-20T02:29:47.019+0000][5128][safepoint    ] Safepoint "Cleanup", Time since last: 1009099800 ns, Reaching safepoint: 265000 ns, At safepoint: 12000 ns, Total: 277000 ns
[2021-10-20T02:29:48.022+0000][5128][safepoint    ] Safepoint "Cleanup", Time since last: 1003199400 ns, Reaching safepoint: 188900 ns, At safepoint: 14100 ns, Total: 203000 ns
[2021-10-20T02:29:49.025+0000][5128][safepoint    ] Safepoint "Cleanup", Time since last: 1002014500 ns, Reaching safepoint: 558000 ns, At safepoint: 8700 ns, Total: 566700 ns
[2021-10-20T02:29:50.030+0000][5128][safepoint    ] Safepoint "Cleanup", Time since last: 1005018000 ns, Reaching safepoint: 287100 ns, At safepoint: 113400 ns, Total: 400500 ns
[2021-10-20T02:29:51.031+0000][5128][safepoint    ] Safepoint "Cleanup", Time since last: 1000805200 ns, Reaching safepoint: 103700 ns, At safepoint: 5800 ns, Total: 109500 ns
[2021-10-20T02:29:53.039+0000][5128][safepoint    ] Safepoint "Cleanup", Time since last: 2007418100 ns, Reaching safepoint: 163200 ns, At safepoint: 4200 ns, Total: 167400 ns
[2021-10-20T02:29:54.043+0000][5128][safepoint    ] Safepoint "Cleanup", Time since last: 1004280900 ns, Reaching safepoint: 272200 ns, At safepoint: 14900 ns, Total: 287100 ns
[2021-10-20T02:29:55.049+0000][5128][safepoint    ] Safepoint "Cleanup", Time since last: 1005601600 ns, Reaching safepoint: 116700 ns, At safepoint: 24600 ns, Total: 141300 ns
[2021-10-20T02:29:56.062+0000][5128][safepoint    ] Safepoint "Cleanup", Time since last: 1012533800 ns, Reaching safepoint: 180100 ns, At safepoint: 5500 ns, Total: 185600 ns
[2021-10-20T02:29:57.074+0000][5128][safepoint    ] Safepoint "Cleanup", Time since last: 1012501100 ns, Reaching safepoint: 284800 ns, At safepoint: 17500 ns, Total: 302300 ns
[2021-10-20T02:29:58.086+0000][5128][safepoint    ] Safepoint "Cleanup", Time since last: 1010944100 ns, Reaching safepoint: 79900 ns, At safepoint: 4200 ns, Total: 84100 ns
[2021-10-20T02:29:59.091+0000][5128][safepoint    ] Safepoint "Cleanup", Time since last: 1005028900 ns, Reaching safepoint: 367800 ns, At safepoint: 126700 ns, Total: 494500 ns
[2021-10-20T02:30:00.092+0000][5128][safepoint    ] Safepoint "Cleanup", Time since last: 1000960700 ns, Reaching safepoint: 166400 ns, At safepoint: 6600 ns, Total: 173000 ns
[2021-10-20T02:30:01.096+0000][5128][safepoint    ] Safepoint "Cleanup", Time since last: 1003813400 ns, Reaching safepoint: 360200 ns, At safepoint: 20300 ns, Total: 380500 ns
[2021-10-20T02:30:02.103+0000][5128][safepoint    ] Safepoint "Cleanup", Time since last: 1006577700 ns, Reaching safepoint: 144300 ns, At safepoint: 4000 ns, Total: 148300 ns
[2021-10-20T02:30:03.110+0000][5128][safepoint    ] Safepoint "Cleanup", Time since last: 1006351800 ns, Reaching safepoint: 251500 ns, At safepoint: 6800 ns, Total: 258300 ns
[2021-10-20T02:30:04.116+0000][5128][safepoint    ] Safepoint "Cleanup", Time since last: 1006351900 ns, Reaching safepoint: 250500 ns, At safepoint: 17700 ns, Total: 268200 ns
[2021-10-20T02:30:05.123+0000][5128][safepoint    ] Safepoint "Cleanup", Time since last: 1005970100 ns, Reaching safepoint: 214500 ns, At safepoint: 7200 ns, Total: 221700 ns
[2021-10-20T02:30:06.128+0000][5128][safepoint    ] Safepoint "Cleanup", Time since last: 1004585300 ns, Reaching safepoint: 368800 ns, At safepoint: 19700 ns, Total: 388500 ns
[2021-10-20T02:30:07.132+0000][5128][safepoint    ] Safepoint "Cleanup", Time since last: 1003854000 ns, Reaching safepoint: 140400 ns, At safepoint: 6700 ns, Total: 147100 ns
[2021-10-20T02:30:08.138+0000][5128][safepoint    ] Safepoint "Cleanup", Time since last: 1006113300 ns, Reaching safepoint: 205700 ns, At safepoint: 11000 ns, Total: 216700 ns
[2021-10-20T02:30:09.143+0000][5128][safepoint    ] Safepoint "Cleanup", Time since last: 1004648400 ns, Reaching safepoint: 579500 ns, At safepoint: 15300 ns, Total: 594800 ns
[2021-10-20T02:30:10.150+0000][5128][safepoint    ] Safepoint "Cleanup", Time since last: 1006884100 ns, Reaching safepoint: 357700 ns, At safepoint: 12000 ns, Total: 369700 ns
[2021-10-20T02:30:11.152+0000][5128][safepoint    ] Safepoint "Cleanup", Time since last: 1001180300 ns, Reaching safepoint: 160000 ns, At safepoint: 61700 ns, Total: 221700 ns
[2021-10-20T02:30:12.156+0000][5128][safepoint    ] Safepoint "Cleanup", Time since last: 1003910400 ns, Reaching safepoint: 239000 ns, At safepoint: 12000 ns, Total: 251000 ns
[2021-10-20T02:30:13.168+0000][5128][safepoint    ] Safepoint "Cleanup", Time since last: 1012077800 ns, Reaching safepoint: 173500 ns, At safepoint: 12500 ns, Total: 186000 ns
[2021-10-20T02:30:14.172+0000][5128][safepoint    ] Safepoint "Cleanup", Time since last: 1003507300 ns, Reaching safepoint: 161900 ns, At safepoint: 9000 ns, Total: 170900 ns
[2021-10-20T02:30:15.175+0000][5128][safepoint    ] Safepoint "Cleanup", Time since last: 1003554200 ns, Reaching safepoint: 361300 ns, At safepoint: 27500 ns, Total: 388800 ns
[2021-10-20T02:30:17.181+0000][5128][safepoint    ] Safepoint "Cleanup", Time since last: 2005142800 ns, Reaching safepoint: 193300 ns, At safepoint: 17100 ns, Total: 210400 ns
[2021-10-20T02:30:18.184+0000][5128][safepoint    ] Safepoint "Cleanup", Time since last: 1002352500 ns, Reaching safepoint: 122000 ns, At safepoint: 2700 ns, Total: 124700 ns
[2021-10-20T02:30:19.191+0000][5128][safepoint    ] Safepoint "Cleanup", Time since last: 1007410200 ns, Reaching safepoint: 267000 ns, At safepoint: 11900 ns, Total: 278900 ns
[2021-10-20T02:30:19.789+0000][5128][safepoint    ] Safepoint "BulkRevokeBias", Time since last: 597224900 ns, Reaching safepoint: 168600 ns, At safepoint: 941300 ns, Total: 1109900 ns
[2021-10-20T02:30:19.984+0000][5128][safepoint    ] Safepoint "BulkRevokeBias", Time since last: 192892600 ns, Reaching safepoint: 369800 ns, At safepoint: 1280700 ns, Total: 1650500 ns
[2021-10-20T02:30:21.988+0000][5128][safepoint    ] Safepoint "Cleanup", Time since last: 2003595000 ns, Reaching safepoint: 175400 ns, At safepoint: 85600 ns, Total: 261000 ns
[2021-10-20T02:30:22.999+0000][5128][safepoint    ] Safepoint "Cleanup", Time since last: 1011067100 ns, Reaching safepoint: 406600 ns, At safepoint: 148700 ns, Total: 555300 ns
[2021-10-20T02:30:24.009+0000][5128][safepoint    ] Safepoint "Cleanup", Time since last: 1009496000 ns, Reaching safepoint: 264500 ns, At safepoint: 122900 ns, Total: 387400 ns
[2021-10-20T02:30:25.023+0000][5128][safepoint    ] Safepoint "Cleanup", Time since last: 1013481200 ns, Reaching safepoint: 148500 ns, At safepoint: 84500 ns, Total: 233000 ns
[2021-10-20T02:30:26.038+0000][5128][safepoint    ] Safepoint "Cleanup", Time since last: 1014690700 ns, Reaching safepoint: 174800 ns, At safepoint: 174500 ns, Total: 349300 ns
[2021-10-20T02:30:27.053+0000][5128][safepoint    ] Safepoint "Cleanup", Time since last: 1014351900 ns, Reaching safepoint: 148000 ns, At safepoint: 65400 ns, Total: 213400 ns
[2021-10-20T02:30:28.053+0000][5128][safepoint    ] Safepoint "Cleanup", Time since last: 1000205000 ns, Reaching safepoint: 193400 ns, At safepoint: 53700 ns, Total: 247100 ns
[2021-10-20T02:30:29.068+0000][5128][safepoint    ] Safepoint "Cleanup", Time since last: 1014430100 ns, Reaching safepoint: 285300 ns, At safepoint: 81600 ns, Total: 366900 ns
[2021-10-20T02:30:30.080+0000][5128][safepoint    ] Safepoint "Cleanup", Time since last: 1011563600 ns, Reaching safepoint: 170700 ns, At safepoint: 39000 ns, Total: 209700 ns
[2021-10-20T02:30:31.082+0000][5128][safepoint    ] Safepoint "Cleanup", Time since last: 1001791300 ns, Reaching safepoint: 118000 ns, At safepoint: 30900 ns, Total: 148900 ns
[2021-10-20T02:30:32.090+0000][5128][safepoint    ] Safepoint "Cleanup", Time since last: 1007184300 ns, Reaching safepoint: 311500 ns, At safepoint: 141400 ns, Total: 452900 ns
[2021-10-20T02:30:33.090+0000][5128][safepoint    ] Safepoint "Cleanup", Time since last: 1000175800 ns, Reaching safepoint: 303600 ns, At safepoint: 104400 ns, Total: 408000 ns
[2021-10-20T02:30:34.100+0000][5128][safepoint    ] Safepoint "Cleanup", Time since last: 1010186600 ns, Reaching safepoint: 99800 ns, At safepoint: 61700 ns, Total: 161500 ns
[2021-10-20T02:30:35.103+0000][5128][safepoint    ] Safepoint "Cleanup", Time since last: 1002386800 ns, Reaching safepoint: 198000 ns, At safepoint: 69000 ns, Total: 267000 ns
[2021-10-20T02:30:36.111+0000][5128][safepoint    ] Safepoint "Cleanup", Time since last: 1007455200 ns, Reaching safepoint: 348200 ns, At safepoint: 89900 ns, Total: 438100 ns
[2021-10-20T02:30:37.120+0000][5128][safepoint    ] Safepoint "Cleanup", Time since last: 1008881100 ns, Reaching safepoint: 385500 ns, At safepoint: 100200 ns, Total: 485700 ns
[2021-10-20T02:30:38.131+0000][5128][safepoint    ] Safepoint "Cleanup", Time since last: 1010144000 ns, Reaching safepoint: 341800 ns, At safepoint: 160600 ns, Total: 502400 ns
[2021-10-20T02:30:39.132+0000][5128][safepoint    ] Safepoint "Cleanup", Time since last: 1001175000 ns, Reaching safepoint: 275400 ns, At safepoint: 70700 ns, Total: 346100 ns
[2021-10-20T02:30:40.147+0000][5128][safepoint    ] Safepoint "Cleanup", Time since last: 1014114400 ns, Reaching safepoint: 255500 ns, At safepoint: 16400 ns, Total: 271900 ns
[2021-10-20T02:30:41.150+0000][5128][safepoint    ] Safepoint "Cleanup", Time since last: 1002492300 ns, Reaching safepoint: 382600 ns, At safepoint: 122500 ns, Total: 505100 ns
[2021-10-20T02:30:42.461+0000][5128][safepoint    ] Safepoint "Cleanup", Time since last: 1310504400 ns, Reaching safepoint: 123300 ns, At safepoint: 55200 ns, Total: 178500 ns
[2021-10-20T02:30:43.464+0000][5128][safepoint    ] Safepoint "Cleanup", Time since last: 1003528700 ns, Reaching safepoint: 197300 ns, At safepoint: 81100 ns, Total: 278400 ns
[2021-10-20T02:30:45.474+0000][5128][safepoint    ] Safepoint "Cleanup", Time since last: 2009344700 ns, Reaching safepoint: 155300 ns, At safepoint: 5200 ns, Total: 160500 ns
[2021-10-20T02:30:49.493+0000][5128][safepoint    ] Safepoint "Cleanup", Time since last: 4019150700 ns, Reaching safepoint: 277400 ns, At safepoint: 16300 ns, Total: 293700 ns
[2021-10-20T02:30:55.534+0000][5128][safepoint    ] Safepoint "Cleanup", Time since last: 6040338900 ns, Reaching safepoint: 179400 ns, At safepoint: 8000 ns, Total: 187400 ns
[2021-10-20T02:30:56.549+0000][5128][safepoint    ] Safepoint "Cleanup", Time since last: 1014799200 ns, Reaching safepoint: 105700 ns, At safepoint: 19000 ns, Total: 124700 ns
[2021-10-20T02:31:10.649+0000][5128][safepoint    ] Safepoint "Cleanup", Time since last: 14100167300 ns, Reaching safepoint: 185300 ns, At safepoint: 9300 ns, Total: 194600 ns
[2021-10-20T02:31:15.691+0000][5128][safepoint    ] Safepoint "Cleanup", Time since last: 5041337800 ns, Reaching safepoint: 446800 ns, At safepoint: 17200 ns, Total: 464000 ns
[2021-10-20T02:31:21.734+0000][5128][safepoint    ] Safepoint "Cleanup", Time since last: 6043297600 ns, Reaching safepoint: 223600 ns, At safepoint: 5800 ns, Total: 229400 ns
[2021-10-20T02:31:22.745+0000][5128][safepoint    ] Safepoint "Cleanup", Time since last: 1009815000 ns, Reaching safepoint: 236500 ns, At safepoint: 11400 ns, Total: 247900 ns
[2021-10-20T02:31:25.758+0000][5128][safepoint    ] Safepoint "Cleanup", Time since last: 3013595800 ns, Reaching safepoint: 121200 ns, At safepoint: 5700 ns, Total: 126900 ns
[2021-10-20T02:31:33.824+0000][5128][safepoint    ] Safepoint "Cleanup", Time since last: 8065452400 ns, Reaching safepoint: 343600 ns, At safepoint: 18000 ns, Total: 361600 ns
[2021-10-20T02:31:36.831+0000][5128][safepoint    ] Safepoint "Cleanup", Time since last: 3006401200 ns, Reaching safepoint: 114100 ns, At safepoint: 5500 ns, Total: 119600 ns
[2021-10-20T02:31:37.843+0000][5128][safepoint    ] Safepoint "Cleanup", Time since last: 1011929400 ns, Reaching safepoint: 398100 ns, At safepoint: 66500 ns, Total: 464600 ns
[2021-10-20T02:31:38.853+0000][5128][safepoint    ] Safepoint "Cleanup", Time since last: 1009449300 ns, Reaching safepoint: 225700 ns, At safepoint: 11800 ns, Total: 237500 ns
[2021-10-20T02:31:43.895+0000][5128][safepoint    ] Safepoint "Cleanup", Time since last: 5041596500 ns, Reaching safepoint: 365600 ns, At safepoint: 18800 ns, Total: 384400 ns
[2021-10-20T02:31:48.940+0000][5128][safepoint    ] Safepoint "Cleanup", Time since last: 5044923000 ns, Reaching safepoint: 227200 ns, At safepoint: 6300 ns, Total: 233500 ns
[2021-10-20T02:32:13.137+0000][5128][safepoint    ] Safepoint "Cleanup", Time since last: 24196748900 ns, Reaching safepoint: 260000 ns, At safepoint: 8800 ns, Total: 268800 ns
[2021-10-20T02:32:16.157+0000][5128][safepoint    ] Safepoint "Cleanup", Time since last: 3019565500 ns, Reaching safepoint: 221000 ns, At safepoint: 44100 ns, Total: 265100 ns
[2021-10-20T02:32:19.176+0000][5128][safepoint    ] Safepoint "Cleanup", Time since last: 3018814100 ns, Reaching safepoint: 145700 ns, At safepoint: 6100 ns, Total: 151800 ns
[2021-10-20T02:33:00.442+0000][5128][safepoint    ] Safepoint "Cleanup", Time since last: 41266241200 ns, Reaching safepoint: 233300 ns, At safepoint: 4800 ns, Total: 238100 ns
[2021-10-20T02:33:02.459+0000][5128][safepoint    ] Safepoint "Cleanup", Time since last: 2017120800 ns, Reaching safepoint: 286700 ns, At safepoint: 16300 ns, Total: 303000 ns
[2021-10-20T02:33:14.534+0000][5128][safepoint    ] Safepoint "Cleanup", Time since last: 12073774700 ns, Reaching safepoint: 143400 ns, At safepoint: 8000 ns, Total: 151400 ns
[2021-10-20T02:33:24.598+0000][5128][safepoint    ] Safepoint "Cleanup", Time since last: 10063939300 ns, Reaching safepoint: 95400 ns, At safepoint: 6300 ns, Total: 101700 ns
[2021-10-20T02:33:30.634+0000][5128][safepoint    ] Safepoint "Cleanup", Time since last: 6036032700 ns, Reaching safepoint: 199000 ns, At safepoint: 51000 ns, Total: 250000 ns
[2021-10-20T02:33:43.764+0000][5128][safepoint    ] Safepoint "Cleanup", Time since last: 13130216100 ns, Reaching safepoint: 153400 ns, At safepoint: 6000 ns, Total: 159400 ns
[2021-10-20T02:33:51.816+0000][5128][safepoint    ] Safepoint "Cleanup", Time since last: 8051698500 ns, Reaching safepoint: 137800 ns, At safepoint: 3500 ns, Total: 141300 ns
[2021-10-20T02:34:21.032+0000][5128][safepoint    ] Safepoint "Cleanup", Time since last: 29215697400 ns, Reaching safepoint: 277500 ns, At safepoint: 18600 ns, Total: 296100 ns
[2021-10-20T02:34:32.113+0000][5128][safepoint    ] Safepoint "Cleanup", Time since last: 11081311300 ns, Reaching safepoint: 251000 ns, At safepoint: 10500 ns, Total: 261500 ns
[2021-10-20T02:34:38.164+0000][5128][safepoint    ] Safepoint "Cleanup", Time since last: 6049912800 ns, Reaching safepoint: 111000 ns, At safepoint: 5500 ns, Total: 116500 ns
[2021-10-20T02:34:44.209+0000][5128][safepoint    ] Safepoint "Cleanup", Time since last: 6044658400 ns, Reaching safepoint: 331700 ns, At safepoint: 20100 ns, Total: 351800 ns
[2021-10-20T02:35:14.430+0000][5128][safepoint    ] Safepoint "Cleanup", Time since last: 30221391500 ns, Reaching safepoint: 359900 ns, At safepoint: 36600 ns, Total: 396500 ns
[2021-10-20T02:35:35.604+0000][5128][safepoint    ] Safepoint "Cleanup", Time since last: 21173400100 ns, Reaching safepoint: 94400 ns, At safepoint: 4200 ns, Total: 98600 ns
[2021-10-20T02:35:58.775+0000][5128][safepoint    ] Safepoint "Cleanup", Time since last: 23170754500 ns, Reaching safepoint: 106900 ns, At safepoint: 4100 ns, Total: 111000 ns
[2021-10-20T02:36:11.896+0000][5128][safepoint    ] Safepoint "Cleanup", Time since last: 13121226300 ns, Reaching safepoint: 178800 ns, At safepoint: 4300 ns, Total: 183100 ns
[2021-10-20T02:36:35.086+0000][5128][safepoint    ] Safepoint "Cleanup", Time since last: 23189478700 ns, Reaching safepoint: 300000 ns, At safepoint: 13200 ns, Total: 313200 ns
[2021-10-20T02:36:37.101+0000][5128][safepoint    ] Safepoint "Cleanup", Time since last: 2014513700 ns, Reaching safepoint: 176100 ns, At safepoint: 9400 ns, Total: 185500 ns
[2021-10-20T02:36:47.182+0000][5128][safepoint    ] Safepoint "Cleanup", Time since last: 10080647800 ns, Reaching safepoint: 149500 ns, At safepoint: 5300 ns, Total: 154800 ns
[2021-10-20T02:38:05.689+0000][5128][safepoint    ] Safepoint "Cleanup", Time since last: 78507807700 ns, Reaching safepoint: 333800 ns, At safepoint: 61500 ns, Total: 395300 ns
[2021-10-20T02:38:43.970+0000][5128][safepoint    ] Safepoint "Cleanup", Time since last: 38280595500 ns, Reaching safepoint: 325600 ns, At safepoint: 18400 ns, Total: 344000 ns
[2021-10-20T02:39:22.158+0000][5128][safepoint    ] Safepoint "Cleanup", Time since last: 38186748100 ns, Reaching safepoint: 132000 ns, At safepoint: 5600 ns, Total: 137600 ns
[2021-10-20T02:39:44.300+0000][5128][safepoint    ] Safepoint "Cleanup", Time since last: 22142364500 ns, Reaching safepoint: 257400 ns, At safepoint: 20600 ns, Total: 278000 ns
[2021-10-20T02:39:47.308+0000][5128][safepoint    ] Safepoint "Cleanup", Time since last: 3007923300 ns, Reaching safepoint: 187800 ns, At safepoint: 15000 ns, Total: 202800 ns
[2021-10-20T02:40:22.497+0000][5128][safepoint    ] Safepoint "Cleanup", Time since last: 35188878300 ns, Reaching safepoint: 144400 ns, At safepoint: 8600 ns, Total: 153000 ns
[2021-10-20T02:41:17.292+0000][5128][gc,start     ] GC(10) Pause Young (Concurrent Start) (G1 Evacuation Pause)
[2021-10-20T02:41:17.292+0000][5128][gc,task      ] GC(10) Using 8 workers of 8 for evacuation
[2021-10-20T02:41:17.292+0000][5128][gc,age       ] GC(10) Desired survivor size 40370176 bytes, new threshold 15 (max threshold 15)
[2021-10-20T02:41:17.306+0000][5128][gc,age       ] GC(10) Age table with threshold 15 (max threshold 15)
[2021-10-20T02:41:17.306+0000][5128][gc,age       ] GC(10) - age   1:    7594384 bytes,    7594384 total
[2021-10-20T02:41:17.306+0000][5128][gc,age       ] GC(10) - age   2:    1515104 bytes,    9109488 total
[2021-10-20T02:41:17.306+0000][5128][gc,age       ] GC(10) - age   3:    6732768 bytes,   15842256 total
[2021-10-20T02:41:17.306+0000][5128][gc,age       ] GC(10) - age   4:    4356784 bytes,   20199040 total
[2021-10-20T02:41:17.306+0000][5128][gc,phases    ] GC(10)   Pre Evacuate Collection Set: 0.6ms
[2021-10-20T02:41:17.306+0000][5128][gc,phases    ] GC(10)   Merge Heap Roots: 0.1ms
[2021-10-20T02:41:17.306+0000][5128][gc,phases    ] GC(10)   Evacuate Collection Set: 11.4ms
[2021-10-20T02:41:17.306+0000][5128][gc,phases    ] GC(10)   Post Evacuate Collection Set: 1.6ms
[2021-10-20T02:41:17.306+0000][5128][gc,phases    ] GC(10)   Other: 0.5ms
[2021-10-20T02:41:17.306+0000][5128][gc,heap      ] GC(10) Eden regions: 600->0(583)
[2021-10-20T02:41:17.306+0000][5128][gc,heap      ] GC(10) Survivor regions: 14->21(77)
[2021-10-20T02:41:17.306+0000][5128][gc,heap      ] GC(10) Old regions: 46->46
[2021-10-20T02:41:17.306+0000][5128][gc,heap      ] GC(10) Archive regions: 0->0
[2021-10-20T02:41:17.306+0000][5128][gc,heap      ] GC(10) Humongous regions: 52->52
[2021-10-20T02:41:17.306+0000][5128][gc,metaspace ] GC(10) Metaspace: 72264K(77568K)->72264K(77568K) NonClass: 62419K(65536K)->62419K(65536K) Class: 9844K(12032K)->9844K(12032K)
[2021-10-20T02:41:17.306+0000][5128][gc           ] GC(10) Pause Young (Concurrent Start) (G1 Evacuation Pause) 710M->118M(1024M) 14.361ms
[2021-10-20T02:41:17.306+0000][5128][gc,cpu       ] GC(10) User=0.13s Sys=0.00s Real=0.01s
[2021-10-20T02:41:17.306+0000][5128][gc           ] GC(11) Concurrent Cycle
[2021-10-20T02:41:17.306+0000][5128][safepoint    ] Safepoint "G1CollectForAllocation", Time since last: 54794870900 ns, Reaching safepoint: 142500 ns, At safepoint: 14527800 ns, Total: 14670300 ns
[2021-10-20T02:41:17.306+0000][5128][gc,marking   ] GC(11) Concurrent Clear Claimed Marks
[2021-10-20T02:41:17.307+0000][5128][gc,marking   ] GC(11) Concurrent Clear Claimed Marks 0.374ms
[2021-10-20T02:41:17.307+0000][5128][gc,marking   ] GC(11) Concurrent Scan Root Regions
[2021-10-20T02:41:17.315+0000][5128][gc,marking   ] GC(11) Concurrent Scan Root Regions 7.849ms
[2021-10-20T02:41:17.315+0000][5128][gc,marking   ] GC(11) Concurrent Mark (709.207s)
[2021-10-20T02:41:17.315+0000][5128][gc,marking   ] GC(11) Concurrent Mark From Roots
[2021-10-20T02:41:17.315+0000][5128][gc,task      ] GC(11) Using 2 workers of 2 for marking
[2021-10-20T02:41:17.350+0000][5128][gc,marking   ] GC(11) Concurrent Mark From Roots 34.623ms
[2021-10-20T02:41:17.350+0000][5128][gc,marking   ] GC(11) Concurrent Preclean
[2021-10-20T02:41:17.350+0000][5128][gc,marking   ] GC(11) Concurrent Preclean 0.255ms
[2021-10-20T02:41:17.350+0000][5128][gc,marking   ] GC(11) Concurrent Mark (709.207s, 709.242s) 34.967ms
[2021-10-20T02:41:17.351+0000][5128][gc,start     ] GC(11) Pause Remark
[2021-10-20T02:41:17.353+0000][5128][gc           ] GC(11) Pause Remark 119M->119M(1024M) 2.521ms
[2021-10-20T02:41:17.353+0000][5128][gc,cpu       ] GC(11) User=0.00s Sys=0.00s Real=0.00s
[2021-10-20T02:41:17.353+0000][5128][safepoint    ] Safepoint "G1Concurrent", Time since last: 43383300 ns, Reaching safepoint: 124600 ns, At safepoint: 2609400 ns, Total: 2734000 ns
[2021-10-20T02:41:17.353+0000][5128][gc,marking   ] GC(11) Concurrent Rebuild Remembered Sets
[2021-10-20T02:41:17.376+0000][5128][gc,marking   ] GC(11) Concurrent Rebuild Remembered Sets 22.806ms
[2021-10-20T02:41:17.377+0000][5128][gc,start     ] GC(11) Pause Cleanup
[2021-10-20T02:41:17.377+0000][5128][gc           ] GC(11) Pause Cleanup 119M->119M(1024M) 0.227ms
[2021-10-20T02:41:17.377+0000][5128][gc,cpu       ] GC(11) User=0.00s Sys=0.00s Real=0.00s
[2021-10-20T02:41:17.377+0000][5128][safepoint    ] Safepoint "G1Concurrent", Time since last: 22974500 ns, Reaching safepoint: 587700 ns, At safepoint: 358800 ns, Total: 946500 ns
[2021-10-20T02:41:17.377+0000][5128][gc,marking   ] GC(11) Concurrent Cleanup for Next Mark
[2021-10-20T02:41:17.379+0000][5128][gc,marking   ] GC(11) Concurrent Cleanup for Next Mark 1.657ms
[2021-10-20T02:41:17.379+0000][5128][gc           ] GC(11) Concurrent Cycle 71.873ms
[2021-10-20T02:42:00.662+0000][5128][safepoint    ] Safepoint "Cleanup", Time since last: 43285055800 ns, Reaching safepoint: 309300 ns, At safepoint: 13200 ns, Total: 322500 ns
[2021-10-20T02:42:37.895+0000][5128][safepoint    ] Safepoint "Cleanup", Time since last: 37232411000 ns, Reaching safepoint: 170500 ns, At safepoint: 28000 ns, Total: 198500 ns
[2021-10-20T02:43:47.326+0000][5128][safepoint    ] Safepoint "Cleanup", Time since last: 69430508500 ns, Reaching safepoint: 167400 ns, At safepoint: 90500 ns, Total: 257900 ns
[2021-10-20T02:44:44.745+0000][5128][safepoint    ] Safepoint "Cleanup", Time since last: 57419163200 ns, Reaching safepoint: 235100 ns, At safepoint: 139100 ns, Total: 374200 ns
[2021-10-20T02:45:53.252+0000][5128][safepoint    ] Safepoint "Cleanup", Time since last: 68506620500 ns, Reaching safepoint: 511800 ns, At safepoint: 140600 ns, Total: 652400 ns
[2021-10-20T02:47:13.884+0000][5128][safepoint    ] Safepoint "Cleanup", Time since last: 80630846500 ns, Reaching safepoint: 131700 ns, At safepoint: 33200 ns, Total: 164900 ns
[2021-10-20T02:47:18.921+0000][5128][safepoint    ] Safepoint "Cleanup", Time since last: 5036888600 ns, Reaching safepoint: 158000 ns, At safepoint: 105200 ns, Total: 263200 ns
[2021-10-20T02:47:44.073+0000][5128][safepoint    ] Safepoint "Cleanup", Time since last: 25152874800 ns, Reaching safepoint: 260100 ns, At safepoint: 19400 ns, Total: 279500 ns
[2021-10-20T02:48:09.228+0000][5128][safepoint    ] Safepoint "Cleanup", Time since last: 25154052600 ns, Reaching safepoint: 327500 ns, At safepoint: 201500 ns, Total: 529000 ns
[2021-10-20T02:48:14.258+0000][5128][safepoint    ] Safepoint "Cleanup", Time since last: 5029251900 ns, Reaching safepoint: 308300 ns, At safepoint: 166800 ns, Total: 475100 ns
[2021-10-20T02:48:51.475+0000][5128][safepoint    ] Safepoint "Cleanup", Time since last: 37216859600 ns, Reaching safepoint: 243200 ns, At safepoint: 70000 ns, Total: 313200 ns
[2021-10-20T02:51:05.495+0000][5128][safepoint    ] Safepoint "Cleanup", Time since last: 134019995400 ns, Reaching safepoint: 354300 ns, At safepoint: 213000 ns, Total: 567300 ns
[2021-10-20T02:51:14.561+0000][5128][safepoint    ] Safepoint "Cleanup", Time since last: 9064861900 ns, Reaching safepoint: 131800 ns, At safepoint: 9000 ns, Total: 140800 ns
[2021-10-20T02:51:44.827+0000][5128][safepoint    ] Safepoint "Cleanup", Time since last: 30265726400 ns, Reaching safepoint: 260300 ns, At safepoint: 25000 ns, Total: 285300 ns
[2021-10-20T02:52:13.015+0000][5128][safepoint    ] Safepoint "Cleanup", Time since last: 28187679500 ns, Reaching safepoint: 183500 ns, At safepoint: 92600 ns, Total: 276100 ns
[2021-10-20T02:52:14.025+0000][5128][safepoint    ] Safepoint "Cleanup", Time since last: 1009947500 ns, Reaching safepoint: 298300 ns, At safepoint: 15500 ns, Total: 313800 ns
[2021-10-20T02:52:18.052+0000][5128][safepoint    ] Safepoint "Cleanup", Time since last: 4027086900 ns, Reaching safepoint: 148800 ns, At safepoint: 23000 ns, Total: 171800 ns
[2021-10-20T02:54:18.857+0000][5128][safepoint    ] Safepoint "Cleanup", Time since last: 120804700500 ns, Reaching safepoint: 345800 ns, At safepoint: 18200 ns, Total: 364000 ns
[2021-10-20T02:54:34.988+0000][5128][safepoint    ] Safepoint "Cleanup", Time since last: 16130078800 ns, Reaching safepoint: 184200 ns, At safepoint: 95300 ns, Total: 279500 ns
[2021-10-20T02:54:45.072+0000][5128][safepoint    ] Safepoint "Cleanup", Time since last: 10084234800 ns, Reaching safepoint: 134200 ns, At safepoint: 5600 ns, Total: 139800 ns
[2021-10-20T02:55:45.530+0000][5128][safepoint    ] Safepoint "Cleanup", Time since last: 60458177100 ns, Reaching safepoint: 386200 ns, At safepoint: 103500 ns, Total: 489700 ns
[2021-10-20T02:56:41.045+0000][5128][safepoint    ] Safepoint "Cleanup", Time since last: 55513578200 ns, Reaching safepoint: 310800 ns, At safepoint: 190300 ns, Total: 501100 ns
[2021-10-20T02:57:30.429+0000][5128][gc,start     ] GC(12) Pause Young (Normal) (G1 Evacuation Pause)
[2021-10-20T02:57:30.429+0000][5128][gc,task      ] GC(12) Using 8 workers of 8 for evacuation
[2021-10-20T02:57:30.429+0000][5128][gc,age       ] GC(12) Desired survivor size 39845888 bytes, new threshold 15 (max threshold 15)
[2021-10-20T02:57:30.443+0000][5128][gc,age       ] GC(12) Age table with threshold 15 (max threshold 15)
[2021-10-20T02:57:30.443+0000][5128][gc,age       ] GC(12) - age   1:      10032 bytes,      10032 total
[2021-10-20T02:57:30.443+0000][5128][gc,age       ] GC(12) - age   2:    7512248 bytes,    7522280 total
[2021-10-20T02:57:30.443+0000][5128][gc,age       ] GC(12) - age   3:    1510024 bytes,    9032304 total
[2021-10-20T02:57:30.443+0000][5128][gc,age       ] GC(12) - age   4:    6729544 bytes,   15761848 total
[2021-10-20T02:57:30.443+0000][5128][gc,age       ] GC(12) - age   5:    4356208 bytes,   20118056 total
[2021-10-20T02:57:30.443+0000][5128][gc,phases    ] GC(12)   Pre Evacuate Collection Set: 0.1ms
[2021-10-20T02:57:30.443+0000][5128][gc,phases    ] GC(12)   Merge Heap Roots: 0.1ms
[2021-10-20T02:57:30.443+0000][5128][gc,phases    ] GC(12)   Evacuate Collection Set: 11.6ms
[2021-10-20T02:57:30.443+0000][5128][gc,phases    ] GC(12)   Post Evacuate Collection Set: 1.3ms
[2021-10-20T02:57:30.443+0000][5128][gc,phases    ] GC(12)   Other: 0.5ms
[2021-10-20T02:57:30.443+0000][5128][gc,heap      ] GC(12) Eden regions: 583->0(593)
[2021-10-20T02:57:30.443+0000][5128][gc,heap      ] GC(12) Survivor regions: 21->21(76)
[2021-10-20T02:57:30.443+0000][5128][gc,heap      ] GC(12) Old regions: 46->46
[2021-10-20T02:57:30.443+0000][5128][gc,heap      ] GC(12) Archive regions: 0->0
[2021-10-20T02:57:30.443+0000][5128][gc,heap      ] GC(12) Humongous regions: 52->52
[2021-10-20T02:57:30.443+0000][5128][gc,metaspace ] GC(12) Metaspace: 72279K(77568K)->72279K(77568K) NonClass: 62434K(65536K)->62434K(65536K) Class: 9844K(12032K)->9844K(12032K)
[2021-10-20T02:57:30.443+0000][5128][gc           ] GC(12) Pause Young (Normal) (G1 Evacuation Pause) 701M->118M(1024M) 13.896ms
[2021-10-20T02:57:30.443+0000][5128][gc,cpu       ] GC(12) User=0.00s Sys=0.00s Real=0.01s
[2021-10-20T02:57:30.444+0000][5128][safepoint    ] Safepoint "G1CollectForAllocation", Time since last: 49384311600 ns, Reaching safepoint: 151700 ns, At safepoint: 14019800 ns, Total: 14171500 ns
[2021-10-20T03:00:28.888+0000][5128][safepoint    ] Safepoint "Cleanup", Time since last: 178444220500 ns, Reaching safepoint: 384600 ns, At safepoint: 26500 ns, Total: 411100 ns
[2021-10-20T03:01:46.527+0000][5128][safepoint    ] Safepoint "Cleanup", Time since last: 77638652500 ns, Reaching safepoint: 346000 ns, At safepoint: 86200 ns, Total: 432200 ns
[2021-10-20T03:06:12.472+0000][5128][safepoint    ] Safepoint "Cleanup", Time since last: 265943910800 ns, Reaching safepoint: 312500 ns, At safepoint: 321400 ns, Total: 633900 ns
[2021-10-20T03:06:23.574+0000][5128][safepoint    ] Safepoint "Cleanup", Time since last: 11102666800 ns, Reaching safepoint: 157800 ns, At safepoint: 34400 ns, Total: 192200 ns
[2021-10-20T03:07:14.901+0000][5128][safepoint    ] Safepoint "Cleanup", Time since last: 51326760000 ns, Reaching safepoint: 441300 ns, At safepoint: 143600 ns, Total: 584900 ns
[2021-10-20T03:09:44.819+0000][5128][safepoint    ] Safepoint "Cleanup", Time since last: 149916552200 ns, Reaching safepoint: 144600 ns, At safepoint: 70500 ns, Total: 215100 ns
[2021-10-20T03:09:52.856+0000][5128][safepoint    ] Safepoint "Cleanup", Time since last: 8036824200 ns, Reaching safepoint: 94600 ns, At safepoint: 4700 ns, Total: 99300 ns
[2021-10-20T03:10:14.971+0000][5128][safepoint    ] Safepoint "Cleanup", Time since last: 22114993000 ns, Reaching safepoint: 245700 ns, At safepoint: 164500 ns, Total: 410200 ns
[2021-10-20T03:10:45.151+0000][5128][safepoint    ] Safepoint "Cleanup", Time since last: 30179503100 ns, Reaching safepoint: 112700 ns, At safepoint: 80400 ns, Total: 193100 ns
[2021-10-20T03:11:44.573+0000][5128][safepoint    ] Safepoint "Cleanup", Time since last: 59422466300 ns, Reaching safepoint: 151100 ns, At safepoint: 109500 ns, Total: 260600 ns
[2021-10-20T03:12:28.971+0000][5128][safepoint    ] Safepoint "Cleanup", Time since last: 44397747400 ns, Reaching safepoint: 142000 ns, At safepoint: 64400 ns, Total: 206400 ns
[2021-10-20T03:12:33.014+0000][5128][safepoint    ] Safepoint "Cleanup", Time since last: 4042276600 ns, Reaching safepoint: 120900 ns, At safepoint: 4200 ns, Total: 125100 ns
[2021-10-20T03:12:45.125+0000][5128][safepoint    ] Safepoint "Cleanup", Time since last: 12111396700 ns, Reaching safepoint: 292300 ns, At safepoint: 226100 ns, Total: 518400 ns
[2021-10-20T03:14:03.653+0000][5128][gc,start     ] GC(13) Pause Young (Normal) (G1 Evacuation Pause)
[2021-10-20T03:14:03.653+0000][5128][gc,task      ] GC(13) Using 8 workers of 8 for evacuation
[2021-10-20T03:14:03.653+0000][5128][gc,age       ] GC(13) Desired survivor size 40370176 bytes, new threshold 15 (max threshold 15)
[2021-10-20T03:14:03.663+0000][5128][gc,age       ] GC(13) Age table with threshold 15 (max threshold 15)
[2021-10-20T03:14:03.663+0000][5128][gc,age       ] GC(13) - age   1:       8280 bytes,       8280 total
[2021-10-20T03:14:03.663+0000][5128][gc,age       ] GC(13) - age   2:       3976 bytes,      12256 total
[2021-10-20T03:14:03.663+0000][5128][gc,age       ] GC(13) - age   3:    6668368 bytes,    6680624 total
[2021-10-20T03:14:03.663+0000][5128][gc,age       ] GC(13) - age   4:    1404408 bytes,    8085032 total
[2021-10-20T03:14:03.663+0000][5128][gc,age       ] GC(13) - age   5:    6412288 bytes,   14497320 total
[2021-10-20T03:14:03.663+0000][5128][gc,age       ] GC(13) - age   6:    4261928 bytes,   18759248 total
[2021-10-20T03:14:03.664+0000][5128][gc,phases    ] GC(13)   Pre Evacuate Collection Set: 0.1ms
[2021-10-20T03:14:03.664+0000][5128][gc,phases    ] GC(13)   Merge Heap Roots: 0.1ms
[2021-10-20T03:14:03.664+0000][5128][gc,phases    ] GC(13)   Evacuate Collection Set: 9.9ms
[2021-10-20T03:14:03.664+0000][5128][gc,phases    ] GC(13)   Post Evacuate Collection Set: 1.3ms
[2021-10-20T03:14:03.664+0000][5128][gc,phases    ] GC(13)   Other: 0.4ms
[2021-10-20T03:14:03.664+0000][5128][gc,heap      ] GC(13) Eden regions: 593->0(594)
[2021-10-20T03:14:03.664+0000][5128][gc,heap      ] GC(13) Survivor regions: 21->20(77)
[2021-10-20T03:14:03.664+0000][5128][gc,heap      ] GC(13) Old regions: 46->46
[2021-10-20T03:14:03.664+0000][5128][gc,heap      ] GC(13) Archive regions: 0->0
[2021-10-20T03:14:03.664+0000][5128][gc,heap      ] GC(13) Humongous regions: 52->52
[2021-10-20T03:14:03.664+0000][5128][gc,metaspace ] GC(13) Metaspace: 72326K(77568K)->72326K(77568K) NonClass: 62481K(65536K)->62481K(65536K) Class: 9844K(12032K)->9844K(12032K)
[2021-10-20T03:14:03.664+0000][5128][gc           ] GC(13) Pause Young (Normal) (G1 Evacuation Pause) 711M->117M(1024M) 11.964ms
[2021-10-20T03:14:03.664+0000][5128][gc,cpu       ] GC(13) User=0.11s Sys=0.00s Real=0.01s
[2021-10-20T03:14:03.664+0000][5128][safepoint    ] Safepoint "G1CollectForAllocation", Time since last: 78526693100 ns, Reaching safepoint: 104000 ns, At safepoint: 12071000 ns, Total: 12175000 ns
[2021-10-20T03:14:14.723+0000][5128][safepoint    ] Safepoint "Cleanup", Time since last: 11058216100 ns, Reaching safepoint: 120400 ns, At safepoint: 7200 ns, Total: 127600 ns
[2021-10-20T03:14:44.965+0000][5128][safepoint    ] Safepoint "Cleanup", Time since last: 30241760400 ns, Reaching safepoint: 170900 ns, At safepoint: 7800 ns, Total: 178700 ns
[2021-10-20T03:14:46.981+0000][5128][safepoint    ] Safepoint "Cleanup", Time since last: 2016104200 ns, Reaching safepoint: 182900 ns, At safepoint: 5300 ns, Total: 188200 ns
[2021-10-20T03:15:00.066+0000][5128][safepoint    ] Safepoint "Cleanup", Time since last: 13084513000 ns, Reaching safepoint: 156800 ns, At safepoint: 6800 ns, Total: 163600 ns
[2021-10-20T03:23:44.660+0000][5128][safepoint    ] Safepoint "Cleanup", Time since last: 524593705700 ns, Reaching safepoint: 198300 ns, At safepoint: 91800 ns, Total: 290100 ns
[2021-10-20T03:26:42.016+0000][5128][safepoint    ] Safepoint "Cleanup", Time since last: 177355980600 ns, Reaching safepoint: 121700 ns, At safepoint: 65800 ns, Total: 187500 ns
[2021-10-20T03:26:51.087+0000][5128][safepoint    ] Safepoint "Cleanup", Time since last: 9070669000 ns, Reaching safepoint: 116000 ns, At safepoint: 8000 ns, Total: 124000 ns
[2021-10-20T03:27:03.177+0000][5128][safepoint    ] Safepoint "Cleanup", Time since last: 12089874700 ns, Reaching safepoint: 174900 ns, At safepoint: 3800 ns, Total: 178700 ns
[2021-10-20T03:28:01.571+0000][5128][safepoint    ] Safepoint "Cleanup", Time since last: 58394288900 ns, Reaching safepoint: 165300 ns, At safepoint: 70400 ns, Total: 235700 ns
[2021-10-20T03:30:41.659+0000][5128][gc,start     ] GC(14) Pause Young (Normal) (G1 Evacuation Pause)
[2021-10-20T03:30:41.659+0000][5128][gc,task      ] GC(14) Using 8 workers of 8 for evacuation
[2021-10-20T03:30:41.659+0000][5128][gc,age       ] GC(14) Desired survivor size 40370176 bytes, new threshold 15 (max threshold 15)
[2021-10-20T03:30:41.675+0000][5128][gc,age       ] GC(14) Age table with threshold 15 (max threshold 15)
[2021-10-20T03:30:41.675+0000][5128][gc,age       ] GC(14) - age   1:       6712 bytes,       6712 total
[2021-10-20T03:30:41.675+0000][5128][gc,age       ] GC(14) - age   2:       2216 bytes,       8928 total
[2021-10-20T03:30:41.675+0000][5128][gc,age       ] GC(14) - age   3:       3976 bytes,      12904 total
[2021-10-20T03:30:41.675+0000][5128][gc,age       ] GC(14) - age   4:    6668368 bytes,    6681272 total
[2021-10-20T03:30:41.675+0000][5128][gc,age       ] GC(14) - age   5:    1404408 bytes,    8085680 total
[2021-10-20T03:30:41.675+0000][5128][gc,age       ] GC(14) - age   6:    6412288 bytes,   14497968 total
[2021-10-20T03:30:41.675+0000][5128][gc,age       ] GC(14) - age   7:    4261928 bytes,   18759896 total
[2021-10-20T03:30:41.676+0000][5128][gc,phases    ] GC(14)   Pre Evacuate Collection Set: 0.4ms
[2021-10-20T03:30:41.676+0000][5128][gc,phases    ] GC(14)   Merge Heap Roots: 0.4ms
[2021-10-20T03:30:41.676+0000][5128][gc,phases    ] GC(14)   Evacuate Collection Set: 12.8ms
[2021-10-20T03:30:41.676+0000][5128][gc,phases    ] GC(14)   Post Evacuate Collection Set: 2.4ms
[2021-10-20T03:30:41.676+0000][5128][gc,phases    ] GC(14)   Other: 0.9ms
[2021-10-20T03:30:41.676+0000][5128][gc,heap      ] GC(14) Eden regions: 594->0(594)
[2021-10-20T03:30:41.676+0000][5128][gc,heap      ] GC(14) Survivor regions: 20->20(77)
[2021-10-20T03:30:41.676+0000][5128][gc,heap      ] GC(14) Old regions: 46->46
[2021-10-20T03:30:41.676+0000][5128][gc,heap      ] GC(14) Archive regions: 0->0
[2021-10-20T03:30:41.676+0000][5128][gc,heap      ] GC(14) Humongous regions: 52->52
[2021-10-20T03:30:41.676+0000][5128][gc,metaspace ] GC(14) Metaspace: 72345K(77568K)->72345K(77568K) NonClass: 62500K(65536K)->62500K(65536K) Class: 9844K(12032K)->9844K(12032K)
[2021-10-20T03:30:41.676+0000][5128][gc           ] GC(14) Pause Young (Normal) (G1 Evacuation Pause) 711M->117M(1024M) 16.938ms
[2021-10-20T03:30:41.676+0000][5128][gc,cpu       ] GC(14) User=0.13s Sys=0.00s Real=0.02s
[2021-10-20T03:30:41.676+0000][5128][safepoint    ] Safepoint "G1CollectForAllocation", Time since last: 160087706900 ns, Reaching safepoint: 291300 ns, At safepoint: 17210800 ns, Total: 17502100 ns
[2021-10-20T03:30:44.680+0000][5128][safepoint    ] Safepoint "Cleanup", Time since last: 3003494300 ns, Reaching safepoint: 239700 ns, At safepoint: 23900 ns, Total: 263600 ns
[2021-10-20T03:30:51.736+0000][5128][safepoint    ] Safepoint "Cleanup", Time since last: 7055460000 ns, Reaching safepoint: 212700 ns, At safepoint: 6700 ns, Total: 219400 ns
[2021-10-20T03:31:45.199+0000][5128][safepoint    ] Safepoint "Cleanup", Time since last: 53463181200 ns, Reaching safepoint: 222800 ns, At safepoint: 16700 ns, Total: 239500 ns
[2021-10-20T03:36:15.146+0000][5128][safepoint    ] Safepoint "Cleanup", Time since last: 269946042100 ns, Reaching safepoint: 504500 ns, At safepoint: 37300 ns, Total: 541800 ns
[2021-10-20T03:37:26.631+0000][5128][safepoint    ] Safepoint "Cleanup", Time since last: 71484581800 ns, Reaching safepoint: 178500 ns, At safepoint: 4700 ns, Total: 183200 ns
[2021-10-20T03:43:14.118+0000][5128][safepoint    ] Safepoint "Cleanup", Time since last: 347486595900 ns, Reaching safepoint: 185000 ns, At safepoint: 58600 ns, Total: 243600 ns
[2021-10-20T03:47:14.996+0000][5128][gc,start     ] GC(15) Pause Young (Normal) (G1 Evacuation Pause)
[2021-10-20T03:47:14.996+0000][5128][gc,task      ] GC(15) Using 8 workers of 8 for evacuation
[2021-10-20T03:47:14.996+0000][5128][gc,age       ] GC(15) Desired survivor size 40370176 bytes, new threshold 15 (max threshold 15)
[2021-10-20T03:47:15.008+0000][5128][gc,age       ] GC(15) Age table with threshold 15 (max threshold 15)
[2021-10-20T03:47:15.008+0000][5128][gc,age       ] GC(15) - age   1:       7016 bytes,       7016 total
[2021-10-20T03:47:15.008+0000][5128][gc,age       ] GC(15) - age   2:        696 bytes,       7712 total
[2021-10-20T03:47:15.008+0000][5128][gc,age       ] GC(15) - age   3:       2216 bytes,       9928 total
[2021-10-20T03:47:15.008+0000][5128][gc,age       ] GC(15) - age   4:       3976 bytes,      13904 total
[2021-10-20T03:47:15.008+0000][5128][gc,age       ] GC(15) - age   5:    6668368 bytes,    6682272 total
[2021-10-20T03:47:15.008+0000][5128][gc,age       ] GC(15) - age   6:    1404408 bytes,    8086680 total
[2021-10-20T03:47:15.008+0000][5128][gc,age       ] GC(15) - age   7:    6412288 bytes,   14498968 total
[2021-10-20T03:47:15.008+0000][5128][gc,age       ] GC(15) - age   8:    4261928 bytes,   18760896 total
[2021-10-20T03:47:15.009+0000][5128][gc,phases    ] GC(15)   Pre Evacuate Collection Set: 0.1ms
[2021-10-20T03:47:15.009+0000][5128][gc,phases    ] GC(15)   Merge Heap Roots: 0.1ms
[2021-10-20T03:47:15.009+0000][5128][gc,phases    ] GC(15)   Evacuate Collection Set: 10.1ms
[2021-10-20T03:47:15.009+0000][5128][gc,phases    ] GC(15)   Post Evacuate Collection Set: 1.6ms
[2021-10-20T03:47:15.009+0000][5128][gc,phases    ] GC(15)   Other: 0.5ms
[2021-10-20T03:47:15.009+0000][5128][gc,heap      ] GC(15) Eden regions: 594->0(594)
[2021-10-20T03:47:15.009+0000][5128][gc,heap      ] GC(15) Survivor regions: 20->20(77)
[2021-10-20T03:47:15.009+0000][5128][gc,heap      ] GC(15) Old regions: 46->46
[2021-10-20T03:47:15.009+0000][5128][gc,heap      ] GC(15) Archive regions: 0->0
[2021-10-20T03:47:15.009+0000][5128][gc,heap      ] GC(15) Humongous regions: 52->52
[2021-10-20T03:47:15.009+0000][5128][gc,metaspace ] GC(15) Metaspace: 72372K(77568K)->72372K(77568K) NonClass: 62528K(65536K)->62528K(65536K) Class: 9844K(12032K)->9844K(12032K)
[2021-10-20T03:47:15.009+0000][5128][gc           ] GC(15) Pause Young (Normal) (G1 Evacuation Pause) 711M->116M(1024M) 12.837ms
[2021-10-20T03:47:15.009+0000][5128][gc,cpu       ] GC(15) User=0.09s Sys=0.02s Real=0.01s
[2021-10-20T03:47:15.009+0000][5128][safepoint    ] Safepoint "G1CollectForAllocation", Time since last: 240878497000 ns, Reaching safepoint: 291700 ns, At safepoint: 13044900 ns, Total: 13336600 ns
[2021-10-20T03:48:45.914+0000][5128][safepoint    ] Safepoint "Cleanup", Time since last: 90904205300 ns, Reaching safepoint: 133800 ns, At safepoint: 39300 ns, Total: 173100 ns
[2021-10-20T03:53:27.422+0000][5128][safepoint    ] Safepoint "Cleanup", Time since last: 281508809200 ns, Reaching safepoint: 119700 ns, At safepoint: 4900 ns, Total: 124600 ns
[2021-10-20T03:53:27.976+0000][5128][safepoint    ] Safepoint "BulkRevokeBias", Time since last: 552534100 ns, Reaching safepoint: 91300 ns, At safepoint: 1079200 ns, Total: 1170500 ns
[2021-10-20T03:53:28.182+0000][5128][safepoint    ] Safepoint "BulkRevokeBias", Time since last: 204899100 ns, Reaching safepoint: 127000 ns, At safepoint: 1323400 ns, Total: 1450400 ns
[2021-10-20T03:53:28.477+0000][5128][safepoint    ] Safepoint "BulkRevokeBias", Time since last: 293917600 ns, Reaching safepoint: 140400 ns, At safepoint: 617500 ns, Total: 757900 ns
[2021-10-20T03:53:30.187+0000][5128][safepoint    ] Safepoint "Cleanup", Time since last: 1709403100 ns, Reaching safepoint: 152800 ns, At safepoint: 14600 ns, Total: 167400 ns
[2021-10-20T03:53:32.070+0000][5128][safepoint    ] Safepoint "Cleanup", Time since last: 1882775800 ns, Reaching safepoint: 158400 ns, At safepoint: 5300 ns, Total: 163700 ns
[2021-10-20T03:53:33.081+0000][5128][safepoint    ] Safepoint "Cleanup", Time since last: 1010430400 ns, Reaching safepoint: 147000 ns, At safepoint: 4100 ns, Total: 151100 ns
[2021-10-20T03:53:36.115+0000][5128][safepoint    ] Safepoint "Cleanup", Time since last: 3034091900 ns, Reaching safepoint: 141800 ns, At safepoint: 4000 ns, Total: 145800 ns
[2021-10-20T03:53:42.798+0000][5128][safepoint    ] Safepoint "Cleanup", Time since last: 6683357200 ns, Reaching safepoint: 82400 ns, At safepoint: 17600 ns, Total: 100000 ns
[2021-10-20T03:53:44.465+0000][5128][safepoint    ] Safepoint "Cleanup", Time since last: 1666398500 ns, Reaching safepoint: 114500 ns, At safepoint: 21600 ns, Total: 136100 ns
[2021-10-20T03:53:45.475+0000][5128][safepoint    ] Safepoint "Cleanup", Time since last: 1009876700 ns, Reaching safepoint: 505700 ns, At safepoint: 73000 ns, Total: 578700 ns
[2021-10-20T03:53:46.476+0000][5128][safepoint    ] Safepoint "Cleanup", Time since last: 1000710100 ns, Reaching safepoint: 123300 ns, At safepoint: 7800 ns, Total: 131100 ns
[2021-10-20T03:53:47.481+0000][5128][safepoint    ] Safepoint "Cleanup", Time since last: 1004720000 ns, Reaching safepoint: 247300 ns, At safepoint: 12500 ns, Total: 259800 ns
[2021-10-20T03:53:48.494+0000][5128][safepoint    ] Safepoint "Cleanup", Time since last: 1013172800 ns, Reaching safepoint: 101200 ns, At safepoint: 8600 ns, Total: 109800 ns
[2021-10-20T03:53:49.502+0000][5128][safepoint    ] Safepoint "Cleanup", Time since last: 1007609600 ns, Reaching safepoint: 86000 ns, At safepoint: 3100 ns, Total: 89100 ns
[2021-10-20T03:53:50.513+0000][5128][safepoint    ] Safepoint "Cleanup", Time since last: 1010802900 ns, Reaching safepoint: 156900 ns, At safepoint: 10000 ns, Total: 166900 ns
[2021-10-20T03:53:51.528+0000][5128][safepoint    ] Safepoint "Cleanup", Time since last: 1014980100 ns, Reaching safepoint: 144700 ns, At safepoint: 22200 ns, Total: 166900 ns
[2021-10-20T03:53:52.542+0000][5128][safepoint    ] Safepoint "Cleanup", Time since last: 1013811300 ns, Reaching safepoint: 95400 ns, At safepoint: 14500 ns, Total: 109900 ns
[2021-10-20T03:53:53.550+0000][5128][safepoint    ] Safepoint "Cleanup", Time since last: 1007479000 ns, Reaching safepoint: 100500 ns, At safepoint: 4300 ns, Total: 104800 ns
[2021-10-20T03:53:54.559+0000][5128][safepoint    ] Safepoint "Cleanup", Time since last: 1009235400 ns, Reaching safepoint: 264700 ns, At safepoint: 37500 ns, Total: 302200 ns
[2021-10-20T03:53:55.565+0000][5128][safepoint    ] Safepoint "Cleanup", Time since last: 1006201800 ns, Reaching safepoint: 326800 ns, At safepoint: 23700 ns, Total: 350500 ns
[2021-10-20T03:53:56.568+0000][5128][safepoint    ] Safepoint "Cleanup", Time since last: 1002293200 ns, Reaching safepoint: 194600 ns, At safepoint: 12200 ns, Total: 206800 ns
[2021-10-20T03:53:57.979+0000][5128][safepoint    ] Safepoint "Cleanup", Time since last: 1410478200 ns, Reaching safepoint: 250900 ns, At safepoint: 17400 ns, Total: 268300 ns
[2021-10-20T03:54:13.097+0000][5128][safepoint    ] Safepoint "Cleanup", Time since last: 15117985700 ns, Reaching safepoint: 113200 ns, At safepoint: 17000 ns, Total: 130200 ns
[2021-10-20T03:54:15.105+0000][5128][safepoint    ] Safepoint "Cleanup", Time since last: 2007727300 ns, Reaching safepoint: 150600 ns, At safepoint: 12100 ns, Total: 162700 ns
[2021-10-20T03:54:18.126+0000][5128][safepoint    ] Safepoint "Cleanup", Time since last: 3020793900 ns, Reaching safepoint: 104800 ns, At safepoint: 23700 ns, Total: 128500 ns
[2021-10-20T03:54:22.156+0000][5128][safepoint    ] Safepoint "Cleanup", Time since last: 4029969700 ns, Reaching safepoint: 132900 ns, At safepoint: 19800 ns, Total: 152700 ns
[2021-10-20T03:54:44.128+0000][5128][safepoint    ] Safepoint "Cleanup", Time since last: 21971620600 ns, Reaching safepoint: 104600 ns, At safepoint: 4500 ns, Total: 109100 ns
[2021-10-20T03:54:46.095+0000][5128][safepoint    ] Safepoint "Cleanup", Time since last: 1966707000 ns, Reaching safepoint: 242600 ns, At safepoint: 10700 ns, Total: 253300 ns
[2021-10-20T03:54:47.101+0000][5128][safepoint    ] Safepoint "Cleanup", Time since last: 1006165000 ns, Reaching safepoint: 156200 ns, At safepoint: 8600 ns, Total: 164800 ns
[2021-10-20T03:55:26.411+0000][5128][safepoint    ] Safepoint "Cleanup", Time since last: 39309564000 ns, Reaching safepoint: 137100 ns, At safepoint: 32300 ns, Total: 169400 ns
[2021-10-20T03:55:34.456+0000][5128][safepoint    ] Safepoint "Cleanup", Time since last: 8044227200 ns, Reaching safepoint: 505600 ns, At safepoint: 611700 ns, Total: 1117300 ns
[2021-10-20T03:55:37.482+0000][5128][safepoint    ] Safepoint "Cleanup", Time since last: 3025399000 ns, Reaching safepoint: 201200 ns, At safepoint: 17200 ns, Total: 218400 ns
[2021-10-20T03:55:38.497+0000][5128][safepoint    ] Safepoint "Cleanup", Time since last: 1014678300 ns, Reaching safepoint: 172600 ns, At safepoint: 36600 ns, Total: 209200 ns
[2021-10-20T03:55:45.555+0000][5128][safepoint    ] Safepoint "Cleanup", Time since last: 7058641300 ns, Reaching safepoint: 259900 ns, At safepoint: 18200 ns, Total: 278100 ns
[2021-10-20T03:56:56.053+0000][5128][safepoint    ] Safepoint "Cleanup", Time since last: 70497591700 ns, Reaching safepoint: 136800 ns, At safepoint: 10400 ns, Total: 147200 ns
[2021-10-20T03:56:57.066+0000][5128][safepoint    ] Safepoint "Cleanup", Time since last: 1012799800 ns, Reaching safepoint: 144000 ns, At safepoint: 9700 ns, Total: 153700 ns
[2021-10-20T03:56:58.073+0000][5128][safepoint    ] Safepoint "Cleanup", Time since last: 1006916000 ns, Reaching safepoint: 135300 ns, At safepoint: 7900 ns, Total: 143200 ns
[2021-10-20T03:57:15.205+0000][5128][safepoint    ] Safepoint "Cleanup", Time since last: 17131837800 ns, Reaching safepoint: 124500 ns, At safepoint: 16000 ns, Total: 140500 ns
