[2020-09-11T09:46:34.894+0000][26480][gc,heap] Heap region size: 1M
[2020-09-11T09:46:34.894+0000][26480][gc,heap,coops] Heap address: 0x00000000c0000000, size: 1024 MB, Compressed Oops mode: 32-bit
[2020-09-11T09:46:35.411+0000][26480][gc           ] Using G1
[2020-09-11T09:46:35.429+0000][26480][gc           ] Periodic GC disabled
[2020-09-11T09:46:36.213+0000][26480][safepoint    ] Safepoint "ICBufferFull", Time since last: 792764800 ns, Reaching safepoint: 159200 ns, At safepoint: 48200 ns, Total: 207400 ns
[2020-09-11T09:46:37.265+0000][26480][safepoint    ] Safepoint "ICBufferFull", Time since last: 1051645200 ns, Reaching safepoint: 167200 ns, At safepoint: 19500 ns, Total: 186700 ns
[2020-09-11T09:46:37.889+0000][26480][gc,start     ] GC(0) Pause Young (Normal) (G1 Evacuation Pause)
[2020-09-11T09:46:37.890+0000][26480][gc,task      ] GC(0) Using 8 workers of 8 for evacuation
[2020-09-11T09:46:37.890+0000][26480][gc,age       ] GC(0) Desired survivor size 3670016 bytes, new threshold 15 (max threshold 15)
[2020-09-11T09:46:37.898+0000][26480][gc,age       ] GC(0) Age table with threshold 15 (max threshold 15)
[2020-09-11T09:46:37.898+0000][26480][gc,age       ] GC(0) - age   1:    5094240 bytes,    5094240 total
[2020-09-11T09:46:37.898+0000][26480][gc,phases    ] GC(0)   Pre Evacuate Collection Set: 0.2ms
[2020-09-11T09:46:37.898+0000][26480][gc,phases    ] GC(0)   Merge Heap Roots: 0.1ms
[2020-09-11T09:46:37.898+0000][26480][gc,phases    ] GC(0)   Evacuate Collection Set: 6.6ms
[2020-09-11T09:46:37.898+0000][26480][gc,phases    ] GC(0)   Post Evacuate Collection Set: 1.1ms
[2020-09-11T09:46:37.898+0000][26480][gc,phases    ] GC(0)   Other: 1.5ms
[2020-09-11T09:46:37.898+0000][26480][gc,heap      ] GC(0) Eden regions: 51->0(56)
[2020-09-11T09:46:37.898+0000][26480][gc,heap      ] GC(0) Survivor regions: 0->5(7)
[2020-09-11T09:46:37.898+0000][26480][gc,heap      ] GC(0) Old regions: 0->0
[2020-09-11T09:46:37.898+0000][26480][gc,heap      ] GC(0) Archive regions: 0->0
[2020-09-11T09:46:37.898+0000][26480][gc,heap      ] GC(0) Humongous regions: 1->1
[2020-09-11T09:46:37.898+0000][26480][gc,metaspace ] GC(0) Metaspace: 12503K(13312K)->12503K(13312K) NonClass: 10978K(11520K)->10978K(11520K) Class: 1525K(1792K)->1525K(1792K)
[2020-09-11T09:46:37.898+0000][26480][gc           ] GC(0) Pause Young (Normal) (G1 Evacuation Pause) 52M->5M(1024M) 9.877ms
[2020-09-11T09:46:37.898+0000][26480][gc,cpu       ] GC(0) User=0.08s Sys=0.00s Real=0.01s
[2020-09-11T09:46:37.899+0000][26480][safepoint    ] Safepoint "G1CollectForAllocation", Time since last: 623699100 ns, Reaching safepoint: 142700 ns, At safepoint: 10124400 ns, Total: 10267100 ns
[2020-09-11T09:46:38.586+0000][26480][safepoint    ] Safepoint "BulkRevokeBias", Time since last: 687527200 ns, Reaching safepoint: 131700 ns, At safepoint: 103400 ns, Total: 235100 ns
[2020-09-11T09:46:38.984+0000][26480][gc,start     ] GC(1) Pause Young (Normal) (G1 Evacuation Pause)
[2020-09-11T09:46:38.984+0000][26480][gc,task      ] GC(1) Using 8 workers of 8 for evacuation
[2020-09-11T09:46:38.984+0000][26480][gc,age       ] GC(1) Desired survivor size 4194304 bytes, new threshold 1 (max threshold 15)
[2020-09-11T09:46:38.991+0000][26480][gc,age       ] GC(1) Age table with threshold 1 (max threshold 15)
[2020-09-11T09:46:38.991+0000][26480][gc,age       ] GC(1) - age   1:    2917248 bytes,    2917248 total
[2020-09-11T09:46:38.991+0000][26480][gc,phases    ] GC(1)   Pre Evacuate Collection Set: 0.1ms
[2020-09-11T09:46:38.991+0000][26480][gc,phases    ] GC(1)   Merge Heap Roots: 0.1ms
[2020-09-11T09:46:38.991+0000][26480][gc,phases    ] GC(1)   Evacuate Collection Set: 5.8ms
[2020-09-11T09:46:38.991+0000][26480][gc,phases    ] GC(1)   Post Evacuate Collection Set: 0.8ms
[2020-09-11T09:46:38.991+0000][26480][gc,phases    ] GC(1)   Other: 0.3ms
[2020-09-11T09:46:38.991+0000][26480][gc,heap      ] GC(1) Eden regions: 56->0(610)
[2020-09-11T09:46:38.991+0000][26480][gc,heap      ] GC(1) Survivor regions: 5->4(8)
[2020-09-11T09:46:38.991+0000][26480][gc,heap      ] GC(1) Old regions: 0->5
[2020-09-11T09:46:38.991+0000][26480][gc,heap      ] GC(1) Archive regions: 0->0
[2020-09-11T09:46:38.991+0000][26480][gc,heap      ] GC(1) Humongous regions: 1->1
[2020-09-11T09:46:38.991+0000][26480][gc,metaspace ] GC(1) Metaspace: 14332K(14976K)->14332K(14976K) NonClass: 12617K(13056K)->12617K(13056K) Class: 1714K(1920K)->1714K(1920K)
[2020-09-11T09:46:38.991+0000][26480][gc           ] GC(1) Pause Young (Normal) (G1 Evacuation Pause) 61M->9M(1024M) 7.412ms
[2020-09-11T09:46:38.991+0000][26480][gc,cpu       ] GC(1) User=0.13s Sys=0.00s Real=0.01s
[2020-09-11T09:46:38.991+0000][26480][safepoint    ] Safepoint "G1CollectForAllocation", Time since last: 397190600 ns, Reaching safepoint: 125100 ns, At safepoint: 7512600 ns, Total: 7637700 ns
[2020-09-11T09:46:38.992+0000][26480][safepoint    ] Safepoint "BulkRevokeBias", Time since last: 203000 ns, Reaching safepoint: 90800 ns, At safepoint: 84600 ns, Total: 175400 ns
[2020-09-11T09:46:40.007+0000][26480][safepoint    ] Safepoint "Cleanup", Time since last: 1015759700 ns, Reaching safepoint: 119600 ns, At safepoint: 2300 ns, Total: 121900 ns
[2020-09-11T09:46:41.196+0000][26480][safepoint    ] Safepoint "Cleanup", Time since last: 1188158000 ns, Reaching safepoint: 140400 ns, At safepoint: 2700 ns, Total: 143100 ns
[2020-09-11T09:46:42.131+0000][26480][gc,start     ] GC(2) Pause Young (Concurrent Start) (Metadata GC Threshold)
[2020-09-11T09:46:42.131+0000][26480][gc,task      ] GC(2) Using 8 workers of 8 for evacuation
[2020-09-11T09:46:42.131+0000][26480][gc,age       ] GC(2) Desired survivor size 40370176 bytes, new threshold 15 (max threshold 15)
[2020-09-11T09:46:42.137+0000][26480][gc,age       ] GC(2) Age table with threshold 15 (max threshold 15)
[2020-09-11T09:46:42.137+0000][26480][gc,age       ] GC(2) - age   1:    7054752 bytes,    7054752 total
[2020-09-11T09:46:42.137+0000][26480][gc,age       ] GC(2) - age   2:    1066256 bytes,    8121008 total
[2020-09-11T09:46:42.137+0000][26480][gc,phases    ] GC(2)   Pre Evacuate Collection Set: 0.2ms
[2020-09-11T09:46:42.137+0000][26480][gc,phases    ] GC(2)   Merge Heap Roots: 0.1ms
[2020-09-11T09:46:42.137+0000][26480][gc,phases    ] GC(2)   Evacuate Collection Set: 4.3ms
[2020-09-11T09:46:42.137+0000][26480][gc,phases    ] GC(2)   Post Evacuate Collection Set: 0.9ms
[2020-09-11T09:46:42.137+0000][26480][gc,phases    ] GC(2)   Other: 0.9ms
[2020-09-11T09:46:42.137+0000][26480][gc,heap      ] GC(2) Eden regions: 330->0(606)
[2020-09-11T09:46:42.137+0000][26480][gc,heap      ] GC(2) Survivor regions: 4->8(77)
[2020-09-11T09:46:42.137+0000][26480][gc,heap      ] GC(2) Old regions: 5->5
[2020-09-11T09:46:42.138+0000][26480][gc,heap      ] GC(2) Archive regions: 0->0
[2020-09-11T09:46:42.138+0000][26480][gc,heap      ] GC(2) Humongous regions: 1->1
[2020-09-11T09:46:42.138+0000][26480][gc,metaspace ] GC(2) Metaspace: 20253K(21248K)->20253K(21248K) NonClass: 17850K(18432K)->17850K(18432K) Class: 2403K(2816K)->2403K(2816K)
[2020-09-11T09:46:42.138+0000][26480][gc           ] GC(2) Pause Young (Concurrent Start) (Metadata GC Threshold) 338M->13M(1024M) 6.615ms
[2020-09-11T09:46:42.138+0000][26480][gc,cpu       ] GC(2) User=0.00s Sys=0.00s Real=0.01s
[2020-09-11T09:46:42.138+0000][26480][gc           ] GC(3) Concurrent Cycle
[2020-09-11T09:46:42.138+0000][26480][gc,marking   ] GC(3) Concurrent Clear Claimed Marks
[2020-09-11T09:46:42.138+0000][26480][safepoint    ] Safepoint "CollectForMetadataAllocation", Time since last: 935122300 ns, Reaching safepoint: 117500 ns, At safepoint: 6872000 ns, Total: 6989500 ns
[2020-09-11T09:46:42.138+0000][26480][gc,marking   ] GC(3) Concurrent Clear Claimed Marks 0.051ms
[2020-09-11T09:46:42.138+0000][26480][gc,marking   ] GC(3) Concurrent Scan Root Regions
[2020-09-11T09:46:42.139+0000][26480][safepoint    ] Safepoint "BulkRevokeBias", Time since last: 460800 ns, Reaching safepoint: 946500 ns, At safepoint: 94100 ns, Total: 1040600 ns
[2020-09-11T09:46:42.140+0000][26480][safepoint    ] Safepoint "BulkRevokeBias", Time since last: 272400 ns, Reaching safepoint: 216900 ns, At safepoint: 101000 ns, Total: 317900 ns
[2020-09-11T09:46:42.141+0000][26480][safepoint    ] Safepoint "BulkRevokeBias", Time since last: 128200 ns, Reaching safepoint: 417900 ns, At safepoint: 95600 ns, Total: 513500 ns
[2020-09-11T09:46:42.142+0000][26480][gc,marking   ] GC(3) Concurrent Scan Root Regions 4.144ms
[2020-09-11T09:46:42.142+0000][26480][gc,marking   ] GC(3) Concurrent Mark (7.270s)
[2020-09-11T09:46:42.142+0000][26480][gc,marking   ] GC(3) Concurrent Mark From Roots
[2020-09-11T09:46:42.142+0000][26480][gc,task      ] GC(3) Using 2 workers of 2 for marking
[2020-09-11T09:46:42.145+0000][26480][safepoint    ] Safepoint "BulkRevokeBias", Time since last: 4214600 ns, Reaching safepoint: 101700 ns, At safepoint: 76300 ns, Total: 178000 ns
[2020-09-11T09:46:42.149+0000][26480][gc,marking   ] GC(3) Concurrent Mark From Roots 6.726ms
[2020-09-11T09:46:42.149+0000][26480][gc,marking   ] GC(3) Concurrent Preclean
[2020-09-11T09:46:42.149+0000][26480][gc,marking   ] GC(3) Concurrent Preclean 0.187ms
[2020-09-11T09:46:42.149+0000][26480][gc,marking   ] GC(3) Concurrent Mark (7.270s, 7.277s) 7.033ms
[2020-09-11T09:46:42.149+0000][26480][gc,start     ] GC(3) Pause Remark
[2020-09-11T09:46:42.151+0000][26480][gc           ] GC(3) Pause Remark 16M->16M(1024M) 2.129ms
[2020-09-11T09:46:42.151+0000][26480][gc,cpu       ] GC(3) User=0.00s Sys=0.00s Real=0.00s
[2020-09-11T09:46:42.152+0000][26480][safepoint    ] Safepoint "G1Concurrent", Time since last: 4256500 ns, Reaching safepoint: 55700 ns, At safepoint: 2253900 ns, Total: 2309600 ns
[2020-09-11T09:46:42.152+0000][26480][gc,marking   ] GC(3) Concurrent Rebuild Remembered Sets
[2020-09-11T09:46:42.156+0000][26480][gc,marking   ] GC(3) Concurrent Rebuild Remembered Sets 3.946ms
[2020-09-11T09:46:42.156+0000][26480][gc,start     ] GC(3) Pause Cleanup
[2020-09-11T09:46:42.156+0000][26480][gc           ] GC(3) Pause Cleanup 16M->16M(1024M) 0.217ms
[2020-09-11T09:46:42.156+0000][26480][gc,cpu       ] GC(3) User=0.00s Sys=0.00s Real=0.00s
[2020-09-11T09:46:42.156+0000][26480][safepoint    ] Safepoint "G1Concurrent", Time since last: 4117500 ns, Reaching safepoint: 497500 ns, At safepoint: 307400 ns, Total: 804900 ns
[2020-09-11T09:46:42.156+0000][26480][gc,marking   ] GC(3) Concurrent Cleanup for Next Mark
[2020-09-11T09:46:42.158+0000][26480][gc,marking   ] GC(3) Concurrent Cleanup for Next Mark 1.174ms
[2020-09-11T09:46:42.158+0000][26480][gc           ] GC(3) Concurrent Cycle 20.059ms
[2020-09-11T09:46:43.635+0000][26480][safepoint    ] Safepoint "Cleanup", Time since last: 1478158100 ns, Reaching safepoint: 147200 ns, At safepoint: 2400 ns, Total: 149600 ns
[2020-09-11T09:46:44.926+0000][26480][safepoint    ] Safepoint "Cleanup", Time since last: 1291324200 ns, Reaching safepoint: 141600 ns, At safepoint: 2100 ns, Total: 143700 ns
[2020-09-11T09:46:45.954+0000][26480][safepoint    ] Safepoint "Cleanup", Time since last: 1027804600 ns, Reaching safepoint: 135600 ns, At safepoint: 2100 ns, Total: 137700 ns
[2020-09-11T09:46:46.993+0000][26480][safepoint    ] Safepoint "Cleanup", Time since last: 1038455900 ns, Reaching safepoint: 212700 ns, At safepoint: 20300 ns, Total: 233000 ns
[2020-09-11T09:46:47.020+0000][26480][gc,start     ] GC(4) Pause Young (Normal) (G1 Evacuation Pause)
[2020-09-11T09:46:47.020+0000][26480][gc,task      ] GC(4) Using 8 workers of 8 for evacuation
[2020-09-11T09:46:47.020+0000][26480][gc,age       ] GC(4) Desired survivor size 40370176 bytes, new threshold 15 (max threshold 15)
[2020-09-11T09:46:47.042+0000][26480][gc,age       ] GC(4) Age table with threshold 15 (max threshold 15)
[2020-09-11T09:46:47.042+0000][26480][gc,age       ] GC(4) - age   1:   20322096 bytes,   20322096 total
[2020-09-11T09:46:47.042+0000][26480][gc,age       ] GC(4) - age   2:    5682240 bytes,   26004336 total
[2020-09-11T09:46:47.043+0000][26480][gc,age       ] GC(4) - age   3:    1022200 bytes,   27026536 total
[2020-09-11T09:46:47.043+0000][26480][gc,phases    ] GC(4)   Pre Evacuate Collection Set: 0.2ms
[2020-09-11T09:46:47.043+0000][26480][gc,phases    ] GC(4)   Merge Heap Roots: 0.1ms
[2020-09-11T09:46:47.043+0000][26480][gc,phases    ] GC(4)   Evacuate Collection Set: 19.6ms
[2020-09-11T09:46:47.043+0000][26480][gc,phases    ] GC(4)   Post Evacuate Collection Set: 1.9ms
[2020-09-11T09:46:47.043+0000][26480][gc,phases    ] GC(4)   Other: 0.6ms
[2020-09-11T09:46:47.043+0000][26480][gc,heap      ] GC(4) Eden regions: 606->0(587)
[2020-09-11T09:46:47.043+0000][26480][gc,heap      ] GC(4) Survivor regions: 8->27(77)
[2020-09-11T09:46:47.043+0000][26480][gc,heap      ] GC(4) Old regions: 5->5
[2020-09-11T09:46:47.043+0000][26480][gc,heap      ] GC(4) Archive regions: 0->0
[2020-09-11T09:46:47.043+0000][26480][gc,heap      ] GC(4) Humongous regions: 2->1
[2020-09-11T09:46:47.043+0000][26480][gc,metaspace ] GC(4) Metaspace: 28465K(30464K)->28465K(30464K) NonClass: 24988K(26368K)->24988K(26368K) Class: 3477K(4096K)->3477K(4096K)
[2020-09-11T09:46:47.043+0000][26480][gc           ] GC(4) Pause Young (Normal) (G1 Evacuation Pause) 620M->32M(1024M) 22.810ms
[2020-09-11T09:46:47.043+0000][26480][gc,cpu       ] GC(4) User=0.11s Sys=0.00s Real=0.02s
[2020-09-11T09:46:47.044+0000][26480][safepoint    ] Safepoint "G1CollectForAllocation", Time since last: 27395100 ns, Reaching safepoint: 77000 ns, At safepoint: 23313600 ns, Total: 23390600 ns
[2020-09-11T09:46:47.047+0000][26480][safepoint    ] Safepoint "BulkRevokeBias", Time since last: 2963800 ns, Reaching safepoint: 87000 ns, At safepoint: 155700 ns, Total: 242700 ns
[2020-09-11T09:46:47.047+0000][26480][safepoint    ] Safepoint "BulkRevokeBias", Time since last: 386100 ns, Reaching safepoint: 77500 ns, At safepoint: 160700 ns, Total: 238200 ns
[2020-09-11T09:46:48.049+0000][26480][safepoint    ] Safepoint "Cleanup", Time since last: 1000837300 ns, Reaching safepoint: 147500 ns, At safepoint: 3000 ns, Total: 150500 ns
[2020-09-11T09:46:48.584+0000][26480][gc,start     ] GC(5) Pause Young (Concurrent Start) (Metadata GC Threshold)
[2020-09-11T09:46:48.584+0000][26480][gc,task      ] GC(5) Using 8 workers of 8 for evacuation
[2020-09-11T09:46:48.584+0000][26480][gc,age       ] GC(5) Desired survivor size 40370176 bytes, new threshold 15 (max threshold 15)
[2020-09-11T09:46:48.618+0000][26480][gc,age       ] GC(5) Age table with threshold 15 (max threshold 15)
[2020-09-11T09:46:48.618+0000][26480][gc,age       ] GC(5) - age   1:   19639272 bytes,   19639272 total
[2020-09-11T09:46:48.618+0000][26480][gc,age       ] GC(5) - age   2:   20198624 bytes,   39837896 total
[2020-09-11T09:46:48.618+0000][26480][gc,age       ] GC(5) - age   3:    5637024 bytes,   45474920 total
[2020-09-11T09:46:48.618+0000][26480][gc,age       ] GC(5) - age   4:    1019608 bytes,   46494528 total
[2020-09-11T09:46:48.618+0000][26480][gc,phases    ] GC(5)   Pre Evacuate Collection Set: 0.2ms
[2020-09-11T09:46:48.618+0000][26480][gc,phases    ] GC(5)   Merge Heap Roots: 0.1ms
[2020-09-11T09:46:48.618+0000][26480][gc,phases    ] GC(5)   Evacuate Collection Set: 32.0ms
[2020-09-11T09:46:48.618+0000][26480][gc,phases    ] GC(5)   Post Evacuate Collection Set: 1.5ms
[2020-09-11T09:46:48.618+0000][26480][gc,phases    ] GC(5)   Other: 0.5ms
[2020-09-11T09:46:48.618+0000][26480][gc,heap      ] GC(5) Eden regions: 132->0(177)
[2020-09-11T09:46:48.618+0000][26480][gc,heap      ] GC(5) Survivor regions: 27->46(77)
[2020-09-11T09:46:48.618+0000][26480][gc,heap      ] GC(5) Old regions: 5->5
[2020-09-11T09:46:48.618+0000][26480][gc,heap      ] GC(5) Archive regions: 0->0
[2020-09-11T09:46:48.618+0000][26480][gc,heap      ] GC(5) Humongous regions: 1->1
[2020-09-11T09:46:48.619+0000][26480][gc,metaspace ] GC(5) Metaspace: 33556K(35840K)->33556K(35840K) NonClass: 29282K(30720K)->29282K(30720K) Class: 4273K(5120K)->4273K(5120K)
[2020-09-11T09:46:48.619+0000][26480][gc           ] GC(5) Pause Young (Concurrent Start) (Metadata GC Threshold) 164M->51M(1024M) 34.617ms
[2020-09-11T09:46:48.619+0000][26480][gc,cpu       ] GC(5) User=0.25s Sys=0.00s Real=0.03s
[2020-09-11T09:46:48.619+0000][26480][gc           ] GC(6) Concurrent Cycle
[2020-09-11T09:46:48.619+0000][26480][gc,marking   ] GC(6) Concurrent Clear Claimed Marks
[2020-09-11T09:46:48.619+0000][26480][safepoint    ] Safepoint "CollectForMetadataAllocation", Time since last: 535115600 ns, Reaching safepoint: 127300 ns, At safepoint: 34942500 ns, Total: 35069800 ns
[2020-09-11T09:46:48.619+0000][26480][gc,marking   ] GC(6) Concurrent Clear Claimed Marks 0.140ms
[2020-09-11T09:46:48.619+0000][26480][gc,marking   ] GC(6) Concurrent Scan Root Regions
[2020-09-11T09:46:48.648+0000][26480][gc,marking   ] GC(6) Concurrent Scan Root Regions 28.537ms
[2020-09-11T09:46:48.648+0000][26480][gc,marking   ] GC(6) Concurrent Mark (13.775s)
[2020-09-11T09:46:48.648+0000][26480][gc,marking   ] GC(6) Concurrent Mark From Roots
[2020-09-11T09:46:48.648+0000][26480][gc,task      ] GC(6) Using 2 workers of 2 for marking
[2020-09-11T09:46:48.657+0000][26480][gc,marking   ] GC(6) Concurrent Mark From Roots 9.086ms
[2020-09-11T09:46:48.657+0000][26480][gc,marking   ] GC(6) Concurrent Preclean
[2020-09-11T09:46:48.657+0000][26480][gc,marking   ] GC(6) Concurrent Preclean 0.268ms
[2020-09-11T09:46:48.657+0000][26480][gc,marking   ] GC(6) Concurrent Mark (13.775s, 13.785s) 9.547ms
[2020-09-11T09:46:48.657+0000][26480][gc,start     ] GC(6) Pause Remark
[2020-09-11T09:46:48.659+0000][26480][gc           ] GC(6) Pause Remark 59M->59M(1024M) 1.981ms
[2020-09-11T09:46:48.659+0000][26480][gc,cpu       ] GC(6) User=0.13s Sys=0.00s Real=0.00s
[2020-09-11T09:46:48.660+0000][26480][safepoint    ] Safepoint "G1Concurrent", Time since last: 38362200 ns, Reaching safepoint: 144800 ns, At safepoint: 2130500 ns, Total: 2275300 ns
[2020-09-11T09:46:48.660+0000][26480][gc,marking   ] GC(6) Concurrent Rebuild Remembered Sets
[2020-09-11T09:46:48.664+0000][26480][gc,marking   ] GC(6) Concurrent Rebuild Remembered Sets 4.761ms
[2020-09-11T09:46:48.665+0000][26480][gc,start     ] GC(6) Pause Cleanup
[2020-09-11T09:46:48.665+0000][26480][gc           ] GC(6) Pause Cleanup 60M->60M(1024M) 0.227ms
[2020-09-11T09:46:48.665+0000][26480][gc,cpu       ] GC(6) User=0.00s Sys=0.00s Real=0.00s
[2020-09-11T09:46:48.665+0000][26480][safepoint    ] Safepoint "G1Concurrent", Time since last: 4941100 ns, Reaching safepoint: 366600 ns, At safepoint: 360100 ns, Total: 726700 ns
[2020-09-11T09:46:48.665+0000][26480][gc,marking   ] GC(6) Concurrent Cleanup for Next Mark
[2020-09-11T09:46:48.667+0000][26480][gc,marking   ] GC(6) Concurrent Cleanup for Next Mark 1.716ms
[2020-09-11T09:46:48.667+0000][26480][gc           ] GC(6) Concurrent Cycle 48.447ms
[2020-09-11T09:46:50.205+0000][26480][safepoint    ] Safepoint "Cleanup", Time since last: 1539429800 ns, Reaching safepoint: 224000 ns, At safepoint: 22400 ns, Total: 246400 ns
[2020-09-11T09:46:50.525+0000][26480][safepoint    ] Safepoint "ICBufferFull", Time since last: 319595200 ns, Reaching safepoint: 237300 ns, At safepoint: 4500 ns, Total: 241800 ns
[2020-09-11T09:46:51.027+0000][26480][safepoint    ] Safepoint "BulkRevokeBias", Time since last: 502037500 ns, Reaching safepoint: 293000 ns, At safepoint: 202100 ns, Total: 495100 ns
[2020-09-11T09:46:51.200+0000][26480][safepoint    ] Safepoint "BulkRevokeBias", Time since last: 172988600 ns, Reaching safepoint: 96800 ns, At safepoint: 180400 ns, Total: 277200 ns
[2020-09-11T09:46:51.205+0000][26480][safepoint    ] Safepoint "BulkRevokeBias", Time since last: 4249700 ns, Reaching safepoint: 93500 ns, At safepoint: 109400 ns, Total: 202900 ns
[2020-09-11T09:46:51.552+0000][26480][gc,start     ] GC(7) Pause Young (Normal) (G1 Evacuation Pause)
[2020-09-11T09:46:51.552+0000][26480][gc,task      ] GC(7) Using 8 workers of 8 for evacuation
[2020-09-11T09:46:51.552+0000][26480][gc,age       ] GC(7) Desired survivor size 16777216 bytes, new threshold 1 (max threshold 15)
[2020-09-11T09:46:51.583+0000][26480][gc,age       ] GC(7) Age table with threshold 1 (max threshold 15)
[2020-09-11T09:46:51.583+0000][26480][gc,age       ] GC(7) - age   1:    7817600 bytes,    7817600 total
[2020-09-11T09:46:51.584+0000][26480][gc,phases    ] GC(7)   Pre Evacuate Collection Set: 0.1ms
[2020-09-11T09:46:51.584+0000][26480][gc,phases    ] GC(7)   Merge Heap Roots: 0.1ms
[2020-09-11T09:46:51.584+0000][26480][gc,phases    ] GC(7)   Evacuate Collection Set: 28.8ms
[2020-09-11T09:46:51.584+0000][26480][gc,phases    ] GC(7)   Post Evacuate Collection Set: 2.2ms
[2020-09-11T09:46:51.584+0000][26480][gc,phases    ] GC(7)   Other: 0.4ms
[2020-09-11T09:46:51.584+0000][26480][gc,heap      ] GC(7) Eden regions: 203->0(443)
[2020-09-11T09:46:51.584+0000][26480][gc,heap      ] GC(7) Survivor regions: 46->10(32)
[2020-09-11T09:46:51.584+0000][26480][gc,heap      ] GC(7) Old regions: 5->51
[2020-09-11T09:46:51.584+0000][26480][gc,heap      ] GC(7) Archive regions: 0->0
[2020-09-11T09:46:51.584+0000][26480][gc,heap      ] GC(7) Humongous regions: 1->1
[2020-09-11T09:46:51.584+0000][26480][gc,metaspace ] GC(7) Metaspace: 51915K(55680K)->51915K(55680K) NonClass: 44848K(47104K)->44848K(47104K) Class: 7066K(8576K)->7066K(8576K)
[2020-09-11T09:46:51.584+0000][26480][gc           ] GC(7) Pause Young (Normal) (G1 Evacuation Pause) 254M->60M(1024M) 31.996ms
[2020-09-11T09:46:51.584+0000][26480][gc,cpu       ] GC(7) User=0.25s Sys=0.00s Real=0.03s
[2020-09-11T09:46:51.584+0000][26480][safepoint    ] Safepoint "G1CollectForAllocation", Time since last: 346819900 ns, Reaching safepoint: 80300 ns, At safepoint: 32155800 ns, Total: 32236100 ns
[2020-09-11T09:46:52.115+0000][26480][gc,start     ] GC(8) Pause Young (Concurrent Start) (Metadata GC Threshold)
[2020-09-11T09:46:52.115+0000][26480][gc,task      ] GC(8) Using 8 workers of 8 for evacuation
[2020-09-11T09:46:52.115+0000][26480][gc,age       ] GC(8) Desired survivor size 29884416 bytes, new threshold 15 (max threshold 15)
[2020-09-11T09:46:52.124+0000][26480][gc,age       ] GC(8) Age table with threshold 15 (max threshold 15)
[2020-09-11T09:46:52.124+0000][26480][gc,age       ] GC(8) - age   1:     973744 bytes,     973744 total
[2020-09-11T09:46:52.124+0000][26480][gc,age       ] GC(8) - age   2:    7680368 bytes,    8654112 total
[2020-09-11T09:46:52.124+0000][26480][gc,phases    ] GC(8)   Pre Evacuate Collection Set: 0.2ms
[2020-09-11T09:46:52.124+0000][26480][gc,phases    ] GC(8)   Merge Heap Roots: 0.1ms
[2020-09-11T09:46:52.124+0000][26480][gc,phases    ] GC(8)   Evacuate Collection Set: 6.7ms
[2020-09-11T09:46:52.124+0000][26480][gc,phases    ] GC(8)   Post Evacuate Collection Set: 1.6ms
[2020-09-11T09:46:52.124+0000][26480][gc,phases    ] GC(8)   Other: 0.4ms
[2020-09-11T09:46:52.124+0000][26480][gc,heap      ] GC(8) Eden regions: 46->0(575)
[2020-09-11T09:46:52.124+0000][26480][gc,heap      ] GC(8) Survivor regions: 10->10(57)
[2020-09-11T09:46:52.124+0000][26480][gc,heap      ] GC(8) Old regions: 51->51
[2020-09-11T09:46:52.124+0000][26480][gc,heap      ] GC(8) Archive regions: 0->0
[2020-09-11T09:46:52.124+0000][26480][gc,heap      ] GC(8) Humongous regions: 1->1
[2020-09-11T09:46:52.124+0000][26480][gc,metaspace ] GC(8) Metaspace: 56001K(60160K)->56001K(60160K) NonClass: 48342K(50816K)->48342K(50816K) Class: 7659K(9344K)->7659K(9344K)
[2020-09-11T09:46:52.124+0000][26480][gc           ] GC(8) Pause Young (Concurrent Start) (Metadata GC Threshold) 106M->60M(1024M) 9.162ms
[2020-09-11T09:46:52.124+0000][26480][gc,cpu       ] GC(8) User=0.00s Sys=0.00s Real=0.01s
[2020-09-11T09:46:52.124+0000][26480][gc           ] GC(9) Concurrent Cycle
[2020-09-11T09:46:52.124+0000][26480][gc,marking   ] GC(9) Concurrent Clear Claimed Marks
[2020-09-11T09:46:52.124+0000][26480][safepoint    ] Safepoint "CollectForMetadataAllocation", Time since last: 530419000 ns, Reaching safepoint: 317000 ns, At safepoint: 9361700 ns, Total: 9678700 ns
[2020-09-11T09:46:52.124+0000][26480][gc,marking   ] GC(9) Concurrent Clear Claimed Marks 0.214ms
[2020-09-11T09:46:52.124+0000][26480][gc,marking   ] GC(9) Concurrent Scan Root Regions
[2020-09-11T09:46:52.129+0000][26480][gc,marking   ] GC(9) Concurrent Scan Root Regions 5.070ms
[2020-09-11T09:46:52.129+0000][26480][gc,marking   ] GC(9) Concurrent Mark (17.257s)
[2020-09-11T09:46:52.129+0000][26480][gc,marking   ] GC(9) Concurrent Mark From Roots
[2020-09-11T09:46:52.130+0000][26480][gc,task      ] GC(9) Using 2 workers of 2 for marking
[2020-09-11T09:46:52.158+0000][26480][safepoint    ] Safepoint "CollectForMetadataAllocation", Time since last: 33955000 ns, Reaching safepoint: 89200 ns, At safepoint: 171100 ns, Total: 260300 ns
[2020-09-11T09:46:52.202+0000][26480][safepoint    ] Safepoint "CollectForMetadataAllocation", Time since last: 43046300 ns, Reaching safepoint: 153300 ns, At safepoint: 161500 ns, Total: 314800 ns
[2020-09-11T09:46:52.209+0000][26480][gc,marking   ] GC(9) Concurrent Mark From Roots 79.462ms
[2020-09-11T09:46:52.209+0000][26480][gc,marking   ] GC(9) Concurrent Preclean
[2020-09-11T09:46:52.209+0000][26480][gc,marking   ] GC(9) Concurrent Preclean 0.388ms
[2020-09-11T09:46:52.209+0000][26480][gc,marking   ] GC(9) Concurrent Mark (17.257s, 17.337s) 79.974ms
[2020-09-11T09:46:52.210+0000][26480][gc,start     ] GC(9) Pause Remark
[2020-09-11T09:46:52.212+0000][26480][gc           ] GC(9) Pause Remark 64M->64M(1024M) 2.356ms
[2020-09-11T09:46:52.212+0000][26480][gc,cpu       ] GC(9) User=0.00s Sys=0.00s Real=0.00s
[2020-09-11T09:46:52.212+0000][26480][safepoint    ] Safepoint "G1Concurrent", Time since last: 7808900 ns, Reaching safepoint: 80400 ns, At safepoint: 2525500 ns, Total: 2605900 ns
[2020-09-11T09:46:52.212+0000][26480][gc,marking   ] GC(9) Concurrent Rebuild Remembered Sets
[2020-09-11T09:46:52.269+0000][26480][gc,marking   ] GC(9) Concurrent Rebuild Remembered Sets 56.596ms
[2020-09-11T09:46:52.270+0000][26480][gc,start     ] GC(9) Pause Cleanup
[2020-09-11T09:46:52.270+0000][26480][gc           ] GC(9) Pause Cleanup 68M->68M(1024M) 0.285ms
[2020-09-11T09:46:52.270+0000][26480][gc,cpu       ] GC(9) User=0.00s Sys=0.00s Real=0.00s
[2020-09-11T09:46:52.270+0000][26480][safepoint    ] Safepoint "G1Concurrent", Time since last: 56779000 ns, Reaching safepoint: 850200 ns, At safepoint: 418800 ns, Total: 1269000 ns
[2020-09-11T09:46:52.270+0000][26480][gc,marking   ] GC(9) Concurrent Cleanup for Next Mark
[2020-09-11T09:46:52.272+0000][26480][gc,marking   ] GC(9) Concurrent Cleanup for Next Mark 1.683ms
[2020-09-11T09:46:52.272+0000][26480][gc           ] GC(9) Concurrent Cycle 148.048ms
[2020-09-11T09:46:52.971+0000][26480][safepoint    ] Safepoint "ICBufferFull", Time since last: 699936700 ns, Reaching safepoint: 827000 ns, At safepoint: 6000 ns, Total: 833000 ns
[2020-09-11T09:46:53.531+0000][26480][safepoint    ] Safepoint "BulkRevokeBias", Time since last: 559506000 ns, Reaching safepoint: 190200 ns, At safepoint: 291400 ns, Total: 481600 ns
[2020-09-11T09:46:54.575+0000][26480][safepoint    ] Safepoint "Cleanup", Time since last: 1043320400 ns, Reaching safepoint: 127800 ns, At safepoint: 84400 ns, Total: 212200 ns
[2020-09-11T09:46:55.579+0000][26480][safepoint    ] Safepoint "Cleanup", Time since last: 1003937000 ns, Reaching safepoint: 76600 ns, At safepoint: 47400 ns, Total: 124000 ns
[2020-09-11T09:46:55.580+0000][26480][safepoint    ] Safepoint "BulkRevokeBias", Time since last: 836400 ns, Reaching safepoint: 163700 ns, At safepoint: 455300 ns, Total: 619000 ns
[2020-09-11T09:46:55.581+0000][26480][safepoint    ] Safepoint "BulkRevokeBias", Time since last: 233900 ns, Reaching safepoint: 45800 ns, At safepoint: 536800 ns, Total: 582600 ns
[2020-09-11T09:46:55.582+0000][26480][safepoint    ] Safepoint "BulkRevokeBias", Time since last: 635200 ns, Reaching safepoint: 81700 ns, At safepoint: 443700 ns, Total: 525400 ns
[2020-09-11T09:46:56.583+0000][26480][safepoint    ] Safepoint "Cleanup", Time since last: 1000363800 ns, Reaching safepoint: 156000 ns, At safepoint: 449700 ns, Total: 605700 ns
[2020-09-11T09:46:56.588+0000][26480][safepoint    ] Safepoint "BulkRevokeBias", Time since last: 1687600 ns, Reaching safepoint: 254400 ns, At safepoint: 2792600 ns, Total: 3047000 ns
[2020-09-11T09:46:56.590+0000][26480][safepoint    ] Safepoint "BulkRevokeBias", Time since last: 164400 ns, Reaching safepoint: 326600 ns, At safepoint: 1778000 ns, Total: 2104600 ns
[2020-09-11T09:46:56.591+0000][26480][safepoint    ] Safepoint "BulkRevokeBias", Time since last: 110700 ns, Reaching safepoint: 127800 ns, At safepoint: 914700 ns, Total: 1042500 ns
[2020-09-11T09:46:56.592+0000][26480][safepoint    ] Safepoint "BulkRevokeBias", Time since last: 107900 ns, Reaching safepoint: 173000 ns, At safepoint: 1021900 ns, Total: 1194900 ns
[2020-09-11T09:46:56.660+0000][26480][safepoint    ] Safepoint "BulkRevokeBias", Time since last: 67511200 ns, Reaching safepoint: 135300 ns, At safepoint: 471300 ns, Total: 606600 ns
[2020-09-11T09:46:56.789+0000][26480][safepoint    ] Safepoint "BulkRevokeBias", Time since last: 128295700 ns, Reaching safepoint: 146200 ns, At safepoint: 465600 ns, Total: 611800 ns
[2020-09-11T09:46:56.854+0000][26480][safepoint    ] Safepoint "BulkRevokeBias", Time since last: 64062200 ns, Reaching safepoint: 140000 ns, At safepoint: 398200 ns, Total: 538200 ns
[2020-09-11T09:46:57.049+0000][26480][safepoint    ] Safepoint "BulkRevokeBias", Time since last: 193833700 ns, Reaching safepoint: 194000 ns, At safepoint: 1122100 ns, Total: 1316100 ns
[2020-09-11T09:46:57.351+0000][26480][safepoint    ] Safepoint "ICBufferFull", Time since last: 301744000 ns, Reaching safepoint: 204300 ns, At safepoint: 21900 ns, Total: 226200 ns
[2020-09-11T09:46:57.435+0000][26480][safepoint    ] Safepoint "BulkRevokeBias", Time since last: 82063400 ns, Reaching safepoint: 116500 ns, At safepoint: 2020200 ns, Total: 2136700 ns
[2020-09-11T09:46:57.684+0000][26480][safepoint    ] Safepoint "BulkRevokeBias", Time since last: 247481200 ns, Reaching safepoint: 157200 ns, At safepoint: 859800 ns, Total: 1017000 ns
[2020-09-11T09:46:57.952+0000][26480][safepoint    ] Safepoint "BulkRevokeBias", Time since last: 266554800 ns, Reaching safepoint: 525700 ns, At safepoint: 1511300 ns, Total: 2037000 ns
[2020-09-11T09:46:58.418+0000][26480][safepoint    ] Safepoint "ICBufferFull", Time since last: 465768200 ns, Reaching safepoint: 230400 ns, At safepoint: 12300 ns, Total: 242700 ns
[2020-09-11T09:46:58.539+0000][26480][safepoint    ] Safepoint "BulkRevokeBias", Time since last: 119297700 ns, Reaching safepoint: 188900 ns, At safepoint: 1391900 ns, Total: 1580800 ns
[2020-09-11T09:46:58.544+0000][26480][safepoint    ] Safepoint "BulkRevokeBias", Time since last: 3862800 ns, Reaching safepoint: 130400 ns, At safepoint: 1133200 ns, Total: 1263600 ns
[2020-09-11T09:46:58.549+0000][26480][safepoint    ] Safepoint "BulkRevokeBias", Time since last: 3028400 ns, Reaching safepoint: 189200 ns, At safepoint: 1149100 ns, Total: 1338300 ns
[2020-09-11T09:46:59.263+0000][26480][safepoint    ] Safepoint "BulkRevokeBias", Time since last: 713202800 ns, Reaching safepoint: 141300 ns, At safepoint: 544800 ns, Total: 686100 ns
[2020-09-11T09:46:59.263+0000][26480][safepoint    ] Safepoint "BulkRevokeBias", Time since last: 176600 ns, Reaching safepoint: 125300 ns, At safepoint: 494100 ns, Total: 619400 ns
[2020-09-11T09:46:59.650+0000][26480][safepoint    ] Safepoint "BulkRevokeBias", Time since last: 386071500 ns, Reaching safepoint: 130500 ns, At safepoint: 504300 ns, Total: 634800 ns
[2020-09-11T09:47:01.651+0000][26480][safepoint    ] Safepoint "Cleanup", Time since last: 1999637900 ns, Reaching safepoint: 144700 ns, At safepoint: 4700 ns, Total: 149400 ns
[2020-09-11T09:47:02.651+0000][26480][safepoint    ] Safepoint "Cleanup", Time since last: 1000722500 ns, Reaching safepoint: 100100 ns, At safepoint: 12300 ns, Total: 112400 ns
[2020-09-11T09:47:04.652+0000][26480][safepoint    ] Safepoint "Cleanup", Time since last: 2000595300 ns, Reaching safepoint: 137700 ns, At safepoint: 10300 ns, Total: 148000 ns
[2020-09-11T09:47:05.653+0000][26480][safepoint    ] Safepoint "Cleanup", Time since last: 1000440800 ns, Reaching safepoint: 173000 ns, At safepoint: 4700 ns, Total: 177700 ns
[2020-09-11T09:47:06.653+0000][26480][safepoint    ] Safepoint "Cleanup", Time since last: 1000036300 ns, Reaching safepoint: 153800 ns, At safepoint: 12100 ns, Total: 165900 ns
[2020-09-11T09:47:07.654+0000][26480][safepoint    ] Safepoint "Cleanup", Time since last: 1000559700 ns, Reaching safepoint: 99600 ns, At safepoint: 5400 ns, Total: 105000 ns
[2020-09-11T09:47:08.654+0000][26480][safepoint    ] Safepoint "Cleanup", Time since last: 1000368900 ns, Reaching safepoint: 102400 ns, At safepoint: 5300 ns, Total: 107700 ns
[2020-09-11T09:47:09.655+0000][26480][safepoint    ] Safepoint "Cleanup", Time since last: 1000294500 ns, Reaching safepoint: 110400 ns, At safepoint: 5300 ns, Total: 115700 ns
[2020-09-11T09:47:10.656+0000][26480][safepoint    ] Safepoint "Cleanup", Time since last: 1000923900 ns, Reaching safepoint: 200000 ns, At safepoint: 10900 ns, Total: 210900 ns
[2020-09-11T09:47:11.657+0000][26480][safepoint    ] Safepoint "Cleanup", Time since last: 1000638800 ns, Reaching safepoint: 86300 ns, At safepoint: 4200 ns, Total: 90500 ns
[2020-09-11T09:47:12.658+0000][26480][safepoint    ] Safepoint "Cleanup", Time since last: 1000835400 ns, Reaching safepoint: 91400 ns, At safepoint: 5200 ns, Total: 96600 ns
[2020-09-11T09:47:13.658+0000][26480][safepoint    ] Safepoint "Cleanup", Time since last: 1000148000 ns, Reaching safepoint: 143800 ns, At safepoint: 4800 ns, Total: 148600 ns
[2020-09-11T09:47:14.658+0000][26480][safepoint    ] Safepoint "Cleanup", Time since last: 1000136600 ns, Reaching safepoint: 211900 ns, At safepoint: 5200 ns, Total: 217100 ns
[2020-09-11T09:47:15.658+0000][26480][safepoint    ] Safepoint "Cleanup", Time since last: 1000070200 ns, Reaching safepoint: 170800 ns, At safepoint: 5200 ns, Total: 176000 ns
[2020-09-11T09:47:16.659+0000][26480][safepoint    ] Safepoint "Cleanup", Time since last: 1000331700 ns, Reaching safepoint: 145400 ns, At safepoint: 7700 ns, Total: 153100 ns
[2020-09-11T09:47:18.659+0000][26480][safepoint    ] Safepoint "Cleanup", Time since last: 2000019100 ns, Reaching safepoint: 147300 ns, At safepoint: 4400 ns, Total: 151700 ns
[2020-09-11T09:47:19.660+0000][26480][safepoint    ] Safepoint "Cleanup", Time since last: 1000758500 ns, Reaching safepoint: 94500 ns, At safepoint: 4300 ns, Total: 98800 ns
[2020-09-11T09:47:20.661+0000][26480][safepoint    ] Safepoint "Cleanup", Time since last: 1000738600 ns, Reaching safepoint: 125200 ns, At safepoint: 4500 ns, Total: 129700 ns
[2020-09-11T09:47:22.662+0000][26480][safepoint    ] Safepoint "Cleanup", Time since last: 2000449300 ns, Reaching safepoint: 153500 ns, At safepoint: 4100 ns, Total: 157600 ns
[2020-09-11T09:47:23.662+0000][26480][safepoint    ] Safepoint "Cleanup", Time since last: 1000118100 ns, Reaching safepoint: 130700 ns, At safepoint: 4500 ns, Total: 135200 ns
[2020-09-11T09:47:24.662+0000][26480][safepoint    ] Safepoint "Cleanup", Time since last: 1000417500 ns, Reaching safepoint: 315900 ns, At safepoint: 16300 ns, Total: 332200 ns
[2020-09-11T09:47:25.663+0000][26480][safepoint    ] Safepoint "Cleanup", Time since last: 1000066700 ns, Reaching safepoint: 96200 ns, At safepoint: 4500 ns, Total: 100700 ns
[2020-09-11T09:47:27.440+0000][26480][safepoint    ] Safepoint "Cleanup", Time since last: 1776697900 ns, Reaching safepoint: 173400 ns, At safepoint: 49400 ns, Total: 222800 ns
[2020-09-11T09:47:28.263+0000][26480][safepoint    ] Safepoint "BulkRevokeBias", Time since last: 823308300 ns, Reaching safepoint: 104800 ns, At safepoint: 659700 ns, Total: 764500 ns
[2020-09-11T09:47:29.441+0000][26480][safepoint    ] Safepoint "Cleanup", Time since last: 1176825700 ns, Reaching safepoint: 128300 ns, At safepoint: 4700 ns, Total: 133000 ns
[2020-09-11T09:47:30.442+0000][26480][safepoint    ] Safepoint "Cleanup", Time since last: 1000856800 ns, Reaching safepoint: 118300 ns, At safepoint: 5200 ns, Total: 123500 ns
[2020-09-11T09:47:31.443+0000][26480][safepoint    ] Safepoint "Cleanup", Time since last: 1000857900 ns, Reaching safepoint: 110400 ns, At safepoint: 3500 ns, Total: 113900 ns
[2020-09-11T09:47:32.444+0000][26480][safepoint    ] Safepoint "Cleanup", Time since last: 1000885300 ns, Reaching safepoint: 116900 ns, At safepoint: 5100 ns, Total: 122000 ns
[2020-09-11T09:47:33.445+0000][26480][safepoint    ] Safepoint "Cleanup", Time since last: 1000874000 ns, Reaching safepoint: 117300 ns, At safepoint: 7300 ns, Total: 124600 ns
[2020-09-11T09:47:34.446+0000][26480][safepoint    ] Safepoint "Cleanup", Time since last: 1000864700 ns, Reaching safepoint: 80100 ns, At safepoint: 2700 ns, Total: 82800 ns
[2020-09-11T09:47:36.446+0000][26480][safepoint    ] Safepoint "Cleanup", Time since last: 1999920800 ns, Reaching safepoint: 108100 ns, At safepoint: 4700 ns, Total: 112800 ns
[2020-09-11T09:47:38.447+0000][26480][safepoint    ] Safepoint "Cleanup", Time since last: 2000878600 ns, Reaching safepoint: 141900 ns, At safepoint: 10900 ns, Total: 152800 ns
[2020-09-11T09:47:40.447+0000][26480][safepoint    ] Safepoint "Cleanup", Time since last: 1999837200 ns, Reaching safepoint: 116500 ns, At safepoint: 7000 ns, Total: 123500 ns
[2020-09-11T09:47:42.447+0000][26480][safepoint    ] Safepoint "Cleanup", Time since last: 2000298400 ns, Reaching safepoint: 105400 ns, At safepoint: 5100 ns, Total: 110500 ns
[2020-09-11T09:47:44.448+0000][26480][safepoint    ] Safepoint "Cleanup", Time since last: 2000565800 ns, Reaching safepoint: 96100 ns, At safepoint: 4800 ns, Total: 100900 ns
[2020-09-11T09:47:45.448+0000][26480][safepoint    ] Safepoint "Cleanup", Time since last: 1000154300 ns, Reaching safepoint: 125500 ns, At safepoint: 5900 ns, Total: 131400 ns
[2020-09-11T09:47:47.449+0000][26480][safepoint    ] Safepoint "Cleanup", Time since last: 2000686000 ns, Reaching safepoint: 333400 ns, At safepoint: 19700 ns, Total: 353100 ns
[2020-09-11T09:47:48.450+0000][26480][safepoint    ] Safepoint "Cleanup", Time since last: 1000419100 ns, Reaching safepoint: 135200 ns, At safepoint: 9300 ns, Total: 144500 ns
[2020-09-11T09:47:49.451+0000][26480][safepoint    ] Safepoint "Cleanup", Time since last: 1000697400 ns, Reaching safepoint: 98700 ns, At safepoint: 6300 ns, Total: 105000 ns
[2020-09-11T09:47:50.451+0000][26480][safepoint    ] Safepoint "Cleanup", Time since last: 1000193700 ns, Reaching safepoint: 113400 ns, At safepoint: 6200 ns, Total: 119600 ns
[2020-09-11T09:47:51.452+0000][26480][safepoint    ] Safepoint "Cleanup", Time since last: 1000437100 ns, Reaching safepoint: 150700 ns, At safepoint: 5500 ns, Total: 156200 ns
[2020-09-11T09:47:52.452+0000][26480][safepoint    ] Safepoint "Cleanup", Time since last: 1000218700 ns, Reaching safepoint: 88600 ns, At safepoint: 6100 ns, Total: 94700 ns
[2020-09-11T09:47:53.452+0000][26480][safepoint    ] Safepoint "Cleanup", Time since last: 1000076800 ns, Reaching safepoint: 117700 ns, At safepoint: 8800 ns, Total: 126500 ns
[2020-09-11T09:47:54.453+0000][26480][safepoint    ] Safepoint "Cleanup", Time since last: 1000363400 ns, Reaching safepoint: 112000 ns, At safepoint: 7500 ns, Total: 119500 ns
[2020-09-11T09:47:55.453+0000][26480][safepoint    ] Safepoint "Cleanup", Time since last: 1000192700 ns, Reaching safepoint: 96200 ns, At safepoint: 6900 ns, Total: 103100 ns
[2020-09-11T09:47:56.454+0000][26480][safepoint    ] Safepoint "Cleanup", Time since last: 1000729000 ns, Reaching safepoint: 107900 ns, At safepoint: 3500 ns, Total: 111400 ns
[2020-09-11T09:47:56.616+0000][26480][safepoint    ] Safepoint "BulkRevokeBias", Time since last: 160762600 ns, Reaching safepoint: 113300 ns, At safepoint: 1023300 ns, Total: 1136600 ns
[2020-09-11T09:47:57.720+0000][26480][safepoint    ] Safepoint "Cleanup", Time since last: 1103951200 ns, Reaching safepoint: 98300 ns, At safepoint: 5100 ns, Total: 103400 ns
[2020-09-11T09:47:58.267+0000][26480][safepoint    ] Safepoint "BulkRevokeBias", Time since last: 546372900 ns, Reaching safepoint: 97200 ns, At safepoint: 460500 ns, Total: 557700 ns
[2020-09-11T09:48:00.268+0000][26480][safepoint    ] Safepoint "Cleanup", Time since last: 2000988200 ns, Reaching safepoint: 153000 ns, At safepoint: 23200 ns, Total: 176200 ns
[2020-09-11T09:48:08.274+0000][26480][safepoint    ] Safepoint "Cleanup", Time since last: 8005013800 ns, Reaching safepoint: 93900 ns, At safepoint: 4500 ns, Total: 98400 ns
[2020-09-11T09:48:13.275+0000][26480][safepoint    ] Safepoint "Cleanup", Time since last: 5000934600 ns, Reaching safepoint: 179700 ns, At safepoint: 5600 ns, Total: 185300 ns
[2020-09-11T09:48:22.281+0000][26480][safepoint    ] Safepoint "Cleanup", Time since last: 9005626000 ns, Reaching safepoint: 138500 ns, At safepoint: 66300 ns, Total: 204800 ns
[2020-09-11T09:48:26.622+0000][26480][safepoint    ] Safepoint "Cleanup", Time since last: 4340875300 ns, Reaching safepoint: 162500 ns, At safepoint: 49400 ns, Total: 211900 ns
[2020-09-11T09:48:27.623+0000][26480][safepoint    ] Safepoint "Cleanup", Time since last: 1000579200 ns, Reaching safepoint: 158000 ns, At safepoint: 4100 ns, Total: 162100 ns
[2020-09-11T09:48:34.448+0000][26480][safepoint    ] Safepoint "Cleanup", Time since last: 6824673300 ns, Reaching safepoint: 84900 ns, At safepoint: 4700 ns, Total: 89600 ns
[2020-09-11T09:48:41.450+0000][26480][safepoint    ] Safepoint "Cleanup", Time since last: 7002466800 ns, Reaching safepoint: 198900 ns, At safepoint: 4500 ns, Total: 203400 ns
[2020-09-11T09:48:44.452+0000][26480][safepoint    ] Safepoint "Cleanup", Time since last: 3001094100 ns, Reaching safepoint: 144900 ns, At safepoint: 6100 ns, Total: 151000 ns
[2020-09-11T09:48:56.560+0000][26480][safepoint    ] Safepoint "Cleanup", Time since last: 12107689500 ns, Reaching safepoint: 180100 ns, At safepoint: 7100 ns, Total: 187200 ns
[2020-09-11T09:48:58.560+0000][26480][safepoint    ] Safepoint "Cleanup", Time since last: 2000180700 ns, Reaching safepoint: 91000 ns, At safepoint: 4700 ns, Total: 95700 ns
[2020-09-11T09:48:59.560+0000][26480][safepoint    ] Safepoint "Cleanup", Time since last: 1000139300 ns, Reaching safepoint: 77500 ns, At safepoint: 5300 ns, Total: 82800 ns
[2020-09-11T09:49:00.561+0000][26480][safepoint    ] Safepoint "Cleanup", Time since last: 1000193300 ns, Reaching safepoint: 130600 ns, At safepoint: 19200 ns, Total: 149800 ns
[2020-09-11T09:49:03.563+0000][26480][safepoint    ] Safepoint "Cleanup", Time since last: 3002322700 ns, Reaching safepoint: 152900 ns, At safepoint: 13800 ns, Total: 166700 ns
[2020-09-11T09:49:05.564+0000][26480][safepoint    ] Safepoint "Cleanup", Time since last: 2000337500 ns, Reaching safepoint: 111000 ns, At safepoint: 3700 ns, Total: 114700 ns
[2020-09-11T09:49:07.564+0000][26480][safepoint    ] Safepoint "Cleanup", Time since last: 2000416100 ns, Reaching safepoint: 100600 ns, At safepoint: 5100 ns, Total: 105700 ns
[2020-09-11T09:49:29.574+0000][26480][safepoint    ] Safepoint "Cleanup", Time since last: 22009162100 ns, Reaching safepoint: 156400 ns, At safepoint: 5000 ns, Total: 161400 ns
[2020-09-11T09:49:31.574+0000][26480][safepoint    ] Safepoint "Cleanup", Time since last: 2000243200 ns, Reaching safepoint: 155400 ns, At safepoint: 4200 ns, Total: 159600 ns
[2020-09-11T09:49:43.580+0000][26480][safepoint    ] Safepoint "Cleanup", Time since last: 12005412000 ns, Reaching safepoint: 117200 ns, At safepoint: 6100 ns, Total: 123300 ns
[2020-09-11T09:50:01.588+0000][26480][safepoint    ] Safepoint "Cleanup", Time since last: 18007589400 ns, Reaching safepoint: 125500 ns, At safepoint: 3800 ns, Total: 129300 ns
[2020-09-11T09:50:02.589+0000][26480][safepoint    ] Safepoint "Cleanup", Time since last: 1000264100 ns, Reaching safepoint: 153900 ns, At safepoint: 4100 ns, Total: 158000 ns
[2020-09-11T09:50:32.601+0000][26480][safepoint    ] Safepoint "Cleanup", Time since last: 30011489400 ns, Reaching safepoint: 129300 ns, At safepoint: 84600 ns, Total: 213900 ns
[2020-09-11T09:50:37.603+0000][26480][safepoint    ] Safepoint "Cleanup", Time since last: 5002423900 ns, Reaching safepoint: 134800 ns, At safepoint: 8700 ns, Total: 143500 ns
[2020-09-11T09:50:39.605+0000][26480][safepoint    ] Safepoint "Cleanup", Time since last: 2000928900 ns, Reaching safepoint: 127300 ns, At safepoint: 5400 ns, Total: 132700 ns
[2020-09-11T09:50:41.606+0000][26480][safepoint    ] Safepoint "Cleanup", Time since last: 2000996800 ns, Reaching safepoint: 137000 ns, At safepoint: 6400 ns, Total: 143400 ns
[2020-09-11T09:50:45.607+0000][26480][safepoint    ] Safepoint "Cleanup", Time since last: 4001295500 ns, Reaching safepoint: 95800 ns, At safepoint: 4600 ns, Total: 100400 ns
[2020-09-11T09:50:57.615+0000][26480][safepoint    ] Safepoint "Cleanup", Time since last: 12007172500 ns, Reaching safepoint: 157900 ns, At safepoint: 5000 ns, Total: 162900 ns
[2020-09-11T09:50:58.615+0000][26480][safepoint    ] Safepoint "Cleanup", Time since last: 1000564000 ns, Reaching safepoint: 80700 ns, At safepoint: 4500 ns, Total: 85200 ns
[2020-09-11T09:51:12.622+0000][26480][safepoint    ] Safepoint "Cleanup", Time since last: 14006336600 ns, Reaching safepoint: 117200 ns, At safepoint: 6800 ns, Total: 124000 ns
[2020-09-11T09:51:27.629+0000][26480][safepoint    ] Safepoint "Cleanup", Time since last: 15006528000 ns, Reaching safepoint: 126000 ns, At safepoint: 7600 ns, Total: 133600 ns
[2020-09-11T09:51:29.630+0000][26480][safepoint    ] Safepoint "Cleanup", Time since last: 2000888000 ns, Reaching safepoint: 111000 ns, At safepoint: 14200 ns, Total: 125200 ns
[2020-09-11T09:51:38.634+0000][26480][safepoint    ] Safepoint "Cleanup", Time since last: 9003839500 ns, Reaching safepoint: 144700 ns, At safepoint: 8300 ns, Total: 153000 ns
[2020-09-11T09:51:45.637+0000][26480][safepoint    ] Safepoint "Cleanup", Time since last: 7002808500 ns, Reaching safepoint: 103200 ns, At safepoint: 3900 ns, Total: 107100 ns
[2020-09-11T09:51:47.769+0000][26480][safepoint    ] Safepoint "Cleanup", Time since last: 2132377900 ns, Reaching safepoint: 190700 ns, At safepoint: 45000 ns, Total: 235700 ns
[2020-09-11T09:51:48.006+0000][26480][safepoint    ] Safepoint "BulkRevokeBias", Time since last: 234448400 ns, Reaching safepoint: 344500 ns, At safepoint: 2052200 ns, Total: 2396700 ns
[2020-09-11T09:51:52.008+0000][26480][safepoint    ] Safepoint "Cleanup", Time since last: 4001668500 ns, Reaching safepoint: 117400 ns, At safepoint: 5600 ns, Total: 123000 ns
[2020-09-11T09:51:57.012+0000][26480][safepoint    ] Safepoint "Cleanup", Time since last: 5003056400 ns, Reaching safepoint: 109200 ns, At safepoint: 4500 ns, Total: 113700 ns
[2020-09-11T09:51:59.720+0000][26480][safepoint    ] Safepoint "Cleanup", Time since last: 2708686100 ns, Reaching safepoint: 134700 ns, At safepoint: 60000 ns, Total: 194700 ns
[2020-09-11T09:51:59.725+0000][26480][safepoint    ] Safepoint "BulkRevokeBias", Time since last: 3822000 ns, Reaching safepoint: 105600 ns, At safepoint: 600200 ns, Total: 705800 ns
[2020-09-11T09:51:59.726+0000][26480][safepoint    ] Safepoint "BulkRevokeBias", Time since last: 802100 ns, Reaching safepoint: 85700 ns, At safepoint: 554800 ns, Total: 640500 ns
[2020-09-11T09:51:59.727+0000][26480][safepoint    ] Safepoint "BulkRevokeBias", Time since last: 282700 ns, Reaching safepoint: 119800 ns, At safepoint: 746400 ns, Total: 866200 ns
[2020-09-11T09:52:02.729+0000][26480][safepoint    ] Safepoint "Cleanup", Time since last: 3000878900 ns, Reaching safepoint: 94300 ns, At safepoint: 4400 ns, Total: 98700 ns
[2020-09-11T09:52:03.729+0000][26480][safepoint    ] Safepoint "Cleanup", Time since last: 1000483800 ns, Reaching safepoint: 113000 ns, At safepoint: 5700 ns, Total: 118700 ns
[2020-09-11T09:52:09.732+0000][26480][safepoint    ] Safepoint "Cleanup", Time since last: 6002186200 ns, Reaching safepoint: 117800 ns, At safepoint: 9200 ns, Total: 127000 ns
[2020-09-11T09:52:26.741+0000][26480][safepoint    ] Safepoint "Cleanup", Time since last: 17008641800 ns, Reaching safepoint: 88200 ns, At safepoint: 4500 ns, Total: 92700 ns
[2020-09-11T09:52:53.753+0000][26480][safepoint    ] Safepoint "Cleanup", Time since last: 27011491100 ns, Reaching safepoint: 73900 ns, At safepoint: 4600 ns, Total: 78500 ns
[2020-09-11T09:53:18.763+0000][26480][safepoint    ] Safepoint "Cleanup", Time since last: 25010007600 ns, Reaching safepoint: 96400 ns, At safepoint: 5000 ns, Total: 101400 ns
[2020-09-11T09:53:26.766+0000][26480][safepoint    ] Safepoint "Cleanup", Time since last: 8002876500 ns, Reaching safepoint: 105900 ns, At safepoint: 6300 ns, Total: 112200 ns
[2020-09-11T09:53:44.774+0000][26480][safepoint    ] Safepoint "Cleanup", Time since last: 18007100300 ns, Reaching safepoint: 102700 ns, At safepoint: 5100 ns, Total: 107800 ns
[2020-09-11T09:53:58.781+0000][26480][safepoint    ] Safepoint "Cleanup", Time since last: 14006803600 ns, Reaching safepoint: 85000 ns, At safepoint: 4200 ns, Total: 89200 ns
[2020-09-11T09:54:28.794+0000][26480][safepoint    ] Safepoint "Cleanup", Time since last: 30013059300 ns, Reaching safepoint: 107000 ns, At safepoint: 5000 ns, Total: 112000 ns
[2020-09-11T09:54:48.800+0000][26480][safepoint    ] Safepoint "Cleanup", Time since last: 20006109800 ns, Reaching safepoint: 117300 ns, At safepoint: 5200 ns, Total: 122500 ns
[2020-09-11T09:54:56.805+0000][26480][safepoint    ] Safepoint "Cleanup", Time since last: 8004465900 ns, Reaching safepoint: 104100 ns, At safepoint: 5800 ns, Total: 109900 ns
[2020-09-11T09:55:02.807+0000][26480][safepoint    ] Safepoint "Cleanup", Time since last: 6002544100 ns, Reaching safepoint: 109900 ns, At safepoint: 6600 ns, Total: 116500 ns
[2020-09-11T09:55:09.811+0000][26480][safepoint    ] Safepoint "Cleanup", Time since last: 7003841000 ns, Reaching safepoint: 91700 ns, At safepoint: 2100 ns, Total: 93800 ns
[2020-09-11T09:55:24.818+0000][26480][safepoint    ] Safepoint "Cleanup", Time since last: 15006858000 ns, Reaching safepoint: 93700 ns, At safepoint: 6100 ns, Total: 99800 ns
[2020-09-11T09:55:27.820+0000][26480][safepoint    ] Safepoint "Cleanup", Time since last: 3001557900 ns, Reaching safepoint: 98800 ns, At safepoint: 5700 ns, Total: 104500 ns
[2020-09-11T09:56:09.842+0000][26480][safepoint    ] Safepoint "Cleanup", Time since last: 42022619600 ns, Reaching safepoint: 98600 ns, At safepoint: 5100 ns, Total: 103700 ns
[2020-09-11T09:56:11.843+0000][26480][safepoint    ] Safepoint "Cleanup", Time since last: 2000636700 ns, Reaching safepoint: 133900 ns, At safepoint: 7700 ns, Total: 141600 ns
[2020-09-11T09:56:14.844+0000][26480][safepoint    ] Safepoint "Cleanup", Time since last: 3001064600 ns, Reaching safepoint: 146400 ns, At safepoint: 8200 ns, Total: 154600 ns
[2020-09-11T09:56:51.862+0000][26480][safepoint    ] Safepoint "Cleanup", Time since last: 37018292600 ns, Reaching safepoint: 121000 ns, At safepoint: 9300 ns, Total: 130300 ns
[2020-09-11T09:56:55.864+0000][26480][safepoint    ] Safepoint "Cleanup", Time since last: 4001863800 ns, Reaching safepoint: 80400 ns, At safepoint: 4000 ns, Total: 84400 ns
[2020-09-11T09:56:56.864+0000][26480][safepoint    ] Safepoint "Cleanup", Time since last: 1000019800 ns, Reaching safepoint: 117400 ns, At safepoint: 6100 ns, Total: 123500 ns
[2020-09-11T09:56:58.022+0000][26480][safepoint    ] Safepoint "Cleanup", Time since last: 1158627200 ns, Reaching safepoint: 92200 ns, At safepoint: 5100 ns, Total: 97300 ns
[2020-09-11T09:56:58.444+0000][26480][safepoint    ] Safepoint "BulkRevokeBias", Time since last: 421277200 ns, Reaching safepoint: 79200 ns, At safepoint: 840300 ns, Total: 919500 ns
[2020-09-11T09:57:15.453+0000][26480][safepoint    ] Safepoint "Cleanup", Time since last: 17008225300 ns, Reaching safepoint: 105900 ns, At safepoint: 20600 ns, Total: 126500 ns
[2020-09-11T09:57:27.457+0000][26480][safepoint    ] Safepoint "Cleanup", Time since last: 12004364700 ns, Reaching safepoint: 144600 ns, At safepoint: 3900 ns, Total: 148500 ns
[2020-09-11T09:57:28.458+0000][26480][safepoint    ] Safepoint "Cleanup", Time since last: 1000310900 ns, Reaching safepoint: 186200 ns, At safepoint: 8900 ns, Total: 195100 ns
[2020-09-11T09:57:34.461+0000][26480][safepoint    ] Safepoint "Cleanup", Time since last: 6003441900 ns, Reaching safepoint: 241500 ns, At safepoint: 15300 ns, Total: 256800 ns
[2020-09-11T09:57:59.474+0000][26480][safepoint    ] Safepoint "Cleanup", Time since last: 25013258600 ns, Reaching safepoint: 168700 ns, At safepoint: 3700 ns, Total: 172400 ns
[2020-09-11T09:58:30.490+0000][26480][safepoint    ] Safepoint "Cleanup", Time since last: 31015467900 ns, Reaching safepoint: 89500 ns, At safepoint: 4300 ns, Total: 93800 ns
[2020-09-11T09:58:59.504+0000][26480][safepoint    ] Safepoint "Cleanup", Time since last: 29014785300 ns, Reaching safepoint: 86200 ns, At safepoint: 5000 ns, Total: 91200 ns
[2020-09-11T09:59:15.511+0000][26480][safepoint    ] Safepoint "Cleanup", Time since last: 16007376700 ns, Reaching safepoint: 85100 ns, At safepoint: 4700 ns, Total: 89800 ns
[2020-09-11T09:59:58.530+0000][26480][safepoint    ] Safepoint "Cleanup", Time since last: 43019287900 ns, Reaching safepoint: 73200 ns, At safepoint: 4400 ns, Total: 77600 ns
[2020-09-11T10:00:03.532+0000][26480][safepoint    ] Safepoint "Cleanup", Time since last: 5002185000 ns, Reaching safepoint: 143600 ns, At safepoint: 6500 ns, Total: 150100 ns
[2020-09-11T10:00:14.034+0000][26480][gc,start     ] GC(10) Pause Young (Concurrent Start) (G1 Evacuation Pause)
[2020-09-11T10:00:14.034+0000][26480][gc,task      ] GC(10) Using 8 workers of 8 for evacuation
[2020-09-11T10:00:14.034+0000][26480][gc,age       ] GC(10) Desired survivor size 38797312 bytes, new threshold 15 (max threshold 15)
[2020-09-11T10:00:14.050+0000][26480][gc,age       ] GC(10) Age table with threshold 15 (max threshold 15)
[2020-09-11T10:00:14.050+0000][26480][gc,age       ] GC(10) - age   1:   11548816 bytes,   11548816 total
[2020-09-11T10:00:14.050+0000][26480][gc,age       ] GC(10) - age   2:     830912 bytes,   12379728 total
[2020-09-11T10:00:14.050+0000][26480][gc,age       ] GC(10) - age   3:    7509520 bytes,   19889248 total
[2020-09-11T10:00:14.050+0000][26480][gc,phases    ] GC(10)   Pre Evacuate Collection Set: 0.4ms
[2020-09-11T10:00:14.050+0000][26480][gc,phases    ] GC(10)   Merge Heap Roots: 0.1ms
[2020-09-11T10:00:14.050+0000][26480][gc,phases    ] GC(10)   Evacuate Collection Set: 13.2ms
[2020-09-11T10:00:14.050+0000][26480][gc,phases    ] GC(10)   Post Evacuate Collection Set: 1.8ms
[2020-09-11T10:00:14.050+0000][26480][gc,phases    ] GC(10)   Other: 1.6ms
[2020-09-11T10:00:14.050+0000][26480][gc,heap      ] GC(10) Eden regions: 575->0(543)
[2020-09-11T10:00:14.050+0000][26480][gc,heap      ] GC(10) Survivor regions: 10->21(74)
[2020-09-11T10:00:14.050+0000][26480][gc,heap      ] GC(10) Old regions: 51->51
[2020-09-11T10:00:14.050+0000][26480][gc,heap      ] GC(10) Archive regions: 0->0
[2020-09-11T10:00:14.050+0000][26480][gc,heap      ] GC(10) Humongous regions: 52->52
[2020-09-11T10:00:14.050+0000][26480][gc,metaspace ] GC(10) Metaspace: 76606K(82072K)->76606K(82072K) NonClass: 66304K(69528K)->66304K(69528K) Class: 10302K(12544K)->10302K(12544K)
[2020-09-11T10:00:14.050+0000][26480][gc           ] GC(10) Pause Young (Concurrent Start) (G1 Evacuation Pause) 686M->122M(1024M) 16.708ms
[2020-09-11T10:00:14.050+0000][26480][gc,cpu       ] GC(10) User=0.11s Sys=0.00s Real=0.02s
[2020-09-11T10:00:14.050+0000][26480][safepoint    ] Safepoint "G1CollectForAllocation", Time since last: 10500663000 ns, Reaching safepoint: 137700 ns, At safepoint: 17488300 ns, Total: 17626000 ns
[2020-09-11T10:00:14.050+0000][26480][gc           ] GC(11) Concurrent Cycle
[2020-09-11T10:00:14.050+0000][26480][gc,marking   ] GC(11) Concurrent Clear Claimed Marks
[2020-09-11T10:00:14.051+0000][26480][gc,marking   ] GC(11) Concurrent Clear Claimed Marks 0.275ms
[2020-09-11T10:00:14.051+0000][26480][gc,marking   ] GC(11) Concurrent Scan Root Regions
[2020-09-11T10:00:14.063+0000][26480][gc,marking   ] GC(11) Concurrent Scan Root Regions 11.870ms
[2020-09-11T10:00:14.063+0000][26480][gc,marking   ] GC(11) Concurrent Mark (819.187s)
[2020-09-11T10:00:14.063+0000][26480][gc,marking   ] GC(11) Concurrent Mark From Roots
[2020-09-11T10:00:14.063+0000][26480][gc,task      ] GC(11) Using 2 workers of 2 for marking
[2020-09-11T10:00:14.114+0000][26480][gc,marking   ] GC(11) Concurrent Mark From Roots 50.806ms
[2020-09-11T10:00:14.114+0000][26480][gc,marking   ] GC(11) Concurrent Preclean
[2020-09-11T10:00:14.114+0000][26480][gc,marking   ] GC(11) Concurrent Preclean 0.308ms
[2020-09-11T10:00:14.114+0000][26480][gc,marking   ] GC(11) Concurrent Mark (819.187s, 819.238s) 51.219ms
[2020-09-11T10:00:14.114+0000][26480][gc,start     ] GC(11) Pause Remark
[2020-09-11T10:00:14.117+0000][26480][gc           ] GC(11) Pause Remark 123M->123M(1024M) 3.011ms
[2020-09-11T10:00:14.117+0000][26480][gc,cpu       ] GC(11) User=0.00s Sys=0.00s Real=0.00s
[2020-09-11T10:00:14.117+0000][26480][safepoint    ] Safepoint "G1Concurrent", Time since last: 63673900 ns, Reaching safepoint: 157300 ns, At safepoint: 3123800 ns, Total: 3281100 ns
[2020-09-11T10:00:14.117+0000][26480][gc,marking   ] GC(11) Concurrent Rebuild Remembered Sets
[2020-09-11T10:00:14.154+0000][26480][gc,marking   ] GC(11) Concurrent Rebuild Remembered Sets 36.834ms
[2020-09-11T10:00:14.155+0000][26480][gc,start     ] GC(11) Pause Cleanup
[2020-09-11T10:00:14.155+0000][26480][gc           ] GC(11) Pause Cleanup 123M->123M(1024M) 0.201ms
[2020-09-11T10:00:14.155+0000][26480][gc,cpu       ] GC(11) User=0.00s Sys=0.00s Real=0.00s
[2020-09-11T10:00:14.155+0000][26480][safepoint    ] Safepoint "G1Concurrent", Time since last: 36994000 ns, Reaching safepoint: 619100 ns, At safepoint: 349600 ns, Total: 968700 ns
[2020-09-11T10:00:14.155+0000][26480][gc,marking   ] GC(11) Concurrent Cleanup for Next Mark
[2020-09-11T10:00:14.157+0000][26480][gc,marking   ] GC(11) Concurrent Cleanup for Next Mark 1.574ms
[2020-09-11T10:00:14.157+0000][26480][gc           ] GC(11) Concurrent Cycle 106.579ms
[2020-09-11T10:00:27.162+0000][26480][safepoint    ] Safepoint "Cleanup", Time since last: 13006282500 ns, Reaching safepoint: 100100 ns, At safepoint: 3800 ns, Total: 103900 ns
[2020-09-11T10:00:34.165+0000][26480][safepoint    ] Safepoint "Cleanup", Time since last: 7003309900 ns, Reaching safepoint: 99300 ns, At safepoint: 4500 ns, Total: 103800 ns
[2020-09-11T10:01:14.183+0000][26480][safepoint    ] Safepoint "Cleanup", Time since last: 40018492700 ns, Reaching safepoint: 133000 ns, At safepoint: 7000 ns, Total: 140000 ns
[2020-09-11T10:01:35.190+0000][26480][safepoint    ] Safepoint "Cleanup", Time since last: 21006354100 ns, Reaching safepoint: 161200 ns, At safepoint: 4700 ns, Total: 165900 ns
[2020-09-11T10:02:25.210+0000][26480][safepoint    ] Safepoint "Cleanup", Time since last: 50020421800 ns, Reaching safepoint: 114300 ns, At safepoint: 5500 ns, Total: 119800 ns
[2020-09-11T10:02:29.211+0000][26480][safepoint    ] Safepoint "Cleanup", Time since last: 4001589600 ns, Reaching safepoint: 100200 ns, At safepoint: 5200 ns, Total: 105400 ns
[2020-09-11T10:02:57.224+0000][26480][safepoint    ] Safepoint "Cleanup", Time since last: 28012635200 ns, Reaching safepoint: 118200 ns, At safepoint: 5300 ns, Total: 123500 ns
[2020-09-11T10:03:27.241+0000][26480][safepoint    ] Safepoint "Cleanup", Time since last: 30017919000 ns, Reaching safepoint: 129400 ns, At safepoint: 9400 ns, Total: 138800 ns
[2020-09-11T10:03:30.244+0000][26480][safepoint    ] Safepoint "Cleanup", Time since last: 3002027200 ns, Reaching safepoint: 97700 ns, At safepoint: 4700 ns, Total: 102400 ns
[2020-09-11T10:04:27.270+0000][26480][safepoint    ] Safepoint "Cleanup", Time since last: 57026872200 ns, Reaching safepoint: 91600 ns, At safepoint: 4400 ns, Total: 96000 ns
[2020-09-11T10:04:30.272+0000][26480][safepoint    ] Safepoint "Cleanup", Time since last: 3001855100 ns, Reaching safepoint: 123300 ns, At safepoint: 18700 ns, Total: 142000 ns
[2020-09-11T10:04:57.734+0000][26480][safepoint    ] Safepoint "Cleanup", Time since last: 27462549800 ns, Reaching safepoint: 167200 ns, At safepoint: 3700 ns, Total: 170900 ns
[2020-09-11T10:05:05.289+0000][26480][safepoint    ] Safepoint "Cleanup", Time since last: 7554410900 ns, Reaching safepoint: 133200 ns, At safepoint: 4300 ns, Total: 137500 ns
[2020-09-11T10:05:25.297+0000][26480][safepoint    ] Safepoint "Cleanup", Time since last: 20008728000 ns, Reaching safepoint: 140400 ns, At safepoint: 3600 ns, Total: 144000 ns
[2020-09-11T10:05:50.309+0000][26480][safepoint    ] Safepoint "Cleanup", Time since last: 25011438800 ns, Reaching safepoint: 104200 ns, At safepoint: 3700 ns, Total: 107900 ns
[2020-09-11T10:07:27.746+0000][26480][safepoint    ] Safepoint "Cleanup", Time since last: 97438272800 ns, Reaching safepoint: 85500 ns, At safepoint: 4700 ns, Total: 90200 ns
[2020-09-11T10:07:58.502+0000][26480][safepoint    ] Safepoint "Cleanup", Time since last: 30756094000 ns, Reaching safepoint: 146100 ns, At safepoint: 6400 ns, Total: 152500 ns
[2020-09-11T10:07:59.503+0000][26480][safepoint    ] Safepoint "Cleanup", Time since last: 1000458400 ns, Reaching safepoint: 220100 ns, At safepoint: 8000 ns, Total: 228100 ns
[2020-09-11T10:08:15.508+0000][26480][safepoint    ] Safepoint "Cleanup", Time since last: 16005386800 ns, Reaching safepoint: 118500 ns, At safepoint: 4900 ns, Total: 123400 ns
[2020-09-11T10:08:19.511+0000][26480][safepoint    ] Safepoint "Cleanup", Time since last: 4002420500 ns, Reaching safepoint: 181100 ns, At safepoint: 4600 ns, Total: 185700 ns
[2020-09-11T10:09:15.536+0000][26480][safepoint    ] Safepoint "Cleanup", Time since last: 56025194600 ns, Reaching safepoint: 130200 ns, At safepoint: 4000 ns, Total: 134200 ns
[2020-09-11T10:09:28.542+0000][26480][safepoint    ] Safepoint "Cleanup", Time since last: 13006043400 ns, Reaching safepoint: 149200 ns, At safepoint: 4100 ns, Total: 153300 ns
[2020-09-11T10:09:45.551+0000][26480][safepoint    ] Safepoint "Cleanup", Time since last: 17008885100 ns, Reaching safepoint: 89300 ns, At safepoint: 4800 ns, Total: 94100 ns
[2020-09-11T10:09:57.557+0000][26480][safepoint    ] Safepoint "Cleanup", Time since last: 12006149700 ns, Reaching safepoint: 123300 ns, At safepoint: 18700 ns, Total: 142000 ns
[2020-09-11T10:10:17.567+0000][26480][safepoint    ] Safepoint "Cleanup", Time since last: 20010528800 ns, Reaching safepoint: 308800 ns, At safepoint: 13300 ns, Total: 322100 ns
[2020-09-11T10:12:00.619+0000][26480][safepoint    ] Safepoint "Cleanup", Time since last: 103051877500 ns, Reaching safepoint: 94400 ns, At safepoint: 6900 ns, Total: 101300 ns
[2020-09-11T10:12:47.642+0000][26480][safepoint    ] Safepoint "Cleanup", Time since last: 47023892800 ns, Reaching safepoint: 103000 ns, At safepoint: 4800 ns, Total: 107800 ns
[2020-09-11T10:12:57.647+0000][26480][safepoint    ] Safepoint "Cleanup", Time since last: 10004532300 ns, Reaching safepoint: 97800 ns, At safepoint: 3900 ns, Total: 101700 ns
[2020-09-11T10:13:27.662+0000][26480][safepoint    ] Safepoint "Cleanup", Time since last: 30014961200 ns, Reaching safepoint: 93600 ns, At safepoint: 8200 ns, Total: 101800 ns
[2020-09-11T10:15:26.717+0000][26480][safepoint    ] Safepoint "Cleanup", Time since last: 119055672600 ns, Reaching safepoint: 141900 ns, At safepoint: 4000 ns, Total: 145900 ns
[2020-09-11T10:17:27.270+0000][26480][safepoint    ] Safepoint "Cleanup", Time since last: 120554345200 ns, Reaching safepoint: 81000 ns, At safepoint: 4800 ns, Total: 85800 ns
[2020-09-11T10:17:29.272+0000][26480][safepoint    ] Safepoint "Cleanup", Time since last: 2001144800 ns, Reaching safepoint: 146800 ns, At safepoint: 6000 ns, Total: 152800 ns
[2020-09-11T10:17:57.287+0000][26480][safepoint    ] Safepoint "Cleanup", Time since last: 28015671000 ns, Reaching safepoint: 138600 ns, At safepoint: 5000 ns, Total: 143600 ns
[2020-09-11T10:20:24.356+0000][26480][safepoint    ] Safepoint "Cleanup", Time since last: 147069252200 ns, Reaching safepoint: 138100 ns, At safepoint: 7100 ns, Total: 145200 ns
[2020-09-11T10:20:38.364+0000][26480][safepoint    ] Safepoint "Cleanup", Time since last: 14007875100 ns, Reaching safepoint: 152200 ns, At safepoint: 9300 ns, Total: 161500 ns
[2020-09-11T10:20:49.370+0000][26480][safepoint    ] Safepoint "Cleanup", Time since last: 11005843800 ns, Reaching safepoint: 198200 ns, At safepoint: 4400 ns, Total: 202600 ns
[2020-09-11T10:20:55.373+0000][26480][safepoint    ] Safepoint "Cleanup", Time since last: 6002918300 ns, Reaching safepoint: 155100 ns, At safepoint: 4400 ns, Total: 159500 ns
[2020-09-11T10:23:11.437+0000][26480][safepoint    ] Safepoint "Cleanup", Time since last: 136064581100 ns, Reaching safepoint: 116900 ns, At safepoint: 4800 ns, Total: 121700 ns
[2020-09-11T10:23:57.460+0000][26480][safepoint    ] Safepoint "Cleanup", Time since last: 46023606900 ns, Reaching safepoint: 124700 ns, At safepoint: 5300 ns, Total: 130000 ns
[2020-09-11T10:24:27.475+0000][26480][safepoint    ] Safepoint "Cleanup", Time since last: 30014484000 ns, Reaching safepoint: 171000 ns, At safepoint: 10600 ns, Total: 181600 ns
[2020-09-11T10:24:57.491+0000][26480][safepoint    ] Safepoint "Cleanup", Time since last: 30015927100 ns, Reaching safepoint: 106000 ns, At safepoint: 3600 ns, Total: 109600 ns
[2020-09-11T10:25:27.506+0000][26480][safepoint    ] Safepoint "Cleanup", Time since last: 30015169100 ns, Reaching safepoint: 156800 ns, At safepoint: 3400 ns, Total: 160200 ns
[2020-09-11T10:26:30.535+0000][26480][safepoint    ] Safepoint "Cleanup", Time since last: 63029059400 ns, Reaching safepoint: 136500 ns, At safepoint: 9800 ns, Total: 146300 ns
[2020-09-11T10:26:57.546+0000][26480][safepoint    ] Safepoint "Cleanup", Time since last: 27010948400 ns, Reaching safepoint: 104800 ns, At safepoint: 7000 ns, Total: 111800 ns
[2020-09-11T10:29:41.616+0000][26480][safepoint    ] Safepoint "Cleanup", Time since last: 164070772500 ns, Reaching safepoint: 118600 ns, At safepoint: 4300 ns, Total: 122900 ns
[2020-09-11T10:29:43.616+0000][26480][safepoint    ] Safepoint "Cleanup", Time since last: 2000254900 ns, Reaching safepoint: 116700 ns, At safepoint: 6600 ns, Total: 123300 ns
[2020-09-11T10:29:56.622+0000][26480][safepoint    ] Safepoint "Cleanup", Time since last: 13005279000 ns, Reaching safepoint: 94600 ns, At safepoint: 5200 ns, Total: 99800 ns
[2020-09-11T10:29:57.622+0000][26480][safepoint    ] Safepoint "Cleanup", Time since last: 1000438400 ns, Reaching safepoint: 154500 ns, At safepoint: 6700 ns, Total: 161200 ns
[2020-09-11T10:30:57.650+0000][26480][safepoint    ] Safepoint "Cleanup", Time since last: 60027986100 ns, Reaching safepoint: 122500 ns, At safepoint: 6200 ns, Total: 128700 ns
[2020-09-11T10:31:41.666+0000][26480][safepoint    ] Safepoint "Cleanup", Time since last: 44016006000 ns, Reaching safepoint: 144800 ns, At safepoint: 5800 ns, Total: 150600 ns
[2020-09-11T10:31:42.667+0000][26480][safepoint    ] Safepoint "Cleanup", Time since last: 1000386900 ns, Reaching safepoint: 127000 ns, At safepoint: 21100 ns, Total: 148100 ns
[2020-09-11T10:35:41.771+0000][26480][safepoint    ] Safepoint "Cleanup", Time since last: 239104783700 ns, Reaching safepoint: 230200 ns, At safepoint: 10100 ns, Total: 240300 ns
[2020-09-11T10:36:27.790+0000][26480][safepoint    ] Safepoint "Cleanup", Time since last: 46018569800 ns, Reaching safepoint: 101100 ns, At safepoint: 3600 ns, Total: 104700 ns
[2020-09-11T10:38:16.646+0000][26480][gc,start     ] GC(12) Pause Young (Normal) (G1 Evacuation Pause)
[2020-09-11T10:38:16.646+0000][26480][gc,task      ] GC(12) Using 8 workers of 8 for evacuation
[2020-09-11T10:38:16.646+0000][26480][gc,age       ] GC(12) Desired survivor size 37224448 bytes, new threshold 15 (max threshold 15)
[2020-09-11T10:38:16.690+0000][26480][gc,age       ] GC(12) Age table with threshold 15 (max threshold 15)
[2020-09-11T10:38:16.690+0000][26480][gc,age       ] GC(12) - age   1:      29512 bytes,      29512 total
[2020-09-11T10:38:16.690+0000][26480][gc,age       ] GC(12) - age   2:   11443584 bytes,   11473096 total
[2020-09-11T10:38:16.690+0000][26480][gc,age       ] GC(12) - age   3:     824432 bytes,   12297528 total
[2020-09-11T10:38:16.690+0000][26480][gc,age       ] GC(12) - age   4:    7506328 bytes,   19803856 total
[2020-09-11T10:38:16.691+0000][26480][gc,phases    ] GC(12)   Pre Evacuate Collection Set: 0.2ms
[2020-09-11T10:38:16.691+0000][26480][gc,phases    ] GC(12)   Merge Heap Roots: 0.2ms
[2020-09-11T10:38:16.691+0000][26480][gc,phases    ] GC(12)   Evacuate Collection Set: 40.4ms
[2020-09-11T10:38:16.691+0000][26480][gc,phases    ] GC(12)   Post Evacuate Collection Set: 3.2ms
[2020-09-11T10:38:16.691+0000][26480][gc,phases    ] GC(12)   Other: 0.5ms
[2020-09-11T10:38:16.691+0000][26480][gc,heap      ] GC(12) Eden regions: 543->0(563)
[2020-09-11T10:38:16.691+0000][26480][gc,heap      ] GC(12) Survivor regions: 21->20(71)
[2020-09-11T10:38:16.691+0000][26480][gc,heap      ] GC(12) Old regions: 51->51
[2020-09-11T10:38:16.691+0000][26480][gc,heap      ] GC(12) Archive regions: 0->0
[2020-09-11T10:38:16.691+0000][26480][gc,heap      ] GC(12) Humongous regions: 52->52
[2020-09-11T10:38:16.691+0000][26480][gc,metaspace ] GC(12) Metaspace: 76715K(82328K)->76715K(82328K) NonClass: 66412K(69784K)->66412K(69784K) Class: 10303K(12544K)->10303K(12544K)
[2020-09-11T10:38:16.691+0000][26480][gc           ] GC(12) Pause Young (Normal) (G1 Evacuation Pause) 665M->122M(1024M) 44.701ms
[2020-09-11T10:38:16.691+0000][26480][gc,cpu       ] GC(12) User=0.13s Sys=0.09s Real=0.05s
[2020-09-11T10:38:16.691+0000][26480][safepoint    ] Safepoint "G1CollectForAllocation", Time since last: 108857284600 ns, Reaching safepoint: 158500 ns, At safepoint: 44858900 ns, Total: 45017400 ns
[2020-09-11T10:39:58.734+0000][26480][safepoint    ] Safepoint "Cleanup", Time since last: 102043117900 ns, Reaching safepoint: 132100 ns, At safepoint: 4300 ns, Total: 136400 ns
[2020-09-11T10:40:07.740+0000][26480][safepoint    ] Safepoint "Cleanup", Time since last: 9005719700 ns, Reaching safepoint: 93500 ns, At safepoint: 4000 ns, Total: 97500 ns
[2020-09-11T10:40:57.763+0000][26480][safepoint    ] Safepoint "Cleanup", Time since last: 50022865900 ns, Reaching safepoint: 146900 ns, At safepoint: 4600 ns, Total: 151500 ns
[2020-09-11T10:41:57.792+0000][26480][safepoint    ] Safepoint "Cleanup", Time since last: 60028900700 ns, Reaching safepoint: 102900 ns, At safepoint: 3600 ns, Total: 106500 ns
[2020-09-11T10:42:57.819+0000][26480][safepoint    ] Safepoint "Cleanup", Time since last: 60027481500 ns, Reaching safepoint: 192600 ns, At safepoint: 7100 ns, Total: 199700 ns
[2020-09-11T10:43:53.852+0000][26480][safepoint    ] Safepoint "Cleanup", Time since last: 56032296400 ns, Reaching safepoint: 112200 ns, At safepoint: 3500 ns, Total: 115700 ns
[2020-09-11T10:44:57.884+0000][26480][safepoint    ] Safepoint "Cleanup", Time since last: 64032112700 ns, Reaching safepoint: 82300 ns, At safepoint: 3100 ns, Total: 85400 ns
[2020-09-11T10:45:07.889+0000][26480][safepoint    ] Safepoint "Cleanup", Time since last: 10004830100 ns, Reaching safepoint: 97800 ns, At safepoint: 5100 ns, Total: 102900 ns
[2020-09-11T10:48:57.002+0000][26480][safepoint    ] Safepoint "Cleanup", Time since last: 229113286600 ns, Reaching safepoint: 131500 ns, At safepoint: 17600 ns, Total: 149100 ns
[2020-09-11T10:51:27.073+0000][26480][safepoint    ] Safepoint "Cleanup", Time since last: 150071505300 ns, Reaching safepoint: 164600 ns, At safepoint: 6700 ns, Total: 171300 ns
[2020-09-11T10:51:58.092+0000][26480][safepoint    ] Safepoint "Cleanup", Time since last: 31018270300 ns, Reaching safepoint: 120100 ns, At safepoint: 5900 ns, Total: 126000 ns
[2020-09-11T10:52:03.094+0000][26480][safepoint    ] Safepoint "Cleanup", Time since last: 5001864300 ns, Reaching safepoint: 96400 ns, At safepoint: 5200 ns, Total: 101600 ns
[2020-09-11T10:52:27.105+0000][26480][safepoint    ] Safepoint "Cleanup", Time since last: 24011477200 ns, Reaching safepoint: 87100 ns, At safepoint: 13500 ns, Total: 100600 ns
[2020-09-11T10:52:29.106+0000][26480][safepoint    ] Safepoint "Cleanup", Time since last: 2000931300 ns, Reaching safepoint: 97500 ns, At safepoint: 6300 ns, Total: 103800 ns
[2020-09-11T10:52:57.119+0000][26480][safepoint    ] Safepoint "Cleanup", Time since last: 28012857400 ns, Reaching safepoint: 105200 ns, At safepoint: 5700 ns, Total: 110900 ns
[2020-09-11T10:52:59.120+0000][26480][safepoint    ] Safepoint "Cleanup", Time since last: 2000961600 ns, Reaching safepoint: 150800 ns, At safepoint: 6300 ns, Total: 157100 ns
[2020-09-11T10:53:24.133+0000][26480][safepoint    ] Safepoint "Cleanup", Time since last: 25012417300 ns, Reaching safepoint: 128600 ns, At safepoint: 5500 ns, Total: 134100 ns
[2020-09-11T10:54:30.167+0000][26480][safepoint    ] Safepoint "Cleanup", Time since last: 66033826000 ns, Reaching safepoint: 126100 ns, At safepoint: 5300 ns, Total: 131400 ns
[2020-09-11T10:55:05.184+0000][26480][safepoint    ] Safepoint "Cleanup", Time since last: 35017220800 ns, Reaching safepoint: 131500 ns, At safepoint: 6100 ns, Total: 137600 ns
[2020-09-11T10:56:57.242+0000][26480][safepoint    ] Safepoint "Cleanup", Time since last: 112057772500 ns, Reaching safepoint: 144000 ns, At safepoint: 7100 ns, Total: 151100 ns
[2020-09-11T10:57:27.259+0000][26480][safepoint    ] Safepoint "Cleanup", Time since last: 30017045700 ns, Reaching safepoint: 136800 ns, At safepoint: 6100 ns, Total: 142900 ns
[2020-09-11T11:01:57.388+0000][26480][safepoint    ] Safepoint "Cleanup", Time since last: 270128674500 ns, Reaching safepoint: 111100 ns, At safepoint: 11600 ns, Total: 122700 ns
[2020-09-11T11:02:34.404+0000][26480][safepoint    ] Safepoint "Cleanup", Time since last: 37016447500 ns, Reaching safepoint: 89700 ns, At safepoint: 4800 ns, Total: 94500 ns
[2020-09-11T11:02:44.408+0000][26480][safepoint    ] Safepoint "Cleanup", Time since last: 10004045300 ns, Reaching safepoint: 93700 ns, At safepoint: 4600 ns, Total: 98300 ns
[2020-09-11T11:04:27.460+0000][26480][safepoint    ] Safepoint "Cleanup", Time since last: 103050985700 ns, Reaching safepoint: 117100 ns, At safepoint: 6500 ns, Total: 123600 ns
[2020-09-11T11:07:28.549+0000][26480][safepoint    ] Safepoint "Cleanup", Time since last: 181088396300 ns, Reaching safepoint: 121500 ns, At safepoint: 4000 ns, Total: 125500 ns
[2020-09-11T11:07:53.560+0000][26480][safepoint    ] Safepoint "Cleanup", Time since last: 25011334500 ns, Reaching safepoint: 124800 ns, At safepoint: 6900 ns, Total: 131700 ns
[2020-09-11T11:07:57.563+0000][26480][safepoint    ] Safepoint "Cleanup", Time since last: 4002328300 ns, Reaching safepoint: 94800 ns, At safepoint: 5100 ns, Total: 99900 ns
[2020-09-11T11:12:57.698+0000][26480][safepoint    ] Safepoint "Cleanup", Time since last: 300133728500 ns, Reaching safepoint: 184100 ns, At safepoint: 6700 ns, Total: 190800 ns
[2020-09-11T11:15:57.786+0000][26480][safepoint    ] Safepoint "Cleanup", Time since last: 180087878100 ns, Reaching safepoint: 180800 ns, At safepoint: 5400 ns, Total: 186200 ns
[2020-09-11T11:16:10.794+0000][26480][safepoint    ] Safepoint "Cleanup", Time since last: 13007117200 ns, Reaching safepoint: 311900 ns, At safepoint: 21800 ns, Total: 333700 ns
[2020-09-11T11:16:57.815+0000][26480][safepoint    ] Safepoint "Cleanup", Time since last: 47020482400 ns, Reaching safepoint: 190000 ns, At safepoint: 3500 ns, Total: 193500 ns
[2020-09-11T11:17:55.112+0000][26480][gc,start     ] GC(13) Pause Young (Normal) (G1 Evacuation Pause)
[2020-09-11T11:17:55.112+0000][26480][gc,task      ] GC(13) Using 8 workers of 8 for evacuation
[2020-09-11T11:17:55.112+0000][26480][gc,age       ] GC(13) Desired survivor size 38273024 bytes, new threshold 15 (max threshold 15)
[2020-09-11T11:17:55.134+0000][26480][gc,age       ] GC(13) Age table with threshold 15 (max threshold 15)
[2020-09-11T11:17:55.135+0000][26480][gc,age       ] GC(13) - age   1:      20312 bytes,      20312 total
[2020-09-11T11:17:55.135+0000][26480][gc,age       ] GC(13) - age   2:      15656 bytes,      35968 total
[2020-09-11T11:17:55.135+0000][26480][gc,age       ] GC(13) - age   3:   10558784 bytes,   10594752 total
[2020-09-11T11:17:55.135+0000][26480][gc,age       ] GC(13) - age   4:     739552 bytes,   11334304 total
[2020-09-11T11:17:55.135+0000][26480][gc,age       ] GC(13) - age   5:    7167104 bytes,   18501408 total
[2020-09-11T11:17:55.135+0000][26480][gc,phases    ] GC(13)   Pre Evacuate Collection Set: 0.3ms
[2020-09-11T11:17:55.135+0000][26480][gc,phases    ] GC(13)   Merge Heap Roots: 0.3ms
[2020-09-11T11:17:55.135+0000][26480][gc,phases    ] GC(13)   Evacuate Collection Set: 19.3ms
[2020-09-11T11:17:55.135+0000][26480][gc,phases    ] GC(13)   Post Evacuate Collection Set: 2.5ms
[2020-09-11T11:17:55.135+0000][26480][gc,phases    ] GC(13)   Other: 0.6ms
[2020-09-11T11:17:55.135+0000][26480][gc,heap      ] GC(13) Eden regions: 563->0(580)
[2020-09-11T11:17:55.135+0000][26480][gc,heap      ] GC(13) Survivor regions: 20->19(73)
[2020-09-11T11:17:55.135+0000][26480][gc,heap      ] GC(13) Old regions: 51->51
[2020-09-11T11:17:55.135+0000][26480][gc,heap      ] GC(13) Archive regions: 0->0
[2020-09-11T11:17:55.135+0000][26480][gc,heap      ] GC(13) Humongous regions: 52->52
[2020-09-11T11:17:55.135+0000][26480][gc,metaspace ] GC(13) Metaspace: 76784K(82328K)->76784K(82328K) NonClass: 66481K(69784K)->66481K(69784K) Class: 10303K(12544K)->10303K(12544K)
[2020-09-11T11:17:55.135+0000][26480][gc           ] GC(13) Pause Young (Normal) (G1 Evacuation Pause) 685M->121M(1024M) 23.146ms
[2020-09-11T11:17:55.135+0000][26480][gc,cpu       ] GC(13) User=0.19s Sys=0.06s Real=0.02s
[2020-09-11T11:17:55.135+0000][26480][safepoint    ] Safepoint "G1CollectForAllocation", Time since last: 57296405200 ns, Reaching safepoint: 429000 ns, At safepoint: 23318900 ns, Total: 23747900 ns
[2020-09-11T11:18:27.149+0000][26480][safepoint    ] Safepoint "Cleanup", Time since last: 32013425300 ns, Reaching safepoint: 143700 ns, At safepoint: 42700 ns, Total: 186400 ns
[2020-09-11T11:18:46.157+0000][26480][safepoint    ] Safepoint "Cleanup", Time since last: 19008473300 ns, Reaching safepoint: 81700 ns, At safepoint: 4200 ns, Total: 85900 ns
[2020-09-11T11:23:27.293+0000][26480][safepoint    ] Safepoint "Cleanup", Time since last: 281134923900 ns, Reaching safepoint: 239200 ns, At safepoint: 48900 ns, Total: 288100 ns
[2020-09-11T11:26:27.383+0000][26480][safepoint    ] Safepoint "Cleanup", Time since last: 180089233700 ns, Reaching safepoint: 143400 ns, At safepoint: 28700 ns, Total: 172100 ns
[2020-09-11T11:26:57.397+0000][26480][safepoint    ] Safepoint "Cleanup", Time since last: 30013427000 ns, Reaching safepoint: 112000 ns, At safepoint: 18500 ns, Total: 130500 ns
[2020-09-11T11:28:57.447+0000][26480][safepoint    ] Safepoint "Cleanup", Time since last: 120049616300 ns, Reaching safepoint: 175100 ns, At safepoint: 23600 ns, Total: 198700 ns
[2020-09-11T11:29:29.463+0000][26480][safepoint    ] Safepoint "Cleanup", Time since last: 32016236900 ns, Reaching safepoint: 124800 ns, At safepoint: 17900 ns, Total: 142700 ns
[2020-09-11T11:30:57.502+0000][26480][safepoint    ] Safepoint "Cleanup", Time since last: 88038358800 ns, Reaching safepoint: 127400 ns, At safepoint: 17600 ns, Total: 145000 ns
[2020-09-11T11:34:27.611+0000][26480][safepoint    ] Safepoint "Cleanup", Time since last: 210108859500 ns, Reaching safepoint: 163700 ns, At safepoint: 39900 ns, Total: 203600 ns
[2020-09-11T11:38:27.724+0000][26480][safepoint    ] Safepoint "Cleanup", Time since last: 240111924300 ns, Reaching safepoint: 172900 ns, At safepoint: 7500 ns, Total: 180400 ns
[2020-09-11T11:39:58.772+0000][26480][safepoint    ] Safepoint "Cleanup", Time since last: 91047491500 ns, Reaching safepoint: 173100 ns, At safepoint: 24500 ns, Total: 197600 ns
[2020-09-11T11:42:27.845+0000][26480][safepoint    ] Safepoint "Cleanup", Time since last: 149072876300 ns, Reaching safepoint: 140000 ns, At safepoint: 32100 ns, Total: 172100 ns
[2020-09-11T11:43:20.106+0000][26480][safepoint    ] Safepoint "Cleanup", Time since last: 52261460500 ns, Reaching safepoint: 152000 ns, At safepoint: 4900 ns, Total: 156900 ns
[2020-09-11T11:43:20.578+0000][26480][safepoint    ] Safepoint "BulkRevokeBias", Time since last: 470809400 ns, Reaching safepoint: 169300 ns, At safepoint: 572500 ns, Total: 741800 ns
[2020-09-11T11:43:20.579+0000][26480][safepoint    ] Safepoint "BulkRevokeBias", Time since last: 197300 ns, Reaching safepoint: 81700 ns, At safepoint: 454600 ns, Total: 536300 ns
[2020-09-11T11:43:20.718+0000][26480][safepoint    ] Safepoint "BulkRevokeBias", Time since last: 138512900 ns, Reaching safepoint: 103700 ns, At safepoint: 467900 ns, Total: 571600 ns
[2020-09-11T11:43:20.718+0000][26480][safepoint    ] Safepoint "BulkRevokeBias", Time since last: 107900 ns, Reaching safepoint: 78100 ns, At safepoint: 406000 ns, Total: 484100 ns
[2020-09-11T11:43:20.719+0000][26480][safepoint    ] Safepoint "BulkRevokeBias", Time since last: 77200 ns, Reaching safepoint: 80200 ns, At safepoint: 353100 ns, Total: 433300 ns
[2020-09-11T11:43:20.720+0000][26480][safepoint    ] Safepoint "BulkRevokeBias", Time since last: 747100 ns, Reaching safepoint: 56900 ns, At safepoint: 428800 ns, Total: 485700 ns
[2020-09-11T11:43:20.721+0000][26480][safepoint    ] Safepoint "BulkRevokeBias", Time since last: 132300 ns, Reaching safepoint: 540000 ns, At safepoint: 440100 ns, Total: 980100 ns
[2020-09-11T11:43:20.722+0000][26480][safepoint    ] Safepoint "BulkRevokeBias", Time since last: 195100 ns, Reaching safepoint: 67400 ns, At safepoint: 410700 ns, Total: 478100 ns
[2020-09-11T11:43:20.722+0000][26480][safepoint    ] Safepoint "BulkRevokeBias", Time since last: 129600 ns, Reaching safepoint: 68400 ns, At safepoint: 347600 ns, Total: 416000 ns
[2020-09-11T11:43:21.531+0000][26480][safepoint    ] Safepoint "BulkRevokeBias", Time since last: 807584600 ns, Reaching safepoint: 145300 ns, At safepoint: 572500 ns, Total: 717800 ns
[2020-09-11T11:43:22.209+0000][26480][safepoint    ] Safepoint "BulkRevokeBias", Time since last: 676939200 ns, Reaching safepoint: 383000 ns, At safepoint: 1063800 ns, Total: 1446800 ns
[2020-09-11T11:43:22.217+0000][26480][safepoint    ] Safepoint "BulkRevokeBias", Time since last: 5637100 ns, Reaching safepoint: 247800 ns, At safepoint: 1693900 ns, Total: 1941700 ns
[2020-09-11T11:43:22.917+0000][26480][safepoint    ] Safepoint "BulkRevokeBias", Time since last: 696685700 ns, Reaching safepoint: 285200 ns, At safepoint: 2768300 ns, Total: 3053500 ns
[2020-09-11T11:43:23.115+0000][26480][safepoint    ] Safepoint "BulkRevokeBias", Time since last: 197315500 ns, Reaching safepoint: 154700 ns, At safepoint: 1072200 ns, Total: 1226900 ns
[2020-09-11T11:43:23.190+0000][26480][safepoint    ] Safepoint "BulkRevokeBias", Time since last: 73580500 ns, Reaching safepoint: 149800 ns, At safepoint: 952200 ns, Total: 1102000 ns
[2020-09-11T11:43:23.442+0000][26480][safepoint    ] Safepoint "BulkRevokeBias", Time since last: 248641000 ns, Reaching safepoint: 3029800 ns, At safepoint: 956800 ns, Total: 3986600 ns
[2020-09-11T11:43:23.687+0000][26480][safepoint    ] Safepoint "BulkRevokeBias", Time since last: 244665300 ns, Reaching safepoint: 133900 ns, At safepoint: 594900 ns, Total: 728800 ns
[2020-09-11T11:43:24.044+0000][26480][safepoint    ] Safepoint "BulkRevokeBias", Time since last: 354684000 ns, Reaching safepoint: 144700 ns, At safepoint: 893400 ns, Total: 1038100 ns
[2020-09-11T11:43:24.103+0000][26480][gc,start     ] GC(14) Pause Young (Normal) (G1 Evacuation Pause)
[2020-09-11T11:43:24.103+0000][26480][gc,task      ] GC(14) Using 8 workers of 8 for evacuation
[2020-09-11T11:43:24.103+0000][26480][gc,age       ] GC(14) Desired survivor size 39321600 bytes, new threshold 15 (max threshold 15)
[2020-09-11T11:43:24.145+0000][26480][gc,age       ] GC(14) Age table with threshold 15 (max threshold 15)
[2020-09-11T11:43:24.145+0000][26480][gc,age       ] GC(14) - age   1:    6621536 bytes,    6621536 total
[2020-09-11T11:43:24.145+0000][26480][gc,age       ] GC(14) - age   2:       8416 bytes,    6629952 total
[2020-09-11T11:43:24.145+0000][26480][gc,age       ] GC(14) - age   3:      15328 bytes,    6645280 total
[2020-09-11T11:43:24.145+0000][26480][gc,age       ] GC(14) - age   4:    7222408 bytes,   13867688 total
[2020-09-11T11:43:24.145+0000][26480][gc,age       ] GC(14) - age   5:     739000 bytes,   14606688 total
[2020-09-11T11:43:24.145+0000][26480][gc,age       ] GC(14) - age   6:    7166064 bytes,   21772752 total
[2020-09-11T11:43:24.145+0000][26480][gc,phases    ] GC(14)   Pre Evacuate Collection Set: 0.2ms
[2020-09-11T11:43:24.145+0000][26480][gc,phases    ] GC(14)   Merge Heap Roots: 0.2ms
[2020-09-11T11:43:24.145+0000][26480][gc,phases    ] GC(14)   Evacuate Collection Set: 38.9ms
[2020-09-11T11:43:24.145+0000][26480][gc,phases    ] GC(14)   Post Evacuate Collection Set: 2.4ms
[2020-09-11T11:43:24.145+0000][26480][gc,phases    ] GC(14)   Other: 1.1ms
[2020-09-11T11:43:24.146+0000][26480][gc,heap      ] GC(14) Eden regions: 580->0(507)
[2020-09-11T11:43:24.146+0000][26480][gc,heap      ] GC(14) Survivor regions: 19->23(75)
[2020-09-11T11:43:24.146+0000][26480][gc,heap      ] GC(14) Old regions: 51->51
[2020-09-11T11:43:24.146+0000][26480][gc,heap      ] GC(14) Archive regions: 0->0
[2020-09-11T11:43:24.146+0000][26480][gc,heap      ] GC(14) Humongous regions: 137->137
[2020-09-11T11:43:24.146+0000][26480][gc,metaspace ] GC(14) Metaspace: 78991K(84632K)->78991K(84632K) NonClass: 68465K(71832K)->68465K(71832K) Class: 10525K(12800K)->10525K(12800K)
[2020-09-11T11:43:24.146+0000][26480][gc           ] GC(14) Pause Young (Normal) (G1 Evacuation Pause) 786M->209M(1024M) 42.772ms
[2020-09-11T11:43:24.146+0000][26480][gc,cpu       ] GC(14) User=0.14s Sys=0.11s Real=0.04s
[2020-09-11T11:43:24.153+0000][26480][safepoint    ] Safepoint "G1CollectForAllocation", Time since last: 58626200 ns, Reaching safepoint: 357100 ns, At safepoint: 50380700 ns, Total: 50737800 ns
[2020-09-11T11:43:24.616+0000][26480][safepoint    ] Safepoint "ICBufferFull", Time since last: 462327600 ns, Reaching safepoint: 281500 ns, At safepoint: 10100 ns, Total: 291600 ns
[2020-09-11T11:43:25.150+0000][26480][gc,start     ] GC(15) Pause Young (Concurrent Start) (G1 Humongous Allocation)
[2020-09-11T11:43:25.151+0000][26480][gc,task      ] GC(15) Using 8 workers of 8 for evacuation
[2020-09-11T11:43:25.151+0000][26480][gc,age       ] GC(15) Desired survivor size 35127296 bytes, new threshold 15 (max threshold 15)
[2020-09-11T11:43:25.177+0000][26480][gc,age       ] GC(15) Age table with threshold 15 (max threshold 15)
[2020-09-11T11:43:25.177+0000][26480][gc,age       ] GC(15) - age   1:    3025232 bytes,    3025232 total
[2020-09-11T11:43:25.177+0000][26480][gc,age       ] GC(15) - age   2:    4047856 bytes,    7073088 total
[2020-09-11T11:43:25.177+0000][26480][gc,age       ] GC(15) - age   3:       8416 bytes,    7081504 total
[2020-09-11T11:43:25.177+0000][26480][gc,age       ] GC(15) - age   4:      15328 bytes,    7096832 total
[2020-09-11T11:43:25.177+0000][26480][gc,age       ] GC(15) - age   5:    7221776 bytes,   14318608 total
[2020-09-11T11:43:25.177+0000][26480][gc,age       ] GC(15) - age   6:     739000 bytes,   15057608 total
[2020-09-11T11:43:25.177+0000][26480][gc,age       ] GC(15) - age   7:    7164696 bytes,   22222304 total
[2020-09-11T11:43:25.177+0000][26480][gc,phases    ] GC(15)   Pre Evacuate Collection Set: 0.5ms
[2020-09-11T11:43:25.177+0000][26480][gc,phases    ] GC(15)   Merge Heap Roots: 0.1ms
[2020-09-11T11:43:25.177+0000][26480][gc,phases    ] GC(15)   Evacuate Collection Set: 22.4ms
[2020-09-11T11:43:25.177+0000][26480][gc,phases    ] GC(15)   Post Evacuate Collection Set: 2.8ms
[2020-09-11T11:43:25.178+0000][26480][gc,phases    ] GC(15)   Other: 1.3ms
[2020-09-11T11:43:25.178+0000][26480][gc,heap      ] GC(15) Eden regions: 82->0(507)
[2020-09-11T11:43:25.178+0000][26480][gc,heap      ] GC(15) Survivor regions: 23->24(67)
[2020-09-11T11:43:25.178+0000][26480][gc,heap      ] GC(15) Old regions: 51->51
[2020-09-11T11:43:25.178+0000][26480][gc,heap      ] GC(15) Archive regions: 0->0
[2020-09-11T11:43:25.178+0000][26480][gc,heap      ] GC(15) Humongous regions: 256->142
[2020-09-11T11:43:25.178+0000][26480][gc,metaspace ] GC(15) Metaspace: 80225K(85784K)->80225K(85784K) NonClass: 69591K(72856K)->69591K(72856K) Class: 10634K(12928K)->10634K(12928K)
[2020-09-11T11:43:25.178+0000][26480][gc           ] GC(15) Pause Young (Concurrent Start) (G1 Humongous Allocation) 409M->215M(1024M) 27.213ms
[2020-09-11T11:43:25.178+0000][26480][gc,cpu       ] GC(15) User=0.11s Sys=0.02s Real=0.03s
[2020-09-11T11:43:25.178+0000][26480][safepoint    ] Safepoint "G1TryInitiateConcMark", Time since last: 534679100 ns, Reaching safepoint: 183200 ns, At safepoint: 27863100 ns, Total: 28046300 ns
[2020-09-11T11:43:25.178+0000][26480][gc           ] GC(16) Concurrent Cycle
[2020-09-11T11:43:25.178+0000][26480][gc,marking   ] GC(16) Concurrent Clear Claimed Marks
[2020-09-11T11:43:25.179+0000][26480][gc,marking   ] GC(16) Concurrent Clear Claimed Marks 0.501ms
[2020-09-11T11:43:25.179+0000][26480][gc,marking   ] GC(16) Concurrent Scan Root Regions
[2020-09-11T11:43:25.219+0000][26480][gc,marking   ] GC(16) Concurrent Scan Root Regions 39.715ms
[2020-09-11T11:43:25.219+0000][26480][gc,marking   ] GC(16) Concurrent Mark (7010.354s)
[2020-09-11T11:43:25.219+0000][26480][gc,marking   ] GC(16) Concurrent Mark From Roots
[2020-09-11T11:43:25.219+0000][26480][gc,task      ] GC(16) Using 2 workers of 2 for marking
[2020-09-11T11:43:25.445+0000][26480][gc,marking   ] GC(16) Concurrent Mark From Roots 225.586ms
[2020-09-11T11:43:25.445+0000][26480][gc,marking   ] GC(16) Concurrent Preclean
[2020-09-11T11:43:25.446+0000][26480][gc,marking   ] GC(16) Concurrent Preclean 0.826ms
[2020-09-11T11:43:25.446+0000][26480][gc,marking   ] GC(16) Concurrent Mark (7010.354s, 7010.580s) 226.598ms
[2020-09-11T11:43:25.446+0000][26480][gc,start     ] GC(16) Pause Remark
[2020-09-11T11:43:25.551+0000][26480][gc           ] GC(16) Pause Remark 248M->248M(1024M) 104.891ms
[2020-09-11T11:43:25.551+0000][26480][gc,cpu       ] GC(16) User=0.06s Sys=0.31s Real=0.11s
[2020-09-11T11:43:25.551+0000][26480][safepoint    ] Safepoint "G1Concurrent", Time since last: 267155700 ns, Reaching safepoint: 163000 ns, At safepoint: 105091100 ns, Total: 105254100 ns
[2020-09-11T11:43:25.551+0000][26480][gc,marking   ] GC(16) Concurrent Rebuild Remembered Sets
[2020-09-11T11:43:25.605+0000][26480][gc,marking   ] GC(16) Concurrent Rebuild Remembered Sets 54.307ms
[2020-09-11T11:43:25.606+0000][26480][gc,start     ] GC(16) Pause Cleanup
[2020-09-11T11:43:25.606+0000][26480][gc           ] GC(16) Pause Cleanup 256M->256M(1024M) 0.361ms
[2020-09-11T11:43:25.606+0000][26480][gc,cpu       ] GC(16) User=0.00s Sys=0.00s Real=0.00s
[2020-09-11T11:43:25.606+0000][26480][safepoint    ] Safepoint "G1Concurrent", Time since last: 54474200 ns, Reaching safepoint: 202100 ns, At safepoint: 491300 ns, Total: 693400 ns
[2020-09-11T11:43:25.606+0000][26480][gc,marking   ] GC(16) Concurrent Cleanup for Next Mark
[2020-09-11T11:43:25.616+0000][26480][gc,marking   ] GC(16) Concurrent Cleanup for Next Mark 9.730ms
[2020-09-11T11:43:25.616+0000][26480][gc           ] GC(16) Concurrent Cycle 437.391ms
[2020-09-11T11:43:25.749+0000][26480][safepoint    ] Safepoint "BulkRevokeBias", Time since last: 141289800 ns, Reaching safepoint: 203600 ns, At safepoint: 1006600 ns, Total: 1210200 ns
[2020-09-11T11:43:26.749+0000][26480][safepoint    ] Safepoint "Cleanup", Time since last: 1000445200 ns, Reaching safepoint: 254400 ns, At safepoint: 7900 ns, Total: 262300 ns
[2020-09-11T11:43:27.009+0000][26480][safepoint    ] Safepoint "BulkRevokeBias", Time since last: 259164000 ns, Reaching safepoint: 199300 ns, At safepoint: 898400 ns, Total: 1097700 ns
[2020-09-11T11:43:27.100+0000][26480][gc,start     ] GC(17) Pause Young (Concurrent Start) (G1 Humongous Allocation)
[2020-09-11T11:43:27.100+0000][26480][gc,task      ] GC(17) Using 8 workers of 8 for evacuation
[2020-09-11T11:43:27.100+0000][26480][gc,age       ] GC(17) Desired survivor size 35127296 bytes, new threshold 15 (max threshold 15)
[2020-09-11T11:43:27.118+0000][26480][gc,age       ] GC(17) Age table with threshold 15 (max threshold 15)
[2020-09-11T11:43:27.118+0000][26480][gc,age       ] GC(17) - age   1:    2460840 bytes,    2460840 total
[2020-09-11T11:43:27.118+0000][26480][gc,age       ] GC(17) - age   2:     428056 bytes,    2888896 total
[2020-09-11T11:43:27.118+0000][26480][gc,age       ] GC(17) - age   3:    4033616 bytes,    6922512 total
[2020-09-11T11:43:27.118+0000][26480][gc,age       ] GC(17) - age   4:       8416 bytes,    6930928 total
[2020-09-11T11:43:27.118+0000][26480][gc,age       ] GC(17) - age   5:      15328 bytes,    6946256 total
[2020-09-11T11:43:27.118+0000][26480][gc,age       ] GC(17) - age   6:    7071880 bytes,   14018136 total
[2020-09-11T11:43:27.118+0000][26480][gc,age       ] GC(17) - age   7:     738424 bytes,   14756560 total
[2020-09-11T11:43:27.118+0000][26480][gc,age       ] GC(17) - age   8:    7157200 bytes,   21913760 total
[2020-09-11T11:43:27.118+0000][26480][gc,phases    ] GC(17)   Pre Evacuate Collection Set: 0.5ms
[2020-09-11T11:43:27.118+0000][26480][gc,phases    ] GC(17)   Merge Heap Roots: 0.1ms
[2020-09-11T11:43:27.118+0000][26480][gc,phases    ] GC(17)   Evacuate Collection Set: 15.1ms
[2020-09-11T11:43:27.118+0000][26480][gc,phases    ] GC(17)   Post Evacuate Collection Set: 1.7ms
[2020-09-11T11:43:27.118+0000][26480][gc,phases    ] GC(17)   Other: 0.6ms
[2020-09-11T11:43:27.118+0000][26480][gc,heap      ] GC(17) Eden regions: 80->0(516)
[2020-09-11T11:43:27.118+0000][26480][gc,heap      ] GC(17) Survivor regions: 24->23(67)
[2020-09-11T11:43:27.118+0000][26480][gc,heap      ] GC(17) Old regions: 51->51
[2020-09-11T11:43:27.118+0000][26480][gc,heap      ] GC(17) Archive regions: 0->0
[2020-09-11T11:43:27.118+0000][26480][gc,heap      ] GC(17) Humongous regions: 256->140
[2020-09-11T11:43:27.118+0000][26480][gc,metaspace ] GC(17) Metaspace: 82125K(87960K)->82125K(87960K) NonClass: 71195K(74648K)->71195K(74648K) Class: 10929K(13312K)->10929K(13312K)
[2020-09-11T11:43:27.118+0000][26480][gc           ] GC(17) Pause Young (Concurrent Start) (G1 Humongous Allocation) 409M->213M(1024M) 18.197ms
[2020-09-11T11:43:27.118+0000][26480][gc,cpu       ] GC(17) User=0.11s Sys=0.00s Real=0.02s
[2020-09-11T11:43:27.118+0000][26480][gc           ] GC(18) Concurrent Cycle
[2020-09-11T11:43:27.118+0000][26480][gc,marking   ] GC(18) Concurrent Clear Claimed Marks
[2020-09-11T11:43:27.118+0000][26480][safepoint    ] Safepoint "G1TryInitiateConcMark", Time since last: 90353000 ns, Reaching safepoint: 183800 ns, At safepoint: 18400000 ns, Total: 18583800 ns
[2020-09-11T11:43:27.119+0000][26480][gc,marking   ] GC(18) Concurrent Clear Claimed Marks 0.447ms
[2020-09-11T11:43:27.119+0000][26480][gc,marking   ] GC(18) Concurrent Scan Root Regions
[2020-09-11T11:43:27.134+0000][26480][gc,marking   ] GC(18) Concurrent Scan Root Regions 15.582ms
[2020-09-11T11:43:27.134+0000][26480][gc,marking   ] GC(18) Concurrent Mark (7012.269s)
[2020-09-11T11:43:27.134+0000][26480][gc,marking   ] GC(18) Concurrent Mark From Roots
[2020-09-11T11:43:27.134+0000][26480][gc,task      ] GC(18) Using 2 workers of 2 for marking
[2020-09-11T11:43:27.214+0000][26480][gc,marking   ] GC(18) Concurrent Mark From Roots 79.330ms
[2020-09-11T11:43:27.214+0000][26480][gc,marking   ] GC(18) Concurrent Preclean
[2020-09-11T11:43:27.215+0000][26480][gc,marking   ] GC(18) Concurrent Preclean 0.689ms
[2020-09-11T11:43:27.215+0000][26480][gc,marking   ] GC(18) Concurrent Mark (7012.269s, 7012.349s) 80.250ms
[2020-09-11T11:43:27.215+0000][26480][gc,start     ] GC(18) Pause Remark
[2020-09-11T11:43:27.218+0000][26480][gc           ] GC(18) Pause Remark 227M->227M(1024M) 3.519ms
[2020-09-11T11:43:27.218+0000][26480][gc,cpu       ] GC(18) User=0.00s Sys=0.00s Real=0.00s
[2020-09-11T11:43:27.218+0000][26480][safepoint    ] Safepoint "G1Concurrent", Time since last: 96454500 ns, Reaching safepoint: 132800 ns, At safepoint: 3660100 ns, Total: 3792900 ns
[2020-09-11T11:43:27.219+0000][26480][gc,marking   ] GC(18) Concurrent Rebuild Remembered Sets
[2020-09-11T11:43:27.269+0000][26480][gc,marking   ] GC(18) Concurrent Rebuild Remembered Sets 50.518ms
[2020-09-11T11:43:27.270+0000][26480][gc,start     ] GC(18) Pause Cleanup
[2020-09-11T11:43:27.270+0000][26480][gc           ] GC(18) Pause Cleanup 228M->228M(1024M) 0.200ms
[2020-09-11T11:43:27.270+0000][26480][gc,cpu       ] GC(18) User=0.00s Sys=0.00s Real=0.00s
[2020-09-11T11:43:27.270+0000][26480][safepoint    ] Safepoint "G1Concurrent", Time since last: 50687100 ns, Reaching safepoint: 464100 ns, At safepoint: 338700 ns, Total: 802800 ns
[2020-09-11T11:43:27.270+0000][26480][gc,marking   ] GC(18) Concurrent Cleanup for Next Mark
[2020-09-11T11:43:27.277+0000][26480][gc,marking   ] GC(18) Concurrent Cleanup for Next Mark 6.572ms
[2020-09-11T11:43:27.277+0000][26480][gc           ] GC(18) Concurrent Cycle 158.514ms
[2020-09-11T11:43:27.298+0000][26480][safepoint    ] Safepoint "BulkRevokeBias", Time since last: 26981000 ns, Reaching safepoint: 204100 ns, At safepoint: 1298800 ns, Total: 1502900 ns
[2020-09-11T11:43:27.430+0000][26480][safepoint    ] Safepoint "BulkRevokeBias", Time since last: 130153600 ns, Reaching safepoint: 138600 ns, At safepoint: 1605300 ns, Total: 1743900 ns
[2020-09-11T11:43:27.449+0000][26480][safepoint    ] Safepoint "BulkRevokeBias", Time since last: 17438000 ns, Reaching safepoint: 130700 ns, At safepoint: 1221300 ns, Total: 1352000 ns
[2020-09-11T11:43:27.569+0000][26480][safepoint    ] Safepoint "BulkRevokeBias", Time since last: 118854000 ns, Reaching safepoint: 133600 ns, At safepoint: 1212600 ns, Total: 1346200 ns
[2020-09-11T11:43:27.900+0000][26480][safepoint    ] Safepoint "BulkRevokeBias", Time since last: 328329400 ns, Reaching safepoint: 300500 ns, At safepoint: 1701500 ns, Total: 2002000 ns
[2020-09-11T11:43:28.765+0000][26480][gc,start     ] GC(19) Pause Young (Concurrent Start) (G1 Humongous Allocation)
[2020-09-11T11:43:28.765+0000][26480][gc,task      ] GC(19) Using 8 workers of 8 for evacuation
[2020-09-11T11:43:28.765+0000][26480][gc,age       ] GC(19) Desired survivor size 35651584 bytes, new threshold 15 (max threshold 15)
[2020-09-11T11:43:28.778+0000][26480][gc,age       ] GC(19) Age table with threshold 15 (max threshold 15)
[2020-09-11T11:43:28.778+0000][26480][gc,age       ] GC(19) - age   1:    2612408 bytes,    2612408 total
[2020-09-11T11:43:28.778+0000][26480][gc,age       ] GC(19) - age   2:     710608 bytes,    3323016 total
[2020-09-11T11:43:28.778+0000][26480][gc,age       ] GC(19) - age   3:     421776 bytes,    3744792 total
[2020-09-11T11:43:28.778+0000][26480][gc,age       ] GC(19) - age   4:    4022944 bytes,    7767736 total
[2020-09-11T11:43:28.778+0000][26480][gc,age       ] GC(19) - age   5:       8416 bytes,    7776152 total
[2020-09-11T11:43:28.778+0000][26480][gc,age       ] GC(19) - age   6:      15328 bytes,    7791480 total
[2020-09-11T11:43:28.778+0000][26480][gc,age       ] GC(19) - age   7:    7066456 bytes,   14857936 total
[2020-09-11T11:43:28.778+0000][26480][gc,age       ] GC(19) - age   8:     738424 bytes,   15596360 total
[2020-09-11T11:43:28.778+0000][26480][gc,age       ] GC(19) - age   9:    7156704 bytes,   22753064 total
[2020-09-11T11:43:28.778+0000][26480][gc,phases    ] GC(19)   Pre Evacuate Collection Set: 0.3ms
[2020-09-11T11:43:28.778+0000][26480][gc,phases    ] GC(19)   Merge Heap Roots: 0.1ms
[2020-09-11T11:43:28.778+0000][26480][gc,phases    ] GC(19)   Evacuate Collection Set: 10.7ms
[2020-09-11T11:43:28.778+0000][26480][gc,phases    ] GC(19)   Post Evacuate Collection Set: 1.6ms
[2020-09-11T11:43:28.778+0000][26480][gc,phases    ] GC(19)   Other: 0.6ms
[2020-09-11T11:43:28.778+0000][26480][gc,heap      ] GC(19) Eden regions: 71->0(521)
[2020-09-11T11:43:28.778+0000][26480][gc,heap      ] GC(19) Survivor regions: 23->24(68)
[2020-09-11T11:43:28.778+0000][26480][gc,heap      ] GC(19) Old regions: 51->51
[2020-09-11T11:43:28.778+0000][26480][gc,heap      ] GC(19) Archive regions: 0->0
[2020-09-11T11:43:28.778+0000][26480][gc,heap      ] GC(19) Humongous regions: 256->140
[2020-09-11T11:43:28.778+0000][26480][gc,metaspace ] GC(19) Metaspace: 82409K(88344K)->82409K(88344K) NonClass: 71440K(74904K)->71440K(74904K) Class: 10968K(13440K)->10968K(13440K)
[2020-09-11T11:43:28.778+0000][26480][gc           ] GC(19) Pause Young (Concurrent Start) (G1 Humongous Allocation) 399M->213M(1024M) 13.525ms
[2020-09-11T11:43:28.778+0000][26480][gc,cpu       ] GC(19) User=0.13s Sys=0.00s Real=0.01s
[2020-09-11T11:43:28.778+0000][26480][gc           ] GC(20) Concurrent Cycle
[2020-09-11T11:43:28.778+0000][26480][safepoint    ] Safepoint "G1TryInitiateConcMark", Time since last: 864809600 ns, Reaching safepoint: 133400 ns, At safepoint: 13707900 ns, Total: 13841300 ns
[2020-09-11T11:43:28.778+0000][26480][gc,marking   ] GC(20) Concurrent Clear Claimed Marks
[2020-09-11T11:43:28.779+0000][26480][gc,marking   ] GC(20) Concurrent Clear Claimed Marks 0.498ms
[2020-09-11T11:43:28.779+0000][26480][gc,marking   ] GC(20) Concurrent Scan Root Regions
[2020-09-11T11:43:28.793+0000][26480][gc,marking   ] GC(20) Concurrent Scan Root Regions 13.824ms
[2020-09-11T11:43:28.793+0000][26480][gc,marking   ] GC(20) Concurrent Mark (7013.928s)
[2020-09-11T11:43:28.793+0000][26480][gc,marking   ] GC(20) Concurrent Mark From Roots
[2020-09-11T11:43:28.793+0000][26480][gc,task      ] GC(20) Using 2 workers of 2 for marking
[2020-09-11T11:43:28.859+0000][26480][gc,marking   ] GC(20) Concurrent Mark From Roots 66.081ms
[2020-09-11T11:43:28.859+0000][26480][gc,marking   ] GC(20) Concurrent Preclean
[2020-09-11T11:43:28.860+0000][26480][gc,marking   ] GC(20) Concurrent Preclean 0.540ms
[2020-09-11T11:43:28.860+0000][26480][gc,marking   ] GC(20) Concurrent Mark (7013.928s, 7013.994s) 66.776ms
[2020-09-11T11:43:28.860+0000][26480][gc,start     ] GC(20) Pause Remark
[2020-09-11T11:43:28.864+0000][26480][gc           ] GC(20) Pause Remark 260M->260M(1024M) 3.882ms
[2020-09-11T11:43:28.864+0000][26480][gc,cpu       ] GC(20) User=0.00s Sys=0.00s Real=0.00s
[2020-09-11T11:43:28.864+0000][26480][safepoint    ] Safepoint "G1Concurrent", Time since last: 81337500 ns, Reaching safepoint: 144900 ns, At safepoint: 4061600 ns, Total: 4206500 ns
[2020-09-11T11:43:28.864+0000][26480][gc,marking   ] GC(20) Concurrent Rebuild Remembered Sets
[2020-09-11T11:43:28.919+0000][26480][gc,marking   ] GC(20) Concurrent Rebuild Remembered Sets 54.606ms
[2020-09-11T11:43:28.919+0000][26480][gc,start     ] GC(20) Pause Cleanup
[2020-09-11T11:43:28.920+0000][26480][gc           ] GC(20) Pause Cleanup 261M->261M(1024M) 0.345ms
[2020-09-11T11:43:28.920+0000][26480][gc,cpu       ] GC(20) User=0.00s Sys=0.00s Real=0.00s
[2020-09-11T11:43:28.920+0000][26480][safepoint    ] Safepoint "G1Concurrent", Time since last: 54786700 ns, Reaching safepoint: 457100 ns, At safepoint: 509900 ns, Total: 967000 ns
[2020-09-11T11:43:28.920+0000][26480][gc,marking   ] GC(20) Concurrent Cleanup for Next Mark
[2020-09-11T11:43:28.921+0000][26480][gc,marking   ] GC(20) Concurrent Cleanup for Next Mark 1.754ms
[2020-09-11T11:43:28.922+0000][26480][gc           ] GC(20) Concurrent Cycle 143.321ms
[2020-09-11T11:43:29.170+0000][26480][safepoint    ] Safepoint "BulkRevokeBias", Time since last: 249091600 ns, Reaching safepoint: 153300 ns, At safepoint: 1412700 ns, Total: 1566000 ns
[2020-09-11T11:43:29.201+0000][26480][gc,start     ] GC(21) Pause Young (Concurrent Start) (G1 Humongous Allocation)
[2020-09-11T11:43:29.201+0000][26480][gc,task      ] GC(21) Using 8 workers of 8 for evacuation
[2020-09-11T11:43:29.201+0000][26480][gc,age       ] GC(21) Desired survivor size 36175872 bytes, new threshold 15 (max threshold 15)
[2020-09-11T11:43:29.218+0000][26480][gc,age       ] GC(21) Age table with threshold 15 (max threshold 15)
[2020-09-11T11:43:29.218+0000][26480][gc,age       ] GC(21) - age   1:    1937496 bytes,    1937496 total
[2020-09-11T11:43:29.218+0000][26480][gc,age       ] GC(21) - age   2:     299872 bytes,    2237368 total
[2020-09-11T11:43:29.218+0000][26480][gc,age       ] GC(21) - age   3:     707744 bytes,    2945112 total
[2020-09-11T11:43:29.218+0000][26480][gc,age       ] GC(21) - age   4:     418720 bytes,    3363832 total
[2020-09-11T11:43:29.218+0000][26480][gc,age       ] GC(21) - age   5:    4022880 bytes,    7386712 total
[2020-09-11T11:43:29.218+0000][26480][gc,age       ] GC(21) - age   6:       8416 bytes,    7395128 total
[2020-09-11T11:43:29.219+0000][26480][gc,age       ] GC(21) - age   7:      15328 bytes,    7410456 total
[2020-09-11T11:43:29.219+0000][26480][gc,age       ] GC(21) - age   8:    7066456 bytes,   14476912 total
[2020-09-11T11:43:29.219+0000][26480][gc,age       ] GC(21) - age   9:     738424 bytes,   15215336 total
[2020-09-11T11:43:29.219+0000][26480][gc,age       ] GC(21) - age  10:    7156704 bytes,   22372040 total
[2020-09-11T11:43:29.219+0000][26480][gc,phases    ] GC(21)   Pre Evacuate Collection Set: 0.5ms
[2020-09-11T11:43:29.219+0000][26480][gc,phases    ] GC(21)   Merge Heap Roots: 0.1ms
[2020-09-11T11:43:29.219+0000][26480][gc,phases    ] GC(21)   Evacuate Collection Set: 14.7ms
[2020-09-11T11:43:29.219+0000][26480][gc,phases    ] GC(21)   Post Evacuate Collection Set: 2.0ms
[2020-09-11T11:43:29.219+0000][26480][gc,phases    ] GC(21)   Other: 0.8ms
[2020-09-11T11:43:29.219+0000][26480][gc,heap      ] GC(21) Eden regions: 41->0(527)
[2020-09-11T11:43:29.219+0000][26480][gc,heap      ] GC(21) Survivor regions: 24->23(69)
[2020-09-11T11:43:29.219+0000][26480][gc,heap      ] GC(21) Old regions: 51->51
[2020-09-11T11:43:29.219+0000][26480][gc,heap      ] GC(21) Archive regions: 0->0
[2020-09-11T11:43:29.219+0000][26480][gc,heap      ] GC(21) Humongous regions: 256->140
[2020-09-11T11:43:29.219+0000][26480][gc,metaspace ] GC(21) Metaspace: 82487K(88344K)->82487K(88344K) NonClass: 71519K(74904K)->71519K(74904K) Class: 10968K(13440K)->10968K(13440K)
[2020-09-11T11:43:29.219+0000][26480][gc           ] GC(21) Pause Young (Concurrent Start) (G1 Humongous Allocation) 370M->213M(1024M) 18.541ms
[2020-09-11T11:43:29.219+0000][26480][gc,cpu       ] GC(21) User=0.09s Sys=0.00s Real=0.02s
[2020-09-11T11:43:29.219+0000][26480][gc           ] GC(22) Concurrent Cycle
[2020-09-11T11:43:29.219+0000][26480][safepoint    ] Safepoint "G1TryInitiateConcMark", Time since last: 30193800 ns, Reaching safepoint: 174900 ns, At safepoint: 18765300 ns, Total: 18940200 ns
[2020-09-11T11:43:29.219+0000][26480][gc,marking   ] GC(22) Concurrent Clear Claimed Marks
[2020-09-11T11:43:29.220+0000][26480][gc,marking   ] GC(22) Concurrent Clear Claimed Marks 0.406ms
[2020-09-11T11:43:29.220+0000][26480][gc,marking   ] GC(22) Concurrent Scan Root Regions
[2020-09-11T11:43:29.237+0000][26480][gc,marking   ] GC(22) Concurrent Scan Root Regions 16.787ms
[2020-09-11T11:43:29.237+0000][26480][gc,marking   ] GC(22) Concurrent Mark (7014.372s)
[2020-09-11T11:43:29.237+0000][26480][gc,marking   ] GC(22) Concurrent Mark From Roots
[2020-09-11T11:43:29.237+0000][26480][gc,task      ] GC(22) Using 2 workers of 2 for marking
[2020-09-11T11:43:29.344+0000][26480][gc,marking   ] GC(22) Concurrent Mark From Roots 107.163ms
[2020-09-11T11:43:29.344+0000][26480][gc,marking   ] GC(22) Concurrent Preclean
[2020-09-11T11:43:29.345+0000][26480][gc,marking   ] GC(22) Concurrent Preclean 0.790ms
[2020-09-11T11:43:29.345+0000][26480][gc,marking   ] GC(22) Concurrent Mark (7014.372s, 7014.480s) 108.148ms
[2020-09-11T11:43:29.345+0000][26480][gc,start     ] GC(22) Pause Remark
[2020-09-11T11:43:29.350+0000][26480][gc           ] GC(22) Pause Remark 238M->238M(1024M) 4.763ms
[2020-09-11T11:43:29.350+0000][26480][gc,cpu       ] GC(22) User=0.00s Sys=0.00s Real=0.00s
[2020-09-11T11:43:29.350+0000][26480][safepoint    ] Safepoint "G1Concurrent", Time since last: 125592300 ns, Reaching safepoint: 144800 ns, At safepoint: 5036000 ns, Total: 5180800 ns
[2020-09-11T11:43:29.350+0000][26480][gc,marking   ] GC(22) Concurrent Rebuild Remembered Sets
[2020-09-11T11:43:29.417+0000][26480][gc,marking   ] GC(22) Concurrent Rebuild Remembered Sets 67.358ms
[2020-09-11T11:43:29.418+0000][26480][gc,start     ] GC(22) Pause Cleanup
[2020-09-11T11:43:29.418+0000][26480][gc           ] GC(22) Pause Cleanup 238M->238M(1024M) 0.294ms
[2020-09-11T11:43:29.418+0000][26480][gc,cpu       ] GC(22) User=0.00s Sys=0.00s Real=0.00s
[2020-09-11T11:43:29.418+0000][26480][safepoint    ] Safepoint "G1Concurrent", Time since last: 67567500 ns, Reaching safepoint: 171600 ns, At safepoint: 477900 ns, Total: 649500 ns
[2020-09-11T11:43:29.418+0000][26480][gc,marking   ] GC(22) Concurrent Cleanup for Next Mark
[2020-09-11T11:43:29.420+0000][26480][gc,marking   ] GC(22) Concurrent Cleanup for Next Mark 1.768ms
[2020-09-11T11:43:29.420+0000][26480][gc           ] GC(22) Concurrent Cycle 201.012ms
[2020-09-11T11:43:30.173+0000][26480][gc,start     ] GC(23) Pause Young (Concurrent Start) (G1 Humongous Allocation)
[2020-09-11T11:43:30.173+0000][26480][gc,task      ] GC(23) Using 8 workers of 8 for evacuation
[2020-09-11T11:43:30.173+0000][26480][gc,age       ] GC(23) Desired survivor size 36175872 bytes, new threshold 15 (max threshold 15)
[2020-09-11T11:43:30.191+0000][26480][gc,age       ] GC(23) Age table with threshold 15 (max threshold 15)
[2020-09-11T11:43:30.191+0000][26480][gc,age       ] GC(23) - age   1:    3364392 bytes,    3364392 total
[2020-09-11T11:43:30.191+0000][26480][gc,age       ] GC(23) - age   2:     257088 bytes,    3621480 total
[2020-09-11T11:43:30.191+0000][26480][gc,age       ] GC(23) - age   3:     298600 bytes,    3920080 total
[2020-09-11T11:43:30.191+0000][26480][gc,age       ] GC(23) - age   4:     706840 bytes,    4626920 total
[2020-09-11T11:43:30.191+0000][26480][gc,age       ] GC(23) - age   5:     418560 bytes,    5045480 total
[2020-09-11T11:43:30.191+0000][26480][gc,age       ] GC(23) - age   6:    4020336 bytes,    9065816 total
[2020-09-11T11:43:30.192+0000][26480][gc,age       ] GC(23) - age   7:       8416 bytes,    9074232 total
[2020-09-11T11:43:30.192+0000][26480][gc,age       ] GC(23) - age   8:      15328 bytes,    9089560 total
[2020-09-11T11:43:30.192+0000][26480][gc,age       ] GC(23) - age   9:    7066456 bytes,   16156016 total
[2020-09-11T11:43:30.192+0000][26480][gc,age       ] GC(23) - age  10:     738424 bytes,   16894440 total
[2020-09-11T11:43:30.192+0000][26480][gc,age       ] GC(23) - age  11:    7156704 bytes,   24051144 total
[2020-09-11T11:43:30.192+0000][26480][gc,phases    ] GC(23)   Pre Evacuate Collection Set: 0.5ms
[2020-09-11T11:43:30.192+0000][26480][gc,phases    ] GC(23)   Merge Heap Roots: 0.1ms
[2020-09-11T11:43:30.192+0000][26480][gc,phases    ] GC(23)   Evacuate Collection Set: 15.1ms
[2020-09-11T11:43:30.192+0000][26480][gc,phases    ] GC(23)   Post Evacuate Collection Set: 2.0ms
[2020-09-11T11:43:30.192+0000][26480][gc,phases    ] GC(23)   Other: 1.1ms
[2020-09-11T11:43:30.192+0000][26480][gc,heap      ] GC(23) Eden regions: 57->0(527)
[2020-09-11T11:43:30.192+0000][26480][gc,heap      ] GC(23) Survivor regions: 23->25(69)
[2020-09-11T11:43:30.192+0000][26480][gc,heap      ] GC(23) Old regions: 51->51
[2020-09-11T11:43:30.192+0000][26480][gc,heap      ] GC(23) Archive regions: 0->0
[2020-09-11T11:43:30.192+0000][26480][gc,heap      ] GC(23) Humongous regions: 256->140
[2020-09-11T11:43:30.192+0000][26480][gc,metaspace ] GC(23) Metaspace: 82575K(88600K)->82575K(88600K) NonClass: 71605K(75160K)->71605K(75160K) Class: 10969K(13440K)->10969K(13440K)
[2020-09-11T11:43:30.192+0000][26480][gc           ] GC(23) Pause Young (Concurrent Start) (G1 Humongous Allocation) 385M->214M(1024M) 19.175ms
[2020-09-11T11:43:30.192+0000][26480][gc,cpu       ] GC(23) User=0.11s Sys=0.00s Real=0.02s
[2020-09-11T11:43:30.192+0000][26480][gc           ] GC(24) Concurrent Cycle
[2020-09-11T11:43:30.192+0000][26480][safepoint    ] Safepoint "G1TryInitiateConcMark", Time since last: 753712100 ns, Reaching safepoint: 196800 ns, At safepoint: 19396900 ns, Total: 19593700 ns
[2020-09-11T11:43:30.192+0000][26480][gc,marking   ] GC(24) Concurrent Clear Claimed Marks
[2020-09-11T11:43:30.193+0000][26480][gc,marking   ] GC(24) Concurrent Clear Claimed Marks 0.546ms
[2020-09-11T11:43:30.193+0000][26480][gc,marking   ] GC(24) Concurrent Scan Root Regions
[2020-09-11T11:43:30.211+0000][26480][gc,marking   ] GC(24) Concurrent Scan Root Regions 18.446ms
[2020-09-11T11:43:30.212+0000][26480][gc,marking   ] GC(24) Concurrent Mark (7015.346s)
[2020-09-11T11:43:30.212+0000][26480][gc,marking   ] GC(24) Concurrent Mark From Roots
[2020-09-11T11:43:30.212+0000][26480][gc,task      ] GC(24) Using 2 workers of 2 for marking
[2020-09-11T11:43:30.308+0000][26480][gc,marking   ] GC(24) Concurrent Mark From Roots 96.669ms
[2020-09-11T11:43:30.308+0000][26480][gc,marking   ] GC(24) Concurrent Preclean
[2020-09-11T11:43:30.309+0000][26480][gc,marking   ] GC(24) Concurrent Preclean 0.600ms
[2020-09-11T11:43:30.309+0000][26480][gc,marking   ] GC(24) Concurrent Mark (7015.346s, 7015.443s) 97.431ms
[2020-09-11T11:43:30.309+0000][26480][gc,start     ] GC(24) Pause Remark
[2020-09-11T11:43:30.314+0000][26480][gc           ] GC(24) Pause Remark 275M->275M(1024M) 4.322ms
[2020-09-11T11:43:30.314+0000][26480][gc,cpu       ] GC(24) User=0.00s Sys=0.00s Real=0.00s
[2020-09-11T11:43:30.314+0000][26480][safepoint    ] Safepoint "G1Concurrent", Time since last: 116727900 ns, Reaching safepoint: 163000 ns, At safepoint: 4541200 ns, Total: 4704200 ns
[2020-09-11T11:43:30.314+0000][26480][gc,marking   ] GC(24) Concurrent Rebuild Remembered Sets
[2020-09-11T11:43:30.369+0000][26480][gc,marking   ] GC(24) Concurrent Rebuild Remembered Sets 54.854ms
[2020-09-11T11:43:30.369+0000][26480][gc,start     ] GC(24) Pause Cleanup
[2020-09-11T11:43:30.369+0000][26480][gc           ] GC(24) Pause Cleanup 275M->275M(1024M) 0.277ms
[2020-09-11T11:43:30.369+0000][26480][gc,cpu       ] GC(24) User=0.00s Sys=0.00s Real=0.00s
[2020-09-11T11:43:30.369+0000][26480][safepoint    ] Safepoint "G1Concurrent", Time since last: 55026000 ns, Reaching safepoint: 151400 ns, At safepoint: 423200 ns, Total: 574600 ns
[2020-09-11T11:43:30.369+0000][26480][gc,marking   ] GC(24) Concurrent Cleanup for Next Mark
[2020-09-11T11:43:30.371+0000][26480][gc,marking   ] GC(24) Concurrent Cleanup for Next Mark 1.730ms
[2020-09-11T11:43:30.371+0000][26480][gc           ] GC(24) Concurrent Cycle 178.949ms
[2020-09-11T11:43:30.437+0000][26480][safepoint    ] Safepoint "BulkRevokeBias", Time since last: 65633800 ns, Reaching safepoint: 150800 ns, At safepoint: 1698400 ns, Total: 1849200 ns
[2020-09-11T11:43:30.685+0000][26480][gc,start     ] GC(25) Pause Young (Concurrent Start) (G1 Humongous Allocation)
[2020-09-11T11:43:30.686+0000][26480][gc,task      ] GC(25) Using 8 workers of 8 for evacuation
[2020-09-11T11:43:30.686+0000][26480][gc,age       ] GC(25) Desired survivor size 36175872 bytes, new threshold 15 (max threshold 15)
[2020-09-11T11:43:30.703+0000][26480][gc,age       ] GC(25) Age table with threshold 15 (max threshold 15)
[2020-09-11T11:43:30.703+0000][26480][gc,age       ] GC(25) - age   1:    2717040 bytes,    2717040 total
[2020-09-11T11:43:30.703+0000][26480][gc,age       ] GC(25) - age   2:     301376 bytes,    3018416 total
[2020-09-11T11:43:30.703+0000][26480][gc,age       ] GC(25) - age   3:     256720 bytes,    3275136 total
[2020-09-11T11:43:30.703+0000][26480][gc,age       ] GC(25) - age   4:     297880 bytes,    3573016 total
[2020-09-11T11:43:30.703+0000][26480][gc,age       ] GC(25) - age   5:     704352 bytes,    4277368 total
[2020-09-11T11:43:30.703+0000][26480][gc,age       ] GC(25) - age   6:     417736 bytes,    4695104 total
[2020-09-11T11:43:30.703+0000][26480][gc,age       ] GC(25) - age   7:    4019760 bytes,    8714864 total
[2020-09-11T11:43:30.703+0000][26480][gc,age       ] GC(25) - age   8:       8416 bytes,    8723280 total
[2020-09-11T11:43:30.703+0000][26480][gc,age       ] GC(25) - age   9:      15328 bytes,    8738608 total
[2020-09-11T11:43:30.703+0000][26480][gc,age       ] GC(25) - age  10:    7066456 bytes,   15805064 total
[2020-09-11T11:43:30.703+0000][26480][gc,age       ] GC(25) - age  11:     738424 bytes,   16543488 total
[2020-09-11T11:43:30.703+0000][26480][gc,age       ] GC(25) - age  12:    7156704 bytes,   23700192 total
[2020-09-11T11:43:30.703+0000][26480][gc,phases    ] GC(25)   Pre Evacuate Collection Set: 0.4ms
[2020-09-11T11:43:30.703+0000][26480][gc,phases    ] GC(25)   Merge Heap Roots: 0.1ms
[2020-09-11T11:43:30.703+0000][26480][gc,phases    ] GC(25)   Evacuate Collection Set: 14.9ms
[2020-09-11T11:43:30.703+0000][26480][gc,phases    ] GC(25)   Post Evacuate Collection Set: 1.6ms
[2020-09-11T11:43:30.703+0000][26480][gc,phases    ] GC(25)   Other: 0.7ms
[2020-09-11T11:43:30.703+0000][26480][gc,heap      ] GC(25) Eden regions: 41->0(529)
[2020-09-11T11:43:30.703+0000][26480][gc,heap      ] GC(25) Survivor regions: 25->24(69)
[2020-09-11T11:43:30.703+0000][26480][gc,heap      ] GC(25) Old regions: 51->51
[2020-09-11T11:43:30.703+0000][26480][gc,heap      ] GC(25) Archive regions: 0->0
[2020-09-11T11:43:30.703+0000][26480][gc,heap      ] GC(25) Humongous regions: 256->140
[2020-09-11T11:43:30.703+0000][26480][gc,metaspace ] GC(25) Metaspace: 82615K(88600K)->82615K(88600K) NonClass: 71645K(75160K)->71645K(75160K) Class: 10969K(13440K)->10969K(13440K)
[2020-09-11T11:43:30.703+0000][26480][gc           ] GC(25) Pause Young (Concurrent Start) (G1 Humongous Allocation) 371M->213M(1024M) 18.022ms
[2020-09-11T11:43:30.704+0000][26480][gc,cpu       ] GC(25) User=0.13s Sys=0.00s Real=0.02s
[2020-09-11T11:43:30.704+0000][26480][gc           ] GC(26) Concurrent Cycle
[2020-09-11T11:43:30.704+0000][26480][safepoint    ] Safepoint "G1TryInitiateConcMark", Time since last: 248313100 ns, Reaching safepoint: 244200 ns, At safepoint: 18244300 ns, Total: 18488500 ns
[2020-09-11T11:43:30.704+0000][26480][gc,marking   ] GC(26) Concurrent Clear Claimed Marks
[2020-09-11T11:43:30.704+0000][26480][gc,marking   ] GC(26) Concurrent Clear Claimed Marks 0.419ms
[2020-09-11T11:43:30.704+0000][26480][gc,marking   ] GC(26) Concurrent Scan Root Regions
[2020-09-11T11:43:30.721+0000][26480][gc,marking   ] GC(26) Concurrent Scan Root Regions 16.430ms
[2020-09-11T11:43:30.721+0000][26480][gc,marking   ] GC(26) Concurrent Mark (7015.855s)
[2020-09-11T11:43:30.721+0000][26480][gc,marking   ] GC(26) Concurrent Mark From Roots
[2020-09-11T11:43:30.721+0000][26480][gc,task      ] GC(26) Using 2 workers of 2 for marking
[2020-09-11T11:43:30.823+0000][26480][gc,marking   ] GC(26) Concurrent Mark From Roots 102.296ms
[2020-09-11T11:43:30.823+0000][26480][gc,marking   ] GC(26) Concurrent Preclean
[2020-09-11T11:43:30.824+0000][26480][gc,marking   ] GC(26) Concurrent Preclean 0.596ms
[2020-09-11T11:43:30.824+0000][26480][gc,marking   ] GC(26) Concurrent Mark (7015.855s, 7015.958s) 103.021ms
[2020-09-11T11:43:30.824+0000][26480][gc,start     ] GC(26) Pause Remark
[2020-09-11T11:43:30.828+0000][26480][gc           ] GC(26) Pause Remark 253M->253M(1024M) 4.364ms
[2020-09-11T11:43:30.828+0000][26480][gc,cpu       ] GC(26) User=0.00s Sys=0.00s Real=0.00s
[2020-09-11T11:43:30.828+0000][26480][safepoint    ] Safepoint "G1Concurrent", Time since last: 120101000 ns, Reaching safepoint: 148500 ns, At safepoint: 4575000 ns, Total: 4723500 ns
[2020-09-11T11:43:30.829+0000][26480][gc,marking   ] GC(26) Concurrent Rebuild Remembered Sets
[2020-09-11T11:43:30.887+0000][26480][gc,marking   ] GC(26) Concurrent Rebuild Remembered Sets 58.711ms
[2020-09-11T11:43:30.888+0000][26480][gc,start     ] GC(26) Pause Cleanup
[2020-09-11T11:43:30.888+0000][26480][gc           ] GC(26) Pause Cleanup 255M->255M(1024M) 0.324ms
[2020-09-11T11:43:30.888+0000][26480][gc,cpu       ] GC(26) User=0.00s Sys=0.00s Real=0.00s
[2020-09-11T11:43:30.888+0000][26480][safepoint    ] Safepoint "G1Concurrent", Time since last: 58926800 ns, Reaching safepoint: 163200 ns, At safepoint: 505400 ns, Total: 668600 ns
[2020-09-11T11:43:30.888+0000][26480][gc,marking   ] GC(26) Concurrent Cleanup for Next Mark
[2020-09-11T11:43:30.890+0000][26480][gc,marking   ] GC(26) Concurrent Cleanup for Next Mark 1.766ms
[2020-09-11T11:43:30.890+0000][26480][gc           ] GC(26) Concurrent Cycle 186.471ms
[2020-09-11T11:43:31.140+0000][26480][gc,start     ] GC(27) Pause Young (Concurrent Start) (G1 Humongous Allocation)
[2020-09-11T11:43:31.140+0000][26480][gc,task      ] GC(27) Using 8 workers of 8 for evacuation
[2020-09-11T11:43:31.140+0000][26480][gc,age       ] GC(27) Desired survivor size 36700160 bytes, new threshold 15 (max threshold 15)
[2020-09-11T11:43:31.158+0000][26480][gc,age       ] GC(27) Age table with threshold 15 (max threshold 15)
[2020-09-11T11:43:31.159+0000][26480][gc,age       ] GC(27) - age   1:    1951680 bytes,    1951680 total
[2020-09-11T11:43:31.159+0000][26480][gc,age       ] GC(27) - age   2:     236592 bytes,    2188272 total
[2020-09-11T11:43:31.159+0000][26480][gc,age       ] GC(27) - age   3:     299968 bytes,    2488240 total
[2020-09-11T11:43:31.159+0000][26480][gc,age       ] GC(27) - age   4:     256072 bytes,    2744312 total
[2020-09-11T11:43:31.159+0000][26480][gc,age       ] GC(27) - age   5:     297608 bytes,    3041920 total
[2020-09-11T11:43:31.159+0000][26480][gc,age       ] GC(27) - age   6:     704256 bytes,    3746176 total
[2020-09-11T11:43:31.159+0000][26480][gc,age       ] GC(27) - age   7:     416920 bytes,    4163096 total
[2020-09-11T11:43:31.159+0000][26480][gc,age       ] GC(27) - age   8:    4019696 bytes,    8182792 total
[2020-09-11T11:43:31.159+0000][26480][gc,age       ] GC(27) - age   9:       8416 bytes,    8191208 total
[2020-09-11T11:43:31.159+0000][26480][gc,age       ] GC(27) - age  10:      15328 bytes,    8206536 total
[2020-09-11T11:43:31.159+0000][26480][gc,age       ] GC(27) - age  11:    7066456 bytes,   15272992 total
[2020-09-11T11:43:31.159+0000][26480][gc,age       ] GC(27) - age  12:     738424 bytes,   16011416 total
[2020-09-11T11:43:31.159+0000][26480][gc,age       ] GC(27) - age  13:    7156704 bytes,   23168120 total
[2020-09-11T11:43:31.159+0000][26480][gc,phases    ] GC(27)   Pre Evacuate Collection Set: 0.5ms
[2020-09-11T11:43:31.159+0000][26480][gc,phases    ] GC(27)   Merge Heap Roots: 0.1ms
[2020-09-11T11:43:31.159+0000][26480][gc,phases    ] GC(27)   Evacuate Collection Set: 15.7ms
[2020-09-11T11:43:31.159+0000][26480][gc,phases    ] GC(27)   Post Evacuate Collection Set: 1.7ms
[2020-09-11T11:43:31.159+0000][26480][gc,phases    ] GC(27)   Other: 1.2ms
[2020-09-11T11:43:31.159+0000][26480][gc,heap      ] GC(27) Eden regions: 41->0(529)
[2020-09-11T11:43:31.159+0000][26480][gc,heap      ] GC(27) Survivor regions: 24->24(70)
[2020-09-11T11:43:31.159+0000][26480][gc,heap      ] GC(27) Old regions: 51->51
[2020-09-11T11:43:31.159+0000][26480][gc,heap      ] GC(27) Archive regions: 0->0
[2020-09-11T11:43:31.159+0000][26480][gc,heap      ] GC(27) Humongous regions: 256->140
[2020-09-11T11:43:31.160+0000][26480][gc,metaspace ] GC(27) Metaspace: 82652K(88600K)->82652K(88600K) NonClass: 71682K(75160K)->71682K(75160K) Class: 10969K(13440K)->10969K(13440K)
[2020-09-11T11:43:31.160+0000][26480][gc           ] GC(27) Pause Young (Concurrent Start) (G1 Humongous Allocation) 370M->214M(1024M) 19.601ms
[2020-09-11T11:43:31.160+0000][26480][gc,cpu       ] GC(27) User=0.11s Sys=0.00s Real=0.02s
[2020-09-11T11:43:31.160+0000][26480][gc           ] GC(28) Concurrent Cycle
[2020-09-11T11:43:31.160+0000][26480][safepoint    ] Safepoint "G1TryInitiateConcMark", Time since last: 251518900 ns, Reaching safepoint: 199700 ns, At safepoint: 19950500 ns, Total: 20150200 ns
[2020-09-11T11:43:31.160+0000][26480][gc,marking   ] GC(28) Concurrent Clear Claimed Marks
[2020-09-11T11:43:31.161+0000][26480][gc,marking   ] GC(28) Concurrent Clear Claimed Marks 0.720ms
[2020-09-11T11:43:31.161+0000][26480][gc,marking   ] GC(28) Concurrent Scan Root Regions
[2020-09-11T11:43:31.177+0000][26480][gc,marking   ] GC(28) Concurrent Scan Root Regions 16.633ms
[2020-09-11T11:43:31.177+0000][26480][gc,marking   ] GC(28) Concurrent Mark (7016.312s)
[2020-09-11T11:43:31.177+0000][26480][gc,marking   ] GC(28) Concurrent Mark From Roots
[2020-09-11T11:43:31.177+0000][26480][gc,task      ] GC(28) Using 2 workers of 2 for marking
[2020-09-11T11:43:31.268+0000][26480][gc,marking   ] GC(28) Concurrent Mark From Roots 90.940ms
[2020-09-11T11:43:31.268+0000][26480][gc,marking   ] GC(28) Concurrent Preclean
[2020-09-11T11:43:31.269+0000][26480][gc,marking   ] GC(28) Concurrent Preclean 0.451ms
[2020-09-11T11:43:31.269+0000][26480][gc,marking   ] GC(28) Concurrent Mark (7016.312s, 7016.403s) 91.547ms
[2020-09-11T11:43:31.269+0000][26480][gc,start     ] GC(28) Pause Remark
[2020-09-11T11:43:31.273+0000][26480][gc           ] GC(28) Pause Remark 232M->232M(1024M) 3.828ms
[2020-09-11T11:43:31.273+0000][26480][gc,cpu       ] GC(28) User=0.00s Sys=0.00s Real=0.00s
[2020-09-11T11:43:31.273+0000][26480][safepoint    ] Safepoint "G1Concurrent", Time since last: 109222200 ns, Reaching safepoint: 116300 ns, At safepoint: 3984500 ns, Total: 4100800 ns
[2020-09-11T11:43:31.273+0000][26480][gc,marking   ] GC(28) Concurrent Rebuild Remembered Sets
[2020-09-11T11:43:31.336+0000][26480][gc,marking   ] GC(28) Concurrent Rebuild Remembered Sets 62.532ms
[2020-09-11T11:43:31.336+0000][26480][gc,start     ] GC(28) Pause Cleanup
[2020-09-11T11:43:31.336+0000][26480][gc           ] GC(28) Pause Cleanup 234M->234M(1024M) 0.262ms
[2020-09-11T11:43:31.336+0000][26480][gc,cpu       ] GC(28) User=0.00s Sys=0.00s Real=0.00s
[2020-09-11T11:43:31.336+0000][26480][safepoint    ] Safepoint "G1Concurrent", Time since last: 62693700 ns, Reaching safepoint: 142400 ns, At safepoint: 435500 ns, Total: 577900 ns
[2020-09-11T11:43:31.336+0000][26480][gc,marking   ] GC(28) Concurrent Cleanup for Next Mark
[2020-09-11T11:43:31.338+0000][26480][gc,marking   ] GC(28) Concurrent Cleanup for Next Mark 1.588ms
[2020-09-11T11:43:31.338+0000][26480][gc           ] GC(28) Concurrent Cycle 178.387ms
[2020-09-11T11:43:31.575+0000][26480][safepoint    ] Safepoint "BulkRevokeBias", Time since last: 237131400 ns, Reaching safepoint: 172300 ns, At safepoint: 1388500 ns, Total: 1560800 ns
[2020-09-11T11:43:31.803+0000][26480][gc,start     ] GC(29) Pause Young (Concurrent Start) (G1 Humongous Allocation)
[2020-09-11T11:43:31.803+0000][26480][gc,task      ] GC(29) Using 8 workers of 8 for evacuation
[2020-09-11T11:43:31.803+0000][26480][gc,age       ] GC(29) Desired survivor size 36700160 bytes, new threshold 15 (max threshold 15)
[2020-09-11T11:43:31.821+0000][26480][gc,age       ] GC(29) Age table with threshold 15 (max threshold 15)
[2020-09-11T11:43:31.822+0000][26480][gc,age       ] GC(29) - age   1:    2824096 bytes,    2824096 total
[2020-09-11T11:43:31.822+0000][26480][gc,age       ] GC(29) - age   2:     211832 bytes,    3035928 total
[2020-09-11T11:43:31.822+0000][26480][gc,age       ] GC(29) - age   3:     236024 bytes,    3271952 total
[2020-09-11T11:43:31.822+0000][26480][gc,age       ] GC(29) - age   4:     294688 bytes,    3566640 total
[2020-09-11T11:43:31.822+0000][26480][gc,age       ] GC(29) - age   5:     255832 bytes,    3822472 total
[2020-09-11T11:43:31.822+0000][26480][gc,age       ] GC(29) - age   6:     297544 bytes,    4120016 total
[2020-09-11T11:43:31.822+0000][26480][gc,age       ] GC(29) - age   7:     703944 bytes,    4823960 total
[2020-09-11T11:43:31.822+0000][26480][gc,age       ] GC(29) - age   8:     416856 bytes,    5240816 total
[2020-09-11T11:43:31.822+0000][26480][gc,age       ] GC(29) - age   9:    4019616 bytes,    9260432 total
[2020-09-11T11:43:31.822+0000][26480][gc,age       ] GC(29) - age  10:       8416 bytes,    9268848 total
[2020-09-11T11:43:31.822+0000][26480][gc,age       ] GC(29) - age  11:      15328 bytes,    9284176 total
[2020-09-11T11:43:31.822+0000][26480][gc,age       ] GC(29) - age  12:    7066456 bytes,   16350632 total
[2020-09-11T11:43:31.822+0000][26480][gc,age       ] GC(29) - age  13:     738424 bytes,   17089056 total
[2020-09-11T11:43:31.822+0000][26480][gc,age       ] GC(29) - age  14:    7156704 bytes,   24245760 total
[2020-09-11T11:43:31.822+0000][26480][gc,phases    ] GC(29)   Pre Evacuate Collection Set: 0.6ms
[2020-09-11T11:43:31.822+0000][26480][gc,phases    ] GC(29)   Merge Heap Roots: 0.1ms
[2020-09-11T11:43:31.822+0000][26480][gc,phases    ] GC(29)   Evacuate Collection Set: 15.6ms
[2020-09-11T11:43:31.822+0000][26480][gc,phases    ] GC(29)   Post Evacuate Collection Set: 1.9ms
[2020-09-11T11:43:31.822+0000][26480][gc,phases    ] GC(29)   Other: 1.1ms
[2020-09-11T11:43:31.822+0000][26480][gc,heap      ] GC(29) Eden regions: 57->0(527)
[2020-09-11T11:43:31.822+0000][26480][gc,heap      ] GC(29) Survivor regions: 24->25(70)
[2020-09-11T11:43:31.822+0000][26480][gc,heap      ] GC(29) Old regions: 51->51
[2020-09-11T11:43:31.822+0000][26480][gc,heap      ] GC(29) Archive regions: 0->0
[2020-09-11T11:43:31.822+0000][26480][gc,heap      ] GC(29) Humongous regions: 256->140
[2020-09-11T11:43:31.822+0000][26480][gc,metaspace ] GC(29) Metaspace: 82709K(88856K)->82709K(88856K) NonClass: 71739K(75416K)->71739K(75416K) Class: 10969K(13440K)->10969K(13440K)
[2020-09-11T11:43:31.823+0000][26480][gc           ] GC(29) Pause Young (Concurrent Start) (G1 Humongous Allocation) 387M->215M(1024M) 19.549ms
[2020-09-11T11:43:31.823+0000][26480][gc,cpu       ] GC(29) User=0.13s Sys=0.00s Real=0.02s
[2020-09-11T11:43:31.823+0000][26480][gc           ] GC(30) Concurrent Cycle
[2020-09-11T11:43:31.823+0000][26480][safepoint    ] Safepoint "G1TryInitiateConcMark", Time since last: 227664900 ns, Reaching safepoint: 197600 ns, At safepoint: 19883800 ns, Total: 20081400 ns
[2020-09-11T11:43:31.823+0000][26480][gc,marking   ] GC(30) Concurrent Clear Claimed Marks
[2020-09-11T11:43:31.823+0000][26480][gc,marking   ] GC(30) Concurrent Clear Claimed Marks 0.452ms
[2020-09-11T11:43:31.823+0000][26480][gc,marking   ] GC(30) Concurrent Scan Root Regions
[2020-09-11T11:43:31.842+0000][26480][gc,marking   ] GC(30) Concurrent Scan Root Regions 18.892ms
[2020-09-11T11:43:31.842+0000][26480][gc,marking   ] GC(30) Concurrent Mark (7016.977s)
[2020-09-11T11:43:31.842+0000][26480][gc,marking   ] GC(30) Concurrent Mark From Roots
[2020-09-11T11:43:31.842+0000][26480][gc,task      ] GC(30) Using 2 workers of 2 for marking
[2020-09-11T11:43:31.946+0000][26480][gc,marking   ] GC(30) Concurrent Mark From Roots 103.081ms
[2020-09-11T11:43:31.946+0000][26480][gc,marking   ] GC(30) Concurrent Preclean
[2020-09-11T11:43:31.946+0000][26480][gc,marking   ] GC(30) Concurrent Preclean 0.703ms
[2020-09-11T11:43:31.946+0000][26480][gc,marking   ] GC(30) Concurrent Mark (7016.977s, 7017.081s) 104.008ms
[2020-09-11T11:43:31.947+0000][26480][gc,start     ] GC(30) Pause Remark
[2020-09-11T11:43:31.952+0000][26480][gc           ] GC(30) Pause Remark 266M->266M(1024M) 4.874ms
[2020-09-11T11:43:31.952+0000][26480][gc,cpu       ] GC(30) User=0.03s Sys=0.00s Real=0.00s
[2020-09-11T11:43:31.952+0000][26480][safepoint    ] Safepoint "G1Concurrent", Time since last: 123680700 ns, Reaching safepoint: 187900 ns, At safepoint: 5148300 ns, Total: 5336200 ns
[2020-09-11T11:43:31.952+0000][26480][gc,marking   ] GC(30) Concurrent Rebuild Remembered Sets
[2020-09-11T11:43:32.018+0000][26480][gc,marking   ] GC(30) Concurrent Rebuild Remembered Sets 66.189ms
[2020-09-11T11:43:32.018+0000][26480][gc,start     ] GC(30) Pause Cleanup
[2020-09-11T11:43:32.019+0000][26480][gc           ] GC(30) Pause Cleanup 266M->266M(1024M) 0.329ms
[2020-09-11T11:43:32.019+0000][26480][gc,cpu       ] GC(30) User=0.00s Sys=0.00s Real=0.00s
[2020-09-11T11:43:32.019+0000][26480][safepoint    ] Safepoint "G1Concurrent", Time since last: 66419300 ns, Reaching safepoint: 127000 ns, At safepoint: 502300 ns, Total: 629300 ns
[2020-09-11T11:43:32.019+0000][26480][gc,marking   ] GC(30) Concurrent Cleanup for Next Mark
[2020-09-11T11:43:32.021+0000][26480][gc,marking   ] GC(30) Concurrent Cleanup for Next Mark 1.605ms
[2020-09-11T11:43:32.021+0000][26480][gc           ] GC(30) Concurrent Cycle 197.969ms
[2020-09-11T11:43:32.272+0000][26480][gc,start     ] GC(31) Pause Young (Concurrent Start) (G1 Humongous Allocation)
[2020-09-11T11:43:32.272+0000][26480][gc,task      ] GC(31) Using 8 workers of 8 for evacuation
[2020-09-11T11:43:32.272+0000][26480][gc,age       ] GC(31) Desired survivor size 36175872 bytes, new threshold 15 (max threshold 15)
[2020-09-11T11:43:32.290+0000][26480][gc,age       ] GC(31) Age table with threshold 15 (max threshold 15)
[2020-09-11T11:43:32.290+0000][26480][gc,age       ] GC(31) - age   1:    2012216 bytes,    2012216 total
[2020-09-11T11:43:32.290+0000][26480][gc,age       ] GC(31) - age   2:     416096 bytes,    2428312 total
[2020-09-11T11:43:32.290+0000][26480][gc,age       ] GC(31) - age   3:     210264 bytes,    2638576 total
[2020-09-11T11:43:32.290+0000][26480][gc,age       ] GC(31) - age   4:     235624 bytes,    2874200 total
[2020-09-11T11:43:32.290+0000][26480][gc,age       ] GC(31) - age   5:     294288 bytes,    3168488 total
[2020-09-11T11:43:32.290+0000][26480][gc,age       ] GC(31) - age   6:     255832 bytes,    3424320 total
[2020-09-11T11:43:32.290+0000][26480][gc,age       ] GC(31) - age   7:     297288 bytes,    3721608 total
[2020-09-11T11:43:32.290+0000][26480][gc,age       ] GC(31) - age   8:     703688 bytes,    4425296 total
[2020-09-11T11:43:32.290+0000][26480][gc,age       ] GC(31) - age   9:     416824 bytes,    4842120 total
[2020-09-11T11:43:32.290+0000][26480][gc,age       ] GC(31) - age  10:    4019584 bytes,    8861704 total
[2020-09-11T11:43:32.290+0000][26480][gc,age       ] GC(31) - age  11:       8416 bytes,    8870120 total
[2020-09-11T11:43:32.290+0000][26480][gc,age       ] GC(31) - age  12:      15328 bytes,    8885448 total
[2020-09-11T11:43:32.290+0000][26480][gc,age       ] GC(31) - age  13:    7066456 bytes,   15951904 total
[2020-09-11T11:43:32.290+0000][26480][gc,age       ] GC(31) - age  14:     738424 bytes,   16690328 total
[2020-09-11T11:43:32.290+0000][26480][gc,age       ] GC(31) - age  15:    7156704 bytes,   23847032 total
[2020-09-11T11:43:32.290+0000][26480][gc,phases    ] GC(31)   Pre Evacuate Collection Set: 0.4ms
[2020-09-11T11:43:32.290+0000][26480][gc,phases    ] GC(31)   Merge Heap Roots: 0.1ms
[2020-09-11T11:43:32.290+0000][26480][gc,phases    ] GC(31)   Evacuate Collection Set: 15.1ms
[2020-09-11T11:43:32.290+0000][26480][gc,phases    ] GC(31)   Post Evacuate Collection Set: 2.0ms
[2020-09-11T11:43:32.290+0000][26480][gc,phases    ] GC(31)   Other: 1.1ms
[2020-09-11T11:43:32.290+0000][26480][gc,heap      ] GC(31) Eden regions: 41->0(527)
[2020-09-11T11:43:32.290+0000][26480][gc,heap      ] GC(31) Survivor regions: 25->25(69)
[2020-09-11T11:43:32.291+0000][26480][gc,heap      ] GC(31) Old regions: 51->51
[2020-09-11T11:43:32.291+0000][26480][gc,heap      ] GC(31) Archive regions: 0->0
[2020-09-11T11:43:32.291+0000][26480][gc,heap      ] GC(31) Humongous regions: 256->140
[2020-09-11T11:43:32.291+0000][26480][gc,metaspace ] GC(31) Metaspace: 82759K(88856K)->82759K(88856K) NonClass: 71789K(75416K)->71789K(75416K) Class: 10969K(13440K)->10969K(13440K)
[2020-09-11T11:43:32.291+0000][26480][gc           ] GC(31) Pause Young (Concurrent Start) (G1 Humongous Allocation) 371M->214M(1024M) 19.082ms
[2020-09-11T11:43:32.291+0000][26480][gc,cpu       ] GC(31) User=0.13s Sys=0.00s Real=0.02s
[2020-09-11T11:43:32.291+0000][26480][gc           ] GC(32) Concurrent Cycle
[2020-09-11T11:43:32.291+0000][26480][safepoint    ] Safepoint "G1TryInitiateConcMark", Time since last: 252494600 ns, Reaching safepoint: 192700 ns, At safepoint: 19302200 ns, Total: 19494900 ns
[2020-09-11T11:43:32.291+0000][26480][gc,marking   ] GC(32) Concurrent Clear Claimed Marks
[2020-09-11T11:43:32.291+0000][26480][gc,marking   ] GC(32) Concurrent Clear Claimed Marks 0.460ms
[2020-09-11T11:43:32.291+0000][26480][gc,marking   ] GC(32) Concurrent Scan Root Regions
[2020-09-11T11:43:32.309+0000][26480][gc,marking   ] GC(32) Concurrent Scan Root Regions 17.853ms
[2020-09-11T11:43:32.309+0000][26480][gc,marking   ] GC(32) Concurrent Mark (7017.444s)
[2020-09-11T11:43:32.309+0000][26480][gc,marking   ] GC(32) Concurrent Mark From Roots
[2020-09-11T11:43:32.309+0000][26480][gc,task      ] GC(32) Using 2 workers of 2 for marking
[2020-09-11T11:43:32.418+0000][26480][gc,marking   ] GC(32) Concurrent Mark From Roots 108.826ms
[2020-09-11T11:43:32.418+0000][26480][gc,marking   ] GC(32) Concurrent Preclean
[2020-09-11T11:43:32.419+0000][26480][gc,marking   ] GC(32) Concurrent Preclean 0.602ms
[2020-09-11T11:43:32.419+0000][26480][gc,marking   ] GC(32) Concurrent Mark (7017.444s, 7017.553s) 109.588ms
[2020-09-11T11:43:32.419+0000][26480][gc,start     ] GC(32) Pause Remark
[2020-09-11T11:43:32.424+0000][26480][gc           ] GC(32) Pause Remark 244M->244M(1024M) 5.047ms
[2020-09-11T11:43:32.424+0000][26480][gc,cpu       ] GC(32) User=0.00s Sys=0.00s Real=0.01s
[2020-09-11T11:43:32.424+0000][26480][safepoint    ] Safepoint "G1Concurrent", Time since last: 128177600 ns, Reaching safepoint: 118600 ns, At safepoint: 5201400 ns, Total: 5320000 ns
[2020-09-11T11:43:32.424+0000][26480][gc,marking   ] GC(32) Concurrent Rebuild Remembered Sets
[2020-09-11T11:43:32.488+0000][26480][gc,marking   ] GC(32) Concurrent Rebuild Remembered Sets 64.041ms
[2020-09-11T11:43:32.489+0000][26480][gc,start     ] GC(32) Pause Cleanup
[2020-09-11T11:43:32.489+0000][26480][gc           ] GC(32) Pause Cleanup 246M->246M(1024M) 0.292ms
[2020-09-11T11:43:32.489+0000][26480][gc,cpu       ] GC(32) User=0.00s Sys=0.00s Real=0.00s
[2020-09-11T11:43:32.489+0000][26480][safepoint    ] Safepoint "G1Concurrent", Time since last: 64229300 ns, Reaching safepoint: 156100 ns, At safepoint: 485300 ns, Total: 641400 ns
[2020-09-11T11:43:32.489+0000][26480][gc,marking   ] GC(32) Concurrent Cleanup for Next Mark
[2020-09-11T11:43:32.491+0000][26480][gc,marking   ] GC(32) Concurrent Cleanup for Next Mark 1.966ms
[2020-09-11T11:43:32.491+0000][26480][gc           ] GC(32) Concurrent Cycle 200.532ms
[2020-09-11T11:43:32.728+0000][26480][gc,start     ] GC(33) Pause Young (Concurrent Start) (G1 Humongous Allocation)
[2020-09-11T11:43:32.728+0000][26480][gc,task      ] GC(33) Using 8 workers of 8 for evacuation
[2020-09-11T11:43:32.728+0000][26480][gc,age       ] GC(33) Desired survivor size 36175872 bytes, new threshold 15 (max threshold 15)
[2020-09-11T11:43:32.746+0000][26480][gc,age       ] GC(33) Age table with threshold 15 (max threshold 15)
[2020-09-11T11:43:32.746+0000][26480][gc,age       ] GC(33) - age   1:    1408088 bytes,    1408088 total
[2020-09-11T11:43:32.746+0000][26480][gc,age       ] GC(33) - age   2:     209352 bytes,    1617440 total
[2020-09-11T11:43:32.746+0000][26480][gc,age       ] GC(33) - age   3:     412424 bytes,    2029864 total
[2020-09-11T11:43:32.746+0000][26480][gc,age       ] GC(33) - age   4:     208976 bytes,    2238840 total
[2020-09-11T11:43:32.746+0000][26480][gc,age       ] GC(33) - age   5:     235304 bytes,    2474144 total
[2020-09-11T11:43:32.746+0000][26480][gc,age       ] GC(33) - age   6:     293928 bytes,    2768072 total
[2020-09-11T11:43:32.746+0000][26480][gc,age       ] GC(33) - age   7:     255832 bytes,    3023904 total
[2020-09-11T11:43:32.746+0000][26480][gc,age       ] GC(33) - age   8:     297128 bytes,    3321032 total
[2020-09-11T11:43:32.746+0000][26480][gc,age       ] GC(33) - age   9:     703600 bytes,    4024632 total
[2020-09-11T11:43:32.746+0000][26480][gc,age       ] GC(33) - age  10:     416664 bytes,    4441296 total
[2020-09-11T11:43:32.746+0000][26480][gc,age       ] GC(33) - age  11:    4019504 bytes,    8460800 total
[2020-09-11T11:43:32.746+0000][26480][gc,age       ] GC(33) - age  12:       8416 bytes,    8469216 total
[2020-09-11T11:43:32.746+0000][26480][gc,age       ] GC(33) - age  13:      15328 bytes,    8484544 total
[2020-09-11T11:43:32.746+0000][26480][gc,age       ] GC(33) - age  14:    7066456 bytes,   15551000 total
[2020-09-11T11:43:32.747+0000][26480][gc,age       ] GC(33) - age  15:     738424 bytes,   16289424 total
[2020-09-11T11:43:32.747+0000][26480][gc,phases    ] GC(33)   Pre Evacuate Collection Set: 0.4ms
[2020-09-11T11:43:32.747+0000][26480][gc,phases    ] GC(33)   Merge Heap Roots: 0.1ms
[2020-09-11T11:43:32.747+0000][26480][gc,phases    ] GC(33)   Evacuate Collection Set: 14.7ms
[2020-09-11T11:43:32.747+0000][26480][gc,phases    ] GC(33)   Post Evacuate Collection Set: 2.5ms
[2020-09-11T11:43:32.747+0000][26480][gc,phases    ] GC(33)   Other: 0.9ms
[2020-09-11T11:43:32.747+0000][26480][gc,heap      ] GC(33) Eden regions: 40->0(534)
[2020-09-11T11:43:32.747+0000][26480][gc,heap      ] GC(33) Survivor regions: 25->18(69)
[2020-09-11T11:43:32.747+0000][26480][gc,heap      ] GC(33) Old regions: 51->58
[2020-09-11T11:43:32.747+0000][26480][gc,heap      ] GC(33) Archive regions: 0->0
[2020-09-11T11:43:32.747+0000][26480][gc,heap      ] GC(33) Humongous regions: 256->140
[2020-09-11T11:43:32.747+0000][26480][gc,metaspace ] GC(33) Metaspace: 82779K(88856K)->82779K(88856K) NonClass: 71809K(75416K)->71809K(75416K) Class: 10970K(13440K)->10970K(13440K)
[2020-09-11T11:43:32.747+0000][26480][gc           ] GC(33) Pause Young (Concurrent Start) (G1 Humongous Allocation) 370M->214M(1024M) 18.796ms
[2020-09-11T11:43:32.747+0000][26480][gc,cpu       ] GC(33) User=0.08s Sys=0.00s Real=0.02s
[2020-09-11T11:43:32.747+0000][26480][safepoint    ] Safepoint "G1TryInitiateConcMark", Time since last: 238665300 ns, Reaching safepoint: 173900 ns, At safepoint: 18964500 ns, Total: 19138400 ns
[2020-09-11T11:43:32.747+0000][26480][gc           ] GC(34) Concurrent Cycle
[2020-09-11T11:43:32.747+0000][26480][gc,marking   ] GC(34) Concurrent Clear Claimed Marks
[2020-09-11T11:43:32.748+0000][26480][gc,marking   ] GC(34) Concurrent Clear Claimed Marks 0.477ms
[2020-09-11T11:43:32.748+0000][26480][gc,marking   ] GC(34) Concurrent Scan Root Regions
[2020-09-11T11:43:32.766+0000][26480][gc,marking   ] GC(34) Concurrent Scan Root Regions 18.830ms
[2020-09-11T11:43:32.767+0000][26480][gc,marking   ] GC(34) Concurrent Mark (7017.901s)
[2020-09-11T11:43:32.767+0000][26480][gc,marking   ] GC(34) Concurrent Mark From Roots
[2020-09-11T11:43:32.767+0000][26480][gc,task      ] GC(34) Using 2 workers of 2 for marking
[2020-09-11T11:43:32.863+0000][26480][gc,marking   ] GC(34) Concurrent Mark From Roots 97.265ms
[2020-09-11T11:43:32.863+0000][26480][gc,marking   ] GC(34) Concurrent Preclean
[2020-09-11T11:43:32.864+0000][26480][gc,marking   ] GC(34) Concurrent Preclean 0.646ms
[2020-09-11T11:43:32.864+0000][26480][gc,marking   ] GC(34) Concurrent Mark (7017.901s, 7017.999s) 98.105ms
[2020-09-11T11:43:32.864+0000][26480][gc,start     ] GC(34) Pause Remark
[2020-09-11T11:43:32.869+0000][26480][gc           ] GC(34) Pause Remark 225M->225M(1024M) 4.395ms
[2020-09-11T11:43:32.869+0000][26480][gc,cpu       ] GC(34) User=0.05s Sys=0.00s Real=0.00s
[2020-09-11T11:43:32.869+0000][26480][safepoint    ] Safepoint "G1Concurrent", Time since last: 117731000 ns, Reaching safepoint: 145900 ns, At safepoint: 4591500 ns, Total: 4737400 ns
[2020-09-11T11:43:32.869+0000][26480][gc,marking   ] GC(34) Concurrent Rebuild Remembered Sets
[2020-09-11T11:43:32.931+0000][26480][gc,marking   ] GC(34) Concurrent Rebuild Remembered Sets 62.013ms
[2020-09-11T11:43:32.931+0000][26480][gc,start     ] GC(34) Pause Cleanup
[2020-09-11T11:43:32.931+0000][26480][gc           ] GC(34) Pause Cleanup 232M->232M(1024M) 0.237ms
[2020-09-11T11:43:32.931+0000][26480][gc,cpu       ] GC(34) User=0.00s Sys=0.00s Real=0.00s
[2020-09-11T11:43:32.932+0000][26480][safepoint    ] Safepoint "G1Concurrent", Time since last: 62167000 ns, Reaching safepoint: 116500 ns, At safepoint: 419900 ns, Total: 536400 ns
[2020-09-11T11:43:32.932+0000][26480][gc,marking   ] GC(34) Concurrent Cleanup for Next Mark
[2020-09-11T11:43:32.933+0000][26480][gc,marking   ] GC(34) Concurrent Cleanup for Next Mark 1.737ms
[2020-09-11T11:43:32.934+0000][26480][gc           ] GC(34) Concurrent Cycle 187.143ms
[2020-09-11T11:43:33.143+0000][26480][safepoint    ] Safepoint "BulkRevokeBias", Time since last: 210201900 ns, Reaching safepoint: 148400 ns, At safepoint: 1261000 ns, Total: 1409400 ns
[2020-09-11T11:43:33.360+0000][26480][gc,start     ] GC(35) Pause Young (Concurrent Start) (G1 Humongous Allocation)
[2020-09-11T11:43:33.360+0000][26480][gc,task      ] GC(35) Using 8 workers of 8 for evacuation
[2020-09-11T11:43:33.360+0000][26480][gc,age       ] GC(35) Desired survivor size 36175872 bytes, new threshold 15 (max threshold 15)
[2020-09-11T11:43:33.375+0000][26480][gc,age       ] GC(35) Age table with threshold 15 (max threshold 15)
[2020-09-11T11:43:33.375+0000][26480][gc,age       ] GC(35) - age   1:    3012512 bytes,    3012512 total
[2020-09-11T11:43:33.375+0000][26480][gc,age       ] GC(35) - age   2:     206424 bytes,    3218936 total
[2020-09-11T11:43:33.375+0000][26480][gc,age       ] GC(35) - age   3:     207744 bytes,    3426680 total
[2020-09-11T11:43:33.375+0000][26480][gc,age       ] GC(35) - age   4:     411616 bytes,    3838296 total
[2020-09-11T11:43:33.375+0000][26480][gc,age       ] GC(35) - age   5:     208816 bytes,    4047112 total
[2020-09-11T11:43:33.375+0000][26480][gc,age       ] GC(35) - age   6:     232720 bytes,    4279832 total
[2020-09-11T11:43:33.375+0000][26480][gc,age       ] GC(35) - age   7:     292856 bytes,    4572688 total
[2020-09-11T11:43:33.375+0000][26480][gc,age       ] GC(35) - age   8:     255576 bytes,    4828264 total
[2020-09-11T11:43:33.375+0000][26480][gc,age       ] GC(35) - age   9:     296760 bytes,    5125024 total
[2020-09-11T11:43:33.375+0000][26480][gc,age       ] GC(35) - age  10:     703568 bytes,    5828592 total
[2020-09-11T11:43:33.375+0000][26480][gc,age       ] GC(35) - age  11:     416312 bytes,    6244904 total
[2020-09-11T11:43:33.375+0000][26480][gc,age       ] GC(35) - age  12:    4019504 bytes,   10264408 total
[2020-09-11T11:43:33.375+0000][26480][gc,age       ] GC(35) - age  13:       8416 bytes,   10272824 total
[2020-09-11T11:43:33.375+0000][26480][gc,age       ] GC(35) - age  14:      15328 bytes,   10288152 total
[2020-09-11T11:43:33.375+0000][26480][gc,age       ] GC(35) - age  15:    7066456 bytes,   17354608 total
[2020-09-11T11:43:33.375+0000][26480][gc,phases    ] GC(35)   Pre Evacuate Collection Set: 0.6ms
[2020-09-11T11:43:33.375+0000][26480][gc,phases    ] GC(35)   Merge Heap Roots: 0.1ms
[2020-09-11T11:43:33.375+0000][26480][gc,phases    ] GC(35)   Evacuate Collection Set: 11.6ms
[2020-09-11T11:43:33.376+0000][26480][gc,phases    ] GC(35)   Post Evacuate Collection Set: 2.0ms
[2020-09-11T11:43:33.376+0000][26480][gc,phases    ] GC(35)   Other: 1.0ms
[2020-09-11T11:43:33.376+0000][26480][gc,heap      ] GC(35) Eden regions: 58->0(533)
[2020-09-11T11:43:33.376+0000][26480][gc,heap      ] GC(35) Survivor regions: 18->18(69)
[2020-09-11T11:43:33.376+0000][26480][gc,heap      ] GC(35) Old regions: 58->59
[2020-09-11T11:43:33.376+0000][26480][gc,heap      ] GC(35) Archive regions: 0->0
[2020-09-11T11:43:33.376+0000][26480][gc,heap      ] GC(35) Humongous regions: 249->140
[2020-09-11T11:43:33.376+0000][26480][gc,metaspace ] GC(35) Metaspace: 82846K(88856K)->82846K(88856K) NonClass: 71876K(75416K)->71876K(75416K) Class: 10970K(13440K)->10970K(13440K)
[2020-09-11T11:43:33.376+0000][26480][gc           ] GC(35) Pause Young (Concurrent Start) (G1 Humongous Allocation) 380M->216M(1024M) 15.629ms
[2020-09-11T11:43:33.376+0000][26480][gc,cpu       ] GC(35) User=0.09s Sys=0.00s Real=0.02s
[2020-09-11T11:43:33.376+0000][26480][gc           ] GC(36) Concurrent Cycle
[2020-09-11T11:43:33.376+0000][26480][safepoint    ] Safepoint "G1TryInitiateConcMark", Time since last: 216278400 ns, Reaching safepoint: 236500 ns, At safepoint: 15853900 ns, Total: 16090400 ns
[2020-09-11T11:43:33.376+0000][26480][gc,marking   ] GC(36) Concurrent Clear Claimed Marks
[2020-09-11T11:43:33.377+0000][26480][gc,marking   ] GC(36) Concurrent Clear Claimed Marks 0.490ms
[2020-09-11T11:43:33.377+0000][26480][gc,marking   ] GC(36) Concurrent Scan Root Regions
[2020-09-11T11:43:33.391+0000][26480][gc,marking   ] GC(36) Concurrent Scan Root Regions 14.302ms
[2020-09-11T11:43:33.391+0000][26480][gc,marking   ] GC(36) Concurrent Mark (7018.525s)
[2020-09-11T11:43:33.391+0000][26480][gc,marking   ] GC(36) Concurrent Mark From Roots
[2020-09-11T11:43:33.391+0000][26480][gc,task      ] GC(36) Using 2 workers of 2 for marking
[2020-09-11T11:43:33.488+0000][26480][gc,marking   ] GC(36) Concurrent Mark From Roots 97.461ms
[2020-09-11T11:43:33.488+0000][26480][gc,marking   ] GC(36) Concurrent Preclean
[2020-09-11T11:43:33.489+0000][26480][gc,marking   ] GC(36) Concurrent Preclean 0.584ms
[2020-09-11T11:43:33.489+0000][26480][gc,marking   ] GC(36) Concurrent Mark (7018.525s, 7018.624s) 98.225ms
[2020-09-11T11:43:33.489+0000][26480][gc,start     ] GC(36) Pause Remark
[2020-09-11T11:43:33.500+0000][26480][gc           ] GC(36) Pause Remark 266M->266M(1024M) 10.410ms
[2020-09-11T11:43:33.500+0000][26480][gc,cpu       ] GC(36) User=0.08s Sys=0.00s Real=0.01s
[2020-09-11T11:43:33.500+0000][26480][safepoint    ] Safepoint "G1Concurrent", Time since last: 113275600 ns, Reaching safepoint: 144100 ns, At safepoint: 10637500 ns, Total: 10781600 ns
[2020-09-11T11:43:33.500+0000][26480][gc,marking   ] GC(36) Concurrent Rebuild Remembered Sets
[2020-09-11T11:43:33.555+0000][26480][gc,marking   ] GC(36) Concurrent Rebuild Remembered Sets 54.740ms
[2020-09-11T11:43:33.555+0000][26480][gc,start     ] GC(36) Pause Cleanup
[2020-09-11T11:43:33.555+0000][26480][gc           ] GC(36) Pause Cleanup 272M->272M(1024M) 0.260ms
[2020-09-11T11:43:33.555+0000][26480][gc,cpu       ] GC(36) User=0.00s Sys=0.00s Real=0.00s
[2020-09-11T11:43:33.555+0000][26480][safepoint    ] Safepoint "G1Concurrent", Time since last: 54960000 ns, Reaching safepoint: 172000 ns, At safepoint: 397700 ns, Total: 569700 ns
[2020-09-11T11:43:33.556+0000][26480][gc,marking   ] GC(36) Concurrent Cleanup for Next Mark
[2020-09-11T11:43:33.557+0000][26480][gc,marking   ] GC(36) Concurrent Cleanup for Next Mark 1.339ms
[2020-09-11T11:43:33.557+0000][26480][gc           ] GC(36) Concurrent Cycle 181.091ms
[2020-09-11T11:43:33.569+0000][26480][safepoint    ] Safepoint "ICBufferFull", Time since last: 12880000 ns, Reaching safepoint: 264100 ns, At safepoint: 29000 ns, Total: 293100 ns
[2020-09-11T11:43:33.759+0000][26480][gc,start     ] GC(37) Pause Young (Concurrent Start) (G1 Humongous Allocation)
[2020-09-11T11:43:33.759+0000][26480][gc,task      ] GC(37) Using 8 workers of 8 for evacuation
[2020-09-11T11:43:33.759+0000][26480][gc,age       ] GC(37) Desired survivor size 36175872 bytes, new threshold 15 (max threshold 15)
[2020-09-11T11:43:33.773+0000][26480][gc,age       ] GC(37) Age table with threshold 15 (max threshold 15)
[2020-09-11T11:43:33.773+0000][26480][gc,age       ] GC(37) - age   1:    2687104 bytes,    2687104 total
[2020-09-11T11:43:33.773+0000][26480][gc,age       ] GC(37) - age   2:     208088 bytes,    2895192 total
[2020-09-11T11:43:33.773+0000][26480][gc,age       ] GC(37) - age   3:     206056 bytes,    3101248 total
[2020-09-11T11:43:33.773+0000][26480][gc,age       ] GC(37) - age   4:     201112 bytes,    3302360 total
[2020-09-11T11:43:33.773+0000][26480][gc,age       ] GC(37) - age   5:     411216 bytes,    3713576 total
[2020-09-11T11:43:33.773+0000][26480][gc,age       ] GC(37) - age   6:     208816 bytes,    3922392 total
[2020-09-11T11:43:33.773+0000][26480][gc,age       ] GC(37) - age   7:     232640 bytes,    4155032 total
[2020-09-11T11:43:33.773+0000][26480][gc,age       ] GC(37) - age   8:     292288 bytes,    4447320 total
[2020-09-11T11:43:33.773+0000][26480][gc,age       ] GC(37) - age   9:     255576 bytes,    4702896 total
[2020-09-11T11:43:33.773+0000][26480][gc,age       ] GC(37) - age  10:     296760 bytes,    4999656 total
[2020-09-11T11:43:33.773+0000][26480][gc,age       ] GC(37) - age  11:     703568 bytes,    5703224 total
[2020-09-11T11:43:33.773+0000][26480][gc,age       ] GC(37) - age  12:     416312 bytes,    6119536 total
[2020-09-11T11:43:33.773+0000][26480][gc,age       ] GC(37) - age  13:    4019424 bytes,   10138960 total
[2020-09-11T11:43:33.773+0000][26480][gc,age       ] GC(37) - age  14:       8416 bytes,   10147376 total
[2020-09-11T11:43:33.773+0000][26480][gc,age       ] GC(37) - age  15:      15328 bytes,   10162704 total
[2020-09-11T11:43:33.773+0000][26480][gc,phases    ] GC(37)   Pre Evacuate Collection Set: 0.4ms
[2020-09-11T11:43:33.773+0000][26480][gc,phases    ] GC(37)   Merge Heap Roots: 0.1ms
[2020-09-11T11:43:33.774+0000][26480][gc,phases    ] GC(37)   Evacuate Collection Set: 11.5ms
[2020-09-11T11:43:33.774+0000][26480][gc,phases    ] GC(37)   Post Evacuate Collection Set: 1.3ms
[2020-09-11T11:43:33.774+0000][26480][gc,phases    ] GC(37)   Other: 1.0ms
[2020-09-11T11:43:33.774+0000][26480][gc,heap      ] GC(37) Eden regions: 40->0(540)
[2020-09-11T11:43:33.774+0000][26480][gc,heap      ] GC(37) Survivor regions: 18->11(69)
[2020-09-11T11:43:33.774+0000][26480][gc,heap      ] GC(37) Old regions: 59->66
[2020-09-11T11:43:33.774+0000][26480][gc,heap      ] GC(37) Archive regions: 0->0
[2020-09-11T11:43:33.774+0000][26480][gc,heap      ] GC(37) Humongous regions: 248->140
[2020-09-11T11:43:33.774+0000][26480][gc,metaspace ] GC(37) Metaspace: 82873K(88856K)->82873K(88856K) NonClass: 71904K(75416K)->71904K(75416K) Class: 10969K(13440K)->10969K(13440K)
[2020-09-11T11:43:33.774+0000][26480][gc           ] GC(37) Pause Young (Concurrent Start) (G1 Humongous Allocation) 364M->216M(1024M) 14.680ms
[2020-09-11T11:43:33.774+0000][26480][gc,cpu       ] GC(37) User=0.09s Sys=0.03s Real=0.01s
[2020-09-11T11:43:33.774+0000][26480][gc           ] GC(38) Concurrent Cycle
[2020-09-11T11:43:33.774+0000][26480][safepoint    ] Safepoint "G1TryInitiateConcMark", Time since last: 190297800 ns, Reaching safepoint: 252700 ns, At safepoint: 14872100 ns, Total: 15124800 ns
[2020-09-11T11:43:33.774+0000][26480][gc,marking   ] GC(38) Concurrent Clear Claimed Marks
[2020-09-11T11:43:33.775+0000][26480][gc,marking   ] GC(38) Concurrent Clear Claimed Marks 0.479ms
[2020-09-11T11:43:33.775+0000][26480][gc,marking   ] GC(38) Concurrent Scan Root Regions
[2020-09-11T11:43:33.788+0000][26480][gc,marking   ] GC(38) Concurrent Scan Root Regions 13.227ms
[2020-09-11T11:43:33.788+0000][26480][gc,marking   ] GC(38) Concurrent Mark (7018.922s)
[2020-09-11T11:43:33.788+0000][26480][gc,marking   ] GC(38) Concurrent Mark From Roots
[2020-09-11T11:43:33.788+0000][26480][gc,task      ] GC(38) Using 2 workers of 2 for marking
[2020-09-11T11:43:33.906+0000][26480][gc,marking   ] GC(38) Concurrent Mark From Roots 118.144ms
[2020-09-11T11:43:33.906+0000][26480][gc,marking   ] GC(38) Concurrent Preclean
[2020-09-11T11:43:33.907+0000][26480][gc,marking   ] GC(38) Concurrent Preclean 0.542ms
[2020-09-11T11:43:33.907+0000][26480][gc,marking   ] GC(38) Concurrent Mark (7018.922s, 7019.041s) 118.821ms
[2020-09-11T11:43:33.907+0000][26480][gc,start     ] GC(38) Pause Remark
[2020-09-11T11:43:33.911+0000][26480][gc           ] GC(38) Pause Remark 254M->254M(1024M) 3.863ms
[2020-09-11T11:43:33.911+0000][26480][gc,cpu       ] GC(38) User=0.00s Sys=0.00s Real=0.00s
[2020-09-11T11:43:33.911+0000][26480][safepoint    ] Safepoint "G1Concurrent", Time since last: 132759400 ns, Reaching safepoint: 113400 ns, At safepoint: 4083400 ns, Total: 4196800 ns
[2020-09-11T11:43:33.911+0000][26480][gc,marking   ] GC(38) Concurrent Rebuild Remembered Sets
[2020-09-11T11:43:33.983+0000][26480][gc,marking   ] GC(38) Concurrent Rebuild Remembered Sets 71.677ms
[2020-09-11T11:43:33.983+0000][26480][gc,start     ] GC(38) Pause Cleanup
[2020-09-11T11:43:33.984+0000][26480][gc           ] GC(38) Pause Cleanup 263M->263M(1024M) 0.308ms
[2020-09-11T11:43:33.984+0000][26480][gc,cpu       ] GC(38) User=0.00s Sys=0.00s Real=0.00s
[2020-09-11T11:43:33.984+0000][26480][safepoint    ] Safepoint "G1Concurrent", Time since last: 71899000 ns, Reaching safepoint: 152700 ns, At safepoint: 472000 ns, Total: 624700 ns
[2020-09-11T11:43:33.984+0000][26480][gc,marking   ] GC(38) Concurrent Cleanup for Next Mark
[2020-09-11T11:43:33.986+0000][26480][gc,marking   ] GC(38) Concurrent Cleanup for Next Mark 2.001ms
[2020-09-11T11:43:33.986+0000][26480][gc           ] GC(38) Concurrent Cycle 211.703ms
[2020-09-11T11:43:34.163+0000][26480][gc,start     ] GC(39) Pause Young (Concurrent Start) (G1 Humongous Allocation)
[2020-09-11T11:43:34.163+0000][26480][gc,task      ] GC(39) Using 8 workers of 8 for evacuation
[2020-09-11T11:43:34.163+0000][26480][gc,age       ] GC(39) Desired survivor size 36175872 bytes, new threshold 15 (max threshold 15)
[2020-09-11T11:43:34.170+0000][26480][gc,age       ] GC(39) Age table with threshold 15 (max threshold 15)
[2020-09-11T11:43:34.171+0000][26480][gc,age       ] GC(39) - age   1:    2619288 bytes,    2619288 total
[2020-09-11T11:43:34.171+0000][26480][gc,age       ] GC(39) - age   2:     206664 bytes,    2825952 total
[2020-09-11T11:43:34.171+0000][26480][gc,age       ] GC(39) - age   3:     206848 bytes,    3032800 total
[2020-09-11T11:43:34.171+0000][26480][gc,age       ] GC(39) - age   4:     205656 bytes,    3238456 total
[2020-09-11T11:43:34.171+0000][26480][gc,age       ] GC(39) - age   5:     200632 bytes,    3439088 total
[2020-09-11T11:43:34.171+0000][26480][gc,age       ] GC(39) - age   6:     411136 bytes,    3850224 total
[2020-09-11T11:43:34.171+0000][26480][gc,age       ] GC(39) - age   7:     208816 bytes,    4059040 total
[2020-09-11T11:43:34.171+0000][26480][gc,age       ] GC(39) - age   8:     232288 bytes,    4291328 total
[2020-09-11T11:43:34.171+0000][26480][gc,age       ] GC(39) - age   9:     292256 bytes,    4583584 total
[2020-09-11T11:43:34.171+0000][26480][gc,age       ] GC(39) - age  10:     255576 bytes,    4839160 total
[2020-09-11T11:43:34.171+0000][26480][gc,age       ] GC(39) - age  11:     293840 bytes,    5133000 total
[2020-09-11T11:43:34.171+0000][26480][gc,age       ] GC(39) - age  12:     703472 bytes,    5836472 total
[2020-09-11T11:43:34.171+0000][26480][gc,age       ] GC(39) - age  13:     415000 bytes,    6251472 total
[2020-09-11T11:43:34.171+0000][26480][gc,age       ] GC(39) - age  14:    4019288 bytes,   10270760 total
[2020-09-11T11:43:34.171+0000][26480][gc,age       ] GC(39) - age  15:       8416 bytes,   10279176 total
[2020-09-11T11:43:34.171+0000][26480][gc,phases    ] GC(39)   Pre Evacuate Collection Set: 0.5ms
[2020-09-11T11:43:34.171+0000][26480][gc,phases    ] GC(39)   Merge Heap Roots: 0.1ms
[2020-09-11T11:43:34.171+0000][26480][gc,phases    ] GC(39)   Evacuate Collection Set: 5.6ms
[2020-09-11T11:43:34.171+0000][26480][gc,phases    ] GC(39)   Post Evacuate Collection Set: 1.3ms
[2020-09-11T11:43:34.171+0000][26480][gc,phases    ] GC(39)   Other: 1.0ms
[2020-09-11T11:43:34.171+0000][26480][gc,heap      ] GC(39) Eden regions: 40->0(539)
[2020-09-11T11:43:34.171+0000][26480][gc,heap      ] GC(39) Survivor regions: 11->11(69)
[2020-09-11T11:43:34.171+0000][26480][gc,heap      ] GC(39) Old regions: 66->67
[2020-09-11T11:43:34.171+0000][26480][gc,heap      ] GC(39) Archive regions: 0->0
[2020-09-11T11:43:34.171+0000][26480][gc,heap      ] GC(39) Humongous regions: 241->140
[2020-09-11T11:43:34.171+0000][26480][gc,metaspace ] GC(39) Metaspace: 82893K(88856K)->82893K(88856K) NonClass: 71923K(75416K)->71923K(75416K) Class: 10969K(13440K)->10969K(13440K)
[2020-09-11T11:43:34.172+0000][26480][gc           ] GC(39) Pause Young (Concurrent Start) (G1 Humongous Allocation) 356M->217M(1024M) 8.908ms
[2020-09-11T11:43:34.172+0000][26480][gc,cpu       ] GC(39) User=0.13s Sys=0.00s Real=0.01s
[2020-09-11T11:43:34.172+0000][26480][safepoint    ] Safepoint "G1TryInitiateConcMark", Time since last: 178528400 ns, Reaching safepoint: 233100 ns, At safepoint: 9109000 ns, Total: 9342100 ns
[2020-09-11T11:43:34.172+0000][26480][gc           ] GC(40) Concurrent Cycle
[2020-09-11T11:43:34.172+0000][26480][gc,marking   ] GC(40) Concurrent Clear Claimed Marks
[2020-09-11T11:43:34.172+0000][26480][gc,marking   ] GC(40) Concurrent Clear Claimed Marks 0.467ms
[2020-09-11T11:43:34.172+0000][26480][gc,marking   ] GC(40) Concurrent Scan Root Regions
[2020-09-11T11:43:34.179+0000][26480][gc,marking   ] GC(40) Concurrent Scan Root Regions 6.729ms
[2020-09-11T11:43:34.179+0000][26480][gc,marking   ] GC(40) Concurrent Mark (7019.313s)
[2020-09-11T11:43:34.179+0000][26480][gc,marking   ] GC(40) Concurrent Mark From Roots
[2020-09-11T11:43:34.179+0000][26480][gc,task      ] GC(40) Using 2 workers of 2 for marking
[2020-09-11T11:43:34.312+0000][26480][gc,marking   ] GC(40) Concurrent Mark From Roots 132.444ms
[2020-09-11T11:43:34.312+0000][26480][gc,marking   ] GC(40) Concurrent Preclean
[2020-09-11T11:43:34.312+0000][26480][gc,marking   ] GC(40) Concurrent Preclean 0.624ms
[2020-09-11T11:43:34.312+0000][26480][gc,marking   ] GC(40) Concurrent Mark (7019.313s, 7019.447s) 133.293ms
[2020-09-11T11:43:34.313+0000][26480][gc,start     ] GC(40) Pause Remark
[2020-09-11T11:43:34.325+0000][26480][gc           ] GC(40) Pause Remark 254M->254M(1024M) 12.393ms
[2020-09-11T11:43:34.325+0000][26480][gc,cpu       ] GC(40) User=0.11s Sys=0.02s Real=0.01s
[2020-09-11T11:43:34.325+0000][26480][safepoint    ] Safepoint "G1Concurrent", Time since last: 140878100 ns, Reaching safepoint: 168100 ns, At safepoint: 12614000 ns, Total: 12782100 ns
[2020-09-11T11:43:34.325+0000][26480][gc,marking   ] GC(40) Concurrent Rebuild Remembered Sets
[2020-09-11T11:43:34.376+0000][26480][safepoint    ] Safepoint "BulkRevokeBias", Time since last: 48532500 ns, Reaching safepoint: 608000 ns, At safepoint: 1620900 ns, Total: 2228900 ns
[2020-09-11T11:43:34.404+0000][26480][safepoint    ] Safepoint "ICBufferFull", Time since last: 26910500 ns, Reaching safepoint: 631700 ns, At safepoint: 44200 ns, Total: 675900 ns
[2020-09-11T11:43:34.410+0000][26480][gc,marking   ] GC(40) Concurrent Rebuild Remembered Sets 84.846ms
[2020-09-11T11:43:34.410+0000][26480][gc,start     ] GC(40) Pause Cleanup
[2020-09-11T11:43:34.411+0000][26480][gc           ] GC(40) Pause Cleanup 264M->264M(1024M) 0.304ms
[2020-09-11T11:43:34.411+0000][26480][gc,cpu       ] GC(40) User=0.00s Sys=0.00s Real=0.00s
[2020-09-11T11:43:34.411+0000][26480][safepoint    ] Safepoint "G1Concurrent", Time since last: 6681900 ns, Reaching safepoint: 188900 ns, At safepoint: 470100 ns, Total: 659000 ns
[2020-09-11T11:43:34.411+0000][26480][gc,marking   ] GC(40) Concurrent Cleanup for Next Mark
[2020-09-11T11:43:34.413+0000][26480][gc,marking   ] GC(40) Concurrent Cleanup for Next Mark 2.005ms
[2020-09-11T11:43:34.413+0000][26480][gc           ] GC(40) Concurrent Cycle 241.589ms
[2020-09-11T11:43:34.594+0000][26480][gc,start     ] GC(41) Pause Young (Concurrent Start) (G1 Humongous Allocation)
[2020-09-11T11:43:34.594+0000][26480][gc,task      ] GC(41) Using 8 workers of 8 for evacuation
[2020-09-11T11:43:34.595+0000][26480][gc,age       ] GC(41) Desired survivor size 36175872 bytes, new threshold 15 (max threshold 15)
[2020-09-11T11:43:34.603+0000][26480][gc,age       ] GC(41) Age table with threshold 15 (max threshold 15)
[2020-09-11T11:43:34.603+0000][26480][gc,age       ] GC(41) - age   1:    2455880 bytes,    2455880 total
[2020-09-11T11:43:34.603+0000][26480][gc,age       ] GC(41) - age   2:     207880 bytes,    2663760 total
[2020-09-11T11:43:34.603+0000][26480][gc,age       ] GC(41) - age   3:     206632 bytes,    2870392 total
[2020-09-11T11:43:34.603+0000][26480][gc,age       ] GC(41) - age   4:     206080 bytes,    3076472 total
[2020-09-11T11:43:34.603+0000][26480][gc,age       ] GC(41) - age   5:     200112 bytes,    3276584 total
[2020-09-11T11:43:34.603+0000][26480][gc,age       ] GC(41) - age   6:     200632 bytes,    3477216 total
[2020-09-11T11:43:34.603+0000][26480][gc,age       ] GC(41) - age   7:     410976 bytes,    3888192 total
[2020-09-11T11:43:34.603+0000][26480][gc,age       ] GC(41) - age   8:     208432 bytes,    4096624 total
[2020-09-11T11:43:34.603+0000][26480][gc,age       ] GC(41) - age   9:     232256 bytes,    4328880 total
[2020-09-11T11:43:34.603+0000][26480][gc,age       ] GC(41) - age  10:     292256 bytes,    4621136 total
[2020-09-11T11:43:34.604+0000][26480][gc,age       ] GC(41) - age  11:     255576 bytes,    4876712 total
[2020-09-11T11:43:34.604+0000][26480][gc,age       ] GC(41) - age  12:     293840 bytes,    5170552 total
[2020-09-11T11:43:34.604+0000][26480][gc,age       ] GC(41) - age  13:     703472 bytes,    5874024 total
[2020-09-11T11:43:34.604+0000][26480][gc,age       ] GC(41) - age  14:     415000 bytes,    6289024 total
[2020-09-11T11:43:34.604+0000][26480][gc,age       ] GC(41) - age  15:    4019288 bytes,   10308312 total
[2020-09-11T11:43:34.604+0000][26480][gc,phases    ] GC(41)   Pre Evacuate Collection Set: 0.5ms
[2020-09-11T11:43:34.604+0000][26480][gc,phases    ] GC(41)   Merge Heap Roots: 0.2ms
[2020-09-11T11:43:34.604+0000][26480][gc,phases    ] GC(41)   Evacuate Collection Set: 6.7ms
[2020-09-11T11:43:34.604+0000][26480][gc,phases    ] GC(41)   Post Evacuate Collection Set: 1.0ms
[2020-09-11T11:43:34.604+0000][26480][gc,phases    ] GC(41)   Other: 1.1ms
[2020-09-11T11:43:34.604+0000][26480][gc,heap      ] GC(41) Eden regions: 40->0(539)
[2020-09-11T11:43:34.604+0000][26480][gc,heap      ] GC(41) Survivor regions: 11->11(69)
[2020-09-11T11:43:34.604+0000][26480][gc,heap      ] GC(41) Old regions: 67->67
[2020-09-11T11:43:34.604+0000][26480][gc,heap      ] GC(41) Archive regions: 0->0
[2020-09-11T11:43:34.604+0000][26480][gc,heap      ] GC(41) Humongous regions: 240->140
[2020-09-11T11:43:34.604+0000][26480][gc,metaspace ] GC(41) Metaspace: 82633K(88856K)->82633K(88856K) NonClass: 71759K(75416K)->71759K(75416K) Class: 10874K(13440K)->10874K(13440K)
[2020-09-11T11:43:34.604+0000][26480][gc           ] GC(41) Pause Young (Concurrent Start) (G1 Humongous Allocation) 356M->217M(1024M) 9.732ms
[2020-09-11T11:43:34.604+0000][26480][gc,cpu       ] GC(41) User=0.00s Sys=0.02s Real=0.01s
[2020-09-11T11:43:34.604+0000][26480][gc           ] GC(42) Concurrent Cycle
[2020-09-11T11:43:34.604+0000][26480][safepoint    ] Safepoint "G1TryInitiateConcMark", Time since last: 183175200 ns, Reaching safepoint: 264600 ns, At safepoint: 9952400 ns, Total: 10217000 ns
[2020-09-11T11:43:34.604+0000][26480][gc,marking   ] GC(42) Concurrent Clear Claimed Marks
[2020-09-11T11:43:34.605+0000][26480][gc,marking   ] GC(42) Concurrent Clear Claimed Marks 0.429ms
[2020-09-11T11:43:34.605+0000][26480][gc,marking   ] GC(42) Concurrent Scan Root Regions
[2020-09-11T11:43:34.611+0000][26480][gc,marking   ] GC(42) Concurrent Scan Root Regions 5.938ms
[2020-09-11T11:43:34.611+0000][26480][gc,marking   ] GC(42) Concurrent Mark (7019.745s)
[2020-09-11T11:43:34.611+0000][26480][gc,marking   ] GC(42) Concurrent Mark From Roots
[2020-09-11T11:43:34.611+0000][26480][gc,task      ] GC(42) Using 2 workers of 2 for marking
[2020-09-11T11:43:34.719+0000][26480][gc,marking   ] GC(42) Concurrent Mark From Roots 108.491ms
[2020-09-11T11:43:34.719+0000][26480][gc,marking   ] GC(42) Concurrent Preclean
[2020-09-11T11:43:34.720+0000][26480][gc,marking   ] GC(42) Concurrent Preclean 0.567ms
[2020-09-11T11:43:34.720+0000][26480][gc,marking   ] GC(42) Concurrent Mark (7019.745s, 7019.854s) 109.260ms
[2020-09-11T11:43:34.720+0000][26480][gc,start     ] GC(42) Pause Remark
[2020-09-11T11:43:34.724+0000][26480][gc           ] GC(42) Pause Remark 250M->250M(1024M) 3.635ms
[2020-09-11T11:43:34.724+0000][26480][gc,cpu       ] GC(42) User=0.00s Sys=0.00s Real=0.00s
[2020-09-11T11:43:34.724+0000][26480][safepoint    ] Safepoint "G1Concurrent", Time since last: 115882000 ns, Reaching safepoint: 126300 ns, At safepoint: 3845800 ns, Total: 3972100 ns
[2020-09-11T11:43:34.724+0000][26480][gc,marking   ] GC(42) Concurrent Rebuild Remembered Sets
[2020-09-11T11:43:34.795+0000][26480][gc,marking   ] GC(42) Concurrent Rebuild Remembered Sets 71.261ms
[2020-09-11T11:43:34.796+0000][26480][gc,start     ] GC(42) Pause Cleanup
[2020-09-11T11:43:34.796+0000][26480][gc           ] GC(42) Pause Cleanup 312M->312M(1024M) 0.298ms
[2020-09-11T11:43:34.796+0000][26480][gc,cpu       ] GC(42) User=0.00s Sys=0.00s Real=0.00s
[2020-09-11T11:43:34.796+0000][26480][safepoint    ] Safepoint "G1Concurrent", Time since last: 71443400 ns, Reaching safepoint: 221500 ns, At safepoint: 459800 ns, Total: 681300 ns
[2020-09-11T11:43:34.796+0000][26480][gc,marking   ] GC(42) Concurrent Cleanup for Next Mark
[2020-09-11T11:43:34.798+0000][26480][gc,marking   ] GC(42) Concurrent Cleanup for Next Mark 1.997ms
[2020-09-11T11:43:34.798+0000][26480][gc           ] GC(42) Concurrent Cycle 194.183ms
[2020-09-11T11:43:34.963+0000][26480][gc,start     ] GC(43) Pause Young (Concurrent Start) (G1 Humongous Allocation)
[2020-09-11T11:43:34.963+0000][26480][gc,task      ] GC(43) Using 8 workers of 8 for evacuation
[2020-09-11T11:43:34.963+0000][26480][gc,age       ] GC(43) Desired survivor size 36175872 bytes, new threshold 15 (max threshold 15)
[2020-09-11T11:43:34.971+0000][26480][gc,age       ] GC(43) Age table with threshold 15 (max threshold 15)
[2020-09-11T11:43:34.971+0000][26480][gc,age       ] GC(43) - age   1:    2342088 bytes,    2342088 total
[2020-09-11T11:43:34.972+0000][26480][gc,age       ] GC(43) - age   2:     208072 bytes,    2550160 total
[2020-09-11T11:43:34.972+0000][26480][gc,age       ] GC(43) - age   3:     206936 bytes,    2757096 total
[2020-09-11T11:43:34.972+0000][26480][gc,age       ] GC(43) - age   4:     201952 bytes,    2959048 total
[2020-09-11T11:43:34.972+0000][26480][gc,age       ] GC(43) - age   5:     204240 bytes,    3163288 total
[2020-09-11T11:43:34.972+0000][26480][gc,age       ] GC(43) - age   6:     199848 bytes,    3363136 total
[2020-09-11T11:43:34.972+0000][26480][gc,age       ] GC(43) - age   7:     200632 bytes,    3563768 total
[2020-09-11T11:43:34.972+0000][26480][gc,age       ] GC(43) - age   8:     410688 bytes,    3974456 total
[2020-09-11T11:43:34.972+0000][26480][gc,age       ] GC(43) - age   9:     208400 bytes,    4182856 total
[2020-09-11T11:43:34.972+0000][26480][gc,age       ] GC(43) - age  10:     232256 bytes,    4415112 total
[2020-09-11T11:43:34.972+0000][26480][gc,age       ] GC(43) - age  11:     292192 bytes,    4707304 total
[2020-09-11T11:43:34.972+0000][26480][gc,age       ] GC(43) - age  12:     255544 bytes,    4962848 total
[2020-09-11T11:43:34.972+0000][26480][gc,age       ] GC(43) - age  13:     293808 bytes,    5256656 total
[2020-09-11T11:43:34.972+0000][26480][gc,age       ] GC(43) - age  14:     703408 bytes,    5960064 total
[2020-09-11T11:43:34.972+0000][26480][gc,age       ] GC(43) - age  15:     414936 bytes,    6375000 total
[2020-09-11T11:43:34.972+0000][26480][gc,phases    ] GC(43)   Pre Evacuate Collection Set: 0.5ms
[2020-09-11T11:43:34.972+0000][26480][gc,phases    ] GC(43)   Merge Heap Roots: 0.1ms
[2020-09-11T11:43:34.972+0000][26480][gc,phases    ] GC(43)   Evacuate Collection Set: 6.1ms
[2020-09-11T11:43:34.972+0000][26480][gc,phases    ] GC(43)   Post Evacuate Collection Set: 1.1ms
[2020-09-11T11:43:34.972+0000][26480][gc,phases    ] GC(43)   Other: 1.1ms
[2020-09-11T11:43:34.972+0000][26480][gc,heap      ] GC(43) Eden regions: 40->0(541)
[2020-09-11T11:43:34.972+0000][26480][gc,heap      ] GC(43) Survivor regions: 11->7(69)
[2020-09-11T11:43:34.972+0000][26480][gc,heap      ] GC(43) Old regions: 67->71
[2020-09-11T11:43:34.972+0000][26480][gc,heap      ] GC(43) Archive regions: 0->0
[2020-09-11T11:43:34.972+0000][26480][gc,heap      ] GC(43) Humongous regions: 240->140
[2020-09-11T11:43:34.972+0000][26480][gc,metaspace ] GC(43) Metaspace: 82651K(88856K)->82651K(88856K) NonClass: 71776K(75416K)->71776K(75416K) Class: 10874K(13440K)->10874K(13440K)
[2020-09-11T11:43:34.972+0000][26480][gc           ] GC(43) Pause Young (Concurrent Start) (G1 Humongous Allocation) 357M->217M(1024M) 9.246ms
[2020-09-11T11:43:34.972+0000][26480][gc,cpu       ] GC(43) User=0.00s Sys=0.00s Real=0.01s
[2020-09-11T11:43:34.973+0000][26480][gc           ] GC(44) Concurrent Cycle
[2020-09-11T11:43:34.973+0000][26480][safepoint    ] Safepoint "G1TryInitiateConcMark", Time since last: 166637900 ns, Reaching safepoint: 205900 ns, At safepoint: 9471000 ns, Total: 9676900 ns
[2020-09-11T11:43:34.973+0000][26480][gc,marking   ] GC(44) Concurrent Clear Claimed Marks
[2020-09-11T11:43:34.973+0000][26480][gc,marking   ] GC(44) Concurrent Clear Claimed Marks 0.588ms
[2020-09-11T11:43:34.973+0000][26480][gc,marking   ] GC(44) Concurrent Scan Root Regions
[2020-09-11T11:43:34.980+0000][26480][gc,marking   ] GC(44) Concurrent Scan Root Regions 7.219ms
[2020-09-11T11:43:34.981+0000][26480][gc,marking   ] GC(44) Concurrent Mark (7020.115s)
[2020-09-11T11:43:34.981+0000][26480][gc,marking   ] GC(44) Concurrent Mark From Roots
[2020-09-11T11:43:34.981+0000][26480][gc,task      ] GC(44) Using 2 workers of 2 for marking
[2020-09-11T11:43:35.092+0000][26480][gc,marking   ] GC(44) Concurrent Mark From Roots 111.902ms
[2020-09-11T11:43:35.093+0000][26480][gc,marking   ] GC(44) Concurrent Preclean
[2020-09-11T11:43:35.093+0000][26480][gc,marking   ] GC(44) Concurrent Preclean 0.634ms
[2020-09-11T11:43:35.093+0000][26480][gc,marking   ] GC(44) Concurrent Mark (7020.115s, 7020.228s) 112.695ms
[2020-09-11T11:43:35.093+0000][26480][gc,start     ] GC(44) Pause Remark
[2020-09-11T11:43:35.097+0000][26480][gc           ] GC(44) Pause Remark 246M->246M(1024M) 4.023ms
[2020-09-11T11:43:35.098+0000][26480][gc,cpu       ] GC(44) User=0.00s Sys=0.00s Real=0.01s
[2020-09-11T11:43:35.098+0000][26480][safepoint    ] Safepoint "G1Concurrent", Time since last: 120725100 ns, Reaching safepoint: 125400 ns, At safepoint: 4271000 ns, Total: 4396400 ns
[2020-09-11T11:43:35.098+0000][26480][gc,marking   ] GC(44) Concurrent Rebuild Remembered Sets
[2020-09-11T11:43:35.179+0000][26480][gc,marking   ] GC(44) Concurrent Rebuild Remembered Sets 81.581ms
[2020-09-11T11:43:35.180+0000][26480][gc,start     ] GC(44) Pause Cleanup
[2020-09-11T11:43:35.180+0000][26480][gc           ] GC(44) Pause Cleanup 312M->312M(1024M) 0.400ms
[2020-09-11T11:43:35.180+0000][26480][gc,cpu       ] GC(44) User=0.00s Sys=0.00s Real=0.00s
[2020-09-11T11:43:35.180+0000][26480][safepoint    ] Safepoint "G1Concurrent", Time since last: 81800500 ns, Reaching safepoint: 141600 ns, At safepoint: 581600 ns, Total: 723200 ns
[2020-09-11T11:43:35.180+0000][26480][gc,marking   ] GC(44) Concurrent Cleanup for Next Mark
[2020-09-11T11:43:35.182+0000][26480][gc,marking   ] GC(44) Concurrent Cleanup for Next Mark 2.075ms
[2020-09-11T11:43:35.182+0000][26480][gc           ] GC(44) Concurrent Cycle 209.928ms
[2020-09-11T11:43:35.377+0000][26480][gc,start     ] GC(45) Pause Young (Concurrent Start) (G1 Humongous Allocation)
[2020-09-11T11:43:35.377+0000][26480][gc,task      ] GC(45) Using 8 workers of 8 for evacuation
[2020-09-11T11:43:35.377+0000][26480][gc,age       ] GC(45) Desired survivor size 36175872 bytes, new threshold 15 (max threshold 15)
[2020-09-11T11:43:35.383+0000][26480][gc,age       ] GC(45) Age table with threshold 15 (max threshold 15)
[2020-09-11T11:43:35.384+0000][26480][gc,age       ] GC(45) - age   1:    2454992 bytes,    2454992 total
[2020-09-11T11:43:35.384+0000][26480][gc,age       ] GC(45) - age   2:     207760 bytes,    2662752 total
[2020-09-11T11:43:35.384+0000][26480][gc,age       ] GC(45) - age   3:     207672 bytes,    2870424 total
[2020-09-11T11:43:35.384+0000][26480][gc,age       ] GC(45) - age   4:     206488 bytes,    3076912 total
[2020-09-11T11:43:35.384+0000][26480][gc,age       ] GC(45) - age   5:     201304 bytes,    3278216 total
[2020-09-11T11:43:35.384+0000][26480][gc,age       ] GC(45) - age   6:     204152 bytes,    3482368 total
[2020-09-11T11:43:35.384+0000][26480][gc,age       ] GC(45) - age   7:     199848 bytes,    3682216 total
[2020-09-11T11:43:35.384+0000][26480][gc,age       ] GC(45) - age   8:     200344 bytes,    3882560 total
[2020-09-11T11:43:35.384+0000][26480][gc,age       ] GC(45) - age   9:     410592 bytes,    4293152 total
[2020-09-11T11:43:35.384+0000][26480][gc,age       ] GC(45) - age  10:     208400 bytes,    4501552 total
[2020-09-11T11:43:35.384+0000][26480][gc,age       ] GC(45) - age  11:     232256 bytes,    4733808 total
[2020-09-11T11:43:35.384+0000][26480][gc,age       ] GC(45) - age  12:     292192 bytes,    5026000 total
[2020-09-11T11:43:35.384+0000][26480][gc,age       ] GC(45) - age  13:     255544 bytes,    5281544 total
[2020-09-11T11:43:35.384+0000][26480][gc,age       ] GC(45) - age  14:     293808 bytes,    5575352 total
[2020-09-11T11:43:35.384+0000][26480][gc,age       ] GC(45) - age  15:     703408 bytes,    6278760 total
[2020-09-11T11:43:35.384+0000][26480][gc,phases    ] GC(45)   Pre Evacuate Collection Set: 0.4ms
[2020-09-11T11:43:35.384+0000][26480][gc,phases    ] GC(45)   Merge Heap Roots: 0.1ms
[2020-09-11T11:43:35.384+0000][26480][gc,phases    ] GC(45)   Evacuate Collection Set: 4.3ms
[2020-09-11T11:43:35.384+0000][26480][gc,phases    ] GC(45)   Post Evacuate Collection Set: 1.1ms
[2020-09-11T11:43:35.384+0000][26480][gc,phases    ] GC(45)   Other: 0.8ms
[2020-09-11T11:43:35.384+0000][26480][gc,heap      ] GC(45) Eden regions: 36->0(541)
[2020-09-11T11:43:35.384+0000][26480][gc,heap      ] GC(45) Survivor regions: 7->7(69)
[2020-09-11T11:43:35.384+0000][26480][gc,heap      ] GC(45) Old regions: 71->71
[2020-09-11T11:43:35.384+0000][26480][gc,heap      ] GC(45) Archive regions: 0->0
[2020-09-11T11:43:35.384+0000][26480][gc,heap      ] GC(45) Humongous regions: 236->140
[2020-09-11T11:43:35.384+0000][26480][gc,metaspace ] GC(45) Metaspace: 82676K(88856K)->82676K(88856K) NonClass: 71801K(75416K)->71801K(75416K) Class: 10874K(13440K)->10874K(13440K)
[2020-09-11T11:43:35.384+0000][26480][gc           ] GC(45) Pause Young (Concurrent Start) (G1 Humongous Allocation) 348M->217M(1024M) 6.924ms
[2020-09-11T11:43:35.384+0000][26480][gc,cpu       ] GC(45) User=0.00s Sys=0.00s Real=0.01s
[2020-09-11T11:43:35.384+0000][26480][gc           ] GC(46) Concurrent Cycle
[2020-09-11T11:43:35.384+0000][26480][safepoint    ] Safepoint "G1TryInitiateConcMark", Time since last: 196747000 ns, Reaching safepoint: 218800 ns, At safepoint: 7108100 ns, Total: 7326900 ns
[2020-09-11T11:43:35.384+0000][26480][gc,marking   ] GC(46) Concurrent Clear Claimed Marks
[2020-09-11T11:43:35.385+0000][26480][gc,marking   ] GC(46) Concurrent Clear Claimed Marks 0.463ms
[2020-09-11T11:43:35.385+0000][26480][gc,marking   ] GC(46) Concurrent Scan Root Regions
[2020-09-11T11:43:35.388+0000][26480][gc,marking   ] GC(46) Concurrent Scan Root Regions 3.407ms
[2020-09-11T11:43:35.388+0000][26480][gc,marking   ] GC(46) Concurrent Mark (7020.523s)
[2020-09-11T11:43:35.388+0000][26480][gc,marking   ] GC(46) Concurrent Mark From Roots
[2020-09-11T11:43:35.388+0000][26480][gc,task      ] GC(46) Using 2 workers of 2 for marking
[2020-09-11T11:43:35.501+0000][26480][gc,marking   ] GC(46) Concurrent Mark From Roots 112.524ms
[2020-09-11T11:43:35.501+0000][26480][gc,marking   ] GC(46) Concurrent Preclean
[2020-09-11T11:43:35.501+0000][26480][gc,marking   ] GC(46) Concurrent Preclean 0.475ms
[2020-09-11T11:43:35.501+0000][26480][gc,marking   ] GC(46) Concurrent Mark (7020.523s, 7020.636s) 113.137ms
[2020-09-11T11:43:35.502+0000][26480][gc,start     ] GC(46) Pause Remark
[2020-09-11T11:43:35.512+0000][26480][gc           ] GC(46) Pause Remark 250M->250M(1024M) 10.754ms
[2020-09-11T11:43:35.513+0000][26480][gc,cpu       ] GC(46) User=0.11s Sys=0.00s Real=0.01s
[2020-09-11T11:43:35.513+0000][26480][safepoint    ] Safepoint "G1Concurrent", Time since last: 117264600 ns, Reaching safepoint: 170600 ns, At safepoint: 11075700 ns, Total: 11246300 ns
[2020-09-11T11:43:35.513+0000][26480][gc,marking   ] GC(46) Concurrent Rebuild Remembered Sets
[2020-09-11T11:43:35.592+0000][26480][gc,marking   ] GC(46) Concurrent Rebuild Remembered Sets 78.926ms
[2020-09-11T11:43:35.592+0000][26480][gc,start     ] GC(46) Pause Cleanup
[2020-09-11T11:43:35.592+0000][26480][gc           ] GC(46) Pause Cleanup 255M->255M(1024M) 0.298ms
[2020-09-11T11:43:35.593+0000][26480][gc,cpu       ] GC(46) User=0.00s Sys=0.00s Real=0.00s
[2020-09-11T11:43:35.593+0000][26480][safepoint    ] Safepoint "G1Concurrent", Time since last: 79123600 ns, Reaching safepoint: 257200 ns, At safepoint: 451100 ns, Total: 708300 ns
[2020-09-11T11:43:35.593+0000][26480][gc,marking   ] GC(46) Concurrent Cleanup for Next Mark
[2020-09-11T11:43:35.594+0000][26480][gc,marking   ] GC(46) Concurrent Cleanup for Next Mark 1.765ms
[2020-09-11T11:43:35.595+0000][26480][gc           ] GC(46) Concurrent Cycle 210.362ms
[2020-09-11T11:43:35.850+0000][26480][safepoint    ] Safepoint "ICBufferFull", Time since last: 256642400 ns, Reaching safepoint: 389900 ns, At safepoint: 171300 ns, Total: 561200 ns
[2020-09-11T11:43:36.948+0000][26480][safepoint    ] Safepoint "Cleanup", Time since last: 1097853200 ns, Reaching safepoint: 267000 ns, At safepoint: 41000 ns, Total: 308000 ns
[2020-09-11T11:43:36.992+0000][26480][safepoint    ] Safepoint "BulkRevokeBias", Time since last: 32498700 ns, Reaching safepoint: 8361800 ns, At safepoint: 3523700 ns, Total: 11885500 ns
[2020-09-11T11:43:37.056+0000][26480][gc,start     ] GC(47) Pause Young (Concurrent Start) (G1 Humongous Allocation)
[2020-09-11T11:43:37.056+0000][26480][gc,task      ] GC(47) Using 8 workers of 8 for evacuation
[2020-09-11T11:43:37.056+0000][26480][gc,age       ] GC(47) Desired survivor size 36175872 bytes, new threshold 15 (max threshold 15)
[2020-09-11T11:43:37.061+0000][26480][gc,age       ] GC(47) Age table with threshold 15 (max threshold 15)
[2020-09-11T11:43:37.061+0000][26480][gc,age       ] GC(47) - age   1:    3675576 bytes,    3675576 total
[2020-09-11T11:43:37.061+0000][26480][gc,age       ] GC(47) - age   2:       4400 bytes,    3679976 total
[2020-09-11T11:43:37.061+0000][26480][gc,age       ] GC(47) - age   3:       3096 bytes,    3683072 total
[2020-09-11T11:43:37.061+0000][26480][gc,age       ] GC(47) - age   4:       2944 bytes,    3686016 total
[2020-09-11T11:43:37.061+0000][26480][gc,age       ] GC(47) - age   5:       1888 bytes,    3687904 total
[2020-09-11T11:43:37.061+0000][26480][gc,age       ] GC(47) - age   6:       2280 bytes,    3690184 total
[2020-09-11T11:43:37.061+0000][26480][gc,age       ] GC(47) - age   7:       3120 bytes,    3693304 total
[2020-09-11T11:43:37.061+0000][26480][gc,age       ] GC(47) - age   8:       2264 bytes,    3695568 total
[2020-09-11T11:43:37.061+0000][26480][gc,age       ] GC(47) - age   9:       2656 bytes,    3698224 total
[2020-09-11T11:43:37.061+0000][26480][gc,age       ] GC(47) - age  10:      12600 bytes,    3710824 total
[2020-09-11T11:43:37.061+0000][26480][gc,age       ] GC(47) - age  11:      10648 bytes,    3721472 total
[2020-09-11T11:43:37.061+0000][26480][gc,age       ] GC(47) - age  12:      31536 bytes,    3753008 total
[2020-09-11T11:43:37.061+0000][26480][gc,age       ] GC(47) - age  13:      94112 bytes,    3847120 total
[2020-09-11T11:43:37.061+0000][26480][gc,age       ] GC(47) - age  14:      58032 bytes,    3905152 total
[2020-09-11T11:43:37.061+0000][26480][gc,age       ] GC(47) - age  15:     244120 bytes,    4149272 total
[2020-09-11T11:43:37.061+0000][26480][gc,phases    ] GC(47)   Pre Evacuate Collection Set: 0.5ms
[2020-09-11T11:43:37.061+0000][26480][gc,phases    ] GC(47)   Merge Heap Roots: 0.1ms
[2020-09-11T11:43:37.061+0000][26480][gc,phases    ] GC(47)   Evacuate Collection Set: 2.5ms
[2020-09-11T11:43:37.061+0000][26480][gc,phases    ] GC(47)   Post Evacuate Collection Set: 1.0ms
[2020-09-11T11:43:37.061+0000][26480][gc,phases    ] GC(47)   Other: 0.8ms
[2020-09-11T11:43:37.061+0000][26480][gc,heap      ] GC(47) Eden regions: 48->0(507)
[2020-09-11T11:43:37.061+0000][26480][gc,heap      ] GC(47) Survivor regions: 7->5(69)
[2020-09-11T11:43:37.061+0000][26480][gc,heap      ] GC(47) Old regions: 71->72
[2020-09-11T11:43:37.061+0000][26480][gc,heap      ] GC(47) Archive regions: 0->0
[2020-09-11T11:43:37.061+0000][26480][gc,heap      ] GC(47) Humongous regions: 236->174
[2020-09-11T11:43:37.061+0000][26480][gc,metaspace ] GC(47) Metaspace: 83370K(89624K)->83370K(89624K) NonClass: 72436K(76184K)->72436K(76184K) Class: 10934K(13440K)->10934K(13440K)
[2020-09-11T11:43:37.061+0000][26480][gc           ] GC(47) Pause Young (Concurrent Start) (G1 Humongous Allocation) 361M->250M(1024M) 5.102ms
[2020-09-11T11:43:37.061+0000][26480][gc,cpu       ] GC(47) User=0.02s Sys=0.00s Real=0.01s
[2020-09-11T11:43:37.061+0000][26480][safepoint    ] Safepoint "G1TryInitiateConcMark", Time since last: 63661900 ns, Reaching safepoint: 237100 ns, At safepoint: 5281400 ns, Total: 5518500 ns
[2020-09-11T11:43:37.061+0000][26480][gc           ] GC(48) Concurrent Cycle
[2020-09-11T11:43:37.061+0000][26480][gc,marking   ] GC(48) Concurrent Clear Claimed Marks
[2020-09-11T11:43:37.062+0000][26480][gc,marking   ] GC(48) Concurrent Clear Claimed Marks 0.530ms
[2020-09-11T11:43:37.062+0000][26480][gc,marking   ] GC(48) Concurrent Scan Root Regions
[2020-09-11T11:43:37.065+0000][26480][gc,marking   ] GC(48) Concurrent Scan Root Regions 3.000ms
[2020-09-11T11:43:37.065+0000][26480][gc,marking   ] GC(48) Concurrent Mark (7022.200s)
[2020-09-11T11:43:37.065+0000][26480][gc,marking   ] GC(48) Concurrent Mark From Roots
[2020-09-11T11:43:37.065+0000][26480][gc,task      ] GC(48) Using 2 workers of 2 for marking
[2020-09-11T11:43:37.179+0000][26480][gc,marking   ] GC(48) Concurrent Mark From Roots 114.060ms
[2020-09-11T11:43:37.179+0000][26480][gc,marking   ] GC(48) Concurrent Preclean
[2020-09-11T11:43:37.180+0000][26480][gc,marking   ] GC(48) Concurrent Preclean 0.579ms
[2020-09-11T11:43:37.180+0000][26480][gc,marking   ] GC(48) Concurrent Mark (7022.200s, 7022.314s) 114.795ms
[2020-09-11T11:43:37.180+0000][26480][gc,start     ] GC(48) Pause Remark
[2020-09-11T11:43:37.190+0000][26480][gc           ] GC(48) Pause Remark 274M->274M(1024M) 9.430ms
[2020-09-11T11:43:37.190+0000][26480][gc,cpu       ] GC(48) User=0.13s Sys=0.00s Real=0.01s
[2020-09-11T11:43:37.190+0000][26480][safepoint    ] Safepoint "G1Concurrent", Time since last: 118615500 ns, Reaching safepoint: 151900 ns, At safepoint: 9734500 ns, Total: 9886400 ns
[2020-09-11T11:43:37.190+0000][26480][gc,marking   ] GC(48) Concurrent Rebuild Remembered Sets
[2020-09-11T11:43:37.244+0000][26480][safepoint    ] Safepoint "ICBufferFull", Time since last: 53748900 ns, Reaching safepoint: 769000 ns, At safepoint: 28100 ns, Total: 797100 ns
[2020-09-11T11:43:37.266+0000][26480][gc,marking   ] GC(48) Concurrent Rebuild Remembered Sets 76.164ms
[2020-09-11T11:43:37.267+0000][26480][gc,start     ] GC(48) Pause Cleanup
[2020-09-11T11:43:37.267+0000][26480][gc           ] GC(48) Pause Cleanup 333M->333M(1024M) 0.323ms
[2020-09-11T11:43:37.267+0000][26480][gc,cpu       ] GC(48) User=0.00s Sys=0.00s Real=0.00s
[2020-09-11T11:43:37.267+0000][26480][safepoint    ] Safepoint "G1Concurrent", Time since last: 21844600 ns, Reaching safepoint: 271900 ns, At safepoint: 478900 ns, Total: 750800 ns
[2020-09-11T11:43:37.267+0000][26480][gc,marking   ] GC(48) Concurrent Cleanup for Next Mark
[2020-09-11T11:43:37.269+0000][26480][gc,marking   ] GC(48) Concurrent Cleanup for Next Mark 1.979ms
[2020-09-11T11:43:37.269+0000][26480][gc           ] GC(48) Concurrent Cycle 207.768ms
[2020-09-11T11:43:37.547+0000][26480][gc,start     ] GC(49) Pause Young (Concurrent Start) (G1 Humongous Allocation)
[2020-09-11T11:43:37.547+0000][26480][gc,task      ] GC(49) Using 8 workers of 8 for evacuation
[2020-09-11T11:43:37.547+0000][26480][gc,age       ] GC(49) Desired survivor size 33554432 bytes, new threshold 15 (max threshold 15)
[2020-09-11T11:43:37.551+0000][26480][gc,age       ] GC(49) Age table with threshold 15 (max threshold 15)
[2020-09-11T11:43:37.551+0000][26480][gc,age       ] GC(49) - age   1:    2973584 bytes,    2973584 total
[2020-09-11T11:43:37.551+0000][26480][gc,age       ] GC(49) - age   2:    2079800 bytes,    5053384 total
[2020-09-11T11:43:37.552+0000][26480][gc,age       ] GC(49) - age   3:       4368 bytes,    5057752 total
[2020-09-11T11:43:37.552+0000][26480][gc,age       ] GC(49) - age   4:       2776 bytes,    5060528 total
[2020-09-11T11:43:37.552+0000][26480][gc,age       ] GC(49) - age   5:       2816 bytes,    5063344 total
[2020-09-11T11:43:37.552+0000][26480][gc,age       ] GC(49) - age   6:       1728 bytes,    5065072 total
[2020-09-11T11:43:37.552+0000][26480][gc,age       ] GC(49) - age   7:       2032 bytes,    5067104 total
[2020-09-11T11:43:37.552+0000][26480][gc,age       ] GC(49) - age   8:       3120 bytes,    5070224 total
[2020-09-11T11:43:37.552+0000][26480][gc,age       ] GC(49) - age   9:       1976 bytes,    5072200 total
[2020-09-11T11:43:37.552+0000][26480][gc,age       ] GC(49) - age  10:       2624 bytes,    5074824 total
[2020-09-11T11:43:37.552+0000][26480][gc,age       ] GC(49) - age  11:      12600 bytes,    5087424 total
[2020-09-11T11:43:37.552+0000][26480][gc,age       ] GC(49) - age  12:      10496 bytes,    5097920 total
[2020-09-11T11:43:37.552+0000][26480][gc,age       ] GC(49) - age  13:      31536 bytes,    5129456 total
[2020-09-11T11:43:37.552+0000][26480][gc,age       ] GC(49) - age  14:      94112 bytes,    5223568 total
[2020-09-11T11:43:37.552+0000][26480][gc,age       ] GC(49) - age  15:      58032 bytes,    5281600 total
[2020-09-11T11:43:37.552+0000][26480][gc,phases    ] GC(49)   Pre Evacuate Collection Set: 0.4ms
[2020-09-11T11:43:37.552+0000][26480][gc,phases    ] GC(49)   Merge Heap Roots: 0.1ms
[2020-09-11T11:43:37.552+0000][26480][gc,phases    ] GC(49)   Evacuate Collection Set: 2.7ms
[2020-09-11T11:43:37.552+0000][26480][gc,phases    ] GC(49)   Post Evacuate Collection Set: 0.6ms
[2020-09-11T11:43:37.552+0000][26480][gc,phases    ] GC(49)   Other: 0.9ms
[2020-09-11T11:43:37.552+0000][26480][gc,heap      ] GC(49) Eden regions: 44->0(506)
[2020-09-11T11:43:37.552+0000][26480][gc,heap      ] GC(49) Survivor regions: 5->6(64)
[2020-09-11T11:43:37.552+0000][26480][gc,heap      ] GC(49) Old regions: 72->72
[2020-09-11T11:43:37.552+0000][26480][gc,heap      ] GC(49) Archive regions: 0->0
[2020-09-11T11:43:37.552+0000][26480][gc,heap      ] GC(49) Humongous regions: 244->174
[2020-09-11T11:43:37.552+0000][26480][gc,metaspace ] GC(49) Metaspace: 83382K(89624K)->83382K(89624K) NonClass: 72453K(76184K)->72453K(76184K) Class: 10929K(13440K)->10929K(13440K)
[2020-09-11T11:43:37.552+0000][26480][gc           ] GC(49) Pause Young (Concurrent Start) (G1 Humongous Allocation) 364M->251M(1024M) 5.047ms
[2020-09-11T11:43:37.552+0000][26480][gc,cpu       ] GC(49) User=0.00s Sys=0.00s Real=0.01s
[2020-09-11T11:43:37.552+0000][26480][gc           ] GC(50) Concurrent Cycle
[2020-09-11T11:43:37.553+0000][26480][gc,marking   ] GC(50) Concurrent Clear Claimed Marks
[2020-09-11T11:43:37.553+0000][26480][safepoint    ] Safepoint "G1TryInitiateConcMark", Time since last: 280304400 ns, Reaching safepoint: 224300 ns, At safepoint: 5602100 ns, Total: 5826400 ns
[2020-09-11T11:43:37.553+0000][26480][gc,marking   ] GC(50) Concurrent Clear Claimed Marks 0.351ms
[2020-09-11T11:43:37.553+0000][26480][gc,marking   ] GC(50) Concurrent Scan Root Regions
[2020-09-11T11:43:37.557+0000][26480][gc,marking   ] GC(50) Concurrent Scan Root Regions 3.973ms
[2020-09-11T11:43:37.557+0000][26480][gc,marking   ] GC(50) Concurrent Mark (7022.692s)
[2020-09-11T11:43:37.557+0000][26480][gc,marking   ] GC(50) Concurrent Mark From Roots
[2020-09-11T11:43:37.557+0000][26480][gc,task      ] GC(50) Using 2 workers of 2 for marking
[2020-09-11T11:43:37.699+0000][26480][gc,marking   ] GC(50) Concurrent Mark From Roots 141.519ms
[2020-09-11T11:43:37.699+0000][26480][gc,marking   ] GC(50) Concurrent Preclean
[2020-09-11T11:43:37.699+0000][26480][gc,marking   ] GC(50) Concurrent Preclean 0.757ms
[2020-09-11T11:43:37.700+0000][26480][gc,marking   ] GC(50) Concurrent Mark (7022.692s, 7022.834s) 142.488ms
[2020-09-11T11:43:37.700+0000][26480][gc,start     ] GC(50) Pause Remark
[2020-09-11T11:43:37.711+0000][26480][gc           ] GC(50) Pause Remark 508M->508M(1024M) 11.054ms
[2020-09-11T11:43:37.711+0000][26480][gc,cpu       ] GC(50) User=0.00s Sys=0.00s Real=0.01s
[2020-09-11T11:43:37.711+0000][26480][safepoint    ] Safepoint "G1Concurrent", Time since last: 146781700 ns, Reaching safepoint: 160900 ns, At safepoint: 11693500 ns, Total: 11854400 ns
[2020-09-11T11:43:37.712+0000][26480][gc,marking   ] GC(50) Concurrent Rebuild Remembered Sets
[2020-09-11T11:43:37.798+0000][26480][gc,marking   ] GC(50) Concurrent Rebuild Remembered Sets 86.649ms
[2020-09-11T11:43:37.799+0000][26480][gc,start     ] GC(50) Pause Cleanup
[2020-09-11T11:43:37.799+0000][26480][gc           ] GC(50) Pause Cleanup 511M->511M(1024M) 0.398ms
[2020-09-11T11:43:37.799+0000][26480][gc,cpu       ] GC(50) User=0.00s Sys=0.00s Real=0.00s
[2020-09-11T11:43:37.799+0000][26480][safepoint    ] Safepoint "G1Concurrent", Time since last: 86901200 ns, Reaching safepoint: 182100 ns, At safepoint: 623200 ns, Total: 805300 ns
[2020-09-11T11:43:37.799+0000][26480][gc,marking   ] GC(50) Concurrent Cleanup for Next Mark
[2020-09-11T11:43:37.802+0000][26480][gc,marking   ] GC(50) Concurrent Cleanup for Next Mark 2.258ms
[2020-09-11T11:43:37.802+0000][26480][gc           ] GC(50) Concurrent Cycle 249.215ms
[2020-09-11T11:43:37.819+0000][26480][gc,start     ] GC(51) Pause Young (Concurrent Start) (G1 Humongous Allocation)
[2020-09-11T11:43:37.819+0000][26480][gc,task      ] GC(51) Using 8 workers of 8 for evacuation
[2020-09-11T11:43:37.819+0000][26480][gc,age       ] GC(51) Desired survivor size 33554432 bytes, new threshold 15 (max threshold 15)
[2020-09-11T11:43:37.824+0000][26480][gc,age       ] GC(51) Age table with threshold 15 (max threshold 15)
[2020-09-11T11:43:37.824+0000][26480][gc,age       ] GC(51) - age   1:    3753456 bytes,    3753456 total
[2020-09-11T11:43:37.824+0000][26480][gc,age       ] GC(51) - age   2:     736576 bytes,    4490032 total
[2020-09-11T11:43:37.825+0000][26480][gc,age       ] GC(51) - age   3:    2078248 bytes,    6568280 total
[2020-09-11T11:43:37.825+0000][26480][gc,age       ] GC(51) - age   4:       4304 bytes,    6572584 total
[2020-09-11T11:43:37.825+0000][26480][gc,age       ] GC(51) - age   5:       2712 bytes,    6575296 total
[2020-09-11T11:43:37.825+0000][26480][gc,age       ] GC(51) - age   6:       2456 bytes,    6577752 total
[2020-09-11T11:43:37.825+0000][26480][gc,age       ] GC(51) - age   7:       1368 bytes,    6579120 total
[2020-09-11T11:43:37.825+0000][26480][gc,age       ] GC(51) - age   8:       1936 bytes,    6581056 total
[2020-09-11T11:43:37.825+0000][26480][gc,age       ] GC(51) - age   9:       3120 bytes,    6584176 total
[2020-09-11T11:43:37.825+0000][26480][gc,age       ] GC(51) - age  10:       1824 bytes,    6586000 total
[2020-09-11T11:43:37.825+0000][26480][gc,age       ] GC(51) - age  11:       2624 bytes,    6588624 total
[2020-09-11T11:43:37.825+0000][26480][gc,age       ] GC(51) - age  12:      12568 bytes,    6601192 total
[2020-09-11T11:43:37.825+0000][26480][gc,age       ] GC(51) - age  13:      10496 bytes,    6611688 total
[2020-09-11T11:43:37.825+0000][26480][gc,age       ] GC(51) - age  14:      31536 bytes,    6643224 total
[2020-09-11T11:43:37.825+0000][26480][gc,age       ] GC(51) - age  15:      94072 bytes,    6737296 total
[2020-09-11T11:43:37.825+0000][26480][gc,phases    ] GC(51)   Pre Evacuate Collection Set: 0.5ms
[2020-09-11T11:43:37.825+0000][26480][gc,phases    ] GC(51)   Merge Heap Roots: 0.1ms
[2020-09-11T11:43:37.825+0000][26480][gc,phases    ] GC(51)   Evacuate Collection Set: 2.9ms
[2020-09-11T11:43:37.825+0000][26480][gc,phases    ] GC(51)   Post Evacuate Collection Set: 1.6ms
[2020-09-11T11:43:37.825+0000][26480][gc,phases    ] GC(51)   Other: 1.1ms
[2020-09-11T11:43:37.825+0000][26480][gc,heap      ] GC(51) Eden regions: 59->0(447)
[2020-09-11T11:43:37.826+0000][26480][gc,heap      ] GC(51) Survivor regions: 6->7(64)
[2020-09-11T11:43:37.826+0000][26480][gc,heap      ] GC(51) Old regions: 72->72
[2020-09-11T11:43:37.826+0000][26480][gc,heap      ] GC(51) Archive regions: 0->0
[2020-09-11T11:43:37.826+0000][26480][gc,heap      ] GC(51) Humongous regions: 378->174
[2020-09-11T11:43:37.826+0000][26480][gc,metaspace ] GC(51) Metaspace: 83231K(89624K)->83231K(89624K) NonClass: 72355K(76184K)->72355K(76184K) Class: 10875K(13440K)->10875K(13440K)
[2020-09-11T11:43:37.826+0000][26480][gc           ] GC(51) Pause Young (Concurrent Start) (G1 Humongous Allocation) 513M->252M(1024M) 6.803ms
[2020-09-11T11:43:37.826+0000][26480][gc,cpu       ] GC(51) User=0.11s Sys=0.00s Real=0.01s
[2020-09-11T11:43:37.826+0000][26480][gc           ] GC(52) Concurrent Cycle
[2020-09-11T11:43:37.826+0000][26480][safepoint    ] Safepoint "G1TryInitiateConcMark", Time since last: 19586800 ns, Reaching safepoint: 176000 ns, At safepoint: 7026800 ns, Total: 7202800 ns
[2020-09-11T11:43:37.826+0000][26480][gc,marking   ] GC(52) Concurrent Clear Claimed Marks
[2020-09-11T11:43:37.826+0000][26480][gc,marking   ] GC(52) Concurrent Clear Claimed Marks 0.468ms
[2020-09-11T11:43:37.827+0000][26480][gc,marking   ] GC(52) Concurrent Scan Root Regions
[2020-09-11T11:43:37.831+0000][26480][gc,marking   ] GC(52) Concurrent Scan Root Regions 4.436ms
[2020-09-11T11:43:37.831+0000][26480][gc,marking   ] GC(52) Concurrent Mark (7022.966s)
[2020-09-11T11:43:37.831+0000][26480][gc,marking   ] GC(52) Concurrent Mark From Roots
[2020-09-11T11:43:37.831+0000][26480][gc,task      ] GC(52) Using 2 workers of 2 for marking
[2020-09-11T11:43:37.986+0000][26480][gc,marking   ] GC(52) Concurrent Mark From Roots 154.427ms
[2020-09-11T11:43:37.986+0000][26480][gc,marking   ] GC(52) Concurrent Preclean
[2020-09-11T11:43:37.986+0000][26480][gc,marking   ] GC(52) Concurrent Preclean 0.707ms
[2020-09-11T11:43:37.986+0000][26480][gc,marking   ] GC(52) Concurrent Mark (7022.966s, 7023.121s) 155.319ms
[2020-09-11T11:43:37.987+0000][26480][gc,start     ] GC(52) Pause Remark
[2020-09-11T11:43:37.997+0000][26480][gc           ] GC(52) Pause Remark 324M->324M(1024M) 9.978ms
[2020-09-11T11:43:37.997+0000][26480][gc,cpu       ] GC(52) User=0.11s Sys=0.00s Real=0.01s
[2020-09-11T11:43:37.997+0000][26480][safepoint    ] Safepoint "G1Concurrent", Time since last: 160561100 ns, Reaching safepoint: 319500 ns, At safepoint: 10293600 ns, Total: 10613100 ns
[2020-09-11T11:43:37.997+0000][26480][gc,marking   ] GC(52) Concurrent Rebuild Remembered Sets
[2020-09-11T11:43:38.074+0000][26480][gc,marking   ] GC(52) Concurrent Rebuild Remembered Sets 76.363ms
[2020-09-11T11:43:38.074+0000][26480][gc,start     ] GC(52) Pause Cleanup
[2020-09-11T11:43:38.074+0000][26480][gc           ] GC(52) Pause Cleanup 331M->331M(1024M) 0.268ms
[2020-09-11T11:43:38.074+0000][26480][gc,cpu       ] GC(52) User=0.00s Sys=0.00s Real=0.00s
[2020-09-11T11:43:38.074+0000][26480][safepoint    ] Safepoint "G1Concurrent", Time since last: 76564400 ns, Reaching safepoint: 234500 ns, At safepoint: 378700 ns, Total: 613200 ns
[2020-09-11T11:43:38.074+0000][26480][gc,marking   ] GC(52) Concurrent Cleanup for Next Mark
[2020-09-11T11:43:38.076+0000][26480][gc,marking   ] GC(52) Concurrent Cleanup for Next Mark 1.137ms
[2020-09-11T11:43:38.076+0000][26480][gc           ] GC(52) Concurrent Cycle 249.735ms
[2020-09-11T11:43:38.236+0000][26480][safepoint    ] Safepoint "ICBufferFull", Time since last: 161270800 ns, Reaching safepoint: 263400 ns, At safepoint: 57500 ns, Total: 320900 ns
[2020-09-11T11:43:38.245+0000][26480][gc,start     ] GC(53) Pause Young (Concurrent Start) (G1 Humongous Allocation)
[2020-09-11T11:43:38.245+0000][26480][gc,task      ] GC(53) Using 8 workers of 8 for evacuation
[2020-09-11T11:43:38.246+0000][26480][gc,age       ] GC(53) Desired survivor size 29884416 bytes, new threshold 15 (max threshold 15)
[2020-09-11T11:43:38.252+0000][26480][gc,age       ] GC(53) Age table with threshold 15 (max threshold 15)
[2020-09-11T11:43:38.252+0000][26480][gc,age       ] GC(53) - age   1:   13368800 bytes,   13368800 total
[2020-09-11T11:43:38.252+0000][26480][gc,age       ] GC(53) - age   2:      10488 bytes,   13379288 total
[2020-09-11T11:43:38.252+0000][26480][gc,age       ] GC(53) - age   3:     114992 bytes,   13494280 total
[2020-09-11T11:43:38.252+0000][26480][gc,age       ] GC(53) - age   4:    2072048 bytes,   15566328 total
[2020-09-11T11:43:38.252+0000][26480][gc,age       ] GC(53) - age   5:       4176 bytes,   15570504 total
[2020-09-11T11:43:38.252+0000][26480][gc,age       ] GC(53) - age   6:       2712 bytes,   15573216 total
[2020-09-11T11:43:38.252+0000][26480][gc,age       ] GC(53) - age   7:       2456 bytes,   15575672 total
[2020-09-11T11:43:38.252+0000][26480][gc,age       ] GC(53) - age   8:       1368 bytes,   15577040 total
[2020-09-11T11:43:38.252+0000][26480][gc,age       ] GC(53) - age   9:       1936 bytes,   15578976 total
[2020-09-11T11:43:38.252+0000][26480][gc,age       ] GC(53) - age  10:       2784 bytes,   15581760 total
[2020-09-11T11:43:38.252+0000][26480][gc,age       ] GC(53) - age  11:       1824 bytes,   15583584 total
[2020-09-11T11:43:38.252+0000][26480][gc,age       ] GC(53) - age  12:       2592 bytes,   15586176 total
[2020-09-11T11:43:38.252+0000][26480][gc,age       ] GC(53) - age  13:      12504 bytes,   15598680 total
[2020-09-11T11:43:38.252+0000][26480][gc,age       ] GC(53) - age  14:      10464 bytes,   15609144 total
[2020-09-11T11:43:38.252+0000][26480][gc,age       ] GC(53) - age  15:      31440 bytes,   15640584 total
[2020-09-11T11:43:38.252+0000][26480][gc,phases    ] GC(53)   Pre Evacuate Collection Set: 0.5ms
[2020-09-11T11:43:38.252+0000][26480][gc,phases    ] GC(53)   Merge Heap Roots: 0.1ms
[2020-09-11T11:43:38.252+0000][26480][gc,phases    ] GC(53)   Evacuate Collection Set: 4.6ms
[2020-09-11T11:43:38.252+0000][26480][gc,phases    ] GC(53)   Post Evacuate Collection Set: 0.8ms
[2020-09-11T11:43:38.252+0000][26480][gc,phases    ] GC(53)   Other: 1.0ms
[2020-09-11T11:43:38.253+0000][26480][gc,heap      ] GC(53) Eden regions: 58->0(441)
[2020-09-11T11:43:38.253+0000][26480][gc,heap      ] GC(53) Survivor regions: 7->16(57)
[2020-09-11T11:43:38.253+0000][26480][gc,heap      ] GC(53) Old regions: 72->73
[2020-09-11T11:43:38.253+0000][26480][gc,heap      ] GC(53) Archive regions: 0->0
[2020-09-11T11:43:38.253+0000][26480][gc,heap      ] GC(53) Humongous regions: 235->174
[2020-09-11T11:43:38.253+0000][26480][gc,metaspace ] GC(53) Metaspace: 83350K(89880K)->83350K(89880K) NonClass: 72468K(76440K)->72468K(76440K) Class: 10881K(13440K)->10881K(13440K)
[2020-09-11T11:43:38.253+0000][26480][gc           ] GC(53) Pause Young (Concurrent Start) (G1 Humongous Allocation) 371M->261M(1024M) 7.314ms
[2020-09-11T11:43:38.253+0000][26480][gc,cpu       ] GC(53) User=0.00s Sys=0.00s Real=0.01s
[2020-09-11T11:43:38.253+0000][26480][gc           ] GC(54) Concurrent Cycle
[2020-09-11T11:43:38.253+0000][26480][gc,marking   ] GC(54) Concurrent Clear Claimed Marks
[2020-09-11T11:43:38.253+0000][26480][safepoint    ] Safepoint "G1TryInitiateConcMark", Time since last: 8812000 ns, Reaching safepoint: 534600 ns, At safepoint: 7585300 ns, Total: 8119900 ns
[2020-09-11T11:43:38.253+0000][26480][safepoint    ] Safepoint "G1TryInitiateConcMark", Time since last: 115500 ns, Reaching safepoint: 145800 ns, At safepoint: 41900 ns, Total: 187700 ns
[2020-09-11T11:43:38.253+0000][26480][gc,marking   ] GC(54) Concurrent Clear Claimed Marks 0.336ms
[2020-09-11T11:43:38.253+0000][26480][gc,marking   ] GC(54) Concurrent Scan Root Regions
[2020-09-11T11:43:38.259+0000][26480][gc,marking   ] GC(54) Concurrent Scan Root Regions 5.320ms
[2020-09-11T11:43:38.259+0000][26480][gc,marking   ] GC(54) Concurrent Mark (7023.394s)
[2020-09-11T11:43:38.259+0000][26480][gc,marking   ] GC(54) Concurrent Mark From Roots
[2020-09-11T11:43:38.259+0000][26480][gc,task      ] GC(54) Using 2 workers of 2 for marking
[2020-09-11T11:43:38.403+0000][26480][gc,marking   ] GC(54) Concurrent Mark From Roots 144.317ms
[2020-09-11T11:43:38.403+0000][26480][gc,marking   ] GC(54) Concurrent Preclean
[2020-09-11T11:43:38.404+0000][26480][gc,marking   ] GC(54) Concurrent Preclean 0.499ms
[2020-09-11T11:43:38.404+0000][26480][gc,marking   ] GC(54) Concurrent Mark (7023.394s, 7023.539s) 144.976ms
[2020-09-11T11:43:38.404+0000][26480][gc,start     ] GC(54) Pause Remark
[2020-09-11T11:43:38.408+0000][26480][gc           ] GC(54) Pause Remark 496M->496M(1024M) 4.014ms
[2020-09-11T11:43:38.408+0000][26480][gc,cpu       ] GC(54) User=0.00s Sys=0.00s Real=0.00s
[2020-09-11T11:43:38.408+0000][26480][safepoint    ] Safepoint "G1Concurrent", Time since last: 150743200 ns, Reaching safepoint: 186800 ns, At safepoint: 4233200 ns, Total: 4420000 ns
[2020-09-11T11:43:38.408+0000][26480][gc,marking   ] GC(54) Concurrent Rebuild Remembered Sets
[2020-09-11T11:43:38.498+0000][26480][gc,marking   ] GC(54) Concurrent Rebuild Remembered Sets 90.044ms
[2020-09-11T11:43:38.499+0000][26480][gc,start     ] GC(54) Pause Cleanup
[2020-09-11T11:43:38.499+0000][26480][gc           ] GC(54) Pause Cleanup 570M->570M(1024M) 0.331ms
[2020-09-11T11:43:38.499+0000][26480][gc,cpu       ] GC(54) User=0.00s Sys=0.00s Real=0.00s
[2020-09-11T11:43:38.499+0000][26480][safepoint    ] Safepoint "G1Concurrent", Time since last: 90226300 ns, Reaching safepoint: 174600 ns, At safepoint: 518600 ns, Total: 693200 ns
[2020-09-11T11:43:38.499+0000][26480][gc,marking   ] GC(54) Concurrent Cleanup for Next Mark
[2020-09-11T11:43:38.501+0000][26480][gc,marking   ] GC(54) Concurrent Cleanup for Next Mark 1.819ms
[2020-09-11T11:43:38.501+0000][26480][gc           ] GC(54) Concurrent Cycle 248.490ms
[2020-09-11T11:43:38.503+0000][26480][safepoint    ] Safepoint "BulkRevokeBias", Time since last: 2226600 ns, Reaching safepoint: 190000 ns, At safepoint: 1849100 ns, Total: 2039100 ns
[2020-09-11T11:43:38.664+0000][26480][gc,start     ] GC(55) Pause Young (Concurrent Start) (G1 Humongous Allocation)
[2020-09-11T11:43:38.664+0000][26480][gc,task      ] GC(55) Using 8 workers of 8 for evacuation
[2020-09-11T11:43:38.664+0000][26480][gc,age       ] GC(55) Desired survivor size 30408704 bytes, new threshold 15 (max threshold 15)
[2020-09-11T11:43:38.669+0000][26480][gc,age       ] GC(55) Age table with threshold 15 (max threshold 15)
[2020-09-11T11:43:38.669+0000][26480][gc,age       ] GC(55) - age   1:    3924168 bytes,    3924168 total
[2020-09-11T11:43:38.669+0000][26480][gc,age       ] GC(55) - age   2:      66040 bytes,    3990208 total
[2020-09-11T11:43:38.669+0000][26480][gc,age       ] GC(55) - age   3:      10136 bytes,    4000344 total
[2020-09-11T11:43:38.669+0000][26480][gc,age       ] GC(55) - age   4:     114576 bytes,    4114920 total
[2020-09-11T11:43:38.669+0000][26480][gc,age       ] GC(55) - age   5:    2071992 bytes,    6186912 total
[2020-09-11T11:43:38.670+0000][26480][gc,age       ] GC(55) - age   6:       4176 bytes,    6191088 total
[2020-09-11T11:43:38.670+0000][26480][gc,age       ] GC(55) - age   7:       2712 bytes,    6193800 total
[2020-09-11T11:43:38.670+0000][26480][gc,age       ] GC(55) - age   8:       2456 bytes,    6196256 total
[2020-09-11T11:43:38.670+0000][26480][gc,age       ] GC(55) - age   9:       1368 bytes,    6197624 total
[2020-09-11T11:43:38.670+0000][26480][gc,age       ] GC(55) - age  10:       1936 bytes,    6199560 total
[2020-09-11T11:43:38.670+0000][26480][gc,age       ] GC(55) - age  11:       2560 bytes,    6202120 total
[2020-09-11T11:43:38.670+0000][26480][gc,age       ] GC(55) - age  12:       1792 bytes,    6203912 total
[2020-09-11T11:43:38.670+0000][26480][gc,age       ] GC(55) - age  13:       2592 bytes,    6206504 total
[2020-09-11T11:43:38.670+0000][26480][gc,age       ] GC(55) - age  14:      12504 bytes,    6219008 total
[2020-09-11T11:43:38.670+0000][26480][gc,age       ] GC(55) - age  15:      10464 bytes,    6229472 total
[2020-09-11T11:43:38.670+0000][26480][gc,phases    ] GC(55)   Pre Evacuate Collection Set: 0.4ms
[2020-09-11T11:43:38.670+0000][26480][gc,phases    ] GC(55)   Merge Heap Roots: 0.1ms
[2020-09-11T11:43:38.670+0000][26480][gc,phases    ] GC(55)   Evacuate Collection Set: 3.1ms
[2020-09-11T11:43:38.670+0000][26480][gc,phases    ] GC(55)   Post Evacuate Collection Set: 1.1ms
[2020-09-11T11:43:38.670+0000][26480][gc,phases    ] GC(55)   Other: 1.1ms
[2020-09-11T11:43:38.670+0000][26480][gc,heap      ] GC(55) Eden regions: 76->0(459)
[2020-09-11T11:43:38.671+0000][26480][gc,heap      ] GC(55) Survivor regions: 16->7(58)
[2020-09-11T11:43:38.671+0000][26480][gc,heap      ] GC(55) Old regions: 73->73
[2020-09-11T11:43:38.671+0000][26480][gc,heap      ] GC(55) Archive regions: 0->0
[2020-09-11T11:43:38.671+0000][26480][gc,heap      ] GC(55) Humongous regions: 421->174
[2020-09-11T11:43:38.671+0000][26480][gc,metaspace ] GC(55) Metaspace: 83378K(89880K)->83378K(89880K) NonClass: 72496K(76440K)->72496K(76440K) Class: 10881K(13440K)->10881K(13440K)
[2020-09-11T11:43:38.671+0000][26480][gc           ] GC(55) Pause Young (Concurrent Start) (G1 Humongous Allocation) 584M->252M(1024M) 6.698ms
[2020-09-11T11:43:38.671+0000][26480][gc,cpu       ] GC(55) User=0.11s Sys=0.00s Real=0.01s
[2020-09-11T11:43:38.671+0000][26480][gc           ] GC(56) Concurrent Cycle
[2020-09-11T11:43:38.672+0000][26480][safepoint    ] Safepoint "G1TryInitiateConcMark", Time since last: 160499600 ns, Reaching safepoint: 178400 ns, At safepoint: 6945600 ns, Total: 7124000 ns
[2020-09-11T11:43:38.672+0000][26480][gc,marking   ] GC(56) Concurrent Clear Claimed Marks
[2020-09-11T11:43:38.672+0000][26480][gc,marking   ] GC(56) Concurrent Clear Claimed Marks 1.074ms
[2020-09-11T11:43:38.672+0000][26480][gc,marking   ] GC(56) Concurrent Scan Root Regions
[2020-09-11T11:43:38.677+0000][26480][gc,marking   ] GC(56) Concurrent Scan Root Regions 4.166ms
[2020-09-11T11:43:38.677+0000][26480][gc,marking   ] GC(56) Concurrent Mark (7023.811s)
[2020-09-11T11:43:38.677+0000][26480][gc,marking   ] GC(56) Concurrent Mark From Roots
[2020-09-11T11:43:38.677+0000][26480][gc,task      ] GC(56) Using 2 workers of 2 for marking
[2020-09-11T11:43:38.798+0000][26480][gc,marking   ] GC(56) Concurrent Mark From Roots 121.234ms
[2020-09-11T11:43:38.798+0000][26480][gc,marking   ] GC(56) Concurrent Preclean
[2020-09-11T11:43:38.798+0000][26480][gc,marking   ] GC(56) Concurrent Preclean 0.448ms
[2020-09-11T11:43:38.798+0000][26480][gc,marking   ] GC(56) Concurrent Mark (7023.811s, 7023.933s) 121.849ms
[2020-09-11T11:43:38.799+0000][26480][gc,start     ] GC(56) Pause Remark
[2020-09-11T11:43:38.803+0000][26480][gc           ] GC(56) Pause Remark 315M->315M(1024M) 3.806ms
[2020-09-11T11:43:38.803+0000][26480][gc,cpu       ] GC(56) User=0.00s Sys=0.00s Real=0.00s
[2020-09-11T11:43:38.803+0000][26480][safepoint    ] Safepoint "G1Concurrent", Time since last: 127440200 ns, Reaching safepoint: 140800 ns, At safepoint: 3979200 ns, Total: 4120000 ns
[2020-09-11T11:43:38.803+0000][26480][gc,marking   ] GC(56) Concurrent Rebuild Remembered Sets
[2020-09-11T11:43:38.881+0000][26480][gc,marking   ] GC(56) Concurrent Rebuild Remembered Sets 78.723ms
[2020-09-11T11:43:38.882+0000][26480][gc,start     ] GC(56) Pause Cleanup
[2020-09-11T11:43:38.882+0000][26480][gc           ] GC(56) Pause Cleanup 380M->380M(1024M) 0.267ms
[2020-09-11T11:43:38.882+0000][26480][gc,cpu       ] GC(56) User=0.00s Sys=0.00s Real=0.00s
[2020-09-11T11:43:38.882+0000][26480][safepoint    ] Safepoint "G1Concurrent", Time since last: 78876700 ns, Reaching safepoint: 147100 ns, At safepoint: 410800 ns, Total: 557900 ns
[2020-09-11T11:43:38.882+0000][26480][gc,marking   ] GC(56) Concurrent Cleanup for Next Mark
[2020-09-11T11:43:38.884+0000][26480][gc,marking   ] GC(56) Concurrent Cleanup for Next Mark 1.554ms
[2020-09-11T11:43:38.884+0000][26480][gc           ] GC(56) Concurrent Cycle 212.733ms
[2020-09-11T11:43:39.033+0000][26480][gc,start     ] GC(57) Pause Young (Concurrent Start) (G1 Humongous Allocation)
[2020-09-11T11:43:39.033+0000][26480][gc,task      ] GC(57) Using 8 workers of 8 for evacuation
[2020-09-11T11:43:39.033+0000][26480][gc,age       ] GC(57) Desired survivor size 30932992 bytes, new threshold 15 (max threshold 15)
[2020-09-11T11:43:39.037+0000][26480][gc,age       ] GC(57) Age table with threshold 15 (max threshold 15)
[2020-09-11T11:43:39.037+0000][26480][gc,age       ] GC(57) - age   1:    3336056 bytes,    3336056 total
[2020-09-11T11:43:39.037+0000][26480][gc,age       ] GC(57) - age   2:     626672 bytes,    3962728 total
[2020-09-11T11:43:39.037+0000][26480][gc,age       ] GC(57) - age   3:      62120 bytes,    4024848 total
[2020-09-11T11:43:39.037+0000][26480][gc,age       ] GC(57) - age   4:       9464 bytes,    4034312 total
[2020-09-11T11:43:39.037+0000][26480][gc,age       ] GC(57) - age   5:     114352 bytes,    4148664 total
[2020-09-11T11:43:39.037+0000][26480][gc,age       ] GC(57) - age   6:    2071992 bytes,    6220656 total
[2020-09-11T11:43:39.037+0000][26480][gc,age       ] GC(57) - age   7:       4112 bytes,    6224768 total
[2020-09-11T11:43:39.038+0000][26480][gc,age       ] GC(57) - age   8:       2712 bytes,    6227480 total
[2020-09-11T11:43:39.038+0000][26480][gc,age       ] GC(57) - age   9:       2360 bytes,    6229840 total
[2020-09-11T11:43:39.038+0000][26480][gc,age       ] GC(57) - age  10:       1368 bytes,    6231208 total
[2020-09-11T11:43:39.038+0000][26480][gc,age       ] GC(57) - age  11:       1712 bytes,    6232920 total
[2020-09-11T11:43:39.038+0000][26480][gc,age       ] GC(57) - age  12:       2240 bytes,    6235160 total
[2020-09-11T11:43:39.038+0000][26480][gc,age       ] GC(57) - age  13:       1792 bytes,    6236952 total
[2020-09-11T11:43:39.038+0000][26480][gc,age       ] GC(57) - age  14:       2560 bytes,    6239512 total
[2020-09-11T11:43:39.038+0000][26480][gc,age       ] GC(57) - age  15:      12504 bytes,    6252016 total
[2020-09-11T11:43:39.038+0000][26480][gc,phases    ] GC(57)   Pre Evacuate Collection Set: 0.4ms
[2020-09-11T11:43:39.038+0000][26480][gc,phases    ] GC(57)   Merge Heap Roots: 0.1ms
[2020-09-11T11:43:39.038+0000][26480][gc,phases    ] GC(57)   Evacuate Collection Set: 3.3ms
[2020-09-11T11:43:39.038+0000][26480][gc,phases    ] GC(57)   Post Evacuate Collection Set: 0.7ms
[2020-09-11T11:43:39.038+0000][26480][gc,phases    ] GC(57)   Other: 0.9ms
[2020-09-11T11:43:39.038+0000][26480][gc,heap      ] GC(57) Eden regions: 42->0(468)
[2020-09-11T11:43:39.038+0000][26480][gc,heap      ] GC(57) Survivor regions: 7->7(59)
[2020-09-11T11:43:39.038+0000][26480][gc,heap      ] GC(57) Old regions: 73->73
[2020-09-11T11:43:39.038+0000][26480][gc,heap      ] GC(57) Archive regions: 0->0
[2020-09-11T11:43:39.038+0000][26480][gc,heap      ] GC(57) Humongous regions: 278->174
[2020-09-11T11:43:39.038+0000][26480][gc,metaspace ] GC(57) Metaspace: 83393K(89880K)->83393K(89880K) NonClass: 72511K(76440K)->72511K(76440K) Class: 10881K(13440K)->10881K(13440K)
[2020-09-11T11:43:39.038+0000][26480][gc           ] GC(57) Pause Young (Concurrent Start) (G1 Humongous Allocation) 397M->252M(1024M) 5.685ms
[2020-09-11T11:43:39.038+0000][26480][gc,cpu       ] GC(57) User=0.00s Sys=0.00s Real=0.01s
[2020-09-11T11:43:39.038+0000][26480][gc           ] GC(58) Concurrent Cycle
[2020-09-11T11:43:39.038+0000][26480][safepoint    ] Safepoint "G1TryInitiateConcMark", Time since last: 150200900 ns, Reaching safepoint: 164000 ns, At safepoint: 5866300 ns, Total: 6030300 ns
[2020-09-11T11:43:39.038+0000][26480][gc,marking   ] GC(58) Concurrent Clear Claimed Marks
[2020-09-11T11:43:39.039+0000][26480][gc,marking   ] GC(58) Concurrent Clear Claimed Marks 0.439ms
[2020-09-11T11:43:39.039+0000][26480][gc,marking   ] GC(58) Concurrent Scan Root Regions
[2020-09-11T11:43:39.042+0000][26480][gc,marking   ] GC(58) Concurrent Scan Root Regions 2.956ms
[2020-09-11T11:43:39.042+0000][26480][gc,marking   ] GC(58) Concurrent Mark (7024.177s)
[2020-09-11T11:43:39.042+0000][26480][gc,marking   ] GC(58) Concurrent Mark From Roots
[2020-09-11T11:43:39.042+0000][26480][gc,task      ] GC(58) Using 2 workers of 2 for marking
[2020-09-11T11:43:39.182+0000][26480][gc,marking   ] GC(58) Concurrent Mark From Roots 140.188ms
[2020-09-11T11:43:39.182+0000][26480][gc,marking   ] GC(58) Concurrent Preclean
[2020-09-11T11:43:39.183+0000][26480][gc,marking   ] GC(58) Concurrent Preclean 0.694ms
[2020-09-11T11:43:39.183+0000][26480][gc,marking   ] GC(58) Concurrent Mark (7024.177s, 7024.318s) 141.043ms
[2020-09-11T11:43:39.183+0000][26480][gc,start     ] GC(58) Pause Remark
[2020-09-11T11:43:39.188+0000][26480][gc           ] GC(58) Pause Remark 314M->314M(1024M) 4.836ms
[2020-09-11T11:43:39.188+0000][26480][gc,cpu       ] GC(58) User=0.00s Sys=0.00s Real=0.00s
[2020-09-11T11:43:39.188+0000][26480][safepoint    ] Safepoint "G1Concurrent", Time since last: 144770200 ns, Reaching safepoint: 148200 ns, At safepoint: 5069500 ns, Total: 5217700 ns
[2020-09-11T11:43:39.188+0000][26480][gc,marking   ] GC(58) Concurrent Rebuild Remembered Sets
[2020-09-11T11:43:39.283+0000][26480][gc,marking   ] GC(58) Concurrent Rebuild Remembered Sets 94.685ms
[2020-09-11T11:43:39.284+0000][26480][gc,start     ] GC(58) Pause Cleanup
[2020-09-11T11:43:39.285+0000][26480][gc           ] GC(58) Pause Cleanup 320M->320M(1024M) 0.447ms
[2020-09-11T11:43:39.285+0000][26480][gc,cpu       ] GC(58) User=0.00s Sys=0.00s Real=0.00s
[2020-09-11T11:43:39.285+0000][26480][safepoint    ] Safepoint "G1Concurrent", Time since last: 95023300 ns, Reaching safepoint: 249000 ns, At safepoint: 1163800 ns, Total: 1412800 ns
[2020-09-11T11:43:39.285+0000][26480][gc,marking   ] GC(58) Concurrent Cleanup for Next Mark
[2020-09-11T11:43:39.287+0000][26480][gc,marking   ] GC(58) Concurrent Cleanup for Next Mark 1.843ms
[2020-09-11T11:43:39.287+0000][26480][gc           ] GC(58) Concurrent Cycle 248.567ms
[2020-09-11T11:43:39.309+0000][26480][gc,start     ] GC(59) Pause Young (Concurrent Start) (G1 Humongous Allocation)
[2020-09-11T11:43:39.309+0000][26480][gc,task      ] GC(59) Using 8 workers of 8 for evacuation
[2020-09-11T11:43:39.309+0000][26480][gc,age       ] GC(59) Desired survivor size 31457280 bytes, new threshold 15 (max threshold 15)
[2020-09-11T11:43:39.316+0000][26480][gc,age       ] GC(59) Age table with threshold 15 (max threshold 15)
[2020-09-11T11:43:39.316+0000][26480][gc,age       ] GC(59) - age   1:    2866920 bytes,    2866920 total
[2020-09-11T11:43:39.316+0000][26480][gc,age       ] GC(59) - age   2:     437880 bytes,    3304800 total
[2020-09-11T11:43:39.316+0000][26480][gc,age       ] GC(59) - age   3:     426592 bytes,    3731392 total
[2020-09-11T11:43:39.316+0000][26480][gc,age       ] GC(59) - age   4:      60744 bytes,    3792136 total
[2020-09-11T11:43:39.316+0000][26480][gc,age       ] GC(59) - age   5:       9432 bytes,    3801568 total
[2020-09-11T11:43:39.316+0000][26480][gc,age       ] GC(59) - age   6:     114352 bytes,    3915920 total
[2020-09-11T11:43:39.316+0000][26480][gc,age       ] GC(59) - age   7:    2071992 bytes,    5987912 total
[2020-09-11T11:43:39.316+0000][26480][gc,age       ] GC(59) - age   8:       3984 bytes,    5991896 total
[2020-09-11T11:43:39.316+0000][26480][gc,age       ] GC(59) - age   9:       2712 bytes,    5994608 total
[2020-09-11T11:43:39.316+0000][26480][gc,age       ] GC(59) - age  10:       2360 bytes,    5996968 total
[2020-09-11T11:43:39.316+0000][26480][gc,age       ] GC(59) - age  11:       1272 bytes,    5998240 total
[2020-09-11T11:43:39.316+0000][26480][gc,age       ] GC(59) - age  12:       1680 bytes,    5999920 total
[2020-09-11T11:43:39.317+0000][26480][gc,age       ] GC(59) - age  13:       2240 bytes,    6002160 total
[2020-09-11T11:43:39.317+0000][26480][gc,age       ] GC(59) - age  14:       1792 bytes,    6003952 total
[2020-09-11T11:43:39.317+0000][26480][gc,age       ] GC(59) - age  15:       2560 bytes,    6006512 total
[2020-09-11T11:43:39.317+0000][26480][gc,phases    ] GC(59)   Pre Evacuate Collection Set: 0.7ms
[2020-09-11T11:43:39.317+0000][26480][gc,phases    ] GC(59)   Merge Heap Roots: 0.1ms
[2020-09-11T11:43:39.317+0000][26480][gc,phases    ] GC(59)   Evacuate Collection Set: 4.4ms
[2020-09-11T11:43:39.317+0000][26480][gc,phases    ] GC(59)   Post Evacuate Collection Set: 0.9ms
[2020-09-11T11:43:39.317+0000][26480][gc,phases    ] GC(59)   Other: 1.4ms
[2020-09-11T11:43:39.317+0000][26480][gc,heap      ] GC(59) Eden regions: 22->0(476)
[2020-09-11T11:43:39.317+0000][26480][gc,heap      ] GC(59) Survivor regions: 7->7(60)
[2020-09-11T11:43:39.317+0000][26480][gc,heap      ] GC(59) Old regions: 73->73
[2020-09-11T11:43:39.317+0000][26480][gc,heap      ] GC(59) Archive regions: 0->0
[2020-09-11T11:43:39.317+0000][26480][gc,heap      ] GC(59) Humongous regions: 234->174
[2020-09-11T11:43:39.317+0000][26480][gc,metaspace ] GC(59) Metaspace: 83399K(89880K)->83399K(89880K) NonClass: 72517K(76440K)->72517K(76440K) Class: 10881K(13440K)->10881K(13440K)
[2020-09-11T11:43:39.317+0000][26480][gc           ] GC(59) Pause Young (Concurrent Start) (G1 Humongous Allocation) 334M->252M(1024M) 7.933ms
[2020-09-11T11:43:39.317+0000][26480][gc,cpu       ] GC(59) User=0.00s Sys=0.00s Real=0.01s
[2020-09-11T11:43:39.317+0000][26480][gc           ] GC(60) Concurrent Cycle
[2020-09-11T11:43:39.317+0000][26480][safepoint    ] Safepoint "G1TryInitiateConcMark", Time since last: 24202000 ns, Reaching safepoint: 206200 ns, At safepoint: 8191500 ns, Total: 8397700 ns
[2020-09-11T11:43:39.317+0000][26480][gc,marking   ] GC(60) Concurrent Clear Claimed Marks
[2020-09-11T11:43:39.318+0000][26480][gc,marking   ] GC(60) Concurrent Clear Claimed Marks 0.543ms
[2020-09-11T11:43:39.318+0000][26480][gc,marking   ] GC(60) Concurrent Scan Root Regions
[2020-09-11T11:43:39.322+0000][26480][gc,marking   ] GC(60) Concurrent Scan Root Regions 3.935ms
[2020-09-11T11:43:39.322+0000][26480][gc,marking   ] GC(60) Concurrent Mark (7024.457s)
[2020-09-11T11:43:39.322+0000][26480][gc,marking   ] GC(60) Concurrent Mark From Roots
[2020-09-11T11:43:39.322+0000][26480][gc,task      ] GC(60) Using 2 workers of 2 for marking
[2020-09-11T11:43:39.478+0000][26480][gc,marking   ] GC(60) Concurrent Mark From Roots 156.172ms
[2020-09-11T11:43:39.478+0000][26480][gc,marking   ] GC(60) Concurrent Preclean
[2020-09-11T11:43:39.479+0000][26480][gc,marking   ] GC(60) Concurrent Preclean 0.915ms
[2020-09-11T11:43:39.479+0000][26480][gc,marking   ] GC(60) Concurrent Mark (7024.457s, 7024.614s) 157.358ms
[2020-09-11T11:43:39.480+0000][26480][gc,start     ] GC(60) Pause Remark
[2020-09-11T11:43:39.485+0000][26480][gc           ] GC(60) Pause Remark 305M->305M(1024M) 4.907ms
[2020-09-11T11:43:39.485+0000][26480][gc,cpu       ] GC(60) User=0.00s Sys=0.00s Real=0.00s
[2020-09-11T11:43:39.485+0000][26480][safepoint    ] Safepoint "G1Concurrent", Time since last: 162224100 ns, Reaching safepoint: 172900 ns, At safepoint: 5234700 ns, Total: 5407600 ns
[2020-09-11T11:43:39.485+0000][26480][gc,marking   ] GC(60) Concurrent Rebuild Remembered Sets
[2020-09-11T11:43:39.578+0000][26480][gc,marking   ] GC(60) Concurrent Rebuild Remembered Sets 92.683ms
[2020-09-11T11:43:39.578+0000][26480][gc,start     ] GC(60) Pause Cleanup
[2020-09-11T11:43:39.579+0000][26480][gc           ] GC(60) Pause Cleanup 307M->307M(1024M) 0.404ms
[2020-09-11T11:43:39.579+0000][26480][gc,cpu       ] GC(60) User=0.00s Sys=0.00s Real=0.00s
[2020-09-11T11:43:39.579+0000][26480][safepoint    ] Safepoint "G1Concurrent", Time since last: 93094700 ns, Reaching safepoint: 238000 ns, At safepoint: 639400 ns, Total: 877400 ns
[2020-09-11T11:43:39.579+0000][26480][gc,marking   ] GC(60) Concurrent Cleanup for Next Mark
[2020-09-11T11:43:39.581+0000][26480][gc,marking   ] GC(60) Concurrent Cleanup for Next Mark 1.957ms
[2020-09-11T11:43:39.581+0000][26480][gc           ] GC(60) Concurrent Cycle 263.922ms
[2020-09-11T11:43:39.674+0000][26480][gc,start     ] GC(61) Pause Young (Concurrent Start) (G1 Humongous Allocation)
[2020-09-11T11:43:39.674+0000][26480][gc,task      ] GC(61) Using 8 workers of 8 for evacuation
[2020-09-11T11:43:39.674+0000][26480][gc,age       ] GC(61) Desired survivor size 31981568 bytes, new threshold 15 (max threshold 15)
[2020-09-11T11:43:39.680+0000][26480][gc,age       ] GC(61) Age table with threshold 15 (max threshold 15)
[2020-09-11T11:43:39.680+0000][26480][gc,age       ] GC(61) - age   1:    2537320 bytes,    2537320 total
[2020-09-11T11:43:39.680+0000][26480][gc,age       ] GC(61) - age   2:     206040 bytes,    2743360 total
[2020-09-11T11:43:39.680+0000][26480][gc,age       ] GC(61) - age   3:     433696 bytes,    3177056 total
[2020-09-11T11:43:39.680+0000][26480][gc,age       ] GC(61) - age   4:     228880 bytes,    3405936 total
[2020-09-11T11:43:39.680+0000][26480][gc,age       ] GC(61) - age   5:      59864 bytes,    3465800 total
[2020-09-11T11:43:39.680+0000][26480][gc,age       ] GC(61) - age   6:       9432 bytes,    3475232 total
[2020-09-11T11:43:39.680+0000][26480][gc,age       ] GC(61) - age   7:     114352 bytes,    3589584 total
[2020-09-11T11:43:39.680+0000][26480][gc,age       ] GC(61) - age   8:    2071992 bytes,    5661576 total
[2020-09-11T11:43:39.680+0000][26480][gc,age       ] GC(61) - age   9:       3984 bytes,    5665560 total
[2020-09-11T11:43:39.680+0000][26480][gc,age       ] GC(61) - age  10:       2712 bytes,    5668272 total
[2020-09-11T11:43:39.680+0000][26480][gc,age       ] GC(61) - age  11:       2328 bytes,    5670600 total
[2020-09-11T11:43:39.680+0000][26480][gc,age       ] GC(61) - age  12:       1144 bytes,    5671744 total
[2020-09-11T11:43:39.680+0000][26480][gc,age       ] GC(61) - age  13:       1680 bytes,    5673424 total
[2020-09-11T11:43:39.680+0000][26480][gc,age       ] GC(61) - age  14:       2240 bytes,    5675664 total
[2020-09-11T11:43:39.680+0000][26480][gc,age       ] GC(61) - age  15:       1792 bytes,    5677456 total
[2020-09-11T11:43:39.680+0000][26480][gc,phases    ] GC(61)   Pre Evacuate Collection Set: 0.6ms
[2020-09-11T11:43:39.680+0000][26480][gc,phases    ] GC(61)   Merge Heap Roots: 0.1ms
[2020-09-11T11:43:39.680+0000][26480][gc,phases    ] GC(61)   Evacuate Collection Set: 3.5ms
[2020-09-11T11:43:39.681+0000][26480][gc,phases    ] GC(61)   Post Evacuate Collection Set: 1.0ms
[2020-09-11T11:43:39.681+0000][26480][gc,phases    ] GC(61)   Other: 1.2ms
[2020-09-11T11:43:39.681+0000][26480][gc,heap      ] GC(61) Eden regions: 22->0(484)
[2020-09-11T11:43:39.681+0000][26480][gc,heap      ] GC(61) Survivor regions: 7->6(61)
[2020-09-11T11:43:39.681+0000][26480][gc,heap      ] GC(61) Old regions: 73->73
[2020-09-11T11:43:39.681+0000][26480][gc,heap      ] GC(61) Archive regions: 0->0
[2020-09-11T11:43:39.681+0000][26480][gc,heap      ] GC(61) Humongous regions: 234->174
[2020-09-11T11:43:39.681+0000][26480][gc,metaspace ] GC(61) Metaspace: 83416K(89880K)->83416K(89880K) NonClass: 72534K(76440K)->72534K(76440K) Class: 10881K(13440K)->10881K(13440K)
[2020-09-11T11:43:39.681+0000][26480][gc           ] GC(61) Pause Young (Concurrent Start) (G1 Humongous Allocation) 333M->252M(1024M) 6.884ms
[2020-09-11T11:43:39.681+0000][26480][gc,cpu       ] GC(61) User=0.00s Sys=0.00s Real=0.01s
[2020-09-11T11:43:39.681+0000][26480][gc           ] GC(62) Concurrent Cycle
[2020-09-11T11:43:39.681+0000][26480][safepoint    ] Safepoint "G1TryInitiateConcMark", Time since last: 94981200 ns, Reaching safepoint: 188300 ns, At safepoint: 7152400 ns, Total: 7340700 ns
[2020-09-11T11:43:39.681+0000][26480][gc,marking   ] GC(62) Concurrent Clear Claimed Marks
[2020-09-11T11:43:39.682+0000][26480][gc,marking   ] GC(62) Concurrent Clear Claimed Marks 0.457ms
[2020-09-11T11:43:39.682+0000][26480][gc,marking   ] GC(62) Concurrent Scan Root Regions
[2020-09-11T11:43:39.684+0000][26480][gc,marking   ] GC(62) Concurrent Scan Root Regions 2.371ms
[2020-09-11T11:43:39.684+0000][26480][gc,marking   ] GC(62) Concurrent Mark (7024.819s)
[2020-09-11T11:43:39.684+0000][26480][gc,marking   ] GC(62) Concurrent Mark From Roots
[2020-09-11T11:43:39.684+0000][26480][gc,task      ] GC(62) Using 2 workers of 2 for marking
[2020-09-11T11:43:39.851+0000][26480][gc,marking   ] GC(62) Concurrent Mark From Roots 167.254ms
[2020-09-11T11:43:39.851+0000][26480][gc,marking   ] GC(62) Concurrent Preclean
[2020-09-11T11:43:39.852+0000][26480][gc,marking   ] GC(62) Concurrent Preclean 0.750ms
[2020-09-11T11:43:39.852+0000][26480][gc,marking   ] GC(62) Concurrent Mark (7024.819s, 7024.987s) 168.180ms
[2020-09-11T11:43:39.852+0000][26480][gc,start     ] GC(62) Pause Remark
[2020-09-11T11:43:39.857+0000][26480][gc           ] GC(62) Pause Remark 293M->293M(1024M) 4.786ms
[2020-09-11T11:43:39.857+0000][26480][gc,cpu       ] GC(62) User=0.03s Sys=0.00s Real=0.01s
[2020-09-11T11:43:39.857+0000][26480][safepoint    ] Safepoint "G1Concurrent", Time since last: 171263700 ns, Reaching safepoint: 170600 ns, At safepoint: 5021100 ns, Total: 5191700 ns
[2020-09-11T11:43:39.858+0000][26480][gc,marking   ] GC(62) Concurrent Rebuild Remembered Sets
[2020-09-11T11:43:39.951+0000][26480][gc,marking   ] GC(62) Concurrent Rebuild Remembered Sets 93.640ms
[2020-09-11T11:43:39.951+0000][26480][gc,start     ] GC(62) Pause Cleanup
[2020-09-11T11:43:39.952+0000][26480][gc           ] GC(62) Pause Cleanup 293M->293M(1024M) 0.423ms
[2020-09-11T11:43:39.952+0000][26480][gc,cpu       ] GC(62) User=0.00s Sys=0.00s Real=0.00s
[2020-09-11T11:43:39.952+0000][26480][safepoint    ] Safepoint "G1Concurrent", Time since last: 93846400 ns, Reaching safepoint: 130900 ns, At safepoint: 631900 ns, Total: 762800 ns
[2020-09-11T11:43:39.952+0000][26480][gc,marking   ] GC(62) Concurrent Cleanup for Next Mark
[2020-09-11T11:43:39.954+0000][26480][gc,marking   ] GC(62) Concurrent Cleanup for Next Mark 1.966ms
[2020-09-11T11:43:39.954+0000][26480][gc           ] GC(62) Concurrent Cycle 273.276ms
[2020-09-11T11:43:40.166+0000][26480][gc,start     ] GC(63) Pause Young (Concurrent Start) (G1 Humongous Allocation)
[2020-09-11T11:43:40.166+0000][26480][gc,task      ] GC(63) Using 8 workers of 8 for evacuation
[2020-09-11T11:43:40.166+0000][26480][gc,age       ] GC(63) Desired survivor size 32505856 bytes, new threshold 15 (max threshold 15)
[2020-09-11T11:43:40.171+0000][26480][gc,age       ] GC(63) Age table with threshold 15 (max threshold 15)
[2020-09-11T11:43:40.171+0000][26480][gc,age       ] GC(63) - age   1:    1832448 bytes,    1832448 total
[2020-09-11T11:43:40.171+0000][26480][gc,age       ] GC(63) - age   2:      27056 bytes,    1859504 total
[2020-09-11T11:43:40.171+0000][26480][gc,age       ] GC(63) - age   3:       1960 bytes,    1861464 total
[2020-09-11T11:43:40.171+0000][26480][gc,age       ] GC(63) - age   4:      28200 bytes,    1889664 total
[2020-09-11T11:43:40.171+0000][26480][gc,age       ] GC(63) - age   5:      29624 bytes,    1919288 total
[2020-09-11T11:43:40.171+0000][26480][gc,age       ] GC(63) - age   6:      58336 bytes,    1977624 total
[2020-09-11T11:43:40.171+0000][26480][gc,age       ] GC(63) - age   7:       9432 bytes,    1987056 total
[2020-09-11T11:43:40.171+0000][26480][gc,age       ] GC(63) - age   8:     114328 bytes,    2101384 total
[2020-09-11T11:43:40.171+0000][26480][gc,age       ] GC(63) - age   9:    2071992 bytes,    4173376 total
[2020-09-11T11:43:40.171+0000][26480][gc,age       ] GC(63) - age  10:       3984 bytes,    4177360 total
[2020-09-11T11:43:40.171+0000][26480][gc,age       ] GC(63) - age  11:       2712 bytes,    4180072 total
[2020-09-11T11:43:40.171+0000][26480][gc,age       ] GC(63) - age  12:       2328 bytes,    4182400 total
[2020-09-11T11:43:40.171+0000][26480][gc,age       ] GC(63) - age  13:       1112 bytes,    4183512 total
[2020-09-11T11:43:40.171+0000][26480][gc,age       ] GC(63) - age  14:       1680 bytes,    4185192 total
[2020-09-11T11:43:40.171+0000][26480][gc,age       ] GC(63) - age  15:       2208 bytes,    4187400 total
[2020-09-11T11:43:40.171+0000][26480][gc,phases    ] GC(63)   Pre Evacuate Collection Set: 0.6ms
[2020-09-11T11:43:40.171+0000][26480][gc,phases    ] GC(63)   Merge Heap Roots: 0.1ms
[2020-09-11T11:43:40.171+0000][26480][gc,phases    ] GC(63)   Evacuate Collection Set: 2.5ms
[2020-09-11T11:43:40.171+0000][26480][gc,phases    ] GC(63)   Post Evacuate Collection Set: 0.8ms
[2020-09-11T11:43:40.172+0000][26480][gc,phases    ] GC(63)   Other: 1.2ms
[2020-09-11T11:43:40.172+0000][26480][gc,heap      ] GC(63) Eden regions: 27->0(490)
[2020-09-11T11:43:40.172+0000][26480][gc,heap      ] GC(63) Survivor regions: 6->5(62)
[2020-09-11T11:43:40.172+0000][26480][gc,heap      ] GC(63) Old regions: 73->73
[2020-09-11T11:43:40.172+0000][26480][gc,heap      ] GC(63) Archive regions: 0->0
[2020-09-11T11:43:40.172+0000][26480][gc,heap      ] GC(63) Humongous regions: 234->174
[2020-09-11T11:43:40.172+0000][26480][gc,metaspace ] GC(63) Metaspace: 83435K(89880K)->83435K(89880K) NonClass: 72553K(76440K)->72553K(76440K) Class: 10881K(13440K)->10881K(13440K)
[2020-09-11T11:43:40.172+0000][26480][gc           ] GC(63) Pause Young (Concurrent Start) (G1 Humongous Allocation) 338M->250M(1024M) 5.734ms
[2020-09-11T11:43:40.172+0000][26480][gc,cpu       ] GC(63) User=0.00s Sys=0.00s Real=0.01s
[2020-09-11T11:43:40.172+0000][26480][gc           ] GC(64) Concurrent Cycle
[2020-09-11T11:43:40.172+0000][26480][safepoint    ] Safepoint "G1TryInitiateConcMark", Time since last: 213888700 ns, Reaching safepoint: 197700 ns, At safepoint: 6002900 ns, Total: 6200600 ns
[2020-09-11T11:43:40.172+0000][26480][gc,marking   ] GC(64) Concurrent Clear Claimed Marks
[2020-09-11T11:43:40.173+0000][26480][gc,marking   ] GC(64) Concurrent Clear Claimed Marks 0.716ms
[2020-09-11T11:43:40.173+0000][26480][gc,marking   ] GC(64) Concurrent Scan Root Regions
[2020-09-11T11:43:40.177+0000][26480][gc,marking   ] GC(64) Concurrent Scan Root Regions 3.775ms
[2020-09-11T11:43:40.177+0000][26480][gc,marking   ] GC(64) Concurrent Mark (7025.312s)
[2020-09-11T11:43:40.177+0000][26480][gc,marking   ] GC(64) Concurrent Mark From Roots
[2020-09-11T11:43:40.177+0000][26480][gc,task      ] GC(64) Using 2 workers of 2 for marking
[2020-09-11T11:43:40.330+0000][26480][gc,marking   ] GC(64) Concurrent Mark From Roots 152.566ms
[2020-09-11T11:43:40.330+0000][26480][gc,marking   ] GC(64) Concurrent Preclean
[2020-09-11T11:43:40.331+0000][26480][gc,marking   ] GC(64) Concurrent Preclean 0.866ms
[2020-09-11T11:43:40.331+0000][26480][gc,marking   ] GC(64) Concurrent Mark (7025.312s, 7025.466s) 153.674ms
[2020-09-11T11:43:40.331+0000][26480][gc,start     ] GC(64) Pause Remark
[2020-09-11T11:43:40.336+0000][26480][gc           ] GC(64) Pause Remark 282M->282M(1024M) 4.791ms
[2020-09-11T11:43:40.336+0000][26480][gc,cpu       ] GC(64) User=0.00s Sys=0.00s Real=0.00s
[2020-09-11T11:43:40.336+0000][26480][safepoint    ] Safepoint "G1Concurrent", Time since last: 158555100 ns, Reaching safepoint: 170700 ns, At safepoint: 5017500 ns, Total: 5188200 ns
[2020-09-11T11:43:40.336+0000][26480][gc,marking   ] GC(64) Concurrent Rebuild Remembered Sets
[2020-09-11T11:43:40.429+0000][26480][gc,marking   ] GC(64) Concurrent Rebuild Remembered Sets 92.932ms
[2020-09-11T11:43:40.430+0000][26480][gc,start     ] GC(64) Pause Cleanup
[2020-09-11T11:43:40.430+0000][26480][gc           ] GC(64) Pause Cleanup 291M->291M(1024M) 0.348ms
[2020-09-11T11:43:40.430+0000][26480][gc,cpu       ] GC(64) User=0.00s Sys=0.00s Real=0.00s
[2020-09-11T11:43:40.430+0000][26480][safepoint    ] Safepoint "G1Concurrent", Time since last: 93137100 ns, Reaching safepoint: 150900 ns, At safepoint: 565900 ns, Total: 716800 ns
[2020-09-11T11:43:40.430+0000][26480][gc,marking   ] GC(64) Concurrent Cleanup for Next Mark
[2020-09-11T11:43:40.433+0000][26480][gc,marking   ] GC(64) Concurrent Cleanup for Next Mark 2.388ms
[2020-09-11T11:43:40.433+0000][26480][gc           ] GC(64) Concurrent Cycle 260.210ms
[2020-09-11T11:43:40.440+0000][26480][gc,start     ] GC(65) Pause Young (Concurrent Start) (G1 Humongous Allocation)
[2020-09-11T11:43:40.440+0000][26480][gc,task      ] GC(65) Using 8 workers of 8 for evacuation
[2020-09-11T11:43:40.441+0000][26480][gc,age       ] GC(65) Desired survivor size 32505856 bytes, new threshold 15 (max threshold 15)
[2020-09-11T11:43:40.446+0000][26480][gc,age       ] GC(65) Age table with threshold 15 (max threshold 15)
[2020-09-11T11:43:40.446+0000][26480][gc,age       ] GC(65) - age   1:    1848232 bytes,    1848232 total
[2020-09-11T11:43:40.446+0000][26480][gc,age       ] GC(65) - age   2:      13544 bytes,    1861776 total
[2020-09-11T11:43:40.446+0000][26480][gc,age       ] GC(65) - age   3:      26872 bytes,    1888648 total
[2020-09-11T11:43:40.446+0000][26480][gc,age       ] GC(65) - age   4:       1432 bytes,    1890080 total
[2020-09-11T11:43:40.446+0000][26480][gc,age       ] GC(65) - age   5:      28200 bytes,    1918280 total
[2020-09-11T11:43:40.446+0000][26480][gc,age       ] GC(65) - age   6:      29560 bytes,    1947840 total
[2020-09-11T11:43:40.446+0000][26480][gc,age       ] GC(65) - age   7:      58272 bytes,    2006112 total
[2020-09-11T11:43:40.446+0000][26480][gc,age       ] GC(65) - age   8:       9432 bytes,    2015544 total
[2020-09-11T11:43:40.446+0000][26480][gc,age       ] GC(65) - age   9:     114328 bytes,    2129872 total
[2020-09-11T11:43:40.446+0000][26480][gc,age       ] GC(65) - age  10:    2071992 bytes,    4201864 total
[2020-09-11T11:43:40.446+0000][26480][gc,age       ] GC(65) - age  11:       3984 bytes,    4205848 total
[2020-09-11T11:43:40.446+0000][26480][gc,age       ] GC(65) - age  12:       2680 bytes,    4208528 total
[2020-09-11T11:43:40.446+0000][26480][gc,age       ] GC(65) - age  13:       2232 bytes,    4210760 total
[2020-09-11T11:43:40.446+0000][26480][gc,age       ] GC(65) - age  14:       1112 bytes,    4211872 total
[2020-09-11T11:43:40.446+0000][26480][gc,age       ] GC(65) - age  15:       1680 bytes,    4213552 total
[2020-09-11T11:43:40.446+0000][26480][gc,phases    ] GC(65)   Pre Evacuate Collection Set: 0.4ms
[2020-09-11T11:43:40.446+0000][26480][gc,phases    ] GC(65)   Merge Heap Roots: 0.1ms
[2020-09-11T11:43:40.446+0000][26480][gc,phases    ] GC(65)   Evacuate Collection Set: 3.1ms
[2020-09-11T11:43:40.446+0000][26480][gc,phases    ] GC(65)   Post Evacuate Collection Set: 0.8ms
[2020-09-11T11:43:40.446+0000][26480][gc,phases    ] GC(65)   Other: 1.4ms
[2020-09-11T11:43:40.446+0000][26480][gc,heap      ] GC(65) Eden regions: 22->0(494)
[2020-09-11T11:43:40.446+0000][26480][gc,heap      ] GC(65) Survivor regions: 5->5(62)
[2020-09-11T11:43:40.446+0000][26480][gc,heap      ] GC(65) Old regions: 73->73
[2020-09-11T11:43:40.446+0000][26480][gc,heap      ] GC(65) Archive regions: 0->0
[2020-09-11T11:43:40.447+0000][26480][gc,heap      ] GC(65) Humongous regions: 234->174
[2020-09-11T11:43:40.447+0000][26480][gc,metaspace ] GC(65) Metaspace: 83452K(89880K)->83452K(89880K) NonClass: 72570K(76440K)->72570K(76440K) Class: 10881K(13440K)->10881K(13440K)
[2020-09-11T11:43:40.447+0000][26480][gc           ] GC(65) Pause Young (Concurrent Start) (G1 Humongous Allocation) 332M->250M(1024M) 6.319ms
[2020-09-11T11:43:40.447+0000][26480][gc,cpu       ] GC(65) User=0.00s Sys=0.00s Real=0.01s
[2020-09-11T11:43:40.447+0000][26480][gc           ] GC(66) Concurrent Cycle
[2020-09-11T11:43:40.447+0000][26480][safepoint    ] Safepoint "G1TryInitiateConcMark", Time since last: 9700200 ns, Reaching safepoint: 311900 ns, At safepoint: 6646600 ns, Total: 6958500 ns
[2020-09-11T11:43:40.447+0000][26480][gc,marking   ] GC(66) Concurrent Clear Claimed Marks
[2020-09-11T11:43:40.447+0000][26480][gc,marking   ] GC(66) Concurrent Clear Claimed Marks 0.465ms
[2020-09-11T11:43:40.447+0000][26480][gc,marking   ] GC(66) Concurrent Scan Root Regions
[2020-09-11T11:43:40.450+0000][26480][gc,marking   ] GC(66) Concurrent Scan Root Regions 2.410ms
[2020-09-11T11:43:40.450+0000][26480][gc,marking   ] GC(66) Concurrent Mark (7025.585s)
[2020-09-11T11:43:40.450+0000][26480][gc,marking   ] GC(66) Concurrent Mark From Roots
[2020-09-11T11:43:40.450+0000][26480][gc,task      ] GC(66) Using 2 workers of 2 for marking
[2020-09-11T11:43:40.598+0000][26480][gc,marking   ] GC(66) Concurrent Mark From Roots 147.746ms
[2020-09-11T11:43:40.598+0000][26480][gc,marking   ] GC(66) Concurrent Preclean
[2020-09-11T11:43:40.599+0000][26480][gc,marking   ] GC(66) Concurrent Preclean 0.727ms
[2020-09-11T11:43:40.599+0000][26480][gc,marking   ] GC(66) Concurrent Mark (7025.585s, 7025.733s) 148.659ms
[2020-09-11T11:43:40.599+0000][26480][gc,start     ] GC(66) Pause Remark
[2020-09-11T11:43:40.604+0000][26480][gc           ] GC(66) Pause Remark 271M->271M(1024M) 4.712ms
[2020-09-11T11:43:40.604+0000][26480][gc,cpu       ] GC(66) User=0.02s Sys=0.00s Real=0.01s
[2020-09-11T11:43:40.604+0000][26480][safepoint    ] Safepoint "G1Concurrent", Time since last: 151873700 ns, Reaching safepoint: 188200 ns, At safepoint: 4939800 ns, Total: 5128000 ns
[2020-09-11T11:43:40.604+0000][26480][gc,marking   ] GC(66) Concurrent Rebuild Remembered Sets
[2020-09-11T11:43:40.696+0000][26480][gc,marking   ] GC(66) Concurrent Rebuild Remembered Sets 91.752ms
[2020-09-11T11:43:40.696+0000][26480][gc,start     ] GC(66) Pause Cleanup
[2020-09-11T11:43:40.696+0000][26480][gc           ] GC(66) Pause Cleanup 276M->276M(1024M) 0.320ms
[2020-09-11T11:43:40.696+0000][26480][gc,cpu       ] GC(66) User=0.00s Sys=0.00s Real=0.00s
[2020-09-11T11:43:40.696+0000][26480][safepoint    ] Safepoint "G1Concurrent", Time since last: 91937100 ns, Reaching safepoint: 137000 ns, At safepoint: 506200 ns, Total: 643200 ns
[2020-09-11T11:43:40.696+0000][26480][gc,marking   ] GC(66) Concurrent Cleanup for Next Mark
[2020-09-11T11:43:40.698+0000][26480][gc,marking   ] GC(66) Concurrent Cleanup for Next Mark 1.790ms
[2020-09-11T11:43:40.698+0000][26480][gc           ] GC(66) Concurrent Cycle 251.571ms
[2020-09-11T11:43:40.789+0000][26480][gc,start     ] GC(67) Pause Young (Concurrent Start) (G1 Humongous Allocation)
[2020-09-11T11:43:40.789+0000][26480][gc,task      ] GC(67) Using 8 workers of 8 for evacuation
[2020-09-11T11:43:40.789+0000][26480][gc,age       ] GC(67) Desired survivor size 33030144 bytes, new threshold 15 (max threshold 15)
[2020-09-11T11:43:40.795+0000][26480][gc,age       ] GC(67) Age table with threshold 15 (max threshold 15)
[2020-09-11T11:43:40.795+0000][26480][gc,age       ] GC(67) - age   1:    9272520 bytes,    9272520 total
[2020-09-11T11:43:40.795+0000][26480][gc,age       ] GC(67) - age   2:      26840 bytes,    9299360 total
[2020-09-11T11:43:40.795+0000][26480][gc,age       ] GC(67) - age   3:      10456 bytes,    9309816 total
[2020-09-11T11:43:40.796+0000][26480][gc,age       ] GC(67) - age   4:      26640 bytes,    9336456 total
[2020-09-11T11:43:40.796+0000][26480][gc,age       ] GC(67) - age   5:       1400 bytes,    9337856 total
[2020-09-11T11:43:40.796+0000][26480][gc,age       ] GC(67) - age   6:      27712 bytes,    9365568 total
[2020-09-11T11:43:40.796+0000][26480][gc,age       ] GC(67) - age   7:      29136 bytes,    9394704 total
[2020-09-11T11:43:40.796+0000][26480][gc,age       ] GC(67) - age   8:      58176 bytes,    9452880 total
[2020-09-11T11:43:40.796+0000][26480][gc,age       ] GC(67) - age   9:       9432 bytes,    9462312 total
[2020-09-11T11:43:40.796+0000][26480][gc,age       ] GC(67) - age  10:     114328 bytes,    9576640 total
[2020-09-11T11:43:40.796+0000][26480][gc,age       ] GC(67) - age  11:    2071992 bytes,   11648632 total
[2020-09-11T11:43:40.796+0000][26480][gc,age       ] GC(67) - age  12:       3984 bytes,   11652616 total
[2020-09-11T11:43:40.796+0000][26480][gc,age       ] GC(67) - age  13:       2680 bytes,   11655296 total
[2020-09-11T11:43:40.796+0000][26480][gc,age       ] GC(67) - age  14:       2232 bytes,   11657528 total
[2020-09-11T11:43:40.796+0000][26480][gc,age       ] GC(67) - age  15:       1112 bytes,   11658640 total
[2020-09-11T11:43:40.796+0000][26480][gc,phases    ] GC(67)   Pre Evacuate Collection Set: 0.4ms
[2020-09-11T11:43:40.796+0000][26480][gc,phases    ] GC(67)   Merge Heap Roots: 0.1ms
[2020-09-11T11:43:40.796+0000][26480][gc,phases    ] GC(67)   Evacuate Collection Set: 3.9ms
[2020-09-11T11:43:40.796+0000][26480][gc,phases    ] GC(67)   Post Evacuate Collection Set: 1.0ms
[2020-09-11T11:43:40.796+0000][26480][gc,phases    ] GC(67)   Other: 1.8ms
[2020-09-11T11:43:40.796+0000][26480][gc,heap      ] GC(67) Eden regions: 36->0(484)
[2020-09-11T11:43:40.796+0000][26480][gc,heap      ] GC(67) Survivor regions: 5->12(63)
[2020-09-11T11:43:40.796+0000][26480][gc,heap      ] GC(67) Old regions: 73->73
[2020-09-11T11:43:40.796+0000][26480][gc,heap      ] GC(67) Archive regions: 0->0
[2020-09-11T11:43:40.796+0000][26480][gc,heap      ] GC(67) Humongous regions: 234->174
[2020-09-11T11:43:40.797+0000][26480][gc,metaspace ] GC(67) Metaspace: 83474K(89880K)->83474K(89880K) NonClass: 72591K(76440K)->72591K(76440K) Class: 10882K(13440K)->10882K(13440K)
[2020-09-11T11:43:40.797+0000][26480][gc           ] GC(67) Pause Young (Concurrent Start) (G1 Humongous Allocation) 346M->257M(1024M) 7.615ms
[2020-09-11T11:43:40.797+0000][26480][gc,cpu       ] GC(67) User=0.13s Sys=0.00s Real=0.01s
[2020-09-11T11:43:40.797+0000][26480][gc           ] GC(68) Concurrent Cycle
[2020-09-11T11:43:40.797+0000][26480][safepoint    ] Safepoint "G1TryInitiateConcMark", Time since last: 91856400 ns, Reaching safepoint: 747000 ns, At safepoint: 7843200 ns, Total: 8590200 ns
[2020-09-11T11:43:40.797+0000][26480][gc,marking   ] GC(68) Concurrent Clear Claimed Marks
[2020-09-11T11:43:40.798+0000][26480][gc,marking   ] GC(68) Concurrent Clear Claimed Marks 0.626ms
[2020-09-11T11:43:40.798+0000][26480][gc,marking   ] GC(68) Concurrent Scan Root Regions
[2020-09-11T11:43:40.802+0000][26480][gc,marking   ] GC(68) Concurrent Scan Root Regions 4.030ms
[2020-09-11T11:43:40.802+0000][26480][gc,marking   ] GC(68) Concurrent Mark (7025.937s)
[2020-09-11T11:43:40.802+0000][26480][gc,marking   ] GC(68) Concurrent Mark From Roots
[2020-09-11T11:43:40.802+0000][26480][gc,task      ] GC(68) Using 2 workers of 2 for marking
[2020-09-11T11:43:40.952+0000][26480][gc,marking   ] GC(68) Concurrent Mark From Roots 150.126ms
[2020-09-11T11:43:40.952+0000][26480][gc,marking   ] GC(68) Concurrent Preclean
[2020-09-11T11:43:40.953+0000][26480][gc,marking   ] GC(68) Concurrent Preclean 0.847ms
[2020-09-11T11:43:40.953+0000][26480][gc,marking   ] GC(68) Concurrent Mark (7025.937s, 7026.088s) 151.185ms
[2020-09-11T11:43:40.953+0000][26480][gc,start     ] GC(68) Pause Remark
[2020-09-11T11:43:40.958+0000][26480][gc           ] GC(68) Pause Remark 454M->454M(1024M) 5.079ms
[2020-09-11T11:43:40.959+0000][26480][gc,cpu       ] GC(68) User=0.00s Sys=0.00s Real=0.01s
[2020-09-11T11:43:40.959+0000][26480][safepoint    ] Safepoint "G1Concurrent", Time since last: 156252200 ns, Reaching safepoint: 167900 ns, At safepoint: 5496500 ns, Total: 5664400 ns
[2020-09-11T11:43:40.959+0000][26480][gc,marking   ] GC(68) Concurrent Rebuild Remembered Sets
[2020-09-11T11:43:41.050+0000][26480][gc,marking   ] GC(68) Concurrent Rebuild Remembered Sets 91.440ms
[2020-09-11T11:43:41.051+0000][26480][gc,start     ] GC(68) Pause Cleanup
[2020-09-11T11:43:41.051+0000][26480][gc           ] GC(68) Pause Cleanup 516M->516M(1024M) 0.397ms
[2020-09-11T11:43:41.051+0000][26480][gc,cpu       ] GC(68) User=0.00s Sys=0.00s Real=0.00s
[2020-09-11T11:43:41.051+0000][26480][safepoint    ] Safepoint "G1Concurrent", Time since last: 91627400 ns, Reaching safepoint: 244200 ns, At safepoint: 837000 ns, Total: 1081200 ns
[2020-09-11T11:43:41.052+0000][26480][gc,marking   ] GC(68) Concurrent Cleanup for Next Mark
[2020-09-11T11:43:41.054+0000][26480][gc,marking   ] GC(68) Concurrent Cleanup for Next Mark 2.285ms
[2020-09-11T11:43:41.054+0000][26480][gc           ] GC(68) Concurrent Cycle 257.161ms
[2020-09-11T11:43:41.389+0000][26480][gc,start     ] GC(69) Pause Young (Concurrent Start) (G1 Humongous Allocation)
[2020-09-11T11:43:41.389+0000][26480][gc,task      ] GC(69) Using 8 workers of 8 for evacuation
[2020-09-11T11:43:41.389+0000][26480][gc,age       ] GC(69) Desired survivor size 32505856 bytes, new threshold 15 (max threshold 15)
[2020-09-11T11:43:41.393+0000][26480][gc,age       ] GC(69) Age table with threshold 15 (max threshold 15)
[2020-09-11T11:43:41.394+0000][26480][gc,age       ] GC(69) - age   1:    3899224 bytes,    3899224 total
[2020-09-11T11:43:41.394+0000][26480][gc,age       ] GC(69) - age   2:       7440 bytes,    3906664 total
[2020-09-11T11:43:41.394+0000][26480][gc,age       ] GC(69) - age   3:      26192 bytes,    3932856 total
[2020-09-11T11:43:41.394+0000][26480][gc,age       ] GC(69) - age   4:       1344 bytes,    3934200 total
[2020-09-11T11:43:41.394+0000][26480][gc,age       ] GC(69) - age   5:      26120 bytes,    3960320 total
[2020-09-11T11:43:41.394+0000][26480][gc,age       ] GC(69) - age   6:       1344 bytes,    3961664 total
[2020-09-11T11:43:41.394+0000][26480][gc,age       ] GC(69) - age   7:      27712 bytes,    3989376 total
[2020-09-11T11:43:41.394+0000][26480][gc,age       ] GC(69) - age   8:      28848 bytes,    4018224 total
[2020-09-11T11:43:41.394+0000][26480][gc,age       ] GC(69) - age   9:      58144 bytes,    4076368 total
[2020-09-11T11:43:41.394+0000][26480][gc,age       ] GC(69) - age  10:       9432 bytes,    4085800 total
[2020-09-11T11:43:41.394+0000][26480][gc,age       ] GC(69) - age  11:     114328 bytes,    4200128 total
[2020-09-11T11:43:41.394+0000][26480][gc,age       ] GC(69) - age  12:    2071864 bytes,    6271992 total
[2020-09-11T11:43:41.394+0000][26480][gc,age       ] GC(69) - age  13:       3888 bytes,    6275880 total
[2020-09-11T11:43:41.394+0000][26480][gc,age       ] GC(69) - age  14:       2648 bytes,    6278528 total
[2020-09-11T11:43:41.394+0000][26480][gc,age       ] GC(69) - age  15:       2232 bytes,    6280760 total
[2020-09-11T11:43:41.394+0000][26480][gc,phases    ] GC(69)   Pre Evacuate Collection Set: 0.4ms
[2020-09-11T11:43:41.394+0000][26480][gc,phases    ] GC(69)   Merge Heap Roots: 0.1ms
[2020-09-11T11:43:41.394+0000][26480][gc,phases    ] GC(69)   Evacuate Collection Set: 2.8ms
[2020-09-11T11:43:41.394+0000][26480][gc,phases    ] GC(69)   Post Evacuate Collection Set: 1.0ms
[2020-09-11T11:43:41.394+0000][26480][gc,phases    ] GC(69)   Other: 0.9ms
[2020-09-11T11:43:41.394+0000][26480][gc,heap      ] GC(69) Eden regions: 80->0(491)
[2020-09-11T11:43:41.394+0000][26480][gc,heap      ] GC(69) Survivor regions: 12->7(62)
[2020-09-11T11:43:41.394+0000][26480][gc,heap      ] GC(69) Old regions: 73->73
[2020-09-11T11:43:41.394+0000][26480][gc,heap      ] GC(69) Archive regions: 0->0
[2020-09-11T11:43:41.394+0000][26480][gc,heap      ] GC(69) Humongous regions: 382->174
[2020-09-11T11:43:41.394+0000][26480][gc,metaspace ] GC(69) Metaspace: 83495K(89880K)->83495K(89880K) NonClass: 72612K(76440K)->72612K(76440K) Class: 10882K(13440K)->10882K(13440K)
[2020-09-11T11:43:41.395+0000][26480][gc           ] GC(69) Pause Young (Concurrent Start) (G1 Humongous Allocation) 545M->252M(1024M) 5.749ms
[2020-09-11T11:43:41.395+0000][26480][gc,cpu       ] GC(69) User=0.00s Sys=0.00s Real=0.01s
[2020-09-11T11:43:41.395+0000][26480][safepoint    ] Safepoint "G1TryInitiateConcMark", Time since last: 336966200 ns, Reaching safepoint: 174000 ns, At safepoint: 5957400 ns, Total: 6131400 ns
[2020-09-11T11:43:41.395+0000][26480][gc           ] GC(70) Concurrent Cycle
[2020-09-11T11:43:41.395+0000][26480][gc,marking   ] GC(70) Concurrent Clear Claimed Marks
[2020-09-11T11:43:41.395+0000][26480][gc,marking   ] GC(70) Concurrent Clear Claimed Marks 0.506ms
[2020-09-11T11:43:41.395+0000][26480][gc,marking   ] GC(70) Concurrent Scan Root Regions
[2020-09-11T11:43:41.399+0000][26480][gc,marking   ] GC(70) Concurrent Scan Root Regions 3.855ms
[2020-09-11T11:43:41.399+0000][26480][gc,marking   ] GC(70) Concurrent Mark (7026.534s)
[2020-09-11T11:43:41.399+0000][26480][gc,marking   ] GC(70) Concurrent Mark From Roots
[2020-09-11T11:43:41.399+0000][26480][gc,task      ] GC(70) Using 2 workers of 2 for marking
[2020-09-11T11:43:41.541+0000][26480][gc,marking   ] GC(70) Concurrent Mark From Roots 141.160ms
[2020-09-11T11:43:41.541+0000][26480][gc,marking   ] GC(70) Concurrent Preclean
[2020-09-11T11:43:41.542+0000][26480][gc,marking   ] GC(70) Concurrent Preclean 0.872ms
[2020-09-11T11:43:41.542+0000][26480][gc,marking   ] GC(70) Concurrent Mark (7026.534s, 7026.676s) 142.235ms
[2020-09-11T11:43:41.542+0000][26480][gc,start     ] GC(70) Pause Remark
[2020-09-11T11:43:41.547+0000][26480][gc           ] GC(70) Pause Remark 314M->314M(1024M) 5.180ms
[2020-09-11T11:43:41.547+0000][26480][gc,cpu       ] GC(70) User=0.00s Sys=0.00s Real=0.00s
[2020-09-11T11:43:41.547+0000][26480][safepoint    ] Safepoint "G1Concurrent", Time since last: 147004700 ns, Reaching safepoint: 153700 ns, At safepoint: 5455400 ns, Total: 5609100 ns
[2020-09-11T11:43:41.547+0000][26480][gc,marking   ] GC(70) Concurrent Rebuild Remembered Sets
[2020-09-11T11:43:41.635+0000][26480][gc,marking   ] GC(70) Concurrent Rebuild Remembered Sets 87.658ms
[2020-09-11T11:43:41.635+0000][26480][gc,start     ] GC(70) Pause Cleanup
[2020-09-11T11:43:41.636+0000][26480][gc           ] GC(70) Pause Cleanup 319M->319M(1024M) 0.298ms
[2020-09-11T11:43:41.636+0000][26480][gc,cpu       ] GC(70) User=0.00s Sys=0.00s Real=0.00s
[2020-09-11T11:43:41.636+0000][26480][safepoint    ] Safepoint "G1Concurrent", Time since last: 87844400 ns, Reaching safepoint: 143800 ns, At safepoint: 446600 ns, Total: 590400 ns
[2020-09-11T11:43:41.636+0000][26480][gc,marking   ] GC(70) Concurrent Cleanup for Next Mark
[2020-09-11T11:43:41.637+0000][26480][gc,marking   ] GC(70) Concurrent Cleanup for Next Mark 1.562ms
[2020-09-11T11:43:41.637+0000][26480][gc           ] GC(70) Concurrent Cycle 242.778ms
[2020-09-11T11:43:41.657+0000][26480][gc,start     ] GC(71) Pause Young (Concurrent Start) (G1 Humongous Allocation)
[2020-09-11T11:43:41.657+0000][26480][gc,task      ] GC(71) Using 8 workers of 8 for evacuation
[2020-09-11T11:43:41.657+0000][26480][gc,age       ] GC(71) Desired survivor size 33030144 bytes, new threshold 15 (max threshold 15)
[2020-09-11T11:43:41.661+0000][26480][gc,age       ] GC(71) Age table with threshold 15 (max threshold 15)
[2020-09-11T11:43:41.661+0000][26480][gc,age       ] GC(71) - age   1:    2870056 bytes,    2870056 total
[2020-09-11T11:43:41.661+0000][26480][gc,age       ] GC(71) - age   2:     802400 bytes,    3672456 total
[2020-09-11T11:43:41.661+0000][26480][gc,age       ] GC(71) - age   3:       5808 bytes,    3678264 total
[2020-09-11T11:43:41.661+0000][26480][gc,age       ] GC(71) - age   4:      25968 bytes,    3704232 total
[2020-09-11T11:43:41.661+0000][26480][gc,age       ] GC(71) - age   5:       1248 bytes,    3705480 total
[2020-09-11T11:43:41.661+0000][26480][gc,age       ] GC(71) - age   6:      26088 bytes,    3731568 total
[2020-09-11T11:43:41.661+0000][26480][gc,age       ] GC(71) - age   7:       1344 bytes,    3732912 total
[2020-09-11T11:43:41.661+0000][26480][gc,age       ] GC(71) - age   8:      27712 bytes,    3760624 total
[2020-09-11T11:43:41.661+0000][26480][gc,age       ] GC(71) - age   9:      28848 bytes,    3789472 total
[2020-09-11T11:43:41.661+0000][26480][gc,age       ] GC(71) - age  10:      58144 bytes,    3847616 total
[2020-09-11T11:43:41.661+0000][26480][gc,age       ] GC(71) - age  11:       9432 bytes,    3857048 total
[2020-09-11T11:43:41.661+0000][26480][gc,age       ] GC(71) - age  12:     114040 bytes,    3971088 total
[2020-09-11T11:43:41.661+0000][26480][gc,age       ] GC(71) - age  13:    2071864 bytes,    6042952 total
[2020-09-11T11:43:41.661+0000][26480][gc,age       ] GC(71) - age  14:       3856 bytes,    6046808 total
[2020-09-11T11:43:41.661+0000][26480][gc,age       ] GC(71) - age  15:       2648 bytes,    6049456 total
[2020-09-11T11:43:41.661+0000][26480][gc,phases    ] GC(71)   Pre Evacuate Collection Set: 0.4ms
[2020-09-11T11:43:41.661+0000][26480][gc,phases    ] GC(71)   Merge Heap Roots: 0.1ms
[2020-09-11T11:43:41.661+0000][26480][gc,phases    ] GC(71)   Evacuate Collection Set: 2.5ms
[2020-09-11T11:43:41.661+0000][26480][gc,phases    ] GC(71)   Post Evacuate Collection Set: 0.7ms
[2020-09-11T11:43:41.661+0000][26480][gc,phases    ] GC(71)   Other: 0.9ms
[2020-09-11T11:43:41.662+0000][26480][gc,heap      ] GC(71) Eden regions: 22->0(494)
[2020-09-11T11:43:41.662+0000][26480][gc,heap      ] GC(71) Survivor regions: 7->7(63)
[2020-09-11T11:43:41.662+0000][26480][gc,heap      ] GC(71) Old regions: 73->73
[2020-09-11T11:43:41.662+0000][26480][gc,heap      ] GC(71) Archive regions: 0->0
[2020-09-11T11:43:41.662+0000][26480][gc,heap      ] GC(71) Humongous regions: 234->174
[2020-09-11T11:43:41.662+0000][26480][gc,metaspace ] GC(71) Metaspace: 83504K(89880K)->83504K(89880K) NonClass: 72622K(76440K)->72622K(76440K) Class: 10882K(13440K)->10882K(13440K)
[2020-09-11T11:43:41.662+0000][26480][gc           ] GC(71) Pause Young (Concurrent Start) (G1 Humongous Allocation) 334M->252M(1024M) 4.821ms
[2020-09-11T11:43:41.662+0000][26480][gc,cpu       ] GC(71) User=0.00s Sys=0.00s Real=0.00s
[2020-09-11T11:43:41.662+0000][26480][gc           ] GC(72) Concurrent Cycle
[2020-09-11T11:43:41.662+0000][26480][safepoint    ] Safepoint "G1TryInitiateConcMark", Time since last: 20950100 ns, Reaching safepoint: 132600 ns, At safepoint: 4991400 ns, Total: 5124000 ns
[2020-09-11T11:43:41.662+0000][26480][gc,marking   ] GC(72) Concurrent Clear Claimed Marks
[2020-09-11T11:43:41.662+0000][26480][gc,marking   ] GC(72) Concurrent Clear Claimed Marks 0.419ms
[2020-09-11T11:43:41.662+0000][26480][gc,marking   ] GC(72) Concurrent Scan Root Regions
[2020-09-11T11:43:41.666+0000][26480][gc,marking   ] GC(72) Concurrent Scan Root Regions 3.162ms
[2020-09-11T11:43:41.666+0000][26480][gc,marking   ] GC(72) Concurrent Mark (7026.800s)
[2020-09-11T11:43:41.666+0000][26480][gc,marking   ] GC(72) Concurrent Mark From Roots
[2020-09-11T11:43:41.666+0000][26480][gc,task      ] GC(72) Using 2 workers of 2 for marking
[2020-09-11T11:43:41.800+0000][26480][gc,marking   ] GC(72) Concurrent Mark From Roots 134.621ms
[2020-09-11T11:43:41.800+0000][26480][gc,marking   ] GC(72) Concurrent Preclean
[2020-09-11T11:43:41.801+0000][26480][gc,marking   ] GC(72) Concurrent Preclean 0.522ms
[2020-09-11T11:43:41.801+0000][26480][gc,marking   ] GC(72) Concurrent Mark (7026.800s, 7026.936s) 135.293ms
[2020-09-11T11:43:41.801+0000][26480][gc,start     ] GC(72) Pause Remark
[2020-09-11T11:43:41.806+0000][26480][gc           ] GC(72) Pause Remark 306M->306M(1024M) 4.543ms
[2020-09-11T11:43:41.806+0000][26480][gc,cpu       ] GC(72) User=0.00s Sys=0.00s Real=0.00s
[2020-09-11T11:43:41.806+0000][26480][safepoint    ] Safepoint "G1Concurrent", Time since last: 139219800 ns, Reaching safepoint: 158400 ns, At safepoint: 4743800 ns, Total: 4902200 ns
[2020-09-11T11:43:41.806+0000][26480][gc,marking   ] GC(72) Concurrent Rebuild Remembered Sets
[2020-09-11T11:43:41.888+0000][26480][gc,marking   ] GC(72) Concurrent Rebuild Remembered Sets 81.920ms
[2020-09-11T11:43:41.888+0000][26480][gc,start     ] GC(72) Pause Cleanup
[2020-09-11T11:43:41.889+0000][26480][gc           ] GC(72) Pause Cleanup 351M->351M(1024M) 0.376ms
[2020-09-11T11:43:41.889+0000][26480][gc,cpu       ] GC(72) User=0.00s Sys=0.00s Real=0.00s
[2020-09-11T11:43:41.889+0000][26480][safepoint    ] Safepoint "G1Concurrent", Time since last: 82275000 ns, Reaching safepoint: 173900 ns, At safepoint: 532200 ns, Total: 706100 ns
[2020-09-11T11:43:41.889+0000][26480][gc,marking   ] GC(72) Concurrent Cleanup for Next Mark
[2020-09-11T11:43:41.891+0000][26480][gc,marking   ] GC(72) Concurrent Cleanup for Next Mark 2.439ms
[2020-09-11T11:43:41.892+0000][26480][gc           ] GC(72) Concurrent Cycle 229.802ms
[2020-09-11T11:43:41.892+0000][26480][gc,start     ] GC(73) Pause Young (Concurrent Start) (G1 Humongous Allocation)
[2020-09-11T11:43:41.892+0000][26480][gc,task      ] GC(73) Using 8 workers of 8 for evacuation
[2020-09-11T11:43:41.892+0000][26480][gc,age       ] GC(73) Desired survivor size 33030144 bytes, new threshold 15 (max threshold 15)
[2020-09-11T11:43:41.896+0000][26480][gc,age       ] GC(73) Age table with threshold 15 (max threshold 15)
[2020-09-11T11:43:41.896+0000][26480][gc,age       ] GC(73) - age   1:    1556760 bytes,    1556760 total
[2020-09-11T11:43:41.897+0000][26480][gc,age       ] GC(73) - age   2:     205080 bytes,    1761840 total
[2020-09-11T11:43:41.897+0000][26480][gc,age       ] GC(73) - age   3:     601528 bytes,    2363368 total
[2020-09-11T11:43:41.897+0000][26480][gc,age       ] GC(73) - age   4:       3952 bytes,    2367320 total
[2020-09-11T11:43:41.897+0000][26480][gc,age       ] GC(73) - age   5:      25872 bytes,    2393192 total
[2020-09-11T11:43:41.897+0000][26480][gc,age       ] GC(73) - age   6:       1216 bytes,    2394408 total
[2020-09-11T11:43:41.897+0000][26480][gc,age       ] GC(73) - age   7:      25992 bytes,    2420400 total
[2020-09-11T11:43:41.897+0000][26480][gc,age       ] GC(73) - age   8:       1344 bytes,    2421744 total
[2020-09-11T11:43:41.897+0000][26480][gc,age       ] GC(73) - age   9:      27616 bytes,    2449360 total
[2020-09-11T11:43:41.897+0000][26480][gc,age       ] GC(73) - age  10:      28752 bytes,    2478112 total
[2020-09-11T11:43:41.897+0000][26480][gc,age       ] GC(73) - age  11:      58144 bytes,    2536256 total
[2020-09-11T11:43:41.897+0000][26480][gc,age       ] GC(73) - age  12:       9432 bytes,    2545688 total
[2020-09-11T11:43:41.897+0000][26480][gc,age       ] GC(73) - age  13:     114008 bytes,    2659696 total
[2020-09-11T11:43:41.897+0000][26480][gc,age       ] GC(73) - age  14:    2071864 bytes,    4731560 total
[2020-09-11T11:43:41.897+0000][26480][gc,age       ] GC(73) - age  15:       3856 bytes,    4735416 total
[2020-09-11T11:43:41.897+0000][26480][gc,phases    ] GC(73)   Pre Evacuate Collection Set: 0.4ms
[2020-09-11T11:43:41.897+0000][26480][gc,phases    ] GC(73)   Merge Heap Roots: 0.1ms
[2020-09-11T11:43:41.897+0000][26480][gc,phases    ] GC(73)   Evacuate Collection Set: 2.8ms
[2020-09-11T11:43:41.897+0000][26480][gc,phases    ] GC(73)   Post Evacuate Collection Set: 1.0ms
[2020-09-11T11:43:41.897+0000][26480][gc,phases    ] GC(73)   Other: 0.9ms
[2020-09-11T11:43:41.897+0000][26480][gc,heap      ] GC(73) Eden regions: 24->0(499)
[2020-09-11T11:43:41.897+0000][26480][gc,heap      ] GC(73) Survivor regions: 7->5(63)
[2020-09-11T11:43:41.897+0000][26480][gc,heap      ] GC(73) Old regions: 73->73
[2020-09-11T11:43:41.897+0000][26480][gc,heap      ] GC(73) Archive regions: 0->0
[2020-09-11T11:43:41.897+0000][26480][gc,heap      ] GC(73) Humongous regions: 266->174
[2020-09-11T11:43:41.897+0000][26480][gc,metaspace ] GC(73) Metaspace: 83508K(89880K)->83508K(89880K) NonClass: 72626K(76440K)->72626K(76440K) Class: 10882K(13440K)->10882K(13440K)
[2020-09-11T11:43:41.897+0000][26480][gc           ] GC(73) Pause Young (Concurrent Start) (G1 Humongous Allocation) 367M->251M(1024M) 5.480ms
[2020-09-11T11:43:41.897+0000][26480][gc,cpu       ] GC(73) User=0.00s Sys=0.00s Real=0.01s
[2020-09-11T11:43:41.897+0000][26480][gc           ] GC(74) Concurrent Cycle
[2020-09-11T11:43:41.898+0000][26480][safepoint    ] Safepoint "G1TryInitiateConcMark", Time since last: 2763600 ns, Reaching safepoint: 157200 ns, At safepoint: 5697300 ns, Total: 5854500 ns
[2020-09-11T11:43:41.898+0000][26480][gc,marking   ] GC(74) Concurrent Clear Claimed Marks
[2020-09-11T11:43:41.898+0000][26480][gc,marking   ] GC(74) Concurrent Clear Claimed Marks 0.429ms
[2020-09-11T11:43:41.898+0000][26480][gc,marking   ] GC(74) Concurrent Scan Root Regions
[2020-09-11T11:43:41.901+0000][26480][gc,marking   ] GC(74) Concurrent Scan Root Regions 2.760ms
[2020-09-11T11:43:41.901+0000][26480][gc,marking   ] GC(74) Concurrent Mark (7027.035s)
[2020-09-11T11:43:41.901+0000][26480][gc,marking   ] GC(74) Concurrent Mark From Roots
[2020-09-11T11:43:41.901+0000][26480][gc,task      ] GC(74) Using 2 workers of 2 for marking
[2020-09-11T11:43:42.022+0000][26480][gc,marking   ] GC(74) Concurrent Mark From Roots 121.550ms
[2020-09-11T11:43:42.023+0000][26480][gc,marking   ] GC(74) Concurrent Preclean
[2020-09-11T11:43:42.023+0000][26480][gc,marking   ] GC(74) Concurrent Preclean 0.645ms
[2020-09-11T11:43:42.023+0000][26480][gc,marking   ] GC(74) Concurrent Mark (7027.035s, 7027.158s) 122.365ms
[2020-09-11T11:43:42.023+0000][26480][gc,start     ] GC(74) Pause Remark
[2020-09-11T11:43:42.028+0000][26480][gc           ] GC(74) Pause Remark 262M->262M(1024M) 4.947ms
[2020-09-11T11:43:42.029+0000][26480][gc,cpu       ] GC(74) User=0.11s Sys=0.00s Real=0.01s
[2020-09-11T11:43:42.029+0000][26480][safepoint    ] Safepoint "G1Concurrent", Time since last: 125762700 ns, Reaching safepoint: 120200 ns, At safepoint: 5207500 ns, Total: 5327700 ns
[2020-09-11T11:43:42.029+0000][26480][gc,marking   ] GC(74) Concurrent Rebuild Remembered Sets
[2020-09-11T11:43:42.115+0000][26480][gc,marking   ] GC(74) Concurrent Rebuild Remembered Sets 85.753ms
[2020-09-11T11:43:42.115+0000][26480][gc,start     ] GC(74) Pause Cleanup
[2020-09-11T11:43:42.115+0000][26480][gc           ] GC(74) Pause Cleanup 272M->272M(1024M) 0.309ms
[2020-09-11T11:43:42.115+0000][26480][gc,cpu       ] GC(74) User=0.00s Sys=0.00s Real=0.00s
[2020-09-11T11:43:42.115+0000][26480][safepoint    ] Safepoint "G1Concurrent", Time since last: 86046000 ns, Reaching safepoint: 136500 ns, At safepoint: 513000 ns, Total: 649500 ns
[2020-09-11T11:43:42.115+0000][26480][gc,marking   ] GC(74) Concurrent Cleanup for Next Mark
[2020-09-11T11:43:42.117+0000][26480][gc,marking   ] GC(74) Concurrent Cleanup for Next Mark 1.870ms
[2020-09-11T11:43:42.117+0000][26480][gc           ] GC(74) Concurrent Cycle 219.893ms
[2020-09-11T11:43:42.325+0000][26480][gc,start     ] GC(75) Pause Young (Concurrent Start) (G1 Humongous Allocation)
[2020-09-11T11:43:42.325+0000][26480][gc,task      ] GC(75) Using 8 workers of 8 for evacuation
[2020-09-11T11:43:42.325+0000][26480][gc,age       ] GC(75) Desired survivor size 33030144 bytes, new threshold 15 (max threshold 15)
[2020-09-11T11:43:42.331+0000][26480][gc,age       ] GC(75) Age table with threshold 15 (max threshold 15)
[2020-09-11T11:43:42.331+0000][26480][gc,age       ] GC(75) - age   1:    3086128 bytes,    3086128 total
[2020-09-11T11:43:42.331+0000][26480][gc,age       ] GC(75) - age   2:     202976 bytes,    3289104 total
[2020-09-11T11:43:42.331+0000][26480][gc,age       ] GC(75) - age   3:     204096 bytes,    3493200 total
[2020-09-11T11:43:42.331+0000][26480][gc,age       ] GC(75) - age   4:     202400 bytes,    3695600 total
[2020-09-11T11:43:42.331+0000][26480][gc,age       ] GC(75) - age   5:       2528 bytes,    3698128 total
[2020-09-11T11:43:42.331+0000][26480][gc,age       ] GC(75) - age   6:      25840 bytes,    3723968 total
[2020-09-11T11:43:42.331+0000][26480][gc,age       ] GC(75) - age   7:       1184 bytes,    3725152 total
[2020-09-11T11:43:42.331+0000][26480][gc,age       ] GC(75) - age   8:      25896 bytes,    3751048 total
[2020-09-11T11:43:42.331+0000][26480][gc,age       ] GC(75) - age   9:       1344 bytes,    3752392 total
[2020-09-11T11:43:42.331+0000][26480][gc,age       ] GC(75) - age  10:      27264 bytes,    3779656 total
[2020-09-11T11:43:42.331+0000][26480][gc,age       ] GC(75) - age  11:      28656 bytes,    3808312 total
[2020-09-11T11:43:42.331+0000][26480][gc,age       ] GC(75) - age  12:      58016 bytes,    3866328 total
[2020-09-11T11:43:42.331+0000][26480][gc,age       ] GC(75) - age  13:       9432 bytes,    3875760 total
[2020-09-11T11:43:42.331+0000][26480][gc,age       ] GC(75) - age  14:     114008 bytes,    3989768 total
[2020-09-11T11:43:42.331+0000][26480][gc,age       ] GC(75) - age  15:    2071864 bytes,    6061632 total
[2020-09-11T11:43:42.331+0000][26480][gc,phases    ] GC(75)   Pre Evacuate Collection Set: 0.6ms
[2020-09-11T11:43:42.331+0000][26480][gc,phases    ] GC(75)   Merge Heap Roots: 0.1ms
[2020-09-11T11:43:42.331+0000][26480][gc,phases    ] GC(75)   Evacuate Collection Set: 3.3ms
[2020-09-11T11:43:42.331+0000][26480][gc,phases    ] GC(75)   Post Evacuate Collection Set: 0.9ms
[2020-09-11T11:43:42.331+0000][26480][gc,phases    ] GC(75)   Other: 1.1ms
[2020-09-11T11:43:42.331+0000][26480][gc,heap      ] GC(75) Eden regions: 39->0(499)
[2020-09-11T11:43:42.331+0000][26480][gc,heap      ] GC(75) Survivor regions: 5->7(63)
[2020-09-11T11:43:42.332+0000][26480][gc,heap      ] GC(75) Old regions: 73->73
[2020-09-11T11:43:42.332+0000][26480][gc,heap      ] GC(75) Archive regions: 0->0
[2020-09-11T11:43:42.332+0000][26480][gc,heap      ] GC(75) Humongous regions: 234->174
[2020-09-11T11:43:42.332+0000][26480][gc,metaspace ] GC(75) Metaspace: 83513K(89880K)->83513K(89880K) NonClass: 72630K(76440K)->72630K(76440K) Class: 10882K(13440K)->10882K(13440K)
[2020-09-11T11:43:42.332+0000][26480][gc           ] GC(75) Pause Young (Concurrent Start) (G1 Humongous Allocation) 349M->252M(1024M) 6.469ms
[2020-09-11T11:43:42.332+0000][26480][gc,cpu       ] GC(75) User=0.00s Sys=0.00s Real=0.01s
[2020-09-11T11:43:42.332+0000][26480][gc           ] GC(76) Concurrent Cycle
[2020-09-11T11:43:42.332+0000][26480][safepoint    ] Safepoint "G1TryInitiateConcMark", Time since last: 209638200 ns, Reaching safepoint: 191400 ns, At safepoint: 6692200 ns, Total: 6883600 ns
[2020-09-11T11:43:42.332+0000][26480][gc,marking   ] GC(76) Concurrent Clear Claimed Marks
[2020-09-11T11:43:42.332+0000][26480][gc,marking   ] GC(76) Concurrent Clear Claimed Marks 0.479ms
[2020-09-11T11:43:42.332+0000][26480][gc,marking   ] GC(76) Concurrent Scan Root Regions
[2020-09-11T11:43:42.337+0000][26480][gc,marking   ] GC(76) Concurrent Scan Root Regions 4.335ms
[2020-09-11T11:43:42.337+0000][26480][gc,marking   ] GC(76) Concurrent Mark (7027.472s)
[2020-09-11T11:43:42.337+0000][26480][gc,marking   ] GC(76) Concurrent Mark From Roots
[2020-09-11T11:43:42.337+0000][26480][gc,task      ] GC(76) Using 2 workers of 2 for marking
[2020-09-11T11:43:42.480+0000][26480][gc,marking   ] GC(76) Concurrent Mark From Roots 143.149ms
[2020-09-11T11:43:42.480+0000][26480][gc,marking   ] GC(76) Concurrent Preclean
[2020-09-11T11:43:42.481+0000][26480][gc,marking   ] GC(76) Concurrent Preclean 0.665ms
[2020-09-11T11:43:42.481+0000][26480][gc,marking   ] GC(76) Concurrent Mark (7027.472s, 7027.616s) 144.016ms
[2020-09-11T11:43:42.481+0000][26480][gc,start     ] GC(76) Pause Remark
[2020-09-11T11:43:42.488+0000][26480][gc           ] GC(76) Pause Remark 306M->306M(1024M) 6.839ms
[2020-09-11T11:43:42.488+0000][26480][gc,cpu       ] GC(76) User=0.00s Sys=0.00s Real=0.01s
[2020-09-11T11:43:42.488+0000][26480][safepoint    ] Safepoint "G1Concurrent", Time since last: 149219100 ns, Reaching safepoint: 155000 ns, At safepoint: 7086600 ns, Total: 7241600 ns
[2020-09-11T11:43:42.488+0000][26480][gc,marking   ] GC(76) Concurrent Rebuild Remembered Sets
[2020-09-11T11:43:42.586+0000][26480][gc,marking   ] GC(76) Concurrent Rebuild Remembered Sets 97.424ms
[2020-09-11T11:43:42.586+0000][26480][gc,start     ] GC(76) Pause Cleanup
[2020-09-11T11:43:42.587+0000][26480][gc           ] GC(76) Pause Cleanup 314M->314M(1024M) 0.412ms
[2020-09-11T11:43:42.587+0000][26480][gc,cpu       ] GC(76) User=0.00s Sys=0.00s Real=0.00s
[2020-09-11T11:43:42.587+0000][26480][safepoint    ] Safepoint "G1Concurrent", Time since last: 97615400 ns, Reaching safepoint: 177800 ns, At safepoint: 620000 ns, Total: 797800 ns
[2020-09-11T11:43:42.587+0000][26480][gc,marking   ] GC(76) Concurrent Cleanup for Next Mark
[2020-09-11T11:43:42.589+0000][26480][gc,marking   ] GC(76) Concurrent Cleanup for Next Mark 1.988ms
[2020-09-11T11:43:42.589+0000][26480][gc           ] GC(76) Concurrent Cycle 257.062ms
[2020-09-11T11:43:42.626+0000][26480][gc,start     ] GC(77) Pause Young (Concurrent Start) (G1 Humongous Allocation)
[2020-09-11T11:43:42.626+0000][26480][gc,task      ] GC(77) Using 8 workers of 8 for evacuation
[2020-09-11T11:43:42.626+0000][26480][gc,age       ] GC(77) Desired survivor size 33554432 bytes, new threshold 15 (max threshold 15)
[2020-09-11T11:43:42.633+0000][26480][gc,age       ] GC(77) Age table with threshold 15 (max threshold 15)
[2020-09-11T11:43:42.633+0000][26480][gc,age       ] GC(77) - age   1:   12565024 bytes,   12565024 total
[2020-09-11T11:43:42.633+0000][26480][gc,age       ] GC(77) - age   2:       3736 bytes,   12568760 total
[2020-09-11T11:43:42.633+0000][26480][gc,age       ] GC(77) - age   3:       1440 bytes,   12570200 total
[2020-09-11T11:43:42.633+0000][26480][gc,age       ] GC(77) - age   4:        920 bytes,   12571120 total
[2020-09-11T11:43:42.633+0000][26480][gc,age       ] GC(77) - age   5:       1784 bytes,   12572904 total
[2020-09-11T11:43:42.633+0000][26480][gc,age       ] GC(77) - age   6:       2064 bytes,   12574968 total
[2020-09-11T11:43:42.633+0000][26480][gc,age       ] GC(77) - age   7:      25840 bytes,   12600808 total
[2020-09-11T11:43:42.633+0000][26480][gc,age       ] GC(77) - age   8:       1064 bytes,   12601872 total
[2020-09-11T11:43:42.633+0000][26480][gc,age       ] GC(77) - age   9:      25864 bytes,   12627736 total
[2020-09-11T11:43:42.633+0000][26480][gc,age       ] GC(77) - age  10:       1344 bytes,   12629080 total
[2020-09-11T11:43:42.633+0000][26480][gc,age       ] GC(77) - age  11:      27264 bytes,   12656344 total
[2020-09-11T11:43:42.633+0000][26480][gc,age       ] GC(77) - age  12:      28656 bytes,   12685000 total
[2020-09-11T11:43:42.633+0000][26480][gc,age       ] GC(77) - age  13:      57952 bytes,   12742952 total
[2020-09-11T11:43:42.633+0000][26480][gc,age       ] GC(77) - age  14:       9432 bytes,   12752384 total
[2020-09-11T11:43:42.633+0000][26480][gc,age       ] GC(77) - age  15:     114008 bytes,   12866392 total
[2020-09-11T11:43:42.633+0000][26480][gc,phases    ] GC(77)   Pre Evacuate Collection Set: 0.5ms
[2020-09-11T11:43:42.633+0000][26480][gc,phases    ] GC(77)   Merge Heap Roots: 0.1ms
[2020-09-11T11:43:42.633+0000][26480][gc,phases    ] GC(77)   Evacuate Collection Set: 4.8ms
[2020-09-11T11:43:42.633+0000][26480][gc,phases    ] GC(77)   Post Evacuate Collection Set: 1.0ms
[2020-09-11T11:43:42.634+0000][26480][gc,phases    ] GC(77)   Other: 1.2ms
[2020-09-11T11:43:42.634+0000][26480][gc,heap      ] GC(77) Eden regions: 41->0(483)
[2020-09-11T11:43:42.634+0000][26480][gc,heap      ] GC(77) Survivor regions: 7->14(64)
[2020-09-11T11:43:42.634+0000][26480][gc,heap      ] GC(77) Old regions: 73->75
[2020-09-11T11:43:42.634+0000][26480][gc,heap      ] GC(77) Archive regions: 0->0
[2020-09-11T11:43:42.634+0000][26480][gc,heap      ] GC(77) Humongous regions: 234->174
[2020-09-11T11:43:42.634+0000][26480][gc,metaspace ] GC(77) Metaspace: 83544K(89880K)->83544K(89880K) NonClass: 72661K(76440K)->72661K(76440K) Class: 10882K(13440K)->10882K(13440K)
[2020-09-11T11:43:42.634+0000][26480][gc           ] GC(77) Pause Young (Concurrent Start) (G1 Humongous Allocation) 352M->261M(1024M) 8.065ms
[2020-09-11T11:43:42.634+0000][26480][gc,cpu       ] GC(77) User=0.00s Sys=0.00s Real=0.01s
[2020-09-11T11:43:42.634+0000][26480][gc           ] GC(78) Concurrent Cycle
[2020-09-11T11:43:42.634+0000][26480][gc,marking   ] GC(78) Concurrent Clear Claimed Marks
[2020-09-11T11:43:42.635+0000][26480][gc,marking   ] GC(78) Concurrent Clear Claimed Marks 0.358ms
[2020-09-11T11:43:42.635+0000][26480][gc,marking   ] GC(78) Concurrent Scan Root Regions
[2020-09-11T11:43:42.637+0000][26480][gc,marking   ] GC(78) Concurrent Scan Root Regions 2.737ms
[2020-09-11T11:43:42.637+0000][26480][gc,marking   ] GC(78) Concurrent Mark (7027.772s)
[2020-09-11T11:43:42.637+0000][26480][gc,marking   ] GC(78) Concurrent Mark From Roots
[2020-09-11T11:43:42.637+0000][26480][gc,task      ] GC(78) Using 2 workers of 2 for marking
[2020-09-11T11:43:42.638+0000][26480][safepoint    ] Safepoint "G1TryInitiateConcMark", Time since last: 38852400 ns, Reaching safepoint: 202800 ns, At safepoint: 11963300 ns, Total: 12166100 ns
[2020-09-11T11:43:42.788+0000][26480][gc,marking   ] GC(78) Concurrent Mark From Roots 150.806ms
[2020-09-11T11:43:42.788+0000][26480][gc,marking   ] GC(78) Concurrent Preclean
[2020-09-11T11:43:42.789+0000][26480][gc,marking   ] GC(78) Concurrent Preclean 0.826ms
[2020-09-11T11:43:42.789+0000][26480][gc,marking   ] GC(78) Concurrent Mark (7027.772s, 7027.924s) 151.858ms
[2020-09-11T11:43:42.790+0000][26480][gc,start     ] GC(78) Pause Remark
[2020-09-11T11:43:42.794+0000][26480][gc           ] GC(78) Pause Remark 487M->487M(1024M) 4.656ms
[2020-09-11T11:43:42.794+0000][26480][gc,cpu       ] GC(78) User=0.08s Sys=0.02s Real=0.00s
[2020-09-11T11:43:42.794+0000][26480][safepoint    ] Safepoint "G1Concurrent", Time since last: 151630800 ns, Reaching safepoint: 184200 ns, At safepoint: 4908200 ns, Total: 5092400 ns
[2020-09-11T11:43:42.795+0000][26480][gc,marking   ] GC(78) Concurrent Rebuild Remembered Sets
[2020-09-11T11:43:42.890+0000][26480][gc,marking   ] GC(78) Concurrent Rebuild Remembered Sets 95.884ms
[2020-09-11T11:43:42.894+0000][26480][gc,start     ] GC(78) Pause Cleanup
[2020-09-11T11:43:42.894+0000][26480][gc           ] GC(78) Pause Cleanup 489M->489M(1024M) 0.404ms
[2020-09-11T11:43:42.894+0000][26480][gc,cpu       ] GC(78) User=0.00s Sys=0.00s Real=0.00s
[2020-09-11T11:43:42.898+0000][26480][safepoint    ] Safepoint "G1Concurrent", Time since last: 96120400 ns, Reaching safepoint: 3114600 ns, At safepoint: 4669600 ns, Total: 7784200 ns
[2020-09-11T11:43:42.898+0000][26480][gc,marking   ] GC(78) Concurrent Cleanup for Next Mark
[2020-09-11T11:43:42.900+0000][26480][gc,marking   ] GC(78) Concurrent Cleanup for Next Mark 1.769ms
[2020-09-11T11:43:42.900+0000][26480][gc           ] GC(78) Concurrent Cycle 266.322ms
[2020-09-11T11:43:42.957+0000][26480][gc,start     ] GC(79) Pause Young (Concurrent Start) (G1 Humongous Allocation)
[2020-09-11T11:43:42.957+0000][26480][gc,task      ] GC(79) Using 8 workers of 8 for evacuation
[2020-09-11T11:43:42.957+0000][26480][gc,age       ] GC(79) Desired survivor size 33030144 bytes, new threshold 15 (max threshold 15)
[2020-09-11T11:43:42.962+0000][26480][gc,age       ] GC(79) Age table with threshold 15 (max threshold 15)
[2020-09-11T11:43:42.962+0000][26480][gc,age       ] GC(79) - age   1:     712264 bytes,     712264 total
[2020-09-11T11:43:42.962+0000][26480][gc,age       ] GC(79) - age   2:    3870664 bytes,    4582928 total
[2020-09-11T11:43:42.962+0000][26480][gc,age       ] GC(79) - age   3:       2624 bytes,    4585552 total
[2020-09-11T11:43:42.962+0000][26480][gc,age       ] GC(79) - age   4:        872 bytes,    4586424 total
[2020-09-11T11:43:42.962+0000][26480][gc,age       ] GC(79) - age   5:        920 bytes,    4587344 total
[2020-09-11T11:43:42.962+0000][26480][gc,age       ] GC(79) - age   6:       1784 bytes,    4589128 total
[2020-09-11T11:43:42.962+0000][26480][gc,age       ] GC(79) - age   7:       2064 bytes,    4591192 total
[2020-09-11T11:43:42.962+0000][26480][gc,age       ] GC(79) - age   8:      25840 bytes,    4617032 total
[2020-09-11T11:43:42.962+0000][26480][gc,age       ] GC(79) - age   9:       1064 bytes,    4618096 total
[2020-09-11T11:43:42.962+0000][26480][gc,age       ] GC(79) - age  10:      25864 bytes,    4643960 total
[2020-09-11T11:43:42.962+0000][26480][gc,age       ] GC(79) - age  11:       1344 bytes,    4645304 total
[2020-09-11T11:43:42.962+0000][26480][gc,age       ] GC(79) - age  12:      27264 bytes,    4672568 total
[2020-09-11T11:43:42.962+0000][26480][gc,age       ] GC(79) - age  13:      28632 bytes,    4701200 total
[2020-09-11T11:43:42.962+0000][26480][gc,age       ] GC(79) - age  14:      57616 bytes,    4758816 total
[2020-09-11T11:43:42.962+0000][26480][gc,age       ] GC(79) - age  15:       9432 bytes,    4768248 total
[2020-09-11T11:43:42.962+0000][26480][gc,phases    ] GC(79)   Pre Evacuate Collection Set: 0.5ms
[2020-09-11T11:43:42.962+0000][26480][gc,phases    ] GC(79)   Merge Heap Roots: 0.1ms
[2020-09-11T11:43:42.962+0000][26480][gc,phases    ] GC(79)   Evacuate Collection Set: 3.0ms
[2020-09-11T11:43:42.962+0000][26480][gc,phases    ] GC(79)   Post Evacuate Collection Set: 1.0ms
[2020-09-11T11:43:42.963+0000][26480][gc,phases    ] GC(79)   Other: 1.1ms
[2020-09-11T11:43:42.963+0000][26480][gc,heap      ] GC(79) Eden regions: 48->0(484)
[2020-09-11T11:43:42.963+0000][26480][gc,heap      ] GC(79) Survivor regions: 14->6(63)
[2020-09-11T11:43:42.963+0000][26480][gc,heap      ] GC(79) Old regions: 75->75
[2020-09-11T11:43:42.963+0000][26480][gc,heap      ] GC(79) Archive regions: 0->0
[2020-09-11T11:43:42.963+0000][26480][gc,heap      ] GC(79) Humongous regions: 362->174
[2020-09-11T11:43:42.963+0000][26480][gc,metaspace ] GC(79) Metaspace: 83547K(89880K)->83547K(89880K) NonClass: 72664K(76440K)->72664K(76440K) Class: 10882K(13440K)->10882K(13440K)
[2020-09-11T11:43:42.963+0000][26480][gc           ] GC(79) Pause Young (Concurrent Start) (G1 Humongous Allocation) 496M->253M(1024M) 6.130ms
[2020-09-11T11:43:42.963+0000][26480][gc,cpu       ] GC(79) User=0.03s Sys=0.00s Real=0.01s
[2020-09-11T11:43:42.963+0000][26480][gc           ] GC(80) Concurrent Cycle
[2020-09-11T11:43:42.963+0000][26480][gc,marking   ] GC(80) Concurrent Clear Claimed Marks
[2020-09-11T11:43:42.963+0000][26480][safepoint    ] Safepoint "G1TryInitiateConcMark", Time since last: 58089500 ns, Reaching safepoint: 160200 ns, At safepoint: 6460300 ns, Total: 6620500 ns
[2020-09-11T11:43:42.963+0000][26480][gc,marking   ] GC(80) Concurrent Clear Claimed Marks 0.372ms
[2020-09-11T11:43:42.963+0000][26480][gc,marking   ] GC(80) Concurrent Scan Root Regions
[2020-09-11T11:43:42.966+0000][26480][gc,marking   ] GC(80) Concurrent Scan Root Regions 2.572ms
[2020-09-11T11:43:42.966+0000][26480][gc,marking   ] GC(80) Concurrent Mark (7028.101s)
[2020-09-11T11:43:42.966+0000][26480][gc,marking   ] GC(80) Concurrent Mark From Roots
[2020-09-11T11:43:42.966+0000][26480][gc,task      ] GC(80) Using 2 workers of 2 for marking
[2020-09-11T11:43:43.123+0000][26480][gc,marking   ] GC(80) Concurrent Mark From Roots 156.943ms
[2020-09-11T11:43:43.123+0000][26480][gc,marking   ] GC(80) Concurrent Preclean
[2020-09-11T11:43:43.124+0000][26480][gc,marking   ] GC(80) Concurrent Preclean 0.708ms
[2020-09-11T11:43:43.124+0000][26480][gc,marking   ] GC(80) Concurrent Mark (7028.101s, 7028.259s) 157.836ms
[2020-09-11T11:43:43.124+0000][26480][gc,start     ] GC(80) Pause Remark
[2020-09-11T11:43:43.135+0000][26480][gc           ] GC(80) Pause Remark 316M->316M(1024M) 10.418ms
[2020-09-11T11:43:43.135+0000][26480][gc,cpu       ] GC(80) User=0.03s Sys=0.00s Real=0.01s
[2020-09-11T11:43:43.135+0000][26480][safepoint    ] Safepoint "G1Concurrent", Time since last: 160922400 ns, Reaching safepoint: 176500 ns, At safepoint: 10687600 ns, Total: 10864100 ns
[2020-09-11T11:43:43.135+0000][26480][gc,marking   ] GC(80) Concurrent Rebuild Remembered Sets
[2020-09-11T11:43:43.228+0000][26480][gc,marking   ] GC(80) Concurrent Rebuild Remembered Sets 93.122ms
[2020-09-11T11:43:43.231+0000][26480][gc,start     ] GC(80) Pause Cleanup
[2020-09-11T11:43:43.231+0000][26480][gc           ] GC(80) Pause Cleanup 322M->322M(1024M) 0.422ms
[2020-09-11T11:43:43.231+0000][26480][gc,cpu       ] GC(80) User=0.00s Sys=0.00s Real=0.00s
[2020-09-11T11:43:43.231+0000][26480][safepoint    ] Safepoint "G1Concurrent", Time since last: 93316400 ns, Reaching safepoint: 2753100 ns, At safepoint: 663100 ns, Total: 3416200 ns
[2020-09-11T11:43:43.231+0000][26480][gc,marking   ] GC(80) Concurrent Cleanup for Next Mark
[2020-09-11T11:43:43.233+0000][26480][gc,marking   ] GC(80) Concurrent Cleanup for Next Mark 1.789ms
[2020-09-11T11:43:43.233+0000][26480][gc           ] GC(80) Concurrent Cycle 270.620ms
[2020-09-11T11:43:43.297+0000][26480][safepoint    ] Safepoint "ICBufferFull", Time since last: 64920600 ns, Reaching safepoint: 308600 ns, At safepoint: 12700 ns, Total: 321300 ns
[2020-09-11T11:43:43.310+0000][26480][gc,start     ] GC(81) Pause Young (Concurrent Start) (G1 Humongous Allocation)
[2020-09-11T11:43:43.310+0000][26480][gc,task      ] GC(81) Using 8 workers of 8 for evacuation
[2020-09-11T11:43:43.310+0000][26480][gc,age       ] GC(81) Desired survivor size 32505856 bytes, new threshold 15 (max threshold 15)
[2020-09-11T11:43:43.315+0000][26480][gc,age       ] GC(81) Age table with threshold 15 (max threshold 15)
[2020-09-11T11:43:43.315+0000][26480][gc,age       ] GC(81) - age   1:    3514144 bytes,    3514144 total
[2020-09-11T11:43:43.315+0000][26480][gc,age       ] GC(81) - age   2:     203112 bytes,    3717256 total
[2020-09-11T11:43:43.315+0000][26480][gc,age       ] GC(81) - age   3:       8896 bytes,    3726152 total
[2020-09-11T11:43:43.315+0000][26480][gc,age       ] GC(81) - age   4:       2072 bytes,    3728224 total
[2020-09-11T11:43:43.315+0000][26480][gc,age       ] GC(81) - age   5:        776 bytes,    3729000 total
[2020-09-11T11:43:43.315+0000][26480][gc,age       ] GC(81) - age   6:        888 bytes,    3729888 total
[2020-09-11T11:43:43.315+0000][26480][gc,age       ] GC(81) - age   7:       1368 bytes,    3731256 total
[2020-09-11T11:43:43.315+0000][26480][gc,age       ] GC(81) - age   8:       2064 bytes,    3733320 total
[2020-09-11T11:43:43.315+0000][26480][gc,age       ] GC(81) - age   9:      25840 bytes,    3759160 total
[2020-09-11T11:43:43.315+0000][26480][gc,age       ] GC(81) - age  10:       1032 bytes,    3760192 total
[2020-09-11T11:43:43.315+0000][26480][gc,age       ] GC(81) - age  11:      25832 bytes,    3786024 total
[2020-09-11T11:43:43.315+0000][26480][gc,age       ] GC(81) - age  12:       1280 bytes,    3787304 total
[2020-09-11T11:43:43.315+0000][26480][gc,age       ] GC(81) - age  13:      27232 bytes,    3814536 total
[2020-09-11T11:43:43.315+0000][26480][gc,age       ] GC(81) - age  14:      28480 bytes,    3843016 total
[2020-09-11T11:43:43.315+0000][26480][gc,age       ] GC(81) - age  15:      57584 bytes,    3900600 total
[2020-09-11T11:43:43.315+0000][26480][gc,phases    ] GC(81)   Pre Evacuate Collection Set: 0.6ms
[2020-09-11T11:43:43.315+0000][26480][gc,phases    ] GC(81)   Merge Heap Roots: 0.2ms
[2020-09-11T11:43:43.316+0000][26480][gc,phases    ] GC(81)   Evacuate Collection Set: 2.7ms
[2020-09-11T11:43:43.316+0000][26480][gc,phases    ] GC(81)   Post Evacuate Collection Set: 0.8ms
[2020-09-11T11:43:43.316+0000][26480][gc,phases    ] GC(81)   Other: 1.1ms
[2020-09-11T11:43:43.316+0000][26480][gc,heap      ] GC(81) Eden regions: 34->0(489)
[2020-09-11T11:43:43.316+0000][26480][gc,heap      ] GC(81) Survivor regions: 6->5(62)
[2020-09-11T11:43:43.316+0000][26480][gc,heap      ] GC(81) Old regions: 75->75
[2020-09-11T11:43:43.316+0000][26480][gc,heap      ] GC(81) Archive regions: 0->0
[2020-09-11T11:43:43.316+0000][26480][gc,heap      ] GC(81) Humongous regions: 232->174
[2020-09-11T11:43:43.316+0000][26480][gc,metaspace ] GC(81) Metaspace: 83562K(89880K)->83562K(89880K) NonClass: 72680K(76440K)->72680K(76440K) Class: 10881K(13440K)->10881K(13440K)
[2020-09-11T11:43:43.316+0000][26480][gc           ] GC(81) Pause Young (Concurrent Start) (G1 Humongous Allocation) 345M->252M(1024M) 5.730ms
[2020-09-11T11:43:43.316+0000][26480][gc,cpu       ] GC(81) User=0.00s Sys=0.00s Real=0.01s
[2020-09-11T11:43:43.316+0000][26480][safepoint    ] Safepoint "G1TryInitiateConcMark", Time since last: 13111100 ns, Reaching safepoint: 308100 ns, At safepoint: 5955000 ns, Total: 6263100 ns
[2020-09-11T11:43:43.316+0000][26480][gc           ] GC(82) Concurrent Cycle
[2020-09-11T11:43:43.316+0000][26480][gc,marking   ] GC(82) Concurrent Clear Claimed Marks
[2020-09-11T11:43:43.317+0000][26480][gc,marking   ] GC(82) Concurrent Clear Claimed Marks 0.508ms
[2020-09-11T11:43:43.317+0000][26480][gc,marking   ] GC(82) Concurrent Scan Root Regions
[2020-09-11T11:43:43.319+0000][26480][gc,marking   ] GC(82) Concurrent Scan Root Regions 2.706ms
[2020-09-11T11:43:43.320+0000][26480][gc,marking   ] GC(82) Concurrent Mark (7028.454s)
[2020-09-11T11:43:43.320+0000][26480][gc,marking   ] GC(82) Concurrent Mark From Roots
[2020-09-11T11:43:43.320+0000][26480][gc,task      ] GC(82) Using 2 workers of 2 for marking
[2020-09-11T11:43:43.475+0000][26480][gc,marking   ] GC(82) Concurrent Mark From Roots 155.580ms
[2020-09-11T11:43:43.475+0000][26480][gc,marking   ] GC(82) Concurrent Preclean
[2020-09-11T11:43:43.476+0000][26480][gc,marking   ] GC(82) Concurrent Preclean 0.658ms
[2020-09-11T11:43:43.476+0000][26480][gc,marking   ] GC(82) Concurrent Mark (7028.454s, 7028.611s) 156.463ms
[2020-09-11T11:43:43.476+0000][26480][gc,start     ] GC(82) Pause Remark
[2020-09-11T11:43:43.481+0000][26480][gc           ] GC(82) Pause Remark 308M->308M(1024M) 5.162ms
[2020-09-11T11:43:43.482+0000][26480][gc,cpu       ] GC(82) User=0.09s Sys=0.00s Real=0.01s
[2020-09-11T11:43:43.482+0000][26480][safepoint    ] Safepoint "G1Concurrent", Time since last: 160089300 ns, Reaching safepoint: 197300 ns, At safepoint: 5416400 ns, Total: 5613700 ns
[2020-09-11T11:43:43.482+0000][26480][gc,marking   ] GC(82) Concurrent Rebuild Remembered Sets
[2020-09-11T11:43:43.578+0000][26480][gc,marking   ] GC(82) Concurrent Rebuild Remembered Sets 96.451ms
[2020-09-11T11:43:43.579+0000][26480][gc,start     ] GC(82) Pause Cleanup
[2020-09-11T11:43:43.579+0000][26480][gc           ] GC(82) Pause Cleanup 379M->379M(1024M) 0.355ms
[2020-09-11T11:43:43.579+0000][26480][gc,cpu       ] GC(82) User=0.00s Sys=0.00s Real=0.00s
[2020-09-11T11:43:43.579+0000][26480][safepoint    ] Safepoint "G1Concurrent", Time since last: 96650300 ns, Reaching safepoint: 214200 ns, At safepoint: 546100 ns, Total: 760300 ns
[2020-09-11T11:43:43.579+0000][26480][gc,marking   ] GC(82) Concurrent Cleanup for Next Mark
[2020-09-11T11:43:43.581+0000][26480][gc,marking   ] GC(82) Concurrent Cleanup for Next Mark 2.144ms
[2020-09-11T11:43:43.582+0000][26480][gc           ] GC(82) Concurrent Cycle 265.504ms
[2020-09-11T11:43:43.763+0000][26480][gc,start     ] GC(83) Pause Young (Concurrent Start) (G1 Humongous Allocation)
[2020-09-11T11:43:43.763+0000][26480][gc,task      ] GC(83) Using 8 workers of 8 for evacuation
[2020-09-11T11:43:43.764+0000][26480][gc,age       ] GC(83) Desired survivor size 32505856 bytes, new threshold 15 (max threshold 15)
[2020-09-11T11:43:43.768+0000][26480][gc,age       ] GC(83) Age table with threshold 15 (max threshold 15)
[2020-09-11T11:43:43.768+0000][26480][gc,age       ] GC(83) - age   1:    3308640 bytes,    3308640 total
[2020-09-11T11:43:43.768+0000][26480][gc,age       ] GC(83) - age   2:     598256 bytes,    3906896 total
[2020-09-11T11:43:43.768+0000][26480][gc,age       ] GC(83) - age   3:       4072 bytes,    3910968 total
[2020-09-11T11:43:43.768+0000][26480][gc,age       ] GC(83) - age   4:       6720 bytes,    3917688 total
[2020-09-11T11:43:43.768+0000][26480][gc,age       ] GC(83) - age   5:       1752 bytes,    3919440 total
[2020-09-11T11:43:43.768+0000][26480][gc,age       ] GC(83) - age   6:        648 bytes,    3920088 total
[2020-09-11T11:43:43.768+0000][26480][gc,age       ] GC(83) - age   7:        888 bytes,    3920976 total
[2020-09-11T11:43:43.768+0000][26480][gc,age       ] GC(83) - age   8:       1336 bytes,    3922312 total
[2020-09-11T11:43:43.768+0000][26480][gc,age       ] GC(83) - age   9:       2064 bytes,    3924376 total
[2020-09-11T11:43:43.768+0000][26480][gc,age       ] GC(83) - age  10:      25680 bytes,    3950056 total
[2020-09-11T11:43:43.768+0000][26480][gc,age       ] GC(83) - age  11:       1032 bytes,    3951088 total
[2020-09-11T11:43:43.768+0000][26480][gc,age       ] GC(83) - age  12:      25640 bytes,    3976728 total
[2020-09-11T11:43:43.768+0000][26480][gc,age       ] GC(83) - age  13:       1248 bytes,    3977976 total
[2020-09-11T11:43:43.768+0000][26480][gc,age       ] GC(83) - age  14:      27232 bytes,    4005208 total
[2020-09-11T11:43:43.768+0000][26480][gc,age       ] GC(83) - age  15:      28416 bytes,    4033624 total
[2020-09-11T11:43:43.768+0000][26480][gc,phases    ] GC(83)   Pre Evacuate Collection Set: 0.4ms
[2020-09-11T11:43:43.768+0000][26480][gc,phases    ] GC(83)   Merge Heap Roots: 0.1ms
[2020-09-11T11:43:43.768+0000][26480][gc,phases    ] GC(83)   Evacuate Collection Set: 2.6ms
[2020-09-11T11:43:43.769+0000][26480][gc,phases    ] GC(83)   Post Evacuate Collection Set: 0.8ms
[2020-09-11T11:43:43.769+0000][26480][gc,phases    ] GC(83)   Other: 1.2ms
[2020-09-11T11:43:43.769+0000][26480][gc,heap      ] GC(83) Eden regions: 42->0(492)
[2020-09-11T11:43:43.769+0000][26480][gc,heap      ] GC(83) Survivor regions: 5->5(62)
[2020-09-11T11:43:43.769+0000][26480][gc,heap      ] GC(83) Old regions: 75->75
[2020-09-11T11:43:43.769+0000][26480][gc,heap      ] GC(83) Archive regions: 0->0
[2020-09-11T11:43:43.769+0000][26480][gc,heap      ] GC(83) Humongous regions: 272->174
[2020-09-11T11:43:43.769+0000][26480][gc,metaspace ] GC(83) Metaspace: 83574K(89880K)->83574K(89880K) NonClass: 72693K(76440K)->72693K(76440K) Class: 10881K(13440K)->10881K(13440K)
[2020-09-11T11:43:43.769+0000][26480][gc           ] GC(83) Pause Young (Concurrent Start) (G1 Humongous Allocation) 391M->252M(1024M) 5.484ms
[2020-09-11T11:43:43.769+0000][26480][gc,cpu       ] GC(83) User=0.00s Sys=0.00s Real=0.01s
[2020-09-11T11:43:43.769+0000][26480][safepoint    ] Safepoint "G1TryInitiateConcMark", Time since last: 184005900 ns, Reaching safepoint: 161900 ns, At safepoint: 5666000 ns, Total: 5827900 ns
[2020-09-11T11:43:43.769+0000][26480][gc           ] GC(84) Concurrent Cycle
[2020-09-11T11:43:43.769+0000][26480][gc,marking   ] GC(84) Concurrent Clear Claimed Marks
[2020-09-11T11:43:43.769+0000][26480][gc,marking   ] GC(84) Concurrent Clear Claimed Marks 0.398ms
[2020-09-11T11:43:43.770+0000][26480][gc,marking   ] GC(84) Concurrent Scan Root Regions
[2020-09-11T11:43:43.772+0000][26480][gc,marking   ] GC(84) Concurrent Scan Root Regions 2.350ms
[2020-09-11T11:43:43.772+0000][26480][gc,marking   ] GC(84) Concurrent Mark (7028.907s)
[2020-09-11T11:43:43.772+0000][26480][gc,marking   ] GC(84) Concurrent Mark From Roots
[2020-09-11T11:43:43.772+0000][26480][gc,task      ] GC(84) Using 2 workers of 2 for marking
[2020-09-11T11:43:43.910+0000][26480][gc,marking   ] GC(84) Concurrent Mark From Roots 137.536ms
[2020-09-11T11:43:43.910+0000][26480][gc,marking   ] GC(84) Concurrent Preclean
[2020-09-11T11:43:43.910+0000][26480][gc,marking   ] GC(84) Concurrent Preclean 0.598ms
[2020-09-11T11:43:43.910+0000][26480][gc,marking   ] GC(84) Concurrent Mark (7028.907s, 7029.045s) 138.317ms
[2020-09-11T11:43:43.911+0000][26480][gc,start     ] GC(84) Pause Remark
[2020-09-11T11:43:43.916+0000][26480][gc           ] GC(84) Pause Remark 314M->314M(1024M) 5.364ms
[2020-09-11T11:43:43.916+0000][26480][gc,cpu       ] GC(84) User=0.09s Sys=0.00s Real=0.00s
[2020-09-11T11:43:43.916+0000][26480][safepoint    ] Safepoint "G1Concurrent", Time since last: 141462700 ns, Reaching safepoint: 141400 ns, At safepoint: 5553400 ns, Total: 5694800 ns
[2020-09-11T11:43:43.916+0000][26480][gc,marking   ] GC(84) Concurrent Rebuild Remembered Sets
[2020-09-11T11:43:44.003+0000][26480][gc,marking   ] GC(84) Concurrent Rebuild Remembered Sets 86.731ms
[2020-09-11T11:43:44.003+0000][26480][gc,start     ] GC(84) Pause Cleanup
[2020-09-11T11:43:44.003+0000][26480][gc           ] GC(84) Pause Cleanup 386M->386M(1024M) 0.279ms
[2020-09-11T11:43:44.004+0000][26480][gc,cpu       ] GC(84) User=0.00s Sys=0.00s Real=0.00s
[2020-09-11T11:43:44.004+0000][26480][safepoint    ] Safepoint "G1Concurrent", Time since last: 86906300 ns, Reaching safepoint: 134900 ns, At safepoint: 454700 ns, Total: 589600 ns
[2020-09-11T11:43:44.004+0000][26480][gc,marking   ] GC(84) Concurrent Cleanup for Next Mark
[2020-09-11T11:43:44.005+0000][26480][gc,marking   ] GC(84) Concurrent Cleanup for Next Mark 1.259ms
[2020-09-11T11:43:44.005+0000][26480][gc           ] GC(84) Concurrent Cycle 236.068ms
[2020-09-11T11:43:44.130+0000][26480][gc,start     ] GC(85) Pause Young (Concurrent Start) (G1 Humongous Allocation)
[2020-09-11T11:43:44.130+0000][26480][gc,task      ] GC(85) Using 8 workers of 8 for evacuation
[2020-09-11T11:43:44.130+0000][26480][gc,age       ] GC(85) Desired survivor size 33030144 bytes, new threshold 15 (max threshold 15)
[2020-09-11T11:43:44.134+0000][26480][gc,age       ] GC(85) Age table with threshold 15 (max threshold 15)
[2020-09-11T11:43:44.134+0000][26480][gc,age       ] GC(85) - age   1:    3185952 bytes,    3185952 total
[2020-09-11T11:43:44.134+0000][26480][gc,age       ] GC(85) - age   2:     406320 bytes,    3592272 total
[2020-09-11T11:43:44.134+0000][26480][gc,age       ] GC(85) - age   3:     201544 bytes,    3793816 total
[2020-09-11T11:43:44.134+0000][26480][gc,age       ] GC(85) - age   4:       2120 bytes,    3795936 total
[2020-09-11T11:43:44.134+0000][26480][gc,age       ] GC(85) - age   5:       5184 bytes,    3801120 total
[2020-09-11T11:43:44.134+0000][26480][gc,age       ] GC(85) - age   6:       1624 bytes,    3802744 total
[2020-09-11T11:43:44.134+0000][26480][gc,age       ] GC(85) - age   7:        648 bytes,    3803392 total
[2020-09-11T11:43:44.134+0000][26480][gc,age       ] GC(85) - age   8:        696 bytes,    3804088 total
[2020-09-11T11:43:44.134+0000][26480][gc,age       ] GC(85) - age   9:       1176 bytes,    3805264 total
[2020-09-11T11:43:44.134+0000][26480][gc,age       ] GC(85) - age  10:       2064 bytes,    3807328 total
[2020-09-11T11:43:44.134+0000][26480][gc,age       ] GC(85) - age  11:      25648 bytes,    3832976 total
[2020-09-11T11:43:44.134+0000][26480][gc,age       ] GC(85) - age  12:       1032 bytes,    3834008 total
[2020-09-11T11:43:44.134+0000][26480][gc,age       ] GC(85) - age  13:      25640 bytes,    3859648 total
[2020-09-11T11:43:44.134+0000][26480][gc,age       ] GC(85) - age  14:       1248 bytes,    3860896 total
[2020-09-11T11:43:44.134+0000][26480][gc,age       ] GC(85) - age  15:      27040 bytes,    3887936 total
[2020-09-11T11:43:44.134+0000][26480][gc,phases    ] GC(85)   Pre Evacuate Collection Set: 0.4ms
[2020-09-11T11:43:44.134+0000][26480][gc,phases    ] GC(85)   Merge Heap Roots: 0.1ms
[2020-09-11T11:43:44.134+0000][26480][gc,phases    ] GC(85)   Evacuate Collection Set: 2.2ms
[2020-09-11T11:43:44.134+0000][26480][gc,phases    ] GC(85)   Post Evacuate Collection Set: 0.7ms
[2020-09-11T11:43:44.134+0000][26480][gc,phases    ] GC(85)   Other: 0.7ms
[2020-09-11T11:43:44.134+0000][26480][gc,heap      ] GC(85) Eden regions: 41->0(495)
[2020-09-11T11:43:44.134+0000][26480][gc,heap      ] GC(85) Survivor regions: 5->5(63)
[2020-09-11T11:43:44.134+0000][26480][gc,heap      ] GC(85) Old regions: 75->75
[2020-09-11T11:43:44.134+0000][26480][gc,heap      ] GC(85) Archive regions: 0->0
[2020-09-11T11:43:44.134+0000][26480][gc,heap      ] GC(85) Humongous regions: 278->174
[2020-09-11T11:43:44.134+0000][26480][gc,metaspace ] GC(85) Metaspace: 83593K(89880K)->83593K(89880K) NonClass: 72712K(76440K)->72712K(76440K) Class: 10881K(13440K)->10881K(13440K)
[2020-09-11T11:43:44.134+0000][26480][gc           ] GC(85) Pause Young (Concurrent Start) (G1 Humongous Allocation) 397M->252M(1024M) 4.296ms
[2020-09-11T11:43:44.134+0000][26480][gc,cpu       ] GC(85) User=0.00s Sys=0.00s Real=0.00s
[2020-09-11T11:43:44.135+0000][26480][safepoint    ] Safepoint "G1TryInitiateConcMark", Time since last: 126323100 ns, Reaching safepoint: 139400 ns, At safepoint: 4451700 ns, Total: 4591100 ns
[2020-09-11T11:43:44.135+0000][26480][gc           ] GC(86) Concurrent Cycle
[2020-09-11T11:43:44.135+0000][26480][gc,marking   ] GC(86) Concurrent Clear Claimed Marks
[2020-09-11T11:43:44.135+0000][26480][gc,marking   ] GC(86) Concurrent Clear Claimed Marks 0.472ms
[2020-09-11T11:43:44.135+0000][26480][gc,marking   ] GC(86) Concurrent Scan Root Regions
[2020-09-11T11:43:44.138+0000][26480][gc,marking   ] GC(86) Concurrent Scan Root Regions 2.563ms
[2020-09-11T11:43:44.138+0000][26480][gc,marking   ] GC(86) Concurrent Mark (7029.273s)
[2020-09-11T11:43:44.138+0000][26480][gc,marking   ] GC(86) Concurrent Mark From Roots
[2020-09-11T11:43:44.138+0000][26480][gc,task      ] GC(86) Using 2 workers of 2 for marking
[2020-09-11T11:43:44.260+0000][26480][gc,marking   ] GC(86) Concurrent Mark From Roots 122.554ms
[2020-09-11T11:43:44.261+0000][26480][gc,marking   ] GC(86) Concurrent Preclean
[2020-09-11T11:43:44.261+0000][26480][gc,marking   ] GC(86) Concurrent Preclean 0.642ms
[2020-09-11T11:43:44.261+0000][26480][gc,marking   ] GC(86) Concurrent Mark (7029.273s, 7029.396s) 123.418ms
[2020-09-11T11:43:44.262+0000][26480][gc,start     ] GC(86) Pause Remark
[2020-09-11T11:43:44.266+0000][26480][gc           ] GC(86) Pause Remark 311M->311M(1024M) 4.404ms
[2020-09-11T11:43:44.266+0000][26480][gc,cpu       ] GC(86) User=0.00s Sys=0.00s Real=0.00s
[2020-09-11T11:43:44.266+0000][26480][safepoint    ] Safepoint "G1Concurrent", Time since last: 126839400 ns, Reaching safepoint: 182000 ns, At safepoint: 4576800 ns, Total: 4758800 ns
[2020-09-11T11:43:44.266+0000][26480][gc,marking   ] GC(86) Concurrent Rebuild Remembered Sets
[2020-09-11T11:43:44.342+0000][26480][gc,marking   ] GC(86) Concurrent Rebuild Remembered Sets 76.207ms
[2020-09-11T11:43:44.343+0000][26480][gc,start     ] GC(86) Pause Cleanup
[2020-09-11T11:43:44.343+0000][26480][gc           ] GC(86) Pause Cleanup 316M->316M(1024M) 0.376ms
[2020-09-11T11:43:44.343+0000][26480][gc,cpu       ] GC(86) User=0.00s Sys=0.00s Real=0.00s
[2020-09-11T11:43:44.343+0000][26480][safepoint    ] Safepoint "G1Concurrent", Time since last: 76357700 ns, Reaching safepoint: 149300 ns, At safepoint: 581000 ns, Total: 730300 ns
[2020-09-11T11:43:44.343+0000][26480][gc,marking   ] GC(86) Concurrent Cleanup for Next Mark
[2020-09-11T11:43:44.345+0000][26480][gc,marking   ] GC(86) Concurrent Cleanup for Next Mark 1.623ms
[2020-09-11T11:43:44.345+0000][26480][gc           ] GC(86) Concurrent Cycle 210.487ms
[2020-09-11T11:43:44.822+0000][26480][gc,start     ] GC(87) Pause Young (Concurrent Start) (G1 Humongous Allocation)
[2020-09-11T11:43:44.822+0000][26480][gc,task      ] GC(87) Using 8 workers of 8 for evacuation
[2020-09-11T11:43:44.822+0000][26480][gc,age       ] GC(87) Desired survivor size 33030144 bytes, new threshold 15 (max threshold 15)
[2020-09-11T11:43:44.826+0000][26480][gc,age       ] GC(87) Age table with threshold 15 (max threshold 15)
[2020-09-11T11:43:44.826+0000][26480][gc,age       ] GC(87) - age   1:    2526152 bytes,    2526152 total
[2020-09-11T11:43:44.826+0000][26480][gc,age       ] GC(87) - age   2:       4408 bytes,    2530560 total
[2020-09-11T11:43:44.826+0000][26480][gc,age       ] GC(87) - age   3:       1720 bytes,    2532280 total
[2020-09-11T11:43:44.826+0000][26480][gc,age       ] GC(87) - age   4:       2656 bytes,    2534936 total
[2020-09-11T11:43:44.826+0000][26480][gc,age       ] GC(87) - age   5:        664 bytes,    2535600 total
[2020-09-11T11:43:44.826+0000][26480][gc,age       ] GC(87) - age   6:       4464 bytes,    2540064 total
[2020-09-11T11:43:44.826+0000][26480][gc,age       ] GC(87) - age   7:       1496 bytes,    2541560 total
[2020-09-11T11:43:44.826+0000][26480][gc,age       ] GC(87) - age   8:        648 bytes,    2542208 total
[2020-09-11T11:43:44.826+0000][26480][gc,age       ] GC(87) - age   9:        696 bytes,    2542904 total
[2020-09-11T11:43:44.826+0000][26480][gc,age       ] GC(87) - age  10:       1176 bytes,    2544080 total
[2020-09-11T11:43:44.826+0000][26480][gc,age       ] GC(87) - age  11:       2064 bytes,    2546144 total
[2020-09-11T11:43:44.826+0000][26480][gc,age       ] GC(87) - age  12:      25648 bytes,    2571792 total
[2020-09-11T11:43:44.826+0000][26480][gc,age       ] GC(87) - age  13:       1032 bytes,    2572824 total
[2020-09-11T11:43:44.826+0000][26480][gc,age       ] GC(87) - age  14:      25640 bytes,    2598464 total
[2020-09-11T11:43:44.826+0000][26480][gc,age       ] GC(87) - age  15:       1120 bytes,    2599584 total
[2020-09-11T11:43:44.826+0000][26480][gc,phases    ] GC(87)   Pre Evacuate Collection Set: 0.5ms
[2020-09-11T11:43:44.826+0000][26480][gc,phases    ] GC(87)   Merge Heap Roots: 0.1ms
[2020-09-11T11:43:44.826+0000][26480][gc,phases    ] GC(87)   Evacuate Collection Set: 2.0ms
[2020-09-11T11:43:44.826+0000][26480][gc,phases    ] GC(87)   Post Evacuate Collection Set: 0.9ms
[2020-09-11T11:43:44.826+0000][26480][gc,phases    ] GC(87)   Other: 1.0ms
[2020-09-11T11:43:44.826+0000][26480][gc,heap      ] GC(87) Eden regions: 31->0(500)
[2020-09-11T11:43:44.826+0000][26480][gc,heap      ] GC(87) Survivor regions: 5->3(63)
[2020-09-11T11:43:44.826+0000][26480][gc,heap      ] GC(87) Old regions: 75->75
[2020-09-11T11:43:44.826+0000][26480][gc,heap      ] GC(87) Archive regions: 0->0
[2020-09-11T11:43:44.827+0000][26480][gc,heap      ] GC(87) Humongous regions: 232->174
[2020-09-11T11:43:44.827+0000][26480][gc,metaspace ] GC(87) Metaspace: 83973K(90264K)->83973K(90264K) NonClass: 73031K(76696K)->73031K(76696K) Class: 10941K(13568K)->10941K(13568K)
[2020-09-11T11:43:44.827+0000][26480][gc           ] GC(87) Pause Young (Concurrent Start) (G1 Humongous Allocation) 341M->251M(1024M) 4.831ms
[2020-09-11T11:43:44.828+0000][26480][gc,cpu       ] GC(87) User=0.00s Sys=0.00s Real=0.00s
[2020-09-11T11:43:44.828+0000][26480][safepoint    ] Safepoint "G1TryInitiateConcMark", Time since last: 478233200 ns, Reaching safepoint: 378100 ns, At safepoint: 5310200 ns, Total: 5688300 ns
[2020-09-11T11:43:44.828+0000][26480][gc           ] GC(88) Concurrent Cycle
[2020-09-11T11:43:44.828+0000][26480][gc,marking   ] GC(88) Concurrent Clear Claimed Marks
[2020-09-11T11:43:44.828+0000][26480][gc,marking   ] GC(88) Concurrent Clear Claimed Marks 0.611ms
[2020-09-11T11:43:44.828+0000][26480][gc,marking   ] GC(88) Concurrent Scan Root Regions
[2020-09-11T11:43:44.830+0000][26480][gc,marking   ] GC(88) Concurrent Scan Root Regions 2.166ms
[2020-09-11T11:43:44.830+0000][26480][gc,marking   ] GC(88) Concurrent Mark (7029.965s)
[2020-09-11T11:43:44.830+0000][26480][gc,marking   ] GC(88) Concurrent Mark From Roots
[2020-09-11T11:43:44.830+0000][26480][gc,task      ] GC(88) Using 2 workers of 2 for marking
[2020-09-11T11:43:44.962+0000][26480][gc,marking   ] GC(88) Concurrent Mark From Roots 132.161ms
[2020-09-11T11:43:44.963+0000][26480][gc,marking   ] GC(88) Concurrent Preclean
[2020-09-11T11:43:44.963+0000][26480][gc,marking   ] GC(88) Concurrent Preclean 0.539ms
[2020-09-11T11:43:44.963+0000][26480][gc,marking   ] GC(88) Concurrent Mark (7029.965s, 7030.098s) 132.895ms
[2020-09-11T11:43:44.963+0000][26480][gc,start     ] GC(88) Pause Remark
[2020-09-11T11:43:44.968+0000][26480][gc           ] GC(88) Pause Remark 301M->301M(1024M) 4.572ms
[2020-09-11T11:43:44.968+0000][26480][gc,cpu       ] GC(88) User=0.00s Sys=0.00s Real=0.00s
[2020-09-11T11:43:44.968+0000][26480][safepoint    ] Safepoint "G1Concurrent", Time since last: 136122000 ns, Reaching safepoint: 160000 ns, At safepoint: 4768600 ns, Total: 4928600 ns
[2020-09-11T11:43:44.968+0000][26480][gc,marking   ] GC(88) Concurrent Rebuild Remembered Sets
[2020-09-11T11:43:45.050+0000][26480][gc,marking   ] GC(88) Concurrent Rebuild Remembered Sets 81.782ms
[2020-09-11T11:43:45.051+0000][26480][gc,start     ] GC(88) Pause Cleanup
[2020-09-11T11:43:45.051+0000][26480][gc           ] GC(88) Pause Cleanup 306M->306M(1024M) 0.372ms
[2020-09-11T11:43:45.051+0000][26480][gc,cpu       ] GC(88) User=0.00s Sys=0.00s Real=0.00s
[2020-09-11T11:43:45.051+0000][26480][safepoint    ] Safepoint "G1Concurrent", Time since last: 82005600 ns, Reaching safepoint: 583700 ns, At safepoint: 569700 ns, Total: 1153400 ns
[2020-09-11T11:43:45.051+0000][26480][gc,marking   ] GC(88) Concurrent Cleanup for Next Mark
[2020-09-11T11:43:45.053+0000][26480][gc,marking   ] GC(88) Concurrent Cleanup for Next Mark 2.067ms
[2020-09-11T11:43:45.053+0000][26480][gc           ] GC(88) Concurrent Cycle 226.447ms
[2020-09-11T11:43:45.071+0000][26480][gc,start     ] GC(89) Pause Young (Concurrent Start) (G1 Humongous Allocation)
[2020-09-11T11:43:45.072+0000][26480][gc,task      ] GC(89) Using 8 workers of 8 for evacuation
[2020-09-11T11:43:45.072+0000][26480][gc,age       ] GC(89) Desired survivor size 33030144 bytes, new threshold 15 (max threshold 15)
[2020-09-11T11:43:45.075+0000][26480][gc,age       ] GC(89) Age table with threshold 15 (max threshold 15)
[2020-09-11T11:43:45.075+0000][26480][gc,age       ] GC(89) - age   1:    2543992 bytes,    2543992 total
[2020-09-11T11:43:45.075+0000][26480][gc,age       ] GC(89) - age   2:     172984 bytes,    2716976 total
[2020-09-11T11:43:45.075+0000][26480][gc,age       ] GC(89) - age   3:       3152 bytes,    2720128 total
[2020-09-11T11:43:45.075+0000][26480][gc,age       ] GC(89) - age   4:       1720 bytes,    2721848 total
[2020-09-11T11:43:45.075+0000][26480][gc,age       ] GC(89) - age   5:       2624 bytes,    2724472 total
[2020-09-11T11:43:45.075+0000][26480][gc,age       ] GC(89) - age   6:        664 bytes,    2725136 total
[2020-09-11T11:43:45.075+0000][26480][gc,age       ] GC(89) - age   7:       4400 bytes,    2729536 total
[2020-09-11T11:43:45.075+0000][26480][gc,age       ] GC(89) - age   8:       1496 bytes,    2731032 total
[2020-09-11T11:43:45.075+0000][26480][gc,age       ] GC(89) - age   9:        616 bytes,    2731648 total
[2020-09-11T11:43:45.075+0000][26480][gc,age       ] GC(89) - age  10:        664 bytes,    2732312 total
[2020-09-11T11:43:45.075+0000][26480][gc,age       ] GC(89) - age  11:       1176 bytes,    2733488 total
[2020-09-11T11:43:45.075+0000][26480][gc,age       ] GC(89) - age  12:       2064 bytes,    2735552 total
[2020-09-11T11:43:45.075+0000][26480][gc,age       ] GC(89) - age  13:      25648 bytes,    2761200 total
[2020-09-11T11:43:45.075+0000][26480][gc,age       ] GC(89) - age  14:       1032 bytes,    2762232 total
[2020-09-11T11:43:45.075+0000][26480][gc,age       ] GC(89) - age  15:      25640 bytes,    2787872 total
[2020-09-11T11:43:45.075+0000][26480][gc,phases    ] GC(89)   Pre Evacuate Collection Set: 0.4ms
[2020-09-11T11:43:45.075+0000][26480][gc,phases    ] GC(89)   Merge Heap Roots: 0.1ms
[2020-09-11T11:43:45.075+0000][26480][gc,phases    ] GC(89)   Evacuate Collection Set: 2.0ms
[2020-09-11T11:43:45.075+0000][26480][gc,phases    ] GC(89)   Post Evacuate Collection Set: 0.7ms
[2020-09-11T11:43:45.076+0000][26480][gc,phases    ] GC(89)   Other: 0.8ms
[2020-09-11T11:43:45.076+0000][26480][gc,heap      ] GC(89) Eden regions: 22->0(502)
[2020-09-11T11:43:45.076+0000][26480][gc,heap      ] GC(89) Survivor regions: 3->3(63)
[2020-09-11T11:43:45.076+0000][26480][gc,heap      ] GC(89) Old regions: 75->75
[2020-09-11T11:43:45.076+0000][26480][gc,heap      ] GC(89) Archive regions: 0->0
[2020-09-11T11:43:45.076+0000][26480][gc,heap      ] GC(89) Humongous regions: 232->174
[2020-09-11T11:43:45.076+0000][26480][gc,metaspace ] GC(89) Metaspace: 83988K(90520K)->83988K(90520K) NonClass: 73047K(76952K)->73047K(76952K) Class: 10941K(13568K)->10941K(13568K)
[2020-09-11T11:43:45.076+0000][26480][gc           ] GC(89) Pause Young (Concurrent Start) (G1 Humongous Allocation) 330M->251M(1024M) 4.237ms
[2020-09-11T11:43:45.076+0000][26480][gc,cpu       ] GC(89) User=0.03s Sys=0.00s Real=0.00s
[2020-09-11T11:43:45.076+0000][26480][gc           ] GC(90) Concurrent Cycle
[2020-09-11T11:43:45.076+0000][26480][safepoint    ] Safepoint "G1TryInitiateConcMark", Time since last: 19930800 ns, Reaching safepoint: 231700 ns, At safepoint: 4402000 ns, Total: 4633700 ns
[2020-09-11T11:43:45.076+0000][26480][gc,marking   ] GC(90) Concurrent Clear Claimed Marks
[2020-09-11T11:43:45.076+0000][26480][gc,marking   ] GC(90) Concurrent Clear Claimed Marks 0.509ms
[2020-09-11T11:43:45.076+0000][26480][gc,marking   ] GC(90) Concurrent Scan Root Regions
[2020-09-11T11:43:45.079+0000][26480][gc,marking   ] GC(90) Concurrent Scan Root Regions 2.019ms
[2020-09-11T11:43:45.079+0000][26480][gc,marking   ] GC(90) Concurrent Mark (7030.214s)
[2020-09-11T11:43:45.079+0000][26480][gc,marking   ] GC(90) Concurrent Mark From Roots
[2020-09-11T11:43:45.079+0000][26480][gc,task      ] GC(90) Using 2 workers of 2 for marking
[2020-09-11T11:43:45.217+0000][26480][gc,marking   ] GC(90) Concurrent Mark From Roots 138.560ms
[2020-09-11T11:43:45.217+0000][26480][gc,marking   ] GC(90) Concurrent Preclean
[2020-09-11T11:43:45.218+0000][26480][gc,marking   ] GC(90) Concurrent Preclean 0.564ms
[2020-09-11T11:43:45.218+0000][26480][gc,marking   ] GC(90) Concurrent Mark (7030.214s, 7030.353s) 139.308ms
[2020-09-11T11:43:45.218+0000][26480][gc,start     ] GC(90) Pause Remark
[2020-09-11T11:43:45.224+0000][26480][gc           ] GC(90) Pause Remark 293M->293M(1024M) 5.308ms
[2020-09-11T11:43:45.224+0000][26480][gc,cpu       ] GC(90) User=0.00s Sys=0.00s Real=0.01s
[2020-09-11T11:43:45.224+0000][26480][safepoint    ] Safepoint "G1Concurrent", Time since last: 142214500 ns, Reaching safepoint: 171200 ns, At safepoint: 5526700 ns, Total: 5697900 ns
[2020-09-11T11:43:45.224+0000][26480][gc,marking   ] GC(90) Concurrent Rebuild Remembered Sets
[2020-09-11T11:43:45.312+0000][26480][gc,marking   ] GC(90) Concurrent Rebuild Remembered Sets 87.678ms
[2020-09-11T11:43:45.312+0000][26480][gc,start     ] GC(90) Pause Cleanup
[2020-09-11T11:43:45.312+0000][26480][gc           ] GC(90) Pause Cleanup 354M->354M(1024M) 0.392ms
[2020-09-11T11:43:45.312+0000][26480][gc,cpu       ] GC(90) User=0.00s Sys=0.00s Real=0.00s
[2020-09-11T11:43:45.313+0000][26480][safepoint    ] Safepoint "G1Concurrent", Time since last: 87988200 ns, Reaching safepoint: 199300 ns, At safepoint: 651100 ns, Total: 850400 ns
[2020-09-11T11:43:45.313+0000][26480][gc,marking   ] GC(90) Concurrent Cleanup for Next Mark
[2020-09-11T11:43:45.314+0000][26480][gc,marking   ] GC(90) Concurrent Cleanup for Next Mark 1.781ms
[2020-09-11T11:43:45.315+0000][26480][gc           ] GC(90) Concurrent Cycle 238.886ms
[2020-09-11T11:43:45.513+0000][26480][gc,start     ] GC(91) Pause Young (Concurrent Start) (G1 Humongous Allocation)
[2020-09-11T11:43:45.513+0000][26480][gc,task      ] GC(91) Using 8 workers of 8 for evacuation
[2020-09-11T11:43:45.513+0000][26480][gc,age       ] GC(91) Desired survivor size 33554432 bytes, new threshold 15 (max threshold 15)
[2020-09-11T11:43:45.517+0000][26480][gc,age       ] GC(91) Age table with threshold 15 (max threshold 15)
[2020-09-11T11:43:45.517+0000][26480][gc,age       ] GC(91) - age   1:    3269512 bytes,    3269512 total
[2020-09-11T11:43:45.517+0000][26480][gc,age       ] GC(91) - age   2:       3504 bytes,    3273016 total
[2020-09-11T11:43:45.517+0000][26480][gc,age       ] GC(91) - age   3:     168168 bytes,    3441184 total
[2020-09-11T11:43:45.517+0000][26480][gc,age       ] GC(91) - age   4:       3064 bytes,    3444248 total
[2020-09-11T11:43:45.517+0000][26480][gc,age       ] GC(91) - age   5:       1264 bytes,    3445512 total
[2020-09-11T11:43:45.517+0000][26480][gc,age       ] GC(91) - age   6:       2440 bytes,    3447952 total
[2020-09-11T11:43:45.517+0000][26480][gc,age       ] GC(91) - age   7:        608 bytes,    3448560 total
[2020-09-11T11:43:45.518+0000][26480][gc,age       ] GC(91) - age   8:       4304 bytes,    3452864 total
[2020-09-11T11:43:45.518+0000][26480][gc,age       ] GC(91) - age   9:       1464 bytes,    3454328 total
[2020-09-11T11:43:45.518+0000][26480][gc,age       ] GC(91) - age  10:        520 bytes,    3454848 total
[2020-09-11T11:43:45.518+0000][26480][gc,age       ] GC(91) - age  11:        664 bytes,    3455512 total
[2020-09-11T11:43:45.518+0000][26480][gc,age       ] GC(91) - age  12:       1176 bytes,    3456688 total
[2020-09-11T11:43:45.518+0000][26480][gc,age       ] GC(91) - age  13:       2064 bytes,    3458752 total
[2020-09-11T11:43:45.518+0000][26480][gc,age       ] GC(91) - age  14:      25584 bytes,    3484336 total
[2020-09-11T11:43:45.518+0000][26480][gc,age       ] GC(91) - age  15:       1032 bytes,    3485368 total
[2020-09-11T11:43:45.518+0000][26480][gc,phases    ] GC(91)   Pre Evacuate Collection Set: 0.4ms
[2020-09-11T11:43:45.518+0000][26480][gc,phases    ] GC(91)   Merge Heap Roots: 0.1ms
[2020-09-11T11:43:45.518+0000][26480][gc,phases    ] GC(91)   Evacuate Collection Set: 2.2ms
[2020-09-11T11:43:45.518+0000][26480][gc,phases    ] GC(91)   Post Evacuate Collection Set: 0.8ms
[2020-09-11T11:43:45.518+0000][26480][gc,phases    ] GC(91)   Other: 1.1ms
[2020-09-11T11:43:45.518+0000][26480][gc,heap      ] GC(91) Eden regions: 41->0(502)
[2020-09-11T11:43:45.518+0000][26480][gc,heap      ] GC(91) Survivor regions: 3->4(64)
[2020-09-11T11:43:45.518+0000][26480][gc,heap      ] GC(91) Old regions: 75->75
[2020-09-11T11:43:45.518+0000][26480][gc,heap      ] GC(91) Archive regions: 0->0
[2020-09-11T11:43:45.518+0000][26480][gc,heap      ] GC(91) Humongous regions: 256->174
[2020-09-11T11:43:45.518+0000][26480][gc,metaspace ] GC(91) Metaspace: 84007K(90520K)->84007K(90520K) NonClass: 73066K(76952K)->73066K(76952K) Class: 10941K(13568K)->10941K(13568K)
[2020-09-11T11:43:45.518+0000][26480][gc           ] GC(91) Pause Young (Concurrent Start) (G1 Humongous Allocation) 373M->251M(1024M) 5.123ms
[2020-09-11T11:43:45.519+0000][26480][gc,cpu       ] GC(91) User=0.00s Sys=0.00s Real=0.00s
[2020-09-11T11:43:45.519+0000][26480][gc           ] GC(92) Concurrent Cycle
[2020-09-11T11:43:45.519+0000][26480][safepoint    ] Safepoint "G1TryInitiateConcMark", Time since last: 200482500 ns, Reaching safepoint: 176600 ns, At safepoint: 5385400 ns, Total: 5562000 ns
[2020-09-11T11:43:45.519+0000][26480][gc,marking   ] GC(92) Concurrent Clear Claimed Marks
[2020-09-11T11:43:45.519+0000][26480][gc,marking   ] GC(92) Concurrent Clear Claimed Marks 0.561ms
[2020-09-11T11:43:45.519+0000][26480][gc,marking   ] GC(92) Concurrent Scan Root Regions
[2020-09-11T11:43:45.522+0000][26480][gc,marking   ] GC(92) Concurrent Scan Root Regions 2.426ms
[2020-09-11T11:43:45.522+0000][26480][gc,marking   ] GC(92) Concurrent Mark (7030.657s)
[2020-09-11T11:43:45.522+0000][26480][gc,marking   ] GC(92) Concurrent Mark From Roots
[2020-09-11T11:43:45.522+0000][26480][gc,task      ] GC(92) Using 2 workers of 2 for marking
[2020-09-11T11:43:45.649+0000][26480][gc,marking   ] GC(92) Concurrent Mark From Roots 127.033ms
[2020-09-11T11:43:45.649+0000][26480][gc,marking   ] GC(92) Concurrent Preclean
[2020-09-11T11:43:45.650+0000][26480][gc,marking   ] GC(92) Concurrent Preclean 0.733ms
[2020-09-11T11:43:45.650+0000][26480][gc,marking   ] GC(92) Concurrent Mark (7030.657s, 7030.785s) 127.947ms
[2020-09-11T11:43:45.650+0000][26480][gc,start     ] GC(92) Pause Remark
[2020-09-11T11:43:45.655+0000][26480][gc           ] GC(92) Pause Remark 312M->312M(1024M) 4.530ms
[2020-09-11T11:43:45.655+0000][26480][gc,cpu       ] GC(92) User=0.11s Sys=0.00s Real=0.00s
[2020-09-11T11:43:45.655+0000][26480][safepoint    ] Safepoint "G1Concurrent", Time since last: 131256500 ns, Reaching safepoint: 128400 ns, At safepoint: 4738100 ns, Total: 4866500 ns
[2020-09-11T11:43:45.655+0000][26480][gc,marking   ] GC(92) Concurrent Rebuild Remembered Sets
[2020-09-11T11:43:45.739+0000][26480][gc,marking   ] GC(92) Concurrent Rebuild Remembered Sets 84.414ms
[2020-09-11T11:43:45.739+0000][26480][gc,start     ] GC(92) Pause Cleanup
[2020-09-11T11:43:45.740+0000][26480][gc           ] GC(92) Pause Cleanup 322M->322M(1024M) 0.330ms
[2020-09-11T11:43:45.740+0000][26480][gc,cpu       ] GC(92) User=0.00s Sys=0.00s Real=0.00s
[2020-09-11T11:43:45.741+0000][26480][safepoint    ] Safepoint "G1Concurrent", Time since last: 84575200 ns, Reaching safepoint: 149900 ns, At safepoint: 1170100 ns, Total: 1320000 ns
[2020-09-11T11:43:45.741+0000][26480][gc,marking   ] GC(92) Concurrent Cleanup for Next Mark
[2020-09-11T11:43:45.743+0000][26480][gc,marking   ] GC(92) Concurrent Cleanup for Next Mark 2.027ms
[2020-09-11T11:43:45.743+0000][26480][gc           ] GC(92) Concurrent Cycle 224.277ms
[2020-09-11T11:43:45.745+0000][26480][gc,start     ] GC(93) Pause Young (Concurrent Start) (G1 Humongous Allocation)
[2020-09-11T11:43:45.745+0000][26480][gc,task      ] GC(93) Using 8 workers of 8 for evacuation
[2020-09-11T11:43:45.745+0000][26480][gc,age       ] GC(93) Desired survivor size 33554432 bytes, new threshold 15 (max threshold 15)
[2020-09-11T11:43:45.748+0000][26480][gc,age       ] GC(93) Age table with threshold 15 (max threshold 15)
[2020-09-11T11:43:45.748+0000][26480][gc,age       ] GC(93) - age   1:    2606792 bytes,    2606792 total
[2020-09-11T11:43:45.748+0000][26480][gc,age       ] GC(93) - age   2:     207728 bytes,    2814520 total
[2020-09-11T11:43:45.748+0000][26480][gc,age       ] GC(93) - age   3:       3504 bytes,    2818024 total
[2020-09-11T11:43:45.748+0000][26480][gc,age       ] GC(93) - age   4:     167720 bytes,    2985744 total
[2020-09-11T11:43:45.748+0000][26480][gc,age       ] GC(93) - age   5:       2704 bytes,    2988448 total
[2020-09-11T11:43:45.748+0000][26480][gc,age       ] GC(93) - age   6:       1168 bytes,    2989616 total
[2020-09-11T11:43:45.748+0000][26480][gc,age       ] GC(93) - age   7:       2376 bytes,    2991992 total
[2020-09-11T11:43:45.748+0000][26480][gc,age       ] GC(93) - age   8:        608 bytes,    2992600 total
[2020-09-11T11:43:45.749+0000][26480][gc,age       ] GC(93) - age   9:       4304 bytes,    2996904 total
[2020-09-11T11:43:45.749+0000][26480][gc,age       ] GC(93) - age  10:       1464 bytes,    2998368 total
[2020-09-11T11:43:45.749+0000][26480][gc,age       ] GC(93) - age  11:        520 bytes,    2998888 total
[2020-09-11T11:43:45.749+0000][26480][gc,age       ] GC(93) - age  12:        664 bytes,    2999552 total
[2020-09-11T11:43:45.749+0000][26480][gc,age       ] GC(93) - age  13:       1176 bytes,    3000728 total
[2020-09-11T11:43:45.749+0000][26480][gc,age       ] GC(93) - age  14:       2064 bytes,    3002792 total
[2020-09-11T11:43:45.749+0000][26480][gc,age       ] GC(93) - age  15:      25584 bytes,    3028376 total
[2020-09-11T11:43:45.749+0000][26480][gc,phases    ] GC(93)   Pre Evacuate Collection Set: 0.4ms
[2020-09-11T11:43:45.749+0000][26480][gc,phases    ] GC(93)   Merge Heap Roots: 0.1ms
[2020-09-11T11:43:45.749+0000][26480][gc,phases    ] GC(93)   Evacuate Collection Set: 2.0ms
[2020-09-11T11:43:45.749+0000][26480][gc,phases    ] GC(93)   Post Evacuate Collection Set: 0.7ms
[2020-09-11T11:43:45.749+0000][26480][gc,phases    ] GC(93)   Other: 1.0ms
[2020-09-11T11:43:45.749+0000][26480][gc,heap      ] GC(93) Eden regions: 22->0(504)
[2020-09-11T11:43:45.749+0000][26480][gc,heap      ] GC(93) Survivor regions: 4->3(64)
[2020-09-11T11:43:45.749+0000][26480][gc,heap      ] GC(93) Old regions: 75->75
[2020-09-11T11:43:45.749+0000][26480][gc,heap      ] GC(93) Archive regions: 0->0
[2020-09-11T11:43:45.749+0000][26480][gc,heap      ] GC(93) Humongous regions: 232->174
[2020-09-11T11:43:45.749+0000][26480][gc,metaspace ] GC(93) Metaspace: 84014K(90520K)->84014K(90520K) NonClass: 73072K(76952K)->73072K(76952K) Class: 10941K(13568K)->10941K(13568K)
[2020-09-11T11:43:45.749+0000][26480][gc           ] GC(93) Pause Young (Concurrent Start) (G1 Humongous Allocation) 331M->251M(1024M) 4.471ms
[2020-09-11T11:43:45.749+0000][26480][gc,cpu       ] GC(93) User=0.00s Sys=0.00s Real=0.00s
[2020-09-11T11:43:45.749+0000][26480][gc           ] GC(94) Concurrent Cycle
[2020-09-11T11:43:45.749+0000][26480][safepoint    ] Safepoint "G1TryInitiateConcMark", Time since last: 3675800 ns, Reaching safepoint: 226800 ns, At safepoint: 4671800 ns, Total: 4898600 ns
[2020-09-11T11:43:45.749+0000][26480][gc,marking   ] GC(94) Concurrent Clear Claimed Marks
[2020-09-11T11:43:45.750+0000][26480][gc,marking   ] GC(94) Concurrent Clear Claimed Marks 0.507ms
[2020-09-11T11:43:45.750+0000][26480][gc,marking   ] GC(94) Concurrent Scan Root Regions
[2020-09-11T11:43:45.752+0000][26480][gc,marking   ] GC(94) Concurrent Scan Root Regions 2.225ms
[2020-09-11T11:43:45.752+0000][26480][gc,marking   ] GC(94) Concurrent Mark (7030.887s)
[2020-09-11T11:43:45.752+0000][26480][gc,marking   ] GC(94) Concurrent Mark From Roots
[2020-09-11T11:43:45.752+0000][26480][gc,task      ] GC(94) Using 2 workers of 2 for marking
[2020-09-11T11:43:45.892+0000][26480][gc,marking   ] GC(94) Concurrent Mark From Roots 139.581ms
[2020-09-11T11:43:45.892+0000][26480][gc,marking   ] GC(94) Concurrent Preclean
[2020-09-11T11:43:45.893+0000][26480][gc,marking   ] GC(94) Concurrent Preclean 0.612ms
[2020-09-11T11:43:45.893+0000][26480][gc,marking   ] GC(94) Concurrent Mark (7030.887s, 7031.028s) 140.354ms
[2020-09-11T11:43:45.893+0000][26480][gc,start     ] GC(94) Pause Remark
[2020-09-11T11:43:45.898+0000][26480][gc           ] GC(94) Pause Remark 303M->303M(1024M) 5.086ms
[2020-09-11T11:43:45.898+0000][26480][gc,cpu       ] GC(94) User=0.00s Sys=0.00s Real=0.01s
[2020-09-11T11:43:45.898+0000][26480][safepoint    ] Safepoint "G1Concurrent", Time since last: 143568700 ns, Reaching safepoint: 131700 ns, At safepoint: 5300400 ns, Total: 5432100 ns
[2020-09-11T11:43:45.898+0000][26480][gc,marking   ] GC(94) Concurrent Rebuild Remembered Sets
[2020-09-11T11:43:45.975+0000][26480][gc,marking   ] GC(94) Concurrent Rebuild Remembered Sets 77.047ms
[2020-09-11T11:43:45.976+0000][26480][gc,start     ] GC(94) Pause Cleanup
[2020-09-11T11:43:45.976+0000][26480][gc           ] GC(94) Pause Cleanup 306M->306M(1024M) 0.313ms
[2020-09-11T11:43:45.976+0000][26480][gc,cpu       ] GC(94) User=0.00s Sys=0.00s Real=0.00s
[2020-09-11T11:43:45.976+0000][26480][safepoint    ] Safepoint "G1Concurrent", Time since last: 77244600 ns, Reaching safepoint: 169700 ns, At safepoint: 475300 ns, Total: 645000 ns
[2020-09-11T11:43:45.976+0000][26480][gc,marking   ] GC(94) Concurrent Cleanup for Next Mark
[2020-09-11T11:43:45.978+0000][26480][gc,marking   ] GC(94) Concurrent Cleanup for Next Mark 1.769ms
[2020-09-11T11:43:45.978+0000][26480][gc           ] GC(94) Concurrent Cycle 228.914ms
[2020-09-11T11:43:46.006+0000][26480][gc,start     ] GC(95) Pause Young (Concurrent Start) (G1 Humongous Allocation)
[2020-09-11T11:43:46.006+0000][26480][gc,task      ] GC(95) Using 8 workers of 8 for evacuation
[2020-09-11T11:43:46.006+0000][26480][gc,age       ] GC(95) Desired survivor size 33554432 bytes, new threshold 15 (max threshold 15)
[2020-09-11T11:43:46.010+0000][26480][gc,age       ] GC(95) Age table with threshold 15 (max threshold 15)
[2020-09-11T11:43:46.010+0000][26480][gc,age       ] GC(95) - age   1:    2594056 bytes,    2594056 total
[2020-09-11T11:43:46.010+0000][26480][gc,age       ] GC(95) - age   2:     206384 bytes,    2800440 total
[2020-09-11T11:43:46.010+0000][26480][gc,age       ] GC(95) - age   3:     207504 bytes,    3007944 total
[2020-09-11T11:43:46.010+0000][26480][gc,age       ] GC(95) - age   4:       2592 bytes,    3010536 total
[2020-09-11T11:43:46.010+0000][26480][gc,age       ] GC(95) - age   5:     164928 bytes,    3175464 total
[2020-09-11T11:43:46.010+0000][26480][gc,age       ] GC(95) - age   6:       2608 bytes,    3178072 total
[2020-09-11T11:43:46.010+0000][26480][gc,age       ] GC(95) - age   7:        976 bytes,    3179048 total
[2020-09-11T11:43:46.010+0000][26480][gc,age       ] GC(95) - age   8:       2376 bytes,    3181424 total
[2020-09-11T11:43:46.010+0000][26480][gc,age       ] GC(95) - age   9:        608 bytes,    3182032 total
[2020-09-11T11:43:46.010+0000][26480][gc,age       ] GC(95) - age  10:       4304 bytes,    3186336 total
[2020-09-11T11:43:46.010+0000][26480][gc,age       ] GC(95) - age  11:       1144 bytes,    3187480 total
[2020-09-11T11:43:46.010+0000][26480][gc,age       ] GC(95) - age  12:        488 bytes,    3187968 total
[2020-09-11T11:43:46.010+0000][26480][gc,age       ] GC(95) - age  13:        664 bytes,    3188632 total
[2020-09-11T11:43:46.010+0000][26480][gc,age       ] GC(95) - age  14:       1176 bytes,    3189808 total
[2020-09-11T11:43:46.010+0000][26480][gc,age       ] GC(95) - age  15:       2064 bytes,    3191872 total
[2020-09-11T11:43:46.010+0000][26480][gc,phases    ] GC(95)   Pre Evacuate Collection Set: 0.5ms
[2020-09-11T11:43:46.010+0000][26480][gc,phases    ] GC(95)   Merge Heap Roots: 0.1ms
[2020-09-11T11:43:46.011+0000][26480][gc,phases    ] GC(95)   Evacuate Collection Set: 2.2ms
[2020-09-11T11:43:46.011+0000][26480][gc,phases    ] GC(95)   Post Evacuate Collection Set: 0.8ms
[2020-09-11T11:43:46.011+0000][26480][gc,phases    ] GC(95)   Other: 1.2ms
[2020-09-11T11:43:46.011+0000][26480][gc,heap      ] GC(95) Eden regions: 22->0(504)
[2020-09-11T11:43:46.011+0000][26480][gc,heap      ] GC(95) Survivor regions: 3->4(64)
[2020-09-11T11:43:46.011+0000][26480][gc,heap      ] GC(95) Old regions: 75->75
[2020-09-11T11:43:46.011+0000][26480][gc,heap      ] GC(95) Archive regions: 0->0
[2020-09-11T11:43:46.011+0000][26480][gc,heap      ] GC(95) Humongous regions: 232->174
[2020-09-11T11:43:46.011+0000][26480][gc,metaspace ] GC(95) Metaspace: 84016K(90520K)->84016K(90520K) NonClass: 73074K(76952K)->73074K(76952K) Class: 10941K(13568K)->10941K(13568K)
[2020-09-11T11:43:46.011+0000][26480][gc           ] GC(95) Pause Young (Concurrent Start) (G1 Humongous Allocation) 331M->251M(1024M) 5.150ms
[2020-09-11T11:43:46.011+0000][26480][gc,cpu       ] GC(95) User=0.03s Sys=0.00s Real=0.00s
[2020-09-11T11:43:46.011+0000][26480][gc           ] GC(96) Concurrent Cycle
[2020-09-11T11:43:46.011+0000][26480][safepoint    ] Safepoint "G1TryInitiateConcMark", Time since last: 29427900 ns, Reaching safepoint: 186200 ns, At safepoint: 5446400 ns, Total: 5632600 ns
[2020-09-11T11:43:46.011+0000][26480][gc,marking   ] GC(96) Concurrent Clear Claimed Marks
[2020-09-11T11:43:46.012+0000][26480][gc,marking   ] GC(96) Concurrent Clear Claimed Marks 0.508ms
[2020-09-11T11:43:46.012+0000][26480][gc,marking   ] GC(96) Concurrent Scan Root Regions
[2020-09-11T11:43:46.014+0000][26480][gc,marking   ] GC(96) Concurrent Scan Root Regions 2.615ms
[2020-09-11T11:43:46.015+0000][26480][gc,marking   ] GC(96) Concurrent Mark (7031.150s)
[2020-09-11T11:43:46.015+0000][26480][gc,marking   ] GC(96) Concurrent Mark From Roots
[2020-09-11T11:43:46.015+0000][26480][gc,task      ] GC(96) Using 2 workers of 2 for marking
[2020-09-11T11:43:46.161+0000][26480][gc,marking   ] GC(96) Concurrent Mark From Roots 146.602ms
[2020-09-11T11:43:46.161+0000][26480][gc,marking   ] GC(96) Concurrent Preclean
[2020-09-11T11:43:46.162+0000][26480][gc,marking   ] GC(96) Concurrent Preclean 0.754ms
[2020-09-11T11:43:46.162+0000][26480][gc,marking   ] GC(96) Concurrent Mark (7031.150s, 7031.297s) 147.579ms
[2020-09-11T11:43:46.162+0000][26480][gc,start     ] GC(96) Pause Remark
[2020-09-11T11:43:46.167+0000][26480][gc           ] GC(96) Pause Remark 295M->295M(1024M) 4.744ms
[2020-09-11T11:43:46.167+0000][26480][gc,cpu       ] GC(96) User=0.11s Sys=0.00s Real=0.01s
[2020-09-11T11:43:46.167+0000][26480][safepoint    ] Safepoint "G1Concurrent", Time since last: 151123600 ns, Reaching safepoint: 133400 ns, At safepoint: 4980800 ns, Total: 5114200 ns
[2020-09-11T11:43:46.167+0000][26480][gc,marking   ] GC(96) Concurrent Rebuild Remembered Sets
[2020-09-11T11:43:46.257+0000][26480][gc,marking   ] GC(96) Concurrent Rebuild Remembered Sets 89.855ms
[2020-09-11T11:43:46.258+0000][26480][gc,start     ] GC(96) Pause Cleanup
[2020-09-11T11:43:46.258+0000][26480][gc           ] GC(96) Pause Cleanup 320M->320M(1024M) 0.360ms
[2020-09-11T11:43:46.258+0000][26480][gc,cpu       ] GC(96) User=0.00s Sys=0.00s Real=0.00s
[2020-09-11T11:43:46.258+0000][26480][safepoint    ] Safepoint "G1Concurrent", Time since last: 90168600 ns, Reaching safepoint: 197300 ns, At safepoint: 564300 ns, Total: 761600 ns
[2020-09-11T11:43:46.258+0000][26480][gc,marking   ] GC(96) Concurrent Cleanup for Next Mark
[2020-09-11T11:43:46.261+0000][26480][gc,marking   ] GC(96) Concurrent Cleanup for Next Mark 3.056ms
[2020-09-11T11:43:46.262+0000][26480][gc           ] GC(96) Concurrent Cycle 250.563ms
[2020-09-11T11:43:46.262+0000][26480][gc,start     ] GC(97) Pause Young (Concurrent Start) (G1 Humongous Allocation)
[2020-09-11T11:43:46.262+0000][26480][gc,task      ] GC(97) Using 8 workers of 8 for evacuation
[2020-09-11T11:43:46.262+0000][26480][gc,age       ] GC(97) Desired survivor size 33554432 bytes, new threshold 15 (max threshold 15)
[2020-09-11T11:43:46.266+0000][26480][gc,age       ] GC(97) Age table with threshold 15 (max threshold 15)
[2020-09-11T11:43:46.266+0000][26480][gc,age       ] GC(97) - age   1:    1830640 bytes,    1830640 total
[2020-09-11T11:43:46.266+0000][26480][gc,age       ] GC(97) - age   2:       3408 bytes,    1834048 total
[2020-09-11T11:43:46.266+0000][26480][gc,age       ] GC(97) - age   3:     205320 bytes,    2039368 total
[2020-09-11T11:43:46.266+0000][26480][gc,age       ] GC(97) - age   4:     207104 bytes,    2246472 total
[2020-09-11T11:43:46.266+0000][26480][gc,age       ] GC(97) - age   5:       2464 bytes,    2248936 total
[2020-09-11T11:43:46.266+0000][26480][gc,age       ] GC(97) - age   6:     164720 bytes,    2413656 total
[2020-09-11T11:43:46.266+0000][26480][gc,age       ] GC(97) - age   7:       2512 bytes,    2416168 total
[2020-09-11T11:43:46.266+0000][26480][gc,age       ] GC(97) - age   8:        816 bytes,    2416984 total
[2020-09-11T11:43:46.266+0000][26480][gc,age       ] GC(97) - age   9:       2376 bytes,    2419360 total
[2020-09-11T11:43:46.266+0000][26480][gc,age       ] GC(97) - age  10:        608 bytes,    2419968 total
[2020-09-11T11:43:46.266+0000][26480][gc,age       ] GC(97) - age  11:       4304 bytes,    2424272 total
[2020-09-11T11:43:46.266+0000][26480][gc,age       ] GC(97) - age  12:       1144 bytes,    2425416 total
[2020-09-11T11:43:46.266+0000][26480][gc,age       ] GC(97) - age  13:        488 bytes,    2425904 total
[2020-09-11T11:43:46.266+0000][26480][gc,age       ] GC(97) - age  14:        664 bytes,    2426568 total
[2020-09-11T11:43:46.266+0000][26480][gc,age       ] GC(97) - age  15:       1176 bytes,    2427744 total
[2020-09-11T11:43:46.267+0000][26480][gc,phases    ] GC(97)   Pre Evacuate Collection Set: 0.5ms
[2020-09-11T11:43:46.267+0000][26480][gc,phases    ] GC(97)   Merge Heap Roots: 0.1ms
[2020-09-11T11:43:46.267+0000][26480][gc,phases    ] GC(97)   Evacuate Collection Set: 2.1ms
[2020-09-11T11:43:46.267+0000][26480][gc,phases    ] GC(97)   Post Evacuate Collection Set: 0.6ms
[2020-09-11T11:43:46.267+0000][26480][gc,phases    ] GC(97)   Other: 1.0ms
[2020-09-11T11:43:46.267+0000][26480][gc,heap      ] GC(97) Eden regions: 23->0(506)
[2020-09-11T11:43:46.267+0000][26480][gc,heap      ] GC(97) Survivor regions: 4->3(64)
[2020-09-11T11:43:46.267+0000][26480][gc,heap      ] GC(97) Old regions: 75->75
[2020-09-11T11:43:46.267+0000][26480][gc,heap      ] GC(97) Archive regions: 0->0
[2020-09-11T11:43:46.267+0000][26480][gc,heap      ] GC(97) Humongous regions: 240->174
[2020-09-11T11:43:46.267+0000][26480][gc,metaspace ] GC(97) Metaspace: 84020K(90520K)->84020K(90520K) NonClass: 73078K(76952K)->73078K(76952K) Class: 10941K(13568K)->10941K(13568K)
[2020-09-11T11:43:46.267+0000][26480][gc           ] GC(97) Pause Young (Concurrent Start) (G1 Humongous Allocation) 340M->250M(1024M) 4.694ms
[2020-09-11T11:43:46.267+0000][26480][gc,cpu       ] GC(97) User=0.00s Sys=0.00s Real=0.00s
[2020-09-11T11:43:46.267+0000][26480][gc           ] GC(98) Concurrent Cycle
[2020-09-11T11:43:46.267+0000][26480][safepoint    ] Safepoint "G1TryInitiateConcMark", Time since last: 3599000 ns, Reaching safepoint: 261500 ns, At safepoint: 4910600 ns, Total: 5172100 ns
[2020-09-11T11:43:46.267+0000][26480][gc,marking   ] GC(98) Concurrent Clear Claimed Marks
[2020-09-11T11:43:46.268+0000][26480][gc,marking   ] GC(98) Concurrent Clear Claimed Marks 0.466ms
[2020-09-11T11:43:46.268+0000][26480][gc,marking   ] GC(98) Concurrent Scan Root Regions
[2020-09-11T11:43:46.270+0000][26480][gc,marking   ] GC(98) Concurrent Scan Root Regions 2.454ms
[2020-09-11T11:43:46.270+0000][26480][gc,marking   ] GC(98) Concurrent Mark (7031.405s)
[2020-09-11T11:43:46.270+0000][26480][gc,marking   ] GC(98) Concurrent Mark From Roots
[2020-09-11T11:43:46.270+0000][26480][gc,task      ] GC(98) Using 2 workers of 2 for marking
[2020-09-11T11:43:46.420+0000][26480][gc,marking   ] GC(98) Concurrent Mark From Roots 149.955ms
[2020-09-11T11:43:46.420+0000][26480][gc,marking   ] GC(98) Concurrent Preclean
[2020-09-11T11:43:46.421+0000][26480][gc,marking   ] GC(98) Concurrent Preclean 0.616ms
[2020-09-11T11:43:46.421+0000][26480][gc,marking   ] GC(98) Concurrent Mark (7031.405s, 7031.556s) 150.783ms
[2020-09-11T11:43:46.421+0000][26480][gc,start     ] GC(98) Pause Remark
[2020-09-11T11:43:46.426+0000][26480][gc           ] GC(98) Pause Remark 277M->277M(1024M) 4.900ms
[2020-09-11T11:43:46.426+0000][26480][gc,cpu       ] GC(98) User=0.00s Sys=0.00s Real=0.01s
[2020-09-11T11:43:46.426+0000][26480][safepoint    ] Safepoint "G1Concurrent", Time since last: 153975200 ns, Reaching safepoint: 149500 ns, At safepoint: 5145100 ns, Total: 5294600 ns
[2020-09-11T11:43:46.426+0000][26480][gc,marking   ] GC(98) Concurrent Rebuild Remembered Sets
[2020-09-11T11:43:46.519+0000][26480][gc,marking   ] GC(98) Concurrent Rebuild Remembered Sets 92.426ms
[2020-09-11T11:43:46.519+0000][26480][gc,start     ] GC(98) Pause Cleanup
[2020-09-11T11:43:46.520+0000][26480][gc           ] GC(98) Pause Cleanup 279M->279M(1024M) 0.385ms
[2020-09-11T11:43:46.520+0000][26480][gc,cpu       ] GC(98) User=0.00s Sys=0.00s Real=0.00s
[2020-09-11T11:43:46.520+0000][26480][safepoint    ] Safepoint "G1Concurrent", Time since last: 92618300 ns, Reaching safepoint: 170300 ns, At safepoint: 552700 ns, Total: 723000 ns
[2020-09-11T11:43:46.520+0000][26480][gc,marking   ] GC(98) Concurrent Cleanup for Next Mark
[2020-09-11T11:43:46.522+0000][26480][gc,marking   ] GC(98) Concurrent Cleanup for Next Mark 2.306ms
[2020-09-11T11:43:46.522+0000][26480][gc           ] GC(98) Concurrent Cycle 255.153ms
[2020-09-11T11:43:46.584+0000][26480][gc,start     ] GC(99) Pause Young (Concurrent Start) (G1 Humongous Allocation)
[2020-09-11T11:43:46.584+0000][26480][gc,task      ] GC(99) Using 8 workers of 8 for evacuation
[2020-09-11T11:43:46.584+0000][26480][gc,age       ] GC(99) Desired survivor size 33554432 bytes, new threshold 15 (max threshold 15)
[2020-09-11T11:43:46.588+0000][26480][gc,age       ] GC(99) Age table with threshold 15 (max threshold 15)
[2020-09-11T11:43:46.588+0000][26480][gc,age       ] GC(99) - age   1:    1770968 bytes,    1770968 total
[2020-09-11T11:43:46.588+0000][26480][gc,age       ] GC(99) - age   2:     202536 bytes,    1973504 total
[2020-09-11T11:43:46.588+0000][26480][gc,age       ] GC(99) - age   3:       2432 bytes,    1975936 total
[2020-09-11T11:43:46.588+0000][26480][gc,age       ] GC(99) - age   4:     205288 bytes,    2181224 total
[2020-09-11T11:43:46.588+0000][26480][gc,age       ] GC(99) - age   5:     206904 bytes,    2388128 total
[2020-09-11T11:43:46.588+0000][26480][gc,age       ] GC(99) - age   6:       2464 bytes,    2390592 total
[2020-09-11T11:43:46.588+0000][26480][gc,age       ] GC(99) - age   7:     164440 bytes,    2555032 total
[2020-09-11T11:43:46.588+0000][26480][gc,age       ] GC(99) - age   8:       2448 bytes,    2557480 total
[2020-09-11T11:43:46.588+0000][26480][gc,age       ] GC(99) - age   9:        784 bytes,    2558264 total
[2020-09-11T11:43:46.588+0000][26480][gc,age       ] GC(99) - age  10:       2216 bytes,    2560480 total
[2020-09-11T11:43:46.588+0000][26480][gc,age       ] GC(99) - age  11:        608 bytes,    2561088 total
[2020-09-11T11:43:46.588+0000][26480][gc,age       ] GC(99) - age  12:       4304 bytes,    2565392 total
[2020-09-11T11:43:46.588+0000][26480][gc,age       ] GC(99) - age  13:       1112 bytes,    2566504 total
[2020-09-11T11:43:46.588+0000][26480][gc,age       ] GC(99) - age  14:        488 bytes,    2566992 total
[2020-09-11T11:43:46.588+0000][26480][gc,age       ] GC(99) - age  15:        664 bytes,    2567656 total
[2020-09-11T11:43:46.588+0000][26480][gc,phases    ] GC(99)   Pre Evacuate Collection Set: 0.4ms
[2020-09-11T11:43:46.588+0000][26480][gc,phases    ] GC(99)   Merge Heap Roots: 0.1ms
[2020-09-11T11:43:46.588+0000][26480][gc,phases    ] GC(99)   Evacuate Collection Set: 2.2ms
[2020-09-11T11:43:46.588+0000][26480][gc,phases    ] GC(99)   Post Evacuate Collection Set: 0.7ms
[2020-09-11T11:43:46.588+0000][26480][gc,phases    ] GC(99)   Other: 0.9ms
[2020-09-11T11:43:46.588+0000][26480][gc,heap      ] GC(99) Eden regions: 22->0(507)
[2020-09-11T11:43:46.588+0000][26480][gc,heap      ] GC(99) Survivor regions: 3->3(64)
[2020-09-11T11:43:46.588+0000][26480][gc,heap      ] GC(99) Old regions: 75->75
[2020-09-11T11:43:46.588+0000][26480][gc,heap      ] GC(99) Archive regions: 0->0
[2020-09-11T11:43:46.588+0000][26480][gc,heap      ] GC(99) Humongous regions: 232->174
[2020-09-11T11:43:46.588+0000][26480][gc,metaspace ] GC(99) Metaspace: 84026K(90520K)->84026K(90520K) NonClass: 73085K(76952K)->73085K(76952K) Class: 10941K(13568K)->10941K(13568K)
[2020-09-11T11:43:46.589+0000][26480][gc           ] GC(99) Pause Young (Concurrent Start) (G1 Humongous Allocation) 330M->251M(1024M) 4.615ms
[2020-09-11T11:43:46.589+0000][26480][gc,cpu       ] GC(99) User=0.02s Sys=0.00s Real=0.00s
[2020-09-11T11:43:46.589+0000][26480][gc           ] GC(100) Concurrent Cycle
[2020-09-11T11:43:46.589+0000][26480][safepoint    ] Safepoint "G1TryInitiateConcMark", Time since last: 63950500 ns, Reaching safepoint: 185600 ns, At safepoint: 4805700 ns, Total: 4991300 ns
[2020-09-11T11:43:46.589+0000][26480][gc,marking   ] GC(100) Concurrent Clear Claimed Marks
[2020-09-11T11:43:46.589+0000][26480][gc,marking   ] GC(100) Concurrent Clear Claimed Marks 0.614ms
[2020-09-11T11:43:46.589+0000][26480][gc,marking   ] GC(100) Concurrent Scan Root Regions
[2020-09-11T11:43:46.592+0000][26480][gc,marking   ] GC(100) Concurrent Scan Root Regions 2.234ms
[2020-09-11T11:43:46.592+0000][26480][gc,marking   ] GC(100) Concurrent Mark (7031.727s)
[2020-09-11T11:43:46.592+0000][26480][gc,marking   ] GC(100) Concurrent Mark From Roots
[2020-09-11T11:43:46.592+0000][26480][gc,task      ] GC(100) Using 2 workers of 2 for marking
[2020-09-11T11:43:46.736+0000][26480][gc,marking   ] GC(100) Concurrent Mark From Roots 144.027ms
[2020-09-11T11:43:46.736+0000][26480][gc,marking   ] GC(100) Concurrent Preclean
[2020-09-11T11:43:46.737+0000][26480][gc,marking   ] GC(100) Concurrent Preclean 0.788ms
[2020-09-11T11:43:46.737+0000][26480][gc,marking   ] GC(100) Concurrent Mark (7031.727s, 7031.872s) 144.998ms
[2020-09-11T11:43:46.737+0000][26480][gc,start     ] GC(100) Pause Remark
[2020-09-11T11:43:46.742+0000][26480][gc           ] GC(100) Pause Remark 270M->270M(1024M) 4.796ms
[2020-09-11T11:43:46.742+0000][26480][gc,cpu       ] GC(100) User=0.00s Sys=0.00s Real=0.01s
[2020-09-11T11:43:46.742+0000][26480][safepoint    ] Safepoint "G1Concurrent", Time since last: 148212700 ns, Reaching safepoint: 140600 ns, At safepoint: 5023200 ns, Total: 5163800 ns
[2020-09-11T11:43:46.742+0000][26480][gc,marking   ] GC(100) Concurrent Rebuild Remembered Sets
[2020-09-11T11:43:46.835+0000][26480][gc,marking   ] GC(100) Concurrent Rebuild Remembered Sets 92.940ms
[2020-09-11T11:43:46.835+0000][26480][gc,start     ] GC(100) Pause Cleanup
[2020-09-11T11:43:46.836+0000][26480][gc           ] GC(100) Pause Cleanup 339M->339M(1024M) 0.312ms
[2020-09-11T11:43:46.836+0000][26480][gc,cpu       ] GC(100) User=0.00s Sys=0.00s Real=0.00s
[2020-09-11T11:43:46.836+0000][26480][safepoint    ] Safepoint "G1Concurrent", Time since last: 93095800 ns, Reaching safepoint: 163400 ns, At safepoint: 508500 ns, Total: 671900 ns
[2020-09-11T11:43:46.836+0000][26480][gc,marking   ] GC(100) Concurrent Cleanup for Next Mark
[2020-09-11T11:43:46.837+0000][26480][gc,marking   ] GC(100) Concurrent Cleanup for Next Mark 1.450ms
[2020-09-11T11:43:46.837+0000][26480][gc           ] GC(100) Concurrent Cycle 248.784ms
[2020-09-11T11:43:47.129+0000][26480][gc,start     ] GC(101) Pause Young (Concurrent Start) (G1 Humongous Allocation)
[2020-09-11T11:43:47.129+0000][26480][gc,task      ] GC(101) Using 8 workers of 8 for evacuation
[2020-09-11T11:43:47.129+0000][26480][gc,age       ] GC(101) Desired survivor size 33554432 bytes, new threshold 15 (max threshold 15)
[2020-09-11T11:43:47.133+0000][26480][gc,age       ] GC(101) Age table with threshold 15 (max threshold 15)
[2020-09-11T11:43:47.133+0000][26480][gc,age       ] GC(101) - age   1:    3268048 bytes,    3268048 total
[2020-09-11T11:43:47.133+0000][26480][gc,age       ] GC(101) - age   2:       2832 bytes,    3270880 total
[2020-09-11T11:43:47.133+0000][26480][gc,age       ] GC(101) - age   3:     201456 bytes,    3472336 total
[2020-09-11T11:43:47.133+0000][26480][gc,age       ] GC(101) - age   4:       1320 bytes,    3473656 total
[2020-09-11T11:43:47.133+0000][26480][gc,age       ] GC(101) - age   5:     205120 bytes,    3678776 total
[2020-09-11T11:43:47.133+0000][26480][gc,age       ] GC(101) - age   6:     206752 bytes,    3885528 total
[2020-09-11T11:43:47.133+0000][26480][gc,age       ] GC(101) - age   7:       2088 bytes,    3887616 total
[2020-09-11T11:43:47.133+0000][26480][gc,age       ] GC(101) - age   8:     161824 bytes,    4049440 total
[2020-09-11T11:43:47.133+0000][26480][gc,age       ] GC(101) - age   9:       2416 bytes,    4051856 total
[2020-09-11T11:43:47.133+0000][26480][gc,age       ] GC(101) - age  10:        624 bytes,    4052480 total
[2020-09-11T11:43:47.133+0000][26480][gc,age       ] GC(101) - age  11:       1728 bytes,    4054208 total
[2020-09-11T11:43:47.133+0000][26480][gc,age       ] GC(101) - age  12:        608 bytes,    4054816 total
[2020-09-11T11:43:47.133+0000][26480][gc,age       ] GC(101) - age  13:       4304 bytes,    4059120 total
[2020-09-11T11:43:47.133+0000][26480][gc,age       ] GC(101) - age  14:       1112 bytes,    4060232 total
[2020-09-11T11:43:47.134+0000][26480][gc,age       ] GC(101) - age  15:        488 bytes,    4060720 total
[2020-09-11T11:43:47.134+0000][26480][gc,phases    ] GC(101)   Pre Evacuate Collection Set: 0.5ms
[2020-09-11T11:43:47.134+0000][26480][gc,phases    ] GC(101)   Merge Heap Roots: 0.1ms
[2020-09-11T11:43:47.134+0000][26480][gc,phases    ] GC(101)   Evacuate Collection Set: 2.3ms
[2020-09-11T11:43:47.134+0000][26480][gc,phases    ] GC(101)   Post Evacuate Collection Set: 0.8ms
[2020-09-11T11:43:47.134+0000][26480][gc,phases    ] GC(101)   Other: 1.3ms
[2020-09-11T11:43:47.134+0000][26480][gc,heap      ] GC(101) Eden regions: 40->0(506)
[2020-09-11T11:43:47.134+0000][26480][gc,heap      ] GC(101) Survivor regions: 3->4(64)
[2020-09-11T11:43:47.134+0000][26480][gc,heap      ] GC(101) Old regions: 75->75
[2020-09-11T11:43:47.134+0000][26480][gc,heap      ] GC(101) Archive regions: 0->0
[2020-09-11T11:43:47.134+0000][26480][gc,heap      ] GC(101) Humongous regions: 234->174
[2020-09-11T11:43:47.134+0000][26480][gc,metaspace ] GC(101) Metaspace: 84040K(90520K)->84040K(90520K) NonClass: 73099K(76952K)->73099K(76952K) Class: 10941K(13568K)->10941K(13568K)
[2020-09-11T11:43:47.134+0000][26480][gc           ] GC(101) Pause Young (Concurrent Start) (G1 Humongous Allocation) 350M->252M(1024M) 5.319ms
[2020-09-11T11:43:47.134+0000][26480][gc,cpu       ] GC(101) User=0.00s Sys=0.00s Real=0.01s
[2020-09-11T11:43:47.134+0000][26480][gc           ] GC(102) Concurrent Cycle
[2020-09-11T11:43:47.134+0000][26480][safepoint    ] Safepoint "G1TryInitiateConcMark", Time since last: 292676700 ns, Reaching safepoint: 224300 ns, At safepoint: 5589100 ns, Total: 5813400 ns
[2020-09-11T11:43:47.134+0000][26480][gc,marking   ] GC(102) Concurrent Clear Claimed Marks
[2020-09-11T11:43:47.135+0000][26480][gc,marking   ] GC(102) Concurrent Clear Claimed Marks 0.614ms
[2020-09-11T11:43:47.135+0000][26480][gc,marking   ] GC(102) Concurrent Scan Root Regions
[2020-09-11T11:43:47.138+0000][26480][gc,marking   ] GC(102) Concurrent Scan Root Regions 2.832ms
[2020-09-11T11:43:47.138+0000][26480][gc,marking   ] GC(102) Concurrent Mark (7032.273s)
[2020-09-11T11:43:47.138+0000][26480][gc,marking   ] GC(102) Concurrent Mark From Roots
[2020-09-11T11:43:47.138+0000][26480][gc,task      ] GC(102) Using 2 workers of 2 for marking
[2020-09-11T11:43:47.280+0000][26480][gc,marking   ] GC(102) Concurrent Mark From Roots 142.268ms
[2020-09-11T11:43:47.280+0000][26480][gc,marking   ] GC(102) Concurrent Preclean
[2020-09-11T11:43:47.281+0000][26480][gc,marking   ] GC(102) Concurrent Preclean 0.731ms
[2020-09-11T11:43:47.281+0000][26480][gc,marking   ] GC(102) Concurrent Mark (7032.273s, 7032.416s) 143.187ms
[2020-09-11T11:43:47.282+0000][26480][gc,start     ] GC(102) Pause Remark
[2020-09-11T11:43:47.286+0000][26480][gc           ] GC(102) Pause Remark 312M->312M(1024M) 4.705ms
[2020-09-11T11:43:47.286+0000][26480][gc,cpu       ] GC(102) User=0.00s Sys=0.00s Real=0.01s
[2020-09-11T11:43:47.286+0000][26480][safepoint    ] Safepoint "G1Concurrent", Time since last: 147018300 ns, Reaching safepoint: 153000 ns, At safepoint: 4979600 ns, Total: 5132600 ns
[2020-09-11T11:43:47.287+0000][26480][gc,marking   ] GC(102) Concurrent Rebuild Remembered Sets
[2020-09-11T11:43:47.358+0000][26480][gc,marking   ] GC(102) Concurrent Rebuild Remembered Sets 71.335ms
[2020-09-11T11:43:47.358+0000][26480][gc,start     ] GC(102) Pause Cleanup
[2020-09-11T11:43:47.358+0000][26480][gc           ] GC(102) Pause Cleanup 313M->313M(1024M) 0.334ms
[2020-09-11T11:43:47.359+0000][26480][gc,cpu       ] GC(102) User=0.00s Sys=0.00s Real=0.00s
[2020-09-11T11:43:47.359+0000][26480][safepoint    ] Safepoint "G1Concurrent", Time since last: 71529800 ns, Reaching safepoint: 137000 ns, At safepoint: 499000 ns, Total: 636000 ns
[2020-09-11T11:43:47.359+0000][26480][gc,marking   ] GC(102) Concurrent Cleanup for Next Mark
[2020-09-11T11:43:47.361+0000][26480][gc,marking   ] GC(102) Concurrent Cleanup for Next Mark 1.898ms
[2020-09-11T11:43:47.361+0000][26480][gc           ] GC(102) Concurrent Cycle 226.401ms
[2020-09-11T11:43:47.455+0000][26480][gc,start     ] GC(103) Pause Young (Concurrent Start) (G1 Humongous Allocation)
[2020-09-11T11:43:47.455+0000][26480][gc,task      ] GC(103) Using 8 workers of 8 for evacuation
[2020-09-11T11:43:47.455+0000][26480][gc,age       ] GC(103) Desired survivor size 33554432 bytes, new threshold 15 (max threshold 15)
[2020-09-11T11:43:47.459+0000][26480][gc,age       ] GC(103) Age table with threshold 15 (max threshold 15)
[2020-09-11T11:43:47.459+0000][26480][gc,age       ] GC(103) - age   1:    2608584 bytes,    2608584 total
[2020-09-11T11:43:47.459+0000][26480][gc,age       ] GC(103) - age   2:     208920 bytes,    2817504 total
[2020-09-11T11:43:47.459+0000][26480][gc,age       ] GC(103) - age   3:       2800 bytes,    2820304 total
[2020-09-11T11:43:47.459+0000][26480][gc,age       ] GC(103) - age   4:     201088 bytes,    3021392 total
[2020-09-11T11:43:47.459+0000][26480][gc,age       ] GC(103) - age   5:       1320 bytes,    3022712 total
[2020-09-11T11:43:47.459+0000][26480][gc,age       ] GC(103) - age   6:     205120 bytes,    3227832 total
[2020-09-11T11:43:47.459+0000][26480][gc,age       ] GC(103) - age   7:     206504 bytes,    3434336 total
[2020-09-11T11:43:47.459+0000][26480][gc,age       ] GC(103) - age   8:       2056 bytes,    3436392 total
[2020-09-11T11:43:47.459+0000][26480][gc,age       ] GC(103) - age   9:     161720 bytes,    3598112 total
[2020-09-11T11:43:47.459+0000][26480][gc,age       ] GC(103) - age  10:       2056 bytes,    3600168 total
[2020-09-11T11:43:47.459+0000][26480][gc,age       ] GC(103) - age  11:        624 bytes,    3600792 total
[2020-09-11T11:43:47.459+0000][26480][gc,age       ] GC(103) - age  12:       1728 bytes,    3602520 total
[2020-09-11T11:43:47.459+0000][26480][gc,age       ] GC(103) - age  13:        608 bytes,    3603128 total
[2020-09-11T11:43:47.459+0000][26480][gc,age       ] GC(103) - age  14:       4304 bytes,    3607432 total
[2020-09-11T11:43:47.459+0000][26480][gc,age       ] GC(103) - age  15:       1048 bytes,    3608480 total
[2020-09-11T11:43:47.459+0000][26480][gc,phases    ] GC(103)   Pre Evacuate Collection Set: 0.4ms
[2020-09-11T11:43:47.459+0000][26480][gc,phases    ] GC(103)   Merge Heap Roots: 0.1ms
[2020-09-11T11:43:47.459+0000][26480][gc,phases    ] GC(103)   Evacuate Collection Set: 2.1ms
[2020-09-11T11:43:47.459+0000][26480][gc,phases    ] GC(103)   Post Evacuate Collection Set: 0.8ms
[2020-09-11T11:43:47.459+0000][26480][gc,phases    ] GC(103)   Other: 0.7ms
[2020-09-11T11:43:47.459+0000][26480][gc,heap      ] GC(103) Eden regions: 22->0(506)
[2020-09-11T11:43:47.459+0000][26480][gc,heap      ] GC(103) Survivor regions: 4->4(64)
[2020-09-11T11:43:47.459+0000][26480][gc,heap      ] GC(103) Old regions: 75->75
[2020-09-11T11:43:47.459+0000][26480][gc,heap      ] GC(103) Archive regions: 0->0
[2020-09-11T11:43:47.459+0000][26480][gc,heap      ] GC(103) Humongous regions: 232->174
[2020-09-11T11:43:47.459+0000][26480][gc,metaspace ] GC(103) Metaspace: 84049K(90520K)->84049K(90520K) NonClass: 73108K(76952K)->73108K(76952K) Class: 10941K(13568K)->10941K(13568K)
[2020-09-11T11:43:47.459+0000][26480][gc           ] GC(103) Pause Young (Concurrent Start) (G1 Humongous Allocation) 332M->252M(1024M) 4.334ms
[2020-09-11T11:43:47.459+0000][26480][gc,cpu       ] GC(103) User=0.00s Sys=0.00s Real=0.00s
[2020-09-11T11:43:47.459+0000][26480][gc           ] GC(104) Concurrent Cycle
[2020-09-11T11:43:47.459+0000][26480][safepoint    ] Safepoint "G1TryInitiateConcMark", Time since last: 96167700 ns, Reaching safepoint: 172500 ns, At safepoint: 4506800 ns, Total: 4679300 ns
[2020-09-11T11:43:47.459+0000][26480][gc,marking   ] GC(104) Concurrent Clear Claimed Marks
[2020-09-11T11:43:47.461+0000][26480][gc,marking   ] GC(104) Concurrent Clear Claimed Marks 0.659ms
[2020-09-11T11:43:47.461+0000][26480][gc,marking   ] GC(104) Concurrent Scan Root Regions
[2020-09-11T11:43:47.463+0000][26480][gc,marking   ] GC(104) Concurrent Scan Root Regions 2.782ms
[2020-09-11T11:43:47.463+0000][26480][gc,marking   ] GC(104) Concurrent Mark (7032.598s)
[2020-09-11T11:43:47.463+0000][26480][gc,marking   ] GC(104) Concurrent Mark From Roots
[2020-09-11T11:43:47.463+0000][26480][gc,task      ] GC(104) Using 2 workers of 2 for marking
[2020-09-11T11:43:47.590+0000][26480][gc,marking   ] GC(104) Concurrent Mark From Roots 126.930ms
[2020-09-11T11:43:47.590+0000][26480][gc,marking   ] GC(104) Concurrent Preclean
[2020-09-11T11:43:47.591+0000][26480][gc,marking   ] GC(104) Concurrent Preclean 0.596ms
[2020-09-11T11:43:47.591+0000][26480][gc,marking   ] GC(104) Concurrent Mark (7032.598s, 7032.726s) 127.696ms
[2020-09-11T11:43:47.591+0000][26480][gc,start     ] GC(104) Pause Remark
[2020-09-11T11:43:47.596+0000][26480][gc           ] GC(104) Pause Remark 304M->304M(1024M) 5.164ms
[2020-09-11T11:43:47.596+0000][26480][gc,cpu       ] GC(104) User=0.00s Sys=0.00s Real=0.00s
[2020-09-11T11:43:47.597+0000][26480][safepoint    ] Safepoint "G1Concurrent", Time since last: 131508400 ns, Reaching safepoint: 133800 ns, At safepoint: 5454300 ns, Total: 5588100 ns
[2020-09-11T11:43:47.597+0000][26480][gc,marking   ] GC(104) Concurrent Rebuild Remembered Sets
[2020-09-11T11:43:47.668+0000][26480][gc,marking   ] GC(104) Concurrent Rebuild Remembered Sets 71.585ms
[2020-09-11T11:43:47.669+0000][26480][gc,start     ] GC(104) Pause Cleanup
[2020-09-11T11:43:47.669+0000][26480][gc           ] GC(104) Pause Cleanup 307M->307M(1024M) 0.405ms
[2020-09-11T11:43:47.669+0000][26480][gc,cpu       ] GC(104) User=0.00s Sys=0.00s Real=0.00s
[2020-09-11T11:43:47.669+0000][26480][safepoint    ] Safepoint "G1Concurrent", Time since last: 71790600 ns, Reaching safepoint: 203300 ns, At safepoint: 723200 ns, Total: 926500 ns
[2020-09-11T11:43:47.669+0000][26480][gc,marking   ] GC(104) Concurrent Cleanup for Next Mark
[2020-09-11T11:43:47.671+0000][26480][gc,marking   ] GC(104) Concurrent Cleanup for Next Mark 2.072ms
[2020-09-11T11:43:47.672+0000][26480][gc           ] GC(104) Concurrent Cycle 212.122ms
[2020-09-11T11:43:47.690+0000][26480][gc,start     ] GC(105) Pause Young (Concurrent Start) (G1 Humongous Allocation)
[2020-09-11T11:43:47.690+0000][26480][gc,task      ] GC(105) Using 8 workers of 8 for evacuation
[2020-09-11T11:43:47.690+0000][26480][gc,age       ] GC(105) Desired survivor size 33554432 bytes, new threshold 15 (max threshold 15)
[2020-09-11T11:43:47.694+0000][26480][gc,age       ] GC(105) Age table with threshold 15 (max threshold 15)
[2020-09-11T11:43:47.694+0000][26480][gc,age       ] GC(105) - age   1:    2598040 bytes,    2598040 total
[2020-09-11T11:43:47.694+0000][26480][gc,age       ] GC(105) - age   2:     205344 bytes,    2803384 total
[2020-09-11T11:43:47.694+0000][26480][gc,age       ] GC(105) - age   3:     208664 bytes,    3012048 total
[2020-09-11T11:43:47.695+0000][26480][gc,age       ] GC(105) - age   4:       2632 bytes,    3014680 total
[2020-09-11T11:43:47.695+0000][26480][gc,age       ] GC(105) - age   5:     201088 bytes,    3215768 total
[2020-09-11T11:43:47.695+0000][26480][gc,age       ] GC(105) - age   6:       1320 bytes,    3217088 total
[2020-09-11T11:43:47.695+0000][26480][gc,age       ] GC(105) - age   7:     204968 bytes,    3422056 total
[2020-09-11T11:43:47.695+0000][26480][gc,age       ] GC(105) - age   8:     206376 bytes,    3628432 total
[2020-09-11T11:43:47.695+0000][26480][gc,age       ] GC(105) - age   9:       2056 bytes,    3630488 total
[2020-09-11T11:43:47.695+0000][26480][gc,age       ] GC(105) - age  10:     159192 bytes,    3789680 total
[2020-09-11T11:43:47.695+0000][26480][gc,age       ] GC(105) - age  11:       1960 bytes,    3791640 total
[2020-09-11T11:43:47.695+0000][26480][gc,age       ] GC(105) - age  12:        560 bytes,    3792200 total
[2020-09-11T11:43:47.695+0000][26480][gc,age       ] GC(105) - age  13:       1664 bytes,    3793864 total
[2020-09-11T11:43:47.695+0000][26480][gc,age       ] GC(105) - age  14:        608 bytes,    3794472 total
[2020-09-11T11:43:47.695+0000][26480][gc,age       ] GC(105) - age  15:       4304 bytes,    3798776 total
[2020-09-11T11:43:47.695+0000][26480][gc,phases    ] GC(105)   Pre Evacuate Collection Set: 0.5ms
[2020-09-11T11:43:47.695+0000][26480][gc,phases    ] GC(105)   Merge Heap Roots: 0.1ms
[2020-09-11T11:43:47.695+0000][26480][gc,phases    ] GC(105)   Evacuate Collection Set: 2.4ms
[2020-09-11T11:43:47.695+0000][26480][gc,phases    ] GC(105)   Post Evacuate Collection Set: 0.8ms
[2020-09-11T11:43:47.695+0000][26480][gc,phases    ] GC(105)   Other: 1.0ms
[2020-09-11T11:43:47.695+0000][26480][gc,heap      ] GC(105) Eden regions: 22->0(507)
[2020-09-11T11:43:47.695+0000][26480][gc,heap      ] GC(105) Survivor regions: 4->4(64)
[2020-09-11T11:43:47.695+0000][26480][gc,heap      ] GC(105) Old regions: 75->75
[2020-09-11T11:43:47.695+0000][26480][gc,heap      ] GC(105) Archive regions: 0->0
[2020-09-11T11:43:47.695+0000][26480][gc,heap      ] GC(105) Humongous regions: 232->174
[2020-09-11T11:43:47.695+0000][26480][gc,metaspace ] GC(105) Metaspace: 84066K(90520K)->84066K(90520K) NonClass: 73125K(76952K)->73125K(76952K) Class: 10941K(13568K)->10941K(13568K)
[2020-09-11T11:43:47.695+0000][26480][gc           ] GC(105) Pause Young (Concurrent Start) (G1 Humongous Allocation) 331M->252M(1024M) 4.972ms
[2020-09-11T11:43:47.695+0000][26480][gc,cpu       ] GC(105) User=0.00s Sys=0.00s Real=0.00s
[2020-09-11T11:43:47.695+0000][26480][safepoint    ] Safepoint "G1TryInitiateConcMark", Time since last: 20655500 ns, Reaching safepoint: 181100 ns, At safepoint: 5125100 ns, Total: 5306200 ns
[2020-09-11T11:43:47.695+0000][26480][gc           ] GC(106) Concurrent Cycle
[2020-09-11T11:43:47.695+0000][26480][gc,marking   ] GC(106) Concurrent Clear Claimed Marks
[2020-09-11T11:43:47.696+0000][26480][gc,marking   ] GC(106) Concurrent Clear Claimed Marks 0.347ms
[2020-09-11T11:43:47.696+0000][26480][gc,marking   ] GC(106) Concurrent Scan Root Regions
[2020-09-11T11:43:47.698+0000][26480][gc,marking   ] GC(106) Concurrent Scan Root Regions 1.937ms
[2020-09-11T11:43:47.698+0000][26480][gc,marking   ] GC(106) Concurrent Mark (7032.833s)
[2020-09-11T11:43:47.698+0000][26480][gc,marking   ] GC(106) Concurrent Mark From Roots
[2020-09-11T11:43:47.698+0000][26480][gc,task      ] GC(106) Using 2 workers of 2 for marking
[2020-09-11T11:43:47.833+0000][26480][gc,marking   ] GC(106) Concurrent Mark From Roots 135.326ms
[2020-09-11T11:43:47.833+0000][26480][gc,marking   ] GC(106) Concurrent Preclean
[2020-09-11T11:43:47.834+0000][26480][gc,marking   ] GC(106) Concurrent Preclean 0.612ms
[2020-09-11T11:43:47.834+0000][26480][gc,marking   ] GC(106) Concurrent Mark (7032.833s, 7032.969s) 136.097ms
[2020-09-11T11:43:47.834+0000][26480][gc,start     ] GC(106) Pause Remark
[2020-09-11T11:43:47.839+0000][26480][gc           ] GC(106) Pause Remark 296M->296M(1024M) 4.812ms
[2020-09-11T11:43:47.839+0000][26480][gc,cpu       ] GC(106) User=0.11s Sys=0.00s Real=0.00s
[2020-09-11T11:43:47.839+0000][26480][safepoint    ] Safepoint "G1Concurrent", Time since last: 138688300 ns, Reaching safepoint: 152900 ns, At safepoint: 5078300 ns, Total: 5231200 ns
[2020-09-11T11:43:47.839+0000][26480][gc,marking   ] GC(106) Concurrent Rebuild Remembered Sets
[2020-09-11T11:43:47.914+0000][26480][gc,marking   ] GC(106) Concurrent Rebuild Remembered Sets 74.495ms
[2020-09-11T11:43:47.914+0000][26480][gc,start     ] GC(106) Pause Cleanup
[2020-09-11T11:43:47.914+0000][26480][gc           ] GC(106) Pause Cleanup 366M->366M(1024M) 0.237ms
[2020-09-11T11:43:47.914+0000][26480][gc,cpu       ] GC(106) User=0.00s Sys=0.00s Real=0.00s
[2020-09-11T11:43:47.914+0000][26480][safepoint    ] Safepoint "G1Concurrent", Time since last: 74656500 ns, Reaching safepoint: 149200 ns, At safepoint: 377800 ns, Total: 527000 ns
[2020-09-11T11:43:47.914+0000][26480][gc,marking   ] GC(106) Concurrent Cleanup for Next Mark
[2020-09-11T11:43:47.916+0000][26480][gc,marking   ] GC(106) Concurrent Cleanup for Next Mark 1.167ms
[2020-09-11T11:43:47.916+0000][26480][gc           ] GC(106) Concurrent Cycle 220.418ms
[2020-09-11T11:43:48.050+0000][26480][gc,start     ] GC(107) Pause Young (Concurrent Start) (G1 Humongous Allocation)
[2020-09-11T11:43:48.050+0000][26480][gc,task      ] GC(107) Using 8 workers of 8 for evacuation
[2020-09-11T11:43:48.050+0000][26480][gc,age       ] GC(107) Desired survivor size 33554432 bytes, new threshold 15 (max threshold 15)
[2020-09-11T11:43:48.053+0000][26480][gc,age       ] GC(107) Age table with threshold 15 (max threshold 15)
[2020-09-11T11:43:48.054+0000][26480][gc,age       ] GC(107) - age   1:    3275888 bytes,    3275888 total
[2020-09-11T11:43:48.054+0000][26480][gc,age       ] GC(107) - age   2:       4696 bytes,    3280584 total
[2020-09-11T11:43:48.054+0000][26480][gc,age       ] GC(107) - age   3:     204424 bytes,    3485008 total
[2020-09-11T11:43:48.054+0000][26480][gc,age       ] GC(107) - age   4:     204008 bytes,    3689016 total
[2020-09-11T11:43:48.054+0000][26480][gc,age       ] GC(107) - age   5:       1408 bytes,    3690424 total
[2020-09-11T11:43:48.054+0000][26480][gc,age       ] GC(107) - age   6:     200936 bytes,    3891360 total
[2020-09-11T11:43:48.054+0000][26480][gc,age       ] GC(107) - age   7:       1072 bytes,    3892432 total
[2020-09-11T11:43:48.054+0000][26480][gc,age       ] GC(107) - age   8:     204776 bytes,    4097208 total
[2020-09-11T11:43:48.054+0000][26480][gc,age       ] GC(107) - age   9:     206344 bytes,    4303552 total
[2020-09-11T11:43:48.054+0000][26480][gc,age       ] GC(107) - age  10:       2056 bytes,    4305608 total
[2020-09-11T11:43:48.054+0000][26480][gc,age       ] GC(107) - age  11:     159192 bytes,    4464800 total
[2020-09-11T11:43:48.054+0000][26480][gc,age       ] GC(107) - age  12:       1800 bytes,    4466600 total
[2020-09-11T11:43:48.054+0000][26480][gc,age       ] GC(107) - age  13:        464 bytes,    4467064 total
[2020-09-11T11:43:48.054+0000][26480][gc,age       ] GC(107) - age  14:       1632 bytes,    4468696 total
[2020-09-11T11:43:48.054+0000][26480][gc,age       ] GC(107) - age  15:        272 bytes,    4468968 total
[2020-09-11T11:43:48.054+0000][26480][gc,phases    ] GC(107)   Pre Evacuate Collection Set: 0.3ms
[2020-09-11T11:43:48.054+0000][26480][gc,phases    ] GC(107)   Merge Heap Roots: 0.1ms
[2020-09-11T11:43:48.054+0000][26480][gc,phases    ] GC(107)   Evacuate Collection Set: 2.1ms
[2020-09-11T11:43:48.054+0000][26480][gc,phases    ] GC(107)   Post Evacuate Collection Set: 0.8ms
[2020-09-11T11:43:48.054+0000][26480][gc,phases    ] GC(107)   Other: 0.6ms
[2020-09-11T11:43:48.054+0000][26480][gc,heap      ] GC(107) Eden regions: 42->0(506)
[2020-09-11T11:43:48.054+0000][26480][gc,heap      ] GC(107) Survivor regions: 4->5(64)
[2020-09-11T11:43:48.054+0000][26480][gc,heap      ] GC(107) Old regions: 75->75
[2020-09-11T11:43:48.054+0000][26480][gc,heap      ] GC(107) Archive regions: 0->0
[2020-09-11T11:43:48.054+0000][26480][gc,heap      ] GC(107) Humongous regions: 258->174
[2020-09-11T11:43:48.054+0000][26480][gc,metaspace ] GC(107) Metaspace: 84082K(90520K)->84082K(90520K) NonClass: 73141K(76952K)->73141K(76952K) Class: 10941K(13568K)->10941K(13568K)
[2020-09-11T11:43:48.054+0000][26480][gc           ] GC(107) Pause Young (Concurrent Start) (G1 Humongous Allocation) 377M->252M(1024M) 4.135ms
[2020-09-11T11:43:48.054+0000][26480][gc,cpu       ] GC(107) User=0.00s Sys=0.00s Real=0.00s
[2020-09-11T11:43:48.054+0000][26480][safepoint    ] Safepoint "G1TryInitiateConcMark", Time since last: 135557500 ns, Reaching safepoint: 130900 ns, At safepoint: 4263500 ns, Total: 4394400 ns
[2020-09-11T11:43:48.054+0000][26480][gc           ] GC(108) Concurrent Cycle
[2020-09-11T11:43:48.054+0000][26480][gc,marking   ] GC(108) Concurrent Clear Claimed Marks
[2020-09-11T11:43:48.055+0000][26480][gc,marking   ] GC(108) Concurrent Clear Claimed Marks 0.449ms
[2020-09-11T11:43:48.055+0000][26480][gc,marking   ] GC(108) Concurrent Scan Root Regions
[2020-09-11T11:43:48.057+0000][26480][gc,marking   ] GC(108) Concurrent Scan Root Regions 2.396ms
[2020-09-11T11:43:48.057+0000][26480][gc,marking   ] GC(108) Concurrent Mark (7033.192s)
[2020-09-11T11:43:48.057+0000][26480][gc,marking   ] GC(108) Concurrent Mark From Roots
[2020-09-11T11:43:48.057+0000][26480][gc,task      ] GC(108) Using 2 workers of 2 for marking
[2020-09-11T11:43:48.141+0000][26480][gc,marking   ] GC(108) Concurrent Mark From Roots 83.769ms
[2020-09-11T11:43:48.141+0000][26480][gc,marking   ] GC(108) Concurrent Preclean
[2020-09-11T11:43:48.142+0000][26480][gc,marking   ] GC(108) Concurrent Preclean 0.454ms
[2020-09-11T11:43:48.142+0000][26480][gc,marking   ] GC(108) Concurrent Mark (7033.192s, 7033.277s) 84.375ms
[2020-09-11T11:43:48.142+0000][26480][gc,start     ] GC(108) Pause Remark
[2020-09-11T11:43:48.146+0000][26480][gc           ] GC(108) Pause Remark 313M->313M(1024M) 4.294ms
[2020-09-11T11:43:48.146+0000][26480][gc,cpu       ] GC(108) User=0.00s Sys=0.00s Real=0.00s
[2020-09-11T11:43:48.146+0000][26480][safepoint    ] Safepoint "G1Concurrent", Time since last: 87582300 ns, Reaching safepoint: 135000 ns, At safepoint: 4445500 ns, Total: 4580500 ns
[2020-09-11T11:43:48.146+0000][26480][gc,marking   ] GC(108) Concurrent Rebuild Remembered Sets
[2020-09-11T11:43:48.209+0000][26480][gc,marking   ] GC(108) Concurrent Rebuild Remembered Sets 62.258ms
[2020-09-11T11:43:48.209+0000][26480][gc,start     ] GC(108) Pause Cleanup
[2020-09-11T11:43:48.209+0000][26480][gc           ] GC(108) Pause Cleanup 382M->382M(1024M) 0.322ms
[2020-09-11T11:43:48.209+0000][26480][gc,cpu       ] GC(108) User=0.00s Sys=0.00s Real=0.00s
[2020-09-11T11:43:48.209+0000][26480][safepoint    ] Safepoint "G1Concurrent", Time since last: 62417200 ns, Reaching safepoint: 156500 ns, At safepoint: 509300 ns, Total: 665800 ns
[2020-09-11T11:43:48.210+0000][26480][gc,marking   ] GC(108) Concurrent Cleanup for Next Mark
[2020-09-11T11:43:48.212+0000][26480][gc,marking   ] GC(108) Concurrent Cleanup for Next Mark 2.351ms
[2020-09-11T11:43:48.212+0000][26480][gc           ] GC(108) Concurrent Cycle 157.825ms
[2020-09-11T11:43:48.391+0000][26480][gc,start     ] GC(109) Pause Young (Concurrent Start) (G1 Humongous Allocation)
[2020-09-11T11:43:48.391+0000][26480][gc,task      ] GC(109) Using 8 workers of 8 for evacuation
[2020-09-11T11:43:48.391+0000][26480][gc,age       ] GC(109) Desired survivor size 33554432 bytes, new threshold 15 (max threshold 15)
[2020-09-11T11:43:48.396+0000][26480][gc,age       ] GC(109) Age table with threshold 15 (max threshold 15)
[2020-09-11T11:43:48.396+0000][26480][gc,age       ] GC(109) - age   1:    3275144 bytes,    3275144 total
[2020-09-11T11:43:48.396+0000][26480][gc,age       ] GC(109) - age   2:     208800 bytes,    3483944 total
[2020-09-11T11:43:48.396+0000][26480][gc,age       ] GC(109) - age   3:       4664 bytes,    3488608 total
[2020-09-11T11:43:48.396+0000][26480][gc,age       ] GC(109) - age   4:     204056 bytes,    3692664 total
[2020-09-11T11:43:48.396+0000][26480][gc,age       ] GC(109) - age   5:     203568 bytes,    3896232 total
[2020-09-11T11:43:48.396+0000][26480][gc,age       ] GC(109) - age   6:       1032 bytes,    3897264 total
[2020-09-11T11:43:48.396+0000][26480][gc,age       ] GC(109) - age   7:     200744 bytes,    4098008 total
[2020-09-11T11:43:48.396+0000][26480][gc,age       ] GC(109) - age   8:       1040 bytes,    4099048 total
[2020-09-11T11:43:48.396+0000][26480][gc,age       ] GC(109) - age   9:     202200 bytes,    4301248 total
[2020-09-11T11:43:48.396+0000][26480][gc,age       ] GC(109) - age  10:     205200 bytes,    4506448 total
[2020-09-11T11:43:48.396+0000][26480][gc,age       ] GC(109) - age  11:       2056 bytes,    4508504 total
[2020-09-11T11:43:48.396+0000][26480][gc,age       ] GC(109) - age  12:     159192 bytes,    4667696 total
[2020-09-11T11:43:48.396+0000][26480][gc,age       ] GC(109) - age  13:       1416 bytes,    4669112 total
[2020-09-11T11:43:48.396+0000][26480][gc,age       ] GC(109) - age  14:        432 bytes,    4669544 total
[2020-09-11T11:43:48.396+0000][26480][gc,age       ] GC(109) - age  15:       1632 bytes,    4671176 total
[2020-09-11T11:43:48.396+0000][26480][gc,phases    ] GC(109)   Pre Evacuate Collection Set: 0.4ms
[2020-09-11T11:43:48.396+0000][26480][gc,phases    ] GC(109)   Merge Heap Roots: 0.1ms
[2020-09-11T11:43:48.396+0000][26480][gc,phases    ] GC(109)   Evacuate Collection Set: 2.8ms
[2020-09-11T11:43:48.396+0000][26480][gc,phases    ] GC(109)   Post Evacuate Collection Set: 0.8ms
[2020-09-11T11:43:48.397+0000][26480][gc,phases    ] GC(109)   Other: 1.2ms
[2020-09-11T11:43:48.397+0000][26480][gc,heap      ] GC(109) Eden regions: 41->0(505)
[2020-09-11T11:43:48.397+0000][26480][gc,heap      ] GC(109) Survivor regions: 5->5(64)
[2020-09-11T11:43:48.397+0000][26480][gc,heap      ] GC(109) Old regions: 75->75
[2020-09-11T11:43:48.397+0000][26480][gc,heap      ] GC(109) Archive regions: 0->0
[2020-09-11T11:43:48.397+0000][26480][gc,heap      ] GC(109) Humongous regions: 274->174
[2020-09-11T11:43:48.397+0000][26480][gc,metaspace ] GC(109) Metaspace: 84093K(90520K)->84093K(90520K) NonClass: 73152K(76952K)->73152K(76952K) Class: 10941K(13568K)->10941K(13568K)
[2020-09-11T11:43:48.397+0000][26480][gc           ] GC(109) Pause Young (Concurrent Start) (G1 Humongous Allocation) 393M->253M(1024M) 5.559ms
[2020-09-11T11:43:48.397+0000][26480][gc,cpu       ] GC(109) User=0.00s Sys=0.00s Real=0.01s
[2020-09-11T11:43:48.397+0000][26480][safepoint    ] Safepoint "G1TryInitiateConcMark", Time since last: 181478400 ns, Reaching safepoint: 169400 ns, At safepoint: 5723100 ns, Total: 5892500 ns
[2020-09-11T11:43:48.397+0000][26480][gc           ] GC(110) Concurrent Cycle
[2020-09-11T11:43:48.397+0000][26480][gc,marking   ] GC(110) Concurrent Clear Claimed Marks
[2020-09-11T11:43:48.397+0000][26480][gc,marking   ] GC(110) Concurrent Clear Claimed Marks 0.340ms
[2020-09-11T11:43:48.397+0000][26480][gc,marking   ] GC(110) Concurrent Scan Root Regions
[2020-09-11T11:43:48.401+0000][26480][gc,marking   ] GC(110) Concurrent Scan Root Regions 3.280ms
[2020-09-11T11:43:48.401+0000][26480][gc,marking   ] GC(110) Concurrent Mark (7033.536s)
[2020-09-11T11:43:48.401+0000][26480][gc,marking   ] GC(110) Concurrent Mark From Roots
[2020-09-11T11:43:48.401+0000][26480][gc,task      ] GC(110) Using 2 workers of 2 for marking
[2020-09-11T11:43:48.503+0000][26480][gc,marking   ] GC(110) Concurrent Mark From Roots 102.615ms
[2020-09-11T11:43:48.503+0000][26480][gc,marking   ] GC(110) Concurrent Preclean
[2020-09-11T11:43:48.504+0000][26480][gc,marking   ] GC(110) Concurrent Preclean 0.621ms
[2020-09-11T11:43:48.504+0000][26480][gc,marking   ] GC(110) Concurrent Mark (7033.536s, 7033.639s) 103.364ms
[2020-09-11T11:43:48.504+0000][26480][gc,start     ] GC(110) Pause Remark
[2020-09-11T11:43:48.509+0000][26480][gc           ] GC(110) Pause Remark 313M->313M(1024M) 4.357ms
[2020-09-11T11:43:48.509+0000][26480][gc,cpu       ] GC(110) User=0.00s Sys=0.00s Real=0.01s
[2020-09-11T11:43:48.509+0000][26480][safepoint    ] Safepoint "G1Concurrent", Time since last: 107240100 ns, Reaching safepoint: 142900 ns, At safepoint: 4554600 ns, Total: 4697500 ns
[2020-09-11T11:43:48.509+0000][26480][gc,marking   ] GC(110) Concurrent Rebuild Remembered Sets
[2020-09-11T11:43:48.564+0000][26480][gc,marking   ] GC(110) Concurrent Rebuild Remembered Sets 55.017ms
[2020-09-11T11:43:48.564+0000][26480][gc,start     ] GC(110) Pause Cleanup
[2020-09-11T11:43:48.564+0000][26480][gc           ] GC(110) Pause Cleanup 315M->315M(1024M) 0.297ms
[2020-09-11T11:43:48.564+0000][26480][gc,cpu       ] GC(110) User=0.00s Sys=0.00s Real=0.00s
[2020-09-11T11:43:48.565+0000][26480][safepoint    ] Safepoint "G1Concurrent", Time since last: 55211100 ns, Reaching safepoint: 127400 ns, At safepoint: 453500 ns, Total: 580900 ns
[2020-09-11T11:43:48.565+0000][26480][gc,marking   ] GC(110) Concurrent Cleanup for Next Mark
[2020-09-11T11:43:48.566+0000][26480][gc,marking   ] GC(110) Concurrent Cleanup for Next Mark 1.211ms
[2020-09-11T11:43:48.566+0000][26480][gc           ] GC(110) Concurrent Cycle 169.015ms
[2020-09-11T11:43:48.584+0000][26480][gc,start     ] GC(111) Pause Young (Concurrent Start) (G1 Humongous Allocation)
[2020-09-11T11:43:48.584+0000][26480][gc,task      ] GC(111) Using 8 workers of 8 for evacuation
[2020-09-11T11:43:48.584+0000][26480][gc,age       ] GC(111) Desired survivor size 33554432 bytes, new threshold 15 (max threshold 15)
[2020-09-11T11:43:48.588+0000][26480][gc,age       ] GC(111) Age table with threshold 15 (max threshold 15)
[2020-09-11T11:43:48.588+0000][26480][gc,age       ] GC(111) - age   1:    2633528 bytes,    2633528 total
[2020-09-11T11:43:48.588+0000][26480][gc,age       ] GC(111) - age   2:     208616 bytes,    2842144 total
[2020-09-11T11:43:48.588+0000][26480][gc,age       ] GC(111) - age   3:     208440 bytes,    3050584 total
[2020-09-11T11:43:48.588+0000][26480][gc,age       ] GC(111) - age   4:       4664 bytes,    3055248 total
[2020-09-11T11:43:48.588+0000][26480][gc,age       ] GC(111) - age   5:     204056 bytes,    3259304 total
[2020-09-11T11:43:48.588+0000][26480][gc,age       ] GC(111) - age   6:     203320 bytes,    3462624 total
[2020-09-11T11:43:48.588+0000][26480][gc,age       ] GC(111) - age   7:       1000 bytes,    3463624 total
[2020-09-11T11:43:48.588+0000][26480][gc,age       ] GC(111) - age   8:     200744 bytes,    3664368 total
[2020-09-11T11:43:48.588+0000][26480][gc,age       ] GC(111) - age   9:       1040 bytes,    3665408 total
[2020-09-11T11:43:48.588+0000][26480][gc,age       ] GC(111) - age  10:     202120 bytes,    3867528 total
[2020-09-11T11:43:48.588+0000][26480][gc,age       ] GC(111) - age  11:     205200 bytes,    4072728 total
[2020-09-11T11:43:48.588+0000][26480][gc,age       ] GC(111) - age  12:       2056 bytes,    4074784 total
[2020-09-11T11:43:48.588+0000][26480][gc,age       ] GC(111) - age  13:     159128 bytes,    4233912 total
[2020-09-11T11:43:48.588+0000][26480][gc,age       ] GC(111) - age  14:       1416 bytes,    4235328 total
[2020-09-11T11:43:48.588+0000][26480][gc,age       ] GC(111) - age  15:        432 bytes,    4235760 total
[2020-09-11T11:43:48.588+0000][26480][gc,phases    ] GC(111)   Pre Evacuate Collection Set: 0.4ms
[2020-09-11T11:43:48.588+0000][26480][gc,phases    ] GC(111)   Merge Heap Roots: 0.1ms
[2020-09-11T11:43:48.588+0000][26480][gc,phases    ] GC(111)   Evacuate Collection Set: 2.6ms
[2020-09-11T11:43:48.588+0000][26480][gc,phases    ] GC(111)   Post Evacuate Collection Set: 0.7ms
[2020-09-11T11:43:48.588+0000][26480][gc,phases    ] GC(111)   Other: 0.7ms
[2020-09-11T11:43:48.588+0000][26480][gc,heap      ] GC(111) Eden regions: 22->0(506)
[2020-09-11T11:43:48.588+0000][26480][gc,heap      ] GC(111) Survivor regions: 5->5(64)
[2020-09-11T11:43:48.588+0000][26480][gc,heap      ] GC(111) Old regions: 75->75
[2020-09-11T11:43:48.588+0000][26480][gc,heap      ] GC(111) Archive regions: 0->0
[2020-09-11T11:43:48.588+0000][26480][gc,heap      ] GC(111) Humongous regions: 232->174
[2020-09-11T11:43:48.588+0000][26480][gc,metaspace ] GC(111) Metaspace: 84101K(90520K)->84101K(90520K) NonClass: 73160K(76952K)->73160K(76952K) Class: 10941K(13568K)->10941K(13568K)
[2020-09-11T11:43:48.588+0000][26480][gc           ] GC(111) Pause Young (Concurrent Start) (G1 Humongous Allocation) 332M->252M(1024M) 4.610ms
[2020-09-11T11:43:48.588+0000][26480][gc,cpu       ] GC(111) User=0.02s Sys=0.00s Real=0.00s
[2020-09-11T11:43:48.588+0000][26480][safepoint    ] Safepoint "G1TryInitiateConcMark", Time since last: 18882400 ns, Reaching safepoint: 157600 ns, At safepoint: 4785800 ns, Total: 4943400 ns
[2020-09-11T11:43:48.588+0000][26480][gc           ] GC(112) Concurrent Cycle
[2020-09-11T11:43:48.588+0000][26480][gc,marking   ] GC(112) Concurrent Clear Claimed Marks
[2020-09-11T11:43:48.589+0000][26480][gc,marking   ] GC(112) Concurrent Clear Claimed Marks 0.421ms
[2020-09-11T11:43:48.589+0000][26480][gc,marking   ] GC(112) Concurrent Scan Root Regions
[2020-09-11T11:43:48.592+0000][26480][gc,marking   ] GC(112) Concurrent Scan Root Regions 3.039ms
[2020-09-11T11:43:48.592+0000][26480][gc,marking   ] GC(112) Concurrent Mark (7033.727s)
[2020-09-11T11:43:48.592+0000][26480][gc,marking   ] GC(112) Concurrent Mark From Roots
[2020-09-11T11:43:48.592+0000][26480][gc,task      ] GC(112) Using 2 workers of 2 for marking
[2020-09-11T11:43:48.693+0000][26480][gc,marking   ] GC(112) Concurrent Mark From Roots 100.559ms
[2020-09-11T11:43:48.693+0000][26480][gc,marking   ] GC(112) Concurrent Preclean
[2020-09-11T11:43:48.694+0000][26480][gc,marking   ] GC(112) Concurrent Preclean 1.231ms
[2020-09-11T11:43:48.694+0000][26480][gc,marking   ] GC(112) Concurrent Mark (7033.727s, 7033.829s) 101.972ms
[2020-09-11T11:43:48.694+0000][26480][gc,start     ] GC(112) Pause Remark
[2020-09-11T11:43:48.698+0000][26480][gc           ] GC(112) Pause Remark 305M->305M(1024M) 3.985ms
[2020-09-11T11:43:48.698+0000][26480][gc,cpu       ] GC(112) User=0.13s Sys=0.00s Real=0.00s
[2020-09-11T11:43:48.698+0000][26480][safepoint    ] Safepoint "G1Concurrent", Time since last: 105747700 ns, Reaching safepoint: 160200 ns, At safepoint: 4149100 ns, Total: 4309300 ns
[2020-09-11T11:43:48.698+0000][26480][gc,marking   ] GC(112) Concurrent Rebuild Remembered Sets
[2020-09-11T11:43:48.774+0000][26480][gc,marking   ] GC(112) Concurrent Rebuild Remembered Sets 75.388ms
[2020-09-11T11:43:48.774+0000][26480][gc,start     ] GC(112) Pause Cleanup
[2020-09-11T11:43:48.774+0000][26480][gc           ] GC(112) Pause Cleanup 307M->307M(1024M) 0.283ms
[2020-09-11T11:43:48.775+0000][26480][gc,cpu       ] GC(112) User=0.00s Sys=0.02s Real=0.00s
[2020-09-11T11:43:48.775+0000][26480][safepoint    ] Safepoint "G1Concurrent", Time since last: 75557300 ns, Reaching safepoint: 174400 ns, At safepoint: 435300 ns, Total: 609700 ns
[2020-09-11T11:43:48.775+0000][26480][gc,marking   ] GC(112) Concurrent Cleanup for Next Mark
[2020-09-11T11:43:48.776+0000][26480][gc,marking   ] GC(112) Concurrent Cleanup for Next Mark 1.766ms
[2020-09-11T11:43:48.777+0000][26480][gc           ] GC(112) Concurrent Cycle 188.214ms
[2020-09-11T11:43:48.811+0000][26480][gc,start     ] GC(113) Pause Young (Concurrent Start) (G1 Humongous Allocation)
[2020-09-11T11:43:48.811+0000][26480][gc,task      ] GC(113) Using 8 workers of 8 for evacuation
[2020-09-11T11:43:48.811+0000][26480][gc,age       ] GC(113) Desired survivor size 33554432 bytes, new threshold 15 (max threshold 15)
[2020-09-11T11:43:48.816+0000][26480][gc,age       ] GC(113) Age table with threshold 15 (max threshold 15)
[2020-09-11T11:43:48.816+0000][26480][gc,age       ] GC(113) - age   1:    2605632 bytes,    2605632 total
[2020-09-11T11:43:48.816+0000][26480][gc,age       ] GC(113) - age   2:     206136 bytes,    2811768 total
[2020-09-11T11:43:48.816+0000][26480][gc,age       ] GC(113) - age   3:     204376 bytes,    3016144 total
[2020-09-11T11:43:48.816+0000][26480][gc,age       ] GC(113) - age   4:     207096 bytes,    3223240 total
[2020-09-11T11:43:48.816+0000][26480][gc,age       ] GC(113) - age   5:       4496 bytes,    3227736 total
[2020-09-11T11:43:48.816+0000][26480][gc,age       ] GC(113) - age   6:     203904 bytes,    3431640 total
[2020-09-11T11:43:48.816+0000][26480][gc,age       ] GC(113) - age   7:     203192 bytes,    3634832 total
[2020-09-11T11:43:48.816+0000][26480][gc,age       ] GC(113) - age   8:        920 bytes,    3635752 total
[2020-09-11T11:43:48.817+0000][26480][gc,age       ] GC(113) - age   9:     200744 bytes,    3836496 total
[2020-09-11T11:43:48.817+0000][26480][gc,age       ] GC(113) - age  10:       1040 bytes,    3837536 total
[2020-09-11T11:43:48.817+0000][26480][gc,age       ] GC(113) - age  11:     202120 bytes,    4039656 total
[2020-09-11T11:43:48.817+0000][26480][gc,age       ] GC(113) - age  12:     205200 bytes,    4244856 total
[2020-09-11T11:43:48.817+0000][26480][gc,age       ] GC(113) - age  13:       1896 bytes,    4246752 total
[2020-09-11T11:43:48.817+0000][26480][gc,age       ] GC(113) - age  14:     159128 bytes,    4405880 total
[2020-09-11T11:43:48.817+0000][26480][gc,age       ] GC(113) - age  15:       1384 bytes,    4407264 total
[2020-09-11T11:43:48.817+0000][26480][gc,phases    ] GC(113)   Pre Evacuate Collection Set: 0.5ms
[2020-09-11T11:43:48.817+0000][26480][gc,phases    ] GC(113)   Merge Heap Roots: 0.1ms
[2020-09-11T11:43:48.817+0000][26480][gc,phases    ] GC(113)   Evacuate Collection Set: 3.1ms
[2020-09-11T11:43:48.817+0000][26480][gc,phases    ] GC(113)   Post Evacuate Collection Set: 0.8ms
[2020-09-11T11:43:48.817+0000][26480][gc,phases    ] GC(113)   Other: 1.1ms
[2020-09-11T11:43:48.817+0000][26480][gc,heap      ] GC(113) Eden regions: 23->0(506)
[2020-09-11T11:43:48.817+0000][26480][gc,heap      ] GC(113) Survivor regions: 5->5(64)
[2020-09-11T11:43:48.817+0000][26480][gc,heap      ] GC(113) Old regions: 75->75
[2020-09-11T11:43:48.817+0000][26480][gc,heap      ] GC(113) Archive regions: 0->0
[2020-09-11T11:43:48.817+0000][26480][gc,heap      ] GC(113) Humongous regions: 232->174
[2020-09-11T11:43:48.817+0000][26480][gc,metaspace ] GC(113) Metaspace: 84107K(90520K)->84107K(90520K) NonClass: 73165K(76952K)->73165K(76952K) Class: 10941K(13568K)->10941K(13568K)
[2020-09-11T11:43:48.817+0000][26480][gc           ] GC(113) Pause Young (Concurrent Start) (G1 Humongous Allocation) 333M->253M(1024M) 5.906ms
[2020-09-11T11:43:48.817+0000][26480][gc,cpu       ] GC(113) User=0.00s Sys=0.00s Real=0.01s
[2020-09-11T11:43:48.817+0000][26480][safepoint    ] Safepoint "G1TryInitiateConcMark", Time since last: 36275000 ns, Reaching safepoint: 258800 ns, At safepoint: 6065600 ns, Total: 6324400 ns
[2020-09-11T11:43:48.817+0000][26480][gc           ] GC(114) Concurrent Cycle
[2020-09-11T11:43:48.817+0000][26480][gc,marking   ] GC(114) Concurrent Clear Claimed Marks
[2020-09-11T11:43:48.818+0000][26480][gc,marking   ] GC(114) Concurrent Clear Claimed Marks 0.380ms
[2020-09-11T11:43:48.818+0000][26480][gc,marking   ] GC(114) Concurrent Scan Root Regions
[2020-09-11T11:43:48.820+0000][26480][gc,marking   ] GC(114) Concurrent Scan Root Regions 2.294ms
[2020-09-11T11:43:48.820+0000][26480][gc,marking   ] GC(114) Concurrent Mark (7033.955s)
[2020-09-11T11:43:48.820+0000][26480][gc,marking   ] GC(114) Concurrent Mark From Roots
[2020-09-11T11:43:48.820+0000][26480][gc,task      ] GC(114) Using 2 workers of 2 for marking
[2020-09-11T11:43:48.922+0000][26480][gc,marking   ] GC(114) Concurrent Mark From Roots 101.639ms
[2020-09-11T11:43:48.922+0000][26480][gc,marking   ] GC(114) Concurrent Preclean
[2020-09-11T11:43:48.923+0000][26480][gc,marking   ] GC(114) Concurrent Preclean 0.714ms
[2020-09-11T11:43:48.923+0000][26480][gc,marking   ] GC(114) Concurrent Mark (7033.955s, 7034.058s) 102.516ms
[2020-09-11T11:43:48.923+0000][26480][gc,start     ] GC(114) Pause Remark
[2020-09-11T11:43:48.927+0000][26480][gc           ] GC(114) Pause Remark 296M->296M(1024M) 4.486ms
[2020-09-11T11:43:48.927+0000][26480][gc,cpu       ] GC(114) User=0.00s Sys=0.00s Real=0.00s
[2020-09-11T11:43:48.927+0000][26480][safepoint    ] Safepoint "G1Concurrent", Time since last: 105451900 ns, Reaching safepoint: 131800 ns, At safepoint: 4693600 ns, Total: 4825400 ns
[2020-09-11T11:43:48.928+0000][26480][gc,marking   ] GC(114) Concurrent Rebuild Remembered Sets
[2020-09-11T11:43:49.004+0000][26480][gc,marking   ] GC(114) Concurrent Rebuild Remembered Sets 76.138ms
[2020-09-11T11:43:49.004+0000][26480][gc,start     ] GC(114) Pause Cleanup
[2020-09-11T11:43:49.004+0000][26480][gc           ] GC(114) Pause Cleanup 347M->347M(1024M) 0.261ms
[2020-09-11T11:43:49.004+0000][26480][gc,cpu       ] GC(114) User=0.00s Sys=0.00s Real=0.00s
[2020-09-11T11:43:49.004+0000][26480][safepoint    ] Safepoint "G1Concurrent", Time since last: 76394400 ns, Reaching safepoint: 131300 ns, At safepoint: 395400 ns, Total: 526700 ns
[2020-09-11T11:43:49.004+0000][26480][gc,marking   ] GC(114) Concurrent Cleanup for Next Mark
[2020-09-11T11:43:49.007+0000][26480][gc,marking   ] GC(114) Concurrent Cleanup for Next Mark 2.131ms
[2020-09-11T11:43:49.007+0000][26480][gc           ] GC(114) Concurrent Cycle 189.503ms
[2020-09-11T11:43:49.201+0000][26480][gc,start     ] GC(115) Pause Young (Concurrent Start) (G1 Humongous Allocation)
[2020-09-11T11:43:49.202+0000][26480][gc,task      ] GC(115) Using 8 workers of 8 for evacuation
[2020-09-11T11:43:49.202+0000][26480][gc,age       ] GC(115) Desired survivor size 33554432 bytes, new threshold 15 (max threshold 15)
[2020-09-11T11:43:49.205+0000][26480][gc,age       ] GC(115) Age table with threshold 15 (max threshold 15)
[2020-09-11T11:43:49.205+0000][26480][gc,age       ] GC(115) - age   1:    3275408 bytes,    3275408 total
[2020-09-11T11:43:49.205+0000][26480][gc,age       ] GC(115) - age   2:       3248 bytes,    3278656 total
[2020-09-11T11:43:49.205+0000][26480][gc,age       ] GC(115) - age   3:     205344 bytes,    3484000 total
[2020-09-11T11:43:49.205+0000][26480][gc,age       ] GC(115) - age   4:     203984 bytes,    3687984 total
[2020-09-11T11:43:49.205+0000][26480][gc,age       ] GC(115) - age   5:     206032 bytes,    3894016 total
[2020-09-11T11:43:49.205+0000][26480][gc,age       ] GC(115) - age   6:       4248 bytes,    3898264 total
[2020-09-11T11:43:49.206+0000][26480][gc,age       ] GC(115) - age   7:     203776 bytes,    4102040 total
[2020-09-11T11:43:49.206+0000][26480][gc,age       ] GC(115) - age   8:     203160 bytes,    4305200 total
[2020-09-11T11:43:49.206+0000][26480][gc,age       ] GC(115) - age   9:        920 bytes,    4306120 total
[2020-09-11T11:43:49.206+0000][26480][gc,age       ] GC(115) - age  10:     200744 bytes,    4506864 total
[2020-09-11T11:43:49.206+0000][26480][gc,age       ] GC(115) - age  11:       1040 bytes,    4507904 total
[2020-09-11T11:43:49.206+0000][26480][gc,age       ] GC(115) - age  12:     202120 bytes,    4710024 total
[2020-09-11T11:43:49.206+0000][26480][gc,age       ] GC(115) - age  13:     202272 bytes,    4912296 total
[2020-09-11T11:43:49.206+0000][26480][gc,age       ] GC(115) - age  14:        720 bytes,    4913016 total
[2020-09-11T11:43:49.206+0000][26480][gc,age       ] GC(115) - age  15:     159128 bytes,    5072144 total
[2020-09-11T11:43:49.206+0000][26480][gc,phases    ] GC(115)   Pre Evacuate Collection Set: 0.4ms
[2020-09-11T11:43:49.206+0000][26480][gc,phases    ] GC(115)   Merge Heap Roots: 0.1ms
[2020-09-11T11:43:49.206+0000][26480][gc,phases    ] GC(115)   Evacuate Collection Set: 2.5ms
[2020-09-11T11:43:49.206+0000][26480][gc,phases    ] GC(115)   Post Evacuate Collection Set: 0.7ms
[2020-09-11T11:43:49.206+0000][26480][gc,phases    ] GC(115)   Other: 0.7ms
[2020-09-11T11:43:49.206+0000][26480][gc,heap      ] GC(115) Eden regions: 40->0(505)
[2020-09-11T11:43:49.206+0000][26480][gc,heap      ] GC(115) Survivor regions: 5->6(64)
[2020-09-11T11:43:49.206+0000][26480][gc,heap      ] GC(115) Old regions: 75->75
[2020-09-11T11:43:49.206+0000][26480][gc,heap      ] GC(115) Archive regions: 0->0
[2020-09-11T11:43:49.206+0000][26480][gc,heap      ] GC(115) Humongous regions: 258->174
[2020-09-11T11:43:49.206+0000][26480][gc,metaspace ] GC(115) Metaspace: 84125K(90520K)->84125K(90520K) NonClass: 73183K(76952K)->73183K(76952K) Class: 10941K(13568K)->10941K(13568K)
[2020-09-11T11:43:49.206+0000][26480][gc           ] GC(115) Pause Young (Concurrent Start) (G1 Humongous Allocation) 376M->253M(1024M) 4.629ms
[2020-09-11T11:43:49.206+0000][26480][gc,cpu       ] GC(115) User=0.00s Sys=0.00s Real=0.01s
[2020-09-11T11:43:49.206+0000][26480][safepoint    ] Safepoint "G1TryInitiateConcMark", Time since last: 196858600 ns, Reaching safepoint: 176100 ns, At safepoint: 4768300 ns, Total: 4944400 ns
[2020-09-11T11:43:49.206+0000][26480][gc           ] GC(116) Concurrent Cycle
[2020-09-11T11:43:49.206+0000][26480][gc,marking   ] GC(116) Concurrent Clear Claimed Marks
[2020-09-11T11:43:49.207+0000][26480][gc,marking   ] GC(116) Concurrent Clear Claimed Marks 0.540ms
[2020-09-11T11:43:49.207+0000][26480][gc,marking   ] GC(116) Concurrent Scan Root Regions
[2020-09-11T11:43:49.210+0000][26480][gc,marking   ] GC(116) Concurrent Scan Root Regions 3.110ms
[2020-09-11T11:43:49.210+0000][26480][gc,marking   ] GC(116) Concurrent Mark (7034.345s)
[2020-09-11T11:43:49.210+0000][26480][gc,marking   ] GC(116) Concurrent Mark From Roots
[2020-09-11T11:43:49.210+0000][26480][gc,task      ] GC(116) Using 2 workers of 2 for marking
[2020-09-11T11:43:49.332+0000][26480][gc,marking   ] GC(116) Concurrent Mark From Roots 121.770ms
[2020-09-11T11:43:49.332+0000][26480][gc,marking   ] GC(116) Concurrent Preclean
[2020-09-11T11:43:49.333+0000][26480][gc,marking   ] GC(116) Concurrent Preclean 0.708ms
[2020-09-11T11:43:49.333+0000][26480][gc,marking   ] GC(116) Concurrent Mark (7034.345s, 7034.468s) 122.687ms
[2020-09-11T11:43:49.333+0000][26480][gc,start     ] GC(116) Pause Remark
[2020-09-11T11:43:49.338+0000][26480][gc           ] GC(116) Pause Remark 314M->314M(1024M) 4.958ms
[2020-09-11T11:43:49.338+0000][26480][gc,cpu       ] GC(116) User=0.11s Sys=0.00s Real=0.01s
[2020-09-11T11:43:49.338+0000][26480][safepoint    ] Safepoint "G1Concurrent", Time since last: 126751000 ns, Reaching safepoint: 155500 ns, At safepoint: 5229400 ns, Total: 5384900 ns
[2020-09-11T11:43:49.338+0000][26480][gc,marking   ] GC(116) Concurrent Rebuild Remembered Sets
[2020-09-11T11:43:49.416+0000][26480][gc,marking   ] GC(116) Concurrent Rebuild Remembered Sets 77.332ms
[2020-09-11T11:43:49.416+0000][26480][gc,start     ] GC(116) Pause Cleanup
[2020-09-11T11:43:49.416+0000][26480][gc           ] GC(116) Pause Cleanup 314M->314M(1024M) 0.314ms
[2020-09-11T11:43:49.417+0000][26480][gc,cpu       ] GC(116) User=0.00s Sys=0.00s Real=0.00s
[2020-09-11T11:43:49.417+0000][26480][safepoint    ] Safepoint "G1Concurrent", Time since last: 77588400 ns, Reaching safepoint: 143400 ns, At safepoint: 510800 ns, Total: 654200 ns
[2020-09-11T11:43:49.417+0000][26480][gc,marking   ] GC(116) Concurrent Cleanup for Next Mark
[2020-09-11T11:43:49.418+0000][26480][gc,marking   ] GC(116) Concurrent Cleanup for Next Mark 1.244ms
[2020-09-11T11:43:49.418+0000][26480][gc           ] GC(116) Concurrent Cycle 211.785ms
[2020-09-11T11:43:49.714+0000][26480][safepoint    ] Safepoint "BulkRevokeBias", Time since last: 295657500 ns, Reaching safepoint: 184800 ns, At safepoint: 1517300 ns, Total: 1702100 ns
[2020-09-11T11:43:49.782+0000][26480][safepoint    ] Safepoint "BulkRevokeBias", Time since last: 65413200 ns, Reaching safepoint: 253000 ns, At safepoint: 2531200 ns, Total: 2784200 ns
[2020-09-11T11:43:49.805+0000][26480][safepoint    ] Safepoint "BulkRevokeBias", Time since last: 20492300 ns, Reaching safepoint: 164200 ns, At safepoint: 1771000 ns, Total: 1935200 ns
[2020-09-11T11:43:49.882+0000][26480][safepoint    ] Safepoint "BulkRevokeBias", Time since last: 74434800 ns, Reaching safepoint: 204900 ns, At safepoint: 2672200 ns, Total: 2877100 ns
[2020-09-11T11:43:50.898+0000][26480][safepoint    ] Safepoint "Cleanup", Time since last: 1015805300 ns, Reaching safepoint: 223300 ns, At safepoint: 56500 ns, Total: 279800 ns
[2020-09-11T11:43:51.668+0000][26480][gc,start     ] GC(117) Pause Young (Concurrent Start) (G1 Humongous Allocation)
[2020-09-11T11:43:51.668+0000][26480][gc,task      ] GC(117) Using 8 workers of 8 for evacuation
[2020-09-11T11:43:51.668+0000][26480][gc,age       ] GC(117) Desired survivor size 33554432 bytes, new threshold 15 (max threshold 15)
[2020-09-11T11:43:51.673+0000][26480][gc,age       ] GC(117) Age table with threshold 15 (max threshold 15)
[2020-09-11T11:43:51.673+0000][26480][gc,age       ] GC(117) - age   1:   14055792 bytes,   14055792 total
[2020-09-11T11:43:51.673+0000][26480][gc,age       ] GC(117) - age   2:       1568 bytes,   14057360 total
[2020-09-11T11:43:51.673+0000][26480][gc,age       ] GC(117) - age   3:        680 bytes,   14058040 total
[2020-09-11T11:43:51.674+0000][26480][gc,age       ] GC(117) - age   4:       1072 bytes,   14059112 total
[2020-09-11T11:43:51.674+0000][26480][gc,age       ] GC(117) - age   5:        896 bytes,   14060008 total
[2020-09-11T11:43:51.674+0000][26480][gc,age       ] GC(117) - age   6:       2192 bytes,   14062200 total
[2020-09-11T11:43:51.674+0000][26480][gc,age       ] GC(117) - age   7:       2832 bytes,   14065032 total
[2020-09-11T11:43:51.674+0000][26480][gc,age       ] GC(117) - age   8:        528 bytes,   14065560 total
[2020-09-11T11:43:51.674+0000][26480][gc,age       ] GC(117) - age   9:       1192 bytes,   14066752 total
[2020-09-11T11:43:51.674+0000][26480][gc,age       ] GC(117) - age  10:        552 bytes,   14067304 total
[2020-09-11T11:43:51.674+0000][26480][gc,age       ] GC(117) - age  11:        208 bytes,   14067512 total
[2020-09-11T11:43:51.674+0000][26480][gc,age       ] GC(117) - age  12:        736 bytes,   14068248 total
[2020-09-11T11:43:51.674+0000][26480][gc,age       ] GC(117) - age  13:       1504 bytes,   14069752 total
[2020-09-11T11:43:51.674+0000][26480][gc,age       ] GC(117) - age  14:       1280 bytes,   14071032 total
[2020-09-11T11:43:51.674+0000][26480][gc,age       ] GC(117) - age  15:        384 bytes,   14071416 total
[2020-09-11T11:43:51.674+0000][26480][gc,phases    ] GC(117)   Pre Evacuate Collection Set: 0.4ms
[2020-09-11T11:43:51.674+0000][26480][gc,phases    ] GC(117)   Merge Heap Roots: 0.1ms
[2020-09-11T11:43:51.674+0000][26480][gc,phases    ] GC(117)   Evacuate Collection Set: 4.2ms
[2020-09-11T11:43:51.674+0000][26480][gc,phases    ] GC(117)   Post Evacuate Collection Set: 0.7ms
[2020-09-11T11:43:51.674+0000][26480][gc,phases    ] GC(117)   Other: 0.9ms
[2020-09-11T11:43:51.674+0000][26480][gc,heap      ] GC(117) Eden regions: 61->0(484)
[2020-09-11T11:43:51.674+0000][26480][gc,heap      ] GC(117) Survivor regions: 6->15(64)
[2020-09-11T11:43:51.674+0000][26480][gc,heap      ] GC(117) Old regions: 75->75
[2020-09-11T11:43:51.674+0000][26480][gc,heap      ] GC(117) Archive regions: 0->0
[2020-09-11T11:43:51.674+0000][26480][gc,heap      ] GC(117) Humongous regions: 232->174
[2020-09-11T11:43:51.674+0000][26480][gc,metaspace ] GC(117) Metaspace: 85090K(91032K)->85090K(91032K) NonClass: 73963K(77464K)->73963K(77464K) Class: 11127K(13568K)->11127K(13568K)
[2020-09-11T11:43:51.674+0000][26480][gc           ] GC(117) Pause Young (Concurrent Start) (G1 Humongous Allocation) 372M->262M(1024M) 6.446ms
[2020-09-11T11:43:51.674+0000][26480][gc,cpu       ] GC(117) User=0.00s Sys=0.00s Real=0.01s
[2020-09-11T11:43:51.674+0000][26480][gc           ] GC(118) Concurrent Cycle
[2020-09-11T11:43:51.674+0000][26480][safepoint    ] Safepoint "G1TryInitiateConcMark", Time since last: 768984600 ns, Reaching safepoint: 253800 ns, At safepoint: 6640600 ns, Total: 6894400 ns
[2020-09-11T11:43:51.674+0000][26480][gc,marking   ] GC(118) Concurrent Clear Claimed Marks
[2020-09-11T11:43:51.675+0000][26480][gc,marking   ] GC(118) Concurrent Clear Claimed Marks 0.826ms
[2020-09-11T11:43:51.675+0000][26480][gc,marking   ] GC(118) Concurrent Scan Root Regions
[2020-09-11T11:43:51.680+0000][26480][gc,marking   ] GC(118) Concurrent Scan Root Regions 4.810ms
[2020-09-11T11:43:51.680+0000][26480][gc,marking   ] GC(118) Concurrent Mark (7036.815s)
[2020-09-11T11:43:51.680+0000][26480][gc,marking   ] GC(118) Concurrent Mark From Roots
[2020-09-11T11:43:51.680+0000][26480][gc,task      ] GC(118) Using 2 workers of 2 for marking
[2020-09-11T11:43:51.810+0000][26480][gc,marking   ] GC(118) Concurrent Mark From Roots 130.130ms
[2020-09-11T11:43:51.810+0000][26480][gc,marking   ] GC(118) Concurrent Preclean
[2020-09-11T11:43:51.811+0000][26480][gc,marking   ] GC(118) Concurrent Preclean 0.645ms
[2020-09-11T11:43:51.811+0000][26480][gc,marking   ] GC(118) Concurrent Mark (7036.815s, 7036.946s) 130.950ms
[2020-09-11T11:43:51.811+0000][26480][gc,start     ] GC(118) Pause Remark
[2020-09-11T11:43:51.816+0000][26480][gc           ] GC(118) Pause Remark 499M->499M(1024M) 4.376ms
[2020-09-11T11:43:51.816+0000][26480][gc,cpu       ] GC(118) User=0.00s Sys=0.00s Real=0.00s
[2020-09-11T11:43:51.816+0000][26480][safepoint    ] Safepoint "G1Concurrent", Time since last: 137023500 ns, Reaching safepoint: 169100 ns, At safepoint: 4558700 ns, Total: 4727800 ns
[2020-09-11T11:43:51.816+0000][26480][gc,marking   ] GC(118) Concurrent Rebuild Remembered Sets
[2020-09-11T11:43:51.896+0000][26480][gc,marking   ] GC(118) Concurrent Rebuild Remembered Sets 79.813ms
[2020-09-11T11:43:51.896+0000][26480][gc,start     ] GC(118) Pause Cleanup
[2020-09-11T11:43:51.897+0000][26480][gc           ] GC(118) Pause Cleanup 573M->573M(1024M) 0.285ms
[2020-09-11T11:43:51.897+0000][26480][gc,cpu       ] GC(118) User=0.00s Sys=0.00s Real=0.00s
[2020-09-11T11:43:51.897+0000][26480][safepoint    ] Safepoint "G1Concurrent", Time since last: 79970600 ns, Reaching safepoint: 443500 ns, At safepoint: 459500 ns, Total: 903000 ns
[2020-09-11T11:43:51.897+0000][26480][gc,marking   ] GC(118) Concurrent Cleanup for Next Mark
[2020-09-11T11:43:51.898+0000][26480][gc,marking   ] GC(118) Concurrent Cleanup for Next Mark 1.537ms
[2020-09-11T11:43:51.898+0000][26480][gc           ] GC(118) Concurrent Cycle 224.325ms
[2020-09-11T11:43:52.063+0000][26480][gc,start     ] GC(119) Pause Young (Concurrent Start) (G1 Humongous Allocation)
[2020-09-11T11:43:52.063+0000][26480][gc,task      ] GC(119) Using 8 workers of 8 for evacuation
[2020-09-11T11:43:52.063+0000][26480][gc,age       ] GC(119) Desired survivor size 33030144 bytes, new threshold 15 (max threshold 15)
[2020-09-11T11:43:52.067+0000][26480][gc,age       ] GC(119) Age table with threshold 15 (max threshold 15)
[2020-09-11T11:43:52.067+0000][26480][gc,age       ] GC(119) - age   1:    2662504 bytes,    2662504 total
[2020-09-11T11:43:52.067+0000][26480][gc,age       ] GC(119) - age   2:     811416 bytes,    3473920 total
[2020-09-11T11:43:52.067+0000][26480][gc,age       ] GC(119) - age   3:       1024 bytes,    3474944 total
[2020-09-11T11:43:52.067+0000][26480][gc,age       ] GC(119) - age   4:        648 bytes,    3475592 total
[2020-09-11T11:43:52.067+0000][26480][gc,age       ] GC(119) - age   5:       1040 bytes,    3476632 total
[2020-09-11T11:43:52.067+0000][26480][gc,age       ] GC(119) - age   6:        896 bytes,    3477528 total
[2020-09-11T11:43:52.067+0000][26480][gc,age       ] GC(119) - age   7:       2104 bytes,    3479632 total
[2020-09-11T11:43:52.067+0000][26480][gc,age       ] GC(119) - age   8:       2832 bytes,    3482464 total
[2020-09-11T11:43:52.067+0000][26480][gc,age       ] GC(119) - age   9:        528 bytes,    3482992 total
[2020-09-11T11:43:52.067+0000][26480][gc,age       ] GC(119) - age  10:       1032 bytes,    3484024 total
[2020-09-11T11:43:52.067+0000][26480][gc,age       ] GC(119) - age  11:        488 bytes,    3484512 total
[2020-09-11T11:43:52.067+0000][26480][gc,age       ] GC(119) - age  12:        208 bytes,    3484720 total
[2020-09-11T11:43:52.067+0000][26480][gc,age       ] GC(119) - age  13:        608 bytes,    3485328 total
[2020-09-11T11:43:52.067+0000][26480][gc,age       ] GC(119) - age  14:       1504 bytes,    3486832 total
[2020-09-11T11:43:52.067+0000][26480][gc,age       ] GC(119) - age  15:       1280 bytes,    3488112 total
[2020-09-11T11:43:52.068+0000][26480][gc,phases    ] GC(119)   Pre Evacuate Collection Set: 0.4ms
[2020-09-11T11:43:52.068+0000][26480][gc,phases    ] GC(119)   Merge Heap Roots: 0.1ms
[2020-09-11T11:43:52.068+0000][26480][gc,phases    ] GC(119)   Evacuate Collection Set: 2.5ms
[2020-09-11T11:43:52.068+0000][26480][gc,phases    ] GC(119)   Post Evacuate Collection Set: 0.9ms
[2020-09-11T11:43:52.068+0000][26480][gc,phases    ] GC(119)   Other: 0.9ms
[2020-09-11T11:43:52.068+0000][26480][gc,heap      ] GC(119) Eden regions: 82->0(497)
[2020-09-11T11:43:52.068+0000][26480][gc,heap      ] GC(119) Survivor regions: 15->5(63)
[2020-09-11T11:43:52.068+0000][26480][gc,heap      ] GC(119) Old regions: 75->75
[2020-09-11T11:43:52.068+0000][26480][gc,heap      ] GC(119) Archive regions: 0->0
[2020-09-11T11:43:52.068+0000][26480][gc,heap      ] GC(119) Humongous regions: 422->174
[2020-09-11T11:43:52.068+0000][26480][gc,metaspace ] GC(119) Metaspace: 85115K(91288K)->85115K(91288K) NonClass: 73987K(77720K)->73987K(77720K) Class: 11127K(13568K)->11127K(13568K)
[2020-09-11T11:43:52.068+0000][26480][gc           ] GC(119) Pause Young (Concurrent Start) (G1 Humongous Allocation) 592M->252M(1024M) 4.976ms
[2020-09-11T11:43:52.068+0000][26480][gc,cpu       ] GC(119) User=0.00s Sys=0.00s Real=0.01s
[2020-09-11T11:43:52.068+0000][26480][safepoint    ] Safepoint "G1TryInitiateConcMark", Time since last: 165994700 ns, Reaching safepoint: 138600 ns, At safepoint: 5178600 ns, Total: 5317200 ns
[2020-09-11T11:43:52.068+0000][26480][gc           ] GC(120) Concurrent Cycle
[2020-09-11T11:43:52.068+0000][26480][gc,marking   ] GC(120) Concurrent Clear Claimed Marks
[2020-09-11T11:43:52.069+0000][26480][gc,marking   ] GC(120) Concurrent Clear Claimed Marks 0.551ms
[2020-09-11T11:43:52.069+0000][26480][gc,marking   ] GC(120) Concurrent Scan Root Regions
[2020-09-11T11:43:52.072+0000][26480][gc,marking   ] GC(120) Concurrent Scan Root Regions 3.000ms
[2020-09-11T11:43:52.072+0000][26480][gc,marking   ] GC(120) Concurrent Mark (7037.207s)
[2020-09-11T11:43:52.072+0000][26480][gc,marking   ] GC(120) Concurrent Mark From Roots
[2020-09-11T11:43:52.072+0000][26480][gc,task      ] GC(120) Using 2 workers of 2 for marking
[2020-09-11T11:43:52.162+0000][26480][safepoint    ] Safepoint "BulkRevokeBias", Time since last: 91787500 ns, Reaching safepoint: 169500 ns, At safepoint: 1631600 ns, Total: 1801100 ns
[2020-09-11T11:43:52.189+0000][26480][gc,marking   ] GC(120) Concurrent Mark From Roots 117.196ms
[2020-09-11T11:43:52.189+0000][26480][gc,marking   ] GC(120) Concurrent Preclean
[2020-09-11T11:43:52.190+0000][26480][gc,marking   ] GC(120) Concurrent Preclean 0.451ms
[2020-09-11T11:43:52.190+0000][26480][gc,marking   ] GC(120) Concurrent Mark (7037.207s, 7037.324s) 117.780ms
[2020-09-11T11:43:52.190+0000][26480][gc,start     ] GC(120) Pause Remark
[2020-09-11T11:43:52.200+0000][26480][gc           ] GC(120) Pause Remark 313M->313M(1024M) 10.211ms
[2020-09-11T11:43:52.200+0000][26480][gc,cpu       ] GC(120) User=0.13s Sys=0.00s Real=0.01s
[2020-09-11T11:43:52.200+0000][26480][safepoint    ] Safepoint "G1Concurrent", Time since last: 28115400 ns, Reaching safepoint: 189300 ns, At safepoint: 10406700 ns, Total: 10596000 ns
[2020-09-11T11:43:52.200+0000][26480][gc,marking   ] GC(120) Concurrent Rebuild Remembered Sets
[2020-09-11T11:43:52.258+0000][26480][safepoint    ] Safepoint "ICBufferFull", Time since last: 56300200 ns, Reaching safepoint: 879600 ns, At safepoint: 24300 ns, Total: 903900 ns
[2020-09-11T11:43:52.288+0000][26480][gc,marking   ] GC(120) Concurrent Rebuild Remembered Sets 87.476ms
[2020-09-11T11:43:52.288+0000][26480][gc,start     ] GC(120) Pause Cleanup
[2020-09-11T11:43:52.289+0000][26480][gc           ] GC(120) Pause Cleanup 378M->378M(1024M) 0.347ms
[2020-09-11T11:43:52.289+0000][26480][gc,cpu       ] GC(120) User=0.00s Sys=0.00s Real=0.00s
[2020-09-11T11:43:52.289+0000][26480][safepoint    ] Safepoint "G1Concurrent", Time since last: 30440500 ns, Reaching safepoint: 304700 ns, At safepoint: 528700 ns, Total: 833400 ns
[2020-09-11T11:43:52.289+0000][26480][gc,marking   ] GC(120) Concurrent Cleanup for Next Mark
[2020-09-11T11:43:52.291+0000][26480][gc,marking   ] GC(120) Concurrent Cleanup for Next Mark 2.123ms
[2020-09-11T11:43:52.291+0000][26480][gc           ] GC(120) Concurrent Cycle 223.049ms
[2020-09-11T11:43:52.546+0000][26480][gc,start     ] GC(121) Pause Young (Concurrent Start) (G1 Humongous Allocation)
[2020-09-11T11:43:52.546+0000][26480][gc,task      ] GC(121) Using 8 workers of 8 for evacuation
[2020-09-11T11:43:52.546+0000][26480][gc,age       ] GC(121) Desired survivor size 33030144 bytes, new threshold 15 (max threshold 15)
[2020-09-11T11:43:52.551+0000][26480][gc,age       ] GC(121) Age table with threshold 15 (max threshold 15)
[2020-09-11T11:43:52.551+0000][26480][gc,age       ] GC(121) - age   1:   13503616 bytes,   13503616 total
[2020-09-11T11:43:52.551+0000][26480][gc,age       ] GC(121) - age   2:      15360 bytes,   13518976 total
[2020-09-11T11:43:52.551+0000][26480][gc,age       ] GC(121) - age   3:     806704 bytes,   14325680 total
[2020-09-11T11:43:52.551+0000][26480][gc,age       ] GC(121) - age   4:        800 bytes,   14326480 total
[2020-09-11T11:43:52.551+0000][26480][gc,age       ] GC(121) - age   5:        616 bytes,   14327096 total
[2020-09-11T11:43:52.551+0000][26480][gc,age       ] GC(121) - age   6:       1040 bytes,   14328136 total
[2020-09-11T11:43:52.551+0000][26480][gc,age       ] GC(121) - age   7:        864 bytes,   14329000 total
[2020-09-11T11:43:52.552+0000][26480][gc,age       ] GC(121) - age   8:       2072 bytes,   14331072 total
[2020-09-11T11:43:52.552+0000][26480][gc,age       ] GC(121) - age   9:       2832 bytes,   14333904 total
[2020-09-11T11:43:52.552+0000][26480][gc,age       ] GC(121) - age  10:        528 bytes,   14334432 total
[2020-09-11T11:43:52.552+0000][26480][gc,age       ] GC(121) - age  11:        968 bytes,   14335400 total
[2020-09-11T11:43:52.552+0000][26480][gc,age       ] GC(121) - age  12:        488 bytes,   14335888 total
[2020-09-11T11:43:52.552+0000][26480][gc,age       ] GC(121) - age  13:        208 bytes,   14336096 total
[2020-09-11T11:43:52.552+0000][26480][gc,age       ] GC(121) - age  14:        544 bytes,   14336640 total
[2020-09-11T11:43:52.552+0000][26480][gc,age       ] GC(121) - age  15:       1504 bytes,   14338144 total
[2020-09-11T11:43:52.552+0000][26480][gc,phases    ] GC(121)   Pre Evacuate Collection Set: 0.4ms
[2020-09-11T11:43:52.552+0000][26480][gc,phases    ] GC(121)   Merge Heap Roots: 0.1ms
[2020-09-11T11:43:52.552+0000][26480][gc,phases    ] GC(121)   Evacuate Collection Set: 3.8ms
[2020-09-11T11:43:52.552+0000][26480][gc,phases    ] GC(121)   Post Evacuate Collection Set: 0.8ms
[2020-09-11T11:43:52.552+0000][26480][gc,phases    ] GC(121)   Other: 0.7ms
[2020-09-11T11:43:52.552+0000][26480][gc,heap      ] GC(121) Eden regions: 62->0(480)
[2020-09-11T11:43:52.552+0000][26480][gc,heap      ] GC(121) Survivor regions: 5->15(63)
[2020-09-11T11:43:52.552+0000][26480][gc,heap      ] GC(121) Old regions: 75->75
[2020-09-11T11:43:52.552+0000][26480][gc,heap      ] GC(121) Archive regions: 0->0
[2020-09-11T11:43:52.552+0000][26480][gc,heap      ] GC(121) Humongous regions: 274->174
[2020-09-11T11:43:52.552+0000][26480][gc,metaspace ] GC(121) Metaspace: 85141K(91288K)->85141K(91288K) NonClass: 74028K(77720K)->74028K(77720K) Class: 11113K(13568K)->11113K(13568K)
[2020-09-11T11:43:52.552+0000][26480][gc           ] GC(121) Pause Young (Concurrent Start) (G1 Humongous Allocation) 414M->263M(1024M) 6.013ms
[2020-09-11T11:43:52.552+0000][26480][gc,cpu       ] GC(121) User=0.00s Sys=0.00s Real=0.01s
[2020-09-11T11:43:52.552+0000][26480][gc           ] GC(122) Concurrent Cycle
[2020-09-11T11:43:52.552+0000][26480][safepoint    ] Safepoint "G1TryInitiateConcMark", Time since last: 256958500 ns, Reaching safepoint: 167300 ns, At safepoint: 6211400 ns, Total: 6378700 ns
[2020-09-11T11:43:52.552+0000][26480][gc,marking   ] GC(122) Concurrent Clear Claimed Marks
[2020-09-11T11:43:52.553+0000][26480][gc,marking   ] GC(122) Concurrent Clear Claimed Marks 0.900ms
[2020-09-11T11:43:52.553+0000][26480][gc,marking   ] GC(122) Concurrent Scan Root Regions
[2020-09-11T11:43:52.558+0000][26480][gc,marking   ] GC(122) Concurrent Scan Root Regions 4.333ms
[2020-09-11T11:43:52.558+0000][26480][gc,marking   ] GC(122) Concurrent Mark (7037.692s)
[2020-09-11T11:43:52.558+0000][26480][gc,marking   ] GC(122) Concurrent Mark From Roots
[2020-09-11T11:43:52.558+0000][26480][gc,task      ] GC(122) Using 2 workers of 2 for marking
[2020-09-11T11:43:52.700+0000][26480][gc,marking   ] GC(122) Concurrent Mark From Roots 142.480ms
[2020-09-11T11:43:52.700+0000][26480][gc,marking   ] GC(122) Concurrent Preclean
[2020-09-11T11:43:52.701+0000][26480][gc,marking   ] GC(122) Concurrent Preclean 0.672ms
[2020-09-11T11:43:52.701+0000][26480][gc,marking   ] GC(122) Concurrent Mark (7037.692s, 7037.836s) 143.335ms
[2020-09-11T11:43:52.701+0000][26480][gc,start     ] GC(122) Pause Remark
[2020-09-11T11:43:52.706+0000][26480][gc           ] GC(122) Pause Remark 508M->508M(1024M) 4.690ms
[2020-09-11T11:43:52.706+0000][26480][gc,cpu       ] GC(122) User=0.00s Sys=0.00s Real=0.01s
[2020-09-11T11:43:52.707+0000][26480][safepoint    ] Safepoint "G1Concurrent", Time since last: 148971500 ns, Reaching safepoint: 162700 ns, At safepoint: 5412100 ns, Total: 5574800 ns
[2020-09-11T11:43:52.707+0000][26480][gc,marking   ] GC(122) Concurrent Rebuild Remembered Sets
[2020-09-11T11:43:52.793+0000][26480][gc,marking   ] GC(122) Concurrent Rebuild Remembered Sets 85.855ms
[2020-09-11T11:43:52.793+0000][26480][gc,start     ] GC(122) Pause Cleanup
[2020-09-11T11:43:52.793+0000][26480][gc           ] GC(122) Pause Cleanup 582M->582M(1024M) 0.361ms
[2020-09-11T11:43:52.793+0000][26480][gc,cpu       ] GC(122) User=0.00s Sys=0.00s Real=0.00s
[2020-09-11T11:43:52.793+0000][26480][safepoint    ] Safepoint "G1Concurrent", Time since last: 86069700 ns, Reaching safepoint: 159700 ns, At safepoint: 547200 ns, Total: 706900 ns
[2020-09-11T11:43:52.794+0000][26480][gc,marking   ] GC(122) Concurrent Cleanup for Next Mark
[2020-09-11T11:43:52.795+0000][26480][gc,marking   ] GC(122) Concurrent Cleanup for Next Mark 1.555ms
[2020-09-11T11:43:52.795+0000][26480][gc           ] GC(122) Concurrent Cycle 243.080ms
[2020-09-11T11:43:53.007+0000][26480][gc,start     ] GC(123) Pause Young (Concurrent Start) (G1 Humongous Allocation)
[2020-09-11T11:43:53.007+0000][26480][gc,task      ] GC(123) Using 8 workers of 8 for evacuation
[2020-09-11T11:43:53.007+0000][26480][gc,age       ] GC(123) Desired survivor size 32505856 bytes, new threshold 15 (max threshold 15)
[2020-09-11T11:43:53.011+0000][26480][gc,age       ] GC(123) Age table with threshold 15 (max threshold 15)
[2020-09-11T11:43:53.011+0000][26480][gc,age       ] GC(123) - age   1:    2740768 bytes,    2740768 total
[2020-09-11T11:43:53.011+0000][26480][gc,age       ] GC(123) - age   2:       7816 bytes,    2748584 total
[2020-09-11T11:43:53.011+0000][26480][gc,age       ] GC(123) - age   3:       3440 bytes,    2752024 total
[2020-09-11T11:43:53.011+0000][26480][gc,age       ] GC(123) - age   4:     806096 bytes,    3558120 total
[2020-09-11T11:43:53.011+0000][26480][gc,age       ] GC(123) - age   5:        704 bytes,    3558824 total
[2020-09-11T11:43:53.011+0000][26480][gc,age       ] GC(123) - age   6:        584 bytes,    3559408 total
[2020-09-11T11:43:53.011+0000][26480][gc,age       ] GC(123) - age   7:       1040 bytes,    3560448 total
[2020-09-11T11:43:53.011+0000][26480][gc,age       ] GC(123) - age   8:        832 bytes,    3561280 total
[2020-09-11T11:43:53.011+0000][26480][gc,age       ] GC(123) - age   9:       1704 bytes,    3562984 total
[2020-09-11T11:43:53.011+0000][26480][gc,age       ] GC(123) - age  10:       2832 bytes,    3565816 total
[2020-09-11T11:43:53.011+0000][26480][gc,age       ] GC(123) - age  11:        528 bytes,    3566344 total
[2020-09-11T11:43:53.011+0000][26480][gc,age       ] GC(123) - age  12:        968 bytes,    3567312 total
[2020-09-11T11:43:53.011+0000][26480][gc,age       ] GC(123) - age  13:        488 bytes,    3567800 total
[2020-09-11T11:43:53.011+0000][26480][gc,age       ] GC(123) - age  14:        144 bytes,    3567944 total
[2020-09-11T11:43:53.011+0000][26480][gc,age       ] GC(123) - age  15:        544 bytes,    3568488 total
[2020-09-11T11:43:53.011+0000][26480][gc,phases    ] GC(123)   Pre Evacuate Collection Set: 0.4ms
[2020-09-11T11:43:53.011+0000][26480][gc,phases    ] GC(123)   Merge Heap Roots: 0.1ms
[2020-09-11T11:43:53.011+0000][26480][gc,phases    ] GC(123)   Evacuate Collection Set: 2.6ms
[2020-09-11T11:43:53.012+0000][26480][gc,phases    ] GC(123)   Post Evacuate Collection Set: 1.0ms
[2020-09-11T11:43:53.012+0000][26480][gc,phases    ] GC(123)   Other: 0.7ms
[2020-09-11T11:43:53.012+0000][26480][gc,heap      ] GC(123) Eden regions: 84->0(494)
[2020-09-11T11:43:53.012+0000][26480][gc,heap      ] GC(123) Survivor regions: 15->5(62)
[2020-09-11T11:43:53.012+0000][26480][gc,heap      ] GC(123) Old regions: 75->75
[2020-09-11T11:43:53.012+0000][26480][gc,heap      ] GC(123) Archive regions: 0->0
[2020-09-11T11:43:53.012+0000][26480][gc,heap      ] GC(123) Humongous regions: 430->174
[2020-09-11T11:43:53.012+0000][26480][gc,metaspace ] GC(123) Metaspace: 85168K(91288K)->85168K(91288K) NonClass: 74055K(77720K)->74055K(77720K) Class: 11113K(13568K)->11113K(13568K)
[2020-09-11T11:43:53.012+0000][26480][gc           ] GC(123) Pause Young (Concurrent Start) (G1 Humongous Allocation) 603M->253M(1024M) 5.066ms
[2020-09-11T11:43:53.012+0000][26480][gc,cpu       ] GC(123) User=0.03s Sys=0.02s Real=0.01s
[2020-09-11T11:43:53.012+0000][26480][safepoint    ] Safepoint "G1TryInitiateConcMark", Time since last: 212936600 ns, Reaching safepoint: 212000 ns, At safepoint: 5208600 ns, Total: 5420600 ns
[2020-09-11T11:43:53.012+0000][26480][gc           ] GC(124) Concurrent Cycle
[2020-09-11T11:43:53.012+0000][26480][gc,marking   ] GC(124) Concurrent Clear Claimed Marks
[2020-09-11T11:43:53.012+0000][26480][gc,marking   ] GC(124) Concurrent Clear Claimed Marks 0.312ms
[2020-09-11T11:43:53.012+0000][26480][gc,marking   ] GC(124) Concurrent Scan Root Regions
[2020-09-11T11:43:53.014+0000][26480][gc,marking   ] GC(124) Concurrent Scan Root Regions 1.792ms
[2020-09-11T11:43:53.014+0000][26480][gc,marking   ] GC(124) Concurrent Mark (7038.149s)
[2020-09-11T11:43:53.014+0000][26480][gc,marking   ] GC(124) Concurrent Mark From Roots
[2020-09-11T11:43:53.014+0000][26480][gc,task      ] GC(124) Using 2 workers of 2 for marking
[2020-09-11T11:43:53.136+0000][26480][gc,marking   ] GC(124) Concurrent Mark From Roots 121.719ms
[2020-09-11T11:43:53.136+0000][26480][gc,marking   ] GC(124) Concurrent Preclean
[2020-09-11T11:43:53.136+0000][26480][gc,marking   ] GC(124) Concurrent Preclean 0.450ms
[2020-09-11T11:43:53.136+0000][26480][gc,marking   ] GC(124) Concurrent Mark (7038.149s, 7038.271s) 122.288ms
[2020-09-11T11:43:53.137+0000][26480][gc,start     ] GC(124) Pause Remark
[2020-09-11T11:43:53.141+0000][26480][gc           ] GC(124) Pause Remark 313M->313M(1024M) 4.617ms
[2020-09-11T11:43:53.141+0000][26480][gc,cpu       ] GC(124) User=0.00s Sys=0.00s Real=0.00s
[2020-09-11T11:43:53.142+0000][26480][safepoint    ] Safepoint "G1Concurrent", Time since last: 124704500 ns, Reaching safepoint: 143600 ns, At safepoint: 4834100 ns, Total: 4977700 ns
[2020-09-11T11:43:53.142+0000][26480][gc,marking   ] GC(124) Concurrent Rebuild Remembered Sets
[2020-09-11T11:43:53.217+0000][26480][gc,marking   ] GC(124) Concurrent Rebuild Remembered Sets 75.471ms
[2020-09-11T11:43:53.217+0000][26480][gc,start     ] GC(124) Pause Cleanup
[2020-09-11T11:43:53.218+0000][26480][gc           ] GC(124) Pause Cleanup 383M->383M(1024M) 0.320ms
[2020-09-11T11:43:53.218+0000][26480][gc,cpu       ] GC(124) User=0.00s Sys=0.00s Real=0.00s
[2020-09-11T11:43:53.218+0000][26480][safepoint    ] Safepoint "G1Concurrent", Time since last: 75657100 ns, Reaching safepoint: 154000 ns, At safepoint: 511100 ns, Total: 665100 ns
[2020-09-11T11:43:53.218+0000][26480][gc,marking   ] GC(124) Concurrent Cleanup for Next Mark
[2020-09-11T11:43:53.220+0000][26480][gc,marking   ] GC(124) Concurrent Cleanup for Next Mark 1.684ms
[2020-09-11T11:43:53.220+0000][26480][gc           ] GC(124) Concurrent Cycle 207.914ms
[2020-09-11T11:43:53.358+0000][26480][gc,start     ] GC(125) Pause Young (Concurrent Start) (G1 Humongous Allocation)
[2020-09-11T11:43:53.358+0000][26480][gc,task      ] GC(125) Using 8 workers of 8 for evacuation
[2020-09-11T11:43:53.358+0000][26480][gc,age       ] GC(125) Desired survivor size 33030144 bytes, new threshold 15 (max threshold 15)
[2020-09-11T11:43:53.361+0000][26480][gc,age       ] GC(125) Age table with threshold 15 (max threshold 15)
[2020-09-11T11:43:53.361+0000][26480][gc,age       ] GC(125) - age   1:    2853832 bytes,    2853832 total
[2020-09-11T11:43:53.361+0000][26480][gc,age       ] GC(125) - age   2:     102408 bytes,    2956240 total
[2020-09-11T11:43:53.361+0000][26480][gc,age       ] GC(125) - age   3:       6984 bytes,    2963224 total
[2020-09-11T11:43:53.361+0000][26480][gc,age       ] GC(125) - age   4:       3184 bytes,    2966408 total
[2020-09-11T11:43:53.362+0000][26480][gc,age       ] GC(125) - age   5:     803536 bytes,    3769944 total
[2020-09-11T11:43:53.362+0000][26480][gc,age       ] GC(125) - age   6:        640 bytes,    3770584 total
[2020-09-11T11:43:53.362+0000][26480][gc,age       ] GC(125) - age   7:        424 bytes,    3771008 total
[2020-09-11T11:43:53.362+0000][26480][gc,age       ] GC(125) - age   8:       1040 bytes,    3772048 total
[2020-09-11T11:43:53.362+0000][26480][gc,age       ] GC(125) - age   9:        832 bytes,    3772880 total
[2020-09-11T11:43:53.362+0000][26480][gc,age       ] GC(125) - age  10:       1704 bytes,    3774584 total
[2020-09-11T11:43:53.362+0000][26480][gc,age       ] GC(125) - age  11:       2832 bytes,    3777416 total
[2020-09-11T11:43:53.362+0000][26480][gc,age       ] GC(125) - age  12:        464 bytes,    3777880 total
[2020-09-11T11:43:53.362+0000][26480][gc,age       ] GC(125) - age  13:        968 bytes,    3778848 total
[2020-09-11T11:43:53.362+0000][26480][gc,age       ] GC(125) - age  14:        456 bytes,    3779304 total
[2020-09-11T11:43:53.362+0000][26480][gc,age       ] GC(125) - age  15:        144 bytes,    3779448 total
[2020-09-11T11:43:53.362+0000][26480][gc,phases    ] GC(125)   Pre Evacuate Collection Set: 0.4ms
[2020-09-11T11:43:53.362+0000][26480][gc,phases    ] GC(125)   Merge Heap Roots: 0.1ms
[2020-09-11T11:43:53.362+0000][26480][gc,phases    ] GC(125)   Evacuate Collection Set: 2.2ms
[2020-09-11T11:43:53.362+0000][26480][gc,phases    ] GC(125)   Post Evacuate Collection Set: 0.6ms
[2020-09-11T11:43:53.362+0000][26480][gc,phases    ] GC(125)   Other: 0.7ms
[2020-09-11T11:43:53.362+0000][26480][gc,heap      ] GC(125) Eden regions: 42->0(498)
[2020-09-11T11:43:53.362+0000][26480][gc,heap      ] GC(125) Survivor regions: 5->4(63)
[2020-09-11T11:43:53.362+0000][26480][gc,heap      ] GC(125) Old regions: 75->75
[2020-09-11T11:43:53.362+0000][26480][gc,heap      ] GC(125) Archive regions: 0->0
[2020-09-11T11:43:53.362+0000][26480][gc,heap      ] GC(125) Humongous regions: 274->174
[2020-09-11T11:43:53.362+0000][26480][gc,metaspace ] GC(125) Metaspace: 85197K(91288K)->85197K(91288K) NonClass: 74083K(77720K)->74083K(77720K) Class: 11114K(13568K)->11114K(13568K)
[2020-09-11T11:43:53.362+0000][26480][gc           ] GC(125) Pause Young (Concurrent Start) (G1 Humongous Allocation) 394M->252M(1024M) 4.245ms
[2020-09-11T11:43:53.362+0000][26480][gc,cpu       ] GC(125) User=0.00s Sys=0.00s Real=0.00s
[2020-09-11T11:43:53.362+0000][26480][safepoint    ] Safepoint "G1TryInitiateConcMark", Time since last: 139637200 ns, Reaching safepoint: 295800 ns, At safepoint: 4430600 ns, Total: 4726400 ns
[2020-09-11T11:43:53.362+0000][26480][gc           ] GC(126) Concurrent Cycle
[2020-09-11T11:43:53.362+0000][26480][gc,marking   ] GC(126) Concurrent Clear Claimed Marks
[2020-09-11T11:43:53.363+0000][26480][gc,marking   ] GC(126) Concurrent Clear Claimed Marks 0.542ms
[2020-09-11T11:43:53.363+0000][26480][gc,marking   ] GC(126) Concurrent Scan Root Regions
[2020-09-11T11:43:53.366+0000][26480][gc,marking   ] GC(126) Concurrent Scan Root Regions 2.993ms
[2020-09-11T11:43:53.366+0000][26480][gc,marking   ] GC(126) Concurrent Mark (7038.501s)
[2020-09-11T11:43:53.366+0000][26480][gc,marking   ] GC(126) Concurrent Mark From Roots
[2020-09-11T11:43:53.366+0000][26480][gc,task      ] GC(126) Using 2 workers of 2 for marking
[2020-09-11T11:43:53.511+0000][26480][gc,marking   ] GC(126) Concurrent Mark From Roots 144.469ms
[2020-09-11T11:43:53.511+0000][26480][gc,marking   ] GC(126) Concurrent Preclean
[2020-09-11T11:43:53.511+0000][26480][gc,marking   ] GC(126) Concurrent Preclean 0.622ms
[2020-09-11T11:43:53.511+0000][26480][gc,marking   ] GC(126) Concurrent Mark (7038.501s, 7038.646s) 145.250ms
[2020-09-11T11:43:53.512+0000][26480][gc,start     ] GC(126) Pause Remark
[2020-09-11T11:43:53.516+0000][26480][gc           ] GC(126) Pause Remark 315M->315M(1024M) 4.838ms
[2020-09-11T11:43:53.517+0000][26480][gc,cpu       ] GC(126) User=0.00s Sys=0.00s Real=0.00s
[2020-09-11T11:43:53.517+0000][26480][safepoint    ] Safepoint "G1Concurrent", Time since last: 149192900 ns, Reaching safepoint: 180600 ns, At safepoint: 5062600 ns, Total: 5243200 ns
[2020-09-11T11:43:53.517+0000][26480][gc,marking   ] GC(126) Concurrent Rebuild Remembered Sets
[2020-09-11T11:43:53.596+0000][26480][gc,marking   ] GC(126) Concurrent Rebuild Remembered Sets 79.502ms
[2020-09-11T11:43:53.596+0000][26480][gc,start     ] GC(126) Pause Cleanup
[2020-09-11T11:43:53.597+0000][26480][gc           ] GC(126) Pause Cleanup 383M->383M(1024M) 0.384ms
[2020-09-11T11:43:53.597+0000][26480][gc,cpu       ] GC(126) User=0.00s Sys=0.00s Real=0.00s
[2020-09-11T11:43:53.597+0000][26480][safepoint    ] Safepoint "G1Concurrent", Time since last: 79672000 ns, Reaching safepoint: 155700 ns, At safepoint: 617200 ns, Total: 772900 ns
[2020-09-11T11:43:53.597+0000][26480][gc,marking   ] GC(126) Concurrent Cleanup for Next Mark
[2020-09-11T11:43:53.599+0000][26480][gc,marking   ] GC(126) Concurrent Cleanup for Next Mark 1.798ms
[2020-09-11T11:43:53.599+0000][26480][gc           ] GC(126) Concurrent Cycle 236.872ms
[2020-09-11T11:43:53.751+0000][26480][gc,start     ] GC(127) Pause Young (Concurrent Start) (G1 Humongous Allocation)
[2020-09-11T11:43:53.751+0000][26480][gc,task      ] GC(127) Using 8 workers of 8 for evacuation
[2020-09-11T11:43:53.752+0000][26480][gc,age       ] GC(127) Desired survivor size 33030144 bytes, new threshold 15 (max threshold 15)
[2020-09-11T11:43:53.756+0000][26480][gc,age       ] GC(127) Age table with threshold 15 (max threshold 15)
[2020-09-11T11:43:53.756+0000][26480][gc,age       ] GC(127) - age   1:    2844368 bytes,    2844368 total
[2020-09-11T11:43:53.756+0000][26480][gc,age       ] GC(127) - age   2:     205896 bytes,    3050264 total
[2020-09-11T11:43:53.757+0000][26480][gc,age       ] GC(127) - age   3:     101712 bytes,    3151976 total
[2020-09-11T11:43:53.757+0000][26480][gc,age       ] GC(127) - age   4:       6456 bytes,    3158432 total
[2020-09-11T11:43:53.757+0000][26480][gc,age       ] GC(127) - age   5:       3184 bytes,    3161616 total
[2020-09-11T11:43:53.757+0000][26480][gc,age       ] GC(127) - age   6:     803536 bytes,    3965152 total
[2020-09-11T11:43:53.757+0000][26480][gc,age       ] GC(127) - age   7:        576 bytes,    3965728 total
[2020-09-11T11:43:53.757+0000][26480][gc,age       ] GC(127) - age   8:        424 bytes,    3966152 total
[2020-09-11T11:43:53.757+0000][26480][gc,age       ] GC(127) - age   9:       1040 bytes,    3967192 total
[2020-09-11T11:43:53.757+0000][26480][gc,age       ] GC(127) - age  10:        832 bytes,    3968024 total
[2020-09-11T11:43:53.757+0000][26480][gc,age       ] GC(127) - age  11:       1704 bytes,    3969728 total
[2020-09-11T11:43:53.757+0000][26480][gc,age       ] GC(127) - age  12:       2832 bytes,    3972560 total
[2020-09-11T11:43:53.757+0000][26480][gc,age       ] GC(127) - age  13:        464 bytes,    3973024 total
[2020-09-11T11:43:53.757+0000][26480][gc,age       ] GC(127) - age  14:        936 bytes,    3973960 total
[2020-09-11T11:43:53.757+0000][26480][gc,age       ] GC(127) - age  15:        424 bytes,    3974384 total
[2020-09-11T11:43:53.757+0000][26480][gc,phases    ] GC(127)   Pre Evacuate Collection Set: 0.9ms
[2020-09-11T11:43:53.757+0000][26480][gc,phases    ] GC(127)   Merge Heap Roots: 0.1ms
[2020-09-11T11:43:53.757+0000][26480][gc,phases    ] GC(127)   Evacuate Collection Set: 2.6ms
[2020-09-11T11:43:53.757+0000][26480][gc,phases    ] GC(127)   Post Evacuate Collection Set: 0.9ms
[2020-09-11T11:43:53.757+0000][26480][gc,phases    ] GC(127)   Other: 1.1ms
[2020-09-11T11:43:53.757+0000][26480][gc,heap      ] GC(127) Eden regions: 41->0(499)
[2020-09-11T11:43:53.757+0000][26480][gc,heap      ] GC(127) Survivor regions: 4->5(63)
[2020-09-11T11:43:53.757+0000][26480][gc,heap      ] GC(127) Old regions: 75->75
[2020-09-11T11:43:53.757+0000][26480][gc,heap      ] GC(127) Archive regions: 0->0
[2020-09-11T11:43:53.757+0000][26480][gc,heap      ] GC(127) Humongous regions: 274->174
[2020-09-11T11:43:53.757+0000][26480][gc,metaspace ] GC(127) Metaspace: 85210K(91288K)->85210K(91288K) NonClass: 74096K(77720K)->74096K(77720K) Class: 11114K(13568K)->11114K(13568K)
[2020-09-11T11:43:53.757+0000][26480][gc           ] GC(127) Pause Young (Concurrent Start) (G1 Humongous Allocation) 393M->252M(1024M) 6.007ms
[2020-09-11T11:43:53.757+0000][26480][gc,cpu       ] GC(127) User=0.00s Sys=0.00s Real=0.01s
[2020-09-11T11:43:53.758+0000][26480][gc           ] GC(128) Concurrent Cycle
[2020-09-11T11:43:53.758+0000][26480][safepoint    ] Safepoint "G1TryInitiateConcMark", Time since last: 154066100 ns, Reaching safepoint: 181000 ns, At safepoint: 6203500 ns, Total: 6384500 ns
[2020-09-11T11:43:53.758+0000][26480][gc,marking   ] GC(128) Concurrent Clear Claimed Marks
[2020-09-11T11:43:53.758+0000][26480][gc,marking   ] GC(128) Concurrent Clear Claimed Marks 0.625ms
[2020-09-11T11:43:53.758+0000][26480][gc,marking   ] GC(128) Concurrent Scan Root Regions
[2020-09-11T11:43:53.761+0000][26480][gc,marking   ] GC(128) Concurrent Scan Root Regions 2.800ms
[2020-09-11T11:43:53.761+0000][26480][gc,marking   ] GC(128) Concurrent Mark (7038.896s)
[2020-09-11T11:43:53.761+0000][26480][gc,marking   ] GC(128) Concurrent Mark From Roots
[2020-09-11T11:43:53.761+0000][26480][gc,task      ] GC(128) Using 2 workers of 2 for marking
[2020-09-11T11:43:53.907+0000][26480][gc,marking   ] GC(128) Concurrent Mark From Roots 145.375ms
[2020-09-11T11:43:53.907+0000][26480][gc,marking   ] GC(128) Concurrent Preclean
[2020-09-11T11:43:53.907+0000][26480][gc,marking   ] GC(128) Concurrent Preclean 0.557ms
[2020-09-11T11:43:53.907+0000][26480][gc,marking   ] GC(128) Concurrent Mark (7038.896s, 7039.042s) 146.105ms
[2020-09-11T11:43:53.908+0000][26480][gc,start     ] GC(128) Pause Remark
[2020-09-11T11:43:53.913+0000][26480][gc           ] GC(128) Pause Remark 313M->313M(1024M) 5.173ms
[2020-09-11T11:43:53.913+0000][26480][gc,cpu       ] GC(128) User=0.00s Sys=0.00s Real=0.01s
[2020-09-11T11:43:53.913+0000][26480][safepoint    ] Safepoint "G1Concurrent", Time since last: 149934400 ns, Reaching safepoint: 136800 ns, At safepoint: 5421400 ns, Total: 5558200 ns
[2020-09-11T11:43:53.913+0000][26480][gc,marking   ] GC(128) Concurrent Rebuild Remembered Sets
[2020-09-11T11:43:53.995+0000][26480][gc,marking   ] GC(128) Concurrent Rebuild Remembered Sets 81.867ms
[2020-09-11T11:43:53.995+0000][26480][gc,start     ] GC(128) Pause Cleanup
[2020-09-11T11:43:53.996+0000][26480][gc           ] GC(128) Pause Cleanup 383M->383M(1024M) 0.275ms
[2020-09-11T11:43:53.996+0000][26480][gc,cpu       ] GC(128) User=0.00s Sys=0.00s Real=0.00s
[2020-09-11T11:43:53.996+0000][26480][safepoint    ] Safepoint "G1Concurrent", Time since last: 82047300 ns, Reaching safepoint: 140100 ns, At safepoint: 478000 ns, Total: 618100 ns
[2020-09-11T11:43:53.996+0000][26480][gc,marking   ] GC(128) Concurrent Cleanup for Next Mark
[2020-09-11T11:43:53.997+0000][26480][gc,marking   ] GC(128) Concurrent Cleanup for Next Mark 1.436ms
[2020-09-11T11:43:53.997+0000][26480][gc           ] GC(128) Concurrent Cycle 239.743ms
[2020-09-11T11:43:54.141+0000][26480][gc,start     ] GC(129) Pause Young (Concurrent Start) (G1 Humongous Allocation)
[2020-09-11T11:43:54.141+0000][26480][gc,task      ] GC(129) Using 8 workers of 8 for evacuation
[2020-09-11T11:43:54.141+0000][26480][gc,age       ] GC(129) Desired survivor size 33030144 bytes, new threshold 15 (max threshold 15)
[2020-09-11T11:43:54.144+0000][26480][gc,age       ] GC(129) Age table with threshold 15 (max threshold 15)
[2020-09-11T11:43:54.145+0000][26480][gc,age       ] GC(129) - age   1:    2851544 bytes,    2851544 total
[2020-09-11T11:43:54.145+0000][26480][gc,age       ] GC(129) - age   2:     208856 bytes,    3060400 total
[2020-09-11T11:43:54.145+0000][26480][gc,age       ] GC(129) - age   3:     205736 bytes,    3266136 total
[2020-09-11T11:43:54.145+0000][26480][gc,age       ] GC(129) - age   4:     100216 bytes,    3366352 total
[2020-09-11T11:43:54.145+0000][26480][gc,age       ] GC(129) - age   5:       3720 bytes,    3370072 total
[2020-09-11T11:43:54.145+0000][26480][gc,age       ] GC(129) - age   6:       3152 bytes,    3373224 total
[2020-09-11T11:43:54.145+0000][26480][gc,age       ] GC(129) - age   7:     803440 bytes,    4176664 total
[2020-09-11T11:43:54.145+0000][26480][gc,age       ] GC(129) - age   8:        576 bytes,    4177240 total
[2020-09-11T11:43:54.145+0000][26480][gc,age       ] GC(129) - age   9:        424 bytes,    4177664 total
[2020-09-11T11:43:54.145+0000][26480][gc,age       ] GC(129) - age  10:       1040 bytes,    4178704 total
[2020-09-11T11:43:54.145+0000][26480][gc,age       ] GC(129) - age  11:        832 bytes,    4179536 total
[2020-09-11T11:43:54.145+0000][26480][gc,age       ] GC(129) - age  12:       1544 bytes,    4181080 total
[2020-09-11T11:43:54.145+0000][26480][gc,age       ] GC(129) - age  13:       2736 bytes,    4183816 total
[2020-09-11T11:43:54.145+0000][26480][gc,age       ] GC(129) - age  14:        464 bytes,    4184280 total
[2020-09-11T11:43:54.145+0000][26480][gc,age       ] GC(129) - age  15:        904 bytes,    4185184 total
[2020-09-11T11:43:54.145+0000][26480][gc,phases    ] GC(129)   Pre Evacuate Collection Set: 0.4ms
[2020-09-11T11:43:54.145+0000][26480][gc,phases    ] GC(129)   Merge Heap Roots: 0.1ms
[2020-09-11T11:43:54.145+0000][26480][gc,phases    ] GC(129)   Evacuate Collection Set: 2.5ms
[2020-09-11T11:43:54.145+0000][26480][gc,phases    ] GC(129)   Post Evacuate Collection Set: 0.6ms
[2020-09-11T11:43:54.145+0000][26480][gc,phases    ] GC(129)   Other: 0.8ms
[2020-09-11T11:43:54.145+0000][26480][gc,heap      ] GC(129) Eden regions: 42->0(500)
[2020-09-11T11:43:54.145+0000][26480][gc,heap      ] GC(129) Survivor regions: 5->5(63)
[2020-09-11T11:43:54.145+0000][26480][gc,heap      ] GC(129) Old regions: 75->75
[2020-09-11T11:43:54.145+0000][26480][gc,heap      ] GC(129) Archive regions: 0->0
[2020-09-11T11:43:54.145+0000][26480][gc,heap      ] GC(129) Humongous regions: 274->174
[2020-09-11T11:43:54.145+0000][26480][gc,metaspace ] GC(129) Metaspace: 85241K(91288K)->85241K(91288K) NonClass: 74127K(77720K)->74127K(77720K) Class: 11114K(13568K)->11114K(13568K)
[2020-09-11T11:43:54.145+0000][26480][gc           ] GC(129) Pause Young (Concurrent Start) (G1 Humongous Allocation) 393M->253M(1024M) 4.663ms
[2020-09-11T11:43:54.145+0000][26480][gc,cpu       ] GC(129) User=0.00s Sys=0.00s Real=0.00s
[2020-09-11T11:43:54.145+0000][26480][gc           ] GC(130) Concurrent Cycle
[2020-09-11T11:43:54.145+0000][26480][safepoint    ] Safepoint "G1TryInitiateConcMark", Time since last: 144657000 ns, Reaching safepoint: 151700 ns, At safepoint: 4851800 ns, Total: 5003500 ns
[2020-09-11T11:43:54.145+0000][26480][gc,marking   ] GC(130) Concurrent Clear Claimed Marks
[2020-09-11T11:43:54.146+0000][26480][gc,marking   ] GC(130) Concurrent Clear Claimed Marks 0.495ms
[2020-09-11T11:43:54.146+0000][26480][gc,marking   ] GC(130) Concurrent Scan Root Regions
[2020-09-11T11:43:54.148+0000][26480][gc,marking   ] GC(130) Concurrent Scan Root Regions 2.545ms
[2020-09-11T11:43:54.149+0000][26480][gc,marking   ] GC(130) Concurrent Mark (7039.283s)
[2020-09-11T11:43:54.149+0000][26480][gc,marking   ] GC(130) Concurrent Mark From Roots
[2020-09-11T11:43:54.149+0000][26480][gc,task      ] GC(130) Using 2 workers of 2 for marking
[2020-09-11T11:43:54.267+0000][26480][gc,marking   ] GC(130) Concurrent Mark From Roots 118.156ms
[2020-09-11T11:43:54.267+0000][26480][gc,marking   ] GC(130) Concurrent Preclean
[2020-09-11T11:43:54.268+0000][26480][gc,marking   ] GC(130) Concurrent Preclean 0.651ms
[2020-09-11T11:43:54.268+0000][26480][gc,marking   ] GC(130) Concurrent Mark (7039.283s, 7039.402s) 118.989ms
[2020-09-11T11:43:54.268+0000][26480][gc,start     ] GC(130) Pause Remark
[2020-09-11T11:43:54.273+0000][26480][gc           ] GC(130) Pause Remark 314M->314M(1024M) 4.911ms
[2020-09-11T11:43:54.273+0000][26480][gc,cpu       ] GC(130) User=0.00s Sys=0.00s Real=0.01s
[2020-09-11T11:43:54.273+0000][26480][safepoint    ] Safepoint "G1Concurrent", Time since last: 122357200 ns, Reaching safepoint: 141500 ns, At safepoint: 5148300 ns, Total: 5289800 ns
[2020-09-11T11:43:54.273+0000][26480][gc,marking   ] GC(130) Concurrent Rebuild Remembered Sets
[2020-09-11T11:43:54.360+0000][26480][gc,marking   ] GC(130) Concurrent Rebuild Remembered Sets 86.616ms
[2020-09-11T11:43:54.360+0000][26480][gc,start     ] GC(130) Pause Cleanup
[2020-09-11T11:43:54.360+0000][26480][gc           ] GC(130) Pause Cleanup 324M->324M(1024M) 0.284ms
[2020-09-11T11:43:54.360+0000][26480][gc,cpu       ] GC(130) User=0.00s Sys=0.00s Real=0.00s
[2020-09-11T11:43:54.360+0000][26480][safepoint    ] Safepoint "G1Concurrent", Time since last: 86798900 ns, Reaching safepoint: 147000 ns, At safepoint: 423900 ns, Total: 570900 ns
[2020-09-11T11:43:54.360+0000][26480][gc,marking   ] GC(130) Concurrent Cleanup for Next Mark
[2020-09-11T11:43:54.363+0000][26480][gc,marking   ] GC(130) Concurrent Cleanup for Next Mark 2.586ms
[2020-09-11T11:43:54.363+0000][26480][gc           ] GC(130) Concurrent Cycle 217.840ms
[2020-09-11T11:43:54.364+0000][26480][gc,start     ] GC(131) Pause Young (Concurrent Start) (G1 Humongous Allocation)
[2020-09-11T11:43:54.364+0000][26480][gc,task      ] GC(131) Using 8 workers of 8 for evacuation
[2020-09-11T11:43:54.364+0000][26480][gc,age       ] GC(131) Desired survivor size 33554432 bytes, new threshold 15 (max threshold 15)
[2020-09-11T11:43:54.368+0000][26480][gc,age       ] GC(131) Age table with threshold 15 (max threshold 15)
[2020-09-11T11:43:54.368+0000][26480][gc,age       ] GC(131) - age   1:    2597624 bytes,    2597624 total
[2020-09-11T11:43:54.368+0000][26480][gc,age       ] GC(131) - age   2:     204592 bytes,    2802216 total
[2020-09-11T11:43:54.368+0000][26480][gc,age       ] GC(131) - age   3:     208824 bytes,    3011040 total
[2020-09-11T11:43:54.368+0000][26480][gc,age       ] GC(131) - age   4:     205168 bytes,    3216208 total
[2020-09-11T11:43:54.368+0000][26480][gc,age       ] GC(131) - age   5:     100008 bytes,    3316216 total
[2020-09-11T11:43:54.368+0000][26480][gc,age       ] GC(131) - age   6:       3656 bytes,    3319872 total
[2020-09-11T11:43:54.368+0000][26480][gc,age       ] GC(131) - age   7:       3152 bytes,    3323024 total
[2020-09-11T11:43:54.368+0000][26480][gc,age       ] GC(131) - age   8:     803440 bytes,    4126464 total
[2020-09-11T11:43:54.368+0000][26480][gc,age       ] GC(131) - age   9:        576 bytes,    4127040 total
[2020-09-11T11:43:54.368+0000][26480][gc,age       ] GC(131) - age  10:        424 bytes,    4127464 total
[2020-09-11T11:43:54.368+0000][26480][gc,age       ] GC(131) - age  11:       1040 bytes,    4128504 total
[2020-09-11T11:43:54.368+0000][26480][gc,age       ] GC(131) - age  12:        832 bytes,    4129336 total
[2020-09-11T11:43:54.368+0000][26480][gc,age       ] GC(131) - age  13:       1512 bytes,    4130848 total
[2020-09-11T11:43:54.368+0000][26480][gc,age       ] GC(131) - age  14:       2704 bytes,    4133552 total
[2020-09-11T11:43:54.368+0000][26480][gc,age       ] GC(131) - age  15:        464 bytes,    4134016 total
[2020-09-11T11:43:54.368+0000][26480][gc,phases    ] GC(131)   Pre Evacuate Collection Set: 0.5ms
[2020-09-11T11:43:54.368+0000][26480][gc,phases    ] GC(131)   Merge Heap Roots: 0.1ms
[2020-09-11T11:43:54.368+0000][26480][gc,phases    ] GC(131)   Evacuate Collection Set: 2.6ms
[2020-09-11T11:43:54.368+0000][26480][gc,phases    ] GC(131)   Post Evacuate Collection Set: 0.6ms
[2020-09-11T11:43:54.368+0000][26480][gc,phases    ] GC(131)   Other: 0.8ms
[2020-09-11T11:43:54.368+0000][26480][gc,heap      ] GC(131) Eden regions: 23->0(502)
[2020-09-11T11:43:54.368+0000][26480][gc,heap      ] GC(131) Survivor regions: 5->5(64)
[2020-09-11T11:43:54.368+0000][26480][gc,heap      ] GC(131) Old regions: 75->75
[2020-09-11T11:43:54.368+0000][26480][gc,heap      ] GC(131) Archive regions: 0->0
[2020-09-11T11:43:54.368+0000][26480][gc,heap      ] GC(131) Humongous regions: 240->174
[2020-09-11T11:43:54.368+0000][26480][gc,metaspace ] GC(131) Metaspace: 85252K(91288K)->85252K(91288K) NonClass: 74138K(77720K)->74138K(77720K) Class: 11114K(13568K)->11114K(13568K)
[2020-09-11T11:43:54.368+0000][26480][gc           ] GC(131) Pause Young (Concurrent Start) (G1 Humongous Allocation) 341M->253M(1024M) 4.833ms
[2020-09-11T11:43:54.368+0000][26480][gc,cpu       ] GC(131) User=0.00s Sys=0.00s Real=0.00s
[2020-09-11T11:43:54.368+0000][26480][safepoint    ] Safepoint "G1TryInitiateConcMark", Time since last: 2880900 ns, Reaching safepoint: 232500 ns, At safepoint: 5018300 ns, Total: 5250800 ns
[2020-09-11T11:43:54.368+0000][26480][gc           ] GC(132) Concurrent Cycle
[2020-09-11T11:43:54.369+0000][26480][gc,marking   ] GC(132) Concurrent Clear Claimed Marks
[2020-09-11T11:43:54.369+0000][26480][gc,marking   ] GC(132) Concurrent Clear Claimed Marks 0.396ms
[2020-09-11T11:43:54.369+0000][26480][gc,marking   ] GC(132) Concurrent Scan Root Regions
[2020-09-11T11:43:54.372+0000][26480][gc,marking   ] GC(132) Concurrent Scan Root Regions 2.908ms
[2020-09-11T11:43:54.372+0000][26480][gc,marking   ] GC(132) Concurrent Mark (7039.507s)
[2020-09-11T11:43:54.372+0000][26480][gc,marking   ] GC(132) Concurrent Mark From Roots
[2020-09-11T11:43:54.372+0000][26480][gc,task      ] GC(132) Using 2 workers of 2 for marking
[2020-09-11T11:43:54.501+0000][26480][gc,marking   ] GC(132) Concurrent Mark From Roots 129.364ms
[2020-09-11T11:43:54.502+0000][26480][gc,marking   ] GC(132) Concurrent Preclean
[2020-09-11T11:43:54.502+0000][26480][gc,marking   ] GC(132) Concurrent Preclean 0.637ms
[2020-09-11T11:43:54.502+0000][26480][gc,marking   ] GC(132) Concurrent Mark (7039.507s, 7039.637s) 130.175ms
[2020-09-11T11:43:54.502+0000][26480][gc,start     ] GC(132) Pause Remark
[2020-09-11T11:43:54.507+0000][26480][gc           ] GC(132) Pause Remark 296M->296M(1024M) 4.868ms
[2020-09-11T11:43:54.507+0000][26480][gc,cpu       ] GC(132) User=0.00s Sys=0.00s Real=0.00s
[2020-09-11T11:43:54.508+0000][26480][safepoint    ] Safepoint "G1Concurrent", Time since last: 133787900 ns, Reaching safepoint: 141900 ns, At safepoint: 5108400 ns, Total: 5250300 ns
[2020-09-11T11:43:54.508+0000][26480][gc,marking   ] GC(132) Concurrent Rebuild Remembered Sets
[2020-09-11T11:43:54.586+0000][26480][gc,marking   ] GC(132) Concurrent Rebuild Remembered Sets 77.930ms
[2020-09-11T11:43:54.586+0000][26480][gc,start     ] GC(132) Pause Cleanup
[2020-09-11T11:43:54.586+0000][26480][gc           ] GC(132) Pause Cleanup 297M->297M(1024M) 0.277ms
[2020-09-11T11:43:54.586+0000][26480][gc,cpu       ] GC(132) User=0.00s Sys=0.00s Real=0.00s
[2020-09-11T11:43:54.586+0000][26480][safepoint    ] Safepoint "G1Concurrent", Time since last: 78144700 ns, Reaching safepoint: 154800 ns, At safepoint: 448700 ns, Total: 603500 ns
[2020-09-11T11:43:54.586+0000][26480][gc,marking   ] GC(132) Concurrent Cleanup for Next Mark
[2020-09-11T11:43:54.588+0000][26480][gc,marking   ] GC(132) Concurrent Cleanup for Next Mark 1.559ms
[2020-09-11T11:43:54.588+0000][26480][gc           ] GC(132) Concurrent Cycle 219.506ms
[2020-09-11T11:43:54.645+0000][26480][gc,start     ] GC(133) Pause Young (Concurrent Start) (G1 Humongous Allocation)
[2020-09-11T11:43:54.645+0000][26480][gc,task      ] GC(133) Using 8 workers of 8 for evacuation
[2020-09-11T11:43:54.645+0000][26480][gc,age       ] GC(133) Desired survivor size 33554432 bytes, new threshold 15 (max threshold 15)
[2020-09-11T11:43:54.648+0000][26480][gc,age       ] GC(133) Age table with threshold 15 (max threshold 15)
[2020-09-11T11:43:54.648+0000][26480][gc,age       ] GC(133) - age   1:    2147664 bytes,    2147664 total
[2020-09-11T11:43:54.648+0000][26480][gc,age       ] GC(133) - age   2:       2736 bytes,    2150400 total
[2020-09-11T11:43:54.648+0000][26480][gc,age       ] GC(133) - age   3:     203720 bytes,    2354120 total
[2020-09-11T11:43:54.648+0000][26480][gc,age       ] GC(133) - age   4:     208792 bytes,    2562912 total
[2020-09-11T11:43:54.648+0000][26480][gc,age       ] GC(133) - age   5:     204984 bytes,    2767896 total
[2020-09-11T11:43:54.648+0000][26480][gc,age       ] GC(133) - age   6:      99824 bytes,    2867720 total
[2020-09-11T11:43:54.648+0000][26480][gc,age       ] GC(133) - age   7:       3624 bytes,    2871344 total
[2020-09-11T11:43:54.648+0000][26480][gc,age       ] GC(133) - age   8:       3152 bytes,    2874496 total
[2020-09-11T11:43:54.648+0000][26480][gc,age       ] GC(133) - age   9:     803440 bytes,    3677936 total
[2020-09-11T11:43:54.648+0000][26480][gc,age       ] GC(133) - age  10:        576 bytes,    3678512 total
[2020-09-11T11:43:54.648+0000][26480][gc,age       ] GC(133) - age  11:        424 bytes,    3678936 total
[2020-09-11T11:43:54.648+0000][26480][gc,age       ] GC(133) - age  12:       1040 bytes,    3679976 total
[2020-09-11T11:43:54.649+0000][26480][gc,age       ] GC(133) - age  13:        832 bytes,    3680808 total
[2020-09-11T11:43:54.649+0000][26480][gc,age       ] GC(133) - age  14:       1512 bytes,    3682320 total
[2020-09-11T11:43:54.649+0000][26480][gc,age       ] GC(133) - age  15:       2704 bytes,    3685024 total
[2020-09-11T11:43:54.649+0000][26480][gc,phases    ] GC(133)   Pre Evacuate Collection Set: 0.3ms
[2020-09-11T11:43:54.649+0000][26480][gc,phases    ] GC(133)   Merge Heap Roots: 0.1ms
[2020-09-11T11:43:54.649+0000][26480][gc,phases    ] GC(133)   Evacuate Collection Set: 2.3ms
[2020-09-11T11:43:54.649+0000][26480][gc,phases    ] GC(133)   Post Evacuate Collection Set: 0.5ms
[2020-09-11T11:43:54.649+0000][26480][gc,phases    ] GC(133)   Other: 0.7ms
[2020-09-11T11:43:54.649+0000][26480][gc,heap      ] GC(133) Eden regions: 22->0(504)
[2020-09-11T11:43:54.649+0000][26480][gc,heap      ] GC(133) Survivor regions: 5->4(64)
[2020-09-11T11:43:54.649+0000][26480][gc,heap      ] GC(133) Old regions: 75->75
[2020-09-11T11:43:54.649+0000][26480][gc,heap      ] GC(133) Archive regions: 0->0
[2020-09-11T11:43:54.649+0000][26480][gc,heap      ] GC(133) Humongous regions: 232->174
[2020-09-11T11:43:54.649+0000][26480][gc,metaspace ] GC(133) Metaspace: 85257K(91288K)->85257K(91288K) NonClass: 74143K(77720K)->74143K(77720K) Class: 11114K(13568K)->11114K(13568K)
[2020-09-11T11:43:54.649+0000][26480][gc           ] GC(133) Pause Young (Concurrent Start) (G1 Humongous Allocation) 332M->252M(1024M) 4.176ms
[2020-09-11T11:43:54.649+0000][26480][gc,cpu       ] GC(133) User=0.00s Sys=0.00s Real=0.00s
[2020-09-11T11:43:54.649+0000][26480][safepoint    ] Safepoint "G1TryInitiateConcMark", Time since last: 58197900 ns, Reaching safepoint: 222200 ns, At safepoint: 4322500 ns, Total: 4544700 ns
[2020-09-11T11:43:54.649+0000][26480][gc           ] GC(134) Concurrent Cycle
[2020-09-11T11:43:54.649+0000][26480][gc,marking   ] GC(134) Concurrent Clear Claimed Marks
[2020-09-11T11:43:54.650+0000][26480][gc,marking   ] GC(134) Concurrent Clear Claimed Marks 0.572ms
[2020-09-11T11:43:54.650+0000][26480][gc,marking   ] GC(134) Concurrent Scan Root Regions
[2020-09-11T11:43:54.652+0000][26480][gc,marking   ] GC(134) Concurrent Scan Root Regions 2.584ms
[2020-09-11T11:43:54.652+0000][26480][gc,marking   ] GC(134) Concurrent Mark (7039.787s)
[2020-09-11T11:43:54.652+0000][26480][gc,marking   ] GC(134) Concurrent Mark From Roots
[2020-09-11T11:43:54.652+0000][26480][gc,task      ] GC(134) Using 2 workers of 2 for marking
[2020-09-11T11:43:54.750+0000][26480][gc,marking   ] GC(134) Concurrent Mark From Roots 97.954ms
[2020-09-11T11:43:54.750+0000][26480][gc,marking   ] GC(134) Concurrent Preclean
[2020-09-11T11:43:54.751+0000][26480][gc,marking   ] GC(134) Concurrent Preclean 0.682ms
[2020-09-11T11:43:54.751+0000][26480][gc,marking   ] GC(134) Concurrent Mark (7039.787s, 7039.886s) 98.769ms
[2020-09-11T11:43:54.751+0000][26480][gc,start     ] GC(134) Pause Remark
[2020-09-11T11:43:54.756+0000][26480][gc           ] GC(134) Pause Remark 288M->288M(1024M) 4.644ms
[2020-09-11T11:43:54.756+0000][26480][gc,cpu       ] GC(134) User=0.00s Sys=0.00s Real=0.01s
[2020-09-11T11:43:54.756+0000][26480][safepoint    ] Safepoint "G1Concurrent", Time since last: 102192900 ns, Reaching safepoint: 154700 ns, At safepoint: 4806200 ns, Total: 4960900 ns
[2020-09-11T11:43:54.756+0000][26480][gc,marking   ] GC(134) Concurrent Rebuild Remembered Sets
[2020-09-11T11:43:54.844+0000][26480][gc,marking   ] GC(134) Concurrent Rebuild Remembered Sets 87.526ms
[2020-09-11T11:43:54.844+0000][26480][gc,start     ] GC(134) Pause Cleanup
[2020-09-11T11:43:54.844+0000][26480][gc           ] GC(134) Pause Cleanup 357M->357M(1024M) 0.297ms
[2020-09-11T11:43:54.844+0000][26480][gc,cpu       ] GC(134) User=0.00s Sys=0.00s Real=0.00s
[2020-09-11T11:43:54.844+0000][26480][safepoint    ] Safepoint "G1Concurrent", Time since last: 87723900 ns, Reaching safepoint: 160400 ns, At safepoint: 470500 ns, Total: 630900 ns
[2020-09-11T11:43:54.845+0000][26480][gc,marking   ] GC(134) Concurrent Cleanup for Next Mark
[2020-09-11T11:43:54.846+0000][26480][gc,marking   ] GC(134) Concurrent Cleanup for Next Mark 1.644ms
[2020-09-11T11:43:54.846+0000][26480][gc           ] GC(134) Concurrent Cycle 197.329ms
[2020-09-11T11:43:55.028+0000][26480][gc,start     ] GC(135) Pause Young (Concurrent Start) (G1 Humongous Allocation)
[2020-09-11T11:43:55.028+0000][26480][gc,task      ] GC(135) Using 8 workers of 8 for evacuation
[2020-09-11T11:43:55.028+0000][26480][gc,age       ] GC(135) Desired survivor size 33554432 bytes, new threshold 15 (max threshold 15)
[2020-09-11T11:43:55.032+0000][26480][gc,age       ] GC(135) Age table with threshold 15 (max threshold 15)
[2020-09-11T11:43:55.032+0000][26480][gc,age       ] GC(135) - age   1:    2846128 bytes,    2846128 total
[2020-09-11T11:43:55.032+0000][26480][gc,age       ] GC(135) - age   2:     201224 bytes,    3047352 total
[2020-09-11T11:43:55.032+0000][26480][gc,age       ] GC(135) - age   3:       1712 bytes,    3049064 total
[2020-09-11T11:43:55.032+0000][26480][gc,age       ] GC(135) - age   4:     202608 bytes,    3251672 total
[2020-09-11T11:43:55.032+0000][26480][gc,age       ] GC(135) - age   5:     208440 bytes,    3460112 total
[2020-09-11T11:43:55.032+0000][26480][gc,age       ] GC(135) - age   6:     204608 bytes,    3664720 total
[2020-09-11T11:43:55.032+0000][26480][gc,age       ] GC(135) - age   7:      99688 bytes,    3764408 total
[2020-09-11T11:43:55.032+0000][26480][gc,age       ] GC(135) - age   8:       3232 bytes,    3767640 total
[2020-09-11T11:43:55.032+0000][26480][gc,age       ] GC(135) - age   9:       3056 bytes,    3770696 total
[2020-09-11T11:43:55.032+0000][26480][gc,age       ] GC(135) - age  10:     803440 bytes,    4574136 total
[2020-09-11T11:43:55.032+0000][26480][gc,age       ] GC(135) - age  11:        576 bytes,    4574712 total
[2020-09-11T11:43:55.032+0000][26480][gc,age       ] GC(135) - age  12:        424 bytes,    4575136 total
[2020-09-11T11:43:55.032+0000][26480][gc,age       ] GC(135) - age  13:       1040 bytes,    4576176 total
[2020-09-11T11:43:55.032+0000][26480][gc,age       ] GC(135) - age  14:        736 bytes,    4576912 total
[2020-09-11T11:43:55.032+0000][26480][gc,age       ] GC(135) - age  15:       1480 bytes,    4578392 total
[2020-09-11T11:43:55.032+0000][26480][gc,phases    ] GC(135)   Pre Evacuate Collection Set: 0.3ms
[2020-09-11T11:43:55.032+0000][26480][gc,phases    ] GC(135)   Merge Heap Roots: 0.1ms
[2020-09-11T11:43:55.032+0000][26480][gc,phases    ] GC(135)   Evacuate Collection Set: 2.5ms
[2020-09-11T11:43:55.032+0000][26480][gc,phases    ] GC(135)   Post Evacuate Collection Set: 0.6ms
[2020-09-11T11:43:55.032+0000][26480][gc,phases    ] GC(135)   Other: 0.7ms
[2020-09-11T11:43:55.032+0000][26480][gc,heap      ] GC(135) Eden regions: 40->0(504)
[2020-09-11T11:43:55.032+0000][26480][gc,heap      ] GC(135) Survivor regions: 4->5(64)
[2020-09-11T11:43:55.032+0000][26480][gc,heap      ] GC(135) Old regions: 75->75
[2020-09-11T11:43:55.032+0000][26480][gc,heap      ] GC(135) Archive regions: 0->0
[2020-09-11T11:43:55.032+0000][26480][gc,heap      ] GC(135) Humongous regions: 250->174
[2020-09-11T11:43:55.033+0000][26480][gc,metaspace ] GC(135) Metaspace: 85275K(91288K)->85275K(91288K) NonClass: 74161K(77720K)->74161K(77720K) Class: 11114K(13568K)->11114K(13568K)
[2020-09-11T11:43:55.033+0000][26480][gc           ] GC(135) Pause Young (Concurrent Start) (G1 Humongous Allocation) 367M->253M(1024M) 4.511ms
[2020-09-11T11:43:55.033+0000][26480][gc,cpu       ] GC(135) User=0.00s Sys=0.00s Real=0.00s
[2020-09-11T11:43:55.033+0000][26480][gc           ] GC(136) Concurrent Cycle
[2020-09-11T11:43:55.033+0000][26480][safepoint    ] Safepoint "G1TryInitiateConcMark", Time since last: 183348200 ns, Reaching safepoint: 176200 ns, At safepoint: 4670600 ns, Total: 4846800 ns
[2020-09-11T11:43:55.033+0000][26480][gc,marking   ] GC(136) Concurrent Clear Claimed Marks
[2020-09-11T11:43:55.033+0000][26480][gc,marking   ] GC(136) Concurrent Clear Claimed Marks 0.430ms
[2020-09-11T11:43:55.033+0000][26480][gc,marking   ] GC(136) Concurrent Scan Root Regions
[2020-09-11T11:43:55.036+0000][26480][gc,marking   ] GC(136) Concurrent Scan Root Regions 3.273ms
[2020-09-11T11:43:55.037+0000][26480][gc,marking   ] GC(136) Concurrent Mark (7040.171s)
[2020-09-11T11:43:55.037+0000][26480][gc,marking   ] GC(136) Concurrent Mark From Roots
[2020-09-11T11:43:55.037+0000][26480][gc,task      ] GC(136) Using 2 workers of 2 for marking
[2020-09-11T11:43:55.152+0000][26480][gc,marking   ] GC(136) Concurrent Mark From Roots 115.787ms
[2020-09-11T11:43:55.152+0000][26480][gc,marking   ] GC(136) Concurrent Preclean
[2020-09-11T11:43:55.153+0000][26480][gc,marking   ] GC(136) Concurrent Preclean 0.584ms
[2020-09-11T11:43:55.153+0000][26480][gc,marking   ] GC(136) Concurrent Mark (7040.171s, 7040.288s) 116.528ms
[2020-09-11T11:43:55.153+0000][26480][gc,start     ] GC(136) Pause Remark
[2020-09-11T11:43:55.158+0000][26480][gc           ] GC(136) Pause Remark 314M->314M(1024M) 4.308ms
[2020-09-11T11:43:55.158+0000][26480][gc,cpu       ] GC(136) User=0.00s Sys=0.00s Real=0.00s
[2020-09-11T11:43:55.158+0000][26480][safepoint    ] Safepoint "G1Concurrent", Time since last: 120484000 ns, Reaching safepoint: 150700 ns, At safepoint: 4500700 ns, Total: 4651400 ns
[2020-09-11T11:43:55.158+0000][26480][gc,marking   ] GC(136) Concurrent Rebuild Remembered Sets
[2020-09-11T11:43:55.237+0000][26480][gc,marking   ] GC(136) Concurrent Rebuild Remembered Sets 79.204ms
[2020-09-11T11:43:55.237+0000][26480][gc,start     ] GC(136) Pause Cleanup
[2020-09-11T11:43:55.238+0000][26480][gc           ] GC(136) Pause Cleanup 383M->383M(1024M) 0.364ms
[2020-09-11T11:43:55.238+0000][26480][gc,cpu       ] GC(136) User=0.00s Sys=0.00s Real=0.00s
[2020-09-11T11:43:55.238+0000][26480][safepoint    ] Safepoint "G1Concurrent", Time since last: 79385400 ns, Reaching safepoint: 125000 ns, At safepoint: 541700 ns, Total: 666700 ns
[2020-09-11T11:43:55.238+0000][26480][gc,marking   ] GC(136) Concurrent Cleanup for Next Mark
[2020-09-11T11:43:55.240+0000][26480][gc,marking   ] GC(136) Concurrent Cleanup for Next Mark 1.613ms
[2020-09-11T11:43:55.240+0000][26480][gc           ] GC(136) Concurrent Cycle 206.962ms
[2020-09-11T11:43:55.362+0000][26480][gc,start     ] GC(137) Pause Young (Concurrent Start) (G1 Humongous Allocation)
[2020-09-11T11:43:55.362+0000][26480][gc,task      ] GC(137) Using 8 workers of 8 for evacuation
[2020-09-11T11:43:55.362+0000][26480][gc,age       ] GC(137) Desired survivor size 33554432 bytes, new threshold 15 (max threshold 15)
[2020-09-11T11:43:55.366+0000][26480][gc,age       ] GC(137) Age table with threshold 15 (max threshold 15)
[2020-09-11T11:43:55.366+0000][26480][gc,age       ] GC(137) - age   1:    2851128 bytes,    2851128 total
[2020-09-11T11:43:55.366+0000][26480][gc,age       ] GC(137) - age   2:     210504 bytes,    3061632 total
[2020-09-11T11:43:55.366+0000][26480][gc,age       ] GC(137) - age   3:     201224 bytes,    3262856 total
[2020-09-11T11:43:55.366+0000][26480][gc,age       ] GC(137) - age   4:       1144 bytes,    3264000 total
[2020-09-11T11:43:55.366+0000][26480][gc,age       ] GC(137) - age   5:     202328 bytes,    3466328 total
[2020-09-11T11:43:55.366+0000][26480][gc,age       ] GC(137) - age   6:     207936 bytes,    3674264 total
[2020-09-11T11:43:55.366+0000][26480][gc,age       ] GC(137) - age   7:     204576 bytes,    3878840 total
[2020-09-11T11:43:55.366+0000][26480][gc,age       ] GC(137) - age   8:      97296 bytes,    3976136 total
[2020-09-11T11:43:55.366+0000][26480][gc,age       ] GC(137) - age   9:       3232 bytes,    3979368 total
[2020-09-11T11:43:55.366+0000][26480][gc,age       ] GC(137) - age  10:       3056 bytes,    3982424 total
[2020-09-11T11:43:55.366+0000][26480][gc,age       ] GC(137) - age  11:     803440 bytes,    4785864 total
[2020-09-11T11:43:55.366+0000][26480][gc,age       ] GC(137) - age  12:        512 bytes,    4786376 total
[2020-09-11T11:43:55.366+0000][26480][gc,age       ] GC(137) - age  13:        264 bytes,    4786640 total
[2020-09-11T11:43:55.366+0000][26480][gc,age       ] GC(137) - age  14:       1040 bytes,    4787680 total
[2020-09-11T11:43:55.366+0000][26480][gc,age       ] GC(137) - age  15:        704 bytes,    4788384 total
[2020-09-11T11:43:55.366+0000][26480][gc,phases    ] GC(137)   Pre Evacuate Collection Set: 0.3ms
[2020-09-11T11:43:55.366+0000][26480][gc,phases    ] GC(137)   Merge Heap Roots: 0.1ms
[2020-09-11T11:43:55.366+0000][26480][gc,phases    ] GC(137)   Evacuate Collection Set: 2.6ms
[2020-09-11T11:43:55.366+0000][26480][gc,phases    ] GC(137)   Post Evacuate Collection Set: 0.6ms
[2020-09-11T11:43:55.366+0000][26480][gc,phases    ] GC(137)   Other: 0.7ms
[2020-09-11T11:43:55.366+0000][26480][gc,heap      ] GC(137) Eden regions: 41->0(504)
[2020-09-11T11:43:55.366+0000][26480][gc,heap      ] GC(137) Survivor regions: 5->5(64)
[2020-09-11T11:43:55.366+0000][26480][gc,heap      ] GC(137) Old regions: 75->75
[2020-09-11T11:43:55.366+0000][26480][gc,heap      ] GC(137) Archive regions: 0->0
[2020-09-11T11:43:55.366+0000][26480][gc,heap      ] GC(137) Humongous regions: 274->174
[2020-09-11T11:43:55.366+0000][26480][gc,metaspace ] GC(137) Metaspace: 85294K(91288K)->85294K(91288K) NonClass: 74180K(77720K)->74180K(77720K) Class: 11114K(13568K)->11114K(13568K)
[2020-09-11T11:43:55.366+0000][26480][gc           ] GC(137) Pause Young (Concurrent Start) (G1 Humongous Allocation) 393M->253M(1024M) 4.585ms
[2020-09-11T11:43:55.366+0000][26480][gc,cpu       ] GC(137) User=0.00s Sys=0.00s Real=0.00s
[2020-09-11T11:43:55.367+0000][26480][gc           ] GC(138) Concurrent Cycle
[2020-09-11T11:43:55.367+0000][26480][safepoint    ] Safepoint "G1TryInitiateConcMark", Time since last: 123747600 ns, Reaching safepoint: 156800 ns, At safepoint: 4800200 ns, Total: 4957000 ns
[2020-09-11T11:43:55.367+0000][26480][gc,marking   ] GC(138) Concurrent Clear Claimed Marks
[2020-09-11T11:43:55.367+0000][26480][gc,marking   ] GC(138) Concurrent Clear Claimed Marks 0.601ms
[2020-09-11T11:43:55.367+0000][26480][gc,marking   ] GC(138) Concurrent Scan Root Regions
[2020-09-11T11:43:55.372+0000][26480][gc,marking   ] GC(138) Concurrent Scan Root Regions 4.799ms
[2020-09-11T11:43:55.372+0000][26480][gc,marking   ] GC(138) Concurrent Mark (7040.507s)
[2020-09-11T11:43:55.372+0000][26480][gc,marking   ] GC(138) Concurrent Mark From Roots
[2020-09-11T11:43:55.372+0000][26480][gc,task      ] GC(138) Using 2 workers of 2 for marking
[2020-09-11T11:43:55.481+0000][26480][gc,marking   ] GC(138) Concurrent Mark From Roots 108.782ms
[2020-09-11T11:43:55.481+0000][26480][gc,marking   ] GC(138) Concurrent Preclean
[2020-09-11T11:43:55.482+0000][26480][gc,marking   ] GC(138) Concurrent Preclean 0.486ms
[2020-09-11T11:43:55.482+0000][26480][gc,marking   ] GC(138) Concurrent Mark (7040.507s, 7040.616s) 109.399ms
[2020-09-11T11:43:55.482+0000][26480][gc,start     ] GC(138) Pause Remark
[2020-09-11T11:43:55.486+0000][26480][gc           ] GC(138) Pause Remark 313M->313M(1024M) 4.160ms
[2020-09-11T11:43:55.486+0000][26480][gc,cpu       ] GC(138) User=0.00s Sys=0.00s Real=0.00s
[2020-09-11T11:43:55.486+0000][26480][safepoint    ] Safepoint "G1Concurrent", Time since last: 115096700 ns, Reaching safepoint: 160600 ns, At safepoint: 4385000 ns, Total: 4545600 ns
[2020-09-11T11:43:55.486+0000][26480][gc,marking   ] GC(138) Concurrent Rebuild Remembered Sets
[2020-09-11T11:43:55.564+0000][26480][gc,marking   ] GC(138) Concurrent Rebuild Remembered Sets 78.149ms
[2020-09-11T11:43:55.565+0000][26480][gc,start     ] GC(138) Pause Cleanup
[2020-09-11T11:43:55.565+0000][26480][gc           ] GC(138) Pause Cleanup 384M->384M(1024M) 0.292ms
[2020-09-11T11:43:55.565+0000][26480][gc,cpu       ] GC(138) User=0.00s Sys=0.00s Real=0.00s
[2020-09-11T11:43:55.565+0000][26480][safepoint    ] Safepoint "G1Concurrent", Time since last: 78314900 ns, Reaching safepoint: 124200 ns, At safepoint: 459900 ns, Total: 584100 ns
[2020-09-11T11:43:55.565+0000][26480][gc,marking   ] GC(138) Concurrent Cleanup for Next Mark
[2020-09-11T11:43:55.567+0000][26480][gc,marking   ] GC(138) Concurrent Cleanup for Next Mark 1.486ms
[2020-09-11T11:43:55.567+0000][26480][gc           ] GC(138) Concurrent Cycle 200.212ms
[2020-09-11T11:43:55.707+0000][26480][gc,start     ] GC(139) Pause Young (Concurrent Start) (G1 Humongous Allocation)
[2020-09-11T11:43:55.708+0000][26480][gc,task      ] GC(139) Using 8 workers of 8 for evacuation
[2020-09-11T11:43:55.708+0000][26480][gc,age       ] GC(139) Desired survivor size 33554432 bytes, new threshold 15 (max threshold 15)
[2020-09-11T11:43:55.711+0000][26480][gc,age       ] GC(139) Age table with threshold 15 (max threshold 15)
[2020-09-11T11:43:55.711+0000][26480][gc,age       ] GC(139) - age   1:    2860248 bytes,    2860248 total
[2020-09-11T11:43:55.711+0000][26480][gc,age       ] GC(139) - age   2:     203336 bytes,    3063584 total
[2020-09-11T11:43:55.711+0000][26480][gc,age       ] GC(139) - age   3:     210472 bytes,    3274056 total
[2020-09-11T11:43:55.711+0000][26480][gc,age       ] GC(139) - age   4:     201224 bytes,    3475280 total
[2020-09-11T11:43:55.711+0000][26480][gc,age       ] GC(139) - age   5:        992 bytes,    3476272 total
[2020-09-11T11:43:55.711+0000][26480][gc,age       ] GC(139) - age   6:     201952 bytes,    3678224 total
[2020-09-11T11:43:55.711+0000][26480][gc,age       ] GC(139) - age   7:     207904 bytes,    3886128 total
[2020-09-11T11:43:55.711+0000][26480][gc,age       ] GC(139) - age   8:     204576 bytes,    4090704 total
[2020-09-11T11:43:55.711+0000][26480][gc,age       ] GC(139) - age   9:      97296 bytes,    4188000 total
[2020-09-11T11:43:55.711+0000][26480][gc,age       ] GC(139) - age  10:       3232 bytes,    4191232 total
[2020-09-11T11:43:55.712+0000][26480][gc,age       ] GC(139) - age  11:       3056 bytes,    4194288 total
[2020-09-11T11:43:55.712+0000][26480][gc,age       ] GC(139) - age  12:     803440 bytes,    4997728 total
[2020-09-11T11:43:55.712+0000][26480][gc,age       ] GC(139) - age  13:        416 bytes,    4998144 total
[2020-09-11T11:43:55.712+0000][26480][gc,age       ] GC(139) - age  14:        232 bytes,    4998376 total
[2020-09-11T11:43:55.712+0000][26480][gc,age       ] GC(139) - age  15:       1040 bytes,    4999416 total
[2020-09-11T11:43:55.712+0000][26480][gc,phases    ] GC(139)   Pre Evacuate Collection Set: 0.4ms
[2020-09-11T11:43:55.712+0000][26480][gc,phases    ] GC(139)   Merge Heap Roots: 0.1ms
[2020-09-11T11:43:55.712+0000][26480][gc,phases    ] GC(139)   Evacuate Collection Set: 2.4ms
[2020-09-11T11:43:55.712+0000][26480][gc,phases    ] GC(139)   Post Evacuate Collection Set: 0.6ms
[2020-09-11T11:43:55.712+0000][26480][gc,phases    ] GC(139)   Other: 0.8ms
[2020-09-11T11:43:55.712+0000][26480][gc,heap      ] GC(139) Eden regions: 41->0(505)
[2020-09-11T11:43:55.712+0000][26480][gc,heap      ] GC(139) Survivor regions: 5->5(64)
[2020-09-11T11:43:55.712+0000][26480][gc,heap      ] GC(139) Old regions: 75->75
[2020-09-11T11:43:55.712+0000][26480][gc,heap      ] GC(139) Archive regions: 0->0
[2020-09-11T11:43:55.712+0000][26480][gc,heap      ] GC(139) Humongous regions: 274->174
[2020-09-11T11:43:55.712+0000][26480][gc,metaspace ] GC(139) Metaspace: 85317K(91544K)->85317K(91544K) NonClass: 74203K(77976K)->74203K(77976K) Class: 11114K(13568K)->11114K(13568K)
[2020-09-11T11:43:55.712+0000][26480][gc           ] GC(139) Pause Young (Concurrent Start) (G1 Humongous Allocation) 394M->253M(1024M) 4.624ms
[2020-09-11T11:43:55.712+0000][26480][gc,cpu       ] GC(139) User=0.00s Sys=0.00s Real=0.00s
[2020-09-11T11:43:55.712+0000][26480][safepoint    ] Safepoint "G1TryInitiateConcMark", Time since last: 142117600 ns, Reaching safepoint: 141400 ns, At safepoint: 4788400 ns, Total: 4929800 ns
[2020-09-11T11:43:55.712+0000][26480][gc           ] GC(140) Concurrent Cycle
[2020-09-11T11:43:55.712+0000][26480][gc,marking   ] GC(140) Concurrent Clear Claimed Marks
[2020-09-11T11:43:55.713+0000][26480][gc,marking   ] GC(140) Concurrent Clear Claimed Marks 0.445ms
[2020-09-11T11:43:55.713+0000][26480][gc,marking   ] GC(140) Concurrent Scan Root Regions
[2020-09-11T11:43:55.715+0000][26480][gc,marking   ] GC(140) Concurrent Scan Root Regions 2.683ms
[2020-09-11T11:43:55.716+0000][26480][gc,marking   ] GC(140) Concurrent Mark (7040.850s)
[2020-09-11T11:43:55.716+0000][26480][gc,marking   ] GC(140) Concurrent Mark From Roots
[2020-09-11T11:43:55.716+0000][26480][gc,task      ] GC(140) Using 2 workers of 2 for marking
[2020-09-11T11:43:55.819+0000][26480][gc,marking   ] GC(140) Concurrent Mark From Roots 103.298ms
[2020-09-11T11:43:55.819+0000][26480][gc,marking   ] GC(140) Concurrent Preclean
[2020-09-11T11:43:55.819+0000][26480][gc,marking   ] GC(140) Concurrent Preclean 0.417ms
[2020-09-11T11:43:55.819+0000][26480][gc,marking   ] GC(140) Concurrent Mark (7040.850s, 7040.954s) 103.848ms
[2020-09-11T11:43:55.820+0000][26480][gc,start     ] GC(140) Pause Remark
[2020-09-11T11:43:55.824+0000][26480][gc           ] GC(140) Pause Remark 314M->314M(1024M) 4.346ms
[2020-09-11T11:43:55.824+0000][26480][gc,cpu       ] GC(140) User=0.11s Sys=0.00s Real=0.00s
[2020-09-11T11:43:55.824+0000][26480][safepoint    ] Safepoint "G1Concurrent", Time since last: 107290300 ns, Reaching safepoint: 136900 ns, At safepoint: 4550700 ns, Total: 4687600 ns
[2020-09-11T11:43:55.824+0000][26480][gc,marking   ] GC(140) Concurrent Rebuild Remembered Sets
[2020-09-11T11:43:55.887+0000][26480][gc,marking   ] GC(140) Concurrent Rebuild Remembered Sets 63.060ms
[2020-09-11T11:43:55.888+0000][26480][gc,start     ] GC(140) Pause Cleanup
[2020-09-11T11:43:55.888+0000][26480][gc           ] GC(140) Pause Cleanup 358M->358M(1024M) 0.275ms
[2020-09-11T11:43:55.888+0000][26480][gc,cpu       ] GC(140) User=0.00s Sys=0.00s Real=0.00s
[2020-09-11T11:43:55.888+0000][26480][safepoint    ] Safepoint "G1Concurrent", Time since last: 63276500 ns, Reaching safepoint: 175100 ns, At safepoint: 438200 ns, Total: 613300 ns
[2020-09-11T11:43:55.888+0000][26480][gc,marking   ] GC(140) Concurrent Cleanup for Next Mark
[2020-09-11T11:43:55.890+0000][26480][gc,marking   ] GC(140) Concurrent Cleanup for Next Mark 2.344ms
[2020-09-11T11:43:55.891+0000][26480][gc           ] GC(140) Concurrent Cycle 178.462ms
[2020-09-11T11:43:55.891+0000][26480][gc,start     ] GC(141) Pause Young (Concurrent Start) (G1 Humongous Allocation)
[2020-09-11T11:43:55.891+0000][26480][gc,task      ] GC(141) Using 8 workers of 8 for evacuation
[2020-09-11T11:43:55.891+0000][26480][gc,age       ] GC(141) Desired survivor size 33554432 bytes, new threshold 15 (max threshold 15)
[2020-09-11T11:43:55.895+0000][26480][gc,age       ] GC(141) Age table with threshold 15 (max threshold 15)
[2020-09-11T11:43:55.895+0000][26480][gc,age       ] GC(141) - age   1:    1638040 bytes,    1638040 total
[2020-09-11T11:43:55.895+0000][26480][gc,age       ] GC(141) - age   2:     203752 bytes,    1841792 total
[2020-09-11T11:43:55.895+0000][26480][gc,age       ] GC(141) - age   3:     203192 bytes,    2044984 total
[2020-09-11T11:43:55.895+0000][26480][gc,age       ] GC(141) - age   4:     210104 bytes,    2255088 total
[2020-09-11T11:43:55.895+0000][26480][gc,age       ] GC(141) - age   5:     201072 bytes,    2456160 total
[2020-09-11T11:43:55.895+0000][26480][gc,age       ] GC(141) - age   6:        768 bytes,    2456928 total
[2020-09-11T11:43:55.895+0000][26480][gc,age       ] GC(141) - age   7:     201920 bytes,    2658848 total
[2020-09-11T11:43:55.895+0000][26480][gc,age       ] GC(141) - age   8:     207904 bytes,    2866752 total
[2020-09-11T11:43:55.895+0000][26480][gc,age       ] GC(141) - age   9:     204576 bytes,    3071328 total
[2020-09-11T11:43:55.895+0000][26480][gc,age       ] GC(141) - age  10:      97296 bytes,    3168624 total
[2020-09-11T11:43:55.895+0000][26480][gc,age       ] GC(141) - age  11:       3072 bytes,    3171696 total
[2020-09-11T11:43:55.895+0000][26480][gc,age       ] GC(141) - age  12:       2960 bytes,    3174656 total
[2020-09-11T11:43:55.895+0000][26480][gc,age       ] GC(141) - age  13:     803440 bytes,    3978096 total
[2020-09-11T11:43:55.895+0000][26480][gc,age       ] GC(141) - age  14:        384 bytes,    3978480 total
[2020-09-11T11:43:55.895+0000][26480][gc,age       ] GC(141) - age  15:        232 bytes,    3978712 total
[2020-09-11T11:43:55.895+0000][26480][gc,phases    ] GC(141)   Pre Evacuate Collection Set: 0.4ms
[2020-09-11T11:43:55.895+0000][26480][gc,phases    ] GC(141)   Merge Heap Roots: 0.1ms
[2020-09-11T11:43:55.895+0000][26480][gc,phases    ] GC(141)   Evacuate Collection Set: 2.5ms
[2020-09-11T11:43:55.895+0000][26480][gc,phases    ] GC(141)   Post Evacuate Collection Set: 0.6ms
[2020-09-11T11:43:55.895+0000][26480][gc,phases    ] GC(141)   Other: 0.7ms
[2020-09-11T11:43:55.895+0000][26480][gc,heap      ] GC(141) Eden regions: 24->0(505)
[2020-09-11T11:43:55.896+0000][26480][gc,heap      ] GC(141) Survivor regions: 5->5(64)
[2020-09-11T11:43:55.896+0000][26480][gc,heap      ] GC(141) Old regions: 75->75
[2020-09-11T11:43:55.896+0000][26480][gc,heap      ] GC(141) Archive regions: 0->0
[2020-09-11T11:43:55.896+0000][26480][gc,heap      ] GC(141) Humongous regions: 269->174
[2020-09-11T11:43:55.896+0000][26480][gc,metaspace ] GC(141) Metaspace: 85322K(91544K)->85322K(91544K) NonClass: 74208K(77976K)->74208K(77976K) Class: 11114K(13568K)->11114K(13568K)
[2020-09-11T11:43:55.896+0000][26480][gc           ] GC(141) Pause Young (Concurrent Start) (G1 Humongous Allocation) 372M->252M(1024M) 4.470ms
[2020-09-11T11:43:55.896+0000][26480][gc,cpu       ] GC(141) User=0.00s Sys=0.00s Real=0.00s
[2020-09-11T11:43:55.896+0000][26480][gc           ] GC(142) Concurrent Cycle
[2020-09-11T11:43:55.896+0000][26480][safepoint    ] Safepoint "G1TryInitiateConcMark", Time since last: 2814700 ns, Reaching safepoint: 228600 ns, At safepoint: 4669000 ns, Total: 4897600 ns
[2020-09-11T11:43:55.896+0000][26480][gc,marking   ] GC(142) Concurrent Clear Claimed Marks
[2020-09-11T11:43:55.896+0000][26480][gc,marking   ] GC(142) Concurrent Clear Claimed Marks 0.419ms
[2020-09-11T11:43:55.896+0000][26480][gc,marking   ] GC(142) Concurrent Scan Root Regions
[2020-09-11T11:43:55.899+0000][26480][gc,marking   ] GC(142) Concurrent Scan Root Regions 2.280ms
[2020-09-11T11:43:55.899+0000][26480][gc,marking   ] GC(142) Concurrent Mark (7041.033s)
[2020-09-11T11:43:55.899+0000][26480][gc,marking   ] GC(142) Concurrent Mark From Roots
[2020-09-11T11:43:55.899+0000][26480][gc,task      ] GC(142) Using 2 workers of 2 for marking
[2020-09-11T11:43:55.996+0000][26480][gc,marking   ] GC(142) Concurrent Mark From Roots 97.521ms
[2020-09-11T11:43:55.996+0000][26480][gc,marking   ] GC(142) Concurrent Preclean
[2020-09-11T11:43:55.997+0000][26480][gc,marking   ] GC(142) Concurrent Preclean 0.548ms
[2020-09-11T11:43:55.997+0000][26480][gc,marking   ] GC(142) Concurrent Mark (7041.033s, 7041.132s) 98.226ms
[2020-09-11T11:43:55.997+0000][26480][gc,start     ] GC(142) Pause Remark
[2020-09-11T11:43:56.002+0000][26480][gc           ] GC(142) Pause Remark 266M->266M(1024M) 5.289ms
[2020-09-11T11:43:56.002+0000][26480][gc,cpu       ] GC(142) User=0.00s Sys=0.00s Real=0.01s
[2020-09-11T11:43:56.003+0000][26480][safepoint    ] Safepoint "G1Concurrent", Time since last: 101139500 ns, Reaching safepoint: 136400 ns, At safepoint: 5548300 ns, Total: 5684700 ns
[2020-09-11T11:43:56.003+0000][26480][gc,marking   ] GC(142) Concurrent Rebuild Remembered Sets
[2020-09-11T11:43:56.078+0000][26480][gc,marking   ] GC(142) Concurrent Rebuild Remembered Sets 75.123ms
[2020-09-11T11:43:56.078+0000][26480][gc,start     ] GC(142) Pause Cleanup
[2020-09-11T11:43:56.078+0000][26480][gc           ] GC(142) Pause Cleanup 335M->335M(1024M) 0.306ms
[2020-09-11T11:43:56.078+0000][26480][gc,cpu       ] GC(142) User=0.00s Sys=0.00s Real=0.00s
[2020-09-11T11:43:56.078+0000][26480][safepoint    ] Safepoint "G1Concurrent", Time since last: 75357200 ns, Reaching safepoint: 129600 ns, At safepoint: 438400 ns, Total: 568000 ns
[2020-09-11T11:43:56.079+0000][26480][gc,marking   ] GC(142) Concurrent Cleanup for Next Mark
[2020-09-11T11:43:56.080+0000][26480][gc,marking   ] GC(142) Concurrent Cleanup for Next Mark 1.569ms
[2020-09-11T11:43:56.080+0000][26480][gc           ] GC(142) Concurrent Cycle 184.501ms
[2020-09-11T11:43:56.274+0000][26480][gc,start     ] GC(143) Pause Young (Concurrent Start) (G1 Humongous Allocation)
[2020-09-11T11:43:56.274+0000][26480][gc,task      ] GC(143) Using 8 workers of 8 for evacuation
[2020-09-11T11:43:56.274+0000][26480][gc,age       ] GC(143) Desired survivor size 33554432 bytes, new threshold 15 (max threshold 15)
[2020-09-11T11:43:56.279+0000][26480][gc,age       ] GC(143) Age table with threshold 15 (max threshold 15)
[2020-09-11T11:43:56.279+0000][26480][gc,age       ] GC(143) - age   1:    3219320 bytes,    3219320 total
[2020-09-11T11:43:56.279+0000][26480][gc,age       ] GC(143) - age   2:       2720 bytes,    3222040 total
[2020-09-11T11:43:56.279+0000][26480][gc,age       ] GC(143) - age   3:     202568 bytes,    3424608 total
[2020-09-11T11:43:56.279+0000][26480][gc,age       ] GC(143) - age   4:     202664 bytes,    3627272 total
[2020-09-11T11:43:56.279+0000][26480][gc,age       ] GC(143) - age   5:     208664 bytes,    3835936 total
[2020-09-11T11:43:56.279+0000][26480][gc,age       ] GC(143) - age   6:     200944 bytes,    4036880 total
[2020-09-11T11:43:56.279+0000][26480][gc,age       ] GC(143) - age   7:        736 bytes,    4037616 total
[2020-09-11T11:43:56.279+0000][26480][gc,age       ] GC(143) - age   8:     201920 bytes,    4239536 total
[2020-09-11T11:43:56.279+0000][26480][gc,age       ] GC(143) - age   9:     207904 bytes,    4447440 total
[2020-09-11T11:43:56.279+0000][26480][gc,age       ] GC(143) - age  10:     204288 bytes,    4651728 total
[2020-09-11T11:43:56.279+0000][26480][gc,age       ] GC(143) - age  11:      94776 bytes,    4746504 total
[2020-09-11T11:43:56.279+0000][26480][gc,age       ] GC(143) - age  12:       2616 bytes,    4749120 total
[2020-09-11T11:43:56.279+0000][26480][gc,age       ] GC(143) - age  13:       2960 bytes,    4752080 total
[2020-09-11T11:43:56.279+0000][26480][gc,age       ] GC(143) - age  14:     803440 bytes,    5555520 total
[2020-09-11T11:43:56.279+0000][26480][gc,age       ] GC(143) - age  15:        384 bytes,    5555904 total
[2020-09-11T11:43:56.279+0000][26480][gc,phases    ] GC(143)   Pre Evacuate Collection Set: 0.4ms
[2020-09-11T11:43:56.279+0000][26480][gc,phases    ] GC(143)   Merge Heap Roots: 0.1ms
[2020-09-11T11:43:56.279+0000][26480][gc,phases    ] GC(143)   Evacuate Collection Set: 3.0ms
[2020-09-11T11:43:56.280+0000][26480][gc,phases    ] GC(143)   Post Evacuate Collection Set: 0.8ms
[2020-09-11T11:43:56.280+0000][26480][gc,phases    ] GC(143)   Other: 1.1ms
[2020-09-11T11:43:56.280+0000][26480][gc,heap      ] GC(143) Eden regions: 39->0(504)
[2020-09-11T11:43:56.280+0000][26480][gc,heap      ] GC(143) Survivor regions: 5->6(64)
[2020-09-11T11:43:56.280+0000][26480][gc,heap      ] GC(143) Old regions: 75->75
[2020-09-11T11:43:56.280+0000][26480][gc,heap      ] GC(143) Archive regions: 0->0
[2020-09-11T11:43:56.280+0000][26480][gc,heap      ] GC(143) Humongous regions: 232->174
[2020-09-11T11:43:56.280+0000][26480][gc,metaspace ] GC(143) Metaspace: 85345K(91544K)->85345K(91544K) NonClass: 74231K(77976K)->74231K(77976K) Class: 11114K(13568K)->11114K(13568K)
[2020-09-11T11:43:56.280+0000][26480][gc           ] GC(143) Pause Young (Concurrent Start) (G1 Humongous Allocation) 349M->254M(1024M) 5.920ms
[2020-09-11T11:43:56.280+0000][26480][gc,cpu       ] GC(143) User=0.11s Sys=0.00s Real=0.01s
[2020-09-11T11:43:56.280+0000][26480][gc           ] GC(144) Concurrent Cycle
[2020-09-11T11:43:56.280+0000][26480][safepoint    ] Safepoint "G1TryInitiateConcMark", Time since last: 195283400 ns, Reaching safepoint: 160500 ns, At safepoint: 6141300 ns, Total: 6301800 ns
[2020-09-11T11:43:56.280+0000][26480][gc,marking   ] GC(144) Concurrent Clear Claimed Marks
[2020-09-11T11:43:56.281+0000][26480][gc,marking   ] GC(144) Concurrent Clear Claimed Marks 0.477ms
[2020-09-11T11:43:56.281+0000][26480][gc,marking   ] GC(144) Concurrent Scan Root Regions
[2020-09-11T11:43:56.284+0000][26480][gc,marking   ] GC(144) Concurrent Scan Root Regions 3.583ms
[2020-09-11T11:43:56.284+0000][26480][gc,marking   ] GC(144) Concurrent Mark (7041.419s)
[2020-09-11T11:43:56.284+0000][26480][gc,marking   ] GC(144) Concurrent Mark From Roots
[2020-09-11T11:43:56.284+0000][26480][gc,task      ] GC(144) Using 2 workers of 2 for marking
[2020-09-11T11:43:56.441+0000][26480][gc,marking   ] GC(144) Concurrent Mark From Roots 156.466ms
[2020-09-11T11:43:56.441+0000][26480][gc,marking   ] GC(144) Concurrent Preclean
[2020-09-11T11:43:56.442+0000][26480][gc,marking   ] GC(144) Concurrent Preclean 0.790ms
[2020-09-11T11:43:56.442+0000][26480][gc,marking   ] GC(144) Concurrent Mark (7041.419s, 7041.577s) 157.472ms
[2020-09-11T11:43:56.442+0000][26480][gc,start     ] GC(144) Pause Remark
[2020-09-11T11:43:56.447+0000][26480][gc           ] GC(144) Pause Remark 311M->311M(1024M) 5.003ms
[2020-09-11T11:43:56.447+0000][26480][gc,cpu       ] GC(144) User=0.00s Sys=0.00s Real=0.01s
[2020-09-11T11:43:56.447+0000][26480][safepoint    ] Safepoint "G1Concurrent", Time since last: 161863700 ns, Reaching safepoint: 156200 ns, At safepoint: 5218500 ns, Total: 5374700 ns
[2020-09-11T11:43:56.447+0000][26480][gc,marking   ] GC(144) Concurrent Rebuild Remembered Sets
[2020-09-11T11:43:56.533+0000][26480][gc,marking   ] GC(144) Concurrent Rebuild Remembered Sets 85.879ms
[2020-09-11T11:43:56.534+0000][26480][gc,start     ] GC(144) Pause Cleanup
[2020-09-11T11:43:56.534+0000][26480][gc           ] GC(144) Pause Cleanup 311M->311M(1024M) 0.309ms
[2020-09-11T11:43:56.534+0000][26480][gc,cpu       ] GC(144) User=0.00s Sys=0.00s Real=0.00s
[2020-09-11T11:43:56.534+0000][26480][safepoint    ] Safepoint "G1Concurrent", Time since last: 86044500 ns, Reaching safepoint: 140500 ns, At safepoint: 490900 ns, Total: 631400 ns
[2020-09-11T11:43:56.534+0000][26480][gc,marking   ] GC(144) Concurrent Cleanup for Next Mark
[2020-09-11T11:43:56.536+0000][26480][gc,marking   ] GC(144) Concurrent Cleanup for Next Mark 1.750ms
[2020-09-11T11:43:56.536+0000][26480][gc           ] GC(144) Concurrent Cycle 255.856ms
[2020-09-11T11:43:56.646+0000][26480][gc,start     ] GC(145) Pause Young (Concurrent Start) (G1 Humongous Allocation)
[2020-09-11T11:43:56.646+0000][26480][gc,task      ] GC(145) Using 8 workers of 8 for evacuation
[2020-09-11T11:43:56.646+0000][26480][gc,age       ] GC(145) Desired survivor size 33554432 bytes, new threshold 15 (max threshold 15)
[2020-09-11T11:43:56.651+0000][26480][gc,age       ] GC(145) Age table with threshold 15 (max threshold 15)
[2020-09-11T11:43:56.651+0000][26480][gc,age       ] GC(145) - age   1:    2555608 bytes,    2555608 total
[2020-09-11T11:43:56.651+0000][26480][gc,age       ] GC(145) - age   2:     210040 bytes,    2765648 total
[2020-09-11T11:43:56.651+0000][26480][gc,age       ] GC(145) - age   3:       2688 bytes,    2768336 total
[2020-09-11T11:43:56.651+0000][26480][gc,age       ] GC(145) - age   4:     202568 bytes,    2970904 total
[2020-09-11T11:43:56.651+0000][26480][gc,age       ] GC(145) - age   5:     202344 bytes,    3173248 total
[2020-09-11T11:43:56.651+0000][26480][gc,age       ] GC(145) - age   6:     208536 bytes,    3381784 total
[2020-09-11T11:43:56.651+0000][26480][gc,age       ] GC(145) - age   7:     200944 bytes,    3582728 total
[2020-09-11T11:43:56.651+0000][26480][gc,age       ] GC(145) - age   8:        736 bytes,    3583464 total
[2020-09-11T11:43:56.651+0000][26480][gc,age       ] GC(145) - age   9:     201920 bytes,    3785384 total
[2020-09-11T11:43:56.651+0000][26480][gc,age       ] GC(145) - age  10:     207904 bytes,    3993288 total
[2020-09-11T11:43:56.651+0000][26480][gc,age       ] GC(145) - age  11:     204224 bytes,    4197512 total
[2020-09-11T11:43:56.651+0000][26480][gc,age       ] GC(145) - age  12:      94736 bytes,    4292248 total
[2020-09-11T11:43:56.651+0000][26480][gc,age       ] GC(145) - age  13:       2256 bytes,    4294504 total
[2020-09-11T11:43:56.651+0000][26480][gc,age       ] GC(145) - age  14:       2960 bytes,    4297464 total
[2020-09-11T11:43:56.651+0000][26480][gc,age       ] GC(145) - age  15:     803440 bytes,    5100904 total
[2020-09-11T11:43:56.651+0000][26480][gc,phases    ] GC(145)   Pre Evacuate Collection Set: 0.5ms
[2020-09-11T11:43:56.651+0000][26480][gc,phases    ] GC(145)   Merge Heap Roots: 0.1ms
[2020-09-11T11:43:56.651+0000][26480][gc,phases    ] GC(145)   Evacuate Collection Set: 3.2ms
[2020-09-11T11:43:56.651+0000][26480][gc,phases    ] GC(145)   Post Evacuate Collection Set: 0.7ms
[2020-09-11T11:43:56.652+0000][26480][gc,phases    ] GC(145)   Other: 0.9ms
[2020-09-11T11:43:56.652+0000][26480][gc,heap      ] GC(145) Eden regions: 22->0(505)
[2020-09-11T11:43:56.652+0000][26480][gc,heap      ] GC(145) Survivor regions: 6->6(64)
[2020-09-11T11:43:56.652+0000][26480][gc,heap      ] GC(145) Old regions: 75->75
[2020-09-11T11:43:56.652+0000][26480][gc,heap      ] GC(145) Archive regions: 0->0
[2020-09-11T11:43:56.652+0000][26480][gc,heap      ] GC(145) Humongous regions: 232->174
[2020-09-11T11:43:56.652+0000][26480][gc,metaspace ] GC(145) Metaspace: 85347K(91544K)->85347K(91544K) NonClass: 74232K(77976K)->74232K(77976K) Class: 11114K(13568K)->11114K(13568K)
[2020-09-11T11:43:56.652+0000][26480][gc           ] GC(145) Pause Young (Concurrent Start) (G1 Humongous Allocation) 333M->254M(1024M) 5.826ms
[2020-09-11T11:43:56.652+0000][26480][gc,cpu       ] GC(145) User=0.00s Sys=0.02s Real=0.01s
[2020-09-11T11:43:56.652+0000][26480][gc           ] GC(146) Concurrent Cycle
[2020-09-11T11:43:56.652+0000][26480][safepoint    ] Safepoint "G1TryInitiateConcMark", Time since last: 111800500 ns, Reaching safepoint: 176300 ns, At safepoint: 6071300 ns, Total: 6247600 ns
[2020-09-11T11:43:56.652+0000][26480][gc,marking   ] GC(146) Concurrent Clear Claimed Marks
[2020-09-11T11:43:56.653+0000][26480][gc,marking   ] GC(146) Concurrent Clear Claimed Marks 0.554ms
[2020-09-11T11:43:56.653+0000][26480][gc,marking   ] GC(146) Concurrent Scan Root Regions
[2020-09-11T11:43:56.656+0000][26480][gc,marking   ] GC(146) Concurrent Scan Root Regions 3.478ms
[2020-09-11T11:43:56.656+0000][26480][gc,marking   ] GC(146) Concurrent Mark (7041.791s)
[2020-09-11T11:43:56.656+0000][26480][gc,marking   ] GC(146) Concurrent Mark From Roots
[2020-09-11T11:43:56.656+0000][26480][gc,task      ] GC(146) Using 2 workers of 2 for marking
[2020-09-11T11:43:56.805+0000][26480][gc,marking   ] GC(146) Concurrent Mark From Roots 148.625ms
[2020-09-11T11:43:56.805+0000][26480][gc,marking   ] GC(146) Concurrent Preclean
[2020-09-11T11:43:56.806+0000][26480][gc,marking   ] GC(146) Concurrent Preclean 0.588ms
[2020-09-11T11:43:56.806+0000][26480][gc,marking   ] GC(146) Concurrent Mark (7041.791s, 7041.940s) 149.413ms
[2020-09-11T11:43:56.806+0000][26480][gc,start     ] GC(146) Pause Remark
[2020-09-11T11:43:56.811+0000][26480][gc           ] GC(146) Pause Remark 302M->302M(1024M) 4.972ms
[2020-09-11T11:43:56.811+0000][26480][gc,cpu       ] GC(146) User=0.13s Sys=0.00s Real=0.01s
[2020-09-11T11:43:56.811+0000][26480][safepoint    ] Safepoint "G1Concurrent", Time since last: 153778200 ns, Reaching safepoint: 167100 ns, At safepoint: 5213400 ns, Total: 5380500 ns
[2020-09-11T11:43:56.811+0000][26480][gc,marking   ] GC(146) Concurrent Rebuild Remembered Sets
[2020-09-11T11:43:56.907+0000][26480][gc,marking   ] GC(146) Concurrent Rebuild Remembered Sets 95.641ms
[2020-09-11T11:43:56.907+0000][26480][gc,start     ] GC(146) Pause Cleanup
[2020-09-11T11:43:56.908+0000][26480][gc           ] GC(146) Pause Cleanup 304M->304M(1024M) 0.288ms
[2020-09-11T11:43:56.908+0000][26480][gc,cpu       ] GC(146) User=0.00s Sys=0.00s Real=0.00s
[2020-09-11T11:43:56.908+0000][26480][safepoint    ] Safepoint "G1Concurrent", Time since last: 95883600 ns, Reaching safepoint: 180400 ns, At safepoint: 472800 ns, Total: 653200 ns
[2020-09-11T11:43:56.908+0000][26480][gc,marking   ] GC(146) Concurrent Cleanup for Next Mark
[2020-09-11T11:43:56.910+0000][26480][gc,marking   ] GC(146) Concurrent Cleanup for Next Mark 1.856ms
[2020-09-11T11:43:56.910+0000][26480][gc           ] GC(146) Concurrent Cycle 257.745ms
[2020-09-11T11:43:56.947+0000][26480][gc,start     ] GC(147) Pause Young (Concurrent Start) (G1 Humongous Allocation)
[2020-09-11T11:43:56.947+0000][26480][gc,task      ] GC(147) Using 8 workers of 8 for evacuation
[2020-09-11T11:43:56.947+0000][26480][gc,age       ] GC(147) Desired survivor size 33554432 bytes, new threshold 15 (max threshold 15)
[2020-09-11T11:43:56.952+0000][26480][gc,age       ] GC(147) Age table with threshold 15 (max threshold 15)
[2020-09-11T11:43:56.952+0000][26480][gc,age       ] GC(147) - age   1:    2543816 bytes,    2543816 total
[2020-09-11T11:43:56.952+0000][26480][gc,age       ] GC(147) - age   2:     205160 bytes,    2748976 total
[2020-09-11T11:43:56.952+0000][26480][gc,age       ] GC(147) - age   3:     209752 bytes,    2958728 total
[2020-09-11T11:43:56.952+0000][26480][gc,age       ] GC(147) - age   4:       2320 bytes,    2961048 total
[2020-09-11T11:43:56.952+0000][26480][gc,age       ] GC(147) - age   5:     202568 bytes,    3163616 total
[2020-09-11T11:43:56.952+0000][26480][gc,age       ] GC(147) - age   6:     202096 bytes,    3365712 total
[2020-09-11T11:43:56.952+0000][26480][gc,age       ] GC(147) - age   7:     208504 bytes,    3574216 total
[2020-09-11T11:43:56.952+0000][26480][gc,age       ] GC(147) - age   8:     200944 bytes,    3775160 total
[2020-09-11T11:43:56.952+0000][26480][gc,age       ] GC(147) - age   9:        736 bytes,    3775896 total
[2020-09-11T11:43:56.952+0000][26480][gc,age       ] GC(147) - age  10:     201920 bytes,    3977816 total
[2020-09-11T11:43:56.952+0000][26480][gc,age       ] GC(147) - age  11:     207680 bytes,    4185496 total
[2020-09-11T11:43:56.953+0000][26480][gc,age       ] GC(147) - age  12:     204192 bytes,    4389688 total
[2020-09-11T11:43:56.953+0000][26480][gc,age       ] GC(147) - age  13:      92288 bytes,    4481976 total
[2020-09-11T11:43:56.953+0000][26480][gc,age       ] GC(147) - age  14:       2256 bytes,    4484232 total
[2020-09-11T11:43:56.953+0000][26480][gc,age       ] GC(147) - age  15:       2960 bytes,    4487192 total
[2020-09-11T11:43:56.953+0000][26480][gc,phases    ] GC(147)   Pre Evacuate Collection Set: 0.5ms
[2020-09-11T11:43:56.953+0000][26480][gc,phases    ] GC(147)   Merge Heap Roots: 0.1ms
[2020-09-11T11:43:56.953+0000][26480][gc,phases    ] GC(147)   Evacuate Collection Set: 3.0ms
[2020-09-11T11:43:56.953+0000][26480][gc,phases    ] GC(147)   Post Evacuate Collection Set: 0.8ms
[2020-09-11T11:43:56.953+0000][26480][gc,phases    ] GC(147)   Other: 1.2ms
[2020-09-11T11:43:56.953+0000][26480][gc,heap      ] GC(147) Eden regions: 22->0(505)
[2020-09-11T11:43:56.953+0000][26480][gc,heap      ] GC(147) Survivor regions: 6->5(64)
[2020-09-11T11:43:56.953+0000][26480][gc,heap      ] GC(147) Old regions: 75->76
[2020-09-11T11:43:56.953+0000][26480][gc,heap      ] GC(147) Archive regions: 0->0
[2020-09-11T11:43:56.953+0000][26480][gc,heap      ] GC(147) Humongous regions: 232->174
[2020-09-11T11:43:56.953+0000][26480][gc,metaspace ] GC(147) Metaspace: 85351K(91544K)->85351K(91544K) NonClass: 74237K(77976K)->74237K(77976K) Class: 11114K(13568K)->11114K(13568K)
[2020-09-11T11:43:56.953+0000][26480][gc           ] GC(147) Pause Young (Concurrent Start) (G1 Humongous Allocation) 333M->254M(1024M) 5.827ms
[2020-09-11T11:43:56.953+0000][26480][gc,cpu       ] GC(147) User=0.09s Sys=0.02s Real=0.01s
[2020-09-11T11:43:56.953+0000][26480][gc           ] GC(148) Concurrent Cycle
[2020-09-11T11:43:56.953+0000][26480][safepoint    ] Safepoint "G1TryInitiateConcMark", Time since last: 39224500 ns, Reaching safepoint: 168900 ns, At safepoint: 6021200 ns, Total: 6190100 ns
[2020-09-11T11:43:56.953+0000][26480][gc,marking   ] GC(148) Concurrent Clear Claimed Marks
[2020-09-11T11:43:56.954+0000][26480][gc,marking   ] GC(148) Concurrent Clear Claimed Marks 0.488ms
[2020-09-11T11:43:56.954+0000][26480][gc,marking   ] GC(148) Concurrent Scan Root Regions
[2020-09-11T11:43:56.957+0000][26480][gc,marking   ] GC(148) Concurrent Scan Root Regions 3.466ms
[2020-09-11T11:43:56.957+0000][26480][gc,marking   ] GC(148) Concurrent Mark (7042.092s)
[2020-09-11T11:43:56.957+0000][26480][gc,marking   ] GC(148) Concurrent Mark From Roots
[2020-09-11T11:43:56.957+0000][26480][gc,task      ] GC(148) Using 2 workers of 2 for marking
[2020-09-11T11:43:57.120+0000][26480][gc,marking   ] GC(148) Concurrent Mark From Roots 162.214ms
[2020-09-11T11:43:57.120+0000][26480][gc,marking   ] GC(148) Concurrent Preclean
[2020-09-11T11:43:57.121+0000][26480][gc,marking   ] GC(148) Concurrent Preclean 0.944ms
[2020-09-11T11:43:57.121+0000][26480][gc,marking   ] GC(148) Concurrent Mark (7042.092s, 7042.255s) 163.420ms
[2020-09-11T11:43:57.121+0000][26480][gc,start     ] GC(148) Pause Remark
[2020-09-11T11:43:57.126+0000][26480][gc           ] GC(148) Pause Remark 295M->295M(1024M) 5.137ms
[2020-09-11T11:43:57.126+0000][26480][gc,cpu       ] GC(148) User=0.00s Sys=0.00s Real=0.00s
[2020-09-11T11:43:57.126+0000][26480][safepoint    ] Safepoint "G1Concurrent", Time since last: 167683800 ns, Reaching safepoint: 149200 ns, At safepoint: 5374800 ns, Total: 5524000 ns
[2020-09-11T11:43:57.126+0000][26480][gc,marking   ] GC(148) Concurrent Rebuild Remembered Sets
[2020-09-11T11:43:57.214+0000][26480][gc,marking   ] GC(148) Concurrent Rebuild Remembered Sets 87.235ms
[2020-09-11T11:43:57.214+0000][26480][gc,start     ] GC(148) Pause Cleanup
[2020-09-11T11:43:57.214+0000][26480][gc           ] GC(148) Pause Cleanup 300M->300M(1024M) 0.343ms
[2020-09-11T11:43:57.214+0000][26480][gc,cpu       ] GC(148) User=0.00s Sys=0.00s Real=0.00s
[2020-09-11T11:43:57.215+0000][26480][safepoint    ] Safepoint "G1Concurrent", Time since last: 87452500 ns, Reaching safepoint: 202400 ns, At safepoint: 593000 ns, Total: 795400 ns
[2020-09-11T11:43:57.215+0000][26480][gc,marking   ] GC(148) Concurrent Cleanup for Next Mark
[2020-09-11T11:43:57.217+0000][26480][gc,marking   ] GC(148) Concurrent Cleanup for Next Mark 1.897ms
[2020-09-11T11:43:57.217+0000][26480][gc           ] GC(148) Concurrent Cycle 263.595ms
[2020-09-11T11:43:58.315+0000][26480][safepoint    ] Safepoint "Cleanup", Time since last: 1099361200 ns, Reaching safepoint: 565200 ns, At safepoint: 31700 ns, Total: 596900 ns
[2020-09-11T11:43:58.656+0000][26480][gc,start     ] GC(149) Pause Young (Concurrent Start) (G1 Humongous Allocation)
[2020-09-11T11:43:58.656+0000][26480][gc,task      ] GC(149) Using 8 workers of 8 for evacuation
[2020-09-11T11:43:58.656+0000][26480][gc,age       ] GC(149) Desired survivor size 33554432 bytes, new threshold 15 (max threshold 15)
[2020-09-11T11:43:58.660+0000][26480][gc,age       ] GC(149) Age table with threshold 15 (max threshold 15)
[2020-09-11T11:43:58.660+0000][26480][gc,age       ] GC(149) - age   1:    1883232 bytes,    1883232 total
[2020-09-11T11:43:58.660+0000][26480][gc,age       ] GC(149) - age   2:       1648 bytes,    1884880 total
[2020-09-11T11:43:58.660+0000][26480][gc,age       ] GC(149) - age   3:        328 bytes,    1885208 total
[2020-09-11T11:43:58.660+0000][26480][gc,age       ] GC(149) - age   4:       2064 bytes,    1887272 total
[2020-09-11T11:43:58.660+0000][26480][gc,age       ] GC(149) - age   5:       1088 bytes,    1888360 total
[2020-09-11T11:43:58.660+0000][26480][gc,age       ] GC(149) - age   6:       1168 bytes,    1889528 total
[2020-09-11T11:43:58.660+0000][26480][gc,age       ] GC(149) - age   7:        864 bytes,    1890392 total
[2020-09-11T11:43:58.660+0000][26480][gc,age       ] GC(149) - age   8:       2016 bytes,    1892408 total
[2020-09-11T11:43:58.660+0000][26480][gc,age       ] GC(149) - age   9:        216 bytes,    1892624 total
[2020-09-11T11:43:58.660+0000][26480][gc,age       ] GC(149) - age  10:        312 bytes,    1892936 total
[2020-09-11T11:43:58.660+0000][26480][gc,age       ] GC(149) - age  11:       1104 bytes,    1894040 total
[2020-09-11T11:43:58.660+0000][26480][gc,age       ] GC(149) - age  12:       2400 bytes,    1896440 total
[2020-09-11T11:43:58.660+0000][26480][gc,age       ] GC(149) - age  13:       3208 bytes,    1899648 total
[2020-09-11T11:43:58.660+0000][26480][gc,age       ] GC(149) - age  14:      90704 bytes,    1990352 total
[2020-09-11T11:43:58.660+0000][26480][gc,age       ] GC(149) - age  15:       2128 bytes,    1992480 total
[2020-09-11T11:43:58.661+0000][26480][gc,phases    ] GC(149)   Pre Evacuate Collection Set: 0.5ms
[2020-09-11T11:43:58.661+0000][26480][gc,phases    ] GC(149)   Merge Heap Roots: 0.2ms
[2020-09-11T11:43:58.661+0000][26480][gc,phases    ] GC(149)   Evacuate Collection Set: 2.1ms
[2020-09-11T11:43:58.661+0000][26480][gc,phases    ] GC(149)   Post Evacuate Collection Set: 1.0ms
[2020-09-11T11:43:58.661+0000][26480][gc,phases    ] GC(149)   Other: 1.4ms
[2020-09-11T11:43:58.661+0000][26480][gc,heap      ] GC(149) Eden regions: 42->0(508)
[2020-09-11T11:43:58.661+0000][26480][gc,heap      ] GC(149) Survivor regions: 5->3(64)
[2020-09-11T11:43:58.661+0000][26480][gc,heap      ] GC(149) Old regions: 76->76
[2020-09-11T11:43:58.661+0000][26480][gc,heap      ] GC(149) Archive regions: 0->0
[2020-09-11T11:43:58.661+0000][26480][gc,heap      ] GC(149) Humongous regions: 231->174
[2020-09-11T11:43:58.661+0000][26480][gc,metaspace ] GC(149) Metaspace: 85419K(91544K)->85419K(91544K) NonClass: 74302K(77976K)->74302K(77976K) Class: 11116K(13568K)->11116K(13568K)
[2020-09-11T11:43:58.661+0000][26480][gc           ] GC(149) Pause Young (Concurrent Start) (G1 Humongous Allocation) 352M->251M(1024M) 5.480ms
[2020-09-11T11:43:58.661+0000][26480][gc,cpu       ] GC(149) User=0.00s Sys=0.00s Real=0.01s
[2020-09-11T11:43:58.661+0000][26480][gc           ] GC(150) Concurrent Cycle
[2020-09-11T11:43:58.661+0000][26480][safepoint    ] Safepoint "G1TryInitiateConcMark", Time since last: 340043500 ns, Reaching safepoint: 200400 ns, At safepoint: 5779800 ns, Total: 5980200 ns
[2020-09-11T11:43:58.661+0000][26480][gc,marking   ] GC(150) Concurrent Clear Claimed Marks
[2020-09-11T11:43:58.662+0000][26480][gc,marking   ] GC(150) Concurrent Clear Claimed Marks 0.589ms
[2020-09-11T11:43:58.662+0000][26480][gc,marking   ] GC(150) Concurrent Scan Root Regions
[2020-09-11T11:43:58.664+0000][26480][gc,marking   ] GC(150) Concurrent Scan Root Regions 2.518ms
[2020-09-11T11:43:58.665+0000][26480][gc,marking   ] GC(150) Concurrent Mark (7043.799s)
[2020-09-11T11:43:58.665+0000][26480][gc,marking   ] GC(150) Concurrent Mark From Roots
[2020-09-11T11:43:58.665+0000][26480][gc,task      ] GC(150) Using 2 workers of 2 for marking
[2020-09-11T11:43:58.806+0000][26480][gc,marking   ] GC(150) Concurrent Mark From Roots 141.202ms
[2020-09-11T11:43:58.806+0000][26480][gc,marking   ] GC(150) Concurrent Preclean
[2020-09-11T11:43:58.807+0000][26480][gc,marking   ] GC(150) Concurrent Preclean 0.737ms
[2020-09-11T11:43:58.807+0000][26480][gc,marking   ] GC(150) Concurrent Mark (7043.799s, 7043.941s) 142.135ms
[2020-09-11T11:43:58.807+0000][26480][gc,start     ] GC(150) Pause Remark
[2020-09-11T11:43:58.819+0000][26480][gc           ] GC(150) Pause Remark 284M->284M(1024M) 12.129ms
[2020-09-11T11:43:58.819+0000][26480][gc,cpu       ] GC(150) User=0.00s Sys=0.00s Real=0.01s
[2020-09-11T11:43:58.819+0000][26480][safepoint    ] Safepoint "G1Concurrent", Time since last: 145577200 ns, Reaching safepoint: 147200 ns, At safepoint: 12393900 ns, Total: 12541100 ns
[2020-09-11T11:43:58.819+0000][26480][gc,marking   ] GC(150) Concurrent Rebuild Remembered Sets
[2020-09-11T11:43:58.912+0000][26480][gc,marking   ] GC(150) Concurrent Rebuild Remembered Sets 92.888ms
[2020-09-11T11:43:58.912+0000][26480][gc,start     ] GC(150) Pause Cleanup
[2020-09-11T11:43:58.913+0000][26480][gc           ] GC(150) Pause Cleanup 286M->286M(1024M) 0.333ms
[2020-09-11T11:43:58.913+0000][26480][gc,cpu       ] GC(150) User=0.00s Sys=0.00s Real=0.00s
[2020-09-11T11:43:58.913+0000][26480][safepoint    ] Safepoint "G1Concurrent", Time since last: 93068600 ns, Reaching safepoint: 178900 ns, At safepoint: 516300 ns, Total: 695200 ns
[2020-09-11T11:43:58.913+0000][26480][gc,marking   ] GC(150) Concurrent Cleanup for Next Mark
[2020-09-11T11:43:58.915+0000][26480][gc,marking   ] GC(150) Concurrent Cleanup for Next Mark 1.897ms
[2020-09-11T11:43:58.915+0000][26480][gc           ] GC(150) Concurrent Cycle 253.976ms
[2020-09-11T11:43:58.934+0000][26480][safepoint    ] Safepoint "ICBufferFull", Time since last: 20974300 ns, Reaching safepoint: 340000 ns, At safepoint: 19600 ns, Total: 359600 ns
[2020-09-11T11:43:58.953+0000][26480][gc,start     ] GC(151) Pause Young (Concurrent Start) (G1 Humongous Allocation)
[2020-09-11T11:43:58.953+0000][26480][gc,task      ] GC(151) Using 8 workers of 8 for evacuation
[2020-09-11T11:43:58.953+0000][26480][gc,age       ] GC(151) Desired survivor size 33554432 bytes, new threshold 15 (max threshold 15)
[2020-09-11T11:43:58.957+0000][26480][gc,age       ] GC(151) Age table with threshold 15 (max threshold 15)
[2020-09-11T11:43:58.957+0000][26480][gc,age       ] GC(151) - age   1:    1951072 bytes,    1951072 total
[2020-09-11T11:43:58.957+0000][26480][gc,age       ] GC(151) - age   2:      60848 bytes,    2011920 total
[2020-09-11T11:43:58.957+0000][26480][gc,age       ] GC(151) - age   3:       1648 bytes,    2013568 total
[2020-09-11T11:43:58.957+0000][26480][gc,age       ] GC(151) - age   4:        328 bytes,    2013896 total
[2020-09-11T11:43:58.957+0000][26480][gc,age       ] GC(151) - age   5:       2064 bytes,    2015960 total
[2020-09-11T11:43:58.957+0000][26480][gc,age       ] GC(151) - age   6:       1088 bytes,    2017048 total
[2020-09-11T11:43:58.957+0000][26480][gc,age       ] GC(151) - age   7:       1008 bytes,    2018056 total
[2020-09-11T11:43:58.957+0000][26480][gc,age       ] GC(151) - age   8:        832 bytes,    2018888 total
[2020-09-11T11:43:58.957+0000][26480][gc,age       ] GC(151) - age   9:       1920 bytes,    2020808 total
[2020-09-11T11:43:58.957+0000][26480][gc,age       ] GC(151) - age  10:        216 bytes,    2021024 total
[2020-09-11T11:43:58.957+0000][26480][gc,age       ] GC(151) - age  11:        312 bytes,    2021336 total
[2020-09-11T11:43:58.958+0000][26480][gc,age       ] GC(151) - age  12:        944 bytes,    2022280 total
[2020-09-11T11:43:58.958+0000][26480][gc,age       ] GC(151) - age  13:       2368 bytes,    2024648 total
[2020-09-11T11:43:58.958+0000][26480][gc,age       ] GC(151) - age  14:       3208 bytes,    2027856 total
[2020-09-11T11:43:58.958+0000][26480][gc,age       ] GC(151) - age  15:      90704 bytes,    2118560 total
[2020-09-11T11:43:58.958+0000][26480][gc,phases    ] GC(151)   Pre Evacuate Collection Set: 0.5ms
[2020-09-11T11:43:58.958+0000][26480][gc,phases    ] GC(151)   Merge Heap Roots: 0.1ms
[2020-09-11T11:43:58.958+0000][26480][gc,phases    ] GC(151)   Evacuate Collection Set: 2.1ms
[2020-09-11T11:43:58.958+0000][26480][gc,phases    ] GC(151)   Post Evacuate Collection Set: 0.8ms
[2020-09-11T11:43:58.958+0000][26480][gc,phases    ] GC(151)   Other: 1.2ms
[2020-09-11T11:43:58.958+0000][26480][gc,heap      ] GC(151) Eden regions: 21->0(508)
[2020-09-11T11:43:58.958+0000][26480][gc,heap      ] GC(151) Survivor regions: 3->3(64)
[2020-09-11T11:43:58.958+0000][26480][gc,heap      ] GC(151) Old regions: 76->76
[2020-09-11T11:43:58.958+0000][26480][gc,heap      ] GC(151) Archive regions: 0->0
[2020-09-11T11:43:58.958+0000][26480][gc,heap      ] GC(151) Humongous regions: 231->174
[2020-09-11T11:43:58.958+0000][26480][gc,metaspace ] GC(151) Metaspace: 85260K(91544K)->85260K(91544K) NonClass: 74204K(77976K)->74204K(77976K) Class: 11056K(13568K)->11056K(13568K)
[2020-09-11T11:43:58.958+0000][26480][gc           ] GC(151) Pause Young (Concurrent Start) (G1 Humongous Allocation) 329M->251M(1024M) 5.019ms
[2020-09-11T11:43:58.958+0000][26480][gc,cpu       ] GC(151) User=0.00s Sys=0.00s Real=0.00s
[2020-09-11T11:43:58.958+0000][26480][gc           ] GC(152) Concurrent Cycle
[2020-09-11T11:43:58.958+0000][26480][gc,marking   ] GC(152) Concurrent Clear Claimed Marks
[2020-09-11T11:43:58.958+0000][26480][safepoint    ] Safepoint "G1TryInitiateConcMark", Time since last: 18391000 ns, Reaching safepoint: 356500 ns, At safepoint: 5381200 ns, Total: 5737700 ns
[2020-09-11T11:43:58.959+0000][26480][gc,marking   ] GC(152) Concurrent Clear Claimed Marks 0.497ms
[2020-09-11T11:43:58.959+0000][26480][gc,marking   ] GC(152) Concurrent Scan Root Regions
[2020-09-11T11:43:58.961+0000][26480][gc,marking   ] GC(152) Concurrent Scan Root Regions 2.491ms
[2020-09-11T11:43:58.961+0000][26480][gc,marking   ] GC(152) Concurrent Mark (7044.096s)
[2020-09-11T11:43:58.962+0000][26480][gc,marking   ] GC(152) Concurrent Mark From Roots
[2020-09-11T11:43:58.962+0000][26480][gc,task      ] GC(152) Using 2 workers of 2 for marking
[2020-09-11T11:43:59.110+0000][26480][gc,marking   ] GC(152) Concurrent Mark From Roots 148.236ms
[2020-09-11T11:43:59.110+0000][26480][gc,marking   ] GC(152) Concurrent Preclean
[2020-09-11T11:43:59.111+0000][26480][gc,marking   ] GC(152) Concurrent Preclean 0.716ms
[2020-09-11T11:43:59.111+0000][26480][gc,marking   ] GC(152) Concurrent Mark (7044.096s, 7044.245s) 149.165ms
[2020-09-11T11:43:59.111+0000][26480][gc,start     ] GC(152) Pause Remark
[2020-09-11T11:43:59.116+0000][26480][gc           ] GC(152) Pause Remark 277M->277M(1024M) 5.143ms
[2020-09-11T11:43:59.116+0000][26480][gc,cpu       ] GC(152) User=0.00s Sys=0.00s Real=0.00s
[2020-09-11T11:43:59.116+0000][26480][safepoint    ] Safepoint "G1Concurrent", Time since last: 152309800 ns, Reaching safepoint: 164900 ns, At safepoint: 5355000 ns, Total: 5519900 ns
[2020-09-11T11:43:59.116+0000][26480][gc,marking   ] GC(152) Concurrent Rebuild Remembered Sets
[2020-09-11T11:43:59.203+0000][26480][gc,marking   ] GC(152) Concurrent Rebuild Remembered Sets 87.086ms
[2020-09-11T11:43:59.209+0000][26480][gc,start     ] GC(152) Pause Cleanup
[2020-09-11T11:43:59.209+0000][26480][gc           ] GC(152) Pause Cleanup 281M->281M(1024M) 0.371ms
[2020-09-11T11:43:59.209+0000][26480][gc,cpu       ] GC(152) User=0.00s Sys=0.00s Real=0.00s
[2020-09-11T11:43:59.209+0000][26480][safepoint    ] Safepoint "G1Concurrent", Time since last: 87301600 ns, Reaching safepoint: 5078600 ns, At safepoint: 666500 ns, Total: 5745100 ns
[2020-09-11T11:43:59.209+0000][26480][gc,marking   ] GC(152) Concurrent Cleanup for Next Mark
[2020-09-11T11:43:59.211+0000][26480][gc,marking   ] GC(152) Concurrent Cleanup for Next Mark 1.449ms
[2020-09-11T11:43:59.211+0000][26480][gc           ] GC(152) Concurrent Cycle 252.658ms
[2020-09-11T11:43:59.235+0000][26480][gc,start     ] GC(153) Pause Young (Concurrent Start) (G1 Humongous Allocation)
[2020-09-11T11:43:59.235+0000][26480][gc,task      ] GC(153) Using 8 workers of 8 for evacuation
[2020-09-11T11:43:59.235+0000][26480][gc,age       ] GC(153) Desired survivor size 33554432 bytes, new threshold 15 (max threshold 15)
[2020-09-11T11:43:59.238+0000][26480][gc,age       ] GC(153) Age table with threshold 15 (max threshold 15)
[2020-09-11T11:43:59.238+0000][26480][gc,age       ] GC(153) - age   1:    1495728 bytes,    1495728 total
[2020-09-11T11:43:59.238+0000][26480][gc,age       ] GC(153) - age   2:       2760 bytes,    1498488 total
[2020-09-11T11:43:59.238+0000][26480][gc,age       ] GC(153) - age   3:      58096 bytes,    1556584 total
[2020-09-11T11:43:59.238+0000][26480][gc,age       ] GC(153) - age   4:       1584 bytes,    1558168 total
[2020-09-11T11:43:59.239+0000][26480][gc,age       ] GC(153) - age   5:        328 bytes,    1558496 total
[2020-09-11T11:43:59.239+0000][26480][gc,age       ] GC(153) - age   6:       2064 bytes,    1560560 total
[2020-09-11T11:43:59.239+0000][26480][gc,age       ] GC(153) - age   7:       1088 bytes,    1561648 total
[2020-09-11T11:43:59.239+0000][26480][gc,age       ] GC(153) - age   8:        848 bytes,    1562496 total
[2020-09-11T11:43:59.239+0000][26480][gc,age       ] GC(153) - age   9:        768 bytes,    1563264 total
[2020-09-11T11:43:59.239+0000][26480][gc,age       ] GC(153) - age  10:       1920 bytes,    1565184 total
[2020-09-11T11:43:59.239+0000][26480][gc,age       ] GC(153) - age  11:        216 bytes,    1565400 total
[2020-09-11T11:43:59.239+0000][26480][gc,age       ] GC(153) - age  12:        312 bytes,    1565712 total
[2020-09-11T11:43:59.239+0000][26480][gc,age       ] GC(153) - age  13:        944 bytes,    1566656 total
[2020-09-11T11:43:59.239+0000][26480][gc,age       ] GC(153) - age  14:       2008 bytes,    1568664 total
[2020-09-11T11:43:59.239+0000][26480][gc,age       ] GC(153) - age  15:       3176 bytes,    1571840 total
[2020-09-11T11:43:59.239+0000][26480][gc,phases    ] GC(153)   Pre Evacuate Collection Set: 0.5ms
[2020-09-11T11:43:59.239+0000][26480][gc,phases    ] GC(153)   Merge Heap Roots: 0.1ms
[2020-09-11T11:43:59.239+0000][26480][gc,phases    ] GC(153)   Evacuate Collection Set: 1.9ms
[2020-09-11T11:43:59.239+0000][26480][gc,phases    ] GC(153)   Post Evacuate Collection Set: 0.7ms
[2020-09-11T11:43:59.239+0000][26480][gc,phases    ] GC(153)   Other: 1.2ms
[2020-09-11T11:43:59.239+0000][26480][gc,heap      ] GC(153) Eden regions: 21->0(510)
[2020-09-11T11:43:59.239+0000][26480][gc,heap      ] GC(153) Survivor regions: 3->2(64)
[2020-09-11T11:43:59.239+0000][26480][gc,heap      ] GC(153) Old regions: 76->76
[2020-09-11T11:43:59.239+0000][26480][gc,heap      ] GC(153) Archive regions: 0->0
[2020-09-11T11:43:59.239+0000][26480][gc,heap      ] GC(153) Humongous regions: 231->174
[2020-09-11T11:43:59.240+0000][26480][gc,metaspace ] GC(153) Metaspace: 85264K(91544K)->85264K(91544K) NonClass: 74208K(77976K)->74208K(77976K) Class: 11056K(13568K)->11056K(13568K)
[2020-09-11T11:43:59.240+0000][26480][gc           ] GC(153) Pause Young (Concurrent Start) (G1 Humongous Allocation) 329M->251M(1024M) 4.935ms
[2020-09-11T11:43:59.240+0000][26480][gc,cpu       ] GC(153) User=0.00s Sys=0.00s Real=0.01s
[2020-09-11T11:43:59.240+0000][26480][gc           ] GC(154) Concurrent Cycle
[2020-09-11T11:43:59.240+0000][26480][safepoint    ] Safepoint "G1TryInitiateConcMark", Time since last: 25093400 ns, Reaching safepoint: 212400 ns, At safepoint: 5293300 ns, Total: 5505700 ns
[2020-09-11T11:43:59.240+0000][26480][gc,marking   ] GC(154) Concurrent Clear Claimed Marks
[2020-09-11T11:43:59.240+0000][26480][gc,marking   ] GC(154) Concurrent Clear Claimed Marks 0.387ms
[2020-09-11T11:43:59.240+0000][26480][gc,marking   ] GC(154) Concurrent Scan Root Regions
[2020-09-11T11:43:59.242+0000][26480][gc,marking   ] GC(154) Concurrent Scan Root Regions 1.257ms
[2020-09-11T11:43:59.242+0000][26480][gc,marking   ] GC(154) Concurrent Mark (7044.376s)
[2020-09-11T11:43:59.242+0000][26480][gc,marking   ] GC(154) Concurrent Mark From Roots
[2020-09-11T11:43:59.242+0000][26480][gc,task      ] GC(154) Using 2 workers of 2 for marking
[2020-09-11T11:43:59.393+0000][26480][gc,marking   ] GC(154) Concurrent Mark From Roots 151.038ms
[2020-09-11T11:43:59.393+0000][26480][gc,marking   ] GC(154) Concurrent Preclean
[2020-09-11T11:43:59.394+0000][26480][gc,marking   ] GC(154) Concurrent Preclean 0.739ms
[2020-09-11T11:43:59.394+0000][26480][gc,marking   ] GC(154) Concurrent Mark (7044.376s, 7044.528s) 151.987ms
[2020-09-11T11:43:59.394+0000][26480][gc,start     ] GC(154) Pause Remark
[2020-09-11T11:43:59.399+0000][26480][gc           ] GC(154) Pause Remark 266M->266M(1024M) 5.049ms
[2020-09-11T11:43:59.399+0000][26480][gc,cpu       ] GC(154) User=0.00s Sys=0.00s Real=0.00s
[2020-09-11T11:43:59.399+0000][26480][safepoint    ] Safepoint "G1Concurrent", Time since last: 153870100 ns, Reaching safepoint: 146600 ns, At safepoint: 5260600 ns, Total: 5407200 ns
[2020-09-11T11:43:59.399+0000][26480][gc,marking   ] GC(154) Concurrent Rebuild Remembered Sets
[2020-09-11T11:43:59.491+0000][26480][gc,marking   ] GC(154) Concurrent Rebuild Remembered Sets 91.913ms
[2020-09-11T11:43:59.492+0000][26480][gc,start     ] GC(154) Pause Cleanup
[2020-09-11T11:43:59.492+0000][26480][gc           ] GC(154) Pause Cleanup 268M->268M(1024M) 0.468ms
[2020-09-11T11:43:59.492+0000][26480][gc,cpu       ] GC(154) User=0.00s Sys=0.00s Real=0.00s
[2020-09-11T11:43:59.492+0000][26480][safepoint    ] Safepoint "G1Concurrent", Time since last: 92143900 ns, Reaching safepoint: 238700 ns, At safepoint: 750200 ns, Total: 988900 ns
[2020-09-11T11:43:59.492+0000][26480][gc,marking   ] GC(154) Concurrent Cleanup for Next Mark
[2020-09-11T11:43:59.495+0000][26480][gc,marking   ] GC(154) Concurrent Cleanup for Next Mark 2.511ms
[2020-09-11T11:43:59.495+0000][26480][gc           ] GC(154) Concurrent Cycle 255.208ms
[2020-09-11T11:43:59.728+0000][26480][gc,start     ] GC(155) Pause Young (Concurrent Start) (G1 Humongous Allocation)
[2020-09-11T11:43:59.728+0000][26480][gc,task      ] GC(155) Using 8 workers of 8 for evacuation
[2020-09-11T11:43:59.728+0000][26480][gc,age       ] GC(155) Desired survivor size 33554432 bytes, new threshold 15 (max threshold 15)
[2020-09-11T11:43:59.732+0000][26480][gc,age       ] GC(155) Age table with threshold 15 (max threshold 15)
[2020-09-11T11:43:59.732+0000][26480][gc,age       ] GC(155) - age   1:    2809224 bytes,    2809224 total
[2020-09-11T11:43:59.732+0000][26480][gc,age       ] GC(155) - age   2:     206808 bytes,    3016032 total
[2020-09-11T11:43:59.732+0000][26480][gc,age       ] GC(155) - age   3:       2208 bytes,    3018240 total
[2020-09-11T11:43:59.732+0000][26480][gc,age       ] GC(155) - age   4:      55160 bytes,    3073400 total
[2020-09-11T11:43:59.732+0000][26480][gc,age       ] GC(155) - age   5:       1584 bytes,    3074984 total
[2020-09-11T11:43:59.732+0000][26480][gc,age       ] GC(155) - age   6:        328 bytes,    3075312 total
[2020-09-11T11:43:59.732+0000][26480][gc,age       ] GC(155) - age   7:       1968 bytes,    3077280 total
[2020-09-11T11:43:59.732+0000][26480][gc,age       ] GC(155) - age   8:        744 bytes,    3078024 total
[2020-09-11T11:43:59.732+0000][26480][gc,age       ] GC(155) - age   9:        816 bytes,    3078840 total
[2020-09-11T11:43:59.732+0000][26480][gc,age       ] GC(155) - age  10:        768 bytes,    3079608 total
[2020-09-11T11:43:59.732+0000][26480][gc,age       ] GC(155) - age  11:       1920 bytes,    3081528 total
[2020-09-11T11:43:59.732+0000][26480][gc,age       ] GC(155) - age  12:        216 bytes,    3081744 total
[2020-09-11T11:43:59.732+0000][26480][gc,age       ] GC(155) - age  13:        152 bytes,    3081896 total
[2020-09-11T11:43:59.732+0000][26480][gc,age       ] GC(155) - age  14:        848 bytes,    3082744 total
[2020-09-11T11:43:59.732+0000][26480][gc,age       ] GC(155) - age  15:       1912 bytes,    3084656 total
[2020-09-11T11:43:59.732+0000][26480][gc,phases    ] GC(155)   Pre Evacuate Collection Set: 0.6ms
[2020-09-11T11:43:59.732+0000][26480][gc,phases    ] GC(155)   Merge Heap Roots: 0.1ms
[2020-09-11T11:43:59.732+0000][26480][gc,phases    ] GC(155)   Evacuate Collection Set: 2.2ms
[2020-09-11T11:43:59.732+0000][26480][gc,phases    ] GC(155)   Post Evacuate Collection Set: 0.7ms
[2020-09-11T11:43:59.732+0000][26480][gc,phases    ] GC(155)   Other: 1.0ms
[2020-09-11T11:43:59.732+0000][26480][gc,heap      ] GC(155) Eden regions: 35->0(507)
[2020-09-11T11:43:59.733+0000][26480][gc,heap      ] GC(155) Survivor regions: 2->4(64)
[2020-09-11T11:43:59.733+0000][26480][gc,heap      ] GC(155) Old regions: 76->76
[2020-09-11T11:43:59.733+0000][26480][gc,heap      ] GC(155) Archive regions: 0->0
[2020-09-11T11:43:59.733+0000][26480][gc,heap      ] GC(155) Humongous regions: 231->174
[2020-09-11T11:43:59.733+0000][26480][gc,metaspace ] GC(155) Metaspace: 85266K(91544K)->85266K(91544K) NonClass: 74210K(77976K)->74210K(77976K) Class: 11056K(13568K)->11056K(13568K)
[2020-09-11T11:43:59.733+0000][26480][gc           ] GC(155) Pause Young (Concurrent Start) (G1 Humongous Allocation) 343M->252M(1024M) 4.959ms
[2020-09-11T11:43:59.733+0000][26480][gc,cpu       ] GC(155) User=0.02s Sys=0.00s Real=0.01s
[2020-09-11T11:43:59.733+0000][26480][safepoint    ] Safepoint "G1TryInitiateConcMark", Time since last: 235076900 ns, Reaching safepoint: 262900 ns, At safepoint: 5161200 ns, Total: 5424100 ns
[2020-09-11T11:43:59.733+0000][26480][gc           ] GC(156) Concurrent Cycle
[2020-09-11T11:43:59.733+0000][26480][gc,marking   ] GC(156) Concurrent Clear Claimed Marks
[2020-09-11T11:43:59.733+0000][26480][gc,marking   ] GC(156) Concurrent Clear Claimed Marks 0.370ms
[2020-09-11T11:43:59.733+0000][26480][gc,marking   ] GC(156) Concurrent Scan Root Regions
[2020-09-11T11:43:59.736+0000][26480][gc,marking   ] GC(156) Concurrent Scan Root Regions 2.250ms
[2020-09-11T11:43:59.736+0000][26480][gc,marking   ] GC(156) Concurrent Mark (7044.870s)
[2020-09-11T11:43:59.736+0000][26480][gc,marking   ] GC(156) Concurrent Mark From Roots
[2020-09-11T11:43:59.736+0000][26480][gc,task      ] GC(156) Using 2 workers of 2 for marking
[2020-09-11T11:43:59.883+0000][26480][gc,marking   ] GC(156) Concurrent Mark From Roots 147.597ms
[2020-09-11T11:43:59.883+0000][26480][gc,marking   ] GC(156) Concurrent Preclean
[2020-09-11T11:43:59.884+0000][26480][gc,marking   ] GC(156) Concurrent Preclean 0.927ms
[2020-09-11T11:43:59.884+0000][26480][gc,marking   ] GC(156) Concurrent Mark (7044.870s, 7045.019s) 148.731ms
[2020-09-11T11:43:59.885+0000][26480][gc,start     ] GC(156) Pause Remark
[2020-09-11T11:43:59.890+0000][26480][gc           ] GC(156) Pause Remark 311M->311M(1024M) 5.187ms
[2020-09-11T11:43:59.890+0000][26480][gc,cpu       ] GC(156) User=0.02s Sys=0.02s Real=0.01s
[2020-09-11T11:43:59.890+0000][26480][safepoint    ] Safepoint "G1Concurrent", Time since last: 151643200 ns, Reaching safepoint: 166500 ns, At safepoint: 5457000 ns, Total: 5623500 ns
[2020-09-11T11:43:59.890+0000][26480][gc,marking   ] GC(156) Concurrent Rebuild Remembered Sets
[2020-09-11T11:43:59.980+0000][26480][gc,marking   ] GC(156) Concurrent Rebuild Remembered Sets 90.429ms
[2020-09-11T11:43:59.981+0000][26480][gc,start     ] GC(156) Pause Cleanup
[2020-09-11T11:43:59.981+0000][26480][gc           ] GC(156) Pause Cleanup 311M->311M(1024M) 0.334ms
[2020-09-11T11:43:59.981+0000][26480][gc,cpu       ] GC(156) User=0.00s Sys=0.00s Real=0.00s
[2020-09-11T11:43:59.981+0000][26480][safepoint    ] Safepoint "G1Concurrent", Time since last: 90626900 ns, Reaching safepoint: 153700 ns, At safepoint: 532100 ns, Total: 685800 ns
[2020-09-11T11:43:59.981+0000][26480][gc,marking   ] GC(156) Concurrent Cleanup for Next Mark
[2020-09-11T11:43:59.983+0000][26480][gc,marking   ] GC(156) Concurrent Cleanup for Next Mark 1.833ms
[2020-09-11T11:43:59.983+0000][26480][gc           ] GC(156) Concurrent Cycle 250.626ms
[2020-09-11T11:44:00.063+0000][26480][gc,start     ] GC(157) Pause Young (Concurrent Start) (G1 Humongous Allocation)
[2020-09-11T11:44:00.063+0000][26480][gc,task      ] GC(157) Using 8 workers of 8 for evacuation
[2020-09-11T11:44:00.063+0000][26480][gc,age       ] GC(157) Desired survivor size 33554432 bytes, new threshold 15 (max threshold 15)
[2020-09-11T11:44:00.068+0000][26480][gc,age       ] GC(157) Age table with threshold 15 (max threshold 15)
[2020-09-11T11:44:00.068+0000][26480][gc,age       ] GC(157) - age   1:    2776968 bytes,    2776968 total
[2020-09-11T11:44:00.068+0000][26480][gc,age       ] GC(157) - age   2:     203720 bytes,    2980688 total
[2020-09-11T11:44:00.068+0000][26480][gc,age       ] GC(157) - age   3:     203304 bytes,    3183992 total
[2020-09-11T11:44:00.068+0000][26480][gc,age       ] GC(157) - age   4:       1056 bytes,    3185048 total
[2020-09-11T11:44:00.068+0000][26480][gc,age       ] GC(157) - age   5:      54888 bytes,    3239936 total
[2020-09-11T11:44:00.068+0000][26480][gc,age       ] GC(157) - age   6:       1584 bytes,    3241520 total
[2020-09-11T11:44:00.068+0000][26480][gc,age       ] GC(157) - age   7:        328 bytes,    3241848 total
[2020-09-11T11:44:00.068+0000][26480][gc,age       ] GC(157) - age   8:       1776 bytes,    3243624 total
[2020-09-11T11:44:00.068+0000][26480][gc,age       ] GC(157) - age   9:        712 bytes,    3244336 total
[2020-09-11T11:44:00.068+0000][26480][gc,age       ] GC(157) - age  10:        816 bytes,    3245152 total
[2020-09-11T11:44:00.068+0000][26480][gc,age       ] GC(157) - age  11:        768 bytes,    3245920 total
[2020-09-11T11:44:00.068+0000][26480][gc,age       ] GC(157) - age  12:       1760 bytes,    3247680 total
[2020-09-11T11:44:00.068+0000][26480][gc,age       ] GC(157) - age  13:        216 bytes,    3247896 total
[2020-09-11T11:44:00.068+0000][26480][gc,age       ] GC(157) - age  14:        120 bytes,    3248016 total
[2020-09-11T11:44:00.068+0000][26480][gc,age       ] GC(157) - age  15:        816 bytes,    3248832 total
[2020-09-11T11:44:00.068+0000][26480][gc,phases    ] GC(157)   Pre Evacuate Collection Set: 0.5ms
[2020-09-11T11:44:00.068+0000][26480][gc,phases    ] GC(157)   Merge Heap Roots: 0.1ms
[2020-09-11T11:44:00.068+0000][26480][gc,phases    ] GC(157)   Evacuate Collection Set: 2.6ms
[2020-09-11T11:44:00.068+0000][26480][gc,phases    ] GC(157)   Post Evacuate Collection Set: 0.9ms
[2020-09-11T11:44:00.068+0000][26480][gc,phases    ] GC(157)   Other: 1.1ms
[2020-09-11T11:44:00.068+0000][26480][gc,heap      ] GC(157) Eden regions: 21->0(506)
[2020-09-11T11:44:00.068+0000][26480][gc,heap      ] GC(157) Survivor regions: 4->4(64)
[2020-09-11T11:44:00.069+0000][26480][gc,heap      ] GC(157) Old regions: 76->76
[2020-09-11T11:44:00.069+0000][26480][gc,heap      ] GC(157) Archive regions: 0->0
[2020-09-11T11:44:00.069+0000][26480][gc,heap      ] GC(157) Humongous regions: 231->174
[2020-09-11T11:44:00.069+0000][26480][gc,metaspace ] GC(157) Metaspace: 85267K(91544K)->85267K(91544K) NonClass: 74211K(77976K)->74211K(77976K) Class: 11056K(13568K)->11056K(13568K)
[2020-09-11T11:44:00.069+0000][26480][gc           ] GC(157) Pause Young (Concurrent Start) (G1 Humongous Allocation) 330M->253M(1024M) 5.544ms
[2020-09-11T11:44:00.069+0000][26480][gc,cpu       ] GC(157) User=0.00s Sys=0.00s Real=0.01s
[2020-09-11T11:44:00.069+0000][26480][safepoint    ] Safepoint "G1TryInitiateConcMark", Time since last: 81586200 ns, Reaching safepoint: 215800 ns, At safepoint: 5952500 ns, Total: 6168300 ns
[2020-09-11T11:44:00.069+0000][26480][gc           ] GC(158) Concurrent Cycle
[2020-09-11T11:44:00.069+0000][26480][gc,marking   ] GC(158) Concurrent Clear Claimed Marks
[2020-09-11T11:44:00.070+0000][26480][gc,marking   ] GC(158) Concurrent Clear Claimed Marks 0.685ms
[2020-09-11T11:44:00.070+0000][26480][gc,marking   ] GC(158) Concurrent Scan Root Regions
[2020-09-11T11:44:00.074+0000][26480][gc,marking   ] GC(158) Concurrent Scan Root Regions 4.269ms
[2020-09-11T11:44:00.074+0000][26480][gc,marking   ] GC(158) Concurrent Mark (7045.209s)
[2020-09-11T11:44:00.074+0000][26480][gc,marking   ] GC(158) Concurrent Mark From Roots
[2020-09-11T11:44:00.074+0000][26480][gc,task      ] GC(158) Using 2 workers of 2 for marking
[2020-09-11T11:44:00.225+0000][26480][gc,marking   ] GC(158) Concurrent Mark From Roots 150.488ms
[2020-09-11T11:44:00.225+0000][26480][gc,marking   ] GC(158) Concurrent Preclean
[2020-09-11T11:44:00.226+0000][26480][gc,marking   ] GC(158) Concurrent Preclean 0.916ms
[2020-09-11T11:44:00.226+0000][26480][gc,marking   ] GC(158) Concurrent Mark (7045.209s, 7045.360s) 151.686ms
[2020-09-11T11:44:00.226+0000][26480][gc,start     ] GC(158) Pause Remark
[2020-09-11T11:44:00.232+0000][26480][gc           ] GC(158) Pause Remark 303M->303M(1024M) 5.502ms
[2020-09-11T11:44:00.232+0000][26480][gc,cpu       ] GC(158) User=0.09s Sys=0.00s Real=0.01s
[2020-09-11T11:44:00.232+0000][26480][safepoint    ] Safepoint "G1Concurrent", Time since last: 157100500 ns, Reaching safepoint: 150500 ns, At safepoint: 5740900 ns, Total: 5891400 ns
[2020-09-11T11:44:00.232+0000][26480][gc,marking   ] GC(158) Concurrent Rebuild Remembered Sets
[2020-09-11T11:44:00.322+0000][26480][gc,marking   ] GC(158) Concurrent Rebuild Remembered Sets 90.341ms
[2020-09-11T11:44:00.323+0000][26480][gc,start     ] GC(158) Pause Cleanup
[2020-09-11T11:44:00.323+0000][26480][gc           ] GC(158) Pause Cleanup 304M->304M(1024M) 0.344ms
[2020-09-11T11:44:00.323+0000][26480][gc,cpu       ] GC(158) User=0.00s Sys=0.00s Real=0.00s
[2020-09-11T11:44:00.323+0000][26480][safepoint    ] Safepoint "G1Concurrent", Time since last: 90551500 ns, Reaching safepoint: 157100 ns, At safepoint: 525100 ns, Total: 682200 ns
[2020-09-11T11:44:00.323+0000][26480][gc,marking   ] GC(158) Concurrent Cleanup for Next Mark
[2020-09-11T11:44:00.325+0000][26480][gc,marking   ] GC(158) Concurrent Cleanup for Next Mark 2.132ms
[2020-09-11T11:44:00.326+0000][26480][gc           ] GC(158) Concurrent Cycle 256.654ms
[2020-09-11T11:44:00.572+0000][26480][gc,start     ] GC(159) Pause Young (Concurrent Start) (G1 Humongous Allocation)
[2020-09-11T11:44:00.572+0000][26480][gc,task      ] GC(159) Using 8 workers of 8 for evacuation
[2020-09-11T11:44:00.572+0000][26480][gc,age       ] GC(159) Desired survivor size 33554432 bytes, new threshold 15 (max threshold 15)
[2020-09-11T11:44:00.576+0000][26480][gc,age       ] GC(159) Age table with threshold 15 (max threshold 15)
[2020-09-11T11:44:00.576+0000][26480][gc,age       ] GC(159) - age   1:    2340656 bytes,    2340656 total
[2020-09-11T11:44:00.576+0000][26480][gc,age       ] GC(159) - age   2:       3904 bytes,    2344560 total
[2020-09-11T11:44:00.576+0000][26480][gc,age       ] GC(159) - age   3:     202720 bytes,    2547280 total
[2020-09-11T11:44:00.576+0000][26480][gc,age       ] GC(159) - age   4:     202728 bytes,    2750008 total
[2020-09-11T11:44:00.576+0000][26480][gc,age       ] GC(159) - age   5:       1056 bytes,    2751064 total
[2020-09-11T11:44:00.576+0000][26480][gc,age       ] GC(159) - age   6:      54640 bytes,    2805704 total
[2020-09-11T11:44:00.576+0000][26480][gc,age       ] GC(159) - age   7:       1224 bytes,    2806928 total
[2020-09-11T11:44:00.576+0000][26480][gc,age       ] GC(159) - age   8:        232 bytes,    2807160 total
[2020-09-11T11:44:00.576+0000][26480][gc,age       ] GC(159) - age   9:       1744 bytes,    2808904 total
[2020-09-11T11:44:00.576+0000][26480][gc,age       ] GC(159) - age  10:        712 bytes,    2809616 total
[2020-09-11T11:44:00.576+0000][26480][gc,age       ] GC(159) - age  11:        816 bytes,    2810432 total
[2020-09-11T11:44:00.576+0000][26480][gc,age       ] GC(159) - age  12:        768 bytes,    2811200 total
[2020-09-11T11:44:00.576+0000][26480][gc,age       ] GC(159) - age  13:       1760 bytes,    2812960 total
[2020-09-11T11:44:00.576+0000][26480][gc,age       ] GC(159) - age  14:        216 bytes,    2813176 total
[2020-09-11T11:44:00.576+0000][26480][gc,age       ] GC(159) - age  15:        120 bytes,    2813296 total
[2020-09-11T11:44:00.576+0000][26480][gc,phases    ] GC(159)   Pre Evacuate Collection Set: 0.5ms
[2020-09-11T11:44:00.576+0000][26480][gc,phases    ] GC(159)   Merge Heap Roots: 0.1ms
[2020-09-11T11:44:00.576+0000][26480][gc,phases    ] GC(159)   Evacuate Collection Set: 2.4ms
[2020-09-11T11:44:00.577+0000][26480][gc,phases    ] GC(159)   Post Evacuate Collection Set: 0.8ms
[2020-09-11T11:44:00.577+0000][26480][gc,phases    ] GC(159)   Other: 1.2ms
[2020-09-11T11:44:00.577+0000][26480][gc,heap      ] GC(159) Eden regions: 20->0(508)
[2020-09-11T11:44:00.577+0000][26480][gc,heap      ] GC(159) Survivor regions: 4->3(64)
[2020-09-11T11:44:00.577+0000][26480][gc,heap      ] GC(159) Old regions: 76->76
[2020-09-11T11:44:00.577+0000][26480][gc,heap      ] GC(159) Archive regions: 0->0
[2020-09-11T11:44:00.577+0000][26480][gc,heap      ] GC(159) Humongous regions: 231->174
[2020-09-11T11:44:00.577+0000][26480][gc,metaspace ] GC(159) Metaspace: 85286K(91544K)->85286K(91544K) NonClass: 74230K(77976K)->74230K(77976K) Class: 11056K(13568K)->11056K(13568K)
[2020-09-11T11:44:00.577+0000][26480][gc           ] GC(159) Pause Young (Concurrent Start) (G1 Humongous Allocation) 330M->252M(1024M) 5.431ms
[2020-09-11T11:44:00.577+0000][26480][gc,cpu       ] GC(159) User=0.09s Sys=0.00s Real=0.00s
[2020-09-11T11:44:00.577+0000][26480][gc           ] GC(160) Concurrent Cycle
[2020-09-11T11:44:00.577+0000][26480][safepoint    ] Safepoint "G1TryInitiateConcMark", Time since last: 247920200 ns, Reaching safepoint: 321200 ns, At safepoint: 5706500 ns, Total: 6027700 ns
[2020-09-11T11:44:00.577+0000][26480][gc,marking   ] GC(160) Concurrent Clear Claimed Marks
[2020-09-11T11:44:00.578+0000][26480][gc,marking   ] GC(160) Concurrent Clear Claimed Marks 0.555ms
[2020-09-11T11:44:00.578+0000][26480][gc,marking   ] GC(160) Concurrent Scan Root Regions
[2020-09-11T11:44:00.580+0000][26480][gc,marking   ] GC(160) Concurrent Scan Root Regions 2.425ms
[2020-09-11T11:44:00.580+0000][26480][gc,marking   ] GC(160) Concurrent Mark (7045.715s)
[2020-09-11T11:44:00.581+0000][26480][gc,marking   ] GC(160) Concurrent Mark From Roots
[2020-09-11T11:44:00.581+0000][26480][gc,task      ] GC(160) Using 2 workers of 2 for marking
[2020-09-11T11:44:00.731+0000][26480][gc,marking   ] GC(160) Concurrent Mark From Roots 150.807ms
[2020-09-11T11:44:00.731+0000][26480][gc,marking   ] GC(160) Concurrent Preclean
[2020-09-11T11:44:00.732+0000][26480][gc,marking   ] GC(160) Concurrent Preclean 0.738ms
[2020-09-11T11:44:00.732+0000][26480][gc,marking   ] GC(160) Concurrent Mark (7045.715s, 7045.867s) 151.743ms
[2020-09-11T11:44:00.732+0000][26480][gc,start     ] GC(160) Pause Remark
[2020-09-11T11:44:00.738+0000][26480][gc           ] GC(160) Pause Remark 294M->294M(1024M) 5.146ms
[2020-09-11T11:44:00.738+0000][26480][gc,cpu       ] GC(160) User=0.00s Sys=0.00s Real=0.01s
[2020-09-11T11:44:00.738+0000][26480][safepoint    ] Safepoint "G1Concurrent", Time since last: 155151300 ns, Reaching safepoint: 139100 ns, At safepoint: 5362400 ns, Total: 5501500 ns
[2020-09-11T11:44:00.738+0000][26480][gc,marking   ] GC(160) Concurrent Rebuild Remembered Sets
[2020-09-11T11:44:00.828+0000][26480][gc,marking   ] GC(160) Concurrent Rebuild Remembered Sets 90.251ms
[2020-09-11T11:44:00.828+0000][26480][gc,start     ] GC(160) Pause Cleanup
[2020-09-11T11:44:00.829+0000][26480][gc           ] GC(160) Pause Cleanup 360M->360M(1024M) 0.315ms
[2020-09-11T11:44:00.829+0000][26480][gc,cpu       ] GC(160) User=0.00s Sys=0.00s Real=0.00s
[2020-09-11T11:44:00.829+0000][26480][safepoint    ] Safepoint "G1Concurrent", Time since last: 90447100 ns, Reaching safepoint: 159400 ns, At safepoint: 525200 ns, Total: 684600 ns
[2020-09-11T11:44:00.829+0000][26480][gc,marking   ] GC(160) Concurrent Cleanup for Next Mark
[2020-09-11T11:44:00.831+0000][26480][gc,marking   ] GC(160) Concurrent Cleanup for Next Mark 1.528ms
[2020-09-11T11:44:00.831+0000][26480][gc           ] GC(160) Concurrent Cycle 253.520ms
[2020-09-11T11:44:00.983+0000][26480][gc,start     ] GC(161) Pause Young (Concurrent Start) (G1 Humongous Allocation)
[2020-09-11T11:44:00.983+0000][26480][gc,task      ] GC(161) Using 8 workers of 8 for evacuation
[2020-09-11T11:44:00.983+0000][26480][gc,age       ] GC(161) Desired survivor size 33554432 bytes, new threshold 15 (max threshold 15)
[2020-09-11T11:44:00.986+0000][26480][gc,age       ] GC(161) Age table with threshold 15 (max threshold 15)
[2020-09-11T11:44:00.987+0000][26480][gc,age       ] GC(161) - age   1:    2810216 bytes,    2810216 total
[2020-09-11T11:44:00.987+0000][26480][gc,age       ] GC(161) - age   2:     204976 bytes,    3015192 total
[2020-09-11T11:44:00.987+0000][26480][gc,age       ] GC(161) - age   3:       2528 bytes,    3017720 total
[2020-09-11T11:44:00.987+0000][26480][gc,age       ] GC(161) - age   4:     202552 bytes,    3220272 total
[2020-09-11T11:44:00.987+0000][26480][gc,age       ] GC(161) - age   5:     202728 bytes,    3423000 total
[2020-09-11T11:44:00.987+0000][26480][gc,age       ] GC(161) - age   6:        904 bytes,    3423904 total
[2020-09-11T11:44:00.987+0000][26480][gc,age       ] GC(161) - age   7:      51928 bytes,    3475832 total
[2020-09-11T11:44:00.987+0000][26480][gc,age       ] GC(161) - age   8:        936 bytes,    3476768 total
[2020-09-11T11:44:00.987+0000][26480][gc,age       ] GC(161) - age   9:        200 bytes,    3476968 total
[2020-09-11T11:44:00.987+0000][26480][gc,age       ] GC(161) - age  10:       1712 bytes,    3478680 total
[2020-09-11T11:44:00.987+0000][26480][gc,age       ] GC(161) - age  11:        712 bytes,    3479392 total
[2020-09-11T11:44:00.987+0000][26480][gc,age       ] GC(161) - age  12:        816 bytes,    3480208 total
[2020-09-11T11:44:00.987+0000][26480][gc,age       ] GC(161) - age  13:        736 bytes,    3480944 total
[2020-09-11T11:44:00.987+0000][26480][gc,age       ] GC(161) - age  14:       1664 bytes,    3482608 total
[2020-09-11T11:44:00.987+0000][26480][gc,age       ] GC(161) - age  15:        216 bytes,    3482824 total
[2020-09-11T11:44:00.987+0000][26480][gc,phases    ] GC(161)   Pre Evacuate Collection Set: 0.4ms
[2020-09-11T11:44:00.987+0000][26480][gc,phases    ] GC(161)   Merge Heap Roots: 0.1ms
[2020-09-11T11:44:00.987+0000][26480][gc,phases    ] GC(161)   Evacuate Collection Set: 2.0ms
[2020-09-11T11:44:00.987+0000][26480][gc,phases    ] GC(161)   Post Evacuate Collection Set: 0.7ms
[2020-09-11T11:44:00.987+0000][26480][gc,phases    ] GC(161)   Other: 0.9ms
[2020-09-11T11:44:00.987+0000][26480][gc,heap      ] GC(161) Eden regions: 37->0(507)
[2020-09-11T11:44:00.987+0000][26480][gc,heap      ] GC(161) Survivor regions: 3->4(64)
[2020-09-11T11:44:00.987+0000][26480][gc,heap      ] GC(161) Old regions: 76->76
[2020-09-11T11:44:00.987+0000][26480][gc,heap      ] GC(161) Archive regions: 0->0
[2020-09-11T11:44:00.987+0000][26480][gc,heap      ] GC(161) Humongous regions: 255->174
[2020-09-11T11:44:00.987+0000][26480][gc,metaspace ] GC(161) Metaspace: 85288K(91544K)->85288K(91544K) NonClass: 74232K(77976K)->74232K(77976K) Class: 11056K(13568K)->11056K(13568K)
[2020-09-11T11:44:00.987+0000][26480][gc           ] GC(161) Pause Young (Concurrent Start) (G1 Humongous Allocation) 370M->253M(1024M) 4.285ms
[2020-09-11T11:44:00.987+0000][26480][gc,cpu       ] GC(161) User=0.00s Sys=0.00s Real=0.00s
[2020-09-11T11:44:00.987+0000][26480][gc           ] GC(162) Concurrent Cycle
[2020-09-11T11:44:00.987+0000][26480][safepoint    ] Safepoint "G1TryInitiateConcMark", Time since last: 153868200 ns, Reaching safepoint: 152600 ns, At safepoint: 4500100 ns, Total: 4652700 ns
[2020-09-11T11:44:00.987+0000][26480][gc,marking   ] GC(162) Concurrent Clear Claimed Marks
[2020-09-11T11:44:00.988+0000][26480][gc,marking   ] GC(162) Concurrent Clear Claimed Marks 0.560ms
[2020-09-11T11:44:00.988+0000][26480][gc,marking   ] GC(162) Concurrent Scan Root Regions
[2020-09-11T11:44:00.991+0000][26480][gc,marking   ] GC(162) Concurrent Scan Root Regions 2.857ms
[2020-09-11T11:44:00.991+0000][26480][gc,marking   ] GC(162) Concurrent Mark (7046.126s)
[2020-09-11T11:44:00.991+0000][26480][gc,marking   ] GC(162) Concurrent Mark From Roots
[2020-09-11T11:44:00.991+0000][26480][gc,task      ] GC(162) Using 2 workers of 2 for marking
[2020-09-11T11:44:01.135+0000][26480][gc,marking   ] GC(162) Concurrent Mark From Roots 143.657ms
[2020-09-11T11:44:01.135+0000][26480][gc,marking   ] GC(162) Concurrent Preclean
[2020-09-11T11:44:01.136+0000][26480][gc,marking   ] GC(162) Concurrent Preclean 0.624ms
[2020-09-11T11:44:01.136+0000][26480][gc,marking   ] GC(162) Concurrent Mark (7046.126s, 7046.270s) 144.437ms
[2020-09-11T11:44:01.136+0000][26480][gc,start     ] GC(162) Pause Remark
[2020-09-11T11:44:01.140+0000][26480][gc           ] GC(162) Pause Remark 312M->312M(1024M) 4.527ms
[2020-09-11T11:44:01.140+0000][26480][gc,cpu       ] GC(162) User=0.00s Sys=0.00s Real=0.00s
[2020-09-11T11:44:01.141+0000][26480][safepoint    ] Safepoint "G1Concurrent", Time since last: 148210100 ns, Reaching safepoint: 163000 ns, At safepoint: 4775200 ns, Total: 4938200 ns
[2020-09-11T11:44:01.141+0000][26480][gc,marking   ] GC(162) Concurrent Rebuild Remembered Sets
[2020-09-11T11:44:01.224+0000][26480][gc,marking   ] GC(162) Concurrent Rebuild Remembered Sets 83.791ms
[2020-09-11T11:44:01.225+0000][26480][gc,start     ] GC(162) Pause Cleanup
[2020-09-11T11:44:01.225+0000][26480][gc           ] GC(162) Pause Cleanup 367M->367M(1024M) 0.419ms
[2020-09-11T11:44:01.225+0000][26480][gc,cpu       ] GC(162) User=0.00s Sys=0.00s Real=0.00s
[2020-09-11T11:44:01.226+0000][26480][safepoint    ] Safepoint "G1Concurrent", Time since last: 84056700 ns, Reaching safepoint: 273300 ns, At safepoint: 683000 ns, Total: 956300 ns
[2020-09-11T11:44:01.226+0000][26480][gc,marking   ] GC(162) Concurrent Cleanup for Next Mark
[2020-09-11T11:44:01.228+0000][26480][gc,marking   ] GC(162) Concurrent Cleanup for Next Mark 2.359ms
[2020-09-11T11:44:01.228+0000][26480][gc           ] GC(162) Concurrent Cycle 240.750ms
[2020-09-11T11:44:01.435+0000][26480][gc,start     ] GC(163) Pause Young (Concurrent Start) (G1 Humongous Allocation)
[2020-09-11T11:44:01.435+0000][26480][gc,task      ] GC(163) Using 8 workers of 8 for evacuation
[2020-09-11T11:44:01.435+0000][26480][gc,age       ] GC(163) Desired survivor size 33554432 bytes, new threshold 15 (max threshold 15)
[2020-09-11T11:44:01.439+0000][26480][gc,age       ] GC(163) Age table with threshold 15 (max threshold 15)
[2020-09-11T11:44:01.439+0000][26480][gc,age       ] GC(163) - age   1:    2742336 bytes,    2742336 total
[2020-09-11T11:44:01.440+0000][26480][gc,age       ] GC(163) - age   2:     200368 bytes,    2942704 total
[2020-09-11T11:44:01.440+0000][26480][gc,age       ] GC(163) - age   3:     204480 bytes,    3147184 total
[2020-09-11T11:44:01.440+0000][26480][gc,age       ] GC(163) - age   4:       2464 bytes,    3149648 total
[2020-09-11T11:44:01.440+0000][26480][gc,age       ] GC(163) - age   5:     202400 bytes,    3352048 total
[2020-09-11T11:44:01.440+0000][26480][gc,age       ] GC(163) - age   6:     202480 bytes,    3554528 total
[2020-09-11T11:44:01.440+0000][26480][gc,age       ] GC(163) - age   7:        776 bytes,    3555304 total
[2020-09-11T11:44:01.440+0000][26480][gc,age       ] GC(163) - age   8:      51856 bytes,    3607160 total
[2020-09-11T11:44:01.440+0000][26480][gc,age       ] GC(163) - age   9:        904 bytes,    3608064 total
[2020-09-11T11:44:01.440+0000][26480][gc,age       ] GC(163) - age  10:        200 bytes,    3608264 total
[2020-09-11T11:44:01.440+0000][26480][gc,age       ] GC(163) - age  11:       1352 bytes,    3609616 total
[2020-09-11T11:44:01.440+0000][26480][gc,age       ] GC(163) - age  12:        712 bytes,    3610328 total
[2020-09-11T11:44:01.440+0000][26480][gc,age       ] GC(163) - age  13:        656 bytes,    3610984 total
[2020-09-11T11:44:01.440+0000][26480][gc,age       ] GC(163) - age  14:        704 bytes,    3611688 total
[2020-09-11T11:44:01.440+0000][26480][gc,age       ] GC(163) - age  15:       1664 bytes,    3613352 total
[2020-09-11T11:44:01.440+0000][26480][gc,phases    ] GC(163)   Pre Evacuate Collection Set: 0.5ms
[2020-09-11T11:44:01.440+0000][26480][gc,phases    ] GC(163)   Merge Heap Roots: 0.1ms
[2020-09-11T11:44:01.440+0000][26480][gc,phases    ] GC(163)   Evacuate Collection Set: 2.4ms
[2020-09-11T11:44:01.440+0000][26480][gc,phases    ] GC(163)   Post Evacuate Collection Set: 0.9ms
[2020-09-11T11:44:01.441+0000][26480][gc,phases    ] GC(163)   Other: 1.4ms
[2020-09-11T11:44:01.441+0000][26480][gc,heap      ] GC(163) Eden regions: 38->0(506)
[2020-09-11T11:44:01.441+0000][26480][gc,heap      ] GC(163) Survivor regions: 4->4(64)
[2020-09-11T11:44:01.441+0000][26480][gc,heap      ] GC(163) Old regions: 76->76
[2020-09-11T11:44:01.441+0000][26480][gc,heap      ] GC(163) Archive regions: 0->0
[2020-09-11T11:44:01.441+0000][26480][gc,heap      ] GC(163) Humongous regions: 274->174
[2020-09-11T11:44:01.441+0000][26480][gc,metaspace ] GC(163) Metaspace: 85289K(91544K)->85289K(91544K) NonClass: 74233K(77976K)->74233K(77976K) Class: 11056K(13568K)->11056K(13568K)
[2020-09-11T11:44:01.441+0000][26480][gc           ] GC(163) Pause Young (Concurrent Start) (G1 Humongous Allocation) 391M->253M(1024M) 5.699ms
[2020-09-11T11:44:01.441+0000][26480][gc,cpu       ] GC(163) User=0.00s Sys=0.00s Real=0.01s
[2020-09-11T11:44:01.441+0000][26480][gc           ] GC(164) Concurrent Cycle
[2020-09-11T11:44:01.441+0000][26480][safepoint    ] Safepoint "G1TryInitiateConcMark", Time since last: 209198400 ns, Reaching safepoint: 221500 ns, At safepoint: 5932700 ns, Total: 6154200 ns
[2020-09-11T11:44:01.441+0000][26480][gc,marking   ] GC(164) Concurrent Clear Claimed Marks
[2020-09-11T11:44:01.442+0000][26480][gc,marking   ] GC(164) Concurrent Clear Claimed Marks 0.757ms
[2020-09-11T11:44:01.442+0000][26480][gc,marking   ] GC(164) Concurrent Scan Root Regions
[2020-09-11T11:44:01.445+0000][26480][gc,marking   ] GC(164) Concurrent Scan Root Regions 2.943ms
[2020-09-11T11:44:01.445+0000][26480][gc,marking   ] GC(164) Concurrent Mark (7046.579s)
[2020-09-11T11:44:01.445+0000][26480][gc,marking   ] GC(164) Concurrent Mark From Roots
[2020-09-11T11:44:01.445+0000][26480][gc,task      ] GC(164) Using 2 workers of 2 for marking
[2020-09-11T11:44:01.592+0000][26480][gc,marking   ] GC(164) Concurrent Mark From Roots 147.457ms
[2020-09-11T11:44:01.593+0000][26480][gc,marking   ] GC(164) Concurrent Preclean
[2020-09-11T11:44:01.593+0000][26480][gc,marking   ] GC(164) Concurrent Preclean 0.840ms
[2020-09-11T11:44:01.593+0000][26480][gc,marking   ] GC(164) Concurrent Mark (7046.579s, 7046.728s) 148.544ms
[2020-09-11T11:44:01.594+0000][26480][gc,start     ] GC(164) Pause Remark
[2020-09-11T11:44:01.599+0000][26480][gc           ] GC(164) Pause Remark 310M->310M(1024M) 5.205ms
[2020-09-11T11:44:01.599+0000][26480][gc,cpu       ] GC(164) User=0.00s Sys=0.00s Real=0.00s
[2020-09-11T11:44:01.599+0000][26480][safepoint    ] Safepoint "G1Concurrent", Time since last: 152651200 ns, Reaching safepoint: 166400 ns, At safepoint: 5459500 ns, Total: 5625900 ns
[2020-09-11T11:44:01.599+0000][26480][gc,marking   ] GC(164) Concurrent Rebuild Remembered Sets
[2020-09-11T11:44:01.680+0000][26480][gc,marking   ] GC(164) Concurrent Rebuild Remembered Sets 80.795ms
[2020-09-11T11:44:01.680+0000][26480][gc,start     ] GC(164) Pause Cleanup
[2020-09-11T11:44:01.681+0000][26480][gc           ] GC(164) Pause Cleanup 348M->348M(1024M) 0.413ms
[2020-09-11T11:44:01.681+0000][26480][gc,cpu       ] GC(164) User=0.00s Sys=0.00s Real=0.00s
[2020-09-11T11:44:01.681+0000][26480][safepoint    ] Safepoint "G1Concurrent", Time since last: 81045400 ns, Reaching safepoint: 191700 ns, At safepoint: 634400 ns, Total: 826100 ns
[2020-09-11T11:44:01.681+0000][26480][gc,marking   ] GC(164) Concurrent Cleanup for Next Mark
[2020-09-11T11:44:01.684+0000][26480][gc,marking   ] GC(164) Concurrent Cleanup for Next Mark 2.492ms
[2020-09-11T11:44:01.684+0000][26480][gc           ] GC(164) Concurrent Cycle 242.964ms
[2020-09-11T11:44:01.684+0000][26480][gc,start     ] GC(165) Pause Young (Concurrent Start) (G1 Humongous Allocation)
[2020-09-11T11:44:01.684+0000][26480][gc,task      ] GC(165) Using 8 workers of 8 for evacuation
[2020-09-11T11:44:01.684+0000][26480][gc,age       ] GC(165) Desired survivor size 33554432 bytes, new threshold 15 (max threshold 15)
[2020-09-11T11:44:01.689+0000][26480][gc,age       ] GC(165) Age table with threshold 15 (max threshold 15)
[2020-09-11T11:44:01.689+0000][26480][gc,age       ] GC(165) - age   1:    1642568 bytes,    1642568 total
[2020-09-11T11:44:01.689+0000][26480][gc,age       ] GC(165) - age   2:     208456 bytes,    1851024 total
[2020-09-11T11:44:01.689+0000][26480][gc,age       ] GC(165) - age   3:     200336 bytes,    2051360 total
[2020-09-11T11:44:01.689+0000][26480][gc,age       ] GC(165) - age   4:     204480 bytes,    2255840 total
[2020-09-11T11:44:01.689+0000][26480][gc,age       ] GC(165) - age   5:       2464 bytes,    2258304 total
[2020-09-11T11:44:01.689+0000][26480][gc,age       ] GC(165) - age   6:     202152 bytes,    2460456 total
[2020-09-11T11:44:01.689+0000][26480][gc,age       ] GC(165) - age   7:     202448 bytes,    2662904 total
[2020-09-11T11:44:01.689+0000][26480][gc,age       ] GC(165) - age   8:        776 bytes,    2663680 total
[2020-09-11T11:44:01.689+0000][26480][gc,age       ] GC(165) - age   9:      49464 bytes,    2713144 total
[2020-09-11T11:44:01.689+0000][26480][gc,age       ] GC(165) - age  10:        904 bytes,    2714048 total
[2020-09-11T11:44:01.689+0000][26480][gc,age       ] GC(165) - age  11:        176 bytes,    2714224 total
[2020-09-11T11:44:01.689+0000][26480][gc,age       ] GC(165) - age  12:       1256 bytes,    2715480 total
[2020-09-11T11:44:01.689+0000][26480][gc,age       ] GC(165) - age  13:        680 bytes,    2716160 total
[2020-09-11T11:44:01.689+0000][26480][gc,age       ] GC(165) - age  14:        624 bytes,    2716784 total
[2020-09-11T11:44:01.689+0000][26480][gc,age       ] GC(165) - age  15:        704 bytes,    2717488 total
[2020-09-11T11:44:01.689+0000][26480][gc,phases    ] GC(165)   Pre Evacuate Collection Set: 0.6ms
[2020-09-11T11:44:01.690+0000][26480][gc,phases    ] GC(165)   Merge Heap Roots: 0.1ms
[2020-09-11T11:44:01.690+0000][26480][gc,phases    ] GC(165)   Evacuate Collection Set: 2.9ms
[2020-09-11T11:44:01.690+0000][26480][gc,phases    ] GC(165)   Post Evacuate Collection Set: 0.8ms
[2020-09-11T11:44:01.690+0000][26480][gc,phases    ] GC(165)   Other: 1.1ms
[2020-09-11T11:44:01.690+0000][26480][gc,heap      ] GC(165) Eden regions: 21->0(508)
[2020-09-11T11:44:01.690+0000][26480][gc,heap      ] GC(165) Survivor regions: 4->3(64)
[2020-09-11T11:44:01.690+0000][26480][gc,heap      ] GC(165) Old regions: 76->76
[2020-09-11T11:44:01.690+0000][26480][gc,heap      ] GC(165) Archive regions: 0->0
[2020-09-11T11:44:01.690+0000][26480][gc,heap      ] GC(165) Humongous regions: 263->174
[2020-09-11T11:44:01.690+0000][26480][gc,metaspace ] GC(165) Metaspace: 85291K(91544K)->85291K(91544K) NonClass: 74235K(77976K)->74235K(77976K) Class: 11056K(13568K)->11056K(13568K)
[2020-09-11T11:44:01.690+0000][26480][gc           ] GC(165) Pause Young (Concurrent Start) (G1 Humongous Allocation) 363M->252M(1024M) 5.821ms
[2020-09-11T11:44:01.690+0000][26480][gc,cpu       ] GC(165) User=0.00s Sys=0.00s Real=0.01s
[2020-09-11T11:44:01.690+0000][26480][safepoint    ] Safepoint "G1TryInitiateConcMark", Time since last: 2822200 ns, Reaching safepoint: 181400 ns, At safepoint: 6057200 ns, Total: 6238600 ns
[2020-09-11T11:44:01.690+0000][26480][gc           ] GC(166) Concurrent Cycle
[2020-09-11T11:44:01.690+0000][26480][gc,marking   ] GC(166) Concurrent Clear Claimed Marks
[2020-09-11T11:44:01.691+0000][26480][gc,marking   ] GC(166) Concurrent Clear Claimed Marks 0.558ms
[2020-09-11T11:44:01.691+0000][26480][gc,marking   ] GC(166) Concurrent Scan Root Regions
[2020-09-11T11:44:01.693+0000][26480][gc,marking   ] GC(166) Concurrent Scan Root Regions 2.405ms
[2020-09-11T11:44:01.693+0000][26480][gc,marking   ] GC(166) Concurrent Mark (7046.828s)
[2020-09-11T11:44:01.693+0000][26480][gc,marking   ] GC(166) Concurrent Mark From Roots
[2020-09-11T11:44:01.694+0000][26480][gc,task      ] GC(166) Using 2 workers of 2 for marking
[2020-09-11T11:44:01.836+0000][26480][gc,marking   ] GC(166) Concurrent Mark From Roots 142.914ms
[2020-09-11T11:44:01.836+0000][26480][gc,marking   ] GC(166) Concurrent Preclean
[2020-09-11T11:44:01.837+0000][26480][gc,marking   ] GC(166) Concurrent Preclean 0.827ms
[2020-09-11T11:44:01.837+0000][26480][gc,marking   ] GC(166) Concurrent Mark (7046.828s, 7046.972s) 143.929ms
[2020-09-11T11:44:01.838+0000][26480][gc,start     ] GC(166) Pause Remark
[2020-09-11T11:44:01.843+0000][26480][gc           ] GC(166) Pause Remark 267M->267M(1024M) 5.090ms
[2020-09-11T11:44:01.843+0000][26480][gc,cpu       ] GC(166) User=0.00s Sys=0.00s Real=0.00s
[2020-09-11T11:44:01.843+0000][26480][safepoint    ] Safepoint "G1Concurrent", Time since last: 147364200 ns, Reaching safepoint: 162200 ns, At safepoint: 5465800 ns, Total: 5628000 ns
[2020-09-11T11:44:01.843+0000][26480][gc,marking   ] GC(166) Concurrent Rebuild Remembered Sets
[2020-09-11T11:44:01.935+0000][26480][gc,marking   ] GC(166) Concurrent Rebuild Remembered Sets 92.003ms
[2020-09-11T11:44:01.936+0000][26480][gc,start     ] GC(166) Pause Cleanup
[2020-09-11T11:44:01.936+0000][26480][gc           ] GC(166) Pause Cleanup 335M->335M(1024M) 0.349ms
[2020-09-11T11:44:01.936+0000][26480][gc,cpu       ] GC(166) User=0.00s Sys=0.00s Real=0.00s
[2020-09-11T11:44:01.936+0000][26480][safepoint    ] Safepoint "G1Concurrent", Time since last: 92238500 ns, Reaching safepoint: 157300 ns, At safepoint: 566400 ns, Total: 723700 ns
[2020-09-11T11:44:01.936+0000][26480][gc,marking   ] GC(166) Concurrent Cleanup for Next Mark
[2020-09-11T11:44:01.938+0000][26480][gc,marking   ] GC(166) Concurrent Cleanup for Next Mark 1.788ms
[2020-09-11T11:44:01.938+0000][26480][gc           ] GC(166) Concurrent Cycle 247.951ms
[2020-09-11T11:44:02.154+0000][26480][gc,start     ] GC(167) Pause Young (Concurrent Start) (G1 Humongous Allocation)
[2020-09-11T11:44:02.155+0000][26480][gc,task      ] GC(167) Using 8 workers of 8 for evacuation
[2020-09-11T11:44:02.155+0000][26480][gc,age       ] GC(167) Desired survivor size 33554432 bytes, new threshold 15 (max threshold 15)
[2020-09-11T11:44:02.159+0000][26480][gc,age       ] GC(167) Age table with threshold 15 (max threshold 15)
[2020-09-11T11:44:02.159+0000][26480][gc,age       ] GC(167) - age   1:    3226784 bytes,    3226784 total
[2020-09-11T11:44:02.159+0000][26480][gc,age       ] GC(167) - age   2:       1032 bytes,    3227816 total
[2020-09-11T11:44:02.159+0000][26480][gc,age       ] GC(167) - age   3:     207168 bytes,    3434984 total
[2020-09-11T11:44:02.159+0000][26480][gc,age       ] GC(167) - age   4:     198856 bytes,    3633840 total
[2020-09-11T11:44:02.159+0000][26480][gc,age       ] GC(167) - age   5:     204328 bytes,    3838168 total
[2020-09-11T11:44:02.159+0000][26480][gc,age       ] GC(167) - age   6:       2216 bytes,    3840384 total
[2020-09-11T11:44:02.159+0000][26480][gc,age       ] GC(167) - age   7:     201992 bytes,    4042376 total
[2020-09-11T11:44:02.159+0000][26480][gc,age       ] GC(167) - age   8:     202448 bytes,    4244824 total
[2020-09-11T11:44:02.160+0000][26480][gc,age       ] GC(167) - age   9:        776 bytes,    4245600 total
[2020-09-11T11:44:02.160+0000][26480][gc,age       ] GC(167) - age  10:      49464 bytes,    4295064 total
[2020-09-11T11:44:02.160+0000][26480][gc,age       ] GC(167) - age  11:        904 bytes,    4295968 total
[2020-09-11T11:44:02.160+0000][26480][gc,age       ] GC(167) - age  12:        120 bytes,    4296088 total
[2020-09-11T11:44:02.160+0000][26480][gc,age       ] GC(167) - age  13:       1096 bytes,    4297184 total
[2020-09-11T11:44:02.160+0000][26480][gc,age       ] GC(167) - age  14:        648 bytes,    4297832 total
[2020-09-11T11:44:02.160+0000][26480][gc,age       ] GC(167) - age  15:        624 bytes,    4298456 total
[2020-09-11T11:44:02.160+0000][26480][gc,phases    ] GC(167)   Pre Evacuate Collection Set: 0.4ms
[2020-09-11T11:44:02.160+0000][26480][gc,phases    ] GC(167)   Merge Heap Roots: 0.1ms
[2020-09-11T11:44:02.160+0000][26480][gc,phases    ] GC(167)   Evacuate Collection Set: 2.8ms
[2020-09-11T11:44:02.160+0000][26480][gc,phases    ] GC(167)   Post Evacuate Collection Set: 0.9ms
[2020-09-11T11:44:02.160+0000][26480][gc,phases    ] GC(167)   Other: 1.2ms
[2020-09-11T11:44:02.160+0000][26480][gc,heap      ] GC(167) Eden regions: 36->0(505)
[2020-09-11T11:44:02.160+0000][26480][gc,heap      ] GC(167) Survivor regions: 3->5(64)
[2020-09-11T11:44:02.160+0000][26480][gc,heap      ] GC(167) Old regions: 76->76
[2020-09-11T11:44:02.160+0000][26480][gc,heap      ] GC(167) Archive regions: 0->0
[2020-09-11T11:44:02.160+0000][26480][gc,heap      ] GC(167) Humongous regions: 231->174
[2020-09-11T11:44:02.160+0000][26480][gc,metaspace ] GC(167) Metaspace: 85312K(91544K)->85312K(91544K) NonClass: 74256K(77976K)->74256K(77976K) Class: 11056K(13568K)->11056K(13568K)
[2020-09-11T11:44:02.160+0000][26480][gc           ] GC(167) Pause Young (Concurrent Start) (G1 Humongous Allocation) 344M->254M(1024M) 5.821ms
[2020-09-11T11:44:02.160+0000][26480][gc,cpu       ] GC(167) User=0.00s Sys=0.00s Real=0.01s
[2020-09-11T11:44:02.160+0000][26480][gc           ] GC(168) Concurrent Cycle
[2020-09-11T11:44:02.160+0000][26480][safepoint    ] Safepoint "G1TryInitiateConcMark", Time since last: 218175900 ns, Reaching safepoint: 179800 ns, At safepoint: 6039900 ns, Total: 6219700 ns
[2020-09-11T11:44:02.160+0000][26480][gc,marking   ] GC(168) Concurrent Clear Claimed Marks
[2020-09-11T11:44:02.161+0000][26480][gc,marking   ] GC(168) Concurrent Clear Claimed Marks 0.583ms
[2020-09-11T11:44:02.161+0000][26480][gc,marking   ] GC(168) Concurrent Scan Root Regions
[2020-09-11T11:44:02.164+0000][26480][gc,marking   ] GC(168) Concurrent Scan Root Regions 2.855ms
[2020-09-11T11:44:02.164+0000][26480][gc,marking   ] GC(168) Concurrent Mark (7047.299s)
[2020-09-11T11:44:02.164+0000][26480][gc,marking   ] GC(168) Concurrent Mark From Roots
[2020-09-11T11:44:02.164+0000][26480][gc,task      ] GC(168) Using 2 workers of 2 for marking
[2020-09-11T11:44:02.321+0000][26480][gc,marking   ] GC(168) Concurrent Mark From Roots 157.127ms
[2020-09-11T11:44:02.321+0000][26480][gc,marking   ] GC(168) Concurrent Preclean
[2020-09-11T11:44:02.322+0000][26480][gc,marking   ] GC(168) Concurrent Preclean 0.769ms
[2020-09-11T11:44:02.322+0000][26480][gc,marking   ] GC(168) Concurrent Mark (7047.299s, 7047.457s) 158.105ms
[2020-09-11T11:44:02.323+0000][26480][gc,start     ] GC(168) Pause Remark
[2020-09-11T11:44:02.328+0000][26480][gc           ] GC(168) Pause Remark 313M->313M(1024M) 5.888ms
[2020-09-11T11:44:02.329+0000][26480][gc,cpu       ] GC(168) User=0.00s Sys=0.00s Real=0.01s
[2020-09-11T11:44:02.329+0000][26480][safepoint    ] Safepoint "G1Concurrent", Time since last: 161891000 ns, Reaching safepoint: 166700 ns, At safepoint: 6118000 ns, Total: 6284700 ns
[2020-09-11T11:44:02.329+0000][26480][gc,marking   ] GC(168) Concurrent Rebuild Remembered Sets
[2020-09-11T11:44:02.422+0000][26480][gc,marking   ] GC(168) Concurrent Rebuild Remembered Sets 93.144ms
[2020-09-11T11:44:02.422+0000][26480][gc,start     ] GC(168) Pause Cleanup
[2020-09-11T11:44:02.423+0000][26480][gc           ] GC(168) Pause Cleanup 379M->379M(1024M) 0.355ms
[2020-09-11T11:44:02.423+0000][26480][gc,cpu       ] GC(168) User=0.00s Sys=0.00s Real=0.00s
[2020-09-11T11:44:02.423+0000][26480][safepoint    ] Safepoint "G1Concurrent", Time since last: 93348700 ns, Reaching safepoint: 172400 ns, At safepoint: 557800 ns, Total: 730200 ns
[2020-09-11T11:44:02.423+0000][26480][gc,marking   ] GC(168) Concurrent Cleanup for Next Mark
[2020-09-11T11:44:02.425+0000][26480][gc,marking   ] GC(168) Concurrent Cleanup for Next Mark 1.769ms
[2020-09-11T11:44:02.425+0000][26480][gc           ] GC(168) Concurrent Cycle 264.259ms
[2020-09-11T11:44:02.623+0000][26480][gc,start     ] GC(169) Pause Young (Concurrent Start) (G1 Humongous Allocation)
[2020-09-11T11:44:02.623+0000][26480][gc,task      ] GC(169) Using 8 workers of 8 for evacuation
[2020-09-11T11:44:02.624+0000][26480][gc,age       ] GC(169) Desired survivor size 33554432 bytes, new threshold 15 (max threshold 15)
[2020-09-11T11:44:02.628+0000][26480][gc,age       ] GC(169) Age table with threshold 15 (max threshold 15)
[2020-09-11T11:44:02.628+0000][26480][gc,age       ] GC(169) - age   1:    3167056 bytes,    3167056 total
[2020-09-11T11:44:02.628+0000][26480][gc,age       ] GC(169) - age   2:     200584 bytes,    3367640 total
[2020-09-11T11:44:02.628+0000][26480][gc,age       ] GC(169) - age   3:       1000 bytes,    3368640 total
[2020-09-11T11:44:02.628+0000][26480][gc,age       ] GC(169) - age   4:     206768 bytes,    3575408 total
[2020-09-11T11:44:02.628+0000][26480][gc,age       ] GC(169) - age   5:     198456 bytes,    3773864 total
[2020-09-11T11:44:02.628+0000][26480][gc,age       ] GC(169) - age   6:     204200 bytes,    3978064 total
[2020-09-11T11:44:02.628+0000][26480][gc,age       ] GC(169) - age   7:       2184 bytes,    3980248 total
[2020-09-11T11:44:02.628+0000][26480][gc,age       ] GC(169) - age   8:     201992 bytes,    4182240 total
[2020-09-11T11:44:02.628+0000][26480][gc,age       ] GC(169) - age   9:     202448 bytes,    4384688 total
[2020-09-11T11:44:02.628+0000][26480][gc,age       ] GC(169) - age  10:        776 bytes,    4385464 total
[2020-09-11T11:44:02.628+0000][26480][gc,age       ] GC(169) - age  11:      49464 bytes,    4434928 total
[2020-09-11T11:44:02.628+0000][26480][gc,age       ] GC(169) - age  12:        744 bytes,    4435672 total
[2020-09-11T11:44:02.628+0000][26480][gc,age       ] GC(169) - age  13:        120 bytes,    4435792 total
[2020-09-11T11:44:02.628+0000][26480][gc,age       ] GC(169) - age  14:       1064 bytes,    4436856 total
[2020-09-11T11:44:02.628+0000][26480][gc,age       ] GC(169) - age  15:        648 bytes,    4437504 total
[2020-09-11T11:44:02.628+0000][26480][gc,phases    ] GC(169)   Pre Evacuate Collection Set: 0.4ms
[2020-09-11T11:44:02.628+0000][26480][gc,phases    ] GC(169)   Merge Heap Roots: 0.1ms
[2020-09-11T11:44:02.628+0000][26480][gc,phases    ] GC(169)   Evacuate Collection Set: 2.4ms
[2020-09-11T11:44:02.628+0000][26480][gc,phases    ] GC(169)   Post Evacuate Collection Set: 0.9ms
[2020-09-11T11:44:02.628+0000][26480][gc,phases    ] GC(169)   Other: 1.1ms
[2020-09-11T11:44:02.628+0000][26480][gc,heap      ] GC(169) Eden regions: 37->0(505)
[2020-09-11T11:44:02.628+0000][26480][gc,heap      ] GC(169) Survivor regions: 5->5(64)
[2020-09-11T11:44:02.628+0000][26480][gc,heap      ] GC(169) Old regions: 76->76
[2020-09-11T11:44:02.628+0000][26480][gc,heap      ] GC(169) Archive regions: 0->0
[2020-09-11T11:44:02.629+0000][26480][gc,heap      ] GC(169) Humongous regions: 272->174
[2020-09-11T11:44:02.629+0000][26480][gc,metaspace ] GC(169) Metaspace: 85326K(91544K)->85326K(91544K) NonClass: 74270K(77976K)->74270K(77976K) Class: 11056K(13568K)->11056K(13568K)
[2020-09-11T11:44:02.629+0000][26480][gc           ] GC(169) Pause Young (Concurrent Start) (G1 Humongous Allocation) 389M->254M(1024M) 5.223ms
[2020-09-11T11:44:02.629+0000][26480][gc,cpu       ] GC(169) User=0.00s Sys=0.00s Real=0.01s
[2020-09-11T11:44:02.629+0000][26480][gc           ] GC(170) Concurrent Cycle
[2020-09-11T11:44:02.629+0000][26480][safepoint    ] Safepoint "G1TryInitiateConcMark", Time since last: 200430500 ns, Reaching safepoint: 156200 ns, At safepoint: 5482200 ns, Total: 5638400 ns
[2020-09-11T11:44:02.629+0000][26480][gc,marking   ] GC(170) Concurrent Clear Claimed Marks
[2020-09-11T11:44:02.629+0000][26480][gc,marking   ] GC(170) Concurrent Clear Claimed Marks 0.469ms
[2020-09-11T11:44:02.629+0000][26480][gc,marking   ] GC(170) Concurrent Scan Root Regions
[2020-09-11T11:44:02.633+0000][26480][gc,marking   ] GC(170) Concurrent Scan Root Regions 3.299ms
[2020-09-11T11:44:02.633+0000][26480][gc,marking   ] GC(170) Concurrent Mark (7047.767s)
[2020-09-11T11:44:02.633+0000][26480][gc,marking   ] GC(170) Concurrent Mark From Roots
[2020-09-11T11:44:02.633+0000][26480][gc,task      ] GC(170) Using 2 workers of 2 for marking
[2020-09-11T11:44:02.779+0000][26480][gc,marking   ] GC(170) Concurrent Mark From Roots 145.860ms
[2020-09-11T11:44:02.779+0000][26480][gc,marking   ] GC(170) Concurrent Preclean
[2020-09-11T11:44:02.780+0000][26480][gc,marking   ] GC(170) Concurrent Preclean 0.838ms
[2020-09-11T11:44:02.780+0000][26480][gc,marking   ] GC(170) Concurrent Mark (7047.767s, 7047.914s) 146.911ms
[2020-09-11T11:44:02.780+0000][26480][gc,start     ] GC(170) Pause Remark
[2020-09-11T11:44:02.785+0000][26480][gc           ] GC(170) Pause Remark 312M->312M(1024M) 5.240ms
[2020-09-11T11:44:02.785+0000][26480][gc,cpu       ] GC(170) User=0.00s Sys=0.00s Real=0.01s
[2020-09-11T11:44:02.785+0000][26480][safepoint    ] Safepoint "G1Concurrent", Time since last: 150970000 ns, Reaching safepoint: 176400 ns, At safepoint: 5445000 ns, Total: 5621400 ns
[2020-09-11T11:44:02.785+0000][26480][gc,marking   ] GC(170) Concurrent Rebuild Remembered Sets
[2020-09-11T11:44:02.835+0000][26480][safepoint    ] Safepoint "BulkRevokeBias", Time since last: 47605400 ns, Reaching safepoint: 492900 ns, At safepoint: 1607300 ns, Total: 2100200 ns
[2020-09-11T11:44:02.882+0000][26480][gc,marking   ] GC(170) Concurrent Rebuild Remembered Sets 96.852ms
[2020-09-11T11:44:02.883+0000][26480][gc,start     ] GC(170) Pause Cleanup
[2020-09-11T11:44:02.883+0000][26480][gc           ] GC(170) Pause Cleanup 325M->325M(1024M) 0.298ms
[2020-09-11T11:44:02.883+0000][26480][gc,cpu       ] GC(170) User=0.00s Sys=0.00s Real=0.00s
[2020-09-11T11:44:02.883+0000][26480][safepoint    ] Safepoint "G1Concurrent", Time since last: 47353000 ns, Reaching safepoint: 319800 ns, At safepoint: 485300 ns, Total: 805100 ns
[2020-09-11T11:44:02.883+0000][26480][gc,marking   ] GC(170) Concurrent Cleanup for Next Mark
[2020-09-11T11:44:02.885+0000][26480][gc,marking   ] GC(170) Concurrent Cleanup for Next Mark 1.983ms
[2020-09-11T11:44:02.885+0000][26480][gc           ] GC(170) Concurrent Cycle 256.685ms
[2020-09-11T11:44:02.934+0000][26480][gc,start     ] GC(171) Pause Young (Concurrent Start) (G1 Humongous Allocation)
[2020-09-11T11:44:02.935+0000][26480][gc,task      ] GC(171) Using 8 workers of 8 for evacuation
[2020-09-11T11:44:02.935+0000][26480][gc,age       ] GC(171) Desired survivor size 33554432 bytes, new threshold 15 (max threshold 15)
[2020-09-11T11:44:02.938+0000][26480][gc,age       ] GC(171) Age table with threshold 15 (max threshold 15)
[2020-09-11T11:44:02.938+0000][26480][gc,age       ] GC(171) - age   1:    2424968 bytes,    2424968 total
[2020-09-11T11:44:02.938+0000][26480][gc,age       ] GC(171) - age   2:       1944 bytes,    2426912 total
[2020-09-11T11:44:02.938+0000][26480][gc,age       ] GC(171) - age   3:       2072 bytes,    2428984 total
[2020-09-11T11:44:02.938+0000][26480][gc,age       ] GC(171) - age   4:        480 bytes,    2429464 total
[2020-09-11T11:44:02.938+0000][26480][gc,age       ] GC(171) - age   5:       1616 bytes,    2431080 total
[2020-09-11T11:44:02.939+0000][26480][gc,age       ] GC(171) - age   6:        776 bytes,    2431856 total
[2020-09-11T11:44:02.939+0000][26480][gc,age       ] GC(171) - age   7:        368 bytes,    2432224 total
[2020-09-11T11:44:02.939+0000][26480][gc,age       ] GC(171) - age   8:       1016 bytes,    2433240 total
[2020-09-11T11:44:02.939+0000][26480][gc,age       ] GC(171) - age   9:        904 bytes,    2434144 total
[2020-09-11T11:44:02.939+0000][26480][gc,age       ] GC(171) - age  10:       2192 bytes,    2436336 total
[2020-09-11T11:44:02.939+0000][26480][gc,age       ] GC(171) - age  11:        472 bytes,    2436808 total
[2020-09-11T11:44:02.939+0000][26480][gc,age       ] GC(171) - age  12:      47720 bytes,    2484528 total
[2020-09-11T11:44:02.939+0000][26480][gc,age       ] GC(171) - age  13:        744 bytes,    2485272 total
[2020-09-11T11:44:02.939+0000][26480][gc,age       ] GC(171) - age  14:         96 bytes,    2485368 total
[2020-09-11T11:44:02.939+0000][26480][gc,age       ] GC(171) - age  15:       1064 bytes,    2486432 total
[2020-09-11T11:44:02.939+0000][26480][gc,phases    ] GC(171)   Pre Evacuate Collection Set: 0.5ms
[2020-09-11T11:44:02.939+0000][26480][gc,phases    ] GC(171)   Merge Heap Roots: 0.1ms
[2020-09-11T11:44:02.939+0000][26480][gc,phases    ] GC(171)   Evacuate Collection Set: 2.1ms
[2020-09-11T11:44:02.939+0000][26480][gc,phases    ] GC(171)   Post Evacuate Collection Set: 0.7ms
[2020-09-11T11:44:02.939+0000][26480][gc,phases    ] GC(171)   Other: 1.1ms
[2020-09-11T11:44:02.939+0000][26480][gc,heap      ] GC(171) Eden regions: 35->0(507)
[2020-09-11T11:44:02.939+0000][26480][gc,heap      ] GC(171) Survivor regions: 5->3(64)
[2020-09-11T11:44:02.939+0000][26480][gc,heap      ] GC(171) Old regions: 76->76
[2020-09-11T11:44:02.939+0000][26480][gc,heap      ] GC(171) Archive regions: 0->0
[2020-09-11T11:44:02.939+0000][26480][gc,heap      ] GC(171) Humongous regions: 231->174
[2020-09-11T11:44:02.939+0000][26480][gc,metaspace ] GC(171) Metaspace: 85365K(91544K)->85365K(91544K) NonClass: 74309K(77976K)->74309K(77976K) Class: 11056K(13568K)->11056K(13568K)
[2020-09-11T11:44:02.939+0000][26480][gc           ] GC(171) Pause Young (Concurrent Start) (G1 Humongous Allocation) 346M->252M(1024M) 4.638ms
[2020-09-11T11:44:02.939+0000][26480][gc,cpu       ] GC(171) User=0.00s Sys=0.00s Real=0.00s
[2020-09-11T11:44:02.939+0000][26480][gc           ] GC(172) Concurrent Cycle
[2020-09-11T11:44:02.939+0000][26480][safepoint    ] Safepoint "G1TryInitiateConcMark", Time since last: 50902700 ns, Reaching safepoint: 205100 ns, At safepoint: 4896300 ns, Total: 5101400 ns
[2020-09-11T11:44:02.939+0000][26480][gc,marking   ] GC(172) Concurrent Clear Claimed Marks
[2020-09-11T11:44:02.940+0000][26480][gc,marking   ] GC(172) Concurrent Clear Claimed Marks 0.714ms
[2020-09-11T11:44:02.940+0000][26480][gc,marking   ] GC(172) Concurrent Scan Root Regions
[2020-09-11T11:44:02.943+0000][26480][gc,marking   ] GC(172) Concurrent Scan Root Regions 2.492ms
[2020-09-11T11:44:02.943+0000][26480][gc,marking   ] GC(172) Concurrent Mark (7048.077s)
[2020-09-11T11:44:02.943+0000][26480][gc,marking   ] GC(172) Concurrent Mark From Roots
[2020-09-11T11:44:02.943+0000][26480][gc,task      ] GC(172) Using 2 workers of 2 for marking
[2020-09-11T11:44:03.068+0000][26480][gc,marking   ] GC(172) Concurrent Mark From Roots 125.627ms
[2020-09-11T11:44:03.068+0000][26480][gc,marking   ] GC(172) Concurrent Preclean
[2020-09-11T11:44:03.069+0000][26480][gc,marking   ] GC(172) Concurrent Preclean 0.850ms
[2020-09-11T11:44:03.069+0000][26480][gc,marking   ] GC(172) Concurrent Mark (7048.077s, 7048.204s) 126.657ms
[2020-09-11T11:44:03.070+0000][26480][gc,start     ] GC(172) Pause Remark
[2020-09-11T11:44:03.075+0000][26480][gc           ] GC(172) Pause Remark 304M->304M(1024M) 5.201ms
[2020-09-11T11:44:03.075+0000][26480][gc,cpu       ] GC(172) User=0.11s Sys=0.00s Real=0.01s
[2020-09-11T11:44:03.075+0000][26480][safepoint    ] Safepoint "G1Concurrent", Time since last: 130218800 ns, Reaching safepoint: 160900 ns, At safepoint: 5429000 ns, Total: 5589900 ns
[2020-09-11T11:44:03.075+0000][26480][gc,marking   ] GC(172) Concurrent Rebuild Remembered Sets
[2020-09-11T11:44:03.164+0000][26480][gc,marking   ] GC(172) Concurrent Rebuild Remembered Sets 88.919ms
[2020-09-11T11:44:03.164+0000][26480][gc,start     ] GC(172) Pause Cleanup
[2020-09-11T11:44:03.165+0000][26480][gc           ] GC(172) Pause Cleanup 374M->374M(1024M) 0.340ms
[2020-09-11T11:44:03.165+0000][26480][gc,cpu       ] GC(172) User=0.00s Sys=0.00s Real=0.00s
[2020-09-11T11:44:03.165+0000][26480][safepoint    ] Safepoint "G1Concurrent", Time since last: 89116400 ns, Reaching safepoint: 156100 ns, At safepoint: 505400 ns, Total: 661500 ns
[2020-09-11T11:44:03.165+0000][26480][gc,marking   ] GC(172) Concurrent Cleanup for Next Mark
[2020-09-11T11:44:03.166+0000][26480][gc,marking   ] GC(172) Concurrent Cleanup for Next Mark 1.631ms
[2020-09-11T11:44:03.167+0000][26480][gc           ] GC(172) Concurrent Cycle 227.458ms
[2020-09-11T11:44:03.380+0000][26480][gc,start     ] GC(173) Pause Young (Concurrent Start) (G1 Humongous Allocation)
[2020-09-11T11:44:03.380+0000][26480][gc,task      ] GC(173) Using 8 workers of 8 for evacuation
[2020-09-11T11:44:03.380+0000][26480][gc,age       ] GC(173) Desired survivor size 33554432 bytes, new threshold 15 (max threshold 15)
[2020-09-11T11:44:03.384+0000][26480][gc,age       ] GC(173) Age table with threshold 15 (max threshold 15)
[2020-09-11T11:44:03.384+0000][26480][gc,age       ] GC(173) - age   1:    2850752 bytes,    2850752 total
[2020-09-11T11:44:03.384+0000][26480][gc,age       ] GC(173) - age   2:      14712 bytes,    2865464 total
[2020-09-11T11:44:03.384+0000][26480][gc,age       ] GC(173) - age   3:       1576 bytes,    2867040 total
[2020-09-11T11:44:03.384+0000][26480][gc,age       ] GC(173) - age   4:        968 bytes,    2868008 total
[2020-09-11T11:44:03.384+0000][26480][gc,age       ] GC(173) - age   5:        480 bytes,    2868488 total
[2020-09-11T11:44:03.384+0000][26480][gc,age       ] GC(173) - age   6:       1456 bytes,    2869944 total
[2020-09-11T11:44:03.384+0000][26480][gc,age       ] GC(173) - age   7:        712 bytes,    2870656 total
[2020-09-11T11:44:03.384+0000][26480][gc,age       ] GC(173) - age   8:        368 bytes,    2871024 total
[2020-09-11T11:44:03.384+0000][26480][gc,age       ] GC(173) - age   9:        656 bytes,    2871680 total
[2020-09-11T11:44:03.384+0000][26480][gc,age       ] GC(173) - age  10:        784 bytes,    2872464 total
[2020-09-11T11:44:03.384+0000][26480][gc,age       ] GC(173) - age  11:       2128 bytes,    2874592 total
[2020-09-11T11:44:03.384+0000][26480][gc,age       ] GC(173) - age  12:        184 bytes,    2874776 total
[2020-09-11T11:44:03.384+0000][26480][gc,age       ] GC(173) - age  13:      47384 bytes,    2922160 total
[2020-09-11T11:44:03.385+0000][26480][gc,age       ] GC(173) - age  14:        712 bytes,    2922872 total
[2020-09-11T11:44:03.385+0000][26480][gc,age       ] GC(173) - age  15:         96 bytes,    2922968 total
[2020-09-11T11:44:03.385+0000][26480][gc,phases    ] GC(173)   Pre Evacuate Collection Set: 0.5ms
[2020-09-11T11:44:03.385+0000][26480][gc,phases    ] GC(173)   Merge Heap Roots: 0.1ms
[2020-09-11T11:44:03.385+0000][26480][gc,phases    ] GC(173)   Evacuate Collection Set: 1.9ms
[2020-09-11T11:44:03.385+0000][26480][gc,phases    ] GC(173)   Post Evacuate Collection Set: 0.8ms
[2020-09-11T11:44:03.385+0000][26480][gc,phases    ] GC(173)   Other: 1.3ms
[2020-09-11T11:44:03.385+0000][26480][gc,heap      ] GC(173) Eden regions: 42->0(507)
[2020-09-11T11:44:03.385+0000][26480][gc,heap      ] GC(173) Survivor regions: 3->3(64)
[2020-09-11T11:44:03.385+0000][26480][gc,heap      ] GC(173) Old regions: 76->76
[2020-09-11T11:44:03.385+0000][26480][gc,heap      ] GC(173) Archive regions: 0->0
[2020-09-11T11:44:03.385+0000][26480][gc,heap      ] GC(173) Humongous regions: 265->174
[2020-09-11T11:44:03.385+0000][26480][gc,metaspace ] GC(173) Metaspace: 85374K(91544K)->85374K(91544K) NonClass: 74318K(77976K)->74318K(77976K) Class: 11056K(13568K)->11056K(13568K)
[2020-09-11T11:44:03.385+0000][26480][gc           ] GC(173) Pause Young (Concurrent Start) (G1 Humongous Allocation) 385M->252M(1024M) 5.006ms
[2020-09-11T11:44:03.385+0000][26480][gc,cpu       ] GC(173) User=0.00s Sys=0.02s Real=0.00s
[2020-09-11T11:44:03.385+0000][26480][gc           ] GC(174) Concurrent Cycle
[2020-09-11T11:44:03.385+0000][26480][safepoint    ] Safepoint "G1TryInitiateConcMark", Time since last: 215234700 ns, Reaching safepoint: 152300 ns, At safepoint: 5178100 ns, Total: 5330400 ns
[2020-09-11T11:44:03.385+0000][26480][gc,marking   ] GC(174) Concurrent Clear Claimed Marks
[2020-09-11T11:44:03.386+0000][26480][gc,marking   ] GC(174) Concurrent Clear Claimed Marks 0.519ms
[2020-09-11T11:44:03.386+0000][26480][gc,marking   ] GC(174) Concurrent Scan Root Regions
[2020-09-11T11:44:03.388+0000][26480][gc,marking   ] GC(174) Concurrent Scan Root Regions 1.978ms
[2020-09-11T11:44:03.388+0000][26480][gc,marking   ] GC(174) Concurrent Mark (7048.523s)
[2020-09-11T11:44:03.388+0000][26480][gc,marking   ] GC(174) Concurrent Mark From Roots
[2020-09-11T11:44:03.388+0000][26480][gc,task      ] GC(174) Using 2 workers of 2 for marking
[2020-09-11T11:44:03.535+0000][26480][gc,marking   ] GC(174) Concurrent Mark From Roots 146.458ms
[2020-09-11T11:44:03.535+0000][26480][gc,marking   ] GC(174) Concurrent Preclean
[2020-09-11T11:44:03.536+0000][26480][gc,marking   ] GC(174) Concurrent Preclean 1.004ms
[2020-09-11T11:44:03.536+0000][26480][gc,marking   ] GC(174) Concurrent Mark (7048.523s, 7048.670s) 147.706ms
[2020-09-11T11:44:03.536+0000][26480][gc,start     ] GC(174) Pause Remark
[2020-09-11T11:44:03.542+0000][26480][gc           ] GC(174) Pause Remark 312M->312M(1024M) 6.213ms
[2020-09-11T11:44:03.543+0000][26480][gc,cpu       ] GC(174) User=0.09s Sys=0.00s Real=0.01s
[2020-09-11T11:44:03.543+0000][26480][safepoint    ] Safepoint "G1Concurrent", Time since last: 150650900 ns, Reaching safepoint: 163700 ns, At safepoint: 6482900 ns, Total: 6646600 ns
[2020-09-11T11:44:03.543+0000][26480][gc,marking   ] GC(174) Concurrent Rebuild Remembered Sets
[2020-09-11T11:44:03.626+0000][26480][gc,marking   ] GC(174) Concurrent Rebuild Remembered Sets 83.036ms
[2020-09-11T11:44:03.626+0000][26480][gc,start     ] GC(174) Pause Cleanup
[2020-09-11T11:44:03.627+0000][26480][gc           ] GC(174) Pause Cleanup 370M->370M(1024M) 0.413ms
[2020-09-11T11:44:03.627+0000][26480][gc,cpu       ] GC(174) User=0.00s Sys=0.00s Real=0.00s
[2020-09-11T11:44:03.627+0000][26480][safepoint    ] Safepoint "G1Concurrent", Time since last: 83347600 ns, Reaching safepoint: 319900 ns, At safepoint: 636600 ns, Total: 956500 ns
[2020-09-11T11:44:03.627+0000][26480][gc,marking   ] GC(174) Concurrent Cleanup for Next Mark
[2020-09-11T11:44:03.629+0000][26480][gc,marking   ] GC(174) Concurrent Cleanup for Next Mark 2.068ms
[2020-09-11T11:44:03.629+0000][26480][gc           ] GC(174) Concurrent Cycle 243.843ms
[2020-09-11T11:44:03.781+0000][26480][gc,start     ] GC(175) Pause Young (Concurrent Start) (G1 Humongous Allocation)
[2020-09-11T11:44:03.781+0000][26480][gc,task      ] GC(175) Using 8 workers of 8 for evacuation
[2020-09-11T11:44:03.781+0000][26480][gc,age       ] GC(175) Desired survivor size 33554432 bytes, new threshold 15 (max threshold 15)
[2020-09-11T11:44:03.784+0000][26480][gc,age       ] GC(175) Age table with threshold 15 (max threshold 15)
[2020-09-11T11:44:03.784+0000][26480][gc,age       ] GC(175) - age   1:    2850216 bytes,    2850216 total
[2020-09-11T11:44:03.784+0000][26480][gc,age       ] GC(175) - age   2:     209520 bytes,    3059736 total
[2020-09-11T11:44:03.784+0000][26480][gc,age       ] GC(175) - age   3:      11512 bytes,    3071248 total
[2020-09-11T11:44:03.784+0000][26480][gc,age       ] GC(175) - age   4:       1480 bytes,    3072728 total
[2020-09-11T11:44:03.784+0000][26480][gc,age       ] GC(175) - age   5:        936 bytes,    3073664 total
[2020-09-11T11:44:03.784+0000][26480][gc,age       ] GC(175) - age   6:        288 bytes,    3073952 total
[2020-09-11T11:44:03.784+0000][26480][gc,age       ] GC(175) - age   7:       1424 bytes,    3075376 total
[2020-09-11T11:44:03.784+0000][26480][gc,age       ] GC(175) - age   8:        712 bytes,    3076088 total
[2020-09-11T11:44:03.784+0000][26480][gc,age       ] GC(175) - age   9:        368 bytes,    3076456 total
[2020-09-11T11:44:03.784+0000][26480][gc,age       ] GC(175) - age  10:        560 bytes,    3077016 total
[2020-09-11T11:44:03.784+0000][26480][gc,age       ] GC(175) - age  11:        560 bytes,    3077576 total
[2020-09-11T11:44:03.784+0000][26480][gc,age       ] GC(175) - age  12:       2128 bytes,    3079704 total
[2020-09-11T11:44:03.784+0000][26480][gc,age       ] GC(175) - age  13:        152 bytes,    3079856 total
[2020-09-11T11:44:03.784+0000][26480][gc,age       ] GC(175) - age  14:      47344 bytes,    3127200 total
[2020-09-11T11:44:03.784+0000][26480][gc,age       ] GC(175) - age  15:        712 bytes,    3127912 total
[2020-09-11T11:44:03.784+0000][26480][gc,phases    ] GC(175)   Pre Evacuate Collection Set: 0.4ms
[2020-09-11T11:44:03.784+0000][26480][gc,phases    ] GC(175)   Merge Heap Roots: 0.1ms
[2020-09-11T11:44:03.784+0000][26480][gc,phases    ] GC(175)   Evacuate Collection Set: 1.9ms
[2020-09-11T11:44:03.784+0000][26480][gc,phases    ] GC(175)   Post Evacuate Collection Set: 0.6ms
[2020-09-11T11:44:03.784+0000][26480][gc,phases    ] GC(175)   Other: 0.8ms
[2020-09-11T11:44:03.784+0000][26480][gc,heap      ] GC(175) Eden regions: 41->0(507)
[2020-09-11T11:44:03.784+0000][26480][gc,heap      ] GC(175) Survivor regions: 3->4(64)
[2020-09-11T11:44:03.784+0000][26480][gc,heap      ] GC(175) Old regions: 76->76
[2020-09-11T11:44:03.785+0000][26480][gc,heap      ] GC(175) Archive regions: 0->0
[2020-09-11T11:44:03.785+0000][26480][gc,heap      ] GC(175) Humongous regions: 274->174
[2020-09-11T11:44:03.785+0000][26480][gc,metaspace ] GC(175) Metaspace: 85384K(91544K)->85384K(91544K) NonClass: 74328K(77976K)->74328K(77976K) Class: 11056K(13568K)->11056K(13568K)
[2020-09-11T11:44:03.785+0000][26480][gc           ] GC(175) Pause Young (Concurrent Start) (G1 Humongous Allocation) 393M->252M(1024M) 4.084ms
[2020-09-11T11:44:03.785+0000][26480][gc,cpu       ] GC(175) User=0.00s Sys=0.00s Real=0.00s
[2020-09-11T11:44:03.785+0000][26480][safepoint    ] Safepoint "G1TryInitiateConcMark", Time since last: 153457600 ns, Reaching safepoint: 121100 ns, At safepoint: 4230300 ns, Total: 4351400 ns
[2020-09-11T11:44:03.785+0000][26480][gc           ] GC(176) Concurrent Cycle
[2020-09-11T11:44:03.785+0000][26480][gc,marking   ] GC(176) Concurrent Clear Claimed Marks
[2020-09-11T11:44:03.785+0000][26480][gc,marking   ] GC(176) Concurrent Clear Claimed Marks 0.363ms
[2020-09-11T11:44:03.785+0000][26480][gc,marking   ] GC(176) Concurrent Scan Root Regions
[2020-09-11T11:44:03.787+0000][26480][gc,marking   ] GC(176) Concurrent Scan Root Regions 2.005ms
[2020-09-11T11:44:03.787+0000][26480][gc,marking   ] GC(176) Concurrent Mark (7048.922s)
[2020-09-11T11:44:03.787+0000][26480][gc,marking   ] GC(176) Concurrent Mark From Roots
[2020-09-11T11:44:03.787+0000][26480][gc,task      ] GC(176) Using 2 workers of 2 for marking
[2020-09-11T11:44:03.886+0000][26480][gc,marking   ] GC(176) Concurrent Mark From Roots 98.220ms
[2020-09-11T11:44:03.886+0000][26480][gc,marking   ] GC(176) Concurrent Preclean
[2020-09-11T11:44:03.887+0000][26480][gc,marking   ] GC(176) Concurrent Preclean 0.975ms
[2020-09-11T11:44:03.887+0000][26480][gc,marking   ] GC(176) Concurrent Mark (7048.922s, 7049.021s) 99.375ms
[2020-09-11T11:44:03.887+0000][26480][gc,start     ] GC(176) Pause Remark
[2020-09-11T11:44:03.892+0000][26480][gc           ] GC(176) Pause Remark 313M->313M(1024M) 4.941ms
[2020-09-11T11:44:03.892+0000][26480][gc,cpu       ] GC(176) User=0.00s Sys=0.00s Real=0.00s
[2020-09-11T11:44:03.892+0000][26480][safepoint    ] Safepoint "G1Concurrent", Time since last: 102116600 ns, Reaching safepoint: 164400 ns, At safepoint: 5176500 ns, Total: 5340900 ns
[2020-09-11T11:44:03.892+0000][26480][gc,marking   ] GC(176) Concurrent Rebuild Remembered Sets
[2020-09-11T11:44:03.969+0000][26480][gc,marking   ] GC(176) Concurrent Rebuild Remembered Sets 76.947ms
[2020-09-11T11:44:03.970+0000][26480][gc,start     ] GC(176) Pause Cleanup
[2020-09-11T11:44:03.970+0000][26480][gc           ] GC(176) Pause Cleanup 382M->382M(1024M) 0.386ms
[2020-09-11T11:44:03.970+0000][26480][gc,cpu       ] GC(176) User=0.00s Sys=0.00s Real=0.00s
[2020-09-11T11:44:03.970+0000][26480][safepoint    ] Safepoint "G1Concurrent", Time since last: 77179900 ns, Reaching safepoint: 181700 ns, At safepoint: 779800 ns, Total: 961500 ns
[2020-09-11T11:44:03.970+0000][26480][gc,marking   ] GC(176) Concurrent Cleanup for Next Mark
[2020-09-11T11:44:03.972+0000][26480][gc,marking   ] GC(176) Concurrent Cleanup for Next Mark 1.750ms
[2020-09-11T11:44:03.972+0000][26480][gc           ] GC(176) Concurrent Cycle 187.537ms
[2020-09-11T11:44:04.128+0000][26480][gc,start     ] GC(177) Pause Young (Concurrent Start) (G1 Humongous Allocation)
[2020-09-11T11:44:04.128+0000][26480][gc,task      ] GC(177) Using 8 workers of 8 for evacuation
[2020-09-11T11:44:04.128+0000][26480][gc,age       ] GC(177) Desired survivor size 33554432 bytes, new threshold 15 (max threshold 15)
[2020-09-11T11:44:04.132+0000][26480][gc,age       ] GC(177) Age table with threshold 15 (max threshold 15)
[2020-09-11T11:44:04.132+0000][26480][gc,age       ] GC(177) - age   1:    2857736 bytes,    2857736 total
[2020-09-11T11:44:04.132+0000][26480][gc,age       ] GC(177) - age   2:     208928 bytes,    3066664 total
[2020-09-11T11:44:04.132+0000][26480][gc,age       ] GC(177) - age   3:     208048 bytes,    3274712 total
[2020-09-11T11:44:04.132+0000][26480][gc,age       ] GC(177) - age   4:      11048 bytes,    3285760 total
[2020-09-11T11:44:04.132+0000][26480][gc,age       ] GC(177) - age   5:       1448 bytes,    3287208 total
[2020-09-11T11:44:04.132+0000][26480][gc,age       ] GC(177) - age   6:        712 bytes,    3287920 total
[2020-09-11T11:44:04.132+0000][26480][gc,age       ] GC(177) - age   7:        288 bytes,    3288208 total
[2020-09-11T11:44:04.132+0000][26480][gc,age       ] GC(177) - age   8:       1272 bytes,    3289480 total
[2020-09-11T11:44:04.132+0000][26480][gc,age       ] GC(177) - age   9:        712 bytes,    3290192 total
[2020-09-11T11:44:04.132+0000][26480][gc,age       ] GC(177) - age  10:        368 bytes,    3290560 total
[2020-09-11T11:44:04.132+0000][26480][gc,age       ] GC(177) - age  11:        272 bytes,    3290832 total
[2020-09-11T11:44:04.132+0000][26480][gc,age       ] GC(177) - age  12:        528 bytes,    3291360 total
[2020-09-11T11:44:04.132+0000][26480][gc,age       ] GC(177) - age  13:       2128 bytes,    3293488 total
[2020-09-11T11:44:04.132+0000][26480][gc,age       ] GC(177) - age  14:        152 bytes,    3293640 total
[2020-09-11T11:44:04.132+0000][26480][gc,age       ] GC(177) - age  15:      44784 bytes,    3338424 total
[2020-09-11T11:44:04.132+0000][26480][gc,phases    ] GC(177)   Pre Evacuate Collection Set: 0.5ms
[2020-09-11T11:44:04.132+0000][26480][gc,phases    ] GC(177)   Merge Heap Roots: 0.1ms
[2020-09-11T11:44:04.132+0000][26480][gc,phases    ] GC(177)   Evacuate Collection Set: 2.1ms
[2020-09-11T11:44:04.132+0000][26480][gc,phases    ] GC(177)   Post Evacuate Collection Set: 0.7ms
[2020-09-11T11:44:04.133+0000][26480][gc,phases    ] GC(177)   Other: 0.9ms
[2020-09-11T11:44:04.133+0000][26480][gc,heap      ] GC(177) Eden regions: 41->0(507)
[2020-09-11T11:44:04.133+0000][26480][gc,heap      ] GC(177) Survivor regions: 4->4(64)
[2020-09-11T11:44:04.133+0000][26480][gc,heap      ] GC(177) Old regions: 76->76
[2020-09-11T11:44:04.133+0000][26480][gc,heap      ] GC(177) Archive regions: 0->0
[2020-09-11T11:44:04.133+0000][26480][gc,heap      ] GC(177) Humongous regions: 274->174
[2020-09-11T11:44:04.133+0000][26480][gc,metaspace ] GC(177) Metaspace: 85393K(91544K)->85393K(91544K) NonClass: 74337K(77976K)->74337K(77976K) Class: 11056K(13568K)->11056K(13568K)
[2020-09-11T11:44:04.133+0000][26480][gc           ] GC(177) Pause Young (Concurrent Start) (G1 Humongous Allocation) 393M->253M(1024M) 4.642ms
[2020-09-11T11:44:04.133+0000][26480][gc,cpu       ] GC(177) User=0.00s Sys=0.00s Real=0.00s
[2020-09-11T11:44:04.133+0000][26480][gc           ] GC(178) Concurrent Cycle
[2020-09-11T11:44:04.133+0000][26480][safepoint    ] Safepoint "G1TryInitiateConcMark", Time since last: 157659400 ns, Reaching safepoint: 149900 ns, At safepoint: 4833300 ns, Total: 4983200 ns
[2020-09-11T11:44:04.133+0000][26480][gc,marking   ] GC(178) Concurrent Clear Claimed Marks
[2020-09-11T11:44:04.134+0000][26480][gc,marking   ] GC(178) Concurrent Clear Claimed Marks 0.612ms
[2020-09-11T11:44:04.134+0000][26480][gc,marking   ] GC(178) Concurrent Scan Root Regions
[2020-09-11T11:44:04.137+0000][26480][gc,marking   ] GC(178) Concurrent Scan Root Regions 2.804ms
[2020-09-11T11:44:04.137+0000][26480][gc,marking   ] GC(178) Concurrent Mark (7049.271s)
[2020-09-11T11:44:04.137+0000][26480][gc,marking   ] GC(178) Concurrent Mark From Roots
[2020-09-11T11:44:04.137+0000][26480][gc,task      ] GC(178) Using 2 workers of 2 for marking
[2020-09-11T11:44:04.256+0000][26480][gc,marking   ] GC(178) Concurrent Mark From Roots 119.100ms
[2020-09-11T11:44:04.256+0000][26480][gc,marking   ] GC(178) Concurrent Preclean
[2020-09-11T11:44:04.256+0000][26480][gc,marking   ] GC(178) Concurrent Preclean 0.515ms
[2020-09-11T11:44:04.256+0000][26480][gc,marking   ] GC(178) Concurrent Mark (7049.271s, 7049.391s) 119.739ms
[2020-09-11T11:44:04.257+0000][26480][gc,start     ] GC(178) Pause Remark
[2020-09-11T11:44:04.261+0000][26480][gc           ] GC(178) Pause Remark 313M->313M(1024M) 4.579ms
[2020-09-11T11:44:04.261+0000][26480][gc,cpu       ] GC(178) User=0.13s Sys=0.00s Real=0.00s
[2020-09-11T11:44:04.261+0000][26480][safepoint    ] Safepoint "G1Concurrent", Time since last: 123492600 ns, Reaching safepoint: 178200 ns, At safepoint: 4813600 ns, Total: 4991800 ns
[2020-09-11T11:44:04.262+0000][26480][gc,marking   ] GC(178) Concurrent Rebuild Remembered Sets
[2020-09-11T11:44:04.330+0000][26480][gc,marking   ] GC(178) Concurrent Rebuild Remembered Sets 68.333ms
[2020-09-11T11:44:04.330+0000][26480][gc,start     ] GC(178) Pause Cleanup
[2020-09-11T11:44:04.330+0000][26480][gc           ] GC(178) Pause Cleanup 380M->380M(1024M) 0.279ms
[2020-09-11T11:44:04.331+0000][26480][gc,cpu       ] GC(178) User=0.00s Sys=0.00s Real=0.00s
[2020-09-11T11:44:04.331+0000][26480][safepoint    ] Safepoint "G1Concurrent", Time since last: 68506100 ns, Reaching safepoint: 221100 ns, At safepoint: 448300 ns, Total: 669400 ns
[2020-09-11T11:44:04.331+0000][26480][gc,marking   ] GC(178) Concurrent Cleanup for Next Mark
[2020-09-11T11:44:04.332+0000][26480][gc,marking   ] GC(178) Concurrent Cleanup for Next Mark 1.802ms
[2020-09-11T11:44:04.333+0000][26480][gc           ] GC(178) Concurrent Cycle 199.685ms
[2020-09-11T11:44:04.461+0000][26480][gc,start     ] GC(179) Pause Young (Concurrent Start) (G1 Humongous Allocation)
[2020-09-11T11:44:04.461+0000][26480][gc,task      ] GC(179) Using 8 workers of 8 for evacuation
[2020-09-11T11:44:04.461+0000][26480][gc,age       ] GC(179) Desired survivor size 33554432 bytes, new threshold 15 (max threshold 15)
[2020-09-11T11:44:04.464+0000][26480][gc,age       ] GC(179) Age table with threshold 15 (max threshold 15)
[2020-09-11T11:44:04.464+0000][26480][gc,age       ] GC(179) - age   1:    2848896 bytes,    2848896 total
[2020-09-11T11:44:04.464+0000][26480][gc,age       ] GC(179) - age   2:     207544 bytes,    3056440 total
[2020-09-11T11:44:04.464+0000][26480][gc,age       ] GC(179) - age   3:     208896 bytes,    3265336 total
[2020-09-11T11:44:04.464+0000][26480][gc,age       ] GC(179) - age   4:     204208 bytes,    3469544 total
[2020-09-11T11:44:04.464+0000][26480][gc,age       ] GC(179) - age   5:      10744 bytes,    3480288 total
[2020-09-11T11:44:04.464+0000][26480][gc,age       ] GC(179) - age   6:       1352 bytes,    3481640 total
[2020-09-11T11:44:04.464+0000][26480][gc,age       ] GC(179) - age   7:        616 bytes,    3482256 total
[2020-09-11T11:44:04.464+0000][26480][gc,age       ] GC(179) - age   8:        288 bytes,    3482544 total
[2020-09-11T11:44:04.464+0000][26480][gc,age       ] GC(179) - age   9:        880 bytes,    3483424 total
[2020-09-11T11:44:04.464+0000][26480][gc,age       ] GC(179) - age  10:        424 bytes,    3483848 total
[2020-09-11T11:44:04.464+0000][26480][gc,age       ] GC(179) - age  11:        368 bytes,    3484216 total
[2020-09-11T11:44:04.464+0000][26480][gc,age       ] GC(179) - age  12:        240 bytes,    3484456 total
[2020-09-11T11:44:04.464+0000][26480][gc,age       ] GC(179) - age  13:        528 bytes,    3484984 total
[2020-09-11T11:44:04.464+0000][26480][gc,age       ] GC(179) - age  14:       2064 bytes,    3487048 total
[2020-09-11T11:44:04.464+0000][26480][gc,age       ] GC(179) - age  15:        152 bytes,    3487200 total
[2020-09-11T11:44:04.465+0000][26480][gc,phases    ] GC(179)   Pre Evacuate Collection Set: 0.4ms
[2020-09-11T11:44:04.465+0000][26480][gc,phases    ] GC(179)   Merge Heap Roots: 0.1ms
[2020-09-11T11:44:04.465+0000][26480][gc,phases    ] GC(179)   Evacuate Collection Set: 2.1ms
[2020-09-11T11:44:04.465+0000][26480][gc,phases    ] GC(179)   Post Evacuate Collection Set: 0.7ms
[2020-09-11T11:44:04.465+0000][26480][gc,phases    ] GC(179)   Other: 0.9ms
[2020-09-11T11:44:04.465+0000][26480][gc,heap      ] GC(179) Eden regions: 41->0(507)
[2020-09-11T11:44:04.465+0000][26480][gc,heap      ] GC(179) Survivor regions: 4->4(64)
[2020-09-11T11:44:04.465+0000][26480][gc,heap      ] GC(179) Old regions: 76->76
[2020-09-11T11:44:04.465+0000][26480][gc,heap      ] GC(179) Archive regions: 0->0
[2020-09-11T11:44:04.465+0000][26480][gc,heap      ] GC(179) Humongous regions: 274->174
[2020-09-11T11:44:04.465+0000][26480][gc,metaspace ] GC(179) Metaspace: 85410K(91544K)->85410K(91544K) NonClass: 74353K(77976K)->74353K(77976K) Class: 11056K(13568K)->11056K(13568K)
[2020-09-11T11:44:04.465+0000][26480][gc           ] GC(179) Pause Young (Concurrent Start) (G1 Humongous Allocation) 394M->253M(1024M) 4.542ms
[2020-09-11T11:44:04.465+0000][26480][gc,cpu       ] GC(179) User=0.13s Sys=0.00s Real=0.00s
[2020-09-11T11:44:04.465+0000][26480][safepoint    ] Safepoint "G1TryInitiateConcMark", Time since last: 129735700 ns, Reaching safepoint: 118600 ns, At safepoint: 4752900 ns, Total: 4871500 ns
[2020-09-11T11:44:04.465+0000][26480][gc           ] GC(180) Concurrent Cycle
[2020-09-11T11:44:04.465+0000][26480][gc,marking   ] GC(180) Concurrent Clear Claimed Marks
[2020-09-11T11:44:04.466+0000][26480][gc,marking   ] GC(180) Concurrent Clear Claimed Marks 0.321ms
[2020-09-11T11:44:04.466+0000][26480][gc,marking   ] GC(180) Concurrent Scan Root Regions
[2020-09-11T11:44:04.468+0000][26480][gc,marking   ] GC(180) Concurrent Scan Root Regions 2.321ms
[2020-09-11T11:44:04.468+0000][26480][gc,marking   ] GC(180) Concurrent Mark (7049.603s)
[2020-09-11T11:44:04.468+0000][26480][gc,marking   ] GC(180) Concurrent Mark From Roots
[2020-09-11T11:44:04.468+0000][26480][gc,task      ] GC(180) Using 2 workers of 2 for marking
[2020-09-11T11:44:04.574+0000][26480][gc,marking   ] GC(180) Concurrent Mark From Roots 105.780ms
[2020-09-11T11:44:04.574+0000][26480][gc,marking   ] GC(180) Concurrent Preclean
[2020-09-11T11:44:04.575+0000][26480][gc,marking   ] GC(180) Concurrent Preclean 0.710ms
[2020-09-11T11:44:04.575+0000][26480][gc,marking   ] GC(180) Concurrent Mark (7049.603s, 7049.709s) 106.671ms
[2020-09-11T11:44:04.575+0000][26480][gc,start     ] GC(180) Pause Remark
[2020-09-11T11:44:04.580+0000][26480][gc           ] GC(180) Pause Remark 313M->313M(1024M) 4.814ms
[2020-09-11T11:44:04.580+0000][26480][gc,cpu       ] GC(180) User=0.00s Sys=0.00s Real=0.00s
[2020-09-11T11:44:04.580+0000][26480][safepoint    ] Safepoint "G1Concurrent", Time since last: 109649400 ns, Reaching safepoint: 217500 ns, At safepoint: 4993600 ns, Total: 5211100 ns
[2020-09-11T11:44:04.580+0000][26480][gc,marking   ] GC(180) Concurrent Rebuild Remembered Sets
[2020-09-11T11:44:04.647+0000][26480][gc,marking   ] GC(180) Concurrent Rebuild Remembered Sets 66.757ms
[2020-09-11T11:44:04.647+0000][26480][gc,start     ] GC(180) Pause Cleanup
[2020-09-11T11:44:04.647+0000][26480][gc           ] GC(180) Pause Cleanup 379M->379M(1024M) 0.226ms
[2020-09-11T11:44:04.648+0000][26480][gc,cpu       ] GC(180) User=0.00s Sys=0.00s Real=0.00s
[2020-09-11T11:44:04.648+0000][26480][safepoint    ] Safepoint "G1Concurrent", Time since last: 66948000 ns, Reaching safepoint: 175600 ns, At safepoint: 421900 ns, Total: 597500 ns
[2020-09-11T11:44:04.648+0000][26480][gc,marking   ] GC(180) Concurrent Cleanup for Next Mark
[2020-09-11T11:44:04.650+0000][26480][gc,marking   ] GC(180) Concurrent Cleanup for Next Mark 1.900ms
[2020-09-11T11:44:04.650+0000][26480][gc           ] GC(180) Concurrent Cycle 184.461ms
[2020-09-11T11:44:05.648+0000][26480][safepoint    ] Safepoint "Cleanup", Time since last: 1000236800 ns, Reaching safepoint: 199700 ns, At safepoint: 10800 ns, Total: 210500 ns
[2020-09-11T11:44:06.121+0000][26480][safepoint    ] Safepoint "ICBufferFull", Time since last: 473351900 ns, Reaching safepoint: 237600 ns, At safepoint: 47400 ns, Total: 285000 ns
[2020-09-11T11:44:06.220+0000][26480][gc,start     ] GC(181) Pause Young (Concurrent Start) (G1 Humongous Allocation)
[2020-09-11T11:44:06.220+0000][26480][gc,task      ] GC(181) Using 8 workers of 8 for evacuation
[2020-09-11T11:44:06.220+0000][26480][gc,age       ] GC(181) Desired survivor size 33554432 bytes, new threshold 15 (max threshold 15)
[2020-09-11T11:44:06.224+0000][26480][gc,age       ] GC(181) Age table with threshold 15 (max threshold 15)
[2020-09-11T11:44:06.224+0000][26480][gc,age       ] GC(181) - age   1:    3231152 bytes,    3231152 total
[2020-09-11T11:44:06.224+0000][26480][gc,age       ] GC(181) - age   2:       1656 bytes,    3232808 total
[2020-09-11T11:44:06.224+0000][26480][gc,age       ] GC(181) - age   3:       1584 bytes,    3234392 total
[2020-09-11T11:44:06.224+0000][26480][gc,age       ] GC(181) - age   4:       3816 bytes,    3238208 total
[2020-09-11T11:44:06.224+0000][26480][gc,age       ] GC(181) - age   5:       2688 bytes,    3240896 total
[2020-09-11T11:44:06.224+0000][26480][gc,age       ] GC(181) - age   6:       6600 bytes,    3247496 total
[2020-09-11T11:44:06.224+0000][26480][gc,age       ] GC(181) - age   7:       1288 bytes,    3248784 total
[2020-09-11T11:44:06.224+0000][26480][gc,age       ] GC(181) - age   8:        616 bytes,    3249400 total
[2020-09-11T11:44:06.224+0000][26480][gc,age       ] GC(181) - age   9:        288 bytes,    3249688 total
[2020-09-11T11:44:06.224+0000][26480][gc,age       ] GC(181) - age  10:        560 bytes,    3250248 total
[2020-09-11T11:44:06.224+0000][26480][gc,age       ] GC(181) - age  11:        328 bytes,    3250576 total
[2020-09-11T11:44:06.224+0000][26480][gc,age       ] GC(181) - age  12:        368 bytes,    3250944 total
[2020-09-11T11:44:06.224+0000][26480][gc,age       ] GC(181) - age  13:        208 bytes,    3251152 total
[2020-09-11T11:44:06.224+0000][26480][gc,age       ] GC(181) - age  14:        384 bytes,    3251536 total
[2020-09-11T11:44:06.224+0000][26480][gc,age       ] GC(181) - age  15:       2032 bytes,    3253568 total
[2020-09-11T11:44:06.224+0000][26480][gc,phases    ] GC(181)   Pre Evacuate Collection Set: 0.4ms
[2020-09-11T11:44:06.224+0000][26480][gc,phases    ] GC(181)   Merge Heap Roots: 0.1ms
[2020-09-11T11:44:06.224+0000][26480][gc,phases    ] GC(181)   Evacuate Collection Set: 1.9ms
[2020-09-11T11:44:06.224+0000][26480][gc,phases    ] GC(181)   Post Evacuate Collection Set: 0.7ms
[2020-09-11T11:44:06.224+0000][26480][gc,phases    ] GC(181)   Other: 0.8ms
[2020-09-11T11:44:06.224+0000][26480][gc,heap      ] GC(181) Eden regions: 75->0(506)
[2020-09-11T11:44:06.224+0000][26480][gc,heap      ] GC(181) Survivor regions: 4->4(64)
[2020-09-11T11:44:06.224+0000][26480][gc,heap      ] GC(181) Old regions: 76->76
[2020-09-11T11:44:06.224+0000][26480][gc,heap      ] GC(181) Archive regions: 0->0
[2020-09-11T11:44:06.224+0000][26480][gc,heap      ] GC(181) Humongous regions: 274->174
[2020-09-11T11:44:06.224+0000][26480][gc,metaspace ] GC(181) Metaspace: 86094K(92312K)->86094K(92312K) NonClass: 74983K(78744K)->74983K(78744K) Class: 11111K(13568K)->11111K(13568K)
[2020-09-11T11:44:06.224+0000][26480][gc           ] GC(181) Pause Young (Concurrent Start) (G1 Humongous Allocation) 428M->253M(1024M) 4.238ms
[2020-09-11T11:44:06.225+0000][26480][gc,cpu       ] GC(181) User=0.00s Sys=0.00s Real=0.00s
[2020-09-11T11:44:06.225+0000][26480][gc           ] GC(182) Concurrent Cycle
[2020-09-11T11:44:06.225+0000][26480][safepoint    ] Safepoint "G1TryInitiateConcMark", Time since last: 98589200 ns, Reaching safepoint: 166400 ns, At safepoint: 4495400 ns, Total: 4661800 ns
[2020-09-11T11:44:06.225+0000][26480][gc,marking   ] GC(182) Concurrent Clear Claimed Marks
[2020-09-11T11:44:06.225+0000][26480][gc,marking   ] GC(182) Concurrent Clear Claimed Marks 0.452ms
[2020-09-11T11:44:06.225+0000][26480][gc,marking   ] GC(182) Concurrent Scan Root Regions
[2020-09-11T11:44:06.228+0000][26480][gc,marking   ] GC(182) Concurrent Scan Root Regions 2.439ms
[2020-09-11T11:44:06.228+0000][26480][gc,marking   ] GC(182) Concurrent Mark (7051.363s)
[2020-09-11T11:44:06.228+0000][26480][gc,marking   ] GC(182) Concurrent Mark From Roots
[2020-09-11T11:44:06.228+0000][26480][gc,task      ] GC(182) Using 2 workers of 2 for marking
[2020-09-11T11:44:06.350+0000][26480][gc,marking   ] GC(182) Concurrent Mark From Roots 121.773ms
[2020-09-11T11:44:06.350+0000][26480][gc,marking   ] GC(182) Concurrent Preclean
[2020-09-11T11:44:06.350+0000][26480][gc,marking   ] GC(182) Concurrent Preclean 0.567ms
[2020-09-11T11:44:06.350+0000][26480][gc,marking   ] GC(182) Concurrent Mark (7051.363s, 7051.485s) 122.474ms
[2020-09-11T11:44:06.351+0000][26480][gc,start     ] GC(182) Pause Remark
[2020-09-11T11:44:06.361+0000][26480][gc           ] GC(182) Pause Remark 318M->318M(1024M) 10.861ms
[2020-09-11T11:44:06.362+0000][26480][gc,cpu       ] GC(182) User=0.11s Sys=0.00s Real=0.01s
[2020-09-11T11:44:06.362+0000][26480][safepoint    ] Safepoint "G1Concurrent", Time since last: 125694100 ns, Reaching safepoint: 129100 ns, At safepoint: 11145800 ns, Total: 11274900 ns
[2020-09-11T11:44:06.362+0000][26480][gc,marking   ] GC(182) Concurrent Rebuild Remembered Sets
[2020-09-11T11:44:06.448+0000][26480][gc,marking   ] GC(182) Concurrent Rebuild Remembered Sets 86.007ms
[2020-09-11T11:44:06.448+0000][26480][gc,start     ] GC(182) Pause Cleanup
[2020-09-11T11:44:06.448+0000][26480][gc           ] GC(182) Pause Cleanup 322M->322M(1024M) 0.298ms
[2020-09-11T11:44:06.449+0000][26480][gc,cpu       ] GC(182) User=0.00s Sys=0.00s Real=0.00s
[2020-09-11T11:44:06.449+0000][26480][safepoint    ] Safepoint "G1Concurrent", Time since last: 86221200 ns, Reaching safepoint: 270000 ns, At safepoint: 487400 ns, Total: 757400 ns
[2020-09-11T11:44:06.449+0000][26480][gc,marking   ] GC(182) Concurrent Cleanup for Next Mark
[2020-09-11T11:44:06.450+0000][26480][gc,marking   ] GC(182) Concurrent Cleanup for Next Mark 1.563ms
[2020-09-11T11:44:06.450+0000][26480][gc           ] GC(182) Concurrent Cycle 225.726ms
[2020-09-11T11:44:06.635+0000][26480][safepoint    ] Safepoint "ICBufferFull", Time since last: 185165000 ns, Reaching safepoint: 308800 ns, At safepoint: 484700 ns, Total: 793500 ns
[2020-09-11T11:44:07.274+0000][26480][safepoint    ] Safepoint "ICBufferFull", Time since last: 638397700 ns, Reaching safepoint: 255900 ns, At safepoint: 33900 ns, Total: 289800 ns
[2020-09-11T11:44:07.428+0000][26480][safepoint    ] Safepoint "BulkRevokeBias", Time since last: 151663500 ns, Reaching safepoint: 405500 ns, At safepoint: 2208700 ns, Total: 2614200 ns
[2020-09-11T11:44:07.437+0000][26480][gc,start     ] GC(183) Pause Young (Concurrent Start) (G1 Humongous Allocation)
[2020-09-11T11:44:07.437+0000][26480][gc,task      ] GC(183) Using 8 workers of 8 for evacuation
[2020-09-11T11:44:07.437+0000][26480][gc,age       ] GC(183) Desired survivor size 33554432 bytes, new threshold 15 (max threshold 15)
[2020-09-11T11:44:07.442+0000][26480][gc,age       ] GC(183) Age table with threshold 15 (max threshold 15)
[2020-09-11T11:44:07.442+0000][26480][gc,age       ] GC(183) - age   1:    3347664 bytes,    3347664 total
[2020-09-11T11:44:07.442+0000][26480][gc,age       ] GC(183) - age   2:     429160 bytes,    3776824 total
[2020-09-11T11:44:07.442+0000][26480][gc,age       ] GC(183) - age   3:       1432 bytes,    3778256 total
[2020-09-11T11:44:07.442+0000][26480][gc,age       ] GC(183) - age   4:       1392 bytes,    3779648 total
[2020-09-11T11:44:07.442+0000][26480][gc,age       ] GC(183) - age   5:       3624 bytes,    3783272 total
[2020-09-11T11:44:07.442+0000][26480][gc,age       ] GC(183) - age   6:       2560 bytes,    3785832 total
[2020-09-11T11:44:07.442+0000][26480][gc,age       ] GC(183) - age   7:       6504 bytes,    3792336 total
[2020-09-11T11:44:07.442+0000][26480][gc,age       ] GC(183) - age   8:       1128 bytes,    3793464 total
[2020-09-11T11:44:07.443+0000][26480][gc,age       ] GC(183) - age   9:        456 bytes,    3793920 total
[2020-09-11T11:44:07.443+0000][26480][gc,age       ] GC(183) - age  10:        288 bytes,    3794208 total
[2020-09-11T11:44:07.443+0000][26480][gc,age       ] GC(183) - age  11:        560 bytes,    3794768 total
[2020-09-11T11:44:07.443+0000][26480][gc,age       ] GC(183) - age  12:        264 bytes,    3795032 total
[2020-09-11T11:44:07.443+0000][26480][gc,age       ] GC(183) - age  13:        368 bytes,    3795400 total
[2020-09-11T11:44:07.443+0000][26480][gc,age       ] GC(183) - age  14:        176 bytes,    3795576 total
[2020-09-11T11:44:07.443+0000][26480][gc,age       ] GC(183) - age  15:        352 bytes,    3795928 total
[2020-09-11T11:44:07.443+0000][26480][gc,phases    ] GC(183)   Pre Evacuate Collection Set: 0.5ms
[2020-09-11T11:44:07.443+0000][26480][gc,phases    ] GC(183)   Merge Heap Roots: 0.1ms
[2020-09-11T11:44:07.443+0000][26480][gc,phases    ] GC(183)   Evacuate Collection Set: 2.8ms
[2020-09-11T11:44:07.443+0000][26480][gc,phases    ] GC(183)   Post Evacuate Collection Set: 1.6ms
[2020-09-11T11:44:07.443+0000][26480][gc,phases    ] GC(183)   Other: 1.3ms
[2020-09-11T11:44:07.443+0000][26480][gc,heap      ] GC(183) Eden regions: 61->0(506)
[2020-09-11T11:44:07.443+0000][26480][gc,heap      ] GC(183) Survivor regions: 4->4(64)
[2020-09-11T11:44:07.443+0000][26480][gc,heap      ] GC(183) Old regions: 76->76
[2020-09-11T11:44:07.443+0000][26480][gc,heap      ] GC(183) Archive regions: 0->0
[2020-09-11T11:44:07.443+0000][26480][gc,heap      ] GC(183) Humongous regions: 231->174
[2020-09-11T11:44:07.443+0000][26480][gc,metaspace ] GC(183) Metaspace: 86583K(92568K)->86583K(92568K) NonClass: 75471K(79000K)->75471K(79000K) Class: 11111K(13568K)->11111K(13568K)
[2020-09-11T11:44:07.443+0000][26480][gc           ] GC(183) Pause Young (Concurrent Start) (G1 Humongous Allocation) 370M->253M(1024M) 6.791ms
[2020-09-11T11:44:07.443+0000][26480][gc,cpu       ] GC(183) User=0.00s Sys=0.00s Real=0.01s
[2020-09-11T11:44:07.444+0000][26480][gc           ] GC(184) Concurrent Cycle
[2020-09-11T11:44:07.444+0000][26480][gc,marking   ] GC(184) Concurrent Clear Claimed Marks
[2020-09-11T11:44:07.444+0000][26480][gc,marking   ] GC(184) Concurrent Clear Claimed Marks 0.449ms
[2020-09-11T11:44:07.444+0000][26480][gc,marking   ] GC(184) Concurrent Scan Root Regions
[2020-09-11T11:44:07.447+0000][26480][gc,marking   ] GC(184) Concurrent Scan Root Regions 3.163ms
[2020-09-11T11:44:07.447+0000][26480][gc,marking   ] GC(184) Concurrent Mark (7052.582s)
[2020-09-11T11:44:07.447+0000][26480][gc,marking   ] GC(184) Concurrent Mark From Roots
[2020-09-11T11:44:07.447+0000][26480][gc,task      ] GC(184) Using 2 workers of 2 for marking
[2020-09-11T11:44:07.447+0000][26480][safepoint    ] Safepoint "G1TryInitiateConcMark", Time since last: 8270300 ns, Reaching safepoint: 254700 ns, At safepoint: 10936700 ns, Total: 11191400 ns
[2020-09-11T11:44:07.624+0000][26480][gc,marking   ] GC(184) Concurrent Mark From Roots 176.433ms
[2020-09-11T11:44:07.624+0000][26480][gc,marking   ] GC(184) Concurrent Preclean
[2020-09-11T11:44:07.625+0000][26480][gc,marking   ] GC(184) Concurrent Preclean 0.959ms
[2020-09-11T11:44:07.625+0000][26480][gc,marking   ] GC(184) Concurrent Mark (7052.582s, 7052.759s) 177.616ms
[2020-09-11T11:44:07.625+0000][26480][gc,start     ] GC(184) Pause Remark
[2020-09-11T11:44:07.632+0000][26480][gc           ] GC(184) Pause Remark 307M->307M(1024M) 6.377ms
[2020-09-11T11:44:07.632+0000][26480][gc,cpu       ] GC(184) User=0.00s Sys=0.00s Real=0.01s
[2020-09-11T11:44:07.632+0000][26480][safepoint    ] Safepoint "G1Concurrent", Time since last: 177590900 ns, Reaching safepoint: 188900 ns, At safepoint: 6610300 ns, Total: 6799200 ns
[2020-09-11T11:44:07.632+0000][26480][gc,marking   ] GC(184) Concurrent Rebuild Remembered Sets
[2020-09-11T11:44:07.716+0000][26480][gc,marking   ] GC(184) Concurrent Rebuild Remembered Sets 84.197ms
[2020-09-11T11:44:07.717+0000][26480][gc,start     ] GC(184) Pause Cleanup
[2020-09-11T11:44:07.717+0000][26480][gc           ] GC(184) Pause Cleanup 310M->310M(1024M) 0.356ms
[2020-09-11T11:44:07.717+0000][26480][gc,cpu       ] GC(184) User=0.00s Sys=0.00s Real=0.00s
[2020-09-11T11:44:07.717+0000][26480][safepoint    ] Safepoint "G1Concurrent", Time since last: 84385900 ns, Reaching safepoint: 663600 ns, At safepoint: 596200 ns, Total: 1259800 ns
[2020-09-11T11:44:07.717+0000][26480][gc,marking   ] GC(184) Concurrent Cleanup for Next Mark
[2020-09-11T11:44:07.719+0000][26480][gc,marking   ] GC(184) Concurrent Cleanup for Next Mark 1.989ms
[2020-09-11T11:44:07.719+0000][26480][gc           ] GC(184) Concurrent Cycle 276.109ms
[2020-09-11T11:44:07.804+0000][26480][safepoint    ] Safepoint "BulkRevokeBias", Time since last: 84576900 ns, Reaching safepoint: 159300 ns, At safepoint: 1863900 ns, Total: 2023200 ns
[2020-09-11T11:44:07.806+0000][26480][safepoint    ] Safepoint "BulkRevokeBias", Time since last: 535900 ns, Reaching safepoint: 163800 ns, At safepoint: 1843100 ns, Total: 2006900 ns
[2020-09-11T11:44:08.020+0000][26480][safepoint    ] Safepoint "ICBufferFull", Time since last: 212730800 ns, Reaching safepoint: 468100 ns, At safepoint: 190700 ns, Total: 658800 ns
[2020-09-11T11:44:08.122+0000][26480][gc,start     ] GC(185) Pause Young (Concurrent Start) (G1 Humongous Allocation)
[2020-09-11T11:44:08.122+0000][26480][gc,task      ] GC(185) Using 8 workers of 8 for evacuation
[2020-09-11T11:44:08.122+0000][26480][gc,age       ] GC(185) Desired survivor size 33554432 bytes, new threshold 15 (max threshold 15)
[2020-09-11T11:44:08.127+0000][26480][gc,age       ] GC(185) Age table with threshold 15 (max threshold 15)
[2020-09-11T11:44:08.127+0000][26480][gc,age       ] GC(185) - age   1:    3150776 bytes,    3150776 total
[2020-09-11T11:44:08.127+0000][26480][gc,age       ] GC(185) - age   2:     281344 bytes,    3432120 total
[2020-09-11T11:44:08.127+0000][26480][gc,age       ] GC(185) - age   3:     379360 bytes,    3811480 total
[2020-09-11T11:44:08.127+0000][26480][gc,age       ] GC(185) - age   4:       1184 bytes,    3812664 total
[2020-09-11T11:44:08.127+0000][26480][gc,age       ] GC(185) - age   5:       1392 bytes,    3814056 total
[2020-09-11T11:44:08.127+0000][26480][gc,age       ] GC(185) - age   6:       3592 bytes,    3817648 total
[2020-09-11T11:44:08.127+0000][26480][gc,age       ] GC(185) - age   7:       2192 bytes,    3819840 total
[2020-09-11T11:44:08.127+0000][26480][gc,age       ] GC(185) - age   8:       6504 bytes,    3826344 total
[2020-09-11T11:44:08.127+0000][26480][gc,age       ] GC(185) - age   9:       1096 bytes,    3827440 total
[2020-09-11T11:44:08.127+0000][26480][gc,age       ] GC(185) - age  10:        424 bytes,    3827864 total
[2020-09-11T11:44:08.127+0000][26480][gc,age       ] GC(185) - age  11:        288 bytes,    3828152 total
[2020-09-11T11:44:08.127+0000][26480][gc,age       ] GC(185) - age  12:        560 bytes,    3828712 total
[2020-09-11T11:44:08.127+0000][26480][gc,age       ] GC(185) - age  13:        232 bytes,    3828944 total
[2020-09-11T11:44:08.127+0000][26480][gc,age       ] GC(185) - age  14:        368 bytes,    3829312 total
[2020-09-11T11:44:08.127+0000][26480][gc,age       ] GC(185) - age  15:        176 bytes,    3829488 total
[2020-09-11T11:44:08.127+0000][26480][gc,phases    ] GC(185)   Pre Evacuate Collection Set: 0.4ms
[2020-09-11T11:44:08.127+0000][26480][gc,phases    ] GC(185)   Merge Heap Roots: 0.1ms
[2020-09-11T11:44:08.127+0000][26480][gc,phases    ] GC(185)   Evacuate Collection Set: 2.5ms
[2020-09-11T11:44:08.127+0000][26480][gc,phases    ] GC(185)   Post Evacuate Collection Set: 0.8ms
[2020-09-11T11:44:08.127+0000][26480][gc,phases    ] GC(185)   Other: 1.3ms
[2020-09-11T11:44:08.127+0000][26480][gc,heap      ] GC(185) Eden regions: 54->0(504)
[2020-09-11T11:44:08.128+0000][26480][gc,heap      ] GC(185) Survivor regions: 4->4(64)
[2020-09-11T11:44:08.128+0000][26480][gc,heap      ] GC(185) Old regions: 76->76
[2020-09-11T11:44:08.128+0000][26480][gc,heap      ] GC(185) Archive regions: 0->0
[2020-09-11T11:44:08.128+0000][26480][gc,heap      ] GC(185) Humongous regions: 231->176
[2020-09-11T11:44:08.128+0000][26480][gc,metaspace ] GC(185) Metaspace: 86677K(92824K)->86677K(92824K) NonClass: 75560K(79256K)->75560K(79256K) Class: 11117K(13568K)->11117K(13568K)
[2020-09-11T11:44:08.128+0000][26480][gc           ] GC(185) Pause Young (Concurrent Start) (G1 Humongous Allocation) 364M->255M(1024M) 5.402ms
[2020-09-11T11:44:08.128+0000][26480][gc,cpu       ] GC(185) User=0.00s Sys=0.00s Real=0.01s
[2020-09-11T11:44:08.128+0000][26480][gc           ] GC(186) Concurrent Cycle
[2020-09-11T11:44:08.128+0000][26480][safepoint    ] Safepoint "G1TryInitiateConcMark", Time since last: 102011700 ns, Reaching safepoint: 407700 ns, At safepoint: 5591900 ns, Total: 5999600 ns
[2020-09-11T11:44:08.128+0000][26480][gc,marking   ] GC(186) Concurrent Clear Claimed Marks
[2020-09-11T11:44:08.129+0000][26480][gc,marking   ] GC(186) Concurrent Clear Claimed Marks 0.860ms
[2020-09-11T11:44:08.129+0000][26480][gc,marking   ] GC(186) Concurrent Scan Root Regions
[2020-09-11T11:44:08.131+0000][26480][gc,marking   ] GC(186) Concurrent Scan Root Regions 2.655ms
[2020-09-11T11:44:08.132+0000][26480][gc,marking   ] GC(186) Concurrent Mark (7053.266s)
[2020-09-11T11:44:08.132+0000][26480][gc,marking   ] GC(186) Concurrent Mark From Roots
[2020-09-11T11:44:08.132+0000][26480][gc,task      ] GC(186) Using 2 workers of 2 for marking
[2020-09-11T11:44:08.281+0000][26480][gc,marking   ] GC(186) Concurrent Mark From Roots 149.610ms
[2020-09-11T11:44:08.281+0000][26480][gc,marking   ] GC(186) Concurrent Preclean
[2020-09-11T11:44:08.282+0000][26480][gc,marking   ] GC(186) Concurrent Preclean 0.705ms
[2020-09-11T11:44:08.282+0000][26480][gc,marking   ] GC(186) Concurrent Mark (7053.266s, 7053.417s) 150.510ms
[2020-09-11T11:44:08.282+0000][26480][gc,start     ] GC(186) Pause Remark
[2020-09-11T11:44:08.288+0000][26480][gc           ] GC(186) Pause Remark 305M->305M(1024M) 5.340ms
[2020-09-11T11:44:08.288+0000][26480][gc,cpu       ] GC(186) User=0.00s Sys=0.00s Real=0.01s
[2020-09-11T11:44:08.288+0000][26480][safepoint    ] Safepoint "G1Concurrent", Time since last: 154385600 ns, Reaching safepoint: 144600 ns, At safepoint: 5746200 ns, Total: 5890800 ns
[2020-09-11T11:44:08.288+0000][26480][gc,marking   ] GC(186) Concurrent Rebuild Remembered Sets
[2020-09-11T11:44:08.383+0000][26480][gc,marking   ] GC(186) Concurrent Rebuild Remembered Sets 95.047ms
[2020-09-11T11:44:08.384+0000][26480][gc,start     ] GC(186) Pause Cleanup
[2020-09-11T11:44:08.384+0000][26480][gc           ] GC(186) Pause Cleanup 327M->327M(1024M) 0.291ms
[2020-09-11T11:44:08.384+0000][26480][gc,cpu       ] GC(186) User=0.00s Sys=0.00s Real=0.00s
[2020-09-11T11:44:08.384+0000][26480][safepoint    ] Safepoint "G1Concurrent", Time since last: 95259200 ns, Reaching safepoint: 176000 ns, At safepoint: 495400 ns, Total: 671400 ns
[2020-09-11T11:44:08.384+0000][26480][gc,marking   ] GC(186) Concurrent Cleanup for Next Mark
[2020-09-11T11:44:08.386+0000][26480][gc,marking   ] GC(186) Concurrent Cleanup for Next Mark 2.081ms
[2020-09-11T11:44:08.386+0000][26480][gc           ] GC(186) Concurrent Cycle 258.564ms
[2020-09-11T11:44:08.606+0000][26480][gc,start     ] GC(187) Pause Young (Concurrent Start) (G1 Humongous Allocation)
[2020-09-11T11:44:08.606+0000][26480][gc,task      ] GC(187) Using 8 workers of 8 for evacuation
[2020-09-11T11:44:08.606+0000][26480][gc,age       ] GC(187) Desired survivor size 33554432 bytes, new threshold 15 (max threshold 15)
[2020-09-11T11:44:08.610+0000][26480][gc,age       ] GC(187) Age table with threshold 15 (max threshold 15)
[2020-09-11T11:44:08.610+0000][26480][gc,age       ] GC(187) - age   1:    2736360 bytes,    2736360 total
[2020-09-11T11:44:08.610+0000][26480][gc,age       ] GC(187) - age   2:      67536 bytes,    2803896 total
[2020-09-11T11:44:08.610+0000][26480][gc,age       ] GC(187) - age   3:     277616 bytes,    3081512 total
[2020-09-11T11:44:08.610+0000][26480][gc,age       ] GC(187) - age   4:     379176 bytes,    3460688 total
[2020-09-11T11:44:08.610+0000][26480][gc,age       ] GC(187) - age   5:       1184 bytes,    3461872 total
[2020-09-11T11:44:08.610+0000][26480][gc,age       ] GC(187) - age   6:       1392 bytes,    3463264 total
[2020-09-11T11:44:08.610+0000][26480][gc,age       ] GC(187) - age   7:       3592 bytes,    3466856 total
[2020-09-11T11:44:08.610+0000][26480][gc,age       ] GC(187) - age   8:       2096 bytes,    3468952 total
[2020-09-11T11:44:08.610+0000][26480][gc,age       ] GC(187) - age   9:       6504 bytes,    3475456 total
[2020-09-11T11:44:08.610+0000][26480][gc,age       ] GC(187) - age  10:       1096 bytes,    3476552 total
[2020-09-11T11:44:08.610+0000][26480][gc,age       ] GC(187) - age  11:        424 bytes,    3476976 total
[2020-09-11T11:44:08.610+0000][26480][gc,age       ] GC(187) - age  12:        288 bytes,    3477264 total
[2020-09-11T11:44:08.610+0000][26480][gc,age       ] GC(187) - age  13:        560 bytes,    3477824 total
[2020-09-11T11:44:08.610+0000][26480][gc,age       ] GC(187) - age  14:        232 bytes,    3478056 total
[2020-09-11T11:44:08.610+0000][26480][gc,age       ] GC(187) - age  15:        368 bytes,    3478424 total
[2020-09-11T11:44:08.610+0000][26480][gc,phases    ] GC(187)   Pre Evacuate Collection Set: 0.4ms
[2020-09-11T11:44:08.610+0000][26480][gc,phases    ] GC(187)   Merge Heap Roots: 0.1ms
[2020-09-11T11:44:08.610+0000][26480][gc,phases    ] GC(187)   Evacuate Collection Set: 2.1ms
[2020-09-11T11:44:08.610+0000][26480][gc,phases    ] GC(187)   Post Evacuate Collection Set: 0.8ms
[2020-09-11T11:44:08.610+0000][26480][gc,phases    ] GC(187)   Other: 1.2ms
[2020-09-11T11:44:08.610+0000][26480][gc,heap      ] GC(187) Eden regions: 52->0(506)
[2020-09-11T11:44:08.610+0000][26480][gc,heap      ] GC(187) Survivor regions: 4->4(64)
[2020-09-11T11:44:08.610+0000][26480][gc,heap      ] GC(187) Old regions: 76->76
[2020-09-11T11:44:08.610+0000][26480][gc,heap      ] GC(187) Archive regions: 0->0
[2020-09-11T11:44:08.611+0000][26480][gc,heap      ] GC(187) Humongous regions: 232->174
[2020-09-11T11:44:08.611+0000][26480][gc,metaspace ] GC(187) Metaspace: 86715K(92824K)->86715K(92824K) NonClass: 75598K(79256K)->75598K(79256K) Class: 11117K(13568K)->11117K(13568K)
[2020-09-11T11:44:08.611+0000][26480][gc           ] GC(187) Pause Young (Concurrent Start) (G1 Humongous Allocation) 363M->253M(1024M) 5.074ms
[2020-09-11T11:44:08.611+0000][26480][gc,cpu       ] GC(187) User=0.00s Sys=0.00s Real=0.01s
[2020-09-11T11:44:08.611+0000][26480][gc           ] GC(188) Concurrent Cycle
[2020-09-11T11:44:08.611+0000][26480][safepoint    ] Safepoint "G1TryInitiateConcMark", Time since last: 221211000 ns, Reaching safepoint: 282700 ns, At safepoint: 5330100 ns, Total: 5612800 ns
[2020-09-11T11:44:08.611+0000][26480][gc,marking   ] GC(188) Concurrent Clear Claimed Marks
[2020-09-11T11:44:08.611+0000][26480][safepoint    ] Safepoint "G1TryInitiateConcMark", Time since last: 182700 ns, Reaching safepoint: 183200 ns, At safepoint: 33500 ns, Total: 216700 ns
[2020-09-11T11:44:08.611+0000][26480][gc,marking   ] GC(188) Concurrent Clear Claimed Marks 0.446ms
[2020-09-11T11:44:08.611+0000][26480][gc,marking   ] GC(188) Concurrent Scan Root Regions
[2020-09-11T11:44:08.614+0000][26480][gc,marking   ] GC(188) Concurrent Scan Root Regions 2.371ms
[2020-09-11T11:44:08.614+0000][26480][gc,marking   ] GC(188) Concurrent Mark (7053.748s)
[2020-09-11T11:44:08.614+0000][26480][gc,marking   ] GC(188) Concurrent Mark From Roots
[2020-09-11T11:44:08.614+0000][26480][gc,task      ] GC(188) Using 2 workers of 2 for marking
[2020-09-11T11:44:08.757+0000][26480][gc,marking   ] GC(188) Concurrent Mark From Roots 142.671ms
[2020-09-11T11:44:08.757+0000][26480][gc,marking   ] GC(188) Concurrent Preclean
[2020-09-11T11:44:08.757+0000][26480][gc,marking   ] GC(188) Concurrent Preclean 0.786ms
[2020-09-11T11:44:08.757+0000][26480][gc,marking   ] GC(188) Concurrent Mark (7053.748s, 7053.892s) 143.690ms
[2020-09-11T11:44:08.758+0000][26480][gc,start     ] GC(188) Pause Remark
[2020-09-11T11:44:08.763+0000][26480][gc           ] GC(188) Pause Remark 295M->295M(1024M) 5.474ms
[2020-09-11T11:44:08.763+0000][26480][gc,cpu       ] GC(188) User=0.11s Sys=0.00s Real=0.01s
[2020-09-11T11:44:08.763+0000][26480][safepoint    ] Safepoint "G1Concurrent", Time since last: 146369300 ns, Reaching safepoint: 167900 ns, At safepoint: 5725900 ns, Total: 5893800 ns
[2020-09-11T11:44:08.764+0000][26480][gc,marking   ] GC(188) Concurrent Rebuild Remembered Sets
[2020-09-11T11:44:08.857+0000][26480][gc,marking   ] GC(188) Concurrent Rebuild Remembered Sets 93.010ms
[2020-09-11T11:44:08.857+0000][26480][gc,start     ] GC(188) Pause Cleanup
[2020-09-11T11:44:08.857+0000][26480][gc           ] GC(188) Pause Cleanup 318M->318M(1024M) 0.423ms
[2020-09-11T11:44:08.857+0000][26480][gc,cpu       ] GC(188) User=0.00s Sys=0.00s Real=0.00s
[2020-09-11T11:44:08.858+0000][26480][safepoint    ] Safepoint "G1Concurrent", Time since last: 93255700 ns, Reaching safepoint: 194200 ns, At safepoint: 643600 ns, Total: 837800 ns
[2020-09-11T11:44:08.858+0000][26480][gc,marking   ] GC(188) Concurrent Cleanup for Next Mark
[2020-09-11T11:44:08.859+0000][26480][gc,marking   ] GC(188) Concurrent Cleanup for Next Mark 1.692ms
[2020-09-11T11:44:08.859+0000][26480][gc           ] GC(188) Concurrent Cycle 248.711ms
[2020-09-11T11:44:09.046+0000][26480][gc,start     ] GC(189) Pause Young (Concurrent Start) (G1 Humongous Allocation)
[2020-09-11T11:44:09.046+0000][26480][gc,task      ] GC(189) Using 8 workers of 8 for evacuation
[2020-09-11T11:44:09.046+0000][26480][gc,age       ] GC(189) Desired survivor size 33554432 bytes, new threshold 15 (max threshold 15)
[2020-09-11T11:44:09.050+0000][26480][gc,age       ] GC(189) Age table with threshold 15 (max threshold 15)
[2020-09-11T11:44:09.050+0000][26480][gc,age       ] GC(189) - age   1:    1879128 bytes,    1879128 total
[2020-09-11T11:44:09.050+0000][26480][gc,age       ] GC(189) - age   2:       5056 bytes,    1884184 total
[2020-09-11T11:44:09.050+0000][26480][gc,age       ] GC(189) - age   3:      65232 bytes,    1949416 total
[2020-09-11T11:44:09.051+0000][26480][gc,age       ] GC(189) - age   4:     277616 bytes,    2227032 total
[2020-09-11T11:44:09.051+0000][26480][gc,age       ] GC(189) - age   5:     379112 bytes,    2606144 total
[2020-09-11T11:44:09.051+0000][26480][gc,age       ] GC(189) - age   6:       1184 bytes,    2607328 total
[2020-09-11T11:44:09.051+0000][26480][gc,age       ] GC(189) - age   7:       1392 bytes,    2608720 total
[2020-09-11T11:44:09.051+0000][26480][gc,age       ] GC(189) - age   8:       3592 bytes,    2612312 total
[2020-09-11T11:44:09.051+0000][26480][gc,age       ] GC(189) - age   9:       2064 bytes,    2614376 total
[2020-09-11T11:44:09.051+0000][26480][gc,age       ] GC(189) - age  10:       6472 bytes,    2620848 total
[2020-09-11T11:44:09.051+0000][26480][gc,age       ] GC(189) - age  11:       1096 bytes,    2621944 total
[2020-09-11T11:44:09.051+0000][26480][gc,age       ] GC(189) - age  12:        392 bytes,    2622336 total
[2020-09-11T11:44:09.051+0000][26480][gc,age       ] GC(189) - age  13:        288 bytes,    2622624 total
[2020-09-11T11:44:09.051+0000][26480][gc,age       ] GC(189) - age  14:        560 bytes,    2623184 total
[2020-09-11T11:44:09.051+0000][26480][gc,age       ] GC(189) - age  15:        232 bytes,    2623416 total
[2020-09-11T11:44:09.051+0000][26480][gc,phases    ] GC(189)   Pre Evacuate Collection Set: 0.5ms
[2020-09-11T11:44:09.051+0000][26480][gc,phases    ] GC(189)   Merge Heap Roots: 0.1ms
[2020-09-11T11:44:09.051+0000][26480][gc,phases    ] GC(189)   Evacuate Collection Set: 2.8ms
[2020-09-11T11:44:09.051+0000][26480][gc,phases    ] GC(189)   Post Evacuate Collection Set: 0.7ms
[2020-09-11T11:44:09.051+0000][26480][gc,phases    ] GC(189)   Other: 0.9ms
[2020-09-11T11:44:09.051+0000][26480][gc,heap      ] GC(189) Eden regions: 51->0(507)
[2020-09-11T11:44:09.051+0000][26480][gc,heap      ] GC(189) Survivor regions: 4->3(64)
[2020-09-11T11:44:09.051+0000][26480][gc,heap      ] GC(189) Old regions: 76->76
[2020-09-11T11:44:09.051+0000][26480][gc,heap      ] GC(189) Archive regions: 0->0
[2020-09-11T11:44:09.051+0000][26480][gc,heap      ] GC(189) Humongous regions: 231->174
[2020-09-11T11:44:09.051+0000][26480][gc,metaspace ] GC(189) Metaspace: 86740K(92824K)->86740K(92824K) NonClass: 75623K(79256K)->75623K(79256K) Class: 11117K(13568K)->11117K(13568K)
[2020-09-11T11:44:09.051+0000][26480][gc           ] GC(189) Pause Young (Concurrent Start) (G1 Humongous Allocation) 360M->252M(1024M) 5.180ms
[2020-09-11T11:44:09.051+0000][26480][gc,cpu       ] GC(189) User=0.00s Sys=0.00s Real=0.01s
[2020-09-11T11:44:09.051+0000][26480][gc           ] GC(190) Concurrent Cycle
[2020-09-11T11:44:09.051+0000][26480][gc,marking   ] GC(190) Concurrent Clear Claimed Marks
[2020-09-11T11:44:09.051+0000][26480][safepoint    ] Safepoint "G1TryInitiateConcMark", Time since last: 188077600 ns, Reaching safepoint: 227000 ns, At safepoint: 5564200 ns, Total: 5791200 ns
[2020-09-11T11:44:09.052+0000][26480][gc,marking   ] GC(190) Concurrent Clear Claimed Marks 0.351ms
[2020-09-11T11:44:09.052+0000][26480][gc,marking   ] GC(190) Concurrent Scan Root Regions
[2020-09-11T11:44:09.054+0000][26480][gc,marking   ] GC(190) Concurrent Scan Root Regions 2.117ms
[2020-09-11T11:44:09.054+0000][26480][gc,marking   ] GC(190) Concurrent Mark (7054.189s)
[2020-09-11T11:44:09.054+0000][26480][gc,marking   ] GC(190) Concurrent Mark From Roots
[2020-09-11T11:44:09.054+0000][26480][gc,task      ] GC(190) Using 2 workers of 2 for marking
[2020-09-11T11:44:09.068+0000][26480][safepoint    ] Safepoint "BulkRevokeBias", Time since last: 14414400 ns, Reaching safepoint: 196000 ns, At safepoint: 2142600 ns, Total: 2338600 ns
[2020-09-11T11:44:09.205+0000][26480][gc,marking   ] GC(190) Concurrent Mark From Roots 151.251ms
[2020-09-11T11:44:09.205+0000][26480][gc,marking   ] GC(190) Concurrent Preclean
[2020-09-11T11:44:09.206+0000][26480][gc,marking   ] GC(190) Concurrent Preclean 0.511ms
[2020-09-11T11:44:09.206+0000][26480][gc,marking   ] GC(190) Concurrent Mark (7054.189s, 7054.341s) 151.910ms
[2020-09-11T11:44:09.206+0000][26480][gc,start     ] GC(190) Pause Remark
[2020-09-11T11:44:09.212+0000][26480][gc           ] GC(190) Pause Remark 288M->288M(1024M) 6.120ms
[2020-09-11T11:44:09.212+0000][26480][gc,cpu       ] GC(190) User=0.00s Sys=0.00s Real=0.01s
[2020-09-11T11:44:09.213+0000][26480][safepoint    ] Safepoint "G1Concurrent", Time since last: 137726900 ns, Reaching safepoint: 169700 ns, At safepoint: 6500700 ns, Total: 6670400 ns
[2020-09-11T11:44:09.213+0000][26480][gc,marking   ] GC(190) Concurrent Rebuild Remembered Sets
[2020-09-11T11:44:09.301+0000][26480][gc,marking   ] GC(190) Concurrent Rebuild Remembered Sets 88.238ms
[2020-09-11T11:44:09.301+0000][26480][gc,start     ] GC(190) Pause Cleanup
[2020-09-11T11:44:09.301+0000][26480][gc           ] GC(190) Pause Cleanup 311M->311M(1024M) 0.267ms
[2020-09-11T11:44:09.302+0000][26480][gc,cpu       ] GC(190) User=0.00s Sys=0.00s Real=0.00s
[2020-09-11T11:44:09.302+0000][26480][safepoint    ] Safepoint "G1Concurrent", Time since last: 88456700 ns, Reaching safepoint: 141100 ns, At safepoint: 436800 ns, Total: 577900 ns
[2020-09-11T11:44:09.302+0000][26480][gc,marking   ] GC(190) Concurrent Cleanup for Next Mark
[2020-09-11T11:44:09.304+0000][26480][gc,marking   ] GC(190) Concurrent Cleanup for Next Mark 1.820ms
[2020-09-11T11:44:09.304+0000][26480][gc           ] GC(190) Concurrent Cycle 252.446ms
[2020-09-11T11:44:09.433+0000][26480][safepoint    ] Safepoint "BulkRevokeBias", Time since last: 129934300 ns, Reaching safepoint: 186600 ns, At safepoint: 1465200 ns, Total: 1651800 ns
[2020-09-11T11:44:09.485+0000][26480][safepoint    ] Safepoint "BulkRevokeBias", Time since last: 50367600 ns, Reaching safepoint: 212300 ns, At safepoint: 1354800 ns, Total: 1567100 ns
[2020-09-11T11:44:09.492+0000][26480][gc,start     ] GC(191) Pause Young (Concurrent Start) (G1 Humongous Allocation)
[2020-09-11T11:44:09.492+0000][26480][gc,task      ] GC(191) Using 8 workers of 8 for evacuation
[2020-09-11T11:44:09.492+0000][26480][gc,age       ] GC(191) Desired survivor size 33554432 bytes, new threshold 15 (max threshold 15)
[2020-09-11T11:44:09.496+0000][26480][gc,age       ] GC(191) Age table with threshold 15 (max threshold 15)
[2020-09-11T11:44:09.496+0000][26480][gc,age       ] GC(191) - age   1:    2265368 bytes,    2265368 total
[2020-09-11T11:44:09.496+0000][26480][gc,age       ] GC(191) - age   2:       3784 bytes,    2269152 total
[2020-09-11T11:44:09.497+0000][26480][gc,age       ] GC(191) - age   3:       4056 bytes,    2273208 total
[2020-09-11T11:44:09.497+0000][26480][gc,age       ] GC(191) - age   4:      65040 bytes,    2338248 total
[2020-09-11T11:44:09.497+0000][26480][gc,age       ] GC(191) - age   5:     277424 bytes,    2615672 total
[2020-09-11T11:44:09.497+0000][26480][gc,age       ] GC(191) - age   6:     379112 bytes,    2994784 total
[2020-09-11T11:44:09.497+0000][26480][gc,age       ] GC(191) - age   7:       1152 bytes,    2995936 total
[2020-09-11T11:44:09.497+0000][26480][gc,age       ] GC(191) - age   8:       1392 bytes,    2997328 total
[2020-09-11T11:44:09.497+0000][26480][gc,age       ] GC(191) - age   9:       3592 bytes,    3000920 total
[2020-09-11T11:44:09.497+0000][26480][gc,age       ] GC(191) - age  10:       2064 bytes,    3002984 total
[2020-09-11T11:44:09.497+0000][26480][gc,age       ] GC(191) - age  11:       6472 bytes,    3009456 total
[2020-09-11T11:44:09.497+0000][26480][gc,age       ] GC(191) - age  12:       1096 bytes,    3010552 total
[2020-09-11T11:44:09.497+0000][26480][gc,age       ] GC(191) - age  13:        392 bytes,    3010944 total
[2020-09-11T11:44:09.497+0000][26480][gc,age       ] GC(191) - age  14:        288 bytes,    3011232 total
[2020-09-11T11:44:09.497+0000][26480][gc,age       ] GC(191) - age  15:        560 bytes,    3011792 total
[2020-09-11T11:44:09.497+0000][26480][gc,phases    ] GC(191)   Pre Evacuate Collection Set: 0.6ms
[2020-09-11T11:44:09.497+0000][26480][gc,phases    ] GC(191)   Merge Heap Roots: 0.1ms
[2020-09-11T11:44:09.497+0000][26480][gc,phases    ] GC(191)   Evacuate Collection Set: 2.8ms
[2020-09-11T11:44:09.497+0000][26480][gc,phases    ] GC(191)   Post Evacuate Collection Set: 0.8ms
[2020-09-11T11:44:09.497+0000][26480][gc,phases    ] GC(191)   Other: 1.1ms
[2020-09-11T11:44:09.497+0000][26480][gc,heap      ] GC(191) Eden regions: 53->0(507)
[2020-09-11T11:44:09.497+0000][26480][gc,heap      ] GC(191) Survivor regions: 3->3(64)
[2020-09-11T11:44:09.497+0000][26480][gc,heap      ] GC(191) Old regions: 76->76
[2020-09-11T11:44:09.497+0000][26480][gc,heap      ] GC(191) Archive regions: 0->0
[2020-09-11T11:44:09.497+0000][26480][gc,heap      ] GC(191) Humongous regions: 231->175
[2020-09-11T11:44:09.497+0000][26480][gc,metaspace ] GC(191) Metaspace: 86767K(92824K)->86767K(92824K) NonClass: 75649K(79256K)->75649K(79256K) Class: 11117K(13568K)->11117K(13568K)
[2020-09-11T11:44:09.497+0000][26480][gc           ] GC(191) Pause Young (Concurrent Start) (G1 Humongous Allocation) 362M->253M(1024M) 5.676ms
[2020-09-11T11:44:09.497+0000][26480][gc,cpu       ] GC(191) User=0.09s Sys=0.00s Real=0.00s
[2020-09-11T11:44:09.497+0000][26480][gc           ] GC(192) Concurrent Cycle
[2020-09-11T11:44:09.497+0000][26480][gc,marking   ] GC(192) Concurrent Clear Claimed Marks
[2020-09-11T11:44:09.498+0000][26480][gc,marking   ] GC(192) Concurrent Clear Claimed Marks 0.341ms
[2020-09-11T11:44:09.498+0000][26480][gc,marking   ] GC(192) Concurrent Scan Root Regions
[2020-09-11T11:44:09.498+0000][26480][safepoint    ] Safepoint "G1TryInitiateConcMark", Time since last: 6006000 ns, Reaching safepoint: 348800 ns, At safepoint: 6371100 ns, Total: 6719900 ns
[2020-09-11T11:44:09.499+0000][26480][gc,marking   ] GC(192) Concurrent Scan Root Regions 1.674ms
[2020-09-11T11:44:09.500+0000][26480][gc,marking   ] GC(192) Concurrent Mark (7054.634s)
[2020-09-11T11:44:09.500+0000][26480][gc,marking   ] GC(192) Concurrent Mark From Roots
[2020-09-11T11:44:09.500+0000][26480][gc,task      ] GC(192) Using 2 workers of 2 for marking
[2020-09-11T11:44:09.649+0000][26480][gc,marking   ] GC(192) Concurrent Mark From Roots 149.700ms
[2020-09-11T11:44:09.649+0000][26480][gc,marking   ] GC(192) Concurrent Preclean
[2020-09-11T11:44:09.650+0000][26480][gc,marking   ] GC(192) Concurrent Preclean 0.901ms
[2020-09-11T11:44:09.650+0000][26480][gc,marking   ] GC(192) Concurrent Mark (7054.634s, 7054.785s) 150.819ms
[2020-09-11T11:44:09.651+0000][26480][gc,start     ] GC(192) Pause Remark
[2020-09-11T11:44:09.656+0000][26480][gc           ] GC(192) Pause Remark 280M->280M(1024M) 5.759ms
[2020-09-11T11:44:09.657+0000][26480][gc,cpu       ] GC(192) User=0.00s Sys=0.00s Real=0.01s
[2020-09-11T11:44:09.657+0000][26480][safepoint    ] Safepoint "G1Concurrent", Time since last: 152597600 ns, Reaching safepoint: 188400 ns, At safepoint: 6005000 ns, Total: 6193400 ns
[2020-09-11T11:44:09.657+0000][26480][gc,marking   ] GC(192) Concurrent Rebuild Remembered Sets
[2020-09-11T11:44:09.739+0000][26480][gc,marking   ] GC(192) Concurrent Rebuild Remembered Sets 82.394ms
[2020-09-11T11:44:09.739+0000][26480][gc,start     ] GC(192) Pause Cleanup
[2020-09-11T11:44:09.740+0000][26480][gc           ] GC(192) Pause Cleanup 282M->282M(1024M) 0.335ms
[2020-09-11T11:44:09.740+0000][26480][gc,cpu       ] GC(192) User=0.00s Sys=0.00s Real=0.00s
[2020-09-11T11:44:09.740+0000][26480][safepoint    ] Safepoint "G1Concurrent", Time since last: 82632500 ns, Reaching safepoint: 197400 ns, At safepoint: 491200 ns, Total: 688600 ns
[2020-09-11T11:44:09.740+0000][26480][gc,marking   ] GC(192) Concurrent Cleanup for Next Mark
[2020-09-11T11:44:09.742+0000][26480][gc,marking   ] GC(192) Concurrent Cleanup for Next Mark 2.271ms
[2020-09-11T11:44:09.742+0000][26480][gc           ] GC(192) Concurrent Cycle 245.109ms
[2020-09-11T11:44:10.013+0000][26480][gc,start     ] GC(193) Pause Young (Concurrent Start) (G1 Humongous Allocation)
[2020-09-11T11:44:10.013+0000][26480][gc,task      ] GC(193) Using 8 workers of 8 for evacuation
[2020-09-11T11:44:10.013+0000][26480][gc,age       ] GC(193) Desired survivor size 33554432 bytes, new threshold 15 (max threshold 15)
[2020-09-11T11:44:10.017+0000][26480][gc,age       ] GC(193) Age table with threshold 15 (max threshold 15)
[2020-09-11T11:44:10.017+0000][26480][gc,age       ] GC(193) - age   1:    1732648 bytes,    1732648 total
[2020-09-11T11:44:10.017+0000][26480][gc,age       ] GC(193) - age   2:       2816 bytes,    1735464 total
[2020-09-11T11:44:10.017+0000][26480][gc,age       ] GC(193) - age   3:       1472 bytes,    1736936 total
[2020-09-11T11:44:10.017+0000][26480][gc,age       ] GC(193) - age   4:       3640 bytes,    1740576 total
[2020-09-11T11:44:10.017+0000][26480][gc,age       ] GC(193) - age   5:      64944 bytes,    1805520 total
[2020-09-11T11:44:10.017+0000][26480][gc,age       ] GC(193) - age   6:     277040 bytes,    2082560 total
[2020-09-11T11:44:10.017+0000][26480][gc,age       ] GC(193) - age   7:     379016 bytes,    2461576 total
[2020-09-11T11:44:10.017+0000][26480][gc,age       ] GC(193) - age   8:       1152 bytes,    2462728 total
[2020-09-11T11:44:10.017+0000][26480][gc,age       ] GC(193) - age   9:       1360 bytes,    2464088 total
[2020-09-11T11:44:10.017+0000][26480][gc,age       ] GC(193) - age  10:       3592 bytes,    2467680 total
[2020-09-11T11:44:10.017+0000][26480][gc,age       ] GC(193) - age  11:       2032 bytes,    2469712 total
[2020-09-11T11:44:10.017+0000][26480][gc,age       ] GC(193) - age  12:       6472 bytes,    2476184 total
[2020-09-11T11:44:10.017+0000][26480][gc,age       ] GC(193) - age  13:       1096 bytes,    2477280 total
[2020-09-11T11:44:10.017+0000][26480][gc,age       ] GC(193) - age  14:        392 bytes,    2477672 total
[2020-09-11T11:44:10.017+0000][26480][gc,age       ] GC(193) - age  15:        288 bytes,    2477960 total
[2020-09-11T11:44:10.017+0000][26480][gc,phases    ] GC(193)   Pre Evacuate Collection Set: 0.4ms
[2020-09-11T11:44:10.017+0000][26480][gc,phases    ] GC(193)   Merge Heap Roots: 0.1ms
[2020-09-11T11:44:10.017+0000][26480][gc,phases    ] GC(193)   Evacuate Collection Set: 2.2ms
[2020-09-11T11:44:10.018+0000][26480][gc,phases    ] GC(193)   Post Evacuate Collection Set: 0.8ms
[2020-09-11T11:44:10.018+0000][26480][gc,phases    ] GC(193)   Other: 1.0ms
[2020-09-11T11:44:10.018+0000][26480][gc,heap      ] GC(193) Eden regions: 54->0(508)
[2020-09-11T11:44:10.018+0000][26480][gc,heap      ] GC(193) Survivor regions: 3->3(64)
[2020-09-11T11:44:10.018+0000][26480][gc,heap      ] GC(193) Old regions: 76->76
[2020-09-11T11:44:10.018+0000][26480][gc,heap      ] GC(193) Archive regions: 0->0
[2020-09-11T11:44:10.018+0000][26480][gc,heap      ] GC(193) Humongous regions: 231->174
[2020-09-11T11:44:10.018+0000][26480][gc,metaspace ] GC(193) Metaspace: 86790K(92824K)->86790K(92824K) NonClass: 75671K(79256K)->75671K(79256K) Class: 11118K(13568K)->11118K(13568K)
[2020-09-11T11:44:10.018+0000][26480][gc           ] GC(193) Pause Young (Concurrent Start) (G1 Humongous Allocation) 363M->252M(1024M) 4.896ms
[2020-09-11T11:44:10.018+0000][26480][gc,cpu       ] GC(193) User=0.00s Sys=0.00s Real=0.00s
[2020-09-11T11:44:10.018+0000][26480][gc           ] GC(194) Concurrent Cycle
[2020-09-11T11:44:10.018+0000][26480][gc,marking   ] GC(194) Concurrent Clear Claimed Marks
[2020-09-11T11:44:10.018+0000][26480][safepoint    ] Safepoint "G1TryInitiateConcMark", Time since last: 272165200 ns, Reaching safepoint: 238400 ns, At safepoint: 5260600 ns, Total: 5499000 ns
[2020-09-11T11:44:10.018+0000][26480][gc,marking   ] GC(194) Concurrent Clear Claimed Marks 0.382ms
[2020-09-11T11:44:10.018+0000][26480][gc,marking   ] GC(194) Concurrent Scan Root Regions
[2020-09-11T11:44:10.020+0000][26480][gc,marking   ] GC(194) Concurrent Scan Root Regions 1.856ms
[2020-09-11T11:44:10.020+0000][26480][gc,marking   ] GC(194) Concurrent Mark (7055.155s)
[2020-09-11T11:44:10.020+0000][26480][gc,marking   ] GC(194) Concurrent Mark From Roots
[2020-09-11T11:44:10.020+0000][26480][gc,task      ] GC(194) Using 2 workers of 2 for marking
[2020-09-11T11:44:10.168+0000][26480][gc,marking   ] GC(194) Concurrent Mark From Roots 147.884ms
[2020-09-11T11:44:10.168+0000][26480][gc,marking   ] GC(194) Concurrent Preclean
[2020-09-11T11:44:10.169+0000][26480][gc,marking   ] GC(194) Concurrent Preclean 0.698ms
[2020-09-11T11:44:10.169+0000][26480][gc,marking   ] GC(194) Concurrent Mark (7055.155s, 7055.303s) 148.814ms
[2020-09-11T11:44:10.169+0000][26480][gc,start     ] GC(194) Pause Remark
[2020-09-11T11:44:10.175+0000][26480][gc           ] GC(194) Pause Remark 272M->272M(1024M) 5.294ms
[2020-09-11T11:44:10.175+0000][26480][gc,cpu       ] GC(194) User=0.00s Sys=0.00s Real=0.01s
[2020-09-11T11:44:10.175+0000][26480][safepoint    ] Safepoint "G1Concurrent", Time since last: 151175700 ns, Reaching safepoint: 154400 ns, At safepoint: 5492300 ns, Total: 5646700 ns
[2020-09-11T11:44:10.175+0000][26480][gc,marking   ] GC(194) Concurrent Rebuild Remembered Sets
[2020-09-11T11:44:10.265+0000][26480][gc,marking   ] GC(194) Concurrent Rebuild Remembered Sets 89.941ms
[2020-09-11T11:44:10.265+0000][26480][gc,start     ] GC(194) Pause Cleanup
[2020-09-11T11:44:10.266+0000][26480][gc           ] GC(194) Pause Cleanup 276M->276M(1024M) 0.408ms
[2020-09-11T11:44:10.266+0000][26480][gc,cpu       ] GC(194) User=0.00s Sys=0.00s Real=0.00s
[2020-09-11T11:44:10.266+0000][26480][safepoint    ] Safepoint "G1Concurrent", Time since last: 90156900 ns, Reaching safepoint: 212200 ns, At safepoint: 657000 ns, Total: 869200 ns
[2020-09-11T11:44:10.266+0000][26480][gc,marking   ] GC(194) Concurrent Cleanup for Next Mark
[2020-09-11T11:44:10.268+0000][26480][gc,marking   ] GC(194) Concurrent Cleanup for Next Mark 2.013ms
[2020-09-11T11:44:10.268+0000][26480][gc           ] GC(194) Concurrent Cycle 250.246ms
[2020-09-11T11:44:10.876+0000][26480][gc,start     ] GC(195) Pause Young (Concurrent Start) (G1 Humongous Allocation)
[2020-09-11T11:44:10.876+0000][26480][gc,task      ] GC(195) Using 8 workers of 8 for evacuation
[2020-09-11T11:44:10.876+0000][26480][gc,age       ] GC(195) Desired survivor size 33554432 bytes, new threshold 15 (max threshold 15)
[2020-09-11T11:44:10.880+0000][26480][gc,age       ] GC(195) Age table with threshold 15 (max threshold 15)
[2020-09-11T11:44:10.880+0000][26480][gc,age       ] GC(195) - age   1:    1195824 bytes,    1195824 total
[2020-09-11T11:44:10.880+0000][26480][gc,age       ] GC(195) - age   2:       3984 bytes,    1199808 total
[2020-09-11T11:44:10.880+0000][26480][gc,age       ] GC(195) - age   3:       1696 bytes,    1201504 total
[2020-09-11T11:44:10.880+0000][26480][gc,age       ] GC(195) - age   4:       1408 bytes,    1202912 total
[2020-09-11T11:44:10.880+0000][26480][gc,age       ] GC(195) - age   5:       3480 bytes,    1206392 total
[2020-09-11T11:44:10.880+0000][26480][gc,age       ] GC(195) - age   6:      64848 bytes,    1271240 total
[2020-09-11T11:44:10.880+0000][26480][gc,age       ] GC(195) - age   7:     274288 bytes,    1545528 total
[2020-09-11T11:44:10.880+0000][26480][gc,age       ] GC(195) - age   8:     379016 bytes,    1924544 total
[2020-09-11T11:44:10.880+0000][26480][gc,age       ] GC(195) - age   9:       1152 bytes,    1925696 total
[2020-09-11T11:44:10.880+0000][26480][gc,age       ] GC(195) - age  10:       1360 bytes,    1927056 total
[2020-09-11T11:44:10.880+0000][26480][gc,age       ] GC(195) - age  11:       3592 bytes,    1930648 total
[2020-09-11T11:44:10.880+0000][26480][gc,age       ] GC(195) - age  12:       2032 bytes,    1932680 total
[2020-09-11T11:44:10.880+0000][26480][gc,age       ] GC(195) - age  13:       6472 bytes,    1939152 total
[2020-09-11T11:44:10.880+0000][26480][gc,age       ] GC(195) - age  14:       1096 bytes,    1940248 total
[2020-09-11T11:44:10.880+0000][26480][gc,age       ] GC(195) - age  15:        392 bytes,    1940640 total
[2020-09-11T11:44:10.881+0000][26480][gc,phases    ] GC(195)   Pre Evacuate Collection Set: 0.6ms
[2020-09-11T11:44:10.881+0000][26480][gc,phases    ] GC(195)   Merge Heap Roots: 0.1ms
[2020-09-11T11:44:10.881+0000][26480][gc,phases    ] GC(195)   Evacuate Collection Set: 2.4ms
[2020-09-11T11:44:10.881+0000][26480][gc,phases    ] GC(195)   Post Evacuate Collection Set: 0.8ms
[2020-09-11T11:44:10.881+0000][26480][gc,phases    ] GC(195)   Other: 1.0ms
[2020-09-11T11:44:10.881+0000][26480][gc,heap      ] GC(195) Eden regions: 84->0(509)
[2020-09-11T11:44:10.881+0000][26480][gc,heap      ] GC(195) Survivor regions: 3->3(64)
[2020-09-11T11:44:10.881+0000][26480][gc,heap      ] GC(195) Old regions: 76->76
[2020-09-11T11:44:10.881+0000][26480][gc,heap      ] GC(195) Archive regions: 0->0
[2020-09-11T11:44:10.881+0000][26480][gc,heap      ] GC(195) Humongous regions: 231->174
[2020-09-11T11:44:10.881+0000][26480][gc,metaspace ] GC(195) Metaspace: 86902K(92824K)->86902K(92824K) NonClass: 75783K(79256K)->75783K(79256K) Class: 11118K(13568K)->11118K(13568K)
[2020-09-11T11:44:10.881+0000][26480][gc           ] GC(195) Pause Young (Concurrent Start) (G1 Humongous Allocation) 393M->252M(1024M) 5.174ms
[2020-09-11T11:44:10.881+0000][26480][gc,cpu       ] GC(195) User=0.00s Sys=0.00s Real=0.01s
[2020-09-11T11:44:10.881+0000][26480][gc           ] GC(196) Concurrent Cycle
[2020-09-11T11:44:10.881+0000][26480][safepoint    ] Safepoint "G1TryInitiateConcMark", Time since last: 610078400 ns, Reaching safepoint: 242400 ns, At safepoint: 5387700 ns, Total: 5630100 ns
[2020-09-11T11:44:10.881+0000][26480][gc,marking   ] GC(196) Concurrent Clear Claimed Marks
[2020-09-11T11:44:10.882+0000][26480][gc,marking   ] GC(196) Concurrent Clear Claimed Marks 0.513ms
[2020-09-11T11:44:10.882+0000][26480][gc,marking   ] GC(196) Concurrent Scan Root Regions
[2020-09-11T11:44:10.884+0000][26480][gc,marking   ] GC(196) Concurrent Scan Root Regions 2.127ms
[2020-09-11T11:44:10.884+0000][26480][gc,marking   ] GC(196) Concurrent Mark (7056.019s)
[2020-09-11T11:44:10.884+0000][26480][gc,marking   ] GC(196) Concurrent Mark From Roots
[2020-09-11T11:44:10.884+0000][26480][gc,task      ] GC(196) Using 2 workers of 2 for marking
[2020-09-11T11:44:11.001+0000][26480][gc,marking   ] GC(196) Concurrent Mark From Roots 117.445ms
[2020-09-11T11:44:11.001+0000][26480][gc,marking   ] GC(196) Concurrent Preclean
[2020-09-11T11:44:11.002+0000][26480][gc,marking   ] GC(196) Concurrent Preclean 0.521ms
[2020-09-11T11:44:11.002+0000][26480][gc,marking   ] GC(196) Concurrent Mark (7056.019s, 7056.137s) 118.122ms
[2020-09-11T11:44:11.002+0000][26480][gc,start     ] GC(196) Pause Remark
[2020-09-11T11:44:11.008+0000][26480][gc           ] GC(196) Pause Remark 279M->279M(1024M) 5.652ms
[2020-09-11T11:44:11.008+0000][26480][gc,cpu       ] GC(196) User=0.00s Sys=0.00s Real=0.01s
[2020-09-11T11:44:11.008+0000][26480][safepoint    ] Safepoint "G1Concurrent", Time since last: 120960700 ns, Reaching safepoint: 161200 ns, At safepoint: 5883500 ns, Total: 6044700 ns
[2020-09-11T11:44:11.008+0000][26480][gc,marking   ] GC(196) Concurrent Rebuild Remembered Sets
[2020-09-11T11:44:11.098+0000][26480][gc,marking   ] GC(196) Concurrent Rebuild Remembered Sets 89.380ms
[2020-09-11T11:44:11.098+0000][26480][gc,start     ] GC(196) Pause Cleanup
[2020-09-11T11:44:11.098+0000][26480][gc           ] GC(196) Pause Cleanup 343M->343M(1024M) 0.363ms
[2020-09-11T11:44:11.099+0000][26480][gc,cpu       ] GC(196) User=0.00s Sys=0.00s Real=0.00s
[2020-09-11T11:44:11.099+0000][26480][safepoint    ] Safepoint "G1Concurrent", Time since last: 89564800 ns, Reaching safepoint: 362400 ns, At safepoint: 665300 ns, Total: 1027700 ns
[2020-09-11T11:44:11.099+0000][26480][gc,marking   ] GC(196) Concurrent Cleanup for Next Mark
[2020-09-11T11:44:11.101+0000][26480][gc,marking   ] GC(196) Concurrent Cleanup for Next Mark 2.176ms
[2020-09-11T11:44:11.101+0000][26480][gc           ] GC(196) Concurrent Cycle 219.994ms
[2020-09-11T11:44:11.234+0000][26480][gc,start     ] GC(197) Pause Young (Concurrent Start) (G1 Humongous Allocation)
[2020-09-11T11:44:11.234+0000][26480][gc,task      ] GC(197) Using 8 workers of 8 for evacuation
[2020-09-11T11:44:11.234+0000][26480][gc,age       ] GC(197) Desired survivor size 33554432 bytes, new threshold 15 (max threshold 15)
[2020-09-11T11:44:11.238+0000][26480][gc,age       ] GC(197) Age table with threshold 15 (max threshold 15)
[2020-09-11T11:44:11.238+0000][26480][gc,age       ] GC(197) - age   1:     703416 bytes,     703416 total
[2020-09-11T11:44:11.238+0000][26480][gc,age       ] GC(197) - age   2:       6808 bytes,     710224 total
[2020-09-11T11:44:11.238+0000][26480][gc,age       ] GC(197) - age   3:       2248 bytes,     712472 total
[2020-09-11T11:44:11.238+0000][26480][gc,age       ] GC(197) - age   4:       1664 bytes,     714136 total
[2020-09-11T11:44:11.238+0000][26480][gc,age       ] GC(197) - age   5:       1344 bytes,     715480 total
[2020-09-11T11:44:11.238+0000][26480][gc,age       ] GC(197) - age   6:       3480 bytes,     718960 total
[2020-09-11T11:44:11.238+0000][26480][gc,age       ] GC(197) - age   7:      64848 bytes,     783808 total
[2020-09-11T11:44:11.238+0000][26480][gc,age       ] GC(197) - age   8:     273072 bytes,    1056880 total
[2020-09-11T11:44:11.238+0000][26480][gc,age       ] GC(197) - age   9:     379016 bytes,    1435896 total
[2020-09-11T11:44:11.238+0000][26480][gc,age       ] GC(197) - age  10:       1152 bytes,    1437048 total
[2020-09-11T11:44:11.238+0000][26480][gc,age       ] GC(197) - age  11:       1296 bytes,    1438344 total
[2020-09-11T11:44:11.238+0000][26480][gc,age       ] GC(197) - age  12:       3592 bytes,    1441936 total
[2020-09-11T11:44:11.238+0000][26480][gc,age       ] GC(197) - age  13:       2032 bytes,    1443968 total
[2020-09-11T11:44:11.238+0000][26480][gc,age       ] GC(197) - age  14:       6472 bytes,    1450440 total
[2020-09-11T11:44:11.238+0000][26480][gc,age       ] GC(197) - age  15:       1096 bytes,    1451536 total
[2020-09-11T11:44:11.238+0000][26480][gc,phases    ] GC(197)   Pre Evacuate Collection Set: 0.4ms
[2020-09-11T11:44:11.238+0000][26480][gc,phases    ] GC(197)   Merge Heap Roots: 0.1ms
[2020-09-11T11:44:11.238+0000][26480][gc,phases    ] GC(197)   Evacuate Collection Set: 2.2ms
[2020-09-11T11:44:11.238+0000][26480][gc,phases    ] GC(197)   Post Evacuate Collection Set: 0.7ms
[2020-09-11T11:44:11.238+0000][26480][gc,phases    ] GC(197)   Other: 0.8ms
[2020-09-11T11:44:11.238+0000][26480][gc,heap      ] GC(197) Eden regions: 53->0(510)
[2020-09-11T11:44:11.238+0000][26480][gc,heap      ] GC(197) Survivor regions: 3->2(64)
[2020-09-11T11:44:11.238+0000][26480][gc,heap      ] GC(197) Old regions: 76->76
[2020-09-11T11:44:11.239+0000][26480][gc,heap      ] GC(197) Archive regions: 0->0
[2020-09-11T11:44:11.239+0000][26480][gc,heap      ] GC(197) Humongous regions: 231->174
[2020-09-11T11:44:11.239+0000][26480][gc,metaspace ] GC(197) Metaspace: 86904K(92824K)->86904K(92824K) NonClass: 75786K(79256K)->75786K(79256K) Class: 11118K(13568K)->11118K(13568K)
[2020-09-11T11:44:11.239+0000][26480][gc           ] GC(197) Pause Young (Concurrent Start) (G1 Humongous Allocation) 362M->251M(1024M) 4.548ms
[2020-09-11T11:44:11.239+0000][26480][gc,cpu       ] GC(197) User=0.00s Sys=0.00s Real=0.01s
[2020-09-11T11:44:11.239+0000][26480][gc           ] GC(198) Concurrent Cycle
[2020-09-11T11:44:11.239+0000][26480][safepoint    ] Safepoint "G1TryInitiateConcMark", Time since last: 135258800 ns, Reaching safepoint: 137500 ns, At safepoint: 4744300 ns, Total: 4881800 ns
[2020-09-11T11:44:11.239+0000][26480][gc,marking   ] GC(198) Concurrent Clear Claimed Marks
[2020-09-11T11:44:11.239+0000][26480][gc,marking   ] GC(198) Concurrent Clear Claimed Marks 0.537ms
[2020-09-11T11:44:11.240+0000][26480][gc,marking   ] GC(198) Concurrent Scan Root Regions
[2020-09-11T11:44:11.242+0000][26480][gc,marking   ] GC(198) Concurrent Scan Root Regions 2.423ms
[2020-09-11T11:44:11.242+0000][26480][gc,marking   ] GC(198) Concurrent Mark (7056.377s)
[2020-09-11T11:44:11.242+0000][26480][gc,marking   ] GC(198) Concurrent Mark From Roots
[2020-09-11T11:44:11.242+0000][26480][gc,task      ] GC(198) Using 2 workers of 2 for marking
[2020-09-11T11:44:11.378+0000][26480][gc,marking   ] GC(198) Concurrent Mark From Roots 135.988ms
[2020-09-11T11:44:11.378+0000][26480][gc,marking   ] GC(198) Concurrent Preclean
[2020-09-11T11:44:11.379+0000][26480][gc,marking   ] GC(198) Concurrent Preclean 0.603ms
[2020-09-11T11:44:11.379+0000][26480][gc,marking   ] GC(198) Concurrent Mark (7056.377s, 7056.514s) 136.730ms
[2020-09-11T11:44:11.379+0000][26480][gc,start     ] GC(198) Pause Remark
[2020-09-11T11:44:11.384+0000][26480][gc           ] GC(198) Pause Remark 273M->273M(1024M) 5.104ms
[2020-09-11T11:44:11.384+0000][26480][gc,cpu       ] GC(198) User=0.00s Sys=0.00s Real=0.01s
[2020-09-11T11:44:11.384+0000][26480][safepoint    ] Safepoint "G1Concurrent", Time since last: 140000500 ns, Reaching safepoint: 119500 ns, At safepoint: 5276000 ns, Total: 5395500 ns
[2020-09-11T11:44:11.384+0000][26480][gc,marking   ] GC(198) Concurrent Rebuild Remembered Sets
[2020-09-11T11:44:11.465+0000][26480][gc,marking   ] GC(198) Concurrent Rebuild Remembered Sets 80.442ms
[2020-09-11T11:44:11.465+0000][26480][gc,start     ] GC(198) Pause Cleanup
[2020-09-11T11:44:11.465+0000][26480][gc           ] GC(198) Pause Cleanup 279M->279M(1024M) 0.249ms
[2020-09-11T11:44:11.465+0000][26480][gc,cpu       ] GC(198) User=0.00s Sys=0.00s Real=0.00s
[2020-09-11T11:44:11.465+0000][26480][safepoint    ] Safepoint "G1Concurrent", Time since last: 80577600 ns, Reaching safepoint: 167800 ns, At safepoint: 388800 ns, Total: 556600 ns
[2020-09-11T11:44:11.465+0000][26480][gc,marking   ] GC(198) Concurrent Cleanup for Next Mark
[2020-09-11T11:44:11.467+0000][26480][gc,marking   ] GC(198) Concurrent Cleanup for Next Mark 1.375ms
[2020-09-11T11:44:11.467+0000][26480][gc           ] GC(198) Concurrent Cycle 228.082ms
[2020-09-11T11:44:11.890+0000][26480][gc,start     ] GC(199) Pause Young (Concurrent Start) (G1 Humongous Allocation)
[2020-09-11T11:44:11.890+0000][26480][gc,task      ] GC(199) Using 8 workers of 8 for evacuation
[2020-09-11T11:44:11.890+0000][26480][gc,age       ] GC(199) Desired survivor size 33554432 bytes, new threshold 15 (max threshold 15)
[2020-09-11T11:44:11.895+0000][26480][gc,age       ] GC(199) Age table with threshold 15 (max threshold 15)
[2020-09-11T11:44:11.895+0000][26480][gc,age       ] GC(199) - age   1:    1106376 bytes,    1106376 total
[2020-09-11T11:44:11.895+0000][26480][gc,age       ] GC(199) - age   2:       2392 bytes,    1108768 total
[2020-09-11T11:44:11.895+0000][26480][gc,age       ] GC(199) - age   3:       1192 bytes,    1109960 total
[2020-09-11T11:44:11.895+0000][26480][gc,age       ] GC(199) - age   4:       1952 bytes,    1111912 total
[2020-09-11T11:44:11.895+0000][26480][gc,age       ] GC(199) - age   5:       1632 bytes,    1113544 total
[2020-09-11T11:44:11.895+0000][26480][gc,age       ] GC(199) - age   6:       1120 bytes,    1114664 total
[2020-09-11T11:44:11.895+0000][26480][gc,age       ] GC(199) - age   7:       3448 bytes,    1118112 total
[2020-09-11T11:44:11.895+0000][26480][gc,age       ] GC(199) - age   8:      64848 bytes,    1182960 total
[2020-09-11T11:44:11.895+0000][26480][gc,age       ] GC(199) - age   9:     269872 bytes,    1452832 total
[2020-09-11T11:44:11.895+0000][26480][gc,age       ] GC(199) - age  10:     379016 bytes,    1831848 total
[2020-09-11T11:44:11.895+0000][26480][gc,age       ] GC(199) - age  11:       1088 bytes,    1832936 total
[2020-09-11T11:44:11.895+0000][26480][gc,age       ] GC(199) - age  12:       1264 bytes,    1834200 total
[2020-09-11T11:44:11.895+0000][26480][gc,age       ] GC(199) - age  13:       3592 bytes,    1837792 total
[2020-09-11T11:44:11.895+0000][26480][gc,age       ] GC(199) - age  14:       2032 bytes,    1839824 total
[2020-09-11T11:44:11.895+0000][26480][gc,age       ] GC(199) - age  15:       6472 bytes,    1846296 total
[2020-09-11T11:44:11.895+0000][26480][gc,phases    ] GC(199)   Pre Evacuate Collection Set: 0.7ms
[2020-09-11T11:44:11.895+0000][26480][gc,phases    ] GC(199)   Merge Heap Roots: 0.1ms
[2020-09-11T11:44:11.895+0000][26480][gc,phases    ] GC(199)   Evacuate Collection Set: 2.7ms
[2020-09-11T11:44:11.895+0000][26480][gc,phases    ] GC(199)   Post Evacuate Collection Set: 0.8ms
[2020-09-11T11:44:11.896+0000][26480][gc,phases    ] GC(199)   Other: 1.2ms
[2020-09-11T11:44:11.896+0000][26480][gc,heap      ] GC(199) Eden regions: 62->0(511)
[2020-09-11T11:44:11.896+0000][26480][gc,heap      ] GC(199) Survivor regions: 2->2(64)
[2020-09-11T11:44:11.896+0000][26480][gc,heap      ] GC(199) Old regions: 76->76
[2020-09-11T11:44:11.896+0000][26480][gc,heap      ] GC(199) Archive regions: 0->0
[2020-09-11T11:44:11.896+0000][26480][gc,heap      ] GC(199) Humongous regions: 231->174
[2020-09-11T11:44:11.896+0000][26480][gc,metaspace ] GC(199) Metaspace: 86923K(92824K)->86923K(92824K) NonClass: 75804K(79256K)->75804K(79256K) Class: 11119K(13568K)->11119K(13568K)
[2020-09-11T11:44:11.896+0000][26480][gc           ] GC(199) Pause Young (Concurrent Start) (G1 Humongous Allocation) 370M->251M(1024M) 5.861ms
[2020-09-11T11:44:11.896+0000][26480][gc,cpu       ] GC(199) User=0.00s Sys=0.00s Real=0.01s
[2020-09-11T11:44:11.896+0000][26480][gc           ] GC(200) Concurrent Cycle
[2020-09-11T11:44:11.896+0000][26480][gc,marking   ] GC(200) Concurrent Clear Claimed Marks
[2020-09-11T11:44:11.896+0000][26480][safepoint    ] Safepoint "G1TryInitiateConcMark", Time since last: 424353800 ns, Reaching safepoint: 228900 ns, At safepoint: 6217700 ns, Total: 6446600 ns
[2020-09-11T11:44:11.897+0000][26480][gc,marking   ] GC(200) Concurrent Clear Claimed Marks 0.485ms
[2020-09-11T11:44:11.897+0000][26480][gc,marking   ] GC(200) Concurrent Scan Root Regions
[2020-09-11T11:44:11.899+0000][26480][gc,marking   ] GC(200) Concurrent Scan Root Regions 2.239ms
[2020-09-11T11:44:11.899+0000][26480][gc,marking   ] GC(200) Concurrent Mark (7057.034s)
[2020-09-11T11:44:11.899+0000][26480][gc,marking   ] GC(200) Concurrent Mark From Roots
[2020-09-11T11:44:11.899+0000][26480][gc,task      ] GC(200) Using 2 workers of 2 for marking
[2020-09-11T11:44:12.026+0000][26480][gc,marking   ] GC(200) Concurrent Mark From Roots 126.600ms
[2020-09-11T11:44:12.026+0000][26480][gc,marking   ] GC(200) Concurrent Preclean
[2020-09-11T11:44:12.027+0000][26480][gc,marking   ] GC(200) Concurrent Preclean 0.820ms
[2020-09-11T11:44:12.027+0000][26480][gc,marking   ] GC(200) Concurrent Mark (7057.034s, 7057.161s) 127.587ms
[2020-09-11T11:44:12.027+0000][26480][gc,start     ] GC(200) Pause Remark
[2020-09-11T11:44:12.032+0000][26480][gc           ] GC(200) Pause Remark 274M->274M(1024M) 4.730ms
[2020-09-11T11:44:12.032+0000][26480][gc,cpu       ] GC(200) User=0.00s Sys=0.00s Real=0.01s
[2020-09-11T11:44:12.032+0000][26480][safepoint    ] Safepoint "G1Concurrent", Time since last: 130548400 ns, Reaching safepoint: 153500 ns, At safepoint: 4928600 ns, Total: 5082100 ns
[2020-09-11T11:44:12.032+0000][26480][gc,marking   ] GC(200) Concurrent Rebuild Remembered Sets
[2020-09-11T11:44:12.113+0000][26480][gc,marking   ] GC(200) Concurrent Rebuild Remembered Sets 81.137ms
[2020-09-11T11:44:12.113+0000][26480][gc,start     ] GC(200) Pause Cleanup
[2020-09-11T11:44:12.114+0000][26480][gc           ] GC(200) Pause Cleanup 314M->314M(1024M) 0.313ms
[2020-09-11T11:44:12.114+0000][26480][gc,cpu       ] GC(200) User=0.00s Sys=0.00s Real=0.00s
[2020-09-11T11:44:12.114+0000][26480][safepoint    ] Safepoint "G1Concurrent", Time since last: 81319900 ns, Reaching safepoint: 187400 ns, At safepoint: 533100 ns, Total: 720500 ns
[2020-09-11T11:44:12.114+0000][26480][gc,marking   ] GC(200) Concurrent Cleanup for Next Mark
[2020-09-11T11:44:12.116+0000][26480][gc,marking   ] GC(200) Concurrent Cleanup for Next Mark 2.193ms
[2020-09-11T11:44:12.116+0000][26480][gc           ] GC(200) Concurrent Cycle 220.163ms
[2020-09-11T11:44:12.316+0000][26480][gc,start     ] GC(201) Pause Young (Concurrent Start) (G1 Humongous Allocation)
[2020-09-11T11:44:12.317+0000][26480][gc,task      ] GC(201) Using 8 workers of 8 for evacuation
[2020-09-11T11:44:12.317+0000][26480][gc,age       ] GC(201) Desired survivor size 34078720 bytes, new threshold 15 (max threshold 15)
[2020-09-11T11:44:12.321+0000][26480][gc,age       ] GC(201) Age table with threshold 15 (max threshold 15)
[2020-09-11T11:44:12.321+0000][26480][gc,age       ] GC(201) - age   1:     668240 bytes,     668240 total
[2020-09-11T11:44:12.321+0000][26480][gc,age       ] GC(201) - age   2:       3872 bytes,     672112 total
[2020-09-11T11:44:12.321+0000][26480][gc,age       ] GC(201) - age   3:        384 bytes,     672496 total
[2020-09-11T11:44:12.321+0000][26480][gc,age       ] GC(201) - age   4:       1032 bytes,     673528 total
[2020-09-11T11:44:12.321+0000][26480][gc,age       ] GC(201) - age   5:       1952 bytes,     675480 total
[2020-09-11T11:44:12.321+0000][26480][gc,age       ] GC(201) - age   6:       1536 bytes,     677016 total
[2020-09-11T11:44:12.321+0000][26480][gc,age       ] GC(201) - age   7:       1120 bytes,     678136 total
[2020-09-11T11:44:12.321+0000][26480][gc,age       ] GC(201) - age   8:       3448 bytes,     681584 total
[2020-09-11T11:44:12.321+0000][26480][gc,age       ] GC(201) - age   9:      64848 bytes,     746432 total
[2020-09-11T11:44:12.321+0000][26480][gc,age       ] GC(201) - age  10:     269488 bytes,    1015920 total
[2020-09-11T11:44:12.321+0000][26480][gc,age       ] GC(201) - age  11:     378984 bytes,    1394904 total
[2020-09-11T11:44:12.321+0000][26480][gc,age       ] GC(201) - age  12:       1088 bytes,    1395992 total
[2020-09-11T11:44:12.321+0000][26480][gc,age       ] GC(201) - age  13:       1200 bytes,    1397192 total
[2020-09-11T11:44:12.321+0000][26480][gc,age       ] GC(201) - age  14:       3592 bytes,    1400784 total
[2020-09-11T11:44:12.321+0000][26480][gc,age       ] GC(201) - age  15:       2032 bytes,    1402816 total
[2020-09-11T11:44:12.321+0000][26480][gc,phases    ] GC(201)   Pre Evacuate Collection Set: 0.4ms
[2020-09-11T11:44:12.321+0000][26480][gc,phases    ] GC(201)   Merge Heap Roots: 0.1ms
[2020-09-11T11:44:12.321+0000][26480][gc,phases    ] GC(201)   Evacuate Collection Set: 2.6ms
[2020-09-11T11:44:12.321+0000][26480][gc,phases    ] GC(201)   Post Evacuate Collection Set: 0.8ms
[2020-09-11T11:44:12.322+0000][26480][gc,phases    ] GC(201)   Other: 1.1ms
[2020-09-11T11:44:12.322+0000][26480][gc,heap      ] GC(201) Eden regions: 59->0(510)
[2020-09-11T11:44:12.322+0000][26480][gc,heap      ] GC(201) Survivor regions: 2->2(65)
[2020-09-11T11:44:12.322+0000][26480][gc,heap      ] GC(201) Old regions: 76->77
[2020-09-11T11:44:12.322+0000][26480][gc,heap      ] GC(201) Archive regions: 0->0
[2020-09-11T11:44:12.322+0000][26480][gc,heap      ] GC(201) Humongous regions: 231->174
[2020-09-11T11:44:12.322+0000][26480][gc,metaspace ] GC(201) Metaspace: 86930K(92824K)->86930K(92824K) NonClass: 75810K(79256K)->75810K(79256K) Class: 11119K(13568K)->11119K(13568K)
[2020-09-11T11:44:12.322+0000][26480][gc           ] GC(201) Pause Young (Concurrent Start) (G1 Humongous Allocation) 367M->251M(1024M) 5.328ms
[2020-09-11T11:44:12.322+0000][26480][gc,cpu       ] GC(201) User=0.03s Sys=0.00s Real=0.01s
[2020-09-11T11:44:12.322+0000][26480][gc           ] GC(202) Concurrent Cycle
[2020-09-11T11:44:12.322+0000][26480][safepoint    ] Safepoint "G1TryInitiateConcMark", Time since last: 202413200 ns, Reaching safepoint: 182400 ns, At safepoint: 5542200 ns, Total: 5724600 ns
[2020-09-11T11:44:12.322+0000][26480][gc,marking   ] GC(202) Concurrent Clear Claimed Marks
[2020-09-11T11:44:12.322+0000][26480][gc,marking   ] GC(202) Concurrent Clear Claimed Marks 0.417ms
[2020-09-11T11:44:12.322+0000][26480][gc,marking   ] GC(202) Concurrent Scan Root Regions
[2020-09-11T11:44:12.326+0000][26480][gc,marking   ] GC(202) Concurrent Scan Root Regions 2.693ms
[2020-09-11T11:44:12.326+0000][26480][gc,marking   ] GC(202) Concurrent Mark (7057.460s)
[2020-09-11T11:44:12.326+0000][26480][gc,marking   ] GC(202) Concurrent Mark From Roots
[2020-09-11T11:44:12.326+0000][26480][gc,task      ] GC(202) Using 2 workers of 2 for marking
[2020-09-11T11:44:12.470+0000][26480][gc,marking   ] GC(202) Concurrent Mark From Roots 144.836ms
[2020-09-11T11:44:12.471+0000][26480][gc,marking   ] GC(202) Concurrent Preclean
[2020-09-11T11:44:12.471+0000][26480][gc,marking   ] GC(202) Concurrent Preclean 0.707ms
[2020-09-11T11:44:12.471+0000][26480][gc,marking   ] GC(202) Concurrent Mark (7057.460s, 7057.606s) 145.726ms
[2020-09-11T11:44:12.472+0000][26480][gc,start     ] GC(202) Pause Remark
[2020-09-11T11:44:12.478+0000][26480][gc           ] GC(202) Pause Remark 261M->261M(1024M) 6.082ms
[2020-09-11T11:44:12.478+0000][26480][gc,cpu       ] GC(202) User=0.00s Sys=0.00s Real=0.01s
[2020-09-11T11:44:12.478+0000][26480][safepoint    ] Safepoint "G1Concurrent", Time since last: 149112300 ns, Reaching safepoint: 180400 ns, At safepoint: 6324300 ns, Total: 6504700 ns
[2020-09-11T11:44:12.478+0000][26480][gc,marking   ] GC(202) Concurrent Rebuild Remembered Sets
[2020-09-11T11:44:12.570+0000][26480][gc,marking   ] GC(202) Concurrent Rebuild Remembered Sets 92.308ms
[2020-09-11T11:44:12.571+0000][26480][gc,start     ] GC(202) Pause Cleanup
[2020-09-11T11:44:12.571+0000][26480][gc           ] GC(202) Pause Cleanup 267M->267M(1024M) 0.275ms
[2020-09-11T11:44:12.571+0000][26480][gc,cpu       ] GC(202) User=0.00s Sys=0.00s Real=0.00s
[2020-09-11T11:44:12.571+0000][26480][safepoint    ] Safepoint "G1Concurrent", Time since last: 92502600 ns, Reaching safepoint: 166000 ns, At safepoint: 475000 ns, Total: 641000 ns
[2020-09-11T11:44:12.571+0000][26480][gc,marking   ] GC(202) Concurrent Cleanup for Next Mark
[2020-09-11T11:44:12.573+0000][26480][gc,marking   ] GC(202) Concurrent Cleanup for Next Mark 1.997ms
[2020-09-11T11:44:12.573+0000][26480][gc           ] GC(202) Concurrent Cycle 251.029ms
[2020-09-11T11:44:12.872+0000][26480][gc,start     ] GC(203) Pause Young (Concurrent Start) (G1 Humongous Allocation)
[2020-09-11T11:44:12.872+0000][26480][gc,task      ] GC(203) Using 8 workers of 8 for evacuation
[2020-09-11T11:44:12.872+0000][26480][gc,age       ] GC(203) Desired survivor size 33554432 bytes, new threshold 15 (max threshold 15)
[2020-09-11T11:44:12.879+0000][26480][gc,age       ] GC(203) Age table with threshold 15 (max threshold 15)
[2020-09-11T11:44:12.879+0000][26480][gc,age       ] GC(203) - age   1:    2440728 bytes,    2440728 total
[2020-09-11T11:44:12.879+0000][26480][gc,age       ] GC(203) - age   2:       3488 bytes,    2444216 total
[2020-09-11T11:44:12.879+0000][26480][gc,age       ] GC(203) - age   3:       2544 bytes,    2446760 total
[2020-09-11T11:44:12.879+0000][26480][gc,age       ] GC(203) - age   4:        352 bytes,    2447112 total
[2020-09-11T11:44:12.879+0000][26480][gc,age       ] GC(203) - age   5:        872 bytes,    2447984 total
[2020-09-11T11:44:12.879+0000][26480][gc,age       ] GC(203) - age   6:       1792 bytes,    2449776 total
[2020-09-11T11:44:12.879+0000][26480][gc,age       ] GC(203) - age   7:       1472 bytes,    2451248 total
[2020-09-11T11:44:12.879+0000][26480][gc,age       ] GC(203) - age   8:       1120 bytes,    2452368 total
[2020-09-11T11:44:12.879+0000][26480][gc,age       ] GC(203) - age   9:       3416 bytes,    2455784 total
[2020-09-11T11:44:12.879+0000][26480][gc,age       ] GC(203) - age  10:      64656 bytes,    2520440 total
[2020-09-11T11:44:12.879+0000][26480][gc,age       ] GC(203) - age  11:     269424 bytes,    2789864 total
[2020-09-11T11:44:12.879+0000][26480][gc,age       ] GC(203) - age  12:     378920 bytes,    3168784 total
[2020-09-11T11:44:12.879+0000][26480][gc,age       ] GC(203) - age  13:        864 bytes,    3169648 total
[2020-09-11T11:44:12.879+0000][26480][gc,age       ] GC(203) - age  14:       1008 bytes,    3170656 total
[2020-09-11T11:44:12.879+0000][26480][gc,age       ] GC(203) - age  15:       3400 bytes,    3174056 total
[2020-09-11T11:44:12.879+0000][26480][gc,phases    ] GC(203)   Pre Evacuate Collection Set: 0.7ms
[2020-09-11T11:44:12.879+0000][26480][gc,phases    ] GC(203)   Merge Heap Roots: 0.1ms
[2020-09-11T11:44:12.879+0000][26480][gc,phases    ] GC(203)   Evacuate Collection Set: 4.8ms
[2020-09-11T11:44:12.879+0000][26480][gc,phases    ] GC(203)   Post Evacuate Collection Set: 0.8ms
[2020-09-11T11:44:12.879+0000][26480][gc,phases    ] GC(203)   Other: 1.0ms
[2020-09-11T11:44:12.879+0000][26480][gc,heap      ] GC(203) Eden regions: 54->0(507)
[2020-09-11T11:44:12.879+0000][26480][gc,heap      ] GC(203) Survivor regions: 2->4(64)
[2020-09-11T11:44:12.879+0000][26480][gc,heap      ] GC(203) Old regions: 77->77
[2020-09-11T11:44:12.880+0000][26480][gc,heap      ] GC(203) Archive regions: 0->0
[2020-09-11T11:44:12.880+0000][26480][gc,heap      ] GC(203) Humongous regions: 230->174
[2020-09-11T11:44:12.880+0000][26480][gc,metaspace ] GC(203) Metaspace: 86937K(93080K)->86937K(93080K) NonClass: 75817K(79512K)->75817K(79512K) Class: 11119K(13568K)->11119K(13568K)
[2020-09-11T11:44:12.880+0000][26480][gc           ] GC(203) Pause Young (Concurrent Start) (G1 Humongous Allocation) 360M->253M(1024M) 7.905ms
[2020-09-11T11:44:12.880+0000][26480][gc,cpu       ] GC(203) User=0.00s Sys=0.00s Real=0.01s
[2020-09-11T11:44:12.880+0000][26480][gc           ] GC(204) Concurrent Cycle
[2020-09-11T11:44:12.880+0000][26480][gc,marking   ] GC(204) Concurrent Clear Claimed Marks
[2020-09-11T11:44:12.880+0000][26480][safepoint    ] Safepoint "G1TryInitiateConcMark", Time since last: 300425800 ns, Reaching safepoint: 208700 ns, At safepoint: 8156700 ns, Total: 8365400 ns
[2020-09-11T11:44:12.881+0000][26480][gc,marking   ] GC(204) Concurrent Clear Claimed Marks 0.767ms
[2020-09-11T11:44:12.881+0000][26480][gc,marking   ] GC(204) Concurrent Scan Root Regions
[2020-09-11T11:44:12.883+0000][26480][gc,marking   ] GC(204) Concurrent Scan Root Regions 2.262ms
[2020-09-11T11:44:12.883+0000][26480][gc,marking   ] GC(204) Concurrent Mark (7058.018s)
[2020-09-11T11:44:12.883+0000][26480][gc,marking   ] GC(204) Concurrent Mark From Roots
[2020-09-11T11:44:12.883+0000][26480][gc,task      ] GC(204) Using 2 workers of 2 for marking
[2020-09-11T11:44:13.041+0000][26480][gc,marking   ] GC(204) Concurrent Mark From Roots 157.612ms
[2020-09-11T11:44:13.041+0000][26480][gc,marking   ] GC(204) Concurrent Preclean
[2020-09-11T11:44:13.042+0000][26480][gc,marking   ] GC(204) Concurrent Preclean 1.213ms
[2020-09-11T11:44:13.042+0000][26480][gc,marking   ] GC(204) Concurrent Mark (7058.018s, 7058.177s) 159.152ms
[2020-09-11T11:44:13.043+0000][26480][gc,start     ] GC(204) Pause Remark
[2020-09-11T11:44:13.048+0000][26480][gc           ] GC(204) Pause Remark 291M->291M(1024M) 5.733ms
[2020-09-11T11:44:13.049+0000][26480][gc,cpu       ] GC(204) User=0.00s Sys=0.00s Real=0.01s
[2020-09-11T11:44:13.049+0000][26480][safepoint    ] Safepoint "G1Concurrent", Time since last: 162533300 ns, Reaching safepoint: 308300 ns, At safepoint: 6001100 ns, Total: 6309400 ns
[2020-09-11T11:44:13.049+0000][26480][gc,marking   ] GC(204) Concurrent Rebuild Remembered Sets
[2020-09-11T11:44:13.142+0000][26480][gc,marking   ] GC(204) Concurrent Rebuild Remembered Sets 92.935ms
[2020-09-11T11:44:13.142+0000][26480][gc,start     ] GC(204) Pause Cleanup
[2020-09-11T11:44:13.142+0000][26480][gc           ] GC(204) Pause Cleanup 297M->297M(1024M) 0.329ms
[2020-09-11T11:44:13.142+0000][26480][gc,cpu       ] GC(204) User=0.00s Sys=0.00s Real=0.00s
[2020-09-11T11:44:13.143+0000][26480][safepoint    ] Safepoint "G1Concurrent", Time since last: 93113300 ns, Reaching safepoint: 202800 ns, At safepoint: 510100 ns, Total: 712900 ns
[2020-09-11T11:44:13.143+0000][26480][gc,marking   ] GC(204) Concurrent Cleanup for Next Mark
[2020-09-11T11:44:13.145+0000][26480][gc,marking   ] GC(204) Concurrent Cleanup for Next Mark 1.948ms
[2020-09-11T11:44:13.145+0000][26480][gc           ] GC(204) Concurrent Cycle 264.892ms
[2020-09-11T11:44:13.458+0000][26480][gc,start     ] GC(205) Pause Young (Concurrent Start) (G1 Humongous Allocation)
[2020-09-11T11:44:13.458+0000][26480][gc,task      ] GC(205) Using 8 workers of 8 for evacuation
[2020-09-11T11:44:13.458+0000][26480][gc,age       ] GC(205) Desired survivor size 33554432 bytes, new threshold 15 (max threshold 15)
[2020-09-11T11:44:13.462+0000][26480][gc,age       ] GC(205) Age table with threshold 15 (max threshold 15)
[2020-09-11T11:44:13.462+0000][26480][gc,age       ] GC(205) - age   1:    1786840 bytes,    1786840 total
[2020-09-11T11:44:13.462+0000][26480][gc,age       ] GC(205) - age   2:      10696 bytes,    1797536 total
[2020-09-11T11:44:13.462+0000][26480][gc,age       ] GC(205) - age   3:       1080 bytes,    1798616 total
[2020-09-11T11:44:13.462+0000][26480][gc,age       ] GC(205) - age   4:       2512 bytes,    1801128 total
[2020-09-11T11:44:13.462+0000][26480][gc,age       ] GC(205) - age   5:        352 bytes,    1801480 total
[2020-09-11T11:44:13.462+0000][26480][gc,age       ] GC(205) - age   6:        872 bytes,    1802352 total
[2020-09-11T11:44:13.462+0000][26480][gc,age       ] GC(205) - age   7:       1680 bytes,    1804032 total
[2020-09-11T11:44:13.462+0000][26480][gc,age       ] GC(205) - age   8:       1440 bytes,    1805472 total
[2020-09-11T11:44:13.462+0000][26480][gc,age       ] GC(205) - age   9:        928 bytes,    1806400 total
[2020-09-11T11:44:13.462+0000][26480][gc,age       ] GC(205) - age  10:       3384 bytes,    1809784 total
[2020-09-11T11:44:13.462+0000][26480][gc,age       ] GC(205) - age  11:      64320 bytes,    1874104 total
[2020-09-11T11:44:13.462+0000][26480][gc,age       ] GC(205) - age  12:     269424 bytes,    2143528 total
[2020-09-11T11:44:13.462+0000][26480][gc,age       ] GC(205) - age  13:     378776 bytes,    2522304 total
[2020-09-11T11:44:13.462+0000][26480][gc,age       ] GC(205) - age  14:        504 bytes,    2522808 total
[2020-09-11T11:44:13.462+0000][26480][gc,age       ] GC(205) - age  15:       1008 bytes,    2523816 total
[2020-09-11T11:44:13.462+0000][26480][gc,phases    ] GC(205)   Pre Evacuate Collection Set: 0.4ms
[2020-09-11T11:44:13.462+0000][26480][gc,phases    ] GC(205)   Merge Heap Roots: 0.1ms
[2020-09-11T11:44:13.462+0000][26480][gc,phases    ] GC(205)   Evacuate Collection Set: 2.3ms
[2020-09-11T11:44:13.462+0000][26480][gc,phases    ] GC(205)   Post Evacuate Collection Set: 0.7ms
[2020-09-11T11:44:13.462+0000][26480][gc,phases    ] GC(205)   Other: 0.7ms
[2020-09-11T11:44:13.462+0000][26480][gc,heap      ] GC(205) Eden regions: 50->0(508)
[2020-09-11T11:44:13.462+0000][26480][gc,heap      ] GC(205) Survivor regions: 4->3(64)
[2020-09-11T11:44:13.462+0000][26480][gc,heap      ] GC(205) Old regions: 77->77
[2020-09-11T11:44:13.462+0000][26480][gc,heap      ] GC(205) Archive regions: 0->0
[2020-09-11T11:44:13.462+0000][26480][gc,heap      ] GC(205) Humongous regions: 230->174
[2020-09-11T11:44:13.462+0000][26480][gc,metaspace ] GC(205) Metaspace: 86939K(93080K)->86939K(93080K) NonClass: 75820K(79512K)->75820K(79512K) Class: 11119K(13568K)->11119K(13568K)
[2020-09-11T11:44:13.463+0000][26480][gc           ] GC(205) Pause Young (Concurrent Start) (G1 Humongous Allocation) 358M->252M(1024M) 4.484ms
[2020-09-11T11:44:13.463+0000][26480][gc,cpu       ] GC(205) User=0.02s Sys=0.00s Real=0.01s
[2020-09-11T11:44:13.463+0000][26480][safepoint    ] Safepoint "G1TryInitiateConcMark", Time since last: 315250500 ns, Reaching safepoint: 223700 ns, At safepoint: 4647500 ns, Total: 4871200 ns
[2020-09-11T11:44:13.463+0000][26480][gc           ] GC(206) Concurrent Cycle
[2020-09-11T11:44:13.463+0000][26480][gc,marking   ] GC(206) Concurrent Clear Claimed Marks
[2020-09-11T11:44:13.463+0000][26480][gc,marking   ] GC(206) Concurrent Clear Claimed Marks 0.310ms
[2020-09-11T11:44:13.463+0000][26480][gc,marking   ] GC(206) Concurrent Scan Root Regions
[2020-09-11T11:44:13.465+0000][26480][gc,marking   ] GC(206) Concurrent Scan Root Regions 2.057ms
[2020-09-11T11:44:13.465+0000][26480][gc,marking   ] GC(206) Concurrent Mark (7058.600s)
[2020-09-11T11:44:13.465+0000][26480][gc,marking   ] GC(206) Concurrent Mark From Roots
[2020-09-11T11:44:13.465+0000][26480][gc,task      ] GC(206) Using 2 workers of 2 for marking
[2020-09-11T11:44:13.574+0000][26480][gc,marking   ] GC(206) Concurrent Mark From Roots 108.930ms
[2020-09-11T11:44:13.574+0000][26480][gc,marking   ] GC(206) Concurrent Preclean
[2020-09-11T11:44:13.575+0000][26480][gc,marking   ] GC(206) Concurrent Preclean 0.644ms
[2020-09-11T11:44:13.575+0000][26480][gc,marking   ] GC(206) Concurrent Mark (7058.600s, 7058.709s) 109.724ms
[2020-09-11T11:44:13.575+0000][26480][gc,start     ] GC(206) Pause Remark
[2020-09-11T11:44:13.580+0000][26480][gc           ] GC(206) Pause Remark 283M->283M(1024M) 4.592ms
[2020-09-11T11:44:13.580+0000][26480][gc,cpu       ] GC(206) User=0.00s Sys=0.00s Real=0.00s
[2020-09-11T11:44:13.580+0000][26480][safepoint    ] Safepoint "G1Concurrent", Time since last: 112360400 ns, Reaching safepoint: 124600 ns, At safepoint: 4792100 ns, Total: 4916700 ns
[2020-09-11T11:44:13.580+0000][26480][gc,marking   ] GC(206) Concurrent Rebuild Remembered Sets
[2020-09-11T11:44:13.646+0000][26480][gc,marking   ] GC(206) Concurrent Rebuild Remembered Sets 66.296ms
[2020-09-11T11:44:13.647+0000][26480][gc,start     ] GC(206) Pause Cleanup
[2020-09-11T11:44:13.647+0000][26480][gc           ] GC(206) Pause Cleanup 289M->289M(1024M) 0.281ms
[2020-09-11T11:44:13.647+0000][26480][gc,cpu       ] GC(206) User=0.00s Sys=0.00s Real=0.00s
[2020-09-11T11:44:13.647+0000][26480][safepoint    ] Safepoint "G1Concurrent", Time since last: 66460500 ns, Reaching safepoint: 183000 ns, At safepoint: 414500 ns, Total: 597500 ns
[2020-09-11T11:44:13.647+0000][26480][gc,marking   ] GC(206) Concurrent Cleanup for Next Mark
[2020-09-11T11:44:13.648+0000][26480][gc,marking   ] GC(206) Concurrent Cleanup for Next Mark 1.464ms
[2020-09-11T11:44:13.649+0000][26480][gc           ] GC(206) Concurrent Cycle 186.030ms
[2020-09-11T11:44:13.666+0000][26480][gc,start     ] GC(207) Pause Young (Concurrent Start) (G1 Humongous Allocation)
[2020-09-11T11:44:13.666+0000][26480][gc,task      ] GC(207) Using 8 workers of 8 for evacuation
[2020-09-11T11:44:13.666+0000][26480][gc,age       ] GC(207) Desired survivor size 33554432 bytes, new threshold 15 (max threshold 15)
[2020-09-11T11:44:13.671+0000][26480][gc,age       ] GC(207) Age table with threshold 15 (max threshold 15)
[2020-09-11T11:44:13.671+0000][26480][gc,age       ] GC(207) - age   1:   12583800 bytes,   12583800 total
[2020-09-11T11:44:13.671+0000][26480][gc,age       ] GC(207) - age   2:      15496 bytes,   12599296 total
[2020-09-11T11:44:13.671+0000][26480][gc,age       ] GC(207) - age   3:       9896 bytes,   12609192 total
[2020-09-11T11:44:13.671+0000][26480][gc,age       ] GC(207) - age   4:       1048 bytes,   12610240 total
[2020-09-11T11:44:13.671+0000][26480][gc,age       ] GC(207) - age   5:       2512 bytes,   12612752 total
[2020-09-11T11:44:13.671+0000][26480][gc,age       ] GC(207) - age   6:        352 bytes,   12613104 total
[2020-09-11T11:44:13.672+0000][26480][gc,age       ] GC(207) - age   7:        872 bytes,   12613976 total
[2020-09-11T11:44:13.672+0000][26480][gc,age       ] GC(207) - age   8:       1648 bytes,   12615624 total
[2020-09-11T11:44:13.672+0000][26480][gc,age       ] GC(207) - age   9:       1440 bytes,   12617064 total
[2020-09-11T11:44:13.672+0000][26480][gc,age       ] GC(207) - age  10:        928 bytes,   12617992 total
[2020-09-11T11:44:13.672+0000][26480][gc,age       ] GC(207) - age  11:       3384 bytes,   12621376 total
[2020-09-11T11:44:13.672+0000][26480][gc,age       ] GC(207) - age  12:      64320 bytes,   12685696 total
[2020-09-11T11:44:13.672+0000][26480][gc,age       ] GC(207) - age  13:     266664 bytes,   12952360 total
[2020-09-11T11:44:13.672+0000][26480][gc,age       ] GC(207) - age  14:     375744 bytes,   13328104 total
[2020-09-11T11:44:13.672+0000][26480][gc,age       ] GC(207) - age  15:        472 bytes,   13328576 total
[2020-09-11T11:44:13.672+0000][26480][gc,phases    ] GC(207)   Pre Evacuate Collection Set: 0.4ms
[2020-09-11T11:44:13.672+0000][26480][gc,phases    ] GC(207)   Merge Heap Roots: 0.1ms
[2020-09-11T11:44:13.672+0000][26480][gc,phases    ] GC(207)   Evacuate Collection Set: 3.8ms
[2020-09-11T11:44:13.672+0000][26480][gc,phases    ] GC(207)   Post Evacuate Collection Set: 0.7ms
[2020-09-11T11:44:13.672+0000][26480][gc,phases    ] GC(207)   Other: 0.9ms
[2020-09-11T11:44:13.672+0000][26480][gc,heap      ] GC(207) Eden regions: 41->0(487)
[2020-09-11T11:44:13.672+0000][26480][gc,heap      ] GC(207) Survivor regions: 3->13(64)
[2020-09-11T11:44:13.672+0000][26480][gc,heap      ] GC(207) Old regions: 77->77
[2020-09-11T11:44:13.672+0000][26480][gc,heap      ] GC(207) Archive regions: 0->0
[2020-09-11T11:44:13.672+0000][26480][gc,heap      ] GC(207) Humongous regions: 230->174
[2020-09-11T11:44:13.672+0000][26480][gc,metaspace ] GC(207) Metaspace: 86970K(93080K)->86970K(93080K) NonClass: 75851K(79512K)->75851K(79512K) Class: 11119K(13568K)->11119K(13568K)
[2020-09-11T11:44:13.672+0000][26480][gc           ] GC(207) Pause Young (Concurrent Start) (G1 Humongous Allocation) 348M->262M(1024M) 6.362ms
[2020-09-11T11:44:13.672+0000][26480][gc,cpu       ] GC(207) User=0.09s Sys=0.00s Real=0.01s
[2020-09-11T11:44:13.672+0000][26480][gc           ] GC(208) Concurrent Cycle
[2020-09-11T11:44:13.672+0000][26480][gc,marking   ] GC(208) Concurrent Clear Claimed Marks
[2020-09-11T11:44:13.673+0000][26480][safepoint    ] Safepoint "G1TryInitiateConcMark", Time since last: 18548900 ns, Reaching safepoint: 310900 ns, At safepoint: 6733700 ns, Total: 7044600 ns
[2020-09-11T11:44:13.673+0000][26480][gc,marking   ] GC(208) Concurrent Clear Claimed Marks 0.350ms
[2020-09-11T11:44:13.673+0000][26480][gc,marking   ] GC(208) Concurrent Scan Root Regions
[2020-09-11T11:44:13.673+0000][26480][safepoint    ] Safepoint "G1TryInitiateConcMark", Time since last: 331900 ns, Reaching safepoint: 219500 ns, At safepoint: 27100 ns, Total: 246600 ns
[2020-09-11T11:44:13.677+0000][26480][gc,marking   ] GC(208) Concurrent Scan Root Regions 3.896ms
[2020-09-11T11:44:13.677+0000][26480][gc,marking   ] GC(208) Concurrent Mark (7058.811s)
[2020-09-11T11:44:13.677+0000][26480][gc,marking   ] GC(208) Concurrent Mark From Roots
[2020-09-11T11:44:13.677+0000][26480][gc,task      ] GC(208) Using 2 workers of 2 for marking
[2020-09-11T11:44:13.833+0000][26480][gc,marking   ] GC(208) Concurrent Mark From Roots 155.629ms
[2020-09-11T11:44:13.833+0000][26480][gc,marking   ] GC(208) Concurrent Preclean
[2020-09-11T11:44:13.833+0000][26480][gc,marking   ] GC(208) Concurrent Preclean 0.707ms
[2020-09-11T11:44:13.833+0000][26480][gc,marking   ] GC(208) Concurrent Mark (7058.811s, 7058.968s) 156.547ms
[2020-09-11T11:44:13.834+0000][26480][gc,start     ] GC(208) Pause Remark
[2020-09-11T11:44:13.839+0000][26480][gc           ] GC(208) Pause Remark 471M->471M(1024M) 5.139ms
[2020-09-11T11:44:13.839+0000][26480][gc,cpu       ] GC(208) User=0.13s Sys=0.00s Real=0.00s
[2020-09-11T11:44:13.839+0000][26480][safepoint    ] Safepoint "G1Concurrent", Time since last: 160365400 ns, Reaching safepoint: 201200 ns, At safepoint: 5353800 ns, Total: 5555000 ns
[2020-09-11T11:44:13.839+0000][26480][gc,marking   ] GC(208) Concurrent Rebuild Remembered Sets
[2020-09-11T11:44:13.936+0000][26480][gc,marking   ] GC(208) Concurrent Rebuild Remembered Sets 97.340ms
[2020-09-11T11:44:13.937+0000][26480][gc,start     ] GC(208) Pause Cleanup
[2020-09-11T11:44:13.937+0000][26480][gc           ] GC(208) Pause Cleanup 544M->544M(1024M) 0.351ms
[2020-09-11T11:44:13.937+0000][26480][gc,cpu       ] GC(208) User=0.00s Sys=0.00s Real=0.00s
[2020-09-11T11:44:13.937+0000][26480][safepoint    ] Safepoint "G1Concurrent", Time since last: 97549400 ns, Reaching safepoint: 156000 ns, At safepoint: 515200 ns, Total: 671200 ns
[2020-09-11T11:44:13.937+0000][26480][gc,marking   ] GC(208) Concurrent Cleanup for Next Mark
[2020-09-11T11:44:13.939+0000][26480][gc,marking   ] GC(208) Concurrent Cleanup for Next Mark 1.730ms
[2020-09-11T11:44:13.939+0000][26480][gc           ] GC(208) Concurrent Cycle 266.808ms
[2020-09-11T11:44:14.180+0000][26480][gc,start     ] GC(209) Pause Young (Concurrent Start) (G1 Humongous Allocation)
[2020-09-11T11:44:14.180+0000][26480][gc,task      ] GC(209) Using 8 workers of 8 for evacuation
[2020-09-11T11:44:14.180+0000][26480][gc,age       ] GC(209) Desired survivor size 33030144 bytes, new threshold 15 (max threshold 15)
[2020-09-11T11:44:14.183+0000][26480][gc,age       ] GC(209) Age table with threshold 15 (max threshold 15)
[2020-09-11T11:44:14.183+0000][26480][gc,age       ] GC(209) - age   1:    2564472 bytes,    2564472 total
[2020-09-11T11:44:14.183+0000][26480][gc,age       ] GC(209) - age   2:      12608 bytes,    2577080 total
[2020-09-11T11:44:14.183+0000][26480][gc,age       ] GC(209) - age   3:      13176 bytes,    2590256 total
[2020-09-11T11:44:14.183+0000][26480][gc,age       ] GC(209) - age   4:       9208 bytes,    2599464 total
[2020-09-11T11:44:14.183+0000][26480][gc,age       ] GC(209) - age   5:        984 bytes,    2600448 total
[2020-09-11T11:44:14.183+0000][26480][gc,age       ] GC(209) - age   6:       2448 bytes,    2602896 total
[2020-09-11T11:44:14.183+0000][26480][gc,age       ] GC(209) - age   7:        320 bytes,    2603216 total
[2020-09-11T11:44:14.184+0000][26480][gc,age       ] GC(209) - age   8:        872 bytes,    2604088 total
[2020-09-11T11:44:14.184+0000][26480][gc,age       ] GC(209) - age   9:       1648 bytes,    2605736 total
[2020-09-11T11:44:14.184+0000][26480][gc,age       ] GC(209) - age  10:       1408 bytes,    2607144 total
[2020-09-11T11:44:14.184+0000][26480][gc,age       ] GC(209) - age  11:        928 bytes,    2608072 total
[2020-09-11T11:44:14.184+0000][26480][gc,age       ] GC(209) - age  12:       3384 bytes,    2611456 total
[2020-09-11T11:44:14.184+0000][26480][gc,age       ] GC(209) - age  13:      64288 bytes,    2675744 total
[2020-09-11T11:44:14.184+0000][26480][gc,age       ] GC(209) - age  14:     263888 bytes,    2939632 total
[2020-09-11T11:44:14.184+0000][26480][gc,age       ] GC(209) - age  15:     372544 bytes,    3312176 total
[2020-09-11T11:44:14.184+0000][26480][gc,phases    ] GC(209)   Pre Evacuate Collection Set: 0.4ms
[2020-09-11T11:44:14.184+0000][26480][gc,phases    ] GC(209)   Merge Heap Roots: 0.1ms
[2020-09-11T11:44:14.184+0000][26480][gc,phases    ] GC(209)   Evacuate Collection Set: 2.0ms
[2020-09-11T11:44:14.184+0000][26480][gc,phases    ] GC(209)   Post Evacuate Collection Set: 1.0ms
[2020-09-11T11:44:14.184+0000][26480][gc,phases    ] GC(209)   Other: 0.7ms
[2020-09-11T11:44:14.184+0000][26480][gc,heap      ] GC(209) Eden regions: 80->0(498)
[2020-09-11T11:44:14.184+0000][26480][gc,heap      ] GC(209) Survivor regions: 13->4(63)
[2020-09-11T11:44:14.184+0000][26480][gc,heap      ] GC(209) Old regions: 77->77
[2020-09-11T11:44:14.184+0000][26480][gc,heap      ] GC(209) Archive regions: 0->0
[2020-09-11T11:44:14.184+0000][26480][gc,heap      ] GC(209) Humongous regions: 396->174
[2020-09-11T11:44:14.184+0000][26480][gc,metaspace ] GC(209) Metaspace: 86986K(93080K)->86986K(93080K) NonClass: 75867K(79512K)->75867K(79512K) Class: 11119K(13568K)->11119K(13568K)
[2020-09-11T11:44:14.184+0000][26480][gc           ] GC(209) Pause Young (Concurrent Start) (G1 Humongous Allocation) 564M->253M(1024M) 4.356ms
[2020-09-11T11:44:14.184+0000][26480][gc,cpu       ] GC(209) User=0.13s Sys=0.00s Real=0.00s
[2020-09-11T11:44:14.184+0000][26480][safepoint    ] Safepoint "G1TryInitiateConcMark", Time since last: 242130600 ns, Reaching safepoint: 217400 ns, At safepoint: 4486100 ns, Total: 4703500 ns
[2020-09-11T11:44:14.184+0000][26480][gc           ] GC(210) Concurrent Cycle
[2020-09-11T11:44:14.184+0000][26480][gc,marking   ] GC(210) Concurrent Clear Claimed Marks
[2020-09-11T11:44:14.185+0000][26480][gc,marking   ] GC(210) Concurrent Clear Claimed Marks 0.403ms
[2020-09-11T11:44:14.185+0000][26480][gc,marking   ] GC(210) Concurrent Scan Root Regions
[2020-09-11T11:44:14.186+0000][26480][gc,marking   ] GC(210) Concurrent Scan Root Regions 1.702ms
[2020-09-11T11:44:14.186+0000][26480][gc,marking   ] GC(210) Concurrent Mark (7059.321s)
[2020-09-11T11:44:14.187+0000][26480][gc,marking   ] GC(210) Concurrent Mark From Roots
[2020-09-11T11:44:14.187+0000][26480][gc,task      ] GC(210) Using 2 workers of 2 for marking
[2020-09-11T11:44:14.264+0000][26480][gc,marking   ] GC(210) Concurrent Mark From Roots 77.758ms
[2020-09-11T11:44:14.264+0000][26480][gc,marking   ] GC(210) Concurrent Preclean
[2020-09-11T11:44:14.265+0000][26480][gc,marking   ] GC(210) Concurrent Preclean 0.468ms
[2020-09-11T11:44:14.265+0000][26480][gc,marking   ] GC(210) Concurrent Mark (7059.321s, 7059.399s) 78.363ms
[2020-09-11T11:44:14.265+0000][26480][gc,start     ] GC(210) Pause Remark
[2020-09-11T11:44:14.270+0000][26480][gc           ] GC(210) Pause Remark 311M->311M(1024M) 5.038ms
[2020-09-11T11:44:14.270+0000][26480][gc,cpu       ] GC(210) User=0.00s Sys=0.00s Real=0.00s
[2020-09-11T11:44:14.270+0000][26480][safepoint    ] Safepoint "G1Concurrent", Time since last: 80833100 ns, Reaching safepoint: 133600 ns, At safepoint: 5193800 ns, Total: 5327400 ns
[2020-09-11T11:44:14.270+0000][26480][gc,marking   ] GC(210) Concurrent Rebuild Remembered Sets
[2020-09-11T11:44:14.339+0000][26480][gc,marking   ] GC(210) Concurrent Rebuild Remembered Sets 68.313ms
[2020-09-11T11:44:14.339+0000][26480][gc,start     ] GC(210) Pause Cleanup
[2020-09-11T11:44:14.340+0000][26480][gc           ] GC(210) Pause Cleanup 430M->430M(1024M) 0.352ms
[2020-09-11T11:44:14.340+0000][26480][gc,cpu       ] GC(210) User=0.00s Sys=0.00s Real=0.00s
[2020-09-11T11:44:14.340+0000][26480][safepoint    ] Safepoint "G1Concurrent", Time since last: 68552900 ns, Reaching safepoint: 325000 ns, At safepoint: 647500 ns, Total: 972500 ns
[2020-09-11T11:44:14.340+0000][26480][gc,marking   ] GC(210) Concurrent Cleanup for Next Mark
[2020-09-11T11:44:14.342+0000][26480][gc,marking   ] GC(210) Concurrent Cleanup for Next Mark 2.019ms
[2020-09-11T11:44:14.342+0000][26480][gc           ] GC(210) Concurrent Cycle 157.887ms
[2020-09-11T11:44:14.342+0000][26480][gc,start     ] GC(211) Pause Young (Concurrent Start) (G1 Humongous Allocation)
[2020-09-11T11:44:14.343+0000][26480][gc,task      ] GC(211) Using 8 workers of 8 for evacuation
[2020-09-11T11:44:14.343+0000][26480][gc,age       ] GC(211) Desired survivor size 33030144 bytes, new threshold 15 (max threshold 15)
[2020-09-11T11:44:14.347+0000][26480][gc,age       ] GC(211) Age table with threshold 15 (max threshold 15)
[2020-09-11T11:44:14.347+0000][26480][gc,age       ] GC(211) - age   1:   10661824 bytes,   10661824 total
[2020-09-11T11:44:14.347+0000][26480][gc,age       ] GC(211) - age   2:      13328 bytes,   10675152 total
[2020-09-11T11:44:14.347+0000][26480][gc,age       ] GC(211) - age   3:      10480 bytes,   10685632 total
[2020-09-11T11:44:14.347+0000][26480][gc,age       ] GC(211) - age   4:      12760 bytes,   10698392 total
[2020-09-11T11:44:14.347+0000][26480][gc,age       ] GC(211) - age   5:       9112 bytes,   10707504 total
[2020-09-11T11:44:14.348+0000][26480][gc,age       ] GC(211) - age   6:        888 bytes,   10708392 total
[2020-09-11T11:44:14.348+0000][26480][gc,age       ] GC(211) - age   7:       2448 bytes,   10710840 total
[2020-09-11T11:44:14.348+0000][26480][gc,age       ] GC(211) - age   8:        320 bytes,   10711160 total
[2020-09-11T11:44:14.348+0000][26480][gc,age       ] GC(211) - age   9:        872 bytes,   10712032 total
[2020-09-11T11:44:14.348+0000][26480][gc,age       ] GC(211) - age  10:       1648 bytes,   10713680 total
[2020-09-11T11:44:14.348+0000][26480][gc,age       ] GC(211) - age  11:       1408 bytes,   10715088 total
[2020-09-11T11:44:14.348+0000][26480][gc,age       ] GC(211) - age  12:        928 bytes,   10716016 total
[2020-09-11T11:44:14.348+0000][26480][gc,age       ] GC(211) - age  13:       3384 bytes,   10719400 total
[2020-09-11T11:44:14.348+0000][26480][gc,age       ] GC(211) - age  14:      64288 bytes,   10783688 total
[2020-09-11T11:44:14.348+0000][26480][gc,age       ] GC(211) - age  15:     263888 bytes,   11047576 total
[2020-09-11T11:44:14.348+0000][26480][gc,phases    ] GC(211)   Pre Evacuate Collection Set: 0.5ms
[2020-09-11T11:44:14.348+0000][26480][gc,phases    ] GC(211)   Merge Heap Roots: 0.1ms
[2020-09-11T11:44:14.348+0000][26480][gc,phases    ] GC(211)   Evacuate Collection Set: 3.2ms
[2020-09-11T11:44:14.348+0000][26480][gc,phases    ] GC(211)   Post Evacuate Collection Set: 0.7ms
[2020-09-11T11:44:14.348+0000][26480][gc,phases    ] GC(211)   Other: 1.0ms
[2020-09-11T11:44:14.348+0000][26480][gc,heap      ] GC(211) Eden regions: 46->0(486)
[2020-09-11T11:44:14.348+0000][26480][gc,heap      ] GC(211) Survivor regions: 4->11(63)
[2020-09-11T11:44:14.348+0000][26480][gc,heap      ] GC(211) Old regions: 77->77
[2020-09-11T11:44:14.348+0000][26480][gc,heap      ] GC(211) Archive regions: 0->0
[2020-09-11T11:44:14.348+0000][26480][gc,heap      ] GC(211) Humongous regions: 307->174
[2020-09-11T11:44:14.348+0000][26480][gc,metaspace ] GC(211) Metaspace: 87018K(93080K)->87018K(93080K) NonClass: 75899K(79512K)->75899K(79512K) Class: 11119K(13568K)->11119K(13568K)
[2020-09-11T11:44:14.348+0000][26480][gc           ] GC(211) Pause Young (Concurrent Start) (G1 Humongous Allocation) 432M->261M(1024M) 5.764ms
[2020-09-11T11:44:14.348+0000][26480][gc,cpu       ] GC(211) User=0.00s Sys=0.00s Real=0.01s
[2020-09-11T11:44:14.348+0000][26480][gc           ] GC(212) Concurrent Cycle
[2020-09-11T11:44:14.348+0000][26480][safepoint    ] Safepoint "G1TryInitiateConcMark", Time since last: 2315100 ns, Reaching safepoint: 287300 ns, At safepoint: 5997700 ns, Total: 6285000 ns
[2020-09-11T11:44:14.348+0000][26480][gc,marking   ] GC(212) Concurrent Clear Claimed Marks
[2020-09-11T11:44:14.349+0000][26480][gc,marking   ] GC(212) Concurrent Clear Claimed Marks 0.857ms
[2020-09-11T11:44:14.349+0000][26480][gc,marking   ] GC(212) Concurrent Scan Root Regions
[2020-09-11T11:44:14.353+0000][26480][gc,marking   ] GC(212) Concurrent Scan Root Regions 4.025ms
[2020-09-11T11:44:14.354+0000][26480][gc,marking   ] GC(212) Concurrent Mark (7059.488s)
[2020-09-11T11:44:14.354+0000][26480][gc,marking   ] GC(212) Concurrent Mark From Roots
[2020-09-11T11:44:14.354+0000][26480][gc,task      ] GC(212) Using 2 workers of 2 for marking
[2020-09-11T11:44:14.491+0000][26480][gc,marking   ] GC(212) Concurrent Mark From Roots 137.183ms
[2020-09-11T11:44:14.491+0000][26480][gc,marking   ] GC(212) Concurrent Preclean
[2020-09-11T11:44:14.492+0000][26480][gc,marking   ] GC(212) Concurrent Preclean 0.713ms
[2020-09-11T11:44:14.492+0000][26480][gc,marking   ] GC(212) Concurrent Mark (7059.488s, 7059.626s) 138.068ms
[2020-09-11T11:44:14.492+0000][26480][gc,start     ] GC(212) Pause Remark
[2020-09-11T11:44:14.499+0000][26480][gc           ] GC(212) Pause Remark 416M->416M(1024M) 6.899ms
[2020-09-11T11:44:14.499+0000][26480][gc,cpu       ] GC(212) User=0.08s Sys=0.00s Real=0.01s
[2020-09-11T11:44:14.499+0000][26480][safepoint    ] Safepoint "G1Concurrent", Time since last: 143286500 ns, Reaching safepoint: 266800 ns, At safepoint: 7138300 ns, Total: 7405100 ns
[2020-09-11T11:44:14.499+0000][26480][gc,marking   ] GC(212) Concurrent Rebuild Remembered Sets
[2020-09-11T11:44:14.588+0000][26480][gc,marking   ] GC(212) Concurrent Rebuild Remembered Sets 89.244ms
[2020-09-11T11:44:14.589+0000][26480][gc,start     ] GC(212) Pause Cleanup
[2020-09-11T11:44:14.589+0000][26480][gc           ] GC(212) Pause Cleanup 493M->493M(1024M) 0.332ms
[2020-09-11T11:44:14.589+0000][26480][gc,cpu       ] GC(212) User=0.00s Sys=0.00s Real=0.00s
[2020-09-11T11:44:14.589+0000][26480][safepoint    ] Safepoint "G1Concurrent", Time since last: 89495600 ns, Reaching safepoint: 163100 ns, At safepoint: 462900 ns, Total: 626000 ns
[2020-09-11T11:44:14.589+0000][26480][gc,marking   ] GC(212) Concurrent Cleanup for Next Mark
[2020-09-11T11:44:14.591+0000][26480][gc,marking   ] GC(212) Concurrent Cleanup for Next Mark 2.058ms
[2020-09-11T11:44:14.591+0000][26480][gc           ] GC(212) Concurrent Cycle 243.123ms
[2020-09-11T11:44:14.750+0000][26480][gc,start     ] GC(213) Pause Young (Concurrent Start) (G1 Humongous Allocation)
[2020-09-11T11:44:14.750+0000][26480][gc,task      ] GC(213) Using 8 workers of 8 for evacuation
[2020-09-11T11:44:14.750+0000][26480][gc,age       ] GC(213) Desired survivor size 33030144 bytes, new threshold 15 (max threshold 15)
[2020-09-11T11:44:14.755+0000][26480][gc,age       ] GC(213) Age table with threshold 15 (max threshold 15)
[2020-09-11T11:44:14.755+0000][26480][gc,age       ] GC(213) - age   1:    3899432 bytes,    3899432 total
[2020-09-11T11:44:14.755+0000][26480][gc,age       ] GC(213) - age   2:      15752 bytes,    3915184 total
[2020-09-11T11:44:14.755+0000][26480][gc,age       ] GC(213) - age   3:       3776 bytes,    3918960 total
[2020-09-11T11:44:14.755+0000][26480][gc,age       ] GC(213) - age   4:      10392 bytes,    3929352 total
[2020-09-11T11:44:14.755+0000][26480][gc,age       ] GC(213) - age   5:      12528 bytes,    3941880 total
[2020-09-11T11:44:14.755+0000][26480][gc,age       ] GC(213) - age   6:       9016 bytes,    3950896 total
[2020-09-11T11:44:14.755+0000][26480][gc,age       ] GC(213) - age   7:        792 bytes,    3951688 total
[2020-09-11T11:44:14.755+0000][26480][gc,age       ] GC(213) - age   8:       2448 bytes,    3954136 total
[2020-09-11T11:44:14.755+0000][26480][gc,age       ] GC(213) - age   9:        320 bytes,    3954456 total
[2020-09-11T11:44:14.755+0000][26480][gc,age       ] GC(213) - age  10:        872 bytes,    3955328 total
[2020-09-11T11:44:14.755+0000][26480][gc,age       ] GC(213) - age  11:       1648 bytes,    3956976 total
[2020-09-11T11:44:14.755+0000][26480][gc,age       ] GC(213) - age  12:       1408 bytes,    3958384 total
[2020-09-11T11:44:14.755+0000][26480][gc,age       ] GC(213) - age  13:        896 bytes,    3959280 total
[2020-09-11T11:44:14.756+0000][26480][gc,age       ] GC(213) - age  14:       3384 bytes,    3962664 total
[2020-09-11T11:44:14.756+0000][26480][gc,age       ] GC(213) - age  15:      64288 bytes,    4026952 total
[2020-09-11T11:44:14.756+0000][26480][gc,phases    ] GC(213)   Pre Evacuate Collection Set: 0.5ms
[2020-09-11T11:44:14.756+0000][26480][gc,phases    ] GC(213)   Merge Heap Roots: 0.1ms
[2020-09-11T11:44:14.756+0000][26480][gc,phases    ] GC(213)   Evacuate Collection Set: 2.9ms
[2020-09-11T11:44:14.756+0000][26480][gc,phases    ] GC(213)   Post Evacuate Collection Set: 0.9ms
[2020-09-11T11:44:14.756+0000][26480][gc,phases    ] GC(213)   Other: 1.2ms
[2020-09-11T11:44:14.756+0000][26480][gc,heap      ] GC(213) Eden regions: 72->0(494)
[2020-09-11T11:44:14.756+0000][26480][gc,heap      ] GC(213) Survivor regions: 11->5(63)
[2020-09-11T11:44:14.756+0000][26480][gc,heap      ] GC(213) Old regions: 77->77
[2020-09-11T11:44:14.756+0000][26480][gc,heap      ] GC(213) Archive regions: 0->0
[2020-09-11T11:44:14.756+0000][26480][gc,heap      ] GC(213) Humongous regions: 345->174
[2020-09-11T11:44:14.756+0000][26480][gc,metaspace ] GC(213) Metaspace: 87030K(93080K)->87030K(93080K) NonClass: 75910K(79512K)->75910K(79512K) Class: 11119K(13568K)->11119K(13568K)
[2020-09-11T11:44:14.756+0000][26480][gc           ] GC(213) Pause Young (Concurrent Start) (G1 Humongous Allocation) 503M->255M(1024M) 6.025ms
[2020-09-11T11:44:14.756+0000][26480][gc,cpu       ] GC(213) User=0.00s Sys=0.00s Real=0.01s
[2020-09-11T11:44:14.756+0000][26480][safepoint    ] Safepoint "G1TryInitiateConcMark", Time since last: 160631200 ns, Reaching safepoint: 195000 ns, At safepoint: 6262300 ns, Total: 6457300 ns
[2020-09-11T11:44:14.756+0000][26480][gc           ] GC(214) Concurrent Cycle
[2020-09-11T11:44:14.756+0000][26480][gc,marking   ] GC(214) Concurrent Clear Claimed Marks
[2020-09-11T11:44:14.757+0000][26480][gc,marking   ] GC(214) Concurrent Clear Claimed Marks 0.603ms
[2020-09-11T11:44:14.757+0000][26480][gc,marking   ] GC(214) Concurrent Scan Root Regions
[2020-09-11T11:44:14.761+0000][26480][gc,marking   ] GC(214) Concurrent Scan Root Regions 3.403ms
[2020-09-11T11:44:14.761+0000][26480][gc,marking   ] GC(214) Concurrent Mark (7059.895s)
[2020-09-11T11:44:14.761+0000][26480][gc,marking   ] GC(214) Concurrent Mark From Roots
[2020-09-11T11:44:14.761+0000][26480][gc,task      ] GC(214) Using 2 workers of 2 for marking
[2020-09-11T11:44:14.907+0000][26480][gc,marking   ] GC(214) Concurrent Mark From Roots 146.433ms
[2020-09-11T11:44:14.907+0000][26480][gc,marking   ] GC(214) Concurrent Preclean
[2020-09-11T11:44:14.908+0000][26480][gc,marking   ] GC(214) Concurrent Preclean 0.852ms
[2020-09-11T11:44:14.908+0000][26480][gc,marking   ] GC(214) Concurrent Mark (7059.895s, 7060.043s) 147.487ms
[2020-09-11T11:44:14.908+0000][26480][gc,start     ] GC(214) Pause Remark
[2020-09-11T11:44:14.920+0000][26480][gc           ] GC(214) Pause Remark 318M->318M(1024M) 11.563ms
[2020-09-11T11:44:14.920+0000][26480][gc,cpu       ] GC(214) User=0.11s Sys=0.00s Real=0.01s
[2020-09-11T11:44:14.920+0000][26480][safepoint    ] Safepoint "G1Concurrent", Time since last: 151951500 ns, Reaching safepoint: 162400 ns, At safepoint: 11921700 ns, Total: 12084100 ns
[2020-09-11T11:44:14.920+0000][26480][gc,marking   ] GC(214) Concurrent Rebuild Remembered Sets
[2020-09-11T11:44:14.987+0000][26480][safepoint    ] Safepoint "ICBufferFull", Time since last: 66588200 ns, Reaching safepoint: 508000 ns, At safepoint: 27600 ns, Total: 535600 ns
[2020-09-11T11:44:15.007+0000][26480][gc,marking   ] GC(214) Concurrent Rebuild Remembered Sets 87.510ms
[2020-09-11T11:44:15.008+0000][26480][gc,start     ] GC(214) Pause Cleanup
[2020-09-11T11:44:15.009+0000][26480][gc           ] GC(214) Pause Cleanup 384M->384M(1024M) 0.346ms
[2020-09-11T11:44:15.009+0000][26480][gc,cpu       ] GC(214) User=0.00s Sys=0.00s Real=0.00s
[2020-09-11T11:44:15.009+0000][26480][safepoint    ] Safepoint "G1Concurrent", Time since last: 20614000 ns, Reaching safepoint: 249300 ns, At safepoint: 558900 ns, Total: 808200 ns
[2020-09-11T11:44:15.009+0000][26480][gc,marking   ] GC(214) Concurrent Cleanup for Next Mark
[2020-09-11T11:44:15.011+0000][26480][gc,marking   ] GC(214) Concurrent Cleanup for Next Mark 1.745ms
[2020-09-11T11:44:15.011+0000][26480][gc           ] GC(214) Concurrent Cycle 254.528ms
[2020-09-11T11:44:15.165+0000][26480][gc,start     ] GC(215) Pause Young (Concurrent Start) (G1 Humongous Allocation)
[2020-09-11T11:44:15.165+0000][26480][gc,task      ] GC(215) Using 8 workers of 8 for evacuation
[2020-09-11T11:44:15.165+0000][26480][gc,age       ] GC(215) Desired survivor size 33030144 bytes, new threshold 15 (max threshold 15)
[2020-09-11T11:44:15.169+0000][26480][gc,age       ] GC(215) Age table with threshold 15 (max threshold 15)
[2020-09-11T11:44:15.169+0000][26480][gc,age       ] GC(215) - age   1:    3313160 bytes,    3313160 total
[2020-09-11T11:44:15.169+0000][26480][gc,age       ] GC(215) - age   2:     601176 bytes,    3914336 total
[2020-09-11T11:44:15.169+0000][26480][gc,age       ] GC(215) - age   3:      13320 bytes,    3927656 total
[2020-09-11T11:44:15.169+0000][26480][gc,age       ] GC(215) - age   4:       1952 bytes,    3929608 total
[2020-09-11T11:44:15.169+0000][26480][gc,age       ] GC(215) - age   5:      10296 bytes,    3939904 total
[2020-09-11T11:44:15.169+0000][26480][gc,age       ] GC(215) - age   6:      12496 bytes,    3952400 total
[2020-09-11T11:44:15.169+0000][26480][gc,age       ] GC(215) - age   7:       8760 bytes,    3961160 total
[2020-09-11T11:44:15.169+0000][26480][gc,age       ] GC(215) - age   8:        792 bytes,    3961952 total
[2020-09-11T11:44:15.169+0000][26480][gc,age       ] GC(215) - age   9:       2416 bytes,    3964368 total
[2020-09-11T11:44:15.169+0000][26480][gc,age       ] GC(215) - age  10:        320 bytes,    3964688 total
[2020-09-11T11:44:15.169+0000][26480][gc,age       ] GC(215) - age  11:        872 bytes,    3965560 total
[2020-09-11T11:44:15.169+0000][26480][gc,age       ] GC(215) - age  12:       1648 bytes,    3967208 total
[2020-09-11T11:44:15.169+0000][26480][gc,age       ] GC(215) - age  13:       1408 bytes,    3968616 total
[2020-09-11T11:44:15.169+0000][26480][gc,age       ] GC(215) - age  14:        864 bytes,    3969480 total
[2020-09-11T11:44:15.169+0000][26480][gc,age       ] GC(215) - age  15:       3384 bytes,    3972864 total
[2020-09-11T11:44:15.169+0000][26480][gc,phases    ] GC(215)   Pre Evacuate Collection Set: 0.4ms
[2020-09-11T11:44:15.169+0000][26480][gc,phases    ] GC(215)   Merge Heap Roots: 0.1ms
[2020-09-11T11:44:15.169+0000][26480][gc,phases    ] GC(215)   Evacuate Collection Set: 2.1ms
[2020-09-11T11:44:15.169+0000][26480][gc,phases    ] GC(215)   Post Evacuate Collection Set: 0.6ms
[2020-09-11T11:44:15.169+0000][26480][gc,phases    ] GC(215)   Other: 0.9ms
[2020-09-11T11:44:15.169+0000][26480][gc,heap      ] GC(215) Eden regions: 42->0(496)
[2020-09-11T11:44:15.169+0000][26480][gc,heap      ] GC(215) Survivor regions: 5->5(63)
[2020-09-11T11:44:15.169+0000][26480][gc,heap      ] GC(215) Old regions: 77->77
[2020-09-11T11:44:15.169+0000][26480][gc,heap      ] GC(215) Archive regions: 0->0
[2020-09-11T11:44:15.169+0000][26480][gc,heap      ] GC(215) Humongous regions: 278->174
[2020-09-11T11:44:15.170+0000][26480][gc,metaspace ] GC(215) Metaspace: 87021K(93080K)->87021K(93080K) NonClass: 75909K(79512K)->75909K(79512K) Class: 11111K(13568K)->11111K(13568K)
[2020-09-11T11:44:15.170+0000][26480][gc           ] GC(215) Pause Young (Concurrent Start) (G1 Humongous Allocation) 400M->254M(1024M) 4.474ms
[2020-09-11T11:44:15.170+0000][26480][gc,cpu       ] GC(215) User=0.02s Sys=0.00s Real=0.01s
[2020-09-11T11:44:15.170+0000][26480][gc           ] GC(216) Concurrent Cycle
[2020-09-11T11:44:15.170+0000][26480][safepoint    ] Safepoint "G1TryInitiateConcMark", Time since last: 156081700 ns, Reaching safepoint: 156900 ns, At safepoint: 4640000 ns, Total: 4796900 ns
[2020-09-11T11:44:15.170+0000][26480][gc,marking   ] GC(216) Concurrent Clear Claimed Marks
[2020-09-11T11:44:15.170+0000][26480][gc,marking   ] GC(216) Concurrent Clear Claimed Marks 0.557ms
[2020-09-11T11:44:15.170+0000][26480][gc,marking   ] GC(216) Concurrent Scan Root Regions
[2020-09-11T11:44:15.173+0000][26480][gc,marking   ] GC(216) Concurrent Scan Root Regions 2.714ms
[2020-09-11T11:44:15.173+0000][26480][gc,marking   ] GC(216) Concurrent Mark (7060.308s)
[2020-09-11T11:44:15.173+0000][26480][gc,marking   ] GC(216) Concurrent Mark From Roots
[2020-09-11T11:44:15.173+0000][26480][gc,task      ] GC(216) Using 2 workers of 2 for marking
[2020-09-11T11:44:15.307+0000][26480][gc,marking   ] GC(216) Concurrent Mark From Roots 133.490ms
[2020-09-11T11:44:15.307+0000][26480][gc,marking   ] GC(216) Concurrent Preclean
[2020-09-11T11:44:15.308+0000][26480][gc,marking   ] GC(216) Concurrent Preclean 0.994ms
[2020-09-11T11:44:15.308+0000][26480][gc,marking   ] GC(216) Concurrent Mark (7060.308s, 7060.442s) 134.721ms
[2020-09-11T11:44:15.308+0000][26480][gc,start     ] GC(216) Pause Remark
[2020-09-11T11:44:15.313+0000][26480][gc           ] GC(216) Pause Remark 317M->317M(1024M) 5.138ms
[2020-09-11T11:44:15.313+0000][26480][gc,cpu       ] GC(216) User=0.00s Sys=0.00s Real=0.00s
[2020-09-11T11:44:15.314+0000][26480][safepoint    ] Safepoint "G1Concurrent", Time since last: 138330700 ns, Reaching safepoint: 182000 ns, At safepoint: 5357100 ns, Total: 5539100 ns
[2020-09-11T11:44:15.314+0000][26480][gc,marking   ] GC(216) Concurrent Rebuild Remembered Sets
[2020-09-11T11:44:15.403+0000][26480][gc,marking   ] GC(216) Concurrent Rebuild Remembered Sets 89.244ms
[2020-09-11T11:44:15.403+0000][26480][gc,start     ] GC(216) Pause Cleanup
[2020-09-11T11:44:15.404+0000][26480][gc           ] GC(216) Pause Cleanup 389M->389M(1024M) 0.336ms
[2020-09-11T11:44:15.404+0000][26480][gc,cpu       ] GC(216) User=0.00s Sys=0.00s Real=0.00s
[2020-09-11T11:44:15.404+0000][26480][safepoint    ] Safepoint "G1Concurrent", Time since last: 89420100 ns, Reaching safepoint: 160300 ns, At safepoint: 528600 ns, Total: 688900 ns
[2020-09-11T11:44:15.404+0000][26480][gc,marking   ] GC(216) Concurrent Cleanup for Next Mark
[2020-09-11T11:44:15.405+0000][26480][gc,marking   ] GC(216) Concurrent Cleanup for Next Mark 1.565ms
[2020-09-11T11:44:15.405+0000][26480][gc           ] GC(216) Concurrent Cycle 235.721ms
[2020-09-11T11:44:15.556+0000][26480][gc,start     ] GC(217) Pause Young (Concurrent Start) (G1 Humongous Allocation)
[2020-09-11T11:44:15.556+0000][26480][gc,task      ] GC(217) Using 8 workers of 8 for evacuation
[2020-09-11T11:44:15.556+0000][26480][gc,age       ] GC(217) Desired survivor size 33030144 bytes, new threshold 15 (max threshold 15)
[2020-09-11T11:44:15.560+0000][26480][gc,age       ] GC(217) Age table with threshold 15 (max threshold 15)
[2020-09-11T11:44:15.560+0000][26480][gc,age       ] GC(217) - age   1:    3185616 bytes,    3185616 total
[2020-09-11T11:44:15.560+0000][26480][gc,age       ] GC(217) - age   2:     407632 bytes,    3593248 total
[2020-09-11T11:44:15.560+0000][26480][gc,age       ] GC(217) - age   3:     202856 bytes,    3796104 total
[2020-09-11T11:44:15.560+0000][26480][gc,age       ] GC(217) - age   4:      11368 bytes,    3807472 total
[2020-09-11T11:44:15.560+0000][26480][gc,age       ] GC(217) - age   5:       1776 bytes,    3809248 total
[2020-09-11T11:44:15.560+0000][26480][gc,age       ] GC(217) - age   6:      10296 bytes,    3819544 total
[2020-09-11T11:44:15.560+0000][26480][gc,age       ] GC(217) - age   7:      12496 bytes,    3832040 total
[2020-09-11T11:44:15.560+0000][26480][gc,age       ] GC(217) - age   8:       8632 bytes,    3840672 total
[2020-09-11T11:44:15.560+0000][26480][gc,age       ] GC(217) - age   9:        792 bytes,    3841464 total
[2020-09-11T11:44:15.560+0000][26480][gc,age       ] GC(217) - age  10:       2416 bytes,    3843880 total
[2020-09-11T11:44:15.560+0000][26480][gc,age       ] GC(217) - age  11:        320 bytes,    3844200 total
[2020-09-11T11:44:15.560+0000][26480][gc,age       ] GC(217) - age  12:        776 bytes,    3844976 total
[2020-09-11T11:44:15.560+0000][26480][gc,age       ] GC(217) - age  13:       1648 bytes,    3846624 total
[2020-09-11T11:44:15.560+0000][26480][gc,age       ] GC(217) - age  14:       1408 bytes,    3848032 total
[2020-09-11T11:44:15.560+0000][26480][gc,age       ] GC(217) - age  15:        864 bytes,    3848896 total
[2020-09-11T11:44:15.560+0000][26480][gc,phases    ] GC(217)   Pre Evacuate Collection Set: 0.4ms
[2020-09-11T11:44:15.560+0000][26480][gc,phases    ] GC(217)   Merge Heap Roots: 0.1ms
[2020-09-11T11:44:15.560+0000][26480][gc,phases    ] GC(217)   Evacuate Collection Set: 2.3ms
[2020-09-11T11:44:15.561+0000][26480][gc,phases    ] GC(217)   Post Evacuate Collection Set: 0.8ms
[2020-09-11T11:44:15.561+0000][26480][gc,phases    ] GC(217)   Other: 0.7ms
[2020-09-11T11:44:15.561+0000][26480][gc,heap      ] GC(217) Eden regions: 41->0(499)
[2020-09-11T11:44:15.561+0000][26480][gc,heap      ] GC(217) Survivor regions: 5->4(63)
[2020-09-11T11:44:15.561+0000][26480][gc,heap      ] GC(217) Old regions: 77->77
[2020-09-11T11:44:15.561+0000][26480][gc,heap      ] GC(217) Archive regions: 0->0
[2020-09-11T11:44:15.561+0000][26480][gc,heap      ] GC(217) Humongous regions: 278->174
[2020-09-11T11:44:15.561+0000][26480][gc,metaspace ] GC(217) Metaspace: 87043K(93080K)->87043K(93080K) NonClass: 75931K(79512K)->75931K(79512K) Class: 11111K(13568K)->11111K(13568K)
[2020-09-11T11:44:15.561+0000][26480][gc           ] GC(217) Pause Young (Concurrent Start) (G1 Humongous Allocation) 399M->254M(1024M) 4.605ms
[2020-09-11T11:44:15.561+0000][26480][gc,cpu       ] GC(217) User=0.02s Sys=0.00s Real=0.01s
[2020-09-11T11:44:15.561+0000][26480][gc           ] GC(218) Concurrent Cycle
[2020-09-11T11:44:15.561+0000][26480][safepoint    ] Safepoint "G1TryInitiateConcMark", Time since last: 151992000 ns, Reaching safepoint: 423000 ns, At safepoint: 4780200 ns, Total: 5203200 ns
[2020-09-11T11:44:15.561+0000][26480][gc,marking   ] GC(218) Concurrent Clear Claimed Marks
[2020-09-11T11:44:15.561+0000][26480][gc,marking   ] GC(218) Concurrent Clear Claimed Marks 0.566ms
[2020-09-11T11:44:15.562+0000][26480][gc,marking   ] GC(218) Concurrent Scan Root Regions
[2020-09-11T11:44:15.564+0000][26480][gc,marking   ] GC(218) Concurrent Scan Root Regions 2.445ms
[2020-09-11T11:44:15.564+0000][26480][gc,marking   ] GC(218) Concurrent Mark (7060.699s)
[2020-09-11T11:44:15.564+0000][26480][gc,marking   ] GC(218) Concurrent Mark From Roots
[2020-09-11T11:44:15.564+0000][26480][gc,task      ] GC(218) Using 2 workers of 2 for marking
[2020-09-11T11:44:15.658+0000][26480][gc,marking   ] GC(218) Concurrent Mark From Roots 93.814ms
[2020-09-11T11:44:15.658+0000][26480][gc,marking   ] GC(218) Concurrent Preclean
[2020-09-11T11:44:15.659+0000][26480][gc,marking   ] GC(218) Concurrent Preclean 0.722ms
[2020-09-11T11:44:15.659+0000][26480][gc,marking   ] GC(218) Concurrent Mark (7060.699s, 7060.793s) 94.730ms
[2020-09-11T11:44:15.659+0000][26480][gc,start     ] GC(218) Pause Remark
[2020-09-11T11:44:15.665+0000][26480][gc           ] GC(218) Pause Remark 312M->312M(1024M) 5.395ms
[2020-09-11T11:44:15.665+0000][26480][gc,cpu       ] GC(218) User=0.00s Sys=0.00s Real=0.01s
[2020-09-11T11:44:15.665+0000][26480][safepoint    ] Safepoint "G1Concurrent", Time since last: 98081300 ns, Reaching safepoint: 139000 ns, At safepoint: 5629400 ns, Total: 5768400 ns
[2020-09-11T11:44:15.665+0000][26480][gc,marking   ] GC(218) Concurrent Rebuild Remembered Sets
[2020-09-11T11:44:15.727+0000][26480][safepoint    ] Safepoint "ICBufferFull", Time since last: 62100000 ns, Reaching safepoint: 448200 ns, At safepoint: 21600 ns, Total: 469800 ns
[2020-09-11T11:44:15.739+0000][26480][gc,marking   ] GC(218) Concurrent Rebuild Remembered Sets 74.552ms
[2020-09-11T11:44:15.740+0000][26480][gc,start     ] GC(218) Pause Cleanup
[2020-09-11T11:44:15.741+0000][26480][gc           ] GC(218) Pause Cleanup 324M->324M(1024M) 0.401ms
[2020-09-11T11:44:15.741+0000][26480][gc,cpu       ] GC(218) User=0.00s Sys=0.00s Real=0.00s
[2020-09-11T11:44:15.741+0000][26480][safepoint    ] Safepoint "G1Concurrent", Time since last: 12157400 ns, Reaching safepoint: 430000 ns, At safepoint: 1414200 ns, Total: 1844200 ns
[2020-09-11T11:44:15.741+0000][26480][gc,marking   ] GC(218) Concurrent Cleanup for Next Mark
[2020-09-11T11:44:15.743+0000][26480][gc,marking   ] GC(218) Concurrent Cleanup for Next Mark 1.932ms
[2020-09-11T11:44:15.743+0000][26480][gc           ] GC(218) Concurrent Cycle 182.585ms
[2020-09-11T11:44:15.767+0000][26480][gc,start     ] GC(219) Pause Young (Concurrent Start) (G1 Humongous Allocation)
[2020-09-11T11:44:15.767+0000][26480][gc,task      ] GC(219) Using 8 workers of 8 for evacuation
[2020-09-11T11:44:15.767+0000][26480][gc,age       ] GC(219) Desired survivor size 33030144 bytes, new threshold 15 (max threshold 15)
[2020-09-11T11:44:15.772+0000][26480][gc,age       ] GC(219) Age table with threshold 15 (max threshold 15)
[2020-09-11T11:44:15.772+0000][26480][gc,age       ] GC(219) - age   1:   13550944 bytes,   13550944 total
[2020-09-11T11:44:15.772+0000][26480][gc,age       ] GC(219) - age   2:       2424 bytes,   13553368 total
[2020-09-11T11:44:15.772+0000][26480][gc,age       ] GC(219) - age   3:       2864 bytes,   13556232 total
[2020-09-11T11:44:15.772+0000][26480][gc,age       ] GC(219) - age   4:       2480 bytes,   13558712 total
[2020-09-11T11:44:15.772+0000][26480][gc,age       ] GC(219) - age   5:      10512 bytes,   13569224 total
[2020-09-11T11:44:15.772+0000][26480][gc,age       ] GC(219) - age   6:       1168 bytes,   13570392 total
[2020-09-11T11:44:15.772+0000][26480][gc,age       ] GC(219) - age   7:      10200 bytes,   13580592 total
[2020-09-11T11:44:15.772+0000][26480][gc,age       ] GC(219) - age   8:      12496 bytes,   13593088 total
[2020-09-11T11:44:15.772+0000][26480][gc,age       ] GC(219) - age   9:       8440 bytes,   13601528 total
[2020-09-11T11:44:15.772+0000][26480][gc,age       ] GC(219) - age  10:        792 bytes,   13602320 total
[2020-09-11T11:44:15.772+0000][26480][gc,age       ] GC(219) - age  11:       2352 bytes,   13604672 total
[2020-09-11T11:44:15.772+0000][26480][gc,age       ] GC(219) - age  12:        320 bytes,   13604992 total
[2020-09-11T11:44:15.772+0000][26480][gc,age       ] GC(219) - age  13:        744 bytes,   13605736 total
[2020-09-11T11:44:15.772+0000][26480][gc,age       ] GC(219) - age  14:       1648 bytes,   13607384 total
[2020-09-11T11:44:15.772+0000][26480][gc,age       ] GC(219) - age  15:       1408 bytes,   13608792 total
[2020-09-11T11:44:15.772+0000][26480][gc,phases    ] GC(219)   Pre Evacuate Collection Set: 0.4ms
[2020-09-11T11:44:15.772+0000][26480][gc,phases    ] GC(219)   Merge Heap Roots: 0.1ms
[2020-09-11T11:44:15.772+0000][26480][gc,phases    ] GC(219)   Evacuate Collection Set: 3.5ms
[2020-09-11T11:44:15.772+0000][26480][gc,phases    ] GC(219)   Post Evacuate Collection Set: 0.8ms
[2020-09-11T11:44:15.773+0000][26480][gc,phases    ] GC(219)   Other: 0.8ms
[2020-09-11T11:44:15.773+0000][26480][gc,heap      ] GC(219) Eden regions: 46->0(481)
[2020-09-11T11:44:15.773+0000][26480][gc,heap      ] GC(219) Survivor regions: 4->14(63)
[2020-09-11T11:44:15.773+0000][26480][gc,heap      ] GC(219) Old regions: 77->77
[2020-09-11T11:44:15.773+0000][26480][gc,heap      ] GC(219) Archive regions: 0->0
[2020-09-11T11:44:15.773+0000][26480][gc,heap      ] GC(219) Humongous regions: 230->174
[2020-09-11T11:44:15.773+0000][26480][gc,metaspace ] GC(219) Metaspace: 87077K(93080K)->87077K(93080K) NonClass: 75965K(79512K)->75965K(79512K) Class: 11111K(13568K)->11111K(13568K)
[2020-09-11T11:44:15.773+0000][26480][gc           ] GC(219) Pause Young (Concurrent Start) (G1 Humongous Allocation) 355M->263M(1024M) 5.846ms
[2020-09-11T11:44:15.773+0000][26480][gc,cpu       ] GC(219) User=0.00s Sys=0.00s Real=0.01s
[2020-09-11T11:44:15.773+0000][26480][gc           ] GC(220) Concurrent Cycle
[2020-09-11T11:44:15.773+0000][26480][gc,marking   ] GC(220) Concurrent Clear Claimed Marks
[2020-09-11T11:44:15.773+0000][26480][safepoint    ] Safepoint "G1TryInitiateConcMark", Time since last: 25338700 ns, Reaching safepoint: 209600 ns, At safepoint: 6115900 ns, Total: 6325500 ns
[2020-09-11T11:44:15.774+0000][26480][gc,marking   ] GC(220) Concurrent Clear Claimed Marks 0.400ms
[2020-09-11T11:44:15.774+0000][26480][gc,marking   ] GC(220) Concurrent Scan Root Regions
[2020-09-11T11:44:15.776+0000][26480][gc,marking   ] GC(220) Concurrent Scan Root Regions 2.462ms
[2020-09-11T11:44:15.776+0000][26480][gc,marking   ] GC(220) Concurrent Mark (7060.911s)
[2020-09-11T11:44:15.776+0000][26480][gc,marking   ] GC(220) Concurrent Mark From Roots
[2020-09-11T11:44:15.776+0000][26480][gc,task      ] GC(220) Using 2 workers of 2 for marking
[2020-09-11T11:44:15.938+0000][26480][gc,marking   ] GC(220) Concurrent Mark From Roots 162.259ms
[2020-09-11T11:44:15.938+0000][26480][gc,marking   ] GC(220) Concurrent Preclean
[2020-09-11T11:44:15.939+0000][26480][gc,marking   ] GC(220) Concurrent Preclean 0.759ms
[2020-09-11T11:44:15.939+0000][26480][gc,marking   ] GC(220) Concurrent Mark (7060.911s, 7061.074s) 163.220ms
[2020-09-11T11:44:15.940+0000][26480][gc,start     ] GC(220) Pause Remark
[2020-09-11T11:44:15.946+0000][26480][gc           ] GC(220) Pause Remark 501M->501M(1024M) 6.240ms
[2020-09-11T11:44:15.946+0000][26480][gc,cpu       ] GC(220) User=0.00s Sys=0.00s Real=0.01s
[2020-09-11T11:44:15.946+0000][26480][safepoint    ] Safepoint "G1Concurrent", Time since last: 166481600 ns, Reaching safepoint: 216400 ns, At safepoint: 6500500 ns, Total: 6716900 ns
[2020-09-11T11:44:15.946+0000][26480][gc,marking   ] GC(220) Concurrent Rebuild Remembered Sets
[2020-09-11T11:44:16.039+0000][26480][gc,marking   ] GC(220) Concurrent Rebuild Remembered Sets 92.492ms
[2020-09-11T11:44:16.039+0000][26480][gc,start     ] GC(220) Pause Cleanup
[2020-09-11T11:44:16.039+0000][26480][gc           ] GC(220) Pause Cleanup 574M->574M(1024M) 0.284ms
[2020-09-11T11:44:16.039+0000][26480][gc,cpu       ] GC(220) User=0.00s Sys=0.00s Real=0.00s
[2020-09-11T11:44:16.039+0000][26480][safepoint    ] Safepoint "G1Concurrent", Time since last: 92661100 ns, Reaching safepoint: 140200 ns, At safepoint: 432500 ns, Total: 572700 ns
[2020-09-11T11:44:16.039+0000][26480][gc,marking   ] GC(220) Concurrent Cleanup for Next Mark
[2020-09-11T11:44:16.041+0000][26480][gc,marking   ] GC(220) Concurrent Cleanup for Next Mark 1.476ms
[2020-09-11T11:44:16.041+0000][26480][gc           ] GC(220) Concurrent Cycle 268.151ms
[2020-09-11T11:44:16.224+0000][26480][gc,start     ] GC(221) Pause Young (Concurrent Start) (G1 Humongous Allocation)
[2020-09-11T11:44:16.224+0000][26480][gc,task      ] GC(221) Using 8 workers of 8 for evacuation
[2020-09-11T11:44:16.224+0000][26480][gc,age       ] GC(221) Desired survivor size 32505856 bytes, new threshold 15 (max threshold 15)
[2020-09-11T11:44:16.230+0000][26480][gc,age       ] GC(221) Age table with threshold 15 (max threshold 15)
[2020-09-11T11:44:16.230+0000][26480][gc,age       ] GC(221) - age   1:   11044680 bytes,   11044680 total
[2020-09-11T11:44:16.230+0000][26480][gc,age       ] GC(221) - age   2:      45608 bytes,   11090288 total
[2020-09-11T11:44:16.230+0000][26480][gc,age       ] GC(221) - age   3:       1944 bytes,   11092232 total
[2020-09-11T11:44:16.230+0000][26480][gc,age       ] GC(221) - age   4:       1128 bytes,   11093360 total
[2020-09-11T11:44:16.230+0000][26480][gc,age       ] GC(221) - age   5:       2160 bytes,   11095520 total
[2020-09-11T11:44:16.230+0000][26480][gc,age       ] GC(221) - age   6:      10192 bytes,   11105712 total
[2020-09-11T11:44:16.230+0000][26480][gc,age       ] GC(221) - age   7:       1168 bytes,   11106880 total
[2020-09-11T11:44:16.230+0000][26480][gc,age       ] GC(221) - age   8:      10168 bytes,   11117048 total
[2020-09-11T11:44:16.230+0000][26480][gc,age       ] GC(221) - age   9:      12464 bytes,   11129512 total
[2020-09-11T11:44:16.230+0000][26480][gc,age       ] GC(221) - age  10:       8408 bytes,   11137920 total
[2020-09-11T11:44:16.230+0000][26480][gc,age       ] GC(221) - age  11:        792 bytes,   11138712 total
[2020-09-11T11:44:16.230+0000][26480][gc,age       ] GC(221) - age  12:       2352 bytes,   11141064 total
[2020-09-11T11:44:16.230+0000][26480][gc,age       ] GC(221) - age  13:        320 bytes,   11141384 total
[2020-09-11T11:44:16.230+0000][26480][gc,age       ] GC(221) - age  14:        648 bytes,   11142032 total
[2020-09-11T11:44:16.230+0000][26480][gc,age       ] GC(221) - age  15:       1616 bytes,   11143648 total
[2020-09-11T11:44:16.230+0000][26480][gc,phases    ] GC(221)   Pre Evacuate Collection Set: 0.4ms
[2020-09-11T11:44:16.230+0000][26480][gc,phases    ] GC(221)   Merge Heap Roots: 0.1ms
[2020-09-11T11:44:16.230+0000][26480][gc,phases    ] GC(221)   Evacuate Collection Set: 3.5ms
[2020-09-11T11:44:16.230+0000][26480][gc,phases    ] GC(221)   Post Evacuate Collection Set: 1.0ms
[2020-09-11T11:44:16.230+0000][26480][gc,phases    ] GC(221)   Other: 1.1ms
[2020-09-11T11:44:16.230+0000][26480][gc,heap      ] GC(221) Eden regions: 94->0(480)
[2020-09-11T11:44:16.230+0000][26480][gc,heap      ] GC(221) Survivor regions: 14->12(62)
[2020-09-11T11:44:16.231+0000][26480][gc,heap      ] GC(221) Old regions: 77->77
[2020-09-11T11:44:16.231+0000][26480][gc,heap      ] GC(221) Archive regions: 0->0
[2020-09-11T11:44:16.231+0000][26480][gc,heap      ] GC(221) Humongous regions: 422->174
[2020-09-11T11:44:16.231+0000][26480][gc,metaspace ] GC(221) Metaspace: 87102K(93080K)->87102K(93080K) NonClass: 75990K(79512K)->75990K(79512K) Class: 11111K(13568K)->11111K(13568K)
[2020-09-11T11:44:16.231+0000][26480][gc           ] GC(221) Pause Young (Concurrent Start) (G1 Humongous Allocation) 605M->262M(1024M) 6.420ms
[2020-09-11T11:44:16.231+0000][26480][gc,cpu       ] GC(221) User=0.00s Sys=0.03s Real=0.01s
[2020-09-11T11:44:16.231+0000][26480][gc           ] GC(222) Concurrent Cycle
[2020-09-11T11:44:16.231+0000][26480][gc,marking   ] GC(222) Concurrent Clear Claimed Marks
[2020-09-11T11:44:16.231+0000][26480][safepoint    ] Safepoint "G1TryInitiateConcMark", Time since last: 184550000 ns, Reaching safepoint: 272700 ns, At safepoint: 6661100 ns, Total: 6933800 ns
[2020-09-11T11:44:16.231+0000][26480][gc,marking   ] GC(222) Concurrent Clear Claimed Marks 0.569ms
[2020-09-11T11:44:16.232+0000][26480][gc,marking   ] GC(222) Concurrent Scan Root Regions
[2020-09-11T11:44:16.235+0000][26480][gc,marking   ] GC(222) Concurrent Scan Root Regions 3.590ms
[2020-09-11T11:44:16.235+0000][26480][gc,marking   ] GC(222) Concurrent Mark (7061.370s)
[2020-09-11T11:44:16.235+0000][26480][gc,marking   ] GC(222) Concurrent Mark From Roots
[2020-09-11T11:44:16.235+0000][26480][gc,task      ] GC(222) Using 2 workers of 2 for marking
[2020-09-11T11:44:16.388+0000][26480][gc,marking   ] GC(222) Concurrent Mark From Roots 152.893ms
[2020-09-11T11:44:16.388+0000][26480][gc,marking   ] GC(222) Concurrent Preclean
[2020-09-11T11:44:16.389+0000][26480][gc,marking   ] GC(222) Concurrent Preclean 0.775ms
[2020-09-11T11:44:16.389+0000][26480][gc,marking   ] GC(222) Concurrent Mark (7061.370s, 7061.524s) 153.901ms
[2020-09-11T11:44:16.390+0000][26480][gc,start     ] GC(222) Pause Remark
[2020-09-11T11:44:16.395+0000][26480][gc           ] GC(222) Pause Remark 511M->511M(1024M) 5.492ms
[2020-09-11T11:44:16.395+0000][26480][gc,cpu       ] GC(222) User=0.00s Sys=0.00s Real=0.00s
[2020-09-11T11:44:16.395+0000][26480][safepoint    ] Safepoint "G1Concurrent", Time since last: 158531900 ns, Reaching safepoint: 233700 ns, At safepoint: 5692400 ns, Total: 5926100 ns
[2020-09-11T11:44:16.395+0000][26480][gc,marking   ] GC(222) Concurrent Rebuild Remembered Sets
[2020-09-11T11:44:16.485+0000][26480][gc,marking   ] GC(222) Concurrent Rebuild Remembered Sets 89.755ms
[2020-09-11T11:44:16.485+0000][26480][gc,start     ] GC(222) Pause Cleanup
[2020-09-11T11:44:16.486+0000][26480][gc           ] GC(222) Pause Cleanup 585M->585M(1024M) 0.347ms
[2020-09-11T11:44:16.486+0000][26480][gc,cpu       ] GC(222) User=0.00s Sys=0.00s Real=0.00s
[2020-09-11T11:44:16.486+0000][26480][safepoint    ] Safepoint "G1Concurrent", Time since last: 89932500 ns, Reaching safepoint: 180100 ns, At safepoint: 508500 ns, Total: 688600 ns
[2020-09-11T11:44:16.486+0000][26480][gc,marking   ] GC(222) Concurrent Cleanup for Next Mark
[2020-09-11T11:44:16.487+0000][26480][gc,marking   ] GC(222) Concurrent Cleanup for Next Mark 1.348ms
[2020-09-11T11:44:16.487+0000][26480][gc           ] GC(222) Concurrent Cycle 256.638ms
[2020-09-11T11:44:16.644+0000][26480][gc,start     ] GC(223) Pause Young (Concurrent Start) (G1 Humongous Allocation)
[2020-09-11T11:44:16.644+0000][26480][gc,task      ] GC(223) Using 8 workers of 8 for evacuation
[2020-09-11T11:44:16.644+0000][26480][gc,age       ] GC(223) Desired survivor size 32505856 bytes, new threshold 15 (max threshold 15)
[2020-09-11T11:44:16.649+0000][26480][gc,age       ] GC(223) Age table with threshold 15 (max threshold 15)
[2020-09-11T11:44:16.649+0000][26480][gc,age       ] GC(223) - age   1:   13208408 bytes,   13208408 total
[2020-09-11T11:44:16.649+0000][26480][gc,age       ] GC(223) - age   2:       3960 bytes,   13212368 total
[2020-09-11T11:44:16.649+0000][26480][gc,age       ] GC(223) - age   3:      44504 bytes,   13256872 total
[2020-09-11T11:44:16.649+0000][26480][gc,age       ] GC(223) - age   4:       1576 bytes,   13258448 total
[2020-09-11T11:44:16.649+0000][26480][gc,age       ] GC(223) - age   5:       1128 bytes,   13259576 total
[2020-09-11T11:44:16.649+0000][26480][gc,age       ] GC(223) - age   6:       2096 bytes,   13261672 total
[2020-09-11T11:44:16.649+0000][26480][gc,age       ] GC(223) - age   7:      10192 bytes,   13271864 total
[2020-09-11T11:44:16.649+0000][26480][gc,age       ] GC(223) - age   8:       1136 bytes,   13273000 total
[2020-09-11T11:44:16.649+0000][26480][gc,age       ] GC(223) - age   9:      10136 bytes,   13283136 total
[2020-09-11T11:44:16.649+0000][26480][gc,age       ] GC(223) - age  10:      12464 bytes,   13295600 total
[2020-09-11T11:44:16.650+0000][26480][gc,age       ] GC(223) - age  11:       8408 bytes,   13304008 total
[2020-09-11T11:44:16.650+0000][26480][gc,age       ] GC(223) - age  12:        792 bytes,   13304800 total
[2020-09-11T11:44:16.650+0000][26480][gc,age       ] GC(223) - age  13:       2352 bytes,   13307152 total
[2020-09-11T11:44:16.650+0000][26480][gc,age       ] GC(223) - age  14:        320 bytes,   13307472 total
[2020-09-11T11:44:16.650+0000][26480][gc,age       ] GC(223) - age  15:        552 bytes,   13308024 total
[2020-09-11T11:44:16.650+0000][26480][gc,phases    ] GC(223)   Pre Evacuate Collection Set: 0.4ms
[2020-09-11T11:44:16.650+0000][26480][gc,phases    ] GC(223)   Merge Heap Roots: 0.1ms
[2020-09-11T11:44:16.650+0000][26480][gc,phases    ] GC(223)   Evacuate Collection Set: 3.7ms
[2020-09-11T11:44:16.650+0000][26480][gc,phases    ] GC(223)   Post Evacuate Collection Set: 0.8ms
[2020-09-11T11:44:16.650+0000][26480][gc,phases    ] GC(223)   Other: 0.8ms
[2020-09-11T11:44:16.650+0000][26480][gc,heap      ] GC(223) Eden regions: 102->0(437)
[2020-09-11T11:44:16.650+0000][26480][gc,heap      ] GC(223) Survivor regions: 12->14(62)
[2020-09-11T11:44:16.650+0000][26480][gc,heap      ] GC(223) Old regions: 77->77
[2020-09-11T11:44:16.650+0000][26480][gc,heap      ] GC(223) Archive regions: 0->0
[2020-09-11T11:44:16.650+0000][26480][gc,heap      ] GC(223) Humongous regions: 430->174
[2020-09-11T11:44:16.650+0000][26480][gc,metaspace ] GC(223) Metaspace: 87144K(93080K)->87144K(93080K) NonClass: 76032K(79512K)->76032K(79512K) Class: 11111K(13568K)->11111K(13568K)
[2020-09-11T11:44:16.650+0000][26480][gc           ] GC(223) Pause Young (Concurrent Start) (G1 Humongous Allocation) 619M->264M(1024M) 5.934ms
[2020-09-11T11:44:16.650+0000][26480][gc,cpu       ] GC(223) User=0.00s Sys=0.00s Real=0.01s
[2020-09-11T11:44:16.650+0000][26480][gc           ] GC(224) Concurrent Cycle
[2020-09-11T11:44:16.650+0000][26480][safepoint    ] Safepoint "G1TryInitiateConcMark", Time since last: 157792800 ns, Reaching safepoint: 201100 ns, At safepoint: 6120200 ns, Total: 6321300 ns
[2020-09-11T11:44:16.650+0000][26480][gc,marking   ] GC(224) Concurrent Clear Claimed Marks
[2020-09-11T11:44:16.651+0000][26480][gc,marking   ] GC(224) Concurrent Clear Claimed Marks 0.768ms
[2020-09-11T11:44:16.651+0000][26480][gc,marking   ] GC(224) Concurrent Scan Root Regions
[2020-09-11T11:44:16.654+0000][26480][gc,marking   ] GC(224) Concurrent Scan Root Regions 2.954ms
[2020-09-11T11:44:16.654+0000][26480][gc,marking   ] GC(224) Concurrent Mark (7061.789s)
[2020-09-11T11:44:16.654+0000][26480][gc,marking   ] GC(224) Concurrent Mark From Roots
[2020-09-11T11:44:16.654+0000][26480][gc,task      ] GC(224) Using 2 workers of 2 for marking
[2020-09-11T11:44:16.810+0000][26480][gc,marking   ] GC(224) Concurrent Mark From Roots 155.548ms
[2020-09-11T11:44:16.810+0000][26480][gc,marking   ] GC(224) Concurrent Preclean
[2020-09-11T11:44:16.811+0000][26480][gc,marking   ] GC(224) Concurrent Preclean 0.823ms
[2020-09-11T11:44:16.811+0000][26480][gc,marking   ] GC(224) Concurrent Mark (7061.789s, 7061.945s) 156.583ms
[2020-09-11T11:44:16.811+0000][26480][gc,start     ] GC(224) Pause Remark
[2020-09-11T11:44:16.817+0000][26480][gc           ] GC(224) Pause Remark 507M->507M(1024M) 5.943ms
[2020-09-11T11:44:16.817+0000][26480][gc,cpu       ] GC(224) User=0.00s Sys=0.00s Real=0.01s
[2020-09-11T11:44:16.817+0000][26480][safepoint    ] Safepoint "G1Concurrent", Time since last: 160642500 ns, Reaching safepoint: 183200 ns, At safepoint: 6202200 ns, Total: 6385400 ns
[2020-09-11T11:44:16.817+0000][26480][gc,marking   ] GC(224) Concurrent Rebuild Remembered Sets
[2020-09-11T11:44:16.903+0000][26480][gc,marking   ] GC(224) Concurrent Rebuild Remembered Sets 85.437ms
[2020-09-11T11:44:16.903+0000][26480][gc,start     ] GC(224) Pause Cleanup
[2020-09-11T11:44:16.903+0000][26480][gc           ] GC(224) Pause Cleanup 573M->573M(1024M) 0.366ms
[2020-09-11T11:44:16.903+0000][26480][gc,cpu       ] GC(224) User=0.00s Sys=0.00s Real=0.00s
[2020-09-11T11:44:16.903+0000][26480][safepoint    ] Safepoint "G1Concurrent", Time since last: 85624700 ns, Reaching safepoint: 168900 ns, At safepoint: 580100 ns, Total: 749000 ns
[2020-09-11T11:44:16.904+0000][26480][gc,marking   ] GC(224) Concurrent Cleanup for Next Mark
[2020-09-11T11:44:16.906+0000][26480][gc,marking   ] GC(224) Concurrent Cleanup for Next Mark 2.031ms
[2020-09-11T11:44:16.906+0000][26480][gc           ] GC(224) Concurrent Cycle 255.754ms
[2020-09-11T11:44:17.061+0000][26480][gc,start     ] GC(225) Pause Young (Concurrent Start) (G1 Humongous Allocation)
[2020-09-11T11:44:17.061+0000][26480][gc,task      ] GC(225) Using 8 workers of 8 for evacuation
[2020-09-11T11:44:17.061+0000][26480][gc,age       ] GC(225) Desired survivor size 29884416 bytes, new threshold 15 (max threshold 15)
[2020-09-11T11:44:17.064+0000][26480][gc,age       ] GC(225) Age table with threshold 15 (max threshold 15)
[2020-09-11T11:44:17.064+0000][26480][gc,age       ] GC(225) - age   1:    3875832 bytes,    3875832 total
[2020-09-11T11:44:17.064+0000][26480][gc,age       ] GC(225) - age   2:       8760 bytes,    3884592 total
[2020-09-11T11:44:17.064+0000][26480][gc,age       ] GC(225) - age   3:       2344 bytes,    3886936 total
[2020-09-11T11:44:17.064+0000][26480][gc,age       ] GC(225) - age   4:      44440 bytes,    3931376 total
[2020-09-11T11:44:17.064+0000][26480][gc,age       ] GC(225) - age   5:       1448 bytes,    3932824 total
[2020-09-11T11:44:17.064+0000][26480][gc,age       ] GC(225) - age   6:       1128 bytes,    3933952 total
[2020-09-11T11:44:17.064+0000][26480][gc,age       ] GC(225) - age   7:       1968 bytes,    3935920 total
[2020-09-11T11:44:17.064+0000][26480][gc,age       ] GC(225) - age   8:      10192 bytes,    3946112 total
[2020-09-11T11:44:17.064+0000][26480][gc,age       ] GC(225) - age   9:       1136 bytes,    3947248 total
[2020-09-11T11:44:17.064+0000][26480][gc,age       ] GC(225) - age  10:      10104 bytes,    3957352 total
[2020-09-11T11:44:17.064+0000][26480][gc,age       ] GC(225) - age  11:      12432 bytes,    3969784 total
[2020-09-11T11:44:17.064+0000][26480][gc,age       ] GC(225) - age  12:       8312 bytes,    3978096 total
[2020-09-11T11:44:17.064+0000][26480][gc,age       ] GC(225) - age  13:        792 bytes,    3978888 total
[2020-09-11T11:44:17.064+0000][26480][gc,age       ] GC(225) - age  14:       2256 bytes,    3981144 total
[2020-09-11T11:44:17.064+0000][26480][gc,age       ] GC(225) - age  15:        288 bytes,    3981432 total
[2020-09-11T11:44:17.065+0000][26480][gc,phases    ] GC(225)   Pre Evacuate Collection Set: 0.3ms
[2020-09-11T11:44:17.065+0000][26480][gc,phases    ] GC(225)   Merge Heap Roots: 0.1ms
[2020-09-11T11:44:17.065+0000][26480][gc,phases    ] GC(225)   Evacuate Collection Set: 2.0ms
[2020-09-11T11:44:17.065+0000][26480][gc,phases    ] GC(225)   Post Evacuate Collection Set: 0.8ms
[2020-09-11T11:44:17.065+0000][26480][gc,phases    ] GC(225)   Other: 0.7ms
[2020-09-11T11:44:17.065+0000][26480][gc,heap      ] GC(225) Eden regions: 80->0(457)
[2020-09-11T11:44:17.065+0000][26480][gc,heap      ] GC(225) Survivor regions: 14->5(57)
[2020-09-11T11:44:17.065+0000][26480][gc,heap      ] GC(225) Old regions: 77->77
[2020-09-11T11:44:17.065+0000][26480][gc,heap      ] GC(225) Archive regions: 0->0
[2020-09-11T11:44:17.065+0000][26480][gc,heap      ] GC(225) Humongous regions: 424->174
[2020-09-11T11:44:17.065+0000][26480][gc,metaspace ] GC(225) Metaspace: 87172K(93336K)->87172K(93336K) NonClass: 76060K(79768K)->76060K(79768K) Class: 11111K(13568K)->11111K(13568K)
[2020-09-11T11:44:17.065+0000][26480][gc           ] GC(225) Pause Young (Concurrent Start) (G1 Humongous Allocation) 594M->255M(1024M) 4.157ms
[2020-09-11T11:44:17.065+0000][26480][gc,cpu       ] GC(225) User=0.00s Sys=0.00s Real=0.00s
[2020-09-11T11:44:17.065+0000][26480][safepoint    ] Safepoint "G1TryInitiateConcMark", Time since last: 156973100 ns, Reaching safepoint: 185300 ns, At safepoint: 4294500 ns, Total: 4479800 ns
[2020-09-11T11:44:17.065+0000][26480][gc           ] GC(226) Concurrent Cycle
[2020-09-11T11:44:17.065+0000][26480][gc,marking   ] GC(226) Concurrent Clear Claimed Marks
[2020-09-11T11:44:17.065+0000][26480][gc,marking   ] GC(226) Concurrent Clear Claimed Marks 0.415ms
[2020-09-11T11:44:17.065+0000][26480][gc,marking   ] GC(226) Concurrent Scan Root Regions
[2020-09-11T11:44:17.069+0000][26480][gc,marking   ] GC(226) Concurrent Scan Root Regions 3.491ms
[2020-09-11T11:44:17.069+0000][26480][gc,marking   ] GC(226) Concurrent Mark (7062.204s)
[2020-09-11T11:44:17.069+0000][26480][gc,marking   ] GC(226) Concurrent Mark From Roots
[2020-09-11T11:44:17.069+0000][26480][gc,task      ] GC(226) Using 2 workers of 2 for marking
[2020-09-11T11:44:17.176+0000][26480][gc,marking   ] GC(226) Concurrent Mark From Roots 106.477ms
[2020-09-11T11:44:17.176+0000][26480][gc,marking   ] GC(226) Concurrent Preclean
[2020-09-11T11:44:17.176+0000][26480][gc,marking   ] GC(226) Concurrent Preclean 0.746ms
[2020-09-11T11:44:17.176+0000][26480][gc,marking   ] GC(226) Concurrent Mark (7062.204s, 7062.311s) 107.411ms
[2020-09-11T11:44:17.177+0000][26480][gc,start     ] GC(226) Pause Remark
[2020-09-11T11:44:17.183+0000][26480][gc           ] GC(226) Pause Remark 316M->316M(1024M) 6.035ms
[2020-09-11T11:44:17.183+0000][26480][gc,cpu       ] GC(226) User=0.09s Sys=0.00s Real=0.01s
[2020-09-11T11:44:17.183+0000][26480][safepoint    ] Safepoint "G1Concurrent", Time since last: 111633300 ns, Reaching safepoint: 147200 ns, At safepoint: 6320000 ns, Total: 6467200 ns
[2020-09-11T11:44:17.183+0000][26480][gc,marking   ] GC(226) Concurrent Rebuild Remembered Sets
[2020-09-11T11:44:17.262+0000][26480][gc,marking   ] GC(226) Concurrent Rebuild Remembered Sets 79.111ms
[2020-09-11T11:44:17.263+0000][26480][gc,start     ] GC(226) Pause Cleanup
[2020-09-11T11:44:17.263+0000][26480][gc           ] GC(226) Pause Cleanup 386M->386M(1024M) 0.304ms
[2020-09-11T11:44:17.263+0000][26480][gc,cpu       ] GC(226) User=0.00s Sys=0.00s Real=0.00s
[2020-09-11T11:44:17.263+0000][26480][safepoint    ] Safepoint "G1Concurrent", Time since last: 79367500 ns, Reaching safepoint: 149300 ns, At safepoint: 484200 ns, Total: 633500 ns
[2020-09-11T11:44:17.263+0000][26480][gc,marking   ] GC(226) Concurrent Cleanup for Next Mark
[2020-09-11T11:44:17.265+0000][26480][gc,marking   ] GC(226) Concurrent Cleanup for Next Mark 1.959ms
[2020-09-11T11:44:17.265+0000][26480][gc           ] GC(226) Concurrent Cycle 200.270ms
[2020-09-11T11:44:17.403+0000][26480][gc,start     ] GC(227) Pause Young (Concurrent Start) (G1 Humongous Allocation)
[2020-09-11T11:44:17.403+0000][26480][gc,task      ] GC(227) Using 8 workers of 8 for evacuation
[2020-09-11T11:44:17.403+0000][26480][gc,age       ] GC(227) Desired survivor size 30408704 bytes, new threshold 15 (max threshold 15)
[2020-09-11T11:44:17.407+0000][26480][gc,age       ] GC(227) Age table with threshold 15 (max threshold 15)
[2020-09-11T11:44:17.408+0000][26480][gc,age       ] GC(227) - age   1:    3282528 bytes,    3282528 total
[2020-09-11T11:44:17.408+0000][26480][gc,age       ] GC(227) - age   2:     606288 bytes,    3888816 total
[2020-09-11T11:44:17.408+0000][26480][gc,age       ] GC(227) - age   3:       6248 bytes,    3895064 total
[2020-09-11T11:44:17.408+0000][26480][gc,age       ] GC(227) - age   4:       1856 bytes,    3896920 total
[2020-09-11T11:44:17.408+0000][26480][gc,age       ] GC(227) - age   5:      44440 bytes,    3941360 total
[2020-09-11T11:44:17.408+0000][26480][gc,age       ] GC(227) - age   6:       1352 bytes,    3942712 total
[2020-09-11T11:44:17.408+0000][26480][gc,age       ] GC(227) - age   7:       1032 bytes,    3943744 total
[2020-09-11T11:44:17.408+0000][26480][gc,age       ] GC(227) - age   8:       1840 bytes,    3945584 total
[2020-09-11T11:44:17.408+0000][26480][gc,age       ] GC(227) - age   9:      10128 bytes,    3955712 total
[2020-09-11T11:44:17.408+0000][26480][gc,age       ] GC(227) - age  10:       1072 bytes,    3956784 total
[2020-09-11T11:44:17.408+0000][26480][gc,age       ] GC(227) - age  11:      10072 bytes,    3966856 total
[2020-09-11T11:44:17.408+0000][26480][gc,age       ] GC(227) - age  12:      12432 bytes,    3979288 total
[2020-09-11T11:44:17.408+0000][26480][gc,age       ] GC(227) - age  13:       8184 bytes,    3987472 total
[2020-09-11T11:44:17.408+0000][26480][gc,age       ] GC(227) - age  14:        792 bytes,    3988264 total
[2020-09-11T11:44:17.408+0000][26480][gc,age       ] GC(227) - age  15:       2256 bytes,    3990520 total
[2020-09-11T11:44:17.408+0000][26480][gc,phases    ] GC(227)   Pre Evacuate Collection Set: 0.5ms
[2020-09-11T11:44:17.408+0000][26480][gc,phases    ] GC(227)   Merge Heap Roots: 0.1ms
[2020-09-11T11:44:17.408+0000][26480][gc,phases    ] GC(227)   Evacuate Collection Set: 2.6ms
[2020-09-11T11:44:17.408+0000][26480][gc,phases    ] GC(227)   Post Evacuate Collection Set: 0.8ms
[2020-09-11T11:44:17.408+0000][26480][gc,phases    ] GC(227)   Other: 1.0ms
[2020-09-11T11:44:17.408+0000][26480][gc,heap      ] GC(227) Eden regions: 42->0(466)
[2020-09-11T11:44:17.408+0000][26480][gc,heap      ] GC(227) Survivor regions: 5->5(58)
[2020-09-11T11:44:17.408+0000][26480][gc,heap      ] GC(227) Old regions: 77->77
[2020-09-11T11:44:17.408+0000][26480][gc,heap      ] GC(227) Archive regions: 0->0
[2020-09-11T11:44:17.408+0000][26480][gc,heap      ] GC(227) Humongous regions: 274->174
[2020-09-11T11:44:17.408+0000][26480][gc,metaspace ] GC(227) Metaspace: 87181K(93336K)->87181K(93336K) NonClass: 76069K(79768K)->76069K(79768K) Class: 11111K(13568K)->11111K(13568K)
[2020-09-11T11:44:17.408+0000][26480][gc           ] GC(227) Pause Young (Concurrent Start) (G1 Humongous Allocation) 397M->255M(1024M) 5.294ms
[2020-09-11T11:44:17.408+0000][26480][gc,cpu       ] GC(227) User=0.00s Sys=0.00s Real=0.00s
[2020-09-11T11:44:17.408+0000][26480][gc           ] GC(228) Concurrent Cycle
[2020-09-11T11:44:17.408+0000][26480][safepoint    ] Safepoint "G1TryInitiateConcMark", Time since last: 139704200 ns, Reaching safepoint: 166700 ns, At safepoint: 5554600 ns, Total: 5721300 ns
[2020-09-11T11:44:17.408+0000][26480][gc,marking   ] GC(228) Concurrent Clear Claimed Marks
[2020-09-11T11:44:17.409+0000][26480][gc,marking   ] GC(228) Concurrent Clear Claimed Marks 0.620ms
[2020-09-11T11:44:17.409+0000][26480][gc,marking   ] GC(228) Concurrent Scan Root Regions
[2020-09-11T11:44:17.412+0000][26480][gc,marking   ] GC(228) Concurrent Scan Root Regions 2.892ms
[2020-09-11T11:44:17.412+0000][26480][gc,marking   ] GC(228) Concurrent Mark (7062.547s)
[2020-09-11T11:44:17.412+0000][26480][gc,marking   ] GC(228) Concurrent Mark From Roots
[2020-09-11T11:44:17.412+0000][26480][gc,task      ] GC(228) Using 2 workers of 2 for marking
[2020-09-11T11:44:17.525+0000][26480][gc,marking   ] GC(228) Concurrent Mark From Roots 112.698ms
[2020-09-11T11:44:17.525+0000][26480][gc,marking   ] GC(228) Concurrent Preclean
[2020-09-11T11:44:17.526+0000][26480][gc,marking   ] GC(228) Concurrent Preclean 0.499ms
[2020-09-11T11:44:17.526+0000][26480][gc,marking   ] GC(228) Concurrent Mark (7062.547s, 7062.660s) 113.344ms
[2020-09-11T11:44:17.526+0000][26480][gc,start     ] GC(228) Pause Remark
[2020-09-11T11:44:17.531+0000][26480][gc           ] GC(228) Pause Remark 316M->316M(1024M) 5.465ms
[2020-09-11T11:44:17.531+0000][26480][gc,cpu       ] GC(228) User=0.00s Sys=0.00s Real=0.00s
[2020-09-11T11:44:17.532+0000][26480][safepoint    ] Safepoint "G1Concurrent", Time since last: 117248400 ns, Reaching safepoint: 162800 ns, At safepoint: 5703000 ns, Total: 5865800 ns
[2020-09-11T11:44:17.532+0000][26480][gc,marking   ] GC(228) Concurrent Rebuild Remembered Sets
[2020-09-11T11:44:17.616+0000][26480][gc,marking   ] GC(228) Concurrent Rebuild Remembered Sets 84.648ms
[2020-09-11T11:44:17.617+0000][26480][gc,start     ] GC(228) Pause Cleanup
[2020-09-11T11:44:17.617+0000][26480][gc           ] GC(228) Pause Cleanup 385M->385M(1024M) 0.282ms
[2020-09-11T11:44:17.617+0000][26480][gc,cpu       ] GC(228) User=0.00s Sys=0.00s Real=0.00s
[2020-09-11T11:44:17.617+0000][26480][safepoint    ] Safepoint "G1Concurrent", Time since last: 84812600 ns, Reaching safepoint: 161900 ns, At safepoint: 437400 ns, Total: 599300 ns
[2020-09-11T11:44:17.617+0000][26480][gc,marking   ] GC(228) Concurrent Cleanup for Next Mark
[2020-09-11T11:44:17.618+0000][26480][gc,marking   ] GC(228) Concurrent Cleanup for Next Mark 1.327ms
[2020-09-11T11:44:17.618+0000][26480][gc           ] GC(228) Concurrent Cycle 210.014ms
[2020-09-11T11:44:17.775+0000][26480][gc,start     ] GC(229) Pause Young (Concurrent Start) (G1 Humongous Allocation)
[2020-09-11T11:44:17.776+0000][26480][gc,task      ] GC(229) Using 8 workers of 8 for evacuation
[2020-09-11T11:44:17.776+0000][26480][gc,age       ] GC(229) Desired survivor size 30932992 bytes, new threshold 15 (max threshold 15)
[2020-09-11T11:44:17.779+0000][26480][gc,age       ] GC(229) Age table with threshold 15 (max threshold 15)
[2020-09-11T11:44:17.779+0000][26480][gc,age       ] GC(229) - age   1:    3280768 bytes,    3280768 total
[2020-09-11T11:44:17.779+0000][26480][gc,age       ] GC(229) - age   2:     408408 bytes,    3689176 total
[2020-09-11T11:44:17.779+0000][26480][gc,age       ] GC(229) - age   3:     206368 bytes,    3895544 total
[2020-09-11T11:44:17.779+0000][26480][gc,age       ] GC(229) - age   4:       4128 bytes,    3899672 total
[2020-09-11T11:44:17.779+0000][26480][gc,age       ] GC(229) - age   5:       1728 bytes,    3901400 total
[2020-09-11T11:44:17.779+0000][26480][gc,age       ] GC(229) - age   6:      44440 bytes,    3945840 total
[2020-09-11T11:44:17.779+0000][26480][gc,age       ] GC(229) - age   7:       1256 bytes,    3947096 total
[2020-09-11T11:44:17.779+0000][26480][gc,age       ] GC(229) - age   8:        680 bytes,    3947776 total
[2020-09-11T11:44:17.779+0000][26480][gc,age       ] GC(229) - age   9:       1744 bytes,    3949520 total
[2020-09-11T11:44:17.779+0000][26480][gc,age       ] GC(229) - age  10:      10128 bytes,    3959648 total
[2020-09-11T11:44:17.779+0000][26480][gc,age       ] GC(229) - age  11:       1040 bytes,    3960688 total
[2020-09-11T11:44:17.779+0000][26480][gc,age       ] GC(229) - age  12:      10072 bytes,    3970760 total
[2020-09-11T11:44:17.779+0000][26480][gc,age       ] GC(229) - age  13:      12400 bytes,    3983160 total
[2020-09-11T11:44:17.779+0000][26480][gc,age       ] GC(229) - age  14:       8056 bytes,    3991216 total
[2020-09-11T11:44:17.779+0000][26480][gc,age       ] GC(229) - age  15:        696 bytes,    3991912 total
[2020-09-11T11:44:17.779+0000][26480][gc,phases    ] GC(229)   Pre Evacuate Collection Set: 0.4ms
[2020-09-11T11:44:17.779+0000][26480][gc,phases    ] GC(229)   Merge Heap Roots: 0.1ms
[2020-09-11T11:44:17.779+0000][26480][gc,phases    ] GC(229)   Evacuate Collection Set: 1.8ms
[2020-09-11T11:44:17.779+0000][26480][gc,phases    ] GC(229)   Post Evacuate Collection Set: 0.8ms
[2020-09-11T11:44:17.779+0000][26480][gc,phases    ] GC(229)   Other: 0.7ms
[2020-09-11T11:44:17.779+0000][26480][gc,heap      ] GC(229) Eden regions: 42->0(474)
[2020-09-11T11:44:17.779+0000][26480][gc,heap      ] GC(229) Survivor regions: 5->5(59)
[2020-09-11T11:44:17.779+0000][26480][gc,heap      ] GC(229) Old regions: 77->77
[2020-09-11T11:44:17.779+0000][26480][gc,heap      ] GC(229) Archive regions: 0->0
[2020-09-11T11:44:17.779+0000][26480][gc,heap      ] GC(229) Humongous regions: 274->174
[2020-09-11T11:44:17.780+0000][26480][gc,metaspace ] GC(229) Metaspace: 87220K(93336K)->87220K(93336K) NonClass: 76108K(79768K)->76108K(79768K) Class: 11111K(13568K)->11111K(13568K)
[2020-09-11T11:44:17.780+0000][26480][gc           ] GC(229) Pause Young (Concurrent Start) (G1 Humongous Allocation) 397M->255M(1024M) 4.074ms
[2020-09-11T11:44:17.780+0000][26480][gc,cpu       ] GC(229) User=0.00s Sys=0.02s Real=0.00s
[2020-09-11T11:44:17.780+0000][26480][gc           ] GC(230) Concurrent Cycle
[2020-09-11T11:44:17.780+0000][26480][safepoint    ] Safepoint "G1TryInitiateConcMark", Time since last: 158309800 ns, Reaching safepoint: 165100 ns, At safepoint: 4229100 ns, Total: 4394200 ns
[2020-09-11T11:44:17.780+0000][26480][gc,marking   ] GC(230) Concurrent Clear Claimed Marks
[2020-09-11T11:44:17.780+0000][26480][gc,marking   ] GC(230) Concurrent Clear Claimed Marks 0.449ms
[2020-09-11T11:44:17.780+0000][26480][gc,marking   ] GC(230) Concurrent Scan Root Regions
[2020-09-11T11:44:17.783+0000][26480][gc,marking   ] GC(230) Concurrent Scan Root Regions 2.493ms
[2020-09-11T11:44:17.783+0000][26480][gc,marking   ] GC(230) Concurrent Mark (7062.917s)
[2020-09-11T11:44:17.783+0000][26480][gc,marking   ] GC(230) Concurrent Mark From Roots
[2020-09-11T11:44:17.783+0000][26480][gc,task      ] GC(230) Using 2 workers of 2 for marking
[2020-09-11T11:44:17.919+0000][26480][gc,marking   ] GC(230) Concurrent Mark From Roots 136.468ms
[2020-09-11T11:44:17.919+0000][26480][gc,marking   ] GC(230) Concurrent Preclean
[2020-09-11T11:44:17.920+0000][26480][gc,marking   ] GC(230) Concurrent Preclean 0.487ms
[2020-09-11T11:44:17.920+0000][26480][gc,marking   ] GC(230) Concurrent Mark (7062.917s, 7063.054s) 137.092ms
[2020-09-11T11:44:17.920+0000][26480][gc,start     ] GC(230) Pause Remark
[2020-09-11T11:44:17.926+0000][26480][gc           ] GC(230) Pause Remark 317M->317M(1024M) 5.354ms
[2020-09-11T11:44:17.926+0000][26480][gc,cpu       ] GC(230) User=0.00s Sys=0.00s Real=0.01s
[2020-09-11T11:44:17.926+0000][26480][safepoint    ] Safepoint "G1Concurrent", Time since last: 140330900 ns, Reaching safepoint: 160700 ns, At safepoint: 5643600 ns, Total: 5804300 ns
[2020-09-11T11:44:17.926+0000][26480][gc,marking   ] GC(230) Concurrent Rebuild Remembered Sets
[2020-09-11T11:44:18.004+0000][26480][gc,marking   ] GC(230) Concurrent Rebuild Remembered Sets 77.631ms
[2020-09-11T11:44:18.004+0000][26480][gc,start     ] GC(230) Pause Cleanup
[2020-09-11T11:44:18.004+0000][26480][gc           ] GC(230) Pause Cleanup 331M->331M(1024M) 0.305ms
[2020-09-11T11:44:18.004+0000][26480][gc,cpu       ] GC(230) User=0.00s Sys=0.00s Real=0.00s
[2020-09-11T11:44:18.004+0000][26480][safepoint    ] Safepoint "G1Concurrent", Time since last: 77830500 ns, Reaching safepoint: 279200 ns, At safepoint: 473700 ns, Total: 752900 ns
[2020-09-11T11:44:18.004+0000][26480][gc,marking   ] GC(230) Concurrent Cleanup for Next Mark
[2020-09-11T11:44:18.007+0000][26480][gc,marking   ] GC(230) Concurrent Cleanup for Next Mark 2.159ms
[2020-09-11T11:44:18.007+0000][26480][gc           ] GC(230) Concurrent Cycle 227.046ms
[2020-09-11T11:44:18.013+0000][26480][gc,start     ] GC(231) Pause Young (Concurrent Start) (G1 Humongous Allocation)
[2020-09-11T11:44:18.013+0000][26480][gc,task      ] GC(231) Using 8 workers of 8 for evacuation
[2020-09-11T11:44:18.013+0000][26480][gc,age       ] GC(231) Desired survivor size 31457280 bytes, new threshold 15 (max threshold 15)
[2020-09-11T11:44:18.016+0000][26480][gc,age       ] GC(231) Age table with threshold 15 (max threshold 15)
[2020-09-11T11:44:18.017+0000][26480][gc,age       ] GC(231) - age   1:    2439624 bytes,    2439624 total
[2020-09-11T11:44:18.017+0000][26480][gc,age       ] GC(231) - age   2:       3928 bytes,    2443552 total
[2020-09-11T11:44:18.017+0000][26480][gc,age       ] GC(231) - age   3:       2208 bytes,    2445760 total
[2020-09-11T11:44:18.017+0000][26480][gc,age       ] GC(231) - age   4:       2416 bytes,    2448176 total
[2020-09-11T11:44:18.017+0000][26480][gc,age       ] GC(231) - age   5:       2360 bytes,    2450536 total
[2020-09-11T11:44:18.017+0000][26480][gc,age       ] GC(231) - age   6:       1312 bytes,    2451848 total
[2020-09-11T11:44:18.017+0000][26480][gc,age       ] GC(231) - age   7:      44344 bytes,    2496192 total
[2020-09-11T11:44:18.017+0000][26480][gc,age       ] GC(231) - age   8:       1096 bytes,    2497288 total
[2020-09-11T11:44:18.017+0000][26480][gc,age       ] GC(231) - age   9:        520 bytes,    2497808 total
[2020-09-11T11:44:18.017+0000][26480][gc,age       ] GC(231) - age  10:       1744 bytes,    2499552 total
[2020-09-11T11:44:18.017+0000][26480][gc,age       ] GC(231) - age  11:      10128 bytes,    2509680 total
[2020-09-11T11:44:18.017+0000][26480][gc,age       ] GC(231) - age  12:       1040 bytes,    2510720 total
[2020-09-11T11:44:18.017+0000][26480][gc,age       ] GC(231) - age  13:      10072 bytes,    2520792 total
[2020-09-11T11:44:18.017+0000][26480][gc,age       ] GC(231) - age  14:      12064 bytes,    2532856 total
[2020-09-11T11:44:18.017+0000][26480][gc,age       ] GC(231) - age  15:       7832 bytes,    2540688 total
[2020-09-11T11:44:18.017+0000][26480][gc,phases    ] GC(231)   Pre Evacuate Collection Set: 0.4ms
[2020-09-11T11:44:18.017+0000][26480][gc,phases    ] GC(231)   Merge Heap Roots: 0.1ms
[2020-09-11T11:44:18.017+0000][26480][gc,phases    ] GC(231)   Evacuate Collection Set: 1.9ms
[2020-09-11T11:44:18.017+0000][26480][gc,phases    ] GC(231)   Post Evacuate Collection Set: 0.5ms
[2020-09-11T11:44:18.017+0000][26480][gc,phases    ] GC(231)   Other: 0.7ms
[2020-09-11T11:44:18.017+0000][26480][gc,heap      ] GC(231) Eden regions: 31->0(483)
[2020-09-11T11:44:18.017+0000][26480][gc,heap      ] GC(231) Survivor regions: 5->3(60)
[2020-09-11T11:44:18.017+0000][26480][gc,heap      ] GC(231) Old regions: 77->77
[2020-09-11T11:44:18.017+0000][26480][gc,heap      ] GC(231) Archive regions: 0->0
[2020-09-11T11:44:18.017+0000][26480][gc,heap      ] GC(231) Humongous regions: 230->174
[2020-09-11T11:44:18.017+0000][26480][gc,metaspace ] GC(231) Metaspace: 87247K(93336K)->87247K(93336K) NonClass: 76135K(79768K)->76135K(79768K) Class: 11111K(13568K)->11111K(13568K)
[2020-09-11T11:44:18.017+0000][26480][gc           ] GC(231) Pause Young (Concurrent Start) (G1 Humongous Allocation) 342M->253M(1024M) 3.869ms
[2020-09-11T11:44:18.017+0000][26480][gc,cpu       ] GC(231) User=0.00s Sys=0.00s Real=0.00s
[2020-09-11T11:44:18.017+0000][26480][gc           ] GC(232) Concurrent Cycle
[2020-09-11T11:44:18.017+0000][26480][safepoint    ] Safepoint "G1TryInitiateConcMark", Time since last: 8689500 ns, Reaching safepoint: 156300 ns, At safepoint: 4021900 ns, Total: 4178200 ns
[2020-09-11T11:44:18.017+0000][26480][gc,marking   ] GC(232) Concurrent Clear Claimed Marks
[2020-09-11T11:44:18.018+0000][26480][gc,marking   ] GC(232) Concurrent Clear Claimed Marks 0.642ms
[2020-09-11T11:44:18.018+0000][26480][gc,marking   ] GC(232) Concurrent Scan Root Regions
[2020-09-11T11:44:18.020+0000][26480][gc,marking   ] GC(232) Concurrent Scan Root Regions 2.278ms
[2020-09-11T11:44:18.020+0000][26480][gc,marking   ] GC(232) Concurrent Mark (7063.155s)
[2020-09-11T11:44:18.020+0000][26480][gc,marking   ] GC(232) Concurrent Mark From Roots
[2020-09-11T11:44:18.020+0000][26480][gc,task      ] GC(232) Using 2 workers of 2 for marking
[2020-09-11T11:44:18.132+0000][26480][gc,marking   ] GC(232) Concurrent Mark From Roots 111.377ms
[2020-09-11T11:44:18.132+0000][26480][gc,marking   ] GC(232) Concurrent Preclean
[2020-09-11T11:44:18.132+0000][26480][gc,marking   ] GC(232) Concurrent Preclean 0.487ms
[2020-09-11T11:44:18.132+0000][26480][gc,marking   ] GC(232) Concurrent Mark (7063.155s, 7063.267s) 111.980ms
[2020-09-11T11:44:18.133+0000][26480][gc,start     ] GC(232) Pause Remark
[2020-09-11T11:44:18.138+0000][26480][gc           ] GC(232) Pause Remark 305M->305M(1024M) 5.053ms
[2020-09-11T11:44:18.138+0000][26480][gc,cpu       ] GC(232) User=0.13s Sys=0.00s Real=0.01s
[2020-09-11T11:44:18.138+0000][26480][safepoint    ] Safepoint "G1Concurrent", Time since last: 115207700 ns, Reaching safepoint: 186400 ns, At safepoint: 5278300 ns, Total: 5464700 ns
[2020-09-11T11:44:18.138+0000][26480][gc,marking   ] GC(232) Concurrent Rebuild Remembered Sets
[2020-09-11T11:44:18.221+0000][26480][gc,marking   ] GC(232) Concurrent Rebuild Remembered Sets 82.919ms
[2020-09-11T11:44:18.221+0000][26480][gc,start     ] GC(232) Pause Cleanup
[2020-09-11T11:44:18.222+0000][26480][gc           ] GC(232) Pause Cleanup 371M->371M(1024M) 0.323ms
[2020-09-11T11:44:18.222+0000][26480][gc,cpu       ] GC(232) User=0.00s Sys=0.00s Real=0.00s
[2020-09-11T11:44:18.222+0000][26480][safepoint    ] Safepoint "G1Concurrent", Time since last: 83099700 ns, Reaching safepoint: 141100 ns, At safepoint: 568000 ns, Total: 709100 ns
[2020-09-11T11:44:18.222+0000][26480][gc,marking   ] GC(232) Concurrent Cleanup for Next Mark
[2020-09-11T11:44:18.224+0000][26480][gc,marking   ] GC(232) Concurrent Cleanup for Next Mark 1.811ms
[2020-09-11T11:44:18.224+0000][26480][gc           ] GC(232) Concurrent Cycle 206.526ms
[2020-09-11T11:44:18.414+0000][26480][gc,start     ] GC(233) Pause Young (Concurrent Start) (G1 Humongous Allocation)
[2020-09-11T11:44:18.414+0000][26480][gc,task      ] GC(233) Using 8 workers of 8 for evacuation
[2020-09-11T11:44:18.414+0000][26480][gc,age       ] GC(233) Desired survivor size 31981568 bytes, new threshold 15 (max threshold 15)
[2020-09-11T11:44:18.420+0000][26480][gc,age       ] GC(233) Age table with threshold 15 (max threshold 15)
[2020-09-11T11:44:18.420+0000][26480][gc,age       ] GC(233) - age   1:   13331408 bytes,   13331408 total
[2020-09-11T11:44:18.420+0000][26480][gc,age       ] GC(233) - age   2:      40112 bytes,   13371520 total
[2020-09-11T11:44:18.420+0000][26480][gc,age       ] GC(233) - age   3:       2936 bytes,   13374456 total
[2020-09-11T11:44:18.420+0000][26480][gc,age       ] GC(233) - age   4:       1144 bytes,   13375600 total
[2020-09-11T11:44:18.420+0000][26480][gc,age       ] GC(233) - age   5:       2160 bytes,   13377760 total
[2020-09-11T11:44:18.420+0000][26480][gc,age       ] GC(233) - age   6:       1976 bytes,   13379736 total
[2020-09-11T11:44:18.420+0000][26480][gc,age       ] GC(233) - age   7:       1280 bytes,   13381016 total
[2020-09-11T11:44:18.420+0000][26480][gc,age       ] GC(233) - age   8:      44312 bytes,   13425328 total
[2020-09-11T11:44:18.420+0000][26480][gc,age       ] GC(233) - age   9:        936 bytes,   13426264 total
[2020-09-11T11:44:18.420+0000][26480][gc,age       ] GC(233) - age  10:        456 bytes,   13426720 total
[2020-09-11T11:44:18.420+0000][26480][gc,age       ] GC(233) - age  11:       1744 bytes,   13428464 total
[2020-09-11T11:44:18.420+0000][26480][gc,age       ] GC(233) - age  12:      10128 bytes,   13438592 total
[2020-09-11T11:44:18.420+0000][26480][gc,age       ] GC(233) - age  13:       1040 bytes,   13439632 total
[2020-09-11T11:44:18.420+0000][26480][gc,age       ] GC(233) - age  14:      10072 bytes,   13449704 total
[2020-09-11T11:44:18.420+0000][26480][gc,age       ] GC(233) - age  15:      12064 bytes,   13461768 total
[2020-09-11T11:44:18.420+0000][26480][gc,phases    ] GC(233)   Pre Evacuate Collection Set: 0.5ms
[2020-09-11T11:44:18.420+0000][26480][gc,phases    ] GC(233)   Merge Heap Roots: 0.1ms
[2020-09-11T11:44:18.420+0000][26480][gc,phases    ] GC(233)   Evacuate Collection Set: 3.7ms
[2020-09-11T11:44:18.420+0000][26480][gc,phases    ] GC(233)   Post Evacuate Collection Set: 0.9ms
[2020-09-11T11:44:18.421+0000][26480][gc,phases    ] GC(233)   Other: 1.3ms
[2020-09-11T11:44:18.421+0000][26480][gc,heap      ] GC(233) Eden regions: 60->0(469)
[2020-09-11T11:44:18.421+0000][26480][gc,heap      ] GC(233) Survivor regions: 3->14(61)
[2020-09-11T11:44:18.421+0000][26480][gc,heap      ] GC(233) Old regions: 77->77
[2020-09-11T11:44:18.421+0000][26480][gc,heap      ] GC(233) Archive regions: 0->0
[2020-09-11T11:44:18.421+0000][26480][gc,heap      ] GC(233) Humongous regions: 264->174
[2020-09-11T11:44:18.421+0000][26480][gc,metaspace ] GC(233) Metaspace: 87281K(93336K)->87281K(93336K) NonClass: 76169K(79768K)->76169K(79768K) Class: 11111K(13568K)->11111K(13568K)
[2020-09-11T11:44:18.421+0000][26480][gc           ] GC(233) Pause Young (Concurrent Start) (G1 Humongous Allocation) 403M->263M(1024M) 6.866ms
[2020-09-11T11:44:18.421+0000][26480][gc,cpu       ] GC(233) User=0.09s Sys=0.02s Real=0.01s
[2020-09-11T11:44:18.421+0000][26480][gc           ] GC(234) Concurrent Cycle
[2020-09-11T11:44:18.421+0000][26480][safepoint    ] Safepoint "G1TryInitiateConcMark", Time since last: 192027600 ns, Reaching safepoint: 181700 ns, At safepoint: 7070000 ns, Total: 7251700 ns
[2020-09-11T11:44:18.421+0000][26480][gc,marking   ] GC(234) Concurrent Clear Claimed Marks
[2020-09-11T11:44:18.422+0000][26480][gc,marking   ] GC(234) Concurrent Clear Claimed Marks 1.009ms
[2020-09-11T11:44:18.422+0000][26480][gc,marking   ] GC(234) Concurrent Scan Root Regions
[2020-09-11T11:44:18.426+0000][26480][gc,marking   ] GC(234) Concurrent Scan Root Regions 3.374ms
[2020-09-11T11:44:18.426+0000][26480][gc,marking   ] GC(234) Concurrent Mark (7063.560s)
[2020-09-11T11:44:18.426+0000][26480][gc,marking   ] GC(234) Concurrent Mark From Roots
[2020-09-11T11:44:18.426+0000][26480][gc,task      ] GC(234) Using 2 workers of 2 for marking
[2020-09-11T11:44:18.587+0000][26480][gc,marking   ] GC(234) Concurrent Mark From Roots 161.521ms
[2020-09-11T11:44:18.587+0000][26480][gc,marking   ] GC(234) Concurrent Preclean
[2020-09-11T11:44:18.588+0000][26480][gc,marking   ] GC(234) Concurrent Preclean 0.803ms
[2020-09-11T11:44:18.588+0000][26480][gc,marking   ] GC(234) Concurrent Mark (7063.560s, 7063.723s) 162.546ms
[2020-09-11T11:44:18.589+0000][26480][gc,start     ] GC(234) Pause Remark
[2020-09-11T11:44:18.595+0000][26480][gc           ] GC(234) Pause Remark 507M->507M(1024M) 6.409ms
[2020-09-11T11:44:18.595+0000][26480][gc,cpu       ] GC(234) User=0.00s Sys=0.00s Real=0.01s
[2020-09-11T11:44:18.595+0000][26480][safepoint    ] Safepoint "G1Concurrent", Time since last: 167318500 ns, Reaching safepoint: 191600 ns, At safepoint: 6687100 ns, Total: 6878700 ns
[2020-09-11T11:44:18.595+0000][26480][gc,marking   ] GC(234) Concurrent Rebuild Remembered Sets
[2020-09-11T11:44:18.691+0000][26480][gc,marking   ] GC(234) Concurrent Rebuild Remembered Sets 95.989ms
[2020-09-11T11:44:18.692+0000][26480][gc,start     ] GC(234) Pause Cleanup
[2020-09-11T11:44:18.692+0000][26480][gc           ] GC(234) Pause Cleanup 580M->580M(1024M) 0.330ms
[2020-09-11T11:44:18.692+0000][26480][gc,cpu       ] GC(234) User=0.00s Sys=0.00s Real=0.00s
[2020-09-11T11:44:18.692+0000][26480][safepoint    ] Safepoint "G1Concurrent", Time since last: 96170400 ns, Reaching safepoint: 162700 ns, At safepoint: 519000 ns, Total: 681700 ns
[2020-09-11T11:44:18.692+0000][26480][gc,marking   ] GC(234) Concurrent Cleanup for Next Mark
[2020-09-11T11:44:18.694+0000][26480][gc,marking   ] GC(234) Concurrent Cleanup for Next Mark 1.709ms
[2020-09-11T11:44:18.694+0000][26480][gc           ] GC(234) Concurrent Cycle 273.021ms
[2020-09-11T11:44:18.905+0000][26480][gc,start     ] GC(235) Pause Young (Concurrent Start) (G1 Humongous Allocation)
[2020-09-11T11:44:18.906+0000][26480][gc,task      ] GC(235) Using 8 workers of 8 for evacuation
[2020-09-11T11:44:18.906+0000][26480][gc,age       ] GC(235) Desired survivor size 31981568 bytes, new threshold 15 (max threshold 15)
[2020-09-11T11:44:18.911+0000][26480][gc,age       ] GC(235) Age table with threshold 15 (max threshold 15)
[2020-09-11T11:44:18.911+0000][26480][gc,age       ] GC(235) - age   1:   13653256 bytes,   13653256 total
[2020-09-11T11:44:18.911+0000][26480][gc,age       ] GC(235) - age   2:      13176 bytes,   13666432 total
[2020-09-11T11:44:18.911+0000][26480][gc,age       ] GC(235) - age   3:      30344 bytes,   13696776 total
[2020-09-11T11:44:18.911+0000][26480][gc,age       ] GC(235) - age   4:       2432 bytes,   13699208 total
[2020-09-11T11:44:18.911+0000][26480][gc,age       ] GC(235) - age   5:       1080 bytes,   13700288 total
[2020-09-11T11:44:18.912+0000][26480][gc,age       ] GC(235) - age   6:       1744 bytes,   13702032 total
[2020-09-11T11:44:18.912+0000][26480][gc,age       ] GC(235) - age   7:       1920 bytes,   13703952 total
[2020-09-11T11:44:18.912+0000][26480][gc,age       ] GC(235) - age   8:       1280 bytes,   13705232 total
[2020-09-11T11:44:18.912+0000][26480][gc,age       ] GC(235) - age   9:      44312 bytes,   13749544 total
[2020-09-11T11:44:18.912+0000][26480][gc,age       ] GC(235) - age  10:        936 bytes,   13750480 total
[2020-09-11T11:44:18.912+0000][26480][gc,age       ] GC(235) - age  11:        456 bytes,   13750936 total
[2020-09-11T11:44:18.912+0000][26480][gc,age       ] GC(235) - age  12:       1720 bytes,   13752656 total
[2020-09-11T11:44:18.912+0000][26480][gc,age       ] GC(235) - age  13:      10128 bytes,   13762784 total
[2020-09-11T11:44:18.912+0000][26480][gc,age       ] GC(235) - age  14:       1040 bytes,   13763824 total
[2020-09-11T11:44:18.912+0000][26480][gc,age       ] GC(235) - age  15:      10072 bytes,   13773896 total
[2020-09-11T11:44:18.912+0000][26480][gc,phases    ] GC(235)   Pre Evacuate Collection Set: 0.5ms
[2020-09-11T11:44:18.912+0000][26480][gc,phases    ] GC(235)   Merge Heap Roots: 0.1ms
[2020-09-11T11:44:18.912+0000][26480][gc,phases    ] GC(235)   Evacuate Collection Set: 3.7ms
[2020-09-11T11:44:18.912+0000][26480][gc,phases    ] GC(235)   Post Evacuate Collection Set: 1.1ms
[2020-09-11T11:44:18.912+0000][26480][gc,phases    ] GC(235)   Other: 1.0ms
[2020-09-11T11:44:18.912+0000][26480][gc,heap      ] GC(235) Eden regions: 99->0(467)
[2020-09-11T11:44:18.912+0000][26480][gc,heap      ] GC(235) Survivor regions: 14->14(61)
[2020-09-11T11:44:18.912+0000][26480][gc,heap      ] GC(235) Old regions: 77->77
[2020-09-11T11:44:18.912+0000][26480][gc,heap      ] GC(235) Archive regions: 0->0
[2020-09-11T11:44:18.912+0000][26480][gc,heap      ] GC(235) Humongous regions: 430->174
[2020-09-11T11:44:18.912+0000][26480][gc,metaspace ] GC(235) Metaspace: 87294K(93336K)->87294K(93336K) NonClass: 76182K(79768K)->76182K(79768K) Class: 11111K(13568K)->11111K(13568K)
[2020-09-11T11:44:18.912+0000][26480][gc           ] GC(235) Pause Young (Concurrent Start) (G1 Humongous Allocation) 618M->264M(1024M) 6.723ms
[2020-09-11T11:44:18.912+0000][26480][gc,cpu       ] GC(235) User=0.00s Sys=0.00s Real=0.01s
[2020-09-11T11:44:18.912+0000][26480][gc           ] GC(236) Concurrent Cycle
[2020-09-11T11:44:18.912+0000][26480][safepoint    ] Safepoint "G1TryInitiateConcMark", Time since last: 213196000 ns, Reaching safepoint: 142000 ns, At safepoint: 6982100 ns, Total: 7124100 ns
[2020-09-11T11:44:18.912+0000][26480][gc,marking   ] GC(236) Concurrent Clear Claimed Marks
[2020-09-11T11:44:18.913+0000][26480][gc,marking   ] GC(236) Concurrent Clear Claimed Marks 0.782ms
[2020-09-11T11:44:18.913+0000][26480][gc,marking   ] GC(236) Concurrent Scan Root Regions
[2020-09-11T11:44:18.916+0000][26480][gc,marking   ] GC(236) Concurrent Scan Root Regions 3.157ms
[2020-09-11T11:44:18.917+0000][26480][gc,marking   ] GC(236) Concurrent Mark (7064.051s)
[2020-09-11T11:44:18.917+0000][26480][gc,marking   ] GC(236) Concurrent Mark From Roots
[2020-09-11T11:44:18.917+0000][26480][gc,task      ] GC(236) Using 2 workers of 2 for marking
[2020-09-11T11:44:19.071+0000][26480][gc,marking   ] GC(236) Concurrent Mark From Roots 154.615ms
[2020-09-11T11:44:19.071+0000][26480][gc,marking   ] GC(236) Concurrent Preclean
[2020-09-11T11:44:19.072+0000][26480][gc,marking   ] GC(236) Concurrent Preclean 0.754ms
[2020-09-11T11:44:19.072+0000][26480][gc,marking   ] GC(236) Concurrent Mark (7064.051s, 7064.207s) 155.548ms
[2020-09-11T11:44:19.072+0000][26480][gc,start     ] GC(236) Pause Remark
[2020-09-11T11:44:19.079+0000][26480][gc           ] GC(236) Pause Remark 509M->509M(1024M) 6.187ms
[2020-09-11T11:44:19.079+0000][26480][gc,cpu       ] GC(236) User=0.02s Sys=0.02s Real=0.01s
[2020-09-11T11:44:19.079+0000][26480][safepoint    ] Safepoint "G1Concurrent", Time since last: 159870900 ns, Reaching safepoint: 200100 ns, At safepoint: 6396600 ns, Total: 6596700 ns
[2020-09-11T11:44:19.079+0000][26480][gc,marking   ] GC(236) Concurrent Rebuild Remembered Sets
[2020-09-11T11:44:19.170+0000][26480][gc,marking   ] GC(236) Concurrent Rebuild Remembered Sets 91.341ms
[2020-09-11T11:44:19.171+0000][26480][gc,start     ] GC(236) Pause Cleanup
[2020-09-11T11:44:19.171+0000][26480][gc           ] GC(236) Pause Cleanup 518M->518M(1024M) 0.366ms
[2020-09-11T11:44:19.171+0000][26480][gc,cpu       ] GC(236) User=0.00s Sys=0.00s Real=0.00s
[2020-09-11T11:44:19.171+0000][26480][safepoint    ] Safepoint "G1Concurrent", Time since last: 91541400 ns, Reaching safepoint: 196800 ns, At safepoint: 550400 ns, Total: 747200 ns
[2020-09-11T11:44:19.171+0000][26480][gc,marking   ] GC(236) Concurrent Cleanup for Next Mark
[2020-09-11T11:44:19.173+0000][26480][gc,marking   ] GC(236) Concurrent Cleanup for Next Mark 1.753ms
[2020-09-11T11:44:19.173+0000][26480][gc           ] GC(236) Concurrent Cycle 260.750ms
[2020-09-11T11:44:19.208+0000][26480][gc,start     ] GC(237) Pause Young (Concurrent Start) (G1 Humongous Allocation)
[2020-09-11T11:44:19.208+0000][26480][gc,task      ] GC(237) Using 8 workers of 8 for evacuation
[2020-09-11T11:44:19.208+0000][26480][gc,age       ] GC(237) Desired survivor size 31981568 bytes, new threshold 15 (max threshold 15)
[2020-09-11T11:44:19.212+0000][26480][gc,age       ] GC(237) Age table with threshold 15 (max threshold 15)
[2020-09-11T11:44:19.212+0000][26480][gc,age       ] GC(237) - age   1:     660992 bytes,     660992 total
[2020-09-11T11:44:19.212+0000][26480][gc,age       ] GC(237) - age   2:    2692576 bytes,    3353568 total
[2020-09-11T11:44:19.212+0000][26480][gc,age       ] GC(237) - age   3:      13048 bytes,    3366616 total
[2020-09-11T11:44:19.212+0000][26480][gc,age       ] GC(237) - age   4:      29328 bytes,    3395944 total
[2020-09-11T11:44:19.212+0000][26480][gc,age       ] GC(237) - age   5:       2432 bytes,    3398376 total
[2020-09-11T11:44:19.212+0000][26480][gc,age       ] GC(237) - age   6:       1048 bytes,    3399424 total
[2020-09-11T11:44:19.212+0000][26480][gc,age       ] GC(237) - age   7:       1744 bytes,    3401168 total
[2020-09-11T11:44:19.212+0000][26480][gc,age       ] GC(237) - age   8:       1920 bytes,    3403088 total
[2020-09-11T11:44:19.212+0000][26480][gc,age       ] GC(237) - age   9:       1280 bytes,    3404368 total
[2020-09-11T11:44:19.212+0000][26480][gc,age       ] GC(237) - age  10:      44312 bytes,    3448680 total
[2020-09-11T11:44:19.212+0000][26480][gc,age       ] GC(237) - age  11:        936 bytes,    3449616 total
[2020-09-11T11:44:19.212+0000][26480][gc,age       ] GC(237) - age  12:        456 bytes,    3450072 total
[2020-09-11T11:44:19.212+0000][26480][gc,age       ] GC(237) - age  13:       1720 bytes,    3451792 total
[2020-09-11T11:44:19.212+0000][26480][gc,age       ] GC(237) - age  14:      10128 bytes,    3461920 total
[2020-09-11T11:44:19.212+0000][26480][gc,age       ] GC(237) - age  15:       1040 bytes,    3462960 total
[2020-09-11T11:44:19.212+0000][26480][gc,phases    ] GC(237)   Pre Evacuate Collection Set: 0.4ms
[2020-09-11T11:44:19.212+0000][26480][gc,phases    ] GC(237)   Merge Heap Roots: 0.1ms
[2020-09-11T11:44:19.212+0000][26480][gc,phases    ] GC(237)   Evacuate Collection Set: 2.2ms
[2020-09-11T11:44:19.212+0000][26480][gc,phases    ] GC(237)   Post Evacuate Collection Set: 0.8ms
[2020-09-11T11:44:19.212+0000][26480][gc,phases    ] GC(237)   Other: 1.2ms
[2020-09-11T11:44:19.212+0000][26480][gc,heap      ] GC(237) Eden regions: 55->0(483)
[2020-09-11T11:44:19.212+0000][26480][gc,heap      ] GC(237) Survivor regions: 14->5(61)
[2020-09-11T11:44:19.213+0000][26480][gc,heap      ] GC(237) Old regions: 77->77
[2020-09-11T11:44:19.213+0000][26480][gc,heap      ] GC(237) Archive regions: 0->0
[2020-09-11T11:44:19.213+0000][26480][gc,heap      ] GC(237) Humongous regions: 378->174
[2020-09-11T11:44:19.213+0000][26480][gc,metaspace ] GC(237) Metaspace: 87294K(93336K)->87294K(93336K) NonClass: 76182K(79768K)->76182K(79768K) Class: 11111K(13568K)->11111K(13568K)
[2020-09-11T11:44:19.213+0000][26480][gc           ] GC(237) Pause Young (Concurrent Start) (G1 Humongous Allocation) 523M->255M(1024M) 5.083ms
[2020-09-11T11:44:19.213+0000][26480][gc,cpu       ] GC(237) User=0.02s Sys=0.02s Real=0.01s
[2020-09-11T11:44:19.213+0000][26480][safepoint    ] Safepoint "G1TryInitiateConcMark", Time since last: 36228200 ns, Reaching safepoint: 169500 ns, At safepoint: 5310000 ns, Total: 5479500 ns
[2020-09-11T11:44:19.213+0000][26480][gc           ] GC(238) Concurrent Cycle
[2020-09-11T11:44:19.213+0000][26480][gc,marking   ] GC(238) Concurrent Clear Claimed Marks
[2020-09-11T11:44:19.213+0000][26480][gc,marking   ] GC(238) Concurrent Clear Claimed Marks 0.453ms
[2020-09-11T11:44:19.213+0000][26480][gc,marking   ] GC(238) Concurrent Scan Root Regions
[2020-09-11T11:44:19.217+0000][26480][gc,marking   ] GC(238) Concurrent Scan Root Regions 3.197ms
[2020-09-11T11:44:19.217+0000][26480][gc,marking   ] GC(238) Concurrent Mark (7064.351s)
[2020-09-11T11:44:19.217+0000][26480][gc,marking   ] GC(238) Concurrent Mark From Roots
[2020-09-11T11:44:19.217+0000][26480][gc,task      ] GC(238) Using 2 workers of 2 for marking
[2020-09-11T11:44:19.360+0000][26480][gc,marking   ] GC(238) Concurrent Mark From Roots 143.368ms
[2020-09-11T11:44:19.360+0000][26480][gc,marking   ] GC(238) Concurrent Preclean
[2020-09-11T11:44:19.361+0000][26480][gc,marking   ] GC(238) Concurrent Preclean 0.528ms
[2020-09-11T11:44:19.361+0000][26480][gc,marking   ] GC(238) Concurrent Mark (7064.351s, 7064.496s) 144.053ms
[2020-09-11T11:44:19.361+0000][26480][gc,start     ] GC(238) Pause Remark
[2020-09-11T11:44:19.367+0000][26480][gc           ] GC(238) Pause Remark 317M->317M(1024M) 6.292ms
[2020-09-11T11:44:19.368+0000][26480][gc,cpu       ] GC(238) User=0.00s Sys=0.00s Real=0.01s
[2020-09-11T11:44:19.368+0000][26480][safepoint    ] Safepoint "G1Concurrent", Time since last: 148194500 ns, Reaching safepoint: 131600 ns, At safepoint: 6506300 ns, Total: 6637900 ns
[2020-09-11T11:44:19.368+0000][26480][gc,marking   ] GC(238) Concurrent Rebuild Remembered Sets
[2020-09-11T11:44:19.449+0000][26480][gc,marking   ] GC(238) Concurrent Rebuild Remembered Sets 81.104ms
[2020-09-11T11:44:19.449+0000][26480][gc,start     ] GC(238) Pause Cleanup
[2020-09-11T11:44:19.449+0000][26480][gc           ] GC(238) Pause Cleanup 325M->325M(1024M) 0.320ms
[2020-09-11T11:44:19.450+0000][26480][gc,cpu       ] GC(238) User=0.00s Sys=0.00s Real=0.00s
[2020-09-11T11:44:19.450+0000][26480][safepoint    ] Safepoint "G1Concurrent", Time since last: 81288700 ns, Reaching safepoint: 146000 ns, At safepoint: 523700 ns, Total: 669700 ns
[2020-09-11T11:44:19.450+0000][26480][gc,marking   ] GC(238) Concurrent Cleanup for Next Mark
[2020-09-11T11:44:19.452+0000][26480][gc,marking   ] GC(238) Concurrent Cleanup for Next Mark 2.020ms
[2020-09-11T11:44:19.452+0000][26480][gc           ] GC(238) Concurrent Cycle 239.033ms
[2020-09-11T11:44:19.483+0000][26480][gc,start     ] GC(239) Pause Young (Concurrent Start) (G1 Humongous Allocation)
[2020-09-11T11:44:19.483+0000][26480][gc,task      ] GC(239) Using 8 workers of 8 for evacuation
[2020-09-11T11:44:19.483+0000][26480][gc,age       ] GC(239) Desired survivor size 31981568 bytes, new threshold 15 (max threshold 15)
[2020-09-11T11:44:19.488+0000][26480][gc,age       ] GC(239) Age table with threshold 15 (max threshold 15)
[2020-09-11T11:44:19.488+0000][26480][gc,age       ] GC(239) - age   1:   10448160 bytes,   10448160 total
[2020-09-11T11:44:19.488+0000][26480][gc,age       ] GC(239) - age   2:       2320 bytes,   10450480 total
[2020-09-11T11:44:19.488+0000][26480][gc,age       ] GC(239) - age   3:       6512 bytes,   10456992 total
[2020-09-11T11:44:19.488+0000][26480][gc,age       ] GC(239) - age   4:      12232 bytes,   10469224 total
[2020-09-11T11:44:19.488+0000][26480][gc,age       ] GC(239) - age   5:      29328 bytes,   10498552 total
[2020-09-11T11:44:19.488+0000][26480][gc,age       ] GC(239) - age   6:       2432 bytes,   10500984 total
[2020-09-11T11:44:19.488+0000][26480][gc,age       ] GC(239) - age   7:       1048 bytes,   10502032 total
[2020-09-11T11:44:19.488+0000][26480][gc,age       ] GC(239) - age   8:       1648 bytes,   10503680 total
[2020-09-11T11:44:19.488+0000][26480][gc,age       ] GC(239) - age   9:       1856 bytes,   10505536 total
[2020-09-11T11:44:19.488+0000][26480][gc,age       ] GC(239) - age  10:       1280 bytes,   10506816 total
[2020-09-11T11:44:19.488+0000][26480][gc,age       ] GC(239) - age  11:      44312 bytes,   10551128 total
[2020-09-11T11:44:19.488+0000][26480][gc,age       ] GC(239) - age  12:        936 bytes,   10552064 total
[2020-09-11T11:44:19.488+0000][26480][gc,age       ] GC(239) - age  13:        392 bytes,   10552456 total
[2020-09-11T11:44:19.488+0000][26480][gc,age       ] GC(239) - age  14:       1720 bytes,   10554176 total
[2020-09-11T11:44:19.488+0000][26480][gc,age       ] GC(239) - age  15:      10128 bytes,   10564304 total
[2020-09-11T11:44:19.489+0000][26480][gc,phases    ] GC(239)   Pre Evacuate Collection Set: 0.4ms
[2020-09-11T11:44:19.489+0000][26480][gc,phases    ] GC(239)   Merge Heap Roots: 0.1ms
[2020-09-11T11:44:19.489+0000][26480][gc,phases    ] GC(239)   Evacuate Collection Set: 3.0ms
[2020-09-11T11:44:19.489+0000][26480][gc,phases    ] GC(239)   Post Evacuate Collection Set: 0.9ms
[2020-09-11T11:44:19.489+0000][26480][gc,phases    ] GC(239)   Other: 0.9ms
[2020-09-11T11:44:19.489+0000][26480][gc,heap      ] GC(239) Eden regions: 43->0(477)
[2020-09-11T11:44:19.489+0000][26480][gc,heap      ] GC(239) Survivor regions: 5->11(61)
[2020-09-11T11:44:19.489+0000][26480][gc,heap      ] GC(239) Old regions: 77->77
[2020-09-11T11:44:19.489+0000][26480][gc,heap      ] GC(239) Archive regions: 0->0
[2020-09-11T11:44:19.489+0000][26480][gc,heap      ] GC(239) Humongous regions: 230->174
[2020-09-11T11:44:19.489+0000][26480][gc,metaspace ] GC(239) Metaspace: 87297K(93336K)->87297K(93336K) NonClass: 76185K(79768K)->76185K(79768K) Class: 11111K(13568K)->11111K(13568K)
[2020-09-11T11:44:19.489+0000][26480][gc           ] GC(239) Pause Young (Concurrent Start) (G1 Humongous Allocation) 353M->261M(1024M) 5.487ms
[2020-09-11T11:44:19.489+0000][26480][gc,cpu       ] GC(239) User=0.00s Sys=0.00s Real=0.01s
[2020-09-11T11:44:19.489+0000][26480][gc           ] GC(240) Concurrent Cycle
[2020-09-11T11:44:19.489+0000][26480][gc,marking   ] GC(240) Concurrent Clear Claimed Marks
[2020-09-11T11:44:19.489+0000][26480][safepoint    ] Safepoint "G1TryInitiateConcMark", Time since last: 33425200 ns, Reaching safepoint: 207700 ns, At safepoint: 5776400 ns, Total: 5984100 ns
[2020-09-11T11:44:19.489+0000][26480][gc,marking   ] GC(240) Concurrent Clear Claimed Marks 0.445ms
[2020-09-11T11:44:19.490+0000][26480][gc,marking   ] GC(240) Concurrent Scan Root Regions
[2020-09-11T11:44:19.493+0000][26480][gc,marking   ] GC(240) Concurrent Scan Root Regions 3.173ms
[2020-09-11T11:44:19.493+0000][26480][gc,marking   ] GC(240) Concurrent Mark (7064.628s)
[2020-09-11T11:44:19.493+0000][26480][gc,marking   ] GC(240) Concurrent Mark From Roots
[2020-09-11T11:44:19.493+0000][26480][gc,task      ] GC(240) Using 2 workers of 2 for marking
[2020-09-11T11:44:19.656+0000][26480][gc,marking   ] GC(240) Concurrent Mark From Roots 162.721ms
[2020-09-11T11:44:19.656+0000][26480][gc,marking   ] GC(240) Concurrent Preclean
[2020-09-11T11:44:19.657+0000][26480][gc,marking   ] GC(240) Concurrent Preclean 0.898ms
[2020-09-11T11:44:19.657+0000][26480][gc,marking   ] GC(240) Concurrent Mark (7064.628s, 7064.791s) 163.833ms
[2020-09-11T11:44:19.657+0000][26480][gc,start     ] GC(240) Pause Remark
[2020-09-11T11:44:19.663+0000][26480][gc           ] GC(240) Pause Remark 501M->501M(1024M) 6.273ms
[2020-09-11T11:44:19.664+0000][26480][gc,cpu       ] GC(240) User=0.00s Sys=0.00s Real=0.01s
[2020-09-11T11:44:19.664+0000][26480][safepoint    ] Safepoint "G1Concurrent", Time since last: 167864300 ns, Reaching safepoint: 238900 ns, At safepoint: 6547600 ns, Total: 6786500 ns
[2020-09-11T11:44:19.664+0000][26480][gc,marking   ] GC(240) Concurrent Rebuild Remembered Sets
[2020-09-11T11:44:19.760+0000][26480][gc,marking   ] GC(240) Concurrent Rebuild Remembered Sets 96.593ms
[2020-09-11T11:44:19.761+0000][26480][gc,start     ] GC(240) Pause Cleanup
[2020-09-11T11:44:19.761+0000][26480][gc           ] GC(240) Pause Cleanup 509M->509M(1024M) 0.373ms
[2020-09-11T11:44:19.761+0000][26480][gc,cpu       ] GC(240) User=0.00s Sys=0.00s Real=0.00s
[2020-09-11T11:44:19.761+0000][26480][safepoint    ] Safepoint "G1Concurrent", Time since last: 96847500 ns, Reaching safepoint: 154300 ns, At safepoint: 588700 ns, Total: 743000 ns
[2020-09-11T11:44:19.761+0000][26480][gc,marking   ] GC(240) Concurrent Cleanup for Next Mark
[2020-09-11T11:44:19.763+0000][26480][gc,marking   ] GC(240) Concurrent Cleanup for Next Mark 1.831ms
[2020-09-11T11:44:19.763+0000][26480][gc           ] GC(240) Concurrent Cycle 274.397ms
[2020-09-11T11:44:19.835+0000][26480][gc,start     ] GC(241) Pause Young (Concurrent Start) (G1 Humongous Allocation)
[2020-09-11T11:44:19.835+0000][26480][gc,task      ] GC(241) Using 8 workers of 8 for evacuation
[2020-09-11T11:44:19.835+0000][26480][gc,age       ] GC(241) Desired survivor size 31981568 bytes, new threshold 15 (max threshold 15)
[2020-09-11T11:44:19.839+0000][26480][gc,age       ] GC(241) Age table with threshold 15 (max threshold 15)
[2020-09-11T11:44:19.839+0000][26480][gc,age       ] GC(241) - age   1:    3700184 bytes,    3700184 total
[2020-09-11T11:44:19.839+0000][26480][gc,age       ] GC(241) - age   2:       7096 bytes,    3707280 total
[2020-09-11T11:44:19.839+0000][26480][gc,age       ] GC(241) - age   3:       1936 bytes,    3709216 total
[2020-09-11T11:44:19.839+0000][26480][gc,age       ] GC(241) - age   4:       5912 bytes,    3715128 total
[2020-09-11T11:44:19.839+0000][26480][gc,age       ] GC(241) - age   5:      11784 bytes,    3726912 total
[2020-09-11T11:44:19.839+0000][26480][gc,age       ] GC(241) - age   6:      29328 bytes,    3756240 total
[2020-09-11T11:44:19.839+0000][26480][gc,age       ] GC(241) - age   7:       2400 bytes,    3758640 total
[2020-09-11T11:44:19.839+0000][26480][gc,age       ] GC(241) - age   8:       1048 bytes,    3759688 total
[2020-09-11T11:44:19.839+0000][26480][gc,age       ] GC(241) - age   9:       1456 bytes,    3761144 total
[2020-09-11T11:44:19.839+0000][26480][gc,age       ] GC(241) - age  10:       1856 bytes,    3763000 total
[2020-09-11T11:44:19.839+0000][26480][gc,age       ] GC(241) - age  11:       1280 bytes,    3764280 total
[2020-09-11T11:44:19.840+0000][26480][gc,age       ] GC(241) - age  12:      44280 bytes,    3808560 total
[2020-09-11T11:44:19.840+0000][26480][gc,age       ] GC(241) - age  13:        936 bytes,    3809496 total
[2020-09-11T11:44:19.840+0000][26480][gc,age       ] GC(241) - age  14:        392 bytes,    3809888 total
[2020-09-11T11:44:19.840+0000][26480][gc,age       ] GC(241) - age  15:       1720 bytes,    3811608 total
[2020-09-11T11:44:19.840+0000][26480][gc,phases    ] GC(241)   Pre Evacuate Collection Set: 0.4ms
[2020-09-11T11:44:19.840+0000][26480][gc,phases    ] GC(241)   Merge Heap Roots: 0.1ms
[2020-09-11T11:44:19.840+0000][26480][gc,phases    ] GC(241)   Evacuate Collection Set: 2.3ms
[2020-09-11T11:44:19.840+0000][26480][gc,phases    ] GC(241)   Post Evacuate Collection Set: 1.0ms
[2020-09-11T11:44:19.840+0000][26480][gc,phases    ] GC(241)   Other: 1.1ms
[2020-09-11T11:44:19.840+0000][26480][gc,heap      ] GC(241) Eden regions: 64->0(487)
[2020-09-11T11:44:19.840+0000][26480][gc,heap      ] GC(241) Survivor regions: 11->5(61)
[2020-09-11T11:44:19.840+0000][26480][gc,heap      ] GC(241) Old regions: 77->77
[2020-09-11T11:44:19.840+0000][26480][gc,heap      ] GC(241) Archive regions: 0->0
[2020-09-11T11:44:19.840+0000][26480][gc,heap      ] GC(241) Humongous regions: 374->174
[2020-09-11T11:44:19.840+0000][26480][gc,metaspace ] GC(241) Metaspace: 87306K(93336K)->87306K(93336K) NonClass: 76194K(79768K)->76194K(79768K) Class: 11111K(13568K)->11111K(13568K)
[2020-09-11T11:44:19.840+0000][26480][gc           ] GC(241) Pause Young (Concurrent Start) (G1 Humongous Allocation) 525M->255M(1024M) 5.382ms
[2020-09-11T11:44:19.840+0000][26480][gc,cpu       ] GC(241) User=0.11s Sys=0.00s Real=0.00s
[2020-09-11T11:44:19.840+0000][26480][gc           ] GC(242) Concurrent Cycle
[2020-09-11T11:44:19.840+0000][26480][safepoint    ] Safepoint "G1TryInitiateConcMark", Time since last: 73412800 ns, Reaching safepoint: 129600 ns, At safepoint: 5626100 ns, Total: 5755700 ns
[2020-09-11T11:44:19.841+0000][26480][gc,marking   ] GC(242) Concurrent Clear Claimed Marks
[2020-09-11T11:44:19.841+0000][26480][gc,marking   ] GC(242) Concurrent Clear Claimed Marks 0.564ms
[2020-09-11T11:44:19.841+0000][26480][gc,marking   ] GC(242) Concurrent Scan Root Regions
[2020-09-11T11:44:19.843+0000][26480][gc,marking   ] GC(242) Concurrent Scan Root Regions 2.081ms
[2020-09-11T11:44:19.843+0000][26480][gc,marking   ] GC(242) Concurrent Mark (7064.978s)
[2020-09-11T11:44:19.843+0000][26480][gc,marking   ] GC(242) Concurrent Mark From Roots
[2020-09-11T11:44:19.843+0000][26480][gc,task      ] GC(242) Using 2 workers of 2 for marking
[2020-09-11T11:44:19.969+0000][26480][gc,marking   ] GC(242) Concurrent Mark From Roots 125.271ms
[2020-09-11T11:44:19.969+0000][26480][gc,marking   ] GC(242) Concurrent Preclean
[2020-09-11T11:44:19.969+0000][26480][gc,marking   ] GC(242) Concurrent Preclean 0.582ms
[2020-09-11T11:44:19.969+0000][26480][gc,marking   ] GC(242) Concurrent Mark (7064.978s, 7065.104s) 126.034ms
[2020-09-11T11:44:19.970+0000][26480][gc,start     ] GC(242) Pause Remark
[2020-09-11T11:44:19.975+0000][26480][gc           ] GC(242) Pause Remark 318M->318M(1024M) 5.659ms
[2020-09-11T11:44:19.975+0000][26480][gc,cpu       ] GC(242) User=0.00s Sys=0.00s Real=0.00s
[2020-09-11T11:44:19.976+0000][26480][safepoint    ] Safepoint "G1Concurrent", Time since last: 129000200 ns, Reaching safepoint: 145600 ns, At safepoint: 5933100 ns, Total: 6078700 ns
[2020-09-11T11:44:19.976+0000][26480][gc,marking   ] GC(242) Concurrent Rebuild Remembered Sets
[2020-09-11T11:44:20.057+0000][26480][gc,marking   ] GC(242) Concurrent Rebuild Remembered Sets 81.291ms
[2020-09-11T11:44:20.057+0000][26480][gc,start     ] GC(242) Pause Cleanup
[2020-09-11T11:44:20.058+0000][26480][gc           ] GC(242) Pause Cleanup 389M->389M(1024M) 0.311ms
[2020-09-11T11:44:20.058+0000][26480][gc,cpu       ] GC(242) User=0.00s Sys=0.00s Real=0.00s
[2020-09-11T11:44:20.058+0000][26480][safepoint    ] Safepoint "G1Concurrent", Time since last: 81507700 ns, Reaching safepoint: 147400 ns, At safepoint: 456900 ns, Total: 604300 ns
[2020-09-11T11:44:20.058+0000][26480][gc,marking   ] GC(242) Concurrent Cleanup for Next Mark
[2020-09-11T11:44:20.059+0000][26480][gc,marking   ] GC(242) Concurrent Cleanup for Next Mark 1.511ms
[2020-09-11T11:44:20.059+0000][26480][gc           ] GC(242) Concurrent Cycle 219.035ms
[2020-09-11T11:44:20.164+0000][26480][safepoint    ] Safepoint "BulkRevokeBias", Time since last: 104643500 ns, Reaching safepoint: 164500 ns, At safepoint: 1100700 ns, Total: 1265200 ns
[2020-09-11T11:44:20.185+0000][26480][gc,start     ] GC(243) Pause Young (Concurrent Start) (G1 Humongous Allocation)
[2020-09-11T11:44:20.185+0000][26480][gc,task      ] GC(243) Using 8 workers of 8 for evacuation
[2020-09-11T11:44:20.185+0000][26480][gc,age       ] GC(243) Desired survivor size 32505856 bytes, new threshold 15 (max threshold 15)
[2020-09-11T11:44:20.189+0000][26480][gc,age       ] GC(243) Age table with threshold 15 (max threshold 15)
[2020-09-11T11:44:20.189+0000][26480][gc,age       ] GC(243) - age   1:    3398152 bytes,    3398152 total
[2020-09-11T11:44:20.189+0000][26480][gc,age       ] GC(243) - age   2:     600592 bytes,    3998744 total
[2020-09-11T11:44:20.189+0000][26480][gc,age       ] GC(243) - age   3:       4456 bytes,    4003200 total
[2020-09-11T11:44:20.189+0000][26480][gc,age       ] GC(243) - age   4:        864 bytes,    4004064 total
[2020-09-11T11:44:20.189+0000][26480][gc,age       ] GC(243) - age   5:       5752 bytes,    4009816 total
[2020-09-11T11:44:20.189+0000][26480][gc,age       ] GC(243) - age   6:      11784 bytes,    4021600 total
[2020-09-11T11:44:20.189+0000][26480][gc,age       ] GC(243) - age   7:      29328 bytes,    4050928 total
[2020-09-11T11:44:20.189+0000][26480][gc,age       ] GC(243) - age   8:       2304 bytes,    4053232 total
[2020-09-11T11:44:20.189+0000][26480][gc,age       ] GC(243) - age   9:        792 bytes,    4054024 total
[2020-09-11T11:44:20.189+0000][26480][gc,age       ] GC(243) - age  10:       1392 bytes,    4055416 total
[2020-09-11T11:44:20.189+0000][26480][gc,age       ] GC(243) - age  11:       1856 bytes,    4057272 total
[2020-09-11T11:44:20.189+0000][26480][gc,age       ] GC(243) - age  12:       1248 bytes,    4058520 total
[2020-09-11T11:44:20.189+0000][26480][gc,age       ] GC(243) - age  13:      44280 bytes,    4102800 total
[2020-09-11T11:44:20.189+0000][26480][gc,age       ] GC(243) - age  14:        808 bytes,    4103608 total
[2020-09-11T11:44:20.189+0000][26480][gc,age       ] GC(243) - age  15:        392 bytes,    4104000 total
[2020-09-11T11:44:20.190+0000][26480][gc,phases    ] GC(243)   Pre Evacuate Collection Set: 0.3ms
[2020-09-11T11:44:20.190+0000][26480][gc,phases    ] GC(243)   Merge Heap Roots: 0.1ms
[2020-09-11T11:44:20.190+0000][26480][gc,phases    ] GC(243)   Evacuate Collection Set: 2.5ms
[2020-09-11T11:44:20.190+0000][26480][gc,phases    ] GC(243)   Post Evacuate Collection Set: 0.8ms
[2020-09-11T11:44:20.190+0000][26480][gc,phases    ] GC(243)   Other: 1.0ms
[2020-09-11T11:44:20.190+0000][26480][gc,heap      ] GC(243) Eden regions: 42->0(490)
[2020-09-11T11:44:20.190+0000][26480][gc,heap      ] GC(243) Survivor regions: 5->5(62)
[2020-09-11T11:44:20.190+0000][26480][gc,heap      ] GC(243) Old regions: 77->77
[2020-09-11T11:44:20.190+0000][26480][gc,heap      ] GC(243) Archive regions: 0->0
[2020-09-11T11:44:20.190+0000][26480][gc,heap      ] GC(243) Humongous regions: 278->174
[2020-09-11T11:44:20.190+0000][26480][gc,metaspace ] GC(243) Metaspace: 87420K(93464K)->87420K(93464K) NonClass: 76290K(79768K)->76290K(79768K) Class: 11129K(13696K)->11129K(13696K)
[2020-09-11T11:44:20.190+0000][26480][gc           ] GC(243) Pause Young (Concurrent Start) (G1 Humongous Allocation) 401M->255M(1024M) 5.075ms
[2020-09-11T11:44:20.190+0000][26480][gc,cpu       ] GC(243) User=0.00s Sys=0.00s Real=0.01s
[2020-09-11T11:44:20.190+0000][26480][safepoint    ] Safepoint "G1TryInitiateConcMark", Time since last: 18209400 ns, Reaching safepoint: 3003400 ns, At safepoint: 5257500 ns, Total: 8260900 ns
[2020-09-11T11:44:20.190+0000][26480][gc           ] GC(244) Concurrent Cycle
[2020-09-11T11:44:20.190+0000][26480][gc,marking   ] GC(244) Concurrent Clear Claimed Marks
[2020-09-11T11:44:20.191+0000][26480][gc,marking   ] GC(244) Concurrent Clear Claimed Marks 0.475ms
[2020-09-11T11:44:20.191+0000][26480][gc,marking   ] GC(244) Concurrent Scan Root Regions
[2020-09-11T11:44:20.193+0000][26480][gc,marking   ] GC(244) Concurrent Scan Root Regions 2.592ms
[2020-09-11T11:44:20.193+0000][26480][gc,marking   ] GC(244) Concurrent Mark (7065.328s)
[2020-09-11T11:44:20.193+0000][26480][gc,marking   ] GC(244) Concurrent Mark From Roots
[2020-09-11T11:44:20.193+0000][26480][gc,task      ] GC(244) Using 2 workers of 2 for marking
[2020-09-11T11:44:20.260+0000][26480][safepoint    ] Safepoint "ICBufferFull", Time since last: 69197700 ns, Reaching safepoint: 421000 ns, At safepoint: 266900 ns, Total: 687900 ns
[2020-09-11T11:44:20.344+0000][26480][gc,marking   ] GC(244) Concurrent Mark From Roots 150.587ms
[2020-09-11T11:44:20.344+0000][26480][gc,marking   ] GC(244) Concurrent Preclean
[2020-09-11T11:44:20.345+0000][26480][gc,marking   ] GC(244) Concurrent Preclean 0.591ms
[2020-09-11T11:44:20.345+0000][26480][gc,marking   ] GC(244) Concurrent Mark (7065.328s, 7065.479s) 151.306ms
[2020-09-11T11:44:20.345+0000][26480][gc,start     ] GC(244) Pause Remark
[2020-09-11T11:44:20.351+0000][26480][gc           ] GC(244) Pause Remark 383M->383M(1024M) 6.259ms
[2020-09-11T11:44:20.351+0000][26480][gc,cpu       ] GC(244) User=0.00s Sys=0.00s Real=0.01s
[2020-09-11T11:44:20.352+0000][26480][safepoint    ] Safepoint "G1Concurrent", Time since last: 84812500 ns, Reaching safepoint: 266400 ns, At safepoint: 6539900 ns, Total: 6806300 ns
[2020-09-11T11:44:20.352+0000][26480][gc,marking   ] GC(244) Concurrent Rebuild Remembered Sets
[2020-09-11T11:44:20.444+0000][26480][gc,marking   ] GC(244) Concurrent Rebuild Remembered Sets 92.668ms
[2020-09-11T11:44:20.445+0000][26480][gc,start     ] GC(244) Pause Cleanup
[2020-09-11T11:44:20.445+0000][26480][gc           ] GC(244) Pause Cleanup 383M->383M(1024M) 0.386ms
[2020-09-11T11:44:20.445+0000][26480][gc,cpu       ] GC(244) User=0.00s Sys=0.00s Real=0.00s
[2020-09-11T11:44:20.445+0000][26480][safepoint    ] Safepoint "G1Concurrent", Time since last: 92876900 ns, Reaching safepoint: 212300 ns, At safepoint: 602900 ns, Total: 815200 ns
[2020-09-11T11:44:20.445+0000][26480][gc,marking   ] GC(244) Concurrent Cleanup for Next Mark
[2020-09-11T11:44:20.447+0000][26480][gc,marking   ] GC(244) Concurrent Cleanup for Next Mark 2.076ms
[2020-09-11T11:44:20.448+0000][26480][gc           ] GC(244) Concurrent Cycle 257.537ms
[2020-09-11T11:44:20.631+0000][26480][gc,start     ] GC(245) Pause Young (Concurrent Start) (G1 Humongous Allocation)
[2020-09-11T11:44:20.631+0000][26480][gc,task      ] GC(245) Using 8 workers of 8 for evacuation
[2020-09-11T11:44:20.632+0000][26480][gc,age       ] GC(245) Desired survivor size 32505856 bytes, new threshold 15 (max threshold 15)
[2020-09-11T11:44:20.635+0000][26480][gc,age       ] GC(245) Age table with threshold 15 (max threshold 15)
[2020-09-11T11:44:20.636+0000][26480][gc,age       ] GC(245) - age   1:    3292456 bytes,    3292456 total
[2020-09-11T11:44:20.636+0000][26480][gc,age       ] GC(245) - age   2:     220320 bytes,    3512776 total
[2020-09-11T11:44:20.636+0000][26480][gc,age       ] GC(245) - age   3:     202464 bytes,    3715240 total
[2020-09-11T11:44:20.636+0000][26480][gc,age       ] GC(245) - age   4:       2392 bytes,    3717632 total
[2020-09-11T11:44:20.636+0000][26480][gc,age       ] GC(245) - age   5:        864 bytes,    3718496 total
[2020-09-11T11:44:20.636+0000][26480][gc,age       ] GC(245) - age   6:       5720 bytes,    3724216 total
[2020-09-11T11:44:20.636+0000][26480][gc,age       ] GC(245) - age   7:      11752 bytes,    3735968 total
[2020-09-11T11:44:20.636+0000][26480][gc,age       ] GC(245) - age   8:      29328 bytes,    3765296 total
[2020-09-11T11:44:20.636+0000][26480][gc,age       ] GC(245) - age   9:       2144 bytes,    3767440 total
[2020-09-11T11:44:20.636+0000][26480][gc,age       ] GC(245) - age  10:        760 bytes,    3768200 total
[2020-09-11T11:44:20.636+0000][26480][gc,age       ] GC(245) - age  11:       1392 bytes,    3769592 total
[2020-09-11T11:44:20.636+0000][26480][gc,age       ] GC(245) - age  12:       1856 bytes,    3771448 total
[2020-09-11T11:44:20.636+0000][26480][gc,age       ] GC(245) - age  13:       1248 bytes,    3772696 total
[2020-09-11T11:44:20.636+0000][26480][gc,age       ] GC(245) - age  14:      44280 bytes,    3816976 total
[2020-09-11T11:44:20.636+0000][26480][gc,age       ] GC(245) - age  15:        808 bytes,    3817784 total
[2020-09-11T11:44:20.636+0000][26480][gc,phases    ] GC(245)   Pre Evacuate Collection Set: 0.5ms
[2020-09-11T11:44:20.636+0000][26480][gc,phases    ] GC(245)   Merge Heap Roots: 0.1ms
[2020-09-11T11:44:20.636+0000][26480][gc,phases    ] GC(245)   Evacuate Collection Set: 2.3ms
[2020-09-11T11:44:20.636+0000][26480][gc,phases    ] GC(245)   Post Evacuate Collection Set: 0.8ms
[2020-09-11T11:44:20.636+0000][26480][gc,phases    ] GC(245)   Other: 1.1ms
[2020-09-11T11:44:20.636+0000][26480][gc,heap      ] GC(245) Eden regions: 38->0(493)
[2020-09-11T11:44:20.636+0000][26480][gc,heap      ] GC(245) Survivor regions: 5->4(62)
[2020-09-11T11:44:20.636+0000][26480][gc,heap      ] GC(245) Old regions: 77->77
[2020-09-11T11:44:20.636+0000][26480][gc,heap      ] GC(245) Archive regions: 0->0
[2020-09-11T11:44:20.636+0000][26480][gc,heap      ] GC(245) Humongous regions: 278->174
[2020-09-11T11:44:20.637+0000][26480][gc,metaspace ] GC(245) Metaspace: 87694K(93720K)->87694K(93720K) NonClass: 76526K(80024K)->76526K(80024K) Class: 11167K(13696K)->11167K(13696K)
[2020-09-11T11:44:20.637+0000][26480][gc           ] GC(245) Pause Young (Concurrent Start) (G1 Humongous Allocation) 396M->254M(1024M) 5.206ms
[2020-09-11T11:44:20.637+0000][26480][gc,cpu       ] GC(245) User=0.05s Sys=0.00s Real=0.01s
[2020-09-11T11:44:20.637+0000][26480][gc           ] GC(246) Concurrent Cycle
[2020-09-11T11:44:20.637+0000][26480][safepoint    ] Safepoint "G1TryInitiateConcMark", Time since last: 185922300 ns, Reaching safepoint: 163200 ns, At safepoint: 5416100 ns, Total: 5579300 ns
[2020-09-11T11:44:20.637+0000][26480][gc,marking   ] GC(246) Concurrent Clear Claimed Marks
[2020-09-11T11:44:20.637+0000][26480][gc,marking   ] GC(246) Concurrent Clear Claimed Marks 0.626ms
[2020-09-11T11:44:20.637+0000][26480][gc,marking   ] GC(246) Concurrent Scan Root Regions
[2020-09-11T11:44:20.640+0000][26480][gc,marking   ] GC(246) Concurrent Scan Root Regions 2.912ms
[2020-09-11T11:44:20.641+0000][26480][gc,marking   ] GC(246) Concurrent Mark (7065.775s)
[2020-09-11T11:44:20.641+0000][26480][gc,marking   ] GC(246) Concurrent Mark From Roots
[2020-09-11T11:44:20.641+0000][26480][gc,task      ] GC(246) Using 2 workers of 2 for marking
[2020-09-11T11:44:20.796+0000][26480][gc,marking   ] GC(246) Concurrent Mark From Roots 155.062ms
[2020-09-11T11:44:20.796+0000][26480][gc,marking   ] GC(246) Concurrent Preclean
[2020-09-11T11:44:20.797+0000][26480][gc,marking   ] GC(246) Concurrent Preclean 0.799ms
[2020-09-11T11:44:20.797+0000][26480][gc,marking   ] GC(246) Concurrent Mark (7065.775s, 7065.931s) 156.046ms
[2020-09-11T11:44:20.797+0000][26480][gc,start     ] GC(246) Pause Remark
[2020-09-11T11:44:20.802+0000][26480][gc           ] GC(246) Pause Remark 317M->317M(1024M) 5.501ms
[2020-09-11T11:44:20.803+0000][26480][gc,cpu       ] GC(246) User=0.00s Sys=0.00s Real=0.01s
[2020-09-11T11:44:20.803+0000][26480][safepoint    ] Safepoint "G1Concurrent", Time since last: 159945600 ns, Reaching safepoint: 191500 ns, At safepoint: 5738100 ns, Total: 5929600 ns
[2020-09-11T11:44:20.803+0000][26480][gc,marking   ] GC(246) Concurrent Rebuild Remembered Sets
[2020-09-11T11:44:20.897+0000][26480][gc,marking   ] GC(246) Concurrent Rebuild Remembered Sets 94.771ms
[2020-09-11T11:44:20.898+0000][26480][gc,start     ] GC(246) Pause Cleanup
[2020-09-11T11:44:20.898+0000][26480][gc           ] GC(246) Pause Cleanup 322M->322M(1024M) 0.280ms
[2020-09-11T11:44:20.898+0000][26480][gc,cpu       ] GC(246) User=0.00s Sys=0.00s Real=0.00s
[2020-09-11T11:44:20.898+0000][26480][safepoint    ] Safepoint "G1Concurrent", Time since last: 95034200 ns, Reaching safepoint: 206400 ns, At safepoint: 469000 ns, Total: 675400 ns
[2020-09-11T11:44:20.898+0000][26480][gc,marking   ] GC(246) Concurrent Cleanup for Next Mark
[2020-09-11T11:44:20.900+0000][26480][gc,marking   ] GC(246) Concurrent Cleanup for Next Mark 1.568ms
[2020-09-11T11:44:20.900+0000][26480][gc           ] GC(246) Concurrent Cycle 263.375ms
[2020-09-11T11:44:20.910+0000][26480][gc,start     ] GC(247) Pause Young (Concurrent Start) (G1 Humongous Allocation)
[2020-09-11T11:44:20.910+0000][26480][gc,task      ] GC(247) Using 8 workers of 8 for evacuation
[2020-09-11T11:44:20.911+0000][26480][gc,age       ] GC(247) Desired survivor size 33030144 bytes, new threshold 15 (max threshold 15)
[2020-09-11T11:44:20.914+0000][26480][gc,age       ] GC(247) Age table with threshold 15 (max threshold 15)
[2020-09-11T11:44:20.914+0000][26480][gc,age       ] GC(247) - age   1:    2880848 bytes,    2880848 total
[2020-09-11T11:44:20.914+0000][26480][gc,age       ] GC(247) - age   2:     415600 bytes,    3296448 total
[2020-09-11T11:44:20.914+0000][26480][gc,age       ] GC(247) - age   3:     220224 bytes,    3516672 total
[2020-09-11T11:44:20.914+0000][26480][gc,age       ] GC(247) - age   4:     201744 bytes,    3718416 total
[2020-09-11T11:44:20.915+0000][26480][gc,age       ] GC(247) - age   5:       2040 bytes,    3720456 total
[2020-09-11T11:44:20.915+0000][26480][gc,age       ] GC(247) - age   6:        864 bytes,    3721320 total
[2020-09-11T11:44:20.915+0000][26480][gc,age       ] GC(247) - age   7:       5720 bytes,    3727040 total
[2020-09-11T11:44:20.915+0000][26480][gc,age       ] GC(247) - age   8:      11752 bytes,    3738792 total
[2020-09-11T11:44:20.915+0000][26480][gc,age       ] GC(247) - age   9:      29328 bytes,    3768120 total
[2020-09-11T11:44:20.915+0000][26480][gc,age       ] GC(247) - age  10:       1856 bytes,    3769976 total
[2020-09-11T11:44:20.915+0000][26480][gc,age       ] GC(247) - age  11:        632 bytes,    3770608 total
[2020-09-11T11:44:20.915+0000][26480][gc,age       ] GC(247) - age  12:       1392 bytes,    3772000 total
[2020-09-11T11:44:20.915+0000][26480][gc,age       ] GC(247) - age  13:       1856 bytes,    3773856 total
[2020-09-11T11:44:20.915+0000][26480][gc,age       ] GC(247) - age  14:       1248 bytes,    3775104 total
[2020-09-11T11:44:20.915+0000][26480][gc,age       ] GC(247) - age  15:      44280 bytes,    3819384 total
[2020-09-11T11:44:20.915+0000][26480][gc,phases    ] GC(247)   Pre Evacuate Collection Set: 0.4ms
[2020-09-11T11:44:20.915+0000][26480][gc,phases    ] GC(247)   Merge Heap Roots: 0.1ms
[2020-09-11T11:44:20.915+0000][26480][gc,phases    ] GC(247)   Evacuate Collection Set: 2.4ms
[2020-09-11T11:44:20.915+0000][26480][gc,phases    ] GC(247)   Post Evacuate Collection Set: 0.7ms
[2020-09-11T11:44:20.915+0000][26480][gc,phases    ] GC(247)   Other: 0.9ms
[2020-09-11T11:44:20.915+0000][26480][gc,heap      ] GC(247) Eden regions: 22->0(496)
[2020-09-11T11:44:20.915+0000][26480][gc,heap      ] GC(247) Survivor regions: 4->4(63)
[2020-09-11T11:44:20.915+0000][26480][gc,heap      ] GC(247) Old regions: 77->77
[2020-09-11T11:44:20.915+0000][26480][gc,heap      ] GC(247) Archive regions: 0->0
[2020-09-11T11:44:20.915+0000][26480][gc,heap      ] GC(247) Humongous regions: 230->174
[2020-09-11T11:44:20.915+0000][26480][gc,metaspace ] GC(247) Metaspace: 87697K(93720K)->87697K(93720K) NonClass: 76529K(80024K)->76529K(80024K) Class: 11167K(13696K)->11167K(13696K)
[2020-09-11T11:44:20.915+0000][26480][gc           ] GC(247) Pause Young (Concurrent Start) (G1 Humongous Allocation) 332M->254M(1024M) 4.733ms
[2020-09-11T11:44:20.915+0000][26480][gc,cpu       ] GC(247) User=0.00s Sys=0.00s Real=0.00s
[2020-09-11T11:44:20.915+0000][26480][gc           ] GC(248) Concurrent Cycle
[2020-09-11T11:44:20.915+0000][26480][safepoint    ] Safepoint "G1TryInitiateConcMark", Time since last: 11847900 ns, Reaching safepoint: 183300 ns, At safepoint: 4920300 ns, Total: 5103600 ns
[2020-09-11T11:44:20.915+0000][26480][gc,marking   ] GC(248) Concurrent Clear Claimed Marks
[2020-09-11T11:44:20.916+0000][26480][gc,marking   ] GC(248) Concurrent Clear Claimed Marks 0.590ms
[2020-09-11T11:44:20.916+0000][26480][gc,marking   ] GC(248) Concurrent Scan Root Regions
[2020-09-11T11:44:20.919+0000][26480][gc,marking   ] GC(248) Concurrent Scan Root Regions 2.888ms
[2020-09-11T11:44:20.919+0000][26480][gc,marking   ] GC(248) Concurrent Mark (7066.054s)
[2020-09-11T11:44:20.919+0000][26480][gc,marking   ] GC(248) Concurrent Mark From Roots
[2020-09-11T11:44:20.919+0000][26480][gc,task      ] GC(248) Using 2 workers of 2 for marking
[2020-09-11T11:44:21.072+0000][26480][gc,marking   ] GC(248) Concurrent Mark From Roots 152.614ms
[2020-09-11T11:44:21.072+0000][26480][gc,marking   ] GC(248) Concurrent Preclean
[2020-09-11T11:44:21.073+0000][26480][gc,marking   ] GC(248) Concurrent Preclean 0.965ms
[2020-09-11T11:44:21.073+0000][26480][gc,marking   ] GC(248) Concurrent Mark (7066.054s, 7066.207s) 153.827ms
[2020-09-11T11:44:21.073+0000][26480][gc,start     ] GC(248) Pause Remark
[2020-09-11T11:44:21.081+0000][26480][gc           ] GC(248) Pause Remark 309M->309M(1024M) 8.181ms
[2020-09-11T11:44:21.082+0000][26480][gc,cpu       ] GC(248) User=0.00s Sys=0.00s Real=0.01s
[2020-09-11T11:44:21.082+0000][26480][safepoint    ] Safepoint "G1Concurrent", Time since last: 157677000 ns, Reaching safepoint: 240100 ns, At safepoint: 8474100 ns, Total: 8714200 ns
[2020-09-11T11:44:21.082+0000][26480][gc,marking   ] GC(248) Concurrent Rebuild Remembered Sets
[2020-09-11T11:44:21.182+0000][26480][gc,marking   ] GC(248) Concurrent Rebuild Remembered Sets 100.211ms
[2020-09-11T11:44:21.182+0000][26480][gc,start     ] GC(248) Pause Cleanup
[2020-09-11T11:44:21.183+0000][26480][gc           ] GC(248) Pause Cleanup 317M->317M(1024M) 0.422ms
[2020-09-11T11:44:21.183+0000][26480][gc,cpu       ] GC(248) User=0.00s Sys=0.00s Real=0.00s
[2020-09-11T11:44:21.183+0000][26480][safepoint    ] Safepoint "G1Concurrent", Time since last: 100405900 ns, Reaching safepoint: 196100 ns, At safepoint: 694300 ns, Total: 890400 ns
[2020-09-11T11:44:21.183+0000][26480][gc,marking   ] GC(248) Concurrent Cleanup for Next Mark
[2020-09-11T11:44:21.185+0000][26480][gc,marking   ] GC(248) Concurrent Cleanup for Next Mark 1.846ms
[2020-09-11T11:44:21.185+0000][26480][gc           ] GC(248) Concurrent Cycle 269.861ms
[2020-09-11T11:44:21.227+0000][26480][gc,start     ] GC(249) Pause Young (Concurrent Start) (G1 Humongous Allocation)
[2020-09-11T11:44:21.228+0000][26480][gc,task      ] GC(249) Using 8 workers of 8 for evacuation
[2020-09-11T11:44:21.228+0000][26480][gc,age       ] GC(249) Desired survivor size 33030144 bytes, new threshold 15 (max threshold 15)
[2020-09-11T11:44:21.232+0000][26480][gc,age       ] GC(249) Age table with threshold 15 (max threshold 15)
[2020-09-11T11:44:21.232+0000][26480][gc,age       ] GC(249) - age   1:    2576800 bytes,    2576800 total
[2020-09-11T11:44:21.232+0000][26480][gc,age       ] GC(249) - age   2:       1712 bytes,    2578512 total
[2020-09-11T11:44:21.232+0000][26480][gc,age       ] GC(249) - age   3:     210760 bytes,    2789272 total
[2020-09-11T11:44:21.232+0000][26480][gc,age       ] GC(249) - age   4:      15488 bytes,    2804760 total
[2020-09-11T11:44:21.232+0000][26480][gc,age       ] GC(249) - age   5:       1968 bytes,    2806728 total
[2020-09-11T11:44:21.232+0000][26480][gc,age       ] GC(249) - age   6:       1328 bytes,    2808056 total
[2020-09-11T11:44:21.232+0000][26480][gc,age       ] GC(249) - age   7:        648 bytes,    2808704 total
[2020-09-11T11:44:21.232+0000][26480][gc,age       ] GC(249) - age   8:       5272 bytes,    2813976 total
[2020-09-11T11:44:21.232+0000][26480][gc,age       ] GC(249) - age   9:      11688 bytes,    2825664 total
[2020-09-11T11:44:21.232+0000][26480][gc,age       ] GC(249) - age  10:      29296 bytes,    2854960 total
[2020-09-11T11:44:21.232+0000][26480][gc,age       ] GC(249) - age  11:       1760 bytes,    2856720 total
[2020-09-11T11:44:21.232+0000][26480][gc,age       ] GC(249) - age  12:        632 bytes,    2857352 total
[2020-09-11T11:44:21.232+0000][26480][gc,age       ] GC(249) - age  13:       1392 bytes,    2858744 total
[2020-09-11T11:44:21.232+0000][26480][gc,age       ] GC(249) - age  14:       1856 bytes,    2860600 total
[2020-09-11T11:44:21.232+0000][26480][gc,age       ] GC(249) - age  15:       1248 bytes,    2861848 total
[2020-09-11T11:44:21.232+0000][26480][gc,phases    ] GC(249)   Pre Evacuate Collection Set: 0.5ms
[2020-09-11T11:44:21.232+0000][26480][gc,phases    ] GC(249)   Merge Heap Roots: 0.1ms
[2020-09-11T11:44:21.232+0000][26480][gc,phases    ] GC(249)   Evacuate Collection Set: 2.3ms
[2020-09-11T11:44:21.232+0000][26480][gc,phases    ] GC(249)   Post Evacuate Collection Set: 0.9ms
[2020-09-11T11:44:21.233+0000][26480][gc,phases    ] GC(249)   Other: 1.2ms
[2020-09-11T11:44:21.233+0000][26480][gc,heap      ] GC(249) Eden regions: 32->0(499)
[2020-09-11T11:44:21.233+0000][26480][gc,heap      ] GC(249) Survivor regions: 4->3(63)
[2020-09-11T11:44:21.233+0000][26480][gc,heap      ] GC(249) Old regions: 77->77
[2020-09-11T11:44:21.233+0000][26480][gc,heap      ] GC(249) Archive regions: 0->0
[2020-09-11T11:44:21.233+0000][26480][gc,heap      ] GC(249) Humongous regions: 230->174
[2020-09-11T11:44:21.233+0000][26480][gc,metaspace ] GC(249) Metaspace: 87726K(93720K)->87726K(93720K) NonClass: 76557K(80024K)->76557K(80024K) Class: 11169K(13696K)->11169K(13696K)
[2020-09-11T11:44:21.233+0000][26480][gc           ] GC(249) Pause Young (Concurrent Start) (G1 Humongous Allocation) 342M->253M(1024M) 5.355ms
[2020-09-11T11:44:21.233+0000][26480][gc,cpu       ] GC(249) User=0.13s Sys=0.00s Real=0.01s
[2020-09-11T11:44:21.233+0000][26480][gc           ] GC(250) Concurrent Cycle
[2020-09-11T11:44:21.233+0000][26480][gc,marking   ] GC(250) Concurrent Clear Claimed Marks
[2020-09-11T11:44:21.233+0000][26480][gc,marking   ] GC(250) Concurrent Clear Claimed Marks 0.378ms
[2020-09-11T11:44:21.233+0000][26480][gc,marking   ] GC(250) Concurrent Scan Root Regions
[2020-09-11T11:44:21.235+0000][26480][safepoint    ] Safepoint "G1TryInitiateConcMark", Time since last: 44002800 ns, Reaching safepoint: 438600 ns, At safepoint: 7624000 ns, Total: 8062600 ns
[2020-09-11T11:44:21.235+0000][26480][gc,marking   ] GC(250) Concurrent Scan Root Regions 1.571ms
[2020-09-11T11:44:21.235+0000][26480][gc,marking   ] GC(250) Concurrent Mark (7066.370s)
[2020-09-11T11:44:21.235+0000][26480][gc,marking   ] GC(250) Concurrent Mark From Roots
[2020-09-11T11:44:21.235+0000][26480][gc,task      ] GC(250) Using 2 workers of 2 for marking
[2020-09-11T11:44:21.394+0000][26480][gc,marking   ] GC(250) Concurrent Mark From Roots 159.004ms
[2020-09-11T11:44:21.394+0000][26480][gc,marking   ] GC(250) Concurrent Preclean
[2020-09-11T11:44:21.395+0000][26480][gc,marking   ] GC(250) Concurrent Preclean 0.886ms
[2020-09-11T11:44:21.395+0000][26480][gc,marking   ] GC(250) Concurrent Mark (7066.370s, 7066.530s) 160.154ms
[2020-09-11T11:44:21.396+0000][26480][gc,start     ] GC(250) Pause Remark
[2020-09-11T11:44:21.402+0000][26480][gc           ] GC(250) Pause Remark 361M->361M(1024M) 5.953ms
[2020-09-11T11:44:21.402+0000][26480][gc,cpu       ] GC(250) User=0.09s Sys=0.02s Real=0.01s
[2020-09-11T11:44:21.402+0000][26480][safepoint    ] Safepoint "G1Concurrent", Time since last: 160401200 ns, Reaching safepoint: 147200 ns, At safepoint: 6223100 ns, Total: 6370300 ns
[2020-09-11T11:44:21.402+0000][26480][gc,marking   ] GC(250) Concurrent Rebuild Remembered Sets
[2020-09-11T11:44:21.502+0000][26480][gc,marking   ] GC(250) Concurrent Rebuild Remembered Sets 100.144ms
[2020-09-11T11:44:21.508+0000][26480][gc,start     ] GC(250) Pause Cleanup
[2020-09-11T11:44:21.508+0000][26480][gc           ] GC(250) Pause Cleanup 362M->362M(1024M) 0.423ms
[2020-09-11T11:44:21.508+0000][26480][gc,cpu       ] GC(250) User=0.00s Sys=0.00s Real=0.00s
[2020-09-11T11:44:21.508+0000][26480][safepoint    ] Safepoint "G1Concurrent", Time since last: 100375800 ns, Reaching safepoint: 5503600 ns, At safepoint: 635900 ns, Total: 6139500 ns
[2020-09-11T11:44:21.508+0000][26480][gc,marking   ] GC(250) Concurrent Cleanup for Next Mark
[2020-09-11T11:44:21.510+0000][26480][gc,marking   ] GC(250) Concurrent Cleanup for Next Mark 1.937ms
[2020-09-11T11:44:21.510+0000][26480][gc           ] GC(250) Concurrent Cycle 277.470ms
[2020-09-11T11:44:21.604+0000][26480][gc,start     ] GC(251) Pause Young (Concurrent Start) (G1 Humongous Allocation)
[2020-09-11T11:44:21.604+0000][26480][gc,task      ] GC(251) Using 8 workers of 8 for evacuation
[2020-09-11T11:44:21.604+0000][26480][gc,age       ] GC(251) Desired survivor size 33030144 bytes, new threshold 15 (max threshold 15)
[2020-09-11T11:44:21.611+0000][26480][gc,age       ] GC(251) Age table with threshold 15 (max threshold 15)
[2020-09-11T11:44:21.611+0000][26480][gc,age       ] GC(251) - age   1:   13654320 bytes,   13654320 total
[2020-09-11T11:44:21.611+0000][26480][gc,age       ] GC(251) - age   2:      22448 bytes,   13676768 total
[2020-09-11T11:44:21.611+0000][26480][gc,age       ] GC(251) - age   3:       1424 bytes,   13678192 total
[2020-09-11T11:44:21.611+0000][26480][gc,age       ] GC(251) - age   4:      28208 bytes,   13706400 total
[2020-09-11T11:44:21.611+0000][26480][gc,age       ] GC(251) - age   5:      13688 bytes,   13720088 total
[2020-09-11T11:44:21.611+0000][26480][gc,age       ] GC(251) - age   6:       1448 bytes,   13721536 total
[2020-09-11T11:44:21.611+0000][26480][gc,age       ] GC(251) - age   7:        848 bytes,   13722384 total
[2020-09-11T11:44:21.611+0000][26480][gc,age       ] GC(251) - age   8:        648 bytes,   13723032 total
[2020-09-11T11:44:21.611+0000][26480][gc,age       ] GC(251) - age   9:       5176 bytes,   13728208 total
[2020-09-11T11:44:21.611+0000][26480][gc,age       ] GC(251) - age  10:      11528 bytes,   13739736 total
[2020-09-11T11:44:21.611+0000][26480][gc,age       ] GC(251) - age  11:      29224 bytes,   13768960 total
[2020-09-11T11:44:21.611+0000][26480][gc,age       ] GC(251) - age  12:       1760 bytes,   13770720 total
[2020-09-11T11:44:21.611+0000][26480][gc,age       ] GC(251) - age  13:        632 bytes,   13771352 total
[2020-09-11T11:44:21.611+0000][26480][gc,age       ] GC(251) - age  14:       1328 bytes,   13772680 total
[2020-09-11T11:44:21.611+0000][26480][gc,age       ] GC(251) - age  15:       1856 bytes,   13774536 total
[2020-09-11T11:44:21.611+0000][26480][gc,phases    ] GC(251)   Pre Evacuate Collection Set: 0.5ms
[2020-09-11T11:44:21.611+0000][26480][gc,phases    ] GC(251)   Merge Heap Roots: 0.2ms
[2020-09-11T11:44:21.611+0000][26480][gc,phases    ] GC(251)   Evacuate Collection Set: 4.1ms
[2020-09-11T11:44:21.611+0000][26480][gc,phases    ] GC(251)   Post Evacuate Collection Set: 1.0ms
[2020-09-11T11:44:21.611+0000][26480][gc,phases    ] GC(251)   Other: 1.0ms
[2020-09-11T11:44:21.611+0000][26480][gc,heap      ] GC(251) Eden regions: 51->0(479)
[2020-09-11T11:44:21.611+0000][26480][gc,heap      ] GC(251) Survivor regions: 3->14(63)
[2020-09-11T11:44:21.611+0000][26480][gc,heap      ] GC(251) Old regions: 77->78
[2020-09-11T11:44:21.611+0000][26480][gc,heap      ] GC(251) Archive regions: 0->0
[2020-09-11T11:44:21.612+0000][26480][gc,heap      ] GC(251) Humongous regions: 262->174
[2020-09-11T11:44:21.612+0000][26480][gc,metaspace ] GC(251) Metaspace: 87739K(93976K)->87739K(93976K) NonClass: 76570K(80280K)->76570K(80280K) Class: 11169K(13696K)->11169K(13696K)
[2020-09-11T11:44:21.612+0000][26480][gc           ] GC(251) Pause Young (Concurrent Start) (G1 Humongous Allocation) 392M->264M(1024M) 7.273ms
[2020-09-11T11:44:21.612+0000][26480][gc,cpu       ] GC(251) User=0.00s Sys=0.00s Real=0.01s
[2020-09-11T11:44:21.612+0000][26480][gc           ] GC(252) Concurrent Cycle
[2020-09-11T11:44:21.612+0000][26480][gc,marking   ] GC(252) Concurrent Clear Claimed Marks
[2020-09-11T11:44:21.612+0000][26480][safepoint    ] Safepoint "G1TryInitiateConcMark", Time since last: 95778800 ns, Reaching safepoint: 225500 ns, At safepoint: 7655200 ns, Total: 7880700 ns
[2020-09-11T11:44:21.612+0000][26480][gc,marking   ] GC(252) Concurrent Clear Claimed Marks 0.331ms
[2020-09-11T11:44:21.612+0000][26480][gc,marking   ] GC(252) Concurrent Scan Root Regions
[2020-09-11T11:44:21.616+0000][26480][gc,marking   ] GC(252) Concurrent Scan Root Regions 3.860ms
[2020-09-11T11:44:21.616+0000][26480][gc,marking   ] GC(252) Concurrent Mark (7066.751s)
[2020-09-11T11:44:21.616+0000][26480][gc,marking   ] GC(252) Concurrent Mark From Roots
[2020-09-11T11:44:21.616+0000][26480][gc,task      ] GC(252) Using 2 workers of 2 for marking
[2020-09-11T11:44:21.778+0000][26480][gc,marking   ] GC(252) Concurrent Mark From Roots 161.381ms
[2020-09-11T11:44:21.778+0000][26480][gc,marking   ] GC(252) Concurrent Preclean
[2020-09-11T11:44:21.779+0000][26480][gc,marking   ] GC(252) Concurrent Preclean 0.868ms
[2020-09-11T11:44:21.779+0000][26480][gc,marking   ] GC(252) Concurrent Mark (7066.751s, 7066.913s) 162.477ms
[2020-09-11T11:44:21.779+0000][26480][gc,start     ] GC(252) Pause Remark
[2020-09-11T11:44:21.786+0000][26480][gc           ] GC(252) Pause Remark 509M->509M(1024M) 6.215ms
[2020-09-11T11:44:21.786+0000][26480][gc,cpu       ] GC(252) User=0.00s Sys=0.00s Real=0.01s
[2020-09-11T11:44:21.786+0000][26480][safepoint    ] Safepoint "G1Concurrent", Time since last: 166782000 ns, Reaching safepoint: 166400 ns, At safepoint: 6441700 ns, Total: 6608100 ns
[2020-09-11T11:44:21.786+0000][26480][gc,marking   ] GC(252) Concurrent Rebuild Remembered Sets
[2020-09-11T11:44:21.828+0000][26480][safepoint    ] Safepoint "BulkRevokeBias", Time since last: 36970200 ns, Reaching safepoint: 2945600 ns, At safepoint: 1992900 ns, Total: 4938500 ns
[2020-09-11T11:44:21.893+0000][26480][gc,marking   ] GC(252) Concurrent Rebuild Remembered Sets 107.334ms
[2020-09-11T11:44:21.894+0000][26480][gc,start     ] GC(252) Pause Cleanup
[2020-09-11T11:44:21.894+0000][26480][gc           ] GC(252) Pause Cleanup 584M->584M(1024M) 0.420ms
[2020-09-11T11:44:21.894+0000][26480][gc,cpu       ] GC(252) User=0.00s Sys=0.00s Real=0.00s
[2020-09-11T11:44:21.894+0000][26480][safepoint    ] Safepoint "G1Concurrent", Time since last: 65691100 ns, Reaching safepoint: 166200 ns, At safepoint: 616100 ns, Total: 782300 ns
[2020-09-11T11:44:21.894+0000][26480][gc,marking   ] GC(252) Concurrent Cleanup for Next Mark
[2020-09-11T11:44:21.896+0000][26480][gc,marking   ] GC(252) Concurrent Cleanup for Next Mark 1.433ms
[2020-09-11T11:44:21.896+0000][26480][gc           ] GC(252) Concurrent Cycle 283.584ms
[2020-09-11T11:44:22.122+0000][26480][gc,start     ] GC(253) Pause Young (Concurrent Start) (G1 Humongous Allocation)
[2020-09-11T11:44:22.122+0000][26480][gc,task      ] GC(253) Using 8 workers of 8 for evacuation
[2020-09-11T11:44:22.122+0000][26480][gc,age       ] GC(253) Desired survivor size 32505856 bytes, new threshold 15 (max threshold 15)
[2020-09-11T11:44:22.128+0000][26480][gc,age       ] GC(253) Age table with threshold 15 (max threshold 15)
[2020-09-11T11:44:22.129+0000][26480][gc,age       ] GC(253) - age   1:   13019640 bytes,   13019640 total
[2020-09-11T11:44:22.129+0000][26480][gc,age       ] GC(253) - age   2:      12688 bytes,   13032328 total
[2020-09-11T11:44:22.129+0000][26480][gc,age       ] GC(253) - age   3:      12000 bytes,   13044328 total
[2020-09-11T11:44:22.129+0000][26480][gc,age       ] GC(253) - age   4:        960 bytes,   13045288 total
[2020-09-11T11:44:22.129+0000][26480][gc,age       ] GC(253) - age   5:      27760 bytes,   13073048 total
[2020-09-11T11:44:22.129+0000][26480][gc,age       ] GC(253) - age   6:      13656 bytes,   13086704 total
[2020-09-11T11:44:22.129+0000][26480][gc,age       ] GC(253) - age   7:       1224 bytes,   13087928 total
[2020-09-11T11:44:22.129+0000][26480][gc,age       ] GC(253) - age   8:        752 bytes,   13088680 total
[2020-09-11T11:44:22.129+0000][26480][gc,age       ] GC(253) - age   9:        552 bytes,   13089232 total
[2020-09-11T11:44:22.129+0000][26480][gc,age       ] GC(253) - age  10:       5176 bytes,   13094408 total
[2020-09-11T11:44:22.129+0000][26480][gc,age       ] GC(253) - age  11:      11496 bytes,   13105904 total
[2020-09-11T11:44:22.129+0000][26480][gc,age       ] GC(253) - age  12:      29224 bytes,   13135128 total
[2020-09-11T11:44:22.129+0000][26480][gc,age       ] GC(253) - age  13:       1760 bytes,   13136888 total
[2020-09-11T11:44:22.129+0000][26480][gc,age       ] GC(253) - age  14:        600 bytes,   13137488 total
[2020-09-11T11:44:22.129+0000][26480][gc,age       ] GC(253) - age  15:       1328 bytes,   13138816 total
[2020-09-11T11:44:22.129+0000][26480][gc,phases    ] GC(253)   Pre Evacuate Collection Set: 0.6ms
[2020-09-11T11:44:22.129+0000][26480][gc,phases    ] GC(253)   Merge Heap Roots: 0.2ms
[2020-09-11T11:44:22.129+0000][26480][gc,phases    ] GC(253)   Evacuate Collection Set: 4.0ms
[2020-09-11T11:44:22.129+0000][26480][gc,phases    ] GC(253)   Post Evacuate Collection Set: 1.3ms
[2020-09-11T11:44:22.130+0000][26480][gc,phases    ] GC(253)   Other: 1.3ms
[2020-09-11T11:44:22.130+0000][26480][gc,heap      ] GC(253) Eden regions: 97->0(476)
[2020-09-11T11:44:22.130+0000][26480][gc,heap      ] GC(253) Survivor regions: 14->14(62)
[2020-09-11T11:44:22.130+0000][26480][gc,heap      ] GC(253) Old regions: 78->78
[2020-09-11T11:44:22.130+0000][26480][gc,heap      ] GC(253) Archive regions: 0->0
[2020-09-11T11:44:22.130+0000][26480][gc,heap      ] GC(253) Humongous regions: 430->174
[2020-09-11T11:44:22.130+0000][26480][gc,metaspace ] GC(253) Metaspace: 87757K(93976K)->87757K(93976K) NonClass: 76588K(80280K)->76588K(80280K) Class: 11169K(13696K)->11169K(13696K)
[2020-09-11T11:44:22.130+0000][26480][gc           ] GC(253) Pause Young (Concurrent Start) (G1 Humongous Allocation) 616M->264M(1024M) 7.908ms
[2020-09-11T11:44:22.130+0000][26480][gc,cpu       ] GC(253) User=0.00s Sys=0.00s Real=0.01s
[2020-09-11T11:44:22.130+0000][26480][gc           ] GC(254) Concurrent Cycle
[2020-09-11T11:44:22.130+0000][26480][gc,marking   ] GC(254) Concurrent Clear Claimed Marks
[2020-09-11T11:44:22.130+0000][26480][safepoint    ] Safepoint "G1TryInitiateConcMark", Time since last: 227526200 ns, Reaching safepoint: 241600 ns, At safepoint: 8372700 ns, Total: 8614300 ns
[2020-09-11T11:44:22.131+0000][26480][gc,marking   ] GC(254) Concurrent Clear Claimed Marks 0.500ms
[2020-09-11T11:44:22.131+0000][26480][gc,marking   ] GC(254) Concurrent Scan Root Regions
[2020-09-11T11:44:22.134+0000][26480][gc,marking   ] GC(254) Concurrent Scan Root Regions 3.006ms
[2020-09-11T11:44:22.134+0000][26480][gc,marking   ] GC(254) Concurrent Mark (7067.268s)
[2020-09-11T11:44:22.134+0000][26480][gc,marking   ] GC(254) Concurrent Mark From Roots
[2020-09-11T11:44:22.134+0000][26480][gc,task      ] GC(254) Using 2 workers of 2 for marking
[2020-09-11T11:44:22.288+0000][26480][gc,marking   ] GC(254) Concurrent Mark From Roots 154.574ms
[2020-09-11T11:44:22.289+0000][26480][gc,marking   ] GC(254) Concurrent Preclean
[2020-09-11T11:44:22.289+0000][26480][gc,marking   ] GC(254) Concurrent Preclean 0.915ms
[2020-09-11T11:44:22.290+0000][26480][gc,marking   ] GC(254) Concurrent Mark (7067.268s, 7067.424s) 155.749ms
[2020-09-11T11:44:22.290+0000][26480][gc,start     ] GC(254) Pause Remark
[2020-09-11T11:44:22.296+0000][26480][gc           ] GC(254) Pause Remark 509M->509M(1024M) 6.503ms
[2020-09-11T11:44:22.297+0000][26480][gc,cpu       ] GC(254) User=0.11s Sys=0.00s Real=0.01s
[2020-09-11T11:44:22.297+0000][26480][safepoint    ] Safepoint "G1Concurrent", Time since last: 159402900 ns, Reaching safepoint: 200400 ns, At safepoint: 6859100 ns, Total: 7059500 ns
[2020-09-11T11:44:22.297+0000][26480][gc,marking   ] GC(254) Concurrent Rebuild Remembered Sets
[2020-09-11T11:44:22.394+0000][26480][gc,marking   ] GC(254) Concurrent Rebuild Remembered Sets 96.782ms
[2020-09-11T11:44:22.394+0000][26480][gc,start     ] GC(254) Pause Cleanup
[2020-09-11T11:44:22.394+0000][26480][gc           ] GC(254) Pause Cleanup 512M->512M(1024M) 0.357ms
[2020-09-11T11:44:22.394+0000][26480][gc,cpu       ] GC(254) User=0.00s Sys=0.00s Real=0.00s
[2020-09-11T11:44:22.394+0000][26480][safepoint    ] Safepoint "G1Concurrent", Time since last: 96979100 ns, Reaching safepoint: 171800 ns, At safepoint: 531900 ns, Total: 703700 ns
[2020-09-11T11:44:22.394+0000][26480][gc,marking   ] GC(254) Concurrent Cleanup for Next Mark
[2020-09-11T11:44:22.397+0000][26480][gc,marking   ] GC(254) Concurrent Cleanup for Next Mark 2.224ms
[2020-09-11T11:44:22.397+0000][26480][gc           ] GC(254) Concurrent Cycle 266.758ms
[2020-09-11T11:44:22.515+0000][26480][gc,start     ] GC(255) Pause Young (Concurrent Start) (G1 Humongous Allocation)
[2020-09-11T11:44:22.515+0000][26480][gc,task      ] GC(255) Using 8 workers of 8 for evacuation
[2020-09-11T11:44:22.515+0000][26480][gc,age       ] GC(255) Desired survivor size 32505856 bytes, new threshold 15 (max threshold 15)
[2020-09-11T11:44:22.518+0000][26480][gc,age       ] GC(255) Age table with threshold 15 (max threshold 15)
[2020-09-11T11:44:22.519+0000][26480][gc,age       ] GC(255) - age   1:    1098536 bytes,    1098536 total
[2020-09-11T11:44:22.519+0000][26480][gc,age       ] GC(255) - age   2:    2389256 bytes,    3487792 total
[2020-09-11T11:44:22.519+0000][26480][gc,age       ] GC(255) - age   3:      12176 bytes,    3499968 total
[2020-09-11T11:44:22.519+0000][26480][gc,age       ] GC(255) - age   4:      11896 bytes,    3511864 total
[2020-09-11T11:44:22.519+0000][26480][gc,age       ] GC(255) - age   5:        960 bytes,    3512824 total
[2020-09-11T11:44:22.519+0000][26480][gc,age       ] GC(255) - age   6:      27760 bytes,    3540584 total
[2020-09-11T11:44:22.519+0000][26480][gc,age       ] GC(255) - age   7:      13656 bytes,    3554240 total
[2020-09-11T11:44:22.519+0000][26480][gc,age       ] GC(255) - age   8:       1224 bytes,    3555464 total
[2020-09-11T11:44:22.519+0000][26480][gc,age       ] GC(255) - age   9:        752 bytes,    3556216 total
[2020-09-11T11:44:22.519+0000][26480][gc,age       ] GC(255) - age  10:        552 bytes,    3556768 total
[2020-09-11T11:44:22.519+0000][26480][gc,age       ] GC(255) - age  11:       5176 bytes,    3561944 total
[2020-09-11T11:44:22.519+0000][26480][gc,age       ] GC(255) - age  12:      11464 bytes,    3573408 total
[2020-09-11T11:44:22.519+0000][26480][gc,age       ] GC(255) - age  13:      29192 bytes,    3602600 total
[2020-09-11T11:44:22.519+0000][26480][gc,age       ] GC(255) - age  14:       1760 bytes,    3604360 total
[2020-09-11T11:44:22.519+0000][26480][gc,age       ] GC(255) - age  15:        568 bytes,    3604928 total
[2020-09-11T11:44:22.519+0000][26480][gc,phases    ] GC(255)   Pre Evacuate Collection Set: 0.4ms
[2020-09-11T11:44:22.519+0000][26480][gc,phases    ] GC(255)   Merge Heap Roots: 0.1ms
[2020-09-11T11:44:22.519+0000][26480][gc,phases    ] GC(255)   Evacuate Collection Set: 2.4ms
[2020-09-11T11:44:22.519+0000][26480][gc,phases    ] GC(255)   Post Evacuate Collection Set: 0.8ms
[2020-09-11T11:44:22.519+0000][26480][gc,phases    ] GC(255)   Other: 0.8ms
[2020-09-11T11:44:22.519+0000][26480][gc,heap      ] GC(255) Eden regions: 62->0(489)
[2020-09-11T11:44:22.519+0000][26480][gc,heap      ] GC(255) Survivor regions: 14->5(62)
[2020-09-11T11:44:22.519+0000][26480][gc,heap      ] GC(255) Old regions: 78->78
[2020-09-11T11:44:22.519+0000][26480][gc,heap      ] GC(255) Archive regions: 0->0
[2020-09-11T11:44:22.519+0000][26480][gc,heap      ] GC(255) Humongous regions: 378->174
[2020-09-11T11:44:22.519+0000][26480][gc,metaspace ] GC(255) Metaspace: 87757K(93976K)->87757K(93976K) NonClass: 76588K(80280K)->76588K(80280K) Class: 11169K(13696K)->11169K(13696K)
[2020-09-11T11:44:22.519+0000][26480][gc           ] GC(255) Pause Young (Concurrent Start) (G1 Humongous Allocation) 529M->255M(1024M) 4.697ms
[2020-09-11T11:44:22.519+0000][26480][gc,cpu       ] GC(255) User=0.00s Sys=0.00s Real=0.00s
[2020-09-11T11:44:22.519+0000][26480][safepoint    ] Safepoint "G1TryInitiateConcMark", Time since last: 119948300 ns, Reaching safepoint: 181900 ns, At safepoint: 4845800 ns, Total: 5027700 ns
[2020-09-11T11:44:22.519+0000][26480][gc           ] GC(256) Concurrent Cycle
[2020-09-11T11:44:22.519+0000][26480][gc,marking   ] GC(256) Concurrent Clear Claimed Marks
[2020-09-11T11:44:22.520+0000][26480][gc,marking   ] GC(256) Concurrent Clear Claimed Marks 0.522ms
[2020-09-11T11:44:22.520+0000][26480][gc,marking   ] GC(256) Concurrent Scan Root Regions
[2020-09-11T11:44:22.522+0000][26480][gc,marking   ] GC(256) Concurrent Scan Root Regions 2.061ms
[2020-09-11T11:44:22.522+0000][26480][gc,marking   ] GC(256) Concurrent Mark (7067.656s)
[2020-09-11T11:44:22.522+0000][26480][gc,marking   ] GC(256) Concurrent Mark From Roots
[2020-09-11T11:44:22.522+0000][26480][gc,task      ] GC(256) Using 2 workers of 2 for marking
[2020-09-11T11:44:22.663+0000][26480][gc,marking   ] GC(256) Concurrent Mark From Roots 140.798ms
[2020-09-11T11:44:22.663+0000][26480][gc,marking   ] GC(256) Concurrent Preclean
[2020-09-11T11:44:22.664+0000][26480][gc,marking   ] GC(256) Concurrent Preclean 0.605ms
[2020-09-11T11:44:22.664+0000][26480][gc,marking   ] GC(256) Concurrent Mark (7067.656s, 7067.798s) 141.552ms
[2020-09-11T11:44:22.664+0000][26480][gc,start     ] GC(256) Pause Remark
[2020-09-11T11:44:22.670+0000][26480][gc           ] GC(256) Pause Remark 317M->317M(1024M) 5.971ms
[2020-09-11T11:44:22.670+0000][26480][gc,cpu       ] GC(256) User=0.13s Sys=0.00s Real=0.01s
[2020-09-11T11:44:22.670+0000][26480][safepoint    ] Safepoint "G1Concurrent", Time since last: 144543600 ns, Reaching safepoint: 232700 ns, At safepoint: 6247900 ns, Total: 6480600 ns
[2020-09-11T11:44:22.670+0000][26480][gc,marking   ] GC(256) Concurrent Rebuild Remembered Sets
[2020-09-11T11:44:22.757+0000][26480][gc,marking   ] GC(256) Concurrent Rebuild Remembered Sets 86.470ms
[2020-09-11T11:44:22.758+0000][26480][gc,start     ] GC(256) Pause Cleanup
[2020-09-11T11:44:22.758+0000][26480][gc           ] GC(256) Pause Cleanup 375M->375M(1024M) 0.536ms
[2020-09-11T11:44:22.758+0000][26480][gc,cpu       ] GC(256) User=0.00s Sys=0.00s Real=0.00s
[2020-09-11T11:44:22.758+0000][26480][safepoint    ] Safepoint "G1Concurrent", Time since last: 86892700 ns, Reaching safepoint: 280100 ns, At safepoint: 803900 ns, Total: 1084000 ns
[2020-09-11T11:44:22.758+0000][26480][gc,marking   ] GC(256) Concurrent Cleanup for Next Mark
[2020-09-11T11:44:22.761+0000][26480][gc,marking   ] GC(256) Concurrent Cleanup for Next Mark 2.312ms
[2020-09-11T11:44:22.761+0000][26480][gc           ] GC(256) Concurrent Cycle 241.555ms
[2020-09-11T11:44:22.761+0000][26480][gc,start     ] GC(257) Pause Young (Concurrent Start) (G1 Humongous Allocation)
[2020-09-11T11:44:22.761+0000][26480][gc,task      ] GC(257) Using 8 workers of 8 for evacuation
[2020-09-11T11:44:22.761+0000][26480][gc,age       ] GC(257) Desired survivor size 32505856 bytes, new threshold 15 (max threshold 15)
[2020-09-11T11:44:22.767+0000][26480][gc,age       ] GC(257) Age table with threshold 15 (max threshold 15)
[2020-09-11T11:44:22.767+0000][26480][gc,age       ] GC(257) - age   1:   12762480 bytes,   12762480 total
[2020-09-11T11:44:22.767+0000][26480][gc,age       ] GC(257) - age   2:       2416 bytes,   12764896 total
[2020-09-11T11:44:22.767+0000][26480][gc,age       ] GC(257) - age   3:       4472 bytes,   12769368 total
[2020-09-11T11:44:22.767+0000][26480][gc,age       ] GC(257) - age   4:      11504 bytes,   12780872 total
[2020-09-11T11:44:22.767+0000][26480][gc,age       ] GC(257) - age   5:      11864 bytes,   12792736 total
[2020-09-11T11:44:22.767+0000][26480][gc,age       ] GC(257) - age   6:        960 bytes,   12793696 total
[2020-09-11T11:44:22.767+0000][26480][gc,age       ] GC(257) - age   7:      27760 bytes,   12821456 total
[2020-09-11T11:44:22.767+0000][26480][gc,age       ] GC(257) - age   8:      13624 bytes,   12835080 total
[2020-09-11T11:44:22.767+0000][26480][gc,age       ] GC(257) - age   9:       1224 bytes,   12836304 total
[2020-09-11T11:44:22.767+0000][26480][gc,age       ] GC(257) - age  10:        720 bytes,   12837024 total
[2020-09-11T11:44:22.767+0000][26480][gc,age       ] GC(257) - age  11:        520 bytes,   12837544 total
[2020-09-11T11:44:22.767+0000][26480][gc,age       ] GC(257) - age  12:       5176 bytes,   12842720 total
[2020-09-11T11:44:22.767+0000][26480][gc,age       ] GC(257) - age  13:      11464 bytes,   12854184 total
[2020-09-11T11:44:22.767+0000][26480][gc,age       ] GC(257) - age  14:      29160 bytes,   12883344 total
[2020-09-11T11:44:22.767+0000][26480][gc,age       ] GC(257) - age  15:       1760 bytes,   12885104 total
[2020-09-11T11:44:22.767+0000][26480][gc,phases    ] GC(257)   Pre Evacuate Collection Set: 0.4ms
[2020-09-11T11:44:22.767+0000][26480][gc,phases    ] GC(257)   Merge Heap Roots: 0.1ms
[2020-09-11T11:44:22.767+0000][26480][gc,phases    ] GC(257)   Evacuate Collection Set: 3.5ms
[2020-09-11T11:44:22.767+0000][26480][gc,phases    ] GC(257)   Post Evacuate Collection Set: 1.0ms
[2020-09-11T11:44:22.768+0000][26480][gc,phases    ] GC(257)   Other: 1.1ms
[2020-09-11T11:44:22.768+0000][26480][gc,heap      ] GC(257) Eden regions: 44->0(477)
[2020-09-11T11:44:22.768+0000][26480][gc,heap      ] GC(257) Survivor regions: 5->13(62)
[2020-09-11T11:44:22.768+0000][26480][gc,heap      ] GC(257) Old regions: 78->78
[2020-09-11T11:44:22.768+0000][26480][gc,heap      ] GC(257) Archive regions: 0->0
[2020-09-11T11:44:22.768+0000][26480][gc,heap      ] GC(257) Humongous regions: 256->174
[2020-09-11T11:44:22.768+0000][26480][gc,metaspace ] GC(257) Metaspace: 87759K(93976K)->87759K(93976K) NonClass: 76590K(80280K)->76590K(80280K) Class: 11169K(13696K)->11169K(13696K)
[2020-09-11T11:44:22.768+0000][26480][gc           ] GC(257) Pause Young (Concurrent Start) (G1 Humongous Allocation) 381M->264M(1024M) 6.487ms
[2020-09-11T11:44:22.768+0000][26480][gc,cpu       ] GC(257) User=0.00s Sys=0.00s Real=0.01s
[2020-09-11T11:44:22.768+0000][26480][gc           ] GC(258) Concurrent Cycle
[2020-09-11T11:44:22.768+0000][26480][safepoint    ] Safepoint "G1TryInitiateConcMark", Time since last: 2668100 ns, Reaching safepoint: 283900 ns, At safepoint: 6729500 ns, Total: 7013400 ns
[2020-09-11T11:44:22.768+0000][26480][gc,marking   ] GC(258) Concurrent Clear Claimed Marks
[2020-09-11T11:44:22.769+0000][26480][gc,marking   ] GC(258) Concurrent Clear Claimed Marks 0.652ms
[2020-09-11T11:44:22.769+0000][26480][gc,marking   ] GC(258) Concurrent Scan Root Regions
[2020-09-11T11:44:22.771+0000][26480][gc,marking   ] GC(258) Concurrent Scan Root Regions 2.667ms
[2020-09-11T11:44:22.772+0000][26480][gc,marking   ] GC(258) Concurrent Mark (7067.906s)
[2020-09-11T11:44:22.772+0000][26480][gc,marking   ] GC(258) Concurrent Mark From Roots
[2020-09-11T11:44:22.772+0000][26480][gc,task      ] GC(258) Using 2 workers of 2 for marking
[2020-09-11T11:44:22.928+0000][26480][gc,marking   ] GC(258) Concurrent Mark From Roots 156.527ms
[2020-09-11T11:44:22.928+0000][26480][gc,marking   ] GC(258) Concurrent Preclean
[2020-09-11T11:44:22.929+0000][26480][gc,marking   ] GC(258) Concurrent Preclean 0.853ms
[2020-09-11T11:44:22.929+0000][26480][gc,marking   ] GC(258) Concurrent Mark (7067.906s, 7068.063s) 157.596ms
[2020-09-11T11:44:22.933+0000][26480][gc,start     ] GC(258) Pause Remark
[2020-09-11T11:44:22.939+0000][26480][gc           ] GC(258) Pause Remark 475M->475M(1024M) 6.439ms
[2020-09-11T11:44:22.939+0000][26480][gc,cpu       ] GC(258) User=0.00s Sys=0.00s Real=0.01s
[2020-09-11T11:44:22.940+0000][26480][safepoint    ] Safepoint "G1Concurrent", Time since last: 161240900 ns, Reaching safepoint: 3444400 ns, At safepoint: 6892900 ns, Total: 10337300 ns
[2020-09-11T11:44:22.940+0000][26480][gc,marking   ] GC(258) Concurrent Rebuild Remembered Sets
[2020-09-11T11:44:23.032+0000][26480][gc,marking   ] GC(258) Concurrent Rebuild Remembered Sets 92.594ms
[2020-09-11T11:44:23.033+0000][26480][gc,start     ] GC(258) Pause Cleanup
[2020-09-11T11:44:23.033+0000][26480][gc           ] GC(258) Pause Cleanup 479M->479M(1024M) 0.402ms
[2020-09-11T11:44:23.033+0000][26480][gc,cpu       ] GC(258) User=0.00s Sys=0.00s Real=0.00s
[2020-09-11T11:44:23.033+0000][26480][safepoint    ] Safepoint "G1Concurrent", Time since last: 92885800 ns, Reaching safepoint: 189500 ns, At safepoint: 602200 ns, Total: 791700 ns
[2020-09-11T11:44:23.033+0000][26480][gc,marking   ] GC(258) Concurrent Cleanup for Next Mark
[2020-09-11T11:44:23.035+0000][26480][gc,marking   ] GC(258) Concurrent Cleanup for Next Mark 2.028ms
[2020-09-11T11:44:23.035+0000][26480][gc           ] GC(258) Concurrent Cycle 267.542ms
[2020-09-11T11:44:23.042+0000][26480][gc,start     ] GC(259) Pause Young (Concurrent Start) (G1 Humongous Allocation)
[2020-09-11T11:44:23.042+0000][26480][gc,task      ] GC(259) Using 8 workers of 8 for evacuation
[2020-09-11T11:44:23.042+0000][26480][gc,age       ] GC(259) Desired survivor size 32505856 bytes, new threshold 15 (max threshold 15)
[2020-09-11T11:44:23.047+0000][26480][gc,age       ] GC(259) Age table with threshold 15 (max threshold 15)
[2020-09-11T11:44:23.047+0000][26480][gc,age       ] GC(259) - age   1:     223968 bytes,     223968 total
[2020-09-11T11:44:23.047+0000][26480][gc,age       ] GC(259) - age   2:    4188048 bytes,    4412016 total
[2020-09-11T11:44:23.047+0000][26480][gc,age       ] GC(259) - age   3:       2384 bytes,    4414400 total
[2020-09-11T11:44:23.047+0000][26480][gc,age       ] GC(259) - age   4:       3160 bytes,    4417560 total
[2020-09-11T11:44:23.047+0000][26480][gc,age       ] GC(259) - age   5:      11504 bytes,    4429064 total
[2020-09-11T11:44:23.047+0000][26480][gc,age       ] GC(259) - age   6:      11864 bytes,    4440928 total
[2020-09-11T11:44:23.047+0000][26480][gc,age       ] GC(259) - age   7:        960 bytes,    4441888 total
[2020-09-11T11:44:23.047+0000][26480][gc,age       ] GC(259) - age   8:      27760 bytes,    4469648 total
[2020-09-11T11:44:23.047+0000][26480][gc,age       ] GC(259) - age   9:      13592 bytes,    4483240 total
[2020-09-11T11:44:23.047+0000][26480][gc,age       ] GC(259) - age  10:       1224 bytes,    4484464 total
[2020-09-11T11:44:23.047+0000][26480][gc,age       ] GC(259) - age  11:        720 bytes,    4485184 total
[2020-09-11T11:44:23.047+0000][26480][gc,age       ] GC(259) - age  12:        488 bytes,    4485672 total
[2020-09-11T11:44:23.047+0000][26480][gc,age       ] GC(259) - age  13:       5176 bytes,    4490848 total
[2020-09-11T11:44:23.047+0000][26480][gc,age       ] GC(259) - age  14:      11464 bytes,    4502312 total
[2020-09-11T11:44:23.048+0000][26480][gc,age       ] GC(259) - age  15:      28824 bytes,    4531136 total
[2020-09-11T11:44:23.048+0000][26480][gc,phases    ] GC(259)   Pre Evacuate Collection Set: 0.5ms
[2020-09-11T11:44:23.048+0000][26480][gc,phases    ] GC(259)   Merge Heap Roots: 0.1ms
[2020-09-11T11:44:23.048+0000][26480][gc,phases    ] GC(259)   Evacuate Collection Set: 2.7ms
[2020-09-11T11:44:23.048+0000][26480][gc,phases    ] GC(259)   Post Evacuate Collection Set: 1.0ms
[2020-09-11T11:44:23.048+0000][26480][gc,phases    ] GC(259)   Other: 1.4ms
[2020-09-11T11:44:23.048+0000][26480][gc,heap      ] GC(259) Eden regions: 43->0(490)
[2020-09-11T11:44:23.048+0000][26480][gc,heap      ] GC(259) Survivor regions: 13->5(62)
[2020-09-11T11:44:23.048+0000][26480][gc,heap      ] GC(259) Old regions: 78->78
[2020-09-11T11:44:23.048+0000][26480][gc,heap      ] GC(259) Archive regions: 0->0
[2020-09-11T11:44:23.048+0000][26480][gc,heap      ] GC(259) Humongous regions: 348->174
[2020-09-11T11:44:23.048+0000][26480][gc,metaspace ] GC(259) Metaspace: 87759K(93976K)->87759K(93976K) NonClass: 76590K(80280K)->76590K(80280K) Class: 11169K(13696K)->11169K(13696K)
[2020-09-11T11:44:23.048+0000][26480][gc           ] GC(259) Pause Young (Concurrent Start) (G1 Humongous Allocation) 480M->256M(1024M) 5.994ms
[2020-09-11T11:44:23.048+0000][26480][gc,cpu       ] GC(259) User=0.00s Sys=0.00s Real=0.01s
[2020-09-11T11:44:23.048+0000][26480][gc           ] GC(260) Concurrent Cycle
[2020-09-11T11:44:23.048+0000][26480][safepoint    ] Safepoint "G1TryInitiateConcMark", Time since last: 8568200 ns, Reaching safepoint: 176100 ns, At safepoint: 6206000 ns, Total: 6382100 ns
[2020-09-11T11:44:23.048+0000][26480][gc,marking   ] GC(260) Concurrent Clear Claimed Marks
[2020-09-11T11:44:23.049+0000][26480][gc,marking   ] GC(260) Concurrent Clear Claimed Marks 0.745ms
[2020-09-11T11:44:23.049+0000][26480][gc,marking   ] GC(260) Concurrent Scan Root Regions
[2020-09-11T11:44:23.052+0000][26480][gc,marking   ] GC(260) Concurrent Scan Root Regions 2.965ms
[2020-09-11T11:44:23.052+0000][26480][gc,marking   ] GC(260) Concurrent Mark (7068.186s)
[2020-09-11T11:44:23.052+0000][26480][gc,marking   ] GC(260) Concurrent Mark From Roots
[2020-09-11T11:44:23.052+0000][26480][gc,task      ] GC(260) Using 2 workers of 2 for marking
[2020-09-11T11:44:23.167+0000][26480][gc,marking   ] GC(260) Concurrent Mark From Roots 115.495ms
[2020-09-11T11:44:23.167+0000][26480][gc,marking   ] GC(260) Concurrent Preclean
[2020-09-11T11:44:23.168+0000][26480][gc,marking   ] GC(260) Concurrent Preclean 0.633ms
[2020-09-11T11:44:23.168+0000][26480][gc,marking   ] GC(260) Concurrent Mark (7068.186s, 7068.303s) 116.304ms
[2020-09-11T11:44:23.168+0000][26480][gc,start     ] GC(260) Pause Remark
[2020-09-11T11:44:23.175+0000][26480][gc           ] GC(260) Pause Remark 331M->331M(1024M) 6.553ms
[2020-09-11T11:44:23.175+0000][26480][gc,cpu       ] GC(260) User=0.00s Sys=0.00s Real=0.01s
[2020-09-11T11:44:23.175+0000][26480][safepoint    ] Safepoint "G1Concurrent", Time since last: 120350500 ns, Reaching safepoint: 138400 ns, At safepoint: 6787600 ns, Total: 6926000 ns
[2020-09-11T11:44:23.175+0000][26480][gc,marking   ] GC(260) Concurrent Rebuild Remembered Sets
[2020-09-11T11:44:23.244+0000][26480][gc,marking   ] GC(260) Concurrent Rebuild Remembered Sets 69.168ms
[2020-09-11T11:44:23.244+0000][26480][gc,start     ] GC(260) Pause Cleanup
[2020-09-11T11:44:23.245+0000][26480][gc           ] GC(260) Pause Cleanup 338M->338M(1024M) 0.299ms
[2020-09-11T11:44:23.245+0000][26480][gc,cpu       ] GC(260) User=0.00s Sys=0.00s Real=0.00s
[2020-09-11T11:44:23.245+0000][26480][safepoint    ] Safepoint "G1Concurrent", Time since last: 69320400 ns, Reaching safepoint: 144300 ns, At safepoint: 464400 ns, Total: 608700 ns
[2020-09-11T11:44:23.245+0000][26480][gc,marking   ] GC(260) Concurrent Cleanup for Next Mark
[2020-09-11T11:44:23.246+0000][26480][gc,marking   ] GC(260) Concurrent Cleanup for Next Mark 1.495ms
[2020-09-11T11:44:23.247+0000][26480][gc           ] GC(260) Concurrent Cycle 198.955ms
[2020-09-11T11:44:23.262+0000][26480][safepoint    ] Safepoint "BulkRevokeBias", Time since last: 15374400 ns, Reaching safepoint: 158700 ns, At safepoint: 1096500 ns, Total: 1255200 ns
[2020-09-11T11:44:23.276+0000][26480][gc,start     ] GC(261) Pause Young (Concurrent Start) (G1 Humongous Allocation)
[2020-09-11T11:44:23.276+0000][26480][gc,task      ] GC(261) Using 8 workers of 8 for evacuation
[2020-09-11T11:44:23.276+0000][26480][gc,age       ] GC(261) Desired survivor size 32505856 bytes, new threshold 15 (max threshold 15)
[2020-09-11T11:44:23.282+0000][26480][gc,age       ] GC(261) Age table with threshold 15 (max threshold 15)
[2020-09-11T11:44:23.282+0000][26480][gc,age       ] GC(261) - age   1:   13576136 bytes,   13576136 total
[2020-09-11T11:44:23.282+0000][26480][gc,age       ] GC(261) - age   2:       1712 bytes,   13577848 total
[2020-09-11T11:44:23.282+0000][26480][gc,age       ] GC(261) - age   3:       1864 bytes,   13579712 total
[2020-09-11T11:44:23.282+0000][26480][gc,age       ] GC(261) - age   4:       1776 bytes,   13581488 total
[2020-09-11T11:44:23.282+0000][26480][gc,age       ] GC(261) - age   5:       2112 bytes,   13583600 total
[2020-09-11T11:44:23.282+0000][26480][gc,age       ] GC(261) - age   6:      11440 bytes,   13595040 total
[2020-09-11T11:44:23.282+0000][26480][gc,age       ] GC(261) - age   7:      11832 bytes,   13606872 total
[2020-09-11T11:44:23.282+0000][26480][gc,age       ] GC(261) - age   8:        960 bytes,   13607832 total
[2020-09-11T11:44:23.282+0000][26480][gc,age       ] GC(261) - age   9:      27664 bytes,   13635496 total
[2020-09-11T11:44:23.282+0000][26480][gc,age       ] GC(261) - age  10:      13560 bytes,   13649056 total
[2020-09-11T11:44:23.282+0000][26480][gc,age       ] GC(261) - age  11:       1064 bytes,   13650120 total
[2020-09-11T11:44:23.282+0000][26480][gc,age       ] GC(261) - age  12:        624 bytes,   13650744 total
[2020-09-11T11:44:23.282+0000][26480][gc,age       ] GC(261) - age  13:        488 bytes,   13651232 total
[2020-09-11T11:44:23.282+0000][26480][gc,age       ] GC(261) - age  14:       5176 bytes,   13656408 total
[2020-09-11T11:44:23.282+0000][26480][gc,age       ] GC(261) - age  15:      11464 bytes,   13667872 total
[2020-09-11T11:44:23.282+0000][26480][gc,phases    ] GC(261)   Pre Evacuate Collection Set: 0.5ms
[2020-09-11T11:44:23.282+0000][26480][gc,phases    ] GC(261)   Merge Heap Roots: 0.1ms
[2020-09-11T11:44:23.282+0000][26480][gc,phases    ] GC(261)   Evacuate Collection Set: 3.5ms
[2020-09-11T11:44:23.282+0000][26480][gc,phases    ] GC(261)   Post Evacuate Collection Set: 1.0ms
[2020-09-11T11:44:23.282+0000][26480][gc,phases    ] GC(261)   Other: 0.8ms
[2020-09-11T11:44:23.282+0000][26480][gc,heap      ] GC(261) Eden regions: 57->0(477)
[2020-09-11T11:44:23.282+0000][26480][gc,heap      ] GC(261) Survivor regions: 5->14(62)
[2020-09-11T11:44:23.282+0000][26480][gc,heap      ] GC(261) Old regions: 78->78
[2020-09-11T11:44:23.282+0000][26480][gc,heap      ] GC(261) Archive regions: 0->0
[2020-09-11T11:44:23.282+0000][26480][gc,heap      ] GC(261) Humongous regions: 229->174
[2020-09-11T11:44:23.282+0000][26480][gc,metaspace ] GC(261) Metaspace: 87777K(93976K)->87777K(93976K) NonClass: 76607K(80280K)->76607K(80280K) Class: 11169K(13696K)->11169K(13696K)
[2020-09-11T11:44:23.282+0000][26480][gc           ] GC(261) Pause Young (Concurrent Start) (G1 Humongous Allocation) 368M->264M(1024M) 6.193ms
[2020-09-11T11:44:23.282+0000][26480][gc,cpu       ] GC(261) User=0.00s Sys=0.00s Real=0.01s
[2020-09-11T11:44:23.282+0000][26480][gc           ] GC(262) Concurrent Cycle
[2020-09-11T11:44:23.283+0000][26480][gc,marking   ] GC(262) Concurrent Clear Claimed Marks
[2020-09-11T11:44:23.283+0000][26480][safepoint    ] Safepoint "G1TryInitiateConcMark", Time since last: 14434700 ns, Reaching safepoint: 194700 ns, At safepoint: 6530700 ns, Total: 6725400 ns
[2020-09-11T11:44:23.283+0000][26480][gc,marking   ] GC(262) Concurrent Clear Claimed Marks 0.333ms
[2020-09-11T11:44:23.283+0000][26480][gc,marking   ] GC(262) Concurrent Scan Root Regions
[2020-09-11T11:44:23.285+0000][26480][gc,marking   ] GC(262) Concurrent Scan Root Regions 2.081ms
[2020-09-11T11:44:23.285+0000][26480][gc,marking   ] GC(262) Concurrent Mark (7068.420s)
[2020-09-11T11:44:23.285+0000][26480][gc,marking   ] GC(262) Concurrent Mark From Roots
[2020-09-11T11:44:23.285+0000][26480][gc,task      ] GC(262) Using 2 workers of 2 for marking
[2020-09-11T11:44:23.442+0000][26480][gc,marking   ] GC(262) Concurrent Mark From Roots 156.617ms
[2020-09-11T11:44:23.442+0000][26480][gc,marking   ] GC(262) Concurrent Preclean
[2020-09-11T11:44:23.443+0000][26480][gc,marking   ] GC(262) Concurrent Preclean 0.852ms
[2020-09-11T11:44:23.443+0000][26480][gc,marking   ] GC(262) Concurrent Mark (7068.420s, 7068.578s) 157.691ms
[2020-09-11T11:44:23.443+0000][26480][gc,start     ] GC(262) Pause Remark
[2020-09-11T11:44:23.449+0000][26480][gc           ] GC(262) Pause Remark 505M->505M(1024M) 5.879ms
[2020-09-11T11:44:23.449+0000][26480][gc,cpu       ] GC(262) User=0.11s Sys=0.00s Real=0.01s
[2020-09-11T11:44:23.449+0000][26480][safepoint    ] Safepoint "G1Concurrent", Time since last: 160220500 ns, Reaching safepoint: 159700 ns, At safepoint: 6093900 ns, Total: 6253600 ns
[2020-09-11T11:44:23.449+0000][26480][gc,marking   ] GC(262) Concurrent Rebuild Remembered Sets
[2020-09-11T11:44:23.546+0000][26480][gc,marking   ] GC(262) Concurrent Rebuild Remembered Sets 96.603ms
[2020-09-11T11:44:23.546+0000][26480][gc,start     ] GC(262) Pause Cleanup
[2020-09-11T11:44:23.546+0000][26480][gc           ] GC(262) Pause Cleanup 516M->516M(1024M) 0.343ms
[2020-09-11T11:44:23.547+0000][26480][gc,cpu       ] GC(262) User=0.00s Sys=0.00s Real=0.00s
[2020-09-11T11:44:23.547+0000][26480][safepoint    ] Safepoint "G1Concurrent", Time since last: 96797200 ns, Reaching safepoint: 155600 ns, At safepoint: 586600 ns, Total: 742200 ns
[2020-09-11T11:44:23.547+0000][26480][gc,marking   ] GC(262) Concurrent Cleanup for Next Mark
[2020-09-11T11:44:23.548+0000][26480][gc,marking   ] GC(262) Concurrent Cleanup for Next Mark 1.711ms
[2020-09-11T11:44:23.549+0000][26480][gc           ] GC(262) Concurrent Cycle 266.125ms
[2020-09-11T11:44:23.559+0000][26480][gc,start     ] GC(263) Pause Young (Concurrent Start) (G1 Humongous Allocation)
[2020-09-11T11:44:23.559+0000][26480][gc,task      ] GC(263) Using 8 workers of 8 for evacuation
[2020-09-11T11:44:23.559+0000][26480][gc,age       ] GC(263) Desired survivor size 32505856 bytes, new threshold 15 (max threshold 15)
[2020-09-11T11:44:23.562+0000][26480][gc,age       ] GC(263) Age table with threshold 15 (max threshold 15)
[2020-09-11T11:44:23.562+0000][26480][gc,age       ] GC(263) - age   1:     660872 bytes,     660872 total
[2020-09-11T11:44:23.562+0000][26480][gc,age       ] GC(263) - age   2:    2714064 bytes,    3374936 total
[2020-09-11T11:44:23.563+0000][26480][gc,age       ] GC(263) - age   3:       1680 bytes,    3376616 total
[2020-09-11T11:44:23.563+0000][26480][gc,age       ] GC(263) - age   4:       1784 bytes,    3378400 total
[2020-09-11T11:44:23.563+0000][26480][gc,age       ] GC(263) - age   5:       1376 bytes,    3379776 total
[2020-09-11T11:44:23.563+0000][26480][gc,age       ] GC(263) - age   6:       2112 bytes,    3381888 total
[2020-09-11T11:44:23.563+0000][26480][gc,age       ] GC(263) - age   7:      11440 bytes,    3393328 total
[2020-09-11T11:44:23.563+0000][26480][gc,age       ] GC(263) - age   8:      11832 bytes,    3405160 total
[2020-09-11T11:44:23.563+0000][26480][gc,age       ] GC(263) - age   9:        960 bytes,    3406120 total
[2020-09-11T11:44:23.563+0000][26480][gc,age       ] GC(263) - age  10:      27560 bytes,    3433680 total
[2020-09-11T11:44:23.563+0000][26480][gc,age       ] GC(263) - age  11:      13560 bytes,    3447240 total
[2020-09-11T11:44:23.563+0000][26480][gc,age       ] GC(263) - age  12:       1064 bytes,    3448304 total
[2020-09-11T11:44:23.563+0000][26480][gc,age       ] GC(263) - age  13:        624 bytes,    3448928 total
[2020-09-11T11:44:23.563+0000][26480][gc,age       ] GC(263) - age  14:        488 bytes,    3449416 total
[2020-09-11T11:44:23.563+0000][26480][gc,age       ] GC(263) - age  15:       5176 bytes,    3454592 total
[2020-09-11T11:44:23.563+0000][26480][gc,phases    ] GC(263)   Pre Evacuate Collection Set: 0.4ms
[2020-09-11T11:44:23.563+0000][26480][gc,phases    ] GC(263)   Merge Heap Roots: 0.1ms
[2020-09-11T11:44:23.563+0000][26480][gc,phases    ] GC(263)   Evacuate Collection Set: 2.0ms
[2020-09-11T11:44:23.563+0000][26480][gc,phases    ] GC(263)   Post Evacuate Collection Set: 0.7ms
[2020-09-11T11:44:23.563+0000][26480][gc,phases    ] GC(263)   Other: 0.7ms
[2020-09-11T11:44:23.563+0000][26480][gc,heap      ] GC(263) Eden regions: 55->0(491)
[2020-09-11T11:44:23.563+0000][26480][gc,heap      ] GC(263) Survivor regions: 14->5(62)
[2020-09-11T11:44:23.563+0000][26480][gc,heap      ] GC(263) Old regions: 78->78
[2020-09-11T11:44:23.563+0000][26480][gc,heap      ] GC(263) Archive regions: 0->0
[2020-09-11T11:44:23.563+0000][26480][gc,heap      ] GC(263) Humongous regions: 375->174
[2020-09-11T11:44:23.563+0000][26480][gc,metaspace ] GC(263) Metaspace: 87781K(93976K)->87781K(93976K) NonClass: 76612K(80280K)->76612K(80280K) Class: 11169K(13696K)->11169K(13696K)
[2020-09-11T11:44:23.563+0000][26480][gc           ] GC(263) Pause Young (Concurrent Start) (G1 Humongous Allocation) 520M->255M(1024M) 4.195ms
[2020-09-11T11:44:23.563+0000][26480][gc,cpu       ] GC(263) User=0.00s Sys=0.00s Real=0.00s
[2020-09-11T11:44:23.563+0000][26480][gc           ] GC(264) Concurrent Cycle
[2020-09-11T11:44:23.563+0000][26480][safepoint    ] Safepoint "G1TryInitiateConcMark", Time since last: 12050100 ns, Reaching safepoint: 137400 ns, At safepoint: 4381400 ns, Total: 4518800 ns
[2020-09-11T11:44:23.563+0000][26480][gc,marking   ] GC(264) Concurrent Clear Claimed Marks
[2020-09-11T11:44:23.564+0000][26480][gc,marking   ] GC(264) Concurrent Clear Claimed Marks 0.739ms
[2020-09-11T11:44:23.564+0000][26480][gc,marking   ] GC(264) Concurrent Scan Root Regions
[2020-09-11T11:44:23.567+0000][26480][gc,marking   ] GC(264) Concurrent Scan Root Regions 2.552ms
[2020-09-11T11:44:23.567+0000][26480][gc,marking   ] GC(264) Concurrent Mark (7068.702s)
[2020-09-11T11:44:23.567+0000][26480][gc,marking   ] GC(264) Concurrent Mark From Roots
[2020-09-11T11:44:23.567+0000][26480][gc,task      ] GC(264) Using 2 workers of 2 for marking
[2020-09-11T11:44:23.699+0000][26480][gc,marking   ] GC(264) Concurrent Mark From Roots 132.373ms
[2020-09-11T11:44:23.699+0000][26480][gc,marking   ] GC(264) Concurrent Preclean
[2020-09-11T11:44:23.700+0000][26480][gc,marking   ] GC(264) Concurrent Preclean 0.528ms
[2020-09-11T11:44:23.700+0000][26480][gc,marking   ] GC(264) Concurrent Mark (7068.702s, 7068.835s) 133.037ms
[2020-09-11T11:44:23.700+0000][26480][gc,start     ] GC(264) Pause Remark
[2020-09-11T11:44:23.705+0000][26480][gc           ] GC(264) Pause Remark 317M->317M(1024M) 5.141ms
[2020-09-11T11:44:23.705+0000][26480][gc,cpu       ] GC(264) User=0.00s Sys=0.00s Real=0.00s
[2020-09-11T11:44:23.705+0000][26480][safepoint    ] Safepoint "G1Concurrent", Time since last: 136669400 ns, Reaching safepoint: 159000 ns, At safepoint: 5391100 ns, Total: 5550100 ns
[2020-09-11T11:44:23.706+0000][26480][gc,marking   ] GC(264) Concurrent Rebuild Remembered Sets
[2020-09-11T11:44:23.792+0000][26480][gc,marking   ] GC(264) Concurrent Rebuild Remembered Sets 86.383ms
[2020-09-11T11:44:23.792+0000][26480][gc,start     ] GC(264) Pause Cleanup
[2020-09-11T11:44:23.793+0000][26480][gc           ] GC(264) Pause Cleanup 328M->328M(1024M) 0.345ms
[2020-09-11T11:44:23.793+0000][26480][gc,cpu       ] GC(264) User=0.00s Sys=0.00s Real=0.00s
[2020-09-11T11:44:23.794+0000][26480][safepoint    ] Safepoint "G1Concurrent", Time since last: 86577000 ns, Reaching safepoint: 278100 ns, At safepoint: 1212600 ns, Total: 1490700 ns
[2020-09-11T11:44:23.794+0000][26480][gc,marking   ] GC(264) Concurrent Cleanup for Next Mark
[2020-09-11T11:44:23.795+0000][26480][gc,marking   ] GC(264) Concurrent Cleanup for Next Mark 1.842ms
[2020-09-11T11:44:23.796+0000][26480][gc           ] GC(264) Concurrent Cycle 232.408ms
[2020-09-11T11:44:23.830+0000][26480][gc,start     ] GC(265) Pause Young (Concurrent Start) (G1 Humongous Allocation)
[2020-09-11T11:44:23.830+0000][26480][gc,task      ] GC(265) Using 8 workers of 8 for evacuation
[2020-09-11T11:44:23.830+0000][26480][gc,age       ] GC(265) Desired survivor size 32505856 bytes, new threshold 15 (max threshold 15)
[2020-09-11T11:44:23.835+0000][26480][gc,age       ] GC(265) Age table with threshold 15 (max threshold 15)
[2020-09-11T11:44:23.835+0000][26480][gc,age       ] GC(265) - age   1:    8169264 bytes,    8169264 total
[2020-09-11T11:44:23.835+0000][26480][gc,age       ] GC(265) - age   2:       1520 bytes,    8170784 total
[2020-09-11T11:44:23.835+0000][26480][gc,age       ] GC(265) - age   3:       3184 bytes,    8173968 total
[2020-09-11T11:44:23.835+0000][26480][gc,age       ] GC(265) - age   4:       1480 bytes,    8175448 total
[2020-09-11T11:44:23.835+0000][26480][gc,age       ] GC(265) - age   5:       1112 bytes,    8176560 total
[2020-09-11T11:44:23.835+0000][26480][gc,age       ] GC(265) - age   6:       1376 bytes,    8177936 total
[2020-09-11T11:44:23.835+0000][26480][gc,age       ] GC(265) - age   7:       2112 bytes,    8180048 total
[2020-09-11T11:44:23.835+0000][26480][gc,age       ] GC(265) - age   8:      11440 bytes,    8191488 total
[2020-09-11T11:44:23.835+0000][26480][gc,age       ] GC(265) - age   9:      11704 bytes,    8203192 total
[2020-09-11T11:44:23.835+0000][26480][gc,age       ] GC(265) - age  10:        960 bytes,    8204152 total
[2020-09-11T11:44:23.835+0000][26480][gc,age       ] GC(265) - age  11:      27560 bytes,    8231712 total
[2020-09-11T11:44:23.835+0000][26480][gc,age       ] GC(265) - age  12:      13560 bytes,    8245272 total
[2020-09-11T11:44:23.835+0000][26480][gc,age       ] GC(265) - age  13:       1064 bytes,    8246336 total
[2020-09-11T11:44:23.836+0000][26480][gc,age       ] GC(265) - age  14:        624 bytes,    8246960 total
[2020-09-11T11:44:23.836+0000][26480][gc,age       ] GC(265) - age  15:        488 bytes,    8247448 total
[2020-09-11T11:44:23.836+0000][26480][gc,phases    ] GC(265)   Pre Evacuate Collection Set: 0.5ms
[2020-09-11T11:44:23.836+0000][26480][gc,phases    ] GC(265)   Merge Heap Roots: 0.1ms
[2020-09-11T11:44:23.836+0000][26480][gc,phases    ] GC(265)   Evacuate Collection Set: 3.2ms
[2020-09-11T11:44:23.836+0000][26480][gc,phases    ] GC(265)   Post Evacuate Collection Set: 0.8ms
[2020-09-11T11:44:23.836+0000][26480][gc,phases    ] GC(265)   Other: 1.1ms
[2020-09-11T11:44:23.836+0000][26480][gc,heap      ] GC(265) Eden regions: 40->0(426)
[2020-09-11T11:44:23.836+0000][26480][gc,heap      ] GC(265) Survivor regions: 5->9(62)
[2020-09-11T11:44:23.836+0000][26480][gc,heap      ] GC(265) Old regions: 78->78
[2020-09-11T11:44:23.836+0000][26480][gc,heap      ] GC(265) Archive regions: 0->0
[2020-09-11T11:44:23.836+0000][26480][gc,heap      ] GC(265) Humongous regions: 229->174
[2020-09-11T11:44:23.836+0000][26480][gc,metaspace ] GC(265) Metaspace: 87808K(93976K)->87808K(93976K) NonClass: 76638K(80280K)->76638K(80280K) Class: 11169K(13696K)->11169K(13696K)
[2020-09-11T11:44:23.836+0000][26480][gc           ] GC(265) Pause Young (Concurrent Start) (G1 Humongous Allocation) 349M->259M(1024M) 6.014ms
[2020-09-11T11:44:23.836+0000][26480][gc,cpu       ] GC(265) User=0.00s Sys=0.00s Real=0.01s
[2020-09-11T11:44:23.836+0000][26480][gc           ] GC(266) Concurrent Cycle
[2020-09-11T11:44:23.836+0000][26480][gc,marking   ] GC(266) Concurrent Clear Claimed Marks
[2020-09-11T11:44:23.837+0000][26480][gc,marking   ] GC(266) Concurrent Clear Claimed Marks 0.369ms
[2020-09-11T11:44:23.837+0000][26480][gc,marking   ] GC(266) Concurrent Scan Root Regions
[2020-09-11T11:44:23.838+0000][26480][gc,marking   ] GC(266) Concurrent Scan Root Regions 1.500ms
[2020-09-11T11:44:23.838+0000][26480][gc,marking   ] GC(266) Concurrent Mark (7068.973s)
[2020-09-11T11:44:23.838+0000][26480][gc,marking   ] GC(266) Concurrent Mark From Roots
[2020-09-11T11:44:23.838+0000][26480][gc,task      ] GC(266) Using 2 workers of 2 for marking
[2020-09-11T11:44:23.839+0000][26480][safepoint    ] Safepoint "G1TryInitiateConcMark", Time since last: 36237200 ns, Reaching safepoint: 260400 ns, At safepoint: 8852700 ns, Total: 9113100 ns
[2020-09-11T11:44:23.997+0000][26480][gc,marking   ] GC(266) Concurrent Mark From Roots 157.930ms
[2020-09-11T11:44:23.997+0000][26480][gc,marking   ] GC(266) Concurrent Preclean
[2020-09-11T11:44:23.998+0000][26480][gc,marking   ] GC(266) Concurrent Preclean 0.934ms
[2020-09-11T11:44:23.998+0000][26480][gc,marking   ] GC(266) Concurrent Mark (7068.973s, 7069.132s) 159.080ms
[2020-09-11T11:44:23.998+0000][26480][gc,start     ] GC(266) Pause Remark
[2020-09-11T11:44:24.005+0000][26480][gc           ] GC(266) Pause Remark 505M->505M(1024M) 6.663ms
[2020-09-11T11:44:24.005+0000][26480][gc,cpu       ] GC(266) User=0.00s Sys=0.00s Real=0.01s
[2020-09-11T11:44:24.007+0000][26480][safepoint    ] Safepoint "G1Concurrent", Time since last: 158593700 ns, Reaching safepoint: 182900 ns, At safepoint: 8698000 ns, Total: 8880900 ns
[2020-09-11T11:44:24.007+0000][26480][gc,marking   ] GC(266) Concurrent Rebuild Remembered Sets
[2020-09-11T11:44:24.105+0000][26480][gc,marking   ] GC(266) Concurrent Rebuild Remembered Sets 98.001ms
[2020-09-11T11:44:24.105+0000][26480][gc,start     ] GC(266) Pause Cleanup
[2020-09-11T11:44:24.106+0000][26480][gc           ] GC(266) Pause Cleanup 508M->508M(1024M) 0.445ms
[2020-09-11T11:44:24.106+0000][26480][gc,cpu       ] GC(266) User=0.00s Sys=0.00s Real=0.00s
[2020-09-11T11:44:24.106+0000][26480][safepoint    ] Safepoint "G1Concurrent", Time since last: 98243300 ns, Reaching safepoint: 231800 ns, At safepoint: 681200 ns, Total: 913000 ns
[2020-09-11T11:44:24.106+0000][26480][gc,marking   ] GC(266) Concurrent Cleanup for Next Mark
[2020-09-11T11:44:24.108+0000][26480][gc,marking   ] GC(266) Concurrent Cleanup for Next Mark 2.208ms
[2020-09-11T11:44:24.108+0000][26480][gc           ] GC(266) Concurrent Cycle 271.693ms
[2020-09-11T11:44:24.177+0000][26480][gc,start     ] GC(267) Pause Young (Concurrent Start) (G1 Humongous Allocation)
[2020-09-11T11:44:24.177+0000][26480][gc,task      ] GC(267) Using 8 workers of 8 for evacuation
[2020-09-11T11:44:24.177+0000][26480][gc,age       ] GC(267) Desired survivor size 28835840 bytes, new threshold 15 (max threshold 15)
[2020-09-11T11:44:24.181+0000][26480][gc,age       ] GC(267) Age table with threshold 15 (max threshold 15)
[2020-09-11T11:44:24.181+0000][26480][gc,age       ] GC(267) - age   1:    3374408 bytes,    3374408 total
[2020-09-11T11:44:24.181+0000][26480][gc,age       ] GC(267) - age   2:     120008 bytes,    3494416 total
[2020-09-11T11:44:24.181+0000][26480][gc,age       ] GC(267) - age   3:       1464 bytes,    3495880 total
[2020-09-11T11:44:24.181+0000][26480][gc,age       ] GC(267) - age   4:       2568 bytes,    3498448 total
[2020-09-11T11:44:24.181+0000][26480][gc,age       ] GC(267) - age   5:        400 bytes,    3498848 total
[2020-09-11T11:44:24.181+0000][26480][gc,age       ] GC(267) - age   6:       1112 bytes,    3499960 total
[2020-09-11T11:44:24.181+0000][26480][gc,age       ] GC(267) - age   7:       1376 bytes,    3501336 total
[2020-09-11T11:44:24.181+0000][26480][gc,age       ] GC(267) - age   8:       2080 bytes,    3503416 total
[2020-09-11T11:44:24.181+0000][26480][gc,age       ] GC(267) - age   9:      11376 bytes,    3514792 total
[2020-09-11T11:44:24.182+0000][26480][gc,age       ] GC(267) - age  10:      11672 bytes,    3526464 total
[2020-09-11T11:44:24.182+0000][26480][gc,age       ] GC(267) - age  11:        960 bytes,    3527424 total
[2020-09-11T11:44:24.182+0000][26480][gc,age       ] GC(267) - age  12:      27560 bytes,    3554984 total
[2020-09-11T11:44:24.182+0000][26480][gc,age       ] GC(267) - age  13:      13560 bytes,    3568544 total
[2020-09-11T11:44:24.182+0000][26480][gc,age       ] GC(267) - age  14:       1064 bytes,    3569608 total
[2020-09-11T11:44:24.182+0000][26480][gc,age       ] GC(267) - age  15:        624 bytes,    3570232 total
[2020-09-11T11:44:24.182+0000][26480][gc,phases    ] GC(267)   Pre Evacuate Collection Set: 0.5ms
[2020-09-11T11:44:24.182+0000][26480][gc,phases    ] GC(267)   Merge Heap Roots: 0.2ms
[2020-09-11T11:44:24.182+0000][26480][gc,phases    ] GC(267)   Evacuate Collection Set: 2.4ms
[2020-09-11T11:44:24.182+0000][26480][gc,phases    ] GC(267)   Post Evacuate Collection Set: 1.0ms
[2020-09-11T11:44:24.182+0000][26480][gc,phases    ] GC(267)   Other: 1.1ms
[2020-09-11T11:44:24.182+0000][26480][gc,heap      ] GC(267) Eden regions: 58->0(444)
[2020-09-11T11:44:24.182+0000][26480][gc,heap      ] GC(267) Survivor regions: 9->4(55)
[2020-09-11T11:44:24.182+0000][26480][gc,heap      ] GC(267) Old regions: 78->78
[2020-09-11T11:44:24.182+0000][26480][gc,heap      ] GC(267) Archive regions: 0->0
[2020-09-11T11:44:24.182+0000][26480][gc,heap      ] GC(267) Humongous regions: 375->174
[2020-09-11T11:44:24.182+0000][26480][gc,metaspace ] GC(267) Metaspace: 87818K(93976K)->87818K(93976K) NonClass: 76649K(80280K)->76649K(80280K) Class: 11169K(13696K)->11169K(13696K)
[2020-09-11T11:44:24.182+0000][26480][gc           ] GC(267) Pause Young (Concurrent Start) (G1 Humongous Allocation) 517M->254M(1024M) 5.584ms
[2020-09-11T11:44:24.182+0000][26480][gc,cpu       ] GC(267) User=0.05s Sys=0.00s Real=0.00s
[2020-09-11T11:44:24.182+0000][26480][gc           ] GC(268) Concurrent Cycle
[2020-09-11T11:44:24.182+0000][26480][gc,marking   ] GC(268) Concurrent Clear Claimed Marks
[2020-09-11T11:44:24.183+0000][26480][safepoint    ] Safepoint "G1TryInitiateConcMark", Time since last: 70411200 ns, Reaching safepoint: 193700 ns, At safepoint: 5991300 ns, Total: 6185000 ns
[2020-09-11T11:44:24.183+0000][26480][gc,marking   ] GC(268) Concurrent Clear Claimed Marks 0.301ms
[2020-09-11T11:44:24.183+0000][26480][gc,marking   ] GC(268) Concurrent Scan Root Regions
[2020-09-11T11:44:24.185+0000][26480][gc,marking   ] GC(268) Concurrent Scan Root Regions 2.168ms
[2020-09-11T11:44:24.185+0000][26480][gc,marking   ] GC(268) Concurrent Mark (7069.319s)
[2020-09-11T11:44:24.185+0000][26480][gc,marking   ] GC(268) Concurrent Mark From Roots
[2020-09-11T11:44:24.185+0000][26480][gc,task      ] GC(268) Using 2 workers of 2 for marking
[2020-09-11T11:44:24.325+0000][26480][gc,marking   ] GC(268) Concurrent Mark From Roots 140.708ms
[2020-09-11T11:44:24.325+0000][26480][gc,marking   ] GC(268) Concurrent Preclean
[2020-09-11T11:44:24.326+0000][26480][gc,marking   ] GC(268) Concurrent Preclean 0.657ms
[2020-09-11T11:44:24.326+0000][26480][gc,marking   ] GC(268) Concurrent Mark (7069.319s, 7069.461s) 141.528ms
[2020-09-11T11:44:24.326+0000][26480][gc,start     ] GC(268) Pause Remark
[2020-09-11T11:44:24.332+0000][26480][gc           ] GC(268) Pause Remark 326M->326M(1024M) 6.076ms
[2020-09-11T11:44:24.332+0000][26480][gc,cpu       ] GC(268) User=0.00s Sys=0.00s Real=0.01s
[2020-09-11T11:44:24.332+0000][26480][safepoint    ] Safepoint "G1Concurrent", Time since last: 144081600 ns, Reaching safepoint: 175200 ns, At safepoint: 6256300 ns, Total: 6431500 ns
[2020-09-11T11:44:24.333+0000][26480][gc,marking   ] GC(268) Concurrent Rebuild Remembered Sets
[2020-09-11T11:44:24.422+0000][26480][gc,marking   ] GC(268) Concurrent Rebuild Remembered Sets 89.288ms
[2020-09-11T11:44:24.422+0000][26480][gc,start     ] GC(268) Pause Cleanup
[2020-09-11T11:44:24.423+0000][26480][gc           ] GC(268) Pause Cleanup 331M->331M(1024M) 0.494ms
[2020-09-11T11:44:24.423+0000][26480][gc,cpu       ] GC(268) User=0.00s Sys=0.00s Real=0.00s
[2020-09-11T11:44:24.423+0000][26480][safepoint    ] Safepoint "G1Concurrent", Time since last: 89512700 ns, Reaching safepoint: 467900 ns, At safepoint: 697200 ns, Total: 1165100 ns
[2020-09-11T11:44:24.423+0000][26480][gc,marking   ] GC(268) Concurrent Cleanup for Next Mark
[2020-09-11T11:44:24.425+0000][26480][gc,marking   ] GC(268) Concurrent Cleanup for Next Mark 2.096ms
[2020-09-11T11:44:24.425+0000][26480][gc           ] GC(268) Concurrent Cycle 243.720ms
[2020-09-11T11:44:24.454+0000][26480][safepoint    ] Safepoint "BulkRevokeBias", Time since last: 28648600 ns, Reaching safepoint: 157000 ns, At safepoint: 2492900 ns, Total: 2649900 ns
[2020-09-11T11:44:24.455+0000][26480][gc,start     ] GC(269) Pause Young (Concurrent Start) (G1 Humongous Allocation)
[2020-09-11T11:44:24.455+0000][26480][gc,task      ] GC(269) Using 8 workers of 8 for evacuation
[2020-09-11T11:44:24.456+0000][26480][gc,age       ] GC(269) Desired survivor size 29360128 bytes, new threshold 15 (max threshold 15)
[2020-09-11T11:44:24.461+0000][26480][gc,age       ] GC(269) Age table with threshold 15 (max threshold 15)
[2020-09-11T11:44:24.462+0000][26480][gc,age       ] GC(269) - age   1:   13456240 bytes,   13456240 total
[2020-09-11T11:44:24.462+0000][26480][gc,age       ] GC(269) - age   2:       2304 bytes,   13458544 total
[2020-09-11T11:44:24.462+0000][26480][gc,age       ] GC(269) - age   3:       1560 bytes,   13460104 total
[2020-09-11T11:44:24.462+0000][26480][gc,age       ] GC(269) - age   4:        856 bytes,   13460960 total
[2020-09-11T11:44:24.462+0000][26480][gc,age       ] GC(269) - age   5:       1632 bytes,   13462592 total
[2020-09-11T11:44:24.462+0000][26480][gc,age       ] GC(269) - age   6:        400 bytes,   13462992 total
[2020-09-11T11:44:24.462+0000][26480][gc,age       ] GC(269) - age   7:       1112 bytes,   13464104 total
[2020-09-11T11:44:24.462+0000][26480][gc,age       ] GC(269) - age   8:       1376 bytes,   13465480 total
[2020-09-11T11:44:24.462+0000][26480][gc,age       ] GC(269) - age   9:       2080 bytes,   13467560 total
[2020-09-11T11:44:24.462+0000][26480][gc,age       ] GC(269) - age  10:      11376 bytes,   13478936 total
[2020-09-11T11:44:24.462+0000][26480][gc,age       ] GC(269) - age  11:      11672 bytes,   13490608 total
[2020-09-11T11:44:24.462+0000][26480][gc,age       ] GC(269) - age  12:        928 bytes,   13491536 total
[2020-09-11T11:44:24.462+0000][26480][gc,age       ] GC(269) - age  13:      27560 bytes,   13519096 total
[2020-09-11T11:44:24.462+0000][26480][gc,age       ] GC(269) - age  14:      13560 bytes,   13532656 total
[2020-09-11T11:44:24.462+0000][26480][gc,age       ] GC(269) - age  15:       1032 bytes,   13533688 total
[2020-09-11T11:44:24.462+0000][26480][gc,phases    ] GC(269)   Pre Evacuate Collection Set: 0.6ms
[2020-09-11T11:44:24.462+0000][26480][gc,phases    ] GC(269)   Merge Heap Roots: 0.1ms
[2020-09-11T11:44:24.462+0000][26480][gc,phases    ] GC(269)   Evacuate Collection Set: 4.1ms
[2020-09-11T11:44:24.462+0000][26480][gc,phases    ] GC(269)   Post Evacuate Collection Set: 0.8ms
[2020-09-11T11:44:24.463+0000][26480][gc,phases    ] GC(269)   Other: 1.5ms
[2020-09-11T11:44:24.463+0000][26480][gc,heap      ] GC(269) Eden regions: 50->0(440)
[2020-09-11T11:44:24.463+0000][26480][gc,heap      ] GC(269) Survivor regions: 4->14(56)
[2020-09-11T11:44:24.463+0000][26480][gc,heap      ] GC(269) Old regions: 78->78
[2020-09-11T11:44:24.463+0000][26480][gc,heap      ] GC(269) Archive regions: 0->0
[2020-09-11T11:44:24.463+0000][26480][gc,heap      ] GC(269) Humongous regions: 229->174
[2020-09-11T11:44:24.463+0000][26480][gc,metaspace ] GC(269) Metaspace: 87825K(93976K)->87825K(93976K) NonClass: 76655K(80280K)->76655K(80280K) Class: 11169K(13696K)->11169K(13696K)
[2020-09-11T11:44:24.463+0000][26480][gc           ] GC(269) Pause Young (Concurrent Start) (G1 Humongous Allocation) 359M->264M(1024M) 7.409ms
[2020-09-11T11:44:24.463+0000][26480][gc,cpu       ] GC(269) User=0.03s Sys=0.02s Real=0.01s
[2020-09-11T11:44:24.463+0000][26480][gc           ] GC(270) Concurrent Cycle
[2020-09-11T11:44:24.463+0000][26480][gc,marking   ] GC(270) Concurrent Clear Claimed Marks
[2020-09-11T11:44:24.463+0000][26480][safepoint    ] Safepoint "G1TryInitiateConcMark", Time since last: 594100 ns, Reaching safepoint: 263900 ns, At safepoint: 7881800 ns, Total: 8145700 ns
[2020-09-11T11:44:24.464+0000][26480][gc,marking   ] GC(270) Concurrent Clear Claimed Marks 0.579ms
[2020-09-11T11:44:24.464+0000][26480][gc,marking   ] GC(270) Concurrent Scan Root Regions
[2020-09-11T11:44:24.466+0000][26480][gc,marking   ] GC(270) Concurrent Scan Root Regions 2.369ms
[2020-09-11T11:44:24.466+0000][26480][gc,marking   ] GC(270) Concurrent Mark (7069.601s)
[2020-09-11T11:44:24.466+0000][26480][gc,marking   ] GC(270) Concurrent Mark From Roots
[2020-09-11T11:44:24.466+0000][26480][gc,task      ] GC(270) Using 2 workers of 2 for marking
[2020-09-11T11:44:24.630+0000][26480][gc,marking   ] GC(270) Concurrent Mark From Roots 164.106ms
[2020-09-11T11:44:24.631+0000][26480][gc,marking   ] GC(270) Concurrent Preclean
[2020-09-11T11:44:24.631+0000][26480][gc,marking   ] GC(270) Concurrent Preclean 0.774ms
[2020-09-11T11:44:24.631+0000][26480][gc,marking   ] GC(270) Concurrent Mark (7069.601s, 7069.766s) 165.070ms
[2020-09-11T11:44:24.632+0000][26480][gc,start     ] GC(270) Pause Remark
[2020-09-11T11:44:24.638+0000][26480][gc           ] GC(270) Pause Remark 505M->505M(1024M) 6.555ms
[2020-09-11T11:44:24.638+0000][26480][gc,cpu       ] GC(270) User=0.13s Sys=0.00s Real=0.01s
[2020-09-11T11:44:24.638+0000][26480][safepoint    ] Safepoint "G1Concurrent", Time since last: 168275200 ns, Reaching safepoint: 195100 ns, At safepoint: 6783200 ns, Total: 6978300 ns
[2020-09-11T11:44:24.639+0000][26480][gc,marking   ] GC(270) Concurrent Rebuild Remembered Sets
[2020-09-11T11:44:24.736+0000][26480][gc,marking   ] GC(270) Concurrent Rebuild Remembered Sets 97.194ms
[2020-09-11T11:44:24.737+0000][26480][gc,start     ] GC(270) Pause Cleanup
[2020-09-11T11:44:24.737+0000][26480][gc           ] GC(270) Pause Cleanup 577M->577M(1024M) 0.437ms
[2020-09-11T11:44:24.738+0000][26480][gc,cpu       ] GC(270) User=0.00s Sys=0.00s Real=0.00s
[2020-09-11T11:44:24.739+0000][26480][safepoint    ] Safepoint "G1Concurrent", Time since last: 97400100 ns, Reaching safepoint: 772700 ns, At safepoint: 1227700 ns, Total: 2000400 ns
[2020-09-11T11:44:24.739+0000][26480][gc,marking   ] GC(270) Concurrent Cleanup for Next Mark
[2020-09-11T11:44:24.740+0000][26480][gc,marking   ] GC(270) Concurrent Cleanup for Next Mark 2.266ms
[2020-09-11T11:44:24.740+0000][26480][gc           ] GC(270) Concurrent Cycle 277.454ms
[2020-09-11T11:44:24.936+0000][26480][gc,start     ] GC(271) Pause Young (Concurrent Start) (G1 Humongous Allocation)
[2020-09-11T11:44:24.936+0000][26480][gc,task      ] GC(271) Using 8 workers of 8 for evacuation
[2020-09-11T11:44:24.936+0000][26480][gc,age       ] GC(271) Desired survivor size 29884416 bytes, new threshold 15 (max threshold 15)
[2020-09-11T11:44:24.940+0000][26480][gc,age       ] GC(271) Age table with threshold 15 (max threshold 15)
[2020-09-11T11:44:24.940+0000][26480][gc,age       ] GC(271) - age   1:    2587880 bytes,    2587880 total
[2020-09-11T11:44:24.940+0000][26480][gc,age       ] GC(271) - age   2:       4456 bytes,    2592336 total
[2020-09-11T11:44:24.940+0000][26480][gc,age       ] GC(271) - age   3:       1984 bytes,    2594320 total
[2020-09-11T11:44:24.940+0000][26480][gc,age       ] GC(271) - age   4:        832 bytes,    2595152 total
[2020-09-11T11:44:24.940+0000][26480][gc,age       ] GC(271) - age   5:        792 bytes,    2595944 total
[2020-09-11T11:44:24.940+0000][26480][gc,age       ] GC(271) - age   6:       1600 bytes,    2597544 total
[2020-09-11T11:44:24.940+0000][26480][gc,age       ] GC(271) - age   7:        400 bytes,    2597944 total
[2020-09-11T11:44:24.940+0000][26480][gc,age       ] GC(271) - age   8:       1048 bytes,    2598992 total
[2020-09-11T11:44:24.941+0000][26480][gc,age       ] GC(271) - age   9:       1376 bytes,    2600368 total
[2020-09-11T11:44:24.941+0000][26480][gc,age       ] GC(271) - age  10:       2080 bytes,    2602448 total
[2020-09-11T11:44:24.941+0000][26480][gc,age       ] GC(271) - age  11:      11376 bytes,    2613824 total
[2020-09-11T11:44:24.941+0000][26480][gc,age       ] GC(271) - age  12:      11672 bytes,    2625496 total
[2020-09-11T11:44:24.941+0000][26480][gc,age       ] GC(271) - age  13:        800 bytes,    2626296 total
[2020-09-11T11:44:24.941+0000][26480][gc,age       ] GC(271) - age  14:      27560 bytes,    2653856 total
[2020-09-11T11:44:24.941+0000][26480][gc,age       ] GC(271) - age  15:      13560 bytes,    2667416 total
[2020-09-11T11:44:24.941+0000][26480][gc,phases    ] GC(271)   Pre Evacuate Collection Set: 0.4ms
[2020-09-11T11:44:24.941+0000][26480][gc,phases    ] GC(271)   Merge Heap Roots: 0.1ms
[2020-09-11T11:44:24.941+0000][26480][gc,phases    ] GC(271)   Evacuate Collection Set: 2.1ms
[2020-09-11T11:44:24.941+0000][26480][gc,phases    ] GC(271)   Post Evacuate Collection Set: 1.2ms
[2020-09-11T11:44:24.941+0000][26480][gc,phases    ] GC(271)   Other: 1.0ms
[2020-09-11T11:44:24.941+0000][26480][gc,heap      ] GC(271) Eden regions: 82->0(460)
[2020-09-11T11:44:24.941+0000][26480][gc,heap      ] GC(271) Survivor regions: 14->4(57)
[2020-09-11T11:44:24.941+0000][26480][gc,heap      ] GC(271) Old regions: 78->78
[2020-09-11T11:44:24.941+0000][26480][gc,heap      ] GC(271) Archive regions: 0->0
[2020-09-11T11:44:24.941+0000][26480][gc,heap      ] GC(271) Humongous regions: 427->174
[2020-09-11T11:44:24.941+0000][26480][gc,metaspace ] GC(271) Metaspace: 87826K(93976K)->87826K(93976K) NonClass: 76656K(80280K)->76656K(80280K) Class: 11169K(13696K)->11169K(13696K)
[2020-09-11T11:44:24.941+0000][26480][gc           ] GC(271) Pause Young (Concurrent Start) (G1 Humongous Allocation) 599M->254M(1024M) 5.146ms
[2020-09-11T11:44:24.941+0000][26480][gc,cpu       ] GC(271) User=0.00s Sys=0.00s Real=0.00s
[2020-09-11T11:44:24.941+0000][26480][gc           ] GC(272) Concurrent Cycle
[2020-09-11T11:44:24.941+0000][26480][safepoint    ] Safepoint "G1TryInitiateConcMark", Time since last: 198140000 ns, Reaching safepoint: 154200 ns, At safepoint: 5373400 ns, Total: 5527600 ns
[2020-09-11T11:44:24.941+0000][26480][gc,marking   ] GC(272) Concurrent Clear Claimed Marks
[2020-09-11T11:44:24.942+0000][26480][gc,marking   ] GC(272) Concurrent Clear Claimed Marks 0.649ms
[2020-09-11T11:44:24.942+0000][26480][gc,marking   ] GC(272) Concurrent Scan Root Regions
[2020-09-11T11:44:24.946+0000][26480][gc,marking   ] GC(272) Concurrent Scan Root Regions 3.915ms
[2020-09-11T11:44:24.946+0000][26480][gc,marking   ] GC(272) Concurrent Mark (7070.081s)
[2020-09-11T11:44:24.946+0000][26480][gc,marking   ] GC(272) Concurrent Mark From Roots
[2020-09-11T11:44:24.946+0000][26480][gc,task      ] GC(272) Using 2 workers of 2 for marking
[2020-09-11T11:44:25.092+0000][26480][gc,marking   ] GC(272) Concurrent Mark From Roots 145.537ms
[2020-09-11T11:44:25.092+0000][26480][gc,marking   ] GC(272) Concurrent Preclean
[2020-09-11T11:44:25.092+0000][26480][gc,marking   ] GC(272) Concurrent Preclean 0.590ms
[2020-09-11T11:44:25.093+0000][26480][gc,marking   ] GC(272) Concurrent Mark (7070.081s, 7070.228s) 146.305ms
[2020-09-11T11:44:25.093+0000][26480][gc,start     ] GC(272) Pause Remark
[2020-09-11T11:44:25.099+0000][26480][gc           ] GC(272) Pause Remark 313M->313M(1024M) 5.910ms
[2020-09-11T11:44:25.099+0000][26480][gc,cpu       ] GC(272) User=0.00s Sys=0.00s Real=0.01s
[2020-09-11T11:44:25.099+0000][26480][safepoint    ] Safepoint "G1Concurrent", Time since last: 151233400 ns, Reaching safepoint: 156200 ns, At safepoint: 6117100 ns, Total: 6273300 ns
[2020-09-11T11:44:25.099+0000][26480][gc,marking   ] GC(272) Concurrent Rebuild Remembered Sets
[2020-09-11T11:44:25.180+0000][26480][gc,marking   ] GC(272) Concurrent Rebuild Remembered Sets 81.417ms
[2020-09-11T11:44:25.181+0000][26480][gc,start     ] GC(272) Pause Cleanup
[2020-09-11T11:44:25.181+0000][26480][gc           ] GC(272) Pause Cleanup 380M->380M(1024M) 0.317ms
[2020-09-11T11:44:25.181+0000][26480][gc,cpu       ] GC(272) User=0.00s Sys=0.00s Real=0.00s
[2020-09-11T11:44:25.181+0000][26480][safepoint    ] Safepoint "G1Concurrent", Time since last: 81602900 ns, Reaching safepoint: 176800 ns, At safepoint: 477200 ns, Total: 654000 ns
[2020-09-11T11:44:25.181+0000][26480][gc,marking   ] GC(272) Concurrent Cleanup for Next Mark
[2020-09-11T11:44:25.183+0000][26480][gc,marking   ] GC(272) Concurrent Cleanup for Next Mark 1.704ms
[2020-09-11T11:44:25.183+0000][26480][gc           ] GC(272) Concurrent Cycle 241.699ms
[2020-09-11T11:44:25.355+0000][26480][gc,start     ] GC(273) Pause Young (Concurrent Start) (G1 Humongous Allocation)
[2020-09-11T11:44:25.355+0000][26480][gc,task      ] GC(273) Using 8 workers of 8 for evacuation
[2020-09-11T11:44:25.355+0000][26480][gc,age       ] GC(273) Desired survivor size 30408704 bytes, new threshold 15 (max threshold 15)
[2020-09-11T11:44:25.359+0000][26480][gc,age       ] GC(273) Age table with threshold 15 (max threshold 15)
[2020-09-11T11:44:25.359+0000][26480][gc,age       ] GC(273) - age   1:    2587456 bytes,    2587456 total
[2020-09-11T11:44:25.359+0000][26480][gc,age       ] GC(273) - age   2:      14472 bytes,    2601928 total
[2020-09-11T11:44:25.359+0000][26480][gc,age       ] GC(273) - age   3:       3696 bytes,    2605624 total
[2020-09-11T11:44:25.359+0000][26480][gc,age       ] GC(273) - age   4:        880 bytes,    2606504 total
[2020-09-11T11:44:25.359+0000][26480][gc,age       ] GC(273) - age   5:        704 bytes,    2607208 total
[2020-09-11T11:44:25.359+0000][26480][gc,age       ] GC(273) - age   6:        792 bytes,    2608000 total
[2020-09-11T11:44:25.359+0000][26480][gc,age       ] GC(273) - age   7:       1600 bytes,    2609600 total
[2020-09-11T11:44:25.359+0000][26480][gc,age       ] GC(273) - age   8:        400 bytes,    2610000 total
[2020-09-11T11:44:25.359+0000][26480][gc,age       ] GC(273) - age   9:       1048 bytes,    2611048 total
[2020-09-11T11:44:25.359+0000][26480][gc,age       ] GC(273) - age  10:       1344 bytes,    2612392 total
[2020-09-11T11:44:25.359+0000][26480][gc,age       ] GC(273) - age  11:       2048 bytes,    2614440 total
[2020-09-11T11:44:25.359+0000][26480][gc,age       ] GC(273) - age  12:      11336 bytes,    2625776 total
[2020-09-11T11:44:25.359+0000][26480][gc,age       ] GC(273) - age  13:      11672 bytes,    2637448 total
[2020-09-11T11:44:25.359+0000][26480][gc,age       ] GC(273) - age  14:        704 bytes,    2638152 total
[2020-09-11T11:44:25.359+0000][26480][gc,age       ] GC(273) - age  15:      27560 bytes,    2665712 total
[2020-09-11T11:44:25.359+0000][26480][gc,phases    ] GC(273)   Pre Evacuate Collection Set: 0.4ms
[2020-09-11T11:44:25.359+0000][26480][gc,phases    ] GC(273)   Merge Heap Roots: 0.1ms
[2020-09-11T11:44:25.359+0000][26480][gc,phases    ] GC(273)   Evacuate Collection Set: 2.2ms
[2020-09-11T11:44:25.359+0000][26480][gc,phases    ] GC(273)   Post Evacuate Collection Set: 0.7ms
[2020-09-11T11:44:25.360+0000][26480][gc,phases    ] GC(273)   Other: 0.8ms
[2020-09-11T11:44:25.360+0000][26480][gc,heap      ] GC(273) Eden regions: 45->0(470)
[2020-09-11T11:44:25.360+0000][26480][gc,heap      ] GC(273) Survivor regions: 4->3(58)
[2020-09-11T11:44:25.360+0000][26480][gc,heap      ] GC(273) Old regions: 78->78
[2020-09-11T11:44:25.360+0000][26480][gc,heap      ] GC(273) Archive regions: 0->0
[2020-09-11T11:44:25.360+0000][26480][gc,heap      ] GC(273) Humongous regions: 270->174
[2020-09-11T11:44:25.360+0000][26480][gc,metaspace ] GC(273) Metaspace: 87829K(93976K)->87829K(93976K) NonClass: 76659K(80280K)->76659K(80280K) Class: 11169K(13696K)->11169K(13696K)
[2020-09-11T11:44:25.360+0000][26480][gc           ] GC(273) Pause Young (Concurrent Start) (G1 Humongous Allocation) 394M->254M(1024M) 4.396ms
[2020-09-11T11:44:25.360+0000][26480][gc,cpu       ] GC(273) User=0.00s Sys=0.00s Real=0.00s
[2020-09-11T11:44:25.360+0000][26480][gc           ] GC(274) Concurrent Cycle
[2020-09-11T11:44:25.360+0000][26480][safepoint    ] Safepoint "G1TryInitiateConcMark", Time since last: 173952100 ns, Reaching safepoint: 152800 ns, At safepoint: 4559600 ns, Total: 4712400 ns
[2020-09-11T11:44:25.360+0000][26480][gc,marking   ] GC(274) Concurrent Clear Claimed Marks
[2020-09-11T11:44:25.360+0000][26480][gc,marking   ] GC(274) Concurrent Clear Claimed Marks 0.369ms
[2020-09-11T11:44:25.360+0000][26480][gc,marking   ] GC(274) Concurrent Scan Root Regions
[2020-09-11T11:44:25.364+0000][26480][gc,marking   ] GC(274) Concurrent Scan Root Regions 2.379ms
[2020-09-11T11:44:25.364+0000][26480][gc,marking   ] GC(274) Concurrent Mark (7070.498s)
[2020-09-11T11:44:25.364+0000][26480][gc,marking   ] GC(274) Concurrent Mark From Roots
[2020-09-11T11:44:25.364+0000][26480][gc,task      ] GC(274) Using 2 workers of 2 for marking
[2020-09-11T11:44:25.503+0000][26480][gc,marking   ] GC(274) Concurrent Mark From Roots 139.857ms
[2020-09-11T11:44:25.503+0000][26480][gc,marking   ] GC(274) Concurrent Preclean
[2020-09-11T11:44:25.504+0000][26480][gc,marking   ] GC(274) Concurrent Preclean 0.870ms
[2020-09-11T11:44:25.504+0000][26480][gc,marking   ] GC(274) Concurrent Mark (7070.498s, 7070.639s) 140.917ms
[2020-09-11T11:44:25.504+0000][26480][gc,start     ] GC(274) Pause Remark
[2020-09-11T11:44:25.512+0000][26480][gc           ] GC(274) Pause Remark 312M->312M(1024M) 7.715ms
[2020-09-11T11:44:25.512+0000][26480][gc,cpu       ] GC(274) User=0.11s Sys=0.00s Real=0.01s
[2020-09-11T11:44:25.512+0000][26480][safepoint    ] Safepoint "G1Concurrent", Time since last: 143955500 ns, Reaching safepoint: 164700 ns, At safepoint: 7961000 ns, Total: 8125700 ns
[2020-09-11T11:44:25.512+0000][26480][gc,marking   ] GC(274) Concurrent Rebuild Remembered Sets
[2020-09-11T11:44:25.610+0000][26480][gc,marking   ] GC(274) Concurrent Rebuild Remembered Sets 97.896ms
[2020-09-11T11:44:25.610+0000][26480][gc,start     ] GC(274) Pause Cleanup
[2020-09-11T11:44:25.611+0000][26480][gc           ] GC(274) Pause Cleanup 380M->380M(1024M) 0.340ms
[2020-09-11T11:44:25.611+0000][26480][gc,cpu       ] GC(274) User=0.00s Sys=0.00s Real=0.00s
[2020-09-11T11:44:25.611+0000][26480][safepoint    ] Safepoint "G1Concurrent", Time since last: 98089100 ns, Reaching safepoint: 177700 ns, At safepoint: 522800 ns, Total: 700500 ns
[2020-09-11T11:44:25.611+0000][26480][gc,marking   ] GC(274) Concurrent Cleanup for Next Mark
[2020-09-11T11:44:25.613+0000][26480][gc,marking   ] GC(274) Concurrent Cleanup for Next Mark 1.485ms
[2020-09-11T11:44:25.613+0000][26480][gc           ] GC(274) Concurrent Cycle 252.567ms
[2020-09-11T11:44:25.834+0000][26480][gc,start     ] GC(275) Pause Young (Concurrent Start) (G1 Humongous Allocation)
[2020-09-11T11:44:25.834+0000][26480][gc,task      ] GC(275) Using 8 workers of 8 for evacuation
[2020-09-11T11:44:25.834+0000][26480][gc,age       ] GC(275) Desired survivor size 31457280 bytes, new threshold 15 (max threshold 15)
[2020-09-11T11:44:25.837+0000][26480][gc,age       ] GC(275) Age table with threshold 15 (max threshold 15)
[2020-09-11T11:44:25.837+0000][26480][gc,age       ] GC(275) - age   1:    2595504 bytes,    2595504 total
[2020-09-11T11:44:25.837+0000][26480][gc,age       ] GC(275) - age   2:      14464 bytes,    2609968 total
[2020-09-11T11:44:25.837+0000][26480][gc,age       ] GC(275) - age   3:      13192 bytes,    2623160 total
[2020-09-11T11:44:25.837+0000][26480][gc,age       ] GC(275) - age   4:       2872 bytes,    2626032 total
[2020-09-11T11:44:25.837+0000][26480][gc,age       ] GC(275) - age   5:        848 bytes,    2626880 total
[2020-09-11T11:44:25.837+0000][26480][gc,age       ] GC(275) - age   6:        704 bytes,    2627584 total
[2020-09-11T11:44:25.837+0000][26480][gc,age       ] GC(275) - age   7:        792 bytes,    2628376 total
[2020-09-11T11:44:25.838+0000][26480][gc,age       ] GC(275) - age   8:       1600 bytes,    2629976 total
[2020-09-11T11:44:25.838+0000][26480][gc,age       ] GC(275) - age   9:        400 bytes,    2630376 total
[2020-09-11T11:44:25.838+0000][26480][gc,age       ] GC(275) - age  10:       1048 bytes,    2631424 total
[2020-09-11T11:44:25.838+0000][26480][gc,age       ] GC(275) - age  11:       1344 bytes,    2632768 total
[2020-09-11T11:44:25.838+0000][26480][gc,age       ] GC(275) - age  12:       2048 bytes,    2634816 total
[2020-09-11T11:44:25.838+0000][26480][gc,age       ] GC(275) - age  13:      11336 bytes,    2646152 total
[2020-09-11T11:44:25.838+0000][26480][gc,age       ] GC(275) - age  14:      11672 bytes,    2657824 total
[2020-09-11T11:44:25.838+0000][26480][gc,age       ] GC(275) - age  15:        704 bytes,    2658528 total
[2020-09-11T11:44:25.838+0000][26480][gc,phases    ] GC(275)   Pre Evacuate Collection Set: 0.4ms
[2020-09-11T11:44:25.838+0000][26480][gc,phases    ] GC(275)   Merge Heap Roots: 0.1ms
[2020-09-11T11:44:25.838+0000][26480][gc,phases    ] GC(275)   Evacuate Collection Set: 2.1ms
[2020-09-11T11:44:25.838+0000][26480][gc,phases    ] GC(275)   Post Evacuate Collection Set: 0.7ms
[2020-09-11T11:44:25.838+0000][26480][gc,phases    ] GC(275)   Other: 0.9ms
[2020-09-11T11:44:25.838+0000][26480][gc,heap      ] GC(275) Eden regions: 44->0(478)
[2020-09-11T11:44:25.838+0000][26480][gc,heap      ] GC(275) Survivor regions: 3->3(60)
[2020-09-11T11:44:25.838+0000][26480][gc,heap      ] GC(275) Old regions: 78->78
[2020-09-11T11:44:25.838+0000][26480][gc,heap      ] GC(275) Archive regions: 0->0
[2020-09-11T11:44:25.838+0000][26480][gc,heap      ] GC(275) Humongous regions: 270->174
[2020-09-11T11:44:25.838+0000][26480][gc,metaspace ] GC(275) Metaspace: 87840K(93976K)->87840K(93976K) NonClass: 76670K(80280K)->76670K(80280K) Class: 11169K(13696K)->11169K(13696K)
[2020-09-11T11:44:25.838+0000][26480][gc           ] GC(275) Pause Young (Concurrent Start) (G1 Humongous Allocation) 393M->253M(1024M) 4.412ms
[2020-09-11T11:44:25.838+0000][26480][gc,cpu       ] GC(275) User=0.00s Sys=0.00s Real=0.00s
[2020-09-11T11:44:25.838+0000][26480][safepoint    ] Safepoint "G1TryInitiateConcMark", Time since last: 221779600 ns, Reaching safepoint: 163700 ns, At safepoint: 4570300 ns, Total: 4734000 ns
[2020-09-11T11:44:25.838+0000][26480][gc           ] GC(276) Concurrent Cycle
[2020-09-11T11:44:25.838+0000][26480][gc,marking   ] GC(276) Concurrent Clear Claimed Marks
[2020-09-11T11:44:25.839+0000][26480][gc,marking   ] GC(276) Concurrent Clear Claimed Marks 0.501ms
[2020-09-11T11:44:25.839+0000][26480][gc,marking   ] GC(276) Concurrent Scan Root Regions
[2020-09-11T11:44:25.841+0000][26480][gc,marking   ] GC(276) Concurrent Scan Root Regions 2.417ms
[2020-09-11T11:44:25.841+0000][26480][gc,marking   ] GC(276) Concurrent Mark (7070.976s)
[2020-09-11T11:44:25.841+0000][26480][gc,marking   ] GC(276) Concurrent Mark From Roots
[2020-09-11T11:44:25.841+0000][26480][gc,task      ] GC(276) Using 2 workers of 2 for marking
[2020-09-11T11:44:25.977+0000][26480][gc,marking   ] GC(276) Concurrent Mark From Roots 135.714ms
[2020-09-11T11:44:25.977+0000][26480][gc,marking   ] GC(276) Concurrent Preclean
[2020-09-11T11:44:25.978+0000][26480][gc,marking   ] GC(276) Concurrent Preclean 0.677ms
[2020-09-11T11:44:25.978+0000][26480][gc,marking   ] GC(276) Concurrent Mark (7070.976s, 7071.112s) 136.576ms
[2020-09-11T11:44:25.978+0000][26480][gc,start     ] GC(276) Pause Remark
[2020-09-11T11:44:25.984+0000][26480][gc           ] GC(276) Pause Remark 312M->312M(1024M) 5.345ms
[2020-09-11T11:44:25.984+0000][26480][gc,cpu       ] GC(276) User=0.02s Sys=0.02s Real=0.01s
[2020-09-11T11:44:25.984+0000][26480][safepoint    ] Safepoint "G1Concurrent", Time since last: 139933900 ns, Reaching safepoint: 155400 ns, At safepoint: 5681800 ns, Total: 5837200 ns
[2020-09-11T11:44:25.984+0000][26480][gc,marking   ] GC(276) Concurrent Rebuild Remembered Sets
[2020-09-11T11:44:26.068+0000][26480][gc,marking   ] GC(276) Concurrent Rebuild Remembered Sets 84.723ms
[2020-09-11T11:44:26.068+0000][26480][gc,start     ] GC(276) Pause Cleanup
[2020-09-11T11:44:26.069+0000][26480][gc           ] GC(276) Pause Cleanup 379M->379M(1024M) 0.320ms
[2020-09-11T11:44:26.069+0000][26480][gc,cpu       ] GC(276) User=0.00s Sys=0.00s Real=0.00s
[2020-09-11T11:44:26.069+0000][26480][safepoint    ] Safepoint "G1Concurrent", Time since last: 84942200 ns, Reaching safepoint: 154600 ns, At safepoint: 472400 ns, Total: 627000 ns
[2020-09-11T11:44:26.069+0000][26480][gc,marking   ] GC(276) Concurrent Cleanup for Next Mark
[2020-09-11T11:44:26.071+0000][26480][gc,marking   ] GC(276) Concurrent Cleanup for Next Mark 2.043ms
[2020-09-11T11:44:26.071+0000][26480][gc           ] GC(276) Concurrent Cycle 233.607ms
[2020-09-11T11:44:26.232+0000][26480][gc,start     ] GC(277) Pause Young (Concurrent Start) (G1 Humongous Allocation)
[2020-09-11T11:44:26.232+0000][26480][gc,task      ] GC(277) Using 8 workers of 8 for evacuation
[2020-09-11T11:44:26.232+0000][26480][gc,age       ] GC(277) Desired survivor size 31981568 bytes, new threshold 15 (max threshold 15)
[2020-09-11T11:44:26.236+0000][26480][gc,age       ] GC(277) Age table with threshold 15 (max threshold 15)
[2020-09-11T11:44:26.236+0000][26480][gc,age       ] GC(277) - age   1:    5095384 bytes,    5095384 total
[2020-09-11T11:44:26.236+0000][26480][gc,age       ] GC(277) - age   2:      16112 bytes,    5111496 total
[2020-09-11T11:44:26.236+0000][26480][gc,age       ] GC(277) - age   3:      12104 bytes,    5123600 total
[2020-09-11T11:44:26.236+0000][26480][gc,age       ] GC(277) - age   4:       8864 bytes,    5132464 total
[2020-09-11T11:44:26.236+0000][26480][gc,age       ] GC(277) - age   5:       1880 bytes,    5134344 total
[2020-09-11T11:44:26.236+0000][26480][gc,age       ] GC(277) - age   6:        848 bytes,    5135192 total
[2020-09-11T11:44:26.236+0000][26480][gc,age       ] GC(277) - age   7:        704 bytes,    5135896 total
[2020-09-11T11:44:26.236+0000][26480][gc,age       ] GC(277) - age   8:        792 bytes,    5136688 total
[2020-09-11T11:44:26.236+0000][26480][gc,age       ] GC(277) - age   9:       1600 bytes,    5138288 total
[2020-09-11T11:44:26.236+0000][26480][gc,age       ] GC(277) - age  10:        400 bytes,    5138688 total
[2020-09-11T11:44:26.236+0000][26480][gc,age       ] GC(277) - age  11:       1048 bytes,    5139736 total
[2020-09-11T11:44:26.236+0000][26480][gc,age       ] GC(277) - age  12:       1280 bytes,    5141016 total
[2020-09-11T11:44:26.236+0000][26480][gc,age       ] GC(277) - age  13:       2048 bytes,    5143064 total
[2020-09-11T11:44:26.236+0000][26480][gc,age       ] GC(277) - age  14:      11336 bytes,    5154400 total
[2020-09-11T11:44:26.236+0000][26480][gc,age       ] GC(277) - age  15:      11672 bytes,    5166072 total
[2020-09-11T11:44:26.236+0000][26480][gc,phases    ] GC(277)   Pre Evacuate Collection Set: 0.4ms
[2020-09-11T11:44:26.236+0000][26480][gc,phases    ] GC(277)   Merge Heap Roots: 0.1ms
[2020-09-11T11:44:26.236+0000][26480][gc,phases    ] GC(277)   Evacuate Collection Set: 2.2ms
[2020-09-11T11:44:26.236+0000][26480][gc,phases    ] GC(277)   Post Evacuate Collection Set: 0.7ms
[2020-09-11T11:44:26.236+0000][26480][gc,phases    ] GC(277)   Other: 0.8ms
[2020-09-11T11:44:26.236+0000][26480][gc,heap      ] GC(277) Eden regions: 49->0(479)
[2020-09-11T11:44:26.236+0000][26480][gc,heap      ] GC(277) Survivor regions: 3->6(61)
[2020-09-11T11:44:26.236+0000][26480][gc,heap      ] GC(277) Old regions: 78->78
[2020-09-11T11:44:26.236+0000][26480][gc,heap      ] GC(277) Archive regions: 0->0
[2020-09-11T11:44:26.236+0000][26480][gc,heap      ] GC(277) Humongous regions: 270->174
[2020-09-11T11:44:26.236+0000][26480][gc,metaspace ] GC(277) Metaspace: 87863K(93976K)->87863K(93976K) NonClass: 76694K(80280K)->76694K(80280K) Class: 11169K(13696K)->11169K(13696K)
[2020-09-11T11:44:26.237+0000][26480][gc           ] GC(277) Pause Young (Concurrent Start) (G1 Humongous Allocation) 398M->256M(1024M) 4.562ms
[2020-09-11T11:44:26.237+0000][26480][gc,cpu       ] GC(277) User=0.00s Sys=0.00s Real=0.00s
[2020-09-11T11:44:26.237+0000][26480][gc           ] GC(278) Concurrent Cycle
[2020-09-11T11:44:26.237+0000][26480][safepoint    ] Safepoint "G1TryInitiateConcMark", Time since last: 163113800 ns, Reaching safepoint: 189300 ns, At safepoint: 4728100 ns, Total: 4917400 ns
[2020-09-11T11:44:26.237+0000][26480][gc,marking   ] GC(278) Concurrent Clear Claimed Marks
[2020-09-11T11:44:26.238+0000][26480][gc,marking   ] GC(278) Concurrent Clear Claimed Marks 0.763ms
[2020-09-11T11:44:26.238+0000][26480][gc,marking   ] GC(278) Concurrent Scan Root Regions
[2020-09-11T11:44:26.241+0000][26480][gc,marking   ] GC(278) Concurrent Scan Root Regions 2.891ms
[2020-09-11T11:44:26.241+0000][26480][gc,marking   ] GC(278) Concurrent Mark (7071.376s)
[2020-09-11T11:44:26.241+0000][26480][gc,marking   ] GC(278) Concurrent Mark From Roots
[2020-09-11T11:44:26.241+0000][26480][gc,task      ] GC(278) Using 2 workers of 2 for marking
[2020-09-11T11:44:26.382+0000][26480][gc,marking   ] GC(278) Concurrent Mark From Roots 140.765ms
[2020-09-11T11:44:26.382+0000][26480][gc,marking   ] GC(278) Concurrent Preclean
[2020-09-11T11:44:26.382+0000][26480][gc,marking   ] GC(278) Concurrent Preclean 0.772ms
[2020-09-11T11:44:26.383+0000][26480][gc,marking   ] GC(278) Concurrent Mark (7071.376s, 7071.517s) 141.724ms
[2020-09-11T11:44:26.383+0000][26480][gc,start     ] GC(278) Pause Remark
[2020-09-11T11:44:26.389+0000][26480][gc           ] GC(278) Pause Remark 371M->371M(1024M) 6.536ms
[2020-09-11T11:44:26.389+0000][26480][gc,cpu       ] GC(278) User=0.11s Sys=0.00s Real=0.01s
[2020-09-11T11:44:26.390+0000][26480][safepoint    ] Safepoint "G1Concurrent", Time since last: 145897100 ns, Reaching safepoint: 173000 ns, At safepoint: 6876400 ns, Total: 7049400 ns
[2020-09-11T11:44:26.390+0000][26480][gc,marking   ] GC(278) Concurrent Rebuild Remembered Sets
[2020-09-11T11:44:26.485+0000][26480][gc,marking   ] GC(278) Concurrent Rebuild Remembered Sets 94.960ms
[2020-09-11T11:44:26.485+0000][26480][gc,start     ] GC(278) Pause Cleanup
[2020-09-11T11:44:26.485+0000][26480][gc           ] GC(278) Pause Cleanup 375M->375M(1024M) 0.372ms
[2020-09-11T11:44:26.486+0000][26480][gc,cpu       ] GC(278) User=0.00s Sys=0.00s Real=0.00s
[2020-09-11T11:44:26.486+0000][26480][safepoint    ] Safepoint "G1Concurrent", Time since last: 95184900 ns, Reaching safepoint: 194900 ns, At safepoint: 592000 ns, Total: 786900 ns
[2020-09-11T11:44:26.486+0000][26480][gc,marking   ] GC(278) Concurrent Cleanup for Next Mark
[2020-09-11T11:44:26.488+0000][26480][gc,marking   ] GC(278) Concurrent Cleanup for Next Mark 1.888ms
[2020-09-11T11:44:26.488+0000][26480][gc           ] GC(278) Concurrent Cycle 251.074ms
[2020-09-11T11:44:26.592+0000][26480][gc,start     ] GC(279) Pause Young (Concurrent Start) (G1 Humongous Allocation)
[2020-09-11T11:44:26.592+0000][26480][gc,task      ] GC(279) Using 8 workers of 8 for evacuation
[2020-09-11T11:44:26.592+0000][26480][gc,age       ] GC(279) Desired survivor size 31981568 bytes, new threshold 15 (max threshold 15)
[2020-09-11T11:44:26.596+0000][26480][gc,age       ] GC(279) Age table with threshold 15 (max threshold 15)
[2020-09-11T11:44:26.596+0000][26480][gc,age       ] GC(279) - age   1:    5110504 bytes,    5110504 total
[2020-09-11T11:44:26.596+0000][26480][gc,age       ] GC(279) - age   2:      17928 bytes,    5128432 total
[2020-09-11T11:44:26.596+0000][26480][gc,age       ] GC(279) - age   3:      14648 bytes,    5143080 total
[2020-09-11T11:44:26.596+0000][26480][gc,age       ] GC(279) - age   4:      11720 bytes,    5154800 total
[2020-09-11T11:44:26.596+0000][26480][gc,age       ] GC(279) - age   5:       3704 bytes,    5158504 total
[2020-09-11T11:44:26.596+0000][26480][gc,age       ] GC(279) - age   6:       1784 bytes,    5160288 total
[2020-09-11T11:44:26.596+0000][26480][gc,age       ] GC(279) - age   7:        848 bytes,    5161136 total
[2020-09-11T11:44:26.596+0000][26480][gc,age       ] GC(279) - age   8:        704 bytes,    5161840 total
[2020-09-11T11:44:26.596+0000][26480][gc,age       ] GC(279) - age   9:        792 bytes,    5162632 total
[2020-09-11T11:44:26.596+0000][26480][gc,age       ] GC(279) - age  10:       1600 bytes,    5164232 total
[2020-09-11T11:44:26.596+0000][26480][gc,age       ] GC(279) - age  11:        400 bytes,    5164632 total
[2020-09-11T11:44:26.596+0000][26480][gc,age       ] GC(279) - age  12:       1048 bytes,    5165680 total
[2020-09-11T11:44:26.596+0000][26480][gc,age       ] GC(279) - age  13:       1280 bytes,    5166960 total
[2020-09-11T11:44:26.596+0000][26480][gc,age       ] GC(279) - age  14:       1984 bytes,    5168944 total
[2020-09-11T11:44:26.596+0000][26480][gc,age       ] GC(279) - age  15:      11336 bytes,    5180280 total
[2020-09-11T11:44:26.596+0000][26480][gc,phases    ] GC(279)   Pre Evacuate Collection Set: 0.4ms
[2020-09-11T11:44:26.596+0000][26480][gc,phases    ] GC(279)   Merge Heap Roots: 0.1ms
[2020-09-11T11:44:26.596+0000][26480][gc,phases    ] GC(279)   Evacuate Collection Set: 2.3ms
[2020-09-11T11:44:26.596+0000][26480][gc,phases    ] GC(279)   Post Evacuate Collection Set: 0.7ms
[2020-09-11T11:44:26.596+0000][26480][gc,phases    ] GC(279)   Other: 0.9ms
[2020-09-11T11:44:26.597+0000][26480][gc,heap      ] GC(279) Eden regions: 42->0(482)
[2020-09-11T11:44:26.597+0000][26480][gc,heap      ] GC(279) Survivor regions: 6->6(61)
[2020-09-11T11:44:26.597+0000][26480][gc,heap      ] GC(279) Old regions: 78->78
[2020-09-11T11:44:26.597+0000][26480][gc,heap      ] GC(279) Archive regions: 0->0
[2020-09-11T11:44:26.597+0000][26480][gc,heap      ] GC(279) Humongous regions: 270->174
[2020-09-11T11:44:26.597+0000][26480][gc,metaspace ] GC(279) Metaspace: 87865K(93976K)->87865K(93976K) NonClass: 76696K(80280K)->76696K(80280K) Class: 11169K(13696K)->11169K(13696K)
[2020-09-11T11:44:26.597+0000][26480][gc           ] GC(279) Pause Young (Concurrent Start) (G1 Humongous Allocation) 393M->256M(1024M) 4.731ms
[2020-09-11T11:44:26.597+0000][26480][gc,cpu       ] GC(279) User=0.00s Sys=0.00s Real=0.00s
[2020-09-11T11:44:26.597+0000][26480][gc           ] GC(280) Concurrent Cycle
[2020-09-11T11:44:26.597+0000][26480][safepoint    ] Safepoint "G1TryInitiateConcMark", Time since last: 106163500 ns, Reaching safepoint: 169000 ns, At safepoint: 4913700 ns, Total: 5082700 ns
[2020-09-11T11:44:26.597+0000][26480][gc,marking   ] GC(280) Concurrent Clear Claimed Marks
[2020-09-11T11:44:26.598+0000][26480][gc,marking   ] GC(280) Concurrent Clear Claimed Marks 1.172ms
[2020-09-11T11:44:26.598+0000][26480][gc,marking   ] GC(280) Concurrent Scan Root Regions
[2020-09-11T11:44:26.601+0000][26480][gc,marking   ] GC(280) Concurrent Scan Root Regions 3.123ms
[2020-09-11T11:44:26.602+0000][26480][gc,marking   ] GC(280) Concurrent Mark (7071.737s)
[2020-09-11T11:44:26.602+0000][26480][gc,marking   ] GC(280) Concurrent Mark From Roots
[2020-09-11T11:44:26.602+0000][26480][gc,task      ] GC(280) Using 2 workers of 2 for marking
[2020-09-11T11:44:26.761+0000][26480][gc,marking   ] GC(280) Concurrent Mark From Roots 159.734ms
[2020-09-11T11:44:26.761+0000][26480][gc,marking   ] GC(280) Concurrent Preclean
[2020-09-11T11:44:26.762+0000][26480][gc,marking   ] GC(280) Concurrent Preclean 0.791ms
[2020-09-11T11:44:26.762+0000][26480][gc,marking   ] GC(280) Concurrent Mark (7071.737s, 7071.897s) 160.741ms
[2020-09-11T11:44:26.763+0000][26480][gc,start     ] GC(280) Pause Remark
[2020-09-11T11:44:26.768+0000][26480][gc           ] GC(280) Pause Remark 371M->371M(1024M) 5.067ms
[2020-09-11T11:44:26.768+0000][26480][gc,cpu       ] GC(280) User=0.00s Sys=0.00s Real=0.00s
[2020-09-11T11:44:26.768+0000][26480][safepoint    ] Safepoint "G1Concurrent", Time since last: 165548500 ns, Reaching safepoint: 152700 ns, At safepoint: 5296200 ns, Total: 5448900 ns
[2020-09-11T11:44:26.768+0000][26480][gc,marking   ] GC(280) Concurrent Rebuild Remembered Sets
[2020-09-11T11:44:26.856+0000][26480][gc,marking   ] GC(280) Concurrent Rebuild Remembered Sets 88.205ms
[2020-09-11T11:44:26.856+0000][26480][gc,start     ] GC(280) Pause Cleanup
[2020-09-11T11:44:26.857+0000][26480][gc           ] GC(280) Pause Cleanup 383M->383M(1024M) 0.372ms
[2020-09-11T11:44:26.857+0000][26480][gc,cpu       ] GC(280) User=0.00s Sys=0.00s Real=0.00s
[2020-09-11T11:44:26.857+0000][26480][safepoint    ] Safepoint "G1Concurrent", Time since last: 88397900 ns, Reaching safepoint: 158400 ns, At safepoint: 555400 ns, Total: 713800 ns
[2020-09-11T11:44:26.857+0000][26480][gc,marking   ] GC(280) Concurrent Cleanup for Next Mark
[2020-09-11T11:44:26.859+0000][26480][gc,marking   ] GC(280) Concurrent Cleanup for Next Mark 1.717ms
[2020-09-11T11:44:26.859+0000][26480][gc           ] GC(280) Concurrent Cycle 262.064ms
[2020-09-11T11:44:26.877+0000][26480][gc,start     ] GC(281) Pause Young (Concurrent Start) (G1 Humongous Allocation)
[2020-09-11T11:44:26.877+0000][26480][gc,task      ] GC(281) Using 8 workers of 8 for evacuation
[2020-09-11T11:44:26.877+0000][26480][gc,age       ] GC(281) Desired survivor size 31981568 bytes, new threshold 15 (max threshold 15)
[2020-09-11T11:44:26.881+0000][26480][gc,age       ] GC(281) Age table with threshold 15 (max threshold 15)
[2020-09-11T11:44:26.881+0000][26480][gc,age       ] GC(281) - age   1:    5110336 bytes,    5110336 total
[2020-09-11T11:44:26.881+0000][26480][gc,age       ] GC(281) - age   2:       2144 bytes,    5112480 total
[2020-09-11T11:44:26.881+0000][26480][gc,age       ] GC(281) - age   3:      16792 bytes,    5129272 total
[2020-09-11T11:44:26.881+0000][26480][gc,age       ] GC(281) - age   4:      14360 bytes,    5143632 total
[2020-09-11T11:44:26.881+0000][26480][gc,age       ] GC(281) - age   5:      11624 bytes,    5155256 total
[2020-09-11T11:44:26.881+0000][26480][gc,age       ] GC(281) - age   6:       3704 bytes,    5158960 total
[2020-09-11T11:44:26.881+0000][26480][gc,age       ] GC(281) - age   7:       1720 bytes,    5160680 total
[2020-09-11T11:44:26.881+0000][26480][gc,age       ] GC(281) - age   8:        848 bytes,    5161528 total
[2020-09-11T11:44:26.881+0000][26480][gc,age       ] GC(281) - age   9:        704 bytes,    5162232 total
[2020-09-11T11:44:26.881+0000][26480][gc,age       ] GC(281) - age  10:        792 bytes,    5163024 total
[2020-09-11T11:44:26.881+0000][26480][gc,age       ] GC(281) - age  11:       1600 bytes,    5164624 total
[2020-09-11T11:44:26.881+0000][26480][gc,age       ] GC(281) - age  12:        400 bytes,    5165024 total
[2020-09-11T11:44:26.881+0000][26480][gc,age       ] GC(281) - age  13:       1048 bytes,    5166072 total
[2020-09-11T11:44:26.881+0000][26480][gc,age       ] GC(281) - age  14:       1280 bytes,    5167352 total
[2020-09-11T11:44:26.881+0000][26480][gc,age       ] GC(281) - age  15:       1984 bytes,    5169336 total
[2020-09-11T11:44:26.881+0000][26480][gc,phases    ] GC(281)   Pre Evacuate Collection Set: 0.5ms
[2020-09-11T11:44:26.881+0000][26480][gc,phases    ] GC(281)   Merge Heap Roots: 0.1ms
[2020-09-11T11:44:26.881+0000][26480][gc,phases    ] GC(281)   Evacuate Collection Set: 2.3ms
[2020-09-11T11:44:26.881+0000][26480][gc,phases    ] GC(281)   Post Evacuate Collection Set: 0.7ms
[2020-09-11T11:44:26.881+0000][26480][gc,phases    ] GC(281)   Other: 0.8ms
[2020-09-11T11:44:26.881+0000][26480][gc,heap      ] GC(281) Eden regions: 42->0(485)
[2020-09-11T11:44:26.881+0000][26480][gc,heap      ] GC(281) Survivor regions: 6->6(61)
[2020-09-11T11:44:26.881+0000][26480][gc,heap      ] GC(281) Old regions: 78->78
[2020-09-11T11:44:26.881+0000][26480][gc,heap      ] GC(281) Archive regions: 0->0
[2020-09-11T11:44:26.881+0000][26480][gc,heap      ] GC(281) Humongous regions: 270->174
[2020-09-11T11:44:26.881+0000][26480][gc,metaspace ] GC(281) Metaspace: 87873K(93976K)->87873K(93976K) NonClass: 76703K(80280K)->76703K(80280K) Class: 11169K(13696K)->11169K(13696K)
[2020-09-11T11:44:26.881+0000][26480][gc           ] GC(281) Pause Young (Concurrent Start) (G1 Humongous Allocation) 394M->256M(1024M) 4.655ms
[2020-09-11T11:44:26.881+0000][26480][gc,cpu       ] GC(281) User=0.00s Sys=0.00s Real=0.00s
[2020-09-11T11:44:26.882+0000][26480][gc           ] GC(282) Concurrent Cycle
[2020-09-11T11:44:26.882+0000][26480][safepoint    ] Safepoint "G1TryInitiateConcMark", Time since last: 19561200 ns, Reaching safepoint: 144100 ns, At safepoint: 4873800 ns, Total: 5017900 ns
[2020-09-11T11:44:26.882+0000][26480][gc,marking   ] GC(282) Concurrent Clear Claimed Marks
[2020-09-11T11:44:26.882+0000][26480][safepoint    ] Safepoint "G1TryInitiateConcMark", Time since last: 288400 ns, Reaching safepoint: 160300 ns, At safepoint: 32700 ns, Total: 193000 ns
[2020-09-11T11:44:26.882+0000][26480][gc,marking   ] GC(282) Concurrent Clear Claimed Marks 0.528ms
[2020-09-11T11:44:26.882+0000][26480][gc,marking   ] GC(282) Concurrent Scan Root Regions
[2020-09-11T11:44:26.885+0000][26480][gc,marking   ] GC(282) Concurrent Scan Root Regions 2.738ms
[2020-09-11T11:44:26.885+0000][26480][gc,marking   ] GC(282) Concurrent Mark (7072.020s)
[2020-09-11T11:44:26.885+0000][26480][gc,marking   ] GC(282) Concurrent Mark From Roots
[2020-09-11T11:44:26.885+0000][26480][gc,task      ] GC(282) Using 2 workers of 2 for marking
[2020-09-11T11:44:27.045+0000][26480][gc,marking   ] GC(282) Concurrent Mark From Roots 159.658ms
[2020-09-11T11:44:27.045+0000][26480][gc,marking   ] GC(282) Concurrent Preclean
[2020-09-11T11:44:27.046+0000][26480][gc,marking   ] GC(282) Concurrent Preclean 0.816ms
[2020-09-11T11:44:27.046+0000][26480][gc,marking   ] GC(282) Concurrent Mark (7072.020s, 7072.181s) 160.694ms
[2020-09-11T11:44:27.046+0000][26480][gc,start     ] GC(282) Pause Remark
[2020-09-11T11:44:27.053+0000][26480][gc           ] GC(282) Pause Remark 371M->371M(1024M) 7.296ms
[2020-09-11T11:44:27.054+0000][26480][gc,cpu       ] GC(282) User=0.00s Sys=0.00s Real=0.01s
[2020-09-11T11:44:27.054+0000][26480][safepoint    ] Safepoint "G1Concurrent", Time since last: 163856000 ns, Reaching safepoint: 183100 ns, At safepoint: 7584300 ns, Total: 7767400 ns
[2020-09-11T11:44:27.054+0000][26480][gc,marking   ] GC(282) Concurrent Rebuild Remembered Sets
[2020-09-11T11:44:27.143+0000][26480][gc,marking   ] GC(282) Concurrent Rebuild Remembered Sets 89.583ms
[2020-09-11T11:44:27.144+0000][26480][gc,start     ] GC(282) Pause Cleanup
[2020-09-11T11:44:27.144+0000][26480][gc           ] GC(282) Pause Cleanup 386M->386M(1024M) 0.326ms
[2020-09-11T11:44:27.144+0000][26480][gc,cpu       ] GC(282) User=0.00s Sys=0.00s Real=0.00s
[2020-09-11T11:44:27.145+0000][26480][safepoint    ] Safepoint "G1Concurrent", Time since last: 89797600 ns, Reaching safepoint: 206800 ns, At safepoint: 1144200 ns, Total: 1351000 ns
[2020-09-11T11:44:27.145+0000][26480][gc,marking   ] GC(282) Concurrent Cleanup for Next Mark
[2020-09-11T11:44:27.147+0000][26480][gc,marking   ] GC(282) Concurrent Cleanup for Next Mark 1.831ms
[2020-09-11T11:44:27.147+0000][26480][gc           ] GC(282) Concurrent Cycle 265.394ms
[2020-09-11T11:44:27.157+0000][26480][gc,start     ] GC(283) Pause Young (Concurrent Start) (G1 Humongous Allocation)
[2020-09-11T11:44:27.157+0000][26480][gc,task      ] GC(283) Using 8 workers of 8 for evacuation
[2020-09-11T11:44:27.157+0000][26480][gc,age       ] GC(283) Desired survivor size 32505856 bytes, new threshold 15 (max threshold 15)
[2020-09-11T11:44:27.162+0000][26480][gc,age       ] GC(283) Age table with threshold 15 (max threshold 15)
[2020-09-11T11:44:27.162+0000][26480][gc,age       ] GC(283) - age   1:   13798488 bytes,   13798488 total
[2020-09-11T11:44:27.162+0000][26480][gc,age       ] GC(283) - age   2:       1576 bytes,   13800064 total
[2020-09-11T11:44:27.162+0000][26480][gc,age       ] GC(283) - age   3:       1032 bytes,   13801096 total
[2020-09-11T11:44:27.163+0000][26480][gc,age       ] GC(283) - age   4:      15144 bytes,   13816240 total
[2020-09-11T11:44:27.163+0000][26480][gc,age       ] GC(283) - age   5:      13880 bytes,   13830120 total
[2020-09-11T11:44:27.163+0000][26480][gc,age       ] GC(283) - age   6:      11624 bytes,   13841744 total
[2020-09-11T11:44:27.163+0000][26480][gc,age       ] GC(283) - age   7:       3056 bytes,   13844800 total
[2020-09-11T11:44:27.163+0000][26480][gc,age       ] GC(283) - age   8:       1720 bytes,   13846520 total
[2020-09-11T11:44:27.163+0000][26480][gc,age       ] GC(283) - age   9:        848 bytes,   13847368 total
[2020-09-11T11:44:27.163+0000][26480][gc,age       ] GC(283) - age  10:        704 bytes,   13848072 total
[2020-09-11T11:44:27.163+0000][26480][gc,age       ] GC(283) - age  11:        792 bytes,   13848864 total
[2020-09-11T11:44:27.163+0000][26480][gc,age       ] GC(283) - age  12:       1568 bytes,   13850432 total
[2020-09-11T11:44:27.163+0000][26480][gc,age       ] GC(283) - age  13:        400 bytes,   13850832 total
[2020-09-11T11:44:27.163+0000][26480][gc,age       ] GC(283) - age  14:       1016 bytes,   13851848 total
[2020-09-11T11:44:27.163+0000][26480][gc,age       ] GC(283) - age  15:       1248 bytes,   13853096 total
[2020-09-11T11:44:27.163+0000][26480][gc,phases    ] GC(283)   Pre Evacuate Collection Set: 0.5ms
[2020-09-11T11:44:27.163+0000][26480][gc,phases    ] GC(283)   Merge Heap Roots: 0.1ms
[2020-09-11T11:44:27.163+0000][26480][gc,phases    ] GC(283)   Evacuate Collection Set: 3.7ms
[2020-09-11T11:44:27.163+0000][26480][gc,phases    ] GC(283)   Post Evacuate Collection Set: 0.7ms
[2020-09-11T11:44:27.163+0000][26480][gc,phases    ] GC(283)   Other: 0.9ms
[2020-09-11T11:44:27.163+0000][26480][gc,heap      ] GC(283) Eden regions: 53->0(472)
[2020-09-11T11:44:27.163+0000][26480][gc,heap      ] GC(283) Survivor regions: 6->14(62)
[2020-09-11T11:44:27.163+0000][26480][gc,heap      ] GC(283) Old regions: 78->78
[2020-09-11T11:44:27.163+0000][26480][gc,heap      ] GC(283) Archive regions: 0->0
[2020-09-11T11:44:27.163+0000][26480][gc,heap      ] GC(283) Humongous regions: 270->174
[2020-09-11T11:44:27.163+0000][26480][gc,metaspace ] GC(283) Metaspace: 87894K(93976K)->87894K(93976K) NonClass: 76724K(80280K)->76724K(80280K) Class: 11169K(13696K)->11169K(13696K)
[2020-09-11T11:44:27.163+0000][26480][gc           ] GC(283) Pause Young (Concurrent Start) (G1 Humongous Allocation) 405M->264M(1024M) 6.114ms
[2020-09-11T11:44:27.163+0000][26480][gc,cpu       ] GC(283) User=0.00s Sys=0.00s Real=0.01s
[2020-09-11T11:44:27.163+0000][26480][gc           ] GC(284) Concurrent Cycle
[2020-09-11T11:44:27.163+0000][26480][safepoint    ] Safepoint "G1TryInitiateConcMark", Time since last: 11927000 ns, Reaching safepoint: 184000 ns, At safepoint: 6310900 ns, Total: 6494900 ns
[2020-09-11T11:44:27.163+0000][26480][gc,marking   ] GC(284) Concurrent Clear Claimed Marks
[2020-09-11T11:44:27.164+0000][26480][gc,marking   ] GC(284) Concurrent Clear Claimed Marks 0.713ms
[2020-09-11T11:44:27.164+0000][26480][gc,marking   ] GC(284) Concurrent Scan Root Regions
[2020-09-11T11:44:27.168+0000][26480][gc,marking   ] GC(284) Concurrent Scan Root Regions 3.458ms
[2020-09-11T11:44:27.168+0000][26480][gc,marking   ] GC(284) Concurrent Mark (7072.303s)
[2020-09-11T11:44:27.168+0000][26480][gc,marking   ] GC(284) Concurrent Mark From Roots
[2020-09-11T11:44:27.168+0000][26480][gc,task      ] GC(284) Using 2 workers of 2 for marking
[2020-09-11T11:44:27.324+0000][26480][gc,marking   ] GC(284) Concurrent Mark From Roots 156.538ms
[2020-09-11T11:44:27.324+0000][26480][gc,marking   ] GC(284) Concurrent Preclean
[2020-09-11T11:44:27.325+0000][26480][gc,marking   ] GC(284) Concurrent Preclean 0.811ms
[2020-09-11T11:44:27.325+0000][26480][gc,marking   ] GC(284) Concurrent Mark (7072.303s, 7072.460s) 157.569ms
[2020-09-11T11:44:27.326+0000][26480][gc,start     ] GC(284) Pause Remark
[2020-09-11T11:44:27.332+0000][26480][gc           ] GC(284) Pause Remark 509M->509M(1024M) 6.196ms
[2020-09-11T11:44:27.333+0000][26480][gc,cpu       ] GC(284) User=0.00s Sys=0.00s Real=0.01s
[2020-09-11T11:44:27.334+0000][26480][safepoint    ] Safepoint "G1Concurrent", Time since last: 162196300 ns, Reaching safepoint: 710400 ns, At safepoint: 7565600 ns, Total: 8276000 ns
[2020-09-11T11:44:27.334+0000][26480][gc,marking   ] GC(284) Concurrent Rebuild Remembered Sets
[2020-09-11T11:44:27.430+0000][26480][gc,marking   ] GC(284) Concurrent Rebuild Remembered Sets 95.361ms
[2020-09-11T11:44:27.430+0000][26480][gc,start     ] GC(284) Pause Cleanup
[2020-09-11T11:44:27.431+0000][26480][gc           ] GC(284) Pause Cleanup 517M->517M(1024M) 0.393ms
[2020-09-11T11:44:27.431+0000][26480][gc,cpu       ] GC(284) User=0.00s Sys=0.00s Real=0.00s
[2020-09-11T11:44:27.431+0000][26480][safepoint    ] Safepoint "G1Concurrent", Time since last: 95659500 ns, Reaching safepoint: 639100 ns, At safepoint: 628000 ns, Total: 1267100 ns
[2020-09-11T11:44:27.431+0000][26480][gc,marking   ] GC(284) Concurrent Cleanup for Next Mark
[2020-09-11T11:44:27.433+0000][26480][gc,marking   ] GC(284) Concurrent Cleanup for Next Mark 1.813ms
[2020-09-11T11:44:27.433+0000][26480][gc           ] GC(284) Concurrent Cycle 269.483ms
[2020-09-11T11:44:27.570+0000][26480][gc,start     ] GC(285) Pause Young (Concurrent Start) (G1 Humongous Allocation)
[2020-09-11T11:44:27.570+0000][26480][gc,task      ] GC(285) Using 8 workers of 8 for evacuation
[2020-09-11T11:44:27.570+0000][26480][gc,age       ] GC(285) Desired survivor size 31981568 bytes, new threshold 15 (max threshold 15)
[2020-09-11T11:44:27.575+0000][26480][gc,age       ] GC(285) Age table with threshold 15 (max threshold 15)
[2020-09-11T11:44:27.575+0000][26480][gc,age       ] GC(285) - age   1:     326096 bytes,     326096 total
[2020-09-11T11:44:27.576+0000][26480][gc,age       ] GC(285) - age   2:    3220360 bytes,    3546456 total
[2020-09-11T11:44:27.576+0000][26480][gc,age       ] GC(285) - age   3:       1456 bytes,    3547912 total
[2020-09-11T11:44:27.576+0000][26480][gc,age       ] GC(285) - age   4:        464 bytes,    3548376 total
[2020-09-11T11:44:27.576+0000][26480][gc,age       ] GC(285) - age   5:      15144 bytes,    3563520 total
[2020-09-11T11:44:27.576+0000][26480][gc,age       ] GC(285) - age   6:      11472 bytes,    3574992 total
[2020-09-11T11:44:27.576+0000][26480][gc,age       ] GC(285) - age   7:      11624 bytes,    3586616 total
[2020-09-11T11:44:27.576+0000][26480][gc,age       ] GC(285) - age   8:       2928 bytes,    3589544 total
[2020-09-11T11:44:27.576+0000][26480][gc,age       ] GC(285) - age   9:       1720 bytes,    3591264 total
[2020-09-11T11:44:27.576+0000][26480][gc,age       ] GC(285) - age  10:        848 bytes,    3592112 total
[2020-09-11T11:44:27.576+0000][26480][gc,age       ] GC(285) - age  11:        704 bytes,    3592816 total
[2020-09-11T11:44:27.576+0000][26480][gc,age       ] GC(285) - age  12:        792 bytes,    3593608 total
[2020-09-11T11:44:27.576+0000][26480][gc,age       ] GC(285) - age  13:       1480 bytes,    3595088 total
[2020-09-11T11:44:27.576+0000][26480][gc,age       ] GC(285) - age  14:        400 bytes,    3595488 total
[2020-09-11T11:44:27.576+0000][26480][gc,age       ] GC(285) - age  15:        952 bytes,    3596440 total
[2020-09-11T11:44:27.576+0000][26480][gc,phases    ] GC(285)   Pre Evacuate Collection Set: 0.6ms
[2020-09-11T11:44:27.577+0000][26480][gc,phases    ] GC(285)   Merge Heap Roots: 0.1ms
[2020-09-11T11:44:27.577+0000][26480][gc,phases    ] GC(285)   Evacuate Collection Set: 3.0ms
[2020-09-11T11:44:27.577+0000][26480][gc,phases    ] GC(285)   Post Evacuate Collection Set: 1.0ms
[2020-09-11T11:44:27.577+0000][26480][gc,phases    ] GC(285)   Other: 1.6ms
[2020-09-11T11:44:27.577+0000][26480][gc,heap      ] GC(285) Eden regions: 55->0(487)
[2020-09-11T11:44:27.577+0000][26480][gc,heap      ] GC(285) Survivor regions: 14->4(61)
[2020-09-11T11:44:27.577+0000][26480][gc,heap      ] GC(285) Old regions: 78->78
[2020-09-11T11:44:27.577+0000][26480][gc,heap      ] GC(285) Archive regions: 0->0
[2020-09-11T11:44:27.577+0000][26480][gc,heap      ] GC(285) Humongous regions: 378->174
[2020-09-11T11:44:27.577+0000][26480][gc,metaspace ] GC(285) Metaspace: 87894K(93976K)->87894K(93976K) NonClass: 76724K(80280K)->76724K(80280K) Class: 11169K(13696K)->11169K(13696K)
[2020-09-11T11:44:27.577+0000][26480][gc           ] GC(285) Pause Young (Concurrent Start) (G1 Humongous Allocation) 522M->255M(1024M) 6.861ms
[2020-09-11T11:44:27.577+0000][26480][gc,cpu       ] GC(285) User=0.09s Sys=0.00s Real=0.01s
[2020-09-11T11:44:27.577+0000][26480][gc           ] GC(286) Concurrent Cycle
[2020-09-11T11:44:27.577+0000][26480][safepoint    ] Safepoint "G1TryInitiateConcMark", Time since last: 138887000 ns, Reaching safepoint: 149900 ns, At safepoint: 7207900 ns, Total: 7357800 ns
[2020-09-11T11:44:27.577+0000][26480][gc,marking   ] GC(286) Concurrent Clear Claimed Marks
[2020-09-11T11:44:27.578+0000][26480][gc,marking   ] GC(286) Concurrent Clear Claimed Marks 0.528ms
[2020-09-11T11:44:27.578+0000][26480][gc,marking   ] GC(286) Concurrent Scan Root Regions
[2020-09-11T11:44:27.580+0000][26480][gc,marking   ] GC(286) Concurrent Scan Root Regions 2.372ms
[2020-09-11T11:44:27.580+0000][26480][gc,marking   ] GC(286) Concurrent Mark (7072.715s)
[2020-09-11T11:44:27.581+0000][26480][gc,marking   ] GC(286) Concurrent Mark From Roots
[2020-09-11T11:44:27.581+0000][26480][gc,task      ] GC(286) Using 2 workers of 2 for marking
[2020-09-11T11:44:27.735+0000][26480][gc,marking   ] GC(286) Concurrent Mark From Roots 154.531ms
[2020-09-11T11:44:27.735+0000][26480][gc,marking   ] GC(286) Concurrent Preclean
[2020-09-11T11:44:27.735+0000][26480][gc,marking   ] GC(286) Concurrent Preclean 0.752ms
[2020-09-11T11:44:27.735+0000][26480][gc,marking   ] GC(286) Concurrent Mark (7072.715s, 7072.870s) 155.486ms
[2020-09-11T11:44:27.736+0000][26480][gc,start     ] GC(286) Pause Remark
[2020-09-11T11:44:27.743+0000][26480][gc           ] GC(286) Pause Remark 323M->323M(1024M) 6.752ms
[2020-09-11T11:44:27.743+0000][26480][gc,cpu       ] GC(286) User=0.00s Sys=0.00s Real=0.01s
[2020-09-11T11:44:27.743+0000][26480][safepoint    ] Safepoint "G1Concurrent", Time since last: 158796900 ns, Reaching safepoint: 175900 ns, At safepoint: 7035700 ns, Total: 7211600 ns
[2020-09-11T11:44:27.743+0000][26480][gc,marking   ] GC(286) Concurrent Rebuild Remembered Sets
[2020-09-11T11:44:27.835+0000][26480][gc,marking   ] GC(286) Concurrent Rebuild Remembered Sets 91.248ms
[2020-09-11T11:44:27.835+0000][26480][gc,start     ] GC(286) Pause Cleanup
[2020-09-11T11:44:27.836+0000][26480][gc           ] GC(286) Pause Cleanup 331M->331M(1024M) 0.347ms
[2020-09-11T11:44:27.836+0000][26480][gc,cpu       ] GC(286) User=0.00s Sys=0.00s Real=0.00s
[2020-09-11T11:44:27.836+0000][26480][safepoint    ] Safepoint "G1Concurrent", Time since last: 91461400 ns, Reaching safepoint: 151300 ns, At safepoint: 546100 ns, Total: 697400 ns
[2020-09-11T11:44:27.836+0000][26480][gc,marking   ] GC(286) Concurrent Cleanup for Next Mark
[2020-09-11T11:44:27.838+0000][26480][gc,marking   ] GC(286) Concurrent Cleanup for Next Mark 1.754ms
[2020-09-11T11:44:27.838+0000][26480][gc           ] GC(286) Concurrent Cycle 260.148ms
[2020-09-11T11:44:27.848+0000][26480][gc,start     ] GC(287) Pause Young (Concurrent Start) (G1 Humongous Allocation)
[2020-09-11T11:44:27.848+0000][26480][gc,task      ] GC(287) Using 8 workers of 8 for evacuation
[2020-09-11T11:44:27.849+0000][26480][gc,age       ] GC(287) Desired survivor size 32505856 bytes, new threshold 15 (max threshold 15)
[2020-09-11T11:44:27.852+0000][26480][gc,age       ] GC(287) Age table with threshold 15 (max threshold 15)
[2020-09-11T11:44:27.852+0000][26480][gc,age       ] GC(287) - age   1:    3643464 bytes,    3643464 total
[2020-09-11T11:44:27.852+0000][26480][gc,age       ] GC(287) - age   2:     210496 bytes,    3853960 total
[2020-09-11T11:44:27.852+0000][26480][gc,age       ] GC(287) - age   3:       9120 bytes,    3863080 total
[2020-09-11T11:44:27.852+0000][26480][gc,age       ] GC(287) - age   4:       1256 bytes,    3864336 total
[2020-09-11T11:44:27.852+0000][26480][gc,age       ] GC(287) - age   5:        368 bytes,    3864704 total
[2020-09-11T11:44:27.852+0000][26480][gc,age       ] GC(287) - age   6:      11656 bytes,    3876360 total
[2020-09-11T11:44:27.852+0000][26480][gc,age       ] GC(287) - age   7:      11472 bytes,    3887832 total
[2020-09-11T11:44:27.852+0000][26480][gc,age       ] GC(287) - age   8:      11496 bytes,    3899328 total
[2020-09-11T11:44:27.852+0000][26480][gc,age       ] GC(287) - age   9:       2600 bytes,    3901928 total
[2020-09-11T11:44:27.852+0000][26480][gc,age       ] GC(287) - age  10:       1688 bytes,    3903616 total
[2020-09-11T11:44:27.853+0000][26480][gc,age       ] GC(287) - age  11:        848 bytes,    3904464 total
[2020-09-11T11:44:27.853+0000][26480][gc,age       ] GC(287) - age  12:        704 bytes,    3905168 total
[2020-09-11T11:44:27.853+0000][26480][gc,age       ] GC(287) - age  13:        728 bytes,    3905896 total
[2020-09-11T11:44:27.853+0000][26480][gc,age       ] GC(287) - age  14:       1424 bytes,    3907320 total
[2020-09-11T11:44:27.853+0000][26480][gc,age       ] GC(287) - age  15:        400 bytes,    3907720 total
[2020-09-11T11:44:27.853+0000][26480][gc,phases    ] GC(287)   Pre Evacuate Collection Set: 0.4ms
[2020-09-11T11:44:27.853+0000][26480][gc,phases    ] GC(287)   Merge Heap Roots: 0.1ms
[2020-09-11T11:44:27.853+0000][26480][gc,phases    ] GC(287)   Evacuate Collection Set: 2.2ms
[2020-09-11T11:44:27.853+0000][26480][gc,phases    ] GC(287)   Post Evacuate Collection Set: 0.7ms
[2020-09-11T11:44:27.853+0000][26480][gc,phases    ] GC(287)   Other: 0.9ms
[2020-09-11T11:44:27.853+0000][26480][gc,heap      ] GC(287) Eden regions: 30->0(483)
[2020-09-11T11:44:27.853+0000][26480][gc,heap      ] GC(287) Survivor regions: 4->5(62)
[2020-09-11T11:44:27.853+0000][26480][gc,heap      ] GC(287) Old regions: 78->78
[2020-09-11T11:44:27.853+0000][26480][gc,heap      ] GC(287) Archive regions: 0->0
[2020-09-11T11:44:27.853+0000][26480][gc,heap      ] GC(287) Humongous regions: 229->174
[2020-09-11T11:44:27.853+0000][26480][gc,metaspace ] GC(287) Metaspace: 87894K(93976K)->87894K(93976K) NonClass: 76724K(80280K)->76724K(80280K) Class: 11169K(13696K)->11169K(13696K)
[2020-09-11T11:44:27.853+0000][26480][gc           ] GC(287) Pause Young (Concurrent Start) (G1 Humongous Allocation) 339M->255M(1024M) 4.740ms
[2020-09-11T11:44:27.853+0000][26480][gc,cpu       ] GC(287) User=0.00s Sys=0.00s Real=0.00s
[2020-09-11T11:44:27.853+0000][26480][safepoint    ] Safepoint "G1TryInitiateConcMark", Time since last: 12321200 ns, Reaching safepoint: 161300 ns, At safepoint: 4926900 ns, Total: 5088200 ns
[2020-09-11T11:44:27.853+0000][26480][gc           ] GC(288) Concurrent Cycle
[2020-09-11T11:44:27.853+0000][26480][gc,marking   ] GC(288) Concurrent Clear Claimed Marks
[2020-09-11T11:44:27.854+0000][26480][gc,marking   ] GC(288) Concurrent Clear Claimed Marks 0.472ms
[2020-09-11T11:44:27.854+0000][26480][gc,marking   ] GC(288) Concurrent Scan Root Regions
[2020-09-11T11:44:27.857+0000][26480][gc,marking   ] GC(288) Concurrent Scan Root Regions 3.225ms
[2020-09-11T11:44:27.857+0000][26480][gc,marking   ] GC(288) Concurrent Mark (7072.991s)
[2020-09-11T11:44:27.857+0000][26480][gc,marking   ] GC(288) Concurrent Mark From Roots
[2020-09-11T11:44:27.857+0000][26480][gc,task      ] GC(288) Using 2 workers of 2 for marking
[2020-09-11T11:44:27.977+0000][26480][gc,marking   ] GC(288) Concurrent Mark From Roots 119.677ms
[2020-09-11T11:44:27.977+0000][26480][gc,marking   ] GC(288) Concurrent Preclean
[2020-09-11T11:44:27.978+0000][26480][gc,marking   ] GC(288) Concurrent Preclean 0.831ms
[2020-09-11T11:44:27.978+0000][26480][gc,marking   ] GC(288) Concurrent Mark (7072.991s, 7073.112s) 120.726ms
[2020-09-11T11:44:27.978+0000][26480][gc,start     ] GC(288) Pause Remark
[2020-09-11T11:44:27.985+0000][26480][gc           ] GC(288) Pause Remark 314M->314M(1024M) 6.205ms
[2020-09-11T11:44:27.985+0000][26480][gc,cpu       ] GC(288) User=0.13s Sys=0.00s Real=0.01s
[2020-09-11T11:44:27.985+0000][26480][safepoint    ] Safepoint "G1Concurrent", Time since last: 124871500 ns, Reaching safepoint: 205200 ns, At safepoint: 6549600 ns, Total: 6754800 ns
[2020-09-11T11:44:27.985+0000][26480][gc,marking   ] GC(288) Concurrent Rebuild Remembered Sets
[2020-09-11T11:44:28.072+0000][26480][gc,marking   ] GC(288) Concurrent Rebuild Remembered Sets 87.767ms
[2020-09-11T11:44:28.073+0000][26480][gc,start     ] GC(288) Pause Cleanup
[2020-09-11T11:44:28.073+0000][26480][gc           ] GC(288) Pause Cleanup 372M->372M(1024M) 0.400ms
[2020-09-11T11:44:28.073+0000][26480][gc,cpu       ] GC(288) User=0.00s Sys=0.00s Real=0.00s
[2020-09-11T11:44:28.074+0000][26480][safepoint    ] Safepoint "G1Concurrent", Time since last: 88089800 ns, Reaching safepoint: 521900 ns, At safepoint: 653400 ns, Total: 1175300 ns
[2020-09-11T11:44:28.074+0000][26480][gc,marking   ] GC(288) Concurrent Cleanup for Next Mark
[2020-09-11T11:44:28.076+0000][26480][gc,marking   ] GC(288) Concurrent Cleanup for Next Mark 2.482ms
[2020-09-11T11:44:28.076+0000][26480][gc           ] GC(288) Concurrent Cycle 223.588ms
[2020-09-11T11:44:28.295+0000][26480][gc,start     ] GC(289) Pause Young (Concurrent Start) (G1 Humongous Allocation)
[2020-09-11T11:44:28.296+0000][26480][gc,task      ] GC(289) Using 8 workers of 8 for evacuation
[2020-09-11T11:44:28.296+0000][26480][gc,age       ] GC(289) Desired survivor size 31981568 bytes, new threshold 15 (max threshold 15)
[2020-09-11T11:44:28.300+0000][26480][gc,age       ] GC(289) Age table with threshold 15 (max threshold 15)
[2020-09-11T11:44:28.300+0000][26480][gc,age       ] GC(289) - age   1:    3312688 bytes,    3312688 total
[2020-09-11T11:44:28.300+0000][26480][gc,age       ] GC(289) - age   2:     401328 bytes,    3714016 total
[2020-09-11T11:44:28.300+0000][26480][gc,age       ] GC(289) - age   3:     205312 bytes,    3919328 total
[2020-09-11T11:44:28.300+0000][26480][gc,age       ] GC(289) - age   4:       5096 bytes,    3924424 total
[2020-09-11T11:44:28.300+0000][26480][gc,age       ] GC(289) - age   5:        992 bytes,    3925416 total
[2020-09-11T11:44:28.300+0000][26480][gc,age       ] GC(289) - age   6:        304 bytes,    3925720 total
[2020-09-11T11:44:28.300+0000][26480][gc,age       ] GC(289) - age   7:      11528 bytes,    3937248 total
[2020-09-11T11:44:28.300+0000][26480][gc,age       ] GC(289) - age   8:      11472 bytes,    3948720 total
[2020-09-11T11:44:28.300+0000][26480][gc,age       ] GC(289) - age   9:      11336 bytes,    3960056 total
[2020-09-11T11:44:28.300+0000][26480][gc,age       ] GC(289) - age  10:       2600 bytes,    3962656 total
[2020-09-11T11:44:28.300+0000][26480][gc,age       ] GC(289) - age  11:       1688 bytes,    3964344 total
[2020-09-11T11:44:28.300+0000][26480][gc,age       ] GC(289) - age  12:        848 bytes,    3965192 total
[2020-09-11T11:44:28.300+0000][26480][gc,age       ] GC(289) - age  13:        704 bytes,    3965896 total
[2020-09-11T11:44:28.300+0000][26480][gc,age       ] GC(289) - age  14:        728 bytes,    3966624 total
[2020-09-11T11:44:28.300+0000][26480][gc,age       ] GC(289) - age  15:       1424 bytes,    3968048 total
[2020-09-11T11:44:28.301+0000][26480][gc,phases    ] GC(289)   Pre Evacuate Collection Set: 0.5ms
[2020-09-11T11:44:28.301+0000][26480][gc,phases    ] GC(289)   Merge Heap Roots: 0.1ms
[2020-09-11T11:44:28.301+0000][26480][gc,phases    ] GC(289)   Evacuate Collection Set: 2.6ms
[2020-09-11T11:44:28.301+0000][26480][gc,phases    ] GC(289)   Post Evacuate Collection Set: 0.9ms
[2020-09-11T11:44:28.301+0000][26480][gc,phases    ] GC(289)   Other: 1.1ms
[2020-09-11T11:44:28.301+0000][26480][gc,heap      ] GC(289) Eden regions: 42->0(488)
[2020-09-11T11:44:28.301+0000][26480][gc,heap      ] GC(289) Survivor regions: 5->4(61)
[2020-09-11T11:44:28.301+0000][26480][gc,heap      ] GC(289) Old regions: 78->78
[2020-09-11T11:44:28.301+0000][26480][gc,heap      ] GC(289) Archive regions: 0->0
[2020-09-11T11:44:28.301+0000][26480][gc,heap      ] GC(289) Humongous regions: 275->174
[2020-09-11T11:44:28.301+0000][26480][gc,metaspace ] GC(289) Metaspace: 87896K(93976K)->87896K(93976K) NonClass: 76726K(80280K)->76726K(80280K) Class: 11169K(13696K)->11169K(13696K)
[2020-09-11T11:44:28.301+0000][26480][gc           ] GC(289) Pause Young (Concurrent Start) (G1 Humongous Allocation) 398M->255M(1024M) 5.565ms
[2020-09-11T11:44:28.301+0000][26480][gc,cpu       ] GC(289) User=0.00s Sys=0.00s Real=0.01s
[2020-09-11T11:44:28.301+0000][26480][safepoint    ] Safepoint "G1TryInitiateConcMark", Time since last: 221738000 ns, Reaching safepoint: 136100 ns, At safepoint: 5775200 ns, Total: 5911300 ns
[2020-09-11T11:44:28.301+0000][26480][gc           ] GC(290) Concurrent Cycle
[2020-09-11T11:44:28.301+0000][26480][gc,marking   ] GC(290) Concurrent Clear Claimed Marks
[2020-09-11T11:44:28.302+0000][26480][gc,marking   ] GC(290) Concurrent Clear Claimed Marks 0.595ms
[2020-09-11T11:44:28.302+0000][26480][gc,marking   ] GC(290) Concurrent Scan Root Regions
[2020-09-11T11:44:28.305+0000][26480][gc,marking   ] GC(290) Concurrent Scan Root Regions 2.862ms
[2020-09-11T11:44:28.305+0000][26480][gc,marking   ] GC(290) Concurrent Mark (7073.440s)
[2020-09-11T11:44:28.305+0000][26480][gc,marking   ] GC(290) Concurrent Mark From Roots
[2020-09-11T11:44:28.305+0000][26480][gc,task      ] GC(290) Using 2 workers of 2 for marking
[2020-09-11T11:44:28.463+0000][26480][gc,marking   ] GC(290) Concurrent Mark From Roots 158.339ms
[2020-09-11T11:44:28.463+0000][26480][gc,marking   ] GC(290) Concurrent Preclean
[2020-09-11T11:44:28.464+0000][26480][gc,marking   ] GC(290) Concurrent Preclean 0.753ms
[2020-09-11T11:44:28.464+0000][26480][gc,marking   ] GC(290) Concurrent Mark (7073.440s, 7073.599s) 159.298ms
[2020-09-11T11:44:28.465+0000][26480][gc,start     ] GC(290) Pause Remark
[2020-09-11T11:44:28.470+0000][26480][gc           ] GC(290) Pause Remark 317M->317M(1024M) 5.686ms
[2020-09-11T11:44:28.470+0000][26480][gc,cpu       ] GC(290) User=0.00s Sys=0.00s Real=0.01s
[2020-09-11T11:44:28.470+0000][26480][safepoint    ] Safepoint "G1Concurrent", Time since last: 163166600 ns, Reaching safepoint: 175900 ns, At safepoint: 5919600 ns, Total: 6095500 ns
[2020-09-11T11:44:28.471+0000][26480][gc,marking   ] GC(290) Concurrent Rebuild Remembered Sets
[2020-09-11T11:44:28.548+0000][26480][gc,marking   ] GC(290) Concurrent Rebuild Remembered Sets 77.524ms
[2020-09-11T11:44:28.548+0000][26480][gc,start     ] GC(290) Pause Cleanup
[2020-09-11T11:44:28.549+0000][26480][gc           ] GC(290) Pause Cleanup 326M->326M(1024M) 0.283ms
[2020-09-11T11:44:28.549+0000][26480][gc,cpu       ] GC(290) User=0.00s Sys=0.00s Real=0.00s
[2020-09-11T11:44:28.549+0000][26480][safepoint    ] Safepoint "G1Concurrent", Time since last: 77693300 ns, Reaching safepoint: 126100 ns, At safepoint: 455800 ns, Total: 581900 ns
[2020-09-11T11:44:28.549+0000][26480][gc,marking   ] GC(290) Concurrent Cleanup for Next Mark
[2020-09-11T11:44:28.550+0000][26480][gc,marking   ] GC(290) Concurrent Cleanup for Next Mark 1.601ms
[2020-09-11T11:44:28.550+0000][26480][gc           ] GC(290) Concurrent Cycle 249.291ms
[2020-09-11T11:44:28.552+0000][26480][gc,start     ] GC(291) Pause Young (Concurrent Start) (G1 Humongous Allocation)
[2020-09-11T11:44:28.552+0000][26480][gc,task      ] GC(291) Using 8 workers of 8 for evacuation
[2020-09-11T11:44:28.552+0000][26480][gc,age       ] GC(291) Desired survivor size 32505856 bytes, new threshold 15 (max threshold 15)
[2020-09-11T11:44:28.556+0000][26480][gc,age       ] GC(291) Age table with threshold 15 (max threshold 15)
[2020-09-11T11:44:28.556+0000][26480][gc,age       ] GC(291) - age   1:    3067688 bytes,    3067688 total
[2020-09-11T11:44:28.556+0000][26480][gc,age       ] GC(291) - age   2:     411520 bytes,    3479208 total
[2020-09-11T11:44:28.556+0000][26480][gc,age       ] GC(291) - age   3:     201416 bytes,    3680624 total
[2020-09-11T11:44:28.556+0000][26480][gc,age       ] GC(291) - age   4:     204000 bytes,    3884624 total
[2020-09-11T11:44:28.556+0000][26480][gc,age       ] GC(291) - age   5:       4216 bytes,    3888840 total
[2020-09-11T11:44:28.556+0000][26480][gc,age       ] GC(291) - age   6:        960 bytes,    3889800 total
[2020-09-11T11:44:28.556+0000][26480][gc,age       ] GC(291) - age   7:        272 bytes,    3890072 total
[2020-09-11T11:44:28.556+0000][26480][gc,age       ] GC(291) - age   8:      11448 bytes,    3901520 total
[2020-09-11T11:44:28.557+0000][26480][gc,age       ] GC(291) - age   9:      11472 bytes,    3912992 total
[2020-09-11T11:44:28.557+0000][26480][gc,age       ] GC(291) - age  10:      11272 bytes,    3924264 total
[2020-09-11T11:44:28.557+0000][26480][gc,age       ] GC(291) - age  11:       2600 bytes,    3926864 total
[2020-09-11T11:44:28.557+0000][26480][gc,age       ] GC(291) - age  12:       1688 bytes,    3928552 total
[2020-09-11T11:44:28.557+0000][26480][gc,age       ] GC(291) - age  13:        848 bytes,    3929400 total
[2020-09-11T11:44:28.557+0000][26480][gc,age       ] GC(291) - age  14:        704 bytes,    3930104 total
[2020-09-11T11:44:28.557+0000][26480][gc,age       ] GC(291) - age  15:        728 bytes,    3930832 total
[2020-09-11T11:44:28.557+0000][26480][gc,phases    ] GC(291)   Pre Evacuate Collection Set: 0.4ms
[2020-09-11T11:44:28.557+0000][26480][gc,phases    ] GC(291)   Merge Heap Roots: 0.1ms
[2020-09-11T11:44:28.557+0000][26480][gc,phases    ] GC(291)   Evacuate Collection Set: 2.5ms
[2020-09-11T11:44:28.557+0000][26480][gc,phases    ] GC(291)   Post Evacuate Collection Set: 0.8ms
[2020-09-11T11:44:28.557+0000][26480][gc,phases    ] GC(291)   Other: 1.0ms
[2020-09-11T11:44:28.557+0000][26480][gc,heap      ] GC(291) Eden regions: 21->0(491)
[2020-09-11T11:44:28.557+0000][26480][gc,heap      ] GC(291) Survivor regions: 4->4(62)
[2020-09-11T11:44:28.557+0000][26480][gc,heap      ] GC(291) Old regions: 78->78
[2020-09-11T11:44:28.557+0000][26480][gc,heap      ] GC(291) Archive regions: 0->0
[2020-09-11T11:44:28.557+0000][26480][gc,heap      ] GC(291) Humongous regions: 229->174
[2020-09-11T11:44:28.557+0000][26480][gc,metaspace ] GC(291) Metaspace: 87896K(93976K)->87896K(93976K) NonClass: 76726K(80280K)->76726K(80280K) Class: 11169K(13696K)->11169K(13696K)
[2020-09-11T11:44:28.557+0000][26480][gc           ] GC(291) Pause Young (Concurrent Start) (G1 Humongous Allocation) 330M->255M(1024M) 5.060ms
[2020-09-11T11:44:28.557+0000][26480][gc,cpu       ] GC(291) User=0.00s Sys=0.02s Real=0.00s
[2020-09-11T11:44:28.557+0000][26480][gc           ] GC(292) Concurrent Cycle
[2020-09-11T11:44:28.557+0000][26480][safepoint    ] Safepoint "G1TryInitiateConcMark", Time since last: 3196000 ns, Reaching safepoint: 158300 ns, At safepoint: 5245400 ns, Total: 5403700 ns
[2020-09-11T11:44:28.557+0000][26480][gc,marking   ] GC(292) Concurrent Clear Claimed Marks
[2020-09-11T11:44:28.558+0000][26480][gc,marking   ] GC(292) Concurrent Clear Claimed Marks 0.443ms
[2020-09-11T11:44:28.558+0000][26480][gc,marking   ] GC(292) Concurrent Scan Root Regions
[2020-09-11T11:44:28.560+0000][26480][gc,marking   ] GC(292) Concurrent Scan Root Regions 2.238ms
[2020-09-11T11:44:28.560+0000][26480][gc,marking   ] GC(292) Concurrent Mark (7073.695s)
[2020-09-11T11:44:28.560+0000][26480][gc,marking   ] GC(292) Concurrent Mark From Roots
[2020-09-11T11:44:28.560+0000][26480][gc,task      ] GC(292) Using 2 workers of 2 for marking
[2020-09-11T11:44:28.667+0000][26480][gc,marking   ] GC(292) Concurrent Mark From Roots 106.225ms
[2020-09-11T11:44:28.667+0000][26480][gc,marking   ] GC(292) Concurrent Preclean
[2020-09-11T11:44:28.667+0000][26480][gc,marking   ] GC(292) Concurrent Preclean 0.526ms
[2020-09-11T11:44:28.667+0000][26480][gc,marking   ] GC(292) Concurrent Mark (7073.695s, 7073.802s) 106.896ms
[2020-09-11T11:44:28.667+0000][26480][gc,start     ] GC(292) Pause Remark
[2020-09-11T11:44:28.674+0000][26480][gc           ] GC(292) Pause Remark 314M->314M(1024M) 6.700ms
[2020-09-11T11:44:28.674+0000][26480][gc,cpu       ] GC(292) User=0.00s Sys=0.00s Real=0.01s
[2020-09-11T11:44:28.674+0000][26480][safepoint    ] Safepoint "G1Concurrent", Time since last: 109931200 ns, Reaching safepoint: 157000 ns, At safepoint: 7012800 ns, Total: 7169800 ns
[2020-09-11T11:44:28.675+0000][26480][gc,marking   ] GC(292) Concurrent Rebuild Remembered Sets
[2020-09-11T11:44:28.760+0000][26480][gc,marking   ] GC(292) Concurrent Rebuild Remembered Sets 85.114ms
[2020-09-11T11:44:28.760+0000][26480][gc,start     ] GC(292) Pause Cleanup
[2020-09-11T11:44:28.760+0000][26480][gc           ] GC(292) Pause Cleanup 376M->376M(1024M) 0.266ms
[2020-09-11T11:44:28.760+0000][26480][gc,cpu       ] GC(292) User=0.00s Sys=0.00s Real=0.00s
[2020-09-11T11:44:28.760+0000][26480][safepoint    ] Safepoint "G1Concurrent", Time since last: 85306700 ns, Reaching safepoint: 159100 ns, At safepoint: 410000 ns, Total: 569100 ns
[2020-09-11T11:44:28.760+0000][26480][gc,marking   ] GC(292) Concurrent Cleanup for Next Mark
[2020-09-11T11:44:28.762+0000][26480][gc,marking   ] GC(292) Concurrent Cleanup for Next Mark 1.391ms
[2020-09-11T11:44:28.762+0000][26480][gc           ] GC(292) Concurrent Cycle 204.560ms
[2020-09-11T11:44:28.966+0000][26480][gc,start     ] GC(293) Pause Young (Concurrent Start) (G1 Humongous Allocation)
[2020-09-11T11:44:28.966+0000][26480][gc,task      ] GC(293) Using 8 workers of 8 for evacuation
[2020-09-11T11:44:28.966+0000][26480][gc,age       ] GC(293) Desired survivor size 32505856 bytes, new threshold 15 (max threshold 15)
[2020-09-11T11:44:28.971+0000][26480][gc,age       ] GC(293) Age table with threshold 15 (max threshold 15)
[2020-09-11T11:44:28.972+0000][26480][gc,age       ] GC(293) - age   1:   13350624 bytes,   13350624 total
[2020-09-11T11:44:28.972+0000][26480][gc,age       ] GC(293) - age   2:       1400 bytes,   13352024 total
[2020-09-11T11:44:28.972+0000][26480][gc,age       ] GC(293) - age   3:       2712 bytes,   13354736 total
[2020-09-11T11:44:28.972+0000][26480][gc,age       ] GC(293) - age   4:       1328 bytes,   13356064 total
[2020-09-11T11:44:28.972+0000][26480][gc,age       ] GC(293) - age   5:       6696 bytes,   13362760 total
[2020-09-11T11:44:28.972+0000][26480][gc,age       ] GC(293) - age   6:       1872 bytes,   13364632 total
[2020-09-11T11:44:28.972+0000][26480][gc,age       ] GC(293) - age   7:        456 bytes,   13365088 total
[2020-09-11T11:44:28.972+0000][26480][gc,age       ] GC(293) - age   8:        240 bytes,   13365328 total
[2020-09-11T11:44:28.972+0000][26480][gc,age       ] GC(293) - age   9:      11320 bytes,   13376648 total
[2020-09-11T11:44:28.972+0000][26480][gc,age       ] GC(293) - age  10:      11216 bytes,   13387864 total
[2020-09-11T11:44:28.972+0000][26480][gc,age       ] GC(293) - age  11:      11208 bytes,   13399072 total
[2020-09-11T11:44:28.972+0000][26480][gc,age       ] GC(293) - age  12:       2408 bytes,   13401480 total
[2020-09-11T11:44:28.972+0000][26480][gc,age       ] GC(293) - age  13:       1656 bytes,   13403136 total
[2020-09-11T11:44:28.972+0000][26480][gc,age       ] GC(293) - age  14:        848 bytes,   13403984 total
[2020-09-11T11:44:28.972+0000][26480][gc,age       ] GC(293) - age  15:        704 bytes,   13404688 total
[2020-09-11T11:44:28.972+0000][26480][gc,phases    ] GC(293)   Pre Evacuate Collection Set: 0.4ms
[2020-09-11T11:44:28.972+0000][26480][gc,phases    ] GC(293)   Merge Heap Roots: 0.1ms
[2020-09-11T11:44:28.972+0000][26480][gc,phases    ] GC(293)   Evacuate Collection Set: 3.6ms
[2020-09-11T11:44:28.972+0000][26480][gc,phases    ] GC(293)   Post Evacuate Collection Set: 0.9ms
[2020-09-11T11:44:28.972+0000][26480][gc,phases    ] GC(293)   Other: 1.1ms
[2020-09-11T11:44:28.972+0000][26480][gc,heap      ] GC(293) Eden regions: 65->0(476)
[2020-09-11T11:44:28.973+0000][26480][gc,heap      ] GC(293) Survivor regions: 4->13(62)
[2020-09-11T11:44:28.973+0000][26480][gc,heap      ] GC(293) Old regions: 78->78
[2020-09-11T11:44:28.973+0000][26480][gc,heap      ] GC(293) Archive regions: 0->0
[2020-09-11T11:44:28.973+0000][26480][gc,heap      ] GC(293) Humongous regions: 271->174
[2020-09-11T11:44:28.973+0000][26480][gc,metaspace ] GC(293) Metaspace: 87908K(93976K)->87908K(93976K) NonClass: 76738K(80280K)->76738K(80280K) Class: 11169K(13696K)->11169K(13696K)
[2020-09-11T11:44:28.973+0000][26480][gc           ] GC(293) Pause Young (Concurrent Start) (G1 Humongous Allocation) 417M->264M(1024M) 6.581ms
[2020-09-11T11:44:28.973+0000][26480][gc,cpu       ] GC(293) User=0.00s Sys=0.00s Real=0.01s
[2020-09-11T11:44:28.973+0000][26480][gc           ] GC(294) Concurrent Cycle
[2020-09-11T11:44:28.973+0000][26480][gc,marking   ] GC(294) Concurrent Clear Claimed Marks
[2020-09-11T11:44:28.973+0000][26480][gc,marking   ] GC(294) Concurrent Clear Claimed Marks 0.365ms
[2020-09-11T11:44:28.973+0000][26480][safepoint    ] Safepoint "G1TryInitiateConcMark", Time since last: 205591200 ns, Reaching safepoint: 206000 ns, At safepoint: 7227800 ns, Total: 7433800 ns
[2020-09-11T11:44:28.973+0000][26480][gc,marking   ] GC(294) Concurrent Scan Root Regions
[2020-09-11T11:44:28.977+0000][26480][gc,marking   ] GC(294) Concurrent Scan Root Regions 3.415ms
[2020-09-11T11:44:28.977+0000][26480][gc,marking   ] GC(294) Concurrent Mark (7074.112s)
[2020-09-11T11:44:28.977+0000][26480][gc,marking   ] GC(294) Concurrent Mark From Roots
[2020-09-11T11:44:28.977+0000][26480][gc,task      ] GC(294) Using 2 workers of 2 for marking
[2020-09-11T11:44:29.132+0000][26480][gc,marking   ] GC(294) Concurrent Mark From Roots 155.017ms
[2020-09-11T11:44:29.132+0000][26480][gc,marking   ] GC(294) Concurrent Preclean
[2020-09-11T11:44:29.133+0000][26480][gc,marking   ] GC(294) Concurrent Preclean 0.836ms
[2020-09-11T11:44:29.133+0000][26480][gc,marking   ] GC(294) Concurrent Mark (7074.112s, 7074.268s) 156.073ms
[2020-09-11T11:44:29.133+0000][26480][gc,start     ] GC(294) Pause Remark
[2020-09-11T11:44:29.140+0000][26480][gc           ] GC(294) Pause Remark 506M->506M(1024M) 7.028ms
[2020-09-11T11:44:29.140+0000][26480][gc,cpu       ] GC(294) User=0.13s Sys=0.00s Real=0.01s
[2020-09-11T11:44:29.141+0000][26480][safepoint    ] Safepoint "G1Concurrent", Time since last: 159791600 ns, Reaching safepoint: 180100 ns, At safepoint: 7314000 ns, Total: 7494100 ns
[2020-09-11T11:44:29.141+0000][26480][gc,marking   ] GC(294) Concurrent Rebuild Remembered Sets
[2020-09-11T11:44:29.237+0000][26480][gc,marking   ] GC(294) Concurrent Rebuild Remembered Sets 96.096ms
[2020-09-11T11:44:29.242+0000][26480][gc,start     ] GC(294) Pause Cleanup
[2020-09-11T11:44:29.242+0000][26480][gc           ] GC(294) Pause Cleanup 575M->575M(1024M) 0.382ms
[2020-09-11T11:44:29.242+0000][26480][gc,cpu       ] GC(294) User=0.00s Sys=0.00s Real=0.00s
[2020-09-11T11:44:29.243+0000][26480][safepoint    ] Safepoint "G1Concurrent", Time since last: 96338800 ns, Reaching safepoint: 4744700 ns, At safepoint: 1653800 ns, Total: 6398500 ns
[2020-09-11T11:44:29.243+0000][26480][gc,marking   ] GC(294) Concurrent Cleanup for Next Mark
[2020-09-11T11:44:29.246+0000][26480][gc,marking   ] GC(294) Concurrent Cleanup for Next Mark 2.164ms
[2020-09-11T11:44:29.246+0000][26480][gc           ] GC(294) Concurrent Cycle 272.886ms
[2020-09-11T11:44:29.434+0000][26480][gc,start     ] GC(295) Pause Young (Concurrent Start) (G1 Humongous Allocation)
[2020-09-11T11:44:29.434+0000][26480][gc,task      ] GC(295) Using 8 workers of 8 for evacuation
[2020-09-11T11:44:29.434+0000][26480][gc,age       ] GC(295) Desired survivor size 32505856 bytes, new threshold 15 (max threshold 15)
[2020-09-11T11:44:29.439+0000][26480][gc,age       ] GC(295) Age table with threshold 15 (max threshold 15)
[2020-09-11T11:44:29.440+0000][26480][gc,age       ] GC(295) - age   1:    5502232 bytes,    5502232 total
[2020-09-11T11:44:29.440+0000][26480][gc,age       ] GC(295) - age   2:      15552 bytes,    5517784 total
[2020-09-11T11:44:29.440+0000][26480][gc,age       ] GC(295) - age   3:        936 bytes,    5518720 total
[2020-09-11T11:44:29.440+0000][26480][gc,age       ] GC(295) - age   4:       1520 bytes,    5520240 total
[2020-09-11T11:44:29.440+0000][26480][gc,age       ] GC(295) - age   5:        912 bytes,    5521152 total
[2020-09-11T11:44:29.440+0000][26480][gc,age       ] GC(295) - age   6:       6600 bytes,    5527752 total
[2020-09-11T11:44:29.440+0000][26480][gc,age       ] GC(295) - age   7:       1520 bytes,    5529272 total
[2020-09-11T11:44:29.440+0000][26480][gc,age       ] GC(295) - age   8:        392 bytes,    5529664 total
[2020-09-11T11:44:29.440+0000][26480][gc,age       ] GC(295) - age   9:        176 bytes,    5529840 total
[2020-09-11T11:44:29.440+0000][26480][gc,age       ] GC(295) - age  10:      11288 bytes,    5541128 total
[2020-09-11T11:44:29.440+0000][26480][gc,age       ] GC(295) - age  11:      11216 bytes,    5552344 total
[2020-09-11T11:44:29.440+0000][26480][gc,age       ] GC(295) - age  12:      11208 bytes,    5563552 total
[2020-09-11T11:44:29.440+0000][26480][gc,age       ] GC(295) - age  13:       2312 bytes,    5565864 total
[2020-09-11T11:44:29.440+0000][26480][gc,age       ] GC(295) - age  14:       1656 bytes,    5567520 total
[2020-09-11T11:44:29.440+0000][26480][gc,age       ] GC(295) - age  15:        848 bytes,    5568368 total
[2020-09-11T11:44:29.440+0000][26480][gc,phases    ] GC(295)   Pre Evacuate Collection Set: 0.6ms
[2020-09-11T11:44:29.440+0000][26480][gc,phases    ] GC(295)   Merge Heap Roots: 0.1ms
[2020-09-11T11:44:29.440+0000][26480][gc,phases    ] GC(295)   Evacuate Collection Set: 3.1ms
[2020-09-11T11:44:29.440+0000][26480][gc,phases    ] GC(295)   Post Evacuate Collection Set: 1.2ms
[2020-09-11T11:44:29.440+0000][26480][gc,phases    ] GC(295)   Other: 1.1ms
[2020-09-11T11:44:29.440+0000][26480][gc,heap      ] GC(295) Eden regions: 87->0(484)
[2020-09-11T11:44:29.440+0000][26480][gc,heap      ] GC(295) Survivor regions: 13->7(62)
[2020-09-11T11:44:29.440+0000][26480][gc,heap      ] GC(295) Old regions: 78->78
[2020-09-11T11:44:29.440+0000][26480][gc,heap      ] GC(295) Archive regions: 0->0
[2020-09-11T11:44:29.440+0000][26480][gc,heap      ] GC(295) Humongous regions: 430->174
[2020-09-11T11:44:29.440+0000][26480][gc,metaspace ] GC(295) Metaspace: 87912K(93976K)->87912K(93976K) NonClass: 76742K(80280K)->76742K(80280K) Class: 11169K(13696K)->11169K(13696K)
[2020-09-11T11:44:29.441+0000][26480][gc           ] GC(295) Pause Young (Concurrent Start) (G1 Humongous Allocation) 606M->257M(1024M) 6.470ms
[2020-09-11T11:44:29.441+0000][26480][gc,cpu       ] GC(295) User=0.00s Sys=0.00s Real=0.01s
[2020-09-11T11:44:29.441+0000][26480][gc           ] GC(296) Concurrent Cycle
[2020-09-11T11:44:29.441+0000][26480][gc,marking   ] GC(296) Concurrent Clear Claimed Marks
[2020-09-11T11:44:29.441+0000][26480][gc,marking   ] GC(296) Concurrent Clear Claimed Marks 0.333ms
[2020-09-11T11:44:29.441+0000][26480][safepoint    ] Safepoint "G1TryInitiateConcMark", Time since last: 190488700 ns, Reaching safepoint: 201600 ns, At safepoint: 7088700 ns, Total: 7290300 ns
[2020-09-11T11:44:29.441+0000][26480][gc,marking   ] GC(296) Concurrent Scan Root Regions
[2020-09-11T11:44:29.443+0000][26480][gc,marking   ] GC(296) Concurrent Scan Root Regions 1.648ms
[2020-09-11T11:44:29.443+0000][26480][gc,marking   ] GC(296) Concurrent Mark (7074.578s)
[2020-09-11T11:44:29.443+0000][26480][gc,marking   ] GC(296) Concurrent Mark From Roots
[2020-09-11T11:44:29.443+0000][26480][gc,task      ] GC(296) Using 2 workers of 2 for marking
[2020-09-11T11:44:29.606+0000][26480][gc,marking   ] GC(296) Concurrent Mark From Roots 163.000ms
[2020-09-11T11:44:29.606+0000][26480][gc,marking   ] GC(296) Concurrent Preclean
[2020-09-11T11:44:29.607+0000][26480][gc,marking   ] GC(296) Concurrent Preclean 0.775ms
[2020-09-11T11:44:29.607+0000][26480][gc,marking   ] GC(296) Concurrent Mark (7074.578s, 7074.742s) 163.998ms
[2020-09-11T11:44:29.607+0000][26480][gc,start     ] GC(296) Pause Remark
[2020-09-11T11:44:29.614+0000][26480][gc           ] GC(296) Pause Remark 511M->511M(1024M) 6.417ms
[2020-09-11T11:44:29.614+0000][26480][gc,cpu       ] GC(296) User=0.00s Sys=0.00s Real=0.01s
[2020-09-11T11:44:29.614+0000][26480][safepoint    ] Safepoint "G1Concurrent", Time since last: 165871400 ns, Reaching safepoint: 168000 ns, At safepoint: 6608400 ns, Total: 6776400 ns
[2020-09-11T11:44:29.614+0000][26480][gc,marking   ] GC(296) Concurrent Rebuild Remembered Sets
[2020-09-11T11:44:29.704+0000][26480][gc,marking   ] GC(296) Concurrent Rebuild Remembered Sets 90.296ms
[2020-09-11T11:44:29.704+0000][26480][gc,start     ] GC(296) Pause Cleanup
[2020-09-11T11:44:29.705+0000][26480][gc           ] GC(296) Pause Cleanup 582M->582M(1024M) 0.392ms
[2020-09-11T11:44:29.705+0000][26480][gc,cpu       ] GC(296) User=0.00s Sys=0.00s Real=0.00s
[2020-09-11T11:44:29.705+0000][26480][safepoint    ] Safepoint "G1Concurrent", Time since last: 90471300 ns, Reaching safepoint: 234200 ns, At safepoint: 594900 ns, Total: 829100 ns
[2020-09-11T11:44:29.705+0000][26480][gc,marking   ] GC(296) Concurrent Cleanup for Next Mark
[2020-09-11T11:44:29.707+0000][26480][gc,marking   ] GC(296) Concurrent Cleanup for Next Mark 2.035ms
[2020-09-11T11:44:29.707+0000][26480][gc           ] GC(296) Concurrent Cycle 266.588ms
[2020-09-11T11:44:29.865+0000][26480][gc,start     ] GC(297) Pause Young (Concurrent Start) (G1 Humongous Allocation)
[2020-09-11T11:44:29.865+0000][26480][gc,task      ] GC(297) Using 8 workers of 8 for evacuation
[2020-09-11T11:44:29.865+0000][26480][gc,age       ] GC(297) Desired survivor size 32505856 bytes, new threshold 15 (max threshold 15)
[2020-09-11T11:44:29.871+0000][26480][gc,age       ] GC(297) Age table with threshold 15 (max threshold 15)
[2020-09-11T11:44:29.871+0000][26480][gc,age       ] GC(297) - age   1:   13428424 bytes,   13428424 total
[2020-09-11T11:44:29.871+0000][26480][gc,age       ] GC(297) - age   2:       2616 bytes,   13431040 total
[2020-09-11T11:44:29.872+0000][26480][gc,age       ] GC(297) - age   3:      13856 bytes,   13444896 total
[2020-09-11T11:44:29.872+0000][26480][gc,age       ] GC(297) - age   4:        736 bytes,   13445632 total
[2020-09-11T11:44:29.872+0000][26480][gc,age       ] GC(297) - age   5:       1392 bytes,   13447024 total
[2020-09-11T11:44:29.872+0000][26480][gc,age       ] GC(297) - age   6:        880 bytes,   13447904 total
[2020-09-11T11:44:29.872+0000][26480][gc,age       ] GC(297) - age   7:       6600 bytes,   13454504 total
[2020-09-11T11:44:29.872+0000][26480][gc,age       ] GC(297) - age   8:       1488 bytes,   13455992 total
[2020-09-11T11:44:29.872+0000][26480][gc,age       ] GC(297) - age   9:        392 bytes,   13456384 total
[2020-09-11T11:44:29.872+0000][26480][gc,age       ] GC(297) - age  10:        144 bytes,   13456528 total
[2020-09-11T11:44:29.872+0000][26480][gc,age       ] GC(297) - age  11:      11224 bytes,   13467752 total
[2020-09-11T11:44:29.872+0000][26480][gc,age       ] GC(297) - age  12:      11088 bytes,   13478840 total
[2020-09-11T11:44:29.872+0000][26480][gc,age       ] GC(297) - age  13:      11208 bytes,   13490048 total
[2020-09-11T11:44:29.872+0000][26480][gc,age       ] GC(297) - age  14:       2312 bytes,   13492360 total
[2020-09-11T11:44:29.872+0000][26480][gc,age       ] GC(297) - age  15:       1656 bytes,   13494016 total
[2020-09-11T11:44:29.872+0000][26480][gc,phases    ] GC(297)   Pre Evacuate Collection Set: 0.4ms
[2020-09-11T11:44:29.872+0000][26480][gc,phases    ] GC(297)   Merge Heap Roots: 0.1ms
[2020-09-11T11:44:29.872+0000][26480][gc,phases    ] GC(297)   Evacuate Collection Set: 4.1ms
[2020-09-11T11:44:29.873+0000][26480][gc,phases    ] GC(297)   Post Evacuate Collection Set: 1.1ms
[2020-09-11T11:44:29.873+0000][26480][gc,phases    ] GC(297)   Other: 1.1ms
[2020-09-11T11:44:29.873+0000][26480][gc,heap      ] GC(297) Eden regions: 107->0(474)
[2020-09-11T11:44:29.873+0000][26480][gc,heap      ] GC(297) Survivor regions: 7->14(62)
[2020-09-11T11:44:29.873+0000][26480][gc,heap      ] GC(297) Old regions: 78->78
[2020-09-11T11:44:29.873+0000][26480][gc,heap      ] GC(297) Archive regions: 0->0
[2020-09-11T11:44:29.873+0000][26480][gc,heap      ] GC(297) Humongous regions: 430->174
[2020-09-11T11:44:29.873+0000][26480][gc,metaspace ] GC(297) Metaspace: 87926K(93976K)->87926K(93976K) NonClass: 76757K(80280K)->76757K(80280K) Class: 11169K(13696K)->11169K(13696K)
[2020-09-11T11:44:29.873+0000][26480][gc           ] GC(297) Pause Young (Concurrent Start) (G1 Humongous Allocation) 620M->264M(1024M) 7.170ms
[2020-09-11T11:44:29.873+0000][26480][gc,cpu       ] GC(297) User=0.11s Sys=0.00s Real=0.01s
[2020-09-11T11:44:29.873+0000][26480][gc           ] GC(298) Concurrent Cycle
[2020-09-11T11:44:29.873+0000][26480][gc,marking   ] GC(298) Concurrent Clear Claimed Marks
[2020-09-11T11:44:29.873+0000][26480][safepoint    ] Safepoint "G1TryInitiateConcMark", Time since last: 159983200 ns, Reaching safepoint: 174200 ns, At safepoint: 7536500 ns, Total: 7710700 ns
[2020-09-11T11:44:29.873+0000][26480][gc,marking   ] GC(298) Concurrent Clear Claimed Marks 0.328ms
[2020-09-11T11:44:29.873+0000][26480][gc,marking   ] GC(298) Concurrent Scan Root Regions
[2020-09-11T11:44:29.877+0000][26480][gc,marking   ] GC(298) Concurrent Scan Root Regions 3.722ms
[2020-09-11T11:44:29.877+0000][26480][gc,marking   ] GC(298) Concurrent Mark (7075.012s)
[2020-09-11T11:44:29.877+0000][26480][gc,marking   ] GC(298) Concurrent Mark From Roots
[2020-09-11T11:44:29.877+0000][26480][gc,task      ] GC(298) Using 2 workers of 2 for marking
[2020-09-11T11:44:30.028+0000][26480][gc,marking   ] GC(298) Concurrent Mark From Roots 150.283ms
[2020-09-11T11:44:30.028+0000][26480][gc,marking   ] GC(298) Concurrent Preclean
[2020-09-11T11:44:30.028+0000][26480][gc,marking   ] GC(298) Concurrent Preclean 0.712ms
[2020-09-11T11:44:30.029+0000][26480][gc,marking   ] GC(298) Concurrent Mark (7075.012s, 7075.163s) 151.208ms
[2020-09-11T11:44:30.029+0000][26480][gc,start     ] GC(298) Pause Remark
[2020-09-11T11:44:30.035+0000][26480][gc           ] GC(298) Pause Remark 509M->509M(1024M) 6.461ms
[2020-09-11T11:44:30.035+0000][26480][gc,cpu       ] GC(298) User=0.00s Sys=0.00s Real=0.01s
[2020-09-11T11:44:30.035+0000][26480][safepoint    ] Safepoint "G1Concurrent", Time since last: 155434100 ns, Reaching safepoint: 156000 ns, At safepoint: 6682500 ns, Total: 6838500 ns
[2020-09-11T11:44:30.036+0000][26480][gc,marking   ] GC(298) Concurrent Rebuild Remembered Sets
[2020-09-11T11:44:30.131+0000][26480][gc,marking   ] GC(298) Concurrent Rebuild Remembered Sets 95.636ms
[2020-09-11T11:44:30.131+0000][26480][gc,start     ] GC(298) Pause Cleanup
[2020-09-11T11:44:30.132+0000][26480][gc           ] GC(298) Pause Cleanup 575M->575M(1024M) 0.372ms
[2020-09-11T11:44:30.132+0000][26480][gc,cpu       ] GC(298) User=0.00s Sys=0.00s Real=0.00s
[2020-09-11T11:44:30.132+0000][26480][safepoint    ] Safepoint "G1Concurrent", Time since last: 95842000 ns, Reaching safepoint: 188600 ns, At safepoint: 588200 ns, Total: 776800 ns
[2020-09-11T11:44:30.132+0000][26480][gc,marking   ] GC(298) Concurrent Cleanup for Next Mark
[2020-09-11T11:44:30.134+0000][26480][gc,marking   ] GC(298) Concurrent Cleanup for Next Mark 1.963ms
[2020-09-11T11:44:30.134+0000][26480][gc           ] GC(298) Concurrent Cycle 261.256ms
[2020-09-11T11:44:30.337+0000][26480][gc,start     ] GC(299) Pause Young (Concurrent Start) (G1 Humongous Allocation)
[2020-09-11T11:44:30.337+0000][26480][gc,task      ] GC(299) Using 8 workers of 8 for evacuation
[2020-09-11T11:44:30.337+0000][26480][gc,age       ] GC(299) Desired survivor size 31981568 bytes, new threshold 15 (max threshold 15)
[2020-09-11T11:44:30.343+0000][26480][gc,age       ] GC(299) Age table with threshold 15 (max threshold 15)
[2020-09-11T11:44:30.343+0000][26480][gc,age       ] GC(299) - age   1:   13658312 bytes,   13658312 total
[2020-09-11T11:44:30.343+0000][26480][gc,age       ] GC(299) - age   2:       2088 bytes,   13660400 total
[2020-09-11T11:44:30.343+0000][26480][gc,age       ] GC(299) - age   3:        792 bytes,   13661192 total
[2020-09-11T11:44:30.343+0000][26480][gc,age       ] GC(299) - age   4:      13360 bytes,   13674552 total
[2020-09-11T11:44:30.343+0000][26480][gc,age       ] GC(299) - age   5:        736 bytes,   13675288 total
[2020-09-11T11:44:30.343+0000][26480][gc,age       ] GC(299) - age   6:       1360 bytes,   13676648 total
[2020-09-11T11:44:30.343+0000][26480][gc,age       ] GC(299) - age   7:        800 bytes,   13677448 total
[2020-09-11T11:44:30.343+0000][26480][gc,age       ] GC(299) - age   8:       6544 bytes,   13683992 total
[2020-09-11T11:44:30.343+0000][26480][gc,age       ] GC(299) - age   9:       1392 bytes,   13685384 total
[2020-09-11T11:44:30.343+0000][26480][gc,age       ] GC(299) - age  10:        392 bytes,   13685776 total
[2020-09-11T11:44:30.343+0000][26480][gc,age       ] GC(299) - age  11:        144 bytes,   13685920 total
[2020-09-11T11:44:30.343+0000][26480][gc,age       ] GC(299) - age  12:      11224 bytes,   13697144 total
[2020-09-11T11:44:30.343+0000][26480][gc,age       ] GC(299) - age  13:      11088 bytes,   13708232 total
[2020-09-11T11:44:30.343+0000][26480][gc,age       ] GC(299) - age  14:      11208 bytes,   13719440 total
[2020-09-11T11:44:30.343+0000][26480][gc,age       ] GC(299) - age  15:       2248 bytes,   13721688 total
[2020-09-11T11:44:30.343+0000][26480][gc,phases    ] GC(299)   Pre Evacuate Collection Set: 0.5ms
[2020-09-11T11:44:30.344+0000][26480][gc,phases    ] GC(299)   Merge Heap Roots: 0.2ms
[2020-09-11T11:44:30.344+0000][26480][gc,phases    ] GC(299)   Evacuate Collection Set: 4.1ms
[2020-09-11T11:44:30.344+0000][26480][gc,phases    ] GC(299)   Post Evacuate Collection Set: 1.0ms
[2020-09-11T11:44:30.344+0000][26480][gc,phases    ] GC(299)   Other: 0.8ms
[2020-09-11T11:44:30.344+0000][26480][gc,heap      ] GC(299) Eden regions: 99->0(471)
[2020-09-11T11:44:30.344+0000][26480][gc,heap      ] GC(299) Survivor regions: 14->14(61)
[2020-09-11T11:44:30.344+0000][26480][gc,heap      ] GC(299) Old regions: 78->78
[2020-09-11T11:44:30.344+0000][26480][gc,heap      ] GC(299) Archive regions: 0->0
[2020-09-11T11:44:30.344+0000][26480][gc,heap      ] GC(299) Humongous regions: 430->174
[2020-09-11T11:44:30.344+0000][26480][gc,metaspace ] GC(299) Metaspace: 87931K(93976K)->87931K(93976K) NonClass: 76761K(80280K)->76761K(80280K) Class: 11169K(13696K)->11169K(13696K)
[2020-09-11T11:44:30.344+0000][26480][gc           ] GC(299) Pause Young (Concurrent Start) (G1 Humongous Allocation) 618M->265M(1024M) 6.747ms
[2020-09-11T11:44:30.344+0000][26480][gc,cpu       ] GC(299) User=0.03s Sys=0.00s Real=0.01s
[2020-09-11T11:44:30.344+0000][26480][gc           ] GC(300) Concurrent Cycle
[2020-09-11T11:44:30.344+0000][26480][safepoint    ] Safepoint "G1TryInitiateConcMark", Time since last: 205245200 ns, Reaching safepoint: 214000 ns, At safepoint: 6941800 ns, Total: 7155800 ns
[2020-09-11T11:44:30.344+0000][26480][gc,marking   ] GC(300) Concurrent Clear Claimed Marks
[2020-09-11T11:44:30.345+0000][26480][gc,marking   ] GC(300) Concurrent Clear Claimed Marks 0.726ms
[2020-09-11T11:44:30.345+0000][26480][gc,marking   ] GC(300) Concurrent Scan Root Regions
[2020-09-11T11:44:30.349+0000][26480][gc,marking   ] GC(300) Concurrent Scan Root Regions 3.805ms
[2020-09-11T11:44:30.349+0000][26480][gc,marking   ] GC(300) Concurrent Mark (7075.484s)
[2020-09-11T11:44:30.349+0000][26480][gc,marking   ] GC(300) Concurrent Mark From Roots
[2020-09-11T11:44:30.349+0000][26480][gc,task      ] GC(300) Using 2 workers of 2 for marking
[2020-09-11T11:44:30.510+0000][26480][gc,marking   ] GC(300) Concurrent Mark From Roots 161.464ms
[2020-09-11T11:44:30.510+0000][26480][gc,marking   ] GC(300) Concurrent Preclean
[2020-09-11T11:44:30.511+0000][26480][gc,marking   ] GC(300) Concurrent Preclean 0.734ms
[2020-09-11T11:44:30.511+0000][26480][gc,marking   ] GC(300) Concurrent Mark (7075.484s, 7075.646s) 162.387ms
[2020-09-11T11:44:30.511+0000][26480][gc,start     ] GC(300) Pause Remark
[2020-09-11T11:44:30.519+0000][26480][gc           ] GC(300) Pause Remark 510M->510M(1024M) 7.380ms
[2020-09-11T11:44:30.519+0000][26480][gc,cpu       ] GC(300) User=0.00s Sys=0.00s Real=0.01s
[2020-09-11T11:44:30.519+0000][26480][safepoint    ] Safepoint "G1Concurrent", Time since last: 167276000 ns, Reaching safepoint: 193200 ns, At safepoint: 7596000 ns, Total: 7789200 ns
[2020-09-11T11:44:30.519+0000][26480][gc,marking   ] GC(300) Concurrent Rebuild Remembered Sets
[2020-09-11T11:44:30.614+0000][26480][gc,marking   ] GC(300) Concurrent Rebuild Remembered Sets 94.491ms
[2020-09-11T11:44:30.614+0000][26480][gc,start     ] GC(300) Pause Cleanup
[2020-09-11T11:44:30.614+0000][26480][gc           ] GC(300) Pause Cleanup 585M->585M(1024M) 0.264ms
[2020-09-11T11:44:30.614+0000][26480][gc,cpu       ] GC(300) User=0.00s Sys=0.00s Real=0.00s
[2020-09-11T11:44:30.614+0000][26480][safepoint    ] Safepoint "G1Concurrent", Time since last: 94648200 ns, Reaching safepoint: 144700 ns, At safepoint: 400600 ns, Total: 545300 ns
[2020-09-11T11:44:30.614+0000][26480][gc,marking   ] GC(300) Concurrent Cleanup for Next Mark
[2020-09-11T11:44:30.615+0000][26480][gc,marking   ] GC(300) Concurrent Cleanup for Next Mark 1.196ms
[2020-09-11T11:44:30.616+0000][26480][gc           ] GC(300) Concurrent Cycle 271.659ms
[2020-09-11T11:44:30.811+0000][26480][gc,start     ] GC(301) Pause Young (Concurrent Start) (G1 Humongous Allocation)
[2020-09-11T11:44:30.811+0000][26480][gc,task      ] GC(301) Using 8 workers of 8 for evacuation
[2020-09-11T11:44:30.811+0000][26480][gc,age       ] GC(301) Desired survivor size 31981568 bytes, new threshold 15 (max threshold 15)
[2020-09-11T11:44:30.816+0000][26480][gc,age       ] GC(301) Age table with threshold 15 (max threshold 15)
[2020-09-11T11:44:30.816+0000][26480][gc,age       ] GC(301) - age   1:    8018320 bytes,    8018320 total
[2020-09-11T11:44:30.816+0000][26480][gc,age       ] GC(301) - age   2:       4976 bytes,    8023296 total
[2020-09-11T11:44:30.816+0000][26480][gc,age       ] GC(301) - age   3:       1080 bytes,    8024376 total
[2020-09-11T11:44:30.816+0000][26480][gc,age       ] GC(301) - age   4:        624 bytes,    8025000 total
[2020-09-11T11:44:30.816+0000][26480][gc,age       ] GC(301) - age   5:      13360 bytes,    8038360 total
[2020-09-11T11:44:30.816+0000][26480][gc,age       ] GC(301) - age   6:        672 bytes,    8039032 total
[2020-09-11T11:44:30.817+0000][26480][gc,age       ] GC(301) - age   7:       1328 bytes,    8040360 total
[2020-09-11T11:44:30.817+0000][26480][gc,age       ] GC(301) - age   8:        768 bytes,    8041128 total
[2020-09-11T11:44:30.817+0000][26480][gc,age       ] GC(301) - age   9:       6544 bytes,    8047672 total
[2020-09-11T11:44:30.817+0000][26480][gc,age       ] GC(301) - age  10:       1392 bytes,    8049064 total
[2020-09-11T11:44:30.817+0000][26480][gc,age       ] GC(301) - age  11:        392 bytes,    8049456 total
[2020-09-11T11:44:30.817+0000][26480][gc,age       ] GC(301) - age  12:        144 bytes,    8049600 total
[2020-09-11T11:44:30.817+0000][26480][gc,age       ] GC(301) - age  13:      11224 bytes,    8060824 total
[2020-09-11T11:44:30.817+0000][26480][gc,age       ] GC(301) - age  14:      11088 bytes,    8071912 total
[2020-09-11T11:44:30.817+0000][26480][gc,age       ] GC(301) - age  15:      11144 bytes,    8083056 total
[2020-09-11T11:44:30.817+0000][26480][gc,phases    ] GC(301)   Pre Evacuate Collection Set: 0.5ms
[2020-09-11T11:44:30.817+0000][26480][gc,phases    ] GC(301)   Merge Heap Roots: 0.1ms
[2020-09-11T11:44:30.817+0000][26480][gc,phases    ] GC(301)   Evacuate Collection Set: 3.0ms
[2020-09-11T11:44:30.817+0000][26480][gc,phases    ] GC(301)   Post Evacuate Collection Set: 1.1ms
[2020-09-11T11:44:30.817+0000][26480][gc,phases    ] GC(301)   Other: 1.1ms
[2020-09-11T11:44:30.817+0000][26480][gc,heap      ] GC(301) Eden regions: 97->0(478)
[2020-09-11T11:44:30.817+0000][26480][gc,heap      ] GC(301) Survivor regions: 14->9(61)
[2020-09-11T11:44:30.817+0000][26480][gc,heap      ] GC(301) Old regions: 78->78
[2020-09-11T11:44:30.817+0000][26480][gc,heap      ] GC(301) Archive regions: 0->0
[2020-09-11T11:44:30.817+0000][26480][gc,heap      ] GC(301) Humongous regions: 430->174
[2020-09-11T11:44:30.817+0000][26480][gc,metaspace ] GC(301) Metaspace: 87950K(93976K)->87950K(93976K) NonClass: 76781K(80280K)->76781K(80280K) Class: 11169K(13696K)->11169K(13696K)
[2020-09-11T11:44:30.817+0000][26480][gc           ] GC(301) Pause Young (Concurrent Start) (G1 Humongous Allocation) 617M->259M(1024M) 6.167ms
[2020-09-11T11:44:30.817+0000][26480][gc,cpu       ] GC(301) User=0.00s Sys=0.00s Real=0.01s
[2020-09-11T11:44:30.817+0000][26480][gc           ] GC(302) Concurrent Cycle
[2020-09-11T11:44:30.817+0000][26480][safepoint    ] Safepoint "G1TryInitiateConcMark", Time since last: 196076700 ns, Reaching safepoint: 333500 ns, At safepoint: 6399000 ns, Total: 6732500 ns
[2020-09-11T11:44:30.818+0000][26480][gc,marking   ] GC(302) Concurrent Clear Claimed Marks
[2020-09-11T11:44:30.818+0000][26480][gc,marking   ] GC(302) Concurrent Clear Claimed Marks 0.484ms
[2020-09-11T11:44:30.818+0000][26480][gc,marking   ] GC(302) Concurrent Scan Root Regions
[2020-09-11T11:44:30.820+0000][26480][gc,marking   ] GC(302) Concurrent Scan Root Regions 2.403ms
[2020-09-11T11:44:30.821+0000][26480][gc,marking   ] GC(302) Concurrent Mark (7075.955s)
[2020-09-11T11:44:30.821+0000][26480][gc,marking   ] GC(302) Concurrent Mark From Roots
[2020-09-11T11:44:30.821+0000][26480][gc,task      ] GC(302) Using 2 workers of 2 for marking
[2020-09-11T11:44:30.980+0000][26480][gc,marking   ] GC(302) Concurrent Mark From Roots 159.759ms
[2020-09-11T11:44:30.981+0000][26480][gc,marking   ] GC(302) Concurrent Preclean
[2020-09-11T11:44:30.981+0000][26480][gc,marking   ] GC(302) Concurrent Preclean 0.750ms
[2020-09-11T11:44:30.981+0000][26480][gc,marking   ] GC(302) Concurrent Mark (7075.955s, 7076.116s) 160.710ms
[2020-09-11T11:44:30.982+0000][26480][gc,start     ] GC(302) Pause Remark
[2020-09-11T11:44:30.988+0000][26480][gc           ] GC(302) Pause Remark 377M->377M(1024M) 6.844ms
[2020-09-11T11:44:30.989+0000][26480][gc,cpu       ] GC(302) User=0.00s Sys=0.00s Real=0.01s
[2020-09-11T11:44:30.989+0000][26480][safepoint    ] Safepoint "G1Concurrent", Time since last: 163940900 ns, Reaching safepoint: 187100 ns, At safepoint: 7318500 ns, Total: 7505600 ns
[2020-09-11T11:44:30.989+0000][26480][gc,marking   ] GC(302) Concurrent Rebuild Remembered Sets
[2020-09-11T11:44:31.079+0000][26480][gc,marking   ] GC(302) Concurrent Rebuild Remembered Sets 89.648ms
[2020-09-11T11:44:31.079+0000][26480][gc,start     ] GC(302) Pause Cleanup
[2020-09-11T11:44:31.079+0000][26480][gc           ] GC(302) Pause Cleanup 437M->437M(1024M) 0.402ms
[2020-09-11T11:44:31.080+0000][26480][gc,cpu       ] GC(302) User=0.00s Sys=0.00s Real=0.00s
[2020-09-11T11:44:31.080+0000][26480][safepoint    ] Safepoint "G1Concurrent", Time since last: 89897400 ns, Reaching safepoint: 242600 ns, At safepoint: 802100 ns, Total: 1044700 ns
[2020-09-11T11:44:31.080+0000][26480][gc,marking   ] GC(302) Concurrent Cleanup for Next Mark
[2020-09-11T11:44:31.082+0000][26480][gc,marking   ] GC(302) Concurrent Cleanup for Next Mark 1.959ms
[2020-09-11T11:44:31.082+0000][26480][gc           ] GC(302) Concurrent Cycle 264.616ms
[2020-09-11T11:44:31.258+0000][26480][gc,start     ] GC(303) Pause Young (Concurrent Start) (G1 Humongous Allocation)
[2020-09-11T11:44:31.259+0000][26480][gc,task      ] GC(303) Using 8 workers of 8 for evacuation
[2020-09-11T11:44:31.259+0000][26480][gc,age       ] GC(303) Desired survivor size 31981568 bytes, new threshold 15 (max threshold 15)
[2020-09-11T11:44:31.262+0000][26480][gc,age       ] GC(303) Age table with threshold 15 (max threshold 15)
[2020-09-11T11:44:31.262+0000][26480][gc,age       ] GC(303) - age   1:    3408968 bytes,    3408968 total
[2020-09-11T11:44:31.262+0000][26480][gc,age       ] GC(303) - age   2:      13336 bytes,    3422304 total
[2020-09-11T11:44:31.262+0000][26480][gc,age       ] GC(303) - age   3:       3480 bytes,    3425784 total
[2020-09-11T11:44:31.262+0000][26480][gc,age       ] GC(303) - age   4:        880 bytes,    3426664 total
[2020-09-11T11:44:31.262+0000][26480][gc,age       ] GC(303) - age   5:        624 bytes,    3427288 total
[2020-09-11T11:44:31.262+0000][26480][gc,age       ] GC(303) - age   6:      13104 bytes,    3440392 total
[2020-09-11T11:44:31.262+0000][26480][gc,age       ] GC(303) - age   7:        672 bytes,    3441064 total
[2020-09-11T11:44:31.262+0000][26480][gc,age       ] GC(303) - age   8:       1328 bytes,    3442392 total
[2020-09-11T11:44:31.262+0000][26480][gc,age       ] GC(303) - age   9:        768 bytes,    3443160 total
[2020-09-11T11:44:31.262+0000][26480][gc,age       ] GC(303) - age  10:       6544 bytes,    3449704 total
[2020-09-11T11:44:31.262+0000][26480][gc,age       ] GC(303) - age  11:       1392 bytes,    3451096 total
[2020-09-11T11:44:31.262+0000][26480][gc,age       ] GC(303) - age  12:        392 bytes,    3451488 total
[2020-09-11T11:44:31.263+0000][26480][gc,age       ] GC(303) - age  13:        144 bytes,    3451632 total
[2020-09-11T11:44:31.263+0000][26480][gc,age       ] GC(303) - age  14:      11032 bytes,    3462664 total
[2020-09-11T11:44:31.263+0000][26480][gc,age       ] GC(303) - age  15:      11088 bytes,    3473752 total
[2020-09-11T11:44:31.263+0000][26480][gc,phases    ] GC(303)   Pre Evacuate Collection Set: 0.4ms
[2020-09-11T11:44:31.263+0000][26480][gc,phases    ] GC(303)   Merge Heap Roots: 0.1ms
[2020-09-11T11:44:31.263+0000][26480][gc,phases    ] GC(303)   Evacuate Collection Set: 2.1ms
[2020-09-11T11:44:31.263+0000][26480][gc,phases    ] GC(303)   Post Evacuate Collection Set: 0.7ms
[2020-09-11T11:44:31.263+0000][26480][gc,phases    ] GC(303)   Other: 1.0ms
[2020-09-11T11:44:31.263+0000][26480][gc,heap      ] GC(303) Eden regions: 51->0(487)
[2020-09-11T11:44:31.263+0000][26480][gc,heap      ] GC(303) Survivor regions: 9->4(61)
[2020-09-11T11:44:31.263+0000][26480][gc,heap      ] GC(303) Old regions: 78->78
[2020-09-11T11:44:31.263+0000][26480][gc,heap      ] GC(303) Archive regions: 0->0
[2020-09-11T11:44:31.263+0000][26480][gc,heap      ] GC(303) Humongous regions: 318->174
[2020-09-11T11:44:31.263+0000][26480][gc,metaspace ] GC(303) Metaspace: 87957K(93976K)->87957K(93976K) NonClass: 76788K(80280K)->76788K(80280K) Class: 11169K(13696K)->11169K(13696K)
[2020-09-11T11:44:31.263+0000][26480][gc           ] GC(303) Pause Young (Concurrent Start) (G1 Humongous Allocation) 454M->255M(1024M) 4.606ms
[2020-09-11T11:44:31.263+0000][26480][gc,cpu       ] GC(303) User=0.11s Sys=0.00s Real=0.01s
[2020-09-11T11:44:31.263+0000][26480][gc           ] GC(304) Concurrent Cycle
[2020-09-11T11:44:31.263+0000][26480][safepoint    ] Safepoint "G1TryInitiateConcMark", Time since last: 178402300 ns, Reaching safepoint: 138800 ns, At safepoint: 4812000 ns, Total: 4950800 ns
[2020-09-11T11:44:31.263+0000][26480][gc,marking   ] GC(304) Concurrent Clear Claimed Marks
[2020-09-11T11:44:31.264+0000][26480][gc,marking   ] GC(304) Concurrent Clear Claimed Marks 0.439ms
[2020-09-11T11:44:31.264+0000][26480][gc,marking   ] GC(304) Concurrent Scan Root Regions
[2020-09-11T11:44:31.266+0000][26480][gc,marking   ] GC(304) Concurrent Scan Root Regions 2.212ms
[2020-09-11T11:44:31.266+0000][26480][gc,marking   ] GC(304) Concurrent Mark (7076.400s)
[2020-09-11T11:44:31.266+0000][26480][gc,marking   ] GC(304) Concurrent Mark From Roots
[2020-09-11T11:44:31.266+0000][26480][gc,task      ] GC(304) Using 2 workers of 2 for marking
[2020-09-11T11:44:31.383+0000][26480][gc,marking   ] GC(304) Concurrent Mark From Roots 117.217ms
[2020-09-11T11:44:31.383+0000][26480][gc,marking   ] GC(304) Concurrent Preclean
[2020-09-11T11:44:31.384+0000][26480][gc,marking   ] GC(304) Concurrent Preclean 0.772ms
[2020-09-11T11:44:31.384+0000][26480][gc,marking   ] GC(304) Concurrent Mark (7076.400s, 7076.519s) 118.195ms
[2020-09-11T11:44:31.385+0000][26480][gc,start     ] GC(304) Pause Remark
[2020-09-11T11:44:31.391+0000][26480][gc           ] GC(304) Pause Remark 314M->314M(1024M) 6.584ms
[2020-09-11T11:44:31.391+0000][26480][gc,cpu       ] GC(304) User=0.00s Sys=0.00s Real=0.01s
[2020-09-11T11:44:31.392+0000][26480][safepoint    ] Safepoint "G1Concurrent", Time since last: 121182500 ns, Reaching safepoint: 245100 ns, At safepoint: 6980600 ns, Total: 7225700 ns
[2020-09-11T11:44:31.392+0000][26480][gc,marking   ] GC(304) Concurrent Rebuild Remembered Sets
[2020-09-11T11:44:31.481+0000][26480][gc,marking   ] GC(304) Concurrent Rebuild Remembered Sets 89.453ms
[2020-09-11T11:44:31.482+0000][26480][gc,start     ] GC(304) Pause Cleanup
[2020-09-11T11:44:31.482+0000][26480][gc           ] GC(304) Pause Cleanup 377M->377M(1024M) 0.401ms
[2020-09-11T11:44:31.482+0000][26480][gc,cpu       ] GC(304) User=0.00s Sys=0.00s Real=0.00s
[2020-09-11T11:44:31.482+0000][26480][safepoint    ] Safepoint "G1Concurrent", Time since last: 89708400 ns, Reaching safepoint: 163600 ns, At safepoint: 592600 ns, Total: 756200 ns
[2020-09-11T11:44:31.482+0000][26480][gc,marking   ] GC(304) Concurrent Cleanup for Next Mark
[2020-09-11T11:44:31.484+0000][26480][gc,marking   ] GC(304) Concurrent Cleanup for Next Mark 1.962ms
[2020-09-11T11:44:31.484+0000][26480][gc           ] GC(304) Concurrent Cycle 221.064ms
[2020-09-11T11:44:31.644+0000][26480][gc,start     ] GC(305) Pause Young (Concurrent Start) (G1 Humongous Allocation)
[2020-09-11T11:44:31.645+0000][26480][gc,task      ] GC(305) Using 8 workers of 8 for evacuation
[2020-09-11T11:44:31.645+0000][26480][gc,age       ] GC(305) Desired survivor size 32505856 bytes, new threshold 15 (max threshold 15)
[2020-09-11T11:44:31.648+0000][26480][gc,age       ] GC(305) Age table with threshold 15 (max threshold 15)
[2020-09-11T11:44:31.648+0000][26480][gc,age       ] GC(305) - age   1:    3220328 bytes,    3220328 total
[2020-09-11T11:44:31.648+0000][26480][gc,age       ] GC(305) - age   2:     198928 bytes,    3419256 total
[2020-09-11T11:44:31.648+0000][26480][gc,age       ] GC(305) - age   3:      10320 bytes,    3429576 total
[2020-09-11T11:44:31.648+0000][26480][gc,age       ] GC(305) - age   4:       3184 bytes,    3432760 total
[2020-09-11T11:44:31.648+0000][26480][gc,age       ] GC(305) - age   5:        880 bytes,    3433640 total
[2020-09-11T11:44:31.648+0000][26480][gc,age       ] GC(305) - age   6:        624 bytes,    3434264 total
[2020-09-11T11:44:31.648+0000][26480][gc,age       ] GC(305) - age   7:      13104 bytes,    3447368 total
[2020-09-11T11:44:31.648+0000][26480][gc,age       ] GC(305) - age   8:        640 bytes,    3448008 total
[2020-09-11T11:44:31.648+0000][26480][gc,age       ] GC(305) - age   9:       1168 bytes,    3449176 total
[2020-09-11T11:44:31.648+0000][26480][gc,age       ] GC(305) - age  10:        480 bytes,    3449656 total
[2020-09-11T11:44:31.648+0000][26480][gc,age       ] GC(305) - age  11:       6544 bytes,    3456200 total
[2020-09-11T11:44:31.648+0000][26480][gc,age       ] GC(305) - age  12:       1392 bytes,    3457592 total
[2020-09-11T11:44:31.648+0000][26480][gc,age       ] GC(305) - age  13:        392 bytes,    3457984 total
[2020-09-11T11:44:31.648+0000][26480][gc,age       ] GC(305) - age  14:        144 bytes,    3458128 total
[2020-09-11T11:44:31.648+0000][26480][gc,age       ] GC(305) - age  15:      11000 bytes,    3469128 total
[2020-09-11T11:44:31.648+0000][26480][gc,phases    ] GC(305)   Pre Evacuate Collection Set: 0.4ms
[2020-09-11T11:44:31.648+0000][26480][gc,phases    ] GC(305)   Merge Heap Roots: 0.1ms
[2020-09-11T11:44:31.648+0000][26480][gc,phases    ] GC(305)   Evacuate Collection Set: 2.0ms
[2020-09-11T11:44:31.648+0000][26480][gc,phases    ] GC(305)   Post Evacuate Collection Set: 0.6ms
[2020-09-11T11:44:31.648+0000][26480][gc,phases    ] GC(305)   Other: 0.8ms
[2020-09-11T11:44:31.648+0000][26480][gc,heap      ] GC(305) Eden regions: 42->0(491)
[2020-09-11T11:44:31.648+0000][26480][gc,heap      ] GC(305) Survivor regions: 4->4(62)
[2020-09-11T11:44:31.648+0000][26480][gc,heap      ] GC(305) Old regions: 78->78
[2020-09-11T11:44:31.648+0000][26480][gc,heap      ] GC(305) Archive regions: 0->0
[2020-09-11T11:44:31.648+0000][26480][gc,heap      ] GC(305) Humongous regions: 270->174
[2020-09-11T11:44:31.648+0000][26480][gc,metaspace ] GC(305) Metaspace: 87959K(93976K)->87959K(93976K) NonClass: 76789K(80280K)->76789K(80280K) Class: 11169K(13696K)->11169K(13696K)
[2020-09-11T11:44:31.648+0000][26480][gc           ] GC(305) Pause Young (Concurrent Start) (G1 Humongous Allocation) 393M->255M(1024M) 4.013ms
[2020-09-11T11:44:31.649+0000][26480][gc,cpu       ] GC(305) User=0.00s Sys=0.00s Real=0.00s
[2020-09-11T11:44:31.649+0000][26480][safepoint    ] Safepoint "G1TryInitiateConcMark", Time since last: 162106900 ns, Reaching safepoint: 187000 ns, At safepoint: 4203900 ns, Total: 4390900 ns
[2020-09-11T11:44:31.649+0000][26480][gc           ] GC(306) Concurrent Cycle
[2020-09-11T11:44:31.649+0000][26480][gc,marking   ] GC(306) Concurrent Clear Claimed Marks
[2020-09-11T11:44:31.649+0000][26480][gc,marking   ] GC(306) Concurrent Clear Claimed Marks 0.361ms
[2020-09-11T11:44:31.649+0000][26480][gc,marking   ] GC(306) Concurrent Scan Root Regions
[2020-09-11T11:44:31.651+0000][26480][gc,marking   ] GC(306) Concurrent Scan Root Regions 1.532ms
[2020-09-11T11:44:31.651+0000][26480][gc,marking   ] GC(306) Concurrent Mark (7076.785s)
[2020-09-11T11:44:31.651+0000][26480][gc,marking   ] GC(306) Concurrent Mark From Roots
[2020-09-11T11:44:31.651+0000][26480][gc,task      ] GC(306) Using 2 workers of 2 for marking
[2020-09-11T11:44:31.742+0000][26480][gc,marking   ] GC(306) Concurrent Mark From Roots 91.066ms
[2020-09-11T11:44:31.742+0000][26480][gc,marking   ] GC(306) Concurrent Preclean
[2020-09-11T11:44:31.743+0000][26480][gc,marking   ] GC(306) Concurrent Preclean 0.656ms
[2020-09-11T11:44:31.743+0000][26480][gc,marking   ] GC(306) Concurrent Mark (7076.785s, 7076.877s) 91.896ms
[2020-09-11T11:44:31.743+0000][26480][gc,start     ] GC(306) Pause Remark
[2020-09-11T11:44:31.748+0000][26480][gc           ] GC(306) Pause Remark 313M->313M(1024M) 5.442ms
[2020-09-11T11:44:31.748+0000][26480][gc,cpu       ] GC(306) User=0.13s Sys=0.00s Real=0.00s
[2020-09-11T11:44:31.748+0000][26480][safepoint    ] Safepoint "G1Concurrent", Time since last: 94094300 ns, Reaching safepoint: 145600 ns, At safepoint: 5647300 ns, Total: 5792900 ns
[2020-09-11T11:44:31.749+0000][26480][gc,marking   ] GC(306) Concurrent Rebuild Remembered Sets
[2020-09-11T11:44:31.824+0000][26480][gc,marking   ] GC(306) Concurrent Rebuild Remembered Sets 75.559ms
[2020-09-11T11:44:31.824+0000][26480][gc,start     ] GC(306) Pause Cleanup
[2020-09-11T11:44:31.825+0000][26480][gc           ] GC(306) Pause Cleanup 324M->324M(1024M) 0.307ms
[2020-09-11T11:44:31.825+0000][26480][gc,cpu       ] GC(306) User=0.00s Sys=0.00s Real=0.00s
[2020-09-11T11:44:31.825+0000][26480][safepoint    ] Safepoint "G1Concurrent", Time since last: 75778000 ns, Reaching safepoint: 172900 ns, At safepoint: 482400 ns, Total: 655300 ns
[2020-09-11T11:44:31.825+0000][26480][gc,marking   ] GC(306) Concurrent Cleanup for Next Mark
[2020-09-11T11:44:31.827+0000][26480][gc,marking   ] GC(306) Concurrent Cleanup for Next Mark 2.403ms
[2020-09-11T11:44:31.828+0000][26480][gc           ] GC(306) Concurrent Cycle 179.053ms
[2020-09-11T11:44:31.836+0000][26480][gc,start     ] GC(307) Pause Young (Concurrent Start) (G1 Humongous Allocation)
[2020-09-11T11:44:31.836+0000][26480][gc,task      ] GC(307) Using 8 workers of 8 for evacuation
[2020-09-11T11:44:31.836+0000][26480][gc,age       ] GC(307) Desired survivor size 32505856 bytes, new threshold 15 (max threshold 15)
[2020-09-11T11:44:31.842+0000][26480][gc,age       ] GC(307) Age table with threshold 15 (max threshold 15)
[2020-09-11T11:44:31.842+0000][26480][gc,age       ] GC(307) - age   1:   13500784 bytes,   13500784 total
[2020-09-11T11:44:31.842+0000][26480][gc,age       ] GC(307) - age   2:       2352 bytes,   13503136 total
[2020-09-11T11:44:31.842+0000][26480][gc,age       ] GC(307) - age   3:       2576 bytes,   13505712 total
[2020-09-11T11:44:31.842+0000][26480][gc,age       ] GC(307) - age   4:       8208 bytes,   13513920 total
[2020-09-11T11:44:31.842+0000][26480][gc,age       ] GC(307) - age   5:       1888 bytes,   13515808 total
[2020-09-11T11:44:31.842+0000][26480][gc,age       ] GC(307) - age   6:        848 bytes,   13516656 total
[2020-09-11T11:44:31.842+0000][26480][gc,age       ] GC(307) - age   7:        592 bytes,   13517248 total
[2020-09-11T11:44:31.842+0000][26480][gc,age       ] GC(307) - age   8:      12944 bytes,   13530192 total
[2020-09-11T11:44:31.842+0000][26480][gc,age       ] GC(307) - age   9:        640 bytes,   13530832 total
[2020-09-11T11:44:31.842+0000][26480][gc,age       ] GC(307) - age  10:        912 bytes,   13531744 total
[2020-09-11T11:44:31.842+0000][26480][gc,age       ] GC(307) - age  11:        480 bytes,   13532224 total
[2020-09-11T11:44:31.842+0000][26480][gc,age       ] GC(307) - age  12:       6544 bytes,   13538768 total
[2020-09-11T11:44:31.842+0000][26480][gc,age       ] GC(307) - age  13:       1392 bytes,   13540160 total
[2020-09-11T11:44:31.842+0000][26480][gc,age       ] GC(307) - age  14:        392 bytes,   13540552 total
[2020-09-11T11:44:31.842+0000][26480][gc,age       ] GC(307) - age  15:        144 bytes,   13540696 total
[2020-09-11T11:44:31.842+0000][26480][gc,phases    ] GC(307)   Pre Evacuate Collection Set: 0.5ms
[2020-09-11T11:44:31.842+0000][26480][gc,phases    ] GC(307)   Merge Heap Roots: 0.1ms
[2020-09-11T11:44:31.842+0000][26480][gc,phases    ] GC(307)   Evacuate Collection Set: 3.6ms
[2020-09-11T11:44:31.842+0000][26480][gc,phases    ] GC(307)   Post Evacuate Collection Set: 0.9ms
[2020-09-11T11:44:31.842+0000][26480][gc,phases    ] GC(307)   Other: 0.8ms
[2020-09-11T11:44:31.842+0000][26480][gc,heap      ] GC(307) Eden regions: 44->0(476)
[2020-09-11T11:44:31.842+0000][26480][gc,heap      ] GC(307) Survivor regions: 4->14(62)
[2020-09-11T11:44:31.842+0000][26480][gc,heap      ] GC(307) Old regions: 78->78
[2020-09-11T11:44:31.842+0000][26480][gc,heap      ] GC(307) Archive regions: 0->0
[2020-09-11T11:44:31.842+0000][26480][gc,heap      ] GC(307) Humongous regions: 229->174
[2020-09-11T11:44:31.842+0000][26480][gc,metaspace ] GC(307) Metaspace: 87984K(93976K)->87984K(93976K) NonClass: 76813K(80280K)->76813K(80280K) Class: 11170K(13696K)->11170K(13696K)
[2020-09-11T11:44:31.842+0000][26480][gc           ] GC(307) Pause Young (Concurrent Start) (G1 Humongous Allocation) 354M->264M(1024M) 6.093ms
[2020-09-11T11:44:31.842+0000][26480][gc,cpu       ] GC(307) User=0.13s Sys=0.00s Real=0.01s
[2020-09-11T11:44:31.842+0000][26480][gc           ] GC(308) Concurrent Cycle
[2020-09-11T11:44:31.842+0000][26480][safepoint    ] Safepoint "G1TryInitiateConcMark", Time since last: 11018100 ns, Reaching safepoint: 213500 ns, At safepoint: 6311000 ns, Total: 6524500 ns
[2020-09-11T11:44:31.842+0000][26480][gc,marking   ] GC(308) Concurrent Clear Claimed Marks
[2020-09-11T11:44:31.843+0000][26480][gc,marking   ] GC(308) Concurrent Clear Claimed Marks 0.754ms
[2020-09-11T11:44:31.843+0000][26480][gc,marking   ] GC(308) Concurrent Scan Root Regions
[2020-09-11T11:44:31.846+0000][26480][gc,marking   ] GC(308) Concurrent Scan Root Regions 3.132ms
[2020-09-11T11:44:31.847+0000][26480][gc,marking   ] GC(308) Concurrent Mark (7076.981s)
[2020-09-11T11:44:31.847+0000][26480][gc,marking   ] GC(308) Concurrent Mark From Roots
[2020-09-11T11:44:31.847+0000][26480][gc,task      ] GC(308) Using 2 workers of 2 for marking
[2020-09-11T11:44:31.996+0000][26480][gc,marking   ] GC(308) Concurrent Mark From Roots 149.534ms
[2020-09-11T11:44:31.996+0000][26480][gc,marking   ] GC(308) Concurrent Preclean
[2020-09-11T11:44:31.997+0000][26480][gc,marking   ] GC(308) Concurrent Preclean 0.744ms
[2020-09-11T11:44:31.997+0000][26480][gc,marking   ] GC(308) Concurrent Mark (7076.981s, 7077.132s) 150.518ms
[2020-09-11T11:44:31.998+0000][26480][gc,start     ] GC(308) Pause Remark
[2020-09-11T11:44:32.003+0000][26480][gc           ] GC(308) Pause Remark 503M->503M(1024M) 5.315ms
[2020-09-11T11:44:32.003+0000][26480][gc,cpu       ] GC(308) User=0.00s Sys=0.00s Real=0.01s
[2020-09-11T11:44:32.003+0000][26480][safepoint    ] Safepoint "G1Concurrent", Time since last: 154896800 ns, Reaching safepoint: 170400 ns, At safepoint: 5582000 ns, Total: 5752400 ns
[2020-09-11T11:44:32.003+0000][26480][gc,marking   ] GC(308) Concurrent Rebuild Remembered Sets
[2020-09-11T11:44:32.097+0000][26480][gc,marking   ] GC(308) Concurrent Rebuild Remembered Sets 93.711ms
[2020-09-11T11:44:32.097+0000][26480][gc,start     ] GC(308) Pause Cleanup
[2020-09-11T11:44:32.097+0000][26480][gc           ] GC(308) Pause Cleanup 576M->576M(1024M) 0.264ms
[2020-09-11T11:44:32.097+0000][26480][gc,cpu       ] GC(308) User=0.00s Sys=0.00s Real=0.00s
[2020-09-11T11:44:32.098+0000][26480][safepoint    ] Safepoint "G1Concurrent", Time since last: 93900300 ns, Reaching safepoint: 150300 ns, At safepoint: 434000 ns, Total: 584300 ns
[2020-09-11T11:44:32.098+0000][26480][gc,marking   ] GC(308) Concurrent Cleanup for Next Mark
[2020-09-11T11:44:32.099+0000][26480][gc,marking   ] GC(308) Concurrent Cleanup for Next Mark 1.531ms
[2020-09-11T11:44:32.099+0000][26480][gc           ] GC(308) Concurrent Cycle 256.854ms
[2020-09-11T11:44:32.265+0000][26480][gc,start     ] GC(309) Pause Young (Concurrent Start) (G1 Humongous Allocation)
[2020-09-11T11:44:32.265+0000][26480][gc,task      ] GC(309) Using 8 workers of 8 for evacuation
[2020-09-11T11:44:32.265+0000][26480][gc,age       ] GC(309) Desired survivor size 32505856 bytes, new threshold 15 (max threshold 15)
[2020-09-11T11:44:32.271+0000][26480][gc,age       ] GC(309) Age table with threshold 15 (max threshold 15)
[2020-09-11T11:44:32.271+0000][26480][gc,age       ] GC(309) - age   1:   13405016 bytes,   13405016 total
[2020-09-11T11:44:32.271+0000][26480][gc,age       ] GC(309) - age   2:      15280 bytes,   13420296 total
[2020-09-11T11:44:32.271+0000][26480][gc,age       ] GC(309) - age   3:       2104 bytes,   13422400 total
[2020-09-11T11:44:32.271+0000][26480][gc,age       ] GC(309) - age   4:        856 bytes,   13423256 total
[2020-09-11T11:44:32.271+0000][26480][gc,age       ] GC(309) - age   5:       1368 bytes,   13424624 total
[2020-09-11T11:44:32.271+0000][26480][gc,age       ] GC(309) - age   6:       1592 bytes,   13426216 total
[2020-09-11T11:44:32.271+0000][26480][gc,age       ] GC(309) - age   7:        816 bytes,   13427032 total
[2020-09-11T11:44:32.271+0000][26480][gc,age       ] GC(309) - age   8:        560 bytes,   13427592 total
[2020-09-11T11:44:32.271+0000][26480][gc,age       ] GC(309) - age   9:      12944 bytes,   13440536 total
[2020-09-11T11:44:32.271+0000][26480][gc,age       ] GC(309) - age  10:        640 bytes,   13441176 total
[2020-09-11T11:44:32.271+0000][26480][gc,age       ] GC(309) - age  11:        912 bytes,   13442088 total
[2020-09-11T11:44:32.271+0000][26480][gc,age       ] GC(309) - age  12:        480 bytes,   13442568 total
[2020-09-11T11:44:32.271+0000][26480][gc,age       ] GC(309) - age  13:       6544 bytes,   13449112 total
[2020-09-11T11:44:32.271+0000][26480][gc,age       ] GC(309) - age  14:       1392 bytes,   13450504 total
[2020-09-11T11:44:32.271+0000][26480][gc,age       ] GC(309) - age  15:        392 bytes,   13450896 total
[2020-09-11T11:44:32.271+0000][26480][gc,phases    ] GC(309)   Pre Evacuate Collection Set: 0.5ms
[2020-09-11T11:44:32.272+0000][26480][gc,phases    ] GC(309)   Merge Heap Roots: 0.1ms
[2020-09-11T11:44:32.272+0000][26480][gc,phases    ] GC(309)   Evacuate Collection Set: 3.5ms
[2020-09-11T11:44:32.272+0000][26480][gc,phases    ] GC(309)   Post Evacuate Collection Set: 1.3ms
[2020-09-11T11:44:32.272+0000][26480][gc,phases    ] GC(309)   Other: 1.3ms
[2020-09-11T11:44:32.272+0000][26480][gc,heap      ] GC(309) Eden regions: 97->0(473)
[2020-09-11T11:44:32.272+0000][26480][gc,heap      ] GC(309) Survivor regions: 14->14(62)
[2020-09-11T11:44:32.272+0000][26480][gc,heap      ] GC(309) Old regions: 78->78
[2020-09-11T11:44:32.272+0000][26480][gc,heap      ] GC(309) Archive regions: 0->0
[2020-09-11T11:44:32.272+0000][26480][gc,heap      ] GC(309) Humongous regions: 423->174
[2020-09-11T11:44:32.272+0000][26480][gc,metaspace ] GC(309) Metaspace: 88001K(93976K)->88001K(93976K) NonClass: 76830K(80280K)->76830K(80280K) Class: 11170K(13696K)->11170K(13696K)
[2020-09-11T11:44:32.272+0000][26480][gc           ] GC(309) Pause Young (Concurrent Start) (G1 Humongous Allocation) 610M->265M(1024M) 7.179ms
[2020-09-11T11:44:32.272+0000][26480][gc,cpu       ] GC(309) User=0.00s Sys=0.00s Real=0.01s
[2020-09-11T11:44:32.272+0000][26480][gc           ] GC(310) Concurrent Cycle
[2020-09-11T11:44:32.272+0000][26480][gc,marking   ] GC(310) Concurrent Clear Claimed Marks
[2020-09-11T11:44:32.273+0000][26480][gc,marking   ] GC(310) Concurrent Clear Claimed Marks 0.589ms
[2020-09-11T11:44:32.273+0000][26480][gc,marking   ] GC(310) Concurrent Scan Root Regions
[2020-09-11T11:44:32.273+0000][26480][safepoint    ] Safepoint "G1TryInitiateConcMark", Time since last: 167112300 ns, Reaching safepoint: 153800 ns, At safepoint: 8376400 ns, Total: 8530200 ns
[2020-09-11T11:44:32.276+0000][26480][gc,marking   ] GC(310) Concurrent Scan Root Regions 2.585ms
[2020-09-11T11:44:32.276+0000][26480][gc,marking   ] GC(310) Concurrent Mark (7077.410s)
[2020-09-11T11:44:32.276+0000][26480][gc,marking   ] GC(310) Concurrent Mark From Roots
[2020-09-11T11:44:32.276+0000][26480][gc,task      ] GC(310) Using 2 workers of 2 for marking
[2020-09-11T11:44:32.439+0000][26480][gc,marking   ] GC(310) Concurrent Mark From Roots 163.576ms
[2020-09-11T11:44:32.439+0000][26480][gc,marking   ] GC(310) Concurrent Preclean
[2020-09-11T11:44:32.440+0000][26480][gc,marking   ] GC(310) Concurrent Preclean 0.762ms
[2020-09-11T11:44:32.440+0000][26480][gc,marking   ] GC(310) Concurrent Mark (7077.410s, 7077.575s) 164.566ms
[2020-09-11T11:44:32.441+0000][26480][gc,start     ] GC(310) Pause Remark
[2020-09-11T11:44:32.447+0000][26480][gc           ] GC(310) Pause Remark 510M->510M(1024M) 6.028ms
[2020-09-11T11:44:32.447+0000][26480][gc,cpu       ] GC(310) User=0.00s Sys=0.00s Real=0.01s
[2020-09-11T11:44:32.447+0000][26480][safepoint    ] Safepoint "G1Concurrent", Time since last: 167172700 ns, Reaching safepoint: 192900 ns, At safepoint: 6238500 ns, Total: 6431400 ns
[2020-09-11T11:44:32.447+0000][26480][gc,marking   ] GC(310) Concurrent Rebuild Remembered Sets
[2020-09-11T11:44:32.538+0000][26480][gc,marking   ] GC(310) Concurrent Rebuild Remembered Sets 91.144ms
[2020-09-11T11:44:32.538+0000][26480][gc,start     ] GC(310) Pause Cleanup
[2020-09-11T11:44:32.539+0000][26480][gc           ] GC(310) Pause Cleanup 580M->580M(1024M) 0.416ms
[2020-09-11T11:44:32.539+0000][26480][gc,cpu       ] GC(310) User=0.00s Sys=0.00s Real=0.00s
[2020-09-11T11:44:32.539+0000][26480][safepoint    ] Safepoint "G1Concurrent", Time since last: 91336700 ns, Reaching safepoint: 168300 ns, At safepoint: 633300 ns, Total: 801600 ns
[2020-09-11T11:44:32.539+0000][26480][gc,marking   ] GC(310) Concurrent Cleanup for Next Mark
[2020-09-11T11:44:32.541+0000][26480][gc,marking   ] GC(310) Concurrent Cleanup for Next Mark 1.898ms
[2020-09-11T11:44:32.541+0000][26480][gc           ] GC(310) Concurrent Cycle 268.791ms
[2020-09-11T11:44:32.719+0000][26480][gc,start     ] GC(311) Pause Young (Concurrent Start) (G1 Humongous Allocation)
[2020-09-11T11:44:32.719+0000][26480][gc,task      ] GC(311) Using 8 workers of 8 for evacuation
[2020-09-11T11:44:32.720+0000][26480][gc,age       ] GC(311) Desired survivor size 31981568 bytes, new threshold 15 (max threshold 15)
[2020-09-11T11:44:32.723+0000][26480][gc,age       ] GC(311) Age table with threshold 15 (max threshold 15)
[2020-09-11T11:44:32.723+0000][26480][gc,age       ] GC(311) - age   1:    3900584 bytes,    3900584 total
[2020-09-11T11:44:32.724+0000][26480][gc,age       ] GC(311) - age   2:       9776 bytes,    3910360 total
[2020-09-11T11:44:32.724+0000][26480][gc,age       ] GC(311) - age   3:      15112 bytes,    3925472 total
[2020-09-11T11:44:32.724+0000][26480][gc,age       ] GC(311) - age   4:       1408 bytes,    3926880 total
[2020-09-11T11:44:32.724+0000][26480][gc,age       ] GC(311) - age   5:        792 bytes,    3927672 total
[2020-09-11T11:44:32.724+0000][26480][gc,age       ] GC(311) - age   6:       1256 bytes,    3928928 total
[2020-09-11T11:44:32.724+0000][26480][gc,age       ] GC(311) - age   7:       1512 bytes,    3930440 total
[2020-09-11T11:44:32.724+0000][26480][gc,age       ] GC(311) - age   8:        784 bytes,    3931224 total
[2020-09-11T11:44:32.724+0000][26480][gc,age       ] GC(311) - age   9:        560 bytes,    3931784 total
[2020-09-11T11:44:32.724+0000][26480][gc,age       ] GC(311) - age  10:      12944 bytes,    3944728 total
[2020-09-11T11:44:32.724+0000][26480][gc,age       ] GC(311) - age  11:        544 bytes,    3945272 total
[2020-09-11T11:44:32.724+0000][26480][gc,age       ] GC(311) - age  12:        880 bytes,    3946152 total
[2020-09-11T11:44:32.724+0000][26480][gc,age       ] GC(311) - age  13:        480 bytes,    3946632 total
[2020-09-11T11:44:32.724+0000][26480][gc,age       ] GC(311) - age  14:       6544 bytes,    3953176 total
[2020-09-11T11:44:32.724+0000][26480][gc,age       ] GC(311) - age  15:       1392 bytes,    3954568 total
[2020-09-11T11:44:32.724+0000][26480][gc,phases    ] GC(311)   Pre Evacuate Collection Set: 0.4ms
[2020-09-11T11:44:32.724+0000][26480][gc,phases    ] GC(311)   Merge Heap Roots: 0.1ms
[2020-09-11T11:44:32.724+0000][26480][gc,phases    ] GC(311)   Evacuate Collection Set: 2.4ms
[2020-09-11T11:44:32.724+0000][26480][gc,phases    ] GC(311)   Post Evacuate Collection Set: 0.8ms
[2020-09-11T11:44:32.724+0000][26480][gc,phases    ] GC(311)   Other: 0.8ms
[2020-09-11T11:44:32.724+0000][26480][gc,heap      ] GC(311) Eden regions: 79->0(486)
[2020-09-11T11:44:32.724+0000][26480][gc,heap      ] GC(311) Survivor regions: 14->5(61)
[2020-09-11T11:44:32.724+0000][26480][gc,heap      ] GC(311) Old regions: 78->78
[2020-09-11T11:44:32.724+0000][26480][gc,heap      ] GC(311) Archive regions: 0->0
[2020-09-11T11:44:32.724+0000][26480][gc,heap      ] GC(311) Humongous regions: 430->174
[2020-09-11T11:44:32.724+0000][26480][gc,metaspace ] GC(311) Metaspace: 88008K(93976K)->88008K(93976K) NonClass: 76837K(80280K)->76837K(80280K) Class: 11170K(13696K)->11170K(13696K)
[2020-09-11T11:44:32.724+0000][26480][gc           ] GC(311) Pause Young (Concurrent Start) (G1 Humongous Allocation) 599M->255M(1024M) 4.810ms
[2020-09-11T11:44:32.724+0000][26480][gc,cpu       ] GC(311) User=0.00s Sys=0.00s Real=0.00s
[2020-09-11T11:44:32.724+0000][26480][safepoint    ] Safepoint "G1TryInitiateConcMark", Time since last: 180256900 ns, Reaching safepoint: 130300 ns, At safepoint: 4954700 ns, Total: 5085000 ns
[2020-09-11T11:44:32.724+0000][26480][gc           ] GC(312) Concurrent Cycle
[2020-09-11T11:44:32.724+0000][26480][gc,marking   ] GC(312) Concurrent Clear Claimed Marks
[2020-09-11T11:44:32.725+0000][26480][gc,marking   ] GC(312) Concurrent Clear Claimed Marks 0.495ms
[2020-09-11T11:44:32.725+0000][26480][gc,marking   ] GC(312) Concurrent Scan Root Regions
[2020-09-11T11:44:32.728+0000][26480][gc,marking   ] GC(312) Concurrent Scan Root Regions 3.128ms
[2020-09-11T11:44:32.728+0000][26480][gc,marking   ] GC(312) Concurrent Mark (7077.863s)
[2020-09-11T11:44:32.728+0000][26480][gc,marking   ] GC(312) Concurrent Mark From Roots
[2020-09-11T11:44:32.728+0000][26480][gc,task      ] GC(312) Using 2 workers of 2 for marking
[2020-09-11T11:44:32.859+0000][26480][gc,marking   ] GC(312) Concurrent Mark From Roots 130.315ms
[2020-09-11T11:44:32.859+0000][26480][gc,marking   ] GC(312) Concurrent Preclean
[2020-09-11T11:44:32.859+0000][26480][gc,marking   ] GC(312) Concurrent Preclean 0.669ms
[2020-09-11T11:44:32.859+0000][26480][gc,marking   ] GC(312) Concurrent Mark (7077.863s, 7077.994s) 131.146ms
[2020-09-11T11:44:32.860+0000][26480][gc,start     ] GC(312) Pause Remark
[2020-09-11T11:44:32.866+0000][26480][gc           ] GC(312) Pause Remark 318M->318M(1024M) 6.157ms
[2020-09-11T11:44:32.866+0000][26480][gc,cpu       ] GC(312) User=0.00s Sys=0.00s Real=0.01s
[2020-09-11T11:44:32.866+0000][26480][safepoint    ] Safepoint "G1Concurrent", Time since last: 135152000 ns, Reaching safepoint: 175000 ns, At safepoint: 6352400 ns, Total: 6527400 ns
[2020-09-11T11:44:32.866+0000][26480][gc,marking   ] GC(312) Concurrent Rebuild Remembered Sets
[2020-09-11T11:44:32.955+0000][26480][gc,marking   ] GC(312) Concurrent Rebuild Remembered Sets 88.574ms
[2020-09-11T11:44:32.955+0000][26480][gc,start     ] GC(312) Pause Cleanup
[2020-09-11T11:44:32.955+0000][26480][gc           ] GC(312) Pause Cleanup 389M->389M(1024M) 0.350ms
[2020-09-11T11:44:32.955+0000][26480][gc,cpu       ] GC(312) User=0.00s Sys=0.00s Real=0.00s
[2020-09-11T11:44:32.955+0000][26480][safepoint    ] Safepoint "G1Concurrent", Time since last: 88774300 ns, Reaching safepoint: 167000 ns, At safepoint: 527000 ns, Total: 694000 ns
[2020-09-11T11:44:32.955+0000][26480][gc,marking   ] GC(312) Concurrent Cleanup for Next Mark
[2020-09-11T11:44:32.957+0000][26480][gc,marking   ] GC(312) Concurrent Cleanup for Next Mark 1.416ms
[2020-09-11T11:44:32.957+0000][26480][gc           ] GC(312) Concurrent Cycle 232.754ms
[2020-09-11T11:44:33.080+0000][26480][gc,start     ] GC(313) Pause Young (Concurrent Start) (G1 Humongous Allocation)
[2020-09-11T11:44:33.080+0000][26480][gc,task      ] GC(313) Using 8 workers of 8 for evacuation
[2020-09-11T11:44:33.080+0000][26480][gc,age       ] GC(313) Desired survivor size 32505856 bytes, new threshold 15 (max threshold 15)
[2020-09-11T11:44:33.084+0000][26480][gc,age       ] GC(313) Age table with threshold 15 (max threshold 15)
[2020-09-11T11:44:33.084+0000][26480][gc,age       ] GC(313) - age   1:    3313944 bytes,    3313944 total
[2020-09-11T11:44:33.084+0000][26480][gc,age       ] GC(313) - age   2:     601864 bytes,    3915808 total
[2020-09-11T11:44:33.084+0000][26480][gc,age       ] GC(313) - age   3:       5664 bytes,    3921472 total
[2020-09-11T11:44:33.084+0000][26480][gc,age       ] GC(313) - age   4:      14816 bytes,    3936288 total
[2020-09-11T11:44:33.084+0000][26480][gc,age       ] GC(313) - age   5:       1408 bytes,    3937696 total
[2020-09-11T11:44:33.084+0000][26480][gc,age       ] GC(313) - age   6:        792 bytes,    3938488 total
[2020-09-11T11:44:33.084+0000][26480][gc,age       ] GC(313) - age   7:       1192 bytes,    3939680 total
[2020-09-11T11:44:33.084+0000][26480][gc,age       ] GC(313) - age   8:       1512 bytes,    3941192 total
[2020-09-11T11:44:33.084+0000][26480][gc,age       ] GC(313) - age   9:        752 bytes,    3941944 total
[2020-09-11T11:44:33.084+0000][26480][gc,age       ] GC(313) - age  10:        560 bytes,    3942504 total
[2020-09-11T11:44:33.084+0000][26480][gc,age       ] GC(313) - age  11:      12752 bytes,    3955256 total
[2020-09-11T11:44:33.084+0000][26480][gc,age       ] GC(313) - age  12:        352 bytes,    3955608 total
[2020-09-11T11:44:33.084+0000][26480][gc,age       ] GC(313) - age  13:        320 bytes,    3955928 total
[2020-09-11T11:44:33.084+0000][26480][gc,age       ] GC(313) - age  14:        416 bytes,    3956344 total
[2020-09-11T11:44:33.084+0000][26480][gc,age       ] GC(313) - age  15:       6544 bytes,    3962888 total
[2020-09-11T11:44:33.084+0000][26480][gc,phases    ] GC(313)   Pre Evacuate Collection Set: 0.4ms
[2020-09-11T11:44:33.084+0000][26480][gc,phases    ] GC(313)   Merge Heap Roots: 0.1ms
[2020-09-11T11:44:33.084+0000][26480][gc,phases    ] GC(313)   Evacuate Collection Set: 2.3ms
[2020-09-11T11:44:33.084+0000][26480][gc,phases    ] GC(313)   Post Evacuate Collection Set: 0.7ms
[2020-09-11T11:44:33.084+0000][26480][gc,phases    ] GC(313)   Other: 0.7ms
[2020-09-11T11:44:33.084+0000][26480][gc,heap      ] GC(313) Eden regions: 43->0(490)
[2020-09-11T11:44:33.084+0000][26480][gc,heap      ] GC(313) Survivor regions: 5->5(62)
[2020-09-11T11:44:33.084+0000][26480][gc,heap      ] GC(313) Old regions: 78->78
[2020-09-11T11:44:33.084+0000][26480][gc,heap      ] GC(313) Archive regions: 0->0
[2020-09-11T11:44:33.084+0000][26480][gc,heap      ] GC(313) Humongous regions: 278->174
[2020-09-11T11:44:33.084+0000][26480][gc,metaspace ] GC(313) Metaspace: 88029K(94232K)->88029K(94232K) NonClass: 76859K(80536K)->76859K(80536K) Class: 11170K(13696K)->11170K(13696K)
[2020-09-11T11:44:33.084+0000][26480][gc           ] GC(313) Pause Young (Concurrent Start) (G1 Humongous Allocation) 401M->255M(1024M) 4.420ms
[2020-09-11T11:44:33.084+0000][26480][gc,cpu       ] GC(313) User=0.00s Sys=0.00s Real=0.00s
[2020-09-11T11:44:33.084+0000][26480][safepoint    ] Safepoint "G1TryInitiateConcMark", Time since last: 124348500 ns, Reaching safepoint: 159700 ns, At safepoint: 4555600 ns, Total: 4715300 ns
[2020-09-11T11:44:33.085+0000][26480][gc           ] GC(314) Concurrent Cycle
[2020-09-11T11:44:33.085+0000][26480][gc,marking   ] GC(314) Concurrent Clear Claimed Marks
[2020-09-11T11:44:33.085+0000][26480][gc,marking   ] GC(314) Concurrent Clear Claimed Marks 0.383ms
[2020-09-11T11:44:33.085+0000][26480][gc,marking   ] GC(314) Concurrent Scan Root Regions
[2020-09-11T11:44:33.088+0000][26480][gc,marking   ] GC(314) Concurrent Scan Root Regions 3.182ms
[2020-09-11T11:44:33.088+0000][26480][gc,marking   ] GC(314) Concurrent Mark (7078.223s)
[2020-09-11T11:44:33.088+0000][26480][gc,marking   ] GC(314) Concurrent Mark From Roots
[2020-09-11T11:44:33.088+0000][26480][gc,task      ] GC(314) Using 2 workers of 2 for marking
[2020-09-11T11:44:33.211+0000][26480][gc,marking   ] GC(314) Concurrent Mark From Roots 123.180ms
[2020-09-11T11:44:33.212+0000][26480][gc,marking   ] GC(314) Concurrent Preclean
[2020-09-11T11:44:33.212+0000][26480][gc,marking   ] GC(314) Concurrent Preclean 0.750ms
[2020-09-11T11:44:33.212+0000][26480][gc,marking   ] GC(314) Concurrent Mark (7078.223s, 7078.347s) 124.148ms
[2020-09-11T11:44:33.213+0000][26480][gc,start     ] GC(314) Pause Remark
[2020-09-11T11:44:33.218+0000][26480][gc           ] GC(314) Pause Remark 317M->317M(1024M) 5.543ms
[2020-09-11T11:44:33.218+0000][26480][gc,cpu       ] GC(314) User=0.00s Sys=0.00s Real=0.00s
[2020-09-11T11:44:33.218+0000][26480][safepoint    ] Safepoint "G1Concurrent", Time since last: 128005700 ns, Reaching safepoint: 170100 ns, At safepoint: 5768900 ns, Total: 5939000 ns
[2020-09-11T11:44:33.218+0000][26480][gc,marking   ] GC(314) Concurrent Rebuild Remembered Sets
[2020-09-11T11:44:33.296+0000][26480][gc,marking   ] GC(314) Concurrent Rebuild Remembered Sets 77.589ms
[2020-09-11T11:44:33.296+0000][26480][gc,start     ] GC(314) Pause Cleanup
[2020-09-11T11:44:33.297+0000][26480][gc           ] GC(314) Pause Cleanup 389M->389M(1024M) 0.289ms
[2020-09-11T11:44:33.297+0000][26480][gc,cpu       ] GC(314) User=0.00s Sys=0.00s Real=0.00s
[2020-09-11T11:44:33.297+0000][26480][safepoint    ] Safepoint "G1Concurrent", Time since last: 77757000 ns, Reaching safepoint: 128800 ns, At safepoint: 439400 ns, Total: 568200 ns
[2020-09-11T11:44:33.297+0000][26480][gc,marking   ] GC(314) Concurrent Cleanup for Next Mark
[2020-09-11T11:44:33.298+0000][26480][gc,marking   ] GC(314) Concurrent Cleanup for Next Mark 1.320ms
[2020-09-11T11:44:33.298+0000][26480][gc           ] GC(314) Concurrent Cycle 213.733ms
[2020-09-11T11:44:33.427+0000][26480][gc,start     ] GC(315) Pause Young (Concurrent Start) (G1 Humongous Allocation)
[2020-09-11T11:44:33.427+0000][26480][gc,task      ] GC(315) Using 8 workers of 8 for evacuation
[2020-09-11T11:44:33.427+0000][26480][gc,age       ] GC(315) Desired survivor size 32505856 bytes, new threshold 15 (max threshold 15)
[2020-09-11T11:44:33.430+0000][26480][gc,age       ] GC(315) Age table with threshold 15 (max threshold 15)
[2020-09-11T11:44:33.430+0000][26480][gc,age       ] GC(315) - age   1:    3186728 bytes,    3186728 total
[2020-09-11T11:44:33.430+0000][26480][gc,age       ] GC(315) - age   2:     407376 bytes,    3594104 total
[2020-09-11T11:44:33.430+0000][26480][gc,age       ] GC(315) - age   3:     203296 bytes,    3797400 total
[2020-09-11T11:44:33.430+0000][26480][gc,age       ] GC(315) - age   4:       3920 bytes,    3801320 total
[2020-09-11T11:44:33.430+0000][26480][gc,age       ] GC(315) - age   5:      14784 bytes,    3816104 total
[2020-09-11T11:44:33.430+0000][26480][gc,age       ] GC(315) - age   6:       1312 bytes,    3817416 total
[2020-09-11T11:44:33.430+0000][26480][gc,age       ] GC(315) - age   7:        696 bytes,    3818112 total
[2020-09-11T11:44:33.430+0000][26480][gc,age       ] GC(315) - age   8:       1128 bytes,    3819240 total
[2020-09-11T11:44:33.430+0000][26480][gc,age       ] GC(315) - age   9:       1512 bytes,    3820752 total
[2020-09-11T11:44:33.430+0000][26480][gc,age       ] GC(315) - age  10:        752 bytes,    3821504 total
[2020-09-11T11:44:33.430+0000][26480][gc,age       ] GC(315) - age  11:        560 bytes,    3822064 total
[2020-09-11T11:44:33.430+0000][26480][gc,age       ] GC(315) - age  12:      12592 bytes,    3834656 total
[2020-09-11T11:44:33.430+0000][26480][gc,age       ] GC(315) - age  13:        352 bytes,    3835008 total
[2020-09-11T11:44:33.430+0000][26480][gc,age       ] GC(315) - age  14:        320 bytes,    3835328 total
[2020-09-11T11:44:33.430+0000][26480][gc,age       ] GC(315) - age  15:        416 bytes,    3835744 total
[2020-09-11T11:44:33.430+0000][26480][gc,phases    ] GC(315)   Pre Evacuate Collection Set: 0.4ms
[2020-09-11T11:44:33.430+0000][26480][gc,phases    ] GC(315)   Merge Heap Roots: 0.1ms
[2020-09-11T11:44:33.431+0000][26480][gc,phases    ] GC(315)   Evacuate Collection Set: 2.2ms
[2020-09-11T11:44:33.431+0000][26480][gc,phases    ] GC(315)   Post Evacuate Collection Set: 0.6ms
[2020-09-11T11:44:33.431+0000][26480][gc,phases    ] GC(315)   Other: 0.7ms
[2020-09-11T11:44:33.431+0000][26480][gc,heap      ] GC(315) Eden regions: 40->0(493)
[2020-09-11T11:44:33.431+0000][26480][gc,heap      ] GC(315) Survivor regions: 5->4(62)
[2020-09-11T11:44:33.431+0000][26480][gc,heap      ] GC(315) Old regions: 78->78
[2020-09-11T11:44:33.431+0000][26480][gc,heap      ] GC(315) Archive regions: 0->0
[2020-09-11T11:44:33.431+0000][26480][gc,heap      ] GC(315) Humongous regions: 278->174
[2020-09-11T11:44:33.431+0000][26480][gc,metaspace ] GC(315) Metaspace: 88065K(94232K)->88065K(94232K) NonClass: 76895K(80536K)->76895K(80536K) Class: 11170K(13696K)->11170K(13696K)
[2020-09-11T11:44:33.431+0000][26480][gc           ] GC(315) Pause Young (Concurrent Start) (G1 Humongous Allocation) 399M->255M(1024M) 4.288ms
[2020-09-11T11:44:33.431+0000][26480][gc,cpu       ] GC(315) User=0.00s Sys=0.00s Real=0.00s
[2020-09-11T11:44:33.431+0000][26480][gc           ] GC(316) Concurrent Cycle
[2020-09-11T11:44:33.431+0000][26480][safepoint    ] Safepoint "G1TryInitiateConcMark", Time since last: 129640000 ns, Reaching safepoint: 136800 ns, At safepoint: 4506700 ns, Total: 4643500 ns
[2020-09-11T11:44:33.431+0000][26480][gc,marking   ] GC(316) Concurrent Clear Claimed Marks
[2020-09-11T11:44:33.432+0000][26480][gc,marking   ] GC(316) Concurrent Clear Claimed Marks 0.630ms
[2020-09-11T11:44:33.432+0000][26480][gc,marking   ] GC(316) Concurrent Scan Root Regions
[2020-09-11T11:44:33.435+0000][26480][gc,marking   ] GC(316) Concurrent Scan Root Regions 2.795ms
[2020-09-11T11:44:33.435+0000][26480][gc,marking   ] GC(316) Concurrent Mark (7078.569s)
[2020-09-11T11:44:33.435+0000][26480][gc,marking   ] GC(316) Concurrent Mark From Roots
[2020-09-11T11:44:33.435+0000][26480][gc,task      ] GC(316) Using 2 workers of 2 for marking
[2020-09-11T11:44:33.562+0000][26480][gc,marking   ] GC(316) Concurrent Mark From Roots 127.119ms
[2020-09-11T11:44:33.562+0000][26480][gc,marking   ] GC(316) Concurrent Preclean
[2020-09-11T11:44:33.563+0000][26480][gc,marking   ] GC(316) Concurrent Preclean 0.601ms
[2020-09-11T11:44:33.563+0000][26480][gc,marking   ] GC(316) Concurrent Mark (7078.569s, 7078.697s) 127.905ms
[2020-09-11T11:44:33.563+0000][26480][gc,start     ] GC(316) Pause Remark
[2020-09-11T11:44:33.569+0000][26480][gc           ] GC(316) Pause Remark 314M->314M(1024M) 6.087ms
[2020-09-11T11:44:33.569+0000][26480][gc,cpu       ] GC(316) User=0.00s Sys=0.00s Real=0.01s
[2020-09-11T11:44:33.569+0000][26480][safepoint    ] Safepoint "G1Concurrent", Time since last: 131793100 ns, Reaching safepoint: 145200 ns, At safepoint: 6284300 ns, Total: 6429500 ns
[2020-09-11T11:44:33.569+0000][26480][gc,marking   ] GC(316) Concurrent Rebuild Remembered Sets
[2020-09-11T11:44:33.648+0000][26480][gc,marking   ] GC(316) Concurrent Rebuild Remembered Sets 78.329ms
[2020-09-11T11:44:33.648+0000][26480][gc,start     ] GC(316) Pause Cleanup
[2020-09-11T11:44:33.648+0000][26480][gc           ] GC(316) Pause Cleanup 321M->321M(1024M) 0.308ms
[2020-09-11T11:44:33.648+0000][26480][gc,cpu       ] GC(316) User=0.00s Sys=0.00s Real=0.00s
[2020-09-11T11:44:33.648+0000][26480][safepoint    ] Safepoint "G1Concurrent", Time since last: 78523500 ns, Reaching safepoint: 179800 ns, At safepoint: 499900 ns, Total: 679700 ns
[2020-09-11T11:44:33.648+0000][26480][gc,marking   ] GC(316) Concurrent Cleanup for Next Mark
[2020-09-11T11:44:33.651+0000][26480][gc,marking   ] GC(316) Concurrent Cleanup for Next Mark 2.155ms
[2020-09-11T11:44:33.651+0000][26480][gc           ] GC(316) Concurrent Cycle 219.832ms
[2020-09-11T11:44:33.683+0000][26480][gc,start     ] GC(317) Pause Young (Concurrent Start) (G1 Humongous Allocation)
[2020-09-11T11:44:33.683+0000][26480][gc,task      ] GC(317) Using 8 workers of 8 for evacuation
[2020-09-11T11:44:33.683+0000][26480][gc,age       ] GC(317) Desired survivor size 33030144 bytes, new threshold 15 (max threshold 15)
[2020-09-11T11:44:33.687+0000][26480][gc,age       ] GC(317) Age table with threshold 15 (max threshold 15)
[2020-09-11T11:44:33.688+0000][26480][gc,age       ] GC(317) - age   1:    7759152 bytes,    7759152 total
[2020-09-11T11:44:33.688+0000][26480][gc,age       ] GC(317) - age   2:       2664 bytes,    7761816 total
[2020-09-11T11:44:33.688+0000][26480][gc,age       ] GC(317) - age   3:       3328 bytes,    7765144 total
[2020-09-11T11:44:33.688+0000][26480][gc,age       ] GC(317) - age   4:       2984 bytes,    7768128 total
[2020-09-11T11:44:33.688+0000][26480][gc,age       ] GC(317) - age   5:       2848 bytes,    7770976 total
[2020-09-11T11:44:33.688+0000][26480][gc,age       ] GC(317) - age   6:      14432 bytes,    7785408 total
[2020-09-11T11:44:33.688+0000][26480][gc,age       ] GC(317) - age   7:       1248 bytes,    7786656 total
[2020-09-11T11:44:33.688+0000][26480][gc,age       ] GC(317) - age   8:        696 bytes,    7787352 total
[2020-09-11T11:44:33.688+0000][26480][gc,age       ] GC(317) - age   9:       1064 bytes,    7788416 total
[2020-09-11T11:44:33.688+0000][26480][gc,age       ] GC(317) - age  10:       1512 bytes,    7789928 total
[2020-09-11T11:44:33.688+0000][26480][gc,age       ] GC(317) - age  11:        752 bytes,    7790680 total
[2020-09-11T11:44:33.688+0000][26480][gc,age       ] GC(317) - age  12:        528 bytes,    7791208 total
[2020-09-11T11:44:33.688+0000][26480][gc,age       ] GC(317) - age  13:      12592 bytes,    7803800 total
[2020-09-11T11:44:33.688+0000][26480][gc,age       ] GC(317) - age  14:        352 bytes,    7804152 total
[2020-09-11T11:44:33.688+0000][26480][gc,age       ] GC(317) - age  15:        320 bytes,    7804472 total
[2020-09-11T11:44:33.688+0000][26480][gc,phases    ] GC(317)   Pre Evacuate Collection Set: 0.4ms
[2020-09-11T11:44:33.688+0000][26480][gc,phases    ] GC(317)   Merge Heap Roots: 0.1ms
[2020-09-11T11:44:33.688+0000][26480][gc,phases    ] GC(317)   Evacuate Collection Set: 2.7ms
[2020-09-11T11:44:33.688+0000][26480][gc,phases    ] GC(317)   Post Evacuate Collection Set: 0.7ms
[2020-09-11T11:44:33.688+0000][26480][gc,phases    ] GC(317)   Other: 0.8ms
[2020-09-11T11:44:33.688+0000][26480][gc,heap      ] GC(317) Eden regions: 38->0(488)
[2020-09-11T11:44:33.688+0000][26480][gc,heap      ] GC(317) Survivor regions: 4->8(63)
[2020-09-11T11:44:33.688+0000][26480][gc,heap      ] GC(317) Old regions: 78->78
[2020-09-11T11:44:33.688+0000][26480][gc,heap      ] GC(317) Archive regions: 0->0
[2020-09-11T11:44:33.688+0000][26480][gc,heap      ] GC(317) Humongous regions: 229->174
[2020-09-11T11:44:33.688+0000][26480][gc,metaspace ] GC(317) Metaspace: 88121K(94232K)->88121K(94232K) NonClass: 76950K(80536K)->76950K(80536K) Class: 11170K(13696K)->11170K(13696K)
[2020-09-11T11:44:33.688+0000][26480][gc           ] GC(317) Pause Young (Concurrent Start) (G1 Humongous Allocation) 348M->259M(1024M) 4.976ms
[2020-09-11T11:44:33.688+0000][26480][gc,cpu       ] GC(317) User=0.00s Sys=0.00s Real=0.00s
[2020-09-11T11:44:33.688+0000][26480][gc           ] GC(318) Concurrent Cycle
[2020-09-11T11:44:33.688+0000][26480][safepoint    ] Safepoint "G1TryInitiateConcMark", Time since last: 34735700 ns, Reaching safepoint: 225800 ns, At safepoint: 5181700 ns, Total: 5407500 ns
[2020-09-11T11:44:33.688+0000][26480][gc,marking   ] GC(318) Concurrent Clear Claimed Marks
[2020-09-11T11:44:33.689+0000][26480][gc,marking   ] GC(318) Concurrent Clear Claimed Marks 0.496ms
[2020-09-11T11:44:33.689+0000][26480][gc,marking   ] GC(318) Concurrent Scan Root Regions
[2020-09-11T11:44:33.689+0000][26480][safepoint    ] Safepoint "G1TryInitiateConcMark", Time since last: 468500 ns, Reaching safepoint: 207400 ns, At safepoint: 109300 ns, Total: 316700 ns
[2020-09-11T11:44:33.692+0000][26480][gc,marking   ] GC(318) Concurrent Scan Root Regions 2.742ms
[2020-09-11T11:44:33.692+0000][26480][gc,marking   ] GC(318) Concurrent Mark (7078.827s)
[2020-09-11T11:44:33.692+0000][26480][gc,marking   ] GC(318) Concurrent Mark From Roots
[2020-09-11T11:44:33.692+0000][26480][gc,task      ] GC(318) Using 2 workers of 2 for marking
[2020-09-11T11:44:33.837+0000][26480][gc,marking   ] GC(318) Concurrent Mark From Roots 144.980ms
[2020-09-11T11:44:33.837+0000][26480][gc,marking   ] GC(318) Concurrent Preclean
[2020-09-11T11:44:33.838+0000][26480][gc,marking   ] GC(318) Concurrent Preclean 0.744ms
[2020-09-11T11:44:33.838+0000][26480][gc,marking   ] GC(318) Concurrent Mark (7078.827s, 7078.972s) 145.933ms
[2020-09-11T11:44:33.838+0000][26480][gc,start     ] GC(318) Pause Remark
[2020-09-11T11:44:33.845+0000][26480][gc           ] GC(318) Pause Remark 368M->368M(1024M) 6.485ms
[2020-09-11T11:44:33.845+0000][26480][gc,cpu       ] GC(318) User=0.00s Sys=0.00s Real=0.01s
[2020-09-11T11:44:33.845+0000][26480][safepoint    ] Safepoint "G1Concurrent", Time since last: 148743100 ns, Reaching safepoint: 173600 ns, At safepoint: 6706500 ns, Total: 6880100 ns
[2020-09-11T11:44:33.845+0000][26480][gc,marking   ] GC(318) Concurrent Rebuild Remembered Sets
[2020-09-11T11:44:33.933+0000][26480][gc,marking   ] GC(318) Concurrent Rebuild Remembered Sets 87.937ms
[2020-09-11T11:44:33.933+0000][26480][gc,start     ] GC(318) Pause Cleanup
[2020-09-11T11:44:33.933+0000][26480][gc           ] GC(318) Pause Cleanup 431M->431M(1024M) 0.383ms
[2020-09-11T11:44:33.933+0000][26480][gc,cpu       ] GC(318) User=0.00s Sys=0.00s Real=0.00s
[2020-09-11T11:44:33.933+0000][26480][safepoint    ] Safepoint "G1Concurrent", Time since last: 88102100 ns, Reaching safepoint: 144800 ns, At safepoint: 520700 ns, Total: 665500 ns
[2020-09-11T11:44:33.934+0000][26480][gc,marking   ] GC(318) Concurrent Cleanup for Next Mark
[2020-09-11T11:44:33.935+0000][26480][gc,marking   ] GC(318) Concurrent Cleanup for Next Mark 1.545ms
[2020-09-11T11:44:33.935+0000][26480][gc           ] GC(318) Concurrent Cycle 246.932ms
[2020-09-11T11:44:34.158+0000][26480][gc,start     ] GC(319) Pause Young (Concurrent Start) (G1 Humongous Allocation)
[2020-09-11T11:44:34.158+0000][26480][gc,task      ] GC(319) Using 8 workers of 8 for evacuation
[2020-09-11T11:44:34.158+0000][26480][gc,age       ] GC(319) Desired survivor size 32505856 bytes, new threshold 15 (max threshold 15)
[2020-09-11T11:44:34.161+0000][26480][gc,age       ] GC(319) Age table with threshold 15 (max threshold 15)
[2020-09-11T11:44:34.161+0000][26480][gc,age       ] GC(319) - age   1:    2581864 bytes,    2581864 total
[2020-09-11T11:44:34.161+0000][26480][gc,age       ] GC(319) - age   2:      71968 bytes,    2653832 total
[2020-09-11T11:44:34.161+0000][26480][gc,age       ] GC(319) - age   3:       2408 bytes,    2656240 total
[2020-09-11T11:44:34.161+0000][26480][gc,age       ] GC(319) - age   4:       1416 bytes,    2657656 total
[2020-09-11T11:44:34.161+0000][26480][gc,age       ] GC(319) - age   5:       2304 bytes,    2659960 total
[2020-09-11T11:44:34.161+0000][26480][gc,age       ] GC(319) - age   6:       2816 bytes,    2662776 total
[2020-09-11T11:44:34.161+0000][26480][gc,age       ] GC(319) - age   7:      14368 bytes,    2677144 total
[2020-09-11T11:44:34.161+0000][26480][gc,age       ] GC(319) - age   8:        864 bytes,    2678008 total
[2020-09-11T11:44:34.161+0000][26480][gc,age       ] GC(319) - age   9:        664 bytes,    2678672 total
[2020-09-11T11:44:34.161+0000][26480][gc,age       ] GC(319) - age  10:       1064 bytes,    2679736 total
[2020-09-11T11:44:34.162+0000][26480][gc,age       ] GC(319) - age  11:       1512 bytes,    2681248 total
[2020-09-11T11:44:34.162+0000][26480][gc,age       ] GC(319) - age  12:        752 bytes,    2682000 total
[2020-09-11T11:44:34.162+0000][26480][gc,age       ] GC(319) - age  13:        528 bytes,    2682528 total
[2020-09-11T11:44:34.162+0000][26480][gc,age       ] GC(319) - age  14:      12592 bytes,    2695120 total
[2020-09-11T11:44:34.162+0000][26480][gc,age       ] GC(319) - age  15:        288 bytes,    2695408 total
[2020-09-11T11:44:34.162+0000][26480][gc,phases    ] GC(319)   Pre Evacuate Collection Set: 0.4ms
[2020-09-11T11:44:34.162+0000][26480][gc,phases    ] GC(319)   Merge Heap Roots: 0.1ms
[2020-09-11T11:44:34.162+0000][26480][gc,phases    ] GC(319)   Evacuate Collection Set: 2.0ms
[2020-09-11T11:44:34.162+0000][26480][gc,phases    ] GC(319)   Post Evacuate Collection Set: 0.7ms
[2020-09-11T11:44:34.162+0000][26480][gc,phases    ] GC(319)   Other: 0.9ms
[2020-09-11T11:44:34.162+0000][26480][gc,heap      ] GC(319) Eden regions: 53->0(496)
[2020-09-11T11:44:34.162+0000][26480][gc,heap      ] GC(319) Survivor regions: 8->3(62)
[2020-09-11T11:44:34.162+0000][26480][gc,heap      ] GC(319) Old regions: 78->78
[2020-09-11T11:44:34.162+0000][26480][gc,heap      ] GC(319) Archive regions: 0->0
[2020-09-11T11:44:34.162+0000][26480][gc,heap      ] GC(319) Humongous regions: 311->174
[2020-09-11T11:44:34.162+0000][26480][gc,metaspace ] GC(319) Metaspace: 88152K(94232K)->88152K(94232K) NonClass: 76981K(80536K)->76981K(80536K) Class: 11170K(13696K)->11170K(13696K)
[2020-09-11T11:44:34.162+0000][26480][gc           ] GC(319) Pause Young (Concurrent Start) (G1 Humongous Allocation) 449M->254M(1024M) 4.258ms
[2020-09-11T11:44:34.162+0000][26480][gc,cpu       ] GC(319) User=0.00s Sys=0.00s Real=0.00s
[2020-09-11T11:44:34.162+0000][26480][safepoint    ] Safepoint "G1TryInitiateConcMark", Time since last: 223980800 ns, Reaching safepoint: 207000 ns, At safepoint: 4453100 ns, Total: 4660100 ns
[2020-09-11T11:44:34.162+0000][26480][gc           ] GC(320) Concurrent Cycle
[2020-09-11T11:44:34.162+0000][26480][gc,marking   ] GC(320) Concurrent Clear Claimed Marks
[2020-09-11T11:44:34.163+0000][26480][gc,marking   ] GC(320) Concurrent Clear Claimed Marks 0.498ms
[2020-09-11T11:44:34.163+0000][26480][gc,marking   ] GC(320) Concurrent Scan Root Regions
[2020-09-11T11:44:34.165+0000][26480][gc,marking   ] GC(320) Concurrent Scan Root Regions 2.493ms
[2020-09-11T11:44:34.165+0000][26480][gc,marking   ] GC(320) Concurrent Mark (7079.300s)
[2020-09-11T11:44:34.165+0000][26480][gc,marking   ] GC(320) Concurrent Mark From Roots
[2020-09-11T11:44:34.166+0000][26480][gc,task      ] GC(320) Using 2 workers of 2 for marking
[2020-09-11T11:44:34.305+0000][26480][gc,marking   ] GC(320) Concurrent Mark From Roots 139.623ms
[2020-09-11T11:44:34.305+0000][26480][gc,marking   ] GC(320) Concurrent Preclean
[2020-09-11T11:44:34.306+0000][26480][gc,marking   ] GC(320) Concurrent Preclean 0.902ms
[2020-09-11T11:44:34.306+0000][26480][gc,marking   ] GC(320) Concurrent Mark (7079.300s, 7079.441s) 140.775ms
[2020-09-11T11:44:34.306+0000][26480][gc,start     ] GC(320) Pause Remark
[2020-09-11T11:44:34.313+0000][26480][gc           ] GC(320) Pause Remark 312M->312M(1024M) 6.100ms
[2020-09-11T11:44:34.313+0000][26480][gc,cpu       ] GC(320) User=0.02s Sys=0.00s Real=0.01s
[2020-09-11T11:44:34.313+0000][26480][safepoint    ] Safepoint "G1Concurrent", Time since last: 144179900 ns, Reaching safepoint: 148600 ns, At safepoint: 6329900 ns, Total: 6478500 ns
[2020-09-11T11:44:34.313+0000][26480][gc,marking   ] GC(320) Concurrent Rebuild Remembered Sets
[2020-09-11T11:44:34.401+0000][26480][gc,marking   ] GC(320) Concurrent Rebuild Remembered Sets 88.313ms
[2020-09-11T11:44:34.401+0000][26480][gc,start     ] GC(320) Pause Cleanup
[2020-09-11T11:44:34.402+0000][26480][gc           ] GC(320) Pause Cleanup 359M->359M(1024M) 0.409ms
[2020-09-11T11:44:34.402+0000][26480][gc,cpu       ] GC(320) User=0.00s Sys=0.00s Real=0.00s
[2020-09-11T11:44:34.402+0000][26480][safepoint    ] Safepoint "G1Concurrent", Time since last: 88549900 ns, Reaching safepoint: 187900 ns, At safepoint: 637500 ns, Total: 825400 ns
[2020-09-11T11:44:34.402+0000][26480][gc,marking   ] GC(320) Concurrent Cleanup for Next Mark
[2020-09-11T11:44:34.405+0000][26480][gc,marking   ] GC(320) Concurrent Cleanup for Next Mark 2.745ms
[2020-09-11T11:44:34.405+0000][26480][gc           ] GC(320) Concurrent Cycle 243.031ms
[2020-09-11T11:44:34.406+0000][26480][gc,start     ] GC(321) Pause Young (Concurrent Start) (G1 Humongous Allocation)
[2020-09-11T11:44:34.406+0000][26480][gc,task      ] GC(321) Using 8 workers of 8 for evacuation
[2020-09-11T11:44:34.406+0000][26480][gc,age       ] GC(321) Desired survivor size 33030144 bytes, new threshold 15 (max threshold 15)
[2020-09-11T11:44:34.410+0000][26480][gc,age       ] GC(321) Age table with threshold 15 (max threshold 15)
[2020-09-11T11:44:34.410+0000][26480][gc,age       ] GC(321) - age   1:    1496256 bytes,    1496256 total
[2020-09-11T11:44:34.410+0000][26480][gc,age       ] GC(321) - age   2:      10088 bytes,    1506344 total
[2020-09-11T11:44:34.410+0000][26480][gc,age       ] GC(321) - age   3:      71728 bytes,    1578072 total
[2020-09-11T11:44:34.410+0000][26480][gc,age       ] GC(321) - age   4:       2080 bytes,    1580152 total
[2020-09-11T11:44:34.410+0000][26480][gc,age       ] GC(321) - age   5:       1224 bytes,    1581376 total
[2020-09-11T11:44:34.410+0000][26480][gc,age       ] GC(321) - age   6:       2080 bytes,    1583456 total
[2020-09-11T11:44:34.410+0000][26480][gc,age       ] GC(321) - age   7:       2816 bytes,    1586272 total
[2020-09-11T11:44:34.410+0000][26480][gc,age       ] GC(321) - age   8:      14368 bytes,    1600640 total
[2020-09-11T11:44:34.410+0000][26480][gc,age       ] GC(321) - age   9:        864 bytes,    1601504 total
[2020-09-11T11:44:34.410+0000][26480][gc,age       ] GC(321) - age  10:        664 bytes,    1602168 total
[2020-09-11T11:44:34.410+0000][26480][gc,age       ] GC(321) - age  11:       1032 bytes,    1603200 total
[2020-09-11T11:44:34.410+0000][26480][gc,age       ] GC(321) - age  12:       1512 bytes,    1604712 total
[2020-09-11T11:44:34.410+0000][26480][gc,age       ] GC(321) - age  13:        752 bytes,    1605464 total
[2020-09-11T11:44:34.410+0000][26480][gc,age       ] GC(321) - age  14:        528 bytes,    1605992 total
[2020-09-11T11:44:34.410+0000][26480][gc,age       ] GC(321) - age  15:      12592 bytes,    1618584 total
[2020-09-11T11:44:34.410+0000][26480][gc,phases    ] GC(321)   Pre Evacuate Collection Set: 0.6ms
[2020-09-11T11:44:34.411+0000][26480][gc,phases    ] GC(321)   Merge Heap Roots: 0.1ms
[2020-09-11T11:44:34.411+0000][26480][gc,phases    ] GC(321)   Evacuate Collection Set: 2.4ms
[2020-09-11T11:44:34.411+0000][26480][gc,phases    ] GC(321)   Post Evacuate Collection Set: 0.6ms
[2020-09-11T11:44:34.411+0000][26480][gc,phases    ] GC(321)   Other: 1.0ms
[2020-09-11T11:44:34.411+0000][26480][gc,heap      ] GC(321) Eden regions: 24->0(500)
[2020-09-11T11:44:34.411+0000][26480][gc,heap      ] GC(321) Survivor regions: 3->2(63)
[2020-09-11T11:44:34.411+0000][26480][gc,heap      ] GC(321) Old regions: 78->78
[2020-09-11T11:44:34.411+0000][26480][gc,heap      ] GC(321) Archive regions: 0->0
[2020-09-11T11:44:34.411+0000][26480][gc,heap      ] GC(321) Humongous regions: 268->174
[2020-09-11T11:44:34.411+0000][26480][gc,metaspace ] GC(321) Metaspace: 88159K(94232K)->88159K(94232K) NonClass: 76989K(80536K)->76989K(80536K) Class: 11170K(13696K)->11170K(13696K)
[2020-09-11T11:44:34.411+0000][26480][gc           ] GC(321) Pause Young (Concurrent Start) (G1 Humongous Allocation) 371M->253M(1024M) 5.046ms
[2020-09-11T11:44:34.411+0000][26480][gc,cpu       ] GC(321) User=0.00s Sys=0.00s Real=0.01s
[2020-09-11T11:44:34.411+0000][26480][gc           ] GC(322) Concurrent Cycle
[2020-09-11T11:44:34.411+0000][26480][safepoint    ] Safepoint "G1TryInitiateConcMark", Time since last: 3340300 ns, Reaching safepoint: 248600 ns, At safepoint: 5263900 ns, Total: 5512500 ns
[2020-09-11T11:44:34.411+0000][26480][gc,marking   ] GC(322) Concurrent Clear Claimed Marks
[2020-09-11T11:44:34.411+0000][26480][gc,marking   ] GC(322) Concurrent Clear Claimed Marks 0.516ms
[2020-09-11T11:44:34.412+0000][26480][gc,marking   ] GC(322) Concurrent Scan Root Regions
[2020-09-11T11:44:34.413+0000][26480][gc,marking   ] GC(322) Concurrent Scan Root Regions 1.444ms
[2020-09-11T11:44:34.413+0000][26480][gc,marking   ] GC(322) Concurrent Mark (7079.548s)
[2020-09-11T11:44:34.413+0000][26480][gc,marking   ] GC(322) Concurrent Mark From Roots
[2020-09-11T11:44:34.413+0000][26480][gc,task      ] GC(322) Using 2 workers of 2 for marking
[2020-09-11T11:44:34.566+0000][26480][gc,marking   ] GC(322) Concurrent Mark From Roots 152.740ms
[2020-09-11T11:44:34.566+0000][26480][gc,marking   ] GC(322) Concurrent Preclean
[2020-09-11T11:44:34.567+0000][26480][gc,marking   ] GC(322) Concurrent Preclean 0.696ms
[2020-09-11T11:44:34.567+0000][26480][gc,marking   ] GC(322) Concurrent Mark (7079.548s, 7079.701s) 153.623ms
[2020-09-11T11:44:34.567+0000][26480][gc,start     ] GC(322) Pause Remark
[2020-09-11T11:44:34.573+0000][26480][gc           ] GC(322) Pause Remark 262M->262M(1024M) 6.273ms
[2020-09-11T11:44:34.573+0000][26480][gc,cpu       ] GC(322) User=0.11s Sys=0.00s Real=0.01s
[2020-09-11T11:44:34.573+0000][26480][safepoint    ] Safepoint "G1Concurrent", Time since last: 155851500 ns, Reaching safepoint: 159100 ns, At safepoint: 6504900 ns, Total: 6664000 ns
[2020-09-11T11:44:34.573+0000][26480][gc,marking   ] GC(322) Concurrent Rebuild Remembered Sets
[2020-09-11T11:44:34.671+0000][26480][gc,marking   ] GC(322) Concurrent Rebuild Remembered Sets 97.449ms
[2020-09-11T11:44:34.671+0000][26480][gc,start     ] GC(322) Pause Cleanup
[2020-09-11T11:44:34.672+0000][26480][gc           ] GC(322) Pause Cleanup 268M->268M(1024M) 0.987ms
[2020-09-11T11:44:34.673+0000][26480][gc,cpu       ] GC(322) User=0.00s Sys=0.00s Real=0.00s
[2020-09-11T11:44:34.673+0000][26480][safepoint    ] Safepoint "G1Concurrent", Time since last: 97697800 ns, Reaching safepoint: 265000 ns, At safepoint: 1456200 ns, Total: 1721200 ns
[2020-09-11T11:44:34.673+0000][26480][gc,marking   ] GC(322) Concurrent Cleanup for Next Mark
[2020-09-11T11:44:34.675+0000][26480][gc,marking   ] GC(322) Concurrent Cleanup for Next Mark 1.927ms
[2020-09-11T11:44:34.675+0000][26480][gc           ] GC(322) Concurrent Cycle 264.132ms
[2020-09-11T11:44:34.752+0000][26480][gc,start     ] GC(323) Pause Young (Concurrent Start) (G1 Humongous Allocation)
[2020-09-11T11:44:34.752+0000][26480][gc,task      ] GC(323) Using 8 workers of 8 for evacuation
[2020-09-11T11:44:34.752+0000][26480][gc,age       ] GC(323) Desired survivor size 33030144 bytes, new threshold 15 (max threshold 15)
[2020-09-11T11:44:34.759+0000][26480][gc,age       ] GC(323) Age table with threshold 15 (max threshold 15)
[2020-09-11T11:44:34.759+0000][26480][gc,age       ] GC(323) - age   1:    6628200 bytes,    6628200 total
[2020-09-11T11:44:34.759+0000][26480][gc,age       ] GC(323) - age   2:       2096 bytes,    6630296 total
[2020-09-11T11:44:34.759+0000][26480][gc,age       ] GC(323) - age   3:       8016 bytes,    6638312 total
[2020-09-11T11:44:34.759+0000][26480][gc,age       ] GC(323) - age   4:      70272 bytes,    6708584 total
[2020-09-11T11:44:34.760+0000][26480][gc,age       ] GC(323) - age   5:       1888 bytes,    6710472 total
[2020-09-11T11:44:34.760+0000][26480][gc,age       ] GC(323) - age   6:        768 bytes,    6711240 total
[2020-09-11T11:44:34.760+0000][26480][gc,age       ] GC(323) - age   7:       2080 bytes,    6713320 total
[2020-09-11T11:44:34.760+0000][26480][gc,age       ] GC(323) - age   8:       2528 bytes,    6715848 total
[2020-09-11T11:44:34.760+0000][26480][gc,age       ] GC(323) - age   9:      14272 bytes,    6730120 total
[2020-09-11T11:44:34.760+0000][26480][gc,age       ] GC(323) - age  10:        864 bytes,    6730984 total
[2020-09-11T11:44:34.760+0000][26480][gc,age       ] GC(323) - age  11:        664 bytes,    6731648 total
[2020-09-11T11:44:34.760+0000][26480][gc,age       ] GC(323) - age  12:       1032 bytes,    6732680 total
[2020-09-11T11:44:34.760+0000][26480][gc,age       ] GC(323) - age  13:       1512 bytes,    6734192 total
[2020-09-11T11:44:34.760+0000][26480][gc,age       ] GC(323) - age  14:        752 bytes,    6734944 total
[2020-09-11T11:44:34.760+0000][26480][gc,age       ] GC(323) - age  15:        528 bytes,    6735472 total
[2020-09-11T11:44:34.760+0000][26480][gc,phases    ] GC(323)   Pre Evacuate Collection Set: 0.6ms
[2020-09-11T11:44:34.760+0000][26480][gc,phases    ] GC(323)   Merge Heap Roots: 0.1ms
[2020-09-11T11:44:34.760+0000][26480][gc,phases    ] GC(323)   Evacuate Collection Set: 5.2ms
[2020-09-11T11:44:34.760+0000][26480][gc,phases    ] GC(323)   Post Evacuate Collection Set: 1.4ms
[2020-09-11T11:44:34.760+0000][26480][gc,phases    ] GC(323)   Other: 1.2ms
[2020-09-11T11:44:34.760+0000][26480][gc,heap      ] GC(323) Eden regions: 36->0(493)
[2020-09-11T11:44:34.760+0000][26480][gc,heap      ] GC(323) Survivor regions: 2->7(63)
[2020-09-11T11:44:34.760+0000][26480][gc,heap      ] GC(323) Old regions: 78->78
[2020-09-11T11:44:34.760+0000][26480][gc,heap      ] GC(323) Archive regions: 0->0
[2020-09-11T11:44:34.760+0000][26480][gc,heap      ] GC(323) Humongous regions: 229->174
[2020-09-11T11:44:34.760+0000][26480][gc,metaspace ] GC(323) Metaspace: 88173K(94232K)->88173K(94232K) NonClass: 77002K(80536K)->77002K(80536K) Class: 11170K(13696K)->11170K(13696K)
[2020-09-11T11:44:34.760+0000][26480][gc           ] GC(323) Pause Young (Concurrent Start) (G1 Humongous Allocation) 343M->257M(1024M) 8.823ms
[2020-09-11T11:44:34.760+0000][26480][gc,cpu       ] GC(323) User=0.02s Sys=0.02s Real=0.01s
[2020-09-11T11:44:34.761+0000][26480][gc           ] GC(324) Concurrent Cycle
[2020-09-11T11:44:34.761+0000][26480][gc,marking   ] GC(324) Concurrent Clear Claimed Marks
[2020-09-11T11:44:34.761+0000][26480][safepoint    ] Safepoint "G1TryInitiateConcMark", Time since last: 78371800 ns, Reaching safepoint: 262200 ns, At safepoint: 9262200 ns, Total: 9524400 ns
[2020-09-11T11:44:34.761+0000][26480][gc,marking   ] GC(324) Concurrent Clear Claimed Marks 0.321ms
[2020-09-11T11:44:34.761+0000][26480][gc,marking   ] GC(324) Concurrent Scan Root Regions
[2020-09-11T11:44:34.761+0000][26480][safepoint    ] Safepoint "G1TryInitiateConcMark", Time since last: 270800 ns, Reaching safepoint: 171300 ns, At safepoint: 14800 ns, Total: 186100 ns
[2020-09-11T11:44:34.763+0000][26480][gc,marking   ] GC(324) Concurrent Scan Root Regions 2.284ms
[2020-09-11T11:44:34.763+0000][26480][gc,marking   ] GC(324) Concurrent Mark (7079.898s)
[2020-09-11T11:44:34.763+0000][26480][gc,marking   ] GC(324) Concurrent Mark From Roots
[2020-09-11T11:44:34.763+0000][26480][gc,task      ] GC(324) Using 2 workers of 2 for marking
[2020-09-11T11:44:34.938+0000][26480][gc,marking   ] GC(324) Concurrent Mark From Roots 174.740ms
[2020-09-11T11:44:34.938+0000][26480][gc,marking   ] GC(324) Concurrent Preclean
[2020-09-11T11:44:34.939+0000][26480][gc,marking   ] GC(324) Concurrent Preclean 0.928ms
[2020-09-11T11:44:34.939+0000][26480][gc,marking   ] GC(324) Concurrent Mark (7079.898s, 7080.074s) 175.875ms
[2020-09-11T11:44:34.940+0000][26480][gc,start     ] GC(324) Pause Remark
[2020-09-11T11:44:34.947+0000][26480][gc           ] GC(324) Pause Remark 449M->449M(1024M) 7.537ms
[2020-09-11T11:44:34.947+0000][26480][gc,cpu       ] GC(324) User=0.05s Sys=0.03s Real=0.01s
[2020-09-11T11:44:34.948+0000][26480][safepoint    ] Safepoint "G1Concurrent", Time since last: 178101400 ns, Reaching safepoint: 199600 ns, At safepoint: 8127200 ns, Total: 8326800 ns
[2020-09-11T11:44:34.948+0000][26480][gc,marking   ] GC(324) Concurrent Rebuild Remembered Sets
[2020-09-11T11:44:35.060+0000][26480][gc,marking   ] GC(324) Concurrent Rebuild Remembered Sets 112.069ms
[2020-09-11T11:44:35.060+0000][26480][gc,start     ] GC(324) Pause Cleanup
[2020-09-11T11:44:35.061+0000][26480][gc           ] GC(324) Pause Cleanup 450M->450M(1024M) 0.428ms
[2020-09-11T11:44:35.061+0000][26480][gc,cpu       ] GC(324) User=0.00s Sys=0.00s Real=0.00s
[2020-09-11T11:44:35.061+0000][26480][safepoint    ] Safepoint "G1Concurrent", Time since last: 112379700 ns, Reaching safepoint: 188300 ns, At safepoint: 647700 ns, Total: 836000 ns
[2020-09-11T11:44:35.061+0000][26480][gc,marking   ] GC(324) Concurrent Cleanup for Next Mark
[2020-09-11T11:44:35.063+0000][26480][gc,marking   ] GC(324) Concurrent Cleanup for Next Mark 2.063ms
[2020-09-11T11:44:35.063+0000][26480][gc           ] GC(324) Concurrent Cycle 302.655ms
[2020-09-11T11:44:35.247+0000][26480][gc,start     ] GC(325) Pause Young (Concurrent Start) (G1 Humongous Allocation)
[2020-09-11T11:44:35.247+0000][26480][gc,task      ] GC(325) Using 8 workers of 8 for evacuation
[2020-09-11T11:44:35.247+0000][26480][gc,age       ] GC(325) Desired survivor size 33030144 bytes, new threshold 15 (max threshold 15)
[2020-09-11T11:44:35.251+0000][26480][gc,age       ] GC(325) Age table with threshold 15 (max threshold 15)
[2020-09-11T11:44:35.251+0000][26480][gc,age       ] GC(325) - age   1:    3202776 bytes,    3202776 total
[2020-09-11T11:44:35.251+0000][26480][gc,age       ] GC(325) - age   2:      94656 bytes,    3297432 total
[2020-09-11T11:44:35.251+0000][26480][gc,age       ] GC(325) - age   3:       1904 bytes,    3299336 total
[2020-09-11T11:44:35.251+0000][26480][gc,age       ] GC(325) - age   4:       3624 bytes,    3302960 total
[2020-09-11T11:44:35.251+0000][26480][gc,age       ] GC(325) - age   5:      66104 bytes,    3369064 total
[2020-09-11T11:44:35.251+0000][26480][gc,age       ] GC(325) - age   6:       1416 bytes,    3370480 total
[2020-09-11T11:44:35.251+0000][26480][gc,age       ] GC(325) - age   7:        768 bytes,    3371248 total
[2020-09-11T11:44:35.251+0000][26480][gc,age       ] GC(325) - age   8:       2048 bytes,    3373296 total
[2020-09-11T11:44:35.251+0000][26480][gc,age       ] GC(325) - age   9:       2528 bytes,    3375824 total
[2020-09-11T11:44:35.251+0000][26480][gc,age       ] GC(325) - age  10:      14272 bytes,    3390096 total
[2020-09-11T11:44:35.251+0000][26480][gc,age       ] GC(325) - age  11:        864 bytes,    3390960 total
[2020-09-11T11:44:35.251+0000][26480][gc,age       ] GC(325) - age  12:        664 bytes,    3391624 total
[2020-09-11T11:44:35.251+0000][26480][gc,age       ] GC(325) - age  13:       1032 bytes,    3392656 total
[2020-09-11T11:44:35.251+0000][26480][gc,age       ] GC(325) - age  14:       1512 bytes,    3394168 total
[2020-09-11T11:44:35.251+0000][26480][gc,age       ] GC(325) - age  15:        752 bytes,    3394920 total
[2020-09-11T11:44:35.251+0000][26480][gc,phases    ] GC(325)   Pre Evacuate Collection Set: 0.4ms
[2020-09-11T11:44:35.251+0000][26480][gc,phases    ] GC(325)   Merge Heap Roots: 0.2ms
[2020-09-11T11:44:35.251+0000][26480][gc,phases    ] GC(325)   Evacuate Collection Set: 2.1ms
[2020-09-11T11:44:35.251+0000][26480][gc,phases    ] GC(325)   Post Evacuate Collection Set: 0.8ms
[2020-09-11T11:44:35.251+0000][26480][gc,phases    ] GC(325)   Other: 0.8ms
[2020-09-11T11:44:35.251+0000][26480][gc,heap      ] GC(325) Eden regions: 63->0(496)
[2020-09-11T11:44:35.251+0000][26480][gc,heap      ] GC(325) Survivor regions: 7->4(63)
[2020-09-11T11:44:35.251+0000][26480][gc,heap      ] GC(325) Old regions: 78->78
[2020-09-11T11:44:35.251+0000][26480][gc,heap      ] GC(325) Archive regions: 0->0
[2020-09-11T11:44:35.251+0000][26480][gc,heap      ] GC(325) Humongous regions: 321->174
[2020-09-11T11:44:35.251+0000][26480][gc,metaspace ] GC(325) Metaspace: 88174K(94232K)->88174K(94232K) NonClass: 77004K(80536K)->77004K(80536K) Class: 11170K(13696K)->11170K(13696K)
[2020-09-11T11:44:35.251+0000][26480][gc           ] GC(325) Pause Young (Concurrent Start) (G1 Humongous Allocation) 467M->254M(1024M) 4.446ms
[2020-09-11T11:44:35.251+0000][26480][gc,cpu       ] GC(325) User=0.00s Sys=0.00s Real=0.00s
[2020-09-11T11:44:35.252+0000][26480][gc           ] GC(326) Concurrent Cycle
[2020-09-11T11:44:35.252+0000][26480][safepoint    ] Safepoint "G1TryInitiateConcMark", Time since last: 185957600 ns, Reaching safepoint: 153100 ns, At safepoint: 4635300 ns, Total: 4788400 ns
[2020-09-11T11:44:35.252+0000][26480][gc,marking   ] GC(326) Concurrent Clear Claimed Marks
[2020-09-11T11:44:35.252+0000][26480][gc,marking   ] GC(326) Concurrent Clear Claimed Marks 0.432ms
[2020-09-11T11:44:35.252+0000][26480][gc,marking   ] GC(326) Concurrent Scan Root Regions
[2020-09-11T11:44:35.256+0000][26480][gc,marking   ] GC(326) Concurrent Scan Root Regions 3.393ms
[2020-09-11T11:44:35.256+0000][26480][gc,marking   ] GC(326) Concurrent Mark (7080.391s)
[2020-09-11T11:44:35.256+0000][26480][gc,marking   ] GC(326) Concurrent Mark From Roots
[2020-09-11T11:44:35.256+0000][26480][gc,task      ] GC(326) Using 2 workers of 2 for marking
[2020-09-11T11:44:35.399+0000][26480][gc,marking   ] GC(326) Concurrent Mark From Roots 142.813ms
[2020-09-11T11:44:35.399+0000][26480][gc,marking   ] GC(326) Concurrent Preclean
[2020-09-11T11:44:35.400+0000][26480][gc,marking   ] GC(326) Concurrent Preclean 0.732ms
[2020-09-11T11:44:35.400+0000][26480][gc,marking   ] GC(326) Concurrent Mark (7080.391s, 7080.534s) 143.748ms
[2020-09-11T11:44:35.400+0000][26480][gc,start     ] GC(326) Pause Remark
[2020-09-11T11:44:35.406+0000][26480][gc           ] GC(326) Pause Remark 318M->318M(1024M) 6.468ms
[2020-09-11T11:44:35.406+0000][26480][gc,cpu       ] GC(326) User=0.02s Sys=0.00s Real=0.01s
[2020-09-11T11:44:35.407+0000][26480][safepoint    ] Safepoint "G1Concurrent", Time since last: 148107900 ns, Reaching safepoint: 146200 ns, At safepoint: 6712800 ns, Total: 6859000 ns
[2020-09-11T11:44:35.407+0000][26480][gc,marking   ] GC(326) Concurrent Rebuild Remembered Sets
[2020-09-11T11:44:35.496+0000][26480][gc,marking   ] GC(326) Concurrent Rebuild Remembered Sets 88.896ms
[2020-09-11T11:44:35.496+0000][26480][gc,start     ] GC(326) Pause Cleanup
[2020-09-11T11:44:35.496+0000][26480][gc           ] GC(326) Pause Cleanup 387M->387M(1024M) 0.319ms
[2020-09-11T11:44:35.496+0000][26480][gc,cpu       ] GC(326) User=0.00s Sys=0.00s Real=0.00s
[2020-09-11T11:44:35.496+0000][26480][safepoint    ] Safepoint "G1Concurrent", Time since last: 89082600 ns, Reaching safepoint: 173900 ns, At safepoint: 483000 ns, Total: 656900 ns
[2020-09-11T11:44:35.496+0000][26480][gc,marking   ] GC(326) Concurrent Cleanup for Next Mark
[2020-09-11T11:44:35.498+0000][26480][gc,marking   ] GC(326) Concurrent Cleanup for Next Mark 1.607ms
[2020-09-11T11:44:35.498+0000][26480][gc           ] GC(326) Concurrent Cycle 246.487ms
[2020-09-11T11:44:35.692+0000][26480][gc,start     ] GC(327) Pause Young (Concurrent Start) (G1 Humongous Allocation)
[2020-09-11T11:44:35.692+0000][26480][gc,task      ] GC(327) Using 8 workers of 8 for evacuation
[2020-09-11T11:44:35.692+0000][26480][gc,age       ] GC(327) Desired survivor size 33030144 bytes, new threshold 15 (max threshold 15)
[2020-09-11T11:44:35.696+0000][26480][gc,age       ] GC(327) Age table with threshold 15 (max threshold 15)
[2020-09-11T11:44:35.696+0000][26480][gc,age       ] GC(327) - age   1:    3485392 bytes,    3485392 total
[2020-09-11T11:44:35.696+0000][26480][gc,age       ] GC(327) - age   2:     410544 bytes,    3895936 total
[2020-09-11T11:44:35.696+0000][26480][gc,age       ] GC(327) - age   3:       4016 bytes,    3899952 total
[2020-09-11T11:44:35.696+0000][26480][gc,age       ] GC(327) - age   4:       1360 bytes,    3901312 total
[2020-09-11T11:44:35.696+0000][26480][gc,age       ] GC(327) - age   5:       3288 bytes,    3904600 total
[2020-09-11T11:44:35.696+0000][26480][gc,age       ] GC(327) - age   6:      63944 bytes,    3968544 total
[2020-09-11T11:44:35.696+0000][26480][gc,age       ] GC(327) - age   7:       1288 bytes,    3969832 total
[2020-09-11T11:44:35.696+0000][26480][gc,age       ] GC(327) - age   8:        768 bytes,    3970600 total
[2020-09-11T11:44:35.696+0000][26480][gc,age       ] GC(327) - age   9:       1760 bytes,    3972360 total
[2020-09-11T11:44:35.696+0000][26480][gc,age       ] GC(327) - age  10:       2464 bytes,    3974824 total
[2020-09-11T11:44:35.696+0000][26480][gc,age       ] GC(327) - age  11:      14272 bytes,    3989096 total
[2020-09-11T11:44:35.696+0000][26480][gc,age       ] GC(327) - age  12:        864 bytes,    3989960 total
[2020-09-11T11:44:35.696+0000][26480][gc,age       ] GC(327) - age  13:        664 bytes,    3990624 total
[2020-09-11T11:44:35.696+0000][26480][gc,age       ] GC(327) - age  14:        968 bytes,    3991592 total
[2020-09-11T11:44:35.696+0000][26480][gc,age       ] GC(327) - age  15:       1512 bytes,    3993104 total
[2020-09-11T11:44:35.697+0000][26480][gc,phases    ] GC(327)   Pre Evacuate Collection Set: 0.5ms
[2020-09-11T11:44:35.697+0000][26480][gc,phases    ] GC(327)   Merge Heap Roots: 0.1ms
[2020-09-11T11:44:35.697+0000][26480][gc,phases    ] GC(327)   Evacuate Collection Set: 2.7ms
[2020-09-11T11:44:35.697+0000][26480][gc,phases    ] GC(327)   Post Evacuate Collection Set: 0.8ms
[2020-09-11T11:44:35.697+0000][26480][gc,phases    ] GC(327)   Other: 1.0ms
[2020-09-11T11:44:35.697+0000][26480][gc,heap      ] GC(327) Eden regions: 43->0(497)
[2020-09-11T11:44:35.697+0000][26480][gc,heap      ] GC(327) Survivor regions: 4->4(63)
[2020-09-11T11:44:35.697+0000][26480][gc,heap      ] GC(327) Old regions: 78->78
[2020-09-11T11:44:35.697+0000][26480][gc,heap      ] GC(327) Archive regions: 0->0
[2020-09-11T11:44:35.697+0000][26480][gc,heap      ] GC(327) Humongous regions: 274->174
[2020-09-11T11:44:35.697+0000][26480][gc,metaspace ] GC(327) Metaspace: 88181K(94232K)->88181K(94232K) NonClass: 77011K(80536K)->77011K(80536K) Class: 11170K(13696K)->11170K(13696K)
[2020-09-11T11:44:35.697+0000][26480][gc           ] GC(327) Pause Young (Concurrent Start) (G1 Humongous Allocation) 397M->255M(1024M) 5.222ms
[2020-09-11T11:44:35.697+0000][26480][gc,cpu       ] GC(327) User=0.00s Sys=0.00s Real=0.01s
[2020-09-11T11:44:35.697+0000][26480][gc           ] GC(328) Concurrent Cycle
[2020-09-11T11:44:35.697+0000][26480][safepoint    ] Safepoint "G1TryInitiateConcMark", Time since last: 194584100 ns, Reaching safepoint: 168000 ns, At safepoint: 5447200 ns, Total: 5615200 ns
[2020-09-11T11:44:35.697+0000][26480][gc,marking   ] GC(328) Concurrent Clear Claimed Marks
[2020-09-11T11:44:35.697+0000][26480][gc,marking   ] GC(328) Concurrent Clear Claimed Marks 0.463ms
[2020-09-11T11:44:35.698+0000][26480][gc,marking   ] GC(328) Concurrent Scan Root Regions
[2020-09-11T11:44:35.701+0000][26480][gc,marking   ] GC(328) Concurrent Scan Root Regions 3.270ms
[2020-09-11T11:44:35.701+0000][26480][gc,marking   ] GC(328) Concurrent Mark (7080.836s)
[2020-09-11T11:44:35.702+0000][26480][gc,marking   ] GC(328) Concurrent Mark From Roots
[2020-09-11T11:44:35.702+0000][26480][gc,task      ] GC(328) Using 2 workers of 2 for marking
[2020-09-11T11:44:35.861+0000][26480][gc,marking   ] GC(328) Concurrent Mark From Roots 159.179ms
[2020-09-11T11:44:35.861+0000][26480][gc,marking   ] GC(328) Concurrent Preclean
[2020-09-11T11:44:35.862+0000][26480][gc,marking   ] GC(328) Concurrent Preclean 0.948ms
[2020-09-11T11:44:35.862+0000][26480][gc,marking   ] GC(328) Concurrent Mark (7080.836s, 7080.996s) 160.324ms
[2020-09-11T11:44:35.862+0000][26480][gc,start     ] GC(328) Pause Remark
[2020-09-11T11:44:35.868+0000][26480][gc           ] GC(328) Pause Remark 316M->316M(1024M) 6.293ms
[2020-09-11T11:44:35.869+0000][26480][gc,cpu       ] GC(328) User=0.00s Sys=0.00s Real=0.01s
[2020-09-11T11:44:35.869+0000][26480][safepoint    ] Safepoint "G1Concurrent", Time since last: 164950300 ns, Reaching safepoint: 190000 ns, At safepoint: 6596700 ns, Total: 6786700 ns
[2020-09-11T11:44:35.869+0000][26480][gc,marking   ] GC(328) Concurrent Rebuild Remembered Sets
[2020-09-11T11:44:35.958+0000][26480][gc,marking   ] GC(328) Concurrent Rebuild Remembered Sets 89.633ms
[2020-09-11T11:44:35.959+0000][26480][gc,start     ] GC(328) Pause Cleanup
[2020-09-11T11:44:35.959+0000][26480][gc           ] GC(328) Pause Cleanup 322M->322M(1024M) 0.352ms
[2020-09-11T11:44:35.959+0000][26480][gc,cpu       ] GC(328) User=0.00s Sys=0.00s Real=0.00s
[2020-09-11T11:44:35.959+0000][26480][safepoint    ] Safepoint "G1Concurrent", Time since last: 89826300 ns, Reaching safepoint: 179000 ns, At safepoint: 591900 ns, Total: 770900 ns
[2020-09-11T11:44:35.959+0000][26480][gc,marking   ] GC(328) Concurrent Cleanup for Next Mark
[2020-09-11T11:44:35.962+0000][26480][gc,marking   ] GC(328) Concurrent Cleanup for Next Mark 2.234ms
[2020-09-11T11:44:35.962+0000][26480][gc           ] GC(328) Concurrent Cycle 264.817ms
[2020-09-11T11:44:35.975+0000][26480][gc,start     ] GC(329) Pause Young (Concurrent Start) (G1 Humongous Allocation)
[2020-09-11T11:44:35.975+0000][26480][gc,task      ] GC(329) Using 8 workers of 8 for evacuation
[2020-09-11T11:44:35.975+0000][26480][gc,age       ] GC(329) Desired survivor size 33030144 bytes, new threshold 15 (max threshold 15)
[2020-09-11T11:44:35.980+0000][26480][gc,age       ] GC(329) Age table with threshold 15 (max threshold 15)
[2020-09-11T11:44:35.980+0000][26480][gc,age       ] GC(329) - age   1:    2976160 bytes,    2976160 total
[2020-09-11T11:44:35.980+0000][26480][gc,age       ] GC(329) - age   2:     602384 bytes,    3578544 total
[2020-09-11T11:44:35.980+0000][26480][gc,age       ] GC(329) - age   3:     211512 bytes,    3790056 total
[2020-09-11T11:44:35.980+0000][26480][gc,age       ] GC(329) - age   4:       3048 bytes,    3793104 total
[2020-09-11T11:44:35.980+0000][26480][gc,age       ] GC(329) - age   5:       1328 bytes,    3794432 total
[2020-09-11T11:44:35.980+0000][26480][gc,age       ] GC(329) - age   6:       3128 bytes,    3797560 total
[2020-09-11T11:44:35.980+0000][26480][gc,age       ] GC(329) - age   7:      63944 bytes,    3861504 total
[2020-09-11T11:44:35.980+0000][26480][gc,age       ] GC(329) - age   8:       1288 bytes,    3862792 total
[2020-09-11T11:44:35.980+0000][26480][gc,age       ] GC(329) - age   9:        672 bytes,    3863464 total
[2020-09-11T11:44:35.980+0000][26480][gc,age       ] GC(329) - age  10:       1760 bytes,    3865224 total
[2020-09-11T11:44:35.980+0000][26480][gc,age       ] GC(329) - age  11:       2464 bytes,    3867688 total
[2020-09-11T11:44:35.980+0000][26480][gc,age       ] GC(329) - age  12:      14272 bytes,    3881960 total
[2020-09-11T11:44:35.980+0000][26480][gc,age       ] GC(329) - age  13:        864 bytes,    3882824 total
[2020-09-11T11:44:35.980+0000][26480][gc,age       ] GC(329) - age  14:        664 bytes,    3883488 total
[2020-09-11T11:44:35.980+0000][26480][gc,age       ] GC(329) - age  15:        968 bytes,    3884456 total
[2020-09-11T11:44:35.980+0000][26480][gc,phases    ] GC(329)   Pre Evacuate Collection Set: 0.5ms
[2020-09-11T11:44:35.980+0000][26480][gc,phases    ] GC(329)   Merge Heap Roots: 0.1ms
[2020-09-11T11:44:35.980+0000][26480][gc,phases    ] GC(329)   Evacuate Collection Set: 2.7ms
[2020-09-11T11:44:35.980+0000][26480][gc,phases    ] GC(329)   Post Evacuate Collection Set: 0.8ms
[2020-09-11T11:44:35.980+0000][26480][gc,phases    ] GC(329)   Other: 1.1ms
[2020-09-11T11:44:35.980+0000][26480][gc,heap      ] GC(329) Eden regions: 23->0(498)
[2020-09-11T11:44:35.980+0000][26480][gc,heap      ] GC(329) Survivor regions: 4->4(63)
[2020-09-11T11:44:35.981+0000][26480][gc,heap      ] GC(329) Old regions: 78->78
[2020-09-11T11:44:35.981+0000][26480][gc,heap      ] GC(329) Archive regions: 0->0
[2020-09-11T11:44:35.981+0000][26480][gc,heap      ] GC(329) Humongous regions: 229->174
[2020-09-11T11:44:35.981+0000][26480][gc,metaspace ] GC(329) Metaspace: 88184K(94232K)->88184K(94232K) NonClass: 77013K(80536K)->77013K(80536K) Class: 11170K(13696K)->11170K(13696K)
[2020-09-11T11:44:35.981+0000][26480][gc           ] GC(329) Pause Young (Concurrent Start) (G1 Humongous Allocation) 332M->255M(1024M) 5.540ms
[2020-09-11T11:44:35.981+0000][26480][gc,cpu       ] GC(329) User=0.11s Sys=0.00s Real=0.01s
[2020-09-11T11:44:35.981+0000][26480][gc           ] GC(330) Concurrent Cycle
[2020-09-11T11:44:35.981+0000][26480][gc,marking   ] GC(330) Concurrent Clear Claimed Marks
[2020-09-11T11:44:35.981+0000][26480][safepoint    ] Safepoint "G1TryInitiateConcMark", Time since last: 15588400 ns, Reaching safepoint: 184100 ns, At safepoint: 5834900 ns, Total: 6019000 ns
[2020-09-11T11:44:35.981+0000][26480][gc,marking   ] GC(330) Concurrent Clear Claimed Marks 0.373ms
[2020-09-11T11:44:35.981+0000][26480][gc,marking   ] GC(330) Concurrent Scan Root Regions
[2020-09-11T11:44:35.984+0000][26480][gc,marking   ] GC(330) Concurrent Scan Root Regions 2.847ms
[2020-09-11T11:44:35.984+0000][26480][gc,marking   ] GC(330) Concurrent Mark (7081.119s)
[2020-09-11T11:44:35.984+0000][26480][gc,marking   ] GC(330) Concurrent Mark From Roots
[2020-09-11T11:44:35.984+0000][26480][gc,task      ] GC(330) Using 2 workers of 2 for marking
[2020-09-11T11:44:36.146+0000][26480][gc,marking   ] GC(330) Concurrent Mark From Roots 161.294ms
[2020-09-11T11:44:36.146+0000][26480][gc,marking   ] GC(330) Concurrent Preclean
[2020-09-11T11:44:36.147+0000][26480][gc,marking   ] GC(330) Concurrent Preclean 0.809ms
[2020-09-11T11:44:36.147+0000][26480][gc,marking   ] GC(330) Concurrent Mark (7081.119s, 7081.281s) 162.316ms
[2020-09-11T11:44:36.147+0000][26480][gc,start     ] GC(330) Pause Remark
[2020-09-11T11:44:36.154+0000][26480][gc           ] GC(330) Pause Remark 310M->310M(1024M) 7.385ms
[2020-09-11T11:44:36.154+0000][26480][gc,cpu       ] GC(330) User=0.09s Sys=0.00s Real=0.01s
[2020-09-11T11:44:36.155+0000][26480][safepoint    ] Safepoint "G1Concurrent", Time since last: 165836500 ns, Reaching safepoint: 176700 ns, At safepoint: 8092400 ns, Total: 8269100 ns
[2020-09-11T11:44:36.155+0000][26480][gc,marking   ] GC(330) Concurrent Rebuild Remembered Sets
[2020-09-11T11:44:36.263+0000][26480][gc,marking   ] GC(330) Concurrent Rebuild Remembered Sets 107.834ms
[2020-09-11T11:44:36.264+0000][26480][gc,start     ] GC(330) Pause Cleanup
[2020-09-11T11:44:36.264+0000][26480][gc           ] GC(330) Pause Cleanup 314M->314M(1024M) 0.365ms
[2020-09-11T11:44:36.264+0000][26480][gc,cpu       ] GC(330) User=0.00s Sys=0.00s Real=0.00s
[2020-09-11T11:44:36.264+0000][26480][safepoint    ] Safepoint "G1Concurrent", Time since last: 108455500 ns, Reaching safepoint: 155400 ns, At safepoint: 573400 ns, Total: 728800 ns
[2020-09-11T11:44:36.264+0000][26480][gc,marking   ] GC(330) Concurrent Cleanup for Next Mark
[2020-09-11T11:44:36.266+0000][26480][gc,marking   ] GC(330) Concurrent Cleanup for Next Mark 1.943ms
[2020-09-11T11:44:36.266+0000][26480][gc           ] GC(330) Concurrent Cycle 285.580ms
[2020-09-11T11:44:36.305+0000][26480][gc,start     ] GC(331) Pause Young (Concurrent Start) (G1 Humongous Allocation)
[2020-09-11T11:44:36.305+0000][26480][gc,task      ] GC(331) Using 8 workers of 8 for evacuation
[2020-09-11T11:44:36.305+0000][26480][gc,age       ] GC(331) Desired survivor size 33030144 bytes, new threshold 15 (max threshold 15)
[2020-09-11T11:44:36.313+0000][26480][gc,age       ] GC(331) Age table with threshold 15 (max threshold 15)
[2020-09-11T11:44:36.313+0000][26480][gc,age       ] GC(331) - age   1:    2786240 bytes,    2786240 total
[2020-09-11T11:44:36.313+0000][26480][gc,age       ] GC(331) - age   2:     206856 bytes,    2993096 total
[2020-09-11T11:44:36.313+0000][26480][gc,age       ] GC(331) - age   3:     601904 bytes,    3595000 total
[2020-09-11T11:44:36.313+0000][26480][gc,age       ] GC(331) - age   4:       8784 bytes,    3603784 total
[2020-09-11T11:44:36.313+0000][26480][gc,age       ] GC(331) - age   5:       2168 bytes,    3605952 total
[2020-09-11T11:44:36.313+0000][26480][gc,age       ] GC(331) - age   6:       1296 bytes,    3607248 total
[2020-09-11T11:44:36.313+0000][26480][gc,age       ] GC(331) - age   7:       3064 bytes,    3610312 total
[2020-09-11T11:44:36.313+0000][26480][gc,age       ] GC(331) - age   8:      63864 bytes,    3674176 total
[2020-09-11T11:44:36.313+0000][26480][gc,age       ] GC(331) - age   9:       1288 bytes,    3675464 total
[2020-09-11T11:44:36.313+0000][26480][gc,age       ] GC(331) - age  10:        672 bytes,    3676136 total
[2020-09-11T11:44:36.313+0000][26480][gc,age       ] GC(331) - age  11:       1760 bytes,    3677896 total
[2020-09-11T11:44:36.313+0000][26480][gc,age       ] GC(331) - age  12:       2464 bytes,    3680360 total
[2020-09-11T11:44:36.313+0000][26480][gc,age       ] GC(331) - age  13:      14272 bytes,    3694632 total
[2020-09-11T11:44:36.313+0000][26480][gc,age       ] GC(331) - age  14:        864 bytes,    3695496 total
[2020-09-11T11:44:36.313+0000][26480][gc,age       ] GC(331) - age  15:        664 bytes,    3696160 total
[2020-09-11T11:44:36.314+0000][26480][gc,phases    ] GC(331)   Pre Evacuate Collection Set: 2.4ms
[2020-09-11T11:44:36.314+0000][26480][gc,phases    ] GC(331)   Merge Heap Roots: 0.4ms
[2020-09-11T11:44:36.314+0000][26480][gc,phases    ] GC(331)   Evacuate Collection Set: 3.8ms
[2020-09-11T11:44:36.314+0000][26480][gc,phases    ] GC(331)   Post Evacuate Collection Set: 0.8ms
[2020-09-11T11:44:36.314+0000][26480][gc,phases    ] GC(331)   Other: 1.4ms
[2020-09-11T11:44:36.314+0000][26480][gc,heap      ] GC(331) Eden regions: 22->0(500)
[2020-09-11T11:44:36.314+0000][26480][gc,heap      ] GC(331) Survivor regions: 4->4(63)
[2020-09-11T11:44:36.314+0000][26480][gc,heap      ] GC(331) Old regions: 78->78
[2020-09-11T11:44:36.314+0000][26480][gc,heap      ] GC(331) Archive regions: 0->0
[2020-09-11T11:44:36.314+0000][26480][gc,heap      ] GC(331) Humongous regions: 229->174
[2020-09-11T11:44:36.314+0000][26480][gc,metaspace ] GC(331) Metaspace: 88186K(94232K)->88186K(94232K) NonClass: 77015K(80536K)->77015K(80536K) Class: 11170K(13696K)->11170K(13696K)
[2020-09-11T11:44:36.314+0000][26480][gc           ] GC(331) Pause Young (Concurrent Start) (G1 Humongous Allocation) 332M->255M(1024M) 9.169ms
[2020-09-11T11:44:36.314+0000][26480][gc,cpu       ] GC(331) User=0.02s Sys=0.00s Real=0.01s
[2020-09-11T11:44:36.314+0000][26480][safepoint    ] Safepoint "G1TryInitiateConcMark", Time since last: 40648800 ns, Reaching safepoint: 304600 ns, At safepoint: 9415700 ns, Total: 9720300 ns
[2020-09-11T11:44:36.314+0000][26480][gc           ] GC(332) Concurrent Cycle
[2020-09-11T11:44:36.314+0000][26480][gc,marking   ] GC(332) Concurrent Clear Claimed Marks
[2020-09-11T11:44:36.315+0000][26480][gc,marking   ] GC(332) Concurrent Clear Claimed Marks 0.400ms
[2020-09-11T11:44:36.315+0000][26480][gc,marking   ] GC(332) Concurrent Scan Root Regions
[2020-09-11T11:44:36.318+0000][26480][gc,marking   ] GC(332) Concurrent Scan Root Regions 3.435ms
[2020-09-11T11:44:36.318+0000][26480][gc,marking   ] GC(332) Concurrent Mark (7081.453s)
[2020-09-11T11:44:36.318+0000][26480][gc,marking   ] GC(332) Concurrent Mark From Roots
[2020-09-11T11:44:36.318+0000][26480][gc,task      ] GC(332) Using 2 workers of 2 for marking
[2020-09-11T11:44:36.484+0000][26480][gc,marking   ] GC(332) Concurrent Mark From Roots 165.458ms
[2020-09-11T11:44:36.484+0000][26480][gc,marking   ] GC(332) Concurrent Preclean
[2020-09-11T11:44:36.485+0000][26480][gc,marking   ] GC(332) Concurrent Preclean 0.850ms
[2020-09-11T11:44:36.485+0000][26480][gc,marking   ] GC(332) Concurrent Mark (7081.453s, 7081.619s) 166.505ms
[2020-09-11T11:44:36.485+0000][26480][gc,start     ] GC(332) Pause Remark
[2020-09-11T11:44:36.492+0000][26480][gc           ] GC(332) Pause Remark 305M->305M(1024M) 7.163ms
[2020-09-11T11:44:36.492+0000][26480][gc,cpu       ] GC(332) User=0.00s Sys=0.00s Real=0.01s
[2020-09-11T11:44:36.492+0000][26480][safepoint    ] Safepoint "G1Concurrent", Time since last: 170695300 ns, Reaching safepoint: 195100 ns, At safepoint: 7383600 ns, Total: 7578700 ns
[2020-09-11T11:44:36.492+0000][26480][gc,marking   ] GC(332) Concurrent Rebuild Remembered Sets
[2020-09-11T11:44:36.577+0000][26480][gc,marking   ] GC(332) Concurrent Rebuild Remembered Sets 84.354ms
[2020-09-11T11:44:36.577+0000][26480][gc,start     ] GC(332) Pause Cleanup
[2020-09-11T11:44:36.577+0000][26480][gc           ] GC(332) Pause Cleanup 370M->370M(1024M) 0.299ms
[2020-09-11T11:44:36.577+0000][26480][gc,cpu       ] GC(332) User=0.00s Sys=0.00s Real=0.00s
[2020-09-11T11:44:36.578+0000][26480][safepoint    ] Safepoint "G1Concurrent", Time since last: 84531000 ns, Reaching safepoint: 131300 ns, At safepoint: 471000 ns, Total: 602300 ns
[2020-09-11T11:44:36.578+0000][26480][gc,marking   ] GC(332) Concurrent Cleanup for Next Mark
[2020-09-11T11:44:36.579+0000][26480][gc,marking   ] GC(332) Concurrent Cleanup for Next Mark 1.776ms
[2020-09-11T11:44:36.579+0000][26480][gc           ] GC(332) Concurrent Cycle 265.341ms
[2020-09-11T11:44:36.790+0000][26480][gc,start     ] GC(333) Pause Young (Concurrent Start) (G1 Humongous Allocation)
[2020-09-11T11:44:36.790+0000][26480][gc,task      ] GC(333) Using 8 workers of 8 for evacuation
[2020-09-11T11:44:36.790+0000][26480][gc,age       ] GC(333) Desired survivor size 33030144 bytes, new threshold 15 (max threshold 15)
[2020-09-11T11:44:36.797+0000][26480][gc,age       ] GC(333) Age table with threshold 15 (max threshold 15)
[2020-09-11T11:44:36.797+0000][26480][gc,age       ] GC(333) - age   1:   13422248 bytes,   13422248 total
[2020-09-11T11:44:36.797+0000][26480][gc,age       ] GC(333) - age   2:       1904 bytes,   13424152 total
[2020-09-11T11:44:36.797+0000][26480][gc,age       ] GC(333) - age   3:       1112 bytes,   13425264 total
[2020-09-11T11:44:36.797+0000][26480][gc,age       ] GC(333) - age   4:       1800 bytes,   13427064 total
[2020-09-11T11:44:36.797+0000][26480][gc,age       ] GC(333) - age   5:       1224 bytes,   13428288 total
[2020-09-11T11:44:36.797+0000][26480][gc,age       ] GC(333) - age   6:        880 bytes,   13429168 total
[2020-09-11T11:44:36.797+0000][26480][gc,age       ] GC(333) - age   7:       1232 bytes,   13430400 total
[2020-09-11T11:44:36.797+0000][26480][gc,age       ] GC(333) - age   8:       2680 bytes,   13433080 total
[2020-09-11T11:44:36.797+0000][26480][gc,age       ] GC(333) - age   9:      63392 bytes,   13496472 total
[2020-09-11T11:44:36.797+0000][26480][gc,age       ] GC(333) - age  10:       1192 bytes,   13497664 total
[2020-09-11T11:44:36.797+0000][26480][gc,age       ] GC(333) - age  11:        672 bytes,   13498336 total
[2020-09-11T11:44:36.798+0000][26480][gc,age       ] GC(333) - age  12:       1760 bytes,   13500096 total
[2020-09-11T11:44:36.798+0000][26480][gc,age       ] GC(333) - age  13:       2368 bytes,   13502464 total
[2020-09-11T11:44:36.798+0000][26480][gc,age       ] GC(333) - age  14:      14272 bytes,   13516736 total
[2020-09-11T11:44:36.798+0000][26480][gc,age       ] GC(333) - age  15:        864 bytes,   13517600 total
[2020-09-11T11:44:36.798+0000][26480][gc,phases    ] GC(333)   Pre Evacuate Collection Set: 2.0ms
[2020-09-11T11:44:36.798+0000][26480][gc,phases    ] GC(333)   Merge Heap Roots: 0.4ms
[2020-09-11T11:44:36.798+0000][26480][gc,phases    ] GC(333)   Evacuate Collection Set: 3.8ms
[2020-09-11T11:44:36.798+0000][26480][gc,phases    ] GC(333)   Post Evacuate Collection Set: 0.9ms
[2020-09-11T11:44:36.798+0000][26480][gc,phases    ] GC(333)   Other: 1.1ms
[2020-09-11T11:44:36.798+0000][26480][gc,heap      ] GC(333) Eden regions: 65->0(483)
[2020-09-11T11:44:36.798+0000][26480][gc,heap      ] GC(333) Survivor regions: 4->13(63)
[2020-09-11T11:44:36.798+0000][26480][gc,heap      ] GC(333) Old regions: 78->78
[2020-09-11T11:44:36.798+0000][26480][gc,heap      ] GC(333) Archive regions: 0->0
[2020-09-11T11:44:36.798+0000][26480][gc,heap      ] GC(333) Humongous regions: 264->174
[2020-09-11T11:44:36.798+0000][26480][gc,metaspace ] GC(333) Metaspace: 88219K(94232K)->88219K(94232K) NonClass: 77048K(80536K)->77048K(80536K) Class: 11170K(13696K)->11170K(13696K)
[2020-09-11T11:44:36.798+0000][26480][gc           ] GC(333) Pause Young (Concurrent Start) (G1 Humongous Allocation) 410M->264M(1024M) 8.506ms
[2020-09-11T11:44:36.798+0000][26480][gc,cpu       ] GC(333) User=0.03s Sys=0.00s Real=0.01s
[2020-09-11T11:44:36.798+0000][26480][gc           ] GC(334) Concurrent Cycle
[2020-09-11T11:44:36.798+0000][26480][gc,marking   ] GC(334) Concurrent Clear Claimed Marks
[2020-09-11T11:44:36.798+0000][26480][safepoint    ] Safepoint "G1TryInitiateConcMark", Time since last: 211714700 ns, Reaching safepoint: 378300 ns, At safepoint: 8927200 ns, Total: 9305500 ns
[2020-09-11T11:44:36.799+0000][26480][gc,marking   ] GC(334) Concurrent Clear Claimed Marks 0.573ms
[2020-09-11T11:44:36.799+0000][26480][gc,marking   ] GC(334) Concurrent Scan Root Regions
[2020-09-11T11:44:36.802+0000][26480][gc,marking   ] GC(334) Concurrent Scan Root Regions 3.133ms
[2020-09-11T11:44:36.802+0000][26480][gc,marking   ] GC(334) Concurrent Mark (7081.937s)
[2020-09-11T11:44:36.802+0000][26480][gc,marking   ] GC(334) Concurrent Mark From Roots
[2020-09-11T11:44:36.802+0000][26480][gc,task      ] GC(334) Using 2 workers of 2 for marking
[2020-09-11T11:44:36.970+0000][26480][gc,marking   ] GC(334) Concurrent Mark From Roots 167.242ms
[2020-09-11T11:44:36.970+0000][26480][gc,marking   ] GC(334) Concurrent Preclean
[2020-09-11T11:44:36.971+0000][26480][gc,marking   ] GC(334) Concurrent Preclean 0.921ms
[2020-09-11T11:44:36.971+0000][26480][gc,marking   ] GC(334) Concurrent Mark (7081.937s, 7082.106s) 168.409ms
[2020-09-11T11:44:36.971+0000][26480][gc,start     ] GC(334) Pause Remark
[2020-09-11T11:44:36.978+0000][26480][gc           ] GC(334) Pause Remark 508M->508M(1024M) 6.138ms
[2020-09-11T11:44:36.978+0000][26480][gc,cpu       ] GC(334) User=0.00s Sys=0.00s Real=0.01s
[2020-09-11T11:44:36.978+0000][26480][safepoint    ] Safepoint "G1Concurrent", Time since last: 172302500 ns, Reaching safepoint: 190100 ns, At safepoint: 6366600 ns, Total: 6556700 ns
[2020-09-11T11:44:36.978+0000][26480][gc,marking   ] GC(334) Concurrent Rebuild Remembered Sets
[2020-09-11T11:44:37.069+0000][26480][gc,marking   ] GC(334) Concurrent Rebuild Remembered Sets 91.328ms
[2020-09-11T11:44:37.074+0000][26480][gc,start     ] GC(334) Pause Cleanup
[2020-09-11T11:44:37.074+0000][26480][gc           ] GC(334) Pause Cleanup 511M->511M(1024M) 0.408ms
[2020-09-11T11:44:37.074+0000][26480][gc,cpu       ] GC(334) User=0.00s Sys=0.00s Real=0.00s
[2020-09-11T11:44:37.074+0000][26480][safepoint    ] Safepoint "G1Concurrent", Time since last: 91549800 ns, Reaching safepoint: 4421100 ns, At safepoint: 667600 ns, Total: 5088700 ns
[2020-09-11T11:44:37.074+0000][26480][gc,marking   ] GC(334) Concurrent Cleanup for Next Mark
[2020-09-11T11:44:37.077+0000][26480][gc,marking   ] GC(334) Concurrent Cleanup for Next Mark 2.448ms
[2020-09-11T11:44:37.077+0000][26480][gc           ] GC(334) Concurrent Cycle 278.435ms
[2020-09-11T11:44:37.105+0000][26480][gc,start     ] GC(335) Pause Young (Concurrent Start) (G1 Humongous Allocation)
[2020-09-11T11:44:37.105+0000][26480][gc,task      ] GC(335) Using 8 workers of 8 for evacuation
[2020-09-11T11:44:37.105+0000][26480][gc,age       ] GC(335) Desired survivor size 32505856 bytes, new threshold 15 (max threshold 15)
[2020-09-11T11:44:37.111+0000][26480][gc,age       ] GC(335) Age table with threshold 15 (max threshold 15)
[2020-09-11T11:44:37.111+0000][26480][gc,age       ] GC(335) - age   1:     380336 bytes,     380336 total
[2020-09-11T11:44:37.111+0000][26480][gc,age       ] GC(335) - age   2:    3671776 bytes,    4052112 total
[2020-09-11T11:44:37.111+0000][26480][gc,age       ] GC(335) - age   3:        880 bytes,    4052992 total
[2020-09-11T11:44:37.111+0000][26480][gc,age       ] GC(335) - age   4:        744 bytes,    4053736 total
[2020-09-11T11:44:37.111+0000][26480][gc,age       ] GC(335) - age   5:       1704 bytes,    4055440 total
[2020-09-11T11:44:37.111+0000][26480][gc,age       ] GC(335) - age   6:       1224 bytes,    4056664 total
[2020-09-11T11:44:37.111+0000][26480][gc,age       ] GC(335) - age   7:        880 bytes,    4057544 total
[2020-09-11T11:44:37.111+0000][26480][gc,age       ] GC(335) - age   8:       1232 bytes,    4058776 total
[2020-09-11T11:44:37.111+0000][26480][gc,age       ] GC(335) - age   9:       2680 bytes,    4061456 total
[2020-09-11T11:44:37.111+0000][26480][gc,age       ] GC(335) - age  10:      63392 bytes,    4124848 total
[2020-09-11T11:44:37.111+0000][26480][gc,age       ] GC(335) - age  11:       1192 bytes,    4126040 total
[2020-09-11T11:44:37.111+0000][26480][gc,age       ] GC(335) - age  12:        672 bytes,    4126712 total
[2020-09-11T11:44:37.111+0000][26480][gc,age       ] GC(335) - age  13:       1728 bytes,    4128440 total
[2020-09-11T11:44:37.111+0000][26480][gc,age       ] GC(335) - age  14:       2336 bytes,    4130776 total
[2020-09-11T11:44:37.111+0000][26480][gc,age       ] GC(335) - age  15:      14272 bytes,    4145048 total
[2020-09-11T11:44:37.111+0000][26480][gc,phases    ] GC(335)   Pre Evacuate Collection Set: 1.1ms
[2020-09-11T11:44:37.111+0000][26480][gc,phases    ] GC(335)   Merge Heap Roots: 0.3ms
[2020-09-11T11:44:37.111+0000][26480][gc,phases    ] GC(335)   Evacuate Collection Set: 2.5ms
[2020-09-11T11:44:37.111+0000][26480][gc,phases    ] GC(335)   Post Evacuate Collection Set: 1.1ms
[2020-09-11T11:44:37.112+0000][26480][gc,phases    ] GC(335)   Other: 1.1ms
[2020-09-11T11:44:37.112+0000][26480][gc,heap      ] GC(335) Eden regions: 48->0(494)
[2020-09-11T11:44:37.112+0000][26480][gc,heap      ] GC(335) Survivor regions: 13->5(62)
[2020-09-11T11:44:37.112+0000][26480][gc,heap      ] GC(335) Old regions: 78->78
[2020-09-11T11:44:37.112+0000][26480][gc,heap      ] GC(335) Archive regions: 0->0
[2020-09-11T11:44:37.112+0000][26480][gc,heap      ] GC(335) Humongous regions: 378->174
[2020-09-11T11:44:37.112+0000][26480][gc,metaspace ] GC(335) Metaspace: 88220K(94232K)->88220K(94232K) NonClass: 77049K(80536K)->77049K(80536K) Class: 11170K(13696K)->11170K(13696K)
[2020-09-11T11:44:37.112+0000][26480][gc           ] GC(335) Pause Young (Concurrent Start) (G1 Humongous Allocation) 515M->255M(1024M) 6.545ms
[2020-09-11T11:44:37.112+0000][26480][gc,cpu       ] GC(335) User=0.00s Sys=0.00s Real=0.01s
[2020-09-11T11:44:37.112+0000][26480][gc           ] GC(336) Concurrent Cycle
[2020-09-11T11:44:37.112+0000][26480][safepoint    ] Safepoint "G1TryInitiateConcMark", Time since last: 30657700 ns, Reaching safepoint: 175400 ns, At safepoint: 6769900 ns, Total: 6945300 ns
[2020-09-11T11:44:37.112+0000][26480][gc,marking   ] GC(336) Concurrent Clear Claimed Marks
[2020-09-11T11:44:37.113+0000][26480][gc,marking   ] GC(336) Concurrent Clear Claimed Marks 0.677ms
[2020-09-11T11:44:37.113+0000][26480][gc,marking   ] GC(336) Concurrent Scan Root Regions
[2020-09-11T11:44:37.116+0000][26480][gc,marking   ] GC(336) Concurrent Scan Root Regions 3.084ms
[2020-09-11T11:44:37.116+0000][26480][gc,marking   ] GC(336) Concurrent Mark (7082.251s)
[2020-09-11T11:44:37.116+0000][26480][gc,marking   ] GC(336) Concurrent Mark From Roots
[2020-09-11T11:44:37.116+0000][26480][gc,task      ] GC(336) Using 2 workers of 2 for marking
[2020-09-11T11:44:37.283+0000][26480][gc,marking   ] GC(336) Concurrent Mark From Roots 166.640ms
[2020-09-11T11:44:37.283+0000][26480][gc,marking   ] GC(336) Concurrent Preclean
[2020-09-11T11:44:37.284+0000][26480][gc,marking   ] GC(336) Concurrent Preclean 0.957ms
[2020-09-11T11:44:37.284+0000][26480][gc,marking   ] GC(336) Concurrent Mark (7082.251s, 7082.418s) 167.861ms
[2020-09-11T11:44:37.284+0000][26480][gc,start     ] GC(336) Pause Remark
[2020-09-11T11:44:37.293+0000][26480][gc           ] GC(336) Pause Remark 324M->324M(1024M) 9.176ms
[2020-09-11T11:44:37.294+0000][26480][gc,cpu       ] GC(336) User=0.11s Sys=0.00s Real=0.01s
[2020-09-11T11:44:37.294+0000][26480][safepoint    ] Safepoint "G1Concurrent", Time since last: 172111600 ns, Reaching safepoint: 193600 ns, At safepoint: 9403300 ns, Total: 9596900 ns
[2020-09-11T11:44:37.294+0000][26480][gc,marking   ] GC(336) Concurrent Rebuild Remembered Sets
[2020-09-11T11:44:37.402+0000][26480][gc,marking   ] GC(336) Concurrent Rebuild Remembered Sets 107.845ms
[2020-09-11T11:44:37.402+0000][26480][gc,start     ] GC(336) Pause Cleanup
[2020-09-11T11:44:37.403+0000][26480][gc           ] GC(336) Pause Cleanup 330M->330M(1024M) 0.538ms
[2020-09-11T11:44:37.403+0000][26480][gc,cpu       ] GC(336) User=0.00s Sys=0.00s Real=0.00s
[2020-09-11T11:44:37.404+0000][26480][safepoint    ] Safepoint "G1Concurrent", Time since last: 108060700 ns, Reaching safepoint: 391700 ns, At safepoint: 1620100 ns, Total: 2011800 ns
[2020-09-11T11:44:37.404+0000][26480][gc,marking   ] GC(336) Concurrent Cleanup for Next Mark
[2020-09-11T11:44:37.409+0000][26480][gc,marking   ] GC(336) Concurrent Cleanup for Next Mark 4.437ms
[2020-09-11T11:44:37.409+0000][26480][gc           ] GC(336) Concurrent Cycle 297.007ms
[2020-09-11T11:44:37.515+0000][26480][gc,start     ] GC(337) Pause Young (Concurrent Start) (G1 Humongous Allocation)
[2020-09-11T11:44:37.516+0000][26480][gc,task      ] GC(337) Using 8 workers of 8 for evacuation
[2020-09-11T11:44:37.516+0000][26480][gc,age       ] GC(337) Desired survivor size 33030144 bytes, new threshold 15 (max threshold 15)
[2020-09-11T11:44:37.523+0000][26480][gc,age       ] GC(337) Age table with threshold 15 (max threshold 15)
[2020-09-11T11:44:37.523+0000][26480][gc,age       ] GC(337) - age   1:   10679432 bytes,   10679432 total
[2020-09-11T11:44:37.523+0000][26480][gc,age       ] GC(337) - age   2:       3216 bytes,   10682648 total
[2020-09-11T11:44:37.523+0000][26480][gc,age       ] GC(337) - age   3:       2728 bytes,   10685376 total
[2020-09-11T11:44:37.523+0000][26480][gc,age       ] GC(337) - age   4:        688 bytes,   10686064 total
[2020-09-11T11:44:37.523+0000][26480][gc,age       ] GC(337) - age   5:        680 bytes,   10686744 total
[2020-09-11T11:44:37.523+0000][26480][gc,age       ] GC(337) - age   6:       1616 bytes,   10688360 total
[2020-09-11T11:44:37.523+0000][26480][gc,age       ] GC(337) - age   7:       1000 bytes,   10689360 total
[2020-09-11T11:44:37.523+0000][26480][gc,age       ] GC(337) - age   8:        656 bytes,   10690016 total
[2020-09-11T11:44:37.523+0000][26480][gc,age       ] GC(337) - age   9:       1232 bytes,   10691248 total
[2020-09-11T11:44:37.523+0000][26480][gc,age       ] GC(337) - age  10:       2648 bytes,   10693896 total
[2020-09-11T11:44:37.523+0000][26480][gc,age       ] GC(337) - age  11:      63392 bytes,   10757288 total
[2020-09-11T11:44:37.524+0000][26480][gc,age       ] GC(337) - age  12:       1192 bytes,   10758480 total
[2020-09-11T11:44:37.524+0000][26480][gc,age       ] GC(337) - age  13:        640 bytes,   10759120 total
[2020-09-11T11:44:37.524+0000][26480][gc,age       ] GC(337) - age  14:       1728 bytes,   10760848 total
[2020-09-11T11:44:37.524+0000][26480][gc,age       ] GC(337) - age  15:       2336 bytes,   10763184 total
[2020-09-11T11:44:37.524+0000][26480][gc,phases    ] GC(337)   Pre Evacuate Collection Set: 0.5ms
[2020-09-11T11:44:37.524+0000][26480][gc,phases    ] GC(337)   Merge Heap Roots: 0.2ms
[2020-09-11T11:44:37.524+0000][26480][gc,phases    ] GC(337)   Evacuate Collection Set: 4.8ms
[2020-09-11T11:44:37.524+0000][26480][gc,phases    ] GC(337)   Post Evacuate Collection Set: 1.6ms
[2020-09-11T11:44:37.524+0000][26480][gc,phases    ] GC(337)   Other: 1.7ms
[2020-09-11T11:44:37.525+0000][26480][gc,heap      ] GC(337) Eden regions: 51->0(484)
[2020-09-11T11:44:37.525+0000][26480][gc,heap      ] GC(337) Survivor regions: 5->11(63)
[2020-09-11T11:44:37.525+0000][26480][gc,heap      ] GC(337) Old regions: 78->78
[2020-09-11T11:44:37.525+0000][26480][gc,heap      ] GC(337) Archive regions: 0->0
[2020-09-11T11:44:37.525+0000][26480][gc,heap      ] GC(337) Humongous regions: 229->174
[2020-09-11T11:44:37.525+0000][26480][gc,metaspace ] GC(337) Metaspace: 88228K(94232K)->88228K(94232K) NonClass: 77057K(80536K)->77057K(80536K) Class: 11170K(13696K)->11170K(13696K)
[2020-09-11T11:44:37.525+0000][26480][gc           ] GC(337) Pause Young (Concurrent Start) (G1 Humongous Allocation) 361M->262M(1024M) 9.514ms
[2020-09-11T11:44:37.525+0000][26480][gc,cpu       ] GC(337) User=0.00s Sys=0.00s Real=0.01s
[2020-09-11T11:44:37.525+0000][26480][gc           ] GC(338) Concurrent Cycle
[2020-09-11T11:44:37.525+0000][26480][gc,marking   ] GC(338) Concurrent Clear Claimed Marks
[2020-09-11T11:44:37.526+0000][26480][gc,marking   ] GC(338) Concurrent Clear Claimed Marks 0.368ms
[2020-09-11T11:44:37.526+0000][26480][gc,marking   ] GC(338) Concurrent Scan Root Regions
[2020-09-11T11:44:37.527+0000][26480][gc,marking   ] GC(338) Concurrent Scan Root Regions 1.516ms
[2020-09-11T11:44:37.527+0000][26480][gc,marking   ] GC(338) Concurrent Mark (7082.662s)
[2020-09-11T11:44:37.527+0000][26480][gc,marking   ] GC(338) Concurrent Mark From Roots
[2020-09-11T11:44:37.527+0000][26480][safepoint    ] Safepoint "G1TryInitiateConcMark", Time since last: 111391800 ns, Reaching safepoint: 235500 ns, At safepoint: 12015900 ns, Total: 12251400 ns
[2020-09-11T11:44:37.527+0000][26480][gc,task      ] GC(338) Using 2 workers of 2 for marking
[2020-09-11T11:44:37.698+0000][26480][gc,marking   ] GC(338) Concurrent Mark From Roots 170.643ms
[2020-09-11T11:44:37.698+0000][26480][gc,marking   ] GC(338) Concurrent Preclean
[2020-09-11T11:44:37.699+0000][26480][gc,marking   ] GC(338) Concurrent Preclean 1.074ms
[2020-09-11T11:44:37.699+0000][26480][gc,marking   ] GC(338) Concurrent Mark (7082.662s, 7082.834s) 171.948ms
[2020-09-11T11:44:37.700+0000][26480][gc,start     ] GC(338) Pause Remark
[2020-09-11T11:44:37.708+0000][26480][gc           ] GC(338) Pause Remark 505M->505M(1024M) 8.242ms
[2020-09-11T11:44:37.708+0000][26480][gc,cpu       ] GC(338) User=0.00s Sys=0.00s Real=0.01s
[2020-09-11T11:44:37.708+0000][26480][safepoint    ] Safepoint "G1Concurrent", Time since last: 172012000 ns, Reaching safepoint: 227000 ns, At safepoint: 8529100 ns, Total: 8756100 ns
[2020-09-11T11:44:37.708+0000][26480][gc,marking   ] GC(338) Concurrent Rebuild Remembered Sets
[2020-09-11T11:44:37.809+0000][26480][gc,marking   ] GC(338) Concurrent Rebuild Remembered Sets 101.491ms
[2020-09-11T11:44:37.811+0000][26480][gc,start     ] GC(338) Pause Cleanup
[2020-09-11T11:44:37.812+0000][26480][gc           ] GC(338) Pause Cleanup 507M->507M(1024M) 0.598ms
[2020-09-11T11:44:37.812+0000][26480][gc,cpu       ] GC(338) User=0.00s Sys=0.00s Real=0.00s
[2020-09-11T11:44:37.812+0000][26480][safepoint    ] Safepoint "G1Concurrent", Time since last: 101784500 ns, Reaching safepoint: 1809200 ns, At safepoint: 844800 ns, Total: 2654000 ns
[2020-09-11T11:44:37.812+0000][26480][gc,marking   ] GC(338) Concurrent Cleanup for Next Mark
[2020-09-11T11:44:37.815+0000][26480][gc,marking   ] GC(338) Concurrent Cleanup for Next Mark 2.452ms
[2020-09-11T11:44:37.815+0000][26480][gc           ] GC(338) Concurrent Cycle 290.037ms
[2020-09-11T11:44:37.860+0000][26480][gc,start     ] GC(339) Pause Young (Concurrent Start) (G1 Humongous Allocation)
[2020-09-11T11:44:37.860+0000][26480][gc,task      ] GC(339) Using 8 workers of 8 for evacuation
[2020-09-11T11:44:37.861+0000][26480][gc,age       ] GC(339) Desired survivor size 32505856 bytes, new threshold 15 (max threshold 15)
[2020-09-11T11:44:37.867+0000][26480][gc,age       ] GC(339) Age table with threshold 15 (max threshold 15)
[2020-09-11T11:44:37.867+0000][26480][gc,age       ] GC(339) - age   1:     441712 bytes,     441712 total
[2020-09-11T11:44:37.867+0000][26480][gc,age       ] GC(339) - age   2:    3443312 bytes,    3885024 total
[2020-09-11T11:44:37.867+0000][26480][gc,age       ] GC(339) - age   3:       2888 bytes,    3887912 total
[2020-09-11T11:44:37.867+0000][26480][gc,age       ] GC(339) - age   4:       2528 bytes,    3890440 total
[2020-09-11T11:44:37.867+0000][26480][gc,age       ] GC(339) - age   5:        688 bytes,    3891128 total
[2020-09-11T11:44:37.867+0000][26480][gc,age       ] GC(339) - age   6:        680 bytes,    3891808 total
[2020-09-11T11:44:37.867+0000][26480][gc,age       ] GC(339) - age   7:       1616 bytes,    3893424 total
[2020-09-11T11:44:37.867+0000][26480][gc,age       ] GC(339) - age   8:       1000 bytes,    3894424 total
[2020-09-11T11:44:37.867+0000][26480][gc,age       ] GC(339) - age   9:        656 bytes,    3895080 total
[2020-09-11T11:44:37.867+0000][26480][gc,age       ] GC(339) - age  10:       1232 bytes,    3896312 total
[2020-09-11T11:44:37.867+0000][26480][gc,age       ] GC(339) - age  11:       2648 bytes,    3898960 total
[2020-09-11T11:44:37.867+0000][26480][gc,age       ] GC(339) - age  12:      63392 bytes,    3962352 total
[2020-09-11T11:44:37.867+0000][26480][gc,age       ] GC(339) - age  13:       1192 bytes,    3963544 total
[2020-09-11T11:44:37.867+0000][26480][gc,age       ] GC(339) - age  14:        640 bytes,    3964184 total
[2020-09-11T11:44:37.867+0000][26480][gc,age       ] GC(339) - age  15:       1704 bytes,    3965888 total
[2020-09-11T11:44:37.867+0000][26480][gc,phases    ] GC(339)   Pre Evacuate Collection Set: 0.6ms
[2020-09-11T11:44:37.867+0000][26480][gc,phases    ] GC(339)   Merge Heap Roots: 0.1ms
[2020-09-11T11:44:37.867+0000][26480][gc,phases    ] GC(339)   Evacuate Collection Set: 3.9ms
[2020-09-11T11:44:37.867+0000][26480][gc,phases    ] GC(339)   Post Evacuate Collection Set: 1.2ms
[2020-09-11T11:44:37.867+0000][26480][gc,phases    ] GC(339)   Other: 1.1ms
[2020-09-11T11:44:37.867+0000][26480][gc,heap      ] GC(339) Eden regions: 46->0(482)
[2020-09-11T11:44:37.868+0000][26480][gc,heap      ] GC(339) Survivor regions: 11->5(62)
[2020-09-11T11:44:37.868+0000][26480][gc,heap      ] GC(339) Old regions: 78->78
[2020-09-11T11:44:37.868+0000][26480][gc,heap      ] GC(339) Archive regions: 0->0
[2020-09-11T11:44:37.868+0000][26480][gc,heap      ] GC(339) Humongous regions: 375->174
[2020-09-11T11:44:37.868+0000][26480][gc,metaspace ] GC(339) Metaspace: 88228K(94232K)->88228K(94232K) NonClass: 77057K(80536K)->77057K(80536K) Class: 11170K(13696K)->11170K(13696K)
[2020-09-11T11:44:37.868+0000][26480][gc           ] GC(339) Pause Young (Concurrent Start) (G1 Humongous Allocation) 509M->256M(1024M) 7.360ms
[2020-09-11T11:44:37.868+0000][26480][gc,cpu       ] GC(339) User=0.00s Sys=0.00s Real=0.01s
[2020-09-11T11:44:37.868+0000][26480][gc           ] GC(340) Concurrent Cycle
[2020-09-11T11:44:37.868+0000][26480][gc,marking   ] GC(340) Concurrent Clear Claimed Marks
[2020-09-11T11:44:37.868+0000][26480][safepoint    ] Safepoint "G1TryInitiateConcMark", Time since last: 48028800 ns, Reaching safepoint: 223500 ns, At safepoint: 8082000 ns, Total: 8305500 ns
[2020-09-11T11:44:37.868+0000][26480][gc,marking   ] GC(340) Concurrent Clear Claimed Marks 0.505ms
[2020-09-11T11:44:37.869+0000][26480][gc,marking   ] GC(340) Concurrent Scan Root Regions
[2020-09-11T11:44:37.872+0000][26480][gc,marking   ] GC(340) Concurrent Scan Root Regions 3.887ms
[2020-09-11T11:44:37.873+0000][26480][gc,marking   ] GC(340) Concurrent Mark (7083.008s)
[2020-09-11T11:44:37.873+0000][26480][gc,marking   ] GC(340) Concurrent Mark From Roots
[2020-09-11T11:44:37.873+0000][26480][gc,task      ] GC(340) Using 2 workers of 2 for marking
[2020-09-11T11:44:38.034+0000][26480][gc,marking   ] GC(340) Concurrent Mark From Roots 161.223ms
[2020-09-11T11:44:38.034+0000][26480][gc,marking   ] GC(340) Concurrent Preclean
[2020-09-11T11:44:38.035+0000][26480][gc,marking   ] GC(340) Concurrent Preclean 0.821ms
[2020-09-11T11:44:38.035+0000][26480][gc,marking   ] GC(340) Concurrent Mark (7083.008s, 7083.170s) 162.361ms
[2020-09-11T11:44:38.037+0000][26480][gc,start     ] GC(340) Pause Remark
[2020-09-11T11:44:38.045+0000][26480][gc           ] GC(340) Pause Remark 327M->327M(1024M) 7.802ms
[2020-09-11T11:44:38.045+0000][26480][gc,cpu       ] GC(340) User=0.09s Sys=0.00s Real=0.01s
[2020-09-11T11:44:38.045+0000][26480][safepoint    ] Safepoint "G1Concurrent", Time since last: 166678400 ns, Reaching safepoint: 1836200 ns, At safepoint: 8123800 ns, Total: 9960000 ns
[2020-09-11T11:44:38.045+0000][26480][gc,marking   ] GC(340) Concurrent Rebuild Remembered Sets
[2020-09-11T11:44:38.147+0000][26480][gc,marking   ] GC(340) Concurrent Rebuild Remembered Sets 101.632ms
[2020-09-11T11:44:38.149+0000][26480][gc,start     ] GC(340) Pause Cleanup
[2020-09-11T11:44:38.149+0000][26480][gc           ] GC(340) Pause Cleanup 328M->328M(1024M) 0.498ms
[2020-09-11T11:44:38.149+0000][26480][gc,cpu       ] GC(340) User=0.00s Sys=0.00s Real=0.00s
[2020-09-11T11:44:38.149+0000][26480][safepoint    ] Safepoint "G1Concurrent", Time since last: 103459700 ns, Reaching safepoint: 258400 ns, At safepoint: 735200 ns, Total: 993600 ns
[2020-09-11T11:44:38.150+0000][26480][gc,marking   ] GC(340) Concurrent Cleanup for Next Mark
[2020-09-11T11:44:38.152+0000][26480][gc,marking   ] GC(340) Concurrent Cleanup for Next Mark 1.969ms
[2020-09-11T11:44:38.152+0000][26480][gc           ] GC(340) Concurrent Cycle 283.860ms
[2020-09-11T11:44:38.376+0000][26480][gc,start     ] GC(341) Pause Young (Concurrent Start) (G1 Humongous Allocation)
[2020-09-11T11:44:38.376+0000][26480][gc,task      ] GC(341) Using 8 workers of 8 for evacuation
[2020-09-11T11:44:38.377+0000][26480][gc,age       ] GC(341) Desired survivor size 31981568 bytes, new threshold 15 (max threshold 15)
[2020-09-11T11:44:38.381+0000][26480][gc,age       ] GC(341) Age table with threshold 15 (max threshold 15)
[2020-09-11T11:44:38.381+0000][26480][gc,age       ] GC(341) - age   1:    5402704 bytes,    5402704 total
[2020-09-11T11:44:38.381+0000][26480][gc,age       ] GC(341) - age   2:        288 bytes,    5402992 total
[2020-09-11T11:44:38.381+0000][26480][gc,age       ] GC(341) - age   3:       6640 bytes,    5409632 total
[2020-09-11T11:44:38.381+0000][26480][gc,age       ] GC(341) - age   4:       1664 bytes,    5411296 total
[2020-09-11T11:44:38.381+0000][26480][gc,age       ] GC(341) - age   5:       1984 bytes,    5413280 total
[2020-09-11T11:44:38.381+0000][26480][gc,age       ] GC(341) - age   6:        624 bytes,    5413904 total
[2020-09-11T11:44:38.381+0000][26480][gc,age       ] GC(341) - age   7:        616 bytes,    5414520 total
[2020-09-11T11:44:38.381+0000][26480][gc,age       ] GC(341) - age   8:       1488 bytes,    5416008 total
[2020-09-11T11:44:38.381+0000][26480][gc,age       ] GC(341) - age   9:        904 bytes,    5416912 total
[2020-09-11T11:44:38.381+0000][26480][gc,age       ] GC(341) - age  10:        656 bytes,    5417568 total
[2020-09-11T11:44:38.381+0000][26480][gc,age       ] GC(341) - age  11:       1232 bytes,    5418800 total
[2020-09-11T11:44:38.381+0000][26480][gc,age       ] GC(341) - age  12:       2584 bytes,    5421384 total
[2020-09-11T11:44:38.381+0000][26480][gc,age       ] GC(341) - age  13:      63392 bytes,    5484776 total
[2020-09-11T11:44:38.381+0000][26480][gc,age       ] GC(341) - age  14:       1168 bytes,    5485944 total
[2020-09-11T11:44:38.381+0000][26480][gc,age       ] GC(341) - age  15:        304 bytes,    5486248 total
[2020-09-11T11:44:38.382+0000][26480][gc,phases    ] GC(341)   Pre Evacuate Collection Set: 0.6ms
[2020-09-11T11:44:38.382+0000][26480][gc,phases    ] GC(341)   Merge Heap Roots: 0.1ms
[2020-09-11T11:44:38.382+0000][26480][gc,phases    ] GC(341)   Evacuate Collection Set: 2.5ms
[2020-09-11T11:44:38.382+0000][26480][gc,phases    ] GC(341)   Post Evacuate Collection Set: 1.0ms
[2020-09-11T11:44:38.382+0000][26480][gc,phases    ] GC(341)   Other: 1.2ms
[2020-09-11T11:44:38.382+0000][26480][gc,heap      ] GC(341) Eden regions: 49->0(483)
[2020-09-11T11:44:38.382+0000][26480][gc,heap      ] GC(341) Survivor regions: 5->6(61)
[2020-09-11T11:44:38.382+0000][26480][gc,heap      ] GC(341) Old regions: 78->78
[2020-09-11T11:44:38.382+0000][26480][gc,heap      ] GC(341) Archive regions: 0->0
[2020-09-11T11:44:38.382+0000][26480][gc,heap      ] GC(341) Humongous regions: 229->174
[2020-09-11T11:44:38.382+0000][26480][gc,metaspace ] GC(341) Metaspace: 88228K(94232K)->88228K(94232K) NonClass: 77057K(80536K)->77057K(80536K) Class: 11170K(13696K)->11170K(13696K)
[2020-09-11T11:44:38.382+0000][26480][gc           ] GC(341) Pause Young (Concurrent Start) (G1 Humongous Allocation) 359M->257M(1024M) 5.818ms
[2020-09-11T11:44:38.382+0000][26480][gc,cpu       ] GC(341) User=0.00s Sys=0.00s Real=0.01s
[2020-09-11T11:44:38.382+0000][26480][gc           ] GC(342) Concurrent Cycle
[2020-09-11T11:44:38.382+0000][26480][gc,marking   ] GC(342) Concurrent Clear Claimed Marks
[2020-09-11T11:44:38.383+0000][26480][safepoint    ] Safepoint "G1TryInitiateConcMark", Time since last: 225688100 ns, Reaching safepoint: 211800 ns, At safepoint: 6460900 ns, Total: 6672700 ns
[2020-09-11T11:44:38.383+0000][26480][gc,marking   ] GC(342) Concurrent Clear Claimed Marks 0.375ms
[2020-09-11T11:44:38.383+0000][26480][gc,marking   ] GC(342) Concurrent Scan Root Regions
[2020-09-11T11:44:38.386+0000][26480][gc,marking   ] GC(342) Concurrent Scan Root Regions 3.038ms
[2020-09-11T11:44:38.386+0000][26480][gc,marking   ] GC(342) Concurrent Mark (7083.520s)
[2020-09-11T11:44:38.386+0000][26480][gc,marking   ] GC(342) Concurrent Mark From Roots
[2020-09-11T11:44:38.386+0000][26480][gc,task      ] GC(342) Using 2 workers of 2 for marking
[2020-09-11T11:44:38.558+0000][26480][gc,marking   ] GC(342) Concurrent Mark From Roots 171.763ms
[2020-09-11T11:44:38.558+0000][26480][gc,marking   ] GC(342) Concurrent Preclean
[2020-09-11T11:44:38.559+0000][26480][gc,marking   ] GC(342) Concurrent Preclean 0.925ms
[2020-09-11T11:44:38.559+0000][26480][gc,marking   ] GC(342) Concurrent Mark (7083.520s, 7083.693s) 172.914ms
[2020-09-11T11:44:38.562+0000][26480][gc,start     ] GC(342) Pause Remark
[2020-09-11T11:44:38.570+0000][26480][gc           ] GC(342) Pause Remark 506M->506M(1024M) 8.552ms
[2020-09-11T11:44:38.570+0000][26480][gc,cpu       ] GC(342) User=0.00s Sys=0.00s Real=0.01s
[2020-09-11T11:44:38.571+0000][26480][safepoint    ] Safepoint "G1Concurrent", Time since last: 176327700 ns, Reaching safepoint: 2748000 ns, At safepoint: 8994800 ns, Total: 11742800 ns
[2020-09-11T11:44:38.571+0000][26480][gc,marking   ] GC(342) Concurrent Rebuild Remembered Sets
[2020-09-11T11:44:38.668+0000][26480][gc,marking   ] GC(342) Concurrent Rebuild Remembered Sets 97.685ms
[2020-09-11T11:44:38.669+0000][26480][gc,start     ] GC(342) Pause Cleanup
[2020-09-11T11:44:38.670+0000][26480][gc           ] GC(342) Pause Cleanup 508M->508M(1024M) 0.462ms
[2020-09-11T11:44:38.670+0000][26480][gc,cpu       ] GC(342) User=0.00s Sys=0.00s Real=0.00s
[2020-09-11T11:44:38.670+0000][26480][safepoint    ] Safepoint "G1Concurrent", Time since last: 97947700 ns, Reaching safepoint: 578200 ns, At safepoint: 698000 ns, Total: 1276200 ns
[2020-09-11T11:44:38.670+0000][26480][gc,marking   ] GC(342) Concurrent Cleanup for Next Mark
[2020-09-11T11:44:38.672+0000][26480][gc,marking   ] GC(342) Concurrent Cleanup for Next Mark 1.797ms
[2020-09-11T11:44:38.672+0000][26480][gc           ] GC(342) Concurrent Cycle 289.760ms
[2020-09-11T11:44:38.913+0000][26480][gc,start     ] GC(343) Pause Young (Concurrent Start) (G1 Humongous Allocation)
[2020-09-11T11:44:38.913+0000][26480][gc,task      ] GC(343) Using 8 workers of 8 for evacuation
[2020-09-11T11:44:38.914+0000][26480][gc,age       ] GC(343) Desired survivor size 32505856 bytes, new threshold 15 (max threshold 15)
[2020-09-11T11:44:38.918+0000][26480][gc,age       ] GC(343) Age table with threshold 15 (max threshold 15)
[2020-09-11T11:44:38.918+0000][26480][gc,age       ] GC(343) - age   1:    3457440 bytes,    3457440 total
[2020-09-11T11:44:38.918+0000][26480][gc,age       ] GC(343) - age   2:     115560 bytes,    3573000 total
[2020-09-11T11:44:38.919+0000][26480][gc,age       ] GC(343) - age   3:         88 bytes,    3573088 total
[2020-09-11T11:44:38.919+0000][26480][gc,age       ] GC(343) - age   4:       5376 bytes,    3578464 total
[2020-09-11T11:44:38.919+0000][26480][gc,age       ] GC(343) - age   5:       1664 bytes,    3580128 total
[2020-09-11T11:44:38.919+0000][26480][gc,age       ] GC(343) - age   6:       1960 bytes,    3582088 total
[2020-09-11T11:44:38.919+0000][26480][gc,age       ] GC(343) - age   7:        624 bytes,    3582712 total
[2020-09-11T11:44:38.919+0000][26480][gc,age       ] GC(343) - age   8:        616 bytes,    3583328 total
[2020-09-11T11:44:38.919+0000][26480][gc,age       ] GC(343) - age   9:       1488 bytes,    3584816 total
[2020-09-11T11:44:38.919+0000][26480][gc,age       ] GC(343) - age  10:        904 bytes,    3585720 total
[2020-09-11T11:44:38.919+0000][26480][gc,age       ] GC(343) - age  11:        656 bytes,    3586376 total
[2020-09-11T11:44:38.919+0000][26480][gc,age       ] GC(343) - age  12:       1232 bytes,    3587608 total
[2020-09-11T11:44:38.919+0000][26480][gc,age       ] GC(343) - age  13:       2584 bytes,    3590192 total
[2020-09-11T11:44:38.919+0000][26480][gc,age       ] GC(343) - age  14:      63392 bytes,    3653584 total
[2020-09-11T11:44:38.919+0000][26480][gc,age       ] GC(343) - age  15:       1168 bytes,    3654752 total
[2020-09-11T11:44:38.919+0000][26480][gc,phases    ] GC(343)   Pre Evacuate Collection Set: 0.5ms
[2020-09-11T11:44:38.919+0000][26480][gc,phases    ] GC(343)   Merge Heap Roots: 0.1ms
[2020-09-11T11:44:38.919+0000][26480][gc,phases    ] GC(343)   Evacuate Collection Set: 2.9ms
[2020-09-11T11:44:38.919+0000][26480][gc,phases    ] GC(343)   Post Evacuate Collection Set: 1.1ms
[2020-09-11T11:44:38.919+0000][26480][gc,phases    ] GC(343)   Other: 1.4ms
[2020-09-11T11:44:38.919+0000][26480][gc,heap      ] GC(343) Eden regions: 69->0(488)
[2020-09-11T11:44:38.920+0000][26480][gc,heap      ] GC(343) Survivor regions: 6->4(62)
[2020-09-11T11:44:38.920+0000][26480][gc,heap      ] GC(343) Old regions: 78->78
[2020-09-11T11:44:38.920+0000][26480][gc,heap      ] GC(343) Archive regions: 0->0
[2020-09-11T11:44:38.920+0000][26480][gc,heap      ] GC(343) Humongous regions: 375->174
[2020-09-11T11:44:38.920+0000][26480][gc,metaspace ] GC(343) Metaspace: 88228K(94232K)->88228K(94232K) NonClass: 77057K(80536K)->77057K(80536K) Class: 11170K(13696K)->11170K(13696K)
[2020-09-11T11:44:38.920+0000][26480][gc           ] GC(343) Pause Young (Concurrent Start) (G1 Humongous Allocation) 526M->255M(1024M) 6.462ms
[2020-09-11T11:44:38.920+0000][26480][gc,cpu       ] GC(343) User=0.09s Sys=0.00s Real=0.01s
[2020-09-11T11:44:38.920+0000][26480][gc           ] GC(344) Concurrent Cycle
[2020-09-11T11:44:38.920+0000][26480][gc,marking   ] GC(344) Concurrent Clear Claimed Marks
[2020-09-11T11:44:38.920+0000][26480][safepoint    ] Safepoint "G1TryInitiateConcMark", Time since last: 242320900 ns, Reaching safepoint: 1164400 ns, At safepoint: 6916500 ns, Total: 8080900 ns
[2020-09-11T11:44:38.920+0000][26480][gc,marking   ] GC(344) Concurrent Clear Claimed Marks 0.440ms
[2020-09-11T11:44:38.920+0000][26480][gc,marking   ] GC(344) Concurrent Scan Root Regions
[2020-09-11T11:44:38.924+0000][26480][gc,marking   ] GC(344) Concurrent Scan Root Regions 3.184ms
[2020-09-11T11:44:38.924+0000][26480][gc,marking   ] GC(344) Concurrent Mark (7084.058s)
[2020-09-11T11:44:38.924+0000][26480][gc,marking   ] GC(344) Concurrent Mark From Roots
[2020-09-11T11:44:38.924+0000][26480][gc,task      ] GC(344) Using 2 workers of 2 for marking
[2020-09-11T11:44:39.090+0000][26480][gc,marking   ] GC(344) Concurrent Mark From Roots 166.352ms
[2020-09-11T11:44:39.090+0000][26480][gc,marking   ] GC(344) Concurrent Preclean
[2020-09-11T11:44:39.091+0000][26480][gc,marking   ] GC(344) Concurrent Preclean 0.893ms
[2020-09-11T11:44:39.091+0000][26480][gc,marking   ] GC(344) Concurrent Mark (7084.058s, 7084.226s) 167.472ms
[2020-09-11T11:44:39.092+0000][26480][gc,start     ] GC(344) Pause Remark
[2020-09-11T11:44:39.100+0000][26480][gc           ] GC(344) Pause Remark 318M->318M(1024M) 8.119ms
[2020-09-11T11:44:39.100+0000][26480][gc,cpu       ] GC(344) User=0.00s Sys=0.00s Real=0.01s
[2020-09-11T11:44:39.100+0000][26480][safepoint    ] Safepoint "G1Concurrent", Time since last: 171281100 ns, Reaching safepoint: 174400 ns, At safepoint: 8366500 ns, Total: 8540900 ns
[2020-09-11T11:44:39.100+0000][26480][gc,marking   ] GC(344) Concurrent Rebuild Remembered Sets
[2020-09-11T11:44:39.213+0000][26480][gc,marking   ] GC(344) Concurrent Rebuild Remembered Sets 112.621ms
[2020-09-11T11:44:39.213+0000][26480][gc,start     ] GC(344) Pause Cleanup
[2020-09-11T11:44:39.213+0000][26480][gc           ] GC(344) Pause Cleanup 319M->319M(1024M) 0.380ms
[2020-09-11T11:44:39.214+0000][26480][gc,cpu       ] GC(344) User=0.00s Sys=0.02s Real=0.00s
[2020-09-11T11:44:39.214+0000][26480][safepoint    ] Safepoint "G1Concurrent", Time since last: 112867400 ns, Reaching safepoint: 174200 ns, At safepoint: 610000 ns, Total: 784200 ns
[2020-09-11T11:44:39.214+0000][26480][gc,marking   ] GC(344) Concurrent Cleanup for Next Mark
[2020-09-11T11:44:39.216+0000][26480][gc,marking   ] GC(344) Concurrent Cleanup for Next Mark 1.918ms
[2020-09-11T11:44:39.216+0000][26480][gc           ] GC(344) Concurrent Cycle 295.835ms
[2020-09-11T11:44:39.359+0000][26480][gc,start     ] GC(345) Pause Young (Concurrent Start) (G1 Humongous Allocation)
[2020-09-11T11:44:39.360+0000][26480][gc,task      ] GC(345) Using 8 workers of 8 for evacuation
[2020-09-11T11:44:39.360+0000][26480][gc,age       ] GC(345) Desired survivor size 32505856 bytes, new threshold 15 (max threshold 15)
[2020-09-11T11:44:39.364+0000][26480][gc,age       ] GC(345) Age table with threshold 15 (max threshold 15)
[2020-09-11T11:44:39.365+0000][26480][gc,age       ] GC(345) - age   1:    3052144 bytes,    3052144 total
[2020-09-11T11:44:39.365+0000][26480][gc,age       ] GC(345) - age   2:     800648 bytes,    3852792 total
[2020-09-11T11:44:39.365+0000][26480][gc,age       ] GC(345) - age   3:       4696 bytes,    3857488 total
[2020-09-11T11:44:39.365+0000][26480][gc,age       ] GC(345) - age   4:         88 bytes,    3857576 total
[2020-09-11T11:44:39.365+0000][26480][gc,age       ] GC(345) - age   5:       5312 bytes,    3862888 total
[2020-09-11T11:44:39.365+0000][26480][gc,age       ] GC(345) - age   6:       1632 bytes,    3864520 total
[2020-09-11T11:44:39.365+0000][26480][gc,age       ] GC(345) - age   7:       1832 bytes,    3866352 total
[2020-09-11T11:44:39.365+0000][26480][gc,age       ] GC(345) - age   8:        624 bytes,    3866976 total
[2020-09-11T11:44:39.365+0000][26480][gc,age       ] GC(345) - age   9:        616 bytes,    3867592 total
[2020-09-11T11:44:39.365+0000][26480][gc,age       ] GC(345) - age  10:       1360 bytes,    3868952 total
[2020-09-11T11:44:39.365+0000][26480][gc,age       ] GC(345) - age  11:        904 bytes,    3869856 total
[2020-09-11T11:44:39.365+0000][26480][gc,age       ] GC(345) - age  12:        656 bytes,    3870512 total
[2020-09-11T11:44:39.365+0000][26480][gc,age       ] GC(345) - age  13:       1200 bytes,    3871712 total
[2020-09-11T11:44:39.365+0000][26480][gc,age       ] GC(345) - age  14:       2552 bytes,    3874264 total
[2020-09-11T11:44:39.365+0000][26480][gc,age       ] GC(345) - age  15:      63392 bytes,    3937656 total
[2020-09-11T11:44:39.365+0000][26480][gc,phases    ] GC(345)   Pre Evacuate Collection Set: 0.5ms
[2020-09-11T11:44:39.365+0000][26480][gc,phases    ] GC(345)   Merge Heap Roots: 0.1ms
[2020-09-11T11:44:39.365+0000][26480][gc,phases    ] GC(345)   Evacuate Collection Set: 3.1ms
[2020-09-11T11:44:39.366+0000][26480][gc,phases    ] GC(345)   Post Evacuate Collection Set: 0.9ms
[2020-09-11T11:44:39.366+0000][26480][gc,phases    ] GC(345)   Other: 1.4ms
[2020-09-11T11:44:39.366+0000][26480][gc,heap      ] GC(345) Eden regions: 23->0(453)
[2020-09-11T11:44:39.366+0000][26480][gc,heap      ] GC(345) Survivor regions: 4->4(62)
[2020-09-11T11:44:39.366+0000][26480][gc,heap      ] GC(345) Old regions: 78->78
[2020-09-11T11:44:39.366+0000][26480][gc,heap      ] GC(345) Archive regions: 0->0
[2020-09-11T11:44:39.366+0000][26480][gc,heap      ] GC(345) Humongous regions: 229->174
[2020-09-11T11:44:39.366+0000][26480][gc,metaspace ] GC(345) Metaspace: 88228K(94232K)->88228K(94232K) NonClass: 77057K(80536K)->77057K(80536K) Class: 11170K(13696K)->11170K(13696K)
[2020-09-11T11:44:39.366+0000][26480][gc           ] GC(345) Pause Young (Concurrent Start) (G1 Humongous Allocation) 332M->255M(1024M) 6.514ms
[2020-09-11T11:44:39.366+0000][26480][gc,cpu       ] GC(345) User=0.00s Sys=0.00s Real=0.01s
[2020-09-11T11:44:39.366+0000][26480][gc           ] GC(346) Concurrent Cycle
[2020-09-11T11:44:39.366+0000][26480][safepoint    ] Safepoint "G1TryInitiateConcMark", Time since last: 145535000 ns, Reaching safepoint: 212100 ns, At safepoint: 6815300 ns, Total: 7027400 ns
[2020-09-11T11:44:39.366+0000][26480][gc,marking   ] GC(346) Concurrent Clear Claimed Marks
[2020-09-11T11:44:39.367+0000][26480][gc,marking   ] GC(346) Concurrent Clear Claimed Marks 0.536ms
[2020-09-11T11:44:39.367+0000][26480][gc,marking   ] GC(346) Concurrent Scan Root Regions
[2020-09-11T11:44:39.370+0000][26480][gc,marking   ] GC(346) Concurrent Scan Root Regions 2.871ms
[2020-09-11T11:44:39.370+0000][26480][gc,marking   ] GC(346) Concurrent Mark (7084.504s)
[2020-09-11T11:44:39.370+0000][26480][gc,marking   ] GC(346) Concurrent Mark From Roots
[2020-09-11T11:44:39.370+0000][26480][gc,task      ] GC(346) Using 2 workers of 2 for marking
[2020-09-11T11:44:39.544+0000][26480][gc,marking   ] GC(346) Concurrent Mark From Roots 174.365ms
[2020-09-11T11:44:39.544+0000][26480][gc,marking   ] GC(346) Concurrent Preclean
[2020-09-11T11:44:39.545+0000][26480][gc,marking   ] GC(346) Concurrent Preclean 0.820ms
[2020-09-11T11:44:39.545+0000][26480][gc,marking   ] GC(346) Concurrent Mark (7084.504s, 7084.680s) 175.405ms
[2020-09-11T11:44:39.546+0000][26480][gc,start     ] GC(346) Pause Remark
[2020-09-11T11:44:39.553+0000][26480][gc           ] GC(346) Pause Remark 315M->315M(1024M) 7.115ms
[2020-09-11T11:44:39.553+0000][26480][gc,cpu       ] GC(346) User=0.00s Sys=0.00s Real=0.01s
[2020-09-11T11:44:39.553+0000][26480][safepoint    ] Safepoint "G1Concurrent", Time since last: 179233400 ns, Reaching safepoint: 175200 ns, At safepoint: 7412300 ns, Total: 7587500 ns
[2020-09-11T11:44:39.553+0000][26480][gc,marking   ] GC(346) Concurrent Rebuild Remembered Sets
[2020-09-11T11:44:39.648+0000][26480][gc,marking   ] GC(346) Concurrent Rebuild Remembered Sets 95.021ms
[2020-09-11T11:44:39.648+0000][26480][gc,start     ] GC(346) Pause Cleanup
[2020-09-11T11:44:39.649+0000][26480][gc           ] GC(346) Pause Cleanup 317M->317M(1024M) 0.397ms
[2020-09-11T11:44:39.649+0000][26480][gc,cpu       ] GC(346) User=0.00s Sys=0.00s Real=0.00s
[2020-09-11T11:44:39.649+0000][26480][safepoint    ] Safepoint "G1Concurrent", Time since last: 95280400 ns, Reaching safepoint: 199700 ns, At safepoint: 606000 ns, Total: 805700 ns
[2020-09-11T11:44:39.649+0000][26480][gc,marking   ] GC(346) Concurrent Cleanup for Next Mark
[2020-09-11T11:44:39.651+0000][26480][gc,marking   ] GC(346) Concurrent Cleanup for Next Mark 1.858ms
[2020-09-11T11:44:39.651+0000][26480][gc           ] GC(346) Concurrent Cycle 285.054ms
[2020-09-11T11:44:39.699+0000][26480][gc,start     ] GC(347) Pause Young (Concurrent Start) (G1 Humongous Allocation)
[2020-09-11T11:44:39.699+0000][26480][gc,task      ] GC(347) Using 8 workers of 8 for evacuation
[2020-09-11T11:44:39.699+0000][26480][gc,age       ] GC(347) Desired survivor size 30408704 bytes, new threshold 15 (max threshold 15)
[2020-09-11T11:44:39.704+0000][26480][gc,age       ] GC(347) Age table with threshold 15 (max threshold 15)
[2020-09-11T11:44:39.704+0000][26480][gc,age       ] GC(347) - age   1:    2936600 bytes,    2936600 total
[2020-09-11T11:44:39.704+0000][26480][gc,age       ] GC(347) - age   2:     205472 bytes,    3142072 total
[2020-09-11T11:44:39.704+0000][26480][gc,age       ] GC(347) - age   3:     600056 bytes,    3742128 total
[2020-09-11T11:44:39.704+0000][26480][gc,age       ] GC(347) - age   4:       3640 bytes,    3745768 total
[2020-09-11T11:44:39.704+0000][26480][gc,age       ] GC(347) - age   5:         88 bytes,    3745856 total
[2020-09-11T11:44:39.704+0000][26480][gc,age       ] GC(347) - age   6:       5128 bytes,    3750984 total
[2020-09-11T11:44:39.704+0000][26480][gc,age       ] GC(347) - age   7:       1632 bytes,    3752616 total
[2020-09-11T11:44:39.704+0000][26480][gc,age       ] GC(347) - age   8:       1832 bytes,    3754448 total
[2020-09-11T11:44:39.704+0000][26480][gc,age       ] GC(347) - age   9:        528 bytes,    3754976 total
[2020-09-11T11:44:39.704+0000][26480][gc,age       ] GC(347) - age  10:        616 bytes,    3755592 total
[2020-09-11T11:44:39.704+0000][26480][gc,age       ] GC(347) - age  11:       1360 bytes,    3756952 total
[2020-09-11T11:44:39.704+0000][26480][gc,age       ] GC(347) - age  12:        904 bytes,    3757856 total
[2020-09-11T11:44:39.704+0000][26480][gc,age       ] GC(347) - age  13:        624 bytes,    3758480 total
[2020-09-11T11:44:39.704+0000][26480][gc,age       ] GC(347) - age  14:       1168 bytes,    3759648 total
[2020-09-11T11:44:39.704+0000][26480][gc,age       ] GC(347) - age  15:       2552 bytes,    3762200 total
[2020-09-11T11:44:39.704+0000][26480][gc,phases    ] GC(347)   Pre Evacuate Collection Set: 0.5ms
[2020-09-11T11:44:39.704+0000][26480][gc,phases    ] GC(347)   Merge Heap Roots: 0.1ms
[2020-09-11T11:44:39.704+0000][26480][gc,phases    ] GC(347)   Evacuate Collection Set: 2.6ms
[2020-09-11T11:44:39.704+0000][26480][gc,phases    ] GC(347)   Post Evacuate Collection Set: 0.8ms
[2020-09-11T11:44:39.705+0000][26480][gc,phases    ] GC(347)   Other: 1.2ms
[2020-09-11T11:44:39.705+0000][26480][gc,heap      ] GC(347) Eden regions: 22->0(463)
[2020-09-11T11:44:39.705+0000][26480][gc,heap      ] GC(347) Survivor regions: 4->4(58)
[2020-09-11T11:44:39.705+0000][26480][gc,heap      ] GC(347) Old regions: 78->78
[2020-09-11T11:44:39.705+0000][26480][gc,heap      ] GC(347) Archive regions: 0->0
[2020-09-11T11:44:39.705+0000][26480][gc,heap      ] GC(347) Humongous regions: 229->174
[2020-09-11T11:44:39.705+0000][26480][gc,metaspace ] GC(347) Metaspace: 88228K(94232K)->88228K(94232K) NonClass: 77057K(80536K)->77057K(80536K) Class: 11170K(13696K)->11170K(13696K)
[2020-09-11T11:44:39.705+0000][26480][gc           ] GC(347) Pause Young (Concurrent Start) (G1 Humongous Allocation) 331M->255M(1024M) 5.991ms
[2020-09-11T11:44:39.705+0000][26480][gc,cpu       ] GC(347) User=0.00s Sys=0.00s Real=0.01s
[2020-09-11T11:44:39.706+0000][26480][safepoint    ] Safepoint "G1TryInitiateConcMark", Time since last: 49898300 ns, Reaching safepoint: 195900 ns, At safepoint: 6492300 ns, Total: 6688200 ns
[2020-09-11T11:44:39.706+0000][26480][gc           ] GC(348) Concurrent Cycle
[2020-09-11T11:44:39.706+0000][26480][gc,marking   ] GC(348) Concurrent Clear Claimed Marks
[2020-09-11T11:44:39.707+0000][26480][gc,marking   ] GC(348) Concurrent Clear Claimed Marks 0.950ms
[2020-09-11T11:44:39.707+0000][26480][gc,marking   ] GC(348) Concurrent Scan Root Regions
[2020-09-11T11:44:39.711+0000][26480][gc,marking   ] GC(348) Concurrent Scan Root Regions 4.190ms
[2020-09-11T11:44:39.711+0000][26480][gc,marking   ] GC(348) Concurrent Mark (7084.846s)
[2020-09-11T11:44:39.711+0000][26480][gc,marking   ] GC(348) Concurrent Mark From Roots
[2020-09-11T11:44:39.711+0000][26480][gc,task      ] GC(348) Using 2 workers of 2 for marking
[2020-09-11T11:44:39.886+0000][26480][gc,marking   ] GC(348) Concurrent Mark From Roots 175.282ms
[2020-09-11T11:44:39.887+0000][26480][gc,marking   ] GC(348) Concurrent Preclean
[2020-09-11T11:44:39.888+0000][26480][gc,marking   ] GC(348) Concurrent Preclean 1.081ms
[2020-09-11T11:44:39.888+0000][26480][gc,marking   ] GC(348) Concurrent Mark (7084.846s, 7085.022s) 176.644ms
[2020-09-11T11:44:39.888+0000][26480][gc,start     ] GC(348) Pause Remark
[2020-09-11T11:44:39.895+0000][26480][gc           ] GC(348) Pause Remark 311M->311M(1024M) 6.504ms
[2020-09-11T11:44:39.895+0000][26480][gc,cpu       ] GC(348) User=0.00s Sys=0.00s Real=0.01s
[2020-09-11T11:44:39.895+0000][26480][safepoint    ] Safepoint "G1Concurrent", Time since last: 182324400 ns, Reaching safepoint: 182400 ns, At safepoint: 6758500 ns, Total: 6940900 ns
[2020-09-11T11:44:39.895+0000][26480][gc,marking   ] GC(348) Concurrent Rebuild Remembered Sets
[2020-09-11T11:44:39.987+0000][26480][gc,marking   ] GC(348) Concurrent Rebuild Remembered Sets 91.907ms
[2020-09-11T11:44:39.987+0000][26480][gc,start     ] GC(348) Pause Cleanup
[2020-09-11T11:44:39.988+0000][26480][gc           ] GC(348) Pause Cleanup 314M->314M(1024M) 0.464ms
[2020-09-11T11:44:39.988+0000][26480][gc,cpu       ] GC(348) User=0.00s Sys=0.00s Real=0.00s
[2020-09-11T11:44:39.988+0000][26480][safepoint    ] Safepoint "G1Concurrent", Time since last: 92136300 ns, Reaching safepoint: 587300 ns, At safepoint: 805200 ns, Total: 1392500 ns
[2020-09-11T11:44:39.988+0000][26480][gc,marking   ] GC(348) Concurrent Cleanup for Next Mark
[2020-09-11T11:44:39.990+0000][26480][gc,marking   ] GC(348) Concurrent Cleanup for Next Mark 1.800ms
[2020-09-11T11:44:39.990+0000][26480][gc           ] GC(348) Concurrent Cycle 284.852ms
[2020-09-11T11:44:40.016+0000][26480][gc,start     ] GC(349) Pause Young (Concurrent Start) (G1 Humongous Allocation)
[2020-09-11T11:44:40.016+0000][26480][gc,task      ] GC(349) Using 8 workers of 8 for evacuation
[2020-09-11T11:44:40.016+0000][26480][gc,age       ] GC(349) Desired survivor size 30932992 bytes, new threshold 15 (max threshold 15)
[2020-09-11T11:44:40.020+0000][26480][gc,age       ] GC(349) Age table with threshold 15 (max threshold 15)
[2020-09-11T11:44:40.020+0000][26480][gc,age       ] GC(349) - age   1:    2855664 bytes,    2855664 total
[2020-09-11T11:44:40.020+0000][26480][gc,age       ] GC(349) - age   2:     205288 bytes,    3060952 total
[2020-09-11T11:44:40.020+0000][26480][gc,age       ] GC(349) - age   3:     201864 bytes,    3262816 total
[2020-09-11T11:44:40.020+0000][26480][gc,age       ] GC(349) - age   4:     401480 bytes,    3664296 total
[2020-09-11T11:44:40.020+0000][26480][gc,age       ] GC(349) - age   5:       3152 bytes,    3667448 total
[2020-09-11T11:44:40.020+0000][26480][gc,age       ] GC(349) - age   6:         88 bytes,    3667536 total
[2020-09-11T11:44:40.020+0000][26480][gc,age       ] GC(349) - age   7:       5008 bytes,    3672544 total
[2020-09-11T11:44:40.020+0000][26480][gc,age       ] GC(349) - age   8:       1632 bytes,    3674176 total
[2020-09-11T11:44:40.020+0000][26480][gc,age       ] GC(349) - age   9:       1832 bytes,    3676008 total
[2020-09-11T11:44:40.020+0000][26480][gc,age       ] GC(349) - age  10:        528 bytes,    3676536 total
[2020-09-11T11:44:40.020+0000][26480][gc,age       ] GC(349) - age  11:        520 bytes,    3677056 total
[2020-09-11T11:44:40.020+0000][26480][gc,age       ] GC(349) - age  12:       1264 bytes,    3678320 total
[2020-09-11T11:44:40.020+0000][26480][gc,age       ] GC(349) - age  13:        904 bytes,    3679224 total
[2020-09-11T11:44:40.020+0000][26480][gc,age       ] GC(349) - age  14:        592 bytes,    3679816 total
[2020-09-11T11:44:40.020+0000][26480][gc,age       ] GC(349) - age  15:       1168 bytes,    3680984 total
[2020-09-11T11:44:40.020+0000][26480][gc,phases    ] GC(349)   Pre Evacuate Collection Set: 0.6ms
[2020-09-11T11:44:40.021+0000][26480][gc,phases    ] GC(349)   Merge Heap Roots: 0.1ms
[2020-09-11T11:44:40.021+0000][26480][gc,phases    ] GC(349)   Evacuate Collection Set: 2.1ms
[2020-09-11T11:44:40.021+0000][26480][gc,phases    ] GC(349)   Post Evacuate Collection Set: 0.8ms
[2020-09-11T11:44:40.021+0000][26480][gc,phases    ] GC(349)   Other: 1.3ms
[2020-09-11T11:44:40.021+0000][26480][gc,heap      ] GC(349) Eden regions: 22->0(472)
[2020-09-11T11:44:40.021+0000][26480][gc,heap      ] GC(349) Survivor regions: 4->4(59)
[2020-09-11T11:44:40.021+0000][26480][gc,heap      ] GC(349) Old regions: 78->78
[2020-09-11T11:44:40.021+0000][26480][gc,heap      ] GC(349) Archive regions: 0->0
[2020-09-11T11:44:40.021+0000][26480][gc,heap      ] GC(349) Humongous regions: 229->174
[2020-09-11T11:44:40.021+0000][26480][gc,metaspace ] GC(349) Metaspace: 88228K(94232K)->88228K(94232K) NonClass: 77057K(80536K)->77057K(80536K) Class: 11170K(13696K)->11170K(13696K)
[2020-09-11T11:44:40.021+0000][26480][gc           ] GC(349) Pause Young (Concurrent Start) (G1 Humongous Allocation) 332M->255M(1024M) 5.525ms
[2020-09-11T11:44:40.021+0000][26480][gc,cpu       ] GC(349) User=0.00s Sys=0.00s Real=0.00s
[2020-09-11T11:44:40.021+0000][26480][gc           ] GC(350) Concurrent Cycle
[2020-09-11T11:44:40.021+0000][26480][safepoint    ] Safepoint "G1TryInitiateConcMark", Time since last: 27046200 ns, Reaching safepoint: 186000 ns, At safepoint: 5818800 ns, Total: 6004800 ns
[2020-09-11T11:44:40.021+0000][26480][gc,marking   ] GC(350) Concurrent Clear Claimed Marks
[2020-09-11T11:44:40.023+0000][26480][gc,marking   ] GC(350) Concurrent Clear Claimed Marks 0.887ms
[2020-09-11T11:44:40.023+0000][26480][gc,marking   ] GC(350) Concurrent Scan Root Regions
[2020-09-11T11:44:40.026+0000][26480][gc,marking   ] GC(350) Concurrent Scan Root Regions 2.992ms
[2020-09-11T11:44:40.026+0000][26480][gc,marking   ] GC(350) Concurrent Mark (7085.160s)
[2020-09-11T11:44:40.026+0000][26480][gc,marking   ] GC(350) Concurrent Mark From Roots
[2020-09-11T11:44:40.026+0000][26480][gc,task      ] GC(350) Using 2 workers of 2 for marking
[2020-09-11T11:44:40.177+0000][26480][gc,marking   ] GC(350) Concurrent Mark From Roots 151.135ms
[2020-09-11T11:44:40.177+0000][26480][gc,marking   ] GC(350) Concurrent Preclean
[2020-09-11T11:44:40.178+0000][26480][gc,marking   ] GC(350) Concurrent Preclean 0.862ms
[2020-09-11T11:44:40.178+0000][26480][gc,marking   ] GC(350) Concurrent Mark (7085.160s, 7085.312s) 152.184ms
[2020-09-11T11:44:40.179+0000][26480][gc,start     ] GC(350) Pause Remark
[2020-09-11T11:44:40.184+0000][26480][gc           ] GC(350) Pause Remark 308M->308M(1024M) 5.663ms
[2020-09-11T11:44:40.184+0000][26480][gc,cpu       ] GC(350) User=0.13s Sys=0.00s Real=0.01s
[2020-09-11T11:44:40.184+0000][26480][safepoint    ] Safepoint "G1Concurrent", Time since last: 156546600 ns, Reaching safepoint: 195300 ns, At safepoint: 5959300 ns, Total: 6154600 ns
[2020-09-11T11:44:40.185+0000][26480][gc,marking   ] GC(350) Concurrent Rebuild Remembered Sets
[2020-09-11T11:44:40.275+0000][26480][gc,marking   ] GC(350) Concurrent Rebuild Remembered Sets 90.751ms
[2020-09-11T11:44:40.276+0000][26480][gc,start     ] GC(350) Pause Cleanup
[2020-09-11T11:44:40.276+0000][26480][gc           ] GC(350) Pause Cleanup 310M->310M(1024M) 0.332ms
[2020-09-11T11:44:40.276+0000][26480][gc,cpu       ] GC(350) User=0.00s Sys=0.00s Real=0.00s
[2020-09-11T11:44:40.276+0000][26480][safepoint    ] Safepoint "G1Concurrent", Time since last: 90948400 ns, Reaching safepoint: 202800 ns, At safepoint: 511200 ns, Total: 714000 ns
[2020-09-11T11:44:40.276+0000][26480][gc,marking   ] GC(350) Concurrent Cleanup for Next Mark
[2020-09-11T11:44:40.278+0000][26480][gc,marking   ] GC(350) Concurrent Cleanup for Next Mark 1.676ms
[2020-09-11T11:44:40.278+0000][26480][gc           ] GC(350) Concurrent Cycle 256.265ms
[2020-09-11T11:44:40.301+0000][26480][gc,start     ] GC(351) Pause Young (Concurrent Start) (G1 Humongous Allocation)
[2020-09-11T11:44:40.301+0000][26480][gc,task      ] GC(351) Using 8 workers of 8 for evacuation
[2020-09-11T11:44:40.301+0000][26480][gc,age       ] GC(351) Desired survivor size 31457280 bytes, new threshold 15 (max threshold 15)
[2020-09-11T11:44:40.306+0000][26480][gc,age       ] GC(351) Age table with threshold 15 (max threshold 15)
[2020-09-11T11:44:40.306+0000][26480][gc,age       ] GC(351) - age   1:    2750392 bytes,    2750392 total
[2020-09-11T11:44:40.306+0000][26480][gc,age       ] GC(351) - age   2:     205880 bytes,    2956272 total
[2020-09-11T11:44:40.306+0000][26480][gc,age       ] GC(351) - age   3:     204808 bytes,    3161080 total
[2020-09-11T11:44:40.306+0000][26480][gc,age       ] GC(351) - age   4:     200480 bytes,    3361560 total
[2020-09-11T11:44:40.306+0000][26480][gc,age       ] GC(351) - age   5:     200248 bytes,    3561808 total
[2020-09-11T11:44:40.306+0000][26480][gc,age       ] GC(351) - age   6:       2912 bytes,    3564720 total
[2020-09-11T11:44:40.306+0000][26480][gc,age       ] GC(351) - age   7:         88 bytes,    3564808 total
[2020-09-11T11:44:40.306+0000][26480][gc,age       ] GC(351) - age   8:       4976 bytes,    3569784 total
[2020-09-11T11:44:40.306+0000][26480][gc,age       ] GC(351) - age   9:       1632 bytes,    3571416 total
[2020-09-11T11:44:40.307+0000][26480][gc,age       ] GC(351) - age  10:       1768 bytes,    3573184 total
[2020-09-11T11:44:40.307+0000][26480][gc,age       ] GC(351) - age  11:        528 bytes,    3573712 total
[2020-09-11T11:44:40.307+0000][26480][gc,age       ] GC(351) - age  12:        520 bytes,    3574232 total
[2020-09-11T11:44:40.307+0000][26480][gc,age       ] GC(351) - age  13:       1072 bytes,    3575304 total
[2020-09-11T11:44:40.307+0000][26480][gc,age       ] GC(351) - age  14:        904 bytes,    3576208 total
[2020-09-11T11:44:40.307+0000][26480][gc,age       ] GC(351) - age  15:        592 bytes,    3576800 total
[2020-09-11T11:44:40.307+0000][26480][gc,phases    ] GC(351)   Pre Evacuate Collection Set: 0.4ms
[2020-09-11T11:44:40.307+0000][26480][gc,phases    ] GC(351)   Merge Heap Roots: 0.2ms
[2020-09-11T11:44:40.307+0000][26480][gc,phases    ] GC(351)   Evacuate Collection Set: 2.8ms
[2020-09-11T11:44:40.307+0000][26480][gc,phases    ] GC(351)   Post Evacuate Collection Set: 0.8ms
[2020-09-11T11:44:40.307+0000][26480][gc,phases    ] GC(351)   Other: 1.5ms
[2020-09-11T11:44:40.307+0000][26480][gc,heap      ] GC(351) Eden regions: 22->0(479)
[2020-09-11T11:44:40.307+0000][26480][gc,heap      ] GC(351) Survivor regions: 4->4(60)
[2020-09-11T11:44:40.307+0000][26480][gc,heap      ] GC(351) Old regions: 78->78
[2020-09-11T11:44:40.307+0000][26480][gc,heap      ] GC(351) Archive regions: 0->0
[2020-09-11T11:44:40.307+0000][26480][gc,heap      ] GC(351) Humongous regions: 229->174
[2020-09-11T11:44:40.307+0000][26480][gc,metaspace ] GC(351) Metaspace: 88228K(94232K)->88228K(94232K) NonClass: 77057K(80536K)->77057K(80536K) Class: 11170K(13696K)->11170K(13696K)
[2020-09-11T11:44:40.307+0000][26480][gc           ] GC(351) Pause Young (Concurrent Start) (G1 Humongous Allocation) 331M->255M(1024M) 6.151ms
[2020-09-11T11:44:40.307+0000][26480][gc,cpu       ] GC(351) User=0.00s Sys=0.02s Real=0.01s
[2020-09-11T11:44:40.307+0000][26480][gc           ] GC(352) Concurrent Cycle
[2020-09-11T11:44:40.307+0000][26480][safepoint    ] Safepoint "G1TryInitiateConcMark", Time since last: 24786500 ns, Reaching safepoint: 222700 ns, At safepoint: 6365400 ns, Total: 6588100 ns
[2020-09-11T11:44:40.308+0000][26480][gc,marking   ] GC(352) Concurrent Clear Claimed Marks
[2020-09-11T11:44:40.308+0000][26480][gc,marking   ] GC(352) Concurrent Clear Claimed Marks 0.425ms
[2020-09-11T11:44:40.308+0000][26480][gc,marking   ] GC(352) Concurrent Scan Root Regions
[2020-09-11T11:44:40.311+0000][26480][gc,marking   ] GC(352) Concurrent Scan Root Regions 2.718ms
[2020-09-11T11:44:40.311+0000][26480][gc,marking   ] GC(352) Concurrent Mark (7085.445s)
[2020-09-11T11:44:40.311+0000][26480][gc,marking   ] GC(352) Concurrent Mark From Roots
[2020-09-11T11:44:40.311+0000][26480][gc,task      ] GC(352) Using 2 workers of 2 for marking
[2020-09-11T11:44:40.466+0000][26480][gc,marking   ] GC(352) Concurrent Mark From Roots 155.675ms
[2020-09-11T11:44:40.466+0000][26480][gc,marking   ] GC(352) Concurrent Preclean
[2020-09-11T11:44:40.467+0000][26480][gc,marking   ] GC(352) Concurrent Preclean 0.695ms
[2020-09-11T11:44:40.467+0000][26480][gc,marking   ] GC(352) Concurrent Mark (7085.445s, 7085.602s) 156.542ms
[2020-09-11T11:44:40.467+0000][26480][gc,start     ] GC(352) Pause Remark
[2020-09-11T11:44:40.474+0000][26480][gc           ] GC(352) Pause Remark 304M->304M(1024M) 6.394ms
[2020-09-11T11:44:40.474+0000][26480][gc,cpu       ] GC(352) User=0.00s Sys=0.00s Real=0.01s
[2020-09-11T11:44:40.474+0000][26480][safepoint    ] Safepoint "G1Concurrent", Time since last: 160025500 ns, Reaching safepoint: 172600 ns, At safepoint: 6592500 ns, Total: 6765100 ns
[2020-09-11T11:44:40.474+0000][26480][gc,marking   ] GC(352) Concurrent Rebuild Remembered Sets
[2020-09-11T11:44:40.572+0000][26480][gc,marking   ] GC(352) Concurrent Rebuild Remembered Sets 97.734ms
[2020-09-11T11:44:40.572+0000][26480][gc,start     ] GC(352) Pause Cleanup
[2020-09-11T11:44:40.572+0000][26480][gc           ] GC(352) Pause Cleanup 305M->305M(1024M) 0.327ms
[2020-09-11T11:44:40.572+0000][26480][gc,cpu       ] GC(352) User=0.00s Sys=0.00s Real=0.00s
[2020-09-11T11:44:40.572+0000][26480][safepoint    ] Safepoint "G1Concurrent", Time since last: 97918900 ns, Reaching safepoint: 169700 ns, At safepoint: 490500 ns, Total: 660200 ns
[2020-09-11T11:44:40.572+0000][26480][gc,marking   ] GC(352) Concurrent Cleanup for Next Mark
[2020-09-11T11:44:40.574+0000][26480][gc,marking   ] GC(352) Concurrent Cleanup for Next Mark 1.515ms
[2020-09-11T11:44:40.574+0000][26480][gc           ] GC(352) Concurrent Cycle 267.099ms
[2020-09-11T11:44:40.633+0000][26480][gc,start     ] GC(353) Pause Young (Concurrent Start) (G1 Humongous Allocation)
[2020-09-11T11:44:40.633+0000][26480][gc,task      ] GC(353) Using 8 workers of 8 for evacuation
[2020-09-11T11:44:40.633+0000][26480][gc,age       ] GC(353) Desired survivor size 31981568 bytes, new threshold 15 (max threshold 15)
[2020-09-11T11:44:40.638+0000][26480][gc,age       ] GC(353) Age table with threshold 15 (max threshold 15)
[2020-09-11T11:44:40.638+0000][26480][gc,age       ] GC(353) - age   1:    2562432 bytes,    2562432 total
[2020-09-11T11:44:40.638+0000][26480][gc,age       ] GC(353) - age   2:     206416 bytes,    2768848 total
[2020-09-11T11:44:40.638+0000][26480][gc,age       ] GC(353) - age   3:     202464 bytes,    2971312 total
[2020-09-11T11:44:40.638+0000][26480][gc,age       ] GC(353) - age   4:     203744 bytes,    3175056 total
[2020-09-11T11:44:40.638+0000][26480][gc,age       ] GC(353) - age   5:       2976 bytes,    3178032 total
[2020-09-11T11:44:40.638+0000][26480][gc,age       ] GC(353) - age   6:     199304 bytes,    3377336 total
[2020-09-11T11:44:40.638+0000][26480][gc,age       ] GC(353) - age   7:       2784 bytes,    3380120 total
[2020-09-11T11:44:40.638+0000][26480][gc,age       ] GC(353) - age   8:         88 bytes,    3380208 total
[2020-09-11T11:44:40.638+0000][26480][gc,age       ] GC(353) - age   9:       4976 bytes,    3385184 total
[2020-09-11T11:44:40.638+0000][26480][gc,age       ] GC(353) - age  10:       1632 bytes,    3386816 total
[2020-09-11T11:44:40.638+0000][26480][gc,age       ] GC(353) - age  11:       1672 bytes,    3388488 total
[2020-09-11T11:44:40.638+0000][26480][gc,age       ] GC(353) - age  12:        528 bytes,    3389016 total
[2020-09-11T11:44:40.638+0000][26480][gc,age       ] GC(353) - age  13:        424 bytes,    3389440 total
[2020-09-11T11:44:40.638+0000][26480][gc,age       ] GC(353) - age  14:        976 bytes,    3390416 total
[2020-09-11T11:44:40.638+0000][26480][gc,age       ] GC(353) - age  15:        904 bytes,    3391320 total
[2020-09-11T11:44:40.638+0000][26480][gc,phases    ] GC(353)   Pre Evacuate Collection Set: 0.4ms
[2020-09-11T11:44:40.638+0000][26480][gc,phases    ] GC(353)   Merge Heap Roots: 0.1ms
[2020-09-11T11:44:40.638+0000][26480][gc,phases    ] GC(353)   Evacuate Collection Set: 2.6ms
[2020-09-11T11:44:40.638+0000][26480][gc,phases    ] GC(353)   Post Evacuate Collection Set: 0.8ms
[2020-09-11T11:44:40.638+0000][26480][gc,phases    ] GC(353)   Other: 1.2ms
[2020-09-11T11:44:40.638+0000][26480][gc,heap      ] GC(353) Eden regions: 21->0(485)
[2020-09-11T11:44:40.639+0000][26480][gc,heap      ] GC(353) Survivor regions: 4->4(61)
[2020-09-11T11:44:40.639+0000][26480][gc,heap      ] GC(353) Old regions: 78->78
[2020-09-11T11:44:40.639+0000][26480][gc,heap      ] GC(353) Archive regions: 0->0
[2020-09-11T11:44:40.639+0000][26480][gc,heap      ] GC(353) Humongous regions: 229->174
[2020-09-11T11:44:40.639+0000][26480][gc,metaspace ] GC(353) Metaspace: 88228K(94232K)->88228K(94232K) NonClass: 77057K(80536K)->77057K(80536K) Class: 11170K(13696K)->11170K(13696K)
[2020-09-11T11:44:40.639+0000][26480][gc           ] GC(353) Pause Young (Concurrent Start) (G1 Humongous Allocation) 331M->255M(1024M) 5.467ms
[2020-09-11T11:44:40.639+0000][26480][gc,cpu       ] GC(353) User=0.11s Sys=0.00s Real=0.01s
[2020-09-11T11:44:40.639+0000][26480][safepoint    ] Safepoint "G1TryInitiateConcMark", Time since last: 60602300 ns, Reaching safepoint: 239000 ns, At safepoint: 5700400 ns, Total: 5939400 ns
[2020-09-11T11:44:40.639+0000][26480][gc           ] GC(354) Concurrent Cycle
[2020-09-11T11:44:40.639+0000][26480][gc,marking   ] GC(354) Concurrent Clear Claimed Marks
[2020-09-11T11:44:40.639+0000][26480][gc,marking   ] GC(354) Concurrent Clear Claimed Marks 0.490ms
[2020-09-11T11:44:40.640+0000][26480][gc,marking   ] GC(354) Concurrent Scan Root Regions
[2020-09-11T11:44:40.642+0000][26480][gc,marking   ] GC(354) Concurrent Scan Root Regions 2.228ms
[2020-09-11T11:44:40.642+0000][26480][gc,marking   ] GC(354) Concurrent Mark (7085.777s)
[2020-09-11T11:44:40.642+0000][26480][gc,marking   ] GC(354) Concurrent Mark From Roots
[2020-09-11T11:44:40.642+0000][26480][gc,task      ] GC(354) Using 2 workers of 2 for marking
[2020-09-11T11:44:40.784+0000][26480][gc,marking   ] GC(354) Concurrent Mark From Roots 141.536ms
[2020-09-11T11:44:40.784+0000][26480][gc,marking   ] GC(354) Concurrent Preclean
[2020-09-11T11:44:40.785+0000][26480][gc,marking   ] GC(354) Concurrent Preclean 0.778ms
[2020-09-11T11:44:40.785+0000][26480][gc,marking   ] GC(354) Concurrent Mark (7085.777s, 7085.919s) 142.500ms
[2020-09-11T11:44:40.785+0000][26480][gc,start     ] GC(354) Pause Remark
[2020-09-11T11:44:40.792+0000][26480][gc           ] GC(354) Pause Remark 297M->297M(1024M) 6.786ms
[2020-09-11T11:44:40.792+0000][26480][gc,cpu       ] GC(354) User=0.02s Sys=0.00s Real=0.01s
[2020-09-11T11:44:40.792+0000][26480][safepoint    ] Safepoint "G1Concurrent", Time since last: 145613600 ns, Reaching safepoint: 162000 ns, At safepoint: 7073400 ns, Total: 7235400 ns
[2020-09-11T11:44:40.792+0000][26480][gc,marking   ] GC(354) Concurrent Rebuild Remembered Sets
[2020-09-11T11:44:40.884+0000][26480][gc,marking   ] GC(354) Concurrent Rebuild Remembered Sets 92.126ms
[2020-09-11T11:44:40.885+0000][26480][gc,start     ] GC(354) Pause Cleanup
[2020-09-11T11:44:40.885+0000][26480][gc           ] GC(354) Pause Cleanup 309M->309M(1024M) 0.342ms
[2020-09-11T11:44:40.885+0000][26480][gc,cpu       ] GC(354) User=0.00s Sys=0.00s Real=0.00s
[2020-09-11T11:44:40.885+0000][26480][safepoint    ] Safepoint "G1Concurrent", Time since last: 92326800 ns, Reaching safepoint: 192400 ns, At safepoint: 515800 ns, Total: 708200 ns
[2020-09-11T11:44:40.885+0000][26480][gc,marking   ] GC(354) Concurrent Cleanup for Next Mark
[2020-09-11T11:44:40.887+0000][26480][gc,marking   ] GC(354) Concurrent Cleanup for Next Mark 1.838ms
[2020-09-11T11:44:40.887+0000][26480][gc           ] GC(354) Concurrent Cycle 247.965ms
[2020-09-11T11:44:40.904+0000][26480][gc,start     ] GC(355) Pause Young (Concurrent Start) (G1 Humongous Allocation)
[2020-09-11T11:44:40.904+0000][26480][gc,task      ] GC(355) Using 8 workers of 8 for evacuation
[2020-09-11T11:44:40.904+0000][26480][gc,age       ] GC(355) Desired survivor size 32505856 bytes, new threshold 15 (max threshold 15)
[2020-09-11T11:44:40.908+0000][26480][gc,age       ] GC(355) Age table with threshold 15 (max threshold 15)
[2020-09-11T11:44:40.909+0000][26480][gc,age       ] GC(355) - age   1:    7173472 bytes,    7173472 total
[2020-09-11T11:44:40.909+0000][26480][gc,age       ] GC(355) - age   2:       1928 bytes,    7175400 total
[2020-09-11T11:44:40.909+0000][26480][gc,age       ] GC(355) - age   3:       1848 bytes,    7177248 total
[2020-09-11T11:44:40.909+0000][26480][gc,age       ] GC(355) - age   4:       1104 bytes,    7178352 total
[2020-09-11T11:44:40.909+0000][26480][gc,age       ] GC(355) - age   5:        672 bytes,    7179024 total
[2020-09-11T11:44:40.909+0000][26480][gc,age       ] GC(355) - age   6:       1112 bytes,    7180136 total
[2020-09-11T11:44:40.909+0000][26480][gc,age       ] GC(355) - age   7:        808 bytes,    7180944 total
[2020-09-11T11:44:40.909+0000][26480][gc,age       ] GC(355) - age   8:       2152 bytes,    7183096 total
[2020-09-11T11:44:40.909+0000][26480][gc,age       ] GC(355) - age   9:         88 bytes,    7183184 total
[2020-09-11T11:44:40.909+0000][26480][gc,age       ] GC(355) - age  10:       4624 bytes,    7187808 total
[2020-09-11T11:44:40.909+0000][26480][gc,age       ] GC(355) - age  11:       1632 bytes,    7189440 total
[2020-09-11T11:44:40.909+0000][26480][gc,age       ] GC(355) - age  12:       1640 bytes,    7191080 total
[2020-09-11T11:44:40.909+0000][26480][gc,age       ] GC(355) - age  13:        496 bytes,    7191576 total
[2020-09-11T11:44:40.909+0000][26480][gc,age       ] GC(355) - age  14:        392 bytes,    7191968 total
[2020-09-11T11:44:40.909+0000][26480][gc,age       ] GC(355) - age  15:        784 bytes,    7192752 total
[2020-09-11T11:44:40.909+0000][26480][gc,phases    ] GC(355)   Pre Evacuate Collection Set: 0.7ms
[2020-09-11T11:44:40.909+0000][26480][gc,phases    ] GC(355)   Merge Heap Roots: 0.1ms
[2020-09-11T11:44:40.909+0000][26480][gc,phases    ] GC(355)   Evacuate Collection Set: 2.7ms
[2020-09-11T11:44:40.909+0000][26480][gc,phases    ] GC(355)   Post Evacuate Collection Set: 0.8ms
[2020-09-11T11:44:40.909+0000][26480][gc,phases    ] GC(355)   Other: 1.2ms
[2020-09-11T11:44:40.909+0000][26480][gc,heap      ] GC(355) Eden regions: 37->0(482)
[2020-09-11T11:44:40.909+0000][26480][gc,heap      ] GC(355) Survivor regions: 4->7(62)
[2020-09-11T11:44:40.909+0000][26480][gc,heap      ] GC(355) Old regions: 78->78
[2020-09-11T11:44:40.909+0000][26480][gc,heap      ] GC(355) Archive regions: 0->0
[2020-09-11T11:44:40.910+0000][26480][gc,heap      ] GC(355) Humongous regions: 229->174
[2020-09-11T11:44:40.910+0000][26480][gc,metaspace ] GC(355) Metaspace: 88233K(94232K)->88233K(94232K) NonClass: 77062K(80536K)->77062K(80536K) Class: 11170K(13696K)->11170K(13696K)
[2020-09-11T11:44:40.910+0000][26480][gc           ] GC(355) Pause Young (Concurrent Start) (G1 Humongous Allocation) 347M->258M(1024M) 5.960ms
[2020-09-11T11:44:40.910+0000][26480][gc,cpu       ] GC(355) User=0.00s Sys=0.00s Real=0.01s
[2020-09-11T11:44:40.910+0000][26480][gc           ] GC(356) Concurrent Cycle
[2020-09-11T11:44:40.910+0000][26480][safepoint    ] Safepoint "G1TryInitiateConcMark", Time since last: 18204300 ns, Reaching safepoint: 225100 ns, At safepoint: 6269200 ns, Total: 6494300 ns
[2020-09-11T11:44:40.910+0000][26480][gc,marking   ] GC(356) Concurrent Clear Claimed Marks
[2020-09-11T11:44:40.910+0000][26480][safepoint    ] Safepoint "G1TryInitiateConcMark", Time since last: 255600 ns, Reaching safepoint: 151300 ns, At safepoint: 23000 ns, Total: 174300 ns
[2020-09-11T11:44:40.910+0000][26480][gc,marking   ] GC(356) Concurrent Clear Claimed Marks 0.420ms
[2020-09-11T11:44:40.910+0000][26480][gc,marking   ] GC(356) Concurrent Scan Root Regions
[2020-09-11T11:44:40.914+0000][26480][gc,marking   ] GC(356) Concurrent Scan Root Regions 3.280ms
[2020-09-11T11:44:40.914+0000][26480][gc,marking   ] GC(356) Concurrent Mark (7086.048s)
[2020-09-11T11:44:40.914+0000][26480][gc,marking   ] GC(356) Concurrent Mark From Roots
[2020-09-11T11:44:40.914+0000][26480][gc,task      ] GC(356) Using 2 workers of 2 for marking
[2020-09-11T11:44:41.082+0000][26480][gc,marking   ] GC(356) Concurrent Mark From Roots 167.821ms
[2020-09-11T11:44:41.082+0000][26480][gc,marking   ] GC(356) Concurrent Preclean
[2020-09-11T11:44:41.083+0000][26480][gc,marking   ] GC(356) Concurrent Preclean 0.731ms
[2020-09-11T11:44:41.083+0000][26480][gc,marking   ] GC(356) Concurrent Mark (7086.048s, 7086.217s) 168.767ms
[2020-09-11T11:44:41.083+0000][26480][gc,start     ] GC(356) Pause Remark
[2020-09-11T11:44:41.090+0000][26480][gc           ] GC(356) Pause Remark 411M->411M(1024M) 6.945ms
[2020-09-11T11:44:41.090+0000][26480][gc,cpu       ] GC(356) User=0.11s Sys=0.00s Real=0.01s
[2020-09-11T11:44:41.090+0000][26480][safepoint    ] Safepoint "G1Concurrent", Time since last: 172387400 ns, Reaching safepoint: 212200 ns, At safepoint: 7194300 ns, Total: 7406500 ns
[2020-09-11T11:44:41.090+0000][26480][gc,marking   ] GC(356) Concurrent Rebuild Remembered Sets
[2020-09-11T11:44:41.185+0000][26480][gc,marking   ] GC(356) Concurrent Rebuild Remembered Sets 94.690ms
[2020-09-11T11:44:41.185+0000][26480][gc,start     ] GC(356) Pause Cleanup
[2020-09-11T11:44:41.186+0000][26480][gc           ] GC(356) Pause Cleanup 414M->414M(1024M) 0.430ms
[2020-09-11T11:44:41.186+0000][26480][gc,cpu       ] GC(356) User=0.00s Sys=0.00s Real=0.00s
[2020-09-11T11:44:41.186+0000][26480][safepoint    ] Safepoint "G1Concurrent", Time since last: 94912500 ns, Reaching safepoint: 158400 ns, At safepoint: 600100 ns, Total: 758500 ns
[2020-09-11T11:44:41.186+0000][26480][gc,marking   ] GC(356) Concurrent Cleanup for Next Mark
[2020-09-11T11:44:41.188+0000][26480][gc,marking   ] GC(356) Concurrent Cleanup for Next Mark 1.961ms
[2020-09-11T11:44:41.188+0000][26480][gc           ] GC(356) Concurrent Cycle 278.116ms
[2020-09-11T11:44:41.454+0000][26480][gc,start     ] GC(357) Pause Young (Concurrent Start) (G1 Humongous Allocation)
[2020-09-11T11:44:41.455+0000][26480][gc,task      ] GC(357) Using 8 workers of 8 for evacuation
[2020-09-11T11:44:41.455+0000][26480][gc,age       ] GC(357) Desired survivor size 32505856 bytes, new threshold 15 (max threshold 15)
[2020-09-11T11:44:41.460+0000][26480][gc,age       ] GC(357) Age table with threshold 15 (max threshold 15)
[2020-09-11T11:44:41.460+0000][26480][gc,age       ] GC(357) - age   1:    8909528 bytes,    8909528 total
[2020-09-11T11:44:41.460+0000][26480][gc,age       ] GC(357) - age   2:      12560 bytes,    8922088 total
[2020-09-11T11:44:41.460+0000][26480][gc,age       ] GC(357) - age   3:       1664 bytes,    8923752 total
[2020-09-11T11:44:41.460+0000][26480][gc,age       ] GC(357) - age   4:        776 bytes,    8924528 total
[2020-09-11T11:44:41.460+0000][26480][gc,age       ] GC(357) - age   5:        936 bytes,    8925464 total
[2020-09-11T11:44:41.460+0000][26480][gc,age       ] GC(357) - age   6:        648 bytes,    8926112 total
[2020-09-11T11:44:41.460+0000][26480][gc,age       ] GC(357) - age   7:        768 bytes,    8926880 total
[2020-09-11T11:44:41.460+0000][26480][gc,age       ] GC(357) - age   8:        648 bytes,    8927528 total
[2020-09-11T11:44:41.460+0000][26480][gc,age       ] GC(357) - age   9:       2120 bytes,    8929648 total
[2020-09-11T11:44:41.460+0000][26480][gc,age       ] GC(357) - age  10:         88 bytes,    8929736 total
[2020-09-11T11:44:41.460+0000][26480][gc,age       ] GC(357) - age  11:       4592 bytes,    8934328 total
[2020-09-11T11:44:41.460+0000][26480][gc,age       ] GC(357) - age  12:       1632 bytes,    8935960 total
[2020-09-11T11:44:41.460+0000][26480][gc,age       ] GC(357) - age  13:       1384 bytes,    8937344 total
[2020-09-11T11:44:41.460+0000][26480][gc,age       ] GC(357) - age  14:        464 bytes,    8937808 total
[2020-09-11T11:44:41.460+0000][26480][gc,age       ] GC(357) - age  15:        392 bytes,    8938200 total
[2020-09-11T11:44:41.460+0000][26480][gc,phases    ] GC(357)   Pre Evacuate Collection Set: 0.5ms
[2020-09-11T11:44:41.460+0000][26480][gc,phases    ] GC(357)   Merge Heap Roots: 0.2ms
[2020-09-11T11:44:41.460+0000][26480][gc,phases    ] GC(357)   Evacuate Collection Set: 3.1ms
[2020-09-11T11:44:41.460+0000][26480][gc,phases    ] GC(357)   Post Evacuate Collection Set: 1.0ms
[2020-09-11T11:44:41.461+0000][26480][gc,phases    ] GC(357)   Other: 1.3ms
[2020-09-11T11:44:41.461+0000][26480][gc,heap      ] GC(357) Eden regions: 59->0(479)
[2020-09-11T11:44:41.461+0000][26480][gc,heap      ] GC(357) Survivor regions: 7->9(62)
[2020-09-11T11:44:41.461+0000][26480][gc,heap      ] GC(357) Old regions: 78->78
[2020-09-11T11:44:41.461+0000][26480][gc,heap      ] GC(357) Archive regions: 0->0
[2020-09-11T11:44:41.461+0000][26480][gc,heap      ] GC(357) Humongous regions: 296->174
[2020-09-11T11:44:41.461+0000][26480][gc,metaspace ] GC(357) Metaspace: 88240K(94232K)->88240K(94232K) NonClass: 77067K(80536K)->77067K(80536K) Class: 11172K(13696K)->11172K(13696K)
[2020-09-11T11:44:41.461+0000][26480][gc           ] GC(357) Pause Young (Concurrent Start) (G1 Humongous Allocation) 438M->260M(1024M) 6.417ms
[2020-09-11T11:44:41.461+0000][26480][gc,cpu       ] GC(357) User=0.00s Sys=0.00s Real=0.01s
[2020-09-11T11:44:41.461+0000][26480][gc           ] GC(358) Concurrent Cycle
[2020-09-11T11:44:41.461+0000][26480][safepoint    ] Safepoint "G1TryInitiateConcMark", Time since last: 268245800 ns, Reaching safepoint: 316100 ns, At safepoint: 6675100 ns, Total: 6991200 ns
[2020-09-11T11:44:41.461+0000][26480][gc,marking   ] GC(358) Concurrent Clear Claimed Marks
[2020-09-11T11:44:41.461+0000][26480][safepoint    ] Safepoint "G1TryInitiateConcMark", Time since last: 162200 ns, Reaching safepoint: 170500 ns, At safepoint: 36800 ns, Total: 207300 ns
[2020-09-11T11:44:41.462+0000][26480][gc,marking   ] GC(358) Concurrent Clear Claimed Marks 0.469ms
[2020-09-11T11:44:41.462+0000][26480][gc,marking   ] GC(358) Concurrent Scan Root Regions
[2020-09-11T11:44:41.466+0000][26480][gc,marking   ] GC(358) Concurrent Scan Root Regions 4.236ms
[2020-09-11T11:44:41.466+0000][26480][gc,marking   ] GC(358) Concurrent Mark (7086.600s)
[2020-09-11T11:44:41.466+0000][26480][gc,marking   ] GC(358) Concurrent Mark From Roots
[2020-09-11T11:44:41.466+0000][26480][gc,task      ] GC(358) Using 2 workers of 2 for marking
[2020-09-11T11:44:41.621+0000][26480][gc,marking   ] GC(358) Concurrent Mark From Roots 154.998ms
[2020-09-11T11:44:41.621+0000][26480][gc,marking   ] GC(358) Concurrent Preclean
[2020-09-11T11:44:41.622+0000][26480][gc,marking   ] GC(358) Concurrent Preclean 0.781ms
[2020-09-11T11:44:41.622+0000][26480][gc,marking   ] GC(358) Concurrent Mark (7086.600s, 7086.756s) 156.034ms
[2020-09-11T11:44:41.625+0000][26480][gc,start     ] GC(358) Pause Remark
[2020-09-11T11:44:41.631+0000][26480][gc           ] GC(358) Pause Remark 452M->452M(1024M) 6.481ms
[2020-09-11T11:44:41.631+0000][26480][gc,cpu       ] GC(358) User=0.00s Sys=0.00s Real=0.01s
[2020-09-11T11:44:41.631+0000][26480][safepoint    ] Safepoint "G1Concurrent", Time since last: 160715500 ns, Reaching safepoint: 2549900 ns, At safepoint: 6743900 ns, Total: 9293800 ns
[2020-09-11T11:44:41.632+0000][26480][gc,marking   ] GC(358) Concurrent Rebuild Remembered Sets
[2020-09-11T11:44:41.729+0000][26480][gc,marking   ] GC(358) Concurrent Rebuild Remembered Sets 97.085ms
[2020-09-11T11:44:41.729+0000][26480][gc,start     ] GC(358) Pause Cleanup
[2020-09-11T11:44:41.729+0000][26480][gc           ] GC(358) Pause Cleanup 453M->453M(1024M) 0.379ms
[2020-09-11T11:44:41.729+0000][26480][gc,cpu       ] GC(358) User=0.00s Sys=0.00s Real=0.00s
[2020-09-11T11:44:41.729+0000][26480][safepoint    ] Safepoint "G1Concurrent", Time since last: 97282500 ns, Reaching safepoint: 178100 ns, At safepoint: 547900 ns, Total: 726000 ns
[2020-09-11T11:44:41.729+0000][26480][gc,marking   ] GC(358) Concurrent Cleanup for Next Mark
[2020-09-11T11:44:41.731+0000][26480][gc,marking   ] GC(358) Concurrent Cleanup for Next Mark 1.949ms
[2020-09-11T11:44:41.732+0000][26480][gc           ] GC(358) Concurrent Cycle 270.616ms
[2020-09-11T11:44:42.052+0000][26480][gc,start     ] GC(359) Pause Young (Concurrent Start) (G1 Humongous Allocation)
[2020-09-11T11:44:42.052+0000][26480][gc,task      ] GC(359) Using 8 workers of 8 for evacuation
[2020-09-11T11:44:42.052+0000][26480][gc,age       ] GC(359) Desired survivor size 31981568 bytes, new threshold 15 (max threshold 15)
[2020-09-11T11:44:42.057+0000][26480][gc,age       ] GC(359) Age table with threshold 15 (max threshold 15)
[2020-09-11T11:44:42.057+0000][26480][gc,age       ] GC(359) - age   1:    8417992 bytes,    8417992 total
[2020-09-11T11:44:42.057+0000][26480][gc,age       ] GC(359) - age   2:      58640 bytes,    8476632 total
[2020-09-11T11:44:42.057+0000][26480][gc,age       ] GC(359) - age   3:       8664 bytes,    8485296 total
[2020-09-11T11:44:42.057+0000][26480][gc,age       ] GC(359) - age   4:       1296 bytes,    8486592 total
[2020-09-11T11:44:42.057+0000][26480][gc,age       ] GC(359) - age   5:        616 bytes,    8487208 total
[2020-09-11T11:44:42.057+0000][26480][gc,age       ] GC(359) - age   6:        808 bytes,    8488016 total
[2020-09-11T11:44:42.057+0000][26480][gc,age       ] GC(359) - age   7:        456 bytes,    8488472 total
[2020-09-11T11:44:42.057+0000][26480][gc,age       ] GC(359) - age   8:        736 bytes,    8489208 total
[2020-09-11T11:44:42.057+0000][26480][gc,age       ] GC(359) - age   9:        616 bytes,    8489824 total
[2020-09-11T11:44:42.057+0000][26480][gc,age       ] GC(359) - age  10:       1976 bytes,    8491800 total
[2020-09-11T11:44:42.057+0000][26480][gc,age       ] GC(359) - age  11:         88 bytes,    8491888 total
[2020-09-11T11:44:42.057+0000][26480][gc,age       ] GC(359) - age  12:       4592 bytes,    8496480 total
[2020-09-11T11:44:42.057+0000][26480][gc,age       ] GC(359) - age  13:       1632 bytes,    8498112 total
[2020-09-11T11:44:42.057+0000][26480][gc,age       ] GC(359) - age  14:       1384 bytes,    8499496 total
[2020-09-11T11:44:42.057+0000][26480][gc,age       ] GC(359) - age  15:        432 bytes,    8499928 total
[2020-09-11T11:44:42.058+0000][26480][gc,phases    ] GC(359)   Pre Evacuate Collection Set: 0.5ms
[2020-09-11T11:44:42.058+0000][26480][gc,phases    ] GC(359)   Merge Heap Roots: 0.2ms
[2020-09-11T11:44:42.058+0000][26480][gc,phases    ] GC(359)   Evacuate Collection Set: 3.2ms
[2020-09-11T11:44:42.058+0000][26480][gc,phases    ] GC(359)   Post Evacuate Collection Set: 1.1ms
[2020-09-11T11:44:42.058+0000][26480][gc,phases    ] GC(359)   Other: 1.3ms
[2020-09-11T11:44:42.058+0000][26480][gc,heap      ] GC(359) Eden regions: 61->0(480)
[2020-09-11T11:44:42.058+0000][26480][gc,heap      ] GC(359) Survivor regions: 9->9(61)
[2020-09-11T11:44:42.058+0000][26480][gc,heap      ] GC(359) Old regions: 78->78
[2020-09-11T11:44:42.058+0000][26480][gc,heap      ] GC(359) Archive regions: 0->0
[2020-09-11T11:44:42.058+0000][26480][gc,heap      ] GC(359) Humongous regions: 336->174
[2020-09-11T11:44:42.058+0000][26480][gc,metaspace ] GC(359) Metaspace: 88241K(94232K)->88241K(94232K) NonClass: 77069K(80536K)->77069K(80536K) Class: 11172K(13696K)->11172K(13696K)
[2020-09-11T11:44:42.058+0000][26480][gc           ] GC(359) Pause Young (Concurrent Start) (G1 Humongous Allocation) 483M->260M(1024M) 6.582ms
[2020-09-11T11:44:42.058+0000][26480][gc,cpu       ] GC(359) User=0.00s Sys=0.00s Real=0.01s
[2020-09-11T11:44:42.058+0000][26480][gc           ] GC(360) Concurrent Cycle
[2020-09-11T11:44:42.058+0000][26480][gc,marking   ] GC(360) Concurrent Clear Claimed Marks
[2020-09-11T11:44:42.059+0000][26480][gc,marking   ] GC(360) Concurrent Clear Claimed Marks 0.407ms
[2020-09-11T11:44:42.059+0000][26480][gc,marking   ] GC(360) Concurrent Scan Root Regions
[2020-09-11T11:44:42.061+0000][26480][gc,marking   ] GC(360) Concurrent Scan Root Regions 2.027ms
[2020-09-11T11:44:42.061+0000][26480][gc,marking   ] GC(360) Concurrent Mark (7087.195s)
[2020-09-11T11:44:42.061+0000][26480][gc,marking   ] GC(360) Concurrent Mark From Roots
[2020-09-11T11:44:42.061+0000][26480][gc,task      ] GC(360) Using 2 workers of 2 for marking
[2020-09-11T11:44:42.061+0000][26480][safepoint    ] Safepoint "G1TryInitiateConcMark", Time since last: 321844100 ns, Reaching safepoint: 178600 ns, At safepoint: 10027800 ns, Total: 10206400 ns
[2020-09-11T11:44:42.214+0000][26480][gc,marking   ] GC(360) Concurrent Mark From Roots 152.829ms
[2020-09-11T11:44:42.214+0000][26480][gc,marking   ] GC(360) Concurrent Preclean
[2020-09-11T11:44:42.215+0000][26480][gc,marking   ] GC(360) Concurrent Preclean 0.866ms
[2020-09-11T11:44:42.215+0000][26480][gc,marking   ] GC(360) Concurrent Mark (7087.195s, 7087.349s) 153.912ms
[2020-09-11T11:44:42.216+0000][26480][gc,start     ] GC(360) Pause Remark
[2020-09-11T11:44:42.223+0000][26480][gc           ] GC(360) Pause Remark 432M->432M(1024M) 7.053ms
[2020-09-11T11:44:42.223+0000][26480][gc,cpu       ] GC(360) User=0.00s Sys=0.00s Real=0.01s
[2020-09-11T11:44:42.223+0000][26480][safepoint    ] Safepoint "G1Concurrent", Time since last: 153420100 ns, Reaching safepoint: 997000 ns, At safepoint: 7474300 ns, Total: 8471300 ns
[2020-09-11T11:44:42.223+0000][26480][gc,marking   ] GC(360) Concurrent Rebuild Remembered Sets
[2020-09-11T11:44:42.318+0000][26480][gc,marking   ] GC(360) Concurrent Rebuild Remembered Sets 94.407ms
[2020-09-11T11:44:42.318+0000][26480][gc,start     ] GC(360) Pause Cleanup
[2020-09-11T11:44:42.319+0000][26480][gc           ] GC(360) Pause Cleanup 439M->439M(1024M) 0.464ms
[2020-09-11T11:44:42.319+0000][26480][gc,cpu       ] GC(360) User=0.00s Sys=0.00s Real=0.00s
[2020-09-11T11:44:42.319+0000][26480][safepoint    ] Safepoint "G1Concurrent", Time since last: 94648600 ns, Reaching safepoint: 168600 ns, At safepoint: 659500 ns, Total: 828100 ns
[2020-09-11T11:44:42.319+0000][26480][gc,marking   ] GC(360) Concurrent Cleanup for Next Mark
[2020-09-11T11:44:42.321+0000][26480][gc,marking   ] GC(360) Concurrent Cleanup for Next Mark 2.136ms
[2020-09-11T11:44:42.321+0000][26480][gc           ] GC(360) Concurrent Cycle 262.962ms
[2020-09-11T11:44:42.607+0000][26480][gc,start     ] GC(361) Pause Young (Concurrent Start) (G1 Humongous Allocation)
[2020-09-11T11:44:42.607+0000][26480][gc,task      ] GC(361) Using 8 workers of 8 for evacuation
[2020-09-11T11:44:42.607+0000][26480][gc,age       ] GC(361) Desired survivor size 32505856 bytes, new threshold 15 (max threshold 15)
[2020-09-11T11:44:42.612+0000][26480][gc,age       ] GC(361) Age table with threshold 15 (max threshold 15)
[2020-09-11T11:44:42.612+0000][26480][gc,age       ] GC(361) - age   1:    8454960 bytes,    8454960 total
[2020-09-11T11:44:42.612+0000][26480][gc,age       ] GC(361) - age   2:       3368 bytes,    8458328 total
[2020-09-11T11:44:42.612+0000][26480][gc,age       ] GC(361) - age   3:      54192 bytes,    8512520 total
[2020-09-11T11:44:42.612+0000][26480][gc,age       ] GC(361) - age   4:       7792 bytes,    8520312 total
[2020-09-11T11:44:42.612+0000][26480][gc,age       ] GC(361) - age   5:       1168 bytes,    8521480 total
[2020-09-11T11:44:42.612+0000][26480][gc,age       ] GC(361) - age   6:        360 bytes,    8521840 total
[2020-09-11T11:44:42.612+0000][26480][gc,age       ] GC(361) - age   7:        320 bytes,    8522160 total
[2020-09-11T11:44:42.612+0000][26480][gc,age       ] GC(361) - age   8:        392 bytes,    8522552 total
[2020-09-11T11:44:42.612+0000][26480][gc,age       ] GC(361) - age   9:        672 bytes,    8523224 total
[2020-09-11T11:44:42.612+0000][26480][gc,age       ] GC(361) - age  10:        552 bytes,    8523776 total
[2020-09-11T11:44:42.612+0000][26480][gc,age       ] GC(361) - age  11:       1976 bytes,    8525752 total
[2020-09-11T11:44:42.612+0000][26480][gc,age       ] GC(361) - age  12:         88 bytes,    8525840 total
[2020-09-11T11:44:42.612+0000][26480][gc,age       ] GC(361) - age  13:       4592 bytes,    8530432 total
[2020-09-11T11:44:42.612+0000][26480][gc,age       ] GC(361) - age  14:       1632 bytes,    8532064 total
[2020-09-11T11:44:42.612+0000][26480][gc,age       ] GC(361) - age  15:       1384 bytes,    8533448 total
[2020-09-11T11:44:42.612+0000][26480][gc,phases    ] GC(361)   Pre Evacuate Collection Set: 0.5ms
[2020-09-11T11:44:42.612+0000][26480][gc,phases    ] GC(361)   Merge Heap Roots: 0.1ms
[2020-09-11T11:44:42.613+0000][26480][gc,phases    ] GC(361)   Evacuate Collection Set: 3.1ms
[2020-09-11T11:44:42.613+0000][26480][gc,phases    ] GC(361)   Post Evacuate Collection Set: 1.0ms
[2020-09-11T11:44:42.613+0000][26480][gc,phases    ] GC(361)   Other: 1.2ms
[2020-09-11T11:44:42.613+0000][26480][gc,heap      ] GC(361) Eden regions: 63->0(480)
[2020-09-11T11:44:42.613+0000][26480][gc,heap      ] GC(361) Survivor regions: 9->9(62)
[2020-09-11T11:44:42.613+0000][26480][gc,heap      ] GC(361) Old regions: 78->78
[2020-09-11T11:44:42.613+0000][26480][gc,heap      ] GC(361) Archive regions: 0->0
[2020-09-11T11:44:42.613+0000][26480][gc,heap      ] GC(361) Humongous regions: 318->174
[2020-09-11T11:44:42.613+0000][26480][gc,metaspace ] GC(361) Metaspace: 88252K(94232K)->88252K(94232K) NonClass: 77079K(80536K)->77079K(80536K) Class: 11172K(13696K)->11172K(13696K)
[2020-09-11T11:44:42.613+0000][26480][gc           ] GC(361) Pause Young (Concurrent Start) (G1 Humongous Allocation) 466M->260M(1024M) 6.363ms
[2020-09-11T11:44:42.613+0000][26480][gc,cpu       ] GC(361) User=0.00s Sys=0.00s Real=0.01s
[2020-09-11T11:44:42.613+0000][26480][gc           ] GC(362) Concurrent Cycle
[2020-09-11T11:44:42.613+0000][26480][gc,marking   ] GC(362) Concurrent Clear Claimed Marks
[2020-09-11T11:44:42.613+0000][26480][safepoint    ] Safepoint "G1TryInitiateConcMark", Time since last: 288071900 ns, Reaching safepoint: 197300 ns, At safepoint: 6780600 ns, Total: 6977900 ns
[2020-09-11T11:44:42.613+0000][26480][gc,marking   ] GC(362) Concurrent Clear Claimed Marks 0.392ms
[2020-09-11T11:44:42.614+0000][26480][gc,marking   ] GC(362) Concurrent Scan Root Regions
[2020-09-11T11:44:42.617+0000][26480][gc,marking   ] GC(362) Concurrent Scan Root Regions 3.067ms
[2020-09-11T11:44:42.617+0000][26480][gc,marking   ] GC(362) Concurrent Mark (7087.752s)
[2020-09-11T11:44:42.617+0000][26480][gc,marking   ] GC(362) Concurrent Mark From Roots
[2020-09-11T11:44:42.617+0000][26480][gc,task      ] GC(362) Using 2 workers of 2 for marking
[2020-09-11T11:44:42.779+0000][26480][gc,marking   ] GC(362) Concurrent Mark From Roots 162.044ms
[2020-09-11T11:44:42.779+0000][26480][gc,marking   ] GC(362) Concurrent Preclean
[2020-09-11T11:44:42.780+0000][26480][gc,marking   ] GC(362) Concurrent Preclean 0.926ms
[2020-09-11T11:44:42.780+0000][26480][gc,marking   ] GC(362) Concurrent Mark (7087.752s, 7087.915s) 163.203ms
[2020-09-11T11:44:42.780+0000][26480][gc,start     ] GC(362) Pause Remark
[2020-09-11T11:44:42.787+0000][26480][gc           ] GC(362) Pause Remark 509M->509M(1024M) 6.872ms
[2020-09-11T11:44:42.787+0000][26480][gc,cpu       ] GC(362) User=0.00s Sys=0.00s Real=0.01s
[2020-09-11T11:44:42.787+0000][26480][safepoint    ] Safepoint "G1Concurrent", Time since last: 166793600 ns, Reaching safepoint: 176400 ns, At safepoint: 7223900 ns, Total: 7400300 ns
[2020-09-11T11:44:42.788+0000][26480][gc,marking   ] GC(362) Concurrent Rebuild Remembered Sets
[2020-09-11T11:44:42.885+0000][26480][gc,marking   ] GC(362) Concurrent Rebuild Remembered Sets 97.576ms
[2020-09-11T11:44:42.885+0000][26480][gc,start     ] GC(362) Pause Cleanup
[2020-09-11T11:44:42.886+0000][26480][gc           ] GC(362) Pause Cleanup 512M->512M(1024M) 0.413ms
[2020-09-11T11:44:42.886+0000][26480][gc,cpu       ] GC(362) User=0.00s Sys=0.00s Real=0.00s
[2020-09-11T11:44:42.886+0000][26480][safepoint    ] Safepoint "G1Concurrent", Time since last: 97806900 ns, Reaching safepoint: 181100 ns, At safepoint: 644300 ns, Total: 825400 ns
[2020-09-11T11:44:42.886+0000][26480][gc,marking   ] GC(362) Concurrent Cleanup for Next Mark
[2020-09-11T11:44:42.888+0000][26480][gc,marking   ] GC(362) Concurrent Cleanup for Next Mark 2.201ms
[2020-09-11T11:44:42.888+0000][26480][gc           ] GC(362) Concurrent Cycle 275.430ms
[2020-09-11T11:44:42.902+0000][26480][gc,start     ] GC(363) Pause Young (Concurrent Start) (G1 Humongous Allocation)
[2020-09-11T11:44:42.902+0000][26480][gc,task      ] GC(363) Using 8 workers of 8 for evacuation
[2020-09-11T11:44:42.902+0000][26480][gc,age       ] GC(363) Desired survivor size 32505856 bytes, new threshold 15 (max threshold 15)
[2020-09-11T11:44:42.907+0000][26480][gc,age       ] GC(363) Age table with threshold 15 (max threshold 15)
[2020-09-11T11:44:42.907+0000][26480][gc,age       ] GC(363) - age   1:    1101608 bytes,    1101608 total
[2020-09-11T11:44:42.907+0000][26480][gc,age       ] GC(363) - age   2:    2777640 bytes,    3879248 total
[2020-09-11T11:44:42.907+0000][26480][gc,age       ] GC(363) - age   3:       2744 bytes,    3881992 total
[2020-09-11T11:44:42.907+0000][26480][gc,age       ] GC(363) - age   4:      54192 bytes,    3936184 total
[2020-09-11T11:44:42.907+0000][26480][gc,age       ] GC(363) - age   5:       6928 bytes,    3943112 total
[2020-09-11T11:44:42.907+0000][26480][gc,age       ] GC(363) - age   6:        808 bytes,    3943920 total
[2020-09-11T11:44:42.907+0000][26480][gc,age       ] GC(363) - age   7:        360 bytes,    3944280 total
[2020-09-11T11:44:42.907+0000][26480][gc,age       ] GC(363) - age   8:        320 bytes,    3944600 total
[2020-09-11T11:44:42.907+0000][26480][gc,age       ] GC(363) - age   9:        392 bytes,    3944992 total
[2020-09-11T11:44:42.907+0000][26480][gc,age       ] GC(363) - age  10:        672 bytes,    3945664 total
[2020-09-11T11:44:42.907+0000][26480][gc,age       ] GC(363) - age  11:        552 bytes,    3946216 total
[2020-09-11T11:44:42.907+0000][26480][gc,age       ] GC(363) - age  12:       1976 bytes,    3948192 total
[2020-09-11T11:44:42.907+0000][26480][gc,age       ] GC(363) - age  13:         88 bytes,    3948280 total
[2020-09-11T11:44:42.907+0000][26480][gc,age       ] GC(363) - age  14:       4592 bytes,    3952872 total
[2020-09-11T11:44:42.907+0000][26480][gc,age       ] GC(363) - age  15:       1632 bytes,    3954504 total
[2020-09-11T11:44:42.907+0000][26480][gc,phases    ] GC(363)   Pre Evacuate Collection Set: 0.6ms
[2020-09-11T11:44:42.907+0000][26480][gc,phases    ] GC(363)   Merge Heap Roots: 0.1ms
[2020-09-11T11:44:42.907+0000][26480][gc,phases    ] GC(363)   Evacuate Collection Set: 2.4ms
[2020-09-11T11:44:42.907+0000][26480][gc,phases    ] GC(363)   Post Evacuate Collection Set: 1.0ms
[2020-09-11T11:44:42.907+0000][26480][gc,phases    ] GC(363)   Other: 1.1ms
[2020-09-11T11:44:42.908+0000][26480][gc,heap      ] GC(363) Eden regions: 52->0(408)
[2020-09-11T11:44:42.908+0000][26480][gc,heap      ] GC(363) Survivor regions: 9->5(62)
[2020-09-11T11:44:42.908+0000][26480][gc,heap      ] GC(363) Old regions: 78->78
[2020-09-11T11:44:42.908+0000][26480][gc,heap      ] GC(363) Archive regions: 0->0
[2020-09-11T11:44:42.908+0000][26480][gc,heap      ] GC(363) Humongous regions: 378->174
[2020-09-11T11:44:42.908+0000][26480][gc,metaspace ] GC(363) Metaspace: 88252K(94232K)->88252K(94232K) NonClass: 77079K(80536K)->77079K(80536K) Class: 11172K(13696K)->11172K(13696K)
[2020-09-11T11:44:42.908+0000][26480][gc           ] GC(363) Pause Young (Concurrent Start) (G1 Humongous Allocation) 515M->256M(1024M) 5.595ms
[2020-09-11T11:44:42.908+0000][26480][gc,cpu       ] GC(363) User=0.00s Sys=0.00s Real=0.01s
[2020-09-11T11:44:42.908+0000][26480][gc           ] GC(364) Concurrent Cycle
[2020-09-11T11:44:42.908+0000][26480][safepoint    ] Safepoint "G1TryInitiateConcMark", Time since last: 15827200 ns, Reaching safepoint: 188000 ns, At safepoint: 5847100 ns, Total: 6035100 ns
[2020-09-11T11:44:42.908+0000][26480][gc,marking   ] GC(364) Concurrent Clear Claimed Marks
[2020-09-11T11:44:42.908+0000][26480][gc,marking   ] GC(364) Concurrent Clear Claimed Marks 0.534ms
[2020-09-11T11:44:42.909+0000][26480][gc,marking   ] GC(364) Concurrent Scan Root Regions
[2020-09-11T11:44:42.913+0000][26480][gc,marking   ] GC(364) Concurrent Scan Root Regions 4.086ms
[2020-09-11T11:44:42.913+0000][26480][gc,marking   ] GC(364) Concurrent Mark (7088.048s)
[2020-09-11T11:44:42.913+0000][26480][gc,marking   ] GC(364) Concurrent Mark From Roots
[2020-09-11T11:44:42.913+0000][26480][gc,task      ] GC(364) Using 2 workers of 2 for marking
[2020-09-11T11:44:43.078+0000][26480][gc,marking   ] GC(364) Concurrent Mark From Roots 165.364ms
[2020-09-11T11:44:43.078+0000][26480][gc,marking   ] GC(364) Concurrent Preclean
[2020-09-11T11:44:43.079+0000][26480][gc,marking   ] GC(364) Concurrent Preclean 0.860ms
[2020-09-11T11:44:43.079+0000][26480][gc,marking   ] GC(364) Concurrent Mark (7088.048s, 7088.214s) 166.500ms
[2020-09-11T11:44:43.080+0000][26480][gc,start     ] GC(364) Pause Remark
[2020-09-11T11:44:43.087+0000][26480][gc           ] GC(364) Pause Remark 330M->330M(1024M) 6.855ms
[2020-09-11T11:44:43.087+0000][26480][gc,cpu       ] GC(364) User=0.00s Sys=0.00s Real=0.01s
[2020-09-11T11:44:43.087+0000][26480][safepoint    ] Safepoint "G1Concurrent", Time since last: 171506300 ns, Reaching safepoint: 196200 ns, At safepoint: 7110600 ns, Total: 7306800 ns
[2020-09-11T11:44:43.087+0000][26480][gc,marking   ] GC(364) Concurrent Rebuild Remembered Sets
[2020-09-11T11:44:43.183+0000][26480][gc,marking   ] GC(364) Concurrent Rebuild Remembered Sets 96.577ms
[2020-09-11T11:44:43.184+0000][26480][gc,start     ] GC(364) Pause Cleanup
[2020-09-11T11:44:43.184+0000][26480][gc           ] GC(364) Pause Cleanup 333M->333M(1024M) 0.385ms
[2020-09-11T11:44:43.184+0000][26480][gc,cpu       ] GC(364) User=0.00s Sys=0.00s Real=0.00s
[2020-09-11T11:44:43.184+0000][26480][safepoint    ] Safepoint "G1Concurrent", Time since last: 96778700 ns, Reaching safepoint: 201500 ns, At safepoint: 588100 ns, Total: 789600 ns
[2020-09-11T11:44:43.184+0000][26480][gc,marking   ] GC(364) Concurrent Cleanup for Next Mark
[2020-09-11T11:44:43.186+0000][26480][gc,marking   ] GC(364) Concurrent Cleanup for Next Mark 2.046ms
[2020-09-11T11:44:43.187+0000][26480][gc           ] GC(364) Concurrent Cycle 278.721ms
[2020-09-11T11:44:43.292+0000][26480][gc,start     ] GC(365) Pause Young (Concurrent Start) (G1 Humongous Allocation)
[2020-09-11T11:44:43.293+0000][26480][gc,task      ] GC(365) Using 8 workers of 8 for evacuation
[2020-09-11T11:44:43.293+0000][26480][gc,age       ] GC(365) Desired survivor size 27262976 bytes, new threshold 15 (max threshold 15)
[2020-09-11T11:44:43.298+0000][26480][gc,age       ] GC(365) Age table with threshold 15 (max threshold 15)
[2020-09-11T11:44:43.298+0000][26480][gc,age       ] GC(365) - age   1:   10697616 bytes,   10697616 total
[2020-09-11T11:44:43.298+0000][26480][gc,age       ] GC(365) - age   2:        584 bytes,   10698200 total
[2020-09-11T11:44:43.298+0000][26480][gc,age       ] GC(365) - age   3:       5160 bytes,   10703360 total
[2020-09-11T11:44:43.298+0000][26480][gc,age       ] GC(365) - age   4:       2344 bytes,   10705704 total
[2020-09-11T11:44:43.298+0000][26480][gc,age       ] GC(365) - age   5:      53968 bytes,   10759672 total
[2020-09-11T11:44:43.298+0000][26480][gc,age       ] GC(365) - age   6:       1216 bytes,   10760888 total
[2020-09-11T11:44:43.298+0000][26480][gc,age       ] GC(365) - age   7:        712 bytes,   10761600 total
[2020-09-11T11:44:43.298+0000][26480][gc,age       ] GC(365) - age   8:        280 bytes,   10761880 total
[2020-09-11T11:44:43.298+0000][26480][gc,age       ] GC(365) - age   9:        320 bytes,   10762200 total
[2020-09-11T11:44:43.298+0000][26480][gc,age       ] GC(365) - age  10:        360 bytes,   10762560 total
[2020-09-11T11:44:43.298+0000][26480][gc,age       ] GC(365) - age  11:        416 bytes,   10762976 total
[2020-09-11T11:44:43.298+0000][26480][gc,age       ] GC(365) - age  12:        552 bytes,   10763528 total
[2020-09-11T11:44:43.298+0000][26480][gc,age       ] GC(365) - age  13:       1096 bytes,   10764624 total
[2020-09-11T11:44:43.298+0000][26480][gc,age       ] GC(365) - age  14:         56 bytes,   10764680 total
[2020-09-11T11:44:43.298+0000][26480][gc,age       ] GC(365) - age  15:       4560 bytes,   10769240 total
[2020-09-11T11:44:43.298+0000][26480][gc,phases    ] GC(365)   Pre Evacuate Collection Set: 0.5ms
[2020-09-11T11:44:43.298+0000][26480][gc,phases    ] GC(365)   Merge Heap Roots: 0.1ms
[2020-09-11T11:44:43.298+0000][26480][gc,phases    ] GC(365)   Evacuate Collection Set: 3.2ms
[2020-09-11T11:44:43.299+0000][26480][gc,phases    ] GC(365)   Post Evacuate Collection Set: 0.9ms
[2020-09-11T11:44:43.299+0000][26480][gc,phases    ] GC(365)   Other: 1.3ms
[2020-09-11T11:44:43.299+0000][26480][gc,heap      ] GC(365) Eden regions: 54->0(417)
[2020-09-11T11:44:43.299+0000][26480][gc,heap      ] GC(365) Survivor regions: 5->11(52)
[2020-09-11T11:44:43.299+0000][26480][gc,heap      ] GC(365) Old regions: 78->78
[2020-09-11T11:44:43.299+0000][26480][gc,heap      ] GC(365) Archive regions: 0->0
[2020-09-11T11:44:43.299+0000][26480][gc,heap      ] GC(365) Humongous regions: 229->174
[2020-09-11T11:44:43.299+0000][26480][gc,metaspace ] GC(365) Metaspace: 88307K(94232K)->88307K(94232K) NonClass: 77128K(80536K)->77128K(80536K) Class: 11179K(13696K)->11179K(13696K)
[2020-09-11T11:44:43.299+0000][26480][gc           ] GC(365) Pause Young (Concurrent Start) (G1 Humongous Allocation) 364M->262M(1024M) 6.478ms
[2020-09-11T11:44:43.299+0000][26480][gc,cpu       ] GC(365) User=0.00s Sys=0.00s Real=0.01s
[2020-09-11T11:44:43.299+0000][26480][gc           ] GC(366) Concurrent Cycle
[2020-09-11T11:44:43.299+0000][26480][gc,marking   ] GC(366) Concurrent Clear Claimed Marks
[2020-09-11T11:44:43.299+0000][26480][safepoint    ] Safepoint "G1TryInitiateConcMark", Time since last: 107830300 ns, Reaching safepoint: 184200 ns, At safepoint: 6839600 ns, Total: 7023800 ns
[2020-09-11T11:44:43.300+0000][26480][gc,marking   ] GC(366) Concurrent Clear Claimed Marks 0.582ms
[2020-09-11T11:44:43.300+0000][26480][gc,marking   ] GC(366) Concurrent Scan Root Regions
[2020-09-11T11:44:43.303+0000][26480][gc,marking   ] GC(366) Concurrent Scan Root Regions 3.340ms
[2020-09-11T11:44:43.303+0000][26480][gc,marking   ] GC(366) Concurrent Mark (7088.438s)
[2020-09-11T11:44:43.304+0000][26480][gc,marking   ] GC(366) Concurrent Mark From Roots
[2020-09-11T11:44:43.304+0000][26480][gc,task      ] GC(366) Using 2 workers of 2 for marking
[2020-09-11T11:44:43.464+0000][26480][gc,marking   ] GC(366) Concurrent Mark From Roots 160.563ms
[2020-09-11T11:44:43.464+0000][26480][gc,marking   ] GC(366) Concurrent Preclean
[2020-09-11T11:44:43.466+0000][26480][gc,marking   ] GC(366) Concurrent Preclean 1.496ms
[2020-09-11T11:44:43.466+0000][26480][gc,marking   ] GC(366) Concurrent Mark (7088.438s, 7088.601s) 162.363ms
[2020-09-11T11:44:43.469+0000][26480][gc,start     ] GC(366) Pause Remark
[2020-09-11T11:44:43.476+0000][26480][gc           ] GC(366) Pause Remark 506M->506M(1024M) 6.962ms
[2020-09-11T11:44:43.476+0000][26480][gc,cpu       ] GC(366) User=0.00s Sys=0.00s Real=0.01s
[2020-09-11T11:44:43.476+0000][26480][safepoint    ] Safepoint "G1Concurrent", Time since last: 166732500 ns, Reaching safepoint: 2787400 ns, At safepoint: 7292000 ns, Total: 10079400 ns
[2020-09-11T11:44:43.476+0000][26480][gc,marking   ] GC(366) Concurrent Rebuild Remembered Sets
[2020-09-11T11:44:43.569+0000][26480][gc,marking   ] GC(366) Concurrent Rebuild Remembered Sets 92.441ms
[2020-09-11T11:44:43.569+0000][26480][gc,start     ] GC(366) Pause Cleanup
[2020-09-11T11:44:43.569+0000][26480][gc           ] GC(366) Pause Cleanup 507M->507M(1024M) 0.387ms
[2020-09-11T11:44:43.569+0000][26480][gc,cpu       ] GC(366) User=0.00s Sys=0.00s Real=0.00s
[2020-09-11T11:44:43.570+0000][26480][safepoint    ] Safepoint "G1Concurrent", Time since last: 92678100 ns, Reaching safepoint: 157300 ns, At safepoint: 764200 ns, Total: 921500 ns
[2020-09-11T11:44:43.570+0000][26480][gc,marking   ] GC(366) Concurrent Cleanup for Next Mark
[2020-09-11T11:44:43.572+0000][26480][gc,marking   ] GC(366) Concurrent Cleanup for Next Mark 1.925ms
[2020-09-11T11:44:43.572+0000][26480][gc           ] GC(366) Concurrent Cycle 272.656ms
[2020-09-11T11:44:43.751+0000][26480][gc,start     ] GC(367) Pause Young (Concurrent Start) (G1 Humongous Allocation)
[2020-09-11T11:44:43.752+0000][26480][gc,task      ] GC(367) Using 8 workers of 8 for evacuation
[2020-09-11T11:44:43.752+0000][26480][gc,age       ] GC(367) Desired survivor size 28311552 bytes, new threshold 15 (max threshold 15)
[2020-09-11T11:44:43.756+0000][26480][gc,age       ] GC(367) Age table with threshold 15 (max threshold 15)
[2020-09-11T11:44:43.756+0000][26480][gc,age       ] GC(367) - age   1:     797072 bytes,     797072 total
[2020-09-11T11:44:43.756+0000][26480][gc,age       ] GC(367) - age   2:    3232840 bytes,    4029912 total
[2020-09-11T11:44:43.756+0000][26480][gc,age       ] GC(367) - age   3:        192 bytes,    4030104 total
[2020-09-11T11:44:43.756+0000][26480][gc,age       ] GC(367) - age   4:       4760 bytes,    4034864 total
[2020-09-11T11:44:43.756+0000][26480][gc,age       ] GC(367) - age   5:       2344 bytes,    4037208 total
[2020-09-11T11:44:43.756+0000][26480][gc,age       ] GC(367) - age   6:      53968 bytes,    4091176 total
[2020-09-11T11:44:43.756+0000][26480][gc,age       ] GC(367) - age   7:       1216 bytes,    4092392 total
[2020-09-11T11:44:43.756+0000][26480][gc,age       ] GC(367) - age   8:        712 bytes,    4093104 total
[2020-09-11T11:44:43.757+0000][26480][gc,age       ] GC(367) - age   9:        280 bytes,    4093384 total
[2020-09-11T11:44:43.757+0000][26480][gc,age       ] GC(367) - age  10:        320 bytes,    4093704 total
[2020-09-11T11:44:43.757+0000][26480][gc,age       ] GC(367) - age  11:        360 bytes,    4094064 total
[2020-09-11T11:44:43.757+0000][26480][gc,age       ] GC(367) - age  12:        416 bytes,    4094480 total
[2020-09-11T11:44:43.757+0000][26480][gc,age       ] GC(367) - age  13:        552 bytes,    4095032 total
[2020-09-11T11:44:43.757+0000][26480][gc,age       ] GC(367) - age  14:       1096 bytes,    4096128 total
[2020-09-11T11:44:43.757+0000][26480][gc,age       ] GC(367) - age  15:         56 bytes,    4096184 total
[2020-09-11T11:44:43.757+0000][26480][gc,phases    ] GC(367)   Pre Evacuate Collection Set: 0.5ms
[2020-09-11T11:44:43.757+0000][26480][gc,phases    ] GC(367)   Merge Heap Roots: 0.1ms
[2020-09-11T11:44:43.757+0000][26480][gc,phases    ] GC(367)   Evacuate Collection Set: 2.6ms
[2020-09-11T11:44:43.757+0000][26480][gc,phases    ] GC(367)   Post Evacuate Collection Set: 1.1ms
[2020-09-11T11:44:43.757+0000][26480][gc,phases    ] GC(367)   Other: 1.2ms
[2020-09-11T11:44:43.757+0000][26480][gc,heap      ] GC(367) Eden regions: 51->0(416)
[2020-09-11T11:44:43.757+0000][26480][gc,heap      ] GC(367) Survivor regions: 11->5(54)
[2020-09-11T11:44:43.757+0000][26480][gc,heap      ] GC(367) Old regions: 78->78
[2020-09-11T11:44:43.757+0000][26480][gc,heap      ] GC(367) Archive regions: 0->0
[2020-09-11T11:44:43.757+0000][26480][gc,heap      ] GC(367) Humongous regions: 377->174
[2020-09-11T11:44:43.757+0000][26480][gc,metaspace ] GC(367) Metaspace: 88307K(94232K)->88307K(94232K) NonClass: 77128K(80536K)->77128K(80536K) Class: 11179K(13696K)->11179K(13696K)
[2020-09-11T11:44:43.757+0000][26480][gc           ] GC(367) Pause Young (Concurrent Start) (G1 Humongous Allocation) 516M->256M(1024M) 5.899ms
[2020-09-11T11:44:43.757+0000][26480][gc,cpu       ] GC(367) User=0.00s Sys=0.00s Real=0.01s
[2020-09-11T11:44:43.757+0000][26480][gc           ] GC(368) Concurrent Cycle
[2020-09-11T11:44:43.758+0000][26480][gc,marking   ] GC(368) Concurrent Clear Claimed Marks
[2020-09-11T11:44:43.758+0000][26480][safepoint    ] Safepoint "G1TryInitiateConcMark", Time since last: 181560100 ns, Reaching safepoint: 214500 ns, At safepoint: 6249500 ns, Total: 6464000 ns
[2020-09-11T11:44:43.758+0000][26480][gc,marking   ] GC(368) Concurrent Clear Claimed Marks 0.343ms
[2020-09-11T11:44:43.758+0000][26480][gc,marking   ] GC(368) Concurrent Scan Root Regions
[2020-09-11T11:44:43.760+0000][26480][gc,marking   ] GC(368) Concurrent Scan Root Regions 1.944ms
[2020-09-11T11:44:43.760+0000][26480][gc,marking   ] GC(368) Concurrent Mark (7088.895s)
[2020-09-11T11:44:43.760+0000][26480][gc,marking   ] GC(368) Concurrent Mark From Roots
[2020-09-11T11:44:43.760+0000][26480][gc,task      ] GC(368) Using 2 workers of 2 for marking
[2020-09-11T11:44:43.925+0000][26480][gc,marking   ] GC(368) Concurrent Mark From Roots 165.240ms
[2020-09-11T11:44:43.925+0000][26480][gc,marking   ] GC(368) Concurrent Preclean
[2020-09-11T11:44:43.926+0000][26480][gc,marking   ] GC(368) Concurrent Preclean 0.846ms
[2020-09-11T11:44:43.926+0000][26480][gc,marking   ] GC(368) Concurrent Mark (7088.895s, 7089.061s) 166.275ms
[2020-09-11T11:44:43.926+0000][26480][gc,start     ] GC(368) Pause Remark
[2020-09-11T11:44:43.933+0000][26480][gc           ] GC(368) Pause Remark 326M->326M(1024M) 6.697ms
[2020-09-11T11:44:43.933+0000][26480][gc,cpu       ] GC(368) User=0.11s Sys=0.00s Real=0.01s
[2020-09-11T11:44:43.933+0000][26480][safepoint    ] Safepoint "G1Concurrent", Time since last: 168728700 ns, Reaching safepoint: 190300 ns, At safepoint: 6907600 ns, Total: 7097900 ns
[2020-09-11T11:44:43.933+0000][26480][gc,marking   ] GC(368) Concurrent Rebuild Remembered Sets
[2020-09-11T11:44:44.024+0000][26480][gc,marking   ] GC(368) Concurrent Rebuild Remembered Sets 90.546ms
[2020-09-11T11:44:44.024+0000][26480][gc,start     ] GC(368) Pause Cleanup
[2020-09-11T11:44:44.025+0000][26480][gc           ] GC(368) Pause Cleanup 328M->328M(1024M) 0.363ms
[2020-09-11T11:44:44.025+0000][26480][gc,cpu       ] GC(368) User=0.02s Sys=0.00s Real=0.00s
[2020-09-11T11:44:44.025+0000][26480][safepoint    ] Safepoint "G1Concurrent", Time since last: 90734100 ns, Reaching safepoint: 190400 ns, At safepoint: 555700 ns, Total: 746100 ns
[2020-09-11T11:44:44.025+0000][26480][gc,marking   ] GC(368) Concurrent Cleanup for Next Mark
[2020-09-11T11:44:44.027+0000][26480][gc,marking   ] GC(368) Concurrent Cleanup for Next Mark 1.971ms
[2020-09-11T11:44:44.027+0000][26480][gc           ] GC(368) Concurrent Cycle 269.585ms
[2020-09-11T11:44:44.139+0000][26480][gc,start     ] GC(369) Pause Young (Concurrent Start) (G1 Humongous Allocation)
[2020-09-11T11:44:44.139+0000][26480][gc,task      ] GC(369) Using 8 workers of 8 for evacuation
[2020-09-11T11:44:44.139+0000][26480][gc,age       ] GC(369) Desired survivor size 27787264 bytes, new threshold 15 (max threshold 15)
[2020-09-11T11:44:44.144+0000][26480][gc,age       ] GC(369) Age table with threshold 15 (max threshold 15)
[2020-09-11T11:44:44.144+0000][26480][gc,age       ] GC(369) - age   1:   10914240 bytes,   10914240 total
[2020-09-11T11:44:44.144+0000][26480][gc,age       ] GC(369) - age   2:        832 bytes,   10915072 total
[2020-09-11T11:44:44.144+0000][26480][gc,age       ] GC(369) - age   3:       7160 bytes,   10922232 total
[2020-09-11T11:44:44.144+0000][26480][gc,age       ] GC(369) - age   5:       4536 bytes,   10926768 total
[2020-09-11T11:44:44.144+0000][26480][gc,age       ] GC(369) - age   6:       2344 bytes,   10929112 total
[2020-09-11T11:44:44.144+0000][26480][gc,age       ] GC(369) - age   7:      53712 bytes,   10982824 total
[2020-09-11T11:44:44.144+0000][26480][gc,age       ] GC(369) - age   8:        816 bytes,   10983640 total
[2020-09-11T11:44:44.144+0000][26480][gc,age       ] GC(369) - age   9:        712 bytes,   10984352 total
[2020-09-11T11:44:44.144+0000][26480][gc,age       ] GC(369) - age  10:        280 bytes,   10984632 total
[2020-09-11T11:44:44.144+0000][26480][gc,age       ] GC(369) - age  11:        320 bytes,   10984952 total
[2020-09-11T11:44:44.144+0000][26480][gc,age       ] GC(369) - age  12:        360 bytes,   10985312 total
[2020-09-11T11:44:44.144+0000][26480][gc,age       ] GC(369) - age  13:        416 bytes,   10985728 total
[2020-09-11T11:44:44.144+0000][26480][gc,age       ] GC(369) - age  14:        552 bytes,   10986280 total
[2020-09-11T11:44:44.144+0000][26480][gc,age       ] GC(369) - age  15:       1032 bytes,   10987312 total
[2020-09-11T11:44:44.144+0000][26480][gc,phases    ] GC(369)   Pre Evacuate Collection Set: 0.5ms
[2020-09-11T11:44:44.145+0000][26480][gc,phases    ] GC(369)   Merge Heap Roots: 0.1ms
[2020-09-11T11:44:44.145+0000][26480][gc,phases    ] GC(369)   Evacuate Collection Set: 3.3ms
[2020-09-11T11:44:44.145+0000][26480][gc,phases    ] GC(369)   Post Evacuate Collection Set: 0.9ms
[2020-09-11T11:44:44.145+0000][26480][gc,phases    ] GC(369)   Other: 1.2ms
[2020-09-11T11:44:44.145+0000][26480][gc,heap      ] GC(369) Eden regions: 48->0(423)
[2020-09-11T11:44:44.145+0000][26480][gc,heap      ] GC(369) Survivor regions: 5->11(53)
[2020-09-11T11:44:44.145+0000][26480][gc,heap      ] GC(369) Old regions: 78->78
[2020-09-11T11:44:44.145+0000][26480][gc,heap      ] GC(369) Archive regions: 0->0
[2020-09-11T11:44:44.145+0000][26480][gc,heap      ] GC(369) Humongous regions: 229->174
[2020-09-11T11:44:44.145+0000][26480][gc,metaspace ] GC(369) Metaspace: 88317K(94232K)->88317K(94232K) NonClass: 77138K(80536K)->77138K(80536K) Class: 11179K(13696K)->11179K(13696K)
[2020-09-11T11:44:44.145+0000][26480][gc           ] GC(369) Pause Young (Concurrent Start) (G1 Humongous Allocation) 358M->262M(1024M) 6.527ms
[2020-09-11T11:44:44.145+0000][26480][gc,cpu       ] GC(369) User=0.00s Sys=0.00s Real=0.01s
[2020-09-11T11:44:44.145+0000][26480][gc           ] GC(370) Concurrent Cycle
[2020-09-11T11:44:44.145+0000][26480][gc,marking   ] GC(370) Concurrent Clear Claimed Marks
[2020-09-11T11:44:44.145+0000][26480][safepoint    ] Safepoint "G1TryInitiateConcMark", Time since last: 113442500 ns, Reaching safepoint: 201200 ns, At safepoint: 7018500 ns, Total: 7219700 ns
[2020-09-11T11:44:44.146+0000][26480][gc,marking   ] GC(370) Concurrent Clear Claimed Marks 0.398ms
[2020-09-11T11:44:44.146+0000][26480][gc,marking   ] GC(370) Concurrent Scan Root Regions
[2020-09-11T11:44:44.149+0000][26480][gc,marking   ] GC(370) Concurrent Scan Root Regions 3.022ms
[2020-09-11T11:44:44.149+0000][26480][gc,marking   ] GC(370) Concurrent Mark (7089.284s)
[2020-09-11T11:44:44.149+0000][26480][gc,marking   ] GC(370) Concurrent Mark From Roots
[2020-09-11T11:44:44.149+0000][26480][gc,task      ] GC(370) Using 2 workers of 2 for marking
[2020-09-11T11:44:44.313+0000][26480][gc,marking   ] GC(370) Concurrent Mark From Roots 163.665ms
[2020-09-11T11:44:44.313+0000][26480][gc,marking   ] GC(370) Concurrent Preclean
[2020-09-11T11:44:44.314+0000][26480][gc,marking   ] GC(370) Concurrent Preclean 1.036ms
[2020-09-11T11:44:44.314+0000][26480][gc,marking   ] GC(370) Concurrent Mark (7089.284s, 7089.449s) 164.915ms
[2020-09-11T11:44:44.314+0000][26480][gc,start     ] GC(370) Pause Remark
[2020-09-11T11:44:44.321+0000][26480][gc           ] GC(370) Pause Remark 507M->507M(1024M) 7.327ms
[2020-09-11T11:44:44.322+0000][26480][gc,cpu       ] GC(370) User=0.00s Sys=0.00s Real=0.01s
[2020-09-11T11:44:44.322+0000][26480][safepoint    ] Safepoint "G1Concurrent", Time since last: 168411700 ns, Reaching safepoint: 181900 ns, At safepoint: 7591100 ns, Total: 7773000 ns
[2020-09-11T11:44:44.322+0000][26480][gc,marking   ] GC(370) Concurrent Rebuild Remembered Sets
[2020-09-11T11:44:44.424+0000][26480][gc,marking   ] GC(370) Concurrent Rebuild Remembered Sets 102.555ms
[2020-09-11T11:44:44.425+0000][26480][gc,start     ] GC(370) Pause Cleanup
[2020-09-11T11:44:44.425+0000][26480][gc           ] GC(370) Pause Cleanup 508M->508M(1024M) 0.370ms
[2020-09-11T11:44:44.425+0000][26480][gc,cpu       ] GC(370) User=0.00s Sys=0.00s Real=0.00s
[2020-09-11T11:44:44.425+0000][26480][safepoint    ] Safepoint "G1Concurrent", Time since last: 102774300 ns, Reaching safepoint: 184900 ns, At safepoint: 566400 ns, Total: 751300 ns
[2020-09-11T11:44:44.425+0000][26480][gc,marking   ] GC(370) Concurrent Cleanup for Next Mark
[2020-09-11T11:44:44.428+0000][26480][gc,marking   ] GC(370) Concurrent Cleanup for Next Mark 1.865ms
[2020-09-11T11:44:44.428+0000][26480][gc           ] GC(370) Concurrent Cycle 282.037ms
[2020-09-11T11:44:44.479+0000][26480][gc,start     ] GC(371) Pause Young (Concurrent Start) (G1 Humongous Allocation)
[2020-09-11T11:44:44.479+0000][26480][gc,task      ] GC(371) Using 8 workers of 8 for evacuation
[2020-09-11T11:44:44.479+0000][26480][gc,age       ] GC(371) Desired survivor size 28835840 bytes, new threshold 15 (max threshold 15)
[2020-09-11T11:44:44.484+0000][26480][gc,age       ] GC(371) Age table with threshold 15 (max threshold 15)
[2020-09-11T11:44:44.484+0000][26480][gc,age       ] GC(371) - age   1:     577784 bytes,     577784 total
[2020-09-11T11:44:44.484+0000][26480][gc,age       ] GC(371) - age   2:    2780872 bytes,    3358656 total
[2020-09-11T11:44:44.484+0000][26480][gc,age       ] GC(371) - age   3:        800 bytes,    3359456 total
[2020-09-11T11:44:44.484+0000][26480][gc,age       ] GC(371) - age   4:       6432 bytes,    3365888 total
[2020-09-11T11:44:44.484+0000][26480][gc,age       ] GC(371) - age   6:       4536 bytes,    3370424 total
[2020-09-11T11:44:44.484+0000][26480][gc,age       ] GC(371) - age   7:       2344 bytes,    3372768 total
[2020-09-11T11:44:44.484+0000][26480][gc,age       ] GC(371) - age   8:      53712 bytes,    3426480 total
[2020-09-11T11:44:44.484+0000][26480][gc,age       ] GC(371) - age   9:        816 bytes,    3427296 total
[2020-09-11T11:44:44.484+0000][26480][gc,age       ] GC(371) - age  10:        712 bytes,    3428008 total
[2020-09-11T11:44:44.484+0000][26480][gc,age       ] GC(371) - age  11:        280 bytes,    3428288 total
[2020-09-11T11:44:44.484+0000][26480][gc,age       ] GC(371) - age  12:        320 bytes,    3428608 total
[2020-09-11T11:44:44.485+0000][26480][gc,age       ] GC(371) - age  13:        360 bytes,    3428968 total
[2020-09-11T11:44:44.485+0000][26480][gc,age       ] GC(371) - age  14:        416 bytes,    3429384 total
[2020-09-11T11:44:44.485+0000][26480][gc,age       ] GC(371) - age  15:        552 bytes,    3429936 total
[2020-09-11T11:44:44.485+0000][26480][gc,phases    ] GC(371)   Pre Evacuate Collection Set: 0.5ms
[2020-09-11T11:44:44.485+0000][26480][gc,phases    ] GC(371)   Merge Heap Roots: 0.1ms
[2020-09-11T11:44:44.485+0000][26480][gc,phases    ] GC(371)   Evacuate Collection Set: 2.8ms
[2020-09-11T11:44:44.485+0000][26480][gc,phases    ] GC(371)   Post Evacuate Collection Set: 1.0ms
[2020-09-11T11:44:44.485+0000][26480][gc,phases    ] GC(371)   Other: 1.2ms
[2020-09-11T11:44:44.485+0000][26480][gc,heap      ] GC(371) Eden regions: 51->0(444)
[2020-09-11T11:44:44.485+0000][26480][gc,heap      ] GC(371) Survivor regions: 11->4(55)
[2020-09-11T11:44:44.485+0000][26480][gc,heap      ] GC(371) Old regions: 78->78
[2020-09-11T11:44:44.485+0000][26480][gc,heap      ] GC(371) Archive regions: 0->0
[2020-09-11T11:44:44.485+0000][26480][gc,heap      ] GC(371) Humongous regions: 375->174
[2020-09-11T11:44:44.485+0000][26480][gc,metaspace ] GC(371) Metaspace: 88317K(94232K)->88317K(94232K) NonClass: 77138K(80536K)->77138K(80536K) Class: 11179K(13696K)->11179K(13696K)
[2020-09-11T11:44:44.485+0000][26480][gc           ] GC(371) Pause Young (Concurrent Start) (G1 Humongous Allocation) 514M->255M(1024M) 6.033ms
[2020-09-11T11:44:44.485+0000][26480][gc,cpu       ] GC(371) User=0.00s Sys=0.00s Real=0.01s
[2020-09-11T11:44:44.485+0000][26480][gc           ] GC(372) Concurrent Cycle
[2020-09-11T11:44:44.485+0000][26480][safepoint    ] Safepoint "G1TryInitiateConcMark", Time since last: 53754400 ns, Reaching safepoint: 156900 ns, At safepoint: 6269900 ns, Total: 6426800 ns
[2020-09-11T11:44:44.485+0000][26480][gc,marking   ] GC(372) Concurrent Clear Claimed Marks
[2020-09-11T11:44:44.488+0000][26480][gc,marking   ] GC(372) Concurrent Clear Claimed Marks 1.300ms
[2020-09-11T11:44:44.488+0000][26480][gc,marking   ] GC(372) Concurrent Scan Root Regions
[2020-09-11T11:44:44.489+0000][26480][gc,marking   ] GC(372) Concurrent Scan Root Regions 2.170ms
[2020-09-11T11:44:44.489+0000][26480][gc,marking   ] GC(372) Concurrent Mark (7089.624s)
[2020-09-11T11:44:44.489+0000][26480][gc,marking   ] GC(372) Concurrent Mark From Roots
[2020-09-11T11:44:44.489+0000][26480][gc,task      ] GC(372) Using 2 workers of 2 for marking
[2020-09-11T11:44:44.652+0000][26480][gc,marking   ] GC(372) Concurrent Mark From Roots 162.416ms
[2020-09-11T11:44:44.652+0000][26480][gc,marking   ] GC(372) Concurrent Preclean
[2020-09-11T11:44:44.653+0000][26480][gc,marking   ] GC(372) Concurrent Preclean 0.820ms
[2020-09-11T11:44:44.653+0000][26480][gc,marking   ] GC(372) Concurrent Mark (7089.624s, 7089.788s) 163.447ms
[2020-09-11T11:44:44.656+0000][26480][gc,start     ] GC(372) Pause Remark
[2020-09-11T11:44:44.662+0000][26480][gc           ] GC(372) Pause Remark 325M->325M(1024M) 6.326ms
[2020-09-11T11:44:44.662+0000][26480][gc,cpu       ] GC(372) User=0.00s Sys=0.00s Real=0.01s
[2020-09-11T11:44:44.662+0000][26480][safepoint    ] Safepoint "G1Concurrent", Time since last: 167624800 ns, Reaching safepoint: 2710300 ns, At safepoint: 6556900 ns, Total: 9267200 ns
[2020-09-11T11:44:44.662+0000][26480][gc,marking   ] GC(372) Concurrent Rebuild Remembered Sets
[2020-09-11T11:44:44.762+0000][26480][gc,marking   ] GC(372) Concurrent Rebuild Remembered Sets 99.779ms
[2020-09-11T11:44:44.765+0000][26480][gc,start     ] GC(372) Pause Cleanup
[2020-09-11T11:44:44.765+0000][26480][gc           ] GC(372) Pause Cleanup 327M->327M(1024M) 0.368ms
[2020-09-11T11:44:44.765+0000][26480][gc,cpu       ] GC(372) User=0.00s Sys=0.00s Real=0.00s
[2020-09-11T11:44:44.765+0000][26480][safepoint    ] Safepoint "G1Concurrent", Time since last: 100006300 ns, Reaching safepoint: 2436000 ns, At safepoint: 594500 ns, Total: 3030500 ns
[2020-09-11T11:44:44.765+0000][26480][gc,marking   ] GC(372) Concurrent Cleanup for Next Mark
[2020-09-11T11:44:44.767+0000][26480][gc,marking   ] GC(372) Concurrent Cleanup for Next Mark 1.903ms
[2020-09-11T11:44:44.767+0000][26480][gc           ] GC(372) Concurrent Cycle 282.111ms
[2020-09-11T11:44:45.086+0000][26480][gc,start     ] GC(373) Pause Young (Concurrent Start) (G1 Humongous Allocation)
[2020-09-11T11:44:45.086+0000][26480][gc,task      ] GC(373) Using 8 workers of 8 for evacuation
[2020-09-11T11:44:45.086+0000][26480][gc,age       ] GC(373) Desired survivor size 29360128 bytes, new threshold 15 (max threshold 15)
[2020-09-11T11:44:45.090+0000][26480][gc,age       ] GC(373) Age table with threshold 15 (max threshold 15)
[2020-09-11T11:44:45.090+0000][26480][gc,age       ] GC(373) - age   1:    2546152 bytes,    2546152 total
[2020-09-11T11:44:45.090+0000][26480][gc,age       ] GC(373) - age   2:        848 bytes,    2547000 total
[2020-09-11T11:44:45.090+0000][26480][gc,age       ] GC(373) - age   3:       7008 bytes,    2554008 total
[2020-09-11T11:44:45.090+0000][26480][gc,age       ] GC(373) - age   4:        336 bytes,    2554344 total
[2020-09-11T11:44:45.090+0000][26480][gc,age       ] GC(373) - age   5:       5968 bytes,    2560312 total
[2020-09-11T11:44:45.090+0000][26480][gc,age       ] GC(373) - age   7:       4536 bytes,    2564848 total
[2020-09-11T11:44:45.090+0000][26480][gc,age       ] GC(373) - age   8:       2248 bytes,    2567096 total
[2020-09-11T11:44:45.090+0000][26480][gc,age       ] GC(373) - age   9:      53712 bytes,    2620808 total
[2020-09-11T11:44:45.090+0000][26480][gc,age       ] GC(373) - age  10:        752 bytes,    2621560 total
[2020-09-11T11:44:45.090+0000][26480][gc,age       ] GC(373) - age  11:        712 bytes,    2622272 total
[2020-09-11T11:44:45.090+0000][26480][gc,age       ] GC(373) - age  12:        280 bytes,    2622552 total
[2020-09-11T11:44:45.090+0000][26480][gc,age       ] GC(373) - age  13:        320 bytes,    2622872 total
[2020-09-11T11:44:45.090+0000][26480][gc,age       ] GC(373) - age  14:        360 bytes,    2623232 total
[2020-09-11T11:44:45.090+0000][26480][gc,age       ] GC(373) - age  15:        384 bytes,    2623616 total
[2020-09-11T11:44:45.091+0000][26480][gc,phases    ] GC(373)   Pre Evacuate Collection Set: 0.5ms
[2020-09-11T11:44:45.091+0000][26480][gc,phases    ] GC(373)   Merge Heap Roots: 0.1ms
[2020-09-11T11:44:45.091+0000][26480][gc,phases    ] GC(373)   Evacuate Collection Set: 2.2ms
[2020-09-11T11:44:45.091+0000][26480][gc,phases    ] GC(373)   Post Evacuate Collection Set: 0.8ms
[2020-09-11T11:44:45.091+0000][26480][gc,phases    ] GC(373)   Other: 1.2ms
[2020-09-11T11:44:45.091+0000][26480][gc,heap      ] GC(373) Eden regions: 38->0(457)
[2020-09-11T11:44:45.091+0000][26480][gc,heap      ] GC(373) Survivor regions: 4->3(56)
[2020-09-11T11:44:45.091+0000][26480][gc,heap      ] GC(373) Old regions: 78->78
[2020-09-11T11:44:45.091+0000][26480][gc,heap      ] GC(373) Archive regions: 0->0
[2020-09-11T11:44:45.091+0000][26480][gc,heap      ] GC(373) Humongous regions: 229->174
[2020-09-11T11:44:45.091+0000][26480][gc,metaspace ] GC(373) Metaspace: 88322K(94488K)->88322K(94488K) NonClass: 77142K(80792K)->77142K(80792K) Class: 11179K(13696K)->11179K(13696K)
[2020-09-11T11:44:45.091+0000][26480][gc           ] GC(373) Pause Young (Concurrent Start) (G1 Humongous Allocation) 348M->254M(1024M) 5.264ms
[2020-09-11T11:44:45.091+0000][26480][gc,cpu       ] GC(373) User=0.11s Sys=0.00s Real=0.01s
[2020-09-11T11:44:45.091+0000][26480][gc           ] GC(374) Concurrent Cycle
[2020-09-11T11:44:45.091+0000][26480][safepoint    ] Safepoint "G1TryInitiateConcMark", Time since last: 320059300 ns, Reaching safepoint: 348200 ns, At safepoint: 5518300 ns, Total: 5866500 ns
[2020-09-11T11:44:45.091+0000][26480][gc,marking   ] GC(374) Concurrent Clear Claimed Marks
[2020-09-11T11:44:45.092+0000][26480][gc,marking   ] GC(374) Concurrent Clear Claimed Marks 0.658ms
[2020-09-11T11:44:45.092+0000][26480][gc,marking   ] GC(374) Concurrent Scan Root Regions
[2020-09-11T11:44:45.095+0000][26480][gc,marking   ] GC(374) Concurrent Scan Root Regions 2.173ms
[2020-09-11T11:44:45.095+0000][26480][gc,marking   ] GC(374) Concurrent Mark (7090.229s)
[2020-09-11T11:44:45.095+0000][26480][gc,marking   ] GC(374) Concurrent Mark From Roots
[2020-09-11T11:44:45.095+0000][26480][gc,task      ] GC(374) Using 2 workers of 2 for marking
[2020-09-11T11:44:45.248+0000][26480][gc,marking   ] GC(374) Concurrent Mark From Roots 153.551ms
[2020-09-11T11:44:45.248+0000][26480][gc,marking   ] GC(374) Concurrent Preclean
[2020-09-11T11:44:45.249+0000][26480][gc,marking   ] GC(374) Concurrent Preclean 0.766ms
[2020-09-11T11:44:45.249+0000][26480][gc,marking   ] GC(374) Concurrent Mark (7090.229s, 7090.384s) 154.527ms
[2020-09-11T11:44:45.249+0000][26480][gc,start     ] GC(374) Pause Remark
[2020-09-11T11:44:45.256+0000][26480][gc           ] GC(374) Pause Remark 309M->309M(1024M) 7.109ms
[2020-09-11T11:44:45.256+0000][26480][gc,cpu       ] GC(374) User=0.00s Sys=0.00s Real=0.01s
[2020-09-11T11:44:45.256+0000][26480][safepoint    ] Safepoint "G1Concurrent", Time since last: 157750400 ns, Reaching safepoint: 170700 ns, At safepoint: 7368600 ns, Total: 7539300 ns
[2020-09-11T11:44:45.257+0000][26480][gc,marking   ] GC(374) Concurrent Rebuild Remembered Sets
[2020-09-11T11:44:45.352+0000][26480][gc,marking   ] GC(374) Concurrent Rebuild Remembered Sets 95.358ms
[2020-09-11T11:44:45.353+0000][26480][gc,start     ] GC(374) Pause Cleanup
[2020-09-11T11:44:45.353+0000][26480][gc           ] GC(374) Pause Cleanup 312M->312M(1024M) 0.422ms
[2020-09-11T11:44:45.353+0000][26480][gc,cpu       ] GC(374) User=0.00s Sys=0.00s Real=0.00s
[2020-09-11T11:44:45.353+0000][26480][safepoint    ] Safepoint "G1Concurrent", Time since last: 95600900 ns, Reaching safepoint: 505900 ns, At safepoint: 647200 ns, Total: 1153100 ns
[2020-09-11T11:44:45.353+0000][26480][gc,marking   ] GC(374) Concurrent Cleanup for Next Mark
[2020-09-11T11:44:45.356+0000][26480][gc,marking   ] GC(374) Concurrent Cleanup for Next Mark 1.925ms
[2020-09-11T11:44:45.356+0000][26480][gc           ] GC(374) Concurrent Cycle 264.234ms
[2020-09-11T11:44:45.414+0000][26480][gc,start     ] GC(375) Pause Young (Concurrent Start) (G1 Humongous Allocation)
[2020-09-11T11:44:45.414+0000][26480][gc,task      ] GC(375) Using 8 workers of 8 for evacuation
[2020-09-11T11:44:45.414+0000][26480][gc,age       ] GC(375) Desired survivor size 30408704 bytes, new threshold 15 (max threshold 15)
[2020-09-11T11:44:45.418+0000][26480][gc,age       ] GC(375) Age table with threshold 15 (max threshold 15)
[2020-09-11T11:44:45.418+0000][26480][gc,age       ] GC(375) - age   1:    2513416 bytes,    2513416 total
[2020-09-11T11:44:45.418+0000][26480][gc,age       ] GC(375) - age   2:      15984 bytes,    2529400 total
[2020-09-11T11:44:45.418+0000][26480][gc,age       ] GC(375) - age   3:        600 bytes,    2530000 total
[2020-09-11T11:44:45.418+0000][26480][gc,age       ] GC(375) - age   4:       6864 bytes,    2536864 total
[2020-09-11T11:44:45.418+0000][26480][gc,age       ] GC(375) - age   5:        336 bytes,    2537200 total
[2020-09-11T11:44:45.418+0000][26480][gc,age       ] GC(375) - age   6:       5840 bytes,    2543040 total
[2020-09-11T11:44:45.418+0000][26480][gc,age       ] GC(375) - age   8:       4472 bytes,    2547512 total
[2020-09-11T11:44:45.418+0000][26480][gc,age       ] GC(375) - age   9:       2248 bytes,    2549760 total
[2020-09-11T11:44:45.418+0000][26480][gc,age       ] GC(375) - age  10:      53520 bytes,    2603280 total
[2020-09-11T11:44:45.418+0000][26480][gc,age       ] GC(375) - age  11:        752 bytes,    2604032 total
[2020-09-11T11:44:45.418+0000][26480][gc,age       ] GC(375) - age  12:        680 bytes,    2604712 total
[2020-09-11T11:44:45.419+0000][26480][gc,age       ] GC(375) - age  13:        280 bytes,    2604992 total
[2020-09-11T11:44:45.419+0000][26480][gc,age       ] GC(375) - age  14:        320 bytes,    2605312 total
[2020-09-11T11:44:45.419+0000][26480][gc,age       ] GC(375) - age  15:        360 bytes,    2605672 total
[2020-09-11T11:44:45.419+0000][26480][gc,phases    ] GC(375)   Pre Evacuate Collection Set: 0.5ms
[2020-09-11T11:44:45.419+0000][26480][gc,phases    ] GC(375)   Merge Heap Roots: 0.1ms
[2020-09-11T11:44:45.419+0000][26480][gc,phases    ] GC(375)   Evacuate Collection Set: 2.1ms
[2020-09-11T11:44:45.419+0000][26480][gc,phases    ] GC(375)   Post Evacuate Collection Set: 0.8ms
[2020-09-11T11:44:45.419+0000][26480][gc,phases    ] GC(375)   Other: 1.2ms
[2020-09-11T11:44:45.419+0000][26480][gc,heap      ] GC(375) Eden regions: 21->0(467)
[2020-09-11T11:44:45.419+0000][26480][gc,heap      ] GC(375) Survivor regions: 3->3(58)
[2020-09-11T11:44:45.419+0000][26480][gc,heap      ] GC(375) Old regions: 78->78
[2020-09-11T11:44:45.419+0000][26480][gc,heap      ] GC(375) Archive regions: 0->0
[2020-09-11T11:44:45.419+0000][26480][gc,heap      ] GC(375) Humongous regions: 229->174
[2020-09-11T11:44:45.419+0000][26480][gc,metaspace ] GC(375) Metaspace: 88325K(94488K)->88325K(94488K) NonClass: 77145K(80792K)->77145K(80792K) Class: 11179K(13696K)->11179K(13696K)
[2020-09-11T11:44:45.420+0000][26480][gc           ] GC(375) Pause Young (Concurrent Start) (G1 Humongous Allocation) 330M->254M(1024M) 5.489ms
[2020-09-11T11:44:45.420+0000][26480][gc,cpu       ] GC(375) User=0.11s Sys=0.00s Real=0.01s
[2020-09-11T11:44:45.420+0000][26480][gc           ] GC(376) Concurrent Cycle
[2020-09-11T11:44:45.420+0000][26480][gc,marking   ] GC(376) Concurrent Clear Claimed Marks
[2020-09-11T11:44:45.420+0000][26480][safepoint    ] Safepoint "G1TryInitiateConcMark", Time since last: 60541700 ns, Reaching safepoint: 223600 ns, At safepoint: 5940300 ns, Total: 6163900 ns
[2020-09-11T11:44:45.420+0000][26480][gc,marking   ] GC(376) Concurrent Clear Claimed Marks 0.433ms
[2020-09-11T11:44:45.420+0000][26480][gc,marking   ] GC(376) Concurrent Scan Root Regions
[2020-09-11T11:44:45.423+0000][26480][gc,marking   ] GC(376) Concurrent Scan Root Regions 2.561ms
[2020-09-11T11:44:45.423+0000][26480][gc,marking   ] GC(376) Concurrent Mark (7090.558s)
[2020-09-11T11:44:45.423+0000][26480][gc,marking   ] GC(376) Concurrent Mark From Roots
[2020-09-11T11:44:45.423+0000][26480][gc,task      ] GC(376) Using 2 workers of 2 for marking
[2020-09-11T11:44:45.579+0000][26480][gc,marking   ] GC(376) Concurrent Mark From Roots 155.959ms
[2020-09-11T11:44:45.579+0000][26480][gc,marking   ] GC(376) Concurrent Preclean
[2020-09-11T11:44:45.580+0000][26480][gc,marking   ] GC(376) Concurrent Preclean 1.054ms
[2020-09-11T11:44:45.580+0000][26480][gc,marking   ] GC(376) Concurrent Mark (7090.558s, 7090.715s) 157.230ms
[2020-09-11T11:44:45.581+0000][26480][gc,start     ] GC(376) Pause Remark
[2020-09-11T11:44:45.588+0000][26480][gc           ] GC(376) Pause Remark 302M->302M(1024M) 7.167ms
[2020-09-11T11:44:45.588+0000][26480][gc,cpu       ] GC(376) User=0.02s Sys=0.00s Real=0.01s
[2020-09-11T11:44:45.588+0000][26480][safepoint    ] Safepoint "G1Concurrent", Time since last: 160565000 ns, Reaching safepoint: 217400 ns, At safepoint: 7415900 ns, Total: 7633300 ns
[2020-09-11T11:44:45.588+0000][26480][gc,marking   ] GC(376) Concurrent Rebuild Remembered Sets
[2020-09-11T11:44:45.681+0000][26480][gc,marking   ] GC(376) Concurrent Rebuild Remembered Sets 92.894ms
[2020-09-11T11:44:45.681+0000][26480][gc,start     ] GC(376) Pause Cleanup
[2020-09-11T11:44:45.682+0000][26480][gc           ] GC(376) Pause Cleanup 306M->306M(1024M) 0.372ms
[2020-09-11T11:44:45.682+0000][26480][gc,cpu       ] GC(376) User=0.00s Sys=0.02s Real=0.00s
[2020-09-11T11:44:45.682+0000][26480][safepoint    ] Safepoint "G1Concurrent", Time since last: 93088800 ns, Reaching safepoint: 207600 ns, At safepoint: 609400 ns, Total: 817000 ns
[2020-09-11T11:44:45.682+0000][26480][gc,marking   ] GC(376) Concurrent Cleanup for Next Mark
[2020-09-11T11:44:45.685+0000][26480][gc,marking   ] GC(376) Concurrent Cleanup for Next Mark 2.308ms
[2020-09-11T11:44:45.685+0000][26480][gc           ] GC(376) Concurrent Cycle 264.738ms
[2020-09-11T11:44:45.713+0000][26480][gc,start     ] GC(377) Pause Young (Concurrent Start) (G1 Humongous Allocation)
[2020-09-11T11:44:45.713+0000][26480][gc,task      ] GC(377) Using 8 workers of 8 for evacuation
[2020-09-11T11:44:45.713+0000][26480][gc,age       ] GC(377) Desired survivor size 30932992 bytes, new threshold 15 (max threshold 15)
[2020-09-11T11:44:45.717+0000][26480][gc,age       ] GC(377) Age table with threshold 15 (max threshold 15)
[2020-09-11T11:44:45.717+0000][26480][gc,age       ] GC(377) - age   1:    2295392 bytes,    2295392 total
[2020-09-11T11:44:45.717+0000][26480][gc,age       ] GC(377) - age   2:       2464 bytes,    2297856 total
[2020-09-11T11:44:45.717+0000][26480][gc,age       ] GC(377) - age   3:      14336 bytes,    2312192 total
[2020-09-11T11:44:45.717+0000][26480][gc,age       ] GC(377) - age   4:        600 bytes,    2312792 total
[2020-09-11T11:44:45.717+0000][26480][gc,age       ] GC(377) - age   5:       6832 bytes,    2319624 total
[2020-09-11T11:44:45.717+0000][26480][gc,age       ] GC(377) - age   6:        336 bytes,    2319960 total
[2020-09-11T11:44:45.717+0000][26480][gc,age       ] GC(377) - age   7:       5744 bytes,    2325704 total
[2020-09-11T11:44:45.717+0000][26480][gc,age       ] GC(377) - age   9:       4408 bytes,    2330112 total
[2020-09-11T11:44:45.717+0000][26480][gc,age       ] GC(377) - age  10:       2152 bytes,    2332264 total
[2020-09-11T11:44:45.717+0000][26480][gc,age       ] GC(377) - age  11:      53360 bytes,    2385624 total
[2020-09-11T11:44:45.717+0000][26480][gc,age       ] GC(377) - age  12:        752 bytes,    2386376 total
[2020-09-11T11:44:45.717+0000][26480][gc,age       ] GC(377) - age  13:        680 bytes,    2387056 total
[2020-09-11T11:44:45.718+0000][26480][gc,age       ] GC(377) - age  14:        280 bytes,    2387336 total
[2020-09-11T11:44:45.718+0000][26480][gc,age       ] GC(377) - age  15:        320 bytes,    2387656 total
[2020-09-11T11:44:45.718+0000][26480][gc,phases    ] GC(377)   Pre Evacuate Collection Set: 0.5ms
[2020-09-11T11:44:45.718+0000][26480][gc,phases    ] GC(377)   Merge Heap Roots: 0.1ms
[2020-09-11T11:44:45.718+0000][26480][gc,phases    ] GC(377)   Evacuate Collection Set: 2.4ms
[2020-09-11T11:44:45.718+0000][26480][gc,phases    ] GC(377)   Post Evacuate Collection Set: 0.8ms
[2020-09-11T11:44:45.718+0000][26480][gc,phases    ] GC(377)   Other: 1.1ms
[2020-09-11T11:44:45.718+0000][26480][gc,heap      ] GC(377) Eden regions: 22->0(475)
[2020-09-11T11:44:45.718+0000][26480][gc,heap      ] GC(377) Survivor regions: 3->3(59)
[2020-09-11T11:44:45.718+0000][26480][gc,heap      ] GC(377) Old regions: 78->78
[2020-09-11T11:44:45.718+0000][26480][gc,heap      ] GC(377) Archive regions: 0->0
[2020-09-11T11:44:45.718+0000][26480][gc,heap      ] GC(377) Humongous regions: 229->174
[2020-09-11T11:44:45.718+0000][26480][gc,metaspace ] GC(377) Metaspace: 88325K(94488K)->88325K(94488K) NonClass: 77146K(80792K)->77146K(80792K) Class: 11179K(13696K)->11179K(13696K)
[2020-09-11T11:44:45.718+0000][26480][gc           ] GC(377) Pause Young (Concurrent Start) (G1 Humongous Allocation) 330M->254M(1024M) 5.287ms
[2020-09-11T11:44:45.718+0000][26480][gc,cpu       ] GC(377) User=0.00s Sys=0.00s Real=0.00s
[2020-09-11T11:44:45.718+0000][26480][safepoint    ] Safepoint "G1TryInitiateConcMark", Time since last: 30560300 ns, Reaching safepoint: 193600 ns, At safepoint: 5529200 ns, Total: 5722800 ns
[2020-09-11T11:44:45.718+0000][26480][gc           ] GC(378) Concurrent Cycle
[2020-09-11T11:44:45.718+0000][26480][gc,marking   ] GC(378) Concurrent Clear Claimed Marks
[2020-09-11T11:44:45.719+0000][26480][gc,marking   ] GC(378) Concurrent Clear Claimed Marks 0.485ms
[2020-09-11T11:44:45.719+0000][26480][gc,marking   ] GC(378) Concurrent Scan Root Regions
[2020-09-11T11:44:45.722+0000][26480][gc,marking   ] GC(378) Concurrent Scan Root Regions 2.558ms
[2020-09-11T11:44:45.722+0000][26480][gc,marking   ] GC(378) Concurrent Mark (7090.857s)
[2020-09-11T11:44:45.722+0000][26480][gc,marking   ] GC(378) Concurrent Mark From Roots
[2020-09-11T11:44:45.722+0000][26480][gc,task      ] GC(378) Using 2 workers of 2 for marking
[2020-09-11T11:44:45.879+0000][26480][gc,marking   ] GC(378) Concurrent Mark From Roots 157.630ms
[2020-09-11T11:44:45.879+0000][26480][gc,marking   ] GC(378) Concurrent Preclean
[2020-09-11T11:44:45.880+0000][26480][gc,marking   ] GC(378) Concurrent Preclean 0.921ms
[2020-09-11T11:44:45.880+0000][26480][gc,marking   ] GC(378) Concurrent Mark (7090.857s, 7091.016s) 158.778ms
[2020-09-11T11:44:45.881+0000][26480][gc,start     ] GC(378) Pause Remark
[2020-09-11T11:44:45.888+0000][26480][gc           ] GC(378) Pause Remark 291M->291M(1024M) 7.098ms
[2020-09-11T11:44:45.888+0000][26480][gc,cpu       ] GC(378) User=0.09s Sys=0.00s Real=0.01s
[2020-09-11T11:44:45.888+0000][26480][safepoint    ] Safepoint "G1Concurrent", Time since last: 162264100 ns, Reaching safepoint: 167100 ns, At safepoint: 7407500 ns, Total: 7574600 ns
[2020-09-11T11:44:45.888+0000][26480][gc,marking   ] GC(378) Concurrent Rebuild Remembered Sets
[2020-09-11T11:44:45.987+0000][26480][gc,marking   ] GC(378) Concurrent Rebuild Remembered Sets 98.833ms
[2020-09-11T11:44:45.987+0000][26480][gc,start     ] GC(378) Pause Cleanup
[2020-09-11T11:44:45.988+0000][26480][gc           ] GC(378) Pause Cleanup 292M->292M(1024M) 0.445ms
[2020-09-11T11:44:45.988+0000][26480][gc,cpu       ] GC(378) User=0.00s Sys=0.00s Real=0.00s
[2020-09-11T11:44:45.988+0000][26480][safepoint    ] Safepoint "G1Concurrent", Time since last: 99040200 ns, Reaching safepoint: 171100 ns, At safepoint: 682900 ns, Total: 854000 ns
[2020-09-11T11:44:45.988+0000][26480][gc,marking   ] GC(378) Concurrent Cleanup for Next Mark
[2020-09-11T11:44:45.991+0000][26480][gc,marking   ] GC(378) Concurrent Cleanup for Next Mark 1.957ms
[2020-09-11T11:44:45.991+0000][26480][gc           ] GC(378) Concurrent Cycle 271.932ms
[2020-09-11T11:44:46.103+0000][26480][gc,start     ] GC(379) Pause Young (Concurrent Start) (G1 Humongous Allocation)
[2020-09-11T11:44:46.103+0000][26480][gc,task      ] GC(379) Using 8 workers of 8 for evacuation
[2020-09-11T11:44:46.103+0000][26480][gc,age       ] GC(379) Desired survivor size 31457280 bytes, new threshold 15 (max threshold 15)
[2020-09-11T11:44:46.109+0000][26480][gc,age       ] GC(379) Age table with threshold 15 (max threshold 15)
[2020-09-11T11:44:46.109+0000][26480][gc,age       ] GC(379) - age   1:   10393008 bytes,   10393008 total
[2020-09-11T11:44:46.109+0000][26480][gc,age       ] GC(379) - age   2:       1520 bytes,   10394528 total
[2020-09-11T11:44:46.109+0000][26480][gc,age       ] GC(379) - age   3:       1248 bytes,   10395776 total
[2020-09-11T11:44:46.109+0000][26480][gc,age       ] GC(379) - age   4:      11072 bytes,   10406848 total
[2020-09-11T11:44:46.109+0000][26480][gc,age       ] GC(379) - age   5:        528 bytes,   10407376 total
[2020-09-11T11:44:46.109+0000][26480][gc,age       ] GC(379) - age   6:       5896 bytes,   10413272 total
[2020-09-11T11:44:46.109+0000][26480][gc,age       ] GC(379) - age   7:        336 bytes,   10413608 total
[2020-09-11T11:44:46.109+0000][26480][gc,age       ] GC(379) - age   8:       5680 bytes,   10419288 total
[2020-09-11T11:44:46.109+0000][26480][gc,age       ] GC(379) - age  10:       4408 bytes,   10423696 total
[2020-09-11T11:44:46.109+0000][26480][gc,age       ] GC(379) - age  11:       2088 bytes,   10425784 total
[2020-09-11T11:44:46.109+0000][26480][gc,age       ] GC(379) - age  12:      53360 bytes,   10479144 total
[2020-09-11T11:44:46.109+0000][26480][gc,age       ] GC(379) - age  13:        752 bytes,   10479896 total
[2020-09-11T11:44:46.109+0000][26480][gc,age       ] GC(379) - age  14:        616 bytes,   10480512 total
[2020-09-11T11:44:46.109+0000][26480][gc,age       ] GC(379) - age  15:        280 bytes,   10480792 total
[2020-09-11T11:44:46.109+0000][26480][gc,phases    ] GC(379)   Pre Evacuate Collection Set: 0.6ms
[2020-09-11T11:44:46.109+0000][26480][gc,phases    ] GC(379)   Merge Heap Roots: 0.1ms
[2020-09-11T11:44:46.110+0000][26480][gc,phases    ] GC(379)   Evacuate Collection Set: 3.6ms
[2020-09-11T11:44:46.110+0000][26480][gc,phases    ] GC(379)   Post Evacuate Collection Set: 1.0ms
[2020-09-11T11:44:46.110+0000][26480][gc,phases    ] GC(379)   Other: 1.3ms
[2020-09-11T11:44:46.110+0000][26480][gc,heap      ] GC(379) Eden regions: 36->0(468)
[2020-09-11T11:44:46.110+0000][26480][gc,heap      ] GC(379) Survivor regions: 3->11(60)
[2020-09-11T11:44:46.110+0000][26480][gc,heap      ] GC(379) Old regions: 78->78
[2020-09-11T11:44:46.110+0000][26480][gc,heap      ] GC(379) Archive regions: 0->0
[2020-09-11T11:44:46.110+0000][26480][gc,heap      ] GC(379) Humongous regions: 229->174
[2020-09-11T11:44:46.110+0000][26480][gc,metaspace ] GC(379) Metaspace: 88329K(94488K)->88329K(94488K) NonClass: 77150K(80792K)->77150K(80792K) Class: 11179K(13696K)->11179K(13696K)
[2020-09-11T11:44:46.110+0000][26480][gc           ] GC(379) Pause Young (Concurrent Start) (G1 Humongous Allocation) 344M->261M(1024M) 7.236ms
[2020-09-11T11:44:46.110+0000][26480][gc,cpu       ] GC(379) User=0.03s Sys=0.00s Real=0.01s
[2020-09-11T11:44:46.110+0000][26480][gc           ] GC(380) Concurrent Cycle
[2020-09-11T11:44:46.110+0000][26480][gc,marking   ] GC(380) Concurrent Clear Claimed Marks
[2020-09-11T11:44:46.111+0000][26480][safepoint    ] Safepoint "G1TryInitiateConcMark", Time since last: 111887200 ns, Reaching safepoint: 2823200 ns, At safepoint: 7936900 ns, Total: 10760100 ns
[2020-09-11T11:44:46.111+0000][26480][gc,marking   ] GC(380) Concurrent Clear Claimed Marks 0.434ms
[2020-09-11T11:44:46.111+0000][26480][gc,marking   ] GC(380) Concurrent Scan Root Regions
[2020-09-11T11:44:46.114+0000][26480][gc,marking   ] GC(380) Concurrent Scan Root Regions 3.142ms
[2020-09-11T11:44:46.114+0000][26480][gc,marking   ] GC(380) Concurrent Mark (7091.249s)
[2020-09-11T11:44:46.114+0000][26480][gc,marking   ] GC(380) Concurrent Mark From Roots
[2020-09-11T11:44:46.114+0000][26480][gc,task      ] GC(380) Using 2 workers of 2 for marking
[2020-09-11T11:44:46.292+0000][26480][gc,marking   ] GC(380) Concurrent Mark From Roots 177.983ms
[2020-09-11T11:44:46.292+0000][26480][gc,marking   ] GC(380) Concurrent Preclean
[2020-09-11T11:44:46.293+0000][26480][gc,marking   ] GC(380) Concurrent Preclean 1.015ms
[2020-09-11T11:44:46.293+0000][26480][gc,marking   ] GC(380) Concurrent Mark (7091.249s, 7091.428s) 179.257ms
[2020-09-11T11:44:46.295+0000][26480][gc,start     ] GC(380) Pause Remark
[2020-09-11T11:44:46.303+0000][26480][gc           ] GC(380) Pause Remark 480M->480M(1024M) 8.831ms
[2020-09-11T11:44:46.304+0000][26480][gc,cpu       ] GC(380) User=0.00s Sys=0.00s Real=0.01s
[2020-09-11T11:44:46.306+0000][26480][safepoint    ] Safepoint "G1Concurrent", Time since last: 182718700 ns, Reaching safepoint: 1166400 ns, At safepoint: 11106400 ns, Total: 12272800 ns
[2020-09-11T11:44:46.306+0000][26480][gc,marking   ] GC(380) Concurrent Rebuild Remembered Sets
[2020-09-11T11:44:46.409+0000][26480][gc,marking   ] GC(380) Concurrent Rebuild Remembered Sets 103.419ms
[2020-09-11T11:44:46.411+0000][26480][gc,start     ] GC(380) Pause Cleanup
[2020-09-11T11:44:46.411+0000][26480][gc           ] GC(380) Pause Cleanup 481M->481M(1024M) 0.456ms
[2020-09-11T11:44:46.411+0000][26480][gc,cpu       ] GC(380) User=0.00s Sys=0.00s Real=0.00s
[2020-09-11T11:44:46.411+0000][26480][safepoint    ] Safepoint "G1Concurrent", Time since last: 103724400 ns, Reaching safepoint: 1180300 ns, At safepoint: 893000 ns, Total: 2073300 ns
[2020-09-11T11:44:46.412+0000][26480][gc,marking   ] GC(380) Concurrent Cleanup for Next Mark
[2020-09-11T11:44:46.413+0000][26480][gc,marking   ] GC(380) Concurrent Cleanup for Next Mark 1.794ms
[2020-09-11T11:44:46.413+0000][26480][gc           ] GC(380) Concurrent Cycle 303.250ms
[2020-09-11T11:44:46.670+0000][26480][gc,start     ] GC(381) Pause Young (Concurrent Start) (G1 Humongous Allocation)
[2020-09-11T11:44:46.670+0000][26480][gc,task      ] GC(381) Using 8 workers of 8 for evacuation
[2020-09-11T11:44:46.670+0000][26480][gc,age       ] GC(381) Desired survivor size 31457280 bytes, new threshold 15 (max threshold 15)
[2020-09-11T11:44:46.675+0000][26480][gc,age       ] GC(381) Age table with threshold 15 (max threshold 15)
[2020-09-11T11:44:46.675+0000][26480][gc,age       ] GC(381) - age   1:     178016 bytes,     178016 total
[2020-09-11T11:44:46.675+0000][26480][gc,age       ] GC(381) - age   2:    3718152 bytes,    3896168 total
[2020-09-11T11:44:46.675+0000][26480][gc,age       ] GC(381) - age   3:       1152 bytes,    3897320 total
[2020-09-11T11:44:46.675+0000][26480][gc,age       ] GC(381) - age   4:        968 bytes,    3898288 total
[2020-09-11T11:44:46.675+0000][26480][gc,age       ] GC(381) - age   5:      10304 bytes,    3908592 total
[2020-09-11T11:44:46.675+0000][26480][gc,age       ] GC(381) - age   6:        168 bytes,    3908760 total
[2020-09-11T11:44:46.675+0000][26480][gc,age       ] GC(381) - age   7:       5896 bytes,    3914656 total
[2020-09-11T11:44:46.675+0000][26480][gc,age       ] GC(381) - age   8:        336 bytes,    3914992 total
[2020-09-11T11:44:46.675+0000][26480][gc,age       ] GC(381) - age   9:       5648 bytes,    3920640 total
[2020-09-11T11:44:46.675+0000][26480][gc,age       ] GC(381) - age  11:       4408 bytes,    3925048 total
[2020-09-11T11:44:46.675+0000][26480][gc,age       ] GC(381) - age  12:       2088 bytes,    3927136 total
[2020-09-11T11:44:46.675+0000][26480][gc,age       ] GC(381) - age  13:      53360 bytes,    3980496 total
[2020-09-11T11:44:46.675+0000][26480][gc,age       ] GC(381) - age  14:        752 bytes,    3981248 total
[2020-09-11T11:44:46.675+0000][26480][gc,age       ] GC(381) - age  15:        616 bytes,    3981864 total
[2020-09-11T11:44:46.675+0000][26480][gc,phases    ] GC(381)   Pre Evacuate Collection Set: 0.7ms
[2020-09-11T11:44:46.675+0000][26480][gc,phases    ] GC(381)   Merge Heap Roots: 0.1ms
[2020-09-11T11:44:46.675+0000][26480][gc,phases    ] GC(381)   Evacuate Collection Set: 2.1ms
[2020-09-11T11:44:46.675+0000][26480][gc,phases    ] GC(381)   Post Evacuate Collection Set: 1.0ms
[2020-09-11T11:44:46.675+0000][26480][gc,phases    ] GC(381)   Other: 1.2ms
[2020-09-11T11:44:46.675+0000][26480][gc,heap      ] GC(381) Eden regions: 49->0(480)
[2020-09-11T11:44:46.675+0000][26480][gc,heap      ] GC(381) Survivor regions: 11->4(60)
[2020-09-11T11:44:46.675+0000][26480][gc,heap      ] GC(381) Old regions: 78->78
[2020-09-11T11:44:46.676+0000][26480][gc,heap      ] GC(381) Archive regions: 0->0
[2020-09-11T11:44:46.676+0000][26480][gc,heap      ] GC(381) Humongous regions: 352->174
[2020-09-11T11:44:46.676+0000][26480][gc,metaspace ] GC(381) Metaspace: 88329K(94488K)->88329K(94488K) NonClass: 77150K(80792K)->77150K(80792K) Class: 11179K(13696K)->11179K(13696K)
[2020-09-11T11:44:46.676+0000][26480][gc           ] GC(381) Pause Young (Concurrent Start) (G1 Humongous Allocation) 488M->255M(1024M) 5.500ms
[2020-09-11T11:44:46.676+0000][26480][gc,cpu       ] GC(381) User=0.00s Sys=0.00s Real=0.01s
[2020-09-11T11:44:46.676+0000][26480][gc           ] GC(382) Concurrent Cycle
[2020-09-11T11:44:46.676+0000][26480][safepoint    ] Safepoint "G1TryInitiateConcMark", Time since last: 257323100 ns, Reaching safepoint: 358100 ns, At safepoint: 5754000 ns, Total: 6112100 ns
[2020-09-11T11:44:46.676+0000][26480][gc,marking   ] GC(382) Concurrent Clear Claimed Marks
[2020-09-11T11:44:46.677+0000][26480][gc,marking   ] GC(382) Concurrent Clear Claimed Marks 0.666ms
[2020-09-11T11:44:46.677+0000][26480][gc,marking   ] GC(382) Concurrent Scan Root Regions
[2020-09-11T11:44:46.680+0000][26480][gc,marking   ] GC(382) Concurrent Scan Root Regions 2.972ms
[2020-09-11T11:44:46.680+0000][26480][gc,marking   ] GC(382) Concurrent Mark (7091.814s)
[2020-09-11T11:44:46.680+0000][26480][gc,marking   ] GC(382) Concurrent Mark From Roots
[2020-09-11T11:44:46.680+0000][26480][gc,task      ] GC(382) Using 2 workers of 2 for marking
[2020-09-11T11:44:46.834+0000][26480][gc,marking   ] GC(382) Concurrent Mark From Roots 154.628ms
[2020-09-11T11:44:46.835+0000][26480][gc,marking   ] GC(382) Concurrent Preclean
[2020-09-11T11:44:46.836+0000][26480][gc,marking   ] GC(382) Concurrent Preclean 1.036ms
[2020-09-11T11:44:46.836+0000][26480][gc,marking   ] GC(382) Concurrent Mark (7091.814s, 7091.970s) 156.181ms
[2020-09-11T11:44:46.839+0000][26480][gc,start     ] GC(382) Pause Remark
[2020-09-11T11:44:46.845+0000][26480][gc           ] GC(382) Pause Remark 324M->324M(1024M) 6.561ms
[2020-09-11T11:44:46.845+0000][26480][gc,cpu       ] GC(382) User=0.00s Sys=0.00s Real=0.01s
[2020-09-11T11:44:46.846+0000][26480][safepoint    ] Safepoint "G1Concurrent", Time since last: 160201500 ns, Reaching safepoint: 2697600 ns, At safepoint: 7094300 ns, Total: 9791900 ns
[2020-09-11T11:44:46.846+0000][26480][gc,marking   ] GC(382) Concurrent Rebuild Remembered Sets
[2020-09-11T11:44:46.942+0000][26480][gc,marking   ] GC(382) Concurrent Rebuild Remembered Sets 96.091ms
[2020-09-11T11:44:46.959+0000][26480][gc,start     ] GC(382) Pause Cleanup
[2020-09-11T11:44:46.959+0000][26480][gc           ] GC(382) Pause Cleanup 327M->327M(1024M) 0.452ms
[2020-09-11T11:44:46.959+0000][26480][gc,cpu       ] GC(382) User=0.00s Sys=0.00s Real=0.00s
[2020-09-11T11:44:46.959+0000][26480][safepoint    ] Safepoint "G1Concurrent", Time since last: 96421000 ns, Reaching safepoint: 16410800 ns, At safepoint: 658500 ns, Total: 17069300 ns
[2020-09-11T11:44:46.959+0000][26480][gc,marking   ] GC(382) Concurrent Cleanup for Next Mark
[2020-09-11T11:44:46.961+0000][26480][gc,marking   ] GC(382) Concurrent Cleanup for Next Mark 1.930ms
[2020-09-11T11:44:46.961+0000][26480][gc           ] GC(382) Concurrent Cycle 285.637ms
[2020-09-11T11:44:47.438+0000][26480][gc,start     ] GC(383) Pause Young (Concurrent Start) (G1 Humongous Allocation)
[2020-09-11T11:44:47.439+0000][26480][gc,task      ] GC(383) Using 8 workers of 8 for evacuation
[2020-09-11T11:44:47.439+0000][26480][gc,age       ] GC(383) Desired survivor size 31981568 bytes, new threshold 15 (max threshold 15)
[2020-09-11T11:44:47.442+0000][26480][gc,age       ] GC(383) Age table with threshold 15 (max threshold 15)
[2020-09-11T11:44:47.442+0000][26480][gc,age       ] GC(383) - age   1:    3841504 bytes,    3841504 total
[2020-09-11T11:44:47.442+0000][26480][gc,age       ] GC(383) - age   2:       8192 bytes,    3849696 total
[2020-09-11T11:44:47.443+0000][26480][gc,age       ] GC(383) - age   3:       5576 bytes,    3855272 total
[2020-09-11T11:44:47.443+0000][26480][gc,age       ] GC(383) - age   4:        904 bytes,    3856176 total
[2020-09-11T11:44:47.443+0000][26480][gc,age       ] GC(383) - age   5:        808 bytes,    3856984 total
[2020-09-11T11:44:47.443+0000][26480][gc,age       ] GC(383) - age   6:       2000 bytes,    3858984 total
[2020-09-11T11:44:47.443+0000][26480][gc,age       ] GC(383) - age   7:        120 bytes,    3859104 total
[2020-09-11T11:44:47.443+0000][26480][gc,age       ] GC(383) - age   8:       5784 bytes,    3864888 total
[2020-09-11T11:44:47.443+0000][26480][gc,age       ] GC(383) - age   9:        336 bytes,    3865224 total
[2020-09-11T11:44:47.443+0000][26480][gc,age       ] GC(383) - age  10:       5648 bytes,    3870872 total
[2020-09-11T11:44:47.443+0000][26480][gc,age       ] GC(383) - age  12:       4376 bytes,    3875248 total
[2020-09-11T11:44:47.443+0000][26480][gc,age       ] GC(383) - age  13:       1864 bytes,    3877112 total
[2020-09-11T11:44:47.443+0000][26480][gc,age       ] GC(383) - age  14:      53296 bytes,    3930408 total
[2020-09-11T11:44:47.443+0000][26480][gc,age       ] GC(383) - age  15:        752 bytes,    3931160 total
[2020-09-11T11:44:47.443+0000][26480][gc,phases    ] GC(383)   Pre Evacuate Collection Set: 0.5ms
[2020-09-11T11:44:47.443+0000][26480][gc,phases    ] GC(383)   Merge Heap Roots: 0.1ms
[2020-09-11T11:44:47.443+0000][26480][gc,phases    ] GC(383)   Evacuate Collection Set: 2.3ms
[2020-09-11T11:44:47.443+0000][26480][gc,phases    ] GC(383)   Post Evacuate Collection Set: 0.7ms
[2020-09-11T11:44:47.443+0000][26480][gc,phases    ] GC(383)   Other: 1.0ms
[2020-09-11T11:44:47.443+0000][26480][gc,heap      ] GC(383) Eden regions: 34->0(484)
[2020-09-11T11:44:47.443+0000][26480][gc,heap      ] GC(383) Survivor regions: 4->4(61)
[2020-09-11T11:44:47.443+0000][26480][gc,heap      ] GC(383) Old regions: 78->78
[2020-09-11T11:44:47.443+0000][26480][gc,heap      ] GC(383) Archive regions: 0->0
[2020-09-11T11:44:47.443+0000][26480][gc,heap      ] GC(383) Humongous regions: 229->174
[2020-09-11T11:44:47.443+0000][26480][gc,metaspace ] GC(383) Metaspace: 88329K(94488K)->88329K(94488K) NonClass: 77150K(80792K)->77150K(80792K) Class: 11179K(13696K)->11179K(13696K)
[2020-09-11T11:44:47.444+0000][26480][gc           ] GC(383) Pause Young (Concurrent Start) (G1 Humongous Allocation) 344M->255M(1024M) 5.037ms
[2020-09-11T11:44:47.444+0000][26480][gc,cpu       ] GC(383) User=0.00s Sys=0.00s Real=0.01s
[2020-09-11T11:44:47.444+0000][26480][gc           ] GC(384) Concurrent Cycle
[2020-09-11T11:44:47.444+0000][26480][safepoint    ] Safepoint "G1TryInitiateConcMark", Time since last: 478908500 ns, Reaching safepoint: 179800 ns, At safepoint: 5244700 ns, Total: 5424500 ns
[2020-09-11T11:44:47.444+0000][26480][gc,marking   ] GC(384) Concurrent Clear Claimed Marks
[2020-09-11T11:44:47.444+0000][26480][gc,marking   ] GC(384) Concurrent Clear Claimed Marks 0.613ms
[2020-09-11T11:44:47.444+0000][26480][gc,marking   ] GC(384) Concurrent Scan Root Regions
[2020-09-11T11:44:47.448+0000][26480][gc,marking   ] GC(384) Concurrent Scan Root Regions 3.112ms
[2020-09-11T11:44:47.448+0000][26480][gc,marking   ] GC(384) Concurrent Mark (7092.582s)
[2020-09-11T11:44:47.448+0000][26480][gc,marking   ] GC(384) Concurrent Mark From Roots
[2020-09-11T11:44:47.448+0000][26480][gc,task      ] GC(384) Using 2 workers of 2 for marking
[2020-09-11T11:44:47.641+0000][26480][gc,marking   ] GC(384) Concurrent Mark From Roots 193.167ms
[2020-09-11T11:44:47.641+0000][26480][gc,marking   ] GC(384) Concurrent Preclean
[2020-09-11T11:44:47.642+0000][26480][gc,marking   ] GC(384) Concurrent Preclean 1.017ms
[2020-09-11T11:44:47.642+0000][26480][gc,marking   ] GC(384) Concurrent Mark (7092.582s, 7092.776s) 194.405ms
[2020-09-11T11:44:47.642+0000][26480][gc,start     ] GC(384) Pause Remark
[2020-09-11T11:44:47.649+0000][26480][gc           ] GC(384) Pause Remark 314M->314M(1024M) 6.871ms
[2020-09-11T11:44:47.649+0000][26480][gc,cpu       ] GC(384) User=0.00s Sys=0.00s Real=0.01s
[2020-09-11T11:44:47.649+0000][26480][safepoint    ] Safepoint "G1Concurrent", Time since last: 198487900 ns, Reaching safepoint: 150300 ns, At safepoint: 7145600 ns, Total: 7295900 ns
[2020-09-11T11:44:47.650+0000][26480][gc,marking   ] GC(384) Concurrent Rebuild Remembered Sets
[2020-09-11T11:44:47.747+0000][26480][gc,marking   ] GC(384) Concurrent Rebuild Remembered Sets 97.774ms
[2020-09-11T11:44:47.748+0000][26480][gc,start     ] GC(384) Pause Cleanup
[2020-09-11T11:44:47.748+0000][26480][gc           ] GC(384) Pause Cleanup 315M->315M(1024M) 0.359ms
[2020-09-11T11:44:47.748+0000][26480][gc,cpu       ] GC(384) User=0.00s Sys=0.00s Real=0.00s
[2020-09-11T11:44:47.748+0000][26480][safepoint    ] Safepoint "G1Concurrent", Time since last: 97992200 ns, Reaching safepoint: 155500 ns, At safepoint: 564300 ns, Total: 719800 ns
[2020-09-11T11:44:47.748+0000][26480][gc,marking   ] GC(384) Concurrent Cleanup for Next Mark
[2020-09-11T11:44:47.750+0000][26480][gc,marking   ] GC(384) Concurrent Cleanup for Next Mark 1.750ms
[2020-09-11T11:44:47.750+0000][26480][gc           ] GC(384) Concurrent Cycle 306.451ms
[2020-09-11T11:44:47.880+0000][26480][gc,start     ] GC(385) Pause Young (Concurrent Start) (G1 Humongous Allocation)
[2020-09-11T11:44:47.880+0000][26480][gc,task      ] GC(385) Using 8 workers of 8 for evacuation
[2020-09-11T11:44:47.880+0000][26480][gc,age       ] GC(385) Desired survivor size 31981568 bytes, new threshold 15 (max threshold 15)
[2020-09-11T11:44:47.885+0000][26480][gc,age       ] GC(385) Age table with threshold 15 (max threshold 15)
[2020-09-11T11:44:47.885+0000][26480][gc,age       ] GC(385) - age   1:    2926296 bytes,    2926296 total
[2020-09-11T11:44:47.885+0000][26480][gc,age       ] GC(385) - age   2:     795784 bytes,    3722080 total
[2020-09-11T11:44:47.885+0000][26480][gc,age       ] GC(385) - age   3:       7032 bytes,    3729112 total
[2020-09-11T11:44:47.885+0000][26480][gc,age       ] GC(385) - age   4:       4072 bytes,    3733184 total
[2020-09-11T11:44:47.885+0000][26480][gc,age       ] GC(385) - age   5:        776 bytes,    3733960 total
[2020-09-11T11:44:47.885+0000][26480][gc,age       ] GC(385) - age   6:        648 bytes,    3734608 total
[2020-09-11T11:44:47.885+0000][26480][gc,age       ] GC(385) - age   7:       1936 bytes,    3736544 total
[2020-09-11T11:44:47.885+0000][26480][gc,age       ] GC(385) - age   8:        120 bytes,    3736664 total
[2020-09-11T11:44:47.885+0000][26480][gc,age       ] GC(385) - age   9:       5784 bytes,    3742448 total
[2020-09-11T11:44:47.885+0000][26480][gc,age       ] GC(385) - age  10:        336 bytes,    3742784 total
[2020-09-11T11:44:47.885+0000][26480][gc,age       ] GC(385) - age  11:       5648 bytes,    3748432 total
[2020-09-11T11:44:47.885+0000][26480][gc,age       ] GC(385) - age  13:       4216 bytes,    3752648 total
[2020-09-11T11:44:47.885+0000][26480][gc,age       ] GC(385) - age  14:       1832 bytes,    3754480 total
[2020-09-11T11:44:47.886+0000][26480][gc,age       ] GC(385) - age  15:      53296 bytes,    3807776 total
[2020-09-11T11:44:47.886+0000][26480][gc,phases    ] GC(385)   Pre Evacuate Collection Set: 0.6ms
[2020-09-11T11:44:47.886+0000][26480][gc,phases    ] GC(385)   Merge Heap Roots: 0.2ms
[2020-09-11T11:44:47.886+0000][26480][gc,phases    ] GC(385)   Evacuate Collection Set: 2.5ms
[2020-09-11T11:44:47.886+0000][26480][gc,phases    ] GC(385)   Post Evacuate Collection Set: 1.2ms
[2020-09-11T11:44:47.886+0000][26480][gc,phases    ] GC(385)   Other: 1.2ms
[2020-09-11T11:44:47.886+0000][26480][gc,heap      ] GC(385) Eden regions: 22->0(488)
[2020-09-11T11:44:47.886+0000][26480][gc,heap      ] GC(385) Survivor regions: 4->4(61)
[2020-09-11T11:44:47.886+0000][26480][gc,heap      ] GC(385) Old regions: 78->78
[2020-09-11T11:44:47.886+0000][26480][gc,heap      ] GC(385) Archive regions: 0->0
[2020-09-11T11:44:47.886+0000][26480][gc,heap      ] GC(385) Humongous regions: 229->174
[2020-09-11T11:44:47.886+0000][26480][gc,metaspace ] GC(385) Metaspace: 88329K(94488K)->88329K(94488K) NonClass: 77150K(80792K)->77150K(80792K) Class: 11179K(13696K)->11179K(13696K)
[2020-09-11T11:44:47.886+0000][26480][gc           ] GC(385) Pause Young (Concurrent Start) (G1 Humongous Allocation) 332M->255M(1024M) 6.103ms
[2020-09-11T11:44:47.886+0000][26480][gc,cpu       ] GC(385) User=0.02s Sys=0.00s Real=0.01s
[2020-09-11T11:44:47.886+0000][26480][safepoint    ] Safepoint "G1TryInitiateConcMark", Time since last: 131551500 ns, Reaching safepoint: 215700 ns, At safepoint: 6316800 ns, Total: 6532500 ns
[2020-09-11T11:44:47.886+0000][26480][gc           ] GC(386) Concurrent Cycle
[2020-09-11T11:44:47.886+0000][26480][gc,marking   ] GC(386) Concurrent Clear Claimed Marks
[2020-09-11T11:44:47.887+0000][26480][gc,marking   ] GC(386) Concurrent Clear Claimed Marks 0.729ms
[2020-09-11T11:44:47.887+0000][26480][gc,marking   ] GC(386) Concurrent Scan Root Regions
[2020-09-11T11:44:47.890+0000][26480][gc,marking   ] GC(386) Concurrent Scan Root Regions 2.440ms
[2020-09-11T11:44:47.890+0000][26480][gc,marking   ] GC(386) Concurrent Mark (7093.024s)
[2020-09-11T11:44:47.890+0000][26480][gc,marking   ] GC(386) Concurrent Mark From Roots
[2020-09-11T11:44:47.890+0000][26480][gc,task      ] GC(386) Using 2 workers of 2 for marking
[2020-09-11T11:44:48.048+0000][26480][gc,marking   ] GC(386) Concurrent Mark From Roots 158.198ms
[2020-09-11T11:44:48.048+0000][26480][gc,marking   ] GC(386) Concurrent Preclean
[2020-09-11T11:44:48.049+0000][26480][gc,marking   ] GC(386) Concurrent Preclean 0.833ms
[2020-09-11T11:44:48.049+0000][26480][gc,marking   ] GC(386) Concurrent Mark (7093.024s, 7093.183s) 159.256ms
[2020-09-11T11:44:48.053+0000][26480][gc,start     ] GC(386) Pause Remark
[2020-09-11T11:44:48.059+0000][26480][gc           ] GC(386) Pause Remark 312M->312M(1024M) 6.421ms
[2020-09-11T11:44:48.059+0000][26480][gc,cpu       ] GC(386) User=0.11s Sys=0.00s Real=0.01s
[2020-09-11T11:44:48.060+0000][26480][safepoint    ] Safepoint "G1Concurrent", Time since last: 162884000 ns, Reaching safepoint: 3548600 ns, At safepoint: 7033200 ns, Total: 10581800 ns
[2020-09-11T11:44:48.060+0000][26480][gc,marking   ] GC(386) Concurrent Rebuild Remembered Sets
[2020-09-11T11:44:48.155+0000][26480][gc,marking   ] GC(386) Concurrent Rebuild Remembered Sets 95.278ms
[2020-09-11T11:44:48.155+0000][26480][gc,start     ] GC(386) Pause Cleanup
[2020-09-11T11:44:48.156+0000][26480][gc           ] GC(386) Pause Cleanup 312M->312M(1024M) 0.353ms
[2020-09-11T11:44:48.156+0000][26480][gc,cpu       ] GC(386) User=0.00s Sys=0.00s Real=0.00s
[2020-09-11T11:44:48.156+0000][26480][safepoint    ] Safepoint "G1Concurrent", Time since last: 95494700 ns, Reaching safepoint: 212200 ns, At safepoint: 556700 ns, Total: 768900 ns
[2020-09-11T11:44:48.156+0000][26480][gc,marking   ] GC(386) Concurrent Cleanup for Next Mark
[2020-09-11T11:44:48.158+0000][26480][gc,marking   ] GC(386) Concurrent Cleanup for Next Mark 1.747ms
[2020-09-11T11:44:48.158+0000][26480][gc           ] GC(386) Concurrent Cycle 271.663ms
[2020-09-11T11:44:48.349+0000][26480][gc,start     ] GC(387) Pause Young (Concurrent Start) (G1 Humongous Allocation)
[2020-09-11T11:44:48.349+0000][26480][gc,task      ] GC(387) Using 8 workers of 8 for evacuation
[2020-09-11T11:44:48.349+0000][26480][gc,age       ] GC(387) Desired survivor size 32505856 bytes, new threshold 15 (max threshold 15)
[2020-09-11T11:44:48.353+0000][26480][gc,age       ] GC(387) Age table with threshold 15 (max threshold 15)
[2020-09-11T11:44:48.353+0000][26480][gc,age       ] GC(387) - age   1:    2857344 bytes,    2857344 total
[2020-09-11T11:44:48.353+0000][26480][gc,age       ] GC(387) - age   2:     205176 bytes,    3062520 total
[2020-09-11T11:44:48.353+0000][26480][gc,age       ] GC(387) - age   3:     593560 bytes,    3656080 total
[2020-09-11T11:44:48.353+0000][26480][gc,age       ] GC(387) - age   4:       7032 bytes,    3663112 total
[2020-09-11T11:44:48.353+0000][26480][gc,age       ] GC(387) - age   5:       2616 bytes,    3665728 total
[2020-09-11T11:44:48.353+0000][26480][gc,age       ] GC(387) - age   6:        616 bytes,    3666344 total
[2020-09-11T11:44:48.353+0000][26480][gc,age       ] GC(387) - age   7:        616 bytes,    3666960 total
[2020-09-11T11:44:48.353+0000][26480][gc,age       ] GC(387) - age   8:       1936 bytes,    3668896 total
[2020-09-11T11:44:48.353+0000][26480][gc,age       ] GC(387) - age   9:        120 bytes,    3669016 total
[2020-09-11T11:44:48.354+0000][26480][gc,age       ] GC(387) - age  10:       5784 bytes,    3674800 total
[2020-09-11T11:44:48.354+0000][26480][gc,age       ] GC(387) - age  11:        336 bytes,    3675136 total
[2020-09-11T11:44:48.354+0000][26480][gc,age       ] GC(387) - age  12:       5312 bytes,    3680448 total
[2020-09-11T11:44:48.354+0000][26480][gc,age       ] GC(387) - age  14:       4056 bytes,    3684504 total
[2020-09-11T11:44:48.354+0000][26480][gc,age       ] GC(387) - age  15:       1832 bytes,    3686336 total
[2020-09-11T11:44:48.354+0000][26480][gc,phases    ] GC(387)   Pre Evacuate Collection Set: 0.5ms
[2020-09-11T11:44:48.354+0000][26480][gc,phases    ] GC(387)   Merge Heap Roots: 0.1ms
[2020-09-11T11:44:48.354+0000][26480][gc,phases    ] GC(387)   Evacuate Collection Set: 2.5ms
[2020-09-11T11:44:48.354+0000][26480][gc,phases    ] GC(387)   Post Evacuate Collection Set: 0.8ms
[2020-09-11T11:44:48.354+0000][26480][gc,phases    ] GC(387)   Other: 1.1ms
[2020-09-11T11:44:48.354+0000][26480][gc,heap      ] GC(387) Eden regions: 22->0(491)
[2020-09-11T11:44:48.354+0000][26480][gc,heap      ] GC(387) Survivor regions: 4->4(62)
[2020-09-11T11:44:48.354+0000][26480][gc,heap      ] GC(387) Old regions: 78->78
[2020-09-11T11:44:48.354+0000][26480][gc,heap      ] GC(387) Archive regions: 0->0
[2020-09-11T11:44:48.354+0000][26480][gc,heap      ] GC(387) Humongous regions: 229->174
[2020-09-11T11:44:48.354+0000][26480][gc,metaspace ] GC(387) Metaspace: 88329K(94488K)->88329K(94488K) NonClass: 77150K(80792K)->77150K(80792K) Class: 11179K(13696K)->11179K(13696K)
[2020-09-11T11:44:48.354+0000][26480][gc           ] GC(387) Pause Young (Concurrent Start) (G1 Humongous Allocation) 332M->255M(1024M) 5.463ms
[2020-09-11T11:44:48.354+0000][26480][gc,cpu       ] GC(387) User=0.00s Sys=0.02s Real=0.01s
[2020-09-11T11:44:48.354+0000][26480][safepoint    ] Safepoint "G1TryInitiateConcMark", Time since last: 192530200 ns, Reaching safepoint: 205700 ns, At safepoint: 5673500 ns, Total: 5879200 ns
[2020-09-11T11:44:48.354+0000][26480][gc           ] GC(388) Concurrent Cycle
[2020-09-11T11:44:48.354+0000][26480][gc,marking   ] GC(388) Concurrent Clear Claimed Marks
[2020-09-11T11:44:48.355+0000][26480][gc,marking   ] GC(388) Concurrent Clear Claimed Marks 0.686ms
[2020-09-11T11:44:48.355+0000][26480][gc,marking   ] GC(388) Concurrent Scan Root Regions
[2020-09-11T11:44:48.359+0000][26480][gc,marking   ] GC(388) Concurrent Scan Root Regions 3.380ms
[2020-09-11T11:44:48.359+0000][26480][gc,marking   ] GC(388) Concurrent Mark (7093.493s)
[2020-09-11T11:44:48.359+0000][26480][gc,marking   ] GC(388) Concurrent Mark From Roots
[2020-09-11T11:44:48.359+0000][26480][gc,task      ] GC(388) Using 2 workers of 2 for marking
[2020-09-11T11:44:48.519+0000][26480][gc,marking   ] GC(388) Concurrent Mark From Roots 159.913ms
[2020-09-11T11:44:48.519+0000][26480][gc,marking   ] GC(388) Concurrent Preclean
[2020-09-11T11:44:48.520+0000][26480][gc,marking   ] GC(388) Concurrent Preclean 1.010ms
[2020-09-11T11:44:48.520+0000][26480][gc,marking   ] GC(388) Concurrent Mark (7093.493s, 7093.654s) 161.168ms
[2020-09-11T11:44:48.520+0000][26480][gc,start     ] GC(388) Pause Remark
[2020-09-11T11:44:48.527+0000][26480][gc           ] GC(388) Pause Remark 308M->308M(1024M) 6.779ms
[2020-09-11T11:44:48.527+0000][26480][gc,cpu       ] GC(388) User=0.11s Sys=0.00s Real=0.01s
[2020-09-11T11:44:48.527+0000][26480][safepoint    ] Safepoint "G1Concurrent", Time since last: 165654100 ns, Reaching safepoint: 190300 ns, At safepoint: 7065900 ns, Total: 7256200 ns
[2020-09-11T11:44:48.527+0000][26480][gc,marking   ] GC(388) Concurrent Rebuild Remembered Sets
[2020-09-11T11:44:48.624+0000][26480][gc,marking   ] GC(388) Concurrent Rebuild Remembered Sets 96.174ms
[2020-09-11T11:44:48.624+0000][26480][gc,start     ] GC(388) Pause Cleanup
[2020-09-11T11:44:48.624+0000][26480][gc           ] GC(388) Pause Cleanup 315M->315M(1024M) 0.354ms
[2020-09-11T11:44:48.624+0000][26480][gc,cpu       ] GC(388) User=0.00s Sys=0.00s Real=0.00s
[2020-09-11T11:44:48.625+0000][26480][safepoint    ] Safepoint "G1Concurrent", Time since last: 96364100 ns, Reaching safepoint: 204800 ns, At safepoint: 725900 ns, Total: 930700 ns
[2020-09-11T11:44:48.625+0000][26480][gc,marking   ] GC(388) Concurrent Cleanup for Next Mark
[2020-09-11T11:44:48.627+0000][26480][gc,marking   ] GC(388) Concurrent Cleanup for Next Mark 2.040ms
[2020-09-11T11:44:48.627+0000][26480][gc           ] GC(388) Concurrent Cycle 272.430ms
[2020-09-11T11:44:48.635+0000][26480][gc,start     ] GC(389) Pause Young (Concurrent Start) (G1 Humongous Allocation)
[2020-09-11T11:44:48.635+0000][26480][gc,task      ] GC(389) Using 8 workers of 8 for evacuation
[2020-09-11T11:44:48.635+0000][26480][gc,age       ] GC(389) Desired survivor size 32505856 bytes, new threshold 15 (max threshold 15)
[2020-09-11T11:44:48.639+0000][26480][gc,age       ] GC(389) Age table with threshold 15 (max threshold 15)
[2020-09-11T11:44:48.639+0000][26480][gc,age       ] GC(389) - age   1:    2750160 bytes,    2750160 total
[2020-09-11T11:44:48.639+0000][26480][gc,age       ] GC(389) - age   2:     207352 bytes,    2957512 total
[2020-09-11T11:44:48.639+0000][26480][gc,age       ] GC(389) - age   3:     204296 bytes,    3161808 total
[2020-09-11T11:44:48.640+0000][26480][gc,age       ] GC(389) - age   4:     393568 bytes,    3555376 total
[2020-09-11T11:44:48.640+0000][26480][gc,age       ] GC(389) - age   5:       6240 bytes,    3561616 total
[2020-09-11T11:44:48.640+0000][26480][gc,age       ] GC(389) - age   6:       1560 bytes,    3563176 total
[2020-09-11T11:44:48.640+0000][26480][gc,age       ] GC(389) - age   7:        584 bytes,    3563760 total
[2020-09-11T11:44:48.640+0000][26480][gc,age       ] GC(389) - age   8:        616 bytes,    3564376 total
[2020-09-11T11:44:48.640+0000][26480][gc,age       ] GC(389) - age   9:       1832 bytes,    3566208 total
[2020-09-11T11:44:48.640+0000][26480][gc,age       ] GC(389) - age  10:         64 bytes,    3566272 total
[2020-09-11T11:44:48.640+0000][26480][gc,age       ] GC(389) - age  11:       5720 bytes,    3571992 total
[2020-09-11T11:44:48.640+0000][26480][gc,age       ] GC(389) - age  12:        336 bytes,    3572328 total
[2020-09-11T11:44:48.640+0000][26480][gc,age       ] GC(389) - age  13:       5280 bytes,    3577608 total
[2020-09-11T11:44:48.640+0000][26480][gc,age       ] GC(389) - age  15:       3864 bytes,    3581472 total
[2020-09-11T11:44:48.640+0000][26480][gc,phases    ] GC(389)   Pre Evacuate Collection Set: 0.6ms
[2020-09-11T11:44:48.640+0000][26480][gc,phases    ] GC(389)   Merge Heap Roots: 0.1ms
[2020-09-11T11:44:48.640+0000][26480][gc,phases    ] GC(389)   Evacuate Collection Set: 2.6ms
[2020-09-11T11:44:48.640+0000][26480][gc,phases    ] GC(389)   Post Evacuate Collection Set: 0.7ms
[2020-09-11T11:44:48.640+0000][26480][gc,phases    ] GC(389)   Other: 1.1ms
[2020-09-11T11:44:48.640+0000][26480][gc,heap      ] GC(389) Eden regions: 22->0(494)
[2020-09-11T11:44:48.640+0000][26480][gc,heap      ] GC(389) Survivor regions: 4->4(62)
[2020-09-11T11:44:48.640+0000][26480][gc,heap      ] GC(389) Old regions: 78->78
[2020-09-11T11:44:48.640+0000][26480][gc,heap      ] GC(389) Archive regions: 0->0
[2020-09-11T11:44:48.640+0000][26480][gc,heap      ] GC(389) Humongous regions: 229->174
[2020-09-11T11:44:48.640+0000][26480][gc,metaspace ] GC(389) Metaspace: 88329K(94488K)->88329K(94488K) NonClass: 77150K(80792K)->77150K(80792K) Class: 11179K(13696K)->11179K(13696K)
[2020-09-11T11:44:48.640+0000][26480][gc           ] GC(389) Pause Young (Concurrent Start) (G1 Humongous Allocation) 332M->255M(1024M) 5.470ms
[2020-09-11T11:44:48.641+0000][26480][gc,cpu       ] GC(389) User=0.02s Sys=0.00s Real=0.01s
[2020-09-11T11:44:48.641+0000][26480][gc           ] GC(390) Concurrent Cycle
[2020-09-11T11:44:48.641+0000][26480][safepoint    ] Safepoint "G1TryInitiateConcMark", Time since last: 10136200 ns, Reaching safepoint: 188700 ns, At safepoint: 5686500 ns, Total: 5875200 ns
[2020-09-11T11:44:48.641+0000][26480][gc,marking   ] GC(390) Concurrent Clear Claimed Marks
[2020-09-11T11:44:48.641+0000][26480][gc,marking   ] GC(390) Concurrent Clear Claimed Marks 0.523ms
[2020-09-11T11:44:48.641+0000][26480][gc,marking   ] GC(390) Concurrent Scan Root Regions
[2020-09-11T11:44:48.644+0000][26480][gc,marking   ] GC(390) Concurrent Scan Root Regions 2.979ms
[2020-09-11T11:44:48.644+0000][26480][gc,marking   ] GC(390) Concurrent Mark (7093.779s)
[2020-09-11T11:44:48.644+0000][26480][gc,marking   ] GC(390) Concurrent Mark From Roots
[2020-09-11T11:44:48.644+0000][26480][gc,task      ] GC(390) Using 2 workers of 2 for marking
[2020-09-11T11:44:48.800+0000][26480][gc,marking   ] GC(390) Concurrent Mark From Roots 155.029ms
[2020-09-11T11:44:48.800+0000][26480][gc,marking   ] GC(390) Concurrent Preclean
[2020-09-11T11:44:48.800+0000][26480][gc,marking   ] GC(390) Concurrent Preclean 0.789ms
[2020-09-11T11:44:48.800+0000][26480][gc,marking   ] GC(390) Concurrent Mark (7093.779s, 7093.935s) 156.072ms
[2020-09-11T11:44:48.801+0000][26480][gc,start     ] GC(390) Pause Remark
[2020-09-11T11:44:48.808+0000][26480][gc           ] GC(390) Pause Remark 304M->304M(1024M) 7.139ms
[2020-09-11T11:44:48.808+0000][26480][gc,cpu       ] GC(390) User=0.02s Sys=0.00s Real=0.01s
[2020-09-11T11:44:48.808+0000][26480][safepoint    ] Safepoint "G1Concurrent", Time since last: 159974900 ns, Reaching safepoint: 169500 ns, At safepoint: 7437000 ns, Total: 7606500 ns
[2020-09-11T11:44:48.808+0000][26480][gc,marking   ] GC(390) Concurrent Rebuild Remembered Sets
[2020-09-11T11:44:48.907+0000][26480][gc,marking   ] GC(390) Concurrent Rebuild Remembered Sets 99.104ms
[2020-09-11T11:44:48.908+0000][26480][gc,start     ] GC(390) Pause Cleanup
[2020-09-11T11:44:48.908+0000][26480][gc           ] GC(390) Pause Cleanup 370M->370M(1024M) 0.427ms
[2020-09-11T11:44:48.908+0000][26480][gc,cpu       ] GC(390) User=0.00s Sys=0.00s Real=0.00s
[2020-09-11T11:44:48.908+0000][26480][safepoint    ] Safepoint "G1Concurrent", Time since last: 99351100 ns, Reaching safepoint: 217000 ns, At safepoint: 708700 ns, Total: 925700 ns
[2020-09-11T11:44:48.909+0000][26480][gc,marking   ] GC(390) Concurrent Cleanup for Next Mark
[2020-09-11T11:44:48.910+0000][26480][gc,marking   ] GC(390) Concurrent Cleanup for Next Mark 1.812ms
[2020-09-11T11:44:48.910+0000][26480][gc           ] GC(390) Concurrent Cycle 269.909ms
[2020-09-11T11:44:49.187+0000][26480][gc,start     ] GC(391) Pause Young (Concurrent Start) (G1 Humongous Allocation)
[2020-09-11T11:44:49.187+0000][26480][gc,task      ] GC(391) Using 8 workers of 8 for evacuation
[2020-09-11T11:44:49.187+0000][26480][gc,age       ] GC(391) Desired survivor size 33030144 bytes, new threshold 15 (max threshold 15)
[2020-09-11T11:44:49.191+0000][26480][gc,age       ] GC(391) Age table with threshold 15 (max threshold 15)
[2020-09-11T11:44:49.191+0000][26480][gc,age       ] GC(391) - age   1:    2655408 bytes,    2655408 total
[2020-09-11T11:44:49.191+0000][26480][gc,age       ] GC(391) - age   2:       1800 bytes,    2657208 total
[2020-09-11T11:44:49.191+0000][26480][gc,age       ] GC(391) - age   3:       1880 bytes,    2659088 total
[2020-09-11T11:44:49.191+0000][26480][gc,age       ] GC(391) - age   4:        608 bytes,    2659696 total
[2020-09-11T11:44:49.191+0000][26480][gc,age       ] GC(391) - age   5:       1496 bytes,    2661192 total
[2020-09-11T11:44:49.191+0000][26480][gc,age       ] GC(391) - age   6:         64 bytes,    2661256 total
[2020-09-11T11:44:49.191+0000][26480][gc,age       ] GC(391) - age   7:        632 bytes,    2661888 total
[2020-09-11T11:44:49.191+0000][26480][gc,age       ] GC(391) - age   8:        584 bytes,    2662472 total
[2020-09-11T11:44:49.191+0000][26480][gc,age       ] GC(391) - age   9:        520 bytes,    2662992 total
[2020-09-11T11:44:49.191+0000][26480][gc,age       ] GC(391) - age  10:       1528 bytes,    2664520 total
[2020-09-11T11:44:49.191+0000][26480][gc,age       ] GC(391) - age  11:         64 bytes,    2664584 total
[2020-09-11T11:44:49.191+0000][26480][gc,age       ] GC(391) - age  12:       5336 bytes,    2669920 total
[2020-09-11T11:44:49.191+0000][26480][gc,age       ] GC(391) - age  13:        336 bytes,    2670256 total
[2020-09-11T11:44:49.191+0000][26480][gc,age       ] GC(391) - age  14:       5280 bytes,    2675536 total
[2020-09-11T11:44:49.191+0000][26480][gc,phases    ] GC(391)   Pre Evacuate Collection Set: 0.5ms
[2020-09-11T11:44:49.191+0000][26480][gc,phases    ] GC(391)   Merge Heap Roots: 0.1ms
[2020-09-11T11:44:49.191+0000][26480][gc,phases    ] GC(391)   Evacuate Collection Set: 2.1ms
[2020-09-11T11:44:49.192+0000][26480][gc,phases    ] GC(391)   Post Evacuate Collection Set: 0.8ms
[2020-09-11T11:44:49.192+0000][26480][gc,phases    ] GC(391)   Other: 1.2ms
[2020-09-11T11:44:49.192+0000][26480][gc,heap      ] GC(391) Eden regions: 47->0(497)
[2020-09-11T11:44:49.192+0000][26480][gc,heap      ] GC(391) Survivor regions: 4->3(63)
[2020-09-11T11:44:49.192+0000][26480][gc,heap      ] GC(391) Old regions: 78->78
[2020-09-11T11:44:49.192+0000][26480][gc,heap      ] GC(391) Archive regions: 0->0
[2020-09-11T11:44:49.192+0000][26480][gc,heap      ] GC(391) Humongous regions: 262->174
[2020-09-11T11:44:49.192+0000][26480][gc,metaspace ] GC(391) Metaspace: 88337K(94488K)->88337K(94488K) NonClass: 77158K(80792K)->77158K(80792K) Class: 11179K(13696K)->11179K(13696K)
[2020-09-11T11:44:49.192+0000][26480][gc           ] GC(391) Pause Young (Concurrent Start) (G1 Humongous Allocation) 390M->254M(1024M) 5.139ms
[2020-09-11T11:44:49.192+0000][26480][gc,cpu       ] GC(391) User=0.00s Sys=0.00s Real=0.00s
[2020-09-11T11:44:49.192+0000][26480][gc           ] GC(392) Concurrent Cycle
[2020-09-11T11:44:49.192+0000][26480][safepoint    ] Safepoint "G1TryInitiateConcMark", Time since last: 278048700 ns, Reaching safepoint: 195400 ns, At safepoint: 5361000 ns, Total: 5556400 ns
[2020-09-11T11:44:49.192+0000][26480][gc,marking   ] GC(392) Concurrent Clear Claimed Marks
[2020-09-11T11:44:49.193+0000][26480][gc,marking   ] GC(392) Concurrent Clear Claimed Marks 0.553ms
[2020-09-11T11:44:49.193+0000][26480][gc,marking   ] GC(392) Concurrent Scan Root Regions
[2020-09-11T11:44:49.195+0000][26480][gc,marking   ] GC(392) Concurrent Scan Root Regions 1.986ms
[2020-09-11T11:44:49.195+0000][26480][gc,marking   ] GC(392) Concurrent Mark (7094.329s)
[2020-09-11T11:44:49.195+0000][26480][gc,marking   ] GC(392) Concurrent Mark From Roots
[2020-09-11T11:44:49.195+0000][26480][gc,task      ] GC(392) Using 2 workers of 2 for marking
[2020-09-11T11:44:49.346+0000][26480][gc,marking   ] GC(392) Concurrent Mark From Roots 151.076ms
[2020-09-11T11:44:49.346+0000][26480][gc,marking   ] GC(392) Concurrent Preclean
[2020-09-11T11:44:49.347+0000][26480][gc,marking   ] GC(392) Concurrent Preclean 0.844ms
[2020-09-11T11:44:49.347+0000][26480][gc,marking   ] GC(392) Concurrent Mark (7094.329s, 7094.481s) 152.138ms
[2020-09-11T11:44:49.347+0000][26480][gc,start     ] GC(392) Pause Remark
[2020-09-11T11:44:49.354+0000][26480][gc           ] GC(392) Pause Remark 313M->313M(1024M) 6.583ms
[2020-09-11T11:44:49.354+0000][26480][gc,cpu       ] GC(392) User=0.03s Sys=0.03s Real=0.01s
[2020-09-11T11:44:49.354+0000][26480][safepoint    ] Safepoint "G1Concurrent", Time since last: 155132700 ns, Reaching safepoint: 171000 ns, At safepoint: 6835500 ns, Total: 7006500 ns
[2020-09-11T11:44:49.354+0000][26480][gc,marking   ] GC(392) Concurrent Rebuild Remembered Sets
[2020-09-11T11:44:49.452+0000][26480][gc,marking   ] GC(392) Concurrent Rebuild Remembered Sets 97.691ms
[2020-09-11T11:44:49.452+0000][26480][gc,start     ] GC(392) Pause Cleanup
[2020-09-11T11:44:49.453+0000][26480][gc           ] GC(392) Pause Cleanup 313M->313M(1024M) 0.505ms
[2020-09-11T11:44:49.453+0000][26480][gc,cpu       ] GC(392) User=0.00s Sys=0.00s Real=0.00s
[2020-09-11T11:44:49.453+0000][26480][safepoint    ] Safepoint "G1Concurrent", Time since last: 97970100 ns, Reaching safepoint: 169200 ns, At safepoint: 684600 ns, Total: 853800 ns
[2020-09-11T11:44:49.453+0000][26480][gc,marking   ] GC(392) Concurrent Cleanup for Next Mark
[2020-09-11T11:44:49.455+0000][26480][gc,marking   ] GC(392) Concurrent Cleanup for Next Mark 1.901ms
[2020-09-11T11:44:49.455+0000][26480][gc           ] GC(392) Concurrent Cycle 263.202ms
[2020-09-11T11:44:49.514+0000][26480][gc,start     ] GC(393) Pause Young (Concurrent Start) (G1 Humongous Allocation)
[2020-09-11T11:44:49.514+0000][26480][gc,task      ] GC(393) Using 8 workers of 8 for evacuation
[2020-09-11T11:44:49.514+0000][26480][gc,age       ] GC(393) Desired survivor size 33030144 bytes, new threshold 15 (max threshold 15)
[2020-09-11T11:44:49.519+0000][26480][gc,age       ] GC(393) Age table with threshold 15 (max threshold 15)
[2020-09-11T11:44:49.519+0000][26480][gc,age       ] GC(393) - age   1:    2816240 bytes,    2816240 total
[2020-09-11T11:44:49.519+0000][26480][gc,age       ] GC(393) - age   2:      75256 bytes,    2891496 total
[2020-09-11T11:44:49.519+0000][26480][gc,age       ] GC(393) - age   3:       1736 bytes,    2893232 total
[2020-09-11T11:44:49.519+0000][26480][gc,age       ] GC(393) - age   4:       1632 bytes,    2894864 total
[2020-09-11T11:44:49.519+0000][26480][gc,age       ] GC(393) - age   5:        584 bytes,    2895448 total
[2020-09-11T11:44:49.519+0000][26480][gc,age       ] GC(393) - age   6:       1368 bytes,    2896816 total
[2020-09-11T11:44:49.519+0000][26480][gc,age       ] GC(393) - age   7:         64 bytes,    2896880 total
[2020-09-11T11:44:49.519+0000][26480][gc,age       ] GC(393) - age   8:        536 bytes,    2897416 total
[2020-09-11T11:44:49.519+0000][26480][gc,age       ] GC(393) - age   9:        392 bytes,    2897808 total
[2020-09-11T11:44:49.519+0000][26480][gc,age       ] GC(393) - age  10:        456 bytes,    2898264 total
[2020-09-11T11:44:49.519+0000][26480][gc,age       ] GC(393) - age  11:       1528 bytes,    2899792 total
[2020-09-11T11:44:49.519+0000][26480][gc,age       ] GC(393) - age  12:         64 bytes,    2899856 total
[2020-09-11T11:44:49.519+0000][26480][gc,age       ] GC(393) - age  13:       5336 bytes,    2905192 total
[2020-09-11T11:44:49.520+0000][26480][gc,age       ] GC(393) - age  14:        336 bytes,    2905528 total
[2020-09-11T11:44:49.520+0000][26480][gc,age       ] GC(393) - age  15:       5248 bytes,    2910776 total
[2020-09-11T11:44:49.520+0000][26480][gc,phases    ] GC(393)   Pre Evacuate Collection Set: 0.6ms
[2020-09-11T11:44:49.520+0000][26480][gc,phases    ] GC(393)   Merge Heap Roots: 0.1ms
[2020-09-11T11:44:49.520+0000][26480][gc,phases    ] GC(393)   Evacuate Collection Set: 2.3ms
[2020-09-11T11:44:49.520+0000][26480][gc,phases    ] GC(393)   Post Evacuate Collection Set: 0.8ms
[2020-09-11T11:44:49.520+0000][26480][gc,phases    ] GC(393)   Other: 1.3ms
[2020-09-11T11:44:49.520+0000][26480][gc,heap      ] GC(393) Eden regions: 22->0(499)
[2020-09-11T11:44:49.520+0000][26480][gc,heap      ] GC(393) Survivor regions: 3->3(63)
[2020-09-11T11:44:49.520+0000][26480][gc,heap      ] GC(393) Old regions: 78->78
[2020-09-11T11:44:49.520+0000][26480][gc,heap      ] GC(393) Archive regions: 0->0
[2020-09-11T11:44:49.520+0000][26480][gc,heap      ] GC(393) Humongous regions: 229->174
[2020-09-11T11:44:49.520+0000][26480][gc,metaspace ] GC(393) Metaspace: 88338K(94488K)->88338K(94488K) NonClass: 77159K(80792K)->77159K(80792K) Class: 11179K(13696K)->11179K(13696K)
[2020-09-11T11:44:49.520+0000][26480][gc           ] GC(393) Pause Young (Concurrent Start) (G1 Humongous Allocation) 331M->254M(1024M) 5.488ms
[2020-09-11T11:44:49.520+0000][26480][gc,cpu       ] GC(393) User=0.00s Sys=0.00s Real=0.01s
[2020-09-11T11:44:49.520+0000][26480][gc           ] GC(394) Concurrent Cycle
[2020-09-11T11:44:49.520+0000][26480][safepoint    ] Safepoint "G1TryInitiateConcMark", Time since last: 61604600 ns, Reaching safepoint: 212300 ns, At safepoint: 5727300 ns, Total: 5939600 ns
[2020-09-11T11:44:49.520+0000][26480][gc,marking   ] GC(394) Concurrent Clear Claimed Marks
[2020-09-11T11:44:49.520+0000][26480][gc,marking   ] GC(394) Concurrent Clear Claimed Marks 0.475ms
[2020-09-11T11:44:49.520+0000][26480][gc,marking   ] GC(394) Concurrent Scan Root Regions
[2020-09-11T11:44:49.523+0000][26480][gc,marking   ] GC(394) Concurrent Scan Root Regions 2.408ms
[2020-09-11T11:44:49.523+0000][26480][gc,marking   ] GC(394) Concurrent Mark (7094.658s)
[2020-09-11T11:44:49.523+0000][26480][gc,marking   ] GC(394) Concurrent Mark From Roots
[2020-09-11T11:44:49.523+0000][26480][gc,task      ] GC(394) Using 2 workers of 2 for marking
[2020-09-11T11:44:49.675+0000][26480][gc,marking   ] GC(394) Concurrent Mark From Roots 151.935ms
[2020-09-11T11:44:49.675+0000][26480][gc,marking   ] GC(394) Concurrent Preclean
[2020-09-11T11:44:49.676+0000][26480][gc,marking   ] GC(394) Concurrent Preclean 0.791ms
[2020-09-11T11:44:49.676+0000][26480][gc,marking   ] GC(394) Concurrent Mark (7094.658s, 7094.811s) 152.925ms
[2020-09-11T11:44:49.676+0000][26480][gc,start     ] GC(394) Pause Remark
[2020-09-11T11:44:49.683+0000][26480][gc           ] GC(394) Pause Remark 306M->306M(1024M) 6.330ms
[2020-09-11T11:44:49.683+0000][26480][gc,cpu       ] GC(394) User=0.09s Sys=0.02s Real=0.01s
[2020-09-11T11:44:49.683+0000][26480][safepoint    ] Safepoint "G1Concurrent", Time since last: 156186000 ns, Reaching safepoint: 169900 ns, At safepoint: 6529300 ns, Total: 6699200 ns
[2020-09-11T11:44:49.683+0000][26480][gc,marking   ] GC(394) Concurrent Rebuild Remembered Sets
[2020-09-11T11:44:49.778+0000][26480][gc,marking   ] GC(394) Concurrent Rebuild Remembered Sets 95.159ms
[2020-09-11T11:44:49.778+0000][26480][gc,start     ] GC(394) Pause Cleanup
[2020-09-11T11:44:49.779+0000][26480][gc           ] GC(394) Pause Cleanup 311M->311M(1024M) 0.320ms
[2020-09-11T11:44:49.779+0000][26480][gc,cpu       ] GC(394) User=0.00s Sys=0.00s Real=0.00s
[2020-09-11T11:44:49.779+0000][26480][safepoint    ] Safepoint "G1Concurrent", Time since last: 95341600 ns, Reaching safepoint: 138300 ns, At safepoint: 472100 ns, Total: 610400 ns
[2020-09-11T11:44:49.779+0000][26480][gc,marking   ] GC(394) Concurrent Cleanup for Next Mark
[2020-09-11T11:44:49.781+0000][26480][gc,marking   ] GC(394) Concurrent Cleanup for Next Mark 1.915ms
[2020-09-11T11:44:49.781+0000][26480][gc           ] GC(394) Concurrent Cycle 260.963ms
[2020-09-11T11:44:49.814+0000][26480][gc,start     ] GC(395) Pause Young (Concurrent Start) (G1 Humongous Allocation)
[2020-09-11T11:44:49.814+0000][26480][gc,task      ] GC(395) Using 8 workers of 8 for evacuation
[2020-09-11T11:44:49.814+0000][26480][gc,age       ] GC(395) Desired survivor size 33030144 bytes, new threshold 15 (max threshold 15)
[2020-09-11T11:44:49.819+0000][26480][gc,age       ] GC(395) Age table with threshold 15 (max threshold 15)
[2020-09-11T11:44:49.820+0000][26480][gc,age       ] GC(395) - age   1:   13227808 bytes,   13227808 total
[2020-09-11T11:44:49.820+0000][26480][gc,age       ] GC(395) - age   2:       1296 bytes,   13229104 total
[2020-09-11T11:44:49.820+0000][26480][gc,age       ] GC(395) - age   3:      71656 bytes,   13300760 total
[2020-09-11T11:44:49.820+0000][26480][gc,age       ] GC(395) - age   4:        776 bytes,   13301536 total
[2020-09-11T11:44:49.820+0000][26480][gc,age       ] GC(395) - age   5:       1144 bytes,   13302680 total
[2020-09-11T11:44:49.820+0000][26480][gc,age       ] GC(395) - age   6:        520 bytes,   13303200 total
[2020-09-11T11:44:49.820+0000][26480][gc,age       ] GC(395) - age   7:       1304 bytes,   13304504 total
[2020-09-11T11:44:49.820+0000][26480][gc,age       ] GC(395) - age   8:         64 bytes,   13304568 total
[2020-09-11T11:44:49.820+0000][26480][gc,age       ] GC(395) - age   9:        440 bytes,   13305008 total
[2020-09-11T11:44:49.820+0000][26480][gc,age       ] GC(395) - age  10:        200 bytes,   13305208 total
[2020-09-11T11:44:49.820+0000][26480][gc,age       ] GC(395) - age  11:        456 bytes,   13305664 total
[2020-09-11T11:44:49.820+0000][26480][gc,age       ] GC(395) - age  12:       1464 bytes,   13307128 total
[2020-09-11T11:44:49.820+0000][26480][gc,age       ] GC(395) - age  13:         64 bytes,   13307192 total
[2020-09-11T11:44:49.820+0000][26480][gc,age       ] GC(395) - age  14:       5336 bytes,   13312528 total
[2020-09-11T11:44:49.820+0000][26480][gc,age       ] GC(395) - age  15:        336 bytes,   13312864 total
[2020-09-11T11:44:49.820+0000][26480][gc,phases    ] GC(395)   Pre Evacuate Collection Set: 0.5ms
[2020-09-11T11:44:49.820+0000][26480][gc,phases    ] GC(395)   Merge Heap Roots: 0.1ms
[2020-09-11T11:44:49.820+0000][26480][gc,phases    ] GC(395)   Evacuate Collection Set: 3.8ms
[2020-09-11T11:44:49.820+0000][26480][gc,phases    ] GC(395)   Post Evacuate Collection Set: 1.0ms
[2020-09-11T11:44:49.820+0000][26480][gc,phases    ] GC(395)   Other: 1.4ms
[2020-09-11T11:44:49.821+0000][26480][gc,heap      ] GC(395) Eden regions: 39->0(481)
[2020-09-11T11:44:49.821+0000][26480][gc,heap      ] GC(395) Survivor regions: 3->13(63)
[2020-09-11T11:44:49.821+0000][26480][gc,heap      ] GC(395) Old regions: 78->78
[2020-09-11T11:44:49.821+0000][26480][gc,heap      ] GC(395) Archive regions: 0->0
[2020-09-11T11:44:49.821+0000][26480][gc,heap      ] GC(395) Humongous regions: 229->174
[2020-09-11T11:44:49.821+0000][26480][gc,metaspace ] GC(395) Metaspace: 88352K(94488K)->88352K(94488K) NonClass: 77172K(80792K)->77172K(80792K) Class: 11179K(13696K)->11179K(13696K)
[2020-09-11T11:44:49.821+0000][26480][gc           ] GC(395) Pause Young (Concurrent Start) (G1 Humongous Allocation) 348M->264M(1024M) 7.144ms
[2020-09-11T11:44:49.821+0000][26480][gc,cpu       ] GC(395) User=0.00s Sys=0.00s Real=0.01s
[2020-09-11T11:44:49.821+0000][26480][gc           ] GC(396) Concurrent Cycle
[2020-09-11T11:44:49.821+0000][26480][gc,marking   ] GC(396) Concurrent Clear Claimed Marks
[2020-09-11T11:44:49.821+0000][26480][safepoint    ] Safepoint "G1TryInitiateConcMark", Time since last: 34567300 ns, Reaching safepoint: 257700 ns, At safepoint: 7703100 ns, Total: 7960800 ns
[2020-09-11T11:44:49.822+0000][26480][gc,marking   ] GC(396) Concurrent Clear Claimed Marks 0.586ms
[2020-09-11T11:44:49.822+0000][26480][gc,marking   ] GC(396) Concurrent Scan Root Regions
[2020-09-11T11:44:49.825+0000][26480][gc,marking   ] GC(396) Concurrent Scan Root Regions 3.501ms
[2020-09-11T11:44:49.825+0000][26480][gc,marking   ] GC(396) Concurrent Mark (7094.960s)
[2020-09-11T11:44:49.825+0000][26480][gc,marking   ] GC(396) Concurrent Mark From Roots
[2020-09-11T11:44:49.825+0000][26480][gc,task      ] GC(396) Using 2 workers of 2 for marking
[2020-09-11T11:44:49.987+0000][26480][gc,marking   ] GC(396) Concurrent Mark From Roots 161.781ms
[2020-09-11T11:44:49.987+0000][26480][gc,marking   ] GC(396) Concurrent Preclean
[2020-09-11T11:44:49.988+0000][26480][gc,marking   ] GC(396) Concurrent Preclean 0.859ms
[2020-09-11T11:44:49.988+0000][26480][gc,marking   ] GC(396) Concurrent Mark (7094.960s, 7095.123s) 162.873ms
[2020-09-11T11:44:49.989+0000][26480][gc,start     ] GC(396) Pause Remark
[2020-09-11T11:44:49.995+0000][26480][gc           ] GC(396) Pause Remark 493M->493M(1024M) 6.720ms
[2020-09-11T11:44:49.996+0000][26480][gc,cpu       ] GC(396) User=0.11s Sys=0.00s Real=0.01s
[2020-09-11T11:44:49.996+0000][26480][safepoint    ] Safepoint "G1Concurrent", Time since last: 167090300 ns, Reaching safepoint: 345700 ns, At safepoint: 7242700 ns, Total: 7588400 ns
[2020-09-11T11:44:49.996+0000][26480][gc,marking   ] GC(396) Concurrent Rebuild Remembered Sets
[2020-09-11T11:44:50.093+0000][26480][gc,marking   ] GC(396) Concurrent Rebuild Remembered Sets 96.778ms
[2020-09-11T11:44:50.093+0000][26480][gc,start     ] GC(396) Pause Cleanup
[2020-09-11T11:44:50.094+0000][26480][gc           ] GC(396) Pause Cleanup 495M->495M(1024M) 0.397ms
[2020-09-11T11:44:50.094+0000][26480][gc,cpu       ] GC(396) User=0.00s Sys=0.00s Real=0.00s
[2020-09-11T11:44:50.094+0000][26480][safepoint    ] Safepoint "G1Concurrent", Time since last: 97049900 ns, Reaching safepoint: 206400 ns, At safepoint: 637500 ns, Total: 843900 ns
[2020-09-11T11:44:50.094+0000][26480][gc,marking   ] GC(396) Concurrent Cleanup for Next Mark
[2020-09-11T11:44:50.096+0000][26480][gc,marking   ] GC(396) Concurrent Cleanup for Next Mark 2.032ms
[2020-09-11T11:44:50.096+0000][26480][gc           ] GC(396) Concurrent Cycle 275.148ms
[2020-09-11T11:44:50.146+0000][26480][gc,start     ] GC(397) Pause Young (Concurrent Start) (G1 Humongous Allocation)
[2020-09-11T11:44:50.146+0000][26480][gc,task      ] GC(397) Using 8 workers of 8 for evacuation
[2020-09-11T11:44:50.146+0000][26480][gc,age       ] GC(397) Desired survivor size 32505856 bytes, new threshold 15 (max threshold 15)
[2020-09-11T11:44:50.149+0000][26480][gc,age       ] GC(397) Age table with threshold 15 (max threshold 15)
[2020-09-11T11:44:50.150+0000][26480][gc,age       ] GC(397) - age   1:     268496 bytes,     268496 total
[2020-09-11T11:44:50.150+0000][26480][gc,age       ] GC(397) - age   2:    2766272 bytes,    3034768 total
[2020-09-11T11:44:50.150+0000][26480][gc,age       ] GC(397) - age   3:       1264 bytes,    3036032 total
[2020-09-11T11:44:50.150+0000][26480][gc,age       ] GC(397) - age   4:      69352 bytes,    3105384 total
[2020-09-11T11:44:50.150+0000][26480][gc,age       ] GC(397) - age   5:        752 bytes,    3106136 total
[2020-09-11T11:44:50.150+0000][26480][gc,age       ] GC(397) - age   6:       1144 bytes,    3107280 total
[2020-09-11T11:44:50.150+0000][26480][gc,age       ] GC(397) - age   7:        520 bytes,    3107800 total
[2020-09-11T11:44:50.150+0000][26480][gc,age       ] GC(397) - age   8:       1304 bytes,    3109104 total
[2020-09-11T11:44:50.150+0000][26480][gc,age       ] GC(397) - age   9:         64 bytes,    3109168 total
[2020-09-11T11:44:50.150+0000][26480][gc,age       ] GC(397) - age  10:        440 bytes,    3109608 total
[2020-09-11T11:44:50.150+0000][26480][gc,age       ] GC(397) - age  11:        200 bytes,    3109808 total
[2020-09-11T11:44:50.150+0000][26480][gc,age       ] GC(397) - age  12:        456 bytes,    3110264 total
[2020-09-11T11:44:50.150+0000][26480][gc,age       ] GC(397) - age  13:       1464 bytes,    3111728 total
[2020-09-11T11:44:50.150+0000][26480][gc,age       ] GC(397) - age  14:         64 bytes,    3111792 total
[2020-09-11T11:44:50.150+0000][26480][gc,age       ] GC(397) - age  15:       5336 bytes,    3117128 total
[2020-09-11T11:44:50.150+0000][26480][gc,phases    ] GC(397)   Pre Evacuate Collection Set: 0.4ms
[2020-09-11T11:44:50.150+0000][26480][gc,phases    ] GC(397)   Merge Heap Roots: 0.1ms
[2020-09-11T11:44:50.150+0000][26480][gc,phases    ] GC(397)   Evacuate Collection Set: 2.2ms
[2020-09-11T11:44:50.150+0000][26480][gc,phases    ] GC(397)   Post Evacuate Collection Set: 0.9ms
[2020-09-11T11:44:50.150+0000][26480][gc,phases    ] GC(397)   Other: 1.0ms
[2020-09-11T11:44:50.150+0000][26480][gc,heap      ] GC(397) Eden regions: 49->0(494)
[2020-09-11T11:44:50.150+0000][26480][gc,heap      ] GC(397) Survivor regions: 13->4(62)
[2020-09-11T11:44:50.150+0000][26480][gc,heap      ] GC(397) Old regions: 78->78
[2020-09-11T11:44:50.150+0000][26480][gc,heap      ] GC(397) Archive regions: 0->0
[2020-09-11T11:44:50.151+0000][26480][gc,heap      ] GC(397) Humongous regions: 364->174
[2020-09-11T11:44:50.151+0000][26480][gc,metaspace ] GC(397) Metaspace: 88355K(94488K)->88355K(94488K) NonClass: 77176K(80792K)->77176K(80792K) Class: 11179K(13696K)->11179K(13696K)
[2020-09-11T11:44:50.151+0000][26480][gc           ] GC(397) Pause Young (Concurrent Start) (G1 Humongous Allocation) 503M->255M(1024M) 5.096ms
[2020-09-11T11:44:50.151+0000][26480][gc,cpu       ] GC(397) User=0.00s Sys=0.02s Real=0.01s
[2020-09-11T11:44:50.151+0000][26480][gc           ] GC(398) Concurrent Cycle
[2020-09-11T11:44:50.151+0000][26480][gc,marking   ] GC(398) Concurrent Clear Claimed Marks
[2020-09-11T11:44:50.151+0000][26480][gc,marking   ] GC(398) Concurrent Clear Claimed Marks 0.307ms
[2020-09-11T11:44:50.151+0000][26480][safepoint    ] Safepoint "G1TryInitiateConcMark", Time since last: 51491200 ns, Reaching safepoint: 165500 ns, At safepoint: 5666900 ns, Total: 5832400 ns
[2020-09-11T11:44:50.151+0000][26480][gc,marking   ] GC(398) Concurrent Scan Root Regions
[2020-09-11T11:44:50.154+0000][26480][gc,marking   ] GC(398) Concurrent Scan Root Regions 2.816ms
[2020-09-11T11:44:50.154+0000][26480][gc,marking   ] GC(398) Concurrent Mark (7095.289s)
[2020-09-11T11:44:50.154+0000][26480][gc,marking   ] GC(398) Concurrent Mark From Roots
[2020-09-11T11:44:50.154+0000][26480][gc,task      ] GC(398) Using 2 workers of 2 for marking
[2020-09-11T11:44:50.316+0000][26480][gc,marking   ] GC(398) Concurrent Mark From Roots 161.824ms
[2020-09-11T11:44:50.316+0000][26480][gc,marking   ] GC(398) Concurrent Preclean
[2020-09-11T11:44:50.317+0000][26480][gc,marking   ] GC(398) Concurrent Preclean 0.720ms
[2020-09-11T11:44:50.317+0000][26480][gc,marking   ] GC(398) Concurrent Mark (7095.289s, 7095.452s) 162.765ms
[2020-09-11T11:44:50.317+0000][26480][gc,start     ] GC(398) Pause Remark
[2020-09-11T11:44:50.330+0000][26480][gc           ] GC(398) Pause Remark 324M->324M(1024M) 13.038ms
[2020-09-11T11:44:50.330+0000][26480][gc,cpu       ] GC(398) User=0.11s Sys=0.00s Real=0.01s
[2020-09-11T11:44:50.330+0000][26480][safepoint    ] Safepoint "G1Concurrent", Time since last: 165840900 ns, Reaching safepoint: 157600 ns, At safepoint: 13337300 ns, Total: 13494900 ns
[2020-09-11T11:44:50.331+0000][26480][gc,marking   ] GC(398) Concurrent Rebuild Remembered Sets
[2020-09-11T11:44:50.415+0000][26480][safepoint    ] Safepoint "ICBufferFull", Time since last: 83657900 ns, Reaching safepoint: 776100 ns, At safepoint: 27600 ns, Total: 803700 ns
[2020-09-11T11:44:50.427+0000][26480][gc,marking   ] GC(398) Concurrent Rebuild Remembered Sets 96.259ms
[2020-09-11T11:44:50.427+0000][26480][gc,start     ] GC(398) Pause Cleanup
[2020-09-11T11:44:50.428+0000][26480][gc           ] GC(398) Pause Cleanup 362M->362M(1024M) 0.430ms
[2020-09-11T11:44:50.428+0000][26480][gc,cpu       ] GC(398) User=0.00s Sys=0.00s Real=0.00s
[2020-09-11T11:44:50.428+0000][26480][safepoint    ] Safepoint "G1Concurrent", Time since last: 12090400 ns, Reaching safepoint: 278300 ns, At safepoint: 658100 ns, Total: 936400 ns
[2020-09-11T11:44:50.428+0000][26480][gc,marking   ] GC(398) Concurrent Cleanup for Next Mark
[2020-09-11T11:44:50.431+0000][26480][gc,marking   ] GC(398) Concurrent Cleanup for Next Mark 2.457ms
[2020-09-11T11:44:50.431+0000][26480][gc           ] GC(398) Concurrent Cycle 279.899ms
[2020-09-11T11:44:50.431+0000][26480][gc,start     ] GC(399) Pause Young (Concurrent Start) (G1 Humongous Allocation)
[2020-09-11T11:44:50.431+0000][26480][gc,task      ] GC(399) Using 8 workers of 8 for evacuation
[2020-09-11T11:44:50.431+0000][26480][gc,age       ] GC(399) Desired survivor size 33030144 bytes, new threshold 15 (max threshold 15)
[2020-09-11T11:44:50.435+0000][26480][gc,age       ] GC(399) Age table with threshold 15 (max threshold 15)
[2020-09-11T11:44:50.436+0000][26480][gc,age       ] GC(399) - age   1:    2546944 bytes,    2546944 total
[2020-09-11T11:44:50.436+0000][26480][gc,age       ] GC(399) - age   2:     204720 bytes,    2751664 total
[2020-09-11T11:44:50.436+0000][26480][gc,age       ] GC(399) - age   3:       7864 bytes,    2759528 total
[2020-09-11T11:44:50.436+0000][26480][gc,age       ] GC(399) - age   4:        672 bytes,    2760200 total
[2020-09-11T11:44:50.436+0000][26480][gc,age       ] GC(399) - age   5:      61960 bytes,    2822160 total
[2020-09-11T11:44:50.436+0000][26480][gc,age       ] GC(399) - age   6:        608 bytes,    2822768 total
[2020-09-11T11:44:50.436+0000][26480][gc,age       ] GC(399) - age   7:       1144 bytes,    2823912 total
[2020-09-11T11:44:50.436+0000][26480][gc,age       ] GC(399) - age   8:        520 bytes,    2824432 total
[2020-09-11T11:44:50.436+0000][26480][gc,age       ] GC(399) - age   9:        920 bytes,    2825352 total
[2020-09-11T11:44:50.436+0000][26480][gc,age       ] GC(399) - age  10:         64 bytes,    2825416 total
[2020-09-11T11:44:50.436+0000][26480][gc,age       ] GC(399) - age  11:        344 bytes,    2825760 total
[2020-09-11T11:44:50.436+0000][26480][gc,age       ] GC(399) - age  12:        168 bytes,    2825928 total
[2020-09-11T11:44:50.436+0000][26480][gc,age       ] GC(399) - age  13:        456 bytes,    2826384 total
[2020-09-11T11:44:50.436+0000][26480][gc,age       ] GC(399) - age  14:       1464 bytes,    2827848 total
[2020-09-11T11:44:50.436+0000][26480][gc,age       ] GC(399) - age  15:         64 bytes,    2827912 total
[2020-09-11T11:44:50.436+0000][26480][gc,phases    ] GC(399)   Pre Evacuate Collection Set: 0.5ms
[2020-09-11T11:44:50.436+0000][26480][gc,phases    ] GC(399)   Merge Heap Roots: 0.1ms
[2020-09-11T11:44:50.436+0000][26480][gc,phases    ] GC(399)   Evacuate Collection Set: 2.3ms
[2020-09-11T11:44:50.436+0000][26480][gc,phases    ] GC(399)   Post Evacuate Collection Set: 1.0ms
[2020-09-11T11:44:50.436+0000][26480][gc,phases    ] GC(399)   Other: 1.2ms
[2020-09-11T11:44:50.437+0000][26480][gc,heap      ] GC(399) Eden regions: 33->0(497)
[2020-09-11T11:44:50.437+0000][26480][gc,heap      ] GC(399) Survivor regions: 4->3(63)
[2020-09-11T11:44:50.437+0000][26480][gc,heap      ] GC(399) Old regions: 78->78
[2020-09-11T11:44:50.437+0000][26480][gc,heap      ] GC(399) Archive regions: 0->0
[2020-09-11T11:44:50.437+0000][26480][gc,heap      ] GC(399) Humongous regions: 260->174
[2020-09-11T11:44:50.437+0000][26480][gc,metaspace ] GC(399) Metaspace: 88341K(94488K)->88341K(94488K) NonClass: 77167K(80792K)->77167K(80792K) Class: 11174K(13696K)->11174K(13696K)
[2020-09-11T11:44:50.437+0000][26480][gc           ] GC(399) Pause Young (Concurrent Start) (G1 Humongous Allocation) 373M->254M(1024M) 5.719ms
[2020-09-11T11:44:50.437+0000][26480][gc,cpu       ] GC(399) User=0.02s Sys=0.00s Real=0.01s
[2020-09-11T11:44:50.437+0000][26480][gc           ] GC(400) Concurrent Cycle
[2020-09-11T11:44:50.437+0000][26480][safepoint    ] Safepoint "G1TryInitiateConcMark", Time since last: 2865800 ns, Reaching safepoint: 219100 ns, At safepoint: 5995100 ns, Total: 6214200 ns
[2020-09-11T11:44:50.437+0000][26480][gc,marking   ] GC(400) Concurrent Clear Claimed Marks
[2020-09-11T11:44:50.438+0000][26480][gc,marking   ] GC(400) Concurrent Clear Claimed Marks 0.607ms
[2020-09-11T11:44:50.438+0000][26480][gc,marking   ] GC(400) Concurrent Scan Root Regions
[2020-09-11T11:44:50.440+0000][26480][gc,marking   ] GC(400) Concurrent Scan Root Regions 2.559ms
[2020-09-11T11:44:50.440+0000][26480][gc,marking   ] GC(400) Concurrent Mark (7095.575s)
[2020-09-11T11:44:50.441+0000][26480][gc,marking   ] GC(400) Concurrent Mark From Roots
[2020-09-11T11:44:50.441+0000][26480][gc,task      ] GC(400) Using 2 workers of 2 for marking
[2020-09-11T11:44:50.594+0000][26480][gc,marking   ] GC(400) Concurrent Mark From Roots 153.722ms
[2020-09-11T11:44:50.594+0000][26480][gc,marking   ] GC(400) Concurrent Preclean
[2020-09-11T11:44:50.595+0000][26480][gc,marking   ] GC(400) Concurrent Preclean 0.807ms
[2020-09-11T11:44:50.595+0000][26480][gc,marking   ] GC(400) Concurrent Mark (7095.575s, 7095.730s) 154.732ms
[2020-09-11T11:44:50.596+0000][26480][gc,start     ] GC(400) Pause Remark
[2020-09-11T11:44:50.602+0000][26480][gc           ] GC(400) Pause Remark 281M->281M(1024M) 6.678ms
[2020-09-11T11:44:50.602+0000][26480][gc,cpu       ] GC(400) User=0.00s Sys=0.00s Real=0.01s
[2020-09-11T11:44:50.602+0000][26480][safepoint    ] Safepoint "G1Concurrent", Time since last: 158256600 ns, Reaching safepoint: 201400 ns, At safepoint: 6943900 ns, Total: 7145300 ns
[2020-09-11T11:44:50.603+0000][26480][gc,marking   ] GC(400) Concurrent Rebuild Remembered Sets
[2020-09-11T11:44:50.699+0000][26480][gc,marking   ] GC(400) Concurrent Rebuild Remembered Sets 96.076ms
[2020-09-11T11:44:50.699+0000][26480][gc,start     ] GC(400) Pause Cleanup
[2020-09-11T11:44:50.699+0000][26480][gc           ] GC(400) Pause Cleanup 351M->351M(1024M) 0.369ms
[2020-09-11T11:44:50.700+0000][26480][gc,cpu       ] GC(400) User=0.00s Sys=0.00s Real=0.00s
[2020-09-11T11:44:50.700+0000][26480][safepoint    ] Safepoint "G1Concurrent", Time since last: 96392900 ns, Reaching safepoint: 199600 ns, At safepoint: 611000 ns, Total: 810600 ns
[2020-09-11T11:44:50.700+0000][26480][gc,marking   ] GC(400) Concurrent Cleanup for Next Mark
[2020-09-11T11:44:50.702+0000][26480][gc,marking   ] GC(400) Concurrent Cleanup for Next Mark 2.013ms
[2020-09-11T11:44:50.702+0000][26480][gc           ] GC(400) Concurrent Cycle 264.885ms
[2020-09-11T11:44:50.859+0000][26480][gc,start     ] GC(401) Pause Young (Concurrent Start) (G1 Humongous Allocation)
[2020-09-11T11:44:50.859+0000][26480][gc,task      ] GC(401) Using 8 workers of 8 for evacuation
[2020-09-11T11:44:50.859+0000][26480][gc,age       ] GC(401) Desired survivor size 33030144 bytes, new threshold 15 (max threshold 15)
[2020-09-11T11:44:50.863+0000][26480][gc,age       ] GC(401) Age table with threshold 15 (max threshold 15)
[2020-09-11T11:44:50.863+0000][26480][gc,age       ] GC(401) - age   1:    3312096 bytes,    3312096 total
[2020-09-11T11:44:50.863+0000][26480][gc,age       ] GC(401) - age   2:     596552 bytes,    3908648 total
[2020-09-11T11:44:50.863+0000][26480][gc,age       ] GC(401) - age   3:       4312 bytes,    3912960 total
[2020-09-11T11:44:50.863+0000][26480][gc,age       ] GC(401) - age   4:       4280 bytes,    3917240 total
[2020-09-11T11:44:50.863+0000][26480][gc,age       ] GC(401) - age   5:        384 bytes,    3917624 total
[2020-09-11T11:44:50.863+0000][26480][gc,age       ] GC(401) - age   6:      61864 bytes,    3979488 total
[2020-09-11T11:44:50.863+0000][26480][gc,age       ] GC(401) - age   7:        512 bytes,    3980000 total
[2020-09-11T11:44:50.863+0000][26480][gc,age       ] GC(401) - age   8:       1048 bytes,    3981048 total
[2020-09-11T11:44:50.863+0000][26480][gc,age       ] GC(401) - age   9:        488 bytes,    3981536 total
[2020-09-11T11:44:50.863+0000][26480][gc,age       ] GC(401) - age  10:        792 bytes,    3982328 total
[2020-09-11T11:44:50.863+0000][26480][gc,age       ] GC(401) - age  11:         64 bytes,    3982392 total
[2020-09-11T11:44:50.863+0000][26480][gc,age       ] GC(401) - age  12:        312 bytes,    3982704 total
[2020-09-11T11:44:50.863+0000][26480][gc,age       ] GC(401) - age  13:        168 bytes,    3982872 total
[2020-09-11T11:44:50.863+0000][26480][gc,age       ] GC(401) - age  14:        456 bytes,    3983328 total
[2020-09-11T11:44:50.863+0000][26480][gc,age       ] GC(401) - age  15:       1464 bytes,    3984792 total
[2020-09-11T11:44:50.863+0000][26480][gc,phases    ] GC(401)   Pre Evacuate Collection Set: 0.4ms
[2020-09-11T11:44:50.863+0000][26480][gc,phases    ] GC(401)   Merge Heap Roots: 0.1ms
[2020-09-11T11:44:50.863+0000][26480][gc,phases    ] GC(401)   Evacuate Collection Set: 2.3ms
[2020-09-11T11:44:50.863+0000][26480][gc,phases    ] GC(401)   Post Evacuate Collection Set: 0.8ms
[2020-09-11T11:44:50.864+0000][26480][gc,phases    ] GC(401)   Other: 0.8ms
[2020-09-11T11:44:50.864+0000][26480][gc,heap      ] GC(401) Eden regions: 39->0(497)
[2020-09-11T11:44:50.864+0000][26480][gc,heap      ] GC(401) Survivor regions: 3->4(63)
[2020-09-11T11:44:50.864+0000][26480][gc,heap      ] GC(401) Old regions: 78->78
[2020-09-11T11:44:50.864+0000][26480][gc,heap      ] GC(401) Archive regions: 0->0
[2020-09-11T11:44:50.864+0000][26480][gc,heap      ] GC(401) Humongous regions: 244->174
[2020-09-11T11:44:50.864+0000][26480][gc,metaspace ] GC(401) Metaspace: 88346K(94488K)->88346K(94488K) NonClass: 77172K(80792K)->77172K(80792K) Class: 11174K(13696K)->11174K(13696K)
[2020-09-11T11:44:50.864+0000][26480][gc           ] GC(401) Pause Young (Concurrent Start) (G1 Humongous Allocation) 363M->255M(1024M) 4.539ms
[2020-09-11T11:44:50.864+0000][26480][gc,cpu       ] GC(401) User=0.00s Sys=0.00s Real=0.01s
[2020-09-11T11:44:50.864+0000][26480][gc           ] GC(402) Concurrent Cycle
[2020-09-11T11:44:50.864+0000][26480][safepoint    ] Safepoint "G1TryInitiateConcMark", Time since last: 159313500 ns, Reaching safepoint: 143400 ns, At safepoint: 4729000 ns, Total: 4872400 ns
[2020-09-11T11:44:50.864+0000][26480][gc,marking   ] GC(402) Concurrent Clear Claimed Marks
[2020-09-11T11:44:50.864+0000][26480][gc,marking   ] GC(402) Concurrent Clear Claimed Marks 0.585ms
[2020-09-11T11:44:50.865+0000][26480][gc,marking   ] GC(402) Concurrent Scan Root Regions
[2020-09-11T11:44:50.867+0000][26480][gc,marking   ] GC(402) Concurrent Scan Root Regions 2.051ms
[2020-09-11T11:44:50.867+0000][26480][gc,marking   ] GC(402) Concurrent Mark (7096.002s)
[2020-09-11T11:44:50.867+0000][26480][gc,marking   ] GC(402) Concurrent Mark From Roots
[2020-09-11T11:44:50.867+0000][26480][gc,task      ] GC(402) Using 2 workers of 2 for marking
[2020-09-11T11:44:50.997+0000][26480][gc,marking   ] GC(402) Concurrent Mark From Roots 129.720ms
[2020-09-11T11:44:50.997+0000][26480][gc,marking   ] GC(402) Concurrent Preclean
[2020-09-11T11:44:50.997+0000][26480][gc,marking   ] GC(402) Concurrent Preclean 0.721ms
[2020-09-11T11:44:50.997+0000][26480][gc,marking   ] GC(402) Concurrent Mark (7096.002s, 7096.132s) 130.635ms
[2020-09-11T11:44:51.009+0000][26480][gc,start     ] GC(402) Pause Remark
[2020-09-11T11:44:51.015+0000][26480][gc           ] GC(402) Pause Remark 318M->318M(1024M) 6.409ms
[2020-09-11T11:44:51.015+0000][26480][gc,cpu       ] GC(402) User=0.02s Sys=0.00s Real=0.01s
[2020-09-11T11:44:51.015+0000][26480][safepoint    ] Safepoint "G1Concurrent", Time since last: 133606200 ns, Reaching safepoint: 11205900 ns, At safepoint: 6737000 ns, Total: 17942900 ns
[2020-09-11T11:44:51.015+0000][26480][gc,marking   ] GC(402) Concurrent Rebuild Remembered Sets
[2020-09-11T11:44:51.100+0000][26480][gc,marking   ] GC(402) Concurrent Rebuild Remembered Sets 84.574ms
[2020-09-11T11:44:51.100+0000][26480][gc,start     ] GC(402) Pause Cleanup
[2020-09-11T11:44:51.101+0000][26480][gc           ] GC(402) Pause Cleanup 318M->318M(1024M) 0.338ms
[2020-09-11T11:44:51.101+0000][26480][gc,cpu       ] GC(402) User=0.00s Sys=0.00s Real=0.00s
[2020-09-11T11:44:51.101+0000][26480][safepoint    ] Safepoint "G1Concurrent", Time since last: 84769000 ns, Reaching safepoint: 170100 ns, At safepoint: 501600 ns, Total: 671700 ns
[2020-09-11T11:44:51.101+0000][26480][gc,marking   ] GC(402) Concurrent Cleanup for Next Mark
[2020-09-11T11:44:51.103+0000][26480][gc,marking   ] GC(402) Concurrent Cleanup for Next Mark 1.827ms
[2020-09-11T11:44:51.103+0000][26480][gc           ] GC(402) Concurrent Cycle 239.034ms
[2020-09-11T11:44:51.211+0000][26480][gc,start     ] GC(403) Pause Young (Concurrent Start) (G1 Humongous Allocation)
[2020-09-11T11:44:51.212+0000][26480][gc,task      ] GC(403) Using 8 workers of 8 for evacuation
[2020-09-11T11:44:51.212+0000][26480][gc,age       ] GC(403) Desired survivor size 33030144 bytes, new threshold 15 (max threshold 15)
[2020-09-11T11:44:51.215+0000][26480][gc,age       ] GC(403) Age table with threshold 15 (max threshold 15)
[2020-09-11T11:44:51.216+0000][26480][gc,age       ] GC(403) - age   1:    3069256 bytes,    3069256 total
[2020-09-11T11:44:51.216+0000][26480][gc,age       ] GC(403) - age   2:     410896 bytes,    3480152 total
[2020-09-11T11:44:51.216+0000][26480][gc,age       ] GC(403) - age   3:     397144 bytes,    3877296 total
[2020-09-11T11:44:51.216+0000][26480][gc,age       ] GC(403) - age   4:       1680 bytes,    3878976 total
[2020-09-11T11:44:51.216+0000][26480][gc,age       ] GC(403) - age   5:       3224 bytes,    3882200 total
[2020-09-11T11:44:51.216+0000][26480][gc,age       ] GC(403) - age   6:        352 bytes,    3882552 total
[2020-09-11T11:44:51.216+0000][26480][gc,age       ] GC(403) - age   7:      61784 bytes,    3944336 total
[2020-09-11T11:44:51.216+0000][26480][gc,age       ] GC(403) - age   8:        512 bytes,    3944848 total
[2020-09-11T11:44:51.216+0000][26480][gc,age       ] GC(403) - age   9:       1016 bytes,    3945864 total
[2020-09-11T11:44:51.216+0000][26480][gc,age       ] GC(403) - age  10:        456 bytes,    3946320 total
[2020-09-11T11:44:51.216+0000][26480][gc,age       ] GC(403) - age  11:        792 bytes,    3947112 total
[2020-09-11T11:44:51.216+0000][26480][gc,age       ] GC(403) - age  12:         64 bytes,    3947176 total
[2020-09-11T11:44:51.216+0000][26480][gc,age       ] GC(403) - age  13:        312 bytes,    3947488 total
[2020-09-11T11:44:51.216+0000][26480][gc,age       ] GC(403) - age  14:        168 bytes,    3947656 total
[2020-09-11T11:44:51.216+0000][26480][gc,age       ] GC(403) - age  15:        456 bytes,    3948112 total
[2020-09-11T11:44:51.216+0000][26480][gc,phases    ] GC(403)   Pre Evacuate Collection Set: 0.5ms
[2020-09-11T11:44:51.216+0000][26480][gc,phases    ] GC(403)   Merge Heap Roots: 0.1ms
[2020-09-11T11:44:51.216+0000][26480][gc,phases    ] GC(403)   Evacuate Collection Set: 2.3ms
[2020-09-11T11:44:51.216+0000][26480][gc,phases    ] GC(403)   Post Evacuate Collection Set: 0.8ms
[2020-09-11T11:44:51.217+0000][26480][gc,phases    ] GC(403)   Other: 1.3ms
[2020-09-11T11:44:51.217+0000][26480][gc,heap      ] GC(403) Eden regions: 22->0(498)
[2020-09-11T11:44:51.217+0000][26480][gc,heap      ] GC(403) Survivor regions: 4->4(63)
[2020-09-11T11:44:51.217+0000][26480][gc,heap      ] GC(403) Old regions: 78->78
[2020-09-11T11:44:51.217+0000][26480][gc,heap      ] GC(403) Archive regions: 0->0
[2020-09-11T11:44:51.217+0000][26480][gc,heap      ] GC(403) Humongous regions: 229->174
[2020-09-11T11:44:51.217+0000][26480][gc,metaspace ] GC(403) Metaspace: 88348K(94488K)->88348K(94488K) NonClass: 77173K(80792K)->77173K(80792K) Class: 11174K(13696K)->11174K(13696K)
[2020-09-11T11:44:51.217+0000][26480][gc           ] GC(403) Pause Young (Concurrent Start) (G1 Humongous Allocation) 332M->255M(1024M) 5.547ms
[2020-09-11T11:44:51.217+0000][26480][gc,cpu       ] GC(403) User=0.11s Sys=0.00s Real=0.01s
[2020-09-11T11:44:51.217+0000][26480][gc           ] GC(404) Concurrent Cycle
[2020-09-11T11:44:51.217+0000][26480][safepoint    ] Safepoint "G1TryInitiateConcMark", Time since last: 110324800 ns, Reaching safepoint: 184000 ns, At safepoint: 5783600 ns, Total: 5967600 ns
[2020-09-11T11:44:51.217+0000][26480][gc,marking   ] GC(404) Concurrent Clear Claimed Marks
[2020-09-11T11:44:51.218+0000][26480][gc,marking   ] GC(404) Concurrent Clear Claimed Marks 0.690ms
[2020-09-11T11:44:51.218+0000][26480][gc,marking   ] GC(404) Concurrent Scan Root Regions
[2020-09-11T11:44:51.221+0000][26480][gc,marking   ] GC(404) Concurrent Scan Root Regions 2.897ms
[2020-09-11T11:44:51.221+0000][26480][gc,marking   ] GC(404) Concurrent Mark (7096.356s)
[2020-09-11T11:44:51.221+0000][26480][gc,marking   ] GC(404) Concurrent Mark From Roots
[2020-09-11T11:44:51.221+0000][26480][gc,task      ] GC(404) Using 2 workers of 2 for marking
[2020-09-11T11:44:51.381+0000][26480][gc,marking   ] GC(404) Concurrent Mark From Roots 160.101ms
[2020-09-11T11:44:51.381+0000][26480][gc,marking   ] GC(404) Concurrent Preclean
[2020-09-11T11:44:51.382+0000][26480][gc,marking   ] GC(404) Concurrent Preclean 0.853ms
[2020-09-11T11:44:51.382+0000][26480][gc,marking   ] GC(404) Concurrent Mark (7096.356s, 7096.517s) 161.197ms
[2020-09-11T11:44:51.383+0000][26480][gc,start     ] GC(404) Pause Remark
[2020-09-11T11:44:51.392+0000][26480][gc           ] GC(404) Pause Remark 314M->314M(1024M) 9.520ms
[2020-09-11T11:44:51.392+0000][26480][gc,cpu       ] GC(404) User=0.06s Sys=0.00s Real=0.01s
[2020-09-11T11:44:51.393+0000][26480][safepoint    ] Safepoint "G1Concurrent", Time since last: 165169100 ns, Reaching safepoint: 173200 ns, At safepoint: 10051400 ns, Total: 10224600 ns
[2020-09-11T11:44:51.393+0000][26480][gc,marking   ] GC(404) Concurrent Rebuild Remembered Sets
[2020-09-11T11:44:51.488+0000][26480][gc,marking   ] GC(404) Concurrent Rebuild Remembered Sets 95.607ms
[2020-09-11T11:44:51.489+0000][26480][gc,start     ] GC(404) Pause Cleanup
[2020-09-11T11:44:51.489+0000][26480][gc           ] GC(404) Pause Cleanup 317M->317M(1024M) 0.400ms
[2020-09-11T11:44:51.489+0000][26480][gc,cpu       ] GC(404) User=0.00s Sys=0.00s Real=0.00s
[2020-09-11T11:44:51.489+0000][26480][safepoint    ] Safepoint "G1Concurrent", Time since last: 95883800 ns, Reaching safepoint: 193300 ns, At safepoint: 578100 ns, Total: 771400 ns
[2020-09-11T11:44:51.489+0000][26480][gc,marking   ] GC(404) Concurrent Cleanup for Next Mark
[2020-09-11T11:44:51.491+0000][26480][gc,marking   ] GC(404) Concurrent Cleanup for Next Mark 1.753ms
[2020-09-11T11:44:51.491+0000][26480][gc           ] GC(404) Concurrent Cycle 274.101ms
[2020-09-11T11:44:51.542+0000][26480][gc,start     ] GC(405) Pause Young (Concurrent Start) (G1 Humongous Allocation)
[2020-09-11T11:44:51.542+0000][26480][gc,task      ] GC(405) Using 8 workers of 8 for evacuation
[2020-09-11T11:44:51.542+0000][26480][gc,age       ] GC(405) Desired survivor size 33030144 bytes, new threshold 15 (max threshold 15)
[2020-09-11T11:44:51.546+0000][26480][gc,age       ] GC(405) Age table with threshold 15 (max threshold 15)
[2020-09-11T11:44:51.547+0000][26480][gc,age       ] GC(405) - age   1:    2795584 bytes,    2795584 total
[2020-09-11T11:44:51.547+0000][26480][gc,age       ] GC(405) - age   2:     207728 bytes,    3003312 total
[2020-09-11T11:44:51.547+0000][26480][gc,age       ] GC(405) - age   3:     406848 bytes,    3410160 total
[2020-09-11T11:44:51.547+0000][26480][gc,age       ] GC(405) - age   4:     199696 bytes,    3609856 total
[2020-09-11T11:44:51.547+0000][26480][gc,age       ] GC(405) - age   5:       1648 bytes,    3611504 total
[2020-09-11T11:44:51.547+0000][26480][gc,age       ] GC(405) - age   6:       2472 bytes,    3613976 total
[2020-09-11T11:44:51.547+0000][26480][gc,age       ] GC(405) - age   7:        352 bytes,    3614328 total
[2020-09-11T11:44:51.547+0000][26480][gc,age       ] GC(405) - age   8:      61688 bytes,    3676016 total
[2020-09-11T11:44:51.547+0000][26480][gc,age       ] GC(405) - age   9:        416 bytes,    3676432 total
[2020-09-11T11:44:51.547+0000][26480][gc,age       ] GC(405) - age  10:        984 bytes,    3677416 total
[2020-09-11T11:44:51.547+0000][26480][gc,age       ] GC(405) - age  11:        456 bytes,    3677872 total
[2020-09-11T11:44:51.547+0000][26480][gc,age       ] GC(405) - age  12:        664 bytes,    3678536 total
[2020-09-11T11:44:51.547+0000][26480][gc,age       ] GC(405) - age  13:         64 bytes,    3678600 total
[2020-09-11T11:44:51.547+0000][26480][gc,age       ] GC(405) - age  14:        312 bytes,    3678912 total
[2020-09-11T11:44:51.547+0000][26480][gc,age       ] GC(405) - age  15:        168 bytes,    3679080 total
[2020-09-11T11:44:51.547+0000][26480][gc,phases    ] GC(405)   Pre Evacuate Collection Set: 0.5ms
[2020-09-11T11:44:51.547+0000][26480][gc,phases    ] GC(405)   Merge Heap Roots: 0.1ms
[2020-09-11T11:44:51.547+0000][26480][gc,phases    ] GC(405)   Evacuate Collection Set: 3.1ms
[2020-09-11T11:44:51.547+0000][26480][gc,phases    ] GC(405)   Post Evacuate Collection Set: 0.8ms
[2020-09-11T11:44:51.547+0000][26480][gc,phases    ] GC(405)   Other: 1.2ms
[2020-09-11T11:44:51.547+0000][26480][gc,heap      ] GC(405) Eden regions: 22->0(500)
[2020-09-11T11:44:51.547+0000][26480][gc,heap      ] GC(405) Survivor regions: 4->4(63)
[2020-09-11T11:44:51.547+0000][26480][gc,heap      ] GC(405) Old regions: 78->78
[2020-09-11T11:44:51.548+0000][26480][gc,heap      ] GC(405) Archive regions: 0->0
[2020-09-11T11:44:51.548+0000][26480][gc,heap      ] GC(405) Humongous regions: 229->174
[2020-09-11T11:44:51.548+0000][26480][gc,metaspace ] GC(405) Metaspace: 88348K(94488K)->88348K(94488K) NonClass: 77173K(80792K)->77173K(80792K) Class: 11174K(13696K)->11174K(13696K)
[2020-09-11T11:44:51.548+0000][26480][gc           ] GC(405) Pause Young (Concurrent Start) (G1 Humongous Allocation) 332M->255M(1024M) 6.062ms
[2020-09-11T11:44:51.548+0000][26480][gc,cpu       ] GC(405) User=0.00s Sys=0.00s Real=0.01s
[2020-09-11T11:44:51.548+0000][26480][gc           ] GC(406) Concurrent Cycle
[2020-09-11T11:44:51.548+0000][26480][safepoint    ] Safepoint "G1TryInitiateConcMark", Time since last: 52104300 ns, Reaching safepoint: 228200 ns, At safepoint: 6303800 ns, Total: 6532000 ns
[2020-09-11T11:44:51.548+0000][26480][gc,marking   ] GC(406) Concurrent Clear Claimed Marks
[2020-09-11T11:44:51.548+0000][26480][gc,marking   ] GC(406) Concurrent Clear Claimed Marks 0.547ms
[2020-09-11T11:44:51.549+0000][26480][gc,marking   ] GC(406) Concurrent Scan Root Regions
[2020-09-11T11:44:51.552+0000][26480][gc,marking   ] GC(406) Concurrent Scan Root Regions 2.938ms
[2020-09-11T11:44:51.552+0000][26480][gc,marking   ] GC(406) Concurrent Mark (7096.686s)
[2020-09-11T11:44:51.552+0000][26480][gc,marking   ] GC(406) Concurrent Mark From Roots
[2020-09-11T11:44:51.552+0000][26480][gc,task      ] GC(406) Using 2 workers of 2 for marking
[2020-09-11T11:44:51.715+0000][26480][gc,marking   ] GC(406) Concurrent Mark From Roots 163.105ms
[2020-09-11T11:44:51.715+0000][26480][gc,marking   ] GC(406) Concurrent Preclean
[2020-09-11T11:44:51.716+0000][26480][gc,marking   ] GC(406) Concurrent Preclean 0.957ms
[2020-09-11T11:44:51.716+0000][26480][gc,marking   ] GC(406) Concurrent Mark (7096.686s, 7096.851s) 164.299ms
[2020-09-11T11:44:51.716+0000][26480][gc,start     ] GC(406) Pause Remark
[2020-09-11T11:44:51.724+0000][26480][gc           ] GC(406) Pause Remark 308M->308M(1024M) 7.952ms
[2020-09-11T11:44:51.724+0000][26480][gc,cpu       ] GC(406) User=0.00s Sys=0.00s Real=0.01s
[2020-09-11T11:44:51.724+0000][26480][safepoint    ] Safepoint "G1Concurrent", Time since last: 168279200 ns, Reaching safepoint: 154400 ns, At safepoint: 8220100 ns, Total: 8374500 ns
[2020-09-11T11:44:51.724+0000][26480][gc,marking   ] GC(406) Concurrent Rebuild Remembered Sets
[2020-09-11T11:44:51.819+0000][26480][gc,marking   ] GC(406) Concurrent Rebuild Remembered Sets 94.442ms
[2020-09-11T11:44:51.820+0000][26480][gc,start     ] GC(406) Pause Cleanup
[2020-09-11T11:44:51.821+0000][26480][gc           ] GC(406) Pause Cleanup 309M->309M(1024M) 0.683ms
[2020-09-11T11:44:51.821+0000][26480][gc,cpu       ] GC(406) User=0.00s Sys=0.00s Real=0.00s
[2020-09-11T11:44:51.822+0000][26480][safepoint    ] Safepoint "G1Concurrent", Time since last: 94687400 ns, Reaching safepoint: 458700 ns, At safepoint: 2173800 ns, Total: 2632500 ns
[2020-09-11T11:44:51.822+0000][26480][gc,marking   ] GC(406) Concurrent Cleanup for Next Mark
[2020-09-11T11:44:51.824+0000][26480][gc,marking   ] GC(406) Concurrent Cleanup for Next Mark 2.171ms
[2020-09-11T11:44:51.825+0000][26480][gc           ] GC(406) Concurrent Cycle 276.444ms
[2020-09-11T11:44:51.961+0000][26480][gc,start     ] GC(407) Pause Young (Concurrent Start) (G1 Humongous Allocation)
[2020-09-11T11:44:51.961+0000][26480][gc,task      ] GC(407) Using 8 workers of 8 for evacuation
[2020-09-11T11:44:51.961+0000][26480][gc,age       ] GC(407) Desired survivor size 33030144 bytes, new threshold 15 (max threshold 15)
[2020-09-11T11:44:51.966+0000][26480][gc,age       ] GC(407) Age table with threshold 15 (max threshold 15)
[2020-09-11T11:44:51.966+0000][26480][gc,age       ] GC(407) - age   1:   11115736 bytes,   11115736 total
[2020-09-11T11:44:51.966+0000][26480][gc,age       ] GC(407) - age   2:       1216 bytes,   11116952 total
[2020-09-11T11:44:51.966+0000][26480][gc,age       ] GC(407) - age   3:       2784 bytes,   11119736 total
[2020-09-11T11:44:51.966+0000][26480][gc,age       ] GC(407) - age   4:       1664 bytes,   11121400 total
[2020-09-11T11:44:51.966+0000][26480][gc,age       ] GC(407) - age   5:       1824 bytes,   11123224 total
[2020-09-11T11:44:51.966+0000][26480][gc,age       ] GC(407) - age   6:        232 bytes,   11123456 total
[2020-09-11T11:44:51.966+0000][26480][gc,age       ] GC(407) - age   7:        976 bytes,   11124432 total
[2020-09-11T11:44:51.966+0000][26480][gc,age       ] GC(407) - age   8:        352 bytes,   11124784 total
[2020-09-11T11:44:51.966+0000][26480][gc,age       ] GC(407) - age   9:      61320 bytes,   11186104 total
[2020-09-11T11:44:51.966+0000][26480][gc,age       ] GC(407) - age  10:        416 bytes,   11186520 total
[2020-09-11T11:44:51.967+0000][26480][gc,age       ] GC(407) - age  11:        984 bytes,   11187504 total
[2020-09-11T11:44:51.967+0000][26480][gc,age       ] GC(407) - age  12:        456 bytes,   11187960 total
[2020-09-11T11:44:51.967+0000][26480][gc,age       ] GC(407) - age  13:        576 bytes,   11188536 total
[2020-09-11T11:44:51.967+0000][26480][gc,age       ] GC(407) - age  14:         64 bytes,   11188600 total
[2020-09-11T11:44:51.967+0000][26480][gc,age       ] GC(407) - age  15:        280 bytes,   11188880 total
[2020-09-11T11:44:51.967+0000][26480][gc,phases    ] GC(407)   Pre Evacuate Collection Set: 0.5ms
[2020-09-11T11:44:51.967+0000][26480][gc,phases    ] GC(407)   Merge Heap Roots: 0.1ms
[2020-09-11T11:44:51.967+0000][26480][gc,phases    ] GC(407)   Evacuate Collection Set: 3.3ms
[2020-09-11T11:44:51.967+0000][26480][gc,phases    ] GC(407)   Post Evacuate Collection Set: 0.9ms
[2020-09-11T11:44:51.967+0000][26480][gc,phases    ] GC(407)   Other: 1.5ms
[2020-09-11T11:44:51.967+0000][26480][gc,heap      ] GC(407) Eden regions: 44->0(486)
[2020-09-11T11:44:51.967+0000][26480][gc,heap      ] GC(407) Survivor regions: 4->11(63)
[2020-09-11T11:44:51.967+0000][26480][gc,heap      ] GC(407) Old regions: 78->78
[2020-09-11T11:44:51.967+0000][26480][gc,heap      ] GC(407) Archive regions: 0->0
[2020-09-11T11:44:51.967+0000][26480][gc,heap      ] GC(407) Humongous regions: 229->174
[2020-09-11T11:44:51.967+0000][26480][gc,metaspace ] GC(407) Metaspace: 88356K(94488K)->88356K(94488K) NonClass: 77182K(80792K)->77182K(80792K) Class: 11174K(13696K)->11174K(13696K)
[2020-09-11T11:44:51.967+0000][26480][gc           ] GC(407) Pause Young (Concurrent Start) (G1 Humongous Allocation) 354M->262M(1024M) 6.834ms
[2020-09-11T11:44:51.968+0000][26480][gc,cpu       ] GC(407) User=0.13s Sys=0.00s Real=0.01s
[2020-09-11T11:44:51.968+0000][26480][gc           ] GC(408) Concurrent Cycle
[2020-09-11T11:44:51.968+0000][26480][gc,marking   ] GC(408) Concurrent Clear Claimed Marks
[2020-09-11T11:44:51.968+0000][26480][safepoint    ] Safepoint "G1TryInitiateConcMark", Time since last: 137884900 ns, Reaching safepoint: 710300 ns, At safepoint: 7403400 ns, Total: 8113700 ns
[2020-09-11T11:44:51.968+0000][26480][gc,marking   ] GC(408) Concurrent Clear Claimed Marks 0.411ms
[2020-09-11T11:44:51.968+0000][26480][gc,marking   ] GC(408) Concurrent Scan Root Regions
[2020-09-11T11:44:51.972+0000][26480][gc,marking   ] GC(408) Concurrent Scan Root Regions 3.758ms
[2020-09-11T11:44:51.972+0000][26480][gc,marking   ] GC(408) Concurrent Mark (7097.107s)
[2020-09-11T11:44:51.972+0000][26480][gc,marking   ] GC(408) Concurrent Mark From Roots
[2020-09-11T11:44:51.972+0000][26480][gc,task      ] GC(408) Using 2 workers of 2 for marking
[2020-09-11T11:44:52.132+0000][26480][gc,marking   ] GC(408) Concurrent Mark From Roots 159.593ms
[2020-09-11T11:44:52.132+0000][26480][gc,marking   ] GC(408) Concurrent Preclean
[2020-09-11T11:44:52.133+0000][26480][gc,marking   ] GC(408) Concurrent Preclean 0.754ms
[2020-09-11T11:44:52.133+0000][26480][gc,marking   ] GC(408) Concurrent Mark (7097.107s, 7097.267s) 160.568ms
[2020-09-11T11:44:52.134+0000][26480][gc,start     ] GC(408) Pause Remark
[2020-09-11T11:44:52.141+0000][26480][gc           ] GC(408) Pause Remark 492M->492M(1024M) 6.856ms
[2020-09-11T11:44:52.141+0000][26480][gc,cpu       ] GC(408) User=0.09s Sys=0.00s Real=0.01s
[2020-09-11T11:44:52.141+0000][26480][safepoint    ] Safepoint "G1Concurrent", Time since last: 164782000 ns, Reaching safepoint: 401100 ns, At safepoint: 7140300 ns, Total: 7541400 ns
[2020-09-11T11:44:52.141+0000][26480][gc,marking   ] GC(408) Concurrent Rebuild Remembered Sets
[2020-09-11T11:44:52.236+0000][26480][gc,marking   ] GC(408) Concurrent Rebuild Remembered Sets 96.078ms
[2020-09-11T11:44:52.237+0000][26480][gc,start     ] GC(408) Pause Cleanup
[2020-09-11T11:44:52.237+0000][26480][gc           ] GC(408) Pause Cleanup 550M->550M(1024M) 0.363ms
[2020-09-11T11:44:52.237+0000][26480][gc,cpu       ] GC(408) User=0.00s Sys=0.00s Real=0.00s
[2020-09-11T11:44:52.237+0000][26480][safepoint    ] Safepoint "G1Concurrent", Time since last: 96252700 ns, Reaching safepoint: 240700 ns, At safepoint: 551700 ns, Total: 792400 ns
[2020-09-11T11:44:52.237+0000][26480][gc,marking   ] GC(408) Concurrent Cleanup for Next Mark
[2020-09-11T11:44:52.239+0000][26480][gc,marking   ] GC(408) Concurrent Cleanup for Next Mark 2.000ms
[2020-09-11T11:44:52.239+0000][26480][gc           ] GC(408) Concurrent Cycle 271.928ms
[2020-09-11T11:44:52.663+0000][26480][gc,start     ] GC(409) Pause Young (Concurrent Start) (G1 Humongous Allocation)
[2020-09-11T11:44:52.663+0000][26480][gc,task      ] GC(409) Using 8 workers of 8 for evacuation
[2020-09-11T11:44:52.663+0000][26480][gc,age       ] GC(409) Desired survivor size 33030144 bytes, new threshold 15 (max threshold 15)
[2020-09-11T11:44:52.667+0000][26480][gc,age       ] GC(409) Age table with threshold 15 (max threshold 15)
[2020-09-11T11:44:52.667+0000][26480][gc,age       ] GC(409) - age   1:    3875944 bytes,    3875944 total
[2020-09-11T11:44:52.667+0000][26480][gc,age       ] GC(409) - age   2:      67712 bytes,    3943656 total
[2020-09-11T11:44:52.667+0000][26480][gc,age       ] GC(409) - age   3:       1088 bytes,    3944744 total
[2020-09-11T11:44:52.667+0000][26480][gc,age       ] GC(409) - age   4:       1344 bytes,    3946088 total
[2020-09-11T11:44:52.667+0000][26480][gc,age       ] GC(409) - age   5:       1448 bytes,    3947536 total
[2020-09-11T11:44:52.667+0000][26480][gc,age       ] GC(409) - age   6:       1000 bytes,    3948536 total
[2020-09-11T11:44:52.667+0000][26480][gc,age       ] GC(409) - age   7:        168 bytes,    3948704 total
[2020-09-11T11:44:52.667+0000][26480][gc,age       ] GC(409) - age   8:        976 bytes,    3949680 total
[2020-09-11T11:44:52.667+0000][26480][gc,age       ] GC(409) - age   9:        320 bytes,    3950000 total
[2020-09-11T11:44:52.667+0000][26480][gc,age       ] GC(409) - age  10:      61128 bytes,    4011128 total
[2020-09-11T11:44:52.667+0000][26480][gc,age       ] GC(409) - age  11:        384 bytes,    4011512 total
[2020-09-11T11:44:52.667+0000][26480][gc,age       ] GC(409) - age  12:        920 bytes,    4012432 total
[2020-09-11T11:44:52.667+0000][26480][gc,age       ] GC(409) - age  13:        456 bytes,    4012888 total
[2020-09-11T11:44:52.668+0000][26480][gc,age       ] GC(409) - age  14:        512 bytes,    4013400 total
[2020-09-11T11:44:52.668+0000][26480][gc,phases    ] GC(409)   Pre Evacuate Collection Set: 0.4ms
[2020-09-11T11:44:52.668+0000][26480][gc,phases    ] GC(409)   Merge Heap Roots: 0.1ms
[2020-09-11T11:44:52.668+0000][26480][gc,phases    ] GC(409)   Evacuate Collection Set: 2.4ms
[2020-09-11T11:44:52.668+0000][26480][gc,phases    ] GC(409)   Post Evacuate Collection Set: 1.1ms
[2020-09-11T11:44:52.668+0000][26480][gc,phases    ] GC(409)   Other: 1.1ms
[2020-09-11T11:44:52.668+0000][26480][gc,heap      ] GC(409) Eden regions: 82->0(494)
[2020-09-11T11:44:52.668+0000][26480][gc,heap      ] GC(409) Survivor regions: 11->5(63)
[2020-09-11T11:44:52.668+0000][26480][gc,heap      ] GC(409) Old regions: 78->78
[2020-09-11T11:44:52.668+0000][26480][gc,heap      ] GC(409) Archive regions: 0->0
[2020-09-11T11:44:52.668+0000][26480][gc,heap      ] GC(409) Humongous regions: 411->174
[2020-09-11T11:44:52.668+0000][26480][gc,metaspace ] GC(409) Metaspace: 88356K(94488K)->88356K(94488K) NonClass: 77182K(80792K)->77182K(80792K) Class: 11174K(13696K)->11174K(13696K)
[2020-09-11T11:44:52.668+0000][26480][gc           ] GC(409) Pause Young (Concurrent Start) (G1 Humongous Allocation) 581M->256M(1024M) 5.617ms
[2020-09-11T11:44:52.668+0000][26480][gc,cpu       ] GC(409) User=0.03s Sys=0.02s Real=0.00s
[2020-09-11T11:44:52.668+0000][26480][safepoint    ] Safepoint "G1TryInitiateConcMark", Time since last: 425245400 ns, Reaching safepoint: 158700 ns, At safepoint: 5850900 ns, Total: 6009600 ns
[2020-09-11T11:44:52.668+0000][26480][gc           ] GC(410) Concurrent Cycle
[2020-09-11T11:44:52.668+0000][26480][gc,marking   ] GC(410) Concurrent Clear Claimed Marks
[2020-09-11T11:44:52.669+0000][26480][gc,marking   ] GC(410) Concurrent Clear Claimed Marks 0.699ms
[2020-09-11T11:44:52.669+0000][26480][gc,marking   ] GC(410) Concurrent Scan Root Regions
[2020-09-11T11:44:52.675+0000][26480][gc,marking   ] GC(410) Concurrent Scan Root Regions 5.790ms
[2020-09-11T11:44:52.675+0000][26480][gc,marking   ] GC(410) Concurrent Mark (7097.810s)
[2020-09-11T11:44:52.675+0000][26480][gc,marking   ] GC(410) Concurrent Mark From Roots
[2020-09-11T11:44:52.675+0000][26480][gc,task      ] GC(410) Using 2 workers of 2 for marking
[2020-09-11T11:44:52.829+0000][26480][gc,marking   ] GC(410) Concurrent Mark From Roots 153.629ms
[2020-09-11T11:44:52.829+0000][26480][gc,marking   ] GC(410) Concurrent Preclean
[2020-09-11T11:44:52.830+0000][26480][gc,marking   ] GC(410) Concurrent Preclean 0.830ms
[2020-09-11T11:44:52.830+0000][26480][gc,marking   ] GC(410) Concurrent Mark (7097.810s, 7097.965s) 154.672ms
[2020-09-11T11:44:52.830+0000][26480][gc,start     ] GC(410) Pause Remark
[2020-09-11T11:44:52.837+0000][26480][gc           ] GC(410) Pause Remark 316M->316M(1024M) 6.527ms
[2020-09-11T11:44:52.837+0000][26480][gc,cpu       ] GC(410) User=0.00s Sys=0.00s Real=0.01s
[2020-09-11T11:44:52.837+0000][26480][safepoint    ] Safepoint "G1Concurrent", Time since last: 161567300 ns, Reaching safepoint: 159400 ns, At safepoint: 6769200 ns, Total: 6928600 ns
[2020-09-11T11:44:52.837+0000][26480][gc,marking   ] GC(410) Concurrent Rebuild Remembered Sets
[2020-09-11T11:44:52.928+0000][26480][gc,marking   ] GC(410) Concurrent Rebuild Remembered Sets 91.325ms
[2020-09-11T11:44:52.929+0000][26480][gc,start     ] GC(410) Pause Cleanup
[2020-09-11T11:44:52.929+0000][26480][gc           ] GC(410) Pause Cleanup 319M->319M(1024M) 0.327ms
[2020-09-11T11:44:52.929+0000][26480][gc,cpu       ] GC(410) User=0.00s Sys=0.00s Real=0.00s
[2020-09-11T11:44:52.929+0000][26480][safepoint    ] Safepoint "G1Concurrent", Time since last: 91504000 ns, Reaching safepoint: 151300 ns, At safepoint: 512000 ns, Total: 663300 ns
[2020-09-11T11:44:52.929+0000][26480][gc,marking   ] GC(410) Concurrent Cleanup for Next Mark
[2020-09-11T11:44:52.931+0000][26480][gc,marking   ] GC(410) Concurrent Cleanup for Next Mark 1.701ms
[2020-09-11T11:44:52.931+0000][26480][gc           ] GC(410) Concurrent Cycle 262.542ms
[2020-09-11T11:44:52.959+0000][26480][gc,start     ] GC(411) Pause Young (Concurrent Start) (G1 Humongous Allocation)
[2020-09-11T11:44:52.960+0000][26480][gc,task      ] GC(411) Using 8 workers of 8 for evacuation
[2020-09-11T11:44:52.960+0000][26480][gc,age       ] GC(411) Desired survivor size 33030144 bytes, new threshold 15 (max threshold 15)
[2020-09-11T11:44:52.963+0000][26480][gc,age       ] GC(411) Age table with threshold 15 (max threshold 15)
[2020-09-11T11:44:52.964+0000][26480][gc,age       ] GC(411) - age   1:    2975776 bytes,    2975776 total
[2020-09-11T11:44:52.964+0000][26480][gc,age       ] GC(411) - age   2:     808304 bytes,    3784080 total
[2020-09-11T11:44:52.964+0000][26480][gc,age       ] GC(411) - age   3:      66416 bytes,    3850496 total
[2020-09-11T11:44:52.964+0000][26480][gc,age       ] GC(411) - age   4:       1088 bytes,    3851584 total
[2020-09-11T11:44:52.964+0000][26480][gc,age       ] GC(411) - age   5:       1088 bytes,    3852672 total
[2020-09-11T11:44:52.964+0000][26480][gc,age       ] GC(411) - age   6:       1416 bytes,    3854088 total
[2020-09-11T11:44:52.964+0000][26480][gc,age       ] GC(411) - age   7:       1000 bytes,    3855088 total
[2020-09-11T11:44:52.964+0000][26480][gc,age       ] GC(411) - age   8:        168 bytes,    3855256 total
[2020-09-11T11:44:52.964+0000][26480][gc,age       ] GC(411) - age   9:        888 bytes,    3856144 total
[2020-09-11T11:44:52.964+0000][26480][gc,age       ] GC(411) - age  10:        128 bytes,    3856272 total
[2020-09-11T11:44:52.964+0000][26480][gc,age       ] GC(411) - age  11:      61096 bytes,    3917368 total
[2020-09-11T11:44:52.964+0000][26480][gc,age       ] GC(411) - age  12:        384 bytes,    3917752 total
[2020-09-11T11:44:52.964+0000][26480][gc,age       ] GC(411) - age  13:        888 bytes,    3918640 total
[2020-09-11T11:44:52.964+0000][26480][gc,age       ] GC(411) - age  14:        456 bytes,    3919096 total
[2020-09-11T11:44:52.964+0000][26480][gc,age       ] GC(411) - age  15:        480 bytes,    3919576 total
[2020-09-11T11:44:52.964+0000][26480][gc,phases    ] GC(411)   Pre Evacuate Collection Set: 0.5ms
[2020-09-11T11:44:52.964+0000][26480][gc,phases    ] GC(411)   Merge Heap Roots: 0.1ms
[2020-09-11T11:44:52.964+0000][26480][gc,phases    ] GC(411)   Evacuate Collection Set: 2.4ms
[2020-09-11T11:44:52.964+0000][26480][gc,phases    ] GC(411)   Post Evacuate Collection Set: 0.7ms
[2020-09-11T11:44:52.964+0000][26480][gc,phases    ] GC(411)   Other: 1.0ms
[2020-09-11T11:44:52.964+0000][26480][gc,heap      ] GC(411) Eden regions: 22->0(496)
[2020-09-11T11:44:52.964+0000][26480][gc,heap      ] GC(411) Survivor regions: 5->5(63)
[2020-09-11T11:44:52.964+0000][26480][gc,heap      ] GC(411) Old regions: 78->78
[2020-09-11T11:44:52.964+0000][26480][gc,heap      ] GC(411) Archive regions: 0->0
[2020-09-11T11:44:52.964+0000][26480][gc,heap      ] GC(411) Humongous regions: 229->174
[2020-09-11T11:44:52.965+0000][26480][gc,metaspace ] GC(411) Metaspace: 88356K(94488K)->88356K(94488K) NonClass: 77182K(80792K)->77182K(80792K) Class: 11174K(13696K)->11174K(13696K)
[2020-09-11T11:44:52.965+0000][26480][gc           ] GC(411) Pause Young (Concurrent Start) (G1 Humongous Allocation) 333M->256M(1024M) 5.131ms
[2020-09-11T11:44:52.965+0000][26480][gc,cpu       ] GC(411) User=0.11s Sys=0.00s Real=0.01s
[2020-09-11T11:44:52.965+0000][26480][gc           ] GC(412) Concurrent Cycle
[2020-09-11T11:44:52.965+0000][26480][safepoint    ] Safepoint "G1TryInitiateConcMark", Time since last: 30189200 ns, Reaching safepoint: 196000 ns, At safepoint: 5367200 ns, Total: 5563200 ns
[2020-09-11T11:44:52.965+0000][26480][gc,marking   ] GC(412) Concurrent Clear Claimed Marks
[2020-09-11T11:44:52.965+0000][26480][gc,marking   ] GC(412) Concurrent Clear Claimed Marks 0.618ms
[2020-09-11T11:44:52.966+0000][26480][gc,marking   ] GC(412) Concurrent Scan Root Regions
[2020-09-11T11:44:52.968+0000][26480][gc,marking   ] GC(412) Concurrent Scan Root Regions 2.934ms
[2020-09-11T11:44:52.969+0000][26480][gc,marking   ] GC(412) Concurrent Mark (7098.103s)
[2020-09-11T11:44:52.969+0000][26480][gc,marking   ] GC(412) Concurrent Mark From Roots
[2020-09-11T11:44:52.969+0000][26480][gc,task      ] GC(412) Using 2 workers of 2 for marking
[2020-09-11T11:44:53.122+0000][26480][gc,marking   ] GC(412) Concurrent Mark From Roots 153.439ms
[2020-09-11T11:44:53.122+0000][26480][gc,marking   ] GC(412) Concurrent Preclean
[2020-09-11T11:44:53.123+0000][26480][gc,marking   ] GC(412) Concurrent Preclean 0.705ms
[2020-09-11T11:44:53.123+0000][26480][gc,marking   ] GC(412) Concurrent Mark (7098.103s, 7098.258s) 154.327ms
[2020-09-11T11:44:53.123+0000][26480][gc,start     ] GC(412) Pause Remark
[2020-09-11T11:44:53.130+0000][26480][gc           ] GC(412) Pause Remark 312M->312M(1024M) 6.752ms
[2020-09-11T11:44:53.130+0000][26480][gc,cpu       ] GC(412) User=0.00s Sys=0.00s Real=0.01s
[2020-09-11T11:44:53.130+0000][26480][safepoint    ] Safepoint "G1Concurrent", Time since last: 158258800 ns, Reaching safepoint: 163300 ns, At safepoint: 6997400 ns, Total: 7160700 ns
[2020-09-11T11:44:53.130+0000][26480][gc,marking   ] GC(412) Concurrent Rebuild Remembered Sets
[2020-09-11T11:44:53.226+0000][26480][gc,marking   ] GC(412) Concurrent Rebuild Remembered Sets 95.845ms
[2020-09-11T11:44:53.226+0000][26480][gc,start     ] GC(412) Pause Cleanup
[2020-09-11T11:44:53.227+0000][26480][gc           ] GC(412) Pause Cleanup 315M->315M(1024M) 0.395ms
[2020-09-11T11:44:53.227+0000][26480][gc,cpu       ] GC(412) User=0.00s Sys=0.00s Real=0.00s
[2020-09-11T11:44:53.227+0000][26480][safepoint    ] Safepoint "G1Concurrent", Time since last: 96047100 ns, Reaching safepoint: 196900 ns, At safepoint: 648900 ns, Total: 845800 ns
[2020-09-11T11:44:53.227+0000][26480][gc,marking   ] GC(412) Concurrent Cleanup for Next Mark
[2020-09-11T11:44:53.229+0000][26480][gc,marking   ] GC(412) Concurrent Cleanup for Next Mark 1.937ms
[2020-09-11T11:44:53.229+0000][26480][gc           ] GC(412) Concurrent Cycle 264.563ms
[2020-09-11T11:44:53.260+0000][26480][gc,start     ] GC(413) Pause Young (Concurrent Start) (G1 Humongous Allocation)
[2020-09-11T11:44:53.260+0000][26480][gc,task      ] GC(413) Using 8 workers of 8 for evacuation
[2020-09-11T11:44:53.260+0000][26480][gc,age       ] GC(413) Desired survivor size 33030144 bytes, new threshold 15 (max threshold 15)
[2020-09-11T11:44:53.264+0000][26480][gc,age       ] GC(413) Age table with threshold 15 (max threshold 15)
[2020-09-11T11:44:53.264+0000][26480][gc,age       ] GC(413) - age   1:    2777408 bytes,    2777408 total
[2020-09-11T11:44:53.264+0000][26480][gc,age       ] GC(413) - age   2:     206640 bytes,    2984048 total
[2020-09-11T11:44:53.264+0000][26480][gc,age       ] GC(413) - age   3:     605360 bytes,    3589408 total
[2020-09-11T11:44:53.264+0000][26480][gc,age       ] GC(413) - age   4:      65000 bytes,    3654408 total
[2020-09-11T11:44:53.264+0000][26480][gc,age       ] GC(413) - age   5:        928 bytes,    3655336 total
[2020-09-11T11:44:53.264+0000][26480][gc,age       ] GC(413) - age   6:       1024 bytes,    3656360 total
[2020-09-11T11:44:53.264+0000][26480][gc,age       ] GC(413) - age   7:       1320 bytes,    3657680 total
[2020-09-11T11:44:53.264+0000][26480][gc,age       ] GC(413) - age   8:        840 bytes,    3658520 total
[2020-09-11T11:44:53.264+0000][26480][gc,age       ] GC(413) - age   9:        168 bytes,    3658688 total
[2020-09-11T11:44:53.264+0000][26480][gc,age       ] GC(413) - age  10:        728 bytes,    3659416 total
[2020-09-11T11:44:53.264+0000][26480][gc,age       ] GC(413) - age  11:         64 bytes,    3659480 total
[2020-09-11T11:44:53.264+0000][26480][gc,age       ] GC(413) - age  12:      61096 bytes,    3720576 total
[2020-09-11T11:44:53.264+0000][26480][gc,age       ] GC(413) - age  13:        384 bytes,    3720960 total
[2020-09-11T11:44:53.264+0000][26480][gc,age       ] GC(413) - age  14:        552 bytes,    3721512 total
[2020-09-11T11:44:53.264+0000][26480][gc,age       ] GC(413) - age  15:        456 bytes,    3721968 total
[2020-09-11T11:44:53.265+0000][26480][gc,phases    ] GC(413)   Pre Evacuate Collection Set: 0.4ms
[2020-09-11T11:44:53.265+0000][26480][gc,phases    ] GC(413)   Merge Heap Roots: 0.1ms
[2020-09-11T11:44:53.265+0000][26480][gc,phases    ] GC(413)   Evacuate Collection Set: 2.4ms
[2020-09-11T11:44:53.265+0000][26480][gc,phases    ] GC(413)   Post Evacuate Collection Set: 0.7ms
[2020-09-11T11:44:53.265+0000][26480][gc,phases    ] GC(413)   Other: 1.4ms
[2020-09-11T11:44:53.265+0000][26480][gc,heap      ] GC(413) Eden regions: 24->0(498)
[2020-09-11T11:44:53.265+0000][26480][gc,heap      ] GC(413) Survivor regions: 5->4(63)
[2020-09-11T11:44:53.265+0000][26480][gc,heap      ] GC(413) Old regions: 78->78
[2020-09-11T11:44:53.265+0000][26480][gc,heap      ] GC(413) Archive regions: 0->0
[2020-09-11T11:44:53.265+0000][26480][gc,heap      ] GC(413) Humongous regions: 229->174
[2020-09-11T11:44:53.265+0000][26480][gc,metaspace ] GC(413) Metaspace: 88357K(94488K)->88357K(94488K) NonClass: 77182K(80792K)->77182K(80792K) Class: 11175K(13696K)->11175K(13696K)
[2020-09-11T11:44:53.265+0000][26480][gc           ] GC(413) Pause Young (Concurrent Start) (G1 Humongous Allocation) 334M->255M(1024M) 5.652ms
[2020-09-11T11:44:53.265+0000][26480][gc,cpu       ] GC(413) User=0.02s Sys=0.00s Real=0.01s
[2020-09-11T11:44:53.265+0000][26480][gc           ] GC(414) Concurrent Cycle
[2020-09-11T11:44:53.266+0000][26480][gc,marking   ] GC(414) Concurrent Clear Claimed Marks
[2020-09-11T11:44:53.266+0000][26480][safepoint    ] Safepoint "G1TryInitiateConcMark", Time since last: 31488600 ns, Reaching safepoint: 239300 ns, At safepoint: 5976000 ns, Total: 6215300 ns
[2020-09-11T11:44:53.266+0000][26480][gc,marking   ] GC(414) Concurrent Clear Claimed Marks 0.449ms
[2020-09-11T11:44:53.266+0000][26480][gc,marking   ] GC(414) Concurrent Scan Root Regions
[2020-09-11T11:44:53.269+0000][26480][gc,marking   ] GC(414) Concurrent Scan Root Regions 3.305ms
[2020-09-11T11:44:53.270+0000][26480][gc,marking   ] GC(414) Concurrent Mark (7098.404s)
[2020-09-11T11:44:53.270+0000][26480][gc,marking   ] GC(414) Concurrent Mark From Roots
[2020-09-11T11:44:53.270+0000][26480][gc,task      ] GC(414) Using 2 workers of 2 for marking
[2020-09-11T11:44:53.401+0000][26480][gc,marking   ] GC(414) Concurrent Mark From Roots 131.285ms
[2020-09-11T11:44:53.401+0000][26480][gc,marking   ] GC(414) Concurrent Preclean
[2020-09-11T11:44:53.402+0000][26480][gc,marking   ] GC(414) Concurrent Preclean 0.885ms
[2020-09-11T11:44:53.402+0000][26480][gc,marking   ] GC(414) Concurrent Mark (7098.404s, 7098.537s) 132.691ms
[2020-09-11T11:44:53.403+0000][26480][gc,start     ] GC(414) Pause Remark
[2020-09-11T11:44:53.409+0000][26480][gc           ] GC(414) Pause Remark 306M->306M(1024M) 6.563ms
[2020-09-11T11:44:53.409+0000][26480][gc,cpu       ] GC(414) User=0.00s Sys=0.00s Real=0.01s
[2020-09-11T11:44:53.409+0000][26480][safepoint    ] Safepoint "G1Concurrent", Time since last: 136998600 ns, Reaching safepoint: 182800 ns, At safepoint: 6825400 ns, Total: 7008200 ns
[2020-09-11T11:44:53.410+0000][26480][gc,marking   ] GC(414) Concurrent Rebuild Remembered Sets
[2020-09-11T11:44:53.495+0000][26480][gc,marking   ] GC(414) Concurrent Rebuild Remembered Sets 85.357ms
[2020-09-11T11:44:53.495+0000][26480][gc,start     ] GC(414) Pause Cleanup
[2020-09-11T11:44:53.496+0000][26480][gc           ] GC(414) Pause Cleanup 375M->375M(1024M) 0.420ms
[2020-09-11T11:44:53.496+0000][26480][gc,cpu       ] GC(414) User=0.00s Sys=0.00s Real=0.00s
[2020-09-11T11:44:53.496+0000][26480][safepoint    ] Safepoint "G1Concurrent", Time since last: 85600300 ns, Reaching safepoint: 194100 ns, At safepoint: 641600 ns, Total: 835700 ns
[2020-09-11T11:44:53.496+0000][26480][gc,marking   ] GC(414) Concurrent Cleanup for Next Mark
[2020-09-11T11:44:53.498+0000][26480][gc,marking   ] GC(414) Concurrent Cleanup for Next Mark 2.043ms
[2020-09-11T11:44:53.498+0000][26480][gc           ] GC(414) Concurrent Cycle 232.803ms
[2020-09-11T11:44:53.680+0000][26480][gc,start     ] GC(415) Pause Young (Concurrent Start) (G1 Humongous Allocation)
[2020-09-11T11:44:53.680+0000][26480][gc,task      ] GC(415) Using 8 workers of 8 for evacuation
[2020-09-11T11:44:53.680+0000][26480][gc,age       ] GC(415) Desired survivor size 33030144 bytes, new threshold 15 (max threshold 15)
[2020-09-11T11:44:53.684+0000][26480][gc,age       ] GC(415) Age table with threshold 15 (max threshold 15)
[2020-09-11T11:44:53.684+0000][26480][gc,age       ] GC(415) - age   1:    3280768 bytes,    3280768 total
[2020-09-11T11:44:53.685+0000][26480][gc,age       ] GC(415) - age   2:     205512 bytes,    3486280 total
[2020-09-11T11:44:53.685+0000][26480][gc,age       ] GC(415) - age   3:     205448 bytes,    3691728 total
[2020-09-11T11:44:53.685+0000][26480][gc,age       ] GC(415) - age   4:     205136 bytes,    3896864 total
[2020-09-11T11:44:53.685+0000][26480][gc,age       ] GC(415) - age   5:      15464 bytes,    3912328 total
[2020-09-11T11:44:53.685+0000][26480][gc,age       ] GC(415) - age   6:        784 bytes,    3913112 total
[2020-09-11T11:44:53.685+0000][26480][gc,age       ] GC(415) - age   7:       1024 bytes,    3914136 total
[2020-09-11T11:44:53.685+0000][26480][gc,age       ] GC(415) - age   8:       1224 bytes,    3915360 total
[2020-09-11T11:44:53.685+0000][26480][gc,age       ] GC(415) - age   9:        776 bytes,    3916136 total
[2020-09-11T11:44:53.685+0000][26480][gc,age       ] GC(415) - age  10:        168 bytes,    3916304 total
[2020-09-11T11:44:53.685+0000][26480][gc,age       ] GC(415) - age  11:        696 bytes,    3917000 total
[2020-09-11T11:44:53.685+0000][26480][gc,age       ] GC(415) - age  12:         64 bytes,    3917064 total
[2020-09-11T11:44:53.685+0000][26480][gc,age       ] GC(415) - age  13:      13256 bytes,    3930320 total
[2020-09-11T11:44:53.685+0000][26480][gc,age       ] GC(415) - age  14:        368 bytes,    3930688 total
[2020-09-11T11:44:53.685+0000][26480][gc,age       ] GC(415) - age  15:        552 bytes,    3931240 total
[2020-09-11T11:44:53.685+0000][26480][gc,phases    ] GC(415)   Pre Evacuate Collection Set: 0.5ms
[2020-09-11T11:44:53.685+0000][26480][gc,phases    ] GC(415)   Merge Heap Roots: 0.1ms
[2020-09-11T11:44:53.685+0000][26480][gc,phases    ] GC(415)   Evacuate Collection Set: 2.4ms
[2020-09-11T11:44:53.685+0000][26480][gc,phases    ] GC(415)   Post Evacuate Collection Set: 0.8ms
[2020-09-11T11:44:53.685+0000][26480][gc,phases    ] GC(415)   Other: 1.1ms
[2020-09-11T11:44:53.685+0000][26480][gc,heap      ] GC(415) Eden regions: 41->0(499)
[2020-09-11T11:44:53.685+0000][26480][gc,heap      ] GC(415) Survivor regions: 4->4(63)
[2020-09-11T11:44:53.685+0000][26480][gc,heap      ] GC(415) Old regions: 78->78
[2020-09-11T11:44:53.685+0000][26480][gc,heap      ] GC(415) Archive regions: 0->0
[2020-09-11T11:44:53.685+0000][26480][gc,heap      ] GC(415) Humongous regions: 264->174
[2020-09-11T11:44:53.685+0000][26480][gc,metaspace ] GC(415) Metaspace: 88358K(94488K)->88358K(94488K) NonClass: 77183K(80792K)->77183K(80792K) Class: 11175K(13696K)->11175K(13696K)
[2020-09-11T11:44:53.686+0000][26480][gc           ] GC(415) Pause Young (Concurrent Start) (G1 Humongous Allocation) 386M->255M(1024M) 5.410ms
[2020-09-11T11:44:53.686+0000][26480][gc,cpu       ] GC(415) User=0.11s Sys=0.00s Real=0.01s
[2020-09-11T11:44:53.686+0000][26480][gc           ] GC(416) Concurrent Cycle
[2020-09-11T11:44:53.686+0000][26480][safepoint    ] Safepoint "G1TryInitiateConcMark", Time since last: 183936300 ns, Reaching safepoint: 175300 ns, At safepoint: 5669400 ns, Total: 5844700 ns
[2020-09-11T11:44:53.686+0000][26480][gc,marking   ] GC(416) Concurrent Clear Claimed Marks
[2020-09-11T11:44:53.686+0000][26480][gc,marking   ] GC(416) Concurrent Clear Claimed Marks 0.699ms
[2020-09-11T11:44:53.687+0000][26480][gc,marking   ] GC(416) Concurrent Scan Root Regions
[2020-09-11T11:44:53.689+0000][26480][gc,marking   ] GC(416) Concurrent Scan Root Regions 2.769ms
[2020-09-11T11:44:53.690+0000][26480][gc,marking   ] GC(416) Concurrent Mark (7098.824s)
[2020-09-11T11:44:53.690+0000][26480][gc,marking   ] GC(416) Concurrent Mark From Roots
[2020-09-11T11:44:53.690+0000][26480][gc,task      ] GC(416) Using 2 workers of 2 for marking
[2020-09-11T11:44:53.846+0000][26480][gc,marking   ] GC(416) Concurrent Mark From Roots 156.207ms
[2020-09-11T11:44:53.846+0000][26480][gc,marking   ] GC(416) Concurrent Preclean
[2020-09-11T11:44:53.847+0000][26480][gc,marking   ] GC(416) Concurrent Preclean 0.737ms
[2020-09-11T11:44:53.847+0000][26480][gc,marking   ] GC(416) Concurrent Mark (7098.824s, 7098.981s) 157.143ms
[2020-09-11T11:44:53.847+0000][26480][gc,start     ] GC(416) Pause Remark
[2020-09-11T11:44:53.856+0000][26480][gc           ] GC(416) Pause Remark 316M->316M(1024M) 9.206ms
[2020-09-11T11:44:53.857+0000][26480][gc,cpu       ] GC(416) User=0.08s Sys=0.02s Real=0.01s
[2020-09-11T11:44:53.857+0000][26480][safepoint    ] Safepoint "G1Concurrent", Time since last: 161091300 ns, Reaching safepoint: 153400 ns, At safepoint: 10204200 ns, Total: 10357600 ns
[2020-09-11T11:44:53.857+0000][26480][gc,marking   ] GC(416) Concurrent Rebuild Remembered Sets
[2020-09-11T11:44:53.968+0000][26480][gc,marking   ] GC(416) Concurrent Rebuild Remembered Sets 110.424ms
[2020-09-11T11:44:53.968+0000][26480][gc,start     ] GC(416) Pause Cleanup
[2020-09-11T11:44:53.968+0000][26480][gc           ] GC(416) Pause Cleanup 318M->318M(1024M) 0.432ms
[2020-09-11T11:44:53.969+0000][26480][gc,cpu       ] GC(416) User=0.00s Sys=0.00s Real=0.00s
[2020-09-11T11:44:53.969+0000][26480][safepoint    ] Safepoint "G1Concurrent", Time since last: 110664300 ns, Reaching safepoint: 216500 ns, At safepoint: 712600 ns, Total: 929100 ns
[2020-09-11T11:44:53.969+0000][26480][gc,marking   ] GC(416) Concurrent Cleanup for Next Mark
[2020-09-11T11:44:53.971+0000][26480][gc,marking   ] GC(416) Concurrent Cleanup for Next Mark 2.643ms
[2020-09-11T11:44:53.972+0000][26480][gc           ] GC(416) Concurrent Cycle 286.241ms
[2020-09-11T11:44:54.082+0000][26480][gc,start     ] GC(417) Pause Young (Concurrent Start) (G1 Humongous Allocation)
[2020-09-11T11:44:54.082+0000][26480][gc,task      ] GC(417) Using 8 workers of 8 for evacuation
[2020-09-11T11:44:54.082+0000][26480][gc,age       ] GC(417) Desired survivor size 33030144 bytes, new threshold 15 (max threshold 15)
[2020-09-11T11:44:54.087+0000][26480][gc,age       ] GC(417) Age table with threshold 15 (max threshold 15)
[2020-09-11T11:44:54.088+0000][26480][gc,age       ] GC(417) - age   1:    2530008 bytes,    2530008 total
[2020-09-11T11:44:54.088+0000][26480][gc,age       ] GC(417) - age   2:       4136 bytes,    2534144 total
[2020-09-11T11:44:54.088+0000][26480][gc,age       ] GC(417) - age   3:       3224 bytes,    2537368 total
[2020-09-11T11:44:54.088+0000][26480][gc,age       ] GC(417) - age   4:        920 bytes,    2538288 total
[2020-09-11T11:44:54.088+0000][26480][gc,age       ] GC(417) - age   5:       2592 bytes,    2540880 total
[2020-09-11T11:44:54.088+0000][26480][gc,age       ] GC(417) - age   6:      13448 bytes,    2554328 total
[2020-09-11T11:44:54.088+0000][26480][gc,age       ] GC(417) - age   7:        784 bytes,    2555112 total
[2020-09-11T11:44:54.088+0000][26480][gc,age       ] GC(417) - age   8:        976 bytes,    2556088 total
[2020-09-11T11:44:54.088+0000][26480][gc,age       ] GC(417) - age   9:       1112 bytes,    2557200 total
[2020-09-11T11:44:54.088+0000][26480][gc,age       ] GC(417) - age  10:        776 bytes,    2557976 total
[2020-09-11T11:44:54.088+0000][26480][gc,age       ] GC(417) - age  11:        168 bytes,    2558144 total
[2020-09-11T11:44:54.088+0000][26480][gc,age       ] GC(417) - age  12:        696 bytes,    2558840 total
[2020-09-11T11:44:54.088+0000][26480][gc,age       ] GC(417) - age  13:         64 bytes,    2558904 total
[2020-09-11T11:44:54.088+0000][26480][gc,age       ] GC(417) - age  14:      12872 bytes,    2571776 total
[2020-09-11T11:44:54.088+0000][26480][gc,age       ] GC(417) - age  15:        304 bytes,    2572080 total
[2020-09-11T11:44:54.088+0000][26480][gc,phases    ] GC(417)   Pre Evacuate Collection Set: 0.8ms
[2020-09-11T11:44:54.088+0000][26480][gc,phases    ] GC(417)   Merge Heap Roots: 0.2ms
[2020-09-11T11:44:54.088+0000][26480][gc,phases    ] GC(417)   Evacuate Collection Set: 2.3ms
[2020-09-11T11:44:54.088+0000][26480][gc,phases    ] GC(417)   Post Evacuate Collection Set: 1.6ms
[2020-09-11T11:44:54.088+0000][26480][gc,phases    ] GC(417)   Other: 1.2ms
[2020-09-11T11:44:54.088+0000][26480][gc,heap      ] GC(417) Eden regions: 31->0(502)
[2020-09-11T11:44:54.088+0000][26480][gc,heap      ] GC(417) Survivor regions: 4->3(63)
[2020-09-11T11:44:54.088+0000][26480][gc,heap      ] GC(417) Old regions: 78->78
[2020-09-11T11:44:54.088+0000][26480][gc,heap      ] GC(417) Archive regions: 0->0
[2020-09-11T11:44:54.088+0000][26480][gc,heap      ] GC(417) Humongous regions: 229->174
[2020-09-11T11:44:54.088+0000][26480][gc,metaspace ] GC(417) Metaspace: 88370K(94488K)->88370K(94488K) NonClass: 77195K(80792K)->77195K(80792K) Class: 11175K(13696K)->11175K(13696K)
[2020-09-11T11:44:54.088+0000][26480][gc           ] GC(417) Pause Young (Concurrent Start) (G1 Humongous Allocation) 341M->254M(1024M) 6.274ms
[2020-09-11T11:44:54.088+0000][26480][gc,cpu       ] GC(417) User=0.00s Sys=0.00s Real=0.01s
[2020-09-11T11:44:54.089+0000][26480][safepoint    ] Safepoint "G1TryInitiateConcMark", Time since last: 113059400 ns, Reaching safepoint: 311600 ns, At safepoint: 6459000 ns, Total: 6770600 ns
[2020-09-11T11:44:54.089+0000][26480][gc           ] GC(418) Concurrent Cycle
[2020-09-11T11:44:54.089+0000][26480][gc,marking   ] GC(418) Concurrent Clear Claimed Marks
[2020-09-11T11:44:54.089+0000][26480][gc,marking   ] GC(418) Concurrent Clear Claimed Marks 0.509ms
[2020-09-11T11:44:54.089+0000][26480][gc,marking   ] GC(418) Concurrent Scan Root Regions
[2020-09-11T11:44:54.094+0000][26480][gc,marking   ] GC(418) Concurrent Scan Root Regions 4.687ms
[2020-09-11T11:44:54.094+0000][26480][gc,marking   ] GC(418) Concurrent Mark (7099.229s)
[2020-09-11T11:44:54.095+0000][26480][gc,marking   ] GC(418) Concurrent Mark From Roots
[2020-09-11T11:44:54.095+0000][26480][gc,task      ] GC(418) Using 2 workers of 2 for marking
[2020-09-11T11:44:54.243+0000][26480][gc,marking   ] GC(418) Concurrent Mark From Roots 148.452ms
[2020-09-11T11:44:54.243+0000][26480][gc,marking   ] GC(418) Concurrent Preclean
[2020-09-11T11:44:54.243+0000][26480][gc,marking   ] GC(418) Concurrent Preclean 0.500ms
[2020-09-11T11:44:54.243+0000][26480][gc,marking   ] GC(418) Concurrent Mark (7099.229s, 7099.378s) 149.413ms
[2020-09-11T11:44:54.244+0000][26480][gc,start     ] GC(418) Pause Remark
[2020-09-11T11:44:54.249+0000][26480][gc           ] GC(418) Pause Remark 307M->307M(1024M) 5.730ms
[2020-09-11T11:44:54.250+0000][26480][gc,cpu       ] GC(418) User=0.00s Sys=0.00s Real=0.01s
[2020-09-11T11:44:54.250+0000][26480][safepoint    ] Safepoint "G1Concurrent", Time since last: 155453800 ns, Reaching safepoint: 200700 ns, At safepoint: 5956100 ns, Total: 6156800 ns
[2020-09-11T11:44:54.250+0000][26480][gc,marking   ] GC(418) Concurrent Rebuild Remembered Sets
[2020-09-11T11:44:54.336+0000][26480][gc,marking   ] GC(418) Concurrent Rebuild Remembered Sets 86.287ms
[2020-09-11T11:44:54.336+0000][26480][gc,start     ] GC(418) Pause Cleanup
[2020-09-11T11:44:54.337+0000][26480][gc           ] GC(418) Pause Cleanup 316M->316M(1024M) 0.351ms
[2020-09-11T11:44:54.337+0000][26480][gc,cpu       ] GC(418) User=0.00s Sys=0.00s Real=0.00s
[2020-09-11T11:44:54.337+0000][26480][safepoint    ] Safepoint "G1Concurrent", Time since last: 86487900 ns, Reaching safepoint: 172600 ns, At safepoint: 517000 ns, Total: 689600 ns
[2020-09-11T11:44:54.337+0000][26480][gc,marking   ] GC(418) Concurrent Cleanup for Next Mark
[2020-09-11T11:44:54.339+0000][26480][gc,marking   ] GC(418) Concurrent Cleanup for Next Mark 1.733ms
[2020-09-11T11:44:54.339+0000][26480][gc           ] GC(418) Concurrent Cycle 250.685ms
[2020-09-11T11:44:54.343+0000][26480][gc,start     ] GC(419) Pause Young (Concurrent Start) (G1 Humongous Allocation)
[2020-09-11T11:44:54.343+0000][26480][gc,task      ] GC(419) Using 8 workers of 8 for evacuation
[2020-09-11T11:44:54.343+0000][26480][gc,age       ] GC(419) Desired survivor size 33554432 bytes, new threshold 15 (max threshold 15)
[2020-09-11T11:44:54.347+0000][26480][gc,age       ] GC(419) Age table with threshold 15 (max threshold 15)
[2020-09-11T11:44:54.347+0000][26480][gc,age       ] GC(419) - age   1:    2625152 bytes,    2625152 total
[2020-09-11T11:44:54.347+0000][26480][gc,age       ] GC(419) - age   2:      58416 bytes,    2683568 total
[2020-09-11T11:44:54.347+0000][26480][gc,age       ] GC(419) - age   3:       3920 bytes,    2687488 total
[2020-09-11T11:44:54.347+0000][26480][gc,age       ] GC(419) - age   4:       2184 bytes,    2689672 total
[2020-09-11T11:44:54.347+0000][26480][gc,age       ] GC(419) - age   5:        896 bytes,    2690568 total
[2020-09-11T11:44:54.347+0000][26480][gc,age       ] GC(419) - age   6:       2368 bytes,    2692936 total
[2020-09-11T11:44:54.347+0000][26480][gc,age       ] GC(419) - age   7:      13352 bytes,    2706288 total
[2020-09-11T11:44:54.347+0000][26480][gc,age       ] GC(419) - age   8:        784 bytes,    2707072 total
[2020-09-11T11:44:54.347+0000][26480][gc,age       ] GC(419) - age   9:        816 bytes,    2707888 total
[2020-09-11T11:44:54.347+0000][26480][gc,age       ] GC(419) - age  10:       1080 bytes,    2708968 total
[2020-09-11T11:44:54.347+0000][26480][gc,age       ] GC(419) - age  11:        712 bytes,    2709680 total
[2020-09-11T11:44:54.347+0000][26480][gc,age       ] GC(419) - age  12:        168 bytes,    2709848 total
[2020-09-11T11:44:54.347+0000][26480][gc,age       ] GC(419) - age  13:        696 bytes,    2710544 total
[2020-09-11T11:44:54.347+0000][26480][gc,age       ] GC(419) - age  14:         64 bytes,    2710608 total
[2020-09-11T11:44:54.347+0000][26480][gc,age       ] GC(419) - age  15:      12840 bytes,    2723448 total
[2020-09-11T11:44:54.347+0000][26480][gc,phases    ] GC(419)   Pre Evacuate Collection Set: 0.4ms
[2020-09-11T11:44:54.347+0000][26480][gc,phases    ] GC(419)   Merge Heap Roots: 0.1ms
[2020-09-11T11:44:54.347+0000][26480][gc,phases    ] GC(419)   Evacuate Collection Set: 2.1ms
[2020-09-11T11:44:54.347+0000][26480][gc,phases    ] GC(419)   Post Evacuate Collection Set: 0.7ms
[2020-09-11T11:44:54.348+0000][26480][gc,phases    ] GC(419)   Other: 0.9ms
[2020-09-11T11:44:54.348+0000][26480][gc,heap      ] GC(419) Eden regions: 22->0(502)
[2020-09-11T11:44:54.348+0000][26480][gc,heap      ] GC(419) Survivor regions: 3->3(64)
[2020-09-11T11:44:54.348+0000][26480][gc,heap      ] GC(419) Old regions: 78->78
[2020-09-11T11:44:54.348+0000][26480][gc,heap      ] GC(419) Archive regions: 0->0
[2020-09-11T11:44:54.348+0000][26480][gc,heap      ] GC(419) Humongous regions: 229->174
[2020-09-11T11:44:54.348+0000][26480][gc,metaspace ] GC(419) Metaspace: 88370K(94488K)->88370K(94488K) NonClass: 77195K(80792K)->77195K(80792K) Class: 11175K(13696K)->11175K(13696K)
[2020-09-11T11:44:54.348+0000][26480][gc           ] GC(419) Pause Young (Concurrent Start) (G1 Humongous Allocation) 330M->254M(1024M) 4.661ms
[2020-09-11T11:44:54.348+0000][26480][gc,cpu       ] GC(419) User=0.00s Sys=0.00s Real=0.01s
[2020-09-11T11:44:54.348+0000][26480][safepoint    ] Safepoint "G1TryInitiateConcMark", Time since last: 6130400 ns, Reaching safepoint: 184500 ns, At safepoint: 4842200 ns, Total: 5026700 ns
[2020-09-11T11:44:54.348+0000][26480][gc           ] GC(420) Concurrent Cycle
[2020-09-11T11:44:54.348+0000][26480][gc,marking   ] GC(420) Concurrent Clear Claimed Marks
[2020-09-11T11:44:54.348+0000][26480][gc,marking   ] GC(420) Concurrent Clear Claimed Marks 0.417ms
[2020-09-11T11:44:54.349+0000][26480][gc,marking   ] GC(420) Concurrent Scan Root Regions
[2020-09-11T11:44:54.351+0000][26480][gc,marking   ] GC(420) Concurrent Scan Root Regions 2.522ms
[2020-09-11T11:44:54.351+0000][26480][gc,marking   ] GC(420) Concurrent Mark (7099.486s)
[2020-09-11T11:44:54.351+0000][26480][gc,marking   ] GC(420) Concurrent Mark From Roots
[2020-09-11T11:44:54.351+0000][26480][gc,task      ] GC(420) Using 2 workers of 2 for marking
[2020-09-11T11:44:54.495+0000][26480][gc,marking   ] GC(420) Concurrent Mark From Roots 143.836ms
[2020-09-11T11:44:54.495+0000][26480][gc,marking   ] GC(420) Concurrent Preclean
[2020-09-11T11:44:54.496+0000][26480][gc,marking   ] GC(420) Concurrent Preclean 0.923ms
[2020-09-11T11:44:54.496+0000][26480][gc,marking   ] GC(420) Concurrent Mark (7099.486s, 7099.631s) 144.970ms
[2020-09-11T11:44:54.496+0000][26480][gc,start     ] GC(420) Pause Remark
[2020-09-11T11:44:54.505+0000][26480][gc           ] GC(420) Pause Remark 300M->300M(1024M) 8.064ms
[2020-09-11T11:44:54.505+0000][26480][gc,cpu       ] GC(420) User=0.00s Sys=0.00s Real=0.01s
[2020-09-11T11:44:54.505+0000][26480][safepoint    ] Safepoint "G1Concurrent", Time since last: 148305900 ns, Reaching safepoint: 184100 ns, At safepoint: 8317800 ns, Total: 8501900 ns
[2020-09-11T11:44:54.505+0000][26480][gc,marking   ] GC(420) Concurrent Rebuild Remembered Sets
[2020-09-11T11:44:54.597+0000][26480][gc,marking   ] GC(420) Concurrent Rebuild Remembered Sets 92.106ms
[2020-09-11T11:44:54.597+0000][26480][gc,start     ] GC(420) Pause Cleanup
[2020-09-11T11:44:54.598+0000][26480][gc           ] GC(420) Pause Cleanup 305M->305M(1024M) 0.360ms
[2020-09-11T11:44:54.598+0000][26480][gc,cpu       ] GC(420) User=0.00s Sys=0.00s Real=0.00s
[2020-09-11T11:44:54.598+0000][26480][safepoint    ] Safepoint "G1Concurrent", Time since last: 92296200 ns, Reaching safepoint: 154100 ns, At safepoint: 568400 ns, Total: 722500 ns
[2020-09-11T11:44:54.598+0000][26480][gc,marking   ] GC(420) Concurrent Cleanup for Next Mark
[2020-09-11T11:44:54.600+0000][26480][gc,marking   ] GC(420) Concurrent Cleanup for Next Mark 1.950ms
[2020-09-11T11:44:54.600+0000][26480][gc           ] GC(420) Concurrent Cycle 251.969ms
[2020-09-11T11:44:54.651+0000][26480][gc,start     ] GC(421) Pause Young (Concurrent Start) (G1 Humongous Allocation)
[2020-09-11T11:44:54.651+0000][26480][gc,task      ] GC(421) Using 8 workers of 8 for evacuation
[2020-09-11T11:44:54.651+0000][26480][gc,age       ] GC(421) Desired survivor size 33554432 bytes, new threshold 15 (max threshold 15)
[2020-09-11T11:44:54.655+0000][26480][gc,age       ] GC(421) Age table with threshold 15 (max threshold 15)
[2020-09-11T11:44:54.655+0000][26480][gc,age       ] GC(421) - age   1:    2092568 bytes,    2092568 total
[2020-09-11T11:44:54.655+0000][26480][gc,age       ] GC(421) - age   2:       2144 bytes,    2094712 total
[2020-09-11T11:44:54.655+0000][26480][gc,age       ] GC(421) - age   3:      56752 bytes,    2151464 total
[2020-09-11T11:44:54.655+0000][26480][gc,age       ] GC(421) - age   4:       3488 bytes,    2154952 total
[2020-09-11T11:44:54.655+0000][26480][gc,age       ] GC(421) - age   5:       2184 bytes,    2157136 total
[2020-09-11T11:44:54.655+0000][26480][gc,age       ] GC(421) - age   6:        896 bytes,    2158032 total
[2020-09-11T11:44:54.655+0000][26480][gc,age       ] GC(421) - age   7:       2368 bytes,    2160400 total
[2020-09-11T11:44:54.655+0000][26480][gc,age       ] GC(421) - age   8:      13064 bytes,    2173464 total
[2020-09-11T11:44:54.655+0000][26480][gc,age       ] GC(421) - age   9:        624 bytes,    2174088 total
[2020-09-11T11:44:54.655+0000][26480][gc,age       ] GC(421) - age  10:        784 bytes,    2174872 total
[2020-09-11T11:44:54.655+0000][26480][gc,age       ] GC(421) - age  11:       1080 bytes,    2175952 total
[2020-09-11T11:44:54.655+0000][26480][gc,age       ] GC(421) - age  12:        712 bytes,    2176664 total
[2020-09-11T11:44:54.655+0000][26480][gc,age       ] GC(421) - age  13:        168 bytes,    2176832 total
[2020-09-11T11:44:54.655+0000][26480][gc,age       ] GC(421) - age  14:        696 bytes,    2177528 total
[2020-09-11T11:44:54.655+0000][26480][gc,age       ] GC(421) - age  15:         64 bytes,    2177592 total
[2020-09-11T11:44:54.655+0000][26480][gc,phases    ] GC(421)   Pre Evacuate Collection Set: 0.5ms
[2020-09-11T11:44:54.655+0000][26480][gc,phases    ] GC(421)   Merge Heap Roots: 0.1ms
[2020-09-11T11:44:54.655+0000][26480][gc,phases    ] GC(421)   Evacuate Collection Set: 2.0ms
[2020-09-11T11:44:54.656+0000][26480][gc,phases    ] GC(421)   Post Evacuate Collection Set: 0.7ms
[2020-09-11T11:44:54.656+0000][26480][gc,phases    ] GC(421)   Other: 1.0ms
[2020-09-11T11:44:54.656+0000][26480][gc,heap      ] GC(421) Eden regions: 24->0(504)
[2020-09-11T11:44:54.656+0000][26480][gc,heap      ] GC(421) Survivor regions: 3->3(64)
[2020-09-11T11:44:54.656+0000][26480][gc,heap      ] GC(421) Old regions: 78->78
[2020-09-11T11:44:54.656+0000][26480][gc,heap      ] GC(421) Archive regions: 0->0
[2020-09-11T11:44:54.656+0000][26480][gc,heap      ] GC(421) Humongous regions: 229->174
[2020-09-11T11:44:54.656+0000][26480][gc,metaspace ] GC(421) Metaspace: 88378K(94488K)->88378K(94488K) NonClass: 77203K(80792K)->77203K(80792K) Class: 11175K(13696K)->11175K(13696K)
[2020-09-11T11:44:54.656+0000][26480][gc           ] GC(421) Pause Young (Concurrent Start) (G1 Humongous Allocation) 333M->254M(1024M) 4.699ms
[2020-09-11T11:44:54.656+0000][26480][gc,cpu       ] GC(421) User=0.00s Sys=0.00s Real=0.00s
[2020-09-11T11:44:54.656+0000][26480][gc           ] GC(422) Concurrent Cycle
[2020-09-11T11:44:54.656+0000][26480][safepoint    ] Safepoint "G1TryInitiateConcMark", Time since last: 53121000 ns, Reaching safepoint: 203300 ns, At safepoint: 4930200 ns, Total: 5133500 ns
[2020-09-11T11:44:54.656+0000][26480][gc,marking   ] GC(422) Concurrent Clear Claimed Marks
[2020-09-11T11:44:54.657+0000][26480][gc,marking   ] GC(422) Concurrent Clear Claimed Marks 0.694ms
[2020-09-11T11:44:54.657+0000][26480][gc,marking   ] GC(422) Concurrent Scan Root Regions
[2020-09-11T11:44:54.658+0000][26480][gc,marking   ] GC(422) Concurrent Scan Root Regions 1.373ms
[2020-09-11T11:44:54.658+0000][26480][gc,marking   ] GC(422) Concurrent Mark (7099.793s)
[2020-09-11T11:44:54.658+0000][26480][gc,marking   ] GC(422) Concurrent Mark From Roots
[2020-09-11T11:44:54.658+0000][26480][gc,task      ] GC(422) Using 2 workers of 2 for marking
[2020-09-11T11:44:54.817+0000][26480][gc,marking   ] GC(422) Concurrent Mark From Roots 159.008ms
[2020-09-11T11:44:54.817+0000][26480][gc,marking   ] GC(422) Concurrent Preclean
[2020-09-11T11:44:54.818+0000][26480][gc,marking   ] GC(422) Concurrent Preclean 0.891ms
[2020-09-11T11:44:54.818+0000][26480][gc,marking   ] GC(422) Concurrent Mark (7099.793s, 7099.953s) 160.130ms
[2020-09-11T11:44:54.819+0000][26480][gc,start     ] GC(422) Pause Remark
[2020-09-11T11:44:54.825+0000][26480][gc           ] GC(422) Pause Remark 292M->292M(1024M) 6.706ms
[2020-09-11T11:44:54.826+0000][26480][gc,cpu       ] GC(422) User=0.11s Sys=0.00s Real=0.01s
[2020-09-11T11:44:54.826+0000][26480][safepoint    ] Safepoint "G1Concurrent", Time since last: 162575600 ns, Reaching safepoint: 185600 ns, At safepoint: 6955100 ns, Total: 7140700 ns
[2020-09-11T11:44:54.826+0000][26480][gc,marking   ] GC(422) Concurrent Rebuild Remembered Sets
[2020-09-11T11:44:54.914+0000][26480][gc,marking   ] GC(422) Concurrent Rebuild Remembered Sets 88.502ms
[2020-09-11T11:44:54.915+0000][26480][gc,start     ] GC(422) Pause Cleanup
[2020-09-11T11:44:54.915+0000][26480][gc           ] GC(422) Pause Cleanup 296M->296M(1024M) 0.292ms
[2020-09-11T11:44:54.915+0000][26480][gc,cpu       ] GC(422) User=0.00s Sys=0.00s Real=0.00s
[2020-09-11T11:44:54.915+0000][26480][safepoint    ] Safepoint "G1Concurrent", Time since last: 88682700 ns, Reaching safepoint: 155100 ns, At safepoint: 467500 ns, Total: 622600 ns
[2020-09-11T11:44:54.915+0000][26480][gc,marking   ] GC(422) Concurrent Cleanup for Next Mark
[2020-09-11T11:44:54.917+0000][26480][gc,marking   ] GC(422) Concurrent Cleanup for Next Mark 1.940ms
[2020-09-11T11:44:54.917+0000][26480][gc           ] GC(422) Concurrent Cycle 261.134ms
[2020-09-11T11:44:54.933+0000][26480][gc,start     ] GC(423) Pause Young (Concurrent Start) (G1 Humongous Allocation)
[2020-09-11T11:44:54.933+0000][26480][gc,task      ] GC(423) Using 8 workers of 8 for evacuation
[2020-09-11T11:44:54.933+0000][26480][gc,age       ] GC(423) Desired survivor size 33554432 bytes, new threshold 15 (max threshold 15)
[2020-09-11T11:44:54.937+0000][26480][gc,age       ] GC(423) Age table with threshold 15 (max threshold 15)
[2020-09-11T11:44:54.937+0000][26480][gc,age       ] GC(423) - age   1:    2188792 bytes,    2188792 total
[2020-09-11T11:44:54.937+0000][26480][gc,age       ] GC(423) - age   2:      13448 bytes,    2202240 total
[2020-09-11T11:44:54.937+0000][26480][gc,age       ] GC(423) - age   3:       1856 bytes,    2204096 total
[2020-09-11T11:44:54.937+0000][26480][gc,age       ] GC(423) - age   4:      56552 bytes,    2260648 total
[2020-09-11T11:44:54.937+0000][26480][gc,age       ] GC(423) - age   5:       3488 bytes,    2264136 total
[2020-09-11T11:44:54.937+0000][26480][gc,age       ] GC(423) - age   6:       2184 bytes,    2266320 total
[2020-09-11T11:44:54.937+0000][26480][gc,age       ] GC(423) - age   7:        896 bytes,    2267216 total
[2020-09-11T11:44:54.937+0000][26480][gc,age       ] GC(423) - age   8:       2112 bytes,    2269328 total
[2020-09-11T11:44:54.937+0000][26480][gc,age       ] GC(423) - age   9:      13032 bytes,    2282360 total
[2020-09-11T11:44:54.937+0000][26480][gc,age       ] GC(423) - age  10:        592 bytes,    2282952 total
[2020-09-11T11:44:54.937+0000][26480][gc,age       ] GC(423) - age  11:        784 bytes,    2283736 total
[2020-09-11T11:44:54.937+0000][26480][gc,age       ] GC(423) - age  12:        952 bytes,    2284688 total
[2020-09-11T11:44:54.937+0000][26480][gc,age       ] GC(423) - age  13:        712 bytes,    2285400 total
[2020-09-11T11:44:54.937+0000][26480][gc,age       ] GC(423) - age  14:        168 bytes,    2285568 total
[2020-09-11T11:44:54.937+0000][26480][gc,age       ] GC(423) - age  15:        696 bytes,    2286264 total
[2020-09-11T11:44:54.938+0000][26480][gc,phases    ] GC(423)   Pre Evacuate Collection Set: 0.5ms
[2020-09-11T11:44:54.938+0000][26480][gc,phases    ] GC(423)   Merge Heap Roots: 0.1ms
[2020-09-11T11:44:54.938+0000][26480][gc,phases    ] GC(423)   Evacuate Collection Set: 2.5ms
[2020-09-11T11:44:54.938+0000][26480][gc,phases    ] GC(423)   Post Evacuate Collection Set: 0.8ms
[2020-09-11T11:44:54.938+0000][26480][gc,phases    ] GC(423)   Other: 1.2ms
[2020-09-11T11:44:54.938+0000][26480][gc,heap      ] GC(423) Eden regions: 21->0(504)
[2020-09-11T11:44:54.938+0000][26480][gc,heap      ] GC(423) Survivor regions: 3->3(64)
[2020-09-11T11:44:54.938+0000][26480][gc,heap      ] GC(423) Old regions: 78->78
[2020-09-11T11:44:54.938+0000][26480][gc,heap      ] GC(423) Archive regions: 0->0
[2020-09-11T11:44:54.938+0000][26480][gc,heap      ] GC(423) Humongous regions: 229->174
[2020-09-11T11:44:54.938+0000][26480][gc,metaspace ] GC(423) Metaspace: 88378K(94488K)->88378K(94488K) NonClass: 77203K(80792K)->77203K(80792K) Class: 11175K(13696K)->11175K(13696K)
[2020-09-11T11:44:54.938+0000][26480][gc           ] GC(423) Pause Young (Concurrent Start) (G1 Humongous Allocation) 329M->254M(1024M) 5.417ms
[2020-09-11T11:44:54.938+0000][26480][gc,cpu       ] GC(423) User=0.00s Sys=0.00s Real=0.00s
[2020-09-11T11:44:54.938+0000][26480][safepoint    ] Safepoint "G1TryInitiateConcMark", Time since last: 17336200 ns, Reaching safepoint: 168400 ns, At safepoint: 5625400 ns, Total: 5793800 ns
[2020-09-11T11:44:54.938+0000][26480][gc           ] GC(424) Concurrent Cycle
[2020-09-11T11:44:54.938+0000][26480][gc,marking   ] GC(424) Concurrent Clear Claimed Marks
[2020-09-11T11:44:54.939+0000][26480][gc,marking   ] GC(424) Concurrent Clear Claimed Marks 0.776ms
[2020-09-11T11:44:54.939+0000][26480][gc,marking   ] GC(424) Concurrent Scan Root Regions
[2020-09-11T11:44:54.942+0000][26480][gc,marking   ] GC(424) Concurrent Scan Root Regions 2.493ms
[2020-09-11T11:44:54.942+0000][26480][gc,marking   ] GC(424) Concurrent Mark (7100.076s)
[2020-09-11T11:44:54.942+0000][26480][gc,marking   ] GC(424) Concurrent Mark From Roots
[2020-09-11T11:44:54.942+0000][26480][gc,task      ] GC(424) Using 2 workers of 2 for marking
[2020-09-11T11:44:55.112+0000][26480][gc,marking   ] GC(424) Concurrent Mark From Roots 170.578ms
[2020-09-11T11:44:55.112+0000][26480][gc,marking   ] GC(424) Concurrent Preclean
[2020-09-11T11:44:55.113+0000][26480][gc,marking   ] GC(424) Concurrent Preclean 0.722ms
[2020-09-11T11:44:55.113+0000][26480][gc,marking   ] GC(424) Concurrent Mark (7100.076s, 7100.248s) 171.504ms
[2020-09-11T11:44:55.113+0000][26480][gc,start     ] GC(424) Pause Remark
[2020-09-11T11:44:55.123+0000][26480][gc           ] GC(424) Pause Remark 285M->285M(1024M) 9.412ms
[2020-09-11T11:44:55.123+0000][26480][gc,cpu       ] GC(424) User=0.09s Sys=0.00s Real=0.01s
[2020-09-11T11:44:55.123+0000][26480][safepoint    ] Safepoint "G1Concurrent", Time since last: 175126900 ns, Reaching safepoint: 189100 ns, At safepoint: 9612800 ns, Total: 9801900 ns
[2020-09-11T11:44:55.123+0000][26480][gc,marking   ] GC(424) Concurrent Rebuild Remembered Sets
[2020-09-11T11:44:55.229+0000][26480][gc,marking   ] GC(424) Concurrent Rebuild Remembered Sets 105.537ms
[2020-09-11T11:44:55.229+0000][26480][gc,start     ] GC(424) Pause Cleanup
[2020-09-11T11:44:55.229+0000][26480][gc           ] GC(424) Pause Cleanup 287M->287M(1024M) 0.336ms
[2020-09-11T11:44:55.229+0000][26480][gc,cpu       ] GC(424) User=0.00s Sys=0.00s Real=0.00s
[2020-09-11T11:44:55.229+0000][26480][safepoint    ] Safepoint "G1Concurrent", Time since last: 105721800 ns, Reaching safepoint: 184100 ns, At safepoint: 561700 ns, Total: 745800 ns
[2020-09-11T11:44:55.230+0000][26480][gc,marking   ] GC(424) Concurrent Cleanup for Next Mark
[2020-09-11T11:44:55.232+0000][26480][gc,marking   ] GC(424) Concurrent Cleanup for Next Mark 2.052ms
[2020-09-11T11:44:55.232+0000][26480][gc           ] GC(424) Concurrent Cycle 293.735ms
[2020-09-11T11:44:55.317+0000][26480][gc,start     ] GC(425) Pause Young (Concurrent Start) (G1 Humongous Allocation)
[2020-09-11T11:44:55.317+0000][26480][gc,task      ] GC(425) Using 8 workers of 8 for evacuation
[2020-09-11T11:44:55.318+0000][26480][gc,age       ] GC(425) Desired survivor size 33554432 bytes, new threshold 15 (max threshold 15)
[2020-09-11T11:44:55.325+0000][26480][gc,age       ] GC(425) Age table with threshold 15 (max threshold 15)
[2020-09-11T11:44:55.325+0000][26480][gc,age       ] GC(425) - age   1:    1565720 bytes,    1565720 total
[2020-09-11T11:44:55.325+0000][26480][gc,age       ] GC(425) - age   2:       1376 bytes,    1567096 total
[2020-09-11T11:44:55.325+0000][26480][gc,age       ] GC(425) - age   3:      12216 bytes,    1579312 total
[2020-09-11T11:44:55.325+0000][26480][gc,age       ] GC(425) - age   4:        816 bytes,    1580128 total
[2020-09-11T11:44:55.325+0000][26480][gc,age       ] GC(425) - age   5:      55144 bytes,    1635272 total
[2020-09-11T11:44:55.325+0000][26480][gc,age       ] GC(425) - age   6:       3128 bytes,    1638400 total
[2020-09-11T11:44:55.325+0000][26480][gc,age       ] GC(425) - age   7:       2184 bytes,    1640584 total
[2020-09-11T11:44:55.325+0000][26480][gc,age       ] GC(425) - age   8:        736 bytes,    1641320 total
[2020-09-11T11:44:55.325+0000][26480][gc,age       ] GC(425) - age   9:       1984 bytes,    1643304 total
[2020-09-11T11:44:55.325+0000][26480][gc,age       ] GC(425) - age  10:      13032 bytes,    1656336 total
[2020-09-11T11:44:55.325+0000][26480][gc,age       ] GC(425) - age  11:        592 bytes,    1656928 total
[2020-09-11T11:44:55.325+0000][26480][gc,age       ] GC(425) - age  12:        784 bytes,    1657712 total
[2020-09-11T11:44:55.325+0000][26480][gc,age       ] GC(425) - age  13:        952 bytes,    1658664 total
[2020-09-11T11:44:55.325+0000][26480][gc,age       ] GC(425) - age  14:        712 bytes,    1659376 total
[2020-09-11T11:44:55.325+0000][26480][gc,age       ] GC(425) - age  15:        168 bytes,    1659544 total
[2020-09-11T11:44:55.325+0000][26480][gc,phases    ] GC(425)   Pre Evacuate Collection Set: 0.5ms
[2020-09-11T11:44:55.325+0000][26480][gc,phases    ] GC(425)   Merge Heap Roots: 0.1ms
[2020-09-11T11:44:55.325+0000][26480][gc,phases    ] GC(425)   Evacuate Collection Set: 4.8ms
[2020-09-11T11:44:55.325+0000][26480][gc,phases    ] GC(425)   Post Evacuate Collection Set: 1.3ms
[2020-09-11T11:44:55.325+0000][26480][gc,phases    ] GC(425)   Other: 1.1ms
[2020-09-11T11:44:55.325+0000][26480][gc,heap      ] GC(425) Eden regions: 26->0(506)
[2020-09-11T11:44:55.325+0000][26480][gc,heap      ] GC(425) Survivor regions: 3->2(64)
[2020-09-11T11:44:55.325+0000][26480][gc,heap      ] GC(425) Old regions: 78->78
[2020-09-11T11:44:55.325+0000][26480][gc,heap      ] GC(425) Archive regions: 0->0
[2020-09-11T11:44:55.326+0000][26480][gc,heap      ] GC(425) Humongous regions: 229->174
[2020-09-11T11:44:55.326+0000][26480][gc,metaspace ] GC(425) Metaspace: 88382K(94488K)->88382K(94488K) NonClass: 77207K(80792K)->77207K(80792K) Class: 11175K(13696K)->11175K(13696K)
[2020-09-11T11:44:55.326+0000][26480][gc           ] GC(425) Pause Young (Concurrent Start) (G1 Humongous Allocation) 334M->253M(1024M) 8.222ms
[2020-09-11T11:44:55.326+0000][26480][gc,cpu       ] GC(425) User=0.03s Sys=0.00s Real=0.01s
[2020-09-11T11:44:55.326+0000][26480][safepoint    ] Safepoint "G1TryInitiateConcMark", Time since last: 87602300 ns, Reaching safepoint: 261800 ns, At safepoint: 8437400 ns, Total: 8699200 ns
[2020-09-11T11:44:55.326+0000][26480][gc           ] GC(426) Concurrent Cycle
[2020-09-11T11:44:55.326+0000][26480][gc,marking   ] GC(426) Concurrent Clear Claimed Marks
[2020-09-11T11:44:55.326+0000][26480][gc,marking   ] GC(426) Concurrent Clear Claimed Marks 0.549ms
[2020-09-11T11:44:55.327+0000][26480][gc,marking   ] GC(426) Concurrent Scan Root Regions
[2020-09-11T11:44:55.328+0000][26480][gc,marking   ] GC(426) Concurrent Scan Root Regions 1.740ms
[2020-09-11T11:44:55.328+0000][26480][gc,marking   ] GC(426) Concurrent Mark (7100.463s)
[2020-09-11T11:44:55.328+0000][26480][gc,marking   ] GC(426) Concurrent Mark From Roots
[2020-09-11T11:44:55.328+0000][26480][gc,task      ] GC(426) Using 2 workers of 2 for marking
[2020-09-11T11:44:55.503+0000][26480][gc,marking   ] GC(426) Concurrent Mark From Roots 174.538ms
[2020-09-11T11:44:55.504+0000][26480][gc,marking   ] GC(426) Concurrent Preclean
[2020-09-11T11:44:55.505+0000][26480][gc,marking   ] GC(426) Concurrent Preclean 1.574ms
[2020-09-11T11:44:55.505+0000][26480][gc,marking   ] GC(426) Concurrent Mark (7100.463s, 7100.640s) 176.531ms
[2020-09-11T11:44:55.506+0000][26480][gc,start     ] GC(426) Pause Remark
[2020-09-11T11:44:55.514+0000][26480][gc           ] GC(426) Pause Remark 276M->276M(1024M) 7.777ms
[2020-09-11T11:44:55.514+0000][26480][gc,cpu       ] GC(426) User=0.09s Sys=0.00s Real=0.01s
[2020-09-11T11:44:55.514+0000][26480][safepoint    ] Safepoint "G1Concurrent", Time since last: 179226200 ns, Reaching safepoint: 227000 ns, At safepoint: 7995600 ns, Total: 8222600 ns
[2020-09-11T11:44:55.514+0000][26480][gc,marking   ] GC(426) Concurrent Rebuild Remembered Sets
[2020-09-11T11:44:55.603+0000][26480][gc,marking   ] GC(426) Concurrent Rebuild Remembered Sets 88.830ms
[2020-09-11T11:44:55.603+0000][26480][gc,start     ] GC(426) Pause Cleanup
[2020-09-11T11:44:55.603+0000][26480][gc           ] GC(426) Pause Cleanup 279M->279M(1024M) 0.300ms
[2020-09-11T11:44:55.603+0000][26480][gc,cpu       ] GC(426) User=0.00s Sys=0.00s Real=0.00s
[2020-09-11T11:44:55.603+0000][26480][safepoint    ] Safepoint "G1Concurrent", Time since last: 89014100 ns, Reaching safepoint: 181800 ns, At safepoint: 449600 ns, Total: 631400 ns
[2020-09-11T11:44:55.603+0000][26480][gc,marking   ] GC(426) Concurrent Cleanup for Next Mark
[2020-09-11T11:44:55.605+0000][26480][gc,marking   ] GC(426) Concurrent Cleanup for Next Mark 1.902ms
[2020-09-11T11:44:55.605+0000][26480][gc           ] GC(426) Concurrent Cycle 279.192ms
[2020-09-11T11:44:55.646+0000][26480][gc,start     ] GC(427) Pause Young (Concurrent Start) (G1 Humongous Allocation)
[2020-09-11T11:44:55.646+0000][26480][gc,task      ] GC(427) Using 8 workers of 8 for evacuation
[2020-09-11T11:44:55.646+0000][26480][gc,age       ] GC(427) Desired survivor size 33554432 bytes, new threshold 15 (max threshold 15)
[2020-09-11T11:44:55.649+0000][26480][gc,age       ] GC(427) Age table with threshold 15 (max threshold 15)
[2020-09-11T11:44:55.649+0000][26480][gc,age       ] GC(427) - age   1:    1680104 bytes,    1680104 total
[2020-09-11T11:44:55.650+0000][26480][gc,age       ] GC(427) - age   2:      16776 bytes,    1696880 total
[2020-09-11T11:44:55.650+0000][26480][gc,age       ] GC(427) - age   3:       1184 bytes,    1698064 total
[2020-09-11T11:44:55.650+0000][26480][gc,age       ] GC(427) - age   4:      11848 bytes,    1709912 total
[2020-09-11T11:44:55.650+0000][26480][gc,age       ] GC(427) - age   5:        816 bytes,    1710728 total
[2020-09-11T11:44:55.650+0000][26480][gc,age       ] GC(427) - age   6:      52520 bytes,    1763248 total
[2020-09-11T11:44:55.650+0000][26480][gc,age       ] GC(427) - age   7:       3032 bytes,    1766280 total
[2020-09-11T11:44:55.650+0000][26480][gc,age       ] GC(427) - age   8:       1864 bytes,    1768144 total
[2020-09-11T11:44:55.650+0000][26480][gc,age       ] GC(427) - age   9:        672 bytes,    1768816 total
[2020-09-11T11:44:55.650+0000][26480][gc,age       ] GC(427) - age  10:       1984 bytes,    1770800 total
[2020-09-11T11:44:55.650+0000][26480][gc,age       ] GC(427) - age  11:      13032 bytes,    1783832 total
[2020-09-11T11:44:55.650+0000][26480][gc,age       ] GC(427) - age  12:        592 bytes,    1784424 total
[2020-09-11T11:44:55.650+0000][26480][gc,age       ] GC(427) - age  13:        784 bytes,    1785208 total
[2020-09-11T11:44:55.650+0000][26480][gc,age       ] GC(427) - age  14:        952 bytes,    1786160 total
[2020-09-11T11:44:55.650+0000][26480][gc,age       ] GC(427) - age  15:        712 bytes,    1786872 total
[2020-09-11T11:44:55.650+0000][26480][gc,phases    ] GC(427)   Pre Evacuate Collection Set: 0.4ms
[2020-09-11T11:44:55.650+0000][26480][gc,phases    ] GC(427)   Merge Heap Roots: 0.1ms
[2020-09-11T11:44:55.650+0000][26480][gc,phases    ] GC(427)   Evacuate Collection Set: 1.8ms
[2020-09-11T11:44:55.650+0000][26480][gc,phases    ] GC(427)   Post Evacuate Collection Set: 0.6ms
[2020-09-11T11:44:55.650+0000][26480][gc,phases    ] GC(427)   Other: 1.1ms
[2020-09-11T11:44:55.650+0000][26480][gc,heap      ] GC(427) Eden regions: 22->0(507)
[2020-09-11T11:44:55.650+0000][26480][gc,heap      ] GC(427) Survivor regions: 2->2(64)
[2020-09-11T11:44:55.650+0000][26480][gc,heap      ] GC(427) Old regions: 78->78
[2020-09-11T11:44:55.650+0000][26480][gc,heap      ] GC(427) Archive regions: 0->0
[2020-09-11T11:44:55.650+0000][26480][gc,heap      ] GC(427) Humongous regions: 229->174
[2020-09-11T11:44:55.650+0000][26480][gc,metaspace ] GC(427) Metaspace: 88382K(94488K)->88382K(94488K) NonClass: 77207K(80792K)->77207K(80792K) Class: 11175K(13696K)->11175K(13696K)
[2020-09-11T11:44:55.651+0000][26480][gc           ] GC(427) Pause Young (Concurrent Start) (G1 Humongous Allocation) 330M->253M(1024M) 4.400ms
[2020-09-11T11:44:55.651+0000][26480][gc,cpu       ] GC(427) User=0.00s Sys=0.02s Real=0.01s
[2020-09-11T11:44:55.651+0000][26480][safepoint    ] Safepoint "G1TryInitiateConcMark", Time since last: 42568400 ns, Reaching safepoint: 180300 ns, At safepoint: 4595100 ns, Total: 4775400 ns
[2020-09-11T11:44:55.651+0000][26480][gc           ] GC(428) Concurrent Cycle
[2020-09-11T11:44:55.651+0000][26480][gc,marking   ] GC(428) Concurrent Clear Claimed Marks
[2020-09-11T11:44:55.651+0000][26480][gc,marking   ] GC(428) Concurrent Clear Claimed Marks 0.466ms
[2020-09-11T11:44:55.651+0000][26480][gc,marking   ] GC(428) Concurrent Scan Root Regions
[2020-09-11T11:44:55.653+0000][26480][gc,marking   ] GC(428) Concurrent Scan Root Regions 1.623ms
[2020-09-11T11:44:55.653+0000][26480][gc,marking   ] GC(428) Concurrent Mark (7100.787s)
[2020-09-11T11:44:55.653+0000][26480][gc,marking   ] GC(428) Concurrent Mark From Roots
[2020-09-11T11:44:55.653+0000][26480][gc,task      ] GC(428) Using 2 workers of 2 for marking
[2020-09-11T11:44:55.800+0000][26480][gc,marking   ] GC(428) Concurrent Mark From Roots 146.668ms
[2020-09-11T11:44:55.800+0000][26480][gc,marking   ] GC(428) Concurrent Preclean
[2020-09-11T11:44:55.801+0000][26480][gc,marking   ] GC(428) Concurrent Preclean 0.808ms
[2020-09-11T11:44:55.801+0000][26480][gc,marking   ] GC(428) Concurrent Mark (7100.787s, 7100.935s) 147.689ms
[2020-09-11T11:44:55.801+0000][26480][gc,start     ] GC(428) Pause Remark
[2020-09-11T11:44:55.808+0000][26480][gc           ] GC(428) Pause Remark 269M->269M(1024M) 6.694ms
[2020-09-11T11:44:55.808+0000][26480][gc,cpu       ] GC(428) User=0.11s Sys=0.00s Real=0.01s
[2020-09-11T11:44:55.808+0000][26480][safepoint    ] Safepoint "G1Concurrent", Time since last: 150088000 ns, Reaching safepoint: 148700 ns, At safepoint: 6960400 ns, Total: 7109100 ns
[2020-09-11T11:44:55.808+0000][26480][gc,marking   ] GC(428) Concurrent Rebuild Remembered Sets
[2020-09-11T11:44:55.902+0000][26480][gc,marking   ] GC(428) Concurrent Rebuild Remembered Sets 93.620ms
[2020-09-11T11:44:55.902+0000][26480][gc,start     ] GC(428) Pause Cleanup
[2020-09-11T11:44:55.902+0000][26480][gc           ] GC(428) Pause Cleanup 271M->271M(1024M) 0.472ms
[2020-09-11T11:44:55.903+0000][26480][gc,cpu       ] GC(428) User=0.00s Sys=0.00s Real=0.00s
[2020-09-11T11:44:55.903+0000][26480][safepoint    ] Safepoint "G1Concurrent", Time since last: 93837900 ns, Reaching safepoint: 191200 ns, At safepoint: 772200 ns, Total: 963400 ns
[2020-09-11T11:44:55.903+0000][26480][gc,marking   ] GC(428) Concurrent Cleanup for Next Mark
[2020-09-11T11:44:55.906+0000][26480][gc,marking   ] GC(428) Concurrent Cleanup for Next Mark 3.596ms
[2020-09-11T11:44:55.907+0000][26480][gc           ] GC(428) Concurrent Cycle 256.163ms
[2020-09-11T11:44:55.968+0000][26480][gc,start     ] GC(429) Pause Young (Concurrent Start) (G1 Humongous Allocation)
[2020-09-11T11:44:55.968+0000][26480][gc,task      ] GC(429) Using 8 workers of 8 for evacuation
[2020-09-11T11:44:55.968+0000][26480][gc,age       ] GC(429) Desired survivor size 33554432 bytes, new threshold 15 (max threshold 15)
[2020-09-11T11:44:55.975+0000][26480][gc,age       ] GC(429) Age table with threshold 15 (max threshold 15)
[2020-09-11T11:44:55.975+0000][26480][gc,age       ] GC(429) - age   1:    3642624 bytes,    3642624 total
[2020-09-11T11:44:55.975+0000][26480][gc,age       ] GC(429) - age   2:       1552 bytes,    3644176 total
[2020-09-11T11:44:55.975+0000][26480][gc,age       ] GC(429) - age   3:      15584 bytes,    3659760 total
[2020-09-11T11:44:55.975+0000][26480][gc,age       ] GC(429) - age   4:        824 bytes,    3660584 total
[2020-09-11T11:44:55.975+0000][26480][gc,age       ] GC(429) - age   5:      11184 bytes,    3671768 total
[2020-09-11T11:44:55.975+0000][26480][gc,age       ] GC(429) - age   6:        600 bytes,    3672368 total
[2020-09-11T11:44:55.975+0000][26480][gc,age       ] GC(429) - age   7:      52032 bytes,    3724400 total
[2020-09-11T11:44:55.975+0000][26480][gc,age       ] GC(429) - age   8:       2904 bytes,    3727304 total
[2020-09-11T11:44:55.975+0000][26480][gc,age       ] GC(429) - age   9:       1800 bytes,    3729104 total
[2020-09-11T11:44:55.975+0000][26480][gc,age       ] GC(429) - age  10:        672 bytes,    3729776 total
[2020-09-11T11:44:55.975+0000][26480][gc,age       ] GC(429) - age  11:       1984 bytes,    3731760 total
[2020-09-11T11:44:55.975+0000][26480][gc,age       ] GC(429) - age  12:      13032 bytes,    3744792 total
[2020-09-11T11:44:55.975+0000][26480][gc,age       ] GC(429) - age  13:        592 bytes,    3745384 total
[2020-09-11T11:44:55.975+0000][26480][gc,age       ] GC(429) - age  14:        784 bytes,    3746168 total
[2020-09-11T11:44:55.975+0000][26480][gc,age       ] GC(429) - age  15:        952 bytes,    3747120 total
[2020-09-11T11:44:55.975+0000][26480][gc,phases    ] GC(429)   Pre Evacuate Collection Set: 0.5ms
[2020-09-11T11:44:55.975+0000][26480][gc,phases    ] GC(429)   Merge Heap Roots: 0.1ms
[2020-09-11T11:44:55.975+0000][26480][gc,phases    ] GC(429)   Evacuate Collection Set: 5.4ms
[2020-09-11T11:44:55.976+0000][26480][gc,phases    ] GC(429)   Post Evacuate Collection Set: 0.9ms
[2020-09-11T11:44:55.976+0000][26480][gc,phases    ] GC(429)   Other: 1.1ms
[2020-09-11T11:44:55.976+0000][26480][gc,heap      ] GC(429) Eden regions: 29->0(503)
[2020-09-11T11:44:55.976+0000][26480][gc,heap      ] GC(429) Survivor regions: 2->4(64)
[2020-09-11T11:44:55.976+0000][26480][gc,heap      ] GC(429) Old regions: 78->78
[2020-09-11T11:44:55.976+0000][26480][gc,heap      ] GC(429) Archive regions: 0->0
[2020-09-11T11:44:55.976+0000][26480][gc,heap      ] GC(429) Humongous regions: 229->174
[2020-09-11T11:44:55.976+0000][26480][gc,metaspace ] GC(429) Metaspace: 88389K(94488K)->88389K(94488K) NonClass: 77213K(80792K)->77213K(80792K) Class: 11175K(13696K)->11175K(13696K)
[2020-09-11T11:44:55.976+0000][26480][gc           ] GC(429) Pause Young (Concurrent Start) (G1 Humongous Allocation) 337M->255M(1024M) 8.366ms
[2020-09-11T11:44:55.976+0000][26480][gc,cpu       ] GC(429) User=0.00s Sys=0.00s Real=0.01s
[2020-09-11T11:44:55.976+0000][26480][gc           ] GC(430) Concurrent Cycle
[2020-09-11T11:44:55.976+0000][26480][safepoint    ] Safepoint "G1TryInitiateConcMark", Time since last: 63338300 ns, Reaching safepoint: 1417400 ns, At safepoint: 8572600 ns, Total: 9990000 ns
[2020-09-11T11:44:55.976+0000][26480][gc,marking   ] GC(430) Concurrent Clear Claimed Marks
[2020-09-11T11:44:55.976+0000][26480][gc,marking   ] GC(430) Concurrent Clear Claimed Marks 0.438ms
[2020-09-11T11:44:55.977+0000][26480][gc,marking   ] GC(430) Concurrent Scan Root Regions
[2020-09-11T11:44:55.978+0000][26480][gc,marking   ] GC(430) Concurrent Scan Root Regions 1.535ms
[2020-09-11T11:44:55.978+0000][26480][gc,marking   ] GC(430) Concurrent Mark (7101.112s)
[2020-09-11T11:44:55.978+0000][26480][gc,marking   ] GC(430) Concurrent Mark From Roots
[2020-09-11T11:44:55.978+0000][26480][gc,task      ] GC(430) Using 2 workers of 2 for marking
[2020-09-11T11:44:56.152+0000][26480][gc,marking   ] GC(430) Concurrent Mark From Roots 174.228ms
[2020-09-11T11:44:56.153+0000][26480][gc,marking   ] GC(430) Concurrent Preclean
[2020-09-11T11:44:56.153+0000][26480][gc,marking   ] GC(430) Concurrent Preclean 0.742ms
[2020-09-11T11:44:56.153+0000][26480][gc,marking   ] GC(430) Concurrent Mark (7101.112s, 7101.288s) 175.185ms
[2020-09-11T11:44:56.154+0000][26480][gc,start     ] GC(430) Pause Remark
[2020-09-11T11:44:56.160+0000][26480][gc           ] GC(430) Pause Remark 320M->320M(1024M) 6.478ms
[2020-09-11T11:44:56.160+0000][26480][gc,cpu       ] GC(430) User=0.00s Sys=0.00s Real=0.01s
[2020-09-11T11:44:56.160+0000][26480][safepoint    ] Safepoint "G1Concurrent", Time since last: 177397600 ns, Reaching safepoint: 166500 ns, At safepoint: 6725600 ns, Total: 6892100 ns
[2020-09-11T11:44:56.160+0000][26480][gc,marking   ] GC(430) Concurrent Rebuild Remembered Sets
[2020-09-11T11:44:56.261+0000][26480][gc,marking   ] GC(430) Concurrent Rebuild Remembered Sets 101.064ms
[2020-09-11T11:44:56.262+0000][26480][gc,start     ] GC(430) Pause Cleanup
[2020-09-11T11:44:56.262+0000][26480][gc           ] GC(430) Pause Cleanup 322M->322M(1024M) 0.332ms
[2020-09-11T11:44:56.262+0000][26480][gc,cpu       ] GC(430) User=0.00s Sys=0.00s Real=0.00s
[2020-09-11T11:44:56.262+0000][26480][safepoint    ] Safepoint "G1Concurrent", Time since last: 101259900 ns, Reaching safepoint: 182600 ns, At safepoint: 517800 ns, Total: 700400 ns
[2020-09-11T11:44:56.262+0000][26480][gc,marking   ] GC(430) Concurrent Cleanup for Next Mark
[2020-09-11T11:44:56.264+0000][26480][gc,marking   ] GC(430) Concurrent Cleanup for Next Mark 1.979ms
[2020-09-11T11:44:56.264+0000][26480][gc           ] GC(430) Concurrent Cycle 288.510ms
[2020-09-11T11:44:56.429+0000][26480][gc,start     ] GC(431) Pause Young (Concurrent Start) (G1 Humongous Allocation)
[2020-09-11T11:44:56.429+0000][26480][gc,task      ] GC(431) Using 8 workers of 8 for evacuation
[2020-09-11T11:44:56.429+0000][26480][gc,age       ] GC(431) Desired survivor size 33554432 bytes, new threshold 15 (max threshold 15)
[2020-09-11T11:44:56.433+0000][26480][gc,age       ] GC(431) Age table with threshold 15 (max threshold 15)
[2020-09-11T11:44:56.433+0000][26480][gc,age       ] GC(431) - age   1:    4892888 bytes,    4892888 total
[2020-09-11T11:44:56.434+0000][26480][gc,age       ] GC(431) - age   2:       2048 bytes,    4894936 total
[2020-09-11T11:44:56.434+0000][26480][gc,age       ] GC(431) - age   3:       1176 bytes,    4896112 total
[2020-09-11T11:44:56.434+0000][26480][gc,age       ] GC(431) - age   4:      10760 bytes,    4906872 total
[2020-09-11T11:44:56.434+0000][26480][gc,age       ] GC(431) - age   5:        608 bytes,    4907480 total
[2020-09-11T11:44:56.434+0000][26480][gc,age       ] GC(431) - age   6:      10936 bytes,    4918416 total
[2020-09-11T11:44:56.434+0000][26480][gc,age       ] GC(431) - age   7:        568 bytes,    4918984 total
[2020-09-11T11:44:56.434+0000][26480][gc,age       ] GC(431) - age   8:      51792 bytes,    4970776 total
[2020-09-11T11:44:56.434+0000][26480][gc,age       ] GC(431) - age   9:       2872 bytes,    4973648 total
[2020-09-11T11:44:56.434+0000][26480][gc,age       ] GC(431) - age  10:       1800 bytes,    4975448 total
[2020-09-11T11:44:56.434+0000][26480][gc,age       ] GC(431) - age  11:        672 bytes,    4976120 total
[2020-09-11T11:44:56.434+0000][26480][gc,age       ] GC(431) - age  12:       1856 bytes,    4977976 total
[2020-09-11T11:44:56.434+0000][26480][gc,age       ] GC(431) - age  13:      13032 bytes,    4991008 total
[2020-09-11T11:44:56.434+0000][26480][gc,age       ] GC(431) - age  14:        592 bytes,    4991600 total
[2020-09-11T11:44:56.434+0000][26480][gc,age       ] GC(431) - age  15:        784 bytes,    4992384 total
[2020-09-11T11:44:56.434+0000][26480][gc,phases    ] GC(431)   Pre Evacuate Collection Set: 0.5ms
[2020-09-11T11:44:56.434+0000][26480][gc,phases    ] GC(431)   Merge Heap Roots: 0.1ms
[2020-09-11T11:44:56.434+0000][26480][gc,phases    ] GC(431)   Evacuate Collection Set: 2.4ms
[2020-09-11T11:44:56.434+0000][26480][gc,phases    ] GC(431)   Post Evacuate Collection Set: 0.9ms
[2020-09-11T11:44:56.434+0000][26480][gc,phases    ] GC(431)   Other: 1.2ms
[2020-09-11T11:44:56.434+0000][26480][gc,heap      ] GC(431) Eden regions: 40->0(501)
[2020-09-11T11:44:56.434+0000][26480][gc,heap      ] GC(431) Survivor regions: 4->5(64)
[2020-09-11T11:44:56.434+0000][26480][gc,heap      ] GC(431) Old regions: 78->78
[2020-09-11T11:44:56.434+0000][26480][gc,heap      ] GC(431) Archive regions: 0->0
[2020-09-11T11:44:56.435+0000][26480][gc,heap      ] GC(431) Humongous regions: 229->174
[2020-09-11T11:44:56.435+0000][26480][gc,metaspace ] GC(431) Metaspace: 88389K(94488K)->88389K(94488K) NonClass: 77214K(80792K)->77214K(80792K) Class: 11175K(13696K)->11175K(13696K)
[2020-09-11T11:44:56.435+0000][26480][gc           ] GC(431) Pause Young (Concurrent Start) (G1 Humongous Allocation) 349M->256M(1024M) 5.611ms
[2020-09-11T11:44:56.435+0000][26480][gc,cpu       ] GC(431) User=0.09s Sys=0.00s Real=0.01s
[2020-09-11T11:44:56.435+0000][26480][gc           ] GC(432) Concurrent Cycle
[2020-09-11T11:44:56.435+0000][26480][gc,marking   ] GC(432) Concurrent Clear Claimed Marks
[2020-09-11T11:44:56.435+0000][26480][gc,marking   ] GC(432) Concurrent Clear Claimed Marks 0.361ms
[2020-09-11T11:44:56.435+0000][26480][gc,marking   ] GC(432) Concurrent Scan Root Regions
[2020-09-11T11:44:56.435+0000][26480][safepoint    ] Safepoint "G1TryInitiateConcMark", Time since last: 166412800 ns, Reaching safepoint: 282000 ns, At safepoint: 6339600 ns, Total: 6621600 ns
[2020-09-11T11:44:56.438+0000][26480][gc,marking   ] GC(432) Concurrent Scan Root Regions 2.387ms
[2020-09-11T11:44:56.438+0000][26480][gc,marking   ] GC(432) Concurrent Mark (7101.572s)
[2020-09-11T11:44:56.438+0000][26480][gc,marking   ] GC(432) Concurrent Mark From Roots
[2020-09-11T11:44:56.438+0000][26480][gc,task      ] GC(432) Using 2 workers of 2 for marking
[2020-09-11T11:44:56.610+0000][26480][gc,marking   ] GC(432) Concurrent Mark From Roots 172.623ms
[2020-09-11T11:44:56.610+0000][26480][gc,marking   ] GC(432) Concurrent Preclean
[2020-09-11T11:44:56.611+0000][26480][gc,marking   ] GC(432) Concurrent Preclean 0.733ms
[2020-09-11T11:44:56.611+0000][26480][gc,marking   ] GC(432) Concurrent Mark (7101.572s, 7101.746s) 173.582ms
[2020-09-11T11:44:56.611+0000][26480][gc,start     ] GC(432) Pause Remark
[2020-09-11T11:44:56.618+0000][26480][gc           ] GC(432) Pause Remark 365M->365M(1024M) 7.030ms
[2020-09-11T11:44:56.619+0000][26480][gc,cpu       ] GC(432) User=0.00s Sys=0.00s Real=0.01s
[2020-09-11T11:44:56.619+0000][26480][safepoint    ] Safepoint "G1Concurrent", Time since last: 176213700 ns, Reaching safepoint: 155900 ns, At safepoint: 7453600 ns, Total: 7609500 ns
[2020-09-11T11:44:56.619+0000][26480][gc,marking   ] GC(432) Concurrent Rebuild Remembered Sets
[2020-09-11T11:44:56.717+0000][26480][gc,marking   ] GC(432) Concurrent Rebuild Remembered Sets 97.909ms
[2020-09-11T11:44:56.717+0000][26480][gc,start     ] GC(432) Pause Cleanup
[2020-09-11T11:44:56.717+0000][26480][gc           ] GC(432) Pause Cleanup 367M->367M(1024M) 0.365ms
[2020-09-11T11:44:56.717+0000][26480][gc,cpu       ] GC(432) User=0.00s Sys=0.00s Real=0.00s
[2020-09-11T11:44:56.718+0000][26480][safepoint    ] Safepoint "G1Concurrent", Time since last: 98187900 ns, Reaching safepoint: 187200 ns, At safepoint: 590300 ns, Total: 777500 ns
[2020-09-11T11:44:56.718+0000][26480][gc,marking   ] GC(432) Concurrent Cleanup for Next Mark
[2020-09-11T11:44:56.720+0000][26480][gc,marking   ] GC(432) Concurrent Cleanup for Next Mark 2.685ms
[2020-09-11T11:44:56.720+0000][26480][gc           ] GC(432) Concurrent Cycle 286.172ms
[2020-09-11T11:44:56.856+0000][26480][gc,start     ] GC(433) Pause Young (Concurrent Start) (G1 Humongous Allocation)
[2020-09-11T11:44:56.857+0000][26480][gc,task      ] GC(433) Using 8 workers of 8 for evacuation
[2020-09-11T11:44:56.857+0000][26480][gc,age       ] GC(433) Desired survivor size 33554432 bytes, new threshold 15 (max threshold 15)
[2020-09-11T11:44:56.861+0000][26480][gc,age       ] GC(433) Age table with threshold 15 (max threshold 15)
[2020-09-11T11:44:56.861+0000][26480][gc,age       ] GC(433) - age   1:    5257208 bytes,    5257208 total
[2020-09-11T11:44:56.861+0000][26480][gc,age       ] GC(433) - age   2:       3264 bytes,    5260472 total
[2020-09-11T11:44:56.861+0000][26480][gc,age       ] GC(433) - age   3:       1240 bytes,    5261712 total
[2020-09-11T11:44:56.861+0000][26480][gc,age       ] GC(433) - age   4:        648 bytes,    5262360 total
[2020-09-11T11:44:56.861+0000][26480][gc,age       ] GC(433) - age   5:      10704 bytes,    5273064 total
[2020-09-11T11:44:56.861+0000][26480][gc,age       ] GC(433) - age   6:        544 bytes,    5273608 total
[2020-09-11T11:44:56.861+0000][26480][gc,age       ] GC(433) - age   7:      10872 bytes,    5284480 total
[2020-09-11T11:44:56.862+0000][26480][gc,age       ] GC(433) - age   8:        536 bytes,    5285016 total
[2020-09-11T11:44:56.862+0000][26480][gc,age       ] GC(433) - age   9:      51792 bytes,    5336808 total
[2020-09-11T11:44:56.862+0000][26480][gc,age       ] GC(433) - age  10:       2840 bytes,    5339648 total
[2020-09-11T11:44:56.862+0000][26480][gc,age       ] GC(433) - age  11:       1800 bytes,    5341448 total
[2020-09-11T11:44:56.862+0000][26480][gc,age       ] GC(433) - age  12:        672 bytes,    5342120 total
[2020-09-11T11:44:56.862+0000][26480][gc,age       ] GC(433) - age  13:       1664 bytes,    5343784 total
[2020-09-11T11:44:56.862+0000][26480][gc,age       ] GC(433) - age  14:      13032 bytes,    5356816 total
[2020-09-11T11:44:56.862+0000][26480][gc,age       ] GC(433) - age  15:        592 bytes,    5357408 total
[2020-09-11T11:44:56.862+0000][26480][gc,phases    ] GC(433)   Pre Evacuate Collection Set: 0.6ms
[2020-09-11T11:44:56.862+0000][26480][gc,phases    ] GC(433)   Merge Heap Roots: 0.1ms
[2020-09-11T11:44:56.862+0000][26480][gc,phases    ] GC(433)   Evacuate Collection Set: 2.5ms
[2020-09-11T11:44:56.862+0000][26480][gc,phases    ] GC(433)   Post Evacuate Collection Set: 1.0ms
[2020-09-11T11:44:56.862+0000][26480][gc,phases    ] GC(433)   Other: 1.2ms
[2020-09-11T11:44:56.862+0000][26480][gc,heap      ] GC(433) Eden regions: 41->0(498)
[2020-09-11T11:44:56.862+0000][26480][gc,heap      ] GC(433) Survivor regions: 5->6(64)
[2020-09-11T11:44:56.862+0000][26480][gc,heap      ] GC(433) Old regions: 78->78
[2020-09-11T11:44:56.862+0000][26480][gc,heap      ] GC(433) Archive regions: 0->0
[2020-09-11T11:44:56.862+0000][26480][gc,heap      ] GC(433) Humongous regions: 264->174
[2020-09-11T11:44:56.862+0000][26480][gc,metaspace ] GC(433) Metaspace: 88389K(94488K)->88389K(94488K) NonClass: 77214K(80792K)->77214K(80792K) Class: 11175K(13696K)->11175K(13696K)
[2020-09-11T11:44:56.862+0000][26480][gc           ] GC(433) Pause Young (Concurrent Start) (G1 Humongous Allocation) 387M->257M(1024M) 5.912ms
[2020-09-11T11:44:56.862+0000][26480][gc,cpu       ] GC(433) User=0.00s Sys=0.00s Real=0.01s
[2020-09-11T11:44:56.863+0000][26480][gc           ] GC(434) Concurrent Cycle
[2020-09-11T11:44:56.863+0000][26480][safepoint    ] Safepoint "G1TryInitiateConcMark", Time since last: 138221900 ns, Reaching safepoint: 159500 ns, At safepoint: 6187200 ns, Total: 6346700 ns
[2020-09-11T11:44:56.863+0000][26480][gc,marking   ] GC(434) Concurrent Clear Claimed Marks
[2020-09-11T11:44:56.863+0000][26480][gc,marking   ] GC(434) Concurrent Clear Claimed Marks 0.649ms
[2020-09-11T11:44:56.863+0000][26480][gc,marking   ] GC(434) Concurrent Scan Root Regions
[2020-09-11T11:44:56.866+0000][26480][gc,marking   ] GC(434) Concurrent Scan Root Regions 2.744ms
[2020-09-11T11:44:56.866+0000][26480][gc,marking   ] GC(434) Concurrent Mark (7102.001s)
[2020-09-11T11:44:56.867+0000][26480][gc,marking   ] GC(434) Concurrent Mark From Roots
[2020-09-11T11:44:56.867+0000][26480][gc,task      ] GC(434) Using 2 workers of 2 for marking
[2020-09-11T11:44:57.025+0000][26480][gc,marking   ] GC(434) Concurrent Mark From Roots 158.280ms
[2020-09-11T11:44:57.025+0000][26480][gc,marking   ] GC(434) Concurrent Preclean
[2020-09-11T11:44:57.026+0000][26480][gc,marking   ] GC(434) Concurrent Preclean 0.987ms
[2020-09-11T11:44:57.026+0000][26480][gc,marking   ] GC(434) Concurrent Mark (7102.001s, 7102.160s) 159.512ms
[2020-09-11T11:44:57.026+0000][26480][gc,start     ] GC(434) Pause Remark
[2020-09-11T11:44:57.033+0000][26480][gc           ] GC(434) Pause Remark 373M->373M(1024M) 6.781ms
[2020-09-11T11:44:57.033+0000][26480][gc,cpu       ] GC(434) User=0.00s Sys=0.00s Real=0.01s
[2020-09-11T11:44:57.033+0000][26480][safepoint    ] Safepoint "G1Concurrent", Time since last: 163485200 ns, Reaching safepoint: 212600 ns, At safepoint: 7044700 ns, Total: 7257300 ns
[2020-09-11T11:44:57.033+0000][26480][gc,marking   ] GC(434) Concurrent Rebuild Remembered Sets
[2020-09-11T11:44:57.136+0000][26480][gc,marking   ] GC(434) Concurrent Rebuild Remembered Sets 103.103ms
[2020-09-11T11:44:57.137+0000][26480][gc,start     ] GC(434) Pause Cleanup
[2020-09-11T11:44:57.137+0000][26480][gc           ] GC(434) Pause Cleanup 375M->375M(1024M) 0.358ms
[2020-09-11T11:44:57.137+0000][26480][gc,cpu       ] GC(434) User=0.00s Sys=0.00s Real=0.00s
[2020-09-11T11:44:57.137+0000][26480][safepoint    ] Safepoint "G1Concurrent", Time since last: 103328300 ns, Reaching safepoint: 151800 ns, At safepoint: 531600 ns, Total: 683400 ns
[2020-09-11T11:44:57.137+0000][26480][gc,marking   ] GC(434) Concurrent Cleanup for Next Mark
[2020-09-11T11:44:57.139+0000][26480][gc,marking   ] GC(434) Concurrent Cleanup for Next Mark 1.633ms
[2020-09-11T11:44:57.139+0000][26480][gc           ] GC(434) Concurrent Cycle 276.600ms
[2020-09-11T11:44:57.296+0000][26480][gc,start     ] GC(435) Pause Young (Concurrent Start) (G1 Humongous Allocation)
[2020-09-11T11:44:57.296+0000][26480][gc,task      ] GC(435) Using 8 workers of 8 for evacuation
[2020-09-11T11:44:57.296+0000][26480][gc,age       ] GC(435) Desired survivor size 33030144 bytes, new threshold 15 (max threshold 15)
[2020-09-11T11:44:57.300+0000][26480][gc,age       ] GC(435) Age table with threshold 15 (max threshold 15)
[2020-09-11T11:44:57.300+0000][26480][gc,age       ] GC(435) - age   1:    2579128 bytes,    2579128 total
[2020-09-11T11:44:57.300+0000][26480][gc,age       ] GC(435) - age   2:       4344 bytes,    2583472 total
[2020-09-11T11:44:57.300+0000][26480][gc,age       ] GC(435) - age   3:        800 bytes,    2584272 total
[2020-09-11T11:44:57.300+0000][26480][gc,age       ] GC(435) - age   4:       1240 bytes,    2585512 total
[2020-09-11T11:44:57.300+0000][26480][gc,age       ] GC(435) - age   5:        616 bytes,    2586128 total
[2020-09-11T11:44:57.300+0000][26480][gc,age       ] GC(435) - age   6:      10544 bytes,    2596672 total
[2020-09-11T11:44:57.300+0000][26480][gc,age       ] GC(435) - age   7:        512 bytes,    2597184 total
[2020-09-11T11:44:57.300+0000][26480][gc,age       ] GC(435) - age   8:      10872 bytes,    2608056 total
[2020-09-11T11:44:57.300+0000][26480][gc,age       ] GC(435) - age   9:        536 bytes,    2608592 total
[2020-09-11T11:44:57.300+0000][26480][gc,age       ] GC(435) - age  10:      51760 bytes,    2660352 total
[2020-09-11T11:44:57.301+0000][26480][gc,age       ] GC(435) - age  11:       2840 bytes,    2663192 total
[2020-09-11T11:44:57.301+0000][26480][gc,age       ] GC(435) - age  12:       1800 bytes,    2664992 total
[2020-09-11T11:44:57.301+0000][26480][gc,age       ] GC(435) - age  13:        512 bytes,    2665504 total
[2020-09-11T11:44:57.301+0000][26480][gc,age       ] GC(435) - age  14:       1568 bytes,    2667072 total
[2020-09-11T11:44:57.301+0000][26480][gc,age       ] GC(435) - age  15:      13032 bytes,    2680104 total
[2020-09-11T11:44:57.301+0000][26480][gc,phases    ] GC(435)   Pre Evacuate Collection Set: 0.5ms
[2020-09-11T11:44:57.301+0000][26480][gc,phases    ] GC(435)   Merge Heap Roots: 0.1ms
[2020-09-11T11:44:57.301+0000][26480][gc,phases    ] GC(435)   Evacuate Collection Set: 2.2ms
[2020-09-11T11:44:57.301+0000][26480][gc,phases    ] GC(435)   Post Evacuate Collection Set: 0.9ms
[2020-09-11T11:44:57.301+0000][26480][gc,phases    ] GC(435)   Other: 1.1ms
[2020-09-11T11:44:57.301+0000][26480][gc,heap      ] GC(435) Eden regions: 38->0(502)
[2020-09-11T11:44:57.301+0000][26480][gc,heap      ] GC(435) Survivor regions: 6->3(63)
[2020-09-11T11:44:57.301+0000][26480][gc,heap      ] GC(435) Old regions: 78->78
[2020-09-11T11:44:57.301+0000][26480][gc,heap      ] GC(435) Archive regions: 0->0
[2020-09-11T11:44:57.301+0000][26480][gc,heap      ] GC(435) Humongous regions: 270->174
[2020-09-11T11:44:57.301+0000][26480][gc,metaspace ] GC(435) Metaspace: 88390K(94488K)->88390K(94488K) NonClass: 77215K(80792K)->77215K(80792K) Class: 11175K(13696K)->11175K(13696K)
[2020-09-11T11:44:57.301+0000][26480][gc           ] GC(435) Pause Young (Concurrent Start) (G1 Humongous Allocation) 391M->254M(1024M) 5.319ms
[2020-09-11T11:44:57.301+0000][26480][gc,cpu       ] GC(435) User=0.00s Sys=0.00s Real=0.01s
[2020-09-11T11:44:57.302+0000][26480][gc           ] GC(436) Concurrent Cycle
[2020-09-11T11:44:57.302+0000][26480][safepoint    ] Safepoint "G1TryInitiateConcMark", Time since last: 158593100 ns, Reaching safepoint: 175700 ns, At safepoint: 5527800 ns, Total: 5703500 ns
[2020-09-11T11:44:57.302+0000][26480][gc,marking   ] GC(436) Concurrent Clear Claimed Marks
[2020-09-11T11:44:57.302+0000][26480][gc,marking   ] GC(436) Concurrent Clear Claimed Marks 0.658ms
[2020-09-11T11:44:57.302+0000][26480][gc,marking   ] GC(436) Concurrent Scan Root Regions
[2020-09-11T11:44:57.305+0000][26480][gc,marking   ] GC(436) Concurrent Scan Root Regions 2.773ms
[2020-09-11T11:44:57.305+0000][26480][gc,marking   ] GC(436) Concurrent Mark (7102.440s)
[2020-09-11T11:44:57.305+0000][26480][gc,marking   ] GC(436) Concurrent Mark From Roots
[2020-09-11T11:44:57.305+0000][26480][gc,task      ] GC(436) Using 2 workers of 2 for marking
[2020-09-11T11:44:57.469+0000][26480][gc,marking   ] GC(436) Concurrent Mark From Roots 163.327ms
[2020-09-11T11:44:57.469+0000][26480][gc,marking   ] GC(436) Concurrent Preclean
[2020-09-11T11:44:57.469+0000][26480][gc,marking   ] GC(436) Concurrent Preclean 0.576ms
[2020-09-11T11:44:57.469+0000][26480][gc,marking   ] GC(436) Concurrent Mark (7102.440s, 7102.604s) 164.069ms
[2020-09-11T11:44:57.470+0000][26480][gc,start     ] GC(436) Pause Remark
[2020-09-11T11:44:57.476+0000][26480][gc           ] GC(436) Pause Remark 314M->314M(1024M) 5.835ms
[2020-09-11T11:44:57.476+0000][26480][gc,cpu       ] GC(436) User=0.00s Sys=0.00s Real=0.01s
[2020-09-11T11:44:57.476+0000][26480][safepoint    ] Safepoint "G1Concurrent", Time since last: 167957900 ns, Reaching safepoint: 166700 ns, At safepoint: 6076700 ns, Total: 6243400 ns
[2020-09-11T11:44:57.476+0000][26480][gc,marking   ] GC(436) Concurrent Rebuild Remembered Sets
[2020-09-11T11:44:57.570+0000][26480][gc,marking   ] GC(436) Concurrent Rebuild Remembered Sets 94.454ms
[2020-09-11T11:44:57.571+0000][26480][gc,start     ] GC(436) Pause Cleanup
[2020-09-11T11:44:57.571+0000][26480][gc           ] GC(436) Pause Cleanup 318M->318M(1024M) 0.332ms
[2020-09-11T11:44:57.571+0000][26480][gc,cpu       ] GC(436) User=0.00s Sys=0.00s Real=0.00s
[2020-09-11T11:44:57.571+0000][26480][safepoint    ] Safepoint "G1Concurrent", Time since last: 94630500 ns, Reaching safepoint: 184200 ns, At safepoint: 498700 ns, Total: 682900 ns
[2020-09-11T11:44:57.571+0000][26480][gc,marking   ] GC(436) Concurrent Cleanup for Next Mark
[2020-09-11T11:44:57.573+0000][26480][gc,marking   ] GC(436) Concurrent Cleanup for Next Mark 2.183ms
[2020-09-11T11:44:57.573+0000][26480][gc           ] GC(436) Concurrent Cycle 271.913ms
[2020-09-11T11:44:57.593+0000][26480][gc,start     ] GC(437) Pause Young (Concurrent Start) (G1 Humongous Allocation)
[2020-09-11T11:44:57.593+0000][26480][gc,task      ] GC(437) Using 8 workers of 8 for evacuation
[2020-09-11T11:44:57.593+0000][26480][gc,age       ] GC(437) Desired survivor size 33554432 bytes, new threshold 15 (max threshold 15)
[2020-09-11T11:44:57.597+0000][26480][gc,age       ] GC(437) Age table with threshold 15 (max threshold 15)
[2020-09-11T11:44:57.597+0000][26480][gc,age       ] GC(437) - age   1:    2814944 bytes,    2814944 total
[2020-09-11T11:44:57.597+0000][26480][gc,age       ] GC(437) - age   2:       9928 bytes,    2824872 total
[2020-09-11T11:44:57.597+0000][26480][gc,age       ] GC(437) - age   3:       3632 bytes,    2828504 total
[2020-09-11T11:44:57.597+0000][26480][gc,age       ] GC(437) - age   4:        632 bytes,    2829136 total
[2020-09-11T11:44:57.597+0000][26480][gc,age       ] GC(437) - age   5:       1240 bytes,    2830376 total
[2020-09-11T11:44:57.597+0000][26480][gc,age       ] GC(437) - age   6:        456 bytes,    2830832 total
[2020-09-11T11:44:57.597+0000][26480][gc,age       ] GC(437) - age   7:      10512 bytes,    2841344 total
[2020-09-11T11:44:57.597+0000][26480][gc,age       ] GC(437) - age   8:        512 bytes,    2841856 total
[2020-09-11T11:44:57.597+0000][26480][gc,age       ] GC(437) - age   9:      10872 bytes,    2852728 total
[2020-09-11T11:44:57.597+0000][26480][gc,age       ] GC(437) - age  10:        536 bytes,    2853264 total
[2020-09-11T11:44:57.597+0000][26480][gc,age       ] GC(437) - age  11:      51760 bytes,    2905024 total
[2020-09-11T11:44:57.598+0000][26480][gc,age       ] GC(437) - age  12:       2648 bytes,    2907672 total
[2020-09-11T11:44:57.598+0000][26480][gc,age       ] GC(437) - age  13:       1736 bytes,    2909408 total
[2020-09-11T11:44:57.598+0000][26480][gc,age       ] GC(437) - age  14:        448 bytes,    2909856 total
[2020-09-11T11:44:57.598+0000][26480][gc,age       ] GC(437) - age  15:       1408 bytes,    2911264 total
[2020-09-11T11:44:57.598+0000][26480][gc,phases    ] GC(437)   Pre Evacuate Collection Set: 0.5ms
[2020-09-11T11:44:57.598+0000][26480][gc,phases    ] GC(437)   Merge Heap Roots: 0.1ms
[2020-09-11T11:44:57.598+0000][26480][gc,phases    ] GC(437)   Evacuate Collection Set: 2.2ms
[2020-09-11T11:44:57.598+0000][26480][gc,phases    ] GC(437)   Post Evacuate Collection Set: 0.9ms
[2020-09-11T11:44:57.598+0000][26480][gc,phases    ] GC(437)   Other: 1.4ms
[2020-09-11T11:44:57.598+0000][26480][gc,heap      ] GC(437) Eden regions: 23->0(502)
[2020-09-11T11:44:57.598+0000][26480][gc,heap      ] GC(437) Survivor regions: 3->3(64)
[2020-09-11T11:44:57.598+0000][26480][gc,heap      ] GC(437) Old regions: 78->79
[2020-09-11T11:44:57.598+0000][26480][gc,heap      ] GC(437) Archive regions: 0->0
[2020-09-11T11:44:57.598+0000][26480][gc,heap      ] GC(437) Humongous regions: 229->174
[2020-09-11T11:44:57.598+0000][26480][gc,metaspace ] GC(437) Metaspace: 88390K(94488K)->88390K(94488K) NonClass: 77215K(80792K)->77215K(80792K) Class: 11175K(13696K)->11175K(13696K)
[2020-09-11T11:44:57.598+0000][26480][gc           ] GC(437) Pause Young (Concurrent Start) (G1 Humongous Allocation) 332M->254M(1024M) 5.499ms
[2020-09-11T11:44:57.598+0000][26480][gc,cpu       ] GC(437) User=0.00s Sys=0.00s Real=0.01s
[2020-09-11T11:44:57.598+0000][26480][safepoint    ] Safepoint "G1TryInitiateConcMark", Time since last: 21397300 ns, Reaching safepoint: 183500 ns, At safepoint: 5691900 ns, Total: 5875400 ns
[2020-09-11T11:44:57.598+0000][26480][gc           ] GC(438) Concurrent Cycle
[2020-09-11T11:44:57.598+0000][26480][gc,marking   ] GC(438) Concurrent Clear Claimed Marks
[2020-09-11T11:44:57.599+0000][26480][gc,marking   ] GC(438) Concurrent Clear Claimed Marks 0.481ms
[2020-09-11T11:44:57.599+0000][26480][gc,marking   ] GC(438) Concurrent Scan Root Regions
[2020-09-11T11:44:57.603+0000][26480][gc,marking   ] GC(438) Concurrent Scan Root Regions 3.968ms
[2020-09-11T11:44:57.603+0000][26480][gc,marking   ] GC(438) Concurrent Mark (7102.738s)
[2020-09-11T11:44:57.603+0000][26480][gc,marking   ] GC(438) Concurrent Mark From Roots
[2020-09-11T11:44:57.603+0000][26480][gc,task      ] GC(438) Using 2 workers of 2 for marking
[2020-09-11T11:44:57.761+0000][26480][gc,marking   ] GC(438) Concurrent Mark From Roots 158.279ms
[2020-09-11T11:44:57.762+0000][26480][gc,marking   ] GC(438) Concurrent Preclean
[2020-09-11T11:44:57.763+0000][26480][gc,marking   ] GC(438) Concurrent Preclean 0.982ms
[2020-09-11T11:44:57.763+0000][26480][gc,marking   ] GC(438) Concurrent Mark (7102.738s, 7102.897s) 159.549ms
[2020-09-11T11:44:57.763+0000][26480][gc,start     ] GC(438) Pause Remark
[2020-09-11T11:44:57.770+0000][26480][gc           ] GC(438) Pause Remark 305M->305M(1024M) 7.392ms
[2020-09-11T11:44:57.771+0000][26480][gc,cpu       ] GC(438) User=0.00s Sys=0.00s Real=0.01s
[2020-09-11T11:44:57.771+0000][26480][safepoint    ] Safepoint "G1Concurrent", Time since last: 164422100 ns, Reaching safepoint: 170000 ns, At safepoint: 7675900 ns, Total: 7845900 ns
[2020-09-11T11:44:57.771+0000][26480][gc,marking   ] GC(438) Concurrent Rebuild Remembered Sets
[2020-09-11T11:44:57.871+0000][26480][gc,marking   ] GC(438) Concurrent Rebuild Remembered Sets 100.240ms
[2020-09-11T11:44:57.871+0000][26480][gc,start     ] GC(438) Pause Cleanup
[2020-09-11T11:44:57.872+0000][26480][gc           ] GC(438) Pause Cleanup 310M->310M(1024M) 0.353ms
[2020-09-11T11:44:57.872+0000][26480][gc,cpu       ] GC(438) User=0.00s Sys=0.00s Real=0.00s
[2020-09-11T11:44:57.872+0000][26480][safepoint    ] Safepoint "G1Concurrent", Time since last: 100430100 ns, Reaching safepoint: 167100 ns, At safepoint: 580400 ns, Total: 747500 ns
[2020-09-11T11:44:57.872+0000][26480][gc,marking   ] GC(438) Concurrent Cleanup for Next Mark
[2020-09-11T11:44:57.874+0000][26480][gc,marking   ] GC(438) Concurrent Cleanup for Next Mark 1.432ms
[2020-09-11T11:44:57.874+0000][26480][gc           ] GC(438) Concurrent Cycle 275.060ms
[2020-09-11T11:44:57.914+0000][26480][gc,start     ] GC(439) Pause Young (Concurrent Start) (G1 Humongous Allocation)
[2020-09-11T11:44:57.914+0000][26480][gc,task      ] GC(439) Using 8 workers of 8 for evacuation
[2020-09-11T11:44:57.914+0000][26480][gc,age       ] GC(439) Desired survivor size 33554432 bytes, new threshold 15 (max threshold 15)
[2020-09-11T11:44:57.920+0000][26480][gc,age       ] GC(439) Age table with threshold 15 (max threshold 15)
[2020-09-11T11:44:57.920+0000][26480][gc,age       ] GC(439) - age   1:   10347824 bytes,   10347824 total
[2020-09-11T11:44:57.920+0000][26480][gc,age       ] GC(439) - age   2:       8328 bytes,   10356152 total
[2020-09-11T11:44:57.920+0000][26480][gc,age       ] GC(439) - age   3:       7592 bytes,   10363744 total
[2020-09-11T11:44:57.920+0000][26480][gc,age       ] GC(439) - age   4:       2040 bytes,   10365784 total
[2020-09-11T11:44:57.920+0000][26480][gc,age       ] GC(439) - age   5:        480 bytes,   10366264 total
[2020-09-11T11:44:57.920+0000][26480][gc,age       ] GC(439) - age   6:       1008 bytes,   10367272 total
[2020-09-11T11:44:57.920+0000][26480][gc,age       ] GC(439) - age   7:        424 bytes,   10367696 total
[2020-09-11T11:44:57.920+0000][26480][gc,age       ] GC(439) - age   8:      10512 bytes,   10378208 total
[2020-09-11T11:44:57.920+0000][26480][gc,age       ] GC(439) - age   9:        512 bytes,   10378720 total
[2020-09-11T11:44:57.920+0000][26480][gc,age       ] GC(439) - age  10:      10872 bytes,   10389592 total
[2020-09-11T11:44:57.920+0000][26480][gc,age       ] GC(439) - age  11:        472 bytes,   10390064 total
[2020-09-11T11:44:57.920+0000][26480][gc,age       ] GC(439) - age  12:      51632 bytes,   10441696 total
[2020-09-11T11:44:57.920+0000][26480][gc,age       ] GC(439) - age  13:       2616 bytes,   10444312 total
[2020-09-11T11:44:57.920+0000][26480][gc,age       ] GC(439) - age  14:       1448 bytes,   10445760 total
[2020-09-11T11:44:57.920+0000][26480][gc,age       ] GC(439) - age  15:        448 bytes,   10446208 total
[2020-09-11T11:44:57.920+0000][26480][gc,phases    ] GC(439)   Pre Evacuate Collection Set: 0.5ms
[2020-09-11T11:44:57.921+0000][26480][gc,phases    ] GC(439)   Merge Heap Roots: 0.1ms
[2020-09-11T11:44:57.921+0000][26480][gc,phases    ] GC(439)   Evacuate Collection Set: 3.7ms
[2020-09-11T11:44:57.921+0000][26480][gc,phases    ] GC(439)   Post Evacuate Collection Set: 1.1ms
[2020-09-11T11:44:57.921+0000][26480][gc,phases    ] GC(439)   Other: 1.4ms
[2020-09-11T11:44:57.921+0000][26480][gc,heap      ] GC(439) Eden regions: 35->0(488)
[2020-09-11T11:44:57.921+0000][26480][gc,heap      ] GC(439) Survivor regions: 3->11(64)
[2020-09-11T11:44:57.921+0000][26480][gc,heap      ] GC(439) Old regions: 79->79
[2020-09-11T11:44:57.921+0000][26480][gc,heap      ] GC(439) Archive regions: 0->0
[2020-09-11T11:44:57.921+0000][26480][gc,heap      ] GC(439) Humongous regions: 228->174
[2020-09-11T11:44:57.921+0000][26480][gc,metaspace ] GC(439) Metaspace: 88396K(94488K)->88396K(94488K) NonClass: 77220K(80792K)->77220K(80792K) Class: 11175K(13696K)->11175K(13696K)
[2020-09-11T11:44:57.921+0000][26480][gc           ] GC(439) Pause Young (Concurrent Start) (G1 Humongous Allocation) 343M->262M(1024M) 7.278ms
[2020-09-11T11:44:57.921+0000][26480][gc,cpu       ] GC(439) User=0.08s Sys=0.00s Real=0.01s
[2020-09-11T11:44:57.921+0000][26480][gc           ] GC(440) Concurrent Cycle
[2020-09-11T11:44:57.921+0000][26480][gc,marking   ] GC(440) Concurrent Clear Claimed Marks
[2020-09-11T11:44:57.922+0000][26480][safepoint    ] Safepoint "G1TryInitiateConcMark", Time since last: 41305200 ns, Reaching safepoint: 324300 ns, At safepoint: 8209500 ns, Total: 8533800 ns
[2020-09-11T11:44:57.922+0000][26480][gc,marking   ] GC(440) Concurrent Clear Claimed Marks 0.648ms
[2020-09-11T11:44:57.922+0000][26480][gc,marking   ] GC(440) Concurrent Scan Root Regions
[2020-09-11T11:44:57.925+0000][26480][gc,marking   ] GC(440) Concurrent Scan Root Regions 2.743ms
[2020-09-11T11:44:57.925+0000][26480][gc,marking   ] GC(440) Concurrent Mark (7103.059s)
[2020-09-11T11:44:57.925+0000][26480][gc,marking   ] GC(440) Concurrent Mark From Roots
[2020-09-11T11:44:57.925+0000][26480][gc,task      ] GC(440) Using 2 workers of 2 for marking
[2020-09-11T11:44:58.090+0000][26480][gc,marking   ] GC(440) Concurrent Mark From Roots 165.573ms
[2020-09-11T11:44:58.091+0000][26480][gc,marking   ] GC(440) Concurrent Preclean
[2020-09-11T11:44:58.091+0000][26480][gc,marking   ] GC(440) Concurrent Preclean 0.793ms
[2020-09-11T11:44:58.092+0000][26480][gc,marking   ] GC(440) Concurrent Mark (7103.059s, 7103.226s) 166.709ms
[2020-09-11T11:44:58.092+0000][26480][gc,start     ] GC(440) Pause Remark
[2020-09-11T11:44:58.099+0000][26480][gc           ] GC(440) Pause Remark 498M->498M(1024M) 6.548ms
[2020-09-11T11:44:58.099+0000][26480][gc,cpu       ] GC(440) User=0.00s Sys=0.00s Real=0.01s
[2020-09-11T11:44:58.099+0000][26480][safepoint    ] Safepoint "G1Concurrent", Time since last: 170247900 ns, Reaching safepoint: 302500 ns, At safepoint: 6813900 ns, Total: 7116400 ns
[2020-09-11T11:44:58.099+0000][26480][gc,marking   ] GC(440) Concurrent Rebuild Remembered Sets
[2020-09-11T11:44:58.198+0000][26480][gc,marking   ] GC(440) Concurrent Rebuild Remembered Sets 98.897ms
[2020-09-11T11:44:58.199+0000][26480][gc,start     ] GC(440) Pause Cleanup
[2020-09-11T11:44:58.200+0000][26480][gc           ] GC(440) Pause Cleanup 499M->499M(1024M) 0.566ms
[2020-09-11T11:44:58.200+0000][26480][gc,cpu       ] GC(440) User=0.00s Sys=0.00s Real=0.00s
[2020-09-11T11:44:58.203+0000][26480][safepoint    ] Safepoint "G1Concurrent", Time since last: 99147600 ns, Reaching safepoint: 1124500 ns, At safepoint: 3667300 ns, Total: 4791800 ns
[2020-09-11T11:44:58.203+0000][26480][gc,marking   ] GC(440) Concurrent Cleanup for Next Mark
[2020-09-11T11:44:58.205+0000][26480][gc,marking   ] GC(440) Concurrent Cleanup for Next Mark 2.194ms
[2020-09-11T11:44:58.206+0000][26480][gc           ] GC(440) Concurrent Cycle 284.518ms
[2020-09-11T11:44:58.282+0000][26480][gc,start     ] GC(441) Pause Young (Concurrent Start) (G1 Humongous Allocation)
[2020-09-11T11:44:58.282+0000][26480][gc,task      ] GC(441) Using 8 workers of 8 for evacuation
[2020-09-11T11:44:58.283+0000][26480][gc,age       ] GC(441) Desired survivor size 33030144 bytes, new threshold 15 (max threshold 15)
[2020-09-11T11:44:58.287+0000][26480][gc,age       ] GC(441) Age table with threshold 15 (max threshold 15)
[2020-09-11T11:44:58.287+0000][26480][gc,age       ] GC(441) - age   1:     727456 bytes,     727456 total
[2020-09-11T11:44:58.287+0000][26480][gc,age       ] GC(441) - age   2:    2452648 bytes,    3180104 total
[2020-09-11T11:44:58.287+0000][26480][gc,age       ] GC(441) - age   3:       8104 bytes,    3188208 total
[2020-09-11T11:44:58.287+0000][26480][gc,age       ] GC(441) - age   4:       3664 bytes,    3191872 total
[2020-09-11T11:44:58.287+0000][26480][gc,age       ] GC(441) - age   5:       2016 bytes,    3193888 total
[2020-09-11T11:44:58.287+0000][26480][gc,age       ] GC(441) - age   6:        480 bytes,    3194368 total
[2020-09-11T11:44:58.287+0000][26480][gc,age       ] GC(441) - age   7:       1008 bytes,    3195376 total
[2020-09-11T11:44:58.287+0000][26480][gc,age       ] GC(441) - age   8:        424 bytes,    3195800 total
[2020-09-11T11:44:58.287+0000][26480][gc,age       ] GC(441) - age   9:      10512 bytes,    3206312 total
[2020-09-11T11:44:58.287+0000][26480][gc,age       ] GC(441) - age  10:        512 bytes,    3206824 total
[2020-09-11T11:44:58.287+0000][26480][gc,age       ] GC(441) - age  11:      10872 bytes,    3217696 total
[2020-09-11T11:44:58.287+0000][26480][gc,age       ] GC(441) - age  12:        472 bytes,    3218168 total
[2020-09-11T11:44:58.288+0000][26480][gc,age       ] GC(441) - age  13:      48176 bytes,    3266344 total
[2020-09-11T11:44:58.288+0000][26480][gc,age       ] GC(441) - age  14:       2232 bytes,    3268576 total
[2020-09-11T11:44:58.288+0000][26480][gc,age       ] GC(441) - age  15:       1008 bytes,    3269584 total
[2020-09-11T11:44:58.288+0000][26480][gc,phases    ] GC(441)   Pre Evacuate Collection Set: 0.5ms
[2020-09-11T11:44:58.288+0000][26480][gc,phases    ] GC(441)   Merge Heap Roots: 0.1ms
[2020-09-11T11:44:58.288+0000][26480][gc,phases    ] GC(441)   Evacuate Collection Set: 2.5ms
[2020-09-11T11:44:58.288+0000][26480][gc,phases    ] GC(441)   Post Evacuate Collection Set: 1.2ms
[2020-09-11T11:44:58.288+0000][26480][gc,phases    ] GC(441)   Other: 1.0ms
[2020-09-11T11:44:58.288+0000][26480][gc,heap      ] GC(441) Eden regions: 59->0(498)
[2020-09-11T11:44:58.288+0000][26480][gc,heap      ] GC(441) Survivor regions: 11->4(63)
[2020-09-11T11:44:58.288+0000][26480][gc,heap      ] GC(441) Old regions: 79->79
[2020-09-11T11:44:58.288+0000][26480][gc,heap      ] GC(441) Archive regions: 0->0
[2020-09-11T11:44:58.288+0000][26480][gc,heap      ] GC(441) Humongous regions: 365->174
[2020-09-11T11:44:58.288+0000][26480][gc,metaspace ] GC(441) Metaspace: 88396K(94488K)->88396K(94488K) NonClass: 77220K(80792K)->77220K(80792K) Class: 11175K(13696K)->11175K(13696K)
[2020-09-11T11:44:58.288+0000][26480][gc           ] GC(441) Pause Young (Concurrent Start) (G1 Humongous Allocation) 512M->255M(1024M) 5.693ms
[2020-09-11T11:44:58.288+0000][26480][gc,cpu       ] GC(441) User=0.00s Sys=0.00s Real=0.01s
[2020-09-11T11:44:58.288+0000][26480][gc           ] GC(442) Concurrent Cycle
[2020-09-11T11:44:58.288+0000][26480][safepoint    ] Safepoint "G1TryInitiateConcMark", Time since last: 79137800 ns, Reaching safepoint: 170700 ns, At safepoint: 6041600 ns, Total: 6212300 ns
[2020-09-11T11:44:58.288+0000][26480][gc,marking   ] GC(442) Concurrent Clear Claimed Marks
[2020-09-11T11:44:58.289+0000][26480][gc,marking   ] GC(442) Concurrent Clear Claimed Marks 0.509ms
[2020-09-11T11:44:58.289+0000][26480][gc,marking   ] GC(442) Concurrent Scan Root Regions
[2020-09-11T11:44:58.292+0000][26480][gc,marking   ] GC(442) Concurrent Scan Root Regions 3.027ms
[2020-09-11T11:44:58.292+0000][26480][gc,marking   ] GC(442) Concurrent Mark (7103.427s)
[2020-09-11T11:44:58.292+0000][26480][gc,marking   ] GC(442) Concurrent Mark From Roots
[2020-09-11T11:44:58.292+0000][26480][gc,task      ] GC(442) Using 2 workers of 2 for marking
[2020-09-11T11:44:58.430+0000][26480][gc,marking   ] GC(442) Concurrent Mark From Roots 137.667ms
[2020-09-11T11:44:58.430+0000][26480][gc,marking   ] GC(442) Concurrent Preclean
[2020-09-11T11:44:58.431+0000][26480][gc,marking   ] GC(442) Concurrent Preclean 0.584ms
[2020-09-11T11:44:58.431+0000][26480][gc,marking   ] GC(442) Concurrent Mark (7103.427s, 7103.565s) 138.445ms
[2020-09-11T11:44:58.431+0000][26480][gc,start     ] GC(442) Pause Remark
[2020-09-11T11:44:58.438+0000][26480][gc           ] GC(442) Pause Remark 319M->319M(1024M) 6.934ms
[2020-09-11T11:44:58.438+0000][26480][gc,cpu       ] GC(442) User=0.09s Sys=0.00s Real=0.01s
[2020-09-11T11:44:58.438+0000][26480][safepoint    ] Safepoint "G1Concurrent", Time since last: 142321900 ns, Reaching safepoint: 159500 ns, At safepoint: 7178400 ns, Total: 7337900 ns
[2020-09-11T11:44:58.438+0000][26480][gc,marking   ] GC(442) Concurrent Rebuild Remembered Sets
[2020-09-11T11:44:58.533+0000][26480][gc,marking   ] GC(442) Concurrent Rebuild Remembered Sets 94.929ms
[2020-09-11T11:44:58.533+0000][26480][gc,start     ] GC(442) Pause Cleanup
[2020-09-11T11:44:58.534+0000][26480][gc           ] GC(442) Pause Cleanup 324M->324M(1024M) 0.349ms
[2020-09-11T11:44:58.534+0000][26480][gc,cpu       ] GC(442) User=0.00s Sys=0.00s Real=0.00s
[2020-09-11T11:44:58.534+0000][26480][safepoint    ] Safepoint "G1Concurrent", Time since last: 95123800 ns, Reaching safepoint: 153500 ns, At safepoint: 545200 ns, Total: 698700 ns
[2020-09-11T11:44:58.534+0000][26480][gc,marking   ] GC(442) Concurrent Cleanup for Next Mark
[2020-09-11T11:44:58.537+0000][26480][gc,marking   ] GC(442) Concurrent Cleanup for Next Mark 2.887ms
[2020-09-11T11:44:58.537+0000][26480][gc           ] GC(442) Concurrent Cycle 248.613ms
[2020-09-11T11:44:58.576+0000][26480][gc,start     ] GC(443) Pause Young (Concurrent Start) (G1 Humongous Allocation)
[2020-09-11T11:44:58.576+0000][26480][gc,task      ] GC(443) Using 8 workers of 8 for evacuation
[2020-09-11T11:44:58.576+0000][26480][gc,age       ] GC(443) Desired survivor size 33030144 bytes, new threshold 15 (max threshold 15)
[2020-09-11T11:44:58.580+0000][26480][gc,age       ] GC(443) Age table with threshold 15 (max threshold 15)
[2020-09-11T11:44:58.580+0000][26480][gc,age       ] GC(443) - age   1:    3442912 bytes,    3442912 total
[2020-09-11T11:44:58.580+0000][26480][gc,age       ] GC(443) - age   2:     408896 bytes,    3851808 total
[2020-09-11T11:44:58.580+0000][26480][gc,age       ] GC(443) - age   3:       8472 bytes,    3860280 total
[2020-09-11T11:44:58.580+0000][26480][gc,age       ] GC(443) - age   4:       7752 bytes,    3868032 total
[2020-09-11T11:44:58.580+0000][26480][gc,age       ] GC(443) - age   5:       1064 bytes,    3869096 total
[2020-09-11T11:44:58.580+0000][26480][gc,age       ] GC(443) - age   6:       1856 bytes,    3870952 total
[2020-09-11T11:44:58.580+0000][26480][gc,age       ] GC(443) - age   7:        392 bytes,    3871344 total
[2020-09-11T11:44:58.580+0000][26480][gc,age       ] GC(443) - age   8:       1008 bytes,    3872352 total
[2020-09-11T11:44:58.580+0000][26480][gc,age       ] GC(443) - age   9:        424 bytes,    3872776 total
[2020-09-11T11:44:58.580+0000][26480][gc,age       ] GC(443) - age  10:      10512 bytes,    3883288 total
[2020-09-11T11:44:58.580+0000][26480][gc,age       ] GC(443) - age  11:        352 bytes,    3883640 total
[2020-09-11T11:44:58.580+0000][26480][gc,age       ] GC(443) - age  12:      10872 bytes,    3894512 total
[2020-09-11T11:44:58.580+0000][26480][gc,age       ] GC(443) - age  13:        376 bytes,    3894888 total
[2020-09-11T11:44:58.580+0000][26480][gc,age       ] GC(443) - age  14:      45344 bytes,    3940232 total
[2020-09-11T11:44:58.580+0000][26480][gc,age       ] GC(443) - age  15:       2152 bytes,    3942384 total
[2020-09-11T11:44:58.580+0000][26480][gc,phases    ] GC(443)   Pre Evacuate Collection Set: 0.4ms
[2020-09-11T11:44:58.580+0000][26480][gc,phases    ] GC(443)   Merge Heap Roots: 0.1ms
[2020-09-11T11:44:58.580+0000][26480][gc,phases    ] GC(443)   Evacuate Collection Set: 2.2ms
[2020-09-11T11:44:58.580+0000][26480][gc,phases    ] GC(443)   Post Evacuate Collection Set: 0.6ms
[2020-09-11T11:44:58.580+0000][26480][gc,phases    ] GC(443)   Other: 0.8ms
[2020-09-11T11:44:58.580+0000][26480][gc,heap      ] GC(443) Eden regions: 26->0(474)
[2020-09-11T11:44:58.580+0000][26480][gc,heap      ] GC(443) Survivor regions: 4->4(63)
[2020-09-11T11:44:58.580+0000][26480][gc,heap      ] GC(443) Old regions: 79->79
[2020-09-11T11:44:58.581+0000][26480][gc,heap      ] GC(443) Archive regions: 0->0
[2020-09-11T11:44:58.581+0000][26480][gc,heap      ] GC(443) Humongous regions: 228->174
[2020-09-11T11:44:58.581+0000][26480][gc,metaspace ] GC(443) Metaspace: 88396K(94488K)->88396K(94488K) NonClass: 77220K(80792K)->77220K(80792K) Class: 11175K(13696K)->11175K(13696K)
[2020-09-11T11:44:58.581+0000][26480][gc           ] GC(443) Pause Young (Concurrent Start) (G1 Humongous Allocation) 334M->255M(1024M) 4.403ms
[2020-09-11T11:44:58.581+0000][26480][gc,cpu       ] GC(443) User=0.00s Sys=0.00s Real=0.01s
[2020-09-11T11:44:58.581+0000][26480][gc           ] GC(444) Concurrent Cycle
[2020-09-11T11:44:58.581+0000][26480][safepoint    ] Safepoint "G1TryInitiateConcMark", Time since last: 42147900 ns, Reaching safepoint: 187200 ns, At safepoint: 4576400 ns, Total: 4763600 ns
[2020-09-11T11:44:58.581+0000][26480][gc,marking   ] GC(444) Concurrent Clear Claimed Marks
[2020-09-11T11:44:58.581+0000][26480][gc,marking   ] GC(444) Concurrent Clear Claimed Marks 0.598ms
[2020-09-11T11:44:58.581+0000][26480][gc,marking   ] GC(444) Concurrent Scan Root Regions
[2020-09-11T11:44:58.584+0000][26480][gc,marking   ] GC(444) Concurrent Scan Root Regions 2.862ms
[2020-09-11T11:44:58.584+0000][26480][gc,marking   ] GC(444) Concurrent Mark (7103.719s)
[2020-09-11T11:44:58.584+0000][26480][gc,marking   ] GC(444) Concurrent Mark From Roots
[2020-09-11T11:44:58.585+0000][26480][gc,task      ] GC(444) Using 2 workers of 2 for marking
[2020-09-11T11:44:58.720+0000][26480][gc,marking   ] GC(444) Concurrent Mark From Roots 135.750ms
[2020-09-11T11:44:58.720+0000][26480][gc,marking   ] GC(444) Concurrent Preclean
[2020-09-11T11:44:58.721+0000][26480][gc,marking   ] GC(444) Concurrent Preclean 0.891ms
[2020-09-11T11:44:58.721+0000][26480][gc,marking   ] GC(444) Concurrent Mark (7103.719s, 7103.856s) 136.842ms
[2020-09-11T11:44:58.721+0000][26480][gc,start     ] GC(444) Pause Remark
[2020-09-11T11:44:58.730+0000][26480][gc           ] GC(444) Pause Remark 314M->314M(1024M) 8.049ms
[2020-09-11T11:44:58.730+0000][26480][gc,cpu       ] GC(444) User=0.08s Sys=0.02s Real=0.01s
[2020-09-11T11:44:58.730+0000][26480][safepoint    ] Safepoint "G1Concurrent", Time since last: 140615000 ns, Reaching safepoint: 140200 ns, At safepoint: 8330300 ns, Total: 8470500 ns
[2020-09-11T11:44:58.730+0000][26480][gc,marking   ] GC(444) Concurrent Rebuild Remembered Sets
[2020-09-11T11:44:58.834+0000][26480][gc,marking   ] GC(444) Concurrent Rebuild Remembered Sets 103.960ms
[2020-09-11T11:44:58.834+0000][26480][gc,start     ] GC(444) Pause Cleanup
[2020-09-11T11:44:58.835+0000][26480][gc           ] GC(444) Pause Cleanup 382M->382M(1024M) 0.807ms
[2020-09-11T11:44:58.835+0000][26480][gc,cpu       ] GC(444) User=0.00s Sys=0.00s Real=0.00s
[2020-09-11T11:44:58.835+0000][26480][safepoint    ] Safepoint "G1Concurrent", Time since last: 104206800 ns, Reaching safepoint: 328200 ns, At safepoint: 1145900 ns, Total: 1474100 ns
[2020-09-11T11:44:58.836+0000][26480][gc,marking   ] GC(444) Concurrent Cleanup for Next Mark
[2020-09-11T11:44:58.838+0000][26480][gc,marking   ] GC(444) Concurrent Cleanup for Next Mark 2.170ms
[2020-09-11T11:44:58.838+0000][26480][gc           ] GC(444) Concurrent Cycle 257.246ms
[2020-09-11T11:44:59.105+0000][26480][gc,start     ] GC(445) Pause Young (Concurrent Start) (G1 Humongous Allocation)
[2020-09-11T11:44:59.105+0000][26480][gc,task      ] GC(445) Using 8 workers of 8 for evacuation
[2020-09-11T11:44:59.105+0000][26480][gc,age       ] GC(445) Desired survivor size 31457280 bytes, new threshold 15 (max threshold 15)
[2020-09-11T11:44:59.109+0000][26480][gc,age       ] GC(445) Age table with threshold 15 (max threshold 15)
[2020-09-11T11:44:59.109+0000][26480][gc,age       ] GC(445) - age   1:    3312496 bytes,    3312496 total
[2020-09-11T11:44:59.109+0000][26480][gc,age       ] GC(445) - age   2:     396120 bytes,    3708616 total
[2020-09-11T11:44:59.109+0000][26480][gc,age       ] GC(445) - age   3:     207320 bytes,    3915936 total
[2020-09-11T11:44:59.109+0000][26480][gc,age       ] GC(445) - age   4:       5680 bytes,    3921616 total
[2020-09-11T11:44:59.109+0000][26480][gc,age       ] GC(445) - age   5:       7320 bytes,    3928936 total
[2020-09-11T11:44:59.109+0000][26480][gc,age       ] GC(445) - age   6:        968 bytes,    3929904 total
[2020-09-11T11:44:59.109+0000][26480][gc,age       ] GC(445) - age   7:       1824 bytes,    3931728 total
[2020-09-11T11:44:59.109+0000][26480][gc,age       ] GC(445) - age   8:        392 bytes,    3932120 total
[2020-09-11T11:44:59.109+0000][26480][gc,age       ] GC(445) - age   9:        976 bytes,    3933096 total
[2020-09-11T11:44:59.109+0000][26480][gc,age       ] GC(445) - age  10:        328 bytes,    3933424 total
[2020-09-11T11:44:59.109+0000][26480][gc,age       ] GC(445) - age  11:      10480 bytes,    3943904 total
[2020-09-11T11:44:59.109+0000][26480][gc,age       ] GC(445) - age  12:        256 bytes,    3944160 total
[2020-09-11T11:44:59.110+0000][26480][gc,age       ] GC(445) - age  13:      10808 bytes,    3954968 total
[2020-09-11T11:44:59.110+0000][26480][gc,age       ] GC(445) - age  14:        344 bytes,    3955312 total
[2020-09-11T11:44:59.110+0000][26480][gc,age       ] GC(445) - age  15:      45344 bytes,    4000656 total
[2020-09-11T11:44:59.110+0000][26480][gc,phases    ] GC(445)   Pre Evacuate Collection Set: 0.5ms
[2020-09-11T11:44:59.110+0000][26480][gc,phases    ] GC(445)   Merge Heap Roots: 0.1ms
[2020-09-11T11:44:59.110+0000][26480][gc,phases    ] GC(445)   Evacuate Collection Set: 2.3ms
[2020-09-11T11:44:59.110+0000][26480][gc,phases    ] GC(445)   Post Evacuate Collection Set: 0.9ms
[2020-09-11T11:44:59.110+0000][26480][gc,phases    ] GC(445)   Other: 1.3ms
[2020-09-11T11:44:59.110+0000][26480][gc,heap      ] GC(445) Eden regions: 38->0(480)
[2020-09-11T11:44:59.110+0000][26480][gc,heap      ] GC(445) Survivor regions: 4->4(60)
[2020-09-11T11:44:59.110+0000][26480][gc,heap      ] GC(445) Old regions: 79->79
[2020-09-11T11:44:59.110+0000][26480][gc,heap      ] GC(445) Archive regions: 0->0
[2020-09-11T11:44:59.110+0000][26480][gc,heap      ] GC(445) Humongous regions: 276->174
[2020-09-11T11:44:59.110+0000][26480][gc,metaspace ] GC(445) Metaspace: 88396K(94488K)->88396K(94488K) NonClass: 77220K(80792K)->77220K(80792K) Class: 11175K(13696K)->11175K(13696K)
[2020-09-11T11:44:59.110+0000][26480][gc           ] GC(445) Pause Young (Concurrent Start) (G1 Humongous Allocation) 395M->255M(1024M) 5.437ms
[2020-09-11T11:44:59.110+0000][26480][gc,cpu       ] GC(445) User=0.00s Sys=0.00s Real=0.00s
[2020-09-11T11:44:59.110+0000][26480][safepoint    ] Safepoint "G1TryInitiateConcMark", Time since last: 269122000 ns, Reaching safepoint: 204600 ns, At safepoint: 5672100 ns, Total: 5876700 ns
[2020-09-11T11:44:59.110+0000][26480][gc           ] GC(446) Concurrent Cycle
[2020-09-11T11:44:59.110+0000][26480][gc,marking   ] GC(446) Concurrent Clear Claimed Marks
[2020-09-11T11:44:59.111+0000][26480][gc,marking   ] GC(446) Concurrent Clear Claimed Marks 0.706ms
[2020-09-11T11:44:59.111+0000][26480][gc,marking   ] GC(446) Concurrent Scan Root Regions
[2020-09-11T11:44:59.114+0000][26480][gc,marking   ] GC(446) Concurrent Scan Root Regions 3.105ms
[2020-09-11T11:44:59.114+0000][26480][gc,marking   ] GC(446) Concurrent Mark (7104.249s)
[2020-09-11T11:44:59.115+0000][26480][gc,marking   ] GC(446) Concurrent Mark From Roots
[2020-09-11T11:44:59.115+0000][26480][gc,task      ] GC(446) Using 2 workers of 2 for marking
[2020-09-11T11:44:59.290+0000][26480][gc,marking   ] GC(446) Concurrent Mark From Roots 175.143ms
[2020-09-11T11:44:59.290+0000][26480][gc,marking   ] GC(446) Concurrent Preclean
[2020-09-11T11:44:59.291+0000][26480][gc,marking   ] GC(446) Concurrent Preclean 0.865ms
[2020-09-11T11:44:59.291+0000][26480][gc,marking   ] GC(446) Concurrent Mark (7104.249s, 7104.425s) 176.231ms
[2020-09-11T11:44:59.291+0000][26480][gc,start     ] GC(446) Pause Remark
[2020-09-11T11:44:59.298+0000][26480][gc           ] GC(446) Pause Remark 318M->318M(1024M) 7.020ms
[2020-09-11T11:44:59.298+0000][26480][gc,cpu       ] GC(446) User=0.00s Sys=0.00s Real=0.01s
[2020-09-11T11:44:59.298+0000][26480][safepoint    ] Safepoint "G1Concurrent", Time since last: 180523800 ns, Reaching safepoint: 247800 ns, At safepoint: 7298300 ns, Total: 7546100 ns
[2020-09-11T11:44:59.298+0000][26480][gc,marking   ] GC(446) Concurrent Rebuild Remembered Sets
[2020-09-11T11:44:59.400+0000][26480][gc,marking   ] GC(446) Concurrent Rebuild Remembered Sets 100.906ms
[2020-09-11T11:44:59.400+0000][26480][gc,start     ] GC(446) Pause Cleanup
[2020-09-11T11:44:59.400+0000][26480][gc           ] GC(446) Pause Cleanup 320M->320M(1024M) 0.371ms
[2020-09-11T11:44:59.401+0000][26480][gc,cpu       ] GC(446) User=0.00s Sys=0.00s Real=0.00s
[2020-09-11T11:44:59.401+0000][26480][safepoint    ] Safepoint "G1Concurrent", Time since last: 101084300 ns, Reaching safepoint: 162600 ns, At safepoint: 641300 ns, Total: 803900 ns
[2020-09-11T11:44:59.401+0000][26480][gc,marking   ] GC(446) Concurrent Cleanup for Next Mark
[2020-09-11T11:44:59.403+0000][26480][gc,marking   ] GC(446) Concurrent Cleanup for Next Mark 2.023ms
[2020-09-11T11:44:59.403+0000][26480][gc           ] GC(446) Concurrent Cycle 292.190ms
[2020-09-11T11:44:59.467+0000][26480][gc,start     ] GC(447) Pause Young (Concurrent Start) (G1 Humongous Allocation)
[2020-09-11T11:44:59.467+0000][26480][gc,task      ] GC(447) Using 8 workers of 8 for evacuation
[2020-09-11T11:44:59.467+0000][26480][gc,age       ] GC(447) Desired survivor size 31981568 bytes, new threshold 15 (max threshold 15)
[2020-09-11T11:44:59.472+0000][26480][gc,age       ] GC(447) Age table with threshold 15 (max threshold 15)
[2020-09-11T11:44:59.472+0000][26480][gc,age       ] GC(447) - age   1:    3068240 bytes,    3068240 total
[2020-09-11T11:44:59.472+0000][26480][gc,age       ] GC(447) - age   2:     411328 bytes,    3479568 total
[2020-09-11T11:44:59.472+0000][26480][gc,age       ] GC(447) - age   3:     201520 bytes,    3681088 total
[2020-09-11T11:44:59.472+0000][26480][gc,age       ] GC(447) - age   4:     199568 bytes,    3880656 total
[2020-09-11T11:44:59.472+0000][26480][gc,age       ] GC(447) - age   5:       5288 bytes,    3885944 total
[2020-09-11T11:44:59.472+0000][26480][gc,age       ] GC(447) - age   6:       7288 bytes,    3893232 total
[2020-09-11T11:44:59.472+0000][26480][gc,age       ] GC(447) - age   7:        968 bytes,    3894200 total
[2020-09-11T11:44:59.472+0000][26480][gc,age       ] GC(447) - age   8:       1824 bytes,    3896024 total
[2020-09-11T11:44:59.472+0000][26480][gc,age       ] GC(447) - age   9:        392 bytes,    3896416 total
[2020-09-11T11:44:59.472+0000][26480][gc,age       ] GC(447) - age  10:        976 bytes,    3897392 total
[2020-09-11T11:44:59.472+0000][26480][gc,age       ] GC(447) - age  11:        328 bytes,    3897720 total
[2020-09-11T11:44:59.472+0000][26480][gc,age       ] GC(447) - age  12:      10448 bytes,    3908168 total
[2020-09-11T11:44:59.473+0000][26480][gc,age       ] GC(447) - age  13:        224 bytes,    3908392 total
[2020-09-11T11:44:59.473+0000][26480][gc,age       ] GC(447) - age  14:      10808 bytes,    3919200 total
[2020-09-11T11:44:59.473+0000][26480][gc,age       ] GC(447) - age  15:        344 bytes,    3919544 total
[2020-09-11T11:44:59.473+0000][26480][gc,phases    ] GC(447)   Pre Evacuate Collection Set: 0.5ms
[2020-09-11T11:44:59.473+0000][26480][gc,phases    ] GC(447)   Merge Heap Roots: 0.1ms
[2020-09-11T11:44:59.473+0000][26480][gc,phases    ] GC(447)   Evacuate Collection Set: 3.7ms
[2020-09-11T11:44:59.473+0000][26480][gc,phases    ] GC(447)   Post Evacuate Collection Set: 0.8ms
[2020-09-11T11:44:59.473+0000][26480][gc,phases    ] GC(447)   Other: 1.1ms
[2020-09-11T11:44:59.473+0000][26480][gc,heap      ] GC(447) Eden regions: 22->0(485)
[2020-09-11T11:44:59.473+0000][26480][gc,heap      ] GC(447) Survivor regions: 4->4(61)
[2020-09-11T11:44:59.473+0000][26480][gc,heap      ] GC(447) Old regions: 79->79
[2020-09-11T11:44:59.473+0000][26480][gc,heap      ] GC(447) Archive regions: 0->0
[2020-09-11T11:44:59.473+0000][26480][gc,heap      ] GC(447) Humongous regions: 228->174
[2020-09-11T11:44:59.473+0000][26480][gc,metaspace ] GC(447) Metaspace: 88396K(94488K)->88396K(94488K) NonClass: 77220K(80792K)->77220K(80792K) Class: 11175K(13696K)->11175K(13696K)
[2020-09-11T11:44:59.473+0000][26480][gc           ] GC(447) Pause Young (Concurrent Start) (G1 Humongous Allocation) 331M->255M(1024M) 6.747ms
[2020-09-11T11:44:59.473+0000][26480][gc,cpu       ] GC(447) User=0.00s Sys=0.00s Real=0.01s
[2020-09-11T11:44:59.473+0000][26480][gc           ] GC(448) Concurrent Cycle
[2020-09-11T11:44:59.473+0000][26480][safepoint    ] Safepoint "G1TryInitiateConcMark", Time since last: 65643500 ns, Reaching safepoint: 189900 ns, At safepoint: 6950500 ns, Total: 7140400 ns
[2020-09-11T11:44:59.473+0000][26480][gc,marking   ] GC(448) Concurrent Clear Claimed Marks
[2020-09-11T11:44:59.474+0000][26480][gc,marking   ] GC(448) Concurrent Clear Claimed Marks 0.557ms
[2020-09-11T11:44:59.474+0000][26480][gc,marking   ] GC(448) Concurrent Scan Root Regions
[2020-09-11T11:44:59.477+0000][26480][gc,marking   ] GC(448) Concurrent Scan Root Regions 3.175ms
[2020-09-11T11:44:59.477+0000][26480][gc,marking   ] GC(448) Concurrent Mark (7104.612s)
[2020-09-11T11:44:59.477+0000][26480][gc,marking   ] GC(448) Concurrent Mark From Roots
[2020-09-11T11:44:59.477+0000][26480][gc,task      ] GC(448) Using 2 workers of 2 for marking
[2020-09-11T11:44:59.648+0000][26480][gc,marking   ] GC(448) Concurrent Mark From Roots 170.143ms
[2020-09-11T11:44:59.648+0000][26480][gc,marking   ] GC(448) Concurrent Preclean
[2020-09-11T11:44:59.649+0000][26480][gc,marking   ] GC(448) Concurrent Preclean 0.938ms
[2020-09-11T11:44:59.649+0000][26480][gc,marking   ] GC(448) Concurrent Mark (7104.612s, 7104.783s) 171.294ms
[2020-09-11T11:44:59.649+0000][26480][gc,start     ] GC(448) Pause Remark
[2020-09-11T11:44:59.657+0000][26480][gc           ] GC(448) Pause Remark 316M->316M(1024M) 7.508ms
[2020-09-11T11:44:59.657+0000][26480][gc,cpu       ] GC(448) User=0.09s Sys=0.00s Real=0.01s
[2020-09-11T11:44:59.657+0000][26480][safepoint    ] Safepoint "G1Concurrent", Time since last: 175400400 ns, Reaching safepoint: 146900 ns, At safepoint: 7767300 ns, Total: 7914200 ns
[2020-09-11T11:44:59.657+0000][26480][gc,marking   ] GC(448) Concurrent Rebuild Remembered Sets
[2020-09-11T11:44:59.756+0000][26480][gc,marking   ] GC(448) Concurrent Rebuild Remembered Sets 99.298ms
[2020-09-11T11:44:59.756+0000][26480][gc,start     ] GC(448) Pause Cleanup
[2020-09-11T11:44:59.757+0000][26480][gc           ] GC(448) Pause Cleanup 316M->316M(1024M) 0.368ms
[2020-09-11T11:44:59.757+0000][26480][gc,cpu       ] GC(448) User=0.00s Sys=0.00s Real=0.00s
[2020-09-11T11:44:59.757+0000][26480][safepoint    ] Safepoint "G1Concurrent", Time since last: 99529000 ns, Reaching safepoint: 164600 ns, At safepoint: 565700 ns, Total: 730300 ns
[2020-09-11T11:44:59.757+0000][26480][gc,marking   ] GC(448) Concurrent Cleanup for Next Mark
[2020-09-11T11:44:59.759+0000][26480][gc,marking   ] GC(448) Concurrent Cleanup for Next Mark 1.843ms
[2020-09-11T11:44:59.759+0000][26480][gc           ] GC(448) Concurrent Cycle 285.645ms
[2020-09-11T11:44:59.843+0000][26480][gc,start     ] GC(449) Pause Young (Concurrent Start) (G1 Humongous Allocation)
[2020-09-11T11:44:59.844+0000][26480][gc,task      ] GC(449) Using 8 workers of 8 for evacuation
[2020-09-11T11:44:59.844+0000][26480][gc,age       ] GC(449) Desired survivor size 32505856 bytes, new threshold 15 (max threshold 15)
[2020-09-11T11:44:59.848+0000][26480][gc,age       ] GC(449) Age table with threshold 15 (max threshold 15)
[2020-09-11T11:44:59.848+0000][26480][gc,age       ] GC(449) - age   1:    2879808 bytes,    2879808 total
[2020-09-11T11:44:59.848+0000][26480][gc,age       ] GC(449) - age   2:     206456 bytes,    3086264 total
[2020-09-11T11:44:59.848+0000][26480][gc,age       ] GC(449) - age   3:     406704 bytes,    3492968 total
[2020-09-11T11:44:59.848+0000][26480][gc,age       ] GC(449) - age   4:       4296 bytes,    3497264 total
[2020-09-11T11:44:59.848+0000][26480][gc,age       ] GC(449) - age   5:     198872 bytes,    3696136 total
[2020-09-11T11:44:59.848+0000][26480][gc,age       ] GC(449) - age   6:       4920 bytes,    3701056 total
[2020-09-11T11:44:59.848+0000][26480][gc,age       ] GC(449) - age   7:       7288 bytes,    3708344 total
[2020-09-11T11:44:59.848+0000][26480][gc,age       ] GC(449) - age   8:        968 bytes,    3709312 total
[2020-09-11T11:44:59.848+0000][26480][gc,age       ] GC(449) - age   9:       1824 bytes,    3711136 total
[2020-09-11T11:44:59.848+0000][26480][gc,age       ] GC(449) - age  10:        392 bytes,    3711528 total
[2020-09-11T11:44:59.848+0000][26480][gc,age       ] GC(449) - age  11:        976 bytes,    3712504 total
[2020-09-11T11:44:59.848+0000][26480][gc,age       ] GC(449) - age  12:        232 bytes,    3712736 total
[2020-09-11T11:44:59.849+0000][26480][gc,age       ] GC(449) - age  13:      10416 bytes,    3723152 total
[2020-09-11T11:44:59.849+0000][26480][gc,age       ] GC(449) - age  14:        224 bytes,    3723376 total
[2020-09-11T11:44:59.849+0000][26480][gc,age       ] GC(449) - age  15:      10808 bytes,    3734184 total
[2020-09-11T11:44:59.849+0000][26480][gc,phases    ] GC(449)   Pre Evacuate Collection Set: 0.6ms
[2020-09-11T11:44:59.849+0000][26480][gc,phases    ] GC(449)   Merge Heap Roots: 0.1ms
[2020-09-11T11:44:59.849+0000][26480][gc,phases    ] GC(449)   Evacuate Collection Set: 2.5ms
[2020-09-11T11:44:59.849+0000][26480][gc,phases    ] GC(449)   Post Evacuate Collection Set: 0.9ms
[2020-09-11T11:44:59.849+0000][26480][gc,phases    ] GC(449)   Other: 1.2ms
[2020-09-11T11:44:59.849+0000][26480][gc,heap      ] GC(449) Eden regions: 22->0(489)
[2020-09-11T11:44:59.849+0000][26480][gc,heap      ] GC(449) Survivor regions: 4->4(62)
[2020-09-11T11:44:59.849+0000][26480][gc,heap      ] GC(449) Old regions: 79->79
[2020-09-11T11:44:59.849+0000][26480][gc,heap      ] GC(449) Archive regions: 0->0
[2020-09-11T11:44:59.849+0000][26480][gc,heap      ] GC(449) Humongous regions: 228->174
[2020-09-11T11:44:59.849+0000][26480][gc,metaspace ] GC(449) Metaspace: 88397K(94488K)->88397K(94488K) NonClass: 77222K(80792K)->77222K(80792K) Class: 11175K(13696K)->11175K(13696K)
[2020-09-11T11:44:59.849+0000][26480][gc           ] GC(449) Pause Young (Concurrent Start) (G1 Humongous Allocation) 331M->255M(1024M) 5.751ms
[2020-09-11T11:44:59.849+0000][26480][gc,cpu       ] GC(449) User=0.00s Sys=0.00s Real=0.01s
[2020-09-11T11:44:59.849+0000][26480][gc           ] GC(450) Concurrent Cycle
[2020-09-11T11:44:59.849+0000][26480][safepoint    ] Safepoint "G1TryInitiateConcMark", Time since last: 86091400 ns, Reaching safepoint: 206300 ns, At safepoint: 6027500 ns, Total: 6233800 ns
[2020-09-11T11:44:59.849+0000][26480][gc,marking   ] GC(450) Concurrent Clear Claimed Marks
[2020-09-11T11:44:59.850+0000][26480][gc,marking   ] GC(450) Concurrent Clear Claimed Marks 0.576ms
[2020-09-11T11:44:59.850+0000][26480][gc,marking   ] GC(450) Concurrent Scan Root Regions
[2020-09-11T11:44:59.853+0000][26480][gc,marking   ] GC(450) Concurrent Scan Root Regions 3.369ms
[2020-09-11T11:44:59.854+0000][26480][gc,marking   ] GC(450) Concurrent Mark (7104.988s)
[2020-09-11T11:44:59.854+0000][26480][gc,marking   ] GC(450) Concurrent Mark From Roots
[2020-09-11T11:44:59.854+0000][26480][gc,task      ] GC(450) Using 2 workers of 2 for marking
[2020-09-11T11:45:00.016+0000][26480][gc,marking   ] GC(450) Concurrent Mark From Roots 162.609ms
[2020-09-11T11:45:00.016+0000][26480][gc,marking   ] GC(450) Concurrent Preclean
[2020-09-11T11:45:00.017+0000][26480][gc,marking   ] GC(450) Concurrent Preclean 0.960ms
[2020-09-11T11:45:00.017+0000][26480][gc,marking   ] GC(450) Concurrent Mark (7104.988s, 7105.152s) 163.807ms
[2020-09-11T11:45:00.018+0000][26480][gc,start     ] GC(450) Pause Remark
[2020-09-11T11:45:00.025+0000][26480][gc           ] GC(450) Pause Remark 309M->309M(1024M) 7.670ms
[2020-09-11T11:45:00.025+0000][26480][gc,cpu       ] GC(450) User=0.00s Sys=0.00s Real=0.01s
[2020-09-11T11:45:00.026+0000][26480][safepoint    ] Safepoint "G1Concurrent", Time since last: 168139200 ns, Reaching safepoint: 186900 ns, At safepoint: 8099700 ns, Total: 8286600 ns
[2020-09-11T11:45:00.026+0000][26480][gc,marking   ] GC(450) Concurrent Rebuild Remembered Sets
[2020-09-11T11:45:00.123+0000][26480][gc,marking   ] GC(450) Concurrent Rebuild Remembered Sets 97.394ms
[2020-09-11T11:45:00.124+0000][26480][gc,start     ] GC(450) Pause Cleanup
[2020-09-11T11:45:00.124+0000][26480][gc           ] GC(450) Pause Cleanup 309M->309M(1024M) 0.383ms
[2020-09-11T11:45:00.124+0000][26480][gc,cpu       ] GC(450) User=0.00s Sys=0.00s Real=0.00s
[2020-09-11T11:45:00.124+0000][26480][safepoint    ] Safepoint "G1Concurrent", Time since last: 97620400 ns, Reaching safepoint: 178800 ns, At safepoint: 583800 ns, Total: 762600 ns
[2020-09-11T11:45:00.124+0000][26480][gc,marking   ] GC(450) Concurrent Cleanup for Next Mark
[2020-09-11T11:45:00.126+0000][26480][gc,marking   ] GC(450) Concurrent Cleanup for Next Mark 1.820ms
[2020-09-11T11:45:00.126+0000][26480][gc           ] GC(450) Concurrent Cycle 276.869ms
[2020-09-11T11:45:00.330+0000][26480][gc,start     ] GC(451) Pause Young (Concurrent Start) (G1 Humongous Allocation)
[2020-09-11T11:45:00.330+0000][26480][gc,task      ] GC(451) Using 8 workers of 8 for evacuation
[2020-09-11T11:45:00.330+0000][26480][gc,age       ] GC(451) Desired survivor size 32505856 bytes, new threshold 15 (max threshold 15)
[2020-09-11T11:45:00.333+0000][26480][gc,age       ] GC(451) Age table with threshold 15 (max threshold 15)
[2020-09-11T11:45:00.334+0000][26480][gc,age       ] GC(451) - age   1:    2326896 bytes,    2326896 total
[2020-09-11T11:45:00.334+0000][26480][gc,age       ] GC(451) - age   2:       1416 bytes,    2328312 total
[2020-09-11T11:45:00.334+0000][26480][gc,age       ] GC(451) - age   3:       1256 bytes,    2329568 total
[2020-09-11T11:45:00.334+0000][26480][gc,age       ] GC(451) - age   4:       2080 bytes,    2331648 total
[2020-09-11T11:45:00.334+0000][26480][gc,age       ] GC(451) - age   5:       2640 bytes,    2334288 total
[2020-09-11T11:45:00.334+0000][26480][gc,age       ] GC(451) - age   6:        784 bytes,    2335072 total
[2020-09-11T11:45:00.334+0000][26480][gc,age       ] GC(451) - age   7:       4216 bytes,    2339288 total
[2020-09-11T11:45:00.334+0000][26480][gc,age       ] GC(451) - age   8:       7192 bytes,    2346480 total
[2020-09-11T11:45:00.334+0000][26480][gc,age       ] GC(451) - age   9:        464 bytes,    2346944 total
[2020-09-11T11:45:00.334+0000][26480][gc,age       ] GC(451) - age  10:       1760 bytes,    2348704 total
[2020-09-11T11:45:00.334+0000][26480][gc,age       ] GC(451) - age  11:        392 bytes,    2349096 total
[2020-09-11T11:45:00.334+0000][26480][gc,age       ] GC(451) - age  12:        944 bytes,    2350040 total
[2020-09-11T11:45:00.334+0000][26480][gc,age       ] GC(451) - age  13:        200 bytes,    2350240 total
[2020-09-11T11:45:00.334+0000][26480][gc,age       ] GC(451) - age  14:      10416 bytes,    2360656 total
[2020-09-11T11:45:00.334+0000][26480][gc,age       ] GC(451) - age  15:        224 bytes,    2360880 total
[2020-09-11T11:45:00.334+0000][26480][gc,phases    ] GC(451)   Pre Evacuate Collection Set: 0.5ms
[2020-09-11T11:45:00.334+0000][26480][gc,phases    ] GC(451)   Merge Heap Roots: 0.1ms
[2020-09-11T11:45:00.334+0000][26480][gc,phases    ] GC(451)   Evacuate Collection Set: 1.9ms
[2020-09-11T11:45:00.334+0000][26480][gc,phases    ] GC(451)   Post Evacuate Collection Set: 0.8ms
[2020-09-11T11:45:00.334+0000][26480][gc,phases    ] GC(451)   Other: 1.2ms
[2020-09-11T11:45:00.334+0000][26480][gc,heap      ] GC(451) Eden regions: 29->0(493)
[2020-09-11T11:45:00.335+0000][26480][gc,heap      ] GC(451) Survivor regions: 4->3(62)
[2020-09-11T11:45:00.335+0000][26480][gc,heap      ] GC(451) Old regions: 79->79
[2020-09-11T11:45:00.335+0000][26480][gc,heap      ] GC(451) Archive regions: 0->0
[2020-09-11T11:45:00.335+0000][26480][gc,heap      ] GC(451) Humongous regions: 228->174
[2020-09-11T11:45:00.335+0000][26480][gc,metaspace ] GC(451) Metaspace: 88409K(94488K)->88409K(94488K) NonClass: 77234K(80792K)->77234K(80792K) Class: 11175K(13696K)->11175K(13696K)
[2020-09-11T11:45:00.335+0000][26480][gc           ] GC(451) Pause Young (Concurrent Start) (G1 Humongous Allocation) 338M->254M(1024M) 5.374ms
[2020-09-11T11:45:00.335+0000][26480][gc,cpu       ] GC(451) User=0.00s Sys=0.00s Real=0.01s
[2020-09-11T11:45:00.335+0000][26480][gc           ] GC(452) Concurrent Cycle
[2020-09-11T11:45:00.335+0000][26480][gc,marking   ] GC(452) Concurrent Clear Claimed Marks
[2020-09-11T11:45:00.335+0000][26480][safepoint    ] Safepoint "G1TryInitiateConcMark", Time since last: 205245700 ns, Reaching safepoint: 216800 ns, At safepoint: 5728800 ns, Total: 5945600 ns
[2020-09-11T11:45:00.336+0000][26480][gc,marking   ] GC(452) Concurrent Clear Claimed Marks 0.843ms
[2020-09-11T11:45:00.336+0000][26480][gc,marking   ] GC(452) Concurrent Scan Root Regions
[2020-09-11T11:45:00.339+0000][26480][gc,marking   ] GC(452) Concurrent Scan Root Regions 3.268ms
[2020-09-11T11:45:00.340+0000][26480][gc,marking   ] GC(452) Concurrent Mark (7105.474s)
[2020-09-11T11:45:00.340+0000][26480][gc,marking   ] GC(452) Concurrent Mark From Roots
[2020-09-11T11:45:00.340+0000][26480][gc,task      ] GC(452) Using 2 workers of 2 for marking
[2020-09-11T11:45:00.492+0000][26480][gc,marking   ] GC(452) Concurrent Mark From Roots 151.953ms
[2020-09-11T11:45:00.492+0000][26480][gc,marking   ] GC(452) Concurrent Preclean
[2020-09-11T11:45:00.493+0000][26480][gc,marking   ] GC(452) Concurrent Preclean 0.909ms
[2020-09-11T11:45:00.493+0000][26480][gc,marking   ] GC(452) Concurrent Mark (7105.474s, 7105.627s) 153.093ms
[2020-09-11T11:45:00.493+0000][26480][gc,start     ] GC(452) Pause Remark
[2020-09-11T11:45:00.500+0000][26480][gc           ] GC(452) Pause Remark 301M->301M(1024M) 7.422ms
[2020-09-11T11:45:00.501+0000][26480][gc,cpu       ] GC(452) User=0.09s Sys=0.00s Real=0.01s
[2020-09-11T11:45:00.501+0000][26480][safepoint    ] Safepoint "G1Concurrent", Time since last: 157515700 ns, Reaching safepoint: 197400 ns, At safepoint: 7703700 ns, Total: 7901100 ns
[2020-09-11T11:45:00.501+0000][26480][gc,marking   ] GC(452) Concurrent Rebuild Remembered Sets
[2020-09-11T11:45:00.592+0000][26480][gc,marking   ] GC(452) Concurrent Rebuild Remembered Sets 92.283ms
[2020-09-11T11:45:00.593+0000][26480][gc,start     ] GC(452) Pause Cleanup
[2020-09-11T11:45:00.593+0000][26480][gc           ] GC(452) Pause Cleanup 301M->301M(1024M) 0.353ms
[2020-09-11T11:45:00.593+0000][26480][gc,cpu       ] GC(452) User=0.00s Sys=0.00s Real=0.00s
[2020-09-11T11:45:00.593+0000][26480][safepoint    ] Safepoint "G1Concurrent", Time since last: 92514500 ns, Reaching safepoint: 161200 ns, At safepoint: 564700 ns, Total: 725900 ns
[2020-09-11T11:45:00.593+0000][26480][gc,marking   ] GC(452) Concurrent Cleanup for Next Mark
[2020-09-11T11:45:00.595+0000][26480][gc,marking   ] GC(452) Concurrent Cleanup for Next Mark 1.776ms
[2020-09-11T11:45:00.595+0000][26480][gc           ] GC(452) Concurrent Cycle 260.735ms
[2020-09-11T11:45:00.759+0000][26480][gc,start     ] GC(453) Pause Young (Concurrent Start) (G1 Humongous Allocation)
[2020-09-11T11:45:00.759+0000][26480][gc,task      ] GC(453) Using 8 workers of 8 for evacuation
[2020-09-11T11:45:00.759+0000][26480][gc,age       ] GC(453) Desired survivor size 32505856 bytes, new threshold 15 (max threshold 15)
[2020-09-11T11:45:00.762+0000][26480][gc,age       ] GC(453) Age table with threshold 15 (max threshold 15)
[2020-09-11T11:45:00.762+0000][26480][gc,age       ] GC(453) - age   1:    2532512 bytes,    2532512 total
[2020-09-11T11:45:00.762+0000][26480][gc,age       ] GC(453) - age   2:      30760 bytes,    2563272 total
[2020-09-11T11:45:00.763+0000][26480][gc,age       ] GC(453) - age   3:        768 bytes,    2564040 total
[2020-09-11T11:45:00.763+0000][26480][gc,age       ] GC(453) - age   4:       1192 bytes,    2565232 total
[2020-09-11T11:45:00.763+0000][26480][gc,age       ] GC(453) - age   5:       2080 bytes,    2567312 total
[2020-09-11T11:45:00.763+0000][26480][gc,age       ] GC(453) - age   6:       2544 bytes,    2569856 total
[2020-09-11T11:45:00.763+0000][26480][gc,age       ] GC(453) - age   7:        784 bytes,    2570640 total
[2020-09-11T11:45:00.763+0000][26480][gc,age       ] GC(453) - age   8:       4152 bytes,    2574792 total
[2020-09-11T11:45:00.763+0000][26480][gc,age       ] GC(453) - age   9:       7032 bytes,    2581824 total
[2020-09-11T11:45:00.763+0000][26480][gc,age       ] GC(453) - age  10:        464 bytes,    2582288 total
[2020-09-11T11:45:00.763+0000][26480][gc,age       ] GC(453) - age  11:       1760 bytes,    2584048 total
[2020-09-11T11:45:00.763+0000][26480][gc,age       ] GC(453) - age  12:        392 bytes,    2584440 total
[2020-09-11T11:45:00.763+0000][26480][gc,age       ] GC(453) - age  13:        912 bytes,    2585352 total
[2020-09-11T11:45:00.763+0000][26480][gc,age       ] GC(453) - age  14:        200 bytes,    2585552 total
[2020-09-11T11:45:00.763+0000][26480][gc,age       ] GC(453) - age  15:      10416 bytes,    2595968 total
[2020-09-11T11:45:00.763+0000][26480][gc,phases    ] GC(453)   Pre Evacuate Collection Set: 0.5ms
[2020-09-11T11:45:00.763+0000][26480][gc,phases    ] GC(453)   Merge Heap Roots: 0.1ms
[2020-09-11T11:45:00.763+0000][26480][gc,phases    ] GC(453)   Evacuate Collection Set: 2.0ms
[2020-09-11T11:45:00.763+0000][26480][gc,phases    ] GC(453)   Post Evacuate Collection Set: 0.7ms
[2020-09-11T11:45:00.763+0000][26480][gc,phases    ] GC(453)   Other: 1.1ms
[2020-09-11T11:45:00.763+0000][26480][gc,heap      ] GC(453) Eden regions: 21->0(496)
[2020-09-11T11:45:00.763+0000][26480][gc,heap      ] GC(453) Survivor regions: 3->3(62)
[2020-09-11T11:45:00.763+0000][26480][gc,heap      ] GC(453) Old regions: 79->79
[2020-09-11T11:45:00.763+0000][26480][gc,heap      ] GC(453) Archive regions: 0->0
[2020-09-11T11:45:00.763+0000][26480][gc,heap      ] GC(453) Humongous regions: 228->174
[2020-09-11T11:45:00.763+0000][26480][gc,metaspace ] GC(453) Metaspace: 88409K(94488K)->88409K(94488K) NonClass: 77234K(80792K)->77234K(80792K) Class: 11175K(13696K)->11175K(13696K)
[2020-09-11T11:45:00.763+0000][26480][gc           ] GC(453) Pause Young (Concurrent Start) (G1 Humongous Allocation) 329M->254M(1024M) 4.699ms
[2020-09-11T11:45:00.764+0000][26480][gc,cpu       ] GC(453) User=0.02s Sys=0.00s Real=0.00s
[2020-09-11T11:45:00.764+0000][26480][safepoint    ] Safepoint "G1TryInitiateConcMark", Time since last: 164742600 ns, Reaching safepoint: 192100 ns, At safepoint: 4954500 ns, Total: 5146600 ns
[2020-09-11T11:45:00.764+0000][26480][gc           ] GC(454) Concurrent Cycle
[2020-09-11T11:45:00.764+0000][26480][gc,marking   ] GC(454) Concurrent Clear Claimed Marks
[2020-09-11T11:45:00.764+0000][26480][gc,marking   ] GC(454) Concurrent Clear Claimed Marks 0.423ms
[2020-09-11T11:45:00.764+0000][26480][gc,marking   ] GC(454) Concurrent Scan Root Regions
[2020-09-11T11:45:00.767+0000][26480][gc,marking   ] GC(454) Concurrent Scan Root Regions 2.653ms
[2020-09-11T11:45:00.767+0000][26480][gc,marking   ] GC(454) Concurrent Mark (7105.901s)
[2020-09-11T11:45:00.767+0000][26480][gc,marking   ] GC(454) Concurrent Mark From Roots
[2020-09-11T11:45:00.767+0000][26480][gc,task      ] GC(454) Using 2 workers of 2 for marking
[2020-09-11T11:45:00.902+0000][26480][gc,marking   ] GC(454) Concurrent Mark From Roots 134.497ms
[2020-09-11T11:45:00.902+0000][26480][gc,marking   ] GC(454) Concurrent Preclean
[2020-09-11T11:45:00.903+0000][26480][gc,marking   ] GC(454) Concurrent Preclean 1.151ms
[2020-09-11T11:45:00.903+0000][26480][gc,marking   ] GC(454) Concurrent Mark (7105.901s, 7106.037s) 135.885ms
[2020-09-11T11:45:00.903+0000][26480][gc,start     ] GC(454) Pause Remark
[2020-09-11T11:45:00.910+0000][26480][gc           ] GC(454) Pause Remark 296M->296M(1024M) 6.424ms
[2020-09-11T11:45:00.910+0000][26480][gc,cpu       ] GC(454) User=0.00s Sys=0.00s Real=0.01s
[2020-09-11T11:45:00.910+0000][26480][safepoint    ] Safepoint "G1Concurrent", Time since last: 139339500 ns, Reaching safepoint: 176300 ns, At safepoint: 6669100 ns, Total: 6845400 ns
[2020-09-11T11:45:00.910+0000][26480][gc,marking   ] GC(454) Concurrent Rebuild Remembered Sets
[2020-09-11T11:45:01.009+0000][26480][gc,marking   ] GC(454) Concurrent Rebuild Remembered Sets 99.643ms
[2020-09-11T11:45:01.010+0000][26480][gc,start     ] GC(454) Pause Cleanup
[2020-09-11T11:45:01.010+0000][26480][gc           ] GC(454) Pause Cleanup 301M->301M(1024M) 0.344ms
[2020-09-11T11:45:01.010+0000][26480][gc,cpu       ] GC(454) User=0.00s Sys=0.00s Real=0.00s
[2020-09-11T11:45:01.010+0000][26480][safepoint    ] Safepoint "G1Concurrent", Time since last: 99834300 ns, Reaching safepoint: 164500 ns, At safepoint: 543100 ns, Total: 707600 ns
[2020-09-11T11:45:01.010+0000][26480][gc,marking   ] GC(454) Concurrent Cleanup for Next Mark
[2020-09-11T11:45:01.012+0000][26480][gc,marking   ] GC(454) Concurrent Cleanup for Next Mark 1.947ms
[2020-09-11T11:45:01.013+0000][26480][gc           ] GC(454) Concurrent Cycle 248.956ms
[2020-09-11T11:45:01.057+0000][26480][gc,start     ] GC(455) Pause Young (Concurrent Start) (G1 Humongous Allocation)
[2020-09-11T11:45:01.057+0000][26480][gc,task      ] GC(455) Using 8 workers of 8 for evacuation
[2020-09-11T11:45:01.057+0000][26480][gc,age       ] GC(455) Desired survivor size 33030144 bytes, new threshold 15 (max threshold 15)
[2020-09-11T11:45:01.062+0000][26480][gc,age       ] GC(455) Age table with threshold 15 (max threshold 15)
[2020-09-11T11:45:01.062+0000][26480][gc,age       ] GC(455) - age   1:   12858984 bytes,   12858984 total
[2020-09-11T11:45:01.062+0000][26480][gc,age       ] GC(455) - age   2:       1408 bytes,   12860392 total
[2020-09-11T11:45:01.062+0000][26480][gc,age       ] GC(455) - age   3:      27208 bytes,   12887600 total
[2020-09-11T11:45:01.062+0000][26480][gc,age       ] GC(455) - age   4:        536 bytes,   12888136 total
[2020-09-11T11:45:01.062+0000][26480][gc,age       ] GC(455) - age   5:        800 bytes,   12888936 total
[2020-09-11T11:45:01.062+0000][26480][gc,age       ] GC(455) - age   6:       1472 bytes,   12890408 total
[2020-09-11T11:45:01.062+0000][26480][gc,age       ] GC(455) - age   7:       2088 bytes,   12892496 total
[2020-09-11T11:45:01.062+0000][26480][gc,age       ] GC(455) - age   8:        784 bytes,   12893280 total
[2020-09-11T11:45:01.062+0000][26480][gc,age       ] GC(455) - age   9:       3640 bytes,   12896920 total
[2020-09-11T11:45:01.062+0000][26480][gc,age       ] GC(455) - age  10:       6936 bytes,   12903856 total
[2020-09-11T11:45:01.062+0000][26480][gc,age       ] GC(455) - age  11:        464 bytes,   12904320 total
[2020-09-11T11:45:01.062+0000][26480][gc,age       ] GC(455) - age  12:       1760 bytes,   12906080 total
[2020-09-11T11:45:01.062+0000][26480][gc,age       ] GC(455) - age  13:        392 bytes,   12906472 total
[2020-09-11T11:45:01.062+0000][26480][gc,age       ] GC(455) - age  14:        912 bytes,   12907384 total
[2020-09-11T11:45:01.062+0000][26480][gc,age       ] GC(455) - age  15:        200 bytes,   12907584 total
[2020-09-11T11:45:01.063+0000][26480][gc,phases    ] GC(455)   Pre Evacuate Collection Set: 0.4ms
[2020-09-11T11:45:01.063+0000][26480][gc,phases    ] GC(455)   Merge Heap Roots: 0.1ms
[2020-09-11T11:45:01.063+0000][26480][gc,phases    ] GC(455)   Evacuate Collection Set: 3.5ms
[2020-09-11T11:45:01.063+0000][26480][gc,phases    ] GC(455)   Post Evacuate Collection Set: 0.8ms
[2020-09-11T11:45:01.063+0000][26480][gc,phases    ] GC(455)   Other: 1.1ms
[2020-09-11T11:45:01.063+0000][26480][gc,heap      ] GC(455) Eden regions: 44->0(478)
[2020-09-11T11:45:01.063+0000][26480][gc,heap      ] GC(455) Survivor regions: 3->13(63)
[2020-09-11T11:45:01.063+0000][26480][gc,heap      ] GC(455) Old regions: 79->79
[2020-09-11T11:45:01.063+0000][26480][gc,heap      ] GC(455) Archive regions: 0->0
[2020-09-11T11:45:01.063+0000][26480][gc,heap      ] GC(455) Humongous regions: 228->174
[2020-09-11T11:45:01.063+0000][26480][gc,metaspace ] GC(455) Metaspace: 88415K(94488K)->88415K(94488K) NonClass: 77240K(80792K)->77240K(80792K) Class: 11175K(13696K)->11175K(13696K)
[2020-09-11T11:45:01.063+0000][26480][gc           ] GC(455) Pause Young (Concurrent Start) (G1 Humongous Allocation) 352M->264M(1024M) 6.432ms
[2020-09-11T11:45:01.063+0000][26480][gc,cpu       ] GC(455) User=0.00s Sys=0.00s Real=0.01s
[2020-09-11T11:45:01.063+0000][26480][gc           ] GC(456) Concurrent Cycle
[2020-09-11T11:45:01.063+0000][26480][safepoint    ] Safepoint "G1TryInitiateConcMark", Time since last: 46055100 ns, Reaching safepoint: 230200 ns, At safepoint: 6704000 ns, Total: 6934200 ns
[2020-09-11T11:45:01.063+0000][26480][gc,marking   ] GC(456) Concurrent Clear Claimed Marks
[2020-09-11T11:45:01.064+0000][26480][gc,marking   ] GC(456) Concurrent Clear Claimed Marks 0.556ms
[2020-09-11T11:45:01.064+0000][26480][gc,marking   ] GC(456) Concurrent Scan Root Regions
[2020-09-11T11:45:01.067+0000][26480][gc,marking   ] GC(456) Concurrent Scan Root Regions 2.844ms
[2020-09-11T11:45:01.067+0000][26480][gc,marking   ] GC(456) Concurrent Mark (7106.202s)
[2020-09-11T11:45:01.067+0000][26480][gc,marking   ] GC(456) Concurrent Mark From Roots
[2020-09-11T11:45:01.067+0000][26480][gc,task      ] GC(456) Using 2 workers of 2 for marking
[2020-09-11T11:45:01.231+0000][26480][gc,marking   ] GC(456) Concurrent Mark From Roots 163.991ms
[2020-09-11T11:45:01.231+0000][26480][gc,marking   ] GC(456) Concurrent Preclean
[2020-09-11T11:45:01.232+0000][26480][gc,marking   ] GC(456) Concurrent Preclean 0.792ms
[2020-09-11T11:45:01.232+0000][26480][gc,marking   ] GC(456) Concurrent Mark (7106.202s, 7106.367s) 165.015ms
[2020-09-11T11:45:01.233+0000][26480][gc,start     ] GC(456) Pause Remark
[2020-09-11T11:45:01.239+0000][26480][gc           ] GC(456) Pause Remark 486M->486M(1024M) 7.248ms
[2020-09-11T11:45:01.240+0000][26480][gc,cpu       ] GC(456) User=0.00s Sys=0.00s Real=0.01s
[2020-09-11T11:45:01.240+0000][26480][safepoint    ] Safepoint "G1Concurrent", Time since last: 168789200 ns, Reaching safepoint: 189000 ns, At safepoint: 7617200 ns, Total: 7806200 ns
[2020-09-11T11:45:01.240+0000][26480][gc,marking   ] GC(456) Concurrent Rebuild Remembered Sets
[2020-09-11T11:45:01.341+0000][26480][gc,marking   ] GC(456) Concurrent Rebuild Remembered Sets 101.606ms
[2020-09-11T11:45:01.342+0000][26480][gc,start     ] GC(456) Pause Cleanup
[2020-09-11T11:45:01.343+0000][26480][gc           ] GC(456) Pause Cleanup 555M->555M(1024M) 0.374ms
[2020-09-11T11:45:01.343+0000][26480][gc,cpu       ] GC(456) User=0.00s Sys=0.00s Real=0.00s
[2020-09-11T11:45:01.343+0000][26480][safepoint    ] Safepoint "G1Concurrent", Time since last: 101828800 ns, Reaching safepoint: 710800 ns, At safepoint: 562500 ns, Total: 1273300 ns
[2020-09-11T11:45:01.343+0000][26480][gc,marking   ] GC(456) Concurrent Cleanup for Next Mark
[2020-09-11T11:45:01.345+0000][26480][gc,marking   ] GC(456) Concurrent Cleanup for Next Mark 1.814ms
[2020-09-11T11:45:01.345+0000][26480][gc           ] GC(456) Concurrent Cycle 281.746ms
[2020-09-11T11:45:01.548+0000][26480][gc,start     ] GC(457) Pause Young (Concurrent Start) (G1 Humongous Allocation)
[2020-09-11T11:45:01.548+0000][26480][gc,task      ] GC(457) Using 8 workers of 8 for evacuation
[2020-09-11T11:45:01.548+0000][26480][gc,age       ] GC(457) Desired survivor size 32505856 bytes, new threshold 15 (max threshold 15)
[2020-09-11T11:45:01.554+0000][26480][gc,age       ] GC(457) Age table with threshold 15 (max threshold 15)
[2020-09-11T11:45:01.554+0000][26480][gc,age       ] GC(457) - age   1:    3897504 bytes,    3897504 total
[2020-09-11T11:45:01.554+0000][26480][gc,age       ] GC(457) - age   2:      18448 bytes,    3915952 total
[2020-09-11T11:45:01.554+0000][26480][gc,age       ] GC(457) - age   3:       1128 bytes,    3917080 total
[2020-09-11T11:45:01.554+0000][26480][gc,age       ] GC(457) - age   4:      17792 bytes,    3934872 total
[2020-09-11T11:45:01.554+0000][26480][gc,age       ] GC(457) - age   5:        480 bytes,    3935352 total
[2020-09-11T11:45:01.554+0000][26480][gc,age       ] GC(457) - age   6:        664 bytes,    3936016 total
[2020-09-11T11:45:01.554+0000][26480][gc,age       ] GC(457) - age   7:       1312 bytes,    3937328 total
[2020-09-11T11:45:01.554+0000][26480][gc,age       ] GC(457) - age   8:       1800 bytes,    3939128 total
[2020-09-11T11:45:01.554+0000][26480][gc,age       ] GC(457) - age   9:        656 bytes,    3939784 total
[2020-09-11T11:45:01.554+0000][26480][gc,age       ] GC(457) - age  10:       3640 bytes,    3943424 total
[2020-09-11T11:45:01.554+0000][26480][gc,age       ] GC(457) - age  11:       6936 bytes,    3950360 total
[2020-09-11T11:45:01.554+0000][26480][gc,age       ] GC(457) - age  12:        464 bytes,    3950824 total
[2020-09-11T11:45:01.554+0000][26480][gc,age       ] GC(457) - age  13:       1760 bytes,    3952584 total
[2020-09-11T11:45:01.554+0000][26480][gc,age       ] GC(457) - age  14:        392 bytes,    3952976 total
[2020-09-11T11:45:01.554+0000][26480][gc,age       ] GC(457) - age  15:        912 bytes,    3953888 total
[2020-09-11T11:45:01.555+0000][26480][gc,phases    ] GC(457)   Pre Evacuate Collection Set: 0.5ms
[2020-09-11T11:45:01.555+0000][26480][gc,phases    ] GC(457)   Merge Heap Roots: 0.2ms
[2020-09-11T11:45:01.555+0000][26480][gc,phases    ] GC(457)   Evacuate Collection Set: 3.5ms
[2020-09-11T11:45:01.555+0000][26480][gc,phases    ] GC(457)   Post Evacuate Collection Set: 1.2ms
[2020-09-11T11:45:01.555+0000][26480][gc,phases    ] GC(457)   Other: 1.5ms
[2020-09-11T11:45:01.555+0000][26480][gc,heap      ] GC(457) Eden regions: 75->0(490)
[2020-09-11T11:45:01.555+0000][26480][gc,heap      ] GC(457) Survivor regions: 13->4(62)
[2020-09-11T11:45:01.555+0000][26480][gc,heap      ] GC(457) Old regions: 79->79
[2020-09-11T11:45:01.555+0000][26480][gc,heap      ] GC(457) Archive regions: 0->0
[2020-09-11T11:45:01.555+0000][26480][gc,heap      ] GC(457) Humongous regions: 408->174
[2020-09-11T11:45:01.555+0000][26480][gc,metaspace ] GC(457) Metaspace: 88420K(94488K)->88420K(94488K) NonClass: 77245K(80792K)->77245K(80792K) Class: 11175K(13696K)->11175K(13696K)
[2020-09-11T11:45:01.555+0000][26480][gc           ] GC(457) Pause Young (Concurrent Start) (G1 Humongous Allocation) 573M->255M(1024M) 7.330ms
[2020-09-11T11:45:01.555+0000][26480][gc,cpu       ] GC(457) User=0.00s Sys=0.00s Real=0.01s
[2020-09-11T11:45:01.555+0000][26480][gc           ] GC(458) Concurrent Cycle
[2020-09-11T11:45:01.555+0000][26480][safepoint    ] Safepoint "G1TryInitiateConcMark", Time since last: 204739800 ns, Reaching safepoint: 300500 ns, At safepoint: 7586100 ns, Total: 7886600 ns
[2020-09-11T11:45:01.555+0000][26480][gc,marking   ] GC(458) Concurrent Clear Claimed Marks
[2020-09-11T11:45:01.556+0000][26480][gc,marking   ] GC(458) Concurrent Clear Claimed Marks 0.673ms
[2020-09-11T11:45:01.556+0000][26480][gc,marking   ] GC(458) Concurrent Scan Root Regions
[2020-09-11T11:45:01.559+0000][26480][gc,marking   ] GC(458) Concurrent Scan Root Regions 3.112ms
[2020-09-11T11:45:01.560+0000][26480][gc,marking   ] GC(458) Concurrent Mark (7106.694s)
[2020-09-11T11:45:01.560+0000][26480][gc,marking   ] GC(458) Concurrent Mark From Roots
[2020-09-11T11:45:01.560+0000][26480][gc,task      ] GC(458) Using 2 workers of 2 for marking
[2020-09-11T11:45:01.700+0000][26480][gc,marking   ] GC(458) Concurrent Mark From Roots 140.556ms
[2020-09-11T11:45:01.700+0000][26480][gc,marking   ] GC(458) Concurrent Preclean
[2020-09-11T11:45:01.701+0000][26480][gc,marking   ] GC(458) Concurrent Preclean 0.835ms
[2020-09-11T11:45:01.701+0000][26480][gc,marking   ] GC(458) Concurrent Mark (7106.694s, 7106.836s) 141.645ms
[2020-09-11T11:45:01.702+0000][26480][gc,start     ] GC(458) Pause Remark
[2020-09-11T11:45:01.708+0000][26480][gc           ] GC(458) Pause Remark 318M->318M(1024M) 6.119ms
[2020-09-11T11:45:01.708+0000][26480][gc,cpu       ] GC(458) User=0.00s Sys=0.00s Real=0.01s
[2020-09-11T11:45:01.708+0000][26480][safepoint    ] Safepoint "G1Concurrent", Time since last: 145934400 ns, Reaching safepoint: 452000 ns, At safepoint: 6438300 ns, Total: 6890300 ns
[2020-09-11T11:45:01.708+0000][26480][gc,marking   ] GC(458) Concurrent Rebuild Remembered Sets
[2020-09-11T11:45:01.806+0000][26480][gc,marking   ] GC(458) Concurrent Rebuild Remembered Sets 97.689ms
[2020-09-11T11:45:01.807+0000][26480][gc,start     ] GC(458) Pause Cleanup
[2020-09-11T11:45:01.807+0000][26480][gc           ] GC(458) Pause Cleanup 389M->389M(1024M) 0.256ms
[2020-09-11T11:45:01.807+0000][26480][gc,cpu       ] GC(458) User=0.00s Sys=0.00s Real=0.00s
[2020-09-11T11:45:01.807+0000][26480][safepoint    ] Safepoint "G1Concurrent", Time since last: 97911800 ns, Reaching safepoint: 155600 ns, At safepoint: 428900 ns, Total: 584500 ns
[2020-09-11T11:45:01.807+0000][26480][gc,marking   ] GC(458) Concurrent Cleanup for Next Mark
[2020-09-11T11:45:01.809+0000][26480][gc,marking   ] GC(458) Concurrent Cleanup for Next Mark 1.728ms
[2020-09-11T11:45:01.809+0000][26480][gc           ] GC(458) Concurrent Cycle 253.239ms
[2020-09-11T11:45:01.960+0000][26480][gc,start     ] GC(459) Pause Young (Concurrent Start) (G1 Humongous Allocation)
[2020-09-11T11:45:01.960+0000][26480][gc,task      ] GC(459) Using 8 workers of 8 for evacuation
[2020-09-11T11:45:01.960+0000][26480][gc,age       ] GC(459) Desired survivor size 32505856 bytes, new threshold 15 (max threshold 15)
[2020-09-11T11:45:01.963+0000][26480][gc,age       ] GC(459) Age table with threshold 15 (max threshold 15)
[2020-09-11T11:45:01.964+0000][26480][gc,age       ] GC(459) - age   1:    3311272 bytes,    3311272 total
[2020-09-11T11:45:01.964+0000][26480][gc,age       ] GC(459) - age   2:     600264 bytes,    3911536 total
[2020-09-11T11:45:01.964+0000][26480][gc,age       ] GC(459) - age   3:      15456 bytes,    3926992 total
[2020-09-11T11:45:01.964+0000][26480][gc,age       ] GC(459) - age   4:        472 bytes,    3927464 total
[2020-09-11T11:45:01.964+0000][26480][gc,age       ] GC(459) - age   5:      17664 bytes,    3945128 total
[2020-09-11T11:45:01.964+0000][26480][gc,age       ] GC(459) - age   6:        448 bytes,    3945576 total
[2020-09-11T11:45:01.964+0000][26480][gc,age       ] GC(459) - age   7:        408 bytes,    3945984 total
[2020-09-11T11:45:01.964+0000][26480][gc,age       ] GC(459) - age   8:       1120 bytes,    3947104 total
[2020-09-11T11:45:01.964+0000][26480][gc,age       ] GC(459) - age   9:       1800 bytes,    3948904 total
[2020-09-11T11:45:01.964+0000][26480][gc,age       ] GC(459) - age  10:        656 bytes,    3949560 total
[2020-09-11T11:45:01.964+0000][26480][gc,age       ] GC(459) - age  11:       3640 bytes,    3953200 total
[2020-09-11T11:45:01.964+0000][26480][gc,age       ] GC(459) - age  12:       6936 bytes,    3960136 total
[2020-09-11T11:45:01.964+0000][26480][gc,age       ] GC(459) - age  13:        432 bytes,    3960568 total
[2020-09-11T11:45:01.964+0000][26480][gc,age       ] GC(459) - age  14:       1760 bytes,    3962328 total
[2020-09-11T11:45:01.964+0000][26480][gc,age       ] GC(459) - age  15:        392 bytes,    3962720 total
[2020-09-11T11:45:01.964+0000][26480][gc,phases    ] GC(459)   Pre Evacuate Collection Set: 0.4ms
[2020-09-11T11:45:01.964+0000][26480][gc,phases    ] GC(459)   Merge Heap Roots: 0.1ms
[2020-09-11T11:45:01.964+0000][26480][gc,phases    ] GC(459)   Evacuate Collection Set: 2.3ms
[2020-09-11T11:45:01.964+0000][26480][gc,phases    ] GC(459)   Post Evacuate Collection Set: 0.8ms
[2020-09-11T11:45:01.964+0000][26480][gc,phases    ] GC(459)   Other: 1.0ms
[2020-09-11T11:45:01.964+0000][26480][gc,heap      ] GC(459) Eden regions: 41->0(492)
[2020-09-11T11:45:01.964+0000][26480][gc,heap      ] GC(459) Survivor regions: 4->4(62)
[2020-09-11T11:45:01.964+0000][26480][gc,heap      ] GC(459) Old regions: 79->79
[2020-09-11T11:45:01.964+0000][26480][gc,heap      ] GC(459) Archive regions: 0->0
[2020-09-11T11:45:01.964+0000][26480][gc,heap      ] GC(459) Humongous regions: 278->174
[2020-09-11T11:45:01.965+0000][26480][gc,metaspace ] GC(459) Metaspace: 88436K(94488K)->88436K(94488K) NonClass: 77261K(80792K)->77261K(80792K) Class: 11175K(13696K)->11175K(13696K)
[2020-09-11T11:45:01.965+0000][26480][gc           ] GC(459) Pause Young (Concurrent Start) (G1 Humongous Allocation) 400M->256M(1024M) 4.930ms
[2020-09-11T11:45:01.965+0000][26480][gc,cpu       ] GC(459) User=0.02s Sys=0.00s Real=0.00s
[2020-09-11T11:45:01.965+0000][26480][safepoint    ] Safepoint "G1TryInitiateConcMark", Time since last: 152199200 ns, Reaching safepoint: 177400 ns, At safepoint: 5123900 ns, Total: 5301300 ns
[2020-09-11T11:45:01.965+0000][26480][gc           ] GC(460) Concurrent Cycle
[2020-09-11T11:45:01.965+0000][26480][gc,marking   ] GC(460) Concurrent Clear Claimed Marks
[2020-09-11T11:45:01.965+0000][26480][gc,marking   ] GC(460) Concurrent Clear Claimed Marks 0.532ms
[2020-09-11T11:45:01.965+0000][26480][gc,marking   ] GC(460) Concurrent Scan Root Regions
[2020-09-11T11:45:01.969+0000][26480][gc,marking   ] GC(460) Concurrent Scan Root Regions 3.294ms
[2020-09-11T11:45:01.969+0000][26480][gc,marking   ] GC(460) Concurrent Mark (7107.103s)
[2020-09-11T11:45:01.969+0000][26480][gc,marking   ] GC(460) Concurrent Mark From Roots
[2020-09-11T11:45:01.969+0000][26480][gc,task      ] GC(460) Using 2 workers of 2 for marking
[2020-09-11T11:45:02.119+0000][26480][gc,marking   ] GC(460) Concurrent Mark From Roots 150.417ms
[2020-09-11T11:45:02.119+0000][26480][gc,marking   ] GC(460) Concurrent Preclean
[2020-09-11T11:45:02.120+0000][26480][gc,marking   ] GC(460) Concurrent Preclean 0.736ms
[2020-09-11T11:45:02.120+0000][26480][gc,marking   ] GC(460) Concurrent Mark (7107.103s, 7107.255s) 151.348ms
[2020-09-11T11:45:02.120+0000][26480][gc,start     ] GC(460) Pause Remark
[2020-09-11T11:45:02.126+0000][26480][gc           ] GC(460) Pause Remark 318M->318M(1024M) 5.839ms
[2020-09-11T11:45:02.126+0000][26480][gc,cpu       ] GC(460) User=0.00s Sys=0.00s Real=0.01s
[2020-09-11T11:45:02.126+0000][26480][safepoint    ] Safepoint "G1Concurrent", Time since last: 155622200 ns, Reaching safepoint: 155100 ns, At safepoint: 6038200 ns, Total: 6193300 ns
[2020-09-11T11:45:02.126+0000][26480][gc,marking   ] GC(460) Concurrent Rebuild Remembered Sets
[2020-09-11T11:45:02.212+0000][26480][gc,marking   ] GC(460) Concurrent Rebuild Remembered Sets 85.528ms
[2020-09-11T11:45:02.212+0000][26480][gc,start     ] GC(460) Pause Cleanup
[2020-09-11T11:45:02.213+0000][26480][gc           ] GC(460) Pause Cleanup 388M->388M(1024M) 0.449ms
[2020-09-11T11:45:02.213+0000][26480][gc,cpu       ] GC(460) User=0.00s Sys=0.00s Real=0.00s
[2020-09-11T11:45:02.213+0000][26480][safepoint    ] Safepoint "G1Concurrent", Time since last: 85702600 ns, Reaching safepoint: 161900 ns, At safepoint: 672900 ns, Total: 834800 ns
[2020-09-11T11:45:02.213+0000][26480][gc,marking   ] GC(460) Concurrent Cleanup for Next Mark
[2020-09-11T11:45:02.215+0000][26480][gc,marking   ] GC(460) Concurrent Cleanup for Next Mark 2.001ms
[2020-09-11T11:45:02.215+0000][26480][gc           ] GC(460) Concurrent Cycle 250.530ms
[2020-09-11T11:45:02.460+0000][26480][gc,start     ] GC(461) Pause Young (Concurrent Start) (G1 Humongous Allocation)
[2020-09-11T11:45:02.460+0000][26480][gc,task      ] GC(461) Using 8 workers of 8 for evacuation
[2020-09-11T11:45:02.460+0000][26480][gc,age       ] GC(461) Desired survivor size 32505856 bytes, new threshold 15 (max threshold 15)
[2020-09-11T11:45:02.464+0000][26480][gc,age       ] GC(461) Age table with threshold 15 (max threshold 15)
[2020-09-11T11:45:02.464+0000][26480][gc,age       ] GC(461) - age   1:    3186464 bytes,    3186464 total
[2020-09-11T11:45:02.464+0000][26480][gc,age       ] GC(461) - age   2:     405920 bytes,    3592384 total
[2020-09-11T11:45:02.464+0000][26480][gc,age       ] GC(461) - age   3:     201144 bytes,    3793528 total
[2020-09-11T11:45:02.464+0000][26480][gc,age       ] GC(461) - age   4:      13080 bytes,    3806608 total
[2020-09-11T11:45:02.464+0000][26480][gc,age       ] GC(461) - age   5:        344 bytes,    3806952 total
[2020-09-11T11:45:02.464+0000][26480][gc,age       ] GC(461) - age   6:      17552 bytes,    3824504 total
[2020-09-11T11:45:02.464+0000][26480][gc,age       ] GC(461) - age   7:        256 bytes,    3824760 total
[2020-09-11T11:45:02.464+0000][26480][gc,age       ] GC(461) - age   8:        376 bytes,    3825136 total
[2020-09-11T11:45:02.464+0000][26480][gc,age       ] GC(461) - age   9:       1120 bytes,    3826256 total
[2020-09-11T11:45:02.464+0000][26480][gc,age       ] GC(461) - age  10:       1736 bytes,    3827992 total
[2020-09-11T11:45:02.464+0000][26480][gc,age       ] GC(461) - age  11:        656 bytes,    3828648 total
[2020-09-11T11:45:02.464+0000][26480][gc,age       ] GC(461) - age  12:       3640 bytes,    3832288 total
[2020-09-11T11:45:02.464+0000][26480][gc,age       ] GC(461) - age  13:       6936 bytes,    3839224 total
[2020-09-11T11:45:02.464+0000][26480][gc,age       ] GC(461) - age  14:        432 bytes,    3839656 total
[2020-09-11T11:45:02.464+0000][26480][gc,age       ] GC(461) - age  15:       1760 bytes,    3841416 total
[2020-09-11T11:45:02.464+0000][26480][gc,phases    ] GC(461)   Pre Evacuate Collection Set: 0.4ms
[2020-09-11T11:45:02.464+0000][26480][gc,phases    ] GC(461)   Merge Heap Roots: 0.1ms
[2020-09-11T11:45:02.464+0000][26480][gc,phases    ] GC(461)   Evacuate Collection Set: 2.3ms
[2020-09-11T11:45:02.464+0000][26480][gc,phases    ] GC(461)   Post Evacuate Collection Set: 0.8ms
[2020-09-11T11:45:02.464+0000][26480][gc,phases    ] GC(461)   Other: 1.1ms
[2020-09-11T11:45:02.464+0000][26480][gc,heap      ] GC(461) Eden regions: 41->0(495)
[2020-09-11T11:45:02.465+0000][26480][gc,heap      ] GC(461) Survivor regions: 4->4(62)
[2020-09-11T11:45:02.465+0000][26480][gc,heap      ] GC(461) Old regions: 79->79
[2020-09-11T11:45:02.465+0000][26480][gc,heap      ] GC(461) Archive regions: 0->0
[2020-09-11T11:45:02.465+0000][26480][gc,heap      ] GC(461) Humongous regions: 278->174
[2020-09-11T11:45:02.465+0000][26480][gc,metaspace ] GC(461) Metaspace: 88444K(94488K)->88444K(94488K) NonClass: 77269K(80792K)->77269K(80792K) Class: 11175K(13696K)->11175K(13696K)
[2020-09-11T11:45:02.465+0000][26480][gc           ] GC(461) Pause Young (Concurrent Start) (G1 Humongous Allocation) 400M->255M(1024M) 5.031ms
[2020-09-11T11:45:02.465+0000][26480][gc,cpu       ] GC(461) User=0.11s Sys=0.00s Real=0.00s
[2020-09-11T11:45:02.465+0000][26480][gc           ] GC(462) Concurrent Cycle
[2020-09-11T11:45:02.465+0000][26480][safepoint    ] Safepoint "G1TryInitiateConcMark", Time since last: 247054300 ns, Reaching safepoint: 155800 ns, At safepoint: 5235000 ns, Total: 5390800 ns
[2020-09-11T11:45:02.465+0000][26480][gc,marking   ] GC(462) Concurrent Clear Claimed Marks
[2020-09-11T11:45:02.465+0000][26480][gc,marking   ] GC(462) Concurrent Clear Claimed Marks 0.544ms
[2020-09-11T11:45:02.465+0000][26480][gc,marking   ] GC(462) Concurrent Scan Root Regions
[2020-09-11T11:45:02.468+0000][26480][gc,marking   ] GC(462) Concurrent Scan Root Regions 2.503ms
[2020-09-11T11:45:02.468+0000][26480][gc,marking   ] GC(462) Concurrent Mark (7107.603s)
[2020-09-11T11:45:02.468+0000][26480][gc,marking   ] GC(462) Concurrent Mark From Roots
[2020-09-11T11:45:02.468+0000][26480][gc,task      ] GC(462) Using 2 workers of 2 for marking
[2020-09-11T11:45:02.626+0000][26480][gc,marking   ] GC(462) Concurrent Mark From Roots 156.889ms
[2020-09-11T11:45:02.626+0000][26480][gc,marking   ] GC(462) Concurrent Preclean
[2020-09-11T11:45:02.626+0000][26480][gc,marking   ] GC(462) Concurrent Preclean 0.685ms
[2020-09-11T11:45:02.627+0000][26480][gc,marking   ] GC(462) Concurrent Mark (7107.603s, 7107.761s) 157.830ms
[2020-09-11T11:45:02.627+0000][26480][gc,start     ] GC(462) Pause Remark
[2020-09-11T11:45:02.634+0000][26480][gc           ] GC(462) Pause Remark 314M->314M(1024M) 7.276ms
[2020-09-11T11:45:02.634+0000][26480][gc,cpu       ] GC(462) User=0.00s Sys=0.00s Real=0.01s
[2020-09-11T11:45:02.634+0000][26480][safepoint    ] Safepoint "G1Concurrent", Time since last: 161362800 ns, Reaching safepoint: 172600 ns, At safepoint: 7569000 ns, Total: 7741600 ns
[2020-09-11T11:45:02.634+0000][26480][gc,marking   ] GC(462) Concurrent Rebuild Remembered Sets
[2020-09-11T11:45:02.727+0000][26480][gc,marking   ] GC(462) Concurrent Rebuild Remembered Sets 92.135ms
[2020-09-11T11:45:02.728+0000][26480][gc,start     ] GC(462) Pause Cleanup
[2020-09-11T11:45:02.728+0000][26480][gc           ] GC(462) Pause Cleanup 326M->326M(1024M) 0.335ms
[2020-09-11T11:45:02.728+0000][26480][gc,cpu       ] GC(462) User=0.00s Sys=0.00s Real=0.00s
[2020-09-11T11:45:02.728+0000][26480][safepoint    ] Safepoint "G1Concurrent", Time since last: 92343700 ns, Reaching safepoint: 336100 ns, At safepoint: 589300 ns, Total: 925400 ns
[2020-09-11T11:45:02.728+0000][26480][gc,marking   ] GC(462) Concurrent Cleanup for Next Mark
[2020-09-11T11:45:02.730+0000][26480][gc,marking   ] GC(462) Concurrent Cleanup for Next Mark 1.966ms
[2020-09-11T11:45:02.730+0000][26480][gc           ] GC(462) Concurrent Cycle 264.595ms
[2020-09-11T11:45:02.748+0000][26480][gc,start     ] GC(463) Pause Young (Concurrent Start) (G1 Humongous Allocation)
[2020-09-11T11:45:02.748+0000][26480][gc,task      ] GC(463) Using 8 workers of 8 for evacuation
[2020-09-11T11:45:02.748+0000][26480][gc,age       ] GC(463) Desired survivor size 33030144 bytes, new threshold 15 (max threshold 15)
[2020-09-11T11:45:02.755+0000][26480][gc,age       ] GC(463) Age table with threshold 15 (max threshold 15)
[2020-09-11T11:45:02.755+0000][26480][gc,age       ] GC(463) - age   1:   13495584 bytes,   13495584 total
[2020-09-11T11:45:02.755+0000][26480][gc,age       ] GC(463) - age   2:       3248 bytes,   13498832 total
[2020-09-11T11:45:02.755+0000][26480][gc,age       ] GC(463) - age   3:       1120 bytes,   13499952 total
[2020-09-11T11:45:02.755+0000][26480][gc,age       ] GC(463) - age   4:       1440 bytes,   13501392 total
[2020-09-11T11:45:02.755+0000][26480][gc,age       ] GC(463) - age   5:      11536 bytes,   13512928 total
[2020-09-11T11:45:02.755+0000][26480][gc,age       ] GC(463) - age   6:        184 bytes,   13513112 total
[2020-09-11T11:45:02.755+0000][26480][gc,age       ] GC(463) - age   7:      16912 bytes,   13530024 total
[2020-09-11T11:45:02.755+0000][26480][gc,age       ] GC(463) - age   8:         96 bytes,   13530120 total
[2020-09-11T11:45:02.755+0000][26480][gc,age       ] GC(463) - age   9:        376 bytes,   13530496 total
[2020-09-11T11:45:02.755+0000][26480][gc,age       ] GC(463) - age  10:       1120 bytes,   13531616 total
[2020-09-11T11:45:02.755+0000][26480][gc,age       ] GC(463) - age  11:       1736 bytes,   13533352 total
[2020-09-11T11:45:02.755+0000][26480][gc,age       ] GC(463) - age  12:        656 bytes,   13534008 total
[2020-09-11T11:45:02.755+0000][26480][gc,age       ] GC(463) - age  13:       3608 bytes,   13537616 total
[2020-09-11T11:45:02.755+0000][26480][gc,age       ] GC(463) - age  14:       6904 bytes,   13544520 total
[2020-09-11T11:45:02.755+0000][26480][gc,age       ] GC(463) - age  15:        368 bytes,   13544888 total
[2020-09-11T11:45:02.755+0000][26480][gc,phases    ] GC(463)   Pre Evacuate Collection Set: 0.5ms
[2020-09-11T11:45:02.755+0000][26480][gc,phases    ] GC(463)   Merge Heap Roots: 0.2ms
[2020-09-11T11:45:02.755+0000][26480][gc,phases    ] GC(463)   Evacuate Collection Set: 4.5ms
[2020-09-11T11:45:02.756+0000][26480][gc,phases    ] GC(463)   Post Evacuate Collection Set: 1.1ms
[2020-09-11T11:45:02.756+0000][26480][gc,phases    ] GC(463)   Other: 1.4ms
[2020-09-11T11:45:02.756+0000][26480][gc,heap      ] GC(463) Eden regions: 45->0(477)
[2020-09-11T11:45:02.756+0000][26480][gc,heap      ] GC(463) Survivor regions: 4->14(63)
[2020-09-11T11:45:02.756+0000][26480][gc,heap      ] GC(463) Old regions: 79->79
[2020-09-11T11:45:02.756+0000][26480][gc,heap      ] GC(463) Archive regions: 0->0
[2020-09-11T11:45:02.756+0000][26480][gc,heap      ] GC(463) Humongous regions: 228->174
[2020-09-11T11:45:02.756+0000][26480][gc,metaspace ] GC(463) Metaspace: 88452K(94488K)->88452K(94488K) NonClass: 77277K(80792K)->77277K(80792K) Class: 11175K(13696K)->11175K(13696K)
[2020-09-11T11:45:02.756+0000][26480][gc           ] GC(463) Pause Young (Concurrent Start) (G1 Humongous Allocation) 354M->265M(1024M) 8.157ms
[2020-09-11T11:45:02.756+0000][26480][gc,cpu       ] GC(463) User=0.00s Sys=0.00s Real=0.01s
[2020-09-11T11:45:02.756+0000][26480][gc           ] GC(464) Concurrent Cycle
[2020-09-11T11:45:02.756+0000][26480][safepoint    ] Safepoint "G1TryInitiateConcMark", Time since last: 19476600 ns, Reaching safepoint: 236800 ns, At safepoint: 8447200 ns, Total: 8684000 ns
[2020-09-11T11:45:02.756+0000][26480][gc,marking   ] GC(464) Concurrent Clear Claimed Marks
[2020-09-11T11:45:02.757+0000][26480][gc,marking   ] GC(464) Concurrent Clear Claimed Marks 0.742ms
[2020-09-11T11:45:02.757+0000][26480][gc,marking   ] GC(464) Concurrent Scan Root Regions
[2020-09-11T11:45:02.760+0000][26480][gc,marking   ] GC(464) Concurrent Scan Root Regions 2.928ms
[2020-09-11T11:45:02.760+0000][26480][gc,marking   ] GC(464) Concurrent Mark (7107.894s)
[2020-09-11T11:45:02.760+0000][26480][gc,marking   ] GC(464) Concurrent Mark From Roots
[2020-09-11T11:45:02.760+0000][26480][gc,task      ] GC(464) Using 2 workers of 2 for marking
[2020-09-11T11:45:02.922+0000][26480][gc,marking   ] GC(464) Concurrent Mark From Roots 162.381ms
[2020-09-11T11:45:02.923+0000][26480][gc,marking   ] GC(464) Concurrent Preclean
[2020-09-11T11:45:02.923+0000][26480][gc,marking   ] GC(464) Concurrent Preclean 0.800ms
[2020-09-11T11:45:02.923+0000][26480][gc,marking   ] GC(464) Concurrent Mark (7107.894s, 7108.058s) 163.400ms
[2020-09-11T11:45:02.924+0000][26480][gc,start     ] GC(464) Pause Remark
[2020-09-11T11:45:02.930+0000][26480][gc           ] GC(464) Pause Remark 501M->501M(1024M) 6.375ms
[2020-09-11T11:45:02.930+0000][26480][gc,cpu       ] GC(464) User=0.00s Sys=0.00s Real=0.01s
[2020-09-11T11:45:02.930+0000][26480][safepoint    ] Safepoint "G1Concurrent", Time since last: 167433800 ns, Reaching safepoint: 175500 ns, At safepoint: 6612200 ns, Total: 6787700 ns
[2020-09-11T11:45:02.930+0000][26480][gc,marking   ] GC(464) Concurrent Rebuild Remembered Sets
[2020-09-11T11:45:03.029+0000][26480][gc,marking   ] GC(464) Concurrent Rebuild Remembered Sets 98.976ms
[2020-09-11T11:45:03.030+0000][26480][gc,start     ] GC(464) Pause Cleanup
[2020-09-11T11:45:03.030+0000][26480][gc           ] GC(464) Pause Cleanup 567M->567M(1024M) 0.381ms
[2020-09-11T11:45:03.030+0000][26480][gc,cpu       ] GC(464) User=0.00s Sys=0.00s Real=0.00s
[2020-09-11T11:45:03.030+0000][26480][safepoint    ] Safepoint "G1Concurrent", Time since last: 99169100 ns, Reaching safepoint: 220600 ns, At safepoint: 588600 ns, Total: 809200 ns
[2020-09-11T11:45:03.030+0000][26480][gc,marking   ] GC(464) Concurrent Cleanup for Next Mark
[2020-09-11T11:45:03.032+0000][26480][gc,marking   ] GC(464) Concurrent Cleanup for Next Mark 1.893ms
[2020-09-11T11:45:03.032+0000][26480][gc           ] GC(464) Concurrent Cycle 276.353ms
[2020-09-11T11:45:03.239+0000][26480][gc,start     ] GC(465) Pause Young (Concurrent Start) (G1 Humongous Allocation)
[2020-09-11T11:45:03.239+0000][26480][gc,task      ] GC(465) Using 8 workers of 8 for evacuation
[2020-09-11T11:45:03.239+0000][26480][gc,age       ] GC(465) Desired survivor size 32505856 bytes, new threshold 15 (max threshold 15)
[2020-09-11T11:45:03.245+0000][26480][gc,age       ] GC(465) Age table with threshold 15 (max threshold 15)
[2020-09-11T11:45:03.245+0000][26480][gc,age       ] GC(465) - age   1:   13625752 bytes,   13625752 total
[2020-09-11T11:45:03.245+0000][26480][gc,age       ] GC(465) - age   2:      11200 bytes,   13636952 total
[2020-09-11T11:45:03.245+0000][26480][gc,age       ] GC(465) - age   3:       1464 bytes,   13638416 total
[2020-09-11T11:45:03.245+0000][26480][gc,age       ] GC(465) - age   4:       1024 bytes,   13639440 total
[2020-09-11T11:45:03.245+0000][26480][gc,age       ] GC(465) - age   5:       1184 bytes,   13640624 total
[2020-09-11T11:45:03.245+0000][26480][gc,age       ] GC(465) - age   6:      11088 bytes,   13651712 total
[2020-09-11T11:45:03.245+0000][26480][gc,age       ] GC(465) - age   7:        184 bytes,   13651896 total
[2020-09-11T11:45:03.245+0000][26480][gc,age       ] GC(465) - age   8:      16848 bytes,   13668744 total
[2020-09-11T11:45:03.245+0000][26480][gc,age       ] GC(465) - age   9:         96 bytes,   13668840 total
[2020-09-11T11:45:03.245+0000][26480][gc,age       ] GC(465) - age  10:        376 bytes,   13669216 total
[2020-09-11T11:45:03.245+0000][26480][gc,age       ] GC(465) - age  11:       1120 bytes,   13670336 total
[2020-09-11T11:45:03.245+0000][26480][gc,age       ] GC(465) - age  12:       1736 bytes,   13672072 total
[2020-09-11T11:45:03.245+0000][26480][gc,age       ] GC(465) - age  13:        320 bytes,   13672392 total
[2020-09-11T11:45:03.245+0000][26480][gc,age       ] GC(465) - age  14:       3608 bytes,   13676000 total
[2020-09-11T11:45:03.245+0000][26480][gc,age       ] GC(465) - age  15:       6904 bytes,   13682904 total
[2020-09-11T11:45:03.245+0000][26480][gc,phases    ] GC(465)   Pre Evacuate Collection Set: 0.4ms
[2020-09-11T11:45:03.245+0000][26480][gc,phases    ] GC(465)   Merge Heap Roots: 0.1ms
[2020-09-11T11:45:03.245+0000][26480][gc,phases    ] GC(465)   Evacuate Collection Set: 3.8ms
[2020-09-11T11:45:03.245+0000][26480][gc,phases    ] GC(465)   Post Evacuate Collection Set: 1.0ms
[2020-09-11T11:45:03.245+0000][26480][gc,phases    ] GC(465)   Other: 1.1ms
[2020-09-11T11:45:03.245+0000][26480][gc,heap      ] GC(465) Eden regions: 99->0(473)
[2020-09-11T11:45:03.245+0000][26480][gc,heap      ] GC(465) Survivor regions: 14->14(62)
[2020-09-11T11:45:03.245+0000][26480][gc,heap      ] GC(465) Old regions: 79->79
[2020-09-11T11:45:03.245+0000][26480][gc,heap      ] GC(465) Archive regions: 0->0
[2020-09-11T11:45:03.245+0000][26480][gc,heap      ] GC(465) Humongous regions: 424->174
[2020-09-11T11:45:03.246+0000][26480][gc,metaspace ] GC(465) Metaspace: 88456K(94488K)->88456K(94488K) NonClass: 77281K(80792K)->77281K(80792K) Class: 11175K(13696K)->11175K(13696K)
[2020-09-11T11:45:03.246+0000][26480][gc           ] GC(465) Pause Young (Concurrent Start) (G1 Humongous Allocation) 614M->265M(1024M) 6.632ms
[2020-09-11T11:45:03.246+0000][26480][gc,cpu       ] GC(465) User=0.02s Sys=0.00s Real=0.01s
[2020-09-11T11:45:03.246+0000][26480][gc           ] GC(466) Concurrent Cycle
[2020-09-11T11:45:03.246+0000][26480][gc,marking   ] GC(466) Concurrent Clear Claimed Marks
[2020-09-11T11:45:03.246+0000][26480][safepoint    ] Safepoint "G1TryInitiateConcMark", Time since last: 208558400 ns, Reaching safepoint: 186000 ns, At safepoint: 6970100 ns, Total: 7156100 ns
[2020-09-11T11:45:03.246+0000][26480][gc,marking   ] GC(466) Concurrent Clear Claimed Marks 0.468ms
[2020-09-11T11:45:03.246+0000][26480][gc,marking   ] GC(466) Concurrent Scan Root Regions
[2020-09-11T11:45:03.250+0000][26480][gc,marking   ] GC(466) Concurrent Scan Root Regions 3.308ms
[2020-09-11T11:45:03.250+0000][26480][gc,marking   ] GC(466) Concurrent Mark (7108.384s)
[2020-09-11T11:45:03.250+0000][26480][gc,marking   ] GC(466) Concurrent Mark From Roots
[2020-09-11T11:45:03.250+0000][26480][gc,task      ] GC(466) Using 2 workers of 2 for marking
[2020-09-11T11:45:03.439+0000][26480][gc,marking   ] GC(466) Concurrent Mark From Roots 189.657ms
[2020-09-11T11:45:03.439+0000][26480][gc,marking   ] GC(466) Concurrent Preclean
[2020-09-11T11:45:03.440+0000][26480][gc,marking   ] GC(466) Concurrent Preclean 0.785ms
[2020-09-11T11:45:03.440+0000][26480][gc,marking   ] GC(466) Concurrent Mark (7108.384s, 7108.575s) 190.624ms
[2020-09-11T11:45:03.441+0000][26480][gc,start     ] GC(466) Pause Remark
[2020-09-11T11:45:03.447+0000][26480][gc           ] GC(466) Pause Remark 509M->509M(1024M) 6.520ms
[2020-09-11T11:45:03.447+0000][26480][gc,cpu       ] GC(466) User=0.00s Sys=0.00s Real=0.01s
[2020-09-11T11:45:03.447+0000][26480][safepoint    ] Safepoint "G1Concurrent", Time since last: 194673800 ns, Reaching safepoint: 189400 ns, At safepoint: 6786600 ns, Total: 6976000 ns
[2020-09-11T11:45:03.447+0000][26480][gc,marking   ] GC(466) Concurrent Rebuild Remembered Sets
[2020-09-11T11:45:03.549+0000][26480][gc,marking   ] GC(466) Concurrent Rebuild Remembered Sets 101.355ms
[2020-09-11T11:45:03.550+0000][26480][gc,start     ] GC(466) Pause Cleanup
[2020-09-11T11:45:03.550+0000][26480][gc           ] GC(466) Pause Cleanup 510M->510M(1024M) 0.386ms
[2020-09-11T11:45:03.550+0000][26480][gc,cpu       ] GC(466) User=0.00s Sys=0.00s Real=0.00s
[2020-09-11T11:45:03.550+0000][26480][safepoint    ] Safepoint "G1Concurrent", Time since last: 101571700 ns, Reaching safepoint: 201300 ns, At safepoint: 552600 ns, Total: 753900 ns
[2020-09-11T11:45:03.550+0000][26480][gc,marking   ] GC(466) Concurrent Cleanup for Next Mark
[2020-09-11T11:45:03.552+0000][26480][gc,marking   ] GC(466) Concurrent Cleanup for Next Mark 1.966ms
[2020-09-11T11:45:03.552+0000][26480][gc           ] GC(466) Concurrent Cycle 306.313ms
[2020-09-11T11:45:03.629+0000][26480][gc,start     ] GC(467) Pause Young (Concurrent Start) (G1 Humongous Allocation)
[2020-09-11T11:45:03.629+0000][26480][gc,task      ] GC(467) Using 8 workers of 8 for evacuation
[2020-09-11T11:45:03.629+0000][26480][gc,age       ] GC(467) Desired survivor size 31981568 bytes, new threshold 15 (max threshold 15)
[2020-09-11T11:45:03.633+0000][26480][gc,age       ] GC(467) Age table with threshold 15 (max threshold 15)
[2020-09-11T11:45:03.633+0000][26480][gc,age       ] GC(467) - age   1:     270720 bytes,     270720 total
[2020-09-11T11:45:03.633+0000][26480][gc,age       ] GC(467) - age   2:    2748136 bytes,    3018856 total
[2020-09-11T11:45:03.633+0000][26480][gc,age       ] GC(467) - age   3:      10808 bytes,    3029664 total
[2020-09-11T11:45:03.634+0000][26480][gc,age       ] GC(467) - age   4:       1216 bytes,    3030880 total
[2020-09-11T11:45:03.634+0000][26480][gc,age       ] GC(467) - age   5:       1024 bytes,    3031904 total
[2020-09-11T11:45:03.634+0000][26480][gc,age       ] GC(467) - age   6:       1184 bytes,    3033088 total
[2020-09-11T11:45:03.634+0000][26480][gc,age       ] GC(467) - age   7:      11088 bytes,    3044176 total
[2020-09-11T11:45:03.634+0000][26480][gc,age       ] GC(467) - age   8:        184 bytes,    3044360 total
[2020-09-11T11:45:03.634+0000][26480][gc,age       ] GC(467) - age   9:      16848 bytes,    3061208 total
[2020-09-11T11:45:03.634+0000][26480][gc,age       ] GC(467) - age  10:         96 bytes,    3061304 total
[2020-09-11T11:45:03.634+0000][26480][gc,age       ] GC(467) - age  11:        376 bytes,    3061680 total
[2020-09-11T11:45:03.634+0000][26480][gc,age       ] GC(467) - age  12:       1120 bytes,    3062800 total
[2020-09-11T11:45:03.634+0000][26480][gc,age       ] GC(467) - age  13:       1736 bytes,    3064536 total
[2020-09-11T11:45:03.634+0000][26480][gc,age       ] GC(467) - age  14:        320 bytes,    3064856 total
[2020-09-11T11:45:03.634+0000][26480][gc,age       ] GC(467) - age  15:       3608 bytes,    3068464 total
[2020-09-11T11:45:03.634+0000][26480][gc,phases    ] GC(467)   Pre Evacuate Collection Set: 0.4ms
[2020-09-11T11:45:03.634+0000][26480][gc,phases    ] GC(467)   Merge Heap Roots: 0.1ms
[2020-09-11T11:45:03.634+0000][26480][gc,phases    ] GC(467)   Evacuate Collection Set: 2.3ms
[2020-09-11T11:45:03.634+0000][26480][gc,phases    ] GC(467)   Post Evacuate Collection Set: 1.0ms
[2020-09-11T11:45:03.634+0000][26480][gc,phases    ] GC(467)   Other: 1.0ms
[2020-09-11T11:45:03.634+0000][26480][gc,heap      ] GC(467) Eden regions: 52->0(489)
[2020-09-11T11:45:03.634+0000][26480][gc,heap      ] GC(467) Survivor regions: 14->4(61)
[2020-09-11T11:45:03.634+0000][26480][gc,heap      ] GC(467) Old regions: 79->79
[2020-09-11T11:45:03.634+0000][26480][gc,heap      ] GC(467) Archive regions: 0->0
[2020-09-11T11:45:03.634+0000][26480][gc,heap      ] GC(467) Humongous regions: 378->174
[2020-09-11T11:45:03.634+0000][26480][gc,metaspace ] GC(467) Metaspace: 88456K(94488K)->88456K(94488K) NonClass: 77281K(80792K)->77281K(80792K) Class: 11175K(13696K)->11175K(13696K)
[2020-09-11T11:45:03.635+0000][26480][gc           ] GC(467) Pause Young (Concurrent Start) (G1 Humongous Allocation) 521M->256M(1024M) 5.207ms
[2020-09-11T11:45:03.635+0000][26480][gc,cpu       ] GC(467) User=0.00s Sys=0.00s Real=0.01s
[2020-09-11T11:45:03.635+0000][26480][gc           ] GC(468) Concurrent Cycle
[2020-09-11T11:45:03.635+0000][26480][safepoint    ] Safepoint "G1TryInitiateConcMark", Time since last: 79015900 ns, Reaching safepoint: 162300 ns, At safepoint: 5458200 ns, Total: 5620500 ns
[2020-09-11T11:45:03.635+0000][26480][gc,marking   ] GC(468) Concurrent Clear Claimed Marks
[2020-09-11T11:45:03.636+0000][26480][gc,marking   ] GC(468) Concurrent Clear Claimed Marks 0.877ms
[2020-09-11T11:45:03.636+0000][26480][gc,marking   ] GC(468) Concurrent Scan Root Regions
[2020-09-11T11:45:03.639+0000][26480][gc,marking   ] GC(468) Concurrent Scan Root Regions 2.702ms
[2020-09-11T11:45:03.639+0000][26480][gc,marking   ] GC(468) Concurrent Mark (7108.773s)
[2020-09-11T11:45:03.639+0000][26480][gc,marking   ] GC(468) Concurrent Mark From Roots
[2020-09-11T11:45:03.639+0000][26480][gc,task      ] GC(468) Using 2 workers of 2 for marking
[2020-09-11T11:45:03.757+0000][26480][gc,marking   ] GC(468) Concurrent Mark From Roots 117.997ms
[2020-09-11T11:45:03.757+0000][26480][gc,marking   ] GC(468) Concurrent Preclean
[2020-09-11T11:45:03.757+0000][26480][gc,marking   ] GC(468) Concurrent Preclean 0.511ms
[2020-09-11T11:45:03.757+0000][26480][gc,marking   ] GC(468) Concurrent Mark (7108.773s, 7108.891s) 118.649ms
[2020-09-11T11:45:03.758+0000][26480][gc,start     ] GC(468) Pause Remark
[2020-09-11T11:45:03.764+0000][26480][gc           ] GC(468) Pause Remark 323M->323M(1024M) 6.256ms
[2020-09-11T11:45:03.764+0000][26480][gc,cpu       ] GC(468) User=0.11s Sys=0.00s Real=0.01s
[2020-09-11T11:45:03.764+0000][26480][safepoint    ] Safepoint "G1Concurrent", Time since last: 122631900 ns, Reaching safepoint: 145600 ns, At safepoint: 6521400 ns, Total: 6667000 ns
[2020-09-11T11:45:03.764+0000][26480][gc,marking   ] GC(468) Concurrent Rebuild Remembered Sets
[2020-09-11T11:45:03.853+0000][26480][gc,marking   ] GC(468) Concurrent Rebuild Remembered Sets 89.062ms
[2020-09-11T11:45:03.853+0000][26480][gc,start     ] GC(468) Pause Cleanup
[2020-09-11T11:45:03.854+0000][26480][gc           ] GC(468) Pause Cleanup 327M->327M(1024M) 0.377ms
[2020-09-11T11:45:03.854+0000][26480][gc,cpu       ] GC(468) User=0.00s Sys=0.02s Real=0.00s
[2020-09-11T11:45:03.854+0000][26480][safepoint    ] Safepoint "G1Concurrent", Time since last: 89249100 ns, Reaching safepoint: 170000 ns, At safepoint: 563300 ns, Total: 733300 ns
[2020-09-11T11:45:03.854+0000][26480][gc,marking   ] GC(468) Concurrent Cleanup for Next Mark
[2020-09-11T11:45:03.856+0000][26480][gc,marking   ] GC(468) Concurrent Cleanup for Next Mark 2.314ms
[2020-09-11T11:45:03.857+0000][26480][gc           ] GC(468) Concurrent Cycle 221.833ms
[2020-09-11T11:45:03.891+0000][26480][gc,start     ] GC(469) Pause Young (Concurrent Start) (G1 Humongous Allocation)
[2020-09-11T11:45:03.891+0000][26480][gc,task      ] GC(469) Using 8 workers of 8 for evacuation
[2020-09-11T11:45:03.891+0000][26480][gc,age       ] GC(469) Desired survivor size 32505856 bytes, new threshold 15 (max threshold 15)
[2020-09-11T11:45:03.894+0000][26480][gc,age       ] GC(469) Age table with threshold 15 (max threshold 15)
[2020-09-11T11:45:03.894+0000][26480][gc,age       ] GC(469) - age   1:    3637616 bytes,    3637616 total
[2020-09-11T11:45:03.894+0000][26480][gc,age       ] GC(469) - age   2:     209296 bytes,    3846912 total
[2020-09-11T11:45:03.894+0000][26480][gc,age       ] GC(469) - age   3:       9880 bytes,    3856792 total
[2020-09-11T11:45:03.894+0000][26480][gc,age       ] GC(469) - age   4:      10664 bytes,    3867456 total
[2020-09-11T11:45:03.894+0000][26480][gc,age       ] GC(469) - age   5:       1184 bytes,    3868640 total
[2020-09-11T11:45:03.894+0000][26480][gc,age       ] GC(469) - age   6:       1024 bytes,    3869664 total
[2020-09-11T11:45:03.894+0000][26480][gc,age       ] GC(469) - age   7:       1088 bytes,    3870752 total
[2020-09-11T11:45:03.894+0000][26480][gc,age       ] GC(469) - age   8:      10992 bytes,    3881744 total
[2020-09-11T11:45:03.895+0000][26480][gc,age       ] GC(469) - age   9:        152 bytes,    3881896 total
[2020-09-11T11:45:03.895+0000][26480][gc,age       ] GC(469) - age  10:      16784 bytes,    3898680 total
[2020-09-11T11:45:03.895+0000][26480][gc,age       ] GC(469) - age  11:         96 bytes,    3898776 total
[2020-09-11T11:45:03.895+0000][26480][gc,age       ] GC(469) - age  12:        312 bytes,    3899088 total
[2020-09-11T11:45:03.895+0000][26480][gc,age       ] GC(469) - age  13:       1024 bytes,    3900112 total
[2020-09-11T11:45:03.895+0000][26480][gc,age       ] GC(469) - age  14:       1704 bytes,    3901816 total
[2020-09-11T11:45:03.895+0000][26480][gc,age       ] GC(469) - age  15:        320 bytes,    3902136 total
[2020-09-11T11:45:03.895+0000][26480][gc,phases    ] GC(469)   Pre Evacuate Collection Set: 0.4ms
[2020-09-11T11:45:03.895+0000][26480][gc,phases    ] GC(469)   Merge Heap Roots: 0.1ms
[2020-09-11T11:45:03.895+0000][26480][gc,phases    ] GC(469)   Evacuate Collection Set: 2.0ms
[2020-09-11T11:45:03.895+0000][26480][gc,phases    ] GC(469)   Post Evacuate Collection Set: 0.7ms
[2020-09-11T11:45:03.895+0000][26480][gc,phases    ] GC(469)   Other: 1.1ms
[2020-09-11T11:45:03.895+0000][26480][gc,heap      ] GC(469) Eden regions: 28->0(490)
[2020-09-11T11:45:03.895+0000][26480][gc,heap      ] GC(469) Survivor regions: 4->5(62)
[2020-09-11T11:45:03.895+0000][26480][gc,heap      ] GC(469) Old regions: 79->79
[2020-09-11T11:45:03.895+0000][26480][gc,heap      ] GC(469) Archive regions: 0->0
[2020-09-11T11:45:03.895+0000][26480][gc,heap      ] GC(469) Humongous regions: 228->174
[2020-09-11T11:45:03.895+0000][26480][gc,metaspace ] GC(469) Metaspace: 88456K(94488K)->88456K(94488K) NonClass: 77281K(80792K)->77281K(80792K) Class: 11175K(13696K)->11175K(13696K)
[2020-09-11T11:45:03.895+0000][26480][gc           ] GC(469) Pause Young (Concurrent Start) (G1 Humongous Allocation) 337M->256M(1024M) 4.783ms
[2020-09-11T11:45:03.895+0000][26480][gc,cpu       ] GC(469) User=0.00s Sys=0.00s Real=0.00s
[2020-09-11T11:45:03.895+0000][26480][gc           ] GC(470) Concurrent Cycle
[2020-09-11T11:45:03.895+0000][26480][safepoint    ] Safepoint "G1TryInitiateConcMark", Time since last: 36307500 ns, Reaching safepoint: 171700 ns, At safepoint: 4999600 ns, Total: 5171300 ns
[2020-09-11T11:45:03.896+0000][26480][gc,marking   ] GC(470) Concurrent Clear Claimed Marks
[2020-09-11T11:45:03.896+0000][26480][gc,marking   ] GC(470) Concurrent Clear Claimed Marks 0.532ms
[2020-09-11T11:45:03.896+0000][26480][gc,marking   ] GC(470) Concurrent Scan Root Regions
[2020-09-11T11:45:03.899+0000][26480][gc,marking   ] GC(470) Concurrent Scan Root Regions 2.626ms
[2020-09-11T11:45:03.899+0000][26480][gc,marking   ] GC(470) Concurrent Mark (7109.033s)
[2020-09-11T11:45:03.899+0000][26480][gc,marking   ] GC(470) Concurrent Mark From Roots
[2020-09-11T11:45:03.899+0000][26480][gc,task      ] GC(470) Using 2 workers of 2 for marking
[2020-09-11T11:45:04.045+0000][26480][gc,marking   ] GC(470) Concurrent Mark From Roots 146.479ms
[2020-09-11T11:45:04.046+0000][26480][gc,marking   ] GC(470) Concurrent Preclean
[2020-09-11T11:45:04.046+0000][26480][gc,marking   ] GC(470) Concurrent Preclean 0.693ms
[2020-09-11T11:45:04.046+0000][26480][gc,marking   ] GC(470) Concurrent Mark (7109.033s, 7109.180s) 147.397ms
[2020-09-11T11:45:04.047+0000][26480][gc,start     ] GC(470) Pause Remark
[2020-09-11T11:45:04.053+0000][26480][gc           ] GC(470) Pause Remark 317M->317M(1024M) 5.953ms
[2020-09-11T11:45:04.053+0000][26480][gc,cpu       ] GC(470) User=0.00s Sys=0.00s Real=0.01s
[2020-09-11T11:45:04.053+0000][26480][safepoint    ] Safepoint "G1Concurrent", Time since last: 150908800 ns, Reaching safepoint: 170600 ns, At safepoint: 6246300 ns, Total: 6416900 ns
[2020-09-11T11:45:04.053+0000][26480][gc,marking   ] GC(470) Concurrent Rebuild Remembered Sets
[2020-09-11T11:45:04.144+0000][26480][gc,marking   ] GC(470) Concurrent Rebuild Remembered Sets 90.805ms
[2020-09-11T11:45:04.144+0000][26480][gc,start     ] GC(470) Pause Cleanup
[2020-09-11T11:45:04.144+0000][26480][gc           ] GC(470) Pause Cleanup 388M->388M(1024M) 0.347ms
[2020-09-11T11:45:04.144+0000][26480][gc,cpu       ] GC(470) User=0.00s Sys=0.00s Real=0.00s
[2020-09-11T11:45:04.144+0000][26480][safepoint    ] Safepoint "G1Concurrent", Time since last: 91013100 ns, Reaching safepoint: 147000 ns, At safepoint: 504200 ns, Total: 651200 ns
[2020-09-11T11:45:04.145+0000][26480][gc,marking   ] GC(470) Concurrent Cleanup for Next Mark
[2020-09-11T11:45:04.146+0000][26480][gc,marking   ] GC(470) Concurrent Cleanup for Next Mark 1.705ms
[2020-09-11T11:45:04.146+0000][26480][gc           ] GC(470) Concurrent Cycle 250.972ms
[2020-09-11T11:45:04.299+0000][26480][gc,start     ] GC(471) Pause Young (Concurrent Start) (G1 Humongous Allocation)
[2020-09-11T11:45:04.299+0000][26480][gc,task      ] GC(471) Using 8 workers of 8 for evacuation
[2020-09-11T11:45:04.299+0000][26480][gc,age       ] GC(471) Desired survivor size 32505856 bytes, new threshold 15 (max threshold 15)
[2020-09-11T11:45:04.303+0000][26480][gc,age       ] GC(471) Age table with threshold 15 (max threshold 15)
[2020-09-11T11:45:04.303+0000][26480][gc,age       ] GC(471) - age   1:    3312888 bytes,    3312888 total
[2020-09-11T11:45:04.303+0000][26480][gc,age       ] GC(471) - age   2:     590120 bytes,    3903008 total
[2020-09-11T11:45:04.303+0000][26480][gc,age       ] GC(471) - age   3:       9176 bytes,    3912184 total
[2020-09-11T11:45:04.304+0000][26480][gc,age       ] GC(471) - age   4:       5528 bytes,    3917712 total
[2020-09-11T11:45:04.304+0000][26480][gc,age       ] GC(471) - age   5:      10504 bytes,    3928216 total
[2020-09-11T11:45:04.304+0000][26480][gc,age       ] GC(471) - age   6:       1088 bytes,    3929304 total
[2020-09-11T11:45:04.304+0000][26480][gc,age       ] GC(471) - age   7:        928 bytes,    3930232 total
[2020-09-11T11:45:04.304+0000][26480][gc,age       ] GC(471) - age   8:        992 bytes,    3931224 total
[2020-09-11T11:45:04.304+0000][26480][gc,age       ] GC(471) - age   9:      10896 bytes,    3942120 total
[2020-09-11T11:45:04.304+0000][26480][gc,age       ] GC(471) - age  10:        152 bytes,    3942272 total
[2020-09-11T11:45:04.304+0000][26480][gc,age       ] GC(471) - age  11:      16752 bytes,    3959024 total
[2020-09-11T11:45:04.304+0000][26480][gc,age       ] GC(471) - age  12:         96 bytes,    3959120 total
[2020-09-11T11:45:04.304+0000][26480][gc,age       ] GC(471) - age  13:        312 bytes,    3959432 total
[2020-09-11T11:45:04.304+0000][26480][gc,age       ] GC(471) - age  14:       1024 bytes,    3960456 total
[2020-09-11T11:45:04.304+0000][26480][gc,age       ] GC(471) - age  15:       1704 bytes,    3962160 total
[2020-09-11T11:45:04.304+0000][26480][gc,phases    ] GC(471)   Pre Evacuate Collection Set: 0.6ms
[2020-09-11T11:45:04.304+0000][26480][gc,phases    ] GC(471)   Merge Heap Roots: 0.2ms
[2020-09-11T11:45:04.304+0000][26480][gc,phases    ] GC(471)   Evacuate Collection Set: 2.1ms
[2020-09-11T11:45:04.304+0000][26480][gc,phases    ] GC(471)   Post Evacuate Collection Set: 1.1ms
[2020-09-11T11:45:04.304+0000][26480][gc,phases    ] GC(471)   Other: 1.3ms
[2020-09-11T11:45:04.304+0000][26480][gc,heap      ] GC(471) Eden regions: 41->0(493)
[2020-09-11T11:45:04.304+0000][26480][gc,heap      ] GC(471) Survivor regions: 5->5(62)
[2020-09-11T11:45:04.305+0000][26480][gc,heap      ] GC(471) Old regions: 79->79
[2020-09-11T11:45:04.305+0000][26480][gc,heap      ] GC(471) Archive regions: 0->0
[2020-09-11T11:45:04.305+0000][26480][gc,heap      ] GC(471) Humongous regions: 276->174
[2020-09-11T11:45:04.305+0000][26480][gc,metaspace ] GC(471) Metaspace: 88456K(94488K)->88456K(94488K) NonClass: 77281K(80792K)->77281K(80792K) Class: 11175K(13696K)->11175K(13696K)
[2020-09-11T11:45:04.305+0000][26480][gc           ] GC(471) Pause Young (Concurrent Start) (G1 Humongous Allocation) 399M->256M(1024M) 5.758ms
[2020-09-11T11:45:04.305+0000][26480][gc,cpu       ] GC(471) User=0.00s Sys=0.00s Real=0.01s
[2020-09-11T11:45:04.305+0000][26480][gc           ] GC(472) Concurrent Cycle
[2020-09-11T11:45:04.305+0000][26480][safepoint    ] Safepoint "G1TryInitiateConcMark", Time since last: 154804400 ns, Reaching safepoint: 165900 ns, At safepoint: 6016500 ns, Total: 6182400 ns
[2020-09-11T11:45:04.305+0000][26480][gc,marking   ] GC(472) Concurrent Clear Claimed Marks
[2020-09-11T11:45:04.305+0000][26480][gc,marking   ] GC(472) Concurrent Clear Claimed Marks 0.452ms
[2020-09-11T11:45:04.305+0000][26480][gc,marking   ] GC(472) Concurrent Scan Root Regions
[2020-09-11T11:45:04.308+0000][26480][gc,marking   ] GC(472) Concurrent Scan Root Regions 2.418ms
[2020-09-11T11:45:04.308+0000][26480][gc,marking   ] GC(472) Concurrent Mark (7109.443s)
[2020-09-11T11:45:04.308+0000][26480][gc,marking   ] GC(472) Concurrent Mark From Roots
[2020-09-11T11:45:04.308+0000][26480][gc,task      ] GC(472) Using 2 workers of 2 for marking
[2020-09-11T11:45:04.458+0000][26480][gc,marking   ] GC(472) Concurrent Mark From Roots 150.271ms
[2020-09-11T11:45:04.458+0000][26480][gc,marking   ] GC(472) Concurrent Preclean
[2020-09-11T11:45:04.459+0000][26480][gc,marking   ] GC(472) Concurrent Preclean 0.788ms
[2020-09-11T11:45:04.459+0000][26480][gc,marking   ] GC(472) Concurrent Mark (7109.443s, 7109.594s) 151.259ms
[2020-09-11T11:45:04.459+0000][26480][gc,start     ] GC(472) Pause Remark
[2020-09-11T11:45:04.466+0000][26480][gc           ] GC(472) Pause Remark 318M->318M(1024M) 6.596ms
[2020-09-11T11:45:04.466+0000][26480][gc,cpu       ] GC(472) User=0.11s Sys=0.00s Real=0.01s
[2020-09-11T11:45:04.466+0000][26480][safepoint    ] Safepoint "G1Concurrent", Time since last: 154403700 ns, Reaching safepoint: 163300 ns, At safepoint: 6859500 ns, Total: 7022800 ns
[2020-09-11T11:45:04.466+0000][26480][gc,marking   ] GC(472) Concurrent Rebuild Remembered Sets
[2020-09-11T11:45:04.549+0000][26480][gc,marking   ] GC(472) Concurrent Rebuild Remembered Sets 82.712ms
[2020-09-11T11:45:04.549+0000][26480][gc,start     ] GC(472) Pause Cleanup
[2020-09-11T11:45:04.550+0000][26480][gc           ] GC(472) Pause Cleanup 385M->385M(1024M) 0.335ms
[2020-09-11T11:45:04.550+0000][26480][gc,cpu       ] GC(472) User=0.00s Sys=0.00s Real=0.00s
[2020-09-11T11:45:04.550+0000][26480][safepoint    ] Safepoint "G1Concurrent", Time since last: 82881400 ns, Reaching safepoint: 162700 ns, At safepoint: 518700 ns, Total: 681400 ns
[2020-09-11T11:45:04.550+0000][26480][gc,marking   ] GC(472) Concurrent Cleanup for Next Mark
[2020-09-11T11:45:04.552+0000][26480][gc,marking   ] GC(472) Concurrent Cleanup for Next Mark 1.811ms
[2020-09-11T11:45:04.552+0000][26480][gc           ] GC(472) Concurrent Cycle 246.993ms
[2020-09-11T11:45:04.687+0000][26480][gc,start     ] GC(473) Pause Young (Concurrent Start) (G1 Humongous Allocation)
[2020-09-11T11:45:04.687+0000][26480][gc,task      ] GC(473) Using 8 workers of 8 for evacuation
[2020-09-11T11:45:04.687+0000][26480][gc,age       ] GC(473) Desired survivor size 33030144 bytes, new threshold 15 (max threshold 15)
[2020-09-11T11:45:04.691+0000][26480][gc,age       ] GC(473) Age table with threshold 15 (max threshold 15)
[2020-09-11T11:45:04.691+0000][26480][gc,age       ] GC(473) - age   1:    3184920 bytes,    3184920 total
[2020-09-11T11:45:04.691+0000][26480][gc,age       ] GC(473) - age   2:     407664 bytes,    3592584 total
[2020-09-11T11:45:04.691+0000][26480][gc,age       ] GC(473) - age   3:     194920 bytes,    3787504 total
[2020-09-11T11:45:04.691+0000][26480][gc,age       ] GC(473) - age   4:       5920 bytes,    3793424 total
[2020-09-11T11:45:04.691+0000][26480][gc,age       ] GC(473) - age   5:       3640 bytes,    3797064 total
[2020-09-11T11:45:04.691+0000][26480][gc,age       ] GC(473) - age   6:      10472 bytes,    3807536 total
[2020-09-11T11:45:04.691+0000][26480][gc,age       ] GC(473) - age   7:        864 bytes,    3808400 total
[2020-09-11T11:45:04.691+0000][26480][gc,age       ] GC(473) - age   8:        512 bytes,    3808912 total
[2020-09-11T11:45:04.691+0000][26480][gc,age       ] GC(473) - age   9:        960 bytes,    3809872 total
[2020-09-11T11:45:04.691+0000][26480][gc,age       ] GC(473) - age  10:      10896 bytes,    3820768 total
[2020-09-11T11:45:04.691+0000][26480][gc,age       ] GC(473) - age  11:        152 bytes,    3820920 total
[2020-09-11T11:45:04.691+0000][26480][gc,age       ] GC(473) - age  12:      16752 bytes,    3837672 total
[2020-09-11T11:45:04.691+0000][26480][gc,age       ] GC(473) - age  13:         96 bytes,    3837768 total
[2020-09-11T11:45:04.691+0000][26480][gc,age       ] GC(473) - age  14:        312 bytes,    3838080 total
[2020-09-11T11:45:04.691+0000][26480][gc,age       ] GC(473) - age  15:        960 bytes,    3839040 total
[2020-09-11T11:45:04.691+0000][26480][gc,phases    ] GC(473)   Pre Evacuate Collection Set: 0.4ms
[2020-09-11T11:45:04.691+0000][26480][gc,phases    ] GC(473)   Merge Heap Roots: 0.1ms
[2020-09-11T11:45:04.691+0000][26480][gc,phases    ] GC(473)   Evacuate Collection Set: 2.0ms
[2020-09-11T11:45:04.691+0000][26480][gc,phases    ] GC(473)   Post Evacuate Collection Set: 0.8ms
[2020-09-11T11:45:04.691+0000][26480][gc,phases    ] GC(473)   Other: 0.7ms
[2020-09-11T11:45:04.691+0000][26480][gc,heap      ] GC(473) Eden regions: 41->0(495)
[2020-09-11T11:45:04.691+0000][26480][gc,heap      ] GC(473) Survivor regions: 5->5(63)
[2020-09-11T11:45:04.691+0000][26480][gc,heap      ] GC(473) Old regions: 79->79
[2020-09-11T11:45:04.691+0000][26480][gc,heap      ] GC(473) Archive regions: 0->0
[2020-09-11T11:45:04.691+0000][26480][gc,heap      ] GC(473) Humongous regions: 278->174
[2020-09-11T11:45:04.691+0000][26480][gc,metaspace ] GC(473) Metaspace: 88456K(94488K)->88456K(94488K) NonClass: 77281K(80792K)->77281K(80792K) Class: 11175K(13696K)->11175K(13696K)
[2020-09-11T11:45:04.691+0000][26480][gc           ] GC(473) Pause Young (Concurrent Start) (G1 Humongous Allocation) 401M->256M(1024M) 4.142ms
[2020-09-11T11:45:04.691+0000][26480][gc,cpu       ] GC(473) User=0.00s Sys=0.00s Real=0.00s
[2020-09-11T11:45:04.691+0000][26480][gc           ] GC(474) Concurrent Cycle
[2020-09-11T11:45:04.691+0000][26480][gc,marking   ] GC(474) Concurrent Clear Claimed Marks
[2020-09-11T11:45:04.691+0000][26480][safepoint    ] Safepoint "G1TryInitiateConcMark", Time since last: 137178100 ns, Reaching safepoint: 140900 ns, At safepoint: 4332500 ns, Total: 4473400 ns
[2020-09-11T11:45:04.692+0000][26480][gc,marking   ] GC(474) Concurrent Clear Claimed Marks 0.513ms
[2020-09-11T11:45:04.692+0000][26480][gc,marking   ] GC(474) Concurrent Scan Root Regions
[2020-09-11T11:45:04.694+0000][26480][gc,marking   ] GC(474) Concurrent Scan Root Regions 1.813ms
[2020-09-11T11:45:04.694+0000][26480][gc,marking   ] GC(474) Concurrent Mark (7109.829s)
[2020-09-11T11:45:04.694+0000][26480][gc,marking   ] GC(474) Concurrent Mark From Roots
[2020-09-11T11:45:04.694+0000][26480][gc,task      ] GC(474) Using 2 workers of 2 for marking
[2020-09-11T11:45:04.798+0000][26480][gc,marking   ] GC(474) Concurrent Mark From Roots 103.400ms
[2020-09-11T11:45:04.798+0000][26480][gc,marking   ] GC(474) Concurrent Preclean
[2020-09-11T11:45:04.798+0000][26480][gc,marking   ] GC(474) Concurrent Preclean 0.519ms
[2020-09-11T11:45:04.798+0000][26480][gc,marking   ] GC(474) Concurrent Mark (7109.829s, 7109.933s) 104.066ms
[2020-09-11T11:45:04.799+0000][26480][gc,start     ] GC(474) Pause Remark
[2020-09-11T11:45:04.805+0000][26480][gc           ] GC(474) Pause Remark 314M->314M(1024M) 6.324ms
[2020-09-11T11:45:04.805+0000][26480][gc,cpu       ] GC(474) User=0.00s Sys=0.00s Real=0.01s
[2020-09-11T11:45:04.805+0000][26480][safepoint    ] Safepoint "G1Concurrent", Time since last: 106624000 ns, Reaching safepoint: 161700 ns, At safepoint: 6595200 ns, Total: 6756900 ns
[2020-09-11T11:45:04.805+0000][26480][gc,marking   ] GC(474) Concurrent Rebuild Remembered Sets
[2020-09-11T11:45:04.890+0000][26480][gc,marking   ] GC(474) Concurrent Rebuild Remembered Sets 84.250ms
[2020-09-11T11:45:04.890+0000][26480][gc,start     ] GC(474) Pause Cleanup
[2020-09-11T11:45:04.890+0000][26480][gc           ] GC(474) Pause Cleanup 322M->322M(1024M) 0.270ms
[2020-09-11T11:45:04.890+0000][26480][gc,cpu       ] GC(474) User=0.00s Sys=0.00s Real=0.00s
[2020-09-11T11:45:04.890+0000][26480][safepoint    ] Safepoint "G1Concurrent", Time since last: 84497900 ns, Reaching safepoint: 148800 ns, At safepoint: 421200 ns, Total: 570000 ns
[2020-09-11T11:45:04.890+0000][26480][gc,marking   ] GC(474) Concurrent Cleanup for Next Mark
[2020-09-11T11:45:04.892+0000][26480][gc,marking   ] GC(474) Concurrent Cleanup for Next Mark 1.669ms
[2020-09-11T11:45:04.892+0000][26480][gc           ] GC(474) Concurrent Cycle 200.358ms
[2020-09-11T11:45:04.922+0000][26480][gc,start     ] GC(475) Pause Young (Concurrent Start) (G1 Humongous Allocation)
[2020-09-11T11:45:04.922+0000][26480][gc,task      ] GC(475) Using 8 workers of 8 for evacuation
[2020-09-11T11:45:04.923+0000][26480][gc,age       ] GC(475) Desired survivor size 33030144 bytes, new threshold 15 (max threshold 15)
[2020-09-11T11:45:04.926+0000][26480][gc,age       ] GC(475) Age table with threshold 15 (max threshold 15)
[2020-09-11T11:45:04.926+0000][26480][gc,age       ] GC(475) - age   1:    2412072 bytes,    2412072 total
[2020-09-11T11:45:04.926+0000][26480][gc,age       ] GC(475) - age   2:       2888 bytes,    2414960 total
[2020-09-11T11:45:04.926+0000][26480][gc,age       ] GC(475) - age   3:       3520 bytes,    2418480 total
[2020-09-11T11:45:04.926+0000][26480][gc,age       ] GC(475) - age   4:       1136 bytes,    2419616 total
[2020-09-11T11:45:04.926+0000][26480][gc,age       ] GC(475) - age   5:        224 bytes,    2419840 total
[2020-09-11T11:45:04.926+0000][26480][gc,age       ] GC(475) - age   6:       2000 bytes,    2421840 total
[2020-09-11T11:45:04.926+0000][26480][gc,age       ] GC(475) - age   7:      10048 bytes,    2431888 total
[2020-09-11T11:45:04.926+0000][26480][gc,age       ] GC(475) - age   8:        704 bytes,    2432592 total
[2020-09-11T11:45:04.926+0000][26480][gc,age       ] GC(475) - age   9:        448 bytes,    2433040 total
[2020-09-11T11:45:04.926+0000][26480][gc,age       ] GC(475) - age  10:        960 bytes,    2434000 total
[2020-09-11T11:45:04.926+0000][26480][gc,age       ] GC(475) - age  11:      10864 bytes,    2444864 total
[2020-09-11T11:45:04.926+0000][26480][gc,age       ] GC(475) - age  12:        152 bytes,    2445016 total
[2020-09-11T11:45:04.926+0000][26480][gc,age       ] GC(475) - age  13:      16752 bytes,    2461768 total
[2020-09-11T11:45:04.926+0000][26480][gc,age       ] GC(475) - age  14:         96 bytes,    2461864 total
[2020-09-11T11:45:04.926+0000][26480][gc,age       ] GC(475) - age  15:        312 bytes,    2462176 total
[2020-09-11T11:45:04.926+0000][26480][gc,phases    ] GC(475)   Pre Evacuate Collection Set: 0.4ms
[2020-09-11T11:45:04.926+0000][26480][gc,phases    ] GC(475)   Merge Heap Roots: 0.1ms
[2020-09-11T11:45:04.926+0000][26480][gc,phases    ] GC(475)   Evacuate Collection Set: 1.9ms
[2020-09-11T11:45:04.926+0000][26480][gc,phases    ] GC(475)   Post Evacuate Collection Set: 0.5ms
[2020-09-11T11:45:04.926+0000][26480][gc,phases    ] GC(475)   Other: 0.7ms
[2020-09-11T11:45:04.926+0000][26480][gc,heap      ] GC(475) Eden regions: 29->0(499)
[2020-09-11T11:45:04.926+0000][26480][gc,heap      ] GC(475) Survivor regions: 5->3(63)
[2020-09-11T11:45:04.926+0000][26480][gc,heap      ] GC(475) Old regions: 79->79
[2020-09-11T11:45:04.926+0000][26480][gc,heap      ] GC(475) Archive regions: 0->0
[2020-09-11T11:45:04.926+0000][26480][gc,heap      ] GC(475) Humongous regions: 228->174
[2020-09-11T11:45:04.926+0000][26480][gc,metaspace ] GC(475) Metaspace: 88468K(94488K)->88468K(94488K) NonClass: 77292K(80792K)->77292K(80792K) Class: 11175K(13696K)->11175K(13696K)
[2020-09-11T11:45:04.926+0000][26480][gc           ] GC(475) Pause Young (Concurrent Start) (G1 Humongous Allocation) 339M->254M(1024M) 3.832ms
[2020-09-11T11:45:04.926+0000][26480][gc,cpu       ] GC(475) User=0.00s Sys=0.00s Real=0.00s
[2020-09-11T11:45:04.926+0000][26480][gc           ] GC(476) Concurrent Cycle
[2020-09-11T11:45:04.926+0000][26480][safepoint    ] Safepoint "G1TryInitiateConcMark", Time since last: 32011800 ns, Reaching safepoint: 162100 ns, At safepoint: 3986900 ns, Total: 4149000 ns
[2020-09-11T11:45:04.926+0000][26480][gc,marking   ] GC(476) Concurrent Clear Claimed Marks
[2020-09-11T11:45:04.927+0000][26480][gc,marking   ] GC(476) Concurrent Clear Claimed Marks 0.462ms
[2020-09-11T11:45:04.927+0000][26480][gc,marking   ] GC(476) Concurrent Scan Root Regions
[2020-09-11T11:45:04.928+0000][26480][gc,marking   ] GC(476) Concurrent Scan Root Regions 1.452ms
[2020-09-11T11:45:04.928+0000][26480][gc,marking   ] GC(476) Concurrent Mark (7110.063s)
[2020-09-11T11:45:04.928+0000][26480][gc,marking   ] GC(476) Concurrent Mark From Roots
[2020-09-11T11:45:04.928+0000][26480][gc,task      ] GC(476) Using 2 workers of 2 for marking
[2020-09-11T11:45:05.046+0000][26480][gc,marking   ] GC(476) Concurrent Mark From Roots 117.083ms
[2020-09-11T11:45:05.046+0000][26480][gc,marking   ] GC(476) Concurrent Preclean
[2020-09-11T11:45:05.047+0000][26480][gc,marking   ] GC(476) Concurrent Preclean 0.770ms
[2020-09-11T11:45:05.047+0000][26480][gc,marking   ] GC(476) Concurrent Mark (7110.063s, 7110.181s) 118.054ms
[2020-09-11T11:45:05.047+0000][26480][gc,start     ] GC(476) Pause Remark
[2020-09-11T11:45:05.055+0000][26480][gc           ] GC(476) Pause Remark 306M->306M(1024M) 8.301ms
[2020-09-11T11:45:05.055+0000][26480][gc,cpu       ] GC(476) User=0.00s Sys=0.00s Real=0.01s
[2020-09-11T11:45:05.055+0000][26480][safepoint    ] Safepoint "G1Concurrent", Time since last: 120241600 ns, Reaching safepoint: 172800 ns, At safepoint: 8570400 ns, Total: 8743200 ns
[2020-09-11T11:45:05.055+0000][26480][gc,marking   ] GC(476) Concurrent Rebuild Remembered Sets
[2020-09-11T11:45:05.161+0000][26480][gc,marking   ] GC(476) Concurrent Rebuild Remembered Sets 105.341ms
[2020-09-11T11:45:05.161+0000][26480][gc,start     ] GC(476) Pause Cleanup
[2020-09-11T11:45:05.161+0000][26480][gc           ] GC(476) Pause Cleanup 308M->308M(1024M) 0.338ms
[2020-09-11T11:45:05.161+0000][26480][gc,cpu       ] GC(476) User=0.00s Sys=0.00s Real=0.00s
[2020-09-11T11:45:05.161+0000][26480][safepoint    ] Safepoint "G1Concurrent", Time since last: 105554600 ns, Reaching safepoint: 166500 ns, At safepoint: 501300 ns, Total: 667800 ns
[2020-09-11T11:45:05.162+0000][26480][gc,marking   ] GC(476) Concurrent Cleanup for Next Mark
[2020-09-11T11:45:05.163+0000][26480][gc,marking   ] GC(476) Concurrent Cleanup for Next Mark 1.792ms
[2020-09-11T11:45:05.164+0000][26480][gc           ] GC(476) Concurrent Cycle 237.251ms
[2020-09-11T11:45:05.213+0000][26480][gc,start     ] GC(477) Pause Young (Concurrent Start) (G1 Humongous Allocation)
[2020-09-11T11:45:05.213+0000][26480][gc,task      ] GC(477) Using 8 workers of 8 for evacuation
[2020-09-11T11:45:05.213+0000][26480][gc,age       ] GC(477) Desired survivor size 33030144 bytes, new threshold 15 (max threshold 15)
[2020-09-11T11:45:05.217+0000][26480][gc,age       ] GC(477) Age table with threshold 15 (max threshold 15)
[2020-09-11T11:45:05.217+0000][26480][gc,age       ] GC(477) - age   1:    2626496 bytes,    2626496 total
[2020-09-11T11:45:05.217+0000][26480][gc,age       ] GC(477) - age   2:      24336 bytes,    2650832 total
[2020-09-11T11:45:05.217+0000][26480][gc,age       ] GC(477) - age   3:       2640 bytes,    2653472 total
[2020-09-11T11:45:05.217+0000][26480][gc,age       ] GC(477) - age   4:       2304 bytes,    2655776 total
[2020-09-11T11:45:05.217+0000][26480][gc,age       ] GC(477) - age   5:       1008 bytes,    2656784 total
[2020-09-11T11:45:05.217+0000][26480][gc,age       ] GC(477) - age   6:        160 bytes,    2656944 total
[2020-09-11T11:45:05.217+0000][26480][gc,age       ] GC(477) - age   7:       1936 bytes,    2658880 total
[2020-09-11T11:45:05.217+0000][26480][gc,age       ] GC(477) - age   8:      10048 bytes,    2668928 total
[2020-09-11T11:45:05.217+0000][26480][gc,age       ] GC(477) - age   9:        480 bytes,    2669408 total
[2020-09-11T11:45:05.217+0000][26480][gc,age       ] GC(477) - age  10:        448 bytes,    2669856 total
[2020-09-11T11:45:05.217+0000][26480][gc,age       ] GC(477) - age  11:        960 bytes,    2670816 total
[2020-09-11T11:45:05.217+0000][26480][gc,age       ] GC(477) - age  12:      10864 bytes,    2681680 total
[2020-09-11T11:45:05.217+0000][26480][gc,age       ] GC(477) - age  13:        120 bytes,    2681800 total
[2020-09-11T11:45:05.217+0000][26480][gc,age       ] GC(477) - age  14:      16752 bytes,    2698552 total
[2020-09-11T11:45:05.217+0000][26480][gc,age       ] GC(477) - age  15:         96 bytes,    2698648 total
[2020-09-11T11:45:05.217+0000][26480][gc,phases    ] GC(477)   Pre Evacuate Collection Set: 0.5ms
[2020-09-11T11:45:05.218+0000][26480][gc,phases    ] GC(477)   Merge Heap Roots: 0.1ms
[2020-09-11T11:45:05.218+0000][26480][gc,phases    ] GC(477)   Evacuate Collection Set: 2.0ms
[2020-09-11T11:45:05.218+0000][26480][gc,phases    ] GC(477)   Post Evacuate Collection Set: 0.9ms
[2020-09-11T11:45:05.218+0000][26480][gc,phases    ] GC(477)   Other: 1.1ms
[2020-09-11T11:45:05.218+0000][26480][gc,heap      ] GC(477) Eden regions: 21->0(500)
[2020-09-11T11:45:05.218+0000][26480][gc,heap      ] GC(477) Survivor regions: 3->3(63)
[2020-09-11T11:45:05.218+0000][26480][gc,heap      ] GC(477) Old regions: 79->79
[2020-09-11T11:45:05.218+0000][26480][gc,heap      ] GC(477) Archive regions: 0->0
[2020-09-11T11:45:05.218+0000][26480][gc,heap      ] GC(477) Humongous regions: 228->174
[2020-09-11T11:45:05.218+0000][26480][gc,metaspace ] GC(477) Metaspace: 88468K(94488K)->88468K(94488K) NonClass: 77293K(80792K)->77293K(80792K) Class: 11175K(13696K)->11175K(13696K)
[2020-09-11T11:45:05.218+0000][26480][gc           ] GC(477) Pause Young (Concurrent Start) (G1 Humongous Allocation) 329M->254M(1024M) 5.281ms
[2020-09-11T11:45:05.218+0000][26480][gc,cpu       ] GC(477) User=0.00s Sys=0.00s Real=0.00s
[2020-09-11T11:45:05.219+0000][26480][gc           ] GC(478) Concurrent Cycle
[2020-09-11T11:45:05.219+0000][26480][gc,marking   ] GC(478) Concurrent Clear Claimed Marks
[2020-09-11T11:45:05.219+0000][26480][safepoint    ] Safepoint "G1TryInitiateConcMark", Time since last: 51238900 ns, Reaching safepoint: 159400 ns, At safepoint: 5933500 ns, Total: 6092900 ns
[2020-09-11T11:45:05.220+0000][26480][gc,marking   ] GC(478) Concurrent Clear Claimed Marks 0.997ms
[2020-09-11T11:45:05.220+0000][26480][gc,marking   ] GC(478) Concurrent Scan Root Regions
[2020-09-11T11:45:05.225+0000][26480][gc,marking   ] GC(478) Concurrent Scan Root Regions 4.928ms
[2020-09-11T11:45:05.225+0000][26480][gc,marking   ] GC(478) Concurrent Mark (7110.360s)
[2020-09-11T11:45:05.225+0000][26480][gc,marking   ] GC(478) Concurrent Mark From Roots
[2020-09-11T11:45:05.225+0000][26480][gc,task      ] GC(478) Using 2 workers of 2 for marking
[2020-09-11T11:45:05.377+0000][26480][gc,marking   ] GC(478) Concurrent Mark From Roots 151.584ms
[2020-09-11T11:45:05.377+0000][26480][gc,marking   ] GC(478) Concurrent Preclean
[2020-09-11T11:45:05.378+0000][26480][gc,marking   ] GC(478) Concurrent Preclean 0.856ms
[2020-09-11T11:45:05.378+0000][26480][gc,marking   ] GC(478) Concurrent Mark (7110.360s, 7110.512s) 152.654ms
[2020-09-11T11:45:05.378+0000][26480][gc,start     ] GC(478) Pause Remark
[2020-09-11T11:45:05.385+0000][26480][gc           ] GC(478) Pause Remark 300M->300M(1024M) 6.662ms
[2020-09-11T11:45:05.385+0000][26480][gc,cpu       ] GC(478) User=0.11s Sys=0.00s Real=0.01s
[2020-09-11T11:45:05.385+0000][26480][safepoint    ] Safepoint "G1Concurrent", Time since last: 158893400 ns, Reaching safepoint: 198200 ns, At safepoint: 6866600 ns, Total: 7064800 ns
[2020-09-11T11:45:05.385+0000][26480][gc,marking   ] GC(478) Concurrent Rebuild Remembered Sets
[2020-09-11T11:45:05.468+0000][26480][gc,marking   ] GC(478) Concurrent Rebuild Remembered Sets 83.018ms
[2020-09-11T11:45:05.468+0000][26480][gc,start     ] GC(478) Pause Cleanup
[2020-09-11T11:45:05.469+0000][26480][gc           ] GC(478) Pause Cleanup 309M->309M(1024M) 0.332ms
[2020-09-11T11:45:05.469+0000][26480][gc,cpu       ] GC(478) User=0.00s Sys=0.00s Real=0.00s
[2020-09-11T11:45:05.469+0000][26480][safepoint    ] Safepoint "G1Concurrent", Time since last: 83318400 ns, Reaching safepoint: 176100 ns, At safepoint: 508500 ns, Total: 684600 ns
[2020-09-11T11:45:05.469+0000][26480][gc,marking   ] GC(478) Concurrent Cleanup for Next Mark
[2020-09-11T11:45:05.471+0000][26480][gc,marking   ] GC(478) Concurrent Cleanup for Next Mark 2.143ms
[2020-09-11T11:45:05.471+0000][26480][gc           ] GC(478) Concurrent Cycle 252.491ms
[2020-09-11T11:45:05.505+0000][26480][gc,start     ] GC(479) Pause Young (Concurrent Start) (G1 Humongous Allocation)
[2020-09-11T11:45:05.505+0000][26480][gc,task      ] GC(479) Using 8 workers of 8 for evacuation
[2020-09-11T11:45:05.505+0000][26480][gc,age       ] GC(479) Desired survivor size 33030144 bytes, new threshold 15 (max threshold 15)
[2020-09-11T11:45:05.511+0000][26480][gc,age       ] GC(479) Age table with threshold 15 (max threshold 15)
[2020-09-11T11:45:05.511+0000][26480][gc,age       ] GC(479) - age   1:   13116208 bytes,   13116208 total
[2020-09-11T11:45:05.511+0000][26480][gc,age       ] GC(479) - age   2:       2208 bytes,   13118416 total
[2020-09-11T11:45:05.511+0000][26480][gc,age       ] GC(479) - age   3:      21144 bytes,   13139560 total
[2020-09-11T11:45:05.511+0000][26480][gc,age       ] GC(479) - age   4:       1760 bytes,   13141320 total
[2020-09-11T11:45:05.511+0000][26480][gc,age       ] GC(479) - age   5:       1152 bytes,   13142472 total
[2020-09-11T11:45:05.511+0000][26480][gc,age       ] GC(479) - age   6:        944 bytes,   13143416 total
[2020-09-11T11:45:05.511+0000][26480][gc,age       ] GC(479) - age   7:        160 bytes,   13143576 total
[2020-09-11T11:45:05.511+0000][26480][gc,age       ] GC(479) - age   8:       1488 bytes,   13145064 total
[2020-09-11T11:45:05.511+0000][26480][gc,age       ] GC(479) - age   9:       9984 bytes,   13155048 total
[2020-09-11T11:45:05.511+0000][26480][gc,age       ] GC(479) - age  10:        448 bytes,   13155496 total
[2020-09-11T11:45:05.511+0000][26480][gc,age       ] GC(479) - age  11:        320 bytes,   13155816 total
[2020-09-11T11:45:05.511+0000][26480][gc,age       ] GC(479) - age  12:        960 bytes,   13156776 total
[2020-09-11T11:45:05.511+0000][26480][gc,age       ] GC(479) - age  13:      10736 bytes,   13167512 total
[2020-09-11T11:45:05.511+0000][26480][gc,age       ] GC(479) - age  14:         88 bytes,   13167600 total
[2020-09-11T11:45:05.511+0000][26480][gc,age       ] GC(479) - age  15:      16752 bytes,   13184352 total
[2020-09-11T11:45:05.511+0000][26480][gc,phases    ] GC(479)   Pre Evacuate Collection Set: 0.6ms
[2020-09-11T11:45:05.511+0000][26480][gc,phases    ] GC(479)   Merge Heap Roots: 0.1ms
[2020-09-11T11:45:05.511+0000][26480][gc,phases    ] GC(479)   Evacuate Collection Set: 3.9ms
[2020-09-11T11:45:05.511+0000][26480][gc,phases    ] GC(479)   Post Evacuate Collection Set: 0.8ms
[2020-09-11T11:45:05.512+0000][26480][gc,phases    ] GC(479)   Other: 1.1ms
[2020-09-11T11:45:05.512+0000][26480][gc,heap      ] GC(479) Eden regions: 44->0(481)
[2020-09-11T11:45:05.512+0000][26480][gc,heap      ] GC(479) Survivor regions: 3->13(63)
[2020-09-11T11:45:05.512+0000][26480][gc,heap      ] GC(479) Old regions: 79->79
[2020-09-11T11:45:05.512+0000][26480][gc,heap      ] GC(479) Archive regions: 0->0
[2020-09-11T11:45:05.512+0000][26480][gc,heap      ] GC(479) Humongous regions: 228->174
[2020-09-11T11:45:05.512+0000][26480][gc,metaspace ] GC(479) Metaspace: 88486K(94488K)->88486K(94488K) NonClass: 77311K(80792K)->77311K(80792K) Class: 11175K(13696K)->11175K(13696K)
[2020-09-11T11:45:05.512+0000][26480][gc           ] GC(479) Pause Young (Concurrent Start) (G1 Humongous Allocation) 352M->264M(1024M) 6.859ms
[2020-09-11T11:45:05.512+0000][26480][gc,cpu       ] GC(479) User=0.08s Sys=0.00s Real=0.01s
[2020-09-11T11:45:05.512+0000][26480][gc           ] GC(480) Concurrent Cycle
[2020-09-11T11:45:05.512+0000][26480][gc,marking   ] GC(480) Concurrent Clear Claimed Marks
[2020-09-11T11:45:05.512+0000][26480][gc,marking   ] GC(480) Concurrent Clear Claimed Marks 0.286ms
[2020-09-11T11:45:05.512+0000][26480][gc,marking   ] GC(480) Concurrent Scan Root Regions
[2020-09-11T11:45:05.512+0000][26480][safepoint    ] Safepoint "G1TryInitiateConcMark", Time since last: 35963900 ns, Reaching safepoint: 177800 ns, At safepoint: 7480700 ns, Total: 7658500 ns
[2020-09-11T11:45:05.515+0000][26480][gc,marking   ] GC(480) Concurrent Scan Root Regions 2.314ms
[2020-09-11T11:45:05.515+0000][26480][gc,marking   ] GC(480) Concurrent Mark (7110.649s)
[2020-09-11T11:45:05.515+0000][26480][gc,marking   ] GC(480) Concurrent Mark From Roots
[2020-09-11T11:45:05.515+0000][26480][gc,task      ] GC(480) Using 2 workers of 2 for marking
[2020-09-11T11:45:05.674+0000][26480][gc,marking   ] GC(480) Concurrent Mark From Roots 159.708ms
[2020-09-11T11:45:05.675+0000][26480][gc,marking   ] GC(480) Concurrent Preclean
[2020-09-11T11:45:05.675+0000][26480][gc,marking   ] GC(480) Concurrent Preclean 0.699ms
[2020-09-11T11:45:05.675+0000][26480][gc,marking   ] GC(480) Concurrent Mark (7110.649s, 7110.810s) 160.626ms
[2020-09-11T11:45:05.676+0000][26480][gc,start     ] GC(480) Pause Remark
[2020-09-11T11:45:05.681+0000][26480][gc           ] GC(480) Pause Remark 488M->488M(1024M) 5.783ms
[2020-09-11T11:45:05.682+0000][26480][gc,cpu       ] GC(480) User=0.00s Sys=0.02s Real=0.01s
[2020-09-11T11:45:05.682+0000][26480][safepoint    ] Safepoint "G1Concurrent", Time since last: 163047300 ns, Reaching safepoint: 180400 ns, At safepoint: 5986500 ns, Total: 6166900 ns
[2020-09-11T11:45:05.682+0000][26480][gc,marking   ] GC(480) Concurrent Rebuild Remembered Sets
[2020-09-11T11:45:05.783+0000][26480][gc,marking   ] GC(480) Concurrent Rebuild Remembered Sets 101.173ms
[2020-09-11T11:45:05.783+0000][26480][gc,start     ] GC(480) Pause Cleanup
[2020-09-11T11:45:05.784+0000][26480][gc           ] GC(480) Pause Cleanup 558M->558M(1024M) 0.819ms
[2020-09-11T11:45:05.784+0000][26480][gc,cpu       ] GC(480) User=0.00s Sys=0.00s Real=0.00s
[2020-09-11T11:45:05.784+0000][26480][safepoint    ] Safepoint "G1Concurrent", Time since last: 101455900 ns, Reaching safepoint: 194700 ns, At safepoint: 1108000 ns, Total: 1302700 ns
[2020-09-11T11:45:05.784+0000][26480][gc,marking   ] GC(480) Concurrent Cleanup for Next Mark
[2020-09-11T11:45:05.787+0000][26480][gc,marking   ] GC(480) Concurrent Cleanup for Next Mark 2.277ms
[2020-09-11T11:45:05.787+0000][26480][gc           ] GC(480) Concurrent Cycle 274.863ms
[2020-09-11T11:45:05.924+0000][26480][gc,start     ] GC(481) Pause Young (Concurrent Start) (G1 Humongous Allocation)
[2020-09-11T11:45:05.924+0000][26480][gc,task      ] GC(481) Using 8 workers of 8 for evacuation
[2020-09-11T11:45:05.925+0000][26480][gc,age       ] GC(481) Desired survivor size 32505856 bytes, new threshold 15 (max threshold 15)
[2020-09-11T11:45:05.928+0000][26480][gc,age       ] GC(481) Age table with threshold 15 (max threshold 15)
[2020-09-11T11:45:05.928+0000][26480][gc,age       ] GC(481) - age   1:    3872832 bytes,    3872832 total
[2020-09-11T11:45:05.928+0000][26480][gc,age       ] GC(481) - age   2:       8184 bytes,    3881016 total
[2020-09-11T11:45:05.928+0000][26480][gc,age       ] GC(481) - age   3:       1800 bytes,    3882816 total
[2020-09-11T11:45:05.928+0000][26480][gc,age       ] GC(481) - age   4:      12760 bytes,    3895576 total
[2020-09-11T11:45:05.928+0000][26480][gc,age       ] GC(481) - age   5:       1160 bytes,    3896736 total
[2020-09-11T11:45:05.928+0000][26480][gc,age       ] GC(481) - age   6:       1120 bytes,    3897856 total
[2020-09-11T11:45:05.928+0000][26480][gc,age       ] GC(481) - age   7:        720 bytes,    3898576 total
[2020-09-11T11:45:05.928+0000][26480][gc,age       ] GC(481) - age   8:         64 bytes,    3898640 total
[2020-09-11T11:45:05.928+0000][26480][gc,age       ] GC(481) - age   9:       1488 bytes,    3900128 total
[2020-09-11T11:45:05.928+0000][26480][gc,age       ] GC(481) - age  10:       9920 bytes,    3910048 total
[2020-09-11T11:45:05.928+0000][26480][gc,age       ] GC(481) - age  11:        448 bytes,    3910496 total
[2020-09-11T11:45:05.928+0000][26480][gc,age       ] GC(481) - age  12:        320 bytes,    3910816 total
[2020-09-11T11:45:05.928+0000][26480][gc,age       ] GC(481) - age  13:        960 bytes,    3911776 total
[2020-09-11T11:45:05.928+0000][26480][gc,age       ] GC(481) - age  14:      10672 bytes,    3922448 total
[2020-09-11T11:45:05.928+0000][26480][gc,age       ] GC(481) - age  15:         88 bytes,    3922536 total
[2020-09-11T11:45:05.928+0000][26480][gc,phases    ] GC(481)   Pre Evacuate Collection Set: 0.4ms
[2020-09-11T11:45:05.928+0000][26480][gc,phases    ] GC(481)   Merge Heap Roots: 0.1ms
[2020-09-11T11:45:05.928+0000][26480][gc,phases    ] GC(481)   Evacuate Collection Set: 2.0ms
[2020-09-11T11:45:05.928+0000][26480][gc,phases    ] GC(481)   Post Evacuate Collection Set: 0.8ms
[2020-09-11T11:45:05.928+0000][26480][gc,phases    ] GC(481)   Other: 0.7ms
[2020-09-11T11:45:05.928+0000][26480][gc,heap      ] GC(481) Eden regions: 79->0(493)
[2020-09-11T11:45:05.929+0000][26480][gc,heap      ] GC(481) Survivor regions: 13->4(62)
[2020-09-11T11:45:05.929+0000][26480][gc,heap      ] GC(481) Old regions: 79->79
[2020-09-11T11:45:05.929+0000][26480][gc,heap      ] GC(481) Archive regions: 0->0
[2020-09-11T11:45:05.929+0000][26480][gc,heap      ] GC(481) Humongous regions: 406->174
[2020-09-11T11:45:05.929+0000][26480][gc,metaspace ] GC(481) Metaspace: 88490K(94488K)->88490K(94488K) NonClass: 77315K(80792K)->77315K(80792K) Class: 11175K(13696K)->11175K(13696K)
[2020-09-11T11:45:05.929+0000][26480][gc           ] GC(481) Pause Young (Concurrent Start) (G1 Humongous Allocation) 575M->256M(1024M) 4.250ms
[2020-09-11T11:45:05.929+0000][26480][gc,cpu       ] GC(481) User=0.00s Sys=0.00s Real=0.00s
[2020-09-11T11:45:05.929+0000][26480][safepoint    ] Safepoint "G1TryInitiateConcMark", Time since last: 139518500 ns, Reaching safepoint: 131200 ns, At safepoint: 4391700 ns, Total: 4522900 ns
[2020-09-11T11:45:05.929+0000][26480][gc           ] GC(482) Concurrent Cycle
[2020-09-11T11:45:05.929+0000][26480][gc,marking   ] GC(482) Concurrent Clear Claimed Marks
[2020-09-11T11:45:05.929+0000][26480][gc,marking   ] GC(482) Concurrent Clear Claimed Marks 0.542ms
[2020-09-11T11:45:05.929+0000][26480][gc,marking   ] GC(482) Concurrent Scan Root Regions
[2020-09-11T11:45:05.932+0000][26480][gc,marking   ] GC(482) Concurrent Scan Root Regions 2.572ms
[2020-09-11T11:45:05.932+0000][26480][gc,marking   ] GC(482) Concurrent Mark (7111.066s)
[2020-09-11T11:45:05.932+0000][26480][gc,marking   ] GC(482) Concurrent Mark From Roots
[2020-09-11T11:45:05.932+0000][26480][gc,task      ] GC(482) Using 2 workers of 2 for marking
[2020-09-11T11:45:06.036+0000][26480][gc,marking   ] GC(482) Concurrent Mark From Roots 104.032ms
[2020-09-11T11:45:06.036+0000][26480][gc,marking   ] GC(482) Concurrent Preclean
[2020-09-11T11:45:06.037+0000][26480][gc,marking   ] GC(482) Concurrent Preclean 0.512ms
[2020-09-11T11:45:06.037+0000][26480][gc,marking   ] GC(482) Concurrent Mark (7111.066s, 7111.171s) 104.713ms
[2020-09-11T11:45:06.037+0000][26480][gc,start     ] GC(482) Pause Remark
[2020-09-11T11:45:06.043+0000][26480][gc           ] GC(482) Pause Remark 317M->317M(1024M) 5.373ms
[2020-09-11T11:45:06.043+0000][26480][gc,cpu       ] GC(482) User=0.13s Sys=0.00s Real=0.01s
[2020-09-11T11:45:06.043+0000][26480][safepoint    ] Safepoint "G1Concurrent", Time since last: 108182600 ns, Reaching safepoint: 160400 ns, At safepoint: 5581500 ns, Total: 5741900 ns
[2020-09-11T11:45:06.043+0000][26480][gc,marking   ] GC(482) Concurrent Rebuild Remembered Sets
[2020-09-11T11:45:06.121+0000][26480][gc,marking   ] GC(482) Concurrent Rebuild Remembered Sets 78.430ms
[2020-09-11T11:45:06.121+0000][26480][gc,start     ] GC(482) Pause Cleanup
[2020-09-11T11:45:06.122+0000][26480][gc           ] GC(482) Pause Cleanup 387M->387M(1024M) 0.261ms
[2020-09-11T11:45:06.122+0000][26480][gc,cpu       ] GC(482) User=0.00s Sys=0.00s Real=0.00s
[2020-09-11T11:45:06.122+0000][26480][safepoint    ] Safepoint "G1Concurrent", Time since last: 78594400 ns, Reaching safepoint: 164000 ns, At safepoint: 388600 ns, Total: 552600 ns
[2020-09-11T11:45:06.122+0000][26480][gc,marking   ] GC(482) Concurrent Cleanup for Next Mark
[2020-09-11T11:45:06.123+0000][26480][gc,marking   ] GC(482) Concurrent Cleanup for Next Mark 1.340ms
[2020-09-11T11:45:06.123+0000][26480][gc           ] GC(482) Concurrent Cycle 194.510ms
[2020-09-11T11:45:06.251+0000][26480][gc,start     ] GC(483) Pause Young (Concurrent Start) (G1 Humongous Allocation)
[2020-09-11T11:45:06.251+0000][26480][gc,task      ] GC(483) Using 8 workers of 8 for evacuation
[2020-09-11T11:45:06.251+0000][26480][gc,age       ] GC(483) Desired survivor size 33030144 bytes, new threshold 15 (max threshold 15)
[2020-09-11T11:45:06.255+0000][26480][gc,age       ] GC(483) Age table with threshold 15 (max threshold 15)
[2020-09-11T11:45:06.255+0000][26480][gc,age       ] GC(483) - age   1:    3283248 bytes,    3283248 total
[2020-09-11T11:45:06.255+0000][26480][gc,age       ] GC(483) - age   2:     604416 bytes,    3887664 total
[2020-09-11T11:45:06.255+0000][26480][gc,age       ] GC(483) - age   3:       5192 bytes,    3892856 total
[2020-09-11T11:45:06.255+0000][26480][gc,age       ] GC(483) - age   4:        320 bytes,    3893176 total
[2020-09-11T11:45:06.255+0000][26480][gc,age       ] GC(483) - age   5:      12632 bytes,    3905808 total
[2020-09-11T11:45:06.255+0000][26480][gc,age       ] GC(483) - age   6:       1032 bytes,    3906840 total
[2020-09-11T11:45:06.255+0000][26480][gc,age       ] GC(483) - age   7:        672 bytes,    3907512 total
[2020-09-11T11:45:06.255+0000][26480][gc,age       ] GC(483) - age   8:        688 bytes,    3908200 total
[2020-09-11T11:45:06.255+0000][26480][gc,age       ] GC(483) - age   9:         64 bytes,    3908264 total
[2020-09-11T11:45:06.255+0000][26480][gc,age       ] GC(483) - age  10:       1488 bytes,    3909752 total
[2020-09-11T11:45:06.255+0000][26480][gc,age       ] GC(483) - age  11:       9920 bytes,    3919672 total
[2020-09-11T11:45:06.255+0000][26480][gc,age       ] GC(483) - age  12:        320 bytes,    3919992 total
[2020-09-11T11:45:06.255+0000][26480][gc,age       ] GC(483) - age  13:        320 bytes,    3920312 total
[2020-09-11T11:45:06.255+0000][26480][gc,age       ] GC(483) - age  14:        896 bytes,    3921208 total
[2020-09-11T11:45:06.255+0000][26480][gc,age       ] GC(483) - age  15:      10672 bytes,    3931880 total
[2020-09-11T11:45:06.255+0000][26480][gc,phases    ] GC(483)   Pre Evacuate Collection Set: 0.4ms
[2020-09-11T11:45:06.255+0000][26480][gc,phases    ] GC(483)   Merge Heap Roots: 0.1ms
[2020-09-11T11:45:06.255+0000][26480][gc,phases    ] GC(483)   Evacuate Collection Set: 1.9ms
[2020-09-11T11:45:06.255+0000][26480][gc,phases    ] GC(483)   Post Evacuate Collection Set: 0.7ms
[2020-09-11T11:45:06.255+0000][26480][gc,phases    ] GC(483)   Other: 0.8ms
[2020-09-11T11:45:06.255+0000][26480][gc,heap      ] GC(483) Eden regions: 42->0(495)
[2020-09-11T11:45:06.255+0000][26480][gc,heap      ] GC(483) Survivor regions: 4->4(63)
[2020-09-11T11:45:06.255+0000][26480][gc,heap      ] GC(483) Old regions: 79->79
[2020-09-11T11:45:06.255+0000][26480][gc,heap      ] GC(483) Archive regions: 0->0
[2020-09-11T11:45:06.255+0000][26480][gc,heap      ] GC(483) Humongous regions: 274->174
[2020-09-11T11:45:06.255+0000][26480][gc,metaspace ] GC(483) Metaspace: 88493K(94488K)->88493K(94488K) NonClass: 77317K(80792K)->77317K(80792K) Class: 11175K(13696K)->11175K(13696K)
[2020-09-11T11:45:06.255+0000][26480][gc           ] GC(483) Pause Young (Concurrent Start) (G1 Humongous Allocation) 398M->256M(1024M) 4.129ms
[2020-09-11T11:45:06.255+0000][26480][gc,cpu       ] GC(483) User=0.00s Sys=0.00s Real=0.00s
[2020-09-11T11:45:06.256+0000][26480][safepoint    ] Safepoint "G1TryInitiateConcMark", Time since last: 129369200 ns, Reaching safepoint: 166000 ns, At safepoint: 4279500 ns, Total: 4445500 ns
[2020-09-11T11:45:06.256+0000][26480][gc           ] GC(484) Concurrent Cycle
[2020-09-11T11:45:06.256+0000][26480][gc,marking   ] GC(484) Concurrent Clear Claimed Marks
[2020-09-11T11:45:06.256+0000][26480][gc,marking   ] GC(484) Concurrent Clear Claimed Marks 0.622ms
[2020-09-11T11:45:06.256+0000][26480][gc,marking   ] GC(484) Concurrent Scan Root Regions
[2020-09-11T11:45:06.259+0000][26480][gc,marking   ] GC(484) Concurrent Scan Root Regions 2.599ms
[2020-09-11T11:45:06.259+0000][26480][gc,marking   ] GC(484) Concurrent Mark (7111.393s)
[2020-09-11T11:45:06.259+0000][26480][gc,marking   ] GC(484) Concurrent Mark From Roots
[2020-09-11T11:45:06.259+0000][26480][gc,task      ] GC(484) Using 2 workers of 2 for marking
[2020-09-11T11:45:06.370+0000][26480][gc,marking   ] GC(484) Concurrent Mark From Roots 111.396ms
[2020-09-11T11:45:06.371+0000][26480][gc,marking   ] GC(484) Concurrent Preclean
[2020-09-11T11:45:06.371+0000][26480][gc,marking   ] GC(484) Concurrent Preclean 0.487ms
[2020-09-11T11:45:06.371+0000][26480][gc,marking   ] GC(484) Concurrent Mark (7111.393s, 7111.505s) 112.027ms
[2020-09-11T11:45:06.371+0000][26480][gc,start     ] GC(484) Pause Remark
[2020-09-11T11:45:06.377+0000][26480][gc           ] GC(484) Pause Remark 317M->317M(1024M) 5.578ms
[2020-09-11T11:45:06.377+0000][26480][gc,cpu       ] GC(484) User=0.00s Sys=0.00s Real=0.01s
[2020-09-11T11:45:06.377+0000][26480][safepoint    ] Safepoint "G1Concurrent", Time since last: 115576800 ns, Reaching safepoint: 172900 ns, At safepoint: 5787500 ns, Total: 5960400 ns
[2020-09-11T11:45:06.377+0000][26480][gc,marking   ] GC(484) Concurrent Rebuild Remembered Sets
[2020-09-11T11:45:06.474+0000][26480][gc,marking   ] GC(484) Concurrent Rebuild Remembered Sets 96.495ms
[2020-09-11T11:45:06.474+0000][26480][gc,start     ] GC(484) Pause Cleanup
[2020-09-11T11:45:06.475+0000][26480][gc           ] GC(484) Pause Cleanup 358M->358M(1024M) 0.461ms
[2020-09-11T11:45:06.475+0000][26480][gc,cpu       ] GC(484) User=0.00s Sys=0.00s Real=0.00s
[2020-09-11T11:45:06.475+0000][26480][safepoint    ] Safepoint "G1Concurrent", Time since last: 96803900 ns, Reaching safepoint: 284400 ns, At safepoint: 706000 ns, Total: 990400 ns
[2020-09-11T11:45:06.475+0000][26480][gc,marking   ] GC(484) Concurrent Cleanup for Next Mark
[2020-09-11T11:45:06.477+0000][26480][gc,marking   ] GC(484) Concurrent Cleanup for Next Mark 2.312ms
[2020-09-11T11:45:06.477+0000][26480][gc           ] GC(484) Concurrent Cycle 221.904ms
[2020-09-11T11:45:06.478+0000][26480][gc,start     ] GC(485) Pause Young (Concurrent Start) (G1 Humongous Allocation)
[2020-09-11T11:45:06.478+0000][26480][gc,task      ] GC(485) Using 8 workers of 8 for evacuation
[2020-09-11T11:45:06.478+0000][26480][gc,age       ] GC(485) Desired survivor size 33030144 bytes, new threshold 15 (max threshold 15)
[2020-09-11T11:45:06.482+0000][26480][gc,age       ] GC(485) Age table with threshold 15 (max threshold 15)
[2020-09-11T11:45:06.482+0000][26480][gc,age       ] GC(485) - age   1:    1722704 bytes,    1722704 total
[2020-09-11T11:45:06.482+0000][26480][gc,age       ] GC(485) - age   2:     413400 bytes,    2136104 total
[2020-09-11T11:45:06.482+0000][26480][gc,age       ] GC(485) - age   3:     402888 bytes,    2538992 total
[2020-09-11T11:45:06.482+0000][26480][gc,age       ] GC(485) - age   4:       3720 bytes,    2542712 total
[2020-09-11T11:45:06.482+0000][26480][gc,age       ] GC(485) - age   5:        288 bytes,    2543000 total
[2020-09-11T11:45:06.482+0000][26480][gc,age       ] GC(485) - age   6:      12552 bytes,    2555552 total
[2020-09-11T11:45:06.482+0000][26480][gc,age       ] GC(485) - age   7:        872 bytes,    2556424 total
[2020-09-11T11:45:06.482+0000][26480][gc,age       ] GC(485) - age   8:        640 bytes,    2557064 total
[2020-09-11T11:45:06.482+0000][26480][gc,age       ] GC(485) - age   9:        688 bytes,    2557752 total
[2020-09-11T11:45:06.482+0000][26480][gc,age       ] GC(485) - age  10:         64 bytes,    2557816 total
[2020-09-11T11:45:06.482+0000][26480][gc,age       ] GC(485) - age  11:       1488 bytes,    2559304 total
[2020-09-11T11:45:06.482+0000][26480][gc,age       ] GC(485) - age  12:       9920 bytes,    2569224 total
[2020-09-11T11:45:06.482+0000][26480][gc,age       ] GC(485) - age  13:        320 bytes,    2569544 total
[2020-09-11T11:45:06.482+0000][26480][gc,age       ] GC(485) - age  14:        256 bytes,    2569800 total
[2020-09-11T11:45:06.483+0000][26480][gc,age       ] GC(485) - age  15:        896 bytes,    2570696 total
[2020-09-11T11:45:06.483+0000][26480][gc,phases    ] GC(485)   Pre Evacuate Collection Set: 0.5ms
[2020-09-11T11:45:06.483+0000][26480][gc,phases    ] GC(485)   Merge Heap Roots: 0.1ms
[2020-09-11T11:45:06.483+0000][26480][gc,phases    ] GC(485)   Evacuate Collection Set: 2.3ms
[2020-09-11T11:45:06.483+0000][26480][gc,phases    ] GC(485)   Post Evacuate Collection Set: 0.9ms
[2020-09-11T11:45:06.483+0000][26480][gc,phases    ] GC(485)   Other: 1.1ms
[2020-09-11T11:45:06.483+0000][26480][gc,heap      ] GC(485) Eden regions: 25->0(498)
[2020-09-11T11:45:06.483+0000][26480][gc,heap      ] GC(485) Survivor regions: 4->3(63)
[2020-09-11T11:45:06.483+0000][26480][gc,heap      ] GC(485) Old regions: 79->79
[2020-09-11T11:45:06.483+0000][26480][gc,heap      ] GC(485) Archive regions: 0->0
[2020-09-11T11:45:06.483+0000][26480][gc,heap      ] GC(485) Humongous regions: 267->174
[2020-09-11T11:45:06.483+0000][26480][gc,metaspace ] GC(485) Metaspace: 88493K(94488K)->88493K(94488K) NonClass: 77317K(80792K)->77317K(80792K) Class: 11175K(13696K)->11175K(13696K)
[2020-09-11T11:45:06.483+0000][26480][gc           ] GC(485) Pause Young (Concurrent Start) (G1 Humongous Allocation) 373M->255M(1024M) 5.209ms
[2020-09-11T11:45:06.483+0000][26480][gc,cpu       ] GC(485) User=0.02s Sys=0.00s Real=0.01s
[2020-09-11T11:45:06.483+0000][26480][safepoint    ] Safepoint "G1TryInitiateConcMark", Time since last: 2716400 ns, Reaching safepoint: 216500 ns, At safepoint: 5433800 ns, Total: 5650300 ns
[2020-09-11T11:45:06.483+0000][26480][gc           ] GC(486) Concurrent Cycle
[2020-09-11T11:45:06.483+0000][26480][gc,marking   ] GC(486) Concurrent Clear Claimed Marks
[2020-09-11T11:45:06.484+0000][26480][gc,marking   ] GC(486) Concurrent Clear Claimed Marks 0.468ms
[2020-09-11T11:45:06.484+0000][26480][gc,marking   ] GC(486) Concurrent Scan Root Regions
[2020-09-11T11:45:06.489+0000][26480][gc,marking   ] GC(486) Concurrent Scan Root Regions 4.672ms
[2020-09-11T11:45:06.489+0000][26480][gc,marking   ] GC(486) Concurrent Mark (7111.623s)
[2020-09-11T11:45:06.489+0000][26480][gc,marking   ] GC(486) Concurrent Mark From Roots
[2020-09-11T11:45:06.489+0000][26480][gc,task      ] GC(486) Using 2 workers of 2 for marking
[2020-09-11T11:45:06.689+0000][26480][gc,marking   ] GC(486) Concurrent Mark From Roots 200.642ms
[2020-09-11T11:45:06.690+0000][26480][gc,marking   ] GC(486) Concurrent Preclean
[2020-09-11T11:45:06.690+0000][26480][gc,marking   ] GC(486) Concurrent Preclean 0.773ms
[2020-09-11T11:45:06.690+0000][26480][gc,marking   ] GC(486) Concurrent Mark (7111.623s, 7111.825s) 201.691ms
[2020-09-11T11:45:06.691+0000][26480][gc,start     ] GC(486) Pause Remark
[2020-09-11T11:45:06.697+0000][26480][gc           ] GC(486) Pause Remark 270M->270M(1024M) 6.633ms
[2020-09-11T11:45:06.698+0000][26480][gc,cpu       ] GC(486) User=0.00s Sys=0.00s Real=0.01s
[2020-09-11T11:45:06.698+0000][26480][safepoint    ] Safepoint "G1Concurrent", Time since last: 207375200 ns, Reaching safepoint: 189800 ns, At safepoint: 6857200 ns, Total: 7047000 ns
[2020-09-11T11:45:06.698+0000][26480][gc,marking   ] GC(486) Concurrent Rebuild Remembered Sets
[2020-09-11T11:45:06.796+0000][26480][gc,marking   ] GC(486) Concurrent Rebuild Remembered Sets 98.299ms
[2020-09-11T11:45:06.796+0000][26480][gc,start     ] GC(486) Pause Cleanup
[2020-09-11T11:45:06.797+0000][26480][gc           ] GC(486) Pause Cleanup 270M->270M(1024M) 0.359ms
[2020-09-11T11:45:06.797+0000][26480][gc,cpu       ] GC(486) User=0.00s Sys=0.00s Real=0.00s
[2020-09-11T11:45:06.797+0000][26480][safepoint    ] Safepoint "G1Concurrent", Time since last: 98482500 ns, Reaching safepoint: 153800 ns, At safepoint: 579300 ns, Total: 733100 ns
[2020-09-11T11:45:06.797+0000][26480][gc,marking   ] GC(486) Concurrent Cleanup for Next Mark
[2020-09-11T11:45:06.798+0000][26480][gc,marking   ] GC(486) Concurrent Cleanup for Next Mark 1.423ms
[2020-09-11T11:45:06.798+0000][26480][gc           ] GC(486) Concurrent Cycle 315.263ms
[2020-09-11T11:45:06.898+0000][26480][gc,start     ] GC(487) Pause Young (Concurrent Start) (G1 Humongous Allocation)
[2020-09-11T11:45:06.898+0000][26480][gc,task      ] GC(487) Using 8 workers of 8 for evacuation
[2020-09-11T11:45:06.898+0000][26480][gc,age       ] GC(487) Desired survivor size 33030144 bytes, new threshold 15 (max threshold 15)
[2020-09-11T11:45:06.902+0000][26480][gc,age       ] GC(487) Age table with threshold 15 (max threshold 15)
[2020-09-11T11:45:06.902+0000][26480][gc,age       ] GC(487) - age   1:    1575240 bytes,    1575240 total
[2020-09-11T11:45:06.902+0000][26480][gc,age       ] GC(487) - age   2:     206984 bytes,    1782224 total
[2020-09-11T11:45:06.902+0000][26480][gc,age       ] GC(487) - age   3:     409344 bytes,    2191568 total
[2020-09-11T11:45:06.902+0000][26480][gc,age       ] GC(487) - age   4:     204120 bytes,    2395688 total
[2020-09-11T11:45:06.902+0000][26480][gc,age       ] GC(487) - age   5:       2968 bytes,    2398656 total
[2020-09-11T11:45:06.902+0000][26480][gc,age       ] GC(487) - age   6:        288 bytes,    2398944 total
[2020-09-11T11:45:06.902+0000][26480][gc,age       ] GC(487) - age   7:      12552 bytes,    2411496 total
[2020-09-11T11:45:06.902+0000][26480][gc,age       ] GC(487) - age   8:        584 bytes,    2412080 total
[2020-09-11T11:45:06.902+0000][26480][gc,age       ] GC(487) - age   9:        640 bytes,    2412720 total
[2020-09-11T11:45:06.902+0000][26480][gc,age       ] GC(487) - age  10:        624 bytes,    2413344 total
[2020-09-11T11:45:06.902+0000][26480][gc,age       ] GC(487) - age  11:         64 bytes,    2413408 total
[2020-09-11T11:45:06.902+0000][26480][gc,age       ] GC(487) - age  12:       1488 bytes,    2414896 total
[2020-09-11T11:45:06.902+0000][26480][gc,age       ] GC(487) - age  13:       9920 bytes,    2424816 total
[2020-09-11T11:45:06.902+0000][26480][gc,age       ] GC(487) - age  14:        320 bytes,    2425136 total
[2020-09-11T11:45:06.902+0000][26480][gc,age       ] GC(487) - age  15:        256 bytes,    2425392 total
[2020-09-11T11:45:06.902+0000][26480][gc,phases    ] GC(487)   Pre Evacuate Collection Set: 0.5ms
[2020-09-11T11:45:06.902+0000][26480][gc,phases    ] GC(487)   Merge Heap Roots: 0.1ms
[2020-09-11T11:45:06.902+0000][26480][gc,phases    ] GC(487)   Evacuate Collection Set: 2.4ms
[2020-09-11T11:45:06.902+0000][26480][gc,phases    ] GC(487)   Post Evacuate Collection Set: 0.7ms
[2020-09-11T11:45:06.902+0000][26480][gc,phases    ] GC(487)   Other: 0.8ms
[2020-09-11T11:45:06.902+0000][26480][gc,heap      ] GC(487) Eden regions: 22->0(500)
[2020-09-11T11:45:06.902+0000][26480][gc,heap      ] GC(487) Survivor regions: 3->3(63)
[2020-09-11T11:45:06.902+0000][26480][gc,heap      ] GC(487) Old regions: 79->79
[2020-09-11T11:45:06.902+0000][26480][gc,heap      ] GC(487) Archive regions: 0->0
[2020-09-11T11:45:06.902+0000][26480][gc,heap      ] GC(487) Humongous regions: 228->174
[2020-09-11T11:45:06.902+0000][26480][gc,metaspace ] GC(487) Metaspace: 88493K(94488K)->88493K(94488K) NonClass: 77317K(80792K)->77317K(80792K) Class: 11175K(13696K)->11175K(13696K)
[2020-09-11T11:45:06.902+0000][26480][gc           ] GC(487) Pause Young (Concurrent Start) (G1 Humongous Allocation) 331M->254M(1024M) 4.661ms
[2020-09-11T11:45:06.902+0000][26480][gc,cpu       ] GC(487) User=0.11s Sys=0.00s Real=0.00s
[2020-09-11T11:45:06.902+0000][26480][safepoint    ] Safepoint "G1TryInitiateConcMark", Time since last: 100715900 ns, Reaching safepoint: 221100 ns, At safepoint: 4845400 ns, Total: 5066500 ns
[2020-09-11T11:45:06.902+0000][26480][gc           ] GC(488) Concurrent Cycle
[2020-09-11T11:45:06.903+0000][26480][gc,marking   ] GC(488) Concurrent Clear Claimed Marks
[2020-09-11T11:45:06.903+0000][26480][gc,marking   ] GC(488) Concurrent Clear Claimed Marks 0.360ms
[2020-09-11T11:45:06.903+0000][26480][gc,marking   ] GC(488) Concurrent Scan Root Regions
[2020-09-11T11:45:06.905+0000][26480][gc,marking   ] GC(488) Concurrent Scan Root Regions 1.728ms
[2020-09-11T11:45:06.905+0000][26480][gc,marking   ] GC(488) Concurrent Mark (7112.039s)
[2020-09-11T11:45:06.905+0000][26480][gc,marking   ] GC(488) Concurrent Mark From Roots
[2020-09-11T11:45:06.905+0000][26480][gc,task      ] GC(488) Using 2 workers of 2 for marking
[2020-09-11T11:45:07.074+0000][26480][gc,marking   ] GC(488) Concurrent Mark From Roots 169.156ms
[2020-09-11T11:45:07.074+0000][26480][gc,marking   ] GC(488) Concurrent Preclean
[2020-09-11T11:45:07.075+0000][26480][gc,marking   ] GC(488) Concurrent Preclean 0.739ms
[2020-09-11T11:45:07.075+0000][26480][gc,marking   ] GC(488) Concurrent Mark (7112.039s, 7112.209s) 170.086ms
[2020-09-11T11:45:07.075+0000][26480][gc,start     ] GC(488) Pause Remark
[2020-09-11T11:45:07.084+0000][26480][gc           ] GC(488) Pause Remark 266M->266M(1024M) 8.597ms
[2020-09-11T11:45:07.084+0000][26480][gc,cpu       ] GC(488) User=0.00s Sys=0.00s Real=0.01s
[2020-09-11T11:45:07.084+0000][26480][safepoint    ] Safepoint "G1Concurrent", Time since last: 172498400 ns, Reaching safepoint: 183400 ns, At safepoint: 9242200 ns, Total: 9425600 ns
[2020-09-11T11:45:07.085+0000][26480][gc,marking   ] GC(488) Concurrent Rebuild Remembered Sets
[2020-09-11T11:45:07.186+0000][26480][gc,marking   ] GC(488) Concurrent Rebuild Remembered Sets 101.421ms
[2020-09-11T11:45:07.187+0000][26480][gc,start     ] GC(488) Pause Cleanup
[2020-09-11T11:45:07.188+0000][26480][gc           ] GC(488) Pause Cleanup 268M->268M(1024M) 0.765ms
[2020-09-11T11:45:07.188+0000][26480][gc,cpu       ] GC(488) User=0.00s Sys=0.00s Real=0.00s
[2020-09-11T11:45:07.188+0000][26480][safepoint    ] Safepoint "G1Concurrent", Time since last: 101864200 ns, Reaching safepoint: 399000 ns, At safepoint: 1112200 ns, Total: 1511200 ns
[2020-09-11T11:45:07.188+0000][26480][gc,marking   ] GC(488) Concurrent Cleanup for Next Mark
[2020-09-11T11:45:07.192+0000][26480][gc,marking   ] GC(488) Concurrent Cleanup for Next Mark 4.010ms
[2020-09-11T11:45:07.192+0000][26480][gc           ] GC(488) Concurrent Cycle 289.596ms
[2020-09-11T11:45:07.573+0000][26480][safepoint    ] Safepoint "BulkRevokeBias", Time since last: 381518200 ns, Reaching safepoint: 254300 ns, At safepoint: 2933100 ns, Total: 3187400 ns
[2020-09-11T11:45:07.603+0000][26480][gc,start     ] GC(489) Pause Young (Concurrent Start) (G1 Humongous Allocation)
[2020-09-11T11:45:07.603+0000][26480][gc,task      ] GC(489) Using 8 workers of 8 for evacuation
[2020-09-11T11:45:07.603+0000][26480][gc,age       ] GC(489) Desired survivor size 33030144 bytes, new threshold 15 (max threshold 15)
[2020-09-11T11:45:07.607+0000][26480][gc,age       ] GC(489) Age table with threshold 15 (max threshold 15)
[2020-09-11T11:45:07.607+0000][26480][gc,age       ] GC(489) - age   1:    2828872 bytes,    2828872 total
[2020-09-11T11:45:07.607+0000][26480][gc,age       ] GC(489) - age   2:       1432 bytes,    2830304 total
[2020-09-11T11:45:07.607+0000][26480][gc,age       ] GC(489) - age   3:        744 bytes,    2831048 total
[2020-09-11T11:45:07.607+0000][26480][gc,age       ] GC(489) - age   4:       2336 bytes,    2833384 total
[2020-09-11T11:45:07.607+0000][26480][gc,age       ] GC(489) - age   5:       1600 bytes,    2834984 total
[2020-09-11T11:45:07.608+0000][26480][gc,age       ] GC(489) - age   6:       1248 bytes,    2836232 total
[2020-09-11T11:45:07.608+0000][26480][gc,age       ] GC(489) - age   7:        256 bytes,    2836488 total
[2020-09-11T11:45:07.608+0000][26480][gc,age       ] GC(489) - age   8:      11768 bytes,    2848256 total
[2020-09-11T11:45:07.608+0000][26480][gc,age       ] GC(489) - age   9:        328 bytes,    2848584 total
[2020-09-11T11:45:07.608+0000][26480][gc,age       ] GC(489) - age  10:        640 bytes,    2849224 total
[2020-09-11T11:45:07.608+0000][26480][gc,age       ] GC(489) - age  11:        624 bytes,    2849848 total
[2020-09-11T11:45:07.608+0000][26480][gc,age       ] GC(489) - age  12:         64 bytes,    2849912 total
[2020-09-11T11:45:07.608+0000][26480][gc,age       ] GC(489) - age  13:       1488 bytes,    2851400 total
[2020-09-11T11:45:07.608+0000][26480][gc,age       ] GC(489) - age  14:       9920 bytes,    2861320 total
[2020-09-11T11:45:07.608+0000][26480][gc,age       ] GC(489) - age  15:        256 bytes,    2861576 total
[2020-09-11T11:45:07.608+0000][26480][gc,phases    ] GC(489)   Pre Evacuate Collection Set: 0.6ms
[2020-09-11T11:45:07.608+0000][26480][gc,phases    ] GC(489)   Merge Heap Roots: 0.2ms
[2020-09-11T11:45:07.608+0000][26480][gc,phases    ] GC(489)   Evacuate Collection Set: 2.3ms
[2020-09-11T11:45:07.608+0000][26480][gc,phases    ] GC(489)   Post Evacuate Collection Set: 0.8ms
[2020-09-11T11:45:07.608+0000][26480][gc,phases    ] GC(489)   Other: 1.3ms
[2020-09-11T11:45:07.608+0000][26480][gc,heap      ] GC(489) Eden regions: 50->0(501)
[2020-09-11T11:45:07.608+0000][26480][gc,heap      ] GC(489) Survivor regions: 3->3(63)
[2020-09-11T11:45:07.608+0000][26480][gc,heap      ] GC(489) Old regions: 79->79
[2020-09-11T11:45:07.608+0000][26480][gc,heap      ] GC(489) Archive regions: 0->0
[2020-09-11T11:45:07.608+0000][26480][gc,heap      ] GC(489) Humongous regions: 228->174
[2020-09-11T11:45:07.608+0000][26480][gc,metaspace ] GC(489) Metaspace: 88651K(94744K)->88651K(94744K) NonClass: 77455K(81048K)->77455K(81048K) Class: 11196K(13696K)->11196K(13696K)
[2020-09-11T11:45:07.609+0000][26480][gc           ] GC(489) Pause Young (Concurrent Start) (G1 Humongous Allocation) 358M->255M(1024M) 5.505ms
[2020-09-11T11:45:07.609+0000][26480][gc,cpu       ] GC(489) User=0.05s Sys=0.00s Real=0.01s
[2020-09-11T11:45:07.609+0000][26480][gc           ] GC(490) Concurrent Cycle
[2020-09-11T11:45:07.609+0000][26480][gc,marking   ] GC(490) Concurrent Clear Claimed Marks
[2020-09-11T11:45:07.609+0000][26480][gc,marking   ] GC(490) Concurrent Clear Claimed Marks 0.518ms
[2020-09-11T11:45:07.609+0000][26480][gc,marking   ] GC(490) Concurrent Scan Root Regions
[2020-09-11T11:45:07.609+0000][26480][safepoint    ] Safepoint "G1TryInitiateConcMark", Time since last: 30216700 ns, Reaching safepoint: 205500 ns, At safepoint: 6478100 ns, Total: 6683600 ns
[2020-09-11T11:45:07.611+0000][26480][gc,marking   ] GC(490) Concurrent Scan Root Regions 2.165ms
[2020-09-11T11:45:07.612+0000][26480][gc,marking   ] GC(490) Concurrent Mark (7112.746s)
[2020-09-11T11:45:07.612+0000][26480][gc,marking   ] GC(490) Concurrent Mark From Roots
[2020-09-11T11:45:07.612+0000][26480][gc,task      ] GC(490) Using 2 workers of 2 for marking
[2020-09-11T11:45:07.772+0000][26480][gc,marking   ] GC(490) Concurrent Mark From Roots 160.057ms
[2020-09-11T11:45:07.772+0000][26480][gc,marking   ] GC(490) Concurrent Preclean
[2020-09-11T11:45:07.773+0000][26480][gc,marking   ] GC(490) Concurrent Preclean 0.976ms
[2020-09-11T11:45:07.773+0000][26480][gc,marking   ] GC(490) Concurrent Mark (7112.746s, 7112.907s) 161.278ms
[2020-09-11T11:45:07.781+0000][26480][gc,start     ] GC(490) Pause Remark
[2020-09-11T11:45:07.788+0000][26480][gc           ] GC(490) Pause Remark 309M->309M(1024M) 7.402ms
[2020-09-11T11:45:07.788+0000][26480][gc,cpu       ] GC(490) User=0.00s Sys=0.00s Real=0.01s
[2020-09-11T11:45:07.788+0000][26480][safepoint    ] Safepoint "G1Concurrent", Time since last: 163622700 ns, Reaching safepoint: 8007100 ns, At safepoint: 7829800 ns, Total: 15836900 ns
[2020-09-11T11:45:07.789+0000][26480][gc,marking   ] GC(490) Concurrent Rebuild Remembered Sets
[2020-09-11T11:45:07.892+0000][26480][gc,marking   ] GC(490) Concurrent Rebuild Remembered Sets 102.634ms
[2020-09-11T11:45:07.893+0000][26480][gc,start     ] GC(490) Pause Cleanup
[2020-09-11T11:45:07.893+0000][26480][gc           ] GC(490) Pause Cleanup 309M->309M(1024M) 0.489ms
[2020-09-11T11:45:07.893+0000][26480][gc,cpu       ] GC(490) User=0.00s Sys=0.00s Real=0.00s
[2020-09-11T11:45:07.893+0000][26480][safepoint    ] Safepoint "G1Concurrent", Time since last: 103202700 ns, Reaching safepoint: 402200 ns, At safepoint: 784600 ns, Total: 1186800 ns
[2020-09-11T11:45:07.893+0000][26480][gc,marking   ] GC(490) Concurrent Cleanup for Next Mark
[2020-09-11T11:45:07.896+0000][26480][gc,marking   ] GC(490) Concurrent Cleanup for Next Mark 2.265ms
[2020-09-11T11:45:07.896+0000][26480][gc           ] GC(490) Concurrent Cycle 287.111ms
[2020-09-11T11:45:08.228+0000][26480][gc,start     ] GC(491) Pause Young (Concurrent Start) (G1 Humongous Allocation)
[2020-09-11T11:45:08.229+0000][26480][gc,task      ] GC(491) Using 8 workers of 8 for evacuation
[2020-09-11T11:45:08.229+0000][26480][gc,age       ] GC(491) Desired survivor size 33030144 bytes, new threshold 15 (max threshold 15)
[2020-09-11T11:45:08.233+0000][26480][gc,age       ] GC(491) Age table with threshold 15 (max threshold 15)
[2020-09-11T11:45:08.234+0000][26480][gc,age       ] GC(491) - age   1:    7722232 bytes,    7722232 total
[2020-09-11T11:45:08.234+0000][26480][gc,age       ] GC(491) - age   2:      74120 bytes,    7796352 total
[2020-09-11T11:45:08.234+0000][26480][gc,age       ] GC(491) - age   3:       1000 bytes,    7797352 total
[2020-09-11T11:45:08.234+0000][26480][gc,age       ] GC(491) - age   4:        744 bytes,    7798096 total
[2020-09-11T11:45:08.234+0000][26480][gc,age       ] GC(491) - age   5:       1880 bytes,    7799976 total
[2020-09-11T11:45:08.234+0000][26480][gc,age       ] GC(491) - age   6:       1248 bytes,    7801224 total
[2020-09-11T11:45:08.234+0000][26480][gc,age       ] GC(491) - age   7:       1120 bytes,    7802344 total
[2020-09-11T11:45:08.234+0000][26480][gc,age       ] GC(491) - age   8:        224 bytes,    7802568 total
[2020-09-11T11:45:08.234+0000][26480][gc,age       ] GC(491) - age   9:      11768 bytes,    7814336 total
[2020-09-11T11:45:08.234+0000][26480][gc,age       ] GC(491) - age  10:        328 bytes,    7814664 total
[2020-09-11T11:45:08.234+0000][26480][gc,age       ] GC(491) - age  11:        608 bytes,    7815272 total
[2020-09-11T11:45:08.234+0000][26480][gc,age       ] GC(491) - age  12:        592 bytes,    7815864 total
[2020-09-11T11:45:08.234+0000][26480][gc,age       ] GC(491) - age  13:         64 bytes,    7815928 total
[2020-09-11T11:45:08.234+0000][26480][gc,age       ] GC(491) - age  14:       1152 bytes,    7817080 total
[2020-09-11T11:45:08.234+0000][26480][gc,age       ] GC(491) - age  15:       9920 bytes,    7827000 total
[2020-09-11T11:45:08.234+0000][26480][gc,phases    ] GC(491)   Pre Evacuate Collection Set: 0.6ms
[2020-09-11T11:45:08.234+0000][26480][gc,phases    ] GC(491)   Merge Heap Roots: 0.1ms
[2020-09-11T11:45:08.234+0000][26480][gc,phases    ] GC(491)   Evacuate Collection Set: 2.9ms
[2020-09-11T11:45:08.234+0000][26480][gc,phases    ] GC(491)   Post Evacuate Collection Set: 0.9ms
[2020-09-11T11:45:08.234+0000][26480][gc,phases    ] GC(491)   Other: 1.3ms
[2020-09-11T11:45:08.234+0000][26480][gc,heap      ] GC(491) Eden regions: 33->0(493)
[2020-09-11T11:45:08.234+0000][26480][gc,heap      ] GC(491) Survivor regions: 3->8(63)
[2020-09-11T11:45:08.234+0000][26480][gc,heap      ] GC(491) Old regions: 79->79
[2020-09-11T11:45:08.234+0000][26480][gc,heap      ] GC(491) Archive regions: 0->0
[2020-09-11T11:45:08.235+0000][26480][gc,heap      ] GC(491) Humongous regions: 228->174
[2020-09-11T11:45:08.235+0000][26480][gc,metaspace ] GC(491) Metaspace: 88651K(94744K)->88651K(94744K) NonClass: 77455K(81048K)->77455K(81048K) Class: 11196K(13696K)->11196K(13696K)
[2020-09-11T11:45:08.235+0000][26480][gc           ] GC(491) Pause Young (Concurrent Start) (G1 Humongous Allocation) 341M->259M(1024M) 6.135ms
[2020-09-11T11:45:08.235+0000][26480][gc,cpu       ] GC(491) User=0.05s Sys=0.03s Real=0.01s
[2020-09-11T11:45:08.235+0000][26480][gc           ] GC(492) Concurrent Cycle
[2020-09-11T11:45:08.235+0000][26480][gc,marking   ] GC(492) Concurrent Clear Claimed Marks
[2020-09-11T11:45:08.235+0000][26480][gc,marking   ] GC(492) Concurrent Clear Claimed Marks 0.305ms
[2020-09-11T11:45:08.235+0000][26480][gc,marking   ] GC(492) Concurrent Scan Root Regions
[2020-09-11T11:45:08.239+0000][26480][gc,marking   ] GC(492) Concurrent Scan Root Regions 3.339ms
[2020-09-11T11:45:08.239+0000][26480][gc,marking   ] GC(492) Concurrent Mark (7113.373s)
[2020-09-11T11:45:08.239+0000][26480][gc,marking   ] GC(492) Concurrent Mark From Roots
[2020-09-11T11:45:08.239+0000][26480][gc,task      ] GC(492) Using 2 workers of 2 for marking
[2020-09-11T11:45:08.242+0000][26480][safepoint    ] Safepoint "G1TryInitiateConcMark", Time since last: 334435400 ns, Reaching safepoint: 250200 ns, At safepoint: 13382100 ns, Total: 13632300 ns
[2020-09-11T11:45:08.423+0000][26480][gc,marking   ] GC(492) Concurrent Mark From Roots 184.643ms
[2020-09-11T11:45:08.423+0000][26480][gc,marking   ] GC(492) Concurrent Preclean
[2020-09-11T11:45:08.424+0000][26480][gc,marking   ] GC(492) Concurrent Preclean 0.697ms
[2020-09-11T11:45:08.424+0000][26480][gc,marking   ] GC(492) Concurrent Mark (7113.373s, 7113.558s) 185.529ms
[2020-09-11T11:45:08.424+0000][26480][gc,start     ] GC(492) Pause Remark
[2020-09-11T11:45:08.431+0000][26480][gc           ] GC(492) Pause Remark 500M->500M(1024M) 6.263ms
[2020-09-11T11:45:08.431+0000][26480][gc,cpu       ] GC(492) User=0.00s Sys=0.00s Real=0.01s
[2020-09-11T11:45:08.431+0000][26480][safepoint    ] Safepoint "G1Concurrent", Time since last: 182501200 ns, Reaching safepoint: 178200 ns, At safepoint: 6484900 ns, Total: 6663100 ns
[2020-09-11T11:45:08.431+0000][26480][gc,marking   ] GC(492) Concurrent Rebuild Remembered Sets
[2020-09-11T11:45:08.540+0000][26480][gc,marking   ] GC(492) Concurrent Rebuild Remembered Sets 109.439ms
[2020-09-11T11:45:08.571+0000][26480][gc,start     ] GC(492) Pause Cleanup
[2020-09-11T11:45:08.571+0000][26480][gc           ] GC(492) Pause Cleanup 501M->501M(1024M) 0.457ms
[2020-09-11T11:45:08.571+0000][26480][gc,cpu       ] GC(492) User=0.00s Sys=0.00s Real=0.00s
[2020-09-11T11:45:08.574+0000][26480][safepoint    ] Safepoint "G1Concurrent", Time since last: 109612900 ns, Reaching safepoint: 30141500 ns, At safepoint: 3465100 ns, Total: 33606600 ns
[2020-09-11T11:45:08.574+0000][26480][gc,marking   ] GC(492) Concurrent Cleanup for Next Mark
[2020-09-11T11:45:08.576+0000][26480][gc,marking   ] GC(492) Concurrent Cleanup for Next Mark 1.861ms
[2020-09-11T11:45:08.576+0000][26480][gc           ] GC(492) Concurrent Cycle 341.609ms
[2020-09-11T11:45:08.681+0000][26480][gc,start     ] GC(493) Pause Young (Concurrent Start) (G1 Humongous Allocation)
[2020-09-11T11:45:08.681+0000][26480][gc,task      ] GC(493) Using 8 workers of 8 for evacuation
[2020-09-11T11:45:08.681+0000][26480][gc,age       ] GC(493) Desired survivor size 33030144 bytes, new threshold 15 (max threshold 15)
[2020-09-11T11:45:08.690+0000][26480][gc,age       ] GC(493) Age table with threshold 15 (max threshold 15)
[2020-09-11T11:45:08.691+0000][26480][gc,age       ] GC(493) - age   1:    3535992 bytes,    3535992 total
[2020-09-11T11:45:08.691+0000][26480][gc,age       ] GC(493) - age   2:    1007832 bytes,    4543824 total
[2020-09-11T11:45:08.691+0000][26480][gc,age       ] GC(493) - age   3:      72528 bytes,    4616352 total
[2020-09-11T11:45:08.691+0000][26480][gc,age       ] GC(493) - age   4:        640 bytes,    4616992 total
[2020-09-11T11:45:08.691+0000][26480][gc,age       ] GC(493) - age   5:        712 bytes,    4617704 total
[2020-09-11T11:45:08.691+0000][26480][gc,age       ] GC(493) - age   6:       1848 bytes,    4619552 total
[2020-09-11T11:45:08.691+0000][26480][gc,age       ] GC(493) - age   7:       1080 bytes,    4620632 total
[2020-09-11T11:45:08.691+0000][26480][gc,age       ] GC(493) - age   8:       1120 bytes,    4621752 total
[2020-09-11T11:45:08.691+0000][26480][gc,age       ] GC(493) - age   9:        224 bytes,    4621976 total
[2020-09-11T11:45:08.692+0000][26480][gc,age       ] GC(493) - age  10:      11768 bytes,    4633744 total
[2020-09-11T11:45:08.692+0000][26480][gc,age       ] GC(493) - age  11:        328 bytes,    4634072 total
[2020-09-11T11:45:08.692+0000][26480][gc,age       ] GC(493) - age  12:        608 bytes,    4634680 total
[2020-09-11T11:45:08.692+0000][26480][gc,age       ] GC(493) - age  13:        592 bytes,    4635272 total
[2020-09-11T11:45:08.692+0000][26480][gc,age       ] GC(493) - age  14:         64 bytes,    4635336 total
[2020-09-11T11:45:08.692+0000][26480][gc,age       ] GC(493) - age  15:       1152 bytes,    4636488 total
[2020-09-11T11:45:08.692+0000][26480][gc,phases    ] GC(493)   Pre Evacuate Collection Set: 0.5ms
[2020-09-11T11:45:08.692+0000][26480][gc,phases    ] GC(493)   Merge Heap Roots: 0.2ms
[2020-09-11T11:45:08.692+0000][26480][gc,phases    ] GC(493)   Evacuate Collection Set: 5.0ms
[2020-09-11T11:45:08.692+0000][26480][gc,phases    ] GC(493)   Post Evacuate Collection Set: 3.1ms
[2020-09-11T11:45:08.692+0000][26480][gc,phases    ] GC(493)   Other: 2.1ms
[2020-09-11T11:45:08.692+0000][26480][gc,heap      ] GC(493) Eden regions: 53->0(495)
[2020-09-11T11:45:08.692+0000][26480][gc,heap      ] GC(493) Survivor regions: 8->5(63)
[2020-09-11T11:45:08.693+0000][26480][gc,heap      ] GC(493) Old regions: 79->79
[2020-09-11T11:45:08.693+0000][26480][gc,heap      ] GC(493) Archive regions: 0->0
[2020-09-11T11:45:08.693+0000][26480][gc,heap      ] GC(493) Humongous regions: 369->174
[2020-09-11T11:45:08.693+0000][26480][gc,metaspace ] GC(493) Metaspace: 88651K(94744K)->88651K(94744K) NonClass: 77455K(81048K)->77455K(81048K) Class: 11196K(13696K)->11196K(13696K)
[2020-09-11T11:45:08.693+0000][26480][gc           ] GC(493) Pause Young (Concurrent Start) (G1 Humongous Allocation) 507M->256M(1024M) 11.654ms
[2020-09-11T11:45:08.693+0000][26480][gc,cpu       ] GC(493) User=0.09s Sys=0.00s Real=0.01s
[2020-09-11T11:45:08.693+0000][26480][gc           ] GC(494) Concurrent Cycle
[2020-09-11T11:45:08.693+0000][26480][safepoint    ] Safepoint "G1TryInitiateConcMark", Time since last: 99872400 ns, Reaching safepoint: 6997400 ns, At safepoint: 11985800 ns, Total: 18983200 ns
[2020-09-11T11:45:08.693+0000][26480][gc,marking   ] GC(494) Concurrent Clear Claimed Marks
[2020-09-11T11:45:08.694+0000][26480][gc,marking   ] GC(494) Concurrent Clear Claimed Marks 1.146ms
[2020-09-11T11:45:08.694+0000][26480][gc,marking   ] GC(494) Concurrent Scan Root Regions
[2020-09-11T11:45:08.697+0000][26480][gc,marking   ] GC(494) Concurrent Scan Root Regions 2.805ms
[2020-09-11T11:45:08.697+0000][26480][gc,marking   ] GC(494) Concurrent Mark (7113.831s)
[2020-09-11T11:45:08.697+0000][26480][gc,marking   ] GC(494) Concurrent Mark From Roots
[2020-09-11T11:45:08.697+0000][26480][gc,task      ] GC(494) Using 2 workers of 2 for marking
[2020-09-11T11:45:08.893+0000][26480][gc,marking   ] GC(494) Concurrent Mark From Roots 196.699ms
[2020-09-11T11:45:08.893+0000][26480][gc,marking   ] GC(494) Concurrent Preclean
[2020-09-11T11:45:08.894+0000][26480][gc,marking   ] GC(494) Concurrent Preclean 0.753ms
[2020-09-11T11:45:08.894+0000][26480][gc,marking   ] GC(494) Concurrent Mark (7113.831s, 7114.029s) 197.626ms
[2020-09-11T11:45:08.894+0000][26480][gc,start     ] GC(494) Pause Remark
[2020-09-11T11:45:08.902+0000][26480][gc           ] GC(494) Pause Remark 323M->323M(1024M) 7.268ms
[2020-09-11T11:45:08.902+0000][26480][gc,cpu       ] GC(494) User=0.11s Sys=0.00s Real=0.01s
[2020-09-11T11:45:08.902+0000][26480][safepoint    ] Safepoint "G1Concurrent", Time since last: 201880600 ns, Reaching safepoint: 182100 ns, At safepoint: 7561700 ns, Total: 7743800 ns
[2020-09-11T11:45:08.902+0000][26480][gc,marking   ] GC(494) Concurrent Rebuild Remembered Sets
[2020-09-11T11:45:08.995+0000][26480][gc,marking   ] GC(494) Concurrent Rebuild Remembered Sets 92.543ms
[2020-09-11T11:45:08.995+0000][26480][gc,start     ] GC(494) Pause Cleanup
[2020-09-11T11:45:08.995+0000][26480][gc           ] GC(494) Pause Cleanup 324M->324M(1024M) 0.326ms
[2020-09-11T11:45:08.995+0000][26480][gc,cpu       ] GC(494) User=0.00s Sys=0.00s Real=0.00s
[2020-09-11T11:45:08.995+0000][26480][safepoint    ] Safepoint "G1Concurrent", Time since last: 92772200 ns, Reaching safepoint: 142200 ns, At safepoint: 500300 ns, Total: 642500 ns
[2020-09-11T11:45:08.995+0000][26480][gc,marking   ] GC(494) Concurrent Cleanup for Next Mark
[2020-09-11T11:45:08.997+0000][26480][gc,marking   ] GC(494) Concurrent Cleanup for Next Mark 1.604ms
[2020-09-11T11:45:08.997+0000][26480][gc           ] GC(494) Concurrent Cycle 304.891ms
[2020-09-11T11:45:09.362+0000][26480][gc,start     ] GC(495) Pause Young (Concurrent Start) (G1 Humongous Allocation)
[2020-09-11T11:45:09.362+0000][26480][gc,task      ] GC(495) Using 8 workers of 8 for evacuation
[2020-09-11T11:45:09.362+0000][26480][gc,age       ] GC(495) Desired survivor size 33030144 bytes, new threshold 15 (max threshold 15)
[2020-09-11T11:45:09.366+0000][26480][gc,age       ] GC(495) Age table with threshold 15 (max threshold 15)
[2020-09-11T11:45:09.366+0000][26480][gc,age       ] GC(495) - age   1:    2545528 bytes,    2545528 total
[2020-09-11T11:45:09.366+0000][26480][gc,age       ] GC(495) - age   2:       1360 bytes,    2546888 total
[2020-09-11T11:45:09.366+0000][26480][gc,age       ] GC(495) - age   3:       2456 bytes,    2549344 total
[2020-09-11T11:45:09.366+0000][26480][gc,age       ] GC(495) - age   4:      63720 bytes,    2613064 total
[2020-09-11T11:45:09.366+0000][26480][gc,age       ] GC(495) - age   5:        608 bytes,    2613672 total
[2020-09-11T11:45:09.366+0000][26480][gc,age       ] GC(495) - age   6:        600 bytes,    2614272 total
[2020-09-11T11:45:09.366+0000][26480][gc,age       ] GC(495) - age   7:       1728 bytes,    2616000 total
[2020-09-11T11:45:09.366+0000][26480][gc,age       ] GC(495) - age   8:        920 bytes,    2616920 total
[2020-09-11T11:45:09.366+0000][26480][gc,age       ] GC(495) - age   9:        896 bytes,    2617816 total
[2020-09-11T11:45:09.366+0000][26480][gc,age       ] GC(495) - age  10:        224 bytes,    2618040 total
[2020-09-11T11:45:09.366+0000][26480][gc,age       ] GC(495) - age  11:      11704 bytes,    2629744 total
[2020-09-11T11:45:09.366+0000][26480][gc,age       ] GC(495) - age  12:        328 bytes,    2630072 total
[2020-09-11T11:45:09.366+0000][26480][gc,age       ] GC(495) - age  13:        512 bytes,    2630584 total
[2020-09-11T11:45:09.367+0000][26480][gc,age       ] GC(495) - age  14:        560 bytes,    2631144 total
[2020-09-11T11:45:09.367+0000][26480][gc,age       ] GC(495) - age  15:         32 bytes,    2631176 total
[2020-09-11T11:45:09.367+0000][26480][gc,phases    ] GC(495)   Pre Evacuate Collection Set: 0.4ms
[2020-09-11T11:45:09.367+0000][26480][gc,phases    ] GC(495)   Merge Heap Roots: 0.1ms
[2020-09-11T11:45:09.367+0000][26480][gc,phases    ] GC(495)   Evacuate Collection Set: 2.2ms
[2020-09-11T11:45:09.367+0000][26480][gc,phases    ] GC(495)   Post Evacuate Collection Set: 0.8ms
[2020-09-11T11:45:09.367+0000][26480][gc,phases    ] GC(495)   Other: 1.0ms
[2020-09-11T11:45:09.367+0000][26480][gc,heap      ] GC(495) Eden regions: 40->0(498)
[2020-09-11T11:45:09.367+0000][26480][gc,heap      ] GC(495) Survivor regions: 5->3(63)
[2020-09-11T11:45:09.367+0000][26480][gc,heap      ] GC(495) Old regions: 79->79
[2020-09-11T11:45:09.367+0000][26480][gc,heap      ] GC(495) Archive regions: 0->0
[2020-09-11T11:45:09.367+0000][26480][gc,heap      ] GC(495) Humongous regions: 228->174
[2020-09-11T11:45:09.367+0000][26480][gc,metaspace ] GC(495) Metaspace: 88655K(94744K)->88655K(94744K) NonClass: 77459K(81048K)->77459K(81048K) Class: 11196K(13696K)->11196K(13696K)
[2020-09-11T11:45:09.367+0000][26480][gc           ] GC(495) Pause Young (Concurrent Start) (G1 Humongous Allocation) 350M->254M(1024M) 4.981ms
[2020-09-11T11:45:09.367+0000][26480][gc,cpu       ] GC(495) User=0.00s Sys=0.00s Real=0.01s
[2020-09-11T11:45:09.367+0000][26480][gc           ] GC(496) Concurrent Cycle
[2020-09-11T11:45:09.367+0000][26480][safepoint    ] Safepoint "G1TryInitiateConcMark", Time since last: 366540500 ns, Reaching safepoint: 173300 ns, At safepoint: 5225100 ns, Total: 5398400 ns
[2020-09-11T11:45:09.367+0000][26480][gc,marking   ] GC(496) Concurrent Clear Claimed Marks
[2020-09-11T11:45:09.368+0000][26480][gc,marking   ] GC(496) Concurrent Clear Claimed Marks 0.516ms
[2020-09-11T11:45:09.368+0000][26480][gc,marking   ] GC(496) Concurrent Scan Root Regions
[2020-09-11T11:45:09.370+0000][26480][gc,marking   ] GC(496) Concurrent Scan Root Regions 2.078ms
[2020-09-11T11:45:09.370+0000][26480][gc,marking   ] GC(496) Concurrent Mark (7114.505s)
[2020-09-11T11:45:09.370+0000][26480][gc,marking   ] GC(496) Concurrent Mark From Roots
[2020-09-11T11:45:09.370+0000][26480][gc,task      ] GC(496) Using 2 workers of 2 for marking
[2020-09-11T11:45:09.536+0000][26480][gc,marking   ] GC(496) Concurrent Mark From Roots 165.549ms
[2020-09-11T11:45:09.536+0000][26480][gc,marking   ] GC(496) Concurrent Preclean
[2020-09-11T11:45:09.537+0000][26480][gc,marking   ] GC(496) Concurrent Preclean 0.800ms
[2020-09-11T11:45:09.537+0000][26480][gc,marking   ] GC(496) Concurrent Mark (7114.505s, 7114.672s) 166.563ms
[2020-09-11T11:45:09.537+0000][26480][gc,start     ] GC(496) Pause Remark
[2020-09-11T11:45:09.543+0000][26480][gc           ] GC(496) Pause Remark 310M->310M(1024M) 5.846ms
[2020-09-11T11:45:09.543+0000][26480][gc,cpu       ] GC(496) User=0.13s Sys=0.00s Real=0.01s
[2020-09-11T11:45:09.543+0000][26480][safepoint    ] Safepoint "G1Concurrent", Time since last: 169627900 ns, Reaching safepoint: 161700 ns, At safepoint: 6130300 ns, Total: 6292000 ns
[2020-09-11T11:45:09.543+0000][26480][gc,marking   ] GC(496) Concurrent Rebuild Remembered Sets
[2020-09-11T11:45:09.638+0000][26480][gc,marking   ] GC(496) Concurrent Rebuild Remembered Sets 95.010ms
[2020-09-11T11:45:09.639+0000][26480][gc,start     ] GC(496) Pause Cleanup
[2020-09-11T11:45:09.639+0000][26480][gc           ] GC(496) Pause Cleanup 312M->312M(1024M) 0.431ms
[2020-09-11T11:45:09.639+0000][26480][gc,cpu       ] GC(496) User=0.00s Sys=0.00s Real=0.00s
[2020-09-11T11:45:09.639+0000][26480][safepoint    ] Safepoint "G1Concurrent", Time since last: 95198200 ns, Reaching safepoint: 167300 ns, At safepoint: 625300 ns, Total: 792600 ns
[2020-09-11T11:45:09.639+0000][26480][gc,marking   ] GC(496) Concurrent Cleanup for Next Mark
[2020-09-11T11:45:09.641+0000][26480][gc,marking   ] GC(496) Concurrent Cleanup for Next Mark 1.833ms
[2020-09-11T11:45:09.641+0000][26480][gc           ] GC(496) Concurrent Cycle 273.954ms
[2020-09-11T11:45:11.458+0000][26480][safepoint    ] Safepoint "ICBufferFull", Time since last: 1818031200 ns, Reaching safepoint: 447700 ns, At safepoint: 422300 ns, Total: 870000 ns
[2020-09-11T11:45:12.594+0000][26480][gc,start     ] GC(497) Pause Young (Concurrent Start) (G1 Humongous Allocation)
[2020-09-11T11:45:12.594+0000][26480][gc,task      ] GC(497) Using 8 workers of 8 for evacuation
[2020-09-11T11:45:12.594+0000][26480][gc,age       ] GC(497) Desired survivor size 33030144 bytes, new threshold 15 (max threshold 15)
[2020-09-11T11:45:12.600+0000][26480][gc,age       ] GC(497) Age table with threshold 15 (max threshold 15)
[2020-09-11T11:45:12.600+0000][26480][gc,age       ] GC(497) - age   1:    2609104 bytes,    2609104 total
[2020-09-11T11:45:12.600+0000][26480][gc,age       ] GC(497) - age   2:      12608 bytes,    2621712 total
[2020-09-11T11:45:12.600+0000][26480][gc,age       ] GC(497) - age   3:        920 bytes,    2622632 total
[2020-09-11T11:45:12.600+0000][26480][gc,age       ] GC(497) - age   4:       2136 bytes,    2624768 total
[2020-09-11T11:45:12.600+0000][26480][gc,age       ] GC(497) - age   5:      62720 bytes,    2687488 total
[2020-09-11T11:45:12.600+0000][26480][gc,age       ] GC(497) - age   6:        576 bytes,    2688064 total
[2020-09-11T11:45:12.600+0000][26480][gc,age       ] GC(497) - age   7:        600 bytes,    2688664 total
[2020-09-11T11:45:12.600+0000][26480][gc,age       ] GC(497) - age   8:       1728 bytes,    2690392 total
[2020-09-11T11:45:12.600+0000][26480][gc,age       ] GC(497) - age   9:        824 bytes,    2691216 total
[2020-09-11T11:45:12.600+0000][26480][gc,age       ] GC(497) - age  10:        768 bytes,    2691984 total
[2020-09-11T11:45:12.600+0000][26480][gc,age       ] GC(497) - age  11:        224 bytes,    2692208 total
[2020-09-11T11:45:12.600+0000][26480][gc,age       ] GC(497) - age  12:      11408 bytes,    2703616 total
[2020-09-11T11:45:12.600+0000][26480][gc,age       ] GC(497) - age  13:        296 bytes,    2703912 total
[2020-09-11T11:45:12.600+0000][26480][gc,age       ] GC(497) - age  14:        384 bytes,    2704296 total
[2020-09-11T11:45:12.600+0000][26480][gc,age       ] GC(497) - age  15:        560 bytes,    2704856 total
[2020-09-11T11:45:12.600+0000][26480][gc,phases    ] GC(497)   Pre Evacuate Collection Set: 0.6ms
[2020-09-11T11:45:12.600+0000][26480][gc,phases    ] GC(497)   Merge Heap Roots: 0.2ms
[2020-09-11T11:45:12.600+0000][26480][gc,phases    ] GC(497)   Evacuate Collection Set: 2.9ms
[2020-09-11T11:45:12.600+0000][26480][gc,phases    ] GC(497)   Post Evacuate Collection Set: 1.2ms
[2020-09-11T11:45:12.600+0000][26480][gc,phases    ] GC(497)   Other: 1.4ms
[2020-09-11T11:45:12.601+0000][26480][gc,heap      ] GC(497) Eden regions: 146->0(500)
[2020-09-11T11:45:12.601+0000][26480][gc,heap      ] GC(497) Survivor regions: 3->3(63)
[2020-09-11T11:45:12.601+0000][26480][gc,heap      ] GC(497) Old regions: 79->79
[2020-09-11T11:45:12.601+0000][26480][gc,heap      ] GC(497) Archive regions: 0->0
[2020-09-11T11:45:12.601+0000][26480][gc,heap      ] GC(497) Humongous regions: 228->174
[2020-09-11T11:45:12.601+0000][26480][gc,metaspace ] GC(497) Metaspace: 88838K(94744K)->88838K(94744K) NonClass: 77641K(81048K)->77641K(81048K) Class: 11197K(13696K)->11197K(13696K)
[2020-09-11T11:45:12.601+0000][26480][gc           ] GC(497) Pause Young (Concurrent Start) (G1 Humongous Allocation) 454M->254M(1024M) 6.756ms
[2020-09-11T11:45:12.601+0000][26480][gc,cpu       ] GC(497) User=0.00s Sys=0.00s Real=0.01s
[2020-09-11T11:45:12.601+0000][26480][gc           ] GC(498) Concurrent Cycle
[2020-09-11T11:45:12.601+0000][26480][safepoint    ] Safepoint "G1TryInitiateConcMark", Time since last: 1135685900 ns, Reaching safepoint: 323900 ns, At safepoint: 7020000 ns, Total: 7343900 ns
[2020-09-11T11:45:12.601+0000][26480][gc,marking   ] GC(498) Concurrent Clear Claimed Marks
[2020-09-11T11:45:12.602+0000][26480][gc,marking   ] GC(498) Concurrent Clear Claimed Marks 0.614ms
[2020-09-11T11:45:12.602+0000][26480][gc,marking   ] GC(498) Concurrent Scan Root Regions
[2020-09-11T11:45:12.605+0000][26480][gc,marking   ] GC(498) Concurrent Scan Root Regions 2.785ms
[2020-09-11T11:45:12.605+0000][26480][gc,marking   ] GC(498) Concurrent Mark (7117.740s)
[2020-09-11T11:45:12.605+0000][26480][gc,marking   ] GC(498) Concurrent Mark From Roots
[2020-09-11T11:45:12.605+0000][26480][gc,task      ] GC(498) Using 2 workers of 2 for marking
[2020-09-11T11:45:12.760+0000][26480][gc,marking   ] GC(498) Concurrent Mark From Roots 154.773ms
[2020-09-11T11:45:12.760+0000][26480][gc,marking   ] GC(498) Concurrent Preclean
[2020-09-11T11:45:12.760+0000][26480][gc,marking   ] GC(498) Concurrent Preclean 0.712ms
[2020-09-11T11:45:12.761+0000][26480][gc,marking   ] GC(498) Concurrent Mark (7117.740s, 7117.895s) 155.724ms
[2020-09-11T11:45:12.764+0000][26480][gc,start     ] GC(498) Pause Remark
[2020-09-11T11:45:12.771+0000][26480][gc           ] GC(498) Pause Remark 308M->308M(1024M) 6.919ms
[2020-09-11T11:45:12.771+0000][26480][gc,cpu       ] GC(498) User=0.00s Sys=0.00s Real=0.01s
[2020-09-11T11:45:12.771+0000][26480][safepoint    ] Safepoint "G1Concurrent", Time since last: 159522100 ns, Reaching safepoint: 3116800 ns, At safepoint: 7146100 ns, Total: 10262900 ns
[2020-09-11T11:45:12.771+0000][26480][gc,marking   ] GC(498) Concurrent Rebuild Remembered Sets
[2020-09-11T11:45:12.868+0000][26480][gc,marking   ] GC(498) Concurrent Rebuild Remembered Sets 97.287ms
[2020-09-11T11:45:12.869+0000][26480][gc,start     ] GC(498) Pause Cleanup
[2020-09-11T11:45:12.869+0000][26480][gc           ] GC(498) Pause Cleanup 308M->308M(1024M) 0.328ms
[2020-09-11T11:45:12.869+0000][26480][gc,cpu       ] GC(498) User=0.00s Sys=0.00s Real=0.00s
[2020-09-11T11:45:12.869+0000][26480][safepoint    ] Safepoint "G1Concurrent", Time since last: 97526400 ns, Reaching safepoint: 177600 ns, At safepoint: 558000 ns, Total: 735600 ns
[2020-09-11T11:45:12.869+0000][26480][gc,marking   ] GC(498) Concurrent Cleanup for Next Mark
[2020-09-11T11:45:12.871+0000][26480][gc,marking   ] GC(498) Concurrent Cleanup for Next Mark 1.791ms
[2020-09-11T11:45:12.871+0000][26480][gc           ] GC(498) Concurrent Cycle 270.074ms
[2020-09-11T11:45:13.007+0000][26480][gc,start     ] GC(499) Pause Young (Concurrent Start) (G1 Humongous Allocation)
[2020-09-11T11:45:13.007+0000][26480][gc,task      ] GC(499) Using 8 workers of 8 for evacuation
[2020-09-11T11:45:13.007+0000][26480][gc,age       ] GC(499) Desired survivor size 33030144 bytes, new threshold 15 (max threshold 15)
[2020-09-11T11:45:13.011+0000][26480][gc,age       ] GC(499) Age table with threshold 15 (max threshold 15)
[2020-09-11T11:45:13.011+0000][26480][gc,age       ] GC(499) - age   1:    2596608 bytes,    2596608 total
[2020-09-11T11:45:13.011+0000][26480][gc,age       ] GC(499) - age   2:     169512 bytes,    2766120 total
[2020-09-11T11:45:13.011+0000][26480][gc,age       ] GC(499) - age   3:       9528 bytes,    2775648 total
[2020-09-11T11:45:13.011+0000][26480][gc,age       ] GC(499) - age   4:        920 bytes,    2776568 total
[2020-09-11T11:45:13.011+0000][26480][gc,age       ] GC(499) - age   5:       2136 bytes,    2778704 total
[2020-09-11T11:45:13.011+0000][26480][gc,age       ] GC(499) - age   6:      62656 bytes,    2841360 total
[2020-09-11T11:45:13.011+0000][26480][gc,age       ] GC(499) - age   7:        576 bytes,    2841936 total
[2020-09-11T11:45:13.011+0000][26480][gc,age       ] GC(499) - age   8:        600 bytes,    2842536 total
[2020-09-11T11:45:13.011+0000][26480][gc,age       ] GC(499) - age   9:       1728 bytes,    2844264 total
[2020-09-11T11:45:13.011+0000][26480][gc,age       ] GC(499) - age  10:        824 bytes,    2845088 total
[2020-09-11T11:45:13.011+0000][26480][gc,age       ] GC(499) - age  11:        768 bytes,    2845856 total
[2020-09-11T11:45:13.011+0000][26480][gc,age       ] GC(499) - age  12:        224 bytes,    2846080 total
[2020-09-11T11:45:13.011+0000][26480][gc,age       ] GC(499) - age  13:      11408 bytes,    2857488 total
[2020-09-11T11:45:13.011+0000][26480][gc,age       ] GC(499) - age  14:        296 bytes,    2857784 total
[2020-09-11T11:45:13.011+0000][26480][gc,age       ] GC(499) - age  15:        384 bytes,    2858168 total
[2020-09-11T11:45:13.012+0000][26480][gc,phases    ] GC(499)   Pre Evacuate Collection Set: 0.5ms
[2020-09-11T11:45:13.012+0000][26480][gc,phases    ] GC(499)   Merge Heap Roots: 0.1ms
[2020-09-11T11:45:13.012+0000][26480][gc,phases    ] GC(499)   Evacuate Collection Set: 2.2ms
[2020-09-11T11:45:13.012+0000][26480][gc,phases    ] GC(499)   Post Evacuate Collection Set: 0.7ms
[2020-09-11T11:45:13.012+0000][26480][gc,phases    ] GC(499)   Other: 1.2ms
[2020-09-11T11:45:13.012+0000][26480][gc,heap      ] GC(499) Eden regions: 20->0(501)
[2020-09-11T11:45:13.012+0000][26480][gc,heap      ] GC(499) Survivor regions: 3->3(63)
[2020-09-11T11:45:13.012+0000][26480][gc,heap      ] GC(499) Old regions: 79->79
[2020-09-11T11:45:13.012+0000][26480][gc,heap      ] GC(499) Archive regions: 0->0
[2020-09-11T11:45:13.012+0000][26480][gc,heap      ] GC(499) Humongous regions: 228->174
[2020-09-11T11:45:13.012+0000][26480][gc,metaspace ] GC(499) Metaspace: 88838K(94744K)->88838K(94744K) NonClass: 77641K(81048K)->77641K(81048K) Class: 11197K(13696K)->11197K(13696K)
[2020-09-11T11:45:13.012+0000][26480][gc           ] GC(499) Pause Young (Concurrent Start) (G1 Humongous Allocation) 328M->255M(1024M) 5.228ms
[2020-09-11T11:45:13.012+0000][26480][gc,cpu       ] GC(499) User=0.11s Sys=0.00s Real=0.01s
[2020-09-11T11:45:13.012+0000][26480][gc           ] GC(500) Concurrent Cycle
[2020-09-11T11:45:13.012+0000][26480][safepoint    ] Safepoint "G1TryInitiateConcMark", Time since last: 137628200 ns, Reaching safepoint: 160900 ns, At safepoint: 5481300 ns, Total: 5642200 ns
[2020-09-11T11:45:13.012+0000][26480][gc,marking   ] GC(500) Concurrent Clear Claimed Marks
[2020-09-11T11:45:13.013+0000][26480][gc,marking   ] GC(500) Concurrent Clear Claimed Marks 0.684ms
[2020-09-11T11:45:13.013+0000][26480][gc,marking   ] GC(500) Concurrent Scan Root Regions
[2020-09-11T11:45:13.016+0000][26480][gc,marking   ] GC(500) Concurrent Scan Root Regions 3.111ms
[2020-09-11T11:45:13.017+0000][26480][gc,marking   ] GC(500) Concurrent Mark (7118.151s)
[2020-09-11T11:45:13.017+0000][26480][gc,marking   ] GC(500) Concurrent Mark From Roots
[2020-09-11T11:45:13.017+0000][26480][gc,task      ] GC(500) Using 2 workers of 2 for marking
[2020-09-11T11:45:13.179+0000][26480][gc,marking   ] GC(500) Concurrent Mark From Roots 162.323ms
[2020-09-11T11:45:13.179+0000][26480][gc,marking   ] GC(500) Concurrent Preclean
[2020-09-11T11:45:13.180+0000][26480][gc,marking   ] GC(500) Concurrent Preclean 0.557ms
[2020-09-11T11:45:13.180+0000][26480][gc,marking   ] GC(500) Concurrent Mark (7118.151s, 7118.314s) 163.101ms
[2020-09-11T11:45:13.180+0000][26480][gc,start     ] GC(500) Pause Remark
[2020-09-11T11:45:13.187+0000][26480][gc           ] GC(500) Pause Remark 308M->308M(1024M) 6.815ms
[2020-09-11T11:45:13.187+0000][26480][gc,cpu       ] GC(500) User=0.11s Sys=0.00s Real=0.01s
[2020-09-11T11:45:13.187+0000][26480][safepoint    ] Safepoint "G1Concurrent", Time since last: 167287700 ns, Reaching safepoint: 156600 ns, At safepoint: 7049900 ns, Total: 7206500 ns
[2020-09-11T11:45:13.187+0000][26480][gc,marking   ] GC(500) Concurrent Rebuild Remembered Sets
[2020-09-11T11:45:13.288+0000][26480][gc,marking   ] GC(500) Concurrent Rebuild Remembered Sets 100.579ms
[2020-09-11T11:45:13.294+0000][26480][gc,start     ] GC(500) Pause Cleanup
[2020-09-11T11:45:13.294+0000][26480][gc           ] GC(500) Pause Cleanup 328M->328M(1024M) 0.442ms
[2020-09-11T11:45:13.294+0000][26480][gc,cpu       ] GC(500) User=0.00s Sys=0.00s Real=0.00s
[2020-09-11T11:45:13.294+0000][26480][safepoint    ] Safepoint "G1Concurrent", Time since last: 100820000 ns, Reaching safepoint: 6002100 ns, At safepoint: 645200 ns, Total: 6647300 ns
[2020-09-11T11:45:13.294+0000][26480][gc,marking   ] GC(500) Concurrent Cleanup for Next Mark
[2020-09-11T11:45:13.296+0000][26480][gc,marking   ] GC(500) Concurrent Cleanup for Next Mark 1.814ms
[2020-09-11T11:45:13.296+0000][26480][gc           ] GC(500) Concurrent Cycle 284.033ms
[2020-09-11T11:45:13.463+0000][26480][gc,start     ] GC(501) Pause Young (Concurrent Start) (G1 Humongous Allocation)
[2020-09-11T11:45:13.463+0000][26480][gc,task      ] GC(501) Using 8 workers of 8 for evacuation
[2020-09-11T11:45:13.463+0000][26480][gc,age       ] GC(501) Desired survivor size 33030144 bytes, new threshold 15 (max threshold 15)
[2020-09-11T11:45:13.467+0000][26480][gc,age       ] GC(501) Age table with threshold 15 (max threshold 15)
[2020-09-11T11:45:13.467+0000][26480][gc,age       ] GC(501) - age   1:     812496 bytes,     812496 total
[2020-09-11T11:45:13.467+0000][26480][gc,age       ] GC(501) - age   2:     202048 bytes,    1014544 total
[2020-09-11T11:45:13.467+0000][26480][gc,age       ] GC(501) - age   3:     165312 bytes,    1179856 total
[2020-09-11T11:45:13.467+0000][26480][gc,age       ] GC(501) - age   4:       9112 bytes,    1188968 total
[2020-09-11T11:45:13.467+0000][26480][gc,age       ] GC(501) - age   5:        920 bytes,    1189888 total
[2020-09-11T11:45:13.467+0000][26480][gc,age       ] GC(501) - age   6:       1704 bytes,    1191592 total
[2020-09-11T11:45:13.467+0000][26480][gc,age       ] GC(501) - age   7:      62592 bytes,    1254184 total
[2020-09-11T11:45:13.467+0000][26480][gc,age       ] GC(501) - age   8:        576 bytes,    1254760 total
[2020-09-11T11:45:13.467+0000][26480][gc,age       ] GC(501) - age   9:        536 bytes,    1255296 total
[2020-09-11T11:45:13.467+0000][26480][gc,age       ] GC(501) - age  10:       1664 bytes,    1256960 total
[2020-09-11T11:45:13.467+0000][26480][gc,age       ] GC(501) - age  11:        824 bytes,    1257784 total
[2020-09-11T11:45:13.467+0000][26480][gc,age       ] GC(501) - age  12:        736 bytes,    1258520 total
[2020-09-11T11:45:13.467+0000][26480][gc,age       ] GC(501) - age  13:        224 bytes,    1258744 total
[2020-09-11T11:45:13.467+0000][26480][gc,age       ] GC(501) - age  14:      11408 bytes,    1270152 total
[2020-09-11T11:45:13.467+0000][26480][gc,age       ] GC(501) - age  15:        296 bytes,    1270448 total
[2020-09-11T11:45:13.467+0000][26480][gc,phases    ] GC(501)   Pre Evacuate Collection Set: 0.5ms
[2020-09-11T11:45:13.467+0000][26480][gc,phases    ] GC(501)   Merge Heap Roots: 0.2ms
[2020-09-11T11:45:13.467+0000][26480][gc,phases    ] GC(501)   Evacuate Collection Set: 2.1ms
[2020-09-11T11:45:13.467+0000][26480][gc,phases    ] GC(501)   Post Evacuate Collection Set: 0.7ms
[2020-09-11T11:45:13.467+0000][26480][gc,phases    ] GC(501)   Other: 0.9ms
[2020-09-11T11:45:13.467+0000][26480][gc,heap      ] GC(501) Eden regions: 28->0(504)
[2020-09-11T11:45:13.468+0000][26480][gc,heap      ] GC(501) Survivor regions: 3->2(63)
[2020-09-11T11:45:13.468+0000][26480][gc,heap      ] GC(501) Old regions: 79->79
[2020-09-11T11:45:13.468+0000][26480][gc,heap      ] GC(501) Archive regions: 0->0
[2020-09-11T11:45:13.468+0000][26480][gc,heap      ] GC(501) Humongous regions: 228->174
[2020-09-11T11:45:13.468+0000][26480][gc,metaspace ] GC(501) Metaspace: 88838K(94744K)->88838K(94744K) NonClass: 77641K(81048K)->77641K(81048K) Class: 11197K(13696K)->11197K(13696K)
[2020-09-11T11:45:13.468+0000][26480][gc           ] GC(501) Pause Young (Concurrent Start) (G1 Humongous Allocation) 336M->253M(1024M) 4.700ms
[2020-09-11T11:45:13.468+0000][26480][gc,cpu       ] GC(501) User=0.00s Sys=0.00s Real=0.00s
[2020-09-11T11:45:13.468+0000][26480][gc           ] GC(502) Concurrent Cycle
[2020-09-11T11:45:13.468+0000][26480][safepoint    ] Safepoint "G1TryInitiateConcMark", Time since last: 168454100 ns, Reaching safepoint: 188500 ns, At safepoint: 4908800 ns, Total: 5097300 ns
[2020-09-11T11:45:13.468+0000][26480][gc,marking   ] GC(502) Concurrent Clear Claimed Marks
[2020-09-11T11:45:13.468+0000][26480][gc,marking   ] GC(502) Concurrent Clear Claimed Marks 0.475ms
[2020-09-11T11:45:13.469+0000][26480][gc,marking   ] GC(502) Concurrent Scan Root Regions
[2020-09-11T11:45:13.471+0000][26480][gc,marking   ] GC(502) Concurrent Scan Root Regions 1.960ms
[2020-09-11T11:45:13.471+0000][26480][gc,marking   ] GC(502) Concurrent Mark (7118.605s)
[2020-09-11T11:45:13.471+0000][26480][gc,marking   ] GC(502) Concurrent Mark From Roots
[2020-09-11T11:45:13.471+0000][26480][gc,task      ] GC(502) Using 2 workers of 2 for marking
[2020-09-11T11:45:13.628+0000][26480][gc,marking   ] GC(502) Concurrent Mark From Roots 157.425ms
[2020-09-11T11:45:13.628+0000][26480][gc,marking   ] GC(502) Concurrent Preclean
[2020-09-11T11:45:13.629+0000][26480][gc,marking   ] GC(502) Concurrent Preclean 0.846ms
[2020-09-11T11:45:13.629+0000][26480][gc,marking   ] GC(502) Concurrent Mark (7118.605s, 7118.764s) 158.517ms
[2020-09-11T11:45:13.629+0000][26480][gc,start     ] GC(502) Pause Remark
[2020-09-11T11:45:13.636+0000][26480][gc           ] GC(502) Pause Remark 266M->266M(1024M) 6.526ms
[2020-09-11T11:45:13.636+0000][26480][gc,cpu       ] GC(502) User=0.11s Sys=0.00s Real=0.01s
[2020-09-11T11:45:13.636+0000][26480][safepoint    ] Safepoint "G1Concurrent", Time since last: 161282000 ns, Reaching safepoint: 180000 ns, At safepoint: 6736700 ns, Total: 6916700 ns
[2020-09-11T11:45:13.636+0000][26480][gc,marking   ] GC(502) Concurrent Rebuild Remembered Sets
[2020-09-11T11:45:13.724+0000][26480][gc,marking   ] GC(502) Concurrent Rebuild Remembered Sets 87.772ms
[2020-09-11T11:45:13.724+0000][26480][gc,start     ] GC(502) Pause Cleanup
[2020-09-11T11:45:13.725+0000][26480][gc           ] GC(502) Pause Cleanup 270M->270M(1024M) 0.315ms
[2020-09-11T11:45:13.725+0000][26480][gc,cpu       ] GC(502) User=0.00s Sys=0.00s Real=0.00s
[2020-09-11T11:45:13.725+0000][26480][safepoint    ] Safepoint "G1Concurrent", Time since last: 88105600 ns, Reaching safepoint: 139400 ns, At safepoint: 483000 ns, Total: 622400 ns
[2020-09-11T11:45:13.725+0000][26480][gc,marking   ] GC(502) Concurrent Cleanup for Next Mark
[2020-09-11T11:45:13.726+0000][26480][gc,marking   ] GC(502) Concurrent Cleanup for Next Mark 1.258ms
[2020-09-11T11:45:13.726+0000][26480][gc           ] GC(502) Concurrent Cycle 258.357ms
[2020-09-11T11:45:13.800+0000][26480][gc,start     ] GC(503) Pause Young (Concurrent Start) (G1 Humongous Allocation)
[2020-09-11T11:45:13.800+0000][26480][gc,task      ] GC(503) Using 8 workers of 8 for evacuation
[2020-09-11T11:45:13.800+0000][26480][gc,age       ] GC(503) Desired survivor size 33554432 bytes, new threshold 15 (max threshold 15)
[2020-09-11T11:45:13.804+0000][26480][gc,age       ] GC(503) Age table with threshold 15 (max threshold 15)
[2020-09-11T11:45:13.804+0000][26480][gc,age       ] GC(503) - age   1:    1496400 bytes,    1496400 total
[2020-09-11T11:45:13.804+0000][26480][gc,age       ] GC(503) - age   2:     238816 bytes,    1735216 total
[2020-09-11T11:45:13.804+0000][26480][gc,age       ] GC(503) - age   3:     201664 bytes,    1936880 total
[2020-09-11T11:45:13.804+0000][26480][gc,age       ] GC(503) - age   4:     165152 bytes,    2102032 total
[2020-09-11T11:45:13.804+0000][26480][gc,age       ] GC(503) - age   5:       9024 bytes,    2111056 total
[2020-09-11T11:45:13.804+0000][26480][gc,age       ] GC(503) - age   6:        800 bytes,    2111856 total
[2020-09-11T11:45:13.804+0000][26480][gc,age       ] GC(503) - age   7:       1608 bytes,    2113464 total
[2020-09-11T11:45:13.804+0000][26480][gc,age       ] GC(503) - age   8:      62592 bytes,    2176056 total
[2020-09-11T11:45:13.804+0000][26480][gc,age       ] GC(503) - age   9:        416 bytes,    2176472 total
[2020-09-11T11:45:13.804+0000][26480][gc,age       ] GC(503) - age  10:        408 bytes,    2176880 total
[2020-09-11T11:45:13.804+0000][26480][gc,age       ] GC(503) - age  11:       1408 bytes,    2178288 total
[2020-09-11T11:45:13.804+0000][26480][gc,age       ] GC(503) - age  12:        728 bytes,    2179016 total
[2020-09-11T11:45:13.805+0000][26480][gc,age       ] GC(503) - age  13:        736 bytes,    2179752 total
[2020-09-11T11:45:13.805+0000][26480][gc,age       ] GC(503) - age  14:        224 bytes,    2179976 total
[2020-09-11T11:45:13.805+0000][26480][gc,age       ] GC(503) - age  15:      11376 bytes,    2191352 total
[2020-09-11T11:45:13.805+0000][26480][gc,phases    ] GC(503)   Pre Evacuate Collection Set: 0.4ms
[2020-09-11T11:45:13.805+0000][26480][gc,phases    ] GC(503)   Merge Heap Roots: 0.1ms
[2020-09-11T11:45:13.805+0000][26480][gc,phases    ] GC(503)   Evacuate Collection Set: 2.1ms
[2020-09-11T11:45:13.805+0000][26480][gc,phases    ] GC(503)   Post Evacuate Collection Set: 0.8ms
[2020-09-11T11:45:13.805+0000][26480][gc,phases    ] GC(503)   Other: 1.2ms
[2020-09-11T11:45:13.805+0000][26480][gc,heap      ] GC(503) Eden regions: 15->0(504)
[2020-09-11T11:45:13.805+0000][26480][gc,heap      ] GC(503) Survivor regions: 2->3(64)
[2020-09-11T11:45:13.805+0000][26480][gc,heap      ] GC(503) Old regions: 79->79
[2020-09-11T11:45:13.805+0000][26480][gc,heap      ] GC(503) Archive regions: 0->0
[2020-09-11T11:45:13.805+0000][26480][gc,heap      ] GC(503) Humongous regions: 228->174
[2020-09-11T11:45:13.805+0000][26480][gc,metaspace ] GC(503) Metaspace: 88857K(94744K)->88857K(94744K) NonClass: 77657K(81048K)->77657K(81048K) Class: 11200K(13696K)->11200K(13696K)
[2020-09-11T11:45:13.805+0000][26480][gc           ] GC(503) Pause Young (Concurrent Start) (G1 Humongous Allocation) 322M->254M(1024M) 5.086ms
[2020-09-11T11:45:13.805+0000][26480][gc,cpu       ] GC(503) User=0.00s Sys=0.00s Real=0.01s
[2020-09-11T11:45:13.805+0000][26480][gc           ] GC(504) Concurrent Cycle
[2020-09-11T11:45:13.805+0000][26480][safepoint    ] Safepoint "G1TryInitiateConcMark", Time since last: 75140700 ns, Reaching safepoint: 182700 ns, At safepoint: 5294600 ns, Total: 5477300 ns
[2020-09-11T11:45:13.806+0000][26480][gc,marking   ] GC(504) Concurrent Clear Claimed Marks
[2020-09-11T11:45:13.806+0000][26480][gc,marking   ] GC(504) Concurrent Clear Claimed Marks 0.575ms
[2020-09-11T11:45:13.806+0000][26480][gc,marking   ] GC(504) Concurrent Scan Root Regions
[2020-09-11T11:45:13.809+0000][26480][gc,marking   ] GC(504) Concurrent Scan Root Regions 2.432ms
[2020-09-11T11:45:13.809+0000][26480][gc,marking   ] GC(504) Concurrent Mark (7118.944s)
[2020-09-11T11:45:13.809+0000][26480][gc,marking   ] GC(504) Concurrent Mark From Roots
[2020-09-11T11:45:13.809+0000][26480][gc,task      ] GC(504) Using 2 workers of 2 for marking
[2020-09-11T11:45:13.965+0000][26480][gc,marking   ] GC(504) Concurrent Mark From Roots 156.057ms
[2020-09-11T11:45:13.965+0000][26480][gc,marking   ] GC(504) Concurrent Preclean
[2020-09-11T11:45:13.966+0000][26480][gc,marking   ] GC(504) Concurrent Preclean 0.704ms
[2020-09-11T11:45:13.966+0000][26480][gc,marking   ] GC(504) Concurrent Mark (7118.944s, 7119.100s) 156.936ms
[2020-09-11T11:45:13.966+0000][26480][gc,start     ] GC(504) Pause Remark
[2020-09-11T11:45:13.973+0000][26480][gc           ] GC(504) Pause Remark 272M->272M(1024M) 6.559ms
[2020-09-11T11:45:13.973+0000][26480][gc,cpu       ] GC(504) User=0.00s Sys=0.00s Real=0.01s
[2020-09-11T11:45:13.973+0000][26480][safepoint    ] Safepoint "G1Concurrent", Time since last: 160280300 ns, Reaching safepoint: 207900 ns, At safepoint: 6766900 ns, Total: 6974800 ns
[2020-09-11T11:45:13.973+0000][26480][gc,marking   ] GC(504) Concurrent Rebuild Remembered Sets
[2020-09-11T11:45:14.058+0000][26480][gc,marking   ] GC(504) Concurrent Rebuild Remembered Sets 84.926ms
[2020-09-11T11:45:14.058+0000][26480][gc,start     ] GC(504) Pause Cleanup
[2020-09-11T11:45:14.058+0000][26480][gc           ] GC(504) Pause Cleanup 276M->276M(1024M) 0.340ms
[2020-09-11T11:45:14.058+0000][26480][gc,cpu       ] GC(504) User=0.00s Sys=0.00s Real=0.00s
[2020-09-11T11:45:14.059+0000][26480][safepoint    ] Safepoint "G1Concurrent", Time since last: 85111600 ns, Reaching safepoint: 166100 ns, At safepoint: 532500 ns, Total: 698600 ns
[2020-09-11T11:45:14.059+0000][26480][gc,marking   ] GC(504) Concurrent Cleanup for Next Mark
[2020-09-11T11:45:14.060+0000][26480][gc,marking   ] GC(504) Concurrent Cleanup for Next Mark 1.828ms
[2020-09-11T11:45:14.061+0000][26480][gc           ] GC(504) Concurrent Cycle 255.173ms
[2020-09-11T11:45:14.088+0000][26480][gc,start     ] GC(505) Pause Young (Concurrent Start) (G1 Humongous Allocation)
[2020-09-11T11:45:14.088+0000][26480][gc,task      ] GC(505) Using 8 workers of 8 for evacuation
[2020-09-11T11:45:14.088+0000][26480][gc,age       ] GC(505) Desired survivor size 33554432 bytes, new threshold 15 (max threshold 15)
[2020-09-11T11:45:14.092+0000][26480][gc,age       ] GC(505) Age table with threshold 15 (max threshold 15)
[2020-09-11T11:45:14.092+0000][26480][gc,age       ] GC(505) - age   1:    1649136 bytes,    1649136 total
[2020-09-11T11:45:14.092+0000][26480][gc,age       ] GC(505) - age   2:      84888 bytes,    1734024 total
[2020-09-11T11:45:14.092+0000][26480][gc,age       ] GC(505) - age   3:     238064 bytes,    1972088 total
[2020-09-11T11:45:14.092+0000][26480][gc,age       ] GC(505) - age   4:     201664 bytes,    2173752 total
[2020-09-11T11:45:14.092+0000][26480][gc,age       ] GC(505) - age   5:     165152 bytes,    2338904 total
[2020-09-11T11:45:14.092+0000][26480][gc,age       ] GC(505) - age   6:       8840 bytes,    2347744 total
[2020-09-11T11:45:14.092+0000][26480][gc,age       ] GC(505) - age   7:        768 bytes,    2348512 total
[2020-09-11T11:45:14.092+0000][26480][gc,age       ] GC(505) - age   8:       1512 bytes,    2350024 total
[2020-09-11T11:45:14.092+0000][26480][gc,age       ] GC(505) - age   9:      62560 bytes,    2412584 total
[2020-09-11T11:45:14.092+0000][26480][gc,age       ] GC(505) - age  10:        352 bytes,    2412936 total
[2020-09-11T11:45:14.092+0000][26480][gc,age       ] GC(505) - age  11:        376 bytes,    2413312 total
[2020-09-11T11:45:14.092+0000][26480][gc,age       ] GC(505) - age  12:       1408 bytes,    2414720 total
[2020-09-11T11:45:14.092+0000][26480][gc,age       ] GC(505) - age  13:        728 bytes,    2415448 total
[2020-09-11T11:45:14.092+0000][26480][gc,age       ] GC(505) - age  14:        736 bytes,    2416184 total
[2020-09-11T11:45:14.092+0000][26480][gc,age       ] GC(505) - age  15:        224 bytes,    2416408 total
[2020-09-11T11:45:14.093+0000][26480][gc,phases    ] GC(505)   Pre Evacuate Collection Set: 0.6ms
[2020-09-11T11:45:14.093+0000][26480][gc,phases    ] GC(505)   Merge Heap Roots: 0.1ms
[2020-09-11T11:45:14.093+0000][26480][gc,phases    ] GC(505)   Evacuate Collection Set: 2.2ms
[2020-09-11T11:45:14.093+0000][26480][gc,phases    ] GC(505)   Post Evacuate Collection Set: 0.8ms
[2020-09-11T11:45:14.093+0000][26480][gc,phases    ] GC(505)   Other: 1.3ms
[2020-09-11T11:45:14.093+0000][26480][gc,heap      ] GC(505) Eden regions: 18->0(503)
[2020-09-11T11:45:14.093+0000][26480][gc,heap      ] GC(505) Survivor regions: 3->3(64)
[2020-09-11T11:45:14.093+0000][26480][gc,heap      ] GC(505) Old regions: 79->79
[2020-09-11T11:45:14.093+0000][26480][gc,heap      ] GC(505) Archive regions: 0->0
[2020-09-11T11:45:14.093+0000][26480][gc,heap      ] GC(505) Humongous regions: 228->175
[2020-09-11T11:45:14.093+0000][26480][gc,metaspace ] GC(505) Metaspace: 88861K(94744K)->88861K(94744K) NonClass: 77661K(81048K)->77661K(81048K) Class: 11200K(13696K)->11200K(13696K)
[2020-09-11T11:45:14.093+0000][26480][gc           ] GC(505) Pause Young (Concurrent Start) (G1 Humongous Allocation) 325M->255M(1024M) 5.347ms
[2020-09-11T11:45:14.093+0000][26480][gc,cpu       ] GC(505) User=0.00s Sys=0.00s Real=0.00s
[2020-09-11T11:45:14.093+0000][26480][gc           ] GC(506) Concurrent Cycle
[2020-09-11T11:45:14.093+0000][26480][safepoint    ] Safepoint "G1TryInitiateConcMark", Time since last: 28893200 ns, Reaching safepoint: 184300 ns, At safepoint: 5603100 ns, Total: 5787400 ns
[2020-09-11T11:45:14.093+0000][26480][gc,marking   ] GC(506) Concurrent Clear Claimed Marks
[2020-09-11T11:45:14.094+0000][26480][gc,marking   ] GC(506) Concurrent Clear Claimed Marks 0.447ms
[2020-09-11T11:45:14.094+0000][26480][gc,marking   ] GC(506) Concurrent Scan Root Regions
[2020-09-11T11:45:14.096+0000][26480][gc,marking   ] GC(506) Concurrent Scan Root Regions 2.405ms
[2020-09-11T11:45:14.096+0000][26480][gc,marking   ] GC(506) Concurrent Mark (7119.231s)
[2020-09-11T11:45:14.096+0000][26480][gc,marking   ] GC(506) Concurrent Mark From Roots
[2020-09-11T11:45:14.096+0000][26480][gc,task      ] GC(506) Using 2 workers of 2 for marking
[2020-09-11T11:45:14.258+0000][26480][gc,marking   ] GC(506) Concurrent Mark From Roots 161.332ms
[2020-09-11T11:45:14.258+0000][26480][gc,marking   ] GC(506) Concurrent Preclean
[2020-09-11T11:45:14.259+0000][26480][gc,marking   ] GC(506) Concurrent Preclean 0.869ms
[2020-09-11T11:45:14.259+0000][26480][gc,marking   ] GC(506) Concurrent Mark (7119.231s, 7119.393s) 162.442ms
[2020-09-11T11:45:14.259+0000][26480][gc,start     ] GC(506) Pause Remark
[2020-09-11T11:45:14.266+0000][26480][gc           ] GC(506) Pause Remark 277M->277M(1024M) 6.769ms
[2020-09-11T11:45:14.266+0000][26480][gc,cpu       ] GC(506) User=0.11s Sys=0.00s Real=0.01s
[2020-09-11T11:45:14.266+0000][26480][safepoint    ] Safepoint "G1Concurrent", Time since last: 165541600 ns, Reaching safepoint: 163500 ns, At safepoint: 7014800 ns, Total: 7178300 ns
[2020-09-11T11:45:14.266+0000][26480][gc,marking   ] GC(506) Concurrent Rebuild Remembered Sets
[2020-09-11T11:45:14.358+0000][26480][gc,marking   ] GC(506) Concurrent Rebuild Remembered Sets 92.289ms
[2020-09-11T11:45:14.359+0000][26480][gc,start     ] GC(506) Pause Cleanup
[2020-09-11T11:45:14.359+0000][26480][gc           ] GC(506) Pause Cleanup 281M->281M(1024M) 0.318ms
[2020-09-11T11:45:14.359+0000][26480][gc,cpu       ] GC(506) User=0.00s Sys=0.00s Real=0.00s
[2020-09-11T11:45:14.359+0000][26480][safepoint    ] Safepoint "G1Concurrent", Time since last: 92489600 ns, Reaching safepoint: 169900 ns, At safepoint: 506600 ns, Total: 676500 ns
[2020-09-11T11:45:14.359+0000][26480][gc,marking   ] GC(506) Concurrent Cleanup for Next Mark
[2020-09-11T11:45:14.361+0000][26480][gc,marking   ] GC(506) Concurrent Cleanup for Next Mark 1.928ms
[2020-09-11T11:45:14.361+0000][26480][gc           ] GC(506) Concurrent Cycle 268.080ms
[2020-09-11T11:45:14.538+0000][26480][safepoint    ] Safepoint "ICBufferFull", Time since last: 178929100 ns, Reaching safepoint: 291100 ns, At safepoint: 38100 ns, Total: 329200 ns
[2020-09-11T11:45:15.156+0000][26480][gc,start     ] GC(507) Pause Young (Concurrent Start) (G1 Humongous Allocation)
[2020-09-11T11:45:15.156+0000][26480][gc,task      ] GC(507) Using 8 workers of 8 for evacuation
[2020-09-11T11:45:15.156+0000][26480][gc,age       ] GC(507) Desired survivor size 33554432 bytes, new threshold 15 (max threshold 15)
[2020-09-11T11:45:15.161+0000][26480][gc,age       ] GC(507) Age table with threshold 15 (max threshold 15)
[2020-09-11T11:45:15.161+0000][26480][gc,age       ] GC(507) - age   1:    2054648 bytes,    2054648 total
[2020-09-11T11:45:15.161+0000][26480][gc,age       ] GC(507) - age   2:      13040 bytes,    2067688 total
[2020-09-11T11:45:15.161+0000][26480][gc,age       ] GC(507) - age   3:      14864 bytes,    2082552 total
[2020-09-11T11:45:15.161+0000][26480][gc,age       ] GC(507) - age   4:       1232 bytes,    2083784 total
[2020-09-11T11:45:15.161+0000][26480][gc,age       ] GC(507) - age   5:        672 bytes,    2084456 total
[2020-09-11T11:45:15.161+0000][26480][gc,age       ] GC(507) - age   6:     159520 bytes,    2243976 total
[2020-09-11T11:45:15.161+0000][26480][gc,age       ] GC(507) - age   7:       8720 bytes,    2252696 total
[2020-09-11T11:45:15.161+0000][26480][gc,age       ] GC(507) - age   8:        704 bytes,    2253400 total
[2020-09-11T11:45:15.161+0000][26480][gc,age       ] GC(507) - age   9:       1480 bytes,    2254880 total
[2020-09-11T11:45:15.161+0000][26480][gc,age       ] GC(507) - age  10:      58640 bytes,    2313520 total
[2020-09-11T11:45:15.161+0000][26480][gc,age       ] GC(507) - age  11:        288 bytes,    2313808 total
[2020-09-11T11:45:15.161+0000][26480][gc,age       ] GC(507) - age  12:        312 bytes,    2314120 total
[2020-09-11T11:45:15.161+0000][26480][gc,age       ] GC(507) - age  13:       1408 bytes,    2315528 total
[2020-09-11T11:45:15.161+0000][26480][gc,age       ] GC(507) - age  14:        728 bytes,    2316256 total
[2020-09-11T11:45:15.161+0000][26480][gc,age       ] GC(507) - age  15:        736 bytes,    2316992 total
[2020-09-11T11:45:15.161+0000][26480][gc,phases    ] GC(507)   Pre Evacuate Collection Set: 0.5ms
[2020-09-11T11:45:15.161+0000][26480][gc,phases    ] GC(507)   Merge Heap Roots: 0.1ms
[2020-09-11T11:45:15.161+0000][26480][gc,phases    ] GC(507)   Evacuate Collection Set: 2.6ms
[2020-09-11T11:45:15.161+0000][26480][gc,phases    ] GC(507)   Post Evacuate Collection Set: 0.9ms
[2020-09-11T11:45:15.162+0000][26480][gc,phases    ] GC(507)   Other: 1.2ms
[2020-09-11T11:45:15.162+0000][26480][gc,heap      ] GC(507) Eden regions: 34->0(505)
[2020-09-11T11:45:15.162+0000][26480][gc,heap      ] GC(507) Survivor regions: 3->3(64)
[2020-09-11T11:45:15.162+0000][26480][gc,heap      ] GC(507) Old regions: 79->79
[2020-09-11T11:45:15.162+0000][26480][gc,heap      ] GC(507) Archive regions: 0->0
[2020-09-11T11:45:15.162+0000][26480][gc,heap      ] GC(507) Humongous regions: 228->174
[2020-09-11T11:45:15.162+0000][26480][gc,metaspace ] GC(507) Metaspace: 89007K(94744K)->89007K(94744K) NonClass: 77780K(81048K)->77780K(81048K) Class: 11226K(13696K)->11226K(13696K)
[2020-09-11T11:45:15.162+0000][26480][gc           ] GC(507) Pause Young (Concurrent Start) (G1 Humongous Allocation) 342M->254M(1024M) 5.672ms
[2020-09-11T11:45:15.162+0000][26480][gc,cpu       ] GC(507) User=0.00s Sys=0.00s Real=0.01s
[2020-09-11T11:45:15.162+0000][26480][gc           ] GC(508) Concurrent Cycle
[2020-09-11T11:45:15.162+0000][26480][safepoint    ] Safepoint "G1TryInitiateConcMark", Time since last: 616832000 ns, Reaching safepoint: 362600 ns, At safepoint: 5988800 ns, Total: 6351400 ns
[2020-09-11T11:45:15.162+0000][26480][gc,marking   ] GC(508) Concurrent Clear Claimed Marks
[2020-09-11T11:45:15.163+0000][26480][gc,marking   ] GC(508) Concurrent Clear Claimed Marks 0.429ms
[2020-09-11T11:45:15.163+0000][26480][gc,marking   ] GC(508) Concurrent Scan Root Regions
[2020-09-11T11:45:15.165+0000][26480][gc,marking   ] GC(508) Concurrent Scan Root Regions 2.501ms
[2020-09-11T11:45:15.165+0000][26480][gc,marking   ] GC(508) Concurrent Mark (7120.299s)
[2020-09-11T11:45:15.165+0000][26480][gc,marking   ] GC(508) Concurrent Mark From Roots
[2020-09-11T11:45:15.165+0000][26480][gc,task      ] GC(508) Using 2 workers of 2 for marking
[2020-09-11T11:45:15.331+0000][26480][gc,marking   ] GC(508) Concurrent Mark From Roots 165.438ms
[2020-09-11T11:45:15.331+0000][26480][gc,marking   ] GC(508) Concurrent Preclean
[2020-09-11T11:45:15.332+0000][26480][gc,marking   ] GC(508) Concurrent Preclean 0.721ms
[2020-09-11T11:45:15.332+0000][26480][gc,marking   ] GC(508) Concurrent Mark (7120.299s, 7120.466s) 166.468ms
[2020-09-11T11:45:15.332+0000][26480][gc,start     ] GC(508) Pause Remark
[2020-09-11T11:45:15.339+0000][26480][gc           ] GC(508) Pause Remark 275M->275M(1024M) 7.588ms
[2020-09-11T11:45:15.340+0000][26480][gc,cpu       ] GC(508) User=0.11s Sys=0.00s Real=0.01s
[2020-09-11T11:45:15.340+0000][26480][safepoint    ] Safepoint "G1Concurrent", Time since last: 169677200 ns, Reaching safepoint: 172900 ns, At safepoint: 7838200 ns, Total: 8011100 ns
[2020-09-11T11:45:15.340+0000][26480][gc,marking   ] GC(508) Concurrent Rebuild Remembered Sets
[2020-09-11T11:45:15.437+0000][26480][gc,marking   ] GC(508) Concurrent Rebuild Remembered Sets 97.206ms
[2020-09-11T11:45:15.437+0000][26480][gc,start     ] GC(508) Pause Cleanup
[2020-09-11T11:45:15.438+0000][26480][gc           ] GC(508) Pause Cleanup 276M->276M(1024M) 0.379ms
[2020-09-11T11:45:15.438+0000][26480][gc,cpu       ] GC(508) User=0.00s Sys=0.00s Real=0.00s
[2020-09-11T11:45:15.438+0000][26480][safepoint    ] Safepoint "G1Concurrent", Time since last: 97429500 ns, Reaching safepoint: 163100 ns, At safepoint: 569200 ns, Total: 732300 ns
[2020-09-11T11:45:15.438+0000][26480][gc,marking   ] GC(508) Concurrent Cleanup for Next Mark
[2020-09-11T11:45:15.440+0000][26480][gc,marking   ] GC(508) Concurrent Cleanup for Next Mark 2.022ms
[2020-09-11T11:45:15.440+0000][26480][gc           ] GC(508) Concurrent Cycle 278.195ms
[2020-09-11T11:45:15.580+0000][26480][gc,start     ] GC(509) Pause Young (Concurrent Start) (G1 Humongous Allocation)
[2020-09-11T11:45:15.581+0000][26480][gc,task      ] GC(509) Using 8 workers of 8 for evacuation
[2020-09-11T11:45:15.581+0000][26480][gc,age       ] GC(509) Desired survivor size 33554432 bytes, new threshold 15 (max threshold 15)
[2020-09-11T11:45:15.586+0000][26480][gc,age       ] GC(509) Age table with threshold 15 (max threshold 15)
[2020-09-11T11:45:15.586+0000][26480][gc,age       ] GC(509) - age   1:    1669240 bytes,    1669240 total
[2020-09-11T11:45:15.586+0000][26480][gc,age       ] GC(509) - age   2:     538960 bytes,    2208200 total
[2020-09-11T11:45:15.586+0000][26480][gc,age       ] GC(509) - age   3:      12592 bytes,    2220792 total
[2020-09-11T11:45:15.586+0000][26480][gc,age       ] GC(509) - age   4:      14864 bytes,    2235656 total
[2020-09-11T11:45:15.586+0000][26480][gc,age       ] GC(509) - age   5:       1136 bytes,    2236792 total
[2020-09-11T11:45:15.586+0000][26480][gc,age       ] GC(509) - age   6:        192 bytes,    2236984 total
[2020-09-11T11:45:15.586+0000][26480][gc,age       ] GC(509) - age   7:     159520 bytes,    2396504 total
[2020-09-11T11:45:15.586+0000][26480][gc,age       ] GC(509) - age   8:       8656 bytes,    2405160 total
[2020-09-11T11:45:15.586+0000][26480][gc,age       ] GC(509) - age   9:        640 bytes,    2405800 total
[2020-09-11T11:45:15.586+0000][26480][gc,age       ] GC(509) - age  10:       1480 bytes,    2407280 total
[2020-09-11T11:45:15.586+0000][26480][gc,age       ] GC(509) - age  11:      58640 bytes,    2465920 total
[2020-09-11T11:45:15.587+0000][26480][gc,age       ] GC(509) - age  12:        288 bytes,    2466208 total
[2020-09-11T11:45:15.587+0000][26480][gc,age       ] GC(509) - age  13:        312 bytes,    2466520 total
[2020-09-11T11:45:15.587+0000][26480][gc,age       ] GC(509) - age  14:       1408 bytes,    2467928 total
[2020-09-11T11:45:15.587+0000][26480][gc,age       ] GC(509) - age  15:        696 bytes,    2468624 total
[2020-09-11T11:45:15.587+0000][26480][gc,phases    ] GC(509)   Pre Evacuate Collection Set: 0.7ms
[2020-09-11T11:45:15.587+0000][26480][gc,phases    ] GC(509)   Merge Heap Roots: 0.1ms
[2020-09-11T11:45:15.587+0000][26480][gc,phases    ] GC(509)   Evacuate Collection Set: 3.3ms
[2020-09-11T11:45:15.587+0000][26480][gc,phases    ] GC(509)   Post Evacuate Collection Set: 0.9ms
[2020-09-11T11:45:15.587+0000][26480][gc,phases    ] GC(509)   Other: 1.3ms
[2020-09-11T11:45:15.587+0000][26480][gc,heap      ] GC(509) Eden regions: 21->0(505)
[2020-09-11T11:45:15.587+0000][26480][gc,heap      ] GC(509) Survivor regions: 3->3(64)
[2020-09-11T11:45:15.587+0000][26480][gc,heap      ] GC(509) Old regions: 79->79
[2020-09-11T11:45:15.587+0000][26480][gc,heap      ] GC(509) Archive regions: 0->0
[2020-09-11T11:45:15.587+0000][26480][gc,heap      ] GC(509) Humongous regions: 228->174
[2020-09-11T11:45:15.587+0000][26480][gc,metaspace ] GC(509) Metaspace: 89007K(94744K)->89007K(94744K) NonClass: 77780K(81048K)->77780K(81048K) Class: 11226K(13696K)->11226K(13696K)
[2020-09-11T11:45:15.587+0000][26480][gc           ] GC(509) Pause Young (Concurrent Start) (G1 Humongous Allocation) 329M->254M(1024M) 6.743ms
[2020-09-11T11:45:15.587+0000][26480][gc,cpu       ] GC(509) User=0.00s Sys=0.00s Real=0.01s
[2020-09-11T11:45:15.587+0000][26480][safepoint    ] Safepoint "G1TryInitiateConcMark", Time since last: 142342600 ns, Reaching safepoint: 207100 ns, At safepoint: 6965300 ns, Total: 7172400 ns
[2020-09-11T11:45:15.587+0000][26480][gc           ] GC(510) Concurrent Cycle
[2020-09-11T11:45:15.587+0000][26480][gc,marking   ] GC(510) Concurrent Clear Claimed Marks
[2020-09-11T11:45:15.588+0000][26480][gc,marking   ] GC(510) Concurrent Clear Claimed Marks 0.463ms
[2020-09-11T11:45:15.588+0000][26480][gc,marking   ] GC(510) Concurrent Scan Root Regions
[2020-09-11T11:45:15.591+0000][26480][gc,marking   ] GC(510) Concurrent Scan Root Regions 3.266ms
[2020-09-11T11:45:15.591+0000][26480][gc,marking   ] GC(510) Concurrent Mark (7120.726s)
[2020-09-11T11:45:15.591+0000][26480][gc,marking   ] GC(510) Concurrent Mark From Roots
[2020-09-11T11:45:15.591+0000][26480][gc,task      ] GC(510) Using 2 workers of 2 for marking
[2020-09-11T11:45:15.763+0000][26480][gc,marking   ] GC(510) Concurrent Mark From Roots 171.148ms
[2020-09-11T11:45:15.763+0000][26480][gc,marking   ] GC(510) Concurrent Preclean
[2020-09-11T11:45:15.764+0000][26480][gc,marking   ] GC(510) Concurrent Preclean 0.890ms
[2020-09-11T11:45:15.764+0000][26480][gc,marking   ] GC(510) Concurrent Mark (7120.726s, 7120.898s) 172.233ms
[2020-09-11T11:45:15.764+0000][26480][gc,start     ] GC(510) Pause Remark
[2020-09-11T11:45:15.772+0000][26480][gc           ] GC(510) Pause Remark 273M->273M(1024M) 8.287ms
[2020-09-11T11:45:15.772+0000][26480][gc,cpu       ] GC(510) User=0.00s Sys=0.00s Real=0.01s
[2020-09-11T11:45:15.772+0000][26480][safepoint    ] Safepoint "G1Concurrent", Time since last: 176335900 ns, Reaching safepoint: 168800 ns, At safepoint: 8517100 ns, Total: 8685900 ns
[2020-09-11T11:45:15.772+0000][26480][gc,marking   ] GC(510) Concurrent Rebuild Remembered Sets
[2020-09-11T11:45:15.865+0000][26480][gc,marking   ] GC(510) Concurrent Rebuild Remembered Sets 92.819ms
[2020-09-11T11:45:15.866+0000][26480][gc,start     ] GC(510) Pause Cleanup
[2020-09-11T11:45:15.866+0000][26480][gc           ] GC(510) Pause Cleanup 275M->275M(1024M) 0.321ms
[2020-09-11T11:45:15.866+0000][26480][gc,cpu       ] GC(510) User=0.00s Sys=0.00s Real=0.00s
[2020-09-11T11:45:15.866+0000][26480][safepoint    ] Safepoint "G1Concurrent", Time since last: 93036900 ns, Reaching safepoint: 206500 ns, At safepoint: 501800 ns, Total: 708300 ns
[2020-09-11T11:45:15.866+0000][26480][gc,marking   ] GC(510) Concurrent Cleanup for Next Mark
[2020-09-11T11:45:15.868+0000][26480][gc,marking   ] GC(510) Concurrent Cleanup for Next Mark 2.253ms
[2020-09-11T11:45:15.869+0000][26480][gc           ] GC(510) Concurrent Cycle 281.283ms
[2020-09-11T11:45:16.632+0000][26480][safepoint    ] Safepoint "BulkRevokeBias", Time since last: 763838600 ns, Reaching safepoint: 201000 ns, At safepoint: 2161000 ns, Total: 2362000 ns
[2020-09-11T11:45:16.641+0000][26480][gc,start     ] GC(511) Pause Young (Concurrent Start) (G1 Humongous Allocation)
[2020-09-11T11:45:16.641+0000][26480][gc,task      ] GC(511) Using 8 workers of 8 for evacuation
[2020-09-11T11:45:16.641+0000][26480][gc,age       ] GC(511) Desired survivor size 33554432 bytes, new threshold 15 (max threshold 15)
[2020-09-11T11:45:16.646+0000][26480][gc,age       ] GC(511) Age table with threshold 15 (max threshold 15)
[2020-09-11T11:45:16.646+0000][26480][gc,age       ] GC(511) - age   1:    2418376 bytes,    2418376 total
[2020-09-11T11:45:16.646+0000][26480][gc,age       ] GC(511) - age   2:     202136 bytes,    2620512 total
[2020-09-11T11:45:16.646+0000][26480][gc,age       ] GC(511) - age   3:     532488 bytes,    3153000 total
[2020-09-11T11:45:16.646+0000][26480][gc,age       ] GC(511) - age   4:      12592 bytes,    3165592 total
[2020-09-11T11:45:16.646+0000][26480][gc,age       ] GC(511) - age   5:      14800 bytes,    3180392 total
[2020-09-11T11:45:16.646+0000][26480][gc,age       ] GC(511) - age   6:        848 bytes,    3181240 total
[2020-09-11T11:45:16.646+0000][26480][gc,age       ] GC(511) - age   7:         64 bytes,    3181304 total
[2020-09-11T11:45:16.646+0000][26480][gc,age       ] GC(511) - age   8:     159264 bytes,    3340568 total
[2020-09-11T11:45:16.646+0000][26480][gc,age       ] GC(511) - age   9:       8592 bytes,    3349160 total
[2020-09-11T11:45:16.646+0000][26480][gc,age       ] GC(511) - age  10:        640 bytes,    3349800 total
[2020-09-11T11:45:16.646+0000][26480][gc,age       ] GC(511) - age  11:       1288 bytes,    3351088 total
[2020-09-11T11:45:16.646+0000][26480][gc,age       ] GC(511) - age  12:      58544 bytes,    3409632 total
[2020-09-11T11:45:16.646+0000][26480][gc,age       ] GC(511) - age  13:        288 bytes,    3409920 total
[2020-09-11T11:45:16.646+0000][26480][gc,age       ] GC(511) - age  14:        312 bytes,    3410232 total
[2020-09-11T11:45:16.646+0000][26480][gc,age       ] GC(511) - age  15:       1408 bytes,    3411640 total
[2020-09-11T11:45:16.647+0000][26480][gc,phases    ] GC(511)   Pre Evacuate Collection Set: 0.5ms
[2020-09-11T11:45:16.647+0000][26480][gc,phases    ] GC(511)   Merge Heap Roots: 0.1ms
[2020-09-11T11:45:16.647+0000][26480][gc,phases    ] GC(511)   Evacuate Collection Set: 3.0ms
[2020-09-11T11:45:16.647+0000][26480][gc,phases    ] GC(511)   Post Evacuate Collection Set: 0.8ms
[2020-09-11T11:45:16.647+0000][26480][gc,phases    ] GC(511)   Other: 1.2ms
[2020-09-11T11:45:16.647+0000][26480][gc,heap      ] GC(511) Eden regions: 38->0(504)
[2020-09-11T11:45:16.647+0000][26480][gc,heap      ] GC(511) Survivor regions: 3->4(64)
[2020-09-11T11:45:16.647+0000][26480][gc,heap      ] GC(511) Old regions: 79->79
[2020-09-11T11:45:16.647+0000][26480][gc,heap      ] GC(511) Archive regions: 0->0
[2020-09-11T11:45:16.647+0000][26480][gc,heap      ] GC(511) Humongous regions: 228->174
[2020-09-11T11:45:16.647+0000][26480][gc,metaspace ] GC(511) Metaspace: 89007K(94744K)->89007K(94744K) NonClass: 77780K(81048K)->77780K(81048K) Class: 11226K(13696K)->11226K(13696K)
[2020-09-11T11:45:16.647+0000][26480][gc           ] GC(511) Pause Young (Concurrent Start) (G1 Humongous Allocation) 346M->255M(1024M) 6.036ms
[2020-09-11T11:45:16.647+0000][26480][gc,cpu       ] GC(511) User=0.00s Sys=0.00s Real=0.01s
[2020-09-11T11:45:16.647+0000][26480][gc           ] GC(512) Concurrent Cycle
[2020-09-11T11:45:16.647+0000][26480][gc,marking   ] GC(512) Concurrent Clear Claimed Marks
[2020-09-11T11:45:16.648+0000][26480][gc,marking   ] GC(512) Concurrent Clear Claimed Marks 0.459ms
[2020-09-11T11:45:16.648+0000][26480][gc,marking   ] GC(512) Concurrent Scan Root Regions
[2020-09-11T11:45:16.648+0000][26480][safepoint    ] Safepoint "G1TryInitiateConcMark", Time since last: 8292900 ns, Reaching safepoint: 225100 ns, At safepoint: 7230000 ns, Total: 7455100 ns
[2020-09-11T11:45:16.651+0000][26480][gc,marking   ] GC(512) Concurrent Scan Root Regions 3.337ms
[2020-09-11T11:45:16.651+0000][26480][gc,marking   ] GC(512) Concurrent Mark (7121.786s)
[2020-09-11T11:45:16.651+0000][26480][gc,marking   ] GC(512) Concurrent Mark From Roots
[2020-09-11T11:45:16.651+0000][26480][gc,task      ] GC(512) Using 2 workers of 2 for marking
[2020-09-11T11:45:16.817+0000][26480][gc,marking   ] GC(512) Concurrent Mark From Roots 165.690ms
[2020-09-11T11:45:16.817+0000][26480][gc,marking   ] GC(512) Concurrent Preclean
[2020-09-11T11:45:16.818+0000][26480][gc,marking   ] GC(512) Concurrent Preclean 0.811ms
[2020-09-11T11:45:16.818+0000][26480][gc,marking   ] GC(512) Concurrent Mark (7121.786s, 7121.952s) 166.737ms
[2020-09-11T11:45:16.819+0000][26480][gc,start     ] GC(512) Pause Remark
[2020-09-11T11:45:16.825+0000][26480][gc           ] GC(512) Pause Remark 297M->297M(1024M) 6.849ms
[2020-09-11T11:45:16.825+0000][26480][gc,cpu       ] GC(512) User=0.11s Sys=0.00s Real=0.01s
[2020-09-11T11:45:16.825+0000][26480][safepoint    ] Safepoint "G1Concurrent", Time since last: 169936600 ns, Reaching safepoint: 181900 ns, At safepoint: 7093800 ns, Total: 7275700 ns
[2020-09-11T11:45:16.826+0000][26480][gc,marking   ] GC(512) Concurrent Rebuild Remembered Sets
[2020-09-11T11:45:16.922+0000][26480][gc,marking   ] GC(512) Concurrent Rebuild Remembered Sets 96.319ms
[2020-09-11T11:45:16.922+0000][26480][gc,start     ] GC(512) Pause Cleanup
[2020-09-11T11:45:16.923+0000][26480][gc           ] GC(512) Pause Cleanup 297M->297M(1024M) 0.373ms
[2020-09-11T11:45:16.923+0000][26480][gc,cpu       ] GC(512) User=0.00s Sys=0.00s Real=0.00s
[2020-09-11T11:45:16.923+0000][26480][safepoint    ] Safepoint "G1Concurrent", Time since last: 96509100 ns, Reaching safepoint: 202500 ns, At safepoint: 571900 ns, Total: 774400 ns
[2020-09-11T11:45:16.923+0000][26480][gc,marking   ] GC(512) Concurrent Cleanup for Next Mark
[2020-09-11T11:45:16.925+0000][26480][gc,marking   ] GC(512) Concurrent Cleanup for Next Mark 2.222ms
[2020-09-11T11:45:16.925+0000][26480][gc           ] GC(512) Concurrent Cycle 277.856ms
[2020-09-11T11:45:17.011+0000][26480][safepoint    ] Safepoint "BulkRevokeBias", Time since last: 86328800 ns, Reaching safepoint: 351300 ns, At safepoint: 1936200 ns, Total: 2287500 ns
[2020-09-11T11:45:17.093+0000][26480][gc,start     ] GC(513) Pause Young (Concurrent Start) (G1 Humongous Allocation)
[2020-09-11T11:45:17.093+0000][26480][gc,task      ] GC(513) Using 8 workers of 8 for evacuation
[2020-09-11T11:45:17.093+0000][26480][gc,age       ] GC(513) Desired survivor size 33554432 bytes, new threshold 15 (max threshold 15)
[2020-09-11T11:45:17.097+0000][26480][gc,age       ] GC(513) Age table with threshold 15 (max threshold 15)
[2020-09-11T11:45:17.097+0000][26480][gc,age       ] GC(513) - age   1:    2257816 bytes,    2257816 total
[2020-09-11T11:45:17.097+0000][26480][gc,age       ] GC(513) - age   2:     320120 bytes,    2577936 total
[2020-09-11T11:45:17.097+0000][26480][gc,age       ] GC(513) - age   3:     202104 bytes,    2780040 total
[2020-09-11T11:45:17.097+0000][26480][gc,age       ] GC(513) - age   4:     532280 bytes,    3312320 total
[2020-09-11T11:45:17.097+0000][26480][gc,age       ] GC(513) - age   5:      12592 bytes,    3324912 total
[2020-09-11T11:45:17.097+0000][26480][gc,age       ] GC(513) - age   6:      14800 bytes,    3339712 total
[2020-09-11T11:45:17.098+0000][26480][gc,age       ] GC(513) - age   7:        688 bytes,    3340400 total
[2020-09-11T11:45:17.098+0000][26480][gc,age       ] GC(513) - age   8:         32 bytes,    3340432 total
[2020-09-11T11:45:17.098+0000][26480][gc,age       ] GC(513) - age   9:     159264 bytes,    3499696 total
[2020-09-11T11:45:17.098+0000][26480][gc,age       ] GC(513) - age  10:       8592 bytes,    3508288 total
[2020-09-11T11:45:17.098+0000][26480][gc,age       ] GC(513) - age  11:        640 bytes,    3508928 total
[2020-09-11T11:45:17.098+0000][26480][gc,age       ] GC(513) - age  12:       1288 bytes,    3510216 total
[2020-09-11T11:45:17.098+0000][26480][gc,age       ] GC(513) - age  13:      58544 bytes,    3568760 total
[2020-09-11T11:45:17.098+0000][26480][gc,age       ] GC(513) - age  14:        288 bytes,    3569048 total
[2020-09-11T11:45:17.098+0000][26480][gc,age       ] GC(513) - age  15:        312 bytes,    3569360 total
[2020-09-11T11:45:17.098+0000][26480][gc,phases    ] GC(513)   Pre Evacuate Collection Set: 0.5ms
[2020-09-11T11:45:17.098+0000][26480][gc,phases    ] GC(513)   Merge Heap Roots: 0.1ms
[2020-09-11T11:45:17.098+0000][26480][gc,phases    ] GC(513)   Evacuate Collection Set: 2.7ms
[2020-09-11T11:45:17.098+0000][26480][gc,phases    ] GC(513)   Post Evacuate Collection Set: 0.8ms
[2020-09-11T11:45:17.098+0000][26480][gc,phases    ] GC(513)   Other: 1.2ms
[2020-09-11T11:45:17.098+0000][26480][gc,heap      ] GC(513) Eden regions: 18->0(504)
[2020-09-11T11:45:17.098+0000][26480][gc,heap      ] GC(513) Survivor regions: 4->4(64)
[2020-09-11T11:45:17.098+0000][26480][gc,heap      ] GC(513) Old regions: 79->79
[2020-09-11T11:45:17.098+0000][26480][gc,heap      ] GC(513) Archive regions: 0->0
[2020-09-11T11:45:17.098+0000][26480][gc,heap      ] GC(513) Humongous regions: 228->174
[2020-09-11T11:45:17.098+0000][26480][gc,metaspace ] GC(513) Metaspace: 89007K(94744K)->89007K(94744K) NonClass: 77780K(81048K)->77780K(81048K) Class: 11226K(13696K)->11226K(13696K)
[2020-09-11T11:45:17.098+0000][26480][gc           ] GC(513) Pause Young (Concurrent Start) (G1 Humongous Allocation) 327M->255M(1024M) 5.745ms
[2020-09-11T11:45:17.098+0000][26480][gc,cpu       ] GC(513) User=0.00s Sys=0.00s Real=0.01s
[2020-09-11T11:45:17.099+0000][26480][safepoint    ] Safepoint "G1TryInitiateConcMark", Time since last: 80910500 ns, Reaching safepoint: 295600 ns, At safepoint: 5993400 ns, Total: 6289000 ns
[2020-09-11T11:45:17.099+0000][26480][gc           ] GC(514) Concurrent Cycle
[2020-09-11T11:45:17.099+0000][26480][gc,marking   ] GC(514) Concurrent Clear Claimed Marks
[2020-09-11T11:45:17.100+0000][26480][gc,marking   ] GC(514) Concurrent Clear Claimed Marks 0.878ms
[2020-09-11T11:45:17.100+0000][26480][gc,marking   ] GC(514) Concurrent Scan Root Regions
[2020-09-11T11:45:17.103+0000][26480][gc,marking   ] GC(514) Concurrent Scan Root Regions 3.592ms
[2020-09-11T11:45:17.103+0000][26480][gc,marking   ] GC(514) Concurrent Mark (7122.238s)
[2020-09-11T11:45:17.103+0000][26480][gc,marking   ] GC(514) Concurrent Mark From Roots
[2020-09-11T11:45:17.103+0000][26480][gc,task      ] GC(514) Using 2 workers of 2 for marking
[2020-09-11T11:45:17.253+0000][26480][gc,marking   ] GC(514) Concurrent Mark From Roots 149.758ms
[2020-09-11T11:45:17.253+0000][26480][gc,marking   ] GC(514) Concurrent Preclean
[2020-09-11T11:45:17.253+0000][26480][gc,marking   ] GC(514) Concurrent Preclean 0.490ms
[2020-09-11T11:45:17.254+0000][26480][gc,marking   ] GC(514) Concurrent Mark (7122.238s, 7122.388s) 150.412ms
[2020-09-11T11:45:17.254+0000][26480][gc,start     ] GC(514) Pause Remark
[2020-09-11T11:45:17.260+0000][26480][gc           ] GC(514) Pause Remark 301M->301M(1024M) 6.138ms
[2020-09-11T11:45:17.260+0000][26480][gc,cpu       ] GC(514) User=0.05s Sys=0.00s Real=0.01s
[2020-09-11T11:45:17.260+0000][26480][safepoint    ] Safepoint "G1Concurrent", Time since last: 155327600 ns, Reaching safepoint: 141600 ns, At safepoint: 6397400 ns, Total: 6539000 ns
[2020-09-11T11:45:17.260+0000][26480][gc,marking   ] GC(514) Concurrent Rebuild Remembered Sets
[2020-09-11T11:45:17.343+0000][26480][gc,marking   ] GC(514) Concurrent Rebuild Remembered Sets 83.180ms
[2020-09-11T11:45:17.344+0000][26480][gc,start     ] GC(514) Pause Cleanup
[2020-09-11T11:45:17.344+0000][26480][gc           ] GC(514) Pause Cleanup 305M->305M(1024M) 0.478ms
[2020-09-11T11:45:17.344+0000][26480][gc,cpu       ] GC(514) User=0.00s Sys=0.00s Real=0.00s
[2020-09-11T11:45:17.345+0000][26480][safepoint    ] Safepoint "G1Concurrent", Time since last: 83404000 ns, Reaching safepoint: 167800 ns, At safepoint: 1712700 ns, Total: 1880500 ns
[2020-09-11T11:45:17.346+0000][26480][gc,marking   ] GC(514) Concurrent Cleanup for Next Mark
[2020-09-11T11:45:17.349+0000][26480][gc,marking   ] GC(514) Concurrent Cleanup for Next Mark 3.333ms
[2020-09-11T11:45:17.349+0000][26480][gc           ] GC(514) Concurrent Cycle 250.884ms
[2020-09-11T11:45:17.373+0000][26480][gc,start     ] GC(515) Pause Young (Concurrent Start) (G1 Humongous Allocation)
[2020-09-11T11:45:17.374+0000][26480][gc,task      ] GC(515) Using 8 workers of 8 for evacuation
[2020-09-11T11:45:17.374+0000][26480][gc,age       ] GC(515) Desired survivor size 33554432 bytes, new threshold 15 (max threshold 15)
[2020-09-11T11:45:17.379+0000][26480][gc,age       ] GC(515) Age table with threshold 15 (max threshold 15)
[2020-09-11T11:45:17.379+0000][26480][gc,age       ] GC(515) - age   1:    2565376 bytes,    2565376 total
[2020-09-11T11:45:17.379+0000][26480][gc,age       ] GC(515) - age   2:     127160 bytes,    2692536 total
[2020-09-11T11:45:17.379+0000][26480][gc,age       ] GC(515) - age   3:     318344 bytes,    3010880 total
[2020-09-11T11:45:17.379+0000][26480][gc,age       ] GC(515) - age   4:     202104 bytes,    3212984 total
[2020-09-11T11:45:17.379+0000][26480][gc,age       ] GC(515) - age   5:     440992 bytes,    3653976 total
[2020-09-11T11:45:17.379+0000][26480][gc,age       ] GC(515) - age   6:      12592 bytes,    3666568 total
[2020-09-11T11:45:17.379+0000][26480][gc,age       ] GC(515) - age   7:      14768 bytes,    3681336 total
[2020-09-11T11:45:17.379+0000][26480][gc,age       ] GC(515) - age   8:        624 bytes,    3681960 total
[2020-09-11T11:45:17.379+0000][26480][gc,age       ] GC(515) - age   9:         32 bytes,    3681992 total
[2020-09-11T11:45:17.379+0000][26480][gc,age       ] GC(515) - age  10:     159200 bytes,    3841192 total
[2020-09-11T11:45:17.379+0000][26480][gc,age       ] GC(515) - age  11:       8592 bytes,    3849784 total
[2020-09-11T11:45:17.380+0000][26480][gc,age       ] GC(515) - age  12:        640 bytes,    3850424 total
[2020-09-11T11:45:17.380+0000][26480][gc,age       ] GC(515) - age  13:       1288 bytes,    3851712 total
[2020-09-11T11:45:17.380+0000][26480][gc,age       ] GC(515) - age  14:      58512 bytes,    3910224 total
[2020-09-11T11:45:17.380+0000][26480][gc,age       ] GC(515) - age  15:        288 bytes,    3910512 total
[2020-09-11T11:45:17.380+0000][26480][gc,phases    ] GC(515)   Pre Evacuate Collection Set: 0.6ms
[2020-09-11T11:45:17.380+0000][26480][gc,phases    ] GC(515)   Merge Heap Roots: 0.1ms
[2020-09-11T11:45:17.380+0000][26480][gc,phases    ] GC(515)   Evacuate Collection Set: 3.5ms
[2020-09-11T11:45:17.380+0000][26480][gc,phases    ] GC(515)   Post Evacuate Collection Set: 1.0ms
[2020-09-11T11:45:17.380+0000][26480][gc,phases    ] GC(515)   Other: 1.2ms
[2020-09-11T11:45:17.380+0000][26480][gc,heap      ] GC(515) Eden regions: 18->0(504)
[2020-09-11T11:45:17.380+0000][26480][gc,heap      ] GC(515) Survivor regions: 4->4(64)
[2020-09-11T11:45:17.380+0000][26480][gc,heap      ] GC(515) Old regions: 79->79
[2020-09-11T11:45:17.380+0000][26480][gc,heap      ] GC(515) Archive regions: 0->0
[2020-09-11T11:45:17.380+0000][26480][gc,heap      ] GC(515) Humongous regions: 228->174
[2020-09-11T11:45:17.380+0000][26480][gc,metaspace ] GC(515) Metaspace: 89071K(95000K)->89071K(95000K) NonClass: 77837K(81304K)->77837K(81304K) Class: 11233K(13696K)->11233K(13696K)
[2020-09-11T11:45:17.381+0000][26480][gc           ] GC(515) Pause Young (Concurrent Start) (G1 Humongous Allocation) 327M->256M(1024M) 7.097ms
[2020-09-11T11:45:17.381+0000][26480][gc,cpu       ] GC(515) User=0.00s Sys=0.00s Real=0.01s
[2020-09-11T11:45:17.381+0000][26480][gc           ] GC(516) Concurrent Cycle
[2020-09-11T11:45:17.381+0000][26480][gc,marking   ] GC(516) Concurrent Clear Claimed Marks
[2020-09-11T11:45:17.382+0000][26480][gc,marking   ] GC(516) Concurrent Clear Claimed Marks 0.718ms
[2020-09-11T11:45:17.382+0000][26480][gc,marking   ] GC(516) Concurrent Scan Root Regions
[2020-09-11T11:45:17.383+0000][26480][safepoint    ] Safepoint "G1TryInitiateConcMark", Time since last: 27782500 ns, Reaching safepoint: 204000 ns, At safepoint: 9502900 ns, Total: 9706900 ns
[2020-09-11T11:45:17.385+0000][26480][gc,marking   ] GC(516) Concurrent Scan Root Regions 3.590ms
[2020-09-11T11:45:17.385+0000][26480][gc,marking   ] GC(516) Concurrent Mark (7122.520s)
[2020-09-11T11:45:17.386+0000][26480][gc,marking   ] GC(516) Concurrent Mark From Roots
[2020-09-11T11:45:17.386+0000][26480][gc,task      ] GC(516) Using 2 workers of 2 for marking
[2020-09-11T11:45:17.559+0000][26480][gc,marking   ] GC(516) Concurrent Mark From Roots 173.375ms
[2020-09-11T11:45:17.559+0000][26480][gc,marking   ] GC(516) Concurrent Preclean
[2020-09-11T11:45:17.560+0000][26480][gc,marking   ] GC(516) Concurrent Preclean 0.765ms
[2020-09-11T11:45:17.560+0000][26480][gc,marking   ] GC(516) Concurrent Mark (7122.520s, 7122.694s) 174.384ms
[2020-09-11T11:45:17.560+0000][26480][gc,start     ] GC(516) Pause Remark
[2020-09-11T11:45:17.569+0000][26480][gc           ] GC(516) Pause Remark 307M->307M(1024M) 9.112ms
[2020-09-11T11:45:17.569+0000][26480][gc,cpu       ] GC(516) User=0.00s Sys=0.00s Real=0.01s
[2020-09-11T11:45:17.569+0000][26480][safepoint    ] Safepoint "G1Concurrent", Time since last: 177025900 ns, Reaching safepoint: 210900 ns, At safepoint: 9398800 ns, Total: 9609700 ns
[2020-09-11T11:45:17.569+0000][26480][gc,marking   ] GC(516) Concurrent Rebuild Remembered Sets
[2020-09-11T11:45:17.662+0000][26480][gc,marking   ] GC(516) Concurrent Rebuild Remembered Sets 92.985ms
[2020-09-11T11:45:17.663+0000][26480][gc,start     ] GC(516) Pause Cleanup
[2020-09-11T11:45:17.663+0000][26480][gc           ] GC(516) Pause Cleanup 309M->309M(1024M) 0.421ms
[2020-09-11T11:45:17.663+0000][26480][gc,cpu       ] GC(516) User=0.00s Sys=0.00s Real=0.00s
[2020-09-11T11:45:17.663+0000][26480][safepoint    ] Safepoint "G1Concurrent", Time since last: 93238900 ns, Reaching safepoint: 240800 ns, At safepoint: 686200 ns, Total: 927000 ns
[2020-09-11T11:45:17.664+0000][26480][gc,marking   ] GC(516) Concurrent Cleanup for Next Mark
[2020-09-11T11:45:17.666+0000][26480][gc,marking   ] GC(516) Concurrent Cleanup for Next Mark 2.485ms
[2020-09-11T11:45:17.666+0000][26480][gc           ] GC(516) Concurrent Cycle 285.719ms
[2020-09-11T11:45:17.720+0000][26480][gc,start     ] GC(517) Pause Young (Concurrent Start) (G1 Humongous Allocation)
[2020-09-11T11:45:17.720+0000][26480][gc,task      ] GC(517) Using 8 workers of 8 for evacuation
[2020-09-11T11:45:17.720+0000][26480][gc,age       ] GC(517) Desired survivor size 33554432 bytes, new threshold 15 (max threshold 15)
[2020-09-11T11:45:17.724+0000][26480][gc,age       ] GC(517) Age table with threshold 15 (max threshold 15)
[2020-09-11T11:45:17.724+0000][26480][gc,age       ] GC(517) - age   1:    2624296 bytes,    2624296 total
[2020-09-11T11:45:17.724+0000][26480][gc,age       ] GC(517) - age   2:     260448 bytes,    2884744 total
[2020-09-11T11:45:17.724+0000][26480][gc,age       ] GC(517) - age   3:      14056 bytes,    2898800 total
[2020-09-11T11:45:17.724+0000][26480][gc,age       ] GC(517) - age   4:     317112 bytes,    3215912 total
[2020-09-11T11:45:17.724+0000][26480][gc,age       ] GC(517) - age   5:     202104 bytes,    3418016 total
[2020-09-11T11:45:17.724+0000][26480][gc,age       ] GC(517) - age   6:     440752 bytes,    3858768 total
[2020-09-11T11:45:17.724+0000][26480][gc,age       ] GC(517) - age   7:      12464 bytes,    3871232 total
[2020-09-11T11:45:17.724+0000][26480][gc,age       ] GC(517) - age   8:      14576 bytes,    3885808 total
[2020-09-11T11:45:17.725+0000][26480][gc,age       ] GC(517) - age   9:        624 bytes,    3886432 total
[2020-09-11T11:45:17.725+0000][26480][gc,age       ] GC(517) - age  10:         32 bytes,    3886464 total
[2020-09-11T11:45:17.725+0000][26480][gc,age       ] GC(517) - age  11:     159200 bytes,    4045664 total
[2020-09-11T11:45:17.725+0000][26480][gc,age       ] GC(517) - age  12:       8560 bytes,    4054224 total
[2020-09-11T11:45:17.725+0000][26480][gc,age       ] GC(517) - age  13:        640 bytes,    4054864 total
[2020-09-11T11:45:17.725+0000][26480][gc,age       ] GC(517) - age  14:       1288 bytes,    4056152 total
[2020-09-11T11:45:17.725+0000][26480][gc,age       ] GC(517) - age  15:      58448 bytes,    4114600 total
[2020-09-11T11:45:17.725+0000][26480][gc,phases    ] GC(517)   Pre Evacuate Collection Set: 0.5ms
[2020-09-11T11:45:17.725+0000][26480][gc,phases    ] GC(517)   Merge Heap Roots: 0.1ms
[2020-09-11T11:45:17.725+0000][26480][gc,phases    ] GC(517)   Evacuate Collection Set: 2.8ms
[2020-09-11T11:45:17.725+0000][26480][gc,phases    ] GC(517)   Post Evacuate Collection Set: 0.7ms
[2020-09-11T11:45:17.725+0000][26480][gc,phases    ] GC(517)   Other: 1.0ms
[2020-09-11T11:45:17.725+0000][26480][gc,heap      ] GC(517) Eden regions: 19->0(502)
[2020-09-11T11:45:17.725+0000][26480][gc,heap      ] GC(517) Survivor regions: 4->5(64)
[2020-09-11T11:45:17.725+0000][26480][gc,heap      ] GC(517) Old regions: 79->79
[2020-09-11T11:45:17.725+0000][26480][gc,heap      ] GC(517) Archive regions: 0->0
[2020-09-11T11:45:17.725+0000][26480][gc,heap      ] GC(517) Humongous regions: 228->175
[2020-09-11T11:45:17.725+0000][26480][gc,metaspace ] GC(517) Metaspace: 89073K(95000K)->89073K(95000K) NonClass: 77839K(81304K)->77839K(81304K) Class: 11233K(13696K)->11233K(13696K)
[2020-09-11T11:45:17.725+0000][26480][gc           ] GC(517) Pause Young (Concurrent Start) (G1 Humongous Allocation) 328M->257M(1024M) 5.358ms
[2020-09-11T11:45:17.725+0000][26480][gc,cpu       ] GC(517) User=0.00s Sys=0.00s Real=0.00s
[2020-09-11T11:45:17.725+0000][26480][safepoint    ] Safepoint "G1TryInitiateConcMark", Time since last: 55873700 ns, Reaching safepoint: 251200 ns, At safepoint: 5555100 ns, Total: 5806300 ns
[2020-09-11T11:45:17.725+0000][26480][gc           ] GC(518) Concurrent Cycle
[2020-09-11T11:45:17.725+0000][26480][gc,marking   ] GC(518) Concurrent Clear Claimed Marks
[2020-09-11T11:45:17.726+0000][26480][gc,marking   ] GC(518) Concurrent Clear Claimed Marks 0.679ms
[2020-09-11T11:45:17.726+0000][26480][gc,marking   ] GC(518) Concurrent Scan Root Regions
[2020-09-11T11:45:17.730+0000][26480][gc,marking   ] GC(518) Concurrent Scan Root Regions 4.346ms
[2020-09-11T11:45:17.731+0000][26480][gc,marking   ] GC(518) Concurrent Mark (7122.865s)
[2020-09-11T11:45:17.731+0000][26480][gc,marking   ] GC(518) Concurrent Mark From Roots
[2020-09-11T11:45:17.731+0000][26480][gc,task      ] GC(518) Using 2 workers of 2 for marking
[2020-09-11T11:45:17.894+0000][26480][gc,marking   ] GC(518) Concurrent Mark From Roots 163.083ms
[2020-09-11T11:45:17.894+0000][26480][gc,marking   ] GC(518) Concurrent Preclean
[2020-09-11T11:45:17.895+0000][26480][gc,marking   ] GC(518) Concurrent Preclean 0.985ms
[2020-09-11T11:45:17.895+0000][26480][gc,marking   ] GC(518) Concurrent Mark (7122.865s, 7123.030s) 164.357ms
[2020-09-11T11:45:17.896+0000][26480][gc,start     ] GC(518) Pause Remark
[2020-09-11T11:45:17.903+0000][26480][gc           ] GC(518) Pause Remark 314M->314M(1024M) 7.282ms
[2020-09-11T11:45:17.903+0000][26480][gc,cpu       ] GC(518) User=0.11s Sys=0.00s Real=0.01s
[2020-09-11T11:45:17.903+0000][26480][safepoint    ] Safepoint "G1Concurrent", Time since last: 169840000 ns, Reaching safepoint: 296000 ns, At safepoint: 7633200 ns, Total: 7929200 ns
[2020-09-11T11:45:17.903+0000][26480][gc,marking   ] GC(518) Concurrent Rebuild Remembered Sets
[2020-09-11T11:45:17.993+0000][26480][gc,marking   ] GC(518) Concurrent Rebuild Remembered Sets 89.654ms
[2020-09-11T11:45:17.993+0000][26480][gc,start     ] GC(518) Pause Cleanup
[2020-09-11T11:45:17.994+0000][26480][gc           ] GC(518) Pause Cleanup 320M->320M(1024M) 0.290ms
[2020-09-11T11:45:17.994+0000][26480][gc,cpu       ] GC(518) User=0.00s Sys=0.00s Real=0.00s
[2020-09-11T11:45:17.994+0000][26480][safepoint    ] Safepoint "G1Concurrent", Time since last: 89829800 ns, Reaching safepoint: 149800 ns, At safepoint: 469100 ns, Total: 618900 ns
[2020-09-11T11:45:17.994+0000][26480][gc,marking   ] GC(518) Concurrent Cleanup for Next Mark
[2020-09-11T11:45:17.996+0000][26480][gc,marking   ] GC(518) Concurrent Cleanup for Next Mark 2.142ms
[2020-09-11T11:45:17.996+0000][26480][gc           ] GC(518) Concurrent Cycle 270.567ms
[2020-09-11T11:45:18.003+0000][26480][gc,start     ] GC(519) Pause Young (Concurrent Start) (G1 Humongous Allocation)
[2020-09-11T11:45:18.003+0000][26480][gc,task      ] GC(519) Using 8 workers of 8 for evacuation
[2020-09-11T11:45:18.003+0000][26480][gc,age       ] GC(519) Desired survivor size 33554432 bytes, new threshold 15 (max threshold 15)
[2020-09-11T11:45:18.007+0000][26480][gc,age       ] GC(519) Age table with threshold 15 (max threshold 15)
[2020-09-11T11:45:18.008+0000][26480][gc,age       ] GC(519) - age   1:    2777184 bytes,    2777184 total
[2020-09-11T11:45:18.008+0000][26480][gc,age       ] GC(519) - age   2:      10936 bytes,    2788120 total
[2020-09-11T11:45:18.008+0000][26480][gc,age       ] GC(519) - age   3:     259224 bytes,    3047344 total
[2020-09-11T11:45:18.008+0000][26480][gc,age       ] GC(519) - age   4:      14056 bytes,    3061400 total
[2020-09-11T11:45:18.008+0000][26480][gc,age       ] GC(519) - age   5:     317112 bytes,    3378512 total
[2020-09-11T11:45:18.008+0000][26480][gc,age       ] GC(519) - age   6:     201952 bytes,    3580464 total
[2020-09-11T11:45:18.008+0000][26480][gc,age       ] GC(519) - age   7:     440696 bytes,    4021160 total
[2020-09-11T11:45:18.008+0000][26480][gc,age       ] GC(519) - age   8:      12464 bytes,    4033624 total
[2020-09-11T11:45:18.008+0000][26480][gc,age       ] GC(519) - age   9:      14576 bytes,    4048200 total
[2020-09-11T11:45:18.008+0000][26480][gc,age       ] GC(519) - age  10:        624 bytes,    4048824 total
[2020-09-11T11:45:18.008+0000][26480][gc,age       ] GC(519) - age  11:         32 bytes,    4048856 total
[2020-09-11T11:45:18.008+0000][26480][gc,age       ] GC(519) - age  12:     159200 bytes,    4208056 total
[2020-09-11T11:45:18.008+0000][26480][gc,age       ] GC(519) - age  13:       8560 bytes,    4216616 total
[2020-09-11T11:45:18.008+0000][26480][gc,age       ] GC(519) - age  14:        640 bytes,    4217256 total
[2020-09-11T11:45:18.008+0000][26480][gc,age       ] GC(519) - age  15:       1288 bytes,    4218544 total
[2020-09-11T11:45:18.008+0000][26480][gc,phases    ] GC(519)   Pre Evacuate Collection Set: 0.4ms
[2020-09-11T11:45:18.008+0000][26480][gc,phases    ] GC(519)   Merge Heap Roots: 0.1ms
[2020-09-11T11:45:18.008+0000][26480][gc,phases    ] GC(519)   Evacuate Collection Set: 2.9ms
[2020-09-11T11:45:18.008+0000][26480][gc,phases    ] GC(519)   Post Evacuate Collection Set: 0.6ms
[2020-09-11T11:45:18.008+0000][26480][gc,phases    ] GC(519)   Other: 0.7ms
[2020-09-11T11:45:18.008+0000][26480][gc,heap      ] GC(519) Eden regions: 18->0(503)
[2020-09-11T11:45:18.008+0000][26480][gc,heap      ] GC(519) Survivor regions: 5->5(64)
[2020-09-11T11:45:18.008+0000][26480][gc,heap      ] GC(519) Old regions: 79->79
[2020-09-11T11:45:18.008+0000][26480][gc,heap      ] GC(519) Archive regions: 0->0
[2020-09-11T11:45:18.008+0000][26480][gc,heap      ] GC(519) Humongous regions: 228->174
[2020-09-11T11:45:18.008+0000][26480][gc,metaspace ] GC(519) Metaspace: 89088K(95000K)->89088K(95000K) NonClass: 77852K(81304K)->77852K(81304K) Class: 11236K(13696K)->11236K(13696K)
[2020-09-11T11:45:18.008+0000][26480][gc           ] GC(519) Pause Young (Concurrent Start) (G1 Humongous Allocation) 327M->256M(1024M) 4.979ms
[2020-09-11T11:45:18.008+0000][26480][gc,cpu       ] GC(519) User=0.00s Sys=0.00s Real=0.00s
[2020-09-11T11:45:18.008+0000][26480][gc           ] GC(520) Concurrent Cycle
[2020-09-11T11:45:18.008+0000][26480][safepoint    ] Safepoint "G1TryInitiateConcMark", Time since last: 9249200 ns, Reaching safepoint: 165700 ns, At safepoint: 5154100 ns, Total: 5319800 ns
[2020-09-11T11:45:18.008+0000][26480][gc,marking   ] GC(520) Concurrent Clear Claimed Marks
[2020-09-11T11:45:18.009+0000][26480][gc,marking   ] GC(520) Concurrent Clear Claimed Marks 0.599ms
[2020-09-11T11:45:18.009+0000][26480][gc,marking   ] GC(520) Concurrent Scan Root Regions
[2020-09-11T11:45:18.014+0000][26480][gc,marking   ] GC(520) Concurrent Scan Root Regions 4.778ms
[2020-09-11T11:45:18.014+0000][26480][gc,marking   ] GC(520) Concurrent Mark (7123.148s)
[2020-09-11T11:45:18.014+0000][26480][gc,marking   ] GC(520) Concurrent Mark From Roots
[2020-09-11T11:45:18.014+0000][26480][gc,task      ] GC(520) Using 2 workers of 2 for marking
[2020-09-11T11:45:18.189+0000][26480][gc,marking   ] GC(520) Concurrent Mark From Roots 175.403ms
[2020-09-11T11:45:18.189+0000][26480][gc,marking   ] GC(520) Concurrent Preclean
[2020-09-11T11:45:18.190+0000][26480][gc,marking   ] GC(520) Concurrent Preclean 0.909ms
[2020-09-11T11:45:18.190+0000][26480][gc,marking   ] GC(520) Concurrent Mark (7123.148s, 7123.325s) 176.613ms
[2020-09-11T11:45:18.190+0000][26480][gc,start     ] GC(520) Pause Remark
[2020-09-11T11:45:18.198+0000][26480][gc           ] GC(520) Pause Remark 322M->322M(1024M) 6.949ms
[2020-09-11T11:45:18.198+0000][26480][gc,cpu       ] GC(520) User=0.02s Sys=0.00s Real=0.01s
[2020-09-11T11:45:18.198+0000][26480][safepoint    ] Safepoint "G1Concurrent", Time since last: 182283000 ns, Reaching safepoint: 207200 ns, At safepoint: 7215300 ns, Total: 7422500 ns
[2020-09-11T11:45:18.198+0000][26480][gc,marking   ] GC(520) Concurrent Rebuild Remembered Sets
[2020-09-11T11:45:18.308+0000][26480][gc,marking   ] GC(520) Concurrent Rebuild Remembered Sets 109.738ms
[2020-09-11T11:45:18.308+0000][26480][gc,start     ] GC(520) Pause Cleanup
[2020-09-11T11:45:18.308+0000][26480][gc           ] GC(520) Pause Cleanup 324M->324M(1024M) 0.354ms
[2020-09-11T11:45:18.309+0000][26480][gc,cpu       ] GC(520) User=0.00s Sys=0.00s Real=0.00s
[2020-09-11T11:45:18.309+0000][26480][safepoint    ] Safepoint "G1Concurrent", Time since last: 110001000 ns, Reaching safepoint: 160500 ns, At safepoint: 529100 ns, Total: 689600 ns
[2020-09-11T11:45:18.309+0000][26480][gc,marking   ] GC(520) Concurrent Cleanup for Next Mark
[2020-09-11T11:45:18.310+0000][26480][gc,marking   ] GC(520) Concurrent Cleanup for Next Mark 1.698ms
[2020-09-11T11:45:18.310+0000][26480][gc           ] GC(520) Concurrent Cycle 302.336ms
[2020-09-11T11:45:18.745+0000][26480][gc,start     ] GC(521) Pause Young (Concurrent Start) (G1 Humongous Allocation)
[2020-09-11T11:45:18.745+0000][26480][gc,task      ] GC(521) Using 8 workers of 8 for evacuation
[2020-09-11T11:45:18.745+0000][26480][gc,age       ] GC(521) Desired survivor size 33554432 bytes, new threshold 15 (max threshold 15)
[2020-09-11T11:45:18.749+0000][26480][gc,age       ] GC(521) Age table with threshold 15 (max threshold 15)
[2020-09-11T11:45:18.749+0000][26480][gc,age       ] GC(521) - age   1:    2694784 bytes,    2694784 total
[2020-09-11T11:45:18.749+0000][26480][gc,age       ] GC(521) - age   2:      12816 bytes,    2707600 total
[2020-09-11T11:45:18.749+0000][26480][gc,age       ] GC(521) - age   3:       3072 bytes,    2710672 total
[2020-09-11T11:45:18.749+0000][26480][gc,age       ] GC(521) - age   4:     145664 bytes,    2856336 total
[2020-09-11T11:45:18.749+0000][26480][gc,age       ] GC(521) - age   5:      12448 bytes,    2868784 total
[2020-09-11T11:45:18.749+0000][26480][gc,age       ] GC(521) - age   6:      13424 bytes,    2882208 total
[2020-09-11T11:45:18.749+0000][26480][gc,age       ] GC(521) - age   7:        840 bytes,    2883048 total
[2020-09-11T11:45:18.750+0000][26480][gc,age       ] GC(521) - age   8:     439488 bytes,    3322536 total
[2020-09-11T11:45:18.750+0000][26480][gc,age       ] GC(521) - age   9:      12464 bytes,    3335000 total
[2020-09-11T11:45:18.750+0000][26480][gc,age       ] GC(521) - age  10:      14320 bytes,    3349320 total
[2020-09-11T11:45:18.750+0000][26480][gc,age       ] GC(521) - age  11:        288 bytes,    3349608 total
[2020-09-11T11:45:18.750+0000][26480][gc,age       ] GC(521) - age  12:         32 bytes,    3349640 total
[2020-09-11T11:45:18.750+0000][26480][gc,age       ] GC(521) - age  13:     159136 bytes,    3508776 total
[2020-09-11T11:45:18.750+0000][26480][gc,age       ] GC(521) - age  14:       8496 bytes,    3517272 total
[2020-09-11T11:45:18.750+0000][26480][gc,age       ] GC(521) - age  15:        640 bytes,    3517912 total
[2020-09-11T11:45:18.750+0000][26480][gc,phases    ] GC(521)   Pre Evacuate Collection Set: 0.5ms
[2020-09-11T11:45:18.750+0000][26480][gc,phases    ] GC(521)   Merge Heap Roots: 0.1ms
[2020-09-11T11:45:18.750+0000][26480][gc,phases    ] GC(521)   Evacuate Collection Set: 2.8ms
[2020-09-11T11:45:18.750+0000][26480][gc,phases    ] GC(521)   Post Evacuate Collection Set: 0.9ms
[2020-09-11T11:45:18.750+0000][26480][gc,phases    ] GC(521)   Other: 0.9ms
[2020-09-11T11:45:18.750+0000][26480][gc,heap      ] GC(521) Eden regions: 24->0(504)
[2020-09-11T11:45:18.750+0000][26480][gc,heap      ] GC(521) Survivor regions: 5->4(64)
[2020-09-11T11:45:18.750+0000][26480][gc,heap      ] GC(521) Old regions: 79->79
[2020-09-11T11:45:18.750+0000][26480][gc,heap      ] GC(521) Archive regions: 0->0
[2020-09-11T11:45:18.750+0000][26480][gc,heap      ] GC(521) Humongous regions: 230->174
[2020-09-11T11:45:18.750+0000][26480][gc,metaspace ] GC(521) Metaspace: 89088K(95000K)->89088K(95000K) NonClass: 77852K(81304K)->77852K(81304K) Class: 11236K(13696K)->11236K(13696K)
[2020-09-11T11:45:18.750+0000][26480][gc           ] GC(521) Pause Young (Concurrent Start) (G1 Humongous Allocation) 336M->255M(1024M) 5.492ms
[2020-09-11T11:45:18.750+0000][26480][gc,cpu       ] GC(521) User=0.00s Sys=0.00s Real=0.01s
[2020-09-11T11:45:18.750+0000][26480][safepoint    ] Safepoint "G1TryInitiateConcMark", Time since last: 435546700 ns, Reaching safepoint: 143900 ns, At safepoint: 5706700 ns, Total: 5850600 ns
[2020-09-11T11:45:18.750+0000][26480][gc           ] GC(522) Concurrent Cycle
[2020-09-11T11:45:18.750+0000][26480][gc,marking   ] GC(522) Concurrent Clear Claimed Marks
[2020-09-11T11:45:18.751+0000][26480][gc,marking   ] GC(522) Concurrent Clear Claimed Marks 0.372ms
[2020-09-11T11:45:18.751+0000][26480][gc,marking   ] GC(522) Concurrent Scan Root Regions
[2020-09-11T11:45:18.753+0000][26480][gc,marking   ] GC(522) Concurrent Scan Root Regions 2.723ms
[2020-09-11T11:45:18.754+0000][26480][gc,marking   ] GC(522) Concurrent Mark (7123.888s)
[2020-09-11T11:45:18.754+0000][26480][gc,marking   ] GC(522) Concurrent Mark From Roots
[2020-09-11T11:45:18.754+0000][26480][gc,task      ] GC(522) Using 2 workers of 2 for marking
[2020-09-11T11:45:18.912+0000][26480][gc,marking   ] GC(522) Concurrent Mark From Roots 159.372ms
[2020-09-11T11:45:18.912+0000][26480][gc,marking   ] GC(522) Concurrent Preclean
[2020-09-11T11:45:18.913+0000][26480][gc,marking   ] GC(522) Concurrent Preclean 0.515ms
[2020-09-11T11:45:18.913+0000][26480][gc,marking   ] GC(522) Concurrent Mark (7123.888s, 7124.048s) 160.029ms
[2020-09-11T11:45:18.913+0000][26480][gc,start     ] GC(522) Pause Remark
[2020-09-11T11:45:18.920+0000][26480][gc           ] GC(522) Pause Remark 317M->317M(1024M) 6.960ms
[2020-09-11T11:45:18.920+0000][26480][gc,cpu       ] GC(522) User=0.09s Sys=0.00s Real=0.01s
[2020-09-11T11:45:18.920+0000][26480][safepoint    ] Safepoint "G1Concurrent", Time since last: 163413100 ns, Reaching safepoint: 177100 ns, At safepoint: 7164100 ns, Total: 7341200 ns
[2020-09-11T11:45:18.921+0000][26480][gc,marking   ] GC(522) Concurrent Rebuild Remembered Sets
[2020-09-11T11:45:19.009+0000][26480][gc,marking   ] GC(522) Concurrent Rebuild Remembered Sets 87.676ms
[2020-09-11T11:45:19.009+0000][26480][gc,start     ] GC(522) Pause Cleanup
[2020-09-11T11:45:19.009+0000][26480][gc           ] GC(522) Pause Cleanup 319M->319M(1024M) 0.365ms
[2020-09-11T11:45:19.009+0000][26480][gc,cpu       ] GC(522) User=0.00s Sys=0.00s Real=0.00s
[2020-09-11T11:45:19.009+0000][26480][safepoint    ] Safepoint "G1Concurrent", Time since last: 87873900 ns, Reaching safepoint: 168300 ns, At safepoint: 563700 ns, Total: 732000 ns
[2020-09-11T11:45:19.010+0000][26480][gc,marking   ] GC(522) Concurrent Cleanup for Next Mark
[2020-09-11T11:45:19.011+0000][26480][gc,marking   ] GC(522) Concurrent Cleanup for Next Mark 1.839ms
[2020-09-11T11:45:19.012+0000][26480][gc           ] GC(522) Concurrent Cycle 261.438ms
[2020-09-11T11:45:19.050+0000][26480][gc,start     ] GC(523) Pause Young (Concurrent Start) (G1 Humongous Allocation)
[2020-09-11T11:45:19.051+0000][26480][gc,task      ] GC(523) Using 8 workers of 8 for evacuation
[2020-09-11T11:45:19.051+0000][26480][gc,age       ] GC(523) Desired survivor size 33554432 bytes, new threshold 15 (max threshold 15)
[2020-09-11T11:45:19.055+0000][26480][gc,age       ] GC(523) Age table with threshold 15 (max threshold 15)
[2020-09-11T11:45:19.055+0000][26480][gc,age       ] GC(523) - age   1:    2829904 bytes,    2829904 total
[2020-09-11T11:45:19.055+0000][26480][gc,age       ] GC(523) - age   2:      19352 bytes,    2849256 total
[2020-09-11T11:45:19.055+0000][26480][gc,age       ] GC(523) - age   3:      12720 bytes,    2861976 total
[2020-09-11T11:45:19.055+0000][26480][gc,age       ] GC(523) - age   4:       3072 bytes,    2865048 total
[2020-09-11T11:45:19.055+0000][26480][gc,age       ] GC(523) - age   5:     145664 bytes,    3010712 total
[2020-09-11T11:45:19.055+0000][26480][gc,age       ] GC(523) - age   6:      12448 bytes,    3023160 total
[2020-09-11T11:45:19.055+0000][26480][gc,age       ] GC(523) - age   7:      13296 bytes,    3036456 total
[2020-09-11T11:45:19.055+0000][26480][gc,age       ] GC(523) - age   8:        352 bytes,    3036808 total
[2020-09-11T11:45:19.055+0000][26480][gc,age       ] GC(523) - age   9:     439488 bytes,    3476296 total
[2020-09-11T11:45:19.055+0000][26480][gc,age       ] GC(523) - age  10:      12464 bytes,    3488760 total
[2020-09-11T11:45:19.055+0000][26480][gc,age       ] GC(523) - age  11:      14320 bytes,    3503080 total
[2020-09-11T11:45:19.055+0000][26480][gc,age       ] GC(523) - age  12:        288 bytes,    3503368 total
[2020-09-11T11:45:19.055+0000][26480][gc,age       ] GC(523) - age  13:         32 bytes,    3503400 total
[2020-09-11T11:45:19.055+0000][26480][gc,age       ] GC(523) - age  14:     159136 bytes,    3662536 total
[2020-09-11T11:45:19.055+0000][26480][gc,age       ] GC(523) - age  15:       8368 bytes,    3670904 total
[2020-09-11T11:45:19.055+0000][26480][gc,phases    ] GC(523)   Pre Evacuate Collection Set: 0.5ms
[2020-09-11T11:45:19.055+0000][26480][gc,phases    ] GC(523)   Merge Heap Roots: 0.2ms
[2020-09-11T11:45:19.056+0000][26480][gc,phases    ] GC(523)   Evacuate Collection Set: 2.3ms
[2020-09-11T11:45:19.056+0000][26480][gc,phases    ] GC(523)   Post Evacuate Collection Set: 0.8ms
[2020-09-11T11:45:19.056+0000][26480][gc,phases    ] GC(523)   Other: 1.3ms
[2020-09-11T11:45:19.056+0000][26480][gc,heap      ] GC(523) Eden regions: 20->0(504)
[2020-09-11T11:45:19.056+0000][26480][gc,heap      ] GC(523) Survivor regions: 4->4(64)
[2020-09-11T11:45:19.056+0000][26480][gc,heap      ] GC(523) Old regions: 79->79
[2020-09-11T11:45:19.056+0000][26480][gc,heap      ] GC(523) Archive regions: 0->0
[2020-09-11T11:45:19.056+0000][26480][gc,heap      ] GC(523) Humongous regions: 228->174
[2020-09-11T11:45:19.056+0000][26480][gc,metaspace ] GC(523) Metaspace: 89088K(95000K)->89088K(95000K) NonClass: 77852K(81304K)->77852K(81304K) Class: 11236K(13696K)->11236K(13696K)
[2020-09-11T11:45:19.056+0000][26480][gc           ] GC(523) Pause Young (Concurrent Start) (G1 Humongous Allocation) 329M->256M(1024M) 5.504ms
[2020-09-11T11:45:19.056+0000][26480][gc,cpu       ] GC(523) User=0.00s Sys=0.00s Real=0.01s
[2020-09-11T11:45:19.056+0000][26480][gc           ] GC(524) Concurrent Cycle
[2020-09-11T11:45:19.056+0000][26480][safepoint    ] Safepoint "G1TryInitiateConcMark", Time since last: 40624200 ns, Reaching safepoint: 270900 ns, At safepoint: 5849500 ns, Total: 6120400 ns
[2020-09-11T11:45:19.056+0000][26480][gc,marking   ] GC(524) Concurrent Clear Claimed Marks
[2020-09-11T11:45:19.057+0000][26480][gc,marking   ] GC(524) Concurrent Clear Claimed Marks 0.522ms
[2020-09-11T11:45:19.057+0000][26480][gc,marking   ] GC(524) Concurrent Scan Root Regions
[2020-09-11T11:45:19.061+0000][26480][gc,marking   ] GC(524) Concurrent Scan Root Regions 3.950ms
[2020-09-11T11:45:19.061+0000][26480][gc,marking   ] GC(524) Concurrent Mark (7124.195s)
[2020-09-11T11:45:19.061+0000][26480][gc,marking   ] GC(524) Concurrent Mark From Roots
[2020-09-11T11:45:19.061+0000][26480][gc,task      ] GC(524) Using 2 workers of 2 for marking
[2020-09-11T11:45:19.229+0000][26480][gc,marking   ] GC(524) Concurrent Mark From Roots 167.535ms
[2020-09-11T11:45:19.229+0000][26480][gc,marking   ] GC(524) Concurrent Preclean
[2020-09-11T11:45:19.230+0000][26480][gc,marking   ] GC(524) Concurrent Preclean 0.841ms
[2020-09-11T11:45:19.230+0000][26480][gc,marking   ] GC(524) Concurrent Mark (7124.195s, 7124.364s) 168.615ms
[2020-09-11T11:45:19.230+0000][26480][gc,start     ] GC(524) Pause Remark
[2020-09-11T11:45:19.240+0000][26480][gc           ] GC(524) Pause Remark 316M->316M(1024M) 9.853ms
[2020-09-11T11:45:19.240+0000][26480][gc,cpu       ] GC(524) User=0.00s Sys=0.00s Real=0.01s
[2020-09-11T11:45:19.240+0000][26480][safepoint    ] Safepoint "G1Concurrent", Time since last: 173499900 ns, Reaching safepoint: 203300 ns, At safepoint: 10097600 ns, Total: 10300900 ns
[2020-09-11T11:45:19.240+0000][26480][gc,marking   ] GC(524) Concurrent Rebuild Remembered Sets
[2020-09-11T11:45:19.347+0000][26480][gc,marking   ] GC(524) Concurrent Rebuild Remembered Sets 107.378ms
[2020-09-11T11:45:19.348+0000][26480][gc,start     ] GC(524) Pause Cleanup
[2020-09-11T11:45:19.348+0000][26480][gc           ] GC(524) Pause Cleanup 316M->316M(1024M) 0.437ms
[2020-09-11T11:45:19.348+0000][26480][gc,cpu       ] GC(524) User=0.00s Sys=0.00s Real=0.00s
[2020-09-11T11:45:19.348+0000][26480][safepoint    ] Safepoint "G1Concurrent", Time since last: 107591200 ns, Reaching safepoint: 184600 ns, At safepoint: 656300 ns, Total: 840900 ns
[2020-09-11T11:45:19.349+0000][26480][gc,marking   ] GC(524) Concurrent Cleanup for Next Mark
[2020-09-11T11:45:19.353+0000][26480][gc,marking   ] GC(524) Concurrent Cleanup for Next Mark 4.070ms
[2020-09-11T11:45:19.353+0000][26480][gc           ] GC(524) Concurrent Cycle 296.500ms
[2020-09-11T11:45:19.536+0000][26480][gc,start     ] GC(525) Pause Young (Concurrent Start) (G1 Humongous Allocation)
[2020-09-11T11:45:19.536+0000][26480][gc,task      ] GC(525) Using 8 workers of 8 for evacuation
[2020-09-11T11:45:19.536+0000][26480][gc,age       ] GC(525) Desired survivor size 33554432 bytes, new threshold 15 (max threshold 15)
[2020-09-11T11:45:19.541+0000][26480][gc,age       ] GC(525) Age table with threshold 15 (max threshold 15)
[2020-09-11T11:45:19.541+0000][26480][gc,age       ] GC(525) - age   1:    2582168 bytes,    2582168 total
[2020-09-11T11:45:19.541+0000][26480][gc,age       ] GC(525) - age   2:        968 bytes,    2583136 total
[2020-09-11T11:45:19.541+0000][26480][gc,age       ] GC(525) - age   3:      13360 bytes,    2596496 total
[2020-09-11T11:45:19.541+0000][26480][gc,age       ] GC(525) - age   4:      12720 bytes,    2609216 total
[2020-09-11T11:45:19.541+0000][26480][gc,age       ] GC(525) - age   5:       3072 bytes,    2612288 total
[2020-09-11T11:45:19.541+0000][26480][gc,age       ] GC(525) - age   6:     145664 bytes,    2757952 total
[2020-09-11T11:45:19.541+0000][26480][gc,age       ] GC(525) - age   7:      12448 bytes,    2770400 total
[2020-09-11T11:45:19.541+0000][26480][gc,age       ] GC(525) - age   8:      13112 bytes,    2783512 total
[2020-09-11T11:45:19.541+0000][26480][gc,age       ] GC(525) - age   9:        352 bytes,    2783864 total
[2020-09-11T11:45:19.541+0000][26480][gc,age       ] GC(525) - age  10:     439328 bytes,    3223192 total
[2020-09-11T11:45:19.541+0000][26480][gc,age       ] GC(525) - age  11:      12464 bytes,    3235656 total
[2020-09-11T11:45:19.541+0000][26480][gc,age       ] GC(525) - age  12:      14288 bytes,    3249944 total
[2020-09-11T11:45:19.541+0000][26480][gc,age       ] GC(525) - age  13:        256 bytes,    3250200 total
[2020-09-11T11:45:19.541+0000][26480][gc,age       ] GC(525) - age  14:         32 bytes,    3250232 total
[2020-09-11T11:45:19.541+0000][26480][gc,age       ] GC(525) - age  15:     159104 bytes,    3409336 total
[2020-09-11T11:45:19.542+0000][26480][gc,phases    ] GC(525)   Pre Evacuate Collection Set: 0.7ms
[2020-09-11T11:45:19.542+0000][26480][gc,phases    ] GC(525)   Merge Heap Roots: 0.1ms
[2020-09-11T11:45:19.542+0000][26480][gc,phases    ] GC(525)   Evacuate Collection Set: 2.6ms
[2020-09-11T11:45:19.542+0000][26480][gc,phases    ] GC(525)   Post Evacuate Collection Set: 0.8ms
[2020-09-11T11:45:19.542+0000][26480][gc,phases    ] GC(525)   Other: 1.3ms
[2020-09-11T11:45:19.542+0000][26480][gc,heap      ] GC(525) Eden regions: 21->0(504)
[2020-09-11T11:45:19.542+0000][26480][gc,heap      ] GC(525) Survivor regions: 4->4(64)
[2020-09-11T11:45:19.542+0000][26480][gc,heap      ] GC(525) Old regions: 79->79
[2020-09-11T11:45:19.542+0000][26480][gc,heap      ] GC(525) Archive regions: 0->0
[2020-09-11T11:45:19.542+0000][26480][gc,heap      ] GC(525) Humongous regions: 228->174
[2020-09-11T11:45:19.542+0000][26480][gc,metaspace ] GC(525) Metaspace: 89103K(95000K)->89103K(95000K) NonClass: 77867K(81304K)->77867K(81304K) Class: 11236K(13696K)->11236K(13696K)
[2020-09-11T11:45:19.542+0000][26480][gc           ] GC(525) Pause Young (Concurrent Start) (G1 Humongous Allocation) 330M->255M(1024M) 5.769ms
[2020-09-11T11:45:19.542+0000][26480][gc,cpu       ] GC(525) User=0.02s Sys=0.00s Real=0.01s
[2020-09-11T11:45:19.542+0000][26480][gc           ] GC(526) Concurrent Cycle
[2020-09-11T11:45:19.542+0000][26480][safepoint    ] Safepoint "G1TryInitiateConcMark", Time since last: 187440500 ns, Reaching safepoint: 195800 ns, At safepoint: 6116900 ns, Total: 6312700 ns
[2020-09-11T11:45:19.542+0000][26480][gc,marking   ] GC(526) Concurrent Clear Claimed Marks
[2020-09-11T11:45:19.543+0000][26480][gc,marking   ] GC(526) Concurrent Clear Claimed Marks 0.696ms
[2020-09-11T11:45:19.543+0000][26480][gc,marking   ] GC(526) Concurrent Scan Root Regions
[2020-09-11T11:45:19.546+0000][26480][gc,marking   ] GC(526) Concurrent Scan Root Regions 2.748ms
[2020-09-11T11:45:19.546+0000][26480][gc,marking   ] GC(526) Concurrent Mark (7124.680s)
[2020-09-11T11:45:19.546+0000][26480][gc,marking   ] GC(526) Concurrent Mark From Roots
[2020-09-11T11:45:19.546+0000][26480][gc,task      ] GC(526) Using 2 workers of 2 for marking
[2020-09-11T11:45:19.718+0000][26480][gc,marking   ] GC(526) Concurrent Mark From Roots 172.175ms
[2020-09-11T11:45:19.718+0000][26480][gc,marking   ] GC(526) Concurrent Preclean
[2020-09-11T11:45:19.719+0000][26480][gc,marking   ] GC(526) Concurrent Preclean 0.697ms
[2020-09-11T11:45:19.719+0000][26480][gc,marking   ] GC(526) Concurrent Mark (7124.680s, 7124.853s) 173.059ms
[2020-09-11T11:45:19.719+0000][26480][gc,start     ] GC(526) Pause Remark
[2020-09-11T11:45:19.726+0000][26480][gc           ] GC(526) Pause Remark 313M->313M(1024M) 6.571ms
[2020-09-11T11:45:19.726+0000][26480][gc,cpu       ] GC(526) User=0.00s Sys=0.00s Real=0.01s
[2020-09-11T11:45:19.726+0000][26480][safepoint    ] Safepoint "G1Concurrent", Time since last: 176786600 ns, Reaching safepoint: 161800 ns, At safepoint: 6795400 ns, Total: 6957200 ns
[2020-09-11T11:45:19.726+0000][26480][gc,marking   ] GC(526) Concurrent Rebuild Remembered Sets
[2020-09-11T11:45:19.822+0000][26480][gc,marking   ] GC(526) Concurrent Rebuild Remembered Sets 96.646ms
[2020-09-11T11:45:19.823+0000][26480][gc,start     ] GC(526) Pause Cleanup
[2020-09-11T11:45:19.823+0000][26480][gc           ] GC(526) Pause Cleanup 314M->314M(1024M) 0.384ms
[2020-09-11T11:45:19.823+0000][26480][gc,cpu       ] GC(526) User=0.00s Sys=0.00s Real=0.00s
[2020-09-11T11:45:19.823+0000][26480][safepoint    ] Safepoint "G1Concurrent", Time since last: 96868800 ns, Reaching safepoint: 436300 ns, At safepoint: 692400 ns, Total: 1128700 ns
[2020-09-11T11:45:19.823+0000][26480][gc,marking   ] GC(526) Concurrent Cleanup for Next Mark
[2020-09-11T11:45:19.825+0000][26480][gc,marking   ] GC(526) Concurrent Cleanup for Next Mark 1.978ms
[2020-09-11T11:45:19.826+0000][26480][gc           ] GC(526) Concurrent Cycle 284.009ms
[2020-09-11T11:45:19.885+0000][26480][gc,start     ] GC(527) Pause Young (Concurrent Start) (G1 Humongous Allocation)
[2020-09-11T11:45:19.885+0000][26480][gc,task      ] GC(527) Using 8 workers of 8 for evacuation
[2020-09-11T11:45:19.885+0000][26480][gc,age       ] GC(527) Desired survivor size 33554432 bytes, new threshold 15 (max threshold 15)
[2020-09-11T11:45:19.890+0000][26480][gc,age       ] GC(527) Age table with threshold 15 (max threshold 15)
[2020-09-11T11:45:19.890+0000][26480][gc,age       ] GC(527) - age   1:    2696824 bytes,    2696824 total
[2020-09-11T11:45:19.890+0000][26480][gc,age       ] GC(527) - age   2:       6456 bytes,    2703280 total
[2020-09-11T11:45:19.890+0000][26480][gc,age       ] GC(527) - age   3:        488 bytes,    2703768 total
[2020-09-11T11:45:19.890+0000][26480][gc,age       ] GC(527) - age   4:      12584 bytes,    2716352 total
[2020-09-11T11:45:19.890+0000][26480][gc,age       ] GC(527) - age   5:      12720 bytes,    2729072 total
[2020-09-11T11:45:19.890+0000][26480][gc,age       ] GC(527) - age   6:       3072 bytes,    2732144 total
[2020-09-11T11:45:19.890+0000][26480][gc,age       ] GC(527) - age   7:     145664 bytes,    2877808 total
[2020-09-11T11:45:19.890+0000][26480][gc,age       ] GC(527) - age   8:      12448 bytes,    2890256 total
[2020-09-11T11:45:19.890+0000][26480][gc,age       ] GC(527) - age   9:      13048 bytes,    2903304 total
[2020-09-11T11:45:19.890+0000][26480][gc,age       ] GC(527) - age  10:        320 bytes,    2903624 total
[2020-09-11T11:45:19.890+0000][26480][gc,age       ] GC(527) - age  11:     439328 bytes,    3342952 total
[2020-09-11T11:45:19.890+0000][26480][gc,age       ] GC(527) - age  12:      12464 bytes,    3355416 total
[2020-09-11T11:45:19.890+0000][26480][gc,age       ] GC(527) - age  13:      14288 bytes,    3369704 total
[2020-09-11T11:45:19.890+0000][26480][gc,age       ] GC(527) - age  14:        256 bytes,    3369960 total
[2020-09-11T11:45:19.890+0000][26480][gc,age       ] GC(527) - age  15:         32 bytes,    3369992 total
[2020-09-11T11:45:19.890+0000][26480][gc,phases    ] GC(527)   Pre Evacuate Collection Set: 0.5ms
[2020-09-11T11:45:19.890+0000][26480][gc,phases    ] GC(527)   Merge Heap Roots: 0.1ms
[2020-09-11T11:45:19.890+0000][26480][gc,phases    ] GC(527)   Evacuate Collection Set: 2.6ms
[2020-09-11T11:45:19.890+0000][26480][gc,phases    ] GC(527)   Post Evacuate Collection Set: 0.9ms
[2020-09-11T11:45:19.891+0000][26480][gc,phases    ] GC(527)   Other: 1.1ms
[2020-09-11T11:45:19.891+0000][26480][gc,heap      ] GC(527) Eden regions: 21->0(504)
[2020-09-11T11:45:19.891+0000][26480][gc,heap      ] GC(527) Survivor regions: 4->4(64)
[2020-09-11T11:45:19.891+0000][26480][gc,heap      ] GC(527) Old regions: 79->79
[2020-09-11T11:45:19.891+0000][26480][gc,heap      ] GC(527) Archive regions: 0->0
[2020-09-11T11:45:19.891+0000][26480][gc,heap      ] GC(527) Humongous regions: 228->174
[2020-09-11T11:45:19.891+0000][26480][gc,metaspace ] GC(527) Metaspace: 89103K(95000K)->89103K(95000K) NonClass: 77867K(81304K)->77867K(81304K) Class: 11236K(13696K)->11236K(13696K)
[2020-09-11T11:45:19.891+0000][26480][gc           ] GC(527) Pause Young (Concurrent Start) (G1 Humongous Allocation) 330M->255M(1024M) 5.523ms
[2020-09-11T11:45:19.891+0000][26480][gc,cpu       ] GC(527) User=0.00s Sys=0.00s Real=0.01s
[2020-09-11T11:45:19.891+0000][26480][safepoint    ] Safepoint "G1TryInitiateConcMark", Time since last: 61660100 ns, Reaching safepoint: 165300 ns, At safepoint: 5731300 ns, Total: 5896600 ns
[2020-09-11T11:45:19.891+0000][26480][gc           ] GC(528) Concurrent Cycle
[2020-09-11T11:45:19.891+0000][26480][gc,marking   ] GC(528) Concurrent Clear Claimed Marks
[2020-09-11T11:45:19.891+0000][26480][gc,marking   ] GC(528) Concurrent Clear Claimed Marks 0.413ms
[2020-09-11T11:45:19.891+0000][26480][gc,marking   ] GC(528) Concurrent Scan Root Regions
[2020-09-11T11:45:19.895+0000][26480][gc,marking   ] GC(528) Concurrent Scan Root Regions 3.399ms
[2020-09-11T11:45:19.895+0000][26480][gc,marking   ] GC(528) Concurrent Mark (7125.030s)
[2020-09-11T11:45:19.895+0000][26480][gc,marking   ] GC(528) Concurrent Mark From Roots
[2020-09-11T11:45:19.895+0000][26480][gc,task      ] GC(528) Using 2 workers of 2 for marking
[2020-09-11T11:45:20.056+0000][26480][gc,marking   ] GC(528) Concurrent Mark From Roots 160.766ms
[2020-09-11T11:45:20.056+0000][26480][gc,marking   ] GC(528) Concurrent Preclean
[2020-09-11T11:45:20.057+0000][26480][gc,marking   ] GC(528) Concurrent Preclean 0.819ms
[2020-09-11T11:45:20.057+0000][26480][gc,marking   ] GC(528) Concurrent Mark (7125.030s, 7125.192s) 161.764ms
[2020-09-11T11:45:20.057+0000][26480][gc,start     ] GC(528) Pause Remark
[2020-09-11T11:45:20.065+0000][26480][gc           ] GC(528) Pause Remark 311M->311M(1024M) 8.390ms
[2020-09-11T11:45:20.066+0000][26480][gc,cpu       ] GC(528) User=0.00s Sys=0.00s Real=0.01s
[2020-09-11T11:45:20.066+0000][26480][safepoint    ] Safepoint "G1Concurrent", Time since last: 165869000 ns, Reaching safepoint: 201000 ns, At safepoint: 8665700 ns, Total: 8866700 ns
[2020-09-11T11:45:20.066+0000][26480][gc,marking   ] GC(528) Concurrent Rebuild Remembered Sets
[2020-09-11T11:45:20.159+0000][26480][gc,marking   ] GC(528) Concurrent Rebuild Remembered Sets 93.728ms
[2020-09-11T11:45:20.160+0000][26480][gc,start     ] GC(528) Pause Cleanup
[2020-09-11T11:45:20.160+0000][26480][gc           ] GC(528) Pause Cleanup 331M->331M(1024M) 0.363ms
[2020-09-11T11:45:20.160+0000][26480][gc,cpu       ] GC(528) User=0.00s Sys=0.00s Real=0.00s
[2020-09-11T11:45:20.160+0000][26480][safepoint    ] Safepoint "G1Concurrent", Time since last: 93970900 ns, Reaching safepoint: 205400 ns, At safepoint: 564800 ns, Total: 770200 ns
[2020-09-11T11:45:20.160+0000][26480][gc,marking   ] GC(528) Concurrent Cleanup for Next Mark
[2020-09-11T11:45:20.162+0000][26480][gc,marking   ] GC(528) Concurrent Cleanup for Next Mark 1.672ms
[2020-09-11T11:45:20.162+0000][26480][gc           ] GC(528) Concurrent Cycle 271.349ms
[2020-09-11T11:45:20.318+0000][26480][gc,start     ] GC(529) Pause Young (Concurrent Start) (G1 Humongous Allocation)
[2020-09-11T11:45:20.318+0000][26480][gc,task      ] GC(529) Using 8 workers of 8 for evacuation
[2020-09-11T11:45:20.318+0000][26480][gc,age       ] GC(529) Desired survivor size 33554432 bytes, new threshold 15 (max threshold 15)
[2020-09-11T11:45:20.322+0000][26480][gc,age       ] GC(529) Age table with threshold 15 (max threshold 15)
[2020-09-11T11:45:20.322+0000][26480][gc,age       ] GC(529) - age   1:     869888 bytes,     869888 total
[2020-09-11T11:45:20.322+0000][26480][gc,age       ] GC(529) - age   2:     202552 bytes,    1072440 total
[2020-09-11T11:45:20.322+0000][26480][gc,age       ] GC(529) - age   3:       2904 bytes,    1075344 total
[2020-09-11T11:45:20.322+0000][26480][gc,age       ] GC(529) - age   4:        488 bytes,    1075832 total
[2020-09-11T11:45:20.322+0000][26480][gc,age       ] GC(529) - age   5:      12104 bytes,    1087936 total
[2020-09-11T11:45:20.322+0000][26480][gc,age       ] GC(529) - age   6:      12720 bytes,    1100656 total
[2020-09-11T11:45:20.322+0000][26480][gc,age       ] GC(529) - age   7:       3072 bytes,    1103728 total
[2020-09-11T11:45:20.322+0000][26480][gc,age       ] GC(529) - age   8:     145568 bytes,    1249296 total
[2020-09-11T11:45:20.322+0000][26480][gc,age       ] GC(529) - age   9:      12320 bytes,    1261616 total
[2020-09-11T11:45:20.322+0000][26480][gc,age       ] GC(529) - age  10:      13016 bytes,    1274632 total
[2020-09-11T11:45:20.322+0000][26480][gc,age       ] GC(529) - age  11:        320 bytes,    1274952 total
[2020-09-11T11:45:20.322+0000][26480][gc,age       ] GC(529) - age  12:     436896 bytes,    1711848 total
[2020-09-11T11:45:20.322+0000][26480][gc,age       ] GC(529) - age  13:      12464 bytes,    1724312 total
[2020-09-11T11:45:20.322+0000][26480][gc,age       ] GC(529) - age  14:      14288 bytes,    1738600 total
[2020-09-11T11:45:20.322+0000][26480][gc,age       ] GC(529) - age  15:         96 bytes,    1738696 total
[2020-09-11T11:45:20.322+0000][26480][gc,phases    ] GC(529)   Pre Evacuate Collection Set: 0.6ms
[2020-09-11T11:45:20.322+0000][26480][gc,phases    ] GC(529)   Merge Heap Roots: 0.1ms
[2020-09-11T11:45:20.322+0000][26480][gc,phases    ] GC(529)   Evacuate Collection Set: 2.0ms
[2020-09-11T11:45:20.322+0000][26480][gc,phases    ] GC(529)   Post Evacuate Collection Set: 0.6ms
[2020-09-11T11:45:20.322+0000][26480][gc,phases    ] GC(529)   Other: 0.8ms
[2020-09-11T11:45:20.322+0000][26480][gc,heap      ] GC(529) Eden regions: 26->0(506)
[2020-09-11T11:45:20.323+0000][26480][gc,heap      ] GC(529) Survivor regions: 4->2(64)
[2020-09-11T11:45:20.323+0000][26480][gc,heap      ] GC(529) Old regions: 79->79
[2020-09-11T11:45:20.323+0000][26480][gc,heap      ] GC(529) Archive regions: 0->0
[2020-09-11T11:45:20.323+0000][26480][gc,heap      ] GC(529) Humongous regions: 230->174
[2020-09-11T11:45:20.323+0000][26480][gc,metaspace ] GC(529) Metaspace: 89103K(95000K)->89103K(95000K) NonClass: 77867K(81304K)->77867K(81304K) Class: 11236K(13696K)->11236K(13696K)
[2020-09-11T11:45:20.323+0000][26480][gc           ] GC(529) Pause Young (Concurrent Start) (G1 Humongous Allocation) 337M->254M(1024M) 4.468ms
[2020-09-11T11:45:20.323+0000][26480][gc,cpu       ] GC(529) User=0.03s Sys=0.06s Real=0.00s
[2020-09-11T11:45:20.323+0000][26480][gc           ] GC(530) Concurrent Cycle
[2020-09-11T11:45:20.323+0000][26480][safepoint    ] Safepoint "G1TryInitiateConcMark", Time since last: 157600100 ns, Reaching safepoint: 146200 ns, At safepoint: 4694100 ns, Total: 4840300 ns
[2020-09-11T11:45:20.323+0000][26480][gc,marking   ] GC(530) Concurrent Clear Claimed Marks
[2020-09-11T11:45:20.324+0000][26480][gc,marking   ] GC(530) Concurrent Clear Claimed Marks 0.724ms
[2020-09-11T11:45:20.324+0000][26480][gc,marking   ] GC(530) Concurrent Scan Root Regions
[2020-09-11T11:45:20.327+0000][26480][gc,marking   ] GC(530) Concurrent Scan Root Regions 3.058ms
[2020-09-11T11:45:20.327+0000][26480][gc,marking   ] GC(530) Concurrent Mark (7125.462s)
[2020-09-11T11:45:20.327+0000][26480][gc,marking   ] GC(530) Concurrent Mark From Roots
[2020-09-11T11:45:20.327+0000][26480][gc,task      ] GC(530) Using 2 workers of 2 for marking
[2020-09-11T11:45:20.488+0000][26480][gc,marking   ] GC(530) Concurrent Mark From Roots 161.278ms
[2020-09-11T11:45:20.488+0000][26480][gc,marking   ] GC(530) Concurrent Preclean
[2020-09-11T11:45:20.489+0000][26480][gc,marking   ] GC(530) Concurrent Preclean 0.950ms
[2020-09-11T11:45:20.489+0000][26480][gc,marking   ] GC(530) Concurrent Mark (7125.462s, 7125.624s) 162.460ms
[2020-09-11T11:45:20.490+0000][26480][gc,start     ] GC(530) Pause Remark
[2020-09-11T11:45:20.497+0000][26480][gc           ] GC(530) Pause Remark 269M->269M(1024M) 7.214ms
[2020-09-11T11:45:20.497+0000][26480][gc,cpu       ] GC(530) User=0.11s Sys=0.00s Real=0.01s
[2020-09-11T11:45:20.498+0000][26480][safepoint    ] Safepoint "G1Concurrent", Time since last: 166551100 ns, Reaching safepoint: 187200 ns, At safepoint: 8109000 ns, Total: 8296200 ns
[2020-09-11T11:45:20.498+0000][26480][gc,marking   ] GC(530) Concurrent Rebuild Remembered Sets
[2020-09-11T11:45:20.591+0000][26480][gc,marking   ] GC(530) Concurrent Rebuild Remembered Sets 93.234ms
[2020-09-11T11:45:20.591+0000][26480][gc,start     ] GC(530) Pause Cleanup
[2020-09-11T11:45:20.592+0000][26480][gc           ] GC(530) Pause Cleanup 272M->272M(1024M) 0.357ms
[2020-09-11T11:45:20.592+0000][26480][gc,cpu       ] GC(530) User=0.00s Sys=0.00s Real=0.00s
[2020-09-11T11:45:20.592+0000][26480][safepoint    ] Safepoint "G1Concurrent", Time since last: 93459700 ns, Reaching safepoint: 158000 ns, At safepoint: 556700 ns, Total: 714700 ns
[2020-09-11T11:45:20.592+0000][26480][gc,marking   ] GC(530) Concurrent Cleanup for Next Mark
[2020-09-11T11:45:20.594+0000][26480][gc,marking   ] GC(530) Concurrent Cleanup for Next Mark 2.134ms
[2020-09-11T11:45:20.594+0000][26480][gc           ] GC(530) Concurrent Cycle 271.412ms
[2020-09-11T11:45:20.633+0000][26480][gc,start     ] GC(531) Pause Young (Concurrent Start) (G1 Humongous Allocation)
[2020-09-11T11:45:20.633+0000][26480][gc,task      ] GC(531) Using 8 workers of 8 for evacuation
[2020-09-11T11:45:20.633+0000][26480][gc,age       ] GC(531) Desired survivor size 33554432 bytes, new threshold 15 (max threshold 15)
[2020-09-11T11:45:20.637+0000][26480][gc,age       ] GC(531) Age table with threshold 15 (max threshold 15)
[2020-09-11T11:45:20.637+0000][26480][gc,age       ] GC(531) - age   1:    1599512 bytes,    1599512 total
[2020-09-11T11:45:20.637+0000][26480][gc,age       ] GC(531) - age   2:     234184 bytes,    1833696 total
[2020-09-11T11:45:20.637+0000][26480][gc,age       ] GC(531) - age   3:     202504 bytes,    2036200 total
[2020-09-11T11:45:20.637+0000][26480][gc,age       ] GC(531) - age   4:       2424 bytes,    2038624 total
[2020-09-11T11:45:20.637+0000][26480][gc,age       ] GC(531) - age   5:        336 bytes,    2038960 total
[2020-09-11T11:45:20.637+0000][26480][gc,age       ] GC(531) - age   6:      12016 bytes,    2050976 total
[2020-09-11T11:45:20.637+0000][26480][gc,age       ] GC(531) - age   7:      12720 bytes,    2063696 total
[2020-09-11T11:45:20.637+0000][26480][gc,age       ] GC(531) - age   8:       3040 bytes,    2066736 total
[2020-09-11T11:45:20.637+0000][26480][gc,age       ] GC(531) - age   9:     145536 bytes,    2212272 total
[2020-09-11T11:45:20.637+0000][26480][gc,age       ] GC(531) - age  10:      12320 bytes,    2224592 total
[2020-09-11T11:45:20.637+0000][26480][gc,age       ] GC(531) - age  11:      12600 bytes,    2237192 total
[2020-09-11T11:45:20.637+0000][26480][gc,age       ] GC(531) - age  12:        320 bytes,    2237512 total
[2020-09-11T11:45:20.637+0000][26480][gc,age       ] GC(531) - age  13:     436824 bytes,    2674336 total
[2020-09-11T11:45:20.637+0000][26480][gc,age       ] GC(531) - age  14:      12432 bytes,    2686768 total
[2020-09-11T11:45:20.637+0000][26480][gc,age       ] GC(531) - age  15:      13864 bytes,    2700632 total
[2020-09-11T11:45:20.638+0000][26480][gc,phases    ] GC(531)   Pre Evacuate Collection Set: 0.5ms
[2020-09-11T11:45:20.638+0000][26480][gc,phases    ] GC(531)   Merge Heap Roots: 0.1ms
[2020-09-11T11:45:20.638+0000][26480][gc,phases    ] GC(531)   Evacuate Collection Set: 2.4ms
[2020-09-11T11:45:20.638+0000][26480][gc,phases    ] GC(531)   Post Evacuate Collection Set: 0.7ms
[2020-09-11T11:45:20.638+0000][26480][gc,phases    ] GC(531)   Other: 1.2ms
[2020-09-11T11:45:20.638+0000][26480][gc,heap      ] GC(531) Eden regions: 15->0(505)
[2020-09-11T11:45:20.638+0000][26480][gc,heap      ] GC(531) Survivor regions: 2->3(64)
[2020-09-11T11:45:20.638+0000][26480][gc,heap      ] GC(531) Old regions: 79->79
[2020-09-11T11:45:20.638+0000][26480][gc,heap      ] GC(531) Archive regions: 0->0
[2020-09-11T11:45:20.638+0000][26480][gc,heap      ] GC(531) Humongous regions: 228->175
[2020-09-11T11:45:20.638+0000][26480][gc,metaspace ] GC(531) Metaspace: 89103K(95000K)->89103K(95000K) NonClass: 77867K(81304K)->77867K(81304K) Class: 11236K(13696K)->11236K(13696K)
[2020-09-11T11:45:20.638+0000][26480][gc           ] GC(531) Pause Young (Concurrent Start) (G1 Humongous Allocation) 323M->256M(1024M) 5.330ms
[2020-09-11T11:45:20.638+0000][26480][gc,cpu       ] GC(531) User=0.11s Sys=0.00s Real=0.01s
[2020-09-11T11:45:20.638+0000][26480][gc           ] GC(532) Concurrent Cycle
[2020-09-11T11:45:20.638+0000][26480][safepoint    ] Safepoint "G1TryInitiateConcMark", Time since last: 40567900 ns, Reaching safepoint: 188000 ns, At safepoint: 5590000 ns, Total: 5778000 ns
[2020-09-11T11:45:20.638+0000][26480][gc,marking   ] GC(532) Concurrent Clear Claimed Marks
[2020-09-11T11:45:20.639+0000][26480][gc,marking   ] GC(532) Concurrent Clear Claimed Marks 0.571ms
[2020-09-11T11:45:20.639+0000][26480][gc,marking   ] GC(532) Concurrent Scan Root Regions
[2020-09-11T11:45:20.642+0000][26480][gc,marking   ] GC(532) Concurrent Scan Root Regions 2.911ms
[2020-09-11T11:45:20.642+0000][26480][gc,marking   ] GC(532) Concurrent Mark (7125.777s)
[2020-09-11T11:45:20.642+0000][26480][gc,marking   ] GC(532) Concurrent Mark From Roots
[2020-09-11T11:45:20.642+0000][26480][gc,task      ] GC(532) Using 2 workers of 2 for marking
[2020-09-11T11:45:20.806+0000][26480][gc,marking   ] GC(532) Concurrent Mark From Roots 164.571ms
[2020-09-11T11:45:20.807+0000][26480][gc,marking   ] GC(532) Concurrent Preclean
[2020-09-11T11:45:20.807+0000][26480][gc,marking   ] GC(532) Concurrent Preclean 0.810ms
[2020-09-11T11:45:20.807+0000][26480][gc,marking   ] GC(532) Concurrent Mark (7125.777s, 7125.942s) 165.601ms
[2020-09-11T11:45:20.808+0000][26480][gc,start     ] GC(532) Pause Remark
[2020-09-11T11:45:20.815+0000][26480][gc           ] GC(532) Pause Remark 277M->277M(1024M) 7.283ms
[2020-09-11T11:45:20.815+0000][26480][gc,cpu       ] GC(532) User=0.00s Sys=0.00s Real=0.01s
[2020-09-11T11:45:20.815+0000][26480][safepoint    ] Safepoint "G1Concurrent", Time since last: 169375200 ns, Reaching safepoint: 158500 ns, At safepoint: 7548800 ns, Total: 7707300 ns
[2020-09-11T11:45:20.815+0000][26480][gc,marking   ] GC(532) Concurrent Rebuild Remembered Sets
[2020-09-11T11:45:20.920+0000][26480][gc,marking   ] GC(532) Concurrent Rebuild Remembered Sets 104.530ms
[2020-09-11T11:45:20.921+0000][26480][gc,start     ] GC(532) Pause Cleanup
[2020-09-11T11:45:20.921+0000][26480][gc           ] GC(532) Pause Cleanup 349M->349M(1024M) 0.345ms
[2020-09-11T11:45:20.921+0000][26480][gc,cpu       ] GC(532) User=0.00s Sys=0.00s Real=0.00s
[2020-09-11T11:45:20.921+0000][26480][safepoint    ] Safepoint "G1Concurrent", Time since last: 104736500 ns, Reaching safepoint: 196200 ns, At safepoint: 535400 ns, Total: 731600 ns
[2020-09-11T11:45:20.921+0000][26480][gc,marking   ] GC(532) Concurrent Cleanup for Next Mark
[2020-09-11T11:45:20.923+0000][26480][gc,marking   ] GC(532) Concurrent Cleanup for Next Mark 1.859ms
[2020-09-11T11:45:20.923+0000][26480][gc           ] GC(532) Concurrent Cycle 284.635ms
[2020-09-11T11:45:21.160+0000][26480][gc,start     ] GC(533) Pause Young (Concurrent Start) (G1 Humongous Allocation)
[2020-09-11T11:45:21.160+0000][26480][gc,task      ] GC(533) Using 8 workers of 8 for evacuation
[2020-09-11T11:45:21.160+0000][26480][gc,age       ] GC(533) Desired survivor size 33554432 bytes, new threshold 15 (max threshold 15)
[2020-09-11T11:45:21.164+0000][26480][gc,age       ] GC(533) Age table with threshold 15 (max threshold 15)
[2020-09-11T11:45:21.164+0000][26480][gc,age       ] GC(533) - age   1:    2948528 bytes,    2948528 total
[2020-09-11T11:45:21.164+0000][26480][gc,age       ] GC(533) - age   2:      77080 bytes,    3025608 total
[2020-09-11T11:45:21.164+0000][26480][gc,age       ] GC(533) - age   3:     233952 bytes,    3259560 total
[2020-09-11T11:45:21.164+0000][26480][gc,age       ] GC(533) - age   4:     201904 bytes,    3461464 total
[2020-09-11T11:45:21.164+0000][26480][gc,age       ] GC(533) - age   5:       2056 bytes,    3463520 total
[2020-09-11T11:45:21.164+0000][26480][gc,age       ] GC(533) - age   6:        272 bytes,    3463792 total
[2020-09-11T11:45:21.164+0000][26480][gc,age       ] GC(533) - age   7:       9552 bytes,    3473344 total
[2020-09-11T11:45:21.164+0000][26480][gc,age       ] GC(533) - age   8:      12656 bytes,    3486000 total
[2020-09-11T11:45:21.164+0000][26480][gc,age       ] GC(533) - age   9:       2848 bytes,    3488848 total
[2020-09-11T11:45:21.165+0000][26480][gc,age       ] GC(533) - age  10:     145512 bytes,    3634360 total
[2020-09-11T11:45:21.165+0000][26480][gc,age       ] GC(533) - age  11:      11960 bytes,    3646320 total
[2020-09-11T11:45:21.165+0000][26480][gc,age       ] GC(533) - age  12:      12536 bytes,    3658856 total
[2020-09-11T11:45:21.165+0000][26480][gc,age       ] GC(533) - age  13:        320 bytes,    3659176 total
[2020-09-11T11:45:21.165+0000][26480][gc,age       ] GC(533) - age  14:     434432 bytes,    4093608 total
[2020-09-11T11:45:21.165+0000][26480][gc,age       ] GC(533) - age  15:      12408 bytes,    4106016 total
[2020-09-11T11:45:21.165+0000][26480][gc,phases    ] GC(533)   Pre Evacuate Collection Set: 0.5ms
[2020-09-11T11:45:21.165+0000][26480][gc,phases    ] GC(533)   Merge Heap Roots: 0.1ms
[2020-09-11T11:45:21.165+0000][26480][gc,phases    ] GC(533)   Evacuate Collection Set: 2.7ms
[2020-09-11T11:45:21.165+0000][26480][gc,phases    ] GC(533)   Post Evacuate Collection Set: 0.8ms
[2020-09-11T11:45:21.165+0000][26480][gc,phases    ] GC(533)   Other: 1.6ms
[2020-09-11T11:45:21.165+0000][26480][gc,heap      ] GC(533) Eden regions: 33->0(504)
[2020-09-11T11:45:21.166+0000][26480][gc,heap      ] GC(533) Survivor regions: 3->4(64)
[2020-09-11T11:45:21.166+0000][26480][gc,heap      ] GC(533) Old regions: 79->79
[2020-09-11T11:45:21.166+0000][26480][gc,heap      ] GC(533) Archive regions: 0->0
[2020-09-11T11:45:21.166+0000][26480][gc,heap      ] GC(533) Humongous regions: 245->174
[2020-09-11T11:45:21.166+0000][26480][gc,metaspace ] GC(533) Metaspace: 89103K(95000K)->89103K(95000K) NonClass: 77867K(81304K)->77867K(81304K) Class: 11236K(13696K)->11236K(13696K)
[2020-09-11T11:45:21.166+0000][26480][gc           ] GC(533) Pause Young (Concurrent Start) (G1 Humongous Allocation) 359M->256M(1024M) 6.285ms
[2020-09-11T11:45:21.166+0000][26480][gc,cpu       ] GC(533) User=0.00s Sys=0.00s Real=0.01s
[2020-09-11T11:45:21.166+0000][26480][gc           ] GC(534) Concurrent Cycle
[2020-09-11T11:45:21.166+0000][26480][safepoint    ] Safepoint "G1TryInitiateConcMark", Time since last: 238265600 ns, Reaching safepoint: 166400 ns, At safepoint: 6573400 ns, Total: 6739800 ns
[2020-09-11T11:45:21.166+0000][26480][gc,marking   ] GC(534) Concurrent Clear Claimed Marks
[2020-09-11T11:45:21.167+0000][26480][gc,marking   ] GC(534) Concurrent Clear Claimed Marks 0.580ms
[2020-09-11T11:45:21.167+0000][26480][gc,marking   ] GC(534) Concurrent Scan Root Regions
[2020-09-11T11:45:21.171+0000][26480][gc,marking   ] GC(534) Concurrent Scan Root Regions 4.124ms
[2020-09-11T11:45:21.171+0000][26480][gc,marking   ] GC(534) Concurrent Mark (7126.306s)
[2020-09-11T11:45:21.171+0000][26480][gc,marking   ] GC(534) Concurrent Mark From Roots
[2020-09-11T11:45:21.171+0000][26480][gc,task      ] GC(534) Using 2 workers of 2 for marking
[2020-09-11T11:45:21.325+0000][26480][gc,marking   ] GC(534) Concurrent Mark From Roots 153.465ms
[2020-09-11T11:45:21.325+0000][26480][gc,marking   ] GC(534) Concurrent Preclean
[2020-09-11T11:45:21.325+0000][26480][gc,marking   ] GC(534) Concurrent Preclean 0.761ms
[2020-09-11T11:45:21.325+0000][26480][gc,marking   ] GC(534) Concurrent Mark (7126.306s, 7126.460s) 154.422ms
[2020-09-11T11:45:21.326+0000][26480][gc,start     ] GC(534) Pause Remark
[2020-09-11T11:45:21.333+0000][26480][gc           ] GC(534) Pause Remark 322M->322M(1024M) 7.709ms
[2020-09-11T11:45:21.334+0000][26480][gc,cpu       ] GC(534) User=0.00s Sys=0.00s Real=0.01s
[2020-09-11T11:45:21.334+0000][26480][safepoint    ] Safepoint "G1Concurrent", Time since last: 159438500 ns, Reaching safepoint: 168600 ns, At safepoint: 7990200 ns, Total: 8158800 ns
[2020-09-11T11:45:21.334+0000][26480][gc,marking   ] GC(534) Concurrent Rebuild Remembered Sets
[2020-09-11T11:45:21.426+0000][26480][gc,marking   ] GC(534) Concurrent Rebuild Remembered Sets 92.719ms
[2020-09-11T11:45:21.427+0000][26480][gc,start     ] GC(534) Pause Cleanup
[2020-09-11T11:45:21.427+0000][26480][gc           ] GC(534) Pause Cleanup 328M->328M(1024M) 0.261ms
[2020-09-11T11:45:21.427+0000][26480][gc,cpu       ] GC(534) User=0.00s Sys=0.00s Real=0.00s
[2020-09-11T11:45:21.427+0000][26480][safepoint    ] Safepoint "G1Concurrent", Time since last: 92921200 ns, Reaching safepoint: 164900 ns, At safepoint: 427700 ns, Total: 592600 ns
[2020-09-11T11:45:21.427+0000][26480][gc,marking   ] GC(534) Concurrent Cleanup for Next Mark
[2020-09-11T11:45:21.429+0000][26480][gc,marking   ] GC(534) Concurrent Cleanup for Next Mark 1.729ms
[2020-09-11T11:45:21.429+0000][26480][gc           ] GC(534) Concurrent Cycle 263.036ms
[2020-09-11T11:45:21.574+0000][26480][gc,start     ] GC(535) Pause Young (Concurrent Start) (G1 Humongous Allocation)
[2020-09-11T11:45:21.574+0000][26480][gc,task      ] GC(535) Using 8 workers of 8 for evacuation
[2020-09-11T11:45:21.574+0000][26480][gc,age       ] GC(535) Desired survivor size 33554432 bytes, new threshold 15 (max threshold 15)
[2020-09-11T11:45:21.578+0000][26480][gc,age       ] GC(535) Age table with threshold 15 (max threshold 15)
[2020-09-11T11:45:21.578+0000][26480][gc,age       ] GC(535) - age   1:    2690360 bytes,    2690360 total
[2020-09-11T11:45:21.578+0000][26480][gc,age       ] GC(535) - age   2:       2536 bytes,    2692896 total
[2020-09-11T11:45:21.578+0000][26480][gc,age       ] GC(535) - age   3:       1384 bytes,    2694280 total
[2020-09-11T11:45:21.578+0000][26480][gc,age       ] GC(535) - age   4:        672 bytes,    2694952 total
[2020-09-11T11:45:21.578+0000][26480][gc,age       ] GC(535) - age   5:        672 bytes,    2695624 total
[2020-09-11T11:45:21.578+0000][26480][gc,age       ] GC(535) - age   6:        616 bytes,    2696240 total
[2020-09-11T11:45:21.578+0000][26480][gc,age       ] GC(535) - age   7:        208 bytes,    2696448 total
[2020-09-11T11:45:21.579+0000][26480][gc,age       ] GC(535) - age   8:       9488 bytes,    2705936 total
[2020-09-11T11:45:21.579+0000][26480][gc,age       ] GC(535) - age   9:      12656 bytes,    2718592 total
[2020-09-11T11:45:21.579+0000][26480][gc,age       ] GC(535) - age  10:       2784 bytes,    2721376 total
[2020-09-11T11:45:21.579+0000][26480][gc,age       ] GC(535) - age  11:     145512 bytes,    2866888 total
[2020-09-11T11:45:21.579+0000][26480][gc,age       ] GC(535) - age  12:      11960 bytes,    2878848 total
[2020-09-11T11:45:21.579+0000][26480][gc,age       ] GC(535) - age  13:      12472 bytes,    2891320 total
[2020-09-11T11:45:21.579+0000][26480][gc,age       ] GC(535) - age  14:        320 bytes,    2891640 total
[2020-09-11T11:45:21.579+0000][26480][gc,age       ] GC(535) - age  15:     434400 bytes,    3326040 total
[2020-09-11T11:45:21.579+0000][26480][gc,phases    ] GC(535)   Pre Evacuate Collection Set: 0.7ms
[2020-09-11T11:45:21.579+0000][26480][gc,phases    ] GC(535)   Merge Heap Roots: 0.1ms
[2020-09-11T11:45:21.579+0000][26480][gc,phases    ] GC(535)   Evacuate Collection Set: 2.5ms
[2020-09-11T11:45:21.579+0000][26480][gc,phases    ] GC(535)   Post Evacuate Collection Set: 0.8ms
[2020-09-11T11:45:21.579+0000][26480][gc,phases    ] GC(535)   Other: 1.1ms
[2020-09-11T11:45:21.579+0000][26480][gc,heap      ] GC(535) Eden regions: 22->0(504)
[2020-09-11T11:45:21.579+0000][26480][gc,heap      ] GC(535) Survivor regions: 4->4(64)
[2020-09-11T11:45:21.579+0000][26480][gc,heap      ] GC(535) Old regions: 79->79
[2020-09-11T11:45:21.579+0000][26480][gc,heap      ] GC(535) Archive regions: 0->0
[2020-09-11T11:45:21.579+0000][26480][gc,heap      ] GC(535) Humongous regions: 231->174
[2020-09-11T11:45:21.579+0000][26480][gc,metaspace ] GC(535) Metaspace: 89108K(95000K)->89108K(95000K) NonClass: 77872K(81304K)->77872K(81304K) Class: 11236K(13696K)->11236K(13696K)
[2020-09-11T11:45:21.579+0000][26480][gc           ] GC(535) Pause Young (Concurrent Start) (G1 Humongous Allocation) 335M->256M(1024M) 5.565ms
[2020-09-11T11:45:21.579+0000][26480][gc,cpu       ] GC(535) User=0.00s Sys=0.00s Real=0.01s
[2020-09-11T11:45:21.579+0000][26480][gc           ] GC(536) Concurrent Cycle
[2020-09-11T11:45:21.579+0000][26480][safepoint    ] Safepoint "G1TryInitiateConcMark", Time since last: 146287900 ns, Reaching safepoint: 174100 ns, At safepoint: 5795200 ns, Total: 5969300 ns
[2020-09-11T11:45:21.579+0000][26480][gc,marking   ] GC(536) Concurrent Clear Claimed Marks
[2020-09-11T11:45:21.580+0000][26480][gc,marking   ] GC(536) Concurrent Clear Claimed Marks 0.608ms
[2020-09-11T11:45:21.580+0000][26480][gc,marking   ] GC(536) Concurrent Scan Root Regions
[2020-09-11T11:45:21.585+0000][26480][gc,marking   ] GC(536) Concurrent Scan Root Regions 4.297ms
[2020-09-11T11:45:21.585+0000][26480][gc,marking   ] GC(536) Concurrent Mark (7126.719s)
[2020-09-11T11:45:21.585+0000][26480][gc,marking   ] GC(536) Concurrent Mark From Roots
[2020-09-11T11:45:21.585+0000][26480][gc,task      ] GC(536) Using 2 workers of 2 for marking
[2020-09-11T11:45:21.747+0000][26480][gc,marking   ] GC(536) Concurrent Mark From Roots 162.367ms
[2020-09-11T11:45:21.747+0000][26480][gc,marking   ] GC(536) Concurrent Preclean
[2020-09-11T11:45:21.748+0000][26480][gc,marking   ] GC(536) Concurrent Preclean 0.852ms
[2020-09-11T11:45:21.748+0000][26480][gc,marking   ] GC(536) Concurrent Mark (7126.719s, 7126.883s) 163.469ms
[2020-09-11T11:45:21.749+0000][26480][gc,start     ] GC(536) Pause Remark
[2020-09-11T11:45:21.755+0000][26480][gc           ] GC(536) Pause Remark 318M->318M(1024M) 6.597ms
[2020-09-11T11:45:21.756+0000][26480][gc,cpu       ] GC(536) User=0.00s Sys=0.00s Real=0.01s
[2020-09-11T11:45:21.756+0000][26480][safepoint    ] Safepoint "G1Concurrent", Time since last: 169045700 ns, Reaching safepoint: 269500 ns, At safepoint: 6847500 ns, Total: 7117000 ns
[2020-09-11T11:45:21.756+0000][26480][gc,marking   ] GC(536) Concurrent Rebuild Remembered Sets
[2020-09-11T11:45:21.845+0000][26480][gc,marking   ] GC(536) Concurrent Rebuild Remembered Sets 89.248ms
[2020-09-11T11:45:21.845+0000][26480][gc,start     ] GC(536) Pause Cleanup
[2020-09-11T11:45:21.846+0000][26480][gc           ] GC(536) Pause Cleanup 383M->383M(1024M) 0.366ms
[2020-09-11T11:45:21.846+0000][26480][gc,cpu       ] GC(536) User=0.00s Sys=0.00s Real=0.00s
[2020-09-11T11:45:21.846+0000][26480][safepoint    ] Safepoint "G1Concurrent", Time since last: 89419900 ns, Reaching safepoint: 191000 ns, At safepoint: 553100 ns, Total: 744100 ns
[2020-09-11T11:45:21.846+0000][26480][gc,marking   ] GC(536) Concurrent Cleanup for Next Mark
[2020-09-11T11:45:21.848+0000][26480][gc,marking   ] GC(536) Concurrent Cleanup for Next Mark 2.111ms
[2020-09-11T11:45:21.848+0000][26480][gc           ] GC(536) Concurrent Cycle 268.668ms
[2020-09-11T11:45:22.043+0000][26480][gc,start     ] GC(537) Pause Young (Concurrent Start) (G1 Humongous Allocation)
[2020-09-11T11:45:22.044+0000][26480][gc,task      ] GC(537) Using 8 workers of 8 for evacuation
[2020-09-11T11:45:22.044+0000][26480][gc,age       ] GC(537) Desired survivor size 33554432 bytes, new threshold 15 (max threshold 15)
[2020-09-11T11:45:22.048+0000][26480][gc,age       ] GC(537) Age table with threshold 15 (max threshold 15)
[2020-09-11T11:45:22.048+0000][26480][gc,age       ] GC(537) - age   1:    1027920 bytes,    1027920 total
[2020-09-11T11:45:22.048+0000][26480][gc,age       ] GC(537) - age   2:      12240 bytes,    1040160 total
[2020-09-11T11:45:22.048+0000][26480][gc,age       ] GC(537) - age   3:       1808 bytes,    1041968 total
[2020-09-11T11:45:22.048+0000][26480][gc,age       ] GC(537) - age   4:       1384 bytes,    1043352 total
[2020-09-11T11:45:22.048+0000][26480][gc,age       ] GC(537) - age   5:        456 bytes,    1043808 total
[2020-09-11T11:45:22.048+0000][26480][gc,age       ] GC(537) - age   6:        184 bytes,    1043992 total
[2020-09-11T11:45:22.048+0000][26480][gc,age       ] GC(537) - age   7:        552 bytes,    1044544 total
[2020-09-11T11:45:22.048+0000][26480][gc,age       ] GC(537) - age   8:        176 bytes,    1044720 total
[2020-09-11T11:45:22.048+0000][26480][gc,age       ] GC(537) - age   9:       9392 bytes,    1054112 total
[2020-09-11T11:45:22.048+0000][26480][gc,age       ] GC(537) - age  10:      12656 bytes,    1066768 total
[2020-09-11T11:45:22.048+0000][26480][gc,age       ] GC(537) - age  11:       2784 bytes,    1069552 total
[2020-09-11T11:45:22.048+0000][26480][gc,age       ] GC(537) - age  12:     145512 bytes,    1215064 total
[2020-09-11T11:45:22.048+0000][26480][gc,age       ] GC(537) - age  13:      11960 bytes,    1227024 total
[2020-09-11T11:45:22.048+0000][26480][gc,age       ] GC(537) - age  14:      12472 bytes,    1239496 total
[2020-09-11T11:45:22.048+0000][26480][gc,age       ] GC(537) - age  15:        288 bytes,    1239784 total
[2020-09-11T11:45:22.048+0000][26480][gc,phases    ] GC(537)   Pre Evacuate Collection Set: 0.4ms
[2020-09-11T11:45:22.048+0000][26480][gc,phases    ] GC(537)   Merge Heap Roots: 0.1ms
[2020-09-11T11:45:22.049+0000][26480][gc,phases    ] GC(537)   Evacuate Collection Set: 2.6ms
[2020-09-11T11:45:22.049+0000][26480][gc,phases    ] GC(537)   Post Evacuate Collection Set: 0.8ms
[2020-09-11T11:45:22.049+0000][26480][gc,phases    ] GC(537)   Other: 1.1ms
[2020-09-11T11:45:22.049+0000][26480][gc,heap      ] GC(537) Eden regions: 35->0(506)
[2020-09-11T11:45:22.049+0000][26480][gc,heap      ] GC(537) Survivor regions: 4->2(64)
[2020-09-11T11:45:22.049+0000][26480][gc,heap      ] GC(537) Old regions: 79->80
[2020-09-11T11:45:22.049+0000][26480][gc,heap      ] GC(537) Archive regions: 0->0
[2020-09-11T11:45:22.049+0000][26480][gc,heap      ] GC(537) Humongous regions: 278->174
[2020-09-11T11:45:22.049+0000][26480][gc,metaspace ] GC(537) Metaspace: 89108K(95000K)->89108K(95000K) NonClass: 77872K(81304K)->77872K(81304K) Class: 11236K(13696K)->11236K(13696K)
[2020-09-11T11:45:22.049+0000][26480][gc           ] GC(537) Pause Young (Concurrent Start) (G1 Humongous Allocation) 394M->254M(1024M) 5.413ms
[2020-09-11T11:45:22.049+0000][26480][gc,cpu       ] GC(537) User=0.00s Sys=0.00s Real=0.01s
[2020-09-11T11:45:22.049+0000][26480][safepoint    ] Safepoint "G1TryInitiateConcMark", Time since last: 197485500 ns, Reaching safepoint: 188500 ns, At safepoint: 5621900 ns, Total: 5810400 ns
[2020-09-11T11:45:22.049+0000][26480][gc           ] GC(538) Concurrent Cycle
[2020-09-11T11:45:22.049+0000][26480][gc,marking   ] GC(538) Concurrent Clear Claimed Marks
[2020-09-11T11:45:22.050+0000][26480][gc,marking   ] GC(538) Concurrent Clear Claimed Marks 0.832ms
[2020-09-11T11:45:22.050+0000][26480][gc,marking   ] GC(538) Concurrent Scan Root Regions
[2020-09-11T11:45:22.053+0000][26480][gc,marking   ] GC(538) Concurrent Scan Root Regions 2.839ms
[2020-09-11T11:45:22.053+0000][26480][gc,marking   ] GC(538) Concurrent Mark (7127.188s)
[2020-09-11T11:45:22.053+0000][26480][gc,marking   ] GC(538) Concurrent Mark From Roots
[2020-09-11T11:45:22.053+0000][26480][gc,task      ] GC(538) Using 2 workers of 2 for marking
[2020-09-11T11:45:22.226+0000][26480][gc,marking   ] GC(538) Concurrent Mark From Roots 173.066ms
[2020-09-11T11:45:22.226+0000][26480][gc,marking   ] GC(538) Concurrent Preclean
[2020-09-11T11:45:22.227+0000][26480][gc,marking   ] GC(538) Concurrent Preclean 0.778ms
[2020-09-11T11:45:22.227+0000][26480][gc,marking   ] GC(538) Concurrent Mark (7127.188s, 7127.362s) 174.053ms
[2020-09-11T11:45:22.227+0000][26480][gc,start     ] GC(538) Pause Remark
[2020-09-11T11:45:22.235+0000][26480][gc           ] GC(538) Pause Remark 269M->269M(1024M) 7.542ms
[2020-09-11T11:45:22.235+0000][26480][gc,cpu       ] GC(538) User=0.05s Sys=0.02s Real=0.01s
[2020-09-11T11:45:22.235+0000][26480][safepoint    ] Safepoint "G1Concurrent", Time since last: 178177000 ns, Reaching safepoint: 190600 ns, At safepoint: 7764100 ns, Total: 7954700 ns
[2020-09-11T11:45:22.235+0000][26480][gc,marking   ] GC(538) Concurrent Rebuild Remembered Sets
[2020-09-11T11:45:22.329+0000][26480][gc,marking   ] GC(538) Concurrent Rebuild Remembered Sets 93.500ms
[2020-09-11T11:45:22.329+0000][26480][gc,start     ] GC(538) Pause Cleanup
[2020-09-11T11:45:22.329+0000][26480][gc           ] GC(538) Pause Cleanup 270M->270M(1024M) 0.317ms
[2020-09-11T11:45:22.329+0000][26480][gc,cpu       ] GC(538) User=0.00s Sys=0.00s Real=0.00s
[2020-09-11T11:45:22.330+0000][26480][safepoint    ] Safepoint "G1Concurrent", Time since last: 93705000 ns, Reaching safepoint: 144200 ns, At safepoint: 565700 ns, Total: 709900 ns
[2020-09-11T11:45:22.330+0000][26480][gc,marking   ] GC(538) Concurrent Cleanup for Next Mark
[2020-09-11T11:45:22.332+0000][26480][gc,marking   ] GC(538) Concurrent Cleanup for Next Mark 1.952ms
[2020-09-11T11:45:22.332+0000][26480][gc           ] GC(538) Concurrent Cycle 282.741ms
[2020-09-11T11:45:22.671+0000][26480][gc,start     ] GC(539) Pause Young (Concurrent Start) (G1 Humongous Allocation)
[2020-09-11T11:45:22.671+0000][26480][gc,task      ] GC(539) Using 8 workers of 8 for evacuation
[2020-09-11T11:45:22.671+0000][26480][gc,age       ] GC(539) Desired survivor size 33554432 bytes, new threshold 15 (max threshold 15)
[2020-09-11T11:45:22.676+0000][26480][gc,age       ] GC(539) Age table with threshold 15 (max threshold 15)
[2020-09-11T11:45:22.676+0000][26480][gc,age       ] GC(539) - age   1:    1913480 bytes,    1913480 total
[2020-09-11T11:45:22.676+0000][26480][gc,age       ] GC(539) - age   2:     404608 bytes,    2318088 total
[2020-09-11T11:45:22.676+0000][26480][gc,age       ] GC(539) - age   3:      10456 bytes,    2328544 total
[2020-09-11T11:45:22.676+0000][26480][gc,age       ] GC(539) - age   4:       1608 bytes,    2330152 total
[2020-09-11T11:45:22.676+0000][26480][gc,age       ] GC(539) - age   5:       1064 bytes,    2331216 total
[2020-09-11T11:45:22.676+0000][26480][gc,age       ] GC(539) - age   6:        296 bytes,    2331512 total
[2020-09-11T11:45:22.676+0000][26480][gc,age       ] GC(539) - age   7:        152 bytes,    2331664 total
[2020-09-11T11:45:22.676+0000][26480][gc,age       ] GC(539) - age   8:        424 bytes,    2332088 total
[2020-09-11T11:45:22.676+0000][26480][gc,age       ] GC(539) - age   9:        176 bytes,    2332264 total
[2020-09-11T11:45:22.676+0000][26480][gc,age       ] GC(539) - age  10:       6832 bytes,    2339096 total
[2020-09-11T11:45:22.676+0000][26480][gc,age       ] GC(539) - age  11:      12656 bytes,    2351752 total
[2020-09-11T11:45:22.676+0000][26480][gc,age       ] GC(539) - age  12:       2784 bytes,    2354536 total
[2020-09-11T11:45:22.676+0000][26480][gc,age       ] GC(539) - age  13:     145448 bytes,    2499984 total
[2020-09-11T11:45:22.676+0000][26480][gc,age       ] GC(539) - age  14:      11960 bytes,    2511944 total
[2020-09-11T11:45:22.676+0000][26480][gc,age       ] GC(539) - age  15:      12312 bytes,    2524256 total
[2020-09-11T11:45:22.676+0000][26480][gc,phases    ] GC(539)   Pre Evacuate Collection Set: 0.6ms
[2020-09-11T11:45:22.677+0000][26480][gc,phases    ] GC(539)   Merge Heap Roots: 0.1ms
[2020-09-11T11:45:22.677+0000][26480][gc,phases    ] GC(539)   Evacuate Collection Set: 2.7ms
[2020-09-11T11:45:22.677+0000][26480][gc,phases    ] GC(539)   Post Evacuate Collection Set: 0.8ms
[2020-09-11T11:45:22.677+0000][26480][gc,phases    ] GC(539)   Other: 1.2ms
[2020-09-11T11:45:22.677+0000][26480][gc,heap      ] GC(539) Eden regions: 25->0(505)
[2020-09-11T11:45:22.677+0000][26480][gc,heap      ] GC(539) Survivor regions: 2->3(64)
[2020-09-11T11:45:22.677+0000][26480][gc,heap      ] GC(539) Old regions: 80->80
[2020-09-11T11:45:22.677+0000][26480][gc,heap      ] GC(539) Archive regions: 0->0
[2020-09-11T11:45:22.677+0000][26480][gc,heap      ] GC(539) Humongous regions: 227->174
[2020-09-11T11:45:22.677+0000][26480][gc,metaspace ] GC(539) Metaspace: 89108K(95000K)->89108K(95000K) NonClass: 77872K(81304K)->77872K(81304K) Class: 11236K(13696K)->11236K(13696K)
[2020-09-11T11:45:22.677+0000][26480][gc           ] GC(539) Pause Young (Concurrent Start) (G1 Humongous Allocation) 331M->255M(1024M) 5.943ms
[2020-09-11T11:45:22.677+0000][26480][gc,cpu       ] GC(539) User=0.00s Sys=0.00s Real=0.01s
[2020-09-11T11:45:22.677+0000][26480][gc           ] GC(540) Concurrent Cycle
[2020-09-11T11:45:22.677+0000][26480][safepoint    ] Safepoint "G1TryInitiateConcMark", Time since last: 341202800 ns, Reaching safepoint: 240200 ns, At safepoint: 6195000 ns, Total: 6435200 ns
[2020-09-11T11:45:22.677+0000][26480][gc,marking   ] GC(540) Concurrent Clear Claimed Marks
[2020-09-11T11:45:22.678+0000][26480][gc,marking   ] GC(540) Concurrent Clear Claimed Marks 0.421ms
[2020-09-11T11:45:22.678+0000][26480][gc,marking   ] GC(540) Concurrent Scan Root Regions
[2020-09-11T11:45:22.680+0000][26480][gc,marking   ] GC(540) Concurrent Scan Root Regions 2.546ms
[2020-09-11T11:45:22.680+0000][26480][gc,marking   ] GC(540) Concurrent Mark (7127.815s)
[2020-09-11T11:45:22.680+0000][26480][gc,marking   ] GC(540) Concurrent Mark From Roots
[2020-09-11T11:45:22.680+0000][26480][gc,task      ] GC(540) Using 2 workers of 2 for marking
[2020-09-11T11:45:22.879+0000][26480][gc,marking   ] GC(540) Concurrent Mark From Roots 198.065ms
[2020-09-11T11:45:22.879+0000][26480][gc,marking   ] GC(540) Concurrent Preclean
[2020-09-11T11:45:22.880+0000][26480][gc,marking   ] GC(540) Concurrent Preclean 0.704ms
[2020-09-11T11:45:22.880+0000][26480][gc,marking   ] GC(540) Concurrent Mark (7127.815s, 7128.014s) 198.943ms
[2020-09-11T11:45:22.880+0000][26480][gc,start     ] GC(540) Pause Remark
[2020-09-11T11:45:22.888+0000][26480][gc           ] GC(540) Pause Remark 287M->287M(1024M) 7.634ms
[2020-09-11T11:45:22.888+0000][26480][gc,cpu       ] GC(540) User=0.09s Sys=0.02s Real=0.01s
[2020-09-11T11:45:22.888+0000][26480][safepoint    ] Safepoint "G1Concurrent", Time since last: 202215300 ns, Reaching safepoint: 186200 ns, At safepoint: 7855700 ns, Total: 8041900 ns
[2020-09-11T11:45:22.888+0000][26480][gc,marking   ] GC(540) Concurrent Rebuild Remembered Sets
[2020-09-11T11:45:22.989+0000][26480][gc,marking   ] GC(540) Concurrent Rebuild Remembered Sets 100.865ms
[2020-09-11T11:45:22.989+0000][26480][gc,start     ] GC(540) Pause Cleanup
[2020-09-11T11:45:22.989+0000][26480][gc           ] GC(540) Pause Cleanup 287M->287M(1024M) 0.409ms
[2020-09-11T11:45:22.990+0000][26480][gc,cpu       ] GC(540) User=0.00s Sys=0.00s Real=0.00s
[2020-09-11T11:45:22.990+0000][26480][safepoint    ] Safepoint "G1Concurrent", Time since last: 101047400 ns, Reaching safepoint: 172800 ns, At safepoint: 845000 ns, Total: 1017800 ns
[2020-09-11T11:45:22.990+0000][26480][gc,marking   ] GC(540) Concurrent Cleanup for Next Mark
[2020-09-11T11:45:22.992+0000][26480][gc,marking   ] GC(540) Concurrent Cleanup for Next Mark 1.707ms
[2020-09-11T11:45:22.992+0000][26480][gc           ] GC(540) Concurrent Cycle 314.271ms
[2020-09-11T11:45:23.147+0000][26480][gc,start     ] GC(541) Pause Young (Concurrent Start) (G1 Humongous Allocation)
[2020-09-11T11:45:23.147+0000][26480][gc,task      ] GC(541) Using 8 workers of 8 for evacuation
[2020-09-11T11:45:23.147+0000][26480][gc,age       ] GC(541) Desired survivor size 33554432 bytes, new threshold 15 (max threshold 15)
[2020-09-11T11:45:23.154+0000][26480][gc,age       ] GC(541) Age table with threshold 15 (max threshold 15)
[2020-09-11T11:45:23.154+0000][26480][gc,age       ] GC(541) - age   1:    2057784 bytes,    2057784 total
[2020-09-11T11:45:23.154+0000][26480][gc,age       ] GC(541) - age   2:     108016 bytes,    2165800 total
[2020-09-11T11:45:23.154+0000][26480][gc,age       ] GC(541) - age   3:     403656 bytes,    2569456 total
[2020-09-11T11:45:23.154+0000][26480][gc,age       ] GC(541) - age   4:      10248 bytes,    2579704 total
[2020-09-11T11:45:23.154+0000][26480][gc,age       ] GC(541) - age   5:       1608 bytes,    2581312 total
[2020-09-11T11:45:23.154+0000][26480][gc,age       ] GC(541) - age   6:        968 bytes,    2582280 total
[2020-09-11T11:45:23.154+0000][26480][gc,age       ] GC(541) - age   7:        232 bytes,    2582512 total
[2020-09-11T11:45:23.154+0000][26480][gc,age       ] GC(541) - age   8:        152 bytes,    2582664 total
[2020-09-11T11:45:23.154+0000][26480][gc,age       ] GC(541) - age   9:        392 bytes,    2583056 total
[2020-09-11T11:45:23.154+0000][26480][gc,age       ] GC(541) - age  10:        176 bytes,    2583232 total
[2020-09-11T11:45:23.154+0000][26480][gc,age       ] GC(541) - age  11:       6800 bytes,    2590032 total
[2020-09-11T11:45:23.154+0000][26480][gc,age       ] GC(541) - age  12:      12656 bytes,    2602688 total
[2020-09-11T11:45:23.154+0000][26480][gc,age       ] GC(541) - age  13:       2656 bytes,    2605344 total
[2020-09-11T11:45:23.154+0000][26480][gc,age       ] GC(541) - age  14:     145408 bytes,    2750752 total
[2020-09-11T11:45:23.154+0000][26480][gc,age       ] GC(541) - age  15:      11960 bytes,    2762712 total
[2020-09-11T11:45:23.154+0000][26480][gc,phases    ] GC(541)   Pre Evacuate Collection Set: 0.8ms
[2020-09-11T11:45:23.154+0000][26480][gc,phases    ] GC(541)   Merge Heap Roots: 0.1ms
[2020-09-11T11:45:23.154+0000][26480][gc,phases    ] GC(541)   Evacuate Collection Set: 4.6ms
[2020-09-11T11:45:23.154+0000][26480][gc,phases    ] GC(541)   Post Evacuate Collection Set: 1.0ms
[2020-09-11T11:45:23.154+0000][26480][gc,phases    ] GC(541)   Other: 1.2ms
[2020-09-11T11:45:23.154+0000][26480][gc,heap      ] GC(541) Eden regions: 18->0(504)
[2020-09-11T11:45:23.154+0000][26480][gc,heap      ] GC(541) Survivor regions: 3->3(64)
[2020-09-11T11:45:23.154+0000][26480][gc,heap      ] GC(541) Old regions: 80->80
[2020-09-11T11:45:23.154+0000][26480][gc,heap      ] GC(541) Archive regions: 0->0
[2020-09-11T11:45:23.154+0000][26480][gc,heap      ] GC(541) Humongous regions: 227->174
[2020-09-11T11:45:23.154+0000][26480][gc,metaspace ] GC(541) Metaspace: 89108K(95000K)->89108K(95000K) NonClass: 77872K(81304K)->77872K(81304K) Class: 11236K(13696K)->11236K(13696K)
[2020-09-11T11:45:23.154+0000][26480][gc           ] GC(541) Pause Young (Concurrent Start) (G1 Humongous Allocation) 326M->255M(1024M) 8.029ms
[2020-09-11T11:45:23.154+0000][26480][gc,cpu       ] GC(541) User=0.09s Sys=0.00s Real=0.01s
[2020-09-11T11:45:23.155+0000][26480][gc           ] GC(542) Concurrent Cycle
[2020-09-11T11:45:23.155+0000][26480][safepoint    ] Safepoint "G1TryInitiateConcMark", Time since last: 156736600 ns, Reaching safepoint: 248700 ns, At safepoint: 8282200 ns, Total: 8530900 ns
[2020-09-11T11:45:23.155+0000][26480][gc,marking   ] GC(542) Concurrent Clear Claimed Marks
[2020-09-11T11:45:23.156+0000][26480][gc,marking   ] GC(542) Concurrent Clear Claimed Marks 0.982ms
[2020-09-11T11:45:23.156+0000][26480][gc,marking   ] GC(542) Concurrent Scan Root Regions
[2020-09-11T11:45:23.159+0000][26480][gc,marking   ] GC(542) Concurrent Scan Root Regions 3.415ms
[2020-09-11T11:45:23.159+0000][26480][gc,marking   ] GC(542) Concurrent Mark (7128.294s)
[2020-09-11T11:45:23.159+0000][26480][gc,marking   ] GC(542) Concurrent Mark From Roots
[2020-09-11T11:45:23.159+0000][26480][gc,task      ] GC(542) Using 2 workers of 2 for marking
[2020-09-11T11:45:23.324+0000][26480][gc,marking   ] GC(542) Concurrent Mark From Roots 164.732ms
[2020-09-11T11:45:23.324+0000][26480][gc,marking   ] GC(542) Concurrent Preclean
[2020-09-11T11:45:23.325+0000][26480][gc,marking   ] GC(542) Concurrent Preclean 0.858ms
[2020-09-11T11:45:23.325+0000][26480][gc,marking   ] GC(542) Concurrent Mark (7128.294s, 7128.460s) 165.779ms
[2020-09-11T11:45:23.325+0000][26480][gc,start     ] GC(542) Pause Remark
[2020-09-11T11:45:23.334+0000][26480][gc           ] GC(542) Pause Remark 292M->292M(1024M) 8.733ms
[2020-09-11T11:45:23.334+0000][26480][gc,cpu       ] GC(542) User=0.00s Sys=0.00s Real=0.01s
[2020-09-11T11:45:23.334+0000][26480][safepoint    ] Safepoint "G1Concurrent", Time since last: 170589200 ns, Reaching safepoint: 203400 ns, At safepoint: 9022000 ns, Total: 9225400 ns
[2020-09-11T11:45:23.334+0000][26480][gc,marking   ] GC(542) Concurrent Rebuild Remembered Sets
[2020-09-11T11:45:23.427+0000][26480][gc,marking   ] GC(542) Concurrent Rebuild Remembered Sets 92.858ms
[2020-09-11T11:45:23.428+0000][26480][gc,start     ] GC(542) Pause Cleanup
[2020-09-11T11:45:23.428+0000][26480][gc           ] GC(542) Pause Cleanup 293M->293M(1024M) 0.323ms
[2020-09-11T11:45:23.428+0000][26480][gc,cpu       ] GC(542) User=0.00s Sys=0.00s Real=0.00s
[2020-09-11T11:45:23.428+0000][26480][safepoint    ] Safepoint "G1Concurrent", Time since last: 93160600 ns, Reaching safepoint: 164400 ns, At safepoint: 505500 ns, Total: 669900 ns
[2020-09-11T11:45:23.428+0000][26480][gc,marking   ] GC(542) Concurrent Cleanup for Next Mark
[2020-09-11T11:45:23.430+0000][26480][gc,marking   ] GC(542) Concurrent Cleanup for Next Mark 1.733ms
[2020-09-11T11:45:23.430+0000][26480][gc           ] GC(542) Concurrent Cycle 275.571ms
[2020-09-11T11:45:23.624+0000][26480][gc,start     ] GC(543) Pause Young (Concurrent Start) (G1 Humongous Allocation)
[2020-09-11T11:45:23.624+0000][26480][gc,task      ] GC(543) Using 8 workers of 8 for evacuation
[2020-09-11T11:45:23.624+0000][26480][gc,age       ] GC(543) Desired survivor size 33554432 bytes, new threshold 15 (max threshold 15)
[2020-09-11T11:45:23.628+0000][26480][gc,age       ] GC(543) Age table with threshold 15 (max threshold 15)
[2020-09-11T11:45:23.628+0000][26480][gc,age       ] GC(543) - age   1:    1984520 bytes,    1984520 total
[2020-09-11T11:45:23.628+0000][26480][gc,age       ] GC(543) - age   2:      11656 bytes,    1996176 total
[2020-09-11T11:45:23.628+0000][26480][gc,age       ] GC(543) - age   3:       2512 bytes,    1998688 total
[2020-09-11T11:45:23.628+0000][26480][gc,age       ] GC(543) - age   4:       1592 bytes,    2000280 total
[2020-09-11T11:45:23.628+0000][26480][gc,age       ] GC(543) - age   5:       8392 bytes,    2008672 total
[2020-09-11T11:45:23.628+0000][26480][gc,age       ] GC(543) - age   6:       1576 bytes,    2010248 total
[2020-09-11T11:45:23.628+0000][26480][gc,age       ] GC(543) - age   7:        680 bytes,    2010928 total
[2020-09-11T11:45:23.628+0000][26480][gc,age       ] GC(543) - age   8:        232 bytes,    2011160 total
[2020-09-11T11:45:23.628+0000][26480][gc,age       ] GC(543) - age   9:         88 bytes,    2011248 total
[2020-09-11T11:45:23.628+0000][26480][gc,age       ] GC(543) - age  10:        360 bytes,    2011608 total
[2020-09-11T11:45:23.628+0000][26480][gc,age       ] GC(543) - age  11:        176 bytes,    2011784 total
[2020-09-11T11:45:23.628+0000][26480][gc,age       ] GC(543) - age  12:       6464 bytes,    2018248 total
[2020-09-11T11:45:23.628+0000][26480][gc,age       ] GC(543) - age  13:      12656 bytes,    2030904 total
[2020-09-11T11:45:23.628+0000][26480][gc,age       ] GC(543) - age  14:       2656 bytes,    2033560 total
[2020-09-11T11:45:23.628+0000][26480][gc,age       ] GC(543) - age  15:     145344 bytes,    2178904 total
[2020-09-11T11:45:23.628+0000][26480][gc,phases    ] GC(543)   Pre Evacuate Collection Set: 0.5ms
[2020-09-11T11:45:23.628+0000][26480][gc,phases    ] GC(543)   Merge Heap Roots: 0.1ms
[2020-09-11T11:45:23.628+0000][26480][gc,phases    ] GC(543)   Evacuate Collection Set: 2.1ms
[2020-09-11T11:45:23.628+0000][26480][gc,phases    ] GC(543)   Post Evacuate Collection Set: 0.6ms
[2020-09-11T11:45:23.628+0000][26480][gc,phases    ] GC(543)   Other: 0.7ms
[2020-09-11T11:45:23.628+0000][26480][gc,heap      ] GC(543) Eden regions: 23->0(504)
[2020-09-11T11:45:23.628+0000][26480][gc,heap      ] GC(543) Survivor regions: 3->3(64)
[2020-09-11T11:45:23.628+0000][26480][gc,heap      ] GC(543) Old regions: 80->80
[2020-09-11T11:45:23.628+0000][26480][gc,heap      ] GC(543) Archive regions: 0->0
[2020-09-11T11:45:23.628+0000][26480][gc,heap      ] GC(543) Humongous regions: 227->174
[2020-09-11T11:45:23.628+0000][26480][gc,metaspace ] GC(543) Metaspace: 89120K(95000K)->89120K(95000K) NonClass: 77883K(81304K)->77883K(81304K) Class: 11236K(13696K)->11236K(13696K)
[2020-09-11T11:45:23.628+0000][26480][gc           ] GC(543) Pause Young (Concurrent Start) (G1 Humongous Allocation) 331M->255M(1024M) 4.201ms
[2020-09-11T11:45:23.629+0000][26480][gc,cpu       ] GC(543) User=0.00s Sys=0.00s Real=0.00s
[2020-09-11T11:45:23.629+0000][26480][safepoint    ] Safepoint "G1TryInitiateConcMark", Time since last: 195851500 ns, Reaching safepoint: 240600 ns, At safepoint: 4369200 ns, Total: 4609800 ns
[2020-09-11T11:45:23.629+0000][26480][gc           ] GC(544) Concurrent Cycle
[2020-09-11T11:45:23.629+0000][26480][gc,marking   ] GC(544) Concurrent Clear Claimed Marks
[2020-09-11T11:45:23.629+0000][26480][gc,marking   ] GC(544) Concurrent Clear Claimed Marks 0.423ms
[2020-09-11T11:45:23.629+0000][26480][gc,marking   ] GC(544) Concurrent Scan Root Regions
[2020-09-11T11:45:23.632+0000][26480][gc,marking   ] GC(544) Concurrent Scan Root Regions 2.908ms
[2020-09-11T11:45:23.632+0000][26480][gc,marking   ] GC(544) Concurrent Mark (7128.767s)
[2020-09-11T11:45:23.632+0000][26480][gc,marking   ] GC(544) Concurrent Mark From Roots
[2020-09-11T11:45:23.632+0000][26480][gc,task      ] GC(544) Using 2 workers of 2 for marking
[2020-09-11T11:45:23.779+0000][26480][gc,marking   ] GC(544) Concurrent Mark From Roots 147.033ms
[2020-09-11T11:45:23.779+0000][26480][gc,marking   ] GC(544) Concurrent Preclean
[2020-09-11T11:45:23.780+0000][26480][gc,marking   ] GC(544) Concurrent Preclean 0.835ms
[2020-09-11T11:45:23.780+0000][26480][gc,marking   ] GC(544) Concurrent Mark (7128.767s, 7128.915s) 148.065ms
[2020-09-11T11:45:23.781+0000][26480][gc,start     ] GC(544) Pause Remark
[2020-09-11T11:45:23.788+0000][26480][gc           ] GC(544) Pause Remark 291M->291M(1024M) 6.933ms
[2020-09-11T11:45:23.788+0000][26480][gc,cpu       ] GC(544) User=0.00s Sys=0.00s Real=0.01s
[2020-09-11T11:45:23.788+0000][26480][safepoint    ] Safepoint "G1Concurrent", Time since last: 151731300 ns, Reaching safepoint: 288400 ns, At safepoint: 7155800 ns, Total: 7444200 ns
[2020-09-11T11:45:23.788+0000][26480][gc,marking   ] GC(544) Concurrent Rebuild Remembered Sets
[2020-09-11T11:45:23.878+0000][26480][gc,marking   ] GC(544) Concurrent Rebuild Remembered Sets 90.264ms
[2020-09-11T11:45:23.878+0000][26480][gc,start     ] GC(544) Pause Cleanup
[2020-09-11T11:45:23.879+0000][26480][gc           ] GC(544) Pause Cleanup 361M->361M(1024M) 0.425ms
[2020-09-11T11:45:23.879+0000][26480][gc,cpu       ] GC(544) User=0.00s Sys=0.00s Real=0.00s
[2020-09-11T11:45:23.879+0000][26480][safepoint    ] Safepoint "G1Concurrent", Time since last: 90480600 ns, Reaching safepoint: 206900 ns, At safepoint: 770200 ns, Total: 977100 ns
[2020-09-11T11:45:23.879+0000][26480][gc,marking   ] GC(544) Concurrent Cleanup for Next Mark
[2020-09-11T11:45:23.881+0000][26480][gc,marking   ] GC(544) Concurrent Cleanup for Next Mark 1.912ms
[2020-09-11T11:45:23.881+0000][26480][gc           ] GC(544) Concurrent Cycle 252.785ms
[2020-09-11T11:45:24.057+0000][26480][gc,start     ] GC(545) Pause Young (Concurrent Start) (G1 Humongous Allocation)
[2020-09-11T11:45:24.057+0000][26480][gc,task      ] GC(545) Using 8 workers of 8 for evacuation
[2020-09-11T11:45:24.057+0000][26480][gc,age       ] GC(545) Desired survivor size 33554432 bytes, new threshold 15 (max threshold 15)
[2020-09-11T11:45:24.060+0000][26480][gc,age       ] GC(545) Age table with threshold 15 (max threshold 15)
[2020-09-11T11:45:24.060+0000][26480][gc,age       ] GC(545) - age   1:    1027728 bytes,    1027728 total
[2020-09-11T11:45:24.060+0000][26480][gc,age       ] GC(545) - age   2:      16440 bytes,    1044168 total
[2020-09-11T11:45:24.060+0000][26480][gc,age       ] GC(545) - age   3:      10672 bytes,    1054840 total
[2020-09-11T11:45:24.060+0000][26480][gc,age       ] GC(545) - age   4:       2512 bytes,    1057352 total
[2020-09-11T11:45:24.061+0000][26480][gc,age       ] GC(545) - age   5:        808 bytes,    1058160 total
[2020-09-11T11:45:24.061+0000][26480][gc,age       ] GC(545) - age   6:       8288 bytes,    1066448 total
[2020-09-11T11:45:24.061+0000][26480][gc,age       ] GC(545) - age   7:       1480 bytes,    1067928 total
[2020-09-11T11:45:24.061+0000][26480][gc,age       ] GC(545) - age   8:        680 bytes,    1068608 total
[2020-09-11T11:45:24.061+0000][26480][gc,age       ] GC(545) - age   9:        160 bytes,    1068768 total
[2020-09-11T11:45:24.061+0000][26480][gc,age       ] GC(545) - age  10:         88 bytes,    1068856 total
[2020-09-11T11:45:24.061+0000][26480][gc,age       ] GC(545) - age  11:        360 bytes,    1069216 total
[2020-09-11T11:45:24.061+0000][26480][gc,age       ] GC(545) - age  12:        176 bytes,    1069392 total
[2020-09-11T11:45:24.061+0000][26480][gc,age       ] GC(545) - age  13:       6464 bytes,    1075856 total
[2020-09-11T11:45:24.061+0000][26480][gc,age       ] GC(545) - age  14:      12656 bytes,    1088512 total
[2020-09-11T11:45:24.061+0000][26480][gc,age       ] GC(545) - age  15:       2592 bytes,    1091104 total
[2020-09-11T11:45:24.061+0000][26480][gc,phases    ] GC(545)   Pre Evacuate Collection Set: 0.5ms
[2020-09-11T11:45:24.061+0000][26480][gc,phases    ] GC(545)   Merge Heap Roots: 0.1ms
[2020-09-11T11:45:24.061+0000][26480][gc,phases    ] GC(545)   Evacuate Collection Set: 2.0ms
[2020-09-11T11:45:24.061+0000][26480][gc,phases    ] GC(545)   Post Evacuate Collection Set: 0.8ms
[2020-09-11T11:45:24.061+0000][26480][gc,phases    ] GC(545)   Other: 1.0ms
[2020-09-11T11:45:24.061+0000][26480][gc,heap      ] GC(545) Eden regions: 35->0(506)
[2020-09-11T11:45:24.061+0000][26480][gc,heap      ] GC(545) Survivor regions: 3->2(64)
[2020-09-11T11:45:24.061+0000][26480][gc,heap      ] GC(545) Old regions: 80->80
[2020-09-11T11:45:24.061+0000][26480][gc,heap      ] GC(545) Archive regions: 0->0
[2020-09-11T11:45:24.061+0000][26480][gc,heap      ] GC(545) Humongous regions: 253->174
[2020-09-11T11:45:24.061+0000][26480][gc,metaspace ] GC(545) Metaspace: 89120K(95000K)->89120K(95000K) NonClass: 77883K(81304K)->77883K(81304K) Class: 11236K(13696K)->11236K(13696K)
[2020-09-11T11:45:24.061+0000][26480][gc           ] GC(545) Pause Young (Concurrent Start) (G1 Humongous Allocation) 369M->254M(1024M) 4.668ms
[2020-09-11T11:45:24.061+0000][26480][gc,cpu       ] GC(545) User=0.11s Sys=0.00s Real=0.00s
[2020-09-11T11:45:24.061+0000][26480][safepoint    ] Safepoint "G1TryInitiateConcMark", Time since last: 176108200 ns, Reaching safepoint: 188700 ns, At safepoint: 4873900 ns, Total: 5062600 ns
[2020-09-11T11:45:24.061+0000][26480][gc           ] GC(546) Concurrent Cycle
[2020-09-11T11:45:24.061+0000][26480][gc,marking   ] GC(546) Concurrent Clear Claimed Marks
[2020-09-11T11:45:24.062+0000][26480][gc,marking   ] GC(546) Concurrent Clear Claimed Marks 0.776ms
[2020-09-11T11:45:24.062+0000][26480][gc,marking   ] GC(546) Concurrent Scan Root Regions
[2020-09-11T11:45:24.064+0000][26480][gc,marking   ] GC(546) Concurrent Scan Root Regions 1.907ms
[2020-09-11T11:45:24.064+0000][26480][gc,marking   ] GC(546) Concurrent Mark (7129.198s)
[2020-09-11T11:45:24.064+0000][26480][gc,marking   ] GC(546) Concurrent Mark From Roots
[2020-09-11T11:45:24.064+0000][26480][gc,task      ] GC(546) Using 2 workers of 2 for marking
[2020-09-11T11:45:24.221+0000][26480][gc,marking   ] GC(546) Concurrent Mark From Roots 156.783ms
[2020-09-11T11:45:24.221+0000][26480][gc,marking   ] GC(546) Concurrent Preclean
[2020-09-11T11:45:24.222+0000][26480][gc,marking   ] GC(546) Concurrent Preclean 0.745ms
[2020-09-11T11:45:24.222+0000][26480][gc,marking   ] GC(546) Concurrent Mark (7129.198s, 7129.356s) 157.726ms
[2020-09-11T11:45:24.222+0000][26480][gc,start     ] GC(546) Pause Remark
[2020-09-11T11:45:24.228+0000][26480][gc           ] GC(546) Pause Remark 269M->269M(1024M) 5.482ms
[2020-09-11T11:45:24.228+0000][26480][gc,cpu       ] GC(546) User=0.00s Sys=0.00s Real=0.01s
[2020-09-11T11:45:24.228+0000][26480][safepoint    ] Safepoint "G1Concurrent", Time since last: 160729500 ns, Reaching safepoint: 157200 ns, At safepoint: 5715900 ns, Total: 5873100 ns
[2020-09-11T11:45:24.228+0000][26480][gc,marking   ] GC(546) Concurrent Rebuild Remembered Sets
[2020-09-11T11:45:24.319+0000][26480][gc,marking   ] GC(546) Concurrent Rebuild Remembered Sets 91.378ms
[2020-09-11T11:45:24.320+0000][26480][gc,start     ] GC(546) Pause Cleanup
[2020-09-11T11:45:24.320+0000][26480][gc           ] GC(546) Pause Cleanup 287M->287M(1024M) 0.268ms
[2020-09-11T11:45:24.320+0000][26480][gc,cpu       ] GC(546) User=0.00s Sys=0.00s Real=0.00s
[2020-09-11T11:45:24.320+0000][26480][safepoint    ] Safepoint "G1Concurrent", Time since last: 91572700 ns, Reaching safepoint: 170800 ns, At safepoint: 404400 ns, Total: 575200 ns
[2020-09-11T11:45:24.320+0000][26480][gc,marking   ] GC(546) Concurrent Cleanup for Next Mark
[2020-09-11T11:45:24.321+0000][26480][gc,marking   ] GC(546) Concurrent Cleanup for Next Mark 1.360ms
[2020-09-11T11:45:24.322+0000][26480][gc           ] GC(546) Concurrent Cycle 260.285ms
[2020-09-11T11:45:24.467+0000][26480][gc,start     ] GC(547) Pause Young (Concurrent Start) (G1 Humongous Allocation)
[2020-09-11T11:45:24.467+0000][26480][gc,task      ] GC(547) Using 8 workers of 8 for evacuation
[2020-09-11T11:45:24.467+0000][26480][gc,age       ] GC(547) Desired survivor size 33554432 bytes, new threshold 15 (max threshold 15)
[2020-09-11T11:45:24.470+0000][26480][gc,age       ] GC(547) Age table with threshold 15 (max threshold 15)
[2020-09-11T11:45:24.470+0000][26480][gc,age       ] GC(547) - age   1:    1915920 bytes,    1915920 total
[2020-09-11T11:45:24.470+0000][26480][gc,age       ] GC(547) - age   2:     403400 bytes,    2319320 total
[2020-09-11T11:45:24.470+0000][26480][gc,age       ] GC(547) - age   3:      14752 bytes,    2334072 total
[2020-09-11T11:45:24.470+0000][26480][gc,age       ] GC(547) - age   4:      10144 bytes,    2344216 total
[2020-09-11T11:45:24.470+0000][26480][gc,age       ] GC(547) - age   5:       2352 bytes,    2346568 total
[2020-09-11T11:45:24.470+0000][26480][gc,age       ] GC(547) - age   6:        616 bytes,    2347184 total
[2020-09-11T11:45:24.470+0000][26480][gc,age       ] GC(547) - age   7:       5712 bytes,    2352896 total
[2020-09-11T11:45:24.470+0000][26480][gc,age       ] GC(547) - age   8:       1352 bytes,    2354248 total
[2020-09-11T11:45:24.470+0000][26480][gc,age       ] GC(547) - age   9:        520 bytes,    2354768 total
[2020-09-11T11:45:24.470+0000][26480][gc,age       ] GC(547) - age  10:        160 bytes,    2354928 total
[2020-09-11T11:45:24.470+0000][26480][gc,age       ] GC(547) - age  11:         88 bytes,    2355016 total
[2020-09-11T11:45:24.470+0000][26480][gc,age       ] GC(547) - age  12:        360 bytes,    2355376 total
[2020-09-11T11:45:24.470+0000][26480][gc,age       ] GC(547) - age  13:        176 bytes,    2355552 total
[2020-09-11T11:45:24.470+0000][26480][gc,age       ] GC(547) - age  14:       6464 bytes,    2362016 total
[2020-09-11T11:45:24.470+0000][26480][gc,age       ] GC(547) - age  15:      12656 bytes,    2374672 total
[2020-09-11T11:45:24.471+0000][26480][gc,phases    ] GC(547)   Pre Evacuate Collection Set: 0.6ms
[2020-09-11T11:45:24.471+0000][26480][gc,phases    ] GC(547)   Merge Heap Roots: 0.1ms
[2020-09-11T11:45:24.471+0000][26480][gc,phases    ] GC(547)   Evacuate Collection Set: 1.9ms
[2020-09-11T11:45:24.471+0000][26480][gc,phases    ] GC(547)   Post Evacuate Collection Set: 0.6ms
[2020-09-11T11:45:24.471+0000][26480][gc,phases    ] GC(547)   Other: 0.8ms
[2020-09-11T11:45:24.471+0000][26480][gc,heap      ] GC(547) Eden regions: 24->0(505)
[2020-09-11T11:45:24.471+0000][26480][gc,heap      ] GC(547) Survivor regions: 2->3(64)
[2020-09-11T11:45:24.471+0000][26480][gc,heap      ] GC(547) Old regions: 80->80
[2020-09-11T11:45:24.471+0000][26480][gc,heap      ] GC(547) Archive regions: 0->0
[2020-09-11T11:45:24.471+0000][26480][gc,heap      ] GC(547) Humongous regions: 227->174
[2020-09-11T11:45:24.471+0000][26480][gc,metaspace ] GC(547) Metaspace: 89120K(95000K)->89120K(95000K) NonClass: 77883K(81304K)->77883K(81304K) Class: 11236K(13696K)->11236K(13696K)
[2020-09-11T11:45:24.471+0000][26480][gc           ] GC(547) Pause Young (Concurrent Start) (G1 Humongous Allocation) 331M->255M(1024M) 4.180ms
[2020-09-11T11:45:24.471+0000][26480][gc,cpu       ] GC(547) User=0.00s Sys=0.00s Real=0.00s
[2020-09-11T11:45:24.471+0000][26480][safepoint    ] Safepoint "G1TryInitiateConcMark", Time since last: 146327500 ns, Reaching safepoint: 246300 ns, At safepoint: 4374800 ns, Total: 4621100 ns
[2020-09-11T11:45:24.471+0000][26480][gc           ] GC(548) Concurrent Cycle
[2020-09-11T11:45:24.471+0000][26480][gc,marking   ] GC(548) Concurrent Clear Claimed Marks
[2020-09-11T11:45:24.471+0000][26480][gc,marking   ] GC(548) Concurrent Clear Claimed Marks 0.395ms
[2020-09-11T11:45:24.471+0000][26480][gc,marking   ] GC(548) Concurrent Scan Root Regions
[2020-09-11T11:45:24.473+0000][26480][gc,marking   ] GC(548) Concurrent Scan Root Regions 1.924ms
[2020-09-11T11:45:24.473+0000][26480][gc,marking   ] GC(548) Concurrent Mark (7129.608s)
[2020-09-11T11:45:24.473+0000][26480][gc,marking   ] GC(548) Concurrent Mark From Roots
[2020-09-11T11:45:24.474+0000][26480][gc,task      ] GC(548) Using 2 workers of 2 for marking
[2020-09-11T11:45:24.599+0000][26480][gc,marking   ] GC(548) Concurrent Mark From Roots 125.071ms
[2020-09-11T11:45:24.599+0000][26480][gc,marking   ] GC(548) Concurrent Preclean
[2020-09-11T11:45:24.599+0000][26480][gc,marking   ] GC(548) Concurrent Preclean 0.656ms
[2020-09-11T11:45:24.599+0000][26480][gc,marking   ] GC(548) Concurrent Mark (7129.608s, 7129.733s) 125.886ms
[2020-09-11T11:45:24.600+0000][26480][gc,start     ] GC(548) Pause Remark
[2020-09-11T11:45:24.606+0000][26480][gc           ] GC(548) Pause Remark 287M->287M(1024M) 6.349ms
[2020-09-11T11:45:24.606+0000][26480][gc,cpu       ] GC(548) User=0.11s Sys=0.00s Real=0.01s
[2020-09-11T11:45:24.606+0000][26480][safepoint    ] Safepoint "G1Concurrent", Time since last: 128480100 ns, Reaching safepoint: 154900 ns, At safepoint: 6563900 ns, Total: 6718800 ns
[2020-09-11T11:45:24.606+0000][26480][gc,marking   ] GC(548) Concurrent Rebuild Remembered Sets
[2020-09-11T11:45:24.696+0000][26480][gc,marking   ] GC(548) Concurrent Rebuild Remembered Sets 89.511ms
[2020-09-11T11:45:24.696+0000][26480][gc,start     ] GC(548) Pause Cleanup
[2020-09-11T11:45:24.696+0000][26480][gc           ] GC(548) Pause Cleanup 360M->360M(1024M) 0.301ms
[2020-09-11T11:45:24.696+0000][26480][gc,cpu       ] GC(548) User=0.00s Sys=0.00s Real=0.00s
[2020-09-11T11:45:24.696+0000][26480][safepoint    ] Safepoint "G1Concurrent", Time since last: 89697700 ns, Reaching safepoint: 166300 ns, At safepoint: 459700 ns, Total: 626000 ns
[2020-09-11T11:45:24.697+0000][26480][gc,marking   ] GC(548) Concurrent Cleanup for Next Mark
[2020-09-11T11:45:24.699+0000][26480][gc,marking   ] GC(548) Concurrent Cleanup for Next Mark 2.284ms
[2020-09-11T11:45:24.699+0000][26480][gc           ] GC(548) Concurrent Cycle 228.016ms
[2020-09-11T11:45:24.993+0000][26480][gc,start     ] GC(549) Pause Young (Concurrent Start) (G1 Humongous Allocation)
[2020-09-11T11:45:24.993+0000][26480][gc,task      ] GC(549) Using 8 workers of 8 for evacuation
[2020-09-11T11:45:24.993+0000][26480][gc,age       ] GC(549) Desired survivor size 33554432 bytes, new threshold 15 (max threshold 15)
[2020-09-11T11:45:24.997+0000][26480][gc,age       ] GC(549) Age table with threshold 15 (max threshold 15)
[2020-09-11T11:45:24.997+0000][26480][gc,age       ] GC(549) - age   1:    3138232 bytes,    3138232 total
[2020-09-11T11:45:24.997+0000][26480][gc,age       ] GC(549) - age   2:     109744 bytes,    3247976 total
[2020-09-11T11:45:24.997+0000][26480][gc,age       ] GC(549) - age   3:     402872 bytes,    3650848 total
[2020-09-11T11:45:24.997+0000][26480][gc,age       ] GC(549) - age   4:      11472 bytes,    3662320 total
[2020-09-11T11:45:24.997+0000][26480][gc,age       ] GC(549) - age   5:      10144 bytes,    3672464 total
[2020-09-11T11:45:24.997+0000][26480][gc,age       ] GC(549) - age   6:       2096 bytes,    3674560 total
[2020-09-11T11:45:24.997+0000][26480][gc,age       ] GC(549) - age   7:        488 bytes,    3675048 total
[2020-09-11T11:45:24.997+0000][26480][gc,age       ] GC(549) - age   8:       3080 bytes,    3678128 total
[2020-09-11T11:45:24.997+0000][26480][gc,age       ] GC(549) - age   9:       1352 bytes,    3679480 total
[2020-09-11T11:45:24.997+0000][26480][gc,age       ] GC(549) - age  10:        160 bytes,    3679640 total
[2020-09-11T11:45:24.997+0000][26480][gc,age       ] GC(549) - age  11:         96 bytes,    3679736 total
[2020-09-11T11:45:24.997+0000][26480][gc,age       ] GC(549) - age  12:         88 bytes,    3679824 total
[2020-09-11T11:45:24.997+0000][26480][gc,age       ] GC(549) - age  13:        360 bytes,    3680184 total
[2020-09-11T11:45:24.997+0000][26480][gc,age       ] GC(549) - age  14:        176 bytes,    3680360 total
[2020-09-11T11:45:24.997+0000][26480][gc,age       ] GC(549) - age  15:       6264 bytes,    3686624 total
[2020-09-11T11:45:24.997+0000][26480][gc,phases    ] GC(549)   Pre Evacuate Collection Set: 0.5ms
[2020-09-11T11:45:24.997+0000][26480][gc,phases    ] GC(549)   Merge Heap Roots: 0.1ms
[2020-09-11T11:45:24.997+0000][26480][gc,phases    ] GC(549)   Evacuate Collection Set: 2.1ms
[2020-09-11T11:45:24.998+0000][26480][gc,phases    ] GC(549)   Post Evacuate Collection Set: 0.9ms
[2020-09-11T11:45:24.998+0000][26480][gc,phases    ] GC(549)   Other: 1.1ms
[2020-09-11T11:45:24.998+0000][26480][gc,heap      ] GC(549) Eden regions: 39->0(503)
[2020-09-11T11:45:24.998+0000][26480][gc,heap      ] GC(549) Survivor regions: 3->4(64)
[2020-09-11T11:45:24.998+0000][26480][gc,heap      ] GC(549) Old regions: 80->80
[2020-09-11T11:45:24.998+0000][26480][gc,heap      ] GC(549) Archive regions: 0->0
[2020-09-11T11:45:24.998+0000][26480][gc,heap      ] GC(549) Humongous regions: 255->174
[2020-09-11T11:45:24.998+0000][26480][gc,metaspace ] GC(549) Metaspace: 89443K(95256K)->89443K(95256K) NonClass: 78158K(81560K)->78158K(81560K) Class: 11284K(13696K)->11284K(13696K)
[2020-09-11T11:45:24.998+0000][26480][gc           ] GC(549) Pause Young (Concurrent Start) (G1 Humongous Allocation) 374M->256M(1024M) 5.168ms
[2020-09-11T11:45:24.998+0000][26480][gc,cpu       ] GC(549) User=0.11s Sys=0.00s Real=0.00s
[2020-09-11T11:45:24.998+0000][26480][gc           ] GC(550) Concurrent Cycle
[2020-09-11T11:45:24.998+0000][26480][gc,marking   ] GC(550) Concurrent Clear Claimed Marks
[2020-09-11T11:45:24.998+0000][26480][safepoint    ] Safepoint "G1TryInitiateConcMark", Time since last: 295918300 ns, Reaching safepoint: 228600 ns, At safepoint: 5640000 ns, Total: 5868600 ns
[2020-09-11T11:45:24.999+0000][26480][gc,marking   ] GC(550) Concurrent Clear Claimed Marks 0.526ms
[2020-09-11T11:45:24.999+0000][26480][gc,marking   ] GC(550) Concurrent Scan Root Regions
[2020-09-11T11:45:25.005+0000][26480][gc,marking   ] GC(550) Concurrent Scan Root Regions 6.308ms
[2020-09-11T11:45:25.005+0000][26480][gc,marking   ] GC(550) Concurrent Mark (7130.139s)
[2020-09-11T11:45:25.005+0000][26480][gc,marking   ] GC(550) Concurrent Mark From Roots
[2020-09-11T11:45:25.005+0000][26480][gc,task      ] GC(550) Using 2 workers of 2 for marking
[2020-09-11T11:45:25.168+0000][26480][gc,marking   ] GC(550) Concurrent Mark From Roots 162.769ms
[2020-09-11T11:45:25.168+0000][26480][gc,marking   ] GC(550) Concurrent Preclean
[2020-09-11T11:45:25.169+0000][26480][gc,marking   ] GC(550) Concurrent Preclean 0.984ms
[2020-09-11T11:45:25.169+0000][26480][gc,marking   ] GC(550) Concurrent Mark (7130.139s, 7130.303s) 164.052ms
[2020-09-11T11:45:25.170+0000][26480][gc,start     ] GC(550) Pause Remark
[2020-09-11T11:45:25.176+0000][26480][gc           ] GC(550) Pause Remark 321M->321M(1024M) 6.327ms
[2020-09-11T11:45:25.176+0000][26480][gc,cpu       ] GC(550) User=0.00s Sys=0.00s Real=0.01s
[2020-09-11T11:45:25.176+0000][26480][safepoint    ] Safepoint "G1Concurrent", Time since last: 171069100 ns, Reaching safepoint: 205200 ns, At safepoint: 6620300 ns, Total: 6825500 ns
[2020-09-11T11:45:25.176+0000][26480][gc,marking   ] GC(550) Concurrent Rebuild Remembered Sets
[2020-09-11T11:45:25.270+0000][26480][gc,marking   ] GC(550) Concurrent Rebuild Remembered Sets 94.062ms
[2020-09-11T11:45:25.272+0000][26480][gc,start     ] GC(550) Pause Cleanup
[2020-09-11T11:45:25.272+0000][26480][gc           ] GC(550) Pause Cleanup 324M->324M(1024M) 0.411ms
[2020-09-11T11:45:25.272+0000][26480][gc,cpu       ] GC(550) User=0.00s Sys=0.00s Real=0.00s
[2020-09-11T11:45:25.272+0000][26480][safepoint    ] Safepoint "G1Concurrent", Time since last: 94758000 ns, Reaching safepoint: 471300 ns, At safepoint: 850700 ns, Total: 1322000 ns
[2020-09-11T11:45:25.272+0000][26480][gc,marking   ] GC(550) Concurrent Cleanup for Next Mark
[2020-09-11T11:45:25.275+0000][26480][gc,marking   ] GC(550) Concurrent Cleanup for Next Mark 2.193ms
[2020-09-11T11:45:25.275+0000][26480][gc           ] GC(550) Concurrent Cycle 276.809ms
[2020-09-11T11:45:25.323+0000][26480][gc,start     ] GC(551) Pause Young (Concurrent Start) (G1 Humongous Allocation)
[2020-09-11T11:45:25.323+0000][26480][gc,task      ] GC(551) Using 8 workers of 8 for evacuation
[2020-09-11T11:45:25.323+0000][26480][gc,age       ] GC(551) Desired survivor size 33554432 bytes, new threshold 15 (max threshold 15)
[2020-09-11T11:45:25.327+0000][26480][gc,age       ] GC(551) Age table with threshold 15 (max threshold 15)
[2020-09-11T11:45:25.327+0000][26480][gc,age       ] GC(551) - age   1:    2933352 bytes,    2933352 total
[2020-09-11T11:45:25.327+0000][26480][gc,age       ] GC(551) - age   2:     299680 bytes,    3233032 total
[2020-09-11T11:45:25.327+0000][26480][gc,age       ] GC(551) - age   3:     107928 bytes,    3340960 total
[2020-09-11T11:45:25.327+0000][26480][gc,age       ] GC(551) - age   4:     402736 bytes,    3743696 total
[2020-09-11T11:45:25.327+0000][26480][gc,age       ] GC(551) - age   5:      11232 bytes,    3754928 total
[2020-09-11T11:45:25.327+0000][26480][gc,age       ] GC(551) - age   6:      10080 bytes,    3765008 total
[2020-09-11T11:45:25.327+0000][26480][gc,age       ] GC(551) - age   7:       1936 bytes,    3766944 total
[2020-09-11T11:45:25.327+0000][26480][gc,age       ] GC(551) - age   8:        488 bytes,    3767432 total
[2020-09-11T11:45:25.327+0000][26480][gc,age       ] GC(551) - age   9:       3080 bytes,    3770512 total
[2020-09-11T11:45:25.327+0000][26480][gc,age       ] GC(551) - age  10:       1352 bytes,    3771864 total
[2020-09-11T11:45:25.327+0000][26480][gc,age       ] GC(551) - age  11:        160 bytes,    3772024 total
[2020-09-11T11:45:25.327+0000][26480][gc,age       ] GC(551) - age  12:         96 bytes,    3772120 total
[2020-09-11T11:45:25.327+0000][26480][gc,age       ] GC(551) - age  13:         88 bytes,    3772208 total
[2020-09-11T11:45:25.327+0000][26480][gc,age       ] GC(551) - age  14:        296 bytes,    3772504 total
[2020-09-11T11:45:25.327+0000][26480][gc,age       ] GC(551) - age  15:        176 bytes,    3772680 total
[2020-09-11T11:45:25.327+0000][26480][gc,phases    ] GC(551)   Pre Evacuate Collection Set: 0.4ms
[2020-09-11T11:45:25.327+0000][26480][gc,phases    ] GC(551)   Merge Heap Roots: 0.1ms
[2020-09-11T11:45:25.327+0000][26480][gc,phases    ] GC(551)   Evacuate Collection Set: 2.4ms
[2020-09-11T11:45:25.327+0000][26480][gc,phases    ] GC(551)   Post Evacuate Collection Set: 0.7ms
[2020-09-11T11:45:25.327+0000][26480][gc,phases    ] GC(551)   Other: 0.9ms
[2020-09-11T11:45:25.327+0000][26480][gc,heap      ] GC(551) Eden regions: 20->0(502)
[2020-09-11T11:45:25.327+0000][26480][gc,heap      ] GC(551) Survivor regions: 4->4(64)
[2020-09-11T11:45:25.327+0000][26480][gc,heap      ] GC(551) Old regions: 80->80
[2020-09-11T11:45:25.327+0000][26480][gc,heap      ] GC(551) Archive regions: 0->0
[2020-09-11T11:45:25.327+0000][26480][gc,heap      ] GC(551) Humongous regions: 231->174
[2020-09-11T11:45:25.327+0000][26480][gc,metaspace ] GC(551) Metaspace: 89550K(95512K)->89550K(95512K) NonClass: 78240K(81816K)->78240K(81816K) Class: 11310K(13696K)->11310K(13696K)
[2020-09-11T11:45:25.327+0000][26480][gc           ] GC(551) Pause Young (Concurrent Start) (G1 Humongous Allocation) 333M->257M(1024M) 4.739ms
[2020-09-11T11:45:25.328+0000][26480][gc,cpu       ] GC(551) User=0.00s Sys=0.00s Real=0.01s
[2020-09-11T11:45:25.328+0000][26480][gc           ] GC(552) Concurrent Cycle
[2020-09-11T11:45:25.328+0000][26480][safepoint    ] Safepoint "G1TryInitiateConcMark", Time since last: 50259300 ns, Reaching safepoint: 175200 ns, At safepoint: 4940100 ns, Total: 5115300 ns
[2020-09-11T11:45:25.328+0000][26480][gc,marking   ] GC(552) Concurrent Clear Claimed Marks
[2020-09-11T11:45:25.328+0000][26480][gc,marking   ] GC(552) Concurrent Clear Claimed Marks 0.413ms
[2020-09-11T11:45:25.328+0000][26480][gc,marking   ] GC(552) Concurrent Scan Root Regions
[2020-09-11T11:45:25.331+0000][26480][gc,marking   ] GC(552) Concurrent Scan Root Regions 3.184ms
[2020-09-11T11:45:25.331+0000][26480][gc,marking   ] GC(552) Concurrent Mark (7130.466s)
[2020-09-11T11:45:25.331+0000][26480][gc,marking   ] GC(552) Concurrent Mark From Roots
[2020-09-11T11:45:25.332+0000][26480][gc,task      ] GC(552) Using 2 workers of 2 for marking
[2020-09-11T11:45:25.487+0000][26480][gc,marking   ] GC(552) Concurrent Mark From Roots 155.338ms
[2020-09-11T11:45:25.487+0000][26480][gc,marking   ] GC(552) Concurrent Preclean
[2020-09-11T11:45:25.488+0000][26480][gc,marking   ] GC(552) Concurrent Preclean 0.867ms
[2020-09-11T11:45:25.488+0000][26480][gc,marking   ] GC(552) Concurrent Mark (7130.466s, 7130.622s) 156.412ms
[2020-09-11T11:45:25.488+0000][26480][gc,start     ] GC(552) Pause Remark
[2020-09-11T11:45:25.495+0000][26480][gc           ] GC(552) Pause Remark 321M->321M(1024M) 6.716ms
[2020-09-11T11:45:25.495+0000][26480][gc,cpu       ] GC(552) User=0.11s Sys=0.00s Real=0.01s
[2020-09-11T11:45:25.495+0000][26480][safepoint    ] Safepoint "G1Concurrent", Time since last: 160358100 ns, Reaching safepoint: 164300 ns, At safepoint: 6972000 ns, Total: 7136300 ns
[2020-09-11T11:45:25.495+0000][26480][gc,marking   ] GC(552) Concurrent Rebuild Remembered Sets
[2020-09-11T11:45:25.592+0000][26480][gc,marking   ] GC(552) Concurrent Rebuild Remembered Sets 96.917ms
[2020-09-11T11:45:25.592+0000][26480][gc,start     ] GC(552) Pause Cleanup
[2020-09-11T11:45:25.593+0000][26480][gc           ] GC(552) Pause Cleanup 326M->326M(1024M) 0.338ms
[2020-09-11T11:45:25.593+0000][26480][gc,cpu       ] GC(552) User=0.00s Sys=0.00s Real=0.00s
[2020-09-11T11:45:25.593+0000][26480][safepoint    ] Safepoint "G1Concurrent", Time since last: 97109000 ns, Reaching safepoint: 152500 ns, At safepoint: 519400 ns, Total: 671900 ns
[2020-09-11T11:45:25.593+0000][26480][gc,marking   ] GC(552) Concurrent Cleanup for Next Mark
[2020-09-11T11:45:25.595+0000][26480][gc,marking   ] GC(552) Concurrent Cleanup for Next Mark 1.810ms
[2020-09-11T11:45:25.595+0000][26480][gc           ] GC(552) Concurrent Cycle 267.303ms
[2020-09-11T11:45:25.691+0000][26480][gc,start     ] GC(553) Pause Young (Concurrent Start) (G1 Humongous Allocation)
[2020-09-11T11:45:25.691+0000][26480][gc,task      ] GC(553) Using 8 workers of 8 for evacuation
[2020-09-11T11:45:25.692+0000][26480][gc,age       ] GC(553) Desired survivor size 33554432 bytes, new threshold 15 (max threshold 15)
[2020-09-11T11:45:25.695+0000][26480][gc,age       ] GC(553) Age table with threshold 15 (max threshold 15)
[2020-09-11T11:45:25.695+0000][26480][gc,age       ] GC(553) - age   1:    2705688 bytes,    2705688 total
[2020-09-11T11:45:25.695+0000][26480][gc,age       ] GC(553) - age   2:      96952 bytes,    2802640 total
[2020-09-11T11:45:25.695+0000][26480][gc,age       ] GC(553) - age   3:     184464 bytes,    2987104 total
[2020-09-11T11:45:25.695+0000][26480][gc,age       ] GC(553) - age   4:       1384 bytes,    2988488 total
[2020-09-11T11:45:25.695+0000][26480][gc,age       ] GC(553) - age   5:       1344 bytes,    2989832 total
[2020-09-11T11:45:25.695+0000][26480][gc,age       ] GC(553) - age   6:       9784 bytes,    2999616 total
[2020-09-11T11:45:25.695+0000][26480][gc,age       ] GC(553) - age   7:      10080 bytes,    3009696 total
[2020-09-11T11:45:25.695+0000][26480][gc,age       ] GC(553) - age   8:       1872 bytes,    3011568 total
[2020-09-11T11:45:25.695+0000][26480][gc,age       ] GC(553) - age   9:        488 bytes,    3012056 total
[2020-09-11T11:45:25.695+0000][26480][gc,age       ] GC(553) - age  10:       3080 bytes,    3015136 total
[2020-09-11T11:45:25.695+0000][26480][gc,age       ] GC(553) - age  11:       1352 bytes,    3016488 total
[2020-09-11T11:45:25.696+0000][26480][gc,age       ] GC(553) - age  12:        160 bytes,    3016648 total
[2020-09-11T11:45:25.696+0000][26480][gc,age       ] GC(553) - age  13:         32 bytes,    3016680 total
[2020-09-11T11:45:25.696+0000][26480][gc,age       ] GC(553) - age  14:         88 bytes,    3016768 total
[2020-09-11T11:45:25.696+0000][26480][gc,age       ] GC(553) - age  15:        296 bytes,    3017064 total
[2020-09-11T11:45:25.696+0000][26480][gc,phases    ] GC(553)   Pre Evacuate Collection Set: 0.4ms
[2020-09-11T11:45:25.696+0000][26480][gc,phases    ] GC(553)   Merge Heap Roots: 0.1ms
[2020-09-11T11:45:25.696+0000][26480][gc,phases    ] GC(553)   Evacuate Collection Set: 2.1ms
[2020-09-11T11:45:25.696+0000][26480][gc,phases    ] GC(553)   Post Evacuate Collection Set: 0.7ms
[2020-09-11T11:45:25.696+0000][26480][gc,phases    ] GC(553)   Other: 1.1ms
[2020-09-11T11:45:25.696+0000][26480][gc,heap      ] GC(553) Eden regions: 18->0(503)
[2020-09-11T11:45:25.696+0000][26480][gc,heap      ] GC(553) Survivor regions: 4->3(64)
[2020-09-11T11:45:25.696+0000][26480][gc,heap      ] GC(553) Old regions: 80->80
[2020-09-11T11:45:25.696+0000][26480][gc,heap      ] GC(553) Archive regions: 0->0
[2020-09-11T11:45:25.696+0000][26480][gc,heap      ] GC(553) Humongous regions: 231->174
[2020-09-11T11:45:25.696+0000][26480][gc,metaspace ] GC(553) Metaspace: 89556K(95512K)->89556K(95512K) NonClass: 78246K(81816K)->78246K(81816K) Class: 11310K(13696K)->11310K(13696K)
[2020-09-11T11:45:25.696+0000][26480][gc           ] GC(553) Pause Young (Concurrent Start) (G1 Humongous Allocation) 331M->256M(1024M) 4.767ms
[2020-09-11T11:45:25.696+0000][26480][gc,cpu       ] GC(553) User=0.00s Sys=0.00s Real=0.01s
[2020-09-11T11:45:25.696+0000][26480][gc           ] GC(554) Concurrent Cycle
[2020-09-11T11:45:25.696+0000][26480][safepoint    ] Safepoint "G1TryInitiateConcMark", Time since last: 98332000 ns, Reaching safepoint: 170100 ns, At safepoint: 4995100 ns, Total: 5165200 ns
[2020-09-11T11:45:25.696+0000][26480][gc,marking   ] GC(554) Concurrent Clear Claimed Marks
[2020-09-11T11:45:25.697+0000][26480][gc,marking   ] GC(554) Concurrent Clear Claimed Marks 0.578ms
[2020-09-11T11:45:25.697+0000][26480][gc,marking   ] GC(554) Concurrent Scan Root Regions
[2020-09-11T11:45:25.700+0000][26480][gc,marking   ] GC(554) Concurrent Scan Root Regions 2.845ms
[2020-09-11T11:45:25.700+0000][26480][gc,marking   ] GC(554) Concurrent Mark (7130.834s)
[2020-09-11T11:45:25.700+0000][26480][gc,marking   ] GC(554) Concurrent Mark From Roots
[2020-09-11T11:45:25.700+0000][26480][gc,task      ] GC(554) Using 2 workers of 2 for marking
[2020-09-11T11:45:25.863+0000][26480][gc,marking   ] GC(554) Concurrent Mark From Roots 162.695ms
[2020-09-11T11:45:25.863+0000][26480][gc,marking   ] GC(554) Concurrent Preclean
[2020-09-11T11:45:25.864+0000][26480][gc,marking   ] GC(554) Concurrent Preclean 0.827ms
[2020-09-11T11:45:25.864+0000][26480][gc,marking   ] GC(554) Concurrent Mark (7130.834s, 7130.998s) 163.767ms
[2020-09-11T11:45:25.864+0000][26480][gc,start     ] GC(554) Pause Remark
[2020-09-11T11:45:25.871+0000][26480][gc           ] GC(554) Pause Remark 318M->318M(1024M) 7.146ms
[2020-09-11T11:45:25.871+0000][26480][gc,cpu       ] GC(554) User=0.11s Sys=0.00s Real=0.01s
[2020-09-11T11:45:25.871+0000][26480][safepoint    ] Safepoint "G1Concurrent", Time since last: 167569700 ns, Reaching safepoint: 217300 ns, At safepoint: 7419000 ns, Total: 7636300 ns
[2020-09-11T11:45:25.871+0000][26480][gc,marking   ] GC(554) Concurrent Rebuild Remembered Sets
[2020-09-11T11:45:25.967+0000][26480][gc,marking   ] GC(554) Concurrent Rebuild Remembered Sets 95.276ms
[2020-09-11T11:45:25.967+0000][26480][gc,start     ] GC(554) Pause Cleanup
[2020-09-11T11:45:25.967+0000][26480][gc           ] GC(554) Pause Cleanup 388M->388M(1024M) 0.349ms
[2020-09-11T11:45:25.967+0000][26480][gc,cpu       ] GC(554) User=0.00s Sys=0.00s Real=0.00s
[2020-09-11T11:45:25.967+0000][26480][safepoint    ] Safepoint "G1Concurrent", Time since last: 95471300 ns, Reaching safepoint: 169200 ns, At safepoint: 517500 ns, Total: 686700 ns
[2020-09-11T11:45:25.968+0000][26480][gc,marking   ] GC(554) Concurrent Cleanup for Next Mark
[2020-09-11T11:45:25.969+0000][26480][gc,marking   ] GC(554) Concurrent Cleanup for Next Mark 1.640ms
[2020-09-11T11:45:25.969+0000][26480][gc           ] GC(554) Concurrent Cycle 273.175ms
[2020-09-11T11:45:26.131+0000][26480][gc,start     ] GC(555) Pause Young (Concurrent Start) (G1 Humongous Allocation)
[2020-09-11T11:45:26.131+0000][26480][gc,task      ] GC(555) Using 8 workers of 8 for evacuation
[2020-09-11T11:45:26.131+0000][26480][gc,age       ] GC(555) Desired survivor size 33554432 bytes, new threshold 15 (max threshold 15)
[2020-09-11T11:45:26.135+0000][26480][gc,age       ] GC(555) Age table with threshold 15 (max threshold 15)
[2020-09-11T11:45:26.135+0000][26480][gc,age       ] GC(555) - age   1:    1028088 bytes,    1028088 total
[2020-09-11T11:45:26.135+0000][26480][gc,age       ] GC(555) - age   2:      27592 bytes,    1055680 total
[2020-09-11T11:45:26.135+0000][26480][gc,age       ] GC(555) - age   3:      96296 bytes,    1151976 total
[2020-09-11T11:45:26.135+0000][26480][gc,age       ] GC(555) - age   4:     183992 bytes,    1335968 total
[2020-09-11T11:45:26.135+0000][26480][gc,age       ] GC(555) - age   5:       1384 bytes,    1337352 total
[2020-09-11T11:45:26.135+0000][26480][gc,age       ] GC(555) - age   6:        616 bytes,    1337968 total
[2020-09-11T11:45:26.135+0000][26480][gc,age       ] GC(555) - age   7:       9752 bytes,    1347720 total
[2020-09-11T11:45:26.135+0000][26480][gc,age       ] GC(555) - age   8:      10016 bytes,    1357736 total
[2020-09-11T11:45:26.135+0000][26480][gc,age       ] GC(555) - age   9:       1840 bytes,    1359576 total
[2020-09-11T11:45:26.135+0000][26480][gc,age       ] GC(555) - age  10:        464 bytes,    1360040 total
[2020-09-11T11:45:26.135+0000][26480][gc,age       ] GC(555) - age  11:       3080 bytes,    1363120 total
[2020-09-11T11:45:26.135+0000][26480][gc,age       ] GC(555) - age  12:       1288 bytes,    1364408 total
[2020-09-11T11:45:26.135+0000][26480][gc,age       ] GC(555) - age  13:        160 bytes,    1364568 total
[2020-09-11T11:45:26.135+0000][26480][gc,age       ] GC(555) - age  14:         32 bytes,    1364600 total
[2020-09-11T11:45:26.135+0000][26480][gc,age       ] GC(555) - age  15:         88 bytes,    1364688 total
[2020-09-11T11:45:26.135+0000][26480][gc,phases    ] GC(555)   Pre Evacuate Collection Set: 0.5ms
[2020-09-11T11:45:26.135+0000][26480][gc,phases    ] GC(555)   Merge Heap Roots: 0.1ms
[2020-09-11T11:45:26.135+0000][26480][gc,phases    ] GC(555)   Evacuate Collection Set: 2.2ms
[2020-09-11T11:45:26.135+0000][26480][gc,phases    ] GC(555)   Post Evacuate Collection Set: 0.7ms
[2020-09-11T11:45:26.135+0000][26480][gc,phases    ] GC(555)   Other: 0.9ms
[2020-09-11T11:45:26.135+0000][26480][gc,heap      ] GC(555) Eden regions: 35->0(505)
[2020-09-11T11:45:26.135+0000][26480][gc,heap      ] GC(555) Survivor regions: 3->2(64)
[2020-09-11T11:45:26.135+0000][26480][gc,heap      ] GC(555) Old regions: 80->80
[2020-09-11T11:45:26.136+0000][26480][gc,heap      ] GC(555) Archive regions: 0->0
[2020-09-11T11:45:26.136+0000][26480][gc,heap      ] GC(555) Humongous regions: 278->174
[2020-09-11T11:45:26.136+0000][26480][gc,metaspace ] GC(555) Metaspace: 89556K(95512K)->89556K(95512K) NonClass: 78246K(81816K)->78246K(81816K) Class: 11310K(13696K)->11310K(13696K)
[2020-09-11T11:45:26.136+0000][26480][gc           ] GC(555) Pause Young (Concurrent Start) (G1 Humongous Allocation) 395M->254M(1024M) 4.737ms
[2020-09-11T11:45:26.136+0000][26480][gc,cpu       ] GC(555) User=0.02s Sys=0.00s Real=0.00s
[2020-09-11T11:45:26.136+0000][26480][gc           ] GC(556) Concurrent Cycle
[2020-09-11T11:45:26.136+0000][26480][safepoint    ] Safepoint "G1TryInitiateConcMark", Time since last: 163221300 ns, Reaching safepoint: 157800 ns, At safepoint: 4915200 ns, Total: 5073000 ns
[2020-09-11T11:45:26.136+0000][26480][gc,marking   ] GC(556) Concurrent Clear Claimed Marks
[2020-09-11T11:45:26.136+0000][26480][gc,marking   ] GC(556) Concurrent Clear Claimed Marks 0.454ms
[2020-09-11T11:45:26.136+0000][26480][gc,marking   ] GC(556) Concurrent Scan Root Regions
[2020-09-11T11:45:26.138+0000][26480][gc,marking   ] GC(556) Concurrent Scan Root Regions 1.947ms
[2020-09-11T11:45:26.138+0000][26480][gc,marking   ] GC(556) Concurrent Mark (7131.273s)
[2020-09-11T11:45:26.138+0000][26480][gc,marking   ] GC(556) Concurrent Mark From Roots
[2020-09-11T11:45:26.138+0000][26480][gc,task      ] GC(556) Using 2 workers of 2 for marking
[2020-09-11T11:45:26.295+0000][26480][gc,marking   ] GC(556) Concurrent Mark From Roots 156.358ms
[2020-09-11T11:45:26.295+0000][26480][gc,marking   ] GC(556) Concurrent Preclean
[2020-09-11T11:45:26.295+0000][26480][gc,marking   ] GC(556) Concurrent Preclean 0.483ms
[2020-09-11T11:45:26.295+0000][26480][gc,marking   ] GC(556) Concurrent Mark (7131.273s, 7131.430s) 156.977ms
[2020-09-11T11:45:26.296+0000][26480][gc,start     ] GC(556) Pause Remark
[2020-09-11T11:45:26.302+0000][26480][gc           ] GC(556) Pause Remark 270M->270M(1024M) 6.624ms
[2020-09-11T11:45:26.302+0000][26480][gc,cpu       ] GC(556) User=0.00s Sys=0.00s Real=0.01s
[2020-09-11T11:45:26.302+0000][26480][safepoint    ] Safepoint "G1Concurrent", Time since last: 159624100 ns, Reaching safepoint: 179600 ns, At safepoint: 6842200 ns, Total: 7021800 ns
[2020-09-11T11:45:26.302+0000][26480][gc,marking   ] GC(556) Concurrent Rebuild Remembered Sets
[2020-09-11T11:45:26.398+0000][26480][gc,marking   ] GC(556) Concurrent Rebuild Remembered Sets 95.978ms
[2020-09-11T11:45:26.399+0000][26480][gc,start     ] GC(556) Pause Cleanup
[2020-09-11T11:45:26.399+0000][26480][gc           ] GC(556) Pause Cleanup 288M->288M(1024M) 0.404ms
[2020-09-11T11:45:26.399+0000][26480][gc,cpu       ] GC(556) User=0.00s Sys=0.00s Real=0.00s
[2020-09-11T11:45:26.399+0000][26480][safepoint    ] Safepoint "G1Concurrent", Time since last: 96191000 ns, Reaching safepoint: 201300 ns, At safepoint: 556100 ns, Total: 757400 ns
[2020-09-11T11:45:26.399+0000][26480][gc,marking   ] GC(556) Concurrent Cleanup for Next Mark
[2020-09-11T11:45:26.402+0000][26480][gc,marking   ] GC(556) Concurrent Cleanup for Next Mark 2.159ms
[2020-09-11T11:45:26.402+0000][26480][gc           ] GC(556) Concurrent Cycle 265.981ms
[2020-09-11T11:45:26.536+0000][26480][gc,start     ] GC(557) Pause Young (Concurrent Start) (G1 Humongous Allocation)
[2020-09-11T11:45:26.536+0000][26480][gc,task      ] GC(557) Using 8 workers of 8 for evacuation
[2020-09-11T11:45:26.537+0000][26480][gc,age       ] GC(557) Desired survivor size 33554432 bytes, new threshold 15 (max threshold 15)
[2020-09-11T11:45:26.541+0000][26480][gc,age       ] GC(557) Age table with threshold 15 (max threshold 15)
[2020-09-11T11:45:26.541+0000][26480][gc,age       ] GC(557) - age   1:    1912248 bytes,    1912248 total
[2020-09-11T11:45:26.541+0000][26480][gc,age       ] GC(557) - age   2:     404744 bytes,    2316992 total
[2020-09-11T11:45:26.541+0000][26480][gc,age       ] GC(557) - age   3:      26832 bytes,    2343824 total
[2020-09-11T11:45:26.541+0000][26480][gc,age       ] GC(557) - age   4:      95416 bytes,    2439240 total
[2020-09-11T11:45:26.541+0000][26480][gc,age       ] GC(557) - age   5:     183992 bytes,    2623232 total
[2020-09-11T11:45:26.541+0000][26480][gc,age       ] GC(557) - age   6:       1192 bytes,    2624424 total
[2020-09-11T11:45:26.541+0000][26480][gc,age       ] GC(557) - age   7:        392 bytes,    2624816 total
[2020-09-11T11:45:26.541+0000][26480][gc,age       ] GC(557) - age   8:       6968 bytes,    2631784 total
[2020-09-11T11:45:26.541+0000][26480][gc,age       ] GC(557) - age   9:      10016 bytes,    2641800 total
[2020-09-11T11:45:26.541+0000][26480][gc,age       ] GC(557) - age  10:       1552 bytes,    2643352 total
[2020-09-11T11:45:26.541+0000][26480][gc,age       ] GC(557) - age  11:        392 bytes,    2643744 total
[2020-09-11T11:45:26.541+0000][26480][gc,age       ] GC(557) - age  12:       3064 bytes,    2646808 total
[2020-09-11T11:45:26.541+0000][26480][gc,age       ] GC(557) - age  13:        928 bytes,    2647736 total
[2020-09-11T11:45:26.541+0000][26480][gc,age       ] GC(557) - age  14:        160 bytes,    2647896 total
[2020-09-11T11:45:26.541+0000][26480][gc,age       ] GC(557) - age  15:         32 bytes,    2647928 total
[2020-09-11T11:45:26.541+0000][26480][gc,phases    ] GC(557)   Pre Evacuate Collection Set: 0.5ms
[2020-09-11T11:45:26.541+0000][26480][gc,phases    ] GC(557)   Merge Heap Roots: 0.1ms
[2020-09-11T11:45:26.541+0000][26480][gc,phases    ] GC(557)   Evacuate Collection Set: 2.9ms
[2020-09-11T11:45:26.541+0000][26480][gc,phases    ] GC(557)   Post Evacuate Collection Set: 0.6ms
[2020-09-11T11:45:26.542+0000][26480][gc,phases    ] GC(557)   Other: 1.0ms
[2020-09-11T11:45:26.542+0000][26480][gc,heap      ] GC(557) Eden regions: 24->0(504)
[2020-09-11T11:45:26.542+0000][26480][gc,heap      ] GC(557) Survivor regions: 2->3(64)
[2020-09-11T11:45:26.542+0000][26480][gc,heap      ] GC(557) Old regions: 80->80
[2020-09-11T11:45:26.542+0000][26480][gc,heap      ] GC(557) Archive regions: 0->0
[2020-09-11T11:45:26.542+0000][26480][gc,heap      ] GC(557) Humongous regions: 227->174
[2020-09-11T11:45:26.542+0000][26480][gc,metaspace ] GC(557) Metaspace: 89556K(95512K)->89556K(95512K) NonClass: 78246K(81816K)->78246K(81816K) Class: 11310K(13696K)->11310K(13696K)
[2020-09-11T11:45:26.542+0000][26480][gc           ] GC(557) Pause Young (Concurrent Start) (G1 Humongous Allocation) 331M->256M(1024M) 5.478ms
[2020-09-11T11:45:26.542+0000][26480][gc,cpu       ] GC(557) User=0.02s Sys=0.00s Real=0.01s
[2020-09-11T11:45:26.542+0000][26480][safepoint    ] Safepoint "G1TryInitiateConcMark", Time since last: 136718300 ns, Reaching safepoint: 208300 ns, At safepoint: 5705300 ns, Total: 5913600 ns
[2020-09-11T11:45:26.542+0000][26480][gc           ] GC(558) Concurrent Cycle
[2020-09-11T11:45:26.542+0000][26480][gc,marking   ] GC(558) Concurrent Clear Claimed Marks
[2020-09-11T11:45:26.543+0000][26480][gc,marking   ] GC(558) Concurrent Clear Claimed Marks 0.731ms
[2020-09-11T11:45:26.543+0000][26480][gc,marking   ] GC(558) Concurrent Scan Root Regions
[2020-09-11T11:45:26.546+0000][26480][gc,marking   ] GC(558) Concurrent Scan Root Regions 3.262ms
[2020-09-11T11:45:26.546+0000][26480][gc,marking   ] GC(558) Concurrent Mark (7131.681s)
[2020-09-11T11:45:26.546+0000][26480][gc,marking   ] GC(558) Concurrent Mark From Roots
[2020-09-11T11:45:26.546+0000][26480][gc,task      ] GC(558) Using 2 workers of 2 for marking
[2020-09-11T11:45:26.712+0000][26480][gc,marking   ] GC(558) Concurrent Mark From Roots 165.707ms
[2020-09-11T11:45:26.712+0000][26480][gc,marking   ] GC(558) Concurrent Preclean
[2020-09-11T11:45:26.713+0000][26480][gc,marking   ] GC(558) Concurrent Preclean 0.861ms
[2020-09-11T11:45:26.713+0000][26480][gc,marking   ] GC(558) Concurrent Mark (7131.681s, 7131.847s) 166.790ms
[2020-09-11T11:45:26.713+0000][26480][gc,start     ] GC(558) Pause Remark
[2020-09-11T11:45:26.721+0000][26480][gc           ] GC(558) Pause Remark 287M->287M(1024M) 7.425ms
[2020-09-11T11:45:26.721+0000][26480][gc,cpu       ] GC(558) User=0.09s Sys=0.00s Real=0.01s
[2020-09-11T11:45:26.721+0000][26480][safepoint    ] Safepoint "G1Concurrent", Time since last: 171201700 ns, Reaching safepoint: 170900 ns, At safepoint: 7681400 ns, Total: 7852300 ns
[2020-09-11T11:45:26.721+0000][26480][gc,marking   ] GC(558) Concurrent Rebuild Remembered Sets
[2020-09-11T11:45:26.825+0000][26480][gc,marking   ] GC(558) Concurrent Rebuild Remembered Sets 104.014ms
[2020-09-11T11:45:26.834+0000][26480][gc,start     ] GC(558) Pause Cleanup
[2020-09-11T11:45:26.834+0000][26480][gc           ] GC(558) Pause Cleanup 288M->288M(1024M) 0.459ms
[2020-09-11T11:45:26.834+0000][26480][gc,cpu       ] GC(558) User=0.00s Sys=0.00s Real=0.00s
[2020-09-11T11:45:26.835+0000][26480][safepoint    ] Safepoint "G1Concurrent", Time since last: 104236000 ns, Reaching safepoint: 8478100 ns, At safepoint: 808300 ns, Total: 9286400 ns
[2020-09-11T11:45:26.835+0000][26480][gc,marking   ] GC(558) Concurrent Cleanup for Next Mark
[2020-09-11T11:45:26.836+0000][26480][gc,marking   ] GC(558) Concurrent Cleanup for Next Mark 2.190ms
[2020-09-11T11:45:26.836+0000][26480][gc           ] GC(558) Concurrent Cycle 294.993ms
[2020-09-11T11:45:26.921+0000][26480][gc,start     ] GC(559) Pause Young (Concurrent Start) (G1 Humongous Allocation)
[2020-09-11T11:45:26.922+0000][26480][gc,task      ] GC(559) Using 8 workers of 8 for evacuation
[2020-09-11T11:45:26.922+0000][26480][gc,age       ] GC(559) Desired survivor size 33554432 bytes, new threshold 15 (max threshold 15)
[2020-09-11T11:45:26.925+0000][26480][gc,age       ] GC(559) Age table with threshold 15 (max threshold 15)
[2020-09-11T11:45:26.926+0000][26480][gc,age       ] GC(559) - age   1:    2046040 bytes,    2046040 total
[2020-09-11T11:45:26.926+0000][26480][gc,age       ] GC(559) - age   2:     106520 bytes,    2152560 total
[2020-09-11T11:45:26.926+0000][26480][gc,age       ] GC(559) - age   3:     403960 bytes,    2556520 total
[2020-09-11T11:45:26.926+0000][26480][gc,age       ] GC(559) - age   4:      26456 bytes,    2582976 total
[2020-09-11T11:45:26.926+0000][26480][gc,age       ] GC(559) - age   5:      95216 bytes,    2678192 total
[2020-09-11T11:45:26.926+0000][26480][gc,age       ] GC(559) - age   6:     183992 bytes,    2862184 total
[2020-09-11T11:45:26.926+0000][26480][gc,age       ] GC(559) - age   7:       1064 bytes,    2863248 total
[2020-09-11T11:45:26.926+0000][26480][gc,age       ] GC(559) - age   8:        360 bytes,    2863608 total
[2020-09-11T11:45:26.926+0000][26480][gc,age       ] GC(559) - age   9:       6952 bytes,    2870560 total
[2020-09-11T11:45:26.926+0000][26480][gc,age       ] GC(559) - age  10:      10016 bytes,    2880576 total
[2020-09-11T11:45:26.926+0000][26480][gc,age       ] GC(559) - age  11:       1192 bytes,    2881768 total
[2020-09-11T11:45:26.926+0000][26480][gc,age       ] GC(559) - age  12:        392 bytes,    2882160 total
[2020-09-11T11:45:26.926+0000][26480][gc,age       ] GC(559) - age  13:        768 bytes,    2882928 total
[2020-09-11T11:45:26.926+0000][26480][gc,age       ] GC(559) - age  14:        928 bytes,    2883856 total
[2020-09-11T11:45:26.926+0000][26480][gc,age       ] GC(559) - age  15:        160 bytes,    2884016 total
[2020-09-11T11:45:26.926+0000][26480][gc,phases    ] GC(559)   Pre Evacuate Collection Set: 0.6ms
[2020-09-11T11:45:26.926+0000][26480][gc,phases    ] GC(559)   Merge Heap Roots: 0.1ms
[2020-09-11T11:45:26.926+0000][26480][gc,phases    ] GC(559)   Evacuate Collection Set: 2.3ms
[2020-09-11T11:45:26.926+0000][26480][gc,phases    ] GC(559)   Post Evacuate Collection Set: 0.7ms
[2020-09-11T11:45:26.926+0000][26480][gc,phases    ] GC(559)   Other: 1.1ms
[2020-09-11T11:45:26.926+0000][26480][gc,heap      ] GC(559) Eden regions: 17->0(505)
[2020-09-11T11:45:26.926+0000][26480][gc,heap      ] GC(559) Survivor regions: 3->3(64)
[2020-09-11T11:45:26.926+0000][26480][gc,heap      ] GC(559) Old regions: 80->80
[2020-09-11T11:45:26.926+0000][26480][gc,heap      ] GC(559) Archive regions: 0->0
[2020-09-11T11:45:26.926+0000][26480][gc,heap      ] GC(559) Humongous regions: 227->174
[2020-09-11T11:45:26.927+0000][26480][gc,metaspace ] GC(559) Metaspace: 89556K(95512K)->89556K(95512K) NonClass: 78246K(81816K)->78246K(81816K) Class: 11310K(13696K)->11310K(13696K)
[2020-09-11T11:45:26.927+0000][26480][gc           ] GC(559) Pause Young (Concurrent Start) (G1 Humongous Allocation) 325M->256M(1024M) 5.115ms
[2020-09-11T11:45:26.927+0000][26480][gc,cpu       ] GC(559) User=0.00s Sys=0.00s Real=0.01s
[2020-09-11T11:45:26.927+0000][26480][gc           ] GC(560) Concurrent Cycle
[2020-09-11T11:45:26.927+0000][26480][safepoint    ] Safepoint "G1TryInitiateConcMark", Time since last: 87241000 ns, Reaching safepoint: 212800 ns, At safepoint: 5311500 ns, Total: 5524300 ns
[2020-09-11T11:45:26.927+0000][26480][gc,marking   ] GC(560) Concurrent Clear Claimed Marks
[2020-09-11T11:45:26.927+0000][26480][gc,marking   ] GC(560) Concurrent Clear Claimed Marks 0.463ms
[2020-09-11T11:45:26.927+0000][26480][gc,marking   ] GC(560) Concurrent Scan Root Regions
[2020-09-11T11:45:26.931+0000][26480][gc,marking   ] GC(560) Concurrent Scan Root Regions 3.181ms
[2020-09-11T11:45:26.931+0000][26480][gc,marking   ] GC(560) Concurrent Mark (7132.066s)
[2020-09-11T11:45:26.931+0000][26480][gc,marking   ] GC(560) Concurrent Mark From Roots
[2020-09-11T11:45:26.931+0000][26480][gc,task      ] GC(560) Using 2 workers of 2 for marking
[2020-09-11T11:45:27.104+0000][26480][gc,marking   ] GC(560) Concurrent Mark From Roots 171.891ms
[2020-09-11T11:45:27.104+0000][26480][gc,marking   ] GC(560) Concurrent Preclean
[2020-09-11T11:45:27.105+0000][26480][gc,marking   ] GC(560) Concurrent Preclean 1.027ms
[2020-09-11T11:45:27.105+0000][26480][gc,marking   ] GC(560) Concurrent Mark (7132.066s, 7132.239s) 173.185ms
[2020-09-11T11:45:27.105+0000][26480][gc,start     ] GC(560) Pause Remark
[2020-09-11T11:45:27.112+0000][26480][gc           ] GC(560) Pause Remark 292M->292M(1024M) 6.745ms
[2020-09-11T11:45:27.112+0000][26480][gc,cpu       ] GC(560) User=0.00s Sys=0.00s Real=0.01s
[2020-09-11T11:45:27.112+0000][26480][safepoint    ] Safepoint "G1Concurrent", Time since last: 177186500 ns, Reaching safepoint: 255100 ns, At safepoint: 7038200 ns, Total: 7293300 ns
[2020-09-11T11:45:27.112+0000][26480][gc,marking   ] GC(560) Concurrent Rebuild Remembered Sets
[2020-09-11T11:45:27.211+0000][26480][gc,marking   ] GC(560) Concurrent Rebuild Remembered Sets 99.851ms
[2020-09-11T11:45:27.212+0000][26480][gc,start     ] GC(560) Pause Cleanup
[2020-09-11T11:45:27.212+0000][26480][gc           ] GC(560) Pause Cleanup 299M->299M(1024M) 0.489ms
[2020-09-11T11:45:27.212+0000][26480][gc,cpu       ] GC(560) User=0.00s Sys=0.00s Real=0.00s
[2020-09-11T11:45:27.213+0000][26480][safepoint    ] Safepoint "G1Concurrent", Time since last: 100068000 ns, Reaching safepoint: 163700 ns, At safepoint: 788800 ns, Total: 952500 ns
[2020-09-11T11:45:27.213+0000][26480][gc,marking   ] GC(560) Concurrent Cleanup for Next Mark
[2020-09-11T11:45:27.215+0000][26480][gc,marking   ] GC(560) Concurrent Cleanup for Next Mark 2.094ms
[2020-09-11T11:45:27.215+0000][26480][gc           ] GC(560) Concurrent Cycle 287.874ms
[2020-09-11T11:45:27.962+0000][26480][gc,start     ] GC(561) Pause Young (Concurrent Start) (G1 Humongous Allocation)
[2020-09-11T11:45:27.962+0000][26480][gc,task      ] GC(561) Using 8 workers of 8 for evacuation
[2020-09-11T11:45:27.962+0000][26480][gc,age       ] GC(561) Desired survivor size 33554432 bytes, new threshold 15 (max threshold 15)
[2020-09-11T11:45:27.966+0000][26480][gc,age       ] GC(561) Age table with threshold 15 (max threshold 15)
[2020-09-11T11:45:27.966+0000][26480][gc,age       ] GC(561) - age   1:    2121552 bytes,    2121552 total
[2020-09-11T11:45:27.966+0000][26480][gc,age       ] GC(561) - age   2:        736 bytes,    2122288 total
[2020-09-11T11:45:27.966+0000][26480][gc,age       ] GC(561) - age   3:       1800 bytes,    2124088 total
[2020-09-11T11:45:27.966+0000][26480][gc,age       ] GC(561) - age   4:       1592 bytes,    2125680 total
[2020-09-11T11:45:27.966+0000][26480][gc,age       ] GC(561) - age   5:      24632 bytes,    2150312 total
[2020-09-11T11:45:27.966+0000][26480][gc,age       ] GC(561) - age   6:      93776 bytes,    2244088 total
[2020-09-11T11:45:27.966+0000][26480][gc,age       ] GC(561) - age   7:      93968 bytes,    2338056 total
[2020-09-11T11:45:27.966+0000][26480][gc,age       ] GC(561) - age   8:        904 bytes,    2338960 total
[2020-09-11T11:45:27.966+0000][26480][gc,age       ] GC(561) - age   9:        328 bytes,    2339288 total
[2020-09-11T11:45:27.966+0000][26480][gc,age       ] GC(561) - age  10:       4672 bytes,    2343960 total
[2020-09-11T11:45:27.966+0000][26480][gc,age       ] GC(561) - age  11:       9952 bytes,    2353912 total
[2020-09-11T11:45:27.966+0000][26480][gc,age       ] GC(561) - age  12:       1096 bytes,    2355008 total
[2020-09-11T11:45:27.966+0000][26480][gc,age       ] GC(561) - age  13:        392 bytes,    2355400 total
[2020-09-11T11:45:27.966+0000][26480][gc,age       ] GC(561) - age  14:        768 bytes,    2356168 total
[2020-09-11T11:45:27.966+0000][26480][gc,age       ] GC(561) - age  15:        928 bytes,    2357096 total
[2020-09-11T11:45:27.966+0000][26480][gc,phases    ] GC(561)   Pre Evacuate Collection Set: 0.5ms
[2020-09-11T11:45:27.966+0000][26480][gc,phases    ] GC(561)   Merge Heap Roots: 0.1ms
[2020-09-11T11:45:27.966+0000][26480][gc,phases    ] GC(561)   Evacuate Collection Set: 2.4ms
[2020-09-11T11:45:27.967+0000][26480][gc,phases    ] GC(561)   Post Evacuate Collection Set: 0.6ms
[2020-09-11T11:45:27.967+0000][26480][gc,phases    ] GC(561)   Other: 0.8ms
[2020-09-11T11:45:27.967+0000][26480][gc,heap      ] GC(561) Eden regions: 43->0(505)
[2020-09-11T11:45:27.967+0000][26480][gc,heap      ] GC(561) Survivor regions: 3->3(64)
[2020-09-11T11:45:27.967+0000][26480][gc,heap      ] GC(561) Old regions: 80->80
[2020-09-11T11:45:27.967+0000][26480][gc,heap      ] GC(561) Archive regions: 0->0
[2020-09-11T11:45:27.967+0000][26480][gc,heap      ] GC(561) Humongous regions: 227->174
[2020-09-11T11:45:27.967+0000][26480][gc,metaspace ] GC(561) Metaspace: 89676K(95640K)->89676K(95640K) NonClass: 78354K(81816K)->78354K(81816K) Class: 11322K(13824K)->11322K(13824K)
[2020-09-11T11:45:27.967+0000][26480][gc           ] GC(561) Pause Young (Concurrent Start) (G1 Humongous Allocation) 351M->255M(1024M) 4.637ms
[2020-09-11T11:45:27.967+0000][26480][gc,cpu       ] GC(561) User=0.02s Sys=0.00s Real=0.01s
[2020-09-11T11:45:27.967+0000][26480][safepoint    ] Safepoint "G1TryInitiateConcMark", Time since last: 749529400 ns, Reaching safepoint: 286500 ns, At safepoint: 4806700 ns, Total: 5093200 ns
[2020-09-11T11:45:27.967+0000][26480][gc           ] GC(562) Concurrent Cycle
[2020-09-11T11:45:27.967+0000][26480][gc,marking   ] GC(562) Concurrent Clear Claimed Marks
[2020-09-11T11:45:27.967+0000][26480][gc,marking   ] GC(562) Concurrent Clear Claimed Marks 0.347ms
[2020-09-11T11:45:27.967+0000][26480][gc,marking   ] GC(562) Concurrent Scan Root Regions
[2020-09-11T11:45:27.969+0000][26480][gc,marking   ] GC(562) Concurrent Scan Root Regions 2.069ms
[2020-09-11T11:45:27.969+0000][26480][gc,marking   ] GC(562) Concurrent Mark (7133.104s)
[2020-09-11T11:45:27.969+0000][26480][gc,marking   ] GC(562) Concurrent Mark From Roots
[2020-09-11T11:45:27.970+0000][26480][gc,task      ] GC(562) Using 2 workers of 2 for marking
[2020-09-11T11:45:28.082+0000][26480][gc,marking   ] GC(562) Concurrent Mark From Roots 112.676ms
[2020-09-11T11:45:28.082+0000][26480][gc,marking   ] GC(562) Concurrent Preclean
[2020-09-11T11:45:28.083+0000][26480][gc,marking   ] GC(562) Concurrent Preclean 0.565ms
[2020-09-11T11:45:28.083+0000][26480][gc,marking   ] GC(562) Concurrent Mark (7133.104s, 7133.218s) 113.376ms
[2020-09-11T11:45:28.083+0000][26480][gc,start     ] GC(562) Pause Remark
[2020-09-11T11:45:28.090+0000][26480][gc           ] GC(562) Pause Remark 291M->291M(1024M) 6.523ms
[2020-09-11T11:45:28.090+0000][26480][gc,cpu       ] GC(562) User=0.11s Sys=0.00s Real=0.01s
[2020-09-11T11:45:28.090+0000][26480][safepoint    ] Safepoint "G1Concurrent", Time since last: 116057400 ns, Reaching safepoint: 174300 ns, At safepoint: 6772400 ns, Total: 6946700 ns
[2020-09-11T11:45:28.090+0000][26480][gc,marking   ] GC(562) Concurrent Rebuild Remembered Sets
[2020-09-11T11:45:28.173+0000][26480][gc,marking   ] GC(562) Concurrent Rebuild Remembered Sets 82.814ms
[2020-09-11T11:45:28.173+0000][26480][gc,start     ] GC(562) Pause Cleanup
[2020-09-11T11:45:28.173+0000][26480][gc           ] GC(562) Pause Cleanup 362M->362M(1024M) 0.256ms
[2020-09-11T11:45:28.173+0000][26480][gc,cpu       ] GC(562) User=0.00s Sys=0.00s Real=0.00s
[2020-09-11T11:45:28.173+0000][26480][safepoint    ] Safepoint "G1Concurrent", Time since last: 82985300 ns, Reaching safepoint: 128600 ns, At safepoint: 364600 ns, Total: 493200 ns
[2020-09-11T11:45:28.173+0000][26480][gc,marking   ] GC(562) Concurrent Cleanup for Next Mark
[2020-09-11T11:45:28.176+0000][26480][gc,marking   ] GC(562) Concurrent Cleanup for Next Mark 1.494ms
[2020-09-11T11:45:28.176+0000][26480][gc           ] GC(562) Concurrent Cycle 208.110ms
[2020-09-11T11:45:28.300+0000][26480][gc,start     ] GC(563) Pause Young (Concurrent Start) (G1 Humongous Allocation)
[2020-09-11T11:45:28.300+0000][26480][gc,task      ] GC(563) Using 8 workers of 8 for evacuation
[2020-09-11T11:45:28.300+0000][26480][gc,age       ] GC(563) Desired survivor size 33554432 bytes, new threshold 15 (max threshold 15)
[2020-09-11T11:45:28.304+0000][26480][gc,age       ] GC(563) Age table with threshold 15 (max threshold 15)
[2020-09-11T11:45:28.304+0000][26480][gc,age       ] GC(563) - age   1:    1028608 bytes,    1028608 total
[2020-09-11T11:45:28.304+0000][26480][gc,age       ] GC(563) - age   2:     150984 bytes,    1179592 total
[2020-09-11T11:45:28.304+0000][26480][gc,age       ] GC(563) - age   3:        608 bytes,    1180200 total
[2020-09-11T11:45:28.304+0000][26480][gc,age       ] GC(563) - age   4:       1800 bytes,    1182000 total
[2020-09-11T11:45:28.304+0000][26480][gc,age       ] GC(563) - age   5:        896 bytes,    1182896 total
[2020-09-11T11:45:28.304+0000][26480][gc,age       ] GC(563) - age   6:      24560 bytes,    1207456 total
[2020-09-11T11:45:28.304+0000][26480][gc,age       ] GC(563) - age   7:      93776 bytes,    1301232 total
[2020-09-11T11:45:28.304+0000][26480][gc,age       ] GC(563) - age   8:      93904 bytes,    1395136 total
[2020-09-11T11:45:28.304+0000][26480][gc,age       ] GC(563) - age   9:        800 bytes,    1395936 total
[2020-09-11T11:45:28.304+0000][26480][gc,age       ] GC(563) - age  10:        328 bytes,    1396264 total
[2020-09-11T11:45:28.304+0000][26480][gc,age       ] GC(563) - age  11:       4384 bytes,    1400648 total
[2020-09-11T11:45:28.304+0000][26480][gc,age       ] GC(563) - age  12:       9904 bytes,    1410552 total
[2020-09-11T11:45:28.304+0000][26480][gc,age       ] GC(563) - age  13:       1096 bytes,    1411648 total
[2020-09-11T11:45:28.304+0000][26480][gc,age       ] GC(563) - age  14:        392 bytes,    1412040 total
[2020-09-11T11:45:28.304+0000][26480][gc,age       ] GC(563) - age  15:        768 bytes,    1412808 total
[2020-09-11T11:45:28.304+0000][26480][gc,phases    ] GC(563)   Pre Evacuate Collection Set: 0.4ms
[2020-09-11T11:45:28.304+0000][26480][gc,phases    ] GC(563)   Merge Heap Roots: 0.1ms
[2020-09-11T11:45:28.304+0000][26480][gc,phases    ] GC(563)   Evacuate Collection Set: 2.2ms
[2020-09-11T11:45:28.304+0000][26480][gc,phases    ] GC(563)   Post Evacuate Collection Set: 0.8ms
[2020-09-11T11:45:28.304+0000][26480][gc,phases    ] GC(563)   Other: 1.0ms
[2020-09-11T11:45:28.304+0000][26480][gc,heap      ] GC(563) Eden regions: 35->0(506)
[2020-09-11T11:45:28.304+0000][26480][gc,heap      ] GC(563) Survivor regions: 3->2(64)
[2020-09-11T11:45:28.305+0000][26480][gc,heap      ] GC(563) Old regions: 80->80
[2020-09-11T11:45:28.305+0000][26480][gc,heap      ] GC(563) Archive regions: 0->0
[2020-09-11T11:45:28.305+0000][26480][gc,heap      ] GC(563) Humongous regions: 253->174
[2020-09-11T11:45:28.305+0000][26480][gc,metaspace ] GC(563) Metaspace: 89676K(95640K)->89676K(95640K) NonClass: 78354K(81816K)->78354K(81816K) Class: 11322K(13824K)->11322K(13824K)
[2020-09-11T11:45:28.305+0000][26480][gc           ] GC(563) Pause Young (Concurrent Start) (G1 Humongous Allocation) 369M->254M(1024M) 4.880ms
[2020-09-11T11:45:28.305+0000][26480][gc,cpu       ] GC(563) User=0.00s Sys=0.00s Real=0.01s
[2020-09-11T11:45:28.305+0000][26480][gc           ] GC(564) Concurrent Cycle
[2020-09-11T11:45:28.305+0000][26480][safepoint    ] Safepoint "G1TryInitiateConcMark", Time since last: 126269500 ns, Reaching safepoint: 160300 ns, At safepoint: 5064200 ns, Total: 5224500 ns
[2020-09-11T11:45:28.305+0000][26480][gc,marking   ] GC(564) Concurrent Clear Claimed Marks
[2020-09-11T11:45:28.306+0000][26480][gc,marking   ] GC(564) Concurrent Clear Claimed Marks 0.994ms
[2020-09-11T11:45:28.306+0000][26480][gc,marking   ] GC(564) Concurrent Scan Root Regions
[2020-09-11T11:45:28.308+0000][26480][gc,marking   ] GC(564) Concurrent Scan Root Regions 1.788ms
[2020-09-11T11:45:28.308+0000][26480][gc,marking   ] GC(564) Concurrent Mark (7133.443s)
[2020-09-11T11:45:28.308+0000][26480][gc,marking   ] GC(564) Concurrent Mark From Roots
[2020-09-11T11:45:28.308+0000][26480][gc,task      ] GC(564) Using 2 workers of 2 for marking
[2020-09-11T11:45:28.455+0000][26480][gc,marking   ] GC(564) Concurrent Mark From Roots 147.597ms
[2020-09-11T11:45:28.456+0000][26480][gc,marking   ] GC(564) Concurrent Preclean
[2020-09-11T11:45:28.456+0000][26480][gc,marking   ] GC(564) Concurrent Preclean 0.773ms
[2020-09-11T11:45:28.456+0000][26480][gc,marking   ] GC(564) Concurrent Mark (7133.443s, 7133.591s) 148.589ms
[2020-09-11T11:45:28.457+0000][26480][gc,start     ] GC(564) Pause Remark
[2020-09-11T11:45:28.464+0000][26480][gc           ] GC(564) Pause Remark 269M->269M(1024M) 7.319ms
[2020-09-11T11:45:28.464+0000][26480][gc,cpu       ] GC(564) User=0.09s Sys=0.00s Real=0.01s
[2020-09-11T11:45:28.464+0000][26480][safepoint    ] Safepoint "G1Concurrent", Time since last: 151666700 ns, Reaching safepoint: 157600 ns, At safepoint: 7585100 ns, Total: 7742700 ns
[2020-09-11T11:45:28.464+0000][26480][gc,marking   ] GC(564) Concurrent Rebuild Remembered Sets
[2020-09-11T11:45:28.558+0000][26480][gc,marking   ] GC(564) Concurrent Rebuild Remembered Sets 93.508ms
[2020-09-11T11:45:28.558+0000][26480][gc,start     ] GC(564) Pause Cleanup
[2020-09-11T11:45:28.558+0000][26480][gc           ] GC(564) Pause Cleanup 288M->288M(1024M) 0.312ms
[2020-09-11T11:45:28.559+0000][26480][gc,cpu       ] GC(564) User=0.00s Sys=0.00s Real=0.00s
[2020-09-11T11:45:28.559+0000][26480][safepoint    ] Safepoint "G1Concurrent", Time since last: 93705100 ns, Reaching safepoint: 165900 ns, At safepoint: 504200 ns, Total: 670100 ns
[2020-09-11T11:45:28.559+0000][26480][gc,marking   ] GC(564) Concurrent Cleanup for Next Mark
[2020-09-11T11:45:28.561+0000][26480][gc,marking   ] GC(564) Concurrent Cleanup for Next Mark 1.639ms
[2020-09-11T11:45:28.561+0000][26480][gc           ] GC(564) Concurrent Cycle 255.603ms
[2020-09-11T11:45:28.773+0000][26480][gc,start     ] GC(565) Pause Young (Concurrent Start) (G1 Humongous Allocation)
[2020-09-11T11:45:28.773+0000][26480][gc,task      ] GC(565) Using 8 workers of 8 for evacuation
[2020-09-11T11:45:28.773+0000][26480][gc,age       ] GC(565) Desired survivor size 33554432 bytes, new threshold 15 (max threshold 15)
[2020-09-11T11:45:28.775+0000][26480][gc,age       ] GC(565) Age table with threshold 15 (max threshold 15)
[2020-09-11T11:45:28.775+0000][26480][gc,age       ] GC(565) - age   1:    1667224 bytes,    1667224 total
[2020-09-11T11:45:28.775+0000][26480][gc,age       ] GC(565) - age   2:       3048 bytes,    1670272 total
[2020-09-11T11:45:28.775+0000][26480][gc,age       ] GC(565) - age   3:     147968 bytes,    1818240 total
[2020-09-11T11:45:28.775+0000][26480][gc,age       ] GC(565) - age   4:        576 bytes,    1818816 total
[2020-09-11T11:45:28.775+0000][26480][gc,age       ] GC(565) - age   5:       1736 bytes,    1820552 total
[2020-09-11T11:45:28.775+0000][26480][gc,age       ] GC(565) - age   6:        800 bytes,    1821352 total
[2020-09-11T11:45:28.775+0000][26480][gc,age       ] GC(565) - age   7:      22112 bytes,    1843464 total
[2020-09-11T11:45:28.775+0000][26480][gc,age       ] GC(565) - age   8:      93776 bytes,    1937240 total
[2020-09-11T11:45:28.775+0000][26480][gc,age       ] GC(565) - age   9:      93808 bytes,    2031048 total
[2020-09-11T11:45:28.775+0000][26480][gc,age       ] GC(565) - age  10:        384 bytes,    2031432 total
[2020-09-11T11:45:28.775+0000][26480][gc,age       ] GC(565) - age  11:        328 bytes,    2031760 total
[2020-09-11T11:45:28.775+0000][26480][gc,age       ] GC(565) - age  12:       4384 bytes,    2036144 total
[2020-09-11T11:45:28.775+0000][26480][gc,age       ] GC(565) - age  13:       9904 bytes,    2046048 total
[2020-09-11T11:45:28.775+0000][26480][gc,age       ] GC(565) - age  14:       1032 bytes,    2047080 total
[2020-09-11T11:45:28.777+0000][26480][gc,age       ] GC(565) - age  15:        392 bytes,    2047472 total
[2020-09-11T11:45:28.777+0000][26480][gc,phases    ] GC(565)   Pre Evacuate Collection Set: 0.4ms
[2020-09-11T11:45:28.777+0000][26480][gc,phases    ] GC(565)   Merge Heap Roots: 0.1ms
[2020-09-11T11:45:28.777+0000][26480][gc,phases    ] GC(565)   Evacuate Collection Set: 2.0ms
[2020-09-11T11:45:28.777+0000][26480][gc,phases    ] GC(565)   Post Evacuate Collection Set: 0.6ms
[2020-09-11T11:45:28.777+0000][26480][gc,phases    ] GC(565)   Other: 0.8ms
[2020-09-11T11:45:28.777+0000][26480][gc,heap      ] GC(565) Eden regions: 26->0(506)
[2020-09-11T11:45:28.777+0000][26480][gc,heap      ] GC(565) Survivor regions: 2->2(64)
[2020-09-11T11:45:28.777+0000][26480][gc,heap      ] GC(565) Old regions: 80->80
[2020-09-11T11:45:28.777+0000][26480][gc,heap      ] GC(565) Archive regions: 0->0
[2020-09-11T11:45:28.777+0000][26480][gc,heap      ] GC(565) Humongous regions: 227->174
[2020-09-11T11:45:28.777+0000][26480][gc,metaspace ] GC(565) Metaspace: 89677K(95640K)->89677K(95640K) NonClass: 78355K(81816K)->78355K(81816K) Class: 11322K(13824K)->11322K(13824K)
[2020-09-11T11:45:28.777+0000][26480][gc           ] GC(565) Pause Young (Concurrent Start) (G1 Humongous Allocation) 333M->255M(1024M) 4.046ms
[2020-09-11T11:45:28.777+0000][26480][gc,cpu       ] GC(565) User=0.00s Sys=0.00s Real=0.00s
[2020-09-11T11:45:28.777+0000][26480][safepoint    ] Safepoint "G1TryInitiateConcMark", Time since last: 212984800 ns, Reaching safepoint: 224400 ns, At safepoint: 4185900 ns, Total: 4410300 ns
[2020-09-11T11:45:28.777+0000][26480][gc           ] GC(566) Concurrent Cycle
[2020-09-11T11:45:28.777+0000][26480][gc,marking   ] GC(566) Concurrent Clear Claimed Marks
[2020-09-11T11:45:28.777+0000][26480][gc,marking   ] GC(566) Concurrent Clear Claimed Marks 0.364ms
[2020-09-11T11:45:28.778+0000][26480][gc,marking   ] GC(566) Concurrent Scan Root Regions
[2020-09-11T11:45:28.779+0000][26480][gc,marking   ] GC(566) Concurrent Scan Root Regions 1.825ms
[2020-09-11T11:45:28.779+0000][26480][gc,marking   ] GC(566) Concurrent Mark (7133.913s)
[2020-09-11T11:45:28.779+0000][26480][gc,marking   ] GC(566) Concurrent Mark From Roots
[2020-09-11T11:45:28.779+0000][26480][gc,task      ] GC(566) Using 2 workers of 2 for marking
[2020-09-11T11:45:28.883+0000][26480][gc,marking   ] GC(566) Concurrent Mark From Roots 104.031ms
[2020-09-11T11:45:28.883+0000][26480][gc,marking   ] GC(566) Concurrent Preclean
[2020-09-11T11:45:28.883+0000][26480][gc,marking   ] GC(566) Concurrent Preclean 0.491ms
[2020-09-11T11:45:28.883+0000][26480][gc,marking   ] GC(566) Concurrent Mark (7133.913s, 7134.018s) 104.667ms
[2020-09-11T11:45:28.883+0000][26480][gc,start     ] GC(566) Pause Remark
[2020-09-11T11:45:28.889+0000][26480][gc           ] GC(566) Pause Remark 282M->282M(1024M) 5.695ms
[2020-09-11T11:45:28.889+0000][26480][gc,cpu       ] GC(566) User=0.13s Sys=0.00s Real=0.01s
[2020-09-11T11:45:28.889+0000][26480][safepoint    ] Safepoint "G1Concurrent", Time since last: 107292000 ns, Reaching safepoint: 140500 ns, At safepoint: 5941500 ns, Total: 6082000 ns
[2020-09-11T11:45:28.889+0000][26480][gc,marking   ] GC(566) Concurrent Rebuild Remembered Sets
[2020-09-11T11:45:28.967+0000][26480][gc,marking   ] GC(566) Concurrent Rebuild Remembered Sets 77.609ms
[2020-09-11T11:45:28.968+0000][26480][gc,start     ] GC(566) Pause Cleanup
[2020-09-11T11:45:28.968+0000][26480][gc           ] GC(566) Pause Cleanup 353M->353M(1024M) 0.254ms
[2020-09-11T11:45:28.968+0000][26480][gc,cpu       ] GC(566) User=0.00s Sys=0.00s Real=0.00s
[2020-09-11T11:45:28.968+0000][26480][safepoint    ] Safepoint "G1Concurrent", Time since last: 77786000 ns, Reaching safepoint: 149600 ns, At safepoint: 446200 ns, Total: 595800 ns
[2020-09-11T11:45:28.968+0000][26480][gc,marking   ] GC(566) Concurrent Cleanup for Next Mark
[2020-09-11T11:45:28.970+0000][26480][gc,marking   ] GC(566) Concurrent Cleanup for Next Mark 1.467ms
[2020-09-11T11:45:28.970+0000][26480][gc           ] GC(566) Concurrent Cycle 193.338ms
[2020-09-11T11:45:29.091+0000][26480][gc,start     ] GC(567) Pause Young (Concurrent Start) (G1 Humongous Allocation)
[2020-09-11T11:45:29.091+0000][26480][gc,task      ] GC(567) Using 8 workers of 8 for evacuation
[2020-09-11T11:45:29.092+0000][26480][gc,age       ] GC(567) Desired survivor size 33554432 bytes, new threshold 15 (max threshold 15)
[2020-09-11T11:45:29.095+0000][26480][gc,age       ] GC(567) Age table with threshold 15 (max threshold 15)
[2020-09-11T11:45:29.095+0000][26480][gc,age       ] GC(567) - age   1:    1027320 bytes,    1027320 total
[2020-09-11T11:45:29.095+0000][26480][gc,age       ] GC(567) - age   2:       9360 bytes,    1036680 total
[2020-09-11T11:45:29.095+0000][26480][gc,age       ] GC(567) - age   3:       1728 bytes,    1038408 total
[2020-09-11T11:45:29.095+0000][26480][gc,age       ] GC(567) - age   4:     147800 bytes,    1186208 total
[2020-09-11T11:45:29.095+0000][26480][gc,age       ] GC(567) - age   5:        544 bytes,    1186752 total
[2020-09-11T11:45:29.095+0000][26480][gc,age       ] GC(567) - age   6:       1576 bytes,    1188328 total
[2020-09-11T11:45:29.095+0000][26480][gc,age       ] GC(567) - age   7:        768 bytes,    1189096 total
[2020-09-11T11:45:29.095+0000][26480][gc,age       ] GC(567) - age   8:      22112 bytes,    1211208 total
[2020-09-11T11:45:29.095+0000][26480][gc,age       ] GC(567) - age   9:      93776 bytes,    1304984 total
[2020-09-11T11:45:29.095+0000][26480][gc,age       ] GC(567) - age  10:      93808 bytes,    1398792 total
[2020-09-11T11:45:29.095+0000][26480][gc,age       ] GC(567) - age  11:        352 bytes,    1399144 total
[2020-09-11T11:45:29.095+0000][26480][gc,age       ] GC(567) - age  12:        328 bytes,    1399472 total
[2020-09-11T11:45:29.096+0000][26480][gc,age       ] GC(567) - age  13:       4384 bytes,    1403856 total
[2020-09-11T11:45:29.096+0000][26480][gc,age       ] GC(567) - age  14:       9904 bytes,    1413760 total
[2020-09-11T11:45:29.096+0000][26480][gc,age       ] GC(567) - age  15:       1032 bytes,    1414792 total
[2020-09-11T11:45:29.096+0000][26480][gc,phases    ] GC(567)   Pre Evacuate Collection Set: 0.4ms
[2020-09-11T11:45:29.096+0000][26480][gc,phases    ] GC(567)   Merge Heap Roots: 0.1ms
[2020-09-11T11:45:29.096+0000][26480][gc,phases    ] GC(567)   Evacuate Collection Set: 2.2ms
[2020-09-11T11:45:29.096+0000][26480][gc,phases    ] GC(567)   Post Evacuate Collection Set: 0.6ms
[2020-09-11T11:45:29.096+0000][26480][gc,phases    ] GC(567)   Other: 1.0ms
[2020-09-11T11:45:29.096+0000][26480][gc,heap      ] GC(567) Eden regions: 34->0(507)
[2020-09-11T11:45:29.096+0000][26480][gc,heap      ] GC(567) Survivor regions: 2->2(64)
[2020-09-11T11:45:29.096+0000][26480][gc,heap      ] GC(567) Old regions: 80->80
[2020-09-11T11:45:29.096+0000][26480][gc,heap      ] GC(567) Archive regions: 0->0
[2020-09-11T11:45:29.096+0000][26480][gc,heap      ] GC(567) Humongous regions: 245->174
[2020-09-11T11:45:29.096+0000][26480][gc,metaspace ] GC(567) Metaspace: 89677K(95640K)->89677K(95640K) NonClass: 78355K(81816K)->78355K(81816K) Class: 11322K(13824K)->11322K(13824K)
[2020-09-11T11:45:29.096+0000][26480][gc           ] GC(567) Pause Young (Concurrent Start) (G1 Humongous Allocation) 359M->254M(1024M) 4.731ms
[2020-09-11T11:45:29.096+0000][26480][gc,cpu       ] GC(567) User=0.00s Sys=0.00s Real=0.00s
[2020-09-11T11:45:29.096+0000][26480][safepoint    ] Safepoint "G1TryInitiateConcMark", Time since last: 123094800 ns, Reaching safepoint: 132200 ns, At safepoint: 4963200 ns, Total: 5095400 ns
[2020-09-11T11:45:29.096+0000][26480][gc           ] GC(568) Concurrent Cycle
[2020-09-11T11:45:29.096+0000][26480][gc,marking   ] GC(568) Concurrent Clear Claimed Marks
[2020-09-11T11:45:29.097+0000][26480][gc,marking   ] GC(568) Concurrent Clear Claimed Marks 0.732ms
[2020-09-11T11:45:29.097+0000][26480][gc,marking   ] GC(568) Concurrent Scan Root Regions
[2020-09-11T11:45:29.100+0000][26480][gc,marking   ] GC(568) Concurrent Scan Root Regions 2.353ms
[2020-09-11T11:45:29.100+0000][26480][gc,marking   ] GC(568) Concurrent Mark (7134.234s)
[2020-09-11T11:45:29.100+0000][26480][gc,marking   ] GC(568) Concurrent Mark From Roots
[2020-09-11T11:45:29.100+0000][26480][gc,task      ] GC(568) Using 2 workers of 2 for marking
[2020-09-11T11:45:29.216+0000][26480][gc,marking   ] GC(568) Concurrent Mark From Roots 116.580ms
[2020-09-11T11:45:29.216+0000][26480][gc,marking   ] GC(568) Concurrent Preclean
[2020-09-11T11:45:29.217+0000][26480][gc,marking   ] GC(568) Concurrent Preclean 0.740ms
[2020-09-11T11:45:29.217+0000][26480][gc,marking   ] GC(568) Concurrent Mark (7134.234s, 7134.352s) 117.484ms
[2020-09-11T11:45:29.217+0000][26480][gc,start     ] GC(568) Pause Remark
[2020-09-11T11:45:29.224+0000][26480][gc           ] GC(568) Pause Remark 270M->270M(1024M) 6.355ms
[2020-09-11T11:45:29.224+0000][26480][gc,cpu       ] GC(568) User=0.00s Sys=0.00s Real=0.01s
[2020-09-11T11:45:29.224+0000][26480][safepoint    ] Safepoint "G1Concurrent", Time since last: 120985200 ns, Reaching safepoint: 154000 ns, At safepoint: 6554000 ns, Total: 6708000 ns
[2020-09-11T11:45:29.224+0000][26480][gc,marking   ] GC(568) Concurrent Rebuild Remembered Sets
[2020-09-11T11:45:29.298+0000][26480][gc,marking   ] GC(568) Concurrent Rebuild Remembered Sets 74.182ms
[2020-09-11T11:45:29.299+0000][26480][gc,start     ] GC(568) Pause Cleanup
[2020-09-11T11:45:29.299+0000][26480][gc           ] GC(568) Pause Cleanup 288M->288M(1024M) 0.356ms
[2020-09-11T11:45:29.299+0000][26480][gc,cpu       ] GC(568) User=0.00s Sys=0.00s Real=0.00s
[2020-09-11T11:45:29.299+0000][26480][safepoint    ] Safepoint "G1Concurrent", Time since last: 74356600 ns, Reaching safepoint: 194200 ns, At safepoint: 565100 ns, Total: 759300 ns
[2020-09-11T11:45:29.299+0000][26480][gc,marking   ] GC(568) Concurrent Cleanup for Next Mark
[2020-09-11T11:45:29.301+0000][26480][gc,marking   ] GC(568) Concurrent Cleanup for Next Mark 1.561ms
[2020-09-11T11:45:29.301+0000][26480][gc           ] GC(568) Concurrent Cycle 204.575ms
[2020-09-11T11:45:29.405+0000][26480][gc,start     ] GC(569) Pause Young (Concurrent Start) (G1 Humongous Allocation)
[2020-09-11T11:45:29.405+0000][26480][gc,task      ] GC(569) Using 8 workers of 8 for evacuation
[2020-09-11T11:45:29.405+0000][26480][gc,age       ] GC(569) Desired survivor size 33554432 bytes, new threshold 15 (max threshold 15)
[2020-09-11T11:45:29.409+0000][26480][gc,age       ] GC(569) Age table with threshold 15 (max threshold 15)
[2020-09-11T11:45:29.409+0000][26480][gc,age       ] GC(569) - age   1:    1912544 bytes,    1912544 total
[2020-09-11T11:45:29.409+0000][26480][gc,age       ] GC(569) - age   2:     403720 bytes,    2316264 total
[2020-09-11T11:45:29.409+0000][26480][gc,age       ] GC(569) - age   3:       3656 bytes,    2319920 total
[2020-09-11T11:45:29.409+0000][26480][gc,age       ] GC(569) - age   4:        768 bytes,    2320688 total
[2020-09-11T11:45:29.409+0000][26480][gc,age       ] GC(569) - age   5:     147728 bytes,    2468416 total
[2020-09-11T11:45:29.409+0000][26480][gc,age       ] GC(569) - age   6:         56 bytes,    2468472 total
[2020-09-11T11:45:29.409+0000][26480][gc,age       ] GC(569) - age   7:       1256 bytes,    2469728 total
[2020-09-11T11:45:29.409+0000][26480][gc,age       ] GC(569) - age   8:        736 bytes,    2470464 total
[2020-09-11T11:45:29.409+0000][26480][gc,age       ] GC(569) - age   9:      22112 bytes,    2492576 total
[2020-09-11T11:45:29.409+0000][26480][gc,age       ] GC(569) - age  10:      93648 bytes,    2586224 total
[2020-09-11T11:45:29.409+0000][26480][gc,age       ] GC(569) - age  11:      93808 bytes,    2680032 total
[2020-09-11T11:45:29.409+0000][26480][gc,age       ] GC(569) - age  12:        256 bytes,    2680288 total
[2020-09-11T11:45:29.409+0000][26480][gc,age       ] GC(569) - age  13:        328 bytes,    2680616 total
[2020-09-11T11:45:29.409+0000][26480][gc,age       ] GC(569) - age  14:       4384 bytes,    2685000 total
[2020-09-11T11:45:29.409+0000][26480][gc,age       ] GC(569) - age  15:       9904 bytes,    2694904 total
[2020-09-11T11:45:29.409+0000][26480][gc,phases    ] GC(569)   Pre Evacuate Collection Set: 0.4ms
[2020-09-11T11:45:29.409+0000][26480][gc,phases    ] GC(569)   Merge Heap Roots: 0.2ms
[2020-09-11T11:45:29.409+0000][26480][gc,phases    ] GC(569)   Evacuate Collection Set: 2.2ms
[2020-09-11T11:45:29.409+0000][26480][gc,phases    ] GC(569)   Post Evacuate Collection Set: 0.8ms
[2020-09-11T11:45:29.409+0000][26480][gc,phases    ] GC(569)   Other: 0.7ms
[2020-09-11T11:45:29.409+0000][26480][gc,heap      ] GC(569) Eden regions: 24->0(506)
[2020-09-11T11:45:29.409+0000][26480][gc,heap      ] GC(569) Survivor regions: 2->3(64)
[2020-09-11T11:45:29.409+0000][26480][gc,heap      ] GC(569) Old regions: 80->80
[2020-09-11T11:45:29.409+0000][26480][gc,heap      ] GC(569) Archive regions: 0->0
[2020-09-11T11:45:29.409+0000][26480][gc,heap      ] GC(569) Humongous regions: 227->174
[2020-09-11T11:45:29.409+0000][26480][gc,metaspace ] GC(569) Metaspace: 89677K(95640K)->89677K(95640K) NonClass: 78355K(81816K)->78355K(81816K) Class: 11322K(13824K)->11322K(13824K)
[2020-09-11T11:45:29.409+0000][26480][gc           ] GC(569) Pause Young (Concurrent Start) (G1 Humongous Allocation) 331M->256M(1024M) 4.390ms
[2020-09-11T11:45:29.410+0000][26480][gc,cpu       ] GC(569) User=0.00s Sys=0.00s Real=0.01s
[2020-09-11T11:45:29.410+0000][26480][safepoint    ] Safepoint "G1TryInitiateConcMark", Time since last: 105593700 ns, Reaching safepoint: 284900 ns, At safepoint: 4596300 ns, Total: 4881200 ns
[2020-09-11T11:45:29.410+0000][26480][gc           ] GC(570) Concurrent Cycle
[2020-09-11T11:45:29.410+0000][26480][gc,marking   ] GC(570) Concurrent Clear Claimed Marks
[2020-09-11T11:45:29.410+0000][26480][gc,marking   ] GC(570) Concurrent Clear Claimed Marks 0.325ms
[2020-09-11T11:45:29.410+0000][26480][gc,marking   ] GC(570) Concurrent Scan Root Regions
[2020-09-11T11:45:29.413+0000][26480][gc,marking   ] GC(570) Concurrent Scan Root Regions 2.964ms
[2020-09-11T11:45:29.413+0000][26480][gc,marking   ] GC(570) Concurrent Mark (7134.548s)
[2020-09-11T11:45:29.413+0000][26480][gc,marking   ] GC(570) Concurrent Mark From Roots
[2020-09-11T11:45:29.413+0000][26480][gc,task      ] GC(570) Using 2 workers of 2 for marking
[2020-09-11T11:45:29.533+0000][26480][gc,marking   ] GC(570) Concurrent Mark From Roots 119.580ms
[2020-09-11T11:45:29.533+0000][26480][gc,marking   ] GC(570) Concurrent Preclean
[2020-09-11T11:45:29.533+0000][26480][gc,marking   ] GC(570) Concurrent Preclean 0.488ms
[2020-09-11T11:45:29.533+0000][26480][gc,marking   ] GC(570) Concurrent Mark (7134.548s, 7134.668s) 120.206ms
[2020-09-11T11:45:29.534+0000][26480][gc,start     ] GC(570) Pause Remark
[2020-09-11T11:45:29.540+0000][26480][gc           ] GC(570) Pause Remark 288M->288M(1024M) 6.126ms
[2020-09-11T11:45:29.540+0000][26480][gc,cpu       ] GC(570) User=0.00s Sys=0.00s Real=0.01s
[2020-09-11T11:45:29.540+0000][26480][safepoint    ] Safepoint "G1Concurrent", Time since last: 123771400 ns, Reaching safepoint: 147900 ns, At safepoint: 6293700 ns, Total: 6441600 ns
[2020-09-11T11:45:29.540+0000][26480][gc,marking   ] GC(570) Concurrent Rebuild Remembered Sets
[2020-09-11T11:45:29.623+0000][26480][gc,marking   ] GC(570) Concurrent Rebuild Remembered Sets 82.740ms
[2020-09-11T11:45:29.623+0000][26480][gc,start     ] GC(570) Pause Cleanup
[2020-09-11T11:45:29.623+0000][26480][gc           ] GC(570) Pause Cleanup 361M->361M(1024M) 0.316ms
[2020-09-11T11:45:29.623+0000][26480][gc,cpu       ] GC(570) User=0.00s Sys=0.00s Real=0.00s
[2020-09-11T11:45:29.623+0000][26480][safepoint    ] Safepoint "G1Concurrent", Time since last: 82911700 ns, Reaching safepoint: 151500 ns, At safepoint: 480000 ns, Total: 631500 ns
[2020-09-11T11:45:29.623+0000][26480][gc,marking   ] GC(570) Concurrent Cleanup for Next Mark
[2020-09-11T11:45:29.625+0000][26480][gc,marking   ] GC(570) Concurrent Cleanup for Next Mark 1.716ms
[2020-09-11T11:45:29.625+0000][26480][gc           ] GC(570) Concurrent Cycle 215.692ms
[2020-09-11T11:45:30.184+0000][26480][gc,start     ] GC(571) Pause Young (Concurrent Start) (G1 Humongous Allocation)
[2020-09-11T11:45:30.184+0000][26480][gc,task      ] GC(571) Using 8 workers of 8 for evacuation
[2020-09-11T11:45:30.184+0000][26480][gc,age       ] GC(571) Desired survivor size 33554432 bytes, new threshold 15 (max threshold 15)
[2020-09-11T11:45:30.188+0000][26480][gc,age       ] GC(571) Age table with threshold 15 (max threshold 15)
[2020-09-11T11:45:30.188+0000][26480][gc,age       ] GC(571) - age   1:    2699976 bytes,    2699976 total
[2020-09-11T11:45:30.188+0000][26480][gc,age       ] GC(571) - age   2:       2944 bytes,    2702920 total
[2020-09-11T11:45:30.188+0000][26480][gc,age       ] GC(571) - age   3:       1288 bytes,    2704208 total
[2020-09-11T11:45:30.188+0000][26480][gc,age       ] GC(571) - age   4:       1136 bytes,    2705344 total
[2020-09-11T11:45:30.188+0000][26480][gc,age       ] GC(571) - age   5:        672 bytes,    2706016 total
[2020-09-11T11:45:30.188+0000][26480][gc,age       ] GC(571) - age   6:     144112 bytes,    2850128 total
[2020-09-11T11:45:30.188+0000][26480][gc,age       ] GC(571) - age   7:         56 bytes,    2850184 total
[2020-09-11T11:45:30.188+0000][26480][gc,age       ] GC(571) - age   8:       1192 bytes,    2851376 total
[2020-09-11T11:45:30.188+0000][26480][gc,age       ] GC(571) - age   9:        672 bytes,    2852048 total
[2020-09-11T11:45:30.188+0000][26480][gc,age       ] GC(571) - age  10:      19680 bytes,    2871728 total
[2020-09-11T11:45:30.188+0000][26480][gc,age       ] GC(571) - age  11:      93648 bytes,    2965376 total
[2020-09-11T11:45:30.188+0000][26480][gc,age       ] GC(571) - age  12:      93296 bytes,    3058672 total
[2020-09-11T11:45:30.188+0000][26480][gc,age       ] GC(571) - age  13:        256 bytes,    3058928 total
[2020-09-11T11:45:30.188+0000][26480][gc,age       ] GC(571) - age  14:        328 bytes,    3059256 total
[2020-09-11T11:45:30.188+0000][26480][gc,age       ] GC(571) - age  15:       4384 bytes,    3063640 total
[2020-09-11T11:45:30.188+0000][26480][gc,phases    ] GC(571)   Pre Evacuate Collection Set: 0.4ms
[2020-09-11T11:45:30.188+0000][26480][gc,phases    ] GC(571)   Merge Heap Roots: 0.1ms
[2020-09-11T11:45:30.189+0000][26480][gc,phases    ] GC(571)   Evacuate Collection Set: 2.1ms
[2020-09-11T11:45:30.189+0000][26480][gc,phases    ] GC(571)   Post Evacuate Collection Set: 0.8ms
[2020-09-11T11:45:30.189+0000][26480][gc,phases    ] GC(571)   Other: 1.0ms
[2020-09-11T11:45:30.189+0000][26480][gc,heap      ] GC(571) Eden regions: 52->0(505)
[2020-09-11T11:45:30.189+0000][26480][gc,heap      ] GC(571) Survivor regions: 3->3(64)
[2020-09-11T11:45:30.189+0000][26480][gc,heap      ] GC(571) Old regions: 80->80
[2020-09-11T11:45:30.189+0000][26480][gc,heap      ] GC(571) Archive regions: 0->0
[2020-09-11T11:45:30.189+0000][26480][gc,heap      ] GC(571) Humongous regions: 255->174
[2020-09-11T11:45:30.189+0000][26480][gc,metaspace ] GC(571) Metaspace: 89781K(95896K)->89781K(95896K) NonClass: 78459K(82072K)->78459K(82072K) Class: 11322K(13824K)->11322K(13824K)
[2020-09-11T11:45:30.189+0000][26480][gc           ] GC(571) Pause Young (Concurrent Start) (G1 Humongous Allocation) 388M->256M(1024M) 4.771ms
[2020-09-11T11:45:30.189+0000][26480][gc,cpu       ] GC(571) User=0.00s Sys=0.00s Real=0.00s
[2020-09-11T11:45:30.189+0000][26480][safepoint    ] Safepoint "G1TryInitiateConcMark", Time since last: 560601300 ns, Reaching safepoint: 163100 ns, At safepoint: 5044600 ns, Total: 5207700 ns
[2020-09-11T11:45:30.189+0000][26480][gc           ] GC(572) Concurrent Cycle
[2020-09-11T11:45:30.189+0000][26480][gc,marking   ] GC(572) Concurrent Clear Claimed Marks
[2020-09-11T11:45:30.190+0000][26480][gc,marking   ] GC(572) Concurrent Clear Claimed Marks 0.495ms
[2020-09-11T11:45:30.190+0000][26480][gc,marking   ] GC(572) Concurrent Scan Root Regions
[2020-09-11T11:45:30.192+0000][26480][gc,marking   ] GC(572) Concurrent Scan Root Regions 2.392ms
[2020-09-11T11:45:30.192+0000][26480][gc,marking   ] GC(572) Concurrent Mark (7135.327s)
[2020-09-11T11:45:30.192+0000][26480][gc,marking   ] GC(572) Concurrent Mark From Roots
[2020-09-11T11:45:30.192+0000][26480][gc,task      ] GC(572) Using 2 workers of 2 for marking
[2020-09-11T11:45:30.324+0000][26480][gc,marking   ] GC(572) Concurrent Mark From Roots 132.025ms
[2020-09-11T11:45:30.324+0000][26480][gc,marking   ] GC(572) Concurrent Preclean
[2020-09-11T11:45:30.325+0000][26480][gc,marking   ] GC(572) Concurrent Preclean 0.805ms
[2020-09-11T11:45:30.325+0000][26480][gc,marking   ] GC(572) Concurrent Mark (7135.327s, 7135.460s) 133.062ms
[2020-09-11T11:45:30.325+0000][26480][gc,start     ] GC(572) Pause Remark
[2020-09-11T11:45:30.332+0000][26480][gc           ] GC(572) Pause Remark 318M->318M(1024M) 6.479ms
[2020-09-11T11:45:30.332+0000][26480][gc,cpu       ] GC(572) User=0.00s Sys=0.00s Real=0.01s
[2020-09-11T11:45:30.332+0000][26480][safepoint    ] Safepoint "G1Concurrent", Time since last: 136322200 ns, Reaching safepoint: 187400 ns, At safepoint: 6764800 ns, Total: 6952200 ns
[2020-09-11T11:45:30.332+0000][26480][gc,marking   ] GC(572) Concurrent Rebuild Remembered Sets
[2020-09-11T11:45:30.417+0000][26480][gc,marking   ] GC(572) Concurrent Rebuild Remembered Sets 84.807ms
[2020-09-11T11:45:30.417+0000][26480][gc,start     ] GC(572) Pause Cleanup
[2020-09-11T11:45:30.418+0000][26480][gc           ] GC(572) Pause Cleanup 389M->389M(1024M) 0.361ms
[2020-09-11T11:45:30.418+0000][26480][gc,cpu       ] GC(572) User=0.00s Sys=0.00s Real=0.00s
[2020-09-11T11:45:30.418+0000][26480][safepoint    ] Safepoint "G1Concurrent", Time since last: 85036600 ns, Reaching safepoint: 147500 ns, At safepoint: 519700 ns, Total: 667200 ns
[2020-09-11T11:45:30.418+0000][26480][gc,marking   ] GC(572) Concurrent Cleanup for Next Mark
[2020-09-11T11:45:30.420+0000][26480][gc,marking   ] GC(572) Concurrent Cleanup for Next Mark 1.807ms
[2020-09-11T11:45:30.420+0000][26480][gc           ] GC(572) Concurrent Cycle 230.956ms
[2020-09-11T11:45:30.561+0000][26480][gc,start     ] GC(573) Pause Young (Concurrent Start) (G1 Humongous Allocation)
[2020-09-11T11:45:30.561+0000][26480][gc,task      ] GC(573) Using 8 workers of 8 for evacuation
[2020-09-11T11:45:30.561+0000][26480][gc,age       ] GC(573) Desired survivor size 33554432 bytes, new threshold 15 (max threshold 15)
[2020-09-11T11:45:30.565+0000][26480][gc,age       ] GC(573) Age table with threshold 15 (max threshold 15)
[2020-09-11T11:45:30.565+0000][26480][gc,age       ] GC(573) - age   1:    1028224 bytes,    1028224 total
[2020-09-11T11:45:30.565+0000][26480][gc,age       ] GC(573) - age   2:      21568 bytes,    1049792 total
[2020-09-11T11:45:30.565+0000][26480][gc,age       ] GC(573) - age   3:       2024 bytes,    1051816 total
[2020-09-11T11:45:30.565+0000][26480][gc,age       ] GC(573) - age   4:        520 bytes,    1052336 total
[2020-09-11T11:45:30.565+0000][26480][gc,age       ] GC(573) - age   5:       1040 bytes,    1053376 total
[2020-09-11T11:45:30.565+0000][26480][gc,age       ] GC(573) - age   6:        640 bytes,    1054016 total
[2020-09-11T11:45:30.565+0000][26480][gc,age       ] GC(573) - age   7:     144112 bytes,    1198128 total
[2020-09-11T11:45:30.565+0000][26480][gc,age       ] GC(573) - age   8:         56 bytes,    1198184 total
[2020-09-11T11:45:30.565+0000][26480][gc,age       ] GC(573) - age   9:       1192 bytes,    1199376 total
[2020-09-11T11:45:30.565+0000][26480][gc,age       ] GC(573) - age  10:        608 bytes,    1199984 total
[2020-09-11T11:45:30.565+0000][26480][gc,age       ] GC(573) - age  11:      19680 bytes,    1219664 total
[2020-09-11T11:45:30.565+0000][26480][gc,age       ] GC(573) - age  12:      93616 bytes,    1313280 total
[2020-09-11T11:45:30.565+0000][26480][gc,age       ] GC(573) - age  13:      93264 bytes,    1406544 total
[2020-09-11T11:45:30.566+0000][26480][gc,age       ] GC(573) - age  14:        256 bytes,    1406800 total
[2020-09-11T11:45:30.566+0000][26480][gc,age       ] GC(573) - age  15:        328 bytes,    1407128 total
[2020-09-11T11:45:30.566+0000][26480][gc,phases    ] GC(573)   Pre Evacuate Collection Set: 0.5ms
[2020-09-11T11:45:30.566+0000][26480][gc,phases    ] GC(573)   Merge Heap Roots: 0.1ms
[2020-09-11T11:45:30.566+0000][26480][gc,phases    ] GC(573)   Evacuate Collection Set: 2.3ms
[2020-09-11T11:45:30.566+0000][26480][gc,phases    ] GC(573)   Post Evacuate Collection Set: 0.8ms
[2020-09-11T11:45:30.566+0000][26480][gc,phases    ] GC(573)   Other: 0.8ms
[2020-09-11T11:45:30.566+0000][26480][gc,heap      ] GC(573) Eden regions: 36->0(506)
[2020-09-11T11:45:30.566+0000][26480][gc,heap      ] GC(573) Survivor regions: 3->2(64)
[2020-09-11T11:45:30.566+0000][26480][gc,heap      ] GC(573) Old regions: 80->80
[2020-09-11T11:45:30.566+0000][26480][gc,heap      ] GC(573) Archive regions: 0->0
[2020-09-11T11:45:30.566+0000][26480][gc,heap      ] GC(573) Humongous regions: 278->174
[2020-09-11T11:45:30.566+0000][26480][gc,metaspace ] GC(573) Metaspace: 89781K(95896K)->89781K(95896K) NonClass: 78459K(82072K)->78459K(82072K) Class: 11322K(13824K)->11322K(13824K)
[2020-09-11T11:45:30.566+0000][26480][gc           ] GC(573) Pause Young (Concurrent Start) (G1 Humongous Allocation) 395M->254M(1024M) 4.776ms
[2020-09-11T11:45:30.566+0000][26480][gc,cpu       ] GC(573) User=0.00s Sys=0.00s Real=0.00s
[2020-09-11T11:45:30.566+0000][26480][safepoint    ] Safepoint "G1TryInitiateConcMark", Time since last: 143117600 ns, Reaching safepoint: 180200 ns, At safepoint: 4953200 ns, Total: 5133400 ns
[2020-09-11T11:45:30.566+0000][26480][gc           ] GC(574) Concurrent Cycle
[2020-09-11T11:45:30.566+0000][26480][gc,marking   ] GC(574) Concurrent Clear Claimed Marks
[2020-09-11T11:45:30.567+0000][26480][gc,marking   ] GC(574) Concurrent Clear Claimed Marks 0.665ms
[2020-09-11T11:45:30.567+0000][26480][gc,marking   ] GC(574) Concurrent Scan Root Regions
[2020-09-11T11:45:30.568+0000][26480][gc,marking   ] GC(574) Concurrent Scan Root Regions 1.621ms
[2020-09-11T11:45:30.569+0000][26480][gc,marking   ] GC(574) Concurrent Mark (7135.703s)
[2020-09-11T11:45:30.569+0000][26480][gc,marking   ] GC(574) Concurrent Mark From Roots
[2020-09-11T11:45:30.569+0000][26480][gc,task      ] GC(574) Using 2 workers of 2 for marking
[2020-09-11T11:45:30.679+0000][26480][gc,marking   ] GC(574) Concurrent Mark From Roots 110.262ms
[2020-09-11T11:45:30.679+0000][26480][gc,marking   ] GC(574) Concurrent Preclean
[2020-09-11T11:45:30.681+0000][26480][gc,marking   ] GC(574) Concurrent Preclean 0.795ms
[2020-09-11T11:45:30.681+0000][26480][gc,marking   ] GC(574) Concurrent Mark (7135.703s, 7135.815s) 111.248ms
[2020-09-11T11:45:30.681+0000][26480][gc,start     ] GC(574) Pause Remark
[2020-09-11T11:45:30.686+0000][26480][gc           ] GC(574) Pause Remark 271M->271M(1024M) 6.200ms
[2020-09-11T11:45:30.686+0000][26480][gc,cpu       ] GC(574) User=0.11s Sys=0.00s Real=0.01s
[2020-09-11T11:45:30.686+0000][26480][safepoint    ] Safepoint "G1Concurrent", Time since last: 113851400 ns, Reaching safepoint: 142300 ns, At safepoint: 6362600 ns, Total: 6504900 ns
[2020-09-11T11:45:30.686+0000][26480][gc,marking   ] GC(574) Concurrent Rebuild Remembered Sets
[2020-09-11T11:45:30.758+0000][26480][gc,marking   ] GC(574) Concurrent Rebuild Remembered Sets 71.151ms
[2020-09-11T11:45:30.758+0000][26480][gc,start     ] GC(574) Pause Cleanup
[2020-09-11T11:45:30.759+0000][26480][gc           ] GC(574) Pause Cleanup 288M->288M(1024M) 0.243ms
[2020-09-11T11:45:30.759+0000][26480][gc,cpu       ] GC(574) User=0.00s Sys=0.00s Real=0.00s
[2020-09-11T11:45:30.759+0000][26480][safepoint    ] Safepoint "G1Concurrent", Time since last: 71286600 ns, Reaching safepoint: 151900 ns, At safepoint: 401800 ns, Total: 553700 ns
[2020-09-11T11:45:30.759+0000][26480][gc,marking   ] GC(574) Concurrent Cleanup for Next Mark
[2020-09-11T11:45:30.761+0000][26480][gc,marking   ] GC(574) Concurrent Cleanup for Next Mark 1.719ms
[2020-09-11T11:45:30.761+0000][26480][gc           ] GC(574) Concurrent Cycle 194.070ms
[2020-09-11T11:45:30.874+0000][26480][gc,start     ] GC(575) Pause Young (Concurrent Start) (G1 Humongous Allocation)
[2020-09-11T11:45:30.874+0000][26480][gc,task      ] GC(575) Using 8 workers of 8 for evacuation
[2020-09-11T11:45:30.874+0000][26480][gc,age       ] GC(575) Desired survivor size 33554432 bytes, new threshold 15 (max threshold 15)
[2020-09-11T11:45:30.878+0000][26480][gc,age       ] GC(575) Age table with threshold 15 (max threshold 15)
[2020-09-11T11:45:30.878+0000][26480][gc,age       ] GC(575) - age   1:    1916552 bytes,    1916552 total
[2020-09-11T11:45:30.878+0000][26480][gc,age       ] GC(575) - age   2:     403832 bytes,    2320384 total
[2020-09-11T11:45:30.878+0000][26480][gc,age       ] GC(575) - age   3:      18264 bytes,    2338648 total
[2020-09-11T11:45:30.878+0000][26480][gc,age       ] GC(575) - age   4:       1936 bytes,    2340584 total
[2020-09-11T11:45:30.878+0000][26480][gc,age       ] GC(575) - age   5:        424 bytes,    2341008 total
[2020-09-11T11:45:30.878+0000][26480][gc,age       ] GC(575) - age   6:        848 bytes,    2341856 total
[2020-09-11T11:45:30.878+0000][26480][gc,age       ] GC(575) - age   7:        640 bytes,    2342496 total
[2020-09-11T11:45:30.878+0000][26480][gc,age       ] GC(575) - age   8:     144008 bytes,    2486504 total
[2020-09-11T11:45:30.878+0000][26480][gc,age       ] GC(575) - age   9:         56 bytes,    2486560 total
[2020-09-11T11:45:30.878+0000][26480][gc,age       ] GC(575) - age  10:        640 bytes,    2487200 total
[2020-09-11T11:45:30.878+0000][26480][gc,age       ] GC(575) - age  11:        608 bytes,    2487808 total
[2020-09-11T11:45:30.878+0000][26480][gc,age       ] GC(575) - age  12:      19680 bytes,    2507488 total
[2020-09-11T11:45:30.878+0000][26480][gc,age       ] GC(575) - age  13:      93616 bytes,    2601104 total
[2020-09-11T11:45:30.878+0000][26480][gc,age       ] GC(575) - age  14:      93264 bytes,    2694368 total
[2020-09-11T11:45:30.878+0000][26480][gc,age       ] GC(575) - age  15:        192 bytes,    2694560 total
[2020-09-11T11:45:30.878+0000][26480][gc,phases    ] GC(575)   Pre Evacuate Collection Set: 0.5ms
[2020-09-11T11:45:30.878+0000][26480][gc,phases    ] GC(575)   Merge Heap Roots: 0.1ms
[2020-09-11T11:45:30.878+0000][26480][gc,phases    ] GC(575)   Evacuate Collection Set: 2.3ms
[2020-09-11T11:45:30.878+0000][26480][gc,phases    ] GC(575)   Post Evacuate Collection Set: 0.6ms
[2020-09-11T11:45:30.878+0000][26480][gc,phases    ] GC(575)   Other: 0.7ms
[2020-09-11T11:45:30.878+0000][26480][gc,heap      ] GC(575) Eden regions: 24->0(505)
[2020-09-11T11:45:30.878+0000][26480][gc,heap      ] GC(575) Survivor regions: 2->3(64)
[2020-09-11T11:45:30.878+0000][26480][gc,heap      ] GC(575) Old regions: 80->80
[2020-09-11T11:45:30.878+0000][26480][gc,heap      ] GC(575) Archive regions: 0->0
[2020-09-11T11:45:30.878+0000][26480][gc,heap      ] GC(575) Humongous regions: 227->174
[2020-09-11T11:45:30.878+0000][26480][gc,metaspace ] GC(575) Metaspace: 89788K(95896K)->89788K(95896K) NonClass: 78466K(82072K)->78466K(82072K) Class: 11322K(13824K)->11322K(13824K)
[2020-09-11T11:45:30.878+0000][26480][gc           ] GC(575) Pause Young (Concurrent Start) (G1 Humongous Allocation) 331M->256M(1024M) 4.414ms
[2020-09-11T11:45:30.879+0000][26480][gc,cpu       ] GC(575) User=0.00s Sys=0.00s Real=0.00s
[2020-09-11T11:45:30.879+0000][26480][safepoint    ] Safepoint "G1TryInitiateConcMark", Time since last: 115064200 ns, Reaching safepoint: 202300 ns, At safepoint: 4643200 ns, Total: 4845500 ns
[2020-09-11T11:45:30.879+0000][26480][gc           ] GC(576) Concurrent Cycle
[2020-09-11T11:45:30.879+0000][26480][gc,marking   ] GC(576) Concurrent Clear Claimed Marks
[2020-09-11T11:45:30.879+0000][26480][gc,marking   ] GC(576) Concurrent Clear Claimed Marks 0.427ms
[2020-09-11T11:45:30.879+0000][26480][gc,marking   ] GC(576) Concurrent Scan Root Regions
[2020-09-11T11:45:30.882+0000][26480][gc,marking   ] GC(576) Concurrent Scan Root Regions 2.611ms
[2020-09-11T11:45:30.882+0000][26480][gc,marking   ] GC(576) Concurrent Mark (7136.016s)
[2020-09-11T11:45:30.882+0000][26480][gc,marking   ] GC(576) Concurrent Mark From Roots
[2020-09-11T11:45:30.882+0000][26480][gc,task      ] GC(576) Using 2 workers of 2 for marking
[2020-09-11T11:45:30.995+0000][26480][gc,marking   ] GC(576) Concurrent Mark From Roots 112.749ms
[2020-09-11T11:45:30.995+0000][26480][gc,marking   ] GC(576) Concurrent Preclean
[2020-09-11T11:45:30.995+0000][26480][gc,marking   ] GC(576) Concurrent Preclean 0.484ms
[2020-09-11T11:45:30.995+0000][26480][gc,marking   ] GC(576) Concurrent Mark (7136.016s, 7136.130s) 113.362ms
[2020-09-11T11:45:30.996+0000][26480][gc,start     ] GC(576) Pause Remark
[2020-09-11T11:45:31.002+0000][26480][gc           ] GC(576) Pause Remark 287M->287M(1024M) 6.446ms
[2020-09-11T11:45:31.002+0000][26480][gc,cpu       ] GC(576) User=0.00s Sys=0.00s Real=0.01s
[2020-09-11T11:45:31.002+0000][26480][safepoint    ] Safepoint "G1Concurrent", Time since last: 116705200 ns, Reaching safepoint: 149200 ns, At safepoint: 6606000 ns, Total: 6755200 ns
[2020-09-11T11:45:31.002+0000][26480][gc,marking   ] GC(576) Concurrent Rebuild Remembered Sets
[2020-09-11T11:45:31.075+0000][26480][gc,marking   ] GC(576) Concurrent Rebuild Remembered Sets 72.950ms
[2020-09-11T11:45:31.075+0000][26480][gc,start     ] GC(576) Pause Cleanup
[2020-09-11T11:45:31.076+0000][26480][gc           ] GC(576) Pause Cleanup 360M->360M(1024M) 0.318ms
[2020-09-11T11:45:31.076+0000][26480][gc,cpu       ] GC(576) User=0.00s Sys=0.00s Real=0.00s
[2020-09-11T11:45:31.076+0000][26480][safepoint    ] Safepoint "G1Concurrent", Time since last: 73099600 ns, Reaching safepoint: 155500 ns, At safepoint: 500000 ns, Total: 655500 ns
[2020-09-11T11:45:31.076+0000][26480][gc,marking   ] GC(576) Concurrent Cleanup for Next Mark
[2020-09-11T11:45:31.077+0000][26480][gc,marking   ] GC(576) Concurrent Cleanup for Next Mark 1.432ms
[2020-09-11T11:45:31.077+0000][26480][gc           ] GC(576) Concurrent Cycle 198.821ms
[2020-09-11T11:45:31.295+0000][26480][gc,start     ] GC(577) Pause Young (Concurrent Start) (G1 Humongous Allocation)
[2020-09-11T11:45:31.295+0000][26480][gc,task      ] GC(577) Using 8 workers of 8 for evacuation
[2020-09-11T11:45:31.295+0000][26480][gc,age       ] GC(577) Desired survivor size 33554432 bytes, new threshold 15 (max threshold 15)
[2020-09-11T11:45:31.299+0000][26480][gc,age       ] GC(577) Age table with threshold 15 (max threshold 15)
[2020-09-11T11:45:31.299+0000][26480][gc,age       ] GC(577) - age   1:    2692072 bytes,    2692072 total
[2020-09-11T11:45:31.299+0000][26480][gc,age       ] GC(577) - age   2:       2712 bytes,    2694784 total
[2020-09-11T11:45:31.299+0000][26480][gc,age       ] GC(577) - age   3:       1680 bytes,    2696464 total
[2020-09-11T11:45:31.299+0000][26480][gc,age       ] GC(577) - age   4:      15000 bytes,    2711464 total
[2020-09-11T11:45:31.299+0000][26480][gc,age       ] GC(577) - age   5:       1680 bytes,    2713144 total
[2020-09-11T11:45:31.299+0000][26480][gc,age       ] GC(577) - age   6:        296 bytes,    2713440 total
[2020-09-11T11:45:31.299+0000][26480][gc,age       ] GC(577) - age   7:        816 bytes,    2714256 total
[2020-09-11T11:45:31.299+0000][26480][gc,age       ] GC(577) - age   8:        576 bytes,    2714832 total
[2020-09-11T11:45:31.299+0000][26480][gc,age       ] GC(577) - age   9:     141616 bytes,    2856448 total
[2020-09-11T11:45:31.299+0000][26480][gc,age       ] GC(577) - age  10:         24 bytes,    2856472 total
[2020-09-11T11:45:31.299+0000][26480][gc,age       ] GC(577) - age  11:        640 bytes,    2857112 total
[2020-09-11T11:45:31.300+0000][26480][gc,age       ] GC(577) - age  12:        608 bytes,    2857720 total
[2020-09-11T11:45:31.300+0000][26480][gc,age       ] GC(577) - age  13:      19680 bytes,    2877400 total
[2020-09-11T11:45:31.300+0000][26480][gc,age       ] GC(577) - age  14:      93416 bytes,    2970816 total
[2020-09-11T11:45:31.300+0000][26480][gc,age       ] GC(577) - age  15:      93264 bytes,    3064080 total
[2020-09-11T11:45:31.300+0000][26480][gc,phases    ] GC(577)   Pre Evacuate Collection Set: 0.4ms
[2020-09-11T11:45:31.300+0000][26480][gc,phases    ] GC(577)   Merge Heap Roots: 0.1ms
[2020-09-11T11:45:31.300+0000][26480][gc,phases    ] GC(577)   Evacuate Collection Set: 2.9ms
[2020-09-11T11:45:31.300+0000][26480][gc,phases    ] GC(577)   Post Evacuate Collection Set: 0.7ms
[2020-09-11T11:45:31.300+0000][26480][gc,phases    ] GC(577)   Other: 0.8ms
[2020-09-11T11:45:31.300+0000][26480][gc,heap      ] GC(577) Eden regions: 41->0(504)
[2020-09-11T11:45:31.300+0000][26480][gc,heap      ] GC(577) Survivor regions: 3->4(64)
[2020-09-11T11:45:31.300+0000][26480][gc,heap      ] GC(577) Old regions: 80->80
[2020-09-11T11:45:31.300+0000][26480][gc,heap      ] GC(577) Archive regions: 0->0
[2020-09-11T11:45:31.300+0000][26480][gc,heap      ] GC(577) Humongous regions: 255->174
[2020-09-11T11:45:31.300+0000][26480][gc,metaspace ] GC(577) Metaspace: 89804K(95896K)->89804K(95896K) NonClass: 78482K(82072K)->78482K(82072K) Class: 11322K(13824K)->11322K(13824K)
[2020-09-11T11:45:31.300+0000][26480][gc           ] GC(577) Pause Young (Concurrent Start) (G1 Humongous Allocation) 378M->256M(1024M) 5.058ms
[2020-09-11T11:45:31.300+0000][26480][gc,cpu       ] GC(577) User=0.00s Sys=0.00s Real=0.00s
[2020-09-11T11:45:31.300+0000][26480][safepoint    ] Safepoint "G1TryInitiateConcMark", Time since last: 218731800 ns, Reaching safepoint: 156200 ns, At safepoint: 5219100 ns, Total: 5375300 ns
[2020-09-11T11:45:31.300+0000][26480][gc           ] GC(578) Concurrent Cycle
[2020-09-11T11:45:31.300+0000][26480][gc,marking   ] GC(578) Concurrent Clear Claimed Marks
[2020-09-11T11:45:31.301+0000][26480][gc,marking   ] GC(578) Concurrent Clear Claimed Marks 0.425ms
[2020-09-11T11:45:31.301+0000][26480][gc,marking   ] GC(578) Concurrent Scan Root Regions
[2020-09-11T11:45:31.303+0000][26480][gc,marking   ] GC(578) Concurrent Scan Root Regions 2.322ms
[2020-09-11T11:45:31.303+0000][26480][gc,marking   ] GC(578) Concurrent Mark (7136.437s)
[2020-09-11T11:45:31.303+0000][26480][gc,marking   ] GC(578) Concurrent Mark From Roots
[2020-09-11T11:45:31.303+0000][26480][gc,task      ] GC(578) Using 2 workers of 2 for marking
[2020-09-11T11:45:31.429+0000][26480][gc,marking   ] GC(578) Concurrent Mark From Roots 126.357ms
[2020-09-11T11:45:31.430+0000][26480][gc,marking   ] GC(578) Concurrent Preclean
[2020-09-11T11:45:31.430+0000][26480][gc,marking   ] GC(578) Concurrent Preclean 0.772ms
[2020-09-11T11:45:31.430+0000][26480][gc,marking   ] GC(578) Concurrent Mark (7136.437s, 7136.565s) 127.307ms
[2020-09-11T11:45:31.431+0000][26480][gc,start     ] GC(578) Pause Remark
[2020-09-11T11:45:31.437+0000][26480][gc           ] GC(578) Pause Remark 320M->320M(1024M) 6.329ms
[2020-09-11T11:45:31.437+0000][26480][gc,cpu       ] GC(578) User=0.11s Sys=0.00s Real=0.01s
[2020-09-11T11:45:31.437+0000][26480][safepoint    ] Safepoint "G1Concurrent", Time since last: 130444300 ns, Reaching safepoint: 132500 ns, At safepoint: 6558100 ns, Total: 6690600 ns
[2020-09-11T11:45:31.437+0000][26480][gc,marking   ] GC(578) Concurrent Rebuild Remembered Sets
[2020-09-11T11:45:31.524+0000][26480][gc,marking   ] GC(578) Concurrent Rebuild Remembered Sets 86.349ms
[2020-09-11T11:45:31.524+0000][26480][gc,start     ] GC(578) Pause Cleanup
[2020-09-11T11:45:31.524+0000][26480][gc           ] GC(578) Pause Cleanup 390M->390M(1024M) 0.304ms
[2020-09-11T11:45:31.524+0000][26480][gc,cpu       ] GC(578) User=0.00s Sys=0.00s Real=0.00s
[2020-09-11T11:45:31.524+0000][26480][safepoint    ] Safepoint "G1Concurrent", Time since last: 86502300 ns, Reaching safepoint: 123700 ns, At safepoint: 465300 ns, Total: 589000 ns
[2020-09-11T11:45:31.524+0000][26480][gc,marking   ] GC(578) Concurrent Cleanup for Next Mark
[2020-09-11T11:45:31.526+0000][26480][gc,marking   ] GC(578) Concurrent Cleanup for Next Mark 1.465ms
[2020-09-11T11:45:31.526+0000][26480][gc           ] GC(578) Concurrent Cycle 225.919ms
[2020-09-11T11:45:31.646+0000][26480][gc,start     ] GC(579) Pause Young (Concurrent Start) (G1 Humongous Allocation)
[2020-09-11T11:45:31.646+0000][26480][gc,task      ] GC(579) Using 8 workers of 8 for evacuation
[2020-09-11T11:45:31.646+0000][26480][gc,age       ] GC(579) Desired survivor size 33554432 bytes, new threshold 15 (max threshold 15)
[2020-09-11T11:45:31.650+0000][26480][gc,age       ] GC(579) Age table with threshold 15 (max threshold 15)
[2020-09-11T11:45:31.650+0000][26480][gc,age       ] GC(579) - age   1:    1027152 bytes,    1027152 total
[2020-09-11T11:45:31.650+0000][26480][gc,age       ] GC(579) - age   2:      13696 bytes,    1040848 total
[2020-09-11T11:45:31.650+0000][26480][gc,age       ] GC(579) - age   3:       2640 bytes,    1043488 total
[2020-09-11T11:45:31.650+0000][26480][gc,age       ] GC(579) - age   4:        760 bytes,    1044248 total
[2020-09-11T11:45:31.650+0000][26480][gc,age       ] GC(579) - age   5:      14904 bytes,    1059152 total
[2020-09-11T11:45:31.650+0000][26480][gc,age       ] GC(579) - age   6:       1648 bytes,    1060800 total
[2020-09-11T11:45:31.650+0000][26480][gc,age       ] GC(579) - age   7:        296 bytes,    1061096 total
[2020-09-11T11:45:31.650+0000][26480][gc,age       ] GC(579) - age   8:        816 bytes,    1061912 total
[2020-09-11T11:45:31.650+0000][26480][gc,age       ] GC(579) - age   9:        576 bytes,    1062488 total
[2020-09-11T11:45:31.650+0000][26480][gc,age       ] GC(579) - age  10:     141616 bytes,    1204104 total
[2020-09-11T11:45:31.650+0000][26480][gc,age       ] GC(579) - age  11:         24 bytes,    1204128 total
[2020-09-11T11:45:31.650+0000][26480][gc,age       ] GC(579) - age  12:        640 bytes,    1204768 total
[2020-09-11T11:45:31.650+0000][26480][gc,age       ] GC(579) - age  13:        608 bytes,    1205376 total
[2020-09-11T11:45:31.650+0000][26480][gc,age       ] GC(579) - age  14:      19680 bytes,    1225056 total
[2020-09-11T11:45:31.650+0000][26480][gc,age       ] GC(579) - age  15:      93352 bytes,    1318408 total
[2020-09-11T11:45:31.651+0000][26480][gc,phases    ] GC(579)   Pre Evacuate Collection Set: 0.5ms
[2020-09-11T11:45:31.651+0000][26480][gc,phases    ] GC(579)   Merge Heap Roots: 0.1ms
[2020-09-11T11:45:31.651+0000][26480][gc,phases    ] GC(579)   Evacuate Collection Set: 2.1ms
[2020-09-11T11:45:31.651+0000][26480][gc,phases    ] GC(579)   Post Evacuate Collection Set: 0.8ms
[2020-09-11T11:45:31.651+0000][26480][gc,phases    ] GC(579)   Other: 1.1ms
[2020-09-11T11:45:31.651+0000][26480][gc,heap      ] GC(579) Eden regions: 36->0(506)
[2020-09-11T11:45:31.651+0000][26480][gc,heap      ] GC(579) Survivor regions: 4->2(64)
[2020-09-11T11:45:31.651+0000][26480][gc,heap      ] GC(579) Old regions: 80->80
[2020-09-11T11:45:31.651+0000][26480][gc,heap      ] GC(579) Archive regions: 0->0
[2020-09-11T11:45:31.651+0000][26480][gc,heap      ] GC(579) Humongous regions: 278->174
[2020-09-11T11:45:31.651+0000][26480][gc,metaspace ] GC(579) Metaspace: 89804K(95896K)->89804K(95896K) NonClass: 78482K(82072K)->78482K(82072K) Class: 11322K(13824K)->11322K(13824K)
[2020-09-11T11:45:31.651+0000][26480][gc           ] GC(579) Pause Young (Concurrent Start) (G1 Humongous Allocation) 396M->254M(1024M) 4.895ms
[2020-09-11T11:45:31.651+0000][26480][gc,cpu       ] GC(579) User=0.02s Sys=0.00s Real=0.01s
[2020-09-11T11:45:31.651+0000][26480][gc           ] GC(580) Concurrent Cycle
[2020-09-11T11:45:31.651+0000][26480][safepoint    ] Safepoint "G1TryInitiateConcMark", Time since last: 121648000 ns, Reaching safepoint: 165100 ns, At safepoint: 5079000 ns, Total: 5244100 ns
[2020-09-11T11:45:31.651+0000][26480][gc,marking   ] GC(580) Concurrent Clear Claimed Marks
[2020-09-11T11:45:31.652+0000][26480][gc,marking   ] GC(580) Concurrent Clear Claimed Marks 0.459ms
[2020-09-11T11:45:31.652+0000][26480][gc,marking   ] GC(580) Concurrent Scan Root Regions
[2020-09-11T11:45:31.653+0000][26480][gc,marking   ] GC(580) Concurrent Scan Root Regions 1.480ms
[2020-09-11T11:45:31.653+0000][26480][gc,marking   ] GC(580) Concurrent Mark (7136.788s)
[2020-09-11T11:45:31.653+0000][26480][gc,marking   ] GC(580) Concurrent Mark From Roots
[2020-09-11T11:45:31.653+0000][26480][gc,task      ] GC(580) Using 2 workers of 2 for marking
[2020-09-11T11:45:31.760+0000][26480][gc,marking   ] GC(580) Concurrent Mark From Roots 106.788ms
[2020-09-11T11:45:31.760+0000][26480][gc,marking   ] GC(580) Concurrent Preclean
[2020-09-11T11:45:31.761+0000][26480][gc,marking   ] GC(580) Concurrent Preclean 0.692ms
[2020-09-11T11:45:31.761+0000][26480][gc,marking   ] GC(580) Concurrent Mark (7136.788s, 7136.895s) 107.653ms
[2020-09-11T11:45:31.761+0000][26480][gc,start     ] GC(580) Pause Remark
[2020-09-11T11:45:31.767+0000][26480][gc           ] GC(580) Pause Remark 270M->270M(1024M) 6.037ms
[2020-09-11T11:45:31.767+0000][26480][gc,cpu       ] GC(580) User=0.00s Sys=0.00s Real=0.01s
[2020-09-11T11:45:31.767+0000][26480][safepoint    ] Safepoint "G1Concurrent", Time since last: 109869500 ns, Reaching safepoint: 177500 ns, At safepoint: 6221200 ns, Total: 6398700 ns
[2020-09-11T11:45:31.767+0000][26480][gc,marking   ] GC(580) Concurrent Rebuild Remembered Sets
[2020-09-11T11:45:31.845+0000][26480][gc,marking   ] GC(580) Concurrent Rebuild Remembered Sets 77.434ms
[2020-09-11T11:45:31.845+0000][26480][gc,start     ] GC(580) Pause Cleanup
[2020-09-11T11:45:31.845+0000][26480][gc           ] GC(580) Pause Cleanup 288M->288M(1024M) 0.295ms
[2020-09-11T11:45:31.846+0000][26480][gc,cpu       ] GC(580) User=0.00s Sys=0.00s Real=0.00s
[2020-09-11T11:45:31.846+0000][26480][safepoint    ] Safepoint "G1Concurrent", Time since last: 77604500 ns, Reaching safepoint: 178800 ns, At safepoint: 454400 ns, Total: 633200 ns
[2020-09-11T11:45:31.846+0000][26480][gc,marking   ] GC(580) Concurrent Cleanup for Next Mark
[2020-09-11T11:45:31.847+0000][26480][gc,marking   ] GC(580) Concurrent Cleanup for Next Mark 1.719ms
[2020-09-11T11:45:31.847+0000][26480][gc           ] GC(580) Concurrent Cycle 196.371ms
[2020-09-11T11:45:31.955+0000][26480][gc,start     ] GC(581) Pause Young (Concurrent Start) (G1 Humongous Allocation)
[2020-09-11T11:45:31.955+0000][26480][gc,task      ] GC(581) Using 8 workers of 8 for evacuation
[2020-09-11T11:45:31.955+0000][26480][gc,age       ] GC(581) Desired survivor size 33554432 bytes, new threshold 15 (max threshold 15)
[2020-09-11T11:45:31.958+0000][26480][gc,age       ] GC(581) Age table with threshold 15 (max threshold 15)
[2020-09-11T11:45:31.958+0000][26480][gc,age       ] GC(581) - age   1:    1915112 bytes,    1915112 total
[2020-09-11T11:45:31.958+0000][26480][gc,age       ] GC(581) - age   2:     402792 bytes,    2317904 total
[2020-09-11T11:45:31.958+0000][26480][gc,age       ] GC(581) - age   3:      10272 bytes,    2328176 total
[2020-09-11T11:45:31.958+0000][26480][gc,age       ] GC(581) - age   4:       2176 bytes,    2330352 total
[2020-09-11T11:45:31.958+0000][26480][gc,age       ] GC(581) - age   5:        664 bytes,    2331016 total
[2020-09-11T11:45:31.958+0000][26480][gc,age       ] GC(581) - age   6:      14872 bytes,    2345888 total
[2020-09-11T11:45:31.959+0000][26480][gc,age       ] GC(581) - age   7:       1360 bytes,    2347248 total
[2020-09-11T11:45:31.959+0000][26480][gc,age       ] GC(581) - age   8:        296 bytes,    2347544 total
[2020-09-11T11:45:31.959+0000][26480][gc,age       ] GC(581) - age   9:        816 bytes,    2348360 total
[2020-09-11T11:45:31.959+0000][26480][gc,age       ] GC(581) - age  10:        576 bytes,    2348936 total
[2020-09-11T11:45:31.959+0000][26480][gc,age       ] GC(581) - age  11:     141616 bytes,    2490552 total
[2020-09-11T11:45:31.959+0000][26480][gc,age       ] GC(581) - age  12:         24 bytes,    2490576 total
[2020-09-11T11:45:31.959+0000][26480][gc,age       ] GC(581) - age  13:        512 bytes,    2491088 total
[2020-09-11T11:45:31.959+0000][26480][gc,age       ] GC(581) - age  14:        608 bytes,    2491696 total
[2020-09-11T11:45:31.959+0000][26480][gc,age       ] GC(581) - age  15:      19680 bytes,    2511376 total
[2020-09-11T11:45:31.959+0000][26480][gc,phases    ] GC(581)   Pre Evacuate Collection Set: 0.4ms
[2020-09-11T11:45:31.959+0000][26480][gc,phases    ] GC(581)   Merge Heap Roots: 0.1ms
[2020-09-11T11:45:31.959+0000][26480][gc,phases    ] GC(581)   Evacuate Collection Set: 2.0ms
[2020-09-11T11:45:31.959+0000][26480][gc,phases    ] GC(581)   Post Evacuate Collection Set: 0.6ms
[2020-09-11T11:45:31.959+0000][26480][gc,phases    ] GC(581)   Other: 0.7ms
[2020-09-11T11:45:31.959+0000][26480][gc,heap      ] GC(581) Eden regions: 24->0(505)
[2020-09-11T11:45:31.959+0000][26480][gc,heap      ] GC(581) Survivor regions: 2->3(64)
[2020-09-11T11:45:31.959+0000][26480][gc,heap      ] GC(581) Old regions: 80->80
[2020-09-11T11:45:31.959+0000][26480][gc,heap      ] GC(581) Archive regions: 0->0
[2020-09-11T11:45:31.959+0000][26480][gc,heap      ] GC(581) Humongous regions: 227->174
[2020-09-11T11:45:31.959+0000][26480][gc,metaspace ] GC(581) Metaspace: 89804K(95896K)->89804K(95896K) NonClass: 78482K(82072K)->78482K(82072K) Class: 11322K(13824K)->11322K(13824K)
[2020-09-11T11:45:31.959+0000][26480][gc           ] GC(581) Pause Young (Concurrent Start) (G1 Humongous Allocation) 331M->256M(1024M) 3.953ms
[2020-09-11T11:45:31.959+0000][26480][gc,cpu       ] GC(581) User=0.00s Sys=0.00s Real=0.00s
[2020-09-11T11:45:31.959+0000][26480][safepoint    ] Safepoint "G1TryInitiateConcMark", Time since last: 109187200 ns, Reaching safepoint: 242600 ns, At safepoint: 4085400 ns, Total: 4328000 ns
[2020-09-11T11:45:31.959+0000][26480][gc           ] GC(582) Concurrent Cycle
[2020-09-11T11:45:31.959+0000][26480][gc,marking   ] GC(582) Concurrent Clear Claimed Marks
[2020-09-11T11:45:31.960+0000][26480][gc,marking   ] GC(582) Concurrent Clear Claimed Marks 0.409ms
[2020-09-11T11:45:31.960+0000][26480][gc,marking   ] GC(582) Concurrent Scan Root Regions
[2020-09-11T11:45:31.962+0000][26480][gc,marking   ] GC(582) Concurrent Scan Root Regions 2.017ms
[2020-09-11T11:45:31.962+0000][26480][gc,marking   ] GC(582) Concurrent Mark (7137.096s)
[2020-09-11T11:45:31.962+0000][26480][gc,marking   ] GC(582) Concurrent Mark From Roots
[2020-09-11T11:45:31.962+0000][26480][gc,task      ] GC(582) Using 2 workers of 2 for marking
[2020-09-11T11:45:32.069+0000][26480][gc,marking   ] GC(582) Concurrent Mark From Roots 106.944ms
[2020-09-11T11:45:32.069+0000][26480][gc,marking   ] GC(582) Concurrent Preclean
[2020-09-11T11:45:32.069+0000][26480][gc,marking   ] GC(582) Concurrent Preclean 0.452ms
[2020-09-11T11:45:32.069+0000][26480][gc,marking   ] GC(582) Concurrent Mark (7137.096s, 7137.204s) 107.524ms
[2020-09-11T11:45:32.070+0000][26480][gc,start     ] GC(582) Pause Remark
[2020-09-11T11:45:32.082+0000][26480][gc           ] GC(582) Pause Remark 290M->290M(1024M) 12.027ms
[2020-09-11T11:45:32.082+0000][26480][gc,cpu       ] GC(582) User=0.11s Sys=0.00s Real=0.01s
[2020-09-11T11:45:32.082+0000][26480][safepoint    ] Safepoint "G1Concurrent", Time since last: 110381700 ns, Reaching safepoint: 253600 ns, At safepoint: 12290900 ns, Total: 12544500 ns
[2020-09-11T11:45:32.082+0000][26480][gc,marking   ] GC(582) Concurrent Rebuild Remembered Sets
[2020-09-11T11:45:32.124+0000][26480][safepoint    ] Safepoint "ICBufferFull", Time since last: 41568800 ns, Reaching safepoint: 700300 ns, At safepoint: 43000 ns, Total: 743300 ns
[2020-09-11T11:45:32.162+0000][26480][gc,marking   ] GC(582) Concurrent Rebuild Remembered Sets 79.797ms
[2020-09-11T11:45:32.162+0000][26480][gc,start     ] GC(582) Pause Cleanup
[2020-09-11T11:45:32.162+0000][26480][gc           ] GC(582) Pause Cleanup 361M->361M(1024M) 0.284ms
[2020-09-11T11:45:32.163+0000][26480][gc,cpu       ] GC(582) User=0.00s Sys=0.00s Real=0.00s
[2020-09-11T11:45:32.163+0000][26480][safepoint    ] Safepoint "G1Concurrent", Time since last: 37641900 ns, Reaching safepoint: 149400 ns, At safepoint: 439500 ns, Total: 588900 ns
[2020-09-11T11:45:32.163+0000][26480][gc,marking   ] GC(582) Concurrent Cleanup for Next Mark
[2020-09-11T11:45:32.165+0000][26480][gc,marking   ] GC(582) Concurrent Cleanup for Next Mark 2.039ms
[2020-09-11T11:45:32.165+0000][26480][gc           ] GC(582) Concurrent Cycle 205.658ms
[2020-09-11T11:45:32.270+0000][26480][gc,start     ] GC(583) Pause Young (Concurrent Start) (G1 Humongous Allocation)
[2020-09-11T11:45:32.270+0000][26480][gc,task      ] GC(583) Using 8 workers of 8 for evacuation
[2020-09-11T11:45:32.270+0000][26480][gc,age       ] GC(583) Desired survivor size 33554432 bytes, new threshold 15 (max threshold 15)
[2020-09-11T11:45:32.274+0000][26480][gc,age       ] GC(583) Age table with threshold 15 (max threshold 15)
[2020-09-11T11:45:32.274+0000][26480][gc,age       ] GC(583) - age   1:    2989760 bytes,    2989760 total
[2020-09-11T11:45:32.274+0000][26480][gc,age       ] GC(583) - age   2:     109352 bytes,    3099112 total
[2020-09-11T11:45:32.274+0000][26480][gc,age       ] GC(583) - age   3:     402728 bytes,    3501840 total
[2020-09-11T11:45:32.274+0000][26480][gc,age       ] GC(583) - age   4:       6872 bytes,    3508712 total
[2020-09-11T11:45:32.274+0000][26480][gc,age       ] GC(583) - age   5:       1952 bytes,    3510664 total
[2020-09-11T11:45:32.274+0000][26480][gc,age       ] GC(583) - age   6:        472 bytes,    3511136 total
[2020-09-11T11:45:32.274+0000][26480][gc,age       ] GC(583) - age   7:      12080 bytes,    3523216 total
[2020-09-11T11:45:32.274+0000][26480][gc,age       ] GC(583) - age   8:       1360 bytes,    3524576 total
[2020-09-11T11:45:32.274+0000][26480][gc,age       ] GC(583) - age   9:        232 bytes,    3524808 total
[2020-09-11T11:45:32.274+0000][26480][gc,age       ] GC(583) - age  10:        816 bytes,    3525624 total
[2020-09-11T11:45:32.274+0000][26480][gc,age       ] GC(583) - age  11:        576 bytes,    3526200 total
[2020-09-11T11:45:32.274+0000][26480][gc,age       ] GC(583) - age  12:     141616 bytes,    3667816 total
[2020-09-11T11:45:32.274+0000][26480][gc,age       ] GC(583) - age  13:         24 bytes,    3667840 total
[2020-09-11T11:45:32.274+0000][26480][gc,age       ] GC(583) - age  14:        512 bytes,    3668352 total
[2020-09-11T11:45:32.274+0000][26480][gc,age       ] GC(583) - age  15:        608 bytes,    3668960 total
[2020-09-11T11:45:32.274+0000][26480][gc,phases    ] GC(583)   Pre Evacuate Collection Set: 0.4ms
[2020-09-11T11:45:32.274+0000][26480][gc,phases    ] GC(583)   Merge Heap Roots: 0.1ms
[2020-09-11T11:45:32.274+0000][26480][gc,phases    ] GC(583)   Evacuate Collection Set: 2.0ms
[2020-09-11T11:45:32.274+0000][26480][gc,phases    ] GC(583)   Post Evacuate Collection Set: 0.5ms
[2020-09-11T11:45:32.274+0000][26480][gc,phases    ] GC(583)   Other: 0.7ms
[2020-09-11T11:45:32.274+0000][26480][gc,heap      ] GC(583) Eden regions: 33->0(504)
[2020-09-11T11:45:32.274+0000][26480][gc,heap      ] GC(583) Survivor regions: 3->4(64)
[2020-09-11T11:45:32.274+0000][26480][gc,heap      ] GC(583) Old regions: 80->80
[2020-09-11T11:45:32.274+0000][26480][gc,heap      ] GC(583) Archive regions: 0->0
[2020-09-11T11:45:32.274+0000][26480][gc,heap      ] GC(583) Humongous regions: 255->174
[2020-09-11T11:45:32.274+0000][26480][gc,metaspace ] GC(583) Metaspace: 89801K(95896K)->89801K(95896K) NonClass: 78480K(82072K)->78480K(82072K) Class: 11320K(13824K)->11320K(13824K)
[2020-09-11T11:45:32.274+0000][26480][gc           ] GC(583) Pause Young (Concurrent Start) (G1 Humongous Allocation) 369M->257M(1024M) 3.884ms
[2020-09-11T11:45:32.274+0000][26480][gc,cpu       ] GC(583) User=0.00s Sys=0.00s Real=0.00s
[2020-09-11T11:45:32.274+0000][26480][safepoint    ] Safepoint "G1TryInitiateConcMark", Time since last: 107545500 ns, Reaching safepoint: 138300 ns, At safepoint: 4029200 ns, Total: 4167500 ns
[2020-09-11T11:45:32.274+0000][26480][gc           ] GC(584) Concurrent Cycle
[2020-09-11T11:45:32.274+0000][26480][gc,marking   ] GC(584) Concurrent Clear Claimed Marks
[2020-09-11T11:45:32.275+0000][26480][gc,marking   ] GC(584) Concurrent Clear Claimed Marks 0.645ms
[2020-09-11T11:45:32.275+0000][26480][gc,marking   ] GC(584) Concurrent Scan Root Regions
[2020-09-11T11:45:32.277+0000][26480][gc,marking   ] GC(584) Concurrent Scan Root Regions 2.087ms
[2020-09-11T11:45:32.277+0000][26480][gc,marking   ] GC(584) Concurrent Mark (7137.412s)
[2020-09-11T11:45:32.277+0000][26480][gc,marking   ] GC(584) Concurrent Mark From Roots
[2020-09-11T11:45:32.277+0000][26480][gc,task      ] GC(584) Using 2 workers of 2 for marking
[2020-09-11T11:45:32.389+0000][26480][gc,marking   ] GC(584) Concurrent Mark From Roots 112.574ms
[2020-09-11T11:45:32.390+0000][26480][gc,marking   ] GC(584) Concurrent Preclean
[2020-09-11T11:45:32.390+0000][26480][gc,marking   ] GC(584) Concurrent Preclean 0.664ms
[2020-09-11T11:45:32.390+0000][26480][gc,marking   ] GC(584) Concurrent Mark (7137.412s, 7137.525s) 113.398ms
[2020-09-11T11:45:32.390+0000][26480][gc,start     ] GC(584) Pause Remark
[2020-09-11T11:45:32.397+0000][26480][gc           ] GC(584) Pause Remark 322M->322M(1024M) 6.466ms
[2020-09-11T11:45:32.397+0000][26480][gc,cpu       ] GC(584) User=0.00s Sys=0.00s Real=0.01s
[2020-09-11T11:45:32.397+0000][26480][safepoint    ] Safepoint "G1Concurrent", Time since last: 116482100 ns, Reaching safepoint: 140200 ns, At safepoint: 6708900 ns, Total: 6849100 ns
[2020-09-11T11:45:32.397+0000][26480][gc,marking   ] GC(584) Concurrent Rebuild Remembered Sets
[2020-09-11T11:45:32.489+0000][26480][gc,marking   ] GC(584) Concurrent Rebuild Remembered Sets 90.965ms
[2020-09-11T11:45:32.489+0000][26480][gc,start     ] GC(584) Pause Cleanup
[2020-09-11T11:45:32.489+0000][26480][gc           ] GC(584) Pause Cleanup 329M->329M(1024M) 0.371ms
[2020-09-11T11:45:32.489+0000][26480][gc,cpu       ] GC(584) User=0.00s Sys=0.00s Real=0.00s
[2020-09-11T11:45:32.489+0000][26480][safepoint    ] Safepoint "G1Concurrent", Time since last: 91164400 ns, Reaching safepoint: 208800 ns, At safepoint: 537500 ns, Total: 746300 ns
[2020-09-11T11:45:32.490+0000][26480][gc,marking   ] GC(584) Concurrent Cleanup for Next Mark
[2020-09-11T11:45:32.492+0000][26480][gc,marking   ] GC(584) Concurrent Cleanup for Next Mark 2.040ms
[2020-09-11T11:45:32.492+0000][26480][gc           ] GC(584) Concurrent Cycle 217.496ms
[2020-09-11T11:45:32.590+0000][26480][gc,start     ] GC(585) Pause Young (Concurrent Start) (G1 Humongous Allocation)
[2020-09-11T11:45:32.590+0000][26480][gc,task      ] GC(585) Using 8 workers of 8 for evacuation
[2020-09-11T11:45:32.590+0000][26480][gc,age       ] GC(585) Desired survivor size 33554432 bytes, new threshold 15 (max threshold 15)
[2020-09-11T11:45:32.594+0000][26480][gc,age       ] GC(585) Age table with threshold 15 (max threshold 15)
[2020-09-11T11:45:32.594+0000][26480][gc,age       ] GC(585) - age   1:    2690672 bytes,    2690672 total
[2020-09-11T11:45:32.594+0000][26480][gc,age       ] GC(585) - age   2:       1808 bytes,    2692480 total
[2020-09-11T11:45:32.594+0000][26480][gc,age       ] GC(585) - age   3:       2040 bytes,    2694520 total
[2020-09-11T11:45:32.594+0000][26480][gc,age       ] GC(585) - age   4:       1104 bytes,    2695624 total
[2020-09-11T11:45:32.594+0000][26480][gc,age       ] GC(585) - age   5:       4432 bytes,    2700056 total
[2020-09-11T11:45:32.594+0000][26480][gc,age       ] GC(585) - age   6:       1760 bytes,    2701816 total
[2020-09-11T11:45:32.594+0000][26480][gc,age       ] GC(585) - age   7:        472 bytes,    2702288 total
[2020-09-11T11:45:32.594+0000][26480][gc,age       ] GC(585) - age   8:      12080 bytes,    2714368 total
[2020-09-11T11:45:32.594+0000][26480][gc,age       ] GC(585) - age   9:       1360 bytes,    2715728 total
[2020-09-11T11:45:32.594+0000][26480][gc,age       ] GC(585) - age  10:        168 bytes,    2715896 total
[2020-09-11T11:45:32.594+0000][26480][gc,age       ] GC(585) - age  11:        816 bytes,    2716712 total
[2020-09-11T11:45:32.594+0000][26480][gc,age       ] GC(585) - age  12:        576 bytes,    2717288 total
[2020-09-11T11:45:32.594+0000][26480][gc,age       ] GC(585) - age  13:     141616 bytes,    2858904 total
[2020-09-11T11:45:32.594+0000][26480][gc,age       ] GC(585) - age  14:         24 bytes,    2858928 total
[2020-09-11T11:45:32.594+0000][26480][gc,age       ] GC(585) - age  15:        512 bytes,    2859440 total
[2020-09-11T11:45:32.594+0000][26480][gc,phases    ] GC(585)   Pre Evacuate Collection Set: 0.5ms
[2020-09-11T11:45:32.594+0000][26480][gc,phases    ] GC(585)   Merge Heap Roots: 0.1ms
[2020-09-11T11:45:32.594+0000][26480][gc,phases    ] GC(585)   Evacuate Collection Set: 2.0ms
[2020-09-11T11:45:32.594+0000][26480][gc,phases    ] GC(585)   Post Evacuate Collection Set: 0.6ms
[2020-09-11T11:45:32.594+0000][26480][gc,phases    ] GC(585)   Other: 0.9ms
[2020-09-11T11:45:32.594+0000][26480][gc,heap      ] GC(585) Eden regions: 22->0(504)
[2020-09-11T11:45:32.594+0000][26480][gc,heap      ] GC(585) Survivor regions: 4->3(64)
[2020-09-11T11:45:32.594+0000][26480][gc,heap      ] GC(585) Old regions: 80->80
[2020-09-11T11:45:32.594+0000][26480][gc,heap      ] GC(585) Archive regions: 0->0
[2020-09-11T11:45:32.594+0000][26480][gc,heap      ] GC(585) Humongous regions: 231->174
[2020-09-11T11:45:32.594+0000][26480][gc,metaspace ] GC(585) Metaspace: 89801K(95896K)->89801K(95896K) NonClass: 78480K(82072K)->78480K(82072K) Class: 11320K(13824K)->11320K(13824K)
[2020-09-11T11:45:32.594+0000][26480][gc           ] GC(585) Pause Young (Concurrent Start) (G1 Humongous Allocation) 335M->256M(1024M) 4.297ms
[2020-09-11T11:45:32.594+0000][26480][gc,cpu       ] GC(585) User=0.00s Sys=0.00s Real=0.00s
[2020-09-11T11:45:32.595+0000][26480][safepoint    ] Safepoint "G1TryInitiateConcMark", Time since last: 100391900 ns, Reaching safepoint: 171700 ns, At safepoint: 4459000 ns, Total: 4630700 ns
[2020-09-11T11:45:32.595+0000][26480][gc           ] GC(586) Concurrent Cycle
[2020-09-11T11:45:32.595+0000][26480][gc,marking   ] GC(586) Concurrent Clear Claimed Marks
[2020-09-11T11:45:32.595+0000][26480][gc,marking   ] GC(586) Concurrent Clear Claimed Marks 0.462ms
[2020-09-11T11:45:32.595+0000][26480][gc,marking   ] GC(586) Concurrent Scan Root Regions
[2020-09-11T11:45:32.598+0000][26480][gc,marking   ] GC(586) Concurrent Scan Root Regions 2.548ms
[2020-09-11T11:45:32.598+0000][26480][gc,marking   ] GC(586) Concurrent Mark (7137.732s)
[2020-09-11T11:45:32.598+0000][26480][gc,marking   ] GC(586) Concurrent Mark From Roots
[2020-09-11T11:45:32.598+0000][26480][gc,task      ] GC(586) Using 2 workers of 2 for marking
[2020-09-11T11:45:32.739+0000][26480][gc,marking   ] GC(586) Concurrent Mark From Roots 141.282ms
[2020-09-11T11:45:32.739+0000][26480][gc,marking   ] GC(586) Concurrent Preclean
[2020-09-11T11:45:32.740+0000][26480][gc,marking   ] GC(586) Concurrent Preclean 0.687ms
[2020-09-11T11:45:32.740+0000][26480][gc,marking   ] GC(586) Concurrent Mark (7137.732s, 7137.874s) 142.159ms
[2020-09-11T11:45:32.740+0000][26480][gc,start     ] GC(586) Pause Remark
[2020-09-11T11:45:32.747+0000][26480][gc           ] GC(586) Pause Remark 318M->318M(1024M) 6.974ms
[2020-09-11T11:45:32.747+0000][26480][gc,cpu       ] GC(586) User=0.11s Sys=0.00s Real=0.01s
[2020-09-11T11:45:32.747+0000][26480][safepoint    ] Safepoint "G1Concurrent", Time since last: 145571600 ns, Reaching safepoint: 180500 ns, At safepoint: 7214500 ns, Total: 7395000 ns
[2020-09-11T11:45:32.748+0000][26480][gc,marking   ] GC(586) Concurrent Rebuild Remembered Sets
[2020-09-11T11:45:32.838+0000][26480][gc,marking   ] GC(586) Concurrent Rebuild Remembered Sets 89.949ms
[2020-09-11T11:45:32.838+0000][26480][gc,start     ] GC(586) Pause Cleanup
[2020-09-11T11:45:32.838+0000][26480][gc           ] GC(586) Pause Cleanup 389M->389M(1024M) 0.291ms
[2020-09-11T11:45:32.838+0000][26480][gc,cpu       ] GC(586) User=0.00s Sys=0.00s Real=0.00s
[2020-09-11T11:45:32.838+0000][26480][safepoint    ] Safepoint "G1Concurrent", Time since last: 90167100 ns, Reaching safepoint: 165300 ns, At safepoint: 448900 ns, Total: 614200 ns
[2020-09-11T11:45:32.838+0000][26480][gc,marking   ] GC(586) Concurrent Cleanup for Next Mark
[2020-09-11T11:45:32.840+0000][26480][gc,marking   ] GC(586) Concurrent Cleanup for Next Mark 1.460ms
[2020-09-11T11:45:32.840+0000][26480][gc           ] GC(586) Concurrent Cycle 245.374ms
[2020-09-11T11:45:32.973+0000][26480][gc,start     ] GC(587) Pause Young (Concurrent Start) (G1 Humongous Allocation)
[2020-09-11T11:45:32.973+0000][26480][gc,task      ] GC(587) Using 8 workers of 8 for evacuation
[2020-09-11T11:45:32.973+0000][26480][gc,age       ] GC(587) Desired survivor size 33554432 bytes, new threshold 15 (max threshold 15)
[2020-09-11T11:45:32.976+0000][26480][gc,age       ] GC(587) Age table with threshold 15 (max threshold 15)
[2020-09-11T11:45:32.977+0000][26480][gc,age       ] GC(587) - age   1:    1027376 bytes,    1027376 total
[2020-09-11T11:45:32.977+0000][26480][gc,age       ] GC(587) - age   2:      12552 bytes,    1039928 total
[2020-09-11T11:45:32.977+0000][26480][gc,age       ] GC(587) - age   3:       1648 bytes,    1041576 total
[2020-09-11T11:45:32.977+0000][26480][gc,age       ] GC(587) - age   4:       1672 bytes,    1043248 total
[2020-09-11T11:45:32.977+0000][26480][gc,age       ] GC(587) - age   5:        376 bytes,    1043624 total
[2020-09-11T11:45:32.977+0000][26480][gc,age       ] GC(587) - age   6:       4336 bytes,    1047960 total
[2020-09-11T11:45:32.977+0000][26480][gc,age       ] GC(587) - age   7:       1760 bytes,    1049720 total
[2020-09-11T11:45:32.977+0000][26480][gc,age       ] GC(587) - age   8:        472 bytes,    1050192 total
[2020-09-11T11:45:32.977+0000][26480][gc,age       ] GC(587) - age   9:      12040 bytes,    1062232 total
[2020-09-11T11:45:32.977+0000][26480][gc,age       ] GC(587) - age  10:       1288 bytes,    1063520 total
[2020-09-11T11:45:32.977+0000][26480][gc,age       ] GC(587) - age  11:        168 bytes,    1063688 total
[2020-09-11T11:45:32.977+0000][26480][gc,age       ] GC(587) - age  12:        816 bytes,    1064504 total
[2020-09-11T11:45:32.977+0000][26480][gc,age       ] GC(587) - age  13:        576 bytes,    1065080 total
[2020-09-11T11:45:32.977+0000][26480][gc,age       ] GC(587) - age  14:     141616 bytes,    1206696 total
[2020-09-11T11:45:32.977+0000][26480][gc,age       ] GC(587) - age  15:         24 bytes,    1206720 total
[2020-09-11T11:45:32.977+0000][26480][gc,phases    ] GC(587)   Pre Evacuate Collection Set: 0.4ms
[2020-09-11T11:45:32.977+0000][26480][gc,phases    ] GC(587)   Merge Heap Roots: 0.1ms
[2020-09-11T11:45:32.977+0000][26480][gc,phases    ] GC(587)   Evacuate Collection Set: 1.9ms
[2020-09-11T11:45:32.977+0000][26480][gc,phases    ] GC(587)   Post Evacuate Collection Set: 0.6ms
[2020-09-11T11:45:32.977+0000][26480][gc,phases    ] GC(587)   Other: 0.7ms
[2020-09-11T11:45:32.977+0000][26480][gc,heap      ] GC(587) Eden regions: 36->0(506)
[2020-09-11T11:45:32.977+0000][26480][gc,heap      ] GC(587) Survivor regions: 3->2(64)
[2020-09-11T11:45:32.977+0000][26480][gc,heap      ] GC(587) Old regions: 80->80
[2020-09-11T11:45:32.977+0000][26480][gc,heap      ] GC(587) Archive regions: 0->0
[2020-09-11T11:45:32.977+0000][26480][gc,heap      ] GC(587) Humongous regions: 278->174
[2020-09-11T11:45:32.977+0000][26480][gc,metaspace ] GC(587) Metaspace: 89801K(95896K)->89801K(95896K) NonClass: 78480K(82072K)->78480K(82072K) Class: 11320K(13824K)->11320K(13824K)
[2020-09-11T11:45:32.977+0000][26480][gc           ] GC(587) Pause Young (Concurrent Start) (G1 Humongous Allocation) 395M->254M(1024M) 3.937ms
[2020-09-11T11:45:32.977+0000][26480][gc,cpu       ] GC(587) User=0.00s Sys=0.00s Real=0.00s
[2020-09-11T11:45:32.977+0000][26480][safepoint    ] Safepoint "G1TryInitiateConcMark", Time since last: 134758800 ns, Reaching safepoint: 140500 ns, At safepoint: 4074300 ns, Total: 4214800 ns
[2020-09-11T11:45:32.977+0000][26480][gc           ] GC(588) Concurrent Cycle
[2020-09-11T11:45:32.977+0000][26480][gc,marking   ] GC(588) Concurrent Clear Claimed Marks
[2020-09-11T11:45:32.978+0000][26480][gc,marking   ] GC(588) Concurrent Clear Claimed Marks 0.399ms
[2020-09-11T11:45:32.978+0000][26480][gc,marking   ] GC(588) Concurrent Scan Root Regions
[2020-09-11T11:45:32.981+0000][26480][gc,marking   ] GC(588) Concurrent Scan Root Regions 2.774ms
[2020-09-11T11:45:32.981+0000][26480][gc,marking   ] GC(588) Concurrent Mark (7138.115s)
[2020-09-11T11:45:32.981+0000][26480][gc,marking   ] GC(588) Concurrent Mark From Roots
[2020-09-11T11:45:32.981+0000][26480][gc,task      ] GC(588) Using 2 workers of 2 for marking
[2020-09-11T11:45:33.091+0000][26480][gc,marking   ] GC(588) Concurrent Mark From Roots 110.040ms
[2020-09-11T11:45:33.091+0000][26480][gc,marking   ] GC(588) Concurrent Preclean
[2020-09-11T11:45:33.091+0000][26480][gc,marking   ] GC(588) Concurrent Preclean 0.514ms
[2020-09-11T11:45:33.091+0000][26480][gc,marking   ] GC(588) Concurrent Mark (7138.115s, 7138.226s) 110.698ms
[2020-09-11T11:45:33.092+0000][26480][gc,start     ] GC(588) Pause Remark
[2020-09-11T11:45:33.098+0000][26480][gc           ] GC(588) Pause Remark 271M->271M(1024M) 6.000ms
[2020-09-11T11:45:33.098+0000][26480][gc,cpu       ] GC(588) User=0.00s Sys=0.00s Real=0.01s
[2020-09-11T11:45:33.098+0000][26480][safepoint    ] Safepoint "G1Concurrent", Time since last: 114173000 ns, Reaching safepoint: 146900 ns, At safepoint: 6371300 ns, Total: 6518200 ns
[2020-09-11T11:45:33.098+0000][26480][gc,marking   ] GC(588) Concurrent Rebuild Remembered Sets
[2020-09-11T11:45:33.174+0000][26480][gc,marking   ] GC(588) Concurrent Rebuild Remembered Sets 75.866ms
[2020-09-11T11:45:33.174+0000][26480][gc,start     ] GC(588) Pause Cleanup
[2020-09-11T11:45:33.174+0000][26480][gc           ] GC(588) Pause Cleanup 289M->289M(1024M) 0.339ms
[2020-09-11T11:45:33.175+0000][26480][gc,cpu       ] GC(588) User=0.00s Sys=0.00s Real=0.00s
[2020-09-11T11:45:33.175+0000][26480][safepoint    ] Safepoint "G1Concurrent", Time since last: 76051800 ns, Reaching safepoint: 140000 ns, At safepoint: 531800 ns, Total: 671800 ns
[2020-09-11T11:45:33.175+0000][26480][gc,marking   ] GC(588) Concurrent Cleanup for Next Mark
[2020-09-11T11:45:33.177+0000][26480][gc,marking   ] GC(588) Concurrent Cleanup for Next Mark 2.060ms
[2020-09-11T11:45:33.177+0000][26480][gc           ] GC(588) Concurrent Cycle 199.732ms
[2020-09-11T11:45:33.271+0000][26480][gc,start     ] GC(589) Pause Young (Concurrent Start) (G1 Humongous Allocation)
[2020-09-11T11:45:33.271+0000][26480][gc,task      ] GC(589) Using 8 workers of 8 for evacuation
[2020-09-11T11:45:33.271+0000][26480][gc,age       ] GC(589) Desired survivor size 33554432 bytes, new threshold 15 (max threshold 15)
[2020-09-11T11:45:33.275+0000][26480][gc,age       ] GC(589) Age table with threshold 15 (max threshold 15)
[2020-09-11T11:45:33.275+0000][26480][gc,age       ] GC(589) - age   1:    1915248 bytes,    1915248 total
[2020-09-11T11:45:33.275+0000][26480][gc,age       ] GC(589) - age   2:     403016 bytes,    2318264 total
[2020-09-11T11:45:33.275+0000][26480][gc,age       ] GC(589) - age   3:      11976 bytes,    2330240 total
[2020-09-11T11:45:33.275+0000][26480][gc,age       ] GC(589) - age   4:       1080 bytes,    2331320 total
[2020-09-11T11:45:33.275+0000][26480][gc,age       ] GC(589) - age   5:       1448 bytes,    2332768 total
[2020-09-11T11:45:33.275+0000][26480][gc,age       ] GC(589) - age   6:        184 bytes,    2332952 total
[2020-09-11T11:45:33.275+0000][26480][gc,age       ] GC(589) - age   7:       4112 bytes,    2337064 total
[2020-09-11T11:45:33.275+0000][26480][gc,age       ] GC(589) - age   8:       1344 bytes,    2338408 total
[2020-09-11T11:45:33.275+0000][26480][gc,age       ] GC(589) - age   9:        472 bytes,    2338880 total
[2020-09-11T11:45:33.275+0000][26480][gc,age       ] GC(589) - age  10:       9648 bytes,    2348528 total
[2020-09-11T11:45:33.275+0000][26480][gc,age       ] GC(589) - age  11:       1264 bytes,    2349792 total
[2020-09-11T11:45:33.275+0000][26480][gc,age       ] GC(589) - age  12:        168 bytes,    2349960 total
[2020-09-11T11:45:33.275+0000][26480][gc,age       ] GC(589) - age  13:        624 bytes,    2350584 total
[2020-09-11T11:45:33.275+0000][26480][gc,age       ] GC(589) - age  14:        576 bytes,    2351160 total
[2020-09-11T11:45:33.275+0000][26480][gc,age       ] GC(589) - age  15:     141616 bytes,    2492776 total
[2020-09-11T11:45:33.275+0000][26480][gc,phases    ] GC(589)   Pre Evacuate Collection Set: 0.4ms
[2020-09-11T11:45:33.275+0000][26480][gc,phases    ] GC(589)   Merge Heap Roots: 0.1ms
[2020-09-11T11:45:33.275+0000][26480][gc,phases    ] GC(589)   Evacuate Collection Set: 2.1ms
[2020-09-11T11:45:33.275+0000][26480][gc,phases    ] GC(589)   Post Evacuate Collection Set: 0.7ms
[2020-09-11T11:45:33.275+0000][26480][gc,phases    ] GC(589)   Other: 0.8ms
[2020-09-11T11:45:33.275+0000][26480][gc,heap      ] GC(589) Eden regions: 24->0(505)
[2020-09-11T11:45:33.275+0000][26480][gc,heap      ] GC(589) Survivor regions: 2->3(64)
[2020-09-11T11:45:33.275+0000][26480][gc,heap      ] GC(589) Old regions: 80->80
[2020-09-11T11:45:33.275+0000][26480][gc,heap      ] GC(589) Archive regions: 0->0
[2020-09-11T11:45:33.275+0000][26480][gc,heap      ] GC(589) Humongous regions: 227->174
[2020-09-11T11:45:33.275+0000][26480][gc,metaspace ] GC(589) Metaspace: 89801K(95896K)->89801K(95896K) NonClass: 78480K(82072K)->78480K(82072K) Class: 11320K(13824K)->11320K(13824K)
[2020-09-11T11:45:33.275+0000][26480][gc           ] GC(589) Pause Young (Concurrent Start) (G1 Humongous Allocation) 331M->256M(1024M) 4.359ms
[2020-09-11T11:45:33.275+0000][26480][gc,cpu       ] GC(589) User=0.00s Sys=0.00s Real=0.00s
[2020-09-11T11:45:33.275+0000][26480][safepoint    ] Safepoint "G1TryInitiateConcMark", Time since last: 96053400 ns, Reaching safepoint: 173100 ns, At safepoint: 4505300 ns, Total: 4678400 ns
[2020-09-11T11:45:33.275+0000][26480][gc           ] GC(590) Concurrent Cycle
[2020-09-11T11:45:33.275+0000][26480][gc,marking   ] GC(590) Concurrent Clear Claimed Marks
[2020-09-11T11:45:33.276+0000][26480][gc,marking   ] GC(590) Concurrent Clear Claimed Marks 0.499ms
[2020-09-11T11:45:33.276+0000][26480][gc,marking   ] GC(590) Concurrent Scan Root Regions
[2020-09-11T11:45:33.278+0000][26480][gc,marking   ] GC(590) Concurrent Scan Root Regions 2.296ms
[2020-09-11T11:45:33.278+0000][26480][gc,marking   ] GC(590) Concurrent Mark (7138.413s)
[2020-09-11T11:45:33.279+0000][26480][gc,marking   ] GC(590) Concurrent Mark From Roots
[2020-09-11T11:45:33.279+0000][26480][gc,task      ] GC(590) Using 2 workers of 2 for marking
[2020-09-11T11:45:33.425+0000][26480][gc,marking   ] GC(590) Concurrent Mark From Roots 146.475ms
[2020-09-11T11:45:33.425+0000][26480][gc,marking   ] GC(590) Concurrent Preclean
[2020-09-11T11:45:33.426+0000][26480][gc,marking   ] GC(590) Concurrent Preclean 0.506ms
[2020-09-11T11:45:33.426+0000][26480][gc,marking   ] GC(590) Concurrent Mark (7138.413s, 7138.560s) 147.116ms
[2020-09-11T11:45:33.426+0000][26480][gc,start     ] GC(590) Pause Remark
[2020-09-11T11:45:33.432+0000][26480][gc           ] GC(590) Pause Remark 291M->291M(1024M) 5.958ms
[2020-09-11T11:45:33.432+0000][26480][gc,cpu       ] GC(590) User=0.05s Sys=0.00s Real=0.01s
[2020-09-11T11:45:33.432+0000][26480][safepoint    ] Safepoint "G1Concurrent", Time since last: 150276400 ns, Reaching safepoint: 140600 ns, At safepoint: 6241600 ns, Total: 6382200 ns
[2020-09-11T11:45:33.432+0000][26480][gc,marking   ] GC(590) Concurrent Rebuild Remembered Sets
[2020-09-11T11:45:33.518+0000][26480][gc,marking   ] GC(590) Concurrent Rebuild Remembered Sets 86.204ms
[2020-09-11T11:45:33.519+0000][26480][gc,start     ] GC(590) Pause Cleanup
[2020-09-11T11:45:33.519+0000][26480][gc           ] GC(590) Pause Cleanup 362M->362M(1024M) 0.270ms
[2020-09-11T11:45:33.519+0000][26480][gc,cpu       ] GC(590) User=0.00s Sys=0.00s Real=0.00s
[2020-09-11T11:45:33.519+0000][26480][safepoint    ] Safepoint "G1Concurrent", Time since last: 86437800 ns, Reaching safepoint: 222600 ns, At safepoint: 442600 ns, Total: 665200 ns
[2020-09-11T11:45:33.519+0000][26480][gc,marking   ] GC(590) Concurrent Cleanup for Next Mark
[2020-09-11T11:45:33.521+0000][26480][gc,marking   ] GC(590) Concurrent Cleanup for Next Mark 2.030ms
[2020-09-11T11:45:33.521+0000][26480][gc           ] GC(590) Concurrent Cycle 246.025ms
[2020-09-11T11:45:33.643+0000][26480][gc,start     ] GC(591) Pause Young (Concurrent Start) (G1 Humongous Allocation)
[2020-09-11T11:45:33.644+0000][26480][gc,task      ] GC(591) Using 8 workers of 8 for evacuation
[2020-09-11T11:45:33.644+0000][26480][gc,age       ] GC(591) Desired survivor size 33554432 bytes, new threshold 15 (max threshold 15)
[2020-09-11T11:45:33.648+0000][26480][gc,age       ] GC(591) Age table with threshold 15 (max threshold 15)
[2020-09-11T11:45:33.648+0000][26480][gc,age       ] GC(591) - age   1:    2901464 bytes,    2901464 total
[2020-09-11T11:45:33.648+0000][26480][gc,age       ] GC(591) - age   2:     109560 bytes,    3011024 total
[2020-09-11T11:45:33.648+0000][26480][gc,age       ] GC(591) - age   3:     402952 bytes,    3413976 total
[2020-09-11T11:45:33.648+0000][26480][gc,age       ] GC(591) - age   4:      10520 bytes,    3424496 total
[2020-09-11T11:45:33.648+0000][26480][gc,age       ] GC(591) - age   5:       1048 bytes,    3425544 total
[2020-09-11T11:45:33.648+0000][26480][gc,age       ] GC(591) - age   6:       1064 bytes,    3426608 total
[2020-09-11T11:45:33.648+0000][26480][gc,age       ] GC(591) - age   7:        184 bytes,    3426792 total
[2020-09-11T11:45:33.648+0000][26480][gc,age       ] GC(591) - age   8:       1656 bytes,    3428448 total
[2020-09-11T11:45:33.648+0000][26480][gc,age       ] GC(591) - age   9:        984 bytes,    3429432 total
[2020-09-11T11:45:33.648+0000][26480][gc,age       ] GC(591) - age  10:        408 bytes,    3429840 total
[2020-09-11T11:45:33.648+0000][26480][gc,age       ] GC(591) - age  11:       9648 bytes,    3439488 total
[2020-09-11T11:45:33.648+0000][26480][gc,age       ] GC(591) - age  12:       1136 bytes,    3440624 total
[2020-09-11T11:45:33.648+0000][26480][gc,age       ] GC(591) - age  13:        168 bytes,    3440792 total
[2020-09-11T11:45:33.648+0000][26480][gc,age       ] GC(591) - age  14:        624 bytes,    3441416 total
[2020-09-11T11:45:33.648+0000][26480][gc,age       ] GC(591) - age  15:        240 bytes,    3441656 total
[2020-09-11T11:45:33.648+0000][26480][gc,phases    ] GC(591)   Pre Evacuate Collection Set: 0.5ms
[2020-09-11T11:45:33.648+0000][26480][gc,phases    ] GC(591)   Merge Heap Roots: 0.1ms
[2020-09-11T11:45:33.648+0000][26480][gc,phases    ] GC(591)   Evacuate Collection Set: 2.1ms
[2020-09-11T11:45:33.648+0000][26480][gc,phases    ] GC(591)   Post Evacuate Collection Set: 0.9ms
[2020-09-11T11:45:33.648+0000][26480][gc,phases    ] GC(591)   Other: 0.8ms
[2020-09-11T11:45:33.648+0000][26480][gc,heap      ] GC(591) Eden regions: 34->0(503)
[2020-09-11T11:45:33.648+0000][26480][gc,heap      ] GC(591) Survivor regions: 3->4(64)
[2020-09-11T11:45:33.648+0000][26480][gc,heap      ] GC(591) Old regions: 80->80
[2020-09-11T11:45:33.648+0000][26480][gc,heap      ] GC(591) Archive regions: 0->0
[2020-09-11T11:45:33.648+0000][26480][gc,heap      ] GC(591) Humongous regions: 255->174
[2020-09-11T11:45:33.648+0000][26480][gc,metaspace ] GC(591) Metaspace: 89801K(95896K)->89801K(95896K) NonClass: 78480K(82072K)->78480K(82072K) Class: 11320K(13824K)->11320K(13824K)
[2020-09-11T11:45:33.648+0000][26480][gc           ] GC(591) Pause Young (Concurrent Start) (G1 Humongous Allocation) 370M->257M(1024M) 4.550ms
[2020-09-11T11:45:33.648+0000][26480][gc,cpu       ] GC(591) User=0.00s Sys=0.00s Real=0.01s
[2020-09-11T11:45:33.648+0000][26480][safepoint    ] Safepoint "G1TryInitiateConcMark", Time since last: 124129600 ns, Reaching safepoint: 154200 ns, At safepoint: 4694500 ns, Total: 4848700 ns
[2020-09-11T11:45:33.648+0000][26480][gc           ] GC(592) Concurrent Cycle
[2020-09-11T11:45:33.648+0000][26480][gc,marking   ] GC(592) Concurrent Clear Claimed Marks
[2020-09-11T11:45:33.649+0000][26480][gc,marking   ] GC(592) Concurrent Clear Claimed Marks 0.566ms
[2020-09-11T11:45:33.649+0000][26480][gc,marking   ] GC(592) Concurrent Scan Root Regions
[2020-09-11T11:45:33.652+0000][26480][gc,marking   ] GC(592) Concurrent Scan Root Regions 2.716ms
[2020-09-11T11:45:33.652+0000][26480][gc,marking   ] GC(592) Concurrent Mark (7138.786s)
[2020-09-11T11:45:33.652+0000][26480][gc,marking   ] GC(592) Concurrent Mark From Roots
[2020-09-11T11:45:33.652+0000][26480][gc,task      ] GC(592) Using 2 workers of 2 for marking
[2020-09-11T11:45:33.759+0000][26480][gc,marking   ] GC(592) Concurrent Mark From Roots 107.497ms
[2020-09-11T11:45:33.759+0000][26480][gc,marking   ] GC(592) Concurrent Preclean
[2020-09-11T11:45:33.760+0000][26480][gc,marking   ] GC(592) Concurrent Preclean 0.488ms
[2020-09-11T11:45:33.760+0000][26480][gc,marking   ] GC(592) Concurrent Mark (7138.786s, 7138.894s) 108.106ms
[2020-09-11T11:45:33.760+0000][26480][gc,start     ] GC(592) Pause Remark
[2020-09-11T11:45:33.766+0000][26480][gc           ] GC(592) Pause Remark 323M->323M(1024M) 6.204ms
[2020-09-11T11:45:33.766+0000][26480][gc,cpu       ] GC(592) User=0.00s Sys=0.00s Real=0.01s
[2020-09-11T11:45:33.766+0000][26480][safepoint    ] Safepoint "G1Concurrent", Time since last: 111755900 ns, Reaching safepoint: 148300 ns, At safepoint: 6436500 ns, Total: 6584800 ns
[2020-09-11T11:45:33.767+0000][26480][gc,marking   ] GC(592) Concurrent Rebuild Remembered Sets
[2020-09-11T11:45:33.843+0000][26480][gc,marking   ] GC(592) Concurrent Rebuild Remembered Sets 76.638ms
[2020-09-11T11:45:33.843+0000][26480][gc,start     ] GC(592) Pause Cleanup
[2020-09-11T11:45:33.844+0000][26480][gc           ] GC(592) Pause Cleanup 327M->327M(1024M) 0.337ms
[2020-09-11T11:45:33.844+0000][26480][gc,cpu       ] GC(592) User=0.00s Sys=0.00s Real=0.00s
[2020-09-11T11:45:33.844+0000][26480][safepoint    ] Safepoint "G1Concurrent", Time since last: 76825600 ns, Reaching safepoint: 161600 ns, At safepoint: 481100 ns, Total: 642700 ns
[2020-09-11T11:45:33.844+0000][26480][gc,marking   ] GC(592) Concurrent Cleanup for Next Mark
[2020-09-11T11:45:33.846+0000][26480][gc,marking   ] GC(592) Concurrent Cleanup for Next Mark 1.668ms
[2020-09-11T11:45:33.846+0000][26480][gc           ] GC(592) Concurrent Cycle 197.642ms
[2020-09-11T11:45:33.914+0000][26480][gc,start     ] GC(593) Pause Young (Concurrent Start) (G1 Humongous Allocation)
[2020-09-11T11:45:33.914+0000][26480][gc,task      ] GC(593) Using 8 workers of 8 for evacuation
[2020-09-11T11:45:33.914+0000][26480][gc,age       ] GC(593) Desired survivor size 33554432 bytes, new threshold 15 (max threshold 15)
[2020-09-11T11:45:33.917+0000][26480][gc,age       ] GC(593) Age table with threshold 15 (max threshold 15)
[2020-09-11T11:45:33.917+0000][26480][gc,age       ] GC(593) - age   1:    2689168 bytes,    2689168 total
[2020-09-11T11:45:33.917+0000][26480][gc,age       ] GC(593) - age   2:       3176 bytes,    2692344 total
[2020-09-11T11:45:33.917+0000][26480][gc,age       ] GC(593) - age   3:       1848 bytes,    2694192 total
[2020-09-11T11:45:33.917+0000][26480][gc,age       ] GC(593) - age   4:       1296 bytes,    2695488 total
[2020-09-11T11:45:33.917+0000][26480][gc,age       ] GC(593) - age   5:       8904 bytes,    2704392 total
[2020-09-11T11:45:33.917+0000][26480][gc,age       ] GC(593) - age   6:        984 bytes,    2705376 total
[2020-09-11T11:45:33.917+0000][26480][gc,age       ] GC(593) - age   7:        936 bytes,    2706312 total
[2020-09-11T11:45:33.917+0000][26480][gc,age       ] GC(593) - age   8:        184 bytes,    2706496 total
[2020-09-11T11:45:33.917+0000][26480][gc,age       ] GC(593) - age   9:       1656 bytes,    2708152 total
[2020-09-11T11:45:33.917+0000][26480][gc,age       ] GC(593) - age  10:        984 bytes,    2709136 total
[2020-09-11T11:45:33.917+0000][26480][gc,age       ] GC(593) - age  11:        376 bytes,    2709512 total
[2020-09-11T11:45:33.917+0000][26480][gc,age       ] GC(593) - age  12:       9648 bytes,    2719160 total
[2020-09-11T11:45:33.917+0000][26480][gc,age       ] GC(593) - age  13:       1008 bytes,    2720168 total
[2020-09-11T11:45:33.917+0000][26480][gc,age       ] GC(593) - age  14:        168 bytes,    2720336 total
[2020-09-11T11:45:33.917+0000][26480][gc,age       ] GC(593) - age  15:        624 bytes,    2720960 total
[2020-09-11T11:45:33.917+0000][26480][gc,phases    ] GC(593)   Pre Evacuate Collection Set: 0.4ms
[2020-09-11T11:45:33.918+0000][26480][gc,phases    ] GC(593)   Merge Heap Roots: 0.1ms
[2020-09-11T11:45:33.918+0000][26480][gc,phases    ] GC(593)   Evacuate Collection Set: 1.9ms
[2020-09-11T11:45:33.918+0000][26480][gc,phases    ] GC(593)   Post Evacuate Collection Set: 0.6ms
[2020-09-11T11:45:33.918+0000][26480][gc,phases    ] GC(593)   Other: 0.8ms
[2020-09-11T11:45:33.918+0000][26480][gc,heap      ] GC(593) Eden regions: 22->0(504)
[2020-09-11T11:45:33.918+0000][26480][gc,heap      ] GC(593) Survivor regions: 4->3(64)
[2020-09-11T11:45:33.918+0000][26480][gc,heap      ] GC(593) Old regions: 80->80
[2020-09-11T11:45:33.918+0000][26480][gc,heap      ] GC(593) Archive regions: 0->0
[2020-09-11T11:45:33.918+0000][26480][gc,heap      ] GC(593) Humongous regions: 231->174
[2020-09-11T11:45:33.918+0000][26480][gc,metaspace ] GC(593) Metaspace: 89801K(95896K)->89801K(95896K) NonClass: 78480K(82072K)->78480K(82072K) Class: 11320K(13824K)->11320K(13824K)
[2020-09-11T11:45:33.918+0000][26480][gc           ] GC(593) Pause Young (Concurrent Start) (G1 Humongous Allocation) 335M->256M(1024M) 3.978ms
[2020-09-11T11:45:33.918+0000][26480][gc,cpu       ] GC(593) User=0.11s Sys=0.00s Real=0.00s
[2020-09-11T11:45:33.918+0000][26480][safepoint    ] Safepoint "G1TryInitiateConcMark", Time since last: 69683100 ns, Reaching safepoint: 144100 ns, At safepoint: 4125200 ns, Total: 4269300 ns
[2020-09-11T11:45:33.918+0000][26480][gc           ] GC(594) Concurrent Cycle
[2020-09-11T11:45:33.918+0000][26480][gc,marking   ] GC(594) Concurrent Clear Claimed Marks
[2020-09-11T11:45:33.918+0000][26480][gc,marking   ] GC(594) Concurrent Clear Claimed Marks 0.355ms
[2020-09-11T11:45:33.918+0000][26480][gc,marking   ] GC(594) Concurrent Scan Root Regions
[2020-09-11T11:45:33.921+0000][26480][gc,marking   ] GC(594) Concurrent Scan Root Regions 2.170ms
[2020-09-11T11:45:33.921+0000][26480][gc,marking   ] GC(594) Concurrent Mark (7139.055s)
[2020-09-11T11:45:33.921+0000][26480][gc,marking   ] GC(594) Concurrent Mark From Roots
[2020-09-11T11:45:33.921+0000][26480][gc,task      ] GC(594) Using 2 workers of 2 for marking
[2020-09-11T11:45:34.029+0000][26480][gc,marking   ] GC(594) Concurrent Mark From Roots 108.254ms
[2020-09-11T11:45:34.029+0000][26480][gc,marking   ] GC(594) Concurrent Preclean
[2020-09-11T11:45:34.030+0000][26480][gc,marking   ] GC(594) Concurrent Preclean 0.603ms
[2020-09-11T11:45:34.030+0000][26480][gc,marking   ] GC(594) Concurrent Mark (7139.055s, 7139.164s) 109.045ms
[2020-09-11T11:45:34.030+0000][26480][gc,start     ] GC(594) Pause Remark
[2020-09-11T11:45:34.042+0000][26480][gc           ] GC(594) Pause Remark 318M->318M(1024M) 12.073ms
[2020-09-11T11:45:34.042+0000][26480][gc,cpu       ] GC(594) User=0.11s Sys=0.00s Real=0.01s
[2020-09-11T11:45:34.043+0000][26480][safepoint    ] Safepoint "G1Concurrent", Time since last: 111893800 ns, Reaching safepoint: 162300 ns, At safepoint: 12598800 ns, Total: 12761100 ns
[2020-09-11T11:45:34.043+0000][26480][gc,marking   ] GC(594) Concurrent Rebuild Remembered Sets
[2020-09-11T11:45:34.116+0000][26480][safepoint    ] Safepoint "ICBufferFull", Time since last: 72338400 ns, Reaching safepoint: 660200 ns, At safepoint: 22200 ns, Total: 682400 ns
[2020-09-11T11:45:34.124+0000][26480][gc,marking   ] GC(594) Concurrent Rebuild Remembered Sets 81.261ms
[2020-09-11T11:45:34.124+0000][26480][gc,start     ] GC(594) Pause Cleanup
[2020-09-11T11:45:34.125+0000][26480][gc           ] GC(594) Pause Cleanup 384M->384M(1024M) 0.313ms
[2020-09-11T11:45:34.125+0000][26480][gc,cpu       ] GC(594) User=0.00s Sys=0.00s Real=0.00s
[2020-09-11T11:45:34.125+0000][26480][safepoint    ] Safepoint "G1Concurrent", Time since last: 8469700 ns, Reaching safepoint: 199100 ns, At safepoint: 486700 ns, Total: 685800 ns
[2020-09-11T11:45:34.125+0000][26480][gc,marking   ] GC(594) Concurrent Cleanup for Next Mark
[2020-09-11T11:45:34.126+0000][26480][gc,marking   ] GC(594) Concurrent Cleanup for Next Mark 1.597ms
[2020-09-11T11:45:34.126+0000][26480][gc           ] GC(594) Concurrent Cycle 208.605ms
[2020-09-11T11:45:34.258+0000][26480][gc,start     ] GC(595) Pause Young (Concurrent Start) (G1 Humongous Allocation)
[2020-09-11T11:45:34.258+0000][26480][gc,task      ] GC(595) Using 8 workers of 8 for evacuation
[2020-09-11T11:45:34.258+0000][26480][gc,age       ] GC(595) Desired survivor size 33554432 bytes, new threshold 15 (max threshold 15)
[2020-09-11T11:45:34.261+0000][26480][gc,age       ] GC(595) Age table with threshold 15 (max threshold 15)
[2020-09-11T11:45:34.261+0000][26480][gc,age       ] GC(595) - age   1:    1028000 bytes,    1028000 total
[2020-09-11T11:45:34.261+0000][26480][gc,age       ] GC(595) - age   2:      11024 bytes,    1039024 total
[2020-09-11T11:45:34.261+0000][26480][gc,age       ] GC(595) - age   3:       3048 bytes,    1042072 total
[2020-09-11T11:45:34.261+0000][26480][gc,age       ] GC(595) - age   4:       1248 bytes,    1043320 total
[2020-09-11T11:45:34.261+0000][26480][gc,age       ] GC(595) - age   5:        424 bytes,    1043744 total
[2020-09-11T11:45:34.261+0000][26480][gc,age       ] GC(595) - age   6:       8800 bytes,    1052544 total
[2020-09-11T11:45:34.261+0000][26480][gc,age       ] GC(595) - age   7:        952 bytes,    1053496 total
[2020-09-11T11:45:34.261+0000][26480][gc,age       ] GC(595) - age   8:        864 bytes,    1054360 total
[2020-09-11T11:45:34.261+0000][26480][gc,age       ] GC(595) - age   9:        184 bytes,    1054544 total
[2020-09-11T11:45:34.261+0000][26480][gc,age       ] GC(595) - age  10:       1656 bytes,    1056200 total
[2020-09-11T11:45:34.261+0000][26480][gc,age       ] GC(595) - age  11:        984 bytes,    1057184 total
[2020-09-11T11:45:34.261+0000][26480][gc,age       ] GC(595) - age  12:        376 bytes,    1057560 total
[2020-09-11T11:45:34.261+0000][26480][gc,age       ] GC(595) - age  13:       9648 bytes,    1067208 total
[2020-09-11T11:45:34.261+0000][26480][gc,age       ] GC(595) - age  14:       1008 bytes,    1068216 total
[2020-09-11T11:45:34.261+0000][26480][gc,age       ] GC(595) - age  15:        168 bytes,    1068384 total
[2020-09-11T11:45:34.261+0000][26480][gc,phases    ] GC(595)   Pre Evacuate Collection Set: 0.3ms
[2020-09-11T11:45:34.261+0000][26480][gc,phases    ] GC(595)   Merge Heap Roots: 0.1ms
[2020-09-11T11:45:34.261+0000][26480][gc,phases    ] GC(595)   Evacuate Collection Set: 1.7ms
[2020-09-11T11:45:34.261+0000][26480][gc,phases    ] GC(595)   Post Evacuate Collection Set: 0.6ms
[2020-09-11T11:45:34.261+0000][26480][gc,phases    ] GC(595)   Other: 0.7ms
[2020-09-11T11:45:34.261+0000][26480][gc,heap      ] GC(595) Eden regions: 35->0(506)
[2020-09-11T11:45:34.261+0000][26480][gc,heap      ] GC(595) Survivor regions: 3->2(64)
[2020-09-11T11:45:34.261+0000][26480][gc,heap      ] GC(595) Old regions: 80->80
[2020-09-11T11:45:34.261+0000][26480][gc,heap      ] GC(595) Archive regions: 0->0
[2020-09-11T11:45:34.261+0000][26480][gc,heap      ] GC(595) Humongous regions: 278->174
[2020-09-11T11:45:34.261+0000][26480][gc,metaspace ] GC(595) Metaspace: 89797K(95896K)->89797K(95896K) NonClass: 78477K(82072K)->78477K(82072K) Class: 11320K(13824K)->11320K(13824K)
[2020-09-11T11:45:34.262+0000][26480][gc           ] GC(595) Pause Young (Concurrent Start) (G1 Humongous Allocation) 395M->254M(1024M) 3.619ms
[2020-09-11T11:45:34.262+0000][26480][gc,cpu       ] GC(595) User=0.13s Sys=0.00s Real=0.00s
[2020-09-11T11:45:34.262+0000][26480][safepoint    ] Safepoint "G1TryInitiateConcMark", Time since last: 132996500 ns, Reaching safepoint: 140800 ns, At safepoint: 3771500 ns, Total: 3912300 ns
[2020-09-11T11:45:34.262+0000][26480][gc           ] GC(596) Concurrent Cycle
[2020-09-11T11:45:34.262+0000][26480][gc,marking   ] GC(596) Concurrent Clear Claimed Marks
[2020-09-11T11:45:34.262+0000][26480][gc,marking   ] GC(596) Concurrent Clear Claimed Marks 0.354ms
[2020-09-11T11:45:34.262+0000][26480][gc,marking   ] GC(596) Concurrent Scan Root Regions
[2020-09-11T11:45:34.264+0000][26480][gc,marking   ] GC(596) Concurrent Scan Root Regions 1.511ms
[2020-09-11T11:45:34.264+0000][26480][gc,marking   ] GC(596) Concurrent Mark (7139.398s)
[2020-09-11T11:45:34.264+0000][26480][gc,marking   ] GC(596) Concurrent Mark From Roots
[2020-09-11T11:45:34.264+0000][26480][gc,task      ] GC(596) Using 2 workers of 2 for marking
[2020-09-11T11:45:34.364+0000][26480][gc,marking   ] GC(596) Concurrent Mark From Roots 99.813ms
[2020-09-11T11:45:34.364+0000][26480][gc,marking   ] GC(596) Concurrent Preclean
[2020-09-11T11:45:34.364+0000][26480][gc,marking   ] GC(596) Concurrent Preclean 0.478ms
[2020-09-11T11:45:34.364+0000][26480][gc,marking   ] GC(596) Concurrent Mark (7139.398s, 7139.499s) 100.439ms
[2020-09-11T11:45:34.364+0000][26480][gc,start     ] GC(596) Pause Remark
[2020-09-11T11:45:34.371+0000][26480][gc           ] GC(596) Pause Remark 269M->269M(1024M) 6.757ms
[2020-09-11T11:45:34.371+0000][26480][gc,cpu       ] GC(596) User=0.09s Sys=0.00s Real=0.01s
[2020-09-11T11:45:34.371+0000][26480][safepoint    ] Safepoint "G1Concurrent", Time since last: 102589600 ns, Reaching safepoint: 170900 ns, At safepoint: 6920200 ns, Total: 7091100 ns
[2020-09-11T11:45:34.371+0000][26480][gc,marking   ] GC(596) Concurrent Rebuild Remembered Sets
[2020-09-11T11:45:34.452+0000][26480][gc,marking   ] GC(596) Concurrent Rebuild Remembered Sets 80.692ms
[2020-09-11T11:45:34.452+0000][26480][gc,start     ] GC(596) Pause Cleanup
[2020-09-11T11:45:34.453+0000][26480][gc           ] GC(596) Pause Cleanup 288M->288M(1024M) 0.280ms
[2020-09-11T11:45:34.453+0000][26480][gc,cpu       ] GC(596) User=0.00s Sys=0.00s Real=0.00s
[2020-09-11T11:45:34.453+0000][26480][safepoint    ] Safepoint "G1Concurrent", Time since last: 80844900 ns, Reaching safepoint: 158400 ns, At safepoint: 407700 ns, Total: 566100 ns
[2020-09-11T11:45:34.453+0000][26480][gc,marking   ] GC(596) Concurrent Cleanup for Next Mark
[2020-09-11T11:45:34.454+0000][26480][gc,marking   ] GC(596) Concurrent Cleanup for Next Mark 1.297ms
[2020-09-11T11:45:34.454+0000][26480][gc           ] GC(596) Concurrent Cycle 192.531ms
[2020-09-11T11:45:34.542+0000][26480][gc,start     ] GC(597) Pause Young (Concurrent Start) (G1 Humongous Allocation)
[2020-09-11T11:45:34.542+0000][26480][gc,task      ] GC(597) Using 8 workers of 8 for evacuation
[2020-09-11T11:45:34.542+0000][26480][gc,age       ] GC(597) Desired survivor size 33554432 bytes, new threshold 15 (max threshold 15)
[2020-09-11T11:45:34.545+0000][26480][gc,age       ] GC(597) Age table with threshold 15 (max threshold 15)
[2020-09-11T11:45:34.545+0000][26480][gc,age       ] GC(597) - age   1:    1895264 bytes,    1895264 total
[2020-09-11T11:45:34.545+0000][26480][gc,age       ] GC(597) - age   2:     404400 bytes,    2299664 total
[2020-09-11T11:45:34.545+0000][26480][gc,age       ] GC(597) - age   3:      10480 bytes,    2310144 total
[2020-09-11T11:45:34.545+0000][26480][gc,age       ] GC(597) - age   4:       1976 bytes,    2312120 total
[2020-09-11T11:45:34.545+0000][26480][gc,age       ] GC(597) - age   5:       1120 bytes,    2313240 total
[2020-09-11T11:45:34.545+0000][26480][gc,age       ] GC(597) - age   6:        328 bytes,    2313568 total
[2020-09-11T11:45:34.545+0000][26480][gc,age       ] GC(597) - age   7:       6248 bytes,    2319816 total
[2020-09-11T11:45:34.545+0000][26480][gc,age       ] GC(597) - age   8:        856 bytes,    2320672 total
[2020-09-11T11:45:34.545+0000][26480][gc,age       ] GC(597) - age   9:        344 bytes,    2321016 total
[2020-09-11T11:45:34.545+0000][26480][gc,age       ] GC(597) - age  10:        120 bytes,    2321136 total
[2020-09-11T11:45:34.545+0000][26480][gc,age       ] GC(597) - age  11:       1656 bytes,    2322792 total
[2020-09-11T11:45:34.545+0000][26480][gc,age       ] GC(597) - age  12:        856 bytes,    2323648 total
[2020-09-11T11:45:34.545+0000][26480][gc,age       ] GC(597) - age  13:        376 bytes,    2324024 total
[2020-09-11T11:45:34.545+0000][26480][gc,age       ] GC(597) - age  14:       9648 bytes,    2333672 total
[2020-09-11T11:45:34.545+0000][26480][gc,age       ] GC(597) - age  15:       1008 bytes,    2334680 total
[2020-09-11T11:45:34.545+0000][26480][gc,phases    ] GC(597)   Pre Evacuate Collection Set: 0.4ms
[2020-09-11T11:45:34.545+0000][26480][gc,phases    ] GC(597)   Merge Heap Roots: 0.1ms
[2020-09-11T11:45:34.545+0000][26480][gc,phases    ] GC(597)   Evacuate Collection Set: 1.8ms
[2020-09-11T11:45:34.545+0000][26480][gc,phases    ] GC(597)   Post Evacuate Collection Set: 0.7ms
[2020-09-11T11:45:34.545+0000][26480][gc,phases    ] GC(597)   Other: 0.7ms
[2020-09-11T11:45:34.545+0000][26480][gc,heap      ] GC(597) Eden regions: 23->0(505)
[2020-09-11T11:45:34.545+0000][26480][gc,heap      ] GC(597) Survivor regions: 2->3(64)
[2020-09-11T11:45:34.546+0000][26480][gc,heap      ] GC(597) Old regions: 80->80
[2020-09-11T11:45:34.546+0000][26480][gc,heap      ] GC(597) Archive regions: 0->0
[2020-09-11T11:45:34.546+0000][26480][gc,heap      ] GC(597) Humongous regions: 227->174
[2020-09-11T11:45:34.546+0000][26480][gc,metaspace ] GC(597) Metaspace: 89797K(95896K)->89797K(95896K) NonClass: 78477K(82072K)->78477K(82072K) Class: 11320K(13824K)->11320K(13824K)
[2020-09-11T11:45:34.546+0000][26480][gc           ] GC(597) Pause Young (Concurrent Start) (G1 Humongous Allocation) 330M->256M(1024M) 3.776ms
[2020-09-11T11:45:34.546+0000][26480][gc,cpu       ] GC(597) User=0.00s Sys=0.00s Real=0.00s
[2020-09-11T11:45:34.546+0000][26480][safepoint    ] Safepoint "G1TryInitiateConcMark", Time since last: 88896100 ns, Reaching safepoint: 189800 ns, At safepoint: 3909400 ns, Total: 4099200 ns
[2020-09-11T11:45:34.546+0000][26480][gc           ] GC(598) Concurrent Cycle
[2020-09-11T11:45:34.546+0000][26480][gc,marking   ] GC(598) Concurrent Clear Claimed Marks
[2020-09-11T11:45:34.546+0000][26480][gc,marking   ] GC(598) Concurrent Clear Claimed Marks 0.503ms
[2020-09-11T11:45:34.546+0000][26480][gc,marking   ] GC(598) Concurrent Scan Root Regions
[2020-09-11T11:45:34.548+0000][26480][gc,marking   ] GC(598) Concurrent Scan Root Regions 1.981ms
[2020-09-11T11:45:34.548+0000][26480][gc,marking   ] GC(598) Concurrent Mark (7139.683s)
[2020-09-11T11:45:34.548+0000][26480][gc,marking   ] GC(598) Concurrent Mark From Roots
[2020-09-11T11:45:34.548+0000][26480][gc,task      ] GC(598) Using 2 workers of 2 for marking
[2020-09-11T11:45:34.651+0000][26480][gc,marking   ] GC(598) Concurrent Mark From Roots 102.260ms
[2020-09-11T11:45:34.651+0000][26480][gc,marking   ] GC(598) Concurrent Preclean
[2020-09-11T11:45:34.651+0000][26480][gc,marking   ] GC(598) Concurrent Preclean 0.706ms
[2020-09-11T11:45:34.652+0000][26480][gc,marking   ] GC(598) Concurrent Mark (7139.683s, 7139.786s) 103.157ms
[2020-09-11T11:45:34.652+0000][26480][gc,start     ] GC(598) Pause Remark
[2020-09-11T11:45:34.658+0000][26480][gc           ] GC(598) Pause Remark 287M->287M(1024M) 6.034ms
[2020-09-11T11:45:34.658+0000][26480][gc,cpu       ] GC(598) User=0.00s Sys=0.00s Real=0.01s
[2020-09-11T11:45:34.658+0000][26480][safepoint    ] Safepoint "G1Concurrent", Time since last: 105905500 ns, Reaching safepoint: 145900 ns, At safepoint: 6267000 ns, Total: 6412900 ns
[2020-09-11T11:45:34.658+0000][26480][gc,marking   ] GC(598) Concurrent Rebuild Remembered Sets
[2020-09-11T11:45:34.737+0000][26480][gc,marking   ] GC(598) Concurrent Rebuild Remembered Sets 79.192ms
[2020-09-11T11:45:34.738+0000][26480][gc,start     ] GC(598) Pause Cleanup
[2020-09-11T11:45:34.738+0000][26480][gc           ] GC(598) Pause Cleanup 338M->338M(1024M) 0.263ms
[2020-09-11T11:45:34.738+0000][26480][gc,cpu       ] GC(598) User=0.00s Sys=0.00s Real=0.00s
[2020-09-11T11:45:34.738+0000][26480][safepoint    ] Safepoint "G1Concurrent", Time since last: 79428300 ns, Reaching safepoint: 185600 ns, At safepoint: 387000 ns, Total: 572600 ns
[2020-09-11T11:45:34.738+0000][26480][gc,marking   ] GC(598) Concurrent Cleanup for Next Mark
[2020-09-11T11:45:34.740+0000][26480][gc,marking   ] GC(598) Concurrent Cleanup for Next Mark 1.707ms
[2020-09-11T11:45:34.740+0000][26480][gc           ] GC(598) Concurrent Cycle 194.163ms
[2020-09-11T11:45:34.740+0000][26480][gc,start     ] GC(599) Pause Young (Concurrent Start) (G1 Humongous Allocation)
[2020-09-11T11:45:34.740+0000][26480][gc,task      ] GC(599) Using 8 workers of 8 for evacuation
[2020-09-11T11:45:34.740+0000][26480][gc,age       ] GC(599) Desired survivor size 33554432 bytes, new threshold 15 (max threshold 15)
[2020-09-11T11:45:34.744+0000][26480][gc,age       ] GC(599) Age table with threshold 15 (max threshold 15)
[2020-09-11T11:45:34.744+0000][26480][gc,age       ] GC(599) - age   1:    1327472 bytes,    1327472 total
[2020-09-11T11:45:34.744+0000][26480][gc,age       ] GC(599) - age   2:      88272 bytes,    1415744 total
[2020-09-11T11:45:34.744+0000][26480][gc,age       ] GC(599) - age   3:     404368 bytes,    1820112 total
[2020-09-11T11:45:34.744+0000][26480][gc,age       ] GC(599) - age   4:      10104 bytes,    1830216 total
[2020-09-11T11:45:34.744+0000][26480][gc,age       ] GC(599) - age   5:       1976 bytes,    1832192 total
[2020-09-11T11:45:34.744+0000][26480][gc,age       ] GC(599) - age   6:        640 bytes,    1832832 total
[2020-09-11T11:45:34.744+0000][26480][gc,age       ] GC(599) - age   7:        328 bytes,    1833160 total
[2020-09-11T11:45:34.744+0000][26480][gc,age       ] GC(599) - age   8:       3760 bytes,    1836920 total
[2020-09-11T11:45:34.744+0000][26480][gc,age       ] GC(599) - age   9:        856 bytes,    1837776 total
[2020-09-11T11:45:34.744+0000][26480][gc,age       ] GC(599) - age  10:        344 bytes,    1838120 total
[2020-09-11T11:45:34.744+0000][26480][gc,age       ] GC(599) - age  11:        120 bytes,    1838240 total
[2020-09-11T11:45:34.744+0000][26480][gc,age       ] GC(599) - age  12:       1656 bytes,    1839896 total
[2020-09-11T11:45:34.744+0000][26480][gc,age       ] GC(599) - age  13:        856 bytes,    1840752 total
[2020-09-11T11:45:34.744+0000][26480][gc,age       ] GC(599) - age  14:        376 bytes,    1841128 total
[2020-09-11T11:45:34.744+0000][26480][gc,age       ] GC(599) - age  15:       9648 bytes,    1850776 total
[2020-09-11T11:45:34.744+0000][26480][gc,phases    ] GC(599)   Pre Evacuate Collection Set: 0.4ms
[2020-09-11T11:45:34.744+0000][26480][gc,phases    ] GC(599)   Merge Heap Roots: 0.1ms
[2020-09-11T11:45:34.744+0000][26480][gc,phases    ] GC(599)   Evacuate Collection Set: 2.0ms
[2020-09-11T11:45:34.744+0000][26480][gc,phases    ] GC(599)   Post Evacuate Collection Set: 0.6ms
[2020-09-11T11:45:34.744+0000][26480][gc,phases    ] GC(599)   Other: 0.7ms
[2020-09-11T11:45:34.744+0000][26480][gc,heap      ] GC(599) Eden regions: 20->0(506)
[2020-09-11T11:45:34.744+0000][26480][gc,heap      ] GC(599) Survivor regions: 3->2(64)
[2020-09-11T11:45:34.744+0000][26480][gc,heap      ] GC(599) Old regions: 80->80
[2020-09-11T11:45:34.744+0000][26480][gc,heap      ] GC(599) Archive regions: 0->0
[2020-09-11T11:45:34.744+0000][26480][gc,heap      ] GC(599) Humongous regions: 252->174
[2020-09-11T11:45:34.744+0000][26480][gc,metaspace ] GC(599) Metaspace: 89819K(95896K)->89819K(95896K) NonClass: 78498K(82072K)->78498K(82072K) Class: 11321K(13824K)->11321K(13824K)
[2020-09-11T11:45:34.744+0000][26480][gc           ] GC(599) Pause Young (Concurrent Start) (G1 Humongous Allocation) 354M->255M(1024M) 4.026ms
[2020-09-11T11:45:34.744+0000][26480][gc,cpu       ] GC(599) User=0.00s Sys=0.00s Real=0.00s
[2020-09-11T11:45:34.744+0000][26480][safepoint    ] Safepoint "G1TryInitiateConcMark", Time since last: 1945300 ns, Reaching safepoint: 156400 ns, At safepoint: 4174300 ns, Total: 4330700 ns
[2020-09-11T11:45:34.744+0000][26480][gc           ] GC(600) Concurrent Cycle
[2020-09-11T11:45:34.744+0000][26480][gc,marking   ] GC(600) Concurrent Clear Claimed Marks
[2020-09-11T11:45:34.745+0000][26480][gc,marking   ] GC(600) Concurrent Clear Claimed Marks 0.411ms
[2020-09-11T11:45:34.745+0000][26480][gc,marking   ] GC(600) Concurrent Scan Root Regions
[2020-09-11T11:45:34.746+0000][26480][gc,marking   ] GC(600) Concurrent Scan Root Regions 1.524ms
[2020-09-11T11:45:34.746+0000][26480][gc,marking   ] GC(600) Concurrent Mark (7139.881s)
[2020-09-11T11:45:34.746+0000][26480][gc,marking   ] GC(600) Concurrent Mark From Roots
[2020-09-11T11:45:34.746+0000][26480][gc,task      ] GC(600) Using 2 workers of 2 for marking
[2020-09-11T11:45:34.886+0000][26480][gc,marking   ] GC(600) Concurrent Mark From Roots 139.154ms
[2020-09-11T11:45:34.886+0000][26480][gc,marking   ] GC(600) Concurrent Preclean
[2020-09-11T11:45:34.886+0000][26480][gc,marking   ] GC(600) Concurrent Preclean 0.687ms
[2020-09-11T11:45:34.886+0000][26480][gc,marking   ] GC(600) Concurrent Mark (7139.881s, 7140.021s) 140.017ms
[2020-09-11T11:45:34.887+0000][26480][gc,start     ] GC(600) Pause Remark
[2020-09-11T11:45:34.894+0000][26480][gc           ] GC(600) Pause Remark 265M->265M(1024M) 6.988ms
[2020-09-11T11:45:34.894+0000][26480][gc,cpu       ] GC(600) User=0.00s Sys=0.00s Real=0.01s
[2020-09-11T11:45:34.894+0000][26480][safepoint    ] Safepoint "G1Concurrent", Time since last: 142215800 ns, Reaching safepoint: 170300 ns, At safepoint: 7216200 ns, Total: 7386500 ns
[2020-09-11T11:45:34.894+0000][26480][gc,marking   ] GC(600) Concurrent Rebuild Remembered Sets
[2020-09-11T11:45:34.969+0000][26480][gc,marking   ] GC(600) Concurrent Rebuild Remembered Sets 74.700ms
[2020-09-11T11:45:34.969+0000][26480][gc,start     ] GC(600) Pause Cleanup
[2020-09-11T11:45:34.969+0000][26480][gc           ] GC(600) Pause Cleanup 273M->273M(1024M) 0.243ms
[2020-09-11T11:45:34.969+0000][26480][gc,cpu       ] GC(600) User=0.00s Sys=0.00s Real=0.00s
[2020-09-11T11:45:34.969+0000][26480][safepoint    ] Safepoint "G1Concurrent", Time since last: 74869700 ns, Reaching safepoint: 197400 ns, At safepoint: 384200 ns, Total: 581600 ns
[2020-09-11T11:45:34.969+0000][26480][gc,marking   ] GC(600) Concurrent Cleanup for Next Mark
[2020-09-11T11:45:34.971+0000][26480][gc,marking   ] GC(600) Concurrent Cleanup for Next Mark 1.113ms
[2020-09-11T11:45:34.971+0000][26480][gc           ] GC(600) Concurrent Cycle 226.323ms
[2020-09-11T11:45:35.015+0000][26480][gc,start     ] GC(601) Pause Young (Concurrent Start) (G1 Humongous Allocation)
[2020-09-11T11:45:35.015+0000][26480][gc,task      ] GC(601) Using 8 workers of 8 for evacuation
[2020-09-11T11:45:35.015+0000][26480][gc,age       ] GC(601) Desired survivor size 33554432 bytes, new threshold 15 (max threshold 15)
[2020-09-11T11:45:35.018+0000][26480][gc,age       ] GC(601) Age table with threshold 15 (max threshold 15)
[2020-09-11T11:45:35.019+0000][26480][gc,age       ] GC(601) - age   1:    1159112 bytes,    1159112 total
[2020-09-11T11:45:35.019+0000][26480][gc,age       ] GC(601) - age   2:      16520 bytes,    1175632 total
[2020-09-11T11:45:35.019+0000][26480][gc,age       ] GC(601) - age   3:       2000 bytes,    1177632 total
[2020-09-11T11:45:35.019+0000][26480][gc,age       ] GC(601) - age   4:       1992 bytes,    1179624 total
[2020-09-11T11:45:35.019+0000][26480][gc,age       ] GC(601) - age   5:       8280 bytes,    1187904 total
[2020-09-11T11:45:35.019+0000][26480][gc,age       ] GC(601) - age   6:       1944 bytes,    1189848 total
[2020-09-11T11:45:35.019+0000][26480][gc,age       ] GC(601) - age   7:        384 bytes,    1190232 total
[2020-09-11T11:45:35.019+0000][26480][gc,age       ] GC(601) - age   8:        328 bytes,    1190560 total
[2020-09-11T11:45:35.019+0000][26480][gc,age       ] GC(601) - age   9:       3760 bytes,    1194320 total
[2020-09-11T11:45:35.019+0000][26480][gc,age       ] GC(601) - age  10:        856 bytes,    1195176 total
[2020-09-11T11:45:35.019+0000][26480][gc,age       ] GC(601) - age  11:        344 bytes,    1195520 total
[2020-09-11T11:45:35.019+0000][26480][gc,age       ] GC(601) - age  12:        120 bytes,    1195640 total
[2020-09-11T11:45:35.019+0000][26480][gc,age       ] GC(601) - age  13:       1656 bytes,    1197296 total
[2020-09-11T11:45:35.019+0000][26480][gc,age       ] GC(601) - age  14:        856 bytes,    1198152 total
[2020-09-11T11:45:35.019+0000][26480][gc,age       ] GC(601) - age  15:        376 bytes,    1198528 total
[2020-09-11T11:45:35.019+0000][26480][gc,phases    ] GC(601)   Pre Evacuate Collection Set: 0.4ms
[2020-09-11T11:45:35.019+0000][26480][gc,phases    ] GC(601)   Merge Heap Roots: 0.1ms
[2020-09-11T11:45:35.019+0000][26480][gc,phases    ] GC(601)   Evacuate Collection Set: 2.1ms
[2020-09-11T11:45:35.019+0000][26480][gc,phases    ] GC(601)   Post Evacuate Collection Set: 0.9ms
[2020-09-11T11:45:35.019+0000][26480][gc,phases    ] GC(601)   Other: 0.8ms
[2020-09-11T11:45:35.019+0000][26480][gc,heap      ] GC(601) Eden regions: 22->0(507)
[2020-09-11T11:45:35.019+0000][26480][gc,heap      ] GC(601) Survivor regions: 2->2(64)
[2020-09-11T11:45:35.019+0000][26480][gc,heap      ] GC(601) Old regions: 80->80
[2020-09-11T11:45:35.019+0000][26480][gc,heap      ] GC(601) Archive regions: 0->0
[2020-09-11T11:45:35.019+0000][26480][gc,heap      ] GC(601) Humongous regions: 227->174
[2020-09-11T11:45:35.019+0000][26480][gc,metaspace ] GC(601) Metaspace: 89819K(95896K)->89819K(95896K) NonClass: 78498K(82072K)->78498K(82072K) Class: 11321K(13824K)->11321K(13824K)
[2020-09-11T11:45:35.019+0000][26480][gc           ] GC(601) Pause Young (Concurrent Start) (G1 Humongous Allocation) 330M->255M(1024M) 4.528ms
[2020-09-11T11:45:35.019+0000][26480][gc,cpu       ] GC(601) User=0.00s Sys=0.00s Real=0.00s
[2020-09-11T11:45:35.019+0000][26480][gc           ] GC(602) Concurrent Cycle
[2020-09-11T11:45:35.019+0000][26480][safepoint    ] Safepoint "G1TryInitiateConcMark", Time since last: 45028400 ns, Reaching safepoint: 232400 ns, At safepoint: 4749400 ns, Total: 4981800 ns
[2020-09-11T11:45:35.019+0000][26480][gc,marking   ] GC(602) Concurrent Clear Claimed Marks
[2020-09-11T11:45:35.020+0000][26480][gc,marking   ] GC(602) Concurrent Clear Claimed Marks 0.572ms
[2020-09-11T11:45:35.020+0000][26480][gc,marking   ] GC(602) Concurrent Scan Root Regions
[2020-09-11T11:45:35.022+0000][26480][gc,marking   ] GC(602) Concurrent Scan Root Regions 1.715ms
[2020-09-11T11:45:35.022+0000][26480][gc,marking   ] GC(602) Concurrent Mark (7140.156s)
[2020-09-11T11:45:35.022+0000][26480][gc,marking   ] GC(602) Concurrent Mark From Roots
[2020-09-11T11:45:35.022+0000][26480][gc,task      ] GC(602) Using 2 workers of 2 for marking
[2020-09-11T11:45:35.130+0000][26480][gc,marking   ] GC(602) Concurrent Mark From Roots 108.137ms
[2020-09-11T11:45:35.130+0000][26480][gc,marking   ] GC(602) Concurrent Preclean
[2020-09-11T11:45:35.131+0000][26480][gc,marking   ] GC(602) Concurrent Preclean 0.509ms
[2020-09-11T11:45:35.131+0000][26480][gc,marking   ] GC(602) Concurrent Mark (7140.156s, 7140.265s) 108.819ms
[2020-09-11T11:45:35.131+0000][26480][gc,start     ] GC(602) Pause Remark
[2020-09-11T11:45:35.137+0000][26480][gc           ] GC(602) Pause Remark 264M->264M(1024M) 6.075ms
[2020-09-11T11:45:35.137+0000][26480][gc,cpu       ] GC(602) User=0.11s Sys=0.00s Real=0.01s
[2020-09-11T11:45:35.137+0000][26480][safepoint    ] Safepoint "G1Concurrent", Time since last: 111358600 ns, Reaching safepoint: 142800 ns, At safepoint: 6279100 ns, Total: 6421900 ns
[2020-09-11T11:45:35.137+0000][26480][gc,marking   ] GC(602) Concurrent Rebuild Remembered Sets
[2020-09-11T11:45:35.210+0000][26480][gc,marking   ] GC(602) Concurrent Rebuild Remembered Sets 72.469ms
[2020-09-11T11:45:35.210+0000][26480][gc,start     ] GC(602) Pause Cleanup
[2020-09-11T11:45:35.210+0000][26480][gc           ] GC(602) Pause Cleanup 335M->335M(1024M) 0.317ms
[2020-09-11T11:45:35.210+0000][26480][gc,cpu       ] GC(602) User=0.00s Sys=0.00s Real=0.00s
[2020-09-11T11:45:35.210+0000][26480][safepoint    ] Safepoint "G1Concurrent", Time since last: 72618200 ns, Reaching safepoint: 140500 ns, At safepoint: 475000 ns, Total: 615500 ns
[2020-09-11T11:45:35.210+0000][26480][gc,marking   ] GC(602) Concurrent Cleanup for Next Mark
[2020-09-11T11:45:35.212+0000][26480][gc,marking   ] GC(602) Concurrent Cleanup for Next Mark 1.412ms
[2020-09-11T11:45:35.212+0000][26480][gc           ] GC(602) Concurrent Cycle 192.611ms
[2020-09-11T11:45:35.327+0000][26480][gc,start     ] GC(603) Pause Young (Concurrent Start) (G1 Humongous Allocation)
[2020-09-11T11:45:35.327+0000][26480][gc,task      ] GC(603) Using 8 workers of 8 for evacuation
[2020-09-11T11:45:35.327+0000][26480][gc,age       ] GC(603) Desired survivor size 33554432 bytes, new threshold 15 (max threshold 15)
[2020-09-11T11:45:35.330+0000][26480][gc,age       ] GC(603) Age table with threshold 15 (max threshold 15)
[2020-09-11T11:45:35.330+0000][26480][gc,age       ] GC(603) - age   1:    1028432 bytes,    1028432 total
[2020-09-11T11:45:35.330+0000][26480][gc,age       ] GC(603) - age   2:      10792 bytes,    1039224 total
[2020-09-11T11:45:35.330+0000][26480][gc,age       ] GC(603) - age   3:      16208 bytes,    1055432 total
[2020-09-11T11:45:35.330+0000][26480][gc,age       ] GC(603) - age   4:       1144 bytes,    1056576 total
[2020-09-11T11:45:35.330+0000][26480][gc,age       ] GC(603) - age   5:        672 bytes,    1057248 total
[2020-09-11T11:45:35.330+0000][26480][gc,age       ] GC(603) - age   6:       8248 bytes,    1065496 total
[2020-09-11T11:45:35.330+0000][26480][gc,age       ] GC(603) - age   7:       1848 bytes,    1067344 total
[2020-09-11T11:45:35.330+0000][26480][gc,age       ] GC(603) - age   8:        384 bytes,    1067728 total
[2020-09-11T11:45:35.330+0000][26480][gc,age       ] GC(603) - age   9:        328 bytes,    1068056 total
[2020-09-11T11:45:35.330+0000][26480][gc,age       ] GC(603) - age  10:       3760 bytes,    1071816 total
[2020-09-11T11:45:35.330+0000][26480][gc,age       ] GC(603) - age  11:        792 bytes,    1072608 total
[2020-09-11T11:45:35.330+0000][26480][gc,age       ] GC(603) - age  12:        344 bytes,    1072952 total
[2020-09-11T11:45:35.330+0000][26480][gc,age       ] GC(603) - age  13:        120 bytes,    1073072 total
[2020-09-11T11:45:35.330+0000][26480][gc,age       ] GC(603) - age  14:       1656 bytes,    1074728 total
[2020-09-11T11:45:35.330+0000][26480][gc,age       ] GC(603) - age  15:        856 bytes,    1075584 total
[2020-09-11T11:45:35.330+0000][26480][gc,phases    ] GC(603)   Pre Evacuate Collection Set: 0.4ms
[2020-09-11T11:45:35.331+0000][26480][gc,phases    ] GC(603)   Merge Heap Roots: 0.1ms
[2020-09-11T11:45:35.331+0000][26480][gc,phases    ] GC(603)   Evacuate Collection Set: 1.7ms
[2020-09-11T11:45:35.331+0000][26480][gc,phases    ] GC(603)   Post Evacuate Collection Set: 0.5ms
[2020-09-11T11:45:35.331+0000][26480][gc,phases    ] GC(603)   Other: 0.6ms
[2020-09-11T11:45:35.331+0000][26480][gc,heap      ] GC(603) Eden regions: 33->0(507)
[2020-09-11T11:45:35.331+0000][26480][gc,heap      ] GC(603) Survivor regions: 2->2(64)
[2020-09-11T11:45:35.331+0000][26480][gc,heap      ] GC(603) Old regions: 80->80
[2020-09-11T11:45:35.331+0000][26480][gc,heap      ] GC(603) Archive regions: 0->0
[2020-09-11T11:45:35.331+0000][26480][gc,heap      ] GC(603) Humongous regions: 228->174
[2020-09-11T11:45:35.331+0000][26480][gc,metaspace ] GC(603) Metaspace: 89819K(95896K)->89819K(95896K) NonClass: 78498K(82072K)->78498K(82072K) Class: 11321K(13824K)->11321K(13824K)
[2020-09-11T11:45:35.331+0000][26480][gc           ] GC(603) Pause Young (Concurrent Start) (G1 Humongous Allocation) 341M->254M(1024M) 3.492ms
[2020-09-11T11:45:35.331+0000][26480][gc,cpu       ] GC(603) User=0.00s Sys=0.00s Real=0.00s
[2020-09-11T11:45:35.331+0000][26480][safepoint    ] Safepoint "G1TryInitiateConcMark", Time since last: 116708900 ns, Reaching safepoint: 124900 ns, At safepoint: 3625000 ns, Total: 3749900 ns
[2020-09-11T11:45:35.331+0000][26480][gc           ] GC(604) Concurrent Cycle
[2020-09-11T11:45:35.331+0000][26480][gc,marking   ] GC(604) Concurrent Clear Claimed Marks
[2020-09-11T11:45:35.331+0000][26480][gc,marking   ] GC(604) Concurrent Clear Claimed Marks 0.353ms
[2020-09-11T11:45:35.331+0000][26480][gc,marking   ] GC(604) Concurrent Scan Root Regions
[2020-09-11T11:45:35.333+0000][26480][gc,marking   ] GC(604) Concurrent Scan Root Regions 1.448ms
[2020-09-11T11:45:35.333+0000][26480][gc,marking   ] GC(604) Concurrent Mark (7140.467s)
[2020-09-11T11:45:35.333+0000][26480][gc,marking   ] GC(604) Concurrent Mark From Roots
[2020-09-11T11:45:35.333+0000][26480][gc,task      ] GC(604) Using 2 workers of 2 for marking
[2020-09-11T11:45:35.460+0000][26480][gc,marking   ] GC(604) Concurrent Mark From Roots 127.243ms
[2020-09-11T11:45:35.460+0000][26480][gc,marking   ] GC(604) Concurrent Preclean
[2020-09-11T11:45:35.461+0000][26480][gc,marking   ] GC(604) Concurrent Preclean 0.696ms
[2020-09-11T11:45:35.461+0000][26480][gc,marking   ] GC(604) Concurrent Mark (7140.467s, 7140.595s) 128.086ms
[2020-09-11T11:45:35.461+0000][26480][gc,start     ] GC(604) Pause Remark
[2020-09-11T11:45:35.467+0000][26480][gc           ] GC(604) Pause Remark 270M->270M(1024M) 5.970ms
[2020-09-11T11:45:35.467+0000][26480][gc,cpu       ] GC(604) User=0.11s Sys=0.00s Real=0.01s
[2020-09-11T11:45:35.467+0000][26480][safepoint    ] Safepoint "G1Concurrent", Time since last: 130126800 ns, Reaching safepoint: 124900 ns, At safepoint: 6183100 ns, Total: 6308000 ns
[2020-09-11T11:45:35.467+0000][26480][gc,marking   ] GC(604) Concurrent Rebuild Remembered Sets
[2020-09-11T11:45:35.539+0000][26480][gc,marking   ] GC(604) Concurrent Rebuild Remembered Sets 71.622ms
[2020-09-11T11:45:35.539+0000][26480][gc,start     ] GC(604) Pause Cleanup
[2020-09-11T11:45:35.539+0000][26480][gc           ] GC(604) Pause Cleanup 288M->288M(1024M) 0.255ms
[2020-09-11T11:45:35.540+0000][26480][gc,cpu       ] GC(604) User=0.00s Sys=0.00s Real=0.00s
[2020-09-11T11:45:35.540+0000][26480][safepoint    ] Safepoint "G1Concurrent", Time since last: 71776700 ns, Reaching safepoint: 151200 ns, At safepoint: 408900 ns, Total: 560100 ns
[2020-09-11T11:45:35.540+0000][26480][gc,marking   ] GC(604) Concurrent Cleanup for Next Mark
[2020-09-11T11:45:35.541+0000][26480][gc,marking   ] GC(604) Concurrent Cleanup for Next Mark 1.264ms
[2020-09-11T11:45:35.541+0000][26480][gc           ] GC(604) Concurrent Cycle 210.171ms
[2020-09-11T11:45:35.632+0000][26480][gc,start     ] GC(605) Pause Young (Concurrent Start) (G1 Humongous Allocation)
[2020-09-11T11:45:35.633+0000][26480][gc,task      ] GC(605) Using 8 workers of 8 for evacuation
[2020-09-11T11:45:35.633+0000][26480][gc,age       ] GC(605) Desired survivor size 33554432 bytes, new threshold 15 (max threshold 15)
[2020-09-11T11:45:35.636+0000][26480][gc,age       ] GC(605) Age table with threshold 15 (max threshold 15)
[2020-09-11T11:45:35.636+0000][26480][gc,age       ] GC(605) - age   1:    1911432 bytes,    1911432 total
[2020-09-11T11:45:35.636+0000][26480][gc,age       ] GC(605) - age   2:     405152 bytes,    2316584 total
[2020-09-11T11:45:35.636+0000][26480][gc,age       ] GC(605) - age   3:       7808 bytes,    2324392 total
[2020-09-11T11:45:35.636+0000][26480][gc,age       ] GC(605) - age   4:      16112 bytes,    2340504 total
[2020-09-11T11:45:35.636+0000][26480][gc,age       ] GC(605) - age   5:        664 bytes,    2341168 total
[2020-09-11T11:45:35.636+0000][26480][gc,age       ] GC(605) - age   6:        576 bytes,    2341744 total
[2020-09-11T11:45:35.636+0000][26480][gc,age       ] GC(605) - age   7:       8048 bytes,    2349792 total
[2020-09-11T11:45:35.636+0000][26480][gc,age       ] GC(605) - age   8:       1320 bytes,    2351112 total
[2020-09-11T11:45:35.636+0000][26480][gc,age       ] GC(605) - age   9:        328 bytes,    2351440 total
[2020-09-11T11:45:35.636+0000][26480][gc,age       ] GC(605) - age  10:        328 bytes,    2351768 total
[2020-09-11T11:45:35.636+0000][26480][gc,age       ] GC(605) - age  11:       3760 bytes,    2355528 total
[2020-09-11T11:45:35.636+0000][26480][gc,age       ] GC(605) - age  12:        792 bytes,    2356320 total
[2020-09-11T11:45:35.636+0000][26480][gc,age       ] GC(605) - age  13:        280 bytes,    2356600 total
[2020-09-11T11:45:35.636+0000][26480][gc,age       ] GC(605) - age  14:        120 bytes,    2356720 total
[2020-09-11T11:45:35.636+0000][26480][gc,age       ] GC(605) - age  15:       1656 bytes,    2358376 total
[2020-09-11T11:45:35.636+0000][26480][gc,phases    ] GC(605)   Pre Evacuate Collection Set: 0.4ms
[2020-09-11T11:45:35.636+0000][26480][gc,phases    ] GC(605)   Merge Heap Roots: 0.1ms
[2020-09-11T11:45:35.636+0000][26480][gc,phases    ] GC(605)   Evacuate Collection Set: 1.8ms
[2020-09-11T11:45:35.636+0000][26480][gc,phases    ] GC(605)   Post Evacuate Collection Set: 0.8ms
[2020-09-11T11:45:35.636+0000][26480][gc,phases    ] GC(605)   Other: 0.7ms
[2020-09-11T11:45:35.636+0000][26480][gc,heap      ] GC(605) Eden regions: 24->0(506)
[2020-09-11T11:45:35.636+0000][26480][gc,heap      ] GC(605) Survivor regions: 2->3(64)
[2020-09-11T11:45:35.636+0000][26480][gc,heap      ] GC(605) Old regions: 80->80
[2020-09-11T11:45:35.636+0000][26480][gc,heap      ] GC(605) Archive regions: 0->0
[2020-09-11T11:45:35.636+0000][26480][gc,heap      ] GC(605) Humongous regions: 227->174
[2020-09-11T11:45:35.636+0000][26480][gc,metaspace ] GC(605) Metaspace: 89819K(95896K)->89819K(95896K) NonClass: 78498K(82072K)->78498K(82072K) Class: 11321K(13824K)->11321K(13824K)
[2020-09-11T11:45:35.636+0000][26480][gc           ] GC(605) Pause Young (Concurrent Start) (G1 Humongous Allocation) 331M->256M(1024M) 3.917ms
[2020-09-11T11:45:35.636+0000][26480][gc,cpu       ] GC(605) User=0.03s Sys=0.00s Real=0.00s
[2020-09-11T11:45:35.636+0000][26480][safepoint    ] Safepoint "G1TryInitiateConcMark", Time since last: 92602000 ns, Reaching safepoint: 191000 ns, At safepoint: 4052000 ns, Total: 4243000 ns
[2020-09-11T11:45:35.636+0000][26480][gc           ] GC(606) Concurrent Cycle
[2020-09-11T11:45:35.637+0000][26480][gc,marking   ] GC(606) Concurrent Clear Claimed Marks
[2020-09-11T11:45:35.637+0000][26480][gc,marking   ] GC(606) Concurrent Clear Claimed Marks 0.329ms
[2020-09-11T11:45:35.637+0000][26480][gc,marking   ] GC(606) Concurrent Scan Root Regions
[2020-09-11T11:45:35.638+0000][26480][gc,marking   ] GC(606) Concurrent Scan Root Regions 1.378ms
[2020-09-11T11:45:35.638+0000][26480][gc,marking   ] GC(606) Concurrent Mark (7140.773s)
[2020-09-11T11:45:35.638+0000][26480][gc,marking   ] GC(606) Concurrent Mark From Roots
[2020-09-11T11:45:35.638+0000][26480][gc,task      ] GC(606) Using 2 workers of 2 for marking
[2020-09-11T11:45:35.724+0000][26480][gc,marking   ] GC(606) Concurrent Mark From Roots 85.857ms
[2020-09-11T11:45:35.724+0000][26480][gc,marking   ] GC(606) Concurrent Preclean
[2020-09-11T11:45:35.725+0000][26480][gc,marking   ] GC(606) Concurrent Preclean 0.450ms
[2020-09-11T11:45:35.725+0000][26480][gc,marking   ] GC(606) Concurrent Mark (7140.773s, 7140.859s) 86.436ms
[2020-09-11T11:45:35.725+0000][26480][gc,start     ] GC(606) Pause Remark
[2020-09-11T11:45:35.730+0000][26480][gc           ] GC(606) Pause Remark 287M->287M(1024M) 5.281ms
[2020-09-11T11:45:35.730+0000][26480][gc,cpu       ] GC(606) User=0.13s Sys=0.00s Real=0.01s
[2020-09-11T11:45:35.730+0000][26480][safepoint    ] Safepoint "G1Concurrent", Time since last: 88403100 ns, Reaching safepoint: 130300 ns, At safepoint: 5481000 ns, Total: 5611300 ns
[2020-09-11T11:45:35.731+0000][26480][gc,marking   ] GC(606) Concurrent Rebuild Remembered Sets
[2020-09-11T11:45:35.804+0000][26480][gc,marking   ] GC(606) Concurrent Rebuild Remembered Sets 73.579ms
[2020-09-11T11:45:35.804+0000][26480][gc,start     ] GC(606) Pause Cleanup
[2020-09-11T11:45:35.805+0000][26480][gc           ] GC(606) Pause Cleanup 360M->360M(1024M) 0.324ms
[2020-09-11T11:45:35.805+0000][26480][gc,cpu       ] GC(606) User=0.00s Sys=0.00s Real=0.00s
[2020-09-11T11:45:35.805+0000][26480][safepoint    ] Safepoint "G1Concurrent", Time since last: 73797900 ns, Reaching safepoint: 147100 ns, At safepoint: 441500 ns, Total: 588600 ns
[2020-09-11T11:45:35.805+0000][26480][gc,marking   ] GC(606) Concurrent Cleanup for Next Mark
[2020-09-11T11:45:35.807+0000][26480][gc,marking   ] GC(606) Concurrent Cleanup for Next Mark 1.828ms
[2020-09-11T11:45:35.807+0000][26480][gc           ] GC(606) Concurrent Cycle 170.503ms
[2020-09-11T11:45:36.039+0000][26480][gc,start     ] GC(607) Pause Young (Concurrent Start) (G1 Humongous Allocation)
[2020-09-11T11:45:36.039+0000][26480][gc,task      ] GC(607) Using 8 workers of 8 for evacuation
[2020-09-11T11:45:36.039+0000][26480][gc,age       ] GC(607) Desired survivor size 33554432 bytes, new threshold 15 (max threshold 15)
[2020-09-11T11:45:36.042+0000][26480][gc,age       ] GC(607) Age table with threshold 15 (max threshold 15)
[2020-09-11T11:45:36.042+0000][26480][gc,age       ] GC(607) - age   1:    2708200 bytes,    2708200 total
[2020-09-11T11:45:36.042+0000][26480][gc,age       ] GC(607) - age   2:       2008 bytes,    2710208 total
[2020-09-11T11:45:36.043+0000][26480][gc,age       ] GC(607) - age   3:       2528 bytes,    2712736 total
[2020-09-11T11:45:36.043+0000][26480][gc,age       ] GC(607) - age   4:       5376 bytes,    2718112 total
[2020-09-11T11:45:36.043+0000][26480][gc,age       ] GC(607) - age   5:      15528 bytes,    2733640 total
[2020-09-11T11:45:36.043+0000][26480][gc,age       ] GC(607) - age   6:        472 bytes,    2734112 total
[2020-09-11T11:45:36.043+0000][26480][gc,age       ] GC(607) - age   7:        544 bytes,    2734656 total
[2020-09-11T11:45:36.043+0000][26480][gc,age       ] GC(607) - age   8:       3224 bytes,    2737880 total
[2020-09-11T11:45:36.043+0000][26480][gc,age       ] GC(607) - age   9:        960 bytes,    2738840 total
[2020-09-11T11:45:36.043+0000][26480][gc,age       ] GC(607) - age  10:        264 bytes,    2739104 total
[2020-09-11T11:45:36.043+0000][26480][gc,age       ] GC(607) - age  11:        264 bytes,    2739368 total
[2020-09-11T11:45:36.043+0000][26480][gc,age       ] GC(607) - age  12:       3560 bytes,    2742928 total
[2020-09-11T11:45:36.043+0000][26480][gc,age       ] GC(607) - age  13:        792 bytes,    2743720 total
[2020-09-11T11:45:36.043+0000][26480][gc,age       ] GC(607) - age  14:        248 bytes,    2743968 total
[2020-09-11T11:45:36.043+0000][26480][gc,age       ] GC(607) - age  15:         88 bytes,    2744056 total
[2020-09-11T11:45:36.043+0000][26480][gc,phases    ] GC(607)   Pre Evacuate Collection Set: 0.4ms
[2020-09-11T11:45:36.043+0000][26480][gc,phases    ] GC(607)   Merge Heap Roots: 0.1ms
[2020-09-11T11:45:36.043+0000][26480][gc,phases    ] GC(607)   Evacuate Collection Set: 2.0ms
[2020-09-11T11:45:36.043+0000][26480][gc,phases    ] GC(607)   Post Evacuate Collection Set: 0.8ms
[2020-09-11T11:45:36.043+0000][26480][gc,phases    ] GC(607)   Other: 0.9ms
[2020-09-11T11:45:36.043+0000][26480][gc,heap      ] GC(607) Eden regions: 42->0(505)
[2020-09-11T11:45:36.043+0000][26480][gc,heap      ] GC(607) Survivor regions: 3->3(64)
[2020-09-11T11:45:36.043+0000][26480][gc,heap      ] GC(607) Old regions: 80->80
[2020-09-11T11:45:36.043+0000][26480][gc,heap      ] GC(607) Archive regions: 0->0
[2020-09-11T11:45:36.043+0000][26480][gc,heap      ] GC(607) Humongous regions: 255->174
[2020-09-11T11:45:36.043+0000][26480][gc,metaspace ] GC(607) Metaspace: 89840K(95896K)->89840K(95896K) NonClass: 78515K(82072K)->78515K(82072K) Class: 11324K(13824K)->11324K(13824K)
[2020-09-11T11:45:36.043+0000][26480][gc           ] GC(607) Pause Young (Concurrent Start) (G1 Humongous Allocation) 378M->256M(1024M) 4.523ms
[2020-09-11T11:45:36.044+0000][26480][gc,cpu       ] GC(607) User=0.02s Sys=0.00s Real=0.00s
[2020-09-11T11:45:36.044+0000][26480][gc           ] GC(608) Concurrent Cycle
[2020-09-11T11:45:36.044+0000][26480][gc,marking   ] GC(608) Concurrent Clear Claimed Marks
[2020-09-11T11:45:36.044+0000][26480][safepoint    ] Safepoint "G1TryInitiateConcMark", Time since last: 233785800 ns, Reaching safepoint: 261700 ns, At safepoint: 4853500 ns, Total: 5115200 ns
[2020-09-11T11:45:36.044+0000][26480][gc,marking   ] GC(608) Concurrent Clear Claimed Marks 0.388ms
[2020-09-11T11:45:36.044+0000][26480][gc,marking   ] GC(608) Concurrent Scan Root Regions
[2020-09-11T11:45:36.047+0000][26480][gc,marking   ] GC(608) Concurrent Scan Root Regions 2.528ms
[2020-09-11T11:45:36.047+0000][26480][gc,marking   ] GC(608) Concurrent Mark (7141.181s)
[2020-09-11T11:45:36.047+0000][26480][gc,marking   ] GC(608) Concurrent Mark From Roots
[2020-09-11T11:45:36.047+0000][26480][gc,task      ] GC(608) Using 2 workers of 2 for marking
[2020-09-11T11:45:36.149+0000][26480][gc,marking   ] GC(608) Concurrent Mark From Roots 101.986ms
[2020-09-11T11:45:36.149+0000][26480][gc,marking   ] GC(608) Concurrent Preclean
[2020-09-11T11:45:36.149+0000][26480][gc,marking   ] GC(608) Concurrent Preclean 0.488ms
[2020-09-11T11:45:36.150+0000][26480][gc,marking   ] GC(608) Concurrent Mark (7141.181s, 7141.284s) 102.623ms
[2020-09-11T11:45:36.150+0000][26480][gc,start     ] GC(608) Pause Remark
[2020-09-11T11:45:36.156+0000][26480][gc           ] GC(608) Pause Remark 318M->318M(1024M) 6.522ms
[2020-09-11T11:45:36.156+0000][26480][gc,cpu       ] GC(608) User=0.02s Sys=0.00s Real=0.01s
[2020-09-11T11:45:36.156+0000][26480][safepoint    ] Safepoint "G1Concurrent", Time since last: 105821700 ns, Reaching safepoint: 140300 ns, At safepoint: 6720700 ns, Total: 6861000 ns
[2020-09-11T11:45:36.156+0000][26480][gc,marking   ] GC(608) Concurrent Rebuild Remembered Sets
[2020-09-11T11:45:36.230+0000][26480][gc,marking   ] GC(608) Concurrent Rebuild Remembered Sets 73.505ms
[2020-09-11T11:45:36.230+0000][26480][gc,start     ] GC(608) Pause Cleanup
[2020-09-11T11:45:36.230+0000][26480][gc           ] GC(608) Pause Cleanup 388M->388M(1024M) 0.229ms
[2020-09-11T11:45:36.231+0000][26480][gc,cpu       ] GC(608) User=0.00s Sys=0.00s Real=0.00s
[2020-09-11T11:45:36.231+0000][26480][safepoint    ] Safepoint "G1Concurrent", Time since last: 73664300 ns, Reaching safepoint: 140600 ns, At safepoint: 367700 ns, Total: 508300 ns
[2020-09-11T11:45:36.231+0000][26480][gc,marking   ] GC(608) Concurrent Cleanup for Next Mark
[2020-09-11T11:45:36.232+0000][26480][gc,marking   ] GC(608) Concurrent Cleanup for Next Mark 1.372ms
[2020-09-11T11:45:36.232+0000][26480][gc           ] GC(608) Concurrent Cycle 188.449ms
[2020-09-11T11:45:36.327+0000][26480][gc,start     ] GC(609) Pause Young (Concurrent Start) (G1 Humongous Allocation)
[2020-09-11T11:45:36.327+0000][26480][gc,task      ] GC(609) Using 8 workers of 8 for evacuation
[2020-09-11T11:45:36.327+0000][26480][gc,age       ] GC(609) Desired survivor size 33554432 bytes, new threshold 15 (max threshold 15)
[2020-09-11T11:45:36.330+0000][26480][gc,age       ] GC(609) Age table with threshold 15 (max threshold 15)
[2020-09-11T11:45:36.330+0000][26480][gc,age       ] GC(609) - age   1:    1028288 bytes,    1028288 total
[2020-09-11T11:45:36.330+0000][26480][gc,age       ] GC(609) - age   2:      29480 bytes,    1057768 total
[2020-09-11T11:45:36.330+0000][26480][gc,age       ] GC(609) - age   3:       1936 bytes,    1059704 total
[2020-09-11T11:45:36.330+0000][26480][gc,age       ] GC(609) - age   4:        544 bytes,    1060248 total
[2020-09-11T11:45:36.330+0000][26480][gc,age       ] GC(609) - age   5:       5344 bytes,    1065592 total
[2020-09-11T11:45:36.330+0000][26480][gc,age       ] GC(609) - age   6:      15464 bytes,    1081056 total
[2020-09-11T11:45:36.330+0000][26480][gc,age       ] GC(609) - age   7:        440 bytes,    1081496 total
[2020-09-11T11:45:36.331+0000][26480][gc,age       ] GC(609) - age   8:        544 bytes,    1082040 total
[2020-09-11T11:45:36.331+0000][26480][gc,age       ] GC(609) - age   9:       3224 bytes,    1085264 total
[2020-09-11T11:45:36.331+0000][26480][gc,age       ] GC(609) - age  10:        896 bytes,    1086160 total
[2020-09-11T11:45:36.331+0000][26480][gc,age       ] GC(609) - age  11:        264 bytes,    1086424 total
[2020-09-11T11:45:36.331+0000][26480][gc,age       ] GC(609) - age  12:        264 bytes,    1086688 total
[2020-09-11T11:45:36.331+0000][26480][gc,age       ] GC(609) - age  13:       3560 bytes,    1090248 total
[2020-09-11T11:45:36.331+0000][26480][gc,age       ] GC(609) - age  14:        792 bytes,    1091040 total
[2020-09-11T11:45:36.331+0000][26480][gc,age       ] GC(609) - age  15:        248 bytes,    1091288 total
[2020-09-11T11:45:36.331+0000][26480][gc,phases    ] GC(609)   Pre Evacuate Collection Set: 0.4ms
[2020-09-11T11:45:36.331+0000][26480][gc,phases    ] GC(609)   Merge Heap Roots: 0.1ms
[2020-09-11T11:45:36.331+0000][26480][gc,phases    ] GC(609)   Evacuate Collection Set: 1.8ms
[2020-09-11T11:45:36.331+0000][26480][gc,phases    ] GC(609)   Post Evacuate Collection Set: 0.6ms
[2020-09-11T11:45:36.331+0000][26480][gc,phases    ] GC(609)   Other: 0.8ms
[2020-09-11T11:45:36.331+0000][26480][gc,heap      ] GC(609) Eden regions: 36->0(507)
[2020-09-11T11:45:36.331+0000][26480][gc,heap      ] GC(609) Survivor regions: 3->2(64)
[2020-09-11T11:45:36.331+0000][26480][gc,heap      ] GC(609) Old regions: 80->80
[2020-09-11T11:45:36.331+0000][26480][gc,heap      ] GC(609) Archive regions: 0->0
[2020-09-11T11:45:36.331+0000][26480][gc,heap      ] GC(609) Humongous regions: 278->174
[2020-09-11T11:45:36.331+0000][26480][gc,metaspace ] GC(609) Metaspace: 89840K(95896K)->89840K(95896K) NonClass: 78515K(82072K)->78515K(82072K) Class: 11324K(13824K)->11324K(13824K)
[2020-09-11T11:45:36.331+0000][26480][gc           ] GC(609) Pause Young (Concurrent Start) (G1 Humongous Allocation) 396M->255M(1024M) 3.999ms
[2020-09-11T11:45:36.331+0000][26480][gc,cpu       ] GC(609) User=0.00s Sys=0.00s Real=0.00s
[2020-09-11T11:45:36.331+0000][26480][safepoint    ] Safepoint "G1TryInitiateConcMark", Time since last: 96337400 ns, Reaching safepoint: 141900 ns, At safepoint: 4159600 ns, Total: 4301500 ns
[2020-09-11T11:45:36.331+0000][26480][gc           ] GC(610) Concurrent Cycle
[2020-09-11T11:45:36.331+0000][26480][gc,marking   ] GC(610) Concurrent Clear Claimed Marks
[2020-09-11T11:45:36.332+0000][26480][gc,marking   ] GC(610) Concurrent Clear Claimed Marks 0.369ms
[2020-09-11T11:45:36.332+0000][26480][gc,marking   ] GC(610) Concurrent Scan Root Regions
[2020-09-11T11:45:36.333+0000][26480][gc,marking   ] GC(610) Concurrent Scan Root Regions 1.284ms
[2020-09-11T11:45:36.333+0000][26480][gc,marking   ] GC(610) Concurrent Mark (7141.468s)
[2020-09-11T11:45:36.333+0000][26480][gc,marking   ] GC(610) Concurrent Mark From Roots
[2020-09-11T11:45:36.333+0000][26480][gc,task      ] GC(610) Using 2 workers of 2 for marking
[2020-09-11T11:45:36.443+0000][26480][gc,marking   ] GC(610) Concurrent Mark From Roots 109.825ms
[2020-09-11T11:45:36.443+0000][26480][gc,marking   ] GC(610) Concurrent Preclean
[2020-09-11T11:45:36.444+0000][26480][gc,marking   ] GC(610) Concurrent Preclean 0.727ms
[2020-09-11T11:45:36.444+0000][26480][gc,marking   ] GC(610) Concurrent Mark (7141.468s, 7141.578s) 110.734ms
[2020-09-11T11:45:36.444+0000][26480][gc,start     ] GC(610) Pause Remark
[2020-09-11T11:45:36.449+0000][26480][gc           ] GC(610) Pause Remark 271M->271M(1024M) 5.242ms
[2020-09-11T11:45:36.449+0000][26480][gc,cpu       ] GC(610) User=0.13s Sys=0.00s Real=0.00s
[2020-09-11T11:45:36.449+0000][26480][safepoint    ] Safepoint "G1Concurrent", Time since last: 112634600 ns, Reaching safepoint: 132500 ns, At safepoint: 5461500 ns, Total: 5594000 ns
[2020-09-11T11:45:36.450+0000][26480][gc,marking   ] GC(610) Concurrent Rebuild Remembered Sets
[2020-09-11T11:45:36.524+0000][26480][gc,marking   ] GC(610) Concurrent Rebuild Remembered Sets 74.586ms
[2020-09-11T11:45:36.524+0000][26480][gc,start     ] GC(610) Pause Cleanup
[2020-09-11T11:45:36.525+0000][26480][gc           ] GC(610) Pause Cleanup 288M->288M(1024M) 0.318ms
[2020-09-11T11:45:36.525+0000][26480][gc,cpu       ] GC(610) User=0.00s Sys=0.00s Real=0.00s
[2020-09-11T11:45:36.525+0000][26480][safepoint    ] Safepoint "G1Concurrent", Time since last: 74767100 ns, Reaching safepoint: 144800 ns, At safepoint: 466100 ns, Total: 610900 ns
[2020-09-11T11:45:36.525+0000][26480][gc,marking   ] GC(610) Concurrent Cleanup for Next Mark
[2020-09-11T11:45:36.526+0000][26480][gc,marking   ] GC(610) Concurrent Cleanup for Next Mark 1.453ms
[2020-09-11T11:45:36.526+0000][26480][gc           ] GC(610) Concurrent Cycle 195.223ms
[2020-09-11T11:45:36.633+0000][26480][gc,start     ] GC(611) Pause Young (Concurrent Start) (G1 Humongous Allocation)
[2020-09-11T11:45:36.633+0000][26480][gc,task      ] GC(611) Using 8 workers of 8 for evacuation
[2020-09-11T11:45:36.633+0000][26480][gc,age       ] GC(611) Desired survivor size 33554432 bytes, new threshold 15 (max threshold 15)
[2020-09-11T11:45:36.636+0000][26480][gc,age       ] GC(611) Age table with threshold 15 (max threshold 15)
[2020-09-11T11:45:36.636+0000][26480][gc,age       ] GC(611) - age   1:    1911752 bytes,    1911752 total
[2020-09-11T11:45:36.636+0000][26480][gc,age       ] GC(611) - age   2:     404720 bytes,    2316472 total
[2020-09-11T11:45:36.636+0000][26480][gc,age       ] GC(611) - age   3:      26440 bytes,    2342912 total
[2020-09-11T11:45:36.636+0000][26480][gc,age       ] GC(611) - age   4:       1568 bytes,    2344480 total
[2020-09-11T11:45:36.636+0000][26480][gc,age       ] GC(611) - age   5:        320 bytes,    2344800 total
[2020-09-11T11:45:36.636+0000][26480][gc,age       ] GC(611) - age   6:       5104 bytes,    2349904 total
[2020-09-11T11:45:36.636+0000][26480][gc,age       ] GC(611) - age   7:      14944 bytes,    2364848 total
[2020-09-11T11:45:36.636+0000][26480][gc,age       ] GC(611) - age   8:        440 bytes,    2365288 total
[2020-09-11T11:45:36.637+0000][26480][gc,age       ] GC(611) - age   9:        544 bytes,    2365832 total
[2020-09-11T11:45:36.637+0000][26480][gc,age       ] GC(611) - age  10:       3160 bytes,    2368992 total
[2020-09-11T11:45:36.637+0000][26480][gc,age       ] GC(611) - age  11:        896 bytes,    2369888 total
[2020-09-11T11:45:36.637+0000][26480][gc,age       ] GC(611) - age  12:        264 bytes,    2370152 total
[2020-09-11T11:45:36.637+0000][26480][gc,age       ] GC(611) - age  13:        264 bytes,    2370416 total
[2020-09-11T11:45:36.637+0000][26480][gc,age       ] GC(611) - age  14:       3528 bytes,    2373944 total
[2020-09-11T11:45:36.637+0000][26480][gc,age       ] GC(611) - age  15:        792 bytes,    2374736 total
[2020-09-11T11:45:36.637+0000][26480][gc,phases    ] GC(611)   Pre Evacuate Collection Set: 0.4ms
[2020-09-11T11:45:36.637+0000][26480][gc,phases    ] GC(611)   Merge Heap Roots: 0.1ms
[2020-09-11T11:45:36.637+0000][26480][gc,phases    ] GC(611)   Evacuate Collection Set: 1.8ms
[2020-09-11T11:45:36.637+0000][26480][gc,phases    ] GC(611)   Post Evacuate Collection Set: 0.5ms
[2020-09-11T11:45:36.637+0000][26480][gc,phases    ] GC(611)   Other: 0.7ms
[2020-09-11T11:45:36.637+0000][26480][gc,heap      ] GC(611) Eden regions: 23->0(505)
[2020-09-11T11:45:36.637+0000][26480][gc,heap      ] GC(611) Survivor regions: 2->3(64)
[2020-09-11T11:45:36.637+0000][26480][gc,heap      ] GC(611) Old regions: 80->80
[2020-09-11T11:45:36.637+0000][26480][gc,heap      ] GC(611) Archive regions: 0->0
[2020-09-11T11:45:36.637+0000][26480][gc,heap      ] GC(611) Humongous regions: 227->174
[2020-09-11T11:45:36.637+0000][26480][gc,metaspace ] GC(611) Metaspace: 89840K(95896K)->89840K(95896K) NonClass: 78515K(82072K)->78515K(82072K) Class: 11324K(13824K)->11324K(13824K)
[2020-09-11T11:45:36.637+0000][26480][gc           ] GC(611) Pause Young (Concurrent Start) (G1 Humongous Allocation) 330M->256M(1024M) 3.710ms
[2020-09-11T11:45:36.637+0000][26480][gc,cpu       ] GC(611) User=0.13s Sys=0.00s Real=0.00s
[2020-09-11T11:45:36.637+0000][26480][safepoint    ] Safepoint "G1TryInitiateConcMark", Time since last: 108144000 ns, Reaching safepoint: 186700 ns, At safepoint: 3851400 ns, Total: 4038100 ns
[2020-09-11T11:45:36.637+0000][26480][gc           ] GC(612) Concurrent Cycle
[2020-09-11T11:45:36.637+0000][26480][gc,marking   ] GC(612) Concurrent Clear Claimed Marks
[2020-09-11T11:45:36.637+0000][26480][gc,marking   ] GC(612) Concurrent Clear Claimed Marks 0.350ms
[2020-09-11T11:45:36.637+0000][26480][gc,marking   ] GC(612) Concurrent Scan Root Regions
[2020-09-11T11:45:36.639+0000][26480][gc,marking   ] GC(612) Concurrent Scan Root Regions 1.796ms
[2020-09-11T11:45:36.639+0000][26480][gc,marking   ] GC(612) Concurrent Mark (7141.774s)
[2020-09-11T11:45:36.639+0000][26480][gc,marking   ] GC(612) Concurrent Mark From Roots
[2020-09-11T11:45:36.639+0000][26480][gc,task      ] GC(612) Using 2 workers of 2 for marking
[2020-09-11T11:45:36.726+0000][26480][gc,marking   ] GC(612) Concurrent Mark From Roots 86.678ms
[2020-09-11T11:45:36.726+0000][26480][gc,marking   ] GC(612) Concurrent Preclean
[2020-09-11T11:45:36.727+0000][26480][gc,marking   ] GC(612) Concurrent Preclean 0.467ms
[2020-09-11T11:45:36.727+0000][26480][gc,marking   ] GC(612) Concurrent Mark (7141.774s, 7141.861s) 87.261ms
[2020-09-11T11:45:36.727+0000][26480][gc,start     ] GC(612) Pause Remark
[2020-09-11T11:45:36.732+0000][26480][gc           ] GC(612) Pause Remark 287M->287M(1024M) 5.329ms
[2020-09-11T11:45:36.732+0000][26480][gc,cpu       ] GC(612) User=0.13s Sys=0.00s Real=0.01s
[2020-09-11T11:45:36.732+0000][26480][safepoint    ] Safepoint "G1Concurrent", Time since last: 89632700 ns, Reaching safepoint: 136400 ns, At safepoint: 5523900 ns, Total: 5660300 ns
[2020-09-11T11:45:36.732+0000][26480][gc,marking   ] GC(612) Concurrent Rebuild Remembered Sets
[2020-09-11T11:45:36.806+0000][26480][gc,marking   ] GC(612) Concurrent Rebuild Remembered Sets 73.720ms
[2020-09-11T11:45:36.806+0000][26480][gc,start     ] GC(612) Pause Cleanup
[2020-09-11T11:45:36.807+0000][26480][gc           ] GC(612) Pause Cleanup 361M->361M(1024M) 0.255ms
[2020-09-11T11:45:36.807+0000][26480][gc,cpu       ] GC(612) User=0.13s Sys=0.00s Real=0.00s
[2020-09-11T11:45:36.807+0000][26480][safepoint    ] Safepoint "G1Concurrent", Time since last: 73861800 ns, Reaching safepoint: 129700 ns, At safepoint: 402700 ns, Total: 532400 ns
[2020-09-11T11:45:36.807+0000][26480][gc,marking   ] GC(612) Concurrent Cleanup for Next Mark
[2020-09-11T11:45:36.808+0000][26480][gc,marking   ] GC(612) Concurrent Cleanup for Next Mark 1.522ms
[2020-09-11T11:45:36.808+0000][26480][gc           ] GC(612) Concurrent Cycle 171.378ms
[2020-09-11T11:45:36.888+0000][26480][safepoint    ] Safepoint "ICBufferFull", Time since last: 80519800 ns, Reaching safepoint: 304200 ns, At safepoint: 12400 ns, Total: 316600 ns
[2020-09-11T11:45:36.972+0000][26480][gc,start     ] GC(613) Pause Young (Concurrent Start) (G1 Humongous Allocation)
[2020-09-11T11:45:36.972+0000][26480][gc,task      ] GC(613) Using 8 workers of 8 for evacuation
[2020-09-11T11:45:36.972+0000][26480][gc,age       ] GC(613) Desired survivor size 33554432 bytes, new threshold 15 (max threshold 15)
[2020-09-11T11:45:36.975+0000][26480][gc,age       ] GC(613) Age table with threshold 15 (max threshold 15)
[2020-09-11T11:45:36.975+0000][26480][gc,age       ] GC(613) - age   1:    2693360 bytes,    2693360 total
[2020-09-11T11:45:36.975+0000][26480][gc,age       ] GC(613) - age   2:       2016 bytes,    2695376 total
[2020-09-11T11:45:36.975+0000][26480][gc,age       ] GC(613) - age   3:       2624 bytes,    2698000 total
[2020-09-11T11:45:36.975+0000][26480][gc,age       ] GC(613) - age   4:      23128 bytes,    2721128 total
[2020-09-11T11:45:36.975+0000][26480][gc,age       ] GC(613) - age   5:       1312 bytes,    2722440 total
[2020-09-11T11:45:36.975+0000][26480][gc,age       ] GC(613) - age   6:        256 bytes,    2722696 total
[2020-09-11T11:45:36.975+0000][26480][gc,age       ] GC(613) - age   7:       2888 bytes,    2725584 total
[2020-09-11T11:45:36.975+0000][26480][gc,age       ] GC(613) - age   8:      14944 bytes,    2740528 total
[2020-09-11T11:45:36.975+0000][26480][gc,age       ] GC(613) - age   9:        440 bytes,    2740968 total
[2020-09-11T11:45:36.975+0000][26480][gc,age       ] GC(613) - age  10:        480 bytes,    2741448 total
[2020-09-11T11:45:36.975+0000][26480][gc,age       ] GC(613) - age  11:       3160 bytes,    2744608 total
[2020-09-11T11:45:36.975+0000][26480][gc,age       ] GC(613) - age  12:        896 bytes,    2745504 total
[2020-09-11T11:45:36.975+0000][26480][gc,age       ] GC(613) - age  13:        264 bytes,    2745768 total
[2020-09-11T11:45:36.975+0000][26480][gc,age       ] GC(613) - age  14:        264 bytes,    2746032 total
[2020-09-11T11:45:36.975+0000][26480][gc,age       ] GC(613) - age  15:       3528 bytes,    2749560 total
[2020-09-11T11:45:36.975+0000][26480][gc,phases    ] GC(613)   Pre Evacuate Collection Set: 0.4ms
[2020-09-11T11:45:36.975+0000][26480][gc,phases    ] GC(613)   Merge Heap Roots: 0.1ms
[2020-09-11T11:45:36.975+0000][26480][gc,phases    ] GC(613)   Evacuate Collection Set: 1.9ms
[2020-09-11T11:45:36.975+0000][26480][gc,phases    ] GC(613)   Post Evacuate Collection Set: 0.7ms
[2020-09-11T11:45:36.975+0000][26480][gc,phases    ] GC(613)   Other: 0.7ms
[2020-09-11T11:45:36.975+0000][26480][gc,heap      ] GC(613) Eden regions: 42->0(505)
[2020-09-11T11:45:36.975+0000][26480][gc,heap      ] GC(613) Survivor regions: 3->3(64)
[2020-09-11T11:45:36.975+0000][26480][gc,heap      ] GC(613) Old regions: 80->80
[2020-09-11T11:45:36.975+0000][26480][gc,heap      ] GC(613) Archive regions: 0->0
[2020-09-11T11:45:36.975+0000][26480][gc,heap      ] GC(613) Humongous regions: 255->174
[2020-09-11T11:45:36.976+0000][26480][gc,metaspace ] GC(613) Metaspace: 89840K(95896K)->89840K(95896K) NonClass: 78516K(82072K)->78516K(82072K) Class: 11324K(13824K)->11324K(13824K)
[2020-09-11T11:45:36.976+0000][26480][gc           ] GC(613) Pause Young (Concurrent Start) (G1 Humongous Allocation) 378M->256M(1024M) 3.913ms
[2020-09-11T11:45:36.976+0000][26480][gc,cpu       ] GC(613) User=0.00s Sys=0.00s Real=0.00s
[2020-09-11T11:45:36.976+0000][26480][safepoint    ] Safepoint "G1TryInitiateConcMark", Time since last: 83837500 ns, Reaching safepoint: 215500 ns, At safepoint: 4052800 ns, Total: 4268300 ns
[2020-09-11T11:45:36.976+0000][26480][gc           ] GC(614) Concurrent Cycle
[2020-09-11T11:45:36.976+0000][26480][gc,marking   ] GC(614) Concurrent Clear Claimed Marks
[2020-09-11T11:45:36.976+0000][26480][gc,marking   ] GC(614) Concurrent Clear Claimed Marks 0.391ms
[2020-09-11T11:45:36.976+0000][26480][gc,marking   ] GC(614) Concurrent Scan Root Regions
[2020-09-11T11:45:36.979+0000][26480][gc,marking   ] GC(614) Concurrent Scan Root Regions 2.421ms
[2020-09-11T11:45:36.979+0000][26480][gc,marking   ] GC(614) Concurrent Mark (7142.113s)
[2020-09-11T11:45:36.979+0000][26480][gc,marking   ] GC(614) Concurrent Mark From Roots
[2020-09-11T11:45:36.979+0000][26480][gc,task      ] GC(614) Using 2 workers of 2 for marking
[2020-09-11T11:45:37.078+0000][26480][gc,marking   ] GC(614) Concurrent Mark From Roots 99.461ms
[2020-09-11T11:45:37.078+0000][26480][gc,marking   ] GC(614) Concurrent Preclean
[2020-09-11T11:45:37.079+0000][26480][gc,marking   ] GC(614) Concurrent Preclean 0.669ms
[2020-09-11T11:45:37.079+0000][26480][gc,marking   ] GC(614) Concurrent Mark (7142.113s, 7142.214s) 100.270ms
[2020-09-11T11:45:37.079+0000][26480][gc,start     ] GC(614) Pause Remark
[2020-09-11T11:45:37.085+0000][26480][gc           ] GC(614) Pause Remark 318M->318M(1024M) 5.838ms
[2020-09-11T11:45:37.085+0000][26480][gc,cpu       ] GC(614) User=0.00s Sys=0.00s Real=0.01s
[2020-09-11T11:45:37.085+0000][26480][safepoint    ] Safepoint "G1Concurrent", Time since last: 103466400 ns, Reaching safepoint: 146300 ns, At safepoint: 6018000 ns, Total: 6164300 ns
[2020-09-11T11:45:37.085+0000][26480][gc,marking   ] GC(614) Concurrent Rebuild Remembered Sets
[2020-09-11T11:45:37.169+0000][26480][gc,marking   ] GC(614) Concurrent Rebuild Remembered Sets 83.325ms
[2020-09-11T11:45:37.169+0000][26480][gc,start     ] GC(614) Pause Cleanup
[2020-09-11T11:45:37.169+0000][26480][gc           ] GC(614) Pause Cleanup 388M->388M(1024M) 0.310ms
[2020-09-11T11:45:37.169+0000][26480][gc,cpu       ] GC(614) User=0.00s Sys=0.00s Real=0.00s
[2020-09-11T11:45:37.169+0000][26480][safepoint    ] Safepoint "G1Concurrent", Time since last: 83480200 ns, Reaching safepoint: 165300 ns, At safepoint: 466500 ns, Total: 631800 ns
[2020-09-11T11:45:37.169+0000][26480][gc,marking   ] GC(614) Concurrent Cleanup for Next Mark
[2020-09-11T11:45:37.171+0000][26480][gc,marking   ] GC(614) Concurrent Cleanup for Next Mark 1.516ms
[2020-09-11T11:45:37.171+0000][26480][gc           ] GC(614) Concurrent Cycle 195.415ms
[2020-09-11T11:45:37.277+0000][26480][gc,start     ] GC(615) Pause Young (Concurrent Start) (G1 Humongous Allocation)
[2020-09-11T11:45:37.277+0000][26480][gc,task      ] GC(615) Using 8 workers of 8 for evacuation
[2020-09-11T11:45:37.277+0000][26480][gc,age       ] GC(615) Desired survivor size 33554432 bytes, new threshold 15 (max threshold 15)
[2020-09-11T11:45:37.280+0000][26480][gc,age       ] GC(615) Age table with threshold 15 (max threshold 15)
[2020-09-11T11:45:37.280+0000][26480][gc,age       ] GC(615) - age   1:    1027376 bytes,    1027376 total
[2020-09-11T11:45:37.280+0000][26480][gc,age       ] GC(615) - age   2:      15088 bytes,    1042464 total
[2020-09-11T11:45:37.280+0000][26480][gc,age       ] GC(615) - age   3:       2016 bytes,    1044480 total
[2020-09-11T11:45:37.280+0000][26480][gc,age       ] GC(615) - age   4:       1528 bytes,    1046008 total
[2020-09-11T11:45:37.280+0000][26480][gc,age       ] GC(615) - age   5:      23032 bytes,    1069040 total
[2020-09-11T11:45:37.280+0000][26480][gc,age       ] GC(615) - age   6:       1280 bytes,    1070320 total
[2020-09-11T11:45:37.280+0000][26480][gc,age       ] GC(615) - age   7:        256 bytes,    1070576 total
[2020-09-11T11:45:37.280+0000][26480][gc,age       ] GC(615) - age   8:       2888 bytes,    1073464 total
[2020-09-11T11:45:37.280+0000][26480][gc,age       ] GC(615) - age   9:      14848 bytes,    1088312 total
[2020-09-11T11:45:37.280+0000][26480][gc,age       ] GC(615) - age  10:        376 bytes,    1088688 total
[2020-09-11T11:45:37.280+0000][26480][gc,age       ] GC(615) - age  11:        480 bytes,    1089168 total
[2020-09-11T11:45:37.280+0000][26480][gc,age       ] GC(615) - age  12:       3120 bytes,    1092288 total
[2020-09-11T11:45:37.280+0000][26480][gc,age       ] GC(615) - age  13:        896 bytes,    1093184 total
[2020-09-11T11:45:37.280+0000][26480][gc,age       ] GC(615) - age  14:        192 bytes,    1093376 total
[2020-09-11T11:45:37.280+0000][26480][gc,age       ] GC(615) - age  15:        232 bytes,    1093608 total
[2020-09-11T11:45:37.280+0000][26480][gc,phases    ] GC(615)   Pre Evacuate Collection Set: 0.4ms
[2020-09-11T11:45:37.280+0000][26480][gc,phases    ] GC(615)   Merge Heap Roots: 0.1ms
[2020-09-11T11:45:37.280+0000][26480][gc,phases    ] GC(615)   Evacuate Collection Set: 1.7ms
[2020-09-11T11:45:37.280+0000][26480][gc,phases    ] GC(615)   Post Evacuate Collection Set: 0.7ms
[2020-09-11T11:45:37.280+0000][26480][gc,phases    ] GC(615)   Other: 0.6ms
[2020-09-11T11:45:37.280+0000][26480][gc,heap      ] GC(615) Eden regions: 35->0(506)
[2020-09-11T11:45:37.280+0000][26480][gc,heap      ] GC(615) Survivor regions: 3->2(64)
[2020-09-11T11:45:37.280+0000][26480][gc,heap      ] GC(615) Old regions: 80->80
[2020-09-11T11:45:37.280+0000][26480][gc,heap      ] GC(615) Archive regions: 0->0
[2020-09-11T11:45:37.280+0000][26480][gc,heap      ] GC(615) Humongous regions: 278->174
[2020-09-11T11:45:37.280+0000][26480][gc,metaspace ] GC(615) Metaspace: 89840K(95896K)->89840K(95896K) NonClass: 78516K(82072K)->78516K(82072K) Class: 11324K(13824K)->11324K(13824K)
[2020-09-11T11:45:37.280+0000][26480][gc           ] GC(615) Pause Young (Concurrent Start) (G1 Humongous Allocation) 395M->255M(1024M) 3.642ms
[2020-09-11T11:45:37.280+0000][26480][gc,cpu       ] GC(615) User=0.00s Sys=0.00s Real=0.00s
[2020-09-11T11:45:37.280+0000][26480][safepoint    ] Safepoint "G1TryInitiateConcMark", Time since last: 107004700 ns, Reaching safepoint: 134500 ns, At safepoint: 3780000 ns, Total: 3914500 ns
[2020-09-11T11:45:37.280+0000][26480][gc           ] GC(616) Concurrent Cycle
[2020-09-11T11:45:37.280+0000][26480][gc,marking   ] GC(616) Concurrent Clear Claimed Marks
[2020-09-11T11:45:37.281+0000][26480][gc,marking   ] GC(616) Concurrent Clear Claimed Marks 0.425ms
[2020-09-11T11:45:37.281+0000][26480][gc,marking   ] GC(616) Concurrent Scan Root Regions
[2020-09-11T11:45:37.283+0000][26480][gc,marking   ] GC(616) Concurrent Scan Root Regions 1.625ms
[2020-09-11T11:45:37.283+0000][26480][gc,marking   ] GC(616) Concurrent Mark (7142.417s)
[2020-09-11T11:45:37.283+0000][26480][gc,marking   ] GC(616) Concurrent Mark From Roots
[2020-09-11T11:45:37.283+0000][26480][gc,task      ] GC(616) Using 2 workers of 2 for marking
[2020-09-11T11:45:37.385+0000][26480][gc,marking   ] GC(616) Concurrent Mark From Roots 102.407ms
[2020-09-11T11:45:37.385+0000][26480][gc,marking   ] GC(616) Concurrent Preclean
[2020-09-11T11:45:37.386+0000][26480][gc,marking   ] GC(616) Concurrent Preclean 0.715ms
[2020-09-11T11:45:37.386+0000][26480][gc,marking   ] GC(616) Concurrent Mark (7142.417s, 7142.520s) 103.283ms
[2020-09-11T11:45:37.386+0000][26480][gc,start     ] GC(616) Pause Remark
[2020-09-11T11:45:37.393+0000][26480][gc           ] GC(616) Pause Remark 270M->270M(1024M) 6.444ms
[2020-09-11T11:45:37.393+0000][26480][gc,cpu       ] GC(616) User=0.00s Sys=0.00s Real=0.01s
[2020-09-11T11:45:37.393+0000][26480][safepoint    ] Safepoint "G1Concurrent", Time since last: 105621100 ns, Reaching safepoint: 141800 ns, At safepoint: 6682100 ns, Total: 6823900 ns
[2020-09-11T11:45:37.393+0000][26480][gc,marking   ] GC(616) Concurrent Rebuild Remembered Sets
[2020-09-11T11:45:37.462+0000][26480][gc,marking   ] GC(616) Concurrent Rebuild Remembered Sets 69.556ms
[2020-09-11T11:45:37.463+0000][26480][gc,start     ] GC(616) Pause Cleanup
[2020-09-11T11:45:37.463+0000][26480][gc           ] GC(616) Pause Cleanup 288M->288M(1024M) 0.270ms
[2020-09-11T11:45:37.463+0000][26480][gc,cpu       ] GC(616) User=0.00s Sys=0.00s Real=0.00s
[2020-09-11T11:45:37.463+0000][26480][safepoint    ] Safepoint "G1Concurrent", Time since last: 69791900 ns, Reaching safepoint: 135200 ns, At safepoint: 399900 ns, Total: 535100 ns
[2020-09-11T11:45:37.463+0000][26480][gc,marking   ] GC(616) Concurrent Cleanup for Next Mark
[2020-09-11T11:45:37.465+0000][26480][gc,marking   ] GC(616) Concurrent Cleanup for Next Mark 1.448ms
[2020-09-11T11:45:37.465+0000][26480][gc           ] GC(616) Concurrent Cycle 184.364ms
[2020-09-11T11:45:37.577+0000][26480][gc,start     ] GC(617) Pause Young (Concurrent Start) (G1 Humongous Allocation)
[2020-09-11T11:45:37.577+0000][26480][gc,task      ] GC(617) Using 8 workers of 8 for evacuation
[2020-09-11T11:45:37.577+0000][26480][gc,age       ] GC(617) Desired survivor size 33554432 bytes, new threshold 15 (max threshold 15)
[2020-09-11T11:45:37.581+0000][26480][gc,age       ] GC(617) Age table with threshold 15 (max threshold 15)
[2020-09-11T11:45:37.581+0000][26480][gc,age       ] GC(617) - age   1:    1912480 bytes,    1912480 total
[2020-09-11T11:45:37.581+0000][26480][gc,age       ] GC(617) - age   2:     403776 bytes,    2316256 total
[2020-09-11T11:45:37.581+0000][26480][gc,age       ] GC(617) - age   3:      12008 bytes,    2328264 total
[2020-09-11T11:45:37.581+0000][26480][gc,age       ] GC(617) - age   4:       1344 bytes,    2329608 total
[2020-09-11T11:45:37.581+0000][26480][gc,age       ] GC(617) - age   5:        272 bytes,    2329880 total
[2020-09-11T11:45:37.581+0000][26480][gc,age       ] GC(617) - age   6:      22680 bytes,    2352560 total
[2020-09-11T11:45:37.581+0000][26480][gc,age       ] GC(617) - age   7:       1056 bytes,    2353616 total
[2020-09-11T11:45:37.581+0000][26480][gc,age       ] GC(617) - age   8:        256 bytes,    2353872 total
[2020-09-11T11:45:37.581+0000][26480][gc,age       ] GC(617) - age   9:       2888 bytes,    2356760 total
[2020-09-11T11:45:37.581+0000][26480][gc,age       ] GC(617) - age  10:      14656 bytes,    2371416 total
[2020-09-11T11:45:37.581+0000][26480][gc,age       ] GC(617) - age  11:        376 bytes,    2371792 total
[2020-09-11T11:45:37.581+0000][26480][gc,age       ] GC(617) - age  12:        480 bytes,    2372272 total
[2020-09-11T11:45:37.581+0000][26480][gc,age       ] GC(617) - age  13:        704 bytes,    2372976 total
[2020-09-11T11:45:37.581+0000][26480][gc,age       ] GC(617) - age  14:        864 bytes,    2373840 total
[2020-09-11T11:45:37.581+0000][26480][gc,age       ] GC(617) - age  15:         64 bytes,    2373904 total
[2020-09-11T11:45:37.581+0000][26480][gc,phases    ] GC(617)   Pre Evacuate Collection Set: 0.5ms
[2020-09-11T11:45:37.581+0000][26480][gc,phases    ] GC(617)   Merge Heap Roots: 0.1ms
[2020-09-11T11:45:37.581+0000][26480][gc,phases    ] GC(617)   Evacuate Collection Set: 2.5ms
[2020-09-11T11:45:37.581+0000][26480][gc,phases    ] GC(617)   Post Evacuate Collection Set: 0.6ms
[2020-09-11T11:45:37.581+0000][26480][gc,phases    ] GC(617)   Other: 0.9ms
[2020-09-11T11:45:37.581+0000][26480][gc,heap      ] GC(617) Eden regions: 24->0(505)
[2020-09-11T11:45:37.581+0000][26480][gc,heap      ] GC(617) Survivor regions: 2->3(64)
[2020-09-11T11:45:37.581+0000][26480][gc,heap      ] GC(617) Old regions: 80->80
[2020-09-11T11:45:37.581+0000][26480][gc,heap      ] GC(617) Archive regions: 0->0
[2020-09-11T11:45:37.581+0000][26480][gc,heap      ] GC(617) Humongous regions: 227->174
[2020-09-11T11:45:37.581+0000][26480][gc,metaspace ] GC(617) Metaspace: 89840K(95896K)->89840K(95896K) NonClass: 78516K(82072K)->78516K(82072K) Class: 11324K(13824K)->11324K(13824K)
[2020-09-11T11:45:37.581+0000][26480][gc           ] GC(617) Pause Young (Concurrent Start) (G1 Humongous Allocation) 331M->256M(1024M) 4.728ms
[2020-09-11T11:45:37.581+0000][26480][gc,cpu       ] GC(617) User=0.00s Sys=0.00s Real=0.00s
[2020-09-11T11:45:37.581+0000][26480][safepoint    ] Safepoint "G1TryInitiateConcMark", Time since last: 113167500 ns, Reaching safepoint: 214700 ns, At safepoint: 4900200 ns, Total: 5114900 ns
[2020-09-11T11:45:37.581+0000][26480][gc           ] GC(618) Concurrent Cycle
[2020-09-11T11:45:37.581+0000][26480][gc,marking   ] GC(618) Concurrent Clear Claimed Marks
[2020-09-11T11:45:37.582+0000][26480][gc,marking   ] GC(618) Concurrent Clear Claimed Marks 0.458ms
[2020-09-11T11:45:37.582+0000][26480][gc,marking   ] GC(618) Concurrent Scan Root Regions
[2020-09-11T11:45:37.584+0000][26480][gc,marking   ] GC(618) Concurrent Scan Root Regions 2.157ms
[2020-09-11T11:45:37.584+0000][26480][gc,marking   ] GC(618) Concurrent Mark (7142.719s)
[2020-09-11T11:45:37.584+0000][26480][gc,marking   ] GC(618) Concurrent Mark From Roots
[2020-09-11T11:45:37.584+0000][26480][gc,task      ] GC(618) Using 2 workers of 2 for marking
[2020-09-11T11:45:37.699+0000][26480][gc,marking   ] GC(618) Concurrent Mark From Roots 114.665ms
[2020-09-11T11:45:37.699+0000][26480][gc,marking   ] GC(618) Concurrent Preclean
[2020-09-11T11:45:37.700+0000][26480][gc,marking   ] GC(618) Concurrent Preclean 0.602ms
[2020-09-11T11:45:37.700+0000][26480][gc,marking   ] GC(618) Concurrent Mark (7142.719s, 7142.834s) 115.406ms
[2020-09-11T11:45:37.700+0000][26480][gc,start     ] GC(618) Pause Remark
[2020-09-11T11:45:37.706+0000][26480][gc           ] GC(618) Pause Remark 288M->288M(1024M) 6.361ms
[2020-09-11T11:45:37.706+0000][26480][gc,cpu       ] GC(618) User=0.00s Sys=0.00s Real=0.01s
[2020-09-11T11:45:37.706+0000][26480][safepoint    ] Safepoint "G1Concurrent", Time since last: 118292600 ns, Reaching safepoint: 145700 ns, At safepoint: 6554200 ns, Total: 6699900 ns
[2020-09-11T11:45:37.706+0000][26480][gc,marking   ] GC(618) Concurrent Rebuild Remembered Sets
[2020-09-11T11:45:37.785+0000][26480][gc,marking   ] GC(618) Concurrent Rebuild Remembered Sets 79.036ms
[2020-09-11T11:45:37.786+0000][26480][gc,start     ] GC(618) Pause Cleanup
[2020-09-11T11:45:37.786+0000][26480][gc           ] GC(618) Pause Cleanup 360M->360M(1024M) 0.306ms
[2020-09-11T11:45:37.786+0000][26480][gc,cpu       ] GC(618) User=0.00s Sys=0.00s Real=0.00s
[2020-09-11T11:45:37.786+0000][26480][safepoint    ] Safepoint "G1Concurrent", Time since last: 79216900 ns, Reaching safepoint: 140400 ns, At safepoint: 441700 ns, Total: 582100 ns
[2020-09-11T11:45:37.786+0000][26480][gc,marking   ] GC(618) Concurrent Cleanup for Next Mark
[2020-09-11T11:45:37.788+0000][26480][gc,marking   ] GC(618) Concurrent Cleanup for Next Mark 1.641ms
[2020-09-11T11:45:37.788+0000][26480][gc           ] GC(618) Concurrent Cycle 206.575ms
[2020-09-11T11:45:37.882+0000][26480][gc,start     ] GC(619) Pause Young (Concurrent Start) (G1 Humongous Allocation)
[2020-09-11T11:45:37.882+0000][26480][gc,task      ] GC(619) Using 8 workers of 8 for evacuation
[2020-09-11T11:45:37.882+0000][26480][gc,age       ] GC(619) Desired survivor size 33554432 bytes, new threshold 15 (max threshold 15)
[2020-09-11T11:45:37.885+0000][26480][gc,age       ] GC(619) Age table with threshold 15 (max threshold 15)
[2020-09-11T11:45:37.885+0000][26480][gc,age       ] GC(619) - age   1:    3107816 bytes,    3107816 total
[2020-09-11T11:45:37.885+0000][26480][gc,age       ] GC(619) - age   2:     105880 bytes,    3213696 total
[2020-09-11T11:45:37.885+0000][26480][gc,age       ] GC(619) - age   3:     403712 bytes,    3617408 total
[2020-09-11T11:45:37.885+0000][26480][gc,age       ] GC(619) - age   4:       8976 bytes,    3626384 total
[2020-09-11T11:45:37.885+0000][26480][gc,age       ] GC(619) - age   5:       1152 bytes,    3627536 total
[2020-09-11T11:45:37.885+0000][26480][gc,age       ] GC(619) - age   6:        208 bytes,    3627744 total
[2020-09-11T11:45:37.885+0000][26480][gc,age       ] GC(619) - age   7:      22616 bytes,    3650360 total
[2020-09-11T11:45:37.885+0000][26480][gc,age       ] GC(619) - age   8:       1056 bytes,    3651416 total
[2020-09-11T11:45:37.885+0000][26480][gc,age       ] GC(619) - age   9:        256 bytes,    3651672 total
[2020-09-11T11:45:37.885+0000][26480][gc,age       ] GC(619) - age  10:       2888 bytes,    3654560 total
[2020-09-11T11:45:37.885+0000][26480][gc,age       ] GC(619) - age  11:      14656 bytes,    3669216 total
[2020-09-11T11:45:37.885+0000][26480][gc,age       ] GC(619) - age  12:        376 bytes,    3669592 total
[2020-09-11T11:45:37.885+0000][26480][gc,age       ] GC(619) - age  13:        480 bytes,    3670072 total
[2020-09-11T11:45:37.885+0000][26480][gc,age       ] GC(619) - age  14:        704 bytes,    3670776 total
[2020-09-11T11:45:37.885+0000][26480][gc,age       ] GC(619) - age  15:        864 bytes,    3671640 total
[2020-09-11T11:45:37.885+0000][26480][gc,phases    ] GC(619)   Pre Evacuate Collection Set: 0.4ms
[2020-09-11T11:45:37.885+0000][26480][gc,phases    ] GC(619)   Merge Heap Roots: 0.1ms
[2020-09-11T11:45:37.885+0000][26480][gc,phases    ] GC(619)   Evacuate Collection Set: 1.9ms
[2020-09-11T11:45:37.885+0000][26480][gc,phases    ] GC(619)   Post Evacuate Collection Set: 0.6ms
[2020-09-11T11:45:37.885+0000][26480][gc,phases    ] GC(619)   Other: 0.6ms
[2020-09-11T11:45:37.885+0000][26480][gc,heap      ] GC(619) Eden regions: 33->0(503)
[2020-09-11T11:45:37.885+0000][26480][gc,heap      ] GC(619) Survivor regions: 3->4(64)
[2020-09-11T11:45:37.886+0000][26480][gc,heap      ] GC(619) Old regions: 80->80
[2020-09-11T11:45:37.886+0000][26480][gc,heap      ] GC(619) Archive regions: 0->0
[2020-09-11T11:45:37.886+0000][26480][gc,heap      ] GC(619) Humongous regions: 255->174
[2020-09-11T11:45:37.886+0000][26480][gc,metaspace ] GC(619) Metaspace: 89854K(95896K)->89854K(95896K) NonClass: 78528K(82072K)->78528K(82072K) Class: 11325K(13824K)->11325K(13824K)
[2020-09-11T11:45:37.886+0000][26480][gc           ] GC(619) Pause Young (Concurrent Start) (G1 Humongous Allocation) 370M->257M(1024M) 3.893ms
[2020-09-11T11:45:37.886+0000][26480][gc,cpu       ] GC(619) User=0.13s Sys=0.00s Real=0.00s
[2020-09-11T11:45:37.886+0000][26480][safepoint    ] Safepoint "G1TryInitiateConcMark", Time since last: 95454800 ns, Reaching safepoint: 137400 ns, At safepoint: 4065300 ns, Total: 4202700 ns
[2020-09-11T11:45:37.886+0000][26480][gc           ] GC(620) Concurrent Cycle
[2020-09-11T11:45:37.886+0000][26480][gc,marking   ] GC(620) Concurrent Clear Claimed Marks
[2020-09-11T11:45:37.886+0000][26480][gc,marking   ] GC(620) Concurrent Clear Claimed Marks 0.446ms
[2020-09-11T11:45:37.886+0000][26480][gc,marking   ] GC(620) Concurrent Scan Root Regions
[2020-09-11T11:45:37.889+0000][26480][gc,marking   ] GC(620) Concurrent Scan Root Regions 2.393ms
[2020-09-11T11:45:37.889+0000][26480][gc,marking   ] GC(620) Concurrent Mark (7143.023s)
[2020-09-11T11:45:37.889+0000][26480][gc,marking   ] GC(620) Concurrent Mark From Roots
[2020-09-11T11:45:37.889+0000][26480][gc,task      ] GC(620) Using 2 workers of 2 for marking
[2020-09-11T11:45:37.987+0000][26480][gc,marking   ] GC(620) Concurrent Mark From Roots 98.348ms
[2020-09-11T11:45:37.987+0000][26480][gc,marking   ] GC(620) Concurrent Preclean
[2020-09-11T11:45:37.988+0000][26480][gc,marking   ] GC(620) Concurrent Preclean 0.491ms
[2020-09-11T11:45:37.988+0000][26480][gc,marking   ] GC(620) Concurrent Mark (7143.023s, 7143.122s) 98.966ms
[2020-09-11T11:45:37.988+0000][26480][gc,start     ] GC(620) Pause Remark
[2020-09-11T11:45:37.994+0000][26480][gc           ] GC(620) Pause Remark 326M->326M(1024M) 5.377ms
[2020-09-11T11:45:37.994+0000][26480][gc,cpu       ] GC(620) User=0.00s Sys=0.00s Real=0.01s
[2020-09-11T11:45:37.994+0000][26480][safepoint    ] Safepoint "G1Concurrent", Time since last: 102165000 ns, Reaching safepoint: 153400 ns, At safepoint: 5584400 ns, Total: 5737800 ns
[2020-09-11T11:45:37.994+0000][26480][gc,marking   ] GC(620) Concurrent Rebuild Remembered Sets
[2020-09-11T11:45:38.066+0000][26480][gc,marking   ] GC(620) Concurrent Rebuild Remembered Sets 72.171ms
[2020-09-11T11:45:38.066+0000][26480][gc,start     ] GC(620) Pause Cleanup
[2020-09-11T11:45:38.066+0000][26480][gc           ] GC(620) Pause Cleanup 404M->404M(1024M) 0.267ms
[2020-09-11T11:45:38.067+0000][26480][gc,cpu       ] GC(620) User=0.00s Sys=0.00s Real=0.00s
[2020-09-11T11:45:38.067+0000][26480][safepoint    ] Safepoint "G1Concurrent", Time since last: 72340200 ns, Reaching safepoint: 115800 ns, At safepoint: 403600 ns, Total: 519400 ns
[2020-09-11T11:45:38.067+0000][26480][gc,marking   ] GC(620) Concurrent Cleanup for Next Mark
[2020-09-11T11:45:38.068+0000][26480][gc,marking   ] GC(620) Concurrent Cleanup for Next Mark 1.385ms
[2020-09-11T11:45:38.068+0000][26480][gc           ] GC(620) Concurrent Cycle 182.313ms
[2020-09-11T11:45:38.167+0000][26480][gc,start     ] GC(621) Pause Young (Concurrent Start) (G1 Humongous Allocation)
[2020-09-11T11:45:38.167+0000][26480][gc,task      ] GC(621) Using 8 workers of 8 for evacuation
[2020-09-11T11:45:38.167+0000][26480][gc,age       ] GC(621) Desired survivor size 33554432 bytes, new threshold 15 (max threshold 15)
[2020-09-11T11:45:38.170+0000][26480][gc,age       ] GC(621) Age table with threshold 15 (max threshold 15)
[2020-09-11T11:45:38.170+0000][26480][gc,age       ] GC(621) - age   1:    2901264 bytes,    2901264 total
[2020-09-11T11:45:38.170+0000][26480][gc,age       ] GC(621) - age   2:     211104 bytes,    3112368 total
[2020-09-11T11:45:38.170+0000][26480][gc,age       ] GC(621) - age   3:     105448 bytes,    3217816 total
[2020-09-11T11:45:38.170+0000][26480][gc,age       ] GC(621) - age   4:     402912 bytes,    3620728 total
[2020-09-11T11:45:38.170+0000][26480][gc,age       ] GC(621) - age   5:       8560 bytes,    3629288 total
[2020-09-11T11:45:38.170+0000][26480][gc,age       ] GC(621) - age   6:        896 bytes,    3630184 total
[2020-09-11T11:45:38.170+0000][26480][gc,age       ] GC(621) - age   7:        208 bytes,    3630392 total
[2020-09-11T11:45:38.170+0000][26480][gc,age       ] GC(621) - age   8:      22616 bytes,    3653008 total
[2020-09-11T11:45:38.170+0000][26480][gc,age       ] GC(621) - age   9:        992 bytes,    3654000 total
[2020-09-11T11:45:38.170+0000][26480][gc,age       ] GC(621) - age  10:        256 bytes,    3654256 total
[2020-09-11T11:45:38.170+0000][26480][gc,age       ] GC(621) - age  11:       2888 bytes,    3657144 total
[2020-09-11T11:45:38.170+0000][26480][gc,age       ] GC(621) - age  12:      14656 bytes,    3671800 total
[2020-09-11T11:45:38.170+0000][26480][gc,age       ] GC(621) - age  13:        376 bytes,    3672176 total
[2020-09-11T11:45:38.170+0000][26480][gc,age       ] GC(621) - age  14:        416 bytes,    3672592 total
[2020-09-11T11:45:38.170+0000][26480][gc,age       ] GC(621) - age  15:        704 bytes,    3673296 total
[2020-09-11T11:45:38.170+0000][26480][gc,phases    ] GC(621)   Pre Evacuate Collection Set: 0.4ms
[2020-09-11T11:45:38.170+0000][26480][gc,phases    ] GC(621)   Merge Heap Roots: 0.1ms
[2020-09-11T11:45:38.170+0000][26480][gc,phases    ] GC(621)   Evacuate Collection Set: 2.0ms
[2020-09-11T11:45:38.170+0000][26480][gc,phases    ] GC(621)   Post Evacuate Collection Set: 0.6ms
[2020-09-11T11:45:38.171+0000][26480][gc,phases    ] GC(621)   Other: 0.7ms
[2020-09-11T11:45:38.171+0000][26480][gc,heap      ] GC(621) Eden regions: 36->0(503)
[2020-09-11T11:45:38.171+0000][26480][gc,heap      ] GC(621) Survivor regions: 4->4(64)
[2020-09-11T11:45:38.171+0000][26480][gc,heap      ] GC(621) Old regions: 80->80
[2020-09-11T11:45:38.171+0000][26480][gc,heap      ] GC(621) Archive regions: 0->0
[2020-09-11T11:45:38.171+0000][26480][gc,heap      ] GC(621) Humongous regions: 294->174
[2020-09-11T11:45:38.171+0000][26480][gc,metaspace ] GC(621) Metaspace: 89873K(95896K)->89873K(95896K) NonClass: 78545K(82072K)->78545K(82072K) Class: 11328K(13824K)->11328K(13824K)
[2020-09-11T11:45:38.171+0000][26480][gc           ] GC(621) Pause Young (Concurrent Start) (G1 Humongous Allocation) 413M->257M(1024M) 3.969ms
[2020-09-11T11:45:38.171+0000][26480][gc,cpu       ] GC(621) User=0.00s Sys=0.00s Real=0.00s
[2020-09-11T11:45:38.171+0000][26480][gc           ] GC(622) Concurrent Cycle
[2020-09-11T11:45:38.171+0000][26480][safepoint    ] Safepoint "G1TryInitiateConcMark", Time since last: 99944400 ns, Reaching safepoint: 128900 ns, At safepoint: 4137300 ns, Total: 4266200 ns
[2020-09-11T11:45:38.171+0000][26480][gc,marking   ] GC(622) Concurrent Clear Claimed Marks
[2020-09-11T11:45:38.171+0000][26480][gc,marking   ] GC(622) Concurrent Clear Claimed Marks 0.542ms
[2020-09-11T11:45:38.171+0000][26480][gc,marking   ] GC(622) Concurrent Scan Root Regions
[2020-09-11T11:45:38.175+0000][26480][gc,marking   ] GC(622) Concurrent Scan Root Regions 3.299ms
[2020-09-11T11:45:38.175+0000][26480][gc,marking   ] GC(622) Concurrent Mark (7143.309s)
[2020-09-11T11:45:38.175+0000][26480][gc,marking   ] GC(622) Concurrent Mark From Roots
[2020-09-11T11:45:38.175+0000][26480][gc,task      ] GC(622) Using 2 workers of 2 for marking
[2020-09-11T11:45:38.305+0000][26480][gc,marking   ] GC(622) Concurrent Mark From Roots 130.297ms
[2020-09-11T11:45:38.305+0000][26480][gc,marking   ] GC(622) Concurrent Preclean
[2020-09-11T11:45:38.306+0000][26480][gc,marking   ] GC(622) Concurrent Preclean 0.542ms
[2020-09-11T11:45:38.306+0000][26480][gc,marking   ] GC(622) Concurrent Mark (7143.309s, 7143.440s) 131.020ms
[2020-09-11T11:45:38.306+0000][26480][gc,start     ] GC(622) Pause Remark
[2020-09-11T11:45:38.312+0000][26480][gc           ] GC(622) Pause Remark 327M->327M(1024M) 5.735ms
[2020-09-11T11:45:38.312+0000][26480][gc,cpu       ] GC(622) User=0.02s Sys=0.00s Real=0.01s
[2020-09-11T11:45:38.312+0000][26480][safepoint    ] Safepoint "G1Concurrent", Time since last: 135208600 ns, Reaching safepoint: 149200 ns, At safepoint: 6013800 ns, Total: 6163000 ns
[2020-09-11T11:45:38.312+0000][26480][gc,marking   ] GC(622) Concurrent Rebuild Remembered Sets
[2020-09-11T11:45:38.393+0000][26480][gc,marking   ] GC(622) Concurrent Rebuild Remembered Sets 81.230ms
[2020-09-11T11:45:38.394+0000][26480][gc,start     ] GC(622) Pause Cleanup
[2020-09-11T11:45:38.394+0000][26480][gc           ] GC(622) Pause Cleanup 335M->335M(1024M) 0.328ms
[2020-09-11T11:45:38.394+0000][26480][gc,cpu       ] GC(622) User=0.00s Sys=0.00s Real=0.00s
[2020-09-11T11:45:38.394+0000][26480][safepoint    ] Safepoint "G1Concurrent", Time since last: 81399000 ns, Reaching safepoint: 140100 ns, At safepoint: 535600 ns, Total: 675700 ns
[2020-09-11T11:45:38.394+0000][26480][gc,marking   ] GC(622) Concurrent Cleanup for Next Mark
[2020-09-11T11:45:38.396+0000][26480][gc,marking   ] GC(622) Concurrent Cleanup for Next Mark 1.538ms
[2020-09-11T11:45:38.396+0000][26480][gc           ] GC(622) Concurrent Cycle 225.169ms
[2020-09-11T11:45:38.442+0000][26480][gc,start     ] GC(623) Pause Young (Concurrent Start) (G1 Humongous Allocation)
[2020-09-11T11:45:38.442+0000][26480][gc,task      ] GC(623) Using 8 workers of 8 for evacuation
[2020-09-11T11:45:38.442+0000][26480][gc,age       ] GC(623) Desired survivor size 33554432 bytes, new threshold 15 (max threshold 15)
[2020-09-11T11:45:38.445+0000][26480][gc,age       ] GC(623) Age table with threshold 15 (max threshold 15)
[2020-09-11T11:45:38.445+0000][26480][gc,age       ] GC(623) - age   1:    2690560 bytes,    2690560 total
[2020-09-11T11:45:38.445+0000][26480][gc,age       ] GC(623) - age   2:       7888 bytes,    2698448 total
[2020-09-11T11:45:38.445+0000][26480][gc,age       ] GC(623) - age   3:     100584 bytes,    2799032 total
[2020-09-11T11:45:38.445+0000][26480][gc,age       ] GC(623) - age   4:       1440 bytes,    2800472 total
[2020-09-11T11:45:38.445+0000][26480][gc,age       ] GC(623) - age   5:       1200 bytes,    2801672 total
[2020-09-11T11:45:38.445+0000][26480][gc,age       ] GC(623) - age   6:       7064 bytes,    2808736 total
[2020-09-11T11:45:38.445+0000][26480][gc,age       ] GC(623) - age   7:        704 bytes,    2809440 total
[2020-09-11T11:45:38.445+0000][26480][gc,age       ] GC(623) - age   8:        208 bytes,    2809648 total
[2020-09-11T11:45:38.445+0000][26480][gc,age       ] GC(623) - age   9:      22552 bytes,    2832200 total
[2020-09-11T11:45:38.445+0000][26480][gc,age       ] GC(623) - age  10:        800 bytes,    2833000 total
[2020-09-11T11:45:38.445+0000][26480][gc,age       ] GC(623) - age  11:        256 bytes,    2833256 total
[2020-09-11T11:45:38.445+0000][26480][gc,age       ] GC(623) - age  12:       2888 bytes,    2836144 total
[2020-09-11T11:45:38.445+0000][26480][gc,age       ] GC(623) - age  13:      14656 bytes,    2850800 total
[2020-09-11T11:45:38.445+0000][26480][gc,age       ] GC(623) - age  14:        376 bytes,    2851176 total
[2020-09-11T11:45:38.445+0000][26480][gc,age       ] GC(623) - age  15:        384 bytes,    2851560 total
[2020-09-11T11:45:38.445+0000][26480][gc,phases    ] GC(623)   Pre Evacuate Collection Set: 0.3ms
[2020-09-11T11:45:38.445+0000][26480][gc,phases    ] GC(623)   Merge Heap Roots: 0.1ms
[2020-09-11T11:45:38.445+0000][26480][gc,phases    ] GC(623)   Evacuate Collection Set: 1.7ms
[2020-09-11T11:45:38.445+0000][26480][gc,phases    ] GC(623)   Post Evacuate Collection Set: 0.6ms
[2020-09-11T11:45:38.445+0000][26480][gc,phases    ] GC(623)   Other: 0.6ms
[2020-09-11T11:45:38.445+0000][26480][gc,heap      ] GC(623) Eden regions: 24->0(504)
[2020-09-11T11:45:38.445+0000][26480][gc,heap      ] GC(623) Survivor regions: 4->3(64)
[2020-09-11T11:45:38.445+0000][26480][gc,heap      ] GC(623) Old regions: 80->80
[2020-09-11T11:45:38.445+0000][26480][gc,heap      ] GC(623) Archive regions: 0->0
[2020-09-11T11:45:38.446+0000][26480][gc,heap      ] GC(623) Humongous regions: 234->174
[2020-09-11T11:45:38.446+0000][26480][gc,metaspace ] GC(623) Metaspace: 89873K(95896K)->89873K(95896K) NonClass: 78545K(82072K)->78545K(82072K) Class: 11328K(13824K)->11328K(13824K)
[2020-09-11T11:45:38.446+0000][26480][gc           ] GC(623) Pause Young (Concurrent Start) (G1 Humongous Allocation) 340M->256M(1024M) 3.586ms
[2020-09-11T11:45:38.446+0000][26480][gc,cpu       ] GC(623) User=0.00s Sys=0.00s Real=0.00s
[2020-09-11T11:45:38.446+0000][26480][safepoint    ] Safepoint "G1TryInitiateConcMark", Time since last: 47565100 ns, Reaching safepoint: 138600 ns, At safepoint: 3718800 ns, Total: 3857400 ns
[2020-09-11T11:45:38.446+0000][26480][gc           ] GC(624) Concurrent Cycle
[2020-09-11T11:45:38.446+0000][26480][gc,marking   ] GC(624) Concurrent Clear Claimed Marks
[2020-09-11T11:45:38.446+0000][26480][gc,marking   ] GC(624) Concurrent Clear Claimed Marks 0.403ms
[2020-09-11T11:45:38.446+0000][26480][gc,marking   ] GC(624) Concurrent Scan Root Regions
[2020-09-11T11:45:38.448+0000][26480][gc,marking   ] GC(624) Concurrent Scan Root Regions 2.068ms
[2020-09-11T11:45:38.448+0000][26480][gc,marking   ] GC(624) Concurrent Mark (7143.583s)
[2020-09-11T11:45:38.448+0000][26480][gc,marking   ] GC(624) Concurrent Mark From Roots
[2020-09-11T11:45:38.448+0000][26480][gc,task      ] GC(624) Using 2 workers of 2 for marking
[2020-09-11T11:45:38.555+0000][26480][gc,marking   ] GC(624) Concurrent Mark From Roots 106.993ms
[2020-09-11T11:45:38.555+0000][26480][gc,marking   ] GC(624) Concurrent Preclean
[2020-09-11T11:45:38.556+0000][26480][gc,marking   ] GC(624) Concurrent Preclean 0.449ms
[2020-09-11T11:45:38.556+0000][26480][gc,marking   ] GC(624) Concurrent Mark (7143.583s, 7143.690s) 107.558ms
[2020-09-11T11:45:38.556+0000][26480][gc,start     ] GC(624) Pause Remark
[2020-09-11T11:45:38.562+0000][26480][gc           ] GC(624) Pause Remark 320M->320M(1024M) 5.978ms
[2020-09-11T11:45:38.562+0000][26480][gc,cpu       ] GC(624) User=0.13s Sys=0.00s Real=0.01s
[2020-09-11T11:45:38.562+0000][26480][safepoint    ] Safepoint "G1Concurrent", Time since last: 110341800 ns, Reaching safepoint: 125800 ns, At safepoint: 6181800 ns, Total: 6307600 ns
[2020-09-11T11:45:38.562+0000][26480][gc,marking   ] GC(624) Concurrent Rebuild Remembered Sets
[2020-09-11T11:45:38.633+0000][26480][gc,marking   ] GC(624) Concurrent Rebuild Remembered Sets 71.013ms
[2020-09-11T11:45:38.634+0000][26480][gc,start     ] GC(624) Pause Cleanup
[2020-09-11T11:45:38.634+0000][26480][gc           ] GC(624) Pause Cleanup 389M->389M(1024M) 0.298ms
[2020-09-11T11:45:38.634+0000][26480][gc,cpu       ] GC(624) User=0.00s Sys=0.00s Real=0.00s
[2020-09-11T11:45:38.634+0000][26480][safepoint    ] Safepoint "G1Concurrent", Time since last: 71216500 ns, Reaching safepoint: 158000 ns, At safepoint: 464800 ns, Total: 622800 ns
[2020-09-11T11:45:38.634+0000][26480][gc,marking   ] GC(624) Concurrent Cleanup for Next Mark
[2020-09-11T11:45:38.636+0000][26480][gc,marking   ] GC(624) Concurrent Cleanup for Next Mark 1.451ms
[2020-09-11T11:45:38.636+0000][26480][gc           ] GC(624) Concurrent Cycle 190.076ms
[2020-09-11T11:45:38.734+0000][26480][gc,start     ] GC(625) Pause Young (Concurrent Start) (G1 Humongous Allocation)
[2020-09-11T11:45:38.734+0000][26480][gc,task      ] GC(625) Using 8 workers of 8 for evacuation
[2020-09-11T11:45:38.734+0000][26480][gc,age       ] GC(625) Desired survivor size 33554432 bytes, new threshold 15 (max threshold 15)
[2020-09-11T11:45:38.737+0000][26480][gc,age       ] GC(625) Age table with threshold 15 (max threshold 15)
[2020-09-11T11:45:38.737+0000][26480][gc,age       ] GC(625) - age   1:    1026888 bytes,    1026888 total
[2020-09-11T11:45:38.737+0000][26480][gc,age       ] GC(625) - age   2:      12472 bytes,    1039360 total
[2020-09-11T11:45:38.737+0000][26480][gc,age       ] GC(625) - age   3:       7824 bytes,    1047184 total
[2020-09-11T11:45:38.737+0000][26480][gc,age       ] GC(625) - age   4:     100584 bytes,    1147768 total
[2020-09-11T11:45:38.737+0000][26480][gc,age       ] GC(625) - age   5:       1344 bytes,    1149112 total
[2020-09-11T11:45:38.738+0000][26480][gc,age       ] GC(625) - age   6:        496 bytes,    1149608 total
[2020-09-11T11:45:38.738+0000][26480][gc,age       ] GC(625) - age   7:       7024 bytes,    1156632 total
[2020-09-11T11:45:38.738+0000][26480][gc,age       ] GC(625) - age   8:        632 bytes,    1157264 total
[2020-09-11T11:45:38.738+0000][26480][gc,age       ] GC(625) - age   9:        208 bytes,    1157472 total
[2020-09-11T11:45:38.738+0000][26480][gc,age       ] GC(625) - age  10:      22552 bytes,    1180024 total
[2020-09-11T11:45:38.738+0000][26480][gc,age       ] GC(625) - age  11:        800 bytes,    1180824 total
[2020-09-11T11:45:38.738+0000][26480][gc,age       ] GC(625) - age  12:        256 bytes,    1181080 total
[2020-09-11T11:45:38.738+0000][26480][gc,age       ] GC(625) - age  13:       2888 bytes,    1183968 total
[2020-09-11T11:45:38.738+0000][26480][gc,age       ] GC(625) - age  14:      14656 bytes,    1198624 total
[2020-09-11T11:45:38.738+0000][26480][gc,age       ] GC(625) - age  15:        376 bytes,    1199000 total
[2020-09-11T11:45:38.738+0000][26480][gc,phases    ] GC(625)   Pre Evacuate Collection Set: 0.4ms
[2020-09-11T11:45:38.738+0000][26480][gc,phases    ] GC(625)   Merge Heap Roots: 0.1ms
[2020-09-11T11:45:38.738+0000][26480][gc,phases    ] GC(625)   Evacuate Collection Set: 1.8ms
[2020-09-11T11:45:38.738+0000][26480][gc,phases    ] GC(625)   Post Evacuate Collection Set: 0.7ms
[2020-09-11T11:45:38.738+0000][26480][gc,phases    ] GC(625)   Other: 0.8ms
[2020-09-11T11:45:38.738+0000][26480][gc,heap      ] GC(625) Eden regions: 35->0(506)
[2020-09-11T11:45:38.738+0000][26480][gc,heap      ] GC(625) Survivor regions: 3->2(64)
[2020-09-11T11:45:38.738+0000][26480][gc,heap      ] GC(625) Old regions: 80->80
[2020-09-11T11:45:38.738+0000][26480][gc,heap      ] GC(625) Archive regions: 0->0
[2020-09-11T11:45:38.738+0000][26480][gc,heap      ] GC(625) Humongous regions: 278->174
[2020-09-11T11:45:38.738+0000][26480][gc,metaspace ] GC(625) Metaspace: 89873K(95896K)->89873K(95896K) NonClass: 78545K(82072K)->78545K(82072K) Class: 11328K(13824K)->11328K(13824K)
[2020-09-11T11:45:38.738+0000][26480][gc           ] GC(625) Pause Young (Concurrent Start) (G1 Humongous Allocation) 395M->255M(1024M) 4.078ms
[2020-09-11T11:45:38.738+0000][26480][gc,cpu       ] GC(625) User=0.00s Sys=0.00s Real=0.00s
[2020-09-11T11:45:38.738+0000][26480][gc           ] GC(626) Concurrent Cycle
[2020-09-11T11:45:38.738+0000][26480][safepoint    ] Safepoint "G1TryInitiateConcMark", Time since last: 99601900 ns, Reaching safepoint: 163800 ns, At safepoint: 4245200 ns, Total: 4409000 ns
[2020-09-11T11:45:38.738+0000][26480][gc,marking   ] GC(626) Concurrent Clear Claimed Marks
[2020-09-11T11:45:38.739+0000][26480][gc,marking   ] GC(626) Concurrent Clear Claimed Marks 0.505ms
[2020-09-11T11:45:38.739+0000][26480][gc,marking   ] GC(626) Concurrent Scan Root Regions
[2020-09-11T11:45:38.741+0000][26480][gc,marking   ] GC(626) Concurrent Scan Root Regions 1.731ms
[2020-09-11T11:45:38.741+0000][26480][gc,marking   ] GC(626) Concurrent Mark (7143.875s)
[2020-09-11T11:45:38.741+0000][26480][gc,marking   ] GC(626) Concurrent Mark From Roots
[2020-09-11T11:45:38.741+0000][26480][gc,task      ] GC(626) Using 2 workers of 2 for marking
[2020-09-11T11:45:38.888+0000][26480][gc,marking   ] GC(626) Concurrent Mark From Roots 147.040ms
[2020-09-11T11:45:38.888+0000][26480][gc,marking   ] GC(626) Concurrent Preclean
[2020-09-11T11:45:38.888+0000][26480][gc,marking   ] GC(626) Concurrent Preclean 0.660ms
[2020-09-11T11:45:38.888+0000][26480][gc,marking   ] GC(626) Concurrent Mark (7143.875s, 7144.023s) 147.854ms
[2020-09-11T11:45:38.889+0000][26480][gc,start     ] GC(626) Pause Remark
[2020-09-11T11:45:38.898+0000][26480][gc           ] GC(626) Pause Remark 270M->270M(1024M) 9.341ms
[2020-09-11T11:45:38.898+0000][26480][gc,cpu       ] GC(626) User=0.00s Sys=0.00s Real=0.01s
[2020-09-11T11:45:38.898+0000][26480][safepoint    ] Safepoint "G1Concurrent", Time since last: 150365200 ns, Reaching safepoint: 151300 ns, At safepoint: 9554400 ns, Total: 9705700 ns
[2020-09-11T11:45:38.898+0000][26480][gc,marking   ] GC(626) Concurrent Rebuild Remembered Sets
[2020-09-11T11:45:38.990+0000][26480][gc,marking   ] GC(626) Concurrent Rebuild Remembered Sets 91.291ms
[2020-09-11T11:45:38.992+0000][26480][gc,start     ] GC(626) Pause Cleanup
[2020-09-11T11:45:38.992+0000][26480][gc           ] GC(626) Pause Cleanup 288M->288M(1024M) 0.467ms
[2020-09-11T11:45:38.992+0000][26480][gc,cpu       ] GC(626) User=0.00s Sys=0.00s Real=0.00s
[2020-09-11T11:45:38.992+0000][26480][safepoint    ] Safepoint "G1Concurrent", Time since last: 91531400 ns, Reaching safepoint: 1761200 ns, At safepoint: 658700 ns, Total: 2419900 ns
[2020-09-11T11:45:38.992+0000][26480][gc,marking   ] GC(626) Concurrent Cleanup for Next Mark
[2020-09-11T11:45:38.994+0000][26480][gc,marking   ] GC(626) Concurrent Cleanup for Next Mark 2.147ms
[2020-09-11T11:45:38.995+0000][26480][gc           ] GC(626) Concurrent Cycle 256.485ms
[2020-09-11T11:45:39.174+0000][26480][gc,start     ] GC(627) Pause Young (Concurrent Start) (G1 Humongous Allocation)
[2020-09-11T11:45:39.174+0000][26480][gc,task      ] GC(627) Using 8 workers of 8 for evacuation
[2020-09-11T11:45:39.174+0000][26480][gc,age       ] GC(627) Desired survivor size 33554432 bytes, new threshold 15 (max threshold 15)
[2020-09-11T11:45:39.177+0000][26480][gc,age       ] GC(627) Age table with threshold 15 (max threshold 15)
[2020-09-11T11:45:39.177+0000][26480][gc,age       ] GC(627) - age   1:    1912288 bytes,    1912288 total
[2020-09-11T11:45:39.177+0000][26480][gc,age       ] GC(627) - age   2:     403144 bytes,    2315432 total
[2020-09-11T11:45:39.177+0000][26480][gc,age       ] GC(627) - age   3:       9464 bytes,    2324896 total
[2020-09-11T11:45:39.177+0000][26480][gc,age       ] GC(627) - age   4:       7224 bytes,    2332120 total
[2020-09-11T11:45:39.177+0000][26480][gc,age       ] GC(627) - age   5:     100256 bytes,    2432376 total
[2020-09-11T11:45:39.177+0000][26480][gc,age       ] GC(627) - age   6:        992 bytes,    2433368 total
[2020-09-11T11:45:39.178+0000][26480][gc,age       ] GC(627) - age   7:        496 bytes,    2433864 total
[2020-09-11T11:45:39.178+0000][26480][gc,age       ] GC(627) - age   8:       4504 bytes,    2438368 total
[2020-09-11T11:45:39.178+0000][26480][gc,age       ] GC(627) - age   9:        384 bytes,    2438752 total
[2020-09-11T11:45:39.178+0000][26480][gc,age       ] GC(627) - age  10:        208 bytes,    2438960 total
[2020-09-11T11:45:39.178+0000][26480][gc,age       ] GC(627) - age  11:      22512 bytes,    2461472 total
[2020-09-11T11:45:39.178+0000][26480][gc,age       ] GC(627) - age  12:        280 bytes,    2461752 total
[2020-09-11T11:45:39.178+0000][26480][gc,age       ] GC(627) - age  13:        256 bytes,    2462008 total
[2020-09-11T11:45:39.178+0000][26480][gc,age       ] GC(627) - age  14:       2888 bytes,    2464896 total
[2020-09-11T11:45:39.178+0000][26480][gc,age       ] GC(627) - age  15:      14656 bytes,    2479552 total
[2020-09-11T11:45:39.178+0000][26480][gc,phases    ] GC(627)   Pre Evacuate Collection Set: 0.4ms
[2020-09-11T11:45:39.178+0000][26480][gc,phases    ] GC(627)   Merge Heap Roots: 0.1ms
[2020-09-11T11:45:39.178+0000][26480][gc,phases    ] GC(627)   Evacuate Collection Set: 1.8ms
[2020-09-11T11:45:39.178+0000][26480][gc,phases    ] GC(627)   Post Evacuate Collection Set: 0.6ms
[2020-09-11T11:45:39.178+0000][26480][gc,phases    ] GC(627)   Other: 0.9ms
[2020-09-11T11:45:39.178+0000][26480][gc,heap      ] GC(627) Eden regions: 24->0(505)
[2020-09-11T11:45:39.178+0000][26480][gc,heap      ] GC(627) Survivor regions: 2->3(64)
[2020-09-11T11:45:39.178+0000][26480][gc,heap      ] GC(627) Old regions: 80->80
[2020-09-11T11:45:39.178+0000][26480][gc,heap      ] GC(627) Archive regions: 0->0
[2020-09-11T11:45:39.178+0000][26480][gc,heap      ] GC(627) Humongous regions: 227->174
[2020-09-11T11:45:39.178+0000][26480][gc,metaspace ] GC(627) Metaspace: 89875K(95896K)->89875K(95896K) NonClass: 78546K(82072K)->78546K(82072K) Class: 11328K(13824K)->11328K(13824K)
[2020-09-11T11:45:39.178+0000][26480][gc           ] GC(627) Pause Young (Concurrent Start) (G1 Humongous Allocation) 332M->256M(1024M) 4.272ms
[2020-09-11T11:45:39.178+0000][26480][gc,cpu       ] GC(627) User=0.00s Sys=0.00s Real=0.00s
[2020-09-11T11:45:39.178+0000][26480][gc           ] GC(628) Concurrent Cycle
[2020-09-11T11:45:39.178+0000][26480][safepoint    ] Safepoint "G1TryInitiateConcMark", Time since last: 181509900 ns, Reaching safepoint: 198600 ns, At safepoint: 4453300 ns, Total: 4651900 ns
[2020-09-11T11:45:39.178+0000][26480][gc,marking   ] GC(628) Concurrent Clear Claimed Marks
[2020-09-11T11:45:39.179+0000][26480][gc,marking   ] GC(628) Concurrent Clear Claimed Marks 0.458ms
[2020-09-11T11:45:39.179+0000][26480][gc,marking   ] GC(628) Concurrent Scan Root Regions
[2020-09-11T11:45:39.181+0000][26480][gc,marking   ] GC(628) Concurrent Scan Root Regions 1.624ms
[2020-09-11T11:45:39.181+0000][26480][gc,marking   ] GC(628) Concurrent Mark (7144.315s)
[2020-09-11T11:45:39.181+0000][26480][gc,marking   ] GC(628) Concurrent Mark From Roots
[2020-09-11T11:45:39.181+0000][26480][gc,task      ] GC(628) Using 2 workers of 2 for marking
[2020-09-11T11:45:39.296+0000][26480][gc,marking   ] GC(628) Concurrent Mark From Roots 115.728ms
[2020-09-11T11:45:39.297+0000][26480][gc,marking   ] GC(628) Concurrent Preclean
[2020-09-11T11:45:39.297+0000][26480][gc,marking   ] GC(628) Concurrent Preclean 0.844ms
[2020-09-11T11:45:39.298+0000][26480][gc,marking   ] GC(628) Concurrent Mark (7144.315s, 7144.432s) 116.935ms
[2020-09-11T11:45:39.298+0000][26480][gc,start     ] GC(628) Pause Remark
[2020-09-11T11:45:39.303+0000][26480][gc           ] GC(628) Pause Remark 290M->290M(1024M) 5.469ms
[2020-09-11T11:45:39.303+0000][26480][gc,cpu       ] GC(628) User=0.00s Sys=0.00s Real=0.00s
[2020-09-11T11:45:39.303+0000][26480][safepoint    ] Safepoint "G1Concurrent", Time since last: 119286900 ns, Reaching safepoint: 149500 ns, At safepoint: 5657400 ns, Total: 5806900 ns
[2020-09-11T11:45:39.304+0000][26480][gc,marking   ] GC(628) Concurrent Rebuild Remembered Sets
[2020-09-11T11:45:39.383+0000][26480][gc,marking   ] GC(628) Concurrent Rebuild Remembered Sets 79.490ms
[2020-09-11T11:45:39.383+0000][26480][gc,start     ] GC(628) Pause Cleanup
[2020-09-11T11:45:39.384+0000][26480][gc           ] GC(628) Pause Cleanup 361M->361M(1024M) 0.305ms
[2020-09-11T11:45:39.384+0000][26480][gc,cpu       ] GC(628) User=0.00s Sys=0.00s Real=0.00s
[2020-09-11T11:45:39.384+0000][26480][safepoint    ] Safepoint "G1Concurrent", Time since last: 79665400 ns, Reaching safepoint: 140500 ns, At safepoint: 469300 ns, Total: 609800 ns
[2020-09-11T11:45:39.384+0000][26480][gc,marking   ] GC(628) Concurrent Cleanup for Next Mark
[2020-09-11T11:45:39.385+0000][26480][gc,marking   ] GC(628) Concurrent Cleanup for Next Mark 1.643ms
[2020-09-11T11:45:39.386+0000][26480][gc           ] GC(628) Concurrent Cycle 207.214ms
[2020-09-11T11:45:39.577+0000][26480][gc,start     ] GC(629) Pause Young (Concurrent Start) (G1 Humongous Allocation)
[2020-09-11T11:45:39.577+0000][26480][gc,task      ] GC(629) Using 8 workers of 8 for evacuation
[2020-09-11T11:45:39.577+0000][26480][gc,age       ] GC(629) Desired survivor size 33554432 bytes, new threshold 15 (max threshold 15)
[2020-09-11T11:45:39.580+0000][26480][gc,age       ] GC(629) Age table with threshold 15 (max threshold 15)
[2020-09-11T11:45:39.580+0000][26480][gc,age       ] GC(629) - age   1:    2720680 bytes,    2720680 total
[2020-09-11T11:45:39.580+0000][26480][gc,age       ] GC(629) - age   2:       2352 bytes,    2723032 total
[2020-09-11T11:45:39.581+0000][26480][gc,age       ] GC(629) - age   3:       1320 bytes,    2724352 total
[2020-09-11T11:45:39.581+0000][26480][gc,age       ] GC(629) - age   4:       6024 bytes,    2730376 total
[2020-09-11T11:45:39.581+0000][26480][gc,age       ] GC(629) - age   5:       6968 bytes,    2737344 total
[2020-09-11T11:45:39.581+0000][26480][gc,age       ] GC(629) - age   6:     100224 bytes,    2837568 total
[2020-09-11T11:45:39.581+0000][26480][gc,age       ] GC(629) - age   7:        608 bytes,    2838176 total
[2020-09-11T11:45:39.581+0000][26480][gc,age       ] GC(629) - age   8:        496 bytes,    2838672 total
[2020-09-11T11:45:39.581+0000][26480][gc,age       ] GC(629) - age   9:       3768 bytes,    2842440 total
[2020-09-11T11:45:39.581+0000][26480][gc,age       ] GC(629) - age  10:        384 bytes,    2842824 total
[2020-09-11T11:45:39.581+0000][26480][gc,age       ] GC(629) - age  11:        208 bytes,    2843032 total
[2020-09-11T11:45:39.581+0000][26480][gc,age       ] GC(629) - age  12:      19216 bytes,    2862248 total
[2020-09-11T11:45:39.581+0000][26480][gc,age       ] GC(629) - age  13:        216 bytes,    2862464 total
[2020-09-11T11:45:39.581+0000][26480][gc,age       ] GC(629) - age  14:        256 bytes,    2862720 total
[2020-09-11T11:45:39.581+0000][26480][gc,age       ] GC(629) - age  15:       2888 bytes,    2865608 total
[2020-09-11T11:45:39.581+0000][26480][gc,phases    ] GC(629)   Pre Evacuate Collection Set: 0.4ms
[2020-09-11T11:45:39.581+0000][26480][gc,phases    ] GC(629)   Merge Heap Roots: 0.1ms
[2020-09-11T11:45:39.581+0000][26480][gc,phases    ] GC(629)   Evacuate Collection Set: 2.2ms
[2020-09-11T11:45:39.581+0000][26480][gc,phases    ] GC(629)   Post Evacuate Collection Set: 0.6ms
[2020-09-11T11:45:39.581+0000][26480][gc,phases    ] GC(629)   Other: 0.7ms
[2020-09-11T11:45:39.581+0000][26480][gc,heap      ] GC(629) Eden regions: 43->0(503)
[2020-09-11T11:45:39.581+0000][26480][gc,heap      ] GC(629) Survivor regions: 3->3(64)
[2020-09-11T11:45:39.581+0000][26480][gc,heap      ] GC(629) Old regions: 80->81
[2020-09-11T11:45:39.581+0000][26480][gc,heap      ] GC(629) Archive regions: 0->0
[2020-09-11T11:45:39.581+0000][26480][gc,heap      ] GC(629) Humongous regions: 255->174
[2020-09-11T11:45:39.581+0000][26480][gc,metaspace ] GC(629) Metaspace: 89877K(95896K)->89877K(95896K) NonClass: 78548K(82072K)->78548K(82072K) Class: 11328K(13824K)->11328K(13824K)
[2020-09-11T11:45:39.581+0000][26480][gc           ] GC(629) Pause Young (Concurrent Start) (G1 Humongous Allocation) 379M->256M(1024M) 4.184ms
[2020-09-11T11:45:39.581+0000][26480][gc,cpu       ] GC(629) User=0.00s Sys=0.00s Real=0.00s
[2020-09-11T11:45:39.581+0000][26480][safepoint    ] Safepoint "G1TryInitiateConcMark", Time since last: 192999100 ns, Reaching safepoint: 136100 ns, At safepoint: 4317200 ns, Total: 4453300 ns
[2020-09-11T11:45:39.581+0000][26480][gc           ] GC(630) Concurrent Cycle
[2020-09-11T11:45:39.581+0000][26480][gc,marking   ] GC(630) Concurrent Clear Claimed Marks
[2020-09-11T11:45:39.582+0000][26480][gc,marking   ] GC(630) Concurrent Clear Claimed Marks 0.339ms
[2020-09-11T11:45:39.582+0000][26480][gc,marking   ] GC(630) Concurrent Scan Root Regions
[2020-09-11T11:45:39.584+0000][26480][gc,marking   ] GC(630) Concurrent Scan Root Regions 2.051ms
[2020-09-11T11:45:39.584+0000][26480][gc,marking   ] GC(630) Concurrent Mark (7144.718s)
[2020-09-11T11:45:39.584+0000][26480][gc,marking   ] GC(630) Concurrent Mark From Roots
[2020-09-11T11:45:39.584+0000][26480][gc,task      ] GC(630) Using 2 workers of 2 for marking
[2020-09-11T11:45:39.682+0000][26480][gc,marking   ] GC(630) Concurrent Mark From Roots 97.781ms
[2020-09-11T11:45:39.682+0000][26480][gc,marking   ] GC(630) Concurrent Preclean
[2020-09-11T11:45:39.682+0000][26480][gc,marking   ] GC(630) Concurrent Preclean 0.591ms
[2020-09-11T11:45:39.682+0000][26480][gc,marking   ] GC(630) Concurrent Mark (7144.718s, 7144.817s) 98.534ms
[2020-09-11T11:45:39.683+0000][26480][gc,start     ] GC(630) Pause Remark
[2020-09-11T11:45:39.689+0000][26480][gc           ] GC(630) Pause Remark 319M->319M(1024M) 6.305ms
[2020-09-11T11:45:39.689+0000][26480][gc,cpu       ] GC(630) User=0.00s Sys=0.00s Real=0.01s
[2020-09-11T11:45:39.689+0000][26480][safepoint    ] Safepoint "G1Concurrent", Time since last: 101283500 ns, Reaching safepoint: 136300 ns, At safepoint: 6480500 ns, Total: 6616800 ns
[2020-09-11T11:45:39.689+0000][26480][gc,marking   ] GC(630) Concurrent Rebuild Remembered Sets
[2020-09-11T11:45:39.757+0000][26480][gc,marking   ] GC(630) Concurrent Rebuild Remembered Sets 68.032ms
[2020-09-11T11:45:39.757+0000][26480][gc,start     ] GC(630) Pause Cleanup
[2020-09-11T11:45:39.758+0000][26480][gc           ] GC(630) Pause Cleanup 389M->389M(1024M) 0.246ms
[2020-09-11T11:45:39.758+0000][26480][gc,cpu       ] GC(630) User=0.00s Sys=0.00s Real=0.00s
[2020-09-11T11:45:39.758+0000][26480][safepoint    ] Safepoint "G1Concurrent", Time since last: 68195300 ns, Reaching safepoint: 128100 ns, At safepoint: 386100 ns, Total: 514200 ns
[2020-09-11T11:45:39.758+0000][26480][gc,marking   ] GC(630) Concurrent Cleanup for Next Mark
[2020-09-11T11:45:39.759+0000][26480][gc,marking   ] GC(630) Concurrent Cleanup for Next Mark 1.349ms
[2020-09-11T11:45:39.759+0000][26480][gc           ] GC(630) Concurrent Cycle 178.083ms
[2020-09-11T11:45:39.841+0000][26480][gc,start     ] GC(631) Pause Young (Concurrent Start) (G1 Humongous Allocation)
[2020-09-11T11:45:39.841+0000][26480][gc,task      ] GC(631) Using 8 workers of 8 for evacuation
[2020-09-11T11:45:39.841+0000][26480][gc,age       ] GC(631) Desired survivor size 33554432 bytes, new threshold 15 (max threshold 15)
[2020-09-11T11:45:39.844+0000][26480][gc,age       ] GC(631) Age table with threshold 15 (max threshold 15)
[2020-09-11T11:45:39.844+0000][26480][gc,age       ] GC(631) - age   1:    1027040 bytes,    1027040 total
[2020-09-11T11:45:39.844+0000][26480][gc,age       ] GC(631) - age   2:      42240 bytes,    1069280 total
[2020-09-11T11:45:39.844+0000][26480][gc,age       ] GC(631) - age   3:       2144 bytes,    1071424 total
[2020-09-11T11:45:39.844+0000][26480][gc,age       ] GC(631) - age   4:        592 bytes,    1072016 total
[2020-09-11T11:45:39.844+0000][26480][gc,age       ] GC(631) - age   5:       5992 bytes,    1078008 total
[2020-09-11T11:45:39.844+0000][26480][gc,age       ] GC(631) - age   6:       6808 bytes,    1084816 total
[2020-09-11T11:45:39.844+0000][26480][gc,age       ] GC(631) - age   7:     100224 bytes,    1185040 total
[2020-09-11T11:45:39.845+0000][26480][gc,age       ] GC(631) - age   8:        608 bytes,    1185648 total
[2020-09-11T11:45:39.845+0000][26480][gc,age       ] GC(631) - age   9:        496 bytes,    1186144 total
[2020-09-11T11:45:39.845+0000][26480][gc,age       ] GC(631) - age  10:       3768 bytes,    1189912 total
[2020-09-11T11:45:39.845+0000][26480][gc,age       ] GC(631) - age  11:        384 bytes,    1190296 total
[2020-09-11T11:45:39.845+0000][26480][gc,age       ] GC(631) - age  12:        208 bytes,    1190504 total
[2020-09-11T11:45:39.845+0000][26480][gc,age       ] GC(631) - age  13:      19216 bytes,    1209720 total
[2020-09-11T11:45:39.845+0000][26480][gc,age       ] GC(631) - age  14:        216 bytes,    1209936 total
[2020-09-11T11:45:39.845+0000][26480][gc,age       ] GC(631) - age  15:        256 bytes,    1210192 total
[2020-09-11T11:45:39.845+0000][26480][gc,phases    ] GC(631)   Pre Evacuate Collection Set: 0.4ms
[2020-09-11T11:45:39.845+0000][26480][gc,phases    ] GC(631)   Merge Heap Roots: 0.1ms
[2020-09-11T11:45:39.845+0000][26480][gc,phases    ] GC(631)   Evacuate Collection Set: 1.8ms
[2020-09-11T11:45:39.845+0000][26480][gc,phases    ] GC(631)   Post Evacuate Collection Set: 0.9ms
[2020-09-11T11:45:39.845+0000][26480][gc,phases    ] GC(631)   Other: 1.0ms
[2020-09-11T11:45:39.845+0000][26480][gc,heap      ] GC(631) Eden regions: 35->0(505)
[2020-09-11T11:45:39.845+0000][26480][gc,heap      ] GC(631) Survivor regions: 3->2(64)
[2020-09-11T11:45:39.845+0000][26480][gc,heap      ] GC(631) Old regions: 81->81
[2020-09-11T11:45:39.845+0000][26480][gc,heap      ] GC(631) Archive regions: 0->0
[2020-09-11T11:45:39.845+0000][26480][gc,heap      ] GC(631) Humongous regions: 278->174
[2020-09-11T11:45:39.845+0000][26480][gc,metaspace ] GC(631) Metaspace: 89877K(95896K)->89877K(95896K) NonClass: 78548K(82072K)->78548K(82072K) Class: 11328K(13824K)->11328K(13824K)
[2020-09-11T11:45:39.845+0000][26480][gc           ] GC(631) Pause Young (Concurrent Start) (G1 Humongous Allocation) 395M->255M(1024M) 4.365ms
[2020-09-11T11:45:39.845+0000][26480][gc,cpu       ] GC(631) User=0.00s Sys=0.00s Real=0.00s
[2020-09-11T11:45:39.845+0000][26480][safepoint    ] Safepoint "G1TryInitiateConcMark", Time since last: 82793300 ns, Reaching safepoint: 146300 ns, At safepoint: 4515400 ns, Total: 4661700 ns
[2020-09-11T11:45:39.845+0000][26480][gc           ] GC(632) Concurrent Cycle
[2020-09-11T11:45:39.845+0000][26480][gc,marking   ] GC(632) Concurrent Clear Claimed Marks
[2020-09-11T11:45:39.846+0000][26480][gc,marking   ] GC(632) Concurrent Clear Claimed Marks 0.762ms
[2020-09-11T11:45:39.846+0000][26480][gc,marking   ] GC(632) Concurrent Scan Root Regions
[2020-09-11T11:45:39.848+0000][26480][gc,marking   ] GC(632) Concurrent Scan Root Regions 2.013ms
[2020-09-11T11:45:39.848+0000][26480][gc,marking   ] GC(632) Concurrent Mark (7144.983s)
[2020-09-11T11:45:39.848+0000][26480][gc,marking   ] GC(632) Concurrent Mark From Roots
[2020-09-11T11:45:39.848+0000][26480][gc,task      ] GC(632) Using 2 workers of 2 for marking
[2020-09-11T11:45:39.949+0000][26480][gc,marking   ] GC(632) Concurrent Mark From Roots 100.174ms
[2020-09-11T11:45:39.949+0000][26480][gc,marking   ] GC(632) Concurrent Preclean
[2020-09-11T11:45:39.949+0000][26480][gc,marking   ] GC(632) Concurrent Preclean 0.475ms
[2020-09-11T11:45:39.949+0000][26480][gc,marking   ] GC(632) Concurrent Mark (7144.983s, 7145.084s) 100.810ms
[2020-09-11T11:45:39.949+0000][26480][gc,start     ] GC(632) Pause Remark
[2020-09-11T11:45:39.954+0000][26480][gc           ] GC(632) Pause Remark 271M->271M(1024M) 5.040ms
[2020-09-11T11:45:39.954+0000][26480][gc,cpu       ] GC(632) User=0.00s Sys=0.00s Real=0.01s
[2020-09-11T11:45:39.955+0000][26480][safepoint    ] Safepoint "G1Concurrent", Time since last: 103930700 ns, Reaching safepoint: 111600 ns, At safepoint: 5237000 ns, Total: 5348600 ns
[2020-09-11T11:45:39.955+0000][26480][gc,marking   ] GC(632) Concurrent Rebuild Remembered Sets
[2020-09-11T11:45:40.030+0000][26480][gc,marking   ] GC(632) Concurrent Rebuild Remembered Sets 75.665ms
[2020-09-11T11:45:40.030+0000][26480][gc,start     ] GC(632) Pause Cleanup
[2020-09-11T11:45:40.031+0000][26480][gc           ] GC(632) Pause Cleanup 288M->288M(1024M) 0.324ms
[2020-09-11T11:45:40.031+0000][26480][gc,cpu       ] GC(632) User=0.00s Sys=0.00s Real=0.00s
[2020-09-11T11:45:40.031+0000][26480][safepoint    ] Safepoint "G1Concurrent", Time since last: 75805900 ns, Reaching safepoint: 138800 ns, At safepoint: 483800 ns, Total: 622600 ns
[2020-09-11T11:45:40.031+0000][26480][gc,marking   ] GC(632) Concurrent Cleanup for Next Mark
[2020-09-11T11:45:40.032+0000][26480][gc,marking   ] GC(632) Concurrent Cleanup for Next Mark 1.395ms
[2020-09-11T11:45:40.032+0000][26480][gc           ] GC(632) Concurrent Cycle 187.230ms
[2020-09-11T11:45:40.128+0000][26480][gc,start     ] GC(633) Pause Young (Concurrent Start) (G1 Humongous Allocation)
[2020-09-11T11:45:40.128+0000][26480][gc,task      ] GC(633) Using 8 workers of 8 for evacuation
[2020-09-11T11:45:40.128+0000][26480][gc,age       ] GC(633) Desired survivor size 33554432 bytes, new threshold 15 (max threshold 15)
[2020-09-11T11:45:40.132+0000][26480][gc,age       ] GC(633) Age table with threshold 15 (max threshold 15)
[2020-09-11T11:45:40.132+0000][26480][gc,age       ] GC(633) - age   1:    1915112 bytes,    1915112 total
[2020-09-11T11:45:40.132+0000][26480][gc,age       ] GC(633) - age   2:     402712 bytes,    2317824 total
[2020-09-11T11:45:40.132+0000][26480][gc,age       ] GC(633) - age   3:      38728 bytes,    2356552 total
[2020-09-11T11:45:40.132+0000][26480][gc,age       ] GC(633) - age   4:       1744 bytes,    2358296 total
[2020-09-11T11:45:40.132+0000][26480][gc,age       ] GC(633) - age   5:        496 bytes,    2358792 total
[2020-09-11T11:45:40.132+0000][26480][gc,age       ] GC(633) - age   6:       5896 bytes,    2364688 total
[2020-09-11T11:45:40.132+0000][26480][gc,age       ] GC(633) - age   7:       6648 bytes,    2371336 total
[2020-09-11T11:45:40.132+0000][26480][gc,age       ] GC(633) - age   8:     100224 bytes,    2471560 total
[2020-09-11T11:45:40.133+0000][26480][gc,age       ] GC(633) - age   9:        576 bytes,    2472136 total
[2020-09-11T11:45:40.133+0000][26480][gc,age       ] GC(633) - age  10:        496 bytes,    2472632 total
[2020-09-11T11:45:40.133+0000][26480][gc,age       ] GC(633) - age  11:       3736 bytes,    2476368 total
[2020-09-11T11:45:40.133+0000][26480][gc,age       ] GC(633) - age  12:        384 bytes,    2476752 total
[2020-09-11T11:45:40.133+0000][26480][gc,age       ] GC(633) - age  13:        208 bytes,    2476960 total
[2020-09-11T11:45:40.133+0000][26480][gc,age       ] GC(633) - age  14:      19216 bytes,    2496176 total
[2020-09-11T11:45:40.133+0000][26480][gc,age       ] GC(633) - age  15:        216 bytes,    2496392 total
[2020-09-11T11:45:40.133+0000][26480][gc,phases    ] GC(633)   Pre Evacuate Collection Set: 0.4ms
[2020-09-11T11:45:40.133+0000][26480][gc,phases    ] GC(633)   Merge Heap Roots: 0.1ms
[2020-09-11T11:45:40.133+0000][26480][gc,phases    ] GC(633)   Evacuate Collection Set: 2.6ms
[2020-09-11T11:45:40.133+0000][26480][gc,phases    ] GC(633)   Post Evacuate Collection Set: 0.7ms
[2020-09-11T11:45:40.133+0000][26480][gc,phases    ] GC(633)   Other: 0.7ms
[2020-09-11T11:45:40.133+0000][26480][gc,heap      ] GC(633) Eden regions: 24->0(504)
[2020-09-11T11:45:40.133+0000][26480][gc,heap      ] GC(633) Survivor regions: 2->3(64)
[2020-09-11T11:45:40.133+0000][26480][gc,heap      ] GC(633) Old regions: 81->81
[2020-09-11T11:45:40.133+0000][26480][gc,heap      ] GC(633) Archive regions: 0->0
[2020-09-11T11:45:40.133+0000][26480][gc,heap      ] GC(633) Humongous regions: 226->174
[2020-09-11T11:45:40.133+0000][26480][gc,metaspace ] GC(633) Metaspace: 89877K(95896K)->89877K(95896K) NonClass: 78548K(82072K)->78548K(82072K) Class: 11328K(13824K)->11328K(13824K)
[2020-09-11T11:45:40.133+0000][26480][gc           ] GC(633) Pause Young (Concurrent Start) (G1 Humongous Allocation) 330M->256M(1024M) 4.768ms
[2020-09-11T11:45:40.133+0000][26480][gc,cpu       ] GC(633) User=0.00s Sys=0.00s Real=0.00s
[2020-09-11T11:45:40.133+0000][26480][safepoint    ] Safepoint "G1TryInitiateConcMark", Time since last: 97041100 ns, Reaching safepoint: 182400 ns, At safepoint: 4904800 ns, Total: 5087200 ns
[2020-09-11T11:45:40.133+0000][26480][gc           ] GC(634) Concurrent Cycle
[2020-09-11T11:45:40.133+0000][26480][gc,marking   ] GC(634) Concurrent Clear Claimed Marks
[2020-09-11T11:45:40.134+0000][26480][gc,marking   ] GC(634) Concurrent Clear Claimed Marks 0.751ms
[2020-09-11T11:45:40.134+0000][26480][gc,marking   ] GC(634) Concurrent Scan Root Regions
[2020-09-11T11:45:40.136+0000][26480][gc,marking   ] GC(634) Concurrent Scan Root Regions 2.071ms
[2020-09-11T11:45:40.136+0000][26480][gc,marking   ] GC(634) Concurrent Mark (7145.271s)
[2020-09-11T11:45:40.136+0000][26480][gc,marking   ] GC(634) Concurrent Mark From Roots
[2020-09-11T11:45:40.136+0000][26480][gc,task      ] GC(634) Using 2 workers of 2 for marking
[2020-09-11T11:45:40.275+0000][26480][gc,marking   ] GC(634) Concurrent Mark From Roots 138.389ms
[2020-09-11T11:45:40.275+0000][26480][gc,marking   ] GC(634) Concurrent Preclean
[2020-09-11T11:45:40.275+0000][26480][gc,marking   ] GC(634) Concurrent Preclean 0.689ms
[2020-09-11T11:45:40.275+0000][26480][gc,marking   ] GC(634) Concurrent Mark (7145.271s, 7145.410s) 139.243ms
[2020-09-11T11:45:40.276+0000][26480][gc,start     ] GC(634) Pause Remark
[2020-09-11T11:45:40.282+0000][26480][gc           ] GC(634) Pause Remark 288M->288M(1024M) 5.991ms
[2020-09-11T11:45:40.282+0000][26480][gc,cpu       ] GC(634) User=0.00s Sys=0.00s Real=0.01s
[2020-09-11T11:45:40.282+0000][26480][safepoint    ] Safepoint "G1Concurrent", Time since last: 142371000 ns, Reaching safepoint: 146500 ns, At safepoint: 6205700 ns, Total: 6352200 ns
[2020-09-11T11:45:40.282+0000][26480][gc,marking   ] GC(634) Concurrent Rebuild Remembered Sets
[2020-09-11T11:45:40.365+0000][26480][gc,marking   ] GC(634) Concurrent Rebuild Remembered Sets 83.036ms
[2020-09-11T11:45:40.365+0000][26480][gc,start     ] GC(634) Pause Cleanup
[2020-09-11T11:45:40.366+0000][26480][gc           ] GC(634) Pause Cleanup 289M->289M(1024M) 0.311ms
[2020-09-11T11:45:40.366+0000][26480][gc,cpu       ] GC(634) User=0.00s Sys=0.00s Real=0.00s
[2020-09-11T11:45:40.366+0000][26480][safepoint    ] Safepoint "G1Concurrent", Time since last: 83224100 ns, Reaching safepoint: 142200 ns, At safepoint: 475900 ns, Total: 618100 ns
[2020-09-11T11:45:40.366+0000][26480][gc,marking   ] GC(634) Concurrent Cleanup for Next Mark
[2020-09-11T11:45:40.367+0000][26480][gc,marking   ] GC(634) Concurrent Cleanup for Next Mark 1.570ms
[2020-09-11T11:45:40.367+0000][26480][gc           ] GC(634) Concurrent Cycle 234.285ms
[2020-09-11T11:45:40.542+0000][26480][gc,start     ] GC(635) Pause Young (Concurrent Start) (G1 Humongous Allocation)
[2020-09-11T11:45:40.542+0000][26480][gc,task      ] GC(635) Using 8 workers of 8 for evacuation
[2020-09-11T11:45:40.542+0000][26480][gc,age       ] GC(635) Desired survivor size 33554432 bytes, new threshold 15 (max threshold 15)
[2020-09-11T11:45:40.545+0000][26480][gc,age       ] GC(635) Age table with threshold 15 (max threshold 15)
[2020-09-11T11:45:40.545+0000][26480][gc,age       ] GC(635) - age   1:    2096952 bytes,    2096952 total
[2020-09-11T11:45:40.546+0000][26480][gc,age       ] GC(635) - age   2:     109352 bytes,    2206304 total
[2020-09-11T11:45:40.546+0000][26480][gc,age       ] GC(635) - age   3:     402616 bytes,    2608920 total
[2020-09-11T11:45:40.546+0000][26480][gc,age       ] GC(635) - age   4:      34808 bytes,    2643728 total
[2020-09-11T11:45:40.546+0000][26480][gc,age       ] GC(635) - age   5:       1576 bytes,    2645304 total
[2020-09-11T11:45:40.546+0000][26480][gc,age       ] GC(635) - age   6:        368 bytes,    2645672 total
[2020-09-11T11:45:40.546+0000][26480][gc,age       ] GC(635) - age   7:       5880 bytes,    2651552 total
[2020-09-11T11:45:40.546+0000][26480][gc,age       ] GC(635) - age   8:       6288 bytes,    2657840 total
[2020-09-11T11:45:40.546+0000][26480][gc,age       ] GC(635) - age   9:     100224 bytes,    2758064 total
[2020-09-11T11:45:40.546+0000][26480][gc,age       ] GC(635) - age  10:        576 bytes,    2758640 total
[2020-09-11T11:45:40.546+0000][26480][gc,age       ] GC(635) - age  11:        496 bytes,    2759136 total
[2020-09-11T11:45:40.546+0000][26480][gc,age       ] GC(635) - age  12:       3704 bytes,    2762840 total
[2020-09-11T11:45:40.546+0000][26480][gc,age       ] GC(635) - age  13:        384 bytes,    2763224 total
[2020-09-11T11:45:40.546+0000][26480][gc,age       ] GC(635) - age  14:        208 bytes,    2763432 total
[2020-09-11T11:45:40.546+0000][26480][gc,age       ] GC(635) - age  15:      19152 bytes,    2782584 total
[2020-09-11T11:45:40.546+0000][26480][gc,phases    ] GC(635)   Pre Evacuate Collection Set: 0.5ms
[2020-09-11T11:45:40.546+0000][26480][gc,phases    ] GC(635)   Merge Heap Roots: 0.1ms
[2020-09-11T11:45:40.546+0000][26480][gc,phases    ] GC(635)   Evacuate Collection Set: 2.0ms
[2020-09-11T11:45:40.546+0000][26480][gc,phases    ] GC(635)   Post Evacuate Collection Set: 0.6ms
[2020-09-11T11:45:40.546+0000][26480][gc,phases    ] GC(635)   Other: 1.1ms
[2020-09-11T11:45:40.546+0000][26480][gc,heap      ] GC(635) Eden regions: 17->0(504)
[2020-09-11T11:45:40.546+0000][26480][gc,heap      ] GC(635) Survivor regions: 3->3(64)
[2020-09-11T11:45:40.546+0000][26480][gc,heap      ] GC(635) Old regions: 81->81
[2020-09-11T11:45:40.546+0000][26480][gc,heap      ] GC(635) Archive regions: 0->0
[2020-09-11T11:45:40.546+0000][26480][gc,heap      ] GC(635) Humongous regions: 226->174
[2020-09-11T11:45:40.546+0000][26480][gc,metaspace ] GC(635) Metaspace: 89877K(95896K)->89877K(95896K) NonClass: 78548K(82072K)->78548K(82072K) Class: 11328K(13824K)->11328K(13824K)
[2020-09-11T11:45:40.546+0000][26480][gc           ] GC(635) Pause Young (Concurrent Start) (G1 Humongous Allocation) 325M->256M(1024M) 4.596ms
[2020-09-11T11:45:40.546+0000][26480][gc,cpu       ] GC(635) User=0.00s Sys=0.00s Real=0.00s
[2020-09-11T11:45:40.547+0000][26480][gc           ] GC(636) Concurrent Cycle
[2020-09-11T11:45:40.547+0000][26480][safepoint    ] Safepoint "G1TryInitiateConcMark", Time since last: 175821900 ns, Reaching safepoint: 244200 ns, At safepoint: 4849000 ns, Total: 5093200 ns
[2020-09-11T11:45:40.547+0000][26480][gc,marking   ] GC(636) Concurrent Clear Claimed Marks
[2020-09-11T11:45:40.547+0000][26480][gc,marking   ] GC(636) Concurrent Clear Claimed Marks 0.784ms
[2020-09-11T11:45:40.548+0000][26480][gc,marking   ] GC(636) Concurrent Scan Root Regions
[2020-09-11T11:45:40.551+0000][26480][gc,marking   ] GC(636) Concurrent Scan Root Regions 3.076ms
[2020-09-11T11:45:40.551+0000][26480][gc,marking   ] GC(636) Concurrent Mark (7145.685s)
[2020-09-11T11:45:40.551+0000][26480][gc,marking   ] GC(636) Concurrent Mark From Roots
[2020-09-11T11:45:40.551+0000][26480][gc,task      ] GC(636) Using 2 workers of 2 for marking
[2020-09-11T11:45:40.699+0000][26480][gc,marking   ] GC(636) Concurrent Mark From Roots 148.468ms
[2020-09-11T11:45:40.699+0000][26480][gc,marking   ] GC(636) Concurrent Preclean
[2020-09-11T11:45:40.700+0000][26480][gc,marking   ] GC(636) Concurrent Preclean 0.740ms
[2020-09-11T11:45:40.700+0000][26480][gc,marking   ] GC(636) Concurrent Mark (7145.685s, 7145.835s) 149.408ms
[2020-09-11T11:45:40.700+0000][26480][gc,start     ] GC(636) Pause Remark
[2020-09-11T11:45:40.707+0000][26480][gc           ] GC(636) Pause Remark 294M->294M(1024M) 6.494ms
[2020-09-11T11:45:40.707+0000][26480][gc,cpu       ] GC(636) User=0.00s Sys=0.00s Real=0.01s
[2020-09-11T11:45:40.707+0000][26480][safepoint    ] Safepoint "G1Concurrent", Time since last: 153646100 ns, Reaching safepoint: 173100 ns, At safepoint: 6745200 ns, Total: 6918300 ns
[2020-09-11T11:45:40.707+0000][26480][gc,marking   ] GC(636) Concurrent Rebuild Remembered Sets
[2020-09-11T11:45:40.797+0000][26480][gc,marking   ] GC(636) Concurrent Rebuild Remembered Sets 89.345ms
[2020-09-11T11:45:40.797+0000][26480][gc,start     ] GC(636) Pause Cleanup
[2020-09-11T11:45:40.797+0000][26480][gc           ] GC(636) Pause Cleanup 370M->370M(1024M) 0.341ms
[2020-09-11T11:45:40.797+0000][26480][gc,cpu       ] GC(636) User=0.00s Sys=0.00s Real=0.00s
[2020-09-11T11:45:40.797+0000][26480][safepoint    ] Safepoint "G1Concurrent", Time since last: 89524600 ns, Reaching safepoint: 157600 ns, At safepoint: 524300 ns, Total: 681900 ns
[2020-09-11T11:45:40.797+0000][26480][gc,marking   ] GC(636) Concurrent Cleanup for Next Mark
[2020-09-11T11:45:40.799+0000][26480][gc,marking   ] GC(636) Concurrent Cleanup for Next Mark 1.739ms
[2020-09-11T11:45:40.799+0000][26480][gc           ] GC(636) Concurrent Cycle 252.731ms
[2020-09-11T11:45:41.014+0000][26480][gc,start     ] GC(637) Pause Young (Concurrent Start) (G1 Humongous Allocation)
[2020-09-11T11:45:41.014+0000][26480][gc,task      ] GC(637) Using 8 workers of 8 for evacuation
[2020-09-11T11:45:41.014+0000][26480][gc,age       ] GC(637) Desired survivor size 33554432 bytes, new threshold 15 (max threshold 15)
[2020-09-11T11:45:41.017+0000][26480][gc,age       ] GC(637) Age table with threshold 15 (max threshold 15)
[2020-09-11T11:45:41.017+0000][26480][gc,age       ] GC(637) - age   1:    2729824 bytes,    2729824 total
[2020-09-11T11:45:41.017+0000][26480][gc,age       ] GC(637) - age   2:       2040 bytes,    2731864 total
[2020-09-11T11:45:41.017+0000][26480][gc,age       ] GC(637) - age   3:       1416 bytes,    2733280 total
[2020-09-11T11:45:41.017+0000][26480][gc,age       ] GC(637) - age   4:        992 bytes,    2734272 total
[2020-09-11T11:45:41.017+0000][26480][gc,age       ] GC(637) - age   5:      23392 bytes,    2757664 total
[2020-09-11T11:45:41.017+0000][26480][gc,age       ] GC(637) - age   6:       1160 bytes,    2758824 total
[2020-09-11T11:45:41.017+0000][26480][gc,age       ] GC(637) - age   7:        368 bytes,    2759192 total
[2020-09-11T11:45:41.018+0000][26480][gc,age       ] GC(637) - age   8:       3664 bytes,    2762856 total
[2020-09-11T11:45:41.018+0000][26480][gc,age       ] GC(637) - age   9:       6224 bytes,    2769080 total
[2020-09-11T11:45:41.018+0000][26480][gc,age       ] GC(637) - age  10:     100224 bytes,    2869304 total
[2020-09-11T11:45:41.018+0000][26480][gc,age       ] GC(637) - age  11:        288 bytes,    2869592 total
[2020-09-11T11:45:41.018+0000][26480][gc,age       ] GC(637) - age  12:        496 bytes,    2870088 total
[2020-09-11T11:45:41.018+0000][26480][gc,age       ] GC(637) - age  13:       3704 bytes,    2873792 total
[2020-09-11T11:45:41.018+0000][26480][gc,age       ] GC(637) - age  14:        320 bytes,    2874112 total
[2020-09-11T11:45:41.018+0000][26480][gc,age       ] GC(637) - age  15:        208 bytes,    2874320 total
[2020-09-11T11:45:41.018+0000][26480][gc,phases    ] GC(637)   Pre Evacuate Collection Set: 0.4ms
[2020-09-11T11:45:41.018+0000][26480][gc,phases    ] GC(637)   Merge Heap Roots: 0.1ms
[2020-09-11T11:45:41.018+0000][26480][gc,phases    ] GC(637)   Evacuate Collection Set: 1.9ms
[2020-09-11T11:45:41.018+0000][26480][gc,phases    ] GC(637)   Post Evacuate Collection Set: 0.7ms
[2020-09-11T11:45:41.018+0000][26480][gc,phases    ] GC(637)   Other: 0.7ms
[2020-09-11T11:45:41.018+0000][26480][gc,heap      ] GC(637) Eden regions: 38->0(504)
[2020-09-11T11:45:41.018+0000][26480][gc,heap      ] GC(637) Survivor regions: 3->3(64)
[2020-09-11T11:45:41.018+0000][26480][gc,heap      ] GC(637) Old regions: 81->81
[2020-09-11T11:45:41.018+0000][26480][gc,heap      ] GC(637) Archive regions: 0->0
[2020-09-11T11:45:41.018+0000][26480][gc,heap      ] GC(637) Humongous regions: 261->174
[2020-09-11T11:45:41.018+0000][26480][gc,metaspace ] GC(637) Metaspace: 89891K(95896K)->89891K(95896K) NonClass: 78561K(82072K)->78561K(82072K) Class: 11330K(13824K)->11330K(13824K)
[2020-09-11T11:45:41.018+0000][26480][gc           ] GC(637) Pause Young (Concurrent Start) (G1 Humongous Allocation) 381M->256M(1024M) 4.006ms
[2020-09-11T11:45:41.018+0000][26480][gc,cpu       ] GC(637) User=0.00s Sys=0.00s Real=0.00s
[2020-09-11T11:45:41.018+0000][26480][safepoint    ] Safepoint "G1TryInitiateConcMark", Time since last: 216452000 ns, Reaching safepoint: 167400 ns, At safepoint: 4165400 ns, Total: 4332800 ns
[2020-09-11T11:45:41.018+0000][26480][gc           ] GC(638) Concurrent Cycle
[2020-09-11T11:45:41.018+0000][26480][gc,marking   ] GC(638) Concurrent Clear Claimed Marks
[2020-09-11T11:45:41.019+0000][26480][gc,marking   ] GC(638) Concurrent Clear Claimed Marks 0.341ms
[2020-09-11T11:45:41.019+0000][26480][gc,marking   ] GC(638) Concurrent Scan Root Regions
[2020-09-11T11:45:41.020+0000][26480][gc,marking   ] GC(638) Concurrent Scan Root Regions 1.909ms
[2020-09-11T11:45:41.021+0000][26480][gc,marking   ] GC(638) Concurrent Mark (7146.155s)
[2020-09-11T11:45:41.021+0000][26480][gc,marking   ] GC(638) Concurrent Mark From Roots
[2020-09-11T11:45:41.021+0000][26480][gc,task      ] GC(638) Using 2 workers of 2 for marking
[2020-09-11T11:45:41.119+0000][26480][gc,marking   ] GC(638) Concurrent Mark From Roots 98.026ms
[2020-09-11T11:45:41.119+0000][26480][gc,marking   ] GC(638) Concurrent Preclean
[2020-09-11T11:45:41.119+0000][26480][gc,marking   ] GC(638) Concurrent Preclean 0.464ms
[2020-09-11T11:45:41.119+0000][26480][gc,marking   ] GC(638) Concurrent Mark (7146.155s, 7146.254s) 98.626ms
[2020-09-11T11:45:41.119+0000][26480][gc,start     ] GC(638) Pause Remark
[2020-09-11T11:45:41.125+0000][26480][gc           ] GC(638) Pause Remark 319M->319M(1024M) 5.450ms
[2020-09-11T11:45:41.125+0000][26480][gc,cpu       ] GC(638) User=0.00s Sys=0.02s Real=0.01s
[2020-09-11T11:45:41.125+0000][26480][safepoint    ] Safepoint "G1Concurrent", Time since last: 101203000 ns, Reaching safepoint: 147000 ns, At safepoint: 5668400 ns, Total: 5815400 ns
[2020-09-11T11:45:41.125+0000][26480][gc,marking   ] GC(638) Concurrent Rebuild Remembered Sets
[2020-09-11T11:45:41.189+0000][26480][gc,marking   ] GC(638) Concurrent Rebuild Remembered Sets 63.730ms
[2020-09-11T11:45:41.189+0000][26480][gc,start     ] GC(638) Pause Cleanup
[2020-09-11T11:45:41.189+0000][26480][gc           ] GC(638) Pause Cleanup 389M->389M(1024M) 0.265ms
[2020-09-11T11:45:41.190+0000][26480][gc,cpu       ] GC(638) User=0.00s Sys=0.00s Real=0.00s
[2020-09-11T11:45:41.190+0000][26480][safepoint    ] Safepoint "G1Concurrent", Time since last: 63891900 ns, Reaching safepoint: 153700 ns, At safepoint: 411600 ns, Total: 565300 ns
[2020-09-11T11:45:41.190+0000][26480][gc,marking   ] GC(638) Concurrent Cleanup for Next Mark
[2020-09-11T11:45:41.191+0000][26480][gc,marking   ] GC(638) Concurrent Cleanup for Next Mark 1.397ms
[2020-09-11T11:45:41.191+0000][26480][gc           ] GC(638) Concurrent Cycle 172.998ms
[2020-09-11T11:45:41.284+0000][26480][gc,start     ] GC(639) Pause Young (Concurrent Start) (G1 Humongous Allocation)
[2020-09-11T11:45:41.285+0000][26480][gc,task      ] GC(639) Using 8 workers of 8 for evacuation
[2020-09-11T11:45:41.285+0000][26480][gc,age       ] GC(639) Desired survivor size 33554432 bytes, new threshold 15 (max threshold 15)
[2020-09-11T11:45:41.288+0000][26480][gc,age       ] GC(639) Age table with threshold 15 (max threshold 15)
[2020-09-11T11:45:41.288+0000][26480][gc,age       ] GC(639) - age   1:    1027000 bytes,    1027000 total
[2020-09-11T11:45:41.288+0000][26480][gc,age       ] GC(639) - age   2:      51440 bytes,    1078440 total
[2020-09-11T11:45:41.288+0000][26480][gc,age       ] GC(639) - age   3:       2040 bytes,    1080480 total
[2020-09-11T11:45:41.288+0000][26480][gc,age       ] GC(639) - age   4:       1280 bytes,    1081760 total
[2020-09-11T11:45:41.288+0000][26480][gc,age       ] GC(639) - age   5:        320 bytes,    1082080 total
[2020-09-11T11:45:41.288+0000][26480][gc,age       ] GC(639) - age   6:      23296 bytes,    1105376 total
[2020-09-11T11:45:41.288+0000][26480][gc,age       ] GC(639) - age   7:       1128 bytes,    1106504 total
[2020-09-11T11:45:41.288+0000][26480][gc,age       ] GC(639) - age   8:        368 bytes,    1106872 total
[2020-09-11T11:45:41.288+0000][26480][gc,age       ] GC(639) - age   9:       3664 bytes,    1110536 total
[2020-09-11T11:45:41.288+0000][26480][gc,age       ] GC(639) - age  10:       6096 bytes,    1116632 total
[2020-09-11T11:45:41.288+0000][26480][gc,age       ] GC(639) - age  11:     100224 bytes,    1216856 total
[2020-09-11T11:45:41.288+0000][26480][gc,age       ] GC(639) - age  12:        256 bytes,    1217112 total
[2020-09-11T11:45:41.288+0000][26480][gc,age       ] GC(639) - age  13:        496 bytes,    1217608 total
[2020-09-11T11:45:41.288+0000][26480][gc,age       ] GC(639) - age  14:       3704 bytes,    1221312 total
[2020-09-11T11:45:41.288+0000][26480][gc,age       ] GC(639) - age  15:        320 bytes,    1221632 total
[2020-09-11T11:45:41.288+0000][26480][gc,phases    ] GC(639)   Pre Evacuate Collection Set: 0.4ms
[2020-09-11T11:45:41.288+0000][26480][gc,phases    ] GC(639)   Merge Heap Roots: 0.1ms
[2020-09-11T11:45:41.288+0000][26480][gc,phases    ] GC(639)   Evacuate Collection Set: 1.6ms
[2020-09-11T11:45:41.288+0000][26480][gc,phases    ] GC(639)   Post Evacuate Collection Set: 0.9ms
[2020-09-11T11:45:41.288+0000][26480][gc,phases    ] GC(639)   Other: 0.7ms
[2020-09-11T11:45:41.288+0000][26480][gc,heap      ] GC(639) Eden regions: 36->0(505)
[2020-09-11T11:45:41.288+0000][26480][gc,heap      ] GC(639) Survivor regions: 3->2(64)
[2020-09-11T11:45:41.288+0000][26480][gc,heap      ] GC(639) Old regions: 81->81
[2020-09-11T11:45:41.288+0000][26480][gc,heap      ] GC(639) Archive regions: 0->0
[2020-09-11T11:45:41.288+0000][26480][gc,heap      ] GC(639) Humongous regions: 278->174
[2020-09-11T11:45:41.288+0000][26480][gc,metaspace ] GC(639) Metaspace: 89891K(95896K)->89891K(95896K) NonClass: 78561K(82072K)->78561K(82072K) Class: 11330K(13824K)->11330K(13824K)
[2020-09-11T11:45:41.288+0000][26480][gc           ] GC(639) Pause Young (Concurrent Start) (G1 Humongous Allocation) 396M->255M(1024M) 3.844ms
[2020-09-11T11:45:41.288+0000][26480][gc,cpu       ] GC(639) User=0.00s Sys=0.00s Real=0.00s
[2020-09-11T11:45:41.288+0000][26480][safepoint    ] Safepoint "G1TryInitiateConcMark", Time since last: 94706000 ns, Reaching safepoint: 133300 ns, At safepoint: 3997300 ns, Total: 4130600 ns
[2020-09-11T11:45:41.288+0000][26480][gc           ] GC(640) Concurrent Cycle
[2020-09-11T11:45:41.289+0000][26480][gc,marking   ] GC(640) Concurrent Clear Claimed Marks
[2020-09-11T11:45:41.289+0000][26480][gc,marking   ] GC(640) Concurrent Clear Claimed Marks 0.286ms
[2020-09-11T11:45:41.289+0000][26480][gc,marking   ] GC(640) Concurrent Scan Root Regions
[2020-09-11T11:45:41.290+0000][26480][gc,marking   ] GC(640) Concurrent Scan Root Regions 1.366ms
[2020-09-11T11:45:41.290+0000][26480][gc,marking   ] GC(640) Concurrent Mark (7146.425s)
[2020-09-11T11:45:41.290+0000][26480][gc,marking   ] GC(640) Concurrent Mark From Roots
[2020-09-11T11:45:41.290+0000][26480][gc,task      ] GC(640) Using 2 workers of 2 for marking
[2020-09-11T11:45:41.373+0000][26480][gc,marking   ] GC(640) Concurrent Mark From Roots 82.588ms
[2020-09-11T11:45:41.373+0000][26480][gc,marking   ] GC(640) Concurrent Preclean
[2020-09-11T11:45:41.373+0000][26480][gc,marking   ] GC(640) Concurrent Preclean 0.494ms
[2020-09-11T11:45:41.373+0000][26480][gc,marking   ] GC(640) Concurrent Mark (7146.425s, 7146.508s) 83.241ms
[2020-09-11T11:45:41.374+0000][26480][gc,start     ] GC(640) Pause Remark
[2020-09-11T11:45:41.379+0000][26480][gc           ] GC(640) Pause Remark 270M->270M(1024M) 5.590ms
[2020-09-11T11:45:41.379+0000][26480][gc,cpu       ] GC(640) User=0.00s Sys=0.00s Real=0.00s
[2020-09-11T11:45:41.380+0000][26480][safepoint    ] Safepoint "G1Concurrent", Time since last: 85156400 ns, Reaching safepoint: 151400 ns, At safepoint: 5832500 ns, Total: 5983900 ns
[2020-09-11T11:45:41.380+0000][26480][gc,marking   ] GC(640) Concurrent Rebuild Remembered Sets
[2020-09-11T11:45:41.445+0000][26480][gc,marking   ] GC(640) Concurrent Rebuild Remembered Sets 65.111ms
[2020-09-11T11:45:41.445+0000][26480][gc,start     ] GC(640) Pause Cleanup
[2020-09-11T11:45:41.445+0000][26480][gc           ] GC(640) Pause Cleanup 289M->289M(1024M) 0.322ms
[2020-09-11T11:45:41.445+0000][26480][gc,cpu       ] GC(640) User=0.00s Sys=0.00s Real=0.00s
[2020-09-11T11:45:41.446+0000][26480][safepoint    ] Safepoint "G1Concurrent", Time since last: 65317000 ns, Reaching safepoint: 136400 ns, At safepoint: 490400 ns, Total: 626800 ns
[2020-09-11T11:45:41.446+0000][26480][gc,marking   ] GC(640) Concurrent Cleanup for Next Mark
[2020-09-11T11:45:41.447+0000][26480][gc,marking   ] GC(640) Concurrent Cleanup for Next Mark 1.481ms
[2020-09-11T11:45:41.447+0000][26480][gc           ] GC(640) Concurrent Cycle 158.704ms
[2020-09-11T11:45:41.573+0000][26480][gc,start     ] GC(641) Pause Young (Concurrent Start) (G1 Humongous Allocation)
[2020-09-11T11:45:41.573+0000][26480][gc,task      ] GC(641) Using 8 workers of 8 for evacuation
[2020-09-11T11:45:41.573+0000][26480][gc,age       ] GC(641) Desired survivor size 33554432 bytes, new threshold 15 (max threshold 15)
[2020-09-11T11:45:41.577+0000][26480][gc,age       ] GC(641) Age table with threshold 15 (max threshold 15)
[2020-09-11T11:45:41.577+0000][26480][gc,age       ] GC(641) - age   1:    1917800 bytes,    1917800 total
[2020-09-11T11:45:41.577+0000][26480][gc,age       ] GC(641) - age   2:     402968 bytes,    2320768 total
[2020-09-11T11:45:41.577+0000][26480][gc,age       ] GC(641) - age   3:      50696 bytes,    2371464 total
[2020-09-11T11:45:41.577+0000][26480][gc,age       ] GC(641) - age   4:        368 bytes,    2371832 total
[2020-09-11T11:45:41.577+0000][26480][gc,age       ] GC(641) - age   5:        896 bytes,    2372728 total
[2020-09-11T11:45:41.577+0000][26480][gc,age       ] GC(641) - age   6:        224 bytes,    2372952 total
[2020-09-11T11:45:41.577+0000][26480][gc,age       ] GC(641) - age   7:      22944 bytes,    2395896 total
[2020-09-11T11:45:41.577+0000][26480][gc,age       ] GC(641) - age   8:       1032 bytes,    2396928 total
[2020-09-11T11:45:41.577+0000][26480][gc,age       ] GC(641) - age   9:        368 bytes,    2397296 total
[2020-09-11T11:45:41.577+0000][26480][gc,age       ] GC(641) - age  10:       3568 bytes,    2400864 total
[2020-09-11T11:45:41.577+0000][26480][gc,age       ] GC(641) - age  11:       5968 bytes,    2406832 total
[2020-09-11T11:45:41.577+0000][26480][gc,age       ] GC(641) - age  12:     100224 bytes,    2507056 total
[2020-09-11T11:45:41.577+0000][26480][gc,age       ] GC(641) - age  13:        224 bytes,    2507280 total
[2020-09-11T11:45:41.578+0000][26480][gc,age       ] GC(641) - age  14:        432 bytes,    2507712 total
[2020-09-11T11:45:41.578+0000][26480][gc,age       ] GC(641) - age  15:       3704 bytes,    2511416 total
[2020-09-11T11:45:41.578+0000][26480][gc,phases    ] GC(641)   Pre Evacuate Collection Set: 0.5ms
[2020-09-11T11:45:41.578+0000][26480][gc,phases    ] GC(641)   Merge Heap Roots: 0.1ms
[2020-09-11T11:45:41.578+0000][26480][gc,phases    ] GC(641)   Evacuate Collection Set: 2.0ms
[2020-09-11T11:45:41.578+0000][26480][gc,phases    ] GC(641)   Post Evacuate Collection Set: 0.8ms
[2020-09-11T11:45:41.578+0000][26480][gc,phases    ] GC(641)   Other: 1.0ms
[2020-09-11T11:45:41.578+0000][26480][gc,heap      ] GC(641) Eden regions: 25->0(504)
[2020-09-11T11:45:41.578+0000][26480][gc,heap      ] GC(641) Survivor regions: 2->3(64)
[2020-09-11T11:45:41.578+0000][26480][gc,heap      ] GC(641) Old regions: 81->81
[2020-09-11T11:45:41.578+0000][26480][gc,heap      ] GC(641) Archive regions: 0->0
[2020-09-11T11:45:41.578+0000][26480][gc,heap      ] GC(641) Humongous regions: 226->174
[2020-09-11T11:45:41.578+0000][26480][gc,metaspace ] GC(641) Metaspace: 89891K(95896K)->89891K(95896K) NonClass: 78561K(82072K)->78561K(82072K) Class: 11330K(13824K)->11330K(13824K)
[2020-09-11T11:45:41.578+0000][26480][gc           ] GC(641) Pause Young (Concurrent Start) (G1 Humongous Allocation) 331M->256M(1024M) 4.578ms
[2020-09-11T11:45:41.578+0000][26480][gc,cpu       ] GC(641) User=0.00s Sys=0.00s Real=0.01s
[2020-09-11T11:45:41.578+0000][26480][safepoint    ] Safepoint "G1TryInitiateConcMark", Time since last: 127517000 ns, Reaching safepoint: 218300 ns, At safepoint: 4733500 ns, Total: 4951800 ns
[2020-09-11T11:45:41.578+0000][26480][gc           ] GC(642) Concurrent Cycle
[2020-09-11T11:45:41.578+0000][26480][gc,marking   ] GC(642) Concurrent Clear Claimed Marks
[2020-09-11T11:45:41.579+0000][26480][gc,marking   ] GC(642) Concurrent Clear Claimed Marks 0.518ms
[2020-09-11T11:45:41.579+0000][26480][gc,marking   ] GC(642) Concurrent Scan Root Regions
[2020-09-11T11:45:41.581+0000][26480][gc,marking   ] GC(642) Concurrent Scan Root Regions 2.146ms
[2020-09-11T11:45:41.581+0000][26480][gc,marking   ] GC(642) Concurrent Mark (7146.715s)
[2020-09-11T11:45:41.581+0000][26480][gc,marking   ] GC(642) Concurrent Mark From Roots
[2020-09-11T11:45:41.581+0000][26480][gc,task      ] GC(642) Using 2 workers of 2 for marking
[2020-09-11T11:45:41.696+0000][26480][gc,marking   ] GC(642) Concurrent Mark From Roots 115.466ms
[2020-09-11T11:45:41.697+0000][26480][gc,marking   ] GC(642) Concurrent Preclean
[2020-09-11T11:45:41.697+0000][26480][gc,marking   ] GC(642) Concurrent Preclean 0.434ms
[2020-09-11T11:45:41.697+0000][26480][gc,marking   ] GC(642) Concurrent Mark (7146.715s, 7146.831s) 116.049ms
[2020-09-11T11:45:41.697+0000][26480][gc,start     ] GC(642) Pause Remark
[2020-09-11T11:45:41.703+0000][26480][gc           ] GC(642) Pause Remark 290M->290M(1024M) 5.282ms
[2020-09-11T11:45:41.703+0000][26480][gc,cpu       ] GC(642) User=0.02s Sys=0.00s Real=0.01s
[2020-09-11T11:45:41.703+0000][26480][safepoint    ] Safepoint "G1Concurrent", Time since last: 119081900 ns, Reaching safepoint: 132300 ns, At safepoint: 5484300 ns, Total: 5616600 ns
[2020-09-11T11:45:41.703+0000][26480][gc,marking   ] GC(642) Concurrent Rebuild Remembered Sets
[2020-09-11T11:45:41.776+0000][26480][gc,marking   ] GC(642) Concurrent Rebuild Remembered Sets 73.725ms
[2020-09-11T11:45:41.777+0000][26480][gc,start     ] GC(642) Pause Cleanup
[2020-09-11T11:45:41.777+0000][26480][gc           ] GC(642) Pause Cleanup 362M->362M(1024M) 0.301ms
[2020-09-11T11:45:41.777+0000][26480][gc,cpu       ] GC(642) User=0.00s Sys=0.00s Real=0.00s
[2020-09-11T11:45:41.777+0000][26480][safepoint    ] Safepoint "G1Concurrent", Time since last: 73892600 ns, Reaching safepoint: 134200 ns, At safepoint: 441300 ns, Total: 575500 ns
[2020-09-11T11:45:41.777+0000][26480][gc,marking   ] GC(642) Concurrent Cleanup for Next Mark
[2020-09-11T11:45:41.778+0000][26480][gc,marking   ] GC(642) Concurrent Cleanup for Next Mark 1.265ms
[2020-09-11T11:45:41.779+0000][26480][gc           ] GC(642) Concurrent Cycle 200.638ms
[2020-09-11T11:45:42.160+0000][26480][gc,start     ] GC(643) Pause Young (Concurrent Start) (G1 Humongous Allocation)
[2020-09-11T11:45:42.160+0000][26480][gc,task      ] GC(643) Using 8 workers of 8 for evacuation
[2020-09-11T11:45:42.160+0000][26480][gc,age       ] GC(643) Desired survivor size 33554432 bytes, new threshold 15 (max threshold 15)
[2020-09-11T11:45:42.163+0000][26480][gc,age       ] GC(643) Age table with threshold 15 (max threshold 15)
[2020-09-11T11:45:42.164+0000][26480][gc,age       ] GC(643) - age   1:    2696856 bytes,    2696856 total
[2020-09-11T11:45:42.164+0000][26480][gc,age       ] GC(643) - age   2:       3184 bytes,    2700040 total
[2020-09-11T11:45:42.164+0000][26480][gc,age       ] GC(643) - age   3:       1136 bytes,    2701176 total
[2020-09-11T11:45:42.164+0000][26480][gc,age       ] GC(643) - age   4:      44912 bytes,    2746088 total
[2020-09-11T11:45:42.164+0000][26480][gc,age       ] GC(643) - age   5:        368 bytes,    2746456 total
[2020-09-11T11:45:42.164+0000][26480][gc,age       ] GC(643) - age   6:        640 bytes,    2747096 total
[2020-09-11T11:45:42.164+0000][26480][gc,age       ] GC(643) - age   7:        192 bytes,    2747288 total
[2020-09-11T11:45:42.164+0000][26480][gc,age       ] GC(643) - age   8:      20496 bytes,    2767784 total
[2020-09-11T11:45:42.164+0000][26480][gc,age       ] GC(643) - age   9:        672 bytes,    2768456 total
[2020-09-11T11:45:42.164+0000][26480][gc,age       ] GC(643) - age  10:        368 bytes,    2768824 total
[2020-09-11T11:45:42.164+0000][26480][gc,age       ] GC(643) - age  11:       3568 bytes,    2772392 total
[2020-09-11T11:45:42.164+0000][26480][gc,age       ] GC(643) - age  12:       5968 bytes,    2778360 total
[2020-09-11T11:45:42.164+0000][26480][gc,age       ] GC(643) - age  13:     100224 bytes,    2878584 total
[2020-09-11T11:45:42.164+0000][26480][gc,age       ] GC(643) - age  14:        192 bytes,    2878776 total
[2020-09-11T11:45:42.164+0000][26480][gc,age       ] GC(643) - age  15:        432 bytes,    2879208 total
[2020-09-11T11:45:42.164+0000][26480][gc,phases    ] GC(643)   Pre Evacuate Collection Set: 0.4ms
[2020-09-11T11:45:42.164+0000][26480][gc,phases    ] GC(643)   Merge Heap Roots: 0.1ms
[2020-09-11T11:45:42.164+0000][26480][gc,phases    ] GC(643)   Evacuate Collection Set: 2.1ms
[2020-09-11T11:45:42.164+0000][26480][gc,phases    ] GC(643)   Post Evacuate Collection Set: 0.8ms
[2020-09-11T11:45:42.164+0000][26480][gc,phases    ] GC(643)   Other: 1.0ms
[2020-09-11T11:45:42.164+0000][26480][gc,heap      ] GC(643) Eden regions: 52->0(504)
[2020-09-11T11:45:42.164+0000][26480][gc,heap      ] GC(643) Survivor regions: 3->3(64)
[2020-09-11T11:45:42.164+0000][26480][gc,heap      ] GC(643) Old regions: 81->81
[2020-09-11T11:45:42.164+0000][26480][gc,heap      ] GC(643) Archive regions: 0->0
[2020-09-11T11:45:42.164+0000][26480][gc,heap      ] GC(643) Humongous regions: 256->174
[2020-09-11T11:45:42.164+0000][26480][gc,metaspace ] GC(643) Metaspace: 89954K(95896K)->89954K(95896K) NonClass: 78623K(82072K)->78623K(82072K) Class: 11331K(13824K)->11331K(13824K)
[2020-09-11T11:45:42.165+0000][26480][gc           ] GC(643) Pause Young (Concurrent Start) (G1 Humongous Allocation) 389M->256M(1024M) 4.732ms
[2020-09-11T11:45:42.165+0000][26480][gc,cpu       ] GC(643) User=0.00s Sys=0.00s Real=0.00s
[2020-09-11T11:45:42.165+0000][26480][gc           ] GC(644) Concurrent Cycle
[2020-09-11T11:45:42.165+0000][26480][safepoint    ] Safepoint "G1TryInitiateConcMark", Time since last: 382379700 ns, Reaching safepoint: 210300 ns, At safepoint: 4917600 ns, Total: 5127900 ns
[2020-09-11T11:45:42.165+0000][26480][gc,marking   ] GC(644) Concurrent Clear Claimed Marks
[2020-09-11T11:45:42.165+0000][26480][gc,marking   ] GC(644) Concurrent Clear Claimed Marks 0.456ms
[2020-09-11T11:45:42.165+0000][26480][gc,marking   ] GC(644) Concurrent Scan Root Regions
[2020-09-11T11:45:42.167+0000][26480][gc,marking   ] GC(644) Concurrent Scan Root Regions 1.492ms
[2020-09-11T11:45:42.167+0000][26480][gc,marking   ] GC(644) Concurrent Mark (7147.301s)
[2020-09-11T11:45:42.167+0000][26480][gc,marking   ] GC(644) Concurrent Mark From Roots
[2020-09-11T11:45:42.167+0000][26480][gc,task      ] GC(644) Using 2 workers of 2 for marking
[2020-09-11T11:45:42.269+0000][26480][gc,marking   ] GC(644) Concurrent Mark From Roots 102.161ms
[2020-09-11T11:45:42.269+0000][26480][gc,marking   ] GC(644) Concurrent Preclean
[2020-09-11T11:45:42.270+0000][26480][gc,marking   ] GC(644) Concurrent Preclean 0.462ms
[2020-09-11T11:45:42.270+0000][26480][gc,marking   ] GC(644) Concurrent Mark (7147.301s, 7147.404s) 102.752ms
[2020-09-11T11:45:42.270+0000][26480][gc,start     ] GC(644) Pause Remark
[2020-09-11T11:45:42.276+0000][26480][gc           ] GC(644) Pause Remark 318M->318M(1024M) 6.365ms
[2020-09-11T11:45:42.276+0000][26480][gc,cpu       ] GC(644) User=0.11s Sys=0.00s Real=0.01s
[2020-09-11T11:45:42.276+0000][26480][safepoint    ] Safepoint "G1Concurrent", Time since last: 104976100 ns, Reaching safepoint: 137900 ns, At safepoint: 6596300 ns, Total: 6734200 ns
[2020-09-11T11:45:42.276+0000][26480][gc,marking   ] GC(644) Concurrent Rebuild Remembered Sets
[2020-09-11T11:45:42.356+0000][26480][gc,marking   ] GC(644) Concurrent Rebuild Remembered Sets 79.901ms
[2020-09-11T11:45:42.357+0000][26480][gc,start     ] GC(644) Pause Cleanup
[2020-09-11T11:45:42.357+0000][26480][gc           ] GC(644) Pause Cleanup 389M->389M(1024M) 0.295ms
[2020-09-11T11:45:42.357+0000][26480][gc,cpu       ] GC(644) User=0.00s Sys=0.00s Real=0.00s
[2020-09-11T11:45:42.357+0000][26480][safepoint    ] Safepoint "G1Concurrent", Time since last: 80080100 ns, Reaching safepoint: 164000 ns, At safepoint: 436400 ns, Total: 600400 ns
[2020-09-11T11:45:42.357+0000][26480][gc,marking   ] GC(644) Concurrent Cleanup for Next Mark
[2020-09-11T11:45:42.359+0000][26480][gc,marking   ] GC(644) Concurrent Cleanup for Next Mark 1.472ms
[2020-09-11T11:45:42.359+0000][26480][gc           ] GC(644) Concurrent Cycle 194.050ms
[2020-09-11T11:45:42.437+0000][26480][gc,start     ] GC(645) Pause Young (Concurrent Start) (G1 Humongous Allocation)
[2020-09-11T11:45:42.437+0000][26480][gc,task      ] GC(645) Using 8 workers of 8 for evacuation
[2020-09-11T11:45:42.438+0000][26480][gc,age       ] GC(645) Desired survivor size 33554432 bytes, new threshold 15 (max threshold 15)
[2020-09-11T11:45:42.441+0000][26480][gc,age       ] GC(645) Age table with threshold 15 (max threshold 15)
[2020-09-11T11:45:42.441+0000][26480][gc,age       ] GC(645) - age   1:    1029016 bytes,    1029016 total
[2020-09-11T11:45:42.441+0000][26480][gc,age       ] GC(645) - age   2:      18568 bytes,    1047584 total
[2020-09-11T11:45:42.441+0000][26480][gc,age       ] GC(645) - age   3:       1872 bytes,    1049456 total
[2020-09-11T11:45:42.441+0000][26480][gc,age       ] GC(645) - age   4:        440 bytes,    1049896 total
[2020-09-11T11:45:42.441+0000][26480][gc,age       ] GC(645) - age   5:      44784 bytes,    1094680 total
[2020-09-11T11:45:42.441+0000][26480][gc,age       ] GC(645) - age   6:        304 bytes,    1094984 total
[2020-09-11T11:45:42.441+0000][26480][gc,age       ] GC(645) - age   7:        608 bytes,    1095592 total
[2020-09-11T11:45:42.441+0000][26480][gc,age       ] GC(645) - age   8:        192 bytes,    1095784 total
[2020-09-11T11:45:42.441+0000][26480][gc,age       ] GC(645) - age   9:      20464 bytes,    1116248 total
[2020-09-11T11:45:42.441+0000][26480][gc,age       ] GC(645) - age  10:        608 bytes,    1116856 total
[2020-09-11T11:45:42.441+0000][26480][gc,age       ] GC(645) - age  11:        368 bytes,    1117224 total
[2020-09-11T11:45:42.441+0000][26480][gc,age       ] GC(645) - age  12:       3536 bytes,    1120760 total
[2020-09-11T11:45:42.441+0000][26480][gc,age       ] GC(645) - age  13:       5968 bytes,    1126728 total
[2020-09-11T11:45:42.441+0000][26480][gc,age       ] GC(645) - age  14:     100160 bytes,    1226888 total
